[build] 
[build] C:\Users\pperv\code\unnamed_rpg\vendor\ggml\src\ggml-cuda\mmq-vec-dot.cuh(207): warning #177-D: variable "I" was declared but never referenced
[build]       constexpr int I             = ggml_cuda_mmq_get_I(type, J, fallback);
[build]                     ^
[build]           detected during:
[build]             instantiation of "void ggml_cuda_mmq_vec_dot_q8_0_q8_1_mma<type,J,fallback,ds_layout>(const int *, const int *, float *, int) [with type=GGML_TYPE_Q5_K, J=88, fallback=true, ds_layout=MMQ_Q8_1_DS_LAYOUT_D4]" at line 716 of C:\Users\pperv\code\unnamed_rpg\vendor\ggml\src\ggml-cuda\template-instances\../mmq.cuh
[build]             instantiation of "ggml_cuda_mmq_util_funcs ggml_cuda_mmq_get_util_funcs<type,J,fallback>() [with type=GGML_TYPE_Q5_K, J=88, fallback=true]" at line 858 of C:\Users\pperv\code\unnamed_rpg\vendor\ggml\src\ggml-cuda\template-instances\../mmq.cuh
[build]             instantiation of "ggml_cuda_mmq_load_tiles_t ggml_cuda_mmq_get_load_tiles<type,J,fallback>() [with type=GGML_TYPE_Q5_K, J=88, fallback=true]" at line 885 of C:\Users\pperv\code\unnamed_rpg\vendor\ggml\src\ggml-cuda\template-instances\../mmq.cuh
[build]             instantiation of "void mul_mat_q_process_tile<type,J,fallback,fixup>(const char *, int, const int *, const int *, float *, float *, const float *, int, int, int, int, int, int, int) [with type=GGML_TYPE_Q5_K, J=88, fallback=true, fixup=false]" at line 1058 of C:\Users\pperv\code\unnamed_rpg\vendor\ggml\src\ggml-cuda\template-instances\../mmq.cuh
[build]             instantiation of "void mul_mat_q<type,J,fallback>(const char *, const int *, const int32_t *, const int32_t *, float *, float *, const float *, uint3, int, int, int, int, int, uint3, uint3, int, int, int, uint3, uint3, int, int, int, uint3) [with type=GGML_TYPE_Q5_K, J=88, fallback=true]" at line 1408 of C:\Users\pperv\code\unnamed_rpg\vendor\ggml\src\ggml-cuda\template-instances\../mmq.cuh
[build]             instantiation of "void launch_mul_mat_q<type,J,fallback>(ggml_backend_cuda_context &, const mmq_args &, cudaStream_t) [with type=GGML_TYPE_Q5_K, J=88, fallback=false]" at line 1534 of C:\Users\pperv\code\unnamed_rpg\vendor\ggml\src\ggml-cuda\template-instances\../mmq.cuh
[build]             instantiation of "void mul_mat_q_switch_J<type,fallback>(ggml_backend_cuda_context &, const mmq_args &, cudaStream_t) [with type=GGML_TYPE_Q5_K, fallback=false]" at line 1562 of C:\Users\pperv\code\unnamed_rpg\vendor\ggml\src\ggml-cuda\template-instances\../mmq.cuh
[build]             instantiation of "void mul_mat_q_case<type>(ggml_backend_cuda_context &, const mmq_args &, cudaStream_t) [with type=GGML_TYPE_Q5_K]" at line 5 of C:\Users\pperv\code\unnamed_rpg\vendor\ggml\src\ggml-cuda\template-instances\mmq-instance-q5_k.cu
[build] 
[build] C:\Users\pperv\code\unnamed_rpg\vendor\ggml\src\ggml-cuda\template-instances\../mmq.cuh(485): warning #177-D: variable "nwarps" was declared but never referenced
[build]       constexpr int nwarps        = ggml_cuda_mmq_get_nthreads(type, J, fallback) / warp_size;
[build]                     ^
[build]           detected during:
[build]             instantiation of "void ggml_cuda_mmq_write_back_mma<type,J,fallback>(const float *, const int *, float *, const float *, int, int, int) [with type=GGML_TYPE_Q5_K, J=88, fallback=true]" at line 716
[build]             instantiation of "ggml_cuda_mmq_util_funcs ggml_cuda_mmq_get_util_funcs<type,J,fallback>() [with type=GGML_TYPE_Q5_K, J=88, fallback=true]" at line 858
[build]             instantiation of "ggml_cuda_mmq_load_tiles_t ggml_cuda_mmq_get_load_tiles<type,J,fallback>() [with type=GGML_TYPE_Q5_K, J=88, fallback=true]" at line 885
[build]             instantiation of "void mul_mat_q_process_tile<type,J,fallback,fixup>(const char *, int, const int *, const int *, float *, float *, const float *, int, int, int, int, int, int, int) [with type=GGML_TYPE_Q5_K, J=88, fallback=true, fixup=false]" at line 1058
[build]             instantiation of "void mul_mat_q<type,J,fallback>(const char *, const int *, const int32_t *, const int32_t *, float *, float *, const float *, uint3, int, int, int, int, int, uint3, uint3, int, int, int, uint3, uint3, int, int, int, uint3) [with type=GGML_TYPE_Q5_K, J=88, fallback=true]" at line 1408
[build]             instantiation of "void launch_mul_mat_q<type,J,fallback>(ggml_backend_cuda_context &, const mmq_args &, cudaStream_t) [with type=GGML_TYPE_Q5_K, J=88, fallback=false]" at line 1534
[build]             instantiation of "void mul_mat_q_switch_J<type,fallback>(ggml_backend_cuda_context &, const mmq_args &, cudaStream_t) [with type=GGML_TYPE_Q5_K, fallback=false]" at line 1562
[build]             instantiation of "void mul_mat_q_case<type>(ggml_backend_cuda_context &, const mmq_args &, cudaStream_t) [with type=GGML_TYPE_Q5_K]" at line 5 of C:\Users\pperv\code\unnamed_rpg\vendor\ggml\src\ggml-cuda\template-instances\mmq-instance-q5_k.cu
[build] 
[build] C:\Users\pperv\code\unnamed_rpg\vendor\ggml\src\ggml-cuda\template-instances\../mmq.cuh(486): warning #177-D: variable "I" was declared but never referenced
[build]       constexpr int I             = ggml_cuda_mmq_get_I(type, J, fallback);
[build]                     ^
[build]           detected during:
[build]             instantiation of "void ggml_cuda_mmq_write_back_mma<type,J,fallback>(const float *, const int *, float *, const float *, int, int, int) [with type=GGML_TYPE_Q5_K, J=88, fallback=true]" at line 716
[build]             instantiation of "ggml_cuda_mmq_util_funcs ggml_cuda_mmq_get_util_funcs<type,J,fallback>() [with type=GGML_TYPE_Q5_K, J=88, fallback=true]" at line 858
[build]             instantiation of "ggml_cuda_mmq_load_tiles_t ggml_cuda_mmq_get_load_tiles<type,J,fallback>() [with type=GGML_TYPE_Q5_K, J=88, fallback=true]" at line 885
[build]             instantiation of "void mul_mat_q_process_tile<type,J,fallback,fixup>(const char *, int, const int *, const int *, float *, float *, const float *, int, int, int, int, int, int, int) [with type=GGML_TYPE_Q5_K, J=88, fallback=true, fixup=false]" at line 1058
[build]             instantiation of "void mul_mat_q<type,J,fallback>(const char *, const int *, const int32_t *, const int32_t *, float *, float *, const float *, uint3, int, int, int, int, int, uint3, uint3, int, int, int, uint3, uint3, int, int, int, uint3) [with type=GGML_TYPE_Q5_K, J=88, fallback=true]" at line 1408
[build]             instantiation of "void launch_mul_mat_q<type,J,fallback>(ggml_backend_cuda_context &, const mmq_args &, cudaStream_t) [with type=GGML_TYPE_Q5_K, J=88, fallback=false]" at line 1534
[build]             instantiation of "void mul_mat_q_switch_J<type,fallback>(ggml_backend_cuda_context &, const mmq_args &, cudaStream_t) [with type=GGML_TYPE_Q5_K, fallback=false]" at line 1562
[build]             instantiation of "void mul_mat_q_case<type>(ggml_backend_cuda_context &, const mmq_args &, cudaStream_t) [with type=GGML_TYPE_Q5_K]" at line 5 of C:\Users\pperv\code\unnamed_rpg\vendor\ggml\src\ggml-cuda\template-instances\mmq-instance-q5_k.cu
[build] 
[build] C:\Users\pperv\code\unnamed_rpg\vendor\ggml\src\ggml-cuda\mmq-vec-dot.cuh(207): warning #177-D: variable "I" was declared but never referenced
[build]       constexpr int I             = ggml_cuda_mmq_get_I(type, J, fallback);
[build]                     ^
[build]           detected during:
[build]             instantiation of "void ggml_cuda_mmq_vec_dot_q8_0_q8_1_mma<type,J,fallback,ds_layout>(const int *, const int *, float *, int) [with type=GGML_TYPE_Q5_K, J=88, fallback=true, ds_layout=MMQ_Q8_1_DS_LAYOUT_DS4]" at line 728 of C:\Users\pperv\code\unnamed_rpg\vendor\ggml\src\ggml-cuda\template-instances\../mmq.cuh
[build]             instantiation of "ggml_cuda_mmq_util_funcs ggml_cuda_mmq_get_util_funcs<type,J,fallback>() [with type=GGML_TYPE_Q5_K, J=88, fallback=true]" at line 858 of C:\Users\pperv\code\unnamed_rpg\vendor\ggml\src\ggml-cuda\template-instances\../mmq.cuh
[build]             instantiation of "ggml_cuda_mmq_load_tiles_t ggml_cuda_mmq_get_load_tiles<type,J,fallback>() [with type=GGML_TYPE_Q5_K, J=88, fallback=true]" at line 885 of C:\Users\pperv\code\unnamed_rpg\vendor\ggml\src\ggml-cuda\template-instances\../mmq.cuh
[build]             instantiation of "void mul_mat_q_process_tile<type,J,fallback,fixup>(const char *, int, const int *, const int *, float *, float *, const float *, int, int, int, int, int, int, int) [with type=GGML_TYPE_Q5_K, J=88, fallback=true, fixup=false]" at line 1058 of C:\Users\pperv\code\unnamed_rpg\vendor\ggml\src\ggml-cuda\template-instances\../mmq.cuh
[build]             instantiation of "void mul_mat_q<type,J,fallback>(const char *, const int *, const int32_t *, const int32_t *, float *, float *, const float *, uint3, int, int, int, int, int, uint3, uint3, int, int, int, uint3, uint3, int, int, int, uint3) [with type=GGML_TYPE_Q5_K, J=88, fallback=true]" at line 1408 of C:\Users\pperv\code\unnamed_rpg\vendor\ggml\src\ggml-cuda\template-instances\../mmq.cuh
[build]             instantiation of "void launch_mul_mat_q<type,J,fallback>(ggml_backend_cuda_context &, const mmq_args &, cudaStream_t) [with type=GGML_TYPE_Q5_K, J=88, fallback=false]" at line 1534 of C:\Users\pperv\code\unnamed_rpg\vendor\ggml\src\ggml-cuda\template-instances\../mmq.cuh
[build]             instantiation of "void mul_mat_q_switch_J<type,fallback>(ggml_backend_cuda_context &, const mmq_args &, cudaStream_t) [with type=GGML_TYPE_Q5_K, fallback=false]" at line 1562 of C:\Users\pperv\code\unnamed_rpg\vendor\ggml\src\ggml-cuda\template-instances\../mmq.cuh
[build]             instantiation of "void mul_mat_q_case<type>(ggml_backend_cuda_context &, const mmq_args &, cudaStream_t) [with type=GGML_TYPE_Q5_K]" at line 5 of C:\Users\pperv\code\unnamed_rpg\vendor\ggml\src\ggml-cuda\template-instances\mmq-instance-q5_k.cu
[build] 
[build] C:\Users\pperv\code\unnamed_rpg\vendor\ggml\src\ggml-cuda\mmq-vec-dot.cuh(374): warning #177-D: variable "I" was declared but never referenced
[build]       constexpr int I             = ggml_cuda_mmq_get_I(type, J, fallback);
[build]                     ^
[build]           detected during:
[build]             instantiation of "void ggml_cuda_mmq_vec_dot_q8_1_q8_1_mma<type,J,fallback>(const int *, const int *, float *, int) [with type=GGML_TYPE_Q5_K, J=88, fallback=true]" at line 734 of C:\Users\pperv\code\unnamed_rpg\vendor\ggml\src\ggml-cuda\template-instances\../mmq.cuh
[build]             instantiation of "ggml_cuda_mmq_util_funcs ggml_cuda_mmq_get_util_funcs<type,J,fallback>() [with type=GGML_TYPE_Q5_K, J=88, fallback=true]" at line 858 of C:\Users\pperv\code\unnamed_rpg\vendor\ggml\src\ggml-cuda\template-instances\../mmq.cuh
[build]             instantiation of "ggml_cuda_mmq_load_tiles_t ggml_cuda_mmq_get_load_tiles<type,J,fallback>() [with type=GGML_TYPE_Q5_K, J=88, fallback=true]" at line 885 of C:\Users\pperv\code\unnamed_rpg\vendor\ggml\src\ggml-cuda\template-instances\../mmq.cuh
[build]             instantiation of "void mul_mat_q_process_tile<type,J,fallback,fixup>(const char *, int, const int *, const int *, float *, float *, const float *, int, int, int, int, int, int, int) [with type=GGML_TYPE_Q5_K, J=88, fallback=true, fixup=false]" at line 1058 of C:\Users\pperv\code\unnamed_rpg\vendor\ggml\src\ggml-cuda\template-instances\../mmq.cuh
[build]             instantiation of "void mul_mat_q<type,J,fallback>(const char *, const int *, const int32_t *, const int32_t *, float *, float *, const float *, uint3, int, int, int, int, int, uint3, uint3, int, int, int, uint3, uint3, int, int, int, uint3) [with type=GGML_TYPE_Q5_K, J=88, fallback=true]" at line 1408 of C:\Users\pperv\code\unnamed_rpg\vendor\ggml\src\ggml-cuda\template-instances\../mmq.cuh
[build]             instantiation of "void launch_mul_mat_q<type,J,fallback>(ggml_backend_cuda_context &, const mmq_args &, cudaStream_t) [with type=GGML_TYPE_Q5_K, J=88, fallback=false]" at line 1534 of C:\Users\pperv\code\unnamed_rpg\vendor\ggml\src\ggml-cuda\template-instances\../mmq.cuh
[build]             instantiation of "void mul_mat_q_switch_J<type,fallback>(ggml_backend_cuda_context &, const mmq_args &, cudaStream_t) [with type=GGML_TYPE_Q5_K, fallback=false]" at line 1562 of C:\Users\pperv\code\unnamed_rpg\vendor\ggml\src\ggml-cuda\template-instances\../mmq.cuh
[build]             instantiation of "void mul_mat_q_case<type>(ggml_backend_cuda_context &, const mmq_args &, cudaStream_t) [with type=GGML_TYPE_Q5_K]" at line 5 of C:\Users\pperv\code\unnamed_rpg\vendor\ggml\src\ggml-cuda\template-instances\mmq-instance-q5_k.cu
[build] 
[build] C:\Users\pperv\code\unnamed_rpg\vendor\ggml\src\ggml-cuda\mmq-vec-dot.cuh(759): warning #177-D: variable "I" was declared but never referenced
[build]       constexpr int I             = ggml_cuda_mmq_get_I(type, J, fallback);
[build]                     ^
[build]           detected during:
[build]             instantiation of "void ggml_cuda_mmq_vec_dot_q2_K_q8_1_mma<type,J,fallback>(const int *, const int *, float *, int) [with type=GGML_TYPE_Q5_K, J=88, fallback=true]" at line 759 of C:\Users\pperv\code\unnamed_rpg\vendor\ggml\src\ggml-cuda\template-instances\../mmq.cuh
[build]             instantiation of "ggml_cuda_mmq_util_funcs ggml_cuda_mmq_get_util_funcs<type,J,fallback>() [with type=GGML_TYPE_Q5_K, J=88, fallback=true]" at line 858 of C:\Users\pperv\code\unnamed_rpg\vendor\ggml\src\ggml-cuda\template-instances\../mmq.cuh
[build]             instantiation of "ggml_cuda_mmq_load_tiles_t ggml_cuda_mmq_get_load_tiles<type,J,fallback>() [with type=GGML_TYPE_Q5_K, J=88, fallback=true]" at line 885 of C:\Users\pperv\code\unnamed_rpg\vendor\ggml\src\ggml-cuda\template-instances\../mmq.cuh
[build]             instantiation of "void mul_mat_q_process_tile<type,J,fallback,fixup>(const char *, int, const int *, const int *, float *, float *, const float *, int, int, int, int, int, int, int) [with type=GGML_TYPE_Q5_K, J=88, fallback=true, fixup=false]" at line 1058 of C:\Users\pperv\code\unnamed_rpg\vendor\ggml\src\ggml-cuda\template-instances\../mmq.cuh
[build]             instantiation of "void mul_mat_q<type,J,fallback>(const char *, const int *, const int32_t *, const int32_t *, float *, float *, const float *, uint3, int, int, int, int, int, uint3, uint3, int, int, int, uint3, uint3, int, int, int, uint3) [with type=GGML_TYPE_Q5_K, J=88, fallback=true]" at line 1408 of C:\Users\pperv\code\unnamed_rpg\vendor\ggml\src\ggml-cuda\template-instances\../mmq.cuh
[build]             instantiation of "void launch_mul_mat_q<type,J,fallback>(ggml_backend_cuda_context &, const mmq_args &, cudaStream_t) [with type=GGML_TYPE_Q5_K, J=88, fallback=false]" at line 1534 of C:\Users\pperv\code\unnamed_rpg\vendor\ggml\src\ggml-cuda\template-instances\../mmq.cuh
[build]             instantiation of "void mul_mat_q_switch_J<type,fallback>(ggml_backend_cuda_context &, const mmq_args &, cudaStream_t) [with type=GGML_TYPE_Q5_K, fallback=false]" at line 1562 of C:\Users\pperv\code\unnamed_rpg\vendor\ggml\src\ggml-cuda\template-instances\../mmq.cuh
[build]             instantiation of "void mul_mat_q_case<type>(ggml_backend_cuda_context &, const mmq_args &, cudaStream_t) [with type=GGML_TYPE_Q5_K]" at line 5 of C:\Users\pperv\code\unnamed_rpg\vendor\ggml\src\ggml-cuda\template-instances\mmq-instance-q5_k.cu
[build] 
[build] C:\Users\pperv\code\unnamed_rpg\vendor\ggml\src\ggml-cuda\mmq-vec-dot.cuh(540): warning #177-D: variable "I" was declared but never referenced
[build]       constexpr int I             = ggml_cuda_mmq_get_I(type, J, fallback);
[build]                     ^
[build]           detected during:
[build]             instantiation of "void ggml_cuda_mmq_vec_dot_q8_0_16_q8_1_mma<type,J,fallback>(const int *, const int *, float *, int) [with type=GGML_TYPE_Q5_K, J=88, fallback=true]" at line 765 of C:\Users\pperv\code\unnamed_rpg\vendor\ggml\src\ggml-cuda\template-instances\../mmq.cuh
[build]             instantiation of "ggml_cuda_mmq_util_funcs ggml_cuda_mmq_get_util_funcs<type,J,fallback>() [with type=GGML_TYPE_Q5_K, J=88, fallback=true]" at line 858 of C:\Users\pperv\code\unnamed_rpg\vendor\ggml\src\ggml-cuda\template-instances\../mmq.cuh
[build]             instantiation of "ggml_cuda_mmq_load_tiles_t ggml_cuda_mmq_get_load_tiles<type,J,fallback>() [with type=GGML_TYPE_Q5_K, J=88, fallback=true]" at line 885 of C:\Users\pperv\code\unnamed_rpg\vendor\ggml\src\ggml-cuda\template-instances\../mmq.cuh
[build]             instantiation of "void mul_mat_q_process_tile<type,J,fallback,fixup>(const char *, int, const int *, const int *, float *, float *, const float *, int, int, int, int, int, int, int) [with type=GGML_TYPE_Q5_K, J=88, fallback=true, fixup=false]" at line 1058 of C:\Users\pperv\code\unnamed_rpg\vendor\ggml\src\ggml-cuda\template-instances\../mmq.cuh
[build]             instantiation of "void mul_mat_q<type,J,fallback>(const char *, const int *, const int32_t *, const int32_t *, float *, float *, const float *, uint3, int, int, int, int, int, uint3, uint3, int, int, int, uint3, uint3, int, int, int, uint3) [with type=GGML_TYPE_Q5_K, J=88, fallback=true]" at line 1408 of C:\Users\pperv\code\unnamed_rpg\vendor\ggml\src\ggml-cuda\template-instances\../mmq.cuh
[build]             instantiation of "void launch_mul_mat_q<type,J,fallback>(ggml_backend_cuda_context &, const mmq_args &, cudaStream_t) [with type=GGML_TYPE_Q5_K, J=88, fallback=false]" at line 1534 of C:\Users\pperv\code\unnamed_rpg\vendor\ggml\src\ggml-cuda\template-instances\../mmq.cuh
[build]             instantiation of "void mul_mat_q_switch_J<type,fallback>(ggml_backend_cuda_context &, const mmq_args &, cudaStream_t) [with type=GGML_TYPE_Q5_K, fallback=false]" at line 1562 of C:\Users\pperv\code\unnamed_rpg\vendor\ggml\src\ggml-cuda\template-instances\../mmq.cuh
[build]             instantiation of "void mul_mat_q_case<type>(ggml_backend_cuda_context &, const mmq_args &, cudaStream_t) [with type=GGML_TYPE_Q5_K]" at line 5 of C:\Users\pperv\code\unnamed_rpg\vendor\ggml\src\ggml-cuda\template-instances\mmq-instance-q5_k.cu
[build] 
[build] C:\Users\pperv\code\unnamed_rpg\vendor\ggml\src\ggml-cuda\mmq-vec-dot.cuh(1078): warning #177-D: variable "I" was declared but never referenced
[build]       constexpr int I             = ggml_cuda_mmq_get_I(type, J, fallback);
[build]                     ^
[build]           detected during:
[build]             instantiation of "void ggml_cuda_mmq_vec_dot_q6_K_q8_1_mma<type,J,fallback>(const int *, const int *, float *, int) [with type=GGML_TYPE_Q5_K, J=88, fallback=true]" at line 783 of C:\Users\pperv\code\unnamed_rpg\vendor\ggml\src\ggml-cuda\template-instances\../mmq.cuh
[build]             instantiation of "ggml_cuda_mmq_util_funcs ggml_cuda_mmq_get_util_funcs<type,J,fallback>() [with type=GGML_TYPE_Q5_K, J=88, fallback=true]" at line 858 of C:\Users\pperv\code\unnamed_rpg\vendor\ggml\src\ggml-cuda\template-instances\../mmq.cuh
[build]             instantiation of "ggml_cuda_mmq_load_tiles_t ggml_cuda_mmq_get_load_tiles<type,J,fallback>() [with type=GGML_TYPE_Q5_K, J=88, fallback=true]" at line 885 of C:\Users\pperv\code\unnamed_rpg\vendor\ggml\src\ggml-cuda\template-instances\../mmq.cuh
[build]             instantiation of "void mul_mat_q_process_tile<type,J,fallback,fixup>(const char *, int, const int *, const int *, float *, float *, const float *, int, int, int, int, int, int, int) [with type=GGML_TYPE_Q5_K, J=88, fallback=true, fixup=false]" at line 1058 of C:\Users\pperv\code\unnamed_rpg\vendor\ggml\src\ggml-cuda\template-instances\../mmq.cuh
[build]             instantiation of "void mul_mat_q<type,J,fallback>(const char *, const int *, const int32_t *, const int32_t *, float *, float *, const float *, uint3, int, int, int, int, int, uint3, uint3, int, int, int, uint3, uint3, int, int, int, uint3) [with type=GGML_TYPE_Q5_K, J=88, fallback=true]" at line 1408 of C:\Users\pperv\code\unnamed_rpg\vendor\ggml\src\ggml-cuda\template-instances\../mmq.cuh
[build]             instantiation of "void launch_mul_mat_q<type,J,fallback>(ggml_backend_cuda_context &, const mmq_args &, cudaStream_t) [with type=GGML_TYPE_Q5_K, J=88, fallback=false]" at line 1534 of C:\Users\pperv\code\unnamed_rpg\vendor\ggml\src\ggml-cuda\template-instances\../mmq.cuh
[build]             instantiation of "void mul_mat_q_switch_J<type,fallback>(ggml_backend_cuda_context &, const mmq_args &, cudaStream_t) [with type=GGML_TYPE_Q5_K, fallback=false]" at line 1562 of C:\Users\pperv\code\unnamed_rpg\vendor\ggml\src\ggml-cuda\template-instances\../mmq.cuh
[build]             instantiation of "void mul_mat_q_case<type>(ggml_backend_cuda_context &, const mmq_args &, cudaStream_t) [with type=GGML_TYPE_Q5_K]" at line 5 of C:\Users\pperv\code\unnamed_rpg\vendor\ggml\src\ggml-cuda\template-instances\mmq-instance-q5_k.cu
[build] 
[build] C:\Users\pperv\code\unnamed_rpg\vendor\ggml\src\ggml-cuda\template-instances\../mmq.cuh(543): warning #177-D: variable "I" was declared but never referenced
[build]       constexpr int I = ggml_cuda_mmq_get_I(type, J, fallback);
[build]                     ^
[build]           detected during:
[build]             instantiation of "ggml_cuda_mmq_util_funcs ggml_cuda_mmq_get_util_funcs<type,J,fallback>() [with type=GGML_TYPE_Q5_K, J=88, fallback=true]" at line 858
[build]             instantiation of "ggml_cuda_mmq_load_tiles_t ggml_cuda_mmq_get_load_tiles<type,J,fallback>() [with type=GGML_TYPE_Q5_K, J=88, fallback=true]" at line 885
[build]             instantiation of "void mul_mat_q_process_tile<type,J,fallback,fixup>(const char *, int, const int *, const int *, float *, float *, const float *, int, int, int, int, int, int, int) [with type=GGML_TYPE_Q5_K, J=88, fallback=true, fixup=false]" at line 1058
[build]             instantiation of "void mul_mat_q<type,J,fallback>(const char *, const int *, const int32_t *, const int32_t *, float *, float *, const float *, uint3, int, int, int, int, int, uint3, uint3, int, int, int, uint3, uint3, int, int, int, uint3) [with type=GGML_TYPE_Q5_K, J=88, fallback=true]" at line 1408
[build]             instantiation of "void launch_mul_mat_q<type,J,fallback>(ggml_backend_cuda_context &, const mmq_args &, cudaStream_t) [with type=GGML_TYPE_Q5_K, J=88, fallback=false]" at line 1534
[build]             instantiation of "void mul_mat_q_switch_J<type,fallback>(ggml_backend_cuda_context &, const mmq_args &, cudaStream_t) [with type=GGML_TYPE_Q5_K, fallback=false]" at line 1562
[build]             instantiation of "void mul_mat_q_case<type>(ggml_backend_cuda_context &, const mmq_args &, cudaStream_t) [with type=GGML_TYPE_Q5_K]" at line 5 of C:\Users\pperv\code\unnamed_rpg\vendor\ggml\src\ggml-cuda\template-instances\mmq-instance-q5_k.cu
[build] 
[build] C:\Users\pperv\code\unnamed_rpg\vendor\ggml\src\ggml-cuda\mmq-vec-dot.cuh(207): warning #177-D: variable "I" was declared but never referenced
[build]       constexpr int I             = ggml_cuda_mmq_get_I(type, J, fallback);
[build]                     ^
[build]           detected during:
[build]             instantiation of "void ggml_cuda_mmq_vec_dot_q8_0_q8_1_mma<type,J,fallback,ds_layout>(const int *, const int *, float *, int) [with type=GGML_TYPE_Q5_K, J=96, fallback=false, ds_layout=MMQ_Q8_1_DS_LAYOUT_D4]" at line 716 of C:\Users\pperv\code\unnamed_rpg\vendor\ggml\src\ggml-cuda\template-instances\../mmq.cuh
[build]             instantiation of "ggml_cuda_mmq_util_funcs ggml_cuda_mmq_get_util_funcs<type,J,fallback>() [with type=GGML_TYPE_Q5_K, J=96, fallback=false]" at line 858 of C:\Users\pperv\code\unnamed_rpg\vendor\ggml\src\ggml-cuda\template-instances\../mmq.cuh
[build]             instantiation of "ggml_cuda_mmq_load_tiles_t ggml_cuda_mmq_get_load_tiles<type,J,fallback>() [with type=GGML_TYPE_Q5_K, J=96, fallback=false]" at line 885 of C:\Users\pperv\code\unnamed_rpg\vendor\ggml\src\ggml-cuda\template-instances\../mmq.cuh
[build]             instantiation of "void mul_mat_q_process_tile<type,J,fallback,fixup>(const char *, int, const int *, const int *, float *, float *, const float *, int, int, int, int, int, int, int) [with type=GGML_TYPE_Q5_K, J=96, fallback=false, fixup=false]" at line 1152 of C:\Users\pperv\code\unnamed_rpg\vendor\ggml\src\ggml-cuda\template-instances\../mmq.cuh
[build]             instantiation of "void mul_mat_q<type,J,fallback>(const char *, const int *, const int32_t *, const int32_t *, float *, float *, const float *, uint3, int, int, int, int, int, uint3, uint3, int, int, int, uint3, uint3, int, int, int, uint3) [with type=GGML_TYPE_Q5_K, J=96, fallback=false]" at line 1407 of C:\Users\pperv\code\unnamed_rpg\vendor\ggml\src\ggml-cuda\template-instances\../mmq.cuh
[build]             instantiation of "void launch_mul_mat_q<type,J,fallback>(ggml_backend_cuda_context &, const mmq_args &, cudaStream_t) [with type=GGML_TYPE_Q5_K, J=96, fallback=false]" at line 1537 of C:\Users\pperv\code\unnamed_rpg\vendor\ggml\src\ggml-cuda\template-instances\../mmq.cuh
[build]             instantiation of "void mul_mat_q_switch_J<type,fallback>(ggml_backend_cuda_context &, const mmq_args &, cudaStream_t) [with type=GGML_TYPE_Q5_K, fallback=false]" at line 1562 of C:\Users\pperv\code\unnamed_rpg\vendor\ggml\src\ggml-cuda\template-instances\../mmq.cuh
[build]             instantiation of "void mul_mat_q_case<type>(ggml_backend_cuda_context &, const mmq_args &, cudaStream_t) [with type=GGML_TYPE_Q5_K]" at line 5 of C:\Users\pperv\code\unnamed_rpg\vendor\ggml\src\ggml-cuda\template-instances\mmq-instance-q5_k.cu
[build] 
[build] C:\Users\pperv\code\unnamed_rpg\vendor\ggml\src\ggml-cuda\template-instances\../mmq.cuh(485): warning #177-D: variable "nwarps" was declared but never referenced
[build]       constexpr int nwarps        = ggml_cuda_mmq_get_nthreads(type, J, fallback) / warp_size;
[build]                     ^
[build]           detected during:
[build]             instantiation of "void ggml_cuda_mmq_write_back_mma<type,J,fallback>(const float *, const int *, float *, const float *, int, int, int) [with type=GGML_TYPE_Q5_K, J=96, fallback=false]" at line 716
[build]             instantiation of "ggml_cuda_mmq_util_funcs ggml_cuda_mmq_get_util_funcs<type,J,fallback>() [with type=GGML_TYPE_Q5_K, J=96, fallback=false]" at line 858
[build]             instantiation of "ggml_cuda_mmq_load_tiles_t ggml_cuda_mmq_get_load_tiles<type,J,fallback>() [with type=GGML_TYPE_Q5_K, J=96, fallback=false]" at line 885
[build]             instantiation of "void mul_mat_q_process_tile<type,J,fallback,fixup>(const char *, int, const int *, const int *, float *, float *, const float *, int, int, int, int, int, int, int) [with type=GGML_TYPE_Q5_K, J=96, fallback=false, fixup=false]" at line 1152
[build]             instantiation of "void mul_mat_q<type,J,fallback>(const char *, const int *, const int32_t *, const int32_t *, float *, float *, const float *, uint3, int, int, int, int, int, uint3, uint3, int, int, int, uint3, uint3, int, int, int, uint3) [with type=GGML_TYPE_Q5_K, J=96, fallback=false]" at line 1407
[build]             instantiation of "void launch_mul_mat_q<type,J,fallback>(ggml_backend_cuda_context &, const mmq_args &, cudaStream_t) [with type=GGML_TYPE_Q5_K, J=96, fallback=false]" at line 1537
[build]             instantiation of "void mul_mat_q_switch_J<type,fallback>(ggml_backend_cuda_context &, const mmq_args &, cudaStream_t) [with type=GGML_TYPE_Q5_K, fallback=false]" at line 1562
[build]             instantiation of "void mul_mat_q_case<type>(ggml_backend_cuda_context &, const mmq_args &, cudaStream_t) [with type=GGML_TYPE_Q5_K]" at line 5 of C:\Users\pperv\code\unnamed_rpg\vendor\ggml\src\ggml-cuda\template-instances\mmq-instance-q5_k.cu
[build] 
[build] C:\Users\pperv\code\unnamed_rpg\vendor\ggml\src\ggml-cuda\template-instances\../mmq.cuh(486): warning #177-D: variable "I" was declared but never referenced
[build]       constexpr int I             = ggml_cuda_mmq_get_I(type, J, fallback);
[build]                     ^
[build]           detected during:
[build]             instantiation of "void ggml_cuda_mmq_write_back_mma<type,J,fallback>(const float *, const int *, float *, const float *, int, int, int) [with type=GGML_TYPE_Q5_K, J=96, fallback=false]" at line 716
[build]             instantiation of "ggml_cuda_mmq_util_funcs ggml_cuda_mmq_get_util_funcs<type,J,fallback>() [with type=GGML_TYPE_Q5_K, J=96, fallback=false]" at line 858
[build]             instantiation of "ggml_cuda_mmq_load_tiles_t ggml_cuda_mmq_get_load_tiles<type,J,fallback>() [with type=GGML_TYPE_Q5_K, J=96, fallback=false]" at line 885
[build]             instantiation of "void mul_mat_q_process_tile<type,J,fallback,fixup>(const char *, int, const int *, const int *, float *, float *, const float *, int, int, int, int, int, int, int) [with type=GGML_TYPE_Q5_K, J=96, fallback=false, fixup=false]" at line 1152
[build]             instantiation of "void mul_mat_q<type,J,fallback>(const char *, const int *, const int32_t *, const int32_t *, float *, float *, const float *, uint3, int, int, int, int, int, uint3, uint3, int, int, int, uint3, uint3, int, int, int, uint3) [with type=GGML_TYPE_Q5_K, J=96, fallback=false]" at line 1407
[build]             instantiation of "void launch_mul_mat_q<type,J,fallback>(ggml_backend_cuda_context &, const mmq_args &, cudaStream_t) [with type=GGML_TYPE_Q5_K, J=96, fallback=false]" at line 1537
[build]             instantiation of "void mul_mat_q_switch_J<type,fallback>(ggml_backend_cuda_context &, const mmq_args &, cudaStream_t) [with type=GGML_TYPE_Q5_K, fallback=false]" at line 1562
[build]             instantiation of "void mul_mat_q_case<type>(ggml_backend_cuda_context &, const mmq_args &, cudaStream_t) [with type=GGML_TYPE_Q5_K]" at line 5 of C:\Users\pperv\code\unnamed_rpg\vendor\ggml\src\ggml-cuda\template-instances\mmq-instance-q5_k.cu
[build] 
[build] C:\Users\pperv\code\unnamed_rpg\vendor\ggml\src\ggml-cuda\mmq-vec-dot.cuh(207): warning #177-D: variable "I" was declared but never referenced
[build]       constexpr int I             = ggml_cuda_mmq_get_I(type, J, fallback);
[build]                     ^
[build]           detected during:
[build]             instantiation of "void ggml_cuda_mmq_vec_dot_q8_0_q8_1_mma<type,J,fallback,ds_layout>(const int *, const int *, float *, int) [with type=GGML_TYPE_Q5_K, J=96, fallback=false, ds_layout=MMQ_Q8_1_DS_LAYOUT_DS4]" at line 728 of C:\Users\pperv\code\unnamed_rpg\vendor\ggml\src\ggml-cuda\template-instances\../mmq.cuh
[build]             instantiation of "ggml_cuda_mmq_util_funcs ggml_cuda_mmq_get_util_funcs<type,J,fallback>() [with type=GGML_TYPE_Q5_K, J=96, fallback=false]" at line 858 of C:\Users\pperv\code\unnamed_rpg\vendor\ggml\src\ggml-cuda\template-instances\../mmq.cuh
[build]             instantiation of "ggml_cuda_mmq_load_tiles_t ggml_cuda_mmq_get_load_tiles<type,J,fallback>() [with type=GGML_TYPE_Q5_K, J=96, fallback=false]" at line 885 of C:\Users\pperv\code\unnamed_rpg\vendor\ggml\src\ggml-cuda\template-instances\../mmq.cuh
[build]             instantiation of "void mul_mat_q_process_tile<type,J,fallback,fixup>(const char *, int, const int *, const int *, float *, float *, const float *, int, int, int, int, int, int, int) [with type=GGML_TYPE_Q5_K, J=96, fallback=false, fixup=false]" at line 1152 of C:\Users\pperv\code\unnamed_rpg\vendor\ggml\src\ggml-cuda\template-instances\../mmq.cuh
[build]             instantiation of "void mul_mat_q<type,J,fallback>(const char *, const int *, const int32_t *, const int32_t *, float *, float *, const float *, uint3, int, int, int, int, int, uint3, uint3, int, int, int, uint3, uint3, int, int, int, uint3) [with type=GGML_TYPE_Q5_K, J=96, fallback=false]" at line 1407 of C:\Users\pperv\code\unnamed_rpg\vendor\ggml\src\ggml-cuda\template-instances\../mmq.cuh
[build]             instantiation of "void launch_mul_mat_q<type,J,fallback>(ggml_backend_cuda_context &, const mmq_args &, cudaStream_t) [with type=GGML_TYPE_Q5_K, J=96, fallback=false]" at line 1537 of C:\Users\pperv\code\unnamed_rpg\vendor\ggml\src\ggml-cuda\template-instances\../mmq.cuh
[build]             instantiation of "void mul_mat_q_switch_J<type,fallback>(ggml_backend_cuda_context &, const mmq_args &, cudaStream_t) [with type=GGML_TYPE_Q5_K, fallback=false]" at line 1562 of C:\Users\pperv\code\unnamed_rpg\vendor\ggml\src\ggml-cuda\template-instances\../mmq.cuh
[build]             instantiation of "void mul_mat_q_case<type>(ggml_backend_cuda_context &, const mmq_args &, cudaStream_t) [with type=GGML_TYPE_Q5_K]" at line 5 of C:\Users\pperv\code\unnamed_rpg\vendor\ggml\src\ggml-cuda\template-instances\mmq-instance-q5_k.cu
[build] 
[build] C:\Users\pperv\code\unnamed_rpg\vendor\ggml\src\ggml-cuda\mmq-vec-dot.cuh(374): warning #177-D: variable "I" was declared but never referenced
[build]       constexpr int I             = ggml_cuda_mmq_get_I(type, J, fallback);
[build]                     ^
[build]           detected during:
[build]             instantiation of "void ggml_cuda_mmq_vec_dot_q8_1_q8_1_mma<type,J,fallback>(const int *, const int *, float *, int) [with type=GGML_TYPE_Q5_K, J=96, fallback=false]" at line 734 of C:\Users\pperv\code\unnamed_rpg\vendor\ggml\src\ggml-cuda\template-instances\../mmq.cuh
[build]             instantiation of "ggml_cuda_mmq_util_funcs ggml_cuda_mmq_get_util_funcs<type,J,fallback>() [with type=GGML_TYPE_Q5_K, J=96, fallback=false]" at line 858 of C:\Users\pperv\code\unnamed_rpg\vendor\ggml\src\ggml-cuda\template-instances\../mmq.cuh
[build]             instantiation of "ggml_cuda_mmq_load_tiles_t ggml_cuda_mmq_get_load_tiles<type,J,fallback>() [with type=GGML_TYPE_Q5_K, J=96, fallback=false]" at line 885 of C:\Users\pperv\code\unnamed_rpg\vendor\ggml\src\ggml-cuda\template-instances\../mmq.cuh
[build]             instantiation of "void mul_mat_q_process_tile<type,J,fallback,fixup>(const char *, int, const int *, const int *, float *, float *, const float *, int, int, int, int, int, int, int) [with type=GGML_TYPE_Q5_K, J=96, fallback=false, fixup=false]" at line 1152 of C:\Users\pperv\code\unnamed_rpg\vendor\ggml\src\ggml-cuda\template-instances\../mmq.cuh
[build]             instantiation of "void mul_mat_q<type,J,fallback>(const char *, const int *, const int32_t *, const int32_t *, float *, float *, const float *, uint3, int, int, int, int, int, uint3, uint3, int, int, int, uint3, uint3, int, int, int, uint3) [with type=GGML_TYPE_Q5_K, J=96, fallback=false]" at line 1407 of C:\Users\pperv\code\unnamed_rpg\vendor\ggml\src\ggml-cuda\template-instances\../mmq.cuh
[build]             instantiation of "void launch_mul_mat_q<type,J,fallback>(ggml_backend_cuda_context &, const mmq_args &, cudaStream_t) [with type=GGML_TYPE_Q5_K, J=96, fallback=false]" at line 1537 of C:\Users\pperv\code\unnamed_rpg\vendor\ggml\src\ggml-cuda\template-instances\../mmq.cuh
[build]             instantiation of "void mul_mat_q_switch_J<type,fallback>(ggml_backend_cuda_context &, const mmq_args &, cudaStream_t) [with type=GGML_TYPE_Q5_K, fallback=false]" at line 1562 of C:\Users\pperv\code\unnamed_rpg\vendor\ggml\src\ggml-cuda\template-instances\../mmq.cuh
[build]             instantiation of "void mul_mat_q_case<type>(ggml_backend_cuda_context &, const mmq_args &, cudaStream_t) [with type=GGML_TYPE_Q5_K]" at line 5 of C:\Users\pperv\code\unnamed_rpg\vendor\ggml\src\ggml-cuda\template-instances\mmq-instance-q5_k.cu
[build] 
[build] C:\Users\pperv\code\unnamed_rpg\vendor\ggml\src\ggml-cuda\mmq-vec-dot.cuh(759): warning #177-D: variable "I" was declared but never referenced
[build]       constexpr int I             = ggml_cuda_mmq_get_I(type, J, fallback);
[build]                     ^
[build]           detected during:
[build]             instantiation of "void ggml_cuda_mmq_vec_dot_q2_K_q8_1_mma<type,J,fallback>(const int *, const int *, float *, int) [with type=GGML_TYPE_Q5_K, J=96, fallback=false]" at line 759 of C:\Users\pperv\code\unnamed_rpg\vendor\ggml\src\ggml-cuda\template-instances\../mmq.cuh
[build]             instantiation of "ggml_cuda_mmq_util_funcs ggml_cuda_mmq_get_util_funcs<type,J,fallback>() [with type=GGML_TYPE_Q5_K, J=96, fallback=false]" at line 858 of C:\Users\pperv\code\unnamed_rpg\vendor\ggml\src\ggml-cuda\template-instances\../mmq.cuh
[build]             instantiation of "ggml_cuda_mmq_load_tiles_t ggml_cuda_mmq_get_load_tiles<type,J,fallback>() [with type=GGML_TYPE_Q5_K, J=96, fallback=false]" at line 885 of C:\Users\pperv\code\unnamed_rpg\vendor\ggml\src\ggml-cuda\template-instances\../mmq.cuh
[build]             instantiation of "void mul_mat_q_process_tile<type,J,fallback,fixup>(const char *, int, const int *, const int *, float *, float *, const float *, int, int, int, int, int, int, int) [with type=GGML_TYPE_Q5_K, J=96, fallback=false, fixup=false]" at line 1152 of C:\Users\pperv\code\unnamed_rpg\vendor\ggml\src\ggml-cuda\template-instances\../mmq.cuh
[build]             instantiation of "void mul_mat_q<type,J,fallback>(const char *, const int *, const int32_t *, const int32_t *, float *, float *, const float *, uint3, int, int, int, int, int, uint3, uint3, int, int, int, uint3, uint3, int, int, int, uint3) [with type=GGML_TYPE_Q5_K, J=96, fallback=false]" at line 1407 of C:\Users\pperv\code\unnamed_rpg\vendor\ggml\src\ggml-cuda\template-instances\../mmq.cuh
[build]             instantiation of "void launch_mul_mat_q<type,J,fallback>(ggml_backend_cuda_context &, const mmq_args &, cudaStream_t) [with type=GGML_TYPE_Q5_K, J=96, fallback=false]" at line 1537 of C:\Users\pperv\code\unnamed_rpg\vendor\ggml\src\ggml-cuda\template-instances\../mmq.cuh
[build]             instantiation of "void mul_mat_q_switch_J<type,fallback>(ggml_backend_cuda_context &, const mmq_args &, cudaStream_t) [with type=GGML_TYPE_Q5_K, fallback=false]" at line 1562 of C:\Users\pperv\code\unnamed_rpg\vendor\ggml\src\ggml-cuda\template-instances\../mmq.cuh
[build]             instantiation of "void mul_mat_q_case<type>(ggml_backend_cuda_context &, const mmq_args &, cudaStream_t) [with type=GGML_TYPE_Q5_K]" at line 5 of C:\Users\pperv\code\unnamed_rpg\vendor\ggml\src\ggml-cuda\template-instances\mmq-instance-q5_k.cu
[build] 
[build] C:\Users\pperv\code\unnamed_rpg\vendor\ggml\src\ggml-cuda\mmq-vec-dot.cuh(540): warning #177-D: variable "I" was declared but never referenced
[build]       constexpr int I             = ggml_cuda_mmq_get_I(type, J, fallback);
[build]                     ^
[build]           detected during:
[build]             instantiation of "void ggml_cuda_mmq_vec_dot_q8_0_16_q8_1_mma<type,J,fallback>(const int *, const int *, float *, int) [with type=GGML_TYPE_Q5_K, J=96, fallback=false]" at line 765 of C:\Users\pperv\code\unnamed_rpg\vendor\ggml\src\ggml-cuda\template-instances\../mmq.cuh
[build]             instantiation of "ggml_cuda_mmq_util_funcs ggml_cuda_mmq_get_util_funcs<type,J,fallback>() [with type=GGML_TYPE_Q5_K, J=96, fallback=false]" at line 858 of C:\Users\pperv\code\unnamed_rpg\vendor\ggml\src\ggml-cuda\template-instances\../mmq.cuh
[build]             instantiation of "ggml_cuda_mmq_load_tiles_t ggml_cuda_mmq_get_load_tiles<type,J,fallback>() [with type=GGML_TYPE_Q5_K, J=96, fallback=false]" at line 885 of C:\Users\pperv\code\unnamed_rpg\vendor\ggml\src\ggml-cuda\template-instances\../mmq.cuh
[build]             instantiation of "void mul_mat_q_process_tile<type,J,fallback,fixup>(const char *, int, const int *, const int *, float *, float *, const float *, int, int, int, int, int, int, int) [with type=GGML_TYPE_Q5_K, J=96, fallback=false, fixup=false]" at line 1152 of C:\Users\pperv\code\unnamed_rpg\vendor\ggml\src\ggml-cuda\template-instances\../mmq.cuh
[build]             instantiation of "void mul_mat_q<type,J,fallback>(const char *, const int *, const int32_t *, const int32_t *, float *, float *, const float *, uint3, int, int, int, int, int, uint3, uint3, int, int, int, uint3, uint3, int, int, int, uint3) [with type=GGML_TYPE_Q5_K, J=96, fallback=false]" at line 1407 of C:\Users\pperv\code\unnamed_rpg\vendor\ggml\src\ggml-cuda\template-instances\../mmq.cuh
[build]             instantiation of "void launch_mul_mat_q<type,J,fallback>(ggml_backend_cuda_context &, const mmq_args &, cudaStream_t) [with type=GGML_TYPE_Q5_K, J=96, fallback=false]" at line 1537 of C:\Users\pperv\code\unnamed_rpg\vendor\ggml\src\ggml-cuda\template-instances\../mmq.cuh
[build]             instantiation of "void mul_mat_q_switch_J<type,fallback>(ggml_backend_cuda_context &, const mmq_args &, cudaStream_t) [with type=GGML_TYPE_Q5_K, fallback=false]" at line 1562 of C:\Users\pperv\code\unnamed_rpg\vendor\ggml\src\ggml-cuda\template-instances\../mmq.cuh
[build]             instantiation of "void mul_mat_q_case<type>(ggml_backend_cuda_context &, const mmq_args &, cudaStream_t) [with type=GGML_TYPE_Q5_K]" at line 5 of C:\Users\pperv\code\unnamed_rpg\vendor\ggml\src\ggml-cuda\template-instances\mmq-instance-q5_k.cu
[build] 
[build] C:\Users\pperv\code\unnamed_rpg\vendor\ggml\src\ggml-cuda\mmq-vec-dot.cuh(1078): warning #177-D: variable "I" was declared but never referenced
[build]       constexpr int I             = ggml_cuda_mmq_get_I(type, J, fallback);
[build]                     ^
[build]           detected during:
[build]             instantiation of "void ggml_cuda_mmq_vec_dot_q6_K_q8_1_mma<type,J,fallback>(const int *, const int *, float *, int) [with type=GGML_TYPE_Q5_K, J=96, fallback=false]" at line 783 of C:\Users\pperv\code\unnamed_rpg\vendor\ggml\src\ggml-cuda\template-instances\../mmq.cuh
[build]             instantiation of "ggml_cuda_mmq_util_funcs ggml_cuda_mmq_get_util_funcs<type,J,fallback>() [with type=GGML_TYPE_Q5_K, J=96, fallback=false]" at line 858 of C:\Users\pperv\code\unnamed_rpg\vendor\ggml\src\ggml-cuda\template-instances\../mmq.cuh
[build]             instantiation of "ggml_cuda_mmq_load_tiles_t ggml_cuda_mmq_get_load_tiles<type,J,fallback>() [with type=GGML_TYPE_Q5_K, J=96, fallback=false]" at line 885 of C:\Users\pperv\code\unnamed_rpg\vendor\ggml\src\ggml-cuda\template-instances\../mmq.cuh
[build]             instantiation of "void mul_mat_q_process_tile<type,J,fallback,fixup>(const char *, int, const int *, const int *, float *, float *, const float *, int, int, int, int, int, int, int) [with type=GGML_TYPE_Q5_K, J=96, fallback=false, fixup=false]" at line 1152 of C:\Users\pperv\code\unnamed_rpg\vendor\ggml\src\ggml-cuda\template-instances\../mmq.cuh
[build]             instantiation of "void mul_mat_q<type,J,fallback>(const char *, const int *, const int32_t *, const int32_t *, float *, float *, const float *, uint3, int, int, int, int, int, uint3, uint3, int, int, int, uint3, uint3, int, int, int, uint3) [with type=GGML_TYPE_Q5_K, J=96, fallback=false]" at line 1407 of C:\Users\pperv\code\unnamed_rpg\vendor\ggml\src\ggml-cuda\template-instances\../mmq.cuh
[build]             instantiation of "void launch_mul_mat_q<type,J,fallback>(ggml_backend_cuda_context &, const mmq_args &, cudaStream_t) [with type=GGML_TYPE_Q5_K, J=96, fallback=false]" at line 1537 of C:\Users\pperv\code\unnamed_rpg\vendor\ggml\src\ggml-cuda\template-instances\../mmq.cuh
[build]             instantiation of "void mul_mat_q_switch_J<type,fallback>(ggml_backend_cuda_context &, const mmq_args &, cudaStream_t) [with type=GGML_TYPE_Q5_K, fallback=false]" at line 1562 of C:\Users\pperv\code\unnamed_rpg\vendor\ggml\src\ggml-cuda\template-instances\../mmq.cuh
[build]             instantiation of "void mul_mat_q_case<type>(ggml_backend_cuda_context &, const mmq_args &, cudaStream_t) [with type=GGML_TYPE_Q5_K]" at line 5 of C:\Users\pperv\code\unnamed_rpg\vendor\ggml\src\ggml-cuda\template-instances\mmq-instance-q5_k.cu
[build] 
[build] C:\Users\pperv\code\unnamed_rpg\vendor\ggml\src\ggml-cuda\template-instances\../mmq.cuh(543): warning #177-D: variable "I" was declared but never referenced
[build]       constexpr int I = ggml_cuda_mmq_get_I(type, J, fallback);
[build]                     ^
[build]           detected during:
[build]             instantiation of "ggml_cuda_mmq_util_funcs ggml_cuda_mmq_get_util_funcs<type,J,fallback>() [with type=GGML_TYPE_Q5_K, J=96, fallback=false]" at line 858
[build]             instantiation of "ggml_cuda_mmq_load_tiles_t ggml_cuda_mmq_get_load_tiles<type,J,fallback>() [with type=GGML_TYPE_Q5_K, J=96, fallback=false]" at line 885
[build]             instantiation of "void mul_mat_q_process_tile<type,J,fallback,fixup>(const char *, int, const int *, const int *, float *, float *, const float *, int, int, int, int, int, int, int) [with type=GGML_TYPE_Q5_K, J=96, fallback=false, fixup=false]" at line 1152
[build]             instantiation of "void mul_mat_q<type,J,fallback>(const char *, const int *, const int32_t *, const int32_t *, float *, float *, const float *, uint3, int, int, int, int, int, uint3, uint3, int, int, int, uint3, uint3, int, int, int, uint3) [with type=GGML_TYPE_Q5_K, J=96, fallback=false]" at line 1407
[build]             instantiation of "void launch_mul_mat_q<type,J,fallback>(ggml_backend_cuda_context &, const mmq_args &, cudaStream_t) [with type=GGML_TYPE_Q5_K, J=96, fallback=false]" at line 1537
[build]             instantiation of "void mul_mat_q_switch_J<type,fallback>(ggml_backend_cuda_context &, const mmq_args &, cudaStream_t) [with type=GGML_TYPE_Q5_K, fallback=false]" at line 1562
[build]             instantiation of "void mul_mat_q_case<type>(ggml_backend_cuda_context &, const mmq_args &, cudaStream_t) [with type=GGML_TYPE_Q5_K]" at line 5 of C:\Users\pperv\code\unnamed_rpg\vendor\ggml\src\ggml-cuda\template-instances\mmq-instance-q5_k.cu
[build] 
[build] C:\Users\pperv\code\unnamed_rpg\vendor\ggml\src\ggml-cuda\mmq-vec-dot.cuh(207): warning #177-D: variable "I" was declared but never referenced
[build]       constexpr int I             = ggml_cuda_mmq_get_I(type, J, fallback);
[build]                     ^
[build]           detected during:
[build]             instantiation of "void ggml_cuda_mmq_vec_dot_q8_0_q8_1_mma<type,J,fallback,ds_layout>(const int *, const int *, float *, int) [with type=GGML_TYPE_Q5_K, J=96, fallback=true, ds_layout=MMQ_Q8_1_DS_LAYOUT_D4]" at line 716 of C:\Users\pperv\code\unnamed_rpg\vendor\ggml\src\ggml-cuda\template-instances\../mmq.cuh
[build]             instantiation of "ggml_cuda_mmq_util_funcs ggml_cuda_mmq_get_util_funcs<type,J,fallback>() [with type=GGML_TYPE_Q5_K, J=96, fallback=true]" at line 858 of C:\Users\pperv\code\unnamed_rpg\vendor\ggml\src\ggml-cuda\template-instances\../mmq.cuh
[build]             instantiation of "ggml_cuda_mmq_load_tiles_t ggml_cuda_mmq_get_load_tiles<type,J,fallback>() [with type=GGML_TYPE_Q5_K, J=96, fallback=true]" at line 885 of C:\Users\pperv\code\unnamed_rpg\vendor\ggml\src\ggml-cuda\template-instances\../mmq.cuh
[build]             instantiation of "void mul_mat_q_process_tile<type,J,fallback,fixup>(const char *, int, const int *, const int *, float *, float *, const float *, int, int, int, int, int, int, int) [with type=GGML_TYPE_Q5_K, J=96, fallback=true, fixup=false]" at line 1058 of C:\Users\pperv\code\unnamed_rpg\vendor\ggml\src\ggml-cuda\template-instances\../mmq.cuh
[build]             instantiation of "void mul_mat_q<type,J,fallback>(const char *, const int *, const int32_t *, const int32_t *, float *, float *, const float *, uint3, int, int, int, int, int, uint3, uint3, int, int, int, uint3, uint3, int, int, int, uint3) [with type=GGML_TYPE_Q5_K, J=96, fallback=true]" at line 1408 of C:\Users\pperv\code\unnamed_rpg\vendor\ggml\src\ggml-cuda\template-instances\../mmq.cuh
[build]             instantiation of "void launch_mul_mat_q<type,J,fallback>(ggml_backend_cuda_context &, const mmq_args &, cudaStream_t) [with type=GGML_TYPE_Q5_K, J=96, fallback=false]" at line 1537 of C:\Users\pperv\code\unnamed_rpg\vendor\ggml\src\ggml-cuda\template-instances\../mmq.cuh
[build]             instantiation of "void mul_mat_q_switch_J<type,fallback>(ggml_backend_cuda_context &, const mmq_args &, cudaStream_t) [with type=GGML_TYPE_Q5_K, fallback=false]" at line 1562 of C:\Users\pperv\code\unnamed_rpg\vendor\ggml\src\ggml-cuda\template-instances\../mmq.cuh
[build]             instantiation of "void mul_mat_q_case<type>(ggml_backend_cuda_context &, const mmq_args &, cudaStream_t) [with type=GGML_TYPE_Q5_K]" at line 5 of C:\Users\pperv\code\unnamed_rpg\vendor\ggml\src\ggml-cuda\template-instances\mmq-instance-q5_k.cu
[build] 
[build] C:\Users\pperv\code\unnamed_rpg\vendor\ggml\src\ggml-cuda\template-instances\../mmq.cuh(485): warning #177-D: variable "nwarps" was declared but never referenced
[build]       constexpr int nwarps        = ggml_cuda_mmq_get_nthreads(type, J, fallback) / warp_size;
[build]                     ^
[build]           detected during:
[build]             instantiation of "void ggml_cuda_mmq_write_back_mma<type,J,fallback>(const float *, const int *, float *, const float *, int, int, int) [with type=GGML_TYPE_Q5_K, J=96, fallback=true]" at line 716
[build]             instantiation of "ggml_cuda_mmq_util_funcs ggml_cuda_mmq_get_util_funcs<type,J,fallback>() [with type=GGML_TYPE_Q5_K, J=96, fallback=true]" at line 858
[build]             instantiation of "ggml_cuda_mmq_load_tiles_t ggml_cuda_mmq_get_load_tiles<type,J,fallback>() [with type=GGML_TYPE_Q5_K, J=96, fallback=true]" at line 885
[build]             instantiation of "void mul_mat_q_process_tile<type,J,fallback,fixup>(const char *, int, const int *, const int *, float *, float *, const float *, int, int, int, int, int, int, int) [with type=GGML_TYPE_Q5_K, J=96, fallback=true, fixup=false]" at line 1058
[build]             instantiation of "void mul_mat_q<type,J,fallback>(const char *, const int *, const int32_t *, const int32_t *, float *, float *, const float *, uint3, int, int, int, int, int, uint3, uint3, int, int, int, uint3, uint3, int, int, int, uint3) [with type=GGML_TYPE_Q5_K, J=96, fallback=true]" at line 1408
[build]             instantiation of "void launch_mul_mat_q<type,J,fallback>(ggml_backend_cuda_context &, const mmq_args &, cudaStream_t) [with type=GGML_TYPE_Q5_K, J=96, fallback=false]" at line 1537
[build]             instantiation of "void mul_mat_q_switch_J<type,fallback>(ggml_backend_cuda_context &, const mmq_args &, cudaStream_t) [with type=GGML_TYPE_Q5_K, fallback=false]" at line 1562
[build]             instantiation of "void mul_mat_q_case<type>(ggml_backend_cuda_context &, const mmq_args &, cudaStream_t) [with type=GGML_TYPE_Q5_K]" at line 5 of C:\Users\pperv\code\unnamed_rpg\vendor\ggml\src\ggml-cuda\template-instances\mmq-instance-q5_k.cu
[build] 
[build] C:\Users\pperv\code\unnamed_rpg\vendor\ggml\src\ggml-cuda\template-instances\../mmq.cuh(486): warning #177-D: variable "I" was declared but never referenced
[build]       constexpr int I             = ggml_cuda_mmq_get_I(type, J, fallback);
[build]                     ^
[build]           detected during:
[build]             instantiation of "void ggml_cuda_mmq_write_back_mma<type,J,fallback>(const float *, const int *, float *, const float *, int, int, int) [with type=GGML_TYPE_Q5_K, J=96, fallback=true]" at line 716
[build]             instantiation of "ggml_cuda_mmq_util_funcs ggml_cuda_mmq_get_util_funcs<type,J,fallback>() [with type=GGML_TYPE_Q5_K, J=96, fallback=true]" at line 858
[build]             instantiation of "ggml_cuda_mmq_load_tiles_t ggml_cuda_mmq_get_load_tiles<type,J,fallback>() [with type=GGML_TYPE_Q5_K, J=96, fallback=true]" at line 885
[build]             instantiation of "void mul_mat_q_process_tile<type,J,fallback,fixup>(const char *, int, const int *, const int *, float *, float *, const float *, int, int, int, int, int, int, int) [with type=GGML_TYPE_Q5_K, J=96, fallback=true, fixup=false]" at line 1058
[build]             instantiation of "void mul_mat_q<type,J,fallback>(const char *, const int *, const int32_t *, const int32_t *, float *, float *, const float *, uint3, int, int, int, int, int, uint3, uint3, int, int, int, uint3, uint3, int, int, int, uint3) [with type=GGML_TYPE_Q5_K, J=96, fallback=true]" at line 1408
[build]             instantiation of "void launch_mul_mat_q<type,J,fallback>(ggml_backend_cuda_context &, const mmq_args &, cudaStream_t) [with type=GGML_TYPE_Q5_K, J=96, fallback=false]" at line 1537
[build]             instantiation of "void mul_mat_q_switch_J<type,fallback>(ggml_backend_cuda_context &, const mmq_args &, cudaStream_t) [with type=GGML_TYPE_Q5_K, fallback=false]" at line 1562
[build]             instantiation of "void mul_mat_q_case<type>(ggml_backend_cuda_context &, const mmq_args &, cudaStream_t) [with type=GGML_TYPE_Q5_K]" at line 5 of C:\Users\pperv\code\unnamed_rpg\vendor\ggml\src\ggml-cuda\template-instances\mmq-instance-q5_k.cu
[build] 
[build] C:\Users\pperv\code\unnamed_rpg\vendor\ggml\src\ggml-cuda\mmq-vec-dot.cuh(207): warning #177-D: variable "I" was declared but never referenced
[build]       constexpr int I             = ggml_cuda_mmq_get_I(type, J, fallback);
[build]                     ^
[build]           detected during:
[build]             instantiation of "void ggml_cuda_mmq_vec_dot_q8_0_q8_1_mma<type,J,fallback,ds_layout>(const int *, const int *, float *, int) [with type=GGML_TYPE_Q5_K, J=96, fallback=true, ds_layout=MMQ_Q8_1_DS_LAYOUT_DS4]" at line 728 of C:\Users\pperv\code\unnamed_rpg\vendor\ggml\src\ggml-cuda\template-instances\../mmq.cuh
[build]             instantiation of "ggml_cuda_mmq_util_funcs ggml_cuda_mmq_get_util_funcs<type,J,fallback>() [with type=GGML_TYPE_Q5_K, J=96, fallback=true]" at line 858 of C:\Users\pperv\code\unnamed_rpg\vendor\ggml\src\ggml-cuda\template-instances\../mmq.cuh
[build]             instantiation of "ggml_cuda_mmq_load_tiles_t ggml_cuda_mmq_get_load_tiles<type,J,fallback>() [with type=GGML_TYPE_Q5_K, J=96, fallback=true]" at line 885 of C:\Users\pperv\code\unnamed_rpg\vendor\ggml\src\ggml-cuda\template-instances\../mmq.cuh
[build]             instantiation of "void mul_mat_q_process_tile<type,J,fallback,fixup>(const char *, int, const int *, const int *, float *, float *, const float *, int, int, int, int, int, int, int) [with type=GGML_TYPE_Q5_K, J=96, fallback=true, fixup=false]" at line 1058 of C:\Users\pperv\code\unnamed_rpg\vendor\ggml\src\ggml-cuda\template-instances\../mmq.cuh
[build]             instantiation of "void mul_mat_q<type,J,fallback>(const char *, const int *, const int32_t *, const int32_t *, float *, float *, const float *, uint3, int, int, int, int, int, uint3, uint3, int, int, int, uint3, uint3, int, int, int, uint3) [with type=GGML_TYPE_Q5_K, J=96, fallback=true]" at line 1408 of C:\Users\pperv\code\unnamed_rpg\vendor\ggml\src\ggml-cuda\template-instances\../mmq.cuh
[build]             instantiation of "void launch_mul_mat_q<type,J,fallback>(ggml_backend_cuda_context &, const mmq_args &, cudaStream_t) [with type=GGML_TYPE_Q5_K, J=96, fallback=false]" at line 1537 of C:\Users\pperv\code\unnamed_rpg\vendor\ggml\src\ggml-cuda\template-instances\../mmq.cuh
[build]             instantiation of "void mul_mat_q_switch_J<type,fallback>(ggml_backend_cuda_context &, const mmq_args &, cudaStream_t) [with type=GGML_TYPE_Q5_K, fallback=false]" at line 1562 of C:\Users\pperv\code\unnamed_rpg\vendor\ggml\src\ggml-cuda\template-instances\../mmq.cuh
[build]             instantiation of "void mul_mat_q_case<type>(ggml_backend_cuda_context &, const mmq_args &, cudaStream_t) [with type=GGML_TYPE_Q5_K]" at line 5 of C:\Users\pperv\code\unnamed_rpg\vendor\ggml\src\ggml-cuda\template-instances\mmq-instance-q5_k.cu
[build] 
[build] C:\Users\pperv\code\unnamed_rpg\vendor\ggml\src\ggml-cuda\mmq-vec-dot.cuh(374): warning #177-D: variable "I" was declared but never referenced
[build]       constexpr int I             = ggml_cuda_mmq_get_I(type, J, fallback);
[build]                     ^
[build]           detected during:
[build]             instantiation of "void ggml_cuda_mmq_vec_dot_q8_1_q8_1_mma<type,J,fallback>(const int *, const int *, float *, int) [with type=GGML_TYPE_Q5_K, J=96, fallback=true]" at line 734 of C:\Users\pperv\code\unnamed_rpg\vendor\ggml\src\ggml-cuda\template-instances\../mmq.cuh
[build]             instantiation of "ggml_cuda_mmq_util_funcs ggml_cuda_mmq_get_util_funcs<type,J,fallback>() [with type=GGML_TYPE_Q5_K, J=96, fallback=true]" at line 858 of C:\Users\pperv\code\unnamed_rpg\vendor\ggml\src\ggml-cuda\template-instances\../mmq.cuh
[build]             instantiation of "ggml_cuda_mmq_load_tiles_t ggml_cuda_mmq_get_load_tiles<type,J,fallback>() [with type=GGML_TYPE_Q5_K, J=96, fallback=true]" at line 885 of C:\Users\pperv\code\unnamed_rpg\vendor\ggml\src\ggml-cuda\template-instances\../mmq.cuh
[build]             instantiation of "void mul_mat_q_process_tile<type,J,fallback,fixup>(const char *, int, const int *, const int *, float *, float *, const float *, int, int, int, int, int, int, int) [with type=GGML_TYPE_Q5_K, J=96, fallback=true, fixup=false]" at line 1058 of C:\Users\pperv\code\unnamed_rpg\vendor\ggml\src\ggml-cuda\template-instances\../mmq.cuh
[build]             instantiation of "void mul_mat_q<type,J,fallback>(const char *, const int *, const int32_t *, const int32_t *, float *, float *, const float *, uint3, int, int, int, int, int, uint3, uint3, int, int, int, uint3, uint3, int, int, int, uint3) [with type=GGML_TYPE_Q5_K, J=96, fallback=true]" at line 1408 of C:\Users\pperv\code\unnamed_rpg\vendor\ggml\src\ggml-cuda\template-instances\../mmq.cuh
[build]             instantiation of "void launch_mul_mat_q<type,J,fallback>(ggml_backend_cuda_context &, const mmq_args &, cudaStream_t) [with type=GGML_TYPE_Q5_K, J=96, fallback=false]" at line 1537 of C:\Users\pperv\code\unnamed_rpg\vendor\ggml\src\ggml-cuda\template-instances\../mmq.cuh
[build]             instantiation of "void mul_mat_q_switch_J<type,fallback>(ggml_backend_cuda_context &, const mmq_args &, cudaStream_t) [with type=GGML_TYPE_Q5_K, fallback=false]" at line 1562 of C:\Users\pperv\code\unnamed_rpg\vendor\ggml\src\ggml-cuda\template-instances\../mmq.cuh
[build]             instantiation of "void mul_mat_q_case<type>(ggml_backend_cuda_context &, const mmq_args &, cudaStream_t) [with type=GGML_TYPE_Q5_K]" at line 5 of C:\Users\pperv\code\unnamed_rpg\vendor\ggml\src\ggml-cuda\template-instances\mmq-instance-q5_k.cu
[build] 
[build] C:\Users\pperv\code\unnamed_rpg\vendor\ggml\src\ggml-cuda\mmq-vec-dot.cuh(759): warning #177-D: variable "I" was declared but never referenced
[build]       constexpr int I             = ggml_cuda_mmq_get_I(type, J, fallback);
[build]                     ^
[build]           detected during:
[build]             instantiation of "void ggml_cuda_mmq_vec_dot_q2_K_q8_1_mma<type,J,fallback>(const int *, const int *, float *, int) [with type=GGML_TYPE_Q5_K, J=96, fallback=true]" at line 759 of C:\Users\pperv\code\unnamed_rpg\vendor\ggml\src\ggml-cuda\template-instances\../mmq.cuh
[build]             instantiation of "ggml_cuda_mmq_util_funcs ggml_cuda_mmq_get_util_funcs<type,J,fallback>() [with type=GGML_TYPE_Q5_K, J=96, fallback=true]" at line 858 of C:\Users\pperv\code\unnamed_rpg\vendor\ggml\src\ggml-cuda\template-instances\../mmq.cuh
[build]             instantiation of "ggml_cuda_mmq_load_tiles_t ggml_cuda_mmq_get_load_tiles<type,J,fallback>() [with type=GGML_TYPE_Q5_K, J=96, fallback=true]" at line 885 of C:\Users\pperv\code\unnamed_rpg\vendor\ggml\src\ggml-cuda\template-instances\../mmq.cuh
[build]             instantiation of "void mul_mat_q_process_tile<type,J,fallback,fixup>(const char *, int, const int *, const int *, float *, float *, const float *, int, int, int, int, int, int, int) [with type=GGML_TYPE_Q5_K, J=96, fallback=true, fixup=false]" at line 1058 of C:\Users\pperv\code\unnamed_rpg\vendor\ggml\src\ggml-cuda\template-instances\../mmq.cuh
[build]             instantiation of "void mul_mat_q<type,J,fallback>(const char *, const int *, const int32_t *, const int32_t *, float *, float *, const float *, uint3, int, int, int, int, int, uint3, uint3, int, int, int, uint3, uint3, int, int, int, uint3) [with type=GGML_TYPE_Q5_K, J=96, fallback=true]" at line 1408 of C:\Users\pperv\code\unnamed_rpg\vendor\ggml\src\ggml-cuda\template-instances\../mmq.cuh
[build]             instantiation of "void launch_mul_mat_q<type,J,fallback>(ggml_backend_cuda_context &, const mmq_args &, cudaStream_t) [with type=GGML_TYPE_Q5_K, J=96, fallback=false]" at line 1537 of C:\Users\pperv\code\unnamed_rpg\vendor\ggml\src\ggml-cuda\template-instances\../mmq.cuh
[build]             instantiation of "void mul_mat_q_switch_J<type,fallback>(ggml_backend_cuda_context &, const mmq_args &, cudaStream_t) [with type=GGML_TYPE_Q5_K, fallback=false]" at line 1562 of C:\Users\pperv\code\unnamed_rpg\vendor\ggml\src\ggml-cuda\template-instances\../mmq.cuh
[build]             instantiation of "void mul_mat_q_case<type>(ggml_backend_cuda_context &, const mmq_args &, cudaStream_t) [with type=GGML_TYPE_Q5_K]" at line 5 of C:\Users\pperv\code\unnamed_rpg\vendor\ggml\src\ggml-cuda\template-instances\mmq-instance-q5_k.cu
[build] 
[build] C:\Users\pperv\code\unnamed_rpg\vendor\ggml\src\ggml-cuda\mmq-vec-dot.cuh(540): warning #177-D: variable "I" was declared but never referenced
[build]       constexpr int I             = ggml_cuda_mmq_get_I(type, J, fallback);
[build]                     ^
[build]           detected during:
[build]             instantiation of "void ggml_cuda_mmq_vec_dot_q8_0_16_q8_1_mma<type,J,fallback>(const int *, const int *, float *, int) [with type=GGML_TYPE_Q5_K, J=96, fallback=true]" at line 765 of C:\Users\pperv\code\unnamed_rpg\vendor\ggml\src\ggml-cuda\template-instances\../mmq.cuh
[build]             instantiation of "ggml_cuda_mmq_util_funcs ggml_cuda_mmq_get_util_funcs<type,J,fallback>() [with type=GGML_TYPE_Q5_K, J=96, fallback=true]" at line 858 of C:\Users\pperv\code\unnamed_rpg\vendor\ggml\src\ggml-cuda\template-instances\../mmq.cuh
[build]             instantiation of "ggml_cuda_mmq_load_tiles_t ggml_cuda_mmq_get_load_tiles<type,J,fallback>() [with type=GGML_TYPE_Q5_K, J=96, fallback=true]" at line 885 of C:\Users\pperv\code\unnamed_rpg\vendor\ggml\src\ggml-cuda\template-instances\../mmq.cuh
[build]             instantiation of "void mul_mat_q_process_tile<type,J,fallback,fixup>(const char *, int, const int *, const int *, float *, float *, const float *, int, int, int, int, int, int, int) [with type=GGML_TYPE_Q5_K, J=96, fallback=true, fixup=false]" at line 1058 of C:\Users\pperv\code\unnamed_rpg\vendor\ggml\src\ggml-cuda\template-instances\../mmq.cuh
[build]             instantiation of "void mul_mat_q<type,J,fallback>(const char *, const int *, const int32_t *, const int32_t *, float *, float *, const float *, uint3, int, int, int, int, int, uint3, uint3, int, int, int, uint3, uint3, int, int, int, uint3) [with type=GGML_TYPE_Q5_K, J=96, fallback=true]" at line 1408 of C:\Users\pperv\code\unnamed_rpg\vendor\ggml\src\ggml-cuda\template-instances\../mmq.cuh
[build]             instantiation of "void launch_mul_mat_q<type,J,fallback>(ggml_backend_cuda_context &, const mmq_args &, cudaStream_t) [with type=GGML_TYPE_Q5_K, J=96, fallback=false]" at line 1537 of C:\Users\pperv\code\unnamed_rpg\vendor\ggml\src\ggml-cuda\template-instances\../mmq.cuh
[build]             instantiation of "void mul_mat_q_switch_J<type,fallback>(ggml_backend_cuda_context &, const mmq_args &, cudaStream_t) [with type=GGML_TYPE_Q5_K, fallback=false]" at line 1562 of C:\Users\pperv\code\unnamed_rpg\vendor\ggml\src\ggml-cuda\template-instances\../mmq.cuh
[build]             instantiation of "void mul_mat_q_case<type>(ggml_backend_cuda_context &, const mmq_args &, cudaStream_t) [with type=GGML_TYPE_Q5_K]" at line 5 of C:\Users\pperv\code\unnamed_rpg\vendor\ggml\src\ggml-cuda\template-instances\mmq-instance-q5_k.cu
[build] 
[build] C:\Users\pperv\code\unnamed_rpg\vendor\ggml\src\ggml-cuda\mmq-vec-dot.cuh(1078): warning #177-D: variable "I" was declared but never referenced
[build]       constexpr int I             = ggml_cuda_mmq_get_I(type, J, fallback);
[build]                     ^
[build]           detected during:
[build]             instantiation of "void ggml_cuda_mmq_vec_dot_q6_K_q8_1_mma<type,J,fallback>(const int *, const int *, float *, int) [with type=GGML_TYPE_Q5_K, J=96, fallback=true]" at line 783 of C:\Users\pperv\code\unnamed_rpg\vendor\ggml\src\ggml-cuda\template-instances\../mmq.cuh
[build]             instantiation of "ggml_cuda_mmq_util_funcs ggml_cuda_mmq_get_util_funcs<type,J,fallback>() [with type=GGML_TYPE_Q5_K, J=96, fallback=true]" at line 858 of C:\Users\pperv\code\unnamed_rpg\vendor\ggml\src\ggml-cuda\template-instances\../mmq.cuh
[build]             instantiation of "ggml_cuda_mmq_load_tiles_t ggml_cuda_mmq_get_load_tiles<type,J,fallback>() [with type=GGML_TYPE_Q5_K, J=96, fallback=true]" at line 885 of C:\Users\pperv\code\unnamed_rpg\vendor\ggml\src\ggml-cuda\template-instances\../mmq.cuh
[build]             instantiation of "void mul_mat_q_process_tile<type,J,fallback,fixup>(const char *, int, const int *, const int *, float *, float *, const float *, int, int, int, int, int, int, int) [with type=GGML_TYPE_Q5_K, J=96, fallback=true, fixup=false]" at line 1058 of C:\Users\pperv\code\unnamed_rpg\vendor\ggml\src\ggml-cuda\template-instances\../mmq.cuh
[build]             instantiation of "void mul_mat_q<type,J,fallback>(const char *, const int *, const int32_t *, const int32_t *, float *, float *, const float *, uint3, int, int, int, int, int, uint3, uint3, int, int, int, uint3, uint3, int, int, int, uint3) [with type=GGML_TYPE_Q5_K, J=96, fallback=true]" at line 1408 of C:\Users\pperv\code\unnamed_rpg\vendor\ggml\src\ggml-cuda\template-instances\../mmq.cuh
[build]             instantiation of "void launch_mul_mat_q<type,J,fallback>(ggml_backend_cuda_context &, const mmq_args &, cudaStream_t) [with type=GGML_TYPE_Q5_K, J=96, fallback=false]" at line 1537 of C:\Users\pperv\code\unnamed_rpg\vendor\ggml\src\ggml-cuda\template-instances\../mmq.cuh
[build]             instantiation of "void mul_mat_q_switch_J<type,fallback>(ggml_backend_cuda_context &, const mmq_args &, cudaStream_t) [with type=GGML_TYPE_Q5_K, fallback=false]" at line 1562 of C:\Users\pperv\code\unnamed_rpg\vendor\ggml\src\ggml-cuda\template-instances\../mmq.cuh
[build]             instantiation of "void mul_mat_q_case<type>(ggml_backend_cuda_context &, const mmq_args &, cudaStream_t) [with type=GGML_TYPE_Q5_K]" at line 5 of C:\Users\pperv\code\unnamed_rpg\vendor\ggml\src\ggml-cuda\template-instances\mmq-instance-q5_k.cu
[build] 
[build] C:\Users\pperv\code\unnamed_rpg\vendor\ggml\src\ggml-cuda\template-instances\../mmq.cuh(543): warning #177-D: variable "I" was declared but never referenced
[build]       constexpr int I = ggml_cuda_mmq_get_I(type, J, fallback);
[build]                     ^
[build]           detected during:
[build]             instantiation of "ggml_cuda_mmq_util_funcs ggml_cuda_mmq_get_util_funcs<type,J,fallback>() [with type=GGML_TYPE_Q5_K, J=96, fallback=true]" at line 858
[build]             instantiation of "ggml_cuda_mmq_load_tiles_t ggml_cuda_mmq_get_load_tiles<type,J,fallback>() [with type=GGML_TYPE_Q5_K, J=96, fallback=true]" at line 885
[build]             instantiation of "void mul_mat_q_process_tile<type,J,fallback,fixup>(const char *, int, const int *, const int *, float *, float *, const float *, int, int, int, int, int, int, int) [with type=GGML_TYPE_Q5_K, J=96, fallback=true, fixup=false]" at line 1058
[build]             instantiation of "void mul_mat_q<type,J,fallback>(const char *, const int *, const int32_t *, const int32_t *, float *, float *, const float *, uint3, int, int, int, int, int, uint3, uint3, int, int, int, uint3, uint3, int, int, int, uint3) [with type=GGML_TYPE_Q5_K, J=96, fallback=true]" at line 1408
[build]             instantiation of "void launch_mul_mat_q<type,J,fallback>(ggml_backend_cuda_context &, const mmq_args &, cudaStream_t) [with type=GGML_TYPE_Q5_K, J=96, fallback=false]" at line 1537
[build]             instantiation of "void mul_mat_q_switch_J<type,fallback>(ggml_backend_cuda_context &, const mmq_args &, cudaStream_t) [with type=GGML_TYPE_Q5_K, fallback=false]" at line 1562
[build]             instantiation of "void mul_mat_q_case<type>(ggml_backend_cuda_context &, const mmq_args &, cudaStream_t) [with type=GGML_TYPE_Q5_K]" at line 5 of C:\Users\pperv\code\unnamed_rpg\vendor\ggml\src\ggml-cuda\template-instances\mmq-instance-q5_k.cu
[build] 
[build] C:\Users\pperv\code\unnamed_rpg\vendor\ggml\src\ggml-cuda\mmq-vec-dot.cuh(207): warning #177-D: variable "I" was declared but never referenced
[build]       constexpr int I             = ggml_cuda_mmq_get_I(type, J, fallback);
[build]                     ^
[build]           detected during:
[build]             instantiation of "void ggml_cuda_mmq_vec_dot_q8_0_q8_1_mma<type,J,fallback,ds_layout>(const int *, const int *, float *, int) [with type=GGML_TYPE_Q5_K, J=104, fallback=false, ds_layout=MMQ_Q8_1_DS_LAYOUT_D4]" at line 716 of C:\Users\pperv\code\unnamed_rpg\vendor\ggml\src\ggml-cuda\template-instances\../mmq.cuh
[build]             instantiation of "ggml_cuda_mmq_util_funcs ggml_cuda_mmq_get_util_funcs<type,J,fallback>() [with type=GGML_TYPE_Q5_K, J=104, fallback=false]" at line 858 of C:\Users\pperv\code\unnamed_rpg\vendor\ggml\src\ggml-cuda\template-instances\../mmq.cuh
[build]             instantiation of "ggml_cuda_mmq_load_tiles_t ggml_cuda_mmq_get_load_tiles<type,J,fallback>() [with type=GGML_TYPE_Q5_K, J=104, fallback=false]" at line 885 of C:\Users\pperv\code\unnamed_rpg\vendor\ggml\src\ggml-cuda\template-instances\../mmq.cuh
[build]             instantiation of "void mul_mat_q_process_tile<type,J,fallback,fixup>(const char *, int, const int *, const int *, float *, float *, const float *, int, int, int, int, int, int, int) [with type=GGML_TYPE_Q5_K, J=104, fallback=false, fixup=false]" at line 1058 of C:\Users\pperv\code\unnamed_rpg\vendor\ggml\src\ggml-cuda\template-instances\../mmq.cuh
[build]             instantiation of "void mul_mat_q<type,J,fallback>(const char *, const int *, const int32_t *, const int32_t *, float *, float *, const float *, uint3, int, int, int, int, int, uint3, uint3, int, int, int, uint3, uint3, int, int, int, uint3) [with type=GGML_TYPE_Q5_K, J=104, fallback=false]" at line 1407 of C:\Users\pperv\code\unnamed_rpg\vendor\ggml\src\ggml-cuda\template-instances\../mmq.cuh
[build]             instantiation of "void launch_mul_mat_q<type,J,fallback>(ggml_backend_cuda_context &, const mmq_args &, cudaStream_t) [with type=GGML_TYPE_Q5_K, J=104, fallback=false]" at line 1540 of C:\Users\pperv\code\unnamed_rpg\vendor\ggml\src\ggml-cuda\template-instances\../mmq.cuh
[build]             instantiation of "void mul_mat_q_switch_J<type,fallback>(ggml_backend_cuda_context &, const mmq_args &, cudaStream_t) [with type=GGML_TYPE_Q5_K, fallback=false]" at line 1562 of C:\Users\pperv\code\unnamed_rpg\vendor\ggml\src\ggml-cuda\template-instances\../mmq.cuh
[build]             instantiation of "void mul_mat_q_case<type>(ggml_backend_cuda_context &, const mmq_args &, cudaStream_t) [with type=GGML_TYPE_Q5_K]" at line 5 of C:\Users\pperv\code\unnamed_rpg\vendor\ggml\src\ggml-cuda\template-instances\mmq-instance-q5_k.cu
[build] 
[build] C:\Users\pperv\code\unnamed_rpg\vendor\ggml\src\ggml-cuda\template-instances\../mmq.cuh(485): warning #177-D: variable "nwarps" was declared but never referenced
[build]       constexpr int nwarps        = ggml_cuda_mmq_get_nthreads(type, J, fallback) / warp_size;
[build]                     ^
[build]           detected during:
[build]             instantiation of "void ggml_cuda_mmq_write_back_mma<type,J,fallback>(const float *, const int *, float *, const float *, int, int, int) [with type=GGML_TYPE_Q5_K, J=104, fallback=false]" at line 716
[build]             instantiation of "ggml_cuda_mmq_util_funcs ggml_cuda_mmq_get_util_funcs<type,J,fallback>() [with type=GGML_TYPE_Q5_K, J=104, fallback=false]" at line 858
[build]             instantiation of "ggml_cuda_mmq_load_tiles_t ggml_cuda_mmq_get_load_tiles<type,J,fallback>() [with type=GGML_TYPE_Q5_K, J=104, fallback=false]" at line 885
[build]             instantiation of "void mul_mat_q_process_tile<type,J,fallback,fixup>(const char *, int, const int *, const int *, float *, float *, const float *, int, int, int, int, int, int, int) [with type=GGML_TYPE_Q5_K, J=104, fallback=false, fixup=false]" at line 1058
[build]             instantiation of "void mul_mat_q<type,J,fallback>(const char *, const int *, const int32_t *, const int32_t *, float *, float *, const float *, uint3, int, int, int, int, int, uint3, uint3, int, int, int, uint3, uint3, int, int, int, uint3) [with type=GGML_TYPE_Q5_K, J=104, fallback=false]" at line 1407
[build]             instantiation of "void launch_mul_mat_q<type,J,fallback>(ggml_backend_cuda_context &, const mmq_args &, cudaStream_t) [with type=GGML_TYPE_Q5_K, J=104, fallback=false]" at line 1540
[build]             instantiation of "void mul_mat_q_switch_J<type,fallback>(ggml_backend_cuda_context &, const mmq_args &, cudaStream_t) [with type=GGML_TYPE_Q5_K, fallback=false]" at line 1562
[build]             instantiation of "void mul_mat_q_case<type>(ggml_backend_cuda_context &, const mmq_args &, cudaStream_t) [with type=GGML_TYPE_Q5_K]" at line 5 of C:\Users\pperv\code\unnamed_rpg\vendor\ggml\src\ggml-cuda\template-instances\mmq-instance-q5_k.cu
[build] 
[build] C:\Users\pperv\code\unnamed_rpg\vendor\ggml\src\ggml-cuda\template-instances\../mmq.cuh(486): warning #177-D: variable "I" was declared but never referenced
[build]       constexpr int I             = ggml_cuda_mmq_get_I(type, J, fallback);
[build]                     ^
[build]           detected during:
[build]             instantiation of "void ggml_cuda_mmq_write_back_mma<type,J,fallback>(const float *, const int *, float *, const float *, int, int, int) [with type=GGML_TYPE_Q5_K, J=104, fallback=false]" at line 716
[build]             instantiation of "ggml_cuda_mmq_util_funcs ggml_cuda_mmq_get_util_funcs<type,J,fallback>() [with type=GGML_TYPE_Q5_K, J=104, fallback=false]" at line 858
[build]             instantiation of "ggml_cuda_mmq_load_tiles_t ggml_cuda_mmq_get_load_tiles<type,J,fallback>() [with type=GGML_TYPE_Q5_K, J=104, fallback=false]" at line 885
[build]             instantiation of "void mul_mat_q_process_tile<type,J,fallback,fixup>(const char *, int, const int *, const int *, float *, float *, const float *, int, int, int, int, int, int, int) [with type=GGML_TYPE_Q5_K, J=104, fallback=false, fixup=false]" at line 1058
[build]             instantiation of "void mul_mat_q<type,J,fallback>(const char *, const int *, const int32_t *, const int32_t *, float *, float *, const float *, uint3, int, int, int, int, int, uint3, uint3, int, int, int, uint3, uint3, int, int, int, uint3) [with type=GGML_TYPE_Q5_K, J=104, fallback=false]" at line 1407
[build]             instantiation of "void launch_mul_mat_q<type,J,fallback>(ggml_backend_cuda_context &, const mmq_args &, cudaStream_t) [with type=GGML_TYPE_Q5_K, J=104, fallback=false]" at line 1540
[build]             instantiation of "void mul_mat_q_switch_J<type,fallback>(ggml_backend_cuda_context &, const mmq_args &, cudaStream_t) [with type=GGML_TYPE_Q5_K, fallback=false]" at line 1562
[build]             instantiation of "void mul_mat_q_case<type>(ggml_backend_cuda_context &, const mmq_args &, cudaStream_t) [with type=GGML_TYPE_Q5_K]" at line 5 of C:\Users\pperv\code\unnamed_rpg\vendor\ggml\src\ggml-cuda\template-instances\mmq-instance-q5_k.cu
[build] 
[build] C:\Users\pperv\code\unnamed_rpg\vendor\ggml\src\ggml-cuda\mmq-vec-dot.cuh(207): warning #177-D: variable "I" was declared but never referenced
[build]       constexpr int I             = ggml_cuda_mmq_get_I(type, J, fallback);
[build]                     ^
[build]           detected during:
[build]             instantiation of "void ggml_cuda_mmq_vec_dot_q8_0_q8_1_mma<type,J,fallback,ds_layout>(const int *, const int *, float *, int) [with type=GGML_TYPE_Q5_K, J=104, fallback=false, ds_layout=MMQ_Q8_1_DS_LAYOUT_DS4]" at line 728 of C:\Users\pperv\code\unnamed_rpg\vendor\ggml\src\ggml-cuda\template-instances\../mmq.cuh
[build]             instantiation of "ggml_cuda_mmq_util_funcs ggml_cuda_mmq_get_util_funcs<type,J,fallback>() [with type=GGML_TYPE_Q5_K, J=104, fallback=false]" at line 858 of C:\Users\pperv\code\unnamed_rpg\vendor\ggml\src\ggml-cuda\template-instances\../mmq.cuh
[build]             instantiation of "ggml_cuda_mmq_load_tiles_t ggml_cuda_mmq_get_load_tiles<type,J,fallback>() [with type=GGML_TYPE_Q5_K, J=104, fallback=false]" at line 885 of C:\Users\pperv\code\unnamed_rpg\vendor\ggml\src\ggml-cuda\template-instances\../mmq.cuh
[build]             instantiation of "void mul_mat_q_process_tile<type,J,fallback,fixup>(const char *, int, const int *, const int *, float *, float *, const float *, int, int, int, int, int, int, int) [with type=GGML_TYPE_Q5_K, J=104, fallback=false, fixup=false]" at line 1058 of C:\Users\pperv\code\unnamed_rpg\vendor\ggml\src\ggml-cuda\template-instances\../mmq.cuh
[build]             instantiation of "void mul_mat_q<type,J,fallback>(const char *, const int *, const int32_t *, const int32_t *, float *, float *, const float *, uint3, int, int, int, int, int, uint3, uint3, int, int, int, uint3, uint3, int, int, int, uint3) [with type=GGML_TYPE_Q5_K, J=104, fallback=false]" at line 1407 of C:\Users\pperv\code\unnamed_rpg\vendor\ggml\src\ggml-cuda\template-instances\../mmq.cuh
[build]             instantiation of "void launch_mul_mat_q<type,J,fallback>(ggml_backend_cuda_context &, const mmq_args &, cudaStream_t) [with type=GGML_TYPE_Q5_K, J=104, fallback=false]" at line 1540 of C:\Users\pperv\code\unnamed_rpg\vendor\ggml\src\ggml-cuda\template-instances\../mmq.cuh
[build]             instantiation of "void mul_mat_q_switch_J<type,fallback>(ggml_backend_cuda_context &, const mmq_args &, cudaStream_t) [with type=GGML_TYPE_Q5_K, fallback=false]" at line 1562 of C:\Users\pperv\code\unnamed_rpg\vendor\ggml\src\ggml-cuda\template-instances\../mmq.cuh
[build]             instantiation of "void mul_mat_q_case<type>(ggml_backend_cuda_context &, const mmq_args &, cudaStream_t) [with type=GGML_TYPE_Q5_K]" at line 5 of C:\Users\pperv\code\unnamed_rpg\vendor\ggml\src\ggml-cuda\template-instances\mmq-instance-q5_k.cu
[build] 
[build] C:\Users\pperv\code\unnamed_rpg\vendor\ggml\src\ggml-cuda\mmq-vec-dot.cuh(374): warning #177-D: variable "I" was declared but never referenced
[build]       constexpr int I             = ggml_cuda_mmq_get_I(type, J, fallback);
[build]                     ^
[build]           detected during:
[build]             instantiation of "void ggml_cuda_mmq_vec_dot_q8_1_q8_1_mma<type,J,fallback>(const int *, const int *, float *, int) [with type=GGML_TYPE_Q5_K, J=104, fallback=false]" at line 734 of C:\Users\pperv\code\unnamed_rpg\vendor\ggml\src\ggml-cuda\template-instances\../mmq.cuh
[build]             instantiation of "ggml_cuda_mmq_util_funcs ggml_cuda_mmq_get_util_funcs<type,J,fallback>() [with type=GGML_TYPE_Q5_K, J=104, fallback=false]" at line 858 of C:\Users\pperv\code\unnamed_rpg\vendor\ggml\src\ggml-cuda\template-instances\../mmq.cuh
[build]             instantiation of "ggml_cuda_mmq_load_tiles_t ggml_cuda_mmq_get_load_tiles<type,J,fallback>() [with type=GGML_TYPE_Q5_K, J=104, fallback=false]" at line 885 of C:\Users\pperv\code\unnamed_rpg\vendor\ggml\src\ggml-cuda\template-instances\../mmq.cuh
[build]             instantiation of "void mul_mat_q_process_tile<type,J,fallback,fixup>(const char *, int, const int *, const int *, float *, float *, const float *, int, int, int, int, int, int, int) [with type=GGML_TYPE_Q5_K, J=104, fallback=false, fixup=false]" at line 1058 of C:\Users\pperv\code\unnamed_rpg\vendor\ggml\src\ggml-cuda\template-instances\../mmq.cuh
[build]             instantiation of "void mul_mat_q<type,J,fallback>(const char *, const int *, const int32_t *, const int32_t *, float *, float *, const float *, uint3, int, int, int, int, int, uint3, uint3, int, int, int, uint3, uint3, int, int, int, uint3) [with type=GGML_TYPE_Q5_K, J=104, fallback=false]" at line 1407 of C:\Users\pperv\code\unnamed_rpg\vendor\ggml\src\ggml-cuda\template-instances\../mmq.cuh
[build]             instantiation of "void launch_mul_mat_q<type,J,fallback>(ggml_backend_cuda_context &, const mmq_args &, cudaStream_t) [with type=GGML_TYPE_Q5_K, J=104, fallback=false]" at line 1540 of C:\Users\pperv\code\unnamed_rpg\vendor\ggml\src\ggml-cuda\template-instances\../mmq.cuh
[build]             instantiation of "void mul_mat_q_switch_J<type,fallback>(ggml_backend_cuda_context &, const mmq_args &, cudaStream_t) [with type=GGML_TYPE_Q5_K, fallback=false]" at line 1562 of C:\Users\pperv\code\unnamed_rpg\vendor\ggml\src\ggml-cuda\template-instances\../mmq.cuh
[build]             instantiation of "void mul_mat_q_case<type>(ggml_backend_cuda_context &, const mmq_args &, cudaStream_t) [with type=GGML_TYPE_Q5_K]" at line 5 of C:\Users\pperv\code\unnamed_rpg\vendor\ggml\src\ggml-cuda\template-instances\mmq-instance-q5_k.cu
[build] 
[build] C:\Users\pperv\code\unnamed_rpg\vendor\ggml\src\ggml-cuda\mmq-vec-dot.cuh(759): warning #177-D: variable "I" was declared but never referenced
[build]       constexpr int I             = ggml_cuda_mmq_get_I(type, J, fallback);
[build]                     ^
[build]           detected during:
[build]             instantiation of "void ggml_cuda_mmq_vec_dot_q2_K_q8_1_mma<type,J,fallback>(const int *, const int *, float *, int) [with type=GGML_TYPE_Q5_K, J=104, fallback=false]" at line 759 of C:\Users\pperv\code\unnamed_rpg\vendor\ggml\src\ggml-cuda\template-instances\../mmq.cuh
[build]             instantiation of "ggml_cuda_mmq_util_funcs ggml_cuda_mmq_get_util_funcs<type,J,fallback>() [with type=GGML_TYPE_Q5_K, J=104, fallback=false]" at line 858 of C:\Users\pperv\code\unnamed_rpg\vendor\ggml\src\ggml-cuda\template-instances\../mmq.cuh
[build]             instantiation of "ggml_cuda_mmq_load_tiles_t ggml_cuda_mmq_get_load_tiles<type,J,fallback>() [with type=GGML_TYPE_Q5_K, J=104, fallback=false]" at line 885 of C:\Users\pperv\code\unnamed_rpg\vendor\ggml\src\ggml-cuda\template-instances\../mmq.cuh
[build]             instantiation of "void mul_mat_q_process_tile<type,J,fallback,fixup>(const char *, int, const int *, const int *, float *, float *, const float *, int, int, int, int, int, int, int) [with type=GGML_TYPE_Q5_K, J=104, fallback=false, fixup=false]" at line 1058 of C:\Users\pperv\code\unnamed_rpg\vendor\ggml\src\ggml-cuda\template-instances\../mmq.cuh
[build]             instantiation of "void mul_mat_q<type,J,fallback>(const char *, const int *, const int32_t *, const int32_t *, float *, float *, const float *, uint3, int, int, int, int, int, uint3, uint3, int, int, int, uint3, uint3, int, int, int, uint3) [with type=GGML_TYPE_Q5_K, J=104, fallback=false]" at line 1407 of C:\Users\pperv\code\unnamed_rpg\vendor\ggml\src\ggml-cuda\template-instances\../mmq.cuh
[build]             instantiation of "void launch_mul_mat_q<type,J,fallback>(ggml_backend_cuda_context &, const mmq_args &, cudaStream_t) [with type=GGML_TYPE_Q5_K, J=104, fallback=false]" at line 1540 of C:\Users\pperv\code\unnamed_rpg\vendor\ggml\src\ggml-cuda\template-instances\../mmq.cuh
[build]             instantiation of "void mul_mat_q_switch_J<type,fallback>(ggml_backend_cuda_context &, const mmq_args &, cudaStream_t) [with type=GGML_TYPE_Q5_K, fallback=false]" at line 1562 of C:\Users\pperv\code\unnamed_rpg\vendor\ggml\src\ggml-cuda\template-instances\../mmq.cuh
[build]             instantiation of "void mul_mat_q_case<type>(ggml_backend_cuda_context &, const mmq_args &, cudaStream_t) [with type=GGML_TYPE_Q5_K]" at line 5 of C:\Users\pperv\code\unnamed_rpg\vendor\ggml\src\ggml-cuda\template-instances\mmq-instance-q5_k.cu
[build] 
[build] C:\Users\pperv\code\unnamed_rpg\vendor\ggml\src\ggml-cuda\mmq-vec-dot.cuh(540): warning #177-D: variable "I" was declared but never referenced
[build]       constexpr int I             = ggml_cuda_mmq_get_I(type, J, fallback);
[build]                     ^
[build]           detected during:
[build]             instantiation of "void ggml_cuda_mmq_vec_dot_q8_0_16_q8_1_mma<type,J,fallback>(const int *, const int *, float *, int) [with type=GGML_TYPE_Q5_K, J=104, fallback=false]" at line 765 of C:\Users\pperv\code\unnamed_rpg\vendor\ggml\src\ggml-cuda\template-instances\../mmq.cuh
[build]             instantiation of "ggml_cuda_mmq_util_funcs ggml_cuda_mmq_get_util_funcs<type,J,fallback>() [with type=GGML_TYPE_Q5_K, J=104, fallback=false]" at line 858 of C:\Users\pperv\code\unnamed_rpg\vendor\ggml\src\ggml-cuda\template-instances\../mmq.cuh
[build]             instantiation of "ggml_cuda_mmq_load_tiles_t ggml_cuda_mmq_get_load_tiles<type,J,fallback>() [with type=GGML_TYPE_Q5_K, J=104, fallback=false]" at line 885 of C:\Users\pperv\code\unnamed_rpg\vendor\ggml\src\ggml-cuda\template-instances\../mmq.cuh
[build]             instantiation of "void mul_mat_q_process_tile<type,J,fallback,fixup>(const char *, int, const int *, const int *, float *, float *, const float *, int, int, int, int, int, int, int) [with type=GGML_TYPE_Q5_K, J=104, fallback=false, fixup=false]" at line 1058 of C:\Users\pperv\code\unnamed_rpg\vendor\ggml\src\ggml-cuda\template-instances\../mmq.cuh
[build]             instantiation of "void mul_mat_q<type,J,fallback>(const char *, const int *, const int32_t *, const int32_t *, float *, float *, const float *, uint3, int, int, int, int, int, uint3, uint3, int, int, int, uint3, uint3, int, int, int, uint3) [with type=GGML_TYPE_Q5_K, J=104, fallback=false]" at line 1407 of C:\Users\pperv\code\unnamed_rpg\vendor\ggml\src\ggml-cuda\template-instances\../mmq.cuh
[build]             instantiation of "void launch_mul_mat_q<type,J,fallback>(ggml_backend_cuda_context &, const mmq_args &, cudaStream_t) [with type=GGML_TYPE_Q5_K, J=104, fallback=false]" at line 1540 of C:\Users\pperv\code\unnamed_rpg\vendor\ggml\src\ggml-cuda\template-instances\../mmq.cuh
[build]             instantiation of "void mul_mat_q_switch_J<type,fallback>(ggml_backend_cuda_context &, const mmq_args &, cudaStream_t) [with type=GGML_TYPE_Q5_K, fallback=false]" at line 1562 of C:\Users\pperv\code\unnamed_rpg\vendor\ggml\src\ggml-cuda\template-instances\../mmq.cuh
[build]             instantiation of "void mul_mat_q_case<type>(ggml_backend_cuda_context &, const mmq_args &, cudaStream_t) [with type=GGML_TYPE_Q5_K]" at line 5 of C:\Users\pperv\code\unnamed_rpg\vendor\ggml\src\ggml-cuda\template-instances\mmq-instance-q5_k.cu
[build] 
[build] C:\Users\pperv\code\unnamed_rpg\vendor\ggml\src\ggml-cuda\mmq-vec-dot.cuh(1078): warning #177-D: variable "I" was declared but never referenced
[build]       constexpr int I             = ggml_cuda_mmq_get_I(type, J, fallback);
[build]                     ^
[build]           detected during:
[build]             instantiation of "void ggml_cuda_mmq_vec_dot_q6_K_q8_1_mma<type,J,fallback>(const int *, const int *, float *, int) [with type=GGML_TYPE_Q5_K, J=104, fallback=false]" at line 783 of C:\Users\pperv\code\unnamed_rpg\vendor\ggml\src\ggml-cuda\template-instances\../mmq.cuh
[build]             instantiation of "ggml_cuda_mmq_util_funcs ggml_cuda_mmq_get_util_funcs<type,J,fallback>() [with type=GGML_TYPE_Q5_K, J=104, fallback=false]" at line 858 of C:\Users\pperv\code\unnamed_rpg\vendor\ggml\src\ggml-cuda\template-instances\../mmq.cuh
[build]             instantiation of "ggml_cuda_mmq_load_tiles_t ggml_cuda_mmq_get_load_tiles<type,J,fallback>() [with type=GGML_TYPE_Q5_K, J=104, fallback=false]" at line 885 of C:\Users\pperv\code\unnamed_rpg\vendor\ggml\src\ggml-cuda\template-instances\../mmq.cuh
[build]             instantiation of "void mul_mat_q_process_tile<type,J,fallback,fixup>(const char *, int, const int *, const int *, float *, float *, const float *, int, int, int, int, int, int, int) [with type=GGML_TYPE_Q5_K, J=104, fallback=false, fixup=false]" at line 1058 of C:\Users\pperv\code\unnamed_rpg\vendor\ggml\src\ggml-cuda\template-instances\../mmq.cuh
[build]             instantiation of "void mul_mat_q<type,J,fallback>(const char *, const int *, const int32_t *, const int32_t *, float *, float *, const float *, uint3, int, int, int, int, int, uint3, uint3, int, int, int, uint3, uint3, int, int, int, uint3) [with type=GGML_TYPE_Q5_K, J=104, fallback=false]" at line 1407 of C:\Users\pperv\code\unnamed_rpg\vendor\ggml\src\ggml-cuda\template-instances\../mmq.cuh
[build]             instantiation of "void launch_mul_mat_q<type,J,fallback>(ggml_backend_cuda_context &, const mmq_args &, cudaStream_t) [with type=GGML_TYPE_Q5_K, J=104, fallback=false]" at line 1540 of C:\Users\pperv\code\unnamed_rpg\vendor\ggml\src\ggml-cuda\template-instances\../mmq.cuh
[build]             instantiation of "void mul_mat_q_switch_J<type,fallback>(ggml_backend_cuda_context &, const mmq_args &, cudaStream_t) [with type=GGML_TYPE_Q5_K, fallback=false]" at line 1562 of C:\Users\pperv\code\unnamed_rpg\vendor\ggml\src\ggml-cuda\template-instances\../mmq.cuh
[build]             instantiation of "void mul_mat_q_case<type>(ggml_backend_cuda_context &, const mmq_args &, cudaStream_t) [with type=GGML_TYPE_Q5_K]" at line 5 of C:\Users\pperv\code\unnamed_rpg\vendor\ggml\src\ggml-cuda\template-instances\mmq-instance-q5_k.cu
[build] 
[build] C:\Users\pperv\code\unnamed_rpg\vendor\ggml\src\ggml-cuda\template-instances\../mmq.cuh(543): warning #177-D: variable "I" was declared but never referenced
[build]       constexpr int I = ggml_cuda_mmq_get_I(type, J, fallback);
[build]                     ^
[build]           detected during:
[build]             instantiation of "ggml_cuda_mmq_util_funcs ggml_cuda_mmq_get_util_funcs<type,J,fallback>() [with type=GGML_TYPE_Q5_K, J=104, fallback=false]" at line 858
[build]             instantiation of "ggml_cuda_mmq_load_tiles_t ggml_cuda_mmq_get_load_tiles<type,J,fallback>() [with type=GGML_TYPE_Q5_K, J=104, fallback=false]" at line 885
[build]             instantiation of "void mul_mat_q_process_tile<type,J,fallback,fixup>(const char *, int, const int *, const int *, float *, float *, const float *, int, int, int, int, int, int, int) [with type=GGML_TYPE_Q5_K, J=104, fallback=false, fixup=false]" at line 1058
[build]             instantiation of "void mul_mat_q<type,J,fallback>(const char *, const int *, const int32_t *, const int32_t *, float *, float *, const float *, uint3, int, int, int, int, int, uint3, uint3, int, int, int, uint3, uint3, int, int, int, uint3) [with type=GGML_TYPE_Q5_K, J=104, fallback=false]" at line 1407
[build]             instantiation of "void launch_mul_mat_q<type,J,fallback>(ggml_backend_cuda_context &, const mmq_args &, cudaStream_t) [with type=GGML_TYPE_Q5_K, J=104, fallback=false]" at line 1540
[build]             instantiation of "void mul_mat_q_switch_J<type,fallback>(ggml_backend_cuda_context &, const mmq_args &, cudaStream_t) [with type=GGML_TYPE_Q5_K, fallback=false]" at line 1562
[build]             instantiation of "void mul_mat_q_case<type>(ggml_backend_cuda_context &, const mmq_args &, cudaStream_t) [with type=GGML_TYPE_Q5_K]" at line 5 of C:\Users\pperv\code\unnamed_rpg\vendor\ggml\src\ggml-cuda\template-instances\mmq-instance-q5_k.cu
[build] 
[build] C:\Users\pperv\code\unnamed_rpg\vendor\ggml\src\ggml-cuda\mmq-vec-dot.cuh(207): warning #177-D: variable "I" was declared but never referenced
[build]       constexpr int I             = ggml_cuda_mmq_get_I(type, J, fallback);
[build]                     ^
[build]           detected during:
[build]             instantiation of "void ggml_cuda_mmq_vec_dot_q8_0_q8_1_mma<type,J,fallback,ds_layout>(const int *, const int *, float *, int) [with type=GGML_TYPE_Q5_K, J=104, fallback=true, ds_layout=MMQ_Q8_1_DS_LAYOUT_D4]" at line 716 of C:\Users\pperv\code\unnamed_rpg\vendor\ggml\src\ggml-cuda\template-instances\../mmq.cuh
[build]             instantiation of "ggml_cuda_mmq_util_funcs ggml_cuda_mmq_get_util_funcs<type,J,fallback>() [with type=GGML_TYPE_Q5_K, J=104, fallback=true]" at line 858 of C:\Users\pperv\code\unnamed_rpg\vendor\ggml\src\ggml-cuda\template-instances\../mmq.cuh
[build]             instantiation of "ggml_cuda_mmq_load_tiles_t ggml_cuda_mmq_get_load_tiles<type,J,fallback>() [with type=GGML_TYPE_Q5_K, J=104, fallback=true]" at line 885 of C:\Users\pperv\code\unnamed_rpg\vendor\ggml\src\ggml-cuda\template-instances\../mmq.cuh
[build]             instantiation of "void mul_mat_q_process_tile<type,J,fallback,fixup>(const char *, int, const int *, const int *, float *, float *, const float *, int, int, int, int, int, int, int) [with type=GGML_TYPE_Q5_K, J=104, fallback=true, fixup=false]" at line 1058 of C:\Users\pperv\code\unnamed_rpg\vendor\ggml\src\ggml-cuda\template-instances\../mmq.cuh
[build]             instantiation of "void mul_mat_q<type,J,fallback>(const char *, const int *, const int32_t *, const int32_t *, float *, float *, const float *, uint3, int, int, int, int, int, uint3, uint3, int, int, int, uint3, uint3, int, int, int, uint3) [with type=GGML_TYPE_Q5_K, J=104, fallback=true]" at line 1408 of C:\Users\pperv\code\unnamed_rpg\vendor\ggml\src\ggml-cuda\template-instances\../mmq.cuh
[build]             instantiation of "void launch_mul_mat_q<type,J,fallback>(ggml_backend_cuda_context &, const mmq_args &, cudaStream_t) [with type=GGML_TYPE_Q5_K, J=104, fallback=false]" at line 1540 of C:\Users\pperv\code\unnamed_rpg\vendor\ggml\src\ggml-cuda\template-instances\../mmq.cuh
[build]             instantiation of "void mul_mat_q_switch_J<type,fallback>(ggml_backend_cuda_context &, const mmq_args &, cudaStream_t) [with type=GGML_TYPE_Q5_K, fallback=false]" at line 1562 of C:\Users\pperv\code\unnamed_rpg\vendor\ggml\src\ggml-cuda\template-instances\../mmq.cuh
[build]             instantiation of "void mul_mat_q_case<type>(ggml_backend_cuda_context &, const mmq_args &, cudaStream_t) [with type=GGML_TYPE_Q5_K]" at line 5 of C:\Users\pperv\code\unnamed_rpg\vendor\ggml\src\ggml-cuda\template-instances\mmq-instance-q5_k.cu
[build] 
[build] C:\Users\pperv\code\unnamed_rpg\vendor\ggml\src\ggml-cuda\template-instances\../mmq.cuh(485): warning #177-D: variable "nwarps" was declared but never referenced
[build]       constexpr int nwarps        = ggml_cuda_mmq_get_nthreads(type, J, fallback) / warp_size;
[build]                     ^
[build]           detected during:
[build]             instantiation of "void ggml_cuda_mmq_write_back_mma<type,J,fallback>(const float *, const int *, float *, const float *, int, int, int) [with type=GGML_TYPE_Q5_K, J=104, fallback=true]" at line 716
[build]             instantiation of "ggml_cuda_mmq_util_funcs ggml_cuda_mmq_get_util_funcs<type,J,fallback>() [with type=GGML_TYPE_Q5_K, J=104, fallback=true]" at line 858
[build]             instantiation of "ggml_cuda_mmq_load_tiles_t ggml_cuda_mmq_get_load_tiles<type,J,fallback>() [with type=GGML_TYPE_Q5_K, J=104, fallback=true]" at line 885
[build]             instantiation of "void mul_mat_q_process_tile<type,J,fallback,fixup>(const char *, int, const int *, const int *, float *, float *, const float *, int, int, int, int, int, int, int) [with type=GGML_TYPE_Q5_K, J=104, fallback=true, fixup=false]" at line 1058
[build]             instantiation of "void mul_mat_q<type,J,fallback>(const char *, const int *, const int32_t *, const int32_t *, float *, float *, const float *, uint3, int, int, int, int, int, uint3, uint3, int, int, int, uint3, uint3, int, int, int, uint3) [with type=GGML_TYPE_Q5_K, J=104, fallback=true]" at line 1408
[build]             instantiation of "void launch_mul_mat_q<type,J,fallback>(ggml_backend_cuda_context &, const mmq_args &, cudaStream_t) [with type=GGML_TYPE_Q5_K, J=104, fallback=false]" at line 1540
[build]             instantiation of "void mul_mat_q_switch_J<type,fallback>(ggml_backend_cuda_context &, const mmq_args &, cudaStream_t) [with type=GGML_TYPE_Q5_K, fallback=false]" at line 1562
[build]             instantiation of "void mul_mat_q_case<type>(ggml_backend_cuda_context &, const mmq_args &, cudaStream_t) [with type=GGML_TYPE_Q5_K]" at line 5 of C:\Users\pperv\code\unnamed_rpg\vendor\ggml\src\ggml-cuda\template-instances\mmq-instance-q5_k.cu
[build] 
[build] C:\Users\pperv\code\unnamed_rpg\vendor\ggml\src\ggml-cuda\template-instances\../mmq.cuh(486): warning #177-D: variable "I" was declared but never referenced
[build]       constexpr int I             = ggml_cuda_mmq_get_I(type, J, fallback);
[build]                     ^
[build]           detected during:
[build]             instantiation of "void ggml_cuda_mmq_write_back_mma<type,J,fallback>(const float *, const int *, float *, const float *, int, int, int) [with type=GGML_TYPE_Q5_K, J=104, fallback=true]" at line 716
[build]             instantiation of "ggml_cuda_mmq_util_funcs ggml_cuda_mmq_get_util_funcs<type,J,fallback>() [with type=GGML_TYPE_Q5_K, J=104, fallback=true]" at line 858
[build]             instantiation of "ggml_cuda_mmq_load_tiles_t ggml_cuda_mmq_get_load_tiles<type,J,fallback>() [with type=GGML_TYPE_Q5_K, J=104, fallback=true]" at line 885
[build]             instantiation of "void mul_mat_q_process_tile<type,J,fallback,fixup>(const char *, int, const int *, const int *, float *, float *, const float *, int, int, int, int, int, int, int) [with type=GGML_TYPE_Q5_K, J=104, fallback=true, fixup=false]" at line 1058
[build]             instantiation of "void mul_mat_q<type,J,fallback>(const char *, const int *, const int32_t *, const int32_t *, float *, float *, const float *, uint3, int, int, int, int, int, uint3, uint3, int, int, int, uint3, uint3, int, int, int, uint3) [with type=GGML_TYPE_Q5_K, J=104, fallback=true]" at line 1408
[build]             instantiation of "void launch_mul_mat_q<type,J,fallback>(ggml_backend_cuda_context &, const mmq_args &, cudaStream_t) [with type=GGML_TYPE_Q5_K, J=104, fallback=false]" at line 1540
[build]             instantiation of "void mul_mat_q_switch_J<type,fallback>(ggml_backend_cuda_context &, const mmq_args &, cudaStream_t) [with type=GGML_TYPE_Q5_K, fallback=false]" at line 1562
[build]             instantiation of "void mul_mat_q_case<type>(ggml_backend_cuda_context &, const mmq_args &, cudaStream_t) [with type=GGML_TYPE_Q5_K]" at line 5 of C:\Users\pperv\code\unnamed_rpg\vendor\ggml\src\ggml-cuda\template-instances\mmq-instance-q5_k.cu
[build] 
[build] C:\Users\pperv\code\unnamed_rpg\vendor\ggml\src\ggml-cuda\mmq-vec-dot.cuh(207): warning #177-D: variable "I" was declared but never referenced
[build]       constexpr int I             = ggml_cuda_mmq_get_I(type, J, fallback);
[build]                     ^
[build]           detected during:
[build]             instantiation of "void ggml_cuda_mmq_vec_dot_q8_0_q8_1_mma<type,J,fallback,ds_layout>(const int *, const int *, float *, int) [with type=GGML_TYPE_Q5_K, J=104, fallback=true, ds_layout=MMQ_Q8_1_DS_LAYOUT_DS4]" at line 728 of C:\Users\pperv\code\unnamed_rpg\vendor\ggml\src\ggml-cuda\template-instances\../mmq.cuh
[build]             instantiation of "ggml_cuda_mmq_util_funcs ggml_cuda_mmq_get_util_funcs<type,J,fallback>() [with type=GGML_TYPE_Q5_K, J=104, fallback=true]" at line 858 of C:\Users\pperv\code\unnamed_rpg\vendor\ggml\src\ggml-cuda\template-instances\../mmq.cuh
[build]             instantiation of "ggml_cuda_mmq_load_tiles_t ggml_cuda_mmq_get_load_tiles<type,J,fallback>() [with type=GGML_TYPE_Q5_K, J=104, fallback=true]" at line 885 of C:\Users\pperv\code\unnamed_rpg\vendor\ggml\src\ggml-cuda\template-instances\../mmq.cuh
[build]             instantiation of "void mul_mat_q_process_tile<type,J,fallback,fixup>(const char *, int, const int *, const int *, float *, float *, const float *, int, int, int, int, int, int, int) [with type=GGML_TYPE_Q5_K, J=104, fallback=true, fixup=false]" at line 1058 of C:\Users\pperv\code\unnamed_rpg\vendor\ggml\src\ggml-cuda\template-instances\../mmq.cuh
[build]             instantiation of "void mul_mat_q<type,J,fallback>(const char *, const int *, const int32_t *, const int32_t *, float *, float *, const float *, uint3, int, int, int, int, int, uint3, uint3, int, int, int, uint3, uint3, int, int, int, uint3) [with type=GGML_TYPE_Q5_K, J=104, fallback=true]" at line 1408 of C:\Users\pperv\code\unnamed_rpg\vendor\ggml\src\ggml-cuda\template-instances\../mmq.cuh
[build]             instantiation of "void launch_mul_mat_q<type,J,fallback>(ggml_backend_cuda_context &, const mmq_args &, cudaStream_t) [with type=GGML_TYPE_Q5_K, J=104, fallback=false]" at line 1540 of C:\Users\pperv\code\unnamed_rpg\vendor\ggml\src\ggml-cuda\template-instances\../mmq.cuh
[build]             instantiation of "void mul_mat_q_switch_J<type,fallback>(ggml_backend_cuda_context &, const mmq_args &, cudaStream_t) [with type=GGML_TYPE_Q5_K, fallback=false]" at line 1562 of C:\Users\pperv\code\unnamed_rpg\vendor\ggml\src\ggml-cuda\template-instances\../mmq.cuh
[build]             instantiation of "void mul_mat_q_case<type>(ggml_backend_cuda_context &, const mmq_args &, cudaStream_t) [with type=GGML_TYPE_Q5_K]" at line 5 of C:\Users\pperv\code\unnamed_rpg\vendor\ggml\src\ggml-cuda\template-instances\mmq-instance-q5_k.cu
[build] 
[build] C:\Users\pperv\code\unnamed_rpg\vendor\ggml\src\ggml-cuda\mmq-vec-dot.cuh(374): warning #177-D: variable "I" was declared but never referenced
[build]       constexpr int I             = ggml_cuda_mmq_get_I(type, J, fallback);
[build]                     ^
[build]           detected during:
[build]             instantiation of "void ggml_cuda_mmq_vec_dot_q8_1_q8_1_mma<type,J,fallback>(const int *, const int *, float *, int) [with type=GGML_TYPE_Q5_K, J=104, fallback=true]" at line 734 of C:\Users\pperv\code\unnamed_rpg\vendor\ggml\src\ggml-cuda\template-instances\../mmq.cuh
[build]             instantiation of "ggml_cuda_mmq_util_funcs ggml_cuda_mmq_get_util_funcs<type,J,fallback>() [with type=GGML_TYPE_Q5_K, J=104, fallback=true]" at line 858 of C:\Users\pperv\code\unnamed_rpg\vendor\ggml\src\ggml-cuda\template-instances\../mmq.cuh
[build]             instantiation of "ggml_cuda_mmq_load_tiles_t ggml_cuda_mmq_get_load_tiles<type,J,fallback>() [with type=GGML_TYPE_Q5_K, J=104, fallback=true]" at line 885 of C:\Users\pperv\code\unnamed_rpg\vendor\ggml\src\ggml-cuda\template-instances\../mmq.cuh
[build]             instantiation of "void mul_mat_q_process_tile<type,J,fallback,fixup>(const char *, int, const int *, const int *, float *, float *, const float *, int, int, int, int, int, int, int) [with type=GGML_TYPE_Q5_K, J=104, fallback=true, fixup=false]" at line 1058 of C:\Users\pperv\code\unnamed_rpg\vendor\ggml\src\ggml-cuda\template-instances\../mmq.cuh
[build]             instantiation of "void mul_mat_q<type,J,fallback>(const char *, const int *, const int32_t *, const int32_t *, float *, float *, const float *, uint3, int, int, int, int, int, uint3, uint3, int, int, int, uint3, uint3, int, int, int, uint3) [with type=GGML_TYPE_Q5_K, J=104, fallback=true]" at line 1408 of C:\Users\pperv\code\unnamed_rpg\vendor\ggml\src\ggml-cuda\template-instances\../mmq.cuh
[build]             instantiation of "void launch_mul_mat_q<type,J,fallback>(ggml_backend_cuda_context &, const mmq_args &, cudaStream_t) [with type=GGML_TYPE_Q5_K, J=104, fallback=false]" at line 1540 of C:\Users\pperv\code\unnamed_rpg\vendor\ggml\src\ggml-cuda\template-instances\../mmq.cuh
[build]             instantiation of "void mul_mat_q_switch_J<type,fallback>(ggml_backend_cuda_context &, const mmq_args &, cudaStream_t) [with type=GGML_TYPE_Q5_K, fallback=false]" at line 1562 of C:\Users\pperv\code\unnamed_rpg\vendor\ggml\src\ggml-cuda\template-instances\../mmq.cuh
[build]             instantiation of "void mul_mat_q_case<type>(ggml_backend_cuda_context &, const mmq_args &, cudaStream_t) [with type=GGML_TYPE_Q5_K]" at line 5 of C:\Users\pperv\code\unnamed_rpg\vendor\ggml\src\ggml-cuda\template-instances\mmq-instance-q5_k.cu
[build] 
[build] C:\Users\pperv\code\unnamed_rpg\vendor\ggml\src\ggml-cuda\mmq-vec-dot.cuh(759): warning #177-D: variable "I" was declared but never referenced
[build]       constexpr int I             = ggml_cuda_mmq_get_I(type, J, fallback);
[build]                     ^
[build]           detected during:
[build]             instantiation of "void ggml_cuda_mmq_vec_dot_q2_K_q8_1_mma<type,J,fallback>(const int *, const int *, float *, int) [with type=GGML_TYPE_Q5_K, J=104, fallback=true]" at line 759 of C:\Users\pperv\code\unnamed_rpg\vendor\ggml\src\ggml-cuda\template-instances\../mmq.cuh
[build]             instantiation of "ggml_cuda_mmq_util_funcs ggml_cuda_mmq_get_util_funcs<type,J,fallback>() [with type=GGML_TYPE_Q5_K, J=104, fallback=true]" at line 858 of C:\Users\pperv\code\unnamed_rpg\vendor\ggml\src\ggml-cuda\template-instances\../mmq.cuh
[build]             instantiation of "ggml_cuda_mmq_load_tiles_t ggml_cuda_mmq_get_load_tiles<type,J,fallback>() [with type=GGML_TYPE_Q5_K, J=104, fallback=true]" at line 885 of C:\Users\pperv\code\unnamed_rpg\vendor\ggml\src\ggml-cuda\template-instances\../mmq.cuh
[build]             instantiation of "void mul_mat_q_process_tile<type,J,fallback,fixup>(const char *, int, const int *, const int *, float *, float *, const float *, int, int, int, int, int, int, int) [with type=GGML_TYPE_Q5_K, J=104, fallback=true, fixup=false]" at line 1058 of C:\Users\pperv\code\unnamed_rpg\vendor\ggml\src\ggml-cuda\template-instances\../mmq.cuh
[build]             instantiation of "void mul_mat_q<type,J,fallback>(const char *, const int *, const int32_t *, const int32_t *, float *, float *, const float *, uint3, int, int, int, int, int, uint3, uint3, int, int, int, uint3, uint3, int, int, int, uint3) [with type=GGML_TYPE_Q5_K, J=104, fallback=true]" at line 1408 of C:\Users\pperv\code\unnamed_rpg\vendor\ggml\src\ggml-cuda\template-instances\../mmq.cuh
[build]             instantiation of "void launch_mul_mat_q<type,J,fallback>(ggml_backend_cuda_context &, const mmq_args &, cudaStream_t) [with type=GGML_TYPE_Q5_K, J=104, fallback=false]" at line 1540 of C:\Users\pperv\code\unnamed_rpg\vendor\ggml\src\ggml-cuda\template-instances\../mmq.cuh
[build]             instantiation of "void mul_mat_q_switch_J<type,fallback>(ggml_backend_cuda_context &, const mmq_args &, cudaStream_t) [with type=GGML_TYPE_Q5_K, fallback=false]" at line 1562 of C:\Users\pperv\code\unnamed_rpg\vendor\ggml\src\ggml-cuda\template-instances\../mmq.cuh
[build]             instantiation of "void mul_mat_q_case<type>(ggml_backend_cuda_context &, const mmq_args &, cudaStream_t) [with type=GGML_TYPE_Q5_K]" at line 5 of C:\Users\pperv\code\unnamed_rpg\vendor\ggml\src\ggml-cuda\template-instances\mmq-instance-q5_k.cu
[build] 
[build] C:\Users\pperv\code\unnamed_rpg\vendor\ggml\src\ggml-cuda\mmq-vec-dot.cuh(540): warning #177-D: variable "I" was declared but never referenced
[build]       constexpr int I             = ggml_cuda_mmq_get_I(type, J, fallback);
[build]                     ^
[build]           detected during:
[build]             instantiation of "void ggml_cuda_mmq_vec_dot_q8_0_16_q8_1_mma<type,J,fallback>(const int *, const int *, float *, int) [with type=GGML_TYPE_Q5_K, J=104, fallback=true]" at line 765 of C:\Users\pperv\code\unnamed_rpg\vendor\ggml\src\ggml-cuda\template-instances\../mmq.cuh
[build]             instantiation of "ggml_cuda_mmq_util_funcs ggml_cuda_mmq_get_util_funcs<type,J,fallback>() [with type=GGML_TYPE_Q5_K, J=104, fallback=true]" at line 858 of C:\Users\pperv\code\unnamed_rpg\vendor\ggml\src\ggml-cuda\template-instances\../mmq.cuh
[build]             instantiation of "ggml_cuda_mmq_load_tiles_t ggml_cuda_mmq_get_load_tiles<type,J,fallback>() [with type=GGML_TYPE_Q5_K, J=104, fallback=true]" at line 885 of C:\Users\pperv\code\unnamed_rpg\vendor\ggml\src\ggml-cuda\template-instances\../mmq.cuh
[build]             instantiation of "void mul_mat_q_process_tile<type,J,fallback,fixup>(const char *, int, const int *, const int *, float *, float *, const float *, int, int, int, int, int, int, int) [with type=GGML_TYPE_Q5_K, J=104, fallback=true, fixup=false]" at line 1058 of C:\Users\pperv\code\unnamed_rpg\vendor\ggml\src\ggml-cuda\template-instances\../mmq.cuh
[build]             instantiation of "void mul_mat_q<type,J,fallback>(const char *, const int *, const int32_t *, const int32_t *, float *, float *, const float *, uint3, int, int, int, int, int, uint3, uint3, int, int, int, uint3, uint3, int, int, int, uint3) [with type=GGML_TYPE_Q5_K, J=104, fallback=true]" at line 1408 of C:\Users\pperv\code\unnamed_rpg\vendor\ggml\src\ggml-cuda\template-instances\../mmq.cuh
[build]             instantiation of "void launch_mul_mat_q<type,J,fallback>(ggml_backend_cuda_context &, const mmq_args &, cudaStream_t) [with type=GGML_TYPE_Q5_K, J=104, fallback=false]" at line 1540 of C:\Users\pperv\code\unnamed_rpg\vendor\ggml\src\ggml-cuda\template-instances\../mmq.cuh
[build]             instantiation of "void mul_mat_q_switch_J<type,fallback>(ggml_backend_cuda_context &, const mmq_args &, cudaStream_t) [with type=GGML_TYPE_Q5_K, fallback=false]" at line 1562 of C:\Users\pperv\code\unnamed_rpg\vendor\ggml\src\ggml-cuda\template-instances\../mmq.cuh
[build]             instantiation of "void mul_mat_q_case<type>(ggml_backend_cuda_context &, const mmq_args &, cudaStream_t) [with type=GGML_TYPE_Q5_K]" at line 5 of C:\Users\pperv\code\unnamed_rpg\vendor\ggml\src\ggml-cuda\template-instances\mmq-instance-q5_k.cu
[build] 
[build] C:\Users\pperv\code\unnamed_rpg\vendor\ggml\src\ggml-cuda\mmq-vec-dot.cuh(1078): warning #177-D: variable "I" was declared but never referenced
[build]       constexpr int I             = ggml_cuda_mmq_get_I(type, J, fallback);
[build]                     ^
[build]           detected during:
[build]             instantiation of "void ggml_cuda_mmq_vec_dot_q6_K_q8_1_mma<type,J,fallback>(const int *, const int *, float *, int) [with type=GGML_TYPE_Q5_K, J=104, fallback=true]" at line 783 of C:\Users\pperv\code\unnamed_rpg\vendor\ggml\src\ggml-cuda\template-instances\../mmq.cuh
[build]             instantiation of "ggml_cuda_mmq_util_funcs ggml_cuda_mmq_get_util_funcs<type,J,fallback>() [with type=GGML_TYPE_Q5_K, J=104, fallback=true]" at line 858 of C:\Users\pperv\code\unnamed_rpg\vendor\ggml\src\ggml-cuda\template-instances\../mmq.cuh
[build]             instantiation of "ggml_cuda_mmq_load_tiles_t ggml_cuda_mmq_get_load_tiles<type,J,fallback>() [with type=GGML_TYPE_Q5_K, J=104, fallback=true]" at line 885 of C:\Users\pperv\code\unnamed_rpg\vendor\ggml\src\ggml-cuda\template-instances\../mmq.cuh
[build]             instantiation of "void mul_mat_q_process_tile<type,J,fallback,fixup>(const char *, int, const int *, const int *, float *, float *, const float *, int, int, int, int, int, int, int) [with type=GGML_TYPE_Q5_K, J=104, fallback=true, fixup=false]" at line 1058 of C:\Users\pperv\code\unnamed_rpg\vendor\ggml\src\ggml-cuda\template-instances\../mmq.cuh
[build]             instantiation of "void mul_mat_q<type,J,fallback>(const char *, const int *, const int32_t *, const int32_t *, float *, float *, const float *, uint3, int, int, int, int, int, uint3, uint3, int, int, int, uint3, uint3, int, int, int, uint3) [with type=GGML_TYPE_Q5_K, J=104, fallback=true]" at line 1408 of C:\Users\pperv\code\unnamed_rpg\vendor\ggml\src\ggml-cuda\template-instances\../mmq.cuh
[build]             instantiation of "void launch_mul_mat_q<type,J,fallback>(ggml_backend_cuda_context &, const mmq_args &, cudaStream_t) [with type=GGML_TYPE_Q5_K, J=104, fallback=false]" at line 1540 of C:\Users\pperv\code\unnamed_rpg\vendor\ggml\src\ggml-cuda\template-instances\../mmq.cuh
[build]             instantiation of "void mul_mat_q_switch_J<type,fallback>(ggml_backend_cuda_context &, const mmq_args &, cudaStream_t) [with type=GGML_TYPE_Q5_K, fallback=false]" at line 1562 of C:\Users\pperv\code\unnamed_rpg\vendor\ggml\src\ggml-cuda\template-instances\../mmq.cuh
[build]             instantiation of "void mul_mat_q_case<type>(ggml_backend_cuda_context &, const mmq_args &, cudaStream_t) [with type=GGML_TYPE_Q5_K]" at line 5 of C:\Users\pperv\code\unnamed_rpg\vendor\ggml\src\ggml-cuda\template-instances\mmq-instance-q5_k.cu
[build] 
[build] C:\Users\pperv\code\unnamed_rpg\vendor\ggml\src\ggml-cuda\template-instances\../mmq.cuh(543): warning #177-D: variable "I" was declared but never referenced
[build]       constexpr int I = ggml_cuda_mmq_get_I(type, J, fallback);
[build]                     ^
[build]           detected during:
[build]             instantiation of "ggml_cuda_mmq_util_funcs ggml_cuda_mmq_get_util_funcs<type,J,fallback>() [with type=GGML_TYPE_Q5_K, J=104, fallback=true]" at line 858
[build]             instantiation of "ggml_cuda_mmq_load_tiles_t ggml_cuda_mmq_get_load_tiles<type,J,fallback>() [with type=GGML_TYPE_Q5_K, J=104, fallback=true]" at line 885
[build]             instantiation of "void mul_mat_q_process_tile<type,J,fallback,fixup>(const char *, int, const int *, const int *, float *, float *, const float *, int, int, int, int, int, int, int) [with type=GGML_TYPE_Q5_K, J=104, fallback=true, fixup=false]" at line 1058
[build]             instantiation of "void mul_mat_q<type,J,fallback>(const char *, const int *, const int32_t *, const int32_t *, float *, float *, const float *, uint3, int, int, int, int, int, uint3, uint3, int, int, int, uint3, uint3, int, int, int, uint3) [with type=GGML_TYPE_Q5_K, J=104, fallback=true]" at line 1408
[build]             instantiation of "void launch_mul_mat_q<type,J,fallback>(ggml_backend_cuda_context &, const mmq_args &, cudaStream_t) [with type=GGML_TYPE_Q5_K, J=104, fallback=false]" at line 1540
[build]             instantiation of "void mul_mat_q_switch_J<type,fallback>(ggml_backend_cuda_context &, const mmq_args &, cudaStream_t) [with type=GGML_TYPE_Q5_K, fallback=false]" at line 1562
[build]             instantiation of "void mul_mat_q_case<type>(ggml_backend_cuda_context &, const mmq_args &, cudaStream_t) [with type=GGML_TYPE_Q5_K]" at line 5 of C:\Users\pperv\code\unnamed_rpg\vendor\ggml\src\ggml-cuda\template-instances\mmq-instance-q5_k.cu
[build] 
[build] C:\Users\pperv\code\unnamed_rpg\vendor\ggml\src\ggml-cuda\mmq-vec-dot.cuh(207): warning #177-D: variable "I" was declared but never referenced
[build]       constexpr int I             = ggml_cuda_mmq_get_I(type, J, fallback);
[build]                     ^
[build]           detected during:
[build]             instantiation of "void ggml_cuda_mmq_vec_dot_q8_0_q8_1_mma<type,J,fallback,ds_layout>(const int *, const int *, float *, int) [with type=GGML_TYPE_Q5_K, J=112, fallback=false, ds_layout=MMQ_Q8_1_DS_LAYOUT_D4]" at line 716 of C:\Users\pperv\code\unnamed_rpg\vendor\ggml\src\ggml-cuda\template-instances\../mmq.cuh
[build]             instantiation of "ggml_cuda_mmq_util_funcs ggml_cuda_mmq_get_util_funcs<type,J,fallback>() [with type=GGML_TYPE_Q5_K, J=112, fallback=false]" at line 858 of C:\Users\pperv\code\unnamed_rpg\vendor\ggml\src\ggml-cuda\template-instances\../mmq.cuh
[build]             instantiation of "ggml_cuda_mmq_load_tiles_t ggml_cuda_mmq_get_load_tiles<type,J,fallback>() [with type=GGML_TYPE_Q5_K, J=112, fallback=false]" at line 885 of C:\Users\pperv\code\unnamed_rpg\vendor\ggml\src\ggml-cuda\template-instances\../mmq.cuh
[build]             instantiation of "void mul_mat_q_process_tile<type,J,fallback,fixup>(const char *, int, const int *, const int *, float *, float *, const float *, int, int, int, int, int, int, int) [with type=GGML_TYPE_Q5_K, J=112, fallback=false, fixup=false]" at line 1152 of C:\Users\pperv\code\unnamed_rpg\vendor\ggml\src\ggml-cuda\template-instances\../mmq.cuh
[build]             instantiation of "void mul_mat_q<type,J,fallback>(const char *, const int *, const int32_t *, const int32_t *, float *, float *, const float *, uint3, int, int, int, int, int, uint3, uint3, int, int, int, uint3, uint3, int, int, int, uint3) [with type=GGML_TYPE_Q5_K, J=112, fallback=false]" at line 1407 of C:\Users\pperv\code\unnamed_rpg\vendor\ggml\src\ggml-cuda\template-instances\../mmq.cuh
[build]             instantiation of "void launch_mul_mat_q<type,J,fallback>(ggml_backend_cuda_context &, const mmq_args &, cudaStream_t) [with type=GGML_TYPE_Q5_K, J=112, fallback=false]" at line 1543 of C:\Users\pperv\code\unnamed_rpg\vendor\ggml\src\ggml-cuda\template-instances\../mmq.cuh
[build]             instantiation of "void mul_mat_q_switch_J<type,fallback>(ggml_backend_cuda_context &, const mmq_args &, cudaStream_t) [with type=GGML_TYPE_Q5_K, fallback=false]" at line 1562 of C:\Users\pperv\code\unnamed_rpg\vendor\ggml\src\ggml-cuda\template-instances\../mmq.cuh
[build]             instantiation of "void mul_mat_q_case<type>(ggml_backend_cuda_context &, const mmq_args &, cudaStream_t) [with type=GGML_TYPE_Q5_K]" at line 5 of C:\Users\pperv\code\unnamed_rpg\vendor\ggml\src\ggml-cuda\template-instances\mmq-instance-q5_k.cu
[build] 
[build] C:\Users\pperv\code\unnamed_rpg\vendor\ggml\src\ggml-cuda\template-instances\../mmq.cuh(485): warning #177-D: variable "nwarps" was declared but never referenced
[build]       constexpr int nwarps        = ggml_cuda_mmq_get_nthreads(type, J, fallback) / warp_size;
[build]                     ^
[build]           detected during:
[build]             instantiation of "void ggml_cuda_mmq_write_back_mma<type,J,fallback>(const float *, const int *, float *, const float *, int, int, int) [with type=GGML_TYPE_Q5_K, J=112, fallback=false]" at line 716
[build]             instantiation of "ggml_cuda_mmq_util_funcs ggml_cuda_mmq_get_util_funcs<type,J,fallback>() [with type=GGML_TYPE_Q5_K, J=112, fallback=false]" at line 858
[build]             instantiation of "ggml_cuda_mmq_load_tiles_t ggml_cuda_mmq_get_load_tiles<type,J,fallback>() [with type=GGML_TYPE_Q5_K, J=112, fallback=false]" at line 885
[build]             instantiation of "void mul_mat_q_process_tile<type,J,fallback,fixup>(const char *, int, const int *, const int *, float *, float *, const float *, int, int, int, int, int, int, int) [with type=GGML_TYPE_Q5_K, J=112, fallback=false, fixup=false]" at line 1152
[build]             instantiation of "void mul_mat_q<type,J,fallback>(const char *, const int *, const int32_t *, const int32_t *, float *, float *, const float *, uint3, int, int, int, int, int, uint3, uint3, int, int, int, uint3, uint3, int, int, int, uint3) [with type=GGML_TYPE_Q5_K, J=112, fallback=false]" at line 1407
[build]             instantiation of "void launch_mul_mat_q<type,J,fallback>(ggml_backend_cuda_context &, const mmq_args &, cudaStream_t) [with type=GGML_TYPE_Q5_K, J=112, fallback=false]" at line 1543
[build]             instantiation of "void mul_mat_q_switch_J<type,fallback>(ggml_backend_cuda_context &, const mmq_args &, cudaStream_t) [with type=GGML_TYPE_Q5_K, fallback=false]" at line 1562
[build]             instantiation of "void mul_mat_q_case<type>(ggml_backend_cuda_context &, const mmq_args &, cudaStream_t) [with type=GGML_TYPE_Q5_K]" at line 5 of C:\Users\pperv\code\unnamed_rpg\vendor\ggml\src\ggml-cuda\template-instances\mmq-instance-q5_k.cu
[build] 
[build] C:\Users\pperv\code\unnamed_rpg\vendor\ggml\src\ggml-cuda\template-instances\../mmq.cuh(486): warning #177-D: variable "I" was declared but never referenced
[build]       constexpr int I             = ggml_cuda_mmq_get_I(type, J, fallback);
[build]                     ^
[build]           detected during:
[build]             instantiation of "void ggml_cuda_mmq_write_back_mma<type,J,fallback>(const float *, const int *, float *, const float *, int, int, int) [with type=GGML_TYPE_Q5_K, J=112, fallback=false]" at line 716
[build]             instantiation of "ggml_cuda_mmq_util_funcs ggml_cuda_mmq_get_util_funcs<type,J,fallback>() [with type=GGML_TYPE_Q5_K, J=112, fallback=false]" at line 858
[build]             instantiation of "ggml_cuda_mmq_load_tiles_t ggml_cuda_mmq_get_load_tiles<type,J,fallback>() [with type=GGML_TYPE_Q5_K, J=112, fallback=false]" at line 885
[build]             instantiation of "void mul_mat_q_process_tile<type,J,fallback,fixup>(const char *, int, const int *, const int *, float *, float *, const float *, int, int, int, int, int, int, int) [with type=GGML_TYPE_Q5_K, J=112, fallback=false, fixup=false]" at line 1152
[build]             instantiation of "void mul_mat_q<type,J,fallback>(const char *, const int *, const int32_t *, const int32_t *, float *, float *, const float *, uint3, int, int, int, int, int, uint3, uint3, int, int, int, uint3, uint3, int, int, int, uint3) [with type=GGML_TYPE_Q5_K, J=112, fallback=false]" at line 1407
[build]             instantiation of "void launch_mul_mat_q<type,J,fallback>(ggml_backend_cuda_context &, const mmq_args &, cudaStream_t) [with type=GGML_TYPE_Q5_K, J=112, fallback=false]" at line 1543
[build]             instantiation of "void mul_mat_q_switch_J<type,fallback>(ggml_backend_cuda_context &, const mmq_args &, cudaStream_t) [with type=GGML_TYPE_Q5_K, fallback=false]" at line 1562
[build]             instantiation of "void mul_mat_q_case<type>(ggml_backend_cuda_context &, const mmq_args &, cudaStream_t) [with type=GGML_TYPE_Q5_K]" at line 5 of C:\Users\pperv\code\unnamed_rpg\vendor\ggml\src\ggml-cuda\template-instances\mmq-instance-q5_k.cu
[build] 
[build] C:\Users\pperv\code\unnamed_rpg\vendor\ggml\src\ggml-cuda\mmq-vec-dot.cuh(207): warning #177-D: variable "I" was declared but never referenced
[build]       constexpr int I             = ggml_cuda_mmq_get_I(type, J, fallback);
[build]                     ^
[build]           detected during:
[build]             instantiation of "void ggml_cuda_mmq_vec_dot_q8_0_q8_1_mma<type,J,fallback,ds_layout>(const int *, const int *, float *, int) [with type=GGML_TYPE_Q5_K, J=112, fallback=false, ds_layout=MMQ_Q8_1_DS_LAYOUT_DS4]" at line 728 of C:\Users\pperv\code\unnamed_rpg\vendor\ggml\src\ggml-cuda\template-instances\../mmq.cuh
[build]             instantiation of "ggml_cuda_mmq_util_funcs ggml_cuda_mmq_get_util_funcs<type,J,fallback>() [with type=GGML_TYPE_Q5_K, J=112, fallback=false]" at line 858 of C:\Users\pperv\code\unnamed_rpg\vendor\ggml\src\ggml-cuda\template-instances\../mmq.cuh
[build]             instantiation of "ggml_cuda_mmq_load_tiles_t ggml_cuda_mmq_get_load_tiles<type,J,fallback>() [with type=GGML_TYPE_Q5_K, J=112, fallback=false]" at line 885 of C:\Users\pperv\code\unnamed_rpg\vendor\ggml\src\ggml-cuda\template-instances\../mmq.cuh
[build]             instantiation of "void mul_mat_q_process_tile<type,J,fallback,fixup>(const char *, int, const int *, const int *, float *, float *, const float *, int, int, int, int, int, int, int) [with type=GGML_TYPE_Q5_K, J=112, fallback=false, fixup=false]" at line 1152 of C:\Users\pperv\code\unnamed_rpg\vendor\ggml\src\ggml-cuda\template-instances\../mmq.cuh
[build]             instantiation of "void mul_mat_q<type,J,fallback>(const char *, const int *, const int32_t *, const int32_t *, float *, float *, const float *, uint3, int, int, int, int, int, uint3, uint3, int, int, int, uint3, uint3, int, int, int, uint3) [with type=GGML_TYPE_Q5_K, J=112, fallback=false]" at line 1407 of C:\Users\pperv\code\unnamed_rpg\vendor\ggml\src\ggml-cuda\template-instances\../mmq.cuh
[build]             instantiation of "void launch_mul_mat_q<type,J,fallback>(ggml_backend_cuda_context &, const mmq_args &, cudaStream_t) [with type=GGML_TYPE_Q5_K, J=112, fallback=false]" at line 1543 of C:\Users\pperv\code\unnamed_rpg\vendor\ggml\src\ggml-cuda\template-instances\../mmq.cuh
[build]             instantiation of "void mul_mat_q_switch_J<type,fallback>(ggml_backend_cuda_context &, const mmq_args &, cudaStream_t) [with type=GGML_TYPE_Q5_K, fallback=false]" at line 1562 of C:\Users\pperv\code\unnamed_rpg\vendor\ggml\src\ggml-cuda\template-instances\../mmq.cuh
[build]             instantiation of "void mul_mat_q_case<type>(ggml_backend_cuda_context &, const mmq_args &, cudaStream_t) [with type=GGML_TYPE_Q5_K]" at line 5 of C:\Users\pperv\code\unnamed_rpg\vendor\ggml\src\ggml-cuda\template-instances\mmq-instance-q5_k.cu
[build] 
[build] C:\Users\pperv\code\unnamed_rpg\vendor\ggml\src\ggml-cuda\mmq-vec-dot.cuh(374): warning #177-D: variable "I" was declared but never referenced
[build]       constexpr int I             = ggml_cuda_mmq_get_I(type, J, fallback);
[build]                     ^
[build]           detected during:
[build]             instantiation of "void ggml_cuda_mmq_vec_dot_q8_1_q8_1_mma<type,J,fallback>(const int *, const int *, float *, int) [with type=GGML_TYPE_Q5_K, J=112, fallback=false]" at line 734 of C:\Users\pperv\code\unnamed_rpg\vendor\ggml\src\ggml-cuda\template-instances\../mmq.cuh
[build]             instantiation of "ggml_cuda_mmq_util_funcs ggml_cuda_mmq_get_util_funcs<type,J,fallback>() [with type=GGML_TYPE_Q5_K, J=112, fallback=false]" at line 858 of C:\Users\pperv\code\unnamed_rpg\vendor\ggml\src\ggml-cuda\template-instances\../mmq.cuh
[build]             instantiation of "ggml_cuda_mmq_load_tiles_t ggml_cuda_mmq_get_load_tiles<type,J,fallback>() [with type=GGML_TYPE_Q5_K, J=112, fallback=false]" at line 885 of C:\Users\pperv\code\unnamed_rpg\vendor\ggml\src\ggml-cuda\template-instances\../mmq.cuh
[build]             instantiation of "void mul_mat_q_process_tile<type,J,fallback,fixup>(const char *, int, const int *, const int *, float *, float *, const float *, int, int, int, int, int, int, int) [with type=GGML_TYPE_Q5_K, J=112, fallback=false, fixup=false]" at line 1152 of C:\Users\pperv\code\unnamed_rpg\vendor\ggml\src\ggml-cuda\template-instances\../mmq.cuh
[build]             instantiation of "void mul_mat_q<type,J,fallback>(const char *, const int *, const int32_t *, const int32_t *, float *, float *, const float *, uint3, int, int, int, int, int, uint3, uint3, int, int, int, uint3, uint3, int, int, int, uint3) [with type=GGML_TYPE_Q5_K, J=112, fallback=false]" at line 1407 of C:\Users\pperv\code\unnamed_rpg\vendor\ggml\src\ggml-cuda\template-instances\../mmq.cuh
[build]             instantiation of "void launch_mul_mat_q<type,J,fallback>(ggml_backend_cuda_context &, const mmq_args &, cudaStream_t) [with type=GGML_TYPE_Q5_K, J=112, fallback=false]" at line 1543 of C:\Users\pperv\code\unnamed_rpg\vendor\ggml\src\ggml-cuda\template-instances\../mmq.cuh
[build]             instantiation of "void mul_mat_q_switch_J<type,fallback>(ggml_backend_cuda_context &, const mmq_args &, cudaStream_t) [with type=GGML_TYPE_Q5_K, fallback=false]" at line 1562 of C:\Users\pperv\code\unnamed_rpg\vendor\ggml\src\ggml-cuda\template-instances\../mmq.cuh
[build]             instantiation of "void mul_mat_q_case<type>(ggml_backend_cuda_context &, const mmq_args &, cudaStream_t) [with type=GGML_TYPE_Q5_K]" at line 5 of C:\Users\pperv\code\unnamed_rpg\vendor\ggml\src\ggml-cuda\template-instances\mmq-instance-q5_k.cu
[build] 
[build] C:\Users\pperv\code\unnamed_rpg\vendor\ggml\src\ggml-cuda\mmq-vec-dot.cuh(759): warning #177-D: variable "I" was declared but never referenced
[build]       constexpr int I             = ggml_cuda_mmq_get_I(type, J, fallback);
[build]                     ^
[build]           detected during:
[build]             instantiation of "void ggml_cuda_mmq_vec_dot_q2_K_q8_1_mma<type,J,fallback>(const int *, const int *, float *, int) [with type=GGML_TYPE_Q5_K, J=112, fallback=false]" at line 759 of C:\Users\pperv\code\unnamed_rpg\vendor\ggml\src\ggml-cuda\template-instances\../mmq.cuh
[build]             instantiation of "ggml_cuda_mmq_util_funcs ggml_cuda_mmq_get_util_funcs<type,J,fallback>() [with type=GGML_TYPE_Q5_K, J=112, fallback=false]" at line 858 of C:\Users\pperv\code\unnamed_rpg\vendor\ggml\src\ggml-cuda\template-instances\../mmq.cuh
[build]             instantiation of "ggml_cuda_mmq_load_tiles_t ggml_cuda_mmq_get_load_tiles<type,J,fallback>() [with type=GGML_TYPE_Q5_K, J=112, fallback=false]" at line 885 of C:\Users\pperv\code\unnamed_rpg\vendor\ggml\src\ggml-cuda\template-instances\../mmq.cuh
[build]             instantiation of "void mul_mat_q_process_tile<type,J,fallback,fixup>(const char *, int, const int *, const int *, float *, float *, const float *, int, int, int, int, int, int, int) [with type=GGML_TYPE_Q5_K, J=112, fallback=false, fixup=false]" at line 1152 of C:\Users\pperv\code\unnamed_rpg\vendor\ggml\src\ggml-cuda\template-instances\../mmq.cuh
[build]             instantiation of "void mul_mat_q<type,J,fallback>(const char *, const int *, const int32_t *, const int32_t *, float *, float *, const float *, uint3, int, int, int, int, int, uint3, uint3, int, int, int, uint3, uint3, int, int, int, uint3) [with type=GGML_TYPE_Q5_K, J=112, fallback=false]" at line 1407 of C:\Users\pperv\code\unnamed_rpg\vendor\ggml\src\ggml-cuda\template-instances\../mmq.cuh
[build]             instantiation of "void launch_mul_mat_q<type,J,fallback>(ggml_backend_cuda_context &, const mmq_args &, cudaStream_t) [with type=GGML_TYPE_Q5_K, J=112, fallback=false]" at line 1543 of C:\Users\pperv\code\unnamed_rpg\vendor\ggml\src\ggml-cuda\template-instances\../mmq.cuh
[build]             instantiation of "void mul_mat_q_switch_J<type,fallback>(ggml_backend_cuda_context &, const mmq_args &, cudaStream_t) [with type=GGML_TYPE_Q5_K, fallback=false]" at line 1562 of C:\Users\pperv\code\unnamed_rpg\vendor\ggml\src\ggml-cuda\template-instances\../mmq.cuh
[build]             instantiation of "void mul_mat_q_case<type>(ggml_backend_cuda_context &, const mmq_args &, cudaStream_t) [with type=GGML_TYPE_Q5_K]" at line 5 of C:\Users\pperv\code\unnamed_rpg\vendor\ggml\src\ggml-cuda\template-instances\mmq-instance-q5_k.cu
[build] 
[build] C:\Users\pperv\code\unnamed_rpg\vendor\ggml\src\ggml-cuda\mmq-vec-dot.cuh(540): warning #177-D: variable "I" was declared but never referenced
[build]       constexpr int I             = ggml_cuda_mmq_get_I(type, J, fallback);
[build]                     ^
[build]           detected during:
[build]             instantiation of "void ggml_cuda_mmq_vec_dot_q8_0_16_q8_1_mma<type,J,fallback>(const int *, const int *, float *, int) [with type=GGML_TYPE_Q5_K, J=112, fallback=false]" at line 765 of C:\Users\pperv\code\unnamed_rpg\vendor\ggml\src\ggml-cuda\template-instances\../mmq.cuh
[build]             instantiation of "ggml_cuda_mmq_util_funcs ggml_cuda_mmq_get_util_funcs<type,J,fallback>() [with type=GGML_TYPE_Q5_K, J=112, fallback=false]" at line 858 of C:\Users\pperv\code\unnamed_rpg\vendor\ggml\src\ggml-cuda\template-instances\../mmq.cuh
[build]             instantiation of "ggml_cuda_mmq_load_tiles_t ggml_cuda_mmq_get_load_tiles<type,J,fallback>() [with type=GGML_TYPE_Q5_K, J=112, fallback=false]" at line 885 of C:\Users\pperv\code\unnamed_rpg\vendor\ggml\src\ggml-cuda\template-instances\../mmq.cuh
[build]             instantiation of "void mul_mat_q_process_tile<type,J,fallback,fixup>(const char *, int, const int *, const int *, float *, float *, const float *, int, int, int, int, int, int, int) [with type=GGML_TYPE_Q5_K, J=112, fallback=false, fixup=false]" at line 1152 of C:\Users\pperv\code\unnamed_rpg\vendor\ggml\src\ggml-cuda\template-instances\../mmq.cuh
[build]             instantiation of "void mul_mat_q<type,J,fallback>(const char *, const int *, const int32_t *, const int32_t *, float *, float *, const float *, uint3, int, int, int, int, int, uint3, uint3, int, int, int, uint3, uint3, int, int, int, uint3) [with type=GGML_TYPE_Q5_K, J=112, fallback=false]" at line 1407 of C:\Users\pperv\code\unnamed_rpg\vendor\ggml\src\ggml-cuda\template-instances\../mmq.cuh
[build]             instantiation of "void launch_mul_mat_q<type,J,fallback>(ggml_backend_cuda_context &, const mmq_args &, cudaStream_t) [with type=GGML_TYPE_Q5_K, J=112, fallback=false]" at line 1543 of C:\Users\pperv\code\unnamed_rpg\vendor\ggml\src\ggml-cuda\template-instances\../mmq.cuh
[build]             instantiation of "void mul_mat_q_switch_J<type,fallback>(ggml_backend_cuda_context &, const mmq_args &, cudaStream_t) [with type=GGML_TYPE_Q5_K, fallback=false]" at line 1562 of C:\Users\pperv\code\unnamed_rpg\vendor\ggml\src\ggml-cuda\template-instances\../mmq.cuh
[build]             instantiation of "void mul_mat_q_case<type>(ggml_backend_cuda_context &, const mmq_args &, cudaStream_t) [with type=GGML_TYPE_Q5_K]" at line 5 of C:\Users\pperv\code\unnamed_rpg\vendor\ggml\src\ggml-cuda\template-instances\mmq-instance-q5_k.cu
[build] 
[build] C:\Users\pperv\code\unnamed_rpg\vendor\ggml\src\ggml-cuda\mmq-vec-dot.cuh(1078): warning #177-D: variable "I" was declared but never referenced
[build]       constexpr int I             = ggml_cuda_mmq_get_I(type, J, fallback);
[build]                     ^
[build]           detected during:
[build]             instantiation of "void ggml_cuda_mmq_vec_dot_q6_K_q8_1_mma<type,J,fallback>(const int *, const int *, float *, int) [with type=GGML_TYPE_Q5_K, J=112, fallback=false]" at line 783 of C:\Users\pperv\code\unnamed_rpg\vendor\ggml\src\ggml-cuda\template-instances\../mmq.cuh
[build]             instantiation of "ggml_cuda_mmq_util_funcs ggml_cuda_mmq_get_util_funcs<type,J,fallback>() [with type=GGML_TYPE_Q5_K, J=112, fallback=false]" at line 858 of C:\Users\pperv\code\unnamed_rpg\vendor\ggml\src\ggml-cuda\template-instances\../mmq.cuh
[build]             instantiation of "ggml_cuda_mmq_load_tiles_t ggml_cuda_mmq_get_load_tiles<type,J,fallback>() [with type=GGML_TYPE_Q5_K, J=112, fallback=false]" at line 885 of C:\Users\pperv\code\unnamed_rpg\vendor\ggml\src\ggml-cuda\template-instances\../mmq.cuh
[build]             instantiation of "void mul_mat_q_process_tile<type,J,fallback,fixup>(const char *, int, const int *, const int *, float *, float *, const float *, int, int, int, int, int, int, int) [with type=GGML_TYPE_Q5_K, J=112, fallback=false, fixup=false]" at line 1152 of C:\Users\pperv\code\unnamed_rpg\vendor\ggml\src\ggml-cuda\template-instances\../mmq.cuh
[build]             instantiation of "void mul_mat_q<type,J,fallback>(const char *, const int *, const int32_t *, const int32_t *, float *, float *, const float *, uint3, int, int, int, int, int, uint3, uint3, int, int, int, uint3, uint3, int, int, int, uint3) [with type=GGML_TYPE_Q5_K, J=112, fallback=false]" at line 1407 of C:\Users\pperv\code\unnamed_rpg\vendor\ggml\src\ggml-cuda\template-instances\../mmq.cuh
[build]             instantiation of "void launch_mul_mat_q<type,J,fallback>(ggml_backend_cuda_context &, const mmq_args &, cudaStream_t) [with type=GGML_TYPE_Q5_K, J=112, fallback=false]" at line 1543 of C:\Users\pperv\code\unnamed_rpg\vendor\ggml\src\ggml-cuda\template-instances\../mmq.cuh
[build]             instantiation of "void mul_mat_q_switch_J<type,fallback>(ggml_backend_cuda_context &, const mmq_args &, cudaStream_t) [with type=GGML_TYPE_Q5_K, fallback=false]" at line 1562 of C:\Users\pperv\code\unnamed_rpg\vendor\ggml\src\ggml-cuda\template-instances\../mmq.cuh
[build]             instantiation of "void mul_mat_q_case<type>(ggml_backend_cuda_context &, const mmq_args &, cudaStream_t) [with type=GGML_TYPE_Q5_K]" at line 5 of C:\Users\pperv\code\unnamed_rpg\vendor\ggml\src\ggml-cuda\template-instances\mmq-instance-q5_k.cu
[build] 
[build] C:\Users\pperv\code\unnamed_rpg\vendor\ggml\src\ggml-cuda\template-instances\../mmq.cuh(543): warning #177-D: variable "I" was declared but never referenced
[build]       constexpr int I = ggml_cuda_mmq_get_I(type, J, fallback);
[build]                     ^
[build]           detected during:
[build]             instantiation of "ggml_cuda_mmq_util_funcs ggml_cuda_mmq_get_util_funcs<type,J,fallback>() [with type=GGML_TYPE_Q5_K, J=112, fallback=false]" at line 858
[build]             instantiation of "ggml_cuda_mmq_load_tiles_t ggml_cuda_mmq_get_load_tiles<type,J,fallback>() [with type=GGML_TYPE_Q5_K, J=112, fallback=false]" at line 885
[build]             instantiation of "void mul_mat_q_process_tile<type,J,fallback,fixup>(const char *, int, const int *, const int *, float *, float *, const float *, int, int, int, int, int, int, int) [with type=GGML_TYPE_Q5_K, J=112, fallback=false, fixup=false]" at line 1152
[build]             instantiation of "void mul_mat_q<type,J,fallback>(const char *, const int *, const int32_t *, const int32_t *, float *, float *, const float *, uint3, int, int, int, int, int, uint3, uint3, int, int, int, uint3, uint3, int, int, int, uint3) [with type=GGML_TYPE_Q5_K, J=112, fallback=false]" at line 1407
[build]             instantiation of "void launch_mul_mat_q<type,J,fallback>(ggml_backend_cuda_context &, const mmq_args &, cudaStream_t) [with type=GGML_TYPE_Q5_K, J=112, fallback=false]" at line 1543
[build]             instantiation of "void mul_mat_q_switch_J<type,fallback>(ggml_backend_cuda_context &, const mmq_args &, cudaStream_t) [with type=GGML_TYPE_Q5_K, fallback=false]" at line 1562
[build]             instantiation of "void mul_mat_q_case<type>(ggml_backend_cuda_context &, const mmq_args &, cudaStream_t) [with type=GGML_TYPE_Q5_K]" at line 5 of C:\Users\pperv\code\unnamed_rpg\vendor\ggml\src\ggml-cuda\template-instances\mmq-instance-q5_k.cu
[build] 
[build] C:\Users\pperv\code\unnamed_rpg\vendor\ggml\src\ggml-cuda\mmq-vec-dot.cuh(207): warning #177-D: variable "I" was declared but never referenced
[build]       constexpr int I             = ggml_cuda_mmq_get_I(type, J, fallback);
[build]                     ^
[build]           detected during:
[build]             instantiation of "void ggml_cuda_mmq_vec_dot_q8_0_q8_1_mma<type,J,fallback,ds_layout>(const int *, const int *, float *, int) [with type=GGML_TYPE_Q5_K, J=112, fallback=true, ds_layout=MMQ_Q8_1_DS_LAYOUT_D4]" at line 716 of C:\Users\pperv\code\unnamed_rpg\vendor\ggml\src\ggml-cuda\template-instances\../mmq.cuh
[build]             instantiation of "ggml_cuda_mmq_util_funcs ggml_cuda_mmq_get_util_funcs<type,J,fallback>() [with type=GGML_TYPE_Q5_K, J=112, fallback=true]" at line 858 of C:\Users\pperv\code\unnamed_rpg\vendor\ggml\src\ggml-cuda\template-instances\../mmq.cuh
[build]             instantiation of "ggml_cuda_mmq_load_tiles_t ggml_cuda_mmq_get_load_tiles<type,J,fallback>() [with type=GGML_TYPE_Q5_K, J=112, fallback=true]" at line 885 of C:\Users\pperv\code\unnamed_rpg\vendor\ggml\src\ggml-cuda\template-instances\../mmq.cuh
[build]             instantiation of "void mul_mat_q_process_tile<type,J,fallback,fixup>(const char *, int, const int *, const int *, float *, float *, const float *, int, int, int, int, int, int, int) [with type=GGML_TYPE_Q5_K, J=112, fallback=true, fixup=false]" at line 1058 of C:\Users\pperv\code\unnamed_rpg\vendor\ggml\src\ggml-cuda\template-instances\../mmq.cuh
[build]             instantiation of "void mul_mat_q<type,J,fallback>(const char *, const int *, const int32_t *, const int32_t *, float *, float *, const float *, uint3, int, int, int, int, int, uint3, uint3, int, int, int, uint3, uint3, int, int, int, uint3) [with type=GGML_TYPE_Q5_K, J=112, fallback=true]" at line 1408 of C:\Users\pperv\code\unnamed_rpg\vendor\ggml\src\ggml-cuda\template-instances\../mmq.cuh
[build]             instantiation of "void launch_mul_mat_q<type,J,fallback>(ggml_backend_cuda_context &, const mmq_args &, cudaStream_t) [with type=GGML_TYPE_Q5_K, J=112, fallback=false]" at line 1543 of C:\Users\pperv\code\unnamed_rpg\vendor\ggml\src\ggml-cuda\template-instances\../mmq.cuh
[build]             instantiation of "void mul_mat_q_switch_J<type,fallback>(ggml_backend_cuda_context &, const mmq_args &, cudaStream_t) [with type=GGML_TYPE_Q5_K, fallback=false]" at line 1562 of C:\Users\pperv\code\unnamed_rpg\vendor\ggml\src\ggml-cuda\template-instances\../mmq.cuh
[build]             instantiation of "void mul_mat_q_case<type>(ggml_backend_cuda_context &, const mmq_args &, cudaStream_t) [with type=GGML_TYPE_Q5_K]" at line 5 of C:\Users\pperv\code\unnamed_rpg\vendor\ggml\src\ggml-cuda\template-instances\mmq-instance-q5_k.cu
[build] 
[build] C:\Users\pperv\code\unnamed_rpg\vendor\ggml\src\ggml-cuda\template-instances\../mmq.cuh(485): warning #177-D: variable "nwarps" was declared but never referenced
[build]       constexpr int nwarps        = ggml_cuda_mmq_get_nthreads(type, J, fallback) / warp_size;
[build]                     ^
[build]           detected during:
[build]             instantiation of "void ggml_cuda_mmq_write_back_mma<type,J,fallback>(const float *, const int *, float *, const float *, int, int, int) [with type=GGML_TYPE_Q5_K, J=112, fallback=true]" at line 716
[build]             instantiation of "ggml_cuda_mmq_util_funcs ggml_cuda_mmq_get_util_funcs<type,J,fallback>() [with type=GGML_TYPE_Q5_K, J=112, fallback=true]" at line 858
[build]             instantiation of "ggml_cuda_mmq_load_tiles_t ggml_cuda_mmq_get_load_tiles<type,J,fallback>() [with type=GGML_TYPE_Q5_K, J=112, fallback=true]" at line 885
[build]             instantiation of "void mul_mat_q_process_tile<type,J,fallback,fixup>(const char *, int, const int *, const int *, float *, float *, const float *, int, int, int, int, int, int, int) [with type=GGML_TYPE_Q5_K, J=112, fallback=true, fixup=false]" at line 1058
[build]             instantiation of "void mul_mat_q<type,J,fallback>(const char *, const int *, const int32_t *, const int32_t *, float *, float *, const float *, uint3, int, int, int, int, int, uint3, uint3, int, int, int, uint3, uint3, int, int, int, uint3) [with type=GGML_TYPE_Q5_K, J=112, fallback=true]" at line 1408
[build]             instantiation of "void launch_mul_mat_q<type,J,fallback>(ggml_backend_cuda_context &, const mmq_args &, cudaStream_t) [with type=GGML_TYPE_Q5_K, J=112, fallback=false]" at line 1543
[build]             instantiation of "void mul_mat_q_switch_J<type,fallback>(ggml_backend_cuda_context &, const mmq_args &, cudaStream_t) [with type=GGML_TYPE_Q5_K, fallback=false]" at line 1562
[build]             instantiation of "void mul_mat_q_case<type>(ggml_backend_cuda_context &, const mmq_args &, cudaStream_t) [with type=GGML_TYPE_Q5_K]" at line 5 of C:\Users\pperv\code\unnamed_rpg\vendor\ggml\src\ggml-cuda\template-instances\mmq-instance-q5_k.cu
[build] 
[build] C:\Users\pperv\code\unnamed_rpg\vendor\ggml\src\ggml-cuda\template-instances\../mmq.cuh(486): warning #177-D: variable "I" was declared but never referenced
[build]       constexpr int I             = ggml_cuda_mmq_get_I(type, J, fallback);
[build]                     ^
[build]           detected during:
[build]             instantiation of "void ggml_cuda_mmq_write_back_mma<type,J,fallback>(const float *, const int *, float *, const float *, int, int, int) [with type=GGML_TYPE_Q5_K, J=112, fallback=true]" at line 716
[build]             instantiation of "ggml_cuda_mmq_util_funcs ggml_cuda_mmq_get_util_funcs<type,J,fallback>() [with type=GGML_TYPE_Q5_K, J=112, fallback=true]" at line 858
[build]             instantiation of "ggml_cuda_mmq_load_tiles_t ggml_cuda_mmq_get_load_tiles<type,J,fallback>() [with type=GGML_TYPE_Q5_K, J=112, fallback=true]" at line 885
[build]             instantiation of "void mul_mat_q_process_tile<type,J,fallback,fixup>(const char *, int, const int *, const int *, float *, float *, const float *, int, int, int, int, int, int, int) [with type=GGML_TYPE_Q5_K, J=112, fallback=true, fixup=false]" at line 1058
[build]             instantiation of "void mul_mat_q<type,J,fallback>(const char *, const int *, const int32_t *, const int32_t *, float *, float *, const float *, uint3, int, int, int, int, int, uint3, uint3, int, int, int, uint3, uint3, int, int, int, uint3) [with type=GGML_TYPE_Q5_K, J=112, fallback=true]" at line 1408
[build]             instantiation of "void launch_mul_mat_q<type,J,fallback>(ggml_backend_cuda_context &, const mmq_args &, cudaStream_t) [with type=GGML_TYPE_Q5_K, J=112, fallback=false]" at line 1543
[build]             instantiation of "void mul_mat_q_switch_J<type,fallback>(ggml_backend_cuda_context &, const mmq_args &, cudaStream_t) [with type=GGML_TYPE_Q5_K, fallback=false]" at line 1562
[build]             instantiation of "void mul_mat_q_case<type>(ggml_backend_cuda_context &, const mmq_args &, cudaStream_t) [with type=GGML_TYPE_Q5_K]" at line 5 of C:\Users\pperv\code\unnamed_rpg\vendor\ggml\src\ggml-cuda\template-instances\mmq-instance-q5_k.cu
[build] 
[build] C:\Users\pperv\code\unnamed_rpg\vendor\ggml\src\ggml-cuda\mmq-vec-dot.cuh(207): warning #177-D: variable "I" was declared but never referenced
[build]       constexpr int I             = ggml_cuda_mmq_get_I(type, J, fallback);
[build]                     ^
[build]           detected during:
[build]             instantiation of "void ggml_cuda_mmq_vec_dot_q8_0_q8_1_mma<type,J,fallback,ds_layout>(const int *, const int *, float *, int) [with type=GGML_TYPE_Q5_K, J=112, fallback=true, ds_layout=MMQ_Q8_1_DS_LAYOUT_DS4]" at line 728 of C:\Users\pperv\code\unnamed_rpg\vendor\ggml\src\ggml-cuda\template-instances\../mmq.cuh
[build]             instantiation of "ggml_cuda_mmq_util_funcs ggml_cuda_mmq_get_util_funcs<type,J,fallback>() [with type=GGML_TYPE_Q5_K, J=112, fallback=true]" at line 858 of C:\Users\pperv\code\unnamed_rpg\vendor\ggml\src\ggml-cuda\template-instances\../mmq.cuh
[build]             instantiation of "ggml_cuda_mmq_load_tiles_t ggml_cuda_mmq_get_load_tiles<type,J,fallback>() [with type=GGML_TYPE_Q5_K, J=112, fallback=true]" at line 885 of C:\Users\pperv\code\unnamed_rpg\vendor\ggml\src\ggml-cuda\template-instances\../mmq.cuh
[build]             instantiation of "void mul_mat_q_process_tile<type,J,fallback,fixup>(const char *, int, const int *, const int *, float *, float *, const float *, int, int, int, int, int, int, int) [with type=GGML_TYPE_Q5_K, J=112, fallback=true, fixup=false]" at line 1058 of C:\Users\pperv\code\unnamed_rpg\vendor\ggml\src\ggml-cuda\template-instances\../mmq.cuh
[build]             instantiation of "void mul_mat_q<type,J,fallback>(const char *, const int *, const int32_t *, const int32_t *, float *, float *, const float *, uint3, int, int, int, int, int, uint3, uint3, int, int, int, uint3, uint3, int, int, int, uint3) [with type=GGML_TYPE_Q5_K, J=112, fallback=true]" at line 1408 of C:\Users\pperv\code\unnamed_rpg\vendor\ggml\src\ggml-cuda\template-instances\../mmq.cuh
[build]             instantiation of "void launch_mul_mat_q<type,J,fallback>(ggml_backend_cuda_context &, const mmq_args &, cudaStream_t) [with type=GGML_TYPE_Q5_K, J=112, fallback=false]" at line 1543 of C:\Users\pperv\code\unnamed_rpg\vendor\ggml\src\ggml-cuda\template-instances\../mmq.cuh
[build]             instantiation of "void mul_mat_q_switch_J<type,fallback>(ggml_backend_cuda_context &, const mmq_args &, cudaStream_t) [with type=GGML_TYPE_Q5_K, fallback=false]" at line 1562 of C:\Users\pperv\code\unnamed_rpg\vendor\ggml\src\ggml-cuda\template-instances\../mmq.cuh
[build]             instantiation of "void mul_mat_q_case<type>(ggml_backend_cuda_context &, const mmq_args &, cudaStream_t) [with type=GGML_TYPE_Q5_K]" at line 5 of C:\Users\pperv\code\unnamed_rpg\vendor\ggml\src\ggml-cuda\template-instances\mmq-instance-q5_k.cu
[build] 
[build] C:\Users\pperv\code\unnamed_rpg\vendor\ggml\src\ggml-cuda\mmq-vec-dot.cuh(374): warning #177-D: variable "I" was declared but never referenced
[build]       constexpr int I             = ggml_cuda_mmq_get_I(type, J, fallback);
[build]                     ^
[build]           detected during:
[build]             instantiation of "void ggml_cuda_mmq_vec_dot_q8_1_q8_1_mma<type,J,fallback>(const int *, const int *, float *, int) [with type=GGML_TYPE_Q5_K, J=112, fallback=true]" at line 734 of C:\Users\pperv\code\unnamed_rpg\vendor\ggml\src\ggml-cuda\template-instances\../mmq.cuh
[build]             instantiation of "ggml_cuda_mmq_util_funcs ggml_cuda_mmq_get_util_funcs<type,J,fallback>() [with type=GGML_TYPE_Q5_K, J=112, fallback=true]" at line 858 of C:\Users\pperv\code\unnamed_rpg\vendor\ggml\src\ggml-cuda\template-instances\../mmq.cuh
[build]             instantiation of "ggml_cuda_mmq_load_tiles_t ggml_cuda_mmq_get_load_tiles<type,J,fallback>() [with type=GGML_TYPE_Q5_K, J=112, fallback=true]" at line 885 of C:\Users\pperv\code\unnamed_rpg\vendor\ggml\src\ggml-cuda\template-instances\../mmq.cuh
[build]             instantiation of "void mul_mat_q_process_tile<type,J,fallback,fixup>(const char *, int, const int *, const int *, float *, float *, const float *, int, int, int, int, int, int, int) [with type=GGML_TYPE_Q5_K, J=112, fallback=true, fixup=false]" at line 1058 of C:\Users\pperv\code\unnamed_rpg\vendor\ggml\src\ggml-cuda\template-instances\../mmq.cuh
[build]             instantiation of "void mul_mat_q<type,J,fallback>(const char *, const int *, const int32_t *, const int32_t *, float *, float *, const float *, uint3, int, int, int, int, int, uint3, uint3, int, int, int, uint3, uint3, int, int, int, uint3) [with type=GGML_TYPE_Q5_K, J=112, fallback=true]" at line 1408 of C:\Users\pperv\code\unnamed_rpg\vendor\ggml\src\ggml-cuda\template-instances\../mmq.cuh
[build]             instantiation of "void launch_mul_mat_q<type,J,fallback>(ggml_backend_cuda_context &, const mmq_args &, cudaStream_t) [with type=GGML_TYPE_Q5_K, J=112, fallback=false]" at line 1543 of C:\Users\pperv\code\unnamed_rpg\vendor\ggml\src\ggml-cuda\template-instances\../mmq.cuh
[build]             instantiation of "void mul_mat_q_switch_J<type,fallback>(ggml_backend_cuda_context &, const mmq_args &, cudaStream_t) [with type=GGML_TYPE_Q5_K, fallback=false]" at line 1562 of C:\Users\pperv\code\unnamed_rpg\vendor\ggml\src\ggml-cuda\template-instances\../mmq.cuh
[build]             instantiation of "void mul_mat_q_case<type>(ggml_backend_cuda_context &, const mmq_args &, cudaStream_t) [with type=GGML_TYPE_Q5_K]" at line 5 of C:\Users\pperv\code\unnamed_rpg\vendor\ggml\src\ggml-cuda\template-instances\mmq-instance-q5_k.cu
[build] 
[build] C:\Users\pperv\code\unnamed_rpg\vendor\ggml\src\ggml-cuda\mmq-vec-dot.cuh(759): warning #177-D: variable "I" was declared but never referenced
[build]       constexpr int I             = ggml_cuda_mmq_get_I(type, J, fallback);
[build]                     ^
[build]           detected during:
[build]             instantiation of "void ggml_cuda_mmq_vec_dot_q2_K_q8_1_mma<type,J,fallback>(const int *, const int *, float *, int) [with type=GGML_TYPE_Q5_K, J=112, fallback=true]" at line 759 of C:\Users\pperv\code\unnamed_rpg\vendor\ggml\src\ggml-cuda\template-instances\../mmq.cuh
[build]             instantiation of "ggml_cuda_mmq_util_funcs ggml_cuda_mmq_get_util_funcs<type,J,fallback>() [with type=GGML_TYPE_Q5_K, J=112, fallback=true]" at line 858 of C:\Users\pperv\code\unnamed_rpg\vendor\ggml\src\ggml-cuda\template-instances\../mmq.cuh
[build]             instantiation of "ggml_cuda_mmq_load_tiles_t ggml_cuda_mmq_get_load_tiles<type,J,fallback>() [with type=GGML_TYPE_Q5_K, J=112, fallback=true]" at line 885 of C:\Users\pperv\code\unnamed_rpg\vendor\ggml\src\ggml-cuda\template-instances\../mmq.cuh
[build]             instantiation of "void mul_mat_q_process_tile<type,J,fallback,fixup>(const char *, int, const int *, const int *, float *, float *, const float *, int, int, int, int, int, int, int) [with type=GGML_TYPE_Q5_K, J=112, fallback=true, fixup=false]" at line 1058 of C:\Users\pperv\code\unnamed_rpg\vendor\ggml\src\ggml-cuda\template-instances\../mmq.cuh
[build]             instantiation of "void mul_mat_q<type,J,fallback>(const char *, const int *, const int32_t *, const int32_t *, float *, float *, const float *, uint3, int, int, int, int, int, uint3, uint3, int, int, int, uint3, uint3, int, int, int, uint3) [with type=GGML_TYPE_Q5_K, J=112, fallback=true]" at line 1408 of C:\Users\pperv\code\unnamed_rpg\vendor\ggml\src\ggml-cuda\template-instances\../mmq.cuh
[build]             instantiation of "void launch_mul_mat_q<type,J,fallback>(ggml_backend_cuda_context &, const mmq_args &, cudaStream_t) [with type=GGML_TYPE_Q5_K, J=112, fallback=false]" at line 1543 of C:\Users\pperv\code\unnamed_rpg\vendor\ggml\src\ggml-cuda\template-instances\../mmq.cuh
[build]             instantiation of "void mul_mat_q_switch_J<type,fallback>(ggml_backend_cuda_context &, const mmq_args &, cudaStream_t) [with type=GGML_TYPE_Q5_K, fallback=false]" at line 1562 of C:\Users\pperv\code\unnamed_rpg\vendor\ggml\src\ggml-cuda\template-instances\../mmq.cuh
[build]             instantiation of "void mul_mat_q_case<type>(ggml_backend_cuda_context &, const mmq_args &, cudaStream_t) [with type=GGML_TYPE_Q5_K]" at line 5 of C:\Users\pperv\code\unnamed_rpg\vendor\ggml\src\ggml-cuda\template-instances\mmq-instance-q5_k.cu
[build] 
[build] C:\Users\pperv\code\unnamed_rpg\vendor\ggml\src\ggml-cuda\mmq-vec-dot.cuh(540): warning #177-D: variable "I" was declared but never referenced
[build]       constexpr int I             = ggml_cuda_mmq_get_I(type, J, fallback);
[build]                     ^
[build]           detected during:
[build]             instantiation of "void ggml_cuda_mmq_vec_dot_q8_0_16_q8_1_mma<type,J,fallback>(const int *, const int *, float *, int) [with type=GGML_TYPE_Q5_K, J=112, fallback=true]" at line 765 of C:\Users\pperv\code\unnamed_rpg\vendor\ggml\src\ggml-cuda\template-instances\../mmq.cuh
[build]             instantiation of "ggml_cuda_mmq_util_funcs ggml_cuda_mmq_get_util_funcs<type,J,fallback>() [with type=GGML_TYPE_Q5_K, J=112, fallback=true]" at line 858 of C:\Users\pperv\code\unnamed_rpg\vendor\ggml\src\ggml-cuda\template-instances\../mmq.cuh
[build]             instantiation of "ggml_cuda_mmq_load_tiles_t ggml_cuda_mmq_get_load_tiles<type,J,fallback>() [with type=GGML_TYPE_Q5_K, J=112, fallback=true]" at line 885 of C:\Users\pperv\code\unnamed_rpg\vendor\ggml\src\ggml-cuda\template-instances\../mmq.cuh
[build]             instantiation of "void mul_mat_q_process_tile<type,J,fallback,fixup>(const char *, int, const int *, const int *, float *, float *, const float *, int, int, int, int, int, int, int) [with type=GGML_TYPE_Q5_K, J=112, fallback=true, fixup=false]" at line 1058 of C:\Users\pperv\code\unnamed_rpg\vendor\ggml\src\ggml-cuda\template-instances\../mmq.cuh
[build]             instantiation of "void mul_mat_q<type,J,fallback>(const char *, const int *, const int32_t *, const int32_t *, float *, float *, const float *, uint3, int, int, int, int, int, uint3, uint3, int, int, int, uint3, uint3, int, int, int, uint3) [with type=GGML_TYPE_Q5_K, J=112, fallback=true]" at line 1408 of C:\Users\pperv\code\unnamed_rpg\vendor\ggml\src\ggml-cuda\template-instances\../mmq.cuh
[build]             instantiation of "void launch_mul_mat_q<type,J,fallback>(ggml_backend_cuda_context &, const mmq_args &, cudaStream_t) [with type=GGML_TYPE_Q5_K, J=112, fallback=false]" at line 1543 of C:\Users\pperv\code\unnamed_rpg\vendor\ggml\src\ggml-cuda\template-instances\../mmq.cuh
[build]             instantiation of "void mul_mat_q_switch_J<type,fallback>(ggml_backend_cuda_context &, const mmq_args &, cudaStream_t) [with type=GGML_TYPE_Q5_K, fallback=false]" at line 1562 of C:\Users\pperv\code\unnamed_rpg\vendor\ggml\src\ggml-cuda\template-instances\../mmq.cuh
[build]             instantiation of "void mul_mat_q_case<type>(ggml_backend_cuda_context &, const mmq_args &, cudaStream_t) [with type=GGML_TYPE_Q5_K]" at line 5 of C:\Users\pperv\code\unnamed_rpg\vendor\ggml\src\ggml-cuda\template-instances\mmq-instance-q5_k.cu
[build] 
[build] C:\Users\pperv\code\unnamed_rpg\vendor\ggml\src\ggml-cuda\mmq-vec-dot.cuh(1078): warning #177-D: variable "I" was declared but never referenced
[build]       constexpr int I             = ggml_cuda_mmq_get_I(type, J, fallback);
[build]                     ^
[build]           detected during:
[build]             instantiation of "void ggml_cuda_mmq_vec_dot_q6_K_q8_1_mma<type,J,fallback>(const int *, const int *, float *, int) [with type=GGML_TYPE_Q5_K, J=112, fallback=true]" at line 783 of C:\Users\pperv\code\unnamed_rpg\vendor\ggml\src\ggml-cuda\template-instances\../mmq.cuh
[build]             instantiation of "ggml_cuda_mmq_util_funcs ggml_cuda_mmq_get_util_funcs<type,J,fallback>() [with type=GGML_TYPE_Q5_K, J=112, fallback=true]" at line 858 of C:\Users\pperv\code\unnamed_rpg\vendor\ggml\src\ggml-cuda\template-instances\../mmq.cuh
[build]             instantiation of "ggml_cuda_mmq_load_tiles_t ggml_cuda_mmq_get_load_tiles<type,J,fallback>() [with type=GGML_TYPE_Q5_K, J=112, fallback=true]" at line 885 of C:\Users\pperv\code\unnamed_rpg\vendor\ggml\src\ggml-cuda\template-instances\../mmq.cuh
[build]             instantiation of "void mul_mat_q_process_tile<type,J,fallback,fixup>(const char *, int, const int *, const int *, float *, float *, const float *, int, int, int, int, int, int, int) [with type=GGML_TYPE_Q5_K, J=112, fallback=true, fixup=false]" at line 1058 of C:\Users\pperv\code\unnamed_rpg\vendor\ggml\src\ggml-cuda\template-instances\../mmq.cuh
[build]             instantiation of "void mul_mat_q<type,J,fallback>(const char *, const int *, const int32_t *, const int32_t *, float *, float *, const float *, uint3, int, int, int, int, int, uint3, uint3, int, int, int, uint3, uint3, int, int, int, uint3) [with type=GGML_TYPE_Q5_K, J=112, fallback=true]" at line 1408 of C:\Users\pperv\code\unnamed_rpg\vendor\ggml\src\ggml-cuda\template-instances\../mmq.cuh
[build]             instantiation of "void launch_mul_mat_q<type,J,fallback>(ggml_backend_cuda_context &, const mmq_args &, cudaStream_t) [with type=GGML_TYPE_Q5_K, J=112, fallback=false]" at line 1543 of C:\Users\pperv\code\unnamed_rpg\vendor\ggml\src\ggml-cuda\template-instances\../mmq.cuh
[build]             instantiation of "void mul_mat_q_switch_J<type,fallback>(ggml_backend_cuda_context &, const mmq_args &, cudaStream_t) [with type=GGML_TYPE_Q5_K, fallback=false]" at line 1562 of C:\Users\pperv\code\unnamed_rpg\vendor\ggml\src\ggml-cuda\template-instances\../mmq.cuh
[build]             instantiation of "void mul_mat_q_case<type>(ggml_backend_cuda_context &, const mmq_args &, cudaStream_t) [with type=GGML_TYPE_Q5_K]" at line 5 of C:\Users\pperv\code\unnamed_rpg\vendor\ggml\src\ggml-cuda\template-instances\mmq-instance-q5_k.cu
[build] 
[build] C:\Users\pperv\code\unnamed_rpg\vendor\ggml\src\ggml-cuda\template-instances\../mmq.cuh(543): warning #177-D: variable "I" was declared but never referenced
[build]       constexpr int I = ggml_cuda_mmq_get_I(type, J, fallback);
[build]                     ^
[build]           detected during:
[build]             instantiation of "ggml_cuda_mmq_util_funcs ggml_cuda_mmq_get_util_funcs<type,J,fallback>() [with type=GGML_TYPE_Q5_K, J=112, fallback=true]" at line 858
[build]             instantiation of "ggml_cuda_mmq_load_tiles_t ggml_cuda_mmq_get_load_tiles<type,J,fallback>() [with type=GGML_TYPE_Q5_K, J=112, fallback=true]" at line 885
[build]             instantiation of "void mul_mat_q_process_tile<type,J,fallback,fixup>(const char *, int, const int *, const int *, float *, float *, const float *, int, int, int, int, int, int, int) [with type=GGML_TYPE_Q5_K, J=112, fallback=true, fixup=false]" at line 1058
[build]             instantiation of "void mul_mat_q<type,J,fallback>(const char *, const int *, const int32_t *, const int32_t *, float *, float *, const float *, uint3, int, int, int, int, int, uint3, uint3, int, int, int, uint3, uint3, int, int, int, uint3) [with type=GGML_TYPE_Q5_K, J=112, fallback=true]" at line 1408
[build]             instantiation of "void launch_mul_mat_q<type,J,fallback>(ggml_backend_cuda_context &, const mmq_args &, cudaStream_t) [with type=GGML_TYPE_Q5_K, J=112, fallback=false]" at line 1543
[build]             instantiation of "void mul_mat_q_switch_J<type,fallback>(ggml_backend_cuda_context &, const mmq_args &, cudaStream_t) [with type=GGML_TYPE_Q5_K, fallback=false]" at line 1562
[build]             instantiation of "void mul_mat_q_case<type>(ggml_backend_cuda_context &, const mmq_args &, cudaStream_t) [with type=GGML_TYPE_Q5_K]" at line 5 of C:\Users\pperv\code\unnamed_rpg\vendor\ggml\src\ggml-cuda\template-instances\mmq-instance-q5_k.cu
[build] 
[build] C:\Users\pperv\code\unnamed_rpg\vendor\ggml\src\ggml-cuda\mmq-vec-dot.cuh(207): warning #177-D: variable "I" was declared but never referenced
[build]       constexpr int I             = ggml_cuda_mmq_get_I(type, J, fallback);
[build]                     ^
[build]           detected during:
[build]             instantiation of "void ggml_cuda_mmq_vec_dot_q8_0_q8_1_mma<type,J,fallback,ds_layout>(const int *, const int *, float *, int) [with type=GGML_TYPE_Q5_K, J=120, fallback=false, ds_layout=MMQ_Q8_1_DS_LAYOUT_D4]" at line 716 of C:\Users\pperv\code\unnamed_rpg\vendor\ggml\src\ggml-cuda\template-instances\../mmq.cuh
[build]             instantiation of "ggml_cuda_mmq_util_funcs ggml_cuda_mmq_get_util_funcs<type,J,fallback>() [with type=GGML_TYPE_Q5_K, J=120, fallback=false]" at line 858 of C:\Users\pperv\code\unnamed_rpg\vendor\ggml\src\ggml-cuda\template-instances\../mmq.cuh
[build]             instantiation of "ggml_cuda_mmq_load_tiles_t ggml_cuda_mmq_get_load_tiles<type,J,fallback>() [with type=GGML_TYPE_Q5_K, J=120, fallback=false]" at line 885 of C:\Users\pperv\code\unnamed_rpg\vendor\ggml\src\ggml-cuda\template-instances\../mmq.cuh
[build]             instantiation of "void mul_mat_q_process_tile<type,J,fallback,fixup>(const char *, int, const int *, const int *, float *, float *, const float *, int, int, int, int, int, int, int) [with type=GGML_TYPE_Q5_K, J=120, fallback=false, fixup=false]" at line 1058 of C:\Users\pperv\code\unnamed_rpg\vendor\ggml\src\ggml-cuda\template-instances\../mmq.cuh
[build]             instantiation of "void mul_mat_q<type,J,fallback>(const char *, const int *, const int32_t *, const int32_t *, float *, float *, const float *, uint3, int, int, int, int, int, uint3, uint3, int, int, int, uint3, uint3, int, int, int, uint3) [with type=GGML_TYPE_Q5_K, J=120, fallback=false]" at line 1407 of C:\Users\pperv\code\unnamed_rpg\vendor\ggml\src\ggml-cuda\template-instances\../mmq.cuh
[build]             instantiation of "void launch_mul_mat_q<type,J,fallback>(ggml_backend_cuda_context &, const mmq_args &, cudaStream_t) [with type=GGML_TYPE_Q5_K, J=120, fallback=false]" at line 1546 of C:\Users\pperv\code\unnamed_rpg\vendor\ggml\src\ggml-cuda\template-instances\../mmq.cuh
[build]             instantiation of "void mul_mat_q_switch_J<type,fallback>(ggml_backend_cuda_context &, const mmq_args &, cudaStream_t) [with type=GGML_TYPE_Q5_K, fallback=false]" at line 1562 of C:\Users\pperv\code\unnamed_rpg\vendor\ggml\src\ggml-cuda\template-instances\../mmq.cuh
[build]             instantiation of "void mul_mat_q_case<type>(ggml_backend_cuda_context &, const mmq_args &, cudaStream_t) [with type=GGML_TYPE_Q5_K]" at line 5 of C:\Users\pperv\code\unnamed_rpg\vendor\ggml\src\ggml-cuda\template-instances\mmq-instance-q5_k.cu
[build] 
[build] C:\Users\pperv\code\unnamed_rpg\vendor\ggml\src\ggml-cuda\template-instances\../mmq.cuh(485): warning #177-D: variable "nwarps" was declared but never referenced
[build]       constexpr int nwarps        = ggml_cuda_mmq_get_nthreads(type, J, fallback) / warp_size;
[build]                     ^
[build]           detected during:
[build]             instantiation of "void ggml_cuda_mmq_write_back_mma<type,J,fallback>(const float *, const int *, float *, const float *, int, int, int) [with type=GGML_TYPE_Q5_K, J=120, fallback=false]" at line 716
[build]             instantiation of "ggml_cuda_mmq_util_funcs ggml_cuda_mmq_get_util_funcs<type,J,fallback>() [with type=GGML_TYPE_Q5_K, J=120, fallback=false]" at line 858
[build]             instantiation of "ggml_cuda_mmq_load_tiles_t ggml_cuda_mmq_get_load_tiles<type,J,fallback>() [with type=GGML_TYPE_Q5_K, J=120, fallback=false]" at line 885
[build]             instantiation of "void mul_mat_q_process_tile<type,J,fallback,fixup>(const char *, int, const int *, const int *, float *, float *, const float *, int, int, int, int, int, int, int) [with type=GGML_TYPE_Q5_K, J=120, fallback=false, fixup=false]" at line 1058
[build]             instantiation of "void mul_mat_q<type,J,fallback>(const char *, const int *, const int32_t *, const int32_t *, float *, float *, const float *, uint3, int, int, int, int, int, uint3, uint3, int, int, int, uint3, uint3, int, int, int, uint3) [with type=GGML_TYPE_Q5_K, J=120, fallback=false]" at line 1407
[build]             instantiation of "void launch_mul_mat_q<type,J,fallback>(ggml_backend_cuda_context &, const mmq_args &, cudaStream_t) [with type=GGML_TYPE_Q5_K, J=120, fallback=false]" at line 1546
[build]             instantiation of "void mul_mat_q_switch_J<type,fallback>(ggml_backend_cuda_context &, const mmq_args &, cudaStream_t) [with type=GGML_TYPE_Q5_K, fallback=false]" at line 1562
[build]             instantiation of "void mul_mat_q_case<type>(ggml_backend_cuda_context &, const mmq_args &, cudaStream_t) [with type=GGML_TYPE_Q5_K]" at line 5 of C:\Users\pperv\code\unnamed_rpg\vendor\ggml\src\ggml-cuda\template-instances\mmq-instance-q5_k.cu
[build] 
[build] C:\Users\pperv\code\unnamed_rpg\vendor\ggml\src\ggml-cuda\template-instances\../mmq.cuh(486): warning #177-D: variable "I" was declared but never referenced
[build]       constexpr int I             = ggml_cuda_mmq_get_I(type, J, fallback);
[build]                     ^
[build]           detected during:
[build]             instantiation of "void ggml_cuda_mmq_write_back_mma<type,J,fallback>(const float *, const int *, float *, const float *, int, int, int) [with type=GGML_TYPE_Q5_K, J=120, fallback=false]" at line 716
[build]             instantiation of "ggml_cuda_mmq_util_funcs ggml_cuda_mmq_get_util_funcs<type,J,fallback>() [with type=GGML_TYPE_Q5_K, J=120, fallback=false]" at line 858
[build]             instantiation of "ggml_cuda_mmq_load_tiles_t ggml_cuda_mmq_get_load_tiles<type,J,fallback>() [with type=GGML_TYPE_Q5_K, J=120, fallback=false]" at line 885
[build]             instantiation of "void mul_mat_q_process_tile<type,J,fallback,fixup>(const char *, int, const int *, const int *, float *, float *, const float *, int, int, int, int, int, int, int) [with type=GGML_TYPE_Q5_K, J=120, fallback=false, fixup=false]" at line 1058
[build]             instantiation of "void mul_mat_q<type,J,fallback>(const char *, const int *, const int32_t *, const int32_t *, float *, float *, const float *, uint3, int, int, int, int, int, uint3, uint3, int, int, int, uint3, uint3, int, int, int, uint3) [with type=GGML_TYPE_Q5_K, J=120, fallback=false]" at line 1407
[build]             instantiation of "void launch_mul_mat_q<type,J,fallback>(ggml_backend_cuda_context &, const mmq_args &, cudaStream_t) [with type=GGML_TYPE_Q5_K, J=120, fallback=false]" at line 1546
[build]             instantiation of "void mul_mat_q_switch_J<type,fallback>(ggml_backend_cuda_context &, const mmq_args &, cudaStream_t) [with type=GGML_TYPE_Q5_K, fallback=false]" at line 1562
[build]             instantiation of "void mul_mat_q_case<type>(ggml_backend_cuda_context &, const mmq_args &, cudaStream_t) [with type=GGML_TYPE_Q5_K]" at line 5 of C:\Users\pperv\code\unnamed_rpg\vendor\ggml\src\ggml-cuda\template-instances\mmq-instance-q5_k.cu
[build] 
[build] C:\Users\pperv\code\unnamed_rpg\vendor\ggml\src\ggml-cuda\mmq-vec-dot.cuh(207): warning #177-D: variable "I" was declared but never referenced
[build]       constexpr int I             = ggml_cuda_mmq_get_I(type, J, fallback);
[build]                     ^
[build]           detected during:
[build]             instantiation of "void ggml_cuda_mmq_vec_dot_q8_0_q8_1_mma<type,J,fallback,ds_layout>(const int *, const int *, float *, int) [with type=GGML_TYPE_Q5_K, J=120, fallback=false, ds_layout=MMQ_Q8_1_DS_LAYOUT_DS4]" at line 728 of C:\Users\pperv\code\unnamed_rpg\vendor\ggml\src\ggml-cuda\template-instances\../mmq.cuh
[build]             instantiation of "ggml_cuda_mmq_util_funcs ggml_cuda_mmq_get_util_funcs<type,J,fallback>() [with type=GGML_TYPE_Q5_K, J=120, fallback=false]" at line 858 of C:\Users\pperv\code\unnamed_rpg\vendor\ggml\src\ggml-cuda\template-instances\../mmq.cuh
[build]             instantiation of "ggml_cuda_mmq_load_tiles_t ggml_cuda_mmq_get_load_tiles<type,J,fallback>() [with type=GGML_TYPE_Q5_K, J=120, fallback=false]" at line 885 of C:\Users\pperv\code\unnamed_rpg\vendor\ggml\src\ggml-cuda\template-instances\../mmq.cuh
[build]             instantiation of "void mul_mat_q_process_tile<type,J,fallback,fixup>(const char *, int, const int *, const int *, float *, float *, const float *, int, int, int, int, int, int, int) [with type=GGML_TYPE_Q5_K, J=120, fallback=false, fixup=false]" at line 1058 of C:\Users\pperv\code\unnamed_rpg\vendor\ggml\src\ggml-cuda\template-instances\../mmq.cuh
[build]             instantiation of "void mul_mat_q<type,J,fallback>(const char *, const int *, const int32_t *, const int32_t *, float *, float *, const float *, uint3, int, int, int, int, int, uint3, uint3, int, int, int, uint3, uint3, int, int, int, uint3) [with type=GGML_TYPE_Q5_K, J=120, fallback=false]" at line 1407 of C:\Users\pperv\code\unnamed_rpg\vendor\ggml\src\ggml-cuda\template-instances\../mmq.cuh
[build]             instantiation of "void launch_mul_mat_q<type,J,fallback>(ggml_backend_cuda_context &, const mmq_args &, cudaStream_t) [with type=GGML_TYPE_Q5_K, J=120, fallback=false]" at line 1546 of C:\Users\pperv\code\unnamed_rpg\vendor\ggml\src\ggml-cuda\template-instances\../mmq.cuh
[build]             instantiation of "void mul_mat_q_switch_J<type,fallback>(ggml_backend_cuda_context &, const mmq_args &, cudaStream_t) [with type=GGML_TYPE_Q5_K, fallback=false]" at line 1562 of C:\Users\pperv\code\unnamed_rpg\vendor\ggml\src\ggml-cuda\template-instances\../mmq.cuh
[build]             instantiation of "void mul_mat_q_case<type>(ggml_backend_cuda_context &, const mmq_args &, cudaStream_t) [with type=GGML_TYPE_Q5_K]" at line 5 of C:\Users\pperv\code\unnamed_rpg\vendor\ggml\src\ggml-cuda\template-instances\mmq-instance-q5_k.cu
[build] 
[build] C:\Users\pperv\code\unnamed_rpg\vendor\ggml\src\ggml-cuda\mmq-vec-dot.cuh(374): warning #177-D: variable "I" was declared but never referenced
[build]       constexpr int I             = ggml_cuda_mmq_get_I(type, J, fallback);
[build]                     ^
[build]           detected during:
[build]             instantiation of "void ggml_cuda_mmq_vec_dot_q8_1_q8_1_mma<type,J,fallback>(const int *, const int *, float *, int) [with type=GGML_TYPE_Q5_K, J=120, fallback=false]" at line 734 of C:\Users\pperv\code\unnamed_rpg\vendor\ggml\src\ggml-cuda\template-instances\../mmq.cuh
[build]             instantiation of "ggml_cuda_mmq_util_funcs ggml_cuda_mmq_get_util_funcs<type,J,fallback>() [with type=GGML_TYPE_Q5_K, J=120, fallback=false]" at line 858 of C:\Users\pperv\code\unnamed_rpg\vendor\ggml\src\ggml-cuda\template-instances\../mmq.cuh
[build]             instantiation of "ggml_cuda_mmq_load_tiles_t ggml_cuda_mmq_get_load_tiles<type,J,fallback>() [with type=GGML_TYPE_Q5_K, J=120, fallback=false]" at line 885 of C:\Users\pperv\code\unnamed_rpg\vendor\ggml\src\ggml-cuda\template-instances\../mmq.cuh
[build]             instantiation of "void mul_mat_q_process_tile<type,J,fallback,fixup>(const char *, int, const int *, const int *, float *, float *, const float *, int, int, int, int, int, int, int) [with type=GGML_TYPE_Q5_K, J=120, fallback=false, fixup=false]" at line 1058 of C:\Users\pperv\code\unnamed_rpg\vendor\ggml\src\ggml-cuda\template-instances\../mmq.cuh
[build]             instantiation of "void mul_mat_q<type,J,fallback>(const char *, const int *, const int32_t *, const int32_t *, float *, float *, const float *, uint3, int, int, int, int, int, uint3, uint3, int, int, int, uint3, uint3, int, int, int, uint3) [with type=GGML_TYPE_Q5_K, J=120, fallback=false]" at line 1407 of C:\Users\pperv\code\unnamed_rpg\vendor\ggml\src\ggml-cuda\template-instances\../mmq.cuh
[build]             instantiation of "void launch_mul_mat_q<type,J,fallback>(ggml_backend_cuda_context &, const mmq_args &, cudaStream_t) [with type=GGML_TYPE_Q5_K, J=120, fallback=false]" at line 1546 of C:\Users\pperv\code\unnamed_rpg\vendor\ggml\src\ggml-cuda\template-instances\../mmq.cuh
[build]             instantiation of "void mul_mat_q_switch_J<type,fallback>(ggml_backend_cuda_context &, const mmq_args &, cudaStream_t) [with type=GGML_TYPE_Q5_K, fallback=false]" at line 1562 of C:\Users\pperv\code\unnamed_rpg\vendor\ggml\src\ggml-cuda\template-instances\../mmq.cuh
[build]             instantiation of "void mul_mat_q_case<type>(ggml_backend_cuda_context &, const mmq_args &, cudaStream_t) [with type=GGML_TYPE_Q5_K]" at line 5 of C:\Users\pperv\code\unnamed_rpg\vendor\ggml\src\ggml-cuda\template-instances\mmq-instance-q5_k.cu
[build] 
[build] C:\Users\pperv\code\unnamed_rpg\vendor\ggml\src\ggml-cuda\mmq-vec-dot.cuh(759): warning #177-D: variable "I" was declared but never referenced
[build]       constexpr int I             = ggml_cuda_mmq_get_I(type, J, fallback);
[build]                     ^
[build]           detected during:
[build]             instantiation of "void ggml_cuda_mmq_vec_dot_q2_K_q8_1_mma<type,J,fallback>(const int *, const int *, float *, int) [with type=GGML_TYPE_Q5_K, J=120, fallback=false]" at line 759 of C:\Users\pperv\code\unnamed_rpg\vendor\ggml\src\ggml-cuda\template-instances\../mmq.cuh
[build]             instantiation of "ggml_cuda_mmq_util_funcs ggml_cuda_mmq_get_util_funcs<type,J,fallback>() [with type=GGML_TYPE_Q5_K, J=120, fallback=false]" at line 858 of C:\Users\pperv\code\unnamed_rpg\vendor\ggml\src\ggml-cuda\template-instances\../mmq.cuh
[build]             instantiation of "ggml_cuda_mmq_load_tiles_t ggml_cuda_mmq_get_load_tiles<type,J,fallback>() [with type=GGML_TYPE_Q5_K, J=120, fallback=false]" at line 885 of C:\Users\pperv\code\unnamed_rpg\vendor\ggml\src\ggml-cuda\template-instances\../mmq.cuh
[build]             instantiation of "void mul_mat_q_process_tile<type,J,fallback,fixup>(const char *, int, const int *, const int *, float *, float *, const float *, int, int, int, int, int, int, int) [with type=GGML_TYPE_Q5_K, J=120, fallback=false, fixup=false]" at line 1058 of C:\Users\pperv\code\unnamed_rpg\vendor\ggml\src\ggml-cuda\template-instances\../mmq.cuh
[build]             instantiation of "void mul_mat_q<type,J,fallback>(const char *, const int *, const int32_t *, const int32_t *, float *, float *, const float *, uint3, int, int, int, int, int, uint3, uint3, int, int, int, uint3, uint3, int, int, int, uint3) [with type=GGML_TYPE_Q5_K, J=120, fallback=false]" at line 1407 of C:\Users\pperv\code\unnamed_rpg\vendor\ggml\src\ggml-cuda\template-instances\../mmq.cuh
[build]             instantiation of "void launch_mul_mat_q<type,J,fallback>(ggml_backend_cuda_context &, const mmq_args &, cudaStream_t) [with type=GGML_TYPE_Q5_K, J=120, fallback=false]" at line 1546 of C:\Users\pperv\code\unnamed_rpg\vendor\ggml\src\ggml-cuda\template-instances\../mmq.cuh
[build]             instantiation of "void mul_mat_q_switch_J<type,fallback>(ggml_backend_cuda_context &, const mmq_args &, cudaStream_t) [with type=GGML_TYPE_Q5_K, fallback=false]" at line 1562 of C:\Users\pperv\code\unnamed_rpg\vendor\ggml\src\ggml-cuda\template-instances\../mmq.cuh
[build]             instantiation of "void mul_mat_q_case<type>(ggml_backend_cuda_context &, const mmq_args &, cudaStream_t) [with type=GGML_TYPE_Q5_K]" at line 5 of C:\Users\pperv\code\unnamed_rpg\vendor\ggml\src\ggml-cuda\template-instances\mmq-instance-q5_k.cu
[build] 
[build] C:\Users\pperv\code\unnamed_rpg\vendor\ggml\src\ggml-cuda\mmq-vec-dot.cuh(540): warning #177-D: variable "I" was declared but never referenced
[build]       constexpr int I             = ggml_cuda_mmq_get_I(type, J, fallback);
[build]                     ^
[build]           detected during:
[build]             instantiation of "void ggml_cuda_mmq_vec_dot_q8_0_16_q8_1_mma<type,J,fallback>(const int *, const int *, float *, int) [with type=GGML_TYPE_Q5_K, J=120, fallback=false]" at line 765 of C:\Users\pperv\code\unnamed_rpg\vendor\ggml\src\ggml-cuda\template-instances\../mmq.cuh
[build]             instantiation of "ggml_cuda_mmq_util_funcs ggml_cuda_mmq_get_util_funcs<type,J,fallback>() [with type=GGML_TYPE_Q5_K, J=120, fallback=false]" at line 858 of C:\Users\pperv\code\unnamed_rpg\vendor\ggml\src\ggml-cuda\template-instances\../mmq.cuh
[build]             instantiation of "ggml_cuda_mmq_load_tiles_t ggml_cuda_mmq_get_load_tiles<type,J,fallback>() [with type=GGML_TYPE_Q5_K, J=120, fallback=false]" at line 885 of C:\Users\pperv\code\unnamed_rpg\vendor\ggml\src\ggml-cuda\template-instances\../mmq.cuh
[build]             instantiation of "void mul_mat_q_process_tile<type,J,fallback,fixup>(const char *, int, const int *, const int *, float *, float *, const float *, int, int, int, int, int, int, int) [with type=GGML_TYPE_Q5_K, J=120, fallback=false, fixup=false]" at line 1058 of C:\Users\pperv\code\unnamed_rpg\vendor\ggml\src\ggml-cuda\template-instances\../mmq.cuh
[build]             instantiation of "void mul_mat_q<type,J,fallback>(const char *, const int *, const int32_t *, const int32_t *, float *, float *, const float *, uint3, int, int, int, int, int, uint3, uint3, int, int, int, uint3, uint3, int, int, int, uint3) [with type=GGML_TYPE_Q5_K, J=120, fallback=false]" at line 1407 of C:\Users\pperv\code\unnamed_rpg\vendor\ggml\src\ggml-cuda\template-instances\../mmq.cuh
[build]             instantiation of "void launch_mul_mat_q<type,J,fallback>(ggml_backend_cuda_context &, const mmq_args &, cudaStream_t) [with type=GGML_TYPE_Q5_K, J=120, fallback=false]" at line 1546 of C:\Users\pperv\code\unnamed_rpg\vendor\ggml\src\ggml-cuda\template-instances\../mmq.cuh
[build]             instantiation of "void mul_mat_q_switch_J<type,fallback>(ggml_backend_cuda_context &, const mmq_args &, cudaStream_t) [with type=GGML_TYPE_Q5_K, fallback=false]" at line 1562 of C:\Users\pperv\code\unnamed_rpg\vendor\ggml\src\ggml-cuda\template-instances\../mmq.cuh
[build]             instantiation of "void mul_mat_q_case<type>(ggml_backend_cuda_context &, const mmq_args &, cudaStream_t) [with type=GGML_TYPE_Q5_K]" at line 5 of C:\Users\pperv\code\unnamed_rpg\vendor\ggml\src\ggml-cuda\template-instances\mmq-instance-q5_k.cu
[build] 
[build] C:\Users\pperv\code\unnamed_rpg\vendor\ggml\src\ggml-cuda\mmq-vec-dot.cuh(1078): warning #177-D: variable "I" was declared but never referenced
[build]       constexpr int I             = ggml_cuda_mmq_get_I(type, J, fallback);
[build]                     ^
[build]           detected during:
[build]             instantiation of "void ggml_cuda_mmq_vec_dot_q6_K_q8_1_mma<type,J,fallback>(const int *, const int *, float *, int) [with type=GGML_TYPE_Q5_K, J=120, fallback=false]" at line 783 of C:\Users\pperv\code\unnamed_rpg\vendor\ggml\src\ggml-cuda\template-instances\../mmq.cuh
[build]             instantiation of "ggml_cuda_mmq_util_funcs ggml_cuda_mmq_get_util_funcs<type,J,fallback>() [with type=GGML_TYPE_Q5_K, J=120, fallback=false]" at line 858 of C:\Users\pperv\code\unnamed_rpg\vendor\ggml\src\ggml-cuda\template-instances\../mmq.cuh
[build]             instantiation of "ggml_cuda_mmq_load_tiles_t ggml_cuda_mmq_get_load_tiles<type,J,fallback>() [with type=GGML_TYPE_Q5_K, J=120, fallback=false]" at line 885 of C:\Users\pperv\code\unnamed_rpg\vendor\ggml\src\ggml-cuda\template-instances\../mmq.cuh
[build]             instantiation of "void mul_mat_q_process_tile<type,J,fallback,fixup>(const char *, int, const int *, const int *, float *, float *, const float *, int, int, int, int, int, int, int) [with type=GGML_TYPE_Q5_K, J=120, fallback=false, fixup=false]" at line 1058 of C:\Users\pperv\code\unnamed_rpg\vendor\ggml\src\ggml-cuda\template-instances\../mmq.cuh
[build]             instantiation of "void mul_mat_q<type,J,fallback>(const char *, const int *, const int32_t *, const int32_t *, float *, float *, const float *, uint3, int, int, int, int, int, uint3, uint3, int, int, int, uint3, uint3, int, int, int, uint3) [with type=GGML_TYPE_Q5_K, J=120, fallback=false]" at line 1407 of C:\Users\pperv\code\unnamed_rpg\vendor\ggml\src\ggml-cuda\template-instances\../mmq.cuh
[build]             instantiation of "void launch_mul_mat_q<type,J,fallback>(ggml_backend_cuda_context &, const mmq_args &, cudaStream_t) [with type=GGML_TYPE_Q5_K, J=120, fallback=false]" at line 1546 of C:\Users\pperv\code\unnamed_rpg\vendor\ggml\src\ggml-cuda\template-instances\../mmq.cuh
[build]             instantiation of "void mul_mat_q_switch_J<type,fallback>(ggml_backend_cuda_context &, const mmq_args &, cudaStream_t) [with type=GGML_TYPE_Q5_K, fallback=false]" at line 1562 of C:\Users\pperv\code\unnamed_rpg\vendor\ggml\src\ggml-cuda\template-instances\../mmq.cuh
[build]             instantiation of "void mul_mat_q_case<type>(ggml_backend_cuda_context &, const mmq_args &, cudaStream_t) [with type=GGML_TYPE_Q5_K]" at line 5 of C:\Users\pperv\code\unnamed_rpg\vendor\ggml\src\ggml-cuda\template-instances\mmq-instance-q5_k.cu
[build] 
[build] C:\Users\pperv\code\unnamed_rpg\vendor\ggml\src\ggml-cuda\template-instances\../mmq.cuh(543): warning #177-D: variable "I" was declared but never referenced
[build]       constexpr int I = ggml_cuda_mmq_get_I(type, J, fallback);
[build]                     ^
[build]           detected during:
[build]             instantiation of "ggml_cuda_mmq_util_funcs ggml_cuda_mmq_get_util_funcs<type,J,fallback>() [with type=GGML_TYPE_Q5_K, J=120, fallback=false]" at line 858
[build]             instantiation of "ggml_cuda_mmq_load_tiles_t ggml_cuda_mmq_get_load_tiles<type,J,fallback>() [with type=GGML_TYPE_Q5_K, J=120, fallback=false]" at line 885
[build]             instantiation of "void mul_mat_q_process_tile<type,J,fallback,fixup>(const char *, int, const int *, const int *, float *, float *, const float *, int, int, int, int, int, int, int) [with type=GGML_TYPE_Q5_K, J=120, fallback=false, fixup=false]" at line 1058
[build]             instantiation of "void mul_mat_q<type,J,fallback>(const char *, const int *, const int32_t *, const int32_t *, float *, float *, const float *, uint3, int, int, int, int, int, uint3, uint3, int, int, int, uint3, uint3, int, int, int, uint3) [with type=GGML_TYPE_Q5_K, J=120, fallback=false]" at line 1407
[build]             instantiation of "void launch_mul_mat_q<type,J,fallback>(ggml_backend_cuda_context &, const mmq_args &, cudaStream_t) [with type=GGML_TYPE_Q5_K, J=120, fallback=false]" at line 1546
[build]             instantiation of "void mul_mat_q_switch_J<type,fallback>(ggml_backend_cuda_context &, const mmq_args &, cudaStream_t) [with type=GGML_TYPE_Q5_K, fallback=false]" at line 1562
[build]             instantiation of "void mul_mat_q_case<type>(ggml_backend_cuda_context &, const mmq_args &, cudaStream_t) [with type=GGML_TYPE_Q5_K]" at line 5 of C:\Users\pperv\code\unnamed_rpg\vendor\ggml\src\ggml-cuda\template-instances\mmq-instance-q5_k.cu
[build] 
[build] C:\Users\pperv\code\unnamed_rpg\vendor\ggml\src\ggml-cuda\mmq-vec-dot.cuh(207): warning #177-D: variable "I" was declared but never referenced
[build]       constexpr int I             = ggml_cuda_mmq_get_I(type, J, fallback);
[build]                     ^
[build]           detected during:
[build]             instantiation of "void ggml_cuda_mmq_vec_dot_q8_0_q8_1_mma<type,J,fallback,ds_layout>(const int *, const int *, float *, int) [with type=GGML_TYPE_Q5_K, J=120, fallback=true, ds_layout=MMQ_Q8_1_DS_LAYOUT_D4]" at line 716 of C:\Users\pperv\code\unnamed_rpg\vendor\ggml\src\ggml-cuda\template-instances\../mmq.cuh
[build]             instantiation of "ggml_cuda_mmq_util_funcs ggml_cuda_mmq_get_util_funcs<type,J,fallback>() [with type=GGML_TYPE_Q5_K, J=120, fallback=true]" at line 858 of C:\Users\pperv\code\unnamed_rpg\vendor\ggml\src\ggml-cuda\template-instances\../mmq.cuh
[build]             instantiation of "ggml_cuda_mmq_load_tiles_t ggml_cuda_mmq_get_load_tiles<type,J,fallback>() [with type=GGML_TYPE_Q5_K, J=120, fallback=true]" at line 885 of C:\Users\pperv\code\unnamed_rpg\vendor\ggml\src\ggml-cuda\template-instances\../mmq.cuh
[build]             instantiation of "void mul_mat_q_process_tile<type,J,fallback,fixup>(const char *, int, const int *, const int *, float *, float *, const float *, int, int, int, int, int, int, int) [with type=GGML_TYPE_Q5_K, J=120, fallback=true, fixup=false]" at line 1058 of C:\Users\pperv\code\unnamed_rpg\vendor\ggml\src\ggml-cuda\template-instances\../mmq.cuh
[build]             instantiation of "void mul_mat_q<type,J,fallback>(const char *, const int *, const int32_t *, const int32_t *, float *, float *, const float *, uint3, int, int, int, int, int, uint3, uint3, int, int, int, uint3, uint3, int, int, int, uint3) [with type=GGML_TYPE_Q5_K, J=120, fallback=true]" at line 1408 of C:\Users\pperv\code\unnamed_rpg\vendor\ggml\src\ggml-cuda\template-instances\../mmq.cuh
[build]             instantiation of "void launch_mul_mat_q<type,J,fallback>(ggml_backend_cuda_context &, const mmq_args &, cudaStream_t) [with type=GGML_TYPE_Q5_K, J=120, fallback=false]" at line 1546 of C:\Users\pperv\code\unnamed_rpg\vendor\ggml\src\ggml-cuda\template-instances\../mmq.cuh
[build]             instantiation of "void mul_mat_q_switch_J<type,fallback>(ggml_backend_cuda_context &, const mmq_args &, cudaStream_t) [with type=GGML_TYPE_Q5_K, fallback=false]" at line 1562 of C:\Users\pperv\code\unnamed_rpg\vendor\ggml\src\ggml-cuda\template-instances\../mmq.cuh
[build]             instantiation of "void mul_mat_q_case<type>(ggml_backend_cuda_context &, const mmq_args &, cudaStream_t) [with type=GGML_TYPE_Q5_K]" at line 5 of C:\Users\pperv\code\unnamed_rpg\vendor\ggml\src\ggml-cuda\template-instances\mmq-instance-q5_k.cu
[build] 
[build] C:\Users\pperv\code\unnamed_rpg\vendor\ggml\src\ggml-cuda\template-instances\../mmq.cuh(485): warning #177-D: variable "nwarps" was declared but never referenced
[build]       constexpr int nwarps        = ggml_cuda_mmq_get_nthreads(type, J, fallback) / warp_size;
[build]                     ^
[build]           detected during:
[build]             instantiation of "void ggml_cuda_mmq_write_back_mma<type,J,fallback>(const float *, const int *, float *, const float *, int, int, int) [with type=GGML_TYPE_Q5_K, J=120, fallback=true]" at line 716
[build]             instantiation of "ggml_cuda_mmq_util_funcs ggml_cuda_mmq_get_util_funcs<type,J,fallback>() [with type=GGML_TYPE_Q5_K, J=120, fallback=true]" at line 858
[build]             instantiation of "ggml_cuda_mmq_load_tiles_t ggml_cuda_mmq_get_load_tiles<type,J,fallback>() [with type=GGML_TYPE_Q5_K, J=120, fallback=true]" at line 885
[build]             instantiation of "void mul_mat_q_process_tile<type,J,fallback,fixup>(const char *, int, const int *, const int *, float *, float *, const float *, int, int, int, int, int, int, int) [with type=GGML_TYPE_Q5_K, J=120, fallback=true, fixup=false]" at line 1058
[build]             instantiation of "void mul_mat_q<type,J,fallback>(const char *, const int *, const int32_t *, const int32_t *, float *, float *, const float *, uint3, int, int, int, int, int, uint3, uint3, int, int, int, uint3, uint3, int, int, int, uint3) [with type=GGML_TYPE_Q5_K, J=120, fallback=true]" at line 1408
[build]             instantiation of "void launch_mul_mat_q<type,J,fallback>(ggml_backend_cuda_context &, const mmq_args &, cudaStream_t) [with type=GGML_TYPE_Q5_K, J=120, fallback=false]" at line 1546
[build]             instantiation of "void mul_mat_q_switch_J<type,fallback>(ggml_backend_cuda_context &, const mmq_args &, cudaStream_t) [with type=GGML_TYPE_Q5_K, fallback=false]" at line 1562
[build]             instantiation of "void mul_mat_q_case<type>(ggml_backend_cuda_context &, const mmq_args &, cudaStream_t) [with type=GGML_TYPE_Q5_K]" at line 5 of C:\Users\pperv\code\unnamed_rpg\vendor\ggml\src\ggml-cuda\template-instances\mmq-instance-q5_k.cu
[build] 
[build] C:\Users\pperv\code\unnamed_rpg\vendor\ggml\src\ggml-cuda\template-instances\../mmq.cuh(486): warning #177-D: variable "I" was declared but never referenced
[build]       constexpr int I             = ggml_cuda_mmq_get_I(type, J, fallback);
[build]                     ^
[build]           detected during:
[build]             instantiation of "void ggml_cuda_mmq_write_back_mma<type,J,fallback>(const float *, const int *, float *, const float *, int, int, int) [with type=GGML_TYPE_Q5_K, J=120, fallback=true]" at line 716
[build]             instantiation of "ggml_cuda_mmq_util_funcs ggml_cuda_mmq_get_util_funcs<type,J,fallback>() [with type=GGML_TYPE_Q5_K, J=120, fallback=true]" at line 858
[build]             instantiation of "ggml_cuda_mmq_load_tiles_t ggml_cuda_mmq_get_load_tiles<type,J,fallback>() [with type=GGML_TYPE_Q5_K, J=120, fallback=true]" at line 885
[build]             instantiation of "void mul_mat_q_process_tile<type,J,fallback,fixup>(const char *, int, const int *, const int *, float *, float *, const float *, int, int, int, int, int, int, int) [with type=GGML_TYPE_Q5_K, J=120, fallback=true, fixup=false]" at line 1058
[build]             instantiation of "void mul_mat_q<type,J,fallback>(const char *, const int *, const int32_t *, const int32_t *, float *, float *, const float *, uint3, int, int, int, int, int, uint3, uint3, int, int, int, uint3, uint3, int, int, int, uint3) [with type=GGML_TYPE_Q5_K, J=120, fallback=true]" at line 1408
[build]             instantiation of "void launch_mul_mat_q<type,J,fallback>(ggml_backend_cuda_context &, const mmq_args &, cudaStream_t) [with type=GGML_TYPE_Q5_K, J=120, fallback=false]" at line 1546
[build]             instantiation of "void mul_mat_q_switch_J<type,fallback>(ggml_backend_cuda_context &, const mmq_args &, cudaStream_t) [with type=GGML_TYPE_Q5_K, fallback=false]" at line 1562
[build]             instantiation of "void mul_mat_q_case<type>(ggml_backend_cuda_context &, const mmq_args &, cudaStream_t) [with type=GGML_TYPE_Q5_K]" at line 5 of C:\Users\pperv\code\unnamed_rpg\vendor\ggml\src\ggml-cuda\template-instances\mmq-instance-q5_k.cu
[build] 
[build] C:\Users\pperv\code\unnamed_rpg\vendor\ggml\src\ggml-cuda\mmq-vec-dot.cuh(207): warning #177-D: variable "I" was declared but never referenced
[build]       constexpr int I             = ggml_cuda_mmq_get_I(type, J, fallback);
[build]                     ^
[build]           detected during:
[build]             instantiation of "void ggml_cuda_mmq_vec_dot_q8_0_q8_1_mma<type,J,fallback,ds_layout>(const int *, const int *, float *, int) [with type=GGML_TYPE_Q5_K, J=120, fallback=true, ds_layout=MMQ_Q8_1_DS_LAYOUT_DS4]" at line 728 of C:\Users\pperv\code\unnamed_rpg\vendor\ggml\src\ggml-cuda\template-instances\../mmq.cuh
[build]             instantiation of "ggml_cuda_mmq_util_funcs ggml_cuda_mmq_get_util_funcs<type,J,fallback>() [with type=GGML_TYPE_Q5_K, J=120, fallback=true]" at line 858 of C:\Users\pperv\code\unnamed_rpg\vendor\ggml\src\ggml-cuda\template-instances\../mmq.cuh
[build]             instantiation of "ggml_cuda_mmq_load_tiles_t ggml_cuda_mmq_get_load_tiles<type,J,fallback>() [with type=GGML_TYPE_Q5_K, J=120, fallback=true]" at line 885 of C:\Users\pperv\code\unnamed_rpg\vendor\ggml\src\ggml-cuda\template-instances\../mmq.cuh
[build]             instantiation of "void mul_mat_q_process_tile<type,J,fallback,fixup>(const char *, int, const int *, const int *, float *, float *, const float *, int, int, int, int, int, int, int) [with type=GGML_TYPE_Q5_K, J=120, fallback=true, fixup=false]" at line 1058 of C:\Users\pperv\code\unnamed_rpg\vendor\ggml\src\ggml-cuda\template-instances\../mmq.cuh
[build]             instantiation of "void mul_mat_q<type,J,fallback>(const char *, const int *, const int32_t *, const int32_t *, float *, float *, const float *, uint3, int, int, int, int, int, uint3, uint3, int, int, int, uint3, uint3, int, int, int, uint3) [with type=GGML_TYPE_Q5_K, J=120, fallback=true]" at line 1408 of C:\Users\pperv\code\unnamed_rpg\vendor\ggml\src\ggml-cuda\template-instances\../mmq.cuh
[build]             instantiation of "void launch_mul_mat_q<type,J,fallback>(ggml_backend_cuda_context &, const mmq_args &, cudaStream_t) [with type=GGML_TYPE_Q5_K, J=120, fallback=false]" at line 1546 of C:\Users\pperv\code\unnamed_rpg\vendor\ggml\src\ggml-cuda\template-instances\../mmq.cuh
[build]             instantiation of "void mul_mat_q_switch_J<type,fallback>(ggml_backend_cuda_context &, const mmq_args &, cudaStream_t) [with type=GGML_TYPE_Q5_K, fallback=false]" at line 1562 of C:\Users\pperv\code\unnamed_rpg\vendor\ggml\src\ggml-cuda\template-instances\../mmq.cuh
[build]             instantiation of "void mul_mat_q_case<type>(ggml_backend_cuda_context &, const mmq_args &, cudaStream_t) [with type=GGML_TYPE_Q5_K]" at line 5 of C:\Users\pperv\code\unnamed_rpg\vendor\ggml\src\ggml-cuda\template-instances\mmq-instance-q5_k.cu
[build] 
[build] C:\Users\pperv\code\unnamed_rpg\vendor\ggml\src\ggml-cuda\mmq-vec-dot.cuh(374): warning #177-D: variable "I" was declared but never referenced
[build]       constexpr int I             = ggml_cuda_mmq_get_I(type, J, fallback);
[build]                     ^
[build]           detected during:
[build]             instantiation of "void ggml_cuda_mmq_vec_dot_q8_1_q8_1_mma<type,J,fallback>(const int *, const int *, float *, int) [with type=GGML_TYPE_Q5_K, J=120, fallback=true]" at line 734 of C:\Users\pperv\code\unnamed_rpg\vendor\ggml\src\ggml-cuda\template-instances\../mmq.cuh
[build]             instantiation of "ggml_cuda_mmq_util_funcs ggml_cuda_mmq_get_util_funcs<type,J,fallback>() [with type=GGML_TYPE_Q5_K, J=120, fallback=true]" at line 858 of C:\Users\pperv\code\unnamed_rpg\vendor\ggml\src\ggml-cuda\template-instances\../mmq.cuh
[build]             instantiation of "ggml_cuda_mmq_load_tiles_t ggml_cuda_mmq_get_load_tiles<type,J,fallback>() [with type=GGML_TYPE_Q5_K, J=120, fallback=true]" at line 885 of C:\Users\pperv\code\unnamed_rpg\vendor\ggml\src\ggml-cuda\template-instances\../mmq.cuh
[build]             instantiation of "void mul_mat_q_process_tile<type,J,fallback,fixup>(const char *, int, const int *, const int *, float *, float *, const float *, int, int, int, int, int, int, int) [with type=GGML_TYPE_Q5_K, J=120, fallback=true, fixup=false]" at line 1058 of C:\Users\pperv\code\unnamed_rpg\vendor\ggml\src\ggml-cuda\template-instances\../mmq.cuh
[build]             instantiation of "void mul_mat_q<type,J,fallback>(const char *, const int *, const int32_t *, const int32_t *, float *, float *, const float *, uint3, int, int, int, int, int, uint3, uint3, int, int, int, uint3, uint3, int, int, int, uint3) [with type=GGML_TYPE_Q5_K, J=120, fallback=true]" at line 1408 of C:\Users\pperv\code\unnamed_rpg\vendor\ggml\src\ggml-cuda\template-instances\../mmq.cuh
[build]             instantiation of "void launch_mul_mat_q<type,J,fallback>(ggml_backend_cuda_context &, const mmq_args &, cudaStream_t) [with type=GGML_TYPE_Q5_K, J=120, fallback=false]" at line 1546 of C:\Users\pperv\code\unnamed_rpg\vendor\ggml\src\ggml-cuda\template-instances\../mmq.cuh
[build]             instantiation of "void mul_mat_q_switch_J<type,fallback>(ggml_backend_cuda_context &, const mmq_args &, cudaStream_t) [with type=GGML_TYPE_Q5_K, fallback=false]" at line 1562 of C:\Users\pperv\code\unnamed_rpg\vendor\ggml\src\ggml-cuda\template-instances\../mmq.cuh
[build]             instantiation of "void mul_mat_q_case<type>(ggml_backend_cuda_context &, const mmq_args &, cudaStream_t) [with type=GGML_TYPE_Q5_K]" at line 5 of C:\Users\pperv\code\unnamed_rpg\vendor\ggml\src\ggml-cuda\template-instances\mmq-instance-q5_k.cu
[build] 
[build] C:\Users\pperv\code\unnamed_rpg\vendor\ggml\src\ggml-cuda\mmq-vec-dot.cuh(759): warning #177-D: variable "I" was declared but never referenced
[build]       constexpr int I             = ggml_cuda_mmq_get_I(type, J, fallback);
[build]                     ^
[build]           detected during:
[build]             instantiation of "void ggml_cuda_mmq_vec_dot_q2_K_q8_1_mma<type,J,fallback>(const int *, const int *, float *, int) [with type=GGML_TYPE_Q5_K, J=120, fallback=true]" at line 759 of C:\Users\pperv\code\unnamed_rpg\vendor\ggml\src\ggml-cuda\template-instances\../mmq.cuh
[build]             instantiation of "ggml_cuda_mmq_util_funcs ggml_cuda_mmq_get_util_funcs<type,J,fallback>() [with type=GGML_TYPE_Q5_K, J=120, fallback=true]" at line 858 of C:\Users\pperv\code\unnamed_rpg\vendor\ggml\src\ggml-cuda\template-instances\../mmq.cuh
[build]             instantiation of "ggml_cuda_mmq_load_tiles_t ggml_cuda_mmq_get_load_tiles<type,J,fallback>() [with type=GGML_TYPE_Q5_K, J=120, fallback=true]" at line 885 of C:\Users\pperv\code\unnamed_rpg\vendor\ggml\src\ggml-cuda\template-instances\../mmq.cuh
[build]             instantiation of "void mul_mat_q_process_tile<type,J,fallback,fixup>(const char *, int, const int *, const int *, float *, float *, const float *, int, int, int, int, int, int, int) [with type=GGML_TYPE_Q5_K, J=120, fallback=true, fixup=false]" at line 1058 of C:\Users\pperv\code\unnamed_rpg\vendor\ggml\src\ggml-cuda\template-instances\../mmq.cuh
[build]             instantiation of "void mul_mat_q<type,J,fallback>(const char *, const int *, const int32_t *, const int32_t *, float *, float *, const float *, uint3, int, int, int, int, int, uint3, uint3, int, int, int, uint3, uint3, int, int, int, uint3) [with type=GGML_TYPE_Q5_K, J=120, fallback=true]" at line 1408 of C:\Users\pperv\code\unnamed_rpg\vendor\ggml\src\ggml-cuda\template-instances\../mmq.cuh
[build]             instantiation of "void launch_mul_mat_q<type,J,fallback>(ggml_backend_cuda_context &, const mmq_args &, cudaStream_t) [with type=GGML_TYPE_Q5_K, J=120, fallback=false]" at line 1546 of C:\Users\pperv\code\unnamed_rpg\vendor\ggml\src\ggml-cuda\template-instances\../mmq.cuh
[build]             instantiation of "void mul_mat_q_switch_J<type,fallback>(ggml_backend_cuda_context &, const mmq_args &, cudaStream_t) [with type=GGML_TYPE_Q5_K, fallback=false]" at line 1562 of C:\Users\pperv\code\unnamed_rpg\vendor\ggml\src\ggml-cuda\template-instances\../mmq.cuh
[build]             instantiation of "void mul_mat_q_case<type>(ggml_backend_cuda_context &, const mmq_args &, cudaStream_t) [with type=GGML_TYPE_Q5_K]" at line 5 of C:\Users\pperv\code\unnamed_rpg\vendor\ggml\src\ggml-cuda\template-instances\mmq-instance-q5_k.cu
[build] 
[build] C:\Users\pperv\code\unnamed_rpg\vendor\ggml\src\ggml-cuda\mmq-vec-dot.cuh(540): warning #177-D: variable "I" was declared but never referenced
[build]       constexpr int I             = ggml_cuda_mmq_get_I(type, J, fallback);
[build]                     ^
[build]           detected during:
[build]             instantiation of "void ggml_cuda_mmq_vec_dot_q8_0_16_q8_1_mma<type,J,fallback>(const int *, const int *, float *, int) [with type=GGML_TYPE_Q5_K, J=120, fallback=true]" at line 765 of C:\Users\pperv\code\unnamed_rpg\vendor\ggml\src\ggml-cuda\template-instances\../mmq.cuh
[build]             instantiation of "ggml_cuda_mmq_util_funcs ggml_cuda_mmq_get_util_funcs<type,J,fallback>() [with type=GGML_TYPE_Q5_K, J=120, fallback=true]" at line 858 of C:\Users\pperv\code\unnamed_rpg\vendor\ggml\src\ggml-cuda\template-instances\../mmq.cuh
[build]             instantiation of "ggml_cuda_mmq_load_tiles_t ggml_cuda_mmq_get_load_tiles<type,J,fallback>() [with type=GGML_TYPE_Q5_K, J=120, fallback=true]" at line 885 of C:\Users\pperv\code\unnamed_rpg\vendor\ggml\src\ggml-cuda\template-instances\../mmq.cuh
[build]             instantiation of "void mul_mat_q_process_tile<type,J,fallback,fixup>(const char *, int, const int *, const int *, float *, float *, const float *, int, int, int, int, int, int, int) [with type=GGML_TYPE_Q5_K, J=120, fallback=true, fixup=false]" at line 1058 of C:\Users\pperv\code\unnamed_rpg\vendor\ggml\src\ggml-cuda\template-instances\../mmq.cuh
[build]             instantiation of "void mul_mat_q<type,J,fallback>(const char *, const int *, const int32_t *, const int32_t *, float *, float *, const float *, uint3, int, int, int, int, int, uint3, uint3, int, int, int, uint3, uint3, int, int, int, uint3) [with type=GGML_TYPE_Q5_K, J=120, fallback=true]" at line 1408 of C:\Users\pperv\code\unnamed_rpg\vendor\ggml\src\ggml-cuda\template-instances\../mmq.cuh
[build]             instantiation of "void launch_mul_mat_q<type,J,fallback>(ggml_backend_cuda_context &, const mmq_args &, cudaStream_t) [with type=GGML_TYPE_Q5_K, J=120, fallback=false]" at line 1546 of C:\Users\pperv\code\unnamed_rpg\vendor\ggml\src\ggml-cuda\template-instances\../mmq.cuh
[build]             instantiation of "void mul_mat_q_switch_J<type,fallback>(ggml_backend_cuda_context &, const mmq_args &, cudaStream_t) [with type=GGML_TYPE_Q5_K, fallback=false]" at line 1562 of C:\Users\pperv\code\unnamed_rpg\vendor\ggml\src\ggml-cuda\template-instances\../mmq.cuh
[build]             instantiation of "void mul_mat_q_case<type>(ggml_backend_cuda_context &, const mmq_args &, cudaStream_t) [with type=GGML_TYPE_Q5_K]" at line 5 of C:\Users\pperv\code\unnamed_rpg\vendor\ggml\src\ggml-cuda\template-instances\mmq-instance-q5_k.cu
[build] 
[build] C:\Users\pperv\code\unnamed_rpg\vendor\ggml\src\ggml-cuda\mmq-vec-dot.cuh(1078): warning #177-D: variable "I" was declared but never referenced
[build]       constexpr int I             = ggml_cuda_mmq_get_I(type, J, fallback);
[build]                     ^
[build]           detected during:
[build]             instantiation of "void ggml_cuda_mmq_vec_dot_q6_K_q8_1_mma<type,J,fallback>(const int *, const int *, float *, int) [with type=GGML_TYPE_Q5_K, J=120, fallback=true]" at line 783 of C:\Users\pperv\code\unnamed_rpg\vendor\ggml\src\ggml-cuda\template-instances\../mmq.cuh
[build]             instantiation of "ggml_cuda_mmq_util_funcs ggml_cuda_mmq_get_util_funcs<type,J,fallback>() [with type=GGML_TYPE_Q5_K, J=120, fallback=true]" at line 858 of C:\Users\pperv\code\unnamed_rpg\vendor\ggml\src\ggml-cuda\template-instances\../mmq.cuh
[build]             instantiation of "ggml_cuda_mmq_load_tiles_t ggml_cuda_mmq_get_load_tiles<type,J,fallback>() [with type=GGML_TYPE_Q5_K, J=120, fallback=true]" at line 885 of C:\Users\pperv\code\unnamed_rpg\vendor\ggml\src\ggml-cuda\template-instances\../mmq.cuh
[build]             instantiation of "void mul_mat_q_process_tile<type,J,fallback,fixup>(const char *, int, const int *, const int *, float *, float *, const float *, int, int, int, int, int, int, int) [with type=GGML_TYPE_Q5_K, J=120, fallback=true, fixup=false]" at line 1058 of C:\Users\pperv\code\unnamed_rpg\vendor\ggml\src\ggml-cuda\template-instances\../mmq.cuh
[build]             instantiation of "void mul_mat_q<type,J,fallback>(const char *, const int *, const int32_t *, const int32_t *, float *, float *, const float *, uint3, int, int, int, int, int, uint3, uint3, int, int, int, uint3, uint3, int, int, int, uint3) [with type=GGML_TYPE_Q5_K, J=120, fallback=true]" at line 1408 of C:\Users\pperv\code\unnamed_rpg\vendor\ggml\src\ggml-cuda\template-instances\../mmq.cuh
[build]             instantiation of "void launch_mul_mat_q<type,J,fallback>(ggml_backend_cuda_context &, const mmq_args &, cudaStream_t) [with type=GGML_TYPE_Q5_K, J=120, fallback=false]" at line 1546 of C:\Users\pperv\code\unnamed_rpg\vendor\ggml\src\ggml-cuda\template-instances\../mmq.cuh
[build]             instantiation of "void mul_mat_q_switch_J<type,fallback>(ggml_backend_cuda_context &, const mmq_args &, cudaStream_t) [with type=GGML_TYPE_Q5_K, fallback=false]" at line 1562 of C:\Users\pperv\code\unnamed_rpg\vendor\ggml\src\ggml-cuda\template-instances\../mmq.cuh
[build]             instantiation of "void mul_mat_q_case<type>(ggml_backend_cuda_context &, const mmq_args &, cudaStream_t) [with type=GGML_TYPE_Q5_K]" at line 5 of C:\Users\pperv\code\unnamed_rpg\vendor\ggml\src\ggml-cuda\template-instances\mmq-instance-q5_k.cu
[build] 
[build] C:\Users\pperv\code\unnamed_rpg\vendor\ggml\src\ggml-cuda\template-instances\../mmq.cuh(543): warning #177-D: variable "I" was declared but never referenced
[build]       constexpr int I = ggml_cuda_mmq_get_I(type, J, fallback);
[build]                     ^
[build]           detected during:
[build]             instantiation of "ggml_cuda_mmq_util_funcs ggml_cuda_mmq_get_util_funcs<type,J,fallback>() [with type=GGML_TYPE_Q5_K, J=120, fallback=true]" at line 858
[build]             instantiation of "ggml_cuda_mmq_load_tiles_t ggml_cuda_mmq_get_load_tiles<type,J,fallback>() [with type=GGML_TYPE_Q5_K, J=120, fallback=true]" at line 885
[build]             instantiation of "void mul_mat_q_process_tile<type,J,fallback,fixup>(const char *, int, const int *, const int *, float *, float *, const float *, int, int, int, int, int, int, int) [with type=GGML_TYPE_Q5_K, J=120, fallback=true, fixup=false]" at line 1058
[build]             instantiation of "void mul_mat_q<type,J,fallback>(const char *, const int *, const int32_t *, const int32_t *, float *, float *, const float *, uint3, int, int, int, int, int, uint3, uint3, int, int, int, uint3, uint3, int, int, int, uint3) [with type=GGML_TYPE_Q5_K, J=120, fallback=true]" at line 1408
[build]             instantiation of "void launch_mul_mat_q<type,J,fallback>(ggml_backend_cuda_context &, const mmq_args &, cudaStream_t) [with type=GGML_TYPE_Q5_K, J=120, fallback=false]" at line 1546
[build]             instantiation of "void mul_mat_q_switch_J<type,fallback>(ggml_backend_cuda_context &, const mmq_args &, cudaStream_t) [with type=GGML_TYPE_Q5_K, fallback=false]" at line 1562
[build]             instantiation of "void mul_mat_q_case<type>(ggml_backend_cuda_context &, const mmq_args &, cudaStream_t) [with type=GGML_TYPE_Q5_K]" at line 5 of C:\Users\pperv\code\unnamed_rpg\vendor\ggml\src\ggml-cuda\template-instances\mmq-instance-q5_k.cu
[build] 
[build] C:\Users\pperv\code\unnamed_rpg\vendor\ggml\src\ggml-cuda\mmq-vec-dot.cuh(207): warning #177-D: variable "I" was declared but never referenced
[build]       constexpr int I             = ggml_cuda_mmq_get_I(type, J, fallback);
[build]                     ^
[build]           detected during:
[build]             instantiation of "void ggml_cuda_mmq_vec_dot_q8_0_q8_1_mma<type,J,fallback,ds_layout>(const int *, const int *, float *, int) [with type=GGML_TYPE_Q5_K, J=128, fallback=false, ds_layout=MMQ_Q8_1_DS_LAYOUT_D4]" at line 716 of C:\Users\pperv\code\unnamed_rpg\vendor\ggml\src\ggml-cuda\template-instances\../mmq.cuh
[build]             instantiation of "ggml_cuda_mmq_util_funcs ggml_cuda_mmq_get_util_funcs<type,J,fallback>() [with type=GGML_TYPE_Q5_K, J=128, fallback=false]" at line 858 of C:\Users\pperv\code\unnamed_rpg\vendor\ggml\src\ggml-cuda\template-instances\../mmq.cuh
[build]             instantiation of "ggml_cuda_mmq_load_tiles_t ggml_cuda_mmq_get_load_tiles<type,J,fallback>() [with type=GGML_TYPE_Q5_K, J=128, fallback=false]" at line 885 of C:\Users\pperv\code\unnamed_rpg\vendor\ggml\src\ggml-cuda\template-instances\../mmq.cuh
[build]             instantiation of "void mul_mat_q_process_tile<type,J,fallback,fixup>(const char *, int, const int *, const int *, float *, float *, const float *, int, int, int, int, int, int, int) [with type=GGML_TYPE_Q5_K, J=128, fallback=false, fixup=false]" at line 1152 of C:\Users\pperv\code\unnamed_rpg\vendor\ggml\src\ggml-cuda\template-instances\../mmq.cuh
[build]             instantiation of "void mul_mat_q<type,J,fallback>(const char *, const int *, const int32_t *, const int32_t *, float *, float *, const float *, uint3, int, int, int, int, int, uint3, uint3, int, int, int, uint3, uint3, int, int, int, uint3) [with type=GGML_TYPE_Q5_K, J=128, fallback=false]" at line 1407 of C:\Users\pperv\code\unnamed_rpg\vendor\ggml\src\ggml-cuda\template-instances\../mmq.cuh
[build]             instantiation of "void launch_mul_mat_q<type,J,fallback>(ggml_backend_cuda_context &, const mmq_args &, cudaStream_t) [with type=GGML_TYPE_Q5_K, J=128, fallback=false]" at line 1549 of C:\Users\pperv\code\unnamed_rpg\vendor\ggml\src\ggml-cuda\template-instances\../mmq.cuh
[build]             instantiation of "void mul_mat_q_switch_J<type,fallback>(ggml_backend_cuda_context &, const mmq_args &, cudaStream_t) [with type=GGML_TYPE_Q5_K, fallback=false]" at line 1562 of C:\Users\pperv\code\unnamed_rpg\vendor\ggml\src\ggml-cuda\template-instances\../mmq.cuh
[build]             instantiation of "void mul_mat_q_case<type>(ggml_backend_cuda_context &, const mmq_args &, cudaStream_t) [with type=GGML_TYPE_Q5_K]" at line 5 of C:\Users\pperv\code\unnamed_rpg\vendor\ggml\src\ggml-cuda\template-instances\mmq-instance-q5_k.cu
[build] 
[build] C:\Users\pperv\code\unnamed_rpg\vendor\ggml\src\ggml-cuda\template-instances\../mmq.cuh(485): warning #177-D: variable "nwarps" was declared but never referenced
[build]       constexpr int nwarps        = ggml_cuda_mmq_get_nthreads(type, J, fallback) / warp_size;
[build]                     ^
[build]           detected during:
[build]             instantiation of "void ggml_cuda_mmq_write_back_mma<type,J,fallback>(const float *, const int *, float *, const float *, int, int, int) [with type=GGML_TYPE_Q5_K, J=128, fallback=false]" at line 716
[build]             instantiation of "ggml_cuda_mmq_util_funcs ggml_cuda_mmq_get_util_funcs<type,J,fallback>() [with type=GGML_TYPE_Q5_K, J=128, fallback=false]" at line 858
[build]             instantiation of "ggml_cuda_mmq_load_tiles_t ggml_cuda_mmq_get_load_tiles<type,J,fallback>() [with type=GGML_TYPE_Q5_K, J=128, fallback=false]" at line 885
[build]             instantiation of "void mul_mat_q_process_tile<type,J,fallback,fixup>(const char *, int, const int *, const int *, float *, float *, const float *, int, int, int, int, int, int, int) [with type=GGML_TYPE_Q5_K, J=128, fallback=false, fixup=false]" at line 1152
[build]             instantiation of "void mul_mat_q<type,J,fallback>(const char *, const int *, const int32_t *, const int32_t *, float *, float *, const float *, uint3, int, int, int, int, int, uint3, uint3, int, int, int, uint3, uint3, int, int, int, uint3) [with type=GGML_TYPE_Q5_K, J=128, fallback=false]" at line 1407
[build]             instantiation of "void launch_mul_mat_q<type,J,fallback>(ggml_backend_cuda_context &, const mmq_args &, cudaStream_t) [with type=GGML_TYPE_Q5_K, J=128, fallback=false]" at line 1549
[build]             instantiation of "void mul_mat_q_switch_J<type,fallback>(ggml_backend_cuda_context &, const mmq_args &, cudaStream_t) [with type=GGML_TYPE_Q5_K, fallback=false]" at line 1562
[build]             instantiation of "void mul_mat_q_case<type>(ggml_backend_cuda_context &, const mmq_args &, cudaStream_t) [with type=GGML_TYPE_Q5_K]" at line 5 of C:\Users\pperv\code\unnamed_rpg\vendor\ggml\src\ggml-cuda\template-instances\mmq-instance-q5_k.cu
[build] 
[build] C:\Users\pperv\code\unnamed_rpg\vendor\ggml\src\ggml-cuda\template-instances\../mmq.cuh(486): warning #177-D: variable "I" was declared but never referenced
[build]       constexpr int I             = ggml_cuda_mmq_get_I(type, J, fallback);
[build]                     ^
[build]           detected during:
[build]             instantiation of "void ggml_cuda_mmq_write_back_mma<type,J,fallback>(const float *, const int *, float *, const float *, int, int, int) [with type=GGML_TYPE_Q5_K, J=128, fallback=false]" at line 716
[build]             instantiation of "ggml_cuda_mmq_util_funcs ggml_cuda_mmq_get_util_funcs<type,J,fallback>() [with type=GGML_TYPE_Q5_K, J=128, fallback=false]" at line 858
[build]             instantiation of "ggml_cuda_mmq_load_tiles_t ggml_cuda_mmq_get_load_tiles<type,J,fallback>() [with type=GGML_TYPE_Q5_K, J=128, fallback=false]" at line 885
[build]             instantiation of "void mul_mat_q_process_tile<type,J,fallback,fixup>(const char *, int, const int *, const int *, float *, float *, const float *, int, int, int, int, int, int, int) [with type=GGML_TYPE_Q5_K, J=128, fallback=false, fixup=false]" at line 1152
[build]             instantiation of "void mul_mat_q<type,J,fallback>(const char *, const int *, const int32_t *, const int32_t *, float *, float *, const float *, uint3, int, int, int, int, int, uint3, uint3, int, int, int, uint3, uint3, int, int, int, uint3) [with type=GGML_TYPE_Q5_K, J=128, fallback=false]" at line 1407
[build]             instantiation of "void launch_mul_mat_q<type,J,fallback>(ggml_backend_cuda_context &, const mmq_args &, cudaStream_t) [with type=GGML_TYPE_Q5_K, J=128, fallback=false]" at line 1549
[build]             instantiation of "void mul_mat_q_switch_J<type,fallback>(ggml_backend_cuda_context &, const mmq_args &, cudaStream_t) [with type=GGML_TYPE_Q5_K, fallback=false]" at line 1562
[build]             instantiation of "void mul_mat_q_case<type>(ggml_backend_cuda_context &, const mmq_args &, cudaStream_t) [with type=GGML_TYPE_Q5_K]" at line 5 of C:\Users\pperv\code\unnamed_rpg\vendor\ggml\src\ggml-cuda\template-instances\mmq-instance-q5_k.cu
[build] 
[build] C:\Users\pperv\code\unnamed_rpg\vendor\ggml\src\ggml-cuda\mmq-vec-dot.cuh(207): warning #177-D: variable "I" was declared but never referenced
[build]       constexpr int I             = ggml_cuda_mmq_get_I(type, J, fallback);
[build]                     ^
[build]           detected during:
[build]             instantiation of "void ggml_cuda_mmq_vec_dot_q8_0_q8_1_mma<type,J,fallback,ds_layout>(const int *, const int *, float *, int) [with type=GGML_TYPE_Q5_K, J=128, fallback=false, ds_layout=MMQ_Q8_1_DS_LAYOUT_DS4]" at line 728 of C:\Users\pperv\code\unnamed_rpg\vendor\ggml\src\ggml-cuda\template-instances\../mmq.cuh
[build]             instantiation of "ggml_cuda_mmq_util_funcs ggml_cuda_mmq_get_util_funcs<type,J,fallback>() [with type=GGML_TYPE_Q5_K, J=128, fallback=false]" at line 858 of C:\Users\pperv\code\unnamed_rpg\vendor\ggml\src\ggml-cuda\template-instances\../mmq.cuh
[build]             instantiation of "ggml_cuda_mmq_load_tiles_t ggml_cuda_mmq_get_load_tiles<type,J,fallback>() [with type=GGML_TYPE_Q5_K, J=128, fallback=false]" at line 885 of C:\Users\pperv\code\unnamed_rpg\vendor\ggml\src\ggml-cuda\template-instances\../mmq.cuh
[build]             instantiation of "void mul_mat_q_process_tile<type,J,fallback,fixup>(const char *, int, const int *, const int *, float *, float *, const float *, int, int, int, int, int, int, int) [with type=GGML_TYPE_Q5_K, J=128, fallback=false, fixup=false]" at line 1152 of C:\Users\pperv\code\unnamed_rpg\vendor\ggml\src\ggml-cuda\template-instances\../mmq.cuh
[build]             instantiation of "void mul_mat_q<type,J,fallback>(const char *, const int *, const int32_t *, const int32_t *, float *, float *, const float *, uint3, int, int, int, int, int, uint3, uint3, int, int, int, uint3, uint3, int, int, int, uint3) [with type=GGML_TYPE_Q5_K, J=128, fallback=false]" at line 1407 of C:\Users\pperv\code\unnamed_rpg\vendor\ggml\src\ggml-cuda\template-instances\../mmq.cuh
[build]             instantiation of "void launch_mul_mat_q<type,J,fallback>(ggml_backend_cuda_context &, const mmq_args &, cudaStream_t) [with type=GGML_TYPE_Q5_K, J=128, fallback=false]" at line 1549 of C:\Users\pperv\code\unnamed_rpg\vendor\ggml\src\ggml-cuda\template-instances\../mmq.cuh
[build]             instantiation of "void mul_mat_q_switch_J<type,fallback>(ggml_backend_cuda_context &, const mmq_args &, cudaStream_t) [with type=GGML_TYPE_Q5_K, fallback=false]" at line 1562 of C:\Users\pperv\code\unnamed_rpg\vendor\ggml\src\ggml-cuda\template-instances\../mmq.cuh
[build]             instantiation of "void mul_mat_q_case<type>(ggml_backend_cuda_context &, const mmq_args &, cudaStream_t) [with type=GGML_TYPE_Q5_K]" at line 5 of C:\Users\pperv\code\unnamed_rpg\vendor\ggml\src\ggml-cuda\template-instances\mmq-instance-q5_k.cu
[build] 
[build] C:\Users\pperv\code\unnamed_rpg\vendor\ggml\src\ggml-cuda\mmq-vec-dot.cuh(374): warning #177-D: variable "I" was declared but never referenced
[build]       constexpr int I             = ggml_cuda_mmq_get_I(type, J, fallback);
[build]                     ^
[build]           detected during:
[build]             instantiation of "void ggml_cuda_mmq_vec_dot_q8_1_q8_1_mma<type,J,fallback>(const int *, const int *, float *, int) [with type=GGML_TYPE_Q5_K, J=128, fallback=false]" at line 734 of C:\Users\pperv\code\unnamed_rpg\vendor\ggml\src\ggml-cuda\template-instances\../mmq.cuh
[build]             instantiation of "ggml_cuda_mmq_util_funcs ggml_cuda_mmq_get_util_funcs<type,J,fallback>() [with type=GGML_TYPE_Q5_K, J=128, fallback=false]" at line 858 of C:\Users\pperv\code\unnamed_rpg\vendor\ggml\src\ggml-cuda\template-instances\../mmq.cuh
[build]             instantiation of "ggml_cuda_mmq_load_tiles_t ggml_cuda_mmq_get_load_tiles<type,J,fallback>() [with type=GGML_TYPE_Q5_K, J=128, fallback=false]" at line 885 of C:\Users\pperv\code\unnamed_rpg\vendor\ggml\src\ggml-cuda\template-instances\../mmq.cuh
[build]             instantiation of "void mul_mat_q_process_tile<type,J,fallback,fixup>(const char *, int, const int *, const int *, float *, float *, const float *, int, int, int, int, int, int, int) [with type=GGML_TYPE_Q5_K, J=128, fallback=false, fixup=false]" at line 1152 of C:\Users\pperv\code\unnamed_rpg\vendor\ggml\src\ggml-cuda\template-instances\../mmq.cuh
[build]             instantiation of "void mul_mat_q<type,J,fallback>(const char *, const int *, const int32_t *, const int32_t *, float *, float *, const float *, uint3, int, int, int, int, int, uint3, uint3, int, int, int, uint3, uint3, int, int, int, uint3) [with type=GGML_TYPE_Q5_K, J=128, fallback=false]" at line 1407 of C:\Users\pperv\code\unnamed_rpg\vendor\ggml\src\ggml-cuda\template-instances\../mmq.cuh
[build]             instantiation of "void launch_mul_mat_q<type,J,fallback>(ggml_backend_cuda_context &, const mmq_args &, cudaStream_t) [with type=GGML_TYPE_Q5_K, J=128, fallback=false]" at line 1549 of C:\Users\pperv\code\unnamed_rpg\vendor\ggml\src\ggml-cuda\template-instances\../mmq.cuh
[build]             instantiation of "void mul_mat_q_switch_J<type,fallback>(ggml_backend_cuda_context &, const mmq_args &, cudaStream_t) [with type=GGML_TYPE_Q5_K, fallback=false]" at line 1562 of C:\Users\pperv\code\unnamed_rpg\vendor\ggml\src\ggml-cuda\template-instances\../mmq.cuh
[build]             instantiation of "void mul_mat_q_case<type>(ggml_backend_cuda_context &, const mmq_args &, cudaStream_t) [with type=GGML_TYPE_Q5_K]" at line 5 of C:\Users\pperv\code\unnamed_rpg\vendor\ggml\src\ggml-cuda\template-instances\mmq-instance-q5_k.cu
[build] 
[build] C:\Users\pperv\code\unnamed_rpg\vendor\ggml\src\ggml-cuda\mmq-vec-dot.cuh(759): warning #177-D: variable "I" was declared but never referenced
[build]       constexpr int I             = ggml_cuda_mmq_get_I(type, J, fallback);
[build]                     ^
[build]           detected during:
[build]             instantiation of "void ggml_cuda_mmq_vec_dot_q2_K_q8_1_mma<type,J,fallback>(const int *, const int *, float *, int) [with type=GGML_TYPE_Q5_K, J=128, fallback=false]" at line 759 of C:\Users\pperv\code\unnamed_rpg\vendor\ggml\src\ggml-cuda\template-instances\../mmq.cuh
[build]             instantiation of "ggml_cuda_mmq_util_funcs ggml_cuda_mmq_get_util_funcs<type,J,fallback>() [with type=GGML_TYPE_Q5_K, J=128, fallback=false]" at line 858 of C:\Users\pperv\code\unnamed_rpg\vendor\ggml\src\ggml-cuda\template-instances\../mmq.cuh
[build]             instantiation of "ggml_cuda_mmq_load_tiles_t ggml_cuda_mmq_get_load_tiles<type,J,fallback>() [with type=GGML_TYPE_Q5_K, J=128, fallback=false]" at line 885 of C:\Users\pperv\code\unnamed_rpg\vendor\ggml\src\ggml-cuda\template-instances\../mmq.cuh
[build]             instantiation of "void mul_mat_q_process_tile<type,J,fallback,fixup>(const char *, int, const int *, const int *, float *, float *, const float *, int, int, int, int, int, int, int) [with type=GGML_TYPE_Q5_K, J=128, fallback=false, fixup=false]" at line 1152 of C:\Users\pperv\code\unnamed_rpg\vendor\ggml\src\ggml-cuda\template-instances\../mmq.cuh
[build]             instantiation of "void mul_mat_q<type,J,fallback>(const char *, const int *, const int32_t *, const int32_t *, float *, float *, const float *, uint3, int, int, int, int, int, uint3, uint3, int, int, int, uint3, uint3, int, int, int, uint3) [with type=GGML_TYPE_Q5_K, J=128, fallback=false]" at line 1407 of C:\Users\pperv\code\unnamed_rpg\vendor\ggml\src\ggml-cuda\template-instances\../mmq.cuh
[build]             instantiation of "void launch_mul_mat_q<type,J,fallback>(ggml_backend_cuda_context &, const mmq_args &, cudaStream_t) [with type=GGML_TYPE_Q5_K, J=128, fallback=false]" at line 1549 of C:\Users\pperv\code\unnamed_rpg\vendor\ggml\src\ggml-cuda\template-instances\../mmq.cuh
[build]             instantiation of "void mul_mat_q_switch_J<type,fallback>(ggml_backend_cuda_context &, const mmq_args &, cudaStream_t) [with type=GGML_TYPE_Q5_K, fallback=false]" at line 1562 of C:\Users\pperv\code\unnamed_rpg\vendor\ggml\src\ggml-cuda\template-instances\../mmq.cuh
[build]             instantiation of "void mul_mat_q_case<type>(ggml_backend_cuda_context &, const mmq_args &, cudaStream_t) [with type=GGML_TYPE_Q5_K]" at line 5 of C:\Users\pperv\code\unnamed_rpg\vendor\ggml\src\ggml-cuda\template-instances\mmq-instance-q5_k.cu
[build] 
[build] C:\Users\pperv\code\unnamed_rpg\vendor\ggml\src\ggml-cuda\mmq-vec-dot.cuh(540): warning #177-D: variable "I" was declared but never referenced
[build]       constexpr int I             = ggml_cuda_mmq_get_I(type, J, fallback);
[build]                     ^
[build]           detected during:
[build]             instantiation of "void ggml_cuda_mmq_vec_dot_q8_0_16_q8_1_mma<type,J,fallback>(const int *, const int *, float *, int) [with type=GGML_TYPE_Q5_K, J=128, fallback=false]" at line 765 of C:\Users\pperv\code\unnamed_rpg\vendor\ggml\src\ggml-cuda\template-instances\../mmq.cuh
[build]             instantiation of "ggml_cuda_mmq_util_funcs ggml_cuda_mmq_get_util_funcs<type,J,fallback>() [with type=GGML_TYPE_Q5_K, J=128, fallback=false]" at line 858 of C:\Users\pperv\code\unnamed_rpg\vendor\ggml\src\ggml-cuda\template-instances\../mmq.cuh
[build]             instantiation of "ggml_cuda_mmq_load_tiles_t ggml_cuda_mmq_get_load_tiles<type,J,fallback>() [with type=GGML_TYPE_Q5_K, J=128, fallback=false]" at line 885 of C:\Users\pperv\code\unnamed_rpg\vendor\ggml\src\ggml-cuda\template-instances\../mmq.cuh
[build]             instantiation of "void mul_mat_q_process_tile<type,J,fallback,fixup>(const char *, int, const int *, const int *, float *, float *, const float *, int, int, int, int, int, int, int) [with type=GGML_TYPE_Q5_K, J=128, fallback=false, fixup=false]" at line 1152 of C:\Users\pperv\code\unnamed_rpg\vendor\ggml\src\ggml-cuda\template-instances\../mmq.cuh
[build]             instantiation of "void mul_mat_q<type,J,fallback>(const char *, const int *, const int32_t *, const int32_t *, float *, float *, const float *, uint3, int, int, int, int, int, uint3, uint3, int, int, int, uint3, uint3, int, int, int, uint3) [with type=GGML_TYPE_Q5_K, J=128, fallback=false]" at line 1407 of C:\Users\pperv\code\unnamed_rpg\vendor\ggml\src\ggml-cuda\template-instances\../mmq.cuh
[build]             instantiation of "void launch_mul_mat_q<type,J,fallback>(ggml_backend_cuda_context &, const mmq_args &, cudaStream_t) [with type=GGML_TYPE_Q5_K, J=128, fallback=false]" at line 1549 of C:\Users\pperv\code\unnamed_rpg\vendor\ggml\src\ggml-cuda\template-instances\../mmq.cuh
[build]             instantiation of "void mul_mat_q_switch_J<type,fallback>(ggml_backend_cuda_context &, const mmq_args &, cudaStream_t) [with type=GGML_TYPE_Q5_K, fallback=false]" at line 1562 of C:\Users\pperv\code\unnamed_rpg\vendor\ggml\src\ggml-cuda\template-instances\../mmq.cuh
[build]             instantiation of "void mul_mat_q_case<type>(ggml_backend_cuda_context &, const mmq_args &, cudaStream_t) [with type=GGML_TYPE_Q5_K]" at line 5 of C:\Users\pperv\code\unnamed_rpg\vendor\ggml\src\ggml-cuda\template-instances\mmq-instance-q5_k.cu
[build] 
[build] C:\Users\pperv\code\unnamed_rpg\vendor\ggml\src\ggml-cuda\mmq-vec-dot.cuh(1078): warning #177-D: variable "I" was declared but never referenced
[build]       constexpr int I             = ggml_cuda_mmq_get_I(type, J, fallback);
[build]                     ^
[build]           detected during:
[build]             instantiation of "void ggml_cuda_mmq_vec_dot_q6_K_q8_1_mma<type,J,fallback>(const int *, const int *, float *, int) [with type=GGML_TYPE_Q5_K, J=128, fallback=false]" at line 783 of C:\Users\pperv\code\unnamed_rpg\vendor\ggml\src\ggml-cuda\template-instances\../mmq.cuh
[build]             instantiation of "ggml_cuda_mmq_util_funcs ggml_cuda_mmq_get_util_funcs<type,J,fallback>() [with type=GGML_TYPE_Q5_K, J=128, fallback=false]" at line 858 of C:\Users\pperv\code\unnamed_rpg\vendor\ggml\src\ggml-cuda\template-instances\../mmq.cuh
[build]             instantiation of "ggml_cuda_mmq_load_tiles_t ggml_cuda_mmq_get_load_tiles<type,J,fallback>() [with type=GGML_TYPE_Q5_K, J=128, fallback=false]" at line 885 of C:\Users\pperv\code\unnamed_rpg\vendor\ggml\src\ggml-cuda\template-instances\../mmq.cuh
[build]             instantiation of "void mul_mat_q_process_tile<type,J,fallback,fixup>(const char *, int, const int *, const int *, float *, float *, const float *, int, int, int, int, int, int, int) [with type=GGML_TYPE_Q5_K, J=128, fallback=false, fixup=false]" at line 1152 of C:\Users\pperv\code\unnamed_rpg\vendor\ggml\src\ggml-cuda\template-instances\../mmq.cuh
[build]             instantiation of "void mul_mat_q<type,J,fallback>(const char *, const int *, const int32_t *, const int32_t *, float *, float *, const float *, uint3, int, int, int, int, int, uint3, uint3, int, int, int, uint3, uint3, int, int, int, uint3) [with type=GGML_TYPE_Q5_K, J=128, fallback=false]" at line 1407 of C:\Users\pperv\code\unnamed_rpg\vendor\ggml\src\ggml-cuda\template-instances\../mmq.cuh
[build]             instantiation of "void launch_mul_mat_q<type,J,fallback>(ggml_backend_cuda_context &, const mmq_args &, cudaStream_t) [with type=GGML_TYPE_Q5_K, J=128, fallback=false]" at line 1549 of C:\Users\pperv\code\unnamed_rpg\vendor\ggml\src\ggml-cuda\template-instances\../mmq.cuh
[build]             instantiation of "void mul_mat_q_switch_J<type,fallback>(ggml_backend_cuda_context &, const mmq_args &, cudaStream_t) [with type=GGML_TYPE_Q5_K, fallback=false]" at line 1562 of C:\Users\pperv\code\unnamed_rpg\vendor\ggml\src\ggml-cuda\template-instances\../mmq.cuh
[build]             instantiation of "void mul_mat_q_case<type>(ggml_backend_cuda_context &, const mmq_args &, cudaStream_t) [with type=GGML_TYPE_Q5_K]" at line 5 of C:\Users\pperv\code\unnamed_rpg\vendor\ggml\src\ggml-cuda\template-instances\mmq-instance-q5_k.cu
[build] 
[build] C:\Users\pperv\code\unnamed_rpg\vendor\ggml\src\ggml-cuda\template-instances\../mmq.cuh(543): warning #177-D: variable "I" was declared but never referenced
[build]       constexpr int I = ggml_cuda_mmq_get_I(type, J, fallback);
[build]                     ^
[build]           detected during:
[build]             instantiation of "ggml_cuda_mmq_util_funcs ggml_cuda_mmq_get_util_funcs<type,J,fallback>() [with type=GGML_TYPE_Q5_K, J=128, fallback=false]" at line 858
[build]             instantiation of "ggml_cuda_mmq_load_tiles_t ggml_cuda_mmq_get_load_tiles<type,J,fallback>() [with type=GGML_TYPE_Q5_K, J=128, fallback=false]" at line 885
[build]             instantiation of "void mul_mat_q_process_tile<type,J,fallback,fixup>(const char *, int, const int *, const int *, float *, float *, const float *, int, int, int, int, int, int, int) [with type=GGML_TYPE_Q5_K, J=128, fallback=false, fixup=false]" at line 1152
[build]             instantiation of "void mul_mat_q<type,J,fallback>(const char *, const int *, const int32_t *, const int32_t *, float *, float *, const float *, uint3, int, int, int, int, int, uint3, uint3, int, int, int, uint3, uint3, int, int, int, uint3) [with type=GGML_TYPE_Q5_K, J=128, fallback=false]" at line 1407
[build]             instantiation of "void launch_mul_mat_q<type,J,fallback>(ggml_backend_cuda_context &, const mmq_args &, cudaStream_t) [with type=GGML_TYPE_Q5_K, J=128, fallback=false]" at line 1549
[build]             instantiation of "void mul_mat_q_switch_J<type,fallback>(ggml_backend_cuda_context &, const mmq_args &, cudaStream_t) [with type=GGML_TYPE_Q5_K, fallback=false]" at line 1562
[build]             instantiation of "void mul_mat_q_case<type>(ggml_backend_cuda_context &, const mmq_args &, cudaStream_t) [with type=GGML_TYPE_Q5_K]" at line 5 of C:\Users\pperv\code\unnamed_rpg\vendor\ggml\src\ggml-cuda\template-instances\mmq-instance-q5_k.cu
[build] 
[build] C:\Users\pperv\code\unnamed_rpg\vendor\ggml\src\ggml-cuda\mmq-vec-dot.cuh(207): warning #177-D: variable "I" was declared but never referenced
[build]       constexpr int I             = ggml_cuda_mmq_get_I(type, J, fallback);
[build]                     ^
[build]           detected during:
[build]             instantiation of "void ggml_cuda_mmq_vec_dot_q8_0_q8_1_mma<type,J,fallback,ds_layout>(const int *, const int *, float *, int) [with type=GGML_TYPE_Q5_K, J=128, fallback=true, ds_layout=MMQ_Q8_1_DS_LAYOUT_D4]" at line 716 of C:\Users\pperv\code\unnamed_rpg\vendor\ggml\src\ggml-cuda\template-instances\../mmq.cuh
[build]             instantiation of "ggml_cuda_mmq_util_funcs ggml_cuda_mmq_get_util_funcs<type,J,fallback>() [with type=GGML_TYPE_Q5_K, J=128, fallback=true]" at line 858 of C:\Users\pperv\code\unnamed_rpg\vendor\ggml\src\ggml-cuda\template-instances\../mmq.cuh
[build]             instantiation of "ggml_cuda_mmq_load_tiles_t ggml_cuda_mmq_get_load_tiles<type,J,fallback>() [with type=GGML_TYPE_Q5_K, J=128, fallback=true]" at line 885 of C:\Users\pperv\code\unnamed_rpg\vendor\ggml\src\ggml-cuda\template-instances\../mmq.cuh
[build]             instantiation of "void mul_mat_q_process_tile<type,J,fallback,fixup>(const char *, int, const int *, const int *, float *, float *, const float *, int, int, int, int, int, int, int) [with type=GGML_TYPE_Q5_K, J=128, fallback=true, fixup=false]" at line 1152 of C:\Users\pperv\code\unnamed_rpg\vendor\ggml\src\ggml-cuda\template-instances\../mmq.cuh
[build]             instantiation of "void mul_mat_q<type,J,fallback>(const char *, const int *, const int32_t *, const int32_t *, float *, float *, const float *, uint3, int, int, int, int, int, uint3, uint3, int, int, int, uint3, uint3, int, int, int, uint3) [with type=GGML_TYPE_Q5_K, J=128, fallback=true]" at line 1408 of C:\Users\pperv\code\unnamed_rpg\vendor\ggml\src\ggml-cuda\template-instances\../mmq.cuh
[build]             instantiation of "void launch_mul_mat_q<type,J,fallback>(ggml_backend_cuda_context &, const mmq_args &, cudaStream_t) [with type=GGML_TYPE_Q5_K, J=128, fallback=false]" at line 1549 of C:\Users\pperv\code\unnamed_rpg\vendor\ggml\src\ggml-cuda\template-instances\../mmq.cuh
[build]             instantiation of "void mul_mat_q_switch_J<type,fallback>(ggml_backend_cuda_context &, const mmq_args &, cudaStream_t) [with type=GGML_TYPE_Q5_K, fallback=false]" at line 1562 of C:\Users\pperv\code\unnamed_rpg\vendor\ggml\src\ggml-cuda\template-instances\../mmq.cuh
[build]             instantiation of "void mul_mat_q_case<type>(ggml_backend_cuda_context &, const mmq_args &, cudaStream_t) [with type=GGML_TYPE_Q5_K]" at line 5 of C:\Users\pperv\code\unnamed_rpg\vendor\ggml\src\ggml-cuda\template-instances\mmq-instance-q5_k.cu
[build] 
[build] C:\Users\pperv\code\unnamed_rpg\vendor\ggml\src\ggml-cuda\template-instances\../mmq.cuh(485): warning #177-D: variable "nwarps" was declared but never referenced
[build]       constexpr int nwarps        = ggml_cuda_mmq_get_nthreads(type, J, fallback) / warp_size;
[build]                     ^
[build]           detected during:
[build]             instantiation of "void ggml_cuda_mmq_write_back_mma<type,J,fallback>(const float *, const int *, float *, const float *, int, int, int) [with type=GGML_TYPE_Q5_K, J=128, fallback=true]" at line 716
[build]             instantiation of "ggml_cuda_mmq_util_funcs ggml_cuda_mmq_get_util_funcs<type,J,fallback>() [with type=GGML_TYPE_Q5_K, J=128, fallback=true]" at line 858
[build]             instantiation of "ggml_cuda_mmq_load_tiles_t ggml_cuda_mmq_get_load_tiles<type,J,fallback>() [with type=GGML_TYPE_Q5_K, J=128, fallback=true]" at line 885
[build]             instantiation of "void mul_mat_q_process_tile<type,J,fallback,fixup>(const char *, int, const int *, const int *, float *, float *, const float *, int, int, int, int, int, int, int) [with type=GGML_TYPE_Q5_K, J=128, fallback=true, fixup=false]" at line 1152
[build]             instantiation of "void mul_mat_q<type,J,fallback>(const char *, const int *, const int32_t *, const int32_t *, float *, float *, const float *, uint3, int, int, int, int, int, uint3, uint3, int, int, int, uint3, uint3, int, int, int, uint3) [with type=GGML_TYPE_Q5_K, J=128, fallback=true]" at line 1408
[build]             instantiation of "void launch_mul_mat_q<type,J,fallback>(ggml_backend_cuda_context &, const mmq_args &, cudaStream_t) [with type=GGML_TYPE_Q5_K, J=128, fallback=false]" at line 1549
[build]             instantiation of "void mul_mat_q_switch_J<type,fallback>(ggml_backend_cuda_context &, const mmq_args &, cudaStream_t) [with type=GGML_TYPE_Q5_K, fallback=false]" at line 1562
[build]             instantiation of "void mul_mat_q_case<type>(ggml_backend_cuda_context &, const mmq_args &, cudaStream_t) [with type=GGML_TYPE_Q5_K]" at line 5 of C:\Users\pperv\code\unnamed_rpg\vendor\ggml\src\ggml-cuda\template-instances\mmq-instance-q5_k.cu
[build] 
[build] C:\Users\pperv\code\unnamed_rpg\vendor\ggml\src\ggml-cuda\template-instances\../mmq.cuh(486): warning #177-D: variable "I" was declared but never referenced
[build]       constexpr int I             = ggml_cuda_mmq_get_I(type, J, fallback);
[build]                     ^
[build]           detected during:
[build]             instantiation of "void ggml_cuda_mmq_write_back_mma<type,J,fallback>(const float *, const int *, float *, const float *, int, int, int) [with type=GGML_TYPE_Q5_K, J=128, fallback=true]" at line 716
[build]             instantiation of "ggml_cuda_mmq_util_funcs ggml_cuda_mmq_get_util_funcs<type,J,fallback>() [with type=GGML_TYPE_Q5_K, J=128, fallback=true]" at line 858
[build]             instantiation of "ggml_cuda_mmq_load_tiles_t ggml_cuda_mmq_get_load_tiles<type,J,fallback>() [with type=GGML_TYPE_Q5_K, J=128, fallback=true]" at line 885
[build]             instantiation of "void mul_mat_q_process_tile<type,J,fallback,fixup>(const char *, int, const int *, const int *, float *, float *, const float *, int, int, int, int, int, int, int) [with type=GGML_TYPE_Q5_K, J=128, fallback=true, fixup=false]" at line 1152
[build]             instantiation of "void mul_mat_q<type,J,fallback>(const char *, const int *, const int32_t *, const int32_t *, float *, float *, const float *, uint3, int, int, int, int, int, uint3, uint3, int, int, int, uint3, uint3, int, int, int, uint3) [with type=GGML_TYPE_Q5_K, J=128, fallback=true]" at line 1408
[build]             instantiation of "void launch_mul_mat_q<type,J,fallback>(ggml_backend_cuda_context &, const mmq_args &, cudaStream_t) [with type=GGML_TYPE_Q5_K, J=128, fallback=false]" at line 1549
[build]             instantiation of "void mul_mat_q_switch_J<type,fallback>(ggml_backend_cuda_context &, const mmq_args &, cudaStream_t) [with type=GGML_TYPE_Q5_K, fallback=false]" at line 1562
[build]             instantiation of "void mul_mat_q_case<type>(ggml_backend_cuda_context &, const mmq_args &, cudaStream_t) [with type=GGML_TYPE_Q5_K]" at line 5 of C:\Users\pperv\code\unnamed_rpg\vendor\ggml\src\ggml-cuda\template-instances\mmq-instance-q5_k.cu
[build] 
[build] C:\Users\pperv\code\unnamed_rpg\vendor\ggml\src\ggml-cuda\mmq-vec-dot.cuh(207): warning #177-D: variable "I" was declared but never referenced
[build]       constexpr int I             = ggml_cuda_mmq_get_I(type, J, fallback);
[build]                     ^
[build]           detected during:
[build]             instantiation of "void ggml_cuda_mmq_vec_dot_q8_0_q8_1_mma<type,J,fallback,ds_layout>(const int *, const int *, float *, int) [with type=GGML_TYPE_Q5_K, J=128, fallback=true, ds_layout=MMQ_Q8_1_DS_LAYOUT_DS4]" at line 728 of C:\Users\pperv\code\unnamed_rpg\vendor\ggml\src\ggml-cuda\template-instances\../mmq.cuh
[build]             instantiation of "ggml_cuda_mmq_util_funcs ggml_cuda_mmq_get_util_funcs<type,J,fallback>() [with type=GGML_TYPE_Q5_K, J=128, fallback=true]" at line 858 of C:\Users\pperv\code\unnamed_rpg\vendor\ggml\src\ggml-cuda\template-instances\../mmq.cuh
[build]             instantiation of "ggml_cuda_mmq_load_tiles_t ggml_cuda_mmq_get_load_tiles<type,J,fallback>() [with type=GGML_TYPE_Q5_K, J=128, fallback=true]" at line 885 of C:\Users\pperv\code\unnamed_rpg\vendor\ggml\src\ggml-cuda\template-instances\../mmq.cuh
[build]             instantiation of "void mul_mat_q_process_tile<type,J,fallback,fixup>(const char *, int, const int *, const int *, float *, float *, const float *, int, int, int, int, int, int, int) [with type=GGML_TYPE_Q5_K, J=128, fallback=true, fixup=false]" at line 1152 of C:\Users\pperv\code\unnamed_rpg\vendor\ggml\src\ggml-cuda\template-instances\../mmq.cuh
[build]             instantiation of "void mul_mat_q<type,J,fallback>(const char *, const int *, const int32_t *, const int32_t *, float *, float *, const float *, uint3, int, int, int, int, int, uint3, uint3, int, int, int, uint3, uint3, int, int, int, uint3) [with type=GGML_TYPE_Q5_K, J=128, fallback=true]" at line 1408 of C:\Users\pperv\code\unnamed_rpg\vendor\ggml\src\ggml-cuda\template-instances\../mmq.cuh
[build]             instantiation of "void launch_mul_mat_q<type,J,fallback>(ggml_backend_cuda_context &, const mmq_args &, cudaStream_t) [with type=GGML_TYPE_Q5_K, J=128, fallback=false]" at line 1549 of C:\Users\pperv\code\unnamed_rpg\vendor\ggml\src\ggml-cuda\template-instances\../mmq.cuh
[build]             instantiation of "void mul_mat_q_switch_J<type,fallback>(ggml_backend_cuda_context &, const mmq_args &, cudaStream_t) [with type=GGML_TYPE_Q5_K, fallback=false]" at line 1562 of C:\Users\pperv\code\unnamed_rpg\vendor\ggml\src\ggml-cuda\template-instances\../mmq.cuh
[build]             instantiation of "void mul_mat_q_case<type>(ggml_backend_cuda_context &, const mmq_args &, cudaStream_t) [with type=GGML_TYPE_Q5_K]" at line 5 of C:\Users\pperv\code\unnamed_rpg\vendor\ggml\src\ggml-cuda\template-instances\mmq-instance-q5_k.cu
[build] 
[build] C:\Users\pperv\code\unnamed_rpg\vendor\ggml\src\ggml-cuda\mmq-vec-dot.cuh(374): warning #177-D: variable "I" was declared but never referenced
[build]       constexpr int I             = ggml_cuda_mmq_get_I(type, J, fallback);
[build]                     ^
[build]           detected during:
[build]             instantiation of "void ggml_cuda_mmq_vec_dot_q8_1_q8_1_mma<type,J,fallback>(const int *, const int *, float *, int) [with type=GGML_TYPE_Q5_K, J=128, fallback=true]" at line 734 of C:\Users\pperv\code\unnamed_rpg\vendor\ggml\src\ggml-cuda\template-instances\../mmq.cuh
[build]             instantiation of "ggml_cuda_mmq_util_funcs ggml_cuda_mmq_get_util_funcs<type,J,fallback>() [with type=GGML_TYPE_Q5_K, J=128, fallback=true]" at line 858 of C:\Users\pperv\code\unnamed_rpg\vendor\ggml\src\ggml-cuda\template-instances\../mmq.cuh
[build]             instantiation of "ggml_cuda_mmq_load_tiles_t ggml_cuda_mmq_get_load_tiles<type,J,fallback>() [with type=GGML_TYPE_Q5_K, J=128, fallback=true]" at line 885 of C:\Users\pperv\code\unnamed_rpg\vendor\ggml\src\ggml-cuda\template-instances\../mmq.cuh
[build]             instantiation of "void mul_mat_q_process_tile<type,J,fallback,fixup>(const char *, int, const int *, const int *, float *, float *, const float *, int, int, int, int, int, int, int) [with type=GGML_TYPE_Q5_K, J=128, fallback=true, fixup=false]" at line 1152 of C:\Users\pperv\code\unnamed_rpg\vendor\ggml\src\ggml-cuda\template-instances\../mmq.cuh
[build]             instantiation of "void mul_mat_q<type,J,fallback>(const char *, const int *, const int32_t *, const int32_t *, float *, float *, const float *, uint3, int, int, int, int, int, uint3, uint3, int, int, int, uint3, uint3, int, int, int, uint3) [with type=GGML_TYPE_Q5_K, J=128, fallback=true]" at line 1408 of C:\Users\pperv\code\unnamed_rpg\vendor\ggml\src\ggml-cuda\template-instances\../mmq.cuh
[build]             instantiation of "void launch_mul_mat_q<type,J,fallback>(ggml_backend_cuda_context &, const mmq_args &, cudaStream_t) [with type=GGML_TYPE_Q5_K, J=128, fallback=false]" at line 1549 of C:\Users\pperv\code\unnamed_rpg\vendor\ggml\src\ggml-cuda\template-instances\../mmq.cuh
[build]             instantiation of "void mul_mat_q_switch_J<type,fallback>(ggml_backend_cuda_context &, const mmq_args &, cudaStream_t) [with type=GGML_TYPE_Q5_K, fallback=false]" at line 1562 of C:\Users\pperv\code\unnamed_rpg\vendor\ggml\src\ggml-cuda\template-instances\../mmq.cuh
[build]             instantiation of "void mul_mat_q_case<type>(ggml_backend_cuda_context &, const mmq_args &, cudaStream_t) [with type=GGML_TYPE_Q5_K]" at line 5 of C:\Users\pperv\code\unnamed_rpg\vendor\ggml\src\ggml-cuda\template-instances\mmq-instance-q5_k.cu
[build] 
[build] C:\Users\pperv\code\unnamed_rpg\vendor\ggml\src\ggml-cuda\mmq-vec-dot.cuh(759): warning #177-D: variable "I" was declared but never referenced
[build]       constexpr int I             = ggml_cuda_mmq_get_I(type, J, fallback);
[build]                     ^
[build]           detected during:
[build]             instantiation of "void ggml_cuda_mmq_vec_dot_q2_K_q8_1_mma<type,J,fallback>(const int *, const int *, float *, int) [with type=GGML_TYPE_Q5_K, J=128, fallback=true]" at line 759 of C:\Users\pperv\code\unnamed_rpg\vendor\ggml\src\ggml-cuda\template-instances\../mmq.cuh
[build]             instantiation of "ggml_cuda_mmq_util_funcs ggml_cuda_mmq_get_util_funcs<type,J,fallback>() [with type=GGML_TYPE_Q5_K, J=128, fallback=true]" at line 858 of C:\Users\pperv\code\unnamed_rpg\vendor\ggml\src\ggml-cuda\template-instances\../mmq.cuh
[build]             instantiation of "ggml_cuda_mmq_load_tiles_t ggml_cuda_mmq_get_load_tiles<type,J,fallback>() [with type=GGML_TYPE_Q5_K, J=128, fallback=true]" at line 885 of C:\Users\pperv\code\unnamed_rpg\vendor\ggml\src\ggml-cuda\template-instances\../mmq.cuh
[build]             instantiation of "void mul_mat_q_process_tile<type,J,fallback,fixup>(const char *, int, const int *, const int *, float *, float *, const float *, int, int, int, int, int, int, int) [with type=GGML_TYPE_Q5_K, J=128, fallback=true, fixup=false]" at line 1152 of C:\Users\pperv\code\unnamed_rpg\vendor\ggml\src\ggml-cuda\template-instances\../mmq.cuh
[build]             instantiation of "void mul_mat_q<type,J,fallback>(const char *, const int *, const int32_t *, const int32_t *, float *, float *, const float *, uint3, int, int, int, int, int, uint3, uint3, int, int, int, uint3, uint3, int, int, int, uint3) [with type=GGML_TYPE_Q5_K, J=128, fallback=true]" at line 1408 of C:\Users\pperv\code\unnamed_rpg\vendor\ggml\src\ggml-cuda\template-instances\../mmq.cuh
[build]             instantiation of "void launch_mul_mat_q<type,J,fallback>(ggml_backend_cuda_context &, const mmq_args &, cudaStream_t) [with type=GGML_TYPE_Q5_K, J=128, fallback=false]" at line 1549 of C:\Users\pperv\code\unnamed_rpg\vendor\ggml\src\ggml-cuda\template-instances\../mmq.cuh
[build]             instantiation of "void mul_mat_q_switch_J<type,fallback>(ggml_backend_cuda_context &, const mmq_args &, cudaStream_t) [with type=GGML_TYPE_Q5_K, fallback=false]" at line 1562 of C:\Users\pperv\code\unnamed_rpg\vendor\ggml\src\ggml-cuda\template-instances\../mmq.cuh
[build]             instantiation of "void mul_mat_q_case<type>(ggml_backend_cuda_context &, const mmq_args &, cudaStream_t) [with type=GGML_TYPE_Q5_K]" at line 5 of C:\Users\pperv\code\unnamed_rpg\vendor\ggml\src\ggml-cuda\template-instances\mmq-instance-q5_k.cu
[build] 
[build] C:\Users\pperv\code\unnamed_rpg\vendor\ggml\src\ggml-cuda\mmq-vec-dot.cuh(540): warning #177-D: variable "I" was declared but never referenced
[build]       constexpr int I             = ggml_cuda_mmq_get_I(type, J, fallback);
[build]                     ^
[build]           detected during:
[build]             instantiation of "void ggml_cuda_mmq_vec_dot_q8_0_16_q8_1_mma<type,J,fallback>(const int *, const int *, float *, int) [with type=GGML_TYPE_Q5_K, J=128, fallback=true]" at line 765 of C:\Users\pperv\code\unnamed_rpg\vendor\ggml\src\ggml-cuda\template-instances\../mmq.cuh
[build]             instantiation of "ggml_cuda_mmq_util_funcs ggml_cuda_mmq_get_util_funcs<type,J,fallback>() [with type=GGML_TYPE_Q5_K, J=128, fallback=true]" at line 858 of C:\Users\pperv\code\unnamed_rpg\vendor\ggml\src\ggml-cuda\template-instances\../mmq.cuh
[build]             instantiation of "ggml_cuda_mmq_load_tiles_t ggml_cuda_mmq_get_load_tiles<type,J,fallback>() [with type=GGML_TYPE_Q5_K, J=128, fallback=true]" at line 885 of C:\Users\pperv\code\unnamed_rpg\vendor\ggml\src\ggml-cuda\template-instances\../mmq.cuh
[build]             instantiation of "void mul_mat_q_process_tile<type,J,fallback,fixup>(const char *, int, const int *, const int *, float *, float *, const float *, int, int, int, int, int, int, int) [with type=GGML_TYPE_Q5_K, J=128, fallback=true, fixup=false]" at line 1152 of C:\Users\pperv\code\unnamed_rpg\vendor\ggml\src\ggml-cuda\template-instances\../mmq.cuh
[build]             instantiation of "void mul_mat_q<type,J,fallback>(const char *, const int *, const int32_t *, const int32_t *, float *, float *, const float *, uint3, int, int, int, int, int, uint3, uint3, int, int, int, uint3, uint3, int, int, int, uint3) [with type=GGML_TYPE_Q5_K, J=128, fallback=true]" at line 1408 of C:\Users\pperv\code\unnamed_rpg\vendor\ggml\src\ggml-cuda\template-instances\../mmq.cuh
[build]             instantiation of "void launch_mul_mat_q<type,J,fallback>(ggml_backend_cuda_context &, const mmq_args &, cudaStream_t) [with type=GGML_TYPE_Q5_K, J=128, fallback=false]" at line 1549 of C:\Users\pperv\code\unnamed_rpg\vendor\ggml\src\ggml-cuda\template-instances\../mmq.cuh
[build]             instantiation of "void mul_mat_q_switch_J<type,fallback>(ggml_backend_cuda_context &, const mmq_args &, cudaStream_t) [with type=GGML_TYPE_Q5_K, fallback=false]" at line 1562 of C:\Users\pperv\code\unnamed_rpg\vendor\ggml\src\ggml-cuda\template-instances\../mmq.cuh
[build]             instantiation of "void mul_mat_q_case<type>(ggml_backend_cuda_context &, const mmq_args &, cudaStream_t) [with type=GGML_TYPE_Q5_K]" at line 5 of C:\Users\pperv\code\unnamed_rpg\vendor\ggml\src\ggml-cuda\template-instances\mmq-instance-q5_k.cu
[build] 
[build] C:\Users\pperv\code\unnamed_rpg\vendor\ggml\src\ggml-cuda\mmq-vec-dot.cuh(1078): warning #177-D: variable "I" was declared but never referenced
[build]       constexpr int I             = ggml_cuda_mmq_get_I(type, J, fallback);
[build]                     ^
[build]           detected during:
[build]             instantiation of "void ggml_cuda_mmq_vec_dot_q6_K_q8_1_mma<type,J,fallback>(const int *, const int *, float *, int) [with type=GGML_TYPE_Q5_K, J=128, fallback=true]" at line 783 of C:\Users\pperv\code\unnamed_rpg\vendor\ggml\src\ggml-cuda\template-instances\../mmq.cuh
[build]             instantiation of "ggml_cuda_mmq_util_funcs ggml_cuda_mmq_get_util_funcs<type,J,fallback>() [with type=GGML_TYPE_Q5_K, J=128, fallback=true]" at line 858 of C:\Users\pperv\code\unnamed_rpg\vendor\ggml\src\ggml-cuda\template-instances\../mmq.cuh
[build]             instantiation of "ggml_cuda_mmq_load_tiles_t ggml_cuda_mmq_get_load_tiles<type,J,fallback>() [with type=GGML_TYPE_Q5_K, J=128, fallback=true]" at line 885 of C:\Users\pperv\code\unnamed_rpg\vendor\ggml\src\ggml-cuda\template-instances\../mmq.cuh
[build]             instantiation of "void mul_mat_q_process_tile<type,J,fallback,fixup>(const char *, int, const int *, const int *, float *, float *, const float *, int, int, int, int, int, int, int) [with type=GGML_TYPE_Q5_K, J=128, fallback=true, fixup=false]" at line 1152 of C:\Users\pperv\code\unnamed_rpg\vendor\ggml\src\ggml-cuda\template-instances\../mmq.cuh
[build]             instantiation of "void mul_mat_q<type,J,fallback>(const char *, const int *, const int32_t *, const int32_t *, float *, float *, const float *, uint3, int, int, int, int, int, uint3, uint3, int, int, int, uint3, uint3, int, int, int, uint3) [with type=GGML_TYPE_Q5_K, J=128, fallback=true]" at line 1408 of C:\Users\pperv\code\unnamed_rpg\vendor\ggml\src\ggml-cuda\template-instances\../mmq.cuh
[build]             instantiation of "void launch_mul_mat_q<type,J,fallback>(ggml_backend_cuda_context &, const mmq_args &, cudaStream_t) [with type=GGML_TYPE_Q5_K, J=128, fallback=false]" at line 1549 of C:\Users\pperv\code\unnamed_rpg\vendor\ggml\src\ggml-cuda\template-instances\../mmq.cuh
[build]             instantiation of "void mul_mat_q_switch_J<type,fallback>(ggml_backend_cuda_context &, const mmq_args &, cudaStream_t) [with type=GGML_TYPE_Q5_K, fallback=false]" at line 1562 of C:\Users\pperv\code\unnamed_rpg\vendor\ggml\src\ggml-cuda\template-instances\../mmq.cuh
[build]             instantiation of "void mul_mat_q_case<type>(ggml_backend_cuda_context &, const mmq_args &, cudaStream_t) [with type=GGML_TYPE_Q5_K]" at line 5 of C:\Users\pperv\code\unnamed_rpg\vendor\ggml\src\ggml-cuda\template-instances\mmq-instance-q5_k.cu
[build] 
[build] C:\Users\pperv\code\unnamed_rpg\vendor\ggml\src\ggml-cuda\template-instances\../mmq.cuh(543): warning #177-D: variable "I" was declared but never referenced
[build]       constexpr int I = ggml_cuda_mmq_get_I(type, J, fallback);
[build]                     ^
[build]           detected during:
[build]             instantiation of "ggml_cuda_mmq_util_funcs ggml_cuda_mmq_get_util_funcs<type,J,fallback>() [with type=GGML_TYPE_Q5_K, J=128, fallback=true]" at line 858
[build]             instantiation of "ggml_cuda_mmq_load_tiles_t ggml_cuda_mmq_get_load_tiles<type,J,fallback>() [with type=GGML_TYPE_Q5_K, J=128, fallback=true]" at line 885
[build]             instantiation of "void mul_mat_q_process_tile<type,J,fallback,fixup>(const char *, int, const int *, const int *, float *, float *, const float *, int, int, int, int, int, int, int) [with type=GGML_TYPE_Q5_K, J=128, fallback=true, fixup=false]" at line 1152
[build]             instantiation of "void mul_mat_q<type,J,fallback>(const char *, const int *, const int32_t *, const int32_t *, float *, float *, const float *, uint3, int, int, int, int, int, uint3, uint3, int, int, int, uint3, uint3, int, int, int, uint3) [with type=GGML_TYPE_Q5_K, J=128, fallback=true]" at line 1408
[build]             instantiation of "void launch_mul_mat_q<type,J,fallback>(ggml_backend_cuda_context &, const mmq_args &, cudaStream_t) [with type=GGML_TYPE_Q5_K, J=128, fallback=false]" at line 1549
[build]             instantiation of "void mul_mat_q_switch_J<type,fallback>(ggml_backend_cuda_context &, const mmq_args &, cudaStream_t) [with type=GGML_TYPE_Q5_K, fallback=false]" at line 1562
[build]             instantiation of "void mul_mat_q_case<type>(ggml_backend_cuda_context &, const mmq_args &, cudaStream_t) [with type=GGML_TYPE_Q5_K]" at line 5 of C:\Users\pperv\code\unnamed_rpg\vendor\ggml\src\ggml-cuda\template-instances\mmq-instance-q5_k.cu
[build] 
[build] mmq-instance-q5_k.cu
[build] tmpxft_000020dc_00000000-10_mmq-instance-q5_k.cudafe1.cpp
[build] [179/405  40% :: 288.725] Building CUDA object vendor\ggml\src\ggml-cuda\CMakeFiles\ggml-cuda.dir\template-instances\mmf-instance-ncols_6.cu.obj
[build] mmf-instance-ncols_6.cu
[build] tmpxft_00005788_00000000-10_mmf-instance-ncols_6.cudafe1.cpp
[build] [180/405  40% :: 288.741] Building CUDA object vendor\ggml\src\ggml-cuda\CMakeFiles\ggml-cuda.dir\template-instances\mmq-instance-q6_k.cu.obj
[build] C:\Users\pperv\code\unnamed_rpg\vendor\ggml\src\ggml-cuda\mmq-vec-dot.cuh(207): warning #177-D: variable "I" was declared but never referenced
[build]       constexpr int I             = ggml_cuda_mmq_get_I(type, J, fallback);
[build]                     ^
[build]           detected during:
[build]             instantiation of "void ggml_cuda_mmq_vec_dot_q8_0_q8_1_mma<type,J,fallback,ds_layout>(const int *, const int *, float *, int) [with type=GGML_TYPE_Q6_K, J=8, fallback=false, ds_layout=MMQ_Q8_1_DS_LAYOUT_D4]" at line 716 of C:\Users\pperv\code\unnamed_rpg\vendor\ggml\src\ggml-cuda\template-instances\../mmq.cuh
[build]             instantiation of "ggml_cuda_mmq_util_funcs ggml_cuda_mmq_get_util_funcs<type,J,fallback>() [with type=GGML_TYPE_Q6_K, J=8, fallback=false]" at line 858 of C:\Users\pperv\code\unnamed_rpg\vendor\ggml\src\ggml-cuda\template-instances\../mmq.cuh
[build]             instantiation of "ggml_cuda_mmq_load_tiles_t ggml_cuda_mmq_get_load_tiles<type,J,fallback>() [with type=GGML_TYPE_Q6_K, J=8, fallback=false]" at line 885 of C:\Users\pperv\code\unnamed_rpg\vendor\ggml\src\ggml-cuda\template-instances\../mmq.cuh
[build]             instantiation of "void mul_mat_q_process_tile<type,J,fallback,fixup>(const char *, int, const int *, const int *, float *, float *, const float *, int, int, int, int, int, int, int) [with type=GGML_TYPE_Q6_K, J=8, fallback=false, fixup=false]" at line 1152 of C:\Users\pperv\code\unnamed_rpg\vendor\ggml\src\ggml-cuda\template-instances\../mmq.cuh
[build]             instantiation of "void mul_mat_q<type,J,fallback>(const char *, const int *, const int32_t *, const int32_t *, float *, float *, const float *, uint3, int, int, int, int, int, uint3, uint3, int, int, int, uint3, uint3, int, int, int, uint3) [with type=GGML_TYPE_Q6_K, J=8, fallback=false]" at line 1407 of C:\Users\pperv\code\unnamed_rpg\vendor\ggml\src\ggml-cuda\template-instances\../mmq.cuh
[build]             instantiation of "void launch_mul_mat_q<type,J,fallback>(ggml_backend_cuda_context &, const mmq_args &, cudaStream_t) [with type=GGML_TYPE_Q6_K, J=8, fallback=false]" at line 1504 of C:\Users\pperv\code\unnamed_rpg\vendor\ggml\src\ggml-cuda\template-instances\../mmq.cuh
[build]             instantiation of "void mul_mat_q_switch_J<type,fallback>(ggml_backend_cuda_context &, const mmq_args &, cudaStream_t) [with type=GGML_TYPE_Q6_K, fallback=false]" at line 1562 of C:\Users\pperv\code\unnamed_rpg\vendor\ggml\src\ggml-cuda\template-instances\../mmq.cuh
[build]             instantiation of "void mul_mat_q_case<type>(ggml_backend_cuda_context &, const mmq_args &, cudaStream_t) [with type=GGML_TYPE_Q6_K]" at line 5 of C:\Users\pperv\code\unnamed_rpg\vendor\ggml\src\ggml-cuda\template-instances\mmq-instance-q6_k.cu
[build] 
[build] Remark: The warnings can be suppressed with "-diag-suppress <warning-number>"
[build] 
[build] C:\Users\pperv\code\unnamed_rpg\vendor\ggml\src\ggml-cuda\template-instances\../mmq.cuh(485): warning #177-D: variable "nwarps" was declared but never referenced
[build]       constexpr int nwarps        = ggml_cuda_mmq_get_nthreads(type, J, fallback) / warp_size;
[build]                     ^
[build]           detected during:
[build]             instantiation of "void ggml_cuda_mmq_write_back_mma<type,J,fallback>(const float *, const int *, float *, const float *, int, int, int) [with type=GGML_TYPE_Q6_K, J=8, fallback=false]" at line 716
[build]             instantiation of "ggml_cuda_mmq_util_funcs ggml_cuda_mmq_get_util_funcs<type,J,fallback>() [with type=GGML_TYPE_Q6_K, J=8, fallback=false]" at line 858
[build]             instantiation of "ggml_cuda_mmq_load_tiles_t ggml_cuda_mmq_get_load_tiles<type,J,fallback>() [with type=GGML_TYPE_Q6_K, J=8, fallback=false]" at line 885
[build]             instantiation of "void mul_mat_q_process_tile<type,J,fallback,fixup>(const char *, int, const int *, const int *, float *, float *, const float *, int, int, int, int, int, int, int) [with type=GGML_TYPE_Q6_K, J=8, fallback=false, fixup=false]" at line 1152
[build]             instantiation of "void mul_mat_q<type,J,fallback>(const char *, const int *, const int32_t *, const int32_t *, float *, float *, const float *, uint3, int, int, int, int, int, uint3, uint3, int, int, int, uint3, uint3, int, int, int, uint3) [with type=GGML_TYPE_Q6_K, J=8, fallback=false]" at line 1407
[build]             instantiation of "void launch_mul_mat_q<type,J,fallback>(ggml_backend_cuda_context &, const mmq_args &, cudaStream_t) [with type=GGML_TYPE_Q6_K, J=8, fallback=false]" at line 1504
[build]             instantiation of "void mul_mat_q_switch_J<type,fallback>(ggml_backend_cuda_context &, const mmq_args &, cudaStream_t) [with type=GGML_TYPE_Q6_K, fallback=false]" at line 1562
[build]             instantiation of "void mul_mat_q_case<type>(ggml_backend_cuda_context &, const mmq_args &, cudaStream_t) [with type=GGML_TYPE_Q6_K]" at line 5 of C:\Users\pperv\code\unnamed_rpg\vendor\ggml\src\ggml-cuda\template-instances\mmq-instance-q6_k.cu
[build] 
[build] C:\Users\pperv\code\unnamed_rpg\vendor\ggml\src\ggml-cuda\template-instances\../mmq.cuh(486): warning #177-D: variable "I" was declared but never referenced
[build]       constexpr int I             = ggml_cuda_mmq_get_I(type, J, fallback);
[build]                     ^
[build]           detected during:
[build]             instantiation of "void ggml_cuda_mmq_write_back_mma<type,J,fallback>(const float *, const int *, float *, const float *, int, int, int) [with type=GGML_TYPE_Q6_K, J=8, fallback=false]" at line 716
[build]             instantiation of "ggml_cuda_mmq_util_funcs ggml_cuda_mmq_get_util_funcs<type,J,fallback>() [with type=GGML_TYPE_Q6_K, J=8, fallback=false]" at line 858
[build]             instantiation of "ggml_cuda_mmq_load_tiles_t ggml_cuda_mmq_get_load_tiles<type,J,fallback>() [with type=GGML_TYPE_Q6_K, J=8, fallback=false]" at line 885
[build]             instantiation of "void mul_mat_q_process_tile<type,J,fallback,fixup>(const char *, int, const int *, const int *, float *, float *, const float *, int, int, int, int, int, int, int) [with type=GGML_TYPE_Q6_K, J=8, fallback=false, fixup=false]" at line 1152
[build]             instantiation of "void mul_mat_q<type,J,fallback>(const char *, const int *, const int32_t *, const int32_t *, float *, float *, const float *, uint3, int, int, int, int, int, uint3, uint3, int, int, int, uint3, uint3, int, int, int, uint3) [with type=GGML_TYPE_Q6_K, J=8, fallback=false]" at line 1407
[build]             instantiation of "void launch_mul_mat_q<type,J,fallback>(ggml_backend_cuda_context &, const mmq_args &, cudaStream_t) [with type=GGML_TYPE_Q6_K, J=8, fallback=false]" at line 1504
[build]             instantiation of "void mul_mat_q_switch_J<type,fallback>(ggml_backend_cuda_context &, const mmq_args &, cudaStream_t) [with type=GGML_TYPE_Q6_K, fallback=false]" at line 1562
[build]             instantiation of "void mul_mat_q_case<type>(ggml_backend_cuda_context &, const mmq_args &, cudaStream_t) [with type=GGML_TYPE_Q6_K]" at line 5 of C:\Users\pperv\code\unnamed_rpg\vendor\ggml\src\ggml-cuda\template-instances\mmq-instance-q6_k.cu
[build] 
[build] C:\Users\pperv\code\unnamed_rpg\vendor\ggml\src\ggml-cuda\mmq-vec-dot.cuh(207): warning #177-D: variable "I" was declared but never referenced
[build]       constexpr int I             = ggml_cuda_mmq_get_I(type, J, fallback);
[build]                     ^
[build]           detected during:
[build]             instantiation of "void ggml_cuda_mmq_vec_dot_q8_0_q8_1_mma<type,J,fallback,ds_layout>(const int *, const int *, float *, int) [with type=GGML_TYPE_Q6_K, J=8, fallback=false, ds_layout=MMQ_Q8_1_DS_LAYOUT_DS4]" at line 728 of C:\Users\pperv\code\unnamed_rpg\vendor\ggml\src\ggml-cuda\template-instances\../mmq.cuh
[build]             instantiation of "ggml_cuda_mmq_util_funcs ggml_cuda_mmq_get_util_funcs<type,J,fallback>() [with type=GGML_TYPE_Q6_K, J=8, fallback=false]" at line 858 of C:\Users\pperv\code\unnamed_rpg\vendor\ggml\src\ggml-cuda\template-instances\../mmq.cuh
[build]             instantiation of "ggml_cuda_mmq_load_tiles_t ggml_cuda_mmq_get_load_tiles<type,J,fallback>() [with type=GGML_TYPE_Q6_K, J=8, fallback=false]" at line 885 of C:\Users\pperv\code\unnamed_rpg\vendor\ggml\src\ggml-cuda\template-instances\../mmq.cuh
[build]             instantiation of "void mul_mat_q_process_tile<type,J,fallback,fixup>(const char *, int, const int *, const int *, float *, float *, const float *, int, int, int, int, int, int, int) [with type=GGML_TYPE_Q6_K, J=8, fallback=false, fixup=false]" at line 1152 of C:\Users\pperv\code\unnamed_rpg\vendor\ggml\src\ggml-cuda\template-instances\../mmq.cuh
[build]             instantiation of "void mul_mat_q<type,J,fallback>(const char *, const int *, const int32_t *, const int32_t *, float *, float *, const float *, uint3, int, int, int, int, int, uint3, uint3, int, int, int, uint3, uint3, int, int, int, uint3) [with type=GGML_TYPE_Q6_K, J=8, fallback=false]" at line 1407 of C:\Users\pperv\code\unnamed_rpg\vendor\ggml\src\ggml-cuda\template-instances\../mmq.cuh
[build]             instantiation of "void launch_mul_mat_q<type,J,fallback>(ggml_backend_cuda_context &, const mmq_args &, cudaStream_t) [with type=GGML_TYPE_Q6_K, J=8, fallback=false]" at line 1504 of C:\Users\pperv\code\unnamed_rpg\vendor\ggml\src\ggml-cuda\template-instances\../mmq.cuh
[build]             instantiation of "void mul_mat_q_switch_J<type,fallback>(ggml_backend_cuda_context &, const mmq_args &, cudaStream_t) [with type=GGML_TYPE_Q6_K, fallback=false]" at line 1562 of C:\Users\pperv\code\unnamed_rpg\vendor\ggml\src\ggml-cuda\template-instances\../mmq.cuh
[build]             instantiation of "void mul_mat_q_case<type>(ggml_backend_cuda_context &, const mmq_args &, cudaStream_t) [with type=GGML_TYPE_Q6_K]" at line 5 of C:\Users\pperv\code\unnamed_rpg\vendor\ggml\src\ggml-cuda\template-instances\mmq-instance-q6_k.cu
[build] 
[build] C:\Users\pperv\code\unnamed_rpg\vendor\ggml\src\ggml-cuda\mmq-vec-dot.cuh(374): warning #177-D: variable "I" was declared but never referenced
[build]       constexpr int I             = ggml_cuda_mmq_get_I(type, J, fallback);
[build]                     ^
[build]           detected during:
[build]             instantiation of "void ggml_cuda_mmq_vec_dot_q8_1_q8_1_mma<type,J,fallback>(const int *, const int *, float *, int) [with type=GGML_TYPE_Q6_K, J=8, fallback=false]" at line 734 of C:\Users\pperv\code\unnamed_rpg\vendor\ggml\src\ggml-cuda\template-instances\../mmq.cuh
[build]             instantiation of "ggml_cuda_mmq_util_funcs ggml_cuda_mmq_get_util_funcs<type,J,fallback>() [with type=GGML_TYPE_Q6_K, J=8, fallback=false]" at line 858 of C:\Users\pperv\code\unnamed_rpg\vendor\ggml\src\ggml-cuda\template-instances\../mmq.cuh
[build]             instantiation of "ggml_cuda_mmq_load_tiles_t ggml_cuda_mmq_get_load_tiles<type,J,fallback>() [with type=GGML_TYPE_Q6_K, J=8, fallback=false]" at line 885 of C:\Users\pperv\code\unnamed_rpg\vendor\ggml\src\ggml-cuda\template-instances\../mmq.cuh
[build]             instantiation of "void mul_mat_q_process_tile<type,J,fallback,fixup>(const char *, int, const int *, const int *, float *, float *, const float *, int, int, int, int, int, int, int) [with type=GGML_TYPE_Q6_K, J=8, fallback=false, fixup=false]" at line 1152 of C:\Users\pperv\code\unnamed_rpg\vendor\ggml\src\ggml-cuda\template-instances\../mmq.cuh
[build]             instantiation of "void mul_mat_q<type,J,fallback>(const char *, const int *, const int32_t *, const int32_t *, float *, float *, const float *, uint3, int, int, int, int, int, uint3, uint3, int, int, int, uint3, uint3, int, int, int, uint3) [with type=GGML_TYPE_Q6_K, J=8, fallback=false]" at line 1407 of C:\Users\pperv\code\unnamed_rpg\vendor\ggml\src\ggml-cuda\template-instances\../mmq.cuh
[build]             instantiation of "void launch_mul_mat_q<type,J,fallback>(ggml_backend_cuda_context &, const mmq_args &, cudaStream_t) [with type=GGML_TYPE_Q6_K, J=8, fallback=false]" at line 1504 of C:\Users\pperv\code\unnamed_rpg\vendor\ggml\src\ggml-cuda\template-instances\../mmq.cuh
[build]             instantiation of "void mul_mat_q_switch_J<type,fallback>(ggml_backend_cuda_context &, const mmq_args &, cudaStream_t) [with type=GGML_TYPE_Q6_K, fallback=false]" at line 1562 of C:\Users\pperv\code\unnamed_rpg\vendor\ggml\src\ggml-cuda\template-instances\../mmq.cuh
[build]             instantiation of "void mul_mat_q_case<type>(ggml_backend_cuda_context &, const mmq_args &, cudaStream_t) [with type=GGML_TYPE_Q6_K]" at line 5 of C:\Users\pperv\code\unnamed_rpg\vendor\ggml\src\ggml-cuda\template-instances\mmq-instance-q6_k.cu
[build] 
[build] C:\Users\pperv\code\unnamed_rpg\vendor\ggml\src\ggml-cuda\mmq-vec-dot.cuh(759): warning #177-D: variable "I" was declared but never referenced
[build]       constexpr int I             = ggml_cuda_mmq_get_I(type, J, fallback);
[build]                     ^
[build]           detected during:
[build]             instantiation of "void ggml_cuda_mmq_vec_dot_q2_K_q8_1_mma<type,J,fallback>(const int *, const int *, float *, int) [with type=GGML_TYPE_Q6_K, J=8, fallback=false]" at line 759 of C:\Users\pperv\code\unnamed_rpg\vendor\ggml\src\ggml-cuda\template-instances\../mmq.cuh
[build]             instantiation of "ggml_cuda_mmq_util_funcs ggml_cuda_mmq_get_util_funcs<type,J,fallback>() [with type=GGML_TYPE_Q6_K, J=8, fallback=false]" at line 858 of C:\Users\pperv\code\unnamed_rpg\vendor\ggml\src\ggml-cuda\template-instances\../mmq.cuh
[build]             instantiation of "ggml_cuda_mmq_load_tiles_t ggml_cuda_mmq_get_load_tiles<type,J,fallback>() [with type=GGML_TYPE_Q6_K, J=8, fallback=false]" at line 885 of C:\Users\pperv\code\unnamed_rpg\vendor\ggml\src\ggml-cuda\template-instances\../mmq.cuh
[build]             instantiation of "void mul_mat_q_process_tile<type,J,fallback,fixup>(const char *, int, const int *, const int *, float *, float *, const float *, int, int, int, int, int, int, int) [with type=GGML_TYPE_Q6_K, J=8, fallback=false, fixup=false]" at line 1152 of C:\Users\pperv\code\unnamed_rpg\vendor\ggml\src\ggml-cuda\template-instances\../mmq.cuh
[build]             instantiation of "void mul_mat_q<type,J,fallback>(const char *, const int *, const int32_t *, const int32_t *, float *, float *, const float *, uint3, int, int, int, int, int, uint3, uint3, int, int, int, uint3, uint3, int, int, int, uint3) [with type=GGML_TYPE_Q6_K, J=8, fallback=false]" at line 1407 of C:\Users\pperv\code\unnamed_rpg\vendor\ggml\src\ggml-cuda\template-instances\../mmq.cuh
[build]             instantiation of "void launch_mul_mat_q<type,J,fallback>(ggml_backend_cuda_context &, const mmq_args &, cudaStream_t) [with type=GGML_TYPE_Q6_K, J=8, fallback=false]" at line 1504 of C:\Users\pperv\code\unnamed_rpg\vendor\ggml\src\ggml-cuda\template-instances\../mmq.cuh
[build]             instantiation of "void mul_mat_q_switch_J<type,fallback>(ggml_backend_cuda_context &, const mmq_args &, cudaStream_t) [with type=GGML_TYPE_Q6_K, fallback=false]" at line 1562 of C:\Users\pperv\code\unnamed_rpg\vendor\ggml\src\ggml-cuda\template-instances\../mmq.cuh
[build]             instantiation of "void mul_mat_q_case<type>(ggml_backend_cuda_context &, const mmq_args &, cudaStream_t) [with type=GGML_TYPE_Q6_K]" at line 5 of C:\Users\pperv\code\unnamed_rpg\vendor\ggml\src\ggml-cuda\template-instances\mmq-instance-q6_k.cu
[build] 
[build] C:\Users\pperv\code\unnamed_rpg\vendor\ggml\src\ggml-cuda\mmq-vec-dot.cuh(540): warning #177-D: variable "I" was declared but never referenced
[build]       constexpr int I             = ggml_cuda_mmq_get_I(type, J, fallback);
[build]                     ^
[build]           detected during:
[build]             instantiation of "void ggml_cuda_mmq_vec_dot_q8_0_16_q8_1_mma<type,J,fallback>(const int *, const int *, float *, int) [with type=GGML_TYPE_Q6_K, J=8, fallback=false]" at line 765 of C:\Users\pperv\code\unnamed_rpg\vendor\ggml\src\ggml-cuda\template-instances\../mmq.cuh
[build]             instantiation of "ggml_cuda_mmq_util_funcs ggml_cuda_mmq_get_util_funcs<type,J,fallback>() [with type=GGML_TYPE_Q6_K, J=8, fallback=false]" at line 858 of C:\Users\pperv\code\unnamed_rpg\vendor\ggml\src\ggml-cuda\template-instances\../mmq.cuh
[build]             instantiation of "ggml_cuda_mmq_load_tiles_t ggml_cuda_mmq_get_load_tiles<type,J,fallback>() [with type=GGML_TYPE_Q6_K, J=8, fallback=false]" at line 885 of C:\Users\pperv\code\unnamed_rpg\vendor\ggml\src\ggml-cuda\template-instances\../mmq.cuh
[build]             instantiation of "void mul_mat_q_process_tile<type,J,fallback,fixup>(const char *, int, const int *, const int *, float *, float *, const float *, int, int, int, int, int, int, int) [with type=GGML_TYPE_Q6_K, J=8, fallback=false, fixup=false]" at line 1152 of C:\Users\pperv\code\unnamed_rpg\vendor\ggml\src\ggml-cuda\template-instances\../mmq.cuh
[build]             instantiation of "void mul_mat_q<type,J,fallback>(const char *, const int *, const int32_t *, const int32_t *, float *, float *, const float *, uint3, int, int, int, int, int, uint3, uint3, int, int, int, uint3, uint3, int, int, int, uint3) [with type=GGML_TYPE_Q6_K, J=8, fallback=false]" at line 1407 of C:\Users\pperv\code\unnamed_rpg\vendor\ggml\src\ggml-cuda\template-instances\../mmq.cuh
[build]             instantiation of "void launch_mul_mat_q<type,J,fallback>(ggml_backend_cuda_context &, const mmq_args &, cudaStream_t) [with type=GGML_TYPE_Q6_K, J=8, fallback=false]" at line 1504 of C:\Users\pperv\code\unnamed_rpg\vendor\ggml\src\ggml-cuda\template-instances\../mmq.cuh
[build]             instantiation of "void mul_mat_q_switch_J<type,fallback>(ggml_backend_cuda_context &, const mmq_args &, cudaStream_t) [with type=GGML_TYPE_Q6_K, fallback=false]" at line 1562 of C:\Users\pperv\code\unnamed_rpg\vendor\ggml\src\ggml-cuda\template-instances\../mmq.cuh
[build]             instantiation of "void mul_mat_q_case<type>(ggml_backend_cuda_context &, const mmq_args &, cudaStream_t) [with type=GGML_TYPE_Q6_K]" at line 5 of C:\Users\pperv\code\unnamed_rpg\vendor\ggml\src\ggml-cuda\template-instances\mmq-instance-q6_k.cu
[build] 
[build] C:\Users\pperv\code\unnamed_rpg\vendor\ggml\src\ggml-cuda\mmq-vec-dot.cuh(1078): warning #177-D: variable "I" was declared but never referenced
[build]       constexpr int I             = ggml_cuda_mmq_get_I(type, J, fallback);
[build]                     ^
[build]           detected during:
[build]             instantiation of "void ggml_cuda_mmq_vec_dot_q6_K_q8_1_mma<type,J,fallback>(const int *, const int *, float *, int) [with type=GGML_TYPE_Q6_K, J=8, fallback=false]" at line 783 of C:\Users\pperv\code\unnamed_rpg\vendor\ggml\src\ggml-cuda\template-instances\../mmq.cuh
[build]             instantiation of "ggml_cuda_mmq_util_funcs ggml_cuda_mmq_get_util_funcs<type,J,fallback>() [with type=GGML_TYPE_Q6_K, J=8, fallback=false]" at line 858 of C:\Users\pperv\code\unnamed_rpg\vendor\ggml\src\ggml-cuda\template-instances\../mmq.cuh
[build]             instantiation of "ggml_cuda_mmq_load_tiles_t ggml_cuda_mmq_get_load_tiles<type,J,fallback>() [with type=GGML_TYPE_Q6_K, J=8, fallback=false]" at line 885 of C:\Users\pperv\code\unnamed_rpg\vendor\ggml\src\ggml-cuda\template-instances\../mmq.cuh
[build]             instantiation of "void mul_mat_q_process_tile<type,J,fallback,fixup>(const char *, int, const int *, const int *, float *, float *, const float *, int, int, int, int, int, int, int) [with type=GGML_TYPE_Q6_K, J=8, fallback=false, fixup=false]" at line 1152 of C:\Users\pperv\code\unnamed_rpg\vendor\ggml\src\ggml-cuda\template-instances\../mmq.cuh
[build]             instantiation of "void mul_mat_q<type,J,fallback>(const char *, const int *, const int32_t *, const int32_t *, float *, float *, const float *, uint3, int, int, int, int, int, uint3, uint3, int, int, int, uint3, uint3, int, int, int, uint3) [with type=GGML_TYPE_Q6_K, J=8, fallback=false]" at line 1407 of C:\Users\pperv\code\unnamed_rpg\vendor\ggml\src\ggml-cuda\template-instances\../mmq.cuh
[build]             instantiation of "void launch_mul_mat_q<type,J,fallback>(ggml_backend_cuda_context &, const mmq_args &, cudaStream_t) [with type=GGML_TYPE_Q6_K, J=8, fallback=false]" at line 1504 of C:\Users\pperv\code\unnamed_rpg\vendor\ggml\src\ggml-cuda\template-instances\../mmq.cuh
[build]             instantiation of "void mul_mat_q_switch_J<type,fallback>(ggml_backend_cuda_context &, const mmq_args &, cudaStream_t) [with type=GGML_TYPE_Q6_K, fallback=false]" at line 1562 of C:\Users\pperv\code\unnamed_rpg\vendor\ggml\src\ggml-cuda\template-instances\../mmq.cuh
[build]             instantiation of "void mul_mat_q_case<type>(ggml_backend_cuda_context &, const mmq_args &, cudaStream_t) [with type=GGML_TYPE_Q6_K]" at line 5 of C:\Users\pperv\code\unnamed_rpg\vendor\ggml\src\ggml-cuda\template-instances\mmq-instance-q6_k.cu
[build] 
[build] C:\Users\pperv\code\unnamed_rpg\vendor\ggml\src\ggml-cuda\template-instances\../mmq.cuh(543): warning #177-D: variable "I" was declared but never referenced
[build]       constexpr int I = ggml_cuda_mmq_get_I(type, J, fallback);
[build]                     ^
[build]           detected during:
[build]             instantiation of "ggml_cuda_mmq_util_funcs ggml_cuda_mmq_get_util_funcs<type,J,fallback>() [with type=GGML_TYPE_Q6_K, J=8, fallback=false]" at line 858
[build]             instantiation of "ggml_cuda_mmq_load_tiles_t ggml_cuda_mmq_get_load_tiles<type,J,fallback>() [with type=GGML_TYPE_Q6_K, J=8, fallback=false]" at line 885
[build]             instantiation of "void mul_mat_q_process_tile<type,J,fallback,fixup>(const char *, int, const int *, const int *, float *, float *, const float *, int, int, int, int, int, int, int) [with type=GGML_TYPE_Q6_K, J=8, fallback=false, fixup=false]" at line 1152
[build]             instantiation of "void mul_mat_q<type,J,fallback>(const char *, const int *, const int32_t *, const int32_t *, float *, float *, const float *, uint3, int, int, int, int, int, uint3, uint3, int, int, int, uint3, uint3, int, int, int, uint3) [with type=GGML_TYPE_Q6_K, J=8, fallback=false]" at line 1407
[build]             instantiation of "void launch_mul_mat_q<type,J,fallback>(ggml_backend_cuda_context &, const mmq_args &, cudaStream_t) [with type=GGML_TYPE_Q6_K, J=8, fallback=false]" at line 1504
[build]             instantiation of "void mul_mat_q_switch_J<type,fallback>(ggml_backend_cuda_context &, const mmq_args &, cudaStream_t) [with type=GGML_TYPE_Q6_K, fallback=false]" at line 1562
[build]             instantiation of "void mul_mat_q_case<type>(ggml_backend_cuda_context &, const mmq_args &, cudaStream_t) [with type=GGML_TYPE_Q6_K]" at line 5 of C:\Users\pperv\code\unnamed_rpg\vendor\ggml\src\ggml-cuda\template-instances\mmq-instance-q6_k.cu
[build] 
[build] C:\Users\pperv\code\unnamed_rpg\vendor\ggml\src\ggml-cuda\mmq-vec-dot.cuh(207): warning #177-D: variable "I" was declared but never referenced
[build]       constexpr int I             = ggml_cuda_mmq_get_I(type, J, fallback);
[build]                     ^
[build]           detected during:
[build]             instantiation of "void ggml_cuda_mmq_vec_dot_q8_0_q8_1_mma<type,J,fallback,ds_layout>(const int *, const int *, float *, int) [with type=GGML_TYPE_Q6_K, J=8, fallback=true, ds_layout=MMQ_Q8_1_DS_LAYOUT_D4]" at line 716 of C:\Users\pperv\code\unnamed_rpg\vendor\ggml\src\ggml-cuda\template-instances\../mmq.cuh
[build]             instantiation of "ggml_cuda_mmq_util_funcs ggml_cuda_mmq_get_util_funcs<type,J,fallback>() [with type=GGML_TYPE_Q6_K, J=8, fallback=true]" at line 858 of C:\Users\pperv\code\unnamed_rpg\vendor\ggml\src\ggml-cuda\template-instances\../mmq.cuh
[build]             instantiation of "ggml_cuda_mmq_load_tiles_t ggml_cuda_mmq_get_load_tiles<type,J,fallback>() [with type=GGML_TYPE_Q6_K, J=8, fallback=true]" at line 885 of C:\Users\pperv\code\unnamed_rpg\vendor\ggml\src\ggml-cuda\template-instances\../mmq.cuh
[build]             instantiation of "void mul_mat_q_process_tile<type,J,fallback,fixup>(const char *, int, const int *, const int *, float *, float *, const float *, int, int, int, int, int, int, int) [with type=GGML_TYPE_Q6_K, J=8, fallback=true, fixup=false]" at line 1152 of C:\Users\pperv\code\unnamed_rpg\vendor\ggml\src\ggml-cuda\template-instances\../mmq.cuh
[build]             instantiation of "void mul_mat_q<type,J,fallback>(const char *, const int *, const int32_t *, const int32_t *, float *, float *, const float *, uint3, int, int, int, int, int, uint3, uint3, int, int, int, uint3, uint3, int, int, int, uint3) [with type=GGML_TYPE_Q6_K, J=8, fallback=true]" at line 1408 of C:\Users\pperv\code\unnamed_rpg\vendor\ggml\src\ggml-cuda\template-instances\../mmq.cuh
[build]             instantiation of "void launch_mul_mat_q<type,J,fallback>(ggml_backend_cuda_context &, const mmq_args &, cudaStream_t) [with type=GGML_TYPE_Q6_K, J=8, fallback=false]" at line 1504 of C:\Users\pperv\code\unnamed_rpg\vendor\ggml\src\ggml-cuda\template-instances\../mmq.cuh
[build]             instantiation of "void mul_mat_q_switch_J<type,fallback>(ggml_backend_cuda_context &, const mmq_args &, cudaStream_t) [with type=GGML_TYPE_Q6_K, fallback=false]" at line 1562 of C:\Users\pperv\code\unnamed_rpg\vendor\ggml\src\ggml-cuda\template-instances\../mmq.cuh
[build]             instantiation of "void mul_mat_q_case<type>(ggml_backend_cuda_context &, const mmq_args &, cudaStream_t) [with type=GGML_TYPE_Q6_K]" at line 5 of C:\Users\pperv\code\unnamed_rpg\vendor\ggml\src\ggml-cuda\template-instances\mmq-instance-q6_k.cu
[build] 
[build] C:\Users\pperv\code\unnamed_rpg\vendor\ggml\src\ggml-cuda\template-instances\../mmq.cuh(485): warning #177-D: variable "nwarps" was declared but never referenced
[build]       constexpr int nwarps        = ggml_cuda_mmq_get_nthreads(type, J, fallback) / warp_size;
[build]                     ^
[build]           detected during:
[build]             instantiation of "void ggml_cuda_mmq_write_back_mma<type,J,fallback>(const float *, const int *, float *, const float *, int, int, int) [with type=GGML_TYPE_Q6_K, J=8, fallback=true]" at line 716
[build]             instantiation of "ggml_cuda_mmq_util_funcs ggml_cuda_mmq_get_util_funcs<type,J,fallback>() [with type=GGML_TYPE_Q6_K, J=8, fallback=true]" at line 858
[build]             instantiation of "ggml_cuda_mmq_load_tiles_t ggml_cuda_mmq_get_load_tiles<type,J,fallback>() [with type=GGML_TYPE_Q6_K, J=8, fallback=true]" at line 885
[build]             instantiation of "void mul_mat_q_process_tile<type,J,fallback,fixup>(const char *, int, const int *, const int *, float *, float *, const float *, int, int, int, int, int, int, int) [with type=GGML_TYPE_Q6_K, J=8, fallback=true, fixup=false]" at line 1152
[build]             instantiation of "void mul_mat_q<type,J,fallback>(const char *, const int *, const int32_t *, const int32_t *, float *, float *, const float *, uint3, int, int, int, int, int, uint3, uint3, int, int, int, uint3, uint3, int, int, int, uint3) [with type=GGML_TYPE_Q6_K, J=8, fallback=true]" at line 1408
[build]             instantiation of "void launch_mul_mat_q<type,J,fallback>(ggml_backend_cuda_context &, const mmq_args &, cudaStream_t) [with type=GGML_TYPE_Q6_K, J=8, fallback=false]" at line 1504
[build]             instantiation of "void mul_mat_q_switch_J<type,fallback>(ggml_backend_cuda_context &, const mmq_args &, cudaStream_t) [with type=GGML_TYPE_Q6_K, fallback=false]" at line 1562
[build]             instantiation of "void mul_mat_q_case<type>(ggml_backend_cuda_context &, const mmq_args &, cudaStream_t) [with type=GGML_TYPE_Q6_K]" at line 5 of C:\Users\pperv\code\unnamed_rpg\vendor\ggml\src\ggml-cuda\template-instances\mmq-instance-q6_k.cu
[build] 
[build] C:\Users\pperv\code\unnamed_rpg\vendor\ggml\src\ggml-cuda\template-instances\../mmq.cuh(486): warning #177-D: variable "I" was declared but never referenced
[build]       constexpr int I             = ggml_cuda_mmq_get_I(type, J, fallback);
[build]                     ^
[build]           detected during:
[build]             instantiation of "void ggml_cuda_mmq_write_back_mma<type,J,fallback>(const float *, const int *, float *, const float *, int, int, int) [with type=GGML_TYPE_Q6_K, J=8, fallback=true]" at line 716
[build]             instantiation of "ggml_cuda_mmq_util_funcs ggml_cuda_mmq_get_util_funcs<type,J,fallback>() [with type=GGML_TYPE_Q6_K, J=8, fallback=true]" at line 858
[build]             instantiation of "ggml_cuda_mmq_load_tiles_t ggml_cuda_mmq_get_load_tiles<type,J,fallback>() [with type=GGML_TYPE_Q6_K, J=8, fallback=true]" at line 885
[build]             instantiation of "void mul_mat_q_process_tile<type,J,fallback,fixup>(const char *, int, const int *, const int *, float *, float *, const float *, int, int, int, int, int, int, int) [with type=GGML_TYPE_Q6_K, J=8, fallback=true, fixup=false]" at line 1152
[build]             instantiation of "void mul_mat_q<type,J,fallback>(const char *, const int *, const int32_t *, const int32_t *, float *, float *, const float *, uint3, int, int, int, int, int, uint3, uint3, int, int, int, uint3, uint3, int, int, int, uint3) [with type=GGML_TYPE_Q6_K, J=8, fallback=true]" at line 1408
[build]             instantiation of "void launch_mul_mat_q<type,J,fallback>(ggml_backend_cuda_context &, const mmq_args &, cudaStream_t) [with type=GGML_TYPE_Q6_K, J=8, fallback=false]" at line 1504
[build]             instantiation of "void mul_mat_q_switch_J<type,fallback>(ggml_backend_cuda_context &, const mmq_args &, cudaStream_t) [with type=GGML_TYPE_Q6_K, fallback=false]" at line 1562
[build]             instantiation of "void mul_mat_q_case<type>(ggml_backend_cuda_context &, const mmq_args &, cudaStream_t) [with type=GGML_TYPE_Q6_K]" at line 5 of C:\Users\pperv\code\unnamed_rpg\vendor\ggml\src\ggml-cuda\template-instances\mmq-instance-q6_k.cu
[build] 
[build] C:\Users\pperv\code\unnamed_rpg\vendor\ggml\src\ggml-cuda\mmq-vec-dot.cuh(207): warning #177-D: variable "I" was declared but never referenced
[build]       constexpr int I             = ggml_cuda_mmq_get_I(type, J, fallback);
[build]                     ^
[build]           detected during:
[build]             instantiation of "void ggml_cuda_mmq_vec_dot_q8_0_q8_1_mma<type,J,fallback,ds_layout>(const int *, const int *, float *, int) [with type=GGML_TYPE_Q6_K, J=8, fallback=true, ds_layout=MMQ_Q8_1_DS_LAYOUT_DS4]" at line 728 of C:\Users\pperv\code\unnamed_rpg\vendor\ggml\src\ggml-cuda\template-instances\../mmq.cuh
[build]             instantiation of "ggml_cuda_mmq_util_funcs ggml_cuda_mmq_get_util_funcs<type,J,fallback>() [with type=GGML_TYPE_Q6_K, J=8, fallback=true]" at line 858 of C:\Users\pperv\code\unnamed_rpg\vendor\ggml\src\ggml-cuda\template-instances\../mmq.cuh
[build]             instantiation of "ggml_cuda_mmq_load_tiles_t ggml_cuda_mmq_get_load_tiles<type,J,fallback>() [with type=GGML_TYPE_Q6_K, J=8, fallback=true]" at line 885 of C:\Users\pperv\code\unnamed_rpg\vendor\ggml\src\ggml-cuda\template-instances\../mmq.cuh
[build]             instantiation of "void mul_mat_q_process_tile<type,J,fallback,fixup>(const char *, int, const int *, const int *, float *, float *, const float *, int, int, int, int, int, int, int) [with type=GGML_TYPE_Q6_K, J=8, fallback=true, fixup=false]" at line 1152 of C:\Users\pperv\code\unnamed_rpg\vendor\ggml\src\ggml-cuda\template-instances\../mmq.cuh
[build]             instantiation of "void mul_mat_q<type,J,fallback>(const char *, const int *, const int32_t *, const int32_t *, float *, float *, const float *, uint3, int, int, int, int, int, uint3, uint3, int, int, int, uint3, uint3, int, int, int, uint3) [with type=GGML_TYPE_Q6_K, J=8, fallback=true]" at line 1408 of C:\Users\pperv\code\unnamed_rpg\vendor\ggml\src\ggml-cuda\template-instances\../mmq.cuh
[build]             instantiation of "void launch_mul_mat_q<type,J,fallback>(ggml_backend_cuda_context &, const mmq_args &, cudaStream_t) [with type=GGML_TYPE_Q6_K, J=8, fallback=false]" at line 1504 of C:\Users\pperv\code\unnamed_rpg\vendor\ggml\src\ggml-cuda\template-instances\../mmq.cuh
[build]             instantiation of "void mul_mat_q_switch_J<type,fallback>(ggml_backend_cuda_context &, const mmq_args &, cudaStream_t) [with type=GGML_TYPE_Q6_K, fallback=false]" at line 1562 of C:\Users\pperv\code\unnamed_rpg\vendor\ggml\src\ggml-cuda\template-instances\../mmq.cuh
[build]             instantiation of "void mul_mat_q_case<type>(ggml_backend_cuda_context &, const mmq_args &, cudaStream_t) [with type=GGML_TYPE_Q6_K]" at line 5 of C:\Users\pperv\code\unnamed_rpg\vendor\ggml\src\ggml-cuda\template-instances\mmq-instance-q6_k.cu
[build] 
[build] C:\Users\pperv\code\unnamed_rpg\vendor\ggml\src\ggml-cuda\mmq-vec-dot.cuh(374): warning #177-D: variable "I" was declared but never referenced
[build]       constexpr int I             = ggml_cuda_mmq_get_I(type, J, fallback);
[build]                     ^
[build]           detected during:
[build]             instantiation of "void ggml_cuda_mmq_vec_dot_q8_1_q8_1_mma<type,J,fallback>(const int *, const int *, float *, int) [with type=GGML_TYPE_Q6_K, J=8, fallback=true]" at line 734 of C:\Users\pperv\code\unnamed_rpg\vendor\ggml\src\ggml-cuda\template-instances\../mmq.cuh
[build]             instantiation of "ggml_cuda_mmq_util_funcs ggml_cuda_mmq_get_util_funcs<type,J,fallback>() [with type=GGML_TYPE_Q6_K, J=8, fallback=true]" at line 858 of C:\Users\pperv\code\unnamed_rpg\vendor\ggml\src\ggml-cuda\template-instances\../mmq.cuh
[build]             instantiation of "ggml_cuda_mmq_load_tiles_t ggml_cuda_mmq_get_load_tiles<type,J,fallback>() [with type=GGML_TYPE_Q6_K, J=8, fallback=true]" at line 885 of C:\Users\pperv\code\unnamed_rpg\vendor\ggml\src\ggml-cuda\template-instances\../mmq.cuh
[build]             instantiation of "void mul_mat_q_process_tile<type,J,fallback,fixup>(const char *, int, const int *, const int *, float *, float *, const float *, int, int, int, int, int, int, int) [with type=GGML_TYPE_Q6_K, J=8, fallback=true, fixup=false]" at line 1152 of C:\Users\pperv\code\unnamed_rpg\vendor\ggml\src\ggml-cuda\template-instances\../mmq.cuh
[build]             instantiation of "void mul_mat_q<type,J,fallback>(const char *, const int *, const int32_t *, const int32_t *, float *, float *, const float *, uint3, int, int, int, int, int, uint3, uint3, int, int, int, uint3, uint3, int, int, int, uint3) [with type=GGML_TYPE_Q6_K, J=8, fallback=true]" at line 1408 of C:\Users\pperv\code\unnamed_rpg\vendor\ggml\src\ggml-cuda\template-instances\../mmq.cuh
[build]             instantiation of "void launch_mul_mat_q<type,J,fallback>(ggml_backend_cuda_context &, const mmq_args &, cudaStream_t) [with type=GGML_TYPE_Q6_K, J=8, fallback=false]" at line 1504 of C:\Users\pperv\code\unnamed_rpg\vendor\ggml\src\ggml-cuda\template-instances\../mmq.cuh
[build]             instantiation of "void mul_mat_q_switch_J<type,fallback>(ggml_backend_cuda_context &, const mmq_args &, cudaStream_t) [with type=GGML_TYPE_Q6_K, fallback=false]" at line 1562 of C:\Users\pperv\code\unnamed_rpg\vendor\ggml\src\ggml-cuda\template-instances\../mmq.cuh
[build]             instantiation of "void mul_mat_q_case<type>(ggml_backend_cuda_context &, const mmq_args &, cudaStream_t) [with type=GGML_TYPE_Q6_K]" at line 5 of C:\Users\pperv\code\unnamed_rpg\vendor\ggml\src\ggml-cuda\template-instances\mmq-instance-q6_k.cu
[build] 
[build] C:\Users\pperv\code\unnamed_rpg\vendor\ggml\src\ggml-cuda\mmq-vec-dot.cuh(759): warning #177-D: variable "I" was declared but never referenced
[build]       constexpr int I             = ggml_cuda_mmq_get_I(type, J, fallback);
[build]                     ^
[build]           detected during:
[build]             instantiation of "void ggml_cuda_mmq_vec_dot_q2_K_q8_1_mma<type,J,fallback>(const int *, const int *, float *, int) [with type=GGML_TYPE_Q6_K, J=8, fallback=true]" at line 759 of C:\Users\pperv\code\unnamed_rpg\vendor\ggml\src\ggml-cuda\template-instances\../mmq.cuh
[build]             instantiation of "ggml_cuda_mmq_util_funcs ggml_cuda_mmq_get_util_funcs<type,J,fallback>() [with type=GGML_TYPE_Q6_K, J=8, fallback=true]" at line 858 of C:\Users\pperv\code\unnamed_rpg\vendor\ggml\src\ggml-cuda\template-instances\../mmq.cuh
[build]             instantiation of "ggml_cuda_mmq_load_tiles_t ggml_cuda_mmq_get_load_tiles<type,J,fallback>() [with type=GGML_TYPE_Q6_K, J=8, fallback=true]" at line 885 of C:\Users\pperv\code\unnamed_rpg\vendor\ggml\src\ggml-cuda\template-instances\../mmq.cuh
[build]             instantiation of "void mul_mat_q_process_tile<type,J,fallback,fixup>(const char *, int, const int *, const int *, float *, float *, const float *, int, int, int, int, int, int, int) [with type=GGML_TYPE_Q6_K, J=8, fallback=true, fixup=false]" at line 1152 of C:\Users\pperv\code\unnamed_rpg\vendor\ggml\src\ggml-cuda\template-instances\../mmq.cuh
[build]             instantiation of "void mul_mat_q<type,J,fallback>(const char *, const int *, const int32_t *, const int32_t *, float *, float *, const float *, uint3, int, int, int, int, int, uint3, uint3, int, int, int, uint3, uint3, int, int, int, uint3) [with type=GGML_TYPE_Q6_K, J=8, fallback=true]" at line 1408 of C:\Users\pperv\code\unnamed_rpg\vendor\ggml\src\ggml-cuda\template-instances\../mmq.cuh
[build]             instantiation of "void launch_mul_mat_q<type,J,fallback>(ggml_backend_cuda_context &, const mmq_args &, cudaStream_t) [with type=GGML_TYPE_Q6_K, J=8, fallback=false]" at line 1504 of C:\Users\pperv\code\unnamed_rpg\vendor\ggml\src\ggml-cuda\template-instances\../mmq.cuh
[build]             instantiation of "void mul_mat_q_switch_J<type,fallback>(ggml_backend_cuda_context &, const mmq_args &, cudaStream_t) [with type=GGML_TYPE_Q6_K, fallback=false]" at line 1562 of C:\Users\pperv\code\unnamed_rpg\vendor\ggml\src\ggml-cuda\template-instances\../mmq.cuh
[build]             instantiation of "void mul_mat_q_case<type>(ggml_backend_cuda_context &, const mmq_args &, cudaStream_t) [with type=GGML_TYPE_Q6_K]" at line 5 of C:\Users\pperv\code\unnamed_rpg\vendor\ggml\src\ggml-cuda\template-instances\mmq-instance-q6_k.cu
[build] 
[build] C:\Users\pperv\code\unnamed_rpg\vendor\ggml\src\ggml-cuda\mmq-vec-dot.cuh(540): warning #177-D: variable "I" was declared but never referenced
[build]       constexpr int I             = ggml_cuda_mmq_get_I(type, J, fallback);
[build]                     ^
[build]           detected during:
[build]             instantiation of "void ggml_cuda_mmq_vec_dot_q8_0_16_q8_1_mma<type,J,fallback>(const int *, const int *, float *, int) [with type=GGML_TYPE_Q6_K, J=8, fallback=true]" at line 765 of C:\Users\pperv\code\unnamed_rpg\vendor\ggml\src\ggml-cuda\template-instances\../mmq.cuh
[build]             instantiation of "ggml_cuda_mmq_util_funcs ggml_cuda_mmq_get_util_funcs<type,J,fallback>() [with type=GGML_TYPE_Q6_K, J=8, fallback=true]" at line 858 of C:\Users\pperv\code\unnamed_rpg\vendor\ggml\src\ggml-cuda\template-instances\../mmq.cuh
[build]             instantiation of "ggml_cuda_mmq_load_tiles_t ggml_cuda_mmq_get_load_tiles<type,J,fallback>() [with type=GGML_TYPE_Q6_K, J=8, fallback=true]" at line 885 of C:\Users\pperv\code\unnamed_rpg\vendor\ggml\src\ggml-cuda\template-instances\../mmq.cuh
[build]             instantiation of "void mul_mat_q_process_tile<type,J,fallback,fixup>(const char *, int, const int *, const int *, float *, float *, const float *, int, int, int, int, int, int, int) [with type=GGML_TYPE_Q6_K, J=8, fallback=true, fixup=false]" at line 1152 of C:\Users\pperv\code\unnamed_rpg\vendor\ggml\src\ggml-cuda\template-instances\../mmq.cuh
[build]             instantiation of "void mul_mat_q<type,J,fallback>(const char *, const int *, const int32_t *, const int32_t *, float *, float *, const float *, uint3, int, int, int, int, int, uint3, uint3, int, int, int, uint3, uint3, int, int, int, uint3) [with type=GGML_TYPE_Q6_K, J=8, fallback=true]" at line 1408 of C:\Users\pperv\code\unnamed_rpg\vendor\ggml\src\ggml-cuda\template-instances\../mmq.cuh
[build]             instantiation of "void launch_mul_mat_q<type,J,fallback>(ggml_backend_cuda_context &, const mmq_args &, cudaStream_t) [with type=GGML_TYPE_Q6_K, J=8, fallback=false]" at line 1504 of C:\Users\pperv\code\unnamed_rpg\vendor\ggml\src\ggml-cuda\template-instances\../mmq.cuh
[build]             instantiation of "void mul_mat_q_switch_J<type,fallback>(ggml_backend_cuda_context &, const mmq_args &, cudaStream_t) [with type=GGML_TYPE_Q6_K, fallback=false]" at line 1562 of C:\Users\pperv\code\unnamed_rpg\vendor\ggml\src\ggml-cuda\template-instances\../mmq.cuh
[build]             instantiation of "void mul_mat_q_case<type>(ggml_backend_cuda_context &, const mmq_args &, cudaStream_t) [with type=GGML_TYPE_Q6_K]" at line 5 of C:\Users\pperv\code\unnamed_rpg\vendor\ggml\src\ggml-cuda\template-instances\mmq-instance-q6_k.cu
[build] 
[build] C:\Users\pperv\code\unnamed_rpg\vendor\ggml\src\ggml-cuda\mmq-vec-dot.cuh(1078): warning #177-D: variable "I" was declared but never referenced
[build]       constexpr int I             = ggml_cuda_mmq_get_I(type, J, fallback);
[build]                     ^
[build]           detected during:
[build]             instantiation of "void ggml_cuda_mmq_vec_dot_q6_K_q8_1_mma<type,J,fallback>(const int *, const int *, float *, int) [with type=GGML_TYPE_Q6_K, J=8, fallback=true]" at line 783 of C:\Users\pperv\code\unnamed_rpg\vendor\ggml\src\ggml-cuda\template-instances\../mmq.cuh
[build]             instantiation of "ggml_cuda_mmq_util_funcs ggml_cuda_mmq_get_util_funcs<type,J,fallback>() [with type=GGML_TYPE_Q6_K, J=8, fallback=true]" at line 858 of C:\Users\pperv\code\unnamed_rpg\vendor\ggml\src\ggml-cuda\template-instances\../mmq.cuh
[build]             instantiation of "ggml_cuda_mmq_load_tiles_t ggml_cuda_mmq_get_load_tiles<type,J,fallback>() [with type=GGML_TYPE_Q6_K, J=8, fallback=true]" at line 885 of C:\Users\pperv\code\unnamed_rpg\vendor\ggml\src\ggml-cuda\template-instances\../mmq.cuh
[build]             instantiation of "void mul_mat_q_process_tile<type,J,fallback,fixup>(const char *, int, const int *, const int *, float *, float *, const float *, int, int, int, int, int, int, int) [with type=GGML_TYPE_Q6_K, J=8, fallback=true, fixup=false]" at line 1152 of C:\Users\pperv\code\unnamed_rpg\vendor\ggml\src\ggml-cuda\template-instances\../mmq.cuh
[build]             instantiation of "void mul_mat_q<type,J,fallback>(const char *, const int *, const int32_t *, const int32_t *, float *, float *, const float *, uint3, int, int, int, int, int, uint3, uint3, int, int, int, uint3, uint3, int, int, int, uint3) [with type=GGML_TYPE_Q6_K, J=8, fallback=true]" at line 1408 of C:\Users\pperv\code\unnamed_rpg\vendor\ggml\src\ggml-cuda\template-instances\../mmq.cuh
[build]             instantiation of "void launch_mul_mat_q<type,J,fallback>(ggml_backend_cuda_context &, const mmq_args &, cudaStream_t) [with type=GGML_TYPE_Q6_K, J=8, fallback=false]" at line 1504 of C:\Users\pperv\code\unnamed_rpg\vendor\ggml\src\ggml-cuda\template-instances\../mmq.cuh
[build]             instantiation of "void mul_mat_q_switch_J<type,fallback>(ggml_backend_cuda_context &, const mmq_args &, cudaStream_t) [with type=GGML_TYPE_Q6_K, fallback=false]" at line 1562 of C:\Users\pperv\code\unnamed_rpg\vendor\ggml\src\ggml-cuda\template-instances\../mmq.cuh
[build]             instantiation of "void mul_mat_q_case<type>(ggml_backend_cuda_context &, const mmq_args &, cudaStream_t) [with type=GGML_TYPE_Q6_K]" at line 5 of C:\Users\pperv\code\unnamed_rpg\vendor\ggml\src\ggml-cuda\template-instances\mmq-instance-q6_k.cu
[build] 
[build] C:\Users\pperv\code\unnamed_rpg\vendor\ggml\src\ggml-cuda\template-instances\../mmq.cuh(543): warning #177-D: variable "I" was declared but never referenced
[build]       constexpr int I = ggml_cuda_mmq_get_I(type, J, fallback);
[build]                     ^
[build]           detected during:
[build]             instantiation of "ggml_cuda_mmq_util_funcs ggml_cuda_mmq_get_util_funcs<type,J,fallback>() [with type=GGML_TYPE_Q6_K, J=8, fallback=true]" at line 858
[build]             instantiation of "ggml_cuda_mmq_load_tiles_t ggml_cuda_mmq_get_load_tiles<type,J,fallback>() [with type=GGML_TYPE_Q6_K, J=8, fallback=true]" at line 885
[build]             instantiation of "void mul_mat_q_process_tile<type,J,fallback,fixup>(const char *, int, const int *, const int *, float *, float *, const float *, int, int, int, int, int, int, int) [with type=GGML_TYPE_Q6_K, J=8, fallback=true, fixup=false]" at line 1152
[build]             instantiation of "void mul_mat_q<type,J,fallback>(const char *, const int *, const int32_t *, const int32_t *, float *, float *, const float *, uint3, int, int, int, int, int, uint3, uint3, int, int, int, uint3, uint3, int, int, int, uint3) [with type=GGML_TYPE_Q6_K, J=8, fallback=true]" at line 1408
[build]             instantiation of "void launch_mul_mat_q<type,J,fallback>(ggml_backend_cuda_context &, const mmq_args &, cudaStream_t) [with type=GGML_TYPE_Q6_K, J=8, fallback=false]" at line 1504
[build]             instantiation of "void mul_mat_q_switch_J<type,fallback>(ggml_backend_cuda_context &, const mmq_args &, cudaStream_t) [with type=GGML_TYPE_Q6_K, fallback=false]" at line 1562
[build]             instantiation of "void mul_mat_q_case<type>(ggml_backend_cuda_context &, const mmq_args &, cudaStream_t) [with type=GGML_TYPE_Q6_K]" at line 5 of C:\Users\pperv\code\unnamed_rpg\vendor\ggml\src\ggml-cuda\template-instances\mmq-instance-q6_k.cu
[build] 
[build] C:\Users\pperv\code\unnamed_rpg\vendor\ggml\src\ggml-cuda\mmq-vec-dot.cuh(207): warning #177-D: variable "I" was declared but never referenced
[build]       constexpr int I             = ggml_cuda_mmq_get_I(type, J, fallback);
[build]                     ^
[build]           detected during:
[build]             instantiation of "void ggml_cuda_mmq_vec_dot_q8_0_q8_1_mma<type,J,fallback,ds_layout>(const int *, const int *, float *, int) [with type=GGML_TYPE_Q6_K, J=16, fallback=false, ds_layout=MMQ_Q8_1_DS_LAYOUT_D4]" at line 716 of C:\Users\pperv\code\unnamed_rpg\vendor\ggml\src\ggml-cuda\template-instances\../mmq.cuh
[build]             instantiation of "ggml_cuda_mmq_util_funcs ggml_cuda_mmq_get_util_funcs<type,J,fallback>() [with type=GGML_TYPE_Q6_K, J=16, fallback=false]" at line 858 of C:\Users\pperv\code\unnamed_rpg\vendor\ggml\src\ggml-cuda\template-instances\../mmq.cuh
[build]             instantiation of "ggml_cuda_mmq_load_tiles_t ggml_cuda_mmq_get_load_tiles<type,J,fallback>() [with type=GGML_TYPE_Q6_K, J=16, fallback=false]" at line 885 of C:\Users\pperv\code\unnamed_rpg\vendor\ggml\src\ggml-cuda\template-instances\../mmq.cuh
[build]             instantiation of "void mul_mat_q_process_tile<type,J,fallback,fixup>(const char *, int, const int *, const int *, float *, float *, const float *, int, int, int, int, int, int, int) [with type=GGML_TYPE_Q6_K, J=16, fallback=false, fixup=false]" at line 1152 of C:\Users\pperv\code\unnamed_rpg\vendor\ggml\src\ggml-cuda\template-instances\../mmq.cuh
[build]             instantiation of "void mul_mat_q<type,J,fallback>(const char *, const int *, const int32_t *, const int32_t *, float *, float *, const float *, uint3, int, int, int, int, int, uint3, uint3, int, int, int, uint3, uint3, int, int, int, uint3) [with type=GGML_TYPE_Q6_K, J=16, fallback=false]" at line 1407 of C:\Users\pperv\code\unnamed_rpg\vendor\ggml\src\ggml-cuda\template-instances\../mmq.cuh
[build]             instantiation of "void launch_mul_mat_q<type,J,fallback>(ggml_backend_cuda_context &, const mmq_args &, cudaStream_t) [with type=GGML_TYPE_Q6_K, J=16, fallback=false]" at line 1507 of C:\Users\pperv\code\unnamed_rpg\vendor\ggml\src\ggml-cuda\template-instances\../mmq.cuh
[build]             instantiation of "void mul_mat_q_switch_J<type,fallback>(ggml_backend_cuda_context &, const mmq_args &, cudaStream_t) [with type=GGML_TYPE_Q6_K, fallback=false]" at line 1562 of C:\Users\pperv\code\unnamed_rpg\vendor\ggml\src\ggml-cuda\template-instances\../mmq.cuh
[build]             instantiation of "void mul_mat_q_case<type>(ggml_backend_cuda_context &, const mmq_args &, cudaStream_t) [with type=GGML_TYPE_Q6_K]" at line 5 of C:\Users\pperv\code\unnamed_rpg\vendor\ggml\src\ggml-cuda\template-instances\mmq-instance-q6_k.cu
[build] 
[build] C:\Users\pperv\code\unnamed_rpg\vendor\ggml\src\ggml-cuda\template-instances\../mmq.cuh(485): warning #177-D: variable "nwarps" was declared but never referenced
[build]       constexpr int nwarps        = ggml_cuda_mmq_get_nthreads(type, J, fallback) / warp_size;
[build]                     ^
[build]           detected during:
[build]             instantiation of "void ggml_cuda_mmq_write_back_mma<type,J,fallback>(const float *, const int *, float *, const float *, int, int, int) [with type=GGML_TYPE_Q6_K, J=16, fallback=false]" at line 716
[build]             instantiation of "ggml_cuda_mmq_util_funcs ggml_cuda_mmq_get_util_funcs<type,J,fallback>() [with type=GGML_TYPE_Q6_K, J=16, fallback=false]" at line 858
[build]             instantiation of "ggml_cuda_mmq_load_tiles_t ggml_cuda_mmq_get_load_tiles<type,J,fallback>() [with type=GGML_TYPE_Q6_K, J=16, fallback=false]" at line 885
[build]             instantiation of "void mul_mat_q_process_tile<type,J,fallback,fixup>(const char *, int, const int *, const int *, float *, float *, const float *, int, int, int, int, int, int, int) [with type=GGML_TYPE_Q6_K, J=16, fallback=false, fixup=false]" at line 1152
[build]             instantiation of "void mul_mat_q<type,J,fallback>(const char *, const int *, const int32_t *, const int32_t *, float *, float *, const float *, uint3, int, int, int, int, int, uint3, uint3, int, int, int, uint3, uint3, int, int, int, uint3) [with type=GGML_TYPE_Q6_K, J=16, fallback=false]" at line 1407
[build]             instantiation of "void launch_mul_mat_q<type,J,fallback>(ggml_backend_cuda_context &, const mmq_args &, cudaStream_t) [with type=GGML_TYPE_Q6_K, J=16, fallback=false]" at line 1507
[build]             instantiation of "void mul_mat_q_switch_J<type,fallback>(ggml_backend_cuda_context &, const mmq_args &, cudaStream_t) [with type=GGML_TYPE_Q6_K, fallback=false]" at line 1562
[build]             instantiation of "void mul_mat_q_case<type>(ggml_backend_cuda_context &, const mmq_args &, cudaStream_t) [with type=GGML_TYPE_Q6_K]" at line 5 of C:\Users\pperv\code\unnamed_rpg\vendor\ggml\src\ggml-cuda\template-instances\mmq-instance-q6_k.cu
[build] 
[build] C:\Users\pperv\code\unnamed_rpg\vendor\ggml\src\ggml-cuda\template-instances\../mmq.cuh(486): warning #177-D: variable "I" was declared but never referenced
[build]       constexpr int I             = ggml_cuda_mmq_get_I(type, J, fallback);
[build]                     ^
[build]           detected during:
[build]             instantiation of "void ggml_cuda_mmq_write_back_mma<type,J,fallback>(const float *, const int *, float *, const float *, int, int, int) [with type=GGML_TYPE_Q6_K, J=16, fallback=false]" at line 716
[build]             instantiation of "ggml_cuda_mmq_util_funcs ggml_cuda_mmq_get_util_funcs<type,J,fallback>() [with type=GGML_TYPE_Q6_K, J=16, fallback=false]" at line 858
[build]             instantiation of "ggml_cuda_mmq_load_tiles_t ggml_cuda_mmq_get_load_tiles<type,J,fallback>() [with type=GGML_TYPE_Q6_K, J=16, fallback=false]" at line 885
[build]             instantiation of "void mul_mat_q_process_tile<type,J,fallback,fixup>(const char *, int, const int *, const int *, float *, float *, const float *, int, int, int, int, int, int, int) [with type=GGML_TYPE_Q6_K, J=16, fallback=false, fixup=false]" at line 1152
[build]             instantiation of "void mul_mat_q<type,J,fallback>(const char *, const int *, const int32_t *, const int32_t *, float *, float *, const float *, uint3, int, int, int, int, int, uint3, uint3, int, int, int, uint3, uint3, int, int, int, uint3) [with type=GGML_TYPE_Q6_K, J=16, fallback=false]" at line 1407
[build]             instantiation of "void launch_mul_mat_q<type,J,fallback>(ggml_backend_cuda_context &, const mmq_args &, cudaStream_t) [with type=GGML_TYPE_Q6_K, J=16, fallback=false]" at line 1507
[build]             instantiation of "void mul_mat_q_switch_J<type,fallback>(ggml_backend_cuda_context &, const mmq_args &, cudaStream_t) [with type=GGML_TYPE_Q6_K, fallback=false]" at line 1562
[build]             instantiation of "void mul_mat_q_case<type>(ggml_backend_cuda_context &, const mmq_args &, cudaStream_t) [with type=GGML_TYPE_Q6_K]" at line 5 of C:\Users\pperv\code\unnamed_rpg\vendor\ggml\src\ggml-cuda\template-instances\mmq-instance-q6_k.cu
[build] 
[build] C:\Users\pperv\code\unnamed_rpg\vendor\ggml\src\ggml-cuda\mmq-vec-dot.cuh(207): warning #177-D: variable "I" was declared but never referenced
[build]       constexpr int I             = ggml_cuda_mmq_get_I(type, J, fallback);
[build]                     ^
[build]           detected during:
[build]             instantiation of "void ggml_cuda_mmq_vec_dot_q8_0_q8_1_mma<type,J,fallback,ds_layout>(const int *, const int *, float *, int) [with type=GGML_TYPE_Q6_K, J=16, fallback=false, ds_layout=MMQ_Q8_1_DS_LAYOUT_DS4]" at line 728 of C:\Users\pperv\code\unnamed_rpg\vendor\ggml\src\ggml-cuda\template-instances\../mmq.cuh
[build]             instantiation of "ggml_cuda_mmq_util_funcs ggml_cuda_mmq_get_util_funcs<type,J,fallback>() [with type=GGML_TYPE_Q6_K, J=16, fallback=false]" at line 858 of C:\Users\pperv\code\unnamed_rpg\vendor\ggml\src\ggml-cuda\template-instances\../mmq.cuh
[build]             instantiation of "ggml_cuda_mmq_load_tiles_t ggml_cuda_mmq_get_load_tiles<type,J,fallback>() [with type=GGML_TYPE_Q6_K, J=16, fallback=false]" at line 885 of C:\Users\pperv\code\unnamed_rpg\vendor\ggml\src\ggml-cuda\template-instances\../mmq.cuh
[build]             instantiation of "void mul_mat_q_process_tile<type,J,fallback,fixup>(const char *, int, const int *, const int *, float *, float *, const float *, int, int, int, int, int, int, int) [with type=GGML_TYPE_Q6_K, J=16, fallback=false, fixup=false]" at line 1152 of C:\Users\pperv\code\unnamed_rpg\vendor\ggml\src\ggml-cuda\template-instances\../mmq.cuh
[build]             instantiation of "void mul_mat_q<type,J,fallback>(const char *, const int *, const int32_t *, const int32_t *, float *, float *, const float *, uint3, int, int, int, int, int, uint3, uint3, int, int, int, uint3, uint3, int, int, int, uint3) [with type=GGML_TYPE_Q6_K, J=16, fallback=false]" at line 1407 of C:\Users\pperv\code\unnamed_rpg\vendor\ggml\src\ggml-cuda\template-instances\../mmq.cuh
[build]             instantiation of "void launch_mul_mat_q<type,J,fallback>(ggml_backend_cuda_context &, const mmq_args &, cudaStream_t) [with type=GGML_TYPE_Q6_K, J=16, fallback=false]" at line 1507 of C:\Users\pperv\code\unnamed_rpg\vendor\ggml\src\ggml-cuda\template-instances\../mmq.cuh
[build]             instantiation of "void mul_mat_q_switch_J<type,fallback>(ggml_backend_cuda_context &, const mmq_args &, cudaStream_t) [with type=GGML_TYPE_Q6_K, fallback=false]" at line 1562 of C:\Users\pperv\code\unnamed_rpg\vendor\ggml\src\ggml-cuda\template-instances\../mmq.cuh
[build]             instantiation of "void mul_mat_q_case<type>(ggml_backend_cuda_context &, const mmq_args &, cudaStream_t) [with type=GGML_TYPE_Q6_K]" at line 5 of C:\Users\pperv\code\unnamed_rpg\vendor\ggml\src\ggml-cuda\template-instances\mmq-instance-q6_k.cu
[build] 
[build] C:\Users\pperv\code\unnamed_rpg\vendor\ggml\src\ggml-cuda\mmq-vec-dot.cuh(374): warning #177-D: variable "I" was declared but never referenced
[build]       constexpr int I             = ggml_cuda_mmq_get_I(type, J, fallback);
[build]                     ^
[build]           detected during:
[build]             instantiation of "void ggml_cuda_mmq_vec_dot_q8_1_q8_1_mma<type,J,fallback>(const int *, const int *, float *, int) [with type=GGML_TYPE_Q6_K, J=16, fallback=false]" at line 734 of C:\Users\pperv\code\unnamed_rpg\vendor\ggml\src\ggml-cuda\template-instances\../mmq.cuh
[build]             instantiation of "ggml_cuda_mmq_util_funcs ggml_cuda_mmq_get_util_funcs<type,J,fallback>() [with type=GGML_TYPE_Q6_K, J=16, fallback=false]" at line 858 of C:\Users\pperv\code\unnamed_rpg\vendor\ggml\src\ggml-cuda\template-instances\../mmq.cuh
[build]             instantiation of "ggml_cuda_mmq_load_tiles_t ggml_cuda_mmq_get_load_tiles<type,J,fallback>() [with type=GGML_TYPE_Q6_K, J=16, fallback=false]" at line 885 of C:\Users\pperv\code\unnamed_rpg\vendor\ggml\src\ggml-cuda\template-instances\../mmq.cuh
[build]             instantiation of "void mul_mat_q_process_tile<type,J,fallback,fixup>(const char *, int, const int *, const int *, float *, float *, const float *, int, int, int, int, int, int, int) [with type=GGML_TYPE_Q6_K, J=16, fallback=false, fixup=false]" at line 1152 of C:\Users\pperv\code\unnamed_rpg\vendor\ggml\src\ggml-cuda\template-instances\../mmq.cuh
[build]             instantiation of "void mul_mat_q<type,J,fallback>(const char *, const int *, const int32_t *, const int32_t *, float *, float *, const float *, uint3, int, int, int, int, int, uint3, uint3, int, int, int, uint3, uint3, int, int, int, uint3) [with type=GGML_TYPE_Q6_K, J=16, fallback=false]" at line 1407 of C:\Users\pperv\code\unnamed_rpg\vendor\ggml\src\ggml-cuda\template-instances\../mmq.cuh
[build]             instantiation of "void launch_mul_mat_q<type,J,fallback>(ggml_backend_cuda_context &, const mmq_args &, cudaStream_t) [with type=GGML_TYPE_Q6_K, J=16, fallback=false]" at line 1507 of C:\Users\pperv\code\unnamed_rpg\vendor\ggml\src\ggml-cuda\template-instances\../mmq.cuh
[build]             instantiation of "void mul_mat_q_switch_J<type,fallback>(ggml_backend_cuda_context &, const mmq_args &, cudaStream_t) [with type=GGML_TYPE_Q6_K, fallback=false]" at line 1562 of C:\Users\pperv\code\unnamed_rpg\vendor\ggml\src\ggml-cuda\template-instances\../mmq.cuh
[build]             instantiation of "void mul_mat_q_case<type>(ggml_backend_cuda_context &, const mmq_args &, cudaStream_t) [with type=GGML_TYPE_Q6_K]" at line 5 of C:\Users\pperv\code\unnamed_rpg\vendor\ggml\src\ggml-cuda\template-instances\mmq-instance-q6_k.cu
[build] 
[build] C:\Users\pperv\code\unnamed_rpg\vendor\ggml\src\ggml-cuda\mmq-vec-dot.cuh(759): warning #177-D: variable "I" was declared but never referenced
[build]       constexpr int I             = ggml_cuda_mmq_get_I(type, J, fallback);
[build]                     ^
[build]           detected during:
[build]             instantiation of "void ggml_cuda_mmq_vec_dot_q2_K_q8_1_mma<type,J,fallback>(const int *, const int *, float *, int) [with type=GGML_TYPE_Q6_K, J=16, fallback=false]" at line 759 of C:\Users\pperv\code\unnamed_rpg\vendor\ggml\src\ggml-cuda\template-instances\../mmq.cuh
[build]             instantiation of "ggml_cuda_mmq_util_funcs ggml_cuda_mmq_get_util_funcs<type,J,fallback>() [with type=GGML_TYPE_Q6_K, J=16, fallback=false]" at line 858 of C:\Users\pperv\code\unnamed_rpg\vendor\ggml\src\ggml-cuda\template-instances\../mmq.cuh
[build]             instantiation of "ggml_cuda_mmq_load_tiles_t ggml_cuda_mmq_get_load_tiles<type,J,fallback>() [with type=GGML_TYPE_Q6_K, J=16, fallback=false]" at line 885 of C:\Users\pperv\code\unnamed_rpg\vendor\ggml\src\ggml-cuda\template-instances\../mmq.cuh
[build]             instantiation of "void mul_mat_q_process_tile<type,J,fallback,fixup>(const char *, int, const int *, const int *, float *, float *, const float *, int, int, int, int, int, int, int) [with type=GGML_TYPE_Q6_K, J=16, fallback=false, fixup=false]" at line 1152 of C:\Users\pperv\code\unnamed_rpg\vendor\ggml\src\ggml-cuda\template-instances\../mmq.cuh
[build]             instantiation of "void mul_mat_q<type,J,fallback>(const char *, const int *, const int32_t *, const int32_t *, float *, float *, const float *, uint3, int, int, int, int, int, uint3, uint3, int, int, int, uint3, uint3, int, int, int, uint3) [with type=GGML_TYPE_Q6_K, J=16, fallback=false]" at line 1407 of C:\Users\pperv\code\unnamed_rpg\vendor\ggml\src\ggml-cuda\template-instances\../mmq.cuh
[build]             instantiation of "void launch_mul_mat_q<type,J,fallback>(ggml_backend_cuda_context &, const mmq_args &, cudaStream_t) [with type=GGML_TYPE_Q6_K, J=16, fallback=false]" at line 1507 of C:\Users\pperv\code\unnamed_rpg\vendor\ggml\src\ggml-cuda\template-instances\../mmq.cuh
[build]             instantiation of "void mul_mat_q_switch_J<type,fallback>(ggml_backend_cuda_context &, const mmq_args &, cudaStream_t) [with type=GGML_TYPE_Q6_K, fallback=false]" at line 1562 of C:\Users\pperv\code\unnamed_rpg\vendor\ggml\src\ggml-cuda\template-instances\../mmq.cuh
[build]             instantiation of "void mul_mat_q_case<type>(ggml_backend_cuda_context &, const mmq_args &, cudaStream_t) [with type=GGML_TYPE_Q6_K]" at line 5 of C:\Users\pperv\code\unnamed_rpg\vendor\ggml\src\ggml-cuda\template-instances\mmq-instance-q6_k.cu
[build] 
[build] C:\Users\pperv\code\unnamed_rpg\vendor\ggml\src\ggml-cuda\mmq-vec-dot.cuh(540): warning #177-D: variable "I" was declared but never referenced
[build]       constexpr int I             = ggml_cuda_mmq_get_I(type, J, fallback);
[build]                     ^
[build]           detected during:
[build]             instantiation of "void ggml_cuda_mmq_vec_dot_q8_0_16_q8_1_mma<type,J,fallback>(const int *, const int *, float *, int) [with type=GGML_TYPE_Q6_K, J=16, fallback=false]" at line 765 of C:\Users\pperv\code\unnamed_rpg\vendor\ggml\src\ggml-cuda\template-instances\../mmq.cuh
[build]             instantiation of "ggml_cuda_mmq_util_funcs ggml_cuda_mmq_get_util_funcs<type,J,fallback>() [with type=GGML_TYPE_Q6_K, J=16, fallback=false]" at line 858 of C:\Users\pperv\code\unnamed_rpg\vendor\ggml\src\ggml-cuda\template-instances\../mmq.cuh
[build]             instantiation of "ggml_cuda_mmq_load_tiles_t ggml_cuda_mmq_get_load_tiles<type,J,fallback>() [with type=GGML_TYPE_Q6_K, J=16, fallback=false]" at line 885 of C:\Users\pperv\code\unnamed_rpg\vendor\ggml\src\ggml-cuda\template-instances\../mmq.cuh
[build]             instantiation of "void mul_mat_q_process_tile<type,J,fallback,fixup>(const char *, int, const int *, const int *, float *, float *, const float *, int, int, int, int, int, int, int) [with type=GGML_TYPE_Q6_K, J=16, fallback=false, fixup=false]" at line 1152 of C:\Users\pperv\code\unnamed_rpg\vendor\ggml\src\ggml-cuda\template-instances\../mmq.cuh
[build]             instantiation of "void mul_mat_q<type,J,fallback>(const char *, const int *, const int32_t *, const int32_t *, float *, float *, const float *, uint3, int, int, int, int, int, uint3, uint3, int, int, int, uint3, uint3, int, int, int, uint3) [with type=GGML_TYPE_Q6_K, J=16, fallback=false]" at line 1407 of C:\Users\pperv\code\unnamed_rpg\vendor\ggml\src\ggml-cuda\template-instances\../mmq.cuh
[build]             instantiation of "void launch_mul_mat_q<type,J,fallback>(ggml_backend_cuda_context &, const mmq_args &, cudaStream_t) [with type=GGML_TYPE_Q6_K, J=16, fallback=false]" at line 1507 of C:\Users\pperv\code\unnamed_rpg\vendor\ggml\src\ggml-cuda\template-instances\../mmq.cuh
[build]             instantiation of "void mul_mat_q_switch_J<type,fallback>(ggml_backend_cuda_context &, const mmq_args &, cudaStream_t) [with type=GGML_TYPE_Q6_K, fallback=false]" at line 1562 of C:\Users\pperv\code\unnamed_rpg\vendor\ggml\src\ggml-cuda\template-instances\../mmq.cuh
[build]             instantiation of "void mul_mat_q_case<type>(ggml_backend_cuda_context &, const mmq_args &, cudaStream_t) [with type=GGML_TYPE_Q6_K]" at line 5 of C:\Users\pperv\code\unnamed_rpg\vendor\ggml\src\ggml-cuda\template-instances\mmq-instance-q6_k.cu
[build] 
[build] C:\Users\pperv\code\unnamed_rpg\vendor\ggml\src\ggml-cuda\mmq-vec-dot.cuh(1078): warning #177-D: variable "I" was declared but never referenced
[build]       constexpr int I             = ggml_cuda_mmq_get_I(type, J, fallback);
[build]                     ^
[build]           detected during:
[build]             instantiation of "void ggml_cuda_mmq_vec_dot_q6_K_q8_1_mma<type,J,fallback>(const int *, const int *, float *, int) [with type=GGML_TYPE_Q6_K, J=16, fallback=false]" at line 783 of C:\Users\pperv\code\unnamed_rpg\vendor\ggml\src\ggml-cuda\template-instances\../mmq.cuh
[build]             instantiation of "ggml_cuda_mmq_util_funcs ggml_cuda_mmq_get_util_funcs<type,J,fallback>() [with type=GGML_TYPE_Q6_K, J=16, fallback=false]" at line 858 of C:\Users\pperv\code\unnamed_rpg\vendor\ggml\src\ggml-cuda\template-instances\../mmq.cuh
[build]             instantiation of "ggml_cuda_mmq_load_tiles_t ggml_cuda_mmq_get_load_tiles<type,J,fallback>() [with type=GGML_TYPE_Q6_K, J=16, fallback=false]" at line 885 of C:\Users\pperv\code\unnamed_rpg\vendor\ggml\src\ggml-cuda\template-instances\../mmq.cuh
[build]             instantiation of "void mul_mat_q_process_tile<type,J,fallback,fixup>(const char *, int, const int *, const int *, float *, float *, const float *, int, int, int, int, int, int, int) [with type=GGML_TYPE_Q6_K, J=16, fallback=false, fixup=false]" at line 1152 of C:\Users\pperv\code\unnamed_rpg\vendor\ggml\src\ggml-cuda\template-instances\../mmq.cuh
[build]             instantiation of "void mul_mat_q<type,J,fallback>(const char *, const int *, const int32_t *, const int32_t *, float *, float *, const float *, uint3, int, int, int, int, int, uint3, uint3, int, int, int, uint3, uint3, int, int, int, uint3) [with type=GGML_TYPE_Q6_K, J=16, fallback=false]" at line 1407 of C:\Users\pperv\code\unnamed_rpg\vendor\ggml\src\ggml-cuda\template-instances\../mmq.cuh
[build]             instantiation of "void launch_mul_mat_q<type,J,fallback>(ggml_backend_cuda_context &, const mmq_args &, cudaStream_t) [with type=GGML_TYPE_Q6_K, J=16, fallback=false]" at line 1507 of C:\Users\pperv\code\unnamed_rpg\vendor\ggml\src\ggml-cuda\template-instances\../mmq.cuh
[build]             instantiation of "void mul_mat_q_switch_J<type,fallback>(ggml_backend_cuda_context &, const mmq_args &, cudaStream_t) [with type=GGML_TYPE_Q6_K, fallback=false]" at line 1562 of C:\Users\pperv\code\unnamed_rpg\vendor\ggml\src\ggml-cuda\template-instances\../mmq.cuh
[build]             instantiation of "void mul_mat_q_case<type>(ggml_backend_cuda_context &, const mmq_args &, cudaStream_t) [with type=GGML_TYPE_Q6_K]" at line 5 of C:\Users\pperv\code\unnamed_rpg\vendor\ggml\src\ggml-cuda\template-instances\mmq-instance-q6_k.cu
[build] 
[build] C:\Users\pperv\code\unnamed_rpg\vendor\ggml\src\ggml-cuda\template-instances\../mmq.cuh(543): warning #177-D: variable "I" was declared but never referenced
[build]       constexpr int I = ggml_cuda_mmq_get_I(type, J, fallback);
[build]                     ^
[build]           detected during:
[build]             instantiation of "ggml_cuda_mmq_util_funcs ggml_cuda_mmq_get_util_funcs<type,J,fallback>() [with type=GGML_TYPE_Q6_K, J=16, fallback=false]" at line 858
[build]             instantiation of "ggml_cuda_mmq_load_tiles_t ggml_cuda_mmq_get_load_tiles<type,J,fallback>() [with type=GGML_TYPE_Q6_K, J=16, fallback=false]" at line 885
[build]             instantiation of "void mul_mat_q_process_tile<type,J,fallback,fixup>(const char *, int, const int *, const int *, float *, float *, const float *, int, int, int, int, int, int, int) [with type=GGML_TYPE_Q6_K, J=16, fallback=false, fixup=false]" at line 1152
[build]             instantiation of "void mul_mat_q<type,J,fallback>(const char *, const int *, const int32_t *, const int32_t *, float *, float *, const float *, uint3, int, int, int, int, int, uint3, uint3, int, int, int, uint3, uint3, int, int, int, uint3) [with type=GGML_TYPE_Q6_K, J=16, fallback=false]" at line 1407
[build]             instantiation of "void launch_mul_mat_q<type,J,fallback>(ggml_backend_cuda_context &, const mmq_args &, cudaStream_t) [with type=GGML_TYPE_Q6_K, J=16, fallback=false]" at line 1507
[build]             instantiation of "void mul_mat_q_switch_J<type,fallback>(ggml_backend_cuda_context &, const mmq_args &, cudaStream_t) [with type=GGML_TYPE_Q6_K, fallback=false]" at line 1562
[build]             instantiation of "void mul_mat_q_case<type>(ggml_backend_cuda_context &, const mmq_args &, cudaStream_t) [with type=GGML_TYPE_Q6_K]" at line 5 of C:\Users\pperv\code\unnamed_rpg\vendor\ggml\src\ggml-cuda\template-instances\mmq-instance-q6_k.cu
[build] 
[build] C:\Users\pperv\code\unnamed_rpg\vendor\ggml\src\ggml-cuda\mmq-vec-dot.cuh(207): warning #177-D: variable "I" was declared but never referenced
[build]       constexpr int I             = ggml_cuda_mmq_get_I(type, J, fallback);
[build]                     ^
[build]           detected during:
[build]             instantiation of "void ggml_cuda_mmq_vec_dot_q8_0_q8_1_mma<type,J,fallback,ds_layout>(const int *, const int *, float *, int) [with type=GGML_TYPE_Q6_K, J=16, fallback=true, ds_layout=MMQ_Q8_1_DS_LAYOUT_D4]" at line 716 of C:\Users\pperv\code\unnamed_rpg\vendor\ggml\src\ggml-cuda\template-instances\../mmq.cuh
[build]             instantiation of "ggml_cuda_mmq_util_funcs ggml_cuda_mmq_get_util_funcs<type,J,fallback>() [with type=GGML_TYPE_Q6_K, J=16, fallback=true]" at line 858 of C:\Users\pperv\code\unnamed_rpg\vendor\ggml\src\ggml-cuda\template-instances\../mmq.cuh
[build]             instantiation of "ggml_cuda_mmq_load_tiles_t ggml_cuda_mmq_get_load_tiles<type,J,fallback>() [with type=GGML_TYPE_Q6_K, J=16, fallback=true]" at line 885 of C:\Users\pperv\code\unnamed_rpg\vendor\ggml\src\ggml-cuda\template-instances\../mmq.cuh
[build]             instantiation of "void mul_mat_q_process_tile<type,J,fallback,fixup>(const char *, int, const int *, const int *, float *, float *, const float *, int, int, int, int, int, int, int) [with type=GGML_TYPE_Q6_K, J=16, fallback=true, fixup=false]" at line 1152 of C:\Users\pperv\code\unnamed_rpg\vendor\ggml\src\ggml-cuda\template-instances\../mmq.cuh
[build]             instantiation of "void mul_mat_q<type,J,fallback>(const char *, const int *, const int32_t *, const int32_t *, float *, float *, const float *, uint3, int, int, int, int, int, uint3, uint3, int, int, int, uint3, uint3, int, int, int, uint3) [with type=GGML_TYPE_Q6_K, J=16, fallback=true]" at line 1408 of C:\Users\pperv\code\unnamed_rpg\vendor\ggml\src\ggml-cuda\template-instances\../mmq.cuh
[build]             instantiation of "void launch_mul_mat_q<type,J,fallback>(ggml_backend_cuda_context &, const mmq_args &, cudaStream_t) [with type=GGML_TYPE_Q6_K, J=16, fallback=false]" at line 1507 of C:\Users\pperv\code\unnamed_rpg\vendor\ggml\src\ggml-cuda\template-instances\../mmq.cuh
[build]             instantiation of "void mul_mat_q_switch_J<type,fallback>(ggml_backend_cuda_context &, const mmq_args &, cudaStream_t) [with type=GGML_TYPE_Q6_K, fallback=false]" at line 1562 of C:\Users\pperv\code\unnamed_rpg\vendor\ggml\src\ggml-cuda\template-instances\../mmq.cuh
[build]             instantiation of "void mul_mat_q_case<type>(ggml_backend_cuda_context &, const mmq_args &, cudaStream_t) [with type=GGML_TYPE_Q6_K]" at line 5 of C:\Users\pperv\code\unnamed_rpg\vendor\ggml\src\ggml-cuda\template-instances\mmq-instance-q6_k.cu
[build] 
[build] C:\Users\pperv\code\unnamed_rpg\vendor\ggml\src\ggml-cuda\template-instances\../mmq.cuh(485): warning #177-D: variable "nwarps" was declared but never referenced
[build]       constexpr int nwarps        = ggml_cuda_mmq_get_nthreads(type, J, fallback) / warp_size;
[build]                     ^
[build]           detected during:
[build]             instantiation of "void ggml_cuda_mmq_write_back_mma<type,J,fallback>(const float *, const int *, float *, const float *, int, int, int) [with type=GGML_TYPE_Q6_K, J=16, fallback=true]" at line 716
[build]             instantiation of "ggml_cuda_mmq_util_funcs ggml_cuda_mmq_get_util_funcs<type,J,fallback>() [with type=GGML_TYPE_Q6_K, J=16, fallback=true]" at line 858
[build]             instantiation of "ggml_cuda_mmq_load_tiles_t ggml_cuda_mmq_get_load_tiles<type,J,fallback>() [with type=GGML_TYPE_Q6_K, J=16, fallback=true]" at line 885
[build]             instantiation of "void mul_mat_q_process_tile<type,J,fallback,fixup>(const char *, int, const int *, const int *, float *, float *, const float *, int, int, int, int, int, int, int) [with type=GGML_TYPE_Q6_K, J=16, fallback=true, fixup=false]" at line 1152
[build]             instantiation of "void mul_mat_q<type,J,fallback>(const char *, const int *, const int32_t *, const int32_t *, float *, float *, const float *, uint3, int, int, int, int, int, uint3, uint3, int, int, int, uint3, uint3, int, int, int, uint3) [with type=GGML_TYPE_Q6_K, J=16, fallback=true]" at line 1408
[build]             instantiation of "void launch_mul_mat_q<type,J,fallback>(ggml_backend_cuda_context &, const mmq_args &, cudaStream_t) [with type=GGML_TYPE_Q6_K, J=16, fallback=false]" at line 1507
[build]             instantiation of "void mul_mat_q_switch_J<type,fallback>(ggml_backend_cuda_context &, const mmq_args &, cudaStream_t) [with type=GGML_TYPE_Q6_K, fallback=false]" at line 1562
[build]             instantiation of "void mul_mat_q_case<type>(ggml_backend_cuda_context &, const mmq_args &, cudaStream_t) [with type=GGML_TYPE_Q6_K]" at line 5 of C:\Users\pperv\code\unnamed_rpg\vendor\ggml\src\ggml-cuda\template-instances\mmq-instance-q6_k.cu
[build] 
[build] C:\Users\pperv\code\unnamed_rpg\vendor\ggml\src\ggml-cuda\template-instances\../mmq.cuh(486): warning #177-D: variable "I" was declared but never referenced
[build]       constexpr int I             = ggml_cuda_mmq_get_I(type, J, fallback);
[build]                     ^
[build]           detected during:
[build]             instantiation of "void ggml_cuda_mmq_write_back_mma<type,J,fallback>(const float *, const int *, float *, const float *, int, int, int) [with type=GGML_TYPE_Q6_K, J=16, fallback=true]" at line 716
[build]             instantiation of "ggml_cuda_mmq_util_funcs ggml_cuda_mmq_get_util_funcs<type,J,fallback>() [with type=GGML_TYPE_Q6_K, J=16, fallback=true]" at line 858
[build]             instantiation of "ggml_cuda_mmq_load_tiles_t ggml_cuda_mmq_get_load_tiles<type,J,fallback>() [with type=GGML_TYPE_Q6_K, J=16, fallback=true]" at line 885
[build]             instantiation of "void mul_mat_q_process_tile<type,J,fallback,fixup>(const char *, int, const int *, const int *, float *, float *, const float *, int, int, int, int, int, int, int) [with type=GGML_TYPE_Q6_K, J=16, fallback=true, fixup=false]" at line 1152
[build]             instantiation of "void mul_mat_q<type,J,fallback>(const char *, const int *, const int32_t *, const int32_t *, float *, float *, const float *, uint3, int, int, int, int, int, uint3, uint3, int, int, int, uint3, uint3, int, int, int, uint3) [with type=GGML_TYPE_Q6_K, J=16, fallback=true]" at line 1408
[build]             instantiation of "void launch_mul_mat_q<type,J,fallback>(ggml_backend_cuda_context &, const mmq_args &, cudaStream_t) [with type=GGML_TYPE_Q6_K, J=16, fallback=false]" at line 1507
[build]             instantiation of "void mul_mat_q_switch_J<type,fallback>(ggml_backend_cuda_context &, const mmq_args &, cudaStream_t) [with type=GGML_TYPE_Q6_K, fallback=false]" at line 1562
[build]             instantiation of "void mul_mat_q_case<type>(ggml_backend_cuda_context &, const mmq_args &, cudaStream_t) [with type=GGML_TYPE_Q6_K]" at line 5 of C:\Users\pperv\code\unnamed_rpg\vendor\ggml\src\ggml-cuda\template-instances\mmq-instance-q6_k.cu
[build] 
[build] C:\Users\pperv\code\unnamed_rpg\vendor\ggml\src\ggml-cuda\mmq-vec-dot.cuh(207): warning #177-D: variable "I" was declared but never referenced
[build]       constexpr int I             = ggml_cuda_mmq_get_I(type, J, fallback);
[build]                     ^
[build]           detected during:
[build]             instantiation of "void ggml_cuda_mmq_vec_dot_q8_0_q8_1_mma<type,J,fallback,ds_layout>(const int *, const int *, float *, int) [with type=GGML_TYPE_Q6_K, J=16, fallback=true, ds_layout=MMQ_Q8_1_DS_LAYOUT_DS4]" at line 728 of C:\Users\pperv\code\unnamed_rpg\vendor\ggml\src\ggml-cuda\template-instances\../mmq.cuh
[build]             instantiation of "ggml_cuda_mmq_util_funcs ggml_cuda_mmq_get_util_funcs<type,J,fallback>() [with type=GGML_TYPE_Q6_K, J=16, fallback=true]" at line 858 of C:\Users\pperv\code\unnamed_rpg\vendor\ggml\src\ggml-cuda\template-instances\../mmq.cuh
[build]             instantiation of "ggml_cuda_mmq_load_tiles_t ggml_cuda_mmq_get_load_tiles<type,J,fallback>() [with type=GGML_TYPE_Q6_K, J=16, fallback=true]" at line 885 of C:\Users\pperv\code\unnamed_rpg\vendor\ggml\src\ggml-cuda\template-instances\../mmq.cuh
[build]             instantiation of "void mul_mat_q_process_tile<type,J,fallback,fixup>(const char *, int, const int *, const int *, float *, float *, const float *, int, int, int, int, int, int, int) [with type=GGML_TYPE_Q6_K, J=16, fallback=true, fixup=false]" at line 1152 of C:\Users\pperv\code\unnamed_rpg\vendor\ggml\src\ggml-cuda\template-instances\../mmq.cuh
[build]             instantiation of "void mul_mat_q<type,J,fallback>(const char *, const int *, const int32_t *, const int32_t *, float *, float *, const float *, uint3, int, int, int, int, int, uint3, uint3, int, int, int, uint3, uint3, int, int, int, uint3) [with type=GGML_TYPE_Q6_K, J=16, fallback=true]" at line 1408 of C:\Users\pperv\code\unnamed_rpg\vendor\ggml\src\ggml-cuda\template-instances\../mmq.cuh
[build]             instantiation of "void launch_mul_mat_q<type,J,fallback>(ggml_backend_cuda_context &, const mmq_args &, cudaStream_t) [with type=GGML_TYPE_Q6_K, J=16, fallback=false]" at line 1507 of C:\Users\pperv\code\unnamed_rpg\vendor\ggml\src\ggml-cuda\template-instances\../mmq.cuh
[build]             instantiation of "void mul_mat_q_switch_J<type,fallback>(ggml_backend_cuda_context &, const mmq_args &, cudaStream_t) [with type=GGML_TYPE_Q6_K, fallback=false]" at line 1562 of C:\Users\pperv\code\unnamed_rpg\vendor\ggml\src\ggml-cuda\template-instances\../mmq.cuh
[build]             instantiation of "void mul_mat_q_case<type>(ggml_backend_cuda_context &, const mmq_args &, cudaStream_t) [with type=GGML_TYPE_Q6_K]" at line 5 of C:\Users\pperv\code\unnamed_rpg\vendor\ggml\src\ggml-cuda\template-instances\mmq-instance-q6_k.cu
[build] 
[build] C:\Users\pperv\code\unnamed_rpg\vendor\ggml\src\ggml-cuda\mmq-vec-dot.cuh(374): warning #177-D: variable "I" was declared but never referenced
[build]       constexpr int I             = ggml_cuda_mmq_get_I(type, J, fallback);
[build]                     ^
[build]           detected during:
[build]             instantiation of "void ggml_cuda_mmq_vec_dot_q8_1_q8_1_mma<type,J,fallback>(const int *, const int *, float *, int) [with type=GGML_TYPE_Q6_K, J=16, fallback=true]" at line 734 of C:\Users\pperv\code\unnamed_rpg\vendor\ggml\src\ggml-cuda\template-instances\../mmq.cuh
[build]             instantiation of "ggml_cuda_mmq_util_funcs ggml_cuda_mmq_get_util_funcs<type,J,fallback>() [with type=GGML_TYPE_Q6_K, J=16, fallback=true]" at line 858 of C:\Users\pperv\code\unnamed_rpg\vendor\ggml\src\ggml-cuda\template-instances\../mmq.cuh
[build]             instantiation of "ggml_cuda_mmq_load_tiles_t ggml_cuda_mmq_get_load_tiles<type,J,fallback>() [with type=GGML_TYPE_Q6_K, J=16, fallback=true]" at line 885 of C:\Users\pperv\code\unnamed_rpg\vendor\ggml\src\ggml-cuda\template-instances\../mmq.cuh
[build]             instantiation of "void mul_mat_q_process_tile<type,J,fallback,fixup>(const char *, int, const int *, const int *, float *, float *, const float *, int, int, int, int, int, int, int) [with type=GGML_TYPE_Q6_K, J=16, fallback=true, fixup=false]" at line 1152 of C:\Users\pperv\code\unnamed_rpg\vendor\ggml\src\ggml-cuda\template-instances\../mmq.cuh
[build]             instantiation of "void mul_mat_q<type,J,fallback>(const char *, const int *, const int32_t *, const int32_t *, float *, float *, const float *, uint3, int, int, int, int, int, uint3, uint3, int, int, int, uint3, uint3, int, int, int, uint3) [with type=GGML_TYPE_Q6_K, J=16, fallback=true]" at line 1408 of C:\Users\pperv\code\unnamed_rpg\vendor\ggml\src\ggml-cuda\template-instances\../mmq.cuh
[build]             instantiation of "void launch_mul_mat_q<type,J,fallback>(ggml_backend_cuda_context &, const mmq_args &, cudaStream_t) [with type=GGML_TYPE_Q6_K, J=16, fallback=false]" at line 1507 of C:\Users\pperv\code\unnamed_rpg\vendor\ggml\src\ggml-cuda\template-instances\../mmq.cuh
[build]             instantiation of "void mul_mat_q_switch_J<type,fallback>(ggml_backend_cuda_context &, const mmq_args &, cudaStream_t) [with type=GGML_TYPE_Q6_K, fallback=false]" at line 1562 of C:\Users\pperv\code\unnamed_rpg\vendor\ggml\src\ggml-cuda\template-instances\../mmq.cuh
[build]             instantiation of "void mul_mat_q_case<type>(ggml_backend_cuda_context &, const mmq_args &, cudaStream_t) [with type=GGML_TYPE_Q6_K]" at line 5 of C:\Users\pperv\code\unnamed_rpg\vendor\ggml\src\ggml-cuda\template-instances\mmq-instance-q6_k.cu
[build] 
[build] C:\Users\pperv\code\unnamed_rpg\vendor\ggml\src\ggml-cuda\mmq-vec-dot.cuh(759): warning #177-D: variable "I" was declared but never referenced
[build]       constexpr int I             = ggml_cuda_mmq_get_I(type, J, fallback);
[build]                     ^
[build]           detected during:
[build]             instantiation of "void ggml_cuda_mmq_vec_dot_q2_K_q8_1_mma<type,J,fallback>(const int *, const int *, float *, int) [with type=GGML_TYPE_Q6_K, J=16, fallback=true]" at line 759 of C:\Users\pperv\code\unnamed_rpg\vendor\ggml\src\ggml-cuda\template-instances\../mmq.cuh
[build]             instantiation of "ggml_cuda_mmq_util_funcs ggml_cuda_mmq_get_util_funcs<type,J,fallback>() [with type=GGML_TYPE_Q6_K, J=16, fallback=true]" at line 858 of C:\Users\pperv\code\unnamed_rpg\vendor\ggml\src\ggml-cuda\template-instances\../mmq.cuh
[build]             instantiation of "ggml_cuda_mmq_load_tiles_t ggml_cuda_mmq_get_load_tiles<type,J,fallback>() [with type=GGML_TYPE_Q6_K, J=16, fallback=true]" at line 885 of C:\Users\pperv\code\unnamed_rpg\vendor\ggml\src\ggml-cuda\template-instances\../mmq.cuh
[build]             instantiation of "void mul_mat_q_process_tile<type,J,fallback,fixup>(const char *, int, const int *, const int *, float *, float *, const float *, int, int, int, int, int, int, int) [with type=GGML_TYPE_Q6_K, J=16, fallback=true, fixup=false]" at line 1152 of C:\Users\pperv\code\unnamed_rpg\vendor\ggml\src\ggml-cuda\template-instances\../mmq.cuh
[build]             instantiation of "void mul_mat_q<type,J,fallback>(const char *, const int *, const int32_t *, const int32_t *, float *, float *, const float *, uint3, int, int, int, int, int, uint3, uint3, int, int, int, uint3, uint3, int, int, int, uint3) [with type=GGML_TYPE_Q6_K, J=16, fallback=true]" at line 1408 of C:\Users\pperv\code\unnamed_rpg\vendor\ggml\src\ggml-cuda\template-instances\../mmq.cuh
[build]             instantiation of "void launch_mul_mat_q<type,J,fallback>(ggml_backend_cuda_context &, const mmq_args &, cudaStream_t) [with type=GGML_TYPE_Q6_K, J=16, fallback=false]" at line 1507 of C:\Users\pperv\code\unnamed_rpg\vendor\ggml\src\ggml-cuda\template-instances\../mmq.cuh
[build]             instantiation of "void mul_mat_q_switch_J<type,fallback>(ggml_backend_cuda_context &, const mmq_args &, cudaStream_t) [with type=GGML_TYPE_Q6_K, fallback=false]" at line 1562 of C:\Users\pperv\code\unnamed_rpg\vendor\ggml\src\ggml-cuda\template-instances\../mmq.cuh
[build]             instantiation of "void mul_mat_q_case<type>(ggml_backend_cuda_context &, const mmq_args &, cudaStream_t) [with type=GGML_TYPE_Q6_K]" at line 5 of C:\Users\pperv\code\unnamed_rpg\vendor\ggml\src\ggml-cuda\template-instances\mmq-instance-q6_k.cu
[build] 
[build] C:\Users\pperv\code\unnamed_rpg\vendor\ggml\src\ggml-cuda\mmq-vec-dot.cuh(540): warning #177-D: variable "I" was declared but never referenced
[build]       constexpr int I             = ggml_cuda_mmq_get_I(type, J, fallback);
[build]                     ^
[build]           detected during:
[build]             instantiation of "void ggml_cuda_mmq_vec_dot_q8_0_16_q8_1_mma<type,J,fallback>(const int *, const int *, float *, int) [with type=GGML_TYPE_Q6_K, J=16, fallback=true]" at line 765 of C:\Users\pperv\code\unnamed_rpg\vendor\ggml\src\ggml-cuda\template-instances\../mmq.cuh
[build]             instantiation of "ggml_cuda_mmq_util_funcs ggml_cuda_mmq_get_util_funcs<type,J,fallback>() [with type=GGML_TYPE_Q6_K, J=16, fallback=true]" at line 858 of C:\Users\pperv\code\unnamed_rpg\vendor\ggml\src\ggml-cuda\template-instances\../mmq.cuh
[build]             instantiation of "ggml_cuda_mmq_load_tiles_t ggml_cuda_mmq_get_load_tiles<type,J,fallback>() [with type=GGML_TYPE_Q6_K, J=16, fallback=true]" at line 885 of C:\Users\pperv\code\unnamed_rpg\vendor\ggml\src\ggml-cuda\template-instances\../mmq.cuh
[build]             instantiation of "void mul_mat_q_process_tile<type,J,fallback,fixup>(const char *, int, const int *, const int *, float *, float *, const float *, int, int, int, int, int, int, int) [with type=GGML_TYPE_Q6_K, J=16, fallback=true, fixup=false]" at line 1152 of C:\Users\pperv\code\unnamed_rpg\vendor\ggml\src\ggml-cuda\template-instances\../mmq.cuh
[build]             instantiation of "void mul_mat_q<type,J,fallback>(const char *, const int *, const int32_t *, const int32_t *, float *, float *, const float *, uint3, int, int, int, int, int, uint3, uint3, int, int, int, uint3, uint3, int, int, int, uint3) [with type=GGML_TYPE_Q6_K, J=16, fallback=true]" at line 1408 of C:\Users\pperv\code\unnamed_rpg\vendor\ggml\src\ggml-cuda\template-instances\../mmq.cuh
[build]             instantiation of "void launch_mul_mat_q<type,J,fallback>(ggml_backend_cuda_context &, const mmq_args &, cudaStream_t) [with type=GGML_TYPE_Q6_K, J=16, fallback=false]" at line 1507 of C:\Users\pperv\code\unnamed_rpg\vendor\ggml\src\ggml-cuda\template-instances\../mmq.cuh
[build]             instantiation of "void mul_mat_q_switch_J<type,fallback>(ggml_backend_cuda_context &, const mmq_args &, cudaStream_t) [with type=GGML_TYPE_Q6_K, fallback=false]" at line 1562 of C:\Users\pperv\code\unnamed_rpg\vendor\ggml\src\ggml-cuda\template-instances\../mmq.cuh
[build]             instantiation of "void mul_mat_q_case<type>(ggml_backend_cuda_context &, const mmq_args &, cudaStream_t) [with type=GGML_TYPE_Q6_K]" at line 5 of C:\Users\pperv\code\unnamed_rpg\vendor\ggml\src\ggml-cuda\template-instances\mmq-instance-q6_k.cu
[build] 
[build] C:\Users\pperv\code\unnamed_rpg\vendor\ggml\src\ggml-cuda\mmq-vec-dot.cuh(1078): warning #177-D: variable "I" was declared but never referenced
[build]       constexpr int I             = ggml_cuda_mmq_get_I(type, J, fallback);
[build]                     ^
[build]           detected during:
[build]             instantiation of "void ggml_cuda_mmq_vec_dot_q6_K_q8_1_mma<type,J,fallback>(const int *, const int *, float *, int) [with type=GGML_TYPE_Q6_K, J=16, fallback=true]" at line 783 of C:\Users\pperv\code\unnamed_rpg\vendor\ggml\src\ggml-cuda\template-instances\../mmq.cuh
[build]             instantiation of "ggml_cuda_mmq_util_funcs ggml_cuda_mmq_get_util_funcs<type,J,fallback>() [with type=GGML_TYPE_Q6_K, J=16, fallback=true]" at line 858 of C:\Users\pperv\code\unnamed_rpg\vendor\ggml\src\ggml-cuda\template-instances\../mmq.cuh
[build]             instantiation of "ggml_cuda_mmq_load_tiles_t ggml_cuda_mmq_get_load_tiles<type,J,fallback>() [with type=GGML_TYPE_Q6_K, J=16, fallback=true]" at line 885 of C:\Users\pperv\code\unnamed_rpg\vendor\ggml\src\ggml-cuda\template-instances\../mmq.cuh
[build]             instantiation of "void mul_mat_q_process_tile<type,J,fallback,fixup>(const char *, int, const int *, const int *, float *, float *, const float *, int, int, int, int, int, int, int) [with type=GGML_TYPE_Q6_K, J=16, fallback=true, fixup=false]" at line 1152 of C:\Users\pperv\code\unnamed_rpg\vendor\ggml\src\ggml-cuda\template-instances\../mmq.cuh
[build]             instantiation of "void mul_mat_q<type,J,fallback>(const char *, const int *, const int32_t *, const int32_t *, float *, float *, const float *, uint3, int, int, int, int, int, uint3, uint3, int, int, int, uint3, uint3, int, int, int, uint3) [with type=GGML_TYPE_Q6_K, J=16, fallback=true]" at line 1408 of C:\Users\pperv\code\unnamed_rpg\vendor\ggml\src\ggml-cuda\template-instances\../mmq.cuh
[build]             instantiation of "void launch_mul_mat_q<type,J,fallback>(ggml_backend_cuda_context &, const mmq_args &, cudaStream_t) [with type=GGML_TYPE_Q6_K, J=16, fallback=false]" at line 1507 of C:\Users\pperv\code\unnamed_rpg\vendor\ggml\src\ggml-cuda\template-instances\../mmq.cuh
[build]             instantiation of "void mul_mat_q_switch_J<type,fallback>(ggml_backend_cuda_context &, const mmq_args &, cudaStream_t) [with type=GGML_TYPE_Q6_K, fallback=false]" at line 1562 of C:\Users\pperv\code\unnamed_rpg\vendor\ggml\src\ggml-cuda\template-instances\../mmq.cuh
[build]             instantiation of "void mul_mat_q_case<type>(ggml_backend_cuda_context &, const mmq_args &, cudaStream_t) [with type=GGML_TYPE_Q6_K]" at line 5 of C:\Users\pperv\code\unnamed_rpg\vendor\ggml\src\ggml-cuda\template-instances\mmq-instance-q6_k.cu
[build] 
[build] C:\Users\pperv\code\unnamed_rpg\vendor\ggml\src\ggml-cuda\template-instances\../mmq.cuh(543): warning #177-D: variable "I" was declared but never referenced
[build]       constexpr int I = ggml_cuda_mmq_get_I(type, J, fallback);
[build]                     ^
[build]           detected during:
[build]             instantiation of "ggml_cuda_mmq_util_funcs ggml_cuda_mmq_get_util_funcs<type,J,fallback>() [with type=GGML_TYPE_Q6_K, J=16, fallback=true]" at line 858
[build]             instantiation of "ggml_cuda_mmq_load_tiles_t ggml_cuda_mmq_get_load_tiles<type,J,fallback>() [with type=GGML_TYPE_Q6_K, J=16, fallback=true]" at line 885
[build]             instantiation of "void mul_mat_q_process_tile<type,J,fallback,fixup>(const char *, int, const int *, const int *, float *, float *, const float *, int, int, int, int, int, int, int) [with type=GGML_TYPE_Q6_K, J=16, fallback=true, fixup=false]" at line 1152
[build]             instantiation of "void mul_mat_q<type,J,fallback>(const char *, const int *, const int32_t *, const int32_t *, float *, float *, const float *, uint3, int, int, int, int, int, uint3, uint3, int, int, int, uint3, uint3, int, int, int, uint3) [with type=GGML_TYPE_Q6_K, J=16, fallback=true]" at line 1408
[build]             instantiation of "void launch_mul_mat_q<type,J,fallback>(ggml_backend_cuda_context &, const mmq_args &, cudaStream_t) [with type=GGML_TYPE_Q6_K, J=16, fallback=false]" at line 1507
[build]             instantiation of "void mul_mat_q_switch_J<type,fallback>(ggml_backend_cuda_context &, const mmq_args &, cudaStream_t) [with type=GGML_TYPE_Q6_K, fallback=false]" at line 1562
[build]             instantiation of "void mul_mat_q_case<type>(ggml_backend_cuda_context &, const mmq_args &, cudaStream_t) [with type=GGML_TYPE_Q6_K]" at line 5 of C:\Users\pperv\code\unnamed_rpg\vendor\ggml\src\ggml-cuda\template-instances\mmq-instance-q6_k.cu
[build] 
[build] C:\Users\pperv\code\unnamed_rpg\vendor\ggml\src\ggml-cuda\mmq-vec-dot.cuh(207): warning #177-D: variable "I" was declared but never referenced
[build]       constexpr int I             = ggml_cuda_mmq_get_I(type, J, fallback);
[build]                     ^
[build]           detected during:
[build]             instantiation of "void ggml_cuda_mmq_vec_dot_q8_0_q8_1_mma<type,J,fallback,ds_layout>(const int *, const int *, float *, int) [with type=GGML_TYPE_Q6_K, J=24, fallback=false, ds_layout=MMQ_Q8_1_DS_LAYOUT_D4]" at line 716 of C:\Users\pperv\code\unnamed_rpg\vendor\ggml\src\ggml-cuda\template-instances\../mmq.cuh
[build]             instantiation of "ggml_cuda_mmq_util_funcs ggml_cuda_mmq_get_util_funcs<type,J,fallback>() [with type=GGML_TYPE_Q6_K, J=24, fallback=false]" at line 858 of C:\Users\pperv\code\unnamed_rpg\vendor\ggml\src\ggml-cuda\template-instances\../mmq.cuh
[build]             instantiation of "ggml_cuda_mmq_load_tiles_t ggml_cuda_mmq_get_load_tiles<type,J,fallback>() [with type=GGML_TYPE_Q6_K, J=24, fallback=false]" at line 885 of C:\Users\pperv\code\unnamed_rpg\vendor\ggml\src\ggml-cuda\template-instances\../mmq.cuh
[build]             instantiation of "void mul_mat_q_process_tile<type,J,fallback,fixup>(const char *, int, const int *, const int *, float *, float *, const float *, int, int, int, int, int, int, int) [with type=GGML_TYPE_Q6_K, J=24, fallback=false, fixup=false]" at line 1152 of C:\Users\pperv\code\unnamed_rpg\vendor\ggml\src\ggml-cuda\template-instances\../mmq.cuh
[build]             instantiation of "void mul_mat_q<type,J,fallback>(const char *, const int *, const int32_t *, const int32_t *, float *, float *, const float *, uint3, int, int, int, int, int, uint3, uint3, int, int, int, uint3, uint3, int, int, int, uint3) [with type=GGML_TYPE_Q6_K, J=24, fallback=false]" at line 1407 of C:\Users\pperv\code\unnamed_rpg\vendor\ggml\src\ggml-cuda\template-instances\../mmq.cuh
[build]             instantiation of "void launch_mul_mat_q<type,J,fallback>(ggml_backend_cuda_context &, const mmq_args &, cudaStream_t) [with type=GGML_TYPE_Q6_K, J=24, fallback=false]" at line 1510 of C:\Users\pperv\code\unnamed_rpg\vendor\ggml\src\ggml-cuda\template-instances\../mmq.cuh
[build]             instantiation of "void mul_mat_q_switch_J<type,fallback>(ggml_backend_cuda_context &, const mmq_args &, cudaStream_t) [with type=GGML_TYPE_Q6_K, fallback=false]" at line 1562 of C:\Users\pperv\code\unnamed_rpg\vendor\ggml\src\ggml-cuda\template-instances\../mmq.cuh
[build]             instantiation of "void mul_mat_q_case<type>(ggml_backend_cuda_context &, const mmq_args &, cudaStream_t) [with type=GGML_TYPE_Q6_K]" at line 5 of C:\Users\pperv\code\unnamed_rpg\vendor\ggml\src\ggml-cuda\template-instances\mmq-instance-q6_k.cu
[build] 
[build] C:\Users\pperv\code\unnamed_rpg\vendor\ggml\src\ggml-cuda\template-instances\../mmq.cuh(485): warning #177-D: variable "nwarps" was declared but never referenced
[build]       constexpr int nwarps        = ggml_cuda_mmq_get_nthreads(type, J, fallback) / warp_size;
[build]                     ^
[build]           detected during:
[build]             instantiation of "void ggml_cuda_mmq_write_back_mma<type,J,fallback>(const float *, const int *, float *, const float *, int, int, int) [with type=GGML_TYPE_Q6_K, J=24, fallback=false]" at line 716
[build]             instantiation of "ggml_cuda_mmq_util_funcs ggml_cuda_mmq_get_util_funcs<type,J,fallback>() [with type=GGML_TYPE_Q6_K, J=24, fallback=false]" at line 858
[build]             instantiation of "ggml_cuda_mmq_load_tiles_t ggml_cuda_mmq_get_load_tiles<type,J,fallback>() [with type=GGML_TYPE_Q6_K, J=24, fallback=false]" at line 885
[build]             instantiation of "void mul_mat_q_process_tile<type,J,fallback,fixup>(const char *, int, const int *, const int *, float *, float *, const float *, int, int, int, int, int, int, int) [with type=GGML_TYPE_Q6_K, J=24, fallback=false, fixup=false]" at line 1152
[build]             instantiation of "void mul_mat_q<type,J,fallback>(const char *, const int *, const int32_t *, const int32_t *, float *, float *, const float *, uint3, int, int, int, int, int, uint3, uint3, int, int, int, uint3, uint3, int, int, int, uint3) [with type=GGML_TYPE_Q6_K, J=24, fallback=false]" at line 1407
[build]             instantiation of "void launch_mul_mat_q<type,J,fallback>(ggml_backend_cuda_context &, const mmq_args &, cudaStream_t) [with type=GGML_TYPE_Q6_K, J=24, fallback=false]" at line 1510
[build]             instantiation of "void mul_mat_q_switch_J<type,fallback>(ggml_backend_cuda_context &, const mmq_args &, cudaStream_t) [with type=GGML_TYPE_Q6_K, fallback=false]" at line 1562
[build]             instantiation of "void mul_mat_q_case<type>(ggml_backend_cuda_context &, const mmq_args &, cudaStream_t) [with type=GGML_TYPE_Q6_K]" at line 5 of C:\Users\pperv\code\unnamed_rpg\vendor\ggml\src\ggml-cuda\template-instances\mmq-instance-q6_k.cu
[build] 
[build] C:\Users\pperv\code\unnamed_rpg\vendor\ggml\src\ggml-cuda\template-instances\../mmq.cuh(486): warning #177-D: variable "I" was declared but never referenced
[build]       constexpr int I             = ggml_cuda_mmq_get_I(type, J, fallback);
[build]                     ^
[build]           detected during:
[build]             instantiation of "void ggml_cuda_mmq_write_back_mma<type,J,fallback>(const float *, const int *, float *, const float *, int, int, int) [with type=GGML_TYPE_Q6_K, J=24, fallback=false]" at line 716
[build]             instantiation of "ggml_cuda_mmq_util_funcs ggml_cuda_mmq_get_util_funcs<type,J,fallback>() [with type=GGML_TYPE_Q6_K, J=24, fallback=false]" at line 858
[build]             instantiation of "ggml_cuda_mmq_load_tiles_t ggml_cuda_mmq_get_load_tiles<type,J,fallback>() [with type=GGML_TYPE_Q6_K, J=24, fallback=false]" at line 885
[build]             instantiation of "void mul_mat_q_process_tile<type,J,fallback,fixup>(const char *, int, const int *, const int *, float *, float *, const float *, int, int, int, int, int, int, int) [with type=GGML_TYPE_Q6_K, J=24, fallback=false, fixup=false]" at line 1152
[build]             instantiation of "void mul_mat_q<type,J,fallback>(const char *, const int *, const int32_t *, const int32_t *, float *, float *, const float *, uint3, int, int, int, int, int, uint3, uint3, int, int, int, uint3, uint3, int, int, int, uint3) [with type=GGML_TYPE_Q6_K, J=24, fallback=false]" at line 1407
[build]             instantiation of "void launch_mul_mat_q<type,J,fallback>(ggml_backend_cuda_context &, const mmq_args &, cudaStream_t) [with type=GGML_TYPE_Q6_K, J=24, fallback=false]" at line 1510
[build]             instantiation of "void mul_mat_q_switch_J<type,fallback>(ggml_backend_cuda_context &, const mmq_args &, cudaStream_t) [with type=GGML_TYPE_Q6_K, fallback=false]" at line 1562
[build]             instantiation of "void mul_mat_q_case<type>(ggml_backend_cuda_context &, const mmq_args &, cudaStream_t) [with type=GGML_TYPE_Q6_K]" at line 5 of C:\Users\pperv\code\unnamed_rpg\vendor\ggml\src\ggml-cuda\template-instances\mmq-instance-q6_k.cu
[build] 
[build] C:\Users\pperv\code\unnamed_rpg\vendor\ggml\src\ggml-cuda\mmq-vec-dot.cuh(207): warning #177-D: variable "I" was declared but never referenced
[build]       constexpr int I             = ggml_cuda_mmq_get_I(type, J, fallback);
[build]                     ^
[build]           detected during:
[build]             instantiation of "void ggml_cuda_mmq_vec_dot_q8_0_q8_1_mma<type,J,fallback,ds_layout>(const int *, const int *, float *, int) [with type=GGML_TYPE_Q6_K, J=24, fallback=false, ds_layout=MMQ_Q8_1_DS_LAYOUT_DS4]" at line 728 of C:\Users\pperv\code\unnamed_rpg\vendor\ggml\src\ggml-cuda\template-instances\../mmq.cuh
[build]             instantiation of "ggml_cuda_mmq_util_funcs ggml_cuda_mmq_get_util_funcs<type,J,fallback>() [with type=GGML_TYPE_Q6_K, J=24, fallback=false]" at line 858 of C:\Users\pperv\code\unnamed_rpg\vendor\ggml\src\ggml-cuda\template-instances\../mmq.cuh
[build]             instantiation of "ggml_cuda_mmq_load_tiles_t ggml_cuda_mmq_get_load_tiles<type,J,fallback>() [with type=GGML_TYPE_Q6_K, J=24, fallback=false]" at line 885 of C:\Users\pperv\code\unnamed_rpg\vendor\ggml\src\ggml-cuda\template-instances\../mmq.cuh
[build]             instantiation of "void mul_mat_q_process_tile<type,J,fallback,fixup>(const char *, int, const int *, const int *, float *, float *, const float *, int, int, int, int, int, int, int) [with type=GGML_TYPE_Q6_K, J=24, fallback=false, fixup=false]" at line 1152 of C:\Users\pperv\code\unnamed_rpg\vendor\ggml\src\ggml-cuda\template-instances\../mmq.cuh
[build]             instantiation of "void mul_mat_q<type,J,fallback>(const char *, const int *, const int32_t *, const int32_t *, float *, float *, const float *, uint3, int, int, int, int, int, uint3, uint3, int, int, int, uint3, uint3, int, int, int, uint3) [with type=GGML_TYPE_Q6_K, J=24, fallback=false]" at line 1407 of C:\Users\pperv\code\unnamed_rpg\vendor\ggml\src\ggml-cuda\template-instances\../mmq.cuh
[build]             instantiation of "void launch_mul_mat_q<type,J,fallback>(ggml_backend_cuda_context &, const mmq_args &, cudaStream_t) [with type=GGML_TYPE_Q6_K, J=24, fallback=false]" at line 1510 of C:\Users\pperv\code\unnamed_rpg\vendor\ggml\src\ggml-cuda\template-instances\../mmq.cuh
[build]             instantiation of "void mul_mat_q_switch_J<type,fallback>(ggml_backend_cuda_context &, const mmq_args &, cudaStream_t) [with type=GGML_TYPE_Q6_K, fallback=false]" at line 1562 of C:\Users\pperv\code\unnamed_rpg\vendor\ggml\src\ggml-cuda\template-instances\../mmq.cuh
[build]             instantiation of "void mul_mat_q_case<type>(ggml_backend_cuda_context &, const mmq_args &, cudaStream_t) [with type=GGML_TYPE_Q6_K]" at line 5 of C:\Users\pperv\code\unnamed_rpg\vendor\ggml\src\ggml-cuda\template-instances\mmq-instance-q6_k.cu
[build] 
[build] C:\Users\pperv\code\unnamed_rpg\vendor\ggml\src\ggml-cuda\mmq-vec-dot.cuh(374): warning #177-D: variable "I" was declared but never referenced
[build]       constexpr int I             = ggml_cuda_mmq_get_I(type, J, fallback);
[build]                     ^
[build]           detected during:
[build]             instantiation of "void ggml_cuda_mmq_vec_dot_q8_1_q8_1_mma<type,J,fallback>(const int *, const int *, float *, int) [with type=GGML_TYPE_Q6_K, J=24, fallback=false]" at line 734 of C:\Users\pperv\code\unnamed_rpg\vendor\ggml\src\ggml-cuda\template-instances\../mmq.cuh
[build]             instantiation of "ggml_cuda_mmq_util_funcs ggml_cuda_mmq_get_util_funcs<type,J,fallback>() [with type=GGML_TYPE_Q6_K, J=24, fallback=false]" at line 858 of C:\Users\pperv\code\unnamed_rpg\vendor\ggml\src\ggml-cuda\template-instances\../mmq.cuh
[build]             instantiation of "ggml_cuda_mmq_load_tiles_t ggml_cuda_mmq_get_load_tiles<type,J,fallback>() [with type=GGML_TYPE_Q6_K, J=24, fallback=false]" at line 885 of C:\Users\pperv\code\unnamed_rpg\vendor\ggml\src\ggml-cuda\template-instances\../mmq.cuh
[build]             instantiation of "void mul_mat_q_process_tile<type,J,fallback,fixup>(const char *, int, const int *, const int *, float *, float *, const float *, int, int, int, int, int, int, int) [with type=GGML_TYPE_Q6_K, J=24, fallback=false, fixup=false]" at line 1152 of C:\Users\pperv\code\unnamed_rpg\vendor\ggml\src\ggml-cuda\template-instances\../mmq.cuh
[build]             instantiation of "void mul_mat_q<type,J,fallback>(const char *, const int *, const int32_t *, const int32_t *, float *, float *, const float *, uint3, int, int, int, int, int, uint3, uint3, int, int, int, uint3, uint3, int, int, int, uint3) [with type=GGML_TYPE_Q6_K, J=24, fallback=false]" at line 1407 of C:\Users\pperv\code\unnamed_rpg\vendor\ggml\src\ggml-cuda\template-instances\../mmq.cuh
[build]             instantiation of "void launch_mul_mat_q<type,J,fallback>(ggml_backend_cuda_context &, const mmq_args &, cudaStream_t) [with type=GGML_TYPE_Q6_K, J=24, fallback=false]" at line 1510 of C:\Users\pperv\code\unnamed_rpg\vendor\ggml\src\ggml-cuda\template-instances\../mmq.cuh
[build]             instantiation of "void mul_mat_q_switch_J<type,fallback>(ggml_backend_cuda_context &, const mmq_args &, cudaStream_t) [with type=GGML_TYPE_Q6_K, fallback=false]" at line 1562 of C:\Users\pperv\code\unnamed_rpg\vendor\ggml\src\ggml-cuda\template-instances\../mmq.cuh
[build]             instantiation of "void mul_mat_q_case<type>(ggml_backend_cuda_context &, const mmq_args &, cudaStream_t) [with type=GGML_TYPE_Q6_K]" at line 5 of C:\Users\pperv\code\unnamed_rpg\vendor\ggml\src\ggml-cuda\template-instances\mmq-instance-q6_k.cu
[build] 
[build] C:\Users\pperv\code\unnamed_rpg\vendor\ggml\src\ggml-cuda\mmq-vec-dot.cuh(759): warning #177-D: variable "I" was declared but never referenced
[build]       constexpr int I             = ggml_cuda_mmq_get_I(type, J, fallback);
[build]                     ^
[build]           detected during:
[build]             instantiation of "void ggml_cuda_mmq_vec_dot_q2_K_q8_1_mma<type,J,fallback>(const int *, const int *, float *, int) [with type=GGML_TYPE_Q6_K, J=24, fallback=false]" at line 759 of C:\Users\pperv\code\unnamed_rpg\vendor\ggml\src\ggml-cuda\template-instances\../mmq.cuh
[build]             instantiation of "ggml_cuda_mmq_util_funcs ggml_cuda_mmq_get_util_funcs<type,J,fallback>() [with type=GGML_TYPE_Q6_K, J=24, fallback=false]" at line 858 of C:\Users\pperv\code\unnamed_rpg\vendor\ggml\src\ggml-cuda\template-instances\../mmq.cuh
[build]             instantiation of "ggml_cuda_mmq_load_tiles_t ggml_cuda_mmq_get_load_tiles<type,J,fallback>() [with type=GGML_TYPE_Q6_K, J=24, fallback=false]" at line 885 of C:\Users\pperv\code\unnamed_rpg\vendor\ggml\src\ggml-cuda\template-instances\../mmq.cuh
[build]             instantiation of "void mul_mat_q_process_tile<type,J,fallback,fixup>(const char *, int, const int *, const int *, float *, float *, const float *, int, int, int, int, int, int, int) [with type=GGML_TYPE_Q6_K, J=24, fallback=false, fixup=false]" at line 1152 of C:\Users\pperv\code\unnamed_rpg\vendor\ggml\src\ggml-cuda\template-instances\../mmq.cuh
[build]             instantiation of "void mul_mat_q<type,J,fallback>(const char *, const int *, const int32_t *, const int32_t *, float *, float *, const float *, uint3, int, int, int, int, int, uint3, uint3, int, int, int, uint3, uint3, int, int, int, uint3) [with type=GGML_TYPE_Q6_K, J=24, fallback=false]" at line 1407 of C:\Users\pperv\code\unnamed_rpg\vendor\ggml\src\ggml-cuda\template-instances\../mmq.cuh
[build]             instantiation of "void launch_mul_mat_q<type,J,fallback>(ggml_backend_cuda_context &, const mmq_args &, cudaStream_t) [with type=GGML_TYPE_Q6_K, J=24, fallback=false]" at line 1510 of C:\Users\pperv\code\unnamed_rpg\vendor\ggml\src\ggml-cuda\template-instances\../mmq.cuh
[build]             instantiation of "void mul_mat_q_switch_J<type,fallback>(ggml_backend_cuda_context &, const mmq_args &, cudaStream_t) [with type=GGML_TYPE_Q6_K, fallback=false]" at line 1562 of C:\Users\pperv\code\unnamed_rpg\vendor\ggml\src\ggml-cuda\template-instances\../mmq.cuh
[build]             instantiation of "void mul_mat_q_case<type>(ggml_backend_cuda_context &, const mmq_args &, cudaStream_t) [with type=GGML_TYPE_Q6_K]" at line 5 of C:\Users\pperv\code\unnamed_rpg\vendor\ggml\src\ggml-cuda\template-instances\mmq-instance-q6_k.cu
[build] 
[build] C:\Users\pperv\code\unnamed_rpg\vendor\ggml\src\ggml-cuda\mmq-vec-dot.cuh(540): warning #177-D: variable "I" was declared but never referenced
[build]       constexpr int I             = ggml_cuda_mmq_get_I(type, J, fallback);
[build]                     ^
[build]           detected during:
[build]             instantiation of "void ggml_cuda_mmq_vec_dot_q8_0_16_q8_1_mma<type,J,fallback>(const int *, const int *, float *, int) [with type=GGML_TYPE_Q6_K, J=24, fallback=false]" at line 765 of C:\Users\pperv\code\unnamed_rpg\vendor\ggml\src\ggml-cuda\template-instances\../mmq.cuh
[build]             instantiation of "ggml_cuda_mmq_util_funcs ggml_cuda_mmq_get_util_funcs<type,J,fallback>() [with type=GGML_TYPE_Q6_K, J=24, fallback=false]" at line 858 of C:\Users\pperv\code\unnamed_rpg\vendor\ggml\src\ggml-cuda\template-instances\../mmq.cuh
[build]             instantiation of "ggml_cuda_mmq_load_tiles_t ggml_cuda_mmq_get_load_tiles<type,J,fallback>() [with type=GGML_TYPE_Q6_K, J=24, fallback=false]" at line 885 of C:\Users\pperv\code\unnamed_rpg\vendor\ggml\src\ggml-cuda\template-instances\../mmq.cuh
[build]             instantiation of "void mul_mat_q_process_tile<type,J,fallback,fixup>(const char *, int, const int *, const int *, float *, float *, const float *, int, int, int, int, int, int, int) [with type=GGML_TYPE_Q6_K, J=24, fallback=false, fixup=false]" at line 1152 of C:\Users\pperv\code\unnamed_rpg\vendor\ggml\src\ggml-cuda\template-instances\../mmq.cuh
[build]             instantiation of "void mul_mat_q<type,J,fallback>(const char *, const int *, const int32_t *, const int32_t *, float *, float *, const float *, uint3, int, int, int, int, int, uint3, uint3, int, int, int, uint3, uint3, int, int, int, uint3) [with type=GGML_TYPE_Q6_K, J=24, fallback=false]" at line 1407 of C:\Users\pperv\code\unnamed_rpg\vendor\ggml\src\ggml-cuda\template-instances\../mmq.cuh
[build]             instantiation of "void launch_mul_mat_q<type,J,fallback>(ggml_backend_cuda_context &, const mmq_args &, cudaStream_t) [with type=GGML_TYPE_Q6_K, J=24, fallback=false]" at line 1510 of C:\Users\pperv\code\unnamed_rpg\vendor\ggml\src\ggml-cuda\template-instances\../mmq.cuh
[build]             instantiation of "void mul_mat_q_switch_J<type,fallback>(ggml_backend_cuda_context &, const mmq_args &, cudaStream_t) [with type=GGML_TYPE_Q6_K, fallback=false]" at line 1562 of C:\Users\pperv\code\unnamed_rpg\vendor\ggml\src\ggml-cuda\template-instances\../mmq.cuh
[build]             instantiation of "void mul_mat_q_case<type>(ggml_backend_cuda_context &, const mmq_args &, cudaStream_t) [with type=GGML_TYPE_Q6_K]" at line 5 of C:\Users\pperv\code\unnamed_rpg\vendor\ggml\src\ggml-cuda\template-instances\mmq-instance-q6_k.cu
[build] 
[build] C:\Users\pperv\code\unnamed_rpg\vendor\ggml\src\ggml-cuda\mmq-vec-dot.cuh(1078): warning #177-D: variable "I" was declared but never referenced
[build]       constexpr int I             = ggml_cuda_mmq_get_I(type, J, fallback);
[build]                     ^
[build]           detected during:
[build]             instantiation of "void ggml_cuda_mmq_vec_dot_q6_K_q8_1_mma<type,J,fallback>(const int *, const int *, float *, int) [with type=GGML_TYPE_Q6_K, J=24, fallback=false]" at line 783 of C:\Users\pperv\code\unnamed_rpg\vendor\ggml\src\ggml-cuda\template-instances\../mmq.cuh
[build]             instantiation of "ggml_cuda_mmq_util_funcs ggml_cuda_mmq_get_util_funcs<type,J,fallback>() [with type=GGML_TYPE_Q6_K, J=24, fallback=false]" at line 858 of C:\Users\pperv\code\unnamed_rpg\vendor\ggml\src\ggml-cuda\template-instances\../mmq.cuh
[build]             instantiation of "ggml_cuda_mmq_load_tiles_t ggml_cuda_mmq_get_load_tiles<type,J,fallback>() [with type=GGML_TYPE_Q6_K, J=24, fallback=false]" at line 885 of C:\Users\pperv\code\unnamed_rpg\vendor\ggml\src\ggml-cuda\template-instances\../mmq.cuh
[build]             instantiation of "void mul_mat_q_process_tile<type,J,fallback,fixup>(const char *, int, const int *, const int *, float *, float *, const float *, int, int, int, int, int, int, int) [with type=GGML_TYPE_Q6_K, J=24, fallback=false, fixup=false]" at line 1152 of C:\Users\pperv\code\unnamed_rpg\vendor\ggml\src\ggml-cuda\template-instances\../mmq.cuh
[build]             instantiation of "void mul_mat_q<type,J,fallback>(const char *, const int *, const int32_t *, const int32_t *, float *, float *, const float *, uint3, int, int, int, int, int, uint3, uint3, int, int, int, uint3, uint3, int, int, int, uint3) [with type=GGML_TYPE_Q6_K, J=24, fallback=false]" at line 1407 of C:\Users\pperv\code\unnamed_rpg\vendor\ggml\src\ggml-cuda\template-instances\../mmq.cuh
[build]             instantiation of "void launch_mul_mat_q<type,J,fallback>(ggml_backend_cuda_context &, const mmq_args &, cudaStream_t) [with type=GGML_TYPE_Q6_K, J=24, fallback=false]" at line 1510 of C:\Users\pperv\code\unnamed_rpg\vendor\ggml\src\ggml-cuda\template-instances\../mmq.cuh
[build]             instantiation of "void mul_mat_q_switch_J<type,fallback>(ggml_backend_cuda_context &, const mmq_args &, cudaStream_t) [with type=GGML_TYPE_Q6_K, fallback=false]" at line 1562 of C:\Users\pperv\code\unnamed_rpg\vendor\ggml\src\ggml-cuda\template-instances\../mmq.cuh
[build]             instantiation of "void mul_mat_q_case<type>(ggml_backend_cuda_context &, const mmq_args &, cudaStream_t) [with type=GGML_TYPE_Q6_K]" at line 5 of C:\Users\pperv\code\unnamed_rpg\vendor\ggml\src\ggml-cuda\template-instances\mmq-instance-q6_k.cu
[build] 
[build] C:\Users\pperv\code\unnamed_rpg\vendor\ggml\src\ggml-cuda\template-instances\../mmq.cuh(543): warning #177-D: variable "I" was declared but never referenced
[build]       constexpr int I = ggml_cuda_mmq_get_I(type, J, fallback);
[build]                     ^
[build]           detected during:
[build]             instantiation of "ggml_cuda_mmq_util_funcs ggml_cuda_mmq_get_util_funcs<type,J,fallback>() [with type=GGML_TYPE_Q6_K, J=24, fallback=false]" at line 858
[build]             instantiation of "ggml_cuda_mmq_load_tiles_t ggml_cuda_mmq_get_load_tiles<type,J,fallback>() [with type=GGML_TYPE_Q6_K, J=24, fallback=false]" at line 885
[build]             instantiation of "void mul_mat_q_process_tile<type,J,fallback,fixup>(const char *, int, const int *, const int *, float *, float *, const float *, int, int, int, int, int, int, int) [with type=GGML_TYPE_Q6_K, J=24, fallback=false, fixup=false]" at line 1152
[build]             instantiation of "void mul_mat_q<type,J,fallback>(const char *, const int *, const int32_t *, const int32_t *, float *, float *, const float *, uint3, int, int, int, int, int, uint3, uint3, int, int, int, uint3, uint3, int, int, int, uint3) [with type=GGML_TYPE_Q6_K, J=24, fallback=false]" at line 1407
[build]             instantiation of "void launch_mul_mat_q<type,J,fallback>(ggml_backend_cuda_context &, const mmq_args &, cudaStream_t) [with type=GGML_TYPE_Q6_K, J=24, fallback=false]" at line 1510
[build]             instantiation of "void mul_mat_q_switch_J<type,fallback>(ggml_backend_cuda_context &, const mmq_args &, cudaStream_t) [with type=GGML_TYPE_Q6_K, fallback=false]" at line 1562
[build]             instantiation of "void mul_mat_q_case<type>(ggml_backend_cuda_context &, const mmq_args &, cudaStream_t) [with type=GGML_TYPE_Q6_K]" at line 5 of C:\Users\pperv\code\unnamed_rpg\vendor\ggml\src\ggml-cuda\template-instances\mmq-instance-q6_k.cu
[build] 
[build] C:\Users\pperv\code\unnamed_rpg\vendor\ggml\src\ggml-cuda\mmq-vec-dot.cuh(207): warning #177-D: variable "I" was declared but never referenced
[build]       constexpr int I             = ggml_cuda_mmq_get_I(type, J, fallback);
[build]                     ^
[build]           detected during:
[build]             instantiation of "void ggml_cuda_mmq_vec_dot_q8_0_q8_1_mma<type,J,fallback,ds_layout>(const int *, const int *, float *, int) [with type=GGML_TYPE_Q6_K, J=24, fallback=true, ds_layout=MMQ_Q8_1_DS_LAYOUT_D4]" at line 716 of C:\Users\pperv\code\unnamed_rpg\vendor\ggml\src\ggml-cuda\template-instances\../mmq.cuh
[build]             instantiation of "ggml_cuda_mmq_util_funcs ggml_cuda_mmq_get_util_funcs<type,J,fallback>() [with type=GGML_TYPE_Q6_K, J=24, fallback=true]" at line 858 of C:\Users\pperv\code\unnamed_rpg\vendor\ggml\src\ggml-cuda\template-instances\../mmq.cuh
[build]             instantiation of "ggml_cuda_mmq_load_tiles_t ggml_cuda_mmq_get_load_tiles<type,J,fallback>() [with type=GGML_TYPE_Q6_K, J=24, fallback=true]" at line 885 of C:\Users\pperv\code\unnamed_rpg\vendor\ggml\src\ggml-cuda\template-instances\../mmq.cuh
[build]             instantiation of "void mul_mat_q_process_tile<type,J,fallback,fixup>(const char *, int, const int *, const int *, float *, float *, const float *, int, int, int, int, int, int, int) [with type=GGML_TYPE_Q6_K, J=24, fallback=true, fixup=false]" at line 1058 of C:\Users\pperv\code\unnamed_rpg\vendor\ggml\src\ggml-cuda\template-instances\../mmq.cuh
[build]             instantiation of "void mul_mat_q<type,J,fallback>(const char *, const int *, const int32_t *, const int32_t *, float *, float *, const float *, uint3, int, int, int, int, int, uint3, uint3, int, int, int, uint3, uint3, int, int, int, uint3) [with type=GGML_TYPE_Q6_K, J=24, fallback=true]" at line 1408 of C:\Users\pperv\code\unnamed_rpg\vendor\ggml\src\ggml-cuda\template-instances\../mmq.cuh
[build]             instantiation of "void launch_mul_mat_q<type,J,fallback>(ggml_backend_cuda_context &, const mmq_args &, cudaStream_t) [with type=GGML_TYPE_Q6_K, J=24, fallback=false]" at line 1510 of C:\Users\pperv\code\unnamed_rpg\vendor\ggml\src\ggml-cuda\template-instances\../mmq.cuh
[build]             instantiation of "void mul_mat_q_switch_J<type,fallback>(ggml_backend_cuda_context &, const mmq_args &, cudaStream_t) [with type=GGML_TYPE_Q6_K, fallback=false]" at line 1562 of C:\Users\pperv\code\unnamed_rpg\vendor\ggml\src\ggml-cuda\template-instances\../mmq.cuh
[build]             instantiation of "void mul_mat_q_case<type>(ggml_backend_cuda_context &, const mmq_args &, cudaStream_t) [with type=GGML_TYPE_Q6_K]" at line 5 of C:\Users\pperv\code\unnamed_rpg\vendor\ggml\src\ggml-cuda\template-instances\mmq-instance-q6_k.cu
[build] 
[build] C:\Users\pperv\code\unnamed_rpg\vendor\ggml\src\ggml-cuda\template-instances\../mmq.cuh(485): warning #177-D: variable "nwarps" was declared but never referenced
[build]       constexpr int nwarps        = ggml_cuda_mmq_get_nthreads(type, J, fallback) / warp_size;
[build]                     ^
[build]           detected during:
[build]             instantiation of "void ggml_cuda_mmq_write_back_mma<type,J,fallback>(const float *, const int *, float *, const float *, int, int, int) [with type=GGML_TYPE_Q6_K, J=24, fallback=true]" at line 716
[build]             instantiation of "ggml_cuda_mmq_util_funcs ggml_cuda_mmq_get_util_funcs<type,J,fallback>() [with type=GGML_TYPE_Q6_K, J=24, fallback=true]" at line 858
[build]             instantiation of "ggml_cuda_mmq_load_tiles_t ggml_cuda_mmq_get_load_tiles<type,J,fallback>() [with type=GGML_TYPE_Q6_K, J=24, fallback=true]" at line 885
[build]             instantiation of "void mul_mat_q_process_tile<type,J,fallback,fixup>(const char *, int, const int *, const int *, float *, float *, const float *, int, int, int, int, int, int, int) [with type=GGML_TYPE_Q6_K, J=24, fallback=true, fixup=false]" at line 1058
[build]             instantiation of "void mul_mat_q<type,J,fallback>(const char *, const int *, const int32_t *, const int32_t *, float *, float *, const float *, uint3, int, int, int, int, int, uint3, uint3, int, int, int, uint3, uint3, int, int, int, uint3) [with type=GGML_TYPE_Q6_K, J=24, fallback=true]" at line 1408
[build]             instantiation of "void launch_mul_mat_q<type,J,fallback>(ggml_backend_cuda_context &, const mmq_args &, cudaStream_t) [with type=GGML_TYPE_Q6_K, J=24, fallback=false]" at line 1510
[build]             instantiation of "void mul_mat_q_switch_J<type,fallback>(ggml_backend_cuda_context &, const mmq_args &, cudaStream_t) [with type=GGML_TYPE_Q6_K, fallback=false]" at line 1562
[build]             instantiation of "void mul_mat_q_case<type>(ggml_backend_cuda_context &, const mmq_args &, cudaStream_t) [with type=GGML_TYPE_Q6_K]" at line 5 of C:\Users\pperv\code\unnamed_rpg\vendor\ggml\src\ggml-cuda\template-instances\mmq-instance-q6_k.cu
[build] 
[build] C:\Users\pperv\code\unnamed_rpg\vendor\ggml\src\ggml-cuda\template-instances\../mmq.cuh(486): warning #177-D: variable "I" was declared but never referenced
[build]       constexpr int I             = ggml_cuda_mmq_get_I(type, J, fallback);
[build]                     ^
[build]           detected during:
[build]             instantiation of "void ggml_cuda_mmq_write_back_mma<type,J,fallback>(const float *, const int *, float *, const float *, int, int, int) [with type=GGML_TYPE_Q6_K, J=24, fallback=true]" at line 716
[build]             instantiation of "ggml_cuda_mmq_util_funcs ggml_cuda_mmq_get_util_funcs<type,J,fallback>() [with type=GGML_TYPE_Q6_K, J=24, fallback=true]" at line 858
[build]             instantiation of "ggml_cuda_mmq_load_tiles_t ggml_cuda_mmq_get_load_tiles<type,J,fallback>() [with type=GGML_TYPE_Q6_K, J=24, fallback=true]" at line 885
[build]             instantiation of "void mul_mat_q_process_tile<type,J,fallback,fixup>(const char *, int, const int *, const int *, float *, float *, const float *, int, int, int, int, int, int, int) [with type=GGML_TYPE_Q6_K, J=24, fallback=true, fixup=false]" at line 1058
[build]             instantiation of "void mul_mat_q<type,J,fallback>(const char *, const int *, const int32_t *, const int32_t *, float *, float *, const float *, uint3, int, int, int, int, int, uint3, uint3, int, int, int, uint3, uint3, int, int, int, uint3) [with type=GGML_TYPE_Q6_K, J=24, fallback=true]" at line 1408
[build]             instantiation of "void launch_mul_mat_q<type,J,fallback>(ggml_backend_cuda_context &, const mmq_args &, cudaStream_t) [with type=GGML_TYPE_Q6_K, J=24, fallback=false]" at line 1510
[build]             instantiation of "void mul_mat_q_switch_J<type,fallback>(ggml_backend_cuda_context &, const mmq_args &, cudaStream_t) [with type=GGML_TYPE_Q6_K, fallback=false]" at line 1562
[build]             instantiation of "void mul_mat_q_case<type>(ggml_backend_cuda_context &, const mmq_args &, cudaStream_t) [with type=GGML_TYPE_Q6_K]" at line 5 of C:\Users\pperv\code\unnamed_rpg\vendor\ggml\src\ggml-cuda\template-instances\mmq-instance-q6_k.cu
[build] 
[build] C:\Users\pperv\code\unnamed_rpg\vendor\ggml\src\ggml-cuda\mmq-vec-dot.cuh(207): warning #177-D: variable "I" was declared but never referenced
[build]       constexpr int I             = ggml_cuda_mmq_get_I(type, J, fallback);
[build]                     ^
[build]           detected during:
[build]             instantiation of "void ggml_cuda_mmq_vec_dot_q8_0_q8_1_mma<type,J,fallback,ds_layout>(const int *, const int *, float *, int) [with type=GGML_TYPE_Q6_K, J=24, fallback=true, ds_layout=MMQ_Q8_1_DS_LAYOUT_DS4]" at line 728 of C:\Users\pperv\code\unnamed_rpg\vendor\ggml\src\ggml-cuda\template-instances\../mmq.cuh
[build]             instantiation of "ggml_cuda_mmq_util_funcs ggml_cuda_mmq_get_util_funcs<type,J,fallback>() [with type=GGML_TYPE_Q6_K, J=24, fallback=true]" at line 858 of C:\Users\pperv\code\unnamed_rpg\vendor\ggml\src\ggml-cuda\template-instances\../mmq.cuh
[build]             instantiation of "ggml_cuda_mmq_load_tiles_t ggml_cuda_mmq_get_load_tiles<type,J,fallback>() [with type=GGML_TYPE_Q6_K, J=24, fallback=true]" at line 885 of C:\Users\pperv\code\unnamed_rpg\vendor\ggml\src\ggml-cuda\template-instances\../mmq.cuh
[build]             instantiation of "void mul_mat_q_process_tile<type,J,fallback,fixup>(const char *, int, const int *, const int *, float *, float *, const float *, int, int, int, int, int, int, int) [with type=GGML_TYPE_Q6_K, J=24, fallback=true, fixup=false]" at line 1058 of C:\Users\pperv\code\unnamed_rpg\vendor\ggml\src\ggml-cuda\template-instances\../mmq.cuh
[build]             instantiation of "void mul_mat_q<type,J,fallback>(const char *, const int *, const int32_t *, const int32_t *, float *, float *, const float *, uint3, int, int, int, int, int, uint3, uint3, int, int, int, uint3, uint3, int, int, int, uint3) [with type=GGML_TYPE_Q6_K, J=24, fallback=true]" at line 1408 of C:\Users\pperv\code\unnamed_rpg\vendor\ggml\src\ggml-cuda\template-instances\../mmq.cuh
[build]             instantiation of "void launch_mul_mat_q<type,J,fallback>(ggml_backend_cuda_context &, const mmq_args &, cudaStream_t) [with type=GGML_TYPE_Q6_K, J=24, fallback=false]" at line 1510 of C:\Users\pperv\code\unnamed_rpg\vendor\ggml\src\ggml-cuda\template-instances\../mmq.cuh
[build]             instantiation of "void mul_mat_q_switch_J<type,fallback>(ggml_backend_cuda_context &, const mmq_args &, cudaStream_t) [with type=GGML_TYPE_Q6_K, fallback=false]" at line 1562 of C:\Users\pperv\code\unnamed_rpg\vendor\ggml\src\ggml-cuda\template-instances\../mmq.cuh
[build]             instantiation of "void mul_mat_q_case<type>(ggml_backend_cuda_context &, const mmq_args &, cudaStream_t) [with type=GGML_TYPE_Q6_K]" at line 5 of C:\Users\pperv\code\unnamed_rpg\vendor\ggml\src\ggml-cuda\template-instances\mmq-instance-q6_k.cu
[build] 
[build] C:\Users\pperv\code\unnamed_rpg\vendor\ggml\src\ggml-cuda\mmq-vec-dot.cuh(374): warning #177-D: variable "I" was declared but never referenced
[build]       constexpr int I             = ggml_cuda_mmq_get_I(type, J, fallback);
[build]                     ^
[build]           detected during:
[build]             instantiation of "void ggml_cuda_mmq_vec_dot_q8_1_q8_1_mma<type,J,fallback>(const int *, const int *, float *, int) [with type=GGML_TYPE_Q6_K, J=24, fallback=true]" at line 734 of C:\Users\pperv\code\unnamed_rpg\vendor\ggml\src\ggml-cuda\template-instances\../mmq.cuh
[build]             instantiation of "ggml_cuda_mmq_util_funcs ggml_cuda_mmq_get_util_funcs<type,J,fallback>() [with type=GGML_TYPE_Q6_K, J=24, fallback=true]" at line 858 of C:\Users\pperv\code\unnamed_rpg\vendor\ggml\src\ggml-cuda\template-instances\../mmq.cuh
[build]             instantiation of "ggml_cuda_mmq_load_tiles_t ggml_cuda_mmq_get_load_tiles<type,J,fallback>() [with type=GGML_TYPE_Q6_K, J=24, fallback=true]" at line 885 of C:\Users\pperv\code\unnamed_rpg\vendor\ggml\src\ggml-cuda\template-instances\../mmq.cuh
[build]             instantiation of "void mul_mat_q_process_tile<type,J,fallback,fixup>(const char *, int, const int *, const int *, float *, float *, const float *, int, int, int, int, int, int, int) [with type=GGML_TYPE_Q6_K, J=24, fallback=true, fixup=false]" at line 1058 of C:\Users\pperv\code\unnamed_rpg\vendor\ggml\src\ggml-cuda\template-instances\../mmq.cuh
[build]             instantiation of "void mul_mat_q<type,J,fallback>(const char *, const int *, const int32_t *, const int32_t *, float *, float *, const float *, uint3, int, int, int, int, int, uint3, uint3, int, int, int, uint3, uint3, int, int, int, uint3) [with type=GGML_TYPE_Q6_K, J=24, fallback=true]" at line 1408 of C:\Users\pperv\code\unnamed_rpg\vendor\ggml\src\ggml-cuda\template-instances\../mmq.cuh
[build]             instantiation of "void launch_mul_mat_q<type,J,fallback>(ggml_backend_cuda_context &, const mmq_args &, cudaStream_t) [with type=GGML_TYPE_Q6_K, J=24, fallback=false]" at line 1510 of C:\Users\pperv\code\unnamed_rpg\vendor\ggml\src\ggml-cuda\template-instances\../mmq.cuh
[build]             instantiation of "void mul_mat_q_switch_J<type,fallback>(ggml_backend_cuda_context &, const mmq_args &, cudaStream_t) [with type=GGML_TYPE_Q6_K, fallback=false]" at line 1562 of C:\Users\pperv\code\unnamed_rpg\vendor\ggml\src\ggml-cuda\template-instances\../mmq.cuh
[build]             instantiation of "void mul_mat_q_case<type>(ggml_backend_cuda_context &, const mmq_args &, cudaStream_t) [with type=GGML_TYPE_Q6_K]" at line 5 of C:\Users\pperv\code\unnamed_rpg\vendor\ggml\src\ggml-cuda\template-instances\mmq-instance-q6_k.cu
[build] 
[build] C:\Users\pperv\code\unnamed_rpg\vendor\ggml\src\ggml-cuda\mmq-vec-dot.cuh(759): warning #177-D: variable "I" was declared but never referenced
[build]       constexpr int I             = ggml_cuda_mmq_get_I(type, J, fallback);
[build]                     ^
[build]           detected during:
[build]             instantiation of "void ggml_cuda_mmq_vec_dot_q2_K_q8_1_mma<type,J,fallback>(const int *, const int *, float *, int) [with type=GGML_TYPE_Q6_K, J=24, fallback=true]" at line 759 of C:\Users\pperv\code\unnamed_rpg\vendor\ggml\src\ggml-cuda\template-instances\../mmq.cuh
[build]             instantiation of "ggml_cuda_mmq_util_funcs ggml_cuda_mmq_get_util_funcs<type,J,fallback>() [with type=GGML_TYPE_Q6_K, J=24, fallback=true]" at line 858 of C:\Users\pperv\code\unnamed_rpg\vendor\ggml\src\ggml-cuda\template-instances\../mmq.cuh
[build]             instantiation of "ggml_cuda_mmq_load_tiles_t ggml_cuda_mmq_get_load_tiles<type,J,fallback>() [with type=GGML_TYPE_Q6_K, J=24, fallback=true]" at line 885 of C:\Users\pperv\code\unnamed_rpg\vendor\ggml\src\ggml-cuda\template-instances\../mmq.cuh
[build]             instantiation of "void mul_mat_q_process_tile<type,J,fallback,fixup>(const char *, int, const int *, const int *, float *, float *, const float *, int, int, int, int, int, int, int) [with type=GGML_TYPE_Q6_K, J=24, fallback=true, fixup=false]" at line 1058 of C:\Users\pperv\code\unnamed_rpg\vendor\ggml\src\ggml-cuda\template-instances\../mmq.cuh
[build]             instantiation of "void mul_mat_q<type,J,fallback>(const char *, const int *, const int32_t *, const int32_t *, float *, float *, const float *, uint3, int, int, int, int, int, uint3, uint3, int, int, int, uint3, uint3, int, int, int, uint3) [with type=GGML_TYPE_Q6_K, J=24, fallback=true]" at line 1408 of C:\Users\pperv\code\unnamed_rpg\vendor\ggml\src\ggml-cuda\template-instances\../mmq.cuh
[build]             instantiation of "void launch_mul_mat_q<type,J,fallback>(ggml_backend_cuda_context &, const mmq_args &, cudaStream_t) [with type=GGML_TYPE_Q6_K, J=24, fallback=false]" at line 1510 of C:\Users\pperv\code\unnamed_rpg\vendor\ggml\src\ggml-cuda\template-instances\../mmq.cuh
[build]             instantiation of "void mul_mat_q_switch_J<type,fallback>(ggml_backend_cuda_context &, const mmq_args &, cudaStream_t) [with type=GGML_TYPE_Q6_K, fallback=false]" at line 1562 of C:\Users\pperv\code\unnamed_rpg\vendor\ggml\src\ggml-cuda\template-instances\../mmq.cuh
[build]             instantiation of "void mul_mat_q_case<type>(ggml_backend_cuda_context &, const mmq_args &, cudaStream_t) [with type=GGML_TYPE_Q6_K]" at line 5 of C:\Users\pperv\code\unnamed_rpg\vendor\ggml\src\ggml-cuda\template-instances\mmq-instance-q6_k.cu
[build] 
[build] C:\Users\pperv\code\unnamed_rpg\vendor\ggml\src\ggml-cuda\mmq-vec-dot.cuh(540): warning #177-D: variable "I" was declared but never referenced
[build]       constexpr int I             = ggml_cuda_mmq_get_I(type, J, fallback);
[build]                     ^
[build]           detected during:
[build]             instantiation of "void ggml_cuda_mmq_vec_dot_q8_0_16_q8_1_mma<type,J,fallback>(const int *, const int *, float *, int) [with type=GGML_TYPE_Q6_K, J=24, fallback=true]" at line 765 of C:\Users\pperv\code\unnamed_rpg\vendor\ggml\src\ggml-cuda\template-instances\../mmq.cuh
[build]             instantiation of "ggml_cuda_mmq_util_funcs ggml_cuda_mmq_get_util_funcs<type,J,fallback>() [with type=GGML_TYPE_Q6_K, J=24, fallback=true]" at line 858 of C:\Users\pperv\code\unnamed_rpg\vendor\ggml\src\ggml-cuda\template-instances\../mmq.cuh
[build]             instantiation of "ggml_cuda_mmq_load_tiles_t ggml_cuda_mmq_get_load_tiles<type,J,fallback>() [with type=GGML_TYPE_Q6_K, J=24, fallback=true]" at line 885 of C:\Users\pperv\code\unnamed_rpg\vendor\ggml\src\ggml-cuda\template-instances\../mmq.cuh
[build]             instantiation of "void mul_mat_q_process_tile<type,J,fallback,fixup>(const char *, int, const int *, const int *, float *, float *, const float *, int, int, int, int, int, int, int) [with type=GGML_TYPE_Q6_K, J=24, fallback=true, fixup=false]" at line 1058 of C:\Users\pperv\code\unnamed_rpg\vendor\ggml\src\ggml-cuda\template-instances\../mmq.cuh
[build]             instantiation of "void mul_mat_q<type,J,fallback>(const char *, const int *, const int32_t *, const int32_t *, float *, float *, const float *, uint3, int, int, int, int, int, uint3, uint3, int, int, int, uint3, uint3, int, int, int, uint3) [with type=GGML_TYPE_Q6_K, J=24, fallback=true]" at line 1408 of C:\Users\pperv\code\unnamed_rpg\vendor\ggml\src\ggml-cuda\template-instances\../mmq.cuh
[build]             instantiation of "void launch_mul_mat_q<type,J,fallback>(ggml_backend_cuda_context &, const mmq_args &, cudaStream_t) [with type=GGML_TYPE_Q6_K, J=24, fallback=false]" at line 1510 of C:\Users\pperv\code\unnamed_rpg\vendor\ggml\src\ggml-cuda\template-instances\../mmq.cuh
[build]             instantiation of "void mul_mat_q_switch_J<type,fallback>(ggml_backend_cuda_context &, const mmq_args &, cudaStream_t) [with type=GGML_TYPE_Q6_K, fallback=false]" at line 1562 of C:\Users\pperv\code\unnamed_rpg\vendor\ggml\src\ggml-cuda\template-instances\../mmq.cuh
[build]             instantiation of "void mul_mat_q_case<type>(ggml_backend_cuda_context &, const mmq_args &, cudaStream_t) [with type=GGML_TYPE_Q6_K]" at line 5 of C:\Users\pperv\code\unnamed_rpg\vendor\ggml\src\ggml-cuda\template-instances\mmq-instance-q6_k.cu
[build] 
[build] C:\Users\pperv\code\unnamed_rpg\vendor\ggml\src\ggml-cuda\mmq-vec-dot.cuh(1078): warning #177-D: variable "I" was declared but never referenced
[build]       constexpr int I             = ggml_cuda_mmq_get_I(type, J, fallback);
[build]                     ^
[build]           detected during:
[build]             instantiation of "void ggml_cuda_mmq_vec_dot_q6_K_q8_1_mma<type,J,fallback>(const int *, const int *, float *, int) [with type=GGML_TYPE_Q6_K, J=24, fallback=true]" at line 783 of C:\Users\pperv\code\unnamed_rpg\vendor\ggml\src\ggml-cuda\template-instances\../mmq.cuh
[build]             instantiation of "ggml_cuda_mmq_util_funcs ggml_cuda_mmq_get_util_funcs<type,J,fallback>() [with type=GGML_TYPE_Q6_K, J=24, fallback=true]" at line 858 of C:\Users\pperv\code\unnamed_rpg\vendor\ggml\src\ggml-cuda\template-instances\../mmq.cuh
[build]             instantiation of "ggml_cuda_mmq_load_tiles_t ggml_cuda_mmq_get_load_tiles<type,J,fallback>() [with type=GGML_TYPE_Q6_K, J=24, fallback=true]" at line 885 of C:\Users\pperv\code\unnamed_rpg\vendor\ggml\src\ggml-cuda\template-instances\../mmq.cuh
[build]             instantiation of "void mul_mat_q_process_tile<type,J,fallback,fixup>(const char *, int, const int *, const int *, float *, float *, const float *, int, int, int, int, int, int, int) [with type=GGML_TYPE_Q6_K, J=24, fallback=true, fixup=false]" at line 1058 of C:\Users\pperv\code\unnamed_rpg\vendor\ggml\src\ggml-cuda\template-instances\../mmq.cuh
[build]             instantiation of "void mul_mat_q<type,J,fallback>(const char *, const int *, const int32_t *, const int32_t *, float *, float *, const float *, uint3, int, int, int, int, int, uint3, uint3, int, int, int, uint3, uint3, int, int, int, uint3) [with type=GGML_TYPE_Q6_K, J=24, fallback=true]" at line 1408 of C:\Users\pperv\code\unnamed_rpg\vendor\ggml\src\ggml-cuda\template-instances\../mmq.cuh
[build]             instantiation of "void launch_mul_mat_q<type,J,fallback>(ggml_backend_cuda_context &, const mmq_args &, cudaStream_t) [with type=GGML_TYPE_Q6_K, J=24, fallback=false]" at line 1510 of C:\Users\pperv\code\unnamed_rpg\vendor\ggml\src\ggml-cuda\template-instances\../mmq.cuh
[build]             instantiation of "void mul_mat_q_switch_J<type,fallback>(ggml_backend_cuda_context &, const mmq_args &, cudaStream_t) [with type=GGML_TYPE_Q6_K, fallback=false]" at line 1562 of C:\Users\pperv\code\unnamed_rpg\vendor\ggml\src\ggml-cuda\template-instances\../mmq.cuh
[build]             instantiation of "void mul_mat_q_case<type>(ggml_backend_cuda_context &, const mmq_args &, cudaStream_t) [with type=GGML_TYPE_Q6_K]" at line 5 of C:\Users\pperv\code\unnamed_rpg\vendor\ggml\src\ggml-cuda\template-instances\mmq-instance-q6_k.cu
[build] 
[build] C:\Users\pperv\code\unnamed_rpg\vendor\ggml\src\ggml-cuda\template-instances\../mmq.cuh(543): warning #177-D: variable "I" was declared but never referenced
[build]       constexpr int I = ggml_cuda_mmq_get_I(type, J, fallback);
[build]                     ^
[build]           detected during:
[build]             instantiation of "ggml_cuda_mmq_util_funcs ggml_cuda_mmq_get_util_funcs<type,J,fallback>() [with type=GGML_TYPE_Q6_K, J=24, fallback=true]" at line 858
[build]             instantiation of "ggml_cuda_mmq_load_tiles_t ggml_cuda_mmq_get_load_tiles<type,J,fallback>() [with type=GGML_TYPE_Q6_K, J=24, fallback=true]" at line 885
[build]             instantiation of "void mul_mat_q_process_tile<type,J,fallback,fixup>(const char *, int, const int *, const int *, float *, float *, const float *, int, int, int, int, int, int, int) [with type=GGML_TYPE_Q6_K, J=24, fallback=true, fixup=false]" at line 1058
[build]             instantiation of "void mul_mat_q<type,J,fallback>(const char *, const int *, const int32_t *, const int32_t *, float *, float *, const float *, uint3, int, int, int, int, int, uint3, uint3, int, int, int, uint3, uint3, int, int, int, uint3) [with type=GGML_TYPE_Q6_K, J=24, fallback=true]" at line 1408
[build]             instantiation of "void launch_mul_mat_q<type,J,fallback>(ggml_backend_cuda_context &, const mmq_args &, cudaStream_t) [with type=GGML_TYPE_Q6_K, J=24, fallback=false]" at line 1510
[build]             instantiation of "void mul_mat_q_switch_J<type,fallback>(ggml_backend_cuda_context &, const mmq_args &, cudaStream_t) [with type=GGML_TYPE_Q6_K, fallback=false]" at line 1562
[build]             instantiation of "void mul_mat_q_case<type>(ggml_backend_cuda_context &, const mmq_args &, cudaStream_t) [with type=GGML_TYPE_Q6_K]" at line 5 of C:\Users\pperv\code\unnamed_rpg\vendor\ggml\src\ggml-cuda\template-instances\mmq-instance-q6_k.cu
[build] 
[build] C:\Users\pperv\code\unnamed_rpg\vendor\ggml\src\ggml-cuda\mmq-vec-dot.cuh(207): warning #177-D: variable "I" was declared but never referenced
[build]       constexpr int I             = ggml_cuda_mmq_get_I(type, J, fallback);
[build]                     ^
[build]           detected during:
[build]             instantiation of "void ggml_cuda_mmq_vec_dot_q8_0_q8_1_mma<type,J,fallback,ds_layout>(const int *, const int *, float *, int) [with type=GGML_TYPE_Q6_K, J=32, fallback=false, ds_layout=MMQ_Q8_1_DS_LAYOUT_D4]" at line 716 of C:\Users\pperv\code\unnamed_rpg\vendor\ggml\src\ggml-cuda\template-instances\../mmq.cuh
[build]             instantiation of "ggml_cuda_mmq_util_funcs ggml_cuda_mmq_get_util_funcs<type,J,fallback>() [with type=GGML_TYPE_Q6_K, J=32, fallback=false]" at line 858 of C:\Users\pperv\code\unnamed_rpg\vendor\ggml\src\ggml-cuda\template-instances\../mmq.cuh
[build]             instantiation of "ggml_cuda_mmq_load_tiles_t ggml_cuda_mmq_get_load_tiles<type,J,fallback>() [with type=GGML_TYPE_Q6_K, J=32, fallback=false]" at line 885 of C:\Users\pperv\code\unnamed_rpg\vendor\ggml\src\ggml-cuda\template-instances\../mmq.cuh
[build]             instantiation of "void mul_mat_q_process_tile<type,J,fallback,fixup>(const char *, int, const int *, const int *, float *, float *, const float *, int, int, int, int, int, int, int) [with type=GGML_TYPE_Q6_K, J=32, fallback=false, fixup=false]" at line 1152 of C:\Users\pperv\code\unnamed_rpg\vendor\ggml\src\ggml-cuda\template-instances\../mmq.cuh
[build]             instantiation of "void mul_mat_q<type,J,fallback>(const char *, const int *, const int32_t *, const int32_t *, float *, float *, const float *, uint3, int, int, int, int, int, uint3, uint3, int, int, int, uint3, uint3, int, int, int, uint3) [with type=GGML_TYPE_Q6_K, J=32, fallback=false]" at line 1407 of C:\Users\pperv\code\unnamed_rpg\vendor\ggml\src\ggml-cuda\template-instances\../mmq.cuh
[build]             instantiation of "void launch_mul_mat_q<type,J,fallback>(ggml_backend_cuda_context &, const mmq_args &, cudaStream_t) [with type=GGML_TYPE_Q6_K, J=32, fallback=false]" at line 1513 of C:\Users\pperv\code\unnamed_rpg\vendor\ggml\src\ggml-cuda\template-instances\../mmq.cuh
[build]             instantiation of "void mul_mat_q_switch_J<type,fallback>(ggml_backend_cuda_context &, const mmq_args &, cudaStream_t) [with type=GGML_TYPE_Q6_K, fallback=false]" at line 1562 of C:\Users\pperv\code\unnamed_rpg\vendor\ggml\src\ggml-cuda\template-instances\../mmq.cuh
[build]             instantiation of "void mul_mat_q_case<type>(ggml_backend_cuda_context &, const mmq_args &, cudaStream_t) [with type=GGML_TYPE_Q6_K]" at line 5 of C:\Users\pperv\code\unnamed_rpg\vendor\ggml\src\ggml-cuda\template-instances\mmq-instance-q6_k.cu
[build] 
[build] C:\Users\pperv\code\unnamed_rpg\vendor\ggml\src\ggml-cuda\template-instances\../mmq.cuh(485): warning #177-D: variable "nwarps" was declared but never referenced
[build]       constexpr int nwarps        = ggml_cuda_mmq_get_nthreads(type, J, fallback) / warp_size;
[build]                     ^
[build]           detected during:
[build]             instantiation of "void ggml_cuda_mmq_write_back_mma<type,J,fallback>(const float *, const int *, float *, const float *, int, int, int) [with type=GGML_TYPE_Q6_K, J=32, fallback=false]" at line 716
[build]             instantiation of "ggml_cuda_mmq_util_funcs ggml_cuda_mmq_get_util_funcs<type,J,fallback>() [with type=GGML_TYPE_Q6_K, J=32, fallback=false]" at line 858
[build]             instantiation of "ggml_cuda_mmq_load_tiles_t ggml_cuda_mmq_get_load_tiles<type,J,fallback>() [with type=GGML_TYPE_Q6_K, J=32, fallback=false]" at line 885
[build]             instantiation of "void mul_mat_q_process_tile<type,J,fallback,fixup>(const char *, int, const int *, const int *, float *, float *, const float *, int, int, int, int, int, int, int) [with type=GGML_TYPE_Q6_K, J=32, fallback=false, fixup=false]" at line 1152
[build]             instantiation of "void mul_mat_q<type,J,fallback>(const char *, const int *, const int32_t *, const int32_t *, float *, float *, const float *, uint3, int, int, int, int, int, uint3, uint3, int, int, int, uint3, uint3, int, int, int, uint3) [with type=GGML_TYPE_Q6_K, J=32, fallback=false]" at line 1407
[build]             instantiation of "void launch_mul_mat_q<type,J,fallback>(ggml_backend_cuda_context &, const mmq_args &, cudaStream_t) [with type=GGML_TYPE_Q6_K, J=32, fallback=false]" at line 1513
[build]             instantiation of "void mul_mat_q_switch_J<type,fallback>(ggml_backend_cuda_context &, const mmq_args &, cudaStream_t) [with type=GGML_TYPE_Q6_K, fallback=false]" at line 1562
[build]             instantiation of "void mul_mat_q_case<type>(ggml_backend_cuda_context &, const mmq_args &, cudaStream_t) [with type=GGML_TYPE_Q6_K]" at line 5 of C:\Users\pperv\code\unnamed_rpg\vendor\ggml\src\ggml-cuda\template-instances\mmq-instance-q6_k.cu
[build] 
[build] C:\Users\pperv\code\unnamed_rpg\vendor\ggml\src\ggml-cuda\template-instances\../mmq.cuh(486): warning #177-D: variable "I" was declared but never referenced
[build]       constexpr int I             = ggml_cuda_mmq_get_I(type, J, fallback);
[build]                     ^
[build]           detected during:
[build]             instantiation of "void ggml_cuda_mmq_write_back_mma<type,J,fallback>(const float *, const int *, float *, const float *, int, int, int) [with type=GGML_TYPE_Q6_K, J=32, fallback=false]" at line 716
[build]             instantiation of "ggml_cuda_mmq_util_funcs ggml_cuda_mmq_get_util_funcs<type,J,fallback>() [with type=GGML_TYPE_Q6_K, J=32, fallback=false]" at line 858
[build]             instantiation of "ggml_cuda_mmq_load_tiles_t ggml_cuda_mmq_get_load_tiles<type,J,fallback>() [with type=GGML_TYPE_Q6_K, J=32, fallback=false]" at line 885
[build]             instantiation of "void mul_mat_q_process_tile<type,J,fallback,fixup>(const char *, int, const int *, const int *, float *, float *, const float *, int, int, int, int, int, int, int) [with type=GGML_TYPE_Q6_K, J=32, fallback=false, fixup=false]" at line 1152
[build]             instantiation of "void mul_mat_q<type,J,fallback>(const char *, const int *, const int32_t *, const int32_t *, float *, float *, const float *, uint3, int, int, int, int, int, uint3, uint3, int, int, int, uint3, uint3, int, int, int, uint3) [with type=GGML_TYPE_Q6_K, J=32, fallback=false]" at line 1407
[build]             instantiation of "void launch_mul_mat_q<type,J,fallback>(ggml_backend_cuda_context &, const mmq_args &, cudaStream_t) [with type=GGML_TYPE_Q6_K, J=32, fallback=false]" at line 1513
[build]             instantiation of "void mul_mat_q_switch_J<type,fallback>(ggml_backend_cuda_context &, const mmq_args &, cudaStream_t) [with type=GGML_TYPE_Q6_K, fallback=false]" at line 1562
[build]             instantiation of "void mul_mat_q_case<type>(ggml_backend_cuda_context &, const mmq_args &, cudaStream_t) [with type=GGML_TYPE_Q6_K]" at line 5 of C:\Users\pperv\code\unnamed_rpg\vendor\ggml\src\ggml-cuda\template-instances\mmq-instance-q6_k.cu
[build] 
[build] C:\Users\pperv\code\unnamed_rpg\vendor\ggml\src\ggml-cuda\mmq-vec-dot.cuh(207): warning #177-D: variable "I" was declared but never referenced
[build]       constexpr int I             = ggml_cuda_mmq_get_I(type, J, fallback);
[build]                     ^
[build]           detected during:
[build]             instantiation of "void ggml_cuda_mmq_vec_dot_q8_0_q8_1_mma<type,J,fallback,ds_layout>(const int *, const int *, float *, int) [with type=GGML_TYPE_Q6_K, J=32, fallback=false, ds_layout=MMQ_Q8_1_DS_LAYOUT_DS4]" at line 728 of C:\Users\pperv\code\unnamed_rpg\vendor\ggml\src\ggml-cuda\template-instances\../mmq.cuh
[build]             instantiation of "ggml_cuda_mmq_util_funcs ggml_cuda_mmq_get_util_funcs<type,J,fallback>() [with type=GGML_TYPE_Q6_K, J=32, fallback=false]" at line 858 of C:\Users\pperv\code\unnamed_rpg\vendor\ggml\src\ggml-cuda\template-instances\../mmq.cuh
[build]             instantiation of "ggml_cuda_mmq_load_tiles_t ggml_cuda_mmq_get_load_tiles<type,J,fallback>() [with type=GGML_TYPE_Q6_K, J=32, fallback=false]" at line 885 of C:\Users\pperv\code\unnamed_rpg\vendor\ggml\src\ggml-cuda\template-instances\../mmq.cuh
[build]             instantiation of "void mul_mat_q_process_tile<type,J,fallback,fixup>(const char *, int, const int *, const int *, float *, float *, const float *, int, int, int, int, int, int, int) [with type=GGML_TYPE_Q6_K, J=32, fallback=false, fixup=false]" at line 1152 of C:\Users\pperv\code\unnamed_rpg\vendor\ggml\src\ggml-cuda\template-instances\../mmq.cuh
[build]             instantiation of "void mul_mat_q<type,J,fallback>(const char *, const int *, const int32_t *, const int32_t *, float *, float *, const float *, uint3, int, int, int, int, int, uint3, uint3, int, int, int, uint3, uint3, int, int, int, uint3) [with type=GGML_TYPE_Q6_K, J=32, fallback=false]" at line 1407 of C:\Users\pperv\code\unnamed_rpg\vendor\ggml\src\ggml-cuda\template-instances\../mmq.cuh
[build]             instantiation of "void launch_mul_mat_q<type,J,fallback>(ggml_backend_cuda_context &, const mmq_args &, cudaStream_t) [with type=GGML_TYPE_Q6_K, J=32, fallback=false]" at line 1513 of C:\Users\pperv\code\unnamed_rpg\vendor\ggml\src\ggml-cuda\template-instances\../mmq.cuh
[build]             instantiation of "void mul_mat_q_switch_J<type,fallback>(ggml_backend_cuda_context &, const mmq_args &, cudaStream_t) [with type=GGML_TYPE_Q6_K, fallback=false]" at line 1562 of C:\Users\pperv\code\unnamed_rpg\vendor\ggml\src\ggml-cuda\template-instances\../mmq.cuh
[build]             instantiation of "void mul_mat_q_case<type>(ggml_backend_cuda_context &, const mmq_args &, cudaStream_t) [with type=GGML_TYPE_Q6_K]" at line 5 of C:\Users\pperv\code\unnamed_rpg\vendor\ggml\src\ggml-cuda\template-instances\mmq-instance-q6_k.cu
[build] 
[build] C:\Users\pperv\code\unnamed_rpg\vendor\ggml\src\ggml-cuda\mmq-vec-dot.cuh(374): warning #177-D: variable "I" was declared but never referenced
[build]       constexpr int I             = ggml_cuda_mmq_get_I(type, J, fallback);
[build]                     ^
[build]           detected during:
[build]             instantiation of "void ggml_cuda_mmq_vec_dot_q8_1_q8_1_mma<type,J,fallback>(const int *, const int *, float *, int) [with type=GGML_TYPE_Q6_K, J=32, fallback=false]" at line 734 of C:\Users\pperv\code\unnamed_rpg\vendor\ggml\src\ggml-cuda\template-instances\../mmq.cuh
[build]             instantiation of "ggml_cuda_mmq_util_funcs ggml_cuda_mmq_get_util_funcs<type,J,fallback>() [with type=GGML_TYPE_Q6_K, J=32, fallback=false]" at line 858 of C:\Users\pperv\code\unnamed_rpg\vendor\ggml\src\ggml-cuda\template-instances\../mmq.cuh
[build]             instantiation of "ggml_cuda_mmq_load_tiles_t ggml_cuda_mmq_get_load_tiles<type,J,fallback>() [with type=GGML_TYPE_Q6_K, J=32, fallback=false]" at line 885 of C:\Users\pperv\code\unnamed_rpg\vendor\ggml\src\ggml-cuda\template-instances\../mmq.cuh
[build]             instantiation of "void mul_mat_q_process_tile<type,J,fallback,fixup>(const char *, int, const int *, const int *, float *, float *, const float *, int, int, int, int, int, int, int) [with type=GGML_TYPE_Q6_K, J=32, fallback=false, fixup=false]" at line 1152 of C:\Users\pperv\code\unnamed_rpg\vendor\ggml\src\ggml-cuda\template-instances\../mmq.cuh
[build]             instantiation of "void mul_mat_q<type,J,fallback>(const char *, const int *, const int32_t *, const int32_t *, float *, float *, const float *, uint3, int, int, int, int, int, uint3, uint3, int, int, int, uint3, uint3, int, int, int, uint3) [with type=GGML_TYPE_Q6_K, J=32, fallback=false]" at line 1407 of C:\Users\pperv\code\unnamed_rpg\vendor\ggml\src\ggml-cuda\template-instances\../mmq.cuh
[build]             instantiation of "void launch_mul_mat_q<type,J,fallback>(ggml_backend_cuda_context &, const mmq_args &, cudaStream_t) [with type=GGML_TYPE_Q6_K, J=32, fallback=false]" at line 1513 of C:\Users\pperv\code\unnamed_rpg\vendor\ggml\src\ggml-cuda\template-instances\../mmq.cuh
[build]             instantiation of "void mul_mat_q_switch_J<type,fallback>(ggml_backend_cuda_context &, const mmq_args &, cudaStream_t) [with type=GGML_TYPE_Q6_K, fallback=false]" at line 1562 of C:\Users\pperv\code\unnamed_rpg\vendor\ggml\src\ggml-cuda\template-instances\../mmq.cuh
[build]             instantiation of "void mul_mat_q_case<type>(ggml_backend_cuda_context &, const mmq_args &, cudaStream_t) [with type=GGML_TYPE_Q6_K]" at line 5 of C:\Users\pperv\code\unnamed_rpg\vendor\ggml\src\ggml-cuda\template-instances\mmq-instance-q6_k.cu
[build] 
[build] C:\Users\pperv\code\unnamed_rpg\vendor\ggml\src\ggml-cuda\mmq-vec-dot.cuh(759): warning #177-D: variable "I" was declared but never referenced
[build]       constexpr int I             = ggml_cuda_mmq_get_I(type, J, fallback);
[build]                     ^
[build]           detected during:
[build]             instantiation of "void ggml_cuda_mmq_vec_dot_q2_K_q8_1_mma<type,J,fallback>(const int *, const int *, float *, int) [with type=GGML_TYPE_Q6_K, J=32, fallback=false]" at line 759 of C:\Users\pperv\code\unnamed_rpg\vendor\ggml\src\ggml-cuda\template-instances\../mmq.cuh
[build]             instantiation of "ggml_cuda_mmq_util_funcs ggml_cuda_mmq_get_util_funcs<type,J,fallback>() [with type=GGML_TYPE_Q6_K, J=32, fallback=false]" at line 858 of C:\Users\pperv\code\unnamed_rpg\vendor\ggml\src\ggml-cuda\template-instances\../mmq.cuh
[build]             instantiation of "ggml_cuda_mmq_load_tiles_t ggml_cuda_mmq_get_load_tiles<type,J,fallback>() [with type=GGML_TYPE_Q6_K, J=32, fallback=false]" at line 885 of C:\Users\pperv\code\unnamed_rpg\vendor\ggml\src\ggml-cuda\template-instances\../mmq.cuh
[build]             instantiation of "void mul_mat_q_process_tile<type,J,fallback,fixup>(const char *, int, const int *, const int *, float *, float *, const float *, int, int, int, int, int, int, int) [with type=GGML_TYPE_Q6_K, J=32, fallback=false, fixup=false]" at line 1152 of C:\Users\pperv\code\unnamed_rpg\vendor\ggml\src\ggml-cuda\template-instances\../mmq.cuh
[build]             instantiation of "void mul_mat_q<type,J,fallback>(const char *, const int *, const int32_t *, const int32_t *, float *, float *, const float *, uint3, int, int, int, int, int, uint3, uint3, int, int, int, uint3, uint3, int, int, int, uint3) [with type=GGML_TYPE_Q6_K, J=32, fallback=false]" at line 1407 of C:\Users\pperv\code\unnamed_rpg\vendor\ggml\src\ggml-cuda\template-instances\../mmq.cuh
[build]             instantiation of "void launch_mul_mat_q<type,J,fallback>(ggml_backend_cuda_context &, const mmq_args &, cudaStream_t) [with type=GGML_TYPE_Q6_K, J=32, fallback=false]" at line 1513 of C:\Users\pperv\code\unnamed_rpg\vendor\ggml\src\ggml-cuda\template-instances\../mmq.cuh
[build]             instantiation of "void mul_mat_q_switch_J<type,fallback>(ggml_backend_cuda_context &, const mmq_args &, cudaStream_t) [with type=GGML_TYPE_Q6_K, fallback=false]" at line 1562 of C:\Users\pperv\code\unnamed_rpg\vendor\ggml\src\ggml-cuda\template-instances\../mmq.cuh
[build]             instantiation of "void mul_mat_q_case<type>(ggml_backend_cuda_context &, const mmq_args &, cudaStream_t) [with type=GGML_TYPE_Q6_K]" at line 5 of C:\Users\pperv\code\unnamed_rpg\vendor\ggml\src\ggml-cuda\template-instances\mmq-instance-q6_k.cu
[build] 
[build] C:\Users\pperv\code\unnamed_rpg\vendor\ggml\src\ggml-cuda\mmq-vec-dot.cuh(540): warning #177-D: variable "I" was declared but never referenced
[build]       constexpr int I             = ggml_cuda_mmq_get_I(type, J, fallback);
[build]                     ^
[build]           detected during:
[build]             instantiation of "void ggml_cuda_mmq_vec_dot_q8_0_16_q8_1_mma<type,J,fallback>(const int *, const int *, float *, int) [with type=GGML_TYPE_Q6_K, J=32, fallback=false]" at line 765 of C:\Users\pperv\code\unnamed_rpg\vendor\ggml\src\ggml-cuda\template-instances\../mmq.cuh
[build]             instantiation of "ggml_cuda_mmq_util_funcs ggml_cuda_mmq_get_util_funcs<type,J,fallback>() [with type=GGML_TYPE_Q6_K, J=32, fallback=false]" at line 858 of C:\Users\pperv\code\unnamed_rpg\vendor\ggml\src\ggml-cuda\template-instances\../mmq.cuh
[build]             instantiation of "ggml_cuda_mmq_load_tiles_t ggml_cuda_mmq_get_load_tiles<type,J,fallback>() [with type=GGML_TYPE_Q6_K, J=32, fallback=false]" at line 885 of C:\Users\pperv\code\unnamed_rpg\vendor\ggml\src\ggml-cuda\template-instances\../mmq.cuh
[build]             instantiation of "void mul_mat_q_process_tile<type,J,fallback,fixup>(const char *, int, const int *, const int *, float *, float *, const float *, int, int, int, int, int, int, int) [with type=GGML_TYPE_Q6_K, J=32, fallback=false, fixup=false]" at line 1152 of C:\Users\pperv\code\unnamed_rpg\vendor\ggml\src\ggml-cuda\template-instances\../mmq.cuh
[build]             instantiation of "void mul_mat_q<type,J,fallback>(const char *, const int *, const int32_t *, const int32_t *, float *, float *, const float *, uint3, int, int, int, int, int, uint3, uint3, int, int, int, uint3, uint3, int, int, int, uint3) [with type=GGML_TYPE_Q6_K, J=32, fallback=false]" at line 1407 of C:\Users\pperv\code\unnamed_rpg\vendor\ggml\src\ggml-cuda\template-instances\../mmq.cuh
[build]             instantiation of "void launch_mul_mat_q<type,J,fallback>(ggml_backend_cuda_context &, const mmq_args &, cudaStream_t) [with type=GGML_TYPE_Q6_K, J=32, fallback=false]" at line 1513 of C:\Users\pperv\code\unnamed_rpg\vendor\ggml\src\ggml-cuda\template-instances\../mmq.cuh
[build]             instantiation of "void mul_mat_q_switch_J<type,fallback>(ggml_backend_cuda_context &, const mmq_args &, cudaStream_t) [with type=GGML_TYPE_Q6_K, fallback=false]" at line 1562 of C:\Users\pperv\code\unnamed_rpg\vendor\ggml\src\ggml-cuda\template-instances\../mmq.cuh
[build]             instantiation of "void mul_mat_q_case<type>(ggml_backend_cuda_context &, const mmq_args &, cudaStream_t) [with type=GGML_TYPE_Q6_K]" at line 5 of C:\Users\pperv\code\unnamed_rpg\vendor\ggml\src\ggml-cuda\template-instances\mmq-instance-q6_k.cu
[build] 
[build] C:\Users\pperv\code\unnamed_rpg\vendor\ggml\src\ggml-cuda\mmq-vec-dot.cuh(1078): warning #177-D: variable "I" was declared but never referenced
[build]       constexpr int I             = ggml_cuda_mmq_get_I(type, J, fallback);
[build]                     ^
[build]           detected during:
[build]             instantiation of "void ggml_cuda_mmq_vec_dot_q6_K_q8_1_mma<type,J,fallback>(const int *, const int *, float *, int) [with type=GGML_TYPE_Q6_K, J=32, fallback=false]" at line 783 of C:\Users\pperv\code\unnamed_rpg\vendor\ggml\src\ggml-cuda\template-instances\../mmq.cuh
[build]             instantiation of "ggml_cuda_mmq_util_funcs ggml_cuda_mmq_get_util_funcs<type,J,fallback>() [with type=GGML_TYPE_Q6_K, J=32, fallback=false]" at line 858 of C:\Users\pperv\code\unnamed_rpg\vendor\ggml\src\ggml-cuda\template-instances\../mmq.cuh
[build]             instantiation of "ggml_cuda_mmq_load_tiles_t ggml_cuda_mmq_get_load_tiles<type,J,fallback>() [with type=GGML_TYPE_Q6_K, J=32, fallback=false]" at line 885 of C:\Users\pperv\code\unnamed_rpg\vendor\ggml\src\ggml-cuda\template-instances\../mmq.cuh
[build]             instantiation of "void mul_mat_q_process_tile<type,J,fallback,fixup>(const char *, int, const int *, const int *, float *, float *, const float *, int, int, int, int, int, int, int) [with type=GGML_TYPE_Q6_K, J=32, fallback=false, fixup=false]" at line 1152 of C:\Users\pperv\code\unnamed_rpg\vendor\ggml\src\ggml-cuda\template-instances\../mmq.cuh
[build]             instantiation of "void mul_mat_q<type,J,fallback>(const char *, const int *, const int32_t *, const int32_t *, float *, float *, const float *, uint3, int, int, int, int, int, uint3, uint3, int, int, int, uint3, uint3, int, int, int, uint3) [with type=GGML_TYPE_Q6_K, J=32, fallback=false]" at line 1407 of C:\Users\pperv\code\unnamed_rpg\vendor\ggml\src\ggml-cuda\template-instances\../mmq.cuh
[build]             instantiation of "void launch_mul_mat_q<type,J,fallback>(ggml_backend_cuda_context &, const mmq_args &, cudaStream_t) [with type=GGML_TYPE_Q6_K, J=32, fallback=false]" at line 1513 of C:\Users\pperv\code\unnamed_rpg\vendor\ggml\src\ggml-cuda\template-instances\../mmq.cuh
[build]             instantiation of "void mul_mat_q_switch_J<type,fallback>(ggml_backend_cuda_context &, const mmq_args &, cudaStream_t) [with type=GGML_TYPE_Q6_K, fallback=false]" at line 1562 of C:\Users\pperv\code\unnamed_rpg\vendor\ggml\src\ggml-cuda\template-instances\../mmq.cuh
[build]             instantiation of "void mul_mat_q_case<type>(ggml_backend_cuda_context &, const mmq_args &, cudaStream_t) [with type=GGML_TYPE_Q6_K]" at line 5 of C:\Users\pperv\code\unnamed_rpg\vendor\ggml\src\ggml-cuda\template-instances\mmq-instance-q6_k.cu
[build] 
[build] C:\Users\pperv\code\unnamed_rpg\vendor\ggml\src\ggml-cuda\template-instances\../mmq.cuh(543): warning #177-D: variable "I" was declared but never referenced
[build]       constexpr int I = ggml_cuda_mmq_get_I(type, J, fallback);
[build]                     ^
[build]           detected during:
[build]             instantiation of "ggml_cuda_mmq_util_funcs ggml_cuda_mmq_get_util_funcs<type,J,fallback>() [with type=GGML_TYPE_Q6_K, J=32, fallback=false]" at line 858
[build]             instantiation of "ggml_cuda_mmq_load_tiles_t ggml_cuda_mmq_get_load_tiles<type,J,fallback>() [with type=GGML_TYPE_Q6_K, J=32, fallback=false]" at line 885
[build]             instantiation of "void mul_mat_q_process_tile<type,J,fallback,fixup>(const char *, int, const int *, const int *, float *, float *, const float *, int, int, int, int, int, int, int) [with type=GGML_TYPE_Q6_K, J=32, fallback=false, fixup=false]" at line 1152
[build]             instantiation of "void mul_mat_q<type,J,fallback>(const char *, const int *, const int32_t *, const int32_t *, float *, float *, const float *, uint3, int, int, int, int, int, uint3, uint3, int, int, int, uint3, uint3, int, int, int, uint3) [with type=GGML_TYPE_Q6_K, J=32, fallback=false]" at line 1407
[build]             instantiation of "void launch_mul_mat_q<type,J,fallback>(ggml_backend_cuda_context &, const mmq_args &, cudaStream_t) [with type=GGML_TYPE_Q6_K, J=32, fallback=false]" at line 1513
[build]             instantiation of "void mul_mat_q_switch_J<type,fallback>(ggml_backend_cuda_context &, const mmq_args &, cudaStream_t) [with type=GGML_TYPE_Q6_K, fallback=false]" at line 1562
[build]             instantiation of "void mul_mat_q_case<type>(ggml_backend_cuda_context &, const mmq_args &, cudaStream_t) [with type=GGML_TYPE_Q6_K]" at line 5 of C:\Users\pperv\code\unnamed_rpg\vendor\ggml\src\ggml-cuda\template-instances\mmq-instance-q6_k.cu
[build] 
[build] C:\Users\pperv\code\unnamed_rpg\vendor\ggml\src\ggml-cuda\mmq-vec-dot.cuh(207): warning #177-D: variable "I" was declared but never referenced
[build]       constexpr int I             = ggml_cuda_mmq_get_I(type, J, fallback);
[build]                     ^
[build]           detected during:
[build]             instantiation of "void ggml_cuda_mmq_vec_dot_q8_0_q8_1_mma<type,J,fallback,ds_layout>(const int *, const int *, float *, int) [with type=GGML_TYPE_Q6_K, J=32, fallback=true, ds_layout=MMQ_Q8_1_DS_LAYOUT_D4]" at line 716 of C:\Users\pperv\code\unnamed_rpg\vendor\ggml\src\ggml-cuda\template-instances\../mmq.cuh
[build]             instantiation of "ggml_cuda_mmq_util_funcs ggml_cuda_mmq_get_util_funcs<type,J,fallback>() [with type=GGML_TYPE_Q6_K, J=32, fallback=true]" at line 858 of C:\Users\pperv\code\unnamed_rpg\vendor\ggml\src\ggml-cuda\template-instances\../mmq.cuh
[build]             instantiation of "ggml_cuda_mmq_load_tiles_t ggml_cuda_mmq_get_load_tiles<type,J,fallback>() [with type=GGML_TYPE_Q6_K, J=32, fallback=true]" at line 885 of C:\Users\pperv\code\unnamed_rpg\vendor\ggml\src\ggml-cuda\template-instances\../mmq.cuh
[build]             instantiation of "void mul_mat_q_process_tile<type,J,fallback,fixup>(const char *, int, const int *, const int *, float *, float *, const float *, int, int, int, int, int, int, int) [with type=GGML_TYPE_Q6_K, J=32, fallback=true, fixup=false]" at line 1152 of C:\Users\pperv\code\unnamed_rpg\vendor\ggml\src\ggml-cuda\template-instances\../mmq.cuh
[build]             instantiation of "void mul_mat_q<type,J,fallback>(const char *, const int *, const int32_t *, const int32_t *, float *, float *, const float *, uint3, int, int, int, int, int, uint3, uint3, int, int, int, uint3, uint3, int, int, int, uint3) [with type=GGML_TYPE_Q6_K, J=32, fallback=true]" at line 1408 of C:\Users\pperv\code\unnamed_rpg\vendor\ggml\src\ggml-cuda\template-instances\../mmq.cuh
[build]             instantiation of "void launch_mul_mat_q<type,J,fallback>(ggml_backend_cuda_context &, const mmq_args &, cudaStream_t) [with type=GGML_TYPE_Q6_K, J=32, fallback=false]" at line 1513 of C:\Users\pperv\code\unnamed_rpg\vendor\ggml\src\ggml-cuda\template-instances\../mmq.cuh
[build]             instantiation of "void mul_mat_q_switch_J<type,fallback>(ggml_backend_cuda_context &, const mmq_args &, cudaStream_t) [with type=GGML_TYPE_Q6_K, fallback=false]" at line 1562 of C:\Users\pperv\code\unnamed_rpg\vendor\ggml\src\ggml-cuda\template-instances\../mmq.cuh
[build]             instantiation of "void mul_mat_q_case<type>(ggml_backend_cuda_context &, const mmq_args &, cudaStream_t) [with type=GGML_TYPE_Q6_K]" at line 5 of C:\Users\pperv\code\unnamed_rpg\vendor\ggml\src\ggml-cuda\template-instances\mmq-instance-q6_k.cu
[build] 
[build] C:\Users\pperv\code\unnamed_rpg\vendor\ggml\src\ggml-cuda\template-instances\../mmq.cuh(485): warning #177-D: variable "nwarps" was declared but never referenced
[build]       constexpr int nwarps        = ggml_cuda_mmq_get_nthreads(type, J, fallback) / warp_size;
[build]                     ^
[build]           detected during:
[build]             instantiation of "void ggml_cuda_mmq_write_back_mma<type,J,fallback>(const float *, const int *, float *, const float *, int, int, int) [with type=GGML_TYPE_Q6_K, J=32, fallback=true]" at line 716
[build]             instantiation of "ggml_cuda_mmq_util_funcs ggml_cuda_mmq_get_util_funcs<type,J,fallback>() [with type=GGML_TYPE_Q6_K, J=32, fallback=true]" at line 858
[build]             instantiation of "ggml_cuda_mmq_load_tiles_t ggml_cuda_mmq_get_load_tiles<type,J,fallback>() [with type=GGML_TYPE_Q6_K, J=32, fallback=true]" at line 885
[build]             instantiation of "void mul_mat_q_process_tile<type,J,fallback,fixup>(const char *, int, const int *, const int *, float *, float *, const float *, int, int, int, int, int, int, int) [with type=GGML_TYPE_Q6_K, J=32, fallback=true, fixup=false]" at line 1152
[build]             instantiation of "void mul_mat_q<type,J,fallback>(const char *, const int *, const int32_t *, const int32_t *, float *, float *, const float *, uint3, int, int, int, int, int, uint3, uint3, int, int, int, uint3, uint3, int, int, int, uint3) [with type=GGML_TYPE_Q6_K, J=32, fallback=true]" at line 1408
[build]             instantiation of "void launch_mul_mat_q<type,J,fallback>(ggml_backend_cuda_context &, const mmq_args &, cudaStream_t) [with type=GGML_TYPE_Q6_K, J=32, fallback=false]" at line 1513
[build]             instantiation of "void mul_mat_q_switch_J<type,fallback>(ggml_backend_cuda_context &, const mmq_args &, cudaStream_t) [with type=GGML_TYPE_Q6_K, fallback=false]" at line 1562
[build]             instantiation of "void mul_mat_q_case<type>(ggml_backend_cuda_context &, const mmq_args &, cudaStream_t) [with type=GGML_TYPE_Q6_K]" at line 5 of C:\Users\pperv\code\unnamed_rpg\vendor\ggml\src\ggml-cuda\template-instances\mmq-instance-q6_k.cu
[build] 
[build] C:\Users\pperv\code\unnamed_rpg\vendor\ggml\src\ggml-cuda\template-instances\../mmq.cuh(486): warning #177-D: variable "I" was declared but never referenced
[build]       constexpr int I             = ggml_cuda_mmq_get_I(type, J, fallback);
[build]                     ^
[build]           detected during:
[build]             instantiation of "void ggml_cuda_mmq_write_back_mma<type,J,fallback>(const float *, const int *, float *, const float *, int, int, int) [with type=GGML_TYPE_Q6_K, J=32, fallback=true]" at line 716
[build]             instantiation of "ggml_cuda_mmq_util_funcs ggml_cuda_mmq_get_util_funcs<type,J,fallback>() [with type=GGML_TYPE_Q6_K, J=32, fallback=true]" at line 858
[build]             instantiation of "ggml_cuda_mmq_load_tiles_t ggml_cuda_mmq_get_load_tiles<type,J,fallback>() [with type=GGML_TYPE_Q6_K, J=32, fallback=true]" at line 885
[build]             instantiation of "void mul_mat_q_process_tile<type,J,fallback,fixup>(const char *, int, const int *, const int *, float *, float *, const float *, int, int, int, int, int, int, int) [with type=GGML_TYPE_Q6_K, J=32, fallback=true, fixup=false]" at line 1152
[build]             instantiation of "void mul_mat_q<type,J,fallback>(const char *, const int *, const int32_t *, const int32_t *, float *, float *, const float *, uint3, int, int, int, int, int, uint3, uint3, int, int, int, uint3, uint3, int, int, int, uint3) [with type=GGML_TYPE_Q6_K, J=32, fallback=true]" at line 1408
[build]             instantiation of "void launch_mul_mat_q<type,J,fallback>(ggml_backend_cuda_context &, const mmq_args &, cudaStream_t) [with type=GGML_TYPE_Q6_K, J=32, fallback=false]" at line 1513
[build]             instantiation of "void mul_mat_q_switch_J<type,fallback>(ggml_backend_cuda_context &, const mmq_args &, cudaStream_t) [with type=GGML_TYPE_Q6_K, fallback=false]" at line 1562
[build]             instantiation of "void mul_mat_q_case<type>(ggml_backend_cuda_context &, const mmq_args &, cudaStream_t) [with type=GGML_TYPE_Q6_K]" at line 5 of C:\Users\pperv\code\unnamed_rpg\vendor\ggml\src\ggml-cuda\template-instances\mmq-instance-q6_k.cu
[build] 
[build] C:\Users\pperv\code\unnamed_rpg\vendor\ggml\src\ggml-cuda\mmq-vec-dot.cuh(207): warning #177-D: variable "I" was declared but never referenced
[build]       constexpr int I             = ggml_cuda_mmq_get_I(type, J, fallback);
[build]                     ^
[build]           detected during:
[build]             instantiation of "void ggml_cuda_mmq_vec_dot_q8_0_q8_1_mma<type,J,fallback,ds_layout>(const int *, const int *, float *, int) [with type=GGML_TYPE_Q6_K, J=32, fallback=true, ds_layout=MMQ_Q8_1_DS_LAYOUT_DS4]" at line 728 of C:\Users\pperv\code\unnamed_rpg\vendor\ggml\src\ggml-cuda\template-instances\../mmq.cuh
[build]             instantiation of "ggml_cuda_mmq_util_funcs ggml_cuda_mmq_get_util_funcs<type,J,fallback>() [with type=GGML_TYPE_Q6_K, J=32, fallback=true]" at line 858 of C:\Users\pperv\code\unnamed_rpg\vendor\ggml\src\ggml-cuda\template-instances\../mmq.cuh
[build]             instantiation of "ggml_cuda_mmq_load_tiles_t ggml_cuda_mmq_get_load_tiles<type,J,fallback>() [with type=GGML_TYPE_Q6_K, J=32, fallback=true]" at line 885 of C:\Users\pperv\code\unnamed_rpg\vendor\ggml\src\ggml-cuda\template-instances\../mmq.cuh
[build]             instantiation of "void mul_mat_q_process_tile<type,J,fallback,fixup>(const char *, int, const int *, const int *, float *, float *, const float *, int, int, int, int, int, int, int) [with type=GGML_TYPE_Q6_K, J=32, fallback=true, fixup=false]" at line 1152 of C:\Users\pperv\code\unnamed_rpg\vendor\ggml\src\ggml-cuda\template-instances\../mmq.cuh
[build]             instantiation of "void mul_mat_q<type,J,fallback>(const char *, const int *, const int32_t *, const int32_t *, float *, float *, const float *, uint3, int, int, int, int, int, uint3, uint3, int, int, int, uint3, uint3, int, int, int, uint3) [with type=GGML_TYPE_Q6_K, J=32, fallback=true]" at line 1408 of C:\Users\pperv\code\unnamed_rpg\vendor\ggml\src\ggml-cuda\template-instances\../mmq.cuh
[build]             instantiation of "void launch_mul_mat_q<type,J,fallback>(ggml_backend_cuda_context &, const mmq_args &, cudaStream_t) [with type=GGML_TYPE_Q6_K, J=32, fallback=false]" at line 1513 of C:\Users\pperv\code\unnamed_rpg\vendor\ggml\src\ggml-cuda\template-instances\../mmq.cuh
[build]             instantiation of "void mul_mat_q_switch_J<type,fallback>(ggml_backend_cuda_context &, const mmq_args &, cudaStream_t) [with type=GGML_TYPE_Q6_K, fallback=false]" at line 1562 of C:\Users\pperv\code\unnamed_rpg\vendor\ggml\src\ggml-cuda\template-instances\../mmq.cuh
[build]             instantiation of "void mul_mat_q_case<type>(ggml_backend_cuda_context &, const mmq_args &, cudaStream_t) [with type=GGML_TYPE_Q6_K]" at line 5 of C:\Users\pperv\code\unnamed_rpg\vendor\ggml\src\ggml-cuda\template-instances\mmq-instance-q6_k.cu
[build] 
[build] C:\Users\pperv\code\unnamed_rpg\vendor\ggml\src\ggml-cuda\mmq-vec-dot.cuh(374): warning #177-D: variable "I" was declared but never referenced
[build]       constexpr int I             = ggml_cuda_mmq_get_I(type, J, fallback);
[build]                     ^
[build]           detected during:
[build]             instantiation of "void ggml_cuda_mmq_vec_dot_q8_1_q8_1_mma<type,J,fallback>(const int *, const int *, float *, int) [with type=GGML_TYPE_Q6_K, J=32, fallback=true]" at line 734 of C:\Users\pperv\code\unnamed_rpg\vendor\ggml\src\ggml-cuda\template-instances\../mmq.cuh
[build]             instantiation of "ggml_cuda_mmq_util_funcs ggml_cuda_mmq_get_util_funcs<type,J,fallback>() [with type=GGML_TYPE_Q6_K, J=32, fallback=true]" at line 858 of C:\Users\pperv\code\unnamed_rpg\vendor\ggml\src\ggml-cuda\template-instances\../mmq.cuh
[build]             instantiation of "ggml_cuda_mmq_load_tiles_t ggml_cuda_mmq_get_load_tiles<type,J,fallback>() [with type=GGML_TYPE_Q6_K, J=32, fallback=true]" at line 885 of C:\Users\pperv\code\unnamed_rpg\vendor\ggml\src\ggml-cuda\template-instances\../mmq.cuh
[build]             instantiation of "void mul_mat_q_process_tile<type,J,fallback,fixup>(const char *, int, const int *, const int *, float *, float *, const float *, int, int, int, int, int, int, int) [with type=GGML_TYPE_Q6_K, J=32, fallback=true, fixup=false]" at line 1152 of C:\Users\pperv\code\unnamed_rpg\vendor\ggml\src\ggml-cuda\template-instances\../mmq.cuh
[build]             instantiation of "void mul_mat_q<type,J,fallback>(const char *, const int *, const int32_t *, const int32_t *, float *, float *, const float *, uint3, int, int, int, int, int, uint3, uint3, int, int, int, uint3, uint3, int, int, int, uint3) [with type=GGML_TYPE_Q6_K, J=32, fallback=true]" at line 1408 of C:\Users\pperv\code\unnamed_rpg\vendor\ggml\src\ggml-cuda\template-instances\../mmq.cuh
[build]             instantiation of "void launch_mul_mat_q<type,J,fallback>(ggml_backend_cuda_context &, const mmq_args &, cudaStream_t) [with type=GGML_TYPE_Q6_K, J=32, fallback=false]" at line 1513 of C:\Users\pperv\code\unnamed_rpg\vendor\ggml\src\ggml-cuda\template-instances\../mmq.cuh
[build]             instantiation of "void mul_mat_q_switch_J<type,fallback>(ggml_backend_cuda_context &, const mmq_args &, cudaStream_t) [with type=GGML_TYPE_Q6_K, fallback=false]" at line 1562 of C:\Users\pperv\code\unnamed_rpg\vendor\ggml\src\ggml-cuda\template-instances\../mmq.cuh
[build]             instantiation of "void mul_mat_q_case<type>(ggml_backend_cuda_context &, const mmq_args &, cudaStream_t) [with type=GGML_TYPE_Q6_K]" at line 5 of C:\Users\pperv\code\unnamed_rpg\vendor\ggml\src\ggml-cuda\template-instances\mmq-instance-q6_k.cu
[build] 
[build] C:\Users\pperv\code\unnamed_rpg\vendor\ggml\src\ggml-cuda\mmq-vec-dot.cuh(759): warning #177-D: variable "I" was declared but never referenced
[build]       constexpr int I             = ggml_cuda_mmq_get_I(type, J, fallback);
[build]                     ^
[build]           detected during:
[build]             instantiation of "void ggml_cuda_mmq_vec_dot_q2_K_q8_1_mma<type,J,fallback>(const int *, const int *, float *, int) [with type=GGML_TYPE_Q6_K, J=32, fallback=true]" at line 759 of C:\Users\pperv\code\unnamed_rpg\vendor\ggml\src\ggml-cuda\template-instances\../mmq.cuh
[build]             instantiation of "ggml_cuda_mmq_util_funcs ggml_cuda_mmq_get_util_funcs<type,J,fallback>() [with type=GGML_TYPE_Q6_K, J=32, fallback=true]" at line 858 of C:\Users\pperv\code\unnamed_rpg\vendor\ggml\src\ggml-cuda\template-instances\../mmq.cuh
[build]             instantiation of "ggml_cuda_mmq_load_tiles_t ggml_cuda_mmq_get_load_tiles<type,J,fallback>() [with type=GGML_TYPE_Q6_K, J=32, fallback=true]" at line 885 of C:\Users\pperv\code\unnamed_rpg\vendor\ggml\src\ggml-cuda\template-instances\../mmq.cuh
[build]             instantiation of "void mul_mat_q_process_tile<type,J,fallback,fixup>(const char *, int, const int *, const int *, float *, float *, const float *, int, int, int, int, int, int, int) [with type=GGML_TYPE_Q6_K, J=32, fallback=true, fixup=false]" at line 1152 of C:\Users\pperv\code\unnamed_rpg\vendor\ggml\src\ggml-cuda\template-instances\../mmq.cuh
[build]             instantiation of "void mul_mat_q<type,J,fallback>(const char *, const int *, const int32_t *, const int32_t *, float *, float *, const float *, uint3, int, int, int, int, int, uint3, uint3, int, int, int, uint3, uint3, int, int, int, uint3) [with type=GGML_TYPE_Q6_K, J=32, fallback=true]" at line 1408 of C:\Users\pperv\code\unnamed_rpg\vendor\ggml\src\ggml-cuda\template-instances\../mmq.cuh
[build]             instantiation of "void launch_mul_mat_q<type,J,fallback>(ggml_backend_cuda_context &, const mmq_args &, cudaStream_t) [with type=GGML_TYPE_Q6_K, J=32, fallback=false]" at line 1513 of C:\Users\pperv\code\unnamed_rpg\vendor\ggml\src\ggml-cuda\template-instances\../mmq.cuh
[build]             instantiation of "void mul_mat_q_switch_J<type,fallback>(ggml_backend_cuda_context &, const mmq_args &, cudaStream_t) [with type=GGML_TYPE_Q6_K, fallback=false]" at line 1562 of C:\Users\pperv\code\unnamed_rpg\vendor\ggml\src\ggml-cuda\template-instances\../mmq.cuh
[build]             instantiation of "void mul_mat_q_case<type>(ggml_backend_cuda_context &, const mmq_args &, cudaStream_t) [with type=GGML_TYPE_Q6_K]" at line 5 of C:\Users\pperv\code\unnamed_rpg\vendor\ggml\src\ggml-cuda\template-instances\mmq-instance-q6_k.cu
[build] 
[build] C:\Users\pperv\code\unnamed_rpg\vendor\ggml\src\ggml-cuda\mmq-vec-dot.cuh(540): warning #177-D: variable "I" was declared but never referenced
[build]       constexpr int I             = ggml_cuda_mmq_get_I(type, J, fallback);
[build]                     ^
[build]           detected during:
[build]             instantiation of "void ggml_cuda_mmq_vec_dot_q8_0_16_q8_1_mma<type,J,fallback>(const int *, const int *, float *, int) [with type=GGML_TYPE_Q6_K, J=32, fallback=true]" at line 765 of C:\Users\pperv\code\unnamed_rpg\vendor\ggml\src\ggml-cuda\template-instances\../mmq.cuh
[build]             instantiation of "ggml_cuda_mmq_util_funcs ggml_cuda_mmq_get_util_funcs<type,J,fallback>() [with type=GGML_TYPE_Q6_K, J=32, fallback=true]" at line 858 of C:\Users\pperv\code\unnamed_rpg\vendor\ggml\src\ggml-cuda\template-instances\../mmq.cuh
[build]             instantiation of "ggml_cuda_mmq_load_tiles_t ggml_cuda_mmq_get_load_tiles<type,J,fallback>() [with type=GGML_TYPE_Q6_K, J=32, fallback=true]" at line 885 of C:\Users\pperv\code\unnamed_rpg\vendor\ggml\src\ggml-cuda\template-instances\../mmq.cuh
[build]             instantiation of "void mul_mat_q_process_tile<type,J,fallback,fixup>(const char *, int, const int *, const int *, float *, float *, const float *, int, int, int, int, int, int, int) [with type=GGML_TYPE_Q6_K, J=32, fallback=true, fixup=false]" at line 1152 of C:\Users\pperv\code\unnamed_rpg\vendor\ggml\src\ggml-cuda\template-instances\../mmq.cuh
[build]             instantiation of "void mul_mat_q<type,J,fallback>(const char *, const int *, const int32_t *, const int32_t *, float *, float *, const float *, uint3, int, int, int, int, int, uint3, uint3, int, int, int, uint3, uint3, int, int, int, uint3) [with type=GGML_TYPE_Q6_K, J=32, fallback=true]" at line 1408 of C:\Users\pperv\code\unnamed_rpg\vendor\ggml\src\ggml-cuda\template-instances\../mmq.cuh
[build]             instantiation of "void launch_mul_mat_q<type,J,fallback>(ggml_backend_cuda_context &, const mmq_args &, cudaStream_t) [with type=GGML_TYPE_Q6_K, J=32, fallback=false]" at line 1513 of C:\Users\pperv\code\unnamed_rpg\vendor\ggml\src\ggml-cuda\template-instances\../mmq.cuh
[build]             instantiation of "void mul_mat_q_switch_J<type,fallback>(ggml_backend_cuda_context &, const mmq_args &, cudaStream_t) [with type=GGML_TYPE_Q6_K, fallback=false]" at line 1562 of C:\Users\pperv\code\unnamed_rpg\vendor\ggml\src\ggml-cuda\template-instances\../mmq.cuh
[build]             instantiation of "void mul_mat_q_case<type>(ggml_backend_cuda_context &, const mmq_args &, cudaStream_t) [with type=GGML_TYPE_Q6_K]" at line 5 of C:\Users\pperv\code\unnamed_rpg\vendor\ggml\src\ggml-cuda\template-instances\mmq-instance-q6_k.cu
[build] 
[build] C:\Users\pperv\code\unnamed_rpg\vendor\ggml\src\ggml-cuda\mmq-vec-dot.cuh(1078): warning #177-D: variable "I" was declared but never referenced
[build]       constexpr int I             = ggml_cuda_mmq_get_I(type, J, fallback);
[build]                     ^
[build]           detected during:
[build]             instantiation of "void ggml_cuda_mmq_vec_dot_q6_K_q8_1_mma<type,J,fallback>(const int *, const int *, float *, int) [with type=GGML_TYPE_Q6_K, J=32, fallback=true]" at line 783 of C:\Users\pperv\code\unnamed_rpg\vendor\ggml\src\ggml-cuda\template-instances\../mmq.cuh
[build]             instantiation of "ggml_cuda_mmq_util_funcs ggml_cuda_mmq_get_util_funcs<type,J,fallback>() [with type=GGML_TYPE_Q6_K, J=32, fallback=true]" at line 858 of C:\Users\pperv\code\unnamed_rpg\vendor\ggml\src\ggml-cuda\template-instances\../mmq.cuh
[build]             instantiation of "ggml_cuda_mmq_load_tiles_t ggml_cuda_mmq_get_load_tiles<type,J,fallback>() [with type=GGML_TYPE_Q6_K, J=32, fallback=true]" at line 885 of C:\Users\pperv\code\unnamed_rpg\vendor\ggml\src\ggml-cuda\template-instances\../mmq.cuh
[build]             instantiation of "void mul_mat_q_process_tile<type,J,fallback,fixup>(const char *, int, const int *, const int *, float *, float *, const float *, int, int, int, int, int, int, int) [with type=GGML_TYPE_Q6_K, J=32, fallback=true, fixup=false]" at line 1152 of C:\Users\pperv\code\unnamed_rpg\vendor\ggml\src\ggml-cuda\template-instances\../mmq.cuh
[build]             instantiation of "void mul_mat_q<type,J,fallback>(const char *, const int *, const int32_t *, const int32_t *, float *, float *, const float *, uint3, int, int, int, int, int, uint3, uint3, int, int, int, uint3, uint3, int, int, int, uint3) [with type=GGML_TYPE_Q6_K, J=32, fallback=true]" at line 1408 of C:\Users\pperv\code\unnamed_rpg\vendor\ggml\src\ggml-cuda\template-instances\../mmq.cuh
[build]             instantiation of "void launch_mul_mat_q<type,J,fallback>(ggml_backend_cuda_context &, const mmq_args &, cudaStream_t) [with type=GGML_TYPE_Q6_K, J=32, fallback=false]" at line 1513 of C:\Users\pperv\code\unnamed_rpg\vendor\ggml\src\ggml-cuda\template-instances\../mmq.cuh
[build]             instantiation of "void mul_mat_q_switch_J<type,fallback>(ggml_backend_cuda_context &, const mmq_args &, cudaStream_t) [with type=GGML_TYPE_Q6_K, fallback=false]" at line 1562 of C:\Users\pperv\code\unnamed_rpg\vendor\ggml\src\ggml-cuda\template-instances\../mmq.cuh
[build]             instantiation of "void mul_mat_q_case<type>(ggml_backend_cuda_context &, const mmq_args &, cudaStream_t) [with type=GGML_TYPE_Q6_K]" at line 5 of C:\Users\pperv\code\unnamed_rpg\vendor\ggml\src\ggml-cuda\template-instances\mmq-instance-q6_k.cu
[build] 
[build] C:\Users\pperv\code\unnamed_rpg\vendor\ggml\src\ggml-cuda\template-instances\../mmq.cuh(543): warning #177-D: variable "I" was declared but never referenced
[build]       constexpr int I = ggml_cuda_mmq_get_I(type, J, fallback);
[build]                     ^
[build]           detected during:
[build]             instantiation of "ggml_cuda_mmq_util_funcs ggml_cuda_mmq_get_util_funcs<type,J,fallback>() [with type=GGML_TYPE_Q6_K, J=32, fallback=true]" at line 858
[build]             instantiation of "ggml_cuda_mmq_load_tiles_t ggml_cuda_mmq_get_load_tiles<type,J,fallback>() [with type=GGML_TYPE_Q6_K, J=32, fallback=true]" at line 885
[build]             instantiation of "void mul_mat_q_process_tile<type,J,fallback,fixup>(const char *, int, const int *, const int *, float *, float *, const float *, int, int, int, int, int, int, int) [with type=GGML_TYPE_Q6_K, J=32, fallback=true, fixup=false]" at line 1152
[build]             instantiation of "void mul_mat_q<type,J,fallback>(const char *, const int *, const int32_t *, const int32_t *, float *, float *, const float *, uint3, int, int, int, int, int, uint3, uint3, int, int, int, uint3, uint3, int, int, int, uint3) [with type=GGML_TYPE_Q6_K, J=32, fallback=true]" at line 1408
[build]             instantiation of "void launch_mul_mat_q<type,J,fallback>(ggml_backend_cuda_context &, const mmq_args &, cudaStream_t) [with type=GGML_TYPE_Q6_K, J=32, fallback=false]" at line 1513
[build]             instantiation of "void mul_mat_q_switch_J<type,fallback>(ggml_backend_cuda_context &, const mmq_args &, cudaStream_t) [with type=GGML_TYPE_Q6_K, fallback=false]" at line 1562
[build]             instantiation of "void mul_mat_q_case<type>(ggml_backend_cuda_context &, const mmq_args &, cudaStream_t) [with type=GGML_TYPE_Q6_K]" at line 5 of C:\Users\pperv\code\unnamed_rpg\vendor\ggml\src\ggml-cuda\template-instances\mmq-instance-q6_k.cu
[build] 
[build] C:\Users\pperv\code\unnamed_rpg\vendor\ggml\src\ggml-cuda\mmq-vec-dot.cuh(207): warning #177-D: variable "I" was declared but never referenced
[build]       constexpr int I             = ggml_cuda_mmq_get_I(type, J, fallback);
[build]                     ^
[build]           detected during:
[build]             instantiation of "void ggml_cuda_mmq_vec_dot_q8_0_q8_1_mma<type,J,fallback,ds_layout>(const int *, const int *, float *, int) [with type=GGML_TYPE_Q6_K, J=40, fallback=false, ds_layout=MMQ_Q8_1_DS_LAYOUT_D4]" at line 716 of C:\Users\pperv\code\unnamed_rpg\vendor\ggml\src\ggml-cuda\template-instances\../mmq.cuh
[build]             instantiation of "ggml_cuda_mmq_util_funcs ggml_cuda_mmq_get_util_funcs<type,J,fallback>() [with type=GGML_TYPE_Q6_K, J=40, fallback=false]" at line 858 of C:\Users\pperv\code\unnamed_rpg\vendor\ggml\src\ggml-cuda\template-instances\../mmq.cuh
[build]             instantiation of "ggml_cuda_mmq_load_tiles_t ggml_cuda_mmq_get_load_tiles<type,J,fallback>() [with type=GGML_TYPE_Q6_K, J=40, fallback=false]" at line 885 of C:\Users\pperv\code\unnamed_rpg\vendor\ggml\src\ggml-cuda\template-instances\../mmq.cuh
[build]             instantiation of "void mul_mat_q_process_tile<type,J,fallback,fixup>(const char *, int, const int *, const int *, float *, float *, const float *, int, int, int, int, int, int, int) [with type=GGML_TYPE_Q6_K, J=40, fallback=false, fixup=false]" at line 1152 of C:\Users\pperv\code\unnamed_rpg\vendor\ggml\src\ggml-cuda\template-instances\../mmq.cuh
[build]             instantiation of "void mul_mat_q<type,J,fallback>(const char *, const int *, const int32_t *, const int32_t *, float *, float *, const float *, uint3, int, int, int, int, int, uint3, uint3, int, int, int, uint3, uint3, int, int, int, uint3) [with type=GGML_TYPE_Q6_K, J=40, fallback=false]" at line 1407 of C:\Users\pperv\code\unnamed_rpg\vendor\ggml\src\ggml-cuda\template-instances\../mmq.cuh
[build]             instantiation of "void launch_mul_mat_q<type,J,fallback>(ggml_backend_cuda_context &, const mmq_args &, cudaStream_t) [with type=GGML_TYPE_Q6_K, J=40, fallback=false]" at line 1516 of C:\Users\pperv\code\unnamed_rpg\vendor\ggml\src\ggml-cuda\template-instances\../mmq.cuh
[build]             instantiation of "void mul_mat_q_switch_J<type,fallback>(ggml_backend_cuda_context &, const mmq_args &, cudaStream_t) [with type=GGML_TYPE_Q6_K, fallback=false]" at line 1562 of C:\Users\pperv\code\unnamed_rpg\vendor\ggml\src\ggml-cuda\template-instances\../mmq.cuh
[build]             instantiation of "void mul_mat_q_case<type>(ggml_backend_cuda_context &, const mmq_args &, cudaStream_t) [with type=GGML_TYPE_Q6_K]" at line 5 of C:\Users\pperv\code\unnamed_rpg\vendor\ggml\src\ggml-cuda\template-instances\mmq-instance-q6_k.cu
[build] 
[build] C:\Users\pperv\code\unnamed_rpg\vendor\ggml\src\ggml-cuda\template-instances\../mmq.cuh(485): warning #177-D: variable "nwarps" was declared but never referenced
[build]       constexpr int nwarps        = ggml_cuda_mmq_get_nthreads(type, J, fallback) / warp_size;
[build]                     ^
[build]           detected during:
[build]             instantiation of "void ggml_cuda_mmq_write_back_mma<type,J,fallback>(const float *, const int *, float *, const float *, int, int, int) [with type=GGML_TYPE_Q6_K, J=40, fallback=false]" at line 716
[build]             instantiation of "ggml_cuda_mmq_util_funcs ggml_cuda_mmq_get_util_funcs<type,J,fallback>() [with type=GGML_TYPE_Q6_K, J=40, fallback=false]" at line 858
[build]             instantiation of "ggml_cuda_mmq_load_tiles_t ggml_cuda_mmq_get_load_tiles<type,J,fallback>() [with type=GGML_TYPE_Q6_K, J=40, fallback=false]" at line 885
[build]             instantiation of "void mul_mat_q_process_tile<type,J,fallback,fixup>(const char *, int, const int *, const int *, float *, float *, const float *, int, int, int, int, int, int, int) [with type=GGML_TYPE_Q6_K, J=40, fallback=false, fixup=false]" at line 1152
[build]             instantiation of "void mul_mat_q<type,J,fallback>(const char *, const int *, const int32_t *, const int32_t *, float *, float *, const float *, uint3, int, int, int, int, int, uint3, uint3, int, int, int, uint3, uint3, int, int, int, uint3) [with type=GGML_TYPE_Q6_K, J=40, fallback=false]" at line 1407
[build]             instantiation of "void launch_mul_mat_q<type,J,fallback>(ggml_backend_cuda_context &, const mmq_args &, cudaStream_t) [with type=GGML_TYPE_Q6_K, J=40, fallback=false]" at line 1516
[build]             instantiation of "void mul_mat_q_switch_J<type,fallback>(ggml_backend_cuda_context &, const mmq_args &, cudaStream_t) [with type=GGML_TYPE_Q6_K, fallback=false]" at line 1562
[build]             instantiation of "void mul_mat_q_case<type>(ggml_backend_cuda_context &, const mmq_args &, cudaStream_t) [with type=GGML_TYPE_Q6_K]" at line 5 of C:\Users\pperv\code\unnamed_rpg\vendor\ggml\src\ggml-cuda\template-instances\mmq-instance-q6_k.cu
[build] 
[build] C:\Users\pperv\code\unnamed_rpg\vendor\ggml\src\ggml-cuda\template-instances\../mmq.cuh(486): warning #177-D: variable "I" was declared but never referenced
[build]       constexpr int I             = ggml_cuda_mmq_get_I(type, J, fallback);
[build]                     ^
[build]           detected during:
[build]             instantiation of "void ggml_cuda_mmq_write_back_mma<type,J,fallback>(const float *, const int *, float *, const float *, int, int, int) [with type=GGML_TYPE_Q6_K, J=40, fallback=false]" at line 716
[build]             instantiation of "ggml_cuda_mmq_util_funcs ggml_cuda_mmq_get_util_funcs<type,J,fallback>() [with type=GGML_TYPE_Q6_K, J=40, fallback=false]" at line 858
[build]             instantiation of "ggml_cuda_mmq_load_tiles_t ggml_cuda_mmq_get_load_tiles<type,J,fallback>() [with type=GGML_TYPE_Q6_K, J=40, fallback=false]" at line 885
[build]             instantiation of "void mul_mat_q_process_tile<type,J,fallback,fixup>(const char *, int, const int *, const int *, float *, float *, const float *, int, int, int, int, int, int, int) [with type=GGML_TYPE_Q6_K, J=40, fallback=false, fixup=false]" at line 1152
[build]             instantiation of "void mul_mat_q<type,J,fallback>(const char *, const int *, const int32_t *, const int32_t *, float *, float *, const float *, uint3, int, int, int, int, int, uint3, uint3, int, int, int, uint3, uint3, int, int, int, uint3) [with type=GGML_TYPE_Q6_K, J=40, fallback=false]" at line 1407
[build]             instantiation of "void launch_mul_mat_q<type,J,fallback>(ggml_backend_cuda_context &, const mmq_args &, cudaStream_t) [with type=GGML_TYPE_Q6_K, J=40, fallback=false]" at line 1516
[build]             instantiation of "void mul_mat_q_switch_J<type,fallback>(ggml_backend_cuda_context &, const mmq_args &, cudaStream_t) [with type=GGML_TYPE_Q6_K, fallback=false]" at line 1562
[build]             instantiation of "void mul_mat_q_case<type>(ggml_backend_cuda_context &, const mmq_args &, cudaStream_t) [with type=GGML_TYPE_Q6_K]" at line 5 of C:\Users\pperv\code\unnamed_rpg\vendor\ggml\src\ggml-cuda\template-instances\mmq-instance-q6_k.cu
[build] 
[build] C:\Users\pperv\code\unnamed_rpg\vendor\ggml\src\ggml-cuda\mmq-vec-dot.cuh(207): warning #177-D: variable "I" was declared but never referenced
[build]       constexpr int I             = ggml_cuda_mmq_get_I(type, J, fallback);
[build]                     ^
[build]           detected during:
[build]             instantiation of "void ggml_cuda_mmq_vec_dot_q8_0_q8_1_mma<type,J,fallback,ds_layout>(const int *, const int *, float *, int) [with type=GGML_TYPE_Q6_K, J=40, fallback=false, ds_layout=MMQ_Q8_1_DS_LAYOUT_DS4]" at line 728 of C:\Users\pperv\code\unnamed_rpg\vendor\ggml\src\ggml-cuda\template-instances\../mmq.cuh
[build]             instantiation of "ggml_cuda_mmq_util_funcs ggml_cuda_mmq_get_util_funcs<type,J,fallback>() [with type=GGML_TYPE_Q6_K, J=40, fallback=false]" at line 858 of C:\Users\pperv\code\unnamed_rpg\vendor\ggml\src\ggml-cuda\template-instances\../mmq.cuh
[build]             instantiation of "ggml_cuda_mmq_load_tiles_t ggml_cuda_mmq_get_load_tiles<type,J,fallback>() [with type=GGML_TYPE_Q6_K, J=40, fallback=false]" at line 885 of C:\Users\pperv\code\unnamed_rpg\vendor\ggml\src\ggml-cuda\template-instances\../mmq.cuh
[build]             instantiation of "void mul_mat_q_process_tile<type,J,fallback,fixup>(const char *, int, const int *, const int *, float *, float *, const float *, int, int, int, int, int, int, int) [with type=GGML_TYPE_Q6_K, J=40, fallback=false, fixup=false]" at line 1152 of C:\Users\pperv\code\unnamed_rpg\vendor\ggml\src\ggml-cuda\template-instances\../mmq.cuh
[build]             instantiation of "void mul_mat_q<type,J,fallback>(const char *, const int *, const int32_t *, const int32_t *, float *, float *, const float *, uint3, int, int, int, int, int, uint3, uint3, int, int, int, uint3, uint3, int, int, int, uint3) [with type=GGML_TYPE_Q6_K, J=40, fallback=false]" at line 1407 of C:\Users\pperv\code\unnamed_rpg\vendor\ggml\src\ggml-cuda\template-instances\../mmq.cuh
[build]             instantiation of "void launch_mul_mat_q<type,J,fallback>(ggml_backend_cuda_context &, const mmq_args &, cudaStream_t) [with type=GGML_TYPE_Q6_K, J=40, fallback=false]" at line 1516 of C:\Users\pperv\code\unnamed_rpg\vendor\ggml\src\ggml-cuda\template-instances\../mmq.cuh
[build]             instantiation of "void mul_mat_q_switch_J<type,fallback>(ggml_backend_cuda_context &, const mmq_args &, cudaStream_t) [with type=GGML_TYPE_Q6_K, fallback=false]" at line 1562 of C:\Users\pperv\code\unnamed_rpg\vendor\ggml\src\ggml-cuda\template-instances\../mmq.cuh
[build]             instantiation of "void mul_mat_q_case<type>(ggml_backend_cuda_context &, const mmq_args &, cudaStream_t) [with type=GGML_TYPE_Q6_K]" at line 5 of C:\Users\pperv\code\unnamed_rpg\vendor\ggml\src\ggml-cuda\template-instances\mmq-instance-q6_k.cu
[build] 
[build] C:\Users\pperv\code\unnamed_rpg\vendor\ggml\src\ggml-cuda\mmq-vec-dot.cuh(374): warning #177-D: variable "I" was declared but never referenced
[build]       constexpr int I             = ggml_cuda_mmq_get_I(type, J, fallback);
[build]                     ^
[build]           detected during:
[build]             instantiation of "void ggml_cuda_mmq_vec_dot_q8_1_q8_1_mma<type,J,fallback>(const int *, const int *, float *, int) [with type=GGML_TYPE_Q6_K, J=40, fallback=false]" at line 734 of C:\Users\pperv\code\unnamed_rpg\vendor\ggml\src\ggml-cuda\template-instances\../mmq.cuh
[build]             instantiation of "ggml_cuda_mmq_util_funcs ggml_cuda_mmq_get_util_funcs<type,J,fallback>() [with type=GGML_TYPE_Q6_K, J=40, fallback=false]" at line 858 of C:\Users\pperv\code\unnamed_rpg\vendor\ggml\src\ggml-cuda\template-instances\../mmq.cuh
[build]             instantiation of "ggml_cuda_mmq_load_tiles_t ggml_cuda_mmq_get_load_tiles<type,J,fallback>() [with type=GGML_TYPE_Q6_K, J=40, fallback=false]" at line 885 of C:\Users\pperv\code\unnamed_rpg\vendor\ggml\src\ggml-cuda\template-instances\../mmq.cuh
[build]             instantiation of "void mul_mat_q_process_tile<type,J,fallback,fixup>(const char *, int, const int *, const int *, float *, float *, const float *, int, int, int, int, int, int, int) [with type=GGML_TYPE_Q6_K, J=40, fallback=false, fixup=false]" at line 1152 of C:\Users\pperv\code\unnamed_rpg\vendor\ggml\src\ggml-cuda\template-instances\../mmq.cuh
[build]             instantiation of "void mul_mat_q<type,J,fallback>(const char *, const int *, const int32_t *, const int32_t *, float *, float *, const float *, uint3, int, int, int, int, int, uint3, uint3, int, int, int, uint3, uint3, int, int, int, uint3) [with type=GGML_TYPE_Q6_K, J=40, fallback=false]" at line 1407 of C:\Users\pperv\code\unnamed_rpg\vendor\ggml\src\ggml-cuda\template-instances\../mmq.cuh
[build]             instantiation of "void launch_mul_mat_q<type,J,fallback>(ggml_backend_cuda_context &, const mmq_args &, cudaStream_t) [with type=GGML_TYPE_Q6_K, J=40, fallback=false]" at line 1516 of C:\Users\pperv\code\unnamed_rpg\vendor\ggml\src\ggml-cuda\template-instances\../mmq.cuh
[build]             instantiation of "void mul_mat_q_switch_J<type,fallback>(ggml_backend_cuda_context &, const mmq_args &, cudaStream_t) [with type=GGML_TYPE_Q6_K, fallback=false]" at line 1562 of C:\Users\pperv\code\unnamed_rpg\vendor\ggml\src\ggml-cuda\template-instances\../mmq.cuh
[build]             instantiation of "void mul_mat_q_case<type>(ggml_backend_cuda_context &, const mmq_args &, cudaStream_t) [with type=GGML_TYPE_Q6_K]" at line 5 of C:\Users\pperv\code\unnamed_rpg\vendor\ggml\src\ggml-cuda\template-instances\mmq-instance-q6_k.cu
[build] 
[build] C:\Users\pperv\code\unnamed_rpg\vendor\ggml\src\ggml-cuda\mmq-vec-dot.cuh(759): warning #177-D: variable "I" was declared but never referenced
[build]       constexpr int I             = ggml_cuda_mmq_get_I(type, J, fallback);
[build]                     ^
[build]           detected during:
[build]             instantiation of "void ggml_cuda_mmq_vec_dot_q2_K_q8_1_mma<type,J,fallback>(const int *, const int *, float *, int) [with type=GGML_TYPE_Q6_K, J=40, fallback=false]" at line 759 of C:\Users\pperv\code\unnamed_rpg\vendor\ggml\src\ggml-cuda\template-instances\../mmq.cuh
[build]             instantiation of "ggml_cuda_mmq_util_funcs ggml_cuda_mmq_get_util_funcs<type,J,fallback>() [with type=GGML_TYPE_Q6_K, J=40, fallback=false]" at line 858 of C:\Users\pperv\code\unnamed_rpg\vendor\ggml\src\ggml-cuda\template-instances\../mmq.cuh
[build]             instantiation of "ggml_cuda_mmq_load_tiles_t ggml_cuda_mmq_get_load_tiles<type,J,fallback>() [with type=GGML_TYPE_Q6_K, J=40, fallback=false]" at line 885 of C:\Users\pperv\code\unnamed_rpg\vendor\ggml\src\ggml-cuda\template-instances\../mmq.cuh
[build]             instantiation of "void mul_mat_q_process_tile<type,J,fallback,fixup>(const char *, int, const int *, const int *, float *, float *, const float *, int, int, int, int, int, int, int) [with type=GGML_TYPE_Q6_K, J=40, fallback=false, fixup=false]" at line 1152 of C:\Users\pperv\code\unnamed_rpg\vendor\ggml\src\ggml-cuda\template-instances\../mmq.cuh
[build]             instantiation of "void mul_mat_q<type,J,fallback>(const char *, const int *, const int32_t *, const int32_t *, float *, float *, const float *, uint3, int, int, int, int, int, uint3, uint3, int, int, int, uint3, uint3, int, int, int, uint3) [with type=GGML_TYPE_Q6_K, J=40, fallback=false]" at line 1407 of C:\Users\pperv\code\unnamed_rpg\vendor\ggml\src\ggml-cuda\template-instances\../mmq.cuh
[build]             instantiation of "void launch_mul_mat_q<type,J,fallback>(ggml_backend_cuda_context &, const mmq_args &, cudaStream_t) [with type=GGML_TYPE_Q6_K, J=40, fallback=false]" at line 1516 of C:\Users\pperv\code\unnamed_rpg\vendor\ggml\src\ggml-cuda\template-instances\../mmq.cuh
[build]             instantiation of "void mul_mat_q_switch_J<type,fallback>(ggml_backend_cuda_context &, const mmq_args &, cudaStream_t) [with type=GGML_TYPE_Q6_K, fallback=false]" at line 1562 of C:\Users\pperv\code\unnamed_rpg\vendor\ggml\src\ggml-cuda\template-instances\../mmq.cuh
[build]             instantiation of "void mul_mat_q_case<type>(ggml_backend_cuda_context &, const mmq_args &, cudaStream_t) [with type=GGML_TYPE_Q6_K]" at line 5 of C:\Users\pperv\code\unnamed_rpg\vendor\ggml\src\ggml-cuda\template-instances\mmq-instance-q6_k.cu
[build] 
[build] C:\Users\pperv\code\unnamed_rpg\vendor\ggml\src\ggml-cuda\mmq-vec-dot.cuh(540): warning #177-D: variable "I" was declared but never referenced
[build]       constexpr int I             = ggml_cuda_mmq_get_I(type, J, fallback);
[build]                     ^
[build]           detected during:
[build]             instantiation of "void ggml_cuda_mmq_vec_dot_q8_0_16_q8_1_mma<type,J,fallback>(const int *, const int *, float *, int) [with type=GGML_TYPE_Q6_K, J=40, fallback=false]" at line 765 of C:\Users\pperv\code\unnamed_rpg\vendor\ggml\src\ggml-cuda\template-instances\../mmq.cuh
[build]             instantiation of "ggml_cuda_mmq_util_funcs ggml_cuda_mmq_get_util_funcs<type,J,fallback>() [with type=GGML_TYPE_Q6_K, J=40, fallback=false]" at line 858 of C:\Users\pperv\code\unnamed_rpg\vendor\ggml\src\ggml-cuda\template-instances\../mmq.cuh
[build]             instantiation of "ggml_cuda_mmq_load_tiles_t ggml_cuda_mmq_get_load_tiles<type,J,fallback>() [with type=GGML_TYPE_Q6_K, J=40, fallback=false]" at line 885 of C:\Users\pperv\code\unnamed_rpg\vendor\ggml\src\ggml-cuda\template-instances\../mmq.cuh
[build]             instantiation of "void mul_mat_q_process_tile<type,J,fallback,fixup>(const char *, int, const int *, const int *, float *, float *, const float *, int, int, int, int, int, int, int) [with type=GGML_TYPE_Q6_K, J=40, fallback=false, fixup=false]" at line 1152 of C:\Users\pperv\code\unnamed_rpg\vendor\ggml\src\ggml-cuda\template-instances\../mmq.cuh
[build]             instantiation of "void mul_mat_q<type,J,fallback>(const char *, const int *, const int32_t *, const int32_t *, float *, float *, const float *, uint3, int, int, int, int, int, uint3, uint3, int, int, int, uint3, uint3, int, int, int, uint3) [with type=GGML_TYPE_Q6_K, J=40, fallback=false]" at line 1407 of C:\Users\pperv\code\unnamed_rpg\vendor\ggml\src\ggml-cuda\template-instances\../mmq.cuh
[build]             instantiation of "void launch_mul_mat_q<type,J,fallback>(ggml_backend_cuda_context &, const mmq_args &, cudaStream_t) [with type=GGML_TYPE_Q6_K, J=40, fallback=false]" at line 1516 of C:\Users\pperv\code\unnamed_rpg\vendor\ggml\src\ggml-cuda\template-instances\../mmq.cuh
[build]             instantiation of "void mul_mat_q_switch_J<type,fallback>(ggml_backend_cuda_context &, const mmq_args &, cudaStream_t) [with type=GGML_TYPE_Q6_K, fallback=false]" at line 1562 of C:\Users\pperv\code\unnamed_rpg\vendor\ggml\src\ggml-cuda\template-instances\../mmq.cuh
[build]             instantiation of "void mul_mat_q_case<type>(ggml_backend_cuda_context &, const mmq_args &, cudaStream_t) [with type=GGML_TYPE_Q6_K]" at line 5 of C:\Users\pperv\code\unnamed_rpg\vendor\ggml\src\ggml-cuda\template-instances\mmq-instance-q6_k.cu
[build] 
[build] C:\Users\pperv\code\unnamed_rpg\vendor\ggml\src\ggml-cuda\mmq-vec-dot.cuh(1078): warning #177-D: variable "I" was declared but never referenced
[build]       constexpr int I             = ggml_cuda_mmq_get_I(type, J, fallback);
[build]                     ^
[build]           detected during:
[build]             instantiation of "void ggml_cuda_mmq_vec_dot_q6_K_q8_1_mma<type,J,fallback>(const int *, const int *, float *, int) [with type=GGML_TYPE_Q6_K, J=40, fallback=false]" at line 783 of C:\Users\pperv\code\unnamed_rpg\vendor\ggml\src\ggml-cuda\template-instances\../mmq.cuh
[build]             instantiation of "ggml_cuda_mmq_util_funcs ggml_cuda_mmq_get_util_funcs<type,J,fallback>() [with type=GGML_TYPE_Q6_K, J=40, fallback=false]" at line 858 of C:\Users\pperv\code\unnamed_rpg\vendor\ggml\src\ggml-cuda\template-instances\../mmq.cuh
[build]             instantiation of "ggml_cuda_mmq_load_tiles_t ggml_cuda_mmq_get_load_tiles<type,J,fallback>() [with type=GGML_TYPE_Q6_K, J=40, fallback=false]" at line 885 of C:\Users\pperv\code\unnamed_rpg\vendor\ggml\src\ggml-cuda\template-instances\../mmq.cuh
[build]             instantiation of "void mul_mat_q_process_tile<type,J,fallback,fixup>(const char *, int, const int *, const int *, float *, float *, const float *, int, int, int, int, int, int, int) [with type=GGML_TYPE_Q6_K, J=40, fallback=false, fixup=false]" at line 1152 of C:\Users\pperv\code\unnamed_rpg\vendor\ggml\src\ggml-cuda\template-instances\../mmq.cuh
[build]             instantiation of "void mul_mat_q<type,J,fallback>(const char *, const int *, const int32_t *, const int32_t *, float *, float *, const float *, uint3, int, int, int, int, int, uint3, uint3, int, int, int, uint3, uint3, int, int, int, uint3) [with type=GGML_TYPE_Q6_K, J=40, fallback=false]" at line 1407 of C:\Users\pperv\code\unnamed_rpg\vendor\ggml\src\ggml-cuda\template-instances\../mmq.cuh
[build]             instantiation of "void launch_mul_mat_q<type,J,fallback>(ggml_backend_cuda_context &, const mmq_args &, cudaStream_t) [with type=GGML_TYPE_Q6_K, J=40, fallback=false]" at line 1516 of C:\Users\pperv\code\unnamed_rpg\vendor\ggml\src\ggml-cuda\template-instances\../mmq.cuh
[build]             instantiation of "void mul_mat_q_switch_J<type,fallback>(ggml_backend_cuda_context &, const mmq_args &, cudaStream_t) [with type=GGML_TYPE_Q6_K, fallback=false]" at line 1562 of C:\Users\pperv\code\unnamed_rpg\vendor\ggml\src\ggml-cuda\template-instances\../mmq.cuh
[build]             instantiation of "void mul_mat_q_case<type>(ggml_backend_cuda_context &, const mmq_args &, cudaStream_t) [with type=GGML_TYPE_Q6_K]" at line 5 of C:\Users\pperv\code\unnamed_rpg\vendor\ggml\src\ggml-cuda\template-instances\mmq-instance-q6_k.cu
[build] 
[build] C:\Users\pperv\code\unnamed_rpg\vendor\ggml\src\ggml-cuda\template-instances\../mmq.cuh(543): warning #177-D: variable "I" was declared but never referenced
[build]       constexpr int I = ggml_cuda_mmq_get_I(type, J, fallback);
[build]                     ^
[build]           detected during:
[build]             instantiation of "ggml_cuda_mmq_util_funcs ggml_cuda_mmq_get_util_funcs<type,J,fallback>() [with type=GGML_TYPE_Q6_K, J=40, fallback=false]" at line 858
[build]             instantiation of "ggml_cuda_mmq_load_tiles_t ggml_cuda_mmq_get_load_tiles<type,J,fallback>() [with type=GGML_TYPE_Q6_K, J=40, fallback=false]" at line 885
[build]             instantiation of "void mul_mat_q_process_tile<type,J,fallback,fixup>(const char *, int, const int *, const int *, float *, float *, const float *, int, int, int, int, int, int, int) [with type=GGML_TYPE_Q6_K, J=40, fallback=false, fixup=false]" at line 1152
[build]             instantiation of "void mul_mat_q<type,J,fallback>(const char *, const int *, const int32_t *, const int32_t *, float *, float *, const float *, uint3, int, int, int, int, int, uint3, uint3, int, int, int, uint3, uint3, int, int, int, uint3) [with type=GGML_TYPE_Q6_K, J=40, fallback=false]" at line 1407
[build]             instantiation of "void launch_mul_mat_q<type,J,fallback>(ggml_backend_cuda_context &, const mmq_args &, cudaStream_t) [with type=GGML_TYPE_Q6_K, J=40, fallback=false]" at line 1516
[build]             instantiation of "void mul_mat_q_switch_J<type,fallback>(ggml_backend_cuda_context &, const mmq_args &, cudaStream_t) [with type=GGML_TYPE_Q6_K, fallback=false]" at line 1562
[build]             instantiation of "void mul_mat_q_case<type>(ggml_backend_cuda_context &, const mmq_args &, cudaStream_t) [with type=GGML_TYPE_Q6_K]" at line 5 of C:\Users\pperv\code\unnamed_rpg\vendor\ggml\src\ggml-cuda\template-instances\mmq-instance-q6_k.cu
[build] 
[build] C:\Users\pperv\code\unnamed_rpg\vendor\ggml\src\ggml-cuda\mmq-vec-dot.cuh(207): warning #177-D: variable "I" was declared but never referenced
[build]       constexpr int I             = ggml_cuda_mmq_get_I(type, J, fallback);
[build]                     ^
[build]           detected during:
[build]             instantiation of "void ggml_cuda_mmq_vec_dot_q8_0_q8_1_mma<type,J,fallback,ds_layout>(const int *, const int *, float *, int) [with type=GGML_TYPE_Q6_K, J=40, fallback=true, ds_layout=MMQ_Q8_1_DS_LAYOUT_D4]" at line 716 of C:\Users\pperv\code\unnamed_rpg\vendor\ggml\src\ggml-cuda\template-instances\../mmq.cuh
[build]             instantiation of "ggml_cuda_mmq_util_funcs ggml_cuda_mmq_get_util_funcs<type,J,fallback>() [with type=GGML_TYPE_Q6_K, J=40, fallback=true]" at line 858 of C:\Users\pperv\code\unnamed_rpg\vendor\ggml\src\ggml-cuda\template-instances\../mmq.cuh
[build]             instantiation of "ggml_cuda_mmq_load_tiles_t ggml_cuda_mmq_get_load_tiles<type,J,fallback>() [with type=GGML_TYPE_Q6_K, J=40, fallback=true]" at line 885 of C:\Users\pperv\code\unnamed_rpg\vendor\ggml\src\ggml-cuda\template-instances\../mmq.cuh
[build]             instantiation of "void mul_mat_q_process_tile<type,J,fallback,fixup>(const char *, int, const int *, const int *, float *, float *, const float *, int, int, int, int, int, int, int) [with type=GGML_TYPE_Q6_K, J=40, fallback=true, fixup=false]" at line 1058 of C:\Users\pperv\code\unnamed_rpg\vendor\ggml\src\ggml-cuda\template-instances\../mmq.cuh
[build]             instantiation of "void mul_mat_q<type,J,fallback>(const char *, const int *, const int32_t *, const int32_t *, float *, float *, const float *, uint3, int, int, int, int, int, uint3, uint3, int, int, int, uint3, uint3, int, int, int, uint3) [with type=GGML_TYPE_Q6_K, J=40, fallback=true]" at line 1408 of C:\Users\pperv\code\unnamed_rpg\vendor\ggml\src\ggml-cuda\template-instances\../mmq.cuh
[build]             instantiation of "void launch_mul_mat_q<type,J,fallback>(ggml_backend_cuda_context &, const mmq_args &, cudaStream_t) [with type=GGML_TYPE_Q6_K, J=40, fallback=false]" at line 1516 of C:\Users\pperv\code\unnamed_rpg\vendor\ggml\src\ggml-cuda\template-instances\../mmq.cuh
[build]             instantiation of "void mul_mat_q_switch_J<type,fallback>(ggml_backend_cuda_context &, const mmq_args &, cudaStream_t) [with type=GGML_TYPE_Q6_K, fallback=false]" at line 1562 of C:\Users\pperv\code\unnamed_rpg\vendor\ggml\src\ggml-cuda\template-instances\../mmq.cuh
[build]             instantiation of "void mul_mat_q_case<type>(ggml_backend_cuda_context &, const mmq_args &, cudaStream_t) [with type=GGML_TYPE_Q6_K]" at line 5 of C:\Users\pperv\code\unnamed_rpg\vendor\ggml\src\ggml-cuda\template-instances\mmq-instance-q6_k.cu
[build] 
[build] C:\Users\pperv\code\unnamed_rpg\vendor\ggml\src\ggml-cuda\template-instances\../mmq.cuh(485): warning #177-D: variable "nwarps" was declared but never referenced
[build]       constexpr int nwarps        = ggml_cuda_mmq_get_nthreads(type, J, fallback) / warp_size;
[build]                     ^
[build]           detected during:
[build]             instantiation of "void ggml_cuda_mmq_write_back_mma<type,J,fallback>(const float *, const int *, float *, const float *, int, int, int) [with type=GGML_TYPE_Q6_K, J=40, fallback=true]" at line 716
[build]             instantiation of "ggml_cuda_mmq_util_funcs ggml_cuda_mmq_get_util_funcs<type,J,fallback>() [with type=GGML_TYPE_Q6_K, J=40, fallback=true]" at line 858
[build]             instantiation of "ggml_cuda_mmq_load_tiles_t ggml_cuda_mmq_get_load_tiles<type,J,fallback>() [with type=GGML_TYPE_Q6_K, J=40, fallback=true]" at line 885
[build]             instantiation of "void mul_mat_q_process_tile<type,J,fallback,fixup>(const char *, int, const int *, const int *, float *, float *, const float *, int, int, int, int, int, int, int) [with type=GGML_TYPE_Q6_K, J=40, fallback=true, fixup=false]" at line 1058
[build]             instantiation of "void mul_mat_q<type,J,fallback>(const char *, const int *, const int32_t *, const int32_t *, float *, float *, const float *, uint3, int, int, int, int, int, uint3, uint3, int, int, int, uint3, uint3, int, int, int, uint3) [with type=GGML_TYPE_Q6_K, J=40, fallback=true]" at line 1408
[build]             instantiation of "void launch_mul_mat_q<type,J,fallback>(ggml_backend_cuda_context &, const mmq_args &, cudaStream_t) [with type=GGML_TYPE_Q6_K, J=40, fallback=false]" at line 1516
[build]             instantiation of "void mul_mat_q_switch_J<type,fallback>(ggml_backend_cuda_context &, const mmq_args &, cudaStream_t) [with type=GGML_TYPE_Q6_K, fallback=false]" at line 1562
[build]             instantiation of "void mul_mat_q_case<type>(ggml_backend_cuda_context &, const mmq_args &, cudaStream_t) [with type=GGML_TYPE_Q6_K]" at line 5 of C:\Users\pperv\code\unnamed_rpg\vendor\ggml\src\ggml-cuda\template-instances\mmq-instance-q6_k.cu
[build] 
[build] C:\Users\pperv\code\unnamed_rpg\vendor\ggml\src\ggml-cuda\template-instances\../mmq.cuh(486): warning #177-D: variable "I" was declared but never referenced
[build]       constexpr int I             = ggml_cuda_mmq_get_I(type, J, fallback);
[build]                     ^
[build]           detected during:
[build]             instantiation of "void ggml_cuda_mmq_write_back_mma<type,J,fallback>(const float *, const int *, float *, const float *, int, int, int) [with type=GGML_TYPE_Q6_K, J=40, fallback=true]" at line 716
[build]             instantiation of "ggml_cuda_mmq_util_funcs ggml_cuda_mmq_get_util_funcs<type,J,fallback>() [with type=GGML_TYPE_Q6_K, J=40, fallback=true]" at line 858
[build]             instantiation of "ggml_cuda_mmq_load_tiles_t ggml_cuda_mmq_get_load_tiles<type,J,fallback>() [with type=GGML_TYPE_Q6_K, J=40, fallback=true]" at line 885
[build]             instantiation of "void mul_mat_q_process_tile<type,J,fallback,fixup>(const char *, int, const int *, const int *, float *, float *, const float *, int, int, int, int, int, int, int) [with type=GGML_TYPE_Q6_K, J=40, fallback=true, fixup=false]" at line 1058
[build]             instantiation of "void mul_mat_q<type,J,fallback>(const char *, const int *, const int32_t *, const int32_t *, float *, float *, const float *, uint3, int, int, int, int, int, uint3, uint3, int, int, int, uint3, uint3, int, int, int, uint3) [with type=GGML_TYPE_Q6_K, J=40, fallback=true]" at line 1408
[build]             instantiation of "void launch_mul_mat_q<type,J,fallback>(ggml_backend_cuda_context &, const mmq_args &, cudaStream_t) [with type=GGML_TYPE_Q6_K, J=40, fallback=false]" at line 1516
[build]             instantiation of "void mul_mat_q_switch_J<type,fallback>(ggml_backend_cuda_context &, const mmq_args &, cudaStream_t) [with type=GGML_TYPE_Q6_K, fallback=false]" at line 1562
[build]             instantiation of "void mul_mat_q_case<type>(ggml_backend_cuda_context &, const mmq_args &, cudaStream_t) [with type=GGML_TYPE_Q6_K]" at line 5 of C:\Users\pperv\code\unnamed_rpg\vendor\ggml\src\ggml-cuda\template-instances\mmq-instance-q6_k.cu
[build] 
[build] C:\Users\pperv\code\unnamed_rpg\vendor\ggml\src\ggml-cuda\mmq-vec-dot.cuh(207): warning #177-D: variable "I" was declared but never referenced
[build]       constexpr int I             = ggml_cuda_mmq_get_I(type, J, fallback);
[build]                     ^
[build]           detected during:
[build]             instantiation of "void ggml_cuda_mmq_vec_dot_q8_0_q8_1_mma<type,J,fallback,ds_layout>(const int *, const int *, float *, int) [with type=GGML_TYPE_Q6_K, J=40, fallback=true, ds_layout=MMQ_Q8_1_DS_LAYOUT_DS4]" at line 728 of C:\Users\pperv\code\unnamed_rpg\vendor\ggml\src\ggml-cuda\template-instances\../mmq.cuh
[build]             instantiation of "ggml_cuda_mmq_util_funcs ggml_cuda_mmq_get_util_funcs<type,J,fallback>() [with type=GGML_TYPE_Q6_K, J=40, fallback=true]" at line 858 of C:\Users\pperv\code\unnamed_rpg\vendor\ggml\src\ggml-cuda\template-instances\../mmq.cuh
[build]             instantiation of "ggml_cuda_mmq_load_tiles_t ggml_cuda_mmq_get_load_tiles<type,J,fallback>() [with type=GGML_TYPE_Q6_K, J=40, fallback=true]" at line 885 of C:\Users\pperv\code\unnamed_rpg\vendor\ggml\src\ggml-cuda\template-instances\../mmq.cuh
[build]             instantiation of "void mul_mat_q_process_tile<type,J,fallback,fixup>(const char *, int, const int *, const int *, float *, float *, const float *, int, int, int, int, int, int, int) [with type=GGML_TYPE_Q6_K, J=40, fallback=true, fixup=false]" at line 1058 of C:\Users\pperv\code\unnamed_rpg\vendor\ggml\src\ggml-cuda\template-instances\../mmq.cuh
[build]             instantiation of "void mul_mat_q<type,J,fallback>(const char *, const int *, const int32_t *, const int32_t *, float *, float *, const float *, uint3, int, int, int, int, int, uint3, uint3, int, int, int, uint3, uint3, int, int, int, uint3) [with type=GGML_TYPE_Q6_K, J=40, fallback=true]" at line 1408 of C:\Users\pperv\code\unnamed_rpg\vendor\ggml\src\ggml-cuda\template-instances\../mmq.cuh
[build]             instantiation of "void launch_mul_mat_q<type,J,fallback>(ggml_backend_cuda_context &, const mmq_args &, cudaStream_t) [with type=GGML_TYPE_Q6_K, J=40, fallback=false]" at line 1516 of C:\Users\pperv\code\unnamed_rpg\vendor\ggml\src\ggml-cuda\template-instances\../mmq.cuh
[build]             instantiation of "void mul_mat_q_switch_J<type,fallback>(ggml_backend_cuda_context &, const mmq_args &, cudaStream_t) [with type=GGML_TYPE_Q6_K, fallback=false]" at line 1562 of C:\Users\pperv\code\unnamed_rpg\vendor\ggml\src\ggml-cuda\template-instances\../mmq.cuh
[build]             instantiation of "void mul_mat_q_case<type>(ggml_backend_cuda_context &, const mmq_args &, cudaStream_t) [with type=GGML_TYPE_Q6_K]" at line 5 of C:\Users\pperv\code\unnamed_rpg\vendor\ggml\src\ggml-cuda\template-instances\mmq-instance-q6_k.cu
[build] 
[build] C:\Users\pperv\code\unnamed_rpg\vendor\ggml\src\ggml-cuda\mmq-vec-dot.cuh(374): warning #177-D: variable "I" was declared but never referenced
[build]       constexpr int I             = ggml_cuda_mmq_get_I(type, J, fallback);
[build]                     ^
[build]           detected during:
[build]             instantiation of "void ggml_cuda_mmq_vec_dot_q8_1_q8_1_mma<type,J,fallback>(const int *, const int *, float *, int) [with type=GGML_TYPE_Q6_K, J=40, fallback=true]" at line 734 of C:\Users\pperv\code\unnamed_rpg\vendor\ggml\src\ggml-cuda\template-instances\../mmq.cuh
[build]             instantiation of "ggml_cuda_mmq_util_funcs ggml_cuda_mmq_get_util_funcs<type,J,fallback>() [with type=GGML_TYPE_Q6_K, J=40, fallback=true]" at line 858 of C:\Users\pperv\code\unnamed_rpg\vendor\ggml\src\ggml-cuda\template-instances\../mmq.cuh
[build]             instantiation of "ggml_cuda_mmq_load_tiles_t ggml_cuda_mmq_get_load_tiles<type,J,fallback>() [with type=GGML_TYPE_Q6_K, J=40, fallback=true]" at line 885 of C:\Users\pperv\code\unnamed_rpg\vendor\ggml\src\ggml-cuda\template-instances\../mmq.cuh
[build]             instantiation of "void mul_mat_q_process_tile<type,J,fallback,fixup>(const char *, int, const int *, const int *, float *, float *, const float *, int, int, int, int, int, int, int) [with type=GGML_TYPE_Q6_K, J=40, fallback=true, fixup=false]" at line 1058 of C:\Users\pperv\code\unnamed_rpg\vendor\ggml\src\ggml-cuda\template-instances\../mmq.cuh
[build]             instantiation of "void mul_mat_q<type,J,fallback>(const char *, const int *, const int32_t *, const int32_t *, float *, float *, const float *, uint3, int, int, int, int, int, uint3, uint3, int, int, int, uint3, uint3, int, int, int, uint3) [with type=GGML_TYPE_Q6_K, J=40, fallback=true]" at line 1408 of C:\Users\pperv\code\unnamed_rpg\vendor\ggml\src\ggml-cuda\template-instances\../mmq.cuh
[build]             instantiation of "void launch_mul_mat_q<type,J,fallback>(ggml_backend_cuda_context &, const mmq_args &, cudaStream_t) [with type=GGML_TYPE_Q6_K, J=40, fallback=false]" at line 1516 of C:\Users\pperv\code\unnamed_rpg\vendor\ggml\src\ggml-cuda\template-instances\../mmq.cuh
[build]             instantiation of "void mul_mat_q_switch_J<type,fallback>(ggml_backend_cuda_context &, const mmq_args &, cudaStream_t) [with type=GGML_TYPE_Q6_K, fallback=false]" at line 1562 of C:\Users\pperv\code\unnamed_rpg\vendor\ggml\src\ggml-cuda\template-instances\../mmq.cuh
[build]             instantiation of "void mul_mat_q_case<type>(ggml_backend_cuda_context &, const mmq_args &, cudaStream_t) [with type=GGML_TYPE_Q6_K]" at line 5 of C:\Users\pperv\code\unnamed_rpg\vendor\ggml\src\ggml-cuda\template-instances\mmq-instance-q6_k.cu
[build] 
[build] C:\Users\pperv\code\unnamed_rpg\vendor\ggml\src\ggml-cuda\mmq-vec-dot.cuh(759): warning #177-D: variable "I" was declared but never referenced
[build]       constexpr int I             = ggml_cuda_mmq_get_I(type, J, fallback);
[build]                     ^
[build]           detected during:
[build]             instantiation of "void ggml_cuda_mmq_vec_dot_q2_K_q8_1_mma<type,J,fallback>(const int *, const int *, float *, int) [with type=GGML_TYPE_Q6_K, J=40, fallback=true]" at line 759 of C:\Users\pperv\code\unnamed_rpg\vendor\ggml\src\ggml-cuda\template-instances\../mmq.cuh
[build]             instantiation of "ggml_cuda_mmq_util_funcs ggml_cuda_mmq_get_util_funcs<type,J,fallback>() [with type=GGML_TYPE_Q6_K, J=40, fallback=true]" at line 858 of C:\Users\pperv\code\unnamed_rpg\vendor\ggml\src\ggml-cuda\template-instances\../mmq.cuh
[build]             instantiation of "ggml_cuda_mmq_load_tiles_t ggml_cuda_mmq_get_load_tiles<type,J,fallback>() [with type=GGML_TYPE_Q6_K, J=40, fallback=true]" at line 885 of C:\Users\pperv\code\unnamed_rpg\vendor\ggml\src\ggml-cuda\template-instances\../mmq.cuh
[build]             instantiation of "void mul_mat_q_process_tile<type,J,fallback,fixup>(const char *, int, const int *, const int *, float *, float *, const float *, int, int, int, int, int, int, int) [with type=GGML_TYPE_Q6_K, J=40, fallback=true, fixup=false]" at line 1058 of C:\Users\pperv\code\unnamed_rpg\vendor\ggml\src\ggml-cuda\template-instances\../mmq.cuh
[build]             instantiation of "void mul_mat_q<type,J,fallback>(const char *, const int *, const int32_t *, const int32_t *, float *, float *, const float *, uint3, int, int, int, int, int, uint3, uint3, int, int, int, uint3, uint3, int, int, int, uint3) [with type=GGML_TYPE_Q6_K, J=40, fallback=true]" at line 1408 of C:\Users\pperv\code\unnamed_rpg\vendor\ggml\src\ggml-cuda\template-instances\../mmq.cuh
[build]             instantiation of "void launch_mul_mat_q<type,J,fallback>(ggml_backend_cuda_context &, const mmq_args &, cudaStream_t) [with type=GGML_TYPE_Q6_K, J=40, fallback=false]" at line 1516 of C:\Users\pperv\code\unnamed_rpg\vendor\ggml\src\ggml-cuda\template-instances\../mmq.cuh
[build]             instantiation of "void mul_mat_q_switch_J<type,fallback>(ggml_backend_cuda_context &, const mmq_args &, cudaStream_t) [with type=GGML_TYPE_Q6_K, fallback=false]" at line 1562 of C:\Users\pperv\code\unnamed_rpg\vendor\ggml\src\ggml-cuda\template-instances\../mmq.cuh
[build]             instantiation of "void mul_mat_q_case<type>(ggml_backend_cuda_context &, const mmq_args &, cudaStream_t) [with type=GGML_TYPE_Q6_K]" at line 5 of C:\Users\pperv\code\unnamed_rpg\vendor\ggml\src\ggml-cuda\template-instances\mmq-instance-q6_k.cu
[build] 
[build] C:\Users\pperv\code\unnamed_rpg\vendor\ggml\src\ggml-cuda\mmq-vec-dot.cuh(540): warning #177-D: variable "I" was declared but never referenced
[build]       constexpr int I             = ggml_cuda_mmq_get_I(type, J, fallback);
[build]                     ^
[build]           detected during:
[build]             instantiation of "void ggml_cuda_mmq_vec_dot_q8_0_16_q8_1_mma<type,J,fallback>(const int *, const int *, float *, int) [with type=GGML_TYPE_Q6_K, J=40, fallback=true]" at line 765 of C:\Users\pperv\code\unnamed_rpg\vendor\ggml\src\ggml-cuda\template-instances\../mmq.cuh
[build]             instantiation of "ggml_cuda_mmq_util_funcs ggml_cuda_mmq_get_util_funcs<type,J,fallback>() [with type=GGML_TYPE_Q6_K, J=40, fallback=true]" at line 858 of C:\Users\pperv\code\unnamed_rpg\vendor\ggml\src\ggml-cuda\template-instances\../mmq.cuh
[build]             instantiation of "ggml_cuda_mmq_load_tiles_t ggml_cuda_mmq_get_load_tiles<type,J,fallback>() [with type=GGML_TYPE_Q6_K, J=40, fallback=true]" at line 885 of C:\Users\pperv\code\unnamed_rpg\vendor\ggml\src\ggml-cuda\template-instances\../mmq.cuh
[build]             instantiation of "void mul_mat_q_process_tile<type,J,fallback,fixup>(const char *, int, const int *, const int *, float *, float *, const float *, int, int, int, int, int, int, int) [with type=GGML_TYPE_Q6_K, J=40, fallback=true, fixup=false]" at line 1058 of C:\Users\pperv\code\unnamed_rpg\vendor\ggml\src\ggml-cuda\template-instances\../mmq.cuh
[build]             instantiation of "void mul_mat_q<type,J,fallback>(const char *, const int *, const int32_t *, const int32_t *, float *, float *, const float *, uint3, int, int, int, int, int, uint3, uint3, int, int, int, uint3, uint3, int, int, int, uint3) [with type=GGML_TYPE_Q6_K, J=40, fallback=true]" at line 1408 of C:\Users\pperv\code\unnamed_rpg\vendor\ggml\src\ggml-cuda\template-instances\../mmq.cuh
[build]             instantiation of "void launch_mul_mat_q<type,J,fallback>(ggml_backend_cuda_context &, const mmq_args &, cudaStream_t) [with type=GGML_TYPE_Q6_K, J=40, fallback=false]" at line 1516 of C:\Users\pperv\code\unnamed_rpg\vendor\ggml\src\ggml-cuda\template-instances\../mmq.cuh
[build]             instantiation of "void mul_mat_q_switch_J<type,fallback>(ggml_backend_cuda_context &, const mmq_args &, cudaStream_t) [with type=GGML_TYPE_Q6_K, fallback=false]" at line 1562 of C:\Users\pperv\code\unnamed_rpg\vendor\ggml\src\ggml-cuda\template-instances\../mmq.cuh
[build]             instantiation of "void mul_mat_q_case<type>(ggml_backend_cuda_context &, const mmq_args &, cudaStream_t) [with type=GGML_TYPE_Q6_K]" at line 5 of C:\Users\pperv\code\unnamed_rpg\vendor\ggml\src\ggml-cuda\template-instances\mmq-instance-q6_k.cu
[build] 
[build] C:\Users\pperv\code\unnamed_rpg\vendor\ggml\src\ggml-cuda\mmq-vec-dot.cuh(1078): warning #177-D: variable "I" was declared but never referenced
[build]       constexpr int I             = ggml_cuda_mmq_get_I(type, J, fallback);
[build]                     ^
[build]           detected during:
[build]             instantiation of "void ggml_cuda_mmq_vec_dot_q6_K_q8_1_mma<type,J,fallback>(const int *, const int *, float *, int) [with type=GGML_TYPE_Q6_K, J=40, fallback=true]" at line 783 of C:\Users\pperv\code\unnamed_rpg\vendor\ggml\src\ggml-cuda\template-instances\../mmq.cuh
[build]             instantiation of "ggml_cuda_mmq_util_funcs ggml_cuda_mmq_get_util_funcs<type,J,fallback>() [with type=GGML_TYPE_Q6_K, J=40, fallback=true]" at line 858 of C:\Users\pperv\code\unnamed_rpg\vendor\ggml\src\ggml-cuda\template-instances\../mmq.cuh
[build]             instantiation of "ggml_cuda_mmq_load_tiles_t ggml_cuda_mmq_get_load_tiles<type,J,fallback>() [with type=GGML_TYPE_Q6_K, J=40, fallback=true]" at line 885 of C:\Users\pperv\code\unnamed_rpg\vendor\ggml\src\ggml-cuda\template-instances\../mmq.cuh
[build]             instantiation of "void mul_mat_q_process_tile<type,J,fallback,fixup>(const char *, int, const int *, const int *, float *, float *, const float *, int, int, int, int, int, int, int) [with type=GGML_TYPE_Q6_K, J=40, fallback=true, fixup=false]" at line 1058 of C:\Users\pperv\code\unnamed_rpg\vendor\ggml\src\ggml-cuda\template-instances\../mmq.cuh
[build]             instantiation of "void mul_mat_q<type,J,fallback>(const char *, const int *, const int32_t *, const int32_t *, float *, float *, const float *, uint3, int, int, int, int, int, uint3, uint3, int, int, int, uint3, uint3, int, int, int, uint3) [with type=GGML_TYPE_Q6_K, J=40, fallback=true]" at line 1408 of C:\Users\pperv\code\unnamed_rpg\vendor\ggml\src\ggml-cuda\template-instances\../mmq.cuh
[build]             instantiation of "void launch_mul_mat_q<type,J,fallback>(ggml_backend_cuda_context &, const mmq_args &, cudaStream_t) [with type=GGML_TYPE_Q6_K, J=40, fallback=false]" at line 1516 of C:\Users\pperv\code\unnamed_rpg\vendor\ggml\src\ggml-cuda\template-instances\../mmq.cuh
[build]             instantiation of "void mul_mat_q_switch_J<type,fallback>(ggml_backend_cuda_context &, const mmq_args &, cudaStream_t) [with type=GGML_TYPE_Q6_K, fallback=false]" at line 1562 of C:\Users\pperv\code\unnamed_rpg\vendor\ggml\src\ggml-cuda\template-instances\../mmq.cuh
[build]             instantiation of "void mul_mat_q_case<type>(ggml_backend_cuda_context &, const mmq_args &, cudaStream_t) [with type=GGML_TYPE_Q6_K]" at line 5 of C:\Users\pperv\code\unnamed_rpg\vendor\ggml\src\ggml-cuda\template-instances\mmq-instance-q6_k.cu
[build] 
[build] C:\Users\pperv\code\unnamed_rpg\vendor\ggml\src\ggml-cuda\template-instances\../mmq.cuh(543): warning #177-D: variable "I" was declared but never referenced
[build]       constexpr int I = ggml_cuda_mmq_get_I(type, J, fallback);
[build]                     ^
[build]           detected during:
[build]             instantiation of "ggml_cuda_mmq_util_funcs ggml_cuda_mmq_get_util_funcs<type,J,fallback>() [with type=GGML_TYPE_Q6_K, J=40, fallback=true]" at line 858
[build]             instantiation of "ggml_cuda_mmq_load_tiles_t ggml_cuda_mmq_get_load_tiles<type,J,fallback>() [with type=GGML_TYPE_Q6_K, J=40, fallback=true]" at line 885
[build]             instantiation of "void mul_mat_q_process_tile<type,J,fallback,fixup>(const char *, int, const int *, const int *, float *, float *, const float *, int, int, int, int, int, int, int) [with type=GGML_TYPE_Q6_K, J=40, fallback=true, fixup=false]" at line 1058
[build]             instantiation of "void mul_mat_q<type,J,fallback>(const char *, const int *, const int32_t *, const int32_t *, float *, float *, const float *, uint3, int, int, int, int, int, uint3, uint3, int, int, int, uint3, uint3, int, int, int, uint3) [with type=GGML_TYPE_Q6_K, J=40, fallback=true]" at line 1408
[build]             instantiation of "void launch_mul_mat_q<type,J,fallback>(ggml_backend_cuda_context &, const mmq_args &, cudaStream_t) [with type=GGML_TYPE_Q6_K, J=40, fallback=false]" at line 1516
[build]             instantiation of "void mul_mat_q_switch_J<type,fallback>(ggml_backend_cuda_context &, const mmq_args &, cudaStream_t) [with type=GGML_TYPE_Q6_K, fallback=false]" at line 1562
[build]             instantiation of "void mul_mat_q_case<type>(ggml_backend_cuda_context &, const mmq_args &, cudaStream_t) [with type=GGML_TYPE_Q6_K]" at line 5 of C:\Users\pperv\code\unnamed_rpg\vendor\ggml\src\ggml-cuda\template-instances\mmq-instance-q6_k.cu
[build] 
[build] C:\Users\pperv\code\unnamed_rpg\vendor\ggml\src\ggml-cuda\mmq-vec-dot.cuh(207): warning #177-D: variable "I" was declared but never referenced
[build]       constexpr int I             = ggml_cuda_mmq_get_I(type, J, fallback);
[build]                     ^
[build]           detected during:
[build]             instantiation of "void ggml_cuda_mmq_vec_dot_q8_0_q8_1_mma<type,J,fallback,ds_layout>(const int *, const int *, float *, int) [with type=GGML_TYPE_Q6_K, J=48, fallback=false, ds_layout=MMQ_Q8_1_DS_LAYOUT_D4]" at line 716 of C:\Users\pperv\code\unnamed_rpg\vendor\ggml\src\ggml-cuda\template-instances\../mmq.cuh
[build]             instantiation of "ggml_cuda_mmq_util_funcs ggml_cuda_mmq_get_util_funcs<type,J,fallback>() [with type=GGML_TYPE_Q6_K, J=48, fallback=false]" at line 858 of C:\Users\pperv\code\unnamed_rpg\vendor\ggml\src\ggml-cuda\template-instances\../mmq.cuh
[build]             instantiation of "ggml_cuda_mmq_load_tiles_t ggml_cuda_mmq_get_load_tiles<type,J,fallback>() [with type=GGML_TYPE_Q6_K, J=48, fallback=false]" at line 885 of C:\Users\pperv\code\unnamed_rpg\vendor\ggml\src\ggml-cuda\template-instances\../mmq.cuh
[build]             instantiation of "void mul_mat_q_process_tile<type,J,fallback,fixup>(const char *, int, const int *, const int *, float *, float *, const float *, int, int, int, int, int, int, int) [with type=GGML_TYPE_Q6_K, J=48, fallback=false, fixup=false]" at line 1152 of C:\Users\pperv\code\unnamed_rpg\vendor\ggml\src\ggml-cuda\template-instances\../mmq.cuh
[build]             instantiation of "void mul_mat_q<type,J,fallback>(const char *, const int *, const int32_t *, const int32_t *, float *, float *, const float *, uint3, int, int, int, int, int, uint3, uint3, int, int, int, uint3, uint3, int, int, int, uint3) [with type=GGML_TYPE_Q6_K, J=48, fallback=false]" at line 1407 of C:\Users\pperv\code\unnamed_rpg\vendor\ggml\src\ggml-cuda\template-instances\../mmq.cuh
[build]             instantiation of "void launch_mul_mat_q<type,J,fallback>(ggml_backend_cuda_context &, const mmq_args &, cudaStream_t) [with type=GGML_TYPE_Q6_K, J=48, fallback=false]" at line 1519 of C:\Users\pperv\code\unnamed_rpg\vendor\ggml\src\ggml-cuda\template-instances\../mmq.cuh
[build]             instantiation of "void mul_mat_q_switch_J<type,fallback>(ggml_backend_cuda_context &, const mmq_args &, cudaStream_t) [with type=GGML_TYPE_Q6_K, fallback=false]" at line 1562 of C:\Users\pperv\code\unnamed_rpg\vendor\ggml\src\ggml-cuda\template-instances\../mmq.cuh
[build]             instantiation of "void mul_mat_q_case<type>(ggml_backend_cuda_context &, const mmq_args &, cudaStream_t) [with type=GGML_TYPE_Q6_K]" at line 5 of C:\Users\pperv\code\unnamed_rpg\vendor\ggml\src\ggml-cuda\template-instances\mmq-instance-q6_k.cu
[build] 
[build] C:\Users\pperv\code\unnamed_rpg\vendor\ggml\src\ggml-cuda\template-instances\../mmq.cuh(485): warning #177-D: variable "nwarps" was declared but never referenced
[build]       constexpr int nwarps        = ggml_cuda_mmq_get_nthreads(type, J, fallback) / warp_size;
[build]                     ^
[build]           detected during:
[build]             instantiation of "void ggml_cuda_mmq_write_back_mma<type,J,fallback>(const float *, const int *, float *, const float *, int, int, int) [with type=GGML_TYPE_Q6_K, J=48, fallback=false]" at line 716
[build]             instantiation of "ggml_cuda_mmq_util_funcs ggml_cuda_mmq_get_util_funcs<type,J,fallback>() [with type=GGML_TYPE_Q6_K, J=48, fallback=false]" at line 858
[build]             instantiation of "ggml_cuda_mmq_load_tiles_t ggml_cuda_mmq_get_load_tiles<type,J,fallback>() [with type=GGML_TYPE_Q6_K, J=48, fallback=false]" at line 885
[build]             instantiation of "void mul_mat_q_process_tile<type,J,fallback,fixup>(const char *, int, const int *, const int *, float *, float *, const float *, int, int, int, int, int, int, int) [with type=GGML_TYPE_Q6_K, J=48, fallback=false, fixup=false]" at line 1152
[build]             instantiation of "void mul_mat_q<type,J,fallback>(const char *, const int *, const int32_t *, const int32_t *, float *, float *, const float *, uint3, int, int, int, int, int, uint3, uint3, int, int, int, uint3, uint3, int, int, int, uint3) [with type=GGML_TYPE_Q6_K, J=48, fallback=false]" at line 1407
[build]             instantiation of "void launch_mul_mat_q<type,J,fallback>(ggml_backend_cuda_context &, const mmq_args &, cudaStream_t) [with type=GGML_TYPE_Q6_K, J=48, fallback=false]" at line 1519
[build]             instantiation of "void mul_mat_q_switch_J<type,fallback>(ggml_backend_cuda_context &, const mmq_args &, cudaStream_t) [with type=GGML_TYPE_Q6_K, fallback=false]" at line 1562
[build]             instantiation of "void mul_mat_q_case<type>(ggml_backend_cuda_context &, const mmq_args &, cudaStream_t) [with type=GGML_TYPE_Q6_K]" at line 5 of C:\Users\pperv\code\unnamed_rpg\vendor\ggml\src\ggml-cuda\template-instances\mmq-instance-q6_k.cu
[build] 
[build] C:\Users\pperv\code\unnamed_rpg\vendor\ggml\src\ggml-cuda\template-instances\../mmq.cuh(486): warning #177-D: variable "I" was declared but never referenced
[build]       constexpr int I             = ggml_cuda_mmq_get_I(type, J, fallback);
[build]                     ^
[build]           detected during:
[build]             instantiation of "void ggml_cuda_mmq_write_back_mma<type,J,fallback>(const float *, const int *, float *, const float *, int, int, int) [with type=GGML_TYPE_Q6_K, J=48, fallback=false]" at line 716
[build]             instantiation of "ggml_cuda_mmq_util_funcs ggml_cuda_mmq_get_util_funcs<type,J,fallback>() [with type=GGML_TYPE_Q6_K, J=48, fallback=false]" at line 858
[build]             instantiation of "ggml_cuda_mmq_load_tiles_t ggml_cuda_mmq_get_load_tiles<type,J,fallback>() [with type=GGML_TYPE_Q6_K, J=48, fallback=false]" at line 885
[build]             instantiation of "void mul_mat_q_process_tile<type,J,fallback,fixup>(const char *, int, const int *, const int *, float *, float *, const float *, int, int, int, int, int, int, int) [with type=GGML_TYPE_Q6_K, J=48, fallback=false, fixup=false]" at line 1152
[build]             instantiation of "void mul_mat_q<type,J,fallback>(const char *, const int *, const int32_t *, const int32_t *, float *, float *, const float *, uint3, int, int, int, int, int, uint3, uint3, int, int, int, uint3, uint3, int, int, int, uint3) [with type=GGML_TYPE_Q6_K, J=48, fallback=false]" at line 1407
[build]             instantiation of "void launch_mul_mat_q<type,J,fallback>(ggml_backend_cuda_context &, const mmq_args &, cudaStream_t) [with type=GGML_TYPE_Q6_K, J=48, fallback=false]" at line 1519
[build]             instantiation of "void mul_mat_q_switch_J<type,fallback>(ggml_backend_cuda_context &, const mmq_args &, cudaStream_t) [with type=GGML_TYPE_Q6_K, fallback=false]" at line 1562
[build]             instantiation of "void mul_mat_q_case<type>(ggml_backend_cuda_context &, const mmq_args &, cudaStream_t) [with type=GGML_TYPE_Q6_K]" at line 5 of C:\Users\pperv\code\unnamed_rpg\vendor\ggml\src\ggml-cuda\template-instances\mmq-instance-q6_k.cu
[build] 
[build] C:\Users\pperv\code\unnamed_rpg\vendor\ggml\src\ggml-cuda\mmq-vec-dot.cuh(207): warning #177-D: variable "I" was declared but never referenced
[build]       constexpr int I             = ggml_cuda_mmq_get_I(type, J, fallback);
[build]                     ^
[build]           detected during:
[build]             instantiation of "void ggml_cuda_mmq_vec_dot_q8_0_q8_1_mma<type,J,fallback,ds_layout>(const int *, const int *, float *, int) [with type=GGML_TYPE_Q6_K, J=48, fallback=false, ds_layout=MMQ_Q8_1_DS_LAYOUT_DS4]" at line 728 of C:\Users\pperv\code\unnamed_rpg\vendor\ggml\src\ggml-cuda\template-instances\../mmq.cuh
[build]             instantiation of "ggml_cuda_mmq_util_funcs ggml_cuda_mmq_get_util_funcs<type,J,fallback>() [with type=GGML_TYPE_Q6_K, J=48, fallback=false]" at line 858 of C:\Users\pperv\code\unnamed_rpg\vendor\ggml\src\ggml-cuda\template-instances\../mmq.cuh
[build]             instantiation of "ggml_cuda_mmq_load_tiles_t ggml_cuda_mmq_get_load_tiles<type,J,fallback>() [with type=GGML_TYPE_Q6_K, J=48, fallback=false]" at line 885 of C:\Users\pperv\code\unnamed_rpg\vendor\ggml\src\ggml-cuda\template-instances\../mmq.cuh
[build]             instantiation of "void mul_mat_q_process_tile<type,J,fallback,fixup>(const char *, int, const int *, const int *, float *, float *, const float *, int, int, int, int, int, int, int) [with type=GGML_TYPE_Q6_K, J=48, fallback=false, fixup=false]" at line 1152 of C:\Users\pperv\code\unnamed_rpg\vendor\ggml\src\ggml-cuda\template-instances\../mmq.cuh
[build]             instantiation of "void mul_mat_q<type,J,fallback>(const char *, const int *, const int32_t *, const int32_t *, float *, float *, const float *, uint3, int, int, int, int, int, uint3, uint3, int, int, int, uint3, uint3, int, int, int, uint3) [with type=GGML_TYPE_Q6_K, J=48, fallback=false]" at line 1407 of C:\Users\pperv\code\unnamed_rpg\vendor\ggml\src\ggml-cuda\template-instances\../mmq.cuh
[build]             instantiation of "void launch_mul_mat_q<type,J,fallback>(ggml_backend_cuda_context &, const mmq_args &, cudaStream_t) [with type=GGML_TYPE_Q6_K, J=48, fallback=false]" at line 1519 of C:\Users\pperv\code\unnamed_rpg\vendor\ggml\src\ggml-cuda\template-instances\../mmq.cuh
[build]             instantiation of "void mul_mat_q_switch_J<type,fallback>(ggml_backend_cuda_context &, const mmq_args &, cudaStream_t) [with type=GGML_TYPE_Q6_K, fallback=false]" at line 1562 of C:\Users\pperv\code\unnamed_rpg\vendor\ggml\src\ggml-cuda\template-instances\../mmq.cuh
[build]             instantiation of "void mul_mat_q_case<type>(ggml_backend_cuda_context &, const mmq_args &, cudaStream_t) [with type=GGML_TYPE_Q6_K]" at line 5 of C:\Users\pperv\code\unnamed_rpg\vendor\ggml\src\ggml-cuda\template-instances\mmq-instance-q6_k.cu
[build] 
[build] C:\Users\pperv\code\unnamed_rpg\vendor\ggml\src\ggml-cuda\mmq-vec-dot.cuh(374): warning #177-D: variable "I" was declared but never referenced
[build]       constexpr int I             = ggml_cuda_mmq_get_I(type, J, fallback);
[build]                     ^
[build]           detected during:
[build]             instantiation of "void ggml_cuda_mmq_vec_dot_q8_1_q8_1_mma<type,J,fallback>(const int *, const int *, float *, int) [with type=GGML_TYPE_Q6_K, J=48, fallback=false]" at line 734 of C:\Users\pperv\code\unnamed_rpg\vendor\ggml\src\ggml-cuda\template-instances\../mmq.cuh
[build]             instantiation of "ggml_cuda_mmq_util_funcs ggml_cuda_mmq_get_util_funcs<type,J,fallback>() [with type=GGML_TYPE_Q6_K, J=48, fallback=false]" at line 858 of C:\Users\pperv\code\unnamed_rpg\vendor\ggml\src\ggml-cuda\template-instances\../mmq.cuh
[build]             instantiation of "ggml_cuda_mmq_load_tiles_t ggml_cuda_mmq_get_load_tiles<type,J,fallback>() [with type=GGML_TYPE_Q6_K, J=48, fallback=false]" at line 885 of C:\Users\pperv\code\unnamed_rpg\vendor\ggml\src\ggml-cuda\template-instances\../mmq.cuh
[build]             instantiation of "void mul_mat_q_process_tile<type,J,fallback,fixup>(const char *, int, const int *, const int *, float *, float *, const float *, int, int, int, int, int, int, int) [with type=GGML_TYPE_Q6_K, J=48, fallback=false, fixup=false]" at line 1152 of C:\Users\pperv\code\unnamed_rpg\vendor\ggml\src\ggml-cuda\template-instances\../mmq.cuh
[build]             instantiation of "void mul_mat_q<type,J,fallback>(const char *, const int *, const int32_t *, const int32_t *, float *, float *, const float *, uint3, int, int, int, int, int, uint3, uint3, int, int, int, uint3, uint3, int, int, int, uint3) [with type=GGML_TYPE_Q6_K, J=48, fallback=false]" at line 1407 of C:\Users\pperv\code\unnamed_rpg\vendor\ggml\src\ggml-cuda\template-instances\../mmq.cuh
[build]             instantiation of "void launch_mul_mat_q<type,J,fallback>(ggml_backend_cuda_context &, const mmq_args &, cudaStream_t) [with type=GGML_TYPE_Q6_K, J=48, fallback=false]" at line 1519 of C:\Users\pperv\code\unnamed_rpg\vendor\ggml\src\ggml-cuda\template-instances\../mmq.cuh
[build]             instantiation of "void mul_mat_q_switch_J<type,fallback>(ggml_backend_cuda_context &, const mmq_args &, cudaStream_t) [with type=GGML_TYPE_Q6_K, fallback=false]" at line 1562 of C:\Users\pperv\code\unnamed_rpg\vendor\ggml\src\ggml-cuda\template-instances\../mmq.cuh
[build]             instantiation of "void mul_mat_q_case<type>(ggml_backend_cuda_context &, const mmq_args &, cudaStream_t) [with type=GGML_TYPE_Q6_K]" at line 5 of C:\Users\pperv\code\unnamed_rpg\vendor\ggml\src\ggml-cuda\template-instances\mmq-instance-q6_k.cu
[build] 
[build] C:\Users\pperv\code\unnamed_rpg\vendor\ggml\src\ggml-cuda\mmq-vec-dot.cuh(759): warning #177-D: variable "I" was declared but never referenced
[build]       constexpr int I             = ggml_cuda_mmq_get_I(type, J, fallback);
[build]                     ^
[build]           detected during:
[build]             instantiation of "void ggml_cuda_mmq_vec_dot_q2_K_q8_1_mma<type,J,fallback>(const int *, const int *, float *, int) [with type=GGML_TYPE_Q6_K, J=48, fallback=false]" at line 759 of C:\Users\pperv\code\unnamed_rpg\vendor\ggml\src\ggml-cuda\template-instances\../mmq.cuh
[build]             instantiation of "ggml_cuda_mmq_util_funcs ggml_cuda_mmq_get_util_funcs<type,J,fallback>() [with type=GGML_TYPE_Q6_K, J=48, fallback=false]" at line 858 of C:\Users\pperv\code\unnamed_rpg\vendor\ggml\src\ggml-cuda\template-instances\../mmq.cuh
[build]             instantiation of "ggml_cuda_mmq_load_tiles_t ggml_cuda_mmq_get_load_tiles<type,J,fallback>() [with type=GGML_TYPE_Q6_K, J=48, fallback=false]" at line 885 of C:\Users\pperv\code\unnamed_rpg\vendor\ggml\src\ggml-cuda\template-instances\../mmq.cuh
[build]             instantiation of "void mul_mat_q_process_tile<type,J,fallback,fixup>(const char *, int, const int *, const int *, float *, float *, const float *, int, int, int, int, int, int, int) [with type=GGML_TYPE_Q6_K, J=48, fallback=false, fixup=false]" at line 1152 of C:\Users\pperv\code\unnamed_rpg\vendor\ggml\src\ggml-cuda\template-instances\../mmq.cuh
[build]             instantiation of "void mul_mat_q<type,J,fallback>(const char *, const int *, const int32_t *, const int32_t *, float *, float *, const float *, uint3, int, int, int, int, int, uint3, uint3, int, int, int, uint3, uint3, int, int, int, uint3) [with type=GGML_TYPE_Q6_K, J=48, fallback=false]" at line 1407 of C:\Users\pperv\code\unnamed_rpg\vendor\ggml\src\ggml-cuda\template-instances\../mmq.cuh
[build]             instantiation of "void launch_mul_mat_q<type,J,fallback>(ggml_backend_cuda_context &, const mmq_args &, cudaStream_t) [with type=GGML_TYPE_Q6_K, J=48, fallback=false]" at line 1519 of C:\Users\pperv\code\unnamed_rpg\vendor\ggml\src\ggml-cuda\template-instances\../mmq.cuh
[build]             instantiation of "void mul_mat_q_switch_J<type,fallback>(ggml_backend_cuda_context &, const mmq_args &, cudaStream_t) [with type=GGML_TYPE_Q6_K, fallback=false]" at line 1562 of C:\Users\pperv\code\unnamed_rpg\vendor\ggml\src\ggml-cuda\template-instances\../mmq.cuh
[build]             instantiation of "void mul_mat_q_case<type>(ggml_backend_cuda_context &, const mmq_args &, cudaStream_t) [with type=GGML_TYPE_Q6_K]" at line 5 of C:\Users\pperv\code\unnamed_rpg\vendor\ggml\src\ggml-cuda\template-instances\mmq-instance-q6_k.cu
[build] 
[build] C:\Users\pperv\code\unnamed_rpg\vendor\ggml\src\ggml-cuda\mmq-vec-dot.cuh(540): warning #177-D: variable "I" was declared but never referenced
[build]       constexpr int I             = ggml_cuda_mmq_get_I(type, J, fallback);
[build]                     ^
[build]           detected during:
[build]             instantiation of "void ggml_cuda_mmq_vec_dot_q8_0_16_q8_1_mma<type,J,fallback>(const int *, const int *, float *, int) [with type=GGML_TYPE_Q6_K, J=48, fallback=false]" at line 765 of C:\Users\pperv\code\unnamed_rpg\vendor\ggml\src\ggml-cuda\template-instances\../mmq.cuh
[build]             instantiation of "ggml_cuda_mmq_util_funcs ggml_cuda_mmq_get_util_funcs<type,J,fallback>() [with type=GGML_TYPE_Q6_K, J=48, fallback=false]" at line 858 of C:\Users\pperv\code\unnamed_rpg\vendor\ggml\src\ggml-cuda\template-instances\../mmq.cuh
[build]             instantiation of "ggml_cuda_mmq_load_tiles_t ggml_cuda_mmq_get_load_tiles<type,J,fallback>() [with type=GGML_TYPE_Q6_K, J=48, fallback=false]" at line 885 of C:\Users\pperv\code\unnamed_rpg\vendor\ggml\src\ggml-cuda\template-instances\../mmq.cuh
[build]             instantiation of "void mul_mat_q_process_tile<type,J,fallback,fixup>(const char *, int, const int *, const int *, float *, float *, const float *, int, int, int, int, int, int, int) [with type=GGML_TYPE_Q6_K, J=48, fallback=false, fixup=false]" at line 1152 of C:\Users\pperv\code\unnamed_rpg\vendor\ggml\src\ggml-cuda\template-instances\../mmq.cuh
[build]             instantiation of "void mul_mat_q<type,J,fallback>(const char *, const int *, const int32_t *, const int32_t *, float *, float *, const float *, uint3, int, int, int, int, int, uint3, uint3, int, int, int, uint3, uint3, int, int, int, uint3) [with type=GGML_TYPE_Q6_K, J=48, fallback=false]" at line 1407 of C:\Users\pperv\code\unnamed_rpg\vendor\ggml\src\ggml-cuda\template-instances\../mmq.cuh
[build]             instantiation of "void launch_mul_mat_q<type,J,fallback>(ggml_backend_cuda_context &, const mmq_args &, cudaStream_t) [with type=GGML_TYPE_Q6_K, J=48, fallback=false]" at line 1519 of C:\Users\pperv\code\unnamed_rpg\vendor\ggml\src\ggml-cuda\template-instances\../mmq.cuh
[build]             instantiation of "void mul_mat_q_switch_J<type,fallback>(ggml_backend_cuda_context &, const mmq_args &, cudaStream_t) [with type=GGML_TYPE_Q6_K, fallback=false]" at line 1562 of C:\Users\pperv\code\unnamed_rpg\vendor\ggml\src\ggml-cuda\template-instances\../mmq.cuh
[build]             instantiation of "void mul_mat_q_case<type>(ggml_backend_cuda_context &, const mmq_args &, cudaStream_t) [with type=GGML_TYPE_Q6_K]" at line 5 of C:\Users\pperv\code\unnamed_rpg\vendor\ggml\src\ggml-cuda\template-instances\mmq-instance-q6_k.cu
[build] 
[build] C:\Users\pperv\code\unnamed_rpg\vendor\ggml\src\ggml-cuda\mmq-vec-dot.cuh(1078): warning #177-D: variable "I" was declared but never referenced
[build]       constexpr int I             = ggml_cuda_mmq_get_I(type, J, fallback);
[build]                     ^
[build]           detected during:
[build]             instantiation of "void ggml_cuda_mmq_vec_dot_q6_K_q8_1_mma<type,J,fallback>(const int *, const int *, float *, int) [with type=GGML_TYPE_Q6_K, J=48, fallback=false]" at line 783 of C:\Users\pperv\code\unnamed_rpg\vendor\ggml\src\ggml-cuda\template-instances\../mmq.cuh
[build]             instantiation of "ggml_cuda_mmq_util_funcs ggml_cuda_mmq_get_util_funcs<type,J,fallback>() [with type=GGML_TYPE_Q6_K, J=48, fallback=false]" at line 858 of C:\Users\pperv\code\unnamed_rpg\vendor\ggml\src\ggml-cuda\template-instances\../mmq.cuh
[build]             instantiation of "ggml_cuda_mmq_load_tiles_t ggml_cuda_mmq_get_load_tiles<type,J,fallback>() [with type=GGML_TYPE_Q6_K, J=48, fallback=false]" at line 885 of C:\Users\pperv\code\unnamed_rpg\vendor\ggml\src\ggml-cuda\template-instances\../mmq.cuh
[build]             instantiation of "void mul_mat_q_process_tile<type,J,fallback,fixup>(const char *, int, const int *, const int *, float *, float *, const float *, int, int, int, int, int, int, int) [with type=GGML_TYPE_Q6_K, J=48, fallback=false, fixup=false]" at line 1152 of C:\Users\pperv\code\unnamed_rpg\vendor\ggml\src\ggml-cuda\template-instances\../mmq.cuh
[build]             instantiation of "void mul_mat_q<type,J,fallback>(const char *, const int *, const int32_t *, const int32_t *, float *, float *, const float *, uint3, int, int, int, int, int, uint3, uint3, int, int, int, uint3, uint3, int, int, int, uint3) [with type=GGML_TYPE_Q6_K, J=48, fallback=false]" at line 1407 of C:\Users\pperv\code\unnamed_rpg\vendor\ggml\src\ggml-cuda\template-instances\../mmq.cuh
[build]             instantiation of "void launch_mul_mat_q<type,J,fallback>(ggml_backend_cuda_context &, const mmq_args &, cudaStream_t) [with type=GGML_TYPE_Q6_K, J=48, fallback=false]" at line 1519 of C:\Users\pperv\code\unnamed_rpg\vendor\ggml\src\ggml-cuda\template-instances\../mmq.cuh
[build]             instantiation of "void mul_mat_q_switch_J<type,fallback>(ggml_backend_cuda_context &, const mmq_args &, cudaStream_t) [with type=GGML_TYPE_Q6_K, fallback=false]" at line 1562 of C:\Users\pperv\code\unnamed_rpg\vendor\ggml\src\ggml-cuda\template-instances\../mmq.cuh
[build]             instantiation of "void mul_mat_q_case<type>(ggml_backend_cuda_context &, const mmq_args &, cudaStream_t) [with type=GGML_TYPE_Q6_K]" at line 5 of C:\Users\pperv\code\unnamed_rpg\vendor\ggml\src\ggml-cuda\template-instances\mmq-instance-q6_k.cu
[build] 
[build] C:\Users\pperv\code\unnamed_rpg\vendor\ggml\src\ggml-cuda\template-instances\../mmq.cuh(543): warning #177-D: variable "I" was declared but never referenced
[build]       constexpr int I = ggml_cuda_mmq_get_I(type, J, fallback);
[build]                     ^
[build]           detected during:
[build]             instantiation of "ggml_cuda_mmq_util_funcs ggml_cuda_mmq_get_util_funcs<type,J,fallback>() [with type=GGML_TYPE_Q6_K, J=48, fallback=false]" at line 858
[build]             instantiation of "ggml_cuda_mmq_load_tiles_t ggml_cuda_mmq_get_load_tiles<type,J,fallback>() [with type=GGML_TYPE_Q6_K, J=48, fallback=false]" at line 885
[build]             instantiation of "void mul_mat_q_process_tile<type,J,fallback,fixup>(const char *, int, const int *, const int *, float *, float *, const float *, int, int, int, int, int, int, int) [with type=GGML_TYPE_Q6_K, J=48, fallback=false, fixup=false]" at line 1152
[build]             instantiation of "void mul_mat_q<type,J,fallback>(const char *, const int *, const int32_t *, const int32_t *, float *, float *, const float *, uint3, int, int, int, int, int, uint3, uint3, int, int, int, uint3, uint3, int, int, int, uint3) [with type=GGML_TYPE_Q6_K, J=48, fallback=false]" at line 1407
[build]             instantiation of "void launch_mul_mat_q<type,J,fallback>(ggml_backend_cuda_context &, const mmq_args &, cudaStream_t) [with type=GGML_TYPE_Q6_K, J=48, fallback=false]" at line 1519
[build]             instantiation of "void mul_mat_q_switch_J<type,fallback>(ggml_backend_cuda_context &, const mmq_args &, cudaStream_t) [with type=GGML_TYPE_Q6_K, fallback=false]" at line 1562
[build]             instantiation of "void mul_mat_q_case<type>(ggml_backend_cuda_context &, const mmq_args &, cudaStream_t) [with type=GGML_TYPE_Q6_K]" at line 5 of C:\Users\pperv\code\unnamed_rpg\vendor\ggml\src\ggml-cuda\template-instances\mmq-instance-q6_k.cu
[build] 
[build] C:\Users\pperv\code\unnamed_rpg\vendor\ggml\src\ggml-cuda\mmq-vec-dot.cuh(207): warning #177-D: variable "I" was declared but never referenced
[build]       constexpr int I             = ggml_cuda_mmq_get_I(type, J, fallback);
[build]                     ^
[build]           detected during:
[build]             instantiation of "void ggml_cuda_mmq_vec_dot_q8_0_q8_1_mma<type,J,fallback,ds_layout>(const int *, const int *, float *, int) [with type=GGML_TYPE_Q6_K, J=48, fallback=true, ds_layout=MMQ_Q8_1_DS_LAYOUT_D4]" at line 716 of C:\Users\pperv\code\unnamed_rpg\vendor\ggml\src\ggml-cuda\template-instances\../mmq.cuh
[build]             instantiation of "ggml_cuda_mmq_util_funcs ggml_cuda_mmq_get_util_funcs<type,J,fallback>() [with type=GGML_TYPE_Q6_K, J=48, fallback=true]" at line 858 of C:\Users\pperv\code\unnamed_rpg\vendor\ggml\src\ggml-cuda\template-instances\../mmq.cuh
[build]             instantiation of "ggml_cuda_mmq_load_tiles_t ggml_cuda_mmq_get_load_tiles<type,J,fallback>() [with type=GGML_TYPE_Q6_K, J=48, fallback=true]" at line 885 of C:\Users\pperv\code\unnamed_rpg\vendor\ggml\src\ggml-cuda\template-instances\../mmq.cuh
[build]             instantiation of "void mul_mat_q_process_tile<type,J,fallback,fixup>(const char *, int, const int *, const int *, float *, float *, const float *, int, int, int, int, int, int, int) [with type=GGML_TYPE_Q6_K, J=48, fallback=true, fixup=false]" at line 1058 of C:\Users\pperv\code\unnamed_rpg\vendor\ggml\src\ggml-cuda\template-instances\../mmq.cuh
[build]             instantiation of "void mul_mat_q<type,J,fallback>(const char *, const int *, const int32_t *, const int32_t *, float *, float *, const float *, uint3, int, int, int, int, int, uint3, uint3, int, int, int, uint3, uint3, int, int, int, uint3) [with type=GGML_TYPE_Q6_K, J=48, fallback=true]" at line 1408 of C:\Users\pperv\code\unnamed_rpg\vendor\ggml\src\ggml-cuda\template-instances\../mmq.cuh
[build]             instantiation of "void launch_mul_mat_q<type,J,fallback>(ggml_backend_cuda_context &, const mmq_args &, cudaStream_t) [with type=GGML_TYPE_Q6_K, J=48, fallback=false]" at line 1519 of C:\Users\pperv\code\unnamed_rpg\vendor\ggml\src\ggml-cuda\template-instances\../mmq.cuh
[build]             instantiation of "void mul_mat_q_switch_J<type,fallback>(ggml_backend_cuda_context &, const mmq_args &, cudaStream_t) [with type=GGML_TYPE_Q6_K, fallback=false]" at line 1562 of C:\Users\pperv\code\unnamed_rpg\vendor\ggml\src\ggml-cuda\template-instances\../mmq.cuh
[build]             instantiation of "void mul_mat_q_case<type>(ggml_backend_cuda_context &, const mmq_args &, cudaStream_t) [with type=GGML_TYPE_Q6_K]" at line 5 of C:\Users\pperv\code\unnamed_rpg\vendor\ggml\src\ggml-cuda\template-instances\mmq-instance-q6_k.cu
[build] 
[build] C:\Users\pperv\code\unnamed_rpg\vendor\ggml\src\ggml-cuda\template-instances\../mmq.cuh(485): warning #177-D: variable "nwarps" was declared but never referenced
[build]       constexpr int nwarps        = ggml_cuda_mmq_get_nthreads(type, J, fallback) / warp_size;
[build]                     ^
[build]           detected during:
[build]             instantiation of "void ggml_cuda_mmq_write_back_mma<type,J,fallback>(const float *, const int *, float *, const float *, int, int, int) [with type=GGML_TYPE_Q6_K, J=48, fallback=true]" at line 716
[build]             instantiation of "ggml_cuda_mmq_util_funcs ggml_cuda_mmq_get_util_funcs<type,J,fallback>() [with type=GGML_TYPE_Q6_K, J=48, fallback=true]" at line 858
[build]             instantiation of "ggml_cuda_mmq_load_tiles_t ggml_cuda_mmq_get_load_tiles<type,J,fallback>() [with type=GGML_TYPE_Q6_K, J=48, fallback=true]" at line 885
[build]             instantiation of "void mul_mat_q_process_tile<type,J,fallback,fixup>(const char *, int, const int *, const int *, float *, float *, const float *, int, int, int, int, int, int, int) [with type=GGML_TYPE_Q6_K, J=48, fallback=true, fixup=false]" at line 1058
[build]             instantiation of "void mul_mat_q<type,J,fallback>(const char *, const int *, const int32_t *, const int32_t *, float *, float *, const float *, uint3, int, int, int, int, int, uint3, uint3, int, int, int, uint3, uint3, int, int, int, uint3) [with type=GGML_TYPE_Q6_K, J=48, fallback=true]" at line 1408
[build]             instantiation of "void launch_mul_mat_q<type,J,fallback>(ggml_backend_cuda_context &, const mmq_args &, cudaStream_t) [with type=GGML_TYPE_Q6_K, J=48, fallback=false]" at line 1519
[build]             instantiation of "void mul_mat_q_switch_J<type,fallback>(ggml_backend_cuda_context &, const mmq_args &, cudaStream_t) [with type=GGML_TYPE_Q6_K, fallback=false]" at line 1562
[build]             instantiation of "void mul_mat_q_case<type>(ggml_backend_cuda_context &, const mmq_args &, cudaStream_t) [with type=GGML_TYPE_Q6_K]" at line 5 of C:\Users\pperv\code\unnamed_rpg\vendor\ggml\src\ggml-cuda\template-instances\mmq-instance-q6_k.cu
[build] 
[build] C:\Users\pperv\code\unnamed_rpg\vendor\ggml\src\ggml-cuda\template-instances\../mmq.cuh(486): warning #177-D: variable "I" was declared but never referenced
[build]       constexpr int I             = ggml_cuda_mmq_get_I(type, J, fallback);
[build]                     ^
[build]           detected during:
[build]             instantiation of "void ggml_cuda_mmq_write_back_mma<type,J,fallback>(const float *, const int *, float *, const float *, int, int, int) [with type=GGML_TYPE_Q6_K, J=48, fallback=true]" at line 716
[build]             instantiation of "ggml_cuda_mmq_util_funcs ggml_cuda_mmq_get_util_funcs<type,J,fallback>() [with type=GGML_TYPE_Q6_K, J=48, fallback=true]" at line 858
[build]             instantiation of "ggml_cuda_mmq_load_tiles_t ggml_cuda_mmq_get_load_tiles<type,J,fallback>() [with type=GGML_TYPE_Q6_K, J=48, fallback=true]" at line 885
[build]             instantiation of "void mul_mat_q_process_tile<type,J,fallback,fixup>(const char *, int, const int *, const int *, float *, float *, const float *, int, int, int, int, int, int, int) [with type=GGML_TYPE_Q6_K, J=48, fallback=true, fixup=false]" at line 1058
[build]             instantiation of "void mul_mat_q<type,J,fallback>(const char *, const int *, const int32_t *, const int32_t *, float *, float *, const float *, uint3, int, int, int, int, int, uint3, uint3, int, int, int, uint3, uint3, int, int, int, uint3) [with type=GGML_TYPE_Q6_K, J=48, fallback=true]" at line 1408
[build]             instantiation of "void launch_mul_mat_q<type,J,fallback>(ggml_backend_cuda_context &, const mmq_args &, cudaStream_t) [with type=GGML_TYPE_Q6_K, J=48, fallback=false]" at line 1519
[build]             instantiation of "void mul_mat_q_switch_J<type,fallback>(ggml_backend_cuda_context &, const mmq_args &, cudaStream_t) [with type=GGML_TYPE_Q6_K, fallback=false]" at line 1562
[build]             instantiation of "void mul_mat_q_case<type>(ggml_backend_cuda_context &, const mmq_args &, cudaStream_t) [with type=GGML_TYPE_Q6_K]" at line 5 of C:\Users\pperv\code\unnamed_rpg\vendor\ggml\src\ggml-cuda\template-instances\mmq-instance-q6_k.cu
[build] 
[build] C:\Users\pperv\code\unnamed_rpg\vendor\ggml\src\ggml-cuda\mmq-vec-dot.cuh(207): warning #177-D: variable "I" was declared but never referenced
[build]       constexpr int I             = ggml_cuda_mmq_get_I(type, J, fallback);
[build]                     ^
[build]           detected during:
[build]             instantiation of "void ggml_cuda_mmq_vec_dot_q8_0_q8_1_mma<type,J,fallback,ds_layout>(const int *, const int *, float *, int) [with type=GGML_TYPE_Q6_K, J=48, fallback=true, ds_layout=MMQ_Q8_1_DS_LAYOUT_DS4]" at line 728 of C:\Users\pperv\code\unnamed_rpg\vendor\ggml\src\ggml-cuda\template-instances\../mmq.cuh
[build]             instantiation of "ggml_cuda_mmq_util_funcs ggml_cuda_mmq_get_util_funcs<type,J,fallback>() [with type=GGML_TYPE_Q6_K, J=48, fallback=true]" at line 858 of C:\Users\pperv\code\unnamed_rpg\vendor\ggml\src\ggml-cuda\template-instances\../mmq.cuh
[build]             instantiation of "ggml_cuda_mmq_load_tiles_t ggml_cuda_mmq_get_load_tiles<type,J,fallback>() [with type=GGML_TYPE_Q6_K, J=48, fallback=true]" at line 885 of C:\Users\pperv\code\unnamed_rpg\vendor\ggml\src\ggml-cuda\template-instances\../mmq.cuh
[build]             instantiation of "void mul_mat_q_process_tile<type,J,fallback,fixup>(const char *, int, const int *, const int *, float *, float *, const float *, int, int, int, int, int, int, int) [with type=GGML_TYPE_Q6_K, J=48, fallback=true, fixup=false]" at line 1058 of C:\Users\pperv\code\unnamed_rpg\vendor\ggml\src\ggml-cuda\template-instances\../mmq.cuh
[build]             instantiation of "void mul_mat_q<type,J,fallback>(const char *, const int *, const int32_t *, const int32_t *, float *, float *, const float *, uint3, int, int, int, int, int, uint3, uint3, int, int, int, uint3, uint3, int, int, int, uint3) [with type=GGML_TYPE_Q6_K, J=48, fallback=true]" at line 1408 of C:\Users\pperv\code\unnamed_rpg\vendor\ggml\src\ggml-cuda\template-instances\../mmq.cuh
[build]             instantiation of "void launch_mul_mat_q<type,J,fallback>(ggml_backend_cuda_context &, const mmq_args &, cudaStream_t) [with type=GGML_TYPE_Q6_K, J=48, fallback=false]" at line 1519 of C:\Users\pperv\code\unnamed_rpg\vendor\ggml\src\ggml-cuda\template-instances\../mmq.cuh
[build]             instantiation of "void mul_mat_q_switch_J<type,fallback>(ggml_backend_cuda_context &, const mmq_args &, cudaStream_t) [with type=GGML_TYPE_Q6_K, fallback=false]" at line 1562 of C:\Users\pperv\code\unnamed_rpg\vendor\ggml\src\ggml-cuda\template-instances\../mmq.cuh
[build]             instantiation of "void mul_mat_q_case<type>(ggml_backend_cuda_context &, const mmq_args &, cudaStream_t) [with type=GGML_TYPE_Q6_K]" at line 5 of C:\Users\pperv\code\unnamed_rpg\vendor\ggml\src\ggml-cuda\template-instances\mmq-instance-q6_k.cu
[build] 
[build] C:\Users\pperv\code\unnamed_rpg\vendor\ggml\src\ggml-cuda\mmq-vec-dot.cuh(374): warning #177-D: variable "I" was declared but never referenced
[build]       constexpr int I             = ggml_cuda_mmq_get_I(type, J, fallback);
[build]                     ^
[build]           detected during:
[build]             instantiation of "void ggml_cuda_mmq_vec_dot_q8_1_q8_1_mma<type,J,fallback>(const int *, const int *, float *, int) [with type=GGML_TYPE_Q6_K, J=48, fallback=true]" at line 734 of C:\Users\pperv\code\unnamed_rpg\vendor\ggml\src\ggml-cuda\template-instances\../mmq.cuh
[build]             instantiation of "ggml_cuda_mmq_util_funcs ggml_cuda_mmq_get_util_funcs<type,J,fallback>() [with type=GGML_TYPE_Q6_K, J=48, fallback=true]" at line 858 of C:\Users\pperv\code\unnamed_rpg\vendor\ggml\src\ggml-cuda\template-instances\../mmq.cuh
[build]             instantiation of "ggml_cuda_mmq_load_tiles_t ggml_cuda_mmq_get_load_tiles<type,J,fallback>() [with type=GGML_TYPE_Q6_K, J=48, fallback=true]" at line 885 of C:\Users\pperv\code\unnamed_rpg\vendor\ggml\src\ggml-cuda\template-instances\../mmq.cuh
[build]             instantiation of "void mul_mat_q_process_tile<type,J,fallback,fixup>(const char *, int, const int *, const int *, float *, float *, const float *, int, int, int, int, int, int, int) [with type=GGML_TYPE_Q6_K, J=48, fallback=true, fixup=false]" at line 1058 of C:\Users\pperv\code\unnamed_rpg\vendor\ggml\src\ggml-cuda\template-instances\../mmq.cuh
[build]             instantiation of "void mul_mat_q<type,J,fallback>(const char *, const int *, const int32_t *, const int32_t *, float *, float *, const float *, uint3, int, int, int, int, int, uint3, uint3, int, int, int, uint3, uint3, int, int, int, uint3) [with type=GGML_TYPE_Q6_K, J=48, fallback=true]" at line 1408 of C:\Users\pperv\code\unnamed_rpg\vendor\ggml\src\ggml-cuda\template-instances\../mmq.cuh
[build]             instantiation of "void launch_mul_mat_q<type,J,fallback>(ggml_backend_cuda_context &, const mmq_args &, cudaStream_t) [with type=GGML_TYPE_Q6_K, J=48, fallback=false]" at line 1519 of C:\Users\pperv\code\unnamed_rpg\vendor\ggml\src\ggml-cuda\template-instances\../mmq.cuh
[build]             instantiation of "void mul_mat_q_switch_J<type,fallback>(ggml_backend_cuda_context &, const mmq_args &, cudaStream_t) [with type=GGML_TYPE_Q6_K, fallback=false]" at line 1562 of C:\Users\pperv\code\unnamed_rpg\vendor\ggml\src\ggml-cuda\template-instances\../mmq.cuh
[build]             instantiation of "void mul_mat_q_case<type>(ggml_backend_cuda_context &, const mmq_args &, cudaStream_t) [with type=GGML_TYPE_Q6_K]" at line 5 of C:\Users\pperv\code\unnamed_rpg\vendor\ggml\src\ggml-cuda\template-instances\mmq-instance-q6_k.cu
[build] 
[build] C:\Users\pperv\code\unnamed_rpg\vendor\ggml\src\ggml-cuda\mmq-vec-dot.cuh(759): warning #177-D: variable "I" was declared but never referenced
[build]       constexpr int I             = ggml_cuda_mmq_get_I(type, J, fallback);
[build]                     ^
[build]           detected during:
[build]             instantiation of "void ggml_cuda_mmq_vec_dot_q2_K_q8_1_mma<type,J,fallback>(const int *, const int *, float *, int) [with type=GGML_TYPE_Q6_K, J=48, fallback=true]" at line 759 of C:\Users\pperv\code\unnamed_rpg\vendor\ggml\src\ggml-cuda\template-instances\../mmq.cuh
[build]             instantiation of "ggml_cuda_mmq_util_funcs ggml_cuda_mmq_get_util_funcs<type,J,fallback>() [with type=GGML_TYPE_Q6_K, J=48, fallback=true]" at line 858 of C:\Users\pperv\code\unnamed_rpg\vendor\ggml\src\ggml-cuda\template-instances\../mmq.cuh
[build]             instantiation of "ggml_cuda_mmq_load_tiles_t ggml_cuda_mmq_get_load_tiles<type,J,fallback>() [with type=GGML_TYPE_Q6_K, J=48, fallback=true]" at line 885 of C:\Users\pperv\code\unnamed_rpg\vendor\ggml\src\ggml-cuda\template-instances\../mmq.cuh
[build]             instantiation of "void mul_mat_q_process_tile<type,J,fallback,fixup>(const char *, int, const int *, const int *, float *, float *, const float *, int, int, int, int, int, int, int) [with type=GGML_TYPE_Q6_K, J=48, fallback=true, fixup=false]" at line 1058 of C:\Users\pperv\code\unnamed_rpg\vendor\ggml\src\ggml-cuda\template-instances\../mmq.cuh
[build]             instantiation of "void mul_mat_q<type,J,fallback>(const char *, const int *, const int32_t *, const int32_t *, float *, float *, const float *, uint3, int, int, int, int, int, uint3, uint3, int, int, int, uint3, uint3, int, int, int, uint3) [with type=GGML_TYPE_Q6_K, J=48, fallback=true]" at line 1408 of C:\Users\pperv\code\unnamed_rpg\vendor\ggml\src\ggml-cuda\template-instances\../mmq.cuh
[build]             instantiation of "void launch_mul_mat_q<type,J,fallback>(ggml_backend_cuda_context &, const mmq_args &, cudaStream_t) [with type=GGML_TYPE_Q6_K, J=48, fallback=false]" at line 1519 of C:\Users\pperv\code\unnamed_rpg\vendor\ggml\src\ggml-cuda\template-instances\../mmq.cuh
[build]             instantiation of "void mul_mat_q_switch_J<type,fallback>(ggml_backend_cuda_context &, const mmq_args &, cudaStream_t) [with type=GGML_TYPE_Q6_K, fallback=false]" at line 1562 of C:\Users\pperv\code\unnamed_rpg\vendor\ggml\src\ggml-cuda\template-instances\../mmq.cuh
[build]             instantiation of "void mul_mat_q_case<type>(ggml_backend_cuda_context &, const mmq_args &, cudaStream_t) [with type=GGML_TYPE_Q6_K]" at line 5 of C:\Users\pperv\code\unnamed_rpg\vendor\ggml\src\ggml-cuda\template-instances\mmq-instance-q6_k.cu
[build] 
[build] C:\Users\pperv\code\unnamed_rpg\vendor\ggml\src\ggml-cuda\mmq-vec-dot.cuh(540): warning #177-D: variable "I" was declared but never referenced
[build]       constexpr int I             = ggml_cuda_mmq_get_I(type, J, fallback);
[build]                     ^
[build]           detected during:
[build]             instantiation of "void ggml_cuda_mmq_vec_dot_q8_0_16_q8_1_mma<type,J,fallback>(const int *, const int *, float *, int) [with type=GGML_TYPE_Q6_K, J=48, fallback=true]" at line 765 of C:\Users\pperv\code\unnamed_rpg\vendor\ggml\src\ggml-cuda\template-instances\../mmq.cuh
[build]             instantiation of "ggml_cuda_mmq_util_funcs ggml_cuda_mmq_get_util_funcs<type,J,fallback>() [with type=GGML_TYPE_Q6_K, J=48, fallback=true]" at line 858 of C:\Users\pperv\code\unnamed_rpg\vendor\ggml\src\ggml-cuda\template-instances\../mmq.cuh
[build]             instantiation of "ggml_cuda_mmq_load_tiles_t ggml_cuda_mmq_get_load_tiles<type,J,fallback>() [with type=GGML_TYPE_Q6_K, J=48, fallback=true]" at line 885 of C:\Users\pperv\code\unnamed_rpg\vendor\ggml\src\ggml-cuda\template-instances\../mmq.cuh
[build]             instantiation of "void mul_mat_q_process_tile<type,J,fallback,fixup>(const char *, int, const int *, const int *, float *, float *, const float *, int, int, int, int, int, int, int) [with type=GGML_TYPE_Q6_K, J=48, fallback=true, fixup=false]" at line 1058 of C:\Users\pperv\code\unnamed_rpg\vendor\ggml\src\ggml-cuda\template-instances\../mmq.cuh
[build]             instantiation of "void mul_mat_q<type,J,fallback>(const char *, const int *, const int32_t *, const int32_t *, float *, float *, const float *, uint3, int, int, int, int, int, uint3, uint3, int, int, int, uint3, uint3, int, int, int, uint3) [with type=GGML_TYPE_Q6_K, J=48, fallback=true]" at line 1408 of C:\Users\pperv\code\unnamed_rpg\vendor\ggml\src\ggml-cuda\template-instances\../mmq.cuh
[build]             instantiation of "void launch_mul_mat_q<type,J,fallback>(ggml_backend_cuda_context &, const mmq_args &, cudaStream_t) [with type=GGML_TYPE_Q6_K, J=48, fallback=false]" at line 1519 of C:\Users\pperv\code\unnamed_rpg\vendor\ggml\src\ggml-cuda\template-instances\../mmq.cuh
[build]             instantiation of "void mul_mat_q_switch_J<type,fallback>(ggml_backend_cuda_context &, const mmq_args &, cudaStream_t) [with type=GGML_TYPE_Q6_K, fallback=false]" at line 1562 of C:\Users\pperv\code\unnamed_rpg\vendor\ggml\src\ggml-cuda\template-instances\../mmq.cuh
[build]             instantiation of "void mul_mat_q_case<type>(ggml_backend_cuda_context &, const mmq_args &, cudaStream_t) [with type=GGML_TYPE_Q6_K]" at line 5 of C:\Users\pperv\code\unnamed_rpg\vendor\ggml\src\ggml-cuda\template-instances\mmq-instance-q6_k.cu
[build] 
[build] C:\Users\pperv\code\unnamed_rpg\vendor\ggml\src\ggml-cuda\mmq-vec-dot.cuh(1078): warning #177-D: variable "I" was declared but never referenced
[build]       constexpr int I             = ggml_cuda_mmq_get_I(type, J, fallback);
[build]                     ^
[build]           detected during:
[build]             instantiation of "void ggml_cuda_mmq_vec_dot_q6_K_q8_1_mma<type,J,fallback>(const int *, const int *, float *, int) [with type=GGML_TYPE_Q6_K, J=48, fallback=true]" at line 783 of C:\Users\pperv\code\unnamed_rpg\vendor\ggml\src\ggml-cuda\template-instances\../mmq.cuh
[build]             instantiation of "ggml_cuda_mmq_util_funcs ggml_cuda_mmq_get_util_funcs<type,J,fallback>() [with type=GGML_TYPE_Q6_K, J=48, fallback=true]" at line 858 of C:\Users\pperv\code\unnamed_rpg\vendor\ggml\src\ggml-cuda\template-instances\../mmq.cuh
[build]             instantiation of "ggml_cuda_mmq_load_tiles_t ggml_cuda_mmq_get_load_tiles<type,J,fallback>() [with type=GGML_TYPE_Q6_K, J=48, fallback=true]" at line 885 of C:\Users\pperv\code\unnamed_rpg\vendor\ggml\src\ggml-cuda\template-instances\../mmq.cuh
[build]             instantiation of "void mul_mat_q_process_tile<type,J,fallback,fixup>(const char *, int, const int *, const int *, float *, float *, const float *, int, int, int, int, int, int, int) [with type=GGML_TYPE_Q6_K, J=48, fallback=true, fixup=false]" at line 1058 of C:\Users\pperv\code\unnamed_rpg\vendor\ggml\src\ggml-cuda\template-instances\../mmq.cuh
[build]             instantiation of "void mul_mat_q<type,J,fallback>(const char *, const int *, const int32_t *, const int32_t *, float *, float *, const float *, uint3, int, int, int, int, int, uint3, uint3, int, int, int, uint3, uint3, int, int, int, uint3) [with type=GGML_TYPE_Q6_K, J=48, fallback=true]" at line 1408 of C:\Users\pperv\code\unnamed_rpg\vendor\ggml\src\ggml-cuda\template-instances\../mmq.cuh
[build]             instantiation of "void launch_mul_mat_q<type,J,fallback>(ggml_backend_cuda_context &, const mmq_args &, cudaStream_t) [with type=GGML_TYPE_Q6_K, J=48, fallback=false]" at line 1519 of C:\Users\pperv\code\unnamed_rpg\vendor\ggml\src\ggml-cuda\template-instances\../mmq.cuh
[build]             instantiation of "void mul_mat_q_switch_J<type,fallback>(ggml_backend_cuda_context &, const mmq_args &, cudaStream_t) [with type=GGML_TYPE_Q6_K, fallback=false]" at line 1562 of C:\Users\pperv\code\unnamed_rpg\vendor\ggml\src\ggml-cuda\template-instances\../mmq.cuh
[build]             instantiation of "void mul_mat_q_case<type>(ggml_backend_cuda_context &, const mmq_args &, cudaStream_t) [with type=GGML_TYPE_Q6_K]" at line 5 of C:\Users\pperv\code\unnamed_rpg\vendor\ggml\src\ggml-cuda\template-instances\mmq-instance-q6_k.cu
[build] 
[build] C:\Users\pperv\code\unnamed_rpg\vendor\ggml\src\ggml-cuda\template-instances\../mmq.cuh(543): warning #177-D: variable "I" was declared but never referenced
[build]       constexpr int I = ggml_cuda_mmq_get_I(type, J, fallback);
[build]                     ^
[build]           detected during:
[build]             instantiation of "ggml_cuda_mmq_util_funcs ggml_cuda_mmq_get_util_funcs<type,J,fallback>() [with type=GGML_TYPE_Q6_K, J=48, fallback=true]" at line 858
[build]             instantiation of "ggml_cuda_mmq_load_tiles_t ggml_cuda_mmq_get_load_tiles<type,J,fallback>() [with type=GGML_TYPE_Q6_K, J=48, fallback=true]" at line 885
[build]             instantiation of "void mul_mat_q_process_tile<type,J,fallback,fixup>(const char *, int, const int *, const int *, float *, float *, const float *, int, int, int, int, int, int, int) [with type=GGML_TYPE_Q6_K, J=48, fallback=true, fixup=false]" at line 1058
[build]             instantiation of "void mul_mat_q<type,J,fallback>(const char *, const int *, const int32_t *, const int32_t *, float *, float *, const float *, uint3, int, int, int, int, int, uint3, uint3, int, int, int, uint3, uint3, int, int, int, uint3) [with type=GGML_TYPE_Q6_K, J=48, fallback=true]" at line 1408
[build]             instantiation of "void launch_mul_mat_q<type,J,fallback>(ggml_backend_cuda_context &, const mmq_args &, cudaStream_t) [with type=GGML_TYPE_Q6_K, J=48, fallback=false]" at line 1519
[build]             instantiation of "void mul_mat_q_switch_J<type,fallback>(ggml_backend_cuda_context &, const mmq_args &, cudaStream_t) [with type=GGML_TYPE_Q6_K, fallback=false]" at line 1562
[build]             instantiation of "void mul_mat_q_case<type>(ggml_backend_cuda_context &, const mmq_args &, cudaStream_t) [with type=GGML_TYPE_Q6_K]" at line 5 of C:\Users\pperv\code\unnamed_rpg\vendor\ggml\src\ggml-cuda\template-instances\mmq-instance-q6_k.cu
[build] 
[build] C:\Users\pperv\code\unnamed_rpg\vendor\ggml\src\ggml-cuda\mmq-vec-dot.cuh(207): warning #177-D: variable "I" was declared but never referenced
[build]       constexpr int I             = ggml_cuda_mmq_get_I(type, J, fallback);
[build]                     ^
[build]           detected during:
[build]             instantiation of "void ggml_cuda_mmq_vec_dot_q8_0_q8_1_mma<type,J,fallback,ds_layout>(const int *, const int *, float *, int) [with type=GGML_TYPE_Q6_K, J=56, fallback=false, ds_layout=MMQ_Q8_1_DS_LAYOUT_D4]" at line 716 of C:\Users\pperv\code\unnamed_rpg\vendor\ggml\src\ggml-cuda\template-instances\../mmq.cuh
[build]             instantiation of "ggml_cuda_mmq_util_funcs ggml_cuda_mmq_get_util_funcs<type,J,fallback>() [with type=GGML_TYPE_Q6_K, J=56, fallback=false]" at line 858 of C:\Users\pperv\code\unnamed_rpg\vendor\ggml\src\ggml-cuda\template-instances\../mmq.cuh
[build]             instantiation of "ggml_cuda_mmq_load_tiles_t ggml_cuda_mmq_get_load_tiles<type,J,fallback>() [with type=GGML_TYPE_Q6_K, J=56, fallback=false]" at line 885 of C:\Users\pperv\code\unnamed_rpg\vendor\ggml\src\ggml-cuda\template-instances\../mmq.cuh
[build]             instantiation of "void mul_mat_q_process_tile<type,J,fallback,fixup>(const char *, int, const int *, const int *, float *, float *, const float *, int, int, int, int, int, int, int) [with type=GGML_TYPE_Q6_K, J=56, fallback=false, fixup=false]" at line 1058 of C:\Users\pperv\code\unnamed_rpg\vendor\ggml\src\ggml-cuda\template-instances\../mmq.cuh
[build]             instantiation of "void mul_mat_q<type,J,fallback>(const char *, const int *, const int32_t *, const int32_t *, float *, float *, const float *, uint3, int, int, int, int, int, uint3, uint3, int, int, int, uint3, uint3, int, int, int, uint3) [with type=GGML_TYPE_Q6_K, J=56, fallback=false]" at line 1407 of C:\Users\pperv\code\unnamed_rpg\vendor\ggml\src\ggml-cuda\template-instances\../mmq.cuh
[build]             instantiation of "void launch_mul_mat_q<type,J,fallback>(ggml_backend_cuda_context &, const mmq_args &, cudaStream_t) [with type=GGML_TYPE_Q6_K, J=56, fallback=false]" at line 1522 of C:\Users\pperv\code\unnamed_rpg\vendor\ggml\src\ggml-cuda\template-instances\../mmq.cuh
[build]             instantiation of "void mul_mat_q_switch_J<type,fallback>(ggml_backend_cuda_context &, const mmq_args &, cudaStream_t) [with type=GGML_TYPE_Q6_K, fallback=false]" at line 1562 of C:\Users\pperv\code\unnamed_rpg\vendor\ggml\src\ggml-cuda\template-instances\../mmq.cuh
[build]             instantiation of "void mul_mat_q_case<type>(ggml_backend_cuda_context &, const mmq_args &, cudaStream_t) [with type=GGML_TYPE_Q6_K]" at line 5 of C:\Users\pperv\code\unnamed_rpg\vendor\ggml\src\ggml-cuda\template-instances\mmq-instance-q6_k.cu
[build] 
[build] C:\Users\pperv\code\unnamed_rpg\vendor\ggml\src\ggml-cuda\template-instances\../mmq.cuh(485): warning #177-D: variable "nwarps" was declared but never referenced
[build]       constexpr int nwarps        = ggml_cuda_mmq_get_nthreads(type, J, fallback) / warp_size;
[build]                     ^
[build]           detected during:
[build]             instantiation of "void ggml_cuda_mmq_write_back_mma<type,J,fallback>(const float *, const int *, float *, const float *, int, int, int) [with type=GGML_TYPE_Q6_K, J=56, fallback=false]" at line 716
[build]             instantiation of "ggml_cuda_mmq_util_funcs ggml_cuda_mmq_get_util_funcs<type,J,fallback>() [with type=GGML_TYPE_Q6_K, J=56, fallback=false]" at line 858
[build]             instantiation of "ggml_cuda_mmq_load_tiles_t ggml_cuda_mmq_get_load_tiles<type,J,fallback>() [with type=GGML_TYPE_Q6_K, J=56, fallback=false]" at line 885
[build]             instantiation of "void mul_mat_q_process_tile<type,J,fallback,fixup>(const char *, int, const int *, const int *, float *, float *, const float *, int, int, int, int, int, int, int) [with type=GGML_TYPE_Q6_K, J=56, fallback=false, fixup=false]" at line 1058
[build]             instantiation of "void mul_mat_q<type,J,fallback>(const char *, const int *, const int32_t *, const int32_t *, float *, float *, const float *, uint3, int, int, int, int, int, uint3, uint3, int, int, int, uint3, uint3, int, int, int, uint3) [with type=GGML_TYPE_Q6_K, J=56, fallback=false]" at line 1407
[build]             instantiation of "void launch_mul_mat_q<type,J,fallback>(ggml_backend_cuda_context &, const mmq_args &, cudaStream_t) [with type=GGML_TYPE_Q6_K, J=56, fallback=false]" at line 1522
[build]             instantiation of "void mul_mat_q_switch_J<type,fallback>(ggml_backend_cuda_context &, const mmq_args &, cudaStream_t) [with type=GGML_TYPE_Q6_K, fallback=false]" at line 1562
[build]             instantiation of "void mul_mat_q_case<type>(ggml_backend_cuda_context &, const mmq_args &, cudaStream_t) [with type=GGML_TYPE_Q6_K]" at line 5 of C:\Users\pperv\code\unnamed_rpg\vendor\ggml\src\ggml-cuda\template-instances\mmq-instance-q6_k.cu
[build] 
[build] C:\Users\pperv\code\unnamed_rpg\vendor\ggml\src\ggml-cuda\template-instances\../mmq.cuh(486): warning #177-D: variable "I" was declared but never referenced
[build]       constexpr int I             = ggml_cuda_mmq_get_I(type, J, fallback);
[build]                     ^
[build]           detected during:
[build]             instantiation of "void ggml_cuda_mmq_write_back_mma<type,J,fallback>(const float *, const int *, float *, const float *, int, int, int) [with type=GGML_TYPE_Q6_K, J=56, fallback=false]" at line 716
[build]             instantiation of "ggml_cuda_mmq_util_funcs ggml_cuda_mmq_get_util_funcs<type,J,fallback>() [with type=GGML_TYPE_Q6_K, J=56, fallback=false]" at line 858
[build]             instantiation of "ggml_cuda_mmq_load_tiles_t ggml_cuda_mmq_get_load_tiles<type,J,fallback>() [with type=GGML_TYPE_Q6_K, J=56, fallback=false]" at line 885
[build]             instantiation of "void mul_mat_q_process_tile<type,J,fallback,fixup>(const char *, int, const int *, const int *, float *, float *, const float *, int, int, int, int, int, int, int) [with type=GGML_TYPE_Q6_K, J=56, fallback=false, fixup=false]" at line 1058
[build]             instantiation of "void mul_mat_q<type,J,fallback>(const char *, const int *, const int32_t *, const int32_t *, float *, float *, const float *, uint3, int, int, int, int, int, uint3, uint3, int, int, int, uint3, uint3, int, int, int, uint3) [with type=GGML_TYPE_Q6_K, J=56, fallback=false]" at line 1407
[build]             instantiation of "void launch_mul_mat_q<type,J,fallback>(ggml_backend_cuda_context &, const mmq_args &, cudaStream_t) [with type=GGML_TYPE_Q6_K, J=56, fallback=false]" at line 1522
[build]             instantiation of "void mul_mat_q_switch_J<type,fallback>(ggml_backend_cuda_context &, const mmq_args &, cudaStream_t) [with type=GGML_TYPE_Q6_K, fallback=false]" at line 1562
[build]             instantiation of "void mul_mat_q_case<type>(ggml_backend_cuda_context &, const mmq_args &, cudaStream_t) [with type=GGML_TYPE_Q6_K]" at line 5 of C:\Users\pperv\code\unnamed_rpg\vendor\ggml\src\ggml-cuda\template-instances\mmq-instance-q6_k.cu
[build] 
[build] C:\Users\pperv\code\unnamed_rpg\vendor\ggml\src\ggml-cuda\mmq-vec-dot.cuh(207): warning #177-D: variable "I" was declared but never referenced
[build]       constexpr int I             = ggml_cuda_mmq_get_I(type, J, fallback);
[build]                     ^
[build]           detected during:
[build]             instantiation of "void ggml_cuda_mmq_vec_dot_q8_0_q8_1_mma<type,J,fallback,ds_layout>(const int *, const int *, float *, int) [with type=GGML_TYPE_Q6_K, J=56, fallback=false, ds_layout=MMQ_Q8_1_DS_LAYOUT_DS4]" at line 728 of C:\Users\pperv\code\unnamed_rpg\vendor\ggml\src\ggml-cuda\template-instances\../mmq.cuh
[build]             instantiation of "ggml_cuda_mmq_util_funcs ggml_cuda_mmq_get_util_funcs<type,J,fallback>() [with type=GGML_TYPE_Q6_K, J=56, fallback=false]" at line 858 of C:\Users\pperv\code\unnamed_rpg\vendor\ggml\src\ggml-cuda\template-instances\../mmq.cuh
[build]             instantiation of "ggml_cuda_mmq_load_tiles_t ggml_cuda_mmq_get_load_tiles<type,J,fallback>() [with type=GGML_TYPE_Q6_K, J=56, fallback=false]" at line 885 of C:\Users\pperv\code\unnamed_rpg\vendor\ggml\src\ggml-cuda\template-instances\../mmq.cuh
[build]             instantiation of "void mul_mat_q_process_tile<type,J,fallback,fixup>(const char *, int, const int *, const int *, float *, float *, const float *, int, int, int, int, int, int, int) [with type=GGML_TYPE_Q6_K, J=56, fallback=false, fixup=false]" at line 1058 of C:\Users\pperv\code\unnamed_rpg\vendor\ggml\src\ggml-cuda\template-instances\../mmq.cuh
[build]             instantiation of "void mul_mat_q<type,J,fallback>(const char *, const int *, const int32_t *, const int32_t *, float *, float *, const float *, uint3, int, int, int, int, int, uint3, uint3, int, int, int, uint3, uint3, int, int, int, uint3) [with type=GGML_TYPE_Q6_K, J=56, fallback=false]" at line 1407 of C:\Users\pperv\code\unnamed_rpg\vendor\ggml\src\ggml-cuda\template-instances\../mmq.cuh
[build]             instantiation of "void launch_mul_mat_q<type,J,fallback>(ggml_backend_cuda_context &, const mmq_args &, cudaStream_t) [with type=GGML_TYPE_Q6_K, J=56, fallback=false]" at line 1522 of C:\Users\pperv\code\unnamed_rpg\vendor\ggml\src\ggml-cuda\template-instances\../mmq.cuh
[build]             instantiation of "void mul_mat_q_switch_J<type,fallback>(ggml_backend_cuda_context &, const mmq_args &, cudaStream_t) [with type=GGML_TYPE_Q6_K, fallback=false]" at line 1562 of C:\Users\pperv\code\unnamed_rpg\vendor\ggml\src\ggml-cuda\template-instances\../mmq.cuh
[build]             instantiation of "void mul_mat_q_case<type>(ggml_backend_cuda_context &, const mmq_args &, cudaStream_t) [with type=GGML_TYPE_Q6_K]" at line 5 of C:\Users\pperv\code\unnamed_rpg\vendor\ggml\src\ggml-cuda\template-instances\mmq-instance-q6_k.cu
[build] 
[build] C:\Users\pperv\code\unnamed_rpg\vendor\ggml\src\ggml-cuda\mmq-vec-dot.cuh(374): warning #177-D: variable "I" was declared but never referenced
[build]       constexpr int I             = ggml_cuda_mmq_get_I(type, J, fallback);
[build]                     ^
[build]           detected during:
[build]             instantiation of "void ggml_cuda_mmq_vec_dot_q8_1_q8_1_mma<type,J,fallback>(const int *, const int *, float *, int) [with type=GGML_TYPE_Q6_K, J=56, fallback=false]" at line 734 of C:\Users\pperv\code\unnamed_rpg\vendor\ggml\src\ggml-cuda\template-instances\../mmq.cuh
[build]             instantiation of "ggml_cuda_mmq_util_funcs ggml_cuda_mmq_get_util_funcs<type,J,fallback>() [with type=GGML_TYPE_Q6_K, J=56, fallback=false]" at line 858 of C:\Users\pperv\code\unnamed_rpg\vendor\ggml\src\ggml-cuda\template-instances\../mmq.cuh
[build]             instantiation of "ggml_cuda_mmq_load_tiles_t ggml_cuda_mmq_get_load_tiles<type,J,fallback>() [with type=GGML_TYPE_Q6_K, J=56, fallback=false]" at line 885 of C:\Users\pperv\code\unnamed_rpg\vendor\ggml\src\ggml-cuda\template-instances\../mmq.cuh
[build]             instantiation of "void mul_mat_q_process_tile<type,J,fallback,fixup>(const char *, int, const int *, const int *, float *, float *, const float *, int, int, int, int, int, int, int) [with type=GGML_TYPE_Q6_K, J=56, fallback=false, fixup=false]" at line 1058 of C:\Users\pperv\code\unnamed_rpg\vendor\ggml\src\ggml-cuda\template-instances\../mmq.cuh
[build]             instantiation of "void mul_mat_q<type,J,fallback>(const char *, const int *, const int32_t *, const int32_t *, float *, float *, const float *, uint3, int, int, int, int, int, uint3, uint3, int, int, int, uint3, uint3, int, int, int, uint3) [with type=GGML_TYPE_Q6_K, J=56, fallback=false]" at line 1407 of C:\Users\pperv\code\unnamed_rpg\vendor\ggml\src\ggml-cuda\template-instances\../mmq.cuh
[build]             instantiation of "void launch_mul_mat_q<type,J,fallback>(ggml_backend_cuda_context &, const mmq_args &, cudaStream_t) [with type=GGML_TYPE_Q6_K, J=56, fallback=false]" at line 1522 of C:\Users\pperv\code\unnamed_rpg\vendor\ggml\src\ggml-cuda\template-instances\../mmq.cuh
[build]             instantiation of "void mul_mat_q_switch_J<type,fallback>(ggml_backend_cuda_context &, const mmq_args &, cudaStream_t) [with type=GGML_TYPE_Q6_K, fallback=false]" at line 1562 of C:\Users\pperv\code\unnamed_rpg\vendor\ggml\src\ggml-cuda\template-instances\../mmq.cuh
[build]             instantiation of "void mul_mat_q_case<type>(ggml_backend_cuda_context &, const mmq_args &, cudaStream_t) [with type=GGML_TYPE_Q6_K]" at line 5 of C:\Users\pperv\code\unnamed_rpg\vendor\ggml\src\ggml-cuda\template-instances\mmq-instance-q6_k.cu
[build] 
[build] C:\Users\pperv\code\unnamed_rpg\vendor\ggml\src\ggml-cuda\mmq-vec-dot.cuh(759): warning #177-D: variable "I" was declared but never referenced
[build]       constexpr int I             = ggml_cuda_mmq_get_I(type, J, fallback);
[build]                     ^
[build]           detected during:
[build]             instantiation of "void ggml_cuda_mmq_vec_dot_q2_K_q8_1_mma<type,J,fallback>(const int *, const int *, float *, int) [with type=GGML_TYPE_Q6_K, J=56, fallback=false]" at line 759 of C:\Users\pperv\code\unnamed_rpg\vendor\ggml\src\ggml-cuda\template-instances\../mmq.cuh
[build]             instantiation of "ggml_cuda_mmq_util_funcs ggml_cuda_mmq_get_util_funcs<type,J,fallback>() [with type=GGML_TYPE_Q6_K, J=56, fallback=false]" at line 858 of C:\Users\pperv\code\unnamed_rpg\vendor\ggml\src\ggml-cuda\template-instances\../mmq.cuh
[build]             instantiation of "ggml_cuda_mmq_load_tiles_t ggml_cuda_mmq_get_load_tiles<type,J,fallback>() [with type=GGML_TYPE_Q6_K, J=56, fallback=false]" at line 885 of C:\Users\pperv\code\unnamed_rpg\vendor\ggml\src\ggml-cuda\template-instances\../mmq.cuh
[build]             instantiation of "void mul_mat_q_process_tile<type,J,fallback,fixup>(const char *, int, const int *, const int *, float *, float *, const float *, int, int, int, int, int, int, int) [with type=GGML_TYPE_Q6_K, J=56, fallback=false, fixup=false]" at line 1058 of C:\Users\pperv\code\unnamed_rpg\vendor\ggml\src\ggml-cuda\template-instances\../mmq.cuh
[build]             instantiation of "void mul_mat_q<type,J,fallback>(const char *, const int *, const int32_t *, const int32_t *, float *, float *, const float *, uint3, int, int, int, int, int, uint3, uint3, int, int, int, uint3, uint3, int, int, int, uint3) [with type=GGML_TYPE_Q6_K, J=56, fallback=false]" at line 1407 of C:\Users\pperv\code\unnamed_rpg\vendor\ggml\src\ggml-cuda\template-instances\../mmq.cuh
[build]             instantiation of "void launch_mul_mat_q<type,J,fallback>(ggml_backend_cuda_context &, const mmq_args &, cudaStream_t) [with type=GGML_TYPE_Q6_K, J=56, fallback=false]" at line 1522 of C:\Users\pperv\code\unnamed_rpg\vendor\ggml\src\ggml-cuda\template-instances\../mmq.cuh
[build]             instantiation of "void mul_mat_q_switch_J<type,fallback>(ggml_backend_cuda_context &, const mmq_args &, cudaStream_t) [with type=GGML_TYPE_Q6_K, fallback=false]" at line 1562 of C:\Users\pperv\code\unnamed_rpg\vendor\ggml\src\ggml-cuda\template-instances\../mmq.cuh
[build]             instantiation of "void mul_mat_q_case<type>(ggml_backend_cuda_context &, const mmq_args &, cudaStream_t) [with type=GGML_TYPE_Q6_K]" at line 5 of C:\Users\pperv\code\unnamed_rpg\vendor\ggml\src\ggml-cuda\template-instances\mmq-instance-q6_k.cu
[build] 
[build] C:\Users\pperv\code\unnamed_rpg\vendor\ggml\src\ggml-cuda\mmq-vec-dot.cuh(540): warning #177-D: variable "I" was declared but never referenced
[build]       constexpr int I             = ggml_cuda_mmq_get_I(type, J, fallback);
[build]                     ^
[build]           detected during:
[build]             instantiation of "void ggml_cuda_mmq_vec_dot_q8_0_16_q8_1_mma<type,J,fallback>(const int *, const int *, float *, int) [with type=GGML_TYPE_Q6_K, J=56, fallback=false]" at line 765 of C:\Users\pperv\code\unnamed_rpg\vendor\ggml\src\ggml-cuda\template-instances\../mmq.cuh
[build]             instantiation of "ggml_cuda_mmq_util_funcs ggml_cuda_mmq_get_util_funcs<type,J,fallback>() [with type=GGML_TYPE_Q6_K, J=56, fallback=false]" at line 858 of C:\Users\pperv\code\unnamed_rpg\vendor\ggml\src\ggml-cuda\template-instances\../mmq.cuh
[build]             instantiation of "ggml_cuda_mmq_load_tiles_t ggml_cuda_mmq_get_load_tiles<type,J,fallback>() [with type=GGML_TYPE_Q6_K, J=56, fallback=false]" at line 885 of C:\Users\pperv\code\unnamed_rpg\vendor\ggml\src\ggml-cuda\template-instances\../mmq.cuh
[build]             instantiation of "void mul_mat_q_process_tile<type,J,fallback,fixup>(const char *, int, const int *, const int *, float *, float *, const float *, int, int, int, int, int, int, int) [with type=GGML_TYPE_Q6_K, J=56, fallback=false, fixup=false]" at line 1058 of C:\Users\pperv\code\unnamed_rpg\vendor\ggml\src\ggml-cuda\template-instances\../mmq.cuh
[build]             instantiation of "void mul_mat_q<type,J,fallback>(const char *, const int *, const int32_t *, const int32_t *, float *, float *, const float *, uint3, int, int, int, int, int, uint3, uint3, int, int, int, uint3, uint3, int, int, int, uint3) [with type=GGML_TYPE_Q6_K, J=56, fallback=false]" at line 1407 of C:\Users\pperv\code\unnamed_rpg\vendor\ggml\src\ggml-cuda\template-instances\../mmq.cuh
[build]             instantiation of "void launch_mul_mat_q<type,J,fallback>(ggml_backend_cuda_context &, const mmq_args &, cudaStream_t) [with type=GGML_TYPE_Q6_K, J=56, fallback=false]" at line 1522 of C:\Users\pperv\code\unnamed_rpg\vendor\ggml\src\ggml-cuda\template-instances\../mmq.cuh
[build]             instantiation of "void mul_mat_q_switch_J<type,fallback>(ggml_backend_cuda_context &, const mmq_args &, cudaStream_t) [with type=GGML_TYPE_Q6_K, fallback=false]" at line 1562 of C:\Users\pperv\code\unnamed_rpg\vendor\ggml\src\ggml-cuda\template-instances\../mmq.cuh
[build]             instantiation of "void mul_mat_q_case<type>(ggml_backend_cuda_context &, const mmq_args &, cudaStream_t) [with type=GGML_TYPE_Q6_K]" at line 5 of C:\Users\pperv\code\unnamed_rpg\vendor\ggml\src\ggml-cuda\template-instances\mmq-instance-q6_k.cu
[build] 
[build] C:\Users\pperv\code\unnamed_rpg\vendor\ggml\src\ggml-cuda\mmq-vec-dot.cuh(1078): warning #177-D: variable "I" was declared but never referenced
[build]       constexpr int I             = ggml_cuda_mmq_get_I(type, J, fallback);
[build]                     ^
[build]           detected during:
[build]             instantiation of "void ggml_cuda_mmq_vec_dot_q6_K_q8_1_mma<type,J,fallback>(const int *, const int *, float *, int) [with type=GGML_TYPE_Q6_K, J=56, fallback=false]" at line 783 of C:\Users\pperv\code\unnamed_rpg\vendor\ggml\src\ggml-cuda\template-instances\../mmq.cuh
[build]             instantiation of "ggml_cuda_mmq_util_funcs ggml_cuda_mmq_get_util_funcs<type,J,fallback>() [with type=GGML_TYPE_Q6_K, J=56, fallback=false]" at line 858 of C:\Users\pperv\code\unnamed_rpg\vendor\ggml\src\ggml-cuda\template-instances\../mmq.cuh
[build]             instantiation of "ggml_cuda_mmq_load_tiles_t ggml_cuda_mmq_get_load_tiles<type,J,fallback>() [with type=GGML_TYPE_Q6_K, J=56, fallback=false]" at line 885 of C:\Users\pperv\code\unnamed_rpg\vendor\ggml\src\ggml-cuda\template-instances\../mmq.cuh
[build]             instantiation of "void mul_mat_q_process_tile<type,J,fallback,fixup>(const char *, int, const int *, const int *, float *, float *, const float *, int, int, int, int, int, int, int) [with type=GGML_TYPE_Q6_K, J=56, fallback=false, fixup=false]" at line 1058 of C:\Users\pperv\code\unnamed_rpg\vendor\ggml\src\ggml-cuda\template-instances\../mmq.cuh
[build]             instantiation of "void mul_mat_q<type,J,fallback>(const char *, const int *, const int32_t *, const int32_t *, float *, float *, const float *, uint3, int, int, int, int, int, uint3, uint3, int, int, int, uint3, uint3, int, int, int, uint3) [with type=GGML_TYPE_Q6_K, J=56, fallback=false]" at line 1407 of C:\Users\pperv\code\unnamed_rpg\vendor\ggml\src\ggml-cuda\template-instances\../mmq.cuh
[build]             instantiation of "void launch_mul_mat_q<type,J,fallback>(ggml_backend_cuda_context &, const mmq_args &, cudaStream_t) [with type=GGML_TYPE_Q6_K, J=56, fallback=false]" at line 1522 of C:\Users\pperv\code\unnamed_rpg\vendor\ggml\src\ggml-cuda\template-instances\../mmq.cuh
[build]             instantiation of "void mul_mat_q_switch_J<type,fallback>(ggml_backend_cuda_context &, const mmq_args &, cudaStream_t) [with type=GGML_TYPE_Q6_K, fallback=false]" at line 1562 of C:\Users\pperv\code\unnamed_rpg\vendor\ggml\src\ggml-cuda\template-instances\../mmq.cuh
[build]             instantiation of "void mul_mat_q_case<type>(ggml_backend_cuda_context &, const mmq_args &, cudaStream_t) [with type=GGML_TYPE_Q6_K]" at line 5 of C:\Users\pperv\code\unnamed_rpg\vendor\ggml\src\ggml-cuda\template-instances\mmq-instance-q6_k.cu
[build] 
[build] C:\Users\pperv\code\unnamed_rpg\vendor\ggml\src\ggml-cuda\template-instances\../mmq.cuh(543): warning #177-D: variable "I" was declared but never referenced
[build]       constexpr int I = ggml_cuda_mmq_get_I(type, J, fallback);
[build]                     ^
[build]           detected during:
[build]             instantiation of "ggml_cuda_mmq_util_funcs ggml_cuda_mmq_get_util_funcs<type,J,fallback>() [with type=GGML_TYPE_Q6_K, J=56, fallback=false]" at line 858
[build]             instantiation of "ggml_cuda_mmq_load_tiles_t ggml_cuda_mmq_get_load_tiles<type,J,fallback>() [with type=GGML_TYPE_Q6_K, J=56, fallback=false]" at line 885
[build]             instantiation of "void mul_mat_q_process_tile<type,J,fallback,fixup>(const char *, int, const int *, const int *, float *, float *, const float *, int, int, int, int, int, int, int) [with type=GGML_TYPE_Q6_K, J=56, fallback=false, fixup=false]" at line 1058
[build]             instantiation of "void mul_mat_q<type,J,fallback>(const char *, const int *, const int32_t *, const int32_t *, float *, float *, const float *, uint3, int, int, int, int, int, uint3, uint3, int, int, int, uint3, uint3, int, int, int, uint3) [with type=GGML_TYPE_Q6_K, J=56, fallback=false]" at line 1407
[build]             instantiation of "void launch_mul_mat_q<type,J,fallback>(ggml_backend_cuda_context &, const mmq_args &, cudaStream_t) [with type=GGML_TYPE_Q6_K, J=56, fallback=false]" at line 1522
[build]             instantiation of "void mul_mat_q_switch_J<type,fallback>(ggml_backend_cuda_context &, const mmq_args &, cudaStream_t) [with type=GGML_TYPE_Q6_K, fallback=false]" at line 1562
[build]             instantiation of "void mul_mat_q_case<type>(ggml_backend_cuda_context &, const mmq_args &, cudaStream_t) [with type=GGML_TYPE_Q6_K]" at line 5 of C:\Users\pperv\code\unnamed_rpg\vendor\ggml\src\ggml-cuda\template-instances\mmq-instance-q6_k.cu
[build] 
[build] C:\Users\pperv\code\unnamed_rpg\vendor\ggml\src\ggml-cuda\mmq-vec-dot.cuh(207): warning #177-D: variable "I" was declared but never referenced
[build]       constexpr int I             = ggml_cuda_mmq_get_I(type, J, fallback);
[build]                     ^
[build]           detected during:
[build]             instantiation of "void ggml_cuda_mmq_vec_dot_q8_0_q8_1_mma<type,J,fallback,ds_layout>(const int *, const int *, float *, int) [with type=GGML_TYPE_Q6_K, J=56, fallback=true, ds_layout=MMQ_Q8_1_DS_LAYOUT_D4]" at line 716 of C:\Users\pperv\code\unnamed_rpg\vendor\ggml\src\ggml-cuda\template-instances\../mmq.cuh
[build]             instantiation of "ggml_cuda_mmq_util_funcs ggml_cuda_mmq_get_util_funcs<type,J,fallback>() [with type=GGML_TYPE_Q6_K, J=56, fallback=true]" at line 858 of C:\Users\pperv\code\unnamed_rpg\vendor\ggml\src\ggml-cuda\template-instances\../mmq.cuh
[build]             instantiation of "ggml_cuda_mmq_load_tiles_t ggml_cuda_mmq_get_load_tiles<type,J,fallback>() [with type=GGML_TYPE_Q6_K, J=56, fallback=true]" at line 885 of C:\Users\pperv\code\unnamed_rpg\vendor\ggml\src\ggml-cuda\template-instances\../mmq.cuh
[build]             instantiation of "void mul_mat_q_process_tile<type,J,fallback,fixup>(const char *, int, const int *, const int *, float *, float *, const float *, int, int, int, int, int, int, int) [with type=GGML_TYPE_Q6_K, J=56, fallback=true, fixup=false]" at line 1058 of C:\Users\pperv\code\unnamed_rpg\vendor\ggml\src\ggml-cuda\template-instances\../mmq.cuh
[build]             instantiation of "void mul_mat_q<type,J,fallback>(const char *, const int *, const int32_t *, const int32_t *, float *, float *, const float *, uint3, int, int, int, int, int, uint3, uint3, int, int, int, uint3, uint3, int, int, int, uint3) [with type=GGML_TYPE_Q6_K, J=56, fallback=true]" at line 1408 of C:\Users\pperv\code\unnamed_rpg\vendor\ggml\src\ggml-cuda\template-instances\../mmq.cuh
[build]             instantiation of "void launch_mul_mat_q<type,J,fallback>(ggml_backend_cuda_context &, const mmq_args &, cudaStream_t) [with type=GGML_TYPE_Q6_K, J=56, fallback=false]" at line 1522 of C:\Users\pperv\code\unnamed_rpg\vendor\ggml\src\ggml-cuda\template-instances\../mmq.cuh
[build]             instantiation of "void mul_mat_q_switch_J<type,fallback>(ggml_backend_cuda_context &, const mmq_args &, cudaStream_t) [with type=GGML_TYPE_Q6_K, fallback=false]" at line 1562 of C:\Users\pperv\code\unnamed_rpg\vendor\ggml\src\ggml-cuda\template-instances\../mmq.cuh
[build]             instantiation of "void mul_mat_q_case<type>(ggml_backend_cuda_context &, const mmq_args &, cudaStream_t) [with type=GGML_TYPE_Q6_K]" at line 5 of C:\Users\pperv\code\unnamed_rpg\vendor\ggml\src\ggml-cuda\template-instances\mmq-instance-q6_k.cu
[build] 
[build] C:\Users\pperv\code\unnamed_rpg\vendor\ggml\src\ggml-cuda\template-instances\../mmq.cuh(485): warning #177-D: variable "nwarps" was declared but never referenced
[build]       constexpr int nwarps        = ggml_cuda_mmq_get_nthreads(type, J, fallback) / warp_size;
[build]                     ^
[build]           detected during:
[build]             instantiation of "void ggml_cuda_mmq_write_back_mma<type,J,fallback>(const float *, const int *, float *, const float *, int, int, int) [with type=GGML_TYPE_Q6_K, J=56, fallback=true]" at line 716
[build]             instantiation of "ggml_cuda_mmq_util_funcs ggml_cuda_mmq_get_util_funcs<type,J,fallback>() [with type=GGML_TYPE_Q6_K, J=56, fallback=true]" at line 858
[build]             instantiation of "ggml_cuda_mmq_load_tiles_t ggml_cuda_mmq_get_load_tiles<type,J,fallback>() [with type=GGML_TYPE_Q6_K, J=56, fallback=true]" at line 885
[build]             instantiation of "void mul_mat_q_process_tile<type,J,fallback,fixup>(const char *, int, const int *, const int *, float *, float *, const float *, int, int, int, int, int, int, int) [with type=GGML_TYPE_Q6_K, J=56, fallback=true, fixup=false]" at line 1058
[build]             instantiation of "void mul_mat_q<type,J,fallback>(const char *, const int *, const int32_t *, const int32_t *, float *, float *, const float *, uint3, int, int, int, int, int, uint3, uint3, int, int, int, uint3, uint3, int, int, int, uint3) [with type=GGML_TYPE_Q6_K, J=56, fallback=true]" at line 1408
[build]             instantiation of "void launch_mul_mat_q<type,J,fallback>(ggml_backend_cuda_context &, const mmq_args &, cudaStream_t) [with type=GGML_TYPE_Q6_K, J=56, fallback=false]" at line 1522
[build]             instantiation of "void mul_mat_q_switch_J<type,fallback>(ggml_backend_cuda_context &, const mmq_args &, cudaStream_t) [with type=GGML_TYPE_Q6_K, fallback=false]" at line 1562
[build]             instantiation of "void mul_mat_q_case<type>(ggml_backend_cuda_context &, const mmq_args &, cudaStream_t) [with type=GGML_TYPE_Q6_K]" at line 5 of C:\Users\pperv\code\unnamed_rpg\vendor\ggml\src\ggml-cuda\template-instances\mmq-instance-q6_k.cu
[build] 
[build] C:\Users\pperv\code\unnamed_rpg\vendor\ggml\src\ggml-cuda\template-instances\../mmq.cuh(486): warning #177-D: variable "I" was declared but never referenced
[build]       constexpr int I             = ggml_cuda_mmq_get_I(type, J, fallback);
[build]                     ^
[build]           detected during:
[build]             instantiation of "void ggml_cuda_mmq_write_back_mma<type,J,fallback>(const float *, const int *, float *, const float *, int, int, int) [with type=GGML_TYPE_Q6_K, J=56, fallback=true]" at line 716
[build]             instantiation of "ggml_cuda_mmq_util_funcs ggml_cuda_mmq_get_util_funcs<type,J,fallback>() [with type=GGML_TYPE_Q6_K, J=56, fallback=true]" at line 858
[build]             instantiation of "ggml_cuda_mmq_load_tiles_t ggml_cuda_mmq_get_load_tiles<type,J,fallback>() [with type=GGML_TYPE_Q6_K, J=56, fallback=true]" at line 885
[build]             instantiation of "void mul_mat_q_process_tile<type,J,fallback,fixup>(const char *, int, const int *, const int *, float *, float *, const float *, int, int, int, int, int, int, int) [with type=GGML_TYPE_Q6_K, J=56, fallback=true, fixup=false]" at line 1058
[build]             instantiation of "void mul_mat_q<type,J,fallback>(const char *, const int *, const int32_t *, const int32_t *, float *, float *, const float *, uint3, int, int, int, int, int, uint3, uint3, int, int, int, uint3, uint3, int, int, int, uint3) [with type=GGML_TYPE_Q6_K, J=56, fallback=true]" at line 1408
[build]             instantiation of "void launch_mul_mat_q<type,J,fallback>(ggml_backend_cuda_context &, const mmq_args &, cudaStream_t) [with type=GGML_TYPE_Q6_K, J=56, fallback=false]" at line 1522
[build]             instantiation of "void mul_mat_q_switch_J<type,fallback>(ggml_backend_cuda_context &, const mmq_args &, cudaStream_t) [with type=GGML_TYPE_Q6_K, fallback=false]" at line 1562
[build]             instantiation of "void mul_mat_q_case<type>(ggml_backend_cuda_context &, const mmq_args &, cudaStream_t) [with type=GGML_TYPE_Q6_K]" at line 5 of C:\Users\pperv\code\unnamed_rpg\vendor\ggml\src\ggml-cuda\template-instances\mmq-instance-q6_k.cu
[build] 
[build] C:\Users\pperv\code\unnamed_rpg\vendor\ggml\src\ggml-cuda\mmq-vec-dot.cuh(207): warning #177-D: variable "I" was declared but never referenced
[build]       constexpr int I             = ggml_cuda_mmq_get_I(type, J, fallback);
[build]                     ^
[build]           detected during:
[build]             instantiation of "void ggml_cuda_mmq_vec_dot_q8_0_q8_1_mma<type,J,fallback,ds_layout>(const int *, const int *, float *, int) [with type=GGML_TYPE_Q6_K, J=56, fallback=true, ds_layout=MMQ_Q8_1_DS_LAYOUT_DS4]" at line 728 of C:\Users\pperv\code\unnamed_rpg\vendor\ggml\src\ggml-cuda\template-instances\../mmq.cuh
[build]             instantiation of "ggml_cuda_mmq_util_funcs ggml_cuda_mmq_get_util_funcs<type,J,fallback>() [with type=GGML_TYPE_Q6_K, J=56, fallback=true]" at line 858 of C:\Users\pperv\code\unnamed_rpg\vendor\ggml\src\ggml-cuda\template-instances\../mmq.cuh
[build]             instantiation of "ggml_cuda_mmq_load_tiles_t ggml_cuda_mmq_get_load_tiles<type,J,fallback>() [with type=GGML_TYPE_Q6_K, J=56, fallback=true]" at line 885 of C:\Users\pperv\code\unnamed_rpg\vendor\ggml\src\ggml-cuda\template-instances\../mmq.cuh
[build]             instantiation of "void mul_mat_q_process_tile<type,J,fallback,fixup>(const char *, int, const int *, const int *, float *, float *, const float *, int, int, int, int, int, int, int) [with type=GGML_TYPE_Q6_K, J=56, fallback=true, fixup=false]" at line 1058 of C:\Users\pperv\code\unnamed_rpg\vendor\ggml\src\ggml-cuda\template-instances\../mmq.cuh
[build]             instantiation of "void mul_mat_q<type,J,fallback>(const char *, const int *, const int32_t *, const int32_t *, float *, float *, const float *, uint3, int, int, int, int, int, uint3, uint3, int, int, int, uint3, uint3, int, int, int, uint3) [with type=GGML_TYPE_Q6_K, J=56, fallback=true]" at line 1408 of C:\Users\pperv\code\unnamed_rpg\vendor\ggml\src\ggml-cuda\template-instances\../mmq.cuh
[build]             instantiation of "void launch_mul_mat_q<type,J,fallback>(ggml_backend_cuda_context &, const mmq_args &, cudaStream_t) [with type=GGML_TYPE_Q6_K, J=56, fallback=false]" at line 1522 of C:\Users\pperv\code\unnamed_rpg\vendor\ggml\src\ggml-cuda\template-instances\../mmq.cuh
[build]             instantiation of "void mul_mat_q_switch_J<type,fallback>(ggml_backend_cuda_context &, const mmq_args &, cudaStream_t) [with type=GGML_TYPE_Q6_K, fallback=false]" at line 1562 of C:\Users\pperv\code\unnamed_rpg\vendor\ggml\src\ggml-cuda\template-instances\../mmq.cuh
[build]             instantiation of "void mul_mat_q_case<type>(ggml_backend_cuda_context &, const mmq_args &, cudaStream_t) [with type=GGML_TYPE_Q6_K]" at line 5 of C:\Users\pperv\code\unnamed_rpg\vendor\ggml\src\ggml-cuda\template-instances\mmq-instance-q6_k.cu
[build] 
[build] C:\Users\pperv\code\unnamed_rpg\vendor\ggml\src\ggml-cuda\mmq-vec-dot.cuh(374): warning #177-D: variable "I" was declared but never referenced
[build]       constexpr int I             = ggml_cuda_mmq_get_I(type, J, fallback);
[build]                     ^
[build]           detected during:
[build]             instantiation of "void ggml_cuda_mmq_vec_dot_q8_1_q8_1_mma<type,J,fallback>(const int *, const int *, float *, int) [with type=GGML_TYPE_Q6_K, J=56, fallback=true]" at line 734 of C:\Users\pperv\code\unnamed_rpg\vendor\ggml\src\ggml-cuda\template-instances\../mmq.cuh
[build]             instantiation of "ggml_cuda_mmq_util_funcs ggml_cuda_mmq_get_util_funcs<type,J,fallback>() [with type=GGML_TYPE_Q6_K, J=56, fallback=true]" at line 858 of C:\Users\pperv\code\unnamed_rpg\vendor\ggml\src\ggml-cuda\template-instances\../mmq.cuh
[build]             instantiation of "ggml_cuda_mmq_load_tiles_t ggml_cuda_mmq_get_load_tiles<type,J,fallback>() [with type=GGML_TYPE_Q6_K, J=56, fallback=true]" at line 885 of C:\Users\pperv\code\unnamed_rpg\vendor\ggml\src\ggml-cuda\template-instances\../mmq.cuh
[build]             instantiation of "void mul_mat_q_process_tile<type,J,fallback,fixup>(const char *, int, const int *, const int *, float *, float *, const float *, int, int, int, int, int, int, int) [with type=GGML_TYPE_Q6_K, J=56, fallback=true, fixup=false]" at line 1058 of C:\Users\pperv\code\unnamed_rpg\vendor\ggml\src\ggml-cuda\template-instances\../mmq.cuh
[build]             instantiation of "void mul_mat_q<type,J,fallback>(const char *, const int *, const int32_t *, const int32_t *, float *, float *, const float *, uint3, int, int, int, int, int, uint3, uint3, int, int, int, uint3, uint3, int, int, int, uint3) [with type=GGML_TYPE_Q6_K, J=56, fallback=true]" at line 1408 of C:\Users\pperv\code\unnamed_rpg\vendor\ggml\src\ggml-cuda\template-instances\../mmq.cuh
[build]             instantiation of "void launch_mul_mat_q<type,J,fallback>(ggml_backend_cuda_context &, const mmq_args &, cudaStream_t) [with type=GGML_TYPE_Q6_K, J=56, fallback=false]" at line 1522 of C:\Users\pperv\code\unnamed_rpg\vendor\ggml\src\ggml-cuda\template-instances\../mmq.cuh
[build]             instantiation of "void mul_mat_q_switch_J<type,fallback>(ggml_backend_cuda_context &, const mmq_args &, cudaStream_t) [with type=GGML_TYPE_Q6_K, fallback=false]" at line 1562 of C:\Users\pperv\code\unnamed_rpg\vendor\ggml\src\ggml-cuda\template-instances\../mmq.cuh
[build]             instantiation of "void mul_mat_q_case<type>(ggml_backend_cuda_context &, const mmq_args &, cudaStream_t) [with type=GGML_TYPE_Q6_K]" at line 5 of C:\Users\pperv\code\unnamed_rpg\vendor\ggml\src\ggml-cuda\template-instances\mmq-instance-q6_k.cu
[build] 
[build] C:\Users\pperv\code\unnamed_rpg\vendor\ggml\src\ggml-cuda\mmq-vec-dot.cuh(759): warning #177-D: variable "I" was declared but never referenced
[build]       constexpr int I             = ggml_cuda_mmq_get_I(type, J, fallback);
[build]                     ^
[build]           detected during:
[build]             instantiation of "void ggml_cuda_mmq_vec_dot_q2_K_q8_1_mma<type,J,fallback>(const int *, const int *, float *, int) [with type=GGML_TYPE_Q6_K, J=56, fallback=true]" at line 759 of C:\Users\pperv\code\unnamed_rpg\vendor\ggml\src\ggml-cuda\template-instances\../mmq.cuh
[build]             instantiation of "ggml_cuda_mmq_util_funcs ggml_cuda_mmq_get_util_funcs<type,J,fallback>() [with type=GGML_TYPE_Q6_K, J=56, fallback=true]" at line 858 of C:\Users\pperv\code\unnamed_rpg\vendor\ggml\src\ggml-cuda\template-instances\../mmq.cuh
[build]             instantiation of "ggml_cuda_mmq_load_tiles_t ggml_cuda_mmq_get_load_tiles<type,J,fallback>() [with type=GGML_TYPE_Q6_K, J=56, fallback=true]" at line 885 of C:\Users\pperv\code\unnamed_rpg\vendor\ggml\src\ggml-cuda\template-instances\../mmq.cuh
[build]             instantiation of "void mul_mat_q_process_tile<type,J,fallback,fixup>(const char *, int, const int *, const int *, float *, float *, const float *, int, int, int, int, int, int, int) [with type=GGML_TYPE_Q6_K, J=56, fallback=true, fixup=false]" at line 1058 of C:\Users\pperv\code\unnamed_rpg\vendor\ggml\src\ggml-cuda\template-instances\../mmq.cuh
[build]             instantiation of "void mul_mat_q<type,J,fallback>(const char *, const int *, const int32_t *, const int32_t *, float *, float *, const float *, uint3, int, int, int, int, int, uint3, uint3, int, int, int, uint3, uint3, int, int, int, uint3) [with type=GGML_TYPE_Q6_K, J=56, fallback=true]" at line 1408 of C:\Users\pperv\code\unnamed_rpg\vendor\ggml\src\ggml-cuda\template-instances\../mmq.cuh
[build]             instantiation of "void launch_mul_mat_q<type,J,fallback>(ggml_backend_cuda_context &, const mmq_args &, cudaStream_t) [with type=GGML_TYPE_Q6_K, J=56, fallback=false]" at line 1522 of C:\Users\pperv\code\unnamed_rpg\vendor\ggml\src\ggml-cuda\template-instances\../mmq.cuh
[build]             instantiation of "void mul_mat_q_switch_J<type,fallback>(ggml_backend_cuda_context &, const mmq_args &, cudaStream_t) [with type=GGML_TYPE_Q6_K, fallback=false]" at line 1562 of C:\Users\pperv\code\unnamed_rpg\vendor\ggml\src\ggml-cuda\template-instances\../mmq.cuh
[build]             instantiation of "void mul_mat_q_case<type>(ggml_backend_cuda_context &, const mmq_args &, cudaStream_t) [with type=GGML_TYPE_Q6_K]" at line 5 of C:\Users\pperv\code\unnamed_rpg\vendor\ggml\src\ggml-cuda\template-instances\mmq-instance-q6_k.cu
[build] 
[build] C:\Users\pperv\code\unnamed_rpg\vendor\ggml\src\ggml-cuda\mmq-vec-dot.cuh(540): warning #177-D: variable "I" was declared but never referenced
[build]       constexpr int I             = ggml_cuda_mmq_get_I(type, J, fallback);
[build]                     ^
[build]           detected during:
[build]             instantiation of "void ggml_cuda_mmq_vec_dot_q8_0_16_q8_1_mma<type,J,fallback>(const int *, const int *, float *, int) [with type=GGML_TYPE_Q6_K, J=56, fallback=true]" at line 765 of C:\Users\pperv\code\unnamed_rpg\vendor\ggml\src\ggml-cuda\template-instances\../mmq.cuh
[build]             instantiation of "ggml_cuda_mmq_util_funcs ggml_cuda_mmq_get_util_funcs<type,J,fallback>() [with type=GGML_TYPE_Q6_K, J=56, fallback=true]" at line 858 of C:\Users\pperv\code\unnamed_rpg\vendor\ggml\src\ggml-cuda\template-instances\../mmq.cuh
[build]             instantiation of "ggml_cuda_mmq_load_tiles_t ggml_cuda_mmq_get_load_tiles<type,J,fallback>() [with type=GGML_TYPE_Q6_K, J=56, fallback=true]" at line 885 of C:\Users\pperv\code\unnamed_rpg\vendor\ggml\src\ggml-cuda\template-instances\../mmq.cuh
[build]             instantiation of "void mul_mat_q_process_tile<type,J,fallback,fixup>(const char *, int, const int *, const int *, float *, float *, const float *, int, int, int, int, int, int, int) [with type=GGML_TYPE_Q6_K, J=56, fallback=true, fixup=false]" at line 1058 of C:\Users\pperv\code\unnamed_rpg\vendor\ggml\src\ggml-cuda\template-instances\../mmq.cuh
[build]             instantiation of "void mul_mat_q<type,J,fallback>(const char *, const int *, const int32_t *, const int32_t *, float *, float *, const float *, uint3, int, int, int, int, int, uint3, uint3, int, int, int, uint3, uint3, int, int, int, uint3) [with type=GGML_TYPE_Q6_K, J=56, fallback=true]" at line 1408 of C:\Users\pperv\code\unnamed_rpg\vendor\ggml\src\ggml-cuda\template-instances\../mmq.cuh
[build]             instantiation of "void launch_mul_mat_q<type,J,fallback>(ggml_backend_cuda_context &, const mmq_args &, cudaStream_t) [with type=GGML_TYPE_Q6_K, J=56, fallback=false]" at line 1522 of C:\Users\pperv\code\unnamed_rpg\vendor\ggml\src\ggml-cuda\template-instances\../mmq.cuh
[build]             instantiation of "void mul_mat_q_switch_J<type,fallback>(ggml_backend_cuda_context &, const mmq_args &, cudaStream_t) [with type=GGML_TYPE_Q6_K, fallback=false]" at line 1562 of C:\Users\pperv\code\unnamed_rpg\vendor\ggml\src\ggml-cuda\template-instances\../mmq.cuh
[build]             instantiation of "void mul_mat_q_case<type>(ggml_backend_cuda_context &, const mmq_args &, cudaStream_t) [with type=GGML_TYPE_Q6_K]" at line 5 of C:\Users\pperv\code\unnamed_rpg\vendor\ggml\src\ggml-cuda\template-instances\mmq-instance-q6_k.cu
[build] 
[build] C:\Users\pperv\code\unnamed_rpg\vendor\ggml\src\ggml-cuda\mmq-vec-dot.cuh(1078): warning #177-D: variable "I" was declared but never referenced
[build]       constexpr int I             = ggml_cuda_mmq_get_I(type, J, fallback);
[build]                     ^
[build]           detected during:
[build]             instantiation of "void ggml_cuda_mmq_vec_dot_q6_K_q8_1_mma<type,J,fallback>(const int *, const int *, float *, int) [with type=GGML_TYPE_Q6_K, J=56, fallback=true]" at line 783 of C:\Users\pperv\code\unnamed_rpg\vendor\ggml\src\ggml-cuda\template-instances\../mmq.cuh
[build]             instantiation of "ggml_cuda_mmq_util_funcs ggml_cuda_mmq_get_util_funcs<type,J,fallback>() [with type=GGML_TYPE_Q6_K, J=56, fallback=true]" at line 858 of C:\Users\pperv\code\unnamed_rpg\vendor\ggml\src\ggml-cuda\template-instances\../mmq.cuh
[build]             instantiation of "ggml_cuda_mmq_load_tiles_t ggml_cuda_mmq_get_load_tiles<type,J,fallback>() [with type=GGML_TYPE_Q6_K, J=56, fallback=true]" at line 885 of C:\Users\pperv\code\unnamed_rpg\vendor\ggml\src\ggml-cuda\template-instances\../mmq.cuh
[build]             instantiation of "void mul_mat_q_process_tile<type,J,fallback,fixup>(const char *, int, const int *, const int *, float *, float *, const float *, int, int, int, int, int, int, int) [with type=GGML_TYPE_Q6_K, J=56, fallback=true, fixup=false]" at line 1058 of C:\Users\pperv\code\unnamed_rpg\vendor\ggml\src\ggml-cuda\template-instances\../mmq.cuh
[build]             instantiation of "void mul_mat_q<type,J,fallback>(const char *, const int *, const int32_t *, const int32_t *, float *, float *, const float *, uint3, int, int, int, int, int, uint3, uint3, int, int, int, uint3, uint3, int, int, int, uint3) [with type=GGML_TYPE_Q6_K, J=56, fallback=true]" at line 1408 of C:\Users\pperv\code\unnamed_rpg\vendor\ggml\src\ggml-cuda\template-instances\../mmq.cuh
[build]             instantiation of "void launch_mul_mat_q<type,J,fallback>(ggml_backend_cuda_context &, const mmq_args &, cudaStream_t) [with type=GGML_TYPE_Q6_K, J=56, fallback=false]" at line 1522 of C:\Users\pperv\code\unnamed_rpg\vendor\ggml\src\ggml-cuda\template-instances\../mmq.cuh
[build]             instantiation of "void mul_mat_q_switch_J<type,fallback>(ggml_backend_cuda_context &, const mmq_args &, cudaStream_t) [with type=GGML_TYPE_Q6_K, fallback=false]" at line 1562 of C:\Users\pperv\code\unnamed_rpg\vendor\ggml\src\ggml-cuda\template-instances\../mmq.cuh
[build]             instantiation of "void mul_mat_q_case<type>(ggml_backend_cuda_context &, const mmq_args &, cudaStream_t) [with type=GGML_TYPE_Q6_K]" at line 5 of C:\Users\pperv\code\unnamed_rpg\vendor\ggml\src\ggml-cuda\template-instances\mmq-instance-q6_k.cu
[build] 
[build] C:\Users\pperv\code\unnamed_rpg\vendor\ggml\src\ggml-cuda\template-instances\../mmq.cuh(543): warning #177-D: variable "I" was declared but never referenced
[build]       constexpr int I = ggml_cuda_mmq_get_I(type, J, fallback);
[build]                     ^
[build]           detected during:
[build]             instantiation of "ggml_cuda_mmq_util_funcs ggml_cuda_mmq_get_util_funcs<type,J,fallback>() [with type=GGML_TYPE_Q6_K, J=56, fallback=true]" at line 858
[build]             instantiation of "ggml_cuda_mmq_load_tiles_t ggml_cuda_mmq_get_load_tiles<type,J,fallback>() [with type=GGML_TYPE_Q6_K, J=56, fallback=true]" at line 885
[build]             instantiation of "void mul_mat_q_process_tile<type,J,fallback,fixup>(const char *, int, const int *, const int *, float *, float *, const float *, int, int, int, int, int, int, int) [with type=GGML_TYPE_Q6_K, J=56, fallback=true, fixup=false]" at line 1058
[build]             instantiation of "void mul_mat_q<type,J,fallback>(const char *, const int *, const int32_t *, const int32_t *, float *, float *, const float *, uint3, int, int, int, int, int, uint3, uint3, int, int, int, uint3, uint3, int, int, int, uint3) [with type=GGML_TYPE_Q6_K, J=56, fallback=true]" at line 1408
[build]             instantiation of "void launch_mul_mat_q<type,J,fallback>(ggml_backend_cuda_context &, const mmq_args &, cudaStream_t) [with type=GGML_TYPE_Q6_K, J=56, fallback=false]" at line 1522
[build]             instantiation of "void mul_mat_q_switch_J<type,fallback>(ggml_backend_cuda_context &, const mmq_args &, cudaStream_t) [with type=GGML_TYPE_Q6_K, fallback=false]" at line 1562
[build]             instantiation of "void mul_mat_q_case<type>(ggml_backend_cuda_context &, const mmq_args &, cudaStream_t) [with type=GGML_TYPE_Q6_K]" at line 5 of C:\Users\pperv\code\unnamed_rpg\vendor\ggml\src\ggml-cuda\template-instances\mmq-instance-q6_k.cu
[build] 
[build] C:\Users\pperv\code\unnamed_rpg\vendor\ggml\src\ggml-cuda\mmq-vec-dot.cuh(207): warning #177-D: variable "I" was declared but never referenced
[build]       constexpr int I             = ggml_cuda_mmq_get_I(type, J, fallback);
[build]                     ^
[build]           detected during:
[build]             instantiation of "void ggml_cuda_mmq_vec_dot_q8_0_q8_1_mma<type,J,fallback,ds_layout>(const int *, const int *, float *, int) [with type=GGML_TYPE_Q6_K, J=64, fallback=false, ds_layout=MMQ_Q8_1_DS_LAYOUT_D4]" at line 716 of C:\Users\pperv\code\unnamed_rpg\vendor\ggml\src\ggml-cuda\template-instances\../mmq.cuh
[build]             instantiation of "ggml_cuda_mmq_util_funcs ggml_cuda_mmq_get_util_funcs<type,J,fallback>() [with type=GGML_TYPE_Q6_K, J=64, fallback=false]" at line 858 of C:\Users\pperv\code\unnamed_rpg\vendor\ggml\src\ggml-cuda\template-instances\../mmq.cuh
[build]             instantiation of "ggml_cuda_mmq_load_tiles_t ggml_cuda_mmq_get_load_tiles<type,J,fallback>() [with type=GGML_TYPE_Q6_K, J=64, fallback=false]" at line 885 of C:\Users\pperv\code\unnamed_rpg\vendor\ggml\src\ggml-cuda\template-instances\../mmq.cuh
[build]             instantiation of "void mul_mat_q_process_tile<type,J,fallback,fixup>(const char *, int, const int *, const int *, float *, float *, const float *, int, int, int, int, int, int, int) [with type=GGML_TYPE_Q6_K, J=64, fallback=false, fixup=false]" at line 1152 of C:\Users\pperv\code\unnamed_rpg\vendor\ggml\src\ggml-cuda\template-instances\../mmq.cuh
[build]             instantiation of "void mul_mat_q<type,J,fallback>(const char *, const int *, const int32_t *, const int32_t *, float *, float *, const float *, uint3, int, int, int, int, int, uint3, uint3, int, int, int, uint3, uint3, int, int, int, uint3) [with type=GGML_TYPE_Q6_K, J=64, fallback=false]" at line 1407 of C:\Users\pperv\code\unnamed_rpg\vendor\ggml\src\ggml-cuda\template-instances\../mmq.cuh
[build]             instantiation of "void launch_mul_mat_q<type,J,fallback>(ggml_backend_cuda_context &, const mmq_args &, cudaStream_t) [with type=GGML_TYPE_Q6_K, J=64, fallback=false]" at line 1525 of C:\Users\pperv\code\unnamed_rpg\vendor\ggml\src\ggml-cuda\template-instances\../mmq.cuh
[build]             instantiation of "void mul_mat_q_switch_J<type,fallback>(ggml_backend_cuda_context &, const mmq_args &, cudaStream_t) [with type=GGML_TYPE_Q6_K, fallback=false]" at line 1562 of C:\Users\pperv\code\unnamed_rpg\vendor\ggml\src\ggml-cuda\template-instances\../mmq.cuh
[build]             instantiation of "void mul_mat_q_case<type>(ggml_backend_cuda_context &, const mmq_args &, cudaStream_t) [with type=GGML_TYPE_Q6_K]" at line 5 of C:\Users\pperv\code\unnamed_rpg\vendor\ggml\src\ggml-cuda\template-instances\mmq-instance-q6_k.cu
[build] 
[build] C:\Users\pperv\code\unnamed_rpg\vendor\ggml\src\ggml-cuda\template-instances\../mmq.cuh(485): warning #177-D: variable "nwarps" was declared but never referenced
[build]       constexpr int nwarps        = ggml_cuda_mmq_get_nthreads(type, J, fallback) / warp_size;
[build]                     ^
[build]           detected during:
[build]             instantiation of "void ggml_cuda_mmq_write_back_mma<type,J,fallback>(const float *, const int *, float *, const float *, int, int, int) [with type=GGML_TYPE_Q6_K, J=64, fallback=false]" at line 716
[build]             instantiation of "ggml_cuda_mmq_util_funcs ggml_cuda_mmq_get_util_funcs<type,J,fallback>() [with type=GGML_TYPE_Q6_K, J=64, fallback=false]" at line 858
[build]             instantiation of "ggml_cuda_mmq_load_tiles_t ggml_cuda_mmq_get_load_tiles<type,J,fallback>() [with type=GGML_TYPE_Q6_K, J=64, fallback=false]" at line 885
[build]             instantiation of "void mul_mat_q_process_tile<type,J,fallback,fixup>(const char *, int, const int *, const int *, float *, float *, const float *, int, int, int, int, int, int, int) [with type=GGML_TYPE_Q6_K, J=64, fallback=false, fixup=false]" at line 1152
[build]             instantiation of "void mul_mat_q<type,J,fallback>(const char *, const int *, const int32_t *, const int32_t *, float *, float *, const float *, uint3, int, int, int, int, int, uint3, uint3, int, int, int, uint3, uint3, int, int, int, uint3) [with type=GGML_TYPE_Q6_K, J=64, fallback=false]" at line 1407
[build]             instantiation of "void launch_mul_mat_q<type,J,fallback>(ggml_backend_cuda_context &, const mmq_args &, cudaStream_t) [with type=GGML_TYPE_Q6_K, J=64, fallback=false]" at line 1525
[build]             instantiation of "void mul_mat_q_switch_J<type,fallback>(ggml_backend_cuda_context &, const mmq_args &, cudaStream_t) [with type=GGML_TYPE_Q6_K, fallback=false]" at line 1562
[build]             instantiation of "void mul_mat_q_case<type>(ggml_backend_cuda_context &, const mmq_args &, cudaStream_t) [with type=GGML_TYPE_Q6_K]" at line 5 of C:\Users\pperv\code\unnamed_rpg\vendor\ggml\src\ggml-cuda\template-instances\mmq-instance-q6_k.cu
[build] 
[build] C:\Users\pperv\code\unnamed_rpg\vendor\ggml\src\ggml-cuda\template-instances\../mmq.cuh(486): warning #177-D: variable "I" was declared but never referenced
[build]       constexpr int I             = ggml_cuda_mmq_get_I(type, J, fallback);
[build]                     ^
[build]           detected during:
[build]             instantiation of "void ggml_cuda_mmq_write_back_mma<type,J,fallback>(const float *, const int *, float *, const float *, int, int, int) [with type=GGML_TYPE_Q6_K, J=64, fallback=false]" at line 716
[build]             instantiation of "ggml_cuda_mmq_util_funcs ggml_cuda_mmq_get_util_funcs<type,J,fallback>() [with type=GGML_TYPE_Q6_K, J=64, fallback=false]" at line 858
[build]             instantiation of "ggml_cuda_mmq_load_tiles_t ggml_cuda_mmq_get_load_tiles<type,J,fallback>() [with type=GGML_TYPE_Q6_K, J=64, fallback=false]" at line 885
[build]             instantiation of "void mul_mat_q_process_tile<type,J,fallback,fixup>(const char *, int, const int *, const int *, float *, float *, const float *, int, int, int, int, int, int, int) [with type=GGML_TYPE_Q6_K, J=64, fallback=false, fixup=false]" at line 1152
[build]             instantiation of "void mul_mat_q<type,J,fallback>(const char *, const int *, const int32_t *, const int32_t *, float *, float *, const float *, uint3, int, int, int, int, int, uint3, uint3, int, int, int, uint3, uint3, int, int, int, uint3) [with type=GGML_TYPE_Q6_K, J=64, fallback=false]" at line 1407
[build]             instantiation of "void launch_mul_mat_q<type,J,fallback>(ggml_backend_cuda_context &, const mmq_args &, cudaStream_t) [with type=GGML_TYPE_Q6_K, J=64, fallback=false]" at line 1525
[build]             instantiation of "void mul_mat_q_switch_J<type,fallback>(ggml_backend_cuda_context &, const mmq_args &, cudaStream_t) [with type=GGML_TYPE_Q6_K, fallback=false]" at line 1562
[build]             instantiation of "void mul_mat_q_case<type>(ggml_backend_cuda_context &, const mmq_args &, cudaStream_t) [with type=GGML_TYPE_Q6_K]" at line 5 of C:\Users\pperv\code\unnamed_rpg\vendor\ggml\src\ggml-cuda\template-instances\mmq-instance-q6_k.cu
[build] 
[build] C:\Users\pperv\code\unnamed_rpg\vendor\ggml\src\ggml-cuda\mmq-vec-dot.cuh(207): warning #177-D: variable "I" was declared but never referenced
[build]       constexpr int I             = ggml_cuda_mmq_get_I(type, J, fallback);
[build]                     ^
[build]           detected during:
[build]             instantiation of "void ggml_cuda_mmq_vec_dot_q8_0_q8_1_mma<type,J,fallback,ds_layout>(const int *, const int *, float *, int) [with type=GGML_TYPE_Q6_K, J=64, fallback=false, ds_layout=MMQ_Q8_1_DS_LAYOUT_DS4]" at line 728 of C:\Users\pperv\code\unnamed_rpg\vendor\ggml\src\ggml-cuda\template-instances\../mmq.cuh
[build]             instantiation of "ggml_cuda_mmq_util_funcs ggml_cuda_mmq_get_util_funcs<type,J,fallback>() [with type=GGML_TYPE_Q6_K, J=64, fallback=false]" at line 858 of C:\Users\pperv\code\unnamed_rpg\vendor\ggml\src\ggml-cuda\template-instances\../mmq.cuh
[build]             instantiation of "ggml_cuda_mmq_load_tiles_t ggml_cuda_mmq_get_load_tiles<type,J,fallback>() [with type=GGML_TYPE_Q6_K, J=64, fallback=false]" at line 885 of C:\Users\pperv\code\unnamed_rpg\vendor\ggml\src\ggml-cuda\template-instances\../mmq.cuh
[build]             instantiation of "void mul_mat_q_process_tile<type,J,fallback,fixup>(const char *, int, const int *, const int *, float *, float *, const float *, int, int, int, int, int, int, int) [with type=GGML_TYPE_Q6_K, J=64, fallback=false, fixup=false]" at line 1152 of C:\Users\pperv\code\unnamed_rpg\vendor\ggml\src\ggml-cuda\template-instances\../mmq.cuh
[build]             instantiation of "void mul_mat_q<type,J,fallback>(const char *, const int *, const int32_t *, const int32_t *, float *, float *, const float *, uint3, int, int, int, int, int, uint3, uint3, int, int, int, uint3, uint3, int, int, int, uint3) [with type=GGML_TYPE_Q6_K, J=64, fallback=false]" at line 1407 of C:\Users\pperv\code\unnamed_rpg\vendor\ggml\src\ggml-cuda\template-instances\../mmq.cuh
[build]             instantiation of "void launch_mul_mat_q<type,J,fallback>(ggml_backend_cuda_context &, const mmq_args &, cudaStream_t) [with type=GGML_TYPE_Q6_K, J=64, fallback=false]" at line 1525 of C:\Users\pperv\code\unnamed_rpg\vendor\ggml\src\ggml-cuda\template-instances\../mmq.cuh
[build]             instantiation of "void mul_mat_q_switch_J<type,fallback>(ggml_backend_cuda_context &, const mmq_args &, cudaStream_t) [with type=GGML_TYPE_Q6_K, fallback=false]" at line 1562 of C:\Users\pperv\code\unnamed_rpg\vendor\ggml\src\ggml-cuda\template-instances\../mmq.cuh
[build]             instantiation of "void mul_mat_q_case<type>(ggml_backend_cuda_context &, const mmq_args &, cudaStream_t) [with type=GGML_TYPE_Q6_K]" at line 5 of C:\Users\pperv\code\unnamed_rpg\vendor\ggml\src\ggml-cuda\template-instances\mmq-instance-q6_k.cu
[build] 
[build] C:\Users\pperv\code\unnamed_rpg\vendor\ggml\src\ggml-cuda\mmq-vec-dot.cuh(374): warning #177-D: variable "I" was declared but never referenced
[build]       constexpr int I             = ggml_cuda_mmq_get_I(type, J, fallback);
[build]                     ^
[build]           detected during:
[build]             instantiation of "void ggml_cuda_mmq_vec_dot_q8_1_q8_1_mma<type,J,fallback>(const int *, const int *, float *, int) [with type=GGML_TYPE_Q6_K, J=64, fallback=false]" at line 734 of C:\Users\pperv\code\unnamed_rpg\vendor\ggml\src\ggml-cuda\template-instances\../mmq.cuh
[build]             instantiation of "ggml_cuda_mmq_util_funcs ggml_cuda_mmq_get_util_funcs<type,J,fallback>() [with type=GGML_TYPE_Q6_K, J=64, fallback=false]" at line 858 of C:\Users\pperv\code\unnamed_rpg\vendor\ggml\src\ggml-cuda\template-instances\../mmq.cuh
[build]             instantiation of "ggml_cuda_mmq_load_tiles_t ggml_cuda_mmq_get_load_tiles<type,J,fallback>() [with type=GGML_TYPE_Q6_K, J=64, fallback=false]" at line 885 of C:\Users\pperv\code\unnamed_rpg\vendor\ggml\src\ggml-cuda\template-instances\../mmq.cuh
[build]             instantiation of "void mul_mat_q_process_tile<type,J,fallback,fixup>(const char *, int, const int *, const int *, float *, float *, const float *, int, int, int, int, int, int, int) [with type=GGML_TYPE_Q6_K, J=64, fallback=false, fixup=false]" at line 1152 of C:\Users\pperv\code\unnamed_rpg\vendor\ggml\src\ggml-cuda\template-instances\../mmq.cuh
[build]             instantiation of "void mul_mat_q<type,J,fallback>(const char *, const int *, const int32_t *, const int32_t *, float *, float *, const float *, uint3, int, int, int, int, int, uint3, uint3, int, int, int, uint3, uint3, int, int, int, uint3) [with type=GGML_TYPE_Q6_K, J=64, fallback=false]" at line 1407 of C:\Users\pperv\code\unnamed_rpg\vendor\ggml\src\ggml-cuda\template-instances\../mmq.cuh
[build]             instantiation of "void launch_mul_mat_q<type,J,fallback>(ggml_backend_cuda_context &, const mmq_args &, cudaStream_t) [with type=GGML_TYPE_Q6_K, J=64, fallback=false]" at line 1525 of C:\Users\pperv\code\unnamed_rpg\vendor\ggml\src\ggml-cuda\template-instances\../mmq.cuh
[build]             instantiation of "void mul_mat_q_switch_J<type,fallback>(ggml_backend_cuda_context &, const mmq_args &, cudaStream_t) [with type=GGML_TYPE_Q6_K, fallback=false]" at line 1562 of C:\Users\pperv\code\unnamed_rpg\vendor\ggml\src\ggml-cuda\template-instances\../mmq.cuh
[build]             instantiation of "void mul_mat_q_case<type>(ggml_backend_cuda_context &, const mmq_args &, cudaStream_t) [with type=GGML_TYPE_Q6_K]" at line 5 of C:\Users\pperv\code\unnamed_rpg\vendor\ggml\src\ggml-cuda\template-instances\mmq-instance-q6_k.cu
[build] 
[build] C:\Users\pperv\code\unnamed_rpg\vendor\ggml\src\ggml-cuda\mmq-vec-dot.cuh(759): warning #177-D: variable "I" was declared but never referenced
[build]       constexpr int I             = ggml_cuda_mmq_get_I(type, J, fallback);
[build]                     ^
[build]           detected during:
[build]             instantiation of "void ggml_cuda_mmq_vec_dot_q2_K_q8_1_mma<type,J,fallback>(const int *, const int *, float *, int) [with type=GGML_TYPE_Q6_K, J=64, fallback=false]" at line 759 of C:\Users\pperv\code\unnamed_rpg\vendor\ggml\src\ggml-cuda\template-instances\../mmq.cuh
[build]             instantiation of "ggml_cuda_mmq_util_funcs ggml_cuda_mmq_get_util_funcs<type,J,fallback>() [with type=GGML_TYPE_Q6_K, J=64, fallback=false]" at line 858 of C:\Users\pperv\code\unnamed_rpg\vendor\ggml\src\ggml-cuda\template-instances\../mmq.cuh
[build]             instantiation of "ggml_cuda_mmq_load_tiles_t ggml_cuda_mmq_get_load_tiles<type,J,fallback>() [with type=GGML_TYPE_Q6_K, J=64, fallback=false]" at line 885 of C:\Users\pperv\code\unnamed_rpg\vendor\ggml\src\ggml-cuda\template-instances\../mmq.cuh
[build]             instantiation of "void mul_mat_q_process_tile<type,J,fallback,fixup>(const char *, int, const int *, const int *, float *, float *, const float *, int, int, int, int, int, int, int) [with type=GGML_TYPE_Q6_K, J=64, fallback=false, fixup=false]" at line 1152 of C:\Users\pperv\code\unnamed_rpg\vendor\ggml\src\ggml-cuda\template-instances\../mmq.cuh
[build]             instantiation of "void mul_mat_q<type,J,fallback>(const char *, const int *, const int32_t *, const int32_t *, float *, float *, const float *, uint3, int, int, int, int, int, uint3, uint3, int, int, int, uint3, uint3, int, int, int, uint3) [with type=GGML_TYPE_Q6_K, J=64, fallback=false]" at line 1407 of C:\Users\pperv\code\unnamed_rpg\vendor\ggml\src\ggml-cuda\template-instances\../mmq.cuh
[build]             instantiation of "void launch_mul_mat_q<type,J,fallback>(ggml_backend_cuda_context &, const mmq_args &, cudaStream_t) [with type=GGML_TYPE_Q6_K, J=64, fallback=false]" at line 1525 of C:\Users\pperv\code\unnamed_rpg\vendor\ggml\src\ggml-cuda\template-instances\../mmq.cuh
[build]             instantiation of "void mul_mat_q_switch_J<type,fallback>(ggml_backend_cuda_context &, const mmq_args &, cudaStream_t) [with type=GGML_TYPE_Q6_K, fallback=false]" at line 1562 of C:\Users\pperv\code\unnamed_rpg\vendor\ggml\src\ggml-cuda\template-instances\../mmq.cuh
[build]             instantiation of "void mul_mat_q_case<type>(ggml_backend_cuda_context &, const mmq_args &, cudaStream_t) [with type=GGML_TYPE_Q6_K]" at line 5 of C:\Users\pperv\code\unnamed_rpg\vendor\ggml\src\ggml-cuda\template-instances\mmq-instance-q6_k.cu
[build] 
[build] C:\Users\pperv\code\unnamed_rpg\vendor\ggml\src\ggml-cuda\mmq-vec-dot.cuh(540): warning #177-D: variable "I" was declared but never referenced
[build]       constexpr int I             = ggml_cuda_mmq_get_I(type, J, fallback);
[build]                     ^
[build]           detected during:
[build]             instantiation of "void ggml_cuda_mmq_vec_dot_q8_0_16_q8_1_mma<type,J,fallback>(const int *, const int *, float *, int) [with type=GGML_TYPE_Q6_K, J=64, fallback=false]" at line 765 of C:\Users\pperv\code\unnamed_rpg\vendor\ggml\src\ggml-cuda\template-instances\../mmq.cuh
[build]             instantiation of "ggml_cuda_mmq_util_funcs ggml_cuda_mmq_get_util_funcs<type,J,fallback>() [with type=GGML_TYPE_Q6_K, J=64, fallback=false]" at line 858 of C:\Users\pperv\code\unnamed_rpg\vendor\ggml\src\ggml-cuda\template-instances\../mmq.cuh
[build]             instantiation of "ggml_cuda_mmq_load_tiles_t ggml_cuda_mmq_get_load_tiles<type,J,fallback>() [with type=GGML_TYPE_Q6_K, J=64, fallback=false]" at line 885 of C:\Users\pperv\code\unnamed_rpg\vendor\ggml\src\ggml-cuda\template-instances\../mmq.cuh
[build]             instantiation of "void mul_mat_q_process_tile<type,J,fallback,fixup>(const char *, int, const int *, const int *, float *, float *, const float *, int, int, int, int, int, int, int) [with type=GGML_TYPE_Q6_K, J=64, fallback=false, fixup=false]" at line 1152 of C:\Users\pperv\code\unnamed_rpg\vendor\ggml\src\ggml-cuda\template-instances\../mmq.cuh
[build]             instantiation of "void mul_mat_q<type,J,fallback>(const char *, const int *, const int32_t *, const int32_t *, float *, float *, const float *, uint3, int, int, int, int, int, uint3, uint3, int, int, int, uint3, uint3, int, int, int, uint3) [with type=GGML_TYPE_Q6_K, J=64, fallback=false]" at line 1407 of C:\Users\pperv\code\unnamed_rpg\vendor\ggml\src\ggml-cuda\template-instances\../mmq.cuh
[build]             instantiation of "void launch_mul_mat_q<type,J,fallback>(ggml_backend_cuda_context &, const mmq_args &, cudaStream_t) [with type=GGML_TYPE_Q6_K, J=64, fallback=false]" at line 1525 of C:\Users\pperv\code\unnamed_rpg\vendor\ggml\src\ggml-cuda\template-instances\../mmq.cuh
[build]             instantiation of "void mul_mat_q_switch_J<type,fallback>(ggml_backend_cuda_context &, const mmq_args &, cudaStream_t) [with type=GGML_TYPE_Q6_K, fallback=false]" at line 1562 of C:\Users\pperv\code\unnamed_rpg\vendor\ggml\src\ggml-cuda\template-instances\../mmq.cuh
[build]             instantiation of "void mul_mat_q_case<type>(ggml_backend_cuda_context &, const mmq_args &, cudaStream_t) [with type=GGML_TYPE_Q6_K]" at line 5 of C:\Users\pperv\code\unnamed_rpg\vendor\ggml\src\ggml-cuda\template-instances\mmq-instance-q6_k.cu
[build] 
[build] C:\Users\pperv\code\unnamed_rpg\vendor\ggml\src\ggml-cuda\mmq-vec-dot.cuh(1078): warning #177-D: variable "I" was declared but never referenced
[build]       constexpr int I             = ggml_cuda_mmq_get_I(type, J, fallback);
[build]                     ^
[build]           detected during:
[build]             instantiation of "void ggml_cuda_mmq_vec_dot_q6_K_q8_1_mma<type,J,fallback>(const int *, const int *, float *, int) [with type=GGML_TYPE_Q6_K, J=64, fallback=false]" at line 783 of C:\Users\pperv\code\unnamed_rpg\vendor\ggml\src\ggml-cuda\template-instances\../mmq.cuh
[build]             instantiation of "ggml_cuda_mmq_util_funcs ggml_cuda_mmq_get_util_funcs<type,J,fallback>() [with type=GGML_TYPE_Q6_K, J=64, fallback=false]" at line 858 of C:\Users\pperv\code\unnamed_rpg\vendor\ggml\src\ggml-cuda\template-instances\../mmq.cuh
[build]             instantiation of "ggml_cuda_mmq_load_tiles_t ggml_cuda_mmq_get_load_tiles<type,J,fallback>() [with type=GGML_TYPE_Q6_K, J=64, fallback=false]" at line 885 of C:\Users\pperv\code\unnamed_rpg\vendor\ggml\src\ggml-cuda\template-instances\../mmq.cuh
[build]             instantiation of "void mul_mat_q_process_tile<type,J,fallback,fixup>(const char *, int, const int *, const int *, float *, float *, const float *, int, int, int, int, int, int, int) [with type=GGML_TYPE_Q6_K, J=64, fallback=false, fixup=false]" at line 1152 of C:\Users\pperv\code\unnamed_rpg\vendor\ggml\src\ggml-cuda\template-instances\../mmq.cuh
[build]             instantiation of "void mul_mat_q<type,J,fallback>(const char *, const int *, const int32_t *, const int32_t *, float *, float *, const float *, uint3, int, int, int, int, int, uint3, uint3, int, int, int, uint3, uint3, int, int, int, uint3) [with type=GGML_TYPE_Q6_K, J=64, fallback=false]" at line 1407 of C:\Users\pperv\code\unnamed_rpg\vendor\ggml\src\ggml-cuda\template-instances\../mmq.cuh
[build]             instantiation of "void launch_mul_mat_q<type,J,fallback>(ggml_backend_cuda_context &, const mmq_args &, cudaStream_t) [with type=GGML_TYPE_Q6_K, J=64, fallback=false]" at line 1525 of C:\Users\pperv\code\unnamed_rpg\vendor\ggml\src\ggml-cuda\template-instances\../mmq.cuh
[build]             instantiation of "void mul_mat_q_switch_J<type,fallback>(ggml_backend_cuda_context &, const mmq_args &, cudaStream_t) [with type=GGML_TYPE_Q6_K, fallback=false]" at line 1562 of C:\Users\pperv\code\unnamed_rpg\vendor\ggml\src\ggml-cuda\template-instances\../mmq.cuh
[build]             instantiation of "void mul_mat_q_case<type>(ggml_backend_cuda_context &, const mmq_args &, cudaStream_t) [with type=GGML_TYPE_Q6_K]" at line 5 of C:\Users\pperv\code\unnamed_rpg\vendor\ggml\src\ggml-cuda\template-instances\mmq-instance-q6_k.cu
[build] 
[build] C:\Users\pperv\code\unnamed_rpg\vendor\ggml\src\ggml-cuda\template-instances\../mmq.cuh(543): warning #177-D: variable "I" was declared but never referenced
[build]       constexpr int I = ggml_cuda_mmq_get_I(type, J, fallback);
[build]                     ^
[build]           detected during:
[build]             instantiation of "ggml_cuda_mmq_util_funcs ggml_cuda_mmq_get_util_funcs<type,J,fallback>() [with type=GGML_TYPE_Q6_K, J=64, fallback=false]" at line 858
[build]             instantiation of "ggml_cuda_mmq_load_tiles_t ggml_cuda_mmq_get_load_tiles<type,J,fallback>() [with type=GGML_TYPE_Q6_K, J=64, fallback=false]" at line 885
[build]             instantiation of "void mul_mat_q_process_tile<type,J,fallback,fixup>(const char *, int, const int *, const int *, float *, float *, const float *, int, int, int, int, int, int, int) [with type=GGML_TYPE_Q6_K, J=64, fallback=false, fixup=false]" at line 1152
[build]             instantiation of "void mul_mat_q<type,J,fallback>(const char *, const int *, const int32_t *, const int32_t *, float *, float *, const float *, uint3, int, int, int, int, int, uint3, uint3, int, int, int, uint3, uint3, int, int, int, uint3) [with type=GGML_TYPE_Q6_K, J=64, fallback=false]" at line 1407
[build]             instantiation of "void launch_mul_mat_q<type,J,fallback>(ggml_backend_cuda_context &, const mmq_args &, cudaStream_t) [with type=GGML_TYPE_Q6_K, J=64, fallback=false]" at line 1525
[build]             instantiation of "void mul_mat_q_switch_J<type,fallback>(ggml_backend_cuda_context &, const mmq_args &, cudaStream_t) [with type=GGML_TYPE_Q6_K, fallback=false]" at line 1562
[build]             instantiation of "void mul_mat_q_case<type>(ggml_backend_cuda_context &, const mmq_args &, cudaStream_t) [with type=GGML_TYPE_Q6_K]" at line 5 of C:\Users\pperv\code\unnamed_rpg\vendor\ggml\src\ggml-cuda\template-instances\mmq-instance-q6_k.cu
[build] 
[build] C:\Users\pperv\code\unnamed_rpg\vendor\ggml\src\ggml-cuda\mmq-vec-dot.cuh(207): warning #177-D: variable "I" was declared but never referenced
[build]       constexpr int I             = ggml_cuda_mmq_get_I(type, J, fallback);
[build]                     ^
[build]           detected during:
[build]             instantiation of "void ggml_cuda_mmq_vec_dot_q8_0_q8_1_mma<type,J,fallback,ds_layout>(const int *, const int *, float *, int) [with type=GGML_TYPE_Q6_K, J=64, fallback=true, ds_layout=MMQ_Q8_1_DS_LAYOUT_D4]" at line 716 of C:\Users\pperv\code\unnamed_rpg\vendor\ggml\src\ggml-cuda\template-instances\../mmq.cuh
[build]             instantiation of "ggml_cuda_mmq_util_funcs ggml_cuda_mmq_get_util_funcs<type,J,fallback>() [with type=GGML_TYPE_Q6_K, J=64, fallback=true]" at line 858 of C:\Users\pperv\code\unnamed_rpg\vendor\ggml\src\ggml-cuda\template-instances\../mmq.cuh
[build]             instantiation of "ggml_cuda_mmq_load_tiles_t ggml_cuda_mmq_get_load_tiles<type,J,fallback>() [with type=GGML_TYPE_Q6_K, J=64, fallback=true]" at line 885 of C:\Users\pperv\code\unnamed_rpg\vendor\ggml\src\ggml-cuda\template-instances\../mmq.cuh
[build]             instantiation of "void mul_mat_q_process_tile<type,J,fallback,fixup>(const char *, int, const int *, const int *, float *, float *, const float *, int, int, int, int, int, int, int) [with type=GGML_TYPE_Q6_K, J=64, fallback=true, fixup=false]" at line 1152 of C:\Users\pperv\code\unnamed_rpg\vendor\ggml\src\ggml-cuda\template-instances\../mmq.cuh
[build]             instantiation of "void mul_mat_q<type,J,fallback>(const char *, const int *, const int32_t *, const int32_t *, float *, float *, const float *, uint3, int, int, int, int, int, uint3, uint3, int, int, int, uint3, uint3, int, int, int, uint3) [with type=GGML_TYPE_Q6_K, J=64, fallback=true]" at line 1408 of C:\Users\pperv\code\unnamed_rpg\vendor\ggml\src\ggml-cuda\template-instances\../mmq.cuh
[build]             instantiation of "void launch_mul_mat_q<type,J,fallback>(ggml_backend_cuda_context &, const mmq_args &, cudaStream_t) [with type=GGML_TYPE_Q6_K, J=64, fallback=false]" at line 1525 of C:\Users\pperv\code\unnamed_rpg\vendor\ggml\src\ggml-cuda\template-instances\../mmq.cuh
[build]             instantiation of "void mul_mat_q_switch_J<type,fallback>(ggml_backend_cuda_context &, const mmq_args &, cudaStream_t) [with type=GGML_TYPE_Q6_K, fallback=false]" at line 1562 of C:\Users\pperv\code\unnamed_rpg\vendor\ggml\src\ggml-cuda\template-instances\../mmq.cuh
[build]             instantiation of "void mul_mat_q_case<type>(ggml_backend_cuda_context &, const mmq_args &, cudaStream_t) [with type=GGML_TYPE_Q6_K]" at line 5 of C:\Users\pperv\code\unnamed_rpg\vendor\ggml\src\ggml-cuda\template-instances\mmq-instance-q6_k.cu
[build] 
[build] C:\Users\pperv\code\unnamed_rpg\vendor\ggml\src\ggml-cuda\template-instances\../mmq.cuh(485): warning #177-D: variable "nwarps" was declared but never referenced
[build]       constexpr int nwarps        = ggml_cuda_mmq_get_nthreads(type, J, fallback) / warp_size;
[build]                     ^
[build]           detected during:
[build]             instantiation of "void ggml_cuda_mmq_write_back_mma<type,J,fallback>(const float *, const int *, float *, const float *, int, int, int) [with type=GGML_TYPE_Q6_K, J=64, fallback=true]" at line 716
[build]             instantiation of "ggml_cuda_mmq_util_funcs ggml_cuda_mmq_get_util_funcs<type,J,fallback>() [with type=GGML_TYPE_Q6_K, J=64, fallback=true]" at line 858
[build]             instantiation of "ggml_cuda_mmq_load_tiles_t ggml_cuda_mmq_get_load_tiles<type,J,fallback>() [with type=GGML_TYPE_Q6_K, J=64, fallback=true]" at line 885
[build]             instantiation of "void mul_mat_q_process_tile<type,J,fallback,fixup>(const char *, int, const int *, const int *, float *, float *, const float *, int, int, int, int, int, int, int) [with type=GGML_TYPE_Q6_K, J=64, fallback=true, fixup=false]" at line 1152
[build]             instantiation of "void mul_mat_q<type,J,fallback>(const char *, const int *, const int32_t *, const int32_t *, float *, float *, const float *, uint3, int, int, int, int, int, uint3, uint3, int, int, int, uint3, uint3, int, int, int, uint3) [with type=GGML_TYPE_Q6_K, J=64, fallback=true]" at line 1408
[build]             instantiation of "void launch_mul_mat_q<type,J,fallback>(ggml_backend_cuda_context &, const mmq_args &, cudaStream_t) [with type=GGML_TYPE_Q6_K, J=64, fallback=false]" at line 1525
[build]             instantiation of "void mul_mat_q_switch_J<type,fallback>(ggml_backend_cuda_context &, const mmq_args &, cudaStream_t) [with type=GGML_TYPE_Q6_K, fallback=false]" at line 1562
[build]             instantiation of "void mul_mat_q_case<type>(ggml_backend_cuda_context &, const mmq_args &, cudaStream_t) [with type=GGML_TYPE_Q6_K]" at line 5 of C:\Users\pperv\code\unnamed_rpg\vendor\ggml\src\ggml-cuda\template-instances\mmq-instance-q6_k.cu
[build] 
[build] C:\Users\pperv\code\unnamed_rpg\vendor\ggml\src\ggml-cuda\template-instances\../mmq.cuh(486): warning #177-D: variable "I" was declared but never referenced
[build]       constexpr int I             = ggml_cuda_mmq_get_I(type, J, fallback);
[build]                     ^
[build]           detected during:
[build]             instantiation of "void ggml_cuda_mmq_write_back_mma<type,J,fallback>(const float *, const int *, float *, const float *, int, int, int) [with type=GGML_TYPE_Q6_K, J=64, fallback=true]" at line 716
[build]             instantiation of "ggml_cuda_mmq_util_funcs ggml_cuda_mmq_get_util_funcs<type,J,fallback>() [with type=GGML_TYPE_Q6_K, J=64, fallback=true]" at line 858
[build]             instantiation of "ggml_cuda_mmq_load_tiles_t ggml_cuda_mmq_get_load_tiles<type,J,fallback>() [with type=GGML_TYPE_Q6_K, J=64, fallback=true]" at line 885
[build]             instantiation of "void mul_mat_q_process_tile<type,J,fallback,fixup>(const char *, int, const int *, const int *, float *, float *, const float *, int, int, int, int, int, int, int) [with type=GGML_TYPE_Q6_K, J=64, fallback=true, fixup=false]" at line 1152
[build]             instantiation of "void mul_mat_q<type,J,fallback>(const char *, const int *, const int32_t *, const int32_t *, float *, float *, const float *, uint3, int, int, int, int, int, uint3, uint3, int, int, int, uint3, uint3, int, int, int, uint3) [with type=GGML_TYPE_Q6_K, J=64, fallback=true]" at line 1408
[build]             instantiation of "void launch_mul_mat_q<type,J,fallback>(ggml_backend_cuda_context &, const mmq_args &, cudaStream_t) [with type=GGML_TYPE_Q6_K, J=64, fallback=false]" at line 1525
[build]             instantiation of "void mul_mat_q_switch_J<type,fallback>(ggml_backend_cuda_context &, const mmq_args &, cudaStream_t) [with type=GGML_TYPE_Q6_K, fallback=false]" at line 1562
[build]             instantiation of "void mul_mat_q_case<type>(ggml_backend_cuda_context &, const mmq_args &, cudaStream_t) [with type=GGML_TYPE_Q6_K]" at line 5 of C:\Users\pperv\code\unnamed_rpg\vendor\ggml\src\ggml-cuda\template-instances\mmq-instance-q6_k.cu
[build] 
[build] C:\Users\pperv\code\unnamed_rpg\vendor\ggml\src\ggml-cuda\mmq-vec-dot.cuh(207): warning #177-D: variable "I" was declared but never referenced
[build]       constexpr int I             = ggml_cuda_mmq_get_I(type, J, fallback);
[build]                     ^
[build]           detected during:
[build]             instantiation of "void ggml_cuda_mmq_vec_dot_q8_0_q8_1_mma<type,J,fallback,ds_layout>(const int *, const int *, float *, int) [with type=GGML_TYPE_Q6_K, J=64, fallback=true, ds_layout=MMQ_Q8_1_DS_LAYOUT_DS4]" at line 728 of C:\Users\pperv\code\unnamed_rpg\vendor\ggml\src\ggml-cuda\template-instances\../mmq.cuh
[build]             instantiation of "ggml_cuda_mmq_util_funcs ggml_cuda_mmq_get_util_funcs<type,J,fallback>() [with type=GGML_TYPE_Q6_K, J=64, fallback=true]" at line 858 of C:\Users\pperv\code\unnamed_rpg\vendor\ggml\src\ggml-cuda\template-instances\../mmq.cuh
[build]             instantiation of "ggml_cuda_mmq_load_tiles_t ggml_cuda_mmq_get_load_tiles<type,J,fallback>() [with type=GGML_TYPE_Q6_K, J=64, fallback=true]" at line 885 of C:\Users\pperv\code\unnamed_rpg\vendor\ggml\src\ggml-cuda\template-instances\../mmq.cuh
[build]             instantiation of "void mul_mat_q_process_tile<type,J,fallback,fixup>(const char *, int, const int *, const int *, float *, float *, const float *, int, int, int, int, int, int, int) [with type=GGML_TYPE_Q6_K, J=64, fallback=true, fixup=false]" at line 1152 of C:\Users\pperv\code\unnamed_rpg\vendor\ggml\src\ggml-cuda\template-instances\../mmq.cuh
[build]             instantiation of "void mul_mat_q<type,J,fallback>(const char *, const int *, const int32_t *, const int32_t *, float *, float *, const float *, uint3, int, int, int, int, int, uint3, uint3, int, int, int, uint3, uint3, int, int, int, uint3) [with type=GGML_TYPE_Q6_K, J=64, fallback=true]" at line 1408 of C:\Users\pperv\code\unnamed_rpg\vendor\ggml\src\ggml-cuda\template-instances\../mmq.cuh
[build]             instantiation of "void launch_mul_mat_q<type,J,fallback>(ggml_backend_cuda_context &, const mmq_args &, cudaStream_t) [with type=GGML_TYPE_Q6_K, J=64, fallback=false]" at line 1525 of C:\Users\pperv\code\unnamed_rpg\vendor\ggml\src\ggml-cuda\template-instances\../mmq.cuh
[build]             instantiation of "void mul_mat_q_switch_J<type,fallback>(ggml_backend_cuda_context &, const mmq_args &, cudaStream_t) [with type=GGML_TYPE_Q6_K, fallback=false]" at line 1562 of C:\Users\pperv\code\unnamed_rpg\vendor\ggml\src\ggml-cuda\template-instances\../mmq.cuh
[build]             instantiation of "void mul_mat_q_case<type>(ggml_backend_cuda_context &, const mmq_args &, cudaStream_t) [with type=GGML_TYPE_Q6_K]" at line 5 of C:\Users\pperv\code\unnamed_rpg\vendor\ggml\src\ggml-cuda\template-instances\mmq-instance-q6_k.cu
[build] 
[build] C:\Users\pperv\code\unnamed_rpg\vendor\ggml\src\ggml-cuda\mmq-vec-dot.cuh(374): warning #177-D: variable "I" was declared but never referenced
[build]       constexpr int I             = ggml_cuda_mmq_get_I(type, J, fallback);
[build]                     ^
[build]           detected during:
[build]             instantiation of "void ggml_cuda_mmq_vec_dot_q8_1_q8_1_mma<type,J,fallback>(const int *, const int *, float *, int) [with type=GGML_TYPE_Q6_K, J=64, fallback=true]" at line 734 of C:\Users\pperv\code\unnamed_rpg\vendor\ggml\src\ggml-cuda\template-instances\../mmq.cuh
[build]             instantiation of "ggml_cuda_mmq_util_funcs ggml_cuda_mmq_get_util_funcs<type,J,fallback>() [with type=GGML_TYPE_Q6_K, J=64, fallback=true]" at line 858 of C:\Users\pperv\code\unnamed_rpg\vendor\ggml\src\ggml-cuda\template-instances\../mmq.cuh
[build]             instantiation of "ggml_cuda_mmq_load_tiles_t ggml_cuda_mmq_get_load_tiles<type,J,fallback>() [with type=GGML_TYPE_Q6_K, J=64, fallback=true]" at line 885 of C:\Users\pperv\code\unnamed_rpg\vendor\ggml\src\ggml-cuda\template-instances\../mmq.cuh
[build]             instantiation of "void mul_mat_q_process_tile<type,J,fallback,fixup>(const char *, int, const int *, const int *, float *, float *, const float *, int, int, int, int, int, int, int) [with type=GGML_TYPE_Q6_K, J=64, fallback=true, fixup=false]" at line 1152 of C:\Users\pperv\code\unnamed_rpg\vendor\ggml\src\ggml-cuda\template-instances\../mmq.cuh
[build]             instantiation of "void mul_mat_q<type,J,fallback>(const char *, const int *, const int32_t *, const int32_t *, float *, float *, const float *, uint3, int, int, int, int, int, uint3, uint3, int, int, int, uint3, uint3, int, int, int, uint3) [with type=GGML_TYPE_Q6_K, J=64, fallback=true]" at line 1408 of C:\Users\pperv\code\unnamed_rpg\vendor\ggml\src\ggml-cuda\template-instances\../mmq.cuh
[build]             instantiation of "void launch_mul_mat_q<type,J,fallback>(ggml_backend_cuda_context &, const mmq_args &, cudaStream_t) [with type=GGML_TYPE_Q6_K, J=64, fallback=false]" at line 1525 of C:\Users\pperv\code\unnamed_rpg\vendor\ggml\src\ggml-cuda\template-instances\../mmq.cuh
[build]             instantiation of "void mul_mat_q_switch_J<type,fallback>(ggml_backend_cuda_context &, const mmq_args &, cudaStream_t) [with type=GGML_TYPE_Q6_K, fallback=false]" at line 1562 of C:\Users\pperv\code\unnamed_rpg\vendor\ggml\src\ggml-cuda\template-instances\../mmq.cuh
[build]             instantiation of "void mul_mat_q_case<type>(ggml_backend_cuda_context &, const mmq_args &, cudaStream_t) [with type=GGML_TYPE_Q6_K]" at line 5 of C:\Users\pperv\code\unnamed_rpg\vendor\ggml\src\ggml-cuda\template-instances\mmq-instance-q6_k.cu
[build] 
[build] C:\Users\pperv\code\unnamed_rpg\vendor\ggml\src\ggml-cuda\mmq-vec-dot.cuh(759): warning #177-D: variable "I" was declared but never referenced
[build]       constexpr int I             = ggml_cuda_mmq_get_I(type, J, fallback);
[build]                     ^
[build]           detected during:
[build]             instantiation of "void ggml_cuda_mmq_vec_dot_q2_K_q8_1_mma<type,J,fallback>(const int *, const int *, float *, int) [with type=GGML_TYPE_Q6_K, J=64, fallback=true]" at line 759 of C:\Users\pperv\code\unnamed_rpg\vendor\ggml\src\ggml-cuda\template-instances\../mmq.cuh
[build]             instantiation of "ggml_cuda_mmq_util_funcs ggml_cuda_mmq_get_util_funcs<type,J,fallback>() [with type=GGML_TYPE_Q6_K, J=64, fallback=true]" at line 858 of C:\Users\pperv\code\unnamed_rpg\vendor\ggml\src\ggml-cuda\template-instances\../mmq.cuh
[build]             instantiation of "ggml_cuda_mmq_load_tiles_t ggml_cuda_mmq_get_load_tiles<type,J,fallback>() [with type=GGML_TYPE_Q6_K, J=64, fallback=true]" at line 885 of C:\Users\pperv\code\unnamed_rpg\vendor\ggml\src\ggml-cuda\template-instances\../mmq.cuh
[build]             instantiation of "void mul_mat_q_process_tile<type,J,fallback,fixup>(const char *, int, const int *, const int *, float *, float *, const float *, int, int, int, int, int, int, int) [with type=GGML_TYPE_Q6_K, J=64, fallback=true, fixup=false]" at line 1152 of C:\Users\pperv\code\unnamed_rpg\vendor\ggml\src\ggml-cuda\template-instances\../mmq.cuh
[build]             instantiation of "void mul_mat_q<type,J,fallback>(const char *, const int *, const int32_t *, const int32_t *, float *, float *, const float *, uint3, int, int, int, int, int, uint3, uint3, int, int, int, uint3, uint3, int, int, int, uint3) [with type=GGML_TYPE_Q6_K, J=64, fallback=true]" at line 1408 of C:\Users\pperv\code\unnamed_rpg\vendor\ggml\src\ggml-cuda\template-instances\../mmq.cuh
[build]             instantiation of "void launch_mul_mat_q<type,J,fallback>(ggml_backend_cuda_context &, const mmq_args &, cudaStream_t) [with type=GGML_TYPE_Q6_K, J=64, fallback=false]" at line 1525 of C:\Users\pperv\code\unnamed_rpg\vendor\ggml\src\ggml-cuda\template-instances\../mmq.cuh
[build]             instantiation of "void mul_mat_q_switch_J<type,fallback>(ggml_backend_cuda_context &, const mmq_args &, cudaStream_t) [with type=GGML_TYPE_Q6_K, fallback=false]" at line 1562 of C:\Users\pperv\code\unnamed_rpg\vendor\ggml\src\ggml-cuda\template-instances\../mmq.cuh
[build]             instantiation of "void mul_mat_q_case<type>(ggml_backend_cuda_context &, const mmq_args &, cudaStream_t) [with type=GGML_TYPE_Q6_K]" at line 5 of C:\Users\pperv\code\unnamed_rpg\vendor\ggml\src\ggml-cuda\template-instances\mmq-instance-q6_k.cu
[build] 
[build] C:\Users\pperv\code\unnamed_rpg\vendor\ggml\src\ggml-cuda\mmq-vec-dot.cuh(540): warning #177-D: variable "I" was declared but never referenced
[build]       constexpr int I             = ggml_cuda_mmq_get_I(type, J, fallback);
[build]                     ^
[build]           detected during:
[build]             instantiation of "void ggml_cuda_mmq_vec_dot_q8_0_16_q8_1_mma<type,J,fallback>(const int *, const int *, float *, int) [with type=GGML_TYPE_Q6_K, J=64, fallback=true]" at line 765 of C:\Users\pperv\code\unnamed_rpg\vendor\ggml\src\ggml-cuda\template-instances\../mmq.cuh
[build]             instantiation of "ggml_cuda_mmq_util_funcs ggml_cuda_mmq_get_util_funcs<type,J,fallback>() [with type=GGML_TYPE_Q6_K, J=64, fallback=true]" at line 858 of C:\Users\pperv\code\unnamed_rpg\vendor\ggml\src\ggml-cuda\template-instances\../mmq.cuh
[build]             instantiation of "ggml_cuda_mmq_load_tiles_t ggml_cuda_mmq_get_load_tiles<type,J,fallback>() [with type=GGML_TYPE_Q6_K, J=64, fallback=true]" at line 885 of C:\Users\pperv\code\unnamed_rpg\vendor\ggml\src\ggml-cuda\template-instances\../mmq.cuh
[build]             instantiation of "void mul_mat_q_process_tile<type,J,fallback,fixup>(const char *, int, const int *, const int *, float *, float *, const float *, int, int, int, int, int, int, int) [with type=GGML_TYPE_Q6_K, J=64, fallback=true, fixup=false]" at line 1152 of C:\Users\pperv\code\unnamed_rpg\vendor\ggml\src\ggml-cuda\template-instances\../mmq.cuh
[build]             instantiation of "void mul_mat_q<type,J,fallback>(const char *, const int *, const int32_t *, const int32_t *, float *, float *, const float *, uint3, int, int, int, int, int, uint3, uint3, int, int, int, uint3, uint3, int, int, int, uint3) [with type=GGML_TYPE_Q6_K, J=64, fallback=true]" at line 1408 of C:\Users\pperv\code\unnamed_rpg\vendor\ggml\src\ggml-cuda\template-instances\../mmq.cuh
[build]             instantiation of "void launch_mul_mat_q<type,J,fallback>(ggml_backend_cuda_context &, const mmq_args &, cudaStream_t) [with type=GGML_TYPE_Q6_K, J=64, fallback=false]" at line 1525 of C:\Users\pperv\code\unnamed_rpg\vendor\ggml\src\ggml-cuda\template-instances\../mmq.cuh
[build]             instantiation of "void mul_mat_q_switch_J<type,fallback>(ggml_backend_cuda_context &, const mmq_args &, cudaStream_t) [with type=GGML_TYPE_Q6_K, fallback=false]" at line 1562 of C:\Users\pperv\code\unnamed_rpg\vendor\ggml\src\ggml-cuda\template-instances\../mmq.cuh
[build]             instantiation of "void mul_mat_q_case<type>(ggml_backend_cuda_context &, const mmq_args &, cudaStream_t) [with type=GGML_TYPE_Q6_K]" at line 5 of C:\Users\pperv\code\unnamed_rpg\vendor\ggml\src\ggml-cuda\template-instances\mmq-instance-q6_k.cu
[build] 
[build] C:\Users\pperv\code\unnamed_rpg\vendor\ggml\src\ggml-cuda\mmq-vec-dot.cuh(1078): warning #177-D: variable "I" was declared but never referenced
[build]       constexpr int I             = ggml_cuda_mmq_get_I(type, J, fallback);
[build]                     ^
[build]           detected during:
[build]             instantiation of "void ggml_cuda_mmq_vec_dot_q6_K_q8_1_mma<type,J,fallback>(const int *, const int *, float *, int) [with type=GGML_TYPE_Q6_K, J=64, fallback=true]" at line 783 of C:\Users\pperv\code\unnamed_rpg\vendor\ggml\src\ggml-cuda\template-instances\../mmq.cuh
[build]             instantiation of "ggml_cuda_mmq_util_funcs ggml_cuda_mmq_get_util_funcs<type,J,fallback>() [with type=GGML_TYPE_Q6_K, J=64, fallback=true]" at line 858 of C:\Users\pperv\code\unnamed_rpg\vendor\ggml\src\ggml-cuda\template-instances\../mmq.cuh
[build]             instantiation of "ggml_cuda_mmq_load_tiles_t ggml_cuda_mmq_get_load_tiles<type,J,fallback>() [with type=GGML_TYPE_Q6_K, J=64, fallback=true]" at line 885 of C:\Users\pperv\code\unnamed_rpg\vendor\ggml\src\ggml-cuda\template-instances\../mmq.cuh
[build]             instantiation of "void mul_mat_q_process_tile<type,J,fallback,fixup>(const char *, int, const int *, const int *, float *, float *, const float *, int, int, int, int, int, int, int) [with type=GGML_TYPE_Q6_K, J=64, fallback=true, fixup=false]" at line 1152 of C:\Users\pperv\code\unnamed_rpg\vendor\ggml\src\ggml-cuda\template-instances\../mmq.cuh
[build]             instantiation of "void mul_mat_q<type,J,fallback>(const char *, const int *, const int32_t *, const int32_t *, float *, float *, const float *, uint3, int, int, int, int, int, uint3, uint3, int, int, int, uint3, uint3, int, int, int, uint3) [with type=GGML_TYPE_Q6_K, J=64, fallback=true]" at line 1408 of C:\Users\pperv\code\unnamed_rpg\vendor\ggml\src\ggml-cuda\template-instances\../mmq.cuh
[build]             instantiation of "void launch_mul_mat_q<type,J,fallback>(ggml_backend_cuda_context &, const mmq_args &, cudaStream_t) [with type=GGML_TYPE_Q6_K, J=64, fallback=false]" at line 1525 of C:\Users\pperv\code\unnamed_rpg\vendor\ggml\src\ggml-cuda\template-instances\../mmq.cuh
[build]             instantiation of "void mul_mat_q_switch_J<type,fallback>(ggml_backend_cuda_context &, const mmq_args &, cudaStream_t) [with type=GGML_TYPE_Q6_K, fallback=false]" at line 1562 of C:\Users\pperv\code\unnamed_rpg\vendor\ggml\src\ggml-cuda\template-instances\../mmq.cuh
[build]             instantiation of "void mul_mat_q_case<type>(ggml_backend_cuda_context &, const mmq_args &, cudaStream_t) [with type=GGML_TYPE_Q6_K]" at line 5 of C:\Users\pperv\code\unnamed_rpg\vendor\ggml\src\ggml-cuda\template-instances\mmq-instance-q6_k.cu
[build] 
[build] C:\Users\pperv\code\unnamed_rpg\vendor\ggml\src\ggml-cuda\template-instances\../mmq.cuh(543): warning #177-D: variable "I" was declared but never referenced
[build]       constexpr int I = ggml_cuda_mmq_get_I(type, J, fallback);
[build]                     ^
[build]           detected during:
[build]             instantiation of "ggml_cuda_mmq_util_funcs ggml_cuda_mmq_get_util_funcs<type,J,fallback>() [with type=GGML_TYPE_Q6_K, J=64, fallback=true]" at line 858
[build]             instantiation of "ggml_cuda_mmq_load_tiles_t ggml_cuda_mmq_get_load_tiles<type,J,fallback>() [with type=GGML_TYPE_Q6_K, J=64, fallback=true]" at line 885
[build]             instantiation of "void mul_mat_q_process_tile<type,J,fallback,fixup>(const char *, int, const int *, const int *, float *, float *, const float *, int, int, int, int, int, int, int) [with type=GGML_TYPE_Q6_K, J=64, fallback=true, fixup=false]" at line 1152
[build]             instantiation of "void mul_mat_q<type,J,fallback>(const char *, const int *, const int32_t *, const int32_t *, float *, float *, const float *, uint3, int, int, int, int, int, uint3, uint3, int, int, int, uint3, uint3, int, int, int, uint3) [with type=GGML_TYPE_Q6_K, J=64, fallback=true]" at line 1408
[build]             instantiation of "void launch_mul_mat_q<type,J,fallback>(ggml_backend_cuda_context &, const mmq_args &, cudaStream_t) [with type=GGML_TYPE_Q6_K, J=64, fallback=false]" at line 1525
[build]             instantiation of "void mul_mat_q_switch_J<type,fallback>(ggml_backend_cuda_context &, const mmq_args &, cudaStream_t) [with type=GGML_TYPE_Q6_K, fallback=false]" at line 1562
[build]             instantiation of "void mul_mat_q_case<type>(ggml_backend_cuda_context &, const mmq_args &, cudaStream_t) [with type=GGML_TYPE_Q6_K]" at line 5 of C:\Users\pperv\code\unnamed_rpg\vendor\ggml\src\ggml-cuda\template-instances\mmq-instance-q6_k.cu
[build] 
[build] C:\Users\pperv\code\unnamed_rpg\vendor\ggml\src\ggml-cuda\mmq-vec-dot.cuh(207): warning #177-D: variable "I" was declared but never referenced
[build]       constexpr int I             = ggml_cuda_mmq_get_I(type, J, fallback);
[build]                     ^
[build]           detected during:
[build]             instantiation of "void ggml_cuda_mmq_vec_dot_q8_0_q8_1_mma<type,J,fallback,ds_layout>(const int *, const int *, float *, int) [with type=GGML_TYPE_Q6_K, J=72, fallback=false, ds_layout=MMQ_Q8_1_DS_LAYOUT_D4]" at line 716 of C:\Users\pperv\code\unnamed_rpg\vendor\ggml\src\ggml-cuda\template-instances\../mmq.cuh
[build]             instantiation of "ggml_cuda_mmq_util_funcs ggml_cuda_mmq_get_util_funcs<type,J,fallback>() [with type=GGML_TYPE_Q6_K, J=72, fallback=false]" at line 858 of C:\Users\pperv\code\unnamed_rpg\vendor\ggml\src\ggml-cuda\template-instances\../mmq.cuh
[build]             instantiation of "ggml_cuda_mmq_load_tiles_t ggml_cuda_mmq_get_load_tiles<type,J,fallback>() [with type=GGML_TYPE_Q6_K, J=72, fallback=false]" at line 885 of C:\Users\pperv\code\unnamed_rpg\vendor\ggml\src\ggml-cuda\template-instances\../mmq.cuh
[build]             instantiation of "void mul_mat_q_process_tile<type,J,fallback,fixup>(const char *, int, const int *, const int *, float *, float *, const float *, int, int, int, int, int, int, int) [with type=GGML_TYPE_Q6_K, J=72, fallback=false, fixup=false]" at line 1058 of C:\Users\pperv\code\unnamed_rpg\vendor\ggml\src\ggml-cuda\template-instances\../mmq.cuh
[build]             instantiation of "void mul_mat_q<type,J,fallback>(const char *, const int *, const int32_t *, const int32_t *, float *, float *, const float *, uint3, int, int, int, int, int, uint3, uint3, int, int, int, uint3, uint3, int, int, int, uint3) [with type=GGML_TYPE_Q6_K, J=72, fallback=false]" at line 1407 of C:\Users\pperv\code\unnamed_rpg\vendor\ggml\src\ggml-cuda\template-instances\../mmq.cuh
[build]             instantiation of "void launch_mul_mat_q<type,J,fallback>(ggml_backend_cuda_context &, const mmq_args &, cudaStream_t) [with type=GGML_TYPE_Q6_K, J=72, fallback=false]" at line 1528 of C:\Users\pperv\code\unnamed_rpg\vendor\ggml\src\ggml-cuda\template-instances\../mmq.cuh
[build]             instantiation of "void mul_mat_q_switch_J<type,fallback>(ggml_backend_cuda_context &, const mmq_args &, cudaStream_t) [with type=GGML_TYPE_Q6_K, fallback=false]" at line 1562 of C:\Users\pperv\code\unnamed_rpg\vendor\ggml\src\ggml-cuda\template-instances\../mmq.cuh
[build]             instantiation of "void mul_mat_q_case<type>(ggml_backend_cuda_context &, const mmq_args &, cudaStream_t) [with type=GGML_TYPE_Q6_K]" at line 5 of C:\Users\pperv\code\unnamed_rpg\vendor\ggml\src\ggml-cuda\template-instances\mmq-instance-q6_k.cu
[build] 
[build] C:\Users\pperv\code\unnamed_rpg\vendor\ggml\src\ggml-cuda\template-instances\../mmq.cuh(485): warning #177-D: variable "nwarps" was declared but never referenced
[build]       constexpr int nwarps        = ggml_cuda_mmq_get_nthreads(type, J, fallback) / warp_size;
[build]                     ^
[build]           detected during:
[build]             instantiation of "void ggml_cuda_mmq_write_back_mma<type,J,fallback>(const float *, const int *, float *, const float *, int, int, int) [with type=GGML_TYPE_Q6_K, J=72, fallback=false]" at line 716
[build]             instantiation of "ggml_cuda_mmq_util_funcs ggml_cuda_mmq_get_util_funcs<type,J,fallback>() [with type=GGML_TYPE_Q6_K, J=72, fallback=false]" at line 858
[build]             instantiation of "ggml_cuda_mmq_load_tiles_t ggml_cuda_mmq_get_load_tiles<type,J,fallback>() [with type=GGML_TYPE_Q6_K, J=72, fallback=false]" at line 885
[build]             instantiation of "void mul_mat_q_process_tile<type,J,fallback,fixup>(const char *, int, const int *, const int *, float *, float *, const float *, int, int, int, int, int, int, int) [with type=GGML_TYPE_Q6_K, J=72, fallback=false, fixup=false]" at line 1058
[build]             instantiation of "void mul_mat_q<type,J,fallback>(const char *, const int *, const int32_t *, const int32_t *, float *, float *, const float *, uint3, int, int, int, int, int, uint3, uint3, int, int, int, uint3, uint3, int, int, int, uint3) [with type=GGML_TYPE_Q6_K, J=72, fallback=false]" at line 1407
[build]             instantiation of "void launch_mul_mat_q<type,J,fallback>(ggml_backend_cuda_context &, const mmq_args &, cudaStream_t) [with type=GGML_TYPE_Q6_K, J=72, fallback=false]" at line 1528
[build]             instantiation of "void mul_mat_q_switch_J<type,fallback>(ggml_backend_cuda_context &, const mmq_args &, cudaStream_t) [with type=GGML_TYPE_Q6_K, fallback=false]" at line 1562
[build]             instantiation of "void mul_mat_q_case<type>(ggml_backend_cuda_context &, const mmq_args &, cudaStream_t) [with type=GGML_TYPE_Q6_K]" at line 5 of C:\Users\pperv\code\unnamed_rpg\vendor\ggml\src\ggml-cuda\template-instances\mmq-instance-q6_k.cu
[build] 
[build] C:\Users\pperv\code\unnamed_rpg\vendor\ggml\src\ggml-cuda\template-instances\../mmq.cuh(486): warning #177-D: variable "I" was declared but never referenced
[build]       constexpr int I             = ggml_cuda_mmq_get_I(type, J, fallback);
[build]                     ^
[build]           detected during:
[build]             instantiation of "void ggml_cuda_mmq_write_back_mma<type,J,fallback>(const float *, const int *, float *, const float *, int, int, int) [with type=GGML_TYPE_Q6_K, J=72, fallback=false]" at line 716
[build]             instantiation of "ggml_cuda_mmq_util_funcs ggml_cuda_mmq_get_util_funcs<type,J,fallback>() [with type=GGML_TYPE_Q6_K, J=72, fallback=false]" at line 858
[build]             instantiation of "ggml_cuda_mmq_load_tiles_t ggml_cuda_mmq_get_load_tiles<type,J,fallback>() [with type=GGML_TYPE_Q6_K, J=72, fallback=false]" at line 885
[build]             instantiation of "void mul_mat_q_process_tile<type,J,fallback,fixup>(const char *, int, const int *, const int *, float *, float *, const float *, int, int, int, int, int, int, int) [with type=GGML_TYPE_Q6_K, J=72, fallback=false, fixup=false]" at line 1058
[build]             instantiation of "void mul_mat_q<type,J,fallback>(const char *, const int *, const int32_t *, const int32_t *, float *, float *, const float *, uint3, int, int, int, int, int, uint3, uint3, int, int, int, uint3, uint3, int, int, int, uint3) [with type=GGML_TYPE_Q6_K, J=72, fallback=false]" at line 1407
[build]             instantiation of "void launch_mul_mat_q<type,J,fallback>(ggml_backend_cuda_context &, const mmq_args &, cudaStream_t) [with type=GGML_TYPE_Q6_K, J=72, fallback=false]" at line 1528
[build]             instantiation of "void mul_mat_q_switch_J<type,fallback>(ggml_backend_cuda_context &, const mmq_args &, cudaStream_t) [with type=GGML_TYPE_Q6_K, fallback=false]" at line 1562
[build]             instantiation of "void mul_mat_q_case<type>(ggml_backend_cuda_context &, const mmq_args &, cudaStream_t) [with type=GGML_TYPE_Q6_K]" at line 5 of C:\Users\pperv\code\unnamed_rpg\vendor\ggml\src\ggml-cuda\template-instances\mmq-instance-q6_k.cu
[build] 
[build] C:\Users\pperv\code\unnamed_rpg\vendor\ggml\src\ggml-cuda\mmq-vec-dot.cuh(207): warning #177-D: variable "I" was declared but never referenced
[build]       constexpr int I             = ggml_cuda_mmq_get_I(type, J, fallback);
[build]                     ^
[build]           detected during:
[build]             instantiation of "void ggml_cuda_mmq_vec_dot_q8_0_q8_1_mma<type,J,fallback,ds_layout>(const int *, const int *, float *, int) [with type=GGML_TYPE_Q6_K, J=72, fallback=false, ds_layout=MMQ_Q8_1_DS_LAYOUT_DS4]" at line 728 of C:\Users\pperv\code\unnamed_rpg\vendor\ggml\src\ggml-cuda\template-instances\../mmq.cuh
[build]             instantiation of "ggml_cuda_mmq_util_funcs ggml_cuda_mmq_get_util_funcs<type,J,fallback>() [with type=GGML_TYPE_Q6_K, J=72, fallback=false]" at line 858 of C:\Users\pperv\code\unnamed_rpg\vendor\ggml\src\ggml-cuda\template-instances\../mmq.cuh
[build]             instantiation of "ggml_cuda_mmq_load_tiles_t ggml_cuda_mmq_get_load_tiles<type,J,fallback>() [with type=GGML_TYPE_Q6_K, J=72, fallback=false]" at line 885 of C:\Users\pperv\code\unnamed_rpg\vendor\ggml\src\ggml-cuda\template-instances\../mmq.cuh
[build]             instantiation of "void mul_mat_q_process_tile<type,J,fallback,fixup>(const char *, int, const int *, const int *, float *, float *, const float *, int, int, int, int, int, int, int) [with type=GGML_TYPE_Q6_K, J=72, fallback=false, fixup=false]" at line 1058 of C:\Users\pperv\code\unnamed_rpg\vendor\ggml\src\ggml-cuda\template-instances\../mmq.cuh
[build]             instantiation of "void mul_mat_q<type,J,fallback>(const char *, const int *, const int32_t *, const int32_t *, float *, float *, const float *, uint3, int, int, int, int, int, uint3, uint3, int, int, int, uint3, uint3, int, int, int, uint3) [with type=GGML_TYPE_Q6_K, J=72, fallback=false]" at line 1407 of C:\Users\pperv\code\unnamed_rpg\vendor\ggml\src\ggml-cuda\template-instances\../mmq.cuh
[build]             instantiation of "void launch_mul_mat_q<type,J,fallback>(ggml_backend_cuda_context &, const mmq_args &, cudaStream_t) [with type=GGML_TYPE_Q6_K, J=72, fallback=false]" at line 1528 of C:\Users\pperv\code\unnamed_rpg\vendor\ggml\src\ggml-cuda\template-instances\../mmq.cuh
[build]             instantiation of "void mul_mat_q_switch_J<type,fallback>(ggml_backend_cuda_context &, const mmq_args &, cudaStream_t) [with type=GGML_TYPE_Q6_K, fallback=false]" at line 1562 of C:\Users\pperv\code\unnamed_rpg\vendor\ggml\src\ggml-cuda\template-instances\../mmq.cuh
[build]             instantiation of "void mul_mat_q_case<type>(ggml_backend_cuda_context &, const mmq_args &, cudaStream_t) [with type=GGML_TYPE_Q6_K]" at line 5 of C:\Users\pperv\code\unnamed_rpg\vendor\ggml\src\ggml-cuda\template-instances\mmq-instance-q6_k.cu
[build] 
[build] C:\Users\pperv\code\unnamed_rpg\vendor\ggml\src\ggml-cuda\mmq-vec-dot.cuh(374): warning #177-D: variable "I" was declared but never referenced
[build]       constexpr int I             = ggml_cuda_mmq_get_I(type, J, fallback);
[build]                     ^
[build]           detected during:
[build]             instantiation of "void ggml_cuda_mmq_vec_dot_q8_1_q8_1_mma<type,J,fallback>(const int *, const int *, float *, int) [with type=GGML_TYPE_Q6_K, J=72, fallback=false]" at line 734 of C:\Users\pperv\code\unnamed_rpg\vendor\ggml\src\ggml-cuda\template-instances\../mmq.cuh
[build]             instantiation of "ggml_cuda_mmq_util_funcs ggml_cuda_mmq_get_util_funcs<type,J,fallback>() [with type=GGML_TYPE_Q6_K, J=72, fallback=false]" at line 858 of C:\Users\pperv\code\unnamed_rpg\vendor\ggml\src\ggml-cuda\template-instances\../mmq.cuh
[build]             instantiation of "ggml_cuda_mmq_load_tiles_t ggml_cuda_mmq_get_load_tiles<type,J,fallback>() [with type=GGML_TYPE_Q6_K, J=72, fallback=false]" at line 885 of C:\Users\pperv\code\unnamed_rpg\vendor\ggml\src\ggml-cuda\template-instances\../mmq.cuh
[build]             instantiation of "void mul_mat_q_process_tile<type,J,fallback,fixup>(const char *, int, const int *, const int *, float *, float *, const float *, int, int, int, int, int, int, int) [with type=GGML_TYPE_Q6_K, J=72, fallback=false, fixup=false]" at line 1058 of C:\Users\pperv\code\unnamed_rpg\vendor\ggml\src\ggml-cuda\template-instances\../mmq.cuh
[build]             instantiation of "void mul_mat_q<type,J,fallback>(const char *, const int *, const int32_t *, const int32_t *, float *, float *, const float *, uint3, int, int, int, int, int, uint3, uint3, int, int, int, uint3, uint3, int, int, int, uint3) [with type=GGML_TYPE_Q6_K, J=72, fallback=false]" at line 1407 of C:\Users\pperv\code\unnamed_rpg\vendor\ggml\src\ggml-cuda\template-instances\../mmq.cuh
[build]             instantiation of "void launch_mul_mat_q<type,J,fallback>(ggml_backend_cuda_context &, const mmq_args &, cudaStream_t) [with type=GGML_TYPE_Q6_K, J=72, fallback=false]" at line 1528 of C:\Users\pperv\code\unnamed_rpg\vendor\ggml\src\ggml-cuda\template-instances\../mmq.cuh
[build]             instantiation of "void mul_mat_q_switch_J<type,fallback>(ggml_backend_cuda_context &, const mmq_args &, cudaStream_t) [with type=GGML_TYPE_Q6_K, fallback=false]" at line 1562 of C:\Users\pperv\code\unnamed_rpg\vendor\ggml\src\ggml-cuda\template-instances\../mmq.cuh
[build]             instantiation of "void mul_mat_q_case<type>(ggml_backend_cuda_context &, const mmq_args &, cudaStream_t) [with type=GGML_TYPE_Q6_K]" at line 5 of C:\Users\pperv\code\unnamed_rpg\vendor\ggml\src\ggml-cuda\template-instances\mmq-instance-q6_k.cu
[build] 
[build] C:\Users\pperv\code\unnamed_rpg\vendor\ggml\src\ggml-cuda\mmq-vec-dot.cuh(759): warning #177-D: variable "I" was declared but never referenced
[build]       constexpr int I             = ggml_cuda_mmq_get_I(type, J, fallback);
[build]                     ^
[build]           detected during:
[build]             instantiation of "void ggml_cuda_mmq_vec_dot_q2_K_q8_1_mma<type,J,fallback>(const int *, const int *, float *, int) [with type=GGML_TYPE_Q6_K, J=72, fallback=false]" at line 759 of C:\Users\pperv\code\unnamed_rpg\vendor\ggml\src\ggml-cuda\template-instances\../mmq.cuh
[build]             instantiation of "ggml_cuda_mmq_util_funcs ggml_cuda_mmq_get_util_funcs<type,J,fallback>() [with type=GGML_TYPE_Q6_K, J=72, fallback=false]" at line 858 of C:\Users\pperv\code\unnamed_rpg\vendor\ggml\src\ggml-cuda\template-instances\../mmq.cuh
[build]             instantiation of "ggml_cuda_mmq_load_tiles_t ggml_cuda_mmq_get_load_tiles<type,J,fallback>() [with type=GGML_TYPE_Q6_K, J=72, fallback=false]" at line 885 of C:\Users\pperv\code\unnamed_rpg\vendor\ggml\src\ggml-cuda\template-instances\../mmq.cuh
[build]             instantiation of "void mul_mat_q_process_tile<type,J,fallback,fixup>(const char *, int, const int *, const int *, float *, float *, const float *, int, int, int, int, int, int, int) [with type=GGML_TYPE_Q6_K, J=72, fallback=false, fixup=false]" at line 1058 of C:\Users\pperv\code\unnamed_rpg\vendor\ggml\src\ggml-cuda\template-instances\../mmq.cuh
[build]             instantiation of "void mul_mat_q<type,J,fallback>(const char *, const int *, const int32_t *, const int32_t *, float *, float *, const float *, uint3, int, int, int, int, int, uint3, uint3, int, int, int, uint3, uint3, int, int, int, uint3) [with type=GGML_TYPE_Q6_K, J=72, fallback=false]" at line 1407 of C:\Users\pperv\code\unnamed_rpg\vendor\ggml\src\ggml-cuda\template-instances\../mmq.cuh
[build]             instantiation of "void launch_mul_mat_q<type,J,fallback>(ggml_backend_cuda_context &, const mmq_args &, cudaStream_t) [with type=GGML_TYPE_Q6_K, J=72, fallback=false]" at line 1528 of C:\Users\pperv\code\unnamed_rpg\vendor\ggml\src\ggml-cuda\template-instances\../mmq.cuh
[build]             instantiation of "void mul_mat_q_switch_J<type,fallback>(ggml_backend_cuda_context &, const mmq_args &, cudaStream_t) [with type=GGML_TYPE_Q6_K, fallback=false]" at line 1562 of C:\Users\pperv\code\unnamed_rpg\vendor\ggml\src\ggml-cuda\template-instances\../mmq.cuh
[build]             instantiation of "void mul_mat_q_case<type>(ggml_backend_cuda_context &, const mmq_args &, cudaStream_t) [with type=GGML_TYPE_Q6_K]" at line 5 of C:\Users\pperv\code\unnamed_rpg\vendor\ggml\src\ggml-cuda\template-instances\mmq-instance-q6_k.cu
[build] 
[build] C:\Users\pperv\code\unnamed_rpg\vendor\ggml\src\ggml-cuda\mmq-vec-dot.cuh(540): warning #177-D: variable "I" was declared but never referenced
[build]       constexpr int I             = ggml_cuda_mmq_get_I(type, J, fallback);
[build]                     ^
[build]           detected during:
[build]             instantiation of "void ggml_cuda_mmq_vec_dot_q8_0_16_q8_1_mma<type,J,fallback>(const int *, const int *, float *, int) [with type=GGML_TYPE_Q6_K, J=72, fallback=false]" at line 765 of C:\Users\pperv\code\unnamed_rpg\vendor\ggml\src\ggml-cuda\template-instances\../mmq.cuh
[build]             instantiation of "ggml_cuda_mmq_util_funcs ggml_cuda_mmq_get_util_funcs<type,J,fallback>() [with type=GGML_TYPE_Q6_K, J=72, fallback=false]" at line 858 of C:\Users\pperv\code\unnamed_rpg\vendor\ggml\src\ggml-cuda\template-instances\../mmq.cuh
[build]             instantiation of "ggml_cuda_mmq_load_tiles_t ggml_cuda_mmq_get_load_tiles<type,J,fallback>() [with type=GGML_TYPE_Q6_K, J=72, fallback=false]" at line 885 of C:\Users\pperv\code\unnamed_rpg\vendor\ggml\src\ggml-cuda\template-instances\../mmq.cuh
[build]             instantiation of "void mul_mat_q_process_tile<type,J,fallback,fixup>(const char *, int, const int *, const int *, float *, float *, const float *, int, int, int, int, int, int, int) [with type=GGML_TYPE_Q6_K, J=72, fallback=false, fixup=false]" at line 1058 of C:\Users\pperv\code\unnamed_rpg\vendor\ggml\src\ggml-cuda\template-instances\../mmq.cuh
[build]             instantiation of "void mul_mat_q<type,J,fallback>(const char *, const int *, const int32_t *, const int32_t *, float *, float *, const float *, uint3, int, int, int, int, int, uint3, uint3, int, int, int, uint3, uint3, int, int, int, uint3) [with type=GGML_TYPE_Q6_K, J=72, fallback=false]" at line 1407 of C:\Users\pperv\code\unnamed_rpg\vendor\ggml\src\ggml-cuda\template-instances\../mmq.cuh
[build]             instantiation of "void launch_mul_mat_q<type,J,fallback>(ggml_backend_cuda_context &, const mmq_args &, cudaStream_t) [with type=GGML_TYPE_Q6_K, J=72, fallback=false]" at line 1528 of C:\Users\pperv\code\unnamed_rpg\vendor\ggml\src\ggml-cuda\template-instances\../mmq.cuh
[build]             instantiation of "void mul_mat_q_switch_J<type,fallback>(ggml_backend_cuda_context &, const mmq_args &, cudaStream_t) [with type=GGML_TYPE_Q6_K, fallback=false]" at line 1562 of C:\Users\pperv\code\unnamed_rpg\vendor\ggml\src\ggml-cuda\template-instances\../mmq.cuh
[build]             instantiation of "void mul_mat_q_case<type>(ggml_backend_cuda_context &, const mmq_args &, cudaStream_t) [with type=GGML_TYPE_Q6_K]" at line 5 of C:\Users\pperv\code\unnamed_rpg\vendor\ggml\src\ggml-cuda\template-instances\mmq-instance-q6_k.cu
[build] 
[build] C:\Users\pperv\code\unnamed_rpg\vendor\ggml\src\ggml-cuda\mmq-vec-dot.cuh(1078): warning #177-D: variable "I" was declared but never referenced
[build]       constexpr int I             = ggml_cuda_mmq_get_I(type, J, fallback);
[build]                     ^
[build]           detected during:
[build]             instantiation of "void ggml_cuda_mmq_vec_dot_q6_K_q8_1_mma<type,J,fallback>(const int *, const int *, float *, int) [with type=GGML_TYPE_Q6_K, J=72, fallback=false]" at line 783 of C:\Users\pperv\code\unnamed_rpg\vendor\ggml\src\ggml-cuda\template-instances\../mmq.cuh
[build]             instantiation of "ggml_cuda_mmq_util_funcs ggml_cuda_mmq_get_util_funcs<type,J,fallback>() [with type=GGML_TYPE_Q6_K, J=72, fallback=false]" at line 858 of C:\Users\pperv\code\unnamed_rpg\vendor\ggml\src\ggml-cuda\template-instances\../mmq.cuh
[build]             instantiation of "ggml_cuda_mmq_load_tiles_t ggml_cuda_mmq_get_load_tiles<type,J,fallback>() [with type=GGML_TYPE_Q6_K, J=72, fallback=false]" at line 885 of C:\Users\pperv\code\unnamed_rpg\vendor\ggml\src\ggml-cuda\template-instances\../mmq.cuh
[build]             instantiation of "void mul_mat_q_process_tile<type,J,fallback,fixup>(const char *, int, const int *, const int *, float *, float *, const float *, int, int, int, int, int, int, int) [with type=GGML_TYPE_Q6_K, J=72, fallback=false, fixup=false]" at line 1058 of C:\Users\pperv\code\unnamed_rpg\vendor\ggml\src\ggml-cuda\template-instances\../mmq.cuh
[build]             instantiation of "void mul_mat_q<type,J,fallback>(const char *, const int *, const int32_t *, const int32_t *, float *, float *, const float *, uint3, int, int, int, int, int, uint3, uint3, int, int, int, uint3, uint3, int, int, int, uint3) [with type=GGML_TYPE_Q6_K, J=72, fallback=false]" at line 1407 of C:\Users\pperv\code\unnamed_rpg\vendor\ggml\src\ggml-cuda\template-instances\../mmq.cuh
[build]             instantiation of "void launch_mul_mat_q<type,J,fallback>(ggml_backend_cuda_context &, const mmq_args &, cudaStream_t) [with type=GGML_TYPE_Q6_K, J=72, fallback=false]" at line 1528 of C:\Users\pperv\code\unnamed_rpg\vendor\ggml\src\ggml-cuda\template-instances\../mmq.cuh
[build]             instantiation of "void mul_mat_q_switch_J<type,fallback>(ggml_backend_cuda_context &, const mmq_args &, cudaStream_t) [with type=GGML_TYPE_Q6_K, fallback=false]" at line 1562 of C:\Users\pperv\code\unnamed_rpg\vendor\ggml\src\ggml-cuda\template-instances\../mmq.cuh
[build]             instantiation of "void mul_mat_q_case<type>(ggml_backend_cuda_context &, const mmq_args &, cudaStream_t) [with type=GGML_TYPE_Q6_K]" at line 5 of C:\Users\pperv\code\unnamed_rpg\vendor\ggml\src\ggml-cuda\template-instances\mmq-instance-q6_k.cu
[build] 
[build] C:\Users\pperv\code\unnamed_rpg\vendor\ggml\src\ggml-cuda\template-instances\../mmq.cuh(543): warning #177-D: variable "I" was declared but never referenced
[build]       constexpr int I = ggml_cuda_mmq_get_I(type, J, fallback);
[build]                     ^
[build]           detected during:
[build]             instantiation of "ggml_cuda_mmq_util_funcs ggml_cuda_mmq_get_util_funcs<type,J,fallback>() [with type=GGML_TYPE_Q6_K, J=72, fallback=false]" at line 858
[build]             instantiation of "ggml_cuda_mmq_load_tiles_t ggml_cuda_mmq_get_load_tiles<type,J,fallback>() [with type=GGML_TYPE_Q6_K, J=72, fallback=false]" at line 885
[build]             instantiation of "void mul_mat_q_process_tile<type,J,fallback,fixup>(const char *, int, const int *, const int *, float *, float *, const float *, int, int, int, int, int, int, int) [with type=GGML_TYPE_Q6_K, J=72, fallback=false, fixup=false]" at line 1058
[build]             instantiation of "void mul_mat_q<type,J,fallback>(const char *, const int *, const int32_t *, const int32_t *, float *, float *, const float *, uint3, int, int, int, int, int, uint3, uint3, int, int, int, uint3, uint3, int, int, int, uint3) [with type=GGML_TYPE_Q6_K, J=72, fallback=false]" at line 1407
[build]             instantiation of "void launch_mul_mat_q<type,J,fallback>(ggml_backend_cuda_context &, const mmq_args &, cudaStream_t) [with type=GGML_TYPE_Q6_K, J=72, fallback=false]" at line 1528
[build]             instantiation of "void mul_mat_q_switch_J<type,fallback>(ggml_backend_cuda_context &, const mmq_args &, cudaStream_t) [with type=GGML_TYPE_Q6_K, fallback=false]" at line 1562
[build]             instantiation of "void mul_mat_q_case<type>(ggml_backend_cuda_context &, const mmq_args &, cudaStream_t) [with type=GGML_TYPE_Q6_K]" at line 5 of C:\Users\pperv\code\unnamed_rpg\vendor\ggml\src\ggml-cuda\template-instances\mmq-instance-q6_k.cu
[build] 
[build] C:\Users\pperv\code\unnamed_rpg\vendor\ggml\src\ggml-cuda\mmq-vec-dot.cuh(207): warning #177-D: variable "I" was declared but never referenced
[build]       constexpr int I             = ggml_cuda_mmq_get_I(type, J, fallback);
[build]                     ^
[build]           detected during:
[build]             instantiation of "void ggml_cuda_mmq_vec_dot_q8_0_q8_1_mma<type,J,fallback,ds_layout>(const int *, const int *, float *, int) [with type=GGML_TYPE_Q6_K, J=72, fallback=true, ds_layout=MMQ_Q8_1_DS_LAYOUT_D4]" at line 716 of C:\Users\pperv\code\unnamed_rpg\vendor\ggml\src\ggml-cuda\template-instances\../mmq.cuh
[build]             instantiation of "ggml_cuda_mmq_util_funcs ggml_cuda_mmq_get_util_funcs<type,J,fallback>() [with type=GGML_TYPE_Q6_K, J=72, fallback=true]" at line 858 of C:\Users\pperv\code\unnamed_rpg\vendor\ggml\src\ggml-cuda\template-instances\../mmq.cuh
[build]             instantiation of "ggml_cuda_mmq_load_tiles_t ggml_cuda_mmq_get_load_tiles<type,J,fallback>() [with type=GGML_TYPE_Q6_K, J=72, fallback=true]" at line 885 of C:\Users\pperv\code\unnamed_rpg\vendor\ggml\src\ggml-cuda\template-instances\../mmq.cuh
[build]             instantiation of "void mul_mat_q_process_tile<type,J,fallback,fixup>(const char *, int, const int *, const int *, float *, float *, const float *, int, int, int, int, int, int, int) [with type=GGML_TYPE_Q6_K, J=72, fallback=true, fixup=false]" at line 1058 of C:\Users\pperv\code\unnamed_rpg\vendor\ggml\src\ggml-cuda\template-instances\../mmq.cuh
[build]             instantiation of "void mul_mat_q<type,J,fallback>(const char *, const int *, const int32_t *, const int32_t *, float *, float *, const float *, uint3, int, int, int, int, int, uint3, uint3, int, int, int, uint3, uint3, int, int, int, uint3) [with type=GGML_TYPE_Q6_K, J=72, fallback=true]" at line 1408 of C:\Users\pperv\code\unnamed_rpg\vendor\ggml\src\ggml-cuda\template-instances\../mmq.cuh
[build]             instantiation of "void launch_mul_mat_q<type,J,fallback>(ggml_backend_cuda_context &, const mmq_args &, cudaStream_t) [with type=GGML_TYPE_Q6_K, J=72, fallback=false]" at line 1528 of C:\Users\pperv\code\unnamed_rpg\vendor\ggml\src\ggml-cuda\template-instances\../mmq.cuh
[build]             instantiation of "void mul_mat_q_switch_J<type,fallback>(ggml_backend_cuda_context &, const mmq_args &, cudaStream_t) [with type=GGML_TYPE_Q6_K, fallback=false]" at line 1562 of C:\Users\pperv\code\unnamed_rpg\vendor\ggml\src\ggml-cuda\template-instances\../mmq.cuh
[build]             instantiation of "void mul_mat_q_case<type>(ggml_backend_cuda_context &, const mmq_args &, cudaStream_t) [with type=GGML_TYPE_Q6_K]" at line 5 of C:\Users\pperv\code\unnamed_rpg\vendor\ggml\src\ggml-cuda\template-instances\mmq-instance-q6_k.cu
[build] 
[build] C:\Users\pperv\code\unnamed_rpg\vendor\ggml\src\ggml-cuda\template-instances\../mmq.cuh(485): warning #177-D: variable "nwarps" was declared but never referenced
[build]       constexpr int nwarps        = ggml_cuda_mmq_get_nthreads(type, J, fallback) / warp_size;
[build]                     ^
[build]           detected during:
[build]             instantiation of "void ggml_cuda_mmq_write_back_mma<type,J,fallback>(const float *, const int *, float *, const float *, int, int, int) [with type=GGML_TYPE_Q6_K, J=72, fallback=true]" at line 716
[build]             instantiation of "ggml_cuda_mmq_util_funcs ggml_cuda_mmq_get_util_funcs<type,J,fallback>() [with type=GGML_TYPE_Q6_K, J=72, fallback=true]" at line 858
[build]             instantiation of "ggml_cuda_mmq_load_tiles_t ggml_cuda_mmq_get_load_tiles<type,J,fallback>() [with type=GGML_TYPE_Q6_K, J=72, fallback=true]" at line 885
[build]             instantiation of "void mul_mat_q_process_tile<type,J,fallback,fixup>(const char *, int, const int *, const int *, float *, float *, const float *, int, int, int, int, int, int, int) [with type=GGML_TYPE_Q6_K, J=72, fallback=true, fixup=false]" at line 1058
[build]             instantiation of "void mul_mat_q<type,J,fallback>(const char *, const int *, const int32_t *, const int32_t *, float *, float *, const float *, uint3, int, int, int, int, int, uint3, uint3, int, int, int, uint3, uint3, int, int, int, uint3) [with type=GGML_TYPE_Q6_K, J=72, fallback=true]" at line 1408
[build]             instantiation of "void launch_mul_mat_q<type,J,fallback>(ggml_backend_cuda_context &, const mmq_args &, cudaStream_t) [with type=GGML_TYPE_Q6_K, J=72, fallback=false]" at line 1528
[build]             instantiation of "void mul_mat_q_switch_J<type,fallback>(ggml_backend_cuda_context &, const mmq_args &, cudaStream_t) [with type=GGML_TYPE_Q6_K, fallback=false]" at line 1562
[build]             instantiation of "void mul_mat_q_case<type>(ggml_backend_cuda_context &, const mmq_args &, cudaStream_t) [with type=GGML_TYPE_Q6_K]" at line 5 of C:\Users\pperv\code\unnamed_rpg\vendor\ggml\src\ggml-cuda\template-instances\mmq-instance-q6_k.cu
[build] 
[build] C:\Users\pperv\code\unnamed_rpg\vendor\ggml\src\ggml-cuda\template-instances\../mmq.cuh(486): warning #177-D: variable "I" was declared but never referenced
[build]       constexpr int I             = ggml_cuda_mmq_get_I(type, J, fallback);
[build]                     ^
[build]           detected during:
[build]             instantiation of "void ggml_cuda_mmq_write_back_mma<type,J,fallback>(const float *, const int *, float *, const float *, int, int, int) [with type=GGML_TYPE_Q6_K, J=72, fallback=true]" at line 716
[build]             instantiation of "ggml_cuda_mmq_util_funcs ggml_cuda_mmq_get_util_funcs<type,J,fallback>() [with type=GGML_TYPE_Q6_K, J=72, fallback=true]" at line 858
[build]             instantiation of "ggml_cuda_mmq_load_tiles_t ggml_cuda_mmq_get_load_tiles<type,J,fallback>() [with type=GGML_TYPE_Q6_K, J=72, fallback=true]" at line 885
[build]             instantiation of "void mul_mat_q_process_tile<type,J,fallback,fixup>(const char *, int, const int *, const int *, float *, float *, const float *, int, int, int, int, int, int, int) [with type=GGML_TYPE_Q6_K, J=72, fallback=true, fixup=false]" at line 1058
[build]             instantiation of "void mul_mat_q<type,J,fallback>(const char *, const int *, const int32_t *, const int32_t *, float *, float *, const float *, uint3, int, int, int, int, int, uint3, uint3, int, int, int, uint3, uint3, int, int, int, uint3) [with type=GGML_TYPE_Q6_K, J=72, fallback=true]" at line 1408
[build]             instantiation of "void launch_mul_mat_q<type,J,fallback>(ggml_backend_cuda_context &, const mmq_args &, cudaStream_t) [with type=GGML_TYPE_Q6_K, J=72, fallback=false]" at line 1528
[build]             instantiation of "void mul_mat_q_switch_J<type,fallback>(ggml_backend_cuda_context &, const mmq_args &, cudaStream_t) [with type=GGML_TYPE_Q6_K, fallback=false]" at line 1562
[build]             instantiation of "void mul_mat_q_case<type>(ggml_backend_cuda_context &, const mmq_args &, cudaStream_t) [with type=GGML_TYPE_Q6_K]" at line 5 of C:\Users\pperv\code\unnamed_rpg\vendor\ggml\src\ggml-cuda\template-instances\mmq-instance-q6_k.cu
[build] 
[build] C:\Users\pperv\code\unnamed_rpg\vendor\ggml\src\ggml-cuda\mmq-vec-dot.cuh(207): warning #177-D: variable "I" was declared but never referenced
[build]       constexpr int I             = ggml_cuda_mmq_get_I(type, J, fallback);
[build]                     ^
[build]           detected during:
[build]             instantiation of "void ggml_cuda_mmq_vec_dot_q8_0_q8_1_mma<type,J,fallback,ds_layout>(const int *, const int *, float *, int) [with type=GGML_TYPE_Q6_K, J=72, fallback=true, ds_layout=MMQ_Q8_1_DS_LAYOUT_DS4]" at line 728 of C:\Users\pperv\code\unnamed_rpg\vendor\ggml\src\ggml-cuda\template-instances\../mmq.cuh
[build]             instantiation of "ggml_cuda_mmq_util_funcs ggml_cuda_mmq_get_util_funcs<type,J,fallback>() [with type=GGML_TYPE_Q6_K, J=72, fallback=true]" at line 858 of C:\Users\pperv\code\unnamed_rpg\vendor\ggml\src\ggml-cuda\template-instances\../mmq.cuh
[build]             instantiation of "ggml_cuda_mmq_load_tiles_t ggml_cuda_mmq_get_load_tiles<type,J,fallback>() [with type=GGML_TYPE_Q6_K, J=72, fallback=true]" at line 885 of C:\Users\pperv\code\unnamed_rpg\vendor\ggml\src\ggml-cuda\template-instances\../mmq.cuh
[build]             instantiation of "void mul_mat_q_process_tile<type,J,fallback,fixup>(const char *, int, const int *, const int *, float *, float *, const float *, int, int, int, int, int, int, int) [with type=GGML_TYPE_Q6_K, J=72, fallback=true, fixup=false]" at line 1058 of C:\Users\pperv\code\unnamed_rpg\vendor\ggml\src\ggml-cuda\template-instances\../mmq.cuh
[build]             instantiation of "void mul_mat_q<type,J,fallback>(const char *, const int *, const int32_t *, const int32_t *, float *, float *, const float *, uint3, int, int, int, int, int, uint3, uint3, int, int, int, uint3, uint3, int, int, int, uint3) [with type=GGML_TYPE_Q6_K, J=72, fallback=true]" at line 1408 of C:\Users\pperv\code\unnamed_rpg\vendor\ggml\src\ggml-cuda\template-instances\../mmq.cuh
[build]             instantiation of "void launch_mul_mat_q<type,J,fallback>(ggml_backend_cuda_context &, const mmq_args &, cudaStream_t) [with type=GGML_TYPE_Q6_K, J=72, fallback=false]" at line 1528 of C:\Users\pperv\code\unnamed_rpg\vendor\ggml\src\ggml-cuda\template-instances\../mmq.cuh
[build]             instantiation of "void mul_mat_q_switch_J<type,fallback>(ggml_backend_cuda_context &, const mmq_args &, cudaStream_t) [with type=GGML_TYPE_Q6_K, fallback=false]" at line 1562 of C:\Users\pperv\code\unnamed_rpg\vendor\ggml\src\ggml-cuda\template-instances\../mmq.cuh
[build]             instantiation of "void mul_mat_q_case<type>(ggml_backend_cuda_context &, const mmq_args &, cudaStream_t) [with type=GGML_TYPE_Q6_K]" at line 5 of C:\Users\pperv\code\unnamed_rpg\vendor\ggml\src\ggml-cuda\template-instances\mmq-instance-q6_k.cu
[build] 
[build] C:\Users\pperv\code\unnamed_rpg\vendor\ggml\src\ggml-cuda\mmq-vec-dot.cuh(374): warning #177-D: variable "I" was declared but never referenced
[build]       constexpr int I             = ggml_cuda_mmq_get_I(type, J, fallback);
[build]                     ^
[build]           detected during:
[build]             instantiation of "void ggml_cuda_mmq_vec_dot_q8_1_q8_1_mma<type,J,fallback>(const int *, const int *, float *, int) [with type=GGML_TYPE_Q6_K, J=72, fallback=true]" at line 734 of C:\Users\pperv\code\unnamed_rpg\vendor\ggml\src\ggml-cuda\template-instances\../mmq.cuh
[build]             instantiation of "ggml_cuda_mmq_util_funcs ggml_cuda_mmq_get_util_funcs<type,J,fallback>() [with type=GGML_TYPE_Q6_K, J=72, fallback=true]" at line 858 of C:\Users\pperv\code\unnamed_rpg\vendor\ggml\src\ggml-cuda\template-instances\../mmq.cuh
[build]             instantiation of "ggml_cuda_mmq_load_tiles_t ggml_cuda_mmq_get_load_tiles<type,J,fallback>() [with type=GGML_TYPE_Q6_K, J=72, fallback=true]" at line 885 of C:\Users\pperv\code\unnamed_rpg\vendor\ggml\src\ggml-cuda\template-instances\../mmq.cuh
[build]             instantiation of "void mul_mat_q_process_tile<type,J,fallback,fixup>(const char *, int, const int *, const int *, float *, float *, const float *, int, int, int, int, int, int, int) [with type=GGML_TYPE_Q6_K, J=72, fallback=true, fixup=false]" at line 1058 of C:\Users\pperv\code\unnamed_rpg\vendor\ggml\src\ggml-cuda\template-instances\../mmq.cuh
[build]             instantiation of "void mul_mat_q<type,J,fallback>(const char *, const int *, const int32_t *, const int32_t *, float *, float *, const float *, uint3, int, int, int, int, int, uint3, uint3, int, int, int, uint3, uint3, int, int, int, uint3) [with type=GGML_TYPE_Q6_K, J=72, fallback=true]" at line 1408 of C:\Users\pperv\code\unnamed_rpg\vendor\ggml\src\ggml-cuda\template-instances\../mmq.cuh
[build]             instantiation of "void launch_mul_mat_q<type,J,fallback>(ggml_backend_cuda_context &, const mmq_args &, cudaStream_t) [with type=GGML_TYPE_Q6_K, J=72, fallback=false]" at line 1528 of C:\Users\pperv\code\unnamed_rpg\vendor\ggml\src\ggml-cuda\template-instances\../mmq.cuh
[build]             instantiation of "void mul_mat_q_switch_J<type,fallback>(ggml_backend_cuda_context &, const mmq_args &, cudaStream_t) [with type=GGML_TYPE_Q6_K, fallback=false]" at line 1562 of C:\Users\pperv\code\unnamed_rpg\vendor\ggml\src\ggml-cuda\template-instances\../mmq.cuh
[build]             instantiation of "void mul_mat_q_case<type>(ggml_backend_cuda_context &, const mmq_args &, cudaStream_t) [with type=GGML_TYPE_Q6_K]" at line 5 of C:\Users\pperv\code\unnamed_rpg\vendor\ggml\src\ggml-cuda\template-instances\mmq-instance-q6_k.cu
[build] 
[build] C:\Users\pperv\code\unnamed_rpg\vendor\ggml\src\ggml-cuda\mmq-vec-dot.cuh(759): warning #177-D: variable "I" was declared but never referenced
[build]       constexpr int I             = ggml_cuda_mmq_get_I(type, J, fallback);
[build]                     ^
[build]           detected during:
[build]             instantiation of "void ggml_cuda_mmq_vec_dot_q2_K_q8_1_mma<type,J,fallback>(const int *, const int *, float *, int) [with type=GGML_TYPE_Q6_K, J=72, fallback=true]" at line 759 of C:\Users\pperv\code\unnamed_rpg\vendor\ggml\src\ggml-cuda\template-instances\../mmq.cuh
[build]             instantiation of "ggml_cuda_mmq_util_funcs ggml_cuda_mmq_get_util_funcs<type,J,fallback>() [with type=GGML_TYPE_Q6_K, J=72, fallback=true]" at line 858 of C:\Users\pperv\code\unnamed_rpg\vendor\ggml\src\ggml-cuda\template-instances\../mmq.cuh
[build]             instantiation of "ggml_cuda_mmq_load_tiles_t ggml_cuda_mmq_get_load_tiles<type,J,fallback>() [with type=GGML_TYPE_Q6_K, J=72, fallback=true]" at line 885 of C:\Users\pperv\code\unnamed_rpg\vendor\ggml\src\ggml-cuda\template-instances\../mmq.cuh
[build]             instantiation of "void mul_mat_q_process_tile<type,J,fallback,fixup>(const char *, int, const int *, const int *, float *, float *, const float *, int, int, int, int, int, int, int) [with type=GGML_TYPE_Q6_K, J=72, fallback=true, fixup=false]" at line 1058 of C:\Users\pperv\code\unnamed_rpg\vendor\ggml\src\ggml-cuda\template-instances\../mmq.cuh
[build]             instantiation of "void mul_mat_q<type,J,fallback>(const char *, const int *, const int32_t *, const int32_t *, float *, float *, const float *, uint3, int, int, int, int, int, uint3, uint3, int, int, int, uint3, uint3, int, int, int, uint3) [with type=GGML_TYPE_Q6_K, J=72, fallback=true]" at line 1408 of C:\Users\pperv\code\unnamed_rpg\vendor\ggml\src\ggml-cuda\template-instances\../mmq.cuh
[build]             instantiation of "void launch_mul_mat_q<type,J,fallback>(ggml_backend_cuda_context &, const mmq_args &, cudaStream_t) [with type=GGML_TYPE_Q6_K, J=72, fallback=false]" at line 1528 of C:\Users\pperv\code\unnamed_rpg\vendor\ggml\src\ggml-cuda\template-instances\../mmq.cuh
[build]             instantiation of "void mul_mat_q_switch_J<type,fallback>(ggml_backend_cuda_context &, const mmq_args &, cudaStream_t) [with type=GGML_TYPE_Q6_K, fallback=false]" at line 1562 of C:\Users\pperv\code\unnamed_rpg\vendor\ggml\src\ggml-cuda\template-instances\../mmq.cuh
[build]             instantiation of "void mul_mat_q_case<type>(ggml_backend_cuda_context &, const mmq_args &, cudaStream_t) [with type=GGML_TYPE_Q6_K]" at line 5 of C:\Users\pperv\code\unnamed_rpg\vendor\ggml\src\ggml-cuda\template-instances\mmq-instance-q6_k.cu
[build] 
[build] C:\Users\pperv\code\unnamed_rpg\vendor\ggml\src\ggml-cuda\mmq-vec-dot.cuh(540): warning #177-D: variable "I" was declared but never referenced
[build]       constexpr int I             = ggml_cuda_mmq_get_I(type, J, fallback);
[build]                     ^
[build]           detected during:
[build]             instantiation of "void ggml_cuda_mmq_vec_dot_q8_0_16_q8_1_mma<type,J,fallback>(const int *, const int *, float *, int) [with type=GGML_TYPE_Q6_K, J=72, fallback=true]" at line 765 of C:\Users\pperv\code\unnamed_rpg\vendor\ggml\src\ggml-cuda\template-instances\../mmq.cuh
[build]             instantiation of "ggml_cuda_mmq_util_funcs ggml_cuda_mmq_get_util_funcs<type,J,fallback>() [with type=GGML_TYPE_Q6_K, J=72, fallback=true]" at line 858 of C:\Users\pperv\code\unnamed_rpg\vendor\ggml\src\ggml-cuda\template-instances\../mmq.cuh
[build]             instantiation of "ggml_cuda_mmq_load_tiles_t ggml_cuda_mmq_get_load_tiles<type,J,fallback>() [with type=GGML_TYPE_Q6_K, J=72, fallback=true]" at line 885 of C:\Users\pperv\code\unnamed_rpg\vendor\ggml\src\ggml-cuda\template-instances\../mmq.cuh
[build]             instantiation of "void mul_mat_q_process_tile<type,J,fallback,fixup>(const char *, int, const int *, const int *, float *, float *, const float *, int, int, int, int, int, int, int) [with type=GGML_TYPE_Q6_K, J=72, fallback=true, fixup=false]" at line 1058 of C:\Users\pperv\code\unnamed_rpg\vendor\ggml\src\ggml-cuda\template-instances\../mmq.cuh
[build]             instantiation of "void mul_mat_q<type,J,fallback>(const char *, const int *, const int32_t *, const int32_t *, float *, float *, const float *, uint3, int, int, int, int, int, uint3, uint3, int, int, int, uint3, uint3, int, int, int, uint3) [with type=GGML_TYPE_Q6_K, J=72, fallback=true]" at line 1408 of C:\Users\pperv\code\unnamed_rpg\vendor\ggml\src\ggml-cuda\template-instances\../mmq.cuh
[build]             instantiation of "void launch_mul_mat_q<type,J,fallback>(ggml_backend_cuda_context &, const mmq_args &, cudaStream_t) [with type=GGML_TYPE_Q6_K, J=72, fallback=false]" at line 1528 of C:\Users\pperv\code\unnamed_rpg\vendor\ggml\src\ggml-cuda\template-instances\../mmq.cuh
[build]             instantiation of "void mul_mat_q_switch_J<type,fallback>(ggml_backend_cuda_context &, const mmq_args &, cudaStream_t) [with type=GGML_TYPE_Q6_K, fallback=false]" at line 1562 of C:\Users\pperv\code\unnamed_rpg\vendor\ggml\src\ggml-cuda\template-instances\../mmq.cuh
[build]             instantiation of "void mul_mat_q_case<type>(ggml_backend_cuda_context &, const mmq_args &, cudaStream_t) [with type=GGML_TYPE_Q6_K]" at line 5 of C:\Users\pperv\code\unnamed_rpg\vendor\ggml\src\ggml-cuda\template-instances\mmq-instance-q6_k.cu
[build] 
[build] C:\Users\pperv\code\unnamed_rpg\vendor\ggml\src\ggml-cuda\mmq-vec-dot.cuh(1078): warning #177-D: variable "I" was declared but never referenced
[build]       constexpr int I             = ggml_cuda_mmq_get_I(type, J, fallback);
[build]                     ^
[build]           detected during:
[build]             instantiation of "void ggml_cuda_mmq_vec_dot_q6_K_q8_1_mma<type,J,fallback>(const int *, const int *, float *, int) [with type=GGML_TYPE_Q6_K, J=72, fallback=true]" at line 783 of C:\Users\pperv\code\unnamed_rpg\vendor\ggml\src\ggml-cuda\template-instances\../mmq.cuh
[build]             instantiation of "ggml_cuda_mmq_util_funcs ggml_cuda_mmq_get_util_funcs<type,J,fallback>() [with type=GGML_TYPE_Q6_K, J=72, fallback=true]" at line 858 of C:\Users\pperv\code\unnamed_rpg\vendor\ggml\src\ggml-cuda\template-instances\../mmq.cuh
[build]             instantiation of "ggml_cuda_mmq_load_tiles_t ggml_cuda_mmq_get_load_tiles<type,J,fallback>() [with type=GGML_TYPE_Q6_K, J=72, fallback=true]" at line 885 of C:\Users\pperv\code\unnamed_rpg\vendor\ggml\src\ggml-cuda\template-instances\../mmq.cuh
[build]             instantiation of "void mul_mat_q_process_tile<type,J,fallback,fixup>(const char *, int, const int *, const int *, float *, float *, const float *, int, int, int, int, int, int, int) [with type=GGML_TYPE_Q6_K, J=72, fallback=true, fixup=false]" at line 1058 of C:\Users\pperv\code\unnamed_rpg\vendor\ggml\src\ggml-cuda\template-instances\../mmq.cuh
[build]             instantiation of "void mul_mat_q<type,J,fallback>(const char *, const int *, const int32_t *, const int32_t *, float *, float *, const float *, uint3, int, int, int, int, int, uint3, uint3, int, int, int, uint3, uint3, int, int, int, uint3) [with type=GGML_TYPE_Q6_K, J=72, fallback=true]" at line 1408 of C:\Users\pperv\code\unnamed_rpg\vendor\ggml\src\ggml-cuda\template-instances\../mmq.cuh
[build]             instantiation of "void launch_mul_mat_q<type,J,fallback>(ggml_backend_cuda_context &, const mmq_args &, cudaStream_t) [with type=GGML_TYPE_Q6_K, J=72, fallback=false]" at line 1528 of C:\Users\pperv\code\unnamed_rpg\vendor\ggml\src\ggml-cuda\template-instances\../mmq.cuh
[build]             instantiation of "void mul_mat_q_switch_J<type,fallback>(ggml_backend_cuda_context &, const mmq_args &, cudaStream_t) [with type=GGML_TYPE_Q6_K, fallback=false]" at line 1562 of C:\Users\pperv\code\unnamed_rpg\vendor\ggml\src\ggml-cuda\template-instances\../mmq.cuh
[build]             instantiation of "void mul_mat_q_case<type>(ggml_backend_cuda_context &, const mmq_args &, cudaStream_t) [with type=GGML_TYPE_Q6_K]" at line 5 of C:\Users\pperv\code\unnamed_rpg\vendor\ggml\src\ggml-cuda\template-instances\mmq-instance-q6_k.cu
[build] 
[build] C:\Users\pperv\code\unnamed_rpg\vendor\ggml\src\ggml-cuda\template-instances\../mmq.cuh(543): warning #177-D: variable "I" was declared but never referenced
[build]       constexpr int I = ggml_cuda_mmq_get_I(type, J, fallback);
[build]                     ^
[build]           detected during:
[build]             instantiation of "ggml_cuda_mmq_util_funcs ggml_cuda_mmq_get_util_funcs<type,J,fallback>() [with type=GGML_TYPE_Q6_K, J=72, fallback=true]" at line 858
[build]             instantiation of "ggml_cuda_mmq_load_tiles_t ggml_cuda_mmq_get_load_tiles<type,J,fallback>() [with type=GGML_TYPE_Q6_K, J=72, fallback=true]" at line 885
[build]             instantiation of "void mul_mat_q_process_tile<type,J,fallback,fixup>(const char *, int, const int *, const int *, float *, float *, const float *, int, int, int, int, int, int, int) [with type=GGML_TYPE_Q6_K, J=72, fallback=true, fixup=false]" at line 1058
[build]             instantiation of "void mul_mat_q<type,J,fallback>(const char *, const int *, const int32_t *, const int32_t *, float *, float *, const float *, uint3, int, int, int, int, int, uint3, uint3, int, int, int, uint3, uint3, int, int, int, uint3) [with type=GGML_TYPE_Q6_K, J=72, fallback=true]" at line 1408
[build]             instantiation of "void launch_mul_mat_q<type,J,fallback>(ggml_backend_cuda_context &, const mmq_args &, cudaStream_t) [with type=GGML_TYPE_Q6_K, J=72, fallback=false]" at line 1528
[build]             instantiation of "void mul_mat_q_switch_J<type,fallback>(ggml_backend_cuda_context &, const mmq_args &, cudaStream_t) [with type=GGML_TYPE_Q6_K, fallback=false]" at line 1562
[build]             instantiation of "void mul_mat_q_case<type>(ggml_backend_cuda_context &, const mmq_args &, cudaStream_t) [with type=GGML_TYPE_Q6_K]" at line 5 of C:\Users\pperv\code\unnamed_rpg\vendor\ggml\src\ggml-cuda\template-instances\mmq-instance-q6_k.cu
[build] 
[build] C:\Users\pperv\code\unnamed_rpg\vendor\ggml\src\ggml-cuda\mmq-vec-dot.cuh(207): warning #177-D: variable "I" was declared but never referenced
[build]       constexpr int I             = ggml_cuda_mmq_get_I(type, J, fallback);
[build]                     ^
[build]           detected during:
[build]             instantiation of "void ggml_cuda_mmq_vec_dot_q8_0_q8_1_mma<type,J,fallback,ds_layout>(const int *, const int *, float *, int) [with type=GGML_TYPE_Q6_K, J=80, fallback=false, ds_layout=MMQ_Q8_1_DS_LAYOUT_D4]" at line 716 of C:\Users\pperv\code\unnamed_rpg\vendor\ggml\src\ggml-cuda\template-instances\../mmq.cuh
[build]             instantiation of "ggml_cuda_mmq_util_funcs ggml_cuda_mmq_get_util_funcs<type,J,fallback>() [with type=GGML_TYPE_Q6_K, J=80, fallback=false]" at line 858 of C:\Users\pperv\code\unnamed_rpg\vendor\ggml\src\ggml-cuda\template-instances\../mmq.cuh
[build]             instantiation of "ggml_cuda_mmq_load_tiles_t ggml_cuda_mmq_get_load_tiles<type,J,fallback>() [with type=GGML_TYPE_Q6_K, J=80, fallback=false]" at line 885 of C:\Users\pperv\code\unnamed_rpg\vendor\ggml\src\ggml-cuda\template-instances\../mmq.cuh
[build]             instantiation of "void mul_mat_q_process_tile<type,J,fallback,fixup>(const char *, int, const int *, const int *, float *, float *, const float *, int, int, int, int, int, int, int) [with type=GGML_TYPE_Q6_K, J=80, fallback=false, fixup=false]" at line 1152 of C:\Users\pperv\code\unnamed_rpg\vendor\ggml\src\ggml-cuda\template-instances\../mmq.cuh
[build]             instantiation of "void mul_mat_q<type,J,fallback>(const char *, const int *, const int32_t *, const int32_t *, float *, float *, const float *, uint3, int, int, int, int, int, uint3, uint3, int, int, int, uint3, uint3, int, int, int, uint3) [with type=GGML_TYPE_Q6_K, J=80, fallback=false]" at line 1407 of C:\Users\pperv\code\unnamed_rpg\vendor\ggml\src\ggml-cuda\template-instances\../mmq.cuh
[build]             instantiation of "void launch_mul_mat_q<type,J,fallback>(ggml_backend_cuda_context &, const mmq_args &, cudaStream_t) [with type=GGML_TYPE_Q6_K, J=80, fallback=false]" at line 1531 of C:\Users\pperv\code\unnamed_rpg\vendor\ggml\src\ggml-cuda\template-instances\../mmq.cuh
[build]             instantiation of "void mul_mat_q_switch_J<type,fallback>(ggml_backend_cuda_context &, const mmq_args &, cudaStream_t) [with type=GGML_TYPE_Q6_K, fallback=false]" at line 1562 of C:\Users\pperv\code\unnamed_rpg\vendor\ggml\src\ggml-cuda\template-instances\../mmq.cuh
[build]             instantiation of "void mul_mat_q_case<type>(ggml_backend_cuda_context &, const mmq_args &, cudaStream_t) [with type=GGML_TYPE_Q6_K]" at line 5 of C:\Users\pperv\code\unnamed_rpg\vendor\ggml\src\ggml-cuda\template-instances\mmq-instance-q6_k.cu
[build] 
[build] C:\Users\pperv\code\unnamed_rpg\vendor\ggml\src\ggml-cuda\template-instances\../mmq.cuh(485): warning #177-D: variable "nwarps" was declared but never referenced
[build]       constexpr int nwarps        = ggml_cuda_mmq_get_nthreads(type, J, fallback) / warp_size;
[build]                     ^
[build]           detected during:
[build]             instantiation of "void ggml_cuda_mmq_write_back_mma<type,J,fallback>(const float *, const int *, float *, const float *, int, int, int) [with type=GGML_TYPE_Q6_K, J=80, fallback=false]" at line 716
[build]             instantiation of "ggml_cuda_mmq_util_funcs ggml_cuda_mmq_get_util_funcs<type,J,fallback>() [with type=GGML_TYPE_Q6_K, J=80, fallback=false]" at line 858
[build]             instantiation of "ggml_cuda_mmq_load_tiles_t ggml_cuda_mmq_get_load_tiles<type,J,fallback>() [with type=GGML_TYPE_Q6_K, J=80, fallback=false]" at line 885
[build]             instantiation of "void mul_mat_q_process_tile<type,J,fallback,fixup>(const char *, int, const int *, const int *, float *, float *, const float *, int, int, int, int, int, int, int) [with type=GGML_TYPE_Q6_K, J=80, fallback=false, fixup=false]" at line 1152
[build]             instantiation of "void mul_mat_q<type,J,fallback>(const char *, const int *, const int32_t *, const int32_t *, float *, float *, const float *, uint3, int, int, int, int, int, uint3, uint3, int, int, int, uint3, uint3, int, int, int, uint3) [with type=GGML_TYPE_Q6_K, J=80, fallback=false]" at line 1407
[build]             instantiation of "void launch_mul_mat_q<type,J,fallback>(ggml_backend_cuda_context &, const mmq_args &, cudaStream_t) [with type=GGML_TYPE_Q6_K, J=80, fallback=false]" at line 1531
[build]             instantiation of "void mul_mat_q_switch_J<type,fallback>(ggml_backend_cuda_context &, const mmq_args &, cudaStream_t) [with type=GGML_TYPE_Q6_K, fallback=false]" at line 1562
[build]             instantiation of "void mul_mat_q_case<type>(ggml_backend_cuda_context &, const mmq_args &, cudaStream_t) [with type=GGML_TYPE_Q6_K]" at line 5 of C:\Users\pperv\code\unnamed_rpg\vendor\ggml\src\ggml-cuda\template-instances\mmq-instance-q6_k.cu
[build] 
[build] C:\Users\pperv\code\unnamed_rpg\vendor\ggml\src\ggml-cuda\template-instances\../mmq.cuh(486): warning #177-D: variable "I" was declared but never referenced
[build]       constexpr int I             = ggml_cuda_mmq_get_I(type, J, fallback);
[build]                     ^
[build]           detected during:
[build]             instantiation of "void ggml_cuda_mmq_write_back_mma<type,J,fallback>(const float *, const int *, float *, const float *, int, int, int) [with type=GGML_TYPE_Q6_K, J=80, fallback=false]" at line 716
[build]             instantiation of "ggml_cuda_mmq_util_funcs ggml_cuda_mmq_get_util_funcs<type,J,fallback>() [with type=GGML_TYPE_Q6_K, J=80, fallback=false]" at line 858
[build]             instantiation of "ggml_cuda_mmq_load_tiles_t ggml_cuda_mmq_get_load_tiles<type,J,fallback>() [with type=GGML_TYPE_Q6_K, J=80, fallback=false]" at line 885
[build]             instantiation of "void mul_mat_q_process_tile<type,J,fallback,fixup>(const char *, int, const int *, const int *, float *, float *, const float *, int, int, int, int, int, int, int) [with type=GGML_TYPE_Q6_K, J=80, fallback=false, fixup=false]" at line 1152
[build]             instantiation of "void mul_mat_q<type,J,fallback>(const char *, const int *, const int32_t *, const int32_t *, float *, float *, const float *, uint3, int, int, int, int, int, uint3, uint3, int, int, int, uint3, uint3, int, int, int, uint3) [with type=GGML_TYPE_Q6_K, J=80, fallback=false]" at line 1407
[build]             instantiation of "void launch_mul_mat_q<type,J,fallback>(ggml_backend_cuda_context &, const mmq_args &, cudaStream_t) [with type=GGML_TYPE_Q6_K, J=80, fallback=false]" at line 1531
[build]             instantiation of "void mul_mat_q_switch_J<type,fallback>(ggml_backend_cuda_context &, const mmq_args &, cudaStream_t) [with type=GGML_TYPE_Q6_K, fallback=false]" at line 1562
[build]             instantiation of "void mul_mat_q_case<type>(ggml_backend_cuda_context &, const mmq_args &, cudaStream_t) [with type=GGML_TYPE_Q6_K]" at line 5 of C:\Users\pperv\code\unnamed_rpg\vendor\ggml\src\ggml-cuda\template-instances\mmq-instance-q6_k.cu
[build] 
[build] C:\Users\pperv\code\unnamed_rpg\vendor\ggml\src\ggml-cuda\mmq-vec-dot.cuh(207): warning #177-D: variable "I" was declared but never referenced
[build]       constexpr int I             = ggml_cuda_mmq_get_I(type, J, fallback);
[build]                     ^
[build]           detected during:
[build]             instantiation of "void ggml_cuda_mmq_vec_dot_q8_0_q8_1_mma<type,J,fallback,ds_layout>(const int *, const int *, float *, int) [with type=GGML_TYPE_Q6_K, J=80, fallback=false, ds_layout=MMQ_Q8_1_DS_LAYOUT_DS4]" at line 728 of C:\Users\pperv\code\unnamed_rpg\vendor\ggml\src\ggml-cuda\template-instances\../mmq.cuh
[build]             instantiation of "ggml_cuda_mmq_util_funcs ggml_cuda_mmq_get_util_funcs<type,J,fallback>() [with type=GGML_TYPE_Q6_K, J=80, fallback=false]" at line 858 of C:\Users\pperv\code\unnamed_rpg\vendor\ggml\src\ggml-cuda\template-instances\../mmq.cuh
[build]             instantiation of "ggml_cuda_mmq_load_tiles_t ggml_cuda_mmq_get_load_tiles<type,J,fallback>() [with type=GGML_TYPE_Q6_K, J=80, fallback=false]" at line 885 of C:\Users\pperv\code\unnamed_rpg\vendor\ggml\src\ggml-cuda\template-instances\../mmq.cuh
[build]             instantiation of "void mul_mat_q_process_tile<type,J,fallback,fixup>(const char *, int, const int *, const int *, float *, float *, const float *, int, int, int, int, int, int, int) [with type=GGML_TYPE_Q6_K, J=80, fallback=false, fixup=false]" at line 1152 of C:\Users\pperv\code\unnamed_rpg\vendor\ggml\src\ggml-cuda\template-instances\../mmq.cuh
[build]             instantiation of "void mul_mat_q<type,J,fallback>(const char *, const int *, const int32_t *, const int32_t *, float *, float *, const float *, uint3, int, int, int, int, int, uint3, uint3, int, int, int, uint3, uint3, int, int, int, uint3) [with type=GGML_TYPE_Q6_K, J=80, fallback=false]" at line 1407 of C:\Users\pperv\code\unnamed_rpg\vendor\ggml\src\ggml-cuda\template-instances\../mmq.cuh
[build]             instantiation of "void launch_mul_mat_q<type,J,fallback>(ggml_backend_cuda_context &, const mmq_args &, cudaStream_t) [with type=GGML_TYPE_Q6_K, J=80, fallback=false]" at line 1531 of C:\Users\pperv\code\unnamed_rpg\vendor\ggml\src\ggml-cuda\template-instances\../mmq.cuh
[build]             instantiation of "void mul_mat_q_switch_J<type,fallback>(ggml_backend_cuda_context &, const mmq_args &, cudaStream_t) [with type=GGML_TYPE_Q6_K, fallback=false]" at line 1562 of C:\Users\pperv\code\unnamed_rpg\vendor\ggml\src\ggml-cuda\template-instances\../mmq.cuh
[build]             instantiation of "void mul_mat_q_case<type>(ggml_backend_cuda_context &, const mmq_args &, cudaStream_t) [with type=GGML_TYPE_Q6_K]" at line 5 of C:\Users\pperv\code\unnamed_rpg\vendor\ggml\src\ggml-cuda\template-instances\mmq-instance-q6_k.cu
[build] 
[build] C:\Users\pperv\code\unnamed_rpg\vendor\ggml\src\ggml-cuda\mmq-vec-dot.cuh(374): warning #177-D: variable "I" was declared but never referenced
[build]       constexpr int I             = ggml_cuda_mmq_get_I(type, J, fallback);
[build]                     ^
[build]           detected during:
[build]             instantiation of "void ggml_cuda_mmq_vec_dot_q8_1_q8_1_mma<type,J,fallback>(const int *, const int *, float *, int) [with type=GGML_TYPE_Q6_K, J=80, fallback=false]" at line 734 of C:\Users\pperv\code\unnamed_rpg\vendor\ggml\src\ggml-cuda\template-instances\../mmq.cuh
[build]             instantiation of "ggml_cuda_mmq_util_funcs ggml_cuda_mmq_get_util_funcs<type,J,fallback>() [with type=GGML_TYPE_Q6_K, J=80, fallback=false]" at line 858 of C:\Users\pperv\code\unnamed_rpg\vendor\ggml\src\ggml-cuda\template-instances\../mmq.cuh
[build]             instantiation of "ggml_cuda_mmq_load_tiles_t ggml_cuda_mmq_get_load_tiles<type,J,fallback>() [with type=GGML_TYPE_Q6_K, J=80, fallback=false]" at line 885 of C:\Users\pperv\code\unnamed_rpg\vendor\ggml\src\ggml-cuda\template-instances\../mmq.cuh
[build]             instantiation of "void mul_mat_q_process_tile<type,J,fallback,fixup>(const char *, int, const int *, const int *, float *, float *, const float *, int, int, int, int, int, int, int) [with type=GGML_TYPE_Q6_K, J=80, fallback=false, fixup=false]" at line 1152 of C:\Users\pperv\code\unnamed_rpg\vendor\ggml\src\ggml-cuda\template-instances\../mmq.cuh
[build]             instantiation of "void mul_mat_q<type,J,fallback>(const char *, const int *, const int32_t *, const int32_t *, float *, float *, const float *, uint3, int, int, int, int, int, uint3, uint3, int, int, int, uint3, uint3, int, int, int, uint3) [with type=GGML_TYPE_Q6_K, J=80, fallback=false]" at line 1407 of C:\Users\pperv\code\unnamed_rpg\vendor\ggml\src\ggml-cuda\template-instances\../mmq.cuh
[build]             instantiation of "void launch_mul_mat_q<type,J,fallback>(ggml_backend_cuda_context &, const mmq_args &, cudaStream_t) [with type=GGML_TYPE_Q6_K, J=80, fallback=false]" at line 1531 of C:\Users\pperv\code\unnamed_rpg\vendor\ggml\src\ggml-cuda\template-instances\../mmq.cuh
[build]             instantiation of "void mul_mat_q_switch_J<type,fallback>(ggml_backend_cuda_context &, const mmq_args &, cudaStream_t) [with type=GGML_TYPE_Q6_K, fallback=false]" at line 1562 of C:\Users\pperv\code\unnamed_rpg\vendor\ggml\src\ggml-cuda\template-instances\../mmq.cuh
[build]             instantiation of "void mul_mat_q_case<type>(ggml_backend_cuda_context &, const mmq_args &, cudaStream_t) [with type=GGML_TYPE_Q6_K]" at line 5 of C:\Users\pperv\code\unnamed_rpg\vendor\ggml\src\ggml-cuda\template-instances\mmq-instance-q6_k.cu
[build] 
[build] C:\Users\pperv\code\unnamed_rpg\vendor\ggml\src\ggml-cuda\mmq-vec-dot.cuh(759): warning #177-D: variable "I" was declared but never referenced
[build]       constexpr int I             = ggml_cuda_mmq_get_I(type, J, fallback);
[build]                     ^
[build]           detected during:
[build]             instantiation of "void ggml_cuda_mmq_vec_dot_q2_K_q8_1_mma<type,J,fallback>(const int *, const int *, float *, int) [with type=GGML_TYPE_Q6_K, J=80, fallback=false]" at line 759 of C:\Users\pperv\code\unnamed_rpg\vendor\ggml\src\ggml-cuda\template-instances\../mmq.cuh
[build]             instantiation of "ggml_cuda_mmq_util_funcs ggml_cuda_mmq_get_util_funcs<type,J,fallback>() [with type=GGML_TYPE_Q6_K, J=80, fallback=false]" at line 858 of C:\Users\pperv\code\unnamed_rpg\vendor\ggml\src\ggml-cuda\template-instances\../mmq.cuh
[build]             instantiation of "ggml_cuda_mmq_load_tiles_t ggml_cuda_mmq_get_load_tiles<type,J,fallback>() [with type=GGML_TYPE_Q6_K, J=80, fallback=false]" at line 885 of C:\Users\pperv\code\unnamed_rpg\vendor\ggml\src\ggml-cuda\template-instances\../mmq.cuh
[build]             instantiation of "void mul_mat_q_process_tile<type,J,fallback,fixup>(const char *, int, const int *, const int *, float *, float *, const float *, int, int, int, int, int, int, int) [with type=GGML_TYPE_Q6_K, J=80, fallback=false, fixup=false]" at line 1152 of C:\Users\pperv\code\unnamed_rpg\vendor\ggml\src\ggml-cuda\template-instances\../mmq.cuh
[build]             instantiation of "void mul_mat_q<type,J,fallback>(const char *, const int *, const int32_t *, const int32_t *, float *, float *, const float *, uint3, int, int, int, int, int, uint3, uint3, int, int, int, uint3, uint3, int, int, int, uint3) [with type=GGML_TYPE_Q6_K, J=80, fallback=false]" at line 1407 of C:\Users\pperv\code\unnamed_rpg\vendor\ggml\src\ggml-cuda\template-instances\../mmq.cuh
[build]             instantiation of "void launch_mul_mat_q<type,J,fallback>(ggml_backend_cuda_context &, const mmq_args &, cudaStream_t) [with type=GGML_TYPE_Q6_K, J=80, fallback=false]" at line 1531 of C:\Users\pperv\code\unnamed_rpg\vendor\ggml\src\ggml-cuda\template-instances\../mmq.cuh
[build]             instantiation of "void mul_mat_q_switch_J<type,fallback>(ggml_backend_cuda_context &, const mmq_args &, cudaStream_t) [with type=GGML_TYPE_Q6_K, fallback=false]" at line 1562 of C:\Users\pperv\code\unnamed_rpg\vendor\ggml\src\ggml-cuda\template-instances\../mmq.cuh
[build]             instantiation of "void mul_mat_q_case<type>(ggml_backend_cuda_context &, const mmq_args &, cudaStream_t) [with type=GGML_TYPE_Q6_K]" at line 5 of C:\Users\pperv\code\unnamed_rpg\vendor\ggml\src\ggml-cuda\template-instances\mmq-instance-q6_k.cu
[build] 
[build] C:\Users\pperv\code\unnamed_rpg\vendor\ggml\src\ggml-cuda\mmq-vec-dot.cuh(540): warning #177-D: variable "I" was declared but never referenced
[build]       constexpr int I             = ggml_cuda_mmq_get_I(type, J, fallback);
[build]                     ^
[build]           detected during:
[build]             instantiation of "void ggml_cuda_mmq_vec_dot_q8_0_16_q8_1_mma<type,J,fallback>(const int *, const int *, float *, int) [with type=GGML_TYPE_Q6_K, J=80, fallback=false]" at line 765 of C:\Users\pperv\code\unnamed_rpg\vendor\ggml\src\ggml-cuda\template-instances\../mmq.cuh
[build]             instantiation of "ggml_cuda_mmq_util_funcs ggml_cuda_mmq_get_util_funcs<type,J,fallback>() [with type=GGML_TYPE_Q6_K, J=80, fallback=false]" at line 858 of C:\Users\pperv\code\unnamed_rpg\vendor\ggml\src\ggml-cuda\template-instances\../mmq.cuh
[build]             instantiation of "ggml_cuda_mmq_load_tiles_t ggml_cuda_mmq_get_load_tiles<type,J,fallback>() [with type=GGML_TYPE_Q6_K, J=80, fallback=false]" at line 885 of C:\Users\pperv\code\unnamed_rpg\vendor\ggml\src\ggml-cuda\template-instances\../mmq.cuh
[build]             instantiation of "void mul_mat_q_process_tile<type,J,fallback,fixup>(const char *, int, const int *, const int *, float *, float *, const float *, int, int, int, int, int, int, int) [with type=GGML_TYPE_Q6_K, J=80, fallback=false, fixup=false]" at line 1152 of C:\Users\pperv\code\unnamed_rpg\vendor\ggml\src\ggml-cuda\template-instances\../mmq.cuh
[build]             instantiation of "void mul_mat_q<type,J,fallback>(const char *, const int *, const int32_t *, const int32_t *, float *, float *, const float *, uint3, int, int, int, int, int, uint3, uint3, int, int, int, uint3, uint3, int, int, int, uint3) [with type=GGML_TYPE_Q6_K, J=80, fallback=false]" at line 1407 of C:\Users\pperv\code\unnamed_rpg\vendor\ggml\src\ggml-cuda\template-instances\../mmq.cuh
[build]             instantiation of "void launch_mul_mat_q<type,J,fallback>(ggml_backend_cuda_context &, const mmq_args &, cudaStream_t) [with type=GGML_TYPE_Q6_K, J=80, fallback=false]" at line 1531 of C:\Users\pperv\code\unnamed_rpg\vendor\ggml\src\ggml-cuda\template-instances\../mmq.cuh
[build]             instantiation of "void mul_mat_q_switch_J<type,fallback>(ggml_backend_cuda_context &, const mmq_args &, cudaStream_t) [with type=GGML_TYPE_Q6_K, fallback=false]" at line 1562 of C:\Users\pperv\code\unnamed_rpg\vendor\ggml\src\ggml-cuda\template-instances\../mmq.cuh
[build]             instantiation of "void mul_mat_q_case<type>(ggml_backend_cuda_context &, const mmq_args &, cudaStream_t) [with type=GGML_TYPE_Q6_K]" at line 5 of C:\Users\pperv\code\unnamed_rpg\vendor\ggml\src\ggml-cuda\template-instances\mmq-instance-q6_k.cu
[build] 
[build] C:\Users\pperv\code\unnamed_rpg\vendor\ggml\src\ggml-cuda\mmq-vec-dot.cuh(1078): warning #177-D: variable "I" was declared but never referenced
[build]       constexpr int I             = ggml_cuda_mmq_get_I(type, J, fallback);
[build]                     ^
[build]           detected during:
[build]             instantiation of "void ggml_cuda_mmq_vec_dot_q6_K_q8_1_mma<type,J,fallback>(const int *, const int *, float *, int) [with type=GGML_TYPE_Q6_K, J=80, fallback=false]" at line 783 of C:\Users\pperv\code\unnamed_rpg\vendor\ggml\src\ggml-cuda\template-instances\../mmq.cuh
[build]             instantiation of "ggml_cuda_mmq_util_funcs ggml_cuda_mmq_get_util_funcs<type,J,fallback>() [with type=GGML_TYPE_Q6_K, J=80, fallback=false]" at line 858 of C:\Users\pperv\code\unnamed_rpg\vendor\ggml\src\ggml-cuda\template-instances\../mmq.cuh
[build]             instantiation of "ggml_cuda_mmq_load_tiles_t ggml_cuda_mmq_get_load_tiles<type,J,fallback>() [with type=GGML_TYPE_Q6_K, J=80, fallback=false]" at line 885 of C:\Users\pperv\code\unnamed_rpg\vendor\ggml\src\ggml-cuda\template-instances\../mmq.cuh
[build]             instantiation of "void mul_mat_q_process_tile<type,J,fallback,fixup>(const char *, int, const int *, const int *, float *, float *, const float *, int, int, int, int, int, int, int) [with type=GGML_TYPE_Q6_K, J=80, fallback=false, fixup=false]" at line 1152 of C:\Users\pperv\code\unnamed_rpg\vendor\ggml\src\ggml-cuda\template-instances\../mmq.cuh
[build]             instantiation of "void mul_mat_q<type,J,fallback>(const char *, const int *, const int32_t *, const int32_t *, float *, float *, const float *, uint3, int, int, int, int, int, uint3, uint3, int, int, int, uint3, uint3, int, int, int, uint3) [with type=GGML_TYPE_Q6_K, J=80, fallback=false]" at line 1407 of C:\Users\pperv\code\unnamed_rpg\vendor\ggml\src\ggml-cuda\template-instances\../mmq.cuh
[build]             instantiation of "void launch_mul_mat_q<type,J,fallback>(ggml_backend_cuda_context &, const mmq_args &, cudaStream_t) [with type=GGML_TYPE_Q6_K, J=80, fallback=false]" at line 1531 of C:\Users\pperv\code\unnamed_rpg\vendor\ggml\src\ggml-cuda\template-instances\../mmq.cuh
[build]             instantiation of "void mul_mat_q_switch_J<type,fallback>(ggml_backend_cuda_context &, const mmq_args &, cudaStream_t) [with type=GGML_TYPE_Q6_K, fallback=false]" at line 1562 of C:\Users\pperv\code\unnamed_rpg\vendor\ggml\src\ggml-cuda\template-instances\../mmq.cuh
[build]             instantiation of "void mul_mat_q_case<type>(ggml_backend_cuda_context &, const mmq_args &, cudaStream_t) [with type=GGML_TYPE_Q6_K]" at line 5 of C:\Users\pperv\code\unnamed_rpg\vendor\ggml\src\ggml-cuda\template-instances\mmq-instance-q6_k.cu
[build] 
[build] C:\Users\pperv\code\unnamed_rpg\vendor\ggml\src\ggml-cuda\template-instances\../mmq.cuh(543): warning #177-D: variable "I" was declared but never referenced
[build]       constexpr int I = ggml_cuda_mmq_get_I(type, J, fallback);
[build]                     ^
[build]           detected during:
[build]             instantiation of "ggml_cuda_mmq_util_funcs ggml_cuda_mmq_get_util_funcs<type,J,fallback>() [with type=GGML_TYPE_Q6_K, J=80, fallback=false]" at line 858
[build]             instantiation of "ggml_cuda_mmq_load_tiles_t ggml_cuda_mmq_get_load_tiles<type,J,fallback>() [with type=GGML_TYPE_Q6_K, J=80, fallback=false]" at line 885
[build]             instantiation of "void mul_mat_q_process_tile<type,J,fallback,fixup>(const char *, int, const int *, const int *, float *, float *, const float *, int, int, int, int, int, int, int) [with type=GGML_TYPE_Q6_K, J=80, fallback=false, fixup=false]" at line 1152
[build]             instantiation of "void mul_mat_q<type,J,fallback>(const char *, const int *, const int32_t *, const int32_t *, float *, float *, const float *, uint3, int, int, int, int, int, uint3, uint3, int, int, int, uint3, uint3, int, int, int, uint3) [with type=GGML_TYPE_Q6_K, J=80, fallback=false]" at line 1407
[build]             instantiation of "void launch_mul_mat_q<type,J,fallback>(ggml_backend_cuda_context &, const mmq_args &, cudaStream_t) [with type=GGML_TYPE_Q6_K, J=80, fallback=false]" at line 1531
[build]             instantiation of "void mul_mat_q_switch_J<type,fallback>(ggml_backend_cuda_context &, const mmq_args &, cudaStream_t) [with type=GGML_TYPE_Q6_K, fallback=false]" at line 1562
[build]             instantiation of "void mul_mat_q_case<type>(ggml_backend_cuda_context &, const mmq_args &, cudaStream_t) [with type=GGML_TYPE_Q6_K]" at line 5 of C:\Users\pperv\code\unnamed_rpg\vendor\ggml\src\ggml-cuda\template-instances\mmq-instance-q6_k.cu
[build] 
[build] C:\Users\pperv\code\unnamed_rpg\vendor\ggml\src\ggml-cuda\mmq-vec-dot.cuh(207): warning #177-D: variable "I" was declared but never referenced
[build]       constexpr int I             = ggml_cuda_mmq_get_I(type, J, fallback);
[build]                     ^
[build]           detected during:
[build]             instantiation of "void ggml_cuda_mmq_vec_dot_q8_0_q8_1_mma<type,J,fallback,ds_layout>(const int *, const int *, float *, int) [with type=GGML_TYPE_Q6_K, J=80, fallback=true, ds_layout=MMQ_Q8_1_DS_LAYOUT_D4]" at line 716 of C:\Users\pperv\code\unnamed_rpg\vendor\ggml\src\ggml-cuda\template-instances\../mmq.cuh
[build]             instantiation of "ggml_cuda_mmq_util_funcs ggml_cuda_mmq_get_util_funcs<type,J,fallback>() [with type=GGML_TYPE_Q6_K, J=80, fallback=true]" at line 858 of C:\Users\pperv\code\unnamed_rpg\vendor\ggml\src\ggml-cuda\template-instances\../mmq.cuh
[build]             instantiation of "ggml_cuda_mmq_load_tiles_t ggml_cuda_mmq_get_load_tiles<type,J,fallback>() [with type=GGML_TYPE_Q6_K, J=80, fallback=true]" at line 885 of C:\Users\pperv\code\unnamed_rpg\vendor\ggml\src\ggml-cuda\template-instances\../mmq.cuh
[build]             instantiation of "void mul_mat_q_process_tile<type,J,fallback,fixup>(const char *, int, const int *, const int *, float *, float *, const float *, int, int, int, int, int, int, int) [with type=GGML_TYPE_Q6_K, J=80, fallback=true, fixup=false]" at line 1058 of C:\Users\pperv\code\unnamed_rpg\vendor\ggml\src\ggml-cuda\template-instances\../mmq.cuh
[build]             instantiation of "void mul_mat_q<type,J,fallback>(const char *, const int *, const int32_t *, const int32_t *, float *, float *, const float *, uint3, int, int, int, int, int, uint3, uint3, int, int, int, uint3, uint3, int, int, int, uint3) [with type=GGML_TYPE_Q6_K, J=80, fallback=true]" at line 1408 of C:\Users\pperv\code\unnamed_rpg\vendor\ggml\src\ggml-cuda\template-instances\../mmq.cuh
[build]             instantiation of "void launch_mul_mat_q<type,J,fallback>(ggml_backend_cuda_context &, const mmq_args &, cudaStream_t) [with type=GGML_TYPE_Q6_K, J=80, fallback=false]" at line 1531 of C:\Users\pperv\code\unnamed_rpg\vendor\ggml\src\ggml-cuda\template-instances\../mmq.cuh
[build]             instantiation of "void mul_mat_q_switch_J<type,fallback>(ggml_backend_cuda_context &, const mmq_args &, cudaStream_t) [with type=GGML_TYPE_Q6_K, fallback=false]" at line 1562 of C:\Users\pperv\code\unnamed_rpg\vendor\ggml\src\ggml-cuda\template-instances\../mmq.cuh
[build]             instantiation of "void mul_mat_q_case<type>(ggml_backend_cuda_context &, const mmq_args &, cudaStream_t) [with type=GGML_TYPE_Q6_K]" at line 5 of C:\Users\pperv\code\unnamed_rpg\vendor\ggml\src\ggml-cuda\template-instances\mmq-instance-q6_k.cu
[build] 
[build] C:\Users\pperv\code\unnamed_rpg\vendor\ggml\src\ggml-cuda\template-instances\../mmq.cuh(485): warning #177-D: variable "nwarps" was declared but never referenced
[build]       constexpr int nwarps        = ggml_cuda_mmq_get_nthreads(type, J, fallback) / warp_size;
[build]                     ^
[build]           detected during:
[build]             instantiation of "void ggml_cuda_mmq_write_back_mma<type,J,fallback>(const float *, const int *, float *, const float *, int, int, int) [with type=GGML_TYPE_Q6_K, J=80, fallback=true]" at line 716
[build]             instantiation of "ggml_cuda_mmq_util_funcs ggml_cuda_mmq_get_util_funcs<type,J,fallback>() [with type=GGML_TYPE_Q6_K, J=80, fallback=true]" at line 858
[build]             instantiation of "ggml_cuda_mmq_load_tiles_t ggml_cuda_mmq_get_load_tiles<type,J,fallback>() [with type=GGML_TYPE_Q6_K, J=80, fallback=true]" at line 885
[build]             instantiation of "void mul_mat_q_process_tile<type,J,fallback,fixup>(const char *, int, const int *, const int *, float *, float *, const float *, int, int, int, int, int, int, int) [with type=GGML_TYPE_Q6_K, J=80, fallback=true, fixup=false]" at line 1058
[build]             instantiation of "void mul_mat_q<type,J,fallback>(const char *, const int *, const int32_t *, const int32_t *, float *, float *, const float *, uint3, int, int, int, int, int, uint3, uint3, int, int, int, uint3, uint3, int, int, int, uint3) [with type=GGML_TYPE_Q6_K, J=80, fallback=true]" at line 1408
[build]             instantiation of "void launch_mul_mat_q<type,J,fallback>(ggml_backend_cuda_context &, const mmq_args &, cudaStream_t) [with type=GGML_TYPE_Q6_K, J=80, fallback=false]" at line 1531
[build]             instantiation of "void mul_mat_q_switch_J<type,fallback>(ggml_backend_cuda_context &, const mmq_args &, cudaStream_t) [with type=GGML_TYPE_Q6_K, fallback=false]" at line 1562
[build]             instantiation of "void mul_mat_q_case<type>(ggml_backend_cuda_context &, const mmq_args &, cudaStream_t) [with type=GGML_TYPE_Q6_K]" at line 5 of C:\Users\pperv\code\unnamed_rpg\vendor\ggml\src\ggml-cuda\template-instances\mmq-instance-q6_k.cu
[build] 
[build] C:\Users\pperv\code\unnamed_rpg\vendor\ggml\src\ggml-cuda\template-instances\../mmq.cuh(486): warning #177-D: variable "I" was declared but never referenced
[build]       constexpr int I             = ggml_cuda_mmq_get_I(type, J, fallback);
[build]                     ^
[build]           detected during:
[build]             instantiation of "void ggml_cuda_mmq_write_back_mma<type,J,fallback>(const float *, const int *, float *, const float *, int, int, int) [with type=GGML_TYPE_Q6_K, J=80, fallback=true]" at line 716
[build]             instantiation of "ggml_cuda_mmq_util_funcs ggml_cuda_mmq_get_util_funcs<type,J,fallback>() [with type=GGML_TYPE_Q6_K, J=80, fallback=true]" at line 858
[build]             instantiation of "ggml_cuda_mmq_load_tiles_t ggml_cuda_mmq_get_load_tiles<type,J,fallback>() [with type=GGML_TYPE_Q6_K, J=80, fallback=true]" at line 885
[build]             instantiation of "void mul_mat_q_process_tile<type,J,fallback,fixup>(const char *, int, const int *, const int *, float *, float *, const float *, int, int, int, int, int, int, int) [with type=GGML_TYPE_Q6_K, J=80, fallback=true, fixup=false]" at line 1058
[build]             instantiation of "void mul_mat_q<type,J,fallback>(const char *, const int *, const int32_t *, const int32_t *, float *, float *, const float *, uint3, int, int, int, int, int, uint3, uint3, int, int, int, uint3, uint3, int, int, int, uint3) [with type=GGML_TYPE_Q6_K, J=80, fallback=true]" at line 1408
[build]             instantiation of "void launch_mul_mat_q<type,J,fallback>(ggml_backend_cuda_context &, const mmq_args &, cudaStream_t) [with type=GGML_TYPE_Q6_K, J=80, fallback=false]" at line 1531
[build]             instantiation of "void mul_mat_q_switch_J<type,fallback>(ggml_backend_cuda_context &, const mmq_args &, cudaStream_t) [with type=GGML_TYPE_Q6_K, fallback=false]" at line 1562
[build]             instantiation of "void mul_mat_q_case<type>(ggml_backend_cuda_context &, const mmq_args &, cudaStream_t) [with type=GGML_TYPE_Q6_K]" at line 5 of C:\Users\pperv\code\unnamed_rpg\vendor\ggml\src\ggml-cuda\template-instances\mmq-instance-q6_k.cu
[build] 
[build] C:\Users\pperv\code\unnamed_rpg\vendor\ggml\src\ggml-cuda\mmq-vec-dot.cuh(207): warning #177-D: variable "I" was declared but never referenced
[build]       constexpr int I             = ggml_cuda_mmq_get_I(type, J, fallback);
[build]                     ^
[build]           detected during:
[build]             instantiation of "void ggml_cuda_mmq_vec_dot_q8_0_q8_1_mma<type,J,fallback,ds_layout>(const int *, const int *, float *, int) [with type=GGML_TYPE_Q6_K, J=80, fallback=true, ds_layout=MMQ_Q8_1_DS_LAYOUT_DS4]" at line 728 of C:\Users\pperv\code\unnamed_rpg\vendor\ggml\src\ggml-cuda\template-instances\../mmq.cuh
[build]             instantiation of "ggml_cuda_mmq_util_funcs ggml_cuda_mmq_get_util_funcs<type,J,fallback>() [with type=GGML_TYPE_Q6_K, J=80, fallback=true]" at line 858 of C:\Users\pperv\code\unnamed_rpg\vendor\ggml\src\ggml-cuda\template-instances\../mmq.cuh
[build]             instantiation of "ggml_cuda_mmq_load_tiles_t ggml_cuda_mmq_get_load_tiles<type,J,fallback>() [with type=GGML_TYPE_Q6_K, J=80, fallback=true]" at line 885 of C:\Users\pperv\code\unnamed_rpg\vendor\ggml\src\ggml-cuda\template-instances\../mmq.cuh
[build]             instantiation of "void mul_mat_q_process_tile<type,J,fallback,fixup>(const char *, int, const int *, const int *, float *, float *, const float *, int, int, int, int, int, int, int) [with type=GGML_TYPE_Q6_K, J=80, fallback=true, fixup=false]" at line 1058 of C:\Users\pperv\code\unnamed_rpg\vendor\ggml\src\ggml-cuda\template-instances\../mmq.cuh
[build]             instantiation of "void mul_mat_q<type,J,fallback>(const char *, const int *, const int32_t *, const int32_t *, float *, float *, const float *, uint3, int, int, int, int, int, uint3, uint3, int, int, int, uint3, uint3, int, int, int, uint3) [with type=GGML_TYPE_Q6_K, J=80, fallback=true]" at line 1408 of C:\Users\pperv\code\unnamed_rpg\vendor\ggml\src\ggml-cuda\template-instances\../mmq.cuh
[build]             instantiation of "void launch_mul_mat_q<type,J,fallback>(ggml_backend_cuda_context &, const mmq_args &, cudaStream_t) [with type=GGML_TYPE_Q6_K, J=80, fallback=false]" at line 1531 of C:\Users\pperv\code\unnamed_rpg\vendor\ggml\src\ggml-cuda\template-instances\../mmq.cuh
[build]             instantiation of "void mul_mat_q_switch_J<type,fallback>(ggml_backend_cuda_context &, const mmq_args &, cudaStream_t) [with type=GGML_TYPE_Q6_K, fallback=false]" at line 1562 of C:\Users\pperv\code\unnamed_rpg\vendor\ggml\src\ggml-cuda\template-instances\../mmq.cuh
[build]             instantiation of "void mul_mat_q_case<type>(ggml_backend_cuda_context &, const mmq_args &, cudaStream_t) [with type=GGML_TYPE_Q6_K]" at line 5 of C:\Users\pperv\code\unnamed_rpg\vendor\ggml\src\ggml-cuda\template-instances\mmq-instance-q6_k.cu
[build] 
[build] C:\Users\pperv\code\unnamed_rpg\vendor\ggml\src\ggml-cuda\mmq-vec-dot.cuh(374): warning #177-D: variable "I" was declared but never referenced
[build]       constexpr int I             = ggml_cuda_mmq_get_I(type, J, fallback);
[build]                     ^
[build]           detected during:
[build]             instantiation of "void ggml_cuda_mmq_vec_dot_q8_1_q8_1_mma<type,J,fallback>(const int *, const int *, float *, int) [with type=GGML_TYPE_Q6_K, J=80, fallback=true]" at line 734 of C:\Users\pperv\code\unnamed_rpg\vendor\ggml\src\ggml-cuda\template-instances\../mmq.cuh
[build]             instantiation of "ggml_cuda_mmq_util_funcs ggml_cuda_mmq_get_util_funcs<type,J,fallback>() [with type=GGML_TYPE_Q6_K, J=80, fallback=true]" at line 858 of C:\Users\pperv\code\unnamed_rpg\vendor\ggml\src\ggml-cuda\template-instances\../mmq.cuh
[build]             instantiation of "ggml_cuda_mmq_load_tiles_t ggml_cuda_mmq_get_load_tiles<type,J,fallback>() [with type=GGML_TYPE_Q6_K, J=80, fallback=true]" at line 885 of C:\Users\pperv\code\unnamed_rpg\vendor\ggml\src\ggml-cuda\template-instances\../mmq.cuh
[build]             instantiation of "void mul_mat_q_process_tile<type,J,fallback,fixup>(const char *, int, const int *, const int *, float *, float *, const float *, int, int, int, int, int, int, int) [with type=GGML_TYPE_Q6_K, J=80, fallback=true, fixup=false]" at line 1058 of C:\Users\pperv\code\unnamed_rpg\vendor\ggml\src\ggml-cuda\template-instances\../mmq.cuh
[build]             instantiation of "void mul_mat_q<type,J,fallback>(const char *, const int *, const int32_t *, const int32_t *, float *, float *, const float *, uint3, int, int, int, int, int, uint3, uint3, int, int, int, uint3, uint3, int, int, int, uint3) [with type=GGML_TYPE_Q6_K, J=80, fallback=true]" at line 1408 of C:\Users\pperv\code\unnamed_rpg\vendor\ggml\src\ggml-cuda\template-instances\../mmq.cuh
[build]             instantiation of "void launch_mul_mat_q<type,J,fallback>(ggml_backend_cuda_context &, const mmq_args &, cudaStream_t) [with type=GGML_TYPE_Q6_K, J=80, fallback=false]" at line 1531 of C:\Users\pperv\code\unnamed_rpg\vendor\ggml\src\ggml-cuda\template-instances\../mmq.cuh
[build]             instantiation of "void mul_mat_q_switch_J<type,fallback>(ggml_backend_cuda_context &, const mmq_args &, cudaStream_t) [with type=GGML_TYPE_Q6_K, fallback=false]" at line 1562 of C:\Users\pperv\code\unnamed_rpg\vendor\ggml\src\ggml-cuda\template-instances\../mmq.cuh
[build]             instantiation of "void mul_mat_q_case<type>(ggml_backend_cuda_context &, const mmq_args &, cudaStream_t) [with type=GGML_TYPE_Q6_K]" at line 5 of C:\Users\pperv\code\unnamed_rpg\vendor\ggml\src\ggml-cuda\template-instances\mmq-instance-q6_k.cu
[build] 
[build] C:\Users\pperv\code\unnamed_rpg\vendor\ggml\src\ggml-cuda\mmq-vec-dot.cuh(759): warning #177-D: variable "I" was declared but never referenced
[build]       constexpr int I             = ggml_cuda_mmq_get_I(type, J, fallback);
[build]                     ^
[build]           detected during:
[build]             instantiation of "void ggml_cuda_mmq_vec_dot_q2_K_q8_1_mma<type,J,fallback>(const int *, const int *, float *, int) [with type=GGML_TYPE_Q6_K, J=80, fallback=true]" at line 759 of C:\Users\pperv\code\unnamed_rpg\vendor\ggml\src\ggml-cuda\template-instances\../mmq.cuh
[build]             instantiation of "ggml_cuda_mmq_util_funcs ggml_cuda_mmq_get_util_funcs<type,J,fallback>() [with type=GGML_TYPE_Q6_K, J=80, fallback=true]" at line 858 of C:\Users\pperv\code\unnamed_rpg\vendor\ggml\src\ggml-cuda\template-instances\../mmq.cuh
[build]             instantiation of "ggml_cuda_mmq_load_tiles_t ggml_cuda_mmq_get_load_tiles<type,J,fallback>() [with type=GGML_TYPE_Q6_K, J=80, fallback=true]" at line 885 of C:\Users\pperv\code\unnamed_rpg\vendor\ggml\src\ggml-cuda\template-instances\../mmq.cuh
[build]             instantiation of "void mul_mat_q_process_tile<type,J,fallback,fixup>(const char *, int, const int *, const int *, float *, float *, const float *, int, int, int, int, int, int, int) [with type=GGML_TYPE_Q6_K, J=80, fallback=true, fixup=false]" at line 1058 of C:\Users\pperv\code\unnamed_rpg\vendor\ggml\src\ggml-cuda\template-instances\../mmq.cuh
[build]             instantiation of "void mul_mat_q<type,J,fallback>(const char *, const int *, const int32_t *, const int32_t *, float *, float *, const float *, uint3, int, int, int, int, int, uint3, uint3, int, int, int, uint3, uint3, int, int, int, uint3) [with type=GGML_TYPE_Q6_K, J=80, fallback=true]" at line 1408 of C:\Users\pperv\code\unnamed_rpg\vendor\ggml\src\ggml-cuda\template-instances\../mmq.cuh
[build]             instantiation of "void launch_mul_mat_q<type,J,fallback>(ggml_backend_cuda_context &, const mmq_args &, cudaStream_t) [with type=GGML_TYPE_Q6_K, J=80, fallback=false]" at line 1531 of C:\Users\pperv\code\unnamed_rpg\vendor\ggml\src\ggml-cuda\template-instances\../mmq.cuh
[build]             instantiation of "void mul_mat_q_switch_J<type,fallback>(ggml_backend_cuda_context &, const mmq_args &, cudaStream_t) [with type=GGML_TYPE_Q6_K, fallback=false]" at line 1562 of C:\Users\pperv\code\unnamed_rpg\vendor\ggml\src\ggml-cuda\template-instances\../mmq.cuh
[build]             instantiation of "void mul_mat_q_case<type>(ggml_backend_cuda_context &, const mmq_args &, cudaStream_t) [with type=GGML_TYPE_Q6_K]" at line 5 of C:\Users\pperv\code\unnamed_rpg\vendor\ggml\src\ggml-cuda\template-instances\mmq-instance-q6_k.cu
[build] 
[build] C:\Users\pperv\code\unnamed_rpg\vendor\ggml\src\ggml-cuda\mmq-vec-dot.cuh(540): warning #177-D: variable "I" was declared but never referenced
[build]       constexpr int I             = ggml_cuda_mmq_get_I(type, J, fallback);
[build]                     ^
[build]           detected during:
[build]             instantiation of "void ggml_cuda_mmq_vec_dot_q8_0_16_q8_1_mma<type,J,fallback>(const int *, const int *, float *, int) [with type=GGML_TYPE_Q6_K, J=80, fallback=true]" at line 765 of C:\Users\pperv\code\unnamed_rpg\vendor\ggml\src\ggml-cuda\template-instances\../mmq.cuh
[build]             instantiation of "ggml_cuda_mmq_util_funcs ggml_cuda_mmq_get_util_funcs<type,J,fallback>() [with type=GGML_TYPE_Q6_K, J=80, fallback=true]" at line 858 of C:\Users\pperv\code\unnamed_rpg\vendor\ggml\src\ggml-cuda\template-instances\../mmq.cuh
[build]             instantiation of "ggml_cuda_mmq_load_tiles_t ggml_cuda_mmq_get_load_tiles<type,J,fallback>() [with type=GGML_TYPE_Q6_K, J=80, fallback=true]" at line 885 of C:\Users\pperv\code\unnamed_rpg\vendor\ggml\src\ggml-cuda\template-instances\../mmq.cuh
[build]             instantiation of "void mul_mat_q_process_tile<type,J,fallback,fixup>(const char *, int, const int *, const int *, float *, float *, const float *, int, int, int, int, int, int, int) [with type=GGML_TYPE_Q6_K, J=80, fallback=true, fixup=false]" at line 1058 of C:\Users\pperv\code\unnamed_rpg\vendor\ggml\src\ggml-cuda\template-instances\../mmq.cuh
[build]             instantiation of "void mul_mat_q<type,J,fallback>(const char *, const int *, const int32_t *, const int32_t *, float *, float *, const float *, uint3, int, int, int, int, int, uint3, uint3, int, int, int, uint3, uint3, int, int, int, uint3) [with type=GGML_TYPE_Q6_K, J=80, fallback=true]" at line 1408 of C:\Users\pperv\code\unnamed_rpg\vendor\ggml\src\ggml-cuda\template-instances\../mmq.cuh
[build]             instantiation of "void launch_mul_mat_q<type,J,fallback>(ggml_backend_cuda_context &, const mmq_args &, cudaStream_t) [with type=GGML_TYPE_Q6_K, J=80, fallback=false]" at line 1531 of C:\Users\pperv\code\unnamed_rpg\vendor\ggml\src\ggml-cuda\template-instances\../mmq.cuh
[build]             instantiation of "void mul_mat_q_switch_J<type,fallback>(ggml_backend_cuda_context &, const mmq_args &, cudaStream_t) [with type=GGML_TYPE_Q6_K, fallback=false]" at line 1562 of C:\Users\pperv\code\unnamed_rpg\vendor\ggml\src\ggml-cuda\template-instances\../mmq.cuh
[build]             instantiation of "void mul_mat_q_case<type>(ggml_backend_cuda_context &, const mmq_args &, cudaStream_t) [with type=GGML_TYPE_Q6_K]" at line 5 of C:\Users\pperv\code\unnamed_rpg\vendor\ggml\src\ggml-cuda\template-instances\mmq-instance-q6_k.cu
[build] 
[build] C:\Users\pperv\code\unnamed_rpg\vendor\ggml\src\ggml-cuda\mmq-vec-dot.cuh(1078): warning #177-D: variable "I" was declared but never referenced
[build]       constexpr int I             = ggml_cuda_mmq_get_I(type, J, fallback);
[build]                     ^
[build]           detected during:
[build]             instantiation of "void ggml_cuda_mmq_vec_dot_q6_K_q8_1_mma<type,J,fallback>(const int *, const int *, float *, int) [with type=GGML_TYPE_Q6_K, J=80, fallback=true]" at line 783 of C:\Users\pperv\code\unnamed_rpg\vendor\ggml\src\ggml-cuda\template-instances\../mmq.cuh
[build]             instantiation of "ggml_cuda_mmq_util_funcs ggml_cuda_mmq_get_util_funcs<type,J,fallback>() [with type=GGML_TYPE_Q6_K, J=80, fallback=true]" at line 858 of C:\Users\pperv\code\unnamed_rpg\vendor\ggml\src\ggml-cuda\template-instances\../mmq.cuh
[build]             instantiation of "ggml_cuda_mmq_load_tiles_t ggml_cuda_mmq_get_load_tiles<type,J,fallback>() [with type=GGML_TYPE_Q6_K, J=80, fallback=true]" at line 885 of C:\Users\pperv\code\unnamed_rpg\vendor\ggml\src\ggml-cuda\template-instances\../mmq.cuh
[build]             instantiation of "void mul_mat_q_process_tile<type,J,fallback,fixup>(const char *, int, const int *, const int *, float *, float *, const float *, int, int, int, int, int, int, int) [with type=GGML_TYPE_Q6_K, J=80, fallback=true, fixup=false]" at line 1058 of C:\Users\pperv\code\unnamed_rpg\vendor\ggml\src\ggml-cuda\template-instances\../mmq.cuh
[build]             instantiation of "void mul_mat_q<type,J,fallback>(const char *, const int *, const int32_t *, const int32_t *, float *, float *, const float *, uint3, int, int, int, int, int, uint3, uint3, int, int, int, uint3, uint3, int, int, int, uint3) [with type=GGML_TYPE_Q6_K, J=80, fallback=true]" at line 1408 of C:\Users\pperv\code\unnamed_rpg\vendor\ggml\src\ggml-cuda\template-instances\../mmq.cuh
[build]             instantiation of "void launch_mul_mat_q<type,J,fallback>(ggml_backend_cuda_context &, const mmq_args &, cudaStream_t) [with type=GGML_TYPE_Q6_K, J=80, fallback=false]" at line 1531 of C:\Users\pperv\code\unnamed_rpg\vendor\ggml\src\ggml-cuda\template-instances\../mmq.cuh
[build]             instantiation of "void mul_mat_q_switch_J<type,fallback>(ggml_backend_cuda_context &, const mmq_args &, cudaStream_t) [with type=GGML_TYPE_Q6_K, fallback=false]" at line 1562 of C:\Users\pperv\code\unnamed_rpg\vendor\ggml\src\ggml-cuda\template-instances\../mmq.cuh
[build]             instantiation of "void mul_mat_q_case<type>(ggml_backend_cuda_context &, const mmq_args &, cudaStream_t) [with type=GGML_TYPE_Q6_K]" at line 5 of C:\Users\pperv\code\unnamed_rpg\vendor\ggml\src\ggml-cuda\template-instances\mmq-instance-q6_k.cu
[build] 
[build] C:\Users\pperv\code\unnamed_rpg\vendor\ggml\src\ggml-cuda\template-instances\../mmq.cuh(543): warning #177-D: variable "I" was declared but never referenced
[build]       constexpr int I = ggml_cuda_mmq_get_I(type, J, fallback);
[build]                     ^
[build]           detected during:
[build]             instantiation of "ggml_cuda_mmq_util_funcs ggml_cuda_mmq_get_util_funcs<type,J,fallback>() [with type=GGML_TYPE_Q6_K, J=80, fallback=true]" at line 858
[build]             instantiation of "ggml_cuda_mmq_load_tiles_t ggml_cuda_mmq_get_load_tiles<type,J,fallback>() [with type=GGML_TYPE_Q6_K, J=80, fallback=true]" at line 885
[build]             instantiation of "void mul_mat_q_process_tile<type,J,fallback,fixup>(const char *, int, const int *, const int *, float *, float *, const float *, int, int, int, int, int, int, int) [with type=GGML_TYPE_Q6_K, J=80, fallback=true, fixup=false]" at line 1058
[build]             instantiation of "void mul_mat_q<type,J,fallback>(const char *, const int *, const int32_t *, const int32_t *, float *, float *, const float *, uint3, int, int, int, int, int, uint3, uint3, int, int, int, uint3, uint3, int, int, int, uint3) [with type=GGML_TYPE_Q6_K, J=80, fallback=true]" at line 1408
[build]             instantiation of "void launch_mul_mat_q<type,J,fallback>(ggml_backend_cuda_context &, const mmq_args &, cudaStream_t) [with type=GGML_TYPE_Q6_K, J=80, fallback=false]" at line 1531
[build]             instantiation of "void mul_mat_q_switch_J<type,fallback>(ggml_backend_cuda_context &, const mmq_args &, cudaStream_t) [with type=GGML_TYPE_Q6_K, fallback=false]" at line 1562
[build]             instantiation of "void mul_mat_q_case<type>(ggml_backend_cuda_context &, const mmq_args &, cudaStream_t) [with type=GGML_TYPE_Q6_K]" at line 5 of C:\Users\pperv\code\unnamed_rpg\vendor\ggml\src\ggml-cuda\template-instances\mmq-instance-q6_k.cu
[build] 
[build] C:\Users\pperv\code\unnamed_rpg\vendor\ggml\src\ggml-cuda\mmq-vec-dot.cuh(207): warning #177-D: variable "I" was declared but never referenced
[build]       constexpr int I             = ggml_cuda_mmq_get_I(type, J, fallback);
[build]                     ^
[build]           detected during:
[build]             instantiation of "void ggml_cuda_mmq_vec_dot_q8_0_q8_1_mma<type,J,fallback,ds_layout>(const int *, const int *, float *, int) [with type=GGML_TYPE_Q6_K, J=88, fallback=false, ds_layout=MMQ_Q8_1_DS_LAYOUT_D4]" at line 716 of C:\Users\pperv\code\unnamed_rpg\vendor\ggml\src\ggml-cuda\template-instances\../mmq.cuh
[build]             instantiation of "ggml_cuda_mmq_util_funcs ggml_cuda_mmq_get_util_funcs<type,J,fallback>() [with type=GGML_TYPE_Q6_K, J=88, fallback=false]" at line 858 of C:\Users\pperv\code\unnamed_rpg\vendor\ggml\src\ggml-cuda\template-instances\../mmq.cuh
[build]             instantiation of "ggml_cuda_mmq_load_tiles_t ggml_cuda_mmq_get_load_tiles<type,J,fallback>() [with type=GGML_TYPE_Q6_K, J=88, fallback=false]" at line 885 of C:\Users\pperv\code\unnamed_rpg\vendor\ggml\src\ggml-cuda\template-instances\../mmq.cuh
[build]             instantiation of "void mul_mat_q_process_tile<type,J,fallback,fixup>(const char *, int, const int *, const int *, float *, float *, const float *, int, int, int, int, int, int, int) [with type=GGML_TYPE_Q6_K, J=88, fallback=false, fixup=false]" at line 1058 of C:\Users\pperv\code\unnamed_rpg\vendor\ggml\src\ggml-cuda\template-instances\../mmq.cuh
[build]             instantiation of "void mul_mat_q<type,J,fallback>(const char *, const int *, const int32_t *, const int32_t *, float *, float *, const float *, uint3, int, int, int, int, int, uint3, uint3, int, int, int, uint3, uint3, int, int, int, uint3) [with type=GGML_TYPE_Q6_K, J=88, fallback=false]" at line 1407 of C:\Users\pperv\code\unnamed_rpg\vendor\ggml\src\ggml-cuda\template-instances\../mmq.cuh
[build]             instantiation of "void launch_mul_mat_q<type,J,fallback>(ggml_backend_cuda_context &, const mmq_args &, cudaStream_t) [with type=GGML_TYPE_Q6_K, J=88, fallback=false]" at line 1534 of C:\Users\pperv\code\unnamed_rpg\vendor\ggml\src\ggml-cuda\template-instances\../mmq.cuh
[build]             instantiation of "void mul_mat_q_switch_J<type,fallback>(ggml_backend_cuda_context &, const mmq_args &, cudaStream_t) [with type=GGML_TYPE_Q6_K, fallback=false]" at line 1562 of C:\Users\pperv\code\unnamed_rpg\vendor\ggml\src\ggml-cuda\template-instances\../mmq.cuh
[build]             instantiation of "void mul_mat_q_case<type>(ggml_backend_cuda_context &, const mmq_args &, cudaStream_t) [with type=GGML_TYPE_Q6_K]" at line 5 of C:\Users\pperv\code\unnamed_rpg\vendor\ggml\src\ggml-cuda\template-instances\mmq-instance-q6_k.cu
[build] 
[build] C:\Users\pperv\code\unnamed_rpg\vendor\ggml\src\ggml-cuda\template-instances\../mmq.cuh(485): warning #177-D: variable "nwarps" was declared but never referenced
[build]       constexpr int nwarps        = ggml_cuda_mmq_get_nthreads(type, J, fallback) / warp_size;
[build]                     ^
[build]           detected during:
[build]             instantiation of "void ggml_cuda_mmq_write_back_mma<type,J,fallback>(const float *, const int *, float *, const float *, int, int, int) [with type=GGML_TYPE_Q6_K, J=88, fallback=false]" at line 716
[build]             instantiation of "ggml_cuda_mmq_util_funcs ggml_cuda_mmq_get_util_funcs<type,J,fallback>() [with type=GGML_TYPE_Q6_K, J=88, fallback=false]" at line 858
[build]             instantiation of "ggml_cuda_mmq_load_tiles_t ggml_cuda_mmq_get_load_tiles<type,J,fallback>() [with type=GGML_TYPE_Q6_K, J=88, fallback=false]" at line 885
[build]             instantiation of "void mul_mat_q_process_tile<type,J,fallback,fixup>(const char *, int, const int *, const int *, float *, float *, const float *, int, int, int, int, int, int, int) [with type=GGML_TYPE_Q6_K, J=88, fallback=false, fixup=false]" at line 1058
[build]             instantiation of "void mul_mat_q<type,J,fallback>(const char *, const int *, const int32_t *, const int32_t *, float *, float *, const float *, uint3, int, int, int, int, int, uint3, uint3, int, int, int, uint3, uint3, int, int, int, uint3) [with type=GGML_TYPE_Q6_K, J=88, fallback=false]" at line 1407
[build]             instantiation of "void launch_mul_mat_q<type,J,fallback>(ggml_backend_cuda_context &, const mmq_args &, cudaStream_t) [with type=GGML_TYPE_Q6_K, J=88, fallback=false]" at line 1534
[build]             instantiation of "void mul_mat_q_switch_J<type,fallback>(ggml_backend_cuda_context &, const mmq_args &, cudaStream_t) [with type=GGML_TYPE_Q6_K, fallback=false]" at line 1562
[build]             instantiation of "void mul_mat_q_case<type>(ggml_backend_cuda_context &, const mmq_args &, cudaStream_t) [with type=GGML_TYPE_Q6_K]" at line 5 of C:\Users\pperv\code\unnamed_rpg\vendor\ggml\src\ggml-cuda\template-instances\mmq-instance-q6_k.cu
[build] 
[build] C:\Users\pperv\code\unnamed_rpg\vendor\ggml\src\ggml-cuda\template-instances\../mmq.cuh(486): warning #177-D: variable "I" was declared but never referenced
[build]       constexpr int I             = ggml_cuda_mmq_get_I(type, J, fallback);
[build]                     ^
[build]           detected during:
[build]             instantiation of "void ggml_cuda_mmq_write_back_mma<type,J,fallback>(const float *, const int *, float *, const float *, int, int, int) [with type=GGML_TYPE_Q6_K, J=88, fallback=false]" at line 716
[build]             instantiation of "ggml_cuda_mmq_util_funcs ggml_cuda_mmq_get_util_funcs<type,J,fallback>() [with type=GGML_TYPE_Q6_K, J=88, fallback=false]" at line 858
[build]             instantiation of "ggml_cuda_mmq_load_tiles_t ggml_cuda_mmq_get_load_tiles<type,J,fallback>() [with type=GGML_TYPE_Q6_K, J=88, fallback=false]" at line 885
[build]             instantiation of "void mul_mat_q_process_tile<type,J,fallback,fixup>(const char *, int, const int *, const int *, float *, float *, const float *, int, int, int, int, int, int, int) [with type=GGML_TYPE_Q6_K, J=88, fallback=false, fixup=false]" at line 1058
[build]             instantiation of "void mul_mat_q<type,J,fallback>(const char *, const int *, const int32_t *, const int32_t *, float *, float *, const float *, uint3, int, int, int, int, int, uint3, uint3, int, int, int, uint3, uint3, int, int, int, uint3) [with type=GGML_TYPE_Q6_K, J=88, fallback=false]" at line 1407
[build]             instantiation of "void launch_mul_mat_q<type,J,fallback>(ggml_backend_cuda_context &, const mmq_args &, cudaStream_t) [with type=GGML_TYPE_Q6_K, J=88, fallback=false]" at line 1534
[build]             instantiation of "void mul_mat_q_switch_J<type,fallback>(ggml_backend_cuda_context &, const mmq_args &, cudaStream_t) [with type=GGML_TYPE_Q6_K, fallback=false]" at line 1562
[build]             instantiation of "void mul_mat_q_case<type>(ggml_backend_cuda_context &, const mmq_args &, cudaStream_t) [with type=GGML_TYPE_Q6_K]" at line 5 of C:\Users\pperv\code\unnamed_rpg\vendor\ggml\src\ggml-cuda\template-instances\mmq-instance-q6_k.cu
[build] 
[build] C:\Users\pperv\code\unnamed_rpg\vendor\ggml\src\ggml-cuda\mmq-vec-dot.cuh(207): warning #177-D: variable "I" was declared but never referenced
[build]       constexpr int I             = ggml_cuda_mmq_get_I(type, J, fallback);
[build]                     ^
[build]           detected during:
[build]             instantiation of "void ggml_cuda_mmq_vec_dot_q8_0_q8_1_mma<type,J,fallback,ds_layout>(const int *, const int *, float *, int) [with type=GGML_TYPE_Q6_K, J=88, fallback=false, ds_layout=MMQ_Q8_1_DS_LAYOUT_DS4]" at line 728 of C:\Users\pperv\code\unnamed_rpg\vendor\ggml\src\ggml-cuda\template-instances\../mmq.cuh
[build]             instantiation of "ggml_cuda_mmq_util_funcs ggml_cuda_mmq_get_util_funcs<type,J,fallback>() [with type=GGML_TYPE_Q6_K, J=88, fallback=false]" at line 858 of C:\Users\pperv\code\unnamed_rpg\vendor\ggml\src\ggml-cuda\template-instances\../mmq.cuh
[build]             instantiation of "ggml_cuda_mmq_load_tiles_t ggml_cuda_mmq_get_load_tiles<type,J,fallback>() [with type=GGML_TYPE_Q6_K, J=88, fallback=false]" at line 885 of C:\Users\pperv\code\unnamed_rpg\vendor\ggml\src\ggml-cuda\template-instances\../mmq.cuh
[build]             instantiation of "void mul_mat_q_process_tile<type,J,fallback,fixup>(const char *, int, const int *, const int *, float *, float *, const float *, int, int, int, int, int, int, int) [with type=GGML_TYPE_Q6_K, J=88, fallback=false, fixup=false]" at line 1058 of C:\Users\pperv\code\unnamed_rpg\vendor\ggml\src\ggml-cuda\template-instances\../mmq.cuh
[build]             instantiation of "void mul_mat_q<type,J,fallback>(const char *, const int *, const int32_t *, const int32_t *, float *, float *, const float *, uint3, int, int, int, int, int, uint3, uint3, int, int, int, uint3, uint3, int, int, int, uint3) [with type=GGML_TYPE_Q6_K, J=88, fallback=false]" at line 1407 of C:\Users\pperv\code\unnamed_rpg\vendor\ggml\src\ggml-cuda\template-instances\../mmq.cuh
[build]             instantiation of "void launch_mul_mat_q<type,J,fallback>(ggml_backend_cuda_context &, const mmq_args &, cudaStream_t) [with type=GGML_TYPE_Q6_K, J=88, fallback=false]" at line 1534 of C:\Users\pperv\code\unnamed_rpg\vendor\ggml\src\ggml-cuda\template-instances\../mmq.cuh
[build]             instantiation of "void mul_mat_q_switch_J<type,fallback>(ggml_backend_cuda_context &, const mmq_args &, cudaStream_t) [with type=GGML_TYPE_Q6_K, fallback=false]" at line 1562 of C:\Users\pperv\code\unnamed_rpg\vendor\ggml\src\ggml-cuda\template-instances\../mmq.cuh
[build]             instantiation of "void mul_mat_q_case<type>(ggml_backend_cuda_context &, const mmq_args &, cudaStream_t) [with type=GGML_TYPE_Q6_K]" at line 5 of C:\Users\pperv\code\unnamed_rpg\vendor\ggml\src\ggml-cuda\template-instances\mmq-instance-q6_k.cu
[build] 
[build] C:\Users\pperv\code\unnamed_rpg\vendor\ggml\src\ggml-cuda\mmq-vec-dot.cuh(374): warning #177-D: variable "I" was declared but never referenced
[build]       constexpr int I             = ggml_cuda_mmq_get_I(type, J, fallback);
[build]                     ^
[build]           detected during:
[build]             instantiation of "void ggml_cuda_mmq_vec_dot_q8_1_q8_1_mma<type,J,fallback>(const int *, const int *, float *, int) [with type=GGML_TYPE_Q6_K, J=88, fallback=false]" at line 734 of C:\Users\pperv\code\unnamed_rpg\vendor\ggml\src\ggml-cuda\template-instances\../mmq.cuh
[build]             instantiation of "ggml_cuda_mmq_util_funcs ggml_cuda_mmq_get_util_funcs<type,J,fallback>() [with type=GGML_TYPE_Q6_K, J=88, fallback=false]" at line 858 of C:\Users\pperv\code\unnamed_rpg\vendor\ggml\src\ggml-cuda\template-instances\../mmq.cuh
[build]             instantiation of "ggml_cuda_mmq_load_tiles_t ggml_cuda_mmq_get_load_tiles<type,J,fallback>() [with type=GGML_TYPE_Q6_K, J=88, fallback=false]" at line 885 of C:\Users\pperv\code\unnamed_rpg\vendor\ggml\src\ggml-cuda\template-instances\../mmq.cuh
[build]             instantiation of "void mul_mat_q_process_tile<type,J,fallback,fixup>(const char *, int, const int *, const int *, float *, float *, const float *, int, int, int, int, int, int, int) [with type=GGML_TYPE_Q6_K, J=88, fallback=false, fixup=false]" at line 1058 of C:\Users\pperv\code\unnamed_rpg\vendor\ggml\src\ggml-cuda\template-instances\../mmq.cuh
[build]             instantiation of "void mul_mat_q<type,J,fallback>(const char *, const int *, const int32_t *, const int32_t *, float *, float *, const float *, uint3, int, int, int, int, int, uint3, uint3, int, int, int, uint3, uint3, int, int, int, uint3) [with type=GGML_TYPE_Q6_K, J=88, fallback=false]" at line 1407 of C:\Users\pperv\code\unnamed_rpg\vendor\ggml\src\ggml-cuda\template-instances\../mmq.cuh
[build]             instantiation of "void launch_mul_mat_q<type,J,fallback>(ggml_backend_cuda_context &, const mmq_args &, cudaStream_t) [with type=GGML_TYPE_Q6_K, J=88, fallback=false]" at line 1534 of C:\Users\pperv\code\unnamed_rpg\vendor\ggml\src\ggml-cuda\template-instances\../mmq.cuh
[build]             instantiation of "void mul_mat_q_switch_J<type,fallback>(ggml_backend_cuda_context &, const mmq_args &, cudaStream_t) [with type=GGML_TYPE_Q6_K, fallback=false]" at line 1562 of C:\Users\pperv\code\unnamed_rpg\vendor\ggml\src\ggml-cuda\template-instances\../mmq.cuh
[build]             instantiation of "void mul_mat_q_case<type>(ggml_backend_cuda_context &, const mmq_args &, cudaStream_t) [with type=GGML_TYPE_Q6_K]" at line 5 of C:\Users\pperv\code\unnamed_rpg\vendor\ggml\src\ggml-cuda\template-instances\mmq-instance-q6_k.cu
[build] 
[build] C:\Users\pperv\code\unnamed_rpg\vendor\ggml\src\ggml-cuda\mmq-vec-dot.cuh(759): warning #177-D: variable "I" was declared but never referenced
[build]       constexpr int I             = ggml_cuda_mmq_get_I(type, J, fallback);
[build]                     ^
[build]           detected during:
[build]             instantiation of "void ggml_cuda_mmq_vec_dot_q2_K_q8_1_mma<type,J,fallback>(const int *, const int *, float *, int) [with type=GGML_TYPE_Q6_K, J=88, fallback=false]" at line 759 of C:\Users\pperv\code\unnamed_rpg\vendor\ggml\src\ggml-cuda\template-instances\../mmq.cuh
[build]             instantiation of "ggml_cuda_mmq_util_funcs ggml_cuda_mmq_get_util_funcs<type,J,fallback>() [with type=GGML_TYPE_Q6_K, J=88, fallback=false]" at line 858 of C:\Users\pperv\code\unnamed_rpg\vendor\ggml\src\ggml-cuda\template-instances\../mmq.cuh
[build]             instantiation of "ggml_cuda_mmq_load_tiles_t ggml_cuda_mmq_get_load_tiles<type,J,fallback>() [with type=GGML_TYPE_Q6_K, J=88, fallback=false]" at line 885 of C:\Users\pperv\code\unnamed_rpg\vendor\ggml\src\ggml-cuda\template-instances\../mmq.cuh
[build]             instantiation of "void mul_mat_q_process_tile<type,J,fallback,fixup>(const char *, int, const int *, const int *, float *, float *, const float *, int, int, int, int, int, int, int) [with type=GGML_TYPE_Q6_K, J=88, fallback=false, fixup=false]" at line 1058 of C:\Users\pperv\code\unnamed_rpg\vendor\ggml\src\ggml-cuda\template-instances\../mmq.cuh
[build]             instantiation of "void mul_mat_q<type,J,fallback>(const char *, const int *, const int32_t *, const int32_t *, float *, float *, const float *, uint3, int, int, int, int, int, uint3, uint3, int, int, int, uint3, uint3, int, int, int, uint3) [with type=GGML_TYPE_Q6_K, J=88, fallback=false]" at line 1407 of C:\Users\pperv\code\unnamed_rpg\vendor\ggml\src\ggml-cuda\template-instances\../mmq.cuh
[build]             instantiation of "void launch_mul_mat_q<type,J,fallback>(ggml_backend_cuda_context &, const mmq_args &, cudaStream_t) [with type=GGML_TYPE_Q6_K, J=88, fallback=false]" at line 1534 of C:\Users\pperv\code\unnamed_rpg\vendor\ggml\src\ggml-cuda\template-instances\../mmq.cuh
[build]             instantiation of "void mul_mat_q_switch_J<type,fallback>(ggml_backend_cuda_context &, const mmq_args &, cudaStream_t) [with type=GGML_TYPE_Q6_K, fallback=false]" at line 1562 of C:\Users\pperv\code\unnamed_rpg\vendor\ggml\src\ggml-cuda\template-instances\../mmq.cuh
[build]             instantiation of "void mul_mat_q_case<type>(ggml_backend_cuda_context &, const mmq_args &, cudaStream_t) [with type=GGML_TYPE_Q6_K]" at line 5 of C:\Users\pperv\code\unnamed_rpg\vendor\ggml\src\ggml-cuda\template-instances\mmq-instance-q6_k.cu
[build] 
[build] C:\Users\pperv\code\unnamed_rpg\vendor\ggml\src\ggml-cuda\mmq-vec-dot.cuh(540): warning #177-D: variable "I" was declared but never referenced
[build]       constexpr int I             = ggml_cuda_mmq_get_I(type, J, fallback);
[build]                     ^
[build]           detected during:
[build]             instantiation of "void ggml_cuda_mmq_vec_dot_q8_0_16_q8_1_mma<type,J,fallback>(const int *, const int *, float *, int) [with type=GGML_TYPE_Q6_K, J=88, fallback=false]" at line 765 of C:\Users\pperv\code\unnamed_rpg\vendor\ggml\src\ggml-cuda\template-instances\../mmq.cuh
[build]             instantiation of "ggml_cuda_mmq_util_funcs ggml_cuda_mmq_get_util_funcs<type,J,fallback>() [with type=GGML_TYPE_Q6_K, J=88, fallback=false]" at line 858 of C:\Users\pperv\code\unnamed_rpg\vendor\ggml\src\ggml-cuda\template-instances\../mmq.cuh
[build]             instantiation of "ggml_cuda_mmq_load_tiles_t ggml_cuda_mmq_get_load_tiles<type,J,fallback>() [with type=GGML_TYPE_Q6_K, J=88, fallback=false]" at line 885 of C:\Users\pperv\code\unnamed_rpg\vendor\ggml\src\ggml-cuda\template-instances\../mmq.cuh
[build]             instantiation of "void mul_mat_q_process_tile<type,J,fallback,fixup>(const char *, int, const int *, const int *, float *, float *, const float *, int, int, int, int, int, int, int) [with type=GGML_TYPE_Q6_K, J=88, fallback=false, fixup=false]" at line 1058 of C:\Users\pperv\code\unnamed_rpg\vendor\ggml\src\ggml-cuda\template-instances\../mmq.cuh
[build]             instantiation of "void mul_mat_q<type,J,fallback>(const char *, const int *, const int32_t *, const int32_t *, float *, float *, const float *, uint3, int, int, int, int, int, uint3, uint3, int, int, int, uint3, uint3, int, int, int, uint3) [with type=GGML_TYPE_Q6_K, J=88, fallback=false]" at line 1407 of C:\Users\pperv\code\unnamed_rpg\vendor\ggml\src\ggml-cuda\template-instances\../mmq.cuh
[build]             instantiation of "void launch_mul_mat_q<type,J,fallback>(ggml_backend_cuda_context &, const mmq_args &, cudaStream_t) [with type=GGML_TYPE_Q6_K, J=88, fallback=false]" at line 1534 of C:\Users\pperv\code\unnamed_rpg\vendor\ggml\src\ggml-cuda\template-instances\../mmq.cuh
[build]             instantiation of "void mul_mat_q_switch_J<type,fallback>(ggml_backend_cuda_context &, const mmq_args &, cudaStream_t) [with type=GGML_TYPE_Q6_K, fallback=false]" at line 1562 of C:\Users\pperv\code\unnamed_rpg\vendor\ggml\src\ggml-cuda\template-instances\../mmq.cuh
[build]             instantiation of "void mul_mat_q_case<type>(ggml_backend_cuda_context &, const mmq_args &, cudaStream_t) [with type=GGML_TYPE_Q6_K]" at line 5 of C:\Users\pperv\code\unnamed_rpg\vendor\ggml\src\ggml-cuda\template-instances\mmq-instance-q6_k.cu
[build] 
[build] C:\Users\pperv\code\unnamed_rpg\vendor\ggml\src\ggml-cuda\mmq-vec-dot.cuh(1078): warning #177-D: variable "I" was declared but never referenced
[build]       constexpr int I             = ggml_cuda_mmq_get_I(type, J, fallback);
[build]                     ^
[build]           detected during:
[build]             instantiation of "void ggml_cuda_mmq_vec_dot_q6_K_q8_1_mma<type,J,fallback>(const int *, const int *, float *, int) [with type=GGML_TYPE_Q6_K, J=88, fallback=false]" at line 783 of C:\Users\pperv\code\unnamed_rpg\vendor\ggml\src\ggml-cuda\template-instances\../mmq.cuh
[build]             instantiation of "ggml_cuda_mmq_util_funcs ggml_cuda_mmq_get_util_funcs<type,J,fallback>() [with type=GGML_TYPE_Q6_K, J=88, fallback=false]" at line 858 of C:\Users\pperv\code\unnamed_rpg\vendor\ggml\src\ggml-cuda\template-instances\../mmq.cuh
[build]             instantiation of "ggml_cuda_mmq_load_tiles_t ggml_cuda_mmq_get_load_tiles<type,J,fallback>() [with type=GGML_TYPE_Q6_K, J=88, fallback=false]" at line 885 of C:\Users\pperv\code\unnamed_rpg\vendor\ggml\src\ggml-cuda\template-instances\../mmq.cuh
[build]             instantiation of "void mul_mat_q_process_tile<type,J,fallback,fixup>(const char *, int, const int *, const int *, float *, float *, const float *, int, int, int, int, int, int, int) [with type=GGML_TYPE_Q6_K, J=88, fallback=false, fixup=false]" at line 1058 of C:\Users\pperv\code\unnamed_rpg\vendor\ggml\src\ggml-cuda\template-instances\../mmq.cuh
[build]             instantiation of "void mul_mat_q<type,J,fallback>(const char *, const int *, const int32_t *, const int32_t *, float *, float *, const float *, uint3, int, int, int, int, int, uint3, uint3, int, int, int, uint3, uint3, int, int, int, uint3) [with type=GGML_TYPE_Q6_K, J=88, fallback=false]" at line 1407 of C:\Users\pperv\code\unnamed_rpg\vendor\ggml\src\ggml-cuda\template-instances\../mmq.cuh
[build]             instantiation of "void launch_mul_mat_q<type,J,fallback>(ggml_backend_cuda_context &, const mmq_args &, cudaStream_t) [with type=GGML_TYPE_Q6_K, J=88, fallback=false]" at line 1534 of C:\Users\pperv\code\unnamed_rpg\vendor\ggml\src\ggml-cuda\template-instances\../mmq.cuh
[build]             instantiation of "void mul_mat_q_switch_J<type,fallback>(ggml_backend_cuda_context &, const mmq_args &, cudaStream_t) [with type=GGML_TYPE_Q6_K, fallback=false]" at line 1562 of C:\Users\pperv\code\unnamed_rpg\vendor\ggml\src\ggml-cuda\template-instances\../mmq.cuh
[build]             instantiation of "void mul_mat_q_case<type>(ggml_backend_cuda_context &, const mmq_args &, cudaStream_t) [with type=GGML_TYPE_Q6_K]" at line 5 of C:\Users\pperv\code\unnamed_rpg\vendor\ggml\src\ggml-cuda\template-instances\mmq-instance-q6_k.cu
[build] 
[build] C:\Users\pperv\code\unnamed_rpg\vendor\ggml\src\ggml-cuda\template-instances\../mmq.cuh(543): warning #177-D: variable "I" was declared but never referenced
[build]       constexpr int I = ggml_cuda_mmq_get_I(type, J, fallback);
[build]                     ^
[build]           detected during:
[build]             instantiation of "ggml_cuda_mmq_util_funcs ggml_cuda_mmq_get_util_funcs<type,J,fallback>() [with type=GGML_TYPE_Q6_K, J=88, fallback=false]" at line 858
[build]             instantiation of "ggml_cuda_mmq_load_tiles_t ggml_cuda_mmq_get_load_tiles<type,J,fallback>() [with type=GGML_TYPE_Q6_K, J=88, fallback=false]" at line 885
[build]             instantiation of "void mul_mat_q_process_tile<type,J,fallback,fixup>(const char *, int, const int *, const int *, float *, float *, const float *, int, int, int, int, int, int, int) [with type=GGML_TYPE_Q6_K, J=88, fallback=false, fixup=false]" at line 1058
[build]             instantiation of "void mul_mat_q<type,J,fallback>(const char *, const int *, const int32_t *, const int32_t *, float *, float *, const float *, uint3, int, int, int, int, int, uint3, uint3, int, int, int, uint3, uint3, int, int, int, uint3) [with type=GGML_TYPE_Q6_K, J=88, fallback=false]" at line 1407
[build]             instantiation of "void launch_mul_mat_q<type,J,fallback>(ggml_backend_cuda_context &, const mmq_args &, cudaStream_t) [with type=GGML_TYPE_Q6_K, J=88, fallback=false]" at line 1534
[build]             instantiation of "void mul_mat_q_switch_J<type,fallback>(ggml_backend_cuda_context &, const mmq_args &, cudaStream_t) [with type=GGML_TYPE_Q6_K, fallback=false]" at line 1562
[build]             instantiation of "void mul_mat_q_case<type>(ggml_backend_cuda_context &, const mmq_args &, cudaStream_t) [with type=GGML_TYPE_Q6_K]" at line 5 of C:\Users\pperv\code\unnamed_rpg\vendor\ggml\src\ggml-cuda\template-instances\mmq-instance-q6_k.cu
[build] 
[build] C:\Users\pperv\code\unnamed_rpg\vendor\ggml\src\ggml-cuda\mmq-vec-dot.cuh(207): warning #177-D: variable "I" was declared but never referenced
[build]       constexpr int I             = ggml_cuda_mmq_get_I(type, J, fallback);
[build]                     ^
[build]           detected during:
[build]             instantiation of "void ggml_cuda_mmq_vec_dot_q8_0_q8_1_mma<type,J,fallback,ds_layout>(const int *, const int *, float *, int) [with type=GGML_TYPE_Q6_K, J=88, fallback=true, ds_layout=MMQ_Q8_1_DS_LAYOUT_D4]" at line 716 of C:\Users\pperv\code\unnamed_rpg\vendor\ggml\src\ggml-cuda\template-instances\../mmq.cuh
[build]             instantiation of "ggml_cuda_mmq_util_funcs ggml_cuda_mmq_get_util_funcs<type,J,fallback>() [with type=GGML_TYPE_Q6_K, J=88, fallback=true]" at line 858 of C:\Users\pperv\code\unnamed_rpg\vendor\ggml\src\ggml-cuda\template-instances\../mmq.cuh
[build]             instantiation of "ggml_cuda_mmq_load_tiles_t ggml_cuda_mmq_get_load_tiles<type,J,fallback>() [with type=GGML_TYPE_Q6_K, J=88, fallback=true]" at line 885 of C:\Users\pperv\code\unnamed_rpg\vendor\ggml\src\ggml-cuda\template-instances\../mmq.cuh
[build]             instantiation of "void mul_mat_q_process_tile<type,J,fallback,fixup>(const char *, int, const int *, const int *, float *, float *, const float *, int, int, int, int, int, int, int) [with type=GGML_TYPE_Q6_K, J=88, fallback=true, fixup=false]" at line 1058 of C:\Users\pperv\code\unnamed_rpg\vendor\ggml\src\ggml-cuda\template-instances\../mmq.cuh
[build]             instantiation of "void mul_mat_q<type,J,fallback>(const char *, const int *, const int32_t *, const int32_t *, float *, float *, const float *, uint3, int, int, int, int, int, uint3, uint3, int, int, int, uint3, uint3, int, int, int, uint3) [with type=GGML_TYPE_Q6_K, J=88, fallback=true]" at line 1408 of C:\Users\pperv\code\unnamed_rpg\vendor\ggml\src\ggml-cuda\template-instances\../mmq.cuh
[build]             instantiation of "void launch_mul_mat_q<type,J,fallback>(ggml_backend_cuda_context &, const mmq_args &, cudaStream_t) [with type=GGML_TYPE_Q6_K, J=88, fallback=false]" at line 1534 of C:\Users\pperv\code\unnamed_rpg\vendor\ggml\src\ggml-cuda\template-instances\../mmq.cuh
[build]             instantiation of "void mul_mat_q_switch_J<type,fallback>(ggml_backend_cuda_context &, const mmq_args &, cudaStream_t) [with type=GGML_TYPE_Q6_K, fallback=false]" at line 1562 of C:\Users\pperv\code\unnamed_rpg\vendor\ggml\src\ggml-cuda\template-instances\../mmq.cuh
[build]             instantiation of "void mul_mat_q_case<type>(ggml_backend_cuda_context &, const mmq_args &, cudaStream_t) [with type=GGML_TYPE_Q6_K]" at line 5 of C:\Users\pperv\code\unnamed_rpg\vendor\ggml\src\ggml-cuda\template-instances\mmq-instance-q6_k.cu
[build] 
[build] C:\Users\pperv\code\unnamed_rpg\vendor\ggml\src\ggml-cuda\template-instances\../mmq.cuh(485): warning #177-D: variable "nwarps" was declared but never referenced
[build]       constexpr int nwarps        = ggml_cuda_mmq_get_nthreads(type, J, fallback) / warp_size;
[build]                     ^
[build]           detected during:
[build]             instantiation of "void ggml_cuda_mmq_write_back_mma<type,J,fallback>(const float *, const int *, float *, const float *, int, int, int) [with type=GGML_TYPE_Q6_K, J=88, fallback=true]" at line 716
[build]             instantiation of "ggml_cuda_mmq_util_funcs ggml_cuda_mmq_get_util_funcs<type,J,fallback>() [with type=GGML_TYPE_Q6_K, J=88, fallback=true]" at line 858
[build]             instantiation of "ggml_cuda_mmq_load_tiles_t ggml_cuda_mmq_get_load_tiles<type,J,fallback>() [with type=GGML_TYPE_Q6_K, J=88, fallback=true]" at line 885
[build]             instantiation of "void mul_mat_q_process_tile<type,J,fallback,fixup>(const char *, int, const int *, const int *, float *, float *, const float *, int, int, int, int, int, int, int) [with type=GGML_TYPE_Q6_K, J=88, fallback=true, fixup=false]" at line 1058
[build]             instantiation of "void mul_mat_q<type,J,fallback>(const char *, const int *, const int32_t *, const int32_t *, float *, float *, const float *, uint3, int, int, int, int, int, uint3, uint3, int, int, int, uint3, uint3, int, int, int, uint3) [with type=GGML_TYPE_Q6_K, J=88, fallback=true]" at line 1408
[build]             instantiation of "void launch_mul_mat_q<type,J,fallback>(ggml_backend_cuda_context &, const mmq_args &, cudaStream_t) [with type=GGML_TYPE_Q6_K, J=88, fallback=false]" at line 1534
[build]             instantiation of "void mul_mat_q_switch_J<type,fallback>(ggml_backend_cuda_context &, const mmq_args &, cudaStream_t) [with type=GGML_TYPE_Q6_K, fallback=false]" at line 1562
[build]             instantiation of "void mul_mat_q_case<type>(ggml_backend_cuda_context &, const mmq_args &, cudaStream_t) [with type=GGML_TYPE_Q6_K]" at line 5 of C:\Users\pperv\code\unnamed_rpg\vendor\ggml\src\ggml-cuda\template-instances\mmq-instance-q6_k.cu
[build] 
[build] C:\Users\pperv\code\unnamed_rpg\vendor\ggml\src\ggml-cuda\template-instances\../mmq.cuh(486): warning #177-D: variable "I" was declared but never referenced
[build]       constexpr int I             = ggml_cuda_mmq_get_I(type, J, fallback);
[build]                     ^
[build]           detected during:
[build]             instantiation of "void ggml_cuda_mmq_write_back_mma<type,J,fallback>(const float *, const int *, float *, const float *, int, int, int) [with type=GGML_TYPE_Q6_K, J=88, fallback=true]" at line 716
[build]             instantiation of "ggml_cuda_mmq_util_funcs ggml_cuda_mmq_get_util_funcs<type,J,fallback>() [with type=GGML_TYPE_Q6_K, J=88, fallback=true]" at line 858
[build]             instantiation of "ggml_cuda_mmq_load_tiles_t ggml_cuda_mmq_get_load_tiles<type,J,fallback>() [with type=GGML_TYPE_Q6_K, J=88, fallback=true]" at line 885
[build]             instantiation of "void mul_mat_q_process_tile<type,J,fallback,fixup>(const char *, int, const int *, const int *, float *, float *, const float *, int, int, int, int, int, int, int) [with type=GGML_TYPE_Q6_K, J=88, fallback=true, fixup=false]" at line 1058
[build]             instantiation of "void mul_mat_q<type,J,fallback>(const char *, const int *, const int32_t *, const int32_t *, float *, float *, const float *, uint3, int, int, int, int, int, uint3, uint3, int, int, int, uint3, uint3, int, int, int, uint3) [with type=GGML_TYPE_Q6_K, J=88, fallback=true]" at line 1408
[build]             instantiation of "void launch_mul_mat_q<type,J,fallback>(ggml_backend_cuda_context &, const mmq_args &, cudaStream_t) [with type=GGML_TYPE_Q6_K, J=88, fallback=false]" at line 1534
[build]             instantiation of "void mul_mat_q_switch_J<type,fallback>(ggml_backend_cuda_context &, const mmq_args &, cudaStream_t) [with type=GGML_TYPE_Q6_K, fallback=false]" at line 1562
[build]             instantiation of "void mul_mat_q_case<type>(ggml_backend_cuda_context &, const mmq_args &, cudaStream_t) [with type=GGML_TYPE_Q6_K]" at line 5 of C:\Users\pperv\code\unnamed_rpg\vendor\ggml\src\ggml-cuda\template-instances\mmq-instance-q6_k.cu
[build] 
[build] C:\Users\pperv\code\unnamed_rpg\vendor\ggml\src\ggml-cuda\mmq-vec-dot.cuh(207): warning #177-D: variable "I" was declared but never referenced
[build]       constexpr int I             = ggml_cuda_mmq_get_I(type, J, fallback);
[build]                     ^
[build]           detected during:
[build]             instantiation of "void ggml_cuda_mmq_vec_dot_q8_0_q8_1_mma<type,J,fallback,ds_layout>(const int *, const int *, float *, int) [with type=GGML_TYPE_Q6_K, J=88, fallback=true, ds_layout=MMQ_Q8_1_DS_LAYOUT_DS4]" at line 728 of C:\Users\pperv\code\unnamed_rpg\vendor\ggml\src\ggml-cuda\template-instances\../mmq.cuh
[build]             instantiation of "ggml_cuda_mmq_util_funcs ggml_cuda_mmq_get_util_funcs<type,J,fallback>() [with type=GGML_TYPE_Q6_K, J=88, fallback=true]" at line 858 of C:\Users\pperv\code\unnamed_rpg\vendor\ggml\src\ggml-cuda\template-instances\../mmq.cuh
[build]             instantiation of "ggml_cuda_mmq_load_tiles_t ggml_cuda_mmq_get_load_tiles<type,J,fallback>() [with type=GGML_TYPE_Q6_K, J=88, fallback=true]" at line 885 of C:\Users\pperv\code\unnamed_rpg\vendor\ggml\src\ggml-cuda\template-instances\../mmq.cuh
[build]             instantiation of "void mul_mat_q_process_tile<type,J,fallback,fixup>(const char *, int, const int *, const int *, float *, float *, const float *, int, int, int, int, int, int, int) [with type=GGML_TYPE_Q6_K, J=88, fallback=true, fixup=false]" at line 1058 of C:\Users\pperv\code\unnamed_rpg\vendor\ggml\src\ggml-cuda\template-instances\../mmq.cuh
[build]             instantiation of "void mul_mat_q<type,J,fallback>(const char *, const int *, const int32_t *, const int32_t *, float *, float *, const float *, uint3, int, int, int, int, int, uint3, uint3, int, int, int, uint3, uint3, int, int, int, uint3) [with type=GGML_TYPE_Q6_K, J=88, fallback=true]" at line 1408 of C:\Users\pperv\code\unnamed_rpg\vendor\ggml\src\ggml-cuda\template-instances\../mmq.cuh
[build]             instantiation of "void launch_mul_mat_q<type,J,fallback>(ggml_backend_cuda_context &, const mmq_args &, cudaStream_t) [with type=GGML_TYPE_Q6_K, J=88, fallback=false]" at line 1534 of C:\Users\pperv\code\unnamed_rpg\vendor\ggml\src\ggml-cuda\template-instances\../mmq.cuh
[build]             instantiation of "void mul_mat_q_switch_J<type,fallback>(ggml_backend_cuda_context &, const mmq_args &, cudaStream_t) [with type=GGML_TYPE_Q6_K, fallback=false]" at line 1562 of C:\Users\pperv\code\unnamed_rpg\vendor\ggml\src\ggml-cuda\template-instances\../mmq.cuh
[build]             instantiation of "void mul_mat_q_case<type>(ggml_backend_cuda_context &, const mmq_args &, cudaStream_t) [with type=GGML_TYPE_Q6_K]" at line 5 of C:\Users\pperv\code\unnamed_rpg\vendor\ggml\src\ggml-cuda\template-instances\mmq-instance-q6_k.cu
[build] 
[build] C:\Users\pperv\code\unnamed_rpg\vendor\ggml\src\ggml-cuda\mmq-vec-dot.cuh(374): warning #177-D: variable "I" was declared but never referenced
[build]       constexpr int I             = ggml_cuda_mmq_get_I(type, J, fallback);
[build]                     ^
[build]           detected during:
[build]             instantiation of "void ggml_cuda_mmq_vec_dot_q8_1_q8_1_mma<type,J,fallback>(const int *, const int *, float *, int) [with type=GGML_TYPE_Q6_K, J=88, fallback=true]" at line 734 of C:\Users\pperv\code\unnamed_rpg\vendor\ggml\src\ggml-cuda\template-instances\../mmq.cuh
[build]             instantiation of "ggml_cuda_mmq_util_funcs ggml_cuda_mmq_get_util_funcs<type,J,fallback>() [with type=GGML_TYPE_Q6_K, J=88, fallback=true]" at line 858 of C:\Users\pperv\code\unnamed_rpg\vendor\ggml\src\ggml-cuda\template-instances\../mmq.cuh
[build]             instantiation of "ggml_cuda_mmq_load_tiles_t ggml_cuda_mmq_get_load_tiles<type,J,fallback>() [with type=GGML_TYPE_Q6_K, J=88, fallback=true]" at line 885 of C:\Users\pperv\code\unnamed_rpg\vendor\ggml\src\ggml-cuda\template-instances\../mmq.cuh
[build]             instantiation of "void mul_mat_q_process_tile<type,J,fallback,fixup>(const char *, int, const int *, const int *, float *, float *, const float *, int, int, int, int, int, int, int) [with type=GGML_TYPE_Q6_K, J=88, fallback=true, fixup=false]" at line 1058 of C:\Users\pperv\code\unnamed_rpg\vendor\ggml\src\ggml-cuda\template-instances\../mmq.cuh
[build]             instantiation of "void mul_mat_q<type,J,fallback>(const char *, const int *, const int32_t *, const int32_t *, float *, float *, const float *, uint3, int, int, int, int, int, uint3, uint3, int, int, int, uint3, uint3, int, int, int, uint3) [with type=GGML_TYPE_Q6_K, J=88, fallback=true]" at line 1408 of C:\Users\pperv\code\unnamed_rpg\vendor\ggml\src\ggml-cuda\template-instances\../mmq.cuh
[build]             instantiation of "void launch_mul_mat_q<type,J,fallback>(ggml_backend_cuda_context &, const mmq_args &, cudaStream_t) [with type=GGML_TYPE_Q6_K, J=88, fallback=false]" at line 1534 of C:\Users\pperv\code\unnamed_rpg\vendor\ggml\src\ggml-cuda\template-instances\../mmq.cuh
[build]             instantiation of "void mul_mat_q_switch_J<type,fallback>(ggml_backend_cuda_context &, const mmq_args &, cudaStream_t) [with type=GGML_TYPE_Q6_K, fallback=false]" at line 1562 of C:\Users\pperv\code\unnamed_rpg\vendor\ggml\src\ggml-cuda\template-instances\../mmq.cuh
[build]             instantiation of "void mul_mat_q_case<type>(ggml_backend_cuda_context &, const mmq_args &, cudaStream_t) [with type=GGML_TYPE_Q6_K]" at line 5 of C:\Users\pperv\code\unnamed_rpg\vendor\ggml\src\ggml-cuda\template-instances\mmq-instance-q6_k.cu
[build] 
[build] C:\Users\pperv\code\unnamed_rpg\vendor\ggml\src\ggml-cuda\mmq-vec-dot.cuh(759): warning #177-D: variable "I" was declared but never referenced
[build]       constexpr int I             = ggml_cuda_mmq_get_I(type, J, fallback);
[build]                     ^
[build]           detected during:
[build]             instantiation of "void ggml_cuda_mmq_vec_dot_q2_K_q8_1_mma<type,J,fallback>(const int *, const int *, float *, int) [with type=GGML_TYPE_Q6_K, J=88, fallback=true]" at line 759 of C:\Users\pperv\code\unnamed_rpg\vendor\ggml\src\ggml-cuda\template-instances\../mmq.cuh
[build]             instantiation of "ggml_cuda_mmq_util_funcs ggml_cuda_mmq_get_util_funcs<type,J,fallback>() [with type=GGML_TYPE_Q6_K, J=88, fallback=true]" at line 858 of C:\Users\pperv\code\unnamed_rpg\vendor\ggml\src\ggml-cuda\template-instances\../mmq.cuh
[build]             instantiation of "ggml_cuda_mmq_load_tiles_t ggml_cuda_mmq_get_load_tiles<type,J,fallback>() [with type=GGML_TYPE_Q6_K, J=88, fallback=true]" at line 885 of C:\Users\pperv\code\unnamed_rpg\vendor\ggml\src\ggml-cuda\template-instances\../mmq.cuh
[build]             instantiation of "void mul_mat_q_process_tile<type,J,fallback,fixup>(const char *, int, const int *, const int *, float *, float *, const float *, int, int, int, int, int, int, int) [with type=GGML_TYPE_Q6_K, J=88, fallback=true, fixup=false]" at line 1058 of C:\Users\pperv\code\unnamed_rpg\vendor\ggml\src\ggml-cuda\template-instances\../mmq.cuh
[build]             instantiation of "void mul_mat_q<type,J,fallback>(const char *, const int *, const int32_t *, const int32_t *, float *, float *, const float *, uint3, int, int, int, int, int, uint3, uint3, int, int, int, uint3, uint3, int, int, int, uint3) [with type=GGML_TYPE_Q6_K, J=88, fallback=true]" at line 1408 of C:\Users\pperv\code\unnamed_rpg\vendor\ggml\src\ggml-cuda\template-instances\../mmq.cuh
[build]             instantiation of "void launch_mul_mat_q<type,J,fallback>(ggml_backend_cuda_context &, const mmq_args &, cudaStream_t) [with type=GGML_TYPE_Q6_K, J=88, fallback=false]" at line 1534 of C:\Users\pperv\code\unnamed_rpg\vendor\ggml\src\ggml-cuda\template-instances\../mmq.cuh
[build]             instantiation of "void mul_mat_q_switch_J<type,fallback>(ggml_backend_cuda_context &, const mmq_args &, cudaStream_t) [with type=GGML_TYPE_Q6_K, fallback=false]" at line 1562 of C:\Users\pperv\code\unnamed_rpg\vendor\ggml\src\ggml-cuda\template-instances\../mmq.cuh
[build]             instantiation of "void mul_mat_q_case<type>(ggml_backend_cuda_context &, const mmq_args &, cudaStream_t) [with type=GGML_TYPE_Q6_K]" at line 5 of C:\Users\pperv\code\unnamed_rpg\vendor\ggml\src\ggml-cuda\template-instances\mmq-instance-q6_k.cu
[build] 
[build] C:\Users\pperv\code\unnamed_rpg\vendor\ggml\src\ggml-cuda\mmq-vec-dot.cuh(540): warning #177-D: variable "I" was declared but never referenced
[build]       constexpr int I             = ggml_cuda_mmq_get_I(type, J, fallback);
[build]                     ^
[build]           detected during:
[build]             instantiation of "void ggml_cuda_mmq_vec_dot_q8_0_16_q8_1_mma<type,J,fallback>(const int *, const int *, float *, int) [with type=GGML_TYPE_Q6_K, J=88, fallback=true]" at line 765 of C:\Users\pperv\code\unnamed_rpg\vendor\ggml\src\ggml-cuda\template-instances\../mmq.cuh
[build]             instantiation of "ggml_cuda_mmq_util_funcs ggml_cuda_mmq_get_util_funcs<type,J,fallback>() [with type=GGML_TYPE_Q6_K, J=88, fallback=true]" at line 858 of C:\Users\pperv\code\unnamed_rpg\vendor\ggml\src\ggml-cuda\template-instances\../mmq.cuh
[build]             instantiation of "ggml_cuda_mmq_load_tiles_t ggml_cuda_mmq_get_load_tiles<type,J,fallback>() [with type=GGML_TYPE_Q6_K, J=88, fallback=true]" at line 885 of C:\Users\pperv\code\unnamed_rpg\vendor\ggml\src\ggml-cuda\template-instances\../mmq.cuh
[build]             instantiation of "void mul_mat_q_process_tile<type,J,fallback,fixup>(const char *, int, const int *, const int *, float *, float *, const float *, int, int, int, int, int, int, int) [with type=GGML_TYPE_Q6_K, J=88, fallback=true, fixup=false]" at line 1058 of C:\Users\pperv\code\unnamed_rpg\vendor\ggml\src\ggml-cuda\template-instances\../mmq.cuh
[build]             instantiation of "void mul_mat_q<type,J,fallback>(const char *, const int *, const int32_t *, const int32_t *, float *, float *, const float *, uint3, int, int, int, int, int, uint3, uint3, int, int, int, uint3, uint3, int, int, int, uint3) [with type=GGML_TYPE_Q6_K, J=88, fallback=true]" at line 1408 of C:\Users\pperv\code\unnamed_rpg\vendor\ggml\src\ggml-cuda\template-instances\../mmq.cuh
[build]             instantiation of "void launch_mul_mat_q<type,J,fallback>(ggml_backend_cuda_context &, const mmq_args &, cudaStream_t) [with type=GGML_TYPE_Q6_K, J=88, fallback=false]" at line 1534 of C:\Users\pperv\code\unnamed_rpg\vendor\ggml\src\ggml-cuda\template-instances\../mmq.cuh
[build]             instantiation of "void mul_mat_q_switch_J<type,fallback>(ggml_backend_cuda_context &, const mmq_args &, cudaStream_t) [with type=GGML_TYPE_Q6_K, fallback=false]" at line 1562 of C:\Users\pperv\code\unnamed_rpg\vendor\ggml\src\ggml-cuda\template-instances\../mmq.cuh
[build]             instantiation of "void mul_mat_q_case<type>(ggml_backend_cuda_context &, const mmq_args &, cudaStream_t) [with type=GGML_TYPE_Q6_K]" at line 5 of C:\Users\pperv\code\unnamed_rpg\vendor\ggml\src\ggml-cuda\template-instances\mmq-instance-q6_k.cu
[build] 
[build] C:\Users\pperv\code\unnamed_rpg\vendor\ggml\src\ggml-cuda\mmq-vec-dot.cuh(1078): warning #177-D: variable "I" was declared but never referenced
[build]       constexpr int I             = ggml_cuda_mmq_get_I(type, J, fallback);
[build]                     ^
[build]           detected during:
[build]             instantiation of "void ggml_cuda_mmq_vec_dot_q6_K_q8_1_mma<type,J,fallback>(const int *, const int *, float *, int) [with type=GGML_TYPE_Q6_K, J=88, fallback=true]" at line 783 of C:\Users\pperv\code\unnamed_rpg\vendor\ggml\src\ggml-cuda\template-instances\../mmq.cuh
[build]             instantiation of "ggml_cuda_mmq_util_funcs ggml_cuda_mmq_get_util_funcs<type,J,fallback>() [with type=GGML_TYPE_Q6_K, J=88, fallback=true]" at line 858 of C:\Users\pperv\code\unnamed_rpg\vendor\ggml\src\ggml-cuda\template-instances\../mmq.cuh
[build]             instantiation of "ggml_cuda_mmq_load_tiles_t ggml_cuda_mmq_get_load_tiles<type,J,fallback>() [with type=GGML_TYPE_Q6_K, J=88, fallback=true]" at line 885 of C:\Users\pperv\code\unnamed_rpg\vendor\ggml\src\ggml-cuda\template-instances\../mmq.cuh
[build]             instantiation of "void mul_mat_q_process_tile<type,J,fallback,fixup>(const char *, int, const int *, const int *, float *, float *, const float *, int, int, int, int, int, int, int) [with type=GGML_TYPE_Q6_K, J=88, fallback=true, fixup=false]" at line 1058 of C:\Users\pperv\code\unnamed_rpg\vendor\ggml\src\ggml-cuda\template-instances\../mmq.cuh
[build]             instantiation of "void mul_mat_q<type,J,fallback>(const char *, const int *, const int32_t *, const int32_t *, float *, float *, const float *, uint3, int, int, int, int, int, uint3, uint3, int, int, int, uint3, uint3, int, int, int, uint3) [with type=GGML_TYPE_Q6_K, J=88, fallback=true]" at line 1408 of C:\Users\pperv\code\unnamed_rpg\vendor\ggml\src\ggml-cuda\template-instances\../mmq.cuh
[build]             instantiation of "void launch_mul_mat_q<type,J,fallback>(ggml_backend_cuda_context &, const mmq_args &, cudaStream_t) [with type=GGML_TYPE_Q6_K, J=88, fallback=false]" at line 1534 of C:\Users\pperv\code\unnamed_rpg\vendor\ggml\src\ggml-cuda\template-instances\../mmq.cuh
[build]             instantiation of "void mul_mat_q_switch_J<type,fallback>(ggml_backend_cuda_context &, const mmq_args &, cudaStream_t) [with type=GGML_TYPE_Q6_K, fallback=false]" at line 1562 of C:\Users\pperv\code\unnamed_rpg\vendor\ggml\src\ggml-cuda\template-instances\../mmq.cuh
[build]             instantiation of "void mul_mat_q_case<type>(ggml_backend_cuda_context &, const mmq_args &, cudaStream_t) [with type=GGML_TYPE_Q6_K]" at line 5 of C:\Users\pperv\code\unnamed_rpg\vendor\ggml\src\ggml-cuda\template-instances\mmq-instance-q6_k.cu
[build] 
[build] C:\Users\pperv\code\unnamed_rpg\vendor\ggml\src\ggml-cuda\template-instances\../mmq.cuh(543): warning #177-D: variable "I" was declared but never referenced
[build]       constexpr int I = ggml_cuda_mmq_get_I(type, J, fallback);
[build]                     ^
[build]           detected during:
[build]             instantiation of "ggml_cuda_mmq_util_funcs ggml_cuda_mmq_get_util_funcs<type,J,fallback>() [with type=GGML_TYPE_Q6_K, J=88, fallback=true]" at line 858
[build]             instantiation of "ggml_cuda_mmq_load_tiles_t ggml_cuda_mmq_get_load_tiles<type,J,fallback>() [with type=GGML_TYPE_Q6_K, J=88, fallback=true]" at line 885
[build]             instantiation of "void mul_mat_q_process_tile<type,J,fallback,fixup>(const char *, int, const int *, const int *, float *, float *, const float *, int, int, int, int, int, int, int) [with type=GGML_TYPE_Q6_K, J=88, fallback=true, fixup=false]" at line 1058
[build]             instantiation of "void mul_mat_q<type,J,fallback>(const char *, const int *, const int32_t *, const int32_t *, float *, float *, const float *, uint3, int, int, int, int, int, uint3, uint3, int, int, int, uint3, uint3, int, int, int, uint3) [with type=GGML_TYPE_Q6_K, J=88, fallback=true]" at line 1408
[build]             instantiation of "void launch_mul_mat_q<type,J,fallback>(ggml_backend_cuda_context &, const mmq_args &, cudaStream_t) [with type=GGML_TYPE_Q6_K, J=88, fallback=false]" at line 1534
[build]             instantiation of "void mul_mat_q_switch_J<type,fallback>(ggml_backend_cuda_context &, const mmq_args &, cudaStream_t) [with type=GGML_TYPE_Q6_K, fallback=false]" at line 1562
[build]             instantiation of "void mul_mat_q_case<type>(ggml_backend_cuda_context &, const mmq_args &, cudaStream_t) [with type=GGML_TYPE_Q6_K]" at line 5 of C:\Users\pperv\code\unnamed_rpg\vendor\ggml\src\ggml-cuda\template-instances\mmq-instance-q6_k.cu
[build] 
[build] C:\Users\pperv\code\unnamed_rpg\vendor\ggml\src\ggml-cuda\mmq-vec-dot.cuh(207): warning #177-D: variable "I" was declared but never referenced
[build]       constexpr int I             = ggml_cuda_mmq_get_I(type, J, fallback);
[build]                     ^
[build]           detected during:
[build]             instantiation of "void ggml_cuda_mmq_vec_dot_q8_0_q8_1_mma<type,J,fallback,ds_layout>(const int *, const int *, float *, int) [with type=GGML_TYPE_Q6_K, J=96, fallback=false, ds_layout=MMQ_Q8_1_DS_LAYOUT_D4]" at line 716 of C:\Users\pperv\code\unnamed_rpg\vendor\ggml\src\ggml-cuda\template-instances\../mmq.cuh
[build]             instantiation of "ggml_cuda_mmq_util_funcs ggml_cuda_mmq_get_util_funcs<type,J,fallback>() [with type=GGML_TYPE_Q6_K, J=96, fallback=false]" at line 858 of C:\Users\pperv\code\unnamed_rpg\vendor\ggml\src\ggml-cuda\template-instances\../mmq.cuh
[build]             instantiation of "ggml_cuda_mmq_load_tiles_t ggml_cuda_mmq_get_load_tiles<type,J,fallback>() [with type=GGML_TYPE_Q6_K, J=96, fallback=false]" at line 885 of C:\Users\pperv\code\unnamed_rpg\vendor\ggml\src\ggml-cuda\template-instances\../mmq.cuh
[build]             instantiation of "void mul_mat_q_process_tile<type,J,fallback,fixup>(const char *, int, const int *, const int *, float *, float *, const float *, int, int, int, int, int, int, int) [with type=GGML_TYPE_Q6_K, J=96, fallback=false, fixup=false]" at line 1152 of C:\Users\pperv\code\unnamed_rpg\vendor\ggml\src\ggml-cuda\template-instances\../mmq.cuh
[build]             instantiation of "void mul_mat_q<type,J,fallback>(const char *, const int *, const int32_t *, const int32_t *, float *, float *, const float *, uint3, int, int, int, int, int, uint3, uint3, int, int, int, uint3, uint3, int, int, int, uint3) [with type=GGML_TYPE_Q6_K, J=96, fallback=false]" at line 1407 of C:\Users\pperv\code\unnamed_rpg\vendor\ggml\src\ggml-cuda\template-instances\../mmq.cuh
[build]             instantiation of "void launch_mul_mat_q<type,J,fallback>(ggml_backend_cuda_context &, const mmq_args &, cudaStream_t) [with type=GGML_TYPE_Q6_K, J=96, fallback=false]" at line 1537 of C:\Users\pperv\code\unnamed_rpg\vendor\ggml\src\ggml-cuda\template-instances\../mmq.cuh
[build]             instantiation of "void mul_mat_q_switch_J<type,fallback>(ggml_backend_cuda_context &, const mmq_args &, cudaStream_t) [with type=GGML_TYPE_Q6_K, fallback=false]" at line 1562 of C:\Users\pperv\code\unnamed_rpg\vendor\ggml\src\ggml-cuda\template-instances\../mmq.cuh
[build]             instantiation of "void mul_mat_q_case<type>(ggml_backend_cuda_context &, const mmq_args &, cudaStream_t) [with type=GGML_TYPE_Q6_K]" at line 5 of C:\Users\pperv\code\unnamed_rpg\vendor\ggml\src\ggml-cuda\template-instances\mmq-instance-q6_k.cu
[build] 
[build] C:\Users\pperv\code\unnamed_rpg\vendor\ggml\src\ggml-cuda\template-instances\../mmq.cuh(485): warning #177-D: variable "nwarps" was declared but never referenced
[build]       constexpr int nwarps        = ggml_cuda_mmq_get_nthreads(type, J, fallback) / warp_size;
[build]                     ^
[build]           detected during:
[build]             instantiation of "void ggml_cuda_mmq_write_back_mma<type,J,fallback>(const float *, const int *, float *, const float *, int, int, int) [with type=GGML_TYPE_Q6_K, J=96, fallback=false]" at line 716
[build]             instantiation of "ggml_cuda_mmq_util_funcs ggml_cuda_mmq_get_util_funcs<type,J,fallback>() [with type=GGML_TYPE_Q6_K, J=96, fallback=false]" at line 858
[build]             instantiation of "ggml_cuda_mmq_load_tiles_t ggml_cuda_mmq_get_load_tiles<type,J,fallback>() [with type=GGML_TYPE_Q6_K, J=96, fallback=false]" at line 885
[build]             instantiation of "void mul_mat_q_process_tile<type,J,fallback,fixup>(const char *, int, const int *, const int *, float *, float *, const float *, int, int, int, int, int, int, int) [with type=GGML_TYPE_Q6_K, J=96, fallback=false, fixup=false]" at line 1152
[build]             instantiation of "void mul_mat_q<type,J,fallback>(const char *, const int *, const int32_t *, const int32_t *, float *, float *, const float *, uint3, int, int, int, int, int, uint3, uint3, int, int, int, uint3, uint3, int, int, int, uint3) [with type=GGML_TYPE_Q6_K, J=96, fallback=false]" at line 1407
[build]             instantiation of "void launch_mul_mat_q<type,J,fallback>(ggml_backend_cuda_context &, const mmq_args &, cudaStream_t) [with type=GGML_TYPE_Q6_K, J=96, fallback=false]" at line 1537
[build]             instantiation of "void mul_mat_q_switch_J<type,fallback>(ggml_backend_cuda_context &, const mmq_args &, cudaStream_t) [with type=GGML_TYPE_Q6_K, fallback=false]" at line 1562
[build]             instantiation of "void mul_mat_q_case<type>(ggml_backend_cuda_context &, const mmq_args &, cudaStream_t) [with type=GGML_TYPE_Q6_K]" at line 5 of C:\Users\pperv\code\unnamed_rpg\vendor\ggml\src\ggml-cuda\template-instances\mmq-instance-q6_k.cu
[build] 
[build] C:\Users\pperv\code\unnamed_rpg\vendor\ggml\src\ggml-cuda\template-instances\../mmq.cuh(486): warning #177-D: variable "I" was declared but never referenced
[build]       constexpr int I             = ggml_cuda_mmq_get_I(type, J, fallback);
[build]                     ^
[build]           detected during:
[build]             instantiation of "void ggml_cuda_mmq_write_back_mma<type,J,fallback>(const float *, const int *, float *, const float *, int, int, int) [with type=GGML_TYPE_Q6_K, J=96, fallback=false]" at line 716
[build]             instantiation of "ggml_cuda_mmq_util_funcs ggml_cuda_mmq_get_util_funcs<type,J,fallback>() [with type=GGML_TYPE_Q6_K, J=96, fallback=false]" at line 858
[build]             instantiation of "ggml_cuda_mmq_load_tiles_t ggml_cuda_mmq_get_load_tiles<type,J,fallback>() [with type=GGML_TYPE_Q6_K, J=96, fallback=false]" at line 885
[build]             instantiation of "void mul_mat_q_process_tile<type,J,fallback,fixup>(const char *, int, const int *, const int *, float *, float *, const float *, int, int, int, int, int, int, int) [with type=GGML_TYPE_Q6_K, J=96, fallback=false, fixup=false]" at line 1152
[build]             instantiation of "void mul_mat_q<type,J,fallback>(const char *, const int *, const int32_t *, const int32_t *, float *, float *, const float *, uint3, int, int, int, int, int, uint3, uint3, int, int, int, uint3, uint3, int, int, int, uint3) [with type=GGML_TYPE_Q6_K, J=96, fallback=false]" at line 1407
[build]             instantiation of "void launch_mul_mat_q<type,J,fallback>(ggml_backend_cuda_context &, const mmq_args &, cudaStream_t) [with type=GGML_TYPE_Q6_K, J=96, fallback=false]" at line 1537
[build]             instantiation of "void mul_mat_q_switch_J<type,fallback>(ggml_backend_cuda_context &, const mmq_args &, cudaStream_t) [with type=GGML_TYPE_Q6_K, fallback=false]" at line 1562
[build]             instantiation of "void mul_mat_q_case<type>(ggml_backend_cuda_context &, const mmq_args &, cudaStream_t) [with type=GGML_TYPE_Q6_K]" at line 5 of C:\Users\pperv\code\unnamed_rpg\vendor\ggml\src\ggml-cuda\template-instances\mmq-instance-q6_k.cu
[build] 
[build] C:\Users\pperv\code\unnamed_rpg\vendor\ggml\src\ggml-cuda\mmq-vec-dot.cuh(207): warning #177-D: variable "I" was declared but never referenced
[build]       constexpr int I             = ggml_cuda_mmq_get_I(type, J, fallback);
[build]                     ^
[build]           detected during:
[build]             instantiation of "void ggml_cuda_mmq_vec_dot_q8_0_q8_1_mma<type,J,fallback,ds_layout>(const int *, const int *, float *, int) [with type=GGML_TYPE_Q6_K, J=96, fallback=false, ds_layout=MMQ_Q8_1_DS_LAYOUT_DS4]" at line 728 of C:\Users\pperv\code\unnamed_rpg\vendor\ggml\src\ggml-cuda\template-instances\../mmq.cuh
[build]             instantiation of "ggml_cuda_mmq_util_funcs ggml_cuda_mmq_get_util_funcs<type,J,fallback>() [with type=GGML_TYPE_Q6_K, J=96, fallback=false]" at line 858 of C:\Users\pperv\code\unnamed_rpg\vendor\ggml\src\ggml-cuda\template-instances\../mmq.cuh
[build]             instantiation of "ggml_cuda_mmq_load_tiles_t ggml_cuda_mmq_get_load_tiles<type,J,fallback>() [with type=GGML_TYPE_Q6_K, J=96, fallback=false]" at line 885 of C:\Users\pperv\code\unnamed_rpg\vendor\ggml\src\ggml-cuda\template-instances\../mmq.cuh
[build]             instantiation of "void mul_mat_q_process_tile<type,J,fallback,fixup>(const char *, int, const int *, const int *, float *, float *, const float *, int, int, int, int, int, int, int) [with type=GGML_TYPE_Q6_K, J=96, fallback=false, fixup=false]" at line 1152 of C:\Users\pperv\code\unnamed_rpg\vendor\ggml\src\ggml-cuda\template-instances\../mmq.cuh
[build]             instantiation of "void mul_mat_q<type,J,fallback>(const char *, const int *, const int32_t *, const int32_t *, float *, float *, const float *, uint3, int, int, int, int, int, uint3, uint3, int, int, int, uint3, uint3, int, int, int, uint3) [with type=GGML_TYPE_Q6_K, J=96, fallback=false]" at line 1407 of C:\Users\pperv\code\unnamed_rpg\vendor\ggml\src\ggml-cuda\template-instances\../mmq.cuh
[build]             instantiation of "void launch_mul_mat_q<type,J,fallback>(ggml_backend_cuda_context &, const mmq_args &, cudaStream_t) [with type=GGML_TYPE_Q6_K, J=96, fallback=false]" at line 1537 of C:\Users\pperv\code\unnamed_rpg\vendor\ggml\src\ggml-cuda\template-instances\../mmq.cuh
[build]             instantiation of "void mul_mat_q_switch_J<type,fallback>(ggml_backend_cuda_context &, const mmq_args &, cudaStream_t) [with type=GGML_TYPE_Q6_K, fallback=false]" at line 1562 of C:\Users\pperv\code\unnamed_rpg\vendor\ggml\src\ggml-cuda\template-instances\../mmq.cuh
[build]             instantiation of "void mul_mat_q_case<type>(ggml_backend_cuda_context &, const mmq_args &, cudaStream_t) [with type=GGML_TYPE_Q6_K]" at line 5 of C:\Users\pperv\code\unnamed_rpg\vendor\ggml\src\ggml-cuda\template-instances\mmq-instance-q6_k.cu
[build] 
[build] C:\Users\pperv\code\unnamed_rpg\vendor\ggml\src\ggml-cuda\mmq-vec-dot.cuh(374): warning #177-D: variable "I" was declared but never referenced
[build]       constexpr int I             = ggml_cuda_mmq_get_I(type, J, fallback);
[build]                     ^
[build]           detected during:
[build]             instantiation of "void ggml_cuda_mmq_vec_dot_q8_1_q8_1_mma<type,J,fallback>(const int *, const int *, float *, int) [with type=GGML_TYPE_Q6_K, J=96, fallback=false]" at line 734 of C:\Users\pperv\code\unnamed_rpg\vendor\ggml\src\ggml-cuda\template-instances\../mmq.cuh
[build]             instantiation of "ggml_cuda_mmq_util_funcs ggml_cuda_mmq_get_util_funcs<type,J,fallback>() [with type=GGML_TYPE_Q6_K, J=96, fallback=false]" at line 858 of C:\Users\pperv\code\unnamed_rpg\vendor\ggml\src\ggml-cuda\template-instances\../mmq.cuh
[build]             instantiation of "ggml_cuda_mmq_load_tiles_t ggml_cuda_mmq_get_load_tiles<type,J,fallback>() [with type=GGML_TYPE_Q6_K, J=96, fallback=false]" at line 885 of C:\Users\pperv\code\unnamed_rpg\vendor\ggml\src\ggml-cuda\template-instances\../mmq.cuh
[build]             instantiation of "void mul_mat_q_process_tile<type,J,fallback,fixup>(const char *, int, const int *, const int *, float *, float *, const float *, int, int, int, int, int, int, int) [with type=GGML_TYPE_Q6_K, J=96, fallback=false, fixup=false]" at line 1152 of C:\Users\pperv\code\unnamed_rpg\vendor\ggml\src\ggml-cuda\template-instances\../mmq.cuh
[build]             instantiation of "void mul_mat_q<type,J,fallback>(const char *, const int *, const int32_t *, const int32_t *, float *, float *, const float *, uint3, int, int, int, int, int, uint3, uint3, int, int, int, uint3, uint3, int, int, int, uint3) [with type=GGML_TYPE_Q6_K, J=96, fallback=false]" at line 1407 of C:\Users\pperv\code\unnamed_rpg\vendor\ggml\src\ggml-cuda\template-instances\../mmq.cuh
[build]             instantiation of "void launch_mul_mat_q<type,J,fallback>(ggml_backend_cuda_context &, const mmq_args &, cudaStream_t) [with type=GGML_TYPE_Q6_K, J=96, fallback=false]" at line 1537 of C:\Users\pperv\code\unnamed_rpg\vendor\ggml\src\ggml-cuda\template-instances\../mmq.cuh
[build]             instantiation of "void mul_mat_q_switch_J<type,fallback>(ggml_backend_cuda_context &, const mmq_args &, cudaStream_t) [with type=GGML_TYPE_Q6_K, fallback=false]" at line 1562 of C:\Users\pperv\code\unnamed_rpg\vendor\ggml\src\ggml-cuda\template-instances\../mmq.cuh
[build]             instantiation of "void mul_mat_q_case<type>(ggml_backend_cuda_context &, const mmq_args &, cudaStream_t) [with type=GGML_TYPE_Q6_K]" at line 5 of C:\Users\pperv\code\unnamed_rpg\vendor\ggml\src\ggml-cuda\template-instances\mmq-instance-q6_k.cu
[build] 
[build] C:\Users\pperv\code\unnamed_rpg\vendor\ggml\src\ggml-cuda\mmq-vec-dot.cuh(759): warning #177-D: variable "I" was declared but never referenced
[build]       constexpr int I             = ggml_cuda_mmq_get_I(type, J, fallback);
[build]                     ^
[build]           detected during:
[build]             instantiation of "void ggml_cuda_mmq_vec_dot_q2_K_q8_1_mma<type,J,fallback>(const int *, const int *, float *, int) [with type=GGML_TYPE_Q6_K, J=96, fallback=false]" at line 759 of C:\Users\pperv\code\unnamed_rpg\vendor\ggml\src\ggml-cuda\template-instances\../mmq.cuh
[build]             instantiation of "ggml_cuda_mmq_util_funcs ggml_cuda_mmq_get_util_funcs<type,J,fallback>() [with type=GGML_TYPE_Q6_K, J=96, fallback=false]" at line 858 of C:\Users\pperv\code\unnamed_rpg\vendor\ggml\src\ggml-cuda\template-instances\../mmq.cuh
[build]             instantiation of "ggml_cuda_mmq_load_tiles_t ggml_cuda_mmq_get_load_tiles<type,J,fallback>() [with type=GGML_TYPE_Q6_K, J=96, fallback=false]" at line 885 of C:\Users\pperv\code\unnamed_rpg\vendor\ggml\src\ggml-cuda\template-instances\../mmq.cuh
[build]             instantiation of "void mul_mat_q_process_tile<type,J,fallback,fixup>(const char *, int, const int *, const int *, float *, float *, const float *, int, int, int, int, int, int, int) [with type=GGML_TYPE_Q6_K, J=96, fallback=false, fixup=false]" at line 1152 of C:\Users\pperv\code\unnamed_rpg\vendor\ggml\src\ggml-cuda\template-instances\../mmq.cuh
[build]             instantiation of "void mul_mat_q<type,J,fallback>(const char *, const int *, const int32_t *, const int32_t *, float *, float *, const float *, uint3, int, int, int, int, int, uint3, uint3, int, int, int, uint3, uint3, int, int, int, uint3) [with type=GGML_TYPE_Q6_K, J=96, fallback=false]" at line 1407 of C:\Users\pperv\code\unnamed_rpg\vendor\ggml\src\ggml-cuda\template-instances\../mmq.cuh
[build]             instantiation of "void launch_mul_mat_q<type,J,fallback>(ggml_backend_cuda_context &, const mmq_args &, cudaStream_t) [with type=GGML_TYPE_Q6_K, J=96, fallback=false]" at line 1537 of C:\Users\pperv\code\unnamed_rpg\vendor\ggml\src\ggml-cuda\template-instances\../mmq.cuh
[build]             instantiation of "void mul_mat_q_switch_J<type,fallback>(ggml_backend_cuda_context &, const mmq_args &, cudaStream_t) [with type=GGML_TYPE_Q6_K, fallback=false]" at line 1562 of C:\Users\pperv\code\unnamed_rpg\vendor\ggml\src\ggml-cuda\template-instances\../mmq.cuh
[build]             instantiation of "void mul_mat_q_case<type>(ggml_backend_cuda_context &, const mmq_args &, cudaStream_t) [with type=GGML_TYPE_Q6_K]" at line 5 of C:\Users\pperv\code\unnamed_rpg\vendor\ggml\src\ggml-cuda\template-instances\mmq-instance-q6_k.cu
[build] 
[build] C:\Users\pperv\code\unnamed_rpg\vendor\ggml\src\ggml-cuda\mmq-vec-dot.cuh(540): warning #177-D: variable "I" was declared but never referenced
[build]       constexpr int I             = ggml_cuda_mmq_get_I(type, J, fallback);
[build]                     ^
[build]           detected during:
[build]             instantiation of "void ggml_cuda_mmq_vec_dot_q8_0_16_q8_1_mma<type,J,fallback>(const int *, const int *, float *, int) [with type=GGML_TYPE_Q6_K, J=96, fallback=false]" at line 765 of C:\Users\pperv\code\unnamed_rpg\vendor\ggml\src\ggml-cuda\template-instances\../mmq.cuh
[build]             instantiation of "ggml_cuda_mmq_util_funcs ggml_cuda_mmq_get_util_funcs<type,J,fallback>() [with type=GGML_TYPE_Q6_K, J=96, fallback=false]" at line 858 of C:\Users\pperv\code\unnamed_rpg\vendor\ggml\src\ggml-cuda\template-instances\../mmq.cuh
[build]             instantiation of "ggml_cuda_mmq_load_tiles_t ggml_cuda_mmq_get_load_tiles<type,J,fallback>() [with type=GGML_TYPE_Q6_K, J=96, fallback=false]" at line 885 of C:\Users\pperv\code\unnamed_rpg\vendor\ggml\src\ggml-cuda\template-instances\../mmq.cuh
[build]             instantiation of "void mul_mat_q_process_tile<type,J,fallback,fixup>(const char *, int, const int *, const int *, float *, float *, const float *, int, int, int, int, int, int, int) [with type=GGML_TYPE_Q6_K, J=96, fallback=false, fixup=false]" at line 1152 of C:\Users\pperv\code\unnamed_rpg\vendor\ggml\src\ggml-cuda\template-instances\../mmq.cuh
[build]             instantiation of "void mul_mat_q<type,J,fallback>(const char *, const int *, const int32_t *, const int32_t *, float *, float *, const float *, uint3, int, int, int, int, int, uint3, uint3, int, int, int, uint3, uint3, int, int, int, uint3) [with type=GGML_TYPE_Q6_K, J=96, fallback=false]" at line 1407 of C:\Users\pperv\code\unnamed_rpg\vendor\ggml\src\ggml-cuda\template-instances\../mmq.cuh
[build]             instantiation of "void launch_mul_mat_q<type,J,fallback>(ggml_backend_cuda_context &, const mmq_args &, cudaStream_t) [with type=GGML_TYPE_Q6_K, J=96, fallback=false]" at line 1537 of C:\Users\pperv\code\unnamed_rpg\vendor\ggml\src\ggml-cuda\template-instances\../mmq.cuh
[build]             instantiation of "void mul_mat_q_switch_J<type,fallback>(ggml_backend_cuda_context &, const mmq_args &, cudaStream_t) [with type=GGML_TYPE_Q6_K, fallback=false]" at line 1562 of C:\Users\pperv\code\unnamed_rpg\vendor\ggml\src\ggml-cuda\template-instances\../mmq.cuh
[build]             instantiation of "void mul_mat_q_case<type>(ggml_backend_cuda_context &, const mmq_args &, cudaStream_t) [with type=GGML_TYPE_Q6_K]" at line 5 of C:\Users\pperv\code\unnamed_rpg\vendor\ggml\src\ggml-cuda\template-instances\mmq-instance-q6_k.cu
[build] 
[build] C:\Users\pperv\code\unnamed_rpg\vendor\ggml\src\ggml-cuda\mmq-vec-dot.cuh(1078): warning #177-D: variable "I" was declared but never referenced
[build]       constexpr int I             = ggml_cuda_mmq_get_I(type, J, fallback);
[build]                     ^
[build]           detected during:
[build]             instantiation of "void ggml_cuda_mmq_vec_dot_q6_K_q8_1_mma<type,J,fallback>(const int *, const int *, float *, int) [with type=GGML_TYPE_Q6_K, J=96, fallback=false]" at line 783 of C:\Users\pperv\code\unnamed_rpg\vendor\ggml\src\ggml-cuda\template-instances\../mmq.cuh
[build]             instantiation of "ggml_cuda_mmq_util_funcs ggml_cuda_mmq_get_util_funcs<type,J,fallback>() [with type=GGML_TYPE_Q6_K, J=96, fallback=false]" at line 858 of C:\Users\pperv\code\unnamed_rpg\vendor\ggml\src\ggml-cuda\template-instances\../mmq.cuh
[build]             instantiation of "ggml_cuda_mmq_load_tiles_t ggml_cuda_mmq_get_load_tiles<type,J,fallback>() [with type=GGML_TYPE_Q6_K, J=96, fallback=false]" at line 885 of C:\Users\pperv\code\unnamed_rpg\vendor\ggml\src\ggml-cuda\template-instances\../mmq.cuh
[build]             instantiation of "void mul_mat_q_process_tile<type,J,fallback,fixup>(const char *, int, const int *, const int *, float *, float *, const float *, int, int, int, int, int, int, int) [with type=GGML_TYPE_Q6_K, J=96, fallback=false, fixup=false]" at line 1152 of C:\Users\pperv\code\unnamed_rpg\vendor\ggml\src\ggml-cuda\template-instances\../mmq.cuh
[build]             instantiation of "void mul_mat_q<type,J,fallback>(const char *, const int *, const int32_t *, const int32_t *, float *, float *, const float *, uint3, int, int, int, int, int, uint3, uint3, int, int, int, uint3, uint3, int, int, int, uint3) [with type=GGML_TYPE_Q6_K, J=96, fallback=false]" at line 1407 of C:\Users\pperv\code\unnamed_rpg\vendor\ggml\src\ggml-cuda\template-instances\../mmq.cuh
[build]             instantiation of "void launch_mul_mat_q<type,J,fallback>(ggml_backend_cuda_context &, const mmq_args &, cudaStream_t) [with type=GGML_TYPE_Q6_K, J=96, fallback=false]" at line 1537 of C:\Users\pperv\code\unnamed_rpg\vendor\ggml\src\ggml-cuda\template-instances\../mmq.cuh
[build]             instantiation of "void mul_mat_q_switch_J<type,fallback>(ggml_backend_cuda_context &, const mmq_args &, cudaStream_t) [with type=GGML_TYPE_Q6_K, fallback=false]" at line 1562 of C:\Users\pperv\code\unnamed_rpg\vendor\ggml\src\ggml-cuda\template-instances\../mmq.cuh
[build]             instantiation of "void mul_mat_q_case<type>(ggml_backend_cuda_context &, const mmq_args &, cudaStream_t) [with type=GGML_TYPE_Q6_K]" at line 5 of C:\Users\pperv\code\unnamed_rpg\vendor\ggml\src\ggml-cuda\template-instances\mmq-instance-q6_k.cu
[build] 
[build] C:\Users\pperv\code\unnamed_rpg\vendor\ggml\src\ggml-cuda\template-instances\../mmq.cuh(543): warning #177-D: variable "I" was declared but never referenced
[build]       constexpr int I = ggml_cuda_mmq_get_I(type, J, fallback);
[build]                     ^
[build]           detected during:
[build]             instantiation of "ggml_cuda_mmq_util_funcs ggml_cuda_mmq_get_util_funcs<type,J,fallback>() [with type=GGML_TYPE_Q6_K, J=96, fallback=false]" at line 858
[build]             instantiation of "ggml_cuda_mmq_load_tiles_t ggml_cuda_mmq_get_load_tiles<type,J,fallback>() [with type=GGML_TYPE_Q6_K, J=96, fallback=false]" at line 885
[build]             instantiation of "void mul_mat_q_process_tile<type,J,fallback,fixup>(const char *, int, const int *, const int *, float *, float *, const float *, int, int, int, int, int, int, int) [with type=GGML_TYPE_Q6_K, J=96, fallback=false, fixup=false]" at line 1152
[build]             instantiation of "void mul_mat_q<type,J,fallback>(const char *, const int *, const int32_t *, const int32_t *, float *, float *, const float *, uint3, int, int, int, int, int, uint3, uint3, int, int, int, uint3, uint3, int, int, int, uint3) [with type=GGML_TYPE_Q6_K, J=96, fallback=false]" at line 1407
[build]             instantiation of "void launch_mul_mat_q<type,J,fallback>(ggml_backend_cuda_context &, const mmq_args &, cudaStream_t) [with type=GGML_TYPE_Q6_K, J=96, fallback=false]" at line 1537
[build]             instantiation of "void mul_mat_q_switch_J<type,fallback>(ggml_backend_cuda_context &, const mmq_args &, cudaStream_t) [with type=GGML_TYPE_Q6_K, fallback=false]" at line 1562
[build]             instantiation of "void mul_mat_q_case<type>(ggml_backend_cuda_context &, const mmq_args &, cudaStream_t) [with type=GGML_TYPE_Q6_K]" at line 5 of C:\Users\pperv\code\unnamed_rpg\vendor\ggml\src\ggml-cuda\template-instances\mmq-instance-q6_k.cu
[build] 
[build] C:\Users\pperv\code\unnamed_rpg\vendor\ggml\src\ggml-cuda\mmq-vec-dot.cuh(207): warning #177-D: variable "I" was declared but never referenced
[build]       constexpr int I             = ggml_cuda_mmq_get_I(type, J, fallback);
[build]                     ^
[build]           detected during:
[build]             instantiation of "void ggml_cuda_mmq_vec_dot_q8_0_q8_1_mma<type,J,fallback,ds_layout>(const int *, const int *, float *, int) [with type=GGML_TYPE_Q6_K, J=96, fallback=true, ds_layout=MMQ_Q8_1_DS_LAYOUT_D4]" at line 716 of C:\Users\pperv\code\unnamed_rpg\vendor\ggml\src\ggml-cuda\template-instances\../mmq.cuh
[build]             instantiation of "ggml_cuda_mmq_util_funcs ggml_cuda_mmq_get_util_funcs<type,J,fallback>() [with type=GGML_TYPE_Q6_K, J=96, fallback=true]" at line 858 of C:\Users\pperv\code\unnamed_rpg\vendor\ggml\src\ggml-cuda\template-instances\../mmq.cuh
[build]             instantiation of "ggml_cuda_mmq_load_tiles_t ggml_cuda_mmq_get_load_tiles<type,J,fallback>() [with type=GGML_TYPE_Q6_K, J=96, fallback=true]" at line 885 of C:\Users\pperv\code\unnamed_rpg\vendor\ggml\src\ggml-cuda\template-instances\../mmq.cuh
[build]             instantiation of "void mul_mat_q_process_tile<type,J,fallback,fixup>(const char *, int, const int *, const int *, float *, float *, const float *, int, int, int, int, int, int, int) [with type=GGML_TYPE_Q6_K, J=96, fallback=true, fixup=false]" at line 1058 of C:\Users\pperv\code\unnamed_rpg\vendor\ggml\src\ggml-cuda\template-instances\../mmq.cuh
[build]             instantiation of "void mul_mat_q<type,J,fallback>(const char *, const int *, const int32_t *, const int32_t *, float *, float *, const float *, uint3, int, int, int, int, int, uint3, uint3, int, int, int, uint3, uint3, int, int, int, uint3) [with type=GGML_TYPE_Q6_K, J=96, fallback=true]" at line 1408 of C:\Users\pperv\code\unnamed_rpg\vendor\ggml\src\ggml-cuda\template-instances\../mmq.cuh
[build]             instantiation of "void launch_mul_mat_q<type,J,fallback>(ggml_backend_cuda_context &, const mmq_args &, cudaStream_t) [with type=GGML_TYPE_Q6_K, J=96, fallback=false]" at line 1537 of C:\Users\pperv\code\unnamed_rpg\vendor\ggml\src\ggml-cuda\template-instances\../mmq.cuh
[build]             instantiation of "void mul_mat_q_switch_J<type,fallback>(ggml_backend_cuda_context &, const mmq_args &, cudaStream_t) [with type=GGML_TYPE_Q6_K, fallback=false]" at line 1562 of C:\Users\pperv\code\unnamed_rpg\vendor\ggml\src\ggml-cuda\template-instances\../mmq.cuh
[build]             instantiation of "void mul_mat_q_case<type>(ggml_backend_cuda_context &, const mmq_args &, cudaStream_t) [with type=GGML_TYPE_Q6_K]" at line 5 of C:\Users\pperv\code\unnamed_rpg\vendor\ggml\src\ggml-cuda\template-instances\mmq-instance-q6_k.cu
[build] 
[build] C:\Users\pperv\code\unnamed_rpg\vendor\ggml\src\ggml-cuda\template-instances\../mmq.cuh(485): warning #177-D: variable "nwarps" was declared but never referenced
[build]       constexpr int nwarps        = ggml_cuda_mmq_get_nthreads(type, J, fallback) / warp_size;
[build]                     ^
[build]           detected during:
[build]             instantiation of "void ggml_cuda_mmq_write_back_mma<type,J,fallback>(const float *, const int *, float *, const float *, int, int, int) [with type=GGML_TYPE_Q6_K, J=96, fallback=true]" at line 716
[build]             instantiation of "ggml_cuda_mmq_util_funcs ggml_cuda_mmq_get_util_funcs<type,J,fallback>() [with type=GGML_TYPE_Q6_K, J=96, fallback=true]" at line 858
[build]             instantiation of "ggml_cuda_mmq_load_tiles_t ggml_cuda_mmq_get_load_tiles<type,J,fallback>() [with type=GGML_TYPE_Q6_K, J=96, fallback=true]" at line 885
[build]             instantiation of "void mul_mat_q_process_tile<type,J,fallback,fixup>(const char *, int, const int *, const int *, float *, float *, const float *, int, int, int, int, int, int, int) [with type=GGML_TYPE_Q6_K, J=96, fallback=true, fixup=false]" at line 1058
[build]             instantiation of "void mul_mat_q<type,J,fallback>(const char *, const int *, const int32_t *, const int32_t *, float *, float *, const float *, uint3, int, int, int, int, int, uint3, uint3, int, int, int, uint3, uint3, int, int, int, uint3) [with type=GGML_TYPE_Q6_K, J=96, fallback=true]" at line 1408
[build]             instantiation of "void launch_mul_mat_q<type,J,fallback>(ggml_backend_cuda_context &, const mmq_args &, cudaStream_t) [with type=GGML_TYPE_Q6_K, J=96, fallback=false]" at line 1537
[build]             instantiation of "void mul_mat_q_switch_J<type,fallback>(ggml_backend_cuda_context &, const mmq_args &, cudaStream_t) [with type=GGML_TYPE_Q6_K, fallback=false]" at line 1562
[build]             instantiation of "void mul_mat_q_case<type>(ggml_backend_cuda_context &, const mmq_args &, cudaStream_t) [with type=GGML_TYPE_Q6_K]" at line 5 of C:\Users\pperv\code\unnamed_rpg\vendor\ggml\src\ggml-cuda\template-instances\mmq-instance-q6_k.cu
[build] 
[build] C:\Users\pperv\code\unnamed_rpg\vendor\ggml\src\ggml-cuda\template-instances\../mmq.cuh(486): warning #177-D: variable "I" was declared but never referenced
[build]       constexpr int I             = ggml_cuda_mmq_get_I(type, J, fallback);
[build]                     ^
[build]           detected during:
[build]             instantiation of "void ggml_cuda_mmq_write_back_mma<type,J,fallback>(const float *, const int *, float *, const float *, int, int, int) [with type=GGML_TYPE_Q6_K, J=96, fallback=true]" at line 716
[build]             instantiation of "ggml_cuda_mmq_util_funcs ggml_cuda_mmq_get_util_funcs<type,J,fallback>() [with type=GGML_TYPE_Q6_K, J=96, fallback=true]" at line 858
[build]             instantiation of "ggml_cuda_mmq_load_tiles_t ggml_cuda_mmq_get_load_tiles<type,J,fallback>() [with type=GGML_TYPE_Q6_K, J=96, fallback=true]" at line 885
[build]             instantiation of "void mul_mat_q_process_tile<type,J,fallback,fixup>(const char *, int, const int *, const int *, float *, float *, const float *, int, int, int, int, int, int, int) [with type=GGML_TYPE_Q6_K, J=96, fallback=true, fixup=false]" at line 1058
[build]             instantiation of "void mul_mat_q<type,J,fallback>(const char *, const int *, const int32_t *, const int32_t *, float *, float *, const float *, uint3, int, int, int, int, int, uint3, uint3, int, int, int, uint3, uint3, int, int, int, uint3) [with type=GGML_TYPE_Q6_K, J=96, fallback=true]" at line 1408
[build]             instantiation of "void launch_mul_mat_q<type,J,fallback>(ggml_backend_cuda_context &, const mmq_args &, cudaStream_t) [with type=GGML_TYPE_Q6_K, J=96, fallback=false]" at line 1537
[build]             instantiation of "void mul_mat_q_switch_J<type,fallback>(ggml_backend_cuda_context &, const mmq_args &, cudaStream_t) [with type=GGML_TYPE_Q6_K, fallback=false]" at line 1562
[build]             instantiation of "void mul_mat_q_case<type>(ggml_backend_cuda_context &, const mmq_args &, cudaStream_t) [with type=GGML_TYPE_Q6_K]" at line 5 of C:\Users\pperv\code\unnamed_rpg\vendor\ggml\src\ggml-cuda\template-instances\mmq-instance-q6_k.cu
[build] 
[build] C:\Users\pperv\code\unnamed_rpg\vendor\ggml\src\ggml-cuda\mmq-vec-dot.cuh(207): warning #177-D: variable "I" was declared but never referenced
[build]       constexpr int I             = ggml_cuda_mmq_get_I(type, J, fallback);
[build]                     ^
[build]           detected during:
[build]             instantiation of "void ggml_cuda_mmq_vec_dot_q8_0_q8_1_mma<type,J,fallback,ds_layout>(const int *, const int *, float *, int) [with type=GGML_TYPE_Q6_K, J=96, fallback=true, ds_layout=MMQ_Q8_1_DS_LAYOUT_DS4]" at line 728 of C:\Users\pperv\code\unnamed_rpg\vendor\ggml\src\ggml-cuda\template-instances\../mmq.cuh
[build]             instantiation of "ggml_cuda_mmq_util_funcs ggml_cuda_mmq_get_util_funcs<type,J,fallback>() [with type=GGML_TYPE_Q6_K, J=96, fallback=true]" at line 858 of C:\Users\pperv\code\unnamed_rpg\vendor\ggml\src\ggml-cuda\template-instances\../mmq.cuh
[build]             instantiation of "ggml_cuda_mmq_load_tiles_t ggml_cuda_mmq_get_load_tiles<type,J,fallback>() [with type=GGML_TYPE_Q6_K, J=96, fallback=true]" at line 885 of C:\Users\pperv\code\unnamed_rpg\vendor\ggml\src\ggml-cuda\template-instances\../mmq.cuh
[build]             instantiation of "void mul_mat_q_process_tile<type,J,fallback,fixup>(const char *, int, const int *, const int *, float *, float *, const float *, int, int, int, int, int, int, int) [with type=GGML_TYPE_Q6_K, J=96, fallback=true, fixup=false]" at line 1058 of C:\Users\pperv\code\unnamed_rpg\vendor\ggml\src\ggml-cuda\template-instances\../mmq.cuh
[build]             instantiation of "void mul_mat_q<type,J,fallback>(const char *, const int *, const int32_t *, const int32_t *, float *, float *, const float *, uint3, int, int, int, int, int, uint3, uint3, int, int, int, uint3, uint3, int, int, int, uint3) [with type=GGML_TYPE_Q6_K, J=96, fallback=true]" at line 1408 of C:\Users\pperv\code\unnamed_rpg\vendor\ggml\src\ggml-cuda\template-instances\../mmq.cuh
[build]             instantiation of "void launch_mul_mat_q<type,J,fallback>(ggml_backend_cuda_context &, const mmq_args &, cudaStream_t) [with type=GGML_TYPE_Q6_K, J=96, fallback=false]" at line 1537 of C:\Users\pperv\code\unnamed_rpg\vendor\ggml\src\ggml-cuda\template-instances\../mmq.cuh
[build]             instantiation of "void mul_mat_q_switch_J<type,fallback>(ggml_backend_cuda_context &, const mmq_args &, cudaStream_t) [with type=GGML_TYPE_Q6_K, fallback=false]" at line 1562 of C:\Users\pperv\code\unnamed_rpg\vendor\ggml\src\ggml-cuda\template-instances\../mmq.cuh
[build]             instantiation of "void mul_mat_q_case<type>(ggml_backend_cuda_context &, const mmq_args &, cudaStream_t) [with type=GGML_TYPE_Q6_K]" at line 5 of C:\Users\pperv\code\unnamed_rpg\vendor\ggml\src\ggml-cuda\template-instances\mmq-instance-q6_k.cu
[build] 
[build] C:\Users\pperv\code\unnamed_rpg\vendor\ggml\src\ggml-cuda\mmq-vec-dot.cuh(374): warning #177-D: variable "I" was declared but never referenced
[build]       constexpr int I             = ggml_cuda_mmq_get_I(type, J, fallback);
[build]                     ^
[build]           detected during:
[build]             instantiation of "void ggml_cuda_mmq_vec_dot_q8_1_q8_1_mma<type,J,fallback>(const int *, const int *, float *, int) [with type=GGML_TYPE_Q6_K, J=96, fallback=true]" at line 734 of C:\Users\pperv\code\unnamed_rpg\vendor\ggml\src\ggml-cuda\template-instances\../mmq.cuh
[build]             instantiation of "ggml_cuda_mmq_util_funcs ggml_cuda_mmq_get_util_funcs<type,J,fallback>() [with type=GGML_TYPE_Q6_K, J=96, fallback=true]" at line 858 of C:\Users\pperv\code\unnamed_rpg\vendor\ggml\src\ggml-cuda\template-instances\../mmq.cuh
[build]             instantiation of "ggml_cuda_mmq_load_tiles_t ggml_cuda_mmq_get_load_tiles<type,J,fallback>() [with type=GGML_TYPE_Q6_K, J=96, fallback=true]" at line 885 of C:\Users\pperv\code\unnamed_rpg\vendor\ggml\src\ggml-cuda\template-instances\../mmq.cuh
[build]             instantiation of "void mul_mat_q_process_tile<type,J,fallback,fixup>(const char *, int, const int *, const int *, float *, float *, const float *, int, int, int, int, int, int, int) [with type=GGML_TYPE_Q6_K, J=96, fallback=true, fixup=false]" at line 1058 of C:\Users\pperv\code\unnamed_rpg\vendor\ggml\src\ggml-cuda\template-instances\../mmq.cuh
[build]             instantiation of "void mul_mat_q<type,J,fallback>(const char *, const int *, const int32_t *, const int32_t *, float *, float *, const float *, uint3, int, int, int, int, int, uint3, uint3, int, int, int, uint3, uint3, int, int, int, uint3) [with type=GGML_TYPE_Q6_K, J=96, fallback=true]" at line 1408 of C:\Users\pperv\code\unnamed_rpg\vendor\ggml\src\ggml-cuda\template-instances\../mmq.cuh
[build]             instantiation of "void launch_mul_mat_q<type,J,fallback>(ggml_backend_cuda_context &, const mmq_args &, cudaStream_t) [with type=GGML_TYPE_Q6_K, J=96, fallback=false]" at line 1537 of C:\Users\pperv\code\unnamed_rpg\vendor\ggml\src\ggml-cuda\template-instances\../mmq.cuh
[build]             instantiation of "void mul_mat_q_switch_J<type,fallback>(ggml_backend_cuda_context &, const mmq_args &, cudaStream_t) [with type=GGML_TYPE_Q6_K, fallback=false]" at line 1562 of C:\Users\pperv\code\unnamed_rpg\vendor\ggml\src\ggml-cuda\template-instances\../mmq.cuh
[build]             instantiation of "void mul_mat_q_case<type>(ggml_backend_cuda_context &, const mmq_args &, cudaStream_t) [with type=GGML_TYPE_Q6_K]" at line 5 of C:\Users\pperv\code\unnamed_rpg\vendor\ggml\src\ggml-cuda\template-instances\mmq-instance-q6_k.cu
[build] 
[build] C:\Users\pperv\code\unnamed_rpg\vendor\ggml\src\ggml-cuda\mmq-vec-dot.cuh(759): warning #177-D: variable "I" was declared but never referenced
[build]       constexpr int I             = ggml_cuda_mmq_get_I(type, J, fallback);
[build]                     ^
[build]           detected during:
[build]             instantiation of "void ggml_cuda_mmq_vec_dot_q2_K_q8_1_mma<type,J,fallback>(const int *, const int *, float *, int) [with type=GGML_TYPE_Q6_K, J=96, fallback=true]" at line 759 of C:\Users\pperv\code\unnamed_rpg\vendor\ggml\src\ggml-cuda\template-instances\../mmq.cuh
[build]             instantiation of "ggml_cuda_mmq_util_funcs ggml_cuda_mmq_get_util_funcs<type,J,fallback>() [with type=GGML_TYPE_Q6_K, J=96, fallback=true]" at line 858 of C:\Users\pperv\code\unnamed_rpg\vendor\ggml\src\ggml-cuda\template-instances\../mmq.cuh
[build]             instantiation of "ggml_cuda_mmq_load_tiles_t ggml_cuda_mmq_get_load_tiles<type,J,fallback>() [with type=GGML_TYPE_Q6_K, J=96, fallback=true]" at line 885 of C:\Users\pperv\code\unnamed_rpg\vendor\ggml\src\ggml-cuda\template-instances\../mmq.cuh
[build]             instantiation of "void mul_mat_q_process_tile<type,J,fallback,fixup>(const char *, int, const int *, const int *, float *, float *, const float *, int, int, int, int, int, int, int) [with type=GGML_TYPE_Q6_K, J=96, fallback=true, fixup=false]" at line 1058 of C:\Users\pperv\code\unnamed_rpg\vendor\ggml\src\ggml-cuda\template-instances\../mmq.cuh
[build]             instantiation of "void mul_mat_q<type,J,fallback>(const char *, const int *, const int32_t *, const int32_t *, float *, float *, const float *, uint3, int, int, int, int, int, uint3, uint3, int, int, int, uint3, uint3, int, int, int, uint3) [with type=GGML_TYPE_Q6_K, J=96, fallback=true]" at line 1408 of C:\Users\pperv\code\unnamed_rpg\vendor\ggml\src\ggml-cuda\template-instances\../mmq.cuh
[build]             instantiation of "void launch_mul_mat_q<type,J,fallback>(ggml_backend_cuda_context &, const mmq_args &, cudaStream_t) [with type=GGML_TYPE_Q6_K, J=96, fallback=false]" at line 1537 of C:\Users\pperv\code\unnamed_rpg\vendor\ggml\src\ggml-cuda\template-instances\../mmq.cuh
[build]             instantiation of "void mul_mat_q_switch_J<type,fallback>(ggml_backend_cuda_context &, const mmq_args &, cudaStream_t) [with type=GGML_TYPE_Q6_K, fallback=false]" at line 1562 of C:\Users\pperv\code\unnamed_rpg\vendor\ggml\src\ggml-cuda\template-instances\../mmq.cuh
[build]             instantiation of "void mul_mat_q_case<type>(ggml_backend_cuda_context &, const mmq_args &, cudaStream_t) [with type=GGML_TYPE_Q6_K]" at line 5 of C:\Users\pperv\code\unnamed_rpg\vendor\ggml\src\ggml-cuda\template-instances\mmq-instance-q6_k.cu
[build] 
[build] C:\Users\pperv\code\unnamed_rpg\vendor\ggml\src\ggml-cuda\mmq-vec-dot.cuh(540): warning #177-D: variable "I" was declared but never referenced
[build]       constexpr int I             = ggml_cuda_mmq_get_I(type, J, fallback);
[build]                     ^
[build]           detected during:
[build]             instantiation of "void ggml_cuda_mmq_vec_dot_q8_0_16_q8_1_mma<type,J,fallback>(const int *, const int *, float *, int) [with type=GGML_TYPE_Q6_K, J=96, fallback=true]" at line 765 of C:\Users\pperv\code\unnamed_rpg\vendor\ggml\src\ggml-cuda\template-instances\../mmq.cuh
[build]             instantiation of "ggml_cuda_mmq_util_funcs ggml_cuda_mmq_get_util_funcs<type,J,fallback>() [with type=GGML_TYPE_Q6_K, J=96, fallback=true]" at line 858 of C:\Users\pperv\code\unnamed_rpg\vendor\ggml\src\ggml-cuda\template-instances\../mmq.cuh
[build]             instantiation of "ggml_cuda_mmq_load_tiles_t ggml_cuda_mmq_get_load_tiles<type,J,fallback>() [with type=GGML_TYPE_Q6_K, J=96, fallback=true]" at line 885 of C:\Users\pperv\code\unnamed_rpg\vendor\ggml\src\ggml-cuda\template-instances\../mmq.cuh
[build]             instantiation of "void mul_mat_q_process_tile<type,J,fallback,fixup>(const char *, int, const int *, const int *, float *, float *, const float *, int, int, int, int, int, int, int) [with type=GGML_TYPE_Q6_K, J=96, fallback=true, fixup=false]" at line 1058 of C:\Users\pperv\code\unnamed_rpg\vendor\ggml\src\ggml-cuda\template-instances\../mmq.cuh
[build]             instantiation of "void mul_mat_q<type,J,fallback>(const char *, const int *, const int32_t *, const int32_t *, float *, float *, const float *, uint3, int, int, int, int, int, uint3, uint3, int, int, int, uint3, uint3, int, int, int, uint3) [with type=GGML_TYPE_Q6_K, J=96, fallback=true]" at line 1408 of C:\Users\pperv\code\unnamed_rpg\vendor\ggml\src\ggml-cuda\template-instances\../mmq.cuh
[build]             instantiation of "void launch_mul_mat_q<type,J,fallback>(ggml_backend_cuda_context &, const mmq_args &, cudaStream_t) [with type=GGML_TYPE_Q6_K, J=96, fallback=false]" at line 1537 of C:\Users\pperv\code\unnamed_rpg\vendor\ggml\src\ggml-cuda\template-instances\../mmq.cuh
[build]             instantiation of "void mul_mat_q_switch_J<type,fallback>(ggml_backend_cuda_context &, const mmq_args &, cudaStream_t) [with type=GGML_TYPE_Q6_K, fallback=false]" at line 1562 of C:\Users\pperv\code\unnamed_rpg\vendor\ggml\src\ggml-cuda\template-instances\../mmq.cuh
[build]             instantiation of "void mul_mat_q_case<type>(ggml_backend_cuda_context &, const mmq_args &, cudaStream_t) [with type=GGML_TYPE_Q6_K]" at line 5 of C:\Users\pperv\code\unnamed_rpg\vendor\ggml\src\ggml-cuda\template-instances\mmq-instance-q6_k.cu
[build] 
[build] C:\Users\pperv\code\unnamed_rpg\vendor\ggml\src\ggml-cuda\mmq-vec-dot.cuh(1078): warning #177-D: variable "I" was declared but never referenced
[build]       constexpr int I             = ggml_cuda_mmq_get_I(type, J, fallback);
[build]                     ^
[build]           detected during:
[build]             instantiation of "void ggml_cuda_mmq_vec_dot_q6_K_q8_1_mma<type,J,fallback>(const int *, const int *, float *, int) [with type=GGML_TYPE_Q6_K, J=96, fallback=true]" at line 783 of C:\Users\pperv\code\unnamed_rpg\vendor\ggml\src\ggml-cuda\template-instances\../mmq.cuh
[build]             instantiation of "ggml_cuda_mmq_util_funcs ggml_cuda_mmq_get_util_funcs<type,J,fallback>() [with type=GGML_TYPE_Q6_K, J=96, fallback=true]" at line 858 of C:\Users\pperv\code\unnamed_rpg\vendor\ggml\src\ggml-cuda\template-instances\../mmq.cuh
[build]             instantiation of "ggml_cuda_mmq_load_tiles_t ggml_cuda_mmq_get_load_tiles<type,J,fallback>() [with type=GGML_TYPE_Q6_K, J=96, fallback=true]" at line 885 of C:\Users\pperv\code\unnamed_rpg\vendor\ggml\src\ggml-cuda\template-instances\../mmq.cuh
[build]             instantiation of "void mul_mat_q_process_tile<type,J,fallback,fixup>(const char *, int, const int *, const int *, float *, float *, const float *, int, int, int, int, int, int, int) [with type=GGML_TYPE_Q6_K, J=96, fallback=true, fixup=false]" at line 1058 of C:\Users\pperv\code\unnamed_rpg\vendor\ggml\src\ggml-cuda\template-instances\../mmq.cuh
[build]             instantiation of "void mul_mat_q<type,J,fallback>(const char *, const int *, const int32_t *, const int32_t *, float *, float *, const float *, uint3, int, int, int, int, int, uint3, uint3, int, int, int, uint3, uint3, int, int, int, uint3) [with type=GGML_TYPE_Q6_K, J=96, fallback=true]" at line 1408 of C:\Users\pperv\code\unnamed_rpg\vendor\ggml\src\ggml-cuda\template-instances\../mmq.cuh
[build]             instantiation of "void launch_mul_mat_q<type,J,fallback>(ggml_backend_cuda_context &, const mmq_args &, cudaStream_t) [with type=GGML_TYPE_Q6_K, J=96, fallback=false]" at line 1537 of C:\Users\pperv\code\unnamed_rpg\vendor\ggml\src\ggml-cuda\template-instances\../mmq.cuh
[build]             instantiation of "void mul_mat_q_switch_J<type,fallback>(ggml_backend_cuda_context &, const mmq_args &, cudaStream_t) [with type=GGML_TYPE_Q6_K, fallback=false]" at line 1562 of C:\Users\pperv\code\unnamed_rpg\vendor\ggml\src\ggml-cuda\template-instances\../mmq.cuh
[build]             instantiation of "void mul_mat_q_case<type>(ggml_backend_cuda_context &, const mmq_args &, cudaStream_t) [with type=GGML_TYPE_Q6_K]" at line 5 of C:\Users\pperv\code\unnamed_rpg\vendor\ggml\src\ggml-cuda\template-instances\mmq-instance-q6_k.cu
[build] 
[build] C:\Users\pperv\code\unnamed_rpg\vendor\ggml\src\ggml-cuda\template-instances\../mmq.cuh(543): warning #177-D: variable "I" was declared but never referenced
[build]       constexpr int I = ggml_cuda_mmq_get_I(type, J, fallback);
[build]                     ^
[build]           detected during:
[build]             instantiation of "ggml_cuda_mmq_util_funcs ggml_cuda_mmq_get_util_funcs<type,J,fallback>() [with type=GGML_TYPE_Q6_K, J=96, fallback=true]" at line 858
[build]             instantiation of "ggml_cuda_mmq_load_tiles_t ggml_cuda_mmq_get_load_tiles<type,J,fallback>() [with type=GGML_TYPE_Q6_K, J=96, fallback=true]" at line 885
[build]             instantiation of "void mul_mat_q_process_tile<type,J,fallback,fixup>(const char *, int, const int *, const int *, float *, float *, const float *, int, int, int, int, int, int, int) [with type=GGML_TYPE_Q6_K, J=96, fallback=true, fixup=false]" at line 1058
[build]             instantiation of "void mul_mat_q<type,J,fallback>(const char *, const int *, const int32_t *, const int32_t *, float *, float *, const float *, uint3, int, int, int, int, int, uint3, uint3, int, int, int, uint3, uint3, int, int, int, uint3) [with type=GGML_TYPE_Q6_K, J=96, fallback=true]" at line 1408
[build]             instantiation of "void launch_mul_mat_q<type,J,fallback>(ggml_backend_cuda_context &, const mmq_args &, cudaStream_t) [with type=GGML_TYPE_Q6_K, J=96, fallback=false]" at line 1537
[build]             instantiation of "void mul_mat_q_switch_J<type,fallback>(ggml_backend_cuda_context &, const mmq_args &, cudaStream_t) [with type=GGML_TYPE_Q6_K, fallback=false]" at line 1562
[build]             instantiation of "void mul_mat_q_case<type>(ggml_backend_cuda_context &, const mmq_args &, cudaStream_t) [with type=GGML_TYPE_Q6_K]" at line 5 of C:\Users\pperv\code\unnamed_rpg\vendor\ggml\src\ggml-cuda\template-instances\mmq-instance-q6_k.cu
[build] 
[build] C:\Users\pperv\code\unnamed_rpg\vendor\ggml\src\ggml-cuda\mmq-vec-dot.cuh(207): warning #177-D: variable "I" was declared but never referenced
[build]       constexpr int I             = ggml_cuda_mmq_get_I(type, J, fallback);
[build]                     ^
[build]           detected during:
[build]             instantiation of "void ggml_cuda_mmq_vec_dot_q8_0_q8_1_mma<type,J,fallback,ds_layout>(const int *, const int *, float *, int) [with type=GGML_TYPE_Q6_K, J=104, fallback=false, ds_layout=MMQ_Q8_1_DS_LAYOUT_D4]" at line 716 of C:\Users\pperv\code\unnamed_rpg\vendor\ggml\src\ggml-cuda\template-instances\../mmq.cuh
[build]             instantiation of "ggml_cuda_mmq_util_funcs ggml_cuda_mmq_get_util_funcs<type,J,fallback>() [with type=GGML_TYPE_Q6_K, J=104, fallback=false]" at line 858 of C:\Users\pperv\code\unnamed_rpg\vendor\ggml\src\ggml-cuda\template-instances\../mmq.cuh
[build]             instantiation of "ggml_cuda_mmq_load_tiles_t ggml_cuda_mmq_get_load_tiles<type,J,fallback>() [with type=GGML_TYPE_Q6_K, J=104, fallback=false]" at line 885 of C:\Users\pperv\code\unnamed_rpg\vendor\ggml\src\ggml-cuda\template-instances\../mmq.cuh
[build]             instantiation of "void mul_mat_q_process_tile<type,J,fallback,fixup>(const char *, int, const int *, const int *, float *, float *, const float *, int, int, int, int, int, int, int) [with type=GGML_TYPE_Q6_K, J=104, fallback=false, fixup=false]" at line 1058 of C:\Users\pperv\code\unnamed_rpg\vendor\ggml\src\ggml-cuda\template-instances\../mmq.cuh
[build]             instantiation of "void mul_mat_q<type,J,fallback>(const char *, const int *, const int32_t *, const int32_t *, float *, float *, const float *, uint3, int, int, int, int, int, uint3, uint3, int, int, int, uint3, uint3, int, int, int, uint3) [with type=GGML_TYPE_Q6_K, J=104, fallback=false]" at line 1407 of C:\Users\pperv\code\unnamed_rpg\vendor\ggml\src\ggml-cuda\template-instances\../mmq.cuh
[build]             instantiation of "void launch_mul_mat_q<type,J,fallback>(ggml_backend_cuda_context &, const mmq_args &, cudaStream_t) [with type=GGML_TYPE_Q6_K, J=104, fallback=false]" at line 1540 of C:\Users\pperv\code\unnamed_rpg\vendor\ggml\src\ggml-cuda\template-instances\../mmq.cuh
[build]             instantiation of "void mul_mat_q_switch_J<type,fallback>(ggml_backend_cuda_context &, const mmq_args &, cudaStream_t) [with type=GGML_TYPE_Q6_K, fallback=false]" at line 1562 of C:\Users\pperv\code\unnamed_rpg\vendor\ggml\src\ggml-cuda\template-instances\../mmq.cuh
[build]             instantiation of "void mul_mat_q_case<type>(ggml_backend_cuda_context &, const mmq_args &, cudaStream_t) [with type=GGML_TYPE_Q6_K]" at line 5 of C:\Users\pperv\code\unnamed_rpg\vendor\ggml\src\ggml-cuda\template-instances\mmq-instance-q6_k.cu
[build] 
[build] C:\Users\pperv\code\unnamed_rpg\vendor\ggml\src\ggml-cuda\template-instances\../mmq.cuh(485): warning #177-D: variable "nwarps" was declared but never referenced
[build]       constexpr int nwarps        = ggml_cuda_mmq_get_nthreads(type, J, fallback) / warp_size;
[build]                     ^
[build]           detected during:
[build]             instantiation of "void ggml_cuda_mmq_write_back_mma<type,J,fallback>(const float *, const int *, float *, const float *, int, int, int) [with type=GGML_TYPE_Q6_K, J=104, fallback=false]" at line 716
[build]             instantiation of "ggml_cuda_mmq_util_funcs ggml_cuda_mmq_get_util_funcs<type,J,fallback>() [with type=GGML_TYPE_Q6_K, J=104, fallback=false]" at line 858
[build]             instantiation of "ggml_cuda_mmq_load_tiles_t ggml_cuda_mmq_get_load_tiles<type,J,fallback>() [with type=GGML_TYPE_Q6_K, J=104, fallback=false]" at line 885
[build]             instantiation of "void mul_mat_q_process_tile<type,J,fallback,fixup>(const char *, int, const int *, const int *, float *, float *, const float *, int, int, int, int, int, int, int) [with type=GGML_TYPE_Q6_K, J=104, fallback=false, fixup=false]" at line 1058
[build]             instantiation of "void mul_mat_q<type,J,fallback>(const char *, const int *, const int32_t *, const int32_t *, float *, float *, const float *, uint3, int, int, int, int, int, uint3, uint3, int, int, int, uint3, uint3, int, int, int, uint3) [with type=GGML_TYPE_Q6_K, J=104, fallback=false]" at line 1407
[build]             instantiation of "void launch_mul_mat_q<type,J,fallback>(ggml_backend_cuda_context &, const mmq_args &, cudaStream_t) [with type=GGML_TYPE_Q6_K, J=104, fallback=false]" at line 1540
[build]             instantiation of "void mul_mat_q_switch_J<type,fallback>(ggml_backend_cuda_context &, const mmq_args &, cudaStream_t) [with type=GGML_TYPE_Q6_K, fallback=false]" at line 1562
[build]             instantiation of "void mul_mat_q_case<type>(ggml_backend_cuda_context &, const mmq_args &, cudaStream_t) [with type=GGML_TYPE_Q6_K]" at line 5 of C:\Users\pperv\code\unnamed_rpg\vendor\ggml\src\ggml-cuda\template-instances\mmq-instance-q6_k.cu
[build] 
[build] C:\Users\pperv\code\unnamed_rpg\vendor\ggml\src\ggml-cuda\template-instances\../mmq.cuh(486): warning #177-D: variable "I" was declared but never referenced
[build]       constexpr int I             = ggml_cuda_mmq_get_I(type, J, fallback);
[build]                     ^
[build]           detected during:
[build]             instantiation of "void ggml_cuda_mmq_write_back_mma<type,J,fallback>(const float *, const int *, float *, const float *, int, int, int) [with type=GGML_TYPE_Q6_K, J=104, fallback=false]" at line 716
[build]             instantiation of "ggml_cuda_mmq_util_funcs ggml_cuda_mmq_get_util_funcs<type,J,fallback>() [with type=GGML_TYPE_Q6_K, J=104, fallback=false]" at line 858
[build]             instantiation of "ggml_cuda_mmq_load_tiles_t ggml_cuda_mmq_get_load_tiles<type,J,fallback>() [with type=GGML_TYPE_Q6_K, J=104, fallback=false]" at line 885
[build]             instantiation of "void mul_mat_q_process_tile<type,J,fallback,fixup>(const char *, int, const int *, const int *, float *, float *, const float *, int, int, int, int, int, int, int) [with type=GGML_TYPE_Q6_K, J=104, fallback=false, fixup=false]" at line 1058
[build]             instantiation of "void mul_mat_q<type,J,fallback>(const char *, const int *, const int32_t *, const int32_t *, float *, float *, const float *, uint3, int, int, int, int, int, uint3, uint3, int, int, int, uint3, uint3, int, int, int, uint3) [with type=GGML_TYPE_Q6_K, J=104, fallback=false]" at line 1407
[build]             instantiation of "void launch_mul_mat_q<type,J,fallback>(ggml_backend_cuda_context &, const mmq_args &, cudaStream_t) [with type=GGML_TYPE_Q6_K, J=104, fallback=false]" at line 1540
[build]             instantiation of "void mul_mat_q_switch_J<type,fallback>(ggml_backend_cuda_context &, const mmq_args &, cudaStream_t) [with type=GGML_TYPE_Q6_K, fallback=false]" at line 1562
[build]             instantiation of "void mul_mat_q_case<type>(ggml_backend_cuda_context &, const mmq_args &, cudaStream_t) [with type=GGML_TYPE_Q6_K]" at line 5 of C:\Users\pperv\code\unnamed_rpg\vendor\ggml\src\ggml-cuda\template-instances\mmq-instance-q6_k.cu
[build] 
[build] C:\Users\pperv\code\unnamed_rpg\vendor\ggml\src\ggml-cuda\mmq-vec-dot.cuh(207): warning #177-D: variable "I" was declared but never referenced
[build]       constexpr int I             = ggml_cuda_mmq_get_I(type, J, fallback);
[build]                     ^
[build]           detected during:
[build]             instantiation of "void ggml_cuda_mmq_vec_dot_q8_0_q8_1_mma<type,J,fallback,ds_layout>(const int *, const int *, float *, int) [with type=GGML_TYPE_Q6_K, J=104, fallback=false, ds_layout=MMQ_Q8_1_DS_LAYOUT_DS4]" at line 728 of C:\Users\pperv\code\unnamed_rpg\vendor\ggml\src\ggml-cuda\template-instances\../mmq.cuh
[build]             instantiation of "ggml_cuda_mmq_util_funcs ggml_cuda_mmq_get_util_funcs<type,J,fallback>() [with type=GGML_TYPE_Q6_K, J=104, fallback=false]" at line 858 of C:\Users\pperv\code\unnamed_rpg\vendor\ggml\src\ggml-cuda\template-instances\../mmq.cuh
[build]             instantiation of "ggml_cuda_mmq_load_tiles_t ggml_cuda_mmq_get_load_tiles<type,J,fallback>() [with type=GGML_TYPE_Q6_K, J=104, fallback=false]" at line 885 of C:\Users\pperv\code\unnamed_rpg\vendor\ggml\src\ggml-cuda\template-instances\../mmq.cuh
[build]             instantiation of "void mul_mat_q_process_tile<type,J,fallback,fixup>(const char *, int, const int *, const int *, float *, float *, const float *, int, int, int, int, int, int, int) [with type=GGML_TYPE_Q6_K, J=104, fallback=false, fixup=false]" at line 1058 of C:\Users\pperv\code\unnamed_rpg\vendor\ggml\src\ggml-cuda\template-instances\../mmq.cuh
[build]             instantiation of "void mul_mat_q<type,J,fallback>(const char *, const int *, const int32_t *, const int32_t *, float *, float *, const float *, uint3, int, int, int, int, int, uint3, uint3, int, int, int, uint3, uint3, int, int, int, uint3) [with type=GGML_TYPE_Q6_K, J=104, fallback=false]" at line 1407 of C:\Users\pperv\code\unnamed_rpg\vendor\ggml\src\ggml-cuda\template-instances\../mmq.cuh
[build]             instantiation of "void launch_mul_mat_q<type,J,fallback>(ggml_backend_cuda_context &, const mmq_args &, cudaStream_t) [with type=GGML_TYPE_Q6_K, J=104, fallback=false]" at line 1540 of C:\Users\pperv\code\unnamed_rpg\vendor\ggml\src\ggml-cuda\template-instances\../mmq.cuh
[build]             instantiation of "void mul_mat_q_switch_J<type,fallback>(ggml_backend_cuda_context &, const mmq_args &, cudaStream_t) [with type=GGML_TYPE_Q6_K, fallback=false]" at line 1562 of C:\Users\pperv\code\unnamed_rpg\vendor\ggml\src\ggml-cuda\template-instances\../mmq.cuh
[build]             instantiation of "void mul_mat_q_case<type>(ggml_backend_cuda_context &, const mmq_args &, cudaStream_t) [with type=GGML_TYPE_Q6_K]" at line 5 of C:\Users\pperv\code\unnamed_rpg\vendor\ggml\src\ggml-cuda\template-instances\mmq-instance-q6_k.cu
[build] 
[build] C:\Users\pperv\code\unnamed_rpg\vendor\ggml\src\ggml-cuda\mmq-vec-dot.cuh(374): warning #177-D: variable "I" was declared but never referenced
[build]       constexpr int I             = ggml_cuda_mmq_get_I(type, J, fallback);
[build]                     ^
[build]           detected during:
[build]             instantiation of "void ggml_cuda_mmq_vec_dot_q8_1_q8_1_mma<type,J,fallback>(const int *, const int *, float *, int) [with type=GGML_TYPE_Q6_K, J=104, fallback=false]" at line 734 of C:\Users\pperv\code\unnamed_rpg\vendor\ggml\src\ggml-cuda\template-instances\../mmq.cuh
[build]             instantiation of "ggml_cuda_mmq_util_funcs ggml_cuda_mmq_get_util_funcs<type,J,fallback>() [with type=GGML_TYPE_Q6_K, J=104, fallback=false]" at line 858 of C:\Users\pperv\code\unnamed_rpg\vendor\ggml\src\ggml-cuda\template-instances\../mmq.cuh
[build]             instantiation of "ggml_cuda_mmq_load_tiles_t ggml_cuda_mmq_get_load_tiles<type,J,fallback>() [with type=GGML_TYPE_Q6_K, J=104, fallback=false]" at line 885 of C:\Users\pperv\code\unnamed_rpg\vendor\ggml\src\ggml-cuda\template-instances\../mmq.cuh
[build]             instantiation of "void mul_mat_q_process_tile<type,J,fallback,fixup>(const char *, int, const int *, const int *, float *, float *, const float *, int, int, int, int, int, int, int) [with type=GGML_TYPE_Q6_K, J=104, fallback=false, fixup=false]" at line 1058 of C:\Users\pperv\code\unnamed_rpg\vendor\ggml\src\ggml-cuda\template-instances\../mmq.cuh
[build]             instantiation of "void mul_mat_q<type,J,fallback>(const char *, const int *, const int32_t *, const int32_t *, float *, float *, const float *, uint3, int, int, int, int, int, uint3, uint3, int, int, int, uint3, uint3, int, int, int, uint3) [with type=GGML_TYPE_Q6_K, J=104, fallback=false]" at line 1407 of C:\Users\pperv\code\unnamed_rpg\vendor\ggml\src\ggml-cuda\template-instances\../mmq.cuh
[build]             instantiation of "void launch_mul_mat_q<type,J,fallback>(ggml_backend_cuda_context &, const mmq_args &, cudaStream_t) [with type=GGML_TYPE_Q6_K, J=104, fallback=false]" at line 1540 of C:\Users\pperv\code\unnamed_rpg\vendor\ggml\src\ggml-cuda\template-instances\../mmq.cuh
[build]             instantiation of "void mul_mat_q_switch_J<type,fallback>(ggml_backend_cuda_context &, const mmq_args &, cudaStream_t) [with type=GGML_TYPE_Q6_K, fallback=false]" at line 1562 of C:\Users\pperv\code\unnamed_rpg\vendor\ggml\src\ggml-cuda\template-instances\../mmq.cuh
[build]             instantiation of "void mul_mat_q_case<type>(ggml_backend_cuda_context &, const mmq_args &, cudaStream_t) [with type=GGML_TYPE_Q6_K]" at line 5 of C:\Users\pperv\code\unnamed_rpg\vendor\ggml\src\ggml-cuda\template-instances\mmq-instance-q6_k.cu
[build] 
[build] C:\Users\pperv\code\unnamed_rpg\vendor\ggml\src\ggml-cuda\mmq-vec-dot.cuh(759): warning #177-D: variable "I" was declared but never referenced
[build]       constexpr int I             = ggml_cuda_mmq_get_I(type, J, fallback);
[build]                     ^
[build]           detected during:
[build]             instantiation of "void ggml_cuda_mmq_vec_dot_q2_K_q8_1_mma<type,J,fallback>(const int *, const int *, float *, int) [with type=GGML_TYPE_Q6_K, J=104, fallback=false]" at line 759 of C:\Users\pperv\code\unnamed_rpg\vendor\ggml\src\ggml-cuda\template-instances\../mmq.cuh
[build]             instantiation of "ggml_cuda_mmq_util_funcs ggml_cuda_mmq_get_util_funcs<type,J,fallback>() [with type=GGML_TYPE_Q6_K, J=104, fallback=false]" at line 858 of C:\Users\pperv\code\unnamed_rpg\vendor\ggml\src\ggml-cuda\template-instances\../mmq.cuh
[build]             instantiation of "ggml_cuda_mmq_load_tiles_t ggml_cuda_mmq_get_load_tiles<type,J,fallback>() [with type=GGML_TYPE_Q6_K, J=104, fallback=false]" at line 885 of C:\Users\pperv\code\unnamed_rpg\vendor\ggml\src\ggml-cuda\template-instances\../mmq.cuh
[build]             instantiation of "void mul_mat_q_process_tile<type,J,fallback,fixup>(const char *, int, const int *, const int *, float *, float *, const float *, int, int, int, int, int, int, int) [with type=GGML_TYPE_Q6_K, J=104, fallback=false, fixup=false]" at line 1058 of C:\Users\pperv\code\unnamed_rpg\vendor\ggml\src\ggml-cuda\template-instances\../mmq.cuh
[build]             instantiation of "void mul_mat_q<type,J,fallback>(const char *, const int *, const int32_t *, const int32_t *, float *, float *, const float *, uint3, int, int, int, int, int, uint3, uint3, int, int, int, uint3, uint3, int, int, int, uint3) [with type=GGML_TYPE_Q6_K, J=104, fallback=false]" at line 1407 of C:\Users\pperv\code\unnamed_rpg\vendor\ggml\src\ggml-cuda\template-instances\../mmq.cuh
[build]             instantiation of "void launch_mul_mat_q<type,J,fallback>(ggml_backend_cuda_context &, const mmq_args &, cudaStream_t) [with type=GGML_TYPE_Q6_K, J=104, fallback=false]" at line 1540 of C:\Users\pperv\code\unnamed_rpg\vendor\ggml\src\ggml-cuda\template-instances\../mmq.cuh
[build]             instantiation of "void mul_mat_q_switch_J<type,fallback>(ggml_backend_cuda_context &, const mmq_args &, cudaStream_t) [with type=GGML_TYPE_Q6_K, fallback=false]" at line 1562 of C:\Users\pperv\code\unnamed_rpg\vendor\ggml\src\ggml-cuda\template-instances\../mmq.cuh
[build]             instantiation of "void mul_mat_q_case<type>(ggml_backend_cuda_context &, const mmq_args &, cudaStream_t) [with type=GGML_TYPE_Q6_K]" at line 5 of C:\Users\pperv\code\unnamed_rpg\vendor\ggml\src\ggml-cuda\template-instances\mmq-instance-q6_k.cu
[build] 
[build] C:\Users\pperv\code\unnamed_rpg\vendor\ggml\src\ggml-cuda\mmq-vec-dot.cuh(540): warning #177-D: variable "I" was declared but never referenced
[build]       constexpr int I             = ggml_cuda_mmq_get_I(type, J, fallback);
[build]                     ^
[build]           detected during:
[build]             instantiation of "void ggml_cuda_mmq_vec_dot_q8_0_16_q8_1_mma<type,J,fallback>(const int *, const int *, float *, int) [with type=GGML_TYPE_Q6_K, J=104, fallback=false]" at line 765 of C:\Users\pperv\code\unnamed_rpg\vendor\ggml\src\ggml-cuda\template-instances\../mmq.cuh
[build]             instantiation of "ggml_cuda_mmq_util_funcs ggml_cuda_mmq_get_util_funcs<type,J,fallback>() [with type=GGML_TYPE_Q6_K, J=104, fallback=false]" at line 858 of C:\Users\pperv\code\unnamed_rpg\vendor\ggml\src\ggml-cuda\template-instances\../mmq.cuh
[build]             instantiation of "ggml_cuda_mmq_load_tiles_t ggml_cuda_mmq_get_load_tiles<type,J,fallback>() [with type=GGML_TYPE_Q6_K, J=104, fallback=false]" at line 885 of C:\Users\pperv\code\unnamed_rpg\vendor\ggml\src\ggml-cuda\template-instances\../mmq.cuh
[build]             instantiation of "void mul_mat_q_process_tile<type,J,fallback,fixup>(const char *, int, const int *, const int *, float *, float *, const float *, int, int, int, int, int, int, int) [with type=GGML_TYPE_Q6_K, J=104, fallback=false, fixup=false]" at line 1058 of C:\Users\pperv\code\unnamed_rpg\vendor\ggml\src\ggml-cuda\template-instances\../mmq.cuh
[build]             instantiation of "void mul_mat_q<type,J,fallback>(const char *, const int *, const int32_t *, const int32_t *, float *, float *, const float *, uint3, int, int, int, int, int, uint3, uint3, int, int, int, uint3, uint3, int, int, int, uint3) [with type=GGML_TYPE_Q6_K, J=104, fallback=false]" at line 1407 of C:\Users\pperv\code\unnamed_rpg\vendor\ggml\src\ggml-cuda\template-instances\../mmq.cuh
[build]             instantiation of "void launch_mul_mat_q<type,J,fallback>(ggml_backend_cuda_context &, const mmq_args &, cudaStream_t) [with type=GGML_TYPE_Q6_K, J=104, fallback=false]" at line 1540 of C:\Users\pperv\code\unnamed_rpg\vendor\ggml\src\ggml-cuda\template-instances\../mmq.cuh
[build]             instantiation of "void mul_mat_q_switch_J<type,fallback>(ggml_backend_cuda_context &, const mmq_args &, cudaStream_t) [with type=GGML_TYPE_Q6_K, fallback=false]" at line 1562 of C:\Users\pperv\code\unnamed_rpg\vendor\ggml\src\ggml-cuda\template-instances\../mmq.cuh
[build]             instantiation of "void mul_mat_q_case<type>(ggml_backend_cuda_context &, const mmq_args &, cudaStream_t) [with type=GGML_TYPE_Q6_K]" at line 5 of C:\Users\pperv\code\unnamed_rpg\vendor\ggml\src\ggml-cuda\template-instances\mmq-instance-q6_k.cu
[build] 
[build] C:\Users\pperv\code\unnamed_rpg\vendor\ggml\src\ggml-cuda\mmq-vec-dot.cuh(1078): warning #177-D: variable "I" was declared but never referenced
[build]       constexpr int I             = ggml_cuda_mmq_get_I(type, J, fallback);
[build]                     ^
[build]           detected during:
[build]             instantiation of "void ggml_cuda_mmq_vec_dot_q6_K_q8_1_mma<type,J,fallback>(const int *, const int *, float *, int) [with type=GGML_TYPE_Q6_K, J=104, fallback=false]" at line 783 of C:\Users\pperv\code\unnamed_rpg\vendor\ggml\src\ggml-cuda\template-instances\../mmq.cuh
[build]             instantiation of "ggml_cuda_mmq_util_funcs ggml_cuda_mmq_get_util_funcs<type,J,fallback>() [with type=GGML_TYPE_Q6_K, J=104, fallback=false]" at line 858 of C:\Users\pperv\code\unnamed_rpg\vendor\ggml\src\ggml-cuda\template-instances\../mmq.cuh
[build]             instantiation of "ggml_cuda_mmq_load_tiles_t ggml_cuda_mmq_get_load_tiles<type,J,fallback>() [with type=GGML_TYPE_Q6_K, J=104, fallback=false]" at line 885 of C:\Users\pperv\code\unnamed_rpg\vendor\ggml\src\ggml-cuda\template-instances\../mmq.cuh
[build]             instantiation of "void mul_mat_q_process_tile<type,J,fallback,fixup>(const char *, int, const int *, const int *, float *, float *, const float *, int, int, int, int, int, int, int) [with type=GGML_TYPE_Q6_K, J=104, fallback=false, fixup=false]" at line 1058 of C:\Users\pperv\code\unnamed_rpg\vendor\ggml\src\ggml-cuda\template-instances\../mmq.cuh
[build]             instantiation of "void mul_mat_q<type,J,fallback>(const char *, const int *, const int32_t *, const int32_t *, float *, float *, const float *, uint3, int, int, int, int, int, uint3, uint3, int, int, int, uint3, uint3, int, int, int, uint3) [with type=GGML_TYPE_Q6_K, J=104, fallback=false]" at line 1407 of C:\Users\pperv\code\unnamed_rpg\vendor\ggml\src\ggml-cuda\template-instances\../mmq.cuh
[build]             instantiation of "void launch_mul_mat_q<type,J,fallback>(ggml_backend_cuda_context &, const mmq_args &, cudaStream_t) [with type=GGML_TYPE_Q6_K, J=104, fallback=false]" at line 1540 of C:\Users\pperv\code\unnamed_rpg\vendor\ggml\src\ggml-cuda\template-instances\../mmq.cuh
[build]             instantiation of "void mul_mat_q_switch_J<type,fallback>(ggml_backend_cuda_context &, const mmq_args &, cudaStream_t) [with type=GGML_TYPE_Q6_K, fallback=false]" at line 1562 of C:\Users\pperv\code\unnamed_rpg\vendor\ggml\src\ggml-cuda\template-instances\../mmq.cuh
[build]             instantiation of "void mul_mat_q_case<type>(ggml_backend_cuda_context &, const mmq_args &, cudaStream_t) [with type=GGML_TYPE_Q6_K]" at line 5 of C:\Users\pperv\code\unnamed_rpg\vendor\ggml\src\ggml-cuda\template-instances\mmq-instance-q6_k.cu
[build] 
[build] C:\Users\pperv\code\unnamed_rpg\vendor\ggml\src\ggml-cuda\template-instances\../mmq.cuh(543): warning #177-D: variable "I" was declared but never referenced
[build]       constexpr int I = ggml_cuda_mmq_get_I(type, J, fallback);
[build]                     ^
[build]           detected during:
[build]             instantiation of "ggml_cuda_mmq_util_funcs ggml_cuda_mmq_get_util_funcs<type,J,fallback>() [with type=GGML_TYPE_Q6_K, J=104, fallback=false]" at line 858
[build]             instantiation of "ggml_cuda_mmq_load_tiles_t ggml_cuda_mmq_get_load_tiles<type,J,fallback>() [with type=GGML_TYPE_Q6_K, J=104, fallback=false]" at line 885
[build]             instantiation of "void mul_mat_q_process_tile<type,J,fallback,fixup>(const char *, int, const int *, const int *, float *, float *, const float *, int, int, int, int, int, int, int) [with type=GGML_TYPE_Q6_K, J=104, fallback=false, fixup=false]" at line 1058
[build]             instantiation of "void mul_mat_q<type,J,fallback>(const char *, const int *, const int32_t *, const int32_t *, float *, float *, const float *, uint3, int, int, int, int, int, uint3, uint3, int, int, int, uint3, uint3, int, int, int, uint3) [with type=GGML_TYPE_Q6_K, J=104, fallback=false]" at line 1407
[build]             instantiation of "void launch_mul_mat_q<type,J,fallback>(ggml_backend_cuda_context &, const mmq_args &, cudaStream_t) [with type=GGML_TYPE_Q6_K, J=104, fallback=false]" at line 1540
[build]             instantiation of "void mul_mat_q_switch_J<type,fallback>(ggml_backend_cuda_context &, const mmq_args &, cudaStream_t) [with type=GGML_TYPE_Q6_K, fallback=false]" at line 1562
[build]             instantiation of "void mul_mat_q_case<type>(ggml_backend_cuda_context &, const mmq_args &, cudaStream_t) [with type=GGML_TYPE_Q6_K]" at line 5 of C:\Users\pperv\code\unnamed_rpg\vendor\ggml\src\ggml-cuda\template-instances\mmq-instance-q6_k.cu
[build] 
[build] C:\Users\pperv\code\unnamed_rpg\vendor\ggml\src\ggml-cuda\mmq-vec-dot.cuh(207): warning #177-D: variable "I" was declared but never referenced
[build]       constexpr int I             = ggml_cuda_mmq_get_I(type, J, fallback);
[build]                     ^
[build]           detected during:
[build]             instantiation of "void ggml_cuda_mmq_vec_dot_q8_0_q8_1_mma<type,J,fallback,ds_layout>(const int *, const int *, float *, int) [with type=GGML_TYPE_Q6_K, J=104, fallback=true, ds_layout=MMQ_Q8_1_DS_LAYOUT_D4]" at line 716 of C:\Users\pperv\code\unnamed_rpg\vendor\ggml\src\ggml-cuda\template-instances\../mmq.cuh
[build]             instantiation of "ggml_cuda_mmq_util_funcs ggml_cuda_mmq_get_util_funcs<type,J,fallback>() [with type=GGML_TYPE_Q6_K, J=104, fallback=true]" at line 858 of C:\Users\pperv\code\unnamed_rpg\vendor\ggml\src\ggml-cuda\template-instances\../mmq.cuh
[build]             instantiation of "ggml_cuda_mmq_load_tiles_t ggml_cuda_mmq_get_load_tiles<type,J,fallback>() [with type=GGML_TYPE_Q6_K, J=104, fallback=true]" at line 885 of C:\Users\pperv\code\unnamed_rpg\vendor\ggml\src\ggml-cuda\template-instances\../mmq.cuh
[build]             instantiation of "void mul_mat_q_process_tile<type,J,fallback,fixup>(const char *, int, const int *, const int *, float *, float *, const float *, int, int, int, int, int, int, int) [with type=GGML_TYPE_Q6_K, J=104, fallback=true, fixup=false]" at line 1058 of C:\Users\pperv\code\unnamed_rpg\vendor\ggml\src\ggml-cuda\template-instances\../mmq.cuh
[build]             instantiation of "void mul_mat_q<type,J,fallback>(const char *, const int *, const int32_t *, const int32_t *, float *, float *, const float *, uint3, int, int, int, int, int, uint3, uint3, int, int, int, uint3, uint3, int, int, int, uint3) [with type=GGML_TYPE_Q6_K, J=104, fallback=true]" at line 1408 of C:\Users\pperv\code\unnamed_rpg\vendor\ggml\src\ggml-cuda\template-instances\../mmq.cuh
[build]             instantiation of "void launch_mul_mat_q<type,J,fallback>(ggml_backend_cuda_context &, const mmq_args &, cudaStream_t) [with type=GGML_TYPE_Q6_K, J=104, fallback=false]" at line 1540 of C:\Users\pperv\code\unnamed_rpg\vendor\ggml\src\ggml-cuda\template-instances\../mmq.cuh
[build]             instantiation of "void mul_mat_q_switch_J<type,fallback>(ggml_backend_cuda_context &, const mmq_args &, cudaStream_t) [with type=GGML_TYPE_Q6_K, fallback=false]" at line 1562 of C:\Users\pperv\code\unnamed_rpg\vendor\ggml\src\ggml-cuda\template-instances\../mmq.cuh
[build]             instantiation of "void mul_mat_q_case<type>(ggml_backend_cuda_context &, const mmq_args &, cudaStream_t) [with type=GGML_TYPE_Q6_K]" at line 5 of C:\Users\pperv\code\unnamed_rpg\vendor\ggml\src\ggml-cuda\template-instances\mmq-instance-q6_k.cu
[build] 
[build] C:\Users\pperv\code\unnamed_rpg\vendor\ggml\src\ggml-cuda\template-instances\../mmq.cuh(485): warning #177-D: variable "nwarps" was declared but never referenced
[build]       constexpr int nwarps        = ggml_cuda_mmq_get_nthreads(type, J, fallback) / warp_size;
[build]                     ^
[build]           detected during:
[build]             instantiation of "void ggml_cuda_mmq_write_back_mma<type,J,fallback>(const float *, const int *, float *, const float *, int, int, int) [with type=GGML_TYPE_Q6_K, J=104, fallback=true]" at line 716
[build]             instantiation of "ggml_cuda_mmq_util_funcs ggml_cuda_mmq_get_util_funcs<type,J,fallback>() [with type=GGML_TYPE_Q6_K, J=104, fallback=true]" at line 858
[build]             instantiation of "ggml_cuda_mmq_load_tiles_t ggml_cuda_mmq_get_load_tiles<type,J,fallback>() [with type=GGML_TYPE_Q6_K, J=104, fallback=true]" at line 885
[build]             instantiation of "void mul_mat_q_process_tile<type,J,fallback,fixup>(const char *, int, const int *, const int *, float *, float *, const float *, int, int, int, int, int, int, int) [with type=GGML_TYPE_Q6_K, J=104, fallback=true, fixup=false]" at line 1058
[build]             instantiation of "void mul_mat_q<type,J,fallback>(const char *, const int *, const int32_t *, const int32_t *, float *, float *, const float *, uint3, int, int, int, int, int, uint3, uint3, int, int, int, uint3, uint3, int, int, int, uint3) [with type=GGML_TYPE_Q6_K, J=104, fallback=true]" at line 1408
[build]             instantiation of "void launch_mul_mat_q<type,J,fallback>(ggml_backend_cuda_context &, const mmq_args &, cudaStream_t) [with type=GGML_TYPE_Q6_K, J=104, fallback=false]" at line 1540
[build]             instantiation of "void mul_mat_q_switch_J<type,fallback>(ggml_backend_cuda_context &, const mmq_args &, cudaStream_t) [with type=GGML_TYPE_Q6_K, fallback=false]" at line 1562
[build]             instantiation of "void mul_mat_q_case<type>(ggml_backend_cuda_context &, const mmq_args &, cudaStream_t) [with type=GGML_TYPE_Q6_K]" at line 5 of C:\Users\pperv\code\unnamed_rpg\vendor\ggml\src\ggml-cuda\template-instances\mmq-instance-q6_k.cu
[build] 
[build] C:\Users\pperv\code\unnamed_rpg\vendor\ggml\src\ggml-cuda\template-instances\../mmq.cuh(486): warning #177-D: variable "I" was declared but never referenced
[build]       constexpr int I             = ggml_cuda_mmq_get_I(type, J, fallback);
[build]                     ^
[build]           detected during:
[build]             instantiation of "void ggml_cuda_mmq_write_back_mma<type,J,fallback>(const float *, const int *, float *, const float *, int, int, int) [with type=GGML_TYPE_Q6_K, J=104, fallback=true]" at line 716
[build]             instantiation of "ggml_cuda_mmq_util_funcs ggml_cuda_mmq_get_util_funcs<type,J,fallback>() [with type=GGML_TYPE_Q6_K, J=104, fallback=true]" at line 858
[build]             instantiation of "ggml_cuda_mmq_load_tiles_t ggml_cuda_mmq_get_load_tiles<type,J,fallback>() [with type=GGML_TYPE_Q6_K, J=104, fallback=true]" at line 885
[build]             instantiation of "void mul_mat_q_process_tile<type,J,fallback,fixup>(const char *, int, const int *, const int *, float *, float *, const float *, int, int, int, int, int, int, int) [with type=GGML_TYPE_Q6_K, J=104, fallback=true, fixup=false]" at line 1058
[build]             instantiation of "void mul_mat_q<type,J,fallback>(const char *, const int *, const int32_t *, const int32_t *, float *, float *, const float *, uint3, int, int, int, int, int, uint3, uint3, int, int, int, uint3, uint3, int, int, int, uint3) [with type=GGML_TYPE_Q6_K, J=104, fallback=true]" at line 1408
[build]             instantiation of "void launch_mul_mat_q<type,J,fallback>(ggml_backend_cuda_context &, const mmq_args &, cudaStream_t) [with type=GGML_TYPE_Q6_K, J=104, fallback=false]" at line 1540
[build]             instantiation of "void mul_mat_q_switch_J<type,fallback>(ggml_backend_cuda_context &, const mmq_args &, cudaStream_t) [with type=GGML_TYPE_Q6_K, fallback=false]" at line 1562
[build]             instantiation of "void mul_mat_q_case<type>(ggml_backend_cuda_context &, const mmq_args &, cudaStream_t) [with type=GGML_TYPE_Q6_K]" at line 5 of C:\Users\pperv\code\unnamed_rpg\vendor\ggml\src\ggml-cuda\template-instances\mmq-instance-q6_k.cu
[build] 
[build] C:\Users\pperv\code\unnamed_rpg\vendor\ggml\src\ggml-cuda\mmq-vec-dot.cuh(207): warning #177-D: variable "I" was declared but never referenced
[build]       constexpr int I             = ggml_cuda_mmq_get_I(type, J, fallback);
[build]                     ^
[build]           detected during:
[build]             instantiation of "void ggml_cuda_mmq_vec_dot_q8_0_q8_1_mma<type,J,fallback,ds_layout>(const int *, const int *, float *, int) [with type=GGML_TYPE_Q6_K, J=104, fallback=true, ds_layout=MMQ_Q8_1_DS_LAYOUT_DS4]" at line 728 of C:\Users\pperv\code\unnamed_rpg\vendor\ggml\src\ggml-cuda\template-instances\../mmq.cuh
[build]             instantiation of "ggml_cuda_mmq_util_funcs ggml_cuda_mmq_get_util_funcs<type,J,fallback>() [with type=GGML_TYPE_Q6_K, J=104, fallback=true]" at line 858 of C:\Users\pperv\code\unnamed_rpg\vendor\ggml\src\ggml-cuda\template-instances\../mmq.cuh
[build]             instantiation of "ggml_cuda_mmq_load_tiles_t ggml_cuda_mmq_get_load_tiles<type,J,fallback>() [with type=GGML_TYPE_Q6_K, J=104, fallback=true]" at line 885 of C:\Users\pperv\code\unnamed_rpg\vendor\ggml\src\ggml-cuda\template-instances\../mmq.cuh
[build]             instantiation of "void mul_mat_q_process_tile<type,J,fallback,fixup>(const char *, int, const int *, const int *, float *, float *, const float *, int, int, int, int, int, int, int) [with type=GGML_TYPE_Q6_K, J=104, fallback=true, fixup=false]" at line 1058 of C:\Users\pperv\code\unnamed_rpg\vendor\ggml\src\ggml-cuda\template-instances\../mmq.cuh
[build]             instantiation of "void mul_mat_q<type,J,fallback>(const char *, const int *, const int32_t *, const int32_t *, float *, float *, const float *, uint3, int, int, int, int, int, uint3, uint3, int, int, int, uint3, uint3, int, int, int, uint3) [with type=GGML_TYPE_Q6_K, J=104, fallback=true]" at line 1408 of C:\Users\pperv\code\unnamed_rpg\vendor\ggml\src\ggml-cuda\template-instances\../mmq.cuh
[build]             instantiation of "void launch_mul_mat_q<type,J,fallback>(ggml_backend_cuda_context &, const mmq_args &, cudaStream_t) [with type=GGML_TYPE_Q6_K, J=104, fallback=false]" at line 1540 of C:\Users\pperv\code\unnamed_rpg\vendor\ggml\src\ggml-cuda\template-instances\../mmq.cuh
[build]             instantiation of "void mul_mat_q_switch_J<type,fallback>(ggml_backend_cuda_context &, const mmq_args &, cudaStream_t) [with type=GGML_TYPE_Q6_K, fallback=false]" at line 1562 of C:\Users\pperv\code\unnamed_rpg\vendor\ggml\src\ggml-cuda\template-instances\../mmq.cuh
[build]             instantiation of "void mul_mat_q_case<type>(ggml_backend_cuda_context &, const mmq_args &, cudaStream_t) [with type=GGML_TYPE_Q6_K]" at line 5 of C:\Users\pperv\code\unnamed_rpg\vendor\ggml\src\ggml-cuda\template-instances\mmq-instance-q6_k.cu
[build] 
[build] C:\Users\pperv\code\unnamed_rpg\vendor\ggml\src\ggml-cuda\mmq-vec-dot.cuh(374): warning #177-D: variable "I" was declared but never referenced
[build]       constexpr int I             = ggml_cuda_mmq_get_I(type, J, fallback);
[build]                     ^
[build]           detected during:
[build]             instantiation of "void ggml_cuda_mmq_vec_dot_q8_1_q8_1_mma<type,J,fallback>(const int *, const int *, float *, int) [with type=GGML_TYPE_Q6_K, J=104, fallback=true]" at line 734 of C:\Users\pperv\code\unnamed_rpg\vendor\ggml\src\ggml-cuda\template-instances\../mmq.cuh
[build]             instantiation of "ggml_cuda_mmq_util_funcs ggml_cuda_mmq_get_util_funcs<type,J,fallback>() [with type=GGML_TYPE_Q6_K, J=104, fallback=true]" at line 858 of C:\Users\pperv\code\unnamed_rpg\vendor\ggml\src\ggml-cuda\template-instances\../mmq.cuh
[build]             instantiation of "ggml_cuda_mmq_load_tiles_t ggml_cuda_mmq_get_load_tiles<type,J,fallback>() [with type=GGML_TYPE_Q6_K, J=104, fallback=true]" at line 885 of C:\Users\pperv\code\unnamed_rpg\vendor\ggml\src\ggml-cuda\template-instances\../mmq.cuh
[build]             instantiation of "void mul_mat_q_process_tile<type,J,fallback,fixup>(const char *, int, const int *, const int *, float *, float *, const float *, int, int, int, int, int, int, int) [with type=GGML_TYPE_Q6_K, J=104, fallback=true, fixup=false]" at line 1058 of C:\Users\pperv\code\unnamed_rpg\vendor\ggml\src\ggml-cuda\template-instances\../mmq.cuh
[build]             instantiation of "void mul_mat_q<type,J,fallback>(const char *, const int *, const int32_t *, const int32_t *, float *, float *, const float *, uint3, int, int, int, int, int, uint3, uint3, int, int, int, uint3, uint3, int, int, int, uint3) [with type=GGML_TYPE_Q6_K, J=104, fallback=true]" at line 1408 of C:\Users\pperv\code\unnamed_rpg\vendor\ggml\src\ggml-cuda\template-instances\../mmq.cuh
[build]             instantiation of "void launch_mul_mat_q<type,J,fallback>(ggml_backend_cuda_context &, const mmq_args &, cudaStream_t) [with type=GGML_TYPE_Q6_K, J=104, fallback=false]" at line 1540 of C:\Users\pperv\code\unnamed_rpg\vendor\ggml\src\ggml-cuda\template-instances\../mmq.cuh
[build]             instantiation of "void mul_mat_q_switch_J<type,fallback>(ggml_backend_cuda_context &, const mmq_args &, cudaStream_t) [with type=GGML_TYPE_Q6_K, fallback=false]" at line 1562 of C:\Users\pperv\code\unnamed_rpg\vendor\ggml\src\ggml-cuda\template-instances\../mmq.cuh
[build]             instantiation of "void mul_mat_q_case<type>(ggml_backend_cuda_context &, const mmq_args &, cudaStream_t) [with type=GGML_TYPE_Q6_K]" at line 5 of C:\Users\pperv\code\unnamed_rpg\vendor\ggml\src\ggml-cuda\template-instances\mmq-instance-q6_k.cu
[build] 
[build] C:\Users\pperv\code\unnamed_rpg\vendor\ggml\src\ggml-cuda\mmq-vec-dot.cuh(759): warning #177-D: variable "I" was declared but never referenced
[build]       constexpr int I             = ggml_cuda_mmq_get_I(type, J, fallback);
[build]                     ^
[build]           detected during:
[build]             instantiation of "void ggml_cuda_mmq_vec_dot_q2_K_q8_1_mma<type,J,fallback>(const int *, const int *, float *, int) [with type=GGML_TYPE_Q6_K, J=104, fallback=true]" at line 759 of C:\Users\pperv\code\unnamed_rpg\vendor\ggml\src\ggml-cuda\template-instances\../mmq.cuh
[build]             instantiation of "ggml_cuda_mmq_util_funcs ggml_cuda_mmq_get_util_funcs<type,J,fallback>() [with type=GGML_TYPE_Q6_K, J=104, fallback=true]" at line 858 of C:\Users\pperv\code\unnamed_rpg\vendor\ggml\src\ggml-cuda\template-instances\../mmq.cuh
[build]             instantiation of "ggml_cuda_mmq_load_tiles_t ggml_cuda_mmq_get_load_tiles<type,J,fallback>() [with type=GGML_TYPE_Q6_K, J=104, fallback=true]" at line 885 of C:\Users\pperv\code\unnamed_rpg\vendor\ggml\src\ggml-cuda\template-instances\../mmq.cuh
[build]             instantiation of "void mul_mat_q_process_tile<type,J,fallback,fixup>(const char *, int, const int *, const int *, float *, float *, const float *, int, int, int, int, int, int, int) [with type=GGML_TYPE_Q6_K, J=104, fallback=true, fixup=false]" at line 1058 of C:\Users\pperv\code\unnamed_rpg\vendor\ggml\src\ggml-cuda\template-instances\../mmq.cuh
[build]             instantiation of "void mul_mat_q<type,J,fallback>(const char *, const int *, const int32_t *, const int32_t *, float *, float *, const float *, uint3, int, int, int, int, int, uint3, uint3, int, int, int, uint3, uint3, int, int, int, uint3) [with type=GGML_TYPE_Q6_K, J=104, fallback=true]" at line 1408 of C:\Users\pperv\code\unnamed_rpg\vendor\ggml\src\ggml-cuda\template-instances\../mmq.cuh
[build]             instantiation of "void launch_mul_mat_q<type,J,fallback>(ggml_backend_cuda_context &, const mmq_args &, cudaStream_t) [with type=GGML_TYPE_Q6_K, J=104, fallback=false]" at line 1540 of C:\Users\pperv\code\unnamed_rpg\vendor\ggml\src\ggml-cuda\template-instances\../mmq.cuh
[build]             instantiation of "void mul_mat_q_switch_J<type,fallback>(ggml_backend_cuda_context &, const mmq_args &, cudaStream_t) [with type=GGML_TYPE_Q6_K, fallback=false]" at line 1562 of C:\Users\pperv\code\unnamed_rpg\vendor\ggml\src\ggml-cuda\template-instances\../mmq.cuh
[build]             instantiation of "void mul_mat_q_case<type>(ggml_backend_cuda_context &, const mmq_args &, cudaStream_t) [with type=GGML_TYPE_Q6_K]" at line 5 of C:\Users\pperv\code\unnamed_rpg\vendor\ggml\src\ggml-cuda\template-instances\mmq-instance-q6_k.cu
[build] 
[build] C:\Users\pperv\code\unnamed_rpg\vendor\ggml\src\ggml-cuda\mmq-vec-dot.cuh(540): warning #177-D: variable "I" was declared but never referenced
[build]       constexpr int I             = ggml_cuda_mmq_get_I(type, J, fallback);
[build]                     ^
[build]           detected during:
[build]             instantiation of "void ggml_cuda_mmq_vec_dot_q8_0_16_q8_1_mma<type,J,fallback>(const int *, const int *, float *, int) [with type=GGML_TYPE_Q6_K, J=104, fallback=true]" at line 765 of C:\Users\pperv\code\unnamed_rpg\vendor\ggml\src\ggml-cuda\template-instances\../mmq.cuh
[build]             instantiation of "ggml_cuda_mmq_util_funcs ggml_cuda_mmq_get_util_funcs<type,J,fallback>() [with type=GGML_TYPE_Q6_K, J=104, fallback=true]" at line 858 of C:\Users\pperv\code\unnamed_rpg\vendor\ggml\src\ggml-cuda\template-instances\../mmq.cuh
[build]             instantiation of "ggml_cuda_mmq_load_tiles_t ggml_cuda_mmq_get_load_tiles<type,J,fallback>() [with type=GGML_TYPE_Q6_K, J=104, fallback=true]" at line 885 of C:\Users\pperv\code\unnamed_rpg\vendor\ggml\src\ggml-cuda\template-instances\../mmq.cuh
[build]             instantiation of "void mul_mat_q_process_tile<type,J,fallback,fixup>(const char *, int, const int *, const int *, float *, float *, const float *, int, int, int, int, int, int, int) [with type=GGML_TYPE_Q6_K, J=104, fallback=true, fixup=false]" at line 1058 of C:\Users\pperv\code\unnamed_rpg\vendor\ggml\src\ggml-cuda\template-instances\../mmq.cuh
[build]             instantiation of "void mul_mat_q<type,J,fallback>(const char *, const int *, const int32_t *, const int32_t *, float *, float *, const float *, uint3, int, int, int, int, int, uint3, uint3, int, int, int, uint3, uint3, int, int, int, uint3) [with type=GGML_TYPE_Q6_K, J=104, fallback=true]" at line 1408 of C:\Users\pperv\code\unnamed_rpg\vendor\ggml\src\ggml-cuda\template-instances\../mmq.cuh
[build]             instantiation of "void launch_mul_mat_q<type,J,fallback>(ggml_backend_cuda_context &, const mmq_args &, cudaStream_t) [with type=GGML_TYPE_Q6_K, J=104, fallback=false]" at line 1540 of C:\Users\pperv\code\unnamed_rpg\vendor\ggml\src\ggml-cuda\template-instances\../mmq.cuh
[build]             instantiation of "void mul_mat_q_switch_J<type,fallback>(ggml_backend_cuda_context &, const mmq_args &, cudaStream_t) [with type=GGML_TYPE_Q6_K, fallback=false]" at line 1562 of C:\Users\pperv\code\unnamed_rpg\vendor\ggml\src\ggml-cuda\template-instances\../mmq.cuh
[build]             instantiation of "void mul_mat_q_case<type>(ggml_backend_cuda_context &, const mmq_args &, cudaStream_t) [with type=GGML_TYPE_Q6_K]" at line 5 of C:\Users\pperv\code\unnamed_rpg\vendor\ggml\src\ggml-cuda\template-instances\mmq-instance-q6_k.cu
[build] 
[build] C:\Users\pperv\code\unnamed_rpg\vendor\ggml\src\ggml-cuda\mmq-vec-dot.cuh(1078): warning #177-D: variable "I" was declared but never referenced
[build]       constexpr int I             = ggml_cuda_mmq_get_I(type, J, fallback);
[build]                     ^
[build]           detected during:
[build]             instantiation of "void ggml_cuda_mmq_vec_dot_q6_K_q8_1_mma<type,J,fallback>(const int *, const int *, float *, int) [with type=GGML_TYPE_Q6_K, J=104, fallback=true]" at line 783 of C:\Users\pperv\code\unnamed_rpg\vendor\ggml\src\ggml-cuda\template-instances\../mmq.cuh
[build]             instantiation of "ggml_cuda_mmq_util_funcs ggml_cuda_mmq_get_util_funcs<type,J,fallback>() [with type=GGML_TYPE_Q6_K, J=104, fallback=true]" at line 858 of C:\Users\pperv\code\unnamed_rpg\vendor\ggml\src\ggml-cuda\template-instances\../mmq.cuh
[build]             instantiation of "ggml_cuda_mmq_load_tiles_t ggml_cuda_mmq_get_load_tiles<type,J,fallback>() [with type=GGML_TYPE_Q6_K, J=104, fallback=true]" at line 885 of C:\Users\pperv\code\unnamed_rpg\vendor\ggml\src\ggml-cuda\template-instances\../mmq.cuh
[build]             instantiation of "void mul_mat_q_process_tile<type,J,fallback,fixup>(const char *, int, const int *, const int *, float *, float *, const float *, int, int, int, int, int, int, int) [with type=GGML_TYPE_Q6_K, J=104, fallback=true, fixup=false]" at line 1058 of C:\Users\pperv\code\unnamed_rpg\vendor\ggml\src\ggml-cuda\template-instances\../mmq.cuh
[build]             instantiation of "void mul_mat_q<type,J,fallback>(const char *, const int *, const int32_t *, const int32_t *, float *, float *, const float *, uint3, int, int, int, int, int, uint3, uint3, int, int, int, uint3, uint3, int, int, int, uint3) [with type=GGML_TYPE_Q6_K, J=104, fallback=true]" at line 1408 of C:\Users\pperv\code\unnamed_rpg\vendor\ggml\src\ggml-cuda\template-instances\../mmq.cuh
[build]             instantiation of "void launch_mul_mat_q<type,J,fallback>(ggml_backend_cuda_context &, const mmq_args &, cudaStream_t) [with type=GGML_TYPE_Q6_K, J=104, fallback=false]" at line 1540 of C:\Users\pperv\code\unnamed_rpg\vendor\ggml\src\ggml-cuda\template-instances\../mmq.cuh
[build]             instantiation of "void mul_mat_q_switch_J<type,fallback>(ggml_backend_cuda_context &, const mmq_args &, cudaStream_t) [with type=GGML_TYPE_Q6_K, fallback=false]" at line 1562 of C:\Users\pperv\code\unnamed_rpg\vendor\ggml\src\ggml-cuda\template-instances\../mmq.cuh
[build]             instantiation of "void mul_mat_q_case<type>(ggml_backend_cuda_context &, const mmq_args &, cudaStream_t) [with type=GGML_TYPE_Q6_K]" at line 5 of C:\Users\pperv\code\unnamed_rpg\vendor\ggml\src\ggml-cuda\template-instances\mmq-instance-q6_k.cu
[build] 
[build] C:\Users\pperv\code\unnamed_rpg\vendor\ggml\src\ggml-cuda\template-instances\../mmq.cuh(543): warning #177-D: variable "I" was declared but never referenced
[build]       constexpr int I = ggml_cuda_mmq_get_I(type, J, fallback);
[build]                     ^
[build]           detected during:
[build]             instantiation of "ggml_cuda_mmq_util_funcs ggml_cuda_mmq_get_util_funcs<type,J,fallback>() [with type=GGML_TYPE_Q6_K, J=104, fallback=true]" at line 858
[build]             instantiation of "ggml_cuda_mmq_load_tiles_t ggml_cuda_mmq_get_load_tiles<type,J,fallback>() [with type=GGML_TYPE_Q6_K, J=104, fallback=true]" at line 885
[build]             instantiation of "void mul_mat_q_process_tile<type,J,fallback,fixup>(const char *, int, const int *, const int *, float *, float *, const float *, int, int, int, int, int, int, int) [with type=GGML_TYPE_Q6_K, J=104, fallback=true, fixup=false]" at line 1058
[build]             instantiation of "void mul_mat_q<type,J,fallback>(const char *, const int *, const int32_t *, const int32_t *, float *, float *, const float *, uint3, int, int, int, int, int, uint3, uint3, int, int, int, uint3, uint3, int, int, int, uint3) [with type=GGML_TYPE_Q6_K, J=104, fallback=true]" at line 1408
[build]             instantiation of "void launch_mul_mat_q<type,J,fallback>(ggml_backend_cuda_context &, const mmq_args &, cudaStream_t) [with type=GGML_TYPE_Q6_K, J=104, fallback=false]" at line 1540
[build]             instantiation of "void mul_mat_q_switch_J<type,fallback>(ggml_backend_cuda_context &, const mmq_args &, cudaStream_t) [with type=GGML_TYPE_Q6_K, fallback=false]" at line 1562
[build]             instantiation of "void mul_mat_q_case<type>(ggml_backend_cuda_context &, const mmq_args &, cudaStream_t) [with type=GGML_TYPE_Q6_K]" at line 5 of C:\Users\pperv\code\unnamed_rpg\vendor\ggml\src\ggml-cuda\template-instances\mmq-instance-q6_k.cu
[build] 
[build] C:\Users\pperv\code\unnamed_rpg\vendor\ggml\src\ggml-cuda\mmq-vec-dot.cuh(207): warning #177-D: variable "I" was declared but never referenced
[build]       constexpr int I             = ggml_cuda_mmq_get_I(type, J, fallback);
[build]                     ^
[build]           detected during:
[build]             instantiation of "void ggml_cuda_mmq_vec_dot_q8_0_q8_1_mma<type,J,fallback,ds_layout>(const int *, const int *, float *, int) [with type=GGML_TYPE_Q6_K, J=112, fallback=false, ds_layout=MMQ_Q8_1_DS_LAYOUT_D4]" at line 716 of C:\Users\pperv\code\unnamed_rpg\vendor\ggml\src\ggml-cuda\template-instances\../mmq.cuh
[build]             instantiation of "ggml_cuda_mmq_util_funcs ggml_cuda_mmq_get_util_funcs<type,J,fallback>() [with type=GGML_TYPE_Q6_K, J=112, fallback=false]" at line 858 of C:\Users\pperv\code\unnamed_rpg\vendor\ggml\src\ggml-cuda\template-instances\../mmq.cuh
[build]             instantiation of "ggml_cuda_mmq_load_tiles_t ggml_cuda_mmq_get_load_tiles<type,J,fallback>() [with type=GGML_TYPE_Q6_K, J=112, fallback=false]" at line 885 of C:\Users\pperv\code\unnamed_rpg\vendor\ggml\src\ggml-cuda\template-instances\../mmq.cuh
[build]             instantiation of "void mul_mat_q_process_tile<type,J,fallback,fixup>(const char *, int, const int *, const int *, float *, float *, const float *, int, int, int, int, int, int, int) [with type=GGML_TYPE_Q6_K, J=112, fallback=false, fixup=false]" at line 1152 of C:\Users\pperv\code\unnamed_rpg\vendor\ggml\src\ggml-cuda\template-instances\../mmq.cuh
[build]             instantiation of "void mul_mat_q<type,J,fallback>(const char *, const int *, const int32_t *, const int32_t *, float *, float *, const float *, uint3, int, int, int, int, int, uint3, uint3, int, int, int, uint3, uint3, int, int, int, uint3) [with type=GGML_TYPE_Q6_K, J=112, fallback=false]" at line 1407 of C:\Users\pperv\code\unnamed_rpg\vendor\ggml\src\ggml-cuda\template-instances\../mmq.cuh
[build]             instantiation of "void launch_mul_mat_q<type,J,fallback>(ggml_backend_cuda_context &, const mmq_args &, cudaStream_t) [with type=GGML_TYPE_Q6_K, J=112, fallback=false]" at line 1543 of C:\Users\pperv\code\unnamed_rpg\vendor\ggml\src\ggml-cuda\template-instances\../mmq.cuh
[build]             instantiation of "void mul_mat_q_switch_J<type,fallback>(ggml_backend_cuda_context &, const mmq_args &, cudaStream_t) [with type=GGML_TYPE_Q6_K, fallback=false]" at line 1562 of C:\Users\pperv\code\unnamed_rpg\vendor\ggml\src\ggml-cuda\template-instances\../mmq.cuh
[build]             instantiation of "void mul_mat_q_case<type>(ggml_backend_cuda_context &, const mmq_args &, cudaStream_t) [with type=GGML_TYPE_Q6_K]" at line 5 of C:\Users\pperv\code\unnamed_rpg\vendor\ggml\src\ggml-cuda\template-instances\mmq-instance-q6_k.cu
[build] 
[build] C:\Users\pperv\code\unnamed_rpg\vendor\ggml\src\ggml-cuda\template-instances\../mmq.cuh(485): warning #177-D: variable "nwarps" was declared but never referenced
[build]       constexpr int nwarps        = ggml_cuda_mmq_get_nthreads(type, J, fallback) / warp_size;
[build]                     ^
[build]           detected during:
[build]             instantiation of "void ggml_cuda_mmq_write_back_mma<type,J,fallback>(const float *, const int *, float *, const float *, int, int, int) [with type=GGML_TYPE_Q6_K, J=112, fallback=false]" at line 716
[build]             instantiation of "ggml_cuda_mmq_util_funcs ggml_cuda_mmq_get_util_funcs<type,J,fallback>() [with type=GGML_TYPE_Q6_K, J=112, fallback=false]" at line 858
[build]             instantiation of "ggml_cuda_mmq_load_tiles_t ggml_cuda_mmq_get_load_tiles<type,J,fallback>() [with type=GGML_TYPE_Q6_K, J=112, fallback=false]" at line 885
[build]             instantiation of "void mul_mat_q_process_tile<type,J,fallback,fixup>(const char *, int, const int *, const int *, float *, float *, const float *, int, int, int, int, int, int, int) [with type=GGML_TYPE_Q6_K, J=112, fallback=false, fixup=false]" at line 1152
[build]             instantiation of "void mul_mat_q<type,J,fallback>(const char *, const int *, const int32_t *, const int32_t *, float *, float *, const float *, uint3, int, int, int, int, int, uint3, uint3, int, int, int, uint3, uint3, int, int, int, uint3) [with type=GGML_TYPE_Q6_K, J=112, fallback=false]" at line 1407
[build]             instantiation of "void launch_mul_mat_q<type,J,fallback>(ggml_backend_cuda_context &, const mmq_args &, cudaStream_t) [with type=GGML_TYPE_Q6_K, J=112, fallback=false]" at line 1543
[build]             instantiation of "void mul_mat_q_switch_J<type,fallback>(ggml_backend_cuda_context &, const mmq_args &, cudaStream_t) [with type=GGML_TYPE_Q6_K, fallback=false]" at line 1562
[build]             instantiation of "void mul_mat_q_case<type>(ggml_backend_cuda_context &, const mmq_args &, cudaStream_t) [with type=GGML_TYPE_Q6_K]" at line 5 of C:\Users\pperv\code\unnamed_rpg\vendor\ggml\src\ggml-cuda\template-instances\mmq-instance-q6_k.cu
[build] 
[build] C:\Users\pperv\code\unnamed_rpg\vendor\ggml\src\ggml-cuda\template-instances\../mmq.cuh(486): warning #177-D: variable "I" was declared but never referenced
[build]       constexpr int I             = ggml_cuda_mmq_get_I(type, J, fallback);
[build]                     ^
[build]           detected during:
[build]             instantiation of "void ggml_cuda_mmq_write_back_mma<type,J,fallback>(const float *, const int *, float *, const float *, int, int, int) [with type=GGML_TYPE_Q6_K, J=112, fallback=false]" at line 716
[build]             instantiation of "ggml_cuda_mmq_util_funcs ggml_cuda_mmq_get_util_funcs<type,J,fallback>() [with type=GGML_TYPE_Q6_K, J=112, fallback=false]" at line 858
[build]             instantiation of "ggml_cuda_mmq_load_tiles_t ggml_cuda_mmq_get_load_tiles<type,J,fallback>() [with type=GGML_TYPE_Q6_K, J=112, fallback=false]" at line 885
[build]             instantiation of "void mul_mat_q_process_tile<type,J,fallback,fixup>(const char *, int, const int *, const int *, float *, float *, const float *, int, int, int, int, int, int, int) [with type=GGML_TYPE_Q6_K, J=112, fallback=false, fixup=false]" at line 1152
[build]             instantiation of "void mul_mat_q<type,J,fallback>(const char *, const int *, const int32_t *, const int32_t *, float *, float *, const float *, uint3, int, int, int, int, int, uint3, uint3, int, int, int, uint3, uint3, int, int, int, uint3) [with type=GGML_TYPE_Q6_K, J=112, fallback=false]" at line 1407
[build]             instantiation of "void launch_mul_mat_q<type,J,fallback>(ggml_backend_cuda_context &, const mmq_args &, cudaStream_t) [with type=GGML_TYPE_Q6_K, J=112, fallback=false]" at line 1543
[build]             instantiation of "void mul_mat_q_switch_J<type,fallback>(ggml_backend_cuda_context &, const mmq_args &, cudaStream_t) [with type=GGML_TYPE_Q6_K, fallback=false]" at line 1562
[build]             instantiation of "void mul_mat_q_case<type>(ggml_backend_cuda_context &, const mmq_args &, cudaStream_t) [with type=GGML_TYPE_Q6_K]" at line 5 of C:\Users\pperv\code\unnamed_rpg\vendor\ggml\src\ggml-cuda\template-instances\mmq-instance-q6_k.cu
[build] 
[build] C:\Users\pperv\code\unnamed_rpg\vendor\ggml\src\ggml-cuda\mmq-vec-dot.cuh(207): warning #177-D: variable "I" was declared but never referenced
[build]       constexpr int I             = ggml_cuda_mmq_get_I(type, J, fallback);
[build]                     ^
[build]           detected during:
[build]             instantiation of "void ggml_cuda_mmq_vec_dot_q8_0_q8_1_mma<type,J,fallback,ds_layout>(const int *, const int *, float *, int) [with type=GGML_TYPE_Q6_K, J=112, fallback=false, ds_layout=MMQ_Q8_1_DS_LAYOUT_DS4]" at line 728 of C:\Users\pperv\code\unnamed_rpg\vendor\ggml\src\ggml-cuda\template-instances\../mmq.cuh
[build]             instantiation of "ggml_cuda_mmq_util_funcs ggml_cuda_mmq_get_util_funcs<type,J,fallback>() [with type=GGML_TYPE_Q6_K, J=112, fallback=false]" at line 858 of C:\Users\pperv\code\unnamed_rpg\vendor\ggml\src\ggml-cuda\template-instances\../mmq.cuh
[build]             instantiation of "ggml_cuda_mmq_load_tiles_t ggml_cuda_mmq_get_load_tiles<type,J,fallback>() [with type=GGML_TYPE_Q6_K, J=112, fallback=false]" at line 885 of C:\Users\pperv\code\unnamed_rpg\vendor\ggml\src\ggml-cuda\template-instances\../mmq.cuh
[build]             instantiation of "void mul_mat_q_process_tile<type,J,fallback,fixup>(const char *, int, const int *, const int *, float *, float *, const float *, int, int, int, int, int, int, int) [with type=GGML_TYPE_Q6_K, J=112, fallback=false, fixup=false]" at line 1152 of C:\Users\pperv\code\unnamed_rpg\vendor\ggml\src\ggml-cuda\template-instances\../mmq.cuh
[build]             instantiation of "void mul_mat_q<type,J,fallback>(const char *, const int *, const int32_t *, const int32_t *, float *, float *, const float *, uint3, int, int, int, int, int, uint3, uint3, int, int, int, uint3, uint3, int, int, int, uint3) [with type=GGML_TYPE_Q6_K, J=112, fallback=false]" at line 1407 of C:\Users\pperv\code\unnamed_rpg\vendor\ggml\src\ggml-cuda\template-instances\../mmq.cuh
[build]             instantiation of "void launch_mul_mat_q<type,J,fallback>(ggml_backend_cuda_context &, const mmq_args &, cudaStream_t) [with type=GGML_TYPE_Q6_K, J=112, fallback=false]" at line 1543 of C:\Users\pperv\code\unnamed_rpg\vendor\ggml\src\ggml-cuda\template-instances\../mmq.cuh
[build]             instantiation of "void mul_mat_q_switch_J<type,fallback>(ggml_backend_cuda_context &, const mmq_args &, cudaStream_t) [with type=GGML_TYPE_Q6_K, fallback=false]" at line 1562 of C:\Users\pperv\code\unnamed_rpg\vendor\ggml\src\ggml-cuda\template-instances\../mmq.cuh
[build]             instantiation of "void mul_mat_q_case<type>(ggml_backend_cuda_context &, const mmq_args &, cudaStream_t) [with type=GGML_TYPE_Q6_K]" at line 5 of C:\Users\pperv\code\unnamed_rpg\vendor\ggml\src\ggml-cuda\template-instances\mmq-instance-q6_k.cu
[build] 
[build] C:\Users\pperv\code\unnamed_rpg\vendor\ggml\src\ggml-cuda\mmq-vec-dot.cuh(374): warning #177-D: variable "I" was declared but never referenced
[build]       constexpr int I             = ggml_cuda_mmq_get_I(type, J, fallback);
[build]                     ^
[build]           detected during:
[build]             instantiation of "void ggml_cuda_mmq_vec_dot_q8_1_q8_1_mma<type,J,fallback>(const int *, const int *, float *, int) [with type=GGML_TYPE_Q6_K, J=112, fallback=false]" at line 734 of C:\Users\pperv\code\unnamed_rpg\vendor\ggml\src\ggml-cuda\template-instances\../mmq.cuh
[build]             instantiation of "ggml_cuda_mmq_util_funcs ggml_cuda_mmq_get_util_funcs<type,J,fallback>() [with type=GGML_TYPE_Q6_K, J=112, fallback=false]" at line 858 of C:\Users\pperv\code\unnamed_rpg\vendor\ggml\src\ggml-cuda\template-instances\../mmq.cuh
[build]             instantiation of "ggml_cuda_mmq_load_tiles_t ggml_cuda_mmq_get_load_tiles<type,J,fallback>() [with type=GGML_TYPE_Q6_K, J=112, fallback=false]" at line 885 of C:\Users\pperv\code\unnamed_rpg\vendor\ggml\src\ggml-cuda\template-instances\../mmq.cuh
[build]             instantiation of "void mul_mat_q_process_tile<type,J,fallback,fixup>(const char *, int, const int *, const int *, float *, float *, const float *, int, int, int, int, int, int, int) [with type=GGML_TYPE_Q6_K, J=112, fallback=false, fixup=false]" at line 1152 of C:\Users\pperv\code\unnamed_rpg\vendor\ggml\src\ggml-cuda\template-instances\../mmq.cuh
[build]             instantiation of "void mul_mat_q<type,J,fallback>(const char *, const int *, const int32_t *, const int32_t *, float *, float *, const float *, uint3, int, int, int, int, int, uint3, uint3, int, int, int, uint3, uint3, int, int, int, uint3) [with type=GGML_TYPE_Q6_K, J=112, fallback=false]" at line 1407 of C:\Users\pperv\code\unnamed_rpg\vendor\ggml\src\ggml-cuda\template-instances\../mmq.cuh
[build]             instantiation of "void launch_mul_mat_q<type,J,fallback>(ggml_backend_cuda_context &, const mmq_args &, cudaStream_t) [with type=GGML_TYPE_Q6_K, J=112, fallback=false]" at line 1543 of C:\Users\pperv\code\unnamed_rpg\vendor\ggml\src\ggml-cuda\template-instances\../mmq.cuh
[build]             instantiation of "void mul_mat_q_switch_J<type,fallback>(ggml_backend_cuda_context &, const mmq_args &, cudaStream_t) [with type=GGML_TYPE_Q6_K, fallback=false]" at line 1562 of C:\Users\pperv\code\unnamed_rpg\vendor\ggml\src\ggml-cuda\template-instances\../mmq.cuh
[build]             instantiation of "void mul_mat_q_case<type>(ggml_backend_cuda_context &, const mmq_args &, cudaStream_t) [with type=GGML_TYPE_Q6_K]" at line 5 of C:\Users\pperv\code\unnamed_rpg\vendor\ggml\src\ggml-cuda\template-instances\mmq-instance-q6_k.cu
[build] 
[build] C:\Users\pperv\code\unnamed_rpg\vendor\ggml\src\ggml-cuda\mmq-vec-dot.cuh(759): warning #177-D: variable "I" was declared but never referenced
[build]       constexpr int I             = ggml_cuda_mmq_get_I(type, J, fallback);
[build]                     ^
[build]           detected during:
[build]             instantiation of "void ggml_cuda_mmq_vec_dot_q2_K_q8_1_mma<type,J,fallback>(const int *, const int *, float *, int) [with type=GGML_TYPE_Q6_K, J=112, fallback=false]" at line 759 of C:\Users\pperv\code\unnamed_rpg\vendor\ggml\src\ggml-cuda\template-instances\../mmq.cuh
[build]             instantiation of "ggml_cuda_mmq_util_funcs ggml_cuda_mmq_get_util_funcs<type,J,fallback>() [with type=GGML_TYPE_Q6_K, J=112, fallback=false]" at line 858 of C:\Users\pperv\code\unnamed_rpg\vendor\ggml\src\ggml-cuda\template-instances\../mmq.cuh
[build]             instantiation of "ggml_cuda_mmq_load_tiles_t ggml_cuda_mmq_get_load_tiles<type,J,fallback>() [with type=GGML_TYPE_Q6_K, J=112, fallback=false]" at line 885 of C:\Users\pperv\code\unnamed_rpg\vendor\ggml\src\ggml-cuda\template-instances\../mmq.cuh
[build]             instantiation of "void mul_mat_q_process_tile<type,J,fallback,fixup>(const char *, int, const int *, const int *, float *, float *, const float *, int, int, int, int, int, int, int) [with type=GGML_TYPE_Q6_K, J=112, fallback=false, fixup=false]" at line 1152 of C:\Users\pperv\code\unnamed_rpg\vendor\ggml\src\ggml-cuda\template-instances\../mmq.cuh
[build]             instantiation of "void mul_mat_q<type,J,fallback>(const char *, const int *, const int32_t *, const int32_t *, float *, float *, const float *, uint3, int, int, int, int, int, uint3, uint3, int, int, int, uint3, uint3, int, int, int, uint3) [with type=GGML_TYPE_Q6_K, J=112, fallback=false]" at line 1407 of C:\Users\pperv\code\unnamed_rpg\vendor\ggml\src\ggml-cuda\template-instances\../mmq.cuh
[build]             instantiation of "void launch_mul_mat_q<type,J,fallback>(ggml_backend_cuda_context &, const mmq_args &, cudaStream_t) [with type=GGML_TYPE_Q6_K, J=112, fallback=false]" at line 1543 of C:\Users\pperv\code\unnamed_rpg\vendor\ggml\src\ggml-cuda\template-instances\../mmq.cuh
[build]             instantiation of "void mul_mat_q_switch_J<type,fallback>(ggml_backend_cuda_context &, const mmq_args &, cudaStream_t) [with type=GGML_TYPE_Q6_K, fallback=false]" at line 1562 of C:\Users\pperv\code\unnamed_rpg\vendor\ggml\src\ggml-cuda\template-instances\../mmq.cuh
[build]             instantiation of "void mul_mat_q_case<type>(ggml_backend_cuda_context &, const mmq_args &, cudaStream_t) [with type=GGML_TYPE_Q6_K]" at line 5 of C:\Users\pperv\code\unnamed_rpg\vendor\ggml\src\ggml-cuda\template-instances\mmq-instance-q6_k.cu
[build] 
[build] C:\Users\pperv\code\unnamed_rpg\vendor\ggml\src\ggml-cuda\mmq-vec-dot.cuh(540): warning #177-D: variable "I" was declared but never referenced
[build]       constexpr int I             = ggml_cuda_mmq_get_I(type, J, fallback);
[build]                     ^
[build]           detected during:
[build]             instantiation of "void ggml_cuda_mmq_vec_dot_q8_0_16_q8_1_mma<type,J,fallback>(const int *, const int *, float *, int) [with type=GGML_TYPE_Q6_K, J=112, fallback=false]" at line 765 of C:\Users\pperv\code\unnamed_rpg\vendor\ggml\src\ggml-cuda\template-instances\../mmq.cuh
[build]             instantiation of "ggml_cuda_mmq_util_funcs ggml_cuda_mmq_get_util_funcs<type,J,fallback>() [with type=GGML_TYPE_Q6_K, J=112, fallback=false]" at line 858 of C:\Users\pperv\code\unnamed_rpg\vendor\ggml\src\ggml-cuda\template-instances\../mmq.cuh
[build]             instantiation of "ggml_cuda_mmq_load_tiles_t ggml_cuda_mmq_get_load_tiles<type,J,fallback>() [with type=GGML_TYPE_Q6_K, J=112, fallback=false]" at line 885 of C:\Users\pperv\code\unnamed_rpg\vendor\ggml\src\ggml-cuda\template-instances\../mmq.cuh
[build]             instantiation of "void mul_mat_q_process_tile<type,J,fallback,fixup>(const char *, int, const int *, const int *, float *, float *, const float *, int, int, int, int, int, int, int) [with type=GGML_TYPE_Q6_K, J=112, fallback=false, fixup=false]" at line 1152 of C:\Users\pperv\code\unnamed_rpg\vendor\ggml\src\ggml-cuda\template-instances\../mmq.cuh
[build]             instantiation of "void mul_mat_q<type,J,fallback>(const char *, const int *, const int32_t *, const int32_t *, float *, float *, const float *, uint3, int, int, int, int, int, uint3, uint3, int, int, int, uint3, uint3, int, int, int, uint3) [with type=GGML_TYPE_Q6_K, J=112, fallback=false]" at line 1407 of C:\Users\pperv\code\unnamed_rpg\vendor\ggml\src\ggml-cuda\template-instances\../mmq.cuh
[build]             instantiation of "void launch_mul_mat_q<type,J,fallback>(ggml_backend_cuda_context &, const mmq_args &, cudaStream_t) [with type=GGML_TYPE_Q6_K, J=112, fallback=false]" at line 1543 of C:\Users\pperv\code\unnamed_rpg\vendor\ggml\src\ggml-cuda\template-instances\../mmq.cuh
[build]             instantiation of "void mul_mat_q_switch_J<type,fallback>(ggml_backend_cuda_context &, const mmq_args &, cudaStream_t) [with type=GGML_TYPE_Q6_K, fallback=false]" at line 1562 of C:\Users\pperv\code\unnamed_rpg\vendor\ggml\src\ggml-cuda\template-instances\../mmq.cuh
[build]             instantiation of "void mul_mat_q_case<type>(ggml_backend_cuda_context &, const mmq_args &, cudaStream_t) [with type=GGML_TYPE_Q6_K]" at line 5 of C:\Users\pperv\code\unnamed_rpg\vendor\ggml\src\ggml-cuda\template-instances\mmq-instance-q6_k.cu
[build] 
[build] C:\Users\pperv\code\unnamed_rpg\vendor\ggml\src\ggml-cuda\mmq-vec-dot.cuh(1078): warning #177-D: variable "I" was declared but never referenced
[build]       constexpr int I             = ggml_cuda_mmq_get_I(type, J, fallback);
[build]                     ^
[build]           detected during:
[build]             instantiation of "void ggml_cuda_mmq_vec_dot_q6_K_q8_1_mma<type,J,fallback>(const int *, const int *, float *, int) [with type=GGML_TYPE_Q6_K, J=112, fallback=false]" at line 783 of C:\Users\pperv\code\unnamed_rpg\vendor\ggml\src\ggml-cuda\template-instances\../mmq.cuh
[build]             instantiation of "ggml_cuda_mmq_util_funcs ggml_cuda_mmq_get_util_funcs<type,J,fallback>() [with type=GGML_TYPE_Q6_K, J=112, fallback=false]" at line 858 of C:\Users\pperv\code\unnamed_rpg\vendor\ggml\src\ggml-cuda\template-instances\../mmq.cuh
[build]             instantiation of "ggml_cuda_mmq_load_tiles_t ggml_cuda_mmq_get_load_tiles<type,J,fallback>() [with type=GGML_TYPE_Q6_K, J=112, fallback=false]" at line 885 of C:\Users\pperv\code\unnamed_rpg\vendor\ggml\src\ggml-cuda\template-instances\../mmq.cuh
[build]             instantiation of "void mul_mat_q_process_tile<type,J,fallback,fixup>(const char *, int, const int *, const int *, float *, float *, const float *, int, int, int, int, int, int, int) [with type=GGML_TYPE_Q6_K, J=112, fallback=false, fixup=false]" at line 1152 of C:\Users\pperv\code\unnamed_rpg\vendor\ggml\src\ggml-cuda\template-instances\../mmq.cuh
[build]             instantiation of "void mul_mat_q<type,J,fallback>(const char *, const int *, const int32_t *, const int32_t *, float *, float *, const float *, uint3, int, int, int, int, int, uint3, uint3, int, int, int, uint3, uint3, int, int, int, uint3) [with type=GGML_TYPE_Q6_K, J=112, fallback=false]" at line 1407 of C:\Users\pperv\code\unnamed_rpg\vendor\ggml\src\ggml-cuda\template-instances\../mmq.cuh
[build]             instantiation of "void launch_mul_mat_q<type,J,fallback>(ggml_backend_cuda_context &, const mmq_args &, cudaStream_t) [with type=GGML_TYPE_Q6_K, J=112, fallback=false]" at line 1543 of C:\Users\pperv\code\unnamed_rpg\vendor\ggml\src\ggml-cuda\template-instances\../mmq.cuh
[build]             instantiation of "void mul_mat_q_switch_J<type,fallback>(ggml_backend_cuda_context &, const mmq_args &, cudaStream_t) [with type=GGML_TYPE_Q6_K, fallback=false]" at line 1562 of C:\Users\pperv\code\unnamed_rpg\vendor\ggml\src\ggml-cuda\template-instances\../mmq.cuh
[build]             instantiation of "void mul_mat_q_case<type>(ggml_backend_cuda_context &, const mmq_args &, cudaStream_t) [with type=GGML_TYPE_Q6_K]" at line 5 of C:\Users\pperv\code\unnamed_rpg\vendor\ggml\src\ggml-cuda\template-instances\mmq-instance-q6_k.cu
[build] 
[build] C:\Users\pperv\code\unnamed_rpg\vendor\ggml\src\ggml-cuda\template-instances\../mmq.cuh(543): warning #177-D: variable "I" was declared but never referenced
[build]       constexpr int I = ggml_cuda_mmq_get_I(type, J, fallback);
[build]                     ^
[build]           detected during:
[build]             instantiation of "ggml_cuda_mmq_util_funcs ggml_cuda_mmq_get_util_funcs<type,J,fallback>() [with type=GGML_TYPE_Q6_K, J=112, fallback=false]" at line 858
[build]             instantiation of "ggml_cuda_mmq_load_tiles_t ggml_cuda_mmq_get_load_tiles<type,J,fallback>() [with type=GGML_TYPE_Q6_K, J=112, fallback=false]" at line 885
[build]             instantiation of "void mul_mat_q_process_tile<type,J,fallback,fixup>(const char *, int, const int *, const int *, float *, float *, const float *, int, int, int, int, int, int, int) [with type=GGML_TYPE_Q6_K, J=112, fallback=false, fixup=false]" at line 1152
[build]             instantiation of "void mul_mat_q<type,J,fallback>(const char *, const int *, const int32_t *, const int32_t *, float *, float *, const float *, uint3, int, int, int, int, int, uint3, uint3, int, int, int, uint3, uint3, int, int, int, uint3) [with type=GGML_TYPE_Q6_K, J=112, fallback=false]" at line 1407
[build]             instantiation of "void launch_mul_mat_q<type,J,fallback>(ggml_backend_cuda_context &, const mmq_args &, cudaStream_t) [with type=GGML_TYPE_Q6_K, J=112, fallback=false]" at line 1543
[build]             instantiation of "void mul_mat_q_switch_J<type,fallback>(ggml_backend_cuda_context &, const mmq_args &, cudaStream_t) [with type=GGML_TYPE_Q6_K, fallback=false]" at line 1562
[build]             instantiation of "void mul_mat_q_case<type>(ggml_backend_cuda_context &, const mmq_args &, cudaStream_t) [with type=GGML_TYPE_Q6_K]" at line 5 of C:\Users\pperv\code\unnamed_rpg\vendor\ggml\src\ggml-cuda\template-instances\mmq-instance-q6_k.cu
[build] 
[build] C:\Users\pperv\code\unnamed_rpg\vendor\ggml\src\ggml-cuda\mmq-vec-dot.cuh(207): warning #177-D: variable "I" was declared but never referenced
[build]       constexpr int I             = ggml_cuda_mmq_get_I(type, J, fallback);
[build]                     ^
[build]           detected during:
[build]             instantiation of "void ggml_cuda_mmq_vec_dot_q8_0_q8_1_mma<type,J,fallback,ds_layout>(const int *, const int *, float *, int) [with type=GGML_TYPE_Q6_K, J=112, fallback=true, ds_layout=MMQ_Q8_1_DS_LAYOUT_D4]" at line 716 of C:\Users\pperv\code\unnamed_rpg\vendor\ggml\src\ggml-cuda\template-instances\../mmq.cuh
[build]             instantiation of "ggml_cuda_mmq_util_funcs ggml_cuda_mmq_get_util_funcs<type,J,fallback>() [with type=GGML_TYPE_Q6_K, J=112, fallback=true]" at line 858 of C:\Users\pperv\code\unnamed_rpg\vendor\ggml\src\ggml-cuda\template-instances\../mmq.cuh
[build]             instantiation of "ggml_cuda_mmq_load_tiles_t ggml_cuda_mmq_get_load_tiles<type,J,fallback>() [with type=GGML_TYPE_Q6_K, J=112, fallback=true]" at line 885 of C:\Users\pperv\code\unnamed_rpg\vendor\ggml\src\ggml-cuda\template-instances\../mmq.cuh
[build]             instantiation of "void mul_mat_q_process_tile<type,J,fallback,fixup>(const char *, int, const int *, const int *, float *, float *, const float *, int, int, int, int, int, int, int) [with type=GGML_TYPE_Q6_K, J=112, fallback=true, fixup=false]" at line 1058 of C:\Users\pperv\code\unnamed_rpg\vendor\ggml\src\ggml-cuda\template-instances\../mmq.cuh
[build]             instantiation of "void mul_mat_q<type,J,fallback>(const char *, const int *, const int32_t *, const int32_t *, float *, float *, const float *, uint3, int, int, int, int, int, uint3, uint3, int, int, int, uint3, uint3, int, int, int, uint3) [with type=GGML_TYPE_Q6_K, J=112, fallback=true]" at line 1408 of C:\Users\pperv\code\unnamed_rpg\vendor\ggml\src\ggml-cuda\template-instances\../mmq.cuh
[build]             instantiation of "void launch_mul_mat_q<type,J,fallback>(ggml_backend_cuda_context &, const mmq_args &, cudaStream_t) [with type=GGML_TYPE_Q6_K, J=112, fallback=false]" at line 1543 of C:\Users\pperv\code\unnamed_rpg\vendor\ggml\src\ggml-cuda\template-instances\../mmq.cuh
[build]             instantiation of "void mul_mat_q_switch_J<type,fallback>(ggml_backend_cuda_context &, const mmq_args &, cudaStream_t) [with type=GGML_TYPE_Q6_K, fallback=false]" at line 1562 of C:\Users\pperv\code\unnamed_rpg\vendor\ggml\src\ggml-cuda\template-instances\../mmq.cuh
[build]             instantiation of "void mul_mat_q_case<type>(ggml_backend_cuda_context &, const mmq_args &, cudaStream_t) [with type=GGML_TYPE_Q6_K]" at line 5 of C:\Users\pperv\code\unnamed_rpg\vendor\ggml\src\ggml-cuda\template-instances\mmq-instance-q6_k.cu
[build] 
[build] C:\Users\pperv\code\unnamed_rpg\vendor\ggml\src\ggml-cuda\template-instances\../mmq.cuh(485): warning #177-D: variable "nwarps" was declared but never referenced
[build]       constexpr int nwarps        = ggml_cuda_mmq_get_nthreads(type, J, fallback) / warp_size;
[build]                     ^
[build]           detected during:
[build]             instantiation of "void ggml_cuda_mmq_write_back_mma<type,J,fallback>(const float *, const int *, float *, const float *, int, int, int) [with type=GGML_TYPE_Q6_K, J=112, fallback=true]" at line 716
[build]             instantiation of "ggml_cuda_mmq_util_funcs ggml_cuda_mmq_get_util_funcs<type,J,fallback>() [with type=GGML_TYPE_Q6_K, J=112, fallback=true]" at line 858
[build]             instantiation of "ggml_cuda_mmq_load_tiles_t ggml_cuda_mmq_get_load_tiles<type,J,fallback>() [with type=GGML_TYPE_Q6_K, J=112, fallback=true]" at line 885
[build]             instantiation of "void mul_mat_q_process_tile<type,J,fallback,fixup>(const char *, int, const int *, const int *, float *, float *, const float *, int, int, int, int, int, int, int) [with type=GGML_TYPE_Q6_K, J=112, fallback=true, fixup=false]" at line 1058
[build]             instantiation of "void mul_mat_q<type,J,fallback>(const char *, const int *, const int32_t *, const int32_t *, float *, float *, const float *, uint3, int, int, int, int, int, uint3, uint3, int, int, int, uint3, uint3, int, int, int, uint3) [with type=GGML_TYPE_Q6_K, J=112, fallback=true]" at line 1408
[build]             instantiation of "void launch_mul_mat_q<type,J,fallback>(ggml_backend_cuda_context &, const mmq_args &, cudaStream_t) [with type=GGML_TYPE_Q6_K, J=112, fallback=false]" at line 1543
[build]             instantiation of "void mul_mat_q_switch_J<type,fallback>(ggml_backend_cuda_context &, const mmq_args &, cudaStream_t) [with type=GGML_TYPE_Q6_K, fallback=false]" at line 1562
[build]             instantiation of "void mul_mat_q_case<type>(ggml_backend_cuda_context &, const mmq_args &, cudaStream_t) [with type=GGML_TYPE_Q6_K]" at line 5 of C:\Users\pperv\code\unnamed_rpg\vendor\ggml\src\ggml-cuda\template-instances\mmq-instance-q6_k.cu
[build] 
[build] C:\Users\pperv\code\unnamed_rpg\vendor\ggml\src\ggml-cuda\template-instances\../mmq.cuh(486): warning #177-D: variable "I" was declared but never referenced
[build]       constexpr int I             = ggml_cuda_mmq_get_I(type, J, fallback);
[build]                     ^
[build]           detected during:
[build]             instantiation of "void ggml_cuda_mmq_write_back_mma<type,J,fallback>(const float *, const int *, float *, const float *, int, int, int) [with type=GGML_TYPE_Q6_K, J=112, fallback=true]" at line 716
[build]             instantiation of "ggml_cuda_mmq_util_funcs ggml_cuda_mmq_get_util_funcs<type,J,fallback>() [with type=GGML_TYPE_Q6_K, J=112, fallback=true]" at line 858
[build]             instantiation of "ggml_cuda_mmq_load_tiles_t ggml_cuda_mmq_get_load_tiles<type,J,fallback>() [with type=GGML_TYPE_Q6_K, J=112, fallback=true]" at line 885
[build]             instantiation of "void mul_mat_q_process_tile<type,J,fallback,fixup>(const char *, int, const int *, const int *, float *, float *, const float *, int, int, int, int, int, int, int) [with type=GGML_TYPE_Q6_K, J=112, fallback=true, fixup=false]" at line 1058
[build]             instantiation of "void mul_mat_q<type,J,fallback>(const char *, const int *, const int32_t *, const int32_t *, float *, float *, const float *, uint3, int, int, int, int, int, uint3, uint3, int, int, int, uint3, uint3, int, int, int, uint3) [with type=GGML_TYPE_Q6_K, J=112, fallback=true]" at line 1408
[build]             instantiation of "void launch_mul_mat_q<type,J,fallback>(ggml_backend_cuda_context &, const mmq_args &, cudaStream_t) [with type=GGML_TYPE_Q6_K, J=112, fallback=false]" at line 1543
[build]             instantiation of "void mul_mat_q_switch_J<type,fallback>(ggml_backend_cuda_context &, const mmq_args &, cudaStream_t) [with type=GGML_TYPE_Q6_K, fallback=false]" at line 1562
[build]             instantiation of "void mul_mat_q_case<type>(ggml_backend_cuda_context &, const mmq_args &, cudaStream_t) [with type=GGML_TYPE_Q6_K]" at line 5 of C:\Users\pperv\code\unnamed_rpg\vendor\ggml\src\ggml-cuda\template-instances\mmq-instance-q6_k.cu
[build] 
[build] C:\Users\pperv\code\unnamed_rpg\vendor\ggml\src\ggml-cuda\mmq-vec-dot.cuh(207): warning #177-D: variable "I" was declared but never referenced
[build]       constexpr int I             = ggml_cuda_mmq_get_I(type, J, fallback);
[build]                     ^
[build]           detected during:
[build]             instantiation of "void ggml_cuda_mmq_vec_dot_q8_0_q8_1_mma<type,J,fallback,ds_layout>(const int *, const int *, float *, int) [with type=GGML_TYPE_Q6_K, J=112, fallback=true, ds_layout=MMQ_Q8_1_DS_LAYOUT_DS4]" at line 728 of C:\Users\pperv\code\unnamed_rpg\vendor\ggml\src\ggml-cuda\template-instances\../mmq.cuh
[build]             instantiation of "ggml_cuda_mmq_util_funcs ggml_cuda_mmq_get_util_funcs<type,J,fallback>() [with type=GGML_TYPE_Q6_K, J=112, fallback=true]" at line 858 of C:\Users\pperv\code\unnamed_rpg\vendor\ggml\src\ggml-cuda\template-instances\../mmq.cuh
[build]             instantiation of "ggml_cuda_mmq_load_tiles_t ggml_cuda_mmq_get_load_tiles<type,J,fallback>() [with type=GGML_TYPE_Q6_K, J=112, fallback=true]" at line 885 of C:\Users\pperv\code\unnamed_rpg\vendor\ggml\src\ggml-cuda\template-instances\../mmq.cuh
[build]             instantiation of "void mul_mat_q_process_tile<type,J,fallback,fixup>(const char *, int, const int *, const int *, float *, float *, const float *, int, int, int, int, int, int, int) [with type=GGML_TYPE_Q6_K, J=112, fallback=true, fixup=false]" at line 1058 of C:\Users\pperv\code\unnamed_rpg\vendor\ggml\src\ggml-cuda\template-instances\../mmq.cuh
[build]             instantiation of "void mul_mat_q<type,J,fallback>(const char *, const int *, const int32_t *, const int32_t *, float *, float *, const float *, uint3, int, int, int, int, int, uint3, uint3, int, int, int, uint3, uint3, int, int, int, uint3) [with type=GGML_TYPE_Q6_K, J=112, fallback=true]" at line 1408 of C:\Users\pperv\code\unnamed_rpg\vendor\ggml\src\ggml-cuda\template-instances\../mmq.cuh
[build]             instantiation of "void launch_mul_mat_q<type,J,fallback>(ggml_backend_cuda_context &, const mmq_args &, cudaStream_t) [with type=GGML_TYPE_Q6_K, J=112, fallback=false]" at line 1543 of C:\Users\pperv\code\unnamed_rpg\vendor\ggml\src\ggml-cuda\template-instances\../mmq.cuh
[build]             instantiation of "void mul_mat_q_switch_J<type,fallback>(ggml_backend_cuda_context &, const mmq_args &, cudaStream_t) [with type=GGML_TYPE_Q6_K, fallback=false]" at line 1562 of C:\Users\pperv\code\unnamed_rpg\vendor\ggml\src\ggml-cuda\template-instances\../mmq.cuh
[build]             instantiation of "void mul_mat_q_case<type>(ggml_backend_cuda_context &, const mmq_args &, cudaStream_t) [with type=GGML_TYPE_Q6_K]" at line 5 of C:\Users\pperv\code\unnamed_rpg\vendor\ggml\src\ggml-cuda\template-instances\mmq-instance-q6_k.cu
[build] 
[build] C:\Users\pperv\code\unnamed_rpg\vendor\ggml\src\ggml-cuda\mmq-vec-dot.cuh(374): warning #177-D: variable "I" was declared but never referenced
[build]       constexpr int I             = ggml_cuda_mmq_get_I(type, J, fallback);
[build]                     ^
[build]           detected during:
[build]             instantiation of "void ggml_cuda_mmq_vec_dot_q8_1_q8_1_mma<type,J,fallback>(const int *, const int *, float *, int) [with type=GGML_TYPE_Q6_K, J=112, fallback=true]" at line 734 of C:\Users\pperv\code\unnamed_rpg\vendor\ggml\src\ggml-cuda\template-instances\../mmq.cuh
[build]             instantiation of "ggml_cuda_mmq_util_funcs ggml_cuda_mmq_get_util_funcs<type,J,fallback>() [with type=GGML_TYPE_Q6_K, J=112, fallback=true]" at line 858 of C:\Users\pperv\code\unnamed_rpg\vendor\ggml\src\ggml-cuda\template-instances\../mmq.cuh
[build]             instantiation of "ggml_cuda_mmq_load_tiles_t ggml_cuda_mmq_get_load_tiles<type,J,fallback>() [with type=GGML_TYPE_Q6_K, J=112, fallback=true]" at line 885 of C:\Users\pperv\code\unnamed_rpg\vendor\ggml\src\ggml-cuda\template-instances\../mmq.cuh
[build]             instantiation of "void mul_mat_q_process_tile<type,J,fallback,fixup>(const char *, int, const int *, const int *, float *, float *, const float *, int, int, int, int, int, int, int) [with type=GGML_TYPE_Q6_K, J=112, fallback=true, fixup=false]" at line 1058 of C:\Users\pperv\code\unnamed_rpg\vendor\ggml\src\ggml-cuda\template-instances\../mmq.cuh
[build]             instantiation of "void mul_mat_q<type,J,fallback>(const char *, const int *, const int32_t *, const int32_t *, float *, float *, const float *, uint3, int, int, int, int, int, uint3, uint3, int, int, int, uint3, uint3, int, int, int, uint3) [with type=GGML_TYPE_Q6_K, J=112, fallback=true]" at line 1408 of C:\Users\pperv\code\unnamed_rpg\vendor\ggml\src\ggml-cuda\template-instances\../mmq.cuh
[build]             instantiation of "void launch_mul_mat_q<type,J,fallback>(ggml_backend_cuda_context &, const mmq_args &, cudaStream_t) [with type=GGML_TYPE_Q6_K, J=112, fallback=false]" at line 1543 of C:\Users\pperv\code\unnamed_rpg\vendor\ggml\src\ggml-cuda\template-instances\../mmq.cuh
[build]             instantiation of "void mul_mat_q_switch_J<type,fallback>(ggml_backend_cuda_context &, const mmq_args &, cudaStream_t) [with type=GGML_TYPE_Q6_K, fallback=false]" at line 1562 of C:\Users\pperv\code\unnamed_rpg\vendor\ggml\src\ggml-cuda\template-instances\../mmq.cuh
[build]             instantiation of "void mul_mat_q_case<type>(ggml_backend_cuda_context &, const mmq_args &, cudaStream_t) [with type=GGML_TYPE_Q6_K]" at line 5 of C:\Users\pperv\code\unnamed_rpg\vendor\ggml\src\ggml-cuda\template-instances\mmq-instance-q6_k.cu
[build] 
[build] C:\Users\pperv\code\unnamed_rpg\vendor\ggml\src\ggml-cuda\mmq-vec-dot.cuh(759): warning #177-D: variable "I" was declared but never referenced
[build]       constexpr int I             = ggml_cuda_mmq_get_I(type, J, fallback);
[build]                     ^
[build]           detected during:
[build]             instantiation of "void ggml_cuda_mmq_vec_dot_q2_K_q8_1_mma<type,J,fallback>(const int *, const int *, float *, int) [with type=GGML_TYPE_Q6_K, J=112, fallback=true]" at line 759 of C:\Users\pperv\code\unnamed_rpg\vendor\ggml\src\ggml-cuda\template-instances\../mmq.cuh
[build]             instantiation of "ggml_cuda_mmq_util_funcs ggml_cuda_mmq_get_util_funcs<type,J,fallback>() [with type=GGML_TYPE_Q6_K, J=112, fallback=true]" at line 858 of C:\Users\pperv\code\unnamed_rpg\vendor\ggml\src\ggml-cuda\template-instances\../mmq.cuh
[build]             instantiation of "ggml_cuda_mmq_load_tiles_t ggml_cuda_mmq_get_load_tiles<type,J,fallback>() [with type=GGML_TYPE_Q6_K, J=112, fallback=true]" at line 885 of C:\Users\pperv\code\unnamed_rpg\vendor\ggml\src\ggml-cuda\template-instances\../mmq.cuh
[build]             instantiation of "void mul_mat_q_process_tile<type,J,fallback,fixup>(const char *, int, const int *, const int *, float *, float *, const float *, int, int, int, int, int, int, int) [with type=GGML_TYPE_Q6_K, J=112, fallback=true, fixup=false]" at line 1058 of C:\Users\pperv\code\unnamed_rpg\vendor\ggml\src\ggml-cuda\template-instances\../mmq.cuh
[build]             instantiation of "void mul_mat_q<type,J,fallback>(const char *, const int *, const int32_t *, const int32_t *, float *, float *, const float *, uint3, int, int, int, int, int, uint3, uint3, int, int, int, uint3, uint3, int, int, int, uint3) [with type=GGML_TYPE_Q6_K, J=112, fallback=true]" at line 1408 of C:\Users\pperv\code\unnamed_rpg\vendor\ggml\src\ggml-cuda\template-instances\../mmq.cuh
[build]             instantiation of "void launch_mul_mat_q<type,J,fallback>(ggml_backend_cuda_context &, const mmq_args &, cudaStream_t) [with type=GGML_TYPE_Q6_K, J=112, fallback=false]" at line 1543 of C:\Users\pperv\code\unnamed_rpg\vendor\ggml\src\ggml-cuda\template-instances\../mmq.cuh
[build]             instantiation of "void mul_mat_q_switch_J<type,fallback>(ggml_backend_cuda_context &, const mmq_args &, cudaStream_t) [with type=GGML_TYPE_Q6_K, fallback=false]" at line 1562 of C:\Users\pperv\code\unnamed_rpg\vendor\ggml\src\ggml-cuda\template-instances\../mmq.cuh
[build]             instantiation of "void mul_mat_q_case<type>(ggml_backend_cuda_context &, const mmq_args &, cudaStream_t) [with type=GGML_TYPE_Q6_K]" at line 5 of C:\Users\pperv\code\unnamed_rpg\vendor\ggml\src\ggml-cuda\template-instances\mmq-instance-q6_k.cu
[build] 
[build] C:\Users\pperv\code\unnamed_rpg\vendor\ggml\src\ggml-cuda\mmq-vec-dot.cuh(540): warning #177-D: variable "I" was declared but never referenced
[build]       constexpr int I             = ggml_cuda_mmq_get_I(type, J, fallback);
[build]                     ^
[build]           detected during:
[build]             instantiation of "void ggml_cuda_mmq_vec_dot_q8_0_16_q8_1_mma<type,J,fallback>(const int *, const int *, float *, int) [with type=GGML_TYPE_Q6_K, J=112, fallback=true]" at line 765 of C:\Users\pperv\code\unnamed_rpg\vendor\ggml\src\ggml-cuda\template-instances\../mmq.cuh
[build]             instantiation of "ggml_cuda_mmq_util_funcs ggml_cuda_mmq_get_util_funcs<type,J,fallback>() [with type=GGML_TYPE_Q6_K, J=112, fallback=true]" at line 858 of C:\Users\pperv\code\unnamed_rpg\vendor\ggml\src\ggml-cuda\template-instances\../mmq.cuh
[build]             instantiation of "ggml_cuda_mmq_load_tiles_t ggml_cuda_mmq_get_load_tiles<type,J,fallback>() [with type=GGML_TYPE_Q6_K, J=112, fallback=true]" at line 885 of C:\Users\pperv\code\unnamed_rpg\vendor\ggml\src\ggml-cuda\template-instances\../mmq.cuh
[build]             instantiation of "void mul_mat_q_process_tile<type,J,fallback,fixup>(const char *, int, const int *, const int *, float *, float *, const float *, int, int, int, int, int, int, int) [with type=GGML_TYPE_Q6_K, J=112, fallback=true, fixup=false]" at line 1058 of C:\Users\pperv\code\unnamed_rpg\vendor\ggml\src\ggml-cuda\template-instances\../mmq.cuh
[build]             instantiation of "void mul_mat_q<type,J,fallback>(const char *, const int *, const int32_t *, const int32_t *, float *, float *, const float *, uint3, int, int, int, int, int, uint3, uint3, int, int, int, uint3, uint3, int, int, int, uint3) [with type=GGML_TYPE_Q6_K, J=112, fallback=true]" at line 1408 of C:\Users\pperv\code\unnamed_rpg\vendor\ggml\src\ggml-cuda\template-instances\../mmq.cuh
[build]             instantiation of "void launch_mul_mat_q<type,J,fallback>(ggml_backend_cuda_context &, const mmq_args &, cudaStream_t) [with type=GGML_TYPE_Q6_K, J=112, fallback=false]" at line 1543 of C:\Users\pperv\code\unnamed_rpg\vendor\ggml\src\ggml-cuda\template-instances\../mmq.cuh
[build]             instantiation of "void mul_mat_q_switch_J<type,fallback>(ggml_backend_cuda_context &, const mmq_args &, cudaStream_t) [with type=GGML_TYPE_Q6_K, fallback=false]" at line 1562 of C:\Users\pperv\code\unnamed_rpg\vendor\ggml\src\ggml-cuda\template-instances\../mmq.cuh
[build]             instantiation of "void mul_mat_q_case<type>(ggml_backend_cuda_context &, const mmq_args &, cudaStream_t) [with type=GGML_TYPE_Q6_K]" at line 5 of C:\Users\pperv\code\unnamed_rpg\vendor\ggml\src\ggml-cuda\template-instances\mmq-instance-q6_k.cu
[build] 
[build] C:\Users\pperv\code\unnamed_rpg\vendor\ggml\src\ggml-cuda\mmq-vec-dot.cuh(1078): warning #177-D: variable "I" was declared but never referenced
[build]       constexpr int I             = ggml_cuda_mmq_get_I(type, J, fallback);
[build]                     ^
[build]           detected during:
[build]             instantiation of "void ggml_cuda_mmq_vec_dot_q6_K_q8_1_mma<type,J,fallback>(const int *, const int *, float *, int) [with type=GGML_TYPE_Q6_K, J=112, fallback=true]" at line 783 of C:\Users\pperv\code\unnamed_rpg\vendor\ggml\src\ggml-cuda\template-instances\../mmq.cuh
[build]             instantiation of "ggml_cuda_mmq_util_funcs ggml_cuda_mmq_get_util_funcs<type,J,fallback>() [with type=GGML_TYPE_Q6_K, J=112, fallback=true]" at line 858 of C:\Users\pperv\code\unnamed_rpg\vendor\ggml\src\ggml-cuda\template-instances\../mmq.cuh
[build]             instantiation of "ggml_cuda_mmq_load_tiles_t ggml_cuda_mmq_get_load_tiles<type,J,fallback>() [with type=GGML_TYPE_Q6_K, J=112, fallback=true]" at line 885 of C:\Users\pperv\code\unnamed_rpg\vendor\ggml\src\ggml-cuda\template-instances\../mmq.cuh
[build]             instantiation of "void mul_mat_q_process_tile<type,J,fallback,fixup>(const char *, int, const int *, const int *, float *, float *, const float *, int, int, int, int, int, int, int) [with type=GGML_TYPE_Q6_K, J=112, fallback=true, fixup=false]" at line 1058 of C:\Users\pperv\code\unnamed_rpg\vendor\ggml\src\ggml-cuda\template-instances\../mmq.cuh
[build]             instantiation of "void mul_mat_q<type,J,fallback>(const char *, const int *, const int32_t *, const int32_t *, float *, float *, const float *, uint3, int, int, int, int, int, uint3, uint3, int, int, int, uint3, uint3, int, int, int, uint3) [with type=GGML_TYPE_Q6_K, J=112, fallback=true]" at line 1408 of C:\Users\pperv\code\unnamed_rpg\vendor\ggml\src\ggml-cuda\template-instances\../mmq.cuh
[build]             instantiation of "void launch_mul_mat_q<type,J,fallback>(ggml_backend_cuda_context &, const mmq_args &, cudaStream_t) [with type=GGML_TYPE_Q6_K, J=112, fallback=false]" at line 1543 of C:\Users\pperv\code\unnamed_rpg\vendor\ggml\src\ggml-cuda\template-instances\../mmq.cuh
[build]             instantiation of "void mul_mat_q_switch_J<type,fallback>(ggml_backend_cuda_context &, const mmq_args &, cudaStream_t) [with type=GGML_TYPE_Q6_K, fallback=false]" at line 1562 of C:\Users\pperv\code\unnamed_rpg\vendor\ggml\src\ggml-cuda\template-instances\../mmq.cuh
[build]             instantiation of "void mul_mat_q_case<type>(ggml_backend_cuda_context &, const mmq_args &, cudaStream_t) [with type=GGML_TYPE_Q6_K]" at line 5 of C:\Users\pperv\code\unnamed_rpg\vendor\ggml\src\ggml-cuda\template-instances\mmq-instance-q6_k.cu
[build] 
[build] C:\Users\pperv\code\unnamed_rpg\vendor\ggml\src\ggml-cuda\template-instances\../mmq.cuh(543): warning #177-D: variable "I" was declared but never referenced
[build]       constexpr int I = ggml_cuda_mmq_get_I(type, J, fallback);
[build]                     ^
[build]           detected during:
[build]             instantiation of "ggml_cuda_mmq_util_funcs ggml_cuda_mmq_get_util_funcs<type,J,fallback>() [with type=GGML_TYPE_Q6_K, J=112, fallback=true]" at line 858
[build]             instantiation of "ggml_cuda_mmq_load_tiles_t ggml_cuda_mmq_get_load_tiles<type,J,fallback>() [with type=GGML_TYPE_Q6_K, J=112, fallback=true]" at line 885
[build]             instantiation of "void mul_mat_q_process_tile<type,J,fallback,fixup>(const char *, int, const int *, const int *, float *, float *, const float *, int, int, int, int, int, int, int) [with type=GGML_TYPE_Q6_K, J=112, fallback=true, fixup=false]" at line 1058
[build]             instantiation of "void mul_mat_q<type,J,fallback>(const char *, const int *, const int32_t *, const int32_t *, float *, float *, const float *, uint3, int, int, int, int, int, uint3, uint3, int, int, int, uint3, uint3, int, int, int, uint3) [with type=GGML_TYPE_Q6_K, J=112, fallback=true]" at line 1408
[build]             instantiation of "void launch_mul_mat_q<type,J,fallback>(ggml_backend_cuda_context &, const mmq_args &, cudaStream_t) [with type=GGML_TYPE_Q6_K, J=112, fallback=false]" at line 1543
[build]             instantiation of "void mul_mat_q_switch_J<type,fallback>(ggml_backend_cuda_context &, const mmq_args &, cudaStream_t) [with type=GGML_TYPE_Q6_K, fallback=false]" at line 1562
[build]             instantiation of "void mul_mat_q_case<type>(ggml_backend_cuda_context &, const mmq_args &, cudaStream_t) [with type=GGML_TYPE_Q6_K]" at line 5 of C:\Users\pperv\code\unnamed_rpg\vendor\ggml\src\ggml-cuda\template-instances\mmq-instance-q6_k.cu
[build] 
[build] C:\Users\pperv\code\unnamed_rpg\vendor\ggml\src\ggml-cuda\mmq-vec-dot.cuh(207): warning #177-D: variable "I" was declared but never referenced
[build]       constexpr int I             = ggml_cuda_mmq_get_I(type, J, fallback);
[build]                     ^
[build]           detected during:
[build]             instantiation of "void ggml_cuda_mmq_vec_dot_q8_0_q8_1_mma<type,J,fallback,ds_layout>(const int *, const int *, float *, int) [with type=GGML_TYPE_Q6_K, J=120, fallback=false, ds_layout=MMQ_Q8_1_DS_LAYOUT_D4]" at line 716 of C:\Users\pperv\code\unnamed_rpg\vendor\ggml\src\ggml-cuda\template-instances\../mmq.cuh
[build]             instantiation of "ggml_cuda_mmq_util_funcs ggml_cuda_mmq_get_util_funcs<type,J,fallback>() [with type=GGML_TYPE_Q6_K, J=120, fallback=false]" at line 858 of C:\Users\pperv\code\unnamed_rpg\vendor\ggml\src\ggml-cuda\template-instances\../mmq.cuh
[build]             instantiation of "ggml_cuda_mmq_load_tiles_t ggml_cuda_mmq_get_load_tiles<type,J,fallback>() [with type=GGML_TYPE_Q6_K, J=120, fallback=false]" at line 885 of C:\Users\pperv\code\unnamed_rpg\vendor\ggml\src\ggml-cuda\template-instances\../mmq.cuh
[build]             instantiation of "void mul_mat_q_process_tile<type,J,fallback,fixup>(const char *, int, const int *, const int *, float *, float *, const float *, int, int, int, int, int, int, int) [with type=GGML_TYPE_Q6_K, J=120, fallback=false, fixup=false]" at line 1058 of C:\Users\pperv\code\unnamed_rpg\vendor\ggml\src\ggml-cuda\template-instances\../mmq.cuh
[build]             instantiation of "void mul_mat_q<type,J,fallback>(const char *, const int *, const int32_t *, const int32_t *, float *, float *, const float *, uint3, int, int, int, int, int, uint3, uint3, int, int, int, uint3, uint3, int, int, int, uint3) [with type=GGML_TYPE_Q6_K, J=120, fallback=false]" at line 1407 of C:\Users\pperv\code\unnamed_rpg\vendor\ggml\src\ggml-cuda\template-instances\../mmq.cuh
[build]             instantiation of "void launch_mul_mat_q<type,J,fallback>(ggml_backend_cuda_context &, const mmq_args &, cudaStream_t) [with type=GGML_TYPE_Q6_K, J=120, fallback=false]" at line 1546 of C:\Users\pperv\code\unnamed_rpg\vendor\ggml\src\ggml-cuda\template-instances\../mmq.cuh
[build]             instantiation of "void mul_mat_q_switch_J<type,fallback>(ggml_backend_cuda_context &, const mmq_args &, cudaStream_t) [with type=GGML_TYPE_Q6_K, fallback=false]" at line 1562 of C:\Users\pperv\code\unnamed_rpg\vendor\ggml\src\ggml-cuda\template-instances\../mmq.cuh
[build]             instantiation of "void mul_mat_q_case<type>(ggml_backend_cuda_context &, const mmq_args &, cudaStream_t) [with type=GGML_TYPE_Q6_K]" at line 5 of C:\Users\pperv\code\unnamed_rpg\vendor\ggml\src\ggml-cuda\template-instances\mmq-instance-q6_k.cu
[build] 
[build] C:\Users\pperv\code\unnamed_rpg\vendor\ggml\src\ggml-cuda\template-instances\../mmq.cuh(485): warning #177-D: variable "nwarps" was declared but never referenced
[build]       constexpr int nwarps        = ggml_cuda_mmq_get_nthreads(type, J, fallback) / warp_size;
[build]                     ^
[build]           detected during:
[build]             instantiation of "void ggml_cuda_mmq_write_back_mma<type,J,fallback>(const float *, const int *, float *, const float *, int, int, int) [with type=GGML_TYPE_Q6_K, J=120, fallback=false]" at line 716
[build]             instantiation of "ggml_cuda_mmq_util_funcs ggml_cuda_mmq_get_util_funcs<type,J,fallback>() [with type=GGML_TYPE_Q6_K, J=120, fallback=false]" at line 858
[build]             instantiation of "ggml_cuda_mmq_load_tiles_t ggml_cuda_mmq_get_load_tiles<type,J,fallback>() [with type=GGML_TYPE_Q6_K, J=120, fallback=false]" at line 885
[build]             instantiation of "void mul_mat_q_process_tile<type,J,fallback,fixup>(const char *, int, const int *, const int *, float *, float *, const float *, int, int, int, int, int, int, int) [with type=GGML_TYPE_Q6_K, J=120, fallback=false, fixup=false]" at line 1058
[build]             instantiation of "void mul_mat_q<type,J,fallback>(const char *, const int *, const int32_t *, const int32_t *, float *, float *, const float *, uint3, int, int, int, int, int, uint3, uint3, int, int, int, uint3, uint3, int, int, int, uint3) [with type=GGML_TYPE_Q6_K, J=120, fallback=false]" at line 1407
[build]             instantiation of "void launch_mul_mat_q<type,J,fallback>(ggml_backend_cuda_context &, const mmq_args &, cudaStream_t) [with type=GGML_TYPE_Q6_K, J=120, fallback=false]" at line 1546
[build]             instantiation of "void mul_mat_q_switch_J<type,fallback>(ggml_backend_cuda_context &, const mmq_args &, cudaStream_t) [with type=GGML_TYPE_Q6_K, fallback=false]" at line 1562
[build]             instantiation of "void mul_mat_q_case<type>(ggml_backend_cuda_context &, const mmq_args &, cudaStream_t) [with type=GGML_TYPE_Q6_K]" at line 5 of C:\Users\pperv\code\unnamed_rpg\vendor\ggml\src\ggml-cuda\template-instances\mmq-instance-q6_k.cu
[build] 
[build] C:\Users\pperv\code\unnamed_rpg\vendor\ggml\src\ggml-cuda\template-instances\../mmq.cuh(486): warning #177-D: variable "I" was declared but never referenced
[build]       constexpr int I             = ggml_cuda_mmq_get_I(type, J, fallback);
[build]                     ^
[build]           detected during:
[build]             instantiation of "void ggml_cuda_mmq_write_back_mma<type,J,fallback>(const float *, const int *, float *, const float *, int, int, int) [with type=GGML_TYPE_Q6_K, J=120, fallback=false]" at line 716
[build]             instantiation of "ggml_cuda_mmq_util_funcs ggml_cuda_mmq_get_util_funcs<type,J,fallback>() [with type=GGML_TYPE_Q6_K, J=120, fallback=false]" at line 858
[build]             instantiation of "ggml_cuda_mmq_load_tiles_t ggml_cuda_mmq_get_load_tiles<type,J,fallback>() [with type=GGML_TYPE_Q6_K, J=120, fallback=false]" at line 885
[build]             instantiation of "void mul_mat_q_process_tile<type,J,fallback,fixup>(const char *, int, const int *, const int *, float *, float *, const float *, int, int, int, int, int, int, int) [with type=GGML_TYPE_Q6_K, J=120, fallback=false, fixup=false]" at line 1058
[build]             instantiation of "void mul_mat_q<type,J,fallback>(const char *, const int *, const int32_t *, const int32_t *, float *, float *, const float *, uint3, int, int, int, int, int, uint3, uint3, int, int, int, uint3, uint3, int, int, int, uint3) [with type=GGML_TYPE_Q6_K, J=120, fallback=false]" at line 1407
[build]             instantiation of "void launch_mul_mat_q<type,J,fallback>(ggml_backend_cuda_context &, const mmq_args &, cudaStream_t) [with type=GGML_TYPE_Q6_K, J=120, fallback=false]" at line 1546
[build]             instantiation of "void mul_mat_q_switch_J<type,fallback>(ggml_backend_cuda_context &, const mmq_args &, cudaStream_t) [with type=GGML_TYPE_Q6_K, fallback=false]" at line 1562
[build]             instantiation of "void mul_mat_q_case<type>(ggml_backend_cuda_context &, const mmq_args &, cudaStream_t) [with type=GGML_TYPE_Q6_K]" at line 5 of C:\Users\pperv\code\unnamed_rpg\vendor\ggml\src\ggml-cuda\template-instances\mmq-instance-q6_k.cu
[build] 
[build] C:\Users\pperv\code\unnamed_rpg\vendor\ggml\src\ggml-cuda\mmq-vec-dot.cuh(207): warning #177-D: variable "I" was declared but never referenced
[build]       constexpr int I             = ggml_cuda_mmq_get_I(type, J, fallback);
[build]                     ^
[build]           detected during:
[build]             instantiation of "void ggml_cuda_mmq_vec_dot_q8_0_q8_1_mma<type,J,fallback,ds_layout>(const int *, const int *, float *, int) [with type=GGML_TYPE_Q6_K, J=120, fallback=false, ds_layout=MMQ_Q8_1_DS_LAYOUT_DS4]" at line 728 of C:\Users\pperv\code\unnamed_rpg\vendor\ggml\src\ggml-cuda\template-instances\../mmq.cuh
[build]             instantiation of "ggml_cuda_mmq_util_funcs ggml_cuda_mmq_get_util_funcs<type,J,fallback>() [with type=GGML_TYPE_Q6_K, J=120, fallback=false]" at line 858 of C:\Users\pperv\code\unnamed_rpg\vendor\ggml\src\ggml-cuda\template-instances\../mmq.cuh
[build]             instantiation of "ggml_cuda_mmq_load_tiles_t ggml_cuda_mmq_get_load_tiles<type,J,fallback>() [with type=GGML_TYPE_Q6_K, J=120, fallback=false]" at line 885 of C:\Users\pperv\code\unnamed_rpg\vendor\ggml\src\ggml-cuda\template-instances\../mmq.cuh
[build]             instantiation of "void mul_mat_q_process_tile<type,J,fallback,fixup>(const char *, int, const int *, const int *, float *, float *, const float *, int, int, int, int, int, int, int) [with type=GGML_TYPE_Q6_K, J=120, fallback=false, fixup=false]" at line 1058 of C:\Users\pperv\code\unnamed_rpg\vendor\ggml\src\ggml-cuda\template-instances\../mmq.cuh
[build]             instantiation of "void mul_mat_q<type,J,fallback>(const char *, const int *, const int32_t *, const int32_t *, float *, float *, const float *, uint3, int, int, int, int, int, uint3, uint3, int, int, int, uint3, uint3, int, int, int, uint3) [with type=GGML_TYPE_Q6_K, J=120, fallback=false]" at line 1407 of C:\Users\pperv\code\unnamed_rpg\vendor\ggml\src\ggml-cuda\template-instances\../mmq.cuh
[build]             instantiation of "void launch_mul_mat_q<type,J,fallback>(ggml_backend_cuda_context &, const mmq_args &, cudaStream_t) [with type=GGML_TYPE_Q6_K, J=120, fallback=false]" at line 1546 of C:\Users\pperv\code\unnamed_rpg\vendor\ggml\src\ggml-cuda\template-instances\../mmq.cuh
[build]             instantiation of "void mul_mat_q_switch_J<type,fallback>(ggml_backend_cuda_context &, const mmq_args &, cudaStream_t) [with type=GGML_TYPE_Q6_K, fallback=false]" at line 1562 of C:\Users\pperv\code\unnamed_rpg\vendor\ggml\src\ggml-cuda\template-instances\../mmq.cuh
[build]             instantiation of "void mul_mat_q_case<type>(ggml_backend_cuda_context &, const mmq_args &, cudaStream_t) [with type=GGML_TYPE_Q6_K]" at line 5 of C:\Users\pperv\code\unnamed_rpg\vendor\ggml\src\ggml-cuda\template-instances\mmq-instance-q6_k.cu
[build] 
[build] C:\Users\pperv\code\unnamed_rpg\vendor\ggml\src\ggml-cuda\mmq-vec-dot.cuh(374): warning #177-D: variable "I" was declared but never referenced
[build]       constexpr int I             = ggml_cuda_mmq_get_I(type, J, fallback);
[build]                     ^
[build]           detected during:
[build]             instantiation of "void ggml_cuda_mmq_vec_dot_q8_1_q8_1_mma<type,J,fallback>(const int *, const int *, float *, int) [with type=GGML_TYPE_Q6_K, J=120, fallback=false]" at line 734 of C:\Users\pperv\code\unnamed_rpg\vendor\ggml\src\ggml-cuda\template-instances\../mmq.cuh
[build]             instantiation of "ggml_cuda_mmq_util_funcs ggml_cuda_mmq_get_util_funcs<type,J,fallback>() [with type=GGML_TYPE_Q6_K, J=120, fallback=false]" at line 858 of C:\Users\pperv\code\unnamed_rpg\vendor\ggml\src\ggml-cuda\template-instances\../mmq.cuh
[build]             instantiation of "ggml_cuda_mmq_load_tiles_t ggml_cuda_mmq_get_load_tiles<type,J,fallback>() [with type=GGML_TYPE_Q6_K, J=120, fallback=false]" at line 885 of C:\Users\pperv\code\unnamed_rpg\vendor\ggml\src\ggml-cuda\template-instances\../mmq.cuh
[build]             instantiation of "void mul_mat_q_process_tile<type,J,fallback,fixup>(const char *, int, const int *, const int *, float *, float *, const float *, int, int, int, int, int, int, int) [with type=GGML_TYPE_Q6_K, J=120, fallback=false, fixup=false]" at line 1058 of C:\Users\pperv\code\unnamed_rpg\vendor\ggml\src\ggml-cuda\template-instances\../mmq.cuh
[build]             instantiation of "void mul_mat_q<type,J,fallback>(const char *, const int *, const int32_t *, const int32_t *, float *, float *, const float *, uint3, int, int, int, int, int, uint3, uint3, int, int, int, uint3, uint3, int, int, int, uint3) [with type=GGML_TYPE_Q6_K, J=120, fallback=false]" at line 1407 of C:\Users\pperv\code\unnamed_rpg\vendor\ggml\src\ggml-cuda\template-instances\../mmq.cuh
[build]             instantiation of "void launch_mul_mat_q<type,J,fallback>(ggml_backend_cuda_context &, const mmq_args &, cudaStream_t) [with type=GGML_TYPE_Q6_K, J=120, fallback=false]" at line 1546 of C:\Users\pperv\code\unnamed_rpg\vendor\ggml\src\ggml-cuda\template-instances\../mmq.cuh
[build]             instantiation of "void mul_mat_q_switch_J<type,fallback>(ggml_backend_cuda_context &, const mmq_args &, cudaStream_t) [with type=GGML_TYPE_Q6_K, fallback=false]" at line 1562 of C:\Users\pperv\code\unnamed_rpg\vendor\ggml\src\ggml-cuda\template-instances\../mmq.cuh
[build]             instantiation of "void mul_mat_q_case<type>(ggml_backend_cuda_context &, const mmq_args &, cudaStream_t) [with type=GGML_TYPE_Q6_K]" at line 5 of C:\Users\pperv\code\unnamed_rpg\vendor\ggml\src\ggml-cuda\template-instances\mmq-instance-q6_k.cu
[build] 
[build] C:\Users\pperv\code\unnamed_rpg\vendor\ggml\src\ggml-cuda\mmq-vec-dot.cuh(759): warning #177-D: variable "I" was declared but never referenced
[build]       constexpr int I             = ggml_cuda_mmq_get_I(type, J, fallback);
[build]                     ^
[build]           detected during:
[build]             instantiation of "void ggml_cuda_mmq_vec_dot_q2_K_q8_1_mma<type,J,fallback>(const int *, const int *, float *, int) [with type=GGML_TYPE_Q6_K, J=120, fallback=false]" at line 759 of C:\Users\pperv\code\unnamed_rpg\vendor\ggml\src\ggml-cuda\template-instances\../mmq.cuh
[build]             instantiation of "ggml_cuda_mmq_util_funcs ggml_cuda_mmq_get_util_funcs<type,J,fallback>() [with type=GGML_TYPE_Q6_K, J=120, fallback=false]" at line 858 of C:\Users\pperv\code\unnamed_rpg\vendor\ggml\src\ggml-cuda\template-instances\../mmq.cuh
[build]             instantiation of "ggml_cuda_mmq_load_tiles_t ggml_cuda_mmq_get_load_tiles<type,J,fallback>() [with type=GGML_TYPE_Q6_K, J=120, fallback=false]" at line 885 of C:\Users\pperv\code\unnamed_rpg\vendor\ggml\src\ggml-cuda\template-instances\../mmq.cuh
[build]             instantiation of "void mul_mat_q_process_tile<type,J,fallback,fixup>(const char *, int, const int *, const int *, float *, float *, const float *, int, int, int, int, int, int, int) [with type=GGML_TYPE_Q6_K, J=120, fallback=false, fixup=false]" at line 1058 of C:\Users\pperv\code\unnamed_rpg\vendor\ggml\src\ggml-cuda\template-instances\../mmq.cuh
[build]             instantiation of "void mul_mat_q<type,J,fallback>(const char *, const int *, const int32_t *, const int32_t *, float *, float *, const float *, uint3, int, int, int, int, int, uint3, uint3, int, int, int, uint3, uint3, int, int, int, uint3) [with type=GGML_TYPE_Q6_K, J=120, fallback=false]" at line 1407 of C:\Users\pperv\code\unnamed_rpg\vendor\ggml\src\ggml-cuda\template-instances\../mmq.cuh
[build]             instantiation of "void launch_mul_mat_q<type,J,fallback>(ggml_backend_cuda_context &, const mmq_args &, cudaStream_t) [with type=GGML_TYPE_Q6_K, J=120, fallback=false]" at line 1546 of C:\Users\pperv\code\unnamed_rpg\vendor\ggml\src\ggml-cuda\template-instances\../mmq.cuh
[build]             instantiation of "void mul_mat_q_switch_J<type,fallback>(ggml_backend_cuda_context &, const mmq_args &, cudaStream_t) [with type=GGML_TYPE_Q6_K, fallback=false]" at line 1562 of C:\Users\pperv\code\unnamed_rpg\vendor\ggml\src\ggml-cuda\template-instances\../mmq.cuh
[build]             instantiation of "void mul_mat_q_case<type>(ggml_backend_cuda_context &, const mmq_args &, cudaStream_t) [with type=GGML_TYPE_Q6_K]" at line 5 of C:\Users\pperv\code\unnamed_rpg\vendor\ggml\src\ggml-cuda\template-instances\mmq-instance-q6_k.cu
[build] 
[build] C:\Users\pperv\code\unnamed_rpg\vendor\ggml\src\ggml-cuda\mmq-vec-dot.cuh(540): warning #177-D: variable "I" was declared but never referenced
[build]       constexpr int I             = ggml_cuda_mmq_get_I(type, J, fallback);
[build]                     ^
[build]           detected during:
[build]             instantiation of "void ggml_cuda_mmq_vec_dot_q8_0_16_q8_1_mma<type,J,fallback>(const int *, const int *, float *, int) [with type=GGML_TYPE_Q6_K, J=120, fallback=false]" at line 765 of C:\Users\pperv\code\unnamed_rpg\vendor\ggml\src\ggml-cuda\template-instances\../mmq.cuh
[build]             instantiation of "ggml_cuda_mmq_util_funcs ggml_cuda_mmq_get_util_funcs<type,J,fallback>() [with type=GGML_TYPE_Q6_K, J=120, fallback=false]" at line 858 of C:\Users\pperv\code\unnamed_rpg\vendor\ggml\src\ggml-cuda\template-instances\../mmq.cuh
[build]             instantiation of "ggml_cuda_mmq_load_tiles_t ggml_cuda_mmq_get_load_tiles<type,J,fallback>() [with type=GGML_TYPE_Q6_K, J=120, fallback=false]" at line 885 of C:\Users\pperv\code\unnamed_rpg\vendor\ggml\src\ggml-cuda\template-instances\../mmq.cuh
[build]             instantiation of "void mul_mat_q_process_tile<type,J,fallback,fixup>(const char *, int, const int *, const int *, float *, float *, const float *, int, int, int, int, int, int, int) [with type=GGML_TYPE_Q6_K, J=120, fallback=false, fixup=false]" at line 1058 of C:\Users\pperv\code\unnamed_rpg\vendor\ggml\src\ggml-cuda\template-instances\../mmq.cuh
[build]             instantiation of "void mul_mat_q<type,J,fallback>(const char *, const int *, const int32_t *, const int32_t *, float *, float *, const float *, uint3, int, int, int, int, int, uint3, uint3, int, int, int, uint3, uint3, int, int, int, uint3) [with type=GGML_TYPE_Q6_K, J=120, fallback=false]" at line 1407 of C:\Users\pperv\code\unnamed_rpg\vendor\ggml\src\ggml-cuda\template-instances\../mmq.cuh
[build]             instantiation of "void launch_mul_mat_q<type,J,fallback>(ggml_backend_cuda_context &, const mmq_args &, cudaStream_t) [with type=GGML_TYPE_Q6_K, J=120, fallback=false]" at line 1546 of C:\Users\pperv\code\unnamed_rpg\vendor\ggml\src\ggml-cuda\template-instances\../mmq.cuh
[build]             instantiation of "void mul_mat_q_switch_J<type,fallback>(ggml_backend_cuda_context &, const mmq_args &, cudaStream_t) [with type=GGML_TYPE_Q6_K, fallback=false]" at line 1562 of C:\Users\pperv\code\unnamed_rpg\vendor\ggml\src\ggml-cuda\template-instances\../mmq.cuh
[build]             instantiation of "void mul_mat_q_case<type>(ggml_backend_cuda_context &, const mmq_args &, cudaStream_t) [with type=GGML_TYPE_Q6_K]" at line 5 of C:\Users\pperv\code\unnamed_rpg\vendor\ggml\src\ggml-cuda\template-instances\mmq-instance-q6_k.cu
[build] 
[build] C:\Users\pperv\code\unnamed_rpg\vendor\ggml\src\ggml-cuda\mmq-vec-dot.cuh(1078): warning #177-D: variable "I" was declared but never referenced
[build]       constexpr int I             = ggml_cuda_mmq_get_I(type, J, fallback);
[build]                     ^
[build]           detected during:
[build]             instantiation of "void ggml_cuda_mmq_vec_dot_q6_K_q8_1_mma<type,J,fallback>(const int *, const int *, float *, int) [with type=GGML_TYPE_Q6_K, J=120, fallback=false]" at line 783 of C:\Users\pperv\code\unnamed_rpg\vendor\ggml\src\ggml-cuda\template-instances\../mmq.cuh
[build]             instantiation of "ggml_cuda_mmq_util_funcs ggml_cuda_mmq_get_util_funcs<type,J,fallback>() [with type=GGML_TYPE_Q6_K, J=120, fallback=false]" at line 858 of C:\Users\pperv\code\unnamed_rpg\vendor\ggml\src\ggml-cuda\template-instances\../mmq.cuh
[build]             instantiation of "ggml_cuda_mmq_load_tiles_t ggml_cuda_mmq_get_load_tiles<type,J,fallback>() [with type=GGML_TYPE_Q6_K, J=120, fallback=false]" at line 885 of C:\Users\pperv\code\unnamed_rpg\vendor\ggml\src\ggml-cuda\template-instances\../mmq.cuh
[build]             instantiation of "void mul_mat_q_process_tile<type,J,fallback,fixup>(const char *, int, const int *, const int *, float *, float *, const float *, int, int, int, int, int, int, int) [with type=GGML_TYPE_Q6_K, J=120, fallback=false, fixup=false]" at line 1058 of C:\Users\pperv\code\unnamed_rpg\vendor\ggml\src\ggml-cuda\template-instances\../mmq.cuh
[build]             instantiation of "void mul_mat_q<type,J,fallback>(const char *, const int *, const int32_t *, const int32_t *, float *, float *, const float *, uint3, int, int, int, int, int, uint3, uint3, int, int, int, uint3, uint3, int, int, int, uint3) [with type=GGML_TYPE_Q6_K, J=120, fallback=false]" at line 1407 of C:\Users\pperv\code\unnamed_rpg\vendor\ggml\src\ggml-cuda\template-instances\../mmq.cuh
[build]             instantiation of "void launch_mul_mat_q<type,J,fallback>(ggml_backend_cuda_context &, const mmq_args &, cudaStream_t) [with type=GGML_TYPE_Q6_K, J=120, fallback=false]" at line 1546 of C:\Users\pperv\code\unnamed_rpg\vendor\ggml\src\ggml-cuda\template-instances\../mmq.cuh
[build]             instantiation of "void mul_mat_q_switch_J<type,fallback>(ggml_backend_cuda_context &, const mmq_args &, cudaStream_t) [with type=GGML_TYPE_Q6_K, fallback=false]" at line 1562 of C:\Users\pperv\code\unnamed_rpg\vendor\ggml\src\ggml-cuda\template-instances\../mmq.cuh
[build]             instantiation of "void mul_mat_q_case<type>(ggml_backend_cuda_context &, const mmq_args &, cudaStream_t) [with type=GGML_TYPE_Q6_K]" at line 5 of C:\Users\pperv\code\unnamed_rpg\vendor\ggml\src\ggml-cuda\template-instances\mmq-instance-q6_k.cu
[build] 
[build] C:\Users\pperv\code\unnamed_rpg\vendor\ggml\src\ggml-cuda\template-instances\../mmq.cuh(543): warning #177-D: variable "I" was declared but never referenced
[build]       constexpr int I = ggml_cuda_mmq_get_I(type, J, fallback);
[build]                     ^
[build]           detected during:
[build]             instantiation of "ggml_cuda_mmq_util_funcs ggml_cuda_mmq_get_util_funcs<type,J,fallback>() [with type=GGML_TYPE_Q6_K, J=120, fallback=false]" at line 858
[build]             instantiation of "ggml_cuda_mmq_load_tiles_t ggml_cuda_mmq_get_load_tiles<type,J,fallback>() [with type=GGML_TYPE_Q6_K, J=120, fallback=false]" at line 885
[build]             instantiation of "void mul_mat_q_process_tile<type,J,fallback,fixup>(const char *, int, const int *, const int *, float *, float *, const float *, int, int, int, int, int, int, int) [with type=GGML_TYPE_Q6_K, J=120, fallback=false, fixup=false]" at line 1058
[build]             instantiation of "void mul_mat_q<type,J,fallback>(const char *, const int *, const int32_t *, const int32_t *, float *, float *, const float *, uint3, int, int, int, int, int, uint3, uint3, int, int, int, uint3, uint3, int, int, int, uint3) [with type=GGML_TYPE_Q6_K, J=120, fallback=false]" at line 1407
[build]             instantiation of "void launch_mul_mat_q<type,J,fallback>(ggml_backend_cuda_context &, const mmq_args &, cudaStream_t) [with type=GGML_TYPE_Q6_K, J=120, fallback=false]" at line 1546
[build]             instantiation of "void mul_mat_q_switch_J<type,fallback>(ggml_backend_cuda_context &, const mmq_args &, cudaStream_t) [with type=GGML_TYPE_Q6_K, fallback=false]" at line 1562
[build]             instantiation of "void mul_mat_q_case<type>(ggml_backend_cuda_context &, const mmq_args &, cudaStream_t) [with type=GGML_TYPE_Q6_K]" at line 5 of C:\Users\pperv\code\unnamed_rpg\vendor\ggml\src\ggml-cuda\template-instances\mmq-instance-q6_k.cu
[build] 
[build] C:\Users\pperv\code\unnamed_rpg\vendor\ggml\src\ggml-cuda\mmq-vec-dot.cuh(207): warning #177-D: variable "I" was declared but never referenced
[build]       constexpr int I             = ggml_cuda_mmq_get_I(type, J, fallback);
[build]                     ^
[build]           detected during:
[build]             instantiation of "void ggml_cuda_mmq_vec_dot_q8_0_q8_1_mma<type,J,fallback,ds_layout>(const int *, const int *, float *, int) [with type=GGML_TYPE_Q6_K, J=120, fallback=true, ds_layout=MMQ_Q8_1_DS_LAYOUT_D4]" at line 716 of C:\Users\pperv\code\unnamed_rpg\vendor\ggml\src\ggml-cuda\template-instances\../mmq.cuh
[build]             instantiation of "ggml_cuda_mmq_util_funcs ggml_cuda_mmq_get_util_funcs<type,J,fallback>() [with type=GGML_TYPE_Q6_K, J=120, fallback=true]" at line 858 of C:\Users\pperv\code\unnamed_rpg\vendor\ggml\src\ggml-cuda\template-instances\../mmq.cuh
[build]             instantiation of "ggml_cuda_mmq_load_tiles_t ggml_cuda_mmq_get_load_tiles<type,J,fallback>() [with type=GGML_TYPE_Q6_K, J=120, fallback=true]" at line 885 of C:\Users\pperv\code\unnamed_rpg\vendor\ggml\src\ggml-cuda\template-instances\../mmq.cuh
[build]             instantiation of "void mul_mat_q_process_tile<type,J,fallback,fixup>(const char *, int, const int *, const int *, float *, float *, const float *, int, int, int, int, int, int, int) [with type=GGML_TYPE_Q6_K, J=120, fallback=true, fixup=false]" at line 1058 of C:\Users\pperv\code\unnamed_rpg\vendor\ggml\src\ggml-cuda\template-instances\../mmq.cuh
[build]             instantiation of "void mul_mat_q<type,J,fallback>(const char *, const int *, const int32_t *, const int32_t *, float *, float *, const float *, uint3, int, int, int, int, int, uint3, uint3, int, int, int, uint3, uint3, int, int, int, uint3) [with type=GGML_TYPE_Q6_K, J=120, fallback=true]" at line 1408 of C:\Users\pperv\code\unnamed_rpg\vendor\ggml\src\ggml-cuda\template-instances\../mmq.cuh
[build]             instantiation of "void launch_mul_mat_q<type,J,fallback>(ggml_backend_cuda_context &, const mmq_args &, cudaStream_t) [with type=GGML_TYPE_Q6_K, J=120, fallback=false]" at line 1546 of C:\Users\pperv\code\unnamed_rpg\vendor\ggml\src\ggml-cuda\template-instances\../mmq.cuh
[build]             instantiation of "void mul_mat_q_switch_J<type,fallback>(ggml_backend_cuda_context &, const mmq_args &, cudaStream_t) [with type=GGML_TYPE_Q6_K, fallback=false]" at line 1562 of C:\Users\pperv\code\unnamed_rpg\vendor\ggml\src\ggml-cuda\template-instances\../mmq.cuh
[build]             instantiation of "void mul_mat_q_case<type>(ggml_backend_cuda_context &, const mmq_args &, cudaStream_t) [with type=GGML_TYPE_Q6_K]" at line 5 of C:\Users\pperv\code\unnamed_rpg\vendor\ggml\src\ggml-cuda\template-instances\mmq-instance-q6_k.cu
[build] 
[build] C:\Users\pperv\code\unnamed_rpg\vendor\ggml\src\ggml-cuda\template-instances\../mmq.cuh(485): warning #177-D: variable "nwarps" was declared but never referenced
[build]       constexpr int nwarps        = ggml_cuda_mmq_get_nthreads(type, J, fallback) / warp_size;
[build]                     ^
[build]           detected during:
[build]             instantiation of "void ggml_cuda_mmq_write_back_mma<type,J,fallback>(const float *, const int *, float *, const float *, int, int, int) [with type=GGML_TYPE_Q6_K, J=120, fallback=true]" at line 716
[build]             instantiation of "ggml_cuda_mmq_util_funcs ggml_cuda_mmq_get_util_funcs<type,J,fallback>() [with type=GGML_TYPE_Q6_K, J=120, fallback=true]" at line 858
[build]             instantiation of "ggml_cuda_mmq_load_tiles_t ggml_cuda_mmq_get_load_tiles<type,J,fallback>() [with type=GGML_TYPE_Q6_K, J=120, fallback=true]" at line 885
[build]             instantiation of "void mul_mat_q_process_tile<type,J,fallback,fixup>(const char *, int, const int *, const int *, float *, float *, const float *, int, int, int, int, int, int, int) [with type=GGML_TYPE_Q6_K, J=120, fallback=true, fixup=false]" at line 1058
[build]             instantiation of "void mul_mat_q<type,J,fallback>(const char *, const int *, const int32_t *, const int32_t *, float *, float *, const float *, uint3, int, int, int, int, int, uint3, uint3, int, int, int, uint3, uint3, int, int, int, uint3) [with type=GGML_TYPE_Q6_K, J=120, fallback=true]" at line 1408
[build]             instantiation of "void launch_mul_mat_q<type,J,fallback>(ggml_backend_cuda_context &, const mmq_args &, cudaStream_t) [with type=GGML_TYPE_Q6_K, J=120, fallback=false]" at line 1546
[build]             instantiation of "void mul_mat_q_switch_J<type,fallback>(ggml_backend_cuda_context &, const mmq_args &, cudaStream_t) [with type=GGML_TYPE_Q6_K, fallback=false]" at line 1562
[build]             instantiation of "void mul_mat_q_case<type>(ggml_backend_cuda_context &, const mmq_args &, cudaStream_t) [with type=GGML_TYPE_Q6_K]" at line 5 of C:\Users\pperv\code\unnamed_rpg\vendor\ggml\src\ggml-cuda\template-instances\mmq-instance-q6_k.cu
[build] 
[build] C:\Users\pperv\code\unnamed_rpg\vendor\ggml\src\ggml-cuda\template-instances\../mmq.cuh(486): warning #177-D: variable "I" was declared but never referenced
[build]       constexpr int I             = ggml_cuda_mmq_get_I(type, J, fallback);
[build]                     ^
[build]           detected during:
[build]             instantiation of "void ggml_cuda_mmq_write_back_mma<type,J,fallback>(const float *, const int *, float *, const float *, int, int, int) [with type=GGML_TYPE_Q6_K, J=120, fallback=true]" at line 716
[build]             instantiation of "ggml_cuda_mmq_util_funcs ggml_cuda_mmq_get_util_funcs<type,J,fallback>() [with type=GGML_TYPE_Q6_K, J=120, fallback=true]" at line 858
[build]             instantiation of "ggml_cuda_mmq_load_tiles_t ggml_cuda_mmq_get_load_tiles<type,J,fallback>() [with type=GGML_TYPE_Q6_K, J=120, fallback=true]" at line 885
[build]             instantiation of "void mul_mat_q_process_tile<type,J,fallback,fixup>(const char *, int, const int *, const int *, float *, float *, const float *, int, int, int, int, int, int, int) [with type=GGML_TYPE_Q6_K, J=120, fallback=true, fixup=false]" at line 1058
[build]             instantiation of "void mul_mat_q<type,J,fallback>(const char *, const int *, const int32_t *, const int32_t *, float *, float *, const float *, uint3, int, int, int, int, int, uint3, uint3, int, int, int, uint3, uint3, int, int, int, uint3) [with type=GGML_TYPE_Q6_K, J=120, fallback=true]" at line 1408
[build]             instantiation of "void launch_mul_mat_q<type,J,fallback>(ggml_backend_cuda_context &, const mmq_args &, cudaStream_t) [with type=GGML_TYPE_Q6_K, J=120, fallback=false]" at line 1546
[build]             instantiation of "void mul_mat_q_switch_J<type,fallback>(ggml_backend_cuda_context &, const mmq_args &, cudaStream_t) [with type=GGML_TYPE_Q6_K, fallback=false]" at line 1562
[build]             instantiation of "void mul_mat_q_case<type>(ggml_backend_cuda_context &, const mmq_args &, cudaStream_t) [with type=GGML_TYPE_Q6_K]" at line 5 of C:\Users\pperv\code\unnamed_rpg\vendor\ggml\src\ggml-cuda\template-instances\mmq-instance-q6_k.cu
[build] 
[build] C:\Users\pperv\code\unnamed_rpg\vendor\ggml\src\ggml-cuda\mmq-vec-dot.cuh(207): warning #177-D: variable "I" was declared but never referenced
[build]       constexpr int I             = ggml_cuda_mmq_get_I(type, J, fallback);
[build]                     ^
[build]           detected during:
[build]             instantiation of "void ggml_cuda_mmq_vec_dot_q8_0_q8_1_mma<type,J,fallback,ds_layout>(const int *, const int *, float *, int) [with type=GGML_TYPE_Q6_K, J=120, fallback=true, ds_layout=MMQ_Q8_1_DS_LAYOUT_DS4]" at line 728 of C:\Users\pperv\code\unnamed_rpg\vendor\ggml\src\ggml-cuda\template-instances\../mmq.cuh
[build]             instantiation of "ggml_cuda_mmq_util_funcs ggml_cuda_mmq_get_util_funcs<type,J,fallback>() [with type=GGML_TYPE_Q6_K, J=120, fallback=true]" at line 858 of C:\Users\pperv\code\unnamed_rpg\vendor\ggml\src\ggml-cuda\template-instances\../mmq.cuh
[build]             instantiation of "ggml_cuda_mmq_load_tiles_t ggml_cuda_mmq_get_load_tiles<type,J,fallback>() [with type=GGML_TYPE_Q6_K, J=120, fallback=true]" at line 885 of C:\Users\pperv\code\unnamed_rpg\vendor\ggml\src\ggml-cuda\template-instances\../mmq.cuh
[build]             instantiation of "void mul_mat_q_process_tile<type,J,fallback,fixup>(const char *, int, const int *, const int *, float *, float *, const float *, int, int, int, int, int, int, int) [with type=GGML_TYPE_Q6_K, J=120, fallback=true, fixup=false]" at line 1058 of C:\Users\pperv\code\unnamed_rpg\vendor\ggml\src\ggml-cuda\template-instances\../mmq.cuh
[build]             instantiation of "void mul_mat_q<type,J,fallback>(const char *, const int *, const int32_t *, const int32_t *, float *, float *, const float *, uint3, int, int, int, int, int, uint3, uint3, int, int, int, uint3, uint3, int, int, int, uint3) [with type=GGML_TYPE_Q6_K, J=120, fallback=true]" at line 1408 of C:\Users\pperv\code\unnamed_rpg\vendor\ggml\src\ggml-cuda\template-instances\../mmq.cuh
[build]             instantiation of "void launch_mul_mat_q<type,J,fallback>(ggml_backend_cuda_context &, const mmq_args &, cudaStream_t) [with type=GGML_TYPE_Q6_K, J=120, fallback=false]" at line 1546 of C:\Users\pperv\code\unnamed_rpg\vendor\ggml\src\ggml-cuda\template-instances\../mmq.cuh
[build]             instantiation of "void mul_mat_q_switch_J<type,fallback>(ggml_backend_cuda_context &, const mmq_args &, cudaStream_t) [with type=GGML_TYPE_Q6_K, fallback=false]" at line 1562 of C:\Users\pperv\code\unnamed_rpg\vendor\ggml\src\ggml-cuda\template-instances\../mmq.cuh
[build]             instantiation of "void mul_mat_q_case<type>(ggml_backend_cuda_context &, const mmq_args &, cudaStream_t) [with type=GGML_TYPE_Q6_K]" at line 5 of C:\Users\pperv\code\unnamed_rpg\vendor\ggml\src\ggml-cuda\template-instances\mmq-instance-q6_k.cu
[build] 
[build] C:\Users\pperv\code\unnamed_rpg\vendor\ggml\src\ggml-cuda\mmq-vec-dot.cuh(374): warning #177-D: variable "I" was declared but never referenced
[build]       constexpr int I             = ggml_cuda_mmq_get_I(type, J, fallback);
[build]                     ^
[build]           detected during:
[build]             instantiation of "void ggml_cuda_mmq_vec_dot_q8_1_q8_1_mma<type,J,fallback>(const int *, const int *, float *, int) [with type=GGML_TYPE_Q6_K, J=120, fallback=true]" at line 734 of C:\Users\pperv\code\unnamed_rpg\vendor\ggml\src\ggml-cuda\template-instances\../mmq.cuh
[build]             instantiation of "ggml_cuda_mmq_util_funcs ggml_cuda_mmq_get_util_funcs<type,J,fallback>() [with type=GGML_TYPE_Q6_K, J=120, fallback=true]" at line 858 of C:\Users\pperv\code\unnamed_rpg\vendor\ggml\src\ggml-cuda\template-instances\../mmq.cuh
[build]             instantiation of "ggml_cuda_mmq_load_tiles_t ggml_cuda_mmq_get_load_tiles<type,J,fallback>() [with type=GGML_TYPE_Q6_K, J=120, fallback=true]" at line 885 of C:\Users\pperv\code\unnamed_rpg\vendor\ggml\src\ggml-cuda\template-instances\../mmq.cuh
[build]             instantiation of "void mul_mat_q_process_tile<type,J,fallback,fixup>(const char *, int, const int *, const int *, float *, float *, const float *, int, int, int, int, int, int, int) [with type=GGML_TYPE_Q6_K, J=120, fallback=true, fixup=false]" at line 1058 of C:\Users\pperv\code\unnamed_rpg\vendor\ggml\src\ggml-cuda\template-instances\../mmq.cuh
[build]             instantiation of "void mul_mat_q<type,J,fallback>(const char *, const int *, const int32_t *, const int32_t *, float *, float *, const float *, uint3, int, int, int, int, int, uint3, uint3, int, int, int, uint3, uint3, int, int, int, uint3) [with type=GGML_TYPE_Q6_K, J=120, fallback=true]" at line 1408 of C:\Users\pperv\code\unnamed_rpg\vendor\ggml\src\ggml-cuda\template-instances\../mmq.cuh
[build]             instantiation of "void launch_mul_mat_q<type,J,fallback>(ggml_backend_cuda_context &, const mmq_args &, cudaStream_t) [with type=GGML_TYPE_Q6_K, J=120, fallback=false]" at line 1546 of C:\Users\pperv\code\unnamed_rpg\vendor\ggml\src\ggml-cuda\template-instances\../mmq.cuh
[build]             instantiation of "void mul_mat_q_switch_J<type,fallback>(ggml_backend_cuda_context &, const mmq_args &, cudaStream_t) [with type=GGML_TYPE_Q6_K, fallback=false]" at line 1562 of C:\Users\pperv\code\unnamed_rpg\vendor\ggml\src\ggml-cuda\template-instances\../mmq.cuh
[build]             instantiation of "void mul_mat_q_case<type>(ggml_backend_cuda_context &, const mmq_args &, cudaStream_t) [with type=GGML_TYPE_Q6_K]" at line 5 of C:\Users\pperv\code\unnamed_rpg\vendor\ggml\src\ggml-cuda\template-instances\mmq-instance-q6_k.cu
[build] 
[build] C:\Users\pperv\code\unnamed_rpg\vendor\ggml\src\ggml-cuda\mmq-vec-dot.cuh(759): warning #177-D: variable "I" was declared but never referenced
[build]       constexpr int I             = ggml_cuda_mmq_get_I(type, J, fallback);
[build]                     ^
[build]           detected during:
[build]             instantiation of "void ggml_cuda_mmq_vec_dot_q2_K_q8_1_mma<type,J,fallback>(const int *, const int *, float *, int) [with type=GGML_TYPE_Q6_K, J=120, fallback=true]" at line 759 of C:\Users\pperv\code\unnamed_rpg\vendor\ggml\src\ggml-cuda\template-instances\../mmq.cuh
[build]             instantiation of "ggml_cuda_mmq_util_funcs ggml_cuda_mmq_get_util_funcs<type,J,fallback>() [with type=GGML_TYPE_Q6_K, J=120, fallback=true]" at line 858 of C:\Users\pperv\code\unnamed_rpg\vendor\ggml\src\ggml-cuda\template-instances\../mmq.cuh
[build]             instantiation of "ggml_cuda_mmq_load_tiles_t ggml_cuda_mmq_get_load_tiles<type,J,fallback>() [with type=GGML_TYPE_Q6_K, J=120, fallback=true]" at line 885 of C:\Users\pperv\code\unnamed_rpg\vendor\ggml\src\ggml-cuda\template-instances\../mmq.cuh
[build]             instantiation of "void mul_mat_q_process_tile<type,J,fallback,fixup>(const char *, int, const int *, const int *, float *, float *, const float *, int, int, int, int, int, int, int) [with type=GGML_TYPE_Q6_K, J=120, fallback=true, fixup=false]" at line 1058 of C:\Users\pperv\code\unnamed_rpg\vendor\ggml\src\ggml-cuda\template-instances\../mmq.cuh
[build]             instantiation of "void mul_mat_q<type,J,fallback>(const char *, const int *, const int32_t *, const int32_t *, float *, float *, const float *, uint3, int, int, int, int, int, uint3, uint3, int, int, int, uint3, uint3, int, int, int, uint3) [with type=GGML_TYPE_Q6_K, J=120, fallback=true]" at line 1408 of C:\Users\pperv\code\unnamed_rpg\vendor\ggml\src\ggml-cuda\template-instances\../mmq.cuh
[build]             instantiation of "void launch_mul_mat_q<type,J,fallback>(ggml_backend_cuda_context &, const mmq_args &, cudaStream_t) [with type=GGML_TYPE_Q6_K, J=120, fallback=false]" at line 1546 of C:\Users\pperv\code\unnamed_rpg\vendor\ggml\src\ggml-cuda\template-instances\../mmq.cuh
[build]             instantiation of "void mul_mat_q_switch_J<type,fallback>(ggml_backend_cuda_context &, const mmq_args &, cudaStream_t) [with type=GGML_TYPE_Q6_K, fallback=false]" at line 1562 of C:\Users\pperv\code\unnamed_rpg\vendor\ggml\src\ggml-cuda\template-instances\../mmq.cuh
[build]             instantiation of "void mul_mat_q_case<type>(ggml_backend_cuda_context &, const mmq_args &, cudaStream_t) [with type=GGML_TYPE_Q6_K]" at line 5 of C:\Users\pperv\code\unnamed_rpg\vendor\ggml\src\ggml-cuda\template-instances\mmq-instance-q6_k.cu
[build] 
[build] C:\Users\pperv\code\unnamed_rpg\vendor\ggml\src\ggml-cuda\mmq-vec-dot.cuh(540): warning #177-D: variable "I" was declared but never referenced
[build]       constexpr int I             = ggml_cuda_mmq_get_I(type, J, fallback);
[build]                     ^
[build]           detected during:
[build]             instantiation of "void ggml_cuda_mmq_vec_dot_q8_0_16_q8_1_mma<type,J,fallback>(const int *, const int *, float *, int) [with type=GGML_TYPE_Q6_K, J=120, fallback=true]" at line 765 of C:\Users\pperv\code\unnamed_rpg\vendor\ggml\src\ggml-cuda\template-instances\../mmq.cuh
[build]             instantiation of "ggml_cuda_mmq_util_funcs ggml_cuda_mmq_get_util_funcs<type,J,fallback>() [with type=GGML_TYPE_Q6_K, J=120, fallback=true]" at line 858 of C:\Users\pperv\code\unnamed_rpg\vendor\ggml\src\ggml-cuda\template-instances\../mmq.cuh
[build]             instantiation of "ggml_cuda_mmq_load_tiles_t ggml_cuda_mmq_get_load_tiles<type,J,fallback>() [with type=GGML_TYPE_Q6_K, J=120, fallback=true]" at line 885 of C:\Users\pperv\code\unnamed_rpg\vendor\ggml\src\ggml-cuda\template-instances\../mmq.cuh
[build]             instantiation of "void mul_mat_q_process_tile<type,J,fallback,fixup>(const char *, int, const int *, const int *, float *, float *, const float *, int, int, int, int, int, int, int) [with type=GGML_TYPE_Q6_K, J=120, fallback=true, fixup=false]" at line 1058 of C:\Users\pperv\code\unnamed_rpg\vendor\ggml\src\ggml-cuda\template-instances\../mmq.cuh
[build]             instantiation of "void mul_mat_q<type,J,fallback>(const char *, const int *, const int32_t *, const int32_t *, float *, float *, const float *, uint3, int, int, int, int, int, uint3, uint3, int, int, int, uint3, uint3, int, int, int, uint3) [with type=GGML_TYPE_Q6_K, J=120, fallback=true]" at line 1408 of C:\Users\pperv\code\unnamed_rpg\vendor\ggml\src\ggml-cuda\template-instances\../mmq.cuh
[build]             instantiation of "void launch_mul_mat_q<type,J,fallback>(ggml_backend_cuda_context &, const mmq_args &, cudaStream_t) [with type=GGML_TYPE_Q6_K, J=120, fallback=false]" at line 1546 of C:\Users\pperv\code\unnamed_rpg\vendor\ggml\src\ggml-cuda\template-instances\../mmq.cuh
[build]             instantiation of "void mul_mat_q_switch_J<type,fallback>(ggml_backend_cuda_context &, const mmq_args &, cudaStream_t) [with type=GGML_TYPE_Q6_K, fallback=false]" at line 1562 of C:\Users\pperv\code\unnamed_rpg\vendor\ggml\src\ggml-cuda\template-instances\../mmq.cuh
[build]             instantiation of "void mul_mat_q_case<type>(ggml_backend_cuda_context &, const mmq_args &, cudaStream_t) [with type=GGML_TYPE_Q6_K]" at line 5 of C:\Users\pperv\code\unnamed_rpg\vendor\ggml\src\ggml-cuda\template-instances\mmq-instance-q6_k.cu
[build] 
[build] C:\Users\pperv\code\unnamed_rpg\vendor\ggml\src\ggml-cuda\mmq-vec-dot.cuh(1078): warning #177-D: variable "I" was declared but never referenced
[build]       constexpr int I             = ggml_cuda_mmq_get_I(type, J, fallback);
[build]                     ^
[build]           detected during:
[build]             instantiation of "void ggml_cuda_mmq_vec_dot_q6_K_q8_1_mma<type,J,fallback>(const int *, const int *, float *, int) [with type=GGML_TYPE_Q6_K, J=120, fallback=true]" at line 783 of C:\Users\pperv\code\unnamed_rpg\vendor\ggml\src\ggml-cuda\template-instances\../mmq.cuh
[build]             instantiation of "ggml_cuda_mmq_util_funcs ggml_cuda_mmq_get_util_funcs<type,J,fallback>() [with type=GGML_TYPE_Q6_K, J=120, fallback=true]" at line 858 of C:\Users\pperv\code\unnamed_rpg\vendor\ggml\src\ggml-cuda\template-instances\../mmq.cuh
[build]             instantiation of "ggml_cuda_mmq_load_tiles_t ggml_cuda_mmq_get_load_tiles<type,J,fallback>() [with type=GGML_TYPE_Q6_K, J=120, fallback=true]" at line 885 of C:\Users\pperv\code\unnamed_rpg\vendor\ggml\src\ggml-cuda\template-instances\../mmq.cuh
[build]             instantiation of "void mul_mat_q_process_tile<type,J,fallback,fixup>(const char *, int, const int *, const int *, float *, float *, const float *, int, int, int, int, int, int, int) [with type=GGML_TYPE_Q6_K, J=120, fallback=true, fixup=false]" at line 1058 of C:\Users\pperv\code\unnamed_rpg\vendor\ggml\src\ggml-cuda\template-instances\../mmq.cuh
[build]             instantiation of "void mul_mat_q<type,J,fallback>(const char *, const int *, const int32_t *, const int32_t *, float *, float *, const float *, uint3, int, int, int, int, int, uint3, uint3, int, int, int, uint3, uint3, int, int, int, uint3) [with type=GGML_TYPE_Q6_K, J=120, fallback=true]" at line 1408 of C:\Users\pperv\code\unnamed_rpg\vendor\ggml\src\ggml-cuda\template-instances\../mmq.cuh
[build]             instantiation of "void launch_mul_mat_q<type,J,fallback>(ggml_backend_cuda_context &, const mmq_args &, cudaStream_t) [with type=GGML_TYPE_Q6_K, J=120, fallback=false]" at line 1546 of C:\Users\pperv\code\unnamed_rpg\vendor\ggml\src\ggml-cuda\template-instances\../mmq.cuh
[build]             instantiation of "void mul_mat_q_switch_J<type,fallback>(ggml_backend_cuda_context &, const mmq_args &, cudaStream_t) [with type=GGML_TYPE_Q6_K, fallback=false]" at line 1562 of C:\Users\pperv\code\unnamed_rpg\vendor\ggml\src\ggml-cuda\template-instances\../mmq.cuh
[build]             instantiation of "void mul_mat_q_case<type>(ggml_backend_cuda_context &, const mmq_args &, cudaStream_t) [with type=GGML_TYPE_Q6_K]" at line 5 of C:\Users\pperv\code\unnamed_rpg\vendor\ggml\src\ggml-cuda\template-instances\mmq-instance-q6_k.cu
[build] 
[build] C:\Users\pperv\code\unnamed_rpg\vendor\ggml\src\ggml-cuda\template-instances\../mmq.cuh(543): warning #177-D: variable "I" was declared but never referenced
[build]       constexpr int I = ggml_cuda_mmq_get_I(type, J, fallback);
[build]                     ^
[build]           detected during:
[build]             instantiation of "ggml_cuda_mmq_util_funcs ggml_cuda_mmq_get_util_funcs<type,J,fallback>() [with type=GGML_TYPE_Q6_K, J=120, fallback=true]" at line 858
[build]             instantiation of "ggml_cuda_mmq_load_tiles_t ggml_cuda_mmq_get_load_tiles<type,J,fallback>() [with type=GGML_TYPE_Q6_K, J=120, fallback=true]" at line 885
[build]             instantiation of "void mul_mat_q_process_tile<type,J,fallback,fixup>(const char *, int, const int *, const int *, float *, float *, const float *, int, int, int, int, int, int, int) [with type=GGML_TYPE_Q6_K, J=120, fallback=true, fixup=false]" at line 1058
[build]             instantiation of "void mul_mat_q<type,J,fallback>(const char *, const int *, const int32_t *, const int32_t *, float *, float *, const float *, uint3, int, int, int, int, int, uint3, uint3, int, int, int, uint3, uint3, int, int, int, uint3) [with type=GGML_TYPE_Q6_K, J=120, fallback=true]" at line 1408
[build]             instantiation of "void launch_mul_mat_q<type,J,fallback>(ggml_backend_cuda_context &, const mmq_args &, cudaStream_t) [with type=GGML_TYPE_Q6_K, J=120, fallback=false]" at line 1546
[build]             instantiation of "void mul_mat_q_switch_J<type,fallback>(ggml_backend_cuda_context &, const mmq_args &, cudaStream_t) [with type=GGML_TYPE_Q6_K, fallback=false]" at line 1562
[build]             instantiation of "void mul_mat_q_case<type>(ggml_backend_cuda_context &, const mmq_args &, cudaStream_t) [with type=GGML_TYPE_Q6_K]" at line 5 of C:\Users\pperv\code\unnamed_rpg\vendor\ggml\src\ggml-cuda\template-instances\mmq-instance-q6_k.cu
[build] 
[build] C:\Users\pperv\code\unnamed_rpg\vendor\ggml\src\ggml-cuda\mmq-vec-dot.cuh(207): warning #177-D: variable "I" was declared but never referenced
[build]       constexpr int I             = ggml_cuda_mmq_get_I(type, J, fallback);
[build]                     ^
[build]           detected during:
[build]             instantiation of "void ggml_cuda_mmq_vec_dot_q8_0_q8_1_mma<type,J,fallback,ds_layout>(const int *, const int *, float *, int) [with type=GGML_TYPE_Q6_K, J=128, fallback=false, ds_layout=MMQ_Q8_1_DS_LAYOUT_D4]" at line 716 of C:\Users\pperv\code\unnamed_rpg\vendor\ggml\src\ggml-cuda\template-instances\../mmq.cuh
[build]             instantiation of "ggml_cuda_mmq_util_funcs ggml_cuda_mmq_get_util_funcs<type,J,fallback>() [with type=GGML_TYPE_Q6_K, J=128, fallback=false]" at line 858 of C:\Users\pperv\code\unnamed_rpg\vendor\ggml\src\ggml-cuda\template-instances\../mmq.cuh
[build]             instantiation of "ggml_cuda_mmq_load_tiles_t ggml_cuda_mmq_get_load_tiles<type,J,fallback>() [with type=GGML_TYPE_Q6_K, J=128, fallback=false]" at line 885 of C:\Users\pperv\code\unnamed_rpg\vendor\ggml\src\ggml-cuda\template-instances\../mmq.cuh
[build]             instantiation of "void mul_mat_q_process_tile<type,J,fallback,fixup>(const char *, int, const int *, const int *, float *, float *, const float *, int, int, int, int, int, int, int) [with type=GGML_TYPE_Q6_K, J=128, fallback=false, fixup=false]" at line 1152 of C:\Users\pperv\code\unnamed_rpg\vendor\ggml\src\ggml-cuda\template-instances\../mmq.cuh
[build]             instantiation of "void mul_mat_q<type,J,fallback>(const char *, const int *, const int32_t *, const int32_t *, float *, float *, const float *, uint3, int, int, int, int, int, uint3, uint3, int, int, int, uint3, uint3, int, int, int, uint3) [with type=GGML_TYPE_Q6_K, J=128, fallback=false]" at line 1407 of C:\Users\pperv\code\unnamed_rpg\vendor\ggml\src\ggml-cuda\template-instances\../mmq.cuh
[build]             instantiation of "void launch_mul_mat_q<type,J,fallback>(ggml_backend_cuda_context &, const mmq_args &, cudaStream_t) [with type=GGML_TYPE_Q6_K, J=128, fallback=false]" at line 1549 of C:\Users\pperv\code\unnamed_rpg\vendor\ggml\src\ggml-cuda\template-instances\../mmq.cuh
[build]             instantiation of "void mul_mat_q_switch_J<type,fallback>(ggml_backend_cuda_context &, const mmq_args &, cudaStream_t) [with type=GGML_TYPE_Q6_K, fallback=false]" at line 1562 of C:\Users\pperv\code\unnamed_rpg\vendor\ggml\src\ggml-cuda\template-instances\../mmq.cuh
[build]             instantiation of "void mul_mat_q_case<type>(ggml_backend_cuda_context &, const mmq_args &, cudaStream_t) [with type=GGML_TYPE_Q6_K]" at line 5 of C:\Users\pperv\code\unnamed_rpg\vendor\ggml\src\ggml-cuda\template-instances\mmq-instance-q6_k.cu
[build] 
[build] C:\Users\pperv\code\unnamed_rpg\vendor\ggml\src\ggml-cuda\template-instances\../mmq.cuh(485): warning #177-D: variable "nwarps" was declared but never referenced
[build]       constexpr int nwarps        = ggml_cuda_mmq_get_nthreads(type, J, fallback) / warp_size;
[build]                     ^
[build]           detected during:
[build]             instantiation of "void ggml_cuda_mmq_write_back_mma<type,J,fallback>(const float *, const int *, float *, const float *, int, int, int) [with type=GGML_TYPE_Q6_K, J=128, fallback=false]" at line 716
[build]             instantiation of "ggml_cuda_mmq_util_funcs ggml_cuda_mmq_get_util_funcs<type,J,fallback>() [with type=GGML_TYPE_Q6_K, J=128, fallback=false]" at line 858
[build]             instantiation of "ggml_cuda_mmq_load_tiles_t ggml_cuda_mmq_get_load_tiles<type,J,fallback>() [with type=GGML_TYPE_Q6_K, J=128, fallback=false]" at line 885
[build]             instantiation of "void mul_mat_q_process_tile<type,J,fallback,fixup>(const char *, int, const int *, const int *, float *, float *, const float *, int, int, int, int, int, int, int) [with type=GGML_TYPE_Q6_K, J=128, fallback=false, fixup=false]" at line 1152
[build]             instantiation of "void mul_mat_q<type,J,fallback>(const char *, const int *, const int32_t *, const int32_t *, float *, float *, const float *, uint3, int, int, int, int, int, uint3, uint3, int, int, int, uint3, uint3, int, int, int, uint3) [with type=GGML_TYPE_Q6_K, J=128, fallback=false]" at line 1407
[build]             instantiation of "void launch_mul_mat_q<type,J,fallback>(ggml_backend_cuda_context &, const mmq_args &, cudaStream_t) [with type=GGML_TYPE_Q6_K, J=128, fallback=false]" at line 1549
[build]             instantiation of "void mul_mat_q_switch_J<type,fallback>(ggml_backend_cuda_context &, const mmq_args &, cudaStream_t) [with type=GGML_TYPE_Q6_K, fallback=false]" at line 1562
[build]             instantiation of "void mul_mat_q_case<type>(ggml_backend_cuda_context &, const mmq_args &, cudaStream_t) [with type=GGML_TYPE_Q6_K]" at line 5 of C:\Users\pperv\code\unnamed_rpg\vendor\ggml\src\ggml-cuda\template-instances\mmq-instance-q6_k.cu
[build] 
[build] C:\Users\pperv\code\unnamed_rpg\vendor\ggml\src\ggml-cuda\template-instances\../mmq.cuh(486): warning #177-D: variable "I" was declared but never referenced
[build]       constexpr int I             = ggml_cuda_mmq_get_I(type, J, fallback);
[build]                     ^
[build]           detected during:
[build]             instantiation of "void ggml_cuda_mmq_write_back_mma<type,J,fallback>(const float *, const int *, float *, const float *, int, int, int) [with type=GGML_TYPE_Q6_K, J=128, fallback=false]" at line 716
[build]             instantiation of "ggml_cuda_mmq_util_funcs ggml_cuda_mmq_get_util_funcs<type,J,fallback>() [with type=GGML_TYPE_Q6_K, J=128, fallback=false]" at line 858
[build]             instantiation of "ggml_cuda_mmq_load_tiles_t ggml_cuda_mmq_get_load_tiles<type,J,fallback>() [with type=GGML_TYPE_Q6_K, J=128, fallback=false]" at line 885
[build]             instantiation of "void mul_mat_q_process_tile<type,J,fallback,fixup>(const char *, int, const int *, const int *, float *, float *, const float *, int, int, int, int, int, int, int) [with type=GGML_TYPE_Q6_K, J=128, fallback=false, fixup=false]" at line 1152
[build]             instantiation of "void mul_mat_q<type,J,fallback>(const char *, const int *, const int32_t *, const int32_t *, float *, float *, const float *, uint3, int, int, int, int, int, uint3, uint3, int, int, int, uint3, uint3, int, int, int, uint3) [with type=GGML_TYPE_Q6_K, J=128, fallback=false]" at line 1407
[build]             instantiation of "void launch_mul_mat_q<type,J,fallback>(ggml_backend_cuda_context &, const mmq_args &, cudaStream_t) [with type=GGML_TYPE_Q6_K, J=128, fallback=false]" at line 1549
[build]             instantiation of "void mul_mat_q_switch_J<type,fallback>(ggml_backend_cuda_context &, const mmq_args &, cudaStream_t) [with type=GGML_TYPE_Q6_K, fallback=false]" at line 1562
[build]             instantiation of "void mul_mat_q_case<type>(ggml_backend_cuda_context &, const mmq_args &, cudaStream_t) [with type=GGML_TYPE_Q6_K]" at line 5 of C:\Users\pperv\code\unnamed_rpg\vendor\ggml\src\ggml-cuda\template-instances\mmq-instance-q6_k.cu
[build] 
[build] C:\Users\pperv\code\unnamed_rpg\vendor\ggml\src\ggml-cuda\mmq-vec-dot.cuh(207): warning #177-D: variable "I" was declared but never referenced
[build]       constexpr int I             = ggml_cuda_mmq_get_I(type, J, fallback);
[build]                     ^
[build]           detected during:
[build]             instantiation of "void ggml_cuda_mmq_vec_dot_q8_0_q8_1_mma<type,J,fallback,ds_layout>(const int *, const int *, float *, int) [with type=GGML_TYPE_Q6_K, J=128, fallback=false, ds_layout=MMQ_Q8_1_DS_LAYOUT_DS4]" at line 728 of C:\Users\pperv\code\unnamed_rpg\vendor\ggml\src\ggml-cuda\template-instances\../mmq.cuh
[build]             instantiation of "ggml_cuda_mmq_util_funcs ggml_cuda_mmq_get_util_funcs<type,J,fallback>() [with type=GGML_TYPE_Q6_K, J=128, fallback=false]" at line 858 of C:\Users\pperv\code\unnamed_rpg\vendor\ggml\src\ggml-cuda\template-instances\../mmq.cuh
[build]             instantiation of "ggml_cuda_mmq_load_tiles_t ggml_cuda_mmq_get_load_tiles<type,J,fallback>() [with type=GGML_TYPE_Q6_K, J=128, fallback=false]" at line 885 of C:\Users\pperv\code\unnamed_rpg\vendor\ggml\src\ggml-cuda\template-instances\../mmq.cuh
[build]             instantiation of "void mul_mat_q_process_tile<type,J,fallback,fixup>(const char *, int, const int *, const int *, float *, float *, const float *, int, int, int, int, int, int, int) [with type=GGML_TYPE_Q6_K, J=128, fallback=false, fixup=false]" at line 1152 of C:\Users\pperv\code\unnamed_rpg\vendor\ggml\src\ggml-cuda\template-instances\../mmq.cuh
[build]             instantiation of "void mul_mat_q<type,J,fallback>(const char *, const int *, const int32_t *, const int32_t *, float *, float *, const float *, uint3, int, int, int, int, int, uint3, uint3, int, int, int, uint3, uint3, int, int, int, uint3) [with type=GGML_TYPE_Q6_K, J=128, fallback=false]" at line 1407 of C:\Users\pperv\code\unnamed_rpg\vendor\ggml\src\ggml-cuda\template-instances\../mmq.cuh
[build]             instantiation of "void launch_mul_mat_q<type,J,fallback>(ggml_backend_cuda_context &, const mmq_args &, cudaStream_t) [with type=GGML_TYPE_Q6_K, J=128, fallback=false]" at line 1549 of C:\Users\pperv\code\unnamed_rpg\vendor\ggml\src\ggml-cuda\template-instances\../mmq.cuh
[build]             instantiation of "void mul_mat_q_switch_J<type,fallback>(ggml_backend_cuda_context &, const mmq_args &, cudaStream_t) [with type=GGML_TYPE_Q6_K, fallback=false]" at line 1562 of C:\Users\pperv\code\unnamed_rpg\vendor\ggml\src\ggml-cuda\template-instances\../mmq.cuh
[build]             instantiation of "void mul_mat_q_case<type>(ggml_backend_cuda_context &, const mmq_args &, cudaStream_t) [with type=GGML_TYPE_Q6_K]" at line 5 of C:\Users\pperv\code\unnamed_rpg\vendor\ggml\src\ggml-cuda\template-instances\mmq-instance-q6_k.cu
[build] 
[build] C:\Users\pperv\code\unnamed_rpg\vendor\ggml\src\ggml-cuda\mmq-vec-dot.cuh(374): warning #177-D: variable "I" was declared but never referenced
[build]       constexpr int I             = ggml_cuda_mmq_get_I(type, J, fallback);
[build]                     ^
[build]           detected during:
[build]             instantiation of "void ggml_cuda_mmq_vec_dot_q8_1_q8_1_mma<type,J,fallback>(const int *, const int *, float *, int) [with type=GGML_TYPE_Q6_K, J=128, fallback=false]" at line 734 of C:\Users\pperv\code\unnamed_rpg\vendor\ggml\src\ggml-cuda\template-instances\../mmq.cuh
[build]             instantiation of "ggml_cuda_mmq_util_funcs ggml_cuda_mmq_get_util_funcs<type,J,fallback>() [with type=GGML_TYPE_Q6_K, J=128, fallback=false]" at line 858 of C:\Users\pperv\code\unnamed_rpg\vendor\ggml\src\ggml-cuda\template-instances\../mmq.cuh
[build]             instantiation of "ggml_cuda_mmq_load_tiles_t ggml_cuda_mmq_get_load_tiles<type,J,fallback>() [with type=GGML_TYPE_Q6_K, J=128, fallback=false]" at line 885 of C:\Users\pperv\code\unnamed_rpg\vendor\ggml\src\ggml-cuda\template-instances\../mmq.cuh
[build]             instantiation of "void mul_mat_q_process_tile<type,J,fallback,fixup>(const char *, int, const int *, const int *, float *, float *, const float *, int, int, int, int, int, int, int) [with type=GGML_TYPE_Q6_K, J=128, fallback=false, fixup=false]" at line 1152 of C:\Users\pperv\code\unnamed_rpg\vendor\ggml\src\ggml-cuda\template-instances\../mmq.cuh
[build]             instantiation of "void mul_mat_q<type,J,fallback>(const char *, const int *, const int32_t *, const int32_t *, float *, float *, const float *, uint3, int, int, int, int, int, uint3, uint3, int, int, int, uint3, uint3, int, int, int, uint3) [with type=GGML_TYPE_Q6_K, J=128, fallback=false]" at line 1407 of C:\Users\pperv\code\unnamed_rpg\vendor\ggml\src\ggml-cuda\template-instances\../mmq.cuh
[build]             instantiation of "void launch_mul_mat_q<type,J,fallback>(ggml_backend_cuda_context &, const mmq_args &, cudaStream_t) [with type=GGML_TYPE_Q6_K, J=128, fallback=false]" at line 1549 of C:\Users\pperv\code\unnamed_rpg\vendor\ggml\src\ggml-cuda\template-instances\../mmq.cuh
[build]             instantiation of "void mul_mat_q_switch_J<type,fallback>(ggml_backend_cuda_context &, const mmq_args &, cudaStream_t) [with type=GGML_TYPE_Q6_K, fallback=false]" at line 1562 of C:\Users\pperv\code\unnamed_rpg\vendor\ggml\src\ggml-cuda\template-instances\../mmq.cuh
[build]             instantiation of "void mul_mat_q_case<type>(ggml_backend_cuda_context &, const mmq_args &, cudaStream_t) [with type=GGML_TYPE_Q6_K]" at line 5 of C:\Users\pperv\code\unnamed_rpg\vendor\ggml\src\ggml-cuda\template-instances\mmq-instance-q6_k.cu
[build] 
[build] C:\Users\pperv\code\unnamed_rpg\vendor\ggml\src\ggml-cuda\mmq-vec-dot.cuh(759): warning #177-D: variable "I" was declared but never referenced
[build]       constexpr int I             = ggml_cuda_mmq_get_I(type, J, fallback);
[build]                     ^
[build]           detected during:
[build]             instantiation of "void ggml_cuda_mmq_vec_dot_q2_K_q8_1_mma<type,J,fallback>(const int *, const int *, float *, int) [with type=GGML_TYPE_Q6_K, J=128, fallback=false]" at line 759 of C:\Users\pperv\code\unnamed_rpg\vendor\ggml\src\ggml-cuda\template-instances\../mmq.cuh
[build]             instantiation of "ggml_cuda_mmq_util_funcs ggml_cuda_mmq_get_util_funcs<type,J,fallback>() [with type=GGML_TYPE_Q6_K, J=128, fallback=false]" at line 858 of C:\Users\pperv\code\unnamed_rpg\vendor\ggml\src\ggml-cuda\template-instances\../mmq.cuh
[build]             instantiation of "ggml_cuda_mmq_load_tiles_t ggml_cuda_mmq_get_load_tiles<type,J,fallback>() [with type=GGML_TYPE_Q6_K, J=128, fallback=false]" at line 885 of C:\Users\pperv\code\unnamed_rpg\vendor\ggml\src\ggml-cuda\template-instances\../mmq.cuh
[build]             instantiation of "void mul_mat_q_process_tile<type,J,fallback,fixup>(const char *, int, const int *, const int *, float *, float *, const float *, int, int, int, int, int, int, int) [with type=GGML_TYPE_Q6_K, J=128, fallback=false, fixup=false]" at line 1152 of C:\Users\pperv\code\unnamed_rpg\vendor\ggml\src\ggml-cuda\template-instances\../mmq.cuh
[build]             instantiation of "void mul_mat_q<type,J,fallback>(const char *, const int *, const int32_t *, const int32_t *, float *, float *, const float *, uint3, int, int, int, int, int, uint3, uint3, int, int, int, uint3, uint3, int, int, int, uint3) [with type=GGML_TYPE_Q6_K, J=128, fallback=false]" at line 1407 of C:\Users\pperv\code\unnamed_rpg\vendor\ggml\src\ggml-cuda\template-instances\../mmq.cuh
[build]             instantiation of "void launch_mul_mat_q<type,J,fallback>(ggml_backend_cuda_context &, const mmq_args &, cudaStream_t) [with type=GGML_TYPE_Q6_K, J=128, fallback=false]" at line 1549 of C:\Users\pperv\code\unnamed_rpg\vendor\ggml\src\ggml-cuda\template-instances\../mmq.cuh
[build]             instantiation of "void mul_mat_q_switch_J<type,fallback>(ggml_backend_cuda_context &, const mmq_args &, cudaStream_t) [with type=GGML_TYPE_Q6_K, fallback=false]" at line 1562 of C:\Users\pperv\code\unnamed_rpg\vendor\ggml\src\ggml-cuda\template-instances\../mmq.cuh
[build]             instantiation of "void mul_mat_q_case<type>(ggml_backend_cuda_context &, const mmq_args &, cudaStream_t) [with type=GGML_TYPE_Q6_K]" at line 5 of C:\Users\pperv\code\unnamed_rpg\vendor\ggml\src\ggml-cuda\template-instances\mmq-instance-q6_k.cu
[build] 
[build] C:\Users\pperv\code\unnamed_rpg\vendor\ggml\src\ggml-cuda\mmq-vec-dot.cuh(540): warning #177-D: variable "I" was declared but never referenced
[build]       constexpr int I             = ggml_cuda_mmq_get_I(type, J, fallback);
[build]                     ^
[build]           detected during:
[build]             instantiation of "void ggml_cuda_mmq_vec_dot_q8_0_16_q8_1_mma<type,J,fallback>(const int *, const int *, float *, int) [with type=GGML_TYPE_Q6_K, J=128, fallback=false]" at line 765 of C:\Users\pperv\code\unnamed_rpg\vendor\ggml\src\ggml-cuda\template-instances\../mmq.cuh
[build]             instantiation of "ggml_cuda_mmq_util_funcs ggml_cuda_mmq_get_util_funcs<type,J,fallback>() [with type=GGML_TYPE_Q6_K, J=128, fallback=false]" at line 858 of C:\Users\pperv\code\unnamed_rpg\vendor\ggml\src\ggml-cuda\template-instances\../mmq.cuh
[build]             instantiation of "ggml_cuda_mmq_load_tiles_t ggml_cuda_mmq_get_load_tiles<type,J,fallback>() [with type=GGML_TYPE_Q6_K, J=128, fallback=false]" at line 885 of C:\Users\pperv\code\unnamed_rpg\vendor\ggml\src\ggml-cuda\template-instances\../mmq.cuh
[build]             instantiation of "void mul_mat_q_process_tile<type,J,fallback,fixup>(const char *, int, const int *, const int *, float *, float *, const float *, int, int, int, int, int, int, int) [with type=GGML_TYPE_Q6_K, J=128, fallback=false, fixup=false]" at line 1152 of C:\Users\pperv\code\unnamed_rpg\vendor\ggml\src\ggml-cuda\template-instances\../mmq.cuh
[build]             instantiation of "void mul_mat_q<type,J,fallback>(const char *, const int *, const int32_t *, const int32_t *, float *, float *, const float *, uint3, int, int, int, int, int, uint3, uint3, int, int, int, uint3, uint3, int, int, int, uint3) [with type=GGML_TYPE_Q6_K, J=128, fallback=false]" at line 1407 of C:\Users\pperv\code\unnamed_rpg\vendor\ggml\src\ggml-cuda\template-instances\../mmq.cuh
[build]             instantiation of "void launch_mul_mat_q<type,J,fallback>(ggml_backend_cuda_context &, const mmq_args &, cudaStream_t) [with type=GGML_TYPE_Q6_K, J=128, fallback=false]" at line 1549 of C:\Users\pperv\code\unnamed_rpg\vendor\ggml\src\ggml-cuda\template-instances\../mmq.cuh
[build]             instantiation of "void mul_mat_q_switch_J<type,fallback>(ggml_backend_cuda_context &, const mmq_args &, cudaStream_t) [with type=GGML_TYPE_Q6_K, fallback=false]" at line 1562 of C:\Users\pperv\code\unnamed_rpg\vendor\ggml\src\ggml-cuda\template-instances\../mmq.cuh
[build]             instantiation of "void mul_mat_q_case<type>(ggml_backend_cuda_context &, const mmq_args &, cudaStream_t) [with type=GGML_TYPE_Q6_K]" at line 5 of C:\Users\pperv\code\unnamed_rpg\vendor\ggml\src\ggml-cuda\template-instances\mmq-instance-q6_k.cu
[build] 
[build] C:\Users\pperv\code\unnamed_rpg\vendor\ggml\src\ggml-cuda\mmq-vec-dot.cuh(1078): warning #177-D: variable "I" was declared but never referenced
[build]       constexpr int I             = ggml_cuda_mmq_get_I(type, J, fallback);
[build]                     ^
[build]           detected during:
[build]             instantiation of "void ggml_cuda_mmq_vec_dot_q6_K_q8_1_mma<type,J,fallback>(const int *, const int *, float *, int) [with type=GGML_TYPE_Q6_K, J=128, fallback=false]" at line 783 of C:\Users\pperv\code\unnamed_rpg\vendor\ggml\src\ggml-cuda\template-instances\../mmq.cuh
[build]             instantiation of "ggml_cuda_mmq_util_funcs ggml_cuda_mmq_get_util_funcs<type,J,fallback>() [with type=GGML_TYPE_Q6_K, J=128, fallback=false]" at line 858 of C:\Users\pperv\code\unnamed_rpg\vendor\ggml\src\ggml-cuda\template-instances\../mmq.cuh
[build]             instantiation of "ggml_cuda_mmq_load_tiles_t ggml_cuda_mmq_get_load_tiles<type,J,fallback>() [with type=GGML_TYPE_Q6_K, J=128, fallback=false]" at line 885 of C:\Users\pperv\code\unnamed_rpg\vendor\ggml\src\ggml-cuda\template-instances\../mmq.cuh
[build]             instantiation of "void mul_mat_q_process_tile<type,J,fallback,fixup>(const char *, int, const int *, const int *, float *, float *, const float *, int, int, int, int, int, int, int) [with type=GGML_TYPE_Q6_K, J=128, fallback=false, fixup=false]" at line 1152 of C:\Users\pperv\code\unnamed_rpg\vendor\ggml\src\ggml-cuda\template-instances\../mmq.cuh
[build]             instantiation of "void mul_mat_q<type,J,fallback>(const char *, const int *, const int32_t *, const int32_t *, float *, float *, const float *, uint3, int, int, int, int, int, uint3, uint3, int, int, int, uint3, uint3, int, int, int, uint3) [with type=GGML_TYPE_Q6_K, J=128, fallback=false]" at line 1407 of C:\Users\pperv\code\unnamed_rpg\vendor\ggml\src\ggml-cuda\template-instances\../mmq.cuh
[build]             instantiation of "void launch_mul_mat_q<type,J,fallback>(ggml_backend_cuda_context &, const mmq_args &, cudaStream_t) [with type=GGML_TYPE_Q6_K, J=128, fallback=false]" at line 1549 of C:\Users\pperv\code\unnamed_rpg\vendor\ggml\src\ggml-cuda\template-instances\../mmq.cuh
[build]             instantiation of "void mul_mat_q_switch_J<type,fallback>(ggml_backend_cuda_context &, const mmq_args &, cudaStream_t) [with type=GGML_TYPE_Q6_K, fallback=false]" at line 1562 of C:\Users\pperv\code\unnamed_rpg\vendor\ggml\src\ggml-cuda\template-instances\../mmq.cuh
[build]             instantiation of "void mul_mat_q_case<type>(ggml_backend_cuda_context &, const mmq_args &, cudaStream_t) [with type=GGML_TYPE_Q6_K]" at line 5 of C:\Users\pperv\code\unnamed_rpg\vendor\ggml\src\ggml-cuda\template-instances\mmq-instance-q6_k.cu
[build] 
[build] C:\Users\pperv\code\unnamed_rpg\vendor\ggml\src\ggml-cuda\template-instances\../mmq.cuh(543): warning #177-D: variable "I" was declared but never referenced
[build]       constexpr int I = ggml_cuda_mmq_get_I(type, J, fallback);
[build]                     ^
[build]           detected during:
[build]             instantiation of "ggml_cuda_mmq_util_funcs ggml_cuda_mmq_get_util_funcs<type,J,fallback>() [with type=GGML_TYPE_Q6_K, J=128, fallback=false]" at line 858
[build]             instantiation of "ggml_cuda_mmq_load_tiles_t ggml_cuda_mmq_get_load_tiles<type,J,fallback>() [with type=GGML_TYPE_Q6_K, J=128, fallback=false]" at line 885
[build]             instantiation of "void mul_mat_q_process_tile<type,J,fallback,fixup>(const char *, int, const int *, const int *, float *, float *, const float *, int, int, int, int, int, int, int) [with type=GGML_TYPE_Q6_K, J=128, fallback=false, fixup=false]" at line 1152
[build]             instantiation of "void mul_mat_q<type,J,fallback>(const char *, const int *, const int32_t *, const int32_t *, float *, float *, const float *, uint3, int, int, int, int, int, uint3, uint3, int, int, int, uint3, uint3, int, int, int, uint3) [with type=GGML_TYPE_Q6_K, J=128, fallback=false]" at line 1407
[build]             instantiation of "void launch_mul_mat_q<type,J,fallback>(ggml_backend_cuda_context &, const mmq_args &, cudaStream_t) [with type=GGML_TYPE_Q6_K, J=128, fallback=false]" at line 1549
[build]             instantiation of "void mul_mat_q_switch_J<type,fallback>(ggml_backend_cuda_context &, const mmq_args &, cudaStream_t) [with type=GGML_TYPE_Q6_K, fallback=false]" at line 1562
[build]             instantiation of "void mul_mat_q_case<type>(ggml_backend_cuda_context &, const mmq_args &, cudaStream_t) [with type=GGML_TYPE_Q6_K]" at line 5 of C:\Users\pperv\code\unnamed_rpg\vendor\ggml\src\ggml-cuda\template-instances\mmq-instance-q6_k.cu
[build] 
[build] C:\Users\pperv\code\unnamed_rpg\vendor\ggml\src\ggml-cuda\mmq-vec-dot.cuh(207): warning #177-D: variable "I" was declared but never referenced
[build]       constexpr int I             = ggml_cuda_mmq_get_I(type, J, fallback);
[build]                     ^
[build]           detected during:
[build]             instantiation of "void ggml_cuda_mmq_vec_dot_q8_0_q8_1_mma<type,J,fallback,ds_layout>(const int *, const int *, float *, int) [with type=GGML_TYPE_Q6_K, J=128, fallback=true, ds_layout=MMQ_Q8_1_DS_LAYOUT_D4]" at line 716 of C:\Users\pperv\code\unnamed_rpg\vendor\ggml\src\ggml-cuda\template-instances\../mmq.cuh
[build]             instantiation of "ggml_cuda_mmq_util_funcs ggml_cuda_mmq_get_util_funcs<type,J,fallback>() [with type=GGML_TYPE_Q6_K, J=128, fallback=true]" at line 858 of C:\Users\pperv\code\unnamed_rpg\vendor\ggml\src\ggml-cuda\template-instances\../mmq.cuh
[build]             instantiation of "ggml_cuda_mmq_load_tiles_t ggml_cuda_mmq_get_load_tiles<type,J,fallback>() [with type=GGML_TYPE_Q6_K, J=128, fallback=true]" at line 885 of C:\Users\pperv\code\unnamed_rpg\vendor\ggml\src\ggml-cuda\template-instances\../mmq.cuh
[build]             instantiation of "void mul_mat_q_process_tile<type,J,fallback,fixup>(const char *, int, const int *, const int *, float *, float *, const float *, int, int, int, int, int, int, int) [with type=GGML_TYPE_Q6_K, J=128, fallback=true, fixup=false]" at line 1152 of C:\Users\pperv\code\unnamed_rpg\vendor\ggml\src\ggml-cuda\template-instances\../mmq.cuh
[build]             instantiation of "void mul_mat_q<type,J,fallback>(const char *, const int *, const int32_t *, const int32_t *, float *, float *, const float *, uint3, int, int, int, int, int, uint3, uint3, int, int, int, uint3, uint3, int, int, int, uint3) [with type=GGML_TYPE_Q6_K, J=128, fallback=true]" at line 1408 of C:\Users\pperv\code\unnamed_rpg\vendor\ggml\src\ggml-cuda\template-instances\../mmq.cuh
[build]             instantiation of "void launch_mul_mat_q<type,J,fallback>(ggml_backend_cuda_context &, const mmq_args &, cudaStream_t) [with type=GGML_TYPE_Q6_K, J=128, fallback=false]" at line 1549 of C:\Users\pperv\code\unnamed_rpg\vendor\ggml\src\ggml-cuda\template-instances\../mmq.cuh
[build]             instantiation of "void mul_mat_q_switch_J<type,fallback>(ggml_backend_cuda_context &, const mmq_args &, cudaStream_t) [with type=GGML_TYPE_Q6_K, fallback=false]" at line 1562 of C:\Users\pperv\code\unnamed_rpg\vendor\ggml\src\ggml-cuda\template-instances\../mmq.cuh
[build]             instantiation of "void mul_mat_q_case<type>(ggml_backend_cuda_context &, const mmq_args &, cudaStream_t) [with type=GGML_TYPE_Q6_K]" at line 5 of C:\Users\pperv\code\unnamed_rpg\vendor\ggml\src\ggml-cuda\template-instances\mmq-instance-q6_k.cu
[build] 
[build] C:\Users\pperv\code\unnamed_rpg\vendor\ggml\src\ggml-cuda\template-instances\../mmq.cuh(485): warning #177-D: variable "nwarps" was declared but never referenced
[build]       constexpr int nwarps        = ggml_cuda_mmq_get_nthreads(type, J, fallback) / warp_size;
[build]                     ^
[build]           detected during:
[build]             instantiation of "void ggml_cuda_mmq_write_back_mma<type,J,fallback>(const float *, const int *, float *, const float *, int, int, int) [with type=GGML_TYPE_Q6_K, J=128, fallback=true]" at line 716
[build]             instantiation of "ggml_cuda_mmq_util_funcs ggml_cuda_mmq_get_util_funcs<type,J,fallback>() [with type=GGML_TYPE_Q6_K, J=128, fallback=true]" at line 858
[build]             instantiation of "ggml_cuda_mmq_load_tiles_t ggml_cuda_mmq_get_load_tiles<type,J,fallback>() [with type=GGML_TYPE_Q6_K, J=128, fallback=true]" at line 885
[build]             instantiation of "void mul_mat_q_process_tile<type,J,fallback,fixup>(const char *, int, const int *, const int *, float *, float *, const float *, int, int, int, int, int, int, int) [with type=GGML_TYPE_Q6_K, J=128, fallback=true, fixup=false]" at line 1152
[build]             instantiation of "void mul_mat_q<type,J,fallback>(const char *, const int *, const int32_t *, const int32_t *, float *, float *, const float *, uint3, int, int, int, int, int, uint3, uint3, int, int, int, uint3, uint3, int, int, int, uint3) [with type=GGML_TYPE_Q6_K, J=128, fallback=true]" at line 1408
[build]             instantiation of "void launch_mul_mat_q<type,J,fallback>(ggml_backend_cuda_context &, const mmq_args &, cudaStream_t) [with type=GGML_TYPE_Q6_K, J=128, fallback=false]" at line 1549
[build]             instantiation of "void mul_mat_q_switch_J<type,fallback>(ggml_backend_cuda_context &, const mmq_args &, cudaStream_t) [with type=GGML_TYPE_Q6_K, fallback=false]" at line 1562
[build]             instantiation of "void mul_mat_q_case<type>(ggml_backend_cuda_context &, const mmq_args &, cudaStream_t) [with type=GGML_TYPE_Q6_K]" at line 5 of C:\Users\pperv\code\unnamed_rpg\vendor\ggml\src\ggml-cuda\template-instances\mmq-instance-q6_k.cu
[build] 
[build] C:\Users\pperv\code\unnamed_rpg\vendor\ggml\src\ggml-cuda\template-instances\../mmq.cuh(486): warning #177-D: variable "I" was declared but never referenced
[build]       constexpr int I             = ggml_cuda_mmq_get_I(type, J, fallback);
[build]                     ^
[build]           detected during:
[build]             instantiation of "void ggml_cuda_mmq_write_back_mma<type,J,fallback>(const float *, const int *, float *, const float *, int, int, int) [with type=GGML_TYPE_Q6_K, J=128, fallback=true]" at line 716
[build]             instantiation of "ggml_cuda_mmq_util_funcs ggml_cuda_mmq_get_util_funcs<type,J,fallback>() [with type=GGML_TYPE_Q6_K, J=128, fallback=true]" at line 858
[build]             instantiation of "ggml_cuda_mmq_load_tiles_t ggml_cuda_mmq_get_load_tiles<type,J,fallback>() [with type=GGML_TYPE_Q6_K, J=128, fallback=true]" at line 885
[build]             instantiation of "void mul_mat_q_process_tile<type,J,fallback,fixup>(const char *, int, const int *, const int *, float *, float *, const float *, int, int, int, int, int, int, int) [with type=GGML_TYPE_Q6_K, J=128, fallback=true, fixup=false]" at line 1152
[build]             instantiation of "void mul_mat_q<type,J,fallback>(const char *, const int *, const int32_t *, const int32_t *, float *, float *, const float *, uint3, int, int, int, int, int, uint3, uint3, int, int, int, uint3, uint3, int, int, int, uint3) [with type=GGML_TYPE_Q6_K, J=128, fallback=true]" at line 1408
[build]             instantiation of "void launch_mul_mat_q<type,J,fallback>(ggml_backend_cuda_context &, const mmq_args &, cudaStream_t) [with type=GGML_TYPE_Q6_K, J=128, fallback=false]" at line 1549
[build]             instantiation of "void mul_mat_q_switch_J<type,fallback>(ggml_backend_cuda_context &, const mmq_args &, cudaStream_t) [with type=GGML_TYPE_Q6_K, fallback=false]" at line 1562
[build]             instantiation of "void mul_mat_q_case<type>(ggml_backend_cuda_context &, const mmq_args &, cudaStream_t) [with type=GGML_TYPE_Q6_K]" at line 5 of C:\Users\pperv\code\unnamed_rpg\vendor\ggml\src\ggml-cuda\template-instances\mmq-instance-q6_k.cu
[build] 
[build] C:\Users\pperv\code\unnamed_rpg\vendor\ggml\src\ggml-cuda\mmq-vec-dot.cuh(207): warning #177-D: variable "I" was declared but never referenced
[build]       constexpr int I             = ggml_cuda_mmq_get_I(type, J, fallback);
[build]                     ^
[build]           detected during:
[build]             instantiation of "void ggml_cuda_mmq_vec_dot_q8_0_q8_1_mma<type,J,fallback,ds_layout>(const int *, const int *, float *, int) [with type=GGML_TYPE_Q6_K, J=128, fallback=true, ds_layout=MMQ_Q8_1_DS_LAYOUT_DS4]" at line 728 of C:\Users\pperv\code\unnamed_rpg\vendor\ggml\src\ggml-cuda\template-instances\../mmq.cuh
[build]             instantiation of "ggml_cuda_mmq_util_funcs ggml_cuda_mmq_get_util_funcs<type,J,fallback>() [with type=GGML_TYPE_Q6_K, J=128, fallback=true]" at line 858 of C:\Users\pperv\code\unnamed_rpg\vendor\ggml\src\ggml-cuda\template-instances\../mmq.cuh
[build]             instantiation of "ggml_cuda_mmq_load_tiles_t ggml_cuda_mmq_get_load_tiles<type,J,fallback>() [with type=GGML_TYPE_Q6_K, J=128, fallback=true]" at line 885 of C:\Users\pperv\code\unnamed_rpg\vendor\ggml\src\ggml-cuda\template-instances\../mmq.cuh
[build]             instantiation of "void mul_mat_q_process_tile<type,J,fallback,fixup>(const char *, int, const int *, const int *, float *, float *, const float *, int, int, int, int, int, int, int) [with type=GGML_TYPE_Q6_K, J=128, fallback=true, fixup=false]" at line 1152 of C:\Users\pperv\code\unnamed_rpg\vendor\ggml\src\ggml-cuda\template-instances\../mmq.cuh
[build]             instantiation of "void mul_mat_q<type,J,fallback>(const char *, const int *, const int32_t *, const int32_t *, float *, float *, const float *, uint3, int, int, int, int, int, uint3, uint3, int, int, int, uint3, uint3, int, int, int, uint3) [with type=GGML_TYPE_Q6_K, J=128, fallback=true]" at line 1408 of C:\Users\pperv\code\unnamed_rpg\vendor\ggml\src\ggml-cuda\template-instances\../mmq.cuh
[build]             instantiation of "void launch_mul_mat_q<type,J,fallback>(ggml_backend_cuda_context &, const mmq_args &, cudaStream_t) [with type=GGML_TYPE_Q6_K, J=128, fallback=false]" at line 1549 of C:\Users\pperv\code\unnamed_rpg\vendor\ggml\src\ggml-cuda\template-instances\../mmq.cuh
[build]             instantiation of "void mul_mat_q_switch_J<type,fallback>(ggml_backend_cuda_context &, const mmq_args &, cudaStream_t) [with type=GGML_TYPE_Q6_K, fallback=false]" at line 1562 of C:\Users\pperv\code\unnamed_rpg\vendor\ggml\src\ggml-cuda\template-instances\../mmq.cuh
[build]             instantiation of "void mul_mat_q_case<type>(ggml_backend_cuda_context &, const mmq_args &, cudaStream_t) [with type=GGML_TYPE_Q6_K]" at line 5 of C:\Users\pperv\code\unnamed_rpg\vendor\ggml\src\ggml-cuda\template-instances\mmq-instance-q6_k.cu
[build] 
[build] C:\Users\pperv\code\unnamed_rpg\vendor\ggml\src\ggml-cuda\mmq-vec-dot.cuh(374): warning #177-D: variable "I" was declared but never referenced
[build]       constexpr int I             = ggml_cuda_mmq_get_I(type, J, fallback);
[build]                     ^
[build]           detected during:
[build]             instantiation of "void ggml_cuda_mmq_vec_dot_q8_1_q8_1_mma<type,J,fallback>(const int *, const int *, float *, int) [with type=GGML_TYPE_Q6_K, J=128, fallback=true]" at line 734 of C:\Users\pperv\code\unnamed_rpg\vendor\ggml\src\ggml-cuda\template-instances\../mmq.cuh
[build]             instantiation of "ggml_cuda_mmq_util_funcs ggml_cuda_mmq_get_util_funcs<type,J,fallback>() [with type=GGML_TYPE_Q6_K, J=128, fallback=true]" at line 858 of C:\Users\pperv\code\unnamed_rpg\vendor\ggml\src\ggml-cuda\template-instances\../mmq.cuh
[build]             instantiation of "ggml_cuda_mmq_load_tiles_t ggml_cuda_mmq_get_load_tiles<type,J,fallback>() [with type=GGML_TYPE_Q6_K, J=128, fallback=true]" at line 885 of C:\Users\pperv\code\unnamed_rpg\vendor\ggml\src\ggml-cuda\template-instances\../mmq.cuh
[build]             instantiation of "void mul_mat_q_process_tile<type,J,fallback,fixup>(const char *, int, const int *, const int *, float *, float *, const float *, int, int, int, int, int, int, int) [with type=GGML_TYPE_Q6_K, J=128, fallback=true, fixup=false]" at line 1152 of C:\Users\pperv\code\unnamed_rpg\vendor\ggml\src\ggml-cuda\template-instances\../mmq.cuh
[build]             instantiation of "void mul_mat_q<type,J,fallback>(const char *, const int *, const int32_t *, const int32_t *, float *, float *, const float *, uint3, int, int, int, int, int, uint3, uint3, int, int, int, uint3, uint3, int, int, int, uint3) [with type=GGML_TYPE_Q6_K, J=128, fallback=true]" at line 1408 of C:\Users\pperv\code\unnamed_rpg\vendor\ggml\src\ggml-cuda\template-instances\../mmq.cuh
[build]             instantiation of "void launch_mul_mat_q<type,J,fallback>(ggml_backend_cuda_context &, const mmq_args &, cudaStream_t) [with type=GGML_TYPE_Q6_K, J=128, fallback=false]" at line 1549 of C:\Users\pperv\code\unnamed_rpg\vendor\ggml\src\ggml-cuda\template-instances\../mmq.cuh
[build]             instantiation of "void mul_mat_q_switch_J<type,fallback>(ggml_backend_cuda_context &, const mmq_args &, cudaStream_t) [with type=GGML_TYPE_Q6_K, fallback=false]" at line 1562 of C:\Users\pperv\code\unnamed_rpg\vendor\ggml\src\ggml-cuda\template-instances\../mmq.cuh
[build]             instantiation of "void mul_mat_q_case<type>(ggml_backend_cuda_context &, const mmq_args &, cudaStream_t) [with type=GGML_TYPE_Q6_K]" at line 5 of C:\Users\pperv\code\unnamed_rpg\vendor\ggml\src\ggml-cuda\template-instances\mmq-instance-q6_k.cu
[build] 
[build] C:\Users\pperv\code\unnamed_rpg\vendor\ggml\src\ggml-cuda\mmq-vec-dot.cuh(759): warning #177-D: variable "I" was declared but never referenced
[build]       constexpr int I             = ggml_cuda_mmq_get_I(type, J, fallback);
[build]                     ^
[build]           detected during:
[build]             instantiation of "void ggml_cuda_mmq_vec_dot_q2_K_q8_1_mma<type,J,fallback>(const int *, const int *, float *, int) [with type=GGML_TYPE_Q6_K, J=128, fallback=true]" at line 759 of C:\Users\pperv\code\unnamed_rpg\vendor\ggml\src\ggml-cuda\template-instances\../mmq.cuh
[build]             instantiation of "ggml_cuda_mmq_util_funcs ggml_cuda_mmq_get_util_funcs<type,J,fallback>() [with type=GGML_TYPE_Q6_K, J=128, fallback=true]" at line 858 of C:\Users\pperv\code\unnamed_rpg\vendor\ggml\src\ggml-cuda\template-instances\../mmq.cuh
[build]             instantiation of "ggml_cuda_mmq_load_tiles_t ggml_cuda_mmq_get_load_tiles<type,J,fallback>() [with type=GGML_TYPE_Q6_K, J=128, fallback=true]" at line 885 of C:\Users\pperv\code\unnamed_rpg\vendor\ggml\src\ggml-cuda\template-instances\../mmq.cuh
[build]             instantiation of "void mul_mat_q_process_tile<type,J,fallback,fixup>(const char *, int, const int *, const int *, float *, float *, const float *, int, int, int, int, int, int, int) [with type=GGML_TYPE_Q6_K, J=128, fallback=true, fixup=false]" at line 1152 of C:\Users\pperv\code\unnamed_rpg\vendor\ggml\src\ggml-cuda\template-instances\../mmq.cuh
[build]             instantiation of "void mul_mat_q<type,J,fallback>(const char *, const int *, const int32_t *, const int32_t *, float *, float *, const float *, uint3, int, int, int, int, int, uint3, uint3, int, int, int, uint3, uint3, int, int, int, uint3) [with type=GGML_TYPE_Q6_K, J=128, fallback=true]" at line 1408 of C:\Users\pperv\code\unnamed_rpg\vendor\ggml\src\ggml-cuda\template-instances\../mmq.cuh
[build]             instantiation of "void launch_mul_mat_q<type,J,fallback>(ggml_backend_cuda_context &, const mmq_args &, cudaStream_t) [with type=GGML_TYPE_Q6_K, J=128, fallback=false]" at line 1549 of C:\Users\pperv\code\unnamed_rpg\vendor\ggml\src\ggml-cuda\template-instances\../mmq.cuh
[build]             instantiation of "void mul_mat_q_switch_J<type,fallback>(ggml_backend_cuda_context &, const mmq_args &, cudaStream_t) [with type=GGML_TYPE_Q6_K, fallback=false]" at line 1562 of C:\Users\pperv\code\unnamed_rpg\vendor\ggml\src\ggml-cuda\template-instances\../mmq.cuh
[build]             instantiation of "void mul_mat_q_case<type>(ggml_backend_cuda_context &, const mmq_args &, cudaStream_t) [with type=GGML_TYPE_Q6_K]" at line 5 of C:\Users\pperv\code\unnamed_rpg\vendor\ggml\src\ggml-cuda\template-instances\mmq-instance-q6_k.cu
[build] 
[build] C:\Users\pperv\code\unnamed_rpg\vendor\ggml\src\ggml-cuda\mmq-vec-dot.cuh(540): warning #177-D: variable "I" was declared but never referenced
[build]       constexpr int I             = ggml_cuda_mmq_get_I(type, J, fallback);
[build]                     ^
[build]           detected during:
[build]             instantiation of "void ggml_cuda_mmq_vec_dot_q8_0_16_q8_1_mma<type,J,fallback>(const int *, const int *, float *, int) [with type=GGML_TYPE_Q6_K, J=128, fallback=true]" at line 765 of C:\Users\pperv\code\unnamed_rpg\vendor\ggml\src\ggml-cuda\template-instances\../mmq.cuh
[build]             instantiation of "ggml_cuda_mmq_util_funcs ggml_cuda_mmq_get_util_funcs<type,J,fallback>() [with type=GGML_TYPE_Q6_K, J=128, fallback=true]" at line 858 of C:\Users\pperv\code\unnamed_rpg\vendor\ggml\src\ggml-cuda\template-instances\../mmq.cuh
[build]             instantiation of "ggml_cuda_mmq_load_tiles_t ggml_cuda_mmq_get_load_tiles<type,J,fallback>() [with type=GGML_TYPE_Q6_K, J=128, fallback=true]" at line 885 of C:\Users\pperv\code\unnamed_rpg\vendor\ggml\src\ggml-cuda\template-instances\../mmq.cuh
[build]             instantiation of "void mul_mat_q_process_tile<type,J,fallback,fixup>(const char *, int, const int *, const int *, float *, float *, const float *, int, int, int, int, int, int, int) [with type=GGML_TYPE_Q6_K, J=128, fallback=true, fixup=false]" at line 1152 of C:\Users\pperv\code\unnamed_rpg\vendor\ggml\src\ggml-cuda\template-instances\../mmq.cuh
[build]             instantiation of "void mul_mat_q<type,J,fallback>(const char *, const int *, const int32_t *, const int32_t *, float *, float *, const float *, uint3, int, int, int, int, int, uint3, uint3, int, int, int, uint3, uint3, int, int, int, uint3) [with type=GGML_TYPE_Q6_K, J=128, fallback=true]" at line 1408 of C:\Users\pperv\code\unnamed_rpg\vendor\ggml\src\ggml-cuda\template-instances\../mmq.cuh
[build]             instantiation of "void launch_mul_mat_q<type,J,fallback>(ggml_backend_cuda_context &, const mmq_args &, cudaStream_t) [with type=GGML_TYPE_Q6_K, J=128, fallback=false]" at line 1549 of C:\Users\pperv\code\unnamed_rpg\vendor\ggml\src\ggml-cuda\template-instances\../mmq.cuh
[build]             instantiation of "void mul_mat_q_switch_J<type,fallback>(ggml_backend_cuda_context &, const mmq_args &, cudaStream_t) [with type=GGML_TYPE_Q6_K, fallback=false]" at line 1562 of C:\Users\pperv\code\unnamed_rpg\vendor\ggml\src\ggml-cuda\template-instances\../mmq.cuh
[build]             instantiation of "void mul_mat_q_case<type>(ggml_backend_cuda_context &, const mmq_args &, cudaStream_t) [with type=GGML_TYPE_Q6_K]" at line 5 of C:\Users\pperv\code\unnamed_rpg\vendor\ggml\src\ggml-cuda\template-instances\mmq-instance-q6_k.cu
[build] 
[build] C:\Users\pperv\code\unnamed_rpg\vendor\ggml\src\ggml-cuda\mmq-vec-dot.cuh(1078): warning #177-D: variable "I" was declared but never referenced
[build]       constexpr int I             = ggml_cuda_mmq_get_I(type, J, fallback);
[build]                     ^
[build]           detected during:
[build]             instantiation of "void ggml_cuda_mmq_vec_dot_q6_K_q8_1_mma<type,J,fallback>(const int *, const int *, float *, int) [with type=GGML_TYPE_Q6_K, J=128, fallback=true]" at line 783 of C:\Users\pperv\code\unnamed_rpg\vendor\ggml\src\ggml-cuda\template-instances\../mmq.cuh
[build]             instantiation of "ggml_cuda_mmq_util_funcs ggml_cuda_mmq_get_util_funcs<type,J,fallback>() [with type=GGML_TYPE_Q6_K, J=128, fallback=true]" at line 858 of C:\Users\pperv\code\unnamed_rpg\vendor\ggml\src\ggml-cuda\template-instances\../mmq.cuh
[build]             instantiation of "ggml_cuda_mmq_load_tiles_t ggml_cuda_mmq_get_load_tiles<type,J,fallback>() [with type=GGML_TYPE_Q6_K, J=128, fallback=true]" at line 885 of C:\Users\pperv\code\unnamed_rpg\vendor\ggml\src\ggml-cuda\template-instances\../mmq.cuh
[build]             instantiation of "void mul_mat_q_process_tile<type,J,fallback,fixup>(const char *, int, const int *, const int *, float *, float *, const float *, int, int, int, int, int, int, int) [with type=GGML_TYPE_Q6_K, J=128, fallback=true, fixup=false]" at line 1152 of C:\Users\pperv\code\unnamed_rpg\vendor\ggml\src\ggml-cuda\template-instances\../mmq.cuh
[build]             instantiation of "void mul_mat_q<type,J,fallback>(const char *, const int *, const int32_t *, const int32_t *, float *, float *, const float *, uint3, int, int, int, int, int, uint3, uint3, int, int, int, uint3, uint3, int, int, int, uint3) [with type=GGML_TYPE_Q6_K, J=128, fallback=true]" at line 1408 of C:\Users\pperv\code\unnamed_rpg\vendor\ggml\src\ggml-cuda\template-instances\../mmq.cuh
[build]             instantiation of "void launch_mul_mat_q<type,J,fallback>(ggml_backend_cuda_context &, const mmq_args &, cudaStream_t) [with type=GGML_TYPE_Q6_K, J=128, fallback=false]" at line 1549 of C:\Users\pperv\code\unnamed_rpg\vendor\ggml\src\ggml-cuda\template-instances\../mmq.cuh
[build]             instantiation of "void mul_mat_q_switch_J<type,fallback>(ggml_backend_cuda_context &, const mmq_args &, cudaStream_t) [with type=GGML_TYPE_Q6_K, fallback=false]" at line 1562 of C:\Users\pperv\code\unnamed_rpg\vendor\ggml\src\ggml-cuda\template-instances\../mmq.cuh
[build]             instantiation of "void mul_mat_q_case<type>(ggml_backend_cuda_context &, const mmq_args &, cudaStream_t) [with type=GGML_TYPE_Q6_K]" at line 5 of C:\Users\pperv\code\unnamed_rpg\vendor\ggml\src\ggml-cuda\template-instances\mmq-instance-q6_k.cu
[build] 
[build] C:\Users\pperv\code\unnamed_rpg\vendor\ggml\src\ggml-cuda\template-instances\../mmq.cuh(543): warning #177-D: variable "I" was declared but never referenced
[build]       constexpr int I = ggml_cuda_mmq_get_I(type, J, fallback);
[build]                     ^
[build]           detected during:
[build]             instantiation of "ggml_cuda_mmq_util_funcs ggml_cuda_mmq_get_util_funcs<type,J,fallback>() [with type=GGML_TYPE_Q6_K, J=128, fallback=true]" at line 858
[build]             instantiation of "ggml_cuda_mmq_load_tiles_t ggml_cuda_mmq_get_load_tiles<type,J,fallback>() [with type=GGML_TYPE_Q6_K, J=128, fallback=true]" at line 885
[build]             instantiation of "void mul_mat_q_process_tile<type,J,fallback,fixup>(const char *, int, const int *, const int *, float *, float *, const float *, int, int, int, int, int, int, int) [with type=GGML_TYPE_Q6_K, J=128, fallback=true, fixup=false]" at line 1152
[build]             instantiation of "void mul_mat_q<type,J,fallback>(const char *, const int *, const int32_t *, const int32_t *, float *, float *, const float *, uint3, int, int, int, int, int, uint3, uint3, int, int, int, uint3, uint3, int, int, int, uint3) [with type=GGML_TYPE_Q6_K, J=128, fallback=true]" at line 1408
[build]             instantiation of "void launch_mul_mat_q<type,J,fallback>(ggml_backend_cuda_context &, const mmq_args &, cudaStream_t) [with type=GGML_TYPE_Q6_K, J=128, fallback=false]" at line 1549
[build]             instantiation of "void mul_mat_q_switch_J<type,fallback>(ggml_backend_cuda_context &, const mmq_args &, cudaStream_t) [with type=GGML_TYPE_Q6_K, fallback=false]" at line 1562
[build]             instantiation of "void mul_mat_q_case<type>(ggml_backend_cuda_context &, const mmq_args &, cudaStream_t) [with type=GGML_TYPE_Q6_K]" at line 5 of C:\Users\pperv\code\unnamed_rpg\vendor\ggml\src\ggml-cuda\template-instances\mmq-instance-q6_k.cu
[build] 
[build] mmq-instance-q6_k.cu
[build] tmpxft_00004b2c_00000000-10_mmq-instance-q6_k.cudafe1.cpp
[build] [181/405  40% :: 290.155] Building CUDA object vendor\ggml\src\ggml-cuda\CMakeFiles\ggml-cuda.dir\template-instances\mmf-instance-ncols_7.cu.obj
[build] mmf-instance-ncols_7.cu
[build] tmpxft_00005d60_00000000-10_mmf-instance-ncols_7.cudafe1.cpp
[build] [182/405  40% :: 291.161] Building CXX object vendor\llama.cpp\src\CMakeFiles\llama.dir\llama-hparams.cpp.obj
[build] [183/405  40% :: 291.176] Building CXX object vendor\llama.cpp\src\CMakeFiles\llama.dir\llama-cparams.cpp.obj
[build] [184/405  41% :: 291.206] Building CUDA object vendor\ggml\src\ggml-cuda\CMakeFiles\ggml-cuda.dir\template-instances\fattn-vec-instance-f16-f16.cu.obj
[build] fattn-vec-instance-f16-f16.cu
[build] tmpxft_00006484_00000000-10_fattn-vec-instance-f16-f16.cudafe1.cpp
[build] [185/405  41% :: 291.257] Building CXX object vendor\llama.cpp\src\CMakeFiles\llama.dir\llama-io.cpp.obj
[build] [186/405  41% :: 291.373] Building CXX object vendor\llama.cpp\src\CMakeFiles\llama.dir\llama-impl.cpp.obj
[build] [187/405  41% :: 291.463] Building CXX object vendor\llama.cpp\src\CMakeFiles\llama.dir\llama-arch.cpp.obj
[build] [188/405  42% :: 291.647] Building CXX object vendor\llama.cpp\src\CMakeFiles\llama.dir\llama-chat.cpp.obj
[build] [189/405  42% :: 291.898] Building CXX object vendor\llama.cpp\src\CMakeFiles\llama.dir\llama-adapter.cpp.obj
[build] [190/405  42% :: 292.011] Building CUDA object vendor\ggml\src\ggml-cuda\CMakeFiles\ggml-cuda.dir\template-instances\mmf-instance-ncols_8.cu.obj
[build] mmf-instance-ncols_8.cu
[build] tmpxft_00006028_00000000-10_mmf-instance-ncols_8.cudafe1.cpp
[build] [191/405  42% :: 292.237] Building CXX object vendor\llama.cpp\src\CMakeFiles\llama.dir\llama-batch.cpp.obj
[build] [192/405  43% :: 292.551] Building CXX object vendor\llama.cpp\src\CMakeFiles\llama.dir\llama-graph.cpp.obj
[build] [193/405  43% :: 292.805] Building CXX object vendor\llama.cpp\src\CMakeFiles\llama.dir\llama-grammar.cpp.obj
[build] [194/405  43% :: 292.910] Building CXX object vendor\llama.cpp\src\CMakeFiles\llama.dir\llama-context.cpp.obj
[build] [195/405  43% :: 292.925] Building CXX object vendor\llama.cpp\src\CMakeFiles\llama.dir\llama-kv-cache-msa.cpp.obj
[build] [196/405  44% :: 293.011] Building CXX object vendor\llama.cpp\src\CMakeFiles\llama.dir\llama-kv-cache-dsa-iswa.cpp.obj
[build] [197/405  44% :: 293.027] Building CXX object vendor\llama.cpp\src\CMakeFiles\llama.dir\llama-kv-cache-iswa.cpp.obj
[build] [198/405  44% :: 293.035] Building CXX object vendor\llama.cpp\src\CMakeFiles\llama.dir\llama-kv-cache-dsa.cpp.obj
[build] [199/405  44% :: 293.128] Building CXX object vendor\llama.cpp\src\CMakeFiles\llama.dir\llama-memory.cpp.obj
[build] [200/405  45% :: 293.476] Building CXX object vendor\llama.cpp\src\CMakeFiles\llama.dir\llama-kv-cache.cpp.obj
[build] [201/405  45% :: 293.492] Building CXX object vendor\llama.cpp\src\CMakeFiles\llama.dir\llama-memory-hybrid.cpp.obj
[build] [202/405  45% :: 293.954] Building CXX object vendor\llama.cpp\src\CMakeFiles\llama.dir\llama-memory-hybrid-idx.cpp.obj
[build] [203/405  45% :: 293.962] Building CXX object vendor\llama.cpp\src\CMakeFiles\llama.dir\llama-memory-hybrid-iswa.cpp.obj
[build] [204/405  46% :: 294.092] Building CUDA object vendor\ggml\src\ggml-cuda\CMakeFiles\ggml-cuda.dir\template-instances\mmf-instance-ncols_9.cu.obj
[build] mmf-instance-ncols_9.cu
[build] tmpxft_000024ac_00000000-10_mmf-instance-ncols_9.cudafe1.cpp
[build] [205/405  46% :: 294.345] Building CXX object vendor\llama.cpp\src\CMakeFiles\llama.dir\llama-mmap.cpp.obj
[build] [206/405  46% :: 294.355] Building CXX object vendor\llama.cpp\src\CMakeFiles\llama.dir\llama-memory-recurrent.cpp.obj
[build] [207/405  46% :: 294.398] Building CXX object vendor\llama.cpp\src\CMakeFiles\llama.dir\llama-kv-cache-dsv4.cpp.obj
[build] [208/405  47% :: 294.705] Building CUDA object vendor\ggml\src\ggml-cuda\CMakeFiles\ggml-cuda.dir\template-instances\fattn-vec-instance-bf16-bf16.cu.obj
[build] fattn-vec-instance-bf16-bf16.cu
[build] tmpxft_00001808_00000000-10_fattn-vec-instance-bf16-bf16.cudafe1.cpp
[build] [209/405  47% :: 294.730] Building CXX object vendor\llama.cpp\src\CMakeFiles\llama.dir\llama-model-saver.cpp.obj
[build] [210/405  47% :: 294.966] Building CXX object vendor\llama.cpp\src\CMakeFiles\llama.dir\unicode-data.cpp.obj
[build] [211/405  47% :: 295.107] Building CXX object vendor\llama.cpp\src\CMakeFiles\llama.dir\models\afmoe.cpp.obj
[build] [212/405  48% :: 295.421] Building CXX object vendor\llama.cpp\src\CMakeFiles\llama.dir\models\apertus.cpp.obj
[build] [213/405  48% :: 295.826] Building CXX object vendor\llama.cpp\src\CMakeFiles\llama.dir\models\arctic.cpp.obj
[build] [214/405  48% :: 295.835] Building CXX object vendor\llama.cpp\src\CMakeFiles\llama.dir\models\arwkv7.cpp.obj
[build] [215/405  48% :: 296.027] Building CXX object vendor\llama.cpp\src\CMakeFiles\llama.dir\models\bailingmoe.cpp.obj
[build] [216/405  49% :: 296.067] Building CXX object vendor\llama.cpp\src\CMakeFiles\llama.dir\llama-quant.cpp.obj
[build] [217/405  49% :: 296.076] Building CXX object vendor\llama.cpp\src\CMakeFiles\llama.dir\models\baichuan.cpp.obj
[build] [218/405  49% :: 296.141] Building CXX object vendor\llama.cpp\src\CMakeFiles\llama.dir\models\arcee.cpp.obj
[build] [219/405  49% :: 296.150] Building CXX object vendor\llama.cpp\src\CMakeFiles\llama.dir\llama-vocab.cpp.obj
[build] [220/405  50% :: 296.189] Building CXX object vendor\llama.cpp\src\CMakeFiles\llama.dir\llama-sampler.cpp.obj
[build] C:\Users\pperv\code\unnamed_rpg\vendor\llama.cpp\src\llama-sampler.cpp(1165,9): warning: ignoring return value of function declared with 'nodiscard' attribute [-Wunused-result]
[build]  1165 |         dist(ctx->rng);
[build]       |         ^~~~~~~~~~~~~~
[build] C:\Users\pperv\code\unnamed_rpg\vendor\llama.cpp\src\llama-sampler.cpp(1380,5): warning: ignoring return value of function declared with 'nodiscard' attribute [-Wunused-result]
[build]  1380 |     dist(sctx->rng);
[build]       |     ^~~~~~~~~~~~~~~
[build] 2 warnings generated.
[build] [221/405  50% :: 296.338] Building CXX object vendor\llama.cpp\src\CMakeFiles\llama.dir\models\bailingmoe2.cpp.obj
[build] [222/405  50% :: 296.499] Building CXX object vendor\llama.cpp\src\CMakeFiles\llama.dir\unicode.cpp.obj
[build] [223/405  50% :: 296.508] Building CXX object vendor\llama.cpp\src\CMakeFiles\llama.dir\llama-model-loader.cpp.obj
[build] [224/405  51% :: 296.529] Building CXX object vendor\llama.cpp\src\CMakeFiles\llama.dir\models\bert.cpp.obj
[build] [225/405  51% :: 296.802] Building CXX object vendor\llama.cpp\src\CMakeFiles\llama.dir\models\bailingmoe3.cpp.obj
[build] [226/405  51% :: 296.850] Building CXX object vendor\llama.cpp\src\CMakeFiles\llama.dir\models\bitnet.cpp.obj
[build] [227/405  51% :: 297.205] Building CXX object vendor\llama.cpp\src\CMakeFiles\llama.dir\models\bloom.cpp.obj
[build] [228/405  52% :: 297.355] Building CXX object vendor\llama.cpp\src\CMakeFiles\llama.dir\models\chameleon.cpp.obj
[build] [229/405  52% :: 297.367] Building CXX object vendor\llama.cpp\src\CMakeFiles\llama.dir\models\codeshell.cpp.obj
[build] [230/405  52% :: 297.376] Building CXX object vendor\llama.cpp\src\CMakeFiles\llama.dir\models\cogvlm.cpp.obj
[build] [231/405  52% :: 297.391] Building CXX object vendor\llama.cpp\src\CMakeFiles\llama.dir\llama-model.cpp.obj
[build] [232/405  53% :: 297.405] Building CXX object vendor\llama.cpp\src\CMakeFiles\llama.dir\models\clip.cpp.obj
[build] [233/405  53% :: 297.515] Building CXX object vendor\llama.cpp\src\CMakeFiles\llama.dir\models\chatglm.cpp.obj
[build] [234/405  53% :: 297.522] Building CXX object vendor\llama.cpp\src\CMakeFiles\llama.dir\models\cohere2.cpp.obj
[build] [235/405  53% :: 297.530] Building CXX object vendor\llama.cpp\src\CMakeFiles\llama.dir\models\cohere2moe.cpp.obj
[build] [236/405  54% :: 297.663] Building CXX object vendor\llama.cpp\src\CMakeFiles\llama.dir\models\command-r.cpp.obj
[build] [237/405  54% :: 297.810] Building CXX object vendor\llama.cpp\src\CMakeFiles\llama.dir\models\dbrx.cpp.obj
[build] [238/405  54% :: 297.878] Building CXX object vendor\llama.cpp\src\CMakeFiles\llama.dir\models\deci.cpp.obj
[build] [239/405  54% :: 297.894] Building CXX object vendor\llama.cpp\src\CMakeFiles\llama.dir\models\deepseek.cpp.obj
[build] [240/405  55% :: 297.998] Building CXX object vendor\llama.cpp\src\CMakeFiles\llama.dir\models\deepseek2.cpp.obj
[build] [241/405  55% :: 298.242] Building CXX object vendor\llama.cpp\src\CMakeFiles\llama.dir\models\deepseek2ocr.cpp.obj
[build] [242/405  55% :: 298.571] Building CXX object vendor\llama.cpp\src\CMakeFiles\llama.dir\models\deepseek32.cpp.obj
[build] [243/405  55% :: 298.772] Building CXX object vendor\llama.cpp\src\CMakeFiles\llama.dir\models\dots1.cpp.obj
[build] [244/405  56% :: 298.811] Building CXX object vendor\llama.cpp\src\CMakeFiles\llama.dir\models\dream.cpp.obj
[build] [245/405  56% :: 298.838] Building CXX object vendor\llama.cpp\src\CMakeFiles\llama.dir\models\ernie4-5.cpp.obj
[build] [246/405  56% :: 298.852] Building CXX object vendor\llama.cpp\src\CMakeFiles\llama.dir\models\ernie4-5-moe.cpp.obj
[build] [247/405  56% :: 298.858] Building CXX object vendor\llama.cpp\src\CMakeFiles\llama.dir\models\delta-net-base.cpp.obj
[build] [248/405  57% :: 298.866] Building CXX object vendor\llama.cpp\src\CMakeFiles\llama.dir\models\eagle3.cpp.obj
[build] [249/405  57% :: 298.884] Building CXX object vendor\llama.cpp\src\CMakeFiles\llama.dir\models\dots3note.cpp.obj
[build] [250/405  57% :: 298.891] Building CXX object vendor\llama.cpp\src\CMakeFiles\llama.dir\models\dflash.cpp.obj
[build] [251/405  57% :: 298.916] Building CXX object vendor\llama.cpp\src\CMakeFiles\llama.dir\models\deepseek4.cpp.obj
[build] [252/405  58% :: 299.153] Building CXX object vendor\llama.cpp\src\CMakeFiles\llama.dir\models\eurobert.cpp.obj
[build] [253/405  58% :: 299.409] Building CXX object vendor\llama.cpp\src\CMakeFiles\llama.dir\models\exaone.cpp.obj
[build] [254/405  58% :: 299.415] Building CXX object vendor\llama.cpp\src\CMakeFiles\llama.dir\models\exaone4.cpp.obj
[build] [255/405  58% :: 299.452] Building CXX object vendor\llama.cpp\src\CMakeFiles\llama.dir\models\falcon-h1.cpp.obj
[build] [256/405  59% :: 299.609] Building CXX object vendor\llama.cpp\src\CMakeFiles\llama.dir\models\exaone-moe.cpp.obj
[build] [257/405  59% :: 299.742] Building CXX object vendor\llama.cpp\src\CMakeFiles\llama.dir\models\falcon.cpp.obj
[build] [258/405  59% :: 299.976] Building CXX object vendor\llama.cpp\src\CMakeFiles\llama.dir\models\gemma-embedding.cpp.obj
[build] [259/405  59% :: 300.209] Building CXX object vendor\llama.cpp\src\CMakeFiles\llama.dir\models\gemma4.cpp.obj
[build] [260/405  60% :: 300.217] Building CXX object vendor\llama.cpp\src\CMakeFiles\llama.dir\models\gemma3.cpp.obj
[build] [261/405  60% :: 300.224] Building CXX object vendor\llama.cpp\src\CMakeFiles\llama.dir\models\gemma3n.cpp.obj
[build] [262/405  60% :: 300.232] Building CXX object vendor\llama.cpp\src\CMakeFiles\llama.dir\models\glm4.cpp.obj
[build] [263/405  60% :: 300.240] Building CXX object vendor\llama.cpp\src\CMakeFiles\llama.dir\models\gemma4-assistant.cpp.obj
[build] [264/405  60% :: 300.252] Building CXX object vendor\llama.cpp\src\CMakeFiles\llama.dir\models\glm4-moe.cpp.obj
[build] [265/405  61% :: 300.346] Building CXX object vendor\llama.cpp\src\CMakeFiles\llama.dir\models\gemma.cpp.obj
[build] [266/405  61% :: 300.352] Building CXX object vendor\llama.cpp\src\CMakeFiles\llama.dir\models\gemma2.cpp.obj
[build] [267/405  61% :: 300.698] Building CXX object vendor\llama.cpp\src\CMakeFiles\llama.dir\models\glm-dsa.cpp.obj
[build] [268/405  61% :: 300.746] Building CXX object vendor\llama.cpp\src\CMakeFiles\llama.dir\models\gpt2.cpp.obj
[build] [269/405  62% :: 300.757] Building CXX object vendor\llama.cpp\src\CMakeFiles\llama.dir\models\gptneox.cpp.obj
[build] [270/405  62% :: 300.816] Building CXX object vendor\llama.cpp\src\CMakeFiles\llama.dir\models\granite-moe.cpp.obj
[build] [271/405  62% :: 300.836] Building CXX object vendor\llama.cpp\src\CMakeFiles\llama.dir\models\granite-hybrid.cpp.obj
[build] [272/405  62% :: 301.390] Building CXX object vendor\llama.cpp\src\CMakeFiles\llama.dir\models\grovemoe.cpp.obj
[build] [273/405  63% :: 301.417] Building CXX object vendor\llama.cpp\src\CMakeFiles\llama.dir\models\granite-switch.cpp.obj
[build] [274/405  63% :: 301.490] Building CXX object vendor\llama.cpp\src\CMakeFiles\llama.dir\models\granite-swa.cpp.obj
[build] [275/405  63% :: 301.510] Building CXX object vendor\llama.cpp\src\CMakeFiles\llama.dir\models\hunyuan-dense.cpp.obj
[build] [276/405  63% :: 301.550] Building CXX object vendor\llama.cpp\src\CMakeFiles\llama.dir\models\grok.cpp.obj
[build] [277/405  64% :: 301.556] Building CXX object vendor\llama.cpp\src\CMakeFiles\llama.dir\models\hunyuan-vl.cpp.obj
[build] [278/405  64% :: 301.785] Building CXX object vendor\llama.cpp\src\CMakeFiles\llama.dir\models\hunyuan-moe.cpp.obj
[build] [279/405  64% :: 301.851] Building CXX object vendor\llama.cpp\src\CMakeFiles\llama.dir\models\internlm2.cpp.obj
[build] [280/405  64% :: 301.858] Building CXX object vendor\llama.cpp\src\CMakeFiles\llama.dir\models\hy-v3.cpp.obj
[build] [281/405  65% :: 301.867] Building CXX object vendor\llama.cpp\src\CMakeFiles\llama.dir\models\granite.cpp.obj
[build] [282/405  65% :: 301.958] Building CXX object vendor\llama.cpp\src\CMakeFiles\llama.dir\models\jais.cpp.obj
[build] [283/405  65% :: 301.970] Building CUDA object vendor\ggml\src\ggml-cuda\CMakeFiles\ggml-cuda.dir\template-instances\fattn-vec-instance-q8_0-q8_0.cu.obj
[build] fattn-vec-instance-q8_0-q8_0.cu
[build] tmpxft_00007460_00000000-10_fattn-vec-instance-q8_0-q8_0.cudafe1.cpp
[build] [284/405  65% :: 302.109] Building CXX object vendor\llama.cpp\src\CMakeFiles\llama.dir\models\jais2.cpp.obj
[build] [285/405  66% :: 302.118] Building CXX object vendor\llama.cpp\src\CMakeFiles\llama.dir\models\jina-bert-v2.cpp.obj
[build] [286/405  66% :: 302.139] Building CXX object vendor\llama.cpp\src\CMakeFiles\llama.dir\models\jamba.cpp.obj
[build] [287/405  66% :: 302.283] Building CXX object vendor\llama.cpp\src\CMakeFiles\llama.dir\models\jina-bert-v3.cpp.obj
[build] [288/405  66% :: 302.550] Building CXX object vendor\llama.cpp\src\CMakeFiles\llama.dir\models\kimi-k3.cpp.obj
[build] [289/405  67% :: 302.804] Building CXX object vendor\llama.cpp\src\CMakeFiles\llama.dir\models\laguna.cpp.obj
[build] [290/405  67% :: 302.810] Building CXX object vendor\llama.cpp\src\CMakeFiles\llama.dir\models\llada.cpp.obj
[build] [291/405  67% :: 302.816] Building CXX object vendor\llama.cpp\src\CMakeFiles\llama.dir\models\kimi-linear.cpp.obj
[build] [292/405  67% :: 302.821] Building CXX object vendor\llama.cpp\src\CMakeFiles\llama.dir\models\llada-moe.cpp.obj
[build] [293/405  68% :: 302.995] Building CXX object vendor\llama.cpp\src\CMakeFiles\llama.dir\models\lfm2moe.cpp.obj
[build] [294/405  68% :: 303.148] Building CXX object vendor\llama.cpp\src\CMakeFiles\llama.dir\models\lfm2.cpp.obj
[build] [295/405  68% :: 303.221] Building CXX object vendor\llama.cpp\src\CMakeFiles\llama.dir\models\maincoder.cpp.obj
[build] [296/405  68% :: 303.229] Building CXX object vendor\llama.cpp\src\CMakeFiles\llama.dir\models\llama.cpp.obj
[build] [297/405  69% :: 303.237] Building CXX object vendor\llama.cpp\src\CMakeFiles\llama.dir\models\llama-embed.cpp.obj
[build] [298/405  69% :: 303.311] Building CXX object vendor\llama.cpp\src\CMakeFiles\llama.dir\models\mamba2.cpp.obj
[build] [299/405  69% :: 303.332] Building CXX object vendor\llama.cpp\src\CMakeFiles\llama.dir\models\llama4.cpp.obj
[build] [300/405  69% :: 303.344] Building CXX object vendor\llama.cpp\src\CMakeFiles\llama.dir\models\mamba-base.cpp.obj
[build] [301/405  70% :: 303.350] Building CXX object vendor\llama.cpp\src\CMakeFiles\llama.dir\models\mamba.cpp.obj
[build] [302/405  70% :: 303.639] Building CXX object vendor\llama.cpp\src\CMakeFiles\llama.dir\models\minicpm.cpp.obj
[build] [303/405  70% :: 303.699] Building CXX object vendor\llama.cpp\src\CMakeFiles\llama.dir\models\mimo2.cpp.obj
[build] [304/405  70% :: 303.706] Building CXX object vendor\llama.cpp\src\CMakeFiles\llama.dir\models\mellum.cpp.obj
[build] [305/405  71% :: 303.860] Building CUDA object vendor\ggml\src\ggml-cuda\CMakeFiles\ggml-cuda.dir\template-instances\fattn-vec-instance-q4_0-q4_0.cu.obj
[build] fattn-vec-instance-q4_0-q4_0.cu
[build] tmpxft_000066c0_00000000-10_fattn-vec-instance-q4_0-q4_0.cudafe1.cpp
[build] [306/405  71% :: 304.120] Building CXX object vendor\llama.cpp\src\CMakeFiles\llama.dir\models\minimax-m2.cpp.obj
[build] [307/405  71% :: 304.228] Building CXX object vendor\llama.cpp\src\CMakeFiles\llama.dir\models\minicpm3.cpp.obj
[build] [308/405  71% :: 304.255] Building CXX object vendor\llama.cpp\src\CMakeFiles\llama.dir\models\mistral3.cpp.obj
[build] [309/405  72% :: 304.372] Building CXX object vendor\llama.cpp\src\CMakeFiles\llama.dir\models\mistral4.cpp.obj
[build] [310/405  72% :: 304.380] Building CXX object vendor\llama.cpp\src\CMakeFiles\llama.dir\models\minimax-01.cpp.obj
[build] [311/405  72% :: 304.472] Building CXX object vendor\llama.cpp\src\CMakeFiles\llama.dir\models\minimax-m3.cpp.obj
[build] [312/405  72% :: 304.496] Building CXX object vendor\llama.cpp\src\CMakeFiles\llama.dir\models\mpt.cpp.obj
[build] [313/405  73% :: 304.590] Building CXX object vendor\llama.cpp\src\CMakeFiles\llama.dir\models\neo-bert.cpp.obj
[build] [314/405  73% :: 304.612] Building CXX object vendor\llama.cpp\src\CMakeFiles\llama.dir\models\modern-bert.cpp.obj
[build] [315/405  73% :: 304.624] Building CXX object vendor\llama.cpp\src\CMakeFiles\llama.dir\models\nemotron.cpp.obj
[build] [316/405  73% :: 304.633] Building CXX object vendor\llama.cpp\src\CMakeFiles\llama.dir\models\nemotron-h-moe.cpp.obj
[build] [317/405  74% :: 304.647] Building CXX object vendor\llama.cpp\src\CMakeFiles\llama.dir\models\nanbeige.cpp.obj
[build] [318/405  74% :: 304.654] Building CXX object vendor\llama.cpp\src\CMakeFiles\llama.dir\models\muse-glimmer.cpp.obj
[build] [319/405  74% :: 304.662] Building CXX object vendor\llama.cpp\src\CMakeFiles\llama.dir\models\nemotron-h.cpp.obj
[build] [320/405  74% :: 304.998] Building CXX object vendor\llama.cpp\src\CMakeFiles\llama.dir\models\nomic-bert-moe.cpp.obj
[build] [321/405  75% :: 305.088] Building CXX object vendor\llama.cpp\src\CMakeFiles\llama.dir\models\nomic-bert.cpp.obj
[build] [322/405  75% :: 305.287] Building CXX object vendor\llama.cpp\src\CMakeFiles\llama.dir\models\olmo.cpp.obj
[build] [323/405  75% :: 305.506] Building CXX object vendor\llama.cpp\src\CMakeFiles\llama.dir\models\olmo2.cpp.obj
[build] [324/405  75% :: 305.627] Building CXX object vendor\llama.cpp\src\CMakeFiles\llama.dir\models\openai-moe.cpp.obj
[build] [325/405  76% :: 305.635] Building CXX object vendor\llama.cpp\src\CMakeFiles\llama.dir\models\olmoe.cpp.obj
[build] [326/405  76% :: 305.826] Building CXX object vendor\llama.cpp\src\CMakeFiles\llama.dir\models\openelm.cpp.obj
[build] [327/405  76% :: 305.923] Building CXX object vendor\llama.cpp\src\CMakeFiles\llama.dir\models\orion.cpp.obj
[build] [328/405  76% :: 305.937] Building CXX object vendor\llama.cpp\src\CMakeFiles\llama.dir\models\phimoe.cpp.obj
[build] [329/405  77% :: 305.945] Building CXX object vendor\llama.cpp\src\CMakeFiles\llama.dir\models\paddleocr.cpp.obj
[build] [330/405  77% :: 305.953] Linking CUDA shared library bin\ggml-cuda.dll
[build] [331/405  77% :: 305.983] Building CXX object vendor\llama.cpp\src\CMakeFiles\llama.dir\models\plamo3.cpp.obj
[build] [332/405  77% :: 305.989] Building CXX object vendor\llama.cpp\src\CMakeFiles\llama.dir\models\phi3.cpp.obj
[build] [333/405  78% :: 306.062] Building CXX object vendor\llama.cpp\src\CMakeFiles\llama.dir\models\plm.cpp.obj
[build] [334/405  78% :: 306.082] Building CXX object vendor\llama.cpp\src\CMakeFiles\llama.dir\models\phi2.cpp.obj
[build] [335/405  78% :: 306.088] Building CXX object vendor\llama.cpp\src\CMakeFiles\llama.dir\models\plamo.cpp.obj
[build] [336/405  78% :: 306.094] Building CXX object vendor\llama.cpp\src\CMakeFiles\llama.dir\models\plamo2.cpp.obj
[build] [337/405  79% :: 306.101] Building CXX object vendor\llama.cpp\src\CMakeFiles\llama.dir\models\pangu-embed.cpp.obj
[build] [338/405  79% :: 306.350] Linking CXX shared library bin\ggml.dll
[build] [339/405  79% :: 306.527] Building CXX object vendor\llama.cpp\src\CMakeFiles\llama.dir\models\qwen.cpp.obj
[build] [340/405  79% :: 306.554] Building CXX object vendor\llama.cpp\src\CMakeFiles\llama.dir\models\pockettts.cpp.obj
[build] [341/405  80% :: 306.635] Building CXX object vendor\llama.cpp\src\CMakeFiles\llama.dir\models\qwen2.cpp.obj
[build] [342/405  80% :: 307.092] Building CXX object vendor\llama.cpp\src\CMakeFiles\llama.dir\models\qwen2vl.cpp.obj
[build] [343/405  80% :: 307.109] Building CXX object vendor\llama.cpp\src\CMakeFiles\llama.dir\models\qwen3.cpp.obj
[build] [344/405  80% :: 307.132] Building CXX object vendor\llama.cpp\src\CMakeFiles\llama.dir\models\qwen2moe.cpp.obj
[build] [345/405  80% :: 307.374] Building CXX object vendor\llama.cpp\src\CMakeFiles\llama.dir\models\qwen3vl.cpp.obj
[build] [346/405  81% :: 307.387] Building CXX object vendor\llama.cpp\src\CMakeFiles\llama.dir\models\qwen3moe.cpp.obj
[build] [347/405  81% :: 307.395] Building CXX object vendor\llama.cpp\src\CMakeFiles\llama.dir\models\qwen3vlmoe.cpp.obj
[build] [348/405  81% :: 307.409] Building CXX object vendor\llama.cpp\src\CMakeFiles\llama.dir\models\qwen35.cpp.obj
[build] [349/405  81% :: 307.427] Building CXX object vendor\llama.cpp\src\CMakeFiles\llama.dir\models\rwkv6-base.cpp.obj
[build] [350/405  82% :: 307.433] Building CXX object vendor\llama.cpp\src\CMakeFiles\llama.dir\models\qwen35moe.cpp.obj
[build] [351/405  82% :: 307.439] Building CXX object vendor\llama.cpp\src\CMakeFiles\llama.dir\models\qwen3tts.cpp.obj
[build] [352/405  82% :: 307.447] Building CXX object vendor\llama.cpp\src\CMakeFiles\llama.dir\models\refact.cpp.obj
[build] [353/405  82% :: 307.502] Building CXX object vendor\llama.cpp\src\CMakeFiles\llama.dir\models\rnd1.cpp.obj
[build] [354/405  83% :: 307.647] Building CXX object vendor\llama.cpp\src\CMakeFiles\llama.dir\models\qwen3next.cpp.obj
[build] [355/405  83% :: 307.949] Building CXX object vendor\llama.cpp\src\CMakeFiles\llama.dir\models\qwen4exp.cpp.obj
[build] [356/405  83% :: 307.955] Building CXX object vendor\llama.cpp\src\CMakeFiles\llama.dir\models\rwkv6.cpp.obj
[build] [357/405  83% :: 308.005] Building CXX object vendor\llama.cpp\src\CMakeFiles\llama.dir\models\rwkv6qwen2.cpp.obj
[build] [358/405  84% :: 308.014] Building CXX object vendor\llama.cpp\src\CMakeFiles\llama.dir\models\rwkv7-base.cpp.obj
[build] [359/405  84% :: 308.028] Building CXX object vendor\llama.cpp\src\CMakeFiles\llama.dir\models\rwkv7.cpp.obj
[build] [360/405  84% :: 308.159] Building C object vendor\llama.cpp\vendor\hash\CMakeFiles\vendor-hash.dir\sha256\sha256.c.obj
[build] [361/405  84% :: 308.218] Building CXX object vendor\llama.cpp\vendor\hash\CMakeFiles\vendor-hash.dir\sha1\sha1.c.obj
[build] [362/405  85% :: 308.670] Building C object vendor\llama.cpp\vendor\hash\CMakeFiles\vendor-hash.dir\xxhash\xxhash.c.obj
[build] [363/405  85% :: 308.688] Building CXX object vendor\llama.cpp\src\CMakeFiles\llama.dir\models\seed-oss.cpp.obj
[build] [364/405  85% :: 308.702] Building CXX object vendor\llama.cpp\src\CMakeFiles\llama.dir\models\smallthinker.cpp.obj
[build] [365/405  85% :: 308.710] Building CXX object vendor\llama.cpp\src\CMakeFiles\llama.dir\models\smollm3.cpp.obj
[build] [366/405  86% :: 308.787] Building CXX object vendor\llama.cpp\vendor\hash\CMakeFiles\vendor-hash.dir\hash.cpp.obj
[build] [367/405  86% :: 308.801] Building CXX object vendor\llama.cpp\src\CMakeFiles\llama.dir\models\starcoder.cpp.obj
[build] [368/405  86% :: 308.812] Building CXX object vendor\llama.cpp\src\CMakeFiles\llama.dir\models\t5encoder.cpp.obj
[build] [369/405  86% :: 308.820] Building CXX object vendor\llama.cpp\src\CMakeFiles\llama.dir\models\t5.cpp.obj
[build] [370/405  87% :: 308.875] Building CXX object vendor\llama.cpp\common\CMakeFiles\llama-common-base.dir\build-info.cpp.obj
[build] [371/405  87% :: 308.882] Linking CXX static library vendor\llama.cpp\vendor\hash\vendor-hash.lib
[build] [372/405  87% :: 308.889] Building CXX object vendor\llama.cpp\src\CMakeFiles\llama.dir\models\wavtokenizer-dec.cpp.obj
[build] [373/405  87% :: 308.895] Building CXX object vendor\llama.cpp\src\CMakeFiles\llama.dir\models\talkie.cpp.obj
[build] [374/405  88% :: 308.902] Building CXX object vendor\llama.cpp\src\CMakeFiles\llama.dir\models\stablelm.cpp.obj
[build] [375/405  88% :: 308.910] Building CXX object vendor\llama.cpp\src\CMakeFiles\llama.dir\models\step35.cpp.obj
[build] [376/405  88% :: 308.922] Building CXX object vendor\llama.cpp\src\CMakeFiles\llama.dir\models\starcoder2.cpp.obj
[build] [377/405  88% :: 308.928] Linking CXX static library vendor\llama.cpp\common\llama-common-base.lib
[build] [378/405  89% :: 309.080] Building CXX object vendor\llama.cpp\src\CMakeFiles\llama.dir\models\xverse.cpp.obj
[build] [379/405  89% :: 310.317] Building CXX object vendor\llama.cpp\common\CMakeFiles\llama-common.dir\fit.cpp.obj
[build] [380/405  89% :: 310.431] Building CXX object vendor\llama.cpp\common\CMakeFiles\llama-common.dir\llguidance.cpp.obj
[build] [381/405  89% :: 310.440] Building CXX object vendor\llama.cpp\common\CMakeFiles\llama-common.dir\imatrix-loader.cpp.obj
[build] [382/405  90% :: 310.447] Linking CXX shared library bin\llama.dll
[build] [383/405  90% :: 310.747] Building CXX object vendor\llama.cpp\common\CMakeFiles\llama-common.dir\debug.cpp.obj
[build] [384/405  90% :: 310.757] Building CXX object vendor\llama.cpp\common\CMakeFiles\llama-common.dir\console.cpp.obj
[build] [385/405  90% :: 310.965] Building CXX object vendor\llama.cpp\common\CMakeFiles\llama-common.dir\chat-auto-parser-helpers.cpp.obj
[build] [386/405  91% :: 311.019] Building CXX object vendor\llama.cpp\common\CMakeFiles\llama-common.dir\chat-auto-parser-generator.cpp.obj
[build] [387/405  91% :: 311.598] Building CXX object vendor\llama.cpp\common\CMakeFiles\llama-common.dir\chat-peg-parser.cpp.obj
[build] [388/405  91% :: 311.613] Building CXX object vendor\llama.cpp\common\CMakeFiles\llama-common.dir\ngram-mod.cpp.obj
[build] [389/405  91% :: 311.973] Building CXX object vendor\llama.cpp\common\CMakeFiles\llama-common.dir\ngram-map.cpp.obj
[build] [390/405  92% :: 312.231] Building CXX object vendor\llama.cpp\common\CMakeFiles\llama-common.dir\common.cpp.obj
[build] C:\Users\pperv\code\unnamed_rpg\vendor\llama.cpp\common\common.cpp(1202,33): warning: 'fileno' is deprecated: The POSIX name for this item is deprecated. Instead, use the ISO C and C++ conformant name: _fileno. See online help for details. [-Wdeprecated-declarations]
[build]  1202 |     bool stdout_is_tty = isatty(fileno(stdout));
[build]       |                                 ^
[build] C:\Program Files (x86)\Windows Kits\10\include\10.0.26100.0\ucrt\stdio.h(2433,28): note: 'fileno' has been explicitly marked deprecated here
[build]  2433 |         _Check_return_     _CRT_NONSTDC_DEPRECATE(_fileno)    _ACRTIMP int   __cdecl fileno(_In_ FILE* _Stream);
[build]       |                            ^
[build] C:\Program Files (x86)\Windows Kits\10\include\10.0.26100.0\ucrt\corecrt.h(428,50): note: expanded from macro '_CRT_NONSTDC_DEPRECATE'
[build]   428 |         #define _CRT_NONSTDC_DEPRECATE(_NewName) _CRT_DEPRECATE_TEXT(             \
[build]       |                                                  ^
[build] C:\Program Files\Microsoft Visual Studio\18\Community\VC\Tools\MSVC\14.51.36231\include\vcruntime.h(348,47): note: expanded from macro '_CRT_DEPRECATE_TEXT'
[build]   348 | #define _CRT_DEPRECATE_TEXT(_Text) __declspec(deprecated(_Text))
[build]       |                                               ^
[build] C:\Users\pperv\code\unnamed_rpg\vendor\llama.cpp\common\common.cpp(1202,26): warning: 'isatty' is deprecated: The POSIX name for this item is deprecated. Instead, use the ISO C and C++ conformant name: _isatty. See online help for details. [-Wdeprecated-declarations]
[build]  1202 |     bool stdout_is_tty = isatty(fileno(stdout));
[build]       |                          ^
[build] C:\Program Files (x86)\Windows Kits\10\include\10.0.26100.0\ucrt\corecrt_io.h(492,24): note: 'isatty' has been explicitly marked deprecated here
[build]   492 |         _Check_return_ _CRT_NONSTDC_DEPRECATE(_isatty)
[build]       |                        ^
[build] C:\Program Files (x86)\Windows Kits\10\include\10.0.26100.0\ucrt\corecrt.h(428,50): note: expanded from macro '_CRT_NONSTDC_DEPRECATE'
[build]   428 |         #define _CRT_NONSTDC_DEPRECATE(_NewName) _CRT_DEPRECATE_TEXT(             \
[build]       |                                                  ^
[build] C:\Program Files\Microsoft Visual Studio\18\Community\VC\Tools\MSVC\14.51.36231\include\vcruntime.h(348,47): note: expanded from macro '_CRT_DEPRECATE_TEXT'
[build]   348 | #define _CRT_DEPRECATE_TEXT(_Text) __declspec(deprecated(_Text))
[build]       |                                               ^
[build] C:\Users\pperv\code\unnamed_rpg\vendor\llama.cpp\common\common.cpp(1203,33): warning: 'fileno' is deprecated: The POSIX name for this item is deprecated. Instead, use the ISO C and C++ conformant name: _fileno. See online help for details. [-Wdeprecated-declarations]
[build]  1203 |     bool stderr_is_tty = isatty(fileno(stderr));
[build]       |                                 ^
[build] C:\Program Files (x86)\Windows Kits\10\include\10.0.26100.0\ucrt\stdio.h(2433,28): note: 'fileno' has been explicitly marked deprecated here
[build]  2433 |         _Check_return_     _CRT_NONSTDC_DEPRECATE(_fileno)    _ACRTIMP int   __cdecl fileno(_In_ FILE* _Stream);
[build]       |                            ^
[build] C:\Program Files (x86)\Windows Kits\10\include\10.0.26100.0\ucrt\corecrt.h(428,50): note: expanded from macro '_CRT_NONSTDC_DEPRECATE'
[build]   428 |         #define _CRT_NONSTDC_DEPRECATE(_NewName) _CRT_DEPRECATE_TEXT(             \
[build]       |                                                  ^
[build] C:\Program Files\Microsoft Visual Studio\18\Community\VC\Tools\MSVC\14.51.36231\include\vcruntime.h(348,47): note: expanded from macro '_CRT_DEPRECATE_TEXT'
[build]   348 | #define _CRT_DEPRECATE_TEXT(_Text) __declspec(deprecated(_Text))
[build]       |                                               ^
[build] C:\Users\pperv\code\unnamed_rpg\vendor\llama.cpp\common\common.cpp(1203,26): warning: 'isatty' is deprecated: The POSIX name for this item is deprecated. Instead, use the ISO C and C++ conformant name: _isatty. See online help for details. [-Wdeprecated-declarations]
[build]  1203 |     bool stderr_is_tty = isatty(fileno(stderr));
[build]       |                          ^
[build] C:\Program Files (x86)\Windows Kits\10\include\10.0.26100.0\ucrt\corecrt_io.h(492,24): note: 'isatty' has been explicitly marked deprecated here
[build]   492 |         _Check_return_ _CRT_NONSTDC_DEPRECATE(_isatty)
[build]       |                        ^
[build] C:\Program Files (x86)\Windows Kits\10\include\10.0.26100.0\ucrt\corecrt.h(428,50): note: expanded from macro '_CRT_NONSTDC_DEPRECATE'
[build]   428 |         #define _CRT_NONSTDC_DEPRECATE(_NewName) _CRT_DEPRECATE_TEXT(             \
[build]       |                                                  ^
[build] C:\Program Files\Microsoft Visual Studio\18\Community\VC\Tools\MSVC\14.51.36231\include\vcruntime.h(348,47): note: expanded from macro '_CRT_DEPRECATE_TEXT'
[build]   348 | #define _CRT_DEPRECATE_TEXT(_Text) __declspec(deprecated(_Text))
[build]       |                                               ^
[build] 4 warnings generated.
[build] [391/405  92% :: 312.239] Building CXX object vendor\llama.cpp\common\CMakeFiles\llama-common.dir\ngram-cache.cpp.obj
[build] [392/405  92% :: 312.285] Building CXX object vendor\llama.cpp\common\CMakeFiles\llama-common.dir\chat-diff-analyzer.cpp.obj
[build] [393/405  92% :: 312.388] Building CXX object vendor\llama.cpp\common\CMakeFiles\llama-common.dir\hf-cache.cpp.obj
[build] [394/405  93% :: 312.398] Building CXX object vendor\llama.cpp\common\CMakeFiles\llama-common.dir\log.cpp.obj
[build] [395/405  93% :: 312.642] Building CXX object vendor\llama.cpp\common\CMakeFiles\llama-common.dir\reasoning-budget.cpp.obj
[build] [396/405  93% :: 312.685] Building CXX object vendor\llama.cpp\common\CMakeFiles\llama-common.dir\json-schema-to-grammar.cpp.obj
[build] [397/405  93% :: 312.780] Building CXX object vendor\llama.cpp\common\CMakeFiles\llama-common.dir\subproc.cpp.obj
[build] [398/405  94% :: 312.881] Building CXX object vendor\llama.cpp\common\CMakeFiles\llama-common.dir\json.cpp.obj
[build] [399/405  94% :: 313.463] Building CXX object vendor\llama.cpp\common\CMakeFiles\llama-common.dir\chat.cpp.obj
[build] [400/405  94% :: 313.471] Building CXX object vendor\llama.cpp\common\CMakeFiles\llama-common.dir\sampling.cpp.obj
[build] [401/405  94% :: 313.479] Building CXX object vendor\llama.cpp\common\CMakeFiles\llama-common.dir\unicode.cpp.obj
[build] [401/405  95% :: 313.571] Building CXX object vendor\llama.cpp\common\CMakeFiles\llama-common.dir\trie.cpp.obj
[build] [401/405  95% :: 313.662] Building CXX object vendor\llama.cpp\common\CMakeFiles\llama-common.dir\download.cpp.obj
[build] [401/405  95% :: 313.909] Building CXX object vendor\llama.cpp\common\CMakeFiles\llama-common.dir\arg.cpp.obj
[build] [401/405  95% :: 314.073] Building CXX object vendor\llama.cpp\common\CMakeFiles\llama-common.dir\jinja\lexer.cpp.obj
[build] [401/405  96% :: 314.228] Building CXX object vendor\llama.cpp\common\CMakeFiles\llama-common.dir\jinja\string.cpp.obj
[build] [401/405  96% :: 314.670] Building CXX object vendor\llama.cpp\common\CMakeFiles\llama-common.dir\preset.cpp.obj
[build] [401/405  96% :: 314.696] Building CXX object vendor\llama.cpp\vendor\cpp-httplib\CMakeFiles\cpp-httplib.dir\httplib.cpp.obj
[build] [402/405  96% :: 314.711] Building CXX object vendor\llama.cpp\common\CMakeFiles\llama-common.dir\speculative.cpp.obj
[build] [402/405  97% :: 314.724] Building CXX object vendor\llama.cpp\common\CMakeFiles\llama-common.dir\jinja\parser.cpp.obj
[build] [402/405  97% :: 314.771] Linking CXX static library vendor\llama.cpp\vendor\cpp-httplib\cpp-httplib.lib
[build] [402/405  97% :: 314.787] Building CXX object vendor\llama.cpp\common\CMakeFiles\llama-common.dir\jinja\runtime.cpp.obj
[build] [402/405  97% :: 314.833] Building CXX object vendor\llama.cpp\common\CMakeFiles\llama-common.dir\peg-parser.cpp.obj
[build] [402/405  98% :: 314.927] Building CXX object vendor\llama.cpp\common\CMakeFiles\llama-common.dir\jinja\caps.cpp.obj
[build] [402/405  98% :: 315.090] Building CXX object modules\scene_narrator\CMakeFiles\scene_narrator.dir\src\scene_narrator.cpp.obj
[build] [402/405  98% :: 315.268] Building CXX object modules\scene_narrator\CMakeFiles\scene_narrator.dir\src\scene_narration_stream.cpp.obj
[build] [402/405  98% :: 315.340] Building CXX object vendor\llama.cpp\common\CMakeFiles\llama-common.dir\jinja\value.cpp.obj
[build] [403/405  99% :: 315.558] Building CXX object modules\scene_narrator\CMakeFiles\scene_narrator.dir\src\scene_narration_buffer.cpp.obj
[build] [403/405  99% :: 315.725] Building CXX object game\CMakeFiles\unnamed_rpg.dir\src\main.cpp.obj
[build] [403/405  99% :: 315.861] Linking CXX shared library bin\llama-common.dll
[build] [404/405  99% :: 315.894] Linking CXX static library modules\scene_narrator\scene_narrator.lib
[build] [405/405 100% :: 316.038] Linking CXX executable bin\unnamed_rpg.exe
[driver] Build completed: 00:05:16.080
[build] Build finished with exit code 0
[rollbar] Unhandled exception: Unhandled Promise rejection: Add newly created files to CMakeLists.txt CodeExpectedError: cannot open file:///c%3A/Users/pperv/code/unnamed_rpg/modules/semantic_db. Detail: Unable to read file 'c:\Users\pperv\code\unnamed_rpg\modules\semantic_db' (Error: Unable to read file 'c:\Users\pperv\code\unnamed_rpg\modules\semantic_db' that is actually a directory) {}
[rollbar] Unhandled exception: Unhandled Promise rejection: Add newly created files to CMakeLists.txt CodeExpectedError: cannot open file:///c%3A/Users/pperv/code/unnamed_rpg/modules/semantic_db/include. Detail: Unable to read file 'c:\Users\pperv\code\unnamed_rpg\modules\semantic_db\include' (Error: Unable to read file 'c:\Users\pperv\code\unnamed_rpg\modules\semantic_db\include' that is actually a directory) {}
[rollbar] Unhandled exception: Unhandled Promise rejection: Add newly created files to CMakeLists.txt CodeExpectedError: cannot open file:///c%3A/Users/pperv/code/unnamed_rpg/modules/semantic_db/src. Detail: Unable to read file 'c:\Users\pperv\code\unnamed_rpg\modules\semantic_db\src' (Error: Unable to read file 'c:\Users\pperv\code\unnamed_rpg\modules\semantic_db\src' that is actually a directory) {}
[main] Configuring project: unnamed_rpg 
[proc] Executing command: "C:\Program Files\CMake\bin\cmake.EXE" -DCMAKE_BUILD_TYPE:STRING=Debug -DCMAKE_EXPORT_COMPILE_COMMANDS:BOOL=TRUE "-DCMAKE_C_COMPILER:FILEPATH=C:\Program Files\Microsoft Visual Studio\18\Community\VC\Tools\Llvm\x64\bin\clang-cl.exe" "-DCMAKE_CXX_COMPILER:FILEPATH=C:\Program Files\Microsoft Visual Studio\18\Community\VC\Tools\Llvm\x64\bin\clang-cl.exe" --no-warn-unused-cli -S C:/Users/pperv/code/unnamed_rpg -B c:/Users/pperv/code/unnamed_rpg/build -G Ninja
[cmake] Not searching for unused variables given on the command line.
[cmake] -- Warning: ccache not found - consider installing it for faster compilation or disable this warning with GGML_CCACHE=OFF
[cmake] -- CMAKE_SYSTEM_PROCESSOR: AMD64
[cmake] -- CMAKE_GENERATOR_PLATFORM: 
[cmake] -- GGML_SYSTEM_ARCH: x86
[cmake] -- Including CPU backend
[cmake] -- x86 detected
[cmake] -- Adding CPU backend variant ggml-cpu: /arch:AVX512 GGML_AVX512
[cmake] -- CUDA Toolkit found
[cmake] -- Using CMAKE_CUDA_ARCHITECTURES=86-real CMAKE_CUDA_ARCHITECTURES_NATIVE=86-real
[cmake] -- Could NOT find NCCL (missing: NCCL_LIBRARY NCCL_INCLUDE_DIR) 
[cmake] -- Warning: NCCL not found, performance for multiple CUDA GPUs will be suboptimal
[cmake] -- Including CUDA backend
[cmake] -- ggml version: 0.22.0
[cmake] -- ggml commit:  d4716378
[cmake] CMAKE_BUILD_TYPE=Debug
[cmake] -- llama.cpp version: 0.3.0-dev
[cmake] -- Could NOT find OpenSSL, try to set the path to OpenSSL root folder in the system variable OPENSSL_ROOT_DIR (missing: OPENSSL_CRYPTO_LIBRARY) (found version "4.0.2")
[cmake] CMake Warning at vendor/llama.cpp/vendor/cpp-httplib/CMakeLists.txt:154 (message):
[cmake]   OpenSSL not found, HTTPS support disabled
[cmake] 
[cmake] 
[cmake] -- Using c++ standard c++11
[cmake] -- CMake version: 3.24.0-rc3
[cmake] -- Project version: 3.3.3
[cmake] -- CMAKE_CXX_COMPILER 'C:/Program Files/Microsoft Visual Studio/18/Community/VC/Tools/Llvm/x64/bin/clang-cl.exe' 'Clang' '22.1.3'
[cmake] -- CMAKE_CXX_FLAGS                '/DWIN32 /D_WINDOWS /EHsc'
[cmake] -- CMAKE_CXX_FLAGS_DEBUG          '/Zi /Ob0 /Od /RTC1'
[cmake] -- CMAKE_CXX_FLAGS_RELEASE        '/O2 /Ob2 /DNDEBUG'
[cmake] -- CMAKE_CXX_FLAGS_RELWITHDEBINFO '/Zi /O2 /Ob1 /DNDEBUG'
[cmake] -- CMAKE_CXX_FLAGS_MINSIZEREL     '/O1 /Ob1 /DNDEBUG'
[cmake] -- Build shared libraries (DLLs).
[cmake] -- Compile sqlite3 from source in subdirectory
[cmake] -- Found Python: C:/Users/pperv/AppData/Local/Programs/Python/Python310/python.exe (found version "3.10.6") found components: Interpreter 
[cmake] -- Could NOT find cppcheck
[cmake] -- SQLITECPP_RUN_DOXYGEN OFF
[cmake] -- SQLITECPP_BUILD_EXAMPLES OFF
[cmake] -- SQLITECPP_BUILD_TESTS OFF
[cmake] -- Configuring done
[cmake] -- Generating done
[cmake] -- Build files have been written to: C:/Users/pperv/code/unnamed_rpg/build
[main] Configuring project: unnamed_rpg 
[proc] Executing command: "C:\Program Files\CMake\bin\cmake.EXE" -DCMAKE_BUILD_TYPE:STRING=Debug -DCMAKE_EXPORT_COMPILE_COMMANDS:BOOL=TRUE "-DCMAKE_C_COMPILER:FILEPATH=C:\Program Files\Microsoft Visual Studio\18\Community\VC\Tools\Llvm\x64\bin\clang-cl.exe" "-DCMAKE_CXX_COMPILER:FILEPATH=C:\Program Files\Microsoft Visual Studio\18\Community\VC\Tools\Llvm\x64\bin\clang-cl.exe" --no-warn-unused-cli -S C:/Users/pperv/code/unnamed_rpg -B c:/Users/pperv/code/unnamed_rpg/build -G Ninja
[cmake] Not searching for unused variables given on the command line.
[cmake] -- Warning: ccache not found - consider installing it for faster compilation or disable this warning with GGML_CCACHE=OFF
[cmake] -- CMAKE_SYSTEM_PROCESSOR: AMD64
[cmake] -- CMAKE_GENERATOR_PLATFORM: 
[cmake] -- GGML_SYSTEM_ARCH: x86
[cmake] -- Including CPU backend
[cmake] -- x86 detected
[cmake] -- Adding CPU backend variant ggml-cpu: /arch:AVX512 GGML_AVX512
[cmake] -- CUDA Toolkit found
[cmake] -- Using CMAKE_CUDA_ARCHITECTURES=86-real CMAKE_CUDA_ARCHITECTURES_NATIVE=86-real
[cmake] -- Could NOT find NCCL (missing: NCCL_LIBRARY NCCL_INCLUDE_DIR) 
[cmake] -- Warning: NCCL not found, performance for multiple CUDA GPUs will be suboptimal
[cmake] -- Including CUDA backend
[cmake] -- ggml version: 0.22.0
[cmake] -- ggml commit:  d4716378
[cmake] CMAKE_BUILD_TYPE=Debug
[cmake] -- llama.cpp version: 0.3.0-dev
[cmake] -- Could NOT find OpenSSL, try to set the path to OpenSSL root folder in the system variable OPENSSL_ROOT_DIR (missing: OPENSSL_CRYPTO_LIBRARY) (found version "4.0.2")
[cmake] CMake Warning at vendor/llama.cpp/vendor/cpp-httplib/CMakeLists.txt:154 (message):
[cmake]   OpenSSL not found, HTTPS support disabled
[cmake] 
[cmake] 
[cmake] -- Using c++ standard c++11
[cmake] -- CMake version: 3.24.0-rc3
[cmake] -- Project version: 3.3.3
[cmake] -- CMAKE_CXX_COMPILER 'C:/Program Files/Microsoft Visual Studio/18/Community/VC/Tools/Llvm/x64/bin/clang-cl.exe' 'Clang' '22.1.3'
[cmake] -- CMAKE_CXX_FLAGS                '/DWIN32 /D_WINDOWS /EHsc'
[cmake] -- CMAKE_CXX_FLAGS_DEBUG          '/Zi /Ob0 /Od /RTC1'
[cmake] -- CMAKE_CXX_FLAGS_RELEASE        '/O2 /Ob2 /DNDEBUG'
[cmake] -- CMAKE_CXX_FLAGS_RELWITHDEBINFO '/Zi /O2 /Ob1 /DNDEBUG'
[cmake] -- CMAKE_CXX_FLAGS_MINSIZEREL     '/O1 /Ob1 /DNDEBUG'
[cmake] -- Build shared libraries (DLLs).
[cmake] -- Compile sqlite3 from source in subdirectory
[cmake] -- Could NOT find cppcheck
[cmake] -- SQLITECPP_RUN_DOXYGEN OFF
[cmake] -- SQLITECPP_BUILD_EXAMPLES OFF
[cmake] -- SQLITECPP_BUILD_TESTS OFF
[cmake] -- Configuring done
[cmake] -- Generating done
[cmake] -- Build files have been written to: C:/Users/pperv/code/unnamed_rpg/build
[main] Configuring project: unnamed_rpg 
[proc] Executing command: "C:\Program Files\CMake\bin\cmake.EXE" -DCMAKE_BUILD_TYPE:STRING=Debug -DCMAKE_EXPORT_COMPILE_COMMANDS:BOOL=TRUE "-DCMAKE_C_COMPILER:FILEPATH=C:\Program Files\Microsoft Visual Studio\18\Community\VC\Tools\Llvm\x64\bin\clang-cl.exe" "-DCMAKE_CXX_COMPILER:FILEPATH=C:\Program Files\Microsoft Visual Studio\18\Community\VC\Tools\Llvm\x64\bin\clang-cl.exe" --no-warn-unused-cli -S C:/Users/pperv/code/unnamed_rpg -B c:/Users/pperv/code/unnamed_rpg/build -G Ninja
[cmake] Not searching for unused variables given on the command line.
[cmake] -- Warning: ccache not found - consider installing it for faster compilation or disable this warning with GGML_CCACHE=OFF
[cmake] -- CMAKE_SYSTEM_PROCESSOR: AMD64
[cmake] -- CMAKE_GENERATOR_PLATFORM: 
[cmake] -- GGML_SYSTEM_ARCH: x86
[cmake] -- Including CPU backend
[cmake] -- x86 detected
[cmake] -- Adding CPU backend variant ggml-cpu: /arch:AVX512 GGML_AVX512
[cmake] -- CUDA Toolkit found
[cmake] -- Using CMAKE_CUDA_ARCHITECTURES=86-real CMAKE_CUDA_ARCHITECTURES_NATIVE=86-real
[cmake] -- Could NOT find NCCL (missing: NCCL_LIBRARY NCCL_INCLUDE_DIR) 
[cmake] -- Warning: NCCL not found, performance for multiple CUDA GPUs will be suboptimal
[cmake] -- Including CUDA backend
[cmake] -- ggml version: 0.22.0
[cmake] -- ggml commit:  d4716378
[cmake] -- llama.cpp version: 0.3.0-dev
[cmake] CMAKE_BUILD_TYPE=Debug
[cmake] -- Could NOT find OpenSSL, try to set the path to OpenSSL root folder in the system variable OPENSSL_ROOT_DIR (missing: OPENSSL_CRYPTO_LIBRARY) (found version "4.0.2")
[cmake] CMake Warning at vendor/llama.cpp/vendor/cpp-httplib/CMakeLists.txt:154 (message):
[cmake]   OpenSSL not found, HTTPS support disabled
[cmake] 
[cmake] 
[cmake] -- Using c++ standard c++11
[cmake] -- CMake version: 3.24.0-rc3
[cmake] -- Project version: 3.3.3
[cmake] -- CMAKE_CXX_COMPILER 'C:/Program Files/Microsoft Visual Studio/18/Community/VC/Tools/Llvm/x64/bin/clang-cl.exe' 'Clang' '22.1.3'
[cmake] -- CMAKE_CXX_FLAGS                '/DWIN32 /D_WINDOWS /EHsc'
[cmake] -- CMAKE_CXX_FLAGS_DEBUG          '/Zi /Ob0 /Od /RTC1'
[cmake] -- CMAKE_CXX_FLAGS_RELEASE        '/O2 /Ob2 /DNDEBUG'
[cmake] -- CMAKE_CXX_FLAGS_RELWITHDEBINFO '/Zi /O2 /Ob1 /DNDEBUG'
[cmake] -- CMAKE_CXX_FLAGS_MINSIZEREL     '/O1 /Ob1 /DNDEBUG'
[cmake] -- Build shared libraries (DLLs).
[cmake] -- Compile sqlite3 from source in subdirectory
[cmake] -- Could NOT find cppcheck
[cmake] -- SQLITECPP_RUN_DOXYGEN OFF
[cmake] -- SQLITECPP_BUILD_EXAMPLES OFF
[cmake] -- SQLITECPP_BUILD_TESTS OFF
[cmake] -- Configuring done
[cmake] -- Generating done
[cmake] -- Build files have been written to: C:/Users/pperv/code/unnamed_rpg/build
[main] Configuring project: unnamed_rpg 
[proc] Executing command: "C:\Program Files\CMake\bin\cmake.EXE" -DCMAKE_BUILD_TYPE:STRING=Debug -DCMAKE_EXPORT_COMPILE_COMMANDS:BOOL=TRUE "-DCMAKE_C_COMPILER:FILEPATH=C:\Program Files\Microsoft Visual Studio\18\Community\VC\Tools\Llvm\x64\bin\clang-cl.exe" "-DCMAKE_CXX_COMPILER:FILEPATH=C:\Program Files\Microsoft Visual Studio\18\Community\VC\Tools\Llvm\x64\bin\clang-cl.exe" --no-warn-unused-cli -S C:/Users/pperv/code/unnamed_rpg -B c:/Users/pperv/code/unnamed_rpg/build -G Ninja
[cmake] Not searching for unused variables given on the command line.
[cmake] -- Warning: ccache not found - consider installing it for faster compilation or disable this warning with GGML_CCACHE=OFF
[cmake] -- CMAKE_SYSTEM_PROCESSOR: AMD64
[cmake] -- CMAKE_GENERATOR_PLATFORM: 
[cmake] -- GGML_SYSTEM_ARCH: x86
[cmake] -- Including CPU backend
[cmake] -- x86 detected
[cmake] -- Adding CPU backend variant ggml-cpu: /arch:AVX512 GGML_AVX512
[cmake] -- CUDA Toolkit found
[cmake] -- Using CMAKE_CUDA_ARCHITECTURES=86-real CMAKE_CUDA_ARCHITECTURES_NATIVE=86-real
[cmake] -- Could NOT find NCCL (missing: NCCL_LIBRARY NCCL_INCLUDE_DIR) 
[cmake] -- Warning: NCCL not found, performance for multiple CUDA GPUs will be suboptimal
[cmake] -- Including CUDA backend
[cmake] -- ggml version: 0.22.0
[cmake] -- ggml commit:  d4716378
[cmake] -- Using the multi-header code from C:/Users/pperv/code/unnamed_rpg/vendor/json/include/
[cmake] -- JsonValidator: Configured for Debug
[cmake] -- JsonValidator: nlohmann_json_VERSION is not set. Possible value: v3.12.0
[cmake] -- llama.cpp version: 0.3.0-dev
[cmake] CMAKE_BUILD_TYPE=Debug
[cmake] -- Could NOT find OpenSSL, try to set the path to OpenSSL root folder in the system variable OPENSSL_ROOT_DIR (missing: OPENSSL_CRYPTO_LIBRARY) (found version "4.0.2")
[cmake] CMake Warning at vendor/llama.cpp/vendor/cpp-httplib/CMakeLists.txt:154 (message):
[cmake]   OpenSSL not found, HTTPS support disabled
[cmake] 
[cmake] 
[cmake] -- Using c++ standard c++11
[cmake] -- CMake version: 3.24.0-rc3
[cmake] -- Project version: 3.3.3
[cmake] -- CMAKE_CXX_COMPILER 'C:/Program Files/Microsoft Visual Studio/18/Community/VC/Tools/Llvm/x64/bin/clang-cl.exe' 'Clang' '22.1.3'
[cmake] -- CMAKE_CXX_FLAGS                '/DWIN32 /D_WINDOWS /EHsc'
[cmake] -- CMAKE_CXX_FLAGS_DEBUG          '/Zi /Ob0 /Od /RTC1'
[cmake] -- CMAKE_CXX_FLAGS_RELEASE        '/O2 /Ob2 /DNDEBUG'
[cmake] -- CMAKE_CXX_FLAGS_RELWITHDEBINFO '/Zi /O2 /Ob1 /DNDEBUG'
[cmake] -- CMAKE_CXX_FLAGS_MINSIZEREL     '/O1 /Ob1 /DNDEBUG'
[cmake] -- Build shared libraries (DLLs).
[cmake] -- Compile sqlite3 from source in subdirectory
[cmake] -- Could NOT find cppcheck
[cmake] -- SQLITECPP_RUN_DOXYGEN OFF
[cmake] -- SQLITECPP_BUILD_EXAMPLES OFF
[cmake] -- SQLITECPP_BUILD_TESTS OFF
[cmake] -- Configuring done
[cmake] -- Generating done
[cmake] -- Build files have been written to: C:/Users/pperv/code/unnamed_rpg/build
[main] Configuring project: unnamed_rpg 
[driver] Removing c:/Users/pperv/code/unnamed_rpg/build/CMakeCache.txt
[driver] Removing c:%5CUsers%5Cpperv%5Ccode%5Cunnamed_rpg%5Cbuild%5CCMakeFiles
[proc] Executing command: "C:\Program Files\CMake\bin\cmake.EXE" -DCMAKE_BUILD_TYPE:STRING=Debug -DCMAKE_EXPORT_COMPILE_COMMANDS:BOOL=TRUE "-DCMAKE_C_COMPILER:FILEPATH=C:\Program Files\Microsoft Visual Studio\18\Community\VC\Tools\Llvm\x64\bin\clang-cl.exe" "-DCMAKE_CXX_COMPILER:FILEPATH=C:\Program Files\Microsoft Visual Studio\18\Community\VC\Tools\Llvm\x64\bin\clang-cl.exe" --no-warn-unused-cli -S C:/Users/pperv/code/unnamed_rpg -B c:/Users/pperv/code/unnamed_rpg/build -G Ninja
[cmake] Not searching for unused variables given on the command line.
[cmake] -- Found assembler: C:/Program Files/Microsoft Visual Studio/18/Community/VC/Tools/Llvm/x64/bin/clang-cl.exe
[cmake] -- Performing Test CMAKE_HAVE_LIBC_PTHREAD
[cmake] -- Performing Test CMAKE_HAVE_LIBC_PTHREAD - Failed
[cmake] -- Check if compiler accepts -pthread
[cmake] -- Check if compiler accepts -pthread - no
[cmake] -- Looking for pthread_create in pthreads
[cmake] -- Looking for pthread_create in pthreads - not found
[cmake] -- Looking for pthread_create in pthread
[cmake] -- Looking for pthread_create in pthread - not found
[cmake] -- Found Threads: TRUE  
[cmake] -- Warning: ccache not found - consider installing it for faster compilation or disable this warning with GGML_CCACHE=OFF
[cmake] -- CMAKE_SYSTEM_PROCESSOR: AMD64
[cmake] -- CMAKE_GENERATOR_PLATFORM: 
[cmake] -- GGML_SYSTEM_ARCH: x86
[cmake] -- Found OpenMP_C: -Xclang -fopenmp  
[cmake] -- Found OpenMP_CXX: -Xclang -fopenmp  
[cmake] -- Found OpenMP: TRUE   
[cmake] -- Including CPU backend
[cmake] -- x86 detected
[cmake] -- Performing Test HAS_AVX_1
[cmake] -- Performing Test HAS_AVX_1 - Failed
[cmake] -- Performing Test HAS_AVX_2
[cmake] -- Performing Test HAS_AVX_2 - Success
[cmake] -- Performing Test HAS_AVX2_1
[cmake] -- Performing Test HAS_AVX2_1 - Failed
[cmake] -- Performing Test HAS_AVX2_2
[cmake] -- Performing Test HAS_AVX2_2 - Success
[cmake] -- Performing Test HAS_FMA_1
[cmake] -- Performing Test HAS_FMA_1 - Failed
[cmake] -- Performing Test HAS_FMA_2
[cmake] -- Performing Test HAS_FMA_2 - Success
[cmake] -- Performing Test HAS_AVX512_1
[cmake] -- Performing Test HAS_AVX512_1 - Failed
[cmake] -- Performing Test HAS_AVX512_2
[cmake] -- Performing Test HAS_AVX512_2 - Success
[cmake] -- Adding CPU backend variant ggml-cpu: /arch:AVX512 GGML_AVX512
[cmake] -- Found CUDAToolkit: C:/Program Files/NVIDIA GPU Computing Toolkit/CUDA/v13.3/include (found version "13.3.73") 
[cmake] -- CUDA Toolkit found
[cmake] -- Using CMAKE_CUDA_ARCHITECTURES=86-real CMAKE_CUDA_ARCHITECTURES_NATIVE=86-real
[cmake] -- Could NOT find NCCL (missing: NCCL_LIBRARY NCCL_INCLUDE_DIR) 
[cmake] -- Warning: NCCL not found, performance for multiple CUDA GPUs will be suboptimal
[cmake] -- Including CUDA backend
[cmake] -- ggml version: 0.22.0
[cmake] -- ggml commit:  d4716378
[cmake] -- Using the multi-header code from C:/Users/pperv/code/unnamed_rpg/vendor/json/include/
[cmake] -- JsonValidator: Configured for Debug
[cmake] -- JsonValidator: nlohmann_json_VERSION is not set. Possible value: v3.12.0
[cmake] CMAKE_BUILD_TYPE=Debug
[cmake] -- llama.cpp version: 0.3.0-dev
[cmake] -- Found Git: C:/Program Files/Git/cmd/git.exe (found version "2.37.1.windows.1") 
[cmake] -- Could NOT find OpenSSL, try to set the path to OpenSSL root folder in the system variable OPENSSL_ROOT_DIR (missing: OPENSSL_CRYPTO_LIBRARY) (found version "4.0.2")
[cmake] CMake Warning at vendor/llama.cpp/vendor/cpp-httplib/CMakeLists.txt:154 (message):
[cmake]   OpenSSL not found, HTTPS support disabled
[cmake] 
[cmake] 
[cmake] -- Using c++ standard c++11
[cmake] -- CMake version: 3.24.0-rc3
[cmake] -- Project version: 3.3.3
[cmake] -- CMAKE_CXX_COMPILER 'C:/Program Files/Microsoft Visual Studio/18/Community/VC/Tools/Llvm/x64/bin/clang-cl.exe' 'Clang' '22.1.3'
[cmake] -- CMAKE_CXX_FLAGS                '/DWIN32 /D_WINDOWS /EHsc'
[cmake] -- CMAKE_CXX_FLAGS_DEBUG          '/Zi /Ob0 /Od /RTC1'
[cmake] -- CMAKE_CXX_FLAGS_RELEASE        '/O2 /Ob2 /DNDEBUG'
[cmake] -- CMAKE_CXX_FLAGS_RELWITHDEBINFO '/Zi /O2 /Ob1 /DNDEBUG'
[cmake] -- CMAKE_CXX_FLAGS_MINSIZEREL     '/O1 /Ob1 /DNDEBUG'
[cmake] -- Build shared libraries (DLLs).
[cmake] -- Compile sqlite3 from source in subdirectory
[cmake] -- Found Python: C:/Users/pperv/AppData/Local/Programs/Python/Python310/python.exe (found version "3.10.6") found components: Interpreter 
[cmake] -- Could NOT find cppcheck
[cmake] -- SQLITECPP_RUN_DOXYGEN OFF
[cmake] -- SQLITECPP_BUILD_EXAMPLES OFF
[cmake] -- SQLITECPP_BUILD_TESTS OFF
[cmake] -- Configuring done
[cmake] -- Generating done
[cmake] -- Build files have been written to: C:/Users/pperv/code/unnamed_rpg/build
[main] Building folder: c:/Users/pperv/code/unnamed_rpg/build 
[build] Starting build
[proc] Executing command: "C:\Program Files\CMake\bin\cmake.EXE" --build c:/Users/pperv/code/unnamed_rpg/build --config Debug --target all --
[build] [15/19   5% :: 0.213] Building CXX object vendor\json-schema-validator\CMakeFiles\nlohmann_json_schema_validator.dir\src\smtp-address-validator.cpp.obj
[build] C:\Users\pperv\code\unnamed_rpg\vendor\json-schema-validator\src\smtp-address-validator.cpp(31,26): warning: identifier '_address_actions' is reserved because it starts with '_' at global scope [-Wreserved-identifier]
[build]    31 | static const signed char _address_actions[] = {
[build]       |                          ^
[build] C:\Users\pperv\code\unnamed_rpg\vendor\json-schema-validator\src\smtp-address-validator.cpp(34,20): warning: identifier '_address_key_offsets' is reserved because it starts with '_' at global scope [-Wreserved-identifier]
[build]    34 | static const short _address_key_offsets[] = {
[build]       |                    ^
[build] C:\Users\pperv\code\unnamed_rpg\vendor\json-schema-validator\src\smtp-address-validator.cpp(61,26): warning: identifier '_address_trans_keys' is reserved because it starts with '_' at global scope [-Wreserved-identifier]
[build]    61 | static const signed char _address_trans_keys[] = {
[build]       |                          ^
[build] C:\Users\pperv\code\unnamed_rpg\vendor\json-schema-validator\src\smtp-address-validator.cpp(237,26): warning: identifier '_address_single_lengths' is reserved because it starts with '_' at global scope [-Wreserved-identifier]
[build]   237 | static const signed char _address_single_lengths[] = {
[build]       |                          ^
[build] C:\Users\pperv\code\unnamed_rpg\vendor\json-schema-validator\src\smtp-address-validator.cpp(264,26): warning: identifier '_address_range_lengths' is reserved because it starts with '_' at global scope [-Wreserved-identifier]
[build]   264 | static const signed char _address_range_lengths[] = {
[build]       |                          ^
[build] C:\Users\pperv\code\unnamed_rpg\vendor\json-schema-validator\src\smtp-address-validator.cpp(291,20): warning: identifier '_address_index_offsets' is reserved because it starts with '_' at global scope [-Wreserved-identifier]
[build]   291 | static const short _address_index_offsets[] = {
[build]       |                    ^
[build] C:\Users\pperv\code\unnamed_rpg\vendor\json-schema-validator\src\smtp-address-validator.cpp(318,20): warning: identifier '_address_cond_targs' is reserved because it starts with '_' at global scope [-Wreserved-identifier]
[build]   318 | static const short _address_cond_targs[] = {
[build]       |                    ^
[build] C:\Users\pperv\code\unnamed_rpg\vendor\json-schema-validator\src\smtp-address-validator.cpp(481,26): warning: identifier '_address_cond_actions' is reserved because it starts with '_' at global scope [-Wreserved-identifier]
[build]   481 | static const signed char _address_cond_actions[] = {
[build]       |                          ^
[build] C:\Users\pperv\code\unnamed_rpg\vendor\json-schema-validator\src\smtp-address-validator.cpp(644,20): warning: identifier '_address_eof_trans' is reserved because it starts with '_' at global scope [-Wreserved-identifier]
[build]   644 | static const short _address_eof_trans[] = {
[build]       |                    ^
[build] C:\Users\pperv\code\unnamed_rpg\vendor\json-schema-validator\src\smtp-address-validator.cpp(684,8): warning: use of old-style cast [-Wold-style-cast]
[build]   684 |                 cs = (int) address_start;
[build]       |                      ^     ~~~~~~~~~~~~~
[build] C:\Users\pperv\code\unnamed_rpg\vendor\json-schema-validator\src\smtp-address-validator.cpp(698,14): warning: use of old-style cast [-Wold-style-cast]
[build]   698 |                                 _trans = (unsigned int) _address_eof_trans[cs] - 1;
[build]       |                                          ^              ~~~~~~~~~~~~~~~~~~~~~~
[build] C:\Users\pperv\code\unnamed_rpg\vendor\json-schema-validator\src\smtp-address-validator.cpp(702,13): warning: use of old-style cast [-Wold-style-cast]
[build]   702 |                         _trans = (unsigned int) _address_index_offsets[cs];
[build]       |                                  ^              ~~~~~~~~~~~~~~~~~~~~~~~~~~
[build] C:\Users\pperv\code\unnamed_rpg\vendor\json-schema-validator\src\smtp-address-validator.cpp(704,12): warning: use of old-style cast [-Wold-style-cast]
[build]   704 |                         _klen = (int) _address_single_lengths[cs];
[build]       |                                 ^     ~~~~~~~~~~~~~~~~~~~~~~~~~~~
[build] C:\Users\pperv\code\unnamed_rpg\vendor\json-schema-validator\src\smtp-address-validator.cpp(712,17): warning: use of old-style cast [-Wold-style-cast]
[build]   712 |                                                 _trans += (unsigned int) _klen;
[build]       |                                                           ^              ~~~~~
[build] C:\Users\pperv\code\unnamed_rpg\vendor\json-schema-validator\src\smtp-address-validator.cpp(722,17): warning: use of old-style cast [-Wold-style-cast]
[build]   722 |                                                 _trans += (unsigned int) (_mid - _keys);
[build]       |                                                           ^              ~~~~~~~~~~~~~~
[build] C:\Users\pperv\code\unnamed_rpg\vendor\json-schema-validator\src\smtp-address-validator.cpp(728,12): warning: use of old-style cast [-Wold-style-cast]
[build]   728 |                         _klen = (int) _address_range_lengths[cs];
[build]       |                                 ^     ~~~~~~~~~~~~~~~~~~~~~~~~~~
[build] C:\Users\pperv\code\unnamed_rpg\vendor\json-schema-validator\src\smtp-address-validator.cpp(735,17): warning: use of old-style cast [-Wold-style-cast]
[build]   735 |                                                 _trans += (unsigned int) _klen;
[build]       |                                                           ^              ~~~~~
[build] C:\Users\pperv\code\unnamed_rpg\vendor\json-schema-validator\src\smtp-address-validator.cpp(745,17): warning: use of old-style cast [-Wold-style-cast]
[build]   745 |                                                 _trans += (unsigned int) ((_mid - _keys) >> 1);
[build]       |                                                           ^              ~~~~~~~~~~~~~~~~~~~~~
[build] C:\Users\pperv\code\unnamed_rpg\vendor\json-schema-validator\src\smtp-address-validator.cpp(754,8): warning: use of old-style cast [-Wold-style-cast]
[build]   754 |                 cs = (int) _address_cond_targs[_trans];
[build]       |                      ^     ~~~~~~~~~~~~~~~~~~~~~~~~~~~
[build] C:\Users\pperv\code\unnamed_rpg\vendor\json-schema-validator\src\smtp-address-validator.cpp(759,13): warning: use of old-style cast [-Wold-style-cast]
[build]   759 |                         _nacts = (unsigned int) (*(_acts));
[build]       |                                  ^              ~~~~~~~~~~
[build] C:\Users\pperv\code\unnamed_rpg\vendor\json-schema-validator\src\smtp-address-validator.cpp(762,5): warning: 'switch' missing 'default' label [-Wswitch-default]
[build]   762 |                                 switch ((*(_acts))) {
[build]       |                                 ^
[build] C:\Users\pperv\code\unnamed_rpg\vendor\json-schema-validator\src\smtp-address-validator.cpp(697,8): warning: unsafe buffer access [-Wunsafe-buffer-usage]
[build]   697 |                         if (_address_eof_trans[cs] > 0) {
[build]       |                             ^~~~~~~~~~~~~~~~~~
[build] C:\Users\pperv\code\unnamed_rpg\vendor\json-schema-validator\src\smtp-address-validator.cpp(698,29): warning: unsafe buffer access [-Wunsafe-buffer-usage]
[build]   698 |                                 _trans = (unsigned int) _address_eof_trans[cs] - 1;
[build]       |                                                         ^~~~~~~~~~~~~~~~~~
[build] C:\Users\pperv\code\unnamed_rpg\vendor\json-schema-validator\src\smtp-address-validator.cpp(701,13): warning: unsafe pointer arithmetic [-Wunsafe-buffer-usage]
[build]   701 |                         _keys = (_address_trans_keys + (_address_key_offsets[cs]));
[build]       |                                  ^~~~~~~~~~~~~~~~~~~
[build] C:\Users\pperv\code\unnamed_rpg\vendor\json-schema-validator\src\smtp-address-validator.cpp(701,36): warning: unsafe buffer access [-Wunsafe-buffer-usage]
[build]   701 |                         _keys = (_address_trans_keys + (_address_key_offsets[cs]));
[build]       |                                                         ^~~~~~~~~~~~~~~~~~~~
[build] C:\Users\pperv\code\unnamed_rpg\vendor\json-schema-validator\src\smtp-address-validator.cpp(702,28): warning: unsafe buffer access [-Wunsafe-buffer-usage]
[build]   702 |                         _trans = (unsigned int) _address_index_offsets[cs];
[build]       |                                                 ^~~~~~~~~~~~~~~~~~~~~~
[build] C:\Users\pperv\code\unnamed_rpg\vendor\json-schema-validator\src\smtp-address-validator.cpp(704,18): warning: unsafe buffer access [-Wunsafe-buffer-usage]
[build]   704 |                         _klen = (int) _address_single_lengths[cs];
[build]       |                                       ^~~~~~~~~~~~~~~~~~~~~~~
[build] C:\Users\pperv\code\unnamed_rpg\vendor\json-schema-validator\src\smtp-address-validator.cpp(707,39): warning: unsafe pointer arithmetic [-Wunsafe-buffer-usage]
[build]   707 |                                 const signed char *_upper = _keys + _klen - 1;
[build]       |                                                             ~~~~~~^~~~~~~
[build] C:\Users\pperv\code\unnamed_rpg\vendor\json-schema-validator\src\smtp-address-validator.cpp(707,33): warning: unsafe pointer arithmetic [-Wunsafe-buffer-usage]
[build]   707 |                                 const signed char *_upper = _keys + _klen - 1;
[build]       |                                                             ^~~~~
[build] C:\Users\pperv\code\unnamed_rpg\vendor\json-schema-validator\src\smtp-address-validator.cpp(711,7): warning: unsafe pointer arithmetic [-Wunsafe-buffer-usage]
[build]   711 |                                                 _keys += _klen;
[build]       |                                                 ^~~~~
[build] C:\Users\pperv\code\unnamed_rpg\vendor\json-schema-validator\src\smtp-address-validator.cpp(716,13): warning: unsafe pointer arithmetic [-Wunsafe-buffer-usage]
[build]   716 |                                         _mid = _lower + ((_upper - _lower) >> 1);
[build]       |                                                ^~~~~~
[build] C:\Users\pperv\code\unnamed_rpg\vendor\json-schema-validator\src\smtp-address-validator.cpp(718,16): warning: unsafe pointer arithmetic [-Wunsafe-buffer-usage]
[build]   718 |                                                 _upper = _mid - 1;
[build]       |                                                          ^~~~
[build] C:\Users\pperv\code\unnamed_rpg\vendor\json-schema-validator\src\smtp-address-validator.cpp(720,16): warning: unsafe pointer arithmetic [-Wunsafe-buffer-usage]
[build]   720 |                                                 _lower = _mid + 1;
[build]       |                                                          ^~~~
[build] C:\Users\pperv\code\unnamed_rpg\vendor\json-schema-validator\src\smtp-address-validator.cpp(728,18): warning: unsafe buffer access [-Wunsafe-buffer-usage]
[build]   728 |                         _klen = (int) _address_range_lengths[cs];
[build]       |                                       ^~~~~~~~~~~~~~~~~~~~~~
[build] C:\Users\pperv\code\unnamed_rpg\vendor\json-schema-validator\src\smtp-address-validator.cpp(731,39): warning: unsafe pointer arithmetic [-Wunsafe-buffer-usage]
[build]   731 |                                 const signed char *_upper = _keys + (_klen << 1) - 2;
[build]       |                                                             ~~~~~~^~~~~~~~~~~~~~
[build] C:\Users\pperv\code\unnamed_rpg\vendor\json-schema-validator\src\smtp-address-validator.cpp(731,33): warning: unsafe pointer arithmetic [-Wunsafe-buffer-usage]
[build]   731 |                                 const signed char *_upper = _keys + (_klen << 1) - 2;
[build]       |                                                             ^~~~~
[build] C:\Users\pperv\code\unnamed_rpg\vendor\json-schema-validator\src\smtp-address-validator.cpp(739,13): warning: unsafe pointer arithmetic [-Wunsafe-buffer-usage]
[build]   739 |                                         _mid = _lower + (((_upper - _lower) >> 1) & ~1);
[build]       |                                                ^~~~~~
[build] C:\Users\pperv\code\unnamed_rpg\vendor\json-schema-validator\src\smtp-address-validator.cpp(741,16): warning: unsafe pointer arithmetic [-Wunsafe-buffer-usage]
[build]   741 |                                                 _upper = _mid - 2;
[build]       |                                                          ^~~~
[build] C:\Users\pperv\code\unnamed_rpg\vendor\json-schema-validator\src\smtp-address-validator.cpp(742,29): warning: unsafe pointer arithmetic [-Wunsafe-buffer-usage]
[build]   742 |                                         else if (((*(p))) > (*(_mid + 1)))
[build]       |                                                                ^~~~
[build] C:\Users\pperv\code\unnamed_rpg\vendor\json-schema-validator\src\smtp-address-validator.cpp(743,16): warning: unsafe pointer arithmetic [-Wunsafe-buffer-usage]
[build]   743 |                                                 _lower = _mid + 2;
[build]       |                                                          ^~~~
[build] C:\Users\pperv\code\unnamed_rpg\vendor\json-schema-validator\src\smtp-address-validator.cpp(754,14): warning: unsafe buffer access [-Wunsafe-buffer-usage]
[build]   754 |                 cs = (int) _address_cond_targs[_trans];
[build]       |                            ^~~~~~~~~~~~~~~~~~~
[build] C:\Users\pperv\code\unnamed_rpg\vendor\json-schema-validator\src\smtp-address-validator.cpp(756,7): warning: unsafe buffer access [-Wunsafe-buffer-usage]
[build]   756 |                 if (_address_cond_actions[_trans] != 0) {
[build]       |                     ^~~~~~~~~~~~~~~~~~~~~
[build] C:\Users\pperv\code\unnamed_rpg\vendor\json-schema-validator\src\smtp-address-validator.cpp(758,13): warning: unsafe pointer arithmetic [-Wunsafe-buffer-usage]
[build]   758 |                         _acts = (_address_actions + (_address_cond_actions[_trans]));
[build]       |                                  ^~~~~~~~~~~~~~~~
[build] C:\Users\pperv\code\unnamed_rpg\vendor\json-schema-validator\src\smtp-address-validator.cpp(758,33): warning: unsafe buffer access [-Wunsafe-buffer-usage]
[build]   758 |                         _acts = (_address_actions + (_address_cond_actions[_trans]));
[build]       |                                                      ^~~~~~~~~~~~~~~~~~~~~
[build] C:\Users\pperv\code\unnamed_rpg\vendor\json-schema-validator\src\smtp-address-validator.cpp(760,4): warning: unsafe pointer arithmetic [-Wunsafe-buffer-usage]
[build]   760 |                         _acts += 1;
[build]       |                         ^~~~~
[build] C:\Users\pperv\code\unnamed_rpg\vendor\json-schema-validator\src\smtp-address-validator.cpp(777,5): warning: unsafe pointer arithmetic [-Wunsafe-buffer-usage]
[build]   777 |                                 _acts += 1;
[build]       |                                 ^~~~~
[build] C:\Users\pperv\code\unnamed_rpg\vendor\json-schema-validator\src\smtp-address-validator.cpp(786,5): warning: unsafe pointer arithmetic [-Wunsafe-buffer-usage]
[build]   786 |                                 p += 1;
[build]       |                                 ^
[build] 47 warnings generated.
[build] [15/19  10% :: 0.240] Building CXX object modules\semantic_database\CMakeFiles\semantic_database.dir\src\semantic_database.cpp.obj
[build] [15/19  15% :: 1.101] Building CXX object vendor\SQLiteCpp\CMakeFiles\SQLiteCpp.dir\src\Exception.cpp.obj
[build] [15/19  21% :: 1.189] Building CXX object vendor\SQLiteCpp\CMakeFiles\SQLiteCpp.dir\src\Transaction.cpp.obj
[build] [15/19  26% :: 1.207] Building CXX object vendor\SQLiteCpp\CMakeFiles\SQLiteCpp.dir\src\Backup.cpp.obj
[build] [15/19  31% :: 1.216] Building CXX object vendor\SQLiteCpp\CMakeFiles\SQLiteCpp.dir\src\Savepoint.cpp.obj
[build] [15/19  36% :: 1.261] Building CXX object vendor\SQLiteCpp\CMakeFiles\SQLiteCpp.dir\src\Statement.cpp.obj
[build] [15/19  42% :: 1.435] Building CXX object vendor\SQLiteCpp\CMakeFiles\SQLiteCpp.dir\src\Column.cpp.obj
[build] [15/19  47% :: 1.487] Building CXX object vendor\SQLiteCpp\CMakeFiles\SQLiteCpp.dir\src\Database.cpp.obj
[build] [15/19  52% :: 3.177] Building C object vendor\SQLiteCpp\sqlite3\CMakeFiles\sqlite3.dir\sqlite3.c.obj
[build] [16/19  57% :: 3.380] Linking C shared library bin\sqlite3.dll
[build] [18/19  63% :: 3.420] Linking CXX static library modules\semantic_database\semantic_database.lib
[build] [18/19  68% :: 3.577] Linking CXX shared library bin\SQLiteCpp.dll
[build] [18/19  73% :: 5.082] Building CXX object vendor\json-schema-validator\CMakeFiles\nlohmann_json_schema_validator.dir\src\json-uri.cpp.obj
[build] In file included from C:\Users\pperv\code\unnamed_rpg\vendor\json-schema-validator\src\json-uri.cpp:9:
[build] C:\Users\pperv\code\unnamed_rpg\vendor\json-schema-validator\src\nlohmann/json-schema.hpp(10,9): warning: macro name is a reserved identifier [-Wreserved-macro-identifier]
[build]    10 | #define NLOHMANN_JSON_SCHEMA_HPP__
[build]       |         ^
[build] In file included from C:\Users\pperv\code\unnamed_rpg\vendor\json-schema-validator\src\json-uri.cpp:9:
[build] In file included from C:\Users\pperv\code\unnamed_rpg\vendor\json-schema-validator\src\nlohmann/json-schema.hpp:24:
[build] In file included from C:\Users\pperv\code\unnamed_rpg\vendor\json\include\nlohmann/json.hpp:44:
[build] In file included from C:\Users\pperv\code\unnamed_rpg\vendor\json\include\nlohmann/adl_serializer.hpp:14:
[build] In file included from C:\Users\pperv\code\unnamed_rpg\vendor\json\include\nlohmann/detail/conversions/from_json.hpp:24:
[build] In file included from C:\Users\pperv\code\unnamed_rpg\vendor\json\include\nlohmann/detail/exceptions.hpp:20:
[build] In file included from C:\Users\pperv\code\unnamed_rpg\vendor\json\include\nlohmann/detail/value_t.hpp:16:
[build] In file included from C:\Users\pperv\code\unnamed_rpg\vendor\json\include\nlohmann/detail/macro_scope.hpp:12:
[build] In file included from C:\Users\pperv\code\unnamed_rpg\vendor\json\include\nlohmann/detail/meta/detected.hpp:13:
[build] C:\Users\pperv\code\unnamed_rpg\vendor\json\include\nlohmann/detail/meta/void_t.hpp(13,1): warning: empty macro arguments are incompatible with C++98 [-Wc++98-compat-pedantic]
[build]    13 | NLOHMANN_JSON_NAMESPACE_BEGIN
[build]       | ^
[build] C:\Users\pperv\code\unnamed_rpg\vendor\json\include\nlohmann/detail/abi_macros.hpp(102,17): note: expanded from macro 'NLOHMANN_JSON_NAMESPACE_BEGIN'
[build]   102 |                 NLOHMANN_JSON_ABI_TAGS,              \
[build]       |                 ^
[build] C:\Users\pperv\code\unnamed_rpg\vendor\json\include\nlohmann/detail/abi_macros.hpp(65,5): note: expanded from macro 'NLOHMANN_JSON_ABI_TAGS'
[build]    65 |     NLOHMANN_JSON_ABI_TAGS_CONCAT(                                   \
[build]       |     ^
[build] C:\Users\pperv\code\unnamed_rpg\vendor\json\include\nlohmann/detail/abi_macros.hpp(62,39): note: expanded from macro 'NLOHMANN_JSON_ABI_TAGS_CONCAT'
[build]    62 |     NLOHMANN_JSON_ABI_TAGS_CONCAT_EX(a, b, c)
[build]       |                                       ^
[build] In file included from C:\Users\pperv\code\unnamed_rpg\vendor\json-schema-validator\src\json-uri.cpp:9:
[build] In file included from C:\Users\pperv\code\unnamed_rpg\vendor\json-schema-validator\src\nlohmann/json-schema.hpp:24:
[build] In file included from C:\Users\pperv\code\unnamed_rpg\vendor\json\include\nlohmann/json.hpp:44:
[build] In file included from C:\Users\pperv\code\unnamed_rpg\vendor\json\include\nlohmann/adl_serializer.hpp:14:
[build] In file included from C:\Users\pperv\code\unnamed_rpg\vendor\json\include\nlohmann/detail/conversions/from_json.hpp:24:
[build] In file included from C:\Users\pperv\code\unnamed_rpg\vendor\json\include\nlohmann/detail/exceptions.hpp:20:
[build] In file included from C:\Users\pperv\code\unnamed_rpg\vendor\json\include\nlohmann/detail/value_t.hpp:16:
[build] In file included from C:\Users\pperv\code\unnamed_rpg\vendor\json\include\nlohmann/detail/macro_scope.hpp:12:
[build] In file included from C:\Users\pperv\code\unnamed_rpg\vendor\json\include\nlohmann/detail/meta/detected.hpp:13:
[build] C:\Users\pperv\code\unnamed_rpg\vendor\json\include\nlohmann/detail/meta/void_t.hpp(13,1): warning: empty macro arguments are incompatible with C++98 [-Wc++98-compat-pedantic]
[build] C:\Users\pperv\code\unnamed_rpg\vendor\json\include\nlohmann/detail/abi_macros.hpp(102,17): note: expanded from macro 'NLOHMANN_JSON_NAMESPACE_BEGIN'
[build]   102 |                 NLOHMANN_JSON_ABI_TAGS,              \
[build]       |                 ^
[build] C:\Users\pperv\code\unnamed_rpg\vendor\json\include\nlohmann/detail/abi_macros.hpp(65,5): note: expanded from macro 'NLOHMANN_JSON_ABI_TAGS'
[build]    65 |     NLOHMANN_JSON_ABI_TAGS_CONCAT(                                   \
[build]       |     ^
[build] C:\Users\pperv\code\unnamed_rpg\vendor\json\include\nlohmann/detail/abi_macros.hpp(62,42): note: expanded from macro 'NLOHMANN_JSON_ABI_TAGS_CONCAT'
[build]    62 |     NLOHMANN_JSON_ABI_TAGS_CONCAT_EX(a, b, c)
[build]       |                                          ^
[build] In file included from C:\Users\pperv\code\unnamed_rpg\vendor\json-schema-validator\src\json-uri.cpp:9:
[build] In file included from C:\Users\pperv\code\unnamed_rpg\vendor\json-schema-validator\src\nlohmann/json-schema.hpp:24:
[build] In file included from C:\Users\pperv\code\unnamed_rpg\vendor\json\include\nlohmann/json.hpp:44:
[build] In file included from C:\Users\pperv\code\unnamed_rpg\vendor\json\include\nlohmann/adl_serializer.hpp:14:
[build] In file included from C:\Users\pperv\code\unnamed_rpg\vendor\json\include\nlohmann/detail/conversions/from_json.hpp:24:
[build] In file included from C:\Users\pperv\code\unnamed_rpg\vendor\json\include\nlohmann/detail/exceptions.hpp:20:
[build] In file included from C:\Users\pperv\code\unnamed_rpg\vendor\json\include\nlohmann/detail/value_t.hpp:16:
[build] In file included from C:\Users\pperv\code\unnamed_rpg\vendor\json\include\nlohmann/detail/macro_scope.hpp:12:
[build] In file included from C:\Users\pperv\code\unnamed_rpg\vendor\json\include\nlohmann/detail/meta/detected.hpp:13:
[build] C:\Users\pperv\code\unnamed_rpg\vendor\json\include\nlohmann/detail/meta/void_t.hpp(13,1): warning: empty macro arguments are incompatible with C++98 [-Wc++98-compat-pedantic]
[build] C:\Users\pperv\code\unnamed_rpg\vendor\json\include\nlohmann/detail/abi_macros.hpp(102,17): note: expanded from macro 'NLOHMANN_JSON_NAMESPACE_BEGIN'
[build]   102 |                 NLOHMANN_JSON_ABI_TAGS,              \
[build]       |                 ^
[build] C:\Users\pperv\code\unnamed_rpg\vendor\json\include\nlohmann/detail/abi_macros.hpp(65,5): note: expanded from macro 'NLOHMANN_JSON_ABI_TAGS'
[build]    65 |     NLOHMANN_JSON_ABI_TAGS_CONCAT(                                   \
[build]       |     ^
[build] C:\Users\pperv\code\unnamed_rpg\vendor\json\include\nlohmann/detail/abi_macros.hpp(62,45): note: expanded from macro 'NLOHMANN_JSON_ABI_TAGS_CONCAT'
[build]    62 |     NLOHMANN_JSON_ABI_TAGS_CONCAT_EX(a, b, c)
[build]       |                                             ^
[build] In file included from C:\Users\pperv\code\unnamed_rpg\vendor\json-schema-validator\src\json-uri.cpp:9:
[build] In file included from C:\Users\pperv\code\unnamed_rpg\vendor\json-schema-validator\src\nlohmann/json-schema.hpp:24:
[build] In file included from C:\Users\pperv\code\unnamed_rpg\vendor\json\include\nlohmann/json.hpp:44:
[build] In file included from C:\Users\pperv\code\unnamed_rpg\vendor\json\include\nlohmann/adl_serializer.hpp:14:
[build] In file included from C:\Users\pperv\code\unnamed_rpg\vendor\json\include\nlohmann/detail/conversions/from_json.hpp:24:
[build] In file included from C:\Users\pperv\code\unnamed_rpg\vendor\json\include\nlohmann/detail/exceptions.hpp:20:
[build] In file included from C:\Users\pperv\code\unnamed_rpg\vendor\json\include\nlohmann/detail/value_t.hpp:16:
[build] In file included from C:\Users\pperv\code\unnamed_rpg\vendor\json\include\nlohmann/detail/macro_scope.hpp:12:
[build] In file included from C:\Users\pperv\code\unnamed_rpg\vendor\json\include\nlohmann/detail/meta/detected.hpp:13:
[build] C:\Users\pperv\code\unnamed_rpg\vendor\json\include\nlohmann/detail/meta/void_t.hpp(13,1): warning: inline namespaces are incompatible with C++98 [-Wc++98-compat]
[build] C:\Users\pperv\code\unnamed_rpg\vendor\json\include\nlohmann/detail/abi_macros.hpp(101,5): note: expanded from macro 'NLOHMANN_JSON_NAMESPACE_BEGIN'
[build]   101 |     inline namespace NLOHMANN_JSON_NAMESPACE_CONCAT( \
[build]       |     ^
[build] In file included from C:\Users\pperv\code\unnamed_rpg\vendor\json-schema-validator\src\json-uri.cpp:9:
[build] In file included from C:\Users\pperv\code\unnamed_rpg\vendor\json-schema-validator\src\nlohmann/json-schema.hpp:24:
[build] In file included from C:\Users\pperv\code\unnamed_rpg\vendor\json\include\nlohmann/json.hpp:44:
[build] In file included from C:\Users\pperv\code\unnamed_rpg\vendor\json\include\nlohmann/adl_serializer.hpp:14:
[build] In file included from C:\Users\pperv\code\unnamed_rpg\vendor\json\include\nlohmann/detail/conversions/from_json.hpp:24:
[build] In file included from C:\Users\pperv\code\unnamed_rpg\vendor\json\include\nlohmann/detail/exceptions.hpp:20:
[build] In file included from C:\Users\pperv\code\unnamed_rpg\vendor\json\include\nlohmann/detail/value_t.hpp:16:
[build] In file included from C:\Users\pperv\code\unnamed_rpg\vendor\json\include\nlohmann/detail/macro_scope.hpp:12:
[build] In file included from C:\Users\pperv\code\unnamed_rpg\vendor\json\include\nlohmann/detail/meta/detected.hpp:13:
[build] C:\Users\pperv\code\unnamed_rpg\vendor\json\include\nlohmann/detail/meta/void_t.hpp(17,19): warning: variadic templates are incompatible with C++98 [-Wc++98-compat]
[build]    17 | template<typename ...Ts> struct make_void
[build]       |                   ^
[build] C:\Users\pperv\code\unnamed_rpg\vendor\json\include\nlohmann/detail/meta/void_t.hpp(19,18): warning: alias declarations are incompatible with C++98 [-Wc++98-compat]
[build]    19 |     using type = void;
[build]       |                  ^
[build] C:\Users\pperv\code\unnamed_rpg\vendor\json\include\nlohmann/detail/meta/void_t.hpp(21,19): warning: variadic templates are incompatible with C++98 [-Wc++98-compat]
[build]    21 | template<typename ...Ts> using void_t = typename make_void<Ts...>::type;
[build]       |                   ^
[build] C:\Users\pperv\code\unnamed_rpg\vendor\json\include\nlohmann/detail/meta/void_t.hpp(21,41): warning: alias declarations are incompatible with C++98 [-Wc++98-compat]
[build]    21 | template<typename ...Ts> using void_t = typename make_void<Ts...>::type;
[build]       |                                         ^
[build] In file included from C:\Users\pperv\code\unnamed_rpg\vendor\json-schema-validator\src\json-uri.cpp:9:
[build] In file included from C:\Users\pperv\code\unnamed_rpg\vendor\json-schema-validator\src\nlohmann/json-schema.hpp:24:
[build] In file included from C:\Users\pperv\code\unnamed_rpg\vendor\json\include\nlohmann/json.hpp:44:
[build] In file included from C:\Users\pperv\code\unnamed_rpg\vendor\json\include\nlohmann/adl_serializer.hpp:14:
[build] In file included from C:\Users\pperv\code\unnamed_rpg\vendor\json\include\nlohmann/detail/conversions/from_json.hpp:24:
[build] In file included from C:\Users\pperv\code\unnamed_rpg\vendor\json\include\nlohmann/detail/exceptions.hpp:20:
[build] In file included from C:\Users\pperv\code\unnamed_rpg\vendor\json\include\nlohmann/detail/value_t.hpp:16:
[build] In file included from C:\Users\pperv\code\unnamed_rpg\vendor\json\include\nlohmann/detail/macro_scope.hpp:12:
[build] C:\Users\pperv\code\unnamed_rpg\vendor\json\include\nlohmann/detail/meta/detected.hpp(15,1): warning: empty macro arguments are incompatible with C++98 [-Wc++98-compat-pedantic]
[build]    15 | NLOHMANN_JSON_NAMESPACE_BEGIN
[build]       | ^
[build] C:\Users\pperv\code\unnamed_rpg\vendor\json\include\nlohmann/detail/abi_macros.hpp(102,17): note: expanded from macro 'NLOHMANN_JSON_NAMESPACE_BEGIN'
[build]   102 |                 NLOHMANN_JSON_ABI_TAGS,              \
[build]       |                 ^
[build] C:\Users\pperv\code\unnamed_rpg\vendor\json\include\nlohmann/detail/abi_macros.hpp(65,5): note: expanded from macro 'NLOHMANN_JSON_ABI_TAGS'
[build]    65 |     NLOHMANN_JSON_ABI_TAGS_CONCAT(                                   \
[build]       |     ^
[build] C:\Users\pperv\code\unnamed_rpg\vendor\json\include\nlohmann/detail/abi_macros.hpp(62,39): note: expanded from macro 'NLOHMANN_JSON_ABI_TAGS_CONCAT'
[build]    62 |     NLOHMANN_JSON_ABI_TAGS_CONCAT_EX(a, b, c)
[build]       |                                       ^
[build] In file included from C:\Users\pperv\code\unnamed_rpg\vendor\json-schema-validator\src\json-uri.cpp:9:
[build] In file included from C:\Users\pperv\code\unnamed_rpg\vendor\json-schema-validator\src\nlohmann/json-schema.hpp:24:
[build] In file included from C:\Users\pperv\code\unnamed_rpg\vendor\json\include\nlohmann/json.hpp:44:
[build] In file included from C:\Users\pperv\code\unnamed_rpg\vendor\json\include\nlohmann/adl_serializer.hpp:14:
[build] In file included from C:\Users\pperv\code\unnamed_rpg\vendor\json\include\nlohmann/detail/conversions/from_json.hpp:24:
[build] In file included from C:\Users\pperv\code\unnamed_rpg\vendor\json\include\nlohmann/detail/exceptions.hpp:20:
[build] In file included from C:\Users\pperv\code\unnamed_rpg\vendor\json\include\nlohmann/detail/value_t.hpp:16:
[build] In file included from C:\Users\pperv\code\unnamed_rpg\vendor\json\include\nlohmann/detail/macro_scope.hpp:12:
[build] C:\Users\pperv\code\unnamed_rpg\vendor\json\include\nlohmann/detail/meta/detected.hpp(15,1): warning: empty macro arguments are incompatible with C++98 [-Wc++98-compat-pedantic]
[build] C:\Users\pperv\code\unnamed_rpg\vendor\json\include\nlohmann/detail/abi_macros.hpp(102,17): note: expanded from macro 'NLOHMANN_JSON_NAMESPACE_BEGIN'
[build]   102 |                 NLOHMANN_JSON_ABI_TAGS,              \
[build]       |                 ^
[build] C:\Users\pperv\code\unnamed_rpg\vendor\json\include\nlohmann/detail/abi_macros.hpp(65,5): note: expanded from macro 'NLOHMANN_JSON_ABI_TAGS'
[build]    65 |     NLOHMANN_JSON_ABI_TAGS_CONCAT(                                   \
[build]       |     ^
[build] C:\Users\pperv\code\unnamed_rpg\vendor\json\include\nlohmann/detail/abi_macros.hpp(62,42): note: expanded from macro 'NLOHMANN_JSON_ABI_TAGS_CONCAT'
[build]    62 |     NLOHMANN_JSON_ABI_TAGS_CONCAT_EX(a, b, c)
[build]       |                                          ^
[build] In file included from C:\Users\pperv\code\unnamed_rpg\vendor\json-schema-validator\src\json-uri.cpp:9:
[build] In file included from C:\Users\pperv\code\unnamed_rpg\vendor\json-schema-validator\src\nlohmann/json-schema.hpp:24:
[build] In file included from C:\Users\pperv\code\unnamed_rpg\vendor\json\include\nlohmann/json.hpp:44:
[build] In file included from C:\Users\pperv\code\unnamed_rpg\vendor\json\include\nlohmann/adl_serializer.hpp:14:
[build] In file included from C:\Users\pperv\code\unnamed_rpg\vendor\json\include\nlohmann/detail/conversions/from_json.hpp:24:
[build] In file included from C:\Users\pperv\code\unnamed_rpg\vendor\json\include\nlohmann/detail/exceptions.hpp:20:
[build] In file included from C:\Users\pperv\code\unnamed_rpg\vendor\json\include\nlohmann/detail/value_t.hpp:16:
[build] In file included from C:\Users\pperv\code\unnamed_rpg\vendor\json\include\nlohmann/detail/macro_scope.hpp:12:
[build] C:\Users\pperv\code\unnamed_rpg\vendor\json\include\nlohmann/detail/meta/detected.hpp(15,1): warning: empty macro arguments are incompatible with C++98 [-Wc++98-compat-pedantic]
[build] C:\Users\pperv\code\unnamed_rpg\vendor\json\include\nlohmann/detail/abi_macros.hpp(102,17): note: expanded from macro 'NLOHMANN_JSON_NAMESPACE_BEGIN'
[build]   102 |                 NLOHMANN_JSON_ABI_TAGS,              \
[build]       |                 ^
[build] C:\Users\pperv\code\unnamed_rpg\vendor\json\include\nlohmann/detail/abi_macros.hpp(65,5): note: expanded from macro 'NLOHMANN_JSON_ABI_TAGS'
[build]    65 |     NLOHMANN_JSON_ABI_TAGS_CONCAT(                                   \
[build]       |     ^
[build] C:\Users\pperv\code\unnamed_rpg\vendor\json\include\nlohmann/detail/abi_macros.hpp(62,45): note: expanded from macro 'NLOHMANN_JSON_ABI_TAGS_CONCAT'
[build]    62 |     NLOHMANN_JSON_ABI_TAGS_CONCAT_EX(a, b, c)
[build]       |                                             ^
[build] In file included from C:\Users\pperv\code\unnamed_rpg\vendor\json-schema-validator\src\json-uri.cpp:9:
[build] In file included from C:\Users\pperv\code\unnamed_rpg\vendor\json-schema-validator\src\nlohmann/json-schema.hpp:24:
[build] In file included from C:\Users\pperv\code\unnamed_rpg\vendor\json\include\nlohmann/json.hpp:44:
[build] In file included from C:\Users\pperv\code\unnamed_rpg\vendor\json\include\nlohmann/adl_serializer.hpp:14:
[build] In file included from C:\Users\pperv\code\unnamed_rpg\vendor\json\include\nlohmann/detail/conversions/from_json.hpp:24:
[build] In file included from C:\Users\pperv\code\unnamed_rpg\vendor\json\include\nlohmann/detail/exceptions.hpp:20:
[build] In file included from C:\Users\pperv\code\unnamed_rpg\vendor\json\include\nlohmann/detail/value_t.hpp:16:
[build] In file included from C:\Users\pperv\code\unnamed_rpg\vendor\json\include\nlohmann/detail/macro_scope.hpp:12:
[build] C:\Users\pperv\code\unnamed_rpg\vendor\json\include\nlohmann/detail/meta/detected.hpp(15,1): warning: inline namespaces are incompatible with C++98 [-Wc++98-compat]
[build] C:\Users\pperv\code\unnamed_rpg\vendor\json\include\nlohmann/detail/abi_macros.hpp(101,5): note: expanded from macro 'NLOHMANN_JSON_NAMESPACE_BEGIN'
[build]   101 |     inline namespace NLOHMANN_JSON_NAMESPACE_CONCAT( \
[build]       |     ^
[build] In file included from C:\Users\pperv\code\unnamed_rpg\vendor\json-schema-validator\src\json-uri.cpp:9:
[build] In file included from C:\Users\pperv\code\unnamed_rpg\vendor\json-schema-validator\src\nlohmann/json-schema.hpp:24:
[build] In file included from C:\Users\pperv\code\unnamed_rpg\vendor\json\include\nlohmann/json.hpp:44:
[build] In file included from C:\Users\pperv\code\unnamed_rpg\vendor\json\include\nlohmann/adl_serializer.hpp:14:
[build] In file included from C:\Users\pperv\code\unnamed_rpg\vendor\json\include\nlohmann/detail/conversions/from_json.hpp:24:
[build] In file included from C:\Users\pperv\code\unnamed_rpg\vendor\json\include\nlohmann/detail/exceptions.hpp:20:
[build] In file included from C:\Users\pperv\code\unnamed_rpg\vendor\json\include\nlohmann/detail/value_t.hpp:16:
[build] In file included from C:\Users\pperv\code\unnamed_rpg\vendor\json\include\nlohmann/detail/macro_scope.hpp:12:
[build] C:\Users\pperv\code\unnamed_rpg\vendor\json\include\nlohmann/detail/meta/detected.hpp(22,18): warning: deleted function definitions are incompatible with C++98 [-Wc++98-compat]
[build]    22 |     nonesuch() = delete;
[build]       |                  ^
[build] C:\Users\pperv\code\unnamed_rpg\vendor\json\include\nlohmann/detail/meta/detected.hpp(23,19): warning: deleted function definitions are incompatible with C++98 [-Wc++98-compat]
[build]    23 |     ~nonesuch() = delete;
[build]       |                   ^
[build] C:\Users\pperv\code\unnamed_rpg\vendor\json\include\nlohmann/detail/meta/detected.hpp(24,33): warning: deleted function definitions are incompatible with C++98 [-Wc++98-compat]
[build]    24 |     nonesuch(nonesuch const&) = delete;
[build]       |                                 ^
[build] C:\Users\pperv\code\unnamed_rpg\vendor\json\include\nlohmann/detail/meta/detected.hpp(25,28): warning: rvalue references are incompatible with C++98 [-Wc++98-compat]
[build]    25 |     nonesuch(nonesuch const&&) = delete;
[build]       |                            ^
[build] C:\Users\pperv\code\unnamed_rpg\vendor\json\include\nlohmann/detail/meta/detected.hpp(25,34): warning: deleted function definitions are incompatible with C++98 [-Wc++98-compat]
[build]    25 |     nonesuch(nonesuch const&&) = delete;
[build]       |                                  ^
[build] C:\Users\pperv\code\unnamed_rpg\vendor\json\include\nlohmann/detail/meta/detected.hpp(26,39): warning: deleted function definitions are incompatible with C++98 [-Wc++98-compat]
[build]    26 |     void operator=(nonesuch const&) = delete;
[build]       |                                       ^
[build] C:\Users\pperv\code\unnamed_rpg\vendor\json\include\nlohmann/detail/meta/detected.hpp(27,28): warning: rvalue references are incompatible with C++98 [-Wc++98-compat]
[build]    27 |     void operator=(nonesuch&&) = delete;
[build]       |                            ^
[build] C:\Users\pperv\code\unnamed_rpg\vendor\json\include\nlohmann/detail/meta/detected.hpp(27,34): warning: deleted function definitions are incompatible with C++98 [-Wc++98-compat]
[build]    27 |     void operator=(nonesuch&&) = delete;
[build]       |                                  ^
[build] C:\Users\pperv\code\unnamed_rpg\vendor\json\include\nlohmann/detail/meta/detected.hpp(32,24): warning: variadic templates are incompatible with C++98 [-Wc++98-compat]
[build]    32 |          template<class...> class Op,
[build]       |                        ^
[build] C:\Users\pperv\code\unnamed_rpg\vendor\json\include\nlohmann/detail/meta/detected.hpp(33,15): warning: variadic templates are incompatible with C++98 [-Wc++98-compat]
[build]    33 |          class... Args>
[build]       |               ^
[build] C:\Users\pperv\code\unnamed_rpg\vendor\json\include\nlohmann/detail/meta/detected.hpp(36,21): warning: alias declarations are incompatible with C++98 [-Wc++98-compat]
[build]    36 |     using value_t = std::false_type;
[build]       |                     ^
[build] C:\Users\pperv\code\unnamed_rpg\vendor\json\include\nlohmann/detail/meta/detected.hpp(37,18): warning: alias declarations are incompatible with C++98 [-Wc++98-compat]
[build]    37 |     using type = Default;
[build]       |                  ^
[build] C:\Users\pperv\code\unnamed_rpg\vendor\json\include\nlohmann/detail/meta/detected.hpp(40,39): warning: variadic templates are incompatible with C++98 [-Wc++98-compat]
[build]    40 | template<class Default, template<class...> class Op, class... Args>
[build]       |                                       ^
[build] C:\Users\pperv\code\unnamed_rpg\vendor\json\include\nlohmann/detail/meta/detected.hpp(40,59): warning: variadic templates are incompatible with C++98 [-Wc++98-compat]
[build]    40 | template<class Default, template<class...> class Op, class... Args>
[build]       |                                                           ^
[build] C:\Users\pperv\code\unnamed_rpg\vendor\json\include\nlohmann/detail/meta/detected.hpp(41,43): warning: consecutive right angle brackets are incompatible with C++98 (use '> >') [-Wc++98-compat]
[build]    41 | struct detector<Default, void_t<Op<Args...>>, Op, Args...>
[build]       |                                           ^~
[build]       |                                           > >
[build] C:\Users\pperv\code\unnamed_rpg\vendor\json\include\nlohmann/detail/meta/detected.hpp(43,21): warning: alias declarations are incompatible with C++98 [-Wc++98-compat]
[build]    43 |     using value_t = std::true_type;
[build]       |                     ^
[build] C:\Users\pperv\code\unnamed_rpg\vendor\json\include\nlohmann/detail/meta/detected.hpp(44,18): warning: alias declarations are incompatible with C++98 [-Wc++98-compat]
[build]    44 |     using type = Op<Args...>;
[build]       |                  ^
[build] C:\Users\pperv\code\unnamed_rpg\vendor\json\include\nlohmann/detail/meta/detected.hpp(47,24): warning: variadic templates are incompatible with C++98 [-Wc++98-compat]
[build]    47 | template<template<class...> class Op, class... Args>
[build]       |                        ^
[build] C:\Users\pperv\code\unnamed_rpg\vendor\json\include\nlohmann/detail/meta/detected.hpp(47,44): warning: variadic templates are incompatible with C++98 [-Wc++98-compat]
[build]    47 | template<template<class...> class Op, class... Args>
[build]       |                                            ^
[build] C:\Users\pperv\code\unnamed_rpg\vendor\json\include\nlohmann/detail/meta/detected.hpp(48,21): warning: alias declarations are incompatible with C++98 [-Wc++98-compat]
[build]    48 | using is_detected = typename detector<nonesuch, void, Op, Args...>::value_t;
[build]       |                     ^
[build] C:\Users\pperv\code\unnamed_rpg\vendor\json\include\nlohmann/detail/meta/detected.hpp(50,24): warning: variadic templates are incompatible with C++98 [-Wc++98-compat]
[build]    50 | template<template<class...> class Op, class... Args>
[build]       |                        ^
[build] C:\Users\pperv\code\unnamed_rpg\vendor\json\include\nlohmann/detail/meta/detected.hpp(50,44): warning: variadic templates are incompatible with C++98 [-Wc++98-compat]
[build]    50 | template<template<class...> class Op, class... Args>
[build]       |                                            ^
[build] C:\Users\pperv\code\unnamed_rpg\vendor\json\include\nlohmann/detail/meta/detected.hpp(53,24): warning: variadic templates are incompatible with C++98 [-Wc++98-compat]
[build]    53 | template<template<class...> class Op, class... Args>
[build]       |                        ^
[build] C:\Users\pperv\code\unnamed_rpg\vendor\json\include\nlohmann/detail/meta/detected.hpp(53,44): warning: variadic templates are incompatible with C++98 [-Wc++98-compat]
[build]    53 | template<template<class...> class Op, class... Args>
[build]       |                                            ^
[build] C:\Users\pperv\code\unnamed_rpg\vendor\json\include\nlohmann/detail/meta/detected.hpp(54,20): warning: alias declarations are incompatible with C++98 [-Wc++98-compat]
[build]    54 | using detected_t = typename detector<nonesuch, void, Op, Args...>::type;
[build]       |                    ^
[build] C:\Users\pperv\code\unnamed_rpg\vendor\json\include\nlohmann/detail/meta/detected.hpp(56,39): warning: variadic templates are incompatible with C++98 [-Wc++98-compat]
[build]    56 | template<class Default, template<class...> class Op, class... Args>
[build]       |                                       ^
[build] C:\Users\pperv\code\unnamed_rpg\vendor\json\include\nlohmann/detail/meta/detected.hpp(56,59): warning: variadic templates are incompatible with C++98 [-Wc++98-compat]
[build]    56 | template<class Default, template<class...> class Op, class... Args>
[build]       |                                                           ^
[build] C:\Users\pperv\code\unnamed_rpg\vendor\json\include\nlohmann/detail/meta/detected.hpp(57,21): warning: alias declarations are incompatible with C++98 [-Wc++98-compat]
[build]    57 | using detected_or = detector<Default, void, Op, Args...>;
[build]       |                     ^
[build] C:\Users\pperv\code\unnamed_rpg\vendor\json\include\nlohmann/detail/meta/detected.hpp(59,39): warning: variadic templates are incompatible with C++98 [-Wc++98-compat]
[build]    59 | template<class Default, template<class...> class Op, class... Args>
[build]       |                                       ^
[build] C:\Users\pperv\code\unnamed_rpg\vendor\json\include\nlohmann/detail/meta/detected.hpp(59,59): warning: variadic templates are incompatible with C++98 [-Wc++98-compat]
[build]    59 | template<class Default, template<class...> class Op, class... Args>
[build]       |                                                           ^
[build] C:\Users\pperv\code\unnamed_rpg\vendor\json\include\nlohmann/detail/meta/detected.hpp(60,23): warning: alias declarations are incompatible with C++98 [-Wc++98-compat]
[build]    60 | using detected_or_t = typename detected_or<Default, Op, Args...>::type;
[build]       |                       ^
[build] C:\Users\pperv\code\unnamed_rpg\vendor\json\include\nlohmann/detail/meta/detected.hpp(62,40): warning: variadic templates are incompatible with C++98 [-Wc++98-compat]
[build]    62 | template<class Expected, template<class...> class Op, class... Args>
[build]       |                                        ^
[build] C:\Users\pperv\code\unnamed_rpg\vendor\json\include\nlohmann/detail/meta/detected.hpp(62,60): warning: variadic templates are incompatible with C++98 [-Wc++98-compat]
[build]    62 | template<class Expected, template<class...> class Op, class... Args>
[build]       |                                                            ^
[build] C:\Users\pperv\code\unnamed_rpg\vendor\json\include\nlohmann/detail/meta/detected.hpp(63,27): warning: alias declarations are incompatible with C++98 [-Wc++98-compat]
[build]    63 | using is_detected_exact = std::is_same<Expected, detected_t<Op, Args...>>;
[build]       |                           ^
[build] C:\Users\pperv\code\unnamed_rpg\vendor\json\include\nlohmann/detail/meta/detected.hpp(63,72): warning: consecutive right angle brackets are incompatible with C++98 (use '> >') [-Wc++98-compat]
[build]    63 | using is_detected_exact = std::is_same<Expected, detected_t<Op, Args...>>;
[build]       |                                                                        ^~
[build]       |                                                                        > >
[build] C:\Users\pperv\code\unnamed_rpg\vendor\json\include\nlohmann/detail/meta/detected.hpp(65,34): warning: variadic templates are incompatible with C++98 [-Wc++98-compat]
[build]    65 | template<class To, template<class...> class Op, class... Args>
[build]       |                                  ^
[build] C:\Users\pperv\code\unnamed_rpg\vendor\json\include\nlohmann/detail/meta/detected.hpp(65,54): warning: variadic templates are incompatible with C++98 [-Wc++98-compat]
[build]    65 | template<class To, template<class...> class Op, class... Args>
[build]       |                                                      ^
[build] C:\Users\pperv\code\unnamed_rpg\vendor\json\include\nlohmann/detail/meta/detected.hpp(67,5): warning: alias declarations are incompatible with C++98 [-Wc++98-compat]
[build]    67 |     std::is_convertible<detected_t<Op, Args...>, To>;
[build]       |     ^
[build] In file included from C:\Users\pperv\code\unnamed_rpg\vendor\json-schema-validator\src\json-uri.cpp:9:
[build] In file included from C:\Users\pperv\code\unnamed_rpg\vendor\json-schema-validator\src\nlohmann/json-schema.hpp:24:
[build] In file included from C:\Users\pperv\code\unnamed_rpg\vendor\json\include\nlohmann/json.hpp:44:
[build] In file included from C:\Users\pperv\code\unnamed_rpg\vendor\json\include\nlohmann/adl_serializer.hpp:14:
[build] In file included from C:\Users\pperv\code\unnamed_rpg\vendor\json\include\nlohmann/detail/conversions/from_json.hpp:24:
[build] In file included from C:\Users\pperv\code\unnamed_rpg\vendor\json\include\nlohmann/detail/exceptions.hpp:20:
[build] In file included from C:\Users\pperv\code\unnamed_rpg\vendor\json\include\nlohmann/detail/value_t.hpp:16:
[build] C:\Users\pperv\code\unnamed_rpg\vendor\json\include\nlohmann/detail/macro_scope.hpp(248,49): warning: variadic macros are incompatible with C++98 [-Wc++98-compat-pedantic]
[build]   248 | #define NLOHMANN_JSON_SERIALIZE_ENUM(ENUM_TYPE, ...)                                            \
[build]       |                                                 ^
[build] C:\Users\pperv\code\unnamed_rpg\vendor\json\include\nlohmann/detail/macro_scope.hpp(301,56): warning: variadic macros are incompatible with C++98 [-Wc++98-compat-pedantic]
[build]   301 | #define NLOHMANN_JSON_SERIALIZE_ENUM_STRICT(ENUM_TYPE, ...)                                     \
[build]       |                                                        ^
[build] C:\Users\pperv\code\unnamed_rpg\vendor\json\include\nlohmann/detail/macro_scope.hpp(354,349): warning: variadic macros are incompatible with C++98 [-Wc++98-compat-pedantic]
[build]   354 | #define NLOHMANN_JSON_GET_MACRO(_1, _2, _3, _4, _5, _6, _7, _8, _9, _10, _11, _12, _13, _14, _15, _16, _17, _18, _19, _20, _21, _22, _23, _24, _25, _26, _27, _28, _29, _30, _31, _32, _33, _34, _35, _36, _37, _38, _39, _40, _41, _42, _43, _44, _45, _46, _47, _48, _49, _50, _51, _52, _53, _54, _55, _56, _57, _58, _59, _60, _61, _62, _63, _64, NAME,...) NAME
[build]       |                                                                                                                                                                                                                                                                                                                                                             ^
[build] C:\Users\pperv\code\unnamed_rpg\vendor\json\include\nlohmann/detail/macro_scope.hpp(355,29): warning: variadic macros are incompatible with C++98 [-Wc++98-compat-pedantic]
[build]   355 | #define NLOHMANN_JSON_PASTE(...) NLOHMANN_JSON_EXPAND(NLOHMANN_JSON_GET_MACRO(__VA_ARGS__, \
[build]       |                             ^
[build] C:\Users\pperv\code\unnamed_rpg\vendor\json\include\nlohmann/detail/macro_scope.hpp(483,36): warning: variadic macros are incompatible with C++98 [-Wc++98-compat-pedantic]
[build]   483 | #define NLOHMANN_JSON_DOUBLE_PASTE(...) NLOHMANN_JSON_EXPAND(NLOHMANN_JSON_GET_MACRO(__VA_ARGS__, \
[build]       |                                    ^
[build] C:\Users\pperv\code\unnamed_rpg\vendor\json\include\nlohmann/detail/macro_scope.hpp(588,43): warning: variadic macros are incompatible with C++98 [-Wc++98-compat-pedantic]
[build]   588 | #define NLOHMANN_JSON_BASIC_TYPE_TEMPLATE(...) template<typename BasicJsonType, nlohmann::detail::enable_if_t<nlohmann::detail::is_basic_json<BasicJsonType>::value, int> = 0> __VA_ARGS__
[build]       |                                           ^
[build] C:\Users\pperv\code\unnamed_rpg\vendor\json\include\nlohmann/detail/macro_scope.hpp(596,46): warning: variadic macros are incompatible with C++98 [-Wc++98-compat-pedantic]
[build]   596 | #define NLOHMANN_DEFINE_TYPE_INTRUSIVE(Type, ...)  \
[build]       |                                              ^
[build] C:\Users\pperv\code\unnamed_rpg\vendor\json\include\nlohmann/detail/macro_scope.hpp(600,57): warning: variadic macros are incompatible with C++98 [-Wc++98-compat-pedantic]
[build]   600 | #define NLOHMANN_DEFINE_TYPE_INTRUSIVE_WITH_NAMES(Type, ...)  \
[build]       |                                                         ^
[build] C:\Users\pperv\code\unnamed_rpg\vendor\json\include\nlohmann/detail/macro_scope.hpp(610,59): warning: variadic macros are incompatible with C++98 [-Wc++98-compat-pedantic]
[build]   610 | #define NLOHMANN_DEFINE_TYPE_INTRUSIVE_WITH_DEFAULT(Type, ...)  \
[build]       |                                                           ^
[build] C:\Users\pperv\code\unnamed_rpg\vendor\json\include\nlohmann/detail/macro_scope.hpp(614,70): warning: variadic macros are incompatible with C++98 [-Wc++98-compat-pedantic]
[build]   614 | #define NLOHMANN_DEFINE_TYPE_INTRUSIVE_WITH_DEFAULT_WITH_NAMES(Type, ...)  \
[build]       |                                                                      ^
[build] C:\Users\pperv\code\unnamed_rpg\vendor\json\include\nlohmann/detail/macro_scope.hpp(624,61): warning: variadic macros are incompatible with C++98 [-Wc++98-compat-pedantic]
[build]   624 | #define NLOHMANN_DEFINE_TYPE_INTRUSIVE_ONLY_SERIALIZE(Type, ...)  \
[build]       |                                                             ^
[build] C:\Users\pperv\code\unnamed_rpg\vendor\json\include\nlohmann/detail/macro_scope.hpp(627,72): warning: variadic macros are incompatible with C++98 [-Wc++98-compat-pedantic]
[build]   627 | #define NLOHMANN_DEFINE_TYPE_INTRUSIVE_ONLY_SERIALIZE_WITH_NAMES(Type, ...)  \
[build]       |                                                                        ^
[build] C:\Users\pperv\code\unnamed_rpg\vendor\json\include\nlohmann/detail/macro_scope.hpp(636,50): warning: variadic macros are incompatible with C++98 [-Wc++98-compat-pedantic]
[build]   636 | #define NLOHMANN_DEFINE_TYPE_NON_INTRUSIVE(Type, ...)  \
[build]       |                                                  ^
[build] C:\Users\pperv\code\unnamed_rpg\vendor\json\include\nlohmann/detail/macro_scope.hpp(640,61): warning: variadic macros are incompatible with C++98 [-Wc++98-compat-pedantic]
[build]   640 | #define NLOHMANN_DEFINE_TYPE_NON_INTRUSIVE_WITH_NAMES(Type, ...)  \
[build]       |                                                             ^
[build] C:\Users\pperv\code\unnamed_rpg\vendor\json\include\nlohmann/detail/macro_scope.hpp(650,63): warning: variadic macros are incompatible with C++98 [-Wc++98-compat-pedantic]
[build]   650 | #define NLOHMANN_DEFINE_TYPE_NON_INTRUSIVE_WITH_DEFAULT(Type, ...)  \
[build]       |                                                               ^
[build] C:\Users\pperv\code\unnamed_rpg\vendor\json\include\nlohmann/detail/macro_scope.hpp(654,74): warning: variadic macros are incompatible with C++98 [-Wc++98-compat-pedantic]
[build]   654 | #define NLOHMANN_DEFINE_TYPE_NON_INTRUSIVE_WITH_DEFAULT_WITH_NAMES(Type, ...)  \
[build]       |                                                                          ^
[build] C:\Users\pperv\code\unnamed_rpg\vendor\json\include\nlohmann/detail/macro_scope.hpp(664,65): warning: variadic macros are incompatible with C++98 [-Wc++98-compat-pedantic]
[build]   664 | #define NLOHMANN_DEFINE_TYPE_NON_INTRUSIVE_ONLY_SERIALIZE(Type, ...)  \
[build]       |                                                                 ^
[build] C:\Users\pperv\code\unnamed_rpg\vendor\json\include\nlohmann/detail/macro_scope.hpp(667,76): warning: variadic macros are incompatible with C++98 [-Wc++98-compat-pedantic]
[build]   667 | #define NLOHMANN_DEFINE_TYPE_NON_INTRUSIVE_ONLY_SERIALIZE_WITH_NAMES(Type, ...)  \
[build]       |                                                                            ^
[build] C:\Users\pperv\code\unnamed_rpg\vendor\json\include\nlohmann/detail/macro_scope.hpp(676,64): warning: variadic macros are incompatible with C++98 [-Wc++98-compat-pedantic]
[build]   676 | #define NLOHMANN_DEFINE_DERIVED_TYPE_INTRUSIVE(Type, BaseType, ...)  \
[build]       |                                                                ^
[build] C:\Users\pperv\code\unnamed_rpg\vendor\json\include\nlohmann/detail/macro_scope.hpp(680,75): warning: variadic macros are incompatible with C++98 [-Wc++98-compat-pedantic]
[build]   680 | #define NLOHMANN_DEFINE_DERIVED_TYPE_INTRUSIVE_WITH_NAMES(Type, BaseType, ...)  \
[build]       |                                                                           ^
[build] C:\Users\pperv\code\unnamed_rpg\vendor\json\include\nlohmann/detail/macro_scope.hpp(690,77): warning: variadic macros are incompatible with C++98 [-Wc++98-compat-pedantic]
[build]   690 | #define NLOHMANN_DEFINE_DERIVED_TYPE_INTRUSIVE_WITH_DEFAULT(Type, BaseType, ...)  \
[build]       |                                                                             ^
[build] C:\Users\pperv\code\unnamed_rpg\vendor\json\include\nlohmann/detail/macro_scope.hpp(694,88): warning: variadic macros are incompatible with C++98 [-Wc++98-compat-pedantic]
[build]   694 | #define NLOHMANN_DEFINE_DERIVED_TYPE_INTRUSIVE_WITH_DEFAULT_WITH_NAMES(Type, BaseType, ...)  \
[build]       |                                                                                        ^
[build] C:\Users\pperv\code\unnamed_rpg\vendor\json\include\nlohmann/detail/macro_scope.hpp(704,79): warning: variadic macros are incompatible with C++98 [-Wc++98-compat-pedantic]
[build]   704 | #define NLOHMANN_DEFINE_DERIVED_TYPE_INTRUSIVE_ONLY_SERIALIZE(Type, BaseType, ...)  \
[build]       |                                                                               ^
[build] C:\Users\pperv\code\unnamed_rpg\vendor\json\include\nlohmann/detail/macro_scope.hpp(707,90): warning: variadic macros are incompatible with C++98 [-Wc++98-compat-pedantic]
[build]   707 | #define NLOHMANN_DEFINE_DERIVED_TYPE_INTRUSIVE_ONLY_SERIALIZE_WITH_NAMES(Type, BaseType, ...)  \
[build]       |                                                                                          ^
[build] C:\Users\pperv\code\unnamed_rpg\vendor\json\include\nlohmann/detail/macro_scope.hpp(717,68): warning: variadic macros are incompatible with C++98 [-Wc++98-compat-pedantic]
[build]   717 | #define NLOHMANN_DEFINE_DERIVED_TYPE_NON_INTRUSIVE(Type, BaseType, ...)  \
[build]       |                                                                    ^
[build] C:\Users\pperv\code\unnamed_rpg\vendor\json\include\nlohmann/detail/macro_scope.hpp(721,79): warning: variadic macros are incompatible with C++98 [-Wc++98-compat-pedantic]
[build]   721 | #define NLOHMANN_DEFINE_DERIVED_TYPE_NON_INTRUSIVE_WITH_NAMES(Type, BaseType, ...)  \
[build]       |                                                                               ^
[build] C:\Users\pperv\code\unnamed_rpg\vendor\json\include\nlohmann/detail/macro_scope.hpp(731,81): warning: variadic macros are incompatible with C++98 [-Wc++98-compat-pedantic]
[build]   731 | #define NLOHMANN_DEFINE_DERIVED_TYPE_NON_INTRUSIVE_WITH_DEFAULT(Type, BaseType, ...)  \
[build]       |                                                                                 ^
[build] C:\Users\pperv\code\unnamed_rpg\vendor\json\include\nlohmann/detail/macro_scope.hpp(735,92): warning: variadic macros are incompatible with C++98 [-Wc++98-compat-pedantic]
[build]   735 | #define NLOHMANN_DEFINE_DERIVED_TYPE_NON_INTRUSIVE_WITH_DEFAULT_WITH_NAMES(Type, BaseType, ...)  \
[build]       |                                                                                            ^
[build] C:\Users\pperv\code\unnamed_rpg\vendor\json\include\nlohmann/detail/macro_scope.hpp(745,83): warning: variadic macros are incompatible with C++98 [-Wc++98-compat-pedantic]
[build]   745 | #define NLOHMANN_DEFINE_DERIVED_TYPE_NON_INTRUSIVE_ONLY_SERIALIZE(Type, BaseType, ...)  \
[build]       |                                                                                   ^
[build] C:\Users\pperv\code\unnamed_rpg\vendor\json\include\nlohmann/detail/macro_scope.hpp(748,94): warning: variadic macros are incompatible with C++98 [-Wc++98-compat-pedantic]
[build]   748 | #define NLOHMANN_DEFINE_DERIVED_TYPE_NON_INTRUSIVE_ONLY_SERIALIZE_WITH_NAMES(Type, BaseType, ...)  \
[build]       |                                                                                              ^
[build] In file included from C:\Users\pperv\code\unnamed_rpg\vendor\json-schema-validator\src\json-uri.cpp:9:
[build] In file included from C:\Users\pperv\code\unnamed_rpg\vendor\json-schema-validator\src\nlohmann/json-schema.hpp:24:
[build] In file included from C:\Users\pperv\code\unnamed_rpg\vendor\json\include\nlohmann/json.hpp:44:
[build] In file included from C:\Users\pperv\code\unnamed_rpg\vendor\json\include\nlohmann/adl_serializer.hpp:14:
[build] In file included from C:\Users\pperv\code\unnamed_rpg\vendor\json\include\nlohmann/detail/conversions/from_json.hpp:24:
[build] In file included from C:\Users\pperv\code\unnamed_rpg\vendor\json\include\nlohmann/detail/exceptions.hpp:20:
[build] C:\Users\pperv\code\unnamed_rpg\vendor\json\include\nlohmann/detail/value_t.hpp(21,1): warning: empty macro arguments are incompatible with C++98 [-Wc++98-compat-pedantic]
[build]    21 | NLOHMANN_JSON_NAMESPACE_BEGIN
[build]       | ^
[build] C:\Users\pperv\code\unnamed_rpg\vendor\json\include\nlohmann/detail/abi_macros.hpp(102,17): note: expanded from macro 'NLOHMANN_JSON_NAMESPACE_BEGIN'
[build]   102 |                 NLOHMANN_JSON_ABI_TAGS,              \
[build]       |                 ^
[build] C:\Users\pperv\code\unnamed_rpg\vendor\json\include\nlohmann/detail/abi_macros.hpp(65,5): note: expanded from macro 'NLOHMANN_JSON_ABI_TAGS'
[build]    65 |     NLOHMANN_JSON_ABI_TAGS_CONCAT(                                   \
[build]       |     ^
[build] C:\Users\pperv\code\unnamed_rpg\vendor\json\include\nlohmann/detail/abi_macros.hpp(62,39): note: expanded from macro 'NLOHMANN_JSON_ABI_TAGS_CONCAT'
[build]    62 |     NLOHMANN_JSON_ABI_TAGS_CONCAT_EX(a, b, c)
[build]       |                                       ^
[build] In file included from C:\Users\pperv\code\unnamed_rpg\vendor\json-schema-validator\src\json-uri.cpp:9:
[build] In file included from C:\Users\pperv\code\unnamed_rpg\vendor\json-schema-validator\src\nlohmann/json-schema.hpp:24:
[build] In file included from C:\Users\pperv\code\unnamed_rpg\vendor\json\include\nlohmann/json.hpp:44:
[build] In file included from C:\Users\pperv\code\unnamed_rpg\vendor\json\include\nlohmann/adl_serializer.hpp:14:
[build] In file included from C:\Users\pperv\code\unnamed_rpg\vendor\json\include\nlohmann/detail/conversions/from_json.hpp:24:
[build] In file included from C:\Users\pperv\code\unnamed_rpg\vendor\json\include\nlohmann/detail/exceptions.hpp:20:
[build] C:\Users\pperv\code\unnamed_rpg\vendor\json\include\nlohmann/detail/value_t.hpp(21,1): warning: empty macro arguments are incompatible with C++98 [-Wc++98-compat-pedantic]
[build] C:\Users\pperv\code\unnamed_rpg\vendor\json\include\nlohmann/detail/abi_macros.hpp(102,17): note: expanded from macro 'NLOHMANN_JSON_NAMESPACE_BEGIN'
[build]   102 |                 NLOHMANN_JSON_ABI_TAGS,              \
[build]       |                 ^
[build] C:\Users\pperv\code\unnamed_rpg\vendor\json\include\nlohmann/detail/abi_macros.hpp(65,5): note: expanded from macro 'NLOHMANN_JSON_ABI_TAGS'
[build]    65 |     NLOHMANN_JSON_ABI_TAGS_CONCAT(                                   \
[build]       |     ^
[build] C:\Users\pperv\code\unnamed_rpg\vendor\json\include\nlohmann/detail/abi_macros.hpp(62,42): note: expanded from macro 'NLOHMANN_JSON_ABI_TAGS_CONCAT'
[build]    62 |     NLOHMANN_JSON_ABI_TAGS_CONCAT_EX(a, b, c)
[build]       |                                          ^
[build] In file included from C:\Users\pperv\code\unnamed_rpg\vendor\json-schema-validator\src\json-uri.cpp:9:
[build] In file included from C:\Users\pperv\code\unnamed_rpg\vendor\json-schema-validator\src\nlohmann/json-schema.hpp:24:
[build] In file included from C:\Users\pperv\code\unnamed_rpg\vendor\json\include\nlohmann/json.hpp:44:
[build] In file included from C:\Users\pperv\code\unnamed_rpg\vendor\json\include\nlohmann/adl_serializer.hpp:14:
[build] In file included from C:\Users\pperv\code\unnamed_rpg\vendor\json\include\nlohmann/detail/conversions/from_json.hpp:24:
[build] In file included from C:\Users\pperv\code\unnamed_rpg\vendor\json\include\nlohmann/detail/exceptions.hpp:20:
[build] C:\Users\pperv\code\unnamed_rpg\vendor\json\include\nlohmann/detail/value_t.hpp(21,1): warning: empty macro arguments are incompatible with C++98 [-Wc++98-compat-pedantic]
[build] C:\Users\pperv\code\unnamed_rpg\vendor\json\include\nlohmann/detail/abi_macros.hpp(102,17): note: expanded from macro 'NLOHMANN_JSON_NAMESPACE_BEGIN'
[build]   102 |                 NLOHMANN_JSON_ABI_TAGS,              \
[build]       |                 ^
[build] C:\Users\pperv\code\unnamed_rpg\vendor\json\include\nlohmann/detail/abi_macros.hpp(65,5): note: expanded from macro 'NLOHMANN_JSON_ABI_TAGS'
[build]    65 |     NLOHMANN_JSON_ABI_TAGS_CONCAT(                                   \
[build]       |     ^
[build] C:\Users\pperv\code\unnamed_rpg\vendor\json\include\nlohmann/detail/abi_macros.hpp(62,45): note: expanded from macro 'NLOHMANN_JSON_ABI_TAGS_CONCAT'
[build]    62 |     NLOHMANN_JSON_ABI_TAGS_CONCAT_EX(a, b, c)
[build]       |                                             ^
[build] In file included from C:\Users\pperv\code\unnamed_rpg\vendor\json-schema-validator\src\json-uri.cpp:9:
[build] In file included from C:\Users\pperv\code\unnamed_rpg\vendor\json-schema-validator\src\nlohmann/json-schema.hpp:24:
[build] In file included from C:\Users\pperv\code\unnamed_rpg\vendor\json\include\nlohmann/json.hpp:44:
[build] In file included from C:\Users\pperv\code\unnamed_rpg\vendor\json\include\nlohmann/adl_serializer.hpp:14:
[build] In file included from C:\Users\pperv\code\unnamed_rpg\vendor\json\include\nlohmann/detail/conversions/from_json.hpp:24:
[build] In file included from C:\Users\pperv\code\unnamed_rpg\vendor\json\include\nlohmann/detail/exceptions.hpp:20:
[build] C:\Users\pperv\code\unnamed_rpg\vendor\json\include\nlohmann/detail/value_t.hpp(21,1): warning: inline namespaces are incompatible with C++98 [-Wc++98-compat]
[build] C:\Users\pperv\code\unnamed_rpg\vendor\json\include\nlohmann/detail/abi_macros.hpp(101,5): note: expanded from macro 'NLOHMANN_JSON_NAMESPACE_BEGIN'
[build]   101 |     inline namespace NLOHMANN_JSON_NAMESPACE_CONCAT( \
[build]       |     ^
[build] In file included from C:\Users\pperv\code\unnamed_rpg\vendor\json-schema-validator\src\json-uri.cpp:9:
[build] In file included from C:\Users\pperv\code\unnamed_rpg\vendor\json-schema-validator\src\nlohmann/json-schema.hpp:24:
[build] In file included from C:\Users\pperv\code\unnamed_rpg\vendor\json\include\nlohmann/json.hpp:44:
[build] In file included from C:\Users\pperv\code\unnamed_rpg\vendor\json\include\nlohmann/adl_serializer.hpp:14:
[build] In file included from C:\Users\pperv\code\unnamed_rpg\vendor\json\include\nlohmann/detail/conversions/from_json.hpp:24:
[build] In file included from C:\Users\pperv\code\unnamed_rpg\vendor\json\include\nlohmann/detail/exceptions.hpp:20:
[build] C:\Users\pperv\code\unnamed_rpg\vendor\json\include\nlohmann/detail/value_t.hpp(53,6): warning: scoped enumerations are incompatible with C++98 [-Wc++98-compat]
[build]    53 | enum class value_t : std::uint8_t
[build]       |      ^
[build] C:\Users\pperv\code\unnamed_rpg\vendor\json\include\nlohmann/detail/value_t.hpp(53,20): warning: enumeration types with a fixed underlying type are incompatible with C++98 [-Wc++98-compat]
[build]    53 | enum class value_t : std::uint8_t
[build]       |                    ^~~~~~~~~~~~~~
[build] C:\Users\pperv\code\unnamed_rpg\vendor\json\include\nlohmann/detail/value_t.hpp(83,65): warning: noexcept specifications are incompatible with C++98 [-Wc++98-compat]
[build]    83 |     inline bool operator<(const value_t lhs, const value_t rhs) noexcept
[build]       |                                                                 ^
[build] C:\Users\pperv\code\unnamed_rpg\vendor\json\include\nlohmann/detail/value_t.hpp(86,12): warning: 'constexpr' specifier is incompatible with C++98 [-Wc++98-compat]
[build]    86 |     static constexpr std::array<std::uint8_t, 9> order = {{
[build]       |            ^
[build] C:\Users\pperv\code\unnamed_rpg\vendor\json\include\nlohmann/detail/value_t.hpp(93,11): warning: 'auto' type specifier is incompatible with C++98 [-Wc++98-compat]
[build]    93 |     const auto l_index = static_cast<std::size_t>(lhs);
[build]       |           ^~~~
[build] C:\Users\pperv\code\unnamed_rpg\vendor\json\include\nlohmann/detail/value_t.hpp(94,11): warning: 'auto' type specifier is incompatible with C++98 [-Wc++98-compat]
[build]    94 |     const auto r_index = static_cast<std::size_t>(rhs);
[build]       |           ^~~~
[build] In file included from C:\Users\pperv\code\unnamed_rpg\vendor\json-schema-validator\src\json-uri.cpp:9:
[build] In file included from C:\Users\pperv\code\unnamed_rpg\vendor\json-schema-validator\src\nlohmann/json-schema.hpp:24:
[build] In file included from C:\Users\pperv\code\unnamed_rpg\vendor\json\include\nlohmann/json.hpp:44:
[build] In file included from C:\Users\pperv\code\unnamed_rpg\vendor\json\include\nlohmann/adl_serializer.hpp:14:
[build] In file included from C:\Users\pperv\code\unnamed_rpg\vendor\json\include\nlohmann/detail/conversions/from_json.hpp:24:
[build] In file included from C:\Users\pperv\code\unnamed_rpg\vendor\json\include\nlohmann/detail/exceptions.hpp:21:
[build] C:\Users\pperv\code\unnamed_rpg\vendor\json\include\nlohmann/detail/string_escape.hpp(13,1): warning: empty macro arguments are incompatible with C++98 [-Wc++98-compat-pedantic]
[build]    13 | NLOHMANN_JSON_NAMESPACE_BEGIN
[build]       | ^
[build] C:\Users\pperv\code\unnamed_rpg\vendor\json\include\nlohmann/detail/abi_macros.hpp(102,17): note: expanded from macro 'NLOHMANN_JSON_NAMESPACE_BEGIN'
[build]   102 |                 NLOHMANN_JSON_ABI_TAGS,              \
[build]       |                 ^
[build] C:\Users\pperv\code\unnamed_rpg\vendor\json\include\nlohmann/detail/abi_macros.hpp(65,5): note: expanded from macro 'NLOHMANN_JSON_ABI_TAGS'
[build]    65 |     NLOHMANN_JSON_ABI_TAGS_CONCAT(                                   \
[build]       |     ^
[build] C:\Users\pperv\code\unnamed_rpg\vendor\json\include\nlohmann/detail/abi_macros.hpp(62,39): note: expanded from macro 'NLOHMANN_JSON_ABI_TAGS_CONCAT'
[build]    62 |     NLOHMANN_JSON_ABI_TAGS_CONCAT_EX(a, b, c)
[build]       |                                       ^
[build] In file included from C:\Users\pperv\code\unnamed_rpg\vendor\json-schema-validator\src\json-uri.cpp:9:
[build] In file included from C:\Users\pperv\code\unnamed_rpg\vendor\json-schema-validator\src\nlohmann/json-schema.hpp:24:
[build] In file included from C:\Users\pperv\code\unnamed_rpg\vendor\json\include\nlohmann/json.hpp:44:
[build] In file included from C:\Users\pperv\code\unnamed_rpg\vendor\json\include\nlohmann/adl_serializer.hpp:14:
[build] In file included from C:\Users\pperv\code\unnamed_rpg\vendor\json\include\nlohmann/detail/conversions/from_json.hpp:24:
[build] In file included from C:\Users\pperv\code\unnamed_rpg\vendor\json\include\nlohmann/detail/exceptions.hpp:21:
[build] C:\Users\pperv\code\unnamed_rpg\vendor\json\include\nlohmann/detail/string_escape.hpp(13,1): warning: empty macro arguments are incompatible with C++98 [-Wc++98-compat-pedantic]
[build] C:\Users\pperv\code\unnamed_rpg\vendor\json\include\nlohmann/detail/abi_macros.hpp(102,17): note: expanded from macro 'NLOHMANN_JSON_NAMESPACE_BEGIN'
[build]   102 |                 NLOHMANN_JSON_ABI_TAGS,              \
[build]       |                 ^
[build] C:\Users\pperv\code\unnamed_rpg\vendor\json\include\nlohmann/detail/abi_macros.hpp(65,5): note: expanded from macro 'NLOHMANN_JSON_ABI_TAGS'
[build]    65 |     NLOHMANN_JSON_ABI_TAGS_CONCAT(                                   \
[build]       |     ^
[build] C:\Users\pperv\code\unnamed_rpg\vendor\json\include\nlohmann/detail/abi_macros.hpp(62,42): note: expanded from macro 'NLOHMANN_JSON_ABI_TAGS_CONCAT'
[build]    62 |     NLOHMANN_JSON_ABI_TAGS_CONCAT_EX(a, b, c)
[build]       |                                          ^
[build] In file included from C:\Users\pperv\code\unnamed_rpg\vendor\json-schema-validator\src\json-uri.cpp:9:
[build] In file included from C:\Users\pperv\code\unnamed_rpg\vendor\json-schema-validator\src\nlohmann/json-schema.hpp:24:
[build] In file included from C:\Users\pperv\code\unnamed_rpg\vendor\json\include\nlohmann/json.hpp:44:
[build] In file included from C:\Users\pperv\code\unnamed_rpg\vendor\json\include\nlohmann/adl_serializer.hpp:14:
[build] In file included from C:\Users\pperv\code\unnamed_rpg\vendor\json\include\nlohmann/detail/conversions/from_json.hpp:24:
[build] In file included from C:\Users\pperv\code\unnamed_rpg\vendor\json\include\nlohmann/detail/exceptions.hpp:21:
[build] C:\Users\pperv\code\unnamed_rpg\vendor\json\include\nlohmann/detail/string_escape.hpp(13,1): warning: empty macro arguments are incompatible with C++98 [-Wc++98-compat-pedantic]
[build] C:\Users\pperv\code\unnamed_rpg\vendor\json\include\nlohmann/detail/abi_macros.hpp(102,17): note: expanded from macro 'NLOHMANN_JSON_NAMESPACE_BEGIN'
[build]   102 |                 NLOHMANN_JSON_ABI_TAGS,              \
[build]       |                 ^
[build] C:\Users\pperv\code\unnamed_rpg\vendor\json\include\nlohmann/detail/abi_macros.hpp(65,5): note: expanded from macro 'NLOHMANN_JSON_ABI_TAGS'
[build]    65 |     NLOHMANN_JSON_ABI_TAGS_CONCAT(                                   \
[build]       |     ^
[build] C:\Users\pperv\code\unnamed_rpg\vendor\json\include\nlohmann/detail/abi_macros.hpp(62,45): note: expanded from macro 'NLOHMANN_JSON_ABI_TAGS_CONCAT'
[build]    62 |     NLOHMANN_JSON_ABI_TAGS_CONCAT_EX(a, b, c)
[build]       |                                             ^
[build] In file included from C:\Users\pperv\code\unnamed_rpg\vendor\json-schema-validator\src\json-uri.cpp:9:
[build] In file included from C:\Users\pperv\code\unnamed_rpg\vendor\json-schema-validator\src\nlohmann/json-schema.hpp:24:
[build] In file included from C:\Users\pperv\code\unnamed_rpg\vendor\json\include\nlohmann/json.hpp:44:
[build] In file included from C:\Users\pperv\code\unnamed_rpg\vendor\json\include\nlohmann/adl_serializer.hpp:14:
[build] In file included from C:\Users\pperv\code\unnamed_rpg\vendor\json\include\nlohmann/detail/conversions/from_json.hpp:24:
[build] In file included from C:\Users\pperv\code\unnamed_rpg\vendor\json\include\nlohmann/detail/exceptions.hpp:21:
[build] C:\Users\pperv\code\unnamed_rpg\vendor\json\include\nlohmann/detail/string_escape.hpp(13,1): warning: inline namespaces are incompatible with C++98 [-Wc++98-compat]
[build] C:\Users\pperv\code\unnamed_rpg\vendor\json\include\nlohmann/detail/abi_macros.hpp(101,5): note: expanded from macro 'NLOHMANN_JSON_NAMESPACE_BEGIN'
[build]   101 |     inline namespace NLOHMANN_JSON_NAMESPACE_CONCAT( \
[build]       |     ^
[build] In file included from C:\Users\pperv\code\unnamed_rpg\vendor\json-schema-validator\src\json-uri.cpp:9:
[build] In file included from C:\Users\pperv\code\unnamed_rpg\vendor\json-schema-validator\src\nlohmann/json-schema.hpp:24:
[build] In file included from C:\Users\pperv\code\unnamed_rpg\vendor\json\include\nlohmann/json.hpp:44:
[build] In file included from C:\Users\pperv\code\unnamed_rpg\vendor\json\include\nlohmann/adl_serializer.hpp:14:
[build] In file included from C:\Users\pperv\code\unnamed_rpg\vendor\json\include\nlohmann/detail/conversions/from_json.hpp:24:
[build] In file included from C:\Users\pperv\code\unnamed_rpg\vendor\json\include\nlohmann/detail/exceptions.hpp:22:
[build] C:\Users\pperv\code\unnamed_rpg\vendor\json\include\nlohmann/detail/input/position_t.hpp(15,1): warning: empty macro arguments are incompatible with C++98 [-Wc++98-compat-pedantic]
[build]    15 | NLOHMANN_JSON_NAMESPACE_BEGIN
[build]       | ^
[build] C:\Users\pperv\code\unnamed_rpg\vendor\json\include\nlohmann/detail/abi_macros.hpp(102,17): note: expanded from macro 'NLOHMANN_JSON_NAMESPACE_BEGIN'
[build]   102 |                 NLOHMANN_JSON_ABI_TAGS,              \
[build]       |                 ^
[build] C:\Users\pperv\code\unnamed_rpg\vendor\json\include\nlohmann/detail/abi_macros.hpp(65,5): note: expanded from macro 'NLOHMANN_JSON_ABI_TAGS'
[build]    65 |     NLOHMANN_JSON_ABI_TAGS_CONCAT(                                   \
[build]       |     ^
[build] C:\Users\pperv\code\unnamed_rpg\vendor\json\include\nlohmann/detail/abi_macros.hpp(62,39): note: expanded from macro 'NLOHMANN_JSON_ABI_TAGS_CONCAT'
[build]    62 |     NLOHMANN_JSON_ABI_TAGS_CONCAT_EX(a, b, c)
[build]       |                                       ^
[build] In file included from C:\Users\pperv\code\unnamed_rpg\vendor\json-schema-validator\src\json-uri.cpp:9:
[build] In file included from C:\Users\pperv\code\unnamed_rpg\vendor\json-schema-validator\src\nlohmann/json-schema.hpp:24:
[build] In file included from C:\Users\pperv\code\unnamed_rpg\vendor\json\include\nlohmann/json.hpp:44:
[build] In file included from C:\Users\pperv\code\unnamed_rpg\vendor\json\include\nlohmann/adl_serializer.hpp:14:
[build] In file included from C:\Users\pperv\code\unnamed_rpg\vendor\json\include\nlohmann/detail/conversions/from_json.hpp:24:
[build] In file included from C:\Users\pperv\code\unnamed_rpg\vendor\json\include\nlohmann/detail/exceptions.hpp:22:
[build] C:\Users\pperv\code\unnamed_rpg\vendor\json\include\nlohmann/detail/input/position_t.hpp(15,1): warning: empty macro arguments are incompatible with C++98 [-Wc++98-compat-pedantic]
[build] C:\Users\pperv\code\unnamed_rpg\vendor\json\include\nlohmann/detail/abi_macros.hpp(102,17): note: expanded from macro 'NLOHMANN_JSON_NAMESPACE_BEGIN'
[build]   102 |                 NLOHMANN_JSON_ABI_TAGS,              \
[build]       |                 ^
[build] C:\Users\pperv\code\unnamed_rpg\vendor\json\include\nlohmann/detail/abi_macros.hpp(65,5): note: expanded from macro 'NLOHMANN_JSON_ABI_TAGS'
[build]    65 |     NLOHMANN_JSON_ABI_TAGS_CONCAT(                                   \
[build]       |     ^
[build] C:\Users\pperv\code\unnamed_rpg\vendor\json\include\nlohmann/detail/abi_macros.hpp(62,42): note: expanded from macro 'NLOHMANN_JSON_ABI_TAGS_CONCAT'
[build]    62 |     NLOHMANN_JSON_ABI_TAGS_CONCAT_EX(a, b, c)
[build]       |                                          ^
[build] In file included from C:\Users\pperv\code\unnamed_rpg\vendor\json-schema-validator\src\json-uri.cpp:9:
[build] In file included from C:\Users\pperv\code\unnamed_rpg\vendor\json-schema-validator\src\nlohmann/json-schema.hpp:24:
[build] In file included from C:\Users\pperv\code\unnamed_rpg\vendor\json\include\nlohmann/json.hpp:44:
[build] In file included from C:\Users\pperv\code\unnamed_rpg\vendor\json\include\nlohmann/adl_serializer.hpp:14:
[build] In file included from C:\Users\pperv\code\unnamed_rpg\vendor\json\include\nlohmann/detail/conversions/from_json.hpp:24:
[build] In file included from C:\Users\pperv\code\unnamed_rpg\vendor\json\include\nlohmann/detail/exceptions.hpp:22:
[build] C:\Users\pperv\code\unnamed_rpg\vendor\json\include\nlohmann/detail/input/position_t.hpp(15,1): warning: empty macro arguments are incompatible with C++98 [-Wc++98-compat-pedantic]
[build] C:\Users\pperv\code\unnamed_rpg\vendor\json\include\nlohmann/detail/abi_macros.hpp(102,17): note: expanded from macro 'NLOHMANN_JSON_NAMESPACE_BEGIN'
[build]   102 |                 NLOHMANN_JSON_ABI_TAGS,              \
[build]       |                 ^
[build] C:\Users\pperv\code\unnamed_rpg\vendor\json\include\nlohmann/detail/abi_macros.hpp(65,5): note: expanded from macro 'NLOHMANN_JSON_ABI_TAGS'
[build]    65 |     NLOHMANN_JSON_ABI_TAGS_CONCAT(                                   \
[build]       |     ^
[build] C:\Users\pperv\code\unnamed_rpg\vendor\json\include\nlohmann/detail/abi_macros.hpp(62,45): note: expanded from macro 'NLOHMANN_JSON_ABI_TAGS_CONCAT'
[build]    62 |     NLOHMANN_JSON_ABI_TAGS_CONCAT_EX(a, b, c)
[build]       |                                             ^
[build] In file included from C:\Users\pperv\code\unnamed_rpg\vendor\json-schema-validator\src\json-uri.cpp:9:
[build] In file included from C:\Users\pperv\code\unnamed_rpg\vendor\json-schema-validator\src\nlohmann/json-schema.hpp:24:
[build] In file included from C:\Users\pperv\code\unnamed_rpg\vendor\json\include\nlohmann/json.hpp:44:
[build] In file included from C:\Users\pperv\code\unnamed_rpg\vendor\json\include\nlohmann/adl_serializer.hpp:14:
[build] In file included from C:\Users\pperv\code\unnamed_rpg\vendor\json\include\nlohmann/detail/conversions/from_json.hpp:24:
[build] In file included from C:\Users\pperv\code\unnamed_rpg\vendor\json\include\nlohmann/detail/exceptions.hpp:22:
[build] C:\Users\pperv\code\unnamed_rpg\vendor\json\include\nlohmann/detail/input/position_t.hpp(15,1): warning: inline namespaces are incompatible with C++98 [-Wc++98-compat]
[build] C:\Users\pperv\code\unnamed_rpg\vendor\json\include\nlohmann/detail/abi_macros.hpp(101,5): note: expanded from macro 'NLOHMANN_JSON_NAMESPACE_BEGIN'
[build]   101 |     inline namespace NLOHMANN_JSON_NAMESPACE_CONCAT( \
[build]       |     ^
[build] In file included from C:\Users\pperv\code\unnamed_rpg\vendor\json-schema-validator\src\json-uri.cpp:9:
[build] In file included from C:\Users\pperv\code\unnamed_rpg\vendor\json-schema-validator\src\nlohmann/json-schema.hpp:24:
[build] In file included from C:\Users\pperv\code\unnamed_rpg\vendor\json\include\nlohmann/json.hpp:44:
[build] In file included from C:\Users\pperv\code\unnamed_rpg\vendor\json\include\nlohmann/adl_serializer.hpp:14:
[build] In file included from C:\Users\pperv\code\unnamed_rpg\vendor\json\include\nlohmann/detail/conversions/from_json.hpp:24:
[build] In file included from C:\Users\pperv\code\unnamed_rpg\vendor\json\include\nlohmann/detail/exceptions.hpp:22:
[build] C:\Users\pperv\code\unnamed_rpg\vendor\json\include\nlohmann/detail/input/position_t.hpp(23,34): warning: default member initializer for non-static data members is incompatible with C++98 [-Wc++98-compat]
[build]    23 |     std::size_t chars_read_total = 0;
[build]       |                                  ^
[build] C:\Users\pperv\code\unnamed_rpg\vendor\json\include\nlohmann/detail/input/position_t.hpp(25,41): warning: default member initializer for non-static data members is incompatible with C++98 [-Wc++98-compat]
[build]    25 |     std::size_t chars_read_current_line = 0;
[build]       |                                         ^
[build] C:\Users\pperv\code\unnamed_rpg\vendor\json\include\nlohmann/detail/input/position_t.hpp(27,28): warning: default member initializer for non-static data members is incompatible with C++98 [-Wc++98-compat]
[build]    27 |     std::size_t lines_read = 0;
[build]       |                            ^
[build] C:\Users\pperv\code\unnamed_rpg\vendor\json\include\nlohmann/detail/input/position_t.hpp(30,5): warning: 'constexpr' specifier is incompatible with C++98 [-Wc++98-compat]
[build]    30 |     constexpr operator size_t() const
[build]       |     ^
[build] In file included from C:\Users\pperv\code\unnamed_rpg\vendor\json-schema-validator\src\json-uri.cpp:9:
[build] In file included from C:\Users\pperv\code\unnamed_rpg\vendor\json-schema-validator\src\nlohmann/json-schema.hpp:24:
[build] In file included from C:\Users\pperv\code\unnamed_rpg\vendor\json\include\nlohmann/json.hpp:44:
[build] In file included from C:\Users\pperv\code\unnamed_rpg\vendor\json\include\nlohmann/adl_serializer.hpp:14:
[build] In file included from C:\Users\pperv\code\unnamed_rpg\vendor\json\include\nlohmann/detail/conversions/from_json.hpp:24:
[build] In file included from C:\Users\pperv\code\unnamed_rpg\vendor\json\include\nlohmann/detail/exceptions.hpp:24:
[build] C:\Users\pperv\code\unnamed_rpg\vendor\json\include\nlohmann/detail/meta/cpp_future.hpp(19,1): warning: empty macro arguments are incompatible with C++98 [-Wc++98-compat-pedantic]
[build]    19 | NLOHMANN_JSON_NAMESPACE_BEGIN
[build]       | ^
[build] C:\Users\pperv\code\unnamed_rpg\vendor\json\include\nlohmann/detail/abi_macros.hpp(102,17): note: expanded from macro 'NLOHMANN_JSON_NAMESPACE_BEGIN'
[build]   102 |                 NLOHMANN_JSON_ABI_TAGS,              \
[build]       |                 ^
[build] C:\Users\pperv\code\unnamed_rpg\vendor\json\include\nlohmann/detail/abi_macros.hpp(65,5): note: expanded from macro 'NLOHMANN_JSON_ABI_TAGS'
[build]    65 |     NLOHMANN_JSON_ABI_TAGS_CONCAT(                                   \
[build]       |     ^
[build] C:\Users\pperv\code\unnamed_rpg\vendor\json\include\nlohmann/detail/abi_macros.hpp(62,39): note: expanded from macro 'NLOHMANN_JSON_ABI_TAGS_CONCAT'
[build]    62 |     NLOHMANN_JSON_ABI_TAGS_CONCAT_EX(a, b, c)
[build]       |                                       ^
[build] In file included from C:\Users\pperv\code\unnamed_rpg\vendor\json-schema-validator\src\json-uri.cpp:9:
[build] In file included from C:\Users\pperv\code\unnamed_rpg\vendor\json-schema-validator\src\nlohmann/json-schema.hpp:24:
[build] In file included from C:\Users\pperv\code\unnamed_rpg\vendor\json\include\nlohmann/json.hpp:44:
[build] In file included from C:\Users\pperv\code\unnamed_rpg\vendor\json\include\nlohmann/adl_serializer.hpp:14:
[build] In file included from C:\Users\pperv\code\unnamed_rpg\vendor\json\include\nlohmann/detail/conversions/from_json.hpp:24:
[build] In file included from C:\Users\pperv\code\unnamed_rpg\vendor\json\include\nlohmann/detail/exceptions.hpp:24:
[build] C:\Users\pperv\code\unnamed_rpg\vendor\json\include\nlohmann/detail/meta/cpp_future.hpp(19,1): warning: empty macro arguments are incompatible with C++98 [-Wc++98-compat-pedantic]
[build] C:\Users\pperv\code\unnamed_rpg\vendor\json\include\nlohmann/detail/abi_macros.hpp(102,17): note: expanded from macro 'NLOHMANN_JSON_NAMESPACE_BEGIN'
[build]   102 |                 NLOHMANN_JSON_ABI_TAGS,              \
[build]       |                 ^
[build] C:\Users\pperv\code\unnamed_rpg\vendor\json\include\nlohmann/detail/abi_macros.hpp(65,5): note: expanded from macro 'NLOHMANN_JSON_ABI_TAGS'
[build]    65 |     NLOHMANN_JSON_ABI_TAGS_CONCAT(                                   \
[build]       |     ^
[build] C:\Users\pperv\code\unnamed_rpg\vendor\json\include\nlohmann/detail/abi_macros.hpp(62,42): note: expanded from macro 'NLOHMANN_JSON_ABI_TAGS_CONCAT'
[build]    62 |     NLOHMANN_JSON_ABI_TAGS_CONCAT_EX(a, b, c)
[build]       |                                          ^
[build] In file included from C:\Users\pperv\code\unnamed_rpg\vendor\json-schema-validator\src\json-uri.cpp:9:
[build] In file included from C:\Users\pperv\code\unnamed_rpg\vendor\json-schema-validator\src\nlohmann/json-schema.hpp:24:
[build] In file included from C:\Users\pperv\code\unnamed_rpg\vendor\json\include\nlohmann/json.hpp:44:
[build] In file included from C:\Users\pperv\code\unnamed_rpg\vendor\json\include\nlohmann/adl_serializer.hpp:14:
[build] In file included from C:\Users\pperv\code\unnamed_rpg\vendor\json\include\nlohmann/detail/conversions/from_json.hpp:24:
[build] In file included from C:\Users\pperv\code\unnamed_rpg\vendor\json\include\nlohmann/detail/exceptions.hpp:24:
[build] C:\Users\pperv\code\unnamed_rpg\vendor\json\include\nlohmann/detail/meta/cpp_future.hpp(19,1): warning: empty macro arguments are incompatible with C++98 [-Wc++98-compat-pedantic]
[build] C:\Users\pperv\code\unnamed_rpg\vendor\json\include\nlohmann/detail/abi_macros.hpp(102,17): note: expanded from macro 'NLOHMANN_JSON_NAMESPACE_BEGIN'
[build]   102 |                 NLOHMANN_JSON_ABI_TAGS,              \
[build]       |                 ^
[build] C:\Users\pperv\code\unnamed_rpg\vendor\json\include\nlohmann/detail/abi_macros.hpp(65,5): note: expanded from macro 'NLOHMANN_JSON_ABI_TAGS'
[build]    65 |     NLOHMANN_JSON_ABI_TAGS_CONCAT(                                   \
[build]       |     ^
[build] C:\Users\pperv\code\unnamed_rpg\vendor\json\include\nlohmann/detail/abi_macros.hpp(62,45): note: expanded from macro 'NLOHMANN_JSON_ABI_TAGS_CONCAT'
[build]    62 |     NLOHMANN_JSON_ABI_TAGS_CONCAT_EX(a, b, c)
[build]       |                                             ^
[build] In file included from C:\Users\pperv\code\unnamed_rpg\vendor\json-schema-validator\src\json-uri.cpp:9:
[build] In file included from C:\Users\pperv\code\unnamed_rpg\vendor\json-schema-validator\src\nlohmann/json-schema.hpp:24:
[build] In file included from C:\Users\pperv\code\unnamed_rpg\vendor\json\include\nlohmann/json.hpp:44:
[build] In file included from C:\Users\pperv\code\unnamed_rpg\vendor\json\include\nlohmann/adl_serializer.hpp:14:
[build] In file included from C:\Users\pperv\code\unnamed_rpg\vendor\json\include\nlohmann/detail/conversions/from_json.hpp:24:
[build] In file included from C:\Users\pperv\code\unnamed_rpg\vendor\json\include\nlohmann/detail/exceptions.hpp:24:
[build] C:\Users\pperv\code\unnamed_rpg\vendor\json\include\nlohmann/detail/meta/cpp_future.hpp(19,1): warning: inline namespaces are incompatible with C++98 [-Wc++98-compat]
[build] C:\Users\pperv\code\unnamed_rpg\vendor\json\include\nlohmann/detail/abi_macros.hpp(101,5): note: expanded from macro 'NLOHMANN_JSON_NAMESPACE_BEGIN'
[build]   101 |     inline namespace NLOHMANN_JSON_NAMESPACE_CONCAT( \
[build]       |     ^
[build] In file included from C:\Users\pperv\code\unnamed_rpg\vendor\json-schema-validator\src\json-uri.cpp:9:
[build] In file included from C:\Users\pperv\code\unnamed_rpg\vendor\json-schema-validator\src\nlohmann/json-schema.hpp:24:
[build] In file included from C:\Users\pperv\code\unnamed_rpg\vendor\json\include\nlohmann/json.hpp:44:
[build] In file included from C:\Users\pperv\code\unnamed_rpg\vendor\json\include\nlohmann/adl_serializer.hpp:14:
[build] In file included from C:\Users\pperv\code\unnamed_rpg\vendor\json\include\nlohmann/detail/conversions/from_json.hpp:24:
[build] In file included from C:\Users\pperv\code\unnamed_rpg\vendor\json\include\nlohmann/detail/exceptions.hpp:24:
[build] C:\Users\pperv\code\unnamed_rpg\vendor\json\include\nlohmann/detail/meta/cpp_future.hpp(24,19): warning: alias declarations are incompatible with C++98 [-Wc++98-compat]
[build]    24 | using uncvref_t = typename std::remove_cv<typename std::remove_reference<T>::type>::type;
[build]       |                   ^
[build] C:\Users\pperv\code\unnamed_rpg\vendor\json\include\nlohmann/detail/meta/cpp_future.hpp(156,33): warning: 'constexpr' specifier is incompatible with C++98 [-Wc++98-compat]
[build]   156 |     static JSON_INLINE_VARIABLE constexpr T value{};
[build]       |                                 ^
[build] C:\Users\pperv\code\unnamed_rpg\vendor\json\include\nlohmann/detail/meta/cpp_future.hpp(161,5): warning: 'constexpr' specifier is incompatible with C++98 [-Wc++98-compat]
[build]   161 |     constexpr T static_const<T>::value;
[build]       |     ^
[build] C:\Users\pperv\code\unnamed_rpg\vendor\json\include\nlohmann/detail/meta/cpp_future.hpp(161,34): warning: out-of-line definition of constexpr static data member is redundant in C++17 and is deprecated [-Wdeprecated-redundant-constexpr-static-def]
[build]   161 |     constexpr T static_const<T>::value;
[build]       |                                  ^
[build] C:\Users\pperv\code\unnamed_rpg\vendor\json\include\nlohmann/detail/meta/cpp_future.hpp(164,30): warning: variadic templates are incompatible with C++98 [-Wc++98-compat]
[build]   164 | template<typename T, typename... Args>
[build]       |                              ^
[build] C:\Users\pperv\code\unnamed_rpg\vendor\json\include\nlohmann/detail/meta/cpp_future.hpp(165,1): warning: 'constexpr' specifier is incompatible with C++98 [-Wc++98-compat]
[build]   165 | constexpr std::array<T, sizeof...(Args)> make_array(Args&& ... args)
[build]       | ^
[build] C:\Users\pperv\code\unnamed_rpg\vendor\json\include\nlohmann/detail/meta/cpp_future.hpp(165,57): warning: rvalue references are incompatible with C++98 [-Wc++98-compat]
[build]   165 | constexpr std::array<T, sizeof...(Args)> make_array(Args&& ... args)
[build]       |                                                         ^
[build] C:\Users\pperv\code\unnamed_rpg\vendor\json\include\nlohmann/detail/meta/cpp_future.hpp(167,43): warning: generalized initializer lists are incompatible with C++98 [-Wc++98-compat]
[build]   167 |     return std::array<T, sizeof...(Args)> {{static_cast<T>(std::forward<Args>(args))...}};
[build]       |                                           ^
[build] In file included from C:\Users\pperv\code\unnamed_rpg\vendor\json-schema-validator\src\json-uri.cpp:9:
[build] In file included from C:\Users\pperv\code\unnamed_rpg\vendor\json-schema-validator\src\nlohmann/json-schema.hpp:24:
[build] In file included from C:\Users\pperv\code\unnamed_rpg\vendor\json\include\nlohmann/json.hpp:44:
[build] In file included from C:\Users\pperv\code\unnamed_rpg\vendor\json\include\nlohmann/adl_serializer.hpp:14:
[build] In file included from C:\Users\pperv\code\unnamed_rpg\vendor\json\include\nlohmann/detail/conversions/from_json.hpp:24:
[build] In file included from C:\Users\pperv\code\unnamed_rpg\vendor\json\include\nlohmann/detail/exceptions.hpp:25:
[build] In file included from C:\Users\pperv\code\unnamed_rpg\vendor\json\include\nlohmann/detail/meta/type_traits.hpp:20:
[build] C:\Users\pperv\code\unnamed_rpg\vendor\json\include\nlohmann/detail/iterators/iterator_traits.hpp(17,1): warning: empty macro arguments are incompatible with C++98 [-Wc++98-compat-pedantic]
[build]    17 | NLOHMANN_JSON_NAMESPACE_BEGIN
[build]       | ^
[build] C:\Users\pperv\code\unnamed_rpg\vendor\json\include\nlohmann/detail/abi_macros.hpp(102,17): note: expanded from macro 'NLOHMANN_JSON_NAMESPACE_BEGIN'
[build]   102 |                 NLOHMANN_JSON_ABI_TAGS,              \
[build]       |                 ^
[build] C:\Users\pperv\code\unnamed_rpg\vendor\json\include\nlohmann/detail/abi_macros.hpp(65,5): note: expanded from macro 'NLOHMANN_JSON_ABI_TAGS'
[build]    65 |     NLOHMANN_JSON_ABI_TAGS_CONCAT(                                   \
[build]       |     ^
[build] C:\Users\pperv\code\unnamed_rpg\vendor\json\include\nlohmann/detail/abi_macros.hpp(62,39): note: expanded from macro 'NLOHMANN_JSON_ABI_TAGS_CONCAT'
[build]    62 |     NLOHMANN_JSON_ABI_TAGS_CONCAT_EX(a, b, c)
[build]       |                                       ^
[build] In file included from C:\Users\pperv\code\unnamed_rpg\vendor\json-schema-validator\src\json-uri.cpp:9:
[build] In file included from C:\Users\pperv\code\unnamed_rpg\vendor\json-schema-validator\src\nlohmann/json-schema.hpp:24:
[build] In file included from C:\Users\pperv\code\unnamed_rpg\vendor\json\include\nlohmann/json.hpp:44:
[build] In file included from C:\Users\pperv\code\unnamed_rpg\vendor\json\include\nlohmann/adl_serializer.hpp:14:
[build] In file included from C:\Users\pperv\code\unnamed_rpg\vendor\json\include\nlohmann/detail/conversions/from_json.hpp:24:
[build] In file included from C:\Users\pperv\code\unnamed_rpg\vendor\json\include\nlohmann/detail/exceptions.hpp:25:
[build] In file included from C:\Users\pperv\code\unnamed_rpg\vendor\json\include\nlohmann/detail/meta/type_traits.hpp:20:
[build] C:\Users\pperv\code\unnamed_rpg\vendor\json\include\nlohmann/detail/iterators/iterator_traits.hpp(17,1): warning: empty macro arguments are incompatible with C++98 [-Wc++98-compat-pedantic]
[build] C:\Users\pperv\code\unnamed_rpg\vendor\json\include\nlohmann/detail/abi_macros.hpp(102,17): note: expanded from macro 'NLOHMANN_JSON_NAMESPACE_BEGIN'
[build]   102 |                 NLOHMANN_JSON_ABI_TAGS,              \
[build]       |                 ^
[build] C:\Users\pperv\code\unnamed_rpg\vendor\json\include\nlohmann/detail/abi_macros.hpp(65,5): note: expanded from macro 'NLOHMANN_JSON_ABI_TAGS'
[build]    65 |     NLOHMANN_JSON_ABI_TAGS_CONCAT(                                   \
[build]       |     ^
[build] C:\Users\pperv\code\unnamed_rpg\vendor\json\include\nlohmann/detail/abi_macros.hpp(62,42): note: expanded from macro 'NLOHMANN_JSON_ABI_TAGS_CONCAT'
[build]    62 |     NLOHMANN_JSON_ABI_TAGS_CONCAT_EX(a, b, c)
[build]       |                                          ^
[build] In file included from C:\Users\pperv\code\unnamed_rpg\vendor\json-schema-validator\src\json-uri.cpp:9:
[build] In file included from C:\Users\pperv\code\unnamed_rpg\vendor\json-schema-validator\src\nlohmann/json-schema.hpp:24:
[build] In file included from C:\Users\pperv\code\unnamed_rpg\vendor\json\include\nlohmann/json.hpp:44:
[build] In file included from C:\Users\pperv\code\unnamed_rpg\vendor\json\include\nlohmann/adl_serializer.hpp:14:
[build] In file included from C:\Users\pperv\code\unnamed_rpg\vendor\json\include\nlohmann/detail/conversions/from_json.hpp:24:
[build] In file included from C:\Users\pperv\code\unnamed_rpg\vendor\json\include\nlohmann/detail/exceptions.hpp:25:
[build] In file included from C:\Users\pperv\code\unnamed_rpg\vendor\json\include\nlohmann/detail/meta/type_traits.hpp:20:
[build] C:\Users\pperv\code\unnamed_rpg\vendor\json\include\nlohmann/detail/iterators/iterator_traits.hpp(17,1): warning: empty macro arguments are incompatible with C++98 [-Wc++98-compat-pedantic]
[build] C:\Users\pperv\code\unnamed_rpg\vendor\json\include\nlohmann/detail/abi_macros.hpp(102,17): note: expanded from macro 'NLOHMANN_JSON_NAMESPACE_BEGIN'
[build]   102 |                 NLOHMANN_JSON_ABI_TAGS,              \
[build]       |                 ^
[build] C:\Users\pperv\code\unnamed_rpg\vendor\json\include\nlohmann/detail/abi_macros.hpp(65,5): note: expanded from macro 'NLOHMANN_JSON_ABI_TAGS'
[build]    65 |     NLOHMANN_JSON_ABI_TAGS_CONCAT(                                   \
[build]       |     ^
[build] C:\Users\pperv\code\unnamed_rpg\vendor\json\include\nlohmann/detail/abi_macros.hpp(62,45): note: expanded from macro 'NLOHMANN_JSON_ABI_TAGS_CONCAT'
[build]    62 |     NLOHMANN_JSON_ABI_TAGS_CONCAT_EX(a, b, c)
[build]       |                                             ^
[build] In file included from C:\Users\pperv\code\unnamed_rpg\vendor\json-schema-validator\src\json-uri.cpp:9:
[build] In file included from C:\Users\pperv\code\unnamed_rpg\vendor\json-schema-validator\src\nlohmann/json-schema.hpp:24:
[build] In file included from C:\Users\pperv\code\unnamed_rpg\vendor\json\include\nlohmann/json.hpp:44:
[build] In file included from C:\Users\pperv\code\unnamed_rpg\vendor\json\include\nlohmann/adl_serializer.hpp:14:
[build] In file included from C:\Users\pperv\code\unnamed_rpg\vendor\json\include\nlohmann/detail/conversions/from_json.hpp:24:
[build] In file included from C:\Users\pperv\code\unnamed_rpg\vendor\json\include\nlohmann/detail/exceptions.hpp:25:
[build] In file included from C:\Users\pperv\code\unnamed_rpg\vendor\json\include\nlohmann/detail/meta/type_traits.hpp:20:
[build] C:\Users\pperv\code\unnamed_rpg\vendor\json\include\nlohmann/detail/iterators/iterator_traits.hpp(17,1): warning: inline namespaces are incompatible with C++98 [-Wc++98-compat]
[build] C:\Users\pperv\code\unnamed_rpg\vendor\json\include\nlohmann/detail/abi_macros.hpp(101,5): note: expanded from macro 'NLOHMANN_JSON_NAMESPACE_BEGIN'
[build]   101 |     inline namespace NLOHMANN_JSON_NAMESPACE_CONCAT( \
[build]       |     ^
[build] In file included from C:\Users\pperv\code\unnamed_rpg\vendor\json-schema-validator\src\json-uri.cpp:9:
[build] In file included from C:\Users\pperv\code\unnamed_rpg\vendor\json-schema-validator\src\nlohmann/json-schema.hpp:24:
[build] In file included from C:\Users\pperv\code\unnamed_rpg\vendor\json\include\nlohmann/json.hpp:44:
[build] In file included from C:\Users\pperv\code\unnamed_rpg\vendor\json\include\nlohmann/adl_serializer.hpp:14:
[build] In file included from C:\Users\pperv\code\unnamed_rpg\vendor\json\include\nlohmann/detail/conversions/from_json.hpp:24:
[build] In file included from C:\Users\pperv\code\unnamed_rpg\vendor\json\include\nlohmann/detail/exceptions.hpp:25:
[build] In file included from C:\Users\pperv\code\unnamed_rpg\vendor\json\include\nlohmann/detail/meta/type_traits.hpp:20:
[build] C:\Users\pperv\code\unnamed_rpg\vendor\json\include\nlohmann/detail/iterators/iterator_traits.hpp(28,60): warning: consecutive right angle brackets are incompatible with C++98 (use '> >') [-Wc++98-compat]
[build]    28 |     typename It::reference, typename It::iterator_category >>
[build]       |                                                            ^~
[build]       |                                                            > >
[build] C:\Users\pperv\code\unnamed_rpg\vendor\json\include\nlohmann/detail/iterators/iterator_traits.hpp(30,29): warning: alias declarations are incompatible with C++98 [-Wc++98-compat]
[build]    30 |     using difference_type = typename It::difference_type;
[build]       |                             ^
[build] C:\Users\pperv\code\unnamed_rpg\vendor\json\include\nlohmann/detail/iterators/iterator_traits.hpp(31,24): warning: alias declarations are incompatible with C++98 [-Wc++98-compat]
[build]    31 |     using value_type = typename It::value_type;
[build]       |                        ^
[build] C:\Users\pperv\code\unnamed_rpg\vendor\json\include\nlohmann/detail/iterators/iterator_traits.hpp(32,21): warning: alias declarations are incompatible with C++98 [-Wc++98-compat]
[build]    32 |     using pointer = typename It::pointer;
[build]       |                     ^
[build] C:\Users\pperv\code\unnamed_rpg\vendor\json\include\nlohmann/detail/iterators/iterator_traits.hpp(33,23): warning: alias declarations are incompatible with C++98 [-Wc++98-compat]
[build]    33 |     using reference = typename It::reference;
[build]       |                       ^
[build] C:\Users\pperv\code\unnamed_rpg\vendor\json\include\nlohmann/detail/iterators/iterator_traits.hpp(34,31): warning: alias declarations are incompatible with C++98 [-Wc++98-compat]
[build]    34 |     using iterator_category = typename It::iterator_category;
[build]       |                               ^
[build] C:\Users\pperv\code\unnamed_rpg\vendor\json\include\nlohmann/detail/iterators/iterator_traits.hpp(45,70): warning: consecutive right angle brackets are incompatible with C++98 (use '> >') [-Wc++98-compat]
[build]    45 | struct iterator_traits < T, enable_if_t < !std::is_pointer<T>::value >>
[build]       |                                                                      ^~
[build]       |                                                                      > >
[build] C:\Users\pperv\code\unnamed_rpg\vendor\json\include\nlohmann/detail/iterators/iterator_traits.hpp(51,64): warning: consecutive right angle brackets are incompatible with C++98 (use '> >') [-Wc++98-compat]
[build]    51 | struct iterator_traits<T*, enable_if_t<std::is_object<T>::value>>
[build]       |                                                                ^~
[build]       |                                                                > >
[build] C:\Users\pperv\code\unnamed_rpg\vendor\json\include\nlohmann/detail/iterators/iterator_traits.hpp(53,31): warning: alias declarations are incompatible with C++98 [-Wc++98-compat]
[build]    53 |     using iterator_category = std::random_access_iterator_tag;
[build]       |                               ^
[build] C:\Users\pperv\code\unnamed_rpg\vendor\json\include\nlohmann/detail/iterators/iterator_traits.hpp(54,24): warning: alias declarations are incompatible with C++98 [-Wc++98-compat]
[build]    54 |     using value_type = T;
[build]       |                        ^
[build] C:\Users\pperv\code\unnamed_rpg\vendor\json\include\nlohmann/detail/iterators/iterator_traits.hpp(55,29): warning: alias declarations are incompatible with C++98 [-Wc++98-compat]
[build]    55 |     using difference_type = ptrdiff_t;
[build]       |                             ^
[build] C:\Users\pperv\code\unnamed_rpg\vendor\json\include\nlohmann/detail/iterators/iterator_traits.hpp(56,21): warning: alias declarations are incompatible with C++98 [-Wc++98-compat]
[build]    56 |     using pointer = T*;
[build]       |                     ^
[build] C:\Users\pperv\code\unnamed_rpg\vendor\json\include\nlohmann/detail/iterators/iterator_traits.hpp(57,23): warning: alias declarations are incompatible with C++98 [-Wc++98-compat]
[build]    57 |     using reference = T&;
[build]       |                       ^
[build] In file included from C:\Users\pperv\code\unnamed_rpg\vendor\json-schema-validator\src\json-uri.cpp:9:
[build] In file included from C:\Users\pperv\code\unnamed_rpg\vendor\json-schema-validator\src\nlohmann/json-schema.hpp:24:
[build] In file included from C:\Users\pperv\code\unnamed_rpg\vendor\json\include\nlohmann/json.hpp:44:
[build] In file included from C:\Users\pperv\code\unnamed_rpg\vendor\json\include\nlohmann/adl_serializer.hpp:14:
[build] In file included from C:\Users\pperv\code\unnamed_rpg\vendor\json\include\nlohmann/detail/conversions/from_json.hpp:24:
[build] In file included from C:\Users\pperv\code\unnamed_rpg\vendor\json\include\nlohmann/detail/exceptions.hpp:25:
[build] In file included from C:\Users\pperv\code\unnamed_rpg\vendor\json\include\nlohmann/detail/meta/type_traits.hpp:25:
[build] C:\Users\pperv\code\unnamed_rpg\vendor\json\include\nlohmann/detail/meta/call_std/begin.hpp(13,1): warning: empty macro arguments are incompatible with C++98 [-Wc++98-compat-pedantic]
[build]    13 | NLOHMANN_JSON_NAMESPACE_BEGIN
[build]       | ^
[build] C:\Users\pperv\code\unnamed_rpg\vendor\json\include\nlohmann/detail/abi_macros.hpp(102,17): note: expanded from macro 'NLOHMANN_JSON_NAMESPACE_BEGIN'
[build]   102 |                 NLOHMANN_JSON_ABI_TAGS,              \
[build]       |                 ^
[build] C:\Users\pperv\code\unnamed_rpg\vendor\json\include\nlohmann/detail/abi_macros.hpp(65,5): note: expanded from macro 'NLOHMANN_JSON_ABI_TAGS'
[build]    65 |     NLOHMANN_JSON_ABI_TAGS_CONCAT(                                   \
[build]       |     ^
[build] C:\Users\pperv\code\unnamed_rpg\vendor\json\include\nlohmann/detail/abi_macros.hpp(62,39): note: expanded from macro 'NLOHMANN_JSON_ABI_TAGS_CONCAT'
[build]    62 |     NLOHMANN_JSON_ABI_TAGS_CONCAT_EX(a, b, c)
[build]       |                                       ^
[build] In file included from C:\Users\pperv\code\unnamed_rpg\vendor\json-schema-validator\src\json-uri.cpp:9:
[build] In file included from C:\Users\pperv\code\unnamed_rpg\vendor\json-schema-validator\src\nlohmann/json-schema.hpp:24:
[build] In file included from C:\Users\pperv\code\unnamed_rpg\vendor\json\include\nlohmann/json.hpp:44:
[build] In file included from C:\Users\pperv\code\unnamed_rpg\vendor\json\include\nlohmann/adl_serializer.hpp:14:
[build] In file included from C:\Users\pperv\code\unnamed_rpg\vendor\json\include\nlohmann/detail/conversions/from_json.hpp:24:
[build] In file included from C:\Users\pperv\code\unnamed_rpg\vendor\json\include\nlohmann/detail/exceptions.hpp:25:
[build] In file included from C:\Users\pperv\code\unnamed_rpg\vendor\json\include\nlohmann/detail/meta/type_traits.hpp:25:
[build] C:\Users\pperv\code\unnamed_rpg\vendor\json\include\nlohmann/detail/meta/call_std/begin.hpp(13,1): warning: empty macro arguments are incompatible with C++98 [-Wc++98-compat-pedantic]
[build] C:\Users\pperv\code\unnamed_rpg\vendor\json\include\nlohmann/detail/abi_macros.hpp(102,17): note: expanded from macro 'NLOHMANN_JSON_NAMESPACE_BEGIN'
[build]   102 |                 NLOHMANN_JSON_ABI_TAGS,              \
[build]       |                 ^
[build] C:\Users\pperv\code\unnamed_rpg\vendor\json\include\nlohmann/detail/abi_macros.hpp(65,5): note: expanded from macro 'NLOHMANN_JSON_ABI_TAGS'
[build]    65 |     NLOHMANN_JSON_ABI_TAGS_CONCAT(                                   \
[build]       |     ^
[build] C:\Users\pperv\code\unnamed_rpg\vendor\json\include\nlohmann/detail/abi_macros.hpp(62,42): note: expanded from macro 'NLOHMANN_JSON_ABI_TAGS_CONCAT'
[build]    62 |     NLOHMANN_JSON_ABI_TAGS_CONCAT_EX(a, b, c)
[build]       |                                          ^
[build] In file included from C:\Users\pperv\code\unnamed_rpg\vendor\json-schema-validator\src\json-uri.cpp:9:
[build] In file included from C:\Users\pperv\code\unnamed_rpg\vendor\json-schema-validator\src\nlohmann/json-schema.hpp:24:
[build] In file included from C:\Users\pperv\code\unnamed_rpg\vendor\json\include\nlohmann/json.hpp:44:
[build] In file included from C:\Users\pperv\code\unnamed_rpg\vendor\json\include\nlohmann/adl_serializer.hpp:14:
[build] In file included from C:\Users\pperv\code\unnamed_rpg\vendor\json\include\nlohmann/detail/conversions/from_json.hpp:24:
[build] In file included from C:\Users\pperv\code\unnamed_rpg\vendor\json\include\nlohmann/detail/exceptions.hpp:25:
[build] In file included from C:\Users\pperv\code\unnamed_rpg\vendor\json\include\nlohmann/detail/meta/type_traits.hpp:25:
[build] C:\Users\pperv\code\unnamed_rpg\vendor\json\include\nlohmann/detail/meta/call_std/begin.hpp(13,1): warning: empty macro arguments are incompatible with C++98 [-Wc++98-compat-pedantic]
[build] C:\Users\pperv\code\unnamed_rpg\vendor\json\include\nlohmann/detail/abi_macros.hpp(102,17): note: expanded from macro 'NLOHMANN_JSON_NAMESPACE_BEGIN'
[build]   102 |                 NLOHMANN_JSON_ABI_TAGS,              \
[build]       |                 ^
[build] C:\Users\pperv\code\unnamed_rpg\vendor\json\include\nlohmann/detail/abi_macros.hpp(65,5): note: expanded from macro 'NLOHMANN_JSON_ABI_TAGS'
[build]    65 |     NLOHMANN_JSON_ABI_TAGS_CONCAT(                                   \
[build]       |     ^
[build] C:\Users\pperv\code\unnamed_rpg\vendor\json\include\nlohmann/detail/abi_macros.hpp(62,45): note: expanded from macro 'NLOHMANN_JSON_ABI_TAGS_CONCAT'
[build]    62 |     NLOHMANN_JSON_ABI_TAGS_CONCAT_EX(a, b, c)
[build]       |                                             ^
[build] In file included from C:\Users\pperv\code\unnamed_rpg\vendor\json-schema-validator\src\json-uri.cpp:9:
[build] In file included from C:\Users\pperv\code\unnamed_rpg\vendor\json-schema-validator\src\nlohmann/json-schema.hpp:24:
[build] In file included from C:\Users\pperv\code\unnamed_rpg\vendor\json\include\nlohmann/json.hpp:44:
[build] In file included from C:\Users\pperv\code\unnamed_rpg\vendor\json\include\nlohmann/adl_serializer.hpp:14:
[build] In file included from C:\Users\pperv\code\unnamed_rpg\vendor\json\include\nlohmann/detail/conversions/from_json.hpp:24:
[build] In file included from C:\Users\pperv\code\unnamed_rpg\vendor\json\include\nlohmann/detail/exceptions.hpp:25:
[build] In file included from C:\Users\pperv\code\unnamed_rpg\vendor\json\include\nlohmann/detail/meta/type_traits.hpp:25:
[build] C:\Users\pperv\code\unnamed_rpg\vendor\json\include\nlohmann/detail/meta/call_std/begin.hpp(13,1): warning: inline namespaces are incompatible with C++98 [-Wc++98-compat]
[build] C:\Users\pperv\code\unnamed_rpg\vendor\json\include\nlohmann/detail/abi_macros.hpp(101,5): note: expanded from macro 'NLOHMANN_JSON_NAMESPACE_BEGIN'
[build]   101 |     inline namespace NLOHMANN_JSON_NAMESPACE_CONCAT( \
[build]       |     ^
[build] In file included from C:\Users\pperv\code\unnamed_rpg\vendor\json-schema-validator\src\json-uri.cpp:9:
[build] In file included from C:\Users\pperv\code\unnamed_rpg\vendor\json-schema-validator\src\nlohmann/json-schema.hpp:24:
[build] In file included from C:\Users\pperv\code\unnamed_rpg\vendor\json\include\nlohmann/json.hpp:44:
[build] In file included from C:\Users\pperv\code\unnamed_rpg\vendor\json\include\nlohmann/adl_serializer.hpp:14:
[build] In file included from C:\Users\pperv\code\unnamed_rpg\vendor\json\include\nlohmann/detail/conversions/from_json.hpp:24:
[build] In file included from C:\Users\pperv\code\unnamed_rpg\vendor\json\include\nlohmann/detail/exceptions.hpp:25:
[build] In file included from C:\Users\pperv\code\unnamed_rpg\vendor\json\include\nlohmann/detail/meta/type_traits.hpp:25:
[build] C:\Users\pperv\code\unnamed_rpg\vendor\json\include\nlohmann/detail/meta/call_std/begin.hpp(15,1): warning: variadic templates are incompatible with C++98 [-Wc++98-compat]
[build]    15 | NLOHMANN_CAN_CALL_STD_FUNC_IMPL(begin);
[build]       | ^
[build] C:\Users\pperv\code\unnamed_rpg\vendor\json\include\nlohmann/detail/macro_scope.hpp(761,22): note: expanded from macro 'NLOHMANN_CAN_CALL_STD_FUNC_IMPL'
[build]   761 |     template<typename... T>                                                       \
[build]       |                      ^
[build] In file included from C:\Users\pperv\code\unnamed_rpg\vendor\json-schema-validator\src\json-uri.cpp:9:
[build] In file included from C:\Users\pperv\code\unnamed_rpg\vendor\json-schema-validator\src\nlohmann/json-schema.hpp:24:
[build] In file included from C:\Users\pperv\code\unnamed_rpg\vendor\json\include\nlohmann/json.hpp:44:
[build] In file included from C:\Users\pperv\code\unnamed_rpg\vendor\json\include\nlohmann/adl_serializer.hpp:14:
[build] In file included from C:\Users\pperv\code\unnamed_rpg\vendor\json\include\nlohmann/detail/conversions/from_json.hpp:24:
[build] In file included from C:\Users\pperv\code\unnamed_rpg\vendor\json\include\nlohmann/detail/exceptions.hpp:25:
[build] In file included from C:\Users\pperv\code\unnamed_rpg\vendor\json\include\nlohmann/detail/meta/type_traits.hpp:25:
[build] C:\Users\pperv\code\unnamed_rpg\vendor\json\include\nlohmann/detail/meta/call_std/begin.hpp(15,1): warning: alias declarations are incompatible with C++98 [-Wc++98-compat]
[build] C:\Users\pperv\code\unnamed_rpg\vendor\json\include\nlohmann/detail/macro_scope.hpp(762,34): note: expanded from macro 'NLOHMANN_CAN_CALL_STD_FUNC_IMPL'
[build]   762 |     using result_of_##std_name = decltype(std_name(std::declval<T>()...));        \
[build]       |                                  ^
[build] In file included from C:\Users\pperv\code\unnamed_rpg\vendor\json-schema-validator\src\json-uri.cpp:9:
[build] In file included from C:\Users\pperv\code\unnamed_rpg\vendor\json-schema-validator\src\nlohmann/json-schema.hpp:24:
[build] In file included from C:\Users\pperv\code\unnamed_rpg\vendor\json\include\nlohmann/json.hpp:44:
[build] In file included from C:\Users\pperv\code\unnamed_rpg\vendor\json\include\nlohmann/adl_serializer.hpp:14:
[build] In file included from C:\Users\pperv\code\unnamed_rpg\vendor\json\include\nlohmann/detail/conversions/from_json.hpp:24:
[build] In file included from C:\Users\pperv\code\unnamed_rpg\vendor\json\include\nlohmann/detail/exceptions.hpp:25:
[build] In file included from C:\Users\pperv\code\unnamed_rpg\vendor\json\include\nlohmann/detail/meta/type_traits.hpp:25:
[build] C:\Users\pperv\code\unnamed_rpg\vendor\json\include\nlohmann/detail/meta/call_std/begin.hpp(15,1): warning: 'decltype' type specifier is incompatible with C++98 [-Wc++98-compat]
[build] C:\Users\pperv\code\unnamed_rpg\vendor\json\include\nlohmann/detail/macro_scope.hpp(762,34): note: expanded from macro 'NLOHMANN_CAN_CALL_STD_FUNC_IMPL'
[build]   762 |     using result_of_##std_name = decltype(std_name(std::declval<T>()...));        \
[build]       |                                  ^
[build] In file included from C:\Users\pperv\code\unnamed_rpg\vendor\json-schema-validator\src\json-uri.cpp:9:
[build] In file included from C:\Users\pperv\code\unnamed_rpg\vendor\json-schema-validator\src\nlohmann/json-schema.hpp:24:
[build] In file included from C:\Users\pperv\code\unnamed_rpg\vendor\json\include\nlohmann/json.hpp:44:
[build] In file included from C:\Users\pperv\code\unnamed_rpg\vendor\json\include\nlohmann/adl_serializer.hpp:14:
[build] In file included from C:\Users\pperv\code\unnamed_rpg\vendor\json\include\nlohmann/detail/conversions/from_json.hpp:24:
[build] In file included from C:\Users\pperv\code\unnamed_rpg\vendor\json\include\nlohmann/detail/exceptions.hpp:25:
[build] In file included from C:\Users\pperv\code\unnamed_rpg\vendor\json\include\nlohmann/detail/meta/type_traits.hpp:25:
[build] C:\Users\pperv\code\unnamed_rpg\vendor\json\include\nlohmann/detail/meta/call_std/begin.hpp(15,1): warning: variadic templates are incompatible with C++98 [-Wc++98-compat]
[build] C:\Users\pperv\code\unnamed_rpg\vendor\json\include\nlohmann/detail/macro_scope.hpp(770,22): note: expanded from macro 'NLOHMANN_CAN_CALL_STD_FUNC_IMPL'
[build]   770 |     template<typename... T>                                                       \
[build]       |                      ^
[build] In file included from C:\Users\pperv\code\unnamed_rpg\vendor\json-schema-validator\src\json-uri.cpp:9:
[build] In file included from C:\Users\pperv\code\unnamed_rpg\vendor\json-schema-validator\src\nlohmann/json-schema.hpp:24:
[build] In file included from C:\Users\pperv\code\unnamed_rpg\vendor\json\include\nlohmann/json.hpp:44:
[build] In file included from C:\Users\pperv\code\unnamed_rpg\vendor\json\include\nlohmann/adl_serializer.hpp:14:
[build] In file included from C:\Users\pperv\code\unnamed_rpg\vendor\json\include\nlohmann/detail/conversions/from_json.hpp:24:
[build] In file included from C:\Users\pperv\code\unnamed_rpg\vendor\json\include\nlohmann/detail/exceptions.hpp:25:
[build] In file included from C:\Users\pperv\code\unnamed_rpg\vendor\json\include\nlohmann/detail/meta/type_traits.hpp:25:
[build] C:\Users\pperv\code\unnamed_rpg\vendor\json\include\nlohmann/detail/meta/call_std/begin.hpp(15,1): warning: rvalue references are incompatible with C++98 [-Wc++98-compat]
[build] C:\Users\pperv\code\unnamed_rpg\vendor\json\include\nlohmann/detail/macro_scope.hpp(771,30): note: expanded from macro 'NLOHMANN_CAN_CALL_STD_FUNC_IMPL'
[build]   771 |     std_name##_tag std_name(T&&...);                                              \
[build]       |                              ^
[build] In file included from C:\Users\pperv\code\unnamed_rpg\vendor\json-schema-validator\src\json-uri.cpp:9:
[build] In file included from C:\Users\pperv\code\unnamed_rpg\vendor\json-schema-validator\src\nlohmann/json-schema.hpp:24:
[build] In file included from C:\Users\pperv\code\unnamed_rpg\vendor\json\include\nlohmann/json.hpp:44:
[build] In file included from C:\Users\pperv\code\unnamed_rpg\vendor\json\include\nlohmann/adl_serializer.hpp:14:
[build] In file included from C:\Users\pperv\code\unnamed_rpg\vendor\json\include\nlohmann/detail/conversions/from_json.hpp:24:
[build] In file included from C:\Users\pperv\code\unnamed_rpg\vendor\json\include\nlohmann/detail/exceptions.hpp:25:
[build] In file included from C:\Users\pperv\code\unnamed_rpg\vendor\json\include\nlohmann/detail/meta/type_traits.hpp:25:
[build] C:\Users\pperv\code\unnamed_rpg\vendor\json\include\nlohmann/detail/meta/call_std/begin.hpp(15,1): warning: variadic templates are incompatible with C++98 [-Wc++98-compat]
[build] C:\Users\pperv\code\unnamed_rpg\vendor\json\include\nlohmann/detail/macro_scope.hpp(773,22): note: expanded from macro 'NLOHMANN_CAN_CALL_STD_FUNC_IMPL'
[build]   773 |     template<typename... T>                                                       \
[build]       |                      ^
[build] In file included from C:\Users\pperv\code\unnamed_rpg\vendor\json-schema-validator\src\json-uri.cpp:9:
[build] In file included from C:\Users\pperv\code\unnamed_rpg\vendor\json-schema-validator\src\nlohmann/json-schema.hpp:24:
[build] In file included from C:\Users\pperv\code\unnamed_rpg\vendor\json\include\nlohmann/json.hpp:44:
[build] In file included from C:\Users\pperv\code\unnamed_rpg\vendor\json\include\nlohmann/adl_serializer.hpp:14:
[build] In file included from C:\Users\pperv\code\unnamed_rpg\vendor\json\include\nlohmann/detail/conversions/from_json.hpp:24:
[build] In file included from C:\Users\pperv\code\unnamed_rpg\vendor\json\include\nlohmann/detail/exceptions.hpp:25:
[build] In file included from C:\Users\pperv\code\unnamed_rpg\vendor\json\include\nlohmann/detail/meta/type_traits.hpp:25:
[build] C:\Users\pperv\code\unnamed_rpg\vendor\json\include\nlohmann/detail/meta/call_std/begin.hpp(15,1): warning: alias declarations are incompatible with C++98 [-Wc++98-compat]
[build] C:\Users\pperv\code\unnamed_rpg\vendor\json\include\nlohmann/detail/macro_scope.hpp(774,34): note: expanded from macro 'NLOHMANN_CAN_CALL_STD_FUNC_IMPL'
[build]   774 |     using result_of_##std_name = decltype(std_name(std::declval<T>()...));        \
[build]       |                                  ^
[build] In file included from C:\Users\pperv\code\unnamed_rpg\vendor\json-schema-validator\src\json-uri.cpp:9:
[build] In file included from C:\Users\pperv\code\unnamed_rpg\vendor\json-schema-validator\src\nlohmann/json-schema.hpp:24:
[build] In file included from C:\Users\pperv\code\unnamed_rpg\vendor\json\include\nlohmann/json.hpp:44:
[build] In file included from C:\Users\pperv\code\unnamed_rpg\vendor\json\include\nlohmann/adl_serializer.hpp:14:
[build] In file included from C:\Users\pperv\code\unnamed_rpg\vendor\json\include\nlohmann/detail/conversions/from_json.hpp:24:
[build] In file included from C:\Users\pperv\code\unnamed_rpg\vendor\json\include\nlohmann/detail/exceptions.hpp:25:
[build] In file included from C:\Users\pperv\code\unnamed_rpg\vendor\json\include\nlohmann/detail/meta/type_traits.hpp:25:
[build] C:\Users\pperv\code\unnamed_rpg\vendor\json\include\nlohmann/detail/meta/call_std/begin.hpp(15,1): warning: 'decltype' type specifier is incompatible with C++98 [-Wc++98-compat]
[build] C:\Users\pperv\code\unnamed_rpg\vendor\json\include\nlohmann/detail/macro_scope.hpp(774,34): note: expanded from macro 'NLOHMANN_CAN_CALL_STD_FUNC_IMPL'
[build]   774 |     using result_of_##std_name = decltype(std_name(std::declval<T>()...));        \
[build]       |                                  ^
[build] In file included from C:\Users\pperv\code\unnamed_rpg\vendor\json-schema-validator\src\json-uri.cpp:9:
[build] In file included from C:\Users\pperv\code\unnamed_rpg\vendor\json-schema-validator\src\nlohmann/json-schema.hpp:24:
[build] In file included from C:\Users\pperv\code\unnamed_rpg\vendor\json\include\nlohmann/json.hpp:44:
[build] In file included from C:\Users\pperv\code\unnamed_rpg\vendor\json\include\nlohmann/adl_serializer.hpp:14:
[build] In file included from C:\Users\pperv\code\unnamed_rpg\vendor\json\include\nlohmann/detail/conversions/from_json.hpp:24:
[build] In file included from C:\Users\pperv\code\unnamed_rpg\vendor\json\include\nlohmann/detail/exceptions.hpp:25:
[build] In file included from C:\Users\pperv\code\unnamed_rpg\vendor\json\include\nlohmann/detail/meta/type_traits.hpp:25:
[build] C:\Users\pperv\code\unnamed_rpg\vendor\json\include\nlohmann/detail/meta/call_std/begin.hpp(15,1): warning: variadic templates are incompatible with C++98 [-Wc++98-compat]
[build] C:\Users\pperv\code\unnamed_rpg\vendor\json\include\nlohmann/detail/macro_scope.hpp(776,22): note: expanded from macro 'NLOHMANN_CAN_CALL_STD_FUNC_IMPL'
[build]   776 |     template<typename... T>                                                       \
[build]       |                      ^
[build] In file included from C:\Users\pperv\code\unnamed_rpg\vendor\json-schema-validator\src\json-uri.cpp:9:
[build] In file included from C:\Users\pperv\code\unnamed_rpg\vendor\json-schema-validator\src\nlohmann/json-schema.hpp:24:
[build] In file included from C:\Users\pperv\code\unnamed_rpg\vendor\json\include\nlohmann/json.hpp:44:
[build] In file included from C:\Users\pperv\code\unnamed_rpg\vendor\json\include\nlohmann/adl_serializer.hpp:14:
[build] In file included from C:\Users\pperv\code\unnamed_rpg\vendor\json\include\nlohmann/detail/conversions/from_json.hpp:24:
[build] In file included from C:\Users\pperv\code\unnamed_rpg\vendor\json\include\nlohmann/detail/exceptions.hpp:25:
[build] In file included from C:\Users\pperv\code\unnamed_rpg\vendor\json\include\nlohmann/detail/meta/type_traits.hpp:25:
[build] C:\Users\pperv\code\unnamed_rpg\vendor\json\include\nlohmann/detail/meta/call_std/begin.hpp(15,1): warning: 'constexpr' specifier is incompatible with C++98 [-Wc++98-compat]
[build] C:\Users\pperv\code\unnamed_rpg\vendor\json\include\nlohmann/detail/macro_scope.hpp(779,16): note: expanded from macro 'NLOHMANN_CAN_CALL_STD_FUNC_IMPL'
[build]   779 |         static constexpr auto const value = ::nlohmann::detail::                  \
[build]       |                ^
[build] In file included from C:\Users\pperv\code\unnamed_rpg\vendor\json-schema-validator\src\json-uri.cpp:9:
[build] In file included from C:\Users\pperv\code\unnamed_rpg\vendor\json-schema-validator\src\nlohmann/json-schema.hpp:24:
[build] In file included from C:\Users\pperv\code\unnamed_rpg\vendor\json\include\nlohmann/json.hpp:44:
[build] In file included from C:\Users\pperv\code\unnamed_rpg\vendor\json\include\nlohmann/adl_serializer.hpp:14:
[build] In file included from C:\Users\pperv\code\unnamed_rpg\vendor\json\include\nlohmann/detail/conversions/from_json.hpp:24:
[build] In file included from C:\Users\pperv\code\unnamed_rpg\vendor\json\include\nlohmann/detail/exceptions.hpp:25:
[build] In file included from C:\Users\pperv\code\unnamed_rpg\vendor\json\include\nlohmann/detail/meta/type_traits.hpp:25:
[build] C:\Users\pperv\code\unnamed_rpg\vendor\json\include\nlohmann/detail/meta/call_std/begin.hpp(15,1): warning: 'auto' type specifier is incompatible with C++98 [-Wc++98-compat]
[build]    15 | NLOHMANN_CAN_CALL_STD_FUNC_IMPL(begin);
[build]       | ^~~~~~~~~~~~~~~~~~~~~~~~~~~~~~~~~~~~~~
[build] C:\Users\pperv\code\unnamed_rpg\vendor\json\include\nlohmann/detail/macro_scope.hpp(779,26): note: expanded from macro 'NLOHMANN_CAN_CALL_STD_FUNC_IMPL'
[build]   779 |         static constexpr auto const value = ::nlohmann::detail::                  \
[build]       |                          ^~~~
[build] In file included from C:\Users\pperv\code\unnamed_rpg\vendor\json-schema-validator\src\json-uri.cpp:9:
[build] In file included from C:\Users\pperv\code\unnamed_rpg\vendor\json-schema-validator\src\nlohmann/json-schema.hpp:24:
[build] In file included from C:\Users\pperv\code\unnamed_rpg\vendor\json\include\nlohmann/json.hpp:44:
[build] In file included from C:\Users\pperv\code\unnamed_rpg\vendor\json\include\nlohmann/adl_serializer.hpp:14:
[build] In file included from C:\Users\pperv\code\unnamed_rpg\vendor\json\include\nlohmann/detail/conversions/from_json.hpp:24:
[build] In file included from C:\Users\pperv\code\unnamed_rpg\vendor\json\include\nlohmann/detail/exceptions.hpp:25:
[build] In file included from C:\Users\pperv\code\unnamed_rpg\vendor\json\include\nlohmann/detail/meta/type_traits.hpp:25:
[build] C:\Users\pperv\code\unnamed_rpg\vendor\json\include\nlohmann/detail/meta/call_std/begin.hpp(15,1): warning: variadic templates are incompatible with C++98 [-Wc++98-compat]
[build] C:\Users\pperv\code\unnamed_rpg\vendor\json\include\nlohmann/detail/macro_scope.hpp(784,22): note: expanded from macro 'NLOHMANN_CAN_CALL_STD_FUNC_IMPL'
[build]   784 |     template<typename... T>                                                       \
[build]       |                      ^
[build] In file included from C:\Users\pperv\code\unnamed_rpg\vendor\json-schema-validator\src\json-uri.cpp:9:
[build] In file included from C:\Users\pperv\code\unnamed_rpg\vendor\json-schema-validator\src\nlohmann/json-schema.hpp:24:
[build] In file included from C:\Users\pperv\code\unnamed_rpg\vendor\json\include\nlohmann/json.hpp:44:
[build] In file included from C:\Users\pperv\code\unnamed_rpg\vendor\json\include\nlohmann/adl_serializer.hpp:14:
[build] In file included from C:\Users\pperv\code\unnamed_rpg\vendor\json\include\nlohmann/detail/conversions/from_json.hpp:24:
[build] In file included from C:\Users\pperv\code\unnamed_rpg\vendor\json\include\nlohmann/detail/exceptions.hpp:25:
[build] In file included from C:\Users\pperv\code\unnamed_rpg\vendor\json\include\nlohmann/detail/meta/type_traits.hpp:26:
[build] C:\Users\pperv\code\unnamed_rpg\vendor\json\include\nlohmann/detail/meta/call_std/end.hpp(13,1): warning: empty macro arguments are incompatible with C++98 [-Wc++98-compat-pedantic]
[build]    13 | NLOHMANN_JSON_NAMESPACE_BEGIN
[build]       | ^
[build] C:\Users\pperv\code\unnamed_rpg\vendor\json\include\nlohmann/detail/abi_macros.hpp(102,17): note: expanded from macro 'NLOHMANN_JSON_NAMESPACE_BEGIN'
[build]   102 |                 NLOHMANN_JSON_ABI_TAGS,              \
[build]       |                 ^
[build] C:\Users\pperv\code\unnamed_rpg\vendor\json\include\nlohmann/detail/abi_macros.hpp(65,5): note: expanded from macro 'NLOHMANN_JSON_ABI_TAGS'
[build]    65 |     NLOHMANN_JSON_ABI_TAGS_CONCAT(                                   \
[build]       |     ^
[build] C:\Users\pperv\code\unnamed_rpg\vendor\json\include\nlohmann/detail/abi_macros.hpp(62,39): note: expanded from macro 'NLOHMANN_JSON_ABI_TAGS_CONCAT'
[build]    62 |     NLOHMANN_JSON_ABI_TAGS_CONCAT_EX(a, b, c)
[build]       |                                       ^
[build] In file included from C:\Users\pperv\code\unnamed_rpg\vendor\json-schema-validator\src\json-uri.cpp:9:
[build] In file included from C:\Users\pperv\code\unnamed_rpg\vendor\json-schema-validator\src\nlohmann/json-schema.hpp:24:
[build] In file included from C:\Users\pperv\code\unnamed_rpg\vendor\json\include\nlohmann/json.hpp:44:
[build] In file included from C:\Users\pperv\code\unnamed_rpg\vendor\json\include\nlohmann/adl_serializer.hpp:14:
[build] In file included from C:\Users\pperv\code\unnamed_rpg\vendor\json\include\nlohmann/detail/conversions/from_json.hpp:24:
[build] In file included from C:\Users\pperv\code\unnamed_rpg\vendor\json\include\nlohmann/detail/exceptions.hpp:25:
[build] In file included from C:\Users\pperv\code\unnamed_rpg\vendor\json\include\nlohmann/detail/meta/type_traits.hpp:26:
[build] C:\Users\pperv\code\unnamed_rpg\vendor\json\include\nlohmann/detail/meta/call_std/end.hpp(13,1): warning: empty macro arguments are incompatible with C++98 [-Wc++98-compat-pedantic]
[build] C:\Users\pperv\code\unnamed_rpg\vendor\json\include\nlohmann/detail/abi_macros.hpp(102,17): note: expanded from macro 'NLOHMANN_JSON_NAMESPACE_BEGIN'
[build]   102 |                 NLOHMANN_JSON_ABI_TAGS,              \
[build]       |                 ^
[build] C:\Users\pperv\code\unnamed_rpg\vendor\json\include\nlohmann/detail/abi_macros.hpp(65,5): note: expanded from macro 'NLOHMANN_JSON_ABI_TAGS'
[build]    65 |     NLOHMANN_JSON_ABI_TAGS_CONCAT(                                   \
[build]       |     ^
[build] C:\Users\pperv\code\unnamed_rpg\vendor\json\include\nlohmann/detail/abi_macros.hpp(62,42): note: expanded from macro 'NLOHMANN_JSON_ABI_TAGS_CONCAT'
[build]    62 |     NLOHMANN_JSON_ABI_TAGS_CONCAT_EX(a, b, c)
[build]       |                                          ^
[build] In file included from C:\Users\pperv\code\unnamed_rpg\vendor\json-schema-validator\src\json-uri.cpp:9:
[build] In file included from C:\Users\pperv\code\unnamed_rpg\vendor\json-schema-validator\src\nlohmann/json-schema.hpp:24:
[build] In file included from C:\Users\pperv\code\unnamed_rpg\vendor\json\include\nlohmann/json.hpp:44:
[build] In file included from C:\Users\pperv\code\unnamed_rpg\vendor\json\include\nlohmann/adl_serializer.hpp:14:
[build] In file included from C:\Users\pperv\code\unnamed_rpg\vendor\json\include\nlohmann/detail/conversions/from_json.hpp:24:
[build] In file included from C:\Users\pperv\code\unnamed_rpg\vendor\json\include\nlohmann/detail/exceptions.hpp:25:
[build] In file included from C:\Users\pperv\code\unnamed_rpg\vendor\json\include\nlohmann/detail/meta/type_traits.hpp:26:
[build] C:\Users\pperv\code\unnamed_rpg\vendor\json\include\nlohmann/detail/meta/call_std/end.hpp(13,1): warning: empty macro arguments are incompatible with C++98 [-Wc++98-compat-pedantic]
[build] C:\Users\pperv\code\unnamed_rpg\vendor\json\include\nlohmann/detail/abi_macros.hpp(102,17): note: expanded from macro 'NLOHMANN_JSON_NAMESPACE_BEGIN'
[build]   102 |                 NLOHMANN_JSON_ABI_TAGS,              \
[build]       |                 ^
[build] C:\Users\pperv\code\unnamed_rpg\vendor\json\include\nlohmann/detail/abi_macros.hpp(65,5): note: expanded from macro 'NLOHMANN_JSON_ABI_TAGS'
[build]    65 |     NLOHMANN_JSON_ABI_TAGS_CONCAT(                                   \
[build]       |     ^
[build] C:\Users\pperv\code\unnamed_rpg\vendor\json\include\nlohmann/detail/abi_macros.hpp(62,45): note: expanded from macro 'NLOHMANN_JSON_ABI_TAGS_CONCAT'
[build]    62 |     NLOHMANN_JSON_ABI_TAGS_CONCAT_EX(a, b, c)
[build]       |                                             ^
[build] In file included from C:\Users\pperv\code\unnamed_rpg\vendor\json-schema-validator\src\json-uri.cpp:9:
[build] In file included from C:\Users\pperv\code\unnamed_rpg\vendor\json-schema-validator\src\nlohmann/json-schema.hpp:24:
[build] In file included from C:\Users\pperv\code\unnamed_rpg\vendor\json\include\nlohmann/json.hpp:44:
[build] In file included from C:\Users\pperv\code\unnamed_rpg\vendor\json\include\nlohmann/adl_serializer.hpp:14:
[build] In file included from C:\Users\pperv\code\unnamed_rpg\vendor\json\include\nlohmann/detail/conversions/from_json.hpp:24:
[build] In file included from C:\Users\pperv\code\unnamed_rpg\vendor\json\include\nlohmann/detail/exceptions.hpp:25:
[build] In file included from C:\Users\pperv\code\unnamed_rpg\vendor\json\include\nlohmann/detail/meta/type_traits.hpp:26:
[build] C:\Users\pperv\code\unnamed_rpg\vendor\json\include\nlohmann/detail/meta/call_std/end.hpp(13,1): warning: inline namespaces are incompatible with C++98 [-Wc++98-compat]
[build] C:\Users\pperv\code\unnamed_rpg\vendor\json\include\nlohmann/detail/abi_macros.hpp(101,5): note: expanded from macro 'NLOHMANN_JSON_NAMESPACE_BEGIN'
[build]   101 |     inline namespace NLOHMANN_JSON_NAMESPACE_CONCAT( \
[build]       |     ^
[build] In file included from C:\Users\pperv\code\unnamed_rpg\vendor\json-schema-validator\src\json-uri.cpp:9:
[build] In file included from C:\Users\pperv\code\unnamed_rpg\vendor\json-schema-validator\src\nlohmann/json-schema.hpp:24:
[build] In file included from C:\Users\pperv\code\unnamed_rpg\vendor\json\include\nlohmann/json.hpp:44:
[build] In file included from C:\Users\pperv\code\unnamed_rpg\vendor\json\include\nlohmann/adl_serializer.hpp:14:
[build] In file included from C:\Users\pperv\code\unnamed_rpg\vendor\json\include\nlohmann/detail/conversions/from_json.hpp:24:
[build] In file included from C:\Users\pperv\code\unnamed_rpg\vendor\json\include\nlohmann/detail/exceptions.hpp:25:
[build] In file included from C:\Users\pperv\code\unnamed_rpg\vendor\json\include\nlohmann/detail/meta/type_traits.hpp:26:
[build] C:\Users\pperv\code\unnamed_rpg\vendor\json\include\nlohmann/detail/meta/call_std/end.hpp(15,1): warning: variadic templates are incompatible with C++98 [-Wc++98-compat]
[build]    15 | NLOHMANN_CAN_CALL_STD_FUNC_IMPL(end);
[build]       | ^
[build] C:\Users\pperv\code\unnamed_rpg\vendor\json\include\nlohmann/detail/macro_scope.hpp(761,22): note: expanded from macro 'NLOHMANN_CAN_CALL_STD_FUNC_IMPL'
[build]   761 |     template<typename... T>                                                       \
[build]       |                      ^
[build] In file included from C:\Users\pperv\code\unnamed_rpg\vendor\json-schema-validator\src\json-uri.cpp:9:
[build] In file included from C:\Users\pperv\code\unnamed_rpg\vendor\json-schema-validator\src\nlohmann/json-schema.hpp:24:
[build] In file included from C:\Users\pperv\code\unnamed_rpg\vendor\json\include\nlohmann/json.hpp:44:
[build] In file included from C:\Users\pperv\code\unnamed_rpg\vendor\json\include\nlohmann/adl_serializer.hpp:14:
[build] In file included from C:\Users\pperv\code\unnamed_rpg\vendor\json\include\nlohmann/detail/conversions/from_json.hpp:24:
[build] In file included from C:\Users\pperv\code\unnamed_rpg\vendor\json\include\nlohmann/detail/exceptions.hpp:25:
[build] In file included from C:\Users\pperv\code\unnamed_rpg\vendor\json\include\nlohmann/detail/meta/type_traits.hpp:26:
[build] C:\Users\pperv\code\unnamed_rpg\vendor\json\include\nlohmann/detail/meta/call_std/end.hpp(15,1): warning: alias declarations are incompatible with C++98 [-Wc++98-compat]
[build] C:\Users\pperv\code\unnamed_rpg\vendor\json\include\nlohmann/detail/macro_scope.hpp(762,34): note: expanded from macro 'NLOHMANN_CAN_CALL_STD_FUNC_IMPL'
[build]   762 |     using result_of_##std_name = decltype(std_name(std::declval<T>()...));        \
[build]       |                                  ^
[build] In file included from C:\Users\pperv\code\unnamed_rpg\vendor\json-schema-validator\src\json-uri.cpp:9:
[build] In file included from C:\Users\pperv\code\unnamed_rpg\vendor\json-schema-validator\src\nlohmann/json-schema.hpp:24:
[build] In file included from C:\Users\pperv\code\unnamed_rpg\vendor\json\include\nlohmann/json.hpp:44:
[build] In file included from C:\Users\pperv\code\unnamed_rpg\vendor\json\include\nlohmann/adl_serializer.hpp:14:
[build] In file included from C:\Users\pperv\code\unnamed_rpg\vendor\json\include\nlohmann/detail/conversions/from_json.hpp:24:
[build] In file included from C:\Users\pperv\code\unnamed_rpg\vendor\json\include\nlohmann/detail/exceptions.hpp:25:
[build] In file included from C:\Users\pperv\code\unnamed_rpg\vendor\json\include\nlohmann/detail/meta/type_traits.hpp:26:
[build] C:\Users\pperv\code\unnamed_rpg\vendor\json\include\nlohmann/detail/meta/call_std/end.hpp(15,1): warning: 'decltype' type specifier is incompatible with C++98 [-Wc++98-compat]
[build] C:\Users\pperv\code\unnamed_rpg\vendor\json\include\nlohmann/detail/macro_scope.hpp(762,34): note: expanded from macro 'NLOHMANN_CAN_CALL_STD_FUNC_IMPL'
[build]   762 |     using result_of_##std_name = decltype(std_name(std::declval<T>()...));        \
[build]       |                                  ^
[build] In file included from C:\Users\pperv\code\unnamed_rpg\vendor\json-schema-validator\src\json-uri.cpp:9:
[build] In file included from C:\Users\pperv\code\unnamed_rpg\vendor\json-schema-validator\src\nlohmann/json-schema.hpp:24:
[build] In file included from C:\Users\pperv\code\unnamed_rpg\vendor\json\include\nlohmann/json.hpp:44:
[build] In file included from C:\Users\pperv\code\unnamed_rpg\vendor\json\include\nlohmann/adl_serializer.hpp:14:
[build] In file included from C:\Users\pperv\code\unnamed_rpg\vendor\json\include\nlohmann/detail/conversions/from_json.hpp:24:
[build] In file included from C:\Users\pperv\code\unnamed_rpg\vendor\json\include\nlohmann/detail/exceptions.hpp:25:
[build] In file included from C:\Users\pperv\code\unnamed_rpg\vendor\json\include\nlohmann/detail/meta/type_traits.hpp:26:
[build] C:\Users\pperv\code\unnamed_rpg\vendor\json\include\nlohmann/detail/meta/call_std/end.hpp(15,1): warning: variadic templates are incompatible with C++98 [-Wc++98-compat]
[build] C:\Users\pperv\code\unnamed_rpg\vendor\json\include\nlohmann/detail/macro_scope.hpp(770,22): note: expanded from macro 'NLOHMANN_CAN_CALL_STD_FUNC_IMPL'
[build]   770 |     template<typename... T>                                                       \
[build]       |                      ^
[build] In file included from C:\Users\pperv\code\unnamed_rpg\vendor\json-schema-validator\src\json-uri.cpp:9:
[build] In file included from C:\Users\pperv\code\unnamed_rpg\vendor\json-schema-validator\src\nlohmann/json-schema.hpp:24:
[build] In file included from C:\Users\pperv\code\unnamed_rpg\vendor\json\include\nlohmann/json.hpp:44:
[build] In file included from C:\Users\pperv\code\unnamed_rpg\vendor\json\include\nlohmann/adl_serializer.hpp:14:
[build] In file included from C:\Users\pperv\code\unnamed_rpg\vendor\json\include\nlohmann/detail/conversions/from_json.hpp:24:
[build] In file included from C:\Users\pperv\code\unnamed_rpg\vendor\json\include\nlohmann/detail/exceptions.hpp:25:
[build] In file included from C:\Users\pperv\code\unnamed_rpg\vendor\json\include\nlohmann/detail/meta/type_traits.hpp:26:
[build] C:\Users\pperv\code\unnamed_rpg\vendor\json\include\nlohmann/detail/meta/call_std/end.hpp(15,1): warning: rvalue references are incompatible with C++98 [-Wc++98-compat]
[build] C:\Users\pperv\code\unnamed_rpg\vendor\json\include\nlohmann/detail/macro_scope.hpp(771,30): note: expanded from macro 'NLOHMANN_CAN_CALL_STD_FUNC_IMPL'
[build]   771 |     std_name##_tag std_name(T&&...);                                              \
[build]       |                              ^
[build] In file included from C:\Users\pperv\code\unnamed_rpg\vendor\json-schema-validator\src\json-uri.cpp:9:
[build] In file included from C:\Users\pperv\code\unnamed_rpg\vendor\json-schema-validator\src\nlohmann/json-schema.hpp:24:
[build] In file included from C:\Users\pperv\code\unnamed_rpg\vendor\json\include\nlohmann/json.hpp:44:
[build] In file included from C:\Users\pperv\code\unnamed_rpg\vendor\json\include\nlohmann/adl_serializer.hpp:14:
[build] In file included from C:\Users\pperv\code\unnamed_rpg\vendor\json\include\nlohmann/detail/conversions/from_json.hpp:24:
[build] In file included from C:\Users\pperv\code\unnamed_rpg\vendor\json\include\nlohmann/detail/exceptions.hpp:25:
[build] In file included from C:\Users\pperv\code\unnamed_rpg\vendor\json\include\nlohmann/detail/meta/type_traits.hpp:26:
[build] C:\Users\pperv\code\unnamed_rpg\vendor\json\include\nlohmann/detail/meta/call_std/end.hpp(15,1): warning: variadic templates are incompatible with C++98 [-Wc++98-compat]
[build] C:\Users\pperv\code\unnamed_rpg\vendor\json\include\nlohmann/detail/macro_scope.hpp(773,22): note: expanded from macro 'NLOHMANN_CAN_CALL_STD_FUNC_IMPL'
[build]   773 |     template<typename... T>                                                       \
[build]       |                      ^
[build] In file included from C:\Users\pperv\code\unnamed_rpg\vendor\json-schema-validator\src\json-uri.cpp:9:
[build] In file included from C:\Users\pperv\code\unnamed_rpg\vendor\json-schema-validator\src\nlohmann/json-schema.hpp:24:
[build] In file included from C:\Users\pperv\code\unnamed_rpg\vendor\json\include\nlohmann/json.hpp:44:
[build] In file included from C:\Users\pperv\code\unnamed_rpg\vendor\json\include\nlohmann/adl_serializer.hpp:14:
[build] In file included from C:\Users\pperv\code\unnamed_rpg\vendor\json\include\nlohmann/detail/conversions/from_json.hpp:24:
[build] In file included from C:\Users\pperv\code\unnamed_rpg\vendor\json\include\nlohmann/detail/exceptions.hpp:25:
[build] In file included from C:\Users\pperv\code\unnamed_rpg\vendor\json\include\nlohmann/detail/meta/type_traits.hpp:26:
[build] C:\Users\pperv\code\unnamed_rpg\vendor\json\include\nlohmann/detail/meta/call_std/end.hpp(15,1): warning: alias declarations are incompatible with C++98 [-Wc++98-compat]
[build] C:\Users\pperv\code\unnamed_rpg\vendor\json\include\nlohmann/detail/macro_scope.hpp(774,34): note: expanded from macro 'NLOHMANN_CAN_CALL_STD_FUNC_IMPL'
[build]   774 |     using result_of_##std_name = decltype(std_name(std::declval<T>()...));        \
[build]       |                                  ^
[build] In file included from C:\Users\pperv\code\unnamed_rpg\vendor\json-schema-validator\src\json-uri.cpp:9:
[build] In file included from C:\Users\pperv\code\unnamed_rpg\vendor\json-schema-validator\src\nlohmann/json-schema.hpp:24:
[build] In file included from C:\Users\pperv\code\unnamed_rpg\vendor\json\include\nlohmann/json.hpp:44:
[build] In file included from C:\Users\pperv\code\unnamed_rpg\vendor\json\include\nlohmann/adl_serializer.hpp:14:
[build] In file included from C:\Users\pperv\code\unnamed_rpg\vendor\json\include\nlohmann/detail/conversions/from_json.hpp:24:
[build] In file included from C:\Users\pperv\code\unnamed_rpg\vendor\json\include\nlohmann/detail/exceptions.hpp:25:
[build] In file included from C:\Users\pperv\code\unnamed_rpg\vendor\json\include\nlohmann/detail/meta/type_traits.hpp:26:
[build] C:\Users\pperv\code\unnamed_rpg\vendor\json\include\nlohmann/detail/meta/call_std/end.hpp(15,1): warning: 'decltype' type specifier is incompatible with C++98 [-Wc++98-compat]
[build] C:\Users\pperv\code\unnamed_rpg\vendor\json\include\nlohmann/detail/macro_scope.hpp(774,34): note: expanded from macro 'NLOHMANN_CAN_CALL_STD_FUNC_IMPL'
[build]   774 |     using result_of_##std_name = decltype(std_name(std::declval<T>()...));        \
[build]       |                                  ^
[build] In file included from C:\Users\pperv\code\unnamed_rpg\vendor\json-schema-validator\src\json-uri.cpp:9:
[build] In file included from C:\Users\pperv\code\unnamed_rpg\vendor\json-schema-validator\src\nlohmann/json-schema.hpp:24:
[build] In file included from C:\Users\pperv\code\unnamed_rpg\vendor\json\include\nlohmann/json.hpp:44:
[build] In file included from C:\Users\pperv\code\unnamed_rpg\vendor\json\include\nlohmann/adl_serializer.hpp:14:
[build] In file included from C:\Users\pperv\code\unnamed_rpg\vendor\json\include\nlohmann/detail/conversions/from_json.hpp:24:
[build] In file included from C:\Users\pperv\code\unnamed_rpg\vendor\json\include\nlohmann/detail/exceptions.hpp:25:
[build] In file included from C:\Users\pperv\code\unnamed_rpg\vendor\json\include\nlohmann/detail/meta/type_traits.hpp:26:
[build] C:\Users\pperv\code\unnamed_rpg\vendor\json\include\nlohmann/detail/meta/call_std/end.hpp(15,1): warning: variadic templates are incompatible with C++98 [-Wc++98-compat]
[build] C:\Users\pperv\code\unnamed_rpg\vendor\json\include\nlohmann/detail/macro_scope.hpp(776,22): note: expanded from macro 'NLOHMANN_CAN_CALL_STD_FUNC_IMPL'
[build]   776 |     template<typename... T>                                                       \
[build]       |                      ^
[build] In file included from C:\Users\pperv\code\unnamed_rpg\vendor\json-schema-validator\src\json-uri.cpp:9:
[build] In file included from C:\Users\pperv\code\unnamed_rpg\vendor\json-schema-validator\src\nlohmann/json-schema.hpp:24:
[build] In file included from C:\Users\pperv\code\unnamed_rpg\vendor\json\include\nlohmann/json.hpp:44:
[build] In file included from C:\Users\pperv\code\unnamed_rpg\vendor\json\include\nlohmann/adl_serializer.hpp:14:
[build] In file included from C:\Users\pperv\code\unnamed_rpg\vendor\json\include\nlohmann/detail/conversions/from_json.hpp:24:
[build] In file included from C:\Users\pperv\code\unnamed_rpg\vendor\json\include\nlohmann/detail/exceptions.hpp:25:
[build] In file included from C:\Users\pperv\code\unnamed_rpg\vendor\json\include\nlohmann/detail/meta/type_traits.hpp:26:
[build] C:\Users\pperv\code\unnamed_rpg\vendor\json\include\nlohmann/detail/meta/call_std/end.hpp(15,1): warning: 'constexpr' specifier is incompatible with C++98 [-Wc++98-compat]
[build] C:\Users\pperv\code\unnamed_rpg\vendor\json\include\nlohmann/detail/macro_scope.hpp(779,16): note: expanded from macro 'NLOHMANN_CAN_CALL_STD_FUNC_IMPL'
[build]   779 |         static constexpr auto const value = ::nlohmann::detail::                  \
[build]       |                ^
[build] In file included from C:\Users\pperv\code\unnamed_rpg\vendor\json-schema-validator\src\json-uri.cpp:9:
[build] In file included from C:\Users\pperv\code\unnamed_rpg\vendor\json-schema-validator\src\nlohmann/json-schema.hpp:24:
[build] In file included from C:\Users\pperv\code\unnamed_rpg\vendor\json\include\nlohmann/json.hpp:44:
[build] In file included from C:\Users\pperv\code\unnamed_rpg\vendor\json\include\nlohmann/adl_serializer.hpp:14:
[build] In file included from C:\Users\pperv\code\unnamed_rpg\vendor\json\include\nlohmann/detail/conversions/from_json.hpp:24:
[build] In file included from C:\Users\pperv\code\unnamed_rpg\vendor\json\include\nlohmann/detail/exceptions.hpp:25:
[build] In file included from C:\Users\pperv\code\unnamed_rpg\vendor\json\include\nlohmann/detail/meta/type_traits.hpp:26:
[build] C:\Users\pperv\code\unnamed_rpg\vendor\json\include\nlohmann/detail/meta/call_std/end.hpp(15,1): warning: 'auto' type specifier is incompatible with C++98 [-Wc++98-compat]
[build]    15 | NLOHMANN_CAN_CALL_STD_FUNC_IMPL(end);
[build]       | ^~~~~~~~~~~~~~~~~~~~~~~~~~~~~~~~~~~~
[build] C:\Users\pperv\code\unnamed_rpg\vendor\json\include\nlohmann/detail/macro_scope.hpp(779,26): note: expanded from macro 'NLOHMANN_CAN_CALL_STD_FUNC_IMPL'
[build]   779 |         static constexpr auto const value = ::nlohmann::detail::                  \
[build]       |                          ^~~~
[build] In file included from C:\Users\pperv\code\unnamed_rpg\vendor\json-schema-validator\src\json-uri.cpp:9:
[build] In file included from C:\Users\pperv\code\unnamed_rpg\vendor\json-schema-validator\src\nlohmann/json-schema.hpp:24:
[build] In file included from C:\Users\pperv\code\unnamed_rpg\vendor\json\include\nlohmann/json.hpp:44:
[build] In file included from C:\Users\pperv\code\unnamed_rpg\vendor\json\include\nlohmann/adl_serializer.hpp:14:
[build] In file included from C:\Users\pperv\code\unnamed_rpg\vendor\json\include\nlohmann/detail/conversions/from_json.hpp:24:
[build] In file included from C:\Users\pperv\code\unnamed_rpg\vendor\json\include\nlohmann/detail/exceptions.hpp:25:
[build] In file included from C:\Users\pperv\code\unnamed_rpg\vendor\json\include\nlohmann/detail/meta/type_traits.hpp:26:
[build] C:\Users\pperv\code\unnamed_rpg\vendor\json\include\nlohmann/detail/meta/call_std/end.hpp(15,1): warning: variadic templates are incompatible with C++98 [-Wc++98-compat]
[build] C:\Users\pperv\code\unnamed_rpg\vendor\json\include\nlohmann/detail/macro_scope.hpp(784,22): note: expanded from macro 'NLOHMANN_CAN_CALL_STD_FUNC_IMPL'
[build]   784 |     template<typename... T>                                                       \
[build]       |                      ^
[build] In file included from C:\Users\pperv\code\unnamed_rpg\vendor\json-schema-validator\src\json-uri.cpp:9:
[build] In file included from C:\Users\pperv\code\unnamed_rpg\vendor\json-schema-validator\src\nlohmann/json-schema.hpp:24:
[build] In file included from C:\Users\pperv\code\unnamed_rpg\vendor\json\include\nlohmann/json.hpp:44:
[build] In file included from C:\Users\pperv\code\unnamed_rpg\vendor\json\include\nlohmann/adl_serializer.hpp:14:
[build] In file included from C:\Users\pperv\code\unnamed_rpg\vendor\json\include\nlohmann/detail/conversions/from_json.hpp:24:
[build] In file included from C:\Users\pperv\code\unnamed_rpg\vendor\json\include\nlohmann/detail/exceptions.hpp:25:
[build] In file included from C:\Users\pperv\code\unnamed_rpg\vendor\json\include\nlohmann/detail/meta/type_traits.hpp:29:
[build] C:\Users\pperv\code\unnamed_rpg\vendor\json\include\nlohmann/json_fwd.hpp(25,1): warning: empty macro arguments are incompatible with C++98 [-Wc++98-compat-pedantic]
[build]    25 | NLOHMANN_JSON_NAMESPACE_BEGIN
[build]       | ^
[build] C:\Users\pperv\code\unnamed_rpg\vendor\json\include\nlohmann/detail/abi_macros.hpp(102,17): note: expanded from macro 'NLOHMANN_JSON_NAMESPACE_BEGIN'
[build]   102 |                 NLOHMANN_JSON_ABI_TAGS,              \
[build]       |                 ^
[build] C:\Users\pperv\code\unnamed_rpg\vendor\json\include\nlohmann/detail/abi_macros.hpp(65,5): note: expanded from macro 'NLOHMANN_JSON_ABI_TAGS'
[build]    65 |     NLOHMANN_JSON_ABI_TAGS_CONCAT(                                   \
[build]       |     ^
[build] C:\Users\pperv\code\unnamed_rpg\vendor\json\include\nlohmann/detail/abi_macros.hpp(62,39): note: expanded from macro 'NLOHMANN_JSON_ABI_TAGS_CONCAT'
[build]    62 |     NLOHMANN_JSON_ABI_TAGS_CONCAT_EX(a, b, c)
[build]       |                                       ^
[build] In file included from C:\Users\pperv\code\unnamed_rpg\vendor\json-schema-validator\src\json-uri.cpp:9:
[build] In file included from C:\Users\pperv\code\unnamed_rpg\vendor\json-schema-validator\src\nlohmann/json-schema.hpp:24:
[build] In file included from C:\Users\pperv\code\unnamed_rpg\vendor\json\include\nlohmann/json.hpp:44:
[build] In file included from C:\Users\pperv\code\unnamed_rpg\vendor\json\include\nlohmann/adl_serializer.hpp:14:
[build] In file included from C:\Users\pperv\code\unnamed_rpg\vendor\json\include\nlohmann/detail/conversions/from_json.hpp:24:
[build] In file included from C:\Users\pperv\code\unnamed_rpg\vendor\json\include\nlohmann/detail/exceptions.hpp:25:
[build] In file included from C:\Users\pperv\code\unnamed_rpg\vendor\json\include\nlohmann/detail/meta/type_traits.hpp:29:
[build] C:\Users\pperv\code\unnamed_rpg\vendor\json\include\nlohmann/json_fwd.hpp(25,1): warning: empty macro arguments are incompatible with C++98 [-Wc++98-compat-pedantic]
[build] C:\Users\pperv\code\unnamed_rpg\vendor\json\include\nlohmann/detail/abi_macros.hpp(102,17): note: expanded from macro 'NLOHMANN_JSON_NAMESPACE_BEGIN'
[build]   102 |                 NLOHMANN_JSON_ABI_TAGS,              \
[build]       |                 ^
[build] C:\Users\pperv\code\unnamed_rpg\vendor\json\include\nlohmann/detail/abi_macros.hpp(65,5): note: expanded from macro 'NLOHMANN_JSON_ABI_TAGS'
[build]    65 |     NLOHMANN_JSON_ABI_TAGS_CONCAT(                                   \
[build]       |     ^
[build] C:\Users\pperv\code\unnamed_rpg\vendor\json\include\nlohmann/detail/abi_macros.hpp(62,42): note: expanded from macro 'NLOHMANN_JSON_ABI_TAGS_CONCAT'
[build]    62 |     NLOHMANN_JSON_ABI_TAGS_CONCAT_EX(a, b, c)
[build]       |                                          ^
[build] In file included from C:\Users\pperv\code\unnamed_rpg\vendor\json-schema-validator\src\json-uri.cpp:9:
[build] In file included from C:\Users\pperv\code\unnamed_rpg\vendor\json-schema-validator\src\nlohmann/json-schema.hpp:24:
[build] In file included from C:\Users\pperv\code\unnamed_rpg\vendor\json\include\nlohmann/json.hpp:44:
[build] In file included from C:\Users\pperv\code\unnamed_rpg\vendor\json\include\nlohmann/adl_serializer.hpp:14:
[build] In file included from C:\Users\pperv\code\unnamed_rpg\vendor\json\include\nlohmann/detail/conversions/from_json.hpp:24:
[build] In file included from C:\Users\pperv\code\unnamed_rpg\vendor\json\include\nlohmann/detail/exceptions.hpp:25:
[build] In file included from C:\Users\pperv\code\unnamed_rpg\vendor\json\include\nlohmann/detail/meta/type_traits.hpp:29:
[build] C:\Users\pperv\code\unnamed_rpg\vendor\json\include\nlohmann/json_fwd.hpp(25,1): warning: empty macro arguments are incompatible with C++98 [-Wc++98-compat-pedantic]
[build] C:\Users\pperv\code\unnamed_rpg\vendor\json\include\nlohmann/detail/abi_macros.hpp(102,17): note: expanded from macro 'NLOHMANN_JSON_NAMESPACE_BEGIN'
[build]   102 |                 NLOHMANN_JSON_ABI_TAGS,              \
[build]       |                 ^
[build] C:\Users\pperv\code\unnamed_rpg\vendor\json\include\nlohmann/detail/abi_macros.hpp(65,5): note: expanded from macro 'NLOHMANN_JSON_ABI_TAGS'
[build]    65 |     NLOHMANN_JSON_ABI_TAGS_CONCAT(                                   \
[build]       |     ^
[build] C:\Users\pperv\code\unnamed_rpg\vendor\json\include\nlohmann/detail/abi_macros.hpp(62,45): note: expanded from macro 'NLOHMANN_JSON_ABI_TAGS_CONCAT'
[build]    62 |     NLOHMANN_JSON_ABI_TAGS_CONCAT_EX(a, b, c)
[build]       |                                             ^
[build] In file included from C:\Users\pperv\code\unnamed_rpg\vendor\json-schema-validator\src\json-uri.cpp:9:
[build] In file included from C:\Users\pperv\code\unnamed_rpg\vendor\json-schema-validator\src\nlohmann/json-schema.hpp:24:
[build] In file included from C:\Users\pperv\code\unnamed_rpg\vendor\json\include\nlohmann/json.hpp:44:
[build] In file included from C:\Users\pperv\code\unnamed_rpg\vendor\json\include\nlohmann/adl_serializer.hpp:14:
[build] In file included from C:\Users\pperv\code\unnamed_rpg\vendor\json\include\nlohmann/detail/conversions/from_json.hpp:24:
[build] In file included from C:\Users\pperv\code\unnamed_rpg\vendor\json\include\nlohmann/detail/exceptions.hpp:25:
[build] In file included from C:\Users\pperv\code\unnamed_rpg\vendor\json\include\nlohmann/detail/meta/type_traits.hpp:29:
[build] C:\Users\pperv\code\unnamed_rpg\vendor\json\include\nlohmann/json_fwd.hpp(25,1): warning: inline namespaces are incompatible with C++98 [-Wc++98-compat]
[build] C:\Users\pperv\code\unnamed_rpg\vendor\json\include\nlohmann/detail/abi_macros.hpp(101,5): note: expanded from macro 'NLOHMANN_JSON_NAMESPACE_BEGIN'
[build]   101 |     inline namespace NLOHMANN_JSON_NAMESPACE_CONCAT( \
[build]       |     ^
[build] In file included from C:\Users\pperv\code\unnamed_rpg\vendor\json-schema-validator\src\json-uri.cpp:9:
[build] In file included from C:\Users\pperv\code\unnamed_rpg\vendor\json-schema-validator\src\nlohmann/json-schema.hpp:24:
[build] In file included from C:\Users\pperv\code\unnamed_rpg\vendor\json\include\nlohmann/json.hpp:44:
[build] In file included from C:\Users\pperv\code\unnamed_rpg\vendor\json\include\nlohmann/adl_serializer.hpp:14:
[build] In file included from C:\Users\pperv\code\unnamed_rpg\vendor\json\include\nlohmann/detail/conversions/from_json.hpp:24:
[build] In file included from C:\Users\pperv\code\unnamed_rpg\vendor\json\include\nlohmann/detail/exceptions.hpp:25:
[build] In file included from C:\Users\pperv\code\unnamed_rpg\vendor\json\include\nlohmann/detail/meta/type_traits.hpp:29:
[build] C:\Users\pperv\code\unnamed_rpg\vendor\json\include\nlohmann/json_fwd.hpp(39,51): warning: variadic templates are incompatible with C++98 [-Wc++98-compat]
[build]    39 | template<template<typename U, typename V, typename... Args> class ObjectType =
[build]       |                                                   ^
[build] C:\Users\pperv\code\unnamed_rpg\vendor\json\include\nlohmann/json_fwd.hpp(41,39): warning: variadic templates are incompatible with C++98 [-Wc++98-compat]
[build]    41 |          template<typename U, typename... Args> class ArrayType = std::vector,
[build]       |                                       ^
[build] C:\Users\pperv\code\unnamed_rpg\vendor\json\include\nlohmann/json_fwd.hpp(62,14): warning: alias declarations are incompatible with C++98 [-Wc++98-compat]
[build]    62 | using json = basic_json<>;
[build]       |              ^
[build] C:\Users\pperv\code\unnamed_rpg\vendor\json\include\nlohmann/json_fwd.hpp(71,22): warning: alias declarations are incompatible with C++98 [-Wc++98-compat]
[build]    71 | using ordered_json = basic_json<nlohmann::ordered_map>;
[build]       |                      ^
[build] In file included from C:\Users\pperv\code\unnamed_rpg\vendor\json-schema-validator\src\json-uri.cpp:9:
[build] In file included from C:\Users\pperv\code\unnamed_rpg\vendor\json-schema-validator\src\nlohmann/json-schema.hpp:24:
[build] In file included from C:\Users\pperv\code\unnamed_rpg\vendor\json\include\nlohmann/json.hpp:44:
[build] In file included from C:\Users\pperv\code\unnamed_rpg\vendor\json\include\nlohmann/adl_serializer.hpp:14:
[build] In file included from C:\Users\pperv\code\unnamed_rpg\vendor\json\include\nlohmann/detail/conversions/from_json.hpp:24:
[build] In file included from C:\Users\pperv\code\unnamed_rpg\vendor\json\include\nlohmann/detail/exceptions.hpp:25:
[build] C:\Users\pperv\code\unnamed_rpg\vendor\json\include\nlohmann/detail/meta/type_traits.hpp(31,1): warning: empty macro arguments are incompatible with C++98 [-Wc++98-compat-pedantic]
[build]    31 | NLOHMANN_JSON_NAMESPACE_BEGIN
[build]       | ^
[build] C:\Users\pperv\code\unnamed_rpg\vendor\json\include\nlohmann/detail/abi_macros.hpp(102,17): note: expanded from macro 'NLOHMANN_JSON_NAMESPACE_BEGIN'
[build]   102 |                 NLOHMANN_JSON_ABI_TAGS,              \
[build]       |                 ^
[build] C:\Users\pperv\code\unnamed_rpg\vendor\json\include\nlohmann/detail/abi_macros.hpp(65,5): note: expanded from macro 'NLOHMANN_JSON_ABI_TAGS'
[build]    65 |     NLOHMANN_JSON_ABI_TAGS_CONCAT(                                   \
[build]       |     ^
[build] C:\Users\pperv\code\unnamed_rpg\vendor\json\include\nlohmann/detail/abi_macros.hpp(62,39): note: expanded from macro 'NLOHMANN_JSON_ABI_TAGS_CONCAT'
[build]    62 |     NLOHMANN_JSON_ABI_TAGS_CONCAT_EX(a, b, c)
[build]       |                                       ^
[build] In file included from C:\Users\pperv\code\unnamed_rpg\vendor\json-schema-validator\src\json-uri.cpp:9:
[build] In file included from C:\Users\pperv\code\unnamed_rpg\vendor\json-schema-validator\src\nlohmann/json-schema.hpp:24:
[build] In file included from C:\Users\pperv\code\unnamed_rpg\vendor\json\include\nlohmann/json.hpp:44:
[build] In file included from C:\Users\pperv\code\unnamed_rpg\vendor\json\include\nlohmann/adl_serializer.hpp:14:
[build] In file included from C:\Users\pperv\code\unnamed_rpg\vendor\json\include\nlohmann/detail/conversions/from_json.hpp:24:
[build] In file included from C:\Users\pperv\code\unnamed_rpg\vendor\json\include\nlohmann/detail/exceptions.hpp:25:
[build] C:\Users\pperv\code\unnamed_rpg\vendor\json\include\nlohmann/detail/meta/type_traits.hpp(31,1): warning: empty macro arguments are incompatible with C++98 [-Wc++98-compat-pedantic]
[build] C:\Users\pperv\code\unnamed_rpg\vendor\json\include\nlohmann/detail/abi_macros.hpp(102,17): note: expanded from macro 'NLOHMANN_JSON_NAMESPACE_BEGIN'
[build]   102 |                 NLOHMANN_JSON_ABI_TAGS,              \
[build]       |                 ^
[build] C:\Users\pperv\code\unnamed_rpg\vendor\json\include\nlohmann/detail/abi_macros.hpp(65,5): note: expanded from macro 'NLOHMANN_JSON_ABI_TAGS'
[build]    65 |     NLOHMANN_JSON_ABI_TAGS_CONCAT(                                   \
[build]       |     ^
[build] C:\Users\pperv\code\unnamed_rpg\vendor\json\include\nlohmann/detail/abi_macros.hpp(62,42): note: expanded from macro 'NLOHMANN_JSON_ABI_TAGS_CONCAT'
[build]    62 |     NLOHMANN_JSON_ABI_TAGS_CONCAT_EX(a, b, c)
[build]       |                                          ^
[build] In file included from C:\Users\pperv\code\unnamed_rpg\vendor\json-schema-validator\src\json-uri.cpp:9:
[build] In file included from C:\Users\pperv\code\unnamed_rpg\vendor\json-schema-validator\src\nlohmann/json-schema.hpp:24:
[build] In file included from C:\Users\pperv\code\unnamed_rpg\vendor\json\include\nlohmann/json.hpp:44:
[build] In file included from C:\Users\pperv\code\unnamed_rpg\vendor\json\include\nlohmann/adl_serializer.hpp:14:
[build] In file included from C:\Users\pperv\code\unnamed_rpg\vendor\json\include\nlohmann/detail/conversions/from_json.hpp:24:
[build] In file included from C:\Users\pperv\code\unnamed_rpg\vendor\json\include\nlohmann/detail/exceptions.hpp:25:
[build] C:\Users\pperv\code\unnamed_rpg\vendor\json\include\nlohmann/detail/meta/type_traits.hpp(31,1): warning: empty macro arguments are incompatible with C++98 [-Wc++98-compat-pedantic]
[build] C:\Users\pperv\code\unnamed_rpg\vendor\json\include\nlohmann/detail/abi_macros.hpp(102,17): note: expanded from macro 'NLOHMANN_JSON_NAMESPACE_BEGIN'
[build]   102 |                 NLOHMANN_JSON_ABI_TAGS,              \
[build]       |                 ^
[build] C:\Users\pperv\code\unnamed_rpg\vendor\json\include\nlohmann/detail/abi_macros.hpp(65,5): note: expanded from macro 'NLOHMANN_JSON_ABI_TAGS'
[build]    65 |     NLOHMANN_JSON_ABI_TAGS_CONCAT(                                   \
[build]       |     ^
[build] C:\Users\pperv\code\unnamed_rpg\vendor\json\include\nlohmann/detail/abi_macros.hpp(62,45): note: expanded from macro 'NLOHMANN_JSON_ABI_TAGS_CONCAT'
[build]    62 |     NLOHMANN_JSON_ABI_TAGS_CONCAT_EX(a, b, c)
[build]       |                                             ^
[build] In file included from C:\Users\pperv\code\unnamed_rpg\vendor\json-schema-validator\src\json-uri.cpp:9:
[build] In file included from C:\Users\pperv\code\unnamed_rpg\vendor\json-schema-validator\src\nlohmann/json-schema.hpp:24:
[build] In file included from C:\Users\pperv\code\unnamed_rpg\vendor\json\include\nlohmann/json.hpp:44:
[build] In file included from C:\Users\pperv\code\unnamed_rpg\vendor\json\include\nlohmann/adl_serializer.hpp:14:
[build] In file included from C:\Users\pperv\code\unnamed_rpg\vendor\json\include\nlohmann/detail/conversions/from_json.hpp:24:
[build] In file included from C:\Users\pperv\code\unnamed_rpg\vendor\json\include\nlohmann/detail/exceptions.hpp:25:
[build] C:\Users\pperv\code\unnamed_rpg\vendor\json\include\nlohmann/detail/meta/type_traits.hpp(31,1): warning: inline namespaces are incompatible with C++98 [-Wc++98-compat]
[build] C:\Users\pperv\code\unnamed_rpg\vendor\json\include\nlohmann/detail/abi_macros.hpp(101,5): note: expanded from macro 'NLOHMANN_JSON_NAMESPACE_BEGIN'
[build]   101 |     inline namespace NLOHMANN_JSON_NAMESPACE_CONCAT( \
[build]       |     ^
[build] In file included from C:\Users\pperv\code\unnamed_rpg\vendor\json-schema-validator\src\json-uri.cpp:9:
[build] In file included from C:\Users\pperv\code\unnamed_rpg\vendor\json-schema-validator\src\nlohmann/json-schema.hpp:24:
[build] In file included from C:\Users\pperv\code\unnamed_rpg\vendor\json\include\nlohmann/json.hpp:44:
[build] In file included from C:\Users\pperv\code\unnamed_rpg\vendor\json\include\nlohmann/adl_serializer.hpp:14:
[build] In file included from C:\Users\pperv\code\unnamed_rpg\vendor\json\include\nlohmann/detail/conversions/from_json.hpp:24:
[build] In file included from C:\Users\pperv\code\unnamed_rpg\vendor\json\include\nlohmann/detail/exceptions.hpp:25:
[build] C:\Users\pperv\code\unnamed_rpg\vendor\json\include\nlohmann/detail/meta/type_traits.hpp(58,1): warning: variadic templates are incompatible with C++98 [-Wc++98-compat]
[build]    58 | NLOHMANN_BASIC_JSON_TPL_DECLARATION
[build]       | ^
[build] C:\Users\pperv\code\unnamed_rpg\vendor\json\include\nlohmann/detail/macro_scope.hpp(337,51): note: expanded from macro 'NLOHMANN_BASIC_JSON_TPL_DECLARATION'
[build]   337 |     template<template<typename, typename, typename...> class ObjectType,   \
[build]       |                                                   ^
[build] In file included from C:\Users\pperv\code\unnamed_rpg\vendor\json-schema-validator\src\json-uri.cpp:9:
[build] In file included from C:\Users\pperv\code\unnamed_rpg\vendor\json-schema-validator\src\nlohmann/json-schema.hpp:24:
[build] In file included from C:\Users\pperv\code\unnamed_rpg\vendor\json\include\nlohmann/json.hpp:44:
[build] In file included from C:\Users\pperv\code\unnamed_rpg\vendor\json\include\nlohmann/adl_serializer.hpp:14:
[build] In file included from C:\Users\pperv\code\unnamed_rpg\vendor\json\include\nlohmann/detail/conversions/from_json.hpp:24:
[build] In file included from C:\Users\pperv\code\unnamed_rpg\vendor\json\include\nlohmann/detail/exceptions.hpp:25:
[build] C:\Users\pperv\code\unnamed_rpg\vendor\json\include\nlohmann/detail/meta/type_traits.hpp(58,1): warning: variadic templates are incompatible with C++98 [-Wc++98-compat]
[build] C:\Users\pperv\code\unnamed_rpg\vendor\json\include\nlohmann/detail/macro_scope.hpp(338,41): note: expanded from macro 'NLOHMANN_BASIC_JSON_TPL_DECLARATION'
[build]   338 |              template<typename, typename...> class ArrayType,              \
[build]       |                                         ^
[build] In file included from C:\Users\pperv\code\unnamed_rpg\vendor\json-schema-validator\src\json-uri.cpp:9:
[build] In file included from C:\Users\pperv\code\unnamed_rpg\vendor\json-schema-validator\src\nlohmann/json-schema.hpp:24:
[build] In file included from C:\Users\pperv\code\unnamed_rpg\vendor\json\include\nlohmann/json.hpp:44:
[build] In file included from C:\Users\pperv\code\unnamed_rpg\vendor\json\include\nlohmann/adl_serializer.hpp:14:
[build] In file included from C:\Users\pperv\code\unnamed_rpg\vendor\json\include\nlohmann/detail/conversions/from_json.hpp:24:
[build] In file included from C:\Users\pperv\code\unnamed_rpg\vendor\json\include\nlohmann/detail/exceptions.hpp:25:
[build] C:\Users\pperv\code\unnamed_rpg\vendor\json\include\nlohmann/detail/meta/type_traits.hpp(82,30): warning: consecutive right angle brackets are incompatible with C++98 (use '> >') [-Wc++98-compat]
[build]    82 | struct is_json_ref<json_ref<T>> : std::true_type {};
[build]       |                              ^~
[build]       |                              > >
[build] C:\Users\pperv\code\unnamed_rpg\vendor\json\include\nlohmann/detail/meta/type_traits.hpp(89,23): warning: alias declarations are incompatible with C++98 [-Wc++98-compat]
[build]    89 | using mapped_type_t = typename T::mapped_type;
[build]       |                       ^
[build] C:\Users\pperv\code\unnamed_rpg\vendor\json\include\nlohmann/detail/meta/type_traits.hpp(92,20): warning: alias declarations are incompatible with C++98 [-Wc++98-compat]
[build]    92 | using key_type_t = typename T::key_type;
[build]       |                    ^
[build] C:\Users\pperv\code\unnamed_rpg\vendor\json\include\nlohmann/detail/meta/type_traits.hpp(95,22): warning: alias declarations are incompatible with C++98 [-Wc++98-compat]
[build]    95 | using value_type_t = typename T::value_type;
[build]       |                      ^
[build] C:\Users\pperv\code\unnamed_rpg\vendor\json\include\nlohmann/detail/meta/type_traits.hpp(98,27): warning: alias declarations are incompatible with C++98 [-Wc++98-compat]
[build]    98 | using difference_type_t = typename T::difference_type;
[build]       |                           ^
[build] C:\Users\pperv\code\unnamed_rpg\vendor\json\include\nlohmann/detail/meta/type_traits.hpp(101,19): warning: alias declarations are incompatible with C++98 [-Wc++98-compat]
[build]   101 | using pointer_t = typename T::pointer;
[build]       |                   ^
[build] C:\Users\pperv\code\unnamed_rpg\vendor\json\include\nlohmann/detail/meta/type_traits.hpp(104,21): warning: alias declarations are incompatible with C++98 [-Wc++98-compat]
[build]   104 | using reference_t = typename T::reference;
[build]       |                     ^
[build] C:\Users\pperv\code\unnamed_rpg\vendor\json\include\nlohmann/detail/meta/type_traits.hpp(107,29): warning: alias declarations are incompatible with C++98 [-Wc++98-compat]
[build]   107 | using iterator_category_t = typename T::iterator_category;
[build]       |                             ^
[build] C:\Users\pperv\code\unnamed_rpg\vendor\json\include\nlohmann/detail/meta/type_traits.hpp(109,30): warning: variadic templates are incompatible with C++98 [-Wc++98-compat]
[build]   109 | template<typename T, typename... Args>
[build]       |                              ^
[build] C:\Users\pperv\code\unnamed_rpg\vendor\json\include\nlohmann/detail/meta/type_traits.hpp(110,26): warning: alias declarations are incompatible with C++98 [-Wc++98-compat]
[build]   110 | using to_json_function = decltype(T::to_json(std::declval<Args>()...));
[build]       |                          ^
[build] C:\Users\pperv\code\unnamed_rpg\vendor\json\include\nlohmann/detail/meta/type_traits.hpp(110,26): warning: 'decltype' type specifier is incompatible with C++98 [-Wc++98-compat]
[build] C:\Users\pperv\code\unnamed_rpg\vendor\json\include\nlohmann/detail/meta/type_traits.hpp(112,30): warning: variadic templates are incompatible with C++98 [-Wc++98-compat]
[build]   112 | template<typename T, typename... Args>
[build]       |                              ^
[build] C:\Users\pperv\code\unnamed_rpg\vendor\json\include\nlohmann/detail/meta/type_traits.hpp(113,28): warning: alias declarations are incompatible with C++98 [-Wc++98-compat]
[build]   113 | using from_json_function = decltype(T::from_json(std::declval<Args>()...));
[build]       |                            ^
[build] C:\Users\pperv\code\unnamed_rpg\vendor\json\include\nlohmann/detail/meta/type_traits.hpp(113,28): warning: 'decltype' type specifier is incompatible with C++98 [-Wc++98-compat]
[build] C:\Users\pperv\code\unnamed_rpg\vendor\json\include\nlohmann/detail/meta/type_traits.hpp(116,31): warning: alias declarations are incompatible with C++98 [-Wc++98-compat]
[build]   116 | using get_template_function = decltype(std::declval<T>().template get<U>());
[build]       |                               ^
[build] C:\Users\pperv\code\unnamed_rpg\vendor\json\include\nlohmann/detail/meta/type_traits.hpp(116,31): warning: 'decltype' type specifier is incompatible with C++98 [-Wc++98-compat]
[build] C:\Users\pperv\code\unnamed_rpg\vendor\json\include\nlohmann/detail/meta/type_traits.hpp(129,12): warning: 'constexpr' specifier is incompatible with C++98 [-Wc++98-compat]
[build]   129 |     static constexpr bool value = is_detected<get_template_function, const BasicJsonType&, T>::value;
[build]       |            ^
[build] C:\Users\pperv\code\unnamed_rpg\vendor\json\include\nlohmann/detail/meta/type_traits.hpp(133,81): warning: consecutive right angle brackets are incompatible with C++98 (use '> >') [-Wc++98-compat]
[build]   133 | struct has_from_json < BasicJsonType, T, enable_if_t < !is_basic_json<T>::value >>
[build]       |                                                                                 ^~
[build]       |                                                                                 > >
[build] C:\Users\pperv\code\unnamed_rpg\vendor\json\include\nlohmann/detail/meta/type_traits.hpp(135,24): warning: alias declarations are incompatible with C++98 [-Wc++98-compat]
[build]   135 |     using serializer = typename BasicJsonType::template json_serializer<T, void>;
[build]       |                        ^
[build] C:\Users\pperv\code\unnamed_rpg\vendor\json\include\nlohmann/detail/meta/type_traits.hpp(137,12): warning: 'constexpr' specifier is incompatible with C++98 [-Wc++98-compat]
[build]   137 |     static constexpr bool value =
[build]       |            ^
[build] C:\Users\pperv\code\unnamed_rpg\vendor\json\include\nlohmann/detail/meta/type_traits.hpp(148,93): warning: consecutive right angle brackets are incompatible with C++98 (use '> >') [-Wc++98-compat]
[build]   148 | struct has_non_default_from_json < BasicJsonType, T, enable_if_t < !is_basic_json<T>::value >>
[build]       |                                                                                             ^~
[build]       |                                                                                             > >
[build] C:\Users\pperv\code\unnamed_rpg\vendor\json\include\nlohmann/detail/meta/type_traits.hpp(150,24): warning: alias declarations are incompatible with C++98 [-Wc++98-compat]
[build]   150 |     using serializer = typename BasicJsonType::template json_serializer<T, void>;
[build]       |                        ^
[build] C:\Users\pperv\code\unnamed_rpg\vendor\json\include\nlohmann/detail/meta/type_traits.hpp(152,12): warning: 'constexpr' specifier is incompatible with C++98 [-Wc++98-compat]
[build]   152 |     static constexpr bool value =
[build]       |            ^
[build] C:\Users\pperv\code\unnamed_rpg\vendor\json\include\nlohmann/detail/meta/type_traits.hpp(163,79): warning: consecutive right angle brackets are incompatible with C++98 (use '> >') [-Wc++98-compat]
[build]   163 | struct has_to_json < BasicJsonType, T, enable_if_t < !is_basic_json<T>::value >>
[build]       |                                                                               ^~
[build]       |                                                                               > >
[build] C:\Users\pperv\code\unnamed_rpg\vendor\json\include\nlohmann/detail/meta/type_traits.hpp(165,24): warning: alias declarations are incompatible with C++98 [-Wc++98-compat]
[build]   165 |     using serializer = typename BasicJsonType::template json_serializer<T, void>;
[build]       |                        ^
[build] C:\Users\pperv\code\unnamed_rpg\vendor\json\include\nlohmann/detail/meta/type_traits.hpp(167,12): warning: 'constexpr' specifier is incompatible with C++98 [-Wc++98-compat]
[build]   167 |     static constexpr bool value =
[build]       |            ^
[build] C:\Users\pperv\code\unnamed_rpg\vendor\json\include\nlohmann/detail/meta/type_traits.hpp(173,28): warning: alias declarations are incompatible with C++98 [-Wc++98-compat]
[build]   173 | using detect_key_compare = typename T::key_compare;
[build]       |                            ^
[build] C:\Users\pperv\code\unnamed_rpg\vendor\json\include\nlohmann/detail/meta/type_traits.hpp(182,22): warning: alias declarations are incompatible with C++98 [-Wc++98-compat]
[build]   182 |     using object_t = typename BasicJsonType::object_t;
[build]       |                      ^
[build] C:\Users\pperv\code\unnamed_rpg\vendor\json\include\nlohmann/detail/meta/type_traits.hpp(183,33): warning: alias declarations are incompatible with C++98 [-Wc++98-compat]
[build]   183 |     using object_comparator_t = typename BasicJsonType::default_object_comparator_t;
[build]       |                                 ^
[build] C:\Users\pperv\code\unnamed_rpg\vendor\json\include\nlohmann/detail/meta/type_traits.hpp(184,18): warning: alias declarations are incompatible with C++98 [-Wc++98-compat]
[build]   184 |     using type = typename std::conditional < has_key_compare<object_t>::value,
[build]       |                  ^
[build] C:\Users\pperv\code\unnamed_rpg\vendor\json\include\nlohmann/detail/meta/type_traits.hpp(189,36): warning: alias declarations are incompatible with C++98 [-Wc++98-compat]
[build]   189 | using actual_object_comparator_t = typename actual_object_comparator<BasicJsonType>::type;
[build]       |                                    ^
[build] C:\Users\pperv\code\unnamed_rpg\vendor\json\include\nlohmann/detail/meta/type_traits.hpp(204,23): warning: alias declarations are incompatible with C++98 [-Wc++98-compat]
[build]   204 |     using char_type = unsigned char;
[build]       |                       ^
[build] C:\Users\pperv\code\unnamed_rpg\vendor\json\include\nlohmann/detail/meta/type_traits.hpp(205,22): warning: alias declarations are incompatible with C++98 [-Wc++98-compat]
[build]   205 |     using int_type = uint64_t;
[build]       |                      ^
[build] C:\Users\pperv\code\unnamed_rpg\vendor\json\include\nlohmann/detail/meta/type_traits.hpp(209,5): warning: noexcept specifications are incompatible with C++98 [-Wc++98-compat]
[build]   209 |     {
[build]       |     ^
[build] C:\Users\pperv\code\unnamed_rpg\vendor\json\include\nlohmann/detail/meta/type_traits.hpp(214,5): warning: noexcept specifications are incompatible with C++98 [-Wc++98-compat]
[build]   214 |     {
[build]       |     ^
[build] C:\Users\pperv\code\unnamed_rpg\vendor\json\include\nlohmann/detail/meta/type_traits.hpp(218,12): warning: 'constexpr' specifier is incompatible with C++98 [-Wc++98-compat]
[build]   218 |     static constexpr int_type eof() noexcept
[build]       |            ^
[build] C:\Users\pperv\code\unnamed_rpg\vendor\json\include\nlohmann/detail/meta/type_traits.hpp(219,5): warning: noexcept specifications are incompatible with C++98 [-Wc++98-compat]
[build]   219 |     {
[build]       |     ^
[build] C:\Users\pperv\code\unnamed_rpg\vendor\json\include\nlohmann/detail/meta/type_traits.hpp(228,23): warning: alias declarations are incompatible with C++98 [-Wc++98-compat]
[build]   228 |     using char_type = signed char;
[build]       |                       ^
[build] C:\Users\pperv\code\unnamed_rpg\vendor\json\include\nlohmann/detail/meta/type_traits.hpp(229,22): warning: alias declarations are incompatible with C++98 [-Wc++98-compat]
[build]   229 |     using int_type = uint64_t;
[build]       |                      ^
[build] C:\Users\pperv\code\unnamed_rpg\vendor\json\include\nlohmann/detail/meta/type_traits.hpp(233,5): warning: noexcept specifications are incompatible with C++98 [-Wc++98-compat]
[build]   233 |     {
[build]       |     ^
[build] C:\Users\pperv\code\unnamed_rpg\vendor\json\include\nlohmann/detail/meta/type_traits.hpp(240,5): warning: noexcept specifications are incompatible with C++98 [-Wc++98-compat]
[build]   240 |     {
[build]       |     ^
[build] C:\Users\pperv\code\unnamed_rpg\vendor\json\include\nlohmann/detail/meta/type_traits.hpp(244,12): warning: 'constexpr' specifier is incompatible with C++98 [-Wc++98-compat]
[build]   244 |     static constexpr int_type eof() noexcept
[build]       |            ^
[build] C:\Users\pperv\code\unnamed_rpg\vendor\json\include\nlohmann/detail/meta/type_traits.hpp(245,5): warning: noexcept specifications are incompatible with C++98 [-Wc++98-compat]
[build]   245 |     {
[build]       |     ^
[build] C:\Users\pperv\code\unnamed_rpg\vendor\json\include\nlohmann/detail/meta/type_traits.hpp(279,15): warning: variadic templates are incompatible with C++98 [-Wc++98-compat]
[build]   279 | template<class...> struct conjunction : std::true_type { };
[build]       |               ^
[build] C:\Users\pperv\code\unnamed_rpg\vendor\json\include\nlohmann/detail/meta/type_traits.hpp(281,24): warning: variadic templates are incompatible with C++98 [-Wc++98-compat]
[build]   281 | template<class B, class... Bn>
[build]       |                        ^
[build] C:\Users\pperv\code\unnamed_rpg\vendor\json\include\nlohmann/detail/meta/type_traits.hpp(295,49): warning: consecutive right angle brackets are incompatible with C++98 (use '> >') [-Wc++98-compat]
[build]   295 | struct is_default_constructible<std::pair<T1, T2>>
[build]       |                                                 ^~
[build]       |                                                 > >
[build] C:\Users\pperv\code\unnamed_rpg\vendor\json\include\nlohmann/detail/meta/type_traits.hpp(296,76): warning: consecutive right angle brackets are incompatible with C++98 (use '> >') [-Wc++98-compat]
[build]   296 |     : conjunction<is_default_constructible<T1>, is_default_constructible<T2>> {};
[build]       |                                                                            ^~
[build]       |                                                                            > >
[build] C:\Users\pperv\code\unnamed_rpg\vendor\json\include\nlohmann/detail/meta/type_traits.hpp(299,55): warning: consecutive right angle brackets are incompatible with C++98 (use '> >') [-Wc++98-compat]
[build]   299 | struct is_default_constructible<const std::pair<T1, T2>>
[build]       |                                                       ^~
[build]       |                                                       > >
[build] C:\Users\pperv\code\unnamed_rpg\vendor\json\include\nlohmann/detail/meta/type_traits.hpp(300,76): warning: consecutive right angle brackets are incompatible with C++98 (use '> >') [-Wc++98-compat]
[build]   300 |     : conjunction<is_default_constructible<T1>, is_default_constructible<T2>> {};
[build]       |                                                                            ^~
[build]       |                                                                            > >
[build] C:\Users\pperv\code\unnamed_rpg\vendor\json\include\nlohmann/detail/meta/type_traits.hpp(302,19): warning: variadic templates are incompatible with C++98 [-Wc++98-compat]
[build]   302 | template <typename... Ts>
[build]       |                   ^
[build] C:\Users\pperv\code\unnamed_rpg\vendor\json\include\nlohmann/detail/meta/type_traits.hpp(303,49): warning: consecutive right angle brackets are incompatible with C++98 (use '> >') [-Wc++98-compat]
[build]   303 | struct is_default_constructible<std::tuple<Ts...>>
[build]       |                                                 ^~
[build]       |                                                 > >
[build] C:\Users\pperv\code\unnamed_rpg\vendor\json\include\nlohmann/detail/meta/type_traits.hpp(306,19): warning: variadic templates are incompatible with C++98 [-Wc++98-compat]
[build]   306 | template <typename... Ts>
[build]       |                   ^
[build] C:\Users\pperv\code\unnamed_rpg\vendor\json\include\nlohmann/detail/meta/type_traits.hpp(307,55): warning: consecutive right angle brackets are incompatible with C++98 (use '> >') [-Wc++98-compat]
[build]   307 | struct is_default_constructible<const std::tuple<Ts...>>
[build]       |                                                       ^~
[build]       |                                                       > >
[build] C:\Users\pperv\code\unnamed_rpg\vendor\json\include\nlohmann/detail/meta/type_traits.hpp(310,31): warning: variadic templates are incompatible with C++98 [-Wc++98-compat]
[build]   310 | template <typename T, typename... Args>
[build]       |                               ^
[build] C:\Users\pperv\code\unnamed_rpg\vendor\json\include\nlohmann/detail/meta/type_traits.hpp(314,41): warning: consecutive right angle brackets are incompatible with C++98 (use '> >') [-Wc++98-compat]
[build]   314 | struct is_constructible<std::pair<T1, T2>> : is_default_constructible<std::pair<T1, T2>> {};
[build]       |                                         ^~
[build]       |                                         > >
[build] C:\Users\pperv\code\unnamed_rpg\vendor\json\include\nlohmann/detail/meta/type_traits.hpp(314,87): warning: consecutive right angle brackets are incompatible with C++98 (use '> >') [-Wc++98-compat]
[build]   314 | struct is_constructible<std::pair<T1, T2>> : is_default_constructible<std::pair<T1, T2>> {};
[build]       |                                                                                       ^~
[build]       |                                                                                       > >
[build] C:\Users\pperv\code\unnamed_rpg\vendor\json\include\nlohmann/detail/meta/type_traits.hpp(317,47): warning: consecutive right angle brackets are incompatible with C++98 (use '> >') [-Wc++98-compat]
[build]   317 | struct is_constructible<const std::pair<T1, T2>> : is_default_constructible<const std::pair<T1, T2>> {};
[build]       |                                               ^~
[build]       |                                               > >
[build] C:\Users\pperv\code\unnamed_rpg\vendor\json\include\nlohmann/detail/meta/type_traits.hpp(317,99): warning: consecutive right angle brackets are incompatible with C++98 (use '> >') [-Wc++98-compat]
[build]   317 | struct is_constructible<const std::pair<T1, T2>> : is_default_constructible<const std::pair<T1, T2>> {};
[build]       |                                                                                                   ^~
[build]       |                                                                                                   > >
[build] C:\Users\pperv\code\unnamed_rpg\vendor\json\include\nlohmann/detail/meta/type_traits.hpp(319,19): warning: variadic templates are incompatible with C++98 [-Wc++98-compat]
[build]   319 | template <typename... Ts>
[build]       |                   ^
[build] C:\Users\pperv\code\unnamed_rpg\vendor\json\include\nlohmann/detail/meta/type_traits.hpp(320,41): warning: consecutive right angle brackets are incompatible with C++98 (use '> >') [-Wc++98-compat]
[build]   320 | struct is_constructible<std::tuple<Ts...>> : is_default_constructible<std::tuple<Ts...>> {};
[build]       |                                         ^~
[build]       |                                         > >
[build] C:\Users\pperv\code\unnamed_rpg\vendor\json\include\nlohmann/detail/meta/type_traits.hpp(320,87): warning: consecutive right angle brackets are incompatible with C++98 (use '> >') [-Wc++98-compat]
[build]   320 | struct is_constructible<std::tuple<Ts...>> : is_default_constructible<std::tuple<Ts...>> {};
[build]       |                                                                                       ^~
[build]       |                                                                                       > >
[build] C:\Users\pperv\code\unnamed_rpg\vendor\json\include\nlohmann/detail/meta/type_traits.hpp(322,19): warning: variadic templates are incompatible with C++98 [-Wc++98-compat]
[build]   322 | template <typename... Ts>
[build]       |                   ^
[build] C:\Users\pperv\code\unnamed_rpg\vendor\json\include\nlohmann/detail/meta/type_traits.hpp(323,47): warning: consecutive right angle brackets are incompatible with C++98 (use '> >') [-Wc++98-compat]
[build]   323 | struct is_constructible<const std::tuple<Ts...>> : is_default_constructible<const std::tuple<Ts...>> {};
[build]       |                                               ^~
[build]       |                                               > >
[build] C:\Users\pperv\code\unnamed_rpg\vendor\json\include\nlohmann/detail/meta/type_traits.hpp(323,99): warning: consecutive right angle brackets are incompatible with C++98 (use '> >') [-Wc++98-compat]
[build]   323 | struct is_constructible<const std::tuple<Ts...>> : is_default_constructible<const std::tuple<Ts...>> {};
[build]       |                                                                                                   ^~
[build]       |                                                                                                   > >
[build] C:\Users\pperv\code\unnamed_rpg\vendor\json\include\nlohmann/detail/meta/type_traits.hpp(329,44): warning: consecutive right angle brackets are incompatible with C++98 (use '> >') [-Wc++98-compat]
[build]   329 | struct is_iterator_traits<iterator_traits<T>>
[build]       |                                            ^~
[build]       |                                            > >
[build] C:\Users\pperv\code\unnamed_rpg\vendor\json\include\nlohmann/detail/meta/type_traits.hpp(332,20): warning: alias declarations are incompatible with C++98 [-Wc++98-compat]
[build]   332 |     using traits = iterator_traits<T>;
[build]       |                    ^
[build] C:\Users\pperv\code\unnamed_rpg\vendor\json\include\nlohmann/detail/meta/type_traits.hpp(335,12): warning: 'constexpr' specifier is incompatible with C++98 [-Wc++98-compat]
[build]   335 |     static constexpr auto value =
[build]       |            ^
[build] C:\Users\pperv\code\unnamed_rpg\vendor\json\include\nlohmann/detail/meta/type_traits.hpp(335,22): warning: 'auto' type specifier is incompatible with C++98 [-Wc++98-compat]
[build]   335 |     static constexpr auto value =
[build]       |                      ^~~~
[build] C:\Users\pperv\code\unnamed_rpg\vendor\json\include\nlohmann/detail/meta/type_traits.hpp(347,19): warning: alias declarations are incompatible with C++98 [-Wc++98-compat]
[build]   347 |     using t_ref = typename std::add_lvalue_reference<T>::type;
[build]       |                   ^
[build] C:\Users\pperv\code\unnamed_rpg\vendor\json\include\nlohmann/detail/meta/type_traits.hpp(349,22): warning: alias declarations are incompatible with C++98 [-Wc++98-compat]
[build]   349 |     using iterator = detected_t<result_of_begin, t_ref>;
[build]       |                      ^
[build] C:\Users\pperv\code\unnamed_rpg\vendor\json\include\nlohmann/detail/meta/type_traits.hpp(350,22): warning: alias declarations are incompatible with C++98 [-Wc++98-compat]
[build]   350 |     using sentinel = detected_t<result_of_end, t_ref>;
[build]       |                      ^
[build] C:\Users\pperv\code\unnamed_rpg\vendor\json\include\nlohmann/detail/meta/type_traits.hpp(355,12): warning: 'constexpr' specifier is incompatible with C++98 [-Wc++98-compat]
[build]   355 |     static constexpr auto is_iterator_begin =
[build]       |            ^
[build] C:\Users\pperv\code\unnamed_rpg\vendor\json\include\nlohmann/detail/meta/type_traits.hpp(355,22): warning: 'auto' type specifier is incompatible with C++98 [-Wc++98-compat]
[build]   355 |     static constexpr auto is_iterator_begin =
[build]       |                      ^~~~
[build] C:\Users\pperv\code\unnamed_rpg\vendor\json\include\nlohmann/detail/meta/type_traits.hpp(356,52): warning: consecutive right angle brackets are incompatible with C++98 (use '> >') [-Wc++98-compat]
[build]   356 |         is_iterator_traits<iterator_traits<iterator>>::value;
[build]       |                                                    ^~
[build]       |                                                    > >
[build] C:\Users\pperv\code\unnamed_rpg\vendor\json\include\nlohmann/detail/meta/type_traits.hpp(359,12): warning: 'constexpr' specifier is incompatible with C++98 [-Wc++98-compat]
[build]   359 |     static constexpr bool value = !std::is_same<iterator, nonesuch>::value && !std::is_same<sentinel, nonesuch>::value && is_iterator_begin;
[build]       |            ^
[build] C:\Users\pperv\code\unnamed_rpg\vendor\json\include\nlohmann/detail/meta/type_traits.hpp(363,20): warning: alias declarations are incompatible with C++98 [-Wc++98-compat]
[build]   363 | using iterator_t = enable_if_t<is_range<R>::value, result_of_begin<decltype(std::declval<R&>())>>;
[build]       |                    ^
[build] C:\Users\pperv\code\unnamed_rpg\vendor\json\include\nlohmann/detail/meta/type_traits.hpp(363,68): warning: 'decltype' type specifier is incompatible with C++98 [-Wc++98-compat]
[build]   363 | using iterator_t = enable_if_t<is_range<R>::value, result_of_begin<decltype(std::declval<R&>())>>;
[build]       |                                                                    ^
[build] C:\Users\pperv\code\unnamed_rpg\vendor\json\include\nlohmann/detail/meta/type_traits.hpp(363,96): warning: consecutive right angle brackets are incompatible with C++98 (use '> >') [-Wc++98-compat]
[build]   363 | using iterator_t = enable_if_t<is_range<R>::value, result_of_begin<decltype(std::declval<R&>())>>;
[build]       |                                                                                                ^~
[build]       |                                                                                                > >
[build] C:\Users\pperv\code\unnamed_rpg\vendor\json\include\nlohmann/detail/meta/type_traits.hpp(366,23): warning: alias declarations are incompatible with C++98 [-Wc++98-compat]
[build]   366 | using range_value_t = value_type_t<iterator_traits<iterator_t<T>>>;
[build]       |                       ^
[build] C:\Users\pperv\code\unnamed_rpg\vendor\json\include\nlohmann/detail/meta/type_traits.hpp(366,64): warning: consecutive right angle brackets are incompatible with C++98 (use '> >') [-Wc++98-compat]
[build]   366 | using range_value_t = value_type_t<iterator_traits<iterator_t<T>>>;
[build]       |                                                                ^~
[build]       |                                                                > > 
[build] C:\Users\pperv\code\unnamed_rpg\vendor\json\include\nlohmann/detail/meta/type_traits.hpp(376,28): warning: 'decltype' type specifier is incompatible with C++98 [-Wc++98-compat]
[build]   376 | struct is_complete_type<T, decltype(void(sizeof(T)))> : std::true_type {};
[build]       |                            ^
[build] C:\Users\pperv\code\unnamed_rpg\vendor\json\include\nlohmann/detail/meta/type_traits.hpp(386,58): warning: consecutive right angle brackets are incompatible with C++98 (use '> >') [-Wc++98-compat]
[build]   386 |     is_detected<key_type_t, CompatibleObjectType>::value >>
[build]       |                                                          ^~
[build]       |                                                          > >
[build] C:\Users\pperv\code\unnamed_rpg\vendor\json\include\nlohmann/detail/meta/type_traits.hpp(388,22): warning: alias declarations are incompatible with C++98 [-Wc++98-compat]
[build]   388 |     using object_t = typename BasicJsonType::object_t;
[build]       |                      ^
[build] C:\Users\pperv\code\unnamed_rpg\vendor\json\include\nlohmann/detail/meta/type_traits.hpp(391,12): warning: 'constexpr' specifier is incompatible with C++98 [-Wc++98-compat]
[build]   391 |     static constexpr bool value =
[build]       |            ^
[build] C:\Users\pperv\code\unnamed_rpg\vendor\json\include\nlohmann/detail/meta/type_traits.hpp(410,61): warning: consecutive right angle brackets are incompatible with C++98 (use '> >') [-Wc++98-compat]
[build]   410 |     is_detected<key_type_t, ConstructibleObjectType>::value >>
[build]       |                                                             ^~
[build]       |                                                             > >
[build] C:\Users\pperv\code\unnamed_rpg\vendor\json\include\nlohmann/detail/meta/type_traits.hpp(412,22): warning: alias declarations are incompatible with C++98 [-Wc++98-compat]
[build]   412 |     using object_t = typename BasicJsonType::object_t;
[build]       |                      ^
[build] C:\Users\pperv\code\unnamed_rpg\vendor\json\include\nlohmann/detail/meta/type_traits.hpp(414,12): warning: 'constexpr' specifier is incompatible with C++98 [-Wc++98-compat]
[build]   414 |     static constexpr bool value =
[build]       |            ^
[build] C:\Users\pperv\code\unnamed_rpg\vendor\json\include\nlohmann/detail/meta/type_traits.hpp(438,12): warning: 'constexpr' specifier is incompatible with C++98 [-Wc++98-compat]
[build]   438 |     static constexpr auto value =
[build]       |            ^
[build] C:\Users\pperv\code\unnamed_rpg\vendor\json\include\nlohmann/detail/meta/type_traits.hpp(438,22): warning: 'auto' type specifier is incompatible with C++98 [-Wc++98-compat]
[build]   438 |     static constexpr auto value =
[build]       |                      ^~~~
[build] C:\Users\pperv\code\unnamed_rpg\vendor\json\include\nlohmann/detail/meta/type_traits.hpp(449,28): warning: alias declarations are incompatible with C++98 [-Wc++98-compat]
[build]   449 |     using laundered_type = ConstructibleStringType;
[build]       |                            ^
[build] C:\Users\pperv\code\unnamed_rpg\vendor\json\include\nlohmann/detail/meta/type_traits.hpp(452,12): warning: 'constexpr' specifier is incompatible with C++98 [-Wc++98-compat]
[build]   452 |     static constexpr auto value =
[build]       |            ^
[build] C:\Users\pperv\code\unnamed_rpg\vendor\json\include\nlohmann/detail/meta/type_traits.hpp(452,22): warning: 'auto' type specifier is incompatible with C++98 [-Wc++98-compat]
[build]   452 |     static constexpr auto value =
[build]       |                      ^~~~
[build] C:\Users\pperv\code\unnamed_rpg\vendor\json\include\nlohmann/detail/meta/type_traits.hpp(456,38): warning: consecutive right angle brackets are incompatible with C++98 (use '> >') [-Wc++98-compat]
[build]   456 |         value_type_t, laundered_type >>::value;
[build]       |                                      ^~
[build]       |                                      > >
[build] C:\Users\pperv\code\unnamed_rpg\vendor\json\include\nlohmann/detail/meta/type_traits.hpp(467,70): warning: consecutive right angle brackets are incompatible with C++98 (use '> >') [-Wc++98-compat]
[build]   467 | template<typename T> struct is_iteration_proxy_type<iteration_proxy<T>>       : std::true_type {};
[build]       |                                                                      ^~
[build]       |                                                                      > >
[build] C:\Users\pperv\code\unnamed_rpg\vendor\json\include\nlohmann/detail/meta/type_traits.hpp(468,76): warning: consecutive right angle brackets are incompatible with C++98 (use '> >') [-Wc++98-compat]
[build]   468 | template<typename T> struct is_iteration_proxy_type<iteration_proxy_value<T>> : std::true_type {};
[build]       |                                                                            ^~
[build]       |                                                                            > >
[build] C:\Users\pperv\code\unnamed_rpg\vendor\json\include\nlohmann/detail/meta/type_traits.hpp(512,82): warning: consecutive right angle brackets are incompatible with C++98 (use '> >') [-Wc++98-compat]
[build]   512 |     is_iterator_traits<iterator_traits<detected_t<iterator_t, CompatibleArrayType>>>::value&&
[build]       |                                                                                  ^~
[build]       |                                                                                  > > 
[build] C:\Users\pperv\code\unnamed_rpg\vendor\json\include\nlohmann/detail/meta/type_traits.hpp(515,85): warning: consecutive right angle brackets are incompatible with C++98 (use '> >') [-Wc++98-compat]
[build]   515 |     !std::is_same<CompatibleArrayType, detected_t<range_value_t, CompatibleArrayType>>::value
[build]       |                                                                                     ^~
[build]       |                                                                                     > >
[build] C:\Users\pperv\code\unnamed_rpg\vendor\json\include\nlohmann/detail/meta/type_traits.hpp(523,13): warning: consecutive right angle brackets are incompatible with C++98 (use '> >') [-Wc++98-compat]
[build]   523 |             >>
[build]       |             ^~
[build]       |             > >
[build] C:\Users\pperv\code\unnamed_rpg\vendor\json\include\nlohmann/detail/meta/type_traits.hpp(525,12): warning: 'constexpr' specifier is incompatible with C++98 [-Wc++98-compat]
[build]   525 |     static constexpr bool value =
[build]       |            ^
[build] C:\Users\pperv\code\unnamed_rpg\vendor\json\include\nlohmann/detail/meta/type_traits.hpp(527,42): warning: consecutive right angle brackets are incompatible with C++98 (use '> >') [-Wc++98-compat]
[build]   527 |         range_value_t<CompatibleArrayType>>::value;
[build]       |                                          ^~
[build]       |                                          > >
[build] C:\Users\pperv\code\unnamed_rpg\vendor\json\include\nlohmann/detail/meta/type_traits.hpp(558,48): warning: consecutive right angle brackets are incompatible with C++98 (use '> >') [-Wc++98-compat]
[build]   558 |     typename BasicJsonType::value_type>::value >>
[build]       |                                                ^~
[build]       |                                                > >
[build] C:\Users\pperv\code\unnamed_rpg\vendor\json\include\nlohmann/detail/meta/type_traits.hpp(571,81): warning: consecutive right angle brackets are incompatible with C++98 (use '> >') [-Wc++98-compat]
[build]   571 | is_iterator_traits<iterator_traits<detected_t<iterator_t, ConstructibleArrayType>>>::value&&
[build]       |                                                                                 ^~
[build]       |                                                                                 > > 
[build] C:\Users\pperv\code\unnamed_rpg\vendor\json\include\nlohmann/detail/meta/type_traits.hpp(575,87): warning: consecutive right angle brackets are incompatible with C++98 (use '> >') [-Wc++98-compat]
[build]   575 | !std::is_same<ConstructibleArrayType, detected_t<range_value_t, ConstructibleArrayType>>::value&&
[build]       |                                                                                       ^~
[build]       |                                                                                       > >
[build] C:\Users\pperv\code\unnamed_rpg\vendor\json\include\nlohmann/detail/meta/type_traits.hpp(577,50): warning: consecutive right angle brackets are incompatible with C++98 (use '> >') [-Wc++98-compat]
[build]   577 | detected_t<range_value_t, ConstructibleArrayType >>::value >>
[build]       |                                                  ^~
[build]       |                                                  > >
[build] C:\Users\pperv\code\unnamed_rpg\vendor\json\include\nlohmann/detail/meta/type_traits.hpp(577,60): warning: consecutive right angle brackets are incompatible with C++98 (use '> >') [-Wc++98-compat]
[build]   577 | detected_t<range_value_t, ConstructibleArrayType >>::value >>
[build]       |                                                            ^~
[build]       |                                                            > >
[build] C:\Users\pperv\code\unnamed_rpg\vendor\json\include\nlohmann/detail/meta/type_traits.hpp(579,24): warning: alias declarations are incompatible with C++98 [-Wc++98-compat]
[build]   579 |     using value_type = range_value_t<ConstructibleArrayType>;
[build]       |                        ^
[build] C:\Users\pperv\code\unnamed_rpg\vendor\json\include\nlohmann/detail/meta/type_traits.hpp(581,12): warning: 'constexpr' specifier is incompatible with C++98 [-Wc++98-compat]
[build]   581 |     static constexpr bool value =
[build]       |            ^
[build] C:\Users\pperv\code\unnamed_rpg\vendor\json\include\nlohmann/detail/meta/type_traits.hpp(604,61): warning: consecutive right angle brackets are incompatible with C++98 (use '> >') [-Wc++98-compat]
[build]   604 |     !std::is_same<bool, CompatibleNumberIntegerType>::value >>
[build]       |                                                             ^~
[build]       |                                                             > >
[build] C:\Users\pperv\code\unnamed_rpg\vendor\json\include\nlohmann/detail/meta/type_traits.hpp(607,24): warning: alias declarations are incompatible with C++98 [-Wc++98-compat]
[build]   607 |     using RealLimits = std::numeric_limits<RealIntegerType>;
[build]       |                        ^
[build] C:\Users\pperv\code\unnamed_rpg\vendor\json\include\nlohmann/detail/meta/type_traits.hpp(608,30): warning: alias declarations are incompatible with C++98 [-Wc++98-compat]
[build]   608 |     using CompatibleLimits = std::numeric_limits<CompatibleNumberIntegerType>;
[build]       |                              ^
[build] C:\Users\pperv\code\unnamed_rpg\vendor\json\include\nlohmann/detail/meta/type_traits.hpp(610,12): warning: 'constexpr' specifier is incompatible with C++98 [-Wc++98-compat]
[build]   610 |     static constexpr auto value =
[build]       |            ^
[build] C:\Users\pperv\code\unnamed_rpg\vendor\json\include\nlohmann/detail/meta/type_traits.hpp(610,22): warning: 'auto' type specifier is incompatible with C++98 [-Wc++98-compat]
[build]   610 |     static constexpr auto value =
[build]       |                      ^~~~
[build] C:\Users\pperv\code\unnamed_rpg\vendor\json\include\nlohmann/detail/meta/type_traits.hpp(628,57): warning: consecutive right angle brackets are incompatible with C++98 (use '> >') [-Wc++98-compat]
[build]   628 |     enable_if_t<is_complete_type<CompatibleType>::value >>
[build]       |                                                         ^~
[build]       |                                                         > >
[build] C:\Users\pperv\code\unnamed_rpg\vendor\json\include\nlohmann/detail/meta/type_traits.hpp(630,12): warning: 'constexpr' specifier is incompatible with C++98 [-Wc++98-compat]
[build]   630 |     static constexpr bool value =
[build]       |            ^
[build] C:\Users\pperv\code\unnamed_rpg\vendor\json\include\nlohmann/detail/meta/type_traits.hpp(641,12): warning: 'constexpr' specifier is incompatible with C++98 [-Wc++98-compat]
[build]   641 |     static constexpr bool value =
[build]       |            ^
[build] C:\Users\pperv\code\unnamed_rpg\vendor\json\include\nlohmann/detail/meta/type_traits.hpp(643,97): warning: consecutive right angle brackets are incompatible with C++98 (use '> >') [-Wc++98-compat]
[build]   643 |         !std::is_same<typename BasicJsonType::binary_t::container_type, std::vector<std::uint8_t>>::value;
[build]       |                                                                                                 ^~
[build]       |                                                                                                 > >
[build] C:\Users\pperv\code\unnamed_rpg\vendor\json\include\nlohmann/detail/meta/type_traits.hpp(649,22): warning: alias declarations are incompatible with C++98 [-Wc++98-compat]
[build]   649 |     using JsonType = uncvref_t<BasicJsonType>;
[build]       |                      ^
[build] C:\Users\pperv\code\unnamed_rpg\vendor\json\include\nlohmann/detail/meta/type_traits.hpp(650,20): warning: alias declarations are incompatible with C++98 [-Wc++98-compat]
[build]   650 |     using CVType = typename std::remove_reference<CompatibleReferenceType>::type;
[build]       |                    ^
[build] C:\Users\pperv\code\unnamed_rpg\vendor\json\include\nlohmann/detail/meta/type_traits.hpp(651,18): warning: alias declarations are incompatible with C++98 [-Wc++98-compat]
[build]   651 |     using Type = typename std::remove_cv<CVType>::type;
[build]       |                  ^
[build] C:\Users\pperv\code\unnamed_rpg\vendor\json\include\nlohmann/detail/meta/type_traits.hpp(652,5): warning: 'constexpr' specifier is incompatible with C++98 [-Wc++98-compat]
[build]   652 |     constexpr static bool value = std::is_reference<CompatibleReferenceType>::value &&
[build]       |     ^
[build] C:\Users\pperv\code\unnamed_rpg\vendor\json\include\nlohmann/detail/meta/type_traits.hpp(671,31): warning: variadic templates are incompatible with C++98 [-Wc++98-compat]
[build]   671 | template<typename T1, typename... Args>
[build]       |                               ^
[build] C:\Users\pperv\code\unnamed_rpg\vendor\json\include\nlohmann/detail/meta/type_traits.hpp(672,53): warning: consecutive right angle brackets are incompatible with C++98 (use '> >') [-Wc++98-compat]
[build]   672 | struct is_constructible_tuple<T1, std::tuple<Args...>> : conjunction<is_constructible<T1, Args>...> {};
[build]       |                                                     ^~
[build]       |                                                     > >
[build] C:\Users\pperv\code\unnamed_rpg\vendor\json\include\nlohmann/detail/meta/type_traits.hpp(685,28): warning: variadic templates are incompatible with C++98 [-Wc++98-compat]
[build]   685 | template<template <typename...> class Primary, typename T>
[build]       |                            ^
[build] C:\Users\pperv\code\unnamed_rpg\vendor\json\include\nlohmann/detail/meta/type_traits.hpp(688,28): warning: variadic templates are incompatible with C++98 [-Wc++98-compat]
[build]   688 | template<template <typename...> class Primary, typename... Args>
[build]       |                            ^
[build] C:\Users\pperv\code\unnamed_rpg\vendor\json\include\nlohmann/detail/meta/type_traits.hpp(688,56): warning: variadic templates are incompatible with C++98 [-Wc++98-compat]
[build]   688 | template<template <typename...> class Primary, typename... Args>
[build]       |                                                        ^
[build] C:\Users\pperv\code\unnamed_rpg\vendor\json\include\nlohmann/detail/meta/type_traits.hpp(689,53): warning: consecutive right angle brackets are incompatible with C++98 (use '> >') [-Wc++98-compat]
[build]   689 | struct is_specialization_of<Primary, Primary<Args...>> : std::true_type {};
[build]       |                                                     ^~
[build]       |                                                     > >
[build] C:\Users\pperv\code\unnamed_rpg\vendor\json\include\nlohmann/detail/meta/type_traits.hpp(692,25): warning: alias declarations are incompatible with C++98 [-Wc++98-compat]
[build]   692 | using is_json_pointer = is_specialization_of<::nlohmann::json_pointer, uncvref_t<T>>;
[build]       |                         ^
[build] C:\Users\pperv\code\unnamed_rpg\vendor\json\include\nlohmann/detail/meta/type_traits.hpp(692,45): warning: '<::' is treated as digraph '<:' (aka '[') followed by ':' in C++98 [-Wc++98-compat]
[build]   692 | using is_json_pointer = is_specialization_of<::nlohmann::json_pointer, uncvref_t<T>>;
[build]       |                                             ^
[build] C:\Users\pperv\code\unnamed_rpg\vendor\json\include\nlohmann/detail/meta/type_traits.hpp(692,83): warning: consecutive right angle brackets are incompatible with C++98 (use '> >') [-Wc++98-compat]
[build]   692 | using is_json_pointer = is_specialization_of<::nlohmann::json_pointer, uncvref_t<T>>;
[build]       |                                                                                   ^~
[build]       |                                                                                   > >
[build] C:\Users\pperv\code\unnamed_rpg\vendor\json\include\nlohmann/detail/meta/type_traits.hpp(699,56): warning: consecutive right angle brackets are incompatible with C++98 (use '> >') [-Wc++98-compat]
[build]   699 | struct is_json_pointer_of<A, ::nlohmann::json_pointer<A>> : std::true_type {};
[build]       |                                                        ^~
[build]       |                                                        > >
[build] C:\Users\pperv\code\unnamed_rpg\vendor\json\include\nlohmann/detail/meta/type_traits.hpp(712,24): warning: 'decltype' type specifier is incompatible with C++98 [-Wc++98-compat]
[build]   712 | std::is_constructible <decltype(std::declval<Compare>()(std::declval<A>(), std::declval<B>()))>::value
[build]       |                        ^
[build] C:\Users\pperv\code\unnamed_rpg\vendor\json\include\nlohmann/detail/meta/type_traits.hpp(713,27): warning: 'decltype' type specifier is incompatible with C++98 [-Wc++98-compat]
[build]   713 | && std::is_constructible <decltype(std::declval<Compare>()(std::declval<B>(), std::declval<A>()))>::value
[build]       |                           ^
[build] C:\Users\pperv\code\unnamed_rpg\vendor\json\include\nlohmann/detail/meta/type_traits.hpp(714,1): warning: consecutive right angle brackets are incompatible with C++98 (use '> >') [-Wc++98-compat]
[build]   714 | >> : std::true_type {};
[build]       | ^~
[build]       | > >
[build] C:\Users\pperv\code\unnamed_rpg\vendor\json\include\nlohmann/detail/meta/type_traits.hpp(734,31): warning: alias declarations are incompatible with C++98 [-Wc++98-compat]
[build]   734 | using detect_is_transparent = typename T::is_transparent;
[build]       |                               ^
[build] C:\Users\pperv\code\unnamed_rpg\vendor\json\include\nlohmann/detail/meta/type_traits.hpp(739,109): warning: consecutive right angle brackets are incompatible with C++98 (use '> >') [-Wc++98-compat]
[build]   739 |          bool ExcludeObjectKeyType = RequireTransparentComparator, typename KeyType = uncvref_t<KeyTypeCVRef>>
[build]       |                                                                                                             ^~
[build]       |                                                                                                             > >
[build] C:\Users\pperv\code\unnamed_rpg\vendor\json\include\nlohmann/detail/meta/type_traits.hpp(740,31): warning: alias declarations are incompatible with C++98 [-Wc++98-compat]
[build]   740 | using is_usable_as_key_type = typename std::conditional <
[build]       |                               ^
[build] C:\Users\pperv\code\unnamed_rpg\vendor\json\include\nlohmann/detail/meta/type_traits.hpp(757,109): warning: consecutive right angle brackets are incompatible with C++98 (use '> >') [-Wc++98-compat]
[build]   757 |          bool ExcludeObjectKeyType = RequireTransparentComparator, typename KeyType = uncvref_t<KeyTypeCVRef>>
[build]       |                                                                                                             ^~
[build]       |                                                                                                             > >
[build] C:\Users\pperv\code\unnamed_rpg\vendor\json\include\nlohmann/detail/meta/type_traits.hpp(758,42): warning: alias declarations are incompatible with C++98 [-Wc++98-compat]
[build]   758 | using is_usable_as_basic_json_key_type = typename std::conditional <
[build]       |                                          ^
[build] C:\Users\pperv\code\unnamed_rpg\vendor\json\include\nlohmann/detail/meta/type_traits.hpp(770,36): warning: alias declarations are incompatible with C++98 [-Wc++98-compat]
[build]   770 | using detect_erase_with_key_type = decltype(std::declval<ObjectType&>().erase(std::declval<KeyType>()));
[build]       |                                    ^
[build] C:\Users\pperv\code\unnamed_rpg\vendor\json\include\nlohmann/detail/meta/type_traits.hpp(770,36): warning: 'decltype' type specifier is incompatible with C++98 [-Wc++98-compat]
[build] C:\Users\pperv\code\unnamed_rpg\vendor\json\include\nlohmann/detail/meta/type_traits.hpp(774,33): warning: alias declarations are incompatible with C++98 [-Wc++98-compat]
[build]   774 | using has_erase_with_key_type = typename std::conditional <
[build]       |                                 ^
[build] C:\Users\pperv\code\unnamed_rpg\vendor\json\include\nlohmann/detail/meta/type_traits.hpp(786,17): warning: alias declarations are incompatible with C++98 [-Wc++98-compat]
[build]   786 |     using one = char;
[build]       |                 ^
[build] C:\Users\pperv\code\unnamed_rpg\vendor\json\include\nlohmann/detail/meta/type_traits.hpp(793,44): warning: 'decltype' type specifier is incompatible with C++98 [-Wc++98-compat]
[build]   793 |     template <typename C> static one test( decltype(&C::capacity) ) ;
[build]       |                                            ^
[build] C:\Users\pperv\code\unnamed_rpg\vendor\json\include\nlohmann/detail/meta/type_traits.hpp(796,35): warning: 'nullptr' is incompatible with C++98 [-Wc++98-compat]
[build]   796 |     enum { value = sizeof(test<T>(nullptr)) == sizeof(char) }; // NOLINT(cppcoreguidelines-pro-type-vararg,hicpp-vararg,cppcoreguidelines-use-enum-class)
[build]       |                                   ^
[build] C:\Users\pperv\code\unnamed_rpg\vendor\json\include\nlohmann/detail/meta/type_traits.hpp(800,84): warning: default template arguments for a function template are incompatible with C++98 [-Wc++98-compat]
[build]   800 | template < typename T, typename U, enable_if_t < !std::is_same<T, U>::value, int > = 0 >
[build]       |                                                                                    ^ ~
[build] C:\Users\pperv\code\unnamed_rpg\vendor\json\include\nlohmann/detail/meta/type_traits.hpp(806,78): warning: default template arguments for a function template are incompatible with C++98 [-Wc++98-compat]
[build]   806 | template<typename T, typename U, enable_if_t<std::is_same<T, U>::value, int> = 0>
[build]       |                                                                              ^ ~
[build] C:\Users\pperv\code\unnamed_rpg\vendor\json\include\nlohmann/detail/meta/type_traits.hpp(812,18): warning: variadic templates are incompatible with C++98 [-Wc++98-compat]
[build]   812 | template<typename... Types>
[build]       |                  ^
[build] C:\Users\pperv\code\unnamed_rpg\vendor\json\include\nlohmann/detail/meta/type_traits.hpp(813,22): warning: alias declarations are incompatible with C++98 [-Wc++98-compat]
[build]   813 | using all_integral = conjunction<std::is_integral<Types>...>;
[build]       |                      ^
[build] C:\Users\pperv\code\unnamed_rpg\vendor\json\include\nlohmann/detail/meta/type_traits.hpp(815,18): warning: variadic templates are incompatible with C++98 [-Wc++98-compat]
[build]   815 | template<typename... Types>
[build]       |                  ^
[build] C:\Users\pperv\code\unnamed_rpg\vendor\json\include\nlohmann/detail/meta/type_traits.hpp(816,20): warning: alias declarations are incompatible with C++98 [-Wc++98-compat]
[build]   816 | using all_signed = conjunction<std::is_signed<Types>...>;
[build]       |                    ^
[build] C:\Users\pperv\code\unnamed_rpg\vendor\json\include\nlohmann/detail/meta/type_traits.hpp(818,18): warning: variadic templates are incompatible with C++98 [-Wc++98-compat]
[build]   818 | template<typename... Types>
[build]       |                  ^
[build] C:\Users\pperv\code\unnamed_rpg\vendor\json\include\nlohmann/detail/meta/type_traits.hpp(819,22): warning: alias declarations are incompatible with C++98 [-Wc++98-compat]
[build]   819 | using all_unsigned = conjunction<std::is_unsigned<Types>...>;
[build]       |                      ^
[build] C:\Users\pperv\code\unnamed_rpg\vendor\json\include\nlohmann/detail/meta/type_traits.hpp(822,18): warning: variadic templates are incompatible with C++98 [-Wc++98-compat]
[build]   822 | template<typename... Types>
[build]       |                  ^
[build] C:\Users\pperv\code\unnamed_rpg\vendor\json\include\nlohmann/detail/meta/type_traits.hpp(823,19): warning: alias declarations are incompatible with C++98 [-Wc++98-compat]
[build]   823 | using same_sign = std::integral_constant < bool,
[build]       |                   ^
[build] C:\Users\pperv\code\unnamed_rpg\vendor\json\include\nlohmann/detail/meta/type_traits.hpp(827,28): warning: alias declarations are incompatible with C++98 [-Wc++98-compat]
[build]   827 | using never_out_of_range = std::integral_constant < bool,
[build]       |                            ^
[build] C:\Users\pperv\code\unnamed_rpg\vendor\json\include\nlohmann/detail/meta/type_traits.hpp(839,12): warning: 'constexpr' specifier is incompatible with C++98 [-Wc++98-compat]
[build]   839 |     static constexpr bool test(T val)
[build]       |            ^
[build] C:\Users\pperv\code\unnamed_rpg\vendor\json\include\nlohmann/detail/meta/type_traits.hpp(841,28): warning: alias declarations are incompatible with C++98 [-Wc++98-compat]
[build]   841 |         using CommonType = typename std::common_type<OfType, T>::type;
[build]       |                            ^
[build] C:\Users\pperv\code\unnamed_rpg\vendor\json\include\nlohmann/detail/meta/type_traits.hpp(849,12): warning: 'constexpr' specifier is incompatible with C++98 [-Wc++98-compat]
[build]   849 |     static constexpr bool test(T val)
[build]       |            ^
[build] C:\Users\pperv\code\unnamed_rpg\vendor\json\include\nlohmann/detail/meta/type_traits.hpp(851,28): warning: alias declarations are incompatible with C++98 [-Wc++98-compat]
[build]   851 |         using CommonType = typename std::common_type<OfType, T>::type;
[build]       |                            ^
[build] C:\Users\pperv\code\unnamed_rpg\vendor\json\include\nlohmann/detail/meta/type_traits.hpp(859,12): warning: 'constexpr' specifier is incompatible with C++98 [-Wc++98-compat]
[build]   859 |     static constexpr bool test(T val)
[build]       |            ^
[build] C:\Users\pperv\code\unnamed_rpg\vendor\json\include\nlohmann/detail/meta/type_traits.hpp(861,28): warning: alias declarations are incompatible with C++98 [-Wc++98-compat]
[build]   861 |         using CommonType = typename std::common_type<OfType, T>::type;
[build]       |                            ^
[build] C:\Users\pperv\code\unnamed_rpg\vendor\json\include\nlohmann/detail/meta/type_traits.hpp(869,12): warning: 'constexpr' specifier is incompatible with C++98 [-Wc++98-compat]
[build]   869 |     static constexpr bool test(T val)
[build]       |            ^
[build] C:\Users\pperv\code\unnamed_rpg\vendor\json\include\nlohmann/detail/meta/type_traits.hpp(871,28): warning: alias declarations are incompatible with C++98 [-Wc++98-compat]
[build]   871 |         using CommonType = typename std::common_type<OfType, T>::type;
[build]       |                            ^
[build] C:\Users\pperv\code\unnamed_rpg\vendor\json\include\nlohmann/detail/meta/type_traits.hpp(879,71): warning: consecutive right angle brackets are incompatible with C++98 (use '> >') [-Wc++98-compat]
[build]   879 |          typename = detail::enable_if_t<all_integral<OfType, T>::value>>
[build]       |                                                                       ^~
[build]       |                                                                       > >
[build] C:\Users\pperv\code\unnamed_rpg\vendor\json\include\nlohmann/detail/meta/type_traits.hpp(885,12): warning: 'constexpr' specifier is incompatible with C++98 [-Wc++98-compat]
[build]   885 |     static constexpr bool test(T val)
[build]       |            ^
[build] C:\Users\pperv\code\unnamed_rpg\vendor\json\include\nlohmann/detail/meta/type_traits.hpp(894,12): warning: 'constexpr' specifier is incompatible with C++98 [-Wc++98-compat]
[build]   894 |     static constexpr bool test(T /*val*/)
[build]       |            ^
[build] C:\Users\pperv\code\unnamed_rpg\vendor\json\include\nlohmann/detail/meta/type_traits.hpp(901,1): warning: 'constexpr' specifier is incompatible with C++98 [-Wc++98-compat]
[build]   901 | constexpr bool value_in_range_of(T val)
[build]       | ^
[build] C:\Users\pperv\code\unnamed_rpg\vendor\json\include\nlohmann/detail/meta/type_traits.hpp(907,23): warning: alias declarations are incompatible with C++98 [-Wc++98-compat]
[build]   907 | using bool_constant = std::integral_constant<bool, Value>;
[build]       |                       ^
[build] C:\Users\pperv\code\unnamed_rpg\vendor\json\include\nlohmann/detail/meta/type_traits.hpp(917,1): warning: 'constexpr' specifier is incompatible with C++98 [-Wc++98-compat]
[build]   917 | constexpr bool is_c_string()
[build]       | ^
[build] C:\Users\pperv\code\unnamed_rpg\vendor\json\include\nlohmann/detail/meta/type_traits.hpp(919,20): warning: alias declarations are incompatible with C++98 [-Wc++98-compat]
[build]   919 |     using TUnExt = typename std::remove_extent<T>::type;
[build]       |                    ^
[build] C:\Users\pperv\code\unnamed_rpg\vendor\json\include\nlohmann/detail/meta/type_traits.hpp(920,22): warning: alias declarations are incompatible with C++98 [-Wc++98-compat]
[build]   920 |     using TUnCVExt = typename std::remove_cv<TUnExt>::type;
[build]       |                      ^
[build] C:\Users\pperv\code\unnamed_rpg\vendor\json\include\nlohmann/detail/meta/type_traits.hpp(921,20): warning: alias declarations are incompatible with C++98 [-Wc++98-compat]
[build]   921 |     using TUnPtr = typename std::remove_pointer<T>::type;
[build]       |                    ^
[build] C:\Users\pperv\code\unnamed_rpg\vendor\json\include\nlohmann/detail/meta/type_traits.hpp(922,22): warning: alias declarations are incompatible with C++98 [-Wc++98-compat]
[build]   922 |     using TUnCVPtr = typename std::remove_cv<TUnPtr>::type;
[build]       |                      ^
[build] C:\Users\pperv\code\unnamed_rpg\vendor\json\include\nlohmann/detail/meta/type_traits.hpp(935,29): warning: alias declarations are incompatible with C++98 [-Wc++98-compat]
[build]   935 | using is_c_string_uncvref = is_c_string<uncvref_t<T>>;
[build]       |                             ^
[build] C:\Users\pperv\code\unnamed_rpg\vendor\json\include\nlohmann/detail/meta/type_traits.hpp(935,52): warning: consecutive right angle brackets are incompatible with C++98 (use '> >') [-Wc++98-compat]
[build]   935 | using is_c_string_uncvref = is_c_string<uncvref_t<T>>;
[build]       |                                                    ^~
[build]       |                                                    > >
[build] C:\Users\pperv\code\unnamed_rpg\vendor\json\include\nlohmann/detail/meta/type_traits.hpp(945,1): warning: 'constexpr' specifier is incompatible with C++98 [-Wc++98-compat]
[build]   945 | constexpr bool is_transparent()
[build]       | ^
[build] In file included from C:\Users\pperv\code\unnamed_rpg\vendor\json-schema-validator\src\json-uri.cpp:9:
[build] In file included from C:\Users\pperv\code\unnamed_rpg\vendor\json-schema-validator\src\nlohmann/json-schema.hpp:24:
[build] In file included from C:\Users\pperv\code\unnamed_rpg\vendor\json\include\nlohmann/json.hpp:44:
[build] In file included from C:\Users\pperv\code\unnamed_rpg\vendor\json\include\nlohmann/adl_serializer.hpp:14:
[build] In file included from C:\Users\pperv\code\unnamed_rpg\vendor\json\include\nlohmann/detail/conversions/from_json.hpp:24:
[build] In file included from C:\Users\pperv\code\unnamed_rpg\vendor\json\include\nlohmann/detail/exceptions.hpp:26:
[build] C:\Users\pperv\code\unnamed_rpg\vendor\json\include\nlohmann/detail/string_concat.hpp(18,1): warning: empty macro arguments are incompatible with C++98 [-Wc++98-compat-pedantic]
[build]    18 | NLOHMANN_JSON_NAMESPACE_BEGIN
[build]       | ^
[build] C:\Users\pperv\code\unnamed_rpg\vendor\json\include\nlohmann/detail/abi_macros.hpp(102,17): note: expanded from macro 'NLOHMANN_JSON_NAMESPACE_BEGIN'
[build]   102 |                 NLOHMANN_JSON_ABI_TAGS,              \
[build]       |                 ^
[build] C:\Users\pperv\code\unnamed_rpg\vendor\json\include\nlohmann/detail/abi_macros.hpp(65,5): note: expanded from macro 'NLOHMANN_JSON_ABI_TAGS'
[build]    65 |     NLOHMANN_JSON_ABI_TAGS_CONCAT(                                   \
[build]       |     ^
[build] C:\Users\pperv\code\unnamed_rpg\vendor\json\include\nlohmann/detail/abi_macros.hpp(62,39): note: expanded from macro 'NLOHMANN_JSON_ABI_TAGS_CONCAT'
[build]    62 |     NLOHMANN_JSON_ABI_TAGS_CONCAT_EX(a, b, c)
[build]       |                                       ^
[build] In file included from C:\Users\pperv\code\unnamed_rpg\vendor\json-schema-validator\src\json-uri.cpp:9:
[build] In file included from C:\Users\pperv\code\unnamed_rpg\vendor\json-schema-validator\src\nlohmann/json-schema.hpp:24:
[build] In file included from C:\Users\pperv\code\unnamed_rpg\vendor\json\include\nlohmann/json.hpp:44:
[build] In file included from C:\Users\pperv\code\unnamed_rpg\vendor\json\include\nlohmann/adl_serializer.hpp:14:
[build] In file included from C:\Users\pperv\code\unnamed_rpg\vendor\json\include\nlohmann/detail/conversions/from_json.hpp:24:
[build] In file included from C:\Users\pperv\code\unnamed_rpg\vendor\json\include\nlohmann/detail/exceptions.hpp:26:
[build] C:\Users\pperv\code\unnamed_rpg\vendor\json\include\nlohmann/detail/string_concat.hpp(18,1): warning: empty macro arguments are incompatible with C++98 [-Wc++98-compat-pedantic]
[build] C:\Users\pperv\code\unnamed_rpg\vendor\json\include\nlohmann/detail/abi_macros.hpp(102,17): note: expanded from macro 'NLOHMANN_JSON_NAMESPACE_BEGIN'
[build]   102 |                 NLOHMANN_JSON_ABI_TAGS,              \
[build]       |                 ^
[build] C:\Users\pperv\code\unnamed_rpg\vendor\json\include\nlohmann/detail/abi_macros.hpp(65,5): note: expanded from macro 'NLOHMANN_JSON_ABI_TAGS'
[build]    65 |     NLOHMANN_JSON_ABI_TAGS_CONCAT(                                   \
[build]       |     ^
[build] C:\Users\pperv\code\unnamed_rpg\vendor\json\include\nlohmann/detail/abi_macros.hpp(62,42): note: expanded from macro 'NLOHMANN_JSON_ABI_TAGS_CONCAT'
[build]    62 |     NLOHMANN_JSON_ABI_TAGS_CONCAT_EX(a, b, c)
[build]       |                                          ^
[build] In file included from C:\Users\pperv\code\unnamed_rpg\vendor\json-schema-validator\src\json-uri.cpp:9:
[build] In file included from C:\Users\pperv\code\unnamed_rpg\vendor\json-schema-validator\src\nlohmann/json-schema.hpp:24:
[build] In file included from C:\Users\pperv\code\unnamed_rpg\vendor\json\include\nlohmann/json.hpp:44:
[build] In file included from C:\Users\pperv\code\unnamed_rpg\vendor\json\include\nlohmann/adl_serializer.hpp:14:
[build] In file included from C:\Users\pperv\code\unnamed_rpg\vendor\json\include\nlohmann/detail/conversions/from_json.hpp:24:
[build] In file included from C:\Users\pperv\code\unnamed_rpg\vendor\json\include\nlohmann/detail/exceptions.hpp:26:
[build] C:\Users\pperv\code\unnamed_rpg\vendor\json\include\nlohmann/detail/string_concat.hpp(18,1): warning: empty macro arguments are incompatible with C++98 [-Wc++98-compat-pedantic]
[build] C:\Users\pperv\code\unnamed_rpg\vendor\json\include\nlohmann/detail/abi_macros.hpp(102,17): note: expanded from macro 'NLOHMANN_JSON_NAMESPACE_BEGIN'
[build]   102 |                 NLOHMANN_JSON_ABI_TAGS,              \
[build]       |                 ^
[build] C:\Users\pperv\code\unnamed_rpg\vendor\json\include\nlohmann/detail/abi_macros.hpp(65,5): note: expanded from macro 'NLOHMANN_JSON_ABI_TAGS'
[build]    65 |     NLOHMANN_JSON_ABI_TAGS_CONCAT(                                   \
[build]       |     ^
[build] C:\Users\pperv\code\unnamed_rpg\vendor\json\include\nlohmann/detail/abi_macros.hpp(62,45): note: expanded from macro 'NLOHMANN_JSON_ABI_TAGS_CONCAT'
[build]    62 |     NLOHMANN_JSON_ABI_TAGS_CONCAT_EX(a, b, c)
[build]       |                                             ^
[build] In file included from C:\Users\pperv\code\unnamed_rpg\vendor\json-schema-validator\src\json-uri.cpp:9:
[build] In file included from C:\Users\pperv\code\unnamed_rpg\vendor\json-schema-validator\src\nlohmann/json-schema.hpp:24:
[build] In file included from C:\Users\pperv\code\unnamed_rpg\vendor\json\include\nlohmann/json.hpp:44:
[build] In file included from C:\Users\pperv\code\unnamed_rpg\vendor\json\include\nlohmann/adl_serializer.hpp:14:
[build] In file included from C:\Users\pperv\code\unnamed_rpg\vendor\json\include\nlohmann/detail/conversions/from_json.hpp:24:
[build] In file included from C:\Users\pperv\code\unnamed_rpg\vendor\json\include\nlohmann/detail/exceptions.hpp:26:
[build] C:\Users\pperv\code\unnamed_rpg\vendor\json\include\nlohmann/detail/string_concat.hpp(18,1): warning: inline namespaces are incompatible with C++98 [-Wc++98-compat]
[build] C:\Users\pperv\code\unnamed_rpg\vendor\json\include\nlohmann/detail/abi_macros.hpp(101,5): note: expanded from macro 'NLOHMANN_JSON_NAMESPACE_BEGIN'
[build]   101 |     inline namespace NLOHMANN_JSON_NAMESPACE_CONCAT( \
[build]       |     ^
[build] In file included from C:\Users\pperv\code\unnamed_rpg\vendor\json-schema-validator\src\json-uri.cpp:9:
[build] In file included from C:\Users\pperv\code\unnamed_rpg\vendor\json-schema-validator\src\nlohmann/json-schema.hpp:24:
[build] In file included from C:\Users\pperv\code\unnamed_rpg\vendor\json\include\nlohmann/json.hpp:44:
[build] In file included from C:\Users\pperv\code\unnamed_rpg\vendor\json\include\nlohmann/adl_serializer.hpp:14:
[build] In file included from C:\Users\pperv\code\unnamed_rpg\vendor\json\include\nlohmann/detail/conversions/from_json.hpp:24:
[build] In file included from C:\Users\pperv\code\unnamed_rpg\vendor\json\include\nlohmann/detail/exceptions.hpp:26:
[build] C:\Users\pperv\code\unnamed_rpg\vendor\json\include\nlohmann/detail/string_concat.hpp(27,18): warning: variadic templates are incompatible with C++98 [-Wc++98-compat]
[build]    27 | template<typename... Args>
[build]       |                  ^
[build] C:\Users\pperv\code\unnamed_rpg\vendor\json\include\nlohmann/detail/string_concat.hpp(30,39): warning: variadic templates are incompatible with C++98 [-Wc++98-compat]
[build]    30 | template<typename StringType, typename... Args>
[build]       |                                       ^
[build] C:\Users\pperv\code\unnamed_rpg\vendor\json\include\nlohmann/detail/string_concat.hpp(33,18): warning: variadic templates are incompatible with C++98 [-Wc++98-compat]
[build]    33 | template<typename... Args>
[build]       |                  ^
[build] C:\Users\pperv\code\unnamed_rpg\vendor\json\include\nlohmann/detail/string_concat.hpp(39,18): warning: variadic templates are incompatible with C++98 [-Wc++98-compat]
[build]    39 | template<typename... Args>
[build]       |                  ^
[build] C:\Users\pperv\code\unnamed_rpg\vendor\json\include\nlohmann/detail/string_concat.hpp(46,39): warning: variadic templates are incompatible with C++98 [-Wc++98-compat]
[build]    46 | template<typename StringType, typename... Args>
[build]       |                                       ^
[build] C:\Users\pperv\code\unnamed_rpg\vendor\json\include\nlohmann/detail/string_concat.hpp(57,27): warning: alias declarations are incompatible with C++98 [-Wc++98-compat]
[build]    57 | using string_can_append = decltype(std::declval<StringType&>().append(std::declval < Arg && > ()));
[build]       |                           ^
[build] C:\Users\pperv\code\unnamed_rpg\vendor\json\include\nlohmann/detail/string_concat.hpp(57,27): warning: 'decltype' type specifier is incompatible with C++98 [-Wc++98-compat]
[build] C:\Users\pperv\code\unnamed_rpg\vendor\json\include\nlohmann/detail/string_concat.hpp(57,90): warning: rvalue references are incompatible with C++98 [-Wc++98-compat]
[build]    57 | using string_can_append = decltype(std::declval<StringType&>().append(std::declval < Arg && > ()));
[build]       |                                                                                          ^
[build] C:\Users\pperv\code\unnamed_rpg\vendor\json\include\nlohmann/detail/string_concat.hpp(60,34): warning: alias declarations are incompatible with C++98 [-Wc++98-compat]
[build]    60 | using detect_string_can_append = is_detected<string_can_append, StringType, Arg>;
[build]       |                                  ^
[build] C:\Users\pperv\code\unnamed_rpg\vendor\json\include\nlohmann/detail/string_concat.hpp(63,30): warning: alias declarations are incompatible with C++98 [-Wc++98-compat]
[build]    63 | using string_can_append_op = decltype(std::declval<StringType&>() += std::declval < Arg && > ());
[build]       |                              ^
[build] C:\Users\pperv\code\unnamed_rpg\vendor\json\include\nlohmann/detail/string_concat.hpp(63,30): warning: 'decltype' type specifier is incompatible with C++98 [-Wc++98-compat]
[build] C:\Users\pperv\code\unnamed_rpg\vendor\json\include\nlohmann/detail/string_concat.hpp(63,89): warning: rvalue references are incompatible with C++98 [-Wc++98-compat]
[build]    63 | using string_can_append_op = decltype(std::declval<StringType&>() += std::declval < Arg && > ());
[build]       |                                                                                         ^
[build] C:\Users\pperv\code\unnamed_rpg\vendor\json\include\nlohmann/detail/string_concat.hpp(66,37): warning: alias declarations are incompatible with C++98 [-Wc++98-compat]
[build]    66 | using detect_string_can_append_op = is_detected<string_can_append_op, StringType, Arg>;
[build]       |                                     ^
[build] C:\Users\pperv\code\unnamed_rpg\vendor\json\include\nlohmann/detail/string_concat.hpp(69,32): warning: alias declarations are incompatible with C++98 [-Wc++98-compat]
[build]    69 | using string_can_append_iter = decltype(std::declval<StringType&>().append(std::declval<const Arg&>().begin(), std::declval<const Arg&>().end()));
[build]       |                                ^
[build] C:\Users\pperv\code\unnamed_rpg\vendor\json\include\nlohmann/detail/string_concat.hpp(69,32): warning: 'decltype' type specifier is incompatible with C++98 [-Wc++98-compat]
[build] C:\Users\pperv\code\unnamed_rpg\vendor\json\include\nlohmann/detail/string_concat.hpp(72,39): warning: alias declarations are incompatible with C++98 [-Wc++98-compat]
[build]    72 | using detect_string_can_append_iter = is_detected<string_can_append_iter, StringType, Arg>;
[build]       |                                       ^
[build] C:\Users\pperv\code\unnamed_rpg\vendor\json\include\nlohmann/detail/string_concat.hpp(75,32): warning: alias declarations are incompatible with C++98 [-Wc++98-compat]
[build]    75 | using string_can_append_data = decltype(std::declval<StringType&>().append(std::declval<const Arg&>().data(), std::declval<const Arg&>().size()));
[build]       |                                ^
[build] C:\Users\pperv\code\unnamed_rpg\vendor\json\include\nlohmann/detail/string_concat.hpp(75,32): warning: 'decltype' type specifier is incompatible with C++98 [-Wc++98-compat]
[build] C:\Users\pperv\code\unnamed_rpg\vendor\json\include\nlohmann/detail/string_concat.hpp(78,39): warning: alias declarations are incompatible with C++98 [-Wc++98-compat]
[build]    78 | using detect_string_can_append_data = is_detected<string_can_append_data, StringType, Arg>;
[build]       |                                       ^
[build] C:\Users\pperv\code\unnamed_rpg\vendor\json\include\nlohmann/detail/string_concat.hpp(80,58): warning: variadic templates are incompatible with C++98 [-Wc++98-compat]
[build]    80 | template < typename OutStringType, typename Arg, typename... Args,
[build]       |                                                          ^
[build] C:\Users\pperv\code\unnamed_rpg\vendor\json\include\nlohmann/detail/string_concat.hpp(83,49): warning: rvalue references are incompatible with C++98 [-Wc++98-compat]
[build]    83 | inline void concat_into(OutStringType& out, Arg && arg, Args && ... rest);
[build]       |                                                 ^
[build] C:\Users\pperv\code\unnamed_rpg\vendor\json\include\nlohmann/detail/string_concat.hpp(83,62): warning: rvalue references are incompatible with C++98 [-Wc++98-compat]
[build]    83 | inline void concat_into(OutStringType& out, Arg && arg, Args && ... rest);
[build]       |                                                              ^
[build] C:\Users\pperv\code\unnamed_rpg\vendor\json\include\nlohmann/detail/string_concat.hpp(82,91): warning: default template arguments for a function template are incompatible with C++98 [-Wc++98-compat]
[build]    82 |                          && detect_string_can_append_op<OutStringType, Arg>::value, int > = 0 >
[build]       |                                                                                           ^ ~
[build] C:\Users\pperv\code\unnamed_rpg\vendor\json\include\nlohmann/detail/string_concat.hpp(85,58): warning: variadic templates are incompatible with C++98 [-Wc++98-compat]
[build]    85 | template < typename OutStringType, typename Arg, typename... Args,
[build]       |                                                          ^
[build] C:\Users\pperv\code\unnamed_rpg\vendor\json\include\nlohmann/detail/string_concat.hpp(89,66): warning: rvalue references are incompatible with C++98 [-Wc++98-compat]
[build]    89 | inline void concat_into(OutStringType& out, const Arg& arg, Args && ... rest);
[build]       |                                                                  ^
[build] C:\Users\pperv\code\unnamed_rpg\vendor\json\include\nlohmann/detail/string_concat.hpp(88,93): warning: default template arguments for a function template are incompatible with C++98 [-Wc++98-compat]
[build]    88 |                          && detect_string_can_append_iter<OutStringType, Arg>::value, int > = 0 >
[build]       |                                                                                             ^ ~
[build] C:\Users\pperv\code\unnamed_rpg\vendor\json\include\nlohmann/detail/string_concat.hpp(91,58): warning: variadic templates are incompatible with C++98 [-Wc++98-compat]
[build]    91 | template < typename OutStringType, typename Arg, typename... Args,
[build]       |                                                          ^
[build] C:\Users\pperv\code\unnamed_rpg\vendor\json\include\nlohmann/detail/string_concat.hpp(96,66): warning: rvalue references are incompatible with C++98 [-Wc++98-compat]
[build]    96 | inline void concat_into(OutStringType& out, const Arg& arg, Args && ... rest);
[build]       |                                                                  ^
[build] C:\Users\pperv\code\unnamed_rpg\vendor\json\include\nlohmann/detail/string_concat.hpp(95,93): warning: default template arguments for a function template are incompatible with C++98 [-Wc++98-compat]
[build]    95 |                          && detect_string_can_append_data<OutStringType, Arg>::value, int > = 0 >
[build]       |                                                                                             ^ ~
[build] C:\Users\pperv\code\unnamed_rpg\vendor\json\include\nlohmann/detail/string_concat.hpp(98,56): warning: variadic templates are incompatible with C++98 [-Wc++98-compat]
[build]    98 | template<typename OutStringType, typename Arg, typename... Args,
[build]       |                                                        ^
[build] C:\Users\pperv\code\unnamed_rpg\vendor\json\include\nlohmann/detail/string_concat.hpp(100,49): warning: rvalue references are incompatible with C++98 [-Wc++98-compat]
[build]   100 | inline void concat_into(OutStringType& out, Arg && arg, Args && ... rest)
[build]       |                                                 ^
[build] C:\Users\pperv\code\unnamed_rpg\vendor\json\include\nlohmann/detail/string_concat.hpp(100,62): warning: rvalue references are incompatible with C++98 [-Wc++98-compat]
[build]   100 | inline void concat_into(OutStringType& out, Arg && arg, Args && ... rest)
[build]       |                                                              ^
[build] C:\Users\pperv\code\unnamed_rpg\vendor\json\include\nlohmann/detail/string_concat.hpp(99,80): warning: default template arguments for a function template are incompatible with C++98 [-Wc++98-compat]
[build]    99 |          enable_if_t<detect_string_can_append<OutStringType, Arg>::value, int> = 0>
[build]       |                                                                                ^ ~
[build] C:\Users\pperv\code\unnamed_rpg\vendor\json\include\nlohmann/detail/string_concat.hpp(106,58): warning: variadic templates are incompatible with C++98 [-Wc++98-compat]
[build]   106 | template < typename OutStringType, typename Arg, typename... Args,
[build]       |                                                          ^
[build] C:\Users\pperv\code\unnamed_rpg\vendor\json\include\nlohmann/detail/string_concat.hpp(109,48): warning: rvalue references are incompatible with C++98 [-Wc++98-compat]
[build]   109 | inline void concat_into(OutStringType& out, Arg&& arg, Args&& ... rest)
[build]       |                                                ^
[build] C:\Users\pperv\code\unnamed_rpg\vendor\json\include\nlohmann/detail/string_concat.hpp(109,60): warning: rvalue references are incompatible with C++98 [-Wc++98-compat]
[build]   109 | inline void concat_into(OutStringType& out, Arg&& arg, Args&& ... rest)
[build]       |                                                            ^
[build] C:\Users\pperv\code\unnamed_rpg\vendor\json\include\nlohmann/detail/string_concat.hpp(115,58): warning: variadic templates are incompatible with C++98 [-Wc++98-compat]
[build]   115 | template < typename OutStringType, typename Arg, typename... Args,
[build]       |                                                          ^
[build] C:\Users\pperv\code\unnamed_rpg\vendor\json\include\nlohmann/detail/string_concat.hpp(119,65): warning: rvalue references are incompatible with C++98 [-Wc++98-compat]
[build]   119 | inline void concat_into(OutStringType& out, const Arg& arg, Args&& ... rest)
[build]       |                                                                 ^
[build] C:\Users\pperv\code\unnamed_rpg\vendor\json\include\nlohmann/detail/string_concat.hpp(125,58): warning: variadic templates are incompatible with C++98 [-Wc++98-compat]
[build]   125 | template < typename OutStringType, typename Arg, typename... Args,
[build]       |                                                          ^
[build] C:\Users\pperv\code\unnamed_rpg\vendor\json\include\nlohmann/detail/string_concat.hpp(130,65): warning: rvalue references are incompatible with C++98 [-Wc++98-compat]
[build]   130 | inline void concat_into(OutStringType& out, const Arg& arg, Args&& ... rest)
[build]       |                                                                 ^
[build] C:\Users\pperv\code\unnamed_rpg\vendor\json\include\nlohmann/detail/string_concat.hpp(136,56): warning: variadic templates are incompatible with C++98 [-Wc++98-compat]
[build]   136 | template<typename OutStringType = std::string, typename... Args>
[build]       |                                                        ^
[build] C:\Users\pperv\code\unnamed_rpg\vendor\json\include\nlohmann/detail/string_concat.hpp(137,34): warning: rvalue references are incompatible with C++98 [-Wc++98-compat]
[build]   137 | inline OutStringType concat(Args && ... args)
[build]       |                                  ^
[build] C:\Users\pperv\code\unnamed_rpg\vendor\json\include\nlohmann/detail/string_concat.hpp(136,19): warning: default template arguments for a function template are incompatible with C++98 [-Wc++98-compat]
[build]   136 | template<typename OutStringType = std::string, typename... Args>
[build]       |                   ^               ~~~~~~~~~~~
[build] In file included from C:\Users\pperv\code\unnamed_rpg\vendor\json-schema-validator\src\json-uri.cpp:9:
[build] In file included from C:\Users\pperv\code\unnamed_rpg\vendor\json-schema-validator\src\nlohmann/json-schema.hpp:24:
[build] In file included from C:\Users\pperv\code\unnamed_rpg\vendor\json\include\nlohmann/json.hpp:44:
[build] In file included from C:\Users\pperv\code\unnamed_rpg\vendor\json\include\nlohmann/adl_serializer.hpp:14:
[build] In file included from C:\Users\pperv\code\unnamed_rpg\vendor\json\include\nlohmann/detail/conversions/from_json.hpp:24:
[build] C:\Users\pperv\code\unnamed_rpg\vendor\json\include\nlohmann/detail/exceptions.hpp(40,1): warning: empty macro arguments are incompatible with C++98 [-Wc++98-compat-pedantic]
[build]    40 | NLOHMANN_JSON_NAMESPACE_BEGIN
[build]       | ^
[build] C:\Users\pperv\code\unnamed_rpg\vendor\json\include\nlohmann/detail/abi_macros.hpp(102,17): note: expanded from macro 'NLOHMANN_JSON_NAMESPACE_BEGIN'
[build]   102 |                 NLOHMANN_JSON_ABI_TAGS,              \
[build]       |                 ^
[build] C:\Users\pperv\code\unnamed_rpg\vendor\json\include\nlohmann/detail/abi_macros.hpp(65,5): note: expanded from macro 'NLOHMANN_JSON_ABI_TAGS'
[build]    65 |     NLOHMANN_JSON_ABI_TAGS_CONCAT(                                   \
[build]       |     ^
[build] C:\Users\pperv\code\unnamed_rpg\vendor\json\include\nlohmann/detail/abi_macros.hpp(62,39): note: expanded from macro 'NLOHMANN_JSON_ABI_TAGS_CONCAT'
[build]    62 |     NLOHMANN_JSON_ABI_TAGS_CONCAT_EX(a, b, c)
[build]       |                                       ^
[build] In file included from C:\Users\pperv\code\unnamed_rpg\vendor\json-schema-validator\src\json-uri.cpp:9:
[build] In file included from C:\Users\pperv\code\unnamed_rpg\vendor\json-schema-validator\src\nlohmann/json-schema.hpp:24:
[build] In file included from C:\Users\pperv\code\unnamed_rpg\vendor\json\include\nlohmann/json.hpp:44:
[build] In file included from C:\Users\pperv\code\unnamed_rpg\vendor\json\include\nlohmann/adl_serializer.hpp:14:
[build] In file included from C:\Users\pperv\code\unnamed_rpg\vendor\json\include\nlohmann/detail/conversions/from_json.hpp:24:
[build] C:\Users\pperv\code\unnamed_rpg\vendor\json\include\nlohmann/detail/exceptions.hpp(40,1): warning: empty macro arguments are incompatible with C++98 [-Wc++98-compat-pedantic]
[build] C:\Users\pperv\code\unnamed_rpg\vendor\json\include\nlohmann/detail/abi_macros.hpp(102,17): note: expanded from macro 'NLOHMANN_JSON_NAMESPACE_BEGIN'
[build]   102 |                 NLOHMANN_JSON_ABI_TAGS,              \
[build]       |                 ^
[build] C:\Users\pperv\code\unnamed_rpg\vendor\json\include\nlohmann/detail/abi_macros.hpp(65,5): note: expanded from macro 'NLOHMANN_JSON_ABI_TAGS'
[build]    65 |     NLOHMANN_JSON_ABI_TAGS_CONCAT(                                   \
[build]       |     ^
[build] C:\Users\pperv\code\unnamed_rpg\vendor\json\include\nlohmann/detail/abi_macros.hpp(62,42): note: expanded from macro 'NLOHMANN_JSON_ABI_TAGS_CONCAT'
[build]    62 |     NLOHMANN_JSON_ABI_TAGS_CONCAT_EX(a, b, c)
[build]       |                                          ^
[build] In file included from C:\Users\pperv\code\unnamed_rpg\vendor\json-schema-validator\src\json-uri.cpp:9:
[build] In file included from C:\Users\pperv\code\unnamed_rpg\vendor\json-schema-validator\src\nlohmann/json-schema.hpp:24:
[build] In file included from C:\Users\pperv\code\unnamed_rpg\vendor\json\include\nlohmann/json.hpp:44:
[build] In file included from C:\Users\pperv\code\unnamed_rpg\vendor\json\include\nlohmann/adl_serializer.hpp:14:
[build] In file included from C:\Users\pperv\code\unnamed_rpg\vendor\json\include\nlohmann/detail/conversions/from_json.hpp:24:
[build] C:\Users\pperv\code\unnamed_rpg\vendor\json\include\nlohmann/detail/exceptions.hpp(40,1): warning: empty macro arguments are incompatible with C++98 [-Wc++98-compat-pedantic]
[build] C:\Users\pperv\code\unnamed_rpg\vendor\json\include\nlohmann/detail/abi_macros.hpp(102,17): note: expanded from macro 'NLOHMANN_JSON_NAMESPACE_BEGIN'
[build]   102 |                 NLOHMANN_JSON_ABI_TAGS,              \
[build]       |                 ^
[build] C:\Users\pperv\code\unnamed_rpg\vendor\json\include\nlohmann/detail/abi_macros.hpp(65,5): note: expanded from macro 'NLOHMANN_JSON_ABI_TAGS'
[build]    65 |     NLOHMANN_JSON_ABI_TAGS_CONCAT(                                   \
[build]       |     ^
[build] C:\Users\pperv\code\unnamed_rpg\vendor\json\include\nlohmann/detail/abi_macros.hpp(62,45): note: expanded from macro 'NLOHMANN_JSON_ABI_TAGS_CONCAT'
[build]    62 |     NLOHMANN_JSON_ABI_TAGS_CONCAT_EX(a, b, c)
[build]       |                                             ^
[build] In file included from C:\Users\pperv\code\unnamed_rpg\vendor\json-schema-validator\src\json-uri.cpp:9:
[build] In file included from C:\Users\pperv\code\unnamed_rpg\vendor\json-schema-validator\src\nlohmann/json-schema.hpp:24:
[build] In file included from C:\Users\pperv\code\unnamed_rpg\vendor\json\include\nlohmann/json.hpp:44:
[build] In file included from C:\Users\pperv\code\unnamed_rpg\vendor\json\include\nlohmann/adl_serializer.hpp:14:
[build] In file included from C:\Users\pperv\code\unnamed_rpg\vendor\json\include\nlohmann/detail/conversions/from_json.hpp:24:
[build] C:\Users\pperv\code\unnamed_rpg\vendor\json\include\nlohmann/detail/exceptions.hpp(40,1): warning: inline namespaces are incompatible with C++98 [-Wc++98-compat]
[build] C:\Users\pperv\code\unnamed_rpg\vendor\json\include\nlohmann/detail/abi_macros.hpp(101,5): note: expanded from macro 'NLOHMANN_JSON_NAMESPACE_BEGIN'
[build]   101 |     inline namespace NLOHMANN_JSON_NAMESPACE_CONCAT( \
[build]       |     ^
[build] In file included from C:\Users\pperv\code\unnamed_rpg\vendor\json-schema-validator\src\json-uri.cpp:9:
[build] In file included from C:\Users\pperv\code\unnamed_rpg\vendor\json-schema-validator\src\nlohmann/json-schema.hpp:24:
[build] In file included from C:\Users\pperv\code\unnamed_rpg\vendor\json\include\nlohmann/json.hpp:44:
[build] In file included from C:\Users\pperv\code\unnamed_rpg\vendor\json\include\nlohmann/adl_serializer.hpp:14:
[build] In file included from C:\Users\pperv\code\unnamed_rpg\vendor\json\include\nlohmann/detail/conversions/from_json.hpp:24:
[build] C:\Users\pperv\code\unnamed_rpg\vendor\json\include\nlohmann/detail/exceptions.hpp(54,39): warning: noexcept specifications are incompatible with C++98 [-Wc++98-compat]
[build]    54 |     const char* what() const noexcept override
[build]       |                                       ^
[build] C:\Users\pperv\code\unnamed_rpg\vendor\json\include\nlohmann/detail/exceptions.hpp(54,39): warning: 'override' keyword is incompatible with C++98 [-Wc++98-compat]
[build] C:\Users\pperv\code\unnamed_rpg\vendor\json\include\nlohmann/detail/exceptions.hpp(178,106): warning: default template arguments for a function template are incompatible with C++98 [-Wc++98-compat]
[build]   178 |     template<typename BasicJsonContext, enable_if_t<is_basic_json_context<BasicJsonContext>::value, int> = 0>
[build]       |                                                                                                          ^ ~
[build] C:\Users\pperv\code\unnamed_rpg\vendor\json\include\nlohmann/detail/exceptions.hpp(186,106): warning: default template arguments for a function template are incompatible with C++98 [-Wc++98-compat]
[build]   186 |     template<typename BasicJsonContext, enable_if_t<is_basic_json_context<BasicJsonContext>::value, int> = 0>
[build]       |                                                                                                          ^ ~
[build] C:\Users\pperv\code\unnamed_rpg\vendor\json\include\nlohmann/detail/exceptions.hpp(143,24): warning: padding class 'nlohmann::detail::exception' with 4 bytes to align 'm' [-Wpadded]
[build]   143 |     std::runtime_error m;
[build]       |                        ^
[build] C:\Users\pperv\code\unnamed_rpg\vendor\json\include\nlohmann/detail/exceptions.hpp(222,106): warning: default template arguments for a function template are incompatible with C++98 [-Wc++98-compat]
[build]   222 |     template<typename BasicJsonContext, enable_if_t<is_basic_json_context<BasicJsonContext>::value, int> = 0>
[build]       |                                                                                                          ^ ~
[build] C:\Users\pperv\code\unnamed_rpg\vendor\json\include\nlohmann/detail/exceptions.hpp(240,106): warning: default template arguments for a function template are incompatible with C++98 [-Wc++98-compat]
[build]   240 |     template<typename BasicJsonContext, enable_if_t<is_basic_json_context<BasicJsonContext>::value, int> = 0>
[build]       |                                                                                                          ^ ~
[build] C:\Users\pperv\code\unnamed_rpg\vendor\json\include\nlohmann/detail/exceptions.hpp(257,106): warning: default template arguments for a function template are incompatible with C++98 [-Wc++98-compat]
[build]   257 |     template<typename BasicJsonContext, enable_if_t<is_basic_json_context<BasicJsonContext>::value, int> = 0>
[build]       |                                                                                                          ^ ~
[build] C:\Users\pperv\code\unnamed_rpg\vendor\json\include\nlohmann/detail/exceptions.hpp(274,106): warning: default template arguments for a function template are incompatible with C++98 [-Wc++98-compat]
[build]   274 |     template<typename BasicJsonContext, enable_if_t<is_basic_json_context<BasicJsonContext>::value, int> = 0>
[build]       |                                                                                                          ^ ~
[build] In file included from C:\Users\pperv\code\unnamed_rpg\vendor\json-schema-validator\src\json-uri.cpp:9:
[build] In file included from C:\Users\pperv\code\unnamed_rpg\vendor\json-schema-validator\src\nlohmann/json-schema.hpp:24:
[build] In file included from C:\Users\pperv\code\unnamed_rpg\vendor\json\include\nlohmann/json.hpp:44:
[build] In file included from C:\Users\pperv\code\unnamed_rpg\vendor\json\include\nlohmann/adl_serializer.hpp:14:
[build] In file included from C:\Users\pperv\code\unnamed_rpg\vendor\json\include\nlohmann/detail/conversions/from_json.hpp:27:
[build] C:\Users\pperv\code\unnamed_rpg\vendor\json\include\nlohmann/detail/meta/identity_tag.hpp(13,1): warning: empty macro arguments are incompatible with C++98 [-Wc++98-compat-pedantic]
[build]    13 | NLOHMANN_JSON_NAMESPACE_BEGIN
[build]       | ^
[build] C:\Users\pperv\code\unnamed_rpg\vendor\json\include\nlohmann/detail/abi_macros.hpp(102,17): note: expanded from macro 'NLOHMANN_JSON_NAMESPACE_BEGIN'
[build]   102 |                 NLOHMANN_JSON_ABI_TAGS,              \
[build]       |                 ^
[build] C:\Users\pperv\code\unnamed_rpg\vendor\json\include\nlohmann/detail/abi_macros.hpp(65,5): note: expanded from macro 'NLOHMANN_JSON_ABI_TAGS'
[build]    65 |     NLOHMANN_JSON_ABI_TAGS_CONCAT(                                   \
[build]       |     ^
[build] C:\Users\pperv\code\unnamed_rpg\vendor\json\include\nlohmann/detail/abi_macros.hpp(62,39): note: expanded from macro 'NLOHMANN_JSON_ABI_TAGS_CONCAT'
[build]    62 |     NLOHMANN_JSON_ABI_TAGS_CONCAT_EX(a, b, c)
[build]       |                                       ^
[build] In file included from C:\Users\pperv\code\unnamed_rpg\vendor\json-schema-validator\src\json-uri.cpp:9:
[build] In file included from C:\Users\pperv\code\unnamed_rpg\vendor\json-schema-validator\src\nlohmann/json-schema.hpp:24:
[build] In file included from C:\Users\pperv\code\unnamed_rpg\vendor\json\include\nlohmann/json.hpp:44:
[build] In file included from C:\Users\pperv\code\unnamed_rpg\vendor\json\include\nlohmann/adl_serializer.hpp:14:
[build] In file included from C:\Users\pperv\code\unnamed_rpg\vendor\json\include\nlohmann/detail/conversions/from_json.hpp:27:
[build] C:\Users\pperv\code\unnamed_rpg\vendor\json\include\nlohmann/detail/meta/identity_tag.hpp(13,1): warning: empty macro arguments are incompatible with C++98 [-Wc++98-compat-pedantic]
[build] C:\Users\pperv\code\unnamed_rpg\vendor\json\include\nlohmann/detail/abi_macros.hpp(102,17): note: expanded from macro 'NLOHMANN_JSON_NAMESPACE_BEGIN'
[build]   102 |                 NLOHMANN_JSON_ABI_TAGS,              \
[build]       |                 ^
[build] C:\Users\pperv\code\unnamed_rpg\vendor\json\include\nlohmann/detail/abi_macros.hpp(65,5): note: expanded from macro 'NLOHMANN_JSON_ABI_TAGS'
[build]    65 |     NLOHMANN_JSON_ABI_TAGS_CONCAT(                                   \
[build]       |     ^
[build] C:\Users\pperv\code\unnamed_rpg\vendor\json\include\nlohmann/detail/abi_macros.hpp(62,42): note: expanded from macro 'NLOHMANN_JSON_ABI_TAGS_CONCAT'
[build]    62 |     NLOHMANN_JSON_ABI_TAGS_CONCAT_EX(a, b, c)
[build]       |                                          ^
[build] In file included from C:\Users\pperv\code\unnamed_rpg\vendor\json-schema-validator\src\json-uri.cpp:9:
[build] In file included from C:\Users\pperv\code\unnamed_rpg\vendor\json-schema-validator\src\nlohmann/json-schema.hpp:24:
[build] In file included from C:\Users\pperv\code\unnamed_rpg\vendor\json\include\nlohmann/json.hpp:44:
[build] In file included from C:\Users\pperv\code\unnamed_rpg\vendor\json\include\nlohmann/adl_serializer.hpp:14:
[build] In file included from C:\Users\pperv\code\unnamed_rpg\vendor\json\include\nlohmann/detail/conversions/from_json.hpp:27:
[build] C:\Users\pperv\code\unnamed_rpg\vendor\json\include\nlohmann/detail/meta/identity_tag.hpp(13,1): warning: empty macro arguments are incompatible with C++98 [-Wc++98-compat-pedantic]
[build] C:\Users\pperv\code\unnamed_rpg\vendor\json\include\nlohmann/detail/abi_macros.hpp(102,17): note: expanded from macro 'NLOHMANN_JSON_NAMESPACE_BEGIN'
[build]   102 |                 NLOHMANN_JSON_ABI_TAGS,              \
[build]       |                 ^
[build] C:\Users\pperv\code\unnamed_rpg\vendor\json\include\nlohmann/detail/abi_macros.hpp(65,5): note: expanded from macro 'NLOHMANN_JSON_ABI_TAGS'
[build]    65 |     NLOHMANN_JSON_ABI_TAGS_CONCAT(                                   \
[build]       |     ^
[build] C:\Users\pperv\code\unnamed_rpg\vendor\json\include\nlohmann/detail/abi_macros.hpp(62,45): note: expanded from macro 'NLOHMANN_JSON_ABI_TAGS_CONCAT'
[build]    62 |     NLOHMANN_JSON_ABI_TAGS_CONCAT_EX(a, b, c)
[build]       |                                             ^
[build] In file included from C:\Users\pperv\code\unnamed_rpg\vendor\json-schema-validator\src\json-uri.cpp:9:
[build] In file included from C:\Users\pperv\code\unnamed_rpg\vendor\json-schema-validator\src\nlohmann/json-schema.hpp:24:
[build] In file included from C:\Users\pperv\code\unnamed_rpg\vendor\json\include\nlohmann/json.hpp:44:
[build] In file included from C:\Users\pperv\code\unnamed_rpg\vendor\json\include\nlohmann/adl_serializer.hpp:14:
[build] In file included from C:\Users\pperv\code\unnamed_rpg\vendor\json\include\nlohmann/detail/conversions/from_json.hpp:27:
[build] C:\Users\pperv\code\unnamed_rpg\vendor\json\include\nlohmann/detail/meta/identity_tag.hpp(13,1): warning: inline namespaces are incompatible with C++98 [-Wc++98-compat]
[build] C:\Users\pperv\code\unnamed_rpg\vendor\json\include\nlohmann/detail/abi_macros.hpp(101,5): note: expanded from macro 'NLOHMANN_JSON_NAMESPACE_BEGIN'
[build]   101 |     inline namespace NLOHMANN_JSON_NAMESPACE_CONCAT( \
[build]       |     ^
[build] In file included from C:\Users\pperv\code\unnamed_rpg\vendor\json-schema-validator\src\json-uri.cpp:9:
[build] In file included from C:\Users\pperv\code\unnamed_rpg\vendor\json-schema-validator\src\nlohmann/json-schema.hpp:24:
[build] In file included from C:\Users\pperv\code\unnamed_rpg\vendor\json\include\nlohmann/json.hpp:44:
[build] In file included from C:\Users\pperv\code\unnamed_rpg\vendor\json\include\nlohmann/adl_serializer.hpp:14:
[build] In file included from C:\Users\pperv\code\unnamed_rpg\vendor\json\include\nlohmann/detail/conversions/from_json.hpp:30:
[build] C:\Users\pperv\code\unnamed_rpg\vendor\json\include\nlohmann/detail/meta/logic.hpp(5,1): warning: empty macro arguments are incompatible with C++98 [-Wc++98-compat-pedantic]
[build]     5 | NLOHMANN_JSON_NAMESPACE_BEGIN
[build]       | ^
[build] C:\Users\pperv\code\unnamed_rpg\vendor\json\include\nlohmann/detail/abi_macros.hpp(102,17): note: expanded from macro 'NLOHMANN_JSON_NAMESPACE_BEGIN'
[build]   102 |                 NLOHMANN_JSON_ABI_TAGS,              \
[build]       |                 ^
[build] C:\Users\pperv\code\unnamed_rpg\vendor\json\include\nlohmann/detail/abi_macros.hpp(65,5): note: expanded from macro 'NLOHMANN_JSON_ABI_TAGS'
[build]    65 |     NLOHMANN_JSON_ABI_TAGS_CONCAT(                                   \
[build]       |     ^
[build] C:\Users\pperv\code\unnamed_rpg\vendor\json\include\nlohmann/detail/abi_macros.hpp(62,39): note: expanded from macro 'NLOHMANN_JSON_ABI_TAGS_CONCAT'
[build]    62 |     NLOHMANN_JSON_ABI_TAGS_CONCAT_EX(a, b, c)
[build]       |                                       ^
[build] In file included from C:\Users\pperv\code\unnamed_rpg\vendor\json-schema-validator\src\json-uri.cpp:9:
[build] In file included from C:\Users\pperv\code\unnamed_rpg\vendor\json-schema-validator\src\nlohmann/json-schema.hpp:24:
[build] In file included from C:\Users\pperv\code\unnamed_rpg\vendor\json\include\nlohmann/json.hpp:44:
[build] In file included from C:\Users\pperv\code\unnamed_rpg\vendor\json\include\nlohmann/adl_serializer.hpp:14:
[build] In file included from C:\Users\pperv\code\unnamed_rpg\vendor\json\include\nlohmann/detail/conversions/from_json.hpp:30:
[build] C:\Users\pperv\code\unnamed_rpg\vendor\json\include\nlohmann/detail/meta/logic.hpp(5,1): warning: empty macro arguments are incompatible with C++98 [-Wc++98-compat-pedantic]
[build] C:\Users\pperv\code\unnamed_rpg\vendor\json\include\nlohmann/detail/abi_macros.hpp(102,17): note: expanded from macro 'NLOHMANN_JSON_NAMESPACE_BEGIN'
[build]   102 |                 NLOHMANN_JSON_ABI_TAGS,              \
[build]       |                 ^
[build] C:\Users\pperv\code\unnamed_rpg\vendor\json\include\nlohmann/detail/abi_macros.hpp(65,5): note: expanded from macro 'NLOHMANN_JSON_ABI_TAGS'
[build]    65 |     NLOHMANN_JSON_ABI_TAGS_CONCAT(                                   \
[build]       |     ^
[build] C:\Users\pperv\code\unnamed_rpg\vendor\json\include\nlohmann/detail/abi_macros.hpp(62,42): note: expanded from macro 'NLOHMANN_JSON_ABI_TAGS_CONCAT'
[build]    62 |     NLOHMANN_JSON_ABI_TAGS_CONCAT_EX(a, b, c)
[build]       |                                          ^
[build] In file included from C:\Users\pperv\code\unnamed_rpg\vendor\json-schema-validator\src\json-uri.cpp:9:
[build] In file included from C:\Users\pperv\code\unnamed_rpg\vendor\json-schema-validator\src\nlohmann/json-schema.hpp:24:
[build] In file included from C:\Users\pperv\code\unnamed_rpg\vendor\json\include\nlohmann/json.hpp:44:
[build] In file included from C:\Users\pperv\code\unnamed_rpg\vendor\json\include\nlohmann/adl_serializer.hpp:14:
[build] In file included from C:\Users\pperv\code\unnamed_rpg\vendor\json\include\nlohmann/detail/conversions/from_json.hpp:30:
[build] C:\Users\pperv\code\unnamed_rpg\vendor\json\include\nlohmann/detail/meta/logic.hpp(5,1): warning: empty macro arguments are incompatible with C++98 [-Wc++98-compat-pedantic]
[build] C:\Users\pperv\code\unnamed_rpg\vendor\json\include\nlohmann/detail/abi_macros.hpp(102,17): note: expanded from macro 'NLOHMANN_JSON_NAMESPACE_BEGIN'
[build]   102 |                 NLOHMANN_JSON_ABI_TAGS,              \
[build]       |                 ^
[build] C:\Users\pperv\code\unnamed_rpg\vendor\json\include\nlohmann/detail/abi_macros.hpp(65,5): note: expanded from macro 'NLOHMANN_JSON_ABI_TAGS'
[build]    65 |     NLOHMANN_JSON_ABI_TAGS_CONCAT(                                   \
[build]       |     ^
[build] C:\Users\pperv\code\unnamed_rpg\vendor\json\include\nlohmann/detail/abi_macros.hpp(62,45): note: expanded from macro 'NLOHMANN_JSON_ABI_TAGS_CONCAT'
[build]    62 |     NLOHMANN_JSON_ABI_TAGS_CONCAT_EX(a, b, c)
[build]       |                                             ^
[build] In file included from C:\Users\pperv\code\unnamed_rpg\vendor\json-schema-validator\src\json-uri.cpp:9:
[build] In file included from C:\Users\pperv\code\unnamed_rpg\vendor\json-schema-validator\src\nlohmann/json-schema.hpp:24:
[build] In file included from C:\Users\pperv\code\unnamed_rpg\vendor\json\include\nlohmann/json.hpp:44:
[build] In file included from C:\Users\pperv\code\unnamed_rpg\vendor\json\include\nlohmann/adl_serializer.hpp:14:
[build] In file included from C:\Users\pperv\code\unnamed_rpg\vendor\json\include\nlohmann/detail/conversions/from_json.hpp:30:
[build] C:\Users\pperv\code\unnamed_rpg\vendor\json\include\nlohmann/detail/meta/logic.hpp(5,1): warning: inline namespaces are incompatible with C++98 [-Wc++98-compat]
[build] C:\Users\pperv\code\unnamed_rpg\vendor\json\include\nlohmann/detail/abi_macros.hpp(101,5): note: expanded from macro 'NLOHMANN_JSON_NAMESPACE_BEGIN'
[build]   101 |     inline namespace NLOHMANN_JSON_NAMESPACE_CONCAT( \
[build]       |     ^
[build] In file included from C:\Users\pperv\code\unnamed_rpg\vendor\json-schema-validator\src\json-uri.cpp:9:
[build] In file included from C:\Users\pperv\code\unnamed_rpg\vendor\json-schema-validator\src\nlohmann/json-schema.hpp:24:
[build] In file included from C:\Users\pperv\code\unnamed_rpg\vendor\json\include\nlohmann/json.hpp:44:
[build] In file included from C:\Users\pperv\code\unnamed_rpg\vendor\json\include\nlohmann/adl_serializer.hpp:14:
[build] In file included from C:\Users\pperv\code\unnamed_rpg\vendor\json\include\nlohmann/detail/conversions/from_json.hpp:30:
[build] C:\Users\pperv\code\unnamed_rpg\vendor\json\include\nlohmann/detail/meta/logic.hpp(18,14): warning: variadic templates are incompatible with C++98 [-Wc++98-compat]
[build]    18 | template<bool... Booleans>
[build]       |              ^
[build] C:\Users\pperv\code\unnamed_rpg\vendor\json\include\nlohmann/detail/meta/logic.hpp(21,14): warning: variadic templates are incompatible with C++98 [-Wc++98-compat]
[build]    21 | template<bool... Booleans>
[build]       |              ^
[build] C:\Users\pperv\code\unnamed_rpg\vendor\json\include\nlohmann/detail/meta/logic.hpp(24,14): warning: variadic templates are incompatible with C++98 [-Wc++98-compat]
[build]    24 | template<bool... Booleans>
[build]       |              ^
[build] C:\Users\pperv\code\unnamed_rpg\vendor\json\include\nlohmann/detail/meta/logic.hpp(27,14): warning: variadic templates are incompatible with C++98 [-Wc++98-compat]
[build]    27 | template<bool... Booleans>
[build]       |              ^
[build] C:\Users\pperv\code\unnamed_rpg\vendor\json\include\nlohmann/detail/meta/logic.hpp(30,14): warning: variadic templates are incompatible with C++98 [-Wc++98-compat]
[build]    30 | template<bool... Booleans>
[build]       |              ^
[build] C:\Users\pperv\code\unnamed_rpg\vendor\json\include\nlohmann/detail/meta/logic.hpp(33,14): warning: variadic templates are incompatible with C++98 [-Wc++98-compat]
[build]    33 | template<bool... Booleans>
[build]       |              ^
[build] C:\Users\pperv\code\unnamed_rpg\vendor\json\include\nlohmann/detail/meta/logic.hpp(41,15): warning: variadic templates are incompatible with C++98 [-Wc++98-compat]
[build]    41 | template<class... Booleans>
[build]       |               ^
[build] C:\Users\pperv\code\unnamed_rpg\vendor\json\include\nlohmann/detail/meta/logic.hpp(44,14): warning: variadic templates are incompatible with C++98 [-Wc++98-compat]
[build]    44 | template<bool... Booleans>
[build]       |              ^
[build] C:\Users\pperv\code\unnamed_rpg\vendor\json\include\nlohmann/detail/meta/logic.hpp(47,15): warning: variadic templates are incompatible with C++98 [-Wc++98-compat]
[build]    47 | template<class... Booleans>
[build]       |               ^
[build] C:\Users\pperv\code\unnamed_rpg\vendor\json\include\nlohmann/detail/meta/logic.hpp(50,14): warning: variadic templates are incompatible with C++98 [-Wc++98-compat]
[build]    50 | template<bool... Booleans>
[build]       |              ^
[build] In file included from C:\Users\pperv\code\unnamed_rpg\vendor\json-schema-validator\src\json-uri.cpp:9:
[build] In file included from C:\Users\pperv\code\unnamed_rpg\vendor\json-schema-validator\src\nlohmann/json-schema.hpp:24:
[build] In file included from C:\Users\pperv\code\unnamed_rpg\vendor\json\include\nlohmann/json.hpp:44:
[build] In file included from C:\Users\pperv\code\unnamed_rpg\vendor\json\include\nlohmann/adl_serializer.hpp:14:
[build] C:\Users\pperv\code\unnamed_rpg\vendor\json\include\nlohmann/detail/conversions/from_json.hpp(43,1): warning: empty macro arguments are incompatible with C++98 [-Wc++98-compat-pedantic]
[build]    43 | NLOHMANN_JSON_NAMESPACE_BEGIN
[build]       | ^
[build] C:\Users\pperv\code\unnamed_rpg\vendor\json\include\nlohmann/detail/abi_macros.hpp(102,17): note: expanded from macro 'NLOHMANN_JSON_NAMESPACE_BEGIN'
[build]   102 |                 NLOHMANN_JSON_ABI_TAGS,              \
[build]       |                 ^
[build] C:\Users\pperv\code\unnamed_rpg\vendor\json\include\nlohmann/detail/abi_macros.hpp(65,5): note: expanded from macro 'NLOHMANN_JSON_ABI_TAGS'
[build]    65 |     NLOHMANN_JSON_ABI_TAGS_CONCAT(                                   \
[build]       |     ^
[build] C:\Users\pperv\code\unnamed_rpg\vendor\json\include\nlohmann/detail/abi_macros.hpp(62,39): note: expanded from macro 'NLOHMANN_JSON_ABI_TAGS_CONCAT'
[build]    62 |     NLOHMANN_JSON_ABI_TAGS_CONCAT_EX(a, b, c)
[build]       |                                       ^
[build] In file included from C:\Users\pperv\code\unnamed_rpg\vendor\json-schema-validator\src\json-uri.cpp:9:
[build] In file included from C:\Users\pperv\code\unnamed_rpg\vendor\json-schema-validator\src\nlohmann/json-schema.hpp:24:
[build] In file included from C:\Users\pperv\code\unnamed_rpg\vendor\json\include\nlohmann/json.hpp:44:
[build] In file included from C:\Users\pperv\code\unnamed_rpg\vendor\json\include\nlohmann/adl_serializer.hpp:14:
[build] C:\Users\pperv\code\unnamed_rpg\vendor\json\include\nlohmann/detail/conversions/from_json.hpp(43,1): warning: empty macro arguments are incompatible with C++98 [-Wc++98-compat-pedantic]
[build] C:\Users\pperv\code\unnamed_rpg\vendor\json\include\nlohmann/detail/abi_macros.hpp(102,17): note: expanded from macro 'NLOHMANN_JSON_NAMESPACE_BEGIN'
[build]   102 |                 NLOHMANN_JSON_ABI_TAGS,              \
[build]       |                 ^
[build] C:\Users\pperv\code\unnamed_rpg\vendor\json\include\nlohmann/detail/abi_macros.hpp(65,5): note: expanded from macro 'NLOHMANN_JSON_ABI_TAGS'
[build]    65 |     NLOHMANN_JSON_ABI_TAGS_CONCAT(                                   \
[build]       |     ^
[build] C:\Users\pperv\code\unnamed_rpg\vendor\json\include\nlohmann/detail/abi_macros.hpp(62,42): note: expanded from macro 'NLOHMANN_JSON_ABI_TAGS_CONCAT'
[build]    62 |     NLOHMANN_JSON_ABI_TAGS_CONCAT_EX(a, b, c)
[build]       |                                          ^
[build] In file included from C:\Users\pperv\code\unnamed_rpg\vendor\json-schema-validator\src\json-uri.cpp:9:
[build] In file included from C:\Users\pperv\code\unnamed_rpg\vendor\json-schema-validator\src\nlohmann/json-schema.hpp:24:
[build] In file included from C:\Users\pperv\code\unnamed_rpg\vendor\json\include\nlohmann/json.hpp:44:
[build] In file included from C:\Users\pperv\code\unnamed_rpg\vendor\json\include\nlohmann/adl_serializer.hpp:14:
[build] C:\Users\pperv\code\unnamed_rpg\vendor\json\include\nlohmann/detail/conversions/from_json.hpp(43,1): warning: empty macro arguments are incompatible with C++98 [-Wc++98-compat-pedantic]
[build] C:\Users\pperv\code\unnamed_rpg\vendor\json\include\nlohmann/detail/abi_macros.hpp(102,17): note: expanded from macro 'NLOHMANN_JSON_NAMESPACE_BEGIN'
[build]   102 |                 NLOHMANN_JSON_ABI_TAGS,              \
[build]       |                 ^
[build] C:\Users\pperv\code\unnamed_rpg\vendor\json\include\nlohmann/detail/abi_macros.hpp(65,5): note: expanded from macro 'NLOHMANN_JSON_ABI_TAGS'
[build]    65 |     NLOHMANN_JSON_ABI_TAGS_CONCAT(                                   \
[build]       |     ^
[build] C:\Users\pperv\code\unnamed_rpg\vendor\json\include\nlohmann/detail/abi_macros.hpp(62,45): note: expanded from macro 'NLOHMANN_JSON_ABI_TAGS_CONCAT'
[build]    62 |     NLOHMANN_JSON_ABI_TAGS_CONCAT_EX(a, b, c)
[build]       |                                             ^
[build] In file included from C:\Users\pperv\code\unnamed_rpg\vendor\json-schema-validator\src\json-uri.cpp:9:
[build] In file included from C:\Users\pperv\code\unnamed_rpg\vendor\json-schema-validator\src\nlohmann/json-schema.hpp:24:
[build] In file included from C:\Users\pperv\code\unnamed_rpg\vendor\json\include\nlohmann/json.hpp:44:
[build] In file included from C:\Users\pperv\code\unnamed_rpg\vendor\json\include\nlohmann/adl_serializer.hpp:14:
[build] C:\Users\pperv\code\unnamed_rpg\vendor\json\include\nlohmann/detail/conversions/from_json.hpp(43,1): warning: inline namespaces are incompatible with C++98 [-Wc++98-compat]
[build] C:\Users\pperv\code\unnamed_rpg\vendor\json\include\nlohmann/detail/abi_macros.hpp(101,5): note: expanded from macro 'NLOHMANN_JSON_NAMESPACE_BEGIN'
[build]   101 |     inline namespace NLOHMANN_JSON_NAMESPACE_CONCAT( \
[build]       |     ^
[build] In file included from C:\Users\pperv\code\unnamed_rpg\vendor\json-schema-validator\src\json-uri.cpp:9:
[build] In file included from C:\Users\pperv\code\unnamed_rpg\vendor\json-schema-validator\src\nlohmann/json-schema.hpp:24:
[build] In file included from C:\Users\pperv\code\unnamed_rpg\vendor\json\include\nlohmann/json.hpp:44:
[build] In file included from C:\Users\pperv\code\unnamed_rpg\vendor\json\include\nlohmann/adl_serializer.hpp:14:
[build] C:\Users\pperv\code\unnamed_rpg\vendor\json\include\nlohmann/detail/conversions/from_json.hpp(77,32): warning: default template arguments for a function template are incompatible with C++98 [-Wc++98-compat]
[build]    77 |                          int > = 0 >
[build]       |                                ^ ~
[build] C:\Users\pperv\code\unnamed_rpg\vendor\json\include\nlohmann/detail/conversions/from_json.hpp(136,51): warning: default template arguments for a function template are incompatible with C++98 [-Wc++98-compat]
[build]   136 |         && !is_json_ref<StringType>::value, int > = 0 >
[build]       |                                                   ^ ~
[build] C:\Users\pperv\code\unnamed_rpg\vendor\json\include\nlohmann/detail/conversions/from_json.hpp(167,58): warning: default template arguments for a function template are incompatible with C++98 [-Wc++98-compat]
[build]   167 |          enable_if_t<std::is_enum<EnumType>::value, int> = 0>
[build]       |                                                          ^ ~
[build] C:\Users\pperv\code\unnamed_rpg\vendor\json\include\nlohmann/detail/conversions/from_json.hpp(178,64): warning: default template arguments for a function template are incompatible with C++98 [-Wc++98-compat]
[build]   178 |          enable_if_t<is_getable<BasicJsonType, T>::value, int> = 0>
[build]       |                                                                ^ ~
[build] C:\Users\pperv\code\unnamed_rpg\vendor\json\include\nlohmann/detail/conversions/from_json.hpp(195,64): warning: default template arguments for a function template are incompatible with C++98 [-Wc++98-compat]
[build]   195 |          enable_if_t<is_getable<BasicJsonType, T>::value, int> = 0>
[build]       |                                                                ^ ~
[build] C:\Users\pperv\code\unnamed_rpg\vendor\json\include\nlohmann/detail/conversions/from_json.hpp(212,1): warning: trailing return types are incompatible with C++98 [-Wc++98-compat]
[build]   212 | -> decltype(j.template get<T>(), void())
[build]       | ^
[build] C:\Users\pperv\code\unnamed_rpg\vendor\json\include\nlohmann/detail/conversions/from_json.hpp(212,4): warning: 'decltype' type specifier is incompatible with C++98 [-Wc++98-compat]
[build]   212 | -> decltype(j.template get<T>(), void())
[build]       |    ^
[build] C:\Users\pperv\code\unnamed_rpg\vendor\json\include\nlohmann/detail/conversions/from_json.hpp(222,1): warning: trailing return types are incompatible with C++98 [-Wc++98-compat]
[build]   222 | -> decltype(j.template get<T>(), void())
[build]       | ^
[build] C:\Users\pperv\code\unnamed_rpg\vendor\json\include\nlohmann/detail/conversions/from_json.hpp(222,4): warning: 'decltype' type specifier is incompatible with C++98 [-Wc++98-compat]
[build]   222 | -> decltype(j.template get<T>(), void())
[build]       |    ^
[build] C:\Users\pperv\code\unnamed_rpg\vendor\json\include\nlohmann/detail/conversions/from_json.hpp(235,1): warning: trailing return types are incompatible with C++98 [-Wc++98-compat]
[build]   235 | -> decltype(j.template get<T>(), void())
[build]       | ^
[build] C:\Users\pperv\code\unnamed_rpg\vendor\json\include\nlohmann/detail/conversions/from_json.hpp(235,4): warning: 'decltype' type specifier is incompatible with C++98 [-Wc++98-compat]
[build]   235 | -> decltype(j.template get<T>(), void())
[build]       |    ^
[build] C:\Users\pperv\code\unnamed_rpg\vendor\json\include\nlohmann/detail/conversions/from_json.hpp(251,1): warning: trailing return types are incompatible with C++98 [-Wc++98-compat]
[build]   251 | -> decltype(j.template get<T>(), void())
[build]       | ^
[build] C:\Users\pperv\code\unnamed_rpg\vendor\json\include\nlohmann/detail/conversions/from_json.hpp(251,4): warning: 'decltype' type specifier is incompatible with C++98 [-Wc++98-compat]
[build]   251 | -> decltype(j.template get<T>(), void())
[build]       |    ^
[build] C:\Users\pperv\code\unnamed_rpg\vendor\json\include\nlohmann/detail/conversions/from_json.hpp(277,1): warning: trailing return types are incompatible with C++98 [-Wc++98-compat]
[build]   277 | -> decltype(j.template get<T>(), void())
[build]       | ^
[build] C:\Users\pperv\code\unnamed_rpg\vendor\json\include\nlohmann/detail/conversions/from_json.hpp(277,4): warning: 'decltype' type specifier is incompatible with C++98 [-Wc++98-compat]
[build]   277 | -> decltype(j.template get<T>(), void())
[build]       |    ^
[build] C:\Users\pperv\code\unnamed_rpg\vendor\json\include\nlohmann/detail/conversions/from_json.hpp(290,1): warning: trailing return types are incompatible with C++98 [-Wc++98-compat]
[build]   290 | -> decltype(
[build]       | ^
[build] C:\Users\pperv\code\unnamed_rpg\vendor\json\include\nlohmann/detail/conversions/from_json.hpp(290,4): warning: 'decltype' type specifier is incompatible with C++98 [-Wc++98-compat]
[build]   290 | -> decltype(
[build]       |    ^
[build] C:\Users\pperv\code\unnamed_rpg\vendor\json\include\nlohmann/detail/conversions/from_json.hpp(288,19): warning: default template arguments for a function template are incompatible with C++98 [-Wc++98-compat]
[build]   288 |              int> = 0>
[build]       |                   ^ ~
[build] C:\Users\pperv\code\unnamed_rpg\vendor\json\include\nlohmann/detail/conversions/from_json.hpp(312,19): warning: default template arguments for a function template are incompatible with C++98 [-Wc++98-compat]
[build]   312 |              int> = 0>
[build]       |                   ^ ~
[build] C:\Users\pperv\code\unnamed_rpg\vendor\json\include\nlohmann/detail/conversions/from_json.hpp(340,1): warning: trailing return types are incompatible with C++98 [-Wc++98-compat]
[build]   340 | -> decltype(from_json_array_impl(j, arr, priority_tag<3> {}),
[build]       | ^
[build] C:\Users\pperv\code\unnamed_rpg\vendor\json\include\nlohmann/detail/conversions/from_json.hpp(340,4): warning: 'decltype' type specifier is incompatible with C++98 [-Wc++98-compat]
[build]   340 | -> decltype(from_json_array_impl(j, arr, priority_tag<3> {}),
[build]       |    ^
[build] C:\Users\pperv\code\unnamed_rpg\vendor\json\include\nlohmann/detail/conversions/from_json.hpp(340,58): warning: generalized initializer lists are incompatible with C++98 [-Wc++98-compat]
[build]   340 | -> decltype(from_json_array_impl(j, arr, priority_tag<3> {}),
[build]       |                                                          ^
[build] C:\Users\pperv\code\unnamed_rpg\vendor\json\include\nlohmann/detail/conversions/from_json.hpp(340,58): warning: constructor call from initializer list is incompatible with C++98 [-Wc++98-compat]
[build]   340 | -> decltype(from_json_array_impl(j, arr, priority_tag<3> {}),
[build]       |                                                          ^~
[build] C:\Users\pperv\code\unnamed_rpg\vendor\json\include\nlohmann/detail/conversions/from_json.hpp(338,22): warning: default template arguments for a function template are incompatible with C++98 [-Wc++98-compat]
[build]   338 |                int > = 0 >
[build]       |                      ^ ~
[build] C:\Users\pperv\code\unnamed_rpg\vendor\json\include\nlohmann/detail/conversions/from_json.hpp(352,59): warning: variadic templates are incompatible with C++98 [-Wc++98-compat]
[build]   352 | template < typename BasicJsonType, typename T, std::size_t... Idx >
[build]       |                                                           ^
[build] C:\Users\pperv\code\unnamed_rpg\vendor\json\include\nlohmann/detail/conversions/from_json.hpp(353,73): warning: rvalue references are incompatible with C++98 [-Wc++98-compat]
[build]   353 | std::array<T, sizeof...(Idx)> from_json_inplace_array_impl(BasicJsonType&& j,
[build]       |                                                                         ^
[build] C:\Users\pperv\code\unnamed_rpg\vendor\json\include\nlohmann/detail/conversions/from_json.hpp(354,63): warning: consecutive right angle brackets are incompatible with C++98 (use '> >') [-Wc++98-compat]
[build]   354 |                      identity_tag<std::array<T, sizeof...(Idx)>> /*unused*/, index_sequence<Idx...> /*unused*/)
[build]       |                                                               ^~
[build]       |                                                               > >
[build] C:\Users\pperv\code\unnamed_rpg\vendor\json\include\nlohmann/detail/conversions/from_json.hpp(360,29): warning: rvalue references are incompatible with C++98 [-Wc++98-compat]
[build]   360 | auto from_json(BasicJsonType&& j, identity_tag<std::array<T, N>> tag)
[build]       |                             ^
[build] C:\Users\pperv\code\unnamed_rpg\vendor\json\include\nlohmann/detail/conversions/from_json.hpp(360,63): warning: consecutive right angle brackets are incompatible with C++98 (use '> >') [-Wc++98-compat]
[build]   360 | auto from_json(BasicJsonType&& j, identity_tag<std::array<T, N>> tag)
[build]       |                                                               ^~
[build]       |                                                               > >
[build] C:\Users\pperv\code\unnamed_rpg\vendor\json\include\nlohmann/detail/conversions/from_json.hpp(361,1): warning: trailing return types are incompatible with C++98 [-Wc++98-compat]
[build]   361 | -> decltype(from_json_inplace_array_impl(std::forward<BasicJsonType>(j), tag, make_index_sequence<N> {}))
[build]       | ^
[build] C:\Users\pperv\code\unnamed_rpg\vendor\json\include\nlohmann/detail/conversions/from_json.hpp(361,4): warning: 'decltype' type specifier is incompatible with C++98 [-Wc++98-compat]
[build]   361 | -> decltype(from_json_inplace_array_impl(std::forward<BasicJsonType>(j), tag, make_index_sequence<N> {}))
[build]       |    ^
[build] C:\Users\pperv\code\unnamed_rpg\vendor\json\include\nlohmann/detail/conversions/from_json.hpp(361,102): warning: generalized initializer lists are incompatible with C++98 [-Wc++98-compat]
[build]   361 | -> decltype(from_json_inplace_array_impl(std::forward<BasicJsonType>(j), tag, make_index_sequence<N> {}))
[build]       |                                                                                                      ^
[build] C:\Users\pperv\code\unnamed_rpg\vendor\json\include\nlohmann/detail/conversions/from_json.hpp(384,32): warning: default template arguments for a function template are incompatible with C++98 [-Wc++98-compat]
[build]   384 |                          int > = 0 >
[build]       |                                ^ ~
[build] C:\Users\pperv\code\unnamed_rpg\vendor\json\include\nlohmann/detail/conversions/from_json.hpp(402,104): warning: default template arguments for a function template are incompatible with C++98 [-Wc++98-compat]
[build]   402 |          enable_if_t<is_constructible_object_type<BasicJsonType, ConstructibleObjectType>::value, int> = 0>
[build]       |                                                                                                        ^ ~
[build] C:\Users\pperv\code\unnamed_rpg\vendor\json\include\nlohmann/detail/conversions/from_json.hpp(430,22): warning: default template arguments for a function template are incompatible with C++98 [-Wc++98-compat]
[build]   430 |                int > = 0 >
[build]       |                      ^ ~
[build] C:\Users\pperv\code\unnamed_rpg\vendor\json\include\nlohmann/detail/conversions/from_json.hpp(468,63): warning: rvalue references are incompatible with C++98 [-Wc++98-compat]
[build]   468 | detail::uncvref_t<Type> from_json_tuple_get_impl(BasicJsonType&& j, detail::identity_tag<Type> /*unused*/, detail::priority_tag<0> /*unused*/)
[build]       |                                                               ^
[build] C:\Users\pperv\code\unnamed_rpg\vendor\json\include\nlohmann/detail/conversions/from_json.hpp(475,45): warning: rvalue references are incompatible with C++98 [-Wc++98-compat]
[build]   475 | Type from_json_tuple_get_impl(BasicJsonType && j, detail::identity_tag<Type> /*unused*/, detail::priority_tag<1> /*unused*/)
[build]       |                                             ^
[build] C:\Users\pperv\code\unnamed_rpg\vendor\json\include\nlohmann/detail/conversions/from_json.hpp(474,101): warning: default template arguments for a function template are incompatible with C++98 [-Wc++98-compat]
[build]   474 |          detail::enable_if_t<detail::is_compatible_reference_type<BasicJsonType, Type>::value, int> = 0>
[build]       |                                                                                                     ^ ~
[build] C:\Users\pperv\code\unnamed_rpg\vendor\json\include\nlohmann/detail/conversions/from_json.hpp(481,63): warning: consecutive right angle brackets are incompatible with C++98 (use '> >') [-Wc++98-compat]
[build]   481 |          detail::enable_if_t<std::is_arithmetic<uncvref_t<Type>>::value, int> = 0>
[build]       |                                                               ^~
[build]       |                                                               > >
[build] C:\Users\pperv\code\unnamed_rpg\vendor\json\include\nlohmann/detail/conversions/from_json.hpp(482,64): warning: rvalue references are incompatible with C++98 [-Wc++98-compat]
[build]   482 | detail::uncvref_t<Type> from_json_tuple_get_impl(BasicJsonType && j, detail::identity_tag<Type> /*unused*/, detail::priority_tag<2> /*unused*/)
[build]       |                                                                ^
[build] C:\Users\pperv\code\unnamed_rpg\vendor\json\include\nlohmann/detail/conversions/from_json.hpp(481,79): warning: default template arguments for a function template are incompatible with C++98 [-Wc++98-compat]
[build]   481 |          detail::enable_if_t<std::is_arithmetic<uncvref_t<Type>>::value, int> = 0>
[build]       |                                                                               ^ ~
[build] C:\Users\pperv\code\unnamed_rpg\vendor\json\include\nlohmann/detail/conversions/from_json.hpp(487,65): warning: variadic templates are incompatible with C++98 [-Wc++98-compat]
[build]   487 | template<std::size_t PTagValue, typename BasicJsonType, typename... Types>
[build]       |                                                                 ^
[build] C:\Users\pperv\code\unnamed_rpg\vendor\json\include\nlohmann/detail/conversions/from_json.hpp(488,20): warning: alias declarations are incompatible with C++98 [-Wc++98-compat]
[build]   488 | using tuple_type = std::tuple < decltype(from_json_tuple_get_impl(std::declval<BasicJsonType>(), detail::identity_tag<Types> {}, detail::priority_tag<PTagValue> {}))... >;
[build]       |                    ^
[build] C:\Users\pperv\code\unnamed_rpg\vendor\json\include\nlohmann/detail/conversions/from_json.hpp(488,33): warning: 'decltype' type specifier is incompatible with C++98 [-Wc++98-compat]
[build]   488 | using tuple_type = std::tuple < decltype(from_json_tuple_get_impl(std::declval<BasicJsonType>(), detail::identity_tag<Types> {}, detail::priority_tag<PTagValue> {}))... >;
[build]       |                                 ^
[build] C:\Users\pperv\code\unnamed_rpg\vendor\json\include\nlohmann/detail/conversions/from_json.hpp(488,126): warning: generalized initializer lists are incompatible with C++98 [-Wc++98-compat]
[build]   488 | using tuple_type = std::tuple < decltype(from_json_tuple_get_impl(std::declval<BasicJsonType>(), detail::identity_tag<Types> {}, detail::priority_tag<PTagValue> {}))... >;
[build]       |                                                                                                                              ^
[build] C:\Users\pperv\code\unnamed_rpg\vendor\json\include\nlohmann/detail/conversions/from_json.hpp(488,162): warning: generalized initializer lists are incompatible with C++98 [-Wc++98-compat]
[build]   488 | using tuple_type = std::tuple < decltype(from_json_tuple_get_impl(std::declval<BasicJsonType>(), detail::identity_tag<Types> {}, detail::priority_tag<PTagValue> {}))... >;
[build]       |                                                                                                                                                                  ^
[build] C:\Users\pperv\code\unnamed_rpg\vendor\json\include\nlohmann/detail/conversions/from_json.hpp(490,41): warning: variadic templates are incompatible with C++98 [-Wc++98-compat]
[build]   490 | template<std::size_t PTagValue, typename... Args, typename BasicJsonType, std::size_t... Idx>
[build]       |                                         ^
[build] C:\Users\pperv\code\unnamed_rpg\vendor\json\include\nlohmann/detail/conversions/from_json.hpp(490,86): warning: variadic templates are incompatible with C++98 [-Wc++98-compat]
[build]   490 | template<std::size_t PTagValue, typename... Args, typename BasicJsonType, std::size_t... Idx>
[build]       |                                                                                      ^
[build] C:\Users\pperv\code\unnamed_rpg\vendor\json\include\nlohmann/detail/conversions/from_json.hpp(491,86): warning: rvalue references are incompatible with C++98 [-Wc++98-compat]
[build]   491 | tuple_type<PTagValue, BasicJsonType, Args...> from_json_tuple_impl_base(BasicJsonType&& j, index_sequence<Idx...> /*unused*/)
[build]       |                                                                                      ^
[build] C:\Users\pperv\code\unnamed_rpg\vendor\json\include\nlohmann/detail/conversions/from_json.hpp(503,53): warning: rvalue references are incompatible with C++98 [-Wc++98-compat]
[build]   503 | std::pair<A1, A2> from_json_tuple_impl(BasicJsonType&& j, identity_tag<std::pair<A1, A2>> /*unused*/, priority_tag<0> /*unused*/)
[build]       |                                                     ^
[build] C:\Users\pperv\code\unnamed_rpg\vendor\json\include\nlohmann/detail/conversions/from_json.hpp(503,88): warning: consecutive right angle brackets are incompatible with C++98 (use '> >') [-Wc++98-compat]
[build]   503 | std::pair<A1, A2> from_json_tuple_impl(BasicJsonType&& j, identity_tag<std::pair<A1, A2>> /*unused*/, priority_tag<0> /*unused*/)
[build]       |                                                                                        ^~
[build]       |                                                                                        > >
[build] C:\Users\pperv\code\unnamed_rpg\vendor\json\include\nlohmann/detail/conversions/from_json.hpp(510,47): warning: rvalue references are incompatible with C++98 [-Wc++98-compat]
[build]   510 | inline void from_json_tuple_impl(BasicJsonType&& j, std::pair<A1, A2>& p, priority_tag<1> /*unused*/)
[build]       |                                               ^
[build] C:\Users\pperv\code\unnamed_rpg\vendor\json\include\nlohmann/detail/conversions/from_json.hpp(515,42): warning: variadic templates are incompatible with C++98 [-Wc++98-compat]
[build]   515 | template<typename BasicJsonType, typename... Args>
[build]       |                                          ^
[build] C:\Users\pperv\code\unnamed_rpg\vendor\json\include\nlohmann/detail/conversions/from_json.hpp(516,55): warning: rvalue references are incompatible with C++98 [-Wc++98-compat]
[build]   516 | std::tuple<Args...> from_json_tuple_impl(BasicJsonType&& j, identity_tag<std::tuple<Args...>> /*unused*/, priority_tag<2> /*unused*/)
[build]       |                                                       ^
[build] C:\Users\pperv\code\unnamed_rpg\vendor\json\include\nlohmann/detail/conversions/from_json.hpp(516,92): warning: consecutive right angle brackets are incompatible with C++98 (use '> >') [-Wc++98-compat]
[build]   516 | std::tuple<Args...> from_json_tuple_impl(BasicJsonType&& j, identity_tag<std::tuple<Args...>> /*unused*/, priority_tag<2> /*unused*/)
[build]       |                                                                                            ^~
[build]       |                                                                                            > >
[build] C:\Users\pperv\code\unnamed_rpg\vendor\json\include\nlohmann/detail/conversions/from_json.hpp(523,42): warning: variadic templates are incompatible with C++98 [-Wc++98-compat]
[build]   523 | template<typename BasicJsonType, typename... Args>
[build]       |                                          ^
[build] C:\Users\pperv\code\unnamed_rpg\vendor\json\include\nlohmann/detail/conversions/from_json.hpp(524,47): warning: rvalue references are incompatible with C++98 [-Wc++98-compat]
[build]   524 | inline void from_json_tuple_impl(BasicJsonType&& j, std::tuple<Args...>& t, priority_tag<3> /*unused*/)
[build]       |                                               ^
[build] C:\Users\pperv\code\unnamed_rpg\vendor\json\include\nlohmann/detail/conversions/from_json.hpp(530,29): warning: rvalue references are incompatible with C++98 [-Wc++98-compat]
[build]   530 | auto from_json(BasicJsonType&& j, TupleRelated&& t)
[build]       |                             ^
[build] C:\Users\pperv\code\unnamed_rpg\vendor\json\include\nlohmann/detail/conversions/from_json.hpp(530,47): warning: rvalue references are incompatible with C++98 [-Wc++98-compat]
[build]   530 | auto from_json(BasicJsonType&& j, TupleRelated&& t)
[build]       |                                               ^
[build] C:\Users\pperv\code\unnamed_rpg\vendor\json\include\nlohmann/detail/conversions/from_json.hpp(531,1): warning: trailing return types are incompatible with C++98 [-Wc++98-compat]
[build]   531 | -> decltype(from_json_tuple_impl(std::forward<BasicJsonType>(j), std::forward<TupleRelated>(t), priority_tag<3> {}))
[build]       | ^
[build] C:\Users\pperv\code\unnamed_rpg\vendor\json\include\nlohmann/detail/conversions/from_json.hpp(531,4): warning: 'decltype' type specifier is incompatible with C++98 [-Wc++98-compat]
[build]   531 | -> decltype(from_json_tuple_impl(std::forward<BasicJsonType>(j), std::forward<TupleRelated>(t), priority_tag<3> {}))
[build]       |    ^
[build] C:\Users\pperv\code\unnamed_rpg\vendor\json\include\nlohmann/detail/conversions/from_json.hpp(531,113): warning: generalized initializer lists are incompatible with C++98 [-Wc++98-compat]
[build]   531 | -> decltype(from_json_tuple_impl(std::forward<BasicJsonType>(j), std::forward<TupleRelated>(t), priority_tag<3> {}))
[build]       |                                                                                                                 ^
[build] C:\Users\pperv\code\unnamed_rpg\vendor\json\include\nlohmann/detail/conversions/from_json.hpp(531,113): warning: constructor call from initializer list is incompatible with C++98 [-Wc++98-compat]
[build]   531 | -> decltype(from_json_tuple_impl(std::forward<BasicJsonType>(j), std::forward<TupleRelated>(t), priority_tag<3> {}))
[build]       |                                                                                                                 ^~
[build] C:\Users\pperv\code\unnamed_rpg\vendor\json\include\nlohmann/detail/conversions/from_json.hpp(543,88): warning: consecutive right angle brackets are incompatible with C++98 (use '> >') [-Wc++98-compat]
[build]   543 |                                         typename BasicJsonType::string_t, Key >::value >>
[build]       |                                                                                        ^~
[build]       |                                                                                        > >
[build] C:\Users\pperv\code\unnamed_rpg\vendor\json\include\nlohmann/detail/conversions/from_json.hpp(542,21): warning: default template arguments for a function template are incompatible with C++98 [-Wc++98-compat]
[build]   542 |            typename = enable_if_t < !std::is_constructible <
[build]       |                     ^ ~~~~~~~~~~~~~~~~~~~~~~~~~~~~~~~~~~~~~~
[build]   543 |                                         typename BasicJsonType::string_t, Key >::value >>
[build]       |                                         ~~~~~~~~~~~~~~~~~~~~~~~~~~~~~~~~~~~~~~~~~~~~~~~~
[build] C:\Users\pperv\code\unnamed_rpg\vendor\json\include\nlohmann/detail/conversions/from_json.hpp(563,88): warning: consecutive right angle brackets are incompatible with C++98 (use '> >') [-Wc++98-compat]
[build]   563 |                                         typename BasicJsonType::string_t, Key >::value >>
[build]       |                                                                                        ^~
[build]       |                                                                                        > >
[build] C:\Users\pperv\code\unnamed_rpg\vendor\json\include\nlohmann/detail/conversions/from_json.hpp(562,21): warning: default template arguments for a function template are incompatible with C++98 [-Wc++98-compat]
[build]   562 |            typename = enable_if_t < !std::is_constructible <
[build]       |                     ^ ~~~~~~~~~~~~~~~~~~~~~~~~~~~~~~~~~~~~~~
[build]   563 |                                         typename BasicJsonType::string_t, Key >::value >>
[build]       |                                         ~~~~~~~~~~~~~~~~~~~~~~~~~~~~~~~~~~~~~~~~~~~~~~~~
[build] C:\Users\pperv\code\unnamed_rpg\vendor\json\include\nlohmann/detail/conversions/from_json.hpp(609,46): warning: rvalue references are incompatible with C++98 [-Wc++98-compat]
[build]   609 |     auto operator()(const BasicJsonType& j, T&& val) const
[build]       |                                              ^
[build] C:\Users\pperv\code\unnamed_rpg\vendor\json\include\nlohmann/detail/conversions/from_json.hpp(611,5): warning: trailing return types are incompatible with C++98 [-Wc++98-compat]
[build]   611 |     -> decltype(from_json(j, std::forward<T>(val)))
[build]       |     ^
[build] C:\Users\pperv\code\unnamed_rpg\vendor\json\include\nlohmann/detail/conversions/from_json.hpp(611,8): warning: 'decltype' type specifier is incompatible with C++98 [-Wc++98-compat]
[build]   611 |     -> decltype(from_json(j, std::forward<T>(val)))
[build]       |        ^
[build] C:\Users\pperv\code\unnamed_rpg\vendor\json\include\nlohmann/detail/conversions/from_json.hpp(610,5): warning: noexcept specifications are incompatible with C++98 [-Wc++98-compat]
[build]   610 |     noexcept(noexcept(from_json(j, std::forward<T>(val))))
[build]       |     ^
[build] C:\Users\pperv\code\unnamed_rpg\vendor\json\include\nlohmann/detail/conversions/from_json.hpp(610,14): warning: noexcept expressions are incompatible with C++98 [-Wc++98-compat]
[build]   610 |     noexcept(noexcept(from_json(j, std::forward<T>(val))))
[build]       |              ^
[build] C:\Users\pperv\code\unnamed_rpg\vendor\json\include\nlohmann/detail/conversions/from_json.hpp(626,22): warning: 'constexpr' specifier is incompatible with C++98 [-Wc++98-compat]
[build]   626 | JSON_INLINE_VARIABLE constexpr const auto& from_json = // NOLINT(misc-definitions-in-headers)
[build]       |                      ^
[build] C:\Users\pperv\code\unnamed_rpg\vendor\json\include\nlohmann/detail/conversions/from_json.hpp(626,38): warning: 'auto' type specifier is incompatible with C++98 [-Wc++98-compat]
[build]   626 | JSON_INLINE_VARIABLE constexpr const auto& from_json = // NOLINT(misc-definitions-in-headers)
[build]       |                                      ^~~~
[build] In file included from C:\Users\pperv\code\unnamed_rpg\vendor\json-schema-validator\src\json-uri.cpp:9:
[build] In file included from C:\Users\pperv\code\unnamed_rpg\vendor\json-schema-validator\src\nlohmann/json-schema.hpp:24:
[build] In file included from C:\Users\pperv\code\unnamed_rpg\vendor\json\include\nlohmann/json.hpp:44:
[build] In file included from C:\Users\pperv\code\unnamed_rpg\vendor\json\include\nlohmann/adl_serializer.hpp:15:
[build] In file included from C:\Users\pperv\code\unnamed_rpg\vendor\json\include\nlohmann/detail/conversions/to_json.hpp:26:
[build] In file included from C:\Users\pperv\code\unnamed_rpg\vendor\json\include\nlohmann/detail/iterators/iteration_proxy.hpp:22:
[build] C:\Users\pperv\code\unnamed_rpg\vendor\json\include\nlohmann/detail/string_utils.hpp(16,1): warning: empty macro arguments are incompatible with C++98 [-Wc++98-compat-pedantic]
[build]    16 | NLOHMANN_JSON_NAMESPACE_BEGIN
[build]       | ^
[build] C:\Users\pperv\code\unnamed_rpg\vendor\json\include\nlohmann/detail/abi_macros.hpp(102,17): note: expanded from macro 'NLOHMANN_JSON_NAMESPACE_BEGIN'
[build]   102 |                 NLOHMANN_JSON_ABI_TAGS,              \
[build]       |                 ^
[build] C:\Users\pperv\code\unnamed_rpg\vendor\json\include\nlohmann/detail/abi_macros.hpp(65,5): note: expanded from macro 'NLOHMANN_JSON_ABI_TAGS'
[build]    65 |     NLOHMANN_JSON_ABI_TAGS_CONCAT(                                   \
[build]       |     ^
[build] C:\Users\pperv\code\unnamed_rpg\vendor\json\include\nlohmann/detail/abi_macros.hpp(62,39): note: expanded from macro 'NLOHMANN_JSON_ABI_TAGS_CONCAT'
[build]    62 |     NLOHMANN_JSON_ABI_TAGS_CONCAT_EX(a, b, c)
[build]       |                                       ^
[build] In file included from C:\Users\pperv\code\unnamed_rpg\vendor\json-schema-validator\src\json-uri.cpp:9:
[build] In file included from C:\Users\pperv\code\unnamed_rpg\vendor\json-schema-validator\src\nlohmann/json-schema.hpp:24:
[build] In file included from C:\Users\pperv\code\unnamed_rpg\vendor\json\include\nlohmann/json.hpp:44:
[build] In file included from C:\Users\pperv\code\unnamed_rpg\vendor\json\include\nlohmann/adl_serializer.hpp:15:
[build] In file included from C:\Users\pperv\code\unnamed_rpg\vendor\json\include\nlohmann/detail/conversions/to_json.hpp:26:
[build] In file included from C:\Users\pperv\code\unnamed_rpg\vendor\json\include\nlohmann/detail/iterators/iteration_proxy.hpp:22:
[build] C:\Users\pperv\code\unnamed_rpg\vendor\json\include\nlohmann/detail/string_utils.hpp(16,1): warning: empty macro arguments are incompatible with C++98 [-Wc++98-compat-pedantic]
[build] C:\Users\pperv\code\unnamed_rpg\vendor\json\include\nlohmann/detail/abi_macros.hpp(102,17): note: expanded from macro 'NLOHMANN_JSON_NAMESPACE_BEGIN'
[build]   102 |                 NLOHMANN_JSON_ABI_TAGS,              \
[build]       |                 ^
[build] C:\Users\pperv\code\unnamed_rpg\vendor\json\include\nlohmann/detail/abi_macros.hpp(65,5): note: expanded from macro 'NLOHMANN_JSON_ABI_TAGS'
[build]    65 |     NLOHMANN_JSON_ABI_TAGS_CONCAT(                                   \
[build]       |     ^
[build] C:\Users\pperv\code\unnamed_rpg\vendor\json\include\nlohmann/detail/abi_macros.hpp(62,42): note: expanded from macro 'NLOHMANN_JSON_ABI_TAGS_CONCAT'
[build]    62 |     NLOHMANN_JSON_ABI_TAGS_CONCAT_EX(a, b, c)
[build]       |                                          ^
[build] In file included from C:\Users\pperv\code\unnamed_rpg\vendor\json-schema-validator\src\json-uri.cpp:9:
[build] In file included from C:\Users\pperv\code\unnamed_rpg\vendor\json-schema-validator\src\nlohmann/json-schema.hpp:24:
[build] In file included from C:\Users\pperv\code\unnamed_rpg\vendor\json\include\nlohmann/json.hpp:44:
[build] In file included from C:\Users\pperv\code\unnamed_rpg\vendor\json\include\nlohmann/adl_serializer.hpp:15:
[build] In file included from C:\Users\pperv\code\unnamed_rpg\vendor\json\include\nlohmann/detail/conversions/to_json.hpp:26:
[build] In file included from C:\Users\pperv\code\unnamed_rpg\vendor\json\include\nlohmann/detail/iterators/iteration_proxy.hpp:22:
[build] C:\Users\pperv\code\unnamed_rpg\vendor\json\include\nlohmann/detail/string_utils.hpp(16,1): warning: empty macro arguments are incompatible with C++98 [-Wc++98-compat-pedantic]
[build] C:\Users\pperv\code\unnamed_rpg\vendor\json\include\nlohmann/detail/abi_macros.hpp(102,17): note: expanded from macro 'NLOHMANN_JSON_NAMESPACE_BEGIN'
[build]   102 |                 NLOHMANN_JSON_ABI_TAGS,              \
[build]       |                 ^
[build] C:\Users\pperv\code\unnamed_rpg\vendor\json\include\nlohmann/detail/abi_macros.hpp(65,5): note: expanded from macro 'NLOHMANN_JSON_ABI_TAGS'
[build]    65 |     NLOHMANN_JSON_ABI_TAGS_CONCAT(                                   \
[build]       |     ^
[build] C:\Users\pperv\code\unnamed_rpg\vendor\json\include\nlohmann/detail/abi_macros.hpp(62,45): note: expanded from macro 'NLOHMANN_JSON_ABI_TAGS_CONCAT'
[build]    62 |     NLOHMANN_JSON_ABI_TAGS_CONCAT_EX(a, b, c)
[build]       |                                             ^
[build] In file included from C:\Users\pperv\code\unnamed_rpg\vendor\json-schema-validator\src\json-uri.cpp:9:
[build] In file included from C:\Users\pperv\code\unnamed_rpg\vendor\json-schema-validator\src\nlohmann/json-schema.hpp:24:
[build] In file included from C:\Users\pperv\code\unnamed_rpg\vendor\json\include\nlohmann/json.hpp:44:
[build] In file included from C:\Users\pperv\code\unnamed_rpg\vendor\json\include\nlohmann/adl_serializer.hpp:15:
[build] In file included from C:\Users\pperv\code\unnamed_rpg\vendor\json\include\nlohmann/detail/conversions/to_json.hpp:26:
[build] In file included from C:\Users\pperv\code\unnamed_rpg\vendor\json\include\nlohmann/detail/iterators/iteration_proxy.hpp:22:
[build] C:\Users\pperv\code\unnamed_rpg\vendor\json\include\nlohmann/detail/string_utils.hpp(16,1): warning: inline namespaces are incompatible with C++98 [-Wc++98-compat]
[build] C:\Users\pperv\code\unnamed_rpg\vendor\json\include\nlohmann/detail/abi_macros.hpp(101,5): note: expanded from macro 'NLOHMANN_JSON_NAMESPACE_BEGIN'
[build]   101 |     inline namespace NLOHMANN_JSON_NAMESPACE_CONCAT( \
[build]       |     ^
[build] In file included from C:\Users\pperv\code\unnamed_rpg\vendor\json-schema-validator\src\json-uri.cpp:9:
[build] In file included from C:\Users\pperv\code\unnamed_rpg\vendor\json-schema-validator\src\nlohmann/json-schema.hpp:24:
[build] In file included from C:\Users\pperv\code\unnamed_rpg\vendor\json\include\nlohmann/json.hpp:44:
[build] In file included from C:\Users\pperv\code\unnamed_rpg\vendor\json\include\nlohmann/adl_serializer.hpp:15:
[build] In file included from C:\Users\pperv\code\unnamed_rpg\vendor\json\include\nlohmann/detail/conversions/to_json.hpp:26:
[build] C:\Users\pperv\code\unnamed_rpg\vendor\json\include\nlohmann/detail/iterators/iteration_proxy.hpp(25,1): warning: empty macro arguments are incompatible with C++98 [-Wc++98-compat-pedantic]
[build]    25 | NLOHMANN_JSON_NAMESPACE_BEGIN
[build]       | ^
[build] C:\Users\pperv\code\unnamed_rpg\vendor\json\include\nlohmann/detail/abi_macros.hpp(102,17): note: expanded from macro 'NLOHMANN_JSON_NAMESPACE_BEGIN'
[build]   102 |                 NLOHMANN_JSON_ABI_TAGS,              \
[build]       |                 ^
[build] C:\Users\pperv\code\unnamed_rpg\vendor\json\include\nlohmann/detail/abi_macros.hpp(65,5): note: expanded from macro 'NLOHMANN_JSON_ABI_TAGS'
[build]    65 |     NLOHMANN_JSON_ABI_TAGS_CONCAT(                                   \
[build]       |     ^
[build] C:\Users\pperv\code\unnamed_rpg\vendor\json\include\nlohmann/detail/abi_macros.hpp(62,39): note: expanded from macro 'NLOHMANN_JSON_ABI_TAGS_CONCAT'
[build]    62 |     NLOHMANN_JSON_ABI_TAGS_CONCAT_EX(a, b, c)
[build]       |                                       ^
[build] In file included from C:\Users\pperv\code\unnamed_rpg\vendor\json-schema-validator\src\json-uri.cpp:9:
[build] In file included from C:\Users\pperv\code\unnamed_rpg\vendor\json-schema-validator\src\nlohmann/json-schema.hpp:24:
[build] In file included from C:\Users\pperv\code\unnamed_rpg\vendor\json\include\nlohmann/json.hpp:44:
[build] In file included from C:\Users\pperv\code\unnamed_rpg\vendor\json\include\nlohmann/adl_serializer.hpp:15:
[build] In file included from C:\Users\pperv\code\unnamed_rpg\vendor\json\include\nlohmann/detail/conversions/to_json.hpp:26:
[build] C:\Users\pperv\code\unnamed_rpg\vendor\json\include\nlohmann/detail/iterators/iteration_proxy.hpp(25,1): warning: empty macro arguments are incompatible with C++98 [-Wc++98-compat-pedantic]
[build] C:\Users\pperv\code\unnamed_rpg\vendor\json\include\nlohmann/detail/abi_macros.hpp(102,17): note: expanded from macro 'NLOHMANN_JSON_NAMESPACE_BEGIN'
[build]   102 |                 NLOHMANN_JSON_ABI_TAGS,              \
[build]       |                 ^
[build] C:\Users\pperv\code\unnamed_rpg\vendor\json\include\nlohmann/detail/abi_macros.hpp(65,5): note: expanded from macro 'NLOHMANN_JSON_ABI_TAGS'
[build]    65 |     NLOHMANN_JSON_ABI_TAGS_CONCAT(                                   \
[build]       |     ^
[build] C:\Users\pperv\code\unnamed_rpg\vendor\json\include\nlohmann/detail/abi_macros.hpp(62,42): note: expanded from macro 'NLOHMANN_JSON_ABI_TAGS_CONCAT'
[build]    62 |     NLOHMANN_JSON_ABI_TAGS_CONCAT_EX(a, b, c)
[build]       |                                          ^
[build] In file included from C:\Users\pperv\code\unnamed_rpg\vendor\json-schema-validator\src\json-uri.cpp:9:
[build] In file included from C:\Users\pperv\code\unnamed_rpg\vendor\json-schema-validator\src\nlohmann/json-schema.hpp:24:
[build] In file included from C:\Users\pperv\code\unnamed_rpg\vendor\json\include\nlohmann/json.hpp:44:
[build] In file included from C:\Users\pperv\code\unnamed_rpg\vendor\json\include\nlohmann/adl_serializer.hpp:15:
[build] In file included from C:\Users\pperv\code\unnamed_rpg\vendor\json\include\nlohmann/detail/conversions/to_json.hpp:26:
[build] C:\Users\pperv\code\unnamed_rpg\vendor\json\include\nlohmann/detail/iterators/iteration_proxy.hpp(25,1): warning: empty macro arguments are incompatible with C++98 [-Wc++98-compat-pedantic]
[build] C:\Users\pperv\code\unnamed_rpg\vendor\json\include\nlohmann/detail/abi_macros.hpp(102,17): note: expanded from macro 'NLOHMANN_JSON_NAMESPACE_BEGIN'
[build]   102 |                 NLOHMANN_JSON_ABI_TAGS,              \
[build]       |                 ^
[build] C:\Users\pperv\code\unnamed_rpg\vendor\json\include\nlohmann/detail/abi_macros.hpp(65,5): note: expanded from macro 'NLOHMANN_JSON_ABI_TAGS'
[build]    65 |     NLOHMANN_JSON_ABI_TAGS_CONCAT(                                   \
[build]       |     ^
[build] C:\Users\pperv\code\unnamed_rpg\vendor\json\include\nlohmann/detail/abi_macros.hpp(62,45): note: expanded from macro 'NLOHMANN_JSON_ABI_TAGS_CONCAT'
[build]    62 |     NLOHMANN_JSON_ABI_TAGS_CONCAT_EX(a, b, c)
[build]       |                                             ^
[build] In file included from C:\Users\pperv\code\unnamed_rpg\vendor\json-schema-validator\src\json-uri.cpp:9:
[build] In file included from C:\Users\pperv\code\unnamed_rpg\vendor\json-schema-validator\src\nlohmann/json-schema.hpp:24:
[build] In file included from C:\Users\pperv\code\unnamed_rpg\vendor\json\include\nlohmann/json.hpp:44:
[build] In file included from C:\Users\pperv\code\unnamed_rpg\vendor\json\include\nlohmann/adl_serializer.hpp:15:
[build] In file included from C:\Users\pperv\code\unnamed_rpg\vendor\json\include\nlohmann/detail/conversions/to_json.hpp:26:
[build] C:\Users\pperv\code\unnamed_rpg\vendor\json\include\nlohmann/detail/iterators/iteration_proxy.hpp(25,1): warning: inline namespaces are incompatible with C++98 [-Wc++98-compat]
[build] C:\Users\pperv\code\unnamed_rpg\vendor\json\include\nlohmann/detail/abi_macros.hpp(101,5): note: expanded from macro 'NLOHMANN_JSON_NAMESPACE_BEGIN'
[build]   101 |     inline namespace NLOHMANN_JSON_NAMESPACE_CONCAT( \
[build]       |     ^
[build] In file included from C:\Users\pperv\code\unnamed_rpg\vendor\json-schema-validator\src\json-uri.cpp:9:
[build] In file included from C:\Users\pperv\code\unnamed_rpg\vendor\json-schema-validator\src\nlohmann/json-schema.hpp:24:
[build] In file included from C:\Users\pperv\code\unnamed_rpg\vendor\json\include\nlohmann/json.hpp:44:
[build] In file included from C:\Users\pperv\code\unnamed_rpg\vendor\json\include\nlohmann/adl_serializer.hpp:15:
[build] In file included from C:\Users\pperv\code\unnamed_rpg\vendor\json\include\nlohmann/detail/conversions/to_json.hpp:26:
[build] C:\Users\pperv\code\unnamed_rpg\vendor\json\include\nlohmann/detail/iterators/iteration_proxy.hpp(32,29): warning: alias declarations are incompatible with C++98 [-Wc++98-compat]
[build]    32 |     using difference_type = std::ptrdiff_t;
[build]       |                             ^
[build] C:\Users\pperv\code\unnamed_rpg\vendor\json\include\nlohmann/detail/iterators/iteration_proxy.hpp(33,24): warning: alias declarations are incompatible with C++98 [-Wc++98-compat]
[build]    33 |     using value_type = iteration_proxy_value;
[build]       |                        ^
[build] C:\Users\pperv\code\unnamed_rpg\vendor\json\include\nlohmann/detail/iterators/iteration_proxy.hpp(34,21): warning: alias declarations are incompatible with C++98 [-Wc++98-compat]
[build]    34 |     using pointer = value_type *;
[build]       |                     ^
[build] C:\Users\pperv\code\unnamed_rpg\vendor\json\include\nlohmann/detail/iterators/iteration_proxy.hpp(35,23): warning: alias declarations are incompatible with C++98 [-Wc++98-compat]
[build]    35 |     using reference = value_type &;
[build]       |                       ^
[build] C:\Users\pperv\code\unnamed_rpg\vendor\json\include\nlohmann/detail/iterators/iteration_proxy.hpp(36,31): warning: alias declarations are incompatible with C++98 [-Wc++98-compat]
[build]    36 |     using iterator_category = std::forward_iterator_tag;
[build]       |                               ^
[build] C:\Users\pperv\code\unnamed_rpg\vendor\json\include\nlohmann/detail/iterators/iteration_proxy.hpp(37,25): warning: alias declarations are incompatible with C++98 [-Wc++98-compat]
[build]    37 |     using string_type = typename std::remove_cv< typename std::remove_reference<decltype( std::declval<IteratorType>().key() ) >::type >::type;
[build]       |                         ^
[build] C:\Users\pperv\code\unnamed_rpg\vendor\json\include\nlohmann/detail/iterators/iteration_proxy.hpp(37,81): warning: 'decltype' type specifier is incompatible with C++98 [-Wc++98-compat]
[build]    37 |     using string_type = typename std::remove_cv< typename std::remove_reference<decltype( std::declval<IteratorType>().key() ) >::type >::type;
[build]       |                                                                                 ^
[build] C:\Users\pperv\code\unnamed_rpg\vendor\json\include\nlohmann/detail/iterators/iteration_proxy.hpp(41,24): warning: default member initializer for non-static data members is incompatible with C++98 [-Wc++98-compat]
[build]    41 |     IteratorType anchor{};
[build]       |                        ^
[build] C:\Users\pperv\code\unnamed_rpg\vendor\json\include\nlohmann/detail/iterators/iteration_proxy.hpp(43,29): warning: default member initializer for non-static data members is incompatible with C++98 [-Wc++98-compat]
[build]    43 |     std::size_t array_index = 0;
[build]       |                             ^
[build] C:\Users\pperv\code\unnamed_rpg\vendor\json\include\nlohmann/detail/iterators/iteration_proxy.hpp(45,42): warning: default member initializer for non-static data members is incompatible with C++98 [-Wc++98-compat]
[build]    45 |     mutable std::size_t array_index_last = 0;
[build]       |                                          ^
[build] C:\Users\pperv\code\unnamed_rpg\vendor\json\include\nlohmann/detail/iterators/iteration_proxy.hpp(47,41): warning: default member initializer for non-static data members is incompatible with C++98 [-Wc++98-compat]
[build]    47 |     mutable string_type array_index_str = "0";
[build]       |                                         ^
[build] C:\Users\pperv\code\unnamed_rpg\vendor\json\include\nlohmann/detail/iterators/iteration_proxy.hpp(49,26): warning: default member initializer for non-static data members is incompatible with C++98 [-Wc++98-compat]
[build]    49 |     string_type empty_str{};
[build]       |                          ^
[build] C:\Users\pperv\code\unnamed_rpg\vendor\json\include\nlohmann/detail/iterators/iteration_proxy.hpp(52,40): warning: defaulted function definitions are incompatible with C++98 [-Wc++98-compat]
[build]    52 |     explicit iteration_proxy_value() = default;
[build]       |                                        ^
[build] C:\Users\pperv\code\unnamed_rpg\vendor\json\include\nlohmann/detail/iterators/iteration_proxy.hpp(60,59): warning: defaulted function definitions are incompatible with C++98 [-Wc++98-compat]
[build]    60 |     iteration_proxy_value(iteration_proxy_value const&) = default;
[build]       |                                                           ^
[build] C:\Users\pperv\code\unnamed_rpg\vendor\json\include\nlohmann/detail/iterators/iteration_proxy.hpp(61,70): warning: defaulted function definitions are incompatible with C++98 [-Wc++98-compat]
[build]    61 |     iteration_proxy_value& operator=(iteration_proxy_value const&) = default;
[build]       |                                                                      ^
[build] C:\Users\pperv\code\unnamed_rpg\vendor\json\include\nlohmann/detail/iterators/iteration_proxy.hpp(63,48): warning: rvalue references are incompatible with C++98 [-Wc++98-compat]
[build]    63 |     iteration_proxy_value(iteration_proxy_value&&)
[build]       |                                                ^
[build] C:\Users\pperv\code\unnamed_rpg\vendor\json\include\nlohmann/detail/iterators/iteration_proxy.hpp(65,75): warning: defaulted function definitions are incompatible with C++98 [-Wc++98-compat]
[build]    65 |              && std::is_nothrow_move_constructible<string_type>::value) = default; // NOLINT(hicpp-noexcept-move,performance-noexcept-move-constructor,cppcoreguidelines-noexcept-move-operations)
[build]       |                                                                           ^
[build] C:\Users\pperv\code\unnamed_rpg\vendor\json\include\nlohmann/detail/iterators/iteration_proxy.hpp(66,59): warning: rvalue references are incompatible with C++98 [-Wc++98-compat]
[build]    66 |     iteration_proxy_value& operator=(iteration_proxy_value&&)
[build]       |                                                           ^
[build] C:\Users\pperv\code\unnamed_rpg\vendor\json\include\nlohmann/detail/iterators/iteration_proxy.hpp(68,72): warning: defaulted function definitions are incompatible with C++98 [-Wc++98-compat]
[build]    68 |              && std::is_nothrow_move_assignable<string_type>::value) = default; // NOLINT(hicpp-noexcept-move,performance-noexcept-move-constructor,cppcoreguidelines-noexcept-move-operations)
[build]       |                                                                        ^
[build] C:\Users\pperv\code\unnamed_rpg\vendor\json\include\nlohmann/detail/iterators/iteration_proxy.hpp(69,32): warning: defaulted function definitions are incompatible with C++98 [-Wc++98-compat]
[build]    69 |     ~iteration_proxy_value() = default;
[build]       |                                ^
[build] C:\Users\pperv\code\unnamed_rpg\vendor\json\include\nlohmann/detail/iterators/iteration_proxy.hpp(86,42): warning: reference qualifiers on functions are incompatible with C++98 [-Wc++98-compat]
[build]    86 |     iteration_proxy_value operator++(int)& // NOLINT(cert-dcl21-cpp)
[build]       |                                          ^
[build] C:\Users\pperv\code\unnamed_rpg\vendor\json\include\nlohmann/detail/iterators/iteration_proxy.hpp(54,5): warning: noexcept specifications are incompatible with C++98 [-Wc++98-compat]
[build]    54 |     noexcept(std::is_nothrow_move_constructible<IteratorType>::value
[build]       |     ^
[build] C:\Users\pperv\code\unnamed_rpg\vendor\json\include\nlohmann/detail/iterators/iteration_proxy.hpp(64,5): warning: noexcept specifications are incompatible with C++98 [-Wc++98-compat]
[build]    64 |     noexcept(std::is_nothrow_move_constructible<IteratorType>::value
[build]       |     ^
[build] C:\Users\pperv\code\unnamed_rpg\vendor\json\include\nlohmann/detail/iterators/iteration_proxy.hpp(67,5): warning: noexcept specifications are incompatible with C++98 [-Wc++98-compat]
[build]    67 |     noexcept(std::is_nothrow_move_assignable<IteratorType>::value
[build]       |     ^
[build] C:\Users\pperv\code\unnamed_rpg\vendor\json\include\nlohmann/detail/iterators/iteration_proxy.hpp(154,46): warning: default member initializer for non-static data members is incompatible with C++98 [-Wc++98-compat]
[build]   154 |     typename IteratorType::pointer container = nullptr;
[build]       |                                              ^
[build] C:\Users\pperv\code\unnamed_rpg\vendor\json\include\nlohmann/detail/iterators/iteration_proxy.hpp(157,34): warning: defaulted function definitions are incompatible with C++98 [-Wc++98-compat]
[build]   157 |     explicit iteration_proxy() = default;
[build]       |                                  ^
[build] C:\Users\pperv\code\unnamed_rpg\vendor\json\include\nlohmann/detail/iterators/iteration_proxy.hpp(161,9): warning: noexcept specifications are incompatible with C++98 [-Wc++98-compat]
[build]   161 |         : container(&cont) {}
[build]       |         ^
[build] C:\Users\pperv\code\unnamed_rpg\vendor\json\include\nlohmann/detail/iterators/iteration_proxy.hpp(163,47): warning: defaulted function definitions are incompatible with C++98 [-Wc++98-compat]
[build]   163 |     iteration_proxy(iteration_proxy const&) = default;
[build]       |                                               ^
[build] C:\Users\pperv\code\unnamed_rpg\vendor\json\include\nlohmann/detail/iterators/iteration_proxy.hpp(164,58): warning: defaulted function definitions are incompatible with C++98 [-Wc++98-compat]
[build]   164 |     iteration_proxy& operator=(iteration_proxy const&) = default;
[build]       |                                                          ^
[build] C:\Users\pperv\code\unnamed_rpg\vendor\json\include\nlohmann/detail/iterators/iteration_proxy.hpp(165,36): warning: rvalue references are incompatible with C++98 [-Wc++98-compat]
[build]   165 |     iteration_proxy(iteration_proxy&&) noexcept = default;
[build]       |                                    ^
[build] C:\Users\pperv\code\unnamed_rpg\vendor\json\include\nlohmann/detail/iterators/iteration_proxy.hpp(165,49): warning: noexcept specifications are incompatible with C++98 [-Wc++98-compat]
[build]   165 |     iteration_proxy(iteration_proxy&&) noexcept = default;
[build]       |                                                 ^
[build] C:\Users\pperv\code\unnamed_rpg\vendor\json\include\nlohmann/detail/iterators/iteration_proxy.hpp(165,51): warning: defaulted function definitions are incompatible with C++98 [-Wc++98-compat]
[build]   165 |     iteration_proxy(iteration_proxy&&) noexcept = default;
[build]       |                                                   ^
[build] C:\Users\pperv\code\unnamed_rpg\vendor\json\include\nlohmann/detail/iterators/iteration_proxy.hpp(166,47): warning: rvalue references are incompatible with C++98 [-Wc++98-compat]
[build]   166 |     iteration_proxy& operator=(iteration_proxy&&) noexcept = default;
[build]       |                                               ^
[build] C:\Users\pperv\code\unnamed_rpg\vendor\json\include\nlohmann/detail/iterators/iteration_proxy.hpp(166,60): warning: noexcept specifications are incompatible with C++98 [-Wc++98-compat]
[build]   166 |     iteration_proxy& operator=(iteration_proxy&&) noexcept = default;
[build]       |                                                            ^
[build] C:\Users\pperv\code\unnamed_rpg\vendor\json\include\nlohmann/detail/iterators/iteration_proxy.hpp(166,62): warning: defaulted function definitions are incompatible with C++98 [-Wc++98-compat]
[build]   166 |     iteration_proxy& operator=(iteration_proxy&&) noexcept = default;
[build]       |                                                              ^
[build] C:\Users\pperv\code\unnamed_rpg\vendor\json\include\nlohmann/detail/iterators/iteration_proxy.hpp(167,26): warning: defaulted function definitions are incompatible with C++98 [-Wc++98-compat]
[build]   167 |     ~iteration_proxy() = default;
[build]       |                          ^
[build] C:\Users\pperv\code\unnamed_rpg\vendor\json\include\nlohmann/detail/iterators/iteration_proxy.hpp(171,5): warning: noexcept specifications are incompatible with C++98 [-Wc++98-compat]
[build]   171 |     {
[build]       |     ^
[build] C:\Users\pperv\code\unnamed_rpg\vendor\json\include\nlohmann/detail/iterators/iteration_proxy.hpp(177,5): warning: noexcept specifications are incompatible with C++98 [-Wc++98-compat]
[build]   177 |     {
[build]       |     ^
[build] C:\Users\pperv\code\unnamed_rpg\vendor\json\include\nlohmann/detail/iterators/iteration_proxy.hpp(154,48): warning: 'nullptr' is incompatible with C++98 [-Wc++98-compat]
[build]   154 |     typename IteratorType::pointer container = nullptr;
[build]       |                                                ^
[build] C:\Users\pperv\code\unnamed_rpg\vendor\json\include\nlohmann/detail/iterators/iteration_proxy.hpp(186,74): warning: trailing return types are incompatible with C++98 [-Wc++98-compat]
[build]   186 | auto get(const nlohmann::detail::iteration_proxy_value<IteratorType>& i) -> decltype(i.key())
[build]       |                                                                          ^
[build] C:\Users\pperv\code\unnamed_rpg\vendor\json\include\nlohmann/detail/iterators/iteration_proxy.hpp(186,77): warning: 'decltype' type specifier is incompatible with C++98 [-Wc++98-compat]
[build]   186 | auto get(const nlohmann::detail::iteration_proxy_value<IteratorType>& i) -> decltype(i.key())
[build]       |                                                                             ^
[build] C:\Users\pperv\code\unnamed_rpg\vendor\json\include\nlohmann/detail/iterators/iteration_proxy.hpp(185,73): warning: default template arguments for a function template are incompatible with C++98 [-Wc++98-compat]
[build]   185 | template<std::size_t N, typename IteratorType, enable_if_t<N == 0, int> = 0>
[build]       |                                                                         ^ ~
[build] C:\Users\pperv\code\unnamed_rpg\vendor\json\include\nlohmann/detail/iterators/iteration_proxy.hpp(194,74): warning: trailing return types are incompatible with C++98 [-Wc++98-compat]
[build]   194 | auto get(const nlohmann::detail::iteration_proxy_value<IteratorType>& i) -> decltype(i.value())
[build]       |                                                                          ^
[build] C:\Users\pperv\code\unnamed_rpg\vendor\json\include\nlohmann/detail/iterators/iteration_proxy.hpp(194,77): warning: 'decltype' type specifier is incompatible with C++98 [-Wc++98-compat]
[build]   194 | auto get(const nlohmann::detail::iteration_proxy_value<IteratorType>& i) -> decltype(i.value())
[build]       |                                                                             ^
[build] C:\Users\pperv\code\unnamed_rpg\vendor\json\include\nlohmann/detail/iterators/iteration_proxy.hpp(193,73): warning: default template arguments for a function template are incompatible with C++98 [-Wc++98-compat]
[build]   193 | template<std::size_t N, typename IteratorType, enable_if_t<N == 1, int> = 0>
[build]       |                                                                         ^ ~
[build] C:\Users\pperv\code\unnamed_rpg\vendor\json\include\nlohmann/detail/iterators/iteration_proxy.hpp(215,17): warning: '<::' is treated as digraph '<:' (aka '[') followed by ':' in C++98 [-Wc++98-compat]
[build]   215 | class tuple_size<::nlohmann::detail::iteration_proxy_value<IteratorType>> // NOLINT(cert-dcl58-cpp)
[build]       |                 ^
[build] C:\Users\pperv\code\unnamed_rpg\vendor\json\include\nlohmann/detail/iterators/iteration_proxy.hpp(215,72): warning: consecutive right angle brackets are incompatible with C++98 (use '> >') [-Wc++98-compat]
[build]   215 | class tuple_size<::nlohmann::detail::iteration_proxy_value<IteratorType>> // NOLINT(cert-dcl58-cpp)
[build]       |                                                                        ^~
[build]       |                                                                        > >
[build] C:\Users\pperv\code\unnamed_rpg\vendor\json\include\nlohmann/detail/iterators/iteration_proxy.hpp(219,79): warning: consecutive right angle brackets are incompatible with C++98 (use '> >') [-Wc++98-compat]
[build]   219 | class tuple_element<N, ::nlohmann::detail::iteration_proxy_value<IteratorType >> // NOLINT(cert-dcl58-cpp)
[build]       |                                                                               ^~
[build]       |                                                                               > >
[build] C:\Users\pperv\code\unnamed_rpg\vendor\json\include\nlohmann/detail/iterators/iteration_proxy.hpp(222,18): warning: alias declarations are incompatible with C++98 [-Wc++98-compat]
[build]   222 |     using type = decltype(
[build]       |                  ^
[build] C:\Users\pperv\code\unnamed_rpg\vendor\json\include\nlohmann/detail/iterators/iteration_proxy.hpp(222,18): warning: 'decltype' type specifier is incompatible with C++98 [-Wc++98-compat]
[build] C:\Users\pperv\code\unnamed_rpg\vendor\json\include\nlohmann/detail/iterators/iteration_proxy.hpp(224,84): warning: consecutive right angle brackets are incompatible with C++98 (use '> >') [-Wc++98-compat]
[build]   224 |                             ::nlohmann::detail::iteration_proxy_value<IteratorType >> ()));
[build]       |                                                                                    ^~
[build]       |                                                                                    > >
[build] In file included from C:\Users\pperv\code\unnamed_rpg\vendor\json-schema-validator\src\json-uri.cpp:9:
[build] In file included from C:\Users\pperv\code\unnamed_rpg\vendor\json-schema-validator\src\nlohmann/json-schema.hpp:24:
[build] In file included from C:\Users\pperv\code\unnamed_rpg\vendor\json\include\nlohmann/json.hpp:44:
[build] In file included from C:\Users\pperv\code\unnamed_rpg\vendor\json\include\nlohmann/adl_serializer.hpp:15:
[build] C:\Users\pperv\code\unnamed_rpg\vendor\json\include\nlohmann/detail/conversions/to_json.hpp(32,1): warning: empty macro arguments are incompatible with C++98 [-Wc++98-compat-pedantic]
[build]    32 | NLOHMANN_JSON_NAMESPACE_BEGIN
[build]       | ^
[build] C:\Users\pperv\code\unnamed_rpg\vendor\json\include\nlohmann/detail/abi_macros.hpp(102,17): note: expanded from macro 'NLOHMANN_JSON_NAMESPACE_BEGIN'
[build]   102 |                 NLOHMANN_JSON_ABI_TAGS,              \
[build]       |                 ^
[build] C:\Users\pperv\code\unnamed_rpg\vendor\json\include\nlohmann/detail/abi_macros.hpp(65,5): note: expanded from macro 'NLOHMANN_JSON_ABI_TAGS'
[build]    65 |     NLOHMANN_JSON_ABI_TAGS_CONCAT(                                   \
[build]       |     ^
[build] C:\Users\pperv\code\unnamed_rpg\vendor\json\include\nlohmann/detail/abi_macros.hpp(62,39): note: expanded from macro 'NLOHMANN_JSON_ABI_TAGS_CONCAT'
[build]    62 |     NLOHMANN_JSON_ABI_TAGS_CONCAT_EX(a, b, c)
[build]       |                                       ^
[build] In file included from C:\Users\pperv\code\unnamed_rpg\vendor\json-schema-validator\src\json-uri.cpp:9:
[build] In file included from C:\Users\pperv\code\unnamed_rpg\vendor\json-schema-validator\src\nlohmann/json-schema.hpp:24:
[build] In file included from C:\Users\pperv\code\unnamed_rpg\vendor\json\include\nlohmann/json.hpp:44:
[build] In file included from C:\Users\pperv\code\unnamed_rpg\vendor\json\include\nlohmann/adl_serializer.hpp:15:
[build] C:\Users\pperv\code\unnamed_rpg\vendor\json\include\nlohmann/detail/conversions/to_json.hpp(32,1): warning: empty macro arguments are incompatible with C++98 [-Wc++98-compat-pedantic]
[build] C:\Users\pperv\code\unnamed_rpg\vendor\json\include\nlohmann/detail/abi_macros.hpp(102,17): note: expanded from macro 'NLOHMANN_JSON_NAMESPACE_BEGIN'
[build]   102 |                 NLOHMANN_JSON_ABI_TAGS,              \
[build]       |                 ^
[build] C:\Users\pperv\code\unnamed_rpg\vendor\json\include\nlohmann/detail/abi_macros.hpp(65,5): note: expanded from macro 'NLOHMANN_JSON_ABI_TAGS'
[build]    65 |     NLOHMANN_JSON_ABI_TAGS_CONCAT(                                   \
[build]       |     ^
[build] C:\Users\pperv\code\unnamed_rpg\vendor\json\include\nlohmann/detail/abi_macros.hpp(62,42): note: expanded from macro 'NLOHMANN_JSON_ABI_TAGS_CONCAT'
[build]    62 |     NLOHMANN_JSON_ABI_TAGS_CONCAT_EX(a, b, c)
[build]       |                                          ^
[build] In file included from C:\Users\pperv\code\unnamed_rpg\vendor\json-schema-validator\src\json-uri.cpp:9:
[build] In file included from C:\Users\pperv\code\unnamed_rpg\vendor\json-schema-validator\src\nlohmann/json-schema.hpp:24:
[build] In file included from C:\Users\pperv\code\unnamed_rpg\vendor\json\include\nlohmann/json.hpp:44:
[build] In file included from C:\Users\pperv\code\unnamed_rpg\vendor\json\include\nlohmann/adl_serializer.hpp:15:
[build] C:\Users\pperv\code\unnamed_rpg\vendor\json\include\nlohmann/detail/conversions/to_json.hpp(32,1): warning: empty macro arguments are incompatible with C++98 [-Wc++98-compat-pedantic]
[build] C:\Users\pperv\code\unnamed_rpg\vendor\json\include\nlohmann/detail/abi_macros.hpp(102,17): note: expanded from macro 'NLOHMANN_JSON_NAMESPACE_BEGIN'
[build]   102 |                 NLOHMANN_JSON_ABI_TAGS,              \
[build]       |                 ^
[build] C:\Users\pperv\code\unnamed_rpg\vendor\json\include\nlohmann/detail/abi_macros.hpp(65,5): note: expanded from macro 'NLOHMANN_JSON_ABI_TAGS'
[build]    65 |     NLOHMANN_JSON_ABI_TAGS_CONCAT(                                   \
[build]       |     ^
[build] C:\Users\pperv\code\unnamed_rpg\vendor\json\include\nlohmann/detail/abi_macros.hpp(62,45): note: expanded from macro 'NLOHMANN_JSON_ABI_TAGS_CONCAT'
[build]    62 |     NLOHMANN_JSON_ABI_TAGS_CONCAT_EX(a, b, c)
[build]       |                                             ^
[build] In file included from C:\Users\pperv\code\unnamed_rpg\vendor\json-schema-validator\src\json-uri.cpp:9:
[build] In file included from C:\Users\pperv\code\unnamed_rpg\vendor\json-schema-validator\src\nlohmann/json-schema.hpp:24:
[build] In file included from C:\Users\pperv\code\unnamed_rpg\vendor\json\include\nlohmann/json.hpp:44:
[build] In file included from C:\Users\pperv\code\unnamed_rpg\vendor\json\include\nlohmann/adl_serializer.hpp:15:
[build] C:\Users\pperv\code\unnamed_rpg\vendor\json\include\nlohmann/detail/conversions/to_json.hpp(32,1): warning: inline namespaces are incompatible with C++98 [-Wc++98-compat]
[build] C:\Users\pperv\code\unnamed_rpg\vendor\json\include\nlohmann/detail/abi_macros.hpp(101,5): note: expanded from macro 'NLOHMANN_JSON_NAMESPACE_BEGIN'
[build]   101 |     inline namespace NLOHMANN_JSON_NAMESPACE_CONCAT( \
[build]       |     ^
[build] In file included from C:\Users\pperv\code\unnamed_rpg\vendor\json-schema-validator\src\json-uri.cpp:9:
[build] In file included from C:\Users\pperv\code\unnamed_rpg\vendor\json-schema-validator\src\nlohmann/json-schema.hpp:24:
[build] In file included from C:\Users\pperv\code\unnamed_rpg\vendor\json\include\nlohmann/json.hpp:44:
[build] In file included from C:\Users\pperv\code\unnamed_rpg\vendor\json\include\nlohmann/adl_serializer.hpp:15:
[build] C:\Users\pperv\code\unnamed_rpg\vendor\json\include\nlohmann/detail/conversions/to_json.hpp(50,29): warning: enumeration type in nested name specifier is incompatible with C++98 [-Wc++98-compat]
[build]    50 | struct external_constructor<value_t::boolean>
[build]       |                             ^
[build] C:\Users\pperv\code\unnamed_rpg\vendor\json\include\nlohmann/detail/conversions/to_json.hpp(54,5): warning: noexcept specifications are incompatible with C++98 [-Wc++98-compat]
[build]    54 |     {
[build]       |     ^
[build] C:\Users\pperv\code\unnamed_rpg\vendor\json\include\nlohmann/detail/conversions/to_json.hpp(63,29): warning: enumeration type in nested name specifier is incompatible with C++98 [-Wc++98-compat]
[build]    63 | struct external_constructor<value_t::string>
[build]       |                             ^
[build] C:\Users\pperv\code\unnamed_rpg\vendor\json\include\nlohmann/detail/conversions/to_json.hpp(75,77): warning: rvalue references are incompatible with C++98 [-Wc++98-compat]
[build]    75 |     static void construct(BasicJsonType& j, typename BasicJsonType::string_t&& s)
[build]       |                                                                             ^
[build] C:\Users\pperv\code\unnamed_rpg\vendor\json\include\nlohmann/detail/conversions/to_json.hpp(85,36): warning: default template arguments for a function template are incompatible with C++98 [-Wc++98-compat]
[build]    85 |                              int > = 0 >
[build]       |                                    ^ ~
[build] C:\Users\pperv\code\unnamed_rpg\vendor\json\include\nlohmann/detail/conversions/to_json.hpp(96,29): warning: enumeration type in nested name specifier is incompatible with C++98 [-Wc++98-compat]
[build]    96 | struct external_constructor<value_t::binary>
[build]       |                             ^
[build] C:\Users\pperv\code\unnamed_rpg\vendor\json\include\nlohmann/detail/conversions/to_json.hpp(108,77): warning: rvalue references are incompatible with C++98 [-Wc++98-compat]
[build]   108 |     static void construct(BasicJsonType& j, typename BasicJsonType::binary_t&& b)
[build]       |                                                                             ^
[build] C:\Users\pperv\code\unnamed_rpg\vendor\json\include\nlohmann/detail/conversions/to_json.hpp(118,29): warning: enumeration type in nested name specifier is incompatible with C++98 [-Wc++98-compat]
[build]   118 | struct external_constructor<value_t::number_float>
[build]       |                             ^
[build] C:\Users\pperv\code\unnamed_rpg\vendor\json\include\nlohmann/detail/conversions/to_json.hpp(122,5): warning: noexcept specifications are incompatible with C++98 [-Wc++98-compat]
[build]   122 |     {
[build]       |     ^
[build] C:\Users\pperv\code\unnamed_rpg\vendor\json\include\nlohmann/detail/conversions/to_json.hpp(131,29): warning: enumeration type in nested name specifier is incompatible with C++98 [-Wc++98-compat]
[build]   131 | struct external_constructor<value_t::number_unsigned>
[build]       |                             ^
[build] C:\Users\pperv\code\unnamed_rpg\vendor\json\include\nlohmann/detail/conversions/to_json.hpp(135,5): warning: noexcept specifications are incompatible with C++98 [-Wc++98-compat]
[build]   135 |     {
[build]       |     ^
[build] C:\Users\pperv\code\unnamed_rpg\vendor\json\include\nlohmann/detail/conversions/to_json.hpp(144,29): warning: enumeration type in nested name specifier is incompatible with C++98 [-Wc++98-compat]
[build]   144 | struct external_constructor<value_t::number_integer>
[build]       |                             ^
[build] C:\Users\pperv\code\unnamed_rpg\vendor\json\include\nlohmann/detail/conversions/to_json.hpp(148,5): warning: noexcept specifications are incompatible with C++98 [-Wc++98-compat]
[build]   148 |     {
[build]       |     ^
[build] C:\Users\pperv\code\unnamed_rpg\vendor\json\include\nlohmann/detail/conversions/to_json.hpp(157,29): warning: enumeration type in nested name specifier is incompatible with C++98 [-Wc++98-compat]
[build]   157 | struct external_constructor<value_t::array>
[build]       |                             ^
[build] C:\Users\pperv\code\unnamed_rpg\vendor\json\include\nlohmann/detail/conversions/to_json.hpp(170,76): warning: rvalue references are incompatible with C++98 [-Wc++98-compat]
[build]   170 |     static void construct(BasicJsonType& j, typename BasicJsonType::array_t&& arr)
[build]       |                                                                            ^
[build] C:\Users\pperv\code\unnamed_rpg\vendor\json\include\nlohmann/detail/conversions/to_json.hpp(184,38): warning: default template arguments for a function template are incompatible with C++98 [-Wc++98-compat]
[build]   184 |                              , int > = 0 >
[build]       |                                      ^ ~
[build] C:\Users\pperv\code\unnamed_rpg\vendor\json\include\nlohmann/detail/conversions/to_json.hpp(213,77): warning: default template arguments for a function template are incompatible with C++98 [-Wc++98-compat]
[build]   213 |              enable_if_t<std::is_convertible<T, BasicJsonType>::value, int> = 0>
[build]       |                                                                             ^ ~
[build] C:\Users\pperv\code\unnamed_rpg\vendor\json\include\nlohmann/detail/conversions/to_json.hpp(246,29): warning: enumeration type in nested name specifier is incompatible with C++98 [-Wc++98-compat]
[build]   246 | struct external_constructor<value_t::object>
[build]       |                             ^
[build] C:\Users\pperv\code\unnamed_rpg\vendor\json\include\nlohmann/detail/conversions/to_json.hpp(259,77): warning: rvalue references are incompatible with C++98 [-Wc++98-compat]
[build]   259 |     static void construct(BasicJsonType& j, typename BasicJsonType::object_t&& obj)
[build]       |                                                                             ^
[build] C:\Users\pperv\code\unnamed_rpg\vendor\json\include\nlohmann/detail/conversions/to_json.hpp(269,114): warning: default template arguments for a function template are incompatible with C++98 [-Wc++98-compat]
[build]   269 |                enable_if_t < !std::is_same<CompatibleObjectType, typename BasicJsonType::object_t>::value, int > = 0 >
[build]       |                                                                                                                  ^ ~
[build] C:\Users\pperv\code\unnamed_rpg\vendor\json\include\nlohmann/detail/conversions/to_json.hpp(305,44): warning: noexcept specifications are incompatible with C++98 [-Wc++98-compat]
[build]   305 | inline void to_json(BasicJsonType& j, T b) noexcept
[build]       |                                            ^
[build] C:\Users\pperv\code\unnamed_rpg\vendor\json\include\nlohmann/detail/conversions/to_json.hpp(304,86): warning: default template arguments for a function template are incompatible with C++98 [-Wc++98-compat]
[build]   304 |          enable_if_t<std::is_same<T, typename BasicJsonType::boolean_t>::value, int> = 0>
[build]       |                                                                                      ^ ~
[build] C:\Users\pperv\code\unnamed_rpg\vendor\json\include\nlohmann/detail/conversions/to_json.hpp(318,57): warning: noexcept specifications are incompatible with C++98 [-Wc++98-compat]
[build]   318 | inline void to_json(BasicJsonType& j, const BoolRef& b) noexcept
[build]       |                                                         ^
[build] C:\Users\pperv\code\unnamed_rpg\vendor\json\include\nlohmann/detail/conversions/to_json.hpp(317,104): warning: default template arguments for a function template are incompatible with C++98 [-Wc++98-compat]
[build]   317 |                && std::is_convertible<const BoolRef&, typename BasicJsonType::boolean_t>::value, int > = 0 >
[build]       |                                                                                                        ^ ~
[build] C:\Users\pperv\code\unnamed_rpg\vendor\json\include\nlohmann/detail/conversions/to_json.hpp(324,109): warning: default template arguments for a function template are incompatible with C++98 [-Wc++98-compat]
[build]   324 |          enable_if_t<std::is_constructible<typename BasicJsonType::string_t, CompatibleString>::value, int> = 0>
[build]       |                                                                                                             ^ ~
[build] C:\Users\pperv\code\unnamed_rpg\vendor\json\include\nlohmann/detail/conversions/to_json.hpp(331,71): warning: rvalue references are incompatible with C++98 [-Wc++98-compat]
[build]   331 | inline void to_json(BasicJsonType& j, typename BasicJsonType::string_t&& s)
[build]       |                                                                       ^
[build] C:\Users\pperv\code\unnamed_rpg\vendor\json\include\nlohmann/detail/conversions/to_json.hpp(338,54): warning: noexcept specifications are incompatible with C++98 [-Wc++98-compat]
[build]   338 | inline void to_json(BasicJsonType& j, FloatType val) noexcept
[build]       |                                                      ^
[build] C:\Users\pperv\code\unnamed_rpg\vendor\json\include\nlohmann/detail/conversions/to_json.hpp(337,69): warning: default template arguments for a function template are incompatible with C++98 [-Wc++98-compat]
[build]   337 |          enable_if_t<std::is_floating_point<FloatType>::value, int> = 0>
[build]       |                                                                     ^ ~
[build] C:\Users\pperv\code\unnamed_rpg\vendor\json\include\nlohmann/detail/conversions/to_json.hpp(345,73): warning: noexcept specifications are incompatible with C++98 [-Wc++98-compat]
[build]   345 | inline void to_json(BasicJsonType& j, CompatibleNumberUnsignedType val) noexcept
[build]       |                                                                         ^
[build] C:\Users\pperv\code\unnamed_rpg\vendor\json\include\nlohmann/detail/conversions/to_json.hpp(344,135): warning: default template arguments for a function template are incompatible with C++98 [-Wc++98-compat]
[build]   344 |          enable_if_t<is_compatible_integer_type<typename BasicJsonType::number_unsigned_t, CompatibleNumberUnsignedType>::value, int> = 0>
[build]       |                                                                                                                                       ^ ~
[build] C:\Users\pperv\code\unnamed_rpg\vendor\json\include\nlohmann/detail/conversions/to_json.hpp(352,72): warning: noexcept specifications are incompatible with C++98 [-Wc++98-compat]
[build]   352 | inline void to_json(BasicJsonType& j, CompatibleNumberIntegerType val) noexcept
[build]       |                                                                        ^
[build] C:\Users\pperv\code\unnamed_rpg\vendor\json\include\nlohmann/detail/conversions/to_json.hpp(351,133): warning: default template arguments for a function template are incompatible with C++98 [-Wc++98-compat]
[build]   351 |          enable_if_t<is_compatible_integer_type<typename BasicJsonType::number_integer_t, CompatibleNumberIntegerType>::value, int> = 0>
[build]       |                                                                                                                                     ^ ~
[build] C:\Users\pperv\code\unnamed_rpg\vendor\json\include\nlohmann/detail/conversions/to_json.hpp(360,51): warning: noexcept specifications are incompatible with C++98 [-Wc++98-compat]
[build]   360 | inline void to_json(BasicJsonType& j, EnumType e) noexcept
[build]       |                                                   ^
[build] C:\Users\pperv\code\unnamed_rpg\vendor\json\include\nlohmann/detail/conversions/to_json.hpp(359,58): warning: default template arguments for a function template are incompatible with C++98 [-Wc++98-compat]
[build]   359 |          enable_if_t<std::is_enum<EnumType>::value, int> = 0>
[build]       |                                                          ^ ~
[build] C:\Users\pperv\code\unnamed_rpg\vendor\json\include\nlohmann/detail/conversions/to_json.hpp(386,32): warning: default template arguments for a function template are incompatible with C++98 [-Wc++98-compat]
[build]   386 |                          int > = 0 >
[build]       |                                ^ ~
[build] C:\Users\pperv\code\unnamed_rpg\vendor\json\include\nlohmann/detail/conversions/to_json.hpp(412,32): warning: default template arguments for a function template are incompatible with C++98 [-Wc++98-compat]
[build]   412 |                          int > = 0 >
[build]       |                                ^ ~
[build] C:\Users\pperv\code\unnamed_rpg\vendor\json\include\nlohmann/detail/conversions/to_json.hpp(419,73): warning: default template arguments for a function template are incompatible with C++98 [-Wc++98-compat]
[build]   419 |          enable_if_t<std::is_convertible<T, BasicJsonType>::value, int> = 0>
[build]       |                                                                         ^ ~
[build] C:\Users\pperv\code\unnamed_rpg\vendor\json\include\nlohmann/detail/conversions/to_json.hpp(426,70): warning: rvalue references are incompatible with C++98 [-Wc++98-compat]
[build]   426 | inline void to_json(BasicJsonType& j, typename BasicJsonType::array_t&& arr)
[build]       |                                                                      ^
[build] C:\Users\pperv\code\unnamed_rpg\vendor\json\include\nlohmann/detail/conversions/to_json.hpp(432,149): warning: default template arguments for a function template are incompatible with C++98 [-Wc++98-compat]
[build]   432 |            enable_if_t < is_compatible_object_type<BasicJsonType, CompatibleObjectType>::value&& !is_basic_json<CompatibleObjectType>::value, int > = 0 >
[build]       |                                                                                                                                                     ^ ~
[build] C:\Users\pperv\code\unnamed_rpg\vendor\json\include\nlohmann/detail/conversions/to_json.hpp(439,71): warning: rvalue references are incompatible with C++98 [-Wc++98-compat]
[build]   439 | inline void to_json(BasicJsonType& j, typename BasicJsonType::object_t&& obj)
[build]       |                                                                       ^
[build] C:\Users\pperv\code\unnamed_rpg\vendor\json\include\nlohmann/detail/conversions/to_json.hpp(448,25): warning: default template arguments for a function template are incompatible with C++98 [-Wc++98-compat]
[build]   448 |                   int > = 0 >
[build]       |                         ^ ~
[build] C:\Users\pperv\code\unnamed_rpg\vendor\json\include\nlohmann/detail/conversions/to_json.hpp(454,181): warning: default template arguments for a function template are incompatible with C++98 [-Wc++98-compat]
[build]   454 | template < typename BasicJsonType, typename T1, typename T2, enable_if_t < std::is_constructible<BasicJsonType, T1>::value&& std::is_constructible<BasicJsonType, T2>::value, int > = 0 >
[build]       |                                                                                                                                                                                     ^ ~
[build] C:\Users\pperv\code\unnamed_rpg\vendor\json\include\nlohmann/detail/conversions/to_json.hpp(462,92): warning: consecutive right angle brackets are incompatible with C++98 (use '> >') [-Wc++98-compat]
[build]   462 |          enable_if_t<std::is_same<T, iteration_proxy_value<typename BasicJsonType::iterator>>::value, int> = 0>
[build]       |                                                                                            ^~
[build]       |                                                                                            > >
[build] C:\Users\pperv\code\unnamed_rpg\vendor\json\include\nlohmann/detail/conversions/to_json.hpp(462,108): warning: default template arguments for a function template are incompatible with C++98 [-Wc++98-compat]
[build]   462 |          enable_if_t<std::is_same<T, iteration_proxy_value<typename BasicJsonType::iterator>>::value, int> = 0>
[build]       |                                                                                                            ^ ~
[build] C:\Users\pperv\code\unnamed_rpg\vendor\json\include\nlohmann/detail/conversions/to_json.hpp(468,61): warning: variadic templates are incompatible with C++98 [-Wc++98-compat]
[build]   468 | template<typename BasicJsonType, typename Tuple, std::size_t... Idx>
[build]       |                                                             ^
[build] C:\Users\pperv\code\unnamed_rpg\vendor\json\include\nlohmann/detail/conversions/to_json.hpp(481,113): warning: default template arguments for a function template are incompatible with C++98 [-Wc++98-compat]
[build]   481 | template<typename BasicJsonType, typename T, enable_if_t<is_constructible_tuple<BasicJsonType, T>::value, int > = 0>
[build]       |                                                                                                                 ^ ~
[build] C:\Users\pperv\code\unnamed_rpg\vendor\json\include\nlohmann/detail/conversions/to_json.hpp(513,40): warning: rvalue references are incompatible with C++98 [-Wc++98-compat]
[build]   513 |     auto operator()(BasicJsonType& j, T&& val) const noexcept(noexcept(to_json(j, std::forward<T>(val))))
[build]       |                                        ^
[build] C:\Users\pperv\code\unnamed_rpg\vendor\json\include\nlohmann/detail/conversions/to_json.hpp(514,5): warning: trailing return types are incompatible with C++98 [-Wc++98-compat]
[build]   514 |     -> decltype(to_json(j, std::forward<T>(val)), void())
[build]       |     ^
[build] C:\Users\pperv\code\unnamed_rpg\vendor\json\include\nlohmann/detail/conversions/to_json.hpp(514,8): warning: 'decltype' type specifier is incompatible with C++98 [-Wc++98-compat]
[build]   514 |     -> decltype(to_json(j, std::forward<T>(val)), void())
[build]       |        ^
[build] C:\Users\pperv\code\unnamed_rpg\vendor\json\include\nlohmann/detail/conversions/to_json.hpp(513,54): warning: noexcept specifications are incompatible with C++98 [-Wc++98-compat]
[build]   513 |     auto operator()(BasicJsonType& j, T&& val) const noexcept(noexcept(to_json(j, std::forward<T>(val))))
[build]       |                                                      ^
[build] C:\Users\pperv\code\unnamed_rpg\vendor\json\include\nlohmann/detail/conversions/to_json.hpp(513,63): warning: noexcept expressions are incompatible with C++98 [-Wc++98-compat]
[build]   513 |     auto operator()(BasicJsonType& j, T&& val) const noexcept(noexcept(to_json(j, std::forward<T>(val))))
[build]       |                                                               ^
[build] C:\Users\pperv\code\unnamed_rpg\vendor\json\include\nlohmann/detail/conversions/to_json.hpp(528,22): warning: 'constexpr' specifier is incompatible with C++98 [-Wc++98-compat]
[build]   528 | JSON_INLINE_VARIABLE constexpr const auto& to_json = // NOLINT(misc-definitions-in-headers)
[build]       |                      ^
[build] C:\Users\pperv\code\unnamed_rpg\vendor\json\include\nlohmann/detail/conversions/to_json.hpp(528,38): warning: 'auto' type specifier is incompatible with C++98 [-Wc++98-compat]
[build]   528 | JSON_INLINE_VARIABLE constexpr const auto& to_json = // NOLINT(misc-definitions-in-headers)
[build]       |                                      ^~~~
[build] In file included from C:\Users\pperv\code\unnamed_rpg\vendor\json-schema-validator\src\json-uri.cpp:9:
[build] In file included from C:\Users\pperv\code\unnamed_rpg\vendor\json-schema-validator\src\nlohmann/json-schema.hpp:24:
[build] In file included from C:\Users\pperv\code\unnamed_rpg\vendor\json\include\nlohmann/json.hpp:44:
[build] C:\Users\pperv\code\unnamed_rpg\vendor\json\include\nlohmann/adl_serializer.hpp(18,1): warning: empty macro arguments are incompatible with C++98 [-Wc++98-compat-pedantic]
[build]    18 | NLOHMANN_JSON_NAMESPACE_BEGIN
[build]       | ^
[build] C:\Users\pperv\code\unnamed_rpg\vendor\json\include\nlohmann/detail/abi_macros.hpp(102,17): note: expanded from macro 'NLOHMANN_JSON_NAMESPACE_BEGIN'
[build]   102 |                 NLOHMANN_JSON_ABI_TAGS,              \
[build]       |                 ^
[build] C:\Users\pperv\code\unnamed_rpg\vendor\json\include\nlohmann/detail/abi_macros.hpp(65,5): note: expanded from macro 'NLOHMANN_JSON_ABI_TAGS'
[build]    65 |     NLOHMANN_JSON_ABI_TAGS_CONCAT(                                   \
[build]       |     ^
[build] C:\Users\pperv\code\unnamed_rpg\vendor\json\include\nlohmann/detail/abi_macros.hpp(62,39): note: expanded from macro 'NLOHMANN_JSON_ABI_TAGS_CONCAT'
[build]    62 |     NLOHMANN_JSON_ABI_TAGS_CONCAT_EX(a, b, c)
[build]       |                                       ^
[build] In file included from C:\Users\pperv\code\unnamed_rpg\vendor\json-schema-validator\src\json-uri.cpp:9:
[build] In file included from C:\Users\pperv\code\unnamed_rpg\vendor\json-schema-validator\src\nlohmann/json-schema.hpp:24:
[build] In file included from C:\Users\pperv\code\unnamed_rpg\vendor\json\include\nlohmann/json.hpp:44:
[build] C:\Users\pperv\code\unnamed_rpg\vendor\json\include\nlohmann/adl_serializer.hpp(18,1): warning: empty macro arguments are incompatible with C++98 [-Wc++98-compat-pedantic]
[build] C:\Users\pperv\code\unnamed_rpg\vendor\json\include\nlohmann/detail/abi_macros.hpp(102,17): note: expanded from macro 'NLOHMANN_JSON_NAMESPACE_BEGIN'
[build]   102 |                 NLOHMANN_JSON_ABI_TAGS,              \
[build]       |                 ^
[build] C:\Users\pperv\code\unnamed_rpg\vendor\json\include\nlohmann/detail/abi_macros.hpp(65,5): note: expanded from macro 'NLOHMANN_JSON_ABI_TAGS'
[build]    65 |     NLOHMANN_JSON_ABI_TAGS_CONCAT(                                   \
[build]       |     ^
[build] C:\Users\pperv\code\unnamed_rpg\vendor\json\include\nlohmann/detail/abi_macros.hpp(62,42): note: expanded from macro 'NLOHMANN_JSON_ABI_TAGS_CONCAT'
[build]    62 |     NLOHMANN_JSON_ABI_TAGS_CONCAT_EX(a, b, c)
[build]       |                                          ^
[build] In file included from C:\Users\pperv\code\unnamed_rpg\vendor\json-schema-validator\src\json-uri.cpp:9:
[build] In file included from C:\Users\pperv\code\unnamed_rpg\vendor\json-schema-validator\src\nlohmann/json-schema.hpp:24:
[build] In file included from C:\Users\pperv\code\unnamed_rpg\vendor\json\include\nlohmann/json.hpp:44:
[build] C:\Users\pperv\code\unnamed_rpg\vendor\json\include\nlohmann/adl_serializer.hpp(18,1): warning: empty macro arguments are incompatible with C++98 [-Wc++98-compat-pedantic]
[build] C:\Users\pperv\code\unnamed_rpg\vendor\json\include\nlohmann/detail/abi_macros.hpp(102,17): note: expanded from macro 'NLOHMANN_JSON_NAMESPACE_BEGIN'
[build]   102 |                 NLOHMANN_JSON_ABI_TAGS,              \
[build]       |                 ^
[build] C:\Users\pperv\code\unnamed_rpg\vendor\json\include\nlohmann/detail/abi_macros.hpp(65,5): note: expanded from macro 'NLOHMANN_JSON_ABI_TAGS'
[build]    65 |     NLOHMANN_JSON_ABI_TAGS_CONCAT(                                   \
[build]       |     ^
[build] C:\Users\pperv\code\unnamed_rpg\vendor\json\include\nlohmann/detail/abi_macros.hpp(62,45): note: expanded from macro 'NLOHMANN_JSON_ABI_TAGS_CONCAT'
[build]    62 |     NLOHMANN_JSON_ABI_TAGS_CONCAT_EX(a, b, c)
[build]       |                                             ^
[build] In file included from C:\Users\pperv\code\unnamed_rpg\vendor\json-schema-validator\src\json-uri.cpp:9:
[build] In file included from C:\Users\pperv\code\unnamed_rpg\vendor\json-schema-validator\src\nlohmann/json-schema.hpp:24:
[build] In file included from C:\Users\pperv\code\unnamed_rpg\vendor\json\include\nlohmann/json.hpp:44:
[build] C:\Users\pperv\code\unnamed_rpg\vendor\json\include\nlohmann/adl_serializer.hpp(18,1): warning: inline namespaces are incompatible with C++98 [-Wc++98-compat]
[build] C:\Users\pperv\code\unnamed_rpg\vendor\json\include\nlohmann/detail/abi_macros.hpp(101,5): note: expanded from macro 'NLOHMANN_JSON_NAMESPACE_BEGIN'
[build]   101 |     inline namespace NLOHMANN_JSON_NAMESPACE_CONCAT( \
[build]       |     ^
[build] In file included from C:\Users\pperv\code\unnamed_rpg\vendor\json-schema-validator\src\json-uri.cpp:9:
[build] In file included from C:\Users\pperv\code\unnamed_rpg\vendor\json-schema-validator\src\nlohmann/json-schema.hpp:24:
[build] In file included from C:\Users\pperv\code\unnamed_rpg\vendor\json\include\nlohmann/json.hpp:44:
[build] C:\Users\pperv\code\unnamed_rpg\vendor\json\include\nlohmann/adl_serializer.hpp(27,41): warning: rvalue references are incompatible with C++98 [-Wc++98-compat]
[build]    27 |     static auto from_json(BasicJsonType && j, TargetType& val) noexcept(
[build]       |                                         ^
[build] C:\Users\pperv\code\unnamed_rpg\vendor\json\include\nlohmann/adl_serializer.hpp(29,5): warning: trailing return types are incompatible with C++98 [-Wc++98-compat]
[build]    29 |     -> decltype(::nlohmann::from_json(std::forward<BasicJsonType>(j), val), void())
[build]       |     ^
[build] C:\Users\pperv\code\unnamed_rpg\vendor\json\include\nlohmann/adl_serializer.hpp(29,8): warning: 'decltype' type specifier is incompatible with C++98 [-Wc++98-compat]
[build]    29 |     -> decltype(::nlohmann::from_json(std::forward<BasicJsonType>(j), val), void())
[build]       |        ^
[build] C:\Users\pperv\code\unnamed_rpg\vendor\json\include\nlohmann/adl_serializer.hpp(26,47): warning: default template arguments for a function template are incompatible with C++98 [-Wc++98-compat]
[build]    26 |     template<typename BasicJsonType, typename TargetType = ValueType>
[build]       |                                               ^            ~~~~~~~~~
[build] C:\Users\pperv\code\unnamed_rpg\vendor\json\include\nlohmann/adl_serializer.hpp(37,41): warning: rvalue references are incompatible with C++98 [-Wc++98-compat]
[build]    37 |     static auto from_json(BasicJsonType && j) noexcept(
[build]       |                                         ^
[build] C:\Users\pperv\code\unnamed_rpg\vendor\json\include\nlohmann/adl_serializer.hpp(39,5): warning: trailing return types are incompatible with C++98 [-Wc++98-compat]
[build]    39 |     -> decltype(::nlohmann::from_json(std::forward<BasicJsonType>(j), detail::identity_tag<TargetType> {}))
[build]       |     ^
[build] C:\Users\pperv\code\unnamed_rpg\vendor\json\include\nlohmann/adl_serializer.hpp(39,8): warning: 'decltype' type specifier is incompatible with C++98 [-Wc++98-compat]
[build]    39 |     -> decltype(::nlohmann::from_json(std::forward<BasicJsonType>(j), detail::identity_tag<TargetType> {}))
[build]       |        ^
[build] C:\Users\pperv\code\unnamed_rpg\vendor\json\include\nlohmann/adl_serializer.hpp(39,104): warning: generalized initializer lists are incompatible with C++98 [-Wc++98-compat]
[build]    39 |     -> decltype(::nlohmann::from_json(std::forward<BasicJsonType>(j), detail::identity_tag<TargetType> {}))
[build]       |                                                                                                        ^
[build] C:\Users\pperv\code\unnamed_rpg\vendor\json\include\nlohmann/adl_serializer.hpp(36,47): warning: default template arguments for a function template are incompatible with C++98 [-Wc++98-compat]
[build]    36 |     template<typename BasicJsonType, typename TargetType = ValueType>
[build]       |                                               ^            ~~~~~~~~~
[build] C:\Users\pperv\code\unnamed_rpg\vendor\json\include\nlohmann/adl_serializer.hpp(47,54): warning: rvalue references are incompatible with C++98 [-Wc++98-compat]
[build]    47 |     static auto to_json(BasicJsonType& j, TargetType && val) noexcept(
[build]       |                                                      ^
[build] C:\Users\pperv\code\unnamed_rpg\vendor\json\include\nlohmann/adl_serializer.hpp(49,5): warning: trailing return types are incompatible with C++98 [-Wc++98-compat]
[build]    49 |     -> decltype(::nlohmann::to_json(j, std::forward<TargetType>(val)), void())
[build]       |     ^
[build] C:\Users\pperv\code\unnamed_rpg\vendor\json\include\nlohmann/adl_serializer.hpp(49,8): warning: 'decltype' type specifier is incompatible with C++98 [-Wc++98-compat]
[build]    49 |     -> decltype(::nlohmann::to_json(j, std::forward<TargetType>(val)), void())
[build]       |        ^
[build] C:\Users\pperv\code\unnamed_rpg\vendor\json\include\nlohmann/adl_serializer.hpp(46,47): warning: default template arguments for a function template are incompatible with C++98 [-Wc++98-compat]
[build]    46 |     template<typename BasicJsonType, typename TargetType = ValueType>
[build]       |                                               ^            ~~~~~~~~~
[build] C:\Users\pperv\code\unnamed_rpg\vendor\json\include\nlohmann/adl_serializer.hpp(27,64): warning: noexcept specifications are incompatible with C++98 [-Wc++98-compat]
[build]    27 |     static auto from_json(BasicJsonType && j, TargetType& val) noexcept(
[build]       |                                                                ^
[build] C:\Users\pperv\code\unnamed_rpg\vendor\json\include\nlohmann/adl_serializer.hpp(28,9): warning: noexcept expressions are incompatible with C++98 [-Wc++98-compat]
[build]    28 |         noexcept(::nlohmann::from_json(std::forward<BasicJsonType>(j), val)))
[build]       |         ^
[build] C:\Users\pperv\code\unnamed_rpg\vendor\json\include\nlohmann/adl_serializer.hpp(37,47): warning: noexcept specifications are incompatible with C++98 [-Wc++98-compat]
[build]    37 |     static auto from_json(BasicJsonType && j) noexcept(
[build]       |                                               ^
[build] C:\Users\pperv\code\unnamed_rpg\vendor\json\include\nlohmann/adl_serializer.hpp(38,5): warning: noexcept expressions are incompatible with C++98 [-Wc++98-compat]
[build]    38 |     noexcept(::nlohmann::from_json(std::forward<BasicJsonType>(j), detail::identity_tag<TargetType> {})))
[build]       |     ^
[build] C:\Users\pperv\code\unnamed_rpg\vendor\json\include\nlohmann/adl_serializer.hpp(38,101): warning: generalized initializer lists are incompatible with C++98 [-Wc++98-compat]
[build]    38 |     noexcept(::nlohmann::from_json(std::forward<BasicJsonType>(j), detail::identity_tag<TargetType> {})))
[build]       |                                                                                                     ^
[build] C:\Users\pperv\code\unnamed_rpg\vendor\json\include\nlohmann/adl_serializer.hpp(47,62): warning: noexcept specifications are incompatible with C++98 [-Wc++98-compat]
[build]    47 |     static auto to_json(BasicJsonType& j, TargetType && val) noexcept(
[build]       |                                                              ^
[build] C:\Users\pperv\code\unnamed_rpg\vendor\json\include\nlohmann/adl_serializer.hpp(48,9): warning: noexcept expressions are incompatible with C++98 [-Wc++98-compat]
[build]    48 |         noexcept(::nlohmann::to_json(j, std::forward<TargetType>(val))))
[build]       |         ^
[build] In file included from C:\Users\pperv\code\unnamed_rpg\vendor\json-schema-validator\src\json-uri.cpp:9:
[build] In file included from C:\Users\pperv\code\unnamed_rpg\vendor\json-schema-validator\src\nlohmann/json-schema.hpp:24:
[build] In file included from C:\Users\pperv\code\unnamed_rpg\vendor\json\include\nlohmann/json.hpp:45:
[build] C:\Users\pperv\code\unnamed_rpg\vendor\json\include\nlohmann/byte_container_with_subtype.hpp(17,1): warning: empty macro arguments are incompatible with C++98 [-Wc++98-compat-pedantic]
[build]    17 | NLOHMANN_JSON_NAMESPACE_BEGIN
[build]       | ^
[build] C:\Users\pperv\code\unnamed_rpg\vendor\json\include\nlohmann/detail/abi_macros.hpp(102,17): note: expanded from macro 'NLOHMANN_JSON_NAMESPACE_BEGIN'
[build]   102 |                 NLOHMANN_JSON_ABI_TAGS,              \
[build]       |                 ^
[build] C:\Users\pperv\code\unnamed_rpg\vendor\json\include\nlohmann/detail/abi_macros.hpp(65,5): note: expanded from macro 'NLOHMANN_JSON_ABI_TAGS'
[build]    65 |     NLOHMANN_JSON_ABI_TAGS_CONCAT(                                   \
[build]       |     ^
[build] C:\Users\pperv\code\unnamed_rpg\vendor\json\include\nlohmann/detail/abi_macros.hpp(62,39): note: expanded from macro 'NLOHMANN_JSON_ABI_TAGS_CONCAT'
[build]    62 |     NLOHMANN_JSON_ABI_TAGS_CONCAT_EX(a, b, c)
[build]       |                                       ^
[build] In file included from C:\Users\pperv\code\unnamed_rpg\vendor\json-schema-validator\src\json-uri.cpp:9:
[build] In file included from C:\Users\pperv\code\unnamed_rpg\vendor\json-schema-validator\src\nlohmann/json-schema.hpp:24:
[build] In file included from C:\Users\pperv\code\unnamed_rpg\vendor\json\include\nlohmann/json.hpp:45:
[build] C:\Users\pperv\code\unnamed_rpg\vendor\json\include\nlohmann/byte_container_with_subtype.hpp(17,1): warning: empty macro arguments are incompatible with C++98 [-Wc++98-compat-pedantic]
[build] C:\Users\pperv\code\unnamed_rpg\vendor\json\include\nlohmann/detail/abi_macros.hpp(102,17): note: expanded from macro 'NLOHMANN_JSON_NAMESPACE_BEGIN'
[build]   102 |                 NLOHMANN_JSON_ABI_TAGS,              \
[build]       |                 ^
[build] C:\Users\pperv\code\unnamed_rpg\vendor\json\include\nlohmann/detail/abi_macros.hpp(65,5): note: expanded from macro 'NLOHMANN_JSON_ABI_TAGS'
[build]    65 |     NLOHMANN_JSON_ABI_TAGS_CONCAT(                                   \
[build]       |     ^
[build] C:\Users\pperv\code\unnamed_rpg\vendor\json\include\nlohmann/detail/abi_macros.hpp(62,42): note: expanded from macro 'NLOHMANN_JSON_ABI_TAGS_CONCAT'
[build]    62 |     NLOHMANN_JSON_ABI_TAGS_CONCAT_EX(a, b, c)
[build]       |                                          ^
[build] In file included from C:\Users\pperv\code\unnamed_rpg\vendor\json-schema-validator\src\json-uri.cpp:9:
[build] In file included from C:\Users\pperv\code\unnamed_rpg\vendor\json-schema-validator\src\nlohmann/json-schema.hpp:24:
[build] In file included from C:\Users\pperv\code\unnamed_rpg\vendor\json\include\nlohmann/json.hpp:45:
[build] C:\Users\pperv\code\unnamed_rpg\vendor\json\include\nlohmann/byte_container_with_subtype.hpp(17,1): warning: empty macro arguments are incompatible with C++98 [-Wc++98-compat-pedantic]
[build] C:\Users\pperv\code\unnamed_rpg\vendor\json\include\nlohmann/detail/abi_macros.hpp(102,17): note: expanded from macro 'NLOHMANN_JSON_NAMESPACE_BEGIN'
[build]   102 |                 NLOHMANN_JSON_ABI_TAGS,              \
[build]       |                 ^
[build] C:\Users\pperv\code\unnamed_rpg\vendor\json\include\nlohmann/detail/abi_macros.hpp(65,5): note: expanded from macro 'NLOHMANN_JSON_ABI_TAGS'
[build]    65 |     NLOHMANN_JSON_ABI_TAGS_CONCAT(                                   \
[build]       |     ^
[build] C:\Users\pperv\code\unnamed_rpg\vendor\json\include\nlohmann/detail/abi_macros.hpp(62,45): note: expanded from macro 'NLOHMANN_JSON_ABI_TAGS_CONCAT'
[build]    62 |     NLOHMANN_JSON_ABI_TAGS_CONCAT_EX(a, b, c)
[build]       |                                             ^
[build] In file included from C:\Users\pperv\code\unnamed_rpg\vendor\json-schema-validator\src\json-uri.cpp:9:
[build] In file included from C:\Users\pperv\code\unnamed_rpg\vendor\json-schema-validator\src\nlohmann/json-schema.hpp:24:
[build] In file included from C:\Users\pperv\code\unnamed_rpg\vendor\json\include\nlohmann/json.hpp:45:
[build] C:\Users\pperv\code\unnamed_rpg\vendor\json\include\nlohmann/byte_container_with_subtype.hpp(17,1): warning: inline namespaces are incompatible with C++98 [-Wc++98-compat]
[build] C:\Users\pperv\code\unnamed_rpg\vendor\json\include\nlohmann/detail/abi_macros.hpp(101,5): note: expanded from macro 'NLOHMANN_JSON_NAMESPACE_BEGIN'
[build]   101 |     inline namespace NLOHMANN_JSON_NAMESPACE_CONCAT( \
[build]       |     ^
[build] In file included from C:\Users\pperv\code\unnamed_rpg\vendor\json-schema-validator\src\json-uri.cpp:9:
[build] In file included from C:\Users\pperv\code\unnamed_rpg\vendor\json-schema-validator\src\nlohmann/json-schema.hpp:24:
[build] In file included from C:\Users\pperv\code\unnamed_rpg\vendor\json\include\nlohmann/json.hpp:45:
[build] C:\Users\pperv\code\unnamed_rpg\vendor\json\include\nlohmann/byte_container_with_subtype.hpp(25,28): warning: alias declarations are incompatible with C++98 [-Wc++98-compat]
[build]    25 |     using container_type = BinaryType;
[build]       |                            ^
[build] C:\Users\pperv\code\unnamed_rpg\vendor\json\include\nlohmann/byte_container_with_subtype.hpp(26,26): warning: alias declarations are incompatible with C++98 [-Wc++98-compat]
[build]    26 |     using subtype_type = std::uint64_t;
[build]       |                          ^
[build] C:\Users\pperv\code\unnamed_rpg\vendor\json\include\nlohmann/byte_container_with_subtype.hpp(39,47): warning: rvalue references are incompatible with C++98 [-Wc++98-compat]
[build]    39 |     byte_container_with_subtype(container_type&& b) noexcept(noexcept(container_type(std::move(b))))
[build]       |                                               ^
[build] C:\Users\pperv\code\unnamed_rpg\vendor\json\include\nlohmann/byte_container_with_subtype.hpp(51,47): warning: rvalue references are incompatible with C++98 [-Wc++98-compat]
[build]    51 |     byte_container_with_subtype(container_type&& b, subtype_type subtype_) noexcept(noexcept(container_type(std::move(b))))
[build]       |                                               ^
[build] C:\Users\pperv\code\unnamed_rpg\vendor\json\include\nlohmann/byte_container_with_subtype.hpp(71,5): warning: noexcept specifications are incompatible with C++98 [-Wc++98-compat]
[build]    71 |     {
[build]       |     ^
[build] C:\Users\pperv\code\unnamed_rpg\vendor\json\include\nlohmann/byte_container_with_subtype.hpp(78,5): warning: 'constexpr' specifier is incompatible with C++98 [-Wc++98-compat]
[build]    78 |     constexpr subtype_type subtype() const noexcept
[build]       |     ^
[build] C:\Users\pperv\code\unnamed_rpg\vendor\json\include\nlohmann/byte_container_with_subtype.hpp(79,5): warning: noexcept specifications are incompatible with C++98 [-Wc++98-compat]
[build]    79 |     {
[build]       |     ^
[build] C:\Users\pperv\code\unnamed_rpg\vendor\json\include\nlohmann/byte_container_with_subtype.hpp(85,5): warning: 'constexpr' specifier is incompatible with C++98 [-Wc++98-compat]
[build]    85 |     constexpr bool has_subtype() const noexcept
[build]       |     ^
[build] C:\Users\pperv\code\unnamed_rpg\vendor\json\include\nlohmann/byte_container_with_subtype.hpp(86,5): warning: noexcept specifications are incompatible with C++98 [-Wc++98-compat]
[build]    86 |     {
[build]       |     ^
[build] C:\Users\pperv\code\unnamed_rpg\vendor\json\include\nlohmann/byte_container_with_subtype.hpp(93,5): warning: noexcept specifications are incompatible with C++98 [-Wc++98-compat]
[build]    93 |     {
[build]       |     ^
[build] C:\Users\pperv\code\unnamed_rpg\vendor\json\include\nlohmann/byte_container_with_subtype.hpp(99,28): warning: default member initializer for non-static data members is incompatible with C++98 [-Wc++98-compat]
[build]    99 |     subtype_type m_subtype = 0;
[build]       |                            ^
[build] C:\Users\pperv\code\unnamed_rpg\vendor\json\include\nlohmann/byte_container_with_subtype.hpp(100,24): warning: default member initializer for non-static data members is incompatible with C++98 [-Wc++98-compat]
[build]   100 |     bool m_has_subtype = false;
[build]       |                        ^
[build] C:\Users\pperv\code\unnamed_rpg\vendor\json\include\nlohmann/byte_container_with_subtype.hpp(29,35): warning: noexcept specifications are incompatible with C++98 [-Wc++98-compat]
[build]    29 |     byte_container_with_subtype() noexcept(noexcept(container_type()))
[build]       |                                   ^
[build] C:\Users\pperv\code\unnamed_rpg\vendor\json\include\nlohmann/byte_container_with_subtype.hpp(29,44): warning: noexcept expressions are incompatible with C++98 [-Wc++98-compat]
[build]    29 |     byte_container_with_subtype() noexcept(noexcept(container_type()))
[build]       |                                            ^
[build] C:\Users\pperv\code\unnamed_rpg\vendor\json\include\nlohmann/byte_container_with_subtype.hpp(34,58): warning: noexcept specifications are incompatible with C++98 [-Wc++98-compat]
[build]    34 |     byte_container_with_subtype(const container_type& b) noexcept(noexcept(container_type(b)))
[build]       |                                                          ^
[build] C:\Users\pperv\code\unnamed_rpg\vendor\json\include\nlohmann/byte_container_with_subtype.hpp(34,67): warning: noexcept expressions are incompatible with C++98 [-Wc++98-compat]
[build]    34 |     byte_container_with_subtype(const container_type& b) noexcept(noexcept(container_type(b)))
[build]       |                                                                   ^
[build] C:\Users\pperv\code\unnamed_rpg\vendor\json\include\nlohmann/byte_container_with_subtype.hpp(39,53): warning: noexcept specifications are incompatible with C++98 [-Wc++98-compat]
[build]    39 |     byte_container_with_subtype(container_type&& b) noexcept(noexcept(container_type(std::move(b))))
[build]       |                                                     ^
[build] C:\Users\pperv\code\unnamed_rpg\vendor\json\include\nlohmann/byte_container_with_subtype.hpp(39,62): warning: noexcept expressions are incompatible with C++98 [-Wc++98-compat]
[build]    39 |     byte_container_with_subtype(container_type&& b) noexcept(noexcept(container_type(std::move(b))))
[build]       |                                                              ^
[build] C:\Users\pperv\code\unnamed_rpg\vendor\json\include\nlohmann/byte_container_with_subtype.hpp(44,81): warning: noexcept specifications are incompatible with C++98 [-Wc++98-compat]
[build]    44 |     byte_container_with_subtype(const container_type& b, subtype_type subtype_) noexcept(noexcept(container_type(b)))
[build]       |                                                                                 ^
[build] C:\Users\pperv\code\unnamed_rpg\vendor\json\include\nlohmann/byte_container_with_subtype.hpp(44,90): warning: noexcept expressions are incompatible with C++98 [-Wc++98-compat]
[build]    44 |     byte_container_with_subtype(const container_type& b, subtype_type subtype_) noexcept(noexcept(container_type(b)))
[build]       |                                                                                          ^
[build] C:\Users\pperv\code\unnamed_rpg\vendor\json\include\nlohmann/byte_container_with_subtype.hpp(51,76): warning: noexcept specifications are incompatible with C++98 [-Wc++98-compat]
[build]    51 |     byte_container_with_subtype(container_type&& b, subtype_type subtype_) noexcept(noexcept(container_type(std::move(b))))
[build]       |                                                                            ^
[build] C:\Users\pperv\code\unnamed_rpg\vendor\json\include\nlohmann/byte_container_with_subtype.hpp(51,85): warning: noexcept expressions are incompatible with C++98 [-Wc++98-compat]
[build]    51 |     byte_container_with_subtype(container_type&& b, subtype_type subtype_) noexcept(noexcept(container_type(std::move(b))))
[build]       |                                                                                     ^
[build] In file included from C:\Users\pperv\code\unnamed_rpg\vendor\json-schema-validator\src\json-uri.cpp:9:
[build] In file included from C:\Users\pperv\code\unnamed_rpg\vendor\json-schema-validator\src\nlohmann/json-schema.hpp:24:
[build] In file included from C:\Users\pperv\code\unnamed_rpg\vendor\json\include\nlohmann/json.hpp:49:
[build] C:\Users\pperv\code\unnamed_rpg\vendor\json\include\nlohmann/detail/hash.hpp(18,1): warning: empty macro arguments are incompatible with C++98 [-Wc++98-compat-pedantic]
[build]    18 | NLOHMANN_JSON_NAMESPACE_BEGIN
[build]       | ^
[build] C:\Users\pperv\code\unnamed_rpg\vendor\json\include\nlohmann/detail/abi_macros.hpp(102,17): note: expanded from macro 'NLOHMANN_JSON_NAMESPACE_BEGIN'
[build]   102 |                 NLOHMANN_JSON_ABI_TAGS,              \
[build]       |                 ^
[build] C:\Users\pperv\code\unnamed_rpg\vendor\json\include\nlohmann/detail/abi_macros.hpp(65,5): note: expanded from macro 'NLOHMANN_JSON_ABI_TAGS'
[build]    65 |     NLOHMANN_JSON_ABI_TAGS_CONCAT(                                   \
[build]       |     ^
[build] C:\Users\pperv\code\unnamed_rpg\vendor\json\include\nlohmann/detail/abi_macros.hpp(62,39): note: expanded from macro 'NLOHMANN_JSON_ABI_TAGS_CONCAT'
[build]    62 |     NLOHMANN_JSON_ABI_TAGS_CONCAT_EX(a, b, c)
[build]       |                                       ^
[build] In file included from C:\Users\pperv\code\unnamed_rpg\vendor\json-schema-validator\src\json-uri.cpp:9:
[build] In file included from C:\Users\pperv\code\unnamed_rpg\vendor\json-schema-validator\src\nlohmann/json-schema.hpp:24:
[build] In file included from C:\Users\pperv\code\unnamed_rpg\vendor\json\include\nlohmann/json.hpp:49:
[build] C:\Users\pperv\code\unnamed_rpg\vendor\json\include\nlohmann/detail/hash.hpp(18,1): warning: empty macro arguments are incompatible with C++98 [-Wc++98-compat-pedantic]
[build] C:\Users\pperv\code\unnamed_rpg\vendor\json\include\nlohmann/detail/abi_macros.hpp(102,17): note: expanded from macro 'NLOHMANN_JSON_NAMESPACE_BEGIN'
[build]   102 |                 NLOHMANN_JSON_ABI_TAGS,              \
[build]       |                 ^
[build] C:\Users\pperv\code\unnamed_rpg\vendor\json\include\nlohmann/detail/abi_macros.hpp(65,5): note: expanded from macro 'NLOHMANN_JSON_ABI_TAGS'
[build]    65 |     NLOHMANN_JSON_ABI_TAGS_CONCAT(                                   \
[build]       |     ^
[build] C:\Users\pperv\code\unnamed_rpg\vendor\json\include\nlohmann/detail/abi_macros.hpp(62,42): note: expanded from macro 'NLOHMANN_JSON_ABI_TAGS_CONCAT'
[build]    62 |     NLOHMANN_JSON_ABI_TAGS_CONCAT_EX(a, b, c)
[build]       |                                          ^
[build] In file included from C:\Users\pperv\code\unnamed_rpg\vendor\json-schema-validator\src\json-uri.cpp:9:
[build] In file included from C:\Users\pperv\code\unnamed_rpg\vendor\json-schema-validator\src\nlohmann/json-schema.hpp:24:
[build] In file included from C:\Users\pperv\code\unnamed_rpg\vendor\json\include\nlohmann/json.hpp:49:
[build] C:\Users\pperv\code\unnamed_rpg\vendor\json\include\nlohmann/detail/hash.hpp(18,1): warning: empty macro arguments are incompatible with C++98 [-Wc++98-compat-pedantic]
[build] C:\Users\pperv\code\unnamed_rpg\vendor\json\include\nlohmann/detail/abi_macros.hpp(102,17): note: expanded from macro 'NLOHMANN_JSON_NAMESPACE_BEGIN'
[build]   102 |                 NLOHMANN_JSON_ABI_TAGS,              \
[build]       |                 ^
[build] C:\Users\pperv\code\unnamed_rpg\vendor\json\include\nlohmann/detail/abi_macros.hpp(65,5): note: expanded from macro 'NLOHMANN_JSON_ABI_TAGS'
[build]    65 |     NLOHMANN_JSON_ABI_TAGS_CONCAT(                                   \
[build]       |     ^
[build] C:\Users\pperv\code\unnamed_rpg\vendor\json\include\nlohmann/detail/abi_macros.hpp(62,45): note: expanded from macro 'NLOHMANN_JSON_ABI_TAGS_CONCAT'
[build]    62 |     NLOHMANN_JSON_ABI_TAGS_CONCAT_EX(a, b, c)
[build]       |                                             ^
[build] In file included from C:\Users\pperv\code\unnamed_rpg\vendor\json-schema-validator\src\json-uri.cpp:9:
[build] In file included from C:\Users\pperv\code\unnamed_rpg\vendor\json-schema-validator\src\nlohmann/json-schema.hpp:24:
[build] In file included from C:\Users\pperv\code\unnamed_rpg\vendor\json\include\nlohmann/json.hpp:49:
[build] C:\Users\pperv\code\unnamed_rpg\vendor\json\include\nlohmann/detail/hash.hpp(18,1): warning: inline namespaces are incompatible with C++98 [-Wc++98-compat]
[build] C:\Users\pperv\code\unnamed_rpg\vendor\json\include\nlohmann/detail/abi_macros.hpp(101,5): note: expanded from macro 'NLOHMANN_JSON_NAMESPACE_BEGIN'
[build]   101 |     inline namespace NLOHMANN_JSON_NAMESPACE_CONCAT( \
[build]       |     ^
[build] In file included from C:\Users\pperv\code\unnamed_rpg\vendor\json-schema-validator\src\json-uri.cpp:9:
[build] In file included from C:\Users\pperv\code\unnamed_rpg\vendor\json-schema-validator\src\nlohmann/json-schema.hpp:24:
[build] In file included from C:\Users\pperv\code\unnamed_rpg\vendor\json\include\nlohmann/json.hpp:49:
[build] C:\Users\pperv\code\unnamed_rpg\vendor\json\include\nlohmann/detail/hash.hpp(23,61): warning: noexcept specifications are incompatible with C++98 [-Wc++98-compat]
[build]    23 | inline std::size_t combine(std::size_t seed, std::size_t h) noexcept
[build]       |                                                             ^
[build] In file included from C:\Users\pperv\code\unnamed_rpg\vendor\json-schema-validator\src\json-uri.cpp:9:
[build] In file included from C:\Users\pperv\code\unnamed_rpg\vendor\json-schema-validator\src\nlohmann/json-schema.hpp:24:
[build] In file included from C:\Users\pperv\code\unnamed_rpg\vendor\json\include\nlohmann/json.hpp:50:
[build] In file included from C:\Users\pperv\code\unnamed_rpg\vendor\json\include\nlohmann/detail/input/binary_reader.hpp:28:
[build] C:\Users\pperv\code\unnamed_rpg\vendor\json\include\nlohmann/detail/input/input_adapters.hpp(32,1): warning: empty macro arguments are incompatible with C++98 [-Wc++98-compat-pedantic]
[build]    32 | NLOHMANN_JSON_NAMESPACE_BEGIN
[build]       | ^
[build] C:\Users\pperv\code\unnamed_rpg\vendor\json\include\nlohmann/detail/abi_macros.hpp(102,17): note: expanded from macro 'NLOHMANN_JSON_NAMESPACE_BEGIN'
[build]   102 |                 NLOHMANN_JSON_ABI_TAGS,              \
[build]       |                 ^
[build] C:\Users\pperv\code\unnamed_rpg\vendor\json\include\nlohmann/detail/abi_macros.hpp(65,5): note: expanded from macro 'NLOHMANN_JSON_ABI_TAGS'
[build]    65 |     NLOHMANN_JSON_ABI_TAGS_CONCAT(                                   \
[build]       |     ^
[build] C:\Users\pperv\code\unnamed_rpg\vendor\json\include\nlohmann/detail/abi_macros.hpp(62,39): note: expanded from macro 'NLOHMANN_JSON_ABI_TAGS_CONCAT'
[build]    62 |     NLOHMANN_JSON_ABI_TAGS_CONCAT_EX(a, b, c)
[build]       |                                       ^
[build] In file included from C:\Users\pperv\code\unnamed_rpg\vendor\json-schema-validator\src\json-uri.cpp:9:
[build] In file included from C:\Users\pperv\code\unnamed_rpg\vendor\json-schema-validator\src\nlohmann/json-schema.hpp:24:
[build] In file included from C:\Users\pperv\code\unnamed_rpg\vendor\json\include\nlohmann/json.hpp:50:
[build] In file included from C:\Users\pperv\code\unnamed_rpg\vendor\json\include\nlohmann/detail/input/binary_reader.hpp:28:
[build] C:\Users\pperv\code\unnamed_rpg\vendor\json\include\nlohmann/detail/input/input_adapters.hpp(32,1): warning: empty macro arguments are incompatible with C++98 [-Wc++98-compat-pedantic]
[build] C:\Users\pperv\code\unnamed_rpg\vendor\json\include\nlohmann/detail/abi_macros.hpp(102,17): note: expanded from macro 'NLOHMANN_JSON_NAMESPACE_BEGIN'
[build]   102 |                 NLOHMANN_JSON_ABI_TAGS,              \
[build]       |                 ^
[build] C:\Users\pperv\code\unnamed_rpg\vendor\json\include\nlohmann/detail/abi_macros.hpp(65,5): note: expanded from macro 'NLOHMANN_JSON_ABI_TAGS'
[build]    65 |     NLOHMANN_JSON_ABI_TAGS_CONCAT(                                   \
[build]       |     ^
[build] C:\Users\pperv\code\unnamed_rpg\vendor\json\include\nlohmann/detail/abi_macros.hpp(62,42): note: expanded from macro 'NLOHMANN_JSON_ABI_TAGS_CONCAT'
[build]    62 |     NLOHMANN_JSON_ABI_TAGS_CONCAT_EX(a, b, c)
[build]       |                                          ^
[build] In file included from C:\Users\pperv\code\unnamed_rpg\vendor\json-schema-validator\src\json-uri.cpp:9:
[build] In file included from C:\Users\pperv\code\unnamed_rpg\vendor\json-schema-validator\src\nlohmann/json-schema.hpp:24:
[build] In file included from C:\Users\pperv\code\unnamed_rpg\vendor\json\include\nlohmann/json.hpp:50:
[build] In file included from C:\Users\pperv\code\unnamed_rpg\vendor\json\include\nlohmann/detail/input/binary_reader.hpp:28:
[build] C:\Users\pperv\code\unnamed_rpg\vendor\json\include\nlohmann/detail/input/input_adapters.hpp(32,1): warning: empty macro arguments are incompatible with C++98 [-Wc++98-compat-pedantic]
[build] C:\Users\pperv\code\unnamed_rpg\vendor\json\include\nlohmann/detail/abi_macros.hpp(102,17): note: expanded from macro 'NLOHMANN_JSON_NAMESPACE_BEGIN'
[build]   102 |                 NLOHMANN_JSON_ABI_TAGS,              \
[build]       |                 ^
[build] C:\Users\pperv\code\unnamed_rpg\vendor\json\include\nlohmann/detail/abi_macros.hpp(65,5): note: expanded from macro 'NLOHMANN_JSON_ABI_TAGS'
[build]    65 |     NLOHMANN_JSON_ABI_TAGS_CONCAT(                                   \
[build]       |     ^
[build] C:\Users\pperv\code\unnamed_rpg\vendor\json\include\nlohmann/detail/abi_macros.hpp(62,45): note: expanded from macro 'NLOHMANN_JSON_ABI_TAGS_CONCAT'
[build]    62 |     NLOHMANN_JSON_ABI_TAGS_CONCAT_EX(a, b, c)
[build]       |                                             ^
[build] In file included from C:\Users\pperv\code\unnamed_rpg\vendor\json-schema-validator\src\json-uri.cpp:9:
[build] In file included from C:\Users\pperv\code\unnamed_rpg\vendor\json-schema-validator\src\nlohmann/json-schema.hpp:24:
[build] In file included from C:\Users\pperv\code\unnamed_rpg\vendor\json\include\nlohmann/json.hpp:50:
[build] In file included from C:\Users\pperv\code\unnamed_rpg\vendor\json\include\nlohmann/detail/input/binary_reader.hpp:28:
[build] C:\Users\pperv\code\unnamed_rpg\vendor\json\include\nlohmann/detail/input/input_adapters.hpp(32,1): warning: inline namespaces are incompatible with C++98 [-Wc++98-compat]
[build] C:\Users\pperv\code\unnamed_rpg\vendor\json\include\nlohmann/detail/abi_macros.hpp(101,5): note: expanded from macro 'NLOHMANN_JSON_NAMESPACE_BEGIN'
[build]   101 |     inline namespace NLOHMANN_JSON_NAMESPACE_CONCAT( \
[build]       |     ^
[build] In file included from C:\Users\pperv\code\unnamed_rpg\vendor\json-schema-validator\src\json-uri.cpp:9:
[build] In file included from C:\Users\pperv\code\unnamed_rpg\vendor\json-schema-validator\src\nlohmann/json-schema.hpp:24:
[build] In file included from C:\Users\pperv\code\unnamed_rpg\vendor\json\include\nlohmann/json.hpp:50:
[build] In file included from C:\Users\pperv\code\unnamed_rpg\vendor\json\include\nlohmann/detail/input/binary_reader.hpp:28:
[build] C:\Users\pperv\code\unnamed_rpg\vendor\json\include\nlohmann/detail/input/input_adapters.hpp(37,6): warning: scoped enumerations are incompatible with C++98 [-Wc++98-compat]
[build]    37 | enum class input_format_t { json, cbor, msgpack, ubjson, bson, bjdata };
[build]       |      ^
[build] C:\Users\pperv\code\unnamed_rpg\vendor\json\include\nlohmann/detail/input/input_adapters.hpp(51,23): warning: alias declarations are incompatible with C++98 [-Wc++98-compat]
[build]    51 |     using char_type = char;
[build]       |                       ^
[build] C:\Users\pperv\code\unnamed_rpg\vendor\json\include\nlohmann/detail/input/input_adapters.hpp(55,9): warning: noexcept specifications are incompatible with C++98 [-Wc++98-compat]
[build]    55 |         : m_file(f)
[build]       |         ^
[build] C:\Users\pperv\code\unnamed_rpg\vendor\json\include\nlohmann/detail/input/input_adapters.hpp(61,53): warning: deleted function definitions are incompatible with C++98 [-Wc++98-compat]
[build]    61 |     file_input_adapter(const file_input_adapter&) = delete;
[build]       |                                                     ^
[build] C:\Users\pperv\code\unnamed_rpg\vendor\json\include\nlohmann/detail/input/input_adapters.hpp(62,42): warning: rvalue references are incompatible with C++98 [-Wc++98-compat]
[build]    62 |     file_input_adapter(file_input_adapter&&) noexcept = default;
[build]       |                                          ^
[build] C:\Users\pperv\code\unnamed_rpg\vendor\json\include\nlohmann/detail/input/input_adapters.hpp(62,55): warning: noexcept specifications are incompatible with C++98 [-Wc++98-compat]
[build]    62 |     file_input_adapter(file_input_adapter&&) noexcept = default;
[build]       |                                                       ^
[build] C:\Users\pperv\code\unnamed_rpg\vendor\json\include\nlohmann/detail/input/input_adapters.hpp(62,57): warning: defaulted function definitions are incompatible with C++98 [-Wc++98-compat]
[build]    62 |     file_input_adapter(file_input_adapter&&) noexcept = default;
[build]       |                                                         ^
[build] C:\Users\pperv\code\unnamed_rpg\vendor\json\include\nlohmann/detail/input/input_adapters.hpp(63,64): warning: deleted function definitions are incompatible with C++98 [-Wc++98-compat]
[build]    63 |     file_input_adapter& operator=(const file_input_adapter&) = delete;
[build]       |                                                                ^
[build] C:\Users\pperv\code\unnamed_rpg\vendor\json\include\nlohmann/detail/input/input_adapters.hpp(64,53): warning: rvalue references are incompatible with C++98 [-Wc++98-compat]
[build]    64 |     file_input_adapter& operator=(file_input_adapter&&) = delete;
[build]       |                                                     ^
[build] C:\Users\pperv\code\unnamed_rpg\vendor\json\include\nlohmann/detail/input/input_adapters.hpp(64,59): warning: deleted function definitions are incompatible with C++98 [-Wc++98-compat]
[build]    64 |     file_input_adapter& operator=(file_input_adapter&&) = delete;
[build]       |                                                           ^
[build] C:\Users\pperv\code\unnamed_rpg\vendor\json\include\nlohmann/detail/input/input_adapters.hpp(65,29): warning: defaulted function definitions are incompatible with C++98 [-Wc++98-compat]
[build]    65 |     ~file_input_adapter() = default;
[build]       |                             ^
[build] C:\Users\pperv\code\unnamed_rpg\vendor\json\include\nlohmann/detail/input/input_adapters.hpp(68,5): warning: noexcept specifications are incompatible with C++98 [-Wc++98-compat]
[build]    68 |     {
[build]       |     ^
[build] C:\Users\pperv\code\unnamed_rpg\vendor\json\include\nlohmann/detail/input/input_adapters.hpp(57,31): warning: 'nullptr' is incompatible with C++98 [-Wc++98-compat]
[build]    57 |         JSON_ASSERT(m_file != nullptr);
[build]       |                               ^
[build] C:\Users\pperv\code\unnamed_rpg\vendor\json\include\nlohmann/detail/input/input_adapters.hpp(96,23): warning: alias declarations are incompatible with C++98 [-Wc++98-compat]
[build]    96 |     using char_type = char;
[build]       |                       ^
[build] C:\Users\pperv\code\unnamed_rpg\vendor\json\include\nlohmann/detail/input/input_adapters.hpp(113,57): warning: deleted function definitions are incompatible with C++98 [-Wc++98-compat]
[build]   113 |     input_stream_adapter(const input_stream_adapter&) = delete;
[build]       |                                                         ^
[build] C:\Users\pperv\code\unnamed_rpg\vendor\json\include\nlohmann/detail/input/input_adapters.hpp(114,62): warning: deleted function definitions are incompatible with C++98 [-Wc++98-compat]
[build]   114 |     input_stream_adapter& operator=(input_stream_adapter&) = delete;
[build]       |                                                              ^
[build] C:\Users\pperv\code\unnamed_rpg\vendor\json\include\nlohmann/detail/input/input_adapters.hpp(115,57): warning: rvalue references are incompatible with C++98 [-Wc++98-compat]
[build]   115 |     input_stream_adapter& operator=(input_stream_adapter&&) = delete;
[build]       |                                                         ^
[build] C:\Users\pperv\code\unnamed_rpg\vendor\json\include\nlohmann/detail/input/input_adapters.hpp(115,63): warning: deleted function definitions are incompatible with C++98 [-Wc++98-compat]
[build]   115 |     input_stream_adapter& operator=(input_stream_adapter&&) = delete;
[build]       |                                                               ^
[build] C:\Users\pperv\code\unnamed_rpg\vendor\json\include\nlohmann/detail/input/input_adapters.hpp(117,46): warning: rvalue references are incompatible with C++98 [-Wc++98-compat]
[build]   117 |     input_stream_adapter(input_stream_adapter&& rhs) noexcept
[build]       |                                              ^
[build] C:\Users\pperv\code\unnamed_rpg\vendor\json\include\nlohmann/detail/input/input_adapters.hpp(118,9): warning: noexcept specifications are incompatible with C++98 [-Wc++98-compat]
[build]   118 |         : is(rhs.is), sb(rhs.sb)
[build]       |         ^
[build] C:\Users\pperv\code\unnamed_rpg\vendor\json\include\nlohmann/detail/input/input_adapters.hpp(151,22): warning: default member initializer for non-static data members is incompatible with C++98 [-Wc++98-compat]
[build]   151 |     std::istream* is = nullptr;
[build]       |                      ^
[build] C:\Users\pperv\code\unnamed_rpg\vendor\json\include\nlohmann/detail/input/input_adapters.hpp(152,24): warning: default member initializer for non-static data members is incompatible with C++98 [-Wc++98-compat]
[build]   152 |     std::streambuf* sb = nullptr;
[build]       |                        ^
[build] C:\Users\pperv\code\unnamed_rpg\vendor\json\include\nlohmann/detail/input/input_adapters.hpp(151,24): warning: 'nullptr' is incompatible with C++98 [-Wc++98-compat]
[build]   151 |     std::istream* is = nullptr;
[build]       |                        ^
[build] C:\Users\pperv\code\unnamed_rpg\vendor\json\include\nlohmann/detail/input/input_adapters.hpp(152,26): warning: 'nullptr' is incompatible with C++98 [-Wc++98-compat]
[build]   152 |     std::streambuf* sb = nullptr;
[build]       |                          ^
[build] C:\Users\pperv\code\unnamed_rpg\vendor\json\include\nlohmann/detail/input/input_adapters.hpp(102,19): warning: 'nullptr' is incompatible with C++98 [-Wc++98-compat]
[build]   102 |         if (is != nullptr)
[build]       |                   ^
[build] C:\Users\pperv\code\unnamed_rpg\vendor\json\include\nlohmann/detail/input/input_adapters.hpp(120,18): warning: 'nullptr' is incompatible with C++98 [-Wc++98-compat]
[build]   120 |         rhs.is = nullptr;
[build]       |                  ^
[build] C:\Users\pperv\code\unnamed_rpg\vendor\json\include\nlohmann/detail/input/input_adapters.hpp(121,18): warning: 'nullptr' is incompatible with C++98 [-Wc++98-compat]
[build]   121 |         rhs.sb = nullptr;
[build]       |                  ^
[build] C:\Users\pperv\code\unnamed_rpg\vendor\json\include\nlohmann/detail/input/input_adapters.hpp(129,9): warning: 'auto' type specifier is incompatible with C++98 [-Wc++98-compat]
[build]   129 |         auto res = sb->sbumpc();
[build]       |         ^~~~
[build] C:\Users\pperv\code\unnamed_rpg\vendor\json\include\nlohmann/detail/input/input_adapters.hpp(164,23): warning: alias declarations are incompatible with C++98 [-Wc++98-compat]
[build]   164 |     using char_type = typename std::iterator_traits<IteratorType>::value_type;
[build]       |                       ^
[build] C:\Users\pperv\code\unnamed_rpg\vendor\json\include\nlohmann/detail/input/input_adapters.hpp(172,12): warning: 'constexpr' specifier is incompatible with C++98 [-Wc++98-compat]
[build]   172 |     static constexpr bool supports_seek =
[build]       |            ^
[build] C:\Users\pperv\code\unnamed_rpg\vendor\json\include\nlohmann/detail/input/input_adapters.hpp(226,12): warning: 'constexpr' specifier is incompatible with C++98 [-Wc++98-compat]
[build]   226 |     static constexpr bool iterator_is_contiguous =
[build]       |            ^
[build] C:\Users\pperv\code\unnamed_rpg\vendor\json\include\nlohmann/detail/input/input_adapters.hpp(440,23): warning: alias declarations are incompatible with C++98 [-Wc++98-compat]
[build]   440 |     using char_type = char;
[build]       |                       ^
[build] C:\Users\pperv\code\unnamed_rpg\vendor\json\include\nlohmann/detail/input/input_adapters.hpp(446,5): warning: noexcept specifications are incompatible with C++98 [-Wc++98-compat]
[build]   446 |     {
[build]       |     ^
[build] C:\Users\pperv\code\unnamed_rpg\vendor\json\include\nlohmann/detail/input/input_adapters.hpp(479,64): warning: default member initializer for non-static data members is incompatible with C++98 [-Wc++98-compat]
[build]   479 |     std::array<std::char_traits<char>::int_type, 4> utf8_bytes = {{0, 0, 0, 0}};
[build]       |                                                                ^
[build] C:\Users\pperv\code\unnamed_rpg\vendor\json\include\nlohmann/detail/input/input_adapters.hpp(482,34): warning: default member initializer for non-static data members is incompatible with C++98 [-Wc++98-compat]
[build]   482 |     std::size_t utf8_bytes_index = 0;
[build]       |                                  ^
[build] C:\Users\pperv\code\unnamed_rpg\vendor\json\include\nlohmann/detail/input/input_adapters.hpp(484,35): warning: default member initializer for non-static data members is incompatible with C++98 [-Wc++98-compat]
[build]   484 |     std::size_t utf8_bytes_filled = 0;
[build]       |                                   ^
[build] C:\Users\pperv\code\unnamed_rpg\vendor\json\include\nlohmann/detail/input/input_adapters.hpp(490,27): warning: alias declarations are incompatible with C++98 [-Wc++98-compat]
[build]   490 |     using iterator_type = IteratorType;
[build]       |                           ^
[build] C:\Users\pperv\code\unnamed_rpg\vendor\json\include\nlohmann/detail/input/input_adapters.hpp(491,27): warning: alias declarations are incompatible with C++98 [-Wc++98-compat]
[build]   491 |     using sentinel_type = SentinelType;
[build]       |                           ^
[build] C:\Users\pperv\code\unnamed_rpg\vendor\json\include\nlohmann/detail/input/input_adapters.hpp(492,23): warning: alias declarations are incompatible with C++98 [-Wc++98-compat]
[build]   492 |     using char_type = typename std::iterator_traits<iterator_type>::value_type;
[build]       |                       ^
[build] C:\Users\pperv\code\unnamed_rpg\vendor\json\include\nlohmann/detail/input/input_adapters.hpp(493,26): warning: alias declarations are incompatible with C++98 [-Wc++98-compat]
[build]   493 |     using adapter_type = iterator_input_adapter<iterator_type, sentinel_type>;
[build]       |                          ^
[build] C:\Users\pperv\code\unnamed_rpg\vendor\json\include\nlohmann/detail/input/input_adapters.hpp(507,17): warning: 'decltype' type specifier is incompatible with C++98 [-Wc++98-compat]
[build]   507 |        void_t < decltype(std::declval<IteratorType>() != std::declval<SentinelType>()) >>
[build]       |                 ^
[build] C:\Users\pperv\code\unnamed_rpg\vendor\json\include\nlohmann/detail/input/input_adapters.hpp(507,88): warning: consecutive right angle brackets are incompatible with C++98 (use '> >') [-Wc++98-compat]
[build]   507 |        void_t < decltype(std::declval<IteratorType>() != std::declval<SentinelType>()) >>
[build]       |                                                                                        ^~
[build]       |                                                                                        > >
[build] C:\Users\pperv\code\unnamed_rpg\vendor\json\include\nlohmann/detail/input/input_adapters.hpp(516,17): warning: 'decltype' type specifier is incompatible with C++98 [-Wc++98-compat]
[build]   516 |        void_t < decltype(std::declval<SentinelType>() != std::declval<IteratorType>()) >>
[build]       |                 ^
[build] C:\Users\pperv\code\unnamed_rpg\vendor\json\include\nlohmann/detail/input/input_adapters.hpp(516,88): warning: consecutive right angle brackets are incompatible with C++98 (use '> >') [-Wc++98-compat]
[build]   516 |        void_t < decltype(std::declval<SentinelType>() != std::declval<IteratorType>()) >>
[build]       |                                                                                        ^~
[build]       |                                                                                        > >
[build] C:\Users\pperv\code\unnamed_rpg\vendor\json\include\nlohmann/detail/input/input_adapters.hpp(538,24): warning: alias declarations are incompatible with C++98 [-Wc++98-compat]
[build]   538 |     using value_type = typename std::iterator_traits<T>::value_type;
[build]       |                        ^
[build] C:\Users\pperv\code\unnamed_rpg\vendor\json\include\nlohmann/detail/input/input_adapters.hpp(546,124): warning: consecutive right angle brackets are incompatible with C++98 (use '> >') [-Wc++98-compat]
[build]   546 | struct iterator_input_adapter_factory<IteratorType, SentinelType, enable_if_t<is_iterator_of_multibyte<IteratorType>::value>>
[build]       |                                                                                                                            ^~
[build]       |                                                                                                                            > >
[build] C:\Users\pperv\code\unnamed_rpg\vendor\json\include\nlohmann/detail/input/input_adapters.hpp(548,27): warning: alias declarations are incompatible with C++98 [-Wc++98-compat]
[build]   548 |     using iterator_type = IteratorType;
[build]       |                           ^
[build] C:\Users\pperv\code\unnamed_rpg\vendor\json\include\nlohmann/detail/input/input_adapters.hpp(549,27): warning: alias declarations are incompatible with C++98 [-Wc++98-compat]
[build]   549 |     using sentinel_type = SentinelType;
[build]       |                           ^
[build] C:\Users\pperv\code\unnamed_rpg\vendor\json\include\nlohmann/detail/input/input_adapters.hpp(550,23): warning: alias declarations are incompatible with C++98 [-Wc++98-compat]
[build]   550 |     using char_type = typename std::iterator_traits<iterator_type>::value_type;
[build]       |                       ^
[build] C:\Users\pperv\code\unnamed_rpg\vendor\json\include\nlohmann/detail/input/input_adapters.hpp(551,31): warning: alias declarations are incompatible with C++98 [-Wc++98-compat]
[build]   551 |     using base_adapter_type = iterator_input_adapter<iterator_type, sentinel_type>;
[build]       |                               ^
[build] C:\Users\pperv\code\unnamed_rpg\vendor\json\include\nlohmann/detail/input/input_adapters.hpp(552,26): warning: alias declarations are incompatible with C++98 [-Wc++98-compat]
[build]   552 |     using adapter_type = wide_string_input_adapter<base_adapter_type, char_type>;
[build]       |                          ^
[build] C:\Users\pperv\code\unnamed_rpg\vendor\json\include\nlohmann/detail/input/input_adapters.hpp(564,44): warning: default template arguments for a function template are incompatible with C++98 [-Wc++98-compat]
[build]   564 | template < typename IteratorType, typename SentinelType = IteratorType,
[build]       |                                            ^              ~~~~~~~~~~~~
[build] C:\Users\pperv\code\unnamed_rpg\vendor\json\include\nlohmann/detail/input/input_adapters.hpp(565,21): warning: default template arguments for a function template are incompatible with C++98 [-Wc++98-compat]
[build]   565 |            typename = typename std::enable_if <
[build]       |                     ^ ~~~~~~~~~~~~~~~~~~~~~~~~~
[build]   566 |                can_compare_ne<IteratorType, SentinelType>::value >::type >
[build]       |                ~~~~~~~~~~~~~~~~~~~~~~~~~~~~~~~~~~~~~~~~~~~~~~~~~~~~~~~~~
[build] C:\Users\pperv\code\unnamed_rpg\vendor\json\include\nlohmann/detail/input/input_adapters.hpp(588,15): warning: 'decltype' type specifier is incompatible with C++98 [-Wc++98-compat]
[build]   588 |        void_t<decltype(begin(std::declval<ContainerType>()), end(std::declval<ContainerType>()))>>
[build]       |               ^
[build] C:\Users\pperv\code\unnamed_rpg\vendor\json\include\nlohmann/detail/input/input_adapters.hpp(588,97): warning: consecutive right angle brackets are incompatible with C++98 (use '> >') [-Wc++98-compat]
[build]   588 |        void_t<decltype(begin(std::declval<ContainerType>()), end(std::declval<ContainerType>()))>>
[build]       |                                                                                                 ^~
[build]       |                                                                                                 > >
[build] C:\Users\pperv\code\unnamed_rpg\vendor\json\include\nlohmann/detail/input/input_adapters.hpp(590,33): warning: alias declarations are incompatible with C++98 [-Wc++98-compat]
[build]   590 |            using adapter_type = decltype(input_adapter(begin(std::declval<ContainerType>()), end(std::declval<ContainerType>())));
[build]       |                                 ^
[build] C:\Users\pperv\code\unnamed_rpg\vendor\json\include\nlohmann/detail/input/input_adapters.hpp(590,33): warning: 'decltype' type specifier is incompatible with C++98 [-Wc++98-compat]
[build] C:\Users\pperv\code\unnamed_rpg\vendor\json\include\nlohmann/detail/input/input_adapters.hpp(592,52): warning: rvalue references are incompatible with C++98 [-Wc++98-compat]
[build]   592 |            static adapter_type create(ContainerType&& container)
[build]       |                                                    ^
[build] C:\Users\pperv\code\unnamed_rpg\vendor\json\include\nlohmann/detail/input/input_adapters.hpp(601,136): warning: rvalue references are incompatible with C++98 [-Wc++98-compat]
[build]   601 | typename container_input_adapter_factory_impl::container_input_adapter_factory<ContainerType>::adapter_type input_adapter(ContainerType&& container)
[build]       |                                                                                                                                        ^
[build] C:\Users\pperv\code\unnamed_rpg\vendor\json\include\nlohmann/detail/input/input_adapters.hpp(607,35): warning: alias declarations are incompatible with C++98 [-Wc++98-compat]
[build]   607 | using string_input_adapter_type = decltype(input_adapter(std::declval<std::string>()));
[build]       |                                   ^
[build] C:\Users\pperv\code\unnamed_rpg\vendor\json\include\nlohmann/detail/input/input_adapters.hpp(607,35): warning: 'decltype' type specifier is incompatible with C++98 [-Wc++98-compat]
[build] C:\Users\pperv\code\unnamed_rpg\vendor\json\include\nlohmann/detail/input/input_adapters.hpp(613,17): warning: 'nullptr' is incompatible with C++98 [-Wc++98-compat]
[build]   613 |     if (file == nullptr)
[build]       |                 ^
[build] C:\Users\pperv\code\unnamed_rpg\vendor\json\include\nlohmann/detail/input/input_adapters.hpp(615,153): warning: 'nullptr' is incompatible with C++98 [-Wc++98-compat]
[build]   615 |         JSON_THROW(parse_error::create(101, 0, "attempting to parse an empty input; check that your input string or stream contains the expected JSON", nullptr));
[build]       |                                                                                                                                                         ^
[build] C:\Users\pperv\code\unnamed_rpg\vendor\json\include\nlohmann/detail/input/input_adapters.hpp(625,55): warning: rvalue references are incompatible with C++98 [-Wc++98-compat]
[build]   625 | inline input_stream_adapter input_adapter(std::istream&& stream)
[build]       |                                                       ^
[build] C:\Users\pperv\code\unnamed_rpg\vendor\json\include\nlohmann/detail/input/input_adapters.hpp(631,40): warning: alias declarations are incompatible with C++98 [-Wc++98-compat]
[build]   631 | using contiguous_bytes_input_adapter = decltype(input_adapter(std::declval<const char*>(), std::declval<const char*>()));
[build]       |                                        ^
[build] C:\Users\pperv\code\unnamed_rpg\vendor\json\include\nlohmann/detail/input/input_adapters.hpp(631,40): warning: 'decltype' type specifier is incompatible with C++98 [-Wc++98-compat]
[build] C:\Users\pperv\code\unnamed_rpg\vendor\json\include\nlohmann/detail/input/input_adapters.hpp(640,28): warning: default template arguments for a function template are incompatible with C++98 [-Wc++98-compat]
[build]   640 |                int >::type = 0 >
[build]       |                            ^ ~
[build] C:\Users\pperv\code\unnamed_rpg\vendor\json\include\nlohmann/detail/input/input_adapters.hpp(653,35): warning: trailing return types are incompatible with C++98 [-Wc++98-compat]
[build]   653 | auto input_adapter(T (&array)[N]) -> decltype(input_adapter(array, array + N)) // NOLINT(cppcoreguidelines-avoid-c-arrays,hicpp-avoid-c-arrays,modernize-avoid-c-arrays)
[build]       |                                   ^
[build] C:\Users\pperv\code\unnamed_rpg\vendor\json\include\nlohmann/detail/input/input_adapters.hpp(653,38): warning: 'decltype' type specifier is incompatible with C++98 [-Wc++98-compat]
[build]   653 | auto input_adapter(T (&array)[N]) -> decltype(input_adapter(array, array + N)) // NOLINT(cppcoreguidelines-avoid-c-arrays,hicpp-avoid-c-arrays,modernize-avoid-c-arrays)
[build]       |                                      ^
[build] C:\Users\pperv\code\unnamed_rpg\vendor\json\include\nlohmann/detail/input/input_adapters.hpp(669,32): warning: default template arguments for a function template are incompatible with C++98 [-Wc++98-compat]
[build]   669 |                    int >::type = 0 >
[build]       |                                ^ ~
[build] C:\Users\pperv\code\unnamed_rpg\vendor\json\include\nlohmann/detail/input/input_adapters.hpp(676,29): warning: default template arguments for a function template are incompatible with C++98 [-Wc++98-compat]
[build]   676 |                  int>::type = 0>
[build]       |                             ^ ~
[build] C:\Users\pperv\code\unnamed_rpg\vendor\json\include\nlohmann/detail/input/input_adapters.hpp(680,35): warning: rvalue references are incompatible with C++98 [-Wc++98-compat]
[build]   680 |     contiguous_bytes_input_adapter&& get()
[build]       |                                   ^
[build] In file included from C:\Users\pperv\code\unnamed_rpg\vendor\json-schema-validator\src\json-uri.cpp:9:
[build] In file included from C:\Users\pperv\code\unnamed_rpg\vendor\json-schema-validator\src\nlohmann/json-schema.hpp:24:
[build] In file included from C:\Users\pperv\code\unnamed_rpg\vendor\json\include\nlohmann/json.hpp:50:
[build] In file included from C:\Users\pperv\code\unnamed_rpg\vendor\json\include\nlohmann/detail/input/binary_reader.hpp:29:
[build] In file included from C:\Users\pperv\code\unnamed_rpg\vendor\json\include\nlohmann/detail/input/json_sax.hpp:18:
[build] C:\Users\pperv\code\unnamed_rpg\vendor\json\include\nlohmann/detail/input/lexer.hpp(26,1): warning: empty macro arguments are incompatible with C++98 [-Wc++98-compat-pedantic]
[build]    26 | NLOHMANN_JSON_NAMESPACE_BEGIN
[build]       | ^
[build] C:\Users\pperv\code\unnamed_rpg\vendor\json\include\nlohmann/detail/abi_macros.hpp(102,17): note: expanded from macro 'NLOHMANN_JSON_NAMESPACE_BEGIN'
[build]   102 |                 NLOHMANN_JSON_ABI_TAGS,              \
[build]       |                 ^
[build] C:\Users\pperv\code\unnamed_rpg\vendor\json\include\nlohmann/detail/abi_macros.hpp(65,5): note: expanded from macro 'NLOHMANN_JSON_ABI_TAGS'
[build]    65 |     NLOHMANN_JSON_ABI_TAGS_CONCAT(                                   \
[build]       |     ^
[build] C:\Users\pperv\code\unnamed_rpg\vendor\json\include\nlohmann/detail/abi_macros.hpp(62,39): note: expanded from macro 'NLOHMANN_JSON_ABI_TAGS_CONCAT'
[build]    62 |     NLOHMANN_JSON_ABI_TAGS_CONCAT_EX(a, b, c)
[build]       |                                       ^
[build] In file included from C:\Users\pperv\code\unnamed_rpg\vendor\json-schema-validator\src\json-uri.cpp:9:
[build] In file included from C:\Users\pperv\code\unnamed_rpg\vendor\json-schema-validator\src\nlohmann/json-schema.hpp:24:
[build] In file included from C:\Users\pperv\code\unnamed_rpg\vendor\json\include\nlohmann/json.hpp:50:
[build] In file included from C:\Users\pperv\code\unnamed_rpg\vendor\json\include\nlohmann/detail/input/binary_reader.hpp:29:
[build] In file included from C:\Users\pperv\code\unnamed_rpg\vendor\json\include\nlohmann/detail/input/json_sax.hpp:18:
[build] C:\Users\pperv\code\unnamed_rpg\vendor\json\include\nlohmann/detail/input/lexer.hpp(26,1): warning: empty macro arguments are incompatible with C++98 [-Wc++98-compat-pedantic]
[build] C:\Users\pperv\code\unnamed_rpg\vendor\json\include\nlohmann/detail/abi_macros.hpp(102,17): note: expanded from macro 'NLOHMANN_JSON_NAMESPACE_BEGIN'
[build]   102 |                 NLOHMANN_JSON_ABI_TAGS,              \
[build]       |                 ^
[build] C:\Users\pperv\code\unnamed_rpg\vendor\json\include\nlohmann/detail/abi_macros.hpp(65,5): note: expanded from macro 'NLOHMANN_JSON_ABI_TAGS'
[build]    65 |     NLOHMANN_JSON_ABI_TAGS_CONCAT(                                   \
[build]       |     ^
[build] C:\Users\pperv\code\unnamed_rpg\vendor\json\include\nlohmann/detail/abi_macros.hpp(62,42): note: expanded from macro 'NLOHMANN_JSON_ABI_TAGS_CONCAT'
[build]    62 |     NLOHMANN_JSON_ABI_TAGS_CONCAT_EX(a, b, c)
[build]       |                                          ^
[build] In file included from C:\Users\pperv\code\unnamed_rpg\vendor\json-schema-validator\src\json-uri.cpp:9:
[build] In file included from C:\Users\pperv\code\unnamed_rpg\vendor\json-schema-validator\src\nlohmann/json-schema.hpp:24:
[build] In file included from C:\Users\pperv\code\unnamed_rpg\vendor\json\include\nlohmann/json.hpp:50:
[build] In file included from C:\Users\pperv\code\unnamed_rpg\vendor\json\include\nlohmann/detail/input/binary_reader.hpp:29:
[build] In file included from C:\Users\pperv\code\unnamed_rpg\vendor\json\include\nlohmann/detail/input/json_sax.hpp:18:
[build] C:\Users\pperv\code\unnamed_rpg\vendor\json\include\nlohmann/detail/input/lexer.hpp(26,1): warning: empty macro arguments are incompatible with C++98 [-Wc++98-compat-pedantic]
[build] C:\Users\pperv\code\unnamed_rpg\vendor\json\include\nlohmann/detail/abi_macros.hpp(102,17): note: expanded from macro 'NLOHMANN_JSON_NAMESPACE_BEGIN'
[build]   102 |                 NLOHMANN_JSON_ABI_TAGS,              \
[build]       |                 ^
[build] C:\Users\pperv\code\unnamed_rpg\vendor\json\include\nlohmann/detail/abi_macros.hpp(65,5): note: expanded from macro 'NLOHMANN_JSON_ABI_TAGS'
[build]    65 |     NLOHMANN_JSON_ABI_TAGS_CONCAT(                                   \
[build]       |     ^
[build] C:\Users\pperv\code\unnamed_rpg\vendor\json\include\nlohmann/detail/abi_macros.hpp(62,45): note: expanded from macro 'NLOHMANN_JSON_ABI_TAGS_CONCAT'
[build]    62 |     NLOHMANN_JSON_ABI_TAGS_CONCAT_EX(a, b, c)
[build]       |                                             ^
[build] In file included from C:\Users\pperv\code\unnamed_rpg\vendor\json-schema-validator\src\json-uri.cpp:9:
[build] In file included from C:\Users\pperv\code\unnamed_rpg\vendor\json-schema-validator\src\nlohmann/json-schema.hpp:24:
[build] In file included from C:\Users\pperv\code\unnamed_rpg\vendor\json\include\nlohmann/json.hpp:50:
[build] In file included from C:\Users\pperv\code\unnamed_rpg\vendor\json\include\nlohmann/detail/input/binary_reader.hpp:29:
[build] In file included from C:\Users\pperv\code\unnamed_rpg\vendor\json\include\nlohmann/detail/input/json_sax.hpp:18:
[build] C:\Users\pperv\code\unnamed_rpg\vendor\json\include\nlohmann/detail/input/lexer.hpp(26,1): warning: inline namespaces are incompatible with C++98 [-Wc++98-compat]
[build] C:\Users\pperv\code\unnamed_rpg\vendor\json\include\nlohmann/detail/abi_macros.hpp(101,5): note: expanded from macro 'NLOHMANN_JSON_NAMESPACE_BEGIN'
[build]   101 |     inline namespace NLOHMANN_JSON_NAMESPACE_CONCAT( \
[build]       |     ^
[build] In file included from C:\Users\pperv\code\unnamed_rpg\vendor\json-schema-validator\src\json-uri.cpp:9:
[build] In file included from C:\Users\pperv\code\unnamed_rpg\vendor\json-schema-validator\src\nlohmann/json-schema.hpp:24:
[build] In file included from C:\Users\pperv\code\unnamed_rpg\vendor\json\include\nlohmann/json.hpp:50:
[build] In file included from C:\Users\pperv\code\unnamed_rpg\vendor\json\include\nlohmann/detail/input/binary_reader.hpp:29:
[build] In file included from C:\Users\pperv\code\unnamed_rpg\vendor\json\include\nlohmann/detail/input/json_sax.hpp:18:
[build] C:\Users\pperv\code\unnamed_rpg\vendor\json\include\nlohmann/detail/input/lexer.hpp(39,10): warning: scoped enumerations are incompatible with C++98 [-Wc++98-compat]
[build]    39 |     enum class token_type
[build]       |          ^
[build] C:\Users\pperv\code\unnamed_rpg\vendor\json\include\nlohmann/detail/input/lexer.hpp(64,5): warning: noexcept specifications are incompatible with C++98 [-Wc++98-compat]
[build]    64 |     {
[build]       |     ^
[build] C:\Users\pperv\code\unnamed_rpg\vendor\json\include\nlohmann/detail/input/lexer.hpp(114,30): warning: alias declarations are incompatible with C++98 [-Wc++98-compat]
[build]   114 | using detect_supports_seek = decltype(InputAdapterType::supports_seek);
[build]       |                              ^
[build] C:\Users\pperv\code\unnamed_rpg\vendor\json\include\nlohmann/detail/input/lexer.hpp(114,30): warning: 'decltype' type specifier is incompatible with C++98 [-Wc++98-compat]
[build] C:\Users\pperv\code\unnamed_rpg\vendor\json\include\nlohmann/detail/input/lexer.hpp(117,1): warning: 'constexpr' specifier is incompatible with C++98 [-Wc++98-compat]
[build]   117 | constexpr bool input_adapter_supports_seek(std::true_type /*detected*/)
[build]       | ^
[build] C:\Users\pperv\code\unnamed_rpg\vendor\json\include\nlohmann/detail/input/lexer.hpp(123,1): warning: 'constexpr' specifier is incompatible with C++98 [-Wc++98-compat]
[build]   123 | constexpr bool input_adapter_supports_seek(std::false_type /*detected*/)
[build]       | ^
[build] C:\Users\pperv\code\unnamed_rpg\vendor\json\include\nlohmann/detail/input/lexer.hpp(136,30): warning: alias declarations are incompatible with C++98 [-Wc++98-compat]
[build]   136 |     using number_integer_t = typename BasicJsonType::number_integer_t;
[build]       |                              ^
[build] C:\Users\pperv\code\unnamed_rpg\vendor\json\include\nlohmann/detail/input/lexer.hpp(137,31): warning: alias declarations are incompatible with C++98 [-Wc++98-compat]
[build]   137 |     using number_unsigned_t = typename BasicJsonType::number_unsigned_t;
[build]       |                               ^
[build] C:\Users\pperv\code\unnamed_rpg\vendor\json\include\nlohmann/detail/input/lexer.hpp(138,28): warning: alias declarations are incompatible with C++98 [-Wc++98-compat]
[build]   138 |     using number_float_t = typename BasicJsonType::number_float_t;
[build]       |                            ^
[build] C:\Users\pperv\code\unnamed_rpg\vendor\json\include\nlohmann/detail/input/lexer.hpp(139,22): warning: alias declarations are incompatible with C++98 [-Wc++98-compat]
[build]   139 |     using string_t = typename BasicJsonType::string_t;
[build]       |                      ^
[build] C:\Users\pperv\code\unnamed_rpg\vendor\json\include\nlohmann/detail/input/lexer.hpp(140,23): warning: alias declarations are incompatible with C++98 [-Wc++98-compat]
[build]   140 |     using char_type = typename InputAdapterType::char_type;
[build]       |                       ^
[build] C:\Users\pperv\code\unnamed_rpg\vendor\json\include\nlohmann/detail/input/lexer.hpp(141,27): warning: alias declarations are incompatible with C++98 [-Wc++98-compat]
[build]   141 |     using char_int_type = typename char_traits<char_type>::int_type;
[build]       |                           ^
[build] C:\Users\pperv\code\unnamed_rpg\vendor\json\include\nlohmann/detail/input/lexer.hpp(146,12): warning: 'constexpr' specifier is incompatible with C++98 [-Wc++98-compat]
[build]   146 |     static constexpr bool lazy_token_string =
[build]       |            ^
[build] C:\Users\pperv\code\unnamed_rpg\vendor\json\include\nlohmann/detail/input/lexer.hpp(147,107): warning: generalized initializer lists are incompatible with C++98 [-Wc++98-compat]
[build]   147 |         input_adapter_supports_seek<InputAdapterType>(is_detected<detect_supports_seek, InputAdapterType> {});
[build]       |                                                                                                           ^
[build] C:\Users\pperv\code\unnamed_rpg\vendor\json\include\nlohmann/detail/input/lexer.hpp(150,24): warning: alias declarations are incompatible with C++98 [-Wc++98-compat]
[build]   150 |     using token_type = typename lexer_base<BasicJsonType>::token_type;
[build]       |                        ^
[build] C:\Users\pperv\code\unnamed_rpg\vendor\json\include\nlohmann/detail/input/lexer.hpp(152,36): warning: rvalue references are incompatible with C++98 [-Wc++98-compat]
[build]   152 |     explicit lexer(InputAdapterType&& adapter, bool ignore_comments_ = false) noexcept
[build]       |                                    ^
[build] C:\Users\pperv\code\unnamed_rpg\vendor\json\include\nlohmann/detail/input/lexer.hpp(153,9): warning: noexcept specifications are incompatible with C++98 [-Wc++98-compat]
[build]   153 |         : ia(std::move(adapter))
[build]       |         ^
[build] C:\Users\pperv\code\unnamed_rpg\vendor\json\include\nlohmann/detail/input/lexer.hpp(159,27): warning: deleted function definitions are incompatible with C++98 [-Wc++98-compat]
[build]   159 |     lexer(const lexer&) = delete;
[build]       |                           ^
[build] C:\Users\pperv\code\unnamed_rpg\vendor\json\include\nlohmann/detail/input/lexer.hpp(160,16): warning: rvalue references are incompatible with C++98 [-Wc++98-compat]
[build]   160 |     lexer(lexer&&) = default; // NOLINT(hicpp-noexcept-move,performance-noexcept-move-constructor)
[build]       |                ^
[build] C:\Users\pperv\code\unnamed_rpg\vendor\json\include\nlohmann/detail/input/lexer.hpp(160,22): warning: defaulted function definitions are incompatible with C++98 [-Wc++98-compat]
[build]   160 |     lexer(lexer&&) = default; // NOLINT(hicpp-noexcept-move,performance-noexcept-move-constructor)
[build]       |                      ^
[build] C:\Users\pperv\code\unnamed_rpg\vendor\json\include\nlohmann/detail/input/lexer.hpp(161,32): warning: deleted function definitions are incompatible with C++98 [-Wc++98-compat]
[build]   161 |     lexer& operator=(lexer&) = delete;
[build]       |                                ^
[build] C:\Users\pperv\code\unnamed_rpg\vendor\json\include\nlohmann/detail/input/lexer.hpp(162,27): warning: rvalue references are incompatible with C++98 [-Wc++98-compat]
[build]   162 |     lexer& operator=(lexer&&) = default; // NOLINT(hicpp-noexcept-move,performance-noexcept-move-constructor)
[build]       |                           ^
[build] C:\Users\pperv\code\unnamed_rpg\vendor\json\include\nlohmann/detail/input/lexer.hpp(162,33): warning: defaulted function definitions are incompatible with C++98 [-Wc++98-compat]
[build]   162 |     lexer& operator=(lexer&&) = default; // NOLINT(hicpp-noexcept-move,performance-noexcept-move-constructor)
[build]       |                                 ^
[build] C:\Users\pperv\code\unnamed_rpg\vendor\json\include\nlohmann/detail/input/lexer.hpp(163,16): warning: defaulted function definitions are incompatible with C++98 [-Wc++98-compat]
[build]   163 |     ~lexer() = default;
[build]       |                ^
[build] C:\Users\pperv\code\unnamed_rpg\vendor\json\include\nlohmann/detail/input/lexer.hpp(173,5): warning: noexcept specifications are incompatible with C++98 [-Wc++98-compat]
[build]   173 |     {
[build]       |     ^
[build] C:\Users\pperv\code\unnamed_rpg\vendor\json\include\nlohmann/detail/input/lexer.hpp(946,5): warning: noexcept specifications are incompatible with C++98 [-Wc++98-compat]
[build]   946 |     {
[build]       |     ^
[build] C:\Users\pperv\code\unnamed_rpg\vendor\json\include\nlohmann/detail/input/lexer.hpp(952,5): warning: noexcept specifications are incompatible with C++98 [-Wc++98-compat]
[build]   952 |     {
[build]       |     ^
[build] C:\Users\pperv\code\unnamed_rpg\vendor\json\include\nlohmann/detail/input/lexer.hpp(958,5): warning: noexcept specifications are incompatible with C++98 [-Wc++98-compat]
[build]   958 |     {
[build]       |     ^
[build] C:\Users\pperv\code\unnamed_rpg\vendor\json\include\nlohmann/detail/input/lexer.hpp(1356,5): warning: noexcept specifications are incompatible with C++98 [-Wc++98-compat]
[build]  1356 |     {
[build]       |     ^
[build] C:\Users\pperv\code\unnamed_rpg\vendor\json\include\nlohmann/detail/input/lexer.hpp(1372,5): warning: noexcept specifications are incompatible with C++98 [-Wc++98-compat]
[build]  1372 |     {
[build]       |     ^
[build] C:\Users\pperv\code\unnamed_rpg\vendor\json\include\nlohmann/detail/input/lexer.hpp(1379,5): warning: noexcept specifications are incompatible with C++98 [-Wc++98-compat]
[build]  1379 |     {
[build]       |     ^
[build] C:\Users\pperv\code\unnamed_rpg\vendor\json\include\nlohmann/detail/input/lexer.hpp(1423,63): warning: noexcept specifications are incompatible with C++98 [-Wc++98-compat]
[build]  1423 |     void capture_char(std::true_type /*lazy*/) const noexcept {}
[build]       |                                                               ^
[build] C:\Users\pperv\code\unnamed_rpg\vendor\json\include\nlohmann/detail/input/lexer.hpp(1465,65): warning: noexcept specifications are incompatible with C++98 [-Wc++98-compat]
[build]  1465 |     void uncapture_char(std::true_type /*lazy*/) const noexcept {}
[build]       |                                                                 ^
[build] C:\Users\pperv\code\unnamed_rpg\vendor\json\include\nlohmann/detail/input/lexer.hpp(1489,5): warning: 'constexpr' specifier is incompatible with C++98 [-Wc++98-compat]
[build]  1489 |     constexpr number_integer_t get_number_integer() const noexcept
[build]       |     ^
[build] C:\Users\pperv\code\unnamed_rpg\vendor\json\include\nlohmann/detail/input/lexer.hpp(1490,5): warning: noexcept specifications are incompatible with C++98 [-Wc++98-compat]
[build]  1490 |     {
[build]       |     ^
[build] C:\Users\pperv\code\unnamed_rpg\vendor\json\include\nlohmann/detail/input/lexer.hpp(1495,5): warning: 'constexpr' specifier is incompatible with C++98 [-Wc++98-compat]
[build]  1495 |     constexpr number_unsigned_t get_number_unsigned() const noexcept
[build]       |     ^
[build] C:\Users\pperv\code\unnamed_rpg\vendor\json\include\nlohmann/detail/input/lexer.hpp(1496,5): warning: noexcept specifications are incompatible with C++98 [-Wc++98-compat]
[build]  1496 |     {
[build]       |     ^
[build] C:\Users\pperv\code\unnamed_rpg\vendor\json\include\nlohmann/detail/input/lexer.hpp(1501,5): warning: 'constexpr' specifier is incompatible with C++98 [-Wc++98-compat]
[build]  1501 |     constexpr number_float_t get_number_float() const noexcept
[build]       |     ^
[build] C:\Users\pperv\code\unnamed_rpg\vendor\json\include\nlohmann/detail/input/lexer.hpp(1502,5): warning: noexcept specifications are incompatible with C++98 [-Wc++98-compat]
[build]  1502 |     {
[build]       |     ^
[build] C:\Users\pperv\code\unnamed_rpg\vendor\json\include\nlohmann/detail/input/lexer.hpp(1522,5): warning: 'constexpr' specifier is incompatible with C++98 [-Wc++98-compat]
[build]  1522 |     constexpr position_t get_position() const noexcept
[build]       |     ^
[build] C:\Users\pperv\code\unnamed_rpg\vendor\json\include\nlohmann/detail/input/lexer.hpp(1523,5): warning: noexcept specifications are incompatible with C++98 [-Wc++98-compat]
[build]  1523 |     {
[build]       |     ^
[build] C:\Users\pperv\code\unnamed_rpg\vendor\json\include\nlohmann/detail/input/lexer.hpp(1588,5): warning: 'constexpr' specifier is incompatible with C++98 [-Wc++98-compat]
[build]  1588 |     constexpr const char* get_error_message() const noexcept
[build]       |     ^
[build] C:\Users\pperv\code\unnamed_rpg\vendor\json\include\nlohmann/detail/input/lexer.hpp(1589,5): warning: noexcept specifications are incompatible with C++98 [-Wc++98-compat]
[build]  1589 |     {
[build]       |     ^
[build] C:\Users\pperv\code\unnamed_rpg\vendor\json\include\nlohmann/detail/input/lexer.hpp(1717,32): warning: default member initializer for non-static data members is incompatible with C++98 [-Wc++98-compat]
[build]  1717 |     const bool ignore_comments = false;
[build]       |                                ^
[build] C:\Users\pperv\code\unnamed_rpg\vendor\json\include\nlohmann/detail/input/lexer.hpp(1720,27): warning: default member initializer for non-static data members is incompatible with C++98 [-Wc++98-compat]
[build]  1720 |     char_int_type current = char_traits<char_type>::eof();
[build]       |                           ^
[build] C:\Users\pperv\code\unnamed_rpg\vendor\json\include\nlohmann/detail/input/lexer.hpp(1723,21): warning: default member initializer for non-static data members is incompatible with C++98 [-Wc++98-compat]
[build]  1723 |     bool next_unget = false;
[build]       |                     ^
[build] C:\Users\pperv\code\unnamed_rpg\vendor\json\include\nlohmann/detail/input/lexer.hpp(1726,25): warning: default member initializer for non-static data members is incompatible with C++98 [-Wc++98-compat]
[build]  1726 |     position_t position {};
[build]       |                         ^
[build] C:\Users\pperv\code\unnamed_rpg\vendor\json\include\nlohmann/detail/input/lexer.hpp(1730,41): warning: default member initializer for non-static data members is incompatible with C++98 [-Wc++98-compat]
[build]  1730 |     std::vector<char_type> token_string {};
[build]       |                                         ^
[build] C:\Users\pperv\code\unnamed_rpg\vendor\json\include\nlohmann/detail/input/lexer.hpp(1734,36): warning: default member initializer for non-static data members is incompatible with C++98 [-Wc++98-compat]
[build]  1734 |     std::size_t token_string_start = 0;
[build]       |                                    ^
[build] C:\Users\pperv\code\unnamed_rpg\vendor\json\include\nlohmann/detail/input/lexer.hpp(1743,27): warning: default member initializer for non-static data members is incompatible with C++98 [-Wc++98-compat]
[build]  1743 |     string_t token_buffer {};
[build]       |                           ^
[build] C:\Users\pperv\code\unnamed_rpg\vendor\json\include\nlohmann/detail/input/lexer.hpp(1746,31): warning: default member initializer for non-static data members is incompatible with C++98 [-Wc++98-compat]
[build]  1746 |     const char* error_message = "";
[build]       |                               ^
[build] C:\Users\pperv\code\unnamed_rpg\vendor\json\include\nlohmann/detail/input/lexer.hpp(1749,36): warning: default member initializer for non-static data members is incompatible with C++98 [-Wc++98-compat]
[build]  1749 |     number_integer_t value_integer = 0;
[build]       |                                    ^
[build] C:\Users\pperv\code\unnamed_rpg\vendor\json\include\nlohmann/detail/input/lexer.hpp(1750,38): warning: default member initializer for non-static data members is incompatible with C++98 [-Wc++98-compat]
[build]  1750 |     number_unsigned_t value_unsigned = 0;
[build]       |                                      ^
[build] C:\Users\pperv\code\unnamed_rpg\vendor\json\include\nlohmann/detail/input/lexer.hpp(1751,32): warning: default member initializer for non-static data members is incompatible with C++98 [-Wc++98-compat]
[build]  1751 |     number_float_t value_float = 0;
[build]       |                                ^
[build] C:\Users\pperv\code\unnamed_rpg\vendor\json\include\nlohmann/detail/input/lexer.hpp(1754,44): warning: default member initializer for non-static data members is incompatible with C++98 [-Wc++98-compat]
[build]  1754 |     const char_int_type decimal_point_char = '.';
[build]       |                                            ^
[build] C:\Users\pperv\code\unnamed_rpg\vendor\json\include\nlohmann/detail/input/lexer.hpp(1756,40): warning: default member initializer for non-static data members is incompatible with C++98 [-Wc++98-compat]
[build]  1756 |     std::size_t decimal_point_position = std::string::npos;
[build]       |                                        ^
[build] In file included from C:\Users\pperv\code\unnamed_rpg\vendor\json-schema-validator\src\json-uri.cpp:9:
[build] In file included from C:\Users\pperv\code\unnamed_rpg\vendor\json-schema-validator\src\nlohmann/json-schema.hpp:24:
[build] In file included from C:\Users\pperv\code\unnamed_rpg\vendor\json\include\nlohmann/json.hpp:50:
[build] In file included from C:\Users\pperv\code\unnamed_rpg\vendor\json\include\nlohmann/detail/input/binary_reader.hpp:29:
[build] C:\Users\pperv\code\unnamed_rpg\vendor\json\include\nlohmann/detail/input/json_sax.hpp(21,1): warning: empty macro arguments are incompatible with C++98 [-Wc++98-compat-pedantic]
[build]    21 | NLOHMANN_JSON_NAMESPACE_BEGIN
[build]       | ^
[build] C:\Users\pperv\code\unnamed_rpg\vendor\json\include\nlohmann/detail/abi_macros.hpp(102,17): note: expanded from macro 'NLOHMANN_JSON_NAMESPACE_BEGIN'
[build]   102 |                 NLOHMANN_JSON_ABI_TAGS,              \
[build]       |                 ^
[build] C:\Users\pperv\code\unnamed_rpg\vendor\json\include\nlohmann/detail/abi_macros.hpp(65,5): note: expanded from macro 'NLOHMANN_JSON_ABI_TAGS'
[build]    65 |     NLOHMANN_JSON_ABI_TAGS_CONCAT(                                   \
[build]       |     ^
[build] C:\Users\pperv\code\unnamed_rpg\vendor\json\include\nlohmann/detail/abi_macros.hpp(62,39): note: expanded from macro 'NLOHMANN_JSON_ABI_TAGS_CONCAT'
[build]    62 |     NLOHMANN_JSON_ABI_TAGS_CONCAT_EX(a, b, c)
[build]       |                                       ^
[build] In file included from C:\Users\pperv\code\unnamed_rpg\vendor\json-schema-validator\src\json-uri.cpp:9:
[build] In file included from C:\Users\pperv\code\unnamed_rpg\vendor\json-schema-validator\src\nlohmann/json-schema.hpp:24:
[build] In file included from C:\Users\pperv\code\unnamed_rpg\vendor\json\include\nlohmann/json.hpp:50:
[build] In file included from C:\Users\pperv\code\unnamed_rpg\vendor\json\include\nlohmann/detail/input/binary_reader.hpp:29:
[build] C:\Users\pperv\code\unnamed_rpg\vendor\json\include\nlohmann/detail/input/json_sax.hpp(21,1): warning: empty macro arguments are incompatible with C++98 [-Wc++98-compat-pedantic]
[build] C:\Users\pperv\code\unnamed_rpg\vendor\json\include\nlohmann/detail/abi_macros.hpp(102,17): note: expanded from macro 'NLOHMANN_JSON_NAMESPACE_BEGIN'
[build]   102 |                 NLOHMANN_JSON_ABI_TAGS,              \
[build]       |                 ^
[build] C:\Users\pperv\code\unnamed_rpg\vendor\json\include\nlohmann/detail/abi_macros.hpp(65,5): note: expanded from macro 'NLOHMANN_JSON_ABI_TAGS'
[build]    65 |     NLOHMANN_JSON_ABI_TAGS_CONCAT(                                   \
[build]       |     ^
[build] C:\Users\pperv\code\unnamed_rpg\vendor\json\include\nlohmann/detail/abi_macros.hpp(62,42): note: expanded from macro 'NLOHMANN_JSON_ABI_TAGS_CONCAT'
[build]    62 |     NLOHMANN_JSON_ABI_TAGS_CONCAT_EX(a, b, c)
[build]       |                                          ^
[build] In file included from C:\Users\pperv\code\unnamed_rpg\vendor\json-schema-validator\src\json-uri.cpp:9:
[build] In file included from C:\Users\pperv\code\unnamed_rpg\vendor\json-schema-validator\src\nlohmann/json-schema.hpp:24:
[build] In file included from C:\Users\pperv\code\unnamed_rpg\vendor\json\include\nlohmann/json.hpp:50:
[build] In file included from C:\Users\pperv\code\unnamed_rpg\vendor\json\include\nlohmann/detail/input/binary_reader.hpp:29:
[build] C:\Users\pperv\code\unnamed_rpg\vendor\json\include\nlohmann/detail/input/json_sax.hpp(21,1): warning: empty macro arguments are incompatible with C++98 [-Wc++98-compat-pedantic]
[build] C:\Users\pperv\code\unnamed_rpg\vendor\json\include\nlohmann/detail/abi_macros.hpp(102,17): note: expanded from macro 'NLOHMANN_JSON_NAMESPACE_BEGIN'
[build]   102 |                 NLOHMANN_JSON_ABI_TAGS,              \
[build]       |                 ^
[build] C:\Users\pperv\code\unnamed_rpg\vendor\json\include\nlohmann/detail/abi_macros.hpp(65,5): note: expanded from macro 'NLOHMANN_JSON_ABI_TAGS'
[build]    65 |     NLOHMANN_JSON_ABI_TAGS_CONCAT(                                   \
[build]       |     ^
[build] C:\Users\pperv\code\unnamed_rpg\vendor\json\include\nlohmann/detail/abi_macros.hpp(62,45): note: expanded from macro 'NLOHMANN_JSON_ABI_TAGS_CONCAT'
[build]    62 |     NLOHMANN_JSON_ABI_TAGS_CONCAT_EX(a, b, c)
[build]       |                                             ^
[build] In file included from C:\Users\pperv\code\unnamed_rpg\vendor\json-schema-validator\src\json-uri.cpp:9:
[build] In file included from C:\Users\pperv\code\unnamed_rpg\vendor\json-schema-validator\src\nlohmann/json-schema.hpp:24:
[build] In file included from C:\Users\pperv\code\unnamed_rpg\vendor\json\include\nlohmann/json.hpp:50:
[build] In file included from C:\Users\pperv\code\unnamed_rpg\vendor\json\include\nlohmann/detail/input/binary_reader.hpp:29:
[build] C:\Users\pperv\code\unnamed_rpg\vendor\json\include\nlohmann/detail/input/json_sax.hpp(21,1): warning: inline namespaces are incompatible with C++98 [-Wc++98-compat]
[build] C:\Users\pperv\code\unnamed_rpg\vendor\json\include\nlohmann/detail/abi_macros.hpp(101,5): note: expanded from macro 'NLOHMANN_JSON_NAMESPACE_BEGIN'
[build]   101 |     inline namespace NLOHMANN_JSON_NAMESPACE_CONCAT( \
[build]       |     ^
[build] In file included from C:\Users\pperv\code\unnamed_rpg\vendor\json-schema-validator\src\json-uri.cpp:9:
[build] In file included from C:\Users\pperv\code\unnamed_rpg\vendor\json-schema-validator\src\nlohmann/json-schema.hpp:24:
[build] In file included from C:\Users\pperv\code\unnamed_rpg\vendor\json\include\nlohmann/json.hpp:50:
[build] In file included from C:\Users\pperv\code\unnamed_rpg\vendor\json\include\nlohmann/detail/input/binary_reader.hpp:29:
[build] C:\Users\pperv\code\unnamed_rpg\vendor\json\include\nlohmann/detail/input/json_sax.hpp(34,30): warning: alias declarations are incompatible with C++98 [-Wc++98-compat]
[build]    34 |     using number_integer_t = typename BasicJsonType::number_integer_t;
[build]       |                              ^
[build] C:\Users\pperv\code\unnamed_rpg\vendor\json\include\nlohmann/detail/input/json_sax.hpp(35,31): warning: alias declarations are incompatible with C++98 [-Wc++98-compat]
[build]    35 |     using number_unsigned_t = typename BasicJsonType::number_unsigned_t;
[build]       |                               ^
[build] C:\Users\pperv\code\unnamed_rpg\vendor\json\include\nlohmann/detail/input/json_sax.hpp(36,28): warning: alias declarations are incompatible with C++98 [-Wc++98-compat]
[build]    36 |     using number_float_t = typename BasicJsonType::number_float_t;
[build]       |                            ^
[build] C:\Users\pperv\code\unnamed_rpg\vendor\json\include\nlohmann/detail/input/json_sax.hpp(37,22): warning: alias declarations are incompatible with C++98 [-Wc++98-compat]
[build]    37 |     using string_t = typename BasicJsonType::string_t;
[build]       |                      ^
[build] C:\Users\pperv\code\unnamed_rpg\vendor\json\include\nlohmann/detail/input/json_sax.hpp(38,22): warning: alias declarations are incompatible with C++98 [-Wc++98-compat]
[build]    38 |     using binary_t = typename BasicJsonType::binary_t;
[build]       |                      ^
[build] C:\Users\pperv\code\unnamed_rpg\vendor\json\include\nlohmann/detail/input/json_sax.hpp(138,18): warning: defaulted function definitions are incompatible with C++98 [-Wc++98-compat]
[build]   138 |     json_sax() = default;
[build]       |                  ^
[build] C:\Users\pperv\code\unnamed_rpg\vendor\json\include\nlohmann/detail/input/json_sax.hpp(139,33): warning: defaulted function definitions are incompatible with C++98 [-Wc++98-compat]
[build]   139 |     json_sax(const json_sax&) = default;
[build]       |                                 ^
[build] C:\Users\pperv\code\unnamed_rpg\vendor\json\include\nlohmann/detail/input/json_sax.hpp(140,22): warning: rvalue references are incompatible with C++98 [-Wc++98-compat]
[build]   140 |     json_sax(json_sax&&) noexcept = default;
[build]       |                      ^
[build] C:\Users\pperv\code\unnamed_rpg\vendor\json\include\nlohmann/detail/input/json_sax.hpp(140,35): warning: noexcept specifications are incompatible with C++98 [-Wc++98-compat]
[build]   140 |     json_sax(json_sax&&) noexcept = default;
[build]       |                                   ^
[build] C:\Users\pperv\code\unnamed_rpg\vendor\json\include\nlohmann/detail/input/json_sax.hpp(140,37): warning: defaulted function definitions are incompatible with C++98 [-Wc++98-compat]
[build]   140 |     json_sax(json_sax&&) noexcept = default;
[build]       |                                     ^
[build] C:\Users\pperv\code\unnamed_rpg\vendor\json\include\nlohmann/detail/input/json_sax.hpp(141,44): warning: defaulted function definitions are incompatible with C++98 [-Wc++98-compat]
[build]   141 |     json_sax& operator=(const json_sax&) = default;
[build]       |                                            ^
[build] C:\Users\pperv\code\unnamed_rpg\vendor\json\include\nlohmann/detail/input/json_sax.hpp(142,33): warning: rvalue references are incompatible with C++98 [-Wc++98-compat]
[build]   142 |     json_sax& operator=(json_sax&&) noexcept = default;
[build]       |                                 ^
[build] C:\Users\pperv\code\unnamed_rpg\vendor\json\include\nlohmann/detail/input/json_sax.hpp(142,46): warning: noexcept specifications are incompatible with C++98 [-Wc++98-compat]
[build]   142 |     json_sax& operator=(json_sax&&) noexcept = default;
[build]       |                                              ^
[build] C:\Users\pperv\code\unnamed_rpg\vendor\json\include\nlohmann/detail/input/json_sax.hpp(142,48): warning: defaulted function definitions are incompatible with C++98 [-Wc++98-compat]
[build]   142 |     json_sax& operator=(json_sax&&) noexcept = default;
[build]       |                                                ^
[build] C:\Users\pperv\code\unnamed_rpg\vendor\json\include\nlohmann/detail/input/json_sax.hpp(143,27): warning: defaulted function definitions are incompatible with C++98 [-Wc++98-compat]
[build]   143 |     virtual ~json_sax() = default;
[build]       |                           ^
[build] C:\Users\pperv\code\unnamed_rpg\vendor\json\include\nlohmann/detail/input/json_sax.hpp(148,1): warning: 'constexpr' specifier is incompatible with C++98 [-Wc++98-compat]
[build]   148 | constexpr std::size_t unknown_size()
[build]       | ^
[build] C:\Users\pperv\code\unnamed_rpg\vendor\json\include\nlohmann/detail/input/json_sax.hpp(170,30): warning: alias declarations are incompatible with C++98 [-Wc++98-compat]
[build]   170 |     using number_integer_t = typename BasicJsonType::number_integer_t;
[build]       |                              ^
[build] C:\Users\pperv\code\unnamed_rpg\vendor\json\include\nlohmann/detail/input/json_sax.hpp(171,31): warning: alias declarations are incompatible with C++98 [-Wc++98-compat]
[build]   171 |     using number_unsigned_t = typename BasicJsonType::number_unsigned_t;
[build]       |                               ^
[build] C:\Users\pperv\code\unnamed_rpg\vendor\json\include\nlohmann/detail/input/json_sax.hpp(172,28): warning: alias declarations are incompatible with C++98 [-Wc++98-compat]
[build]   172 |     using number_float_t = typename BasicJsonType::number_float_t;
[build]       |                            ^
[build] C:\Users\pperv\code\unnamed_rpg\vendor\json\include\nlohmann/detail/input/json_sax.hpp(173,22): warning: alias declarations are incompatible with C++98 [-Wc++98-compat]
[build]   173 |     using string_t = typename BasicJsonType::string_t;
[build]       |                      ^
[build] C:\Users\pperv\code\unnamed_rpg\vendor\json\include\nlohmann/detail/input/json_sax.hpp(174,22): warning: alias declarations are incompatible with C++98 [-Wc++98-compat]
[build]   174 |     using binary_t = typename BasicJsonType::binary_t;
[build]       |                      ^
[build] C:\Users\pperv\code\unnamed_rpg\vendor\json\include\nlohmann/detail/input/json_sax.hpp(175,21): warning: alias declarations are incompatible with C++98 [-Wc++98-compat]
[build]   175 |     using lexer_t = lexer<BasicJsonType, InputAdapterType>;
[build]       |                     ^
[build] C:\Users\pperv\code\unnamed_rpg\vendor\json\include\nlohmann/detail/input/json_sax.hpp(187,55): warning: deleted function definitions are incompatible with C++98 [-Wc++98-compat]
[build]   187 |     json_sax_dom_parser(const json_sax_dom_parser&) = delete;
[build]       |                                                       ^
[build] C:\Users\pperv\code\unnamed_rpg\vendor\json\include\nlohmann/detail/input/json_sax.hpp(188,44): warning: rvalue references are incompatible with C++98 [-Wc++98-compat]
[build]   188 |     json_sax_dom_parser(json_sax_dom_parser&&) = default; // NOLINT(hicpp-noexcept-move,performance-noexcept-move-constructor)
[build]       |                                            ^
[build] C:\Users\pperv\code\unnamed_rpg\vendor\json\include\nlohmann/detail/input/json_sax.hpp(188,50): warning: defaulted function definitions are incompatible with C++98 [-Wc++98-compat]
[build]   188 |     json_sax_dom_parser(json_sax_dom_parser&&) = default; // NOLINT(hicpp-noexcept-move,performance-noexcept-move-constructor)
[build]       |                                                  ^
[build] C:\Users\pperv\code\unnamed_rpg\vendor\json\include\nlohmann/detail/input/json_sax.hpp(189,66): warning: deleted function definitions are incompatible with C++98 [-Wc++98-compat]
[build]   189 |     json_sax_dom_parser& operator=(const json_sax_dom_parser&) = delete;
[build]       |                                                                  ^
[build] C:\Users\pperv\code\unnamed_rpg\vendor\json\include\nlohmann/detail/input/json_sax.hpp(190,55): warning: rvalue references are incompatible with C++98 [-Wc++98-compat]
[build]   190 |     json_sax_dom_parser& operator=(json_sax_dom_parser&&) = default; // NOLINT(hicpp-noexcept-move,performance-noexcept-move-constructor)
[build]       |                                                       ^
[build] C:\Users\pperv\code\unnamed_rpg\vendor\json\include\nlohmann/detail/input/json_sax.hpp(190,61): warning: defaulted function definitions are incompatible with C++98 [-Wc++98-compat]
[build]   190 |     json_sax_dom_parser& operator=(json_sax_dom_parser&&) = default; // NOLINT(hicpp-noexcept-move,performance-noexcept-move-constructor)
[build]       |                                                             ^
[build] C:\Users\pperv\code\unnamed_rpg\vendor\json\include\nlohmann/detail/input/json_sax.hpp(191,30): warning: defaulted function definitions are incompatible with C++98 [-Wc++98-compat]
[build]   191 |     ~json_sax_dom_parser() = default;
[build]       |                              ^
[build] C:\Users\pperv\code\unnamed_rpg\vendor\json\include\nlohmann/detail/input/json_sax.hpp(338,5): warning: 'constexpr' specifier is incompatible with C++98 [-Wc++98-compat]
[build]   338 |     constexpr bool is_errored() const
[build]       |     ^
[build] C:\Users\pperv\code\unnamed_rpg\vendor\json\include\nlohmann/detail/input/json_sax.hpp(423,38): warning: rvalue references are incompatible with C++98 [-Wc++98-compat]
[build]   423 |     BasicJsonType* handle_value(Value&& v)
[build]       |                                      ^
[build] C:\Users\pperv\code\unnamed_rpg\vendor\json\include\nlohmann/detail/input/json_sax.hpp(463,43): warning: default member initializer for non-static data members is incompatible with C++98 [-Wc++98-compat]
[build]   463 |     std::vector<BasicJsonType*> ref_stack {};
[build]       |                                           ^
[build] C:\Users\pperv\code\unnamed_rpg\vendor\json\include\nlohmann/detail/input/json_sax.hpp(465,35): warning: default member initializer for non-static data members is incompatible with C++98 [-Wc++98-compat]
[build]   465 |     BasicJsonType* object_element = nullptr;
[build]       |                                   ^
[build] C:\Users\pperv\code\unnamed_rpg\vendor\json\include\nlohmann/detail/input/json_sax.hpp(467,18): warning: default member initializer for non-static data members is incompatible with C++98 [-Wc++98-compat]
[build]   467 |     bool errored = false;
[build]       |                  ^
[build] C:\Users\pperv\code\unnamed_rpg\vendor\json\include\nlohmann/detail/input/json_sax.hpp(469,33): warning: default member initializer for non-static data members is incompatible with C++98 [-Wc++98-compat]
[build]   469 |     const bool allow_exceptions = true;
[build]       |                                 ^
[build] C:\Users\pperv\code\unnamed_rpg\vendor\json\include\nlohmann/detail/input/json_sax.hpp(471,26): warning: default member initializer for non-static data members is incompatible with C++98 [-Wc++98-compat]
[build]   471 |     lexer_t* m_lexer_ref = nullptr;
[build]       |                          ^
[build] C:\Users\pperv\code\unnamed_rpg\vendor\json\include\nlohmann/detail/input/json_sax.hpp(182,107): warning: 'nullptr' is incompatible with C++98 [-Wc++98-compat]
[build]   182 |     explicit json_sax_dom_parser(BasicJsonType& r, const bool allow_exceptions_ = true, lexer_t* lexer_ = nullptr)
[build]       |                                                                                                           ^
[build] C:\Users\pperv\code\unnamed_rpg\vendor\json\include\nlohmann/detail/input/json_sax.hpp(465,37): warning: 'nullptr' is incompatible with C++98 [-Wc++98-compat]
[build]   465 |     BasicJsonType* object_element = nullptr;
[build]       |                                     ^
[build] C:\Users\pperv\code\unnamed_rpg\vendor\json\include\nlohmann/detail/input/json_sax.hpp(471,28): warning: 'nullptr' is incompatible with C++98 [-Wc++98-compat]
[build]   471 |     lexer_t* m_lexer_ref = nullptr;
[build]       |                            ^
[build] C:\Users\pperv\code\unnamed_rpg\vendor\json\include\nlohmann/detail/input/json_sax.hpp(478,30): warning: alias declarations are incompatible with C++98 [-Wc++98-compat]
[build]   478 |     using number_integer_t = typename BasicJsonType::number_integer_t;
[build]       |                              ^
[build] C:\Users\pperv\code\unnamed_rpg\vendor\json\include\nlohmann/detail/input/json_sax.hpp(479,31): warning: alias declarations are incompatible with C++98 [-Wc++98-compat]
[build]   479 |     using number_unsigned_t = typename BasicJsonType::number_unsigned_t;
[build]       |                               ^
[build] C:\Users\pperv\code\unnamed_rpg\vendor\json\include\nlohmann/detail/input/json_sax.hpp(480,28): warning: alias declarations are incompatible with C++98 [-Wc++98-compat]
[build]   480 |     using number_float_t = typename BasicJsonType::number_float_t;
[build]       |                            ^
[build] C:\Users\pperv\code\unnamed_rpg\vendor\json\include\nlohmann/detail/input/json_sax.hpp(481,22): warning: alias declarations are incompatible with C++98 [-Wc++98-compat]
[build]   481 |     using string_t = typename BasicJsonType::string_t;
[build]       |                      ^
[build] C:\Users\pperv\code\unnamed_rpg\vendor\json\include\nlohmann/detail/input/json_sax.hpp(482,22): warning: alias declarations are incompatible with C++98 [-Wc++98-compat]
[build]   482 |     using binary_t = typename BasicJsonType::binary_t;
[build]       |                      ^
[build] C:\Users\pperv\code\unnamed_rpg\vendor\json\include\nlohmann/detail/input/json_sax.hpp(483,31): warning: alias declarations are incompatible with C++98 [-Wc++98-compat]
[build]   483 |     using parser_callback_t = typename BasicJsonType::parser_callback_t;
[build]       |                               ^
[build] C:\Users\pperv\code\unnamed_rpg\vendor\json\include\nlohmann/detail/input/json_sax.hpp(484,27): warning: alias declarations are incompatible with C++98 [-Wc++98-compat]
[build]   484 |     using parse_event_t = typename BasicJsonType::parse_event_t;
[build]       |                           ^
[build] C:\Users\pperv\code\unnamed_rpg\vendor\json\include\nlohmann/detail/input/json_sax.hpp(485,21): warning: alias declarations are incompatible with C++98 [-Wc++98-compat]
[build]   485 |     using lexer_t = lexer<BasicJsonType, InputAdapterType>;
[build]       |                     ^
[build] C:\Users\pperv\code\unnamed_rpg\vendor\json\include\nlohmann/detail/input/json_sax.hpp(497,73): warning: deleted function definitions are incompatible with C++98 [-Wc++98-compat]
[build]   497 |     json_sax_dom_callback_parser(const json_sax_dom_callback_parser&) = delete;
[build]       |                                                                         ^
[build] C:\Users\pperv\code\unnamed_rpg\vendor\json\include\nlohmann/detail/input/json_sax.hpp(498,62): warning: rvalue references are incompatible with C++98 [-Wc++98-compat]
[build]   498 |     json_sax_dom_callback_parser(json_sax_dom_callback_parser&&) = default; // NOLINT(hicpp-noexcept-move,performance-noexcept-move-constructor)
[build]       |                                                              ^
[build] C:\Users\pperv\code\unnamed_rpg\vendor\json\include\nlohmann/detail/input/json_sax.hpp(498,68): warning: defaulted function definitions are incompatible with C++98 [-Wc++98-compat]
[build]   498 |     json_sax_dom_callback_parser(json_sax_dom_callback_parser&&) = default; // NOLINT(hicpp-noexcept-move,performance-noexcept-move-constructor)
[build]       |                                                                    ^
[build] C:\Users\pperv\code\unnamed_rpg\vendor\json\include\nlohmann/detail/input/json_sax.hpp(499,84): warning: deleted function definitions are incompatible with C++98 [-Wc++98-compat]
[build]   499 |     json_sax_dom_callback_parser& operator=(const json_sax_dom_callback_parser&) = delete;
[build]       |                                                                                    ^
[build] C:\Users\pperv\code\unnamed_rpg\vendor\json\include\nlohmann/detail/input/json_sax.hpp(500,73): warning: rvalue references are incompatible with C++98 [-Wc++98-compat]
[build]   500 |     json_sax_dom_callback_parser& operator=(json_sax_dom_callback_parser&&) = default; // NOLINT(hicpp-noexcept-move,performance-noexcept-move-constructor)
[build]       |                                                                         ^
[build] C:\Users\pperv\code\unnamed_rpg\vendor\json\include\nlohmann/detail/input/json_sax.hpp(500,79): warning: defaulted function definitions are incompatible with C++98 [-Wc++98-compat]
[build]   500 |     json_sax_dom_callback_parser& operator=(json_sax_dom_callback_parser&&) = default; // NOLINT(hicpp-noexcept-move,performance-noexcept-move-constructor)
[build]       |                                                                               ^
[build] C:\Users\pperv\code\unnamed_rpg\vendor\json\include\nlohmann/detail/input/json_sax.hpp(501,39): warning: defaulted function definitions are incompatible with C++98 [-Wc++98-compat]
[build]   501 |     ~json_sax_dom_callback_parser() = default;
[build]       |                                       ^
[build] C:\Users\pperv\code\unnamed_rpg\vendor\json\include\nlohmann/detail/input/json_sax.hpp(739,5): warning: 'constexpr' specifier is incompatible with C++98 [-Wc++98-compat]
[build]   739 |     constexpr bool is_errored() const
[build]       |     ^
[build] C:\Users\pperv\code\unnamed_rpg\vendor\json\include\nlohmann/detail/input/json_sax.hpp(841,55): warning: rvalue references are incompatible with C++98 [-Wc++98-compat]
[build]   841 |     std::pair<bool, BasicJsonType*> handle_value(Value&& v, const bool skip_callback = false)
[build]       |                                                       ^
[build] C:\Users\pperv\code\unnamed_rpg\vendor\json\include\nlohmann/detail/input/json_sax.hpp(923,43): warning: default member initializer for non-static data members is incompatible with C++98 [-Wc++98-compat]
[build]   923 |     std::vector<BasicJsonType*> ref_stack {};
[build]       |                                           ^
[build] C:\Users\pperv\code\unnamed_rpg\vendor\json\include\nlohmann/detail/input/json_sax.hpp(925,34): warning: default member initializer for non-static data members is incompatible with C++98 [-Wc++98-compat]
[build]   925 |     std::vector<bool> keep_stack {}; // NOLINT(readability-redundant-member-init)
[build]       |                                  ^
[build] C:\Users\pperv\code\unnamed_rpg\vendor\json\include\nlohmann/detail/input/json_sax.hpp(927,38): warning: default member initializer for non-static data members is incompatible with C++98 [-Wc++98-compat]
[build]   927 |     std::vector<bool> key_keep_stack {}; // NOLINT(readability-redundant-member-init)
[build]       |                                      ^
[build] C:\Users\pperv\code\unnamed_rpg\vendor\json\include\nlohmann/detail/input/json_sax.hpp(929,35): warning: default member initializer for non-static data members is incompatible with C++98 [-Wc++98-compat]
[build]   929 |     BasicJsonType* object_element = nullptr;
[build]       |                                   ^
[build] C:\Users\pperv\code\unnamed_rpg\vendor\json\include\nlohmann/detail/input/json_sax.hpp(931,18): warning: default member initializer for non-static data members is incompatible with C++98 [-Wc++98-compat]
[build]   931 |     bool errored = false;
[build]       |                  ^
[build] C:\Users\pperv\code\unnamed_rpg\vendor\json\include\nlohmann/detail/input/json_sax.hpp(933,38): warning: default member initializer for non-static data members is incompatible with C++98 [-Wc++98-compat]
[build]   933 |     const parser_callback_t callback = nullptr;
[build]       |                                      ^
[build] C:\Users\pperv\code\unnamed_rpg\vendor\json\include\nlohmann/detail/input/json_sax.hpp(935,33): warning: default member initializer for non-static data members is incompatible with C++98 [-Wc++98-compat]
[build]   935 |     const bool allow_exceptions = true;
[build]       |                                 ^
[build] C:\Users\pperv\code\unnamed_rpg\vendor\json\include\nlohmann/detail/input/json_sax.hpp(937,29): warning: default member initializer for non-static data members is incompatible with C++98 [-Wc++98-compat]
[build]   937 |     BasicJsonType discarded = BasicJsonType::value_t::discarded;
[build]       |                             ^
[build] C:\Users\pperv\code\unnamed_rpg\vendor\json\include\nlohmann/detail/input/json_sax.hpp(939,26): warning: default member initializer for non-static data members is incompatible with C++98 [-Wc++98-compat]
[build]   939 |     lexer_t* m_lexer_ref = nullptr;
[build]       |                          ^
[build] C:\Users\pperv\code\unnamed_rpg\vendor\json\include\nlohmann/detail/input/json_sax.hpp(490,52): warning: 'nullptr' is incompatible with C++98 [-Wc++98-compat]
[build]   490 |                                  lexer_t* lexer_ = nullptr)
[build]       |                                                    ^
[build] C:\Users\pperv\code\unnamed_rpg\vendor\json\include\nlohmann/detail/input/json_sax.hpp(925,34): warning: constructor call from initializer list is incompatible with C++98 [-Wc++98-compat]
[build]   925 |     std::vector<bool> keep_stack {}; // NOLINT(readability-redundant-member-init)
[build]       |                                  ^~
[build] C:\Users\pperv\code\unnamed_rpg\vendor\json\include\nlohmann/detail/input/json_sax.hpp(927,38): warning: constructor call from initializer list is incompatible with C++98 [-Wc++98-compat]
[build]   927 |     std::vector<bool> key_keep_stack {}; // NOLINT(readability-redundant-member-init)
[build]       |                                      ^~
[build] C:\Users\pperv\code\unnamed_rpg\vendor\json\include\nlohmann/detail/input/json_sax.hpp(929,37): warning: 'nullptr' is incompatible with C++98 [-Wc++98-compat]
[build]   929 |     BasicJsonType* object_element = nullptr;
[build]       |                                     ^
[build] C:\Users\pperv\code\unnamed_rpg\vendor\json\include\nlohmann/detail/input/json_sax.hpp(933,40): warning: 'nullptr' is incompatible with C++98 [-Wc++98-compat]
[build]   933 |     const parser_callback_t callback = nullptr;
[build]       |                                        ^
[build] C:\Users\pperv\code\unnamed_rpg\vendor\json\include\nlohmann/detail/input/json_sax.hpp(939,28): warning: 'nullptr' is incompatible with C++98 [-Wc++98-compat]
[build]   939 |     lexer_t* m_lexer_ref = nullptr;
[build]       |                            ^
[build] C:\Users\pperv\code\unnamed_rpg\vendor\json\include\nlohmann/detail/input/json_sax.hpp(946,30): warning: alias declarations are incompatible with C++98 [-Wc++98-compat]
[build]   946 |     using number_integer_t = typename BasicJsonType::number_integer_t;
[build]       |                              ^
[build] C:\Users\pperv\code\unnamed_rpg\vendor\json\include\nlohmann/detail/input/json_sax.hpp(947,31): warning: alias declarations are incompatible with C++98 [-Wc++98-compat]
[build]   947 |     using number_unsigned_t = typename BasicJsonType::number_unsigned_t;
[build]       |                               ^
[build] C:\Users\pperv\code\unnamed_rpg\vendor\json\include\nlohmann/detail/input/json_sax.hpp(948,28): warning: alias declarations are incompatible with C++98 [-Wc++98-compat]
[build]   948 |     using number_float_t = typename BasicJsonType::number_float_t;
[build]       |                            ^
[build] C:\Users\pperv\code\unnamed_rpg\vendor\json\include\nlohmann/detail/input/json_sax.hpp(949,22): warning: alias declarations are incompatible with C++98 [-Wc++98-compat]
[build]   949 |     using string_t = typename BasicJsonType::string_t;
[build]       |                      ^
[build] C:\Users\pperv\code\unnamed_rpg\vendor\json\include\nlohmann/detail/input/json_sax.hpp(950,22): warning: alias declarations are incompatible with C++98 [-Wc++98-compat]
[build]   950 |     using binary_t = typename BasicJsonType::binary_t;
[build]       |                      ^
[build] In file included from C:\Users\pperv\code\unnamed_rpg\vendor\json-schema-validator\src\json-uri.cpp:9:
[build] In file included from C:\Users\pperv\code\unnamed_rpg\vendor\json-schema-validator\src\nlohmann/json-schema.hpp:24:
[build] In file included from C:\Users\pperv\code\unnamed_rpg\vendor\json\include\nlohmann/json.hpp:50:
[build] In file included from C:\Users\pperv\code\unnamed_rpg\vendor\json\include\nlohmann/detail/input/binary_reader.hpp:32:
[build] C:\Users\pperv\code\unnamed_rpg\vendor\json\include\nlohmann/detail/meta/is_sax.hpp(19,1): warning: empty macro arguments are incompatible with C++98 [-Wc++98-compat-pedantic]
[build]    19 | NLOHMANN_JSON_NAMESPACE_BEGIN
[build]       | ^
[build] C:\Users\pperv\code\unnamed_rpg\vendor\json\include\nlohmann/detail/abi_macros.hpp(102,17): note: expanded from macro 'NLOHMANN_JSON_NAMESPACE_BEGIN'
[build]   102 |                 NLOHMANN_JSON_ABI_TAGS,              \
[build]       |                 ^
[build] C:\Users\pperv\code\unnamed_rpg\vendor\json\include\nlohmann/detail/abi_macros.hpp(65,5): note: expanded from macro 'NLOHMANN_JSON_ABI_TAGS'
[build]    65 |     NLOHMANN_JSON_ABI_TAGS_CONCAT(                                   \
[build]       |     ^
[build] C:\Users\pperv\code\unnamed_rpg\vendor\json\include\nlohmann/detail/abi_macros.hpp(62,39): note: expanded from macro 'NLOHMANN_JSON_ABI_TAGS_CONCAT'
[build]    62 |     NLOHMANN_JSON_ABI_TAGS_CONCAT_EX(a, b, c)
[build]       |                                       ^
[build] In file included from C:\Users\pperv\code\unnamed_rpg\vendor\json-schema-validator\src\json-uri.cpp:9:
[build] In file included from C:\Users\pperv\code\unnamed_rpg\vendor\json-schema-validator\src\nlohmann/json-schema.hpp:24:
[build] In file included from C:\Users\pperv\code\unnamed_rpg\vendor\json\include\nlohmann/json.hpp:50:
[build] In file included from C:\Users\pperv\code\unnamed_rpg\vendor\json\include\nlohmann/detail/input/binary_reader.hpp:32:
[build] C:\Users\pperv\code\unnamed_rpg\vendor\json\include\nlohmann/detail/meta/is_sax.hpp(19,1): warning: empty macro arguments are incompatible with C++98 [-Wc++98-compat-pedantic]
[build] C:\Users\pperv\code\unnamed_rpg\vendor\json\include\nlohmann/detail/abi_macros.hpp(102,17): note: expanded from macro 'NLOHMANN_JSON_NAMESPACE_BEGIN'
[build]   102 |                 NLOHMANN_JSON_ABI_TAGS,              \
[build]       |                 ^
[build] C:\Users\pperv\code\unnamed_rpg\vendor\json\include\nlohmann/detail/abi_macros.hpp(65,5): note: expanded from macro 'NLOHMANN_JSON_ABI_TAGS'
[build]    65 |     NLOHMANN_JSON_ABI_TAGS_CONCAT(                                   \
[build]       |     ^
[build] C:\Users\pperv\code\unnamed_rpg\vendor\json\include\nlohmann/detail/abi_macros.hpp(62,42): note: expanded from macro 'NLOHMANN_JSON_ABI_TAGS_CONCAT'
[build]    62 |     NLOHMANN_JSON_ABI_TAGS_CONCAT_EX(a, b, c)
[build]       |                                          ^
[build] In file included from C:\Users\pperv\code\unnamed_rpg\vendor\json-schema-validator\src\json-uri.cpp:9:
[build] In file included from C:\Users\pperv\code\unnamed_rpg\vendor\json-schema-validator\src\nlohmann/json-schema.hpp:24:
[build] In file included from C:\Users\pperv\code\unnamed_rpg\vendor\json\include\nlohmann/json.hpp:50:
[build] In file included from C:\Users\pperv\code\unnamed_rpg\vendor\json\include\nlohmann/detail/input/binary_reader.hpp:32:
[build] C:\Users\pperv\code\unnamed_rpg\vendor\json\include\nlohmann/detail/meta/is_sax.hpp(19,1): warning: empty macro arguments are incompatible with C++98 [-Wc++98-compat-pedantic]
[build] C:\Users\pperv\code\unnamed_rpg\vendor\json\include\nlohmann/detail/abi_macros.hpp(102,17): note: expanded from macro 'NLOHMANN_JSON_NAMESPACE_BEGIN'
[build]   102 |                 NLOHMANN_JSON_ABI_TAGS,              \
[build]       |                 ^
[build] C:\Users\pperv\code\unnamed_rpg\vendor\json\include\nlohmann/detail/abi_macros.hpp(65,5): note: expanded from macro 'NLOHMANN_JSON_ABI_TAGS'
[build]    65 |     NLOHMANN_JSON_ABI_TAGS_CONCAT(                                   \
[build]       |     ^
[build] C:\Users\pperv\code\unnamed_rpg\vendor\json\include\nlohmann/detail/abi_macros.hpp(62,45): note: expanded from macro 'NLOHMANN_JSON_ABI_TAGS_CONCAT'
[build]    62 |     NLOHMANN_JSON_ABI_TAGS_CONCAT_EX(a, b, c)
[build]       |                                             ^
[build] In file included from C:\Users\pperv\code\unnamed_rpg\vendor\json-schema-validator\src\json-uri.cpp:9:
[build] In file included from C:\Users\pperv\code\unnamed_rpg\vendor\json-schema-validator\src\nlohmann/json-schema.hpp:24:
[build] In file included from C:\Users\pperv\code\unnamed_rpg\vendor\json\include\nlohmann/json.hpp:50:
[build] In file included from C:\Users\pperv\code\unnamed_rpg\vendor\json\include\nlohmann/detail/input/binary_reader.hpp:32:
[build] C:\Users\pperv\code\unnamed_rpg\vendor\json\include\nlohmann/detail/meta/is_sax.hpp(19,1): warning: inline namespaces are incompatible with C++98 [-Wc++98-compat]
[build] C:\Users\pperv\code\unnamed_rpg\vendor\json\include\nlohmann/detail/abi_macros.hpp(101,5): note: expanded from macro 'NLOHMANN_JSON_NAMESPACE_BEGIN'
[build]   101 |     inline namespace NLOHMANN_JSON_NAMESPACE_CONCAT( \
[build]       |     ^
[build] In file included from C:\Users\pperv\code\unnamed_rpg\vendor\json-schema-validator\src\json-uri.cpp:9:
[build] In file included from C:\Users\pperv\code\unnamed_rpg\vendor\json-schema-validator\src\nlohmann/json-schema.hpp:24:
[build] In file included from C:\Users\pperv\code\unnamed_rpg\vendor\json\include\nlohmann/json.hpp:50:
[build] In file included from C:\Users\pperv\code\unnamed_rpg\vendor\json\include\nlohmann/detail/input/binary_reader.hpp:32:
[build] C:\Users\pperv\code\unnamed_rpg\vendor\json\include\nlohmann/detail/meta/is_sax.hpp(24,25): warning: alias declarations are incompatible with C++98 [-Wc++98-compat]
[build]    24 | using null_function_t = decltype(std::declval<T&>().null());
[build]       |                         ^
[build] C:\Users\pperv\code\unnamed_rpg\vendor\json\include\nlohmann/detail/meta/is_sax.hpp(24,25): warning: 'decltype' type specifier is incompatible with C++98 [-Wc++98-compat]
[build] C:\Users\pperv\code\unnamed_rpg\vendor\json\include\nlohmann/detail/meta/is_sax.hpp(28,5): warning: alias declarations are incompatible with C++98 [-Wc++98-compat]
[build]    28 |     decltype(std::declval<T&>().boolean(std::declval<bool>()));
[build]       |     ^
[build] C:\Users\pperv\code\unnamed_rpg\vendor\json\include\nlohmann/detail/meta/is_sax.hpp(28,5): warning: 'decltype' type specifier is incompatible with C++98 [-Wc++98-compat]
[build] C:\Users\pperv\code\unnamed_rpg\vendor\json\include\nlohmann/detail/meta/is_sax.hpp(32,5): warning: alias declarations are incompatible with C++98 [-Wc++98-compat]
[build]    32 |     decltype(std::declval<T&>().number_integer(std::declval<Integer>()));
[build]       |     ^
[build] C:\Users\pperv\code\unnamed_rpg\vendor\json\include\nlohmann/detail/meta/is_sax.hpp(32,5): warning: 'decltype' type specifier is incompatible with C++98 [-Wc++98-compat]
[build] C:\Users\pperv\code\unnamed_rpg\vendor\json\include\nlohmann/detail/meta/is_sax.hpp(36,5): warning: alias declarations are incompatible with C++98 [-Wc++98-compat]
[build]    36 |     decltype(std::declval<T&>().number_unsigned(std::declval<Unsigned>()));
[build]       |     ^
[build] C:\Users\pperv\code\unnamed_rpg\vendor\json\include\nlohmann/detail/meta/is_sax.hpp(36,5): warning: 'decltype' type specifier is incompatible with C++98 [-Wc++98-compat]
[build] C:\Users\pperv\code\unnamed_rpg\vendor\json\include\nlohmann/detail/meta/is_sax.hpp(39,33): warning: alias declarations are incompatible with C++98 [-Wc++98-compat]
[build]    39 | using number_float_function_t = decltype(std::declval<T&>().number_float(
[build]       |                                 ^
[build] C:\Users\pperv\code\unnamed_rpg\vendor\json\include\nlohmann/detail/meta/is_sax.hpp(39,33): warning: 'decltype' type specifier is incompatible with C++98 [-Wc++98-compat]
[build] C:\Users\pperv\code\unnamed_rpg\vendor\json\include\nlohmann/detail/meta/is_sax.hpp(44,5): warning: alias declarations are incompatible with C++98 [-Wc++98-compat]
[build]    44 |     decltype(std::declval<T&>().string(std::declval<String&>()));
[build]       |     ^
[build] C:\Users\pperv\code\unnamed_rpg\vendor\json\include\nlohmann/detail/meta/is_sax.hpp(44,5): warning: 'decltype' type specifier is incompatible with C++98 [-Wc++98-compat]
[build] C:\Users\pperv\code\unnamed_rpg\vendor\json\include\nlohmann/detail/meta/is_sax.hpp(48,5): warning: alias declarations are incompatible with C++98 [-Wc++98-compat]
[build]    48 |     decltype(std::declval<T&>().binary(std::declval<Binary&>()));
[build]       |     ^
[build] C:\Users\pperv\code\unnamed_rpg\vendor\json\include\nlohmann/detail/meta/is_sax.hpp(48,5): warning: 'decltype' type specifier is incompatible with C++98 [-Wc++98-compat]
[build] C:\Users\pperv\code\unnamed_rpg\vendor\json\include\nlohmann/detail/meta/is_sax.hpp(52,5): warning: alias declarations are incompatible with C++98 [-Wc++98-compat]
[build]    52 |     decltype(std::declval<T&>().start_object(std::declval<std::size_t>()));
[build]       |     ^
[build] C:\Users\pperv\code\unnamed_rpg\vendor\json\include\nlohmann/detail/meta/is_sax.hpp(52,5): warning: 'decltype' type specifier is incompatible with C++98 [-Wc++98-compat]
[build] C:\Users\pperv\code\unnamed_rpg\vendor\json\include\nlohmann/detail/meta/is_sax.hpp(56,5): warning: alias declarations are incompatible with C++98 [-Wc++98-compat]
[build]    56 |     decltype(std::declval<T&>().key(std::declval<String&>()));
[build]       |     ^
[build] C:\Users\pperv\code\unnamed_rpg\vendor\json\include\nlohmann/detail/meta/is_sax.hpp(56,5): warning: 'decltype' type specifier is incompatible with C++98 [-Wc++98-compat]
[build] C:\Users\pperv\code\unnamed_rpg\vendor\json\include\nlohmann/detail/meta/is_sax.hpp(59,31): warning: alias declarations are incompatible with C++98 [-Wc++98-compat]
[build]    59 | using end_object_function_t = decltype(std::declval<T&>().end_object());
[build]       |                               ^
[build] C:\Users\pperv\code\unnamed_rpg\vendor\json\include\nlohmann/detail/meta/is_sax.hpp(59,31): warning: 'decltype' type specifier is incompatible with C++98 [-Wc++98-compat]
[build] C:\Users\pperv\code\unnamed_rpg\vendor\json\include\nlohmann/detail/meta/is_sax.hpp(63,5): warning: alias declarations are incompatible with C++98 [-Wc++98-compat]
[build]    63 |     decltype(std::declval<T&>().start_array(std::declval<std::size_t>()));
[build]       |     ^
[build] C:\Users\pperv\code\unnamed_rpg\vendor\json\include\nlohmann/detail/meta/is_sax.hpp(63,5): warning: 'decltype' type specifier is incompatible with C++98 [-Wc++98-compat]
[build] C:\Users\pperv\code\unnamed_rpg\vendor\json\include\nlohmann/detail/meta/is_sax.hpp(66,30): warning: alias declarations are incompatible with C++98 [-Wc++98-compat]
[build]    66 | using end_array_function_t = decltype(std::declval<T&>().end_array());
[build]       |                              ^
[build] C:\Users\pperv\code\unnamed_rpg\vendor\json\include\nlohmann/detail/meta/is_sax.hpp(66,30): warning: 'decltype' type specifier is incompatible with C++98 [-Wc++98-compat]
[build] C:\Users\pperv\code\unnamed_rpg\vendor\json\include\nlohmann/detail/meta/is_sax.hpp(69,32): warning: alias declarations are incompatible with C++98 [-Wc++98-compat]
[build]    69 | using parse_error_function_t = decltype(std::declval<T&>().parse_error(
[build]       |                                ^
[build] C:\Users\pperv\code\unnamed_rpg\vendor\json\include\nlohmann/detail/meta/is_sax.hpp(69,32): warning: 'decltype' type specifier is incompatible with C++98 [-Wc++98-compat]
[build] C:\Users\pperv\code\unnamed_rpg\vendor\json\include\nlohmann/detail/meta/is_sax.hpp(77,5): warning: 'static_assert' declarations are incompatible with C++98 [-Wc++98-compat]
[build]    77 |     static_assert(is_basic_json<BasicJsonType>::value,
[build]       |     ^
[build] C:\Users\pperv\code\unnamed_rpg\vendor\json\include\nlohmann/detail/meta/is_sax.hpp(80,30): warning: alias declarations are incompatible with C++98 [-Wc++98-compat]
[build]    80 |     using number_integer_t = typename BasicJsonType::number_integer_t;
[build]       |                              ^
[build] C:\Users\pperv\code\unnamed_rpg\vendor\json\include\nlohmann/detail/meta/is_sax.hpp(81,31): warning: alias declarations are incompatible with C++98 [-Wc++98-compat]
[build]    81 |     using number_unsigned_t = typename BasicJsonType::number_unsigned_t;
[build]       |                               ^
[build] C:\Users\pperv\code\unnamed_rpg\vendor\json\include\nlohmann/detail/meta/is_sax.hpp(82,28): warning: alias declarations are incompatible with C++98 [-Wc++98-compat]
[build]    82 |     using number_float_t = typename BasicJsonType::number_float_t;
[build]       |                            ^
[build] C:\Users\pperv\code\unnamed_rpg\vendor\json\include\nlohmann/detail/meta/is_sax.hpp(83,22): warning: alias declarations are incompatible with C++98 [-Wc++98-compat]
[build]    83 |     using string_t = typename BasicJsonType::string_t;
[build]       |                      ^
[build] C:\Users\pperv\code\unnamed_rpg\vendor\json\include\nlohmann/detail/meta/is_sax.hpp(84,22): warning: alias declarations are incompatible with C++98 [-Wc++98-compat]
[build]    84 |     using binary_t = typename BasicJsonType::binary_t;
[build]       |                      ^
[build] C:\Users\pperv\code\unnamed_rpg\vendor\json\include\nlohmann/detail/meta/is_sax.hpp(85,25): warning: alias declarations are incompatible with C++98 [-Wc++98-compat]
[build]    85 |     using exception_t = typename BasicJsonType::exception;
[build]       |                         ^
[build] C:\Users\pperv\code\unnamed_rpg\vendor\json\include\nlohmann/detail/meta/is_sax.hpp(88,12): warning: 'constexpr' specifier is incompatible with C++98 [-Wc++98-compat]
[build]    88 |     static constexpr bool value =
[build]       |            ^
[build] C:\Users\pperv\code\unnamed_rpg\vendor\json\include\nlohmann/detail/meta/is_sax.hpp(108,5): warning: 'static_assert' declarations are incompatible with C++98 [-Wc++98-compat]
[build]   108 |     static_assert(is_basic_json<BasicJsonType>::value,
[build]       |     ^
[build] C:\Users\pperv\code\unnamed_rpg\vendor\json\include\nlohmann/detail/meta/is_sax.hpp(111,30): warning: alias declarations are incompatible with C++98 [-Wc++98-compat]
[build]   111 |     using number_integer_t = typename BasicJsonType::number_integer_t;
[build]       |                              ^
[build] C:\Users\pperv\code\unnamed_rpg\vendor\json\include\nlohmann/detail/meta/is_sax.hpp(112,31): warning: alias declarations are incompatible with C++98 [-Wc++98-compat]
[build]   112 |     using number_unsigned_t = typename BasicJsonType::number_unsigned_t;
[build]       |                               ^
[build] C:\Users\pperv\code\unnamed_rpg\vendor\json\include\nlohmann/detail/meta/is_sax.hpp(113,28): warning: alias declarations are incompatible with C++98 [-Wc++98-compat]
[build]   113 |     using number_float_t = typename BasicJsonType::number_float_t;
[build]       |                            ^
[build] C:\Users\pperv\code\unnamed_rpg\vendor\json\include\nlohmann/detail/meta/is_sax.hpp(114,22): warning: alias declarations are incompatible with C++98 [-Wc++98-compat]
[build]   114 |     using string_t = typename BasicJsonType::string_t;
[build]       |                      ^
[build] C:\Users\pperv\code\unnamed_rpg\vendor\json\include\nlohmann/detail/meta/is_sax.hpp(115,22): warning: alias declarations are incompatible with C++98 [-Wc++98-compat]
[build]   115 |     using binary_t = typename BasicJsonType::binary_t;
[build]       |                      ^
[build] C:\Users\pperv\code\unnamed_rpg\vendor\json\include\nlohmann/detail/meta/is_sax.hpp(116,25): warning: alias declarations are incompatible with C++98 [-Wc++98-compat]
[build]   116 |     using exception_t = typename BasicJsonType::exception;
[build]       |                         ^
[build] C:\Users\pperv\code\unnamed_rpg\vendor\json\include\nlohmann/detail/meta/is_sax.hpp(119,5): warning: 'static_assert' declarations are incompatible with C++98 [-Wc++98-compat]
[build]   119 |     static_assert(is_detected_exact<bool, null_function_t, SAX>::value,
[build]       |     ^
[build] C:\Users\pperv\code\unnamed_rpg\vendor\json\include\nlohmann/detail/meta/is_sax.hpp(121,5): warning: 'static_assert' declarations are incompatible with C++98 [-Wc++98-compat]
[build]   121 |     static_assert(is_detected_exact<bool, boolean_function_t, SAX>::value,
[build]       |     ^
[build] C:\Users\pperv\code\unnamed_rpg\vendor\json\include\nlohmann/detail/meta/is_sax.hpp(123,5): warning: 'static_assert' declarations are incompatible with C++98 [-Wc++98-compat]
[build]   123 |     static_assert(is_detected_exact<bool, boolean_function_t, SAX>::value,
[build]       |     ^
[build] C:\Users\pperv\code\unnamed_rpg\vendor\json\include\nlohmann/detail/meta/is_sax.hpp(125,5): warning: 'static_assert' declarations are incompatible with C++98 [-Wc++98-compat]
[build]   125 |     static_assert(
[build]       |     ^
[build] C:\Users\pperv\code\unnamed_rpg\vendor\json\include\nlohmann/detail/meta/is_sax.hpp(129,5): warning: 'static_assert' declarations are incompatible with C++98 [-Wc++98-compat]
[build]   129 |     static_assert(
[build]       |     ^
[build] C:\Users\pperv\code\unnamed_rpg\vendor\json\include\nlohmann/detail/meta/is_sax.hpp(133,5): warning: 'static_assert' declarations are incompatible with C++98 [-Wc++98-compat]
[build]   133 |     static_assert(is_detected_exact<bool, number_float_function_t, SAX,
[build]       |     ^
[build] C:\Users\pperv\code\unnamed_rpg\vendor\json\include\nlohmann/detail/meta/is_sax.hpp(136,5): warning: 'static_assert' declarations are incompatible with C++98 [-Wc++98-compat]
[build]   136 |     static_assert(
[build]       |     ^
[build] C:\Users\pperv\code\unnamed_rpg\vendor\json\include\nlohmann/detail/meta/is_sax.hpp(139,5): warning: 'static_assert' declarations are incompatible with C++98 [-Wc++98-compat]
[build]   139 |     static_assert(
[build]       |     ^
[build] C:\Users\pperv\code\unnamed_rpg\vendor\json\include\nlohmann/detail/meta/is_sax.hpp(142,5): warning: 'static_assert' declarations are incompatible with C++98 [-Wc++98-compat]
[build]   142 |     static_assert(is_detected_exact<bool, start_object_function_t, SAX>::value,
[build]       |     ^
[build] C:\Users\pperv\code\unnamed_rpg\vendor\json\include\nlohmann/detail/meta/is_sax.hpp(144,5): warning: 'static_assert' declarations are incompatible with C++98 [-Wc++98-compat]
[build]   144 |     static_assert(is_detected_exact<bool, key_function_t, SAX, string_t>::value,
[build]       |     ^
[build] C:\Users\pperv\code\unnamed_rpg\vendor\json\include\nlohmann/detail/meta/is_sax.hpp(146,5): warning: 'static_assert' declarations are incompatible with C++98 [-Wc++98-compat]
[build]   146 |     static_assert(is_detected_exact<bool, end_object_function_t, SAX>::value,
[build]       |     ^
[build] C:\Users\pperv\code\unnamed_rpg\vendor\json\include\nlohmann/detail/meta/is_sax.hpp(148,5): warning: 'static_assert' declarations are incompatible with C++98 [-Wc++98-compat]
[build]   148 |     static_assert(is_detected_exact<bool, start_array_function_t, SAX>::value,
[build]       |     ^
[build] C:\Users\pperv\code\unnamed_rpg\vendor\json\include\nlohmann/detail/meta/is_sax.hpp(150,5): warning: 'static_assert' declarations are incompatible with C++98 [-Wc++98-compat]
[build]   150 |     static_assert(is_detected_exact<bool, end_array_function_t, SAX>::value,
[build]       |     ^
[build] C:\Users\pperv\code\unnamed_rpg\vendor\json\include\nlohmann/detail/meta/is_sax.hpp(152,5): warning: 'static_assert' declarations are incompatible with C++98 [-Wc++98-compat]
[build]   152 |     static_assert(
[build]       |     ^
[build] In file included from C:\Users\pperv\code\unnamed_rpg\vendor\json-schema-validator\src\json-uri.cpp:9:
[build] In file included from C:\Users\pperv\code\unnamed_rpg\vendor\json-schema-validator\src\nlohmann/json-schema.hpp:24:
[build] In file included from C:\Users\pperv\code\unnamed_rpg\vendor\json\include\nlohmann/json.hpp:50:
[build] C:\Users\pperv\code\unnamed_rpg\vendor\json\include\nlohmann/detail/input/binary_reader.hpp(37,1): warning: empty macro arguments are incompatible with C++98 [-Wc++98-compat-pedantic]
[build]    37 | NLOHMANN_JSON_NAMESPACE_BEGIN
[build]       | ^
[build] C:\Users\pperv\code\unnamed_rpg\vendor\json\include\nlohmann/detail/abi_macros.hpp(102,17): note: expanded from macro 'NLOHMANN_JSON_NAMESPACE_BEGIN'
[build]   102 |                 NLOHMANN_JSON_ABI_TAGS,              \
[build]       |                 ^
[build] C:\Users\pperv\code\unnamed_rpg\vendor\json\include\nlohmann/detail/abi_macros.hpp(65,5): note: expanded from macro 'NLOHMANN_JSON_ABI_TAGS'
[build]    65 |     NLOHMANN_JSON_ABI_TAGS_CONCAT(                                   \
[build]       |     ^
[build] C:\Users\pperv\code\unnamed_rpg\vendor\json\include\nlohmann/detail/abi_macros.hpp(62,39): note: expanded from macro 'NLOHMANN_JSON_ABI_TAGS_CONCAT'
[build]    62 |     NLOHMANN_JSON_ABI_TAGS_CONCAT_EX(a, b, c)
[build]       |                                       ^
[build] In file included from C:\Users\pperv\code\unnamed_rpg\vendor\json-schema-validator\src\json-uri.cpp:9:
[build] In file included from C:\Users\pperv\code\unnamed_rpg\vendor\json-schema-validator\src\nlohmann/json-schema.hpp:24:
[build] In file included from C:\Users\pperv\code\unnamed_rpg\vendor\json\include\nlohmann/json.hpp:50:
[build] C:\Users\pperv\code\unnamed_rpg\vendor\json\include\nlohmann/detail/input/binary_reader.hpp(37,1): warning: empty macro arguments are incompatible with C++98 [-Wc++98-compat-pedantic]
[build] C:\Users\pperv\code\unnamed_rpg\vendor\json\include\nlohmann/detail/abi_macros.hpp(102,17): note: expanded from macro 'NLOHMANN_JSON_NAMESPACE_BEGIN'
[build]   102 |                 NLOHMANN_JSON_ABI_TAGS,              \
[build]       |                 ^
[build] C:\Users\pperv\code\unnamed_rpg\vendor\json\include\nlohmann/detail/abi_macros.hpp(65,5): note: expanded from macro 'NLOHMANN_JSON_ABI_TAGS'
[build]    65 |     NLOHMANN_JSON_ABI_TAGS_CONCAT(                                   \
[build]       |     ^
[build] C:\Users\pperv\code\unnamed_rpg\vendor\json\include\nlohmann/detail/abi_macros.hpp(62,42): note: expanded from macro 'NLOHMANN_JSON_ABI_TAGS_CONCAT'
[build]    62 |     NLOHMANN_JSON_ABI_TAGS_CONCAT_EX(a, b, c)
[build]       |                                          ^
[build] In file included from C:\Users\pperv\code\unnamed_rpg\vendor\json-schema-validator\src\json-uri.cpp:9:
[build] In file included from C:\Users\pperv\code\unnamed_rpg\vendor\json-schema-validator\src\nlohmann/json-schema.hpp:24:
[build] In file included from C:\Users\pperv\code\unnamed_rpg\vendor\json\include\nlohmann/json.hpp:50:
[build] C:\Users\pperv\code\unnamed_rpg\vendor\json\include\nlohmann/detail/input/binary_reader.hpp(37,1): warning: empty macro arguments are incompatible with C++98 [-Wc++98-compat-pedantic]
[build] C:\Users\pperv\code\unnamed_rpg\vendor\json\include\nlohmann/detail/abi_macros.hpp(102,17): note: expanded from macro 'NLOHMANN_JSON_NAMESPACE_BEGIN'
[build]   102 |                 NLOHMANN_JSON_ABI_TAGS,              \
[build]       |                 ^
[build] C:\Users\pperv\code\unnamed_rpg\vendor\json\include\nlohmann/detail/abi_macros.hpp(65,5): note: expanded from macro 'NLOHMANN_JSON_ABI_TAGS'
[build]    65 |     NLOHMANN_JSON_ABI_TAGS_CONCAT(                                   \
[build]       |     ^
[build] C:\Users\pperv\code\unnamed_rpg\vendor\json\include\nlohmann/detail/abi_macros.hpp(62,45): note: expanded from macro 'NLOHMANN_JSON_ABI_TAGS_CONCAT'
[build]    62 |     NLOHMANN_JSON_ABI_TAGS_CONCAT_EX(a, b, c)
[build]       |                                             ^
[build] In file included from C:\Users\pperv\code\unnamed_rpg\vendor\json-schema-validator\src\json-uri.cpp:9:
[build] In file included from C:\Users\pperv\code\unnamed_rpg\vendor\json-schema-validator\src\nlohmann/json-schema.hpp:24:
[build] In file included from C:\Users\pperv\code\unnamed_rpg\vendor\json\include\nlohmann/json.hpp:50:
[build] C:\Users\pperv\code\unnamed_rpg\vendor\json\include\nlohmann/detail/input/binary_reader.hpp(37,1): warning: inline namespaces are incompatible with C++98 [-Wc++98-compat]
[build] C:\Users\pperv\code\unnamed_rpg\vendor\json\include\nlohmann/detail/abi_macros.hpp(101,5): note: expanded from macro 'NLOHMANN_JSON_NAMESPACE_BEGIN'
[build]   101 |     inline namespace NLOHMANN_JSON_NAMESPACE_CONCAT( \
[build]       |     ^
[build] In file included from C:\Users\pperv\code\unnamed_rpg\vendor\json-schema-validator\src\json-uri.cpp:9:
[build] In file included from C:\Users\pperv\code\unnamed_rpg\vendor\json-schema-validator\src\nlohmann/json-schema.hpp:24:
[build] In file included from C:\Users\pperv\code\unnamed_rpg\vendor\json\include\nlohmann/json.hpp:50:
[build] C:\Users\pperv\code\unnamed_rpg\vendor\json\include\nlohmann/detail/input/binary_reader.hpp(42,6): warning: scoped enumerations are incompatible with C++98 [-Wc++98-compat]
[build]    42 | enum class cbor_tag_handler_t
[build]       |      ^
[build] C:\Users\pperv\code\unnamed_rpg\vendor\json\include\nlohmann/detail/input/binary_reader.hpp(56,44): warning: noexcept specifications are incompatible with C++98 [-Wc++98-compat]
[build]    56 | inline bool little_endianness(int num = 1) noexcept
[build]       |                                            ^
[build] C:\Users\pperv\code\unnamed_rpg\vendor\json\include\nlohmann/detail/input/binary_reader.hpp(68,127): warning: consecutive right angle brackets are incompatible with C++98 (use '> >') [-Wc++98-compat]
[build]    68 | template<typename BasicJsonType, typename InputAdapterType, typename SAX = json_sax_dom_parser<BasicJsonType, InputAdapterType>>
[build]       |                                                                                                                               ^~
[build]       |                                                                                                                               > >
[build] C:\Users\pperv\code\unnamed_rpg\vendor\json\include\nlohmann/detail/input/binary_reader.hpp(71,30): warning: alias declarations are incompatible with C++98 [-Wc++98-compat]
[build]    71 |     using number_integer_t = typename BasicJsonType::number_integer_t;
[build]       |                              ^
[build] C:\Users\pperv\code\unnamed_rpg\vendor\json\include\nlohmann/detail/input/binary_reader.hpp(72,31): warning: alias declarations are incompatible with C++98 [-Wc++98-compat]
[build]    72 |     using number_unsigned_t = typename BasicJsonType::number_unsigned_t;
[build]       |                               ^
[build] C:\Users\pperv\code\unnamed_rpg\vendor\json\include\nlohmann/detail/input/binary_reader.hpp(73,28): warning: alias declarations are incompatible with C++98 [-Wc++98-compat]
[build]    73 |     using number_float_t = typename BasicJsonType::number_float_t;
[build]       |                            ^
[build] C:\Users\pperv\code\unnamed_rpg\vendor\json\include\nlohmann/detail/input/binary_reader.hpp(74,22): warning: alias declarations are incompatible with C++98 [-Wc++98-compat]
[build]    74 |     using string_t = typename BasicJsonType::string_t;
[build]       |                      ^
[build] C:\Users\pperv\code\unnamed_rpg\vendor\json\include\nlohmann/detail/input/binary_reader.hpp(75,22): warning: alias declarations are incompatible with C++98 [-Wc++98-compat]
[build]    75 |     using binary_t = typename BasicJsonType::binary_t;
[build]       |                      ^
[build] C:\Users\pperv\code\unnamed_rpg\vendor\json\include\nlohmann/detail/input/binary_reader.hpp(76,24): warning: alias declarations are incompatible with C++98 [-Wc++98-compat]
[build]    76 |     using json_sax_t = SAX;
[build]       |                        ^
[build] C:\Users\pperv\code\unnamed_rpg\vendor\json\include\nlohmann/detail/input/binary_reader.hpp(77,23): warning: alias declarations are incompatible with C++98 [-Wc++98-compat]
[build]    77 |     using char_type = typename InputAdapterType::char_type;
[build]       |                       ^
[build] C:\Users\pperv\code\unnamed_rpg\vendor\json\include\nlohmann/detail/input/binary_reader.hpp(78,27): warning: alias declarations are incompatible with C++98 [-Wc++98-compat]
[build]    78 |     using char_int_type = typename char_traits<char_type>::int_type;
[build]       |                           ^
[build] C:\Users\pperv\code\unnamed_rpg\vendor\json\include\nlohmann/detail/input/binary_reader.hpp(86,44): warning: rvalue references are incompatible with C++98 [-Wc++98-compat]
[build]    86 |     explicit binary_reader(InputAdapterType&& adapter, const input_format_t format = input_format_t::json) noexcept : ia(std::move(adapter)), input_format(format)
[build]       |                                            ^
[build] C:\Users\pperv\code\unnamed_rpg\vendor\json\include\nlohmann/detail/input/binary_reader.hpp(86,117): warning: noexcept specifications are incompatible with C++98 [-Wc++98-compat]
[build]    86 |     explicit binary_reader(InputAdapterType&& adapter, const input_format_t format = input_format_t::json) noexcept : ia(std::move(adapter)), input_format(format)
[build]       |                                                                                                                     ^
[build] C:\Users\pperv\code\unnamed_rpg\vendor\json\include\nlohmann/detail/input/binary_reader.hpp(92,43): warning: deleted function definitions are incompatible with C++98 [-Wc++98-compat]
[build]    92 |     binary_reader(const binary_reader&) = delete;
[build]       |                                           ^
[build] C:\Users\pperv\code\unnamed_rpg\vendor\json\include\nlohmann/detail/input/binary_reader.hpp(93,32): warning: rvalue references are incompatible with C++98 [-Wc++98-compat]
[build]    93 |     binary_reader(binary_reader&&) = default; // NOLINT(hicpp-noexcept-move,performance-noexcept-move-constructor)
[build]       |                                ^
[build] C:\Users\pperv\code\unnamed_rpg\vendor\json\include\nlohmann/detail/input/binary_reader.hpp(93,38): warning: defaulted function definitions are incompatible with C++98 [-Wc++98-compat]
[build]    93 |     binary_reader(binary_reader&&) = default; // NOLINT(hicpp-noexcept-move,performance-noexcept-move-constructor)
[build]       |                                      ^
[build] C:\Users\pperv\code\unnamed_rpg\vendor\json\include\nlohmann/detail/input/binary_reader.hpp(94,54): warning: deleted function definitions are incompatible with C++98 [-Wc++98-compat]
[build]    94 |     binary_reader& operator=(const binary_reader&) = delete;
[build]       |                                                      ^
[build] C:\Users\pperv\code\unnamed_rpg\vendor\json\include\nlohmann/detail/input/binary_reader.hpp(95,43): warning: rvalue references are incompatible with C++98 [-Wc++98-compat]
[build]    95 |     binary_reader& operator=(binary_reader&&) = default; // NOLINT(hicpp-noexcept-move,performance-noexcept-move-constructor)
[build]       |                                           ^
[build] C:\Users\pperv\code\unnamed_rpg\vendor\json\include\nlohmann/detail/input/binary_reader.hpp(95,49): warning: defaulted function definitions are incompatible with C++98 [-Wc++98-compat]
[build]    95 |     binary_reader& operator=(binary_reader&&) = default; // NOLINT(hicpp-noexcept-move,performance-noexcept-move-constructor)
[build]       |                                                 ^
[build] C:\Users\pperv\code\unnamed_rpg\vendor\json\include\nlohmann/detail/input/binary_reader.hpp(96,24): warning: defaulted function definitions are incompatible with C++98 [-Wc++98-compat]
[build]    96 |     ~binary_reader() = default;
[build]       |                        ^
[build] C:\Users\pperv\code\unnamed_rpg\vendor\json\include\nlohmann/detail/input/binary_reader.hpp(3022,40): warning: default template arguments for a function template are incompatible with C++98 [-Wc++98-compat]
[build]  3022 |     template<typename NumberType, bool InputIsLittleEndian = false>
[build]       |                                        ^                     ~~~~~
[build] C:\Users\pperv\code\unnamed_rpg\vendor\json\include\nlohmann/detail/input/binary_reader.hpp(3210,33): warning: 'constexpr' specifier is incompatible with C++98 [-Wc++98-compat]
[build]  3210 |     static JSON_INLINE_VARIABLE constexpr std::size_t npos = detail::unknown_size();
[build]       |                                 ^
[build] C:\Users\pperv\code\unnamed_rpg\vendor\json\include\nlohmann/detail/input/binary_reader.hpp(3216,27): warning: default member initializer for non-static data members is incompatible with C++98 [-Wc++98-compat]
[build]  3216 |     char_int_type current = char_traits<char_type>::eof();
[build]       |                           ^
[build] C:\Users\pperv\code\unnamed_rpg\vendor\json\include\nlohmann/detail/input/binary_reader.hpp(3219,28): warning: default member initializer for non-static data members is incompatible with C++98 [-Wc++98-compat]
[build]  3219 |     std::size_t chars_read = 0;
[build]       |                            ^
[build] C:\Users\pperv\code\unnamed_rpg\vendor\json\include\nlohmann/detail/input/binary_reader.hpp(3222,33): warning: default member initializer for non-static data members is incompatible with C++98 [-Wc++98-compat]
[build]  3222 |     const bool is_little_endian = little_endianness();
[build]       |                                 ^
[build] C:\Users\pperv\code\unnamed_rpg\vendor\json\include\nlohmann/detail/input/binary_reader.hpp(3225,39): warning: default member initializer for non-static data members is incompatible with C++98 [-Wc++98-compat]
[build]  3225 |     const input_format_t input_format = input_format_t::json;
[build]       |                                       ^
[build] C:\Users\pperv\code\unnamed_rpg\vendor\json\include\nlohmann/detail/input/binary_reader.hpp(3228,21): warning: default member initializer for non-static data members is incompatible with C++98 [-Wc++98-compat]
[build]  3228 |     json_sax_t* sax = nullptr;
[build]       |                     ^
[build] C:\Users\pperv\code\unnamed_rpg\vendor\json\include\nlohmann/detail/input/binary_reader.hpp(3252,11): warning: 'decltype' type specifier is incompatible with C++98 [-Wc++98-compat]
[build]  3252 |     const decltype(JSON_BINARY_READER_MAKE_BJD_OPTIMIZED_TYPE_MARKERS_) bjd_optimized_type_markers =
[build]       |           ^
[build] C:\Users\pperv\code\unnamed_rpg\vendor\json\include\nlohmann/detail/input/binary_reader.hpp(3252,100): warning: default member initializer for non-static data members is incompatible with C++98 [-Wc++98-compat]
[build]  3252 |     const decltype(JSON_BINARY_READER_MAKE_BJD_OPTIMIZED_TYPE_MARKERS_) bjd_optimized_type_markers =
[build]       |                                                                                                    ^
[build] C:\Users\pperv\code\unnamed_rpg\vendor\json\include\nlohmann/detail/input/binary_reader.hpp(3255,22): warning: alias declarations are incompatible with C++98 [-Wc++98-compat]
[build]  3255 |     using bjd_type = std::pair<char_int_type, string_t>;
[build]       |                      ^
[build] C:\Users\pperv\code\unnamed_rpg\vendor\json\include\nlohmann/detail/input/binary_reader.hpp(3257,11): warning: 'decltype' type specifier is incompatible with C++98 [-Wc++98-compat]
[build]  3257 |     const decltype(JSON_BINARY_READER_MAKE_BJD_TYPES_MAP_) bjd_types_map =
[build]       |           ^
[build] C:\Users\pperv\code\unnamed_rpg\vendor\json\include\nlohmann/detail/input/binary_reader.hpp(3257,20): warning: generalized initializer lists are incompatible with C++98 [-Wc++98-compat]
[build]  3257 |     const decltype(JSON_BINARY_READER_MAKE_BJD_TYPES_MAP_) bjd_types_map =
[build]       |                    ^
[build] C:\Users\pperv\code\unnamed_rpg\vendor\json\include\nlohmann/detail/input/binary_reader.hpp(3236,13): note: expanded from macro 'JSON_BINARY_READER_MAKE_BJD_TYPES_MAP_'
[build]  3236 |     bjd_type{'B', "byte"},                     \
[build]       |             ^
[build] C:\Users\pperv\code\unnamed_rpg\vendor\json\include\nlohmann/detail/input/binary_reader.hpp(3257,20): warning: generalized initializer lists are incompatible with C++98 [-Wc++98-compat]
[build] C:\Users\pperv\code\unnamed_rpg\vendor\json\include\nlohmann/detail/input/binary_reader.hpp(3237,13): note: expanded from macro 'JSON_BINARY_READER_MAKE_BJD_TYPES_MAP_'
[build]  3237 |     bjd_type{'C', "char"},                     \
[build]       |             ^
[build] C:\Users\pperv\code\unnamed_rpg\vendor\json\include\nlohmann/detail/input/binary_reader.hpp(3257,20): warning: generalized initializer lists are incompatible with C++98 [-Wc++98-compat]
[build] C:\Users\pperv\code\unnamed_rpg\vendor\json\include\nlohmann/detail/input/binary_reader.hpp(3238,13): note: expanded from macro 'JSON_BINARY_READER_MAKE_BJD_TYPES_MAP_'
[build]  3238 |     bjd_type{'D', "double"},                   \
[build]       |             ^
[build] C:\Users\pperv\code\unnamed_rpg\vendor\json\include\nlohmann/detail/input/binary_reader.hpp(3257,20): warning: generalized initializer lists are incompatible with C++98 [-Wc++98-compat]
[build] C:\Users\pperv\code\unnamed_rpg\vendor\json\include\nlohmann/detail/input/binary_reader.hpp(3239,13): note: expanded from macro 'JSON_BINARY_READER_MAKE_BJD_TYPES_MAP_'
[build]  3239 |     bjd_type{'I', "int16"},                    \
[build]       |             ^
[build] C:\Users\pperv\code\unnamed_rpg\vendor\json\include\nlohmann/detail/input/binary_reader.hpp(3257,20): warning: generalized initializer lists are incompatible with C++98 [-Wc++98-compat]
[build] C:\Users\pperv\code\unnamed_rpg\vendor\json\include\nlohmann/detail/input/binary_reader.hpp(3240,13): note: expanded from macro 'JSON_BINARY_READER_MAKE_BJD_TYPES_MAP_'
[build]  3240 |     bjd_type{'L', "int64"},                    \
[build]       |             ^
[build] C:\Users\pperv\code\unnamed_rpg\vendor\json\include\nlohmann/detail/input/binary_reader.hpp(3257,20): warning: generalized initializer lists are incompatible with C++98 [-Wc++98-compat]
[build] C:\Users\pperv\code\unnamed_rpg\vendor\json\include\nlohmann/detail/input/binary_reader.hpp(3241,13): note: expanded from macro 'JSON_BINARY_READER_MAKE_BJD_TYPES_MAP_'
[build]  3241 |     bjd_type{'M', "uint64"},                   \
[build]       |             ^
[build] C:\Users\pperv\code\unnamed_rpg\vendor\json\include\nlohmann/detail/input/binary_reader.hpp(3257,20): warning: generalized initializer lists are incompatible with C++98 [-Wc++98-compat]
[build] C:\Users\pperv\code\unnamed_rpg\vendor\json\include\nlohmann/detail/input/binary_reader.hpp(3242,13): note: expanded from macro 'JSON_BINARY_READER_MAKE_BJD_TYPES_MAP_'
[build]  3242 |     bjd_type{'U', "uint8"},                    \
[build]       |             ^
[build] C:\Users\pperv\code\unnamed_rpg\vendor\json\include\nlohmann/detail/input/binary_reader.hpp(3257,20): warning: generalized initializer lists are incompatible with C++98 [-Wc++98-compat]
[build] C:\Users\pperv\code\unnamed_rpg\vendor\json\include\nlohmann/detail/input/binary_reader.hpp(3243,13): note: expanded from macro 'JSON_BINARY_READER_MAKE_BJD_TYPES_MAP_'
[build]  3243 |     bjd_type{'d', "single"},                   \
[build]       |             ^
[build] C:\Users\pperv\code\unnamed_rpg\vendor\json\include\nlohmann/detail/input/binary_reader.hpp(3257,20): warning: generalized initializer lists are incompatible with C++98 [-Wc++98-compat]
[build] C:\Users\pperv\code\unnamed_rpg\vendor\json\include\nlohmann/detail/input/binary_reader.hpp(3244,13): note: expanded from macro 'JSON_BINARY_READER_MAKE_BJD_TYPES_MAP_'
[build]  3244 |     bjd_type{'i', "int8"},                     \
[build]       |             ^
[build] C:\Users\pperv\code\unnamed_rpg\vendor\json\include\nlohmann/detail/input/binary_reader.hpp(3257,20): warning: generalized initializer lists are incompatible with C++98 [-Wc++98-compat]
[build] C:\Users\pperv\code\unnamed_rpg\vendor\json\include\nlohmann/detail/input/binary_reader.hpp(3245,13): note: expanded from macro 'JSON_BINARY_READER_MAKE_BJD_TYPES_MAP_'
[build]  3245 |     bjd_type{'l', "int32"},                    \
[build]       |             ^
[build] C:\Users\pperv\code\unnamed_rpg\vendor\json\include\nlohmann/detail/input/binary_reader.hpp(3257,20): warning: generalized initializer lists are incompatible with C++98 [-Wc++98-compat]
[build] C:\Users\pperv\code\unnamed_rpg\vendor\json\include\nlohmann/detail/input/binary_reader.hpp(3246,13): note: expanded from macro 'JSON_BINARY_READER_MAKE_BJD_TYPES_MAP_'
[build]  3246 |     bjd_type{'m', "uint32"},                   \
[build]       |             ^
[build] C:\Users\pperv\code\unnamed_rpg\vendor\json\include\nlohmann/detail/input/binary_reader.hpp(3257,20): warning: generalized initializer lists are incompatible with C++98 [-Wc++98-compat]
[build] C:\Users\pperv\code\unnamed_rpg\vendor\json\include\nlohmann/detail/input/binary_reader.hpp(3247,13): note: expanded from macro 'JSON_BINARY_READER_MAKE_BJD_TYPES_MAP_'
[build]  3247 |     bjd_type{'u', "uint16"})
[build]       |             ^
[build] C:\Users\pperv\code\unnamed_rpg\vendor\json\include\nlohmann/detail/input/binary_reader.hpp(3257,74): warning: default member initializer for non-static data members is incompatible with C++98 [-Wc++98-compat]
[build]  3257 |     const decltype(JSON_BINARY_READER_MAKE_BJD_TYPES_MAP_) bjd_types_map =
[build]       |                                                                          ^
[build] C:\Users\pperv\code\unnamed_rpg\vendor\json\include\nlohmann/detail/input/binary_reader.hpp(86,86): warning: enumeration type in nested name specifier is incompatible with C++98 [-Wc++98-compat]
[build]    86 |     explicit binary_reader(InputAdapterType&& adapter, const input_format_t format = input_format_t::json) noexcept : ia(std::move(adapter)), input_format(format)
[build]       |                                                                                      ^
[build] C:\Users\pperv\code\unnamed_rpg\vendor\json\include\nlohmann/detail/input/binary_reader.hpp(110,59): warning: enumeration type in nested name specifier is incompatible with C++98 [-Wc++98-compat]
[build]   110 |                    const cbor_tag_handler_t tag_handler = cbor_tag_handler_t::error)
[build]       |                                                           ^
[build] C:\Users\pperv\code\unnamed_rpg\vendor\json\include\nlohmann/detail/input/binary_reader.hpp(3225,41): warning: enumeration type in nested name specifier is incompatible with C++98 [-Wc++98-compat]
[build]  3225 |     const input_format_t input_format = input_format_t::json;
[build]       |                                         ^
[build] C:\Users\pperv\code\unnamed_rpg\vendor\json\include\nlohmann/detail/input/binary_reader.hpp(3228,23): warning: 'nullptr' is incompatible with C++98 [-Wc++98-compat]
[build]  3228 |     json_sax_t* sax = nullptr;
[build]       |                       ^
[build] C:\Users\pperv\code\unnamed_rpg\vendor\json\include\nlohmann/detail/input/binary_reader.hpp(3258,9): warning: generalized initializer lists are incompatible with C++98 [-Wc++98-compat]
[build]  3258 |         JSON_BINARY_READER_MAKE_BJD_TYPES_MAP_;
[build]       |         ^
[build] C:\Users\pperv\code\unnamed_rpg\vendor\json\include\nlohmann/detail/input/binary_reader.hpp(3236,13): note: expanded from macro 'JSON_BINARY_READER_MAKE_BJD_TYPES_MAP_'
[build]  3236 |     bjd_type{'B', "byte"},                     \
[build]       |             ^
[build] C:\Users\pperv\code\unnamed_rpg\vendor\json\include\nlohmann/detail/input/binary_reader.hpp(3258,9): warning: generalized initializer lists are incompatible with C++98 [-Wc++98-compat]
[build] C:\Users\pperv\code\unnamed_rpg\vendor\json\include\nlohmann/detail/input/binary_reader.hpp(3237,13): note: expanded from macro 'JSON_BINARY_READER_MAKE_BJD_TYPES_MAP_'
[build]  3237 |     bjd_type{'C', "char"},                     \
[build]       |             ^
[build] C:\Users\pperv\code\unnamed_rpg\vendor\json\include\nlohmann/detail/input/binary_reader.hpp(3258,9): warning: generalized initializer lists are incompatible with C++98 [-Wc++98-compat]
[build] C:\Users\pperv\code\unnamed_rpg\vendor\json\include\nlohmann/detail/input/binary_reader.hpp(3238,13): note: expanded from macro 'JSON_BINARY_READER_MAKE_BJD_TYPES_MAP_'
[build]  3238 |     bjd_type{'D', "double"},                   \
[build]       |             ^
[build] C:\Users\pperv\code\unnamed_rpg\vendor\json\include\nlohmann/detail/input/binary_reader.hpp(3258,9): warning: generalized initializer lists are incompatible with C++98 [-Wc++98-compat]
[build] C:\Users\pperv\code\unnamed_rpg\vendor\json\include\nlohmann/detail/input/binary_reader.hpp(3239,13): note: expanded from macro 'JSON_BINARY_READER_MAKE_BJD_TYPES_MAP_'
[build]  3239 |     bjd_type{'I', "int16"},                    \
[build]       |             ^
[build] C:\Users\pperv\code\unnamed_rpg\vendor\json\include\nlohmann/detail/input/binary_reader.hpp(3258,9): warning: generalized initializer lists are incompatible with C++98 [-Wc++98-compat]
[build] C:\Users\pperv\code\unnamed_rpg\vendor\json\include\nlohmann/detail/input/binary_reader.hpp(3240,13): note: expanded from macro 'JSON_BINARY_READER_MAKE_BJD_TYPES_MAP_'
[build]  3240 |     bjd_type{'L', "int64"},                    \
[build]       |             ^
[build] C:\Users\pperv\code\unnamed_rpg\vendor\json\include\nlohmann/detail/input/binary_reader.hpp(3258,9): warning: generalized initializer lists are incompatible with C++98 [-Wc++98-compat]
[build] C:\Users\pperv\code\unnamed_rpg\vendor\json\include\nlohmann/detail/input/binary_reader.hpp(3241,13): note: expanded from macro 'JSON_BINARY_READER_MAKE_BJD_TYPES_MAP_'
[build]  3241 |     bjd_type{'M', "uint64"},                   \
[build]       |             ^
[build] C:\Users\pperv\code\unnamed_rpg\vendor\json\include\nlohmann/detail/input/binary_reader.hpp(3258,9): warning: generalized initializer lists are incompatible with C++98 [-Wc++98-compat]
[build] C:\Users\pperv\code\unnamed_rpg\vendor\json\include\nlohmann/detail/input/binary_reader.hpp(3242,13): note: expanded from macro 'JSON_BINARY_READER_MAKE_BJD_TYPES_MAP_'
[build]  3242 |     bjd_type{'U', "uint8"},                    \
[build]       |             ^
[build] C:\Users\pperv\code\unnamed_rpg\vendor\json\include\nlohmann/detail/input/binary_reader.hpp(3258,9): warning: generalized initializer lists are incompatible with C++98 [-Wc++98-compat]
[build] C:\Users\pperv\code\unnamed_rpg\vendor\json\include\nlohmann/detail/input/binary_reader.hpp(3243,13): note: expanded from macro 'JSON_BINARY_READER_MAKE_BJD_TYPES_MAP_'
[build]  3243 |     bjd_type{'d', "single"},                   \
[build]       |             ^
[build] C:\Users\pperv\code\unnamed_rpg\vendor\json\include\nlohmann/detail/input/binary_reader.hpp(3258,9): warning: generalized initializer lists are incompatible with C++98 [-Wc++98-compat]
[build] C:\Users\pperv\code\unnamed_rpg\vendor\json\include\nlohmann/detail/input/binary_reader.hpp(3244,13): note: expanded from macro 'JSON_BINARY_READER_MAKE_BJD_TYPES_MAP_'
[build]  3244 |     bjd_type{'i', "int8"},                     \
[build]       |             ^
[build] C:\Users\pperv\code\unnamed_rpg\vendor\json\include\nlohmann/detail/input/binary_reader.hpp(3258,9): warning: generalized initializer lists are incompatible with C++98 [-Wc++98-compat]
[build] C:\Users\pperv\code\unnamed_rpg\vendor\json\include\nlohmann/detail/input/binary_reader.hpp(3245,13): note: expanded from macro 'JSON_BINARY_READER_MAKE_BJD_TYPES_MAP_'
[build]  3245 |     bjd_type{'l', "int32"},                    \
[build]       |             ^
[build] C:\Users\pperv\code\unnamed_rpg\vendor\json\include\nlohmann/detail/input/binary_reader.hpp(3258,9): warning: generalized initializer lists are incompatible with C++98 [-Wc++98-compat]
[build] C:\Users\pperv\code\unnamed_rpg\vendor\json\include\nlohmann/detail/input/binary_reader.hpp(3246,13): note: expanded from macro 'JSON_BINARY_READER_MAKE_BJD_TYPES_MAP_'
[build]  3246 |     bjd_type{'m', "uint32"},                   \
[build]       |             ^
[build] C:\Users\pperv\code\unnamed_rpg\vendor\json\include\nlohmann/detail/input/binary_reader.hpp(3258,9): warning: generalized initializer lists are incompatible with C++98 [-Wc++98-compat]
[build] C:\Users\pperv\code\unnamed_rpg\vendor\json\include\nlohmann/detail/input/binary_reader.hpp(3247,13): note: expanded from macro 'JSON_BINARY_READER_MAKE_BJD_TYPES_MAP_'
[build]  3247 |     bjd_type{'u', "uint16"})
[build]       |             ^
[build] C:\Users\pperv\code\unnamed_rpg\vendor\json\include\nlohmann/detail/input/binary_reader.hpp(3266,5): warning: 'constexpr' specifier is incompatible with C++98 [-Wc++98-compat]
[build]  3266 |     constexpr std::size_t binary_reader<BasicJsonType, InputAdapterType, SAX>::npos;
[build]       |     ^
[build] C:\Users\pperv\code\unnamed_rpg\vendor\json\include\nlohmann/detail/input/binary_reader.hpp(3266,80): warning: out-of-line definition of constexpr static data member is redundant in C++17 and is deprecated [-Wdeprecated-redundant-constexpr-static-def]
[build]  3266 |     constexpr std::size_t binary_reader<BasicJsonType, InputAdapterType, SAX>::npos;
[build]       |                                                                                ^
[build] In file included from C:\Users\pperv\code\unnamed_rpg\vendor\json-schema-validator\src\json-uri.cpp:9:
[build] In file included from C:\Users\pperv\code\unnamed_rpg\vendor\json-schema-validator\src\nlohmann/json-schema.hpp:24:
[build] In file included from C:\Users\pperv\code\unnamed_rpg\vendor\json\include\nlohmann/json.hpp:53:
[build] C:\Users\pperv\code\unnamed_rpg\vendor\json\include\nlohmann/detail/input/parser.hpp(27,1): warning: empty macro arguments are incompatible with C++98 [-Wc++98-compat-pedantic]
[build]    27 | NLOHMANN_JSON_NAMESPACE_BEGIN
[build]       | ^
[build] C:\Users\pperv\code\unnamed_rpg\vendor\json\include\nlohmann/detail/abi_macros.hpp(102,17): note: expanded from macro 'NLOHMANN_JSON_NAMESPACE_BEGIN'
[build]   102 |                 NLOHMANN_JSON_ABI_TAGS,              \
[build]       |                 ^
[build] C:\Users\pperv\code\unnamed_rpg\vendor\json\include\nlohmann/detail/abi_macros.hpp(65,5): note: expanded from macro 'NLOHMANN_JSON_ABI_TAGS'
[build]    65 |     NLOHMANN_JSON_ABI_TAGS_CONCAT(                                   \
[build]       |     ^
[build] C:\Users\pperv\code\unnamed_rpg\vendor\json\include\nlohmann/detail/abi_macros.hpp(62,39): note: expanded from macro 'NLOHMANN_JSON_ABI_TAGS_CONCAT'
[build]    62 |     NLOHMANN_JSON_ABI_TAGS_CONCAT_EX(a, b, c)
[build]       |                                       ^
[build] In file included from C:\Users\pperv\code\unnamed_rpg\vendor\json-schema-validator\src\json-uri.cpp:9:
[build] In file included from C:\Users\pperv\code\unnamed_rpg\vendor\json-schema-validator\src\nlohmann/json-schema.hpp:24:
[build] In file included from C:\Users\pperv\code\unnamed_rpg\vendor\json\include\nlohmann/json.hpp:53:
[build] C:\Users\pperv\code\unnamed_rpg\vendor\json\include\nlohmann/detail/input/parser.hpp(27,1): warning: empty macro arguments are incompatible with C++98 [-Wc++98-compat-pedantic]
[build] C:\Users\pperv\code\unnamed_rpg\vendor\json\include\nlohmann/detail/abi_macros.hpp(102,17): note: expanded from macro 'NLOHMANN_JSON_NAMESPACE_BEGIN'
[build]   102 |                 NLOHMANN_JSON_ABI_TAGS,              \
[build]       |                 ^
[build] C:\Users\pperv\code\unnamed_rpg\vendor\json\include\nlohmann/detail/abi_macros.hpp(65,5): note: expanded from macro 'NLOHMANN_JSON_ABI_TAGS'
[build]    65 |     NLOHMANN_JSON_ABI_TAGS_CONCAT(                                   \
[build]       |     ^
[build] C:\Users\pperv\code\unnamed_rpg\vendor\json\include\nlohmann/detail/abi_macros.hpp(62,42): note: expanded from macro 'NLOHMANN_JSON_ABI_TAGS_CONCAT'
[build]    62 |     NLOHMANN_JSON_ABI_TAGS_CONCAT_EX(a, b, c)
[build]       |                                          ^
[build] In file included from C:\Users\pperv\code\unnamed_rpg\vendor\json-schema-validator\src\json-uri.cpp:9:
[build] In file included from C:\Users\pperv\code\unnamed_rpg\vendor\json-schema-validator\src\nlohmann/json-schema.hpp:24:
[build] In file included from C:\Users\pperv\code\unnamed_rpg\vendor\json\include\nlohmann/json.hpp:53:
[build] C:\Users\pperv\code\unnamed_rpg\vendor\json\include\nlohmann/detail/input/parser.hpp(27,1): warning: empty macro arguments are incompatible with C++98 [-Wc++98-compat-pedantic]
[build] C:\Users\pperv\code\unnamed_rpg\vendor\json\include\nlohmann/detail/abi_macros.hpp(102,17): note: expanded from macro 'NLOHMANN_JSON_NAMESPACE_BEGIN'
[build]   102 |                 NLOHMANN_JSON_ABI_TAGS,              \
[build]       |                 ^
[build] C:\Users\pperv\code\unnamed_rpg\vendor\json\include\nlohmann/detail/abi_macros.hpp(65,5): note: expanded from macro 'NLOHMANN_JSON_ABI_TAGS'
[build]    65 |     NLOHMANN_JSON_ABI_TAGS_CONCAT(                                   \
[build]       |     ^
[build] C:\Users\pperv\code\unnamed_rpg\vendor\json\include\nlohmann/detail/abi_macros.hpp(62,45): note: expanded from macro 'NLOHMANN_JSON_ABI_TAGS_CONCAT'
[build]    62 |     NLOHMANN_JSON_ABI_TAGS_CONCAT_EX(a, b, c)
[build]       |                                             ^
[build] In file included from C:\Users\pperv\code\unnamed_rpg\vendor\json-schema-validator\src\json-uri.cpp:9:
[build] In file included from C:\Users\pperv\code\unnamed_rpg\vendor\json-schema-validator\src\nlohmann/json-schema.hpp:24:
[build] In file included from C:\Users\pperv\code\unnamed_rpg\vendor\json\include\nlohmann/json.hpp:53:
[build] C:\Users\pperv\code\unnamed_rpg\vendor\json\include\nlohmann/detail/input/parser.hpp(27,1): warning: inline namespaces are incompatible with C++98 [-Wc++98-compat]
[build] C:\Users\pperv\code\unnamed_rpg\vendor\json\include\nlohmann/detail/abi_macros.hpp(101,5): note: expanded from macro 'NLOHMANN_JSON_NAMESPACE_BEGIN'
[build]   101 |     inline namespace NLOHMANN_JSON_NAMESPACE_CONCAT( \
[build]       |     ^
[build] In file included from C:\Users\pperv\code\unnamed_rpg\vendor\json-schema-validator\src\json-uri.cpp:9:
[build] In file included from C:\Users\pperv\code\unnamed_rpg\vendor\json-schema-validator\src\nlohmann/json-schema.hpp:24:
[build] In file included from C:\Users\pperv\code\unnamed_rpg\vendor\json\include\nlohmann/json.hpp:53:
[build] C:\Users\pperv\code\unnamed_rpg\vendor\json\include\nlohmann/detail/input/parser.hpp(34,6): warning: scoped enumerations are incompatible with C++98 [-Wc++98-compat]
[build]    34 | enum class parse_event_t : std::uint8_t
[build]       |      ^
[build] C:\Users\pperv\code\unnamed_rpg\vendor\json\include\nlohmann/detail/input/parser.hpp(34,26): warning: enumeration types with a fixed underlying type are incompatible with C++98 [-Wc++98-compat]
[build]    34 | enum class parse_event_t : std::uint8_t
[build]       |                          ^~~~~~~~~~~~~~
[build] C:\Users\pperv\code\unnamed_rpg\vendor\json\include\nlohmann/detail/input/parser.hpp(52,5): warning: alias declarations are incompatible with C++98 [-Wc++98-compat]
[build]    52 |     std::function<bool(int /*depth*/, parse_event_t /*event*/, BasicJsonType& /*parsed*/)>;
[build]       |     ^
[build] C:\Users\pperv\code\unnamed_rpg\vendor\json\include\nlohmann/detail/input/parser.hpp(62,30): warning: alias declarations are incompatible with C++98 [-Wc++98-compat]
[build]    62 |     using number_integer_t = typename BasicJsonType::number_integer_t;
[build]       |                              ^
[build] C:\Users\pperv\code\unnamed_rpg\vendor\json\include\nlohmann/detail/input/parser.hpp(63,31): warning: alias declarations are incompatible with C++98 [-Wc++98-compat]
[build]    63 |     using number_unsigned_t = typename BasicJsonType::number_unsigned_t;
[build]       |                               ^
[build] C:\Users\pperv\code\unnamed_rpg\vendor\json\include\nlohmann/detail/input/parser.hpp(64,28): warning: alias declarations are incompatible with C++98 [-Wc++98-compat]
[build]    64 |     using number_float_t = typename BasicJsonType::number_float_t;
[build]       |                            ^
[build] C:\Users\pperv\code\unnamed_rpg\vendor\json\include\nlohmann/detail/input/parser.hpp(65,22): warning: alias declarations are incompatible with C++98 [-Wc++98-compat]
[build]    65 |     using string_t = typename BasicJsonType::string_t;
[build]       |                      ^
[build] C:\Users\pperv\code\unnamed_rpg\vendor\json\include\nlohmann/detail/input/parser.hpp(66,21): warning: alias declarations are incompatible with C++98 [-Wc++98-compat]
[build]    66 |     using lexer_t = lexer<BasicJsonType, InputAdapterType>;
[build]       |                     ^
[build] C:\Users\pperv\code\unnamed_rpg\vendor\json\include\nlohmann/detail/input/parser.hpp(67,24): warning: alias declarations are incompatible with C++98 [-Wc++98-compat]
[build]    67 |     using token_type = typename lexer_t::token_type;
[build]       |                        ^
[build] C:\Users\pperv\code\unnamed_rpg\vendor\json\include\nlohmann/detail/input/parser.hpp(71,37): warning: rvalue references are incompatible with C++98 [-Wc++98-compat]
[build]    71 |     explicit parser(InputAdapterType&& adapter,
[build]       |                                     ^
[build] C:\Users\pperv\code\unnamed_rpg\vendor\json\include\nlohmann/detail/input/parser.hpp(524,53): warning: default member initializer for non-static data members is incompatible with C++98 [-Wc++98-compat]
[build]   524 |     const parser_callback_t<BasicJsonType> callback = nullptr;
[build]       |                                                     ^
[build] C:\Users\pperv\code\unnamed_rpg\vendor\json\include\nlohmann/detail/input/parser.hpp(526,27): warning: default member initializer for non-static data members is incompatible with C++98 [-Wc++98-compat]
[build]   526 |     token_type last_token = token_type::uninitialized;
[build]       |                           ^
[build] C:\Users\pperv\code\unnamed_rpg\vendor\json\include\nlohmann/detail/input/parser.hpp(530,33): warning: default member initializer for non-static data members is incompatible with C++98 [-Wc++98-compat]
[build]   530 |     const bool allow_exceptions = true;
[build]       |                                 ^
[build] C:\Users\pperv\code\unnamed_rpg\vendor\json\include\nlohmann/detail/input/parser.hpp(532,39): warning: default member initializer for non-static data members is incompatible with C++98 [-Wc++98-compat]
[build]   532 |     const bool ignore_trailing_commas = false;
[build]       |                                       ^
[build] C:\Users\pperv\code\unnamed_rpg\vendor\json\include\nlohmann/detail/input/parser.hpp(72,59): warning: 'nullptr' is incompatible with C++98 [-Wc++98-compat]
[build]    72 |                     parser_callback_t<BasicJsonType> cb = nullptr,
[build]       |                                                           ^
[build] C:\Users\pperv\code\unnamed_rpg\vendor\json\include\nlohmann/detail/input/parser.hpp(524,55): warning: 'nullptr' is incompatible with C++98 [-Wc++98-compat]
[build]   524 |     const parser_callback_t<BasicJsonType> callback = nullptr;
[build]       |                                                       ^
[build] In file included from C:\Users\pperv\code\unnamed_rpg\vendor\json-schema-validator\src\json-uri.cpp:9:
[build] In file included from C:\Users\pperv\code\unnamed_rpg\vendor\json-schema-validator\src\nlohmann/json-schema.hpp:24:
[build] In file included from C:\Users\pperv\code\unnamed_rpg\vendor\json\include\nlohmann/json.hpp:54:
[build] In file included from C:\Users\pperv\code\unnamed_rpg\vendor\json\include\nlohmann/detail/iterators/internal_iterator.hpp:12:
[build] C:\Users\pperv\code\unnamed_rpg\vendor\json\include\nlohmann/detail/iterators/primitive_iterator.hpp(16,1): warning: empty macro arguments are incompatible with C++98 [-Wc++98-compat-pedantic]
[build]    16 | NLOHMANN_JSON_NAMESPACE_BEGIN
[build]       | ^
[build] C:\Users\pperv\code\unnamed_rpg\vendor\json\include\nlohmann/detail/abi_macros.hpp(102,17): note: expanded from macro 'NLOHMANN_JSON_NAMESPACE_BEGIN'
[build]   102 |                 NLOHMANN_JSON_ABI_TAGS,              \
[build]       |                 ^
[build] C:\Users\pperv\code\unnamed_rpg\vendor\json\include\nlohmann/detail/abi_macros.hpp(65,5): note: expanded from macro 'NLOHMANN_JSON_ABI_TAGS'
[build]    65 |     NLOHMANN_JSON_ABI_TAGS_CONCAT(                                   \
[build]       |     ^
[build] C:\Users\pperv\code\unnamed_rpg\vendor\json\include\nlohmann/detail/abi_macros.hpp(62,39): note: expanded from macro 'NLOHMANN_JSON_ABI_TAGS_CONCAT'
[build]    62 |     NLOHMANN_JSON_ABI_TAGS_CONCAT_EX(a, b, c)
[build]       |                                       ^
[build] In file included from C:\Users\pperv\code\unnamed_rpg\vendor\json-schema-validator\src\json-uri.cpp:9:
[build] In file included from C:\Users\pperv\code\unnamed_rpg\vendor\json-schema-validator\src\nlohmann/json-schema.hpp:24:
[build] In file included from C:\Users\pperv\code\unnamed_rpg\vendor\json\include\nlohmann/json.hpp:54:
[build] In file included from C:\Users\pperv\code\unnamed_rpg\vendor\json\include\nlohmann/detail/iterators/internal_iterator.hpp:12:
[build] C:\Users\pperv\code\unnamed_rpg\vendor\json\include\nlohmann/detail/iterators/primitive_iterator.hpp(16,1): warning: empty macro arguments are incompatible with C++98 [-Wc++98-compat-pedantic]
[build] C:\Users\pperv\code\unnamed_rpg\vendor\json\include\nlohmann/detail/abi_macros.hpp(102,17): note: expanded from macro 'NLOHMANN_JSON_NAMESPACE_BEGIN'
[build]   102 |                 NLOHMANN_JSON_ABI_TAGS,              \
[build]       |                 ^
[build] C:\Users\pperv\code\unnamed_rpg\vendor\json\include\nlohmann/detail/abi_macros.hpp(65,5): note: expanded from macro 'NLOHMANN_JSON_ABI_TAGS'
[build]    65 |     NLOHMANN_JSON_ABI_TAGS_CONCAT(                                   \
[build]       |     ^
[build] C:\Users\pperv\code\unnamed_rpg\vendor\json\include\nlohmann/detail/abi_macros.hpp(62,42): note: expanded from macro 'NLOHMANN_JSON_ABI_TAGS_CONCAT'
[build]    62 |     NLOHMANN_JSON_ABI_TAGS_CONCAT_EX(a, b, c)
[build]       |                                          ^
[build] In file included from C:\Users\pperv\code\unnamed_rpg\vendor\json-schema-validator\src\json-uri.cpp:9:
[build] In file included from C:\Users\pperv\code\unnamed_rpg\vendor\json-schema-validator\src\nlohmann/json-schema.hpp:24:
[build] In file included from C:\Users\pperv\code\unnamed_rpg\vendor\json\include\nlohmann/json.hpp:54:
[build] In file included from C:\Users\pperv\code\unnamed_rpg\vendor\json\include\nlohmann/detail/iterators/internal_iterator.hpp:12:
[build] C:\Users\pperv\code\unnamed_rpg\vendor\json\include\nlohmann/detail/iterators/primitive_iterator.hpp(16,1): warning: empty macro arguments are incompatible with C++98 [-Wc++98-compat-pedantic]
[build] C:\Users\pperv\code\unnamed_rpg\vendor\json\include\nlohmann/detail/abi_macros.hpp(102,17): note: expanded from macro 'NLOHMANN_JSON_NAMESPACE_BEGIN'
[build]   102 |                 NLOHMANN_JSON_ABI_TAGS,              \
[build]       |                 ^
[build] C:\Users\pperv\code\unnamed_rpg\vendor\json\include\nlohmann/detail/abi_macros.hpp(65,5): note: expanded from macro 'NLOHMANN_JSON_ABI_TAGS'
[build]    65 |     NLOHMANN_JSON_ABI_TAGS_CONCAT(                                   \
[build]       |     ^
[build] C:\Users\pperv\code\unnamed_rpg\vendor\json\include\nlohmann/detail/abi_macros.hpp(62,45): note: expanded from macro 'NLOHMANN_JSON_ABI_TAGS_CONCAT'
[build]    62 |     NLOHMANN_JSON_ABI_TAGS_CONCAT_EX(a, b, c)
[build]       |                                             ^
[build] In file included from C:\Users\pperv\code\unnamed_rpg\vendor\json-schema-validator\src\json-uri.cpp:9:
[build] In file included from C:\Users\pperv\code\unnamed_rpg\vendor\json-schema-validator\src\nlohmann/json-schema.hpp:24:
[build] In file included from C:\Users\pperv\code\unnamed_rpg\vendor\json\include\nlohmann/json.hpp:54:
[build] In file included from C:\Users\pperv\code\unnamed_rpg\vendor\json\include\nlohmann/detail/iterators/internal_iterator.hpp:12:
[build] C:\Users\pperv\code\unnamed_rpg\vendor\json\include\nlohmann/detail/iterators/primitive_iterator.hpp(16,1): warning: inline namespaces are incompatible with C++98 [-Wc++98-compat]
[build] C:\Users\pperv\code\unnamed_rpg\vendor\json\include\nlohmann/detail/abi_macros.hpp(101,5): note: expanded from macro 'NLOHMANN_JSON_NAMESPACE_BEGIN'
[build]   101 |     inline namespace NLOHMANN_JSON_NAMESPACE_CONCAT( \
[build]       |     ^
[build] In file included from C:\Users\pperv\code\unnamed_rpg\vendor\json-schema-validator\src\json-uri.cpp:9:
[build] In file included from C:\Users\pperv\code\unnamed_rpg\vendor\json-schema-validator\src\nlohmann/json-schema.hpp:24:
[build] In file included from C:\Users\pperv\code\unnamed_rpg\vendor\json\include\nlohmann/json.hpp:54:
[build] In file included from C:\Users\pperv\code\unnamed_rpg\vendor\json\include\nlohmann/detail/iterators/internal_iterator.hpp:12:
[build] C:\Users\pperv\code\unnamed_rpg\vendor\json\include\nlohmann/detail/iterators/primitive_iterator.hpp(32,29): warning: alias declarations are incompatible with C++98 [-Wc++98-compat]
[build]    32 |     using difference_type = std::ptrdiff_t;
[build]       |                             ^
[build] C:\Users\pperv\code\unnamed_rpg\vendor\json\include\nlohmann/detail/iterators/primitive_iterator.hpp(33,12): warning: 'constexpr' specifier is incompatible with C++98 [-Wc++98-compat]
[build]    33 |     static constexpr difference_type begin_value = 0;
[build]       |            ^
[build] C:\Users\pperv\code\unnamed_rpg\vendor\json\include\nlohmann/detail/iterators/primitive_iterator.hpp(34,12): warning: 'constexpr' specifier is incompatible with C++98 [-Wc++98-compat]
[build]    34 |     static constexpr difference_type end_value = begin_value + 1;
[build]       |            ^
[build] C:\Users\pperv\code\unnamed_rpg\vendor\json\include\nlohmann/detail/iterators/primitive_iterator.hpp(38,26): warning: default member initializer for non-static data members is incompatible with C++98 [-Wc++98-compat]
[build]    38 |     difference_type m_it = (std::numeric_limits<std::ptrdiff_t>::min)();
[build]       |                          ^
[build] C:\Users\pperv\code\unnamed_rpg\vendor\json\include\nlohmann/detail/iterators/primitive_iterator.hpp(41,5): warning: 'constexpr' specifier is incompatible with C++98 [-Wc++98-compat]
[build]    41 |     constexpr difference_type get_value() const noexcept
[build]       |     ^
[build] C:\Users\pperv\code\unnamed_rpg\vendor\json\include\nlohmann/detail/iterators/primitive_iterator.hpp(42,5): warning: noexcept specifications are incompatible with C++98 [-Wc++98-compat]
[build]    42 |     {
[build]       |     ^
[build] C:\Users\pperv\code\unnamed_rpg\vendor\json\include\nlohmann/detail/iterators/primitive_iterator.hpp(48,5): warning: noexcept specifications are incompatible with C++98 [-Wc++98-compat]
[build]    48 |     {
[build]       |     ^
[build] C:\Users\pperv\code\unnamed_rpg\vendor\json\include\nlohmann/detail/iterators/primitive_iterator.hpp(54,5): warning: noexcept specifications are incompatible with C++98 [-Wc++98-compat]
[build]    54 |     {
[build]       |     ^
[build] C:\Users\pperv\code\unnamed_rpg\vendor\json\include\nlohmann/detail/iterators/primitive_iterator.hpp(59,5): warning: 'constexpr' specifier is incompatible with C++98 [-Wc++98-compat]
[build]    59 |     constexpr bool is_begin() const noexcept
[build]       |     ^
[build] C:\Users\pperv\code\unnamed_rpg\vendor\json\include\nlohmann/detail/iterators/primitive_iterator.hpp(60,5): warning: noexcept specifications are incompatible with C++98 [-Wc++98-compat]
[build]    60 |     {
[build]       |     ^
[build] C:\Users\pperv\code\unnamed_rpg\vendor\json\include\nlohmann/detail/iterators/primitive_iterator.hpp(65,5): warning: 'constexpr' specifier is incompatible with C++98 [-Wc++98-compat]
[build]    65 |     constexpr bool is_end() const noexcept
[build]       |     ^
[build] C:\Users\pperv\code\unnamed_rpg\vendor\json\include\nlohmann/detail/iterators/primitive_iterator.hpp(66,5): warning: noexcept specifications are incompatible with C++98 [-Wc++98-compat]
[build]    66 |     {
[build]       |     ^
[build] C:\Users\pperv\code\unnamed_rpg\vendor\json\include\nlohmann/detail/iterators/primitive_iterator.hpp(70,12): warning: 'constexpr' specifier is incompatible with C++98 [-Wc++98-compat]
[build]    70 |     friend constexpr bool operator==(primitive_iterator_t lhs, primitive_iterator_t rhs) noexcept
[build]       |            ^
[build] C:\Users\pperv\code\unnamed_rpg\vendor\json\include\nlohmann/detail/iterators/primitive_iterator.hpp(71,5): warning: noexcept specifications are incompatible with C++98 [-Wc++98-compat]
[build]    71 |     {
[build]       |     ^
[build] C:\Users\pperv\code\unnamed_rpg\vendor\json\include\nlohmann/detail/iterators/primitive_iterator.hpp(75,12): warning: 'constexpr' specifier is incompatible with C++98 [-Wc++98-compat]
[build]    75 |     friend constexpr bool operator<(primitive_iterator_t lhs, primitive_iterator_t rhs) noexcept
[build]       |            ^
[build] C:\Users\pperv\code\unnamed_rpg\vendor\json\include\nlohmann/detail/iterators/primitive_iterator.hpp(76,5): warning: noexcept specifications are incompatible with C++98 [-Wc++98-compat]
[build]    76 |     {
[build]       |     ^
[build] C:\Users\pperv\code\unnamed_rpg\vendor\json\include\nlohmann/detail/iterators/primitive_iterator.hpp(81,5): warning: noexcept specifications are incompatible with C++98 [-Wc++98-compat]
[build]    81 |     {
[build]       |     ^
[build] C:\Users\pperv\code\unnamed_rpg\vendor\json\include\nlohmann/detail/iterators/primitive_iterator.hpp(87,12): warning: 'constexpr' specifier is incompatible with C++98 [-Wc++98-compat]
[build]    87 |     friend constexpr difference_type operator-(primitive_iterator_t lhs, primitive_iterator_t rhs) noexcept
[build]       |            ^
[build] C:\Users\pperv\code\unnamed_rpg\vendor\json\include\nlohmann/detail/iterators/primitive_iterator.hpp(88,5): warning: noexcept specifications are incompatible with C++98 [-Wc++98-compat]
[build]    88 |     {
[build]       |     ^
[build] C:\Users\pperv\code\unnamed_rpg\vendor\json\include\nlohmann/detail/iterators/primitive_iterator.hpp(93,5): warning: noexcept specifications are incompatible with C++98 [-Wc++98-compat]
[build]    93 |     {
[build]       |     ^
[build] C:\Users\pperv\code\unnamed_rpg\vendor\json\include\nlohmann/detail/iterators/primitive_iterator.hpp(98,41): warning: reference qualifiers on functions are incompatible with C++98 [-Wc++98-compat]
[build]    98 |     primitive_iterator_t operator++(int)& noexcept // NOLINT(cert-dcl21-cpp)
[build]       |                                         ^
[build] C:\Users\pperv\code\unnamed_rpg\vendor\json\include\nlohmann/detail/iterators/primitive_iterator.hpp(99,5): warning: noexcept specifications are incompatible with C++98 [-Wc++98-compat]
[build]    99 |     {
[build]       |     ^
[build] C:\Users\pperv\code\unnamed_rpg\vendor\json\include\nlohmann/detail/iterators/primitive_iterator.hpp(106,5): warning: noexcept specifications are incompatible with C++98 [-Wc++98-compat]
[build]   106 |     {
[build]       |     ^
[build] C:\Users\pperv\code\unnamed_rpg\vendor\json\include\nlohmann/detail/iterators/primitive_iterator.hpp(111,41): warning: reference qualifiers on functions are incompatible with C++98 [-Wc++98-compat]
[build]   111 |     primitive_iterator_t operator--(int)& noexcept // NOLINT(cert-dcl21-cpp)
[build]       |                                         ^
[build] C:\Users\pperv\code\unnamed_rpg\vendor\json\include\nlohmann/detail/iterators/primitive_iterator.hpp(112,5): warning: noexcept specifications are incompatible with C++98 [-Wc++98-compat]
[build]   112 |     {
[build]       |     ^
[build] C:\Users\pperv\code\unnamed_rpg\vendor\json\include\nlohmann/detail/iterators/primitive_iterator.hpp(119,5): warning: noexcept specifications are incompatible with C++98 [-Wc++98-compat]
[build]   119 |     {
[build]       |     ^
[build] C:\Users\pperv\code\unnamed_rpg\vendor\json\include\nlohmann/detail/iterators/primitive_iterator.hpp(125,5): warning: noexcept specifications are incompatible with C++98 [-Wc++98-compat]
[build]   125 |     {
[build]       |     ^
[build] C:\Users\pperv\code\unnamed_rpg\vendor\json\include\nlohmann/detail/iterators/primitive_iterator.hpp(82,9): warning: 'auto' type specifier is incompatible with C++98 [-Wc++98-compat]
[build]    82 |         auto result = *this;
[build]       |         ^~~~
[build] C:\Users\pperv\code\unnamed_rpg\vendor\json\include\nlohmann/detail/iterators/primitive_iterator.hpp(100,9): warning: 'auto' type specifier is incompatible with C++98 [-Wc++98-compat]
[build]   100 |         auto result = *this;
[build]       |         ^~~~
[build] C:\Users\pperv\code\unnamed_rpg\vendor\json\include\nlohmann/detail/iterators/primitive_iterator.hpp(113,9): warning: 'auto' type specifier is incompatible with C++98 [-Wc++98-compat]
[build]   113 |         auto result = *this;
[build]       |         ^~~~
[build] In file included from C:\Users\pperv\code\unnamed_rpg\vendor\json-schema-validator\src\json-uri.cpp:9:
[build] In file included from C:\Users\pperv\code\unnamed_rpg\vendor\json-schema-validator\src\nlohmann/json-schema.hpp:24:
[build] In file included from C:\Users\pperv\code\unnamed_rpg\vendor\json\include\nlohmann/json.hpp:54:
[build] C:\Users\pperv\code\unnamed_rpg\vendor\json\include\nlohmann/detail/iterators/internal_iterator.hpp(14,1): warning: empty macro arguments are incompatible with C++98 [-Wc++98-compat-pedantic]
[build]    14 | NLOHMANN_JSON_NAMESPACE_BEGIN
[build]       | ^
[build] C:\Users\pperv\code\unnamed_rpg\vendor\json\include\nlohmann/detail/abi_macros.hpp(102,17): note: expanded from macro 'NLOHMANN_JSON_NAMESPACE_BEGIN'
[build]   102 |                 NLOHMANN_JSON_ABI_TAGS,              \
[build]       |                 ^
[build] C:\Users\pperv\code\unnamed_rpg\vendor\json\include\nlohmann/detail/abi_macros.hpp(65,5): note: expanded from macro 'NLOHMANN_JSON_ABI_TAGS'
[build]    65 |     NLOHMANN_JSON_ABI_TAGS_CONCAT(                                   \
[build]       |     ^
[build] C:\Users\pperv\code\unnamed_rpg\vendor\json\include\nlohmann/detail/abi_macros.hpp(62,39): note: expanded from macro 'NLOHMANN_JSON_ABI_TAGS_CONCAT'
[build]    62 |     NLOHMANN_JSON_ABI_TAGS_CONCAT_EX(a, b, c)
[build]       |                                       ^
[build] In file included from C:\Users\pperv\code\unnamed_rpg\vendor\json-schema-validator\src\json-uri.cpp:9:
[build] In file included from C:\Users\pperv\code\unnamed_rpg\vendor\json-schema-validator\src\nlohmann/json-schema.hpp:24:
[build] In file included from C:\Users\pperv\code\unnamed_rpg\vendor\json\include\nlohmann/json.hpp:54:
[build] C:\Users\pperv\code\unnamed_rpg\vendor\json\include\nlohmann/detail/iterators/internal_iterator.hpp(14,1): warning: empty macro arguments are incompatible with C++98 [-Wc++98-compat-pedantic]
[build] C:\Users\pperv\code\unnamed_rpg\vendor\json\include\nlohmann/detail/abi_macros.hpp(102,17): note: expanded from macro 'NLOHMANN_JSON_NAMESPACE_BEGIN'
[build]   102 |                 NLOHMANN_JSON_ABI_TAGS,              \
[build]       |                 ^
[build] C:\Users\pperv\code\unnamed_rpg\vendor\json\include\nlohmann/detail/abi_macros.hpp(65,5): note: expanded from macro 'NLOHMANN_JSON_ABI_TAGS'
[build]    65 |     NLOHMANN_JSON_ABI_TAGS_CONCAT(                                   \
[build]       |     ^
[build] C:\Users\pperv\code\unnamed_rpg\vendor\json\include\nlohmann/detail/abi_macros.hpp(62,42): note: expanded from macro 'NLOHMANN_JSON_ABI_TAGS_CONCAT'
[build]    62 |     NLOHMANN_JSON_ABI_TAGS_CONCAT_EX(a, b, c)
[build]       |                                          ^
[build] In file included from C:\Users\pperv\code\unnamed_rpg\vendor\json-schema-validator\src\json-uri.cpp:9:
[build] In file included from C:\Users\pperv\code\unnamed_rpg\vendor\json-schema-validator\src\nlohmann/json-schema.hpp:24:
[build] In file included from C:\Users\pperv\code\unnamed_rpg\vendor\json\include\nlohmann/json.hpp:54:
[build] C:\Users\pperv\code\unnamed_rpg\vendor\json\include\nlohmann/detail/iterators/internal_iterator.hpp(14,1): warning: empty macro arguments are incompatible with C++98 [-Wc++98-compat-pedantic]
[build] C:\Users\pperv\code\unnamed_rpg\vendor\json\include\nlohmann/detail/abi_macros.hpp(102,17): note: expanded from macro 'NLOHMANN_JSON_NAMESPACE_BEGIN'
[build]   102 |                 NLOHMANN_JSON_ABI_TAGS,              \
[build]       |                 ^
[build] C:\Users\pperv\code\unnamed_rpg\vendor\json\include\nlohmann/detail/abi_macros.hpp(65,5): note: expanded from macro 'NLOHMANN_JSON_ABI_TAGS'
[build]    65 |     NLOHMANN_JSON_ABI_TAGS_CONCAT(                                   \
[build]       |     ^
[build] C:\Users\pperv\code\unnamed_rpg\vendor\json\include\nlohmann/detail/abi_macros.hpp(62,45): note: expanded from macro 'NLOHMANN_JSON_ABI_TAGS_CONCAT'
[build]    62 |     NLOHMANN_JSON_ABI_TAGS_CONCAT_EX(a, b, c)
[build]       |                                             ^
[build] In file included from C:\Users\pperv\code\unnamed_rpg\vendor\json-schema-validator\src\json-uri.cpp:9:
[build] In file included from C:\Users\pperv\code\unnamed_rpg\vendor\json-schema-validator\src\nlohmann/json-schema.hpp:24:
[build] In file included from C:\Users\pperv\code\unnamed_rpg\vendor\json\include\nlohmann/json.hpp:54:
[build] C:\Users\pperv\code\unnamed_rpg\vendor\json\include\nlohmann/detail/iterators/internal_iterator.hpp(14,1): warning: inline namespaces are incompatible with C++98 [-Wc++98-compat]
[build] C:\Users\pperv\code\unnamed_rpg\vendor\json\include\nlohmann/detail/abi_macros.hpp(101,5): note: expanded from macro 'NLOHMANN_JSON_NAMESPACE_BEGIN'
[build]   101 |     inline namespace NLOHMANN_JSON_NAMESPACE_CONCAT( \
[build]       |     ^
[build] In file included from C:\Users\pperv\code\unnamed_rpg\vendor\json-schema-validator\src\json-uri.cpp:9:
[build] In file included from C:\Users\pperv\code\unnamed_rpg\vendor\json-schema-validator\src\nlohmann/json-schema.hpp:24:
[build] In file included from C:\Users\pperv\code\unnamed_rpg\vendor\json\include\nlohmann/json.hpp:54:
[build] C:\Users\pperv\code\unnamed_rpg\vendor\json\include\nlohmann/detail/iterators/internal_iterator.hpp(27,64): warning: default member initializer for non-static data members is incompatible with C++98 [-Wc++98-compat]
[build]    27 |     typename BasicJsonType::object_t::iterator object_iterator {};
[build]       |                                                                ^
[build] C:\Users\pperv\code\unnamed_rpg\vendor\json\include\nlohmann/detail/iterators/internal_iterator.hpp(29,62): warning: default member initializer for non-static data members is incompatible with C++98 [-Wc++98-compat]
[build]    29 |     typename BasicJsonType::array_t::iterator array_iterator {};
[build]       |                                                              ^
[build] C:\Users\pperv\code\unnamed_rpg\vendor\json\include\nlohmann/detail/iterators/internal_iterator.hpp(31,45): warning: default member initializer for non-static data members is incompatible with C++98 [-Wc++98-compat]
[build]    31 |     primitive_iterator_t primitive_iterator {};
[build]       |                                             ^
[build] C:\Users\pperv\code\unnamed_rpg\vendor\json\include\nlohmann/detail/iterators/internal_iterator.hpp(31,45): warning: constructor call from initializer list is incompatible with C++98 [-Wc++98-compat]
[build]    31 |     primitive_iterator_t primitive_iterator {};
[build]       |                                             ^~
[build] In file included from C:\Users\pperv\code\unnamed_rpg\vendor\json-schema-validator\src\json-uri.cpp:9:
[build] In file included from C:\Users\pperv\code\unnamed_rpg\vendor\json-schema-validator\src\nlohmann/json-schema.hpp:24:
[build] In file included from C:\Users\pperv\code\unnamed_rpg\vendor\json\include\nlohmann/json.hpp:55:
[build] C:\Users\pperv\code\unnamed_rpg\vendor\json\include\nlohmann/detail/iterators/iter_impl.hpp(22,1): warning: empty macro arguments are incompatible with C++98 [-Wc++98-compat-pedantic]
[build]    22 | NLOHMANN_JSON_NAMESPACE_BEGIN
[build]       | ^
[build] C:\Users\pperv\code\unnamed_rpg\vendor\json\include\nlohmann/detail/abi_macros.hpp(102,17): note: expanded from macro 'NLOHMANN_JSON_NAMESPACE_BEGIN'
[build]   102 |                 NLOHMANN_JSON_ABI_TAGS,              \
[build]       |                 ^
[build] C:\Users\pperv\code\unnamed_rpg\vendor\json\include\nlohmann/detail/abi_macros.hpp(65,5): note: expanded from macro 'NLOHMANN_JSON_ABI_TAGS'
[build]    65 |     NLOHMANN_JSON_ABI_TAGS_CONCAT(                                   \
[build]       |     ^
[build] C:\Users\pperv\code\unnamed_rpg\vendor\json\include\nlohmann/detail/abi_macros.hpp(62,39): note: expanded from macro 'NLOHMANN_JSON_ABI_TAGS_CONCAT'
[build]    62 |     NLOHMANN_JSON_ABI_TAGS_CONCAT_EX(a, b, c)
[build]       |                                       ^
[build] In file included from C:\Users\pperv\code\unnamed_rpg\vendor\json-schema-validator\src\json-uri.cpp:9:
[build] In file included from C:\Users\pperv\code\unnamed_rpg\vendor\json-schema-validator\src\nlohmann/json-schema.hpp:24:
[build] In file included from C:\Users\pperv\code\unnamed_rpg\vendor\json\include\nlohmann/json.hpp:55:
[build] C:\Users\pperv\code\unnamed_rpg\vendor\json\include\nlohmann/detail/iterators/iter_impl.hpp(22,1): warning: empty macro arguments are incompatible with C++98 [-Wc++98-compat-pedantic]
[build] C:\Users\pperv\code\unnamed_rpg\vendor\json\include\nlohmann/detail/abi_macros.hpp(102,17): note: expanded from macro 'NLOHMANN_JSON_NAMESPACE_BEGIN'
[build]   102 |                 NLOHMANN_JSON_ABI_TAGS,              \
[build]       |                 ^
[build] C:\Users\pperv\code\unnamed_rpg\vendor\json\include\nlohmann/detail/abi_macros.hpp(65,5): note: expanded from macro 'NLOHMANN_JSON_ABI_TAGS'
[build]    65 |     NLOHMANN_JSON_ABI_TAGS_CONCAT(                                   \
[build]       |     ^
[build] C:\Users\pperv\code\unnamed_rpg\vendor\json\include\nlohmann/detail/abi_macros.hpp(62,42): note: expanded from macro 'NLOHMANN_JSON_ABI_TAGS_CONCAT'
[build]    62 |     NLOHMANN_JSON_ABI_TAGS_CONCAT_EX(a, b, c)
[build]       |                                          ^
[build] In file included from C:\Users\pperv\code\unnamed_rpg\vendor\json-schema-validator\src\json-uri.cpp:9:
[build] In file included from C:\Users\pperv\code\unnamed_rpg\vendor\json-schema-validator\src\nlohmann/json-schema.hpp:24:
[build] In file included from C:\Users\pperv\code\unnamed_rpg\vendor\json\include\nlohmann/json.hpp:55:
[build] C:\Users\pperv\code\unnamed_rpg\vendor\json\include\nlohmann/detail/iterators/iter_impl.hpp(22,1): warning: empty macro arguments are incompatible with C++98 [-Wc++98-compat-pedantic]
[build] C:\Users\pperv\code\unnamed_rpg\vendor\json\include\nlohmann/detail/abi_macros.hpp(102,17): note: expanded from macro 'NLOHMANN_JSON_NAMESPACE_BEGIN'
[build]   102 |                 NLOHMANN_JSON_ABI_TAGS,              \
[build]       |                 ^
[build] C:\Users\pperv\code\unnamed_rpg\vendor\json\include\nlohmann/detail/abi_macros.hpp(65,5): note: expanded from macro 'NLOHMANN_JSON_ABI_TAGS'
[build]    65 |     NLOHMANN_JSON_ABI_TAGS_CONCAT(                                   \
[build]       |     ^
[build] C:\Users\pperv\code\unnamed_rpg\vendor\json\include\nlohmann/detail/abi_macros.hpp(62,45): note: expanded from macro 'NLOHMANN_JSON_ABI_TAGS_CONCAT'
[build]    62 |     NLOHMANN_JSON_ABI_TAGS_CONCAT_EX(a, b, c)
[build]       |                                             ^
[build] In file included from C:\Users\pperv\code\unnamed_rpg\vendor\json-schema-validator\src\json-uri.cpp:9:
[build] In file included from C:\Users\pperv\code\unnamed_rpg\vendor\json-schema-validator\src\nlohmann/json-schema.hpp:24:
[build] In file included from C:\Users\pperv\code\unnamed_rpg\vendor\json\include\nlohmann/json.hpp:55:
[build] C:\Users\pperv\code\unnamed_rpg\vendor\json\include\nlohmann/detail/iterators/iter_impl.hpp(22,1): warning: inline namespaces are incompatible with C++98 [-Wc++98-compat]
[build] C:\Users\pperv\code\unnamed_rpg\vendor\json\include\nlohmann/detail/abi_macros.hpp(101,5): note: expanded from macro 'NLOHMANN_JSON_NAMESPACE_BEGIN'
[build]   101 |     inline namespace NLOHMANN_JSON_NAMESPACE_CONCAT( \
[build]       |     ^
[build] In file included from C:\Users\pperv\code\unnamed_rpg\vendor\json-schema-validator\src\json-uri.cpp:9:
[build] In file included from C:\Users\pperv\code\unnamed_rpg\vendor\json-schema-validator\src\nlohmann/json-schema.hpp:24:
[build] In file included from C:\Users\pperv\code\unnamed_rpg\vendor\json\include\nlohmann/json.hpp:55:
[build] C:\Users\pperv\code\unnamed_rpg\vendor\json\include\nlohmann/detail/iterators/iter_impl.hpp(50,29): warning: alias declarations are incompatible with C++98 [-Wc++98-compat]
[build]    50 |     using other_iter_impl = iter_impl<typename std::conditional<std::is_const<BasicJsonType>::value, typename std::remove_const<BasicJsonType>::type, const BasicJsonType>::type>;
[build]       |                             ^
[build] C:\Users\pperv\code\unnamed_rpg\vendor\json\include\nlohmann/detail/iterators/iter_impl.hpp(52,5): warning: non-class friend type 'other_iter_impl' (aka 'iter_impl<typename std::conditional<std::is_const<BasicJsonType>::value, typename std::remove_const<BasicJsonType>::type, const BasicJsonType>::type>') is incompatible with C++98 [-Wc++98-compat]
[build]    52 |     friend other_iter_impl;
[build]       |     ^~~~~~~~~~~~~~~~~~~~~~
[build] C:\Users\pperv\code\unnamed_rpg\vendor\json\include\nlohmann/detail/iterators/iter_impl.hpp(53,5): warning: non-class friend type 'BasicJsonType' is incompatible with C++98 [-Wc++98-compat]
[build]    53 |     friend BasicJsonType;
[build]       |     ^~~~~~~~~~~~~~~~~~~~
[build] C:\Users\pperv\code\unnamed_rpg\vendor\json\include\nlohmann/detail/iterators/iter_impl.hpp(54,5): warning: non-class friend type 'iteration_proxy<iter_impl<BasicJsonType>>' is incompatible with C++98 [-Wc++98-compat]
[build]    54 |     friend iteration_proxy<iter_impl>;
[build]       |     ^~~~~~~~~~~~~~~~~~~~~~~~~~~~~~~~~
[build] C:\Users\pperv\code\unnamed_rpg\vendor\json\include\nlohmann/detail/iterators/iter_impl.hpp(55,5): warning: non-class friend type 'iteration_proxy_value<iter_impl<BasicJsonType>>' is incompatible with C++98 [-Wc++98-compat]
[build]    55 |     friend iteration_proxy_value<iter_impl>;
[build]       |     ^~~~~~~~~~~~~~~~~~~~~~~~~~~~~~~~~~~~~~~
[build] C:\Users\pperv\code\unnamed_rpg\vendor\json\include\nlohmann/detail/iterators/iter_impl.hpp(57,22): warning: alias declarations are incompatible with C++98 [-Wc++98-compat]
[build]    57 |     using object_t = typename BasicJsonType::object_t;
[build]       |                      ^
[build] C:\Users\pperv\code\unnamed_rpg\vendor\json\include\nlohmann/detail/iterators/iter_impl.hpp(58,21): warning: alias declarations are incompatible with C++98 [-Wc++98-compat]
[build]    58 |     using array_t = typename BasicJsonType::array_t;
[build]       |                     ^
[build] C:\Users\pperv\code\unnamed_rpg\vendor\json\include\nlohmann/detail/iterators/iter_impl.hpp(60,5): warning: 'static_assert' declarations are incompatible with C++98 [-Wc++98-compat]
[build]    60 |     static_assert(is_basic_json<typename std::remove_const<BasicJsonType>::type>::value,
[build]       |     ^
[build] C:\Users\pperv\code\unnamed_rpg\vendor\json\include\nlohmann/detail/iterators/iter_impl.hpp(63,5): warning: 'static_assert' declarations are incompatible with C++98 [-Wc++98-compat]
[build]    63 |     static_assert(std::is_base_of<std::bidirectional_iterator_tag, std::bidirectional_iterator_tag>::value
[build]       |     ^
[build] C:\Users\pperv\code\unnamed_rpg\vendor\json\include\nlohmann/detail/iterators/iter_impl.hpp(73,31): warning: alias declarations are incompatible with C++98 [-Wc++98-compat]
[build]    73 |     using iterator_category = std::bidirectional_iterator_tag;
[build]       |                               ^
[build] C:\Users\pperv\code\unnamed_rpg\vendor\json\include\nlohmann/detail/iterators/iter_impl.hpp(76,24): warning: alias declarations are incompatible with C++98 [-Wc++98-compat]
[build]    76 |     using value_type = typename BasicJsonType::value_type;
[build]       |                        ^
[build] C:\Users\pperv\code\unnamed_rpg\vendor\json\include\nlohmann/detail/iterators/iter_impl.hpp(78,29): warning: alias declarations are incompatible with C++98 [-Wc++98-compat]
[build]    78 |     using difference_type = typename BasicJsonType::difference_type;
[build]       |                             ^
[build] C:\Users\pperv\code\unnamed_rpg\vendor\json\include\nlohmann/detail/iterators/iter_impl.hpp(80,21): warning: alias declarations are incompatible with C++98 [-Wc++98-compat]
[build]    80 |     using pointer = typename std::conditional<std::is_const<BasicJsonType>::value,
[build]       |                     ^
[build] C:\Users\pperv\code\unnamed_rpg\vendor\json\include\nlohmann/detail/iterators/iter_impl.hpp(85,9): warning: alias declarations are incompatible with C++98 [-Wc++98-compat]
[build]    85 |         typename std::conditional<std::is_const<BasicJsonType>::value,
[build]       |         ^
[build] C:\Users\pperv\code\unnamed_rpg\vendor\json\include\nlohmann/detail/iterators/iter_impl.hpp(89,19): warning: defaulted function definitions are incompatible with C++98 [-Wc++98-compat]
[build]    89 |     iter_impl() = default;
[build]       |                   ^
[build] C:\Users\pperv\code\unnamed_rpg\vendor\json\include\nlohmann/detail/iterators/iter_impl.hpp(90,20): warning: defaulted function definitions are incompatible with C++98 [-Wc++98-compat]
[build]    90 |     ~iter_impl() = default;
[build]       |                    ^
[build] C:\Users\pperv\code\unnamed_rpg\vendor\json\include\nlohmann/detail/iterators/iter_impl.hpp(91,24): warning: rvalue references are incompatible with C++98 [-Wc++98-compat]
[build]    91 |     iter_impl(iter_impl&&) noexcept = default;
[build]       |                        ^
[build] C:\Users\pperv\code\unnamed_rpg\vendor\json\include\nlohmann/detail/iterators/iter_impl.hpp(91,37): warning: noexcept specifications are incompatible with C++98 [-Wc++98-compat]
[build]    91 |     iter_impl(iter_impl&&) noexcept = default;
[build]       |                                     ^
[build] C:\Users\pperv\code\unnamed_rpg\vendor\json\include\nlohmann/detail/iterators/iter_impl.hpp(91,39): warning: defaulted function definitions are incompatible with C++98 [-Wc++98-compat]
[build]    91 |     iter_impl(iter_impl&&) noexcept = default;
[build]       |                                       ^
[build] C:\Users\pperv\code\unnamed_rpg\vendor\json\include\nlohmann/detail/iterators/iter_impl.hpp(92,35): warning: rvalue references are incompatible with C++98 [-Wc++98-compat]
[build]    92 |     iter_impl& operator=(iter_impl&&) noexcept = default;
[build]       |                                   ^
[build] C:\Users\pperv\code\unnamed_rpg\vendor\json\include\nlohmann/detail/iterators/iter_impl.hpp(92,48): warning: noexcept specifications are incompatible with C++98 [-Wc++98-compat]
[build]    92 |     iter_impl& operator=(iter_impl&&) noexcept = default;
[build]       |                                                ^
[build] C:\Users\pperv\code\unnamed_rpg\vendor\json\include\nlohmann/detail/iterators/iter_impl.hpp(92,50): warning: defaulted function definitions are incompatible with C++98 [-Wc++98-compat]
[build]    92 |     iter_impl& operator=(iter_impl&&) noexcept = default;
[build]       |                                                  ^
[build] C:\Users\pperv\code\unnamed_rpg\vendor\json\include\nlohmann/detail/iterators/iter_impl.hpp(100,49): warning: noexcept specifications are incompatible with C++98 [-Wc++98-compat]
[build]   100 |     explicit iter_impl(pointer object) noexcept : m_object(object)
[build]       |                                                 ^
[build] C:\Users\pperv\code\unnamed_rpg\vendor\json\include\nlohmann/detail/iterators/iter_impl.hpp(151,9): warning: noexcept specifications are incompatible with C++98 [-Wc++98-compat]
[build]   151 |         : m_object(other.m_object), m_it(other.m_it)
[build]       |         ^
[build] C:\Users\pperv\code\unnamed_rpg\vendor\json\include\nlohmann/detail/iterators/iter_impl.hpp(161,5): warning: noexcept specifications are incompatible with C++98 [-Wc++98-compat]
[build]   161 |     {
[build]       |     ^
[build] C:\Users\pperv\code\unnamed_rpg\vendor\json\include\nlohmann/detail/iterators/iter_impl.hpp(176,9): warning: noexcept specifications are incompatible with C++98 [-Wc++98-compat]
[build]   176 |         : m_object(other.m_object), m_it(other.m_it)
[build]       |         ^
[build] C:\Users\pperv\code\unnamed_rpg\vendor\json\include\nlohmann/detail/iterators/iter_impl.hpp(186,5): warning: noexcept specifications are incompatible with C++98 [-Wc++98-compat]
[build]   186 |     {
[build]       |     ^
[build] C:\Users\pperv\code\unnamed_rpg\vendor\json\include\nlohmann/detail/iterators/iter_impl.hpp(198,5): warning: noexcept specifications are incompatible with C++98 [-Wc++98-compat]
[build]   198 |     {
[build]       |     ^
[build] C:\Users\pperv\code\unnamed_rpg\vendor\json\include\nlohmann/detail/iterators/iter_impl.hpp(242,5): warning: noexcept specifications are incompatible with C++98 [-Wc++98-compat]
[build]   242 |     {
[build]       |     ^
[build] C:\Users\pperv\code\unnamed_rpg\vendor\json\include\nlohmann/detail/iterators/iter_impl.hpp(366,30): warning: reference qualifiers on functions are incompatible with C++98 [-Wc++98-compat]
[build]   366 |     iter_impl operator++(int)& // NOLINT(cert-dcl21-cpp)
[build]       |                              ^
[build] C:\Users\pperv\code\unnamed_rpg\vendor\json\include\nlohmann/detail/iterators/iter_impl.hpp(417,30): warning: reference qualifiers on functions are incompatible with C++98 [-Wc++98-compat]
[build]   417 |     iter_impl operator--(int)& // NOLINT(cert-dcl21-cpp)
[build]       |                              ^
[build] C:\Users\pperv\code\unnamed_rpg\vendor\json\include\nlohmann/detail/iterators/iter_impl.hpp(468,170): warning: 'nullptr' is incompatible with C++98 [-Wc++98-compat]
[build]   468 |     template < typename IterImpl, detail::enable_if_t < (std::is_same<IterImpl, iter_impl>::value || std::is_same<IterImpl, other_iter_impl>::value), std::nullptr_t > = nullptr >
[build]       |                                                                                                                                                                          ^
[build] C:\Users\pperv\code\unnamed_rpg\vendor\json\include\nlohmann/detail/iterators/iter_impl.hpp(468,168): warning: default template arguments for a function template are incompatible with C++98 [-Wc++98-compat]
[build]   468 |     template < typename IterImpl, detail::enable_if_t < (std::is_same<IterImpl, iter_impl>::value || std::is_same<IterImpl, other_iter_impl>::value), std::nullptr_t > = nullptr >
[build]       |                                                                                                                                                                        ^ ~~~~~~~
[build] C:\Users\pperv\code\unnamed_rpg\vendor\json\include\nlohmann/detail/iterators/iter_impl.hpp(508,170): warning: 'nullptr' is incompatible with C++98 [-Wc++98-compat]
[build]   508 |     template < typename IterImpl, detail::enable_if_t < (std::is_same<IterImpl, iter_impl>::value || std::is_same<IterImpl, other_iter_impl>::value), std::nullptr_t > = nullptr >
[build]       |                                                                                                                                                                          ^
[build] C:\Users\pperv\code\unnamed_rpg\vendor\json\include\nlohmann/detail/iterators/iter_impl.hpp(508,168): warning: default template arguments for a function template are incompatible with C++98 [-Wc++98-compat]
[build]   508 |     template < typename IterImpl, detail::enable_if_t < (std::is_same<IterImpl, iter_impl>::value || std::is_same<IterImpl, other_iter_impl>::value), std::nullptr_t > = nullptr >
[build]       |                                                                                                                                                                        ^ ~~~~~~~
[build] C:\Users\pperv\code\unnamed_rpg\vendor\json\include\nlohmann/detail/iterators/iter_impl.hpp(754,22): warning: default member initializer for non-static data members is incompatible with C++98 [-Wc++98-compat]
[build]   754 |     pointer m_object = nullptr;
[build]       |                      ^
[build] C:\Users\pperv\code\unnamed_rpg\vendor\json\include\nlohmann/detail/iterators/iter_impl.hpp(756,77): warning: default member initializer for non-static data members is incompatible with C++98 [-Wc++98-compat]
[build]   756 |     internal_iterator<typename std::remove_const<BasicJsonType>::type> m_it {};
[build]       |                                                                             ^
[build] C:\Users\pperv\code\unnamed_rpg\vendor\json\include\nlohmann/detail/iterators/iter_impl.hpp(754,24): warning: 'nullptr' is incompatible with C++98 [-Wc++98-compat]
[build]   754 |     pointer m_object = nullptr;
[build]       |                        ^
[build] In file included from C:\Users\pperv\code\unnamed_rpg\vendor\json-schema-validator\src\json-uri.cpp:9:
[build] In file included from C:\Users\pperv\code\unnamed_rpg\vendor\json-schema-validator\src\nlohmann/json-schema.hpp:24:
[build] In file included from C:\Users\pperv\code\unnamed_rpg\vendor\json\include\nlohmann/json.hpp:57:
[build] C:\Users\pperv\code\unnamed_rpg\vendor\json\include\nlohmann/detail/iterators/json_reverse_iterator.hpp(17,1): warning: empty macro arguments are incompatible with C++98 [-Wc++98-compat-pedantic]
[build]    17 | NLOHMANN_JSON_NAMESPACE_BEGIN
[build]       | ^
[build] C:\Users\pperv\code\unnamed_rpg\vendor\json\include\nlohmann/detail/abi_macros.hpp(102,17): note: expanded from macro 'NLOHMANN_JSON_NAMESPACE_BEGIN'
[build]   102 |                 NLOHMANN_JSON_ABI_TAGS,              \
[build]       |                 ^
[build] C:\Users\pperv\code\unnamed_rpg\vendor\json\include\nlohmann/detail/abi_macros.hpp(65,5): note: expanded from macro 'NLOHMANN_JSON_ABI_TAGS'
[build]    65 |     NLOHMANN_JSON_ABI_TAGS_CONCAT(                                   \
[build]       |     ^
[build] C:\Users\pperv\code\unnamed_rpg\vendor\json\include\nlohmann/detail/abi_macros.hpp(62,39): note: expanded from macro 'NLOHMANN_JSON_ABI_TAGS_CONCAT'
[build]    62 |     NLOHMANN_JSON_ABI_TAGS_CONCAT_EX(a, b, c)
[build]       |                                       ^
[build] In file included from C:\Users\pperv\code\unnamed_rpg\vendor\json-schema-validator\src\json-uri.cpp:9:
[build] In file included from C:\Users\pperv\code\unnamed_rpg\vendor\json-schema-validator\src\nlohmann/json-schema.hpp:24:
[build] In file included from C:\Users\pperv\code\unnamed_rpg\vendor\json\include\nlohmann/json.hpp:57:
[build] C:\Users\pperv\code\unnamed_rpg\vendor\json\include\nlohmann/detail/iterators/json_reverse_iterator.hpp(17,1): warning: empty macro arguments are incompatible with C++98 [-Wc++98-compat-pedantic]
[build] C:\Users\pperv\code\unnamed_rpg\vendor\json\include\nlohmann/detail/abi_macros.hpp(102,17): note: expanded from macro 'NLOHMANN_JSON_NAMESPACE_BEGIN'
[build]   102 |                 NLOHMANN_JSON_ABI_TAGS,              \
[build]       |                 ^
[build] C:\Users\pperv\code\unnamed_rpg\vendor\json\include\nlohmann/detail/abi_macros.hpp(65,5): note: expanded from macro 'NLOHMANN_JSON_ABI_TAGS'
[build]    65 |     NLOHMANN_JSON_ABI_TAGS_CONCAT(                                   \
[build]       |     ^
[build] C:\Users\pperv\code\unnamed_rpg\vendor\json\include\nlohmann/detail/abi_macros.hpp(62,42): note: expanded from macro 'NLOHMANN_JSON_ABI_TAGS_CONCAT'
[build]    62 |     NLOHMANN_JSON_ABI_TAGS_CONCAT_EX(a, b, c)
[build]       |                                          ^
[build] In file included from C:\Users\pperv\code\unnamed_rpg\vendor\json-schema-validator\src\json-uri.cpp:9:
[build] In file included from C:\Users\pperv\code\unnamed_rpg\vendor\json-schema-validator\src\nlohmann/json-schema.hpp:24:
[build] In file included from C:\Users\pperv\code\unnamed_rpg\vendor\json\include\nlohmann/json.hpp:57:
[build] C:\Users\pperv\code\unnamed_rpg\vendor\json\include\nlohmann/detail/iterators/json_reverse_iterator.hpp(17,1): warning: empty macro arguments are incompatible with C++98 [-Wc++98-compat-pedantic]
[build] C:\Users\pperv\code\unnamed_rpg\vendor\json\include\nlohmann/detail/abi_macros.hpp(102,17): note: expanded from macro 'NLOHMANN_JSON_NAMESPACE_BEGIN'
[build]   102 |                 NLOHMANN_JSON_ABI_TAGS,              \
[build]       |                 ^
[build] C:\Users\pperv\code\unnamed_rpg\vendor\json\include\nlohmann/detail/abi_macros.hpp(65,5): note: expanded from macro 'NLOHMANN_JSON_ABI_TAGS'
[build]    65 |     NLOHMANN_JSON_ABI_TAGS_CONCAT(                                   \
[build]       |     ^
[build] C:\Users\pperv\code\unnamed_rpg\vendor\json\include\nlohmann/detail/abi_macros.hpp(62,45): note: expanded from macro 'NLOHMANN_JSON_ABI_TAGS_CONCAT'
[build]    62 |     NLOHMANN_JSON_ABI_TAGS_CONCAT_EX(a, b, c)
[build]       |                                             ^
[build] In file included from C:\Users\pperv\code\unnamed_rpg\vendor\json-schema-validator\src\json-uri.cpp:9:
[build] In file included from C:\Users\pperv\code\unnamed_rpg\vendor\json-schema-validator\src\nlohmann/json-schema.hpp:24:
[build] In file included from C:\Users\pperv\code\unnamed_rpg\vendor\json\include\nlohmann/json.hpp:57:
[build] C:\Users\pperv\code\unnamed_rpg\vendor\json\include\nlohmann/detail/iterators/json_reverse_iterator.hpp(17,1): warning: inline namespaces are incompatible with C++98 [-Wc++98-compat]
[build] C:\Users\pperv\code\unnamed_rpg\vendor\json\include\nlohmann/detail/abi_macros.hpp(101,5): note: expanded from macro 'NLOHMANN_JSON_NAMESPACE_BEGIN'
[build]   101 |     inline namespace NLOHMANN_JSON_NAMESPACE_CONCAT( \
[build]       |     ^
[build] In file included from C:\Users\pperv\code\unnamed_rpg\vendor\json-schema-validator\src\json-uri.cpp:9:
[build] In file included from C:\Users\pperv\code\unnamed_rpg\vendor\json-schema-validator\src\nlohmann/json-schema.hpp:24:
[build] In file included from C:\Users\pperv\code\unnamed_rpg\vendor\json\include\nlohmann/json.hpp:57:
[build] C:\Users\pperv\code\unnamed_rpg\vendor\json\include\nlohmann/detail/iterators/json_reverse_iterator.hpp(47,29): warning: alias declarations are incompatible with C++98 [-Wc++98-compat]
[build]    47 |     using difference_type = std::ptrdiff_t;
[build]       |                             ^
[build] C:\Users\pperv\code\unnamed_rpg\vendor\json\include\nlohmann/detail/iterators/json_reverse_iterator.hpp(49,27): warning: alias declarations are incompatible with C++98 [-Wc++98-compat]
[build]    49 |     using base_iterator = std::reverse_iterator<Base>;
[build]       |                           ^
[build] C:\Users\pperv\code\unnamed_rpg\vendor\json\include\nlohmann/detail/iterators/json_reverse_iterator.hpp(51,23): warning: alias declarations are incompatible with C++98 [-Wc++98-compat]
[build]    51 |     using reference = typename Base::reference;
[build]       |                       ^
[build] C:\Users\pperv\code\unnamed_rpg\vendor\json\include\nlohmann/detail/iterators/json_reverse_iterator.hpp(55,9): warning: noexcept specifications are incompatible with C++98 [-Wc++98-compat]
[build]    55 |         : base_iterator(it) {}
[build]       |         ^
[build] C:\Users\pperv\code\unnamed_rpg\vendor\json\include\nlohmann/detail/iterators/json_reverse_iterator.hpp(58,70): warning: noexcept specifications are incompatible with C++98 [-Wc++98-compat]
[build]    58 |     explicit json_reverse_iterator(const base_iterator& it) noexcept : base_iterator(it) {}
[build]       |                                                                      ^
[build] C:\Users\pperv\code\unnamed_rpg\vendor\json\include\nlohmann/detail/iterators/json_reverse_iterator.hpp(61,42): warning: reference qualifiers on functions are incompatible with C++98 [-Wc++98-compat]
[build]    61 |     json_reverse_iterator operator++(int)& // NOLINT(cert-dcl21-cpp)
[build]       |                                          ^
[build] C:\Users\pperv\code\unnamed_rpg\vendor\json\include\nlohmann/detail/iterators/json_reverse_iterator.hpp(73,42): warning: reference qualifiers on functions are incompatible with C++98 [-Wc++98-compat]
[build]    73 |     json_reverse_iterator operator--(int)& // NOLINT(cert-dcl21-cpp)
[build]       |                                          ^
[build] C:\Users\pperv\code\unnamed_rpg\vendor\json\include\nlohmann/detail/iterators/json_reverse_iterator.hpp(115,22): warning: trailing return types are incompatible with C++98 [-Wc++98-compat]
[build]   115 |     auto key() const -> decltype(std::declval<Base>().key())
[build]       |                      ^
[build] C:\Users\pperv\code\unnamed_rpg\vendor\json\include\nlohmann/detail/iterators/json_reverse_iterator.hpp(115,25): warning: 'decltype' type specifier is incompatible with C++98 [-Wc++98-compat]
[build]   115 |     auto key() const -> decltype(std::declval<Base>().key())
[build]       |                         ^
[build] In file included from C:\Users\pperv\code\unnamed_rpg\vendor\json-schema-validator\src\json-uri.cpp:9:
[build] In file included from C:\Users\pperv\code\unnamed_rpg\vendor\json-schema-validator\src\nlohmann/json-schema.hpp:24:
[build] In file included from C:\Users\pperv\code\unnamed_rpg\vendor\json\include\nlohmann/json.hpp:59:
[build] C:\Users\pperv\code\unnamed_rpg\vendor\json\include\nlohmann/detail/json_custom_base_class.hpp(15,1): warning: empty macro arguments are incompatible with C++98 [-Wc++98-compat-pedantic]
[build]    15 | NLOHMANN_JSON_NAMESPACE_BEGIN
[build]       | ^
[build] C:\Users\pperv\code\unnamed_rpg\vendor\json\include\nlohmann/detail/abi_macros.hpp(102,17): note: expanded from macro 'NLOHMANN_JSON_NAMESPACE_BEGIN'
[build]   102 |                 NLOHMANN_JSON_ABI_TAGS,              \
[build]       |                 ^
[build] C:\Users\pperv\code\unnamed_rpg\vendor\json\include\nlohmann/detail/abi_macros.hpp(65,5): note: expanded from macro 'NLOHMANN_JSON_ABI_TAGS'
[build]    65 |     NLOHMANN_JSON_ABI_TAGS_CONCAT(                                   \
[build]       |     ^
[build] C:\Users\pperv\code\unnamed_rpg\vendor\json\include\nlohmann/detail/abi_macros.hpp(62,39): note: expanded from macro 'NLOHMANN_JSON_ABI_TAGS_CONCAT'
[build]    62 |     NLOHMANN_JSON_ABI_TAGS_CONCAT_EX(a, b, c)
[build]       |                                       ^
[build] In file included from C:\Users\pperv\code\unnamed_rpg\vendor\json-schema-validator\src\json-uri.cpp:9:
[build] In file included from C:\Users\pperv\code\unnamed_rpg\vendor\json-schema-validator\src\nlohmann/json-schema.hpp:24:
[build] In file included from C:\Users\pperv\code\unnamed_rpg\vendor\json\include\nlohmann/json.hpp:59:
[build] C:\Users\pperv\code\unnamed_rpg\vendor\json\include\nlohmann/detail/json_custom_base_class.hpp(15,1): warning: empty macro arguments are incompatible with C++98 [-Wc++98-compat-pedantic]
[build] C:\Users\pperv\code\unnamed_rpg\vendor\json\include\nlohmann/detail/abi_macros.hpp(102,17): note: expanded from macro 'NLOHMANN_JSON_NAMESPACE_BEGIN'
[build]   102 |                 NLOHMANN_JSON_ABI_TAGS,              \
[build]       |                 ^
[build] C:\Users\pperv\code\unnamed_rpg\vendor\json\include\nlohmann/detail/abi_macros.hpp(65,5): note: expanded from macro 'NLOHMANN_JSON_ABI_TAGS'
[build]    65 |     NLOHMANN_JSON_ABI_TAGS_CONCAT(                                   \
[build]       |     ^
[build] C:\Users\pperv\code\unnamed_rpg\vendor\json\include\nlohmann/detail/abi_macros.hpp(62,42): note: expanded from macro 'NLOHMANN_JSON_ABI_TAGS_CONCAT'
[build]    62 |     NLOHMANN_JSON_ABI_TAGS_CONCAT_EX(a, b, c)
[build]       |                                          ^
[build] In file included from C:\Users\pperv\code\unnamed_rpg\vendor\json-schema-validator\src\json-uri.cpp:9:
[build] In file included from C:\Users\pperv\code\unnamed_rpg\vendor\json-schema-validator\src\nlohmann/json-schema.hpp:24:
[build] In file included from C:\Users\pperv\code\unnamed_rpg\vendor\json\include\nlohmann/json.hpp:59:
[build] C:\Users\pperv\code\unnamed_rpg\vendor\json\include\nlohmann/detail/json_custom_base_class.hpp(15,1): warning: empty macro arguments are incompatible with C++98 [-Wc++98-compat-pedantic]
[build] C:\Users\pperv\code\unnamed_rpg\vendor\json\include\nlohmann/detail/abi_macros.hpp(102,17): note: expanded from macro 'NLOHMANN_JSON_NAMESPACE_BEGIN'
[build]   102 |                 NLOHMANN_JSON_ABI_TAGS,              \
[build]       |                 ^
[build] C:\Users\pperv\code\unnamed_rpg\vendor\json\include\nlohmann/detail/abi_macros.hpp(65,5): note: expanded from macro 'NLOHMANN_JSON_ABI_TAGS'
[build]    65 |     NLOHMANN_JSON_ABI_TAGS_CONCAT(                                   \
[build]       |     ^
[build] C:\Users\pperv\code\unnamed_rpg\vendor\json\include\nlohmann/detail/abi_macros.hpp(62,45): note: expanded from macro 'NLOHMANN_JSON_ABI_TAGS_CONCAT'
[build]    62 |     NLOHMANN_JSON_ABI_TAGS_CONCAT_EX(a, b, c)
[build]       |                                             ^
[build] In file included from C:\Users\pperv\code\unnamed_rpg\vendor\json-schema-validator\src\json-uri.cpp:9:
[build] In file included from C:\Users\pperv\code\unnamed_rpg\vendor\json-schema-validator\src\nlohmann/json-schema.hpp:24:
[build] In file included from C:\Users\pperv\code\unnamed_rpg\vendor\json\include\nlohmann/json.hpp:59:
[build] C:\Users\pperv\code\unnamed_rpg\vendor\json\include\nlohmann/detail/json_custom_base_class.hpp(15,1): warning: inline namespaces are incompatible with C++98 [-Wc++98-compat]
[build] C:\Users\pperv\code\unnamed_rpg\vendor\json\include\nlohmann/detail/abi_macros.hpp(101,5): note: expanded from macro 'NLOHMANN_JSON_NAMESPACE_BEGIN'
[build]   101 |     inline namespace NLOHMANN_JSON_NAMESPACE_CONCAT( \
[build]       |     ^
[build] In file included from C:\Users\pperv\code\unnamed_rpg\vendor\json-schema-validator\src\json-uri.cpp:9:
[build] In file included from C:\Users\pperv\code\unnamed_rpg\vendor\json-schema-validator\src\nlohmann/json-schema.hpp:24:
[build] In file included from C:\Users\pperv\code\unnamed_rpg\vendor\json\include\nlohmann/json.hpp:59:
[build] C:\Users\pperv\code\unnamed_rpg\vendor\json\include\nlohmann/detail/json_custom_base_class.hpp(44,25): warning: alias declarations are incompatible with C++98 [-Wc++98-compat]
[build]    44 | using json_base_class = typename std::conditional <
[build]       |                         ^
[build] In file included from C:\Users\pperv\code\unnamed_rpg\vendor\json-schema-validator\src\json-uri.cpp:9:
[build] In file included from C:\Users\pperv\code\unnamed_rpg\vendor\json-schema-validator\src\nlohmann/json-schema.hpp:24:
[build] In file included from C:\Users\pperv\code\unnamed_rpg\vendor\json\include\nlohmann/json.hpp:60:
[build] C:\Users\pperv\code\unnamed_rpg\vendor\json\include\nlohmann/detail/json_pointer.hpp(30,1): warning: empty macro arguments are incompatible with C++98 [-Wc++98-compat-pedantic]
[build]    30 | NLOHMANN_JSON_NAMESPACE_BEGIN
[build]       | ^
[build] C:\Users\pperv\code\unnamed_rpg\vendor\json\include\nlohmann/detail/abi_macros.hpp(102,17): note: expanded from macro 'NLOHMANN_JSON_NAMESPACE_BEGIN'
[build]   102 |                 NLOHMANN_JSON_ABI_TAGS,              \
[build]       |                 ^
[build] C:\Users\pperv\code\unnamed_rpg\vendor\json\include\nlohmann/detail/abi_macros.hpp(65,5): note: expanded from macro 'NLOHMANN_JSON_ABI_TAGS'
[build]    65 |     NLOHMANN_JSON_ABI_TAGS_CONCAT(                                   \
[build]       |     ^
[build] C:\Users\pperv\code\unnamed_rpg\vendor\json\include\nlohmann/detail/abi_macros.hpp(62,39): note: expanded from macro 'NLOHMANN_JSON_ABI_TAGS_CONCAT'
[build]    62 |     NLOHMANN_JSON_ABI_TAGS_CONCAT_EX(a, b, c)
[build]       |                                       ^
[build] In file included from C:\Users\pperv\code\unnamed_rpg\vendor\json-schema-validator\src\json-uri.cpp:9:
[build] In file included from C:\Users\pperv\code\unnamed_rpg\vendor\json-schema-validator\src\nlohmann/json-schema.hpp:24:
[build] In file included from C:\Users\pperv\code\unnamed_rpg\vendor\json\include\nlohmann/json.hpp:60:
[build] C:\Users\pperv\code\unnamed_rpg\vendor\json\include\nlohmann/detail/json_pointer.hpp(30,1): warning: empty macro arguments are incompatible with C++98 [-Wc++98-compat-pedantic]
[build] C:\Users\pperv\code\unnamed_rpg\vendor\json\include\nlohmann/detail/abi_macros.hpp(102,17): note: expanded from macro 'NLOHMANN_JSON_NAMESPACE_BEGIN'
[build]   102 |                 NLOHMANN_JSON_ABI_TAGS,              \
[build]       |                 ^
[build] C:\Users\pperv\code\unnamed_rpg\vendor\json\include\nlohmann/detail/abi_macros.hpp(65,5): note: expanded from macro 'NLOHMANN_JSON_ABI_TAGS'
[build]    65 |     NLOHMANN_JSON_ABI_TAGS_CONCAT(                                   \
[build]       |     ^
[build] C:\Users\pperv\code\unnamed_rpg\vendor\json\include\nlohmann/detail/abi_macros.hpp(62,42): note: expanded from macro 'NLOHMANN_JSON_ABI_TAGS_CONCAT'
[build]    62 |     NLOHMANN_JSON_ABI_TAGS_CONCAT_EX(a, b, c)
[build]       |                                          ^
[build] In file included from C:\Users\pperv\code\unnamed_rpg\vendor\json-schema-validator\src\json-uri.cpp:9:
[build] In file included from C:\Users\pperv\code\unnamed_rpg\vendor\json-schema-validator\src\nlohmann/json-schema.hpp:24:
[build] In file included from C:\Users\pperv\code\unnamed_rpg\vendor\json\include\nlohmann/json.hpp:60:
[build] C:\Users\pperv\code\unnamed_rpg\vendor\json\include\nlohmann/detail/json_pointer.hpp(30,1): warning: empty macro arguments are incompatible with C++98 [-Wc++98-compat-pedantic]
[build] C:\Users\pperv\code\unnamed_rpg\vendor\json\include\nlohmann/detail/abi_macros.hpp(102,17): note: expanded from macro 'NLOHMANN_JSON_NAMESPACE_BEGIN'
[build]   102 |                 NLOHMANN_JSON_ABI_TAGS,              \
[build]       |                 ^
[build] C:\Users\pperv\code\unnamed_rpg\vendor\json\include\nlohmann/detail/abi_macros.hpp(65,5): note: expanded from macro 'NLOHMANN_JSON_ABI_TAGS'
[build]    65 |     NLOHMANN_JSON_ABI_TAGS_CONCAT(                                   \
[build]       |     ^
[build] C:\Users\pperv\code\unnamed_rpg\vendor\json\include\nlohmann/detail/abi_macros.hpp(62,45): note: expanded from macro 'NLOHMANN_JSON_ABI_TAGS_CONCAT'
[build]    62 |     NLOHMANN_JSON_ABI_TAGS_CONCAT_EX(a, b, c)
[build]       |                                             ^
[build] In file included from C:\Users\pperv\code\unnamed_rpg\vendor\json-schema-validator\src\json-uri.cpp:9:
[build] In file included from C:\Users\pperv\code\unnamed_rpg\vendor\json-schema-validator\src\nlohmann/json-schema.hpp:24:
[build] In file included from C:\Users\pperv\code\unnamed_rpg\vendor\json\include\nlohmann/json.hpp:60:
[build] C:\Users\pperv\code\unnamed_rpg\vendor\json\include\nlohmann/detail/json_pointer.hpp(30,1): warning: inline namespaces are incompatible with C++98 [-Wc++98-compat]
[build] C:\Users\pperv\code\unnamed_rpg\vendor\json\include\nlohmann/detail/abi_macros.hpp(101,5): note: expanded from macro 'NLOHMANN_JSON_NAMESPACE_BEGIN'
[build]   101 |     inline namespace NLOHMANN_JSON_NAMESPACE_CONCAT( \
[build]       |     ^
[build] In file included from C:\Users\pperv\code\unnamed_rpg\vendor\json-schema-validator\src\json-uri.cpp:9:
[build] In file included from C:\Users\pperv\code\unnamed_rpg\vendor\json-schema-validator\src\nlohmann/json-schema.hpp:24:
[build] In file included from C:\Users\pperv\code\unnamed_rpg\vendor\json\include\nlohmann/json.hpp:60:
[build] C:\Users\pperv\code\unnamed_rpg\vendor\json\include\nlohmann/detail/json_pointer.hpp(38,5): warning: variadic templates are incompatible with C++98 [-Wc++98-compat]
[build]    38 |     NLOHMANN_BASIC_JSON_TPL_DECLARATION
[build]       |     ^
[build] C:\Users\pperv\code\unnamed_rpg\vendor\json\include\nlohmann/detail/macro_scope.hpp(337,51): note: expanded from macro 'NLOHMANN_BASIC_JSON_TPL_DECLARATION'
[build]   337 |     template<template<typename, typename, typename...> class ObjectType,   \
[build]       |                                                   ^
[build] In file included from C:\Users\pperv\code\unnamed_rpg\vendor\json-schema-validator\src\json-uri.cpp:9:
[build] In file included from C:\Users\pperv\code\unnamed_rpg\vendor\json-schema-validator\src\nlohmann/json-schema.hpp:24:
[build] In file included from C:\Users\pperv\code\unnamed_rpg\vendor\json\include\nlohmann/json.hpp:60:
[build] C:\Users\pperv\code\unnamed_rpg\vendor\json\include\nlohmann/detail/json_pointer.hpp(38,5): warning: variadic templates are incompatible with C++98 [-Wc++98-compat]
[build] C:\Users\pperv\code\unnamed_rpg\vendor\json\include\nlohmann/detail/macro_scope.hpp(338,41): note: expanded from macro 'NLOHMANN_BASIC_JSON_TPL_DECLARATION'
[build]   338 |              template<typename, typename...> class ArrayType,              \
[build]       |                                         ^
[build] In file included from C:\Users\pperv\code\unnamed_rpg\vendor\json-schema-validator\src\json-uri.cpp:9:
[build] In file included from C:\Users\pperv\code\unnamed_rpg\vendor\json-schema-validator\src\nlohmann/json-schema.hpp:24:
[build] In file included from C:\Users\pperv\code\unnamed_rpg\vendor\json\include\nlohmann/json.hpp:60:
[build] C:\Users\pperv\code\unnamed_rpg\vendor\json\include\nlohmann/detail/json_pointer.hpp(47,22): warning: alias declarations are incompatible with C++98 [-Wc++98-compat]
[build]    47 |         using type = T;
[build]       |                      ^
[build] C:\Users\pperv\code\unnamed_rpg\vendor\json\include\nlohmann/detail/json_pointer.hpp(50,5): warning: variadic templates are incompatible with C++98 [-Wc++98-compat]
[build]    50 |     NLOHMANN_BASIC_JSON_TPL_DECLARATION
[build]       |     ^
[build] C:\Users\pperv\code\unnamed_rpg\vendor\json\include\nlohmann/detail/macro_scope.hpp(337,51): note: expanded from macro 'NLOHMANN_BASIC_JSON_TPL_DECLARATION'
[build]   337 |     template<template<typename, typename, typename...> class ObjectType,   \
[build]       |                                                   ^
[build] In file included from C:\Users\pperv\code\unnamed_rpg\vendor\json-schema-validator\src\json-uri.cpp:9:
[build] In file included from C:\Users\pperv\code\unnamed_rpg\vendor\json-schema-validator\src\nlohmann/json-schema.hpp:24:
[build] In file included from C:\Users\pperv\code\unnamed_rpg\vendor\json\include\nlohmann/json.hpp:60:
[build] C:\Users\pperv\code\unnamed_rpg\vendor\json\include\nlohmann/detail/json_pointer.hpp(50,5): warning: variadic templates are incompatible with C++98 [-Wc++98-compat]
[build] C:\Users\pperv\code\unnamed_rpg\vendor\json\include\nlohmann/detail/macro_scope.hpp(338,41): note: expanded from macro 'NLOHMANN_BASIC_JSON_TPL_DECLARATION'
[build]   338 |              template<typename, typename...> class ArrayType,              \
[build]       |                                         ^
[build] In file included from C:\Users\pperv\code\unnamed_rpg\vendor\json-schema-validator\src\json-uri.cpp:9:
[build] In file included from C:\Users\pperv\code\unnamed_rpg\vendor\json-schema-validator\src\nlohmann/json-schema.hpp:24:
[build] In file included from C:\Users\pperv\code\unnamed_rpg\vendor\json\include\nlohmann/json.hpp:60:
[build] C:\Users\pperv\code\unnamed_rpg\vendor\json\include\nlohmann/detail/json_pointer.hpp(53,22): warning: alias declarations are incompatible with C++98 [-Wc++98-compat]
[build]    53 |         using type = StringType;
[build]       |                      ^
[build] C:\Users\pperv\code\unnamed_rpg\vendor\json\include\nlohmann/detail/json_pointer.hpp(58,22): warning: alias declarations are incompatible with C++98 [-Wc++98-compat]
[build]    58 |     using string_t = typename string_t_helper<RefStringType>::type;
[build]       |                      ^
[build] C:\Users\pperv\code\unnamed_rpg\vendor\json\include\nlohmann/detail/json_pointer.hpp(190,29): warning: rvalue references are incompatible with C++98 [-Wc++98-compat]
[build]   190 |     void push_front(string_t&& token)
[build]       |                             ^
[build] C:\Users\pperv\code\unnamed_rpg\vendor\json\include\nlohmann/detail/json_pointer.hpp(228,28): warning: rvalue references are incompatible with C++98 [-Wc++98-compat]
[build]   228 |     void push_back(string_t&& token)
[build]       |                            ^
[build] C:\Users\pperv\code\unnamed_rpg\vendor\json\include\nlohmann/detail/json_pointer.hpp(236,5): warning: noexcept specifications are incompatible with C++98 [-Wc++98-compat]
[build]   236 |     {
[build]       |     ^
[build] C:\Users\pperv\code\unnamed_rpg\vendor\json\include\nlohmann/detail/json_pointer.hpp(961,43): warning: reference qualifiers on functions are incompatible with C++98 [-Wc++98-compat]
[build]   961 |     json_pointer<string_t> convert() const&
[build]       |                                           ^
[build] C:\Users\pperv\code\unnamed_rpg\vendor\json\include\nlohmann/detail/json_pointer.hpp(968,37): warning: reference qualifiers on functions are incompatible with C++98 [-Wc++98-compat]
[build]   968 |     json_pointer<string_t> convert()&&
[build]       |                                     ^
[build] C:\Users\pperv\code\unnamed_rpg\vendor\json\include\nlohmann/detail/json_pointer.hpp(1005,79): warning: noexcept specifications are incompatible with C++98 [-Wc++98-compat]
[build]  1005 |                            const json_pointer<RefStringTypeRhs>& rhs) noexcept;
[build]       |                                                                               ^
[build] C:\Users\pperv\code\unnamed_rpg\vendor\json\include\nlohmann/detail/json_pointer.hpp(1026,79): warning: noexcept specifications are incompatible with C++98 [-Wc++98-compat]
[build]  1026 |                            const json_pointer<RefStringTypeRhs>& rhs) noexcept;
[build]       |                                                                               ^
[build] C:\Users\pperv\code\unnamed_rpg\vendor\json\include\nlohmann/detail/json_pointer.hpp(1046,78): warning: noexcept specifications are incompatible with C++98 [-Wc++98-compat]
[build]  1046 |                           const json_pointer<RefStringTypeRhs>& rhs) noexcept;
[build]       |                                                                              ^
[build] C:\Users\pperv\code\unnamed_rpg\vendor\json\include\nlohmann/detail/json_pointer.hpp(1058,67): warning: noexcept specifications are incompatible with C++98 [-Wc++98-compat]
[build]  1058 |                        const json_pointer<RefStringTypeRhs>& rhs) noexcept
[build]       |                                                                   ^
[build] C:\Users\pperv\code\unnamed_rpg\vendor\json\include\nlohmann/detail/json_pointer.hpp(1064,19): warning: default template arguments for a function template are incompatible with C++98 [-Wc++98-compat]
[build]  1064 |          typename StringType = typename json_pointer<RefStringTypeLhs>::string_t>
[build]       |                   ^            ~~~~~~~~~~~~~~~~~~~~~~~~~~~~~~~~~~~~~~~~~~~~~~~~~
[build] C:\Users\pperv\code\unnamed_rpg\vendor\json\include\nlohmann/detail/json_pointer.hpp(1073,19): warning: default template arguments for a function template are incompatible with C++98 [-Wc++98-compat]
[build]  1073 |          typename StringType = typename json_pointer<RefStringTypeRhs>::string_t>
[build]       |                   ^            ~~~~~~~~~~~~~~~~~~~~~~~~~~~~~~~~~~~~~~~~~~~~~~~~~
[build] C:\Users\pperv\code\unnamed_rpg\vendor\json\include\nlohmann/detail/json_pointer.hpp(1083,67): warning: noexcept specifications are incompatible with C++98 [-Wc++98-compat]
[build]  1083 |                        const json_pointer<RefStringTypeRhs>& rhs) noexcept
[build]       |                                                                   ^
[build] C:\Users\pperv\code\unnamed_rpg\vendor\json\include\nlohmann/detail/json_pointer.hpp(1089,19): warning: default template arguments for a function template are incompatible with C++98 [-Wc++98-compat]
[build]  1089 |          typename StringType = typename json_pointer<RefStringTypeLhs>::string_t>
[build]       |                   ^            ~~~~~~~~~~~~~~~~~~~~~~~~~~~~~~~~~~~~~~~~~~~~~~~~~
[build] C:\Users\pperv\code\unnamed_rpg\vendor\json\include\nlohmann/detail/json_pointer.hpp(1098,19): warning: default template arguments for a function template are incompatible with C++98 [-Wc++98-compat]
[build]  1098 |          typename StringType = typename json_pointer<RefStringTypeRhs>::string_t>
[build]       |                   ^            ~~~~~~~~~~~~~~~~~~~~~~~~~~~~~~~~~~~~~~~~~~~~~~~~~
[build] C:\Users\pperv\code\unnamed_rpg\vendor\json\include\nlohmann/detail/json_pointer.hpp(1108,66): warning: noexcept specifications are incompatible with C++98 [-Wc++98-compat]
[build]  1108 |                       const json_pointer<RefStringTypeRhs>& rhs) noexcept
[build]       |                                                                  ^
[build] In file included from C:\Users\pperv\code\unnamed_rpg\vendor\json-schema-validator\src\json-uri.cpp:9:
[build] In file included from C:\Users\pperv\code\unnamed_rpg\vendor\json-schema-validator\src\nlohmann/json-schema.hpp:24:
[build] In file included from C:\Users\pperv\code\unnamed_rpg\vendor\json\include\nlohmann/json.hpp:61:
[build] C:\Users\pperv\code\unnamed_rpg\vendor\json\include\nlohmann/detail/json_ref.hpp(17,1): warning: empty macro arguments are incompatible with C++98 [-Wc++98-compat-pedantic]
[build]    17 | NLOHMANN_JSON_NAMESPACE_BEGIN
[build]       | ^
[build] C:\Users\pperv\code\unnamed_rpg\vendor\json\include\nlohmann/detail/abi_macros.hpp(102,17): note: expanded from macro 'NLOHMANN_JSON_NAMESPACE_BEGIN'
[build]   102 |                 NLOHMANN_JSON_ABI_TAGS,              \
[build]       |                 ^
[build] C:\Users\pperv\code\unnamed_rpg\vendor\json\include\nlohmann/detail/abi_macros.hpp(65,5): note: expanded from macro 'NLOHMANN_JSON_ABI_TAGS'
[build]    65 |     NLOHMANN_JSON_ABI_TAGS_CONCAT(                                   \
[build]       |     ^
[build] C:\Users\pperv\code\unnamed_rpg\vendor\json\include\nlohmann/detail/abi_macros.hpp(62,39): note: expanded from macro 'NLOHMANN_JSON_ABI_TAGS_CONCAT'
[build]    62 |     NLOHMANN_JSON_ABI_TAGS_CONCAT_EX(a, b, c)
[build]       |                                       ^
[build] In file included from C:\Users\pperv\code\unnamed_rpg\vendor\json-schema-validator\src\json-uri.cpp:9:
[build] In file included from C:\Users\pperv\code\unnamed_rpg\vendor\json-schema-validator\src\nlohmann/json-schema.hpp:24:
[build] In file included from C:\Users\pperv\code\unnamed_rpg\vendor\json\include\nlohmann/json.hpp:61:
[build] C:\Users\pperv\code\unnamed_rpg\vendor\json\include\nlohmann/detail/json_ref.hpp(17,1): warning: empty macro arguments are incompatible with C++98 [-Wc++98-compat-pedantic]
[build] C:\Users\pperv\code\unnamed_rpg\vendor\json\include\nlohmann/detail/abi_macros.hpp(102,17): note: expanded from macro 'NLOHMANN_JSON_NAMESPACE_BEGIN'
[build]   102 |                 NLOHMANN_JSON_ABI_TAGS,              \
[build]       |                 ^
[build] C:\Users\pperv\code\unnamed_rpg\vendor\json\include\nlohmann/detail/abi_macros.hpp(65,5): note: expanded from macro 'NLOHMANN_JSON_ABI_TAGS'
[build]    65 |     NLOHMANN_JSON_ABI_TAGS_CONCAT(                                   \
[build]       |     ^
[build] C:\Users\pperv\code\unnamed_rpg\vendor\json\include\nlohmann/detail/abi_macros.hpp(62,42): note: expanded from macro 'NLOHMANN_JSON_ABI_TAGS_CONCAT'
[build]    62 |     NLOHMANN_JSON_ABI_TAGS_CONCAT_EX(a, b, c)
[build]       |                                          ^
[build] In file included from C:\Users\pperv\code\unnamed_rpg\vendor\json-schema-validator\src\json-uri.cpp:9:
[build] In file included from C:\Users\pperv\code\unnamed_rpg\vendor\json-schema-validator\src\nlohmann/json-schema.hpp:24:
[build] In file included from C:\Users\pperv\code\unnamed_rpg\vendor\json\include\nlohmann/json.hpp:61:
[build] C:\Users\pperv\code\unnamed_rpg\vendor\json\include\nlohmann/detail/json_ref.hpp(17,1): warning: empty macro arguments are incompatible with C++98 [-Wc++98-compat-pedantic]
[build] C:\Users\pperv\code\unnamed_rpg\vendor\json\include\nlohmann/detail/abi_macros.hpp(102,17): note: expanded from macro 'NLOHMANN_JSON_NAMESPACE_BEGIN'
[build]   102 |                 NLOHMANN_JSON_ABI_TAGS,              \
[build]       |                 ^
[build] C:\Users\pperv\code\unnamed_rpg\vendor\json\include\nlohmann/detail/abi_macros.hpp(65,5): note: expanded from macro 'NLOHMANN_JSON_ABI_TAGS'
[build]    65 |     NLOHMANN_JSON_ABI_TAGS_CONCAT(                                   \
[build]       |     ^
[build] C:\Users\pperv\code\unnamed_rpg\vendor\json\include\nlohmann/detail/abi_macros.hpp(62,45): note: expanded from macro 'NLOHMANN_JSON_ABI_TAGS_CONCAT'
[build]    62 |     NLOHMANN_JSON_ABI_TAGS_CONCAT_EX(a, b, c)
[build]       |                                             ^
[build] In file included from C:\Users\pperv\code\unnamed_rpg\vendor\json-schema-validator\src\json-uri.cpp:9:
[build] In file included from C:\Users\pperv\code\unnamed_rpg\vendor\json-schema-validator\src\nlohmann/json-schema.hpp:24:
[build] In file included from C:\Users\pperv\code\unnamed_rpg\vendor\json\include\nlohmann/json.hpp:61:
[build] C:\Users\pperv\code\unnamed_rpg\vendor\json\include\nlohmann/detail/json_ref.hpp(17,1): warning: inline namespaces are incompatible with C++98 [-Wc++98-compat]
[build] C:\Users\pperv\code\unnamed_rpg\vendor\json\include\nlohmann/detail/abi_macros.hpp(101,5): note: expanded from macro 'NLOHMANN_JSON_NAMESPACE_BEGIN'
[build]   101 |     inline namespace NLOHMANN_JSON_NAMESPACE_CONCAT( \
[build]       |     ^
[build] In file included from C:\Users\pperv\code\unnamed_rpg\vendor\json-schema-validator\src\json-uri.cpp:9:
[build] In file included from C:\Users\pperv\code\unnamed_rpg\vendor\json-schema-validator\src\nlohmann/json-schema.hpp:24:
[build] In file included from C:\Users\pperv\code\unnamed_rpg\vendor\json\include\nlohmann/json.hpp:61:
[build] C:\Users\pperv\code\unnamed_rpg\vendor\json\include\nlohmann/detail/json_ref.hpp(25,24): warning: alias declarations are incompatible with C++98 [-Wc++98-compat]
[build]    25 |     using value_type = BasicJsonType;
[build]       |                        ^
[build] C:\Users\pperv\code\unnamed_rpg\vendor\json\include\nlohmann/detail/json_ref.hpp(27,24): warning: rvalue references are incompatible with C++98 [-Wc++98-compat]
[build]    27 |     json_ref(value_type&& value)
[build]       |                        ^
[build] C:\Users\pperv\code\unnamed_rpg\vendor\json\include\nlohmann/detail/json_ref.hpp(40,14): warning: variadic templates are incompatible with C++98 [-Wc++98-compat]
[build]    40 |         class... Args,
[build]       |              ^
[build] C:\Users\pperv\code\unnamed_rpg\vendor\json\include\nlohmann/detail/json_ref.hpp(42,19): warning: rvalue references are incompatible with C++98 [-Wc++98-compat]
[build]    42 |     json_ref(Args && ... args)
[build]       |                   ^
[build] C:\Users\pperv\code\unnamed_rpg\vendor\json\include\nlohmann/detail/json_ref.hpp(41,77): warning: default template arguments for a function template are incompatible with C++98 [-Wc++98-compat]
[build]    41 |         enable_if_t<std::is_constructible<value_type, Args...>::value, int> = 0 >
[build]       |                                                                             ^ ~
[build] C:\Users\pperv\code\unnamed_rpg\vendor\json\include\nlohmann/detail/json_ref.hpp(47,22): warning: rvalue references are incompatible with C++98 [-Wc++98-compat]
[build]    47 |     json_ref(json_ref&&) noexcept = default;
[build]       |                      ^
[build] C:\Users\pperv\code\unnamed_rpg\vendor\json\include\nlohmann/detail/json_ref.hpp(47,35): warning: noexcept specifications are incompatible with C++98 [-Wc++98-compat]
[build]    47 |     json_ref(json_ref&&) noexcept = default;
[build]       |                                   ^
[build] C:\Users\pperv\code\unnamed_rpg\vendor\json\include\nlohmann/detail/json_ref.hpp(47,37): warning: defaulted function definitions are incompatible with C++98 [-Wc++98-compat]
[build]    47 |     json_ref(json_ref&&) noexcept = default;
[build]       |                                     ^
[build] C:\Users\pperv\code\unnamed_rpg\vendor\json\include\nlohmann/detail/json_ref.hpp(48,33): warning: deleted function definitions are incompatible with C++98 [-Wc++98-compat]
[build]    48 |     json_ref(const json_ref&) = delete;
[build]       |                                 ^
[build] C:\Users\pperv\code\unnamed_rpg\vendor\json\include\nlohmann/detail/json_ref.hpp(49,44): warning: deleted function definitions are incompatible with C++98 [-Wc++98-compat]
[build]    49 |     json_ref& operator=(const json_ref&) = delete;
[build]       |                                            ^
[build] C:\Users\pperv\code\unnamed_rpg\vendor\json\include\nlohmann/detail/json_ref.hpp(50,33): warning: rvalue references are incompatible with C++98 [-Wc++98-compat]
[build]    50 |     json_ref& operator=(json_ref&&) = delete;
[build]       |                                 ^
[build] C:\Users\pperv\code\unnamed_rpg\vendor\json\include\nlohmann/detail/json_ref.hpp(50,39): warning: deleted function definitions are incompatible with C++98 [-Wc++98-compat]
[build]    50 |     json_ref& operator=(json_ref&&) = delete;
[build]       |                                       ^
[build] C:\Users\pperv\code\unnamed_rpg\vendor\json\include\nlohmann/detail/json_ref.hpp(51,19): warning: defaulted function definitions are incompatible with C++98 [-Wc++98-compat]
[build]    51 |     ~json_ref() = default;
[build]       |                   ^
[build] C:\Users\pperv\code\unnamed_rpg\vendor\json\include\nlohmann/detail/json_ref.hpp(73,36): warning: default member initializer for non-static data members is incompatible with C++98 [-Wc++98-compat]
[build]    73 |     mutable value_type owned_value = nullptr;
[build]       |                                    ^
[build] C:\Users\pperv\code\unnamed_rpg\vendor\json\include\nlohmann/detail/json_ref.hpp(74,33): warning: default member initializer for non-static data members is incompatible with C++98 [-Wc++98-compat]
[build]    74 |     value_type const* value_ref = nullptr;
[build]       |                                 ^
[build] C:\Users\pperv\code\unnamed_rpg\vendor\json\include\nlohmann/detail/json_ref.hpp(73,38): warning: 'nullptr' is incompatible with C++98 [-Wc++98-compat]
[build]    73 |     mutable value_type owned_value = nullptr;
[build]       |                                      ^
[build] C:\Users\pperv\code\unnamed_rpg\vendor\json\include\nlohmann/detail/json_ref.hpp(74,35): warning: 'nullptr' is incompatible with C++98 [-Wc++98-compat]
[build]    74 |     value_type const* value_ref = nullptr;
[build]       |                                   ^
[build] In file included from C:\Users\pperv\code\unnamed_rpg\vendor\json-schema-validator\src\json-uri.cpp:9:
[build] In file included from C:\Users\pperv\code\unnamed_rpg\vendor\json-schema-validator\src\nlohmann/json-schema.hpp:24:
[build] In file included from C:\Users\pperv\code\unnamed_rpg\vendor\json\include\nlohmann/json.hpp:68:
[build] In file included from C:\Users\pperv\code\unnamed_rpg\vendor\json\include\nlohmann/detail/output/binary_writer.hpp:24:
[build] C:\Users\pperv\code\unnamed_rpg\vendor\json\include\nlohmann/detail/output/output_adapters.hpp(25,1): warning: empty macro arguments are incompatible with C++98 [-Wc++98-compat-pedantic]
[build]    25 | NLOHMANN_JSON_NAMESPACE_BEGIN
[build]       | ^
[build] C:\Users\pperv\code\unnamed_rpg\vendor\json\include\nlohmann/detail/abi_macros.hpp(102,17): note: expanded from macro 'NLOHMANN_JSON_NAMESPACE_BEGIN'
[build]   102 |                 NLOHMANN_JSON_ABI_TAGS,              \
[build]       |                 ^
[build] C:\Users\pperv\code\unnamed_rpg\vendor\json\include\nlohmann/detail/abi_macros.hpp(65,5): note: expanded from macro 'NLOHMANN_JSON_ABI_TAGS'
[build]    65 |     NLOHMANN_JSON_ABI_TAGS_CONCAT(                                   \
[build]       |     ^
[build] C:\Users\pperv\code\unnamed_rpg\vendor\json\include\nlohmann/detail/abi_macros.hpp(62,39): note: expanded from macro 'NLOHMANN_JSON_ABI_TAGS_CONCAT'
[build]    62 |     NLOHMANN_JSON_ABI_TAGS_CONCAT_EX(a, b, c)
[build]       |                                       ^
[build] In file included from C:\Users\pperv\code\unnamed_rpg\vendor\json-schema-validator\src\json-uri.cpp:9:
[build] In file included from C:\Users\pperv\code\unnamed_rpg\vendor\json-schema-validator\src\nlohmann/json-schema.hpp:24:
[build] In file included from C:\Users\pperv\code\unnamed_rpg\vendor\json\include\nlohmann/json.hpp:68:
[build] In file included from C:\Users\pperv\code\unnamed_rpg\vendor\json\include\nlohmann/detail/output/binary_writer.hpp:24:
[build] C:\Users\pperv\code\unnamed_rpg\vendor\json\include\nlohmann/detail/output/output_adapters.hpp(25,1): warning: empty macro arguments are incompatible with C++98 [-Wc++98-compat-pedantic]
[build] C:\Users\pperv\code\unnamed_rpg\vendor\json\include\nlohmann/detail/abi_macros.hpp(102,17): note: expanded from macro 'NLOHMANN_JSON_NAMESPACE_BEGIN'
[build]   102 |                 NLOHMANN_JSON_ABI_TAGS,              \
[build]       |                 ^
[build] C:\Users\pperv\code\unnamed_rpg\vendor\json\include\nlohmann/detail/abi_macros.hpp(65,5): note: expanded from macro 'NLOHMANN_JSON_ABI_TAGS'
[build]    65 |     NLOHMANN_JSON_ABI_TAGS_CONCAT(                                   \
[build]       |     ^
[build] C:\Users\pperv\code\unnamed_rpg\vendor\json\include\nlohmann/detail/abi_macros.hpp(62,42): note: expanded from macro 'NLOHMANN_JSON_ABI_TAGS_CONCAT'
[build]    62 |     NLOHMANN_JSON_ABI_TAGS_CONCAT_EX(a, b, c)
[build]       |                                          ^
[build] In file included from C:\Users\pperv\code\unnamed_rpg\vendor\json-schema-validator\src\json-uri.cpp:9:
[build] In file included from C:\Users\pperv\code\unnamed_rpg\vendor\json-schema-validator\src\nlohmann/json-schema.hpp:24:
[build] In file included from C:\Users\pperv\code\unnamed_rpg\vendor\json\include\nlohmann/json.hpp:68:
[build] In file included from C:\Users\pperv\code\unnamed_rpg\vendor\json\include\nlohmann/detail/output/binary_writer.hpp:24:
[build] C:\Users\pperv\code\unnamed_rpg\vendor\json\include\nlohmann/detail/output/output_adapters.hpp(25,1): warning: empty macro arguments are incompatible with C++98 [-Wc++98-compat-pedantic]
[build] C:\Users\pperv\code\unnamed_rpg\vendor\json\include\nlohmann/detail/abi_macros.hpp(102,17): note: expanded from macro 'NLOHMANN_JSON_NAMESPACE_BEGIN'
[build]   102 |                 NLOHMANN_JSON_ABI_TAGS,              \
[build]       |                 ^
[build] C:\Users\pperv\code\unnamed_rpg\vendor\json\include\nlohmann/detail/abi_macros.hpp(65,5): note: expanded from macro 'NLOHMANN_JSON_ABI_TAGS'
[build]    65 |     NLOHMANN_JSON_ABI_TAGS_CONCAT(                                   \
[build]       |     ^
[build] C:\Users\pperv\code\unnamed_rpg\vendor\json\include\nlohmann/detail/abi_macros.hpp(62,45): note: expanded from macro 'NLOHMANN_JSON_ABI_TAGS_CONCAT'
[build]    62 |     NLOHMANN_JSON_ABI_TAGS_CONCAT_EX(a, b, c)
[build]       |                                             ^
[build] In file included from C:\Users\pperv\code\unnamed_rpg\vendor\json-schema-validator\src\json-uri.cpp:9:
[build] In file included from C:\Users\pperv\code\unnamed_rpg\vendor\json-schema-validator\src\nlohmann/json-schema.hpp:24:
[build] In file included from C:\Users\pperv\code\unnamed_rpg\vendor\json\include\nlohmann/json.hpp:68:
[build] In file included from C:\Users\pperv\code\unnamed_rpg\vendor\json\include\nlohmann/detail/output/binary_writer.hpp:24:
[build] C:\Users\pperv\code\unnamed_rpg\vendor\json\include\nlohmann/detail/output/output_adapters.hpp(25,1): warning: inline namespaces are incompatible with C++98 [-Wc++98-compat]
[build] C:\Users\pperv\code\unnamed_rpg\vendor\json\include\nlohmann/detail/abi_macros.hpp(101,5): note: expanded from macro 'NLOHMANN_JSON_NAMESPACE_BEGIN'
[build]   101 |     inline namespace NLOHMANN_JSON_NAMESPACE_CONCAT( \
[build]       |     ^
[build] In file included from C:\Users\pperv\code\unnamed_rpg\vendor\json-schema-validator\src\json-uri.cpp:9:
[build] In file included from C:\Users\pperv\code\unnamed_rpg\vendor\json-schema-validator\src\nlohmann/json-schema.hpp:24:
[build] In file included from C:\Users\pperv\code\unnamed_rpg\vendor\json\include\nlohmann/json.hpp:68:
[build] In file included from C:\Users\pperv\code\unnamed_rpg\vendor\json\include\nlohmann/detail/output/binary_writer.hpp:24:
[build] C:\Users\pperv\code\unnamed_rpg\vendor\json\include\nlohmann/detail/output/output_adapters.hpp(34,42): warning: defaulted function definitions are incompatible with C++98 [-Wc++98-compat]
[build]    34 |     virtual ~output_adapter_protocol() = default;
[build]       |                                          ^
[build] C:\Users\pperv\code\unnamed_rpg\vendor\json\include\nlohmann/detail/output/output_adapters.hpp(36,33): warning: defaulted function definitions are incompatible with C++98 [-Wc++98-compat]
[build]    36 |     output_adapter_protocol() = default;
[build]       |                                 ^
[build] C:\Users\pperv\code\unnamed_rpg\vendor\json\include\nlohmann/detail/output/output_adapters.hpp(37,63): warning: defaulted function definitions are incompatible with C++98 [-Wc++98-compat]
[build]    37 |     output_adapter_protocol(const output_adapter_protocol&) = default;
[build]       |                                                               ^
[build] C:\Users\pperv\code\unnamed_rpg\vendor\json\include\nlohmann/detail/output/output_adapters.hpp(38,52): warning: rvalue references are incompatible with C++98 [-Wc++98-compat]
[build]    38 |     output_adapter_protocol(output_adapter_protocol&&) noexcept = default;
[build]       |                                                    ^
[build] C:\Users\pperv\code\unnamed_rpg\vendor\json\include\nlohmann/detail/output/output_adapters.hpp(38,65): warning: noexcept specifications are incompatible with C++98 [-Wc++98-compat]
[build]    38 |     output_adapter_protocol(output_adapter_protocol&&) noexcept = default;
[build]       |                                                                 ^
[build] C:\Users\pperv\code\unnamed_rpg\vendor\json\include\nlohmann/detail/output/output_adapters.hpp(38,67): warning: defaulted function definitions are incompatible with C++98 [-Wc++98-compat]
[build]    38 |     output_adapter_protocol(output_adapter_protocol&&) noexcept = default;
[build]       |                                                                   ^
[build] C:\Users\pperv\code\unnamed_rpg\vendor\json\include\nlohmann/detail/output/output_adapters.hpp(39,74): warning: defaulted function definitions are incompatible with C++98 [-Wc++98-compat]
[build]    39 |     output_adapter_protocol& operator=(const output_adapter_protocol&) = default;
[build]       |                                                                          ^
[build] C:\Users\pperv\code\unnamed_rpg\vendor\json\include\nlohmann/detail/output/output_adapters.hpp(40,63): warning: rvalue references are incompatible with C++98 [-Wc++98-compat]
[build]    40 |     output_adapter_protocol& operator=(output_adapter_protocol&&) noexcept = default;
[build]       |                                                               ^
[build] C:\Users\pperv\code\unnamed_rpg\vendor\json\include\nlohmann/detail/output/output_adapters.hpp(40,76): warning: noexcept specifications are incompatible with C++98 [-Wc++98-compat]
[build]    40 |     output_adapter_protocol& operator=(output_adapter_protocol&&) noexcept = default;
[build]       |                                                                            ^
[build] C:\Users\pperv\code\unnamed_rpg\vendor\json\include\nlohmann/detail/output/output_adapters.hpp(40,78): warning: defaulted function definitions are incompatible with C++98 [-Wc++98-compat]
[build]    40 |     output_adapter_protocol& operator=(output_adapter_protocol&&) noexcept = default;
[build]       |                                                                              ^
[build] C:\Users\pperv\code\unnamed_rpg\vendor\json\include\nlohmann/detail/output/output_adapters.hpp(45,26): warning: alias declarations are incompatible with C++98 [-Wc++98-compat]
[build]    45 | using output_adapter_t = std::shared_ptr<output_adapter_protocol<CharType>>;
[build]       |                          ^
[build] C:\Users\pperv\code\unnamed_rpg\vendor\json\include\nlohmann/detail/output/output_adapters.hpp(45,74): warning: consecutive right angle brackets are incompatible with C++98 (use '> >') [-Wc++98-compat]
[build]    45 | using output_adapter_t = std::shared_ptr<output_adapter_protocol<CharType>>;
[build]       |                                                                          ^~
[build]       |                                                                          > >
[build] C:\Users\pperv\code\unnamed_rpg\vendor\json\include\nlohmann/detail/output/output_adapters.hpp(48,77): warning: consecutive right angle brackets are incompatible with C++98 (use '> >') [-Wc++98-compat]
[build]    48 | template<typename CharType, typename AllocatorType = std::allocator<CharType>>
[build]       |                                                                             ^~
[build]       |                                                                             > >
[build] C:\Users\pperv\code\unnamed_rpg\vendor\json\include\nlohmann/detail/output/output_adapters.hpp(53,9): warning: noexcept specifications are incompatible with C++98 [-Wc++98-compat]
[build]    53 |         : v(vec)
[build]       |         ^
[build] C:\Users\pperv\code\unnamed_rpg\vendor\json\include\nlohmann/detail/output/output_adapters.hpp(56,38): warning: 'override' keyword is incompatible with C++98 [-Wc++98-compat]
[build]    56 |     void write_character(CharType c) override
[build]       |                                      ^
[build] C:\Users\pperv\code\unnamed_rpg\vendor\json\include\nlohmann/detail/output/output_adapters.hpp(62,66): warning: 'override' keyword is incompatible with C++98 [-Wc++98-compat]
[build]    62 |     void write_characters(const CharType* s, std::size_t length) override
[build]       |                                                                  ^
[build] C:\Users\pperv\code\unnamed_rpg\vendor\json\include\nlohmann/detail/output/output_adapters.hpp(78,9): warning: noexcept specifications are incompatible with C++98 [-Wc++98-compat]
[build]    78 |         : stream(s)
[build]       |         ^
[build] C:\Users\pperv\code\unnamed_rpg\vendor\json\include\nlohmann/detail/output/output_adapters.hpp(81,38): warning: 'override' keyword is incompatible with C++98 [-Wc++98-compat]
[build]    81 |     void write_character(CharType c) override
[build]       |                                      ^
[build] C:\Users\pperv\code\unnamed_rpg\vendor\json\include\nlohmann/detail/output/output_adapters.hpp(87,66): warning: 'override' keyword is incompatible with C++98 [-Wc++98-compat]
[build]    87 |     void write_characters(const CharType* s, std::size_t length) override
[build]       |                                                                  ^
[build] C:\Users\pperv\code\unnamed_rpg\vendor\json\include\nlohmann/detail/output/output_adapters.hpp(98,77): warning: consecutive right angle brackets are incompatible with C++98 (use '> >') [-Wc++98-compat]
[build]    98 | template<typename CharType, typename StringType = std::basic_string<CharType>>
[build]       |                                                                             ^~
[build]       |                                                                             > >
[build] C:\Users\pperv\code\unnamed_rpg\vendor\json\include\nlohmann/detail/output/output_adapters.hpp(103,9): warning: noexcept specifications are incompatible with C++98 [-Wc++98-compat]
[build]   103 |         : str(s)
[build]       |         ^
[build] C:\Users\pperv\code\unnamed_rpg\vendor\json\include\nlohmann/detail/output/output_adapters.hpp(106,38): warning: 'override' keyword is incompatible with C++98 [-Wc++98-compat]
[build]   106 |     void write_character(CharType c) override
[build]       |                                      ^
[build] C:\Users\pperv\code\unnamed_rpg\vendor\json\include\nlohmann/detail/output/output_adapters.hpp(112,66): warning: 'override' keyword is incompatible with C++98 [-Wc++98-compat]
[build]   112 |     void write_characters(const CharType* s, std::size_t length) override
[build]       |                                                                  ^
[build] C:\Users\pperv\code\unnamed_rpg\vendor\json\include\nlohmann/detail/output/output_adapters.hpp(121,77): warning: consecutive right angle brackets are incompatible with C++98 (use '> >') [-Wc++98-compat]
[build]   121 | template<typename CharType, typename StringType = std::basic_string<CharType>>
[build]       |                                                                             ^~
[build]       |                                                                             > >
[build] C:\Users\pperv\code\unnamed_rpg\vendor\json\include\nlohmann/detail/output/output_adapters.hpp(125,62): warning: consecutive right angle brackets are incompatible with C++98 (use '> >') [-Wc++98-compat]
[build]   125 |     template<typename AllocatorType = std::allocator<CharType>>
[build]       |                                                              ^~
[build]       |                                                              > >
[build] C:\Users\pperv\code\unnamed_rpg\vendor\json\include\nlohmann/detail/output/output_adapters.hpp(125,23): warning: default template arguments for a function template are incompatible with C++98 [-Wc++98-compat]
[build]   125 |     template<typename AllocatorType = std::allocator<CharType>>
[build]       |                       ^               ~~~~~~~~~~~~~~~~~~~~~~~~
[build] C:\Users\pperv\code\unnamed_rpg\vendor\json\include\nlohmann/detail/output/output_adapters.hpp(143,35): warning: default member initializer for non-static data members is incompatible with C++98 [-Wc++98-compat]
[build]   143 |     output_adapter_t<CharType> oa = nullptr;
[build]       |                                   ^
[build] C:\Users\pperv\code\unnamed_rpg\vendor\json\include\nlohmann/detail/output/output_adapters.hpp(143,37): warning: 'nullptr' is incompatible with C++98 [-Wc++98-compat]
[build]   143 |     output_adapter_t<CharType> oa = nullptr;
[build]       |                                     ^
[build] In file included from C:\Users\pperv\code\unnamed_rpg\vendor\json-schema-validator\src\json-uri.cpp:9:
[build] In file included from C:\Users\pperv\code\unnamed_rpg\vendor\json-schema-validator\src\nlohmann/json-schema.hpp:24:
[build] In file included from C:\Users\pperv\code\unnamed_rpg\vendor\json\include\nlohmann/json.hpp:68:
[build] C:\Users\pperv\code\unnamed_rpg\vendor\json\include\nlohmann/detail/output/binary_writer.hpp(27,1): warning: empty macro arguments are incompatible with C++98 [-Wc++98-compat-pedantic]
[build]    27 | NLOHMANN_JSON_NAMESPACE_BEGIN
[build]       | ^
[build] C:\Users\pperv\code\unnamed_rpg\vendor\json\include\nlohmann/detail/abi_macros.hpp(102,17): note: expanded from macro 'NLOHMANN_JSON_NAMESPACE_BEGIN'
[build]   102 |                 NLOHMANN_JSON_ABI_TAGS,              \
[build]       |                 ^
[build] C:\Users\pperv\code\unnamed_rpg\vendor\json\include\nlohmann/detail/abi_macros.hpp(65,5): note: expanded from macro 'NLOHMANN_JSON_ABI_TAGS'
[build]    65 |     NLOHMANN_JSON_ABI_TAGS_CONCAT(                                   \
[build]       |     ^
[build] C:\Users\pperv\code\unnamed_rpg\vendor\json\include\nlohmann/detail/abi_macros.hpp(62,39): note: expanded from macro 'NLOHMANN_JSON_ABI_TAGS_CONCAT'
[build]    62 |     NLOHMANN_JSON_ABI_TAGS_CONCAT_EX(a, b, c)
[build]       |                                       ^
[build] In file included from C:\Users\pperv\code\unnamed_rpg\vendor\json-schema-validator\src\json-uri.cpp:9:
[build] In file included from C:\Users\pperv\code\unnamed_rpg\vendor\json-schema-validator\src\nlohmann/json-schema.hpp:24:
[build] In file included from C:\Users\pperv\code\unnamed_rpg\vendor\json\include\nlohmann/json.hpp:68:
[build] C:\Users\pperv\code\unnamed_rpg\vendor\json\include\nlohmann/detail/output/binary_writer.hpp(27,1): warning: empty macro arguments are incompatible with C++98 [-Wc++98-compat-pedantic]
[build] C:\Users\pperv\code\unnamed_rpg\vendor\json\include\nlohmann/detail/abi_macros.hpp(102,17): note: expanded from macro 'NLOHMANN_JSON_NAMESPACE_BEGIN'
[build]   102 |                 NLOHMANN_JSON_ABI_TAGS,              \
[build]       |                 ^
[build] C:\Users\pperv\code\unnamed_rpg\vendor\json\include\nlohmann/detail/abi_macros.hpp(65,5): note: expanded from macro 'NLOHMANN_JSON_ABI_TAGS'
[build]    65 |     NLOHMANN_JSON_ABI_TAGS_CONCAT(                                   \
[build]       |     ^
[build] C:\Users\pperv\code\unnamed_rpg\vendor\json\include\nlohmann/detail/abi_macros.hpp(62,42): note: expanded from macro 'NLOHMANN_JSON_ABI_TAGS_CONCAT'
[build]    62 |     NLOHMANN_JSON_ABI_TAGS_CONCAT_EX(a, b, c)
[build]       |                                          ^
[build] In file included from C:\Users\pperv\code\unnamed_rpg\vendor\json-schema-validator\src\json-uri.cpp:9:
[build] In file included from C:\Users\pperv\code\unnamed_rpg\vendor\json-schema-validator\src\nlohmann/json-schema.hpp:24:
[build] In file included from C:\Users\pperv\code\unnamed_rpg\vendor\json\include\nlohmann/json.hpp:68:
[build] C:\Users\pperv\code\unnamed_rpg\vendor\json\include\nlohmann/detail/output/binary_writer.hpp(27,1): warning: empty macro arguments are incompatible with C++98 [-Wc++98-compat-pedantic]
[build] C:\Users\pperv\code\unnamed_rpg\vendor\json\include\nlohmann/detail/abi_macros.hpp(102,17): note: expanded from macro 'NLOHMANN_JSON_NAMESPACE_BEGIN'
[build]   102 |                 NLOHMANN_JSON_ABI_TAGS,              \
[build]       |                 ^
[build] C:\Users\pperv\code\unnamed_rpg\vendor\json\include\nlohmann/detail/abi_macros.hpp(65,5): note: expanded from macro 'NLOHMANN_JSON_ABI_TAGS'
[build]    65 |     NLOHMANN_JSON_ABI_TAGS_CONCAT(                                   \
[build]       |     ^
[build] C:\Users\pperv\code\unnamed_rpg\vendor\json\include\nlohmann/detail/abi_macros.hpp(62,45): note: expanded from macro 'NLOHMANN_JSON_ABI_TAGS_CONCAT'
[build]    62 |     NLOHMANN_JSON_ABI_TAGS_CONCAT_EX(a, b, c)
[build]       |                                             ^
[build] In file included from C:\Users\pperv\code\unnamed_rpg\vendor\json-schema-validator\src\json-uri.cpp:9:
[build] In file included from C:\Users\pperv\code\unnamed_rpg\vendor\json-schema-validator\src\nlohmann/json-schema.hpp:24:
[build] In file included from C:\Users\pperv\code\unnamed_rpg\vendor\json\include\nlohmann/json.hpp:68:
[build] C:\Users\pperv\code\unnamed_rpg\vendor\json\include\nlohmann/detail/output/binary_writer.hpp(27,1): warning: inline namespaces are incompatible with C++98 [-Wc++98-compat]
[build] C:\Users\pperv\code\unnamed_rpg\vendor\json\include\nlohmann/detail/abi_macros.hpp(101,5): note: expanded from macro 'NLOHMANN_JSON_NAMESPACE_BEGIN'
[build]   101 |     inline namespace NLOHMANN_JSON_NAMESPACE_CONCAT( \
[build]       |     ^
[build] In file included from C:\Users\pperv\code\unnamed_rpg\vendor\json-schema-validator\src\json-uri.cpp:9:
[build] In file included from C:\Users\pperv\code\unnamed_rpg\vendor\json-schema-validator\src\nlohmann/json-schema.hpp:24:
[build] In file included from C:\Users\pperv\code\unnamed_rpg\vendor\json\include\nlohmann/json.hpp:68:
[build] C:\Users\pperv\code\unnamed_rpg\vendor\json\include\nlohmann/detail/output/binary_writer.hpp(32,6): warning: scoped enumerations are incompatible with C++98 [-Wc++98-compat]
[build]    32 | enum class bjdata_version_t
[build]       |      ^
[build] C:\Users\pperv\code\unnamed_rpg\vendor\json\include\nlohmann/detail/output/binary_writer.hpp(35,11): warning: commas at the end of enumerator lists are incompatible with C++98 [-Wc++98-compat-pedantic]
[build]    35 |     draft3,
[build]       |           ^
[build] C:\Users\pperv\code\unnamed_rpg\vendor\json\include\nlohmann/detail/output/binary_writer.hpp(48,22): warning: alias declarations are incompatible with C++98 [-Wc++98-compat]
[build]    48 |     using string_t = typename BasicJsonType::string_t;
[build]       |                      ^
[build] C:\Users\pperv\code\unnamed_rpg\vendor\json\include\nlohmann/detail/output/binary_writer.hpp(49,22): warning: alias declarations are incompatible with C++98 [-Wc++98-compat]
[build]    49 |     using binary_t = typename BasicJsonType::binary_t;
[build]       |                      ^
[build] C:\Users\pperv\code\unnamed_rpg\vendor\json\include\nlohmann/detail/output/binary_writer.hpp(50,28): warning: alias declarations are incompatible with C++98 [-Wc++98-compat]
[build]    50 |     using number_float_t = typename BasicJsonType::number_float_t;
[build]       |                            ^
[build] C:\Users\pperv\code\unnamed_rpg\vendor\json\include\nlohmann/detail/output/binary_writer.hpp(1099,12): warning: 'constexpr' specifier is incompatible with C++98 [-Wc++98-compat]
[build]  1099 |     static constexpr std::size_t calc_bson_unsigned_size(const std::uint64_t value) noexcept
[build]       |            ^
[build] C:\Users\pperv\code\unnamed_rpg\vendor\json\include\nlohmann/detail/output/binary_writer.hpp(1100,5): warning: noexcept specifications are incompatible with C++98 [-Wc++98-compat]
[build]  1100 |     {
[build]       |     ^
[build] C:\Users\pperv\code\unnamed_rpg\vendor\json\include\nlohmann/detail/output/binary_writer.hpp(1325,12): warning: 'constexpr' specifier is incompatible with C++98 [-Wc++98-compat]
[build]  1325 |     static constexpr CharType get_cbor_float_prefix(float /*unused*/)
[build]       |            ^
[build] C:\Users\pperv\code\unnamed_rpg\vendor\json\include\nlohmann/detail/output/binary_writer.hpp(1330,12): warning: 'constexpr' specifier is incompatible with C++98 [-Wc++98-compat]
[build]  1330 |     static constexpr CharType get_cbor_float_prefix(double /*unused*/)
[build]       |            ^
[build] C:\Users\pperv\code\unnamed_rpg\vendor\json\include\nlohmann/detail/output/binary_writer.hpp(1339,12): warning: 'constexpr' specifier is incompatible with C++98 [-Wc++98-compat]
[build]  1339 |     static constexpr CharType get_msgpack_float_prefix(float /*unused*/)
[build]       |            ^
[build] C:\Users\pperv\code\unnamed_rpg\vendor\json\include\nlohmann/detail/output/binary_writer.hpp(1344,12): warning: 'constexpr' specifier is incompatible with C++98 [-Wc++98-compat]
[build]  1344 |     static constexpr CharType get_msgpack_float_prefix(double /*unused*/)
[build]       |            ^
[build] C:\Users\pperv\code\unnamed_rpg\vendor\json\include\nlohmann/detail/output/binary_writer.hpp(1355,72): warning: default template arguments for a function template are incompatible with C++98 [-Wc++98-compat]
[build]  1355 |                  std::is_floating_point<NumberType>::value, int>::type = 0>
[build]       |                                                                        ^ ~
[build] C:\Users\pperv\code\unnamed_rpg\vendor\json\include\nlohmann/detail/output/binary_writer.hpp(1369,66): warning: default template arguments for a function template are incompatible with C++98 [-Wc++98-compat]
[build]  1369 |                  std::is_unsigned<NumberType>::value, int>::type = 0>
[build]       |                                                                  ^ ~
[build] C:\Users\pperv\code\unnamed_rpg\vendor\json\include\nlohmann/detail/output/binary_writer.hpp(1457,76): warning: default template arguments for a function template are incompatible with C++98 [-Wc++98-compat]
[build]  1457 |                    !std::is_floating_point<NumberType>::value, int >::type = 0 >
[build]       |                                                                            ^ ~
[build] C:\Users\pperv\code\unnamed_rpg\vendor\json\include\nlohmann/detail/output/binary_writer.hpp(1540,5): warning: noexcept specifications are incompatible with C++98 [-Wc++98-compat]
[build]  1540 |     {
[build]       |     ^
[build] C:\Users\pperv\code\unnamed_rpg\vendor\json\include\nlohmann/detail/output/binary_writer.hpp(1640,12): warning: 'constexpr' specifier is incompatible with C++98 [-Wc++98-compat]
[build]  1640 |     static constexpr CharType get_ubjson_float_prefix(float /*unused*/)
[build]       |            ^
[build] C:\Users\pperv\code\unnamed_rpg\vendor\json\include\nlohmann/detail/output/binary_writer.hpp(1645,12): warning: 'constexpr' specifier is incompatible with C++98 [-Wc++98-compat]
[build]  1645 |     static constexpr CharType get_ubjson_float_prefix(double /*unused*/)
[build]       |            ^
[build] C:\Users\pperv\code\unnamed_rpg\vendor\json\include\nlohmann/detail/output/binary_writer.hpp(1874,92): warning: 'nullptr' is incompatible with C++98 [-Wc++98-compat]
[build]  1874 |                enable_if_t < std::is_signed<C>::value && std::is_signed<char>::value > * = nullptr >
[build]       |                                                                                            ^
[build] C:\Users\pperv\code\unnamed_rpg\vendor\json\include\nlohmann/detail/output/binary_writer.hpp(1875,12): warning: 'constexpr' specifier is incompatible with C++98 [-Wc++98-compat]
[build]  1875 |     static constexpr CharType to_char_type(std::uint8_t x) noexcept
[build]       |            ^
[build] C:\Users\pperv\code\unnamed_rpg\vendor\json\include\nlohmann/detail/output/binary_writer.hpp(1876,5): warning: noexcept specifications are incompatible with C++98 [-Wc++98-compat]
[build]  1876 |     {
[build]       |     ^
[build] C:\Users\pperv\code\unnamed_rpg\vendor\json\include\nlohmann/detail/output/binary_writer.hpp(1873,25): warning: default template arguments for a function template are incompatible with C++98 [-Wc++98-compat]
[build]  1873 |     template < typename C = CharType,
[build]       |                         ^   ~~~~~~~~
[build] C:\Users\pperv\code\unnamed_rpg\vendor\json\include\nlohmann/detail/output/binary_writer.hpp(1874,90): warning: default template arguments for a function template are incompatible with C++98 [-Wc++98-compat]
[build]  1874 |                enable_if_t < std::is_signed<C>::value && std::is_signed<char>::value > * = nullptr >
[build]       |                                                                                          ^ ~~~~~~~
[build] C:\Users\pperv\code\unnamed_rpg\vendor\json\include\nlohmann/detail/output/binary_writer.hpp(1881,94): warning: 'nullptr' is incompatible with C++98 [-Wc++98-compat]
[build]  1881 |                enable_if_t < std::is_signed<C>::value && std::is_unsigned<char>::value > * = nullptr >
[build]       |                                                                                              ^
[build] C:\Users\pperv\code\unnamed_rpg\vendor\json\include\nlohmann/detail/output/binary_writer.hpp(1883,5): warning: noexcept specifications are incompatible with C++98 [-Wc++98-compat]
[build]  1883 |     {
[build]       |     ^
[build] C:\Users\pperv\code\unnamed_rpg\vendor\json\include\nlohmann/detail/output/binary_writer.hpp(1880,25): warning: default template arguments for a function template are incompatible with C++98 [-Wc++98-compat]
[build]  1880 |     template < typename C = CharType,
[build]       |                         ^   ~~~~~~~~
[build] C:\Users\pperv\code\unnamed_rpg\vendor\json\include\nlohmann/detail/output/binary_writer.hpp(1881,92): warning: default template arguments for a function template are incompatible with C++98 [-Wc++98-compat]
[build]  1881 |                enable_if_t < std::is_signed<C>::value && std::is_unsigned<char>::value > * = nullptr >
[build]       |                                                                                            ^ ~~~~~~~
[build] C:\Users\pperv\code\unnamed_rpg\vendor\json\include\nlohmann/detail/output/binary_writer.hpp(1905,57): warning: 'nullptr' is incompatible with C++98 [-Wc++98-compat]
[build]  1905 |              enable_if_t<std::is_unsigned<C>::value>* = nullptr>
[build]       |                                                         ^
[build] C:\Users\pperv\code\unnamed_rpg\vendor\json\include\nlohmann/detail/output/binary_writer.hpp(1906,12): warning: 'constexpr' specifier is incompatible with C++98 [-Wc++98-compat]
[build]  1906 |     static constexpr CharType to_char_type(std::uint8_t x) noexcept
[build]       |            ^
[build] C:\Users\pperv\code\unnamed_rpg\vendor\json\include\nlohmann/detail/output/binary_writer.hpp(1907,5): warning: noexcept specifications are incompatible with C++98 [-Wc++98-compat]
[build]  1907 |     {
[build]       |     ^
[build] C:\Users\pperv\code\unnamed_rpg\vendor\json\include\nlohmann/detail/output/binary_writer.hpp(1904,23): warning: default template arguments for a function template are incompatible with C++98 [-Wc++98-compat]
[build]  1904 |     template<typename C = CharType,
[build]       |                       ^   ~~~~~~~~
[build] C:\Users\pperv\code\unnamed_rpg\vendor\json\include\nlohmann/detail/output/binary_writer.hpp(1905,55): warning: default template arguments for a function template are incompatible with C++98 [-Wc++98-compat]
[build]  1905 |              enable_if_t<std::is_unsigned<C>::value>* = nullptr>
[build]       |                                                       ^ ~~~~~~~
[build] C:\Users\pperv\code\unnamed_rpg\vendor\json\include\nlohmann/detail/output/binary_writer.hpp(1916,26): warning: 'nullptr' is incompatible with C++98 [-Wc++98-compat]
[build]  1916 |                    > * = nullptr >
[build]       |                          ^
[build] C:\Users\pperv\code\unnamed_rpg\vendor\json\include\nlohmann/detail/output/binary_writer.hpp(1917,12): warning: 'constexpr' specifier is incompatible with C++98 [-Wc++98-compat]
[build]  1917 |     static constexpr CharType to_char_type(InputCharType x) noexcept
[build]       |            ^
[build] C:\Users\pperv\code\unnamed_rpg\vendor\json\include\nlohmann/detail/output/binary_writer.hpp(1918,5): warning: noexcept specifications are incompatible with C++98 [-Wc++98-compat]
[build]  1918 |     {
[build]       |     ^
[build] C:\Users\pperv\code\unnamed_rpg\vendor\json\include\nlohmann/detail/output/binary_writer.hpp(1911,49): warning: default template arguments for a function template are incompatible with C++98 [-Wc++98-compat]
[build]  1911 |     template < typename InputCharType, typename C = CharType,
[build]       |                                                 ^   ~~~~~~~~
[build] C:\Users\pperv\code\unnamed_rpg\vendor\json\include\nlohmann/detail/output/binary_writer.hpp(1916,24): warning: default template arguments for a function template are incompatible with C++98 [-Wc++98-compat]
[build]  1916 |                    > * = nullptr >
[build]       |                        ^ ~~~~~~~
[build] C:\Users\pperv\code\unnamed_rpg\vendor\json\include\nlohmann/detail/output/binary_writer.hpp(1924,33): warning: default member initializer for non-static data members is incompatible with C++98 [-Wc++98-compat]
[build]  1924 |     const bool is_little_endian = little_endianness();
[build]       |                                 ^
[build] C:\Users\pperv\code\unnamed_rpg\vendor\json\include\nlohmann/detail/output/binary_writer.hpp(1927,35): warning: default member initializer for non-static data members is incompatible with C++98 [-Wc++98-compat]
[build]  1927 |     output_adapter_t<CharType> oa = nullptr;
[build]       |                                   ^
[build] C:\Users\pperv\code\unnamed_rpg\vendor\json\include\nlohmann/detail/output/binary_writer.hpp(749,94): warning: enumeration type in nested name specifier is incompatible with C++98 [-Wc++98-compat]
[build]   749 |                       const bool use_bjdata = false, const bjdata_version_t bjdata_version = bjdata_version_t::draft2)
[build]       |                                                                                              ^
[build] C:\Users\pperv\code\unnamed_rpg\vendor\json\include\nlohmann/detail/output/binary_writer.hpp(1927,37): warning: 'nullptr' is incompatible with C++98 [-Wc++98-compat]
[build]  1927 |     output_adapter_t<CharType> oa = nullptr;
[build]       |                                     ^
[build] In file included from C:\Users\pperv\code\unnamed_rpg\vendor\json-schema-validator\src\json-uri.cpp:9:
[build] In file included from C:\Users\pperv\code\unnamed_rpg\vendor\json-schema-validator\src\nlohmann/json-schema.hpp:24:
[build] In file included from C:\Users\pperv\code\unnamed_rpg\vendor\json\include\nlohmann/json.hpp:70:
[build] In file included from C:\Users\pperv\code\unnamed_rpg\vendor\json\include\nlohmann/detail/output/serializer.hpp:25:
[build] C:\Users\pperv\code\unnamed_rpg\vendor\json\include\nlohmann/detail/conversions/to_chars.hpp(21,1): warning: empty macro arguments are incompatible with C++98 [-Wc++98-compat-pedantic]
[build]    21 | NLOHMANN_JSON_NAMESPACE_BEGIN
[build]       | ^
[build] C:\Users\pperv\code\unnamed_rpg\vendor\json\include\nlohmann/detail/abi_macros.hpp(102,17): note: expanded from macro 'NLOHMANN_JSON_NAMESPACE_BEGIN'
[build]   102 |                 NLOHMANN_JSON_ABI_TAGS,              \
[build]       |                 ^
[build] C:\Users\pperv\code\unnamed_rpg\vendor\json\include\nlohmann/detail/abi_macros.hpp(65,5): note: expanded from macro 'NLOHMANN_JSON_ABI_TAGS'
[build]    65 |     NLOHMANN_JSON_ABI_TAGS_CONCAT(                                   \
[build]       |     ^
[build] C:\Users\pperv\code\unnamed_rpg\vendor\json\include\nlohmann/detail/abi_macros.hpp(62,39): note: expanded from macro 'NLOHMANN_JSON_ABI_TAGS_CONCAT'
[build]    62 |     NLOHMANN_JSON_ABI_TAGS_CONCAT_EX(a, b, c)
[build]       |                                       ^
[build] In file included from C:\Users\pperv\code\unnamed_rpg\vendor\json-schema-validator\src\json-uri.cpp:9:
[build] In file included from C:\Users\pperv\code\unnamed_rpg\vendor\json-schema-validator\src\nlohmann/json-schema.hpp:24:
[build] In file included from C:\Users\pperv\code\unnamed_rpg\vendor\json\include\nlohmann/json.hpp:70:
[build] In file included from C:\Users\pperv\code\unnamed_rpg\vendor\json\include\nlohmann/detail/output/serializer.hpp:25:
[build] C:\Users\pperv\code\unnamed_rpg\vendor\json\include\nlohmann/detail/conversions/to_chars.hpp(21,1): warning: empty macro arguments are incompatible with C++98 [-Wc++98-compat-pedantic]
[build] C:\Users\pperv\code\unnamed_rpg\vendor\json\include\nlohmann/detail/abi_macros.hpp(102,17): note: expanded from macro 'NLOHMANN_JSON_NAMESPACE_BEGIN'
[build]   102 |                 NLOHMANN_JSON_ABI_TAGS,              \
[build]       |                 ^
[build] C:\Users\pperv\code\unnamed_rpg\vendor\json\include\nlohmann/detail/abi_macros.hpp(65,5): note: expanded from macro 'NLOHMANN_JSON_ABI_TAGS'
[build]    65 |     NLOHMANN_JSON_ABI_TAGS_CONCAT(                                   \
[build]       |     ^
[build] C:\Users\pperv\code\unnamed_rpg\vendor\json\include\nlohmann/detail/abi_macros.hpp(62,42): note: expanded from macro 'NLOHMANN_JSON_ABI_TAGS_CONCAT'
[build]    62 |     NLOHMANN_JSON_ABI_TAGS_CONCAT_EX(a, b, c)
[build]       |                                          ^
[build] In file included from C:\Users\pperv\code\unnamed_rpg\vendor\json-schema-validator\src\json-uri.cpp:9:
[build] In file included from C:\Users\pperv\code\unnamed_rpg\vendor\json-schema-validator\src\nlohmann/json-schema.hpp:24:
[build] In file included from C:\Users\pperv\code\unnamed_rpg\vendor\json\include\nlohmann/json.hpp:70:
[build] In file included from C:\Users\pperv\code\unnamed_rpg\vendor\json\include\nlohmann/detail/output/serializer.hpp:25:
[build] C:\Users\pperv\code\unnamed_rpg\vendor\json\include\nlohmann/detail/conversions/to_chars.hpp(21,1): warning: empty macro arguments are incompatible with C++98 [-Wc++98-compat-pedantic]
[build] C:\Users\pperv\code\unnamed_rpg\vendor\json\include\nlohmann/detail/abi_macros.hpp(102,17): note: expanded from macro 'NLOHMANN_JSON_NAMESPACE_BEGIN'
[build]   102 |                 NLOHMANN_JSON_ABI_TAGS,              \
[build]       |                 ^
[build] C:\Users\pperv\code\unnamed_rpg\vendor\json\include\nlohmann/detail/abi_macros.hpp(65,5): note: expanded from macro 'NLOHMANN_JSON_ABI_TAGS'
[build]    65 |     NLOHMANN_JSON_ABI_TAGS_CONCAT(                                   \
[build]       |     ^
[build] C:\Users\pperv\code\unnamed_rpg\vendor\json\include\nlohmann/detail/abi_macros.hpp(62,45): note: expanded from macro 'NLOHMANN_JSON_ABI_TAGS_CONCAT'
[build]    62 |     NLOHMANN_JSON_ABI_TAGS_CONCAT_EX(a, b, c)
[build]       |                                             ^
[build] In file included from C:\Users\pperv\code\unnamed_rpg\vendor\json-schema-validator\src\json-uri.cpp:9:
[build] In file included from C:\Users\pperv\code\unnamed_rpg\vendor\json-schema-validator\src\nlohmann/json-schema.hpp:24:
[build] In file included from C:\Users\pperv\code\unnamed_rpg\vendor\json\include\nlohmann/json.hpp:70:
[build] In file included from C:\Users\pperv\code\unnamed_rpg\vendor\json\include\nlohmann/detail/output/serializer.hpp:25:
[build] C:\Users\pperv\code\unnamed_rpg\vendor\json\include\nlohmann/detail/conversions/to_chars.hpp(21,1): warning: inline namespaces are incompatible with C++98 [-Wc++98-compat]
[build] C:\Users\pperv\code\unnamed_rpg\vendor\json\include\nlohmann/detail/abi_macros.hpp(101,5): note: expanded from macro 'NLOHMANN_JSON_NAMESPACE_BEGIN'
[build]   101 |     inline namespace NLOHMANN_JSON_NAMESPACE_CONCAT( \
[build]       |     ^
[build] In file included from C:\Users\pperv\code\unnamed_rpg\vendor\json-schema-validator\src\json-uri.cpp:9:
[build] In file included from C:\Users\pperv\code\unnamed_rpg\vendor\json-schema-validator\src\nlohmann/json-schema.hpp:24:
[build] In file included from C:\Users\pperv\code\unnamed_rpg\vendor\json\include\nlohmann/json.hpp:70:
[build] In file included from C:\Users\pperv\code\unnamed_rpg\vendor\json\include\nlohmann/detail/output/serializer.hpp:25:
[build] C:\Users\pperv\code\unnamed_rpg\vendor\json\include\nlohmann/detail/conversions/to_chars.hpp(59,12): warning: 'constexpr' specifier is incompatible with C++98 [-Wc++98-compat]
[build]    59 |     static constexpr int kPrecision = 64; // = q
[build]       |            ^
[build] C:\Users\pperv\code\unnamed_rpg\vendor\json\include\nlohmann/detail/conversions/to_chars.hpp(61,21): warning: default member initializer for non-static data members is incompatible with C++98 [-Wc++98-compat]
[build]    61 |     std::uint64_t f = 0;
[build]       |                     ^
[build] C:\Users\pperv\code\unnamed_rpg\vendor\json\include\nlohmann/detail/conversions/to_chars.hpp(62,11): warning: default member initializer for non-static data members is incompatible with C++98 [-Wc++98-compat]
[build]    62 |     int e = 0;
[build]       |           ^
[build] C:\Users\pperv\code\unnamed_rpg\vendor\json\include\nlohmann/detail/conversions/to_chars.hpp(64,5): warning: 'constexpr' specifier is incompatible with C++98 [-Wc++98-compat]
[build]    64 |     constexpr diyfp(std::uint64_t f_, int e_) noexcept : f(f_), e(e_) {}
[build]       |     ^
[build] C:\Users\pperv\code\unnamed_rpg\vendor\json\include\nlohmann/detail/conversions/to_chars.hpp(64,56): warning: noexcept specifications are incompatible with C++98 [-Wc++98-compat]
[build]    64 |     constexpr diyfp(std::uint64_t f_, int e_) noexcept : f(f_), e(e_) {}
[build]       |                                                        ^
[build] C:\Users\pperv\code\unnamed_rpg\vendor\json\include\nlohmann/detail/conversions/to_chars.hpp(71,5): warning: noexcept specifications are incompatible with C++98 [-Wc++98-compat]
[build]    71 |     {
[build]       |     ^
[build] C:\Users\pperv\code\unnamed_rpg\vendor\json\include\nlohmann/detail/conversions/to_chars.hpp(83,5): warning: noexcept specifications are incompatible with C++98 [-Wc++98-compat]
[build]    83 |     {
[build]       |     ^
[build] C:\Users\pperv\code\unnamed_rpg\vendor\json\include\nlohmann/detail/conversions/to_chars.hpp(148,5): warning: noexcept specifications are incompatible with C++98 [-Wc++98-compat]
[build]   148 |     {
[build]       |     ^
[build] C:\Users\pperv\code\unnamed_rpg\vendor\json\include\nlohmann/detail/conversions/to_chars.hpp(165,5): warning: noexcept specifications are incompatible with C++98 [-Wc++98-compat]
[build]   165 |     {
[build]       |     ^
[build] C:\Users\pperv\code\unnamed_rpg\vendor\json\include\nlohmann/detail/conversions/to_chars.hpp(57,8): warning: padding size of 'nlohmann::detail::dtoa_impl::diyfp' with 4 bytes to alignment boundary [-Wpadded]
[build]    57 | struct diyfp // f * 2^e
[build]       |        ^
[build] C:\Users\pperv\code\unnamed_rpg\vendor\json\include\nlohmann/detail/conversions/to_chars.hpp(75,16): warning: generalized initializer lists are incompatible with C++98 [-Wc++98-compat]
[build]    75 |         return {x.f - y.f, x.e};
[build]       |                ^~~~~~~~~~~~~~~~
[build] C:\Users\pperv\code\unnamed_rpg\vendor\json\include\nlohmann/detail/conversions/to_chars.hpp(75,16): warning: constructor call from initializer list is incompatible with C++98 [-Wc++98-compat]
[build]    75 |         return {x.f - y.f, x.e};
[build]       |                ^~~~~~~~~~~~~~~~
[build] C:\Users\pperv\code\unnamed_rpg\vendor\json\include\nlohmann/detail/conversions/to_chars.hpp(84,9): warning: 'static_assert' declarations are incompatible with C++98 [-Wc++98-compat]
[build]    84 |         static_assert(kPrecision == 64, "internal error");
[build]       |         ^
[build] C:\Users\pperv\code\unnamed_rpg\vendor\json\include\nlohmann/detail/conversions/to_chars.hpp(136,27): warning: generalized initializer lists are incompatible with C++98 [-Wc++98-compat]
[build]   136 |         Q += std::uint64_t{1} << (64u - 32u - 1u); // round, ties up
[build]       |                           ^
[build] C:\Users\pperv\code\unnamed_rpg\vendor\json\include\nlohmann/detail/conversions/to_chars.hpp(140,16): warning: generalized initializer lists are incompatible with C++98 [-Wc++98-compat]
[build]   140 |         return {h, x.e + y.e + 64};
[build]       |                ^~~~~~~~~~~~~~~~~~~
[build] C:\Users\pperv\code\unnamed_rpg\vendor\json\include\nlohmann/detail/conversions/to_chars.hpp(140,16): warning: constructor call from initializer list is incompatible with C++98 [-Wc++98-compat]
[build]   140 |         return {h, x.e + y.e + 64};
[build]       |                ^~~~~~~~~~~~~~~~~~~
[build] C:\Users\pperv\code\unnamed_rpg\vendor\json\include\nlohmann/detail/conversions/to_chars.hpp(171,16): warning: generalized initializer lists are incompatible with C++98 [-Wc++98-compat]
[build]   171 |         return {x.f << delta, target_exponent};
[build]       |                ^~~~~~~~~~~~~~~~~~~~~~~~~~~~~~~
[build] C:\Users\pperv\code\unnamed_rpg\vendor\json\include\nlohmann/detail/conversions/to_chars.hpp(171,16): warning: constructor call from initializer list is incompatible with C++98 [-Wc++98-compat]
[build]   171 |         return {x.f << delta, target_exponent};
[build]       |                ^~~~~~~~~~~~~~~~~~~~~~~~~~~~~~~
[build] C:\Users\pperv\code\unnamed_rpg\vendor\json\include\nlohmann/detail/conversions/to_chars.hpp(311,1): warning: 'constexpr' specifier is incompatible with C++98 [-Wc++98-compat]
[build]   311 | constexpr int kAlpha = -60;
[build]       | ^
[build] C:\Users\pperv\code\unnamed_rpg\vendor\json\include\nlohmann/detail/conversions/to_chars.hpp(312,1): warning: 'constexpr' specifier is incompatible with C++98 [-Wc++98-compat]
[build]   312 | constexpr int kGamma = -32;
[build]       | ^
[build] C:\Users\pperv\code\unnamed_rpg\vendor\json\include\nlohmann/detail/conversions/to_chars.hpp(380,5): warning: 'constexpr' specifier is incompatible with C++98 [-Wc++98-compat]
[build]   380 |     constexpr int kCachedPowersMinDecExp = -300;
[build]       |     ^
[build] C:\Users\pperv\code\unnamed_rpg\vendor\json\include\nlohmann/detail/conversions/to_chars.hpp(381,5): warning: 'constexpr' specifier is incompatible with C++98 [-Wc++98-compat]
[build]   381 |     constexpr int kCachedPowersDecStep = 8;
[build]       |     ^
[build] C:\Users\pperv\code\unnamed_rpg\vendor\json\include\nlohmann/detail/conversions/to_chars.hpp(383,12): warning: 'constexpr' specifier is incompatible with C++98 [-Wc++98-compat]
[build]   383 |     static constexpr std::array<cached_power, 79> kCachedPowers =
[build]       |            ^
[build] C:\Users\pperv\code\unnamed_rpg\vendor\json\include\nlohmann/detail/conversions/to_chars.hpp(386,15): warning: 'long long' is incompatible with C++98 [-Wc++98-compat-pedantic]
[build]   386 |             { 0xAB70FE17C79AC6CA, -1060, -300 },
[build]       |               ^
[build] C:\Users\pperv\code\unnamed_rpg\vendor\json\include\nlohmann/detail/conversions/to_chars.hpp(387,15): warning: 'long long' is incompatible with C++98 [-Wc++98-compat-pedantic]
[build]   387 |             { 0xFF77B1FCBEBCDC4F, -1034, -292 },
[build]       |               ^
[build] C:\Users\pperv\code\unnamed_rpg\vendor\json\include\nlohmann/detail/conversions/to_chars.hpp(388,15): warning: 'long long' is incompatible with C++98 [-Wc++98-compat-pedantic]
[build]   388 |             { 0xBE5691EF416BD60C, -1007, -284 },
[build]       |               ^
[build] C:\Users\pperv\code\unnamed_rpg\vendor\json\include\nlohmann/detail/conversions/to_chars.hpp(389,15): warning: 'long long' is incompatible with C++98 [-Wc++98-compat-pedantic]
[build]   389 |             { 0x8DD01FAD907FFC3C,  -980, -276 },
[build]       |               ^
[build] C:\Users\pperv\code\unnamed_rpg\vendor\json\include\nlohmann/detail/conversions/to_chars.hpp(390,15): warning: 'long long' is incompatible with C++98 [-Wc++98-compat-pedantic]
[build]   390 |             { 0xD3515C2831559A83,  -954, -268 },
[build]       |               ^
[build] C:\Users\pperv\code\unnamed_rpg\vendor\json\include\nlohmann/detail/conversions/to_chars.hpp(391,15): warning: 'long long' is incompatible with C++98 [-Wc++98-compat-pedantic]
[build]   391 |             { 0x9D71AC8FADA6C9B5,  -927, -260 },
[build]       |               ^
[build] C:\Users\pperv\code\unnamed_rpg\vendor\json\include\nlohmann/detail/conversions/to_chars.hpp(392,15): warning: 'long long' is incompatible with C++98 [-Wc++98-compat-pedantic]
[build]   392 |             { 0xEA9C227723EE8BCB,  -901, -252 },
[build]       |               ^
[build] C:\Users\pperv\code\unnamed_rpg\vendor\json\include\nlohmann/detail/conversions/to_chars.hpp(393,15): warning: 'long long' is incompatible with C++98 [-Wc++98-compat-pedantic]
[build]   393 |             { 0xAECC49914078536D,  -874, -244 },
[build]       |               ^
[build] C:\Users\pperv\code\unnamed_rpg\vendor\json\include\nlohmann/detail/conversions/to_chars.hpp(394,15): warning: 'long long' is incompatible with C++98 [-Wc++98-compat-pedantic]
[build]   394 |             { 0x823C12795DB6CE57,  -847, -236 },
[build]       |               ^
[build] C:\Users\pperv\code\unnamed_rpg\vendor\json\include\nlohmann/detail/conversions/to_chars.hpp(395,15): warning: 'long long' is incompatible with C++98 [-Wc++98-compat-pedantic]
[build]   395 |             { 0xC21094364DFB5637,  -821, -228 },
[build]       |               ^
[build] C:\Users\pperv\code\unnamed_rpg\vendor\json\include\nlohmann/detail/conversions/to_chars.hpp(396,15): warning: 'long long' is incompatible with C++98 [-Wc++98-compat-pedantic]
[build]   396 |             { 0x9096EA6F3848984F,  -794, -220 },
[build]       |               ^
[build] C:\Users\pperv\code\unnamed_rpg\vendor\json\include\nlohmann/detail/conversions/to_chars.hpp(397,15): warning: 'long long' is incompatible with C++98 [-Wc++98-compat-pedantic]
[build]   397 |             { 0xD77485CB25823AC7,  -768, -212 },
[build]       |               ^
[build] C:\Users\pperv\code\unnamed_rpg\vendor\json\include\nlohmann/detail/conversions/to_chars.hpp(398,15): warning: 'long long' is incompatible with C++98 [-Wc++98-compat-pedantic]
[build]   398 |             { 0xA086CFCD97BF97F4,  -741, -204 },
[build]       |               ^
[build] C:\Users\pperv\code\unnamed_rpg\vendor\json\include\nlohmann/detail/conversions/to_chars.hpp(399,15): warning: 'long long' is incompatible with C++98 [-Wc++98-compat-pedantic]
[build]   399 |             { 0xEF340A98172AACE5,  -715, -196 },
[build]       |               ^
[build] C:\Users\pperv\code\unnamed_rpg\vendor\json\include\nlohmann/detail/conversions/to_chars.hpp(400,15): warning: 'long long' is incompatible with C++98 [-Wc++98-compat-pedantic]
[build]   400 |             { 0xB23867FB2A35B28E,  -688, -188 },
[build]       |               ^
[build] C:\Users\pperv\code\unnamed_rpg\vendor\json\include\nlohmann/detail/conversions/to_chars.hpp(401,15): warning: 'long long' is incompatible with C++98 [-Wc++98-compat-pedantic]
[build]   401 |             { 0x84C8D4DFD2C63F3B,  -661, -180 },
[build]       |               ^
[build] C:\Users\pperv\code\unnamed_rpg\vendor\json\include\nlohmann/detail/conversions/to_chars.hpp(402,15): warning: 'long long' is incompatible with C++98 [-Wc++98-compat-pedantic]
[build]   402 |             { 0xC5DD44271AD3CDBA,  -635, -172 },
[build]       |               ^
[build] C:\Users\pperv\code\unnamed_rpg\vendor\json\include\nlohmann/detail/conversions/to_chars.hpp(403,15): warning: 'long long' is incompatible with C++98 [-Wc++98-compat-pedantic]
[build]   403 |             { 0x936B9FCEBB25C996,  -608, -164 },
[build]       |               ^
[build] C:\Users\pperv\code\unnamed_rpg\vendor\json\include\nlohmann/detail/conversions/to_chars.hpp(404,15): warning: 'long long' is incompatible with C++98 [-Wc++98-compat-pedantic]
[build]   404 |             { 0xDBAC6C247D62A584,  -582, -156 },
[build]       |               ^
[build] C:\Users\pperv\code\unnamed_rpg\vendor\json\include\nlohmann/detail/conversions/to_chars.hpp(405,15): warning: 'long long' is incompatible with C++98 [-Wc++98-compat-pedantic]
[build]   405 |             { 0xA3AB66580D5FDAF6,  -555, -148 },
[build]       |               ^
[build] C:\Users\pperv\code\unnamed_rpg\vendor\json\include\nlohmann/detail/conversions/to_chars.hpp(406,15): warning: 'long long' is incompatible with C++98 [-Wc++98-compat-pedantic]
[build]   406 |             { 0xF3E2F893DEC3F126,  -529, -140 },
[build]       |               ^
[build] C:\Users\pperv\code\unnamed_rpg\vendor\json\include\nlohmann/detail/conversions/to_chars.hpp(407,15): warning: 'long long' is incompatible with C++98 [-Wc++98-compat-pedantic]
[build]   407 |             { 0xB5B5ADA8AAFF80B8,  -502, -132 },
[build]       |               ^
[build] C:\Users\pperv\code\unnamed_rpg\vendor\json\include\nlohmann/detail/conversions/to_chars.hpp(408,15): warning: 'long long' is incompatible with C++98 [-Wc++98-compat-pedantic]
[build]   408 |             { 0x87625F056C7C4A8B,  -475, -124 },
[build]       |               ^
[build] C:\Users\pperv\code\unnamed_rpg\vendor\json\include\nlohmann/detail/conversions/to_chars.hpp(409,15): warning: 'long long' is incompatible with C++98 [-Wc++98-compat-pedantic]
[build]   409 |             { 0xC9BCFF6034C13053,  -449, -116 },
[build]       |               ^
[build] C:\Users\pperv\code\unnamed_rpg\vendor\json\include\nlohmann/detail/conversions/to_chars.hpp(410,15): warning: 'long long' is incompatible with C++98 [-Wc++98-compat-pedantic]
[build]   410 |             { 0x964E858C91BA2655,  -422, -108 },
[build]       |               ^
[build] C:\Users\pperv\code\unnamed_rpg\vendor\json\include\nlohmann/detail/conversions/to_chars.hpp(411,15): warning: 'long long' is incompatible with C++98 [-Wc++98-compat-pedantic]
[build]   411 |             { 0xDFF9772470297EBD,  -396, -100 },
[build]       |               ^
[build] C:\Users\pperv\code\unnamed_rpg\vendor\json\include\nlohmann/detail/conversions/to_chars.hpp(412,15): warning: 'long long' is incompatible with C++98 [-Wc++98-compat-pedantic]
[build]   412 |             { 0xA6DFBD9FB8E5B88F,  -369,  -92 },
[build]       |               ^
[build] C:\Users\pperv\code\unnamed_rpg\vendor\json\include\nlohmann/detail/conversions/to_chars.hpp(413,15): warning: 'long long' is incompatible with C++98 [-Wc++98-compat-pedantic]
[build]   413 |             { 0xF8A95FCF88747D94,  -343,  -84 },
[build]       |               ^
[build] C:\Users\pperv\code\unnamed_rpg\vendor\json\include\nlohmann/detail/conversions/to_chars.hpp(414,15): warning: 'long long' is incompatible with C++98 [-Wc++98-compat-pedantic]
[build]   414 |             { 0xB94470938FA89BCF,  -316,  -76 },
[build]       |               ^
[build] C:\Users\pperv\code\unnamed_rpg\vendor\json\include\nlohmann/detail/conversions/to_chars.hpp(415,15): warning: 'long long' is incompatible with C++98 [-Wc++98-compat-pedantic]
[build]   415 |             { 0x8A08F0F8BF0F156B,  -289,  -68 },
[build]       |               ^
[build] C:\Users\pperv\code\unnamed_rpg\vendor\json\include\nlohmann/detail/conversions/to_chars.hpp(416,15): warning: 'long long' is incompatible with C++98 [-Wc++98-compat-pedantic]
[build]   416 |             { 0xCDB02555653131B6,  -263,  -60 },
[build]       |               ^
[build] C:\Users\pperv\code\unnamed_rpg\vendor\json\include\nlohmann/detail/conversions/to_chars.hpp(417,15): warning: 'long long' is incompatible with C++98 [-Wc++98-compat-pedantic]
[build]   417 |             { 0x993FE2C6D07B7FAC,  -236,  -52 },
[build]       |               ^
[build] C:\Users\pperv\code\unnamed_rpg\vendor\json\include\nlohmann/detail/conversions/to_chars.hpp(418,15): warning: 'long long' is incompatible with C++98 [-Wc++98-compat-pedantic]
[build]   418 |             { 0xE45C10C42A2B3B06,  -210,  -44 },
[build]       |               ^
[build] C:\Users\pperv\code\unnamed_rpg\vendor\json\include\nlohmann/detail/conversions/to_chars.hpp(419,15): warning: 'long long' is incompatible with C++98 [-Wc++98-compat-pedantic]
[build]   419 |             { 0xAA242499697392D3,  -183,  -36 },
[build]       |               ^
[build] C:\Users\pperv\code\unnamed_rpg\vendor\json\include\nlohmann/detail/conversions/to_chars.hpp(420,15): warning: 'long long' is incompatible with C++98 [-Wc++98-compat-pedantic]
[build]   420 |             { 0xFD87B5F28300CA0E,  -157,  -28 },
[build]       |               ^
[build] C:\Users\pperv\code\unnamed_rpg\vendor\json\include\nlohmann/detail/conversions/to_chars.hpp(421,15): warning: 'long long' is incompatible with C++98 [-Wc++98-compat-pedantic]
[build]   421 |             { 0xBCE5086492111AEB,  -130,  -20 },
[build]       |               ^
[build] C:\Users\pperv\code\unnamed_rpg\vendor\json\include\nlohmann/detail/conversions/to_chars.hpp(422,15): warning: 'long long' is incompatible with C++98 [-Wc++98-compat-pedantic]
[build]   422 |             { 0x8CBCCC096F5088CC,  -103,  -12 },
[build]       |               ^
[build] C:\Users\pperv\code\unnamed_rpg\vendor\json\include\nlohmann/detail/conversions/to_chars.hpp(423,15): warning: 'long long' is incompatible with C++98 [-Wc++98-compat-pedantic]
[build]   423 |             { 0xD1B71758E219652C,   -77,   -4 },
[build]       |               ^
[build] C:\Users\pperv\code\unnamed_rpg\vendor\json\include\nlohmann/detail/conversions/to_chars.hpp(424,15): warning: 'long long' is incompatible with C++98 [-Wc++98-compat-pedantic]
[build]   424 |             { 0x9C40000000000000,   -50,    4 },
[build]       |               ^
[build] C:\Users\pperv\code\unnamed_rpg\vendor\json\include\nlohmann/detail/conversions/to_chars.hpp(425,15): warning: 'long long' is incompatible with C++98 [-Wc++98-compat-pedantic]
[build]   425 |             { 0xE8D4A51000000000,   -24,   12 },
[build]       |               ^
[build] C:\Users\pperv\code\unnamed_rpg\vendor\json\include\nlohmann/detail/conversions/to_chars.hpp(426,15): warning: 'long long' is incompatible with C++98 [-Wc++98-compat-pedantic]
[build]   426 |             { 0xAD78EBC5AC620000,     3,   20 },
[build]       |               ^
[build] C:\Users\pperv\code\unnamed_rpg\vendor\json\include\nlohmann/detail/conversions/to_chars.hpp(427,15): warning: 'long long' is incompatible with C++98 [-Wc++98-compat-pedantic]
[build]   427 |             { 0x813F3978F8940984,    30,   28 },
[build]       |               ^
[build] C:\Users\pperv\code\unnamed_rpg\vendor\json\include\nlohmann/detail/conversions/to_chars.hpp(428,15): warning: 'long long' is incompatible with C++98 [-Wc++98-compat-pedantic]
[build]   428 |             { 0xC097CE7BC90715B3,    56,   36 },
[build]       |               ^
[build] C:\Users\pperv\code\unnamed_rpg\vendor\json\include\nlohmann/detail/conversions/to_chars.hpp(429,15): warning: 'long long' is incompatible with C++98 [-Wc++98-compat-pedantic]
[build]   429 |             { 0x8F7E32CE7BEA5C70,    83,   44 },
[build]       |               ^
[build] C:\Users\pperv\code\unnamed_rpg\vendor\json\include\nlohmann/detail/conversions/to_chars.hpp(430,15): warning: 'long long' is incompatible with C++98 [-Wc++98-compat-pedantic]
[build]   430 |             { 0xD5D238A4ABE98068,   109,   52 },
[build]       |               ^
[build] C:\Users\pperv\code\unnamed_rpg\vendor\json\include\nlohmann/detail/conversions/to_chars.hpp(431,15): warning: 'long long' is incompatible with C++98 [-Wc++98-compat-pedantic]
[build]   431 |             { 0x9F4F2726179A2245,   136,   60 },
[build]       |               ^
[build] C:\Users\pperv\code\unnamed_rpg\vendor\json\include\nlohmann/detail/conversions/to_chars.hpp(432,15): warning: 'long long' is incompatible with C++98 [-Wc++98-compat-pedantic]
[build]   432 |             { 0xED63A231D4C4FB27,   162,   68 },
[build]       |               ^
[build] C:\Users\pperv\code\unnamed_rpg\vendor\json\include\nlohmann/detail/conversions/to_chars.hpp(433,15): warning: 'long long' is incompatible with C++98 [-Wc++98-compat-pedantic]
[build]   433 |             { 0xB0DE65388CC8ADA8,   189,   76 },
[build]       |               ^
[build] C:\Users\pperv\code\unnamed_rpg\vendor\json\include\nlohmann/detail/conversions/to_chars.hpp(434,15): warning: 'long long' is incompatible with C++98 [-Wc++98-compat-pedantic]
[build]   434 |             { 0x83C7088E1AAB65DB,   216,   84 },
[build]       |               ^
[build] C:\Users\pperv\code\unnamed_rpg\vendor\json\include\nlohmann/detail/conversions/to_chars.hpp(435,15): warning: 'long long' is incompatible with C++98 [-Wc++98-compat-pedantic]
[build]   435 |             { 0xC45D1DF942711D9A,   242,   92 },
[build]       |               ^
[build] C:\Users\pperv\code\unnamed_rpg\vendor\json\include\nlohmann/detail/conversions/to_chars.hpp(436,15): warning: 'long long' is incompatible with C++98 [-Wc++98-compat-pedantic]
[build]   436 |             { 0x924D692CA61BE758,   269,  100 },
[build]       |               ^
[build] C:\Users\pperv\code\unnamed_rpg\vendor\json\include\nlohmann/detail/conversions/to_chars.hpp(437,15): warning: 'long long' is incompatible with C++98 [-Wc++98-compat-pedantic]
[build]   437 |             { 0xDA01EE641A708DEA,   295,  108 },
[build]       |               ^
[build] C:\Users\pperv\code\unnamed_rpg\vendor\json\include\nlohmann/detail/conversions/to_chars.hpp(438,15): warning: 'long long' is incompatible with C++98 [-Wc++98-compat-pedantic]
[build]   438 |             { 0xA26DA3999AEF774A,   322,  116 },
[build]       |               ^
[build] C:\Users\pperv\code\unnamed_rpg\vendor\json\include\nlohmann/detail/conversions/to_chars.hpp(439,15): warning: 'long long' is incompatible with C++98 [-Wc++98-compat-pedantic]
[build]   439 |             { 0xF209787BB47D6B85,   348,  124 },
[build]       |               ^
[build] C:\Users\pperv\code\unnamed_rpg\vendor\json\include\nlohmann/detail/conversions/to_chars.hpp(440,15): warning: 'long long' is incompatible with C++98 [-Wc++98-compat-pedantic]
[build]   440 |             { 0xB454E4A179DD1877,   375,  132 },
[build]       |               ^
[build] C:\Users\pperv\code\unnamed_rpg\vendor\json\include\nlohmann/detail/conversions/to_chars.hpp(441,15): warning: 'long long' is incompatible with C++98 [-Wc++98-compat-pedantic]
[build]   441 |             { 0x865B86925B9BC5C2,   402,  140 },
[build]       |               ^
[build] C:\Users\pperv\code\unnamed_rpg\vendor\json\include\nlohmann/detail/conversions/to_chars.hpp(442,15): warning: 'long long' is incompatible with C++98 [-Wc++98-compat-pedantic]
[build]   442 |             { 0xC83553C5C8965D3D,   428,  148 },
[build]       |               ^
[build] C:\Users\pperv\code\unnamed_rpg\vendor\json\include\nlohmann/detail/conversions/to_chars.hpp(443,15): warning: 'long long' is incompatible with C++98 [-Wc++98-compat-pedantic]
[build]   443 |             { 0x952AB45CFA97A0B3,   455,  156 },
[build]       |               ^
[build] C:\Users\pperv\code\unnamed_rpg\vendor\json\include\nlohmann/detail/conversions/to_chars.hpp(444,15): warning: 'long long' is incompatible with C++98 [-Wc++98-compat-pedantic]
[build]   444 |             { 0xDE469FBD99A05FE3,   481,  164 },
[build]       |               ^
[build] C:\Users\pperv\code\unnamed_rpg\vendor\json\include\nlohmann/detail/conversions/to_chars.hpp(445,15): warning: 'long long' is incompatible with C++98 [-Wc++98-compat-pedantic]
[build]   445 |             { 0xA59BC234DB398C25,   508,  172 },
[build]       |               ^
[build] C:\Users\pperv\code\unnamed_rpg\vendor\json\include\nlohmann/detail/conversions/to_chars.hpp(446,15): warning: 'long long' is incompatible with C++98 [-Wc++98-compat-pedantic]
[build]   446 |             { 0xF6C69A72A3989F5C,   534,  180 },
[build]       |               ^
[build] C:\Users\pperv\code\unnamed_rpg\vendor\json\include\nlohmann/detail/conversions/to_chars.hpp(447,15): warning: 'long long' is incompatible with C++98 [-Wc++98-compat-pedantic]
[build]   447 |             { 0xB7DCBF5354E9BECE,   561,  188 },
[build]       |               ^
[build] C:\Users\pperv\code\unnamed_rpg\vendor\json\include\nlohmann/detail/conversions/to_chars.hpp(448,15): warning: 'long long' is incompatible with C++98 [-Wc++98-compat-pedantic]
[build]   448 |             { 0x88FCF317F22241E2,   588,  196 },
[build]       |               ^
[build] C:\Users\pperv\code\unnamed_rpg\vendor\json\include\nlohmann/detail/conversions/to_chars.hpp(449,15): warning: 'long long' is incompatible with C++98 [-Wc++98-compat-pedantic]
[build]   449 |             { 0xCC20CE9BD35C78A5,   614,  204 },
[build]       |               ^
[build] C:\Users\pperv\code\unnamed_rpg\vendor\json\include\nlohmann/detail/conversions/to_chars.hpp(450,15): warning: 'long long' is incompatible with C++98 [-Wc++98-compat-pedantic]
[build]   450 |             { 0x98165AF37B2153DF,   641,  212 },
[build]       |               ^
[build] C:\Users\pperv\code\unnamed_rpg\vendor\json\include\nlohmann/detail/conversions/to_chars.hpp(451,15): warning: 'long long' is incompatible with C++98 [-Wc++98-compat-pedantic]
[build]   451 |             { 0xE2A0B5DC971F303A,   667,  220 },
[build]       |               ^
[build] C:\Users\pperv\code\unnamed_rpg\vendor\json\include\nlohmann/detail/conversions/to_chars.hpp(452,15): warning: 'long long' is incompatible with C++98 [-Wc++98-compat-pedantic]
[build]   452 |             { 0xA8D9D1535CE3B396,   694,  228 },
[build]       |               ^
[build] C:\Users\pperv\code\unnamed_rpg\vendor\json\include\nlohmann/detail/conversions/to_chars.hpp(453,15): warning: 'long long' is incompatible with C++98 [-Wc++98-compat-pedantic]
[build]   453 |             { 0xFB9B7CD9A4A7443C,   720,  236 },
[build]       |               ^
[build] C:\Users\pperv\code\unnamed_rpg\vendor\json\include\nlohmann/detail/conversions/to_chars.hpp(454,15): warning: 'long long' is incompatible with C++98 [-Wc++98-compat-pedantic]
[build]   454 |             { 0xBB764C4CA7A44410,   747,  244 },
[build]       |               ^
[build] C:\Users\pperv\code\unnamed_rpg\vendor\json\include\nlohmann/detail/conversions/to_chars.hpp(455,15): warning: 'long long' is incompatible with C++98 [-Wc++98-compat-pedantic]
[build]   455 |             { 0x8BAB8EEFB6409C1A,   774,  252 },
[build]       |               ^
[build] C:\Users\pperv\code\unnamed_rpg\vendor\json\include\nlohmann/detail/conversions/to_chars.hpp(456,15): warning: 'long long' is incompatible with C++98 [-Wc++98-compat-pedantic]
[build]   456 |             { 0xD01FEF10A657842C,   800,  260 },
[build]       |               ^
[build] C:\Users\pperv\code\unnamed_rpg\vendor\json\include\nlohmann/detail/conversions/to_chars.hpp(457,15): warning: 'long long' is incompatible with C++98 [-Wc++98-compat-pedantic]
[build]   457 |             { 0x9B10A4E5E9913129,   827,  268 },
[build]       |               ^
[build] C:\Users\pperv\code\unnamed_rpg\vendor\json\include\nlohmann/detail/conversions/to_chars.hpp(458,15): warning: 'long long' is incompatible with C++98 [-Wc++98-compat-pedantic]
[build]   458 |             { 0xE7109BFBA19C0C9D,   853,  276 },
[build]       |               ^
[build] C:\Users\pperv\code\unnamed_rpg\vendor\json\include\nlohmann/detail/conversions/to_chars.hpp(459,15): warning: 'long long' is incompatible with C++98 [-Wc++98-compat-pedantic]
[build]   459 |             { 0xAC2820D9623BF429,   880,  284 },
[build]       |               ^
[build] C:\Users\pperv\code\unnamed_rpg\vendor\json\include\nlohmann/detail/conversions/to_chars.hpp(460,15): warning: 'long long' is incompatible with C++98 [-Wc++98-compat-pedantic]
[build]   460 |             { 0x80444B5E7AA7CF85,   907,  292 },
[build]       |               ^
[build] C:\Users\pperv\code\unnamed_rpg\vendor\json\include\nlohmann/detail/conversions/to_chars.hpp(461,15): warning: 'long long' is incompatible with C++98 [-Wc++98-compat-pedantic]
[build]   461 |             { 0xBF21E44003ACDD2D,   933,  300 },
[build]       |               ^
[build] C:\Users\pperv\code\unnamed_rpg\vendor\json\include\nlohmann/detail/conversions/to_chars.hpp(462,15): warning: 'long long' is incompatible with C++98 [-Wc++98-compat-pedantic]
[build]   462 |             { 0x8E679C2F5E44FF8F,   960,  308 },
[build]       |               ^
[build] C:\Users\pperv\code\unnamed_rpg\vendor\json\include\nlohmann/detail/conversions/to_chars.hpp(463,15): warning: 'long long' is incompatible with C++98 [-Wc++98-compat-pedantic]
[build]   463 |             { 0xD433179D9C8CB841,   986,  316 },
[build]       |               ^
[build] C:\Users\pperv\code\unnamed_rpg\vendor\json\include\nlohmann/detail/conversions/to_chars.hpp(464,15): warning: 'long long' is incompatible with C++98 [-Wc++98-compat-pedantic]
[build]   464 |             { 0x9E19DB92B4E31BA9,  1013,  324 },
[build]       |               ^
[build] C:\Users\pperv\code\unnamed_rpg\vendor\json\include\nlohmann/detail/conversions/to_chars.hpp(590,5): warning: 'static_assert' declarations are incompatible with C++98 [-Wc++98-compat]
[build]   590 |     static_assert(kAlpha >= -60, "internal error");
[build]       |     ^
[build] C:\Users\pperv\code\unnamed_rpg\vendor\json\include\nlohmann/detail/conversions/to_chars.hpp(591,5): warning: 'static_assert' declarations are incompatible with C++98 [-Wc++98-compat]
[build]   591 |     static_assert(kGamma <= -32, "internal error");
[build]       |     ^
[build] C:\Users\pperv\code\unnamed_rpg\vendor\json\include\nlohmann/detail/conversions/to_chars.hpp(618,34): warning: generalized initializer lists are incompatible with C++98 [-Wc++98-compat]
[build]   618 |     const diyfp one(std::uint64_t{1} << -M_plus.e, M_plus.e);
[build]       |                                  ^
[build] C:\Users\pperv\code\unnamed_rpg\vendor\json\include\nlohmann/detail/conversions/to_chars.hpp(620,5): warning: 'auto' type specifier is incompatible with C++98 [-Wc++98-compat]
[build]   620 |     auto p1 = static_cast<std::uint32_t>(M_plus.f >> -one.e); // p1 = f div 2^-e (Since -e >= 32, p1 fits into a 32-bit int.)
[build]       |     ^~~~
[build] C:\Users\pperv\code\unnamed_rpg\vendor\json\include\nlohmann/detail/conversions/to_chars.hpp(629,24): warning: generalized initializer lists are incompatible with C++98 [-Wc++98-compat]
[build]   629 |     std::uint32_t pow10{};
[build]       |                        ^
[build] C:\Users\pperv\code\unnamed_rpg\vendor\json\include\nlohmann/detail/conversions/to_chars.hpp(629,24): warning: scalar initialized from empty initializer list is incompatible with C++98 [-Wc++98-compat]
[build]   629 |     std::uint32_t pow10{};
[build]       |                        ^~
[build] C:\Users\pperv\code\unnamed_rpg\vendor\json\include\nlohmann/detail/conversions/to_chars.hpp(683,50): warning: generalized initializer lists are incompatible with C++98 [-Wc++98-compat]
[build]   683 |         const std::uint64_t rest = (std::uint64_t{p1} << -one.e) + p2;
[build]       |                                                  ^
[build] C:\Users\pperv\code\unnamed_rpg\vendor\json\include\nlohmann/detail/conversions/to_chars.hpp(699,54): warning: generalized initializer lists are incompatible with C++98 [-Wc++98-compat]
[build]   699 |             const std::uint64_t ten_n = std::uint64_t{pow10} << -one.e;
[build]       |                                                      ^
[build] C:\Users\pperv\code\unnamed_rpg\vendor\json\include\nlohmann/detail/conversions/to_chars.hpp(943,5): warning: 'auto' type specifier is incompatible with C++98 [-Wc++98-compat]
[build]   943 |     auto k = static_cast<std::uint32_t>(e);
[build]       |     ^~~~
[build] In file included from C:\Users\pperv\code\unnamed_rpg\vendor\json-schema-validator\src\json-uri.cpp:9:
[build] In file included from C:\Users\pperv\code\unnamed_rpg\vendor\json-schema-validator\src\nlohmann/json-schema.hpp:24:
[build] In file included from C:\Users\pperv\code\unnamed_rpg\vendor\json\include\nlohmann/json.hpp:70:
[build] C:\Users\pperv\code\unnamed_rpg\vendor\json\include\nlohmann/detail/output/serializer.hpp(34,1): warning: empty macro arguments are incompatible with C++98 [-Wc++98-compat-pedantic]
[build]    34 | NLOHMANN_JSON_NAMESPACE_BEGIN
[build]       | ^
[build] C:\Users\pperv\code\unnamed_rpg\vendor\json\include\nlohmann/detail/abi_macros.hpp(102,17): note: expanded from macro 'NLOHMANN_JSON_NAMESPACE_BEGIN'
[build]   102 |                 NLOHMANN_JSON_ABI_TAGS,              \
[build]       |                 ^
[build] C:\Users\pperv\code\unnamed_rpg\vendor\json\include\nlohmann/detail/abi_macros.hpp(65,5): note: expanded from macro 'NLOHMANN_JSON_ABI_TAGS'
[build]    65 |     NLOHMANN_JSON_ABI_TAGS_CONCAT(                                   \
[build]       |     ^
[build] C:\Users\pperv\code\unnamed_rpg\vendor\json\include\nlohmann/detail/abi_macros.hpp(62,39): note: expanded from macro 'NLOHMANN_JSON_ABI_TAGS_CONCAT'
[build]    62 |     NLOHMANN_JSON_ABI_TAGS_CONCAT_EX(a, b, c)
[build]       |                                       ^
[build] In file included from C:\Users\pperv\code\unnamed_rpg\vendor\json-schema-validator\src\json-uri.cpp:9:
[build] In file included from C:\Users\pperv\code\unnamed_rpg\vendor\json-schema-validator\src\nlohmann/json-schema.hpp:24:
[build] In file included from C:\Users\pperv\code\unnamed_rpg\vendor\json\include\nlohmann/json.hpp:70:
[build] C:\Users\pperv\code\unnamed_rpg\vendor\json\include\nlohmann/detail/output/serializer.hpp(34,1): warning: empty macro arguments are incompatible with C++98 [-Wc++98-compat-pedantic]
[build] C:\Users\pperv\code\unnamed_rpg\vendor\json\include\nlohmann/detail/abi_macros.hpp(102,17): note: expanded from macro 'NLOHMANN_JSON_NAMESPACE_BEGIN'
[build]   102 |                 NLOHMANN_JSON_ABI_TAGS,              \
[build]       |                 ^
[build] C:\Users\pperv\code\unnamed_rpg\vendor\json\include\nlohmann/detail/abi_macros.hpp(65,5): note: expanded from macro 'NLOHMANN_JSON_ABI_TAGS'
[build]    65 |     NLOHMANN_JSON_ABI_TAGS_CONCAT(                                   \
[build]       |     ^
[build] C:\Users\pperv\code\unnamed_rpg\vendor\json\include\nlohmann/detail/abi_macros.hpp(62,42): note: expanded from macro 'NLOHMANN_JSON_ABI_TAGS_CONCAT'
[build]    62 |     NLOHMANN_JSON_ABI_TAGS_CONCAT_EX(a, b, c)
[build]       |                                          ^
[build] In file included from C:\Users\pperv\code\unnamed_rpg\vendor\json-schema-validator\src\json-uri.cpp:9:
[build] In file included from C:\Users\pperv\code\unnamed_rpg\vendor\json-schema-validator\src\nlohmann/json-schema.hpp:24:
[build] In file included from C:\Users\pperv\code\unnamed_rpg\vendor\json\include\nlohmann/json.hpp:70:
[build] C:\Users\pperv\code\unnamed_rpg\vendor\json\include\nlohmann/detail/output/serializer.hpp(34,1): warning: empty macro arguments are incompatible with C++98 [-Wc++98-compat-pedantic]
[build] C:\Users\pperv\code\unnamed_rpg\vendor\json\include\nlohmann/detail/abi_macros.hpp(102,17): note: expanded from macro 'NLOHMANN_JSON_NAMESPACE_BEGIN'
[build]   102 |                 NLOHMANN_JSON_ABI_TAGS,              \
[build]       |                 ^
[build] C:\Users\pperv\code\unnamed_rpg\vendor\json\include\nlohmann/detail/abi_macros.hpp(65,5): note: expanded from macro 'NLOHMANN_JSON_ABI_TAGS'
[build]    65 |     NLOHMANN_JSON_ABI_TAGS_CONCAT(                                   \
[build]       |     ^
[build] C:\Users\pperv\code\unnamed_rpg\vendor\json\include\nlohmann/detail/abi_macros.hpp(62,45): note: expanded from macro 'NLOHMANN_JSON_ABI_TAGS_CONCAT'
[build]    62 |     NLOHMANN_JSON_ABI_TAGS_CONCAT_EX(a, b, c)
[build]       |                                             ^
[build] In file included from C:\Users\pperv\code\unnamed_rpg\vendor\json-schema-validator\src\json-uri.cpp:9:
[build] In file included from C:\Users\pperv\code\unnamed_rpg\vendor\json-schema-validator\src\nlohmann/json-schema.hpp:24:
[build] In file included from C:\Users\pperv\code\unnamed_rpg\vendor\json\include\nlohmann/json.hpp:70:
[build] C:\Users\pperv\code\unnamed_rpg\vendor\json\include\nlohmann/detail/output/serializer.hpp(34,1): warning: inline namespaces are incompatible with C++98 [-Wc++98-compat]
[build] C:\Users\pperv\code\unnamed_rpg\vendor\json\include\nlohmann/detail/abi_macros.hpp(101,5): note: expanded from macro 'NLOHMANN_JSON_NAMESPACE_BEGIN'
[build]   101 |     inline namespace NLOHMANN_JSON_NAMESPACE_CONCAT( \
[build]       |     ^
[build] In file included from C:\Users\pperv\code\unnamed_rpg\vendor\json-schema-validator\src\json-uri.cpp:9:
[build] In file included from C:\Users\pperv\code\unnamed_rpg\vendor\json-schema-validator\src\nlohmann/json-schema.hpp:24:
[build] In file included from C:\Users\pperv\code\unnamed_rpg\vendor\json\include\nlohmann/json.hpp:70:
[build] C:\Users\pperv\code\unnamed_rpg\vendor\json\include\nlohmann/detail/output/serializer.hpp(43,6): warning: scoped enumerations are incompatible with C++98 [-Wc++98-compat]
[build]    43 | enum class error_handler_t
[build]       |      ^
[build] C:\Users\pperv\code\unnamed_rpg\vendor\json\include\nlohmann/detail/output/serializer.hpp(53,22): warning: alias declarations are incompatible with C++98 [-Wc++98-compat]
[build]    53 |     using string_t = typename BasicJsonType::string_t;
[build]       |                      ^
[build] C:\Users\pperv\code\unnamed_rpg\vendor\json\include\nlohmann/detail/output/serializer.hpp(54,28): warning: alias declarations are incompatible with C++98 [-Wc++98-compat]
[build]    54 |     using number_float_t = typename BasicJsonType::number_float_t;
[build]       |                            ^
[build] C:\Users\pperv\code\unnamed_rpg\vendor\json\include\nlohmann/detail/output/serializer.hpp(55,30): warning: alias declarations are incompatible with C++98 [-Wc++98-compat]
[build]    55 |     using number_integer_t = typename BasicJsonType::number_integer_t;
[build]       |                              ^
[build] C:\Users\pperv\code\unnamed_rpg\vendor\json\include\nlohmann/detail/output/serializer.hpp(56,31): warning: alias declarations are incompatible with C++98 [-Wc++98-compat]
[build]    56 |     using number_unsigned_t = typename BasicJsonType::number_unsigned_t;
[build]       |                               ^
[build] C:\Users\pperv\code\unnamed_rpg\vendor\json\include\nlohmann/detail/output/serializer.hpp(57,27): warning: alias declarations are incompatible with C++98 [-Wc++98-compat]
[build]    57 |     using binary_char_t = typename BasicJsonType::binary_t::value_type;
[build]       |                           ^
[build] C:\Users\pperv\code\unnamed_rpg\vendor\json\include\nlohmann/detail/output/serializer.hpp(58,12): warning: 'constexpr' specifier is incompatible with C++98 [-Wc++98-compat]
[build]    58 |     static constexpr std::uint8_t UTF8_ACCEPT = 0;
[build]       |            ^
[build] C:\Users\pperv\code\unnamed_rpg\vendor\json\include\nlohmann/detail/output/serializer.hpp(59,12): warning: 'constexpr' specifier is incompatible with C++98 [-Wc++98-compat]
[build]    59 |     static constexpr std::uint8_t UTF8_REJECT = 1;
[build]       |            ^
[build] C:\Users\pperv\code\unnamed_rpg\vendor\json\include\nlohmann/detail/output/serializer.hpp(79,37): warning: deleted function definitions are incompatible with C++98 [-Wc++98-compat]
[build]    79 |     serializer(const serializer&) = delete;
[build]       |                                     ^
[build] C:\Users\pperv\code\unnamed_rpg\vendor\json\include\nlohmann/detail/output/serializer.hpp(80,48): warning: deleted function definitions are incompatible with C++98 [-Wc++98-compat]
[build]    80 |     serializer& operator=(const serializer&) = delete;
[build]       |                                                ^
[build] C:\Users\pperv\code\unnamed_rpg\vendor\json\include\nlohmann/detail/output/serializer.hpp(81,26): warning: rvalue references are incompatible with C++98 [-Wc++98-compat]
[build]    81 |     serializer(serializer&&) = delete;
[build]       |                          ^
[build] C:\Users\pperv\code\unnamed_rpg\vendor\json\include\nlohmann/detail/output/serializer.hpp(81,32): warning: deleted function definitions are incompatible with C++98 [-Wc++98-compat]
[build]    81 |     serializer(serializer&&) = delete;
[build]       |                                ^
[build] C:\Users\pperv\code\unnamed_rpg\vendor\json\include\nlohmann/detail/output/serializer.hpp(82,37): warning: rvalue references are incompatible with C++98 [-Wc++98-compat]
[build]    82 |     serializer& operator=(serializer&&) = delete;
[build]       |                                     ^
[build] C:\Users\pperv\code\unnamed_rpg\vendor\json\include\nlohmann/detail/output/serializer.hpp(82,43): warning: deleted function definitions are incompatible with C++98 [-Wc++98-compat]
[build]    82 |     serializer& operator=(serializer&&) = delete;
[build]       |                                           ^
[build] C:\Users\pperv\code\unnamed_rpg\vendor\json\include\nlohmann/detail/output/serializer.hpp(83,21): warning: defaulted function definitions are incompatible with C++98 [-Wc++98-compat]
[build]    83 |     ~serializer() = default;
[build]       |                     ^
[build] C:\Users\pperv\code\unnamed_rpg\vendor\json\include\nlohmann/detail/output/serializer.hpp(641,5): warning: noexcept specifications are incompatible with C++98 [-Wc++98-compat]
[build]   641 |     {
[build]       |     ^
[build] C:\Users\pperv\code\unnamed_rpg\vendor\json\include\nlohmann/detail/output/serializer.hpp(694,5): warning: noexcept specifications are incompatible with C++98 [-Wc++98-compat]
[build]   694 |     {
[build]       |     ^
[build] C:\Users\pperv\code\unnamed_rpg\vendor\json\include\nlohmann/detail/output/serializer.hpp(707,88): warning: default template arguments for a function template are incompatible with C++98 [-Wc++98-compat]
[build]   707 |     template <typename NumberType, enable_if_t<std::is_signed<NumberType>::value, int> = 0>
[build]       |                                                                                        ^ ~
[build] C:\Users\pperv\code\unnamed_rpg\vendor\json\include\nlohmann/detail/output/serializer.hpp(713,93): warning: default template arguments for a function template are incompatible with C++98 [-Wc++98-compat]
[build]   713 |     template < typename NumberType, enable_if_t <std::is_unsigned<NumberType>::value, int > = 0 >
[build]       |                                                                                             ^ ~
[build] C:\Users\pperv\code\unnamed_rpg\vendor\json\include\nlohmann/detail/output/serializer.hpp(733,26): warning: default template arguments for a function template are incompatible with C++98 [-Wc++98-compat]
[build]   733 |                    int > = 0 >
[build]       |                          ^ ~
[build] C:\Users\pperv\code\unnamed_rpg\vendor\json\include\nlohmann/detail/output/serializer.hpp(934,5): warning: noexcept specifications are incompatible with C++98 [-Wc++98-compat]
[build]   934 |     {
[build]       |     ^
[build] C:\Users\pperv\code\unnamed_rpg\vendor\json\include\nlohmann/detail/output/serializer.hpp(989,5): warning: noexcept specifications are incompatible with C++98 [-Wc++98-compat]
[build]   989 |     {
[build]       |     ^
[build] C:\Users\pperv\code\unnamed_rpg\vendor\json\include\nlohmann/detail/output/serializer.hpp(996,30): warning: default member initializer for non-static data members is incompatible with C++98 [-Wc++98-compat]
[build]   996 |     output_adapter_t<char> o = nullptr;
[build]       |                              ^
[build] C:\Users\pperv\code\unnamed_rpg\vendor\json\include\nlohmann/detail/output/serializer.hpp(999,39): warning: default member initializer for non-static data members is incompatible with C++98 [-Wc++98-compat]
[build]   999 |     std::array<char, 64> number_buffer{{}};
[build]       |                                       ^
[build] C:\Users\pperv\code\unnamed_rpg\vendor\json\include\nlohmann/detail/output/serializer.hpp(1002,27): warning: default member initializer for non-static data members is incompatible with C++98 [-Wc++98-compat]
[build]  1002 |     const std::lconv* loc = nullptr;
[build]       |                           ^
[build] C:\Users\pperv\code\unnamed_rpg\vendor\json\include\nlohmann/detail/output/serializer.hpp(1004,30): warning: default member initializer for non-static data members is incompatible with C++98 [-Wc++98-compat]
[build]  1004 |     const char thousands_sep = '\0';
[build]       |                              ^
[build] C:\Users\pperv\code\unnamed_rpg\vendor\json\include\nlohmann/detail/output/serializer.hpp(1006,30): warning: default member initializer for non-static data members is incompatible with C++98 [-Wc++98-compat]
[build]  1006 |     const char decimal_point = '\0';
[build]       |                              ^
[build] C:\Users\pperv\code\unnamed_rpg\vendor\json\include\nlohmann/detail/output/serializer.hpp(1009,40): warning: default member initializer for non-static data members is incompatible with C++98 [-Wc++98-compat]
[build]  1009 |     std::array<char, 512> string_buffer{{}};
[build]       |                                        ^
[build] C:\Users\pperv\code\unnamed_rpg\vendor\json\include\nlohmann/detail/output/serializer.hpp(68,49): warning: enumeration type in nested name specifier is incompatible with C++98 [-Wc++98-compat]
[build]    68 |                error_handler_t error_handler_ = error_handler_t::strict)
[build]       |                                                 ^
[build] C:\Users\pperv\code\unnamed_rpg\vendor\json\include\nlohmann/detail/output/serializer.hpp(996,32): warning: 'nullptr' is incompatible with C++98 [-Wc++98-compat]
[build]   996 |     output_adapter_t<char> o = nullptr;
[build]       |                                ^
[build] C:\Users\pperv\code\unnamed_rpg\vendor\json\include\nlohmann/detail/output/serializer.hpp(1002,29): warning: 'nullptr' is incompatible with C++98 [-Wc++98-compat]
[build]  1002 |     const std::lconv* loc = nullptr;
[build]       |                             ^
[build] In file included from C:\Users\pperv\code\unnamed_rpg\vendor\json-schema-validator\src\json-uri.cpp:9:
[build] In file included from C:\Users\pperv\code\unnamed_rpg\vendor\json-schema-validator\src\nlohmann/json-schema.hpp:24:
[build] In file included from C:\Users\pperv\code\unnamed_rpg\vendor\json\include\nlohmann/json.hpp:73:
[build] C:\Users\pperv\code\unnamed_rpg\vendor\json\include\nlohmann/ordered_map.hpp(23,1): warning: empty macro arguments are incompatible with C++98 [-Wc++98-compat-pedantic]
[build]    23 | NLOHMANN_JSON_NAMESPACE_BEGIN
[build]       | ^
[build] C:\Users\pperv\code\unnamed_rpg\vendor\json\include\nlohmann/detail/abi_macros.hpp(102,17): note: expanded from macro 'NLOHMANN_JSON_NAMESPACE_BEGIN'
[build]   102 |                 NLOHMANN_JSON_ABI_TAGS,              \
[build]       |                 ^
[build] C:\Users\pperv\code\unnamed_rpg\vendor\json\include\nlohmann/detail/abi_macros.hpp(65,5): note: expanded from macro 'NLOHMANN_JSON_ABI_TAGS'
[build]    65 |     NLOHMANN_JSON_ABI_TAGS_CONCAT(                                   \
[build]       |     ^
[build] C:\Users\pperv\code\unnamed_rpg\vendor\json\include\nlohmann/detail/abi_macros.hpp(62,39): note: expanded from macro 'NLOHMANN_JSON_ABI_TAGS_CONCAT'
[build]    62 |     NLOHMANN_JSON_ABI_TAGS_CONCAT_EX(a, b, c)
[build]       |                                       ^
[build] In file included from C:\Users\pperv\code\unnamed_rpg\vendor\json-schema-validator\src\json-uri.cpp:9:
[build] In file included from C:\Users\pperv\code\unnamed_rpg\vendor\json-schema-validator\src\nlohmann/json-schema.hpp:24:
[build] In file included from C:\Users\pperv\code\unnamed_rpg\vendor\json\include\nlohmann/json.hpp:73:
[build] C:\Users\pperv\code\unnamed_rpg\vendor\json\include\nlohmann/ordered_map.hpp(23,1): warning: empty macro arguments are incompatible with C++98 [-Wc++98-compat-pedantic]
[build] C:\Users\pperv\code\unnamed_rpg\vendor\json\include\nlohmann/detail/abi_macros.hpp(102,17): note: expanded from macro 'NLOHMANN_JSON_NAMESPACE_BEGIN'
[build]   102 |                 NLOHMANN_JSON_ABI_TAGS,              \
[build]       |                 ^
[build] C:\Users\pperv\code\unnamed_rpg\vendor\json\include\nlohmann/detail/abi_macros.hpp(65,5): note: expanded from macro 'NLOHMANN_JSON_ABI_TAGS'
[build]    65 |     NLOHMANN_JSON_ABI_TAGS_CONCAT(                                   \
[build]       |     ^
[build] C:\Users\pperv\code\unnamed_rpg\vendor\json\include\nlohmann/detail/abi_macros.hpp(62,42): note: expanded from macro 'NLOHMANN_JSON_ABI_TAGS_CONCAT'
[build]    62 |     NLOHMANN_JSON_ABI_TAGS_CONCAT_EX(a, b, c)
[build]       |                                          ^
[build] In file included from C:\Users\pperv\code\unnamed_rpg\vendor\json-schema-validator\src\json-uri.cpp:9:
[build] In file included from C:\Users\pperv\code\unnamed_rpg\vendor\json-schema-validator\src\nlohmann/json-schema.hpp:24:
[build] In file included from C:\Users\pperv\code\unnamed_rpg\vendor\json\include\nlohmann/json.hpp:73:
[build] C:\Users\pperv\code\unnamed_rpg\vendor\json\include\nlohmann/ordered_map.hpp(23,1): warning: empty macro arguments are incompatible with C++98 [-Wc++98-compat-pedantic]
[build] C:\Users\pperv\code\unnamed_rpg\vendor\json\include\nlohmann/detail/abi_macros.hpp(102,17): note: expanded from macro 'NLOHMANN_JSON_NAMESPACE_BEGIN'
[build]   102 |                 NLOHMANN_JSON_ABI_TAGS,              \
[build]       |                 ^
[build] C:\Users\pperv\code\unnamed_rpg\vendor\json\include\nlohmann/detail/abi_macros.hpp(65,5): note: expanded from macro 'NLOHMANN_JSON_ABI_TAGS'
[build]    65 |     NLOHMANN_JSON_ABI_TAGS_CONCAT(                                   \
[build]       |     ^
[build] C:\Users\pperv\code\unnamed_rpg\vendor\json\include\nlohmann/detail/abi_macros.hpp(62,45): note: expanded from macro 'NLOHMANN_JSON_ABI_TAGS_CONCAT'
[build]    62 |     NLOHMANN_JSON_ABI_TAGS_CONCAT_EX(a, b, c)
[build]       |                                             ^
[build] In file included from C:\Users\pperv\code\unnamed_rpg\vendor\json-schema-validator\src\json-uri.cpp:9:
[build] In file included from C:\Users\pperv\code\unnamed_rpg\vendor\json-schema-validator\src\nlohmann/json-schema.hpp:24:
[build] In file included from C:\Users\pperv\code\unnamed_rpg\vendor\json\include\nlohmann/json.hpp:73:
[build] C:\Users\pperv\code\unnamed_rpg\vendor\json\include\nlohmann/ordered_map.hpp(23,1): warning: inline namespaces are incompatible with C++98 [-Wc++98-compat]
[build] C:\Users\pperv\code\unnamed_rpg\vendor\json\include\nlohmann/detail/abi_macros.hpp(101,5): note: expanded from macro 'NLOHMANN_JSON_NAMESPACE_BEGIN'
[build]   101 |     inline namespace NLOHMANN_JSON_NAMESPACE_CONCAT( \
[build]       |     ^
[build] In file included from C:\Users\pperv\code\unnamed_rpg\vendor\json-schema-validator\src\json-uri.cpp:9:
[build] In file included from C:\Users\pperv\code\unnamed_rpg\vendor\json-schema-validator\src\nlohmann/json-schema.hpp:24:
[build] In file included from C:\Users\pperv\code\unnamed_rpg\vendor\json\include\nlohmann/json.hpp:73:
[build] C:\Users\pperv\code\unnamed_rpg\vendor\json\include\nlohmann/ordered_map.hpp(28,66): warning: consecutive right angle brackets are incompatible with C++98 (use '> >') [-Wc++98-compat]
[build]    28 |           class Allocator = std::allocator<std::pair<const Key, T>>>
[build]       |                                                                  ^~
[build]       |                                                                  > > 
[build] C:\Users\pperv\code\unnamed_rpg\vendor\json\include\nlohmann/ordered_map.hpp(31,22): warning: alias declarations are incompatible with C++98 [-Wc++98-compat]
[build]    31 |     using key_type = Key;
[build]       |                      ^
[build] C:\Users\pperv\code\unnamed_rpg\vendor\json\include\nlohmann/ordered_map.hpp(32,25): warning: alias declarations are incompatible with C++98 [-Wc++98-compat]
[build]    32 |     using mapped_type = T;
[build]       |                         ^
[build] C:\Users\pperv\code\unnamed_rpg\vendor\json\include\nlohmann/ordered_map.hpp(33,23): warning: alias declarations are incompatible with C++98 [-Wc++98-compat]
[build]    33 |     using Container = std::vector<std::pair<const Key, T>, Allocator>;
[build]       |                       ^
[build] C:\Users\pperv\code\unnamed_rpg\vendor\json\include\nlohmann/ordered_map.hpp(34,22): warning: alias declarations are incompatible with C++98 [-Wc++98-compat]
[build]    34 |     using iterator = typename Container::iterator;
[build]       |                      ^
[build] C:\Users\pperv\code\unnamed_rpg\vendor\json\include\nlohmann/ordered_map.hpp(35,28): warning: alias declarations are incompatible with C++98 [-Wc++98-compat]
[build]    35 |     using const_iterator = typename Container::const_iterator;
[build]       |                            ^
[build] C:\Users\pperv\code\unnamed_rpg\vendor\json\include\nlohmann/ordered_map.hpp(36,23): warning: alias declarations are incompatible with C++98 [-Wc++98-compat]
[build]    36 |     using size_type = typename Container::size_type;
[build]       |                       ^
[build] C:\Users\pperv\code\unnamed_rpg\vendor\json\include\nlohmann/ordered_map.hpp(37,24): warning: alias declarations are incompatible with C++98 [-Wc++98-compat]
[build]    37 |     using value_type = typename Container::value_type;
[build]       |                        ^
[build] C:\Users\pperv\code\unnamed_rpg\vendor\json\include\nlohmann/ordered_map.hpp(39,25): warning: alias declarations are incompatible with C++98 [-Wc++98-compat]
[build]    39 |     using key_compare = std::equal_to<>;
[build]       |                         ^
[build] C:\Users\pperv\code\unnamed_rpg\vendor\json\include\nlohmann/ordered_map.hpp(53,39): warning: defaulted function definitions are incompatible with C++98 [-Wc++98-compat]
[build]    53 |     ordered_map(const ordered_map&) = default;
[build]       |                                       ^
[build] C:\Users\pperv\code\unnamed_rpg\vendor\json\include\nlohmann/ordered_map.hpp(54,28): warning: rvalue references are incompatible with C++98 [-Wc++98-compat]
[build]    54 |     ordered_map(ordered_map&&) noexcept(std::is_nothrow_move_constructible<Container>::value) = default;
[build]       |                            ^
[build] C:\Users\pperv\code\unnamed_rpg\vendor\json\include\nlohmann/ordered_map.hpp(54,97): warning: defaulted function definitions are incompatible with C++98 [-Wc++98-compat]
[build]    54 |     ordered_map(ordered_map&&) noexcept(std::is_nothrow_move_constructible<Container>::value) = default;
[build]       |                                                                                                 ^
[build] C:\Users\pperv\code\unnamed_rpg\vendor\json\include\nlohmann/ordered_map.hpp(55,22): warning: defaulted function definitions are incompatible with C++98 [-Wc++98-compat]
[build]    55 |     ~ordered_map() = default;
[build]       |                      ^
[build] C:\Users\pperv\code\unnamed_rpg\vendor\json\include\nlohmann/ordered_map.hpp(67,39): warning: rvalue references are incompatible with C++98 [-Wc++98-compat]
[build]    67 |     ordered_map& operator=(ordered_map&& other) noexcept(std::is_nothrow_move_assignable<Container>::value)
[build]       |                                       ^
[build] C:\Users\pperv\code\unnamed_rpg\vendor\json\include\nlohmann/ordered_map.hpp(73,61): warning: rvalue references are incompatible with C++98 [-Wc++98-compat]
[build]    73 |     std::pair<iterator, bool> emplace(const key_type& key, T&& t)
[build]       |                                                             ^
[build] C:\Users\pperv\code\unnamed_rpg\vendor\json\include\nlohmann/ordered_map.hpp(88,47): warning: rvalue references are incompatible with C++98 [-Wc++98-compat]
[build]    88 |     std::pair<iterator, bool> emplace(KeyType && key, T && t)
[build]       |                                               ^
[build] C:\Users\pperv\code\unnamed_rpg\vendor\json\include\nlohmann/ordered_map.hpp(88,57): warning: rvalue references are incompatible with C++98 [-Wc++98-compat]
[build]    88 |     std::pair<iterator, bool> emplace(KeyType && key, T && t)
[build]       |                                                         ^
[build] C:\Users\pperv\code\unnamed_rpg\vendor\json\include\nlohmann/ordered_map.hpp(87,93): warning: default template arguments for a function template are incompatible with C++98 [-Wc++98-compat]
[build]    87 |                  detail::is_usable_as_key_type<key_compare, key_type, KeyType>::value, int> = 0>
[build]       |                                                                                             ^ ~
[build] C:\Users\pperv\code\unnamed_rpg\vendor\json\include\nlohmann/ordered_map.hpp(108,28): warning: rvalue references are incompatible with C++98 [-Wc++98-compat]
[build]   108 |     T & operator[](KeyType && key)
[build]       |                            ^
[build] C:\Users\pperv\code\unnamed_rpg\vendor\json\include\nlohmann/ordered_map.hpp(107,93): warning: default template arguments for a function template are incompatible with C++98 [-Wc++98-compat]
[build]   107 |                  detail::is_usable_as_key_type<key_compare, key_type, KeyType>::value, int> = 0>
[build]       |                                                                                             ^ ~
[build] C:\Users\pperv\code\unnamed_rpg\vendor\json\include\nlohmann/ordered_map.hpp(120,34): warning: rvalue references are incompatible with C++98 [-Wc++98-compat]
[build]   120 |     const T & operator[](KeyType && key) const
[build]       |                                  ^
[build] C:\Users\pperv\code\unnamed_rpg\vendor\json\include\nlohmann/ordered_map.hpp(119,93): warning: default template arguments for a function template are incompatible with C++98 [-Wc++98-compat]
[build]   119 |                  detail::is_usable_as_key_type<key_compare, key_type, KeyType>::value, int> = 0>
[build]       |                                                                                             ^ ~
[build] C:\Users\pperv\code\unnamed_rpg\vendor\json\include\nlohmann/ordered_map.hpp(140,20): warning: rvalue references are incompatible with C++98 [-Wc++98-compat]
[build]   140 |     T & at(KeyType && key) // NOLINT(cppcoreguidelines-missing-std-forward)
[build]       |                    ^
[build] C:\Users\pperv\code\unnamed_rpg\vendor\json\include\nlohmann/ordered_map.hpp(139,93): warning: default template arguments for a function template are incompatible with C++98 [-Wc++98-compat]
[build]   139 |                  detail::is_usable_as_key_type<key_compare, key_type, KeyType>::value, int> = 0>
[build]       |                                                                                             ^ ~
[build] C:\Users\pperv\code\unnamed_rpg\vendor\json\include\nlohmann/ordered_map.hpp(168,26): warning: rvalue references are incompatible with C++98 [-Wc++98-compat]
[build]   168 |     const T & at(KeyType && key) const // NOLINT(cppcoreguidelines-missing-std-forward)
[build]       |                          ^
[build] C:\Users\pperv\code\unnamed_rpg\vendor\json\include\nlohmann/ordered_map.hpp(167,93): warning: default template arguments for a function template are incompatible with C++98 [-Wc++98-compat]
[build]   167 |                  detail::is_usable_as_key_type<key_compare, key_type, KeyType>::value, int> = 0>
[build]       |                                                                                             ^ ~
[build] C:\Users\pperv\code\unnamed_rpg\vendor\json\include\nlohmann/ordered_map.hpp(202,29): warning: rvalue references are incompatible with C++98 [-Wc++98-compat]
[build]   202 |     size_type erase(KeyType && key) // NOLINT(cppcoreguidelines-missing-std-forward)
[build]       |                             ^
[build] C:\Users\pperv\code\unnamed_rpg\vendor\json\include\nlohmann/ordered_map.hpp(201,93): warning: default template arguments for a function template are incompatible with C++98 [-Wc++98-compat]
[build]   201 |                  detail::is_usable_as_key_type<key_compare, key_type, KeyType>::value, int> = 0>
[build]       |                                                                                             ^ ~
[build] C:\Users\pperv\code\unnamed_rpg\vendor\json\include\nlohmann/ordered_map.hpp(293,29): warning: rvalue references are incompatible with C++98 [-Wc++98-compat]
[build]   293 |     size_type count(KeyType && key) const // NOLINT(cppcoreguidelines-missing-std-forward)
[build]       |                             ^
[build] C:\Users\pperv\code\unnamed_rpg\vendor\json\include\nlohmann/ordered_map.hpp(292,93): warning: default template arguments for a function template are incompatible with C++98 [-Wc++98-compat]
[build]   292 |                  detail::is_usable_as_key_type<key_compare, key_type, KeyType>::value, int> = 0>
[build]       |                                                                                             ^ ~
[build] C:\Users\pperv\code\unnamed_rpg\vendor\json\include\nlohmann/ordered_map.hpp(319,27): warning: rvalue references are incompatible with C++98 [-Wc++98-compat]
[build]   319 |     iterator find(KeyType && key) // NOLINT(cppcoreguidelines-missing-std-forward)
[build]       |                           ^
[build] C:\Users\pperv\code\unnamed_rpg\vendor\json\include\nlohmann/ordered_map.hpp(318,93): warning: default template arguments for a function template are incompatible with C++98 [-Wc++98-compat]
[build]   318 |                  detail::is_usable_as_key_type<key_compare, key_type, KeyType>::value, int> = 0>
[build]       |                                                                                             ^ ~
[build] C:\Users\pperv\code\unnamed_rpg\vendor\json\include\nlohmann/ordered_map.hpp(345,33): warning: rvalue references are incompatible with C++98 [-Wc++98-compat]
[build]   345 |     const_iterator find(KeyType && key) const // NOLINT(cppcoreguidelines-missing-std-forward)
[build]       |                                 ^
[build] C:\Users\pperv\code\unnamed_rpg\vendor\json\include\nlohmann/ordered_map.hpp(344,93): warning: default template arguments for a function template are incompatible with C++98 [-Wc++98-compat]
[build]   344 |                  detail::is_usable_as_key_type<key_compare, key_type, KeyType>::value, int> = 0>
[build]       |                                                                                             ^ ~
[build] C:\Users\pperv\code\unnamed_rpg\vendor\json\include\nlohmann/ordered_map.hpp(357,49): warning: rvalue references are incompatible with C++98 [-Wc++98-compat]
[build]   357 |     std::pair<iterator, bool> insert( value_type&& value )
[build]       |                                                 ^
[build] C:\Users\pperv\code\unnamed_rpg\vendor\json\include\nlohmann/ordered_map.hpp(376,32): warning: alias declarations are incompatible with C++98 [-Wc++98-compat]
[build]   376 |     using require_input_iter = typename std::enable_if<std::is_convertible<typename std::iterator_traits<InputIt>::iterator_category,
[build]       |                                ^
[build] C:\Users\pperv\code\unnamed_rpg\vendor\json\include\nlohmann/ordered_map.hpp(379,69): warning: consecutive right angle brackets are incompatible with C++98 (use '> >') [-Wc++98-compat]
[build]   379 |     template<typename InputIt, typename = require_input_iter<InputIt>>
[build]       |                                                                     ^~
[build]       |                                                                     > >
[build] C:\Users\pperv\code\unnamed_rpg\vendor\json\include\nlohmann/ordered_map.hpp(379,41): warning: default template arguments for a function template are incompatible with C++98 [-Wc++98-compat]
[build]   379 |     template<typename InputIt, typename = require_input_iter<InputIt>>
[build]       |                                         ^ ~~~~~~~~~~~~~~~~~~~~~~~~~~~
[build] C:\Users\pperv\code\unnamed_rpg\vendor\json\include\nlohmann/ordered_map.hpp(389,50): warning: default member initializer for non-static data members is incompatible with C++98 [-Wc++98-compat]
[build]   389 |     JSON_NO_UNIQUE_ADDRESS key_compare m_compare = key_compare();
[build]       |                                                  ^
[build] C:\Users\pperv\code\unnamed_rpg\vendor\json\include\nlohmann/ordered_map.hpp(46,19): warning: noexcept specifications are incompatible with C++98 [-Wc++98-compat]
[build]    46 |     ordered_map() noexcept(noexcept(Container())) : Container{} {}
[build]       |                   ^
[build] C:\Users\pperv\code\unnamed_rpg\vendor\json\include\nlohmann/ordered_map.hpp(46,28): warning: noexcept expressions are incompatible with C++98 [-Wc++98-compat]
[build]    46 |     ordered_map() noexcept(noexcept(Container())) : Container{} {}
[build]       |                            ^
[build] C:\Users\pperv\code\unnamed_rpg\vendor\json\include\nlohmann/ordered_map.hpp(47,50): warning: noexcept specifications are incompatible with C++98 [-Wc++98-compat]
[build]    47 |     explicit ordered_map(const Allocator& alloc) noexcept(noexcept(Container(alloc))) : Container{alloc} {}
[build]       |                                                  ^
[build] C:\Users\pperv\code\unnamed_rpg\vendor\json\include\nlohmann/ordered_map.hpp(47,59): warning: noexcept expressions are incompatible with C++98 [-Wc++98-compat]
[build]    47 |     explicit ordered_map(const Allocator& alloc) noexcept(noexcept(Container(alloc))) : Container{alloc} {}
[build]       |                                                           ^
[build] C:\Users\pperv\code\unnamed_rpg\vendor\json\include\nlohmann/ordered_map.hpp(54,32): warning: noexcept specifications are incompatible with C++98 [-Wc++98-compat]
[build]    54 |     ordered_map(ordered_map&&) noexcept(std::is_nothrow_move_constructible<Container>::value) = default;
[build]       |                                ^
[build] C:\Users\pperv\code\unnamed_rpg\vendor\json\include\nlohmann/ordered_map.hpp(67,49): warning: noexcept specifications are incompatible with C++98 [-Wc++98-compat]
[build]    67 |     ordered_map& operator=(ordered_map&& other) noexcept(std::is_nothrow_move_assignable<Container>::value)
[build]       |                                                 ^
[build] In file included from C:\Users\pperv\code\unnamed_rpg\vendor\json-schema-validator\src\json-uri.cpp:9:
[build] In file included from C:\Users\pperv\code\unnamed_rpg\vendor\json-schema-validator\src\nlohmann/json-schema.hpp:24:
[build] C:\Users\pperv\code\unnamed_rpg\vendor\json\include\nlohmann/json.hpp(91,1): warning: empty macro arguments are incompatible with C++98 [-Wc++98-compat-pedantic]
[build]    91 | NLOHMANN_JSON_NAMESPACE_BEGIN
[build]       | ^
[build] C:\Users\pperv\code\unnamed_rpg\vendor\json\include\nlohmann/detail/abi_macros.hpp(102,17): note: expanded from macro 'NLOHMANN_JSON_NAMESPACE_BEGIN'
[build]   102 |                 NLOHMANN_JSON_ABI_TAGS,              \
[build]       |                 ^
[build] C:\Users\pperv\code\unnamed_rpg\vendor\json\include\nlohmann/detail/abi_macros.hpp(65,5): note: expanded from macro 'NLOHMANN_JSON_ABI_TAGS'
[build]    65 |     NLOHMANN_JSON_ABI_TAGS_CONCAT(                                   \
[build]       |     ^
[build] C:\Users\pperv\code\unnamed_rpg\vendor\json\include\nlohmann/detail/abi_macros.hpp(62,39): note: expanded from macro 'NLOHMANN_JSON_ABI_TAGS_CONCAT'
[build]    62 |     NLOHMANN_JSON_ABI_TAGS_CONCAT_EX(a, b, c)
[build]       |                                       ^
[build] In file included from C:\Users\pperv\code\unnamed_rpg\vendor\json-schema-validator\src\json-uri.cpp:9:
[build] In file included from C:\Users\pperv\code\unnamed_rpg\vendor\json-schema-validator\src\nlohmann/json-schema.hpp:24:
[build] C:\Users\pperv\code\unnamed_rpg\vendor\json\include\nlohmann/json.hpp(91,1): warning: empty macro arguments are incompatible with C++98 [-Wc++98-compat-pedantic]
[build] C:\Users\pperv\code\unnamed_rpg\vendor\json\include\nlohmann/detail/abi_macros.hpp(102,17): note: expanded from macro 'NLOHMANN_JSON_NAMESPACE_BEGIN'
[build]   102 |                 NLOHMANN_JSON_ABI_TAGS,              \
[build]       |                 ^
[build] C:\Users\pperv\code\unnamed_rpg\vendor\json\include\nlohmann/detail/abi_macros.hpp(65,5): note: expanded from macro 'NLOHMANN_JSON_ABI_TAGS'
[build]    65 |     NLOHMANN_JSON_ABI_TAGS_CONCAT(                                   \
[build]       |     ^
[build] C:\Users\pperv\code\unnamed_rpg\vendor\json\include\nlohmann/detail/abi_macros.hpp(62,42): note: expanded from macro 'NLOHMANN_JSON_ABI_TAGS_CONCAT'
[build]    62 |     NLOHMANN_JSON_ABI_TAGS_CONCAT_EX(a, b, c)
[build]       |                                          ^
[build] In file included from C:\Users\pperv\code\unnamed_rpg\vendor\json-schema-validator\src\json-uri.cpp:9:
[build] In file included from C:\Users\pperv\code\unnamed_rpg\vendor\json-schema-validator\src\nlohmann/json-schema.hpp:24:
[build] C:\Users\pperv\code\unnamed_rpg\vendor\json\include\nlohmann/json.hpp(91,1): warning: empty macro arguments are incompatible with C++98 [-Wc++98-compat-pedantic]
[build] C:\Users\pperv\code\unnamed_rpg\vendor\json\include\nlohmann/detail/abi_macros.hpp(102,17): note: expanded from macro 'NLOHMANN_JSON_NAMESPACE_BEGIN'
[build]   102 |                 NLOHMANN_JSON_ABI_TAGS,              \
[build]       |                 ^
[build] C:\Users\pperv\code\unnamed_rpg\vendor\json\include\nlohmann/detail/abi_macros.hpp(65,5): note: expanded from macro 'NLOHMANN_JSON_ABI_TAGS'
[build]    65 |     NLOHMANN_JSON_ABI_TAGS_CONCAT(                                   \
[build]       |     ^
[build] C:\Users\pperv\code\unnamed_rpg\vendor\json\include\nlohmann/detail/abi_macros.hpp(62,45): note: expanded from macro 'NLOHMANN_JSON_ABI_TAGS_CONCAT'
[build]    62 |     NLOHMANN_JSON_ABI_TAGS_CONCAT_EX(a, b, c)
[build]       |                                             ^
[build] In file included from C:\Users\pperv\code\unnamed_rpg\vendor\json-schema-validator\src\json-uri.cpp:9:
[build] In file included from C:\Users\pperv\code\unnamed_rpg\vendor\json-schema-validator\src\nlohmann/json-schema.hpp:24:
[build] C:\Users\pperv\code\unnamed_rpg\vendor\json\include\nlohmann/json.hpp(91,1): warning: inline namespaces are incompatible with C++98 [-Wc++98-compat]
[build] C:\Users\pperv\code\unnamed_rpg\vendor\json\include\nlohmann/detail/abi_macros.hpp(101,5): note: expanded from macro 'NLOHMANN_JSON_NAMESPACE_BEGIN'
[build]   101 |     inline namespace NLOHMANN_JSON_NAMESPACE_CONCAT( \
[build]       |     ^
[build] In file included from C:\Users\pperv\code\unnamed_rpg\vendor\json-schema-validator\src\json-uri.cpp:9:
[build] In file included from C:\Users\pperv\code\unnamed_rpg\vendor\json-schema-validator\src\nlohmann/json-schema.hpp:24:
[build] C:\Users\pperv\code\unnamed_rpg\vendor\json\include\nlohmann/json.hpp(126,1): warning: variadic templates are incompatible with C++98 [-Wc++98-compat]
[build]   126 | NLOHMANN_BASIC_JSON_TPL_DECLARATION
[build]       | ^
[build] C:\Users\pperv\code\unnamed_rpg\vendor\json\include\nlohmann/detail/macro_scope.hpp(337,51): note: expanded from macro 'NLOHMANN_BASIC_JSON_TPL_DECLARATION'
[build]   337 |     template<template<typename, typename, typename...> class ObjectType,   \
[build]       |                                                   ^
[build] In file included from C:\Users\pperv\code\unnamed_rpg\vendor\json-schema-validator\src\json-uri.cpp:9:
[build] In file included from C:\Users\pperv\code\unnamed_rpg\vendor\json-schema-validator\src\nlohmann/json-schema.hpp:24:
[build] C:\Users\pperv\code\unnamed_rpg\vendor\json\include\nlohmann/json.hpp(126,1): warning: variadic templates are incompatible with C++98 [-Wc++98-compat]
[build] C:\Users\pperv\code\unnamed_rpg\vendor\json\include\nlohmann/detail/macro_scope.hpp(338,41): note: expanded from macro 'NLOHMANN_BASIC_JSON_TPL_DECLARATION'
[build]   338 |              template<typename, typename...> class ArrayType,              \
[build]       |                                         ^
[build] In file included from C:\Users\pperv\code\unnamed_rpg\vendor\json-schema-validator\src\json-uri.cpp:9:
[build] In file included from C:\Users\pperv\code\unnamed_rpg\vendor\json-schema-validator\src\nlohmann/json-schema.hpp:24:
[build] C:\Users\pperv\code\unnamed_rpg\vendor\json\include\nlohmann/json.hpp(140,5): warning: non-class friend type '::nlohmann::detail::serializer<basic_json<ObjectType, ArrayType, StringType, BooleanType, NumberIntegerType, NumberUnsignedType, NumberFloatType, AllocatorType, JSONSerializer, BinaryType, CustomBaseClass>>' is incompatible with C++98 [-Wc++98-compat]
[build]   140 |     friend ::nlohmann::detail::serializer<basic_json>;
[build]       |     ^~~~~~~~~~~~~~~~~~~~~~~~~~~~~~~~~~~~~~~~~~~~~~~~~
[build] C:\Users\pperv\code\unnamed_rpg\vendor\json\include\nlohmann/json.hpp(154,26): warning: alias declarations are incompatible with C++98 [-Wc++98-compat]
[build]   154 |     using basic_json_t = NLOHMANN_BASIC_JSON_TPL;
[build]       |                          ^
[build] C:\Users\pperv\code\unnamed_rpg\vendor\json\include\nlohmann/detail/macro_scope.hpp(347,5): note: expanded from macro 'NLOHMANN_BASIC_JSON_TPL'
[build]   347 |     basic_json<ObjectType, ArrayType, StringType, BooleanType,             \
[build]       |     ^
[build] In file included from C:\Users\pperv\code\unnamed_rpg\vendor\json-schema-validator\src\json-uri.cpp:9:
[build] In file included from C:\Users\pperv\code\unnamed_rpg\vendor\json-schema-validator\src\nlohmann/json-schema.hpp:24:
[build] C:\Users\pperv\code\unnamed_rpg\vendor\json\include\nlohmann/json.hpp(155,31): warning: alias declarations are incompatible with C++98 [-Wc++98-compat]
[build]   155 |     using json_base_class_t = ::nlohmann::detail::json_base_class<CustomBaseClass>;
[build]       |                               ^
[build] C:\Users\pperv\code\unnamed_rpg\vendor\json\include\nlohmann/json.hpp(159,19): warning: alias declarations are incompatible with C++98 [-Wc++98-compat]
[build]   159 |     using lexer = ::nlohmann::detail::lexer_base<basic_json>;
[build]       |                   ^
[build] C:\Users\pperv\code\unnamed_rpg\vendor\json\include\nlohmann/json.hpp(175,34): warning: alias declarations are incompatible with C++98 [-Wc++98-compat]
[build]   175 |     using primitive_iterator_t = ::nlohmann::detail::primitive_iterator_t;
[build]       |                                  ^
[build] C:\Users\pperv\code\unnamed_rpg\vendor\json\include\nlohmann/json.hpp(177,31): warning: alias declarations are incompatible with C++98 [-Wc++98-compat]
[build]   177 |     using internal_iterator = ::nlohmann::detail::internal_iterator<BasicJsonType>;
[build]       |                               ^
[build] C:\Users\pperv\code\unnamed_rpg\vendor\json\include\nlohmann/json.hpp(179,23): warning: alias declarations are incompatible with C++98 [-Wc++98-compat]
[build]   179 |     using iter_impl = ::nlohmann::detail::iter_impl<BasicJsonType>;
[build]       |                       ^
[build] C:\Users\pperv\code\unnamed_rpg\vendor\json\include\nlohmann/json.hpp(181,29): warning: alias declarations are incompatible with C++98 [-Wc++98-compat]
[build]   181 |     using iteration_proxy = ::nlohmann::detail::iteration_proxy<Iterator>;
[build]       |                             ^
[build] C:\Users\pperv\code\unnamed_rpg\vendor\json\include\nlohmann/json.hpp(182,59): warning: alias declarations are incompatible with C++98 [-Wc++98-compat]
[build]   182 |     template<typename Base> using json_reverse_iterator = ::nlohmann::detail::json_reverse_iterator<Base>;
[build]       |                                                           ^
[build] C:\Users\pperv\code\unnamed_rpg\vendor\json\include\nlohmann/json.hpp(185,30): warning: alias declarations are incompatible with C++98 [-Wc++98-compat]
[build]   185 |     using output_adapter_t = ::nlohmann::detail::output_adapter_t<CharType>;
[build]       |                              ^
[build] C:\Users\pperv\code\unnamed_rpg\vendor\json\include\nlohmann/json.hpp(188,27): warning: alias declarations are incompatible with C++98 [-Wc++98-compat]
[build]   188 |     using binary_reader = ::nlohmann::detail::binary_reader<basic_json, InputType>;
[build]       |                           ^
[build] C:\Users\pperv\code\unnamed_rpg\vendor\json\include\nlohmann/json.hpp(189,55): warning: alias declarations are incompatible with C++98 [-Wc++98-compat]
[build]   189 |     template<typename CharType> using binary_writer = ::nlohmann::detail::binary_writer<basic_json, CharType>;
[build]       |                                                       ^
[build] C:\Users\pperv\code\unnamed_rpg\vendor\json\include\nlohmann/json.hpp(192,24): warning: alias declarations are incompatible with C++98 [-Wc++98-compat]
[build]   192 |     using serializer = ::nlohmann::detail::serializer<basic_json>;
[build]       |                        ^
[build] C:\Users\pperv\code\unnamed_rpg\vendor\json\include\nlohmann/json.hpp(195,21): warning: alias declarations are incompatible with C++98 [-Wc++98-compat]
[build]   195 |     using value_t = detail::value_t;
[build]       |                     ^
[build] C:\Users\pperv\code\unnamed_rpg\vendor\json\include\nlohmann/json.hpp(197,26): warning: alias declarations are incompatible with C++98 [-Wc++98-compat]
[build]   197 |     using json_pointer = ::nlohmann::json_pointer<StringType>;
[build]       |                          ^
[build] C:\Users\pperv\code\unnamed_rpg\vendor\json\include\nlohmann/json.hpp(199,29): warning: alias declarations are incompatible with C++98 [-Wc++98-compat]
[build]   199 |     using json_serializer = JSONSerializer<T, SFINAE>;
[build]       |                             ^
[build] C:\Users\pperv\code\unnamed_rpg\vendor\json\include\nlohmann/json.hpp(201,29): warning: alias declarations are incompatible with C++98 [-Wc++98-compat]
[build]   201 |     using error_handler_t = detail::error_handler_t;
[build]       |                             ^
[build] C:\Users\pperv\code\unnamed_rpg\vendor\json\include\nlohmann/json.hpp(203,32): warning: alias declarations are incompatible with C++98 [-Wc++98-compat]
[build]   203 |     using cbor_tag_handler_t = detail::cbor_tag_handler_t;
[build]       |                                ^
[build] C:\Users\pperv\code\unnamed_rpg\vendor\json\include\nlohmann/json.hpp(205,30): warning: alias declarations are incompatible with C++98 [-Wc++98-compat]
[build]   205 |     using bjdata_version_t = detail::bjdata_version_t;
[build]       |                              ^
[build] C:\Users\pperv\code\unnamed_rpg\vendor\json\include\nlohmann/json.hpp(207,32): warning: alias declarations are incompatible with C++98 [-Wc++98-compat]
[build]   207 |     using initializer_list_t = std::initializer_list<detail::json_ref<basic_json>>;
[build]       |                                ^
[build] C:\Users\pperv\code\unnamed_rpg\vendor\json\include\nlohmann/json.hpp(207,81): warning: consecutive right angle brackets are incompatible with C++98 (use '> >') [-Wc++98-compat]
[build]   207 |     using initializer_list_t = std::initializer_list<detail::json_ref<basic_json>>;
[build]       |                                                                                 ^~
[build]       |                                                                                 > >
[build] C:\Users\pperv\code\unnamed_rpg\vendor\json\include\nlohmann/json.hpp(209,28): warning: alias declarations are incompatible with C++98 [-Wc++98-compat]
[build]   209 |     using input_format_t = detail::input_format_t;
[build]       |                            ^
[build] C:\Users\pperv\code\unnamed_rpg\vendor\json\include\nlohmann/json.hpp(211,24): warning: alias declarations are incompatible with C++98 [-Wc++98-compat]
[build]   211 |     using json_sax_t = json_sax<basic_json>;
[build]       |                        ^
[build] C:\Users\pperv\code\unnamed_rpg\vendor\json\include\nlohmann/json.hpp(221,23): warning: alias declarations are incompatible with C++98 [-Wc++98-compat]
[build]   221 |     using exception = detail::exception;
[build]       |                       ^
[build] C:\Users\pperv\code\unnamed_rpg\vendor\json\include\nlohmann/json.hpp(222,25): warning: alias declarations are incompatible with C++98 [-Wc++98-compat]
[build]   222 |     using parse_error = detail::parse_error;
[build]       |                         ^
[build] C:\Users\pperv\code\unnamed_rpg\vendor\json\include\nlohmann/json.hpp(223,30): warning: alias declarations are incompatible with C++98 [-Wc++98-compat]
[build]   223 |     using invalid_iterator = detail::invalid_iterator;
[build]       |                              ^
[build] C:\Users\pperv\code\unnamed_rpg\vendor\json\include\nlohmann/json.hpp(224,24): warning: alias declarations are incompatible with C++98 [-Wc++98-compat]
[build]   224 |     using type_error = detail::type_error;
[build]       |                        ^
[build] C:\Users\pperv\code\unnamed_rpg\vendor\json\include\nlohmann/json.hpp(225,26): warning: alias declarations are incompatible with C++98 [-Wc++98-compat]
[build]   225 |     using out_of_range = detail::out_of_range;
[build]       |                          ^
[build] C:\Users\pperv\code\unnamed_rpg\vendor\json\include\nlohmann/json.hpp(226,25): warning: alias declarations are incompatible with C++98 [-Wc++98-compat]
[build]   226 |     using other_error = detail::other_error;
[build]       |                         ^
[build] C:\Users\pperv\code\unnamed_rpg\vendor\json\include\nlohmann/json.hpp(240,24): warning: alias declarations are incompatible with C++98 [-Wc++98-compat]
[build]   240 |     using value_type = basic_json;
[build]       |                        ^
[build] C:\Users\pperv\code\unnamed_rpg\vendor\json\include\nlohmann/json.hpp(243,23): warning: alias declarations are incompatible with C++98 [-Wc++98-compat]
[build]   243 |     using reference = value_type&;
[build]       |                       ^
[build] C:\Users\pperv\code\unnamed_rpg\vendor\json\include\nlohmann/json.hpp(245,29): warning: alias declarations are incompatible with C++98 [-Wc++98-compat]
[build]   245 |     using const_reference = const value_type&;
[build]       |                             ^
[build] C:\Users\pperv\code\unnamed_rpg\vendor\json\include\nlohmann/json.hpp(248,29): warning: alias declarations are incompatible with C++98 [-Wc++98-compat]
[build]   248 |     using difference_type = std::ptrdiff_t;
[build]       |                             ^
[build] C:\Users\pperv\code\unnamed_rpg\vendor\json\include\nlohmann/json.hpp(250,23): warning: alias declarations are incompatible with C++98 [-Wc++98-compat]
[build]   250 |     using size_type = std::size_t;
[build]       |                       ^
[build] C:\Users\pperv\code\unnamed_rpg\vendor\json\include\nlohmann/json.hpp(253,28): warning: alias declarations are incompatible with C++98 [-Wc++98-compat]
[build]   253 |     using allocator_type = AllocatorType<basic_json>;
[build]       |                            ^
[build] C:\Users\pperv\code\unnamed_rpg\vendor\json\include\nlohmann/json.hpp(256,21): warning: alias declarations are incompatible with C++98 [-Wc++98-compat]
[build]   256 |     using pointer = typename std::allocator_traits<allocator_type>::pointer;
[build]       |                     ^
[build] C:\Users\pperv\code\unnamed_rpg\vendor\json\include\nlohmann/json.hpp(258,27): warning: alias declarations are incompatible with C++98 [-Wc++98-compat]
[build]   258 |     using const_pointer = typename std::allocator_traits<allocator_type>::const_pointer;
[build]       |                           ^
[build] C:\Users\pperv\code\unnamed_rpg\vendor\json\include\nlohmann/json.hpp(261,22): warning: alias declarations are incompatible with C++98 [-Wc++98-compat]
[build]   261 |     using iterator = iter_impl<basic_json>;
[build]       |                      ^
[build] C:\Users\pperv\code\unnamed_rpg\vendor\json\include\nlohmann/json.hpp(263,28): warning: alias declarations are incompatible with C++98 [-Wc++98-compat]
[build]   263 |     using const_iterator = iter_impl<const basic_json>;
[build]       |                            ^
[build] C:\Users\pperv\code\unnamed_rpg\vendor\json\include\nlohmann/json.hpp(265,30): warning: alias declarations are incompatible with C++98 [-Wc++98-compat]
[build]   265 |     using reverse_iterator = json_reverse_iterator<typename basic_json::iterator>;
[build]       |                              ^
[build] C:\Users\pperv\code\unnamed_rpg\vendor\json\include\nlohmann/json.hpp(267,36): warning: alias declarations are incompatible with C++98 [-Wc++98-compat]
[build]   267 |     using const_reverse_iterator = json_reverse_iterator<typename basic_json::const_iterator>;
[build]       |                                    ^
[build] C:\Users\pperv\code\unnamed_rpg\vendor\json\include\nlohmann/json.hpp(359,41): warning: alias declarations are incompatible with C++98 [-Wc++98-compat]
[build]   359 |     using default_object_comparator_t = std::less<>;
[build]       |                                         ^
[build] C:\Users\pperv\code\unnamed_rpg\vendor\json\include\nlohmann/json.hpp(366,22): warning: alias declarations are incompatible with C++98 [-Wc++98-compat]
[build]   366 |     using object_t = ObjectType<StringType,
[build]       |                      ^
[build] C:\Users\pperv\code\unnamed_rpg\vendor\json\include\nlohmann/json.hpp(370,21): warning: consecutive right angle brackets are incompatible with C++98 (use '> >') [-Wc++98-compat]
[build]   370 |           basic_json>>>;
[build]       |                     ^~
[build]       |                     > > 
[build] C:\Users\pperv\code\unnamed_rpg\vendor\json\include\nlohmann/json.hpp(374,21): warning: alias declarations are incompatible with C++98 [-Wc++98-compat]
[build]   374 |     using array_t = ArrayType<basic_json, AllocatorType<basic_json>>;
[build]       |                     ^
[build] C:\Users\pperv\code\unnamed_rpg\vendor\json\include\nlohmann/json.hpp(374,67): warning: consecutive right angle brackets are incompatible with C++98 (use '> >') [-Wc++98-compat]
[build]   374 |     using array_t = ArrayType<basic_json, AllocatorType<basic_json>>;
[build]       |                                                                   ^~
[build]       |                                                                   > >
[build] C:\Users\pperv\code\unnamed_rpg\vendor\json\include\nlohmann/json.hpp(378,22): warning: alias declarations are incompatible with C++98 [-Wc++98-compat]
[build]   378 |     using string_t = StringType;
[build]       |                      ^
[build] C:\Users\pperv\code\unnamed_rpg\vendor\json\include\nlohmann/json.hpp(382,23): warning: alias declarations are incompatible with C++98 [-Wc++98-compat]
[build]   382 |     using boolean_t = BooleanType;
[build]       |                       ^
[build] C:\Users\pperv\code\unnamed_rpg\vendor\json\include\nlohmann/json.hpp(386,30): warning: alias declarations are incompatible with C++98 [-Wc++98-compat]
[build]   386 |     using number_integer_t = NumberIntegerType;
[build]       |                              ^
[build] C:\Users\pperv\code\unnamed_rpg\vendor\json\include\nlohmann/json.hpp(390,31): warning: alias declarations are incompatible with C++98 [-Wc++98-compat]
[build]   390 |     using number_unsigned_t = NumberUnsignedType;
[build]       |                               ^
[build] C:\Users\pperv\code\unnamed_rpg\vendor\json\include\nlohmann/json.hpp(394,28): warning: alias declarations are incompatible with C++98 [-Wc++98-compat]
[build]   394 |     using number_float_t = NumberFloatType;
[build]       |                            ^
[build] C:\Users\pperv\code\unnamed_rpg\vendor\json\include\nlohmann/json.hpp(398,22): warning: alias declarations are incompatible with C++98 [-Wc++98-compat]
[build]   398 |     using binary_t = nlohmann::byte_container_with_subtype<BinaryType>;
[build]       |                      ^
[build] C:\Users\pperv\code\unnamed_rpg\vendor\json\include\nlohmann/json.hpp(402,33): warning: alias declarations are incompatible with C++98 [-Wc++98-compat]
[build]   402 |     using object_comparator_t = detail::actual_object_comparator_t<basic_json>;
[build]       |                                 ^
[build] C:\Users\pperv\code\unnamed_rpg\vendor\json\include\nlohmann/json.hpp(409,34): warning: variadic templates are incompatible with C++98 [-Wc++98-compat]
[build]   409 |     template<typename T, typename... Args>
[build]       |                                  ^
[build] C:\Users\pperv\code\unnamed_rpg\vendor\json\include\nlohmann/json.hpp(411,26): warning: rvalue references are incompatible with C++98 [-Wc++98-compat]
[build]   411 |     static T* create(Args&& ... args)
[build]       |                          ^
[build] C:\Users\pperv\code\unnamed_rpg\vendor\json\include\nlohmann/json.hpp(476,24): warning: defaulted function definitions are incompatible with C++98 [-Wc++98-compat]
[build]   476 |         json_value() = default;
[build]       |                        ^
[build] C:\Users\pperv\code\unnamed_rpg\vendor\json\include\nlohmann/json.hpp(478,42): warning: noexcept specifications are incompatible with C++98 [-Wc++98-compat]
[build]   478 |         json_value(boolean_t v) noexcept : boolean(v) {}
[build]       |                                          ^
[build] C:\Users\pperv\code\unnamed_rpg\vendor\json\include\nlohmann/json.hpp(480,49): warning: noexcept specifications are incompatible with C++98 [-Wc++98-compat]
[build]   480 |         json_value(number_integer_t v) noexcept : number_integer(v) {}
[build]       |                                                 ^
[build] C:\Users\pperv\code\unnamed_rpg\vendor\json\include\nlohmann/json.hpp(482,50): warning: noexcept specifications are incompatible with C++98 [-Wc++98-compat]
[build]   482 |         json_value(number_unsigned_t v) noexcept : number_unsigned(v) {}
[build]       |                                                  ^
[build] C:\Users\pperv\code\unnamed_rpg\vendor\json\include\nlohmann/json.hpp(484,47): warning: noexcept specifications are incompatible with C++98 [-Wc++98-compat]
[build]   484 |         json_value(number_float_t v) noexcept : number_float(v) {}
[build]       |                                               ^
[build] C:\Users\pperv\code\unnamed_rpg\vendor\json\include\nlohmann/json.hpp(561,28): warning: rvalue references are incompatible with C++98 [-Wc++98-compat]
[build]   561 |         json_value(string_t&& value) : string(create<string_t>(std::move(value))) {}
[build]       |                            ^
[build] C:\Users\pperv\code\unnamed_rpg\vendor\json\include\nlohmann/json.hpp(567,28): warning: rvalue references are incompatible with C++98 [-Wc++98-compat]
[build]   567 |         json_value(object_t&& value) : object(create<object_t>(std::move(value))) {}
[build]       |                            ^
[build] C:\Users\pperv\code\unnamed_rpg\vendor\json\include\nlohmann/json.hpp(573,27): warning: rvalue references are incompatible with C++98 [-Wc++98-compat]
[build]   573 |         json_value(array_t&& value) : array(create<array_t>(std::move(value))) {}
[build]       |                           ^
[build] C:\Users\pperv\code\unnamed_rpg\vendor\json\include\nlohmann/json.hpp(579,53): warning: rvalue references are incompatible with C++98 [-Wc++98-compat]
[build]   579 |         json_value(typename binary_t::container_type&& value) : binary(create<binary_t>(std::move(value))) {}
[build]       |                                                     ^
[build] C:\Users\pperv\code\unnamed_rpg\vendor\json\include\nlohmann/json.hpp(585,28): warning: rvalue references are incompatible with C++98 [-Wc++98-compat]
[build]   585 |         json_value(binary_t&& value) : binary(create<binary_t>(std::move(value))) {}
[build]       |                            ^
[build] C:\Users\pperv\code\unnamed_rpg\vendor\json\include\nlohmann/json.hpp(716,5): warning: noexcept specifications are incompatible with C++98 [-Wc++98-compat]
[build]   716 |     {
[build]       |     ^
[build] C:\Users\pperv\code\unnamed_rpg\vendor\json\include\nlohmann/json.hpp(831,27): warning: alias declarations are incompatible with C++98 [-Wc++98-compat]
[build]   831 |     using parse_event_t = detail::parse_event_t;
[build]       |                           ^
[build] C:\Users\pperv\code\unnamed_rpg\vendor\json\include\nlohmann/json.hpp(835,31): warning: alias declarations are incompatible with C++98 [-Wc++98-compat]
[build]   835 |     using parser_callback_t = detail::parser_callback_t<basic_json>;
[build]       |                               ^
[build] C:\Users\pperv\code\unnamed_rpg\vendor\json\include\nlohmann/json.hpp(857,9): warning: noexcept specifications are incompatible with C++98 [-Wc++98-compat]
[build]   857 |         : basic_json(value_t::null)
[build]       |         ^
[build] C:\Users\pperv\code\unnamed_rpg\vendor\json\include\nlohmann/json.hpp(868,31): warning: rvalue references are incompatible with C++98 [-Wc++98-compat]
[build]   868 |     basic_json(CompatibleType && val) noexcept(noexcept( // NOLINT(bugprone-forwarding-reference-overload,bugprone-exception-escape)
[build]       |                               ^
[build] C:\Users\pperv\code\unnamed_rpg\vendor\json\include\nlohmann/json.hpp(865,25): warning: default template arguments for a function template are incompatible with C++98 [-Wc++98-compat]
[build]   865 |                typename U = detail::uncvref_t<CompatibleType>,
[build]       |                         ^   ~~~~~~~~~~~~~~~~~~~~~~~~~~~~~~~~~
[build] C:\Users\pperv\code\unnamed_rpg\vendor\json\include\nlohmann/json.hpp(867,114): warning: default template arguments for a function template are incompatible with C++98 [-Wc++98-compat]
[build]   867 |                    !detail::is_basic_json<U>::value && detail::is_compatible_type<basic_json_t, U>::value, int > = 0 >
[build]       |                                                                                                                  ^ ~
[build] C:\Users\pperv\code\unnamed_rpg\vendor\json\include\nlohmann/json.hpp(881,121): warning: default template arguments for a function template are incompatible with C++98 [-Wc++98-compat]
[build]   881 |                    detail::is_basic_json<BasicJsonType>::value&& !std::is_same<basic_json, BasicJsonType>::value, int > = 0 >
[build]       |                                                                                                                         ^ ~
[build] C:\Users\pperv\code\unnamed_rpg\vendor\json\include\nlohmann/json.hpp(1030,63): warning: rvalue references are incompatible with C++98 [-Wc++98-compat]
[build]  1030 |     static basic_json binary(typename binary_t::container_type&& init)
[build]       |                                                               ^
[build] C:\Users\pperv\code\unnamed_rpg\vendor\json\include\nlohmann/json.hpp(1041,63): warning: rvalue references are incompatible with C++98 [-Wc++98-compat]
[build]  1041 |     static basic_json binary(typename binary_t::container_type&& init, typename binary_t::subtype_type subtype)
[build]       |                                                               ^
[build] C:\Users\pperv\code\unnamed_rpg\vendor\json\include\nlohmann/json.hpp(1078,101): warning: default template arguments for a function template are incompatible with C++98 [-Wc++98-compat]
[build]  1078 |                    std::is_same<InputIT, typename basic_json_t::const_iterator>::value, int >::type = 0 >
[build]       |                                                                                                     ^ ~
[build] C:\Users\pperv\code\unnamed_rpg\vendor\json\include\nlohmann/json.hpp(1187,87): warning: consecutive right angle brackets are incompatible with C++98 (use '> >') [-Wc++98-compat]
[build]  1187 |                                  std::is_same<typename JsonRef::value_type, basic_json>>::value, int> = 0 >
[build]       |                                                                                       ^~
[build]       |                                                                                       > >
[build] C:\Users\pperv\code\unnamed_rpg\vendor\json\include\nlohmann/json.hpp(1187,103): warning: default template arguments for a function template are incompatible with C++98 [-Wc++98-compat]
[build]  1187 |                                  std::is_same<typename JsonRef::value_type, basic_json>>::value, int> = 0 >
[build]       |                                                                                                       ^ ~
[build] C:\Users\pperv\code\unnamed_rpg\vendor\json\include\nlohmann/json.hpp(1265,26): warning: rvalue references are incompatible with C++98 [-Wc++98-compat]
[build]  1265 |     basic_json(basic_json&& other) noexcept
[build]       |                          ^
[build] C:\Users\pperv\code\unnamed_rpg\vendor\json\include\nlohmann/json.hpp(1266,9): warning: noexcept specifications are incompatible with C++98 [-Wc++98-compat]
[build]  1266 |         : json_base_class_t(std::forward<json_base_class_t>(other)),
[build]       |         ^
[build] C:\Users\pperv\code\unnamed_rpg\vendor\json\include\nlohmann/json.hpp(1321,5): warning: noexcept specifications are incompatible with C++98 [-Wc++98-compat]
[build]  1321 |     {
[build]       |     ^
[build] C:\Users\pperv\code\unnamed_rpg\vendor\json\include\nlohmann/json.hpp(1360,5): warning: 'constexpr' specifier is incompatible with C++98 [-Wc++98-compat]
[build]  1360 |     constexpr value_t type() const noexcept
[build]       |     ^
[build] C:\Users\pperv\code\unnamed_rpg\vendor\json\include\nlohmann/json.hpp(1361,5): warning: noexcept specifications are incompatible with C++98 [-Wc++98-compat]
[build]  1361 |     {
[build]       |     ^
[build] C:\Users\pperv\code\unnamed_rpg\vendor\json\include\nlohmann/json.hpp(1367,5): warning: 'constexpr' specifier is incompatible with C++98 [-Wc++98-compat]
[build]  1367 |     constexpr bool is_primitive() const noexcept
[build]       |     ^
[build] C:\Users\pperv\code\unnamed_rpg\vendor\json\include\nlohmann/json.hpp(1368,5): warning: noexcept specifications are incompatible with C++98 [-Wc++98-compat]
[build]  1368 |     {
[build]       |     ^
[build] C:\Users\pperv\code\unnamed_rpg\vendor\json\include\nlohmann/json.hpp(1374,5): warning: 'constexpr' specifier is incompatible with C++98 [-Wc++98-compat]
[build]  1374 |     constexpr bool is_structured() const noexcept
[build]       |     ^
[build] C:\Users\pperv\code\unnamed_rpg\vendor\json\include\nlohmann/json.hpp(1375,5): warning: noexcept specifications are incompatible with C++98 [-Wc++98-compat]
[build]  1375 |     {
[build]       |     ^
[build] C:\Users\pperv\code\unnamed_rpg\vendor\json\include\nlohmann/json.hpp(1381,5): warning: 'constexpr' specifier is incompatible with C++98 [-Wc++98-compat]
[build]  1381 |     constexpr bool is_null() const noexcept
[build]       |     ^
[build] C:\Users\pperv\code\unnamed_rpg\vendor\json\include\nlohmann/json.hpp(1382,5): warning: noexcept specifications are incompatible with C++98 [-Wc++98-compat]
[build]  1382 |     {
[build]       |     ^
[build] C:\Users\pperv\code\unnamed_rpg\vendor\json\include\nlohmann/json.hpp(1388,5): warning: 'constexpr' specifier is incompatible with C++98 [-Wc++98-compat]
[build]  1388 |     constexpr bool is_boolean() const noexcept
[build]       |     ^
[build] C:\Users\pperv\code\unnamed_rpg\vendor\json\include\nlohmann/json.hpp(1389,5): warning: noexcept specifications are incompatible with C++98 [-Wc++98-compat]
[build]  1389 |     {
[build]       |     ^
[build] C:\Users\pperv\code\unnamed_rpg\vendor\json\include\nlohmann/json.hpp(1395,5): warning: 'constexpr' specifier is incompatible with C++98 [-Wc++98-compat]
[build]  1395 |     constexpr bool is_number() const noexcept
[build]       |     ^
[build] C:\Users\pperv\code\unnamed_rpg\vendor\json\include\nlohmann/json.hpp(1396,5): warning: noexcept specifications are incompatible with C++98 [-Wc++98-compat]
[build]  1396 |     {
[build]       |     ^
[build] C:\Users\pperv\code\unnamed_rpg\vendor\json\include\nlohmann/json.hpp(1402,5): warning: 'constexpr' specifier is incompatible with C++98 [-Wc++98-compat]
[build]  1402 |     constexpr bool is_number_integer() const noexcept
[build]       |     ^
[build] C:\Users\pperv\code\unnamed_rpg\vendor\json\include\nlohmann/json.hpp(1403,5): warning: noexcept specifications are incompatible with C++98 [-Wc++98-compat]
[build]  1403 |     {
[build]       |     ^
[build] C:\Users\pperv\code\unnamed_rpg\vendor\json\include\nlohmann/json.hpp(1409,5): warning: 'constexpr' specifier is incompatible with C++98 [-Wc++98-compat]
[build]  1409 |     constexpr bool is_number_unsigned() const noexcept
[build]       |     ^
[build] C:\Users\pperv\code\unnamed_rpg\vendor\json\include\nlohmann/json.hpp(1410,5): warning: noexcept specifications are incompatible with C++98 [-Wc++98-compat]
[build]  1410 |     {
[build]       |     ^
[build] C:\Users\pperv\code\unnamed_rpg\vendor\json\include\nlohmann/json.hpp(1416,5): warning: 'constexpr' specifier is incompatible with C++98 [-Wc++98-compat]
[build]  1416 |     constexpr bool is_number_float() const noexcept
[build]       |     ^
[build] C:\Users\pperv\code\unnamed_rpg\vendor\json\include\nlohmann/json.hpp(1417,5): warning: noexcept specifications are incompatible with C++98 [-Wc++98-compat]
[build]  1417 |     {
[build]       |     ^
[build] C:\Users\pperv\code\unnamed_rpg\vendor\json\include\nlohmann/json.hpp(1423,5): warning: 'constexpr' specifier is incompatible with C++98 [-Wc++98-compat]
[build]  1423 |     constexpr bool is_object() const noexcept
[build]       |     ^
[build] C:\Users\pperv\code\unnamed_rpg\vendor\json\include\nlohmann/json.hpp(1424,5): warning: noexcept specifications are incompatible with C++98 [-Wc++98-compat]
[build]  1424 |     {
[build]       |     ^
[build] C:\Users\pperv\code\unnamed_rpg\vendor\json\include\nlohmann/json.hpp(1430,5): warning: 'constexpr' specifier is incompatible with C++98 [-Wc++98-compat]
[build]  1430 |     constexpr bool is_array() const noexcept
[build]       |     ^
[build] C:\Users\pperv\code\unnamed_rpg\vendor\json\include\nlohmann/json.hpp(1431,5): warning: noexcept specifications are incompatible with C++98 [-Wc++98-compat]
[build]  1431 |     {
[build]       |     ^
[build] C:\Users\pperv\code\unnamed_rpg\vendor\json\include\nlohmann/json.hpp(1437,5): warning: 'constexpr' specifier is incompatible with C++98 [-Wc++98-compat]
[build]  1437 |     constexpr bool is_string() const noexcept
[build]       |     ^
[build] C:\Users\pperv\code\unnamed_rpg\vendor\json\include\nlohmann/json.hpp(1438,5): warning: noexcept specifications are incompatible with C++98 [-Wc++98-compat]
[build]  1438 |     {
[build]       |     ^
[build] C:\Users\pperv\code\unnamed_rpg\vendor\json\include\nlohmann/json.hpp(1444,5): warning: 'constexpr' specifier is incompatible with C++98 [-Wc++98-compat]
[build]  1444 |     constexpr bool is_binary() const noexcept
[build]       |     ^
[build] C:\Users\pperv\code\unnamed_rpg\vendor\json\include\nlohmann/json.hpp(1445,5): warning: noexcept specifications are incompatible with C++98 [-Wc++98-compat]
[build]  1445 |     {
[build]       |     ^
[build] C:\Users\pperv\code\unnamed_rpg\vendor\json\include\nlohmann/json.hpp(1451,5): warning: 'constexpr' specifier is incompatible with C++98 [-Wc++98-compat]
[build]  1451 |     constexpr bool is_discarded() const noexcept
[build]       |     ^
[build] C:\Users\pperv\code\unnamed_rpg\vendor\json\include\nlohmann/json.hpp(1452,5): warning: noexcept specifications are incompatible with C++98 [-Wc++98-compat]
[build]  1452 |     {
[build]       |     ^
[build] C:\Users\pperv\code\unnamed_rpg\vendor\json\include\nlohmann/json.hpp(1458,5): warning: 'constexpr' specifier is incompatible with C++98 [-Wc++98-compat]
[build]  1458 |     constexpr operator value_t() const noexcept
[build]       |     ^
[build] C:\Users\pperv\code\unnamed_rpg\vendor\json\include\nlohmann/json.hpp(1459,5): warning: noexcept specifications are incompatible with C++98 [-Wc++98-compat]
[build]  1459 |     {
[build]       |     ^
[build] C:\Users\pperv\code\unnamed_rpg\vendor\json\include\nlohmann/json.hpp(1483,5): warning: noexcept specifications are incompatible with C++98 [-Wc++98-compat]
[build]  1483 |     {
[build]       |     ^
[build] C:\Users\pperv\code\unnamed_rpg\vendor\json\include\nlohmann/json.hpp(1488,5): warning: 'constexpr' specifier is incompatible with C++98 [-Wc++98-compat]
[build]  1488 |     constexpr const object_t* get_impl_ptr(const object_t* /*unused*/) const noexcept
[build]       |     ^
[build] C:\Users\pperv\code\unnamed_rpg\vendor\json\include\nlohmann/json.hpp(1489,5): warning: noexcept specifications are incompatible with C++98 [-Wc++98-compat]
[build]  1489 |     {
[build]       |     ^
[build] C:\Users\pperv\code\unnamed_rpg\vendor\json\include\nlohmann/json.hpp(1495,5): warning: noexcept specifications are incompatible with C++98 [-Wc++98-compat]
[build]  1495 |     {
[build]       |     ^
[build] C:\Users\pperv\code\unnamed_rpg\vendor\json\include\nlohmann/json.hpp(1500,5): warning: 'constexpr' specifier is incompatible with C++98 [-Wc++98-compat]
[build]  1500 |     constexpr const array_t* get_impl_ptr(const array_t* /*unused*/) const noexcept
[build]       |     ^
[build] C:\Users\pperv\code\unnamed_rpg\vendor\json\include\nlohmann/json.hpp(1501,5): warning: noexcept specifications are incompatible with C++98 [-Wc++98-compat]
[build]  1501 |     {
[build]       |     ^
[build] C:\Users\pperv\code\unnamed_rpg\vendor\json\include\nlohmann/json.hpp(1507,5): warning: noexcept specifications are incompatible with C++98 [-Wc++98-compat]
[build]  1507 |     {
[build]       |     ^
[build] C:\Users\pperv\code\unnamed_rpg\vendor\json\include\nlohmann/json.hpp(1512,5): warning: 'constexpr' specifier is incompatible with C++98 [-Wc++98-compat]
[build]  1512 |     constexpr const string_t* get_impl_ptr(const string_t* /*unused*/) const noexcept
[build]       |     ^
[build] C:\Users\pperv\code\unnamed_rpg\vendor\json\include\nlohmann/json.hpp(1513,5): warning: noexcept specifications are incompatible with C++98 [-Wc++98-compat]
[build]  1513 |     {
[build]       |     ^
[build] C:\Users\pperv\code\unnamed_rpg\vendor\json\include\nlohmann/json.hpp(1519,5): warning: noexcept specifications are incompatible with C++98 [-Wc++98-compat]
[build]  1519 |     {
[build]       |     ^
[build] C:\Users\pperv\code\unnamed_rpg\vendor\json\include\nlohmann/json.hpp(1524,5): warning: 'constexpr' specifier is incompatible with C++98 [-Wc++98-compat]
[build]  1524 |     constexpr const boolean_t* get_impl_ptr(const boolean_t* /*unused*/) const noexcept
[build]       |     ^
[build] C:\Users\pperv\code\unnamed_rpg\vendor\json\include\nlohmann/json.hpp(1525,5): warning: noexcept specifications are incompatible with C++98 [-Wc++98-compat]
[build]  1525 |     {
[build]       |     ^
[build] C:\Users\pperv\code\unnamed_rpg\vendor\json\include\nlohmann/json.hpp(1531,5): warning: noexcept specifications are incompatible with C++98 [-Wc++98-compat]
[build]  1531 |     {
[build]       |     ^
[build] C:\Users\pperv\code\unnamed_rpg\vendor\json\include\nlohmann/json.hpp(1536,5): warning: 'constexpr' specifier is incompatible with C++98 [-Wc++98-compat]
[build]  1536 |     constexpr const number_integer_t* get_impl_ptr(const number_integer_t* /*unused*/) const noexcept
[build]       |     ^
[build] C:\Users\pperv\code\unnamed_rpg\vendor\json\include\nlohmann/json.hpp(1537,5): warning: noexcept specifications are incompatible with C++98 [-Wc++98-compat]
[build]  1537 |     {
[build]       |     ^
[build] C:\Users\pperv\code\unnamed_rpg\vendor\json\include\nlohmann/json.hpp(1543,5): warning: noexcept specifications are incompatible with C++98 [-Wc++98-compat]
[build]  1543 |     {
[build]       |     ^
[build] C:\Users\pperv\code\unnamed_rpg\vendor\json\include\nlohmann/json.hpp(1548,5): warning: 'constexpr' specifier is incompatible with C++98 [-Wc++98-compat]
[build]  1548 |     constexpr const number_unsigned_t* get_impl_ptr(const number_unsigned_t* /*unused*/) const noexcept
[build]       |     ^
[build] C:\Users\pperv\code\unnamed_rpg\vendor\json\include\nlohmann/json.hpp(1549,5): warning: noexcept specifications are incompatible with C++98 [-Wc++98-compat]
[build]  1549 |     {
[build]       |     ^
[build] C:\Users\pperv\code\unnamed_rpg\vendor\json\include\nlohmann/json.hpp(1555,5): warning: noexcept specifications are incompatible with C++98 [-Wc++98-compat]
[build]  1555 |     {
[build]       |     ^
[build] C:\Users\pperv\code\unnamed_rpg\vendor\json\include\nlohmann/json.hpp(1560,5): warning: 'constexpr' specifier is incompatible with C++98 [-Wc++98-compat]
[build]  1560 |     constexpr const number_float_t* get_impl_ptr(const number_float_t* /*unused*/) const noexcept
[build]       |     ^
[build] C:\Users\pperv\code\unnamed_rpg\vendor\json\include\nlohmann/json.hpp(1561,5): warning: noexcept specifications are incompatible with C++98 [-Wc++98-compat]
[build]  1561 |     {
[build]       |     ^
[build] C:\Users\pperv\code\unnamed_rpg\vendor\json\include\nlohmann/json.hpp(1567,5): warning: noexcept specifications are incompatible with C++98 [-Wc++98-compat]
[build]  1567 |     {
[build]       |     ^
[build] C:\Users\pperv\code\unnamed_rpg\vendor\json\include\nlohmann/json.hpp(1572,5): warning: 'constexpr' specifier is incompatible with C++98 [-Wc++98-compat]
[build]  1572 |     constexpr const binary_t* get_impl_ptr(const binary_t* /*unused*/) const noexcept
[build]       |     ^
[build] C:\Users\pperv\code\unnamed_rpg\vendor\json\include\nlohmann/json.hpp(1573,5): warning: noexcept specifications are incompatible with C++98 [-Wc++98-compat]
[build]  1573 |     {
[build]       |     ^
[build] C:\Users\pperv\code\unnamed_rpg\vendor\json\include\nlohmann/json.hpp(1611,29): warning: noexcept specifications are incompatible with C++98 [-Wc++98-compat]
[build]  1611 |     auto get_ptr() noexcept -> decltype(std::declval<basic_json_t&>().get_impl_ptr(std::declval<PointerType>()))
[build]       |                             ^
[build] C:\Users\pperv\code\unnamed_rpg\vendor\json\include\nlohmann/json.hpp(1611,29): warning: trailing return types are incompatible with C++98 [-Wc++98-compat]
[build] C:\Users\pperv\code\unnamed_rpg\vendor\json\include\nlohmann/json.hpp(1611,32): warning: 'decltype' type specifier is incompatible with C++98 [-Wc++98-compat]
[build]  1611 |     auto get_ptr() noexcept -> decltype(std::declval<basic_json_t&>().get_impl_ptr(std::declval<PointerType>()))
[build]       |                                ^
[build] C:\Users\pperv\code\unnamed_rpg\vendor\json\include\nlohmann/json.hpp(1610,66): warning: default template arguments for a function template are incompatible with C++98 [-Wc++98-compat]
[build]  1610 |                  std::is_pointer<PointerType>::value, int>::type = 0>
[build]       |                                                                  ^ ~
[build] C:\Users\pperv\code\unnamed_rpg\vendor\json\include\nlohmann/json.hpp(1622,5): warning: 'constexpr' specifier is incompatible with C++98 [-Wc++98-compat]
[build]  1622 |     constexpr auto get_ptr() const noexcept -> decltype(std::declval<const basic_json_t&>().get_impl_ptr(std::declval<PointerType>()))
[build]       |     ^
[build] C:\Users\pperv\code\unnamed_rpg\vendor\json\include\nlohmann/json.hpp(1622,45): warning: noexcept specifications are incompatible with C++98 [-Wc++98-compat]
[build]  1622 |     constexpr auto get_ptr() const noexcept -> decltype(std::declval<const basic_json_t&>().get_impl_ptr(std::declval<PointerType>()))
[build]       |                                             ^
[build] C:\Users\pperv\code\unnamed_rpg\vendor\json\include\nlohmann/json.hpp(1622,45): warning: trailing return types are incompatible with C++98 [-Wc++98-compat]
[build] C:\Users\pperv\code\unnamed_rpg\vendor\json\include\nlohmann/json.hpp(1622,48): warning: 'decltype' type specifier is incompatible with C++98 [-Wc++98-compat]
[build]  1622 |     constexpr auto get_ptr() const noexcept -> decltype(std::declval<const basic_json_t&>().get_impl_ptr(std::declval<PointerType>()))
[build]       |                                                ^
[build] C:\Users\pperv\code\unnamed_rpg\vendor\json\include\nlohmann/json.hpp(1621,103): warning: default template arguments for a function template are incompatible with C++98 [-Wc++98-compat]
[build]  1621 |                    std::is_const<typename std::remove_pointer<PointerType>::type>::value, int >::type = 0 >
[build]       |                                                                                                       ^ ~
[build] C:\Users\pperv\code\unnamed_rpg\vendor\json\include\nlohmann/json.hpp(1671,26): warning: default template arguments for a function template are incompatible with C++98 [-Wc++98-compat]
[build]  1671 |                    int > = 0 >
[build]       |                          ^ ~
[build] C:\Users\pperv\code\unnamed_rpg\vendor\json\include\nlohmann/json.hpp(1713,26): warning: default template arguments for a function template are incompatible with C++98 [-Wc++98-compat]
[build]  1713 |                    int > = 0 >
[build]       |                          ^ ~
[build] C:\Users\pperv\code\unnamed_rpg\vendor\json\include\nlohmann/json.hpp(1738,26): warning: default template arguments for a function template are incompatible with C++98 [-Wc++98-compat]
[build]  1738 |                    int > = 0 >
[build]       |                          ^ ~
[build] C:\Users\pperv\code\unnamed_rpg\vendor\json\include\nlohmann/json.hpp(1761,23): warning: default template arguments for a function template are incompatible with C++98 [-Wc++98-compat]
[build]  1761 |                  int> = 0>
[build]       |                       ^ ~
[build] C:\Users\pperv\code\unnamed_rpg\vendor\json\include\nlohmann/json.hpp(1775,5): warning: 'constexpr' specifier is incompatible with C++98 [-Wc++98-compat]
[build]  1775 |     constexpr auto get_impl(detail::priority_tag<4> /*unused*/) const noexcept
[build]       |     ^
[build] C:\Users\pperv\code\unnamed_rpg\vendor\json\include\nlohmann/json.hpp(1776,5): warning: noexcept specifications are incompatible with C++98 [-Wc++98-compat]
[build]  1776 |     -> decltype(std::declval<const basic_json_t&>().template get_ptr<PointerType>())
[build]       |     ^
[build] C:\Users\pperv\code\unnamed_rpg\vendor\json\include\nlohmann/json.hpp(1776,5): warning: trailing return types are incompatible with C++98 [-Wc++98-compat]
[build] C:\Users\pperv\code\unnamed_rpg\vendor\json\include\nlohmann/json.hpp(1776,8): warning: 'decltype' type specifier is incompatible with C++98 [-Wc++98-compat]
[build]  1776 |     -> decltype(std::declval<const basic_json_t&>().template get_ptr<PointerType>())
[build]       |        ^
[build] C:\Users\pperv\code\unnamed_rpg\vendor\json\include\nlohmann/json.hpp(1774,23): warning: default template arguments for a function template are incompatible with C++98 [-Wc++98-compat]
[build]  1774 |                  int> = 0>
[build]       |                       ^ ~
[build] C:\Users\pperv\code\unnamed_rpg\vendor\json\include\nlohmann/json.hpp(1806,88): warning: consecutive right angle brackets are incompatible with C++98 (use '> >') [-Wc++98-compat]
[build]  1806 |     template < typename ValueTypeCV, typename ValueType = detail::uncvref_t<ValueTypeCV>>
[build]       |                                                                                        ^~
[build]       |                                                                                        > >
[build] C:\Users\pperv\code\unnamed_rpg\vendor\json\include\nlohmann/json.hpp(1808,5): warning: 'constexpr' specifier is incompatible with C++98 [-Wc++98-compat]
[build]  1808 |     constexpr
[build]       |     ^
[build] C:\Users\pperv\code\unnamed_rpg\vendor\json\include\nlohmann/json.hpp(1812,5): warning: trailing return types are incompatible with C++98 [-Wc++98-compat]
[build]  1812 |     -> decltype(std::declval<const basic_json_t&>().template get_impl<ValueType>(detail::priority_tag<4> {}))
[build]       |     ^
[build] C:\Users\pperv\code\unnamed_rpg\vendor\json\include\nlohmann/json.hpp(1812,8): warning: 'decltype' type specifier is incompatible with C++98 [-Wc++98-compat]
[build]  1812 |     -> decltype(std::declval<const basic_json_t&>().template get_impl<ValueType>(detail::priority_tag<4> {}))
[build]       |        ^
[build] C:\Users\pperv\code\unnamed_rpg\vendor\json\include\nlohmann/json.hpp(1812,106): warning: generalized initializer lists are incompatible with C++98 [-Wc++98-compat]
[build]  1812 |     -> decltype(std::declval<const basic_json_t&>().template get_impl<ValueType>(detail::priority_tag<4> {}))
[build]       |                                                                                                          ^
[build] C:\Users\pperv\code\unnamed_rpg\vendor\json\include\nlohmann/json.hpp(1812,106): warning: constructor call from initializer list is incompatible with C++98 [-Wc++98-compat]
[build]  1812 |     -> decltype(std::declval<const basic_json_t&>().template get_impl<ValueType>(detail::priority_tag<4> {}))
[build]       |                                                                                                          ^~
[build] C:\Users\pperv\code\unnamed_rpg\vendor\json\include\nlohmann/json.hpp(1806,47): warning: default template arguments for a function template are incompatible with C++98 [-Wc++98-compat]
[build]  1806 |     template < typename ValueTypeCV, typename ValueType = detail::uncvref_t<ValueTypeCV>>
[build]       |                                               ^           ~~~~~~~~~~~~~~~~~~~~~~~~~~~~~~
[build] C:\Users\pperv\code\unnamed_rpg\vendor\json\include\nlohmann/json.hpp(1851,25): warning: noexcept specifications are incompatible with C++98 [-Wc++98-compat]
[build]  1851 |     auto get() noexcept -> decltype(std::declval<basic_json_t&>().template get_ptr<PointerType>())
[build]       |                         ^
[build] C:\Users\pperv\code\unnamed_rpg\vendor\json\include\nlohmann/json.hpp(1851,25): warning: trailing return types are incompatible with C++98 [-Wc++98-compat]
[build] C:\Users\pperv\code\unnamed_rpg\vendor\json\include\nlohmann/json.hpp(1851,28): warning: 'decltype' type specifier is incompatible with C++98 [-Wc++98-compat]
[build]  1851 |     auto get() noexcept -> decltype(std::declval<basic_json_t&>().template get_ptr<PointerType>())
[build]       |                            ^
[build] C:\Users\pperv\code\unnamed_rpg\vendor\json\include\nlohmann/json.hpp(1850,66): warning: default template arguments for a function template are incompatible with C++98 [-Wc++98-compat]
[build]  1850 |                  std::is_pointer<PointerType>::value, int>::type = 0>
[build]       |                                                                  ^ ~
[build] C:\Users\pperv\code\unnamed_rpg\vendor\json\include\nlohmann/json.hpp(1863,26): warning: default template arguments for a function template are incompatible with C++98 [-Wc++98-compat]
[build]  1863 |                    int > = 0 >
[build]       |                          ^ ~
[build] C:\Users\pperv\code\unnamed_rpg\vendor\json\include\nlohmann/json.hpp(1876,23): warning: default template arguments for a function template are incompatible with C++98 [-Wc++98-compat]
[build]  1876 |                  int> = 0>
[build]       |                       ^ ~
[build] C:\Users\pperv\code\unnamed_rpg\vendor\json\include\nlohmann/json.hpp(1885,18): warning: default template arguments for a function template are incompatible with C++98 [-Wc++98-compat]
[build]  1885 |         typename Array = T (&)[N], // NOLINT(cppcoreguidelines-avoid-c-arrays,hicpp-avoid-c-arrays,modernize-avoid-c-arrays)
[build]       |                  ^       ~~~~~~~~
[build] C:\Users\pperv\code\unnamed_rpg\vendor\json\include\nlohmann/json.hpp(1887,70): warning: default template arguments for a function template are incompatible with C++98 [-Wc++98-compat]
[build]  1887 |             detail::has_from_json<basic_json_t, Array>::value, int > = 0 >
[build]       |                                                                      ^ ~
[build] C:\Users\pperv\code\unnamed_rpg\vendor\json\include\nlohmann/json.hpp(1899,70): warning: default template arguments for a function template are incompatible with C++98 [-Wc++98-compat]
[build]  1899 |                  std::is_reference<ReferenceType>::value, int>::type = 0>
[build]       |                                                                      ^ ~
[build] C:\Users\pperv\code\unnamed_rpg\vendor\json\include\nlohmann/json.hpp(1910,107): warning: default template arguments for a function template are incompatible with C++98 [-Wc++98-compat]
[build]  1910 |                    std::is_const<typename std::remove_reference<ReferenceType>::type>::value, int >::type = 0 >
[build]       |                                                                                                           ^ ~
[build] C:\Users\pperv\code\unnamed_rpg\vendor\json\include\nlohmann/json.hpp(1948,66): warning: consecutive right angle brackets are incompatible with C++98 (use '> >') [-Wc++98-compat]
[build]  1948 |                        detail::negation<std::is_pointer<ValueType>>,
[build]       |                                                                  ^~
[build]       |                                                                  > >
[build] C:\Users\pperv\code\unnamed_rpg\vendor\json\include\nlohmann/json.hpp(1949,79): warning: consecutive right angle brackets are incompatible with C++98 (use '> >') [-Wc++98-compat]
[build]  1949 |                        detail::negation<std::is_same<ValueType, std::nullptr_t>>,
[build]       |                                                                               ^~
[build]       |                                                                               > >
[build] C:\Users\pperv\code\unnamed_rpg\vendor\json\include\nlohmann/json.hpp(1950,92): warning: consecutive right angle brackets are incompatible with C++98 (use '> >') [-Wc++98-compat]
[build]  1950 |                        detail::negation<std::is_same<ValueType, detail::json_ref<basic_json>>>,
[build]       |                                                                                            ^~
[build]       |                                                                                            > > 
[build] C:\Users\pperv\code\unnamed_rpg\vendor\json\include\nlohmann/json.hpp(1951,111): warning: consecutive right angle brackets are incompatible with C++98 (use '> >') [-Wc++98-compat]
[build]  1951 |                                         detail::negation<std::is_same<ValueType, typename string_t::value_type>>,
[build]       |                                                                                                               ^~
[build]       |                                                                                                               > >
[build] C:\Users\pperv\code\unnamed_rpg\vendor\json\include\nlohmann/json.hpp(1952,89): warning: consecutive right angle brackets are incompatible with C++98 (use '> >') [-Wc++98-compat]
[build]  1952 |                                         detail::negation<detail::is_basic_json<ValueType>>,
[build]       |                                                                                         ^~
[build]       |                                                                                         > >
[build] C:\Users\pperv\code\unnamed_rpg\vendor\json\include\nlohmann/json.hpp(1953,133): warning: consecutive right angle brackets are incompatible with C++98 (use '> >') [-Wc++98-compat]
[build]  1953 |                                         detail::negation<std::is_same<ValueType, std::initializer_list<typename string_t::value_type>>>,
[build]       |                                                                                                                                     ^~
[build]       |                                                                                                                                     > > 
[build] C:\Users\pperv\code\unnamed_rpg\vendor\json\include\nlohmann/json.hpp(1966,71): warning: default template arguments for a function template are incompatible with C++98 [-Wc++98-compat]
[build]  1966 |                                                 >::value, int >::type = 0 >
[build]       |                                                                       ^ ~
[build] C:\Users\pperv\code\unnamed_rpg\vendor\json\include\nlohmann/json.hpp(2075,26): warning: rvalue references are incompatible with C++98 [-Wc++98-compat]
[build]  2075 |     reference at(KeyType && key)
[build]       |                          ^
[build] C:\Users\pperv\code\unnamed_rpg\vendor\json\include\nlohmann/json.hpp(2074,95): warning: default template arguments for a function template are incompatible with C++98 [-Wc++98-compat]
[build]  2074 |                  detail::is_usable_as_basic_json_key_type<basic_json_t, KeyType>::value, int> = 0>
[build]       |                                                                                               ^ ~
[build] C:\Users\pperv\code\unnamed_rpg\vendor\json\include\nlohmann/json.hpp(2113,32): warning: rvalue references are incompatible with C++98 [-Wc++98-compat]
[build]  2113 |     const_reference at(KeyType && key) const
[build]       |                                ^
[build] C:\Users\pperv\code\unnamed_rpg\vendor\json\include\nlohmann/json.hpp(2112,95): warning: default template arguments for a function template are incompatible with C++98 [-Wc++98-compat]
[build]  2112 |                  detail::is_usable_as_basic_json_key_type<basic_json_t, KeyType>::value, int> = 0>
[build]       |                                                                                               ^ ~
[build] C:\Users\pperv\code\unnamed_rpg\vendor\json\include\nlohmann/json.hpp(2243,34): warning: rvalue references are incompatible with C++98 [-Wc++98-compat]
[build]  2243 |     reference operator[](KeyType && key)
[build]       |                                  ^
[build] C:\Users\pperv\code\unnamed_rpg\vendor\json\include\nlohmann/json.hpp(2242,96): warning: default template arguments for a function template are incompatible with C++98 [-Wc++98-compat]
[build]  2242 |                  detail::is_usable_as_basic_json_key_type<basic_json_t, KeyType>::value, int > = 0 >
[build]       |                                                                                                ^ ~
[build] C:\Users\pperv\code\unnamed_rpg\vendor\json\include\nlohmann/json.hpp(2267,40): warning: rvalue references are incompatible with C++98 [-Wc++98-compat]
[build]  2267 |     const_reference operator[](KeyType && key) const
[build]       |                                        ^
[build] C:\Users\pperv\code\unnamed_rpg\vendor\json\include\nlohmann/json.hpp(2266,96): warning: default template arguments for a function template are incompatible with C++98 [-Wc++98-compat]
[build]  2266 |                  detail::is_usable_as_basic_json_key_type<basic_json_t, KeyType>::value, int > = 0 >
[build]       |                                                                                                ^ ~
[build] C:\Users\pperv\code\unnamed_rpg\vendor\json\include\nlohmann/json.hpp(2282,43): warning: alias declarations are incompatible with C++98 [-Wc++98-compat]
[build]  2282 |     using is_comparable_with_object_key = detail::is_comparable <
[build]       |                                           ^
[build] C:\Users\pperv\code\unnamed_rpg\vendor\json\include\nlohmann/json.hpp(2286,31): warning: alias declarations are incompatible with C++98 [-Wc++98-compat]
[build]  2286 |     using value_return_type = std::conditional <
[build]       |                               ^
[build] C:\Users\pperv\code\unnamed_rpg\vendor\json\include\nlohmann/json.hpp(2296,73): warning: consecutive right angle brackets are incompatible with C++98 (use '> >') [-Wc++98-compat]
[build]  2296 |                    && !std::is_same<value_t, detail::uncvref_t<ValueType>>::value, int > = 0 >
[build]       |                                                                         ^~
[build]       |                                                                         > >
[build] C:\Users\pperv\code\unnamed_rpg\vendor\json\include\nlohmann/json.hpp(2296,90): warning: default template arguments for a function template are incompatible with C++98 [-Wc++98-compat]
[build]  2296 |                    && !std::is_same<value_t, detail::uncvref_t<ValueType>>::value, int > = 0 >
[build]       |                                                                                          ^ ~
[build] C:\Users\pperv\code\unnamed_rpg\vendor\json\include\nlohmann/json.hpp(2321,73): warning: consecutive right angle brackets are incompatible with C++98 (use '> >') [-Wc++98-compat]
[build]  2321 |                    && !std::is_same<value_t, detail::uncvref_t<ValueType>>::value, int > = 0 >
[build]       |                                                                         ^~
[build]       |                                                                         > >
[build] C:\Users\pperv\code\unnamed_rpg\vendor\json\include\nlohmann/json.hpp(2322,72): warning: rvalue references are incompatible with C++98 [-Wc++98-compat]
[build]  2322 |     ReturnType value(const typename object_t::key_type& key, ValueType && default_value) const
[build]       |                                                                        ^
[build] C:\Users\pperv\code\unnamed_rpg\vendor\json\include\nlohmann/json.hpp(2317,39): warning: default template arguments for a function template are incompatible with C++98 [-Wc++98-compat]
[build]  2317 |     template < class ValueType, class ReturnType = typename value_return_type<ValueType>::type,
[build]       |                                       ^            ~~~~~~~~~~~~~~~~~~~~~~~~~~~~~~~~~~~~~~~~~~~
[build] C:\Users\pperv\code\unnamed_rpg\vendor\json\include\nlohmann/json.hpp(2321,90): warning: default template arguments for a function template are incompatible with C++98 [-Wc++98-compat]
[build]  2321 |                    && !std::is_same<value_t, detail::uncvref_t<ValueType>>::value, int > = 0 >
[build]       |                                                                                          ^ ~
[build] C:\Users\pperv\code\unnamed_rpg\vendor\json\include\nlohmann/json.hpp(2347,73): warning: consecutive right angle brackets are incompatible with C++98 (use '> >') [-Wc++98-compat]
[build]  2347 |                    && !std::is_same<value_t, detail::uncvref_t<ValueType>>::value, int > = 0 >
[build]       |                                                                         ^~
[build]       |                                                                         > >
[build] C:\Users\pperv\code\unnamed_rpg\vendor\json\include\nlohmann/json.hpp(2348,29): warning: rvalue references are incompatible with C++98 [-Wc++98-compat]
[build]  2348 |     ValueType value(KeyType && key, const ValueType& default_value) const
[build]       |                             ^
[build] C:\Users\pperv\code\unnamed_rpg\vendor\json\include\nlohmann/json.hpp(2347,90): warning: default template arguments for a function template are incompatible with C++98 [-Wc++98-compat]
[build]  2347 |                    && !std::is_same<value_t, detail::uncvref_t<ValueType>>::value, int > = 0 >
[build]       |                                                                                          ^ ~
[build] C:\Users\pperv\code\unnamed_rpg\vendor\json\include\nlohmann/json.hpp(2374,73): warning: consecutive right angle brackets are incompatible with C++98 (use '> >') [-Wc++98-compat]
[build]  2374 |                    && !std::is_same<value_t, detail::uncvref_t<ValueType>>::value, int > = 0 >
[build]       |                                                                         ^~
[build]       |                                                                         > >
[build] C:\Users\pperv\code\unnamed_rpg\vendor\json\include\nlohmann/json.hpp(2375,30): warning: rvalue references are incompatible with C++98 [-Wc++98-compat]
[build]  2375 |     ReturnType value(KeyType && key, ValueType && default_value) const
[build]       |                              ^
[build] C:\Users\pperv\code\unnamed_rpg\vendor\json\include\nlohmann/json.hpp(2375,48): warning: rvalue references are incompatible with C++98 [-Wc++98-compat]
[build]  2375 |     ReturnType value(KeyType && key, ValueType && default_value) const
[build]       |                                                ^
[build] C:\Users\pperv\code\unnamed_rpg\vendor\json\include\nlohmann/json.hpp(2368,54): warning: default template arguments for a function template are incompatible with C++98 [-Wc++98-compat]
[build]  2368 |     template < class ValueType, class KeyType, class ReturnType = typename value_return_type<ValueType>::type,
[build]       |                                                      ^            ~~~~~~~~~~~~~~~~~~~~~~~~~~~~~~~~~~~~~~~~~~~
[build] C:\Users\pperv\code\unnamed_rpg\vendor\json\include\nlohmann/json.hpp(2374,90): warning: default template arguments for a function template are incompatible with C++98 [-Wc++98-compat]
[build]  2374 |                    && !std::is_same<value_t, detail::uncvref_t<ValueType>>::value, int > = 0 >
[build]       |                                                                                          ^ ~
[build] C:\Users\pperv\code\unnamed_rpg\vendor\json\include\nlohmann/json.hpp(2397,73): warning: consecutive right angle brackets are incompatible with C++98 (use '> >') [-Wc++98-compat]
[build]  2397 |                    && !std::is_same<value_t, detail::uncvref_t<ValueType>>::value, int > = 0 >
[build]       |                                                                         ^~
[build]       |                                                                         > >
[build] C:\Users\pperv\code\unnamed_rpg\vendor\json\include\nlohmann/json.hpp(2397,90): warning: default template arguments for a function template are incompatible with C++98 [-Wc++98-compat]
[build]  2397 |                    && !std::is_same<value_t, detail::uncvref_t<ValueType>>::value, int > = 0 >
[build]       |                                                                                          ^ ~
[build] C:\Users\pperv\code\unnamed_rpg\vendor\json\include\nlohmann/json.hpp(2422,73): warning: consecutive right angle brackets are incompatible with C++98 (use '> >') [-Wc++98-compat]
[build]  2422 |                    && !std::is_same<value_t, detail::uncvref_t<ValueType>>::value, int > = 0 >
[build]       |                                                                         ^~
[build]       |                                                                         > >
[build] C:\Users\pperv\code\unnamed_rpg\vendor\json\include\nlohmann/json.hpp(2423,57): warning: rvalue references are incompatible with C++98 [-Wc++98-compat]
[build]  2423 |     ReturnType value(const json_pointer& ptr, ValueType && default_value) const
[build]       |                                                         ^
[build] C:\Users\pperv\code\unnamed_rpg\vendor\json\include\nlohmann/json.hpp(2419,39): warning: default template arguments for a function template are incompatible with C++98 [-Wc++98-compat]
[build]  2419 |     template < class ValueType, class ReturnType = typename value_return_type<ValueType>::type,
[build]       |                                       ^            ~~~~~~~~~~~~~~~~~~~~~~~~~~~~~~~~~~~~~~~~~~~
[build] C:\Users\pperv\code\unnamed_rpg\vendor\json\include\nlohmann/json.hpp(2422,90): warning: default template arguments for a function template are incompatible with C++98 [-Wc++98-compat]
[build]  2422 |                    && !std::is_same<value_t, detail::uncvref_t<ValueType>>::value, int > = 0 >
[build]       |                                                                                          ^ ~
[build] C:\Users\pperv\code\unnamed_rpg\vendor\json\include\nlohmann/json.hpp(2445,73): warning: consecutive right angle brackets are incompatible with C++98 (use '> >') [-Wc++98-compat]
[build]  2445 |                    && !std::is_same<value_t, detail::uncvref_t<ValueType>>::value, int > = 0 >
[build]       |                                                                         ^~
[build]       |                                                                         > >
[build] C:\Users\pperv\code\unnamed_rpg\vendor\json\include\nlohmann/json.hpp(2445,90): warning: default template arguments for a function template are incompatible with C++98 [-Wc++98-compat]
[build]  2445 |                    && !std::is_same<value_t, detail::uncvref_t<ValueType>>::value, int > = 0 >
[build]       |                                                                                          ^ ~
[build] C:\Users\pperv\code\unnamed_rpg\vendor\json\include\nlohmann/json.hpp(2456,73): warning: consecutive right angle brackets are incompatible with C++98 (use '> >') [-Wc++98-compat]
[build]  2456 |                    && !std::is_same<value_t, detail::uncvref_t<ValueType>>::value, int > = 0 >
[build]       |                                                                         ^~
[build]       |                                                                         > >
[build] C:\Users\pperv\code\unnamed_rpg\vendor\json\include\nlohmann/json.hpp(2458,84): warning: rvalue references are incompatible with C++98 [-Wc++98-compat]
[build]  2458 |     ReturnType value(const ::nlohmann::json_pointer<BasicJsonType>& ptr, ValueType && default_value) const
[build]       |                                                                                    ^
[build] C:\Users\pperv\code\unnamed_rpg\vendor\json\include\nlohmann/json.hpp(2452,60): warning: default template arguments for a function template are incompatible with C++98 [-Wc++98-compat]
[build]  2452 |     template < class ValueType, class BasicJsonType, class ReturnType = typename value_return_type<ValueType>::type,
[build]       |                                                            ^            ~~~~~~~~~~~~~~~~~~~~~~~~~~~~~~~~~~~~~~~~~~~
[build] C:\Users\pperv\code\unnamed_rpg\vendor\json\include\nlohmann/json.hpp(2456,90): warning: default template arguments for a function template are incompatible with C++98 [-Wc++98-compat]
[build]  2456 |                    && !std::is_same<value_t, detail::uncvref_t<ValueType>>::value, int > = 0 >
[build]       |                                                                                          ^ ~
[build] C:\Users\pperv\code\unnamed_rpg\vendor\json\include\nlohmann/json.hpp(2499,100): warning: default template arguments for a function template are incompatible with C++98 [-Wc++98-compat]
[build]  2499 |                    std::is_same<IteratorType, typename basic_json_t::const_iterator>::value, int > = 0 >
[build]       |                                                                                                    ^ ~
[build] C:\Users\pperv\code\unnamed_rpg\vendor\json\include\nlohmann/json.hpp(2569,100): warning: default template arguments for a function template are incompatible with C++98 [-Wc++98-compat]
[build]  2569 |                    std::is_same<IteratorType, typename basic_json_t::const_iterator>::value, int > = 0 >
[build]       |                                                                                                    ^ ~
[build] C:\Users\pperv\code\unnamed_rpg\vendor\json\include\nlohmann/json.hpp(2641,38): warning: rvalue references are incompatible with C++98 [-Wc++98-compat]
[build]  2641 |     size_type erase_internal(KeyType && key)
[build]       |                                      ^
[build] C:\Users\pperv\code\unnamed_rpg\vendor\json\include\nlohmann/json.hpp(2640,89): warning: default template arguments for a function template are incompatible with C++98 [-Wc++98-compat]
[build]  2640 |                    detail::has_erase_with_key_type<basic_json_t, KeyType>::value, int > = 0 >
[build]       |                                                                                         ^ ~
[build] C:\Users\pperv\code\unnamed_rpg\vendor\json\include\nlohmann/json.hpp(2654,38): warning: rvalue references are incompatible with C++98 [-Wc++98-compat]
[build]  2654 |     size_type erase_internal(KeyType && key)
[build]       |                                      ^
[build] C:\Users\pperv\code\unnamed_rpg\vendor\json\include\nlohmann/json.hpp(2653,90): warning: default template arguments for a function template are incompatible with C++98 [-Wc++98-compat]
[build]  2653 |                    !detail::has_erase_with_key_type<basic_json_t, KeyType>::value, int > = 0 >
[build]       |                                                                                          ^ ~
[build] C:\Users\pperv\code\unnamed_rpg\vendor\json\include\nlohmann/json.hpp(2686,29): warning: rvalue references are incompatible with C++98 [-Wc++98-compat]
[build]  2686 |     size_type erase(KeyType && key)
[build]       |                             ^
[build] C:\Users\pperv\code\unnamed_rpg\vendor\json\include\nlohmann/json.hpp(2685,95): warning: default template arguments for a function template are incompatible with C++98 [-Wc++98-compat]
[build]  2685 |                  detail::is_usable_as_basic_json_key_type<basic_json_t, KeyType>::value, int> = 0>
[build]       |                                                                                               ^ ~
[build] C:\Users\pperv\code\unnamed_rpg\vendor\json\include\nlohmann/json.hpp(2752,27): warning: rvalue references are incompatible with C++98 [-Wc++98-compat]
[build]  2752 |     iterator find(KeyType && key)
[build]       |                           ^
[build] C:\Users\pperv\code\unnamed_rpg\vendor\json\include\nlohmann/json.hpp(2751,95): warning: default template arguments for a function template are incompatible with C++98 [-Wc++98-compat]
[build]  2751 |                  detail::is_usable_as_basic_json_key_type<basic_json_t, KeyType>::value, int> = 0>
[build]       |                                                                                               ^ ~
[build] C:\Users\pperv\code\unnamed_rpg\vendor\json\include\nlohmann/json.hpp(2768,33): warning: rvalue references are incompatible with C++98 [-Wc++98-compat]
[build]  2768 |     const_iterator find(KeyType && key) const
[build]       |                                 ^
[build] C:\Users\pperv\code\unnamed_rpg\vendor\json\include\nlohmann/json.hpp(2767,95): warning: default template arguments for a function template are incompatible with C++98 [-Wc++98-compat]
[build]  2767 |                  detail::is_usable_as_basic_json_key_type<basic_json_t, KeyType>::value, int> = 0>
[build]       |                                                                                               ^ ~
[build] C:\Users\pperv\code\unnamed_rpg\vendor\json\include\nlohmann/json.hpp(2792,29): warning: rvalue references are incompatible with C++98 [-Wc++98-compat]
[build]  2792 |     size_type count(KeyType && key) const
[build]       |                             ^
[build] C:\Users\pperv\code\unnamed_rpg\vendor\json\include\nlohmann/json.hpp(2791,95): warning: default template arguments for a function template are incompatible with C++98 [-Wc++98-compat]
[build]  2791 |                  detail::is_usable_as_basic_json_key_type<basic_json_t, KeyType>::value, int> = 0>
[build]       |                                                                                               ^ ~
[build] C:\Users\pperv\code\unnamed_rpg\vendor\json\include\nlohmann/json.hpp(2809,27): warning: rvalue references are incompatible with C++98 [-Wc++98-compat]
[build]  2809 |     bool contains(KeyType && key) const
[build]       |                           ^
[build] C:\Users\pperv\code\unnamed_rpg\vendor\json\include\nlohmann/json.hpp(2808,95): warning: default template arguments for a function template are incompatible with C++98 [-Wc++98-compat]
[build]  2808 |                  detail::is_usable_as_basic_json_key_type<basic_json_t, KeyType>::value, int> = 0>
[build]       |                                                                                               ^ ~
[build] C:\Users\pperv\code\unnamed_rpg\vendor\json\include\nlohmann/json.hpp(2821,108): warning: default template arguments for a function template are incompatible with C++98 [-Wc++98-compat]
[build]  2821 |     template<typename BasicJsonType, detail::enable_if_t<detail::is_basic_json<BasicJsonType>::value, int> = 0>
[build]       |                                                                                                            ^ ~
[build] C:\Users\pperv\code\unnamed_rpg\vendor\json\include\nlohmann/json.hpp(2840,5): warning: noexcept specifications are incompatible with C++98 [-Wc++98-compat]
[build]  2840 |     {
[build]       |     ^
[build] C:\Users\pperv\code\unnamed_rpg\vendor\json\include\nlohmann/json.hpp(2849,5): warning: noexcept specifications are incompatible with C++98 [-Wc++98-compat]
[build]  2849 |     {
[build]       |     ^
[build] C:\Users\pperv\code\unnamed_rpg\vendor\json\include\nlohmann/json.hpp(2856,5): warning: noexcept specifications are incompatible with C++98 [-Wc++98-compat]
[build]  2856 |     {
[build]       |     ^
[build] C:\Users\pperv\code\unnamed_rpg\vendor\json\include\nlohmann/json.hpp(2865,5): warning: noexcept specifications are incompatible with C++98 [-Wc++98-compat]
[build]  2865 |     {
[build]       |     ^
[build] C:\Users\pperv\code\unnamed_rpg\vendor\json\include\nlohmann/json.hpp(2874,5): warning: noexcept specifications are incompatible with C++98 [-Wc++98-compat]
[build]  2874 |     {
[build]       |     ^
[build] C:\Users\pperv\code\unnamed_rpg\vendor\json\include\nlohmann/json.hpp(2881,5): warning: noexcept specifications are incompatible with C++98 [-Wc++98-compat]
[build]  2881 |     {
[build]       |     ^
[build] C:\Users\pperv\code\unnamed_rpg\vendor\json\include\nlohmann/json.hpp(2890,5): warning: noexcept specifications are incompatible with C++98 [-Wc++98-compat]
[build]  2890 |     {
[build]       |     ^
[build] C:\Users\pperv\code\unnamed_rpg\vendor\json\include\nlohmann/json.hpp(2897,5): warning: noexcept specifications are incompatible with C++98 [-Wc++98-compat]
[build]  2897 |     {
[build]       |     ^
[build] C:\Users\pperv\code\unnamed_rpg\vendor\json\include\nlohmann/json.hpp(2904,5): warning: noexcept specifications are incompatible with C++98 [-Wc++98-compat]
[build]  2904 |     {
[build]       |     ^
[build] C:\Users\pperv\code\unnamed_rpg\vendor\json\include\nlohmann/json.hpp(2911,5): warning: noexcept specifications are incompatible with C++98 [-Wc++98-compat]
[build]  2911 |     {
[build]       |     ^
[build] C:\Users\pperv\code\unnamed_rpg\vendor\json\include\nlohmann/json.hpp(2918,5): warning: noexcept specifications are incompatible with C++98 [-Wc++98-compat]
[build]  2918 |     {
[build]       |     ^
[build] C:\Users\pperv\code\unnamed_rpg\vendor\json\include\nlohmann/json.hpp(2925,5): warning: noexcept specifications are incompatible with C++98 [-Wc++98-compat]
[build]  2925 |     {
[build]       |     ^
[build] C:\Users\pperv\code\unnamed_rpg\vendor\json\include\nlohmann/json.hpp(2937,5): warning: noexcept specifications are incompatible with C++98 [-Wc++98-compat]
[build]  2937 |     {
[build]       |     ^
[build] C:\Users\pperv\code\unnamed_rpg\vendor\json\include\nlohmann/json.hpp(2948,5): warning: noexcept specifications are incompatible with C++98 [-Wc++98-compat]
[build]  2948 |     {
[build]       |     ^
[build] C:\Users\pperv\code\unnamed_rpg\vendor\json\include\nlohmann/json.hpp(2955,5): warning: noexcept specifications are incompatible with C++98 [-Wc++98-compat]
[build]  2955 |     {
[build]       |     ^
[build] C:\Users\pperv\code\unnamed_rpg\vendor\json\include\nlohmann/json.hpp(2962,5): warning: noexcept specifications are incompatible with C++98 [-Wc++98-compat]
[build]  2962 |     {
[build]       |     ^
[build] C:\Users\pperv\code\unnamed_rpg\vendor\json\include\nlohmann/json.hpp(2978,5): warning: noexcept specifications are incompatible with C++98 [-Wc++98-compat]
[build]  2978 |     {
[build]       |     ^
[build] C:\Users\pperv\code\unnamed_rpg\vendor\json\include\nlohmann/json.hpp(3017,5): warning: noexcept specifications are incompatible with C++98 [-Wc++98-compat]
[build]  3017 |     {
[build]       |     ^
[build] C:\Users\pperv\code\unnamed_rpg\vendor\json\include\nlohmann/json.hpp(3056,5): warning: noexcept specifications are incompatible with C++98 [-Wc++98-compat]
[build]  3056 |     {
[build]       |     ^
[build] C:\Users\pperv\code\unnamed_rpg\vendor\json\include\nlohmann/json.hpp(3099,5): warning: noexcept specifications are incompatible with C++98 [-Wc++98-compat]
[build]  3099 |     {
[build]       |     ^
[build] C:\Users\pperv\code\unnamed_rpg\vendor\json\include\nlohmann/json.hpp(3159,30): warning: rvalue references are incompatible with C++98 [-Wc++98-compat]
[build]  3159 |     void push_back(basic_json&& val)
[build]       |                              ^
[build] C:\Users\pperv\code\unnamed_rpg\vendor\json\include\nlohmann/json.hpp(3184,36): warning: rvalue references are incompatible with C++98 [-Wc++98-compat]
[build]  3184 |     reference operator+=(basic_json&& val)
[build]       |                                    ^
[build] C:\Users\pperv\code\unnamed_rpg\vendor\json\include\nlohmann/json.hpp(3279,19): warning: variadic templates are incompatible with C++98 [-Wc++98-compat]
[build]  3279 |     template<class... Args>
[build]       |                   ^
[build] C:\Users\pperv\code\unnamed_rpg\vendor\json\include\nlohmann/json.hpp(3280,32): warning: rvalue references are incompatible with C++98 [-Wc++98-compat]
[build]  3280 |     reference emplace_back(Args&& ... args)
[build]       |                                ^
[build] C:\Users\pperv\code\unnamed_rpg\vendor\json\include\nlohmann/json.hpp(3304,19): warning: variadic templates are incompatible with C++98 [-Wc++98-compat]
[build]  3304 |     template<class... Args>
[build]       |                   ^
[build] C:\Users\pperv\code\unnamed_rpg\vendor\json\include\nlohmann/json.hpp(3305,43): warning: rvalue references are incompatible with C++98 [-Wc++98-compat]
[build]  3305 |     std::pair<iterator, bool> emplace(Args&& ... args)
[build]       |                                           ^
[build] C:\Users\pperv\code\unnamed_rpg\vendor\json\include\nlohmann/json.hpp(3336,22): warning: variadic templates are incompatible with C++98 [-Wc++98-compat]
[build]  3336 |     template<typename... Args>
[build]       |                      ^
[build] C:\Users\pperv\code\unnamed_rpg\vendor\json\include\nlohmann/json.hpp(3337,54): warning: rvalue references are incompatible with C++98 [-Wc++98-compat]
[build]  3337 |     iterator insert_iterator(const_iterator pos, Args&& ... args) // NOLINT(performance-unnecessary-value-param)
[build]       |                                                      ^
[build] C:\Users\pperv\code\unnamed_rpg\vendor\json\include\nlohmann/json.hpp(3376,51): warning: rvalue references are incompatible with C++98 [-Wc++98-compat]
[build]  3376 |     iterator insert(const_iterator pos, basic_json&& val) // NOLINT(performance-unnecessary-value-param)
[build]       |                                                   ^
[build] C:\Users\pperv\code\unnamed_rpg\vendor\json\include\nlohmann/json.hpp(3746,5): warning: noexcept specifications are incompatible with C++98 [-Wc++98-compat]
[build]  3746 |     {
[build]       |     ^
[build] C:\Users\pperv\code\unnamed_rpg\vendor\json\include\nlohmann/json.hpp(3762,5): warning: noexcept specifications are incompatible with C++98 [-Wc++98-compat]
[build]  3762 |     {
[build]       |     ^
[build] C:\Users\pperv\code\unnamed_rpg\vendor\json\include\nlohmann/json.hpp(3864,5): warning: noexcept specifications are incompatible with C++98 [-Wc++98-compat]
[build]  3864 |     {
[build]       |     ^
[build] C:\Users\pperv\code\unnamed_rpg\vendor\json\include\nlohmann/json.hpp(3880,5): warning: noexcept specifications are incompatible with C++98 [-Wc++98-compat]
[build]  3880 |     {
[build]       |     ^
[build] C:\Users\pperv\code\unnamed_rpg\vendor\json\include\nlohmann/json.hpp(3878,64): warning: default template arguments for a function template are incompatible with C++98 [-Wc++98-compat]
[build]  3878 |                  std::is_scalar<ScalarType>::value, int>::type = 0>
[build]       |                                                                ^ ~
[build] C:\Users\pperv\code\unnamed_rpg\vendor\json\include\nlohmann/json.hpp(3889,5): warning: noexcept specifications are incompatible with C++98 [-Wc++98-compat]
[build]  3889 |     {
[build]       |     ^
[build] C:\Users\pperv\code\unnamed_rpg\vendor\json\include\nlohmann/json.hpp(3887,64): warning: default template arguments for a function template are incompatible with C++98 [-Wc++98-compat]
[build]  3887 |                  std::is_scalar<ScalarType>::value, int>::type = 0>
[build]       |                                                                ^ ~
[build] C:\Users\pperv\code\unnamed_rpg\vendor\json\include\nlohmann/json.hpp(3896,5): warning: noexcept specifications are incompatible with C++98 [-Wc++98-compat]
[build]  3896 |     {
[build]       |     ^
[build] C:\Users\pperv\code\unnamed_rpg\vendor\json\include\nlohmann/json.hpp(3905,5): warning: noexcept specifications are incompatible with C++98 [-Wc++98-compat]
[build]  3905 |     {
[build]       |     ^
[build] C:\Users\pperv\code\unnamed_rpg\vendor\json\include\nlohmann/json.hpp(3903,64): warning: default template arguments for a function template are incompatible with C++98 [-Wc++98-compat]
[build]  3903 |                  std::is_scalar<ScalarType>::value, int>::type = 0>
[build]       |                                                                ^ ~
[build] C:\Users\pperv\code\unnamed_rpg\vendor\json\include\nlohmann/json.hpp(3914,5): warning: noexcept specifications are incompatible with C++98 [-Wc++98-compat]
[build]  3914 |     {
[build]       |     ^
[build] C:\Users\pperv\code\unnamed_rpg\vendor\json\include\nlohmann/json.hpp(3912,64): warning: default template arguments for a function template are incompatible with C++98 [-Wc++98-compat]
[build]  3912 |                  std::is_scalar<ScalarType>::value, int>::type = 0>
[build]       |                                                                ^ ~
[build] C:\Users\pperv\code\unnamed_rpg\vendor\json\include\nlohmann/json.hpp(3921,5): warning: noexcept specifications are incompatible with C++98 [-Wc++98-compat]
[build]  3921 |     {
[build]       |     ^
[build] C:\Users\pperv\code\unnamed_rpg\vendor\json\include\nlohmann/json.hpp(3933,5): warning: noexcept specifications are incompatible with C++98 [-Wc++98-compat]
[build]  3933 |     {
[build]       |     ^
[build] C:\Users\pperv\code\unnamed_rpg\vendor\json\include\nlohmann/json.hpp(3931,64): warning: default template arguments for a function template are incompatible with C++98 [-Wc++98-compat]
[build]  3931 |                  std::is_scalar<ScalarType>::value, int>::type = 0>
[build]       |                                                                ^ ~
[build] C:\Users\pperv\code\unnamed_rpg\vendor\json\include\nlohmann/json.hpp(3942,5): warning: noexcept specifications are incompatible with C++98 [-Wc++98-compat]
[build]  3942 |     {
[build]       |     ^
[build] C:\Users\pperv\code\unnamed_rpg\vendor\json\include\nlohmann/json.hpp(3940,64): warning: default template arguments for a function template are incompatible with C++98 [-Wc++98-compat]
[build]  3940 |                  std::is_scalar<ScalarType>::value, int>::type = 0>
[build]       |                                                                ^ ~
[build] C:\Users\pperv\code\unnamed_rpg\vendor\json\include\nlohmann/json.hpp(3949,5): warning: noexcept specifications are incompatible with C++98 [-Wc++98-compat]
[build]  3949 |     {
[build]       |     ^
[build] C:\Users\pperv\code\unnamed_rpg\vendor\json\include\nlohmann/json.hpp(3962,5): warning: noexcept specifications are incompatible with C++98 [-Wc++98-compat]
[build]  3962 |     {
[build]       |     ^
[build] C:\Users\pperv\code\unnamed_rpg\vendor\json\include\nlohmann/json.hpp(3960,64): warning: default template arguments for a function template are incompatible with C++98 [-Wc++98-compat]
[build]  3960 |                  std::is_scalar<ScalarType>::value, int>::type = 0>
[build]       |                                                                ^ ~
[build] C:\Users\pperv\code\unnamed_rpg\vendor\json\include\nlohmann/json.hpp(3971,5): warning: noexcept specifications are incompatible with C++98 [-Wc++98-compat]
[build]  3971 |     {
[build]       |     ^
[build] C:\Users\pperv\code\unnamed_rpg\vendor\json\include\nlohmann/json.hpp(3969,64): warning: default template arguments for a function template are incompatible with C++98 [-Wc++98-compat]
[build]  3969 |                  std::is_scalar<ScalarType>::value, int>::type = 0>
[build]       |                                                                ^ ~
[build] C:\Users\pperv\code\unnamed_rpg\vendor\json\include\nlohmann/json.hpp(3978,5): warning: noexcept specifications are incompatible with C++98 [-Wc++98-compat]
[build]  3978 |     {
[build]       |     ^
[build] C:\Users\pperv\code\unnamed_rpg\vendor\json\include\nlohmann/json.hpp(3992,5): warning: noexcept specifications are incompatible with C++98 [-Wc++98-compat]
[build]  3992 |     {
[build]       |     ^
[build] C:\Users\pperv\code\unnamed_rpg\vendor\json\include\nlohmann/json.hpp(3990,64): warning: default template arguments for a function template are incompatible with C++98 [-Wc++98-compat]
[build]  3990 |                  std::is_scalar<ScalarType>::value, int>::type = 0>
[build]       |                                                                ^ ~
[build] C:\Users\pperv\code\unnamed_rpg\vendor\json\include\nlohmann/json.hpp(4001,5): warning: noexcept specifications are incompatible with C++98 [-Wc++98-compat]
[build]  4001 |     {
[build]       |     ^
[build] C:\Users\pperv\code\unnamed_rpg\vendor\json\include\nlohmann/json.hpp(3999,64): warning: default template arguments for a function template are incompatible with C++98 [-Wc++98-compat]
[build]  3999 |                  std::is_scalar<ScalarType>::value, int>::type = 0>
[build]       |                                                                ^ ~
[build] C:\Users\pperv\code\unnamed_rpg\vendor\json\include\nlohmann/json.hpp(4008,5): warning: noexcept specifications are incompatible with C++98 [-Wc++98-compat]
[build]  4008 |     {
[build]       |     ^
[build] C:\Users\pperv\code\unnamed_rpg\vendor\json\include\nlohmann/json.hpp(4021,5): warning: noexcept specifications are incompatible with C++98 [-Wc++98-compat]
[build]  4021 |     {
[build]       |     ^
[build] C:\Users\pperv\code\unnamed_rpg\vendor\json\include\nlohmann/json.hpp(4019,64): warning: default template arguments for a function template are incompatible with C++98 [-Wc++98-compat]
[build]  4019 |                  std::is_scalar<ScalarType>::value, int>::type = 0>
[build]       |                                                                ^ ~
[build] C:\Users\pperv\code\unnamed_rpg\vendor\json\include\nlohmann/json.hpp(4030,5): warning: noexcept specifications are incompatible with C++98 [-Wc++98-compat]
[build]  4030 |     {
[build]       |     ^
[build] C:\Users\pperv\code\unnamed_rpg\vendor\json\include\nlohmann/json.hpp(4028,64): warning: default template arguments for a function template are incompatible with C++98 [-Wc++98-compat]
[build]  4028 |                  std::is_scalar<ScalarType>::value, int>::type = 0>
[build]       |                                                                ^ ~
[build] C:\Users\pperv\code\unnamed_rpg\vendor\json\include\nlohmann/json.hpp(4088,38): warning: rvalue references are incompatible with C++98 [-Wc++98-compat]
[build]  4088 |     static basic_json parse(InputType&& i,
[build]       |                                      ^
[build] C:\Users\pperv\code\unnamed_rpg\vendor\json\include\nlohmann/json.hpp(4101,46): warning: default template arguments for a function template are incompatible with C++98 [-Wc++98-compat]
[build]  4101 |     template<typename IteratorType, typename SentinelType = IteratorType,
[build]       |                                              ^              ~~~~~~~~~~~~
[build] C:\Users\pperv\code\unnamed_rpg\vendor\json\include\nlohmann/json.hpp(4102,98): warning: default template arguments for a function template are incompatible with C++98 [-Wc++98-compat]
[build]  4102 |              detail::enable_if_t<detail::can_compare_ne<IteratorType, SentinelType>::value, int> = 0>
[build]       |                                                                                                  ^ ~
[build] C:\Users\pperv\code\unnamed_rpg\vendor\json\include\nlohmann/json.hpp(4118,55): warning: rvalue references are incompatible with C++98 [-Wc++98-compat]
[build]  4118 |     static basic_json parse(detail::span_input_adapter&& i,
[build]       |                                                       ^
[build] C:\Users\pperv\code\unnamed_rpg\vendor\json\include\nlohmann/json.hpp(4132,33): warning: rvalue references are incompatible with C++98 [-Wc++98-compat]
[build]  4132 |     static bool accept(InputType&& i,
[build]       |                                 ^
[build] C:\Users\pperv\code\unnamed_rpg\vendor\json\include\nlohmann/json.hpp(4141,46): warning: default template arguments for a function template are incompatible with C++98 [-Wc++98-compat]
[build]  4141 |     template<typename IteratorType, typename SentinelType = IteratorType,
[build]       |                                              ^              ~~~~~~~~~~~~
[build] C:\Users\pperv\code\unnamed_rpg\vendor\json\include\nlohmann/json.hpp(4142,98): warning: default template arguments for a function template are incompatible with C++98 [-Wc++98-compat]
[build]  4142 |              detail::enable_if_t<detail::can_compare_ne<IteratorType, SentinelType>::value, int> = 0>
[build]       |                                                                                                  ^ ~
[build] C:\Users\pperv\code\unnamed_rpg\vendor\json\include\nlohmann/json.hpp(4152,50): warning: rvalue references are incompatible with C++98 [-Wc++98-compat]
[build]  4152 |     static bool accept(detail::span_input_adapter&& i,
[build]       |                                                  ^
[build] C:\Users\pperv\code\unnamed_rpg\vendor\json\include\nlohmann/json.hpp(4163,36): warning: rvalue references are incompatible with C++98 [-Wc++98-compat]
[build]  4163 |     static bool sax_parse(InputType&& i, SAX* sax,
[build]       |                                    ^
[build] C:\Users\pperv\code\unnamed_rpg\vendor\json\include\nlohmann/json.hpp(4177,51): warning: default template arguments for a function template are incompatible with C++98 [-Wc++98-compat]
[build]  4177 |     template<class IteratorType, class SAX, class SentinelType = IteratorType,
[build]       |                                                   ^              ~~~~~~~~~~~~
[build] C:\Users\pperv\code\unnamed_rpg\vendor\json\include\nlohmann/json.hpp(4178,98): warning: default template arguments for a function template are incompatible with C++98 [-Wc++98-compat]
[build]  4178 |              detail::enable_if_t<detail::can_compare_ne<IteratorType, SentinelType>::value, int> = 0>
[build]       |                                                                                                  ^ ~
[build] C:\Users\pperv\code\unnamed_rpg\vendor\json\include\nlohmann/json.hpp(4200,53): warning: rvalue references are incompatible with C++98 [-Wc++98-compat]
[build]  4200 |     static bool sax_parse(detail::span_input_adapter&& i, SAX* sax,
[build]       |                                                     ^
[build] C:\Users\pperv\code\unnamed_rpg\vendor\json\include\nlohmann/json.hpp(4244,5): warning: noexcept specifications are incompatible with C++98 [-Wc++98-compat]
[build]  4244 |     {
[build]       |     ^
[build] C:\Users\pperv\code\unnamed_rpg\vendor\json\include\nlohmann/json.hpp(4278,24): warning: default member initializer for non-static data members is incompatible with C++98 [-Wc++98-compat]
[build]  4278 |         value_t m_type = value_t::null;
[build]       |                        ^
[build] C:\Users\pperv\code\unnamed_rpg\vendor\json\include\nlohmann/json.hpp(4281,28): warning: default member initializer for non-static data members is incompatible with C++98 [-Wc++98-compat]
[build]  4281 |         json_value m_value = {};
[build]       |                            ^
[build] C:\Users\pperv\code\unnamed_rpg\vendor\json\include\nlohmann/json.hpp(4294,25): warning: noexcept specifications are incompatible with C++98 [-Wc++98-compat]
[build]  4294 |         data() noexcept = default;
[build]       |                         ^
[build] C:\Users\pperv\code\unnamed_rpg\vendor\json\include\nlohmann/json.hpp(4294,27): warning: defaulted function definitions are incompatible with C++98 [-Wc++98-compat]
[build]  4294 |         data() noexcept = default;
[build]       |                           ^
[build] C:\Users\pperv\code\unnamed_rpg\vendor\json\include\nlohmann/json.hpp(4295,18): warning: rvalue references are incompatible with C++98 [-Wc++98-compat]
[build]  4295 |         data(data&&) noexcept = default;
[build]       |                  ^
[build] C:\Users\pperv\code\unnamed_rpg\vendor\json\include\nlohmann/json.hpp(4295,31): warning: noexcept specifications are incompatible with C++98 [-Wc++98-compat]
[build]  4295 |         data(data&&) noexcept = default;
[build]       |                               ^
[build] C:\Users\pperv\code\unnamed_rpg\vendor\json\include\nlohmann/json.hpp(4295,33): warning: defaulted function definitions are incompatible with C++98 [-Wc++98-compat]
[build]  4295 |         data(data&&) noexcept = default;
[build]       |                                 ^
[build] C:\Users\pperv\code\unnamed_rpg\vendor\json\include\nlohmann/json.hpp(4296,36): warning: noexcept specifications are incompatible with C++98 [-Wc++98-compat]
[build]  4296 |         data(const data&) noexcept = delete;
[build]       |                                    ^
[build] C:\Users\pperv\code\unnamed_rpg\vendor\json\include\nlohmann/json.hpp(4296,38): warning: deleted function definitions are incompatible with C++98 [-Wc++98-compat]
[build]  4296 |         data(const data&) noexcept = delete;
[build]       |                                      ^
[build] C:\Users\pperv\code\unnamed_rpg\vendor\json\include\nlohmann/json.hpp(4297,29): warning: rvalue references are incompatible with C++98 [-Wc++98-compat]
[build]  4297 |         data& operator=(data&&) noexcept = delete;
[build]       |                             ^
[build] C:\Users\pperv\code\unnamed_rpg\vendor\json\include\nlohmann/json.hpp(4297,42): warning: noexcept specifications are incompatible with C++98 [-Wc++98-compat]
[build]  4297 |         data& operator=(data&&) noexcept = delete;
[build]       |                                          ^
[build] C:\Users\pperv\code\unnamed_rpg\vendor\json\include\nlohmann/json.hpp(4297,44): warning: deleted function definitions are incompatible with C++98 [-Wc++98-compat]
[build]  4297 |         data& operator=(data&&) noexcept = delete;
[build]       |                                            ^
[build] C:\Users\pperv\code\unnamed_rpg\vendor\json\include\nlohmann/json.hpp(4298,47): warning: noexcept specifications are incompatible with C++98 [-Wc++98-compat]
[build]  4298 |         data& operator=(const data&) noexcept = delete;
[build]       |                                               ^
[build] C:\Users\pperv\code\unnamed_rpg\vendor\json\include\nlohmann/json.hpp(4298,49): warning: deleted function definitions are incompatible with C++98 [-Wc++98-compat]
[build]  4298 |         data& operator=(const data&) noexcept = delete;
[build]       |                                                 ^
[build] C:\Users\pperv\code\unnamed_rpg\vendor\json\include\nlohmann/json.hpp(4301,9): warning: noexcept specifications are incompatible with C++98 [-Wc++98-compat]
[build]  4301 |         {
[build]       |         ^
[build] C:\Users\pperv\code\unnamed_rpg\vendor\json\include\nlohmann/json.hpp(4306,17): warning: default member initializer for non-static data members is incompatible with C++98 [-Wc++98-compat]
[build]  4306 |     data m_data = {}; // NOLINT(readability-redundant-member-init)
[build]       |                 ^
[build] C:\Users\pperv\code\unnamed_rpg\vendor\json\include\nlohmann/json.hpp(4468,42): warning: rvalue references are incompatible with C++98 [-Wc++98-compat]
[build]  4468 |     static basic_json from_cbor(InputType&& i,
[build]       |                                          ^
[build] C:\Users\pperv\code\unnamed_rpg\vendor\json\include\nlohmann/json.hpp(4482,46): warning: default template arguments for a function template are incompatible with C++98 [-Wc++98-compat]
[build]  4482 |     template<typename IteratorType, typename SentinelType = IteratorType,
[build]       |                                              ^              ~~~~~~~~~~~~
[build] C:\Users\pperv\code\unnamed_rpg\vendor\json\include\nlohmann/json.hpp(4483,98): warning: default template arguments for a function template are incompatible with C++98 [-Wc++98-compat]
[build]  4483 |              detail::enable_if_t<detail::can_compare_ne<IteratorType, SentinelType>::value, int> = 0>
[build]       |                                                                                                  ^ ~
[build] C:\Users\pperv\code\unnamed_rpg\vendor\json\include\nlohmann/json.hpp(4510,59): warning: rvalue references are incompatible with C++98 [-Wc++98-compat]
[build]  4510 |     static basic_json from_cbor(detail::span_input_adapter&& i,
[build]       |                                                           ^
[build] C:\Users\pperv\code\unnamed_rpg\vendor\json\include\nlohmann/json.hpp(4527,45): warning: rvalue references are incompatible with C++98 [-Wc++98-compat]
[build]  4527 |     static basic_json from_msgpack(InputType&& i,
[build]       |                                             ^
[build] C:\Users\pperv\code\unnamed_rpg\vendor\json\include\nlohmann/json.hpp(4540,46): warning: default template arguments for a function template are incompatible with C++98 [-Wc++98-compat]
[build]  4540 |     template<typename IteratorType, typename SentinelType = IteratorType,
[build]       |                                              ^              ~~~~~~~~~~~~
[build] C:\Users\pperv\code\unnamed_rpg\vendor\json\include\nlohmann/json.hpp(4541,98): warning: default template arguments for a function template are incompatible with C++98 [-Wc++98-compat]
[build]  4541 |              detail::enable_if_t<detail::can_compare_ne<IteratorType, SentinelType>::value, int> = 0>
[build]       |                                                                                                  ^ ~
[build] C:\Users\pperv\code\unnamed_rpg\vendor\json\include\nlohmann/json.hpp(4566,62): warning: rvalue references are incompatible with C++98 [-Wc++98-compat]
[build]  4566 |     static basic_json from_msgpack(detail::span_input_adapter&& i,
[build]       |                                                              ^
[build] C:\Users\pperv\code\unnamed_rpg\vendor\json\include\nlohmann/json.hpp(4582,44): warning: rvalue references are incompatible with C++98 [-Wc++98-compat]
[build]  4582 |     static basic_json from_ubjson(InputType&& i,
[build]       |                                            ^
[build] C:\Users\pperv\code\unnamed_rpg\vendor\json\include\nlohmann/json.hpp(4595,46): warning: default template arguments for a function template are incompatible with C++98 [-Wc++98-compat]
[build]  4595 |     template<typename IteratorType, typename SentinelType = IteratorType,
[build]       |                                              ^              ~~~~~~~~~~~~
[build] C:\Users\pperv\code\unnamed_rpg\vendor\json\include\nlohmann/json.hpp(4596,98): warning: default template arguments for a function template are incompatible with C++98 [-Wc++98-compat]
[build]  4596 |              detail::enable_if_t<detail::can_compare_ne<IteratorType, SentinelType>::value, int> = 0>
[build]       |                                                                                                  ^ ~
[build] C:\Users\pperv\code\unnamed_rpg\vendor\json\include\nlohmann/json.hpp(4621,61): warning: rvalue references are incompatible with C++98 [-Wc++98-compat]
[build]  4621 |     static basic_json from_ubjson(detail::span_input_adapter&& i,
[build]       |                                                             ^
[build] C:\Users\pperv\code\unnamed_rpg\vendor\json\include\nlohmann/json.hpp(4637,44): warning: rvalue references are incompatible with C++98 [-Wc++98-compat]
[build]  4637 |     static basic_json from_bjdata(InputType&& i,
[build]       |                                            ^
[build] C:\Users\pperv\code\unnamed_rpg\vendor\json\include\nlohmann/json.hpp(4650,46): warning: default template arguments for a function template are incompatible with C++98 [-Wc++98-compat]
[build]  4650 |     template<typename IteratorType, typename SentinelType = IteratorType,
[build]       |                                              ^              ~~~~~~~~~~~~
[build] C:\Users\pperv\code\unnamed_rpg\vendor\json\include\nlohmann/json.hpp(4651,98): warning: default template arguments for a function template are incompatible with C++98 [-Wc++98-compat]
[build]  4651 |              detail::enable_if_t<detail::can_compare_ne<IteratorType, SentinelType>::value, int> = 0>
[build]       |                                                                                                  ^ ~
[build] C:\Users\pperv\code\unnamed_rpg\vendor\json\include\nlohmann/json.hpp(4668,42): warning: rvalue references are incompatible with C++98 [-Wc++98-compat]
[build]  4668 |     static basic_json from_bson(InputType&& i,
[build]       |                                          ^
[build] C:\Users\pperv\code\unnamed_rpg\vendor\json\include\nlohmann/json.hpp(4681,46): warning: default template arguments for a function template are incompatible with C++98 [-Wc++98-compat]
[build]  4681 |     template<typename IteratorType, typename SentinelType = IteratorType,
[build]       |                                              ^              ~~~~~~~~~~~~
[build] C:\Users\pperv\code\unnamed_rpg\vendor\json\include\nlohmann/json.hpp(4682,98): warning: default template arguments for a function template are incompatible with C++98 [-Wc++98-compat]
[build]  4682 |              detail::enable_if_t<detail::can_compare_ne<IteratorType, SentinelType>::value, int> = 0>
[build]       |                                                                                                  ^ ~
[build] C:\Users\pperv\code\unnamed_rpg\vendor\json\include\nlohmann/json.hpp(4707,59): warning: rvalue references are incompatible with C++98 [-Wc++98-compat]
[build]  4707 |     static basic_json from_bson(detail::span_input_adapter&& i,
[build]       |                                                           ^
[build] C:\Users\pperv\code\unnamed_rpg\vendor\json\include\nlohmann/json.hpp(4734,108): warning: default template arguments for a function template are incompatible with C++98 [-Wc++98-compat]
[build]  4734 |     template<typename BasicJsonType, detail::enable_if_t<detail::is_basic_json<BasicJsonType>::value, int> = 0>
[build]       |                                                                                                            ^ ~
[build] C:\Users\pperv\code\unnamed_rpg\vendor\json\include\nlohmann/json.hpp(4748,108): warning: default template arguments for a function template are incompatible with C++98 [-Wc++98-compat]
[build]  4748 |     template<typename BasicJsonType, detail::enable_if_t<detail::is_basic_json<BasicJsonType>::value, int> = 0>
[build]       |                                                                                                            ^ ~
[build] C:\Users\pperv\code\unnamed_rpg\vendor\json\include\nlohmann/json.hpp(4762,108): warning: default template arguments for a function template are incompatible with C++98 [-Wc++98-compat]
[build]  4762 |     template<typename BasicJsonType, detail::enable_if_t<detail::is_basic_json<BasicJsonType>::value, int> = 0>
[build]       |                                                                                                            ^ ~
[build] C:\Users\pperv\code\unnamed_rpg\vendor\json\include\nlohmann/json.hpp(4776,108): warning: default template arguments for a function template are incompatible with C++98 [-Wc++98-compat]
[build]  4776 |     template<typename BasicJsonType, detail::enable_if_t<detail::is_basic_json<BasicJsonType>::value, int> = 0>
[build]       |                                                                                                            ^ ~
[build] C:\Users\pperv\code\unnamed_rpg\vendor\json\include\nlohmann/json.hpp(164,51): warning: 'nullptr' is incompatible with C++98 [-Wc++98-compat]
[build]   164 |         detail::parser_callback_t<basic_json>cb = nullptr,
[build]       |                                                   ^
[build] C:\Users\pperv\code\unnamed_rpg\vendor\json\include\nlohmann/json.hpp(856,33): warning: 'nullptr' is incompatible with C++98 [-Wc++98-compat]
[build]   856 |     basic_json(std::nullptr_t = nullptr) noexcept // NOLINT(bugprone-exception-escape)
[build]       |                                 ^
[build] C:\Users\pperv\code\unnamed_rpg\vendor\json\include\nlohmann/json.hpp(868,39): warning: noexcept specifications are incompatible with C++98 [-Wc++98-compat]
[build]   868 |     basic_json(CompatibleType && val) noexcept(noexcept( // NOLINT(bugprone-forwarding-reference-overload,bugprone-exception-escape)
[build]       |                                       ^
[build] C:\Users\pperv\code\unnamed_rpg\vendor\json\include\nlohmann/json.hpp(868,48): warning: noexcept expressions are incompatible with C++98 [-Wc++98-compat]
[build]   868 |     basic_json(CompatibleType && val) noexcept(noexcept( // NOLINT(bugprone-forwarding-reference-overload,bugprone-exception-escape)
[build]       |                                                ^
[build] C:\Users\pperv\code\unnamed_rpg\vendor\json\include\nlohmann/json.hpp(1052,55): warning: generalized initializer lists are incompatible with C++98 [-Wc++98-compat]
[build]  1052 |     static basic_json array(initializer_list_t init = {})
[build]       |                                                       ^
[build] C:\Users\pperv\code\unnamed_rpg\vendor\json\include\nlohmann/json.hpp(1060,56): warning: generalized initializer lists are incompatible with C++98 [-Wc++98-compat]
[build]  1060 |     static basic_json object(initializer_list_t init = {})
[build]       |                                                        ^
[build] C:\Users\pperv\code\unnamed_rpg\vendor\json\include\nlohmann/json.hpp(1291,45): warning: noexcept specifications are incompatible with C++98 [-Wc++98-compat]
[build]  1291 |     basic_json& operator=(basic_json other) noexcept ( // NOLINT(cppcoreguidelines-c-copy-assignment-signature,misc-unconventional-assign-operator)
[build]       |                                             ^
[build] C:\Users\pperv\code\unnamed_rpg\vendor\json\include\nlohmann/json.hpp(1672,66): warning: noexcept specifications are incompatible with C++98 [-Wc++98-compat]
[build]  1672 |     ValueType get_impl(detail::priority_tag<0> /*unused*/) const noexcept(noexcept(
[build]       |                                                                  ^
[build] C:\Users\pperv\code\unnamed_rpg\vendor\json\include\nlohmann/json.hpp(1672,75): warning: noexcept expressions are incompatible with C++98 [-Wc++98-compat]
[build]  1672 |     ValueType get_impl(detail::priority_tag<0> /*unused*/) const noexcept(noexcept(
[build]       |                                                                           ^
[build] C:\Users\pperv\code\unnamed_rpg\vendor\json\include\nlohmann/json.hpp(1714,66): warning: noexcept specifications are incompatible with C++98 [-Wc++98-compat]
[build]  1714 |     ValueType get_impl(detail::priority_tag<1> /*unused*/) const noexcept(noexcept(
[build]       |                                                                  ^
[build] C:\Users\pperv\code\unnamed_rpg\vendor\json\include\nlohmann/json.hpp(1714,75): warning: noexcept expressions are incompatible with C++98 [-Wc++98-compat]
[build]  1714 |     ValueType get_impl(detail::priority_tag<1> /*unused*/) const noexcept(noexcept(
[build]       |                                                                           ^
[build] C:\Users\pperv\code\unnamed_rpg\vendor\json\include\nlohmann/json.hpp(1810,22): warning: noexcept specifications are incompatible with C++98 [-Wc++98-compat]
[build]  1810 |     auto get() const noexcept(
[build]       |                      ^
[build] C:\Users\pperv\code\unnamed_rpg\vendor\json\include\nlohmann/json.hpp(1811,5): warning: noexcept expressions are incompatible with C++98 [-Wc++98-compat]
[build]  1811 |     noexcept(std::declval<const basic_json_t&>().template get_impl<ValueType>(detail::priority_tag<4> {})))
[build]       |     ^
[build] C:\Users\pperv\code\unnamed_rpg\vendor\json\include\nlohmann/json.hpp(1811,103): warning: generalized initializer lists are incompatible with C++98 [-Wc++98-compat]
[build]  1811 |     noexcept(std::declval<const basic_json_t&>().template get_impl<ValueType>(detail::priority_tag<4> {})))
[build]       |                                                                                                       ^
[build] C:\Users\pperv\code\unnamed_rpg\vendor\json\include\nlohmann/json.hpp(1811,103): warning: constructor call from initializer list is incompatible with C++98 [-Wc++98-compat]
[build]  1811 |     noexcept(std::declval<const basic_json_t&>().template get_impl<ValueType>(detail::priority_tag<4> {})))
[build]       |                                                                                                       ^~
[build] C:\Users\pperv\code\unnamed_rpg\vendor\json\include\nlohmann/json.hpp(1864,44): warning: noexcept specifications are incompatible with C++98 [-Wc++98-compat]
[build]  1864 |     ValueType & get_to(ValueType& v) const noexcept(noexcept(
[build]       |                                            ^
[build] C:\Users\pperv\code\unnamed_rpg\vendor\json\include\nlohmann/json.hpp(1864,53): warning: noexcept expressions are incompatible with C++98 [-Wc++98-compat]
[build]  1864 |     ValueType & get_to(ValueType& v) const noexcept(noexcept(
[build]       |                                                     ^
[build] C:\Users\pperv\code\unnamed_rpg\vendor\json\include\nlohmann/json.hpp(1889,5): warning: noexcept specifications are incompatible with C++98 [-Wc++98-compat]
[build]  1889 |     noexcept(noexcept(JSONSerializer<Array>::from_json(
[build]       |     ^
[build] C:\Users\pperv\code\unnamed_rpg\vendor\json\include\nlohmann/json.hpp(1889,14): warning: noexcept expressions are incompatible with C++98 [-Wc++98-compat]
[build]  1889 |     noexcept(noexcept(JSONSerializer<Array>::from_json(
[build]       |              ^
[build] C:\Users\pperv\code\unnamed_rpg\vendor\json\include\nlohmann/json.hpp(3540,32): warning: noexcept specifications are incompatible with C++98 [-Wc++98-compat]
[build]  3540 |     void swap(reference other) noexcept (
[build]       |                                ^
[build] C:\Users\pperv\code\unnamed_rpg\vendor\json\include\nlohmann/json.hpp(3557,55): warning: noexcept specifications are incompatible with C++98 [-Wc++98-compat]
[build]  3557 |     friend void swap(reference left, reference right) noexcept (
[build]       |                                                       ^
[build] C:\Users\pperv\code\unnamed_rpg\vendor\json\include\nlohmann/json.hpp(4089,52): warning: 'nullptr' is incompatible with C++98 [-Wc++98-compat]
[build]  4089 |                             parser_callback_t cb = nullptr,
[build]       |                                                    ^
[build] C:\Users\pperv\code\unnamed_rpg\vendor\json\include\nlohmann/json.hpp(4106,52): warning: 'nullptr' is incompatible with C++98 [-Wc++98-compat]
[build]  4106 |                             parser_callback_t cb = nullptr,
[build]       |                                                    ^
[build] C:\Users\pperv\code\unnamed_rpg\vendor\json\include\nlohmann/json.hpp(4119,52): warning: 'nullptr' is incompatible with C++98 [-Wc++98-compat]
[build]  4119 |                             parser_callback_t cb = nullptr,
[build]       |                                                    ^
[build] C:\Users\pperv\code\unnamed_rpg\vendor\json\include\nlohmann/json.hpp(1490,54): warning: 'nullptr' is incompatible with C++98 [-Wc++98-compat]
[build]  1490 |         return is_object() ? m_data.m_value.object : nullptr;
[build]       |                                                      ^
[build] C:\Users\pperv\code\unnamed_rpg\vendor\json\include\nlohmann/json.hpp(1502,52): warning: 'nullptr' is incompatible with C++98 [-Wc++98-compat]
[build]  1502 |         return is_array() ? m_data.m_value.array : nullptr;
[build]       |                                                    ^
[build] C:\Users\pperv\code\unnamed_rpg\vendor\json\include\nlohmann/json.hpp(1514,54): warning: 'nullptr' is incompatible with C++98 [-Wc++98-compat]
[build]  1514 |         return is_string() ? m_data.m_value.string : nullptr;
[build]       |                                                      ^
[build] C:\Users\pperv\code\unnamed_rpg\vendor\json\include\nlohmann/json.hpp(1526,57): warning: 'nullptr' is incompatible with C++98 [-Wc++98-compat]
[build]  1526 |         return is_boolean() ? &m_data.m_value.boolean : nullptr;
[build]       |                                                         ^
[build] C:\Users\pperv\code\unnamed_rpg\vendor\json\include\nlohmann/json.hpp(1538,92): warning: 'nullptr' is incompatible with C++98 [-Wc++98-compat]
[build]  1538 |         return m_data.m_type == value_t::number_integer ? &m_data.m_value.number_integer : nullptr;
[build]       |                                                                                            ^
[build] C:\Users\pperv\code\unnamed_rpg\vendor\json\include\nlohmann/json.hpp(1550,73): warning: 'nullptr' is incompatible with C++98 [-Wc++98-compat]
[build]  1550 |         return is_number_unsigned() ? &m_data.m_value.number_unsigned : nullptr;
[build]       |                                                                         ^
[build] C:\Users\pperv\code\unnamed_rpg\vendor\json\include\nlohmann/json.hpp(1562,67): warning: 'nullptr' is incompatible with C++98 [-Wc++98-compat]
[build]  1562 |         return is_number_float() ? &m_data.m_value.number_float : nullptr;
[build]       |                                                                   ^
[build] C:\Users\pperv\code\unnamed_rpg\vendor\json\include\nlohmann/json.hpp(1574,54): warning: 'nullptr' is incompatible with C++98 [-Wc++98-compat]
[build]  1574 |         return is_binary() ? m_data.m_value.binary : nullptr;
[build]       |                                                      ^
[build] C:\Users\pperv\code\unnamed_rpg\vendor\json\include\nlohmann/json.hpp(1625,54): warning: 'nullptr' is incompatible with C++98 [-Wc++98-compat]
[build]  1625 |         return get_impl_ptr(static_cast<PointerType>(nullptr));
[build]       |                                                      ^
[build] C:\Users\pperv\code\unnamed_rpg\vendor\json\include\nlohmann/json.hpp(1817,9): warning: 'static_assert' declarations are incompatible with C++98 [-Wc++98-compat]
[build]  1817 |         static_assert(!std::is_reference<ValueTypeCV>::value,
[build]       |         ^
[build] C:\Users\pperv\code\unnamed_rpg\vendor\json\include\nlohmann/json.hpp(1819,60): warning: generalized initializer lists are incompatible with C++98 [-Wc++98-compat]
[build]  1819 |         return get_impl<ValueType>(detail::priority_tag<4> {});
[build]       |                                                            ^
[build] C:\Users\pperv\code\unnamed_rpg\vendor\json\include\nlohmann/json.hpp(1819,60): warning: constructor call from initializer list is incompatible with C++98 [-Wc++98-compat]
[build]  1819 |         return get_impl<ValueType>(detail::priority_tag<4> {});
[build]       |                                                            ^~
[build] C:\Users\pperv\code\unnamed_rpg\vendor\json\include\nlohmann/json.hpp(5265,1): warning: variadic templates are incompatible with C++98 [-Wc++98-compat]
[build]  5265 | NLOHMANN_BASIC_JSON_TPL_DECLARATION
[build]       | ^
[build] C:\Users\pperv\code\unnamed_rpg\vendor\json\include\nlohmann/detail/macro_scope.hpp(337,51): note: expanded from macro 'NLOHMANN_BASIC_JSON_TPL_DECLARATION'
[build]   337 |     template<template<typename, typename, typename...> class ObjectType,   \
[build]       |                                                   ^
[build] In file included from C:\Users\pperv\code\unnamed_rpg\vendor\json-schema-validator\src\json-uri.cpp:9:
[build] In file included from C:\Users\pperv\code\unnamed_rpg\vendor\json-schema-validator\src\nlohmann/json-schema.hpp:24:
[build] C:\Users\pperv\code\unnamed_rpg\vendor\json\include\nlohmann/json.hpp(5265,1): warning: variadic templates are incompatible with C++98 [-Wc++98-compat]
[build] C:\Users\pperv\code\unnamed_rpg\vendor\json\include\nlohmann/detail/macro_scope.hpp(338,41): note: expanded from macro 'NLOHMANN_BASIC_JSON_TPL_DECLARATION'
[build]   338 |              template<typename, typename...> class ArrayType,              \
[build]       |                                         ^
[build] In file included from C:\Users\pperv\code\unnamed_rpg\vendor\json-schema-validator\src\json-uri.cpp:9:
[build] In file included from C:\Users\pperv\code\unnamed_rpg\vendor\json-schema-validator\src\nlohmann/json-schema.hpp:24:
[build] C:\Users\pperv\code\unnamed_rpg\vendor\json\include\nlohmann/json.hpp(5273,1): warning: variadic templates are incompatible with C++98 [-Wc++98-compat]
[build]  5273 | NLOHMANN_BASIC_JSON_TPL_DECLARATION
[build]       | ^
[build] C:\Users\pperv\code\unnamed_rpg\vendor\json\include\nlohmann/detail/macro_scope.hpp(337,51): note: expanded from macro 'NLOHMANN_BASIC_JSON_TPL_DECLARATION'
[build]   337 |     template<template<typename, typename, typename...> class ObjectType,   \
[build]       |                                                   ^
[build] In file included from C:\Users\pperv\code\unnamed_rpg\vendor\json-schema-validator\src\json-uri.cpp:9:
[build] In file included from C:\Users\pperv\code\unnamed_rpg\vendor\json-schema-validator\src\nlohmann/json-schema.hpp:24:
[build] C:\Users\pperv\code\unnamed_rpg\vendor\json\include\nlohmann/json.hpp(5273,1): warning: variadic templates are incompatible with C++98 [-Wc++98-compat]
[build] C:\Users\pperv\code\unnamed_rpg\vendor\json\include\nlohmann/detail/macro_scope.hpp(338,41): note: expanded from macro 'NLOHMANN_BASIC_JSON_TPL_DECLARATION'
[build]   338 |              template<typename, typename...> class ArrayType,              \
[build]       |                                         ^
[build] In file included from C:\Users\pperv\code\unnamed_rpg\vendor\json-schema-validator\src\json-uri.cpp:9:
[build] In file included from C:\Users\pperv\code\unnamed_rpg\vendor\json-schema-validator\src\nlohmann/json-schema.hpp:24:
[build] C:\Users\pperv\code\unnamed_rpg\vendor\json\include\nlohmann/json.hpp(5279,1): warning: inline namespaces are incompatible with C++98 [-Wc++98-compat]
[build]  5279 | inline namespace literals
[build]       | ^
[build] C:\Users\pperv\code\unnamed_rpg\vendor\json\include\nlohmann/json.hpp(5281,1): warning: inline namespaces are incompatible with C++98 [-Wc++98-compat]
[build]  5281 | inline namespace json_literals
[build]       | ^
[build] C:\Users\pperv\code\unnamed_rpg\vendor\json\include\nlohmann/json.hpp(5288,35): warning: literal operators are incompatible with C++98 [-Wc++98-compat]
[build]  5288 |     inline nlohmann::json operator""_json(const char* s, std::size_t n)
[build]       |                                   ^
[build] C:\Users\pperv\code\unnamed_rpg\vendor\json\include\nlohmann/json.hpp(4281,20): warning: padding struct 'nlohmann::basic_json<>::data' with 7 bytes to align 'm_value' [-Wpadded]
[build]  4281 |         json_value m_value = {};
[build]       |                    ^
[build] C:\Users\pperv\code\unnamed_rpg\vendor\json\include\nlohmann/json.hpp(5310,49): warning: literal operators are incompatible with C++98 [-Wc++98-compat]
[build]  5310 |     inline nlohmann::json::json_pointer operator""_json_pointer(const char* s, std::size_t n)
[build]       |                                                 ^
[build] C:\Users\pperv\code\unnamed_rpg\vendor\json\include\nlohmann/json.hpp(5339,1): warning: variadic templates are incompatible with C++98 [-Wc++98-compat]
[build]  5339 | NLOHMANN_BASIC_JSON_TPL_DECLARATION
[build]       | ^
[build] C:\Users\pperv\code\unnamed_rpg\vendor\json\include\nlohmann/detail/macro_scope.hpp(337,51): note: expanded from macro 'NLOHMANN_BASIC_JSON_TPL_DECLARATION'
[build]   337 |     template<template<typename, typename, typename...> class ObjectType,   \
[build]       |                                                   ^
[build] In file included from C:\Users\pperv\code\unnamed_rpg\vendor\json-schema-validator\src\json-uri.cpp:9:
[build] In file included from C:\Users\pperv\code\unnamed_rpg\vendor\json-schema-validator\src\nlohmann/json-schema.hpp:24:
[build] C:\Users\pperv\code\unnamed_rpg\vendor\json\include\nlohmann/json.hpp(5339,1): warning: variadic templates are incompatible with C++98 [-Wc++98-compat]
[build] C:\Users\pperv\code\unnamed_rpg\vendor\json\include\nlohmann/detail/macro_scope.hpp(338,41): note: expanded from macro 'NLOHMANN_BASIC_JSON_TPL_DECLARATION'
[build]   338 |              template<typename, typename...> class ArrayType,              \
[build]       |                                         ^
[build] In file included from C:\Users\pperv\code\unnamed_rpg\vendor\json-schema-validator\src\json-uri.cpp:9:
[build] In file included from C:\Users\pperv\code\unnamed_rpg\vendor\json-schema-validator\src\nlohmann/json-schema.hpp:24:
[build] C:\Users\pperv\code\unnamed_rpg\vendor\json\include\nlohmann/json.hpp(5358,5): warning: noexcept specifications are incompatible with C++98 [-Wc++98-compat]
[build]  5358 |     {
[build]       |     ^
[build] C:\Users\pperv\code\unnamed_rpg\vendor\json\include\nlohmann/json.hpp(5372,1): warning: variadic templates are incompatible with C++98 [-Wc++98-compat]
[build]  5372 | NLOHMANN_BASIC_JSON_TPL_DECLARATION
[build]       | ^
[build] C:\Users\pperv\code\unnamed_rpg\vendor\json\include\nlohmann/detail/macro_scope.hpp(337,51): note: expanded from macro 'NLOHMANN_BASIC_JSON_TPL_DECLARATION'
[build]   337 |     template<template<typename, typename, typename...> class ObjectType,   \
[build]       |                                                   ^
[build] In file included from C:\Users\pperv\code\unnamed_rpg\vendor\json-schema-validator\src\json-uri.cpp:9:
[build] In file included from C:\Users\pperv\code\unnamed_rpg\vendor\json-schema-validator\src\nlohmann/json-schema.hpp:24:
[build] C:\Users\pperv\code\unnamed_rpg\vendor\json\include\nlohmann/json.hpp(5372,1): warning: variadic templates are incompatible with C++98 [-Wc++98-compat]
[build] C:\Users\pperv\code\unnamed_rpg\vendor\json\include\nlohmann/detail/macro_scope.hpp(338,41): note: expanded from macro 'NLOHMANN_BASIC_JSON_TPL_DECLARATION'
[build]   338 |              template<typename, typename...> class ArrayType,              \
[build]       |                                         ^
[build] In file included from C:\Users\pperv\code\unnamed_rpg\vendor\json-schema-validator\src\json-uri.cpp:9:
[build] In file included from C:\Users\pperv\code\unnamed_rpg\vendor\json-schema-validator\src\nlohmann/json-schema.hpp:24:
[build] C:\Users\pperv\code\unnamed_rpg\vendor\json\include\nlohmann/json.hpp(5373,96): warning: noexcept specifications are incompatible with C++98 [-Wc++98-compat]
[build]  5373 | inline void swap(nlohmann::NLOHMANN_BASIC_JSON_TPL& j1, nlohmann::NLOHMANN_BASIC_JSON_TPL& j2) noexcept(  // NOLINT(readability-inconsistent-declaration-parameter-name, cert-dcl58-cpp)
[build]       |                                                                                                ^
[build] C:\Users\pperv\code\unnamed_rpg\vendor\json\include\nlohmann/json.hpp(5464,58): warning: literal operators are incompatible with C++98 [-Wc++98-compat]
[build]  5464 |         using nlohmann::literals::json_literals::operator""_json; // NOLINT(misc-unused-using-decls,google-global-names-in-headers)
[build]       |                                                          ^
[build] C:\Users\pperv\code\unnamed_rpg\vendor\json\include\nlohmann/json.hpp(5465,58): warning: literal operators are incompatible with C++98 [-Wc++98-compat]
[build]  5465 |         using nlohmann::literals::json_literals::operator""_json_pointer; //NOLINT(misc-unused-using-decls,google-global-names-in-headers)
[build]       |                                                          ^
[build] In file included from C:\Users\pperv\code\unnamed_rpg\vendor\json-schema-validator\src\json-uri.cpp:9:
[build] C:\Users\pperv\code\unnamed_rpg\vendor\json-schema-validator\src\nlohmann/json-schema.hpp(147,13): warning: default member initializer for non-static data members is incompatible with C++98 [-Wc++98-compat]
[build]   147 |         bool error_{false};
[build]       |                    ^
[build] C:\Users\pperv\code\unnamed_rpg\vendor\json-schema-validator\src\nlohmann/json-schema.hpp(150,109): warning: 'override' keyword is incompatible with C++98 [-Wc++98-compat]
[build]   150 |         void error(const json::json_pointer & /*ptr*/, const json & /*instance*/, const std::string & /*message*/) override
[build]       |                                                                                                                    ^
[build] C:\Users\pperv\code\unnamed_rpg\vendor\json-schema-validator\src\nlohmann/json-schema.hpp(174,22): warning: rvalue references are incompatible with C++98 [-Wc++98-compat]
[build]   174 |         json_validator(json &&, schema_loader = nullptr, format_checker = nullptr, content_checker = nullptr);
[build]       |                             ^
[build] C:\Users\pperv\code\unnamed_rpg\vendor\json-schema-validator\src\nlohmann/json-schema.hpp(176,32): warning: rvalue references are incompatible with C++98 [-Wc++98-compat]
[build]   176 |         json_validator(json_validator &&);
[build]       |                                       ^
[build] C:\Users\pperv\code\unnamed_rpg\vendor\json-schema-validator\src\nlohmann/json-schema.hpp(177,43): warning: rvalue references are incompatible with C++98 [-Wc++98-compat]
[build]   177 |         json_validator &operator=(json_validator &&);
[build]       |                                                  ^
[build] C:\Users\pperv\code\unnamed_rpg\vendor\json-schema-validator\src\nlohmann/json-schema.hpp(179,43): warning: deleted function definitions are incompatible with C++98 [-Wc++98-compat]
[build]   179 |         json_validator(json_validator const &) = delete;
[build]       |                                                  ^
[build] C:\Users\pperv\code\unnamed_rpg\vendor\json-schema-validator\src\nlohmann/json-schema.hpp(180,54): warning: deleted function definitions are incompatible with C++98 [-Wc++98-compat]
[build]   180 |         json_validator &operator=(json_validator const &) = delete;
[build]       |                                                             ^
[build] C:\Users\pperv\code\unnamed_rpg\vendor\json-schema-validator\src\nlohmann/json-schema.hpp(186,28): warning: rvalue references are incompatible with C++98 [-Wc++98-compat]
[build]   186 |         void set_root_schema(json &&);
[build]       |                                   ^
[build] C:\Users\pperv\code\unnamed_rpg\vendor\json-schema-validator\src\nlohmann/json-schema.hpp(171,33): warning: 'nullptr' is incompatible with C++98 [-Wc++98-compat]
[build]   171 |         json_validator(schema_loader = nullptr, format_checker = nullptr, content_checker = nullptr);
[build]       |                                        ^
[build] C:\Users\pperv\code\unnamed_rpg\vendor\json-schema-validator\src\nlohmann/json-schema.hpp(171,59): warning: 'nullptr' is incompatible with C++98 [-Wc++98-compat]
[build]   171 |         json_validator(schema_loader = nullptr, format_checker = nullptr, content_checker = nullptr);
[build]       |                                                                  ^
[build] C:\Users\pperv\code\unnamed_rpg\vendor\json-schema-validator\src\nlohmann/json-schema.hpp(171,86): warning: 'nullptr' is incompatible with C++98 [-Wc++98-compat]
[build]   171 |         json_validator(schema_loader = nullptr, format_checker = nullptr, content_checker = nullptr);
[build]       |                                                                                             ^
[build] C:\Users\pperv\code\unnamed_rpg\vendor\json-schema-validator\src\nlohmann/json-schema.hpp(173,47): warning: 'nullptr' is incompatible with C++98 [-Wc++98-compat]
[build]   173 |         json_validator(const json &, schema_loader = nullptr, format_checker = nullptr, content_checker = nullptr);
[build]       |                                                      ^
[build] C:\Users\pperv\code\unnamed_rpg\vendor\json-schema-validator\src\nlohmann/json-schema.hpp(173,73): warning: 'nullptr' is incompatible with C++98 [-Wc++98-compat]
[build]   173 |         json_validator(const json &, schema_loader = nullptr, format_checker = nullptr, content_checker = nullptr);
[build]       |                                                                                ^
[build] C:\Users\pperv\code\unnamed_rpg\vendor\json-schema-validator\src\nlohmann/json-schema.hpp(173,100): warning: 'nullptr' is incompatible with C++98 [-Wc++98-compat]
[build]   173 |         json_validator(const json &, schema_loader = nullptr, format_checker = nullptr, content_checker = nullptr);
[build]       |                                                                                                           ^
[build] C:\Users\pperv\code\unnamed_rpg\vendor\json-schema-validator\src\nlohmann/json-schema.hpp(174,42): warning: 'nullptr' is incompatible with C++98 [-Wc++98-compat]
[build]   174 |         json_validator(json &&, schema_loader = nullptr, format_checker = nullptr, content_checker = nullptr);
[build]       |                                                 ^
[build] C:\Users\pperv\code\unnamed_rpg\vendor\json-schema-validator\src\nlohmann/json-schema.hpp(174,68): warning: 'nullptr' is incompatible with C++98 [-Wc++98-compat]
[build]   174 |         json_validator(json &&, schema_loader = nullptr, format_checker = nullptr, content_checker = nullptr);
[build]       |                                                                           ^
[build] C:\Users\pperv\code\unnamed_rpg\vendor\json-schema-validator\src\nlohmann/json-schema.hpp(174,95): warning: 'nullptr' is incompatible with C++98 [-Wc++98-compat]
[build]   174 |         json_validator(json &&, schema_loader = nullptr, format_checker = nullptr, content_checker = nullptr);
[build]       |                                                                                                      ^
[build] C:\Users\pperv\code\unnamed_rpg\vendor\json-schema-validator\src\json-uri.cpp(21,2): warning: 'auto' type specifier is incompatible with C++98 [-Wc++98-compat]
[build]    21 |         auto pointer_separator = uri.find('#');
[build]       |         ^~~~
[build] C:\Users\pperv\code\unnamed_rpg\vendor\json-schema-validator\src\json-uri.cpp(38,61): warning: 'nullptr' is incompatible with C++98 [-Wc++98-compat]
[build]    38 |                         char ascii = static_cast<char>(std::strtoul(hex.c_str(), nullptr, 16));
[build]       |                                                                                  ^
[build] C:\Users\pperv\code\unnamed_rpg\vendor\json-schema-validator\src\json-uri.cpp(45,2): warning: 'auto' type specifier is incompatible with C++98 [-Wc++98-compat]
[build]    45 |         auto location = uri.substr(0, pointer_separator);
[build]       |         ^~~~
[build] C:\Users\pperv\code\unnamed_rpg\vendor\json-schema-validator\src\json-uri.cpp(62,4): warning: 'auto' type specifier is incompatible with C++98 [-Wc++98-compat]
[build]    62 |                         auto proto = location.find("://", pos);
[build]       |                         ^~~~
[build] C:\Users\pperv\code\unnamed_rpg\vendor\json-schema-validator\src\json-uri.cpp(70,5): warning: 'auto' type specifier is incompatible with C++98 [-Wc++98-compat]
[build]    70 |                                 auto authority = location.find("/", pos);
[build]       |                                 ^~~~
[build] C:\Users\pperv\code\unnamed_rpg\vendor\json-schema-validator\src\json-uri.cpp(77,4): warning: 'auto' type specifier is incompatible with C++98 [-Wc++98-compat]
[build]    77 |                         auto path = location.substr(pos);
[build]       |                         ^~~~
[build] C:\Users\pperv\code\unnamed_rpg\vendor\json-schema-validator\src\json-uri.cpp(86,5): warning: 'auto' type specifier is incompatible with C++98 [-Wc++98-compat]
[build]    86 |                                 auto last_slash = path_.rfind('/');
[build]       |                                 ^~~~
[build] C:\Users\pperv\code\unnamed_rpg\vendor\json-schema-validator\src\json-uri.cpp(139,48): warning: consecutive right angle brackets are incompatible with C++98 (use '> >') [-Wc++98-compat]
[build]   139 |         std::vector<std::pair<std::string, std::string>> chars = {
[build]       |                                                       ^~
[build]       |                                                       > >
[build] C:\Users\pperv\code\unnamed_rpg\vendor\json-schema-validator\src\json-uri.cpp(140,6): warning: constructor call from initializer list is incompatible with C++98 [-Wc++98-compat]
[build]   140 |             {"~", "~0"},
[build]       |             ^~~~~~~~~~~
[build] C:\Users\pperv\code\unnamed_rpg\vendor\json-schema-validator\src\json-uri.cpp(141,6): warning: constructor call from initializer list is incompatible with C++98 [-Wc++98-compat]
[build]   141 |             {"/", "~1"}};
[build]       |             ^~~~~~~~~~~
[build] C:\Users\pperv\code\unnamed_rpg\vendor\json-schema-validator\src\json-uri.cpp(139,59): warning: initialization of initializer_list object is incompatible with C++98 [-Wc++98-compat]
[build]   139 |         std::vector<std::pair<std::string, std::string>> chars = {
[build]       |                                                                  ^
[build]   140 |             {"~", "~0"},
[build]       |             ~~~~~~~~~~~~
[build]   141 |             {"/", "~1"}};
[build]       |             ~~~~~~~~~~~~
[build] C:\Users\pperv\code\unnamed_rpg\vendor\json-schema-validator\src\json-uri.cpp(145,13): warning: 'auto' type specifier is incompatible with C++98 [-Wc++98-compat]
[build]   145 |         for (const auto &c : chars) {
[build]       |                    ^~~~
[build] C:\Users\pperv\code\unnamed_rpg\vendor\json-schema-validator\src\json-uri.cpp(145,21): warning: range-based for loop is incompatible with C++98 [-Wc++98-compat]
[build]   145 |         for (const auto &c : chars) {
[build]       |                            ^
[build] In file included from C:\Users\pperv\code\unnamed_rpg\vendor\json-schema-validator\src\json-uri.cpp:9:
[build] In file included from C:\Users\pperv\code\unnamed_rpg\vendor\json-schema-validator\src\nlohmann/json-schema.hpp:24:
[build] In file included from C:\Users\pperv\code\unnamed_rpg\vendor\json\include\nlohmann/json.hpp:44:
[build] In file included from C:\Users\pperv\code\unnamed_rpg\vendor\json\include\nlohmann/adl_serializer.hpp:14:
[build] In file included from C:\Users\pperv\code\unnamed_rpg\vendor\json\include\nlohmann/detail/conversions/from_json.hpp:24:
[build] C:\Users\pperv\code\unnamed_rpg\vendor\json\include\nlohmann/detail/exceptions.hpp(192,16): warning: generalized initializer lists are incompatible with C++98 [-Wc++98-compat]
[build]   192 |         return {id_, byte_, w.c_str()};
[build]       |                ^~~~~~~~~~~~~~~~~~~~~~~
[build] C:\Users\pperv\code\unnamed_rpg\vendor\json\include\nlohmann/detail/exceptions.hpp(192,16): warning: constructor call from initializer list is incompatible with C++98 [-Wc++98-compat]
[build]   192 |         return {id_, byte_, w.c_str()};
[build]       |                ^~~~~~~~~~~~~~~~~~~~~~~
[build] C:\Users\pperv\code\unnamed_rpg\vendor\json\include\nlohmann/detail/exceptions.hpp(192,16): warning: constructor call from initializer list is incompatible with C++98 [-Wc++98-compat]
[build]   192 |         return {id_, byte_, w.c_str()};
[build]       |                ^~~~~~~~~~~~~~~~~~~~~~~
[build] C:\Users\pperv\code\unnamed_rpg\vendor\json\include\nlohmann/detail/input/input_adapters.hpp(615,33): note: in instantiation of function template specialization 'nlohmann::detail::parse_error::create<std::nullptr_t, 0>' requested here
[build]   615 |         JSON_THROW(parse_error::create(101, 0, "attempting to parse an empty input; check that your input string or stream contains the expected JSON", nullptr));
[build]       |                                 ^
[build] C:\Users\pperv\code\unnamed_rpg\vendor\json\include\nlohmann/detail/macro_scope.hpp(198,41): note: expanded from macro 'JSON_THROW'
[build]   198 |     #define JSON_THROW(exception) throw exception
[build]       |                                         ^
[build] In file included from C:\Users\pperv\code\unnamed_rpg\vendor\json-schema-validator\src\json-uri.cpp:9:
[build] In file included from C:\Users\pperv\code\unnamed_rpg\vendor\json-schema-validator\src\nlohmann/json-schema.hpp:24:
[build] In file included from C:\Users\pperv\code\unnamed_rpg\vendor\json\include\nlohmann/json.hpp:50:
[build] In file included from C:\Users\pperv\code\unnamed_rpg\vendor\json\include\nlohmann/detail/input/binary_reader.hpp:29:
[build] In file included from C:\Users\pperv\code\unnamed_rpg\vendor\json\include\nlohmann/detail/input/json_sax.hpp:18:
[build] C:\Users\pperv\code\unnamed_rpg\vendor\json\include\nlohmann/detail/input/lexer.hpp(1720,19): warning: padding class 'nlohmann::detail::lexer<nlohmann::basic_json<>, nlohmann::detail::iterator_input_adapter<const char *>>' with 3 bytes to align 'current' [-Wpadded]
[build]  1720 |     char_int_type current = char_traits<char_type>::eof();
[build]       |                   ^
[build] C:\Users\pperv\code\unnamed_rpg\vendor\json\include\nlohmann/detail/input/lexer.hpp(1726,16): warning: padding class 'nlohmann::detail::lexer<nlohmann::basic_json<>, nlohmann::detail::iterator_input_adapter<const char *>>' with 7 bytes to align 'position' [-Wpadded]
[build]  1726 |     position_t position {};
[build]       |                ^
[build] C:\Users\pperv\code\unnamed_rpg\vendor\json\include\nlohmann/detail/input/lexer.hpp(1756,17): warning: padding class 'nlohmann::detail::lexer<nlohmann::basic_json<>, nlohmann::detail::iterator_input_adapter<const char *>>' with 4 bytes to align 'decimal_point_position' [-Wpadded]
[build]  1756 |     std::size_t decimal_point_position = std::string::npos;
[build]       |                 ^
[build] In file included from C:\Users\pperv\code\unnamed_rpg\vendor\json-schema-validator\src\json-uri.cpp:9:
[build] In file included from C:\Users\pperv\code\unnamed_rpg\vendor\json-schema-validator\src\nlohmann/json-schema.hpp:24:
[build] In file included from C:\Users\pperv\code\unnamed_rpg\vendor\json\include\nlohmann/json.hpp:53:
[build] C:\Users\pperv\code\unnamed_rpg\vendor\json\include\nlohmann/detail/input/parser.hpp(528,13): warning: padding class 'nlohmann::detail::parser<nlohmann::basic_json<>, nlohmann::detail::iterator_input_adapter<const char *>>' with 4 bytes to align 'm_lexer' [-Wpadded]
[build]   528 |     lexer_t m_lexer;
[build]       |             ^
[build] C:\Users\pperv\code\unnamed_rpg\vendor\json\include\nlohmann/detail/input/parser.hpp(60,7): warning: padding size of 'nlohmann::detail::parser<nlohmann::basic_json<>, nlohmann::detail::iterator_input_adapter<const char *>>' with 6 bytes to alignment boundary [-Wpadded]
[build]    60 | class parser
[build]       |       ^
[build] In file included from C:\Users\pperv\code\unnamed_rpg\vendor\json-schema-validator\src\json-uri.cpp:9:
[build] In file included from C:\Users\pperv\code\unnamed_rpg\vendor\json-schema-validator\src\nlohmann/json-schema.hpp:24:
[build] C:\Users\pperv\code\unnamed_rpg\vendor\json\include\nlohmann/json.hpp(857,22): warning: enumeration type in nested name specifier is incompatible with C++98 [-Wc++98-compat]
[build]   857 |         : basic_json(value_t::null)
[build]       |                      ^
[build] C:\Users\pperv\code\unnamed_rpg\vendor\json\include\nlohmann/json.hpp(4111,20): note: in instantiation of member function 'nlohmann::basic_json<>::basic_json' requested here
[build]  4111 |         basic_json result;
[build]       |                    ^
[build] C:\Users\pperv\code\unnamed_rpg\vendor\json\include\nlohmann/json.hpp(5294,28): note: in instantiation of function template specialization 'nlohmann::basic_json<>::parse<const char *, const char *, 0>' requested here
[build]  5294 |     return nlohmann::json::parse(s, s + n);
[build]       |                            ^
[build] C:\Users\pperv\code\unnamed_rpg\vendor\json\include\nlohmann/json.hpp(857,11): warning: delegating constructors are incompatible with C++98 [-Wc++98-compat]
[build]   857 |         : basic_json(value_t::null)
[build]       |           ^
[build] C:\Users\pperv\code\unnamed_rpg\vendor\json\include\nlohmann/json.hpp(540,30): warning: 'nullptr' is incompatible with C++98 [-Wc++98-compat]
[build]   540 |                     object = nullptr;  // silence warning, see #821
[build]       |                              ^
[build] C:\Users\pperv\code\unnamed_rpg\vendor\json\include\nlohmann/json.hpp(547,30): warning: 'nullptr' is incompatible with C++98 [-Wc++98-compat]
[build]   547 |                     object = nullptr;  // silence warning, see #821
[build]       |                              ^
[build] C:\Users\pperv\code\unnamed_rpg\vendor\json\include\nlohmann/json.hpp(550,112): warning: 'nullptr' is incompatible with C++98 [-Wc++98-compat]
[build]   550 |                         JSON_THROW(other_error::create(500, "961c151d2e87f2686a955a9be24d316f1362bf21 3.12.0", nullptr)); // LCOV_EXCL_LINE
[build]       |                                                                                                                ^
[build] C:\Users\pperv\code\unnamed_rpg\vendor\json\include\nlohmann/json.hpp(545,17): warning: default label in switch which covers all enumeration values [-Wcovered-switch-default]
[build]   545 |                 default:
[build]       |                 ^
[build] C:\Users\pperv\code\unnamed_rpg\vendor\json\include\nlohmann/json.hpp(849,11): note: in instantiation of member function 'nlohmann::basic_json<>::data::data' requested here
[build]   849 |         : m_data(v)
[build]       |           ^
[build] C:\Users\pperv\code\unnamed_rpg\vendor\json\include\nlohmann/json.hpp(857,11): note: in instantiation of member function 'nlohmann::basic_json<>::basic_json' requested here
[build]   857 |         : basic_json(value_t::null)
[build]       |           ^
[build] C:\Users\pperv\code\unnamed_rpg\vendor\json\include\nlohmann/json.hpp(4111,20): note: in instantiation of member function 'nlohmann::basic_json<>::basic_json' requested here
[build]  4111 |         basic_json result;
[build]       |                    ^
[build] C:\Users\pperv\code\unnamed_rpg\vendor\json\include\nlohmann/json.hpp(5294,28): note: in instantiation of function template specialization 'nlohmann::basic_json<>::parse<const char *, const char *, 0>' requested here
[build]  5294 |     return nlohmann::json::parse(s, s + n);
[build]       |                            ^
[build] C:\Users\pperv\code\unnamed_rpg\vendor\json\include\nlohmann/json.hpp(490,22): warning: enumeration type in nested name specifier is incompatible with C++98 [-Wc++98-compat]
[build]   490 |                 case value_t::object:
[build]       |                      ^
[build] C:\Users\pperv\code\unnamed_rpg\vendor\json\include\nlohmann/json.hpp(4284,26): note: in instantiation of member function 'nlohmann::basic_json<>::json_value::json_value' requested here
[build]  4284 |             : m_type(v), m_value(v)
[build]       |                          ^
[build] C:\Users\pperv\code\unnamed_rpg\vendor\json\include\nlohmann/json.hpp(849,11): note: in instantiation of member function 'nlohmann::basic_json<>::data::data' requested here
[build]   849 |         : m_data(v)
[build]       |           ^
[build] C:\Users\pperv\code\unnamed_rpg\vendor\json\include\nlohmann/json.hpp(857,11): note: in instantiation of member function 'nlohmann::basic_json<>::basic_json' requested here
[build]   857 |         : basic_json(value_t::null)
[build]       |           ^
[build] C:\Users\pperv\code\unnamed_rpg\vendor\json\include\nlohmann/json.hpp(4111,20): note: in instantiation of member function 'nlohmann::basic_json<>::basic_json' requested here
[build]  4111 |         basic_json result;
[build]       |                    ^
[build] C:\Users\pperv\code\unnamed_rpg\vendor\json\include\nlohmann/json.hpp(5294,28): note: in instantiation of function template specialization 'nlohmann::basic_json<>::parse<const char *, const char *, 0>' requested here
[build]  5294 |     return nlohmann::json::parse(s, s + n);
[build]       |                            ^
[build] C:\Users\pperv\code\unnamed_rpg\vendor\json\include\nlohmann/json.hpp(496,22): warning: enumeration type in nested name specifier is incompatible with C++98 [-Wc++98-compat]
[build]   496 |                 case value_t::array:
[build]       |                      ^
[build] C:\Users\pperv\code\unnamed_rpg\vendor\json\include\nlohmann/json.hpp(502,22): warning: enumeration type in nested name specifier is incompatible with C++98 [-Wc++98-compat]
[build]   502 |                 case value_t::string:
[build]       |                      ^
[build] C:\Users\pperv\code\unnamed_rpg\vendor\json\include\nlohmann/json.hpp(508,22): warning: enumeration type in nested name specifier is incompatible with C++98 [-Wc++98-compat]
[build]   508 |                 case value_t::binary:
[build]       |                      ^
[build] C:\Users\pperv\code\unnamed_rpg\vendor\json\include\nlohmann/json.hpp(514,22): warning: enumeration type in nested name specifier is incompatible with C++98 [-Wc++98-compat]
[build]   514 |                 case value_t::boolean:
[build]       |                      ^
[build] C:\Users\pperv\code\unnamed_rpg\vendor\json\include\nlohmann/json.hpp(520,22): warning: enumeration type in nested name specifier is incompatible with C++98 [-Wc++98-compat]
[build]   520 |                 case value_t::number_integer:
[build]       |                      ^
[build] C:\Users\pperv\code\unnamed_rpg\vendor\json\include\nlohmann/json.hpp(526,22): warning: enumeration type in nested name specifier is incompatible with C++98 [-Wc++98-compat]
[build]   526 |                 case value_t::number_unsigned:
[build]       |                      ^
[build] C:\Users\pperv\code\unnamed_rpg\vendor\json\include\nlohmann/json.hpp(532,22): warning: enumeration type in nested name specifier is incompatible with C++98 [-Wc++98-compat]
[build]   532 |                 case value_t::number_float:
[build]       |                      ^
[build] C:\Users\pperv\code\unnamed_rpg\vendor\json\include\nlohmann/json.hpp(538,22): warning: enumeration type in nested name specifier is incompatible with C++98 [-Wc++98-compat]
[build]   538 |                 case value_t::null:
[build]       |                      ^
[build] C:\Users\pperv\code\unnamed_rpg\vendor\json\include\nlohmann/json.hpp(544,22): warning: enumeration type in nested name specifier is incompatible with C++98 [-Wc++98-compat]
[build]   544 |                 case value_t::discarded:
[build]       |                      ^
[build] C:\Users\pperv\code\unnamed_rpg\vendor\json\include\nlohmann/json.hpp(548,51): warning: enumeration type in nested name specifier is incompatible with C++98 [-Wc++98-compat]
[build]   548 |                     if (JSON_HEDLEY_UNLIKELY(t == value_t::null))
[build]       |                                                   ^
[build] C:\Users\pperv\code\unnamed_rpg\vendor\json\include\nlohmann/json.hpp(545,17): warning: default label in switch which covers all enumeration values [-Wcovered-switch-default]
[build]   545 |                 default:
[build]       |                 ^
[build] C:\Users\pperv\code\unnamed_rpg\vendor\json\include\nlohmann/json.hpp(414,33): warning: alias declarations are incompatible with C++98 [-Wc++98-compat]
[build]   414 |         using AllocatorTraits = std::allocator_traits<AllocatorType<T>>;
[build]       |                                 ^
[build] C:\Users\pperv\code\unnamed_rpg\vendor\json\include\nlohmann/json.hpp(414,70): warning: consecutive right angle brackets are incompatible with C++98 (use '> >') [-Wc++98-compat]
[build]   414 |         using AllocatorTraits = std::allocator_traits<AllocatorType<T>>;
[build]       |                                                                      ^~
[build]       |                                                                      > >
[build] C:\Users\pperv\code\unnamed_rpg\vendor\json\include\nlohmann/json.hpp(416,9): warning: 'auto' type specifier is incompatible with C++98 [-Wc++98-compat]
[build]   416 |         auto deleter = [&](T * obj)
[build]       |         ^~~~
[build] C:\Users\pperv\code\unnamed_rpg\vendor\json\include\nlohmann/json.hpp(416,24): warning: lambda expressions are incompatible with C++98 [-Wc++98-compat]
[build]   416 |         auto deleter = [&](T * obj)
[build]       |                        ^
[build] C:\Users\pperv\code\unnamed_rpg\vendor\json\include\nlohmann/json.hpp(420,28): warning: 'decltype' type specifier is incompatible with C++98 [-Wc++98-compat]
[build]   420 |         std::unique_ptr<T, decltype(deleter)> obj(AllocatorTraits::allocate(alloc, 1), deleter);
[build]       |                            ^
[build] C:\Users\pperv\code\unnamed_rpg\vendor\json\include\nlohmann/json.hpp(420,28): warning: local type '(lambda at C:\Users\pperv\code\unnamed_rpg\vendor\json\include\nlohmann\json.hpp:416:24)' as template argument is incompatible with C++98 [-Wc++98-compat-local-type-template-args]
[build]   420 |         std::unique_ptr<T, decltype(deleter)> obj(AllocatorTraits::allocate(alloc, 1), deleter);
[build]       |                            ^~~~~~~~~~~~~~~~~
[build] C:\Users\pperv\code\unnamed_rpg\vendor\json\include\nlohmann/json.hpp(492,30): note: in instantiation of function template specialization 'nlohmann::basic_json<>::create<std::map<std::basic_string<char>, nlohmann::basic_json<>, std::less<void>>>' requested here
[build]   492 |                     object = create<object_t>();
[build]       |                              ^
[build] C:\Users\pperv\code\unnamed_rpg\vendor\json\include\nlohmann/json.hpp(4284,26): note: in instantiation of member function 'nlohmann::basic_json<>::json_value::json_value' requested here
[build]  4284 |             : m_type(v), m_value(v)
[build]       |                          ^
[build] C:\Users\pperv\code\unnamed_rpg\vendor\json\include\nlohmann/json.hpp(849,11): note: in instantiation of member function 'nlohmann::basic_json<>::data::data' requested here
[build]   849 |         : m_data(v)
[build]       |           ^
[build] C:\Users\pperv\code\unnamed_rpg\vendor\json\include\nlohmann/json.hpp(857,11): note: in instantiation of member function 'nlohmann::basic_json<>::basic_json' requested here
[build]   857 |         : basic_json(value_t::null)
[build]       |           ^
[build] C:\Users\pperv\code\unnamed_rpg\vendor\json\include\nlohmann/json.hpp(4111,20): note: in instantiation of member function 'nlohmann::basic_json<>::basic_json' requested here
[build]  4111 |         basic_json result;
[build]       |                    ^
[build] C:\Users\pperv\code\unnamed_rpg\vendor\json\include\nlohmann/json.hpp(5294,28): note: in instantiation of function template specialization 'nlohmann::basic_json<>::parse<const char *, const char *, 0>' requested here
[build]  5294 |     return nlohmann::json::parse(s, s + n);
[build]       |                            ^
[build] C:\Users\pperv\code\unnamed_rpg\vendor\json\include\nlohmann/json.hpp(420,28): warning: local type '(lambda at C:\Users\pperv\code\unnamed_rpg\vendor\json\include\nlohmann\json.hpp:416:24)' as template argument is incompatible with C++98 [-Wc++98-compat-local-type-template-args]
[build]   420 |         std::unique_ptr<T, decltype(deleter)> obj(AllocatorTraits::allocate(alloc, 1), deleter);
[build]       |                            ^~~~~~~~~~~~~~~~~
[build] C:\Users\pperv\code\unnamed_rpg\vendor\json\include\nlohmann/json.hpp(498,29): note: in instantiation of function template specialization 'nlohmann::basic_json<>::create<std::vector<nlohmann::basic_json<>>>' requested here
[build]   498 |                     array = create<array_t>();
[build]       |                             ^
[build] C:\Users\pperv\code\unnamed_rpg\vendor\json\include\nlohmann/json.hpp(4284,26): note: in instantiation of member function 'nlohmann::basic_json<>::json_value::json_value' requested here
[build]  4284 |             : m_type(v), m_value(v)
[build]       |                          ^
[build] C:\Users\pperv\code\unnamed_rpg\vendor\json\include\nlohmann/json.hpp(849,11): note: in instantiation of member function 'nlohmann::basic_json<>::data::data' requested here
[build]   849 |         : m_data(v)
[build]       |           ^
[build] C:\Users\pperv\code\unnamed_rpg\vendor\json\include\nlohmann/json.hpp(857,11): note: in instantiation of member function 'nlohmann::basic_json<>::basic_json' requested here
[build]   857 |         : basic_json(value_t::null)
[build]       |           ^
[build] C:\Users\pperv\code\unnamed_rpg\vendor\json\include\nlohmann/json.hpp(4111,20): note: in instantiation of member function 'nlohmann::basic_json<>::basic_json' requested here
[build]  4111 |         basic_json result;
[build]       |                    ^
[build] C:\Users\pperv\code\unnamed_rpg\vendor\json\include\nlohmann/json.hpp(5294,28): note: in instantiation of function template specialization 'nlohmann::basic_json<>::parse<const char *, const char *, 0>' requested here
[build]  5294 |     return nlohmann::json::parse(s, s + n);
[build]       |                            ^
[build] C:\Users\pperv\code\unnamed_rpg\vendor\json\include\nlohmann/json.hpp(420,28): warning: local type '(lambda at C:\Users\pperv\code\unnamed_rpg\vendor\json\include\nlohmann\json.hpp:416:24)' as template argument is incompatible with C++98 [-Wc++98-compat-local-type-template-args]
[build]   420 |         std::unique_ptr<T, decltype(deleter)> obj(AllocatorTraits::allocate(alloc, 1), deleter);
[build]       |                            ^~~~~~~~~~~~~~~~~
[build] C:\Users\pperv\code\unnamed_rpg\vendor\json\include\nlohmann/json.hpp(504,30): note: in instantiation of function template specialization 'nlohmann::basic_json<>::create<std::basic_string<char>, const char (&)[1]>' requested here
[build]   504 |                     string = create<string_t>("");
[build]       |                              ^
[build] C:\Users\pperv\code\unnamed_rpg\vendor\json\include\nlohmann/json.hpp(4284,26): note: in instantiation of member function 'nlohmann::basic_json<>::json_value::json_value' requested here
[build]  4284 |             : m_type(v), m_value(v)
[build]       |                          ^
[build] C:\Users\pperv\code\unnamed_rpg\vendor\json\include\nlohmann/json.hpp(849,11): note: in instantiation of member function 'nlohmann::basic_json<>::data::data' requested here
[build]   849 |         : m_data(v)
[build]       |           ^
[build] C:\Users\pperv\code\unnamed_rpg\vendor\json\include\nlohmann/json.hpp(857,11): note: in instantiation of member function 'nlohmann::basic_json<>::basic_json' requested here
[build]   857 |         : basic_json(value_t::null)
[build]       |           ^
[build] C:\Users\pperv\code\unnamed_rpg\vendor\json\include\nlohmann/json.hpp(4111,20): note: in instantiation of member function 'nlohmann::basic_json<>::basic_json' requested here
[build]  4111 |         basic_json result;
[build]       |                    ^
[build] C:\Users\pperv\code\unnamed_rpg\vendor\json\include\nlohmann/json.hpp(5294,28): note: in instantiation of function template specialization 'nlohmann::basic_json<>::parse<const char *, const char *, 0>' requested here
[build]  5294 |     return nlohmann::json::parse(s, s + n);
[build]       |                            ^
[build] In file included from C:\Users\pperv\code\unnamed_rpg\vendor\json-schema-validator\src\json-uri.cpp:9:
[build] In file included from C:\Users\pperv\code\unnamed_rpg\vendor\json-schema-validator\src\nlohmann/json-schema.hpp:24:
[build] In file included from C:\Users\pperv\code\unnamed_rpg\vendor\json\include\nlohmann/json.hpp:45:
[build] C:\Users\pperv\code\unnamed_rpg\vendor\json\include\nlohmann/byte_container_with_subtype.hpp(22,7): warning: padding size of 'nlohmann::byte_container_with_subtype<std::vector<unsigned char>>' with 7 bytes to alignment boundary [-Wpadded]
[build]    22 | class byte_container_with_subtype : public BinaryType
[build]       |       ^
[build] In file included from C:\Users\pperv\code\unnamed_rpg\vendor\json-schema-validator\src\json-uri.cpp:9:
[build] In file included from C:\Users\pperv\code\unnamed_rpg\vendor\json-schema-validator\src\nlohmann/json-schema.hpp:24:
[build] C:\Users\pperv\code\unnamed_rpg\vendor\json\include\nlohmann/json.hpp(420,28): warning: local type '(lambda at C:\Users\pperv\code\unnamed_rpg\vendor\json\include\nlohmann\json.hpp:416:24)' as template argument is incompatible with C++98 [-Wc++98-compat-local-type-template-args]
[build]   420 |         std::unique_ptr<T, decltype(deleter)> obj(AllocatorTraits::allocate(alloc, 1), deleter);
[build]       |                            ^~~~~~~~~~~~~~~~~
[build] C:\Users\pperv\code\unnamed_rpg\vendor\json\include\nlohmann/json.hpp(510,30): note: in instantiation of function template specialization 'nlohmann::basic_json<>::create<nlohmann::byte_container_with_subtype<std::vector<unsigned char>>>' requested here
[build]   510 |                     binary = create<binary_t>();
[build]       |                              ^
[build] C:\Users\pperv\code\unnamed_rpg\vendor\json\include\nlohmann/json.hpp(4284,26): note: in instantiation of member function 'nlohmann::basic_json<>::json_value::json_value' requested here
[build]  4284 |             : m_type(v), m_value(v)
[build]       |                          ^
[build] C:\Users\pperv\code\unnamed_rpg\vendor\json\include\nlohmann/json.hpp(849,11): note: in instantiation of member function 'nlohmann::basic_json<>::data::data' requested here
[build]   849 |         : m_data(v)
[build]       |           ^
[build] C:\Users\pperv\code\unnamed_rpg\vendor\json\include\nlohmann/json.hpp(857,11): note: in instantiation of member function 'nlohmann::basic_json<>::basic_json' requested here
[build]   857 |         : basic_json(value_t::null)
[build]       |           ^
[build] C:\Users\pperv\code\unnamed_rpg\vendor\json\include\nlohmann/json.hpp(4111,20): note: in instantiation of member function 'nlohmann::basic_json<>::basic_json' requested here
[build]  4111 |         basic_json result;
[build]       |                    ^
[build] C:\Users\pperv\code\unnamed_rpg\vendor\json\include\nlohmann/json.hpp(5294,28): note: in instantiation of function template specialization 'nlohmann::basic_json<>::parse<const char *, const char *, 0>' requested here
[build]  5294 |     return nlohmann::json::parse(s, s + n);
[build]       |                            ^
[build] In file included from C:\Users\pperv\code\unnamed_rpg\vendor\json-schema-validator\src\json-uri.cpp:9:
[build] In file included from C:\Users\pperv\code\unnamed_rpg\vendor\json-schema-validator\src\nlohmann/json-schema.hpp:24:
[build] In file included from C:\Users\pperv\code\unnamed_rpg\vendor\json\include\nlohmann/json.hpp:44:
[build] In file included from C:\Users\pperv\code\unnamed_rpg\vendor\json\include\nlohmann/adl_serializer.hpp:14:
[build] In file included from C:\Users\pperv\code\unnamed_rpg\vendor\json\include\nlohmann/detail/conversions/from_json.hpp:24:
[build] C:\Users\pperv\code\unnamed_rpg\vendor\json\include\nlohmann/detail/exceptions.hpp(278,16): warning: generalized initializer lists are incompatible with C++98 [-Wc++98-compat]
[build]   278 |         return {id_, w.c_str()};
[build]       |                ^~~~~~~~~~~~~~~~
[build] C:\Users\pperv\code\unnamed_rpg\vendor\json\include\nlohmann/detail/exceptions.hpp(278,16): warning: constructor call from initializer list is incompatible with C++98 [-Wc++98-compat]
[build]   278 |         return {id_, w.c_str()};
[build]       |                ^~~~~~~~~~~~~~~~
[build] C:\Users\pperv\code\unnamed_rpg\vendor\json\include\nlohmann/json.hpp(4284,26): note: in instantiation of member function 'nlohmann::basic_json<>::json_value::json_value' requested here
[build]  4284 |             : m_type(v), m_value(v)
[build]       |                          ^
[build] C:\Users\pperv\code\unnamed_rpg\vendor\json\include\nlohmann/json.hpp(849,11): note: in instantiation of member function 'nlohmann::basic_json<>::data::data' requested here
[build]   849 |         : m_data(v)
[build]       |           ^
[build] C:\Users\pperv\code\unnamed_rpg\vendor\json\include\nlohmann/json.hpp(857,11): note: in instantiation of member function 'nlohmann::basic_json<>::basic_json' requested here
[build]   857 |         : basic_json(value_t::null)
[build]       |           ^
[build] C:\Users\pperv\code\unnamed_rpg\vendor\json\include\nlohmann/json.hpp(4111,20): note: in instantiation of member function 'nlohmann::basic_json<>::basic_json' requested here
[build]  4111 |         basic_json result;
[build]       |                    ^
[build] C:\Users\pperv\code\unnamed_rpg\vendor\json\include\nlohmann/json.hpp(5294,28): note: in instantiation of function template specialization 'nlohmann::basic_json<>::parse<const char *, const char *, 0>' requested here
[build]  5294 |     return nlohmann::json::parse(s, s + n);
[build]       |                            ^
[build] In file included from C:\Users\pperv\code\unnamed_rpg\vendor\json-schema-validator\src\json-uri.cpp:9:
[build] In file included from C:\Users\pperv\code\unnamed_rpg\vendor\json-schema-validator\src\nlohmann/json-schema.hpp:24:
[build] In file included from C:\Users\pperv\code\unnamed_rpg\vendor\json\include\nlohmann/json.hpp:44:
[build] In file included from C:\Users\pperv\code\unnamed_rpg\vendor\json\include\nlohmann/adl_serializer.hpp:14:
[build] In file included from C:\Users\pperv\code\unnamed_rpg\vendor\json\include\nlohmann/detail/conversions/from_json.hpp:24:
[build] C:\Users\pperv\code\unnamed_rpg\vendor\json\include\nlohmann/detail/exceptions.hpp(278,16): warning: constructor call from initializer list is incompatible with C++98 [-Wc++98-compat]
[build]   278 |         return {id_, w.c_str()};
[build]       |                ^~~~~~~~~~~~~~~~
[build] C:\Users\pperv\code\unnamed_rpg\vendor\json\include\nlohmann/json.hpp(550,49): note: in instantiation of function template specialization 'nlohmann::detail::other_error::create<std::nullptr_t, 0>' requested here
[build]   550 |                         JSON_THROW(other_error::create(500, "961c151d2e87f2686a955a9be24d316f1362bf21 3.12.0", nullptr)); // LCOV_EXCL_LINE
[build]       |                                                 ^
[build] C:\Users\pperv\code\unnamed_rpg\vendor\json\include\nlohmann/detail/macro_scope.hpp(198,41): note: expanded from macro 'JSON_THROW'
[build]   198 |     #define JSON_THROW(exception) throw exception
[build]       |                                         ^
[build] C:\Users\pperv\code\unnamed_rpg\vendor\json\include\nlohmann/json.hpp(4284,26): note: in instantiation of member function 'nlohmann::basic_json<>::json_value::json_value' requested here
[build]  4284 |             : m_type(v), m_value(v)
[build]       |                          ^
[build] C:\Users\pperv\code\unnamed_rpg\vendor\json\include\nlohmann/json.hpp(849,11): note: in instantiation of member function 'nlohmann::basic_json<>::data::data' requested here
[build]   849 |         : m_data(v)
[build]       |           ^
[build] C:\Users\pperv\code\unnamed_rpg\vendor\json\include\nlohmann/json.hpp(857,11): note: in instantiation of member function 'nlohmann::basic_json<>::basic_json' requested here
[build]   857 |         : basic_json(value_t::null)
[build]       |           ^
[build] C:\Users\pperv\code\unnamed_rpg\vendor\json\include\nlohmann/json.hpp(4111,20): note: in instantiation of member function 'nlohmann::basic_json<>::basic_json' requested here
[build]  4111 |         basic_json result;
[build]       |                    ^
[build] C:\Users\pperv\code\unnamed_rpg\vendor\json\include\nlohmann/json.hpp(5294,28): note: in instantiation of function template specialization 'nlohmann::basic_json<>::parse<const char *, const char *, 0>' requested here
[build]  5294 |     return nlohmann::json::parse(s, s + n);
[build]       |                            ^
[build] C:\Users\pperv\code\unnamed_rpg\vendor\json\include\nlohmann/json.hpp(590,52): warning: 'nullptr' is incompatible with C++98 [-Wc++98-compat]
[build]   590 |                 (t == value_t::object && object == nullptr) ||
[build]       |                                                    ^
[build] C:\Users\pperv\code\unnamed_rpg\vendor\json\include\nlohmann/json.hpp(591,50): warning: 'nullptr' is incompatible with C++98 [-Wc++98-compat]
[build]   591 |                 (t == value_t::array && array == nullptr) ||
[build]       |                                                  ^
[build] C:\Users\pperv\code\unnamed_rpg\vendor\json\include\nlohmann/json.hpp(592,52): warning: 'nullptr' is incompatible with C++98 [-Wc++98-compat]
[build]   592 |                 (t == value_t::string && string == nullptr) ||
[build]       |                                                    ^
[build] C:\Users\pperv\code\unnamed_rpg\vendor\json\include\nlohmann/json.hpp(593,52): warning: 'nullptr' is incompatible with C++98 [-Wc++98-compat]
[build]   593 |                 (t == value_t::binary && binary == nullptr)
[build]       |                                                    ^
[build] C:\Users\pperv\code\unnamed_rpg\vendor\json\include\nlohmann/json.hpp(613,30): warning: rvalue references are incompatible with C++98 [-Wc++98-compat]
[build]   613 |                     for (auto&& it : *object)
[build]       |                              ^
[build] C:\Users\pperv\code\unnamed_rpg\vendor\json\include\nlohmann/json.hpp(613,26): warning: 'auto' type specifier is incompatible with C++98 [-Wc++98-compat]
[build]   613 |                     for (auto&& it : *object)
[build]       |                          ^~~~
[build] C:\Users\pperv\code\unnamed_rpg\vendor\json\include\nlohmann/json.hpp(848,5): note: in instantiation of member function 'nlohmann::basic_json<>::data::~data' requested here
[build]   848 |     basic_json(const value_t v)
[build]       |     ^
[build] C:\Users\pperv\code\unnamed_rpg\vendor\json\include\nlohmann/json.hpp(857,11): note: in instantiation of member function 'nlohmann::basic_json<>::basic_json' requested here
[build]   857 |         : basic_json(value_t::null)
[build]       |           ^
[build] C:\Users\pperv\code\unnamed_rpg\vendor\json\include\nlohmann/json.hpp(4111,20): note: in instantiation of member function 'nlohmann::basic_json<>::basic_json' requested here
[build]  4111 |         basic_json result;
[build]       |                    ^
[build] C:\Users\pperv\code\unnamed_rpg\vendor\json\include\nlohmann/json.hpp(5294,28): note: in instantiation of function template specialization 'nlohmann::basic_json<>::parse<const char *, const char *, 0>' requested here
[build]  5294 |     return nlohmann::json::parse(s, s + n);
[build]       |                            ^
[build] C:\Users\pperv\code\unnamed_rpg\vendor\json\include\nlohmann/json.hpp(613,36): warning: range-based for loop is incompatible with C++98 [-Wc++98-compat]
[build]   613 |                     for (auto&& it : *object)
[build]       |                                    ^
[build] C:\Users\pperv\code\unnamed_rpg\vendor\json\include\nlohmann/json.hpp(635,34): warning: rvalue references are incompatible with C++98 [-Wc++98-compat]
[build]   635 |                         for (auto&& it : *current_item.m_data.m_value.object)
[build]       |                                  ^
[build] C:\Users\pperv\code\unnamed_rpg\vendor\json\include\nlohmann/json.hpp(635,30): warning: 'auto' type specifier is incompatible with C++98 [-Wc++98-compat]
[build]   635 |                         for (auto&& it : *current_item.m_data.m_value.object)
[build]       |                              ^~~~
[build] C:\Users\pperv\code\unnamed_rpg\vendor\json\include\nlohmann/json.hpp(635,40): warning: range-based for loop is incompatible with C++98 [-Wc++98-compat]
[build]   635 |                         for (auto&& it : *current_item.m_data.m_value.object)
[build]       |                                        ^
[build] C:\Users\pperv\code\unnamed_rpg\vendor\json\include\nlohmann/json.hpp(653,43): warning: 'decltype' type specifier is incompatible with C++98 [-Wc++98-compat]
[build]   653 |                     std::allocator_traits<decltype(alloc)>::destroy(alloc, object);
[build]       |                                           ^
[build] C:\Users\pperv\code\unnamed_rpg\vendor\json\include\nlohmann/json.hpp(654,43): warning: 'decltype' type specifier is incompatible with C++98 [-Wc++98-compat]
[build]   654 |                     std::allocator_traits<decltype(alloc)>::deallocate(alloc, object, 1);
[build]       |                                           ^
[build] C:\Users\pperv\code\unnamed_rpg\vendor\json\include\nlohmann/json.hpp(661,43): warning: 'decltype' type specifier is incompatible with C++98 [-Wc++98-compat]
[build]   661 |                     std::allocator_traits<decltype(alloc)>::destroy(alloc, array);
[build]       |                                           ^
[build] C:\Users\pperv\code\unnamed_rpg\vendor\json\include\nlohmann/json.hpp(662,43): warning: 'decltype' type specifier is incompatible with C++98 [-Wc++98-compat]
[build]   662 |                     std::allocator_traits<decltype(alloc)>::deallocate(alloc, array, 1);
[build]       |                                           ^
[build] C:\Users\pperv\code\unnamed_rpg\vendor\json\include\nlohmann/json.hpp(669,43): warning: 'decltype' type specifier is incompatible with C++98 [-Wc++98-compat]
[build]   669 |                     std::allocator_traits<decltype(alloc)>::destroy(alloc, string);
[build]       |                                           ^
[build] C:\Users\pperv\code\unnamed_rpg\vendor\json\include\nlohmann/json.hpp(670,43): warning: 'decltype' type specifier is incompatible with C++98 [-Wc++98-compat]
[build]   670 |                     std::allocator_traits<decltype(alloc)>::deallocate(alloc, string, 1);
[build]       |                                           ^
[build] C:\Users\pperv\code\unnamed_rpg\vendor\json\include\nlohmann/json.hpp(677,43): warning: 'decltype' type specifier is incompatible with C++98 [-Wc++98-compat]
[build]   677 |                     std::allocator_traits<decltype(alloc)>::destroy(alloc, binary);
[build]       |                                           ^
[build] C:\Users\pperv\code\unnamed_rpg\vendor\json\include\nlohmann/json.hpp(678,43): warning: 'decltype' type specifier is incompatible with C++98 [-Wc++98-compat]
[build]   678 |                     std::allocator_traits<decltype(alloc)>::deallocate(alloc, binary, 1);
[build]       |                                           ^
[build] C:\Users\pperv\code\unnamed_rpg\vendor\json\include\nlohmann/json.hpp(688,17): warning: default label in switch which covers all enumeration values [-Wcovered-switch-default]
[build]   688 |                 default:
[build]       |                 ^
[build] C:\Users\pperv\code\unnamed_rpg\vendor\json\include\nlohmann/json.hpp(590,23): warning: enumeration type in nested name specifier is incompatible with C++98 [-Wc++98-compat]
[build]   590 |                 (t == value_t::object && object == nullptr) ||
[build]       |                       ^
[build] C:\Users\pperv\code\unnamed_rpg\vendor\json\include\nlohmann/json.hpp(4302,21): note: in instantiation of member function 'nlohmann::basic_json<>::json_value::destroy' requested here
[build]  4302 |             m_value.destroy(m_type);
[build]       |                     ^
[build] C:\Users\pperv\code\unnamed_rpg\vendor\json\include\nlohmann/json.hpp(848,5): note: in instantiation of member function 'nlohmann::basic_json<>::data::~data' requested here
[build]   848 |     basic_json(const value_t v)
[build]       |     ^
[build] C:\Users\pperv\code\unnamed_rpg\vendor\json\include\nlohmann/json.hpp(857,11): note: in instantiation of member function 'nlohmann::basic_json<>::basic_json' requested here
[build]   857 |         : basic_json(value_t::null)
[build]       |           ^
[build] C:\Users\pperv\code\unnamed_rpg\vendor\json\include\nlohmann/json.hpp(4111,20): note: in instantiation of member function 'nlohmann::basic_json<>::basic_json' requested here
[build]  4111 |         basic_json result;
[build]       |                    ^
[build] C:\Users\pperv\code\unnamed_rpg\vendor\json\include\nlohmann/json.hpp(5294,28): note: in instantiation of function template specialization 'nlohmann::basic_json<>::parse<const char *, const char *, 0>' requested here
[build]  5294 |     return nlohmann::json::parse(s, s + n);
[build]       |                            ^
[build] C:\Users\pperv\code\unnamed_rpg\vendor\json\include\nlohmann/json.hpp(591,23): warning: enumeration type in nested name specifier is incompatible with C++98 [-Wc++98-compat]
[build]   591 |                 (t == value_t::array && array == nullptr) ||
[build]       |                       ^
[build] C:\Users\pperv\code\unnamed_rpg\vendor\json\include\nlohmann/json.hpp(592,23): warning: enumeration type in nested name specifier is incompatible with C++98 [-Wc++98-compat]
[build]   592 |                 (t == value_t::string && string == nullptr) ||
[build]       |                       ^
[build] C:\Users\pperv\code\unnamed_rpg\vendor\json\include\nlohmann/json.hpp(593,23): warning: enumeration type in nested name specifier is incompatible with C++98 [-Wc++98-compat]
[build]   593 |                 (t == value_t::binary && binary == nullptr)
[build]       |                       ^
[build] C:\Users\pperv\code\unnamed_rpg\vendor\json\include\nlohmann/json.hpp(599,22): warning: enumeration type in nested name specifier is incompatible with C++98 [-Wc++98-compat]
[build]   599 |             if (t == value_t::array || t == value_t::object)
[build]       |                      ^
[build] C:\Users\pperv\code\unnamed_rpg\vendor\json\include\nlohmann/json.hpp(599,45): warning: enumeration type in nested name specifier is incompatible with C++98 [-Wc++98-compat]
[build]   599 |             if (t == value_t::array || t == value_t::object)
[build]       |                                             ^
[build] C:\Users\pperv\code\unnamed_rpg\vendor\json\include\nlohmann/json.hpp(605,26): warning: enumeration type in nested name specifier is incompatible with C++98 [-Wc++98-compat]
[build]   605 |                 if (t == value_t::array)
[build]       |                          ^
[build] C:\Users\pperv\code\unnamed_rpg\vendor\json\include\nlohmann/json.hpp(1432,33): warning: enumeration type in nested name specifier is incompatible with C++98 [-Wc++98-compat]
[build]  1432 |         return m_data.m_type == value_t::array;
[build]       |                                 ^
[build] C:\Users\pperv\code\unnamed_rpg\vendor\json\include\nlohmann/json.hpp(627,38): note: in instantiation of member function 'nlohmann::basic_json<>::is_array' requested here
[build]   627 |                     if (current_item.is_array())
[build]       |                                      ^
[build] C:\Users\pperv\code\unnamed_rpg\vendor\json\include\nlohmann/json.hpp(4302,21): note: in instantiation of member function 'nlohmann::basic_json<>::json_value::destroy' requested here
[build]  4302 |             m_value.destroy(m_type);
[build]       |                     ^
[build] C:\Users\pperv\code\unnamed_rpg\vendor\json\include\nlohmann/json.hpp(848,5): note: in instantiation of member function 'nlohmann::basic_json<>::data::~data' requested here
[build]   848 |     basic_json(const value_t v)
[build]       |     ^
[build] C:\Users\pperv\code\unnamed_rpg\vendor\json\include\nlohmann/json.hpp(857,11): note: in instantiation of member function 'nlohmann::basic_json<>::basic_json' requested here
[build]   857 |         : basic_json(value_t::null)
[build]       |           ^
[build] C:\Users\pperv\code\unnamed_rpg\vendor\json\include\nlohmann/json.hpp(4111,20): note: in instantiation of member function 'nlohmann::basic_json<>::basic_json' requested here
[build]  4111 |         basic_json result;
[build]       |                    ^
[build] C:\Users\pperv\code\unnamed_rpg\vendor\json\include\nlohmann/json.hpp(5294,28): note: in instantiation of function template specialization 'nlohmann::basic_json<>::parse<const char *, const char *, 0>' requested here
[build]  5294 |     return nlohmann::json::parse(s, s + n);
[build]       |                            ^
[build] C:\Users\pperv\code\unnamed_rpg\vendor\json\include\nlohmann/json.hpp(1425,33): warning: enumeration type in nested name specifier is incompatible with C++98 [-Wc++98-compat]
[build]  1425 |         return m_data.m_type == value_t::object;
[build]       |                                 ^
[build] C:\Users\pperv\code\unnamed_rpg\vendor\json\include\nlohmann/json.hpp(633,43): note: in instantiation of member function 'nlohmann::basic_json<>::is_object' requested here
[build]   633 |                     else if (current_item.is_object())
[build]       |                                           ^
[build] C:\Users\pperv\code\unnamed_rpg\vendor\json\include\nlohmann/json.hpp(4302,21): note: in instantiation of member function 'nlohmann::basic_json<>::json_value::destroy' requested here
[build]  4302 |             m_value.destroy(m_type);
[build]       |                     ^
[build] C:\Users\pperv\code\unnamed_rpg\vendor\json\include\nlohmann/json.hpp(848,5): note: in instantiation of member function 'nlohmann::basic_json<>::data::~data' requested here
[build]   848 |     basic_json(const value_t v)
[build]       |     ^
[build] C:\Users\pperv\code\unnamed_rpg\vendor\json\include\nlohmann/json.hpp(857,11): note: in instantiation of member function 'nlohmann::basic_json<>::basic_json' requested here
[build]   857 |         : basic_json(value_t::null)
[build]       |           ^
[build] C:\Users\pperv\code\unnamed_rpg\vendor\json\include\nlohmann/json.hpp(4111,20): note: in instantiation of member function 'nlohmann::basic_json<>::basic_json' requested here
[build]  4111 |         basic_json result;
[build]       |                    ^
[build] C:\Users\pperv\code\unnamed_rpg\vendor\json\include\nlohmann/json.hpp(5294,28): note: in instantiation of function template specialization 'nlohmann::basic_json<>::parse<const char *, const char *, 0>' requested here
[build]  5294 |     return nlohmann::json::parse(s, s + n);
[build]       |                            ^
[build] C:\Users\pperv\code\unnamed_rpg\vendor\json\include\nlohmann/json.hpp(650,22): warning: enumeration type in nested name specifier is incompatible with C++98 [-Wc++98-compat]
[build]   650 |                 case value_t::object:
[build]       |                      ^
[build] C:\Users\pperv\code\unnamed_rpg\vendor\json\include\nlohmann/json.hpp(4302,21): note: in instantiation of member function 'nlohmann::basic_json<>::json_value::destroy' requested here
[build]  4302 |             m_value.destroy(m_type);
[build]       |                     ^
[build] C:\Users\pperv\code\unnamed_rpg\vendor\json\include\nlohmann/json.hpp(848,5): note: in instantiation of member function 'nlohmann::basic_json<>::data::~data' requested here
[build]   848 |     basic_json(const value_t v)
[build]       |     ^
[build] C:\Users\pperv\code\unnamed_rpg\vendor\json\include\nlohmann/json.hpp(857,11): note: in instantiation of member function 'nlohmann::basic_json<>::basic_json' requested here
[build]   857 |         : basic_json(value_t::null)
[build]       |           ^
[build] C:\Users\pperv\code\unnamed_rpg\vendor\json\include\nlohmann/json.hpp(4111,20): note: in instantiation of member function 'nlohmann::basic_json<>::basic_json' requested here
[build]  4111 |         basic_json result;
[build]       |                    ^
[build] C:\Users\pperv\code\unnamed_rpg\vendor\json\include\nlohmann/json.hpp(5294,28): note: in instantiation of function template specialization 'nlohmann::basic_json<>::parse<const char *, const char *, 0>' requested here
[build]  5294 |     return nlohmann::json::parse(s, s + n);
[build]       |                            ^
[build] C:\Users\pperv\code\unnamed_rpg\vendor\json\include\nlohmann/json.hpp(658,22): warning: enumeration type in nested name specifier is incompatible with C++98 [-Wc++98-compat]
[build]   658 |                 case value_t::array:
[build]       |                      ^
[build] C:\Users\pperv\code\unnamed_rpg\vendor\json\include\nlohmann/json.hpp(666,22): warning: enumeration type in nested name specifier is incompatible with C++98 [-Wc++98-compat]
[build]   666 |                 case value_t::string:
[build]       |                      ^
[build] C:\Users\pperv\code\unnamed_rpg\vendor\json\include\nlohmann/json.hpp(674,22): warning: enumeration type in nested name specifier is incompatible with C++98 [-Wc++98-compat]
[build]   674 |                 case value_t::binary:
[build]       |                      ^
[build] C:\Users\pperv\code\unnamed_rpg\vendor\json\include\nlohmann/json.hpp(682,22): warning: enumeration type in nested name specifier is incompatible with C++98 [-Wc++98-compat]
[build]   682 |                 case value_t::null:
[build]       |                      ^
[build] C:\Users\pperv\code\unnamed_rpg\vendor\json\include\nlohmann/json.hpp(683,22): warning: enumeration type in nested name specifier is incompatible with C++98 [-Wc++98-compat]
[build]   683 |                 case value_t::boolean:
[build]       |                      ^
[build] C:\Users\pperv\code\unnamed_rpg\vendor\json\include\nlohmann/json.hpp(684,22): warning: enumeration type in nested name specifier is incompatible with C++98 [-Wc++98-compat]
[build]   684 |                 case value_t::number_integer:
[build]       |                      ^
[build] C:\Users\pperv\code\unnamed_rpg\vendor\json\include\nlohmann/json.hpp(685,22): warning: enumeration type in nested name specifier is incompatible with C++98 [-Wc++98-compat]
[build]   685 |                 case value_t::number_unsigned:
[build]       |                      ^
[build] C:\Users\pperv\code\unnamed_rpg\vendor\json\include\nlohmann/json.hpp(686,22): warning: enumeration type in nested name specifier is incompatible with C++98 [-Wc++98-compat]
[build]   686 |                 case value_t::number_float:
[build]       |                      ^
[build] C:\Users\pperv\code\unnamed_rpg\vendor\json\include\nlohmann/json.hpp(687,22): warning: enumeration type in nested name specifier is incompatible with C++98 [-Wc++98-compat]
[build]   687 |                 case value_t::discarded:
[build]       |                      ^
[build] C:\Users\pperv\code\unnamed_rpg\vendor\json\include\nlohmann/json.hpp(688,17): warning: default label in switch which covers all enumeration values [-Wcovered-switch-default]
[build]   688 |                 default:
[build]       |                 ^
[build] C:\Users\pperv\code\unnamed_rpg\vendor\json\include\nlohmann/json.hpp(717,82): warning: 'nullptr' is incompatible with C++98 [-Wc++98-compat]
[build]   717 |         JSON_ASSERT(m_data.m_type != value_t::object || m_data.m_value.object != nullptr);
[build]       |                                                                                  ^
[build] C:\Users\pperv\code\unnamed_rpg\vendor\json\include\nlohmann/json.hpp(718,80): warning: 'nullptr' is incompatible with C++98 [-Wc++98-compat]
[build]   718 |         JSON_ASSERT(m_data.m_type != value_t::array || m_data.m_value.array != nullptr);
[build]       |                                                                                ^
[build] C:\Users\pperv\code\unnamed_rpg\vendor\json\include\nlohmann/json.hpp(719,82): warning: 'nullptr' is incompatible with C++98 [-Wc++98-compat]
[build]   719 |         JSON_ASSERT(m_data.m_type != value_t::string || m_data.m_value.string != nullptr);
[build]       |                                                                                  ^
[build] C:\Users\pperv\code\unnamed_rpg\vendor\json\include\nlohmann/json.hpp(720,82): warning: 'nullptr' is incompatible with C++98 [-Wc++98-compat]
[build]   720 |         JSON_ASSERT(m_data.m_type != value_t::binary || m_data.m_value.binary != nullptr);
[build]       |                                                                                  ^
[build] C:\Users\pperv\code\unnamed_rpg\vendor\json\include\nlohmann/json.hpp(717,38): warning: enumeration type in nested name specifier is incompatible with C++98 [-Wc++98-compat]
[build]   717 |         JSON_ASSERT(m_data.m_type != value_t::object || m_data.m_value.object != nullptr);
[build]       |                                      ^
[build] C:\Users\pperv\code\unnamed_rpg\vendor\json\include\nlohmann/json.hpp(859,9): note: in instantiation of member function 'nlohmann::basic_json<>::assert_invariant' requested here
[build]   859 |         assert_invariant();
[build]       |         ^
[build] C:\Users\pperv\code\unnamed_rpg\vendor\json\include\nlohmann/json.hpp(4111,20): note: in instantiation of member function 'nlohmann::basic_json<>::basic_json' requested here
[build]  4111 |         basic_json result;
[build]       |                    ^
[build] C:\Users\pperv\code\unnamed_rpg\vendor\json\include\nlohmann/json.hpp(5294,28): note: in instantiation of function template specialization 'nlohmann::basic_json<>::parse<const char *, const char *, 0>' requested here
[build]  5294 |     return nlohmann::json::parse(s, s + n);
[build]       |                            ^
[build] C:\Users\pperv\code\unnamed_rpg\vendor\json\include\nlohmann/json.hpp(718,38): warning: enumeration type in nested name specifier is incompatible with C++98 [-Wc++98-compat]
[build]   718 |         JSON_ASSERT(m_data.m_type != value_t::array || m_data.m_value.array != nullptr);
[build]       |                                      ^
[build] C:\Users\pperv\code\unnamed_rpg\vendor\json\include\nlohmann/json.hpp(719,38): warning: enumeration type in nested name specifier is incompatible with C++98 [-Wc++98-compat]
[build]   719 |         JSON_ASSERT(m_data.m_type != value_t::string || m_data.m_value.string != nullptr);
[build]       |                                      ^
[build] C:\Users\pperv\code\unnamed_rpg\vendor\json\include\nlohmann/json.hpp(720,38): warning: enumeration type in nested name specifier is incompatible with C++98 [-Wc++98-compat]
[build]   720 |         JSON_ASSERT(m_data.m_type != value_t::binary || m_data.m_value.binary != nullptr);
[build]       |                                      ^
[build] In file included from C:\Users\pperv\code\unnamed_rpg\vendor\json-schema-validator\src\json-uri.cpp:9:
[build] In file included from C:\Users\pperv\code\unnamed_rpg\vendor\json-schema-validator\src\nlohmann/json-schema.hpp:24:
[build] In file included from C:\Users\pperv\code\unnamed_rpg\vendor\json\include\nlohmann/json.hpp:50:
[build] In file included from C:\Users\pperv\code\unnamed_rpg\vendor\json\include\nlohmann/detail/input/binary_reader.hpp:28:
[build] C:\Users\pperv\code\unnamed_rpg\vendor\json\include\nlohmann/detail/input/input_adapters.hpp(569,26): warning: alias declarations are incompatible with C++98 [-Wc++98-compat]
[build]   569 |     using factory_type = iterator_input_adapter_factory<IteratorType, SentinelType>;
[build]       |                          ^
[build] In file included from C:\Users\pperv\code\unnamed_rpg\vendor\json-schema-validator\src\json-uri.cpp:9:
[build] In file included from C:\Users\pperv\code\unnamed_rpg\vendor\json-schema-validator\src\nlohmann/json-schema.hpp:24:
[build] In file included from C:\Users\pperv\code\unnamed_rpg\vendor\json\include\nlohmann/json.hpp:53:
[build] C:\Users\pperv\code\unnamed_rpg\vendor\json\include\nlohmann/detail/input/parser.hpp(526,29): warning: enumeration type in nested name specifier is incompatible with C++98 [-Wc++98-compat]
[build]   526 |     token_type last_token = token_type::uninitialized;
[build]       |                             ^
[build] C:\Users\pperv\code\unnamed_rpg\vendor\json\include\nlohmann/detail/input/parser.hpp(71,14): note: in instantiation of default member initializer 'nlohmann::detail::parser<nlohmann::basic_json<>, nlohmann::detail::iterator_input_adapter<const char *>>::last_token' requested here
[build]    71 |     explicit parser(InputAdapterType&& adapter,
[build]       |              ^
[build] C:\Users\pperv\code\unnamed_rpg\vendor\json\include\nlohmann/json.hpp(170,16): note: in instantiation of member function 'nlohmann::detail::parser<nlohmann::basic_json<>, nlohmann::detail::iterator_input_adapter<const char *>>::parser' requested here
[build]   170 |         return ::nlohmann::detail::parser<basic_json, InputAdapterType>(std::move(adapter),
[build]       |                ^
[build] C:\Users\pperv\code\unnamed_rpg\vendor\json\include\nlohmann/json.hpp(4112,9): note: in instantiation of function template specialization 'nlohmann::basic_json<>::parser<nlohmann::detail::iterator_input_adapter<const char *>>' requested here
[build]  4112 |         parser(detail::input_adapter(std::move(first), std::move(last)), std::move(cb), allow_exceptions, ignore_comments, ignore_trailing_commas).parse(true, result); // cppcheck-suppress[accessMoved]
[build]       |         ^
[build] C:\Users\pperv\code\unnamed_rpg\vendor\json\include\nlohmann/json.hpp(5294,28): note: in instantiation of function template specialization 'nlohmann::basic_json<>::parse<const char *, const char *, 0>' requested here
[build]  5294 |     return nlohmann::json::parse(s, s + n);
[build]       |                            ^
[build] In file included from C:\Users\pperv\code\unnamed_rpg\vendor\json-schema-validator\src\json-uri.cpp:9:
[build] In file included from C:\Users\pperv\code\unnamed_rpg\vendor\json-schema-validator\src\nlohmann/json-schema.hpp:24:
[build] In file included from C:\Users\pperv\code\unnamed_rpg\vendor\json\include\nlohmann/json.hpp:50:
[build] In file included from C:\Users\pperv\code\unnamed_rpg\vendor\json\include\nlohmann/detail/input/binary_reader.hpp:29:
[build] In file included from C:\Users\pperv\code\unnamed_rpg\vendor\json\include\nlohmann/detail/input/json_sax.hpp:18:
[build] C:\Users\pperv\code\unnamed_rpg\vendor\json\include\nlohmann/detail/input/lexer.hpp(1730,41): warning: constructor call from initializer list is incompatible with C++98 [-Wc++98-compat]
[build]  1730 |     std::vector<char_type> token_string {};
[build]       |                                         ^~
[build] C:\Users\pperv\code\unnamed_rpg\vendor\json\include\nlohmann/detail/input/lexer.hpp(152,14): note: in instantiation of default member initializer 'nlohmann::detail::lexer<nlohmann::basic_json<>, nlohmann::detail::iterator_input_adapter<const char *>>::token_string' requested here
[build]   152 |     explicit lexer(InputAdapterType&& adapter, bool ignore_comments_ = false) noexcept
[build]       |              ^
[build] C:\Users\pperv\code\unnamed_rpg\vendor\json\include\nlohmann/detail/input/parser.hpp(77,11): note: in instantiation of member function 'nlohmann::detail::lexer<nlohmann::basic_json<>, nlohmann::detail::iterator_input_adapter<const char *>>::lexer' requested here
[build]    77 |         , m_lexer(std::move(adapter), ignore_comments)
[build]       |           ^
[build] C:\Users\pperv\code\unnamed_rpg\vendor\json\include\nlohmann/json.hpp(170,16): note: in instantiation of member function 'nlohmann::detail::parser<nlohmann::basic_json<>, nlohmann::detail::iterator_input_adapter<const char *>>::parser' requested here
[build]   170 |         return ::nlohmann::detail::parser<basic_json, InputAdapterType>(std::move(adapter),
[build]       |                ^
[build] C:\Users\pperv\code\unnamed_rpg\vendor\json\include\nlohmann/json.hpp(4112,9): note: in instantiation of function template specialization 'nlohmann::basic_json<>::parser<nlohmann::detail::iterator_input_adapter<const char *>>' requested here
[build]  4112 |         parser(detail::input_adapter(std::move(first), std::move(last)), std::move(cb), allow_exceptions, ignore_comments, ignore_trailing_commas).parse(true, result); // cppcheck-suppress[accessMoved]
[build]       |         ^
[build] C:\Users\pperv\code\unnamed_rpg\vendor\json\include\nlohmann/json.hpp(5294,28): note: in instantiation of function template specialization 'nlohmann::basic_json<>::parse<const char *, const char *, 0>' requested here
[build]  5294 |     return nlohmann::json::parse(s, s + n);
[build]       |                            ^
[build] In file included from C:\Users\pperv\code\unnamed_rpg\vendor\json-schema-validator\src\json-uri.cpp:9:
[build] In file included from C:\Users\pperv\code\unnamed_rpg\vendor\json-schema-validator\src\nlohmann/json-schema.hpp:24:
[build] In file included from C:\Users\pperv\code\unnamed_rpg\vendor\json\include\nlohmann/json.hpp:50:
[build] In file included from C:\Users\pperv\code\unnamed_rpg\vendor\json\include\nlohmann/detail/input/binary_reader.hpp:29:
[build] In file included from C:\Users\pperv\code\unnamed_rpg\vendor\json\include\nlohmann/detail/input/json_sax.hpp:18:
[build] C:\Users\pperv\code\unnamed_rpg\vendor\json\include\nlohmann/detail/input/lexer.hpp(1743,27): warning: constructor call from initializer list is incompatible with C++98 [-Wc++98-compat]
[build]  1743 |     string_t token_buffer {};
[build]       |                           ^~
[build] C:\Users\pperv\code\unnamed_rpg\vendor\json\include\nlohmann/detail/input/lexer.hpp(152,14): note: in instantiation of default member initializer 'nlohmann::detail::lexer<nlohmann::basic_json<>, nlohmann::detail::iterator_input_adapter<const char *>>::token_buffer' requested here
[build]   152 |     explicit lexer(InputAdapterType&& adapter, bool ignore_comments_ = false) noexcept
[build]       |              ^
[build] C:\Users\pperv\code\unnamed_rpg\vendor\json\include\nlohmann/detail/input/parser.hpp(77,11): note: in instantiation of member function 'nlohmann::detail::lexer<nlohmann::basic_json<>, nlohmann::detail::iterator_input_adapter<const char *>>::lexer' requested here
[build]    77 |         , m_lexer(std::move(adapter), ignore_comments)
[build]       |           ^
[build] C:\Users\pperv\code\unnamed_rpg\vendor\json\include\nlohmann/json.hpp(170,16): note: in instantiation of member function 'nlohmann::detail::parser<nlohmann::basic_json<>, nlohmann::detail::iterator_input_adapter<const char *>>::parser' requested here
[build]   170 |         return ::nlohmann::detail::parser<basic_json, InputAdapterType>(std::move(adapter),
[build]       |                ^
[build] C:\Users\pperv\code\unnamed_rpg\vendor\json\include\nlohmann/json.hpp(4112,9): note: in instantiation of function template specialization 'nlohmann::basic_json<>::parser<nlohmann::detail::iterator_input_adapter<const char *>>' requested here
[build]  4112 |         parser(detail::input_adapter(std::move(first), std::move(last)), std::move(cb), allow_exceptions, ignore_comments, ignore_trailing_commas).parse(true, result); // cppcheck-suppress[accessMoved]
[build]       |         ^
[build] C:\Users\pperv\code\unnamed_rpg\vendor\json\include\nlohmann/json.hpp(5294,28): note: in instantiation of function template specialization 'nlohmann::basic_json<>::parse<const char *, const char *, 0>' requested here
[build]  5294 |     return nlohmann::json::parse(s, s + n);
[build]       |                            ^
[build] In file included from C:\Users\pperv\code\unnamed_rpg\vendor\json-schema-validator\src\json-uri.cpp:9:
[build] In file included from C:\Users\pperv\code\unnamed_rpg\vendor\json-schema-validator\src\nlohmann/json-schema.hpp:24:
[build] In file included from C:\Users\pperv\code\unnamed_rpg\vendor\json\include\nlohmann/json.hpp:50:
[build] In file included from C:\Users\pperv\code\unnamed_rpg\vendor\json\include\nlohmann/detail/input/binary_reader.hpp:29:
[build] In file included from C:\Users\pperv\code\unnamed_rpg\vendor\json\include\nlohmann/detail/input/json_sax.hpp:18:
[build] C:\Users\pperv\code\unnamed_rpg\vendor\json\include\nlohmann/detail/input/lexer.hpp(174,15): warning: 'auto' type specifier is incompatible with C++98 [-Wc++98-compat]
[build]   174 |         const auto* loc = localeconv();
[build]       |               ^~~~
[build] C:\Users\pperv\code\unnamed_rpg\vendor\json\include\nlohmann/detail/input/parser.hpp(77,11): note: in instantiation of member function 'nlohmann::detail::lexer<nlohmann::basic_json<>, nlohmann::detail::iterator_input_adapter<const char *>>::lexer' requested here
[build]    77 |         , m_lexer(std::move(adapter), ignore_comments)
[build]       |           ^
[build] C:\Users\pperv\code\unnamed_rpg\vendor\json\include\nlohmann/json.hpp(170,16): note: in instantiation of member function 'nlohmann::detail::parser<nlohmann::basic_json<>, nlohmann::detail::iterator_input_adapter<const char *>>::parser' requested here
[build]   170 |         return ::nlohmann::detail::parser<basic_json, InputAdapterType>(std::move(adapter),
[build]       |                ^
[build] C:\Users\pperv\code\unnamed_rpg\vendor\json\include\nlohmann/json.hpp(4112,9): note: in instantiation of function template specialization 'nlohmann::basic_json<>::parser<nlohmann::detail::iterator_input_adapter<const char *>>' requested here
[build]  4112 |         parser(detail::input_adapter(std::move(first), std::move(last)), std::move(cb), allow_exceptions, ignore_comments, ignore_trailing_commas).parse(true, result); // cppcheck-suppress[accessMoved]
[build]       |         ^
[build] C:\Users\pperv\code\unnamed_rpg\vendor\json\include\nlohmann/json.hpp(5294,28): note: in instantiation of function template specialization 'nlohmann::basic_json<>::parse<const char *, const char *, 0>' requested here
[build]  5294 |     return nlohmann::json::parse(s, s + n);
[build]       |                            ^
[build] In file included from C:\Users\pperv\code\unnamed_rpg\vendor\json-schema-validator\src\json-uri.cpp:9:
[build] In file included from C:\Users\pperv\code\unnamed_rpg\vendor\json-schema-validator\src\nlohmann/json-schema.hpp:24:
[build] In file included from C:\Users\pperv\code\unnamed_rpg\vendor\json\include\nlohmann/json.hpp:50:
[build] In file included from C:\Users\pperv\code\unnamed_rpg\vendor\json\include\nlohmann/detail/input/binary_reader.hpp:29:
[build] In file included from C:\Users\pperv\code\unnamed_rpg\vendor\json\include\nlohmann/detail/input/json_sax.hpp:18:
[build] C:\Users\pperv\code\unnamed_rpg\vendor\json\include\nlohmann/detail/input/lexer.hpp(175,28): warning: 'nullptr' is incompatible with C++98 [-Wc++98-compat]
[build]   175 |         JSON_ASSERT(loc != nullptr);
[build]       |                            ^
[build] C:\Users\pperv\code\unnamed_rpg\vendor\json\include\nlohmann/detail/input/lexer.hpp(176,39): warning: 'nullptr' is incompatible with C++98 [-Wc++98-compat]
[build]   176 |         return (loc->decimal_point == nullptr) ? '.' : *(loc->decimal_point);
[build]       |                                       ^
[build] C:\Users\pperv\code\unnamed_rpg\vendor\json\include\nlohmann/detail/input/lexer.hpp(1630,20): warning: enumeration type in nested name specifier is incompatible with C++98 [-Wc++98-compat]
[build]  1630 |             return token_type::parse_error;
[build]       |                    ^
[build] C:\Users\pperv\code\unnamed_rpg\vendor\json\include\nlohmann/detail/input/parser.hpp(490,37): note: in instantiation of member function 'nlohmann::detail::lexer<nlohmann::basic_json<>, nlohmann::detail::iterator_input_adapter<const char *>>::scan' requested here
[build]   490 |         return last_token = m_lexer.scan();
[build]       |                                     ^
[build] C:\Users\pperv\code\unnamed_rpg\vendor\json\include\nlohmann/detail/input/parser.hpp(82,9): note: in instantiation of member function 'nlohmann::detail::parser<nlohmann::basic_json<>, nlohmann::detail::iterator_input_adapter<const char *>>::get_token' requested here
[build]    82 |         get_token();
[build]       |         ^
[build] C:\Users\pperv\code\unnamed_rpg\vendor\json\include\nlohmann/json.hpp(170,16): note: in instantiation of member function 'nlohmann::detail::parser<nlohmann::basic_json<>, nlohmann::detail::iterator_input_adapter<const char *>>::parser' requested here
[build]   170 |         return ::nlohmann::detail::parser<basic_json, InputAdapterType>(std::move(adapter),
[build]       |                ^
[build] C:\Users\pperv\code\unnamed_rpg\vendor\json\include\nlohmann/json.hpp(4112,9): note: in instantiation of function template specialization 'nlohmann::basic_json<>::parser<nlohmann::detail::iterator_input_adapter<const char *>>' requested here
[build]  4112 |         parser(detail::input_adapter(std::move(first), std::move(last)), std::move(cb), allow_exceptions, ignore_comments, ignore_trailing_commas).parse(true, result); // cppcheck-suppress[accessMoved]
[build]       |         ^
[build] C:\Users\pperv\code\unnamed_rpg\vendor\json\include\nlohmann/json.hpp(5294,28): note: in instantiation of function template specialization 'nlohmann::basic_json<>::parse<const char *, const char *, 0>' requested here
[build]  5294 |     return nlohmann::json::parse(s, s + n);
[build]       |                            ^
[build] In file included from C:\Users\pperv\code\unnamed_rpg\vendor\json-schema-validator\src\json-uri.cpp:9:
[build] In file included from C:\Users\pperv\code\unnamed_rpg\vendor\json-schema-validator\src\nlohmann/json-schema.hpp:24:
[build] In file included from C:\Users\pperv\code\unnamed_rpg\vendor\json\include\nlohmann/json.hpp:50:
[build] In file included from C:\Users\pperv\code\unnamed_rpg\vendor\json\include\nlohmann/detail/input/binary_reader.hpp:29:
[build] In file included from C:\Users\pperv\code\unnamed_rpg\vendor\json\include\nlohmann/detail/input/json_sax.hpp:18:
[build] C:\Users\pperv\code\unnamed_rpg\vendor\json\include\nlohmann/detail/input/lexer.hpp(1641,24): warning: enumeration type in nested name specifier is incompatible with C++98 [-Wc++98-compat]
[build]  1641 |                 return token_type::parse_error;
[build]       |                        ^
[build] C:\Users\pperv\code\unnamed_rpg\vendor\json\include\nlohmann/detail/input/lexer.hpp(1652,24): warning: enumeration type in nested name specifier is incompatible with C++98 [-Wc++98-compat]
[build]  1652 |                 return token_type::begin_array;
[build]       |                        ^
[build] C:\Users\pperv\code\unnamed_rpg\vendor\json\include\nlohmann/detail/input/lexer.hpp(1654,24): warning: enumeration type in nested name specifier is incompatible with C++98 [-Wc++98-compat]
[build]  1654 |                 return token_type::end_array;
[build]       |                        ^
[build] C:\Users\pperv\code\unnamed_rpg\vendor\json\include\nlohmann/detail/input/lexer.hpp(1656,24): warning: enumeration type in nested name specifier is incompatible with C++98 [-Wc++98-compat]
[build]  1656 |                 return token_type::begin_object;
[build]       |                        ^
[build] C:\Users\pperv\code\unnamed_rpg\vendor\json\include\nlohmann/detail/input/lexer.hpp(1658,24): warning: enumeration type in nested name specifier is incompatible with C++98 [-Wc++98-compat]
[build]  1658 |                 return token_type::end_object;
[build]       |                        ^
[build] C:\Users\pperv\code\unnamed_rpg\vendor\json\include\nlohmann/detail/input/lexer.hpp(1660,24): warning: enumeration type in nested name specifier is incompatible with C++98 [-Wc++98-compat]
[build]  1660 |                 return token_type::name_separator;
[build]       |                        ^
[build] C:\Users\pperv\code\unnamed_rpg\vendor\json\include\nlohmann/detail/input/lexer.hpp(1662,24): warning: enumeration type in nested name specifier is incompatible with C++98 [-Wc++98-compat]
[build]  1662 |                 return token_type::value_separator;
[build]       |                        ^
[build] C:\Users\pperv\code\unnamed_rpg\vendor\json\include\nlohmann/detail/input/lexer.hpp(1668,79): warning: enumeration type in nested name specifier is incompatible with C++98 [-Wc++98-compat]
[build]  1668 |                 return scan_literal(true_literal.data(), true_literal.size(), token_type::literal_true);
[build]       |                                                                               ^
[build] C:\Users\pperv\code\unnamed_rpg\vendor\json\include\nlohmann/detail/input/lexer.hpp(1673,81): warning: enumeration type in nested name specifier is incompatible with C++98 [-Wc++98-compat]
[build]  1673 |                 return scan_literal(false_literal.data(), false_literal.size(), token_type::literal_false);
[build]       |                                                                                 ^
[build] C:\Users\pperv\code\unnamed_rpg\vendor\json\include\nlohmann/detail/input/lexer.hpp(1678,79): warning: enumeration type in nested name specifier is incompatible with C++98 [-Wc++98-compat]
[build]  1678 |                 return scan_literal(null_literal.data(), null_literal.size(), token_type::literal_null);
[build]       |                                                                               ^
[build] C:\Users\pperv\code\unnamed_rpg\vendor\json\include\nlohmann/detail/input/lexer.hpp(1703,24): warning: enumeration type in nested name specifier is incompatible with C++98 [-Wc++98-compat]
[build]  1703 |                 return token_type::end_of_input;
[build]       |                        ^
[build] C:\Users\pperv\code\unnamed_rpg\vendor\json\include\nlohmann/detail/input/lexer.hpp(1708,24): warning: enumeration type in nested name specifier is incompatible with C++98 [-Wc++98-compat]
[build]  1708 |                 return token_type::parse_error;
[build]       |                        ^
[build] C:\Users\pperv\code\unnamed_rpg\vendor\json\include\nlohmann/detail/input/lexer.hpp(1411,70): warning: generalized initializer lists are incompatible with C++98 [-Wc++98-compat]
[build]  1411 |         capture_char(std::integral_constant<bool, lazy_token_string> {});
[build]       |                                                                      ^
[build] In file included from C:\Users\pperv\code\unnamed_rpg\vendor\json-schema-validator\src\json-uri.cpp:9:
[build] In file included from C:\Users\pperv\code\unnamed_rpg\vendor\json-schema-validator\src\nlohmann/json-schema.hpp:24:
[build] In file included from C:\Users\pperv\code\unnamed_rpg\vendor\json\include\nlohmann/json.hpp:50:
[build] In file included from C:\Users\pperv\code\unnamed_rpg\vendor\json\include\nlohmann/detail/input/binary_reader.hpp:28:
[build] C:\Users\pperv\code\unnamed_rpg\vendor\json\include\nlohmann/detail/input/input_adapters.hpp(185,13): warning: 'auto' type specifier is incompatible with C++98 [-Wc++98-compat]
[build]   185 |             auto result = char_traits<char_type>::to_int_type(*current);
[build]       |             ^~~~
[build] C:\Users\pperv\code\unnamed_rpg\vendor\json\include\nlohmann/detail/input/lexer.hpp(1603,13): note: in instantiation of member function 'nlohmann::detail::lexer<nlohmann::basic_json<>, nlohmann::detail::iterator_input_adapter<const char *>>::get' requested here
[build]  1603 |         if (get() == 0xEF)
[build]       |             ^
[build] C:\Users\pperv\code\unnamed_rpg\vendor\json\include\nlohmann/detail/input/lexer.hpp(1627,48): note: in instantiation of member function 'nlohmann::detail::lexer<nlohmann::basic_json<>, nlohmann::detail::iterator_input_adapter<const char *>>::skip_bom' requested here
[build]  1627 |         if (position.chars_read_total == 0 && !skip_bom())
[build]       |                                                ^
[build] C:\Users\pperv\code\unnamed_rpg\vendor\json\include\nlohmann/detail/input/parser.hpp(490,37): note: in instantiation of member function 'nlohmann::detail::lexer<nlohmann::basic_json<>, nlohmann::detail::iterator_input_adapter<const char *>>::scan' requested here
[build]   490 |         return last_token = m_lexer.scan();
[build]       |                                     ^
[build] C:\Users\pperv\code\unnamed_rpg\vendor\json\include\nlohmann/detail/input/parser.hpp(82,9): note: in instantiation of member function 'nlohmann::detail::parser<nlohmann::basic_json<>, nlohmann::detail::iterator_input_adapter<const char *>>::get_token' requested here
[build]    82 |         get_token();
[build]       |         ^
[build] C:\Users\pperv\code\unnamed_rpg\vendor\json\include\nlohmann/json.hpp(170,16): note: in instantiation of member function 'nlohmann::detail::parser<nlohmann::basic_json<>, nlohmann::detail::iterator_input_adapter<const char *>>::parser' requested here
[build]   170 |         return ::nlohmann::detail::parser<basic_json, InputAdapterType>(std::move(adapter),
[build]       |                ^
[build] C:\Users\pperv\code\unnamed_rpg\vendor\json\include\nlohmann/json.hpp(4112,9): note: in instantiation of function template specialization 'nlohmann::basic_json<>::parser<nlohmann::detail::iterator_input_adapter<const char *>>' requested here
[build]  4112 |         parser(detail::input_adapter(std::move(first), std::move(last)), std::move(cb), allow_exceptions, ignore_comments, ignore_trailing_commas).parse(true, result); // cppcheck-suppress[accessMoved]
[build]       |         ^
[build] C:\Users\pperv\code\unnamed_rpg\vendor\json\include\nlohmann/json.hpp(5294,28): note: in instantiation of function template specialization 'nlohmann::basic_json<>::parse<const char *, const char *, 0>' requested here
[build]  5294 |     return nlohmann::json::parse(s, s + n);
[build]       |                            ^
[build] In file included from C:\Users\pperv\code\unnamed_rpg\vendor\json-schema-validator\src\json-uri.cpp:9:
[build] In file included from C:\Users\pperv\code\unnamed_rpg\vendor\json-schema-validator\src\nlohmann/json-schema.hpp:24:
[build] In file included from C:\Users\pperv\code\unnamed_rpg\vendor\json\include\nlohmann/json.hpp:50:
[build] In file included from C:\Users\pperv\code\unnamed_rpg\vendor\json\include\nlohmann/detail/input/binary_reader.hpp:29:
[build] In file included from C:\Users\pperv\code\unnamed_rpg\vendor\json\include\nlohmann/detail/input/json_sax.hpp:18:
[build] C:\Users\pperv\code\unnamed_rpg\vendor\json\include\nlohmann/detail/input/lexer.hpp(1461,72): warning: generalized initializer lists are incompatible with C++98 [-Wc++98-compat]
[build]  1461 |         uncapture_char(std::integral_constant<bool, lazy_token_string> {});
[build]       |                                                                        ^
[build] C:\Users\pperv\code\unnamed_rpg\vendor\json\include\nlohmann/detail/input/lexer.hpp(1344,24): warning: enumeration type in nested name specifier is incompatible with C++98 [-Wc++98-compat]
[build]  1344 |                 return token_type::parse_error;
[build]       |                        ^
[build] C:\Users\pperv\code\unnamed_rpg\vendor\json\include\nlohmann/detail/input/lexer.hpp(1668,24): note: in instantiation of member function 'nlohmann::detail::lexer<nlohmann::basic_json<>, nlohmann::detail::iterator_input_adapter<const char *>>::scan_literal' requested here
[build]  1668 |                 return scan_literal(true_literal.data(), true_literal.size(), token_type::literal_true);
[build]       |                        ^
[build] C:\Users\pperv\code\unnamed_rpg\vendor\json\include\nlohmann/detail/input/parser.hpp(490,37): note: in instantiation of member function 'nlohmann::detail::lexer<nlohmann::basic_json<>, nlohmann::detail::iterator_input_adapter<const char *>>::scan' requested here
[build]   490 |         return last_token = m_lexer.scan();
[build]       |                                     ^
[build] C:\Users\pperv\code\unnamed_rpg\vendor\json\include\nlohmann/detail/input/parser.hpp(82,9): note: in instantiation of member function 'nlohmann::detail::parser<nlohmann::basic_json<>, nlohmann::detail::iterator_input_adapter<const char *>>::get_token' requested here
[build]    82 |         get_token();
[build]       |         ^
[build] C:\Users\pperv\code\unnamed_rpg\vendor\json\include\nlohmann/json.hpp(170,16): note: in instantiation of member function 'nlohmann::detail::parser<nlohmann::basic_json<>, nlohmann::detail::iterator_input_adapter<const char *>>::parser' requested here
[build]   170 |         return ::nlohmann::detail::parser<basic_json, InputAdapterType>(std::move(adapter),
[build]       |                ^
[build] C:\Users\pperv\code\unnamed_rpg\vendor\json\include\nlohmann/json.hpp(4112,9): note: in instantiation of function template specialization 'nlohmann::basic_json<>::parser<nlohmann::detail::iterator_input_adapter<const char *>>' requested here
[build]  4112 |         parser(detail::input_adapter(std::move(first), std::move(last)), std::move(cb), allow_exceptions, ignore_comments, ignore_trailing_commas).parse(true, result); // cppcheck-suppress[accessMoved]
[build]       |         ^
[build] C:\Users\pperv\code\unnamed_rpg\vendor\json\include\nlohmann/json.hpp(5294,28): note: in instantiation of function template specialization 'nlohmann::basic_json<>::parse<const char *, const char *, 0>' requested here
[build]  5294 |     return nlohmann::json::parse(s, s + n);
[build]       |                            ^
[build] In file included from C:\Users\pperv\code\unnamed_rpg\vendor\json-schema-validator\src\json-uri.cpp:9:
[build] In file included from C:\Users\pperv\code\unnamed_rpg\vendor\json-schema-validator\src\nlohmann/json-schema.hpp:24:
[build] In file included from C:\Users\pperv\code\unnamed_rpg\vendor\json\include\nlohmann/json.hpp:50:
[build] In file included from C:\Users\pperv\code\unnamed_rpg\vendor\json\include\nlohmann/detail/input/binary_reader.hpp:29:
[build] In file included from C:\Users\pperv\code\unnamed_rpg\vendor\json\include\nlohmann/detail/input/json_sax.hpp:18:
[build] C:\Users\pperv\code\unnamed_rpg\vendor\json\include\nlohmann/detail/input/lexer.hpp(776,66): warning: generalized initializer lists are incompatible with C++98 [-Wc++98-compat]
[build]   776 |                     if (JSON_HEDLEY_UNLIKELY(!next_byte_in_range({0x80, 0xBF})))
[build]       |                                                                  ^
[build] C:\Users\pperv\code\unnamed_rpg\vendor\json\include\nlohmann/detail/input/lexer.hpp(786,67): warning: generalized initializer lists are incompatible with C++98 [-Wc++98-compat]
[build]   786 |                     if (JSON_HEDLEY_UNLIKELY(!(next_byte_in_range({0xA0, 0xBF, 0x80, 0xBF}))))
[build]       |                                                                   ^
[build] C:\Users\pperv\code\unnamed_rpg\vendor\json\include\nlohmann/detail/input/lexer.hpp(810,67): warning: generalized initializer lists are incompatible with C++98 [-Wc++98-compat]
[build]   810 |                     if (JSON_HEDLEY_UNLIKELY(!(next_byte_in_range({0x80, 0xBF, 0x80, 0xBF}))))
[build]       |                                                                   ^
[build] C:\Users\pperv\code\unnamed_rpg\vendor\json\include\nlohmann/detail/input/lexer.hpp(820,67): warning: generalized initializer lists are incompatible with C++98 [-Wc++98-compat]
[build]   820 |                     if (JSON_HEDLEY_UNLIKELY(!(next_byte_in_range({0x80, 0x9F, 0x80, 0xBF}))))
[build]       |                                                                   ^
[build] C:\Users\pperv\code\unnamed_rpg\vendor\json\include\nlohmann/detail/input/lexer.hpp(830,67): warning: generalized initializer lists are incompatible with C++98 [-Wc++98-compat]
[build]   830 |                     if (JSON_HEDLEY_UNLIKELY(!(next_byte_in_range({0x90, 0xBF, 0x80, 0xBF, 0x80, 0xBF}))))
[build]       |                                                                   ^
[build] C:\Users\pperv\code\unnamed_rpg\vendor\json\include\nlohmann/detail/input/lexer.hpp(842,67): warning: generalized initializer lists are incompatible with C++98 [-Wc++98-compat]
[build]   842 |                     if (JSON_HEDLEY_UNLIKELY(!(next_byte_in_range({0x80, 0xBF, 0x80, 0xBF, 0x80, 0xBF}))))
[build]       |                                                                   ^
[build] C:\Users\pperv\code\unnamed_rpg\vendor\json\include\nlohmann/detail/input/lexer.hpp(852,67): warning: generalized initializer lists are incompatible with C++98 [-Wc++98-compat]
[build]   852 |                     if (JSON_HEDLEY_UNLIKELY(!(next_byte_in_range({0x80, 0x8F, 0x80, 0xBF, 0x80, 0xBF}))))
[build]       |                                                                   ^
[build] C:\Users\pperv\code\unnamed_rpg\vendor\json\include\nlohmann/detail/input/lexer.hpp(300,28): warning: enumeration type in nested name specifier is incompatible with C++98 [-Wc++98-compat]
[build]   300 |                     return token_type::parse_error;
[build]       |                            ^
[build] C:\Users\pperv\code\unnamed_rpg\vendor\json\include\nlohmann/detail/input/lexer.hpp(1683,24): note: in instantiation of member function 'nlohmann::detail::lexer<nlohmann::basic_json<>, nlohmann::detail::iterator_input_adapter<const char *>>::scan_string' requested here
[build]  1683 |                 return scan_string();
[build]       |                        ^
[build] C:\Users\pperv\code\unnamed_rpg\vendor\json\include\nlohmann/detail/input/parser.hpp(490,37): note: in instantiation of member function 'nlohmann::detail::lexer<nlohmann::basic_json<>, nlohmann::detail::iterator_input_adapter<const char *>>::scan' requested here
[build]   490 |         return last_token = m_lexer.scan();
[build]       |                                     ^
[build] C:\Users\pperv\code\unnamed_rpg\vendor\json\include\nlohmann/detail/input/parser.hpp(82,9): note: in instantiation of member function 'nlohmann::detail::parser<nlohmann::basic_json<>, nlohmann::detail::iterator_input_adapter<const char *>>::get_token' requested here
[build]    82 |         get_token();
[build]       |         ^
[build] C:\Users\pperv\code\unnamed_rpg\vendor\json\include\nlohmann/json.hpp(170,16): note: in instantiation of member function 'nlohmann::detail::parser<nlohmann::basic_json<>, nlohmann::detail::iterator_input_adapter<const char *>>::parser' requested here
[build]   170 |         return ::nlohmann::detail::parser<basic_json, InputAdapterType>(std::move(adapter),
[build]       |                ^
[build] C:\Users\pperv\code\unnamed_rpg\vendor\json\include\nlohmann/json.hpp(4112,9): note: in instantiation of function template specialization 'nlohmann::basic_json<>::parser<nlohmann::detail::iterator_input_adapter<const char *>>' requested here
[build]  4112 |         parser(detail::input_adapter(std::move(first), std::move(last)), std::move(cb), allow_exceptions, ignore_comments, ignore_trailing_commas).parse(true, result); // cppcheck-suppress[accessMoved]
[build]       |         ^
[build] C:\Users\pperv\code\unnamed_rpg\vendor\json\include\nlohmann/json.hpp(5294,28): note: in instantiation of function template specialization 'nlohmann::basic_json<>::parse<const char *, const char *, 0>' requested here
[build]  5294 |     return nlohmann::json::parse(s, s + n);
[build]       |                            ^
[build] In file included from C:\Users\pperv\code\unnamed_rpg\vendor\json-schema-validator\src\json-uri.cpp:9:
[build] In file included from C:\Users\pperv\code\unnamed_rpg\vendor\json-schema-validator\src\nlohmann/json-schema.hpp:24:
[build] In file included from C:\Users\pperv\code\unnamed_rpg\vendor\json\include\nlohmann/json.hpp:50:
[build] In file included from C:\Users\pperv\code\unnamed_rpg\vendor\json\include\nlohmann/detail/input/binary_reader.hpp:29:
[build] In file included from C:\Users\pperv\code\unnamed_rpg\vendor\json\include\nlohmann/detail/input/json_sax.hpp:18:
[build] C:\Users\pperv\code\unnamed_rpg\vendor\json\include\nlohmann/detail/input/lexer.hpp(306,28): warning: enumeration type in nested name specifier is incompatible with C++98 [-Wc++98-compat]
[build]   306 |                     return token_type::value_string;
[build]       |                            ^
[build] C:\Users\pperv\code\unnamed_rpg\vendor\json\include\nlohmann/detail/input/lexer.hpp(356,40): warning: enumeration type in nested name specifier is incompatible with C++98 [-Wc++98-compat]
[build]   356 |                                 return token_type::parse_error;
[build]       |                                        ^
[build] C:\Users\pperv\code\unnamed_rpg\vendor\json\include\nlohmann/detail/input/lexer.hpp(370,48): warning: enumeration type in nested name specifier is incompatible with C++98 [-Wc++98-compat]
[build]   370 |                                         return token_type::parse_error;
[build]       |                                                ^
[build] C:\Users\pperv\code\unnamed_rpg\vendor\json\include\nlohmann/detail/input/lexer.hpp(390,48): warning: enumeration type in nested name specifier is incompatible with C++98 [-Wc++98-compat]
[build]   390 |                                         return token_type::parse_error;
[build]       |                                                ^
[build] C:\Users\pperv\code\unnamed_rpg\vendor\json\include\nlohmann/detail/input/lexer.hpp(396,44): warning: enumeration type in nested name specifier is incompatible with C++98 [-Wc++98-compat]
[build]   396 |                                     return token_type::parse_error;
[build]       |                                            ^
[build] C:\Users\pperv\code\unnamed_rpg\vendor\json\include\nlohmann/detail/input/lexer.hpp(404,44): warning: enumeration type in nested name specifier is incompatible with C++98 [-Wc++98-compat]
[build]   404 |                                     return token_type::parse_error;
[build]       |                                            ^
[build] C:\Users\pperv\code\unnamed_rpg\vendor\json\include\nlohmann/detail/input/lexer.hpp(445,36): warning: enumeration type in nested name specifier is incompatible with C++98 [-Wc++98-compat]
[build]   445 |                             return token_type::parse_error;
[build]       |                                    ^
[build] C:\Users\pperv\code\unnamed_rpg\vendor\json\include\nlohmann/detail/input/lexer.hpp(455,28): warning: enumeration type in nested name specifier is incompatible with C++98 [-Wc++98-compat]
[build]   455 |                     return token_type::parse_error;
[build]       |                            ^
[build] C:\Users\pperv\code\unnamed_rpg\vendor\json\include\nlohmann/detail/input/lexer.hpp(461,28): warning: enumeration type in nested name specifier is incompatible with C++98 [-Wc++98-compat]
[build]   461 |                     return token_type::parse_error;
[build]       |                            ^
[build] C:\Users\pperv\code\unnamed_rpg\vendor\json\include\nlohmann/detail/input/lexer.hpp(467,28): warning: enumeration type in nested name specifier is incompatible with C++98 [-Wc++98-compat]
[build]   467 |                     return token_type::parse_error;
[build]       |                            ^
[build] C:\Users\pperv\code\unnamed_rpg\vendor\json\include\nlohmann/detail/input/lexer.hpp(473,28): warning: enumeration type in nested name specifier is incompatible with C++98 [-Wc++98-compat]
[build]   473 |                     return token_type::parse_error;
[build]       |                            ^
[build] C:\Users\pperv\code\unnamed_rpg\vendor\json\include\nlohmann/detail/input/lexer.hpp(479,28): warning: enumeration type in nested name specifier is incompatible with C++98 [-Wc++98-compat]
[build]   479 |                     return token_type::parse_error;
[build]       |                            ^
[build] C:\Users\pperv\code\unnamed_rpg\vendor\json\include\nlohmann/detail/input/lexer.hpp(485,28): warning: enumeration type in nested name specifier is incompatible with C++98 [-Wc++98-compat]
[build]   485 |                     return token_type::parse_error;
[build]       |                            ^
[build] C:\Users\pperv\code\unnamed_rpg\vendor\json\include\nlohmann/detail/input/lexer.hpp(491,28): warning: enumeration type in nested name specifier is incompatible with C++98 [-Wc++98-compat]
[build]   491 |                     return token_type::parse_error;
[build]       |                            ^
[build] C:\Users\pperv\code\unnamed_rpg\vendor\json\include\nlohmann/detail/input/lexer.hpp(497,28): warning: enumeration type in nested name specifier is incompatible with C++98 [-Wc++98-compat]
[build]   497 |                     return token_type::parse_error;
[build]       |                            ^
[build] C:\Users\pperv\code\unnamed_rpg\vendor\json\include\nlohmann/detail/input/lexer.hpp(503,28): warning: enumeration type in nested name specifier is incompatible with C++98 [-Wc++98-compat]
[build]   503 |                     return token_type::parse_error;
[build]       |                            ^
[build] C:\Users\pperv\code\unnamed_rpg\vendor\json\include\nlohmann/detail/input/lexer.hpp(509,28): warning: enumeration type in nested name specifier is incompatible with C++98 [-Wc++98-compat]
[build]   509 |                     return token_type::parse_error;
[build]       |                            ^
[build] C:\Users\pperv\code\unnamed_rpg\vendor\json\include\nlohmann/detail/input/lexer.hpp(515,28): warning: enumeration type in nested name specifier is incompatible with C++98 [-Wc++98-compat]
[build]   515 |                     return token_type::parse_error;
[build]       |                            ^
[build] C:\Users\pperv\code\unnamed_rpg\vendor\json\include\nlohmann/detail/input/lexer.hpp(521,28): warning: enumeration type in nested name specifier is incompatible with C++98 [-Wc++98-compat]
[build]   521 |                     return token_type::parse_error;
[build]       |                            ^
[build] C:\Users\pperv\code\unnamed_rpg\vendor\json\include\nlohmann/detail/input/lexer.hpp(527,28): warning: enumeration type in nested name specifier is incompatible with C++98 [-Wc++98-compat]
[build]   527 |                     return token_type::parse_error;
[build]       |                            ^
[build] C:\Users\pperv\code\unnamed_rpg\vendor\json\include\nlohmann/detail/input/lexer.hpp(533,28): warning: enumeration type in nested name specifier is incompatible with C++98 [-Wc++98-compat]
[build]   533 |                     return token_type::parse_error;
[build]       |                            ^
[build] C:\Users\pperv\code\unnamed_rpg\vendor\json\include\nlohmann/detail/input/lexer.hpp(539,28): warning: enumeration type in nested name specifier is incompatible with C++98 [-Wc++98-compat]
[build]   539 |                     return token_type::parse_error;
[build]       |                            ^
[build] C:\Users\pperv\code\unnamed_rpg\vendor\json\include\nlohmann/detail/input/lexer.hpp(545,28): warning: enumeration type in nested name specifier is incompatible with C++98 [-Wc++98-compat]
[build]   545 |                     return token_type::parse_error;
[build]       |                            ^
[build] C:\Users\pperv\code\unnamed_rpg\vendor\json\include\nlohmann/detail/input/lexer.hpp(551,28): warning: enumeration type in nested name specifier is incompatible with C++98 [-Wc++98-compat]
[build]   551 |                     return token_type::parse_error;
[build]       |                            ^
[build] C:\Users\pperv\code\unnamed_rpg\vendor\json\include\nlohmann/detail/input/lexer.hpp(557,28): warning: enumeration type in nested name specifier is incompatible with C++98 [-Wc++98-compat]
[build]   557 |                     return token_type::parse_error;
[build]       |                            ^
[build] C:\Users\pperv\code\unnamed_rpg\vendor\json\include\nlohmann/detail/input/lexer.hpp(563,28): warning: enumeration type in nested name specifier is incompatible with C++98 [-Wc++98-compat]
[build]   563 |                     return token_type::parse_error;
[build]       |                            ^
[build] C:\Users\pperv\code\unnamed_rpg\vendor\json\include\nlohmann/detail/input/lexer.hpp(569,28): warning: enumeration type in nested name specifier is incompatible with C++98 [-Wc++98-compat]
[build]   569 |                     return token_type::parse_error;
[build]       |                            ^
[build] C:\Users\pperv\code\unnamed_rpg\vendor\json\include\nlohmann/detail/input/lexer.hpp(575,28): warning: enumeration type in nested name specifier is incompatible with C++98 [-Wc++98-compat]
[build]   575 |                     return token_type::parse_error;
[build]       |                            ^
[build] C:\Users\pperv\code\unnamed_rpg\vendor\json\include\nlohmann/detail/input/lexer.hpp(581,28): warning: enumeration type in nested name specifier is incompatible with C++98 [-Wc++98-compat]
[build]   581 |                     return token_type::parse_error;
[build]       |                            ^
[build] C:\Users\pperv\code\unnamed_rpg\vendor\json\include\nlohmann/detail/input/lexer.hpp(587,28): warning: enumeration type in nested name specifier is incompatible with C++98 [-Wc++98-compat]
[build]   587 |                     return token_type::parse_error;
[build]       |                            ^
[build] C:\Users\pperv\code\unnamed_rpg\vendor\json\include\nlohmann/detail/input/lexer.hpp(593,28): warning: enumeration type in nested name specifier is incompatible with C++98 [-Wc++98-compat]
[build]   593 |                     return token_type::parse_error;
[build]       |                            ^
[build] C:\Users\pperv\code\unnamed_rpg\vendor\json\include\nlohmann/detail/input/lexer.hpp(599,28): warning: enumeration type in nested name specifier is incompatible with C++98 [-Wc++98-compat]
[build]   599 |                     return token_type::parse_error;
[build]       |                            ^
[build] C:\Users\pperv\code\unnamed_rpg\vendor\json\include\nlohmann/detail/input/lexer.hpp(605,28): warning: enumeration type in nested name specifier is incompatible with C++98 [-Wc++98-compat]
[build]   605 |                     return token_type::parse_error;
[build]       |                            ^
[build] C:\Users\pperv\code\unnamed_rpg\vendor\json\include\nlohmann/detail/input/lexer.hpp(611,28): warning: enumeration type in nested name specifier is incompatible with C++98 [-Wc++98-compat]
[build]   611 |                     return token_type::parse_error;
[build]       |                            ^
[build] C:\Users\pperv\code\unnamed_rpg\vendor\json\include\nlohmann/detail/input/lexer.hpp(617,28): warning: enumeration type in nested name specifier is incompatible with C++98 [-Wc++98-compat]
[build]   617 |                     return token_type::parse_error;
[build]       |                            ^
[build] C:\Users\pperv\code\unnamed_rpg\vendor\json\include\nlohmann/detail/input/lexer.hpp(623,28): warning: enumeration type in nested name specifier is incompatible with C++98 [-Wc++98-compat]
[build]   623 |                     return token_type::parse_error;
[build]       |                            ^
[build] C:\Users\pperv\code\unnamed_rpg\vendor\json\include\nlohmann/detail/input/lexer.hpp(629,28): warning: enumeration type in nested name specifier is incompatible with C++98 [-Wc++98-compat]
[build]   629 |                     return token_type::parse_error;
[build]       |                            ^
[build] C:\Users\pperv\code\unnamed_rpg\vendor\json\include\nlohmann/detail/input/lexer.hpp(635,28): warning: enumeration type in nested name specifier is incompatible with C++98 [-Wc++98-compat]
[build]   635 |                     return token_type::parse_error;
[build]       |                            ^
[build] C:\Users\pperv\code\unnamed_rpg\vendor\json\include\nlohmann/detail/input/lexer.hpp(641,28): warning: enumeration type in nested name specifier is incompatible with C++98 [-Wc++98-compat]
[build]   641 |                     return token_type::parse_error;
[build]       |                            ^
[build] C:\Users\pperv\code\unnamed_rpg\vendor\json\include\nlohmann/detail/input/lexer.hpp(776,66): warning: initialization of initializer_list object is incompatible with C++98 [-Wc++98-compat]
[build]   776 |                     if (JSON_HEDLEY_UNLIKELY(!next_byte_in_range({0x80, 0xBF})))
[build]       |                                                                  ^~~~~~~~~~~~
[build] C:\Users\pperv\code\unnamed_rpg\vendor\json\include\nlohmann/thirdparty/hedley/hedley.hpp(1360,94): note: expanded from macro 'JSON_HEDLEY_UNLIKELY'
[build]  1360 | #  define JSON_HEDLEY_UNLIKELY(expr)                    __builtin_expect                 (!!(expr),    0                  )
[build]       |                                                                                              ^~~~
[build] In file included from C:\Users\pperv\code\unnamed_rpg\vendor\json-schema-validator\src\json-uri.cpp:9:
[build] In file included from C:\Users\pperv\code\unnamed_rpg\vendor\json-schema-validator\src\nlohmann/json-schema.hpp:24:
[build] In file included from C:\Users\pperv\code\unnamed_rpg\vendor\json\include\nlohmann/json.hpp:50:
[build] In file included from C:\Users\pperv\code\unnamed_rpg\vendor\json\include\nlohmann/detail/input/binary_reader.hpp:29:
[build] In file included from C:\Users\pperv\code\unnamed_rpg\vendor\json\include\nlohmann/detail/input/json_sax.hpp:18:
[build] C:\Users\pperv\code\unnamed_rpg\vendor\json\include\nlohmann/detail/input/lexer.hpp(778,32): warning: enumeration type in nested name specifier is incompatible with C++98 [-Wc++98-compat]
[build]   778 |                         return token_type::parse_error;
[build]       |                                ^
[build] C:\Users\pperv\code\unnamed_rpg\vendor\json\include\nlohmann/detail/input/lexer.hpp(786,67): warning: initialization of initializer_list object is incompatible with C++98 [-Wc++98-compat]
[build]   786 |                     if (JSON_HEDLEY_UNLIKELY(!(next_byte_in_range({0xA0, 0xBF, 0x80, 0xBF}))))
[build]       |                                                                   ^~~~~~~~~~~~~~~~~~~~~~~~
[build] C:\Users\pperv\code\unnamed_rpg\vendor\json\include\nlohmann/thirdparty/hedley/hedley.hpp(1360,94): note: expanded from macro 'JSON_HEDLEY_UNLIKELY'
[build]  1360 | #  define JSON_HEDLEY_UNLIKELY(expr)                    __builtin_expect                 (!!(expr),    0                  )
[build]       |                                                                                              ^~~~
[build] In file included from C:\Users\pperv\code\unnamed_rpg\vendor\json-schema-validator\src\json-uri.cpp:9:
[build] In file included from C:\Users\pperv\code\unnamed_rpg\vendor\json-schema-validator\src\nlohmann/json-schema.hpp:24:
[build] In file included from C:\Users\pperv\code\unnamed_rpg\vendor\json\include\nlohmann/json.hpp:50:
[build] In file included from C:\Users\pperv\code\unnamed_rpg\vendor\json\include\nlohmann/detail/input/binary_reader.hpp:29:
[build] In file included from C:\Users\pperv\code\unnamed_rpg\vendor\json\include\nlohmann/detail/input/json_sax.hpp:18:
[build] C:\Users\pperv\code\unnamed_rpg\vendor\json\include\nlohmann/detail/input/lexer.hpp(788,32): warning: enumeration type in nested name specifier is incompatible with C++98 [-Wc++98-compat]
[build]   788 |                         return token_type::parse_error;
[build]       |                                ^
[build] C:\Users\pperv\code\unnamed_rpg\vendor\json\include\nlohmann/detail/input/lexer.hpp(810,67): warning: initialization of initializer_list object is incompatible with C++98 [-Wc++98-compat]
[build]   810 |                     if (JSON_HEDLEY_UNLIKELY(!(next_byte_in_range({0x80, 0xBF, 0x80, 0xBF}))))
[build]       |                                                                   ^~~~~~~~~~~~~~~~~~~~~~~~
[build] C:\Users\pperv\code\unnamed_rpg\vendor\json\include\nlohmann/thirdparty/hedley/hedley.hpp(1360,94): note: expanded from macro 'JSON_HEDLEY_UNLIKELY'
[build]  1360 | #  define JSON_HEDLEY_UNLIKELY(expr)                    __builtin_expect                 (!!(expr),    0                  )
[build]       |                                                                                              ^~~~
[build] In file included from C:\Users\pperv\code\unnamed_rpg\vendor\json-schema-validator\src\json-uri.cpp:9:
[build] In file included from C:\Users\pperv\code\unnamed_rpg\vendor\json-schema-validator\src\nlohmann/json-schema.hpp:24:
[build] In file included from C:\Users\pperv\code\unnamed_rpg\vendor\json\include\nlohmann/json.hpp:50:
[build] In file included from C:\Users\pperv\code\unnamed_rpg\vendor\json\include\nlohmann/detail/input/binary_reader.hpp:29:
[build] In file included from C:\Users\pperv\code\unnamed_rpg\vendor\json\include\nlohmann/detail/input/json_sax.hpp:18:
[build] C:\Users\pperv\code\unnamed_rpg\vendor\json\include\nlohmann/detail/input/lexer.hpp(812,32): warning: enumeration type in nested name specifier is incompatible with C++98 [-Wc++98-compat]
[build]   812 |                         return token_type::parse_error;
[build]       |                                ^
[build] C:\Users\pperv\code\unnamed_rpg\vendor\json\include\nlohmann/detail/input/lexer.hpp(820,67): warning: initialization of initializer_list object is incompatible with C++98 [-Wc++98-compat]
[build]   820 |                     if (JSON_HEDLEY_UNLIKELY(!(next_byte_in_range({0x80, 0x9F, 0x80, 0xBF}))))
[build]       |                                                                   ^~~~~~~~~~~~~~~~~~~~~~~~
[build] C:\Users\pperv\code\unnamed_rpg\vendor\json\include\nlohmann/thirdparty/hedley/hedley.hpp(1360,94): note: expanded from macro 'JSON_HEDLEY_UNLIKELY'
[build]  1360 | #  define JSON_HEDLEY_UNLIKELY(expr)                    __builtin_expect                 (!!(expr),    0                  )
[build]       |                                                                                              ^~~~
[build] In file included from C:\Users\pperv\code\unnamed_rpg\vendor\json-schema-validator\src\json-uri.cpp:9:
[build] In file included from C:\Users\pperv\code\unnamed_rpg\vendor\json-schema-validator\src\nlohmann/json-schema.hpp:24:
[build] In file included from C:\Users\pperv\code\unnamed_rpg\vendor\json\include\nlohmann/json.hpp:50:
[build] In file included from C:\Users\pperv\code\unnamed_rpg\vendor\json\include\nlohmann/detail/input/binary_reader.hpp:29:
[build] In file included from C:\Users\pperv\code\unnamed_rpg\vendor\json\include\nlohmann/detail/input/json_sax.hpp:18:
[build] C:\Users\pperv\code\unnamed_rpg\vendor\json\include\nlohmann/detail/input/lexer.hpp(822,32): warning: enumeration type in nested name specifier is incompatible with C++98 [-Wc++98-compat]
[build]   822 |                         return token_type::parse_error;
[build]       |                                ^
[build] C:\Users\pperv\code\unnamed_rpg\vendor\json\include\nlohmann/detail/input/lexer.hpp(830,67): warning: initialization of initializer_list object is incompatible with C++98 [-Wc++98-compat]
[build]   830 |                     if (JSON_HEDLEY_UNLIKELY(!(next_byte_in_range({0x90, 0xBF, 0x80, 0xBF, 0x80, 0xBF}))))
[build]       |                                                                   ^~~~~~~~~~~~~~~~~~~~~~~~~~~~~~~~~~~~
[build] C:\Users\pperv\code\unnamed_rpg\vendor\json\include\nlohmann/thirdparty/hedley/hedley.hpp(1360,94): note: expanded from macro 'JSON_HEDLEY_UNLIKELY'
[build]  1360 | #  define JSON_HEDLEY_UNLIKELY(expr)                    __builtin_expect                 (!!(expr),    0                  )
[build]       |                                                                                              ^~~~
[build] In file included from C:\Users\pperv\code\unnamed_rpg\vendor\json-schema-validator\src\json-uri.cpp:9:
[build] In file included from C:\Users\pperv\code\unnamed_rpg\vendor\json-schema-validator\src\nlohmann/json-schema.hpp:24:
[build] In file included from C:\Users\pperv\code\unnamed_rpg\vendor\json\include\nlohmann/json.hpp:50:
[build] In file included from C:\Users\pperv\code\unnamed_rpg\vendor\json\include\nlohmann/detail/input/binary_reader.hpp:29:
[build] In file included from C:\Users\pperv\code\unnamed_rpg\vendor\json\include\nlohmann/detail/input/json_sax.hpp:18:
[build] C:\Users\pperv\code\unnamed_rpg\vendor\json\include\nlohmann/detail/input/lexer.hpp(832,32): warning: enumeration type in nested name specifier is incompatible with C++98 [-Wc++98-compat]
[build]   832 |                         return token_type::parse_error;
[build]       |                                ^
[build] C:\Users\pperv\code\unnamed_rpg\vendor\json\include\nlohmann/detail/input/lexer.hpp(842,67): warning: initialization of initializer_list object is incompatible with C++98 [-Wc++98-compat]
[build]   842 |                     if (JSON_HEDLEY_UNLIKELY(!(next_byte_in_range({0x80, 0xBF, 0x80, 0xBF, 0x80, 0xBF}))))
[build]       |                                                                   ^~~~~~~~~~~~~~~~~~~~~~~~~~~~~~~~~~~~
[build] C:\Users\pperv\code\unnamed_rpg\vendor\json\include\nlohmann/thirdparty/hedley/hedley.hpp(1360,94): note: expanded from macro 'JSON_HEDLEY_UNLIKELY'
[build]  1360 | #  define JSON_HEDLEY_UNLIKELY(expr)                    __builtin_expect                 (!!(expr),    0                  )
[build]       |                                                                                              ^~~~
[build] In file included from C:\Users\pperv\code\unnamed_rpg\vendor\json-schema-validator\src\json-uri.cpp:9:
[build] In file included from C:\Users\pperv\code\unnamed_rpg\vendor\json-schema-validator\src\nlohmann/json-schema.hpp:24:
[build] In file included from C:\Users\pperv\code\unnamed_rpg\vendor\json\include\nlohmann/json.hpp:50:
[build] In file included from C:\Users\pperv\code\unnamed_rpg\vendor\json\include\nlohmann/detail/input/binary_reader.hpp:29:
[build] In file included from C:\Users\pperv\code\unnamed_rpg\vendor\json\include\nlohmann/detail/input/json_sax.hpp:18:
[build] C:\Users\pperv\code\unnamed_rpg\vendor\json\include\nlohmann/detail/input/lexer.hpp(844,32): warning: enumeration type in nested name specifier is incompatible with C++98 [-Wc++98-compat]
[build]   844 |                         return token_type::parse_error;
[build]       |                                ^
[build] C:\Users\pperv\code\unnamed_rpg\vendor\json\include\nlohmann/detail/input/lexer.hpp(852,67): warning: initialization of initializer_list object is incompatible with C++98 [-Wc++98-compat]
[build]   852 |                     if (JSON_HEDLEY_UNLIKELY(!(next_byte_in_range({0x80, 0x8F, 0x80, 0xBF, 0x80, 0xBF}))))
[build]       |                                                                   ^~~~~~~~~~~~~~~~~~~~~~~~~~~~~~~~~~~~
[build] C:\Users\pperv\code\unnamed_rpg\vendor\json\include\nlohmann/thirdparty/hedley/hedley.hpp(1360,94): note: expanded from macro 'JSON_HEDLEY_UNLIKELY'
[build]  1360 | #  define JSON_HEDLEY_UNLIKELY(expr)                    __builtin_expect                 (!!(expr),    0                  )
[build]       |                                                                                              ^~~~
[build] In file included from C:\Users\pperv\code\unnamed_rpg\vendor\json-schema-validator\src\json-uri.cpp:9:
[build] In file included from C:\Users\pperv\code\unnamed_rpg\vendor\json-schema-validator\src\nlohmann/json-schema.hpp:24:
[build] In file included from C:\Users\pperv\code\unnamed_rpg\vendor\json\include\nlohmann/json.hpp:50:
[build] In file included from C:\Users\pperv\code\unnamed_rpg\vendor\json\include\nlohmann/detail/input/binary_reader.hpp:29:
[build] In file included from C:\Users\pperv\code\unnamed_rpg\vendor\json\include\nlohmann/detail/input/json_sax.hpp:18:
[build] C:\Users\pperv\code\unnamed_rpg\vendor\json\include\nlohmann/detail/input/lexer.hpp(854,32): warning: enumeration type in nested name specifier is incompatible with C++98 [-Wc++98-compat]
[build]   854 |                         return token_type::parse_error;
[build]       |                                ^
[build] C:\Users\pperv\code\unnamed_rpg\vendor\json\include\nlohmann/detail/input/lexer.hpp(863,28): warning: enumeration type in nested name specifier is incompatible with C++98 [-Wc++98-compat]
[build]   863 |                     return token_type::parse_error;
[build]       |                            ^
[build] C:\Users\pperv\code\unnamed_rpg\vendor\json\include\nlohmann/detail/input/lexer.hpp(1365,74): warning: generalized initializer lists are incompatible with C++98 [-Wc++98-compat]
[build]  1365 |         note_token_start(std::integral_constant<bool, lazy_token_string> {});
[build]       |                                                                          ^
[build] C:\Users\pperv\code\unnamed_rpg\vendor\json\include\nlohmann/detail/input/lexer.hpp(204,15): warning: 'auto' type specifier is incompatible with C++98 [-Wc++98-compat]
[build]   204 |         const auto factors = { 12u, 8u, 4u, 0u };
[build]       |               ^~~~
[build] C:\Users\pperv\code\unnamed_rpg\vendor\json\include\nlohmann/detail/input/lexer.hpp(204,30): warning: initialization of initializer_list object is incompatible with C++98 [-Wc++98-compat]
[build]   204 |         const auto factors = { 12u, 8u, 4u, 0u };
[build]       |                              ^~~~~~~~~~~~~~~~~~~
[build] C:\Users\pperv\code\unnamed_rpg\vendor\json\include\nlohmann/detail/input/lexer.hpp(205,20): warning: 'auto' type specifier is incompatible with C++98 [-Wc++98-compat]
[build]   205 |         for (const auto factor : factors)
[build]       |                    ^~~~
[build] C:\Users\pperv\code\unnamed_rpg\vendor\json\include\nlohmann/detail/input/lexer.hpp(205,32): warning: range-based for loop is incompatible with C++98 [-Wc++98-compat]
[build]   205 |         for (const auto factor : factors)
[build]       |                                ^
[build] C:\Users\pperv\code\unnamed_rpg\vendor\json\include\nlohmann/detail/input/lexer.hpp(204,30): warning: initialization of initializer_list object is incompatible with C++98 [-Wc++98-compat]
[build]   204 |         const auto factors = { 12u, 8u, 4u, 0u };
[build]       |                              ^~~~~~~~~~~~~~~~~~~
[build] C:\Users\pperv\code\unnamed_rpg\vendor\json\include\nlohmann/detail/input/lexer.hpp(350,52): note: in instantiation of member function 'nlohmann::detail::lexer<nlohmann::basic_json<>, nlohmann::detail::iterator_input_adapter<const char *>>::get_codepoint' requested here
[build]   350 |                             const int codepoint1 = get_codepoint();
[build]       |                                                    ^
[build] C:\Users\pperv\code\unnamed_rpg\vendor\json\include\nlohmann/detail/input/lexer.hpp(1683,24): note: in instantiation of member function 'nlohmann::detail::lexer<nlohmann::basic_json<>, nlohmann::detail::iterator_input_adapter<const char *>>::scan_string' requested here
[build]  1683 |                 return scan_string();
[build]       |                        ^
[build] C:\Users\pperv\code\unnamed_rpg\vendor\json\include\nlohmann/detail/input/parser.hpp(490,37): note: in instantiation of member function 'nlohmann::detail::lexer<nlohmann::basic_json<>, nlohmann::detail::iterator_input_adapter<const char *>>::scan' requested here
[build]   490 |         return last_token = m_lexer.scan();
[build]       |                                     ^
[build] C:\Users\pperv\code\unnamed_rpg\vendor\json\include\nlohmann/detail/input/parser.hpp(82,9): note: in instantiation of member function 'nlohmann::detail::parser<nlohmann::basic_json<>, nlohmann::detail::iterator_input_adapter<const char *>>::get_token' requested here
[build]    82 |         get_token();
[build]       |         ^
[build] C:\Users\pperv\code\unnamed_rpg\vendor\json\include\nlohmann/json.hpp(170,16): note: in instantiation of member function 'nlohmann::detail::parser<nlohmann::basic_json<>, nlohmann::detail::iterator_input_adapter<const char *>>::parser' requested here
[build]   170 |         return ::nlohmann::detail::parser<basic_json, InputAdapterType>(std::move(adapter),
[build]       |                ^
[build] C:\Users\pperv\code\unnamed_rpg\vendor\json\include\nlohmann/json.hpp(4112,9): note: in instantiation of function template specialization 'nlohmann::basic_json<>::parser<nlohmann::detail::iterator_input_adapter<const char *>>' requested here
[build]  4112 |         parser(detail::input_adapter(std::move(first), std::move(last)), std::move(cb), allow_exceptions, ignore_comments, ignore_trailing_commas).parse(true, result); // cppcheck-suppress[accessMoved]
[build]       |         ^
[build] C:\Users\pperv\code\unnamed_rpg\vendor\json\include\nlohmann/json.hpp(5294,28): note: in instantiation of function template specialization 'nlohmann::basic_json<>::parse<const char *, const char *, 0>' requested here
[build]  5294 |     return nlohmann::json::parse(s, s + n);
[build]       |                            ^
[build] In file included from C:\Users\pperv\code\unnamed_rpg\vendor\json-schema-validator\src\json-uri.cpp:9:
[build] In file included from C:\Users\pperv\code\unnamed_rpg\vendor\json-schema-validator\src\nlohmann/json-schema.hpp:24:
[build] In file included from C:\Users\pperv\code\unnamed_rpg\vendor\json\include\nlohmann/json.hpp:50:
[build] In file included from C:\Users\pperv\code\unnamed_rpg\vendor\json\include\nlohmann/detail/input/binary_reader.hpp:29:
[build] In file included from C:\Users\pperv\code\unnamed_rpg\vendor\json\include\nlohmann/detail/input/json_sax.hpp:18:
[build] C:\Users\pperv\code\unnamed_rpg\vendor\json\include\nlohmann/detail/input/lexer.hpp(251,14): warning: 'auto' type specifier is incompatible with C++98 [-Wc++98-compat]
[build]   251 |         for (auto range = ranges.begin(); range != ranges.end(); ++range)
[build]       |              ^~~~
[build] C:\Users\pperv\code\unnamed_rpg\vendor\json\include\nlohmann/detail/input/lexer.hpp(1683,24): note: in instantiation of member function 'nlohmann::detail::lexer<nlohmann::basic_json<>, nlohmann::detail::iterator_input_adapter<const char *>>::scan_string' requested here
[build]  1683 |                 return scan_string();
[build]       |                        ^
[build] C:\Users\pperv\code\unnamed_rpg\vendor\json\include\nlohmann/detail/input/parser.hpp(490,37): note: in instantiation of member function 'nlohmann::detail::lexer<nlohmann::basic_json<>, nlohmann::detail::iterator_input_adapter<const char *>>::scan' requested here
[build]   490 |         return last_token = m_lexer.scan();
[build]       |                                     ^
[build] C:\Users\pperv\code\unnamed_rpg\vendor\json\include\nlohmann/detail/input/parser.hpp(82,9): note: in instantiation of member function 'nlohmann::detail::parser<nlohmann::basic_json<>, nlohmann::detail::iterator_input_adapter<const char *>>::get_token' requested here
[build]    82 |         get_token();
[build]       |         ^
[build] C:\Users\pperv\code\unnamed_rpg\vendor\json\include\nlohmann/json.hpp(170,16): note: in instantiation of member function 'nlohmann::detail::parser<nlohmann::basic_json<>, nlohmann::detail::iterator_input_adapter<const char *>>::parser' requested here
[build]   170 |         return ::nlohmann::detail::parser<basic_json, InputAdapterType>(std::move(adapter),
[build]       |                ^
[build] C:\Users\pperv\code\unnamed_rpg\vendor\json\include\nlohmann/json.hpp(4112,9): note: in instantiation of function template specialization 'nlohmann::basic_json<>::parser<nlohmann::detail::iterator_input_adapter<const char *>>' requested here
[build]  4112 |         parser(detail::input_adapter(std::move(first), std::move(last)), std::move(cb), allow_exceptions, ignore_comments, ignore_trailing_commas).parse(true, result); // cppcheck-suppress[accessMoved]
[build]       |         ^
[build] C:\Users\pperv\code\unnamed_rpg\vendor\json\include\nlohmann/json.hpp(5294,28): note: in instantiation of function template specialization 'nlohmann::basic_json<>::parse<const char *, const char *, 0>' requested here
[build]  5294 |     return nlohmann::json::parse(s, s + n);
[build]       |                            ^
[build] In file included from C:\Users\pperv\code\unnamed_rpg\vendor\json-schema-validator\src\json-uri.cpp:9:
[build] In file included from C:\Users\pperv\code\unnamed_rpg\vendor\json-schema-validator\src\nlohmann/json-schema.hpp:24:
[build] In file included from C:\Users\pperv\code\unnamed_rpg\vendor\json\include\nlohmann/json.hpp:50:
[build] In file included from C:\Users\pperv\code\unnamed_rpg\vendor\json\include\nlohmann/detail/input/binary_reader.hpp:29:
[build] In file included from C:\Users\pperv\code\unnamed_rpg\vendor\json\include\nlohmann/detail/input/json_sax.hpp:18:
[build] C:\Users\pperv\code\unnamed_rpg\vendor\json\include\nlohmann/detail/input/lexer.hpp(1282,24): warning: 'nullptr' is incompatible with C++98 [-Wc++98-compat]
[build]  1282 |         char* endptr = nullptr; // NOLINT(misc-const-correctness,cppcoreguidelines-pro-type-vararg,hicpp-vararg)
[build]       |                        ^
[build] C:\Users\pperv\code\unnamed_rpg\vendor\json\include\nlohmann/detail/input/lexer.hpp(1288,19): warning: 'auto' type specifier is incompatible with C++98 [-Wc++98-compat]
[build]  1288 |             const auto x = std::strtoull(token_buffer.data(), &endptr, 10);
[build]       |                   ^~~~
[build] C:\Users\pperv\code\unnamed_rpg\vendor\json\include\nlohmann/detail/input/parser.hpp(490,37): note: in instantiation of member function 'nlohmann::detail::lexer<nlohmann::basic_json<>, nlohmann::detail::iterator_input_adapter<const char *>>::scan' requested here
[build]   490 |         return last_token = m_lexer.scan();
[build]       |                                     ^
[build] C:\Users\pperv\code\unnamed_rpg\vendor\json\include\nlohmann/detail/input/parser.hpp(82,9): note: in instantiation of member function 'nlohmann::detail::parser<nlohmann::basic_json<>, nlohmann::detail::iterator_input_adapter<const char *>>::get_token' requested here
[build]    82 |         get_token();
[build]       |         ^
[build] C:\Users\pperv\code\unnamed_rpg\vendor\json\include\nlohmann/json.hpp(170,16): note: in instantiation of member function 'nlohmann::detail::parser<nlohmann::basic_json<>, nlohmann::detail::iterator_input_adapter<const char *>>::parser' requested here
[build]   170 |         return ::nlohmann::detail::parser<basic_json, InputAdapterType>(std::move(adapter),
[build]       |                ^
[build] C:\Users\pperv\code\unnamed_rpg\vendor\json\include\nlohmann/json.hpp(4112,9): note: in instantiation of function template specialization 'nlohmann::basic_json<>::parser<nlohmann::detail::iterator_input_adapter<const char *>>' requested here
[build]  4112 |         parser(detail::input_adapter(std::move(first), std::move(last)), std::move(cb), allow_exceptions, ignore_comments, ignore_trailing_commas).parse(true, result); // cppcheck-suppress[accessMoved]
[build]       |         ^
[build] C:\Users\pperv\code\unnamed_rpg\vendor\json\include\nlohmann/json.hpp(5294,28): note: in instantiation of function template specialization 'nlohmann::basic_json<>::parse<const char *, const char *, 0>' requested here
[build]  5294 |     return nlohmann::json::parse(s, s + n);
[build]       |                            ^
[build] In file included from C:\Users\pperv\code\unnamed_rpg\vendor\json-schema-validator\src\json-uri.cpp:9:
[build] In file included from C:\Users\pperv\code\unnamed_rpg\vendor\json-schema-validator\src\nlohmann/json-schema.hpp:24:
[build] In file included from C:\Users\pperv\code\unnamed_rpg\vendor\json\include\nlohmann/json.hpp:50:
[build] In file included from C:\Users\pperv\code\unnamed_rpg\vendor\json\include\nlohmann/detail/input/binary_reader.hpp:29:
[build] In file included from C:\Users\pperv\code\unnamed_rpg\vendor\json\include\nlohmann/detail/input/json_sax.hpp:18:
[build] C:\Users\pperv\code\unnamed_rpg\vendor\json\include\nlohmann/detail/input/lexer.hpp(1304,19): warning: 'auto' type specifier is incompatible with C++98 [-Wc++98-compat]
[build]  1304 |             const auto x = std::strtoll(token_buffer.data(), &endptr, 10);
[build]       |                   ^~~~
[build] C:\Users\pperv\code\unnamed_rpg\vendor\json\include\nlohmann/detail/input/lexer.hpp(1009,34): warning: enumeration type in nested name specifier is incompatible with C++98 [-Wc++98-compat]
[build]  1009 |         token_type number_type = token_type::value_unsigned;
[build]       |                                  ^
[build] C:\Users\pperv\code\unnamed_rpg\vendor\json\include\nlohmann/detail/input/lexer.hpp(1697,24): note: in instantiation of member function 'nlohmann::detail::lexer<nlohmann::basic_json<>, nlohmann::detail::iterator_input_adapter<const char *>>::scan_number' requested here
[build]  1697 |                 return scan_number();
[build]       |                        ^
[build] C:\Users\pperv\code\unnamed_rpg\vendor\json\include\nlohmann/detail/input/parser.hpp(490,37): note: in instantiation of member function 'nlohmann::detail::lexer<nlohmann::basic_json<>, nlohmann::detail::iterator_input_adapter<const char *>>::scan' requested here
[build]   490 |         return last_token = m_lexer.scan();
[build]       |                                     ^
[build] C:\Users\pperv\code\unnamed_rpg\vendor\json\include\nlohmann/detail/input/parser.hpp(82,9): note: in instantiation of member function 'nlohmann::detail::parser<nlohmann::basic_json<>, nlohmann::detail::iterator_input_adapter<const char *>>::get_token' requested here
[build]    82 |         get_token();
[build]       |         ^
[build] C:\Users\pperv\code\unnamed_rpg\vendor\json\include\nlohmann/json.hpp(170,16): note: in instantiation of member function 'nlohmann::detail::parser<nlohmann::basic_json<>, nlohmann::detail::iterator_input_adapter<const char *>>::parser' requested here
[build]   170 |         return ::nlohmann::detail::parser<basic_json, InputAdapterType>(std::move(adapter),
[build]       |                ^
[build] C:\Users\pperv\code\unnamed_rpg\vendor\json\include\nlohmann/json.hpp(4112,9): note: in instantiation of function template specialization 'nlohmann::basic_json<>::parser<nlohmann::detail::iterator_input_adapter<const char *>>' requested here
[build]  4112 |         parser(detail::input_adapter(std::move(first), std::move(last)), std::move(cb), allow_exceptions, ignore_comments, ignore_trailing_commas).parse(true, result); // cppcheck-suppress[accessMoved]
[build]       |         ^
[build] C:\Users\pperv\code\unnamed_rpg\vendor\json\include\nlohmann/json.hpp(5294,28): note: in instantiation of function template specialization 'nlohmann::basic_json<>::parse<const char *, const char *, 0>' requested here
[build]  5294 |     return nlohmann::json::parse(s, s + n);
[build]       |                            ^
[build] In file included from C:\Users\pperv\code\unnamed_rpg\vendor\json-schema-validator\src\json-uri.cpp:9:
[build] In file included from C:\Users\pperv\code\unnamed_rpg\vendor\json-schema-validator\src\nlohmann/json-schema.hpp:24:
[build] In file included from C:\Users\pperv\code\unnamed_rpg\vendor\json\include\nlohmann/json.hpp:50:
[build] In file included from C:\Users\pperv\code\unnamed_rpg\vendor\json\include\nlohmann/detail/input/binary_reader.hpp:29:
[build] In file included from C:\Users\pperv\code\unnamed_rpg\vendor\json\include\nlohmann/detail/input/json_sax.hpp:18:
[build] C:\Users\pperv\code\unnamed_rpg\vendor\json\include\nlohmann/detail/input/lexer.hpp(1047,23): warning: enumeration type in nested name specifier is incompatible with C++98 [-Wc++98-compat]
[build]  1047 |         number_type = token_type::value_integer;
[build]       |                       ^
[build] C:\Users\pperv\code\unnamed_rpg\vendor\json\include\nlohmann/detail/input/lexer.hpp(1073,24): warning: enumeration type in nested name specifier is incompatible with C++98 [-Wc++98-compat]
[build]  1073 |                 return token_type::parse_error;
[build]       |                        ^
[build] C:\Users\pperv\code\unnamed_rpg\vendor\json\include\nlohmann/detail/input/lexer.hpp(1138,23): warning: enumeration type in nested name specifier is incompatible with C++98 [-Wc++98-compat]
[build]  1138 |         number_type = token_type::value_float;
[build]       |                       ^
[build] C:\Users\pperv\code\unnamed_rpg\vendor\json\include\nlohmann/detail/input/lexer.hpp(1159,24): warning: enumeration type in nested name specifier is incompatible with C++98 [-Wc++98-compat]
[build]  1159 |                 return token_type::parse_error;
[build]       |                        ^
[build] C:\Users\pperv\code\unnamed_rpg\vendor\json\include\nlohmann/detail/input/lexer.hpp(1195,23): warning: enumeration type in nested name specifier is incompatible with C++98 [-Wc++98-compat]
[build]  1195 |         number_type = token_type::value_float;
[build]       |                       ^
[build] C:\Users\pperv\code\unnamed_rpg\vendor\json\include\nlohmann/detail/input/lexer.hpp(1224,24): warning: enumeration type in nested name specifier is incompatible with C++98 [-Wc++98-compat]
[build]  1224 |                 return token_type::parse_error;
[build]       |                        ^
[build] C:\Users\pperv\code\unnamed_rpg\vendor\json\include\nlohmann/detail/input/lexer.hpp(1250,24): warning: enumeration type in nested name specifier is incompatible with C++98 [-Wc++98-compat]
[build]  1250 |                 return token_type::parse_error;
[build]       |                        ^
[build] C:\Users\pperv\code\unnamed_rpg\vendor\json\include\nlohmann/detail/input/lexer.hpp(1286,28): warning: enumeration type in nested name specifier is incompatible with C++98 [-Wc++98-compat]
[build]  1286 |         if (number_type == token_type::value_unsigned)
[build]       |                            ^
[build] C:\Users\pperv\code\unnamed_rpg\vendor\json\include\nlohmann/detail/input/lexer.hpp(1298,28): warning: enumeration type in nested name specifier is incompatible with C++98 [-Wc++98-compat]
[build]  1298 |                     return token_type::value_unsigned;
[build]       |                            ^
[build] C:\Users\pperv\code\unnamed_rpg\vendor\json\include\nlohmann/detail/input/lexer.hpp(1302,33): warning: enumeration type in nested name specifier is incompatible with C++98 [-Wc++98-compat]
[build]  1302 |         else if (number_type == token_type::value_integer)
[build]       |                                 ^
[build] C:\Users\pperv\code\unnamed_rpg\vendor\json\include\nlohmann/detail/input/lexer.hpp(1314,28): warning: enumeration type in nested name specifier is incompatible with C++98 [-Wc++98-compat]
[build]  1314 |                     return token_type::value_integer;
[build]       |                            ^
[build] C:\Users\pperv\code\unnamed_rpg\vendor\json\include\nlohmann/detail/input/lexer.hpp(1326,16): warning: enumeration type in nested name specifier is incompatible with C++98 [-Wc++98-compat]
[build]  1326 |         return token_type::value_float;
[build]       |                ^
[build] In file included from C:\Users\pperv\code\unnamed_rpg\vendor\json-schema-validator\src\json-uri.cpp:9:
[build] In file included from C:\Users\pperv\code\unnamed_rpg\vendor\json-schema-validator\src\nlohmann/json-schema.hpp:24:
[build] In file included from C:\Users\pperv\code\unnamed_rpg\vendor\json\include\nlohmann/json.hpp:53:
[build] C:\Users\pperv\code\unnamed_rpg\vendor\json\include\nlohmann/detail/input/parser.hpp(108,107): warning: 'nullptr' is incompatible with C++98 [-Wc++98-compat]
[build]   108 |                                                     exception_message(token_type::end_of_input, "value"), nullptr));
[build]       |                                                                                                           ^
[build] C:\Users\pperv\code\unnamed_rpg\vendor\json\include\nlohmann/detail/input/parser.hpp(114,26): warning: enumeration type in nested name specifier is incompatible with C++98 [-Wc++98-compat]
[build]   114 |                 result = value_t::discarded;
[build]       |                          ^
[build] C:\Users\pperv\code\unnamed_rpg\vendor\json\include\nlohmann/json.hpp(5294,28): note: in instantiation of function template specialization 'nlohmann::basic_json<>::parse<const char *, const char *, 0>' requested here
[build]  5294 |     return nlohmann::json::parse(s, s + n);
[build]       |                            ^
[build] In file included from C:\Users\pperv\code\unnamed_rpg\vendor\json-schema-validator\src\json-uri.cpp:9:
[build] In file included from C:\Users\pperv\code\unnamed_rpg\vendor\json-schema-validator\src\nlohmann/json-schema.hpp:24:
[build] In file included from C:\Users\pperv\code\unnamed_rpg\vendor\json\include\nlohmann/json.hpp:53:
[build] C:\Users\pperv\code\unnamed_rpg\vendor\json\include\nlohmann/detail/input/parser.hpp(122,26): warning: 'nullptr' is incompatible with C++98 [-Wc++98-compat]
[build]   122 |                 result = nullptr;
[build]       |                          ^
[build] C:\Users\pperv\code\unnamed_rpg\vendor\json\include\nlohmann/detail/input/parser.hpp(135,136): warning: 'nullptr' is incompatible with C++98 [-Wc++98-compat]
[build]   135 |                                 parse_error::create(101, m_lexer.get_position(), exception_message(token_type::end_of_input, "value"), nullptr));
[build]       |                                                                                                                                        ^
[build] C:\Users\pperv\code\unnamed_rpg\vendor\json\include\nlohmann/detail/input/parser.hpp(141,26): warning: enumeration type in nested name specifier is incompatible with C++98 [-Wc++98-compat]
[build]   141 |                 result = value_t::discarded;
[build]       |                          ^
[build] In file included from C:\Users\pperv\code\unnamed_rpg\vendor\json-schema-validator\src\json-uri.cpp:9:
[build] In file included from C:\Users\pperv\code\unnamed_rpg\vendor\json-schema-validator\src\nlohmann/json-schema.hpp:24:
[build] In file included from C:\Users\pperv\code\unnamed_rpg\vendor\json\include\nlohmann/json.hpp:50:
[build] In file included from C:\Users\pperv\code\unnamed_rpg\vendor\json\include\nlohmann/detail/input/binary_reader.hpp:29:
[build] C:\Users\pperv\code\unnamed_rpg\vendor\json\include\nlohmann/detail/input/json_sax.hpp(933,29): warning: padding class 'nlohmann::detail::json_sax_dom_callback_parser<nlohmann::basic_json<>, nlohmann::detail::iterator_input_adapter<const char *>>' with 7 bytes to align 'callback' [-Wpadded]
[build]   933 |     const parser_callback_t callback = nullptr;
[build]       |                             ^
[build] C:\Users\pperv\code\unnamed_rpg\vendor\json\include\nlohmann/detail/input/json_sax.hpp(937,19): warning: padding class 'nlohmann::detail::json_sax_dom_callback_parser<nlohmann::basic_json<>, nlohmann::detail::iterator_input_adapter<const char *>>' with 7 bytes to align 'discarded' [-Wpadded]
[build]   937 |     BasicJsonType discarded = BasicJsonType::value_t::discarded;
[build]       |                   ^
[build] In file included from C:\Users\pperv\code\unnamed_rpg\vendor\json-schema-validator\src\json-uri.cpp:9:
[build] In file included from C:\Users\pperv\code\unnamed_rpg\vendor\json-schema-validator\src\nlohmann/json-schema.hpp:24:
[build] In file included from C:\Users\pperv\code\unnamed_rpg\vendor\json\include\nlohmann/json.hpp:53:
[build] C:\Users\pperv\code\unnamed_rpg\vendor\json\include\nlohmann/detail/input/parser.hpp(103,43): warning: enumeration type in nested name specifier is incompatible with C++98 [-Wc++98-compat]
[build]   103 |             if (strict && (get_token() != token_type::end_of_input))
[build]       |                                           ^
[build] C:\Users\pperv\code\unnamed_rpg\vendor\json\include\nlohmann/json.hpp(4112,148): note: in instantiation of member function 'nlohmann::detail::parser<nlohmann::basic_json<>, nlohmann::detail::iterator_input_adapter<const char *>>::parse' requested here
[build]  4112 |         parser(detail::input_adapter(std::move(first), std::move(last)), std::move(cb), allow_exceptions, ignore_comments, ignore_trailing_commas).parse(true, result); // cppcheck-suppress[accessMoved]
[build]       |                                                                                                                                                    ^
[build] C:\Users\pperv\code\unnamed_rpg\vendor\json\include\nlohmann/json.hpp(5294,28): note: in instantiation of function template specialization 'nlohmann::basic_json<>::parse<const char *, const char *, 0>' requested here
[build]  5294 |     return nlohmann::json::parse(s, s + n);
[build]       |                            ^
[build] In file included from C:\Users\pperv\code\unnamed_rpg\vendor\json-schema-validator\src\json-uri.cpp:9:
[build] In file included from C:\Users\pperv\code\unnamed_rpg\vendor\json-schema-validator\src\nlohmann/json-schema.hpp:24:
[build] In file included from C:\Users\pperv\code\unnamed_rpg\vendor\json\include\nlohmann/json.hpp:53:
[build] C:\Users\pperv\code\unnamed_rpg\vendor\json\include\nlohmann/detail/input/parser.hpp(108,71): warning: enumeration type in nested name specifier is incompatible with C++98 [-Wc++98-compat]
[build]   108 |                                                     exception_message(token_type::end_of_input, "value"), nullptr));
[build]       |                                                                       ^
[build] C:\Users\pperv\code\unnamed_rpg\vendor\json\include\nlohmann/detail/input/parser.hpp(114,26): warning: enumeration type in nested name specifier is incompatible with C++98 [-Wc++98-compat]
[build]   114 |                 result = value_t::discarded;
[build]       |                          ^
[build] In file included from C:\Users\pperv\code\unnamed_rpg\vendor\json-schema-validator\src\json-uri.cpp:9:
[build] In file included from C:\Users\pperv\code\unnamed_rpg\vendor\json-schema-validator\src\nlohmann/json-schema.hpp:24:
[build] C:\Users\pperv\code\unnamed_rpg\vendor\json\include\nlohmann/json.hpp(1453,33): warning: enumeration type in nested name specifier is incompatible with C++98 [-Wc++98-compat]
[build]  1453 |         return m_data.m_type == value_t::discarded;
[build]       |                                 ^
[build] C:\Users\pperv\code\unnamed_rpg\vendor\json\include\nlohmann/detail/input/parser.hpp(120,24): note: in instantiation of member function 'nlohmann::basic_json<>::is_discarded' requested here
[build]   120 |             if (result.is_discarded())
[build]       |                        ^
[build] C:\Users\pperv\code\unnamed_rpg\vendor\json\include\nlohmann/json.hpp(4112,148): note: in instantiation of member function 'nlohmann::detail::parser<nlohmann::basic_json<>, nlohmann::detail::iterator_input_adapter<const char *>>::parse' requested here
[build]  4112 |         parser(detail::input_adapter(std::move(first), std::move(last)), std::move(cb), allow_exceptions, ignore_comments, ignore_trailing_commas).parse(true, result); // cppcheck-suppress[accessMoved]
[build]       |                                                                                                                                                    ^
[build] C:\Users\pperv\code\unnamed_rpg\vendor\json\include\nlohmann/json.hpp(5294,28): note: in instantiation of function template specialization 'nlohmann::basic_json<>::parse<const char *, const char *, 0>' requested here
[build]  5294 |     return nlohmann::json::parse(s, s + n);
[build]       |                            ^
[build] In file included from C:\Users\pperv\code\unnamed_rpg\vendor\json-schema-validator\src\json-uri.cpp:9:
[build] In file included from C:\Users\pperv\code\unnamed_rpg\vendor\json-schema-validator\src\nlohmann/json-schema.hpp:24:
[build] In file included from C:\Users\pperv\code\unnamed_rpg\vendor\json\include\nlohmann/json.hpp:50:
[build] In file included from C:\Users\pperv\code\unnamed_rpg\vendor\json\include\nlohmann/detail/input/binary_reader.hpp:29:
[build] C:\Users\pperv\code\unnamed_rpg\vendor\json\include\nlohmann/detail/input/json_sax.hpp(471,14): warning: padding class 'nlohmann::detail::json_sax_dom_parser<nlohmann::basic_json<>, nlohmann::detail::iterator_input_adapter<const char *>>' with 6 bytes to align 'm_lexer_ref' [-Wpadded]
[build]   471 |     lexer_t* m_lexer_ref = nullptr;
[build]       |              ^
[build] In file included from C:\Users\pperv\code\unnamed_rpg\vendor\json-schema-validator\src\json-uri.cpp:9:
[build] In file included from C:\Users\pperv\code\unnamed_rpg\vendor\json-schema-validator\src\nlohmann/json-schema.hpp:24:
[build] In file included from C:\Users\pperv\code\unnamed_rpg\vendor\json\include\nlohmann/json.hpp:53:
[build] C:\Users\pperv\code\unnamed_rpg\vendor\json\include\nlohmann/detail/input/parser.hpp(131,43): warning: enumeration type in nested name specifier is incompatible with C++98 [-Wc++98-compat]
[build]   131 |             if (strict && (get_token() != token_type::end_of_input))
[build]       |                                           ^
[build] C:\Users\pperv\code\unnamed_rpg\vendor\json\include\nlohmann/json.hpp(4112,148): note: in instantiation of member function 'nlohmann::detail::parser<nlohmann::basic_json<>, nlohmann::detail::iterator_input_adapter<const char *>>::parse' requested here
[build]  4112 |         parser(detail::input_adapter(std::move(first), std::move(last)), std::move(cb), allow_exceptions, ignore_comments, ignore_trailing_commas).parse(true, result); // cppcheck-suppress[accessMoved]
[build]       |                                                                                                                                                    ^
[build] C:\Users\pperv\code\unnamed_rpg\vendor\json\include\nlohmann/json.hpp(5294,28): note: in instantiation of function template specialization 'nlohmann::basic_json<>::parse<const char *, const char *, 0>' requested here
[build]  5294 |     return nlohmann::json::parse(s, s + n);
[build]       |                            ^
[build] In file included from C:\Users\pperv\code\unnamed_rpg\vendor\json-schema-validator\src\json-uri.cpp:9:
[build] In file included from C:\Users\pperv\code\unnamed_rpg\vendor\json-schema-validator\src\nlohmann/json-schema.hpp:24:
[build] In file included from C:\Users\pperv\code\unnamed_rpg\vendor\json\include\nlohmann/json.hpp:53:
[build] C:\Users\pperv\code\unnamed_rpg\vendor\json\include\nlohmann/detail/input/parser.hpp(135,100): warning: enumeration type in nested name specifier is incompatible with C++98 [-Wc++98-compat]
[build]   135 |                                 parse_error::create(101, m_lexer.get_position(), exception_message(token_type::end_of_input, "value"), nullptr));
[build]       |                                                                                                    ^
[build] C:\Users\pperv\code\unnamed_rpg\vendor\json\include\nlohmann/detail/input/parser.hpp(141,26): warning: enumeration type in nested name specifier is incompatible with C++98 [-Wc++98-compat]
[build]   141 |                 result = value_t::discarded;
[build]       |                          ^
[build] In file included from C:\Users\pperv\code\unnamed_rpg\vendor\json-schema-validator\src\json-uri.cpp:9:
[build] In file included from C:\Users\pperv\code\unnamed_rpg\vendor\json-schema-validator\src\nlohmann/json-schema.hpp:24:
[build] In file included from C:\Users\pperv\code\unnamed_rpg\vendor\json\include\nlohmann/json.hpp:50:
[build] In file included from C:\Users\pperv\code\unnamed_rpg\vendor\json\include\nlohmann/detail/input/binary_reader.hpp:29:
[build] C:\Users\pperv\code\unnamed_rpg\vendor\json\include\nlohmann/detail/input/json_sax.hpp(923,43): warning: constructor call from initializer list is incompatible with C++98 [-Wc++98-compat]
[build]   923 |     std::vector<BasicJsonType*> ref_stack {};
[build]       |                                           ^~
[build] C:\Users\pperv\code\unnamed_rpg\vendor\json\include\nlohmann/detail/input/json_sax.hpp(487,5): note: in instantiation of default member initializer 'nlohmann::detail::json_sax_dom_callback_parser<nlohmann::basic_json<>, nlohmann::detail::iterator_input_adapter<const char *>>::ref_stack' requested here
[build]   487 |     json_sax_dom_callback_parser(BasicJsonType& r,
[build]       |     ^
[build] C:\Users\pperv\code\unnamed_rpg\vendor\json\include\nlohmann/detail/input/parser.hpp(99,75): note: in instantiation of member function 'nlohmann::detail::json_sax_dom_callback_parser<nlohmann::basic_json<>, nlohmann::detail::iterator_input_adapter<const char *>>::json_sax_dom_callback_parser' requested here
[build]    99 |             json_sax_dom_callback_parser<BasicJsonType, InputAdapterType> sdp(result, callback, allow_exceptions, &m_lexer);
[build]       |                                                                           ^
[build] C:\Users\pperv\code\unnamed_rpg\vendor\json\include\nlohmann/json.hpp(4112,148): note: in instantiation of member function 'nlohmann::detail::parser<nlohmann::basic_json<>, nlohmann::detail::iterator_input_adapter<const char *>>::parse' requested here
[build]  4112 |         parser(detail::input_adapter(std::move(first), std::move(last)), std::move(cb), allow_exceptions, ignore_comments, ignore_trailing_commas).parse(true, result); // cppcheck-suppress[accessMoved]
[build]       |                                                                                                                                                    ^
[build] C:\Users\pperv\code\unnamed_rpg\vendor\json\include\nlohmann/json.hpp(5294,28): note: in instantiation of function template specialization 'nlohmann::basic_json<>::parse<const char *, const char *, 0>' requested here
[build]  5294 |     return nlohmann::json::parse(s, s + n);
[build]       |                            ^
[build] In file included from C:\Users\pperv\code\unnamed_rpg\vendor\json-schema-validator\src\json-uri.cpp:9:
[build] In file included from C:\Users\pperv\code\unnamed_rpg\vendor\json-schema-validator\src\nlohmann/json-schema.hpp:24:
[build] In file included from C:\Users\pperv\code\unnamed_rpg\vendor\json\include\nlohmann/json.hpp:50:
[build] In file included from C:\Users\pperv\code\unnamed_rpg\vendor\json\include\nlohmann/detail/input/binary_reader.hpp:29:
[build] C:\Users\pperv\code\unnamed_rpg\vendor\json\include\nlohmann/detail/input/json_sax.hpp(925,34): warning: constructor call from initializer list is incompatible with C++98 [-Wc++98-compat]
[build]   925 |     std::vector<bool> keep_stack {}; // NOLINT(readability-redundant-member-init)
[build]       |                                  ^~
[build] C:\Users\pperv\code\unnamed_rpg\vendor\json\include\nlohmann/detail/input/json_sax.hpp(487,5): note: in instantiation of default member initializer 'nlohmann::detail::json_sax_dom_callback_parser<nlohmann::basic_json<>, nlohmann::detail::iterator_input_adapter<const char *>>::keep_stack' requested here
[build]   487 |     json_sax_dom_callback_parser(BasicJsonType& r,
[build]       |     ^
[build] C:\Users\pperv\code\unnamed_rpg\vendor\json\include\nlohmann/detail/input/parser.hpp(99,75): note: in instantiation of member function 'nlohmann::detail::json_sax_dom_callback_parser<nlohmann::basic_json<>, nlohmann::detail::iterator_input_adapter<const char *>>::json_sax_dom_callback_parser' requested here
[build]    99 |             json_sax_dom_callback_parser<BasicJsonType, InputAdapterType> sdp(result, callback, allow_exceptions, &m_lexer);
[build]       |                                                                           ^
[build] C:\Users\pperv\code\unnamed_rpg\vendor\json\include\nlohmann/json.hpp(4112,148): note: in instantiation of member function 'nlohmann::detail::parser<nlohmann::basic_json<>, nlohmann::detail::iterator_input_adapter<const char *>>::parse' requested here
[build]  4112 |         parser(detail::input_adapter(std::move(first), std::move(last)), std::move(cb), allow_exceptions, ignore_comments, ignore_trailing_commas).parse(true, result); // cppcheck-suppress[accessMoved]
[build]       |                                                                                                                                                    ^
[build] C:\Users\pperv\code\unnamed_rpg\vendor\json\include\nlohmann/json.hpp(5294,28): note: in instantiation of function template specialization 'nlohmann::basic_json<>::parse<const char *, const char *, 0>' requested here
[build]  5294 |     return nlohmann::json::parse(s, s + n);
[build]       |                            ^
[build] In file included from C:\Users\pperv\code\unnamed_rpg\vendor\json-schema-validator\src\json-uri.cpp:9:
[build] In file included from C:\Users\pperv\code\unnamed_rpg\vendor\json-schema-validator\src\nlohmann/json-schema.hpp:24:
[build] In file included from C:\Users\pperv\code\unnamed_rpg\vendor\json\include\nlohmann/json.hpp:50:
[build] In file included from C:\Users\pperv\code\unnamed_rpg\vendor\json\include\nlohmann/detail/input/binary_reader.hpp:29:
[build] C:\Users\pperv\code\unnamed_rpg\vendor\json\include\nlohmann/detail/input/json_sax.hpp(927,38): warning: constructor call from initializer list is incompatible with C++98 [-Wc++98-compat]
[build]   927 |     std::vector<bool> key_keep_stack {}; // NOLINT(readability-redundant-member-init)
[build]       |                                      ^~
[build] C:\Users\pperv\code\unnamed_rpg\vendor\json\include\nlohmann/detail/input/json_sax.hpp(487,5): note: in instantiation of default member initializer 'nlohmann::detail::json_sax_dom_callback_parser<nlohmann::basic_json<>, nlohmann::detail::iterator_input_adapter<const char *>>::key_keep_stack' requested here
[build]   487 |     json_sax_dom_callback_parser(BasicJsonType& r,
[build]       |     ^
[build] C:\Users\pperv\code\unnamed_rpg\vendor\json\include\nlohmann/detail/input/parser.hpp(99,75): note: in instantiation of member function 'nlohmann::detail::json_sax_dom_callback_parser<nlohmann::basic_json<>, nlohmann::detail::iterator_input_adapter<const char *>>::json_sax_dom_callback_parser' requested here
[build]    99 |             json_sax_dom_callback_parser<BasicJsonType, InputAdapterType> sdp(result, callback, allow_exceptions, &m_lexer);
[build]       |                                                                           ^
[build] C:\Users\pperv\code\unnamed_rpg\vendor\json\include\nlohmann/json.hpp(4112,148): note: in instantiation of member function 'nlohmann::detail::parser<nlohmann::basic_json<>, nlohmann::detail::iterator_input_adapter<const char *>>::parse' requested here
[build]  4112 |         parser(detail::input_adapter(std::move(first), std::move(last)), std::move(cb), allow_exceptions, ignore_comments, ignore_trailing_commas).parse(true, result); // cppcheck-suppress[accessMoved]
[build]       |                                                                                                                                                    ^
[build] C:\Users\pperv\code\unnamed_rpg\vendor\json\include\nlohmann/json.hpp(5294,28): note: in instantiation of function template specialization 'nlohmann::basic_json<>::parse<const char *, const char *, 0>' requested here
[build]  5294 |     return nlohmann::json::parse(s, s + n);
[build]       |                            ^
[build] In file included from C:\Users\pperv\code\unnamed_rpg\vendor\json-schema-validator\src\json-uri.cpp:9:
[build] In file included from C:\Users\pperv\code\unnamed_rpg\vendor\json-schema-validator\src\nlohmann/json-schema.hpp:24:
[build] In file included from C:\Users\pperv\code\unnamed_rpg\vendor\json\include\nlohmann/json.hpp:53:
[build] C:\Users\pperv\code\unnamed_rpg\vendor\json\include\nlohmann/detail/input/parser.hpp(219,161): warning: 'nullptr' is incompatible with C++98 [-Wc++98-compat]
[build]   219 |                                                     parse_error::create(101, m_lexer.get_position(), exception_message(token_type::value_string, "object key"), nullptr));
[build]       |                                                                                                                                                                 ^
[build] C:\Users\pperv\code\unnamed_rpg\vendor\json\include\nlohmann/detail/input/parser.hpp(231,169): warning: 'nullptr' is incompatible with C++98 [-Wc++98-compat]
[build]   231 |                                                     parse_error::create(101, m_lexer.get_position(), exception_message(token_type::name_separator, "object separator"), nullptr));
[build]       |                                                                                                                                                                         ^
[build] C:\Users\pperv\code\unnamed_rpg\vendor\json\include\nlohmann/detail/input/parser.hpp(268,31): warning: 'auto' type specifier is incompatible with C++98 [-Wc++98-compat]
[build]   268 |                         const auto res = m_lexer.get_number_float();
[build]       |                               ^~~~
[build] C:\Users\pperv\code\unnamed_rpg\vendor\json\include\nlohmann/json.hpp(4112,148): note: in instantiation of member function 'nlohmann::detail::parser<nlohmann::basic_json<>, nlohmann::detail::iterator_input_adapter<const char *>>::parse' requested here
[build]  4112 |         parser(detail::input_adapter(std::move(first), std::move(last)), std::move(cb), allow_exceptions, ignore_comments, ignore_trailing_commas).parse(true, result); // cppcheck-suppress[accessMoved]
[build]       |                                                                                                                                                    ^
[build] C:\Users\pperv\code\unnamed_rpg\vendor\json\include\nlohmann/json.hpp(5294,28): note: in instantiation of function template specialization 'nlohmann::basic_json<>::parse<const char *, const char *, 0>' requested here
[build]  5294 |     return nlohmann::json::parse(s, s + n);
[build]       |                            ^
[build] In file included from C:\Users\pperv\code\unnamed_rpg\vendor\json-schema-validator\src\json-uri.cpp:9:
[build] In file included from C:\Users\pperv\code\unnamed_rpg\vendor\json-schema-validator\src\nlohmann/json-schema.hpp:24:
[build] In file included from C:\Users\pperv\code\unnamed_rpg\vendor\json\include\nlohmann/json.hpp:53:
[build] C:\Users\pperv\code\unnamed_rpg\vendor\json\include\nlohmann/detail/input/parser.hpp(274,150): warning: 'nullptr' is incompatible with C++98 [-Wc++98-compat]
[build]   274 |                                                     out_of_range::create(406, concat("number overflow parsing '", m_lexer.get_token_string(), '\''), nullptr));
[build]       |                                                                                                                                                      ^
[build] C:\Users\pperv\code\unnamed_rpg\vendor\json\include\nlohmann/detail/input/parser.hpp(344,153): warning: 'nullptr' is incompatible with C++98 [-Wc++98-compat]
[build]   344 |                                                 parse_error::create(101, m_lexer.get_position(), exception_message(token_type::uninitialized, "value"), nullptr));
[build]       |                                                                                                                                                         ^
[build] C:\Users\pperv\code\unnamed_rpg\vendor\json\include\nlohmann/detail/input/parser.hpp(353,166): warning: 'nullptr' is incompatible with C++98 [-Wc++98-compat]
[build]   353 |                                                             "attempting to parse an empty input; check that your input string or stream contains the expected JSON", nullptr));
[build]       |                                                                                                                                                                      ^
[build] C:\Users\pperv\code\unnamed_rpg\vendor\json\include\nlohmann/detail/input/parser.hpp(358,156): warning: 'nullptr' is incompatible with C++98 [-Wc++98-compat]
[build]   358 |                                                 parse_error::create(101, m_lexer.get_position(), exception_message(token_type::literal_or_value, "value"), nullptr));
[build]       |                                                                                                                                                            ^
[build] C:\Users\pperv\code\unnamed_rpg\vendor\json\include\nlohmann/detail/input/parser.hpp(370,156): warning: 'nullptr' is incompatible with C++98 [-Wc++98-compat]
[build]   370 |                                                 parse_error::create(101, m_lexer.get_position(), exception_message(token_type::literal_or_value, "value"), nullptr));
[build]       |                                                                                                                                                            ^
[build] C:\Users\pperv\code\unnamed_rpg\vendor\json\include\nlohmann/detail/input/parser.hpp(422,141): warning: 'nullptr' is incompatible with C++98 [-Wc++98-compat]
[build]   422 |                                         parse_error::create(101, m_lexer.get_position(), exception_message(token_type::end_array, "array"), nullptr));
[build]       |                                                                                                                                             ^
[build] C:\Users\pperv\code\unnamed_rpg\vendor\json\include\nlohmann/detail/input/parser.hpp(441,157): warning: 'nullptr' is incompatible with C++98 [-Wc++98-compat]
[build]   441 |                                                 parse_error::create(101, m_lexer.get_position(), exception_message(token_type::value_string, "object key"), nullptr));
[build]       |                                                                                                                                                             ^
[build] C:\Users\pperv\code\unnamed_rpg\vendor\json\include\nlohmann/detail/input/parser.hpp(454,165): warning: 'nullptr' is incompatible with C++98 [-Wc++98-compat]
[build]   454 |                                                 parse_error::create(101, m_lexer.get_position(), exception_message(token_type::name_separator, "object separator"), nullptr));
[build]       |                                                                                                                                                                     ^
[build] C:\Users\pperv\code\unnamed_rpg\vendor\json\include\nlohmann/detail/input/parser.hpp(483,139): warning: 'nullptr' is incompatible with C++98 [-Wc++98-compat]
[build]   483 |                                     parse_error::create(101, m_lexer.get_position(), exception_message(token_type::end_object, "object"), nullptr));
[build]       |                                                                                                                                           ^
[build] C:\Users\pperv\code\unnamed_rpg\vendor\json\include\nlohmann/detail/input/parser.hpp(197,26): warning: enumeration type in nested name specifier is incompatible with C++98 [-Wc++98-compat]
[build]   197 |                     case token_type::begin_object:
[build]       |                          ^
[build] C:\Users\pperv\code\unnamed_rpg\vendor\json\include\nlohmann/detail/input/parser.hpp(100,13): note: in instantiation of function template specialization 'nlohmann::detail::parser<nlohmann::basic_json<>, nlohmann::detail::iterator_input_adapter<const char *>>::sax_parse_internal<nlohmann::detail::json_sax_dom_callback_parser<nlohmann::basic_json<>, nlohmann::detail::iterator_input_adapter<const char *>>>' requested here
[build]   100 |             sax_parse_internal(&sdp);
[build]       |             ^
[build] C:\Users\pperv\code\unnamed_rpg\vendor\json\include\nlohmann/json.hpp(4112,148): note: in instantiation of member function 'nlohmann::detail::parser<nlohmann::basic_json<>, nlohmann::detail::iterator_input_adapter<const char *>>::parse' requested here
[build]  4112 |         parser(detail::input_adapter(std::move(first), std::move(last)), std::move(cb), allow_exceptions, ignore_comments, ignore_trailing_commas).parse(true, result); // cppcheck-suppress[accessMoved]
[build]       |                                                                                                                                                    ^
[build] C:\Users\pperv\code\unnamed_rpg\vendor\json\include\nlohmann/json.hpp(5294,28): note: in instantiation of function template specialization 'nlohmann::basic_json<>::parse<const char *, const char *, 0>' requested here
[build]  5294 |     return nlohmann::json::parse(s, s + n);
[build]       |                            ^
[build] In file included from C:\Users\pperv\code\unnamed_rpg\vendor\json-schema-validator\src\json-uri.cpp:9:
[build] In file included from C:\Users\pperv\code\unnamed_rpg\vendor\json-schema-validator\src\nlohmann/json-schema.hpp:24:
[build] In file included from C:\Users\pperv\code\unnamed_rpg\vendor\json\include\nlohmann/json.hpp:53:
[build] C:\Users\pperv\code\unnamed_rpg\vendor\json\include\nlohmann/detail/input/parser.hpp(205,44): warning: enumeration type in nested name specifier is incompatible with C++98 [-Wc++98-compat]
[build]   205 |                         if (get_token() == token_type::end_object)
[build]       |                                            ^
[build] C:\Users\pperv\code\unnamed_rpg\vendor\json\include\nlohmann/detail/input/parser.hpp(215,64): warning: enumeration type in nested name specifier is incompatible with C++98 [-Wc++98-compat]
[build]   215 |                         if (JSON_HEDLEY_UNLIKELY(last_token != token_type::value_string))
[build]       |                                                                ^
[build] C:\Users\pperv\code\unnamed_rpg\vendor\json\include\nlohmann/detail/input/parser.hpp(219,120): warning: enumeration type in nested name specifier is incompatible with C++98 [-Wc++98-compat]
[build]   219 |                                                     parse_error::create(101, m_lexer.get_position(), exception_message(token_type::value_string, "object key"), nullptr));
[build]       |                                                                                                                        ^
[build] C:\Users\pperv\code\unnamed_rpg\vendor\json\include\nlohmann/detail/input/parser.hpp(227,65): warning: enumeration type in nested name specifier is incompatible with C++98 [-Wc++98-compat]
[build]   227 |                         if (JSON_HEDLEY_UNLIKELY(get_token() != token_type::name_separator))
[build]       |                                                                 ^
[build] C:\Users\pperv\code\unnamed_rpg\vendor\json\include\nlohmann/detail/input/parser.hpp(231,120): warning: enumeration type in nested name specifier is incompatible with C++98 [-Wc++98-compat]
[build]   231 |                                                     parse_error::create(101, m_lexer.get_position(), exception_message(token_type::name_separator, "object separator"), nullptr));
[build]       |                                                                                                                        ^
[build] C:\Users\pperv\code\unnamed_rpg\vendor\json\include\nlohmann/detail/input/parser.hpp(242,26): warning: enumeration type in nested name specifier is incompatible with C++98 [-Wc++98-compat]
[build]   242 |                     case token_type::begin_array:
[build]       |                          ^
[build] C:\Users\pperv\code\unnamed_rpg\vendor\json\include\nlohmann/detail/input/parser.hpp(250,44): warning: enumeration type in nested name specifier is incompatible with C++98 [-Wc++98-compat]
[build]   250 |                         if (get_token() == token_type::end_array)
[build]       |                                            ^
[build] C:\Users\pperv\code\unnamed_rpg\vendor\json\include\nlohmann/detail/input/parser.hpp(266,26): warning: enumeration type in nested name specifier is incompatible with C++98 [-Wc++98-compat]
[build]   266 |                     case token_type::value_float:
[build]       |                          ^
[build] C:\Users\pperv\code\unnamed_rpg\vendor\json\include\nlohmann/detail/input/parser.hpp(285,26): warning: enumeration type in nested name specifier is incompatible with C++98 [-Wc++98-compat]
[build]   285 |                     case token_type::literal_false:
[build]       |                          ^
[build] C:\Users\pperv\code\unnamed_rpg\vendor\json\include\nlohmann/detail/input/parser.hpp(294,26): warning: enumeration type in nested name specifier is incompatible with C++98 [-Wc++98-compat]
[build]   294 |                     case token_type::literal_null:
[build]       |                          ^
[build] C:\Users\pperv\code\unnamed_rpg\vendor\json\include\nlohmann/detail/input/parser.hpp(303,26): warning: enumeration type in nested name specifier is incompatible with C++98 [-Wc++98-compat]
[build]   303 |                     case token_type::literal_true:
[build]       |                          ^
[build] C:\Users\pperv\code\unnamed_rpg\vendor\json\include\nlohmann/detail/input/parser.hpp(312,26): warning: enumeration type in nested name specifier is incompatible with C++98 [-Wc++98-compat]
[build]   312 |                     case token_type::value_integer:
[build]       |                          ^
[build] C:\Users\pperv\code\unnamed_rpg\vendor\json\include\nlohmann/detail/input/parser.hpp(321,26): warning: enumeration type in nested name specifier is incompatible with C++98 [-Wc++98-compat]
[build]   321 |                     case token_type::value_string:
[build]       |                          ^
[build] C:\Users\pperv\code\unnamed_rpg\vendor\json\include\nlohmann/detail/input/parser.hpp(330,26): warning: enumeration type in nested name specifier is incompatible with C++98 [-Wc++98-compat]
[build]   330 |                     case token_type::value_unsigned:
[build]       |                          ^
[build] C:\Users\pperv\code\unnamed_rpg\vendor\json\include\nlohmann/detail/input/parser.hpp(339,26): warning: enumeration type in nested name specifier is incompatible with C++98 [-Wc++98-compat]
[build]   339 |                     case token_type::parse_error:
[build]       |                          ^
[build] C:\Users\pperv\code\unnamed_rpg\vendor\json\include\nlohmann/detail/input/parser.hpp(344,116): warning: enumeration type in nested name specifier is incompatible with C++98 [-Wc++98-compat]
[build]   344 |                                                 parse_error::create(101, m_lexer.get_position(), exception_message(token_type::uninitialized, "value"), nullptr));
[build]       |                                                                                                                    ^
[build] C:\Users\pperv\code\unnamed_rpg\vendor\json\include\nlohmann/detail/input/parser.hpp(346,26): warning: enumeration type in nested name specifier is incompatible with C++98 [-Wc++98-compat]
[build]   346 |                     case token_type::end_of_input:
[build]       |                          ^
[build] C:\Users\pperv\code\unnamed_rpg\vendor\json\include\nlohmann/detail/input/parser.hpp(358,116): warning: enumeration type in nested name specifier is incompatible with C++98 [-Wc++98-compat]
[build]   358 |                                                 parse_error::create(101, m_lexer.get_position(), exception_message(token_type::literal_or_value, "value"), nullptr));
[build]       |                                                                                                                    ^
[build] C:\Users\pperv\code\unnamed_rpg\vendor\json\include\nlohmann/detail/input/parser.hpp(360,26): warning: enumeration type in nested name specifier is incompatible with C++98 [-Wc++98-compat]
[build]   360 |                     case token_type::uninitialized:
[build]       |                          ^
[build] C:\Users\pperv\code\unnamed_rpg\vendor\json\include\nlohmann/detail/input/parser.hpp(361,26): warning: enumeration type in nested name specifier is incompatible with C++98 [-Wc++98-compat]
[build]   361 |                     case token_type::end_array:
[build]       |                          ^
[build] C:\Users\pperv\code\unnamed_rpg\vendor\json\include\nlohmann/detail/input/parser.hpp(362,26): warning: enumeration type in nested name specifier is incompatible with C++98 [-Wc++98-compat]
[build]   362 |                     case token_type::end_object:
[build]       |                          ^
[build] C:\Users\pperv\code\unnamed_rpg\vendor\json\include\nlohmann/detail/input/parser.hpp(363,26): warning: enumeration type in nested name specifier is incompatible with C++98 [-Wc++98-compat]
[build]   363 |                     case token_type::name_separator:
[build]       |                          ^
[build] C:\Users\pperv\code\unnamed_rpg\vendor\json\include\nlohmann/detail/input/parser.hpp(364,26): warning: enumeration type in nested name specifier is incompatible with C++98 [-Wc++98-compat]
[build]   364 |                     case token_type::value_separator:
[build]       |                          ^
[build] C:\Users\pperv\code\unnamed_rpg\vendor\json\include\nlohmann/detail/input/parser.hpp(365,26): warning: enumeration type in nested name specifier is incompatible with C++98 [-Wc++98-compat]
[build]   365 |                     case token_type::literal_or_value:
[build]       |                          ^
[build] C:\Users\pperv\code\unnamed_rpg\vendor\json\include\nlohmann/detail/input/parser.hpp(370,116): warning: enumeration type in nested name specifier is incompatible with C++98 [-Wc++98-compat]
[build]   370 |                                                 parse_error::create(101, m_lexer.get_position(), exception_message(token_type::literal_or_value, "value"), nullptr));
[build]       |                                                                                                                    ^
[build] C:\Users\pperv\code\unnamed_rpg\vendor\json\include\nlohmann/detail/input/parser.hpp(366,21): warning: default label in switch which covers all enumeration values [-Wcovered-switch-default]
[build]   366 |                     default: // the last token was unexpected
[build]       |                     ^
[build] C:\Users\pperv\code\unnamed_rpg\vendor\json\include\nlohmann/detail/input/parser.hpp(390,36): warning: enumeration type in nested name specifier is incompatible with C++98 [-Wc++98-compat]
[build]   390 |                 if (get_token() == token_type::value_separator)
[build]       |                                    ^
[build] C:\Users\pperv\code\unnamed_rpg\vendor\json\include\nlohmann/detail/input/parser.hpp(396,67): warning: enumeration type in nested name specifier is incompatible with C++98 [-Wc++98-compat]
[build]   396 |                     if (!(ignore_trailing_commas && last_token == token_type::end_array))
[build]       |                                                                   ^
[build] C:\Users\pperv\code\unnamed_rpg\vendor\json\include\nlohmann/detail/input/parser.hpp(403,54): warning: enumeration type in nested name specifier is incompatible with C++98 [-Wc++98-compat]
[build]   403 |                 if (JSON_HEDLEY_LIKELY(last_token == token_type::end_array))
[build]       |                                                      ^
[build] C:\Users\pperv\code\unnamed_rpg\vendor\json\include\nlohmann/detail/input/parser.hpp(422,108): warning: enumeration type in nested name specifier is incompatible with C++98 [-Wc++98-compat]
[build]   422 |                                         parse_error::create(101, m_lexer.get_position(), exception_message(token_type::end_array, "array"), nullptr));
[build]       |                                                                                                            ^
[build] C:\Users\pperv\code\unnamed_rpg\vendor\json\include\nlohmann/detail/input/parser.hpp(429,32): warning: enumeration type in nested name specifier is incompatible with C++98 [-Wc++98-compat]
[build]   429 |             if (get_token() == token_type::value_separator)
[build]       |                                ^
[build] C:\Users\pperv\code\unnamed_rpg\vendor\json\include\nlohmann/detail/input/parser.hpp(434,63): warning: enumeration type in nested name specifier is incompatible with C++98 [-Wc++98-compat]
[build]   434 |                 if (!(ignore_trailing_commas && last_token == token_type::end_object))
[build]       |                                                               ^
[build] C:\Users\pperv\code\unnamed_rpg\vendor\json\include\nlohmann/detail/input/parser.hpp(437,60): warning: enumeration type in nested name specifier is incompatible with C++98 [-Wc++98-compat]
[build]   437 |                     if (JSON_HEDLEY_UNLIKELY(last_token != token_type::value_string))
[build]       |                                                            ^
[build] C:\Users\pperv\code\unnamed_rpg\vendor\json\include\nlohmann/detail/input/parser.hpp(441,116): warning: enumeration type in nested name specifier is incompatible with C++98 [-Wc++98-compat]
[build]   441 |                                                 parse_error::create(101, m_lexer.get_position(), exception_message(token_type::value_string, "object key"), nullptr));
[build]       |                                                                                                                    ^
[build] C:\Users\pperv\code\unnamed_rpg\vendor\json\include\nlohmann/detail/input/parser.hpp(450,61): warning: enumeration type in nested name specifier is incompatible with C++98 [-Wc++98-compat]
[build]   450 |                     if (JSON_HEDLEY_UNLIKELY(get_token() != token_type::name_separator))
[build]       |                                                             ^
[build] C:\Users\pperv\code\unnamed_rpg\vendor\json\include\nlohmann/detail/input/parser.hpp(454,116): warning: enumeration type in nested name specifier is incompatible with C++98 [-Wc++98-compat]
[build]   454 |                                                 parse_error::create(101, m_lexer.get_position(), exception_message(token_type::name_separator, "object separator"), nullptr));
[build]       |                                                                                                                    ^
[build] C:\Users\pperv\code\unnamed_rpg\vendor\json\include\nlohmann/detail/input/parser.hpp(464,50): warning: enumeration type in nested name specifier is incompatible with C++98 [-Wc++98-compat]
[build]   464 |             if (JSON_HEDLEY_LIKELY(last_token == token_type::end_object))
[build]       |                                                  ^
[build] C:\Users\pperv\code\unnamed_rpg\vendor\json\include\nlohmann/detail/input/parser.hpp(483,104): warning: enumeration type in nested name specifier is incompatible with C++98 [-Wc++98-compat]
[build]   483 |                                     parse_error::create(101, m_lexer.get_position(), exception_message(token_type::end_object, "object"), nullptr));
[build]       |                                                                                                        ^
[build] In file included from C:\Users\pperv\code\unnamed_rpg\vendor\json-schema-validator\src\json-uri.cpp:9:
[build] In file included from C:\Users\pperv\code\unnamed_rpg\vendor\json-schema-validator\src\nlohmann/json-schema.hpp:24:
[build] In file included from C:\Users\pperv\code\unnamed_rpg\vendor\json\include\nlohmann/json.hpp:50:
[build] In file included from C:\Users\pperv\code\unnamed_rpg\vendor\json\include\nlohmann/detail/input/binary_reader.hpp:29:
[build] C:\Users\pperv\code\unnamed_rpg\vendor\json\include\nlohmann/detail/input/json_sax.hpp(551,9): warning: 'auto' type specifier is incompatible with C++98 [-Wc++98-compat]
[build]   551 |         auto val = handle_value(BasicJsonType::value_t::object, true);
[build]       |         ^~~~
[build] C:\Users\pperv\code\unnamed_rpg\vendor\json\include\nlohmann/detail/input/json_sax.hpp(548,72): warning: enumeration type in nested name specifier is incompatible with C++98 [-Wc++98-compat]
[build]   548 |         const bool keep = callback(static_cast<int>(ref_stack.size()), parse_event_t::object_start, discarded);
[build]       |                                                                        ^
[build] C:\Users\pperv\code\unnamed_rpg\vendor\json\include\nlohmann/detail/input/parser.hpp(199,56): note: in instantiation of member function 'nlohmann::detail::json_sax_dom_callback_parser<nlohmann::basic_json<>, nlohmann::detail::iterator_input_adapter<const char *>>::start_object' requested here
[build]   199 |                         if (JSON_HEDLEY_UNLIKELY(!sax->start_object(detail::unknown_size())))
[build]       |                                                        ^
[build] C:\Users\pperv\code\unnamed_rpg\vendor\json\include\nlohmann/thirdparty/hedley/hedley.hpp(1360,94): note: expanded from macro 'JSON_HEDLEY_UNLIKELY'
[build]  1360 | #  define JSON_HEDLEY_UNLIKELY(expr)                    __builtin_expect                 (!!(expr),    0                  )
[build]       |                                                                                              ^
[build] C:\Users\pperv\code\unnamed_rpg\vendor\json\include\nlohmann/detail/input/parser.hpp(100,13): note: in instantiation of function template specialization 'nlohmann::detail::parser<nlohmann::basic_json<>, nlohmann::detail::iterator_input_adapter<const char *>>::sax_parse_internal<nlohmann::detail::json_sax_dom_callback_parser<nlohmann::basic_json<>, nlohmann::detail::iterator_input_adapter<const char *>>>' requested here
[build]   100 |             sax_parse_internal(&sdp);
[build]       |             ^
[build] C:\Users\pperv\code\unnamed_rpg\vendor\json\include\nlohmann/json.hpp(4112,148): note: in instantiation of member function 'nlohmann::detail::parser<nlohmann::basic_json<>, nlohmann::detail::iterator_input_adapter<const char *>>::parse' requested here
[build]  4112 |         parser(detail::input_adapter(std::move(first), std::move(last)), std::move(cb), allow_exceptions, ignore_comments, ignore_trailing_commas).parse(true, result); // cppcheck-suppress[accessMoved]
[build]       |                                                                                                                                                    ^
[build] C:\Users\pperv\code\unnamed_rpg\vendor\json\include\nlohmann/json.hpp(5294,28): note: in instantiation of function template specialization 'nlohmann::basic_json<>::parse<const char *, const char *, 0>' requested here
[build]  5294 |     return nlohmann::json::parse(s, s + n);
[build]       |                            ^
[build] In file included from C:\Users\pperv\code\unnamed_rpg\vendor\json-schema-validator\src\json-uri.cpp:9:
[build] In file included from C:\Users\pperv\code\unnamed_rpg\vendor\json-schema-validator\src\nlohmann/json-schema.hpp:24:
[build] In file included from C:\Users\pperv\code\unnamed_rpg\vendor\json\include\nlohmann/json.hpp:50:
[build] In file included from C:\Users\pperv\code\unnamed_rpg\vendor\json\include\nlohmann/detail/input/binary_reader.hpp:29:
[build] C:\Users\pperv\code\unnamed_rpg\vendor\json\include\nlohmann/detail/input/json_sax.hpp(849,28): warning: 'nullptr' is incompatible with C++98 [-Wc++98-compat]
[build]   849 |             return {false, nullptr};
[build]       |                            ^
[build] C:\Users\pperv\code\unnamed_rpg\vendor\json\include\nlohmann/detail/input/json_sax.hpp(849,20): warning: generalized initializer lists are incompatible with C++98 [-Wc++98-compat]
[build]   849 |             return {false, nullptr};
[build]       |                    ^~~~~~~~~~~~~~~~
[build] C:\Users\pperv\code\unnamed_rpg\vendor\json\include\nlohmann/detail/input/json_sax.hpp(853,9): warning: 'auto' type specifier is incompatible with C++98 [-Wc++98-compat]
[build]   853 |         auto value = BasicJsonType(std::forward<Value>(v));
[build]       |         ^~~~
[build] C:\Users\pperv\code\unnamed_rpg\vendor\json\include\nlohmann/detail/input/json_sax.hpp(877,28): warning: 'nullptr' is incompatible with C++98 [-Wc++98-compat]
[build]   877 |             return {false, nullptr};
[build]       |                            ^
[build] C:\Users\pperv\code\unnamed_rpg\vendor\json\include\nlohmann/detail/input/json_sax.hpp(877,20): warning: generalized initializer lists are incompatible with C++98 [-Wc++98-compat]
[build]   877 |             return {false, nullptr};
[build]       |                    ^~~~~~~~~~~~~~~~
[build] C:\Users\pperv\code\unnamed_rpg\vendor\json\include\nlohmann/detail/input/json_sax.hpp(883,20): warning: generalized initializer lists are incompatible with C++98 [-Wc++98-compat]
[build]   883 |             return {true, & root};
[build]       |                    ^~~~~~~~~~~~~~
[build] C:\Users\pperv\code\unnamed_rpg\vendor\json\include\nlohmann/detail/input/json_sax.hpp(890,28): warning: 'nullptr' is incompatible with C++98 [-Wc++98-compat]
[build]   890 |             return {false, nullptr};
[build]       |                            ^
[build] C:\Users\pperv\code\unnamed_rpg\vendor\json\include\nlohmann/detail/input/json_sax.hpp(890,20): warning: generalized initializer lists are incompatible with C++98 [-Wc++98-compat]
[build]   890 |             return {false, nullptr};
[build]       |                    ^~~~~~~~~~~~~~~~
[build] C:\Users\pperv\code\unnamed_rpg\vendor\json\include\nlohmann/detail/input/json_sax.hpp(900,20): warning: generalized initializer lists are incompatible with C++98 [-Wc++98-compat]
[build]   900 |             return {true, & (ref_stack.back()->m_data.m_value.array->back())};
[build]       |                    ^~~~~~~~~~~~~~~~~~~~~~~~~~~~~~~~~~~~~~~~~~~~~~~~~~~~~~~~~~
[build] C:\Users\pperv\code\unnamed_rpg\vendor\json\include\nlohmann/detail/input/json_sax.hpp(912,28): warning: 'nullptr' is incompatible with C++98 [-Wc++98-compat]
[build]   912 |             return {false, nullptr};
[build]       |                            ^
[build] C:\Users\pperv\code\unnamed_rpg\vendor\json\include\nlohmann/detail/input/json_sax.hpp(912,20): warning: generalized initializer lists are incompatible with C++98 [-Wc++98-compat]
[build]   912 |             return {false, nullptr};
[build]       |                    ^~~~~~~~~~~~~~~~
[build] C:\Users\pperv\code\unnamed_rpg\vendor\json\include\nlohmann/detail/input/json_sax.hpp(917,16): warning: generalized initializer lists are incompatible with C++98 [-Wc++98-compat]
[build]   917 |         return {true, object_element};
[build]       |                ^~~~~~~~~~~~~~~~~~~~~~
[build] C:\Users\pperv\code\unnamed_rpg\vendor\json\include\nlohmann/detail/input/json_sax.hpp(849,20): warning: constructor call from initializer list is incompatible with C++98 [-Wc++98-compat]
[build]   849 |             return {false, nullptr};
[build]       |                    ^~~~~~~~~~~~~~~~
[build] C:\Users\pperv\code\unnamed_rpg\vendor\json\include\nlohmann/detail/input/json_sax.hpp(551,20): note: in instantiation of function template specialization 'nlohmann::detail::json_sax_dom_callback_parser<nlohmann::basic_json<>, nlohmann::detail::iterator_input_adapter<const char *>>::handle_value<nlohmann::detail::value_t>' requested here
[build]   551 |         auto val = handle_value(BasicJsonType::value_t::object, true);
[build]       |                    ^
[build] C:\Users\pperv\code\unnamed_rpg\vendor\json\include\nlohmann/detail/input/parser.hpp(199,56): note: in instantiation of member function 'nlohmann::detail::json_sax_dom_callback_parser<nlohmann::basic_json<>, nlohmann::detail::iterator_input_adapter<const char *>>::start_object' requested here
[build]   199 |                         if (JSON_HEDLEY_UNLIKELY(!sax->start_object(detail::unknown_size())))
[build]       |                                                        ^
[build] C:\Users\pperv\code\unnamed_rpg\vendor\json\include\nlohmann/thirdparty/hedley/hedley.hpp(1360,94): note: expanded from macro 'JSON_HEDLEY_UNLIKELY'
[build]  1360 | #  define JSON_HEDLEY_UNLIKELY(expr)                    __builtin_expect                 (!!(expr),    0                  )
[build]       |                                                                                              ^
[build] C:\Users\pperv\code\unnamed_rpg\vendor\json\include\nlohmann/detail/input/parser.hpp(100,13): note: in instantiation of function template specialization 'nlohmann::detail::parser<nlohmann::basic_json<>, nlohmann::detail::iterator_input_adapter<const char *>>::sax_parse_internal<nlohmann::detail::json_sax_dom_callback_parser<nlohmann::basic_json<>, nlohmann::detail::iterator_input_adapter<const char *>>>' requested here
[build]   100 |             sax_parse_internal(&sdp);
[build]       |             ^
[build] C:\Users\pperv\code\unnamed_rpg\vendor\json\include\nlohmann/json.hpp(4112,148): note: in instantiation of member function 'nlohmann::detail::parser<nlohmann::basic_json<>, nlohmann::detail::iterator_input_adapter<const char *>>::parse' requested here
[build]  4112 |         parser(detail::input_adapter(std::move(first), std::move(last)), std::move(cb), allow_exceptions, ignore_comments, ignore_trailing_commas).parse(true, result); // cppcheck-suppress[accessMoved]
[build]       |                                                                                                                                                    ^
[build] C:\Users\pperv\code\unnamed_rpg\vendor\json\include\nlohmann/json.hpp(5294,28): note: in instantiation of function template specialization 'nlohmann::basic_json<>::parse<const char *, const char *, 0>' requested here
[build]  5294 |     return nlohmann::json::parse(s, s + n);
[build]       |                            ^
[build] In file included from C:\Users\pperv\code\unnamed_rpg\vendor\json-schema-validator\src\json-uri.cpp:9:
[build] In file included from C:\Users\pperv\code\unnamed_rpg\vendor\json-schema-validator\src\nlohmann/json-schema.hpp:24:
[build] In file included from C:\Users\pperv\code\unnamed_rpg\vendor\json\include\nlohmann/json.hpp:50:
[build] In file included from C:\Users\pperv\code\unnamed_rpg\vendor\json\include\nlohmann/detail/input/binary_reader.hpp:29:
[build] C:\Users\pperv\code\unnamed_rpg\vendor\json\include\nlohmann/detail/input/json_sax.hpp(860,89): warning: enumeration type in nested name specifier is incompatible with C++98 [-Wc++98-compat]
[build]   860 |         const bool keep = skip_callback || callback(static_cast<int>(ref_stack.size()), parse_event_t::value, value);
[build]       |                                                                                         ^
[build] C:\Users\pperv\code\unnamed_rpg\vendor\json\include\nlohmann/detail/input/json_sax.hpp(551,20): note: in instantiation of function template specialization 'nlohmann::detail::json_sax_dom_callback_parser<nlohmann::basic_json<>, nlohmann::detail::iterator_input_adapter<const char *>>::handle_value<nlohmann::detail::value_t>' requested here
[build]   551 |         auto val = handle_value(BasicJsonType::value_t::object, true);
[build]       |                    ^
[build] C:\Users\pperv\code\unnamed_rpg\vendor\json\include\nlohmann/detail/input/parser.hpp(199,56): note: in instantiation of member function 'nlohmann::detail::json_sax_dom_callback_parser<nlohmann::basic_json<>, nlohmann::detail::iterator_input_adapter<const char *>>::start_object' requested here
[build]   199 |                         if (JSON_HEDLEY_UNLIKELY(!sax->start_object(detail::unknown_size())))
[build]       |                                                        ^
[build] C:\Users\pperv\code\unnamed_rpg\vendor\json\include\nlohmann/thirdparty/hedley/hedley.hpp(1360,94): note: expanded from macro 'JSON_HEDLEY_UNLIKELY'
[build]  1360 | #  define JSON_HEDLEY_UNLIKELY(expr)                    __builtin_expect                 (!!(expr),    0                  )
[build]       |                                                                                              ^
[build] C:\Users\pperv\code\unnamed_rpg\vendor\json\include\nlohmann/detail/input/parser.hpp(100,13): note: in instantiation of function template specialization 'nlohmann::detail::parser<nlohmann::basic_json<>, nlohmann::detail::iterator_input_adapter<const char *>>::sax_parse_internal<nlohmann::detail::json_sax_dom_callback_parser<nlohmann::basic_json<>, nlohmann::detail::iterator_input_adapter<const char *>>>' requested here
[build]   100 |             sax_parse_internal(&sdp);
[build]       |             ^
[build] C:\Users\pperv\code\unnamed_rpg\vendor\json\include\nlohmann/json.hpp(4112,148): note: in instantiation of member function 'nlohmann::detail::parser<nlohmann::basic_json<>, nlohmann::detail::iterator_input_adapter<const char *>>::parse' requested here
[build]  4112 |         parser(detail::input_adapter(std::move(first), std::move(last)), std::move(cb), allow_exceptions, ignore_comments, ignore_trailing_commas).parse(true, result); // cppcheck-suppress[accessMoved]
[build]       |                                                                                                                                                    ^
[build] C:\Users\pperv\code\unnamed_rpg\vendor\json\include\nlohmann/json.hpp(5294,28): note: in instantiation of function template specialization 'nlohmann::basic_json<>::parse<const char *, const char *, 0>' requested here
[build]  5294 |     return nlohmann::json::parse(s, s + n);
[build]       |                            ^
[build] In file included from C:\Users\pperv\code\unnamed_rpg\vendor\json-schema-validator\src\json-uri.cpp:9:
[build] In file included from C:\Users\pperv\code\unnamed_rpg\vendor\json-schema-validator\src\nlohmann/json-schema.hpp:24:
[build] In file included from C:\Users\pperv\code\unnamed_rpg\vendor\json\include\nlohmann/json.hpp:50:
[build] In file included from C:\Users\pperv\code\unnamed_rpg\vendor\json\include\nlohmann/detail/input/binary_reader.hpp:29:
[build] C:\Users\pperv\code\unnamed_rpg\vendor\json\include\nlohmann/detail/input/json_sax.hpp(877,20): warning: constructor call from initializer list is incompatible with C++98 [-Wc++98-compat]
[build]   877 |             return {false, nullptr};
[build]       |                    ^~~~~~~~~~~~~~~~
[build] C:\Users\pperv\code\unnamed_rpg\vendor\json\include\nlohmann/detail/input/json_sax.hpp(883,20): warning: constructor call from initializer list is incompatible with C++98 [-Wc++98-compat]
[build]   883 |             return {true, & root};
[build]       |                    ^~~~~~~~~~~~~~
[build] C:\Users\pperv\code\unnamed_rpg\vendor\json\include\nlohmann/detail/input/json_sax.hpp(890,20): warning: constructor call from initializer list is incompatible with C++98 [-Wc++98-compat]
[build]   890 |             return {false, nullptr};
[build]       |                    ^~~~~~~~~~~~~~~~
[build] C:\Users\pperv\code\unnamed_rpg\vendor\json\include\nlohmann/detail/input/json_sax.hpp(900,20): warning: constructor call from initializer list is incompatible with C++98 [-Wc++98-compat]
[build]   900 |             return {true, & (ref_stack.back()->m_data.m_value.array->back())};
[build]       |                    ^~~~~~~~~~~~~~~~~~~~~~~~~~~~~~~~~~~~~~~~~~~~~~~~~~~~~~~~~~
[build] C:\Users\pperv\code\unnamed_rpg\vendor\json\include\nlohmann/detail/input/json_sax.hpp(912,20): warning: constructor call from initializer list is incompatible with C++98 [-Wc++98-compat]
[build]   912 |             return {false, nullptr};
[build]       |                    ^~~~~~~~~~~~~~~~
[build] C:\Users\pperv\code\unnamed_rpg\vendor\json\include\nlohmann/detail/input/json_sax.hpp(917,16): warning: constructor call from initializer list is incompatible with C++98 [-Wc++98-compat]
[build]   917 |         return {true, object_element};
[build]       |                ^~~~~~~~~~~~~~~~~~~~~~
[build] C:\Users\pperv\code\unnamed_rpg\vendor\json\include\nlohmann/detail/input/json_sax.hpp(815,14): warning: 'auto' type specifier is incompatible with C++98 [-Wc++98-compat]
[build]   815 |         for (auto it = parent.begin(); it != parent.end(); ++it)
[build]       |              ^~~~
[build] In file included from C:\Users\pperv\code\unnamed_rpg\vendor\json-schema-validator\src\json-uri.cpp:9:
[build] In file included from C:\Users\pperv\code\unnamed_rpg\vendor\json-schema-validator\src\nlohmann/json-schema.hpp:24:
[build] In file included from C:\Users\pperv\code\unnamed_rpg\vendor\json\include\nlohmann/json.hpp:55:
[build] C:\Users\pperv\code\unnamed_rpg\vendor\json\include\nlohmann/detail/iterators/iter_impl.hpp(508,170): warning: use of null pointer as non-type template argument is incompatible with C++98 [-Wc++98-compat]
[build]   508 |     template < typename IterImpl, detail::enable_if_t < (std::is_same<IterImpl, iter_impl>::value || std::is_same<IterImpl, other_iter_impl>::value), std::nullptr_t > = nullptr >
[build]       |                                                                                                                                                                          ^
[build] C:\Users\pperv\code\unnamed_rpg\vendor\json\include\nlohmann/detail/input/json_sax.hpp(815,43): note: while substituting deduced template arguments into function template 'operator!=' [with IterImpl = iterator, $1 = (no value)]
[build]   815 |         for (auto it = parent.begin(); it != parent.end(); ++it)
[build]       |                                           ^
[build] C:\Users\pperv\code\unnamed_rpg\vendor\json\include\nlohmann/detail/input/json_sax.hpp(874,21): note: in instantiation of member function 'nlohmann::detail::json_sax_dom_callback_parser<nlohmann::basic_json<>, nlohmann::detail::iterator_input_adapter<const char *>>::remove_discarded_value' requested here
[build]   874 |                     remove_discarded_value(*ref_stack.back());
[build]       |                     ^
[build] C:\Users\pperv\code\unnamed_rpg\vendor\json\include\nlohmann/detail/input/json_sax.hpp(551,20): note: in instantiation of function template specialization 'nlohmann::detail::json_sax_dom_callback_parser<nlohmann::basic_json<>, nlohmann::detail::iterator_input_adapter<const char *>>::handle_value<nlohmann::detail::value_t>' requested here
[build]   551 |         auto val = handle_value(BasicJsonType::value_t::object, true);
[build]       |                    ^
[build] C:\Users\pperv\code\unnamed_rpg\vendor\json\include\nlohmann/detail/input/parser.hpp(199,56): note: in instantiation of member function 'nlohmann::detail::json_sax_dom_callback_parser<nlohmann::basic_json<>, nlohmann::detail::iterator_input_adapter<const char *>>::start_object' requested here
[build]   199 |                         if (JSON_HEDLEY_UNLIKELY(!sax->start_object(detail::unknown_size())))
[build]       |                                                        ^
[build] C:\Users\pperv\code\unnamed_rpg\vendor\json\include\nlohmann/thirdparty/hedley/hedley.hpp(1360,94): note: expanded from macro 'JSON_HEDLEY_UNLIKELY'
[build]  1360 | #  define JSON_HEDLEY_UNLIKELY(expr)                    __builtin_expect                 (!!(expr),    0                  )
[build]       |                                                                                              ^
[build] C:\Users\pperv\code\unnamed_rpg\vendor\json\include\nlohmann/detail/input/parser.hpp(100,13): note: in instantiation of function template specialization 'nlohmann::detail::parser<nlohmann::basic_json<>, nlohmann::detail::iterator_input_adapter<const char *>>::sax_parse_internal<nlohmann::detail::json_sax_dom_callback_parser<nlohmann::basic_json<>, nlohmann::detail::iterator_input_adapter<const char *>>>' requested here
[build]   100 |             sax_parse_internal(&sdp);
[build]       |             ^
[build] C:\Users\pperv\code\unnamed_rpg\vendor\json\include\nlohmann/json.hpp(4112,148): note: in instantiation of member function 'nlohmann::detail::parser<nlohmann::basic_json<>, nlohmann::detail::iterator_input_adapter<const char *>>::parse' requested here
[build]  4112 |         parser(detail::input_adapter(std::move(first), std::move(last)), std::move(cb), allow_exceptions, ignore_comments, ignore_trailing_commas).parse(true, result); // cppcheck-suppress[accessMoved]
[build]       |                                                                                                                                                    ^
[build] C:\Users\pperv\code\unnamed_rpg\vendor\json\include\nlohmann/json.hpp(5294,28): note: in instantiation of function template specialization 'nlohmann::basic_json<>::parse<const char *, const char *, 0>' requested here
[build]  5294 |     return nlohmann::json::parse(s, s + n);
[build]       |                            ^
[build] In file included from C:\Users\pperv\code\unnamed_rpg\vendor\json-schema-validator\src\json-uri.cpp:9:
[build] In file included from C:\Users\pperv\code\unnamed_rpg\vendor\json-schema-validator\src\nlohmann/json-schema.hpp:24:
[build] In file included from C:\Users\pperv\code\unnamed_rpg\vendor\json\include\nlohmann/json.hpp:55:
[build] C:\Users\pperv\code\unnamed_rpg\vendor\json\include\nlohmann/detail/iterators/iter_impl.hpp(102,33): warning: 'nullptr' is incompatible with C++98 [-Wc++98-compat]
[build]   102 |         JSON_ASSERT(m_object != nullptr);
[build]       |                                 ^
[build] C:\Users\pperv\code\unnamed_rpg\vendor\json\include\nlohmann/detail/iterators/iter_impl.hpp(106,18): warning: enumeration type in nested name specifier is incompatible with C++98 [-Wc++98-compat]
[build]   106 |             case value_t::object:
[build]       |                  ^
[build] C:\Users\pperv\code\unnamed_rpg\vendor\json\include\nlohmann/detail/input/json_sax.hpp(815,31): note: in instantiation of member function 'nlohmann::basic_json<>::begin' requested here
[build]   815 |         for (auto it = parent.begin(); it != parent.end(); ++it)
[build]       |                               ^
[build] C:\Users\pperv\code\unnamed_rpg\vendor\json\include\nlohmann/detail/input/json_sax.hpp(874,21): note: in instantiation of member function 'nlohmann::detail::json_sax_dom_callback_parser<nlohmann::basic_json<>, nlohmann::detail::iterator_input_adapter<const char *>>::remove_discarded_value' requested here
[build]   874 |                     remove_discarded_value(*ref_stack.back());
[build]       |                     ^
[build] C:\Users\pperv\code\unnamed_rpg\vendor\json\include\nlohmann/detail/input/json_sax.hpp(551,20): note: in instantiation of function template specialization 'nlohmann::detail::json_sax_dom_callback_parser<nlohmann::basic_json<>, nlohmann::detail::iterator_input_adapter<const char *>>::handle_value<nlohmann::detail::value_t>' requested here
[build]   551 |         auto val = handle_value(BasicJsonType::value_t::object, true);
[build]       |                    ^
[build] C:\Users\pperv\code\unnamed_rpg\vendor\json\include\nlohmann/detail/input/parser.hpp(199,56): note: in instantiation of member function 'nlohmann::detail::json_sax_dom_callback_parser<nlohmann::basic_json<>, nlohmann::detail::iterator_input_adapter<const char *>>::start_object' requested here
[build]   199 |                         if (JSON_HEDLEY_UNLIKELY(!sax->start_object(detail::unknown_size())))
[build]       |                                                        ^
[build] C:\Users\pperv\code\unnamed_rpg\vendor\json\include\nlohmann/thirdparty/hedley/hedley.hpp(1360,94): note: expanded from macro 'JSON_HEDLEY_UNLIKELY'
[build]  1360 | #  define JSON_HEDLEY_UNLIKELY(expr)                    __builtin_expect                 (!!(expr),    0                  )
[build]       |                                                                                              ^
[build] C:\Users\pperv\code\unnamed_rpg\vendor\json\include\nlohmann/detail/input/parser.hpp(100,13): note: in instantiation of function template specialization 'nlohmann::detail::parser<nlohmann::basic_json<>, nlohmann::detail::iterator_input_adapter<const char *>>::sax_parse_internal<nlohmann::detail::json_sax_dom_callback_parser<nlohmann::basic_json<>, nlohmann::detail::iterator_input_adapter<const char *>>>' requested here
[build]   100 |             sax_parse_internal(&sdp);
[build]       |             ^
[build] C:\Users\pperv\code\unnamed_rpg\vendor\json\include\nlohmann/json.hpp(4112,148): note: in instantiation of member function 'nlohmann::detail::parser<nlohmann::basic_json<>, nlohmann::detail::iterator_input_adapter<const char *>>::parse' requested here
[build]  4112 |         parser(detail::input_adapter(std::move(first), std::move(last)), std::move(cb), allow_exceptions, ignore_comments, ignore_trailing_commas).parse(true, result); // cppcheck-suppress[accessMoved]
[build]       |                                                                                                                                                    ^
[build] C:\Users\pperv\code\unnamed_rpg\vendor\json\include\nlohmann/json.hpp(5294,28): note: in instantiation of function template specialization 'nlohmann::basic_json<>::parse<const char *, const char *, 0>' requested here
[build]  5294 |     return nlohmann::json::parse(s, s + n);
[build]       |                            ^
[build] In file included from C:\Users\pperv\code\unnamed_rpg\vendor\json-schema-validator\src\json-uri.cpp:9:
[build] In file included from C:\Users\pperv\code\unnamed_rpg\vendor\json-schema-validator\src\nlohmann/json-schema.hpp:24:
[build] In file included from C:\Users\pperv\code\unnamed_rpg\vendor\json\include\nlohmann/json.hpp:55:
[build] C:\Users\pperv\code\unnamed_rpg\vendor\json\include\nlohmann/detail/iterators/iter_impl.hpp(112,18): warning: enumeration type in nested name specifier is incompatible with C++98 [-Wc++98-compat]
[build]   112 |             case value_t::array:
[build]       |                  ^
[build] C:\Users\pperv\code\unnamed_rpg\vendor\json\include\nlohmann/detail/iterators/iter_impl.hpp(118,18): warning: enumeration type in nested name specifier is incompatible with C++98 [-Wc++98-compat]
[build]   118 |             case value_t::null:
[build]       |                  ^
[build] C:\Users\pperv\code\unnamed_rpg\vendor\json\include\nlohmann/detail/iterators/iter_impl.hpp(119,18): warning: enumeration type in nested name specifier is incompatible with C++98 [-Wc++98-compat]
[build]   119 |             case value_t::string:
[build]       |                  ^
[build] C:\Users\pperv\code\unnamed_rpg\vendor\json\include\nlohmann/detail/iterators/iter_impl.hpp(120,18): warning: enumeration type in nested name specifier is incompatible with C++98 [-Wc++98-compat]
[build]   120 |             case value_t::boolean:
[build]       |                  ^
[build] C:\Users\pperv\code\unnamed_rpg\vendor\json\include\nlohmann/detail/iterators/iter_impl.hpp(121,18): warning: enumeration type in nested name specifier is incompatible with C++98 [-Wc++98-compat]
[build]   121 |             case value_t::number_integer:
[build]       |                  ^
[build] C:\Users\pperv\code\unnamed_rpg\vendor\json\include\nlohmann/detail/iterators/iter_impl.hpp(122,18): warning: enumeration type in nested name specifier is incompatible with C++98 [-Wc++98-compat]
[build]   122 |             case value_t::number_unsigned:
[build]       |                  ^
[build] C:\Users\pperv\code\unnamed_rpg\vendor\json\include\nlohmann/detail/iterators/iter_impl.hpp(123,18): warning: enumeration type in nested name specifier is incompatible with C++98 [-Wc++98-compat]
[build]   123 |             case value_t::number_float:
[build]       |                  ^
[build] C:\Users\pperv\code\unnamed_rpg\vendor\json\include\nlohmann/detail/iterators/iter_impl.hpp(124,18): warning: enumeration type in nested name specifier is incompatible with C++98 [-Wc++98-compat]
[build]   124 |             case value_t::binary:
[build]       |                  ^
[build] C:\Users\pperv\code\unnamed_rpg\vendor\json\include\nlohmann/detail/iterators/iter_impl.hpp(125,18): warning: enumeration type in nested name specifier is incompatible with C++98 [-Wc++98-compat]
[build]   125 |             case value_t::discarded:
[build]       |                  ^
[build] In file included from C:\Users\pperv\code\unnamed_rpg\vendor\json-schema-validator\src\json-uri.cpp:9:
[build] In file included from C:\Users\pperv\code\unnamed_rpg\vendor\json-schema-validator\src\nlohmann/json-schema.hpp:24:
[build] In file included from C:\Users\pperv\code\unnamed_rpg\vendor\json\include\nlohmann/json.hpp:54:
[build] C:\Users\pperv\code\unnamed_rpg\vendor\json\include\nlohmann/detail/iterators/internal_iterator.hpp(27,64): warning: constructor call from initializer list is incompatible with C++98 [-Wc++98-compat]
[build]    27 |     typename BasicJsonType::object_t::iterator object_iterator {};
[build]       |                                                                ^~
[build] C:\Users\pperv\code\unnamed_rpg\vendor\json\include\nlohmann/detail/iterators/iter_impl.hpp(756,78): note: in instantiation of default member initializer 'nlohmann::detail::internal_iterator<nlohmann::basic_json<>>::object_iterator' requested here
[build]   756 |     internal_iterator<typename std::remove_const<BasicJsonType>::type> m_it {};
[build]       |                                                                              ^
[build] C:\Users\pperv\code\unnamed_rpg\vendor\json\include\nlohmann/detail/iterators/iter_impl.hpp(100,14): note: in instantiation of default member initializer 'nlohmann::detail::iter_impl<nlohmann::basic_json<>>::m_it' requested here
[build]   100 |     explicit iter_impl(pointer object) noexcept : m_object(object)
[build]       |              ^
[build] C:\Users\pperv\code\unnamed_rpg\vendor\json\include\nlohmann/json.hpp(2841,18): note: in instantiation of member function 'nlohmann::detail::iter_impl<nlohmann::basic_json<>>::iter_impl' requested here
[build]  2841 |         iterator result(this);
[build]       |                  ^
[build] C:\Users\pperv\code\unnamed_rpg\vendor\json\include\nlohmann/detail/input/json_sax.hpp(815,31): note: in instantiation of member function 'nlohmann::basic_json<>::begin' requested here
[build]   815 |         for (auto it = parent.begin(); it != parent.end(); ++it)
[build]       |                               ^
[build] C:\Users\pperv\code\unnamed_rpg\vendor\json\include\nlohmann/detail/input/json_sax.hpp(874,21): note: in instantiation of member function 'nlohmann::detail::json_sax_dom_callback_parser<nlohmann::basic_json<>, nlohmann::detail::iterator_input_adapter<const char *>>::remove_discarded_value' requested here
[build]   874 |                     remove_discarded_value(*ref_stack.back());
[build]       |                     ^
[build] C:\Users\pperv\code\unnamed_rpg\vendor\json\include\nlohmann/detail/input/json_sax.hpp(551,20): note: in instantiation of function template specialization 'nlohmann::detail::json_sax_dom_callback_parser<nlohmann::basic_json<>, nlohmann::detail::iterator_input_adapter<const char *>>::handle_value<nlohmann::detail::value_t>' requested here
[build]   551 |         auto val = handle_value(BasicJsonType::value_t::object, true);
[build]       |                    ^
[build] C:\Users\pperv\code\unnamed_rpg\vendor\json\include\nlohmann/detail/input/parser.hpp(199,56): note: in instantiation of member function 'nlohmann::detail::json_sax_dom_callback_parser<nlohmann::basic_json<>, nlohmann::detail::iterator_input_adapter<const char *>>::start_object' requested here
[build]   199 |                         if (JSON_HEDLEY_UNLIKELY(!sax->start_object(detail::unknown_size())))
[build]       |                                                        ^
[build] C:\Users\pperv\code\unnamed_rpg\vendor\json\include\nlohmann/thirdparty/hedley/hedley.hpp(1360,94): note: expanded from macro 'JSON_HEDLEY_UNLIKELY'
[build]  1360 | #  define JSON_HEDLEY_UNLIKELY(expr)                    __builtin_expect                 (!!(expr),    0                  )
[build]       |                                                                                              ^
[build] C:\Users\pperv\code\unnamed_rpg\vendor\json\include\nlohmann/detail/input/parser.hpp(100,13): note: in instantiation of function template specialization 'nlohmann::detail::parser<nlohmann::basic_json<>, nlohmann::detail::iterator_input_adapter<const char *>>::sax_parse_internal<nlohmann::detail::json_sax_dom_callback_parser<nlohmann::basic_json<>, nlohmann::detail::iterator_input_adapter<const char *>>>' requested here
[build]   100 |             sax_parse_internal(&sdp);
[build]       |             ^
[build] C:\Users\pperv\code\unnamed_rpg\vendor\json\include\nlohmann/json.hpp(4112,148): note: in instantiation of member function 'nlohmann::detail::parser<nlohmann::basic_json<>, nlohmann::detail::iterator_input_adapter<const char *>>::parse' requested here
[build]  4112 |         parser(detail::input_adapter(std::move(first), std::move(last)), std::move(cb), allow_exceptions, ignore_comments, ignore_trailing_commas).parse(true, result); // cppcheck-suppress[accessMoved]
[build]       |                                                                                                                                                    ^
[build] C:\Users\pperv\code\unnamed_rpg\vendor\json\include\nlohmann/json.hpp(5294,28): note: in instantiation of function template specialization 'nlohmann::basic_json<>::parse<const char *, const char *, 0>' requested here
[build]  5294 |     return nlohmann::json::parse(s, s + n);
[build]       |                            ^
[build] In file included from C:\Users\pperv\code\unnamed_rpg\vendor\json-schema-validator\src\json-uri.cpp:9:
[build] In file included from C:\Users\pperv\code\unnamed_rpg\vendor\json-schema-validator\src\nlohmann/json-schema.hpp:24:
[build] In file included from C:\Users\pperv\code\unnamed_rpg\vendor\json\include\nlohmann/json.hpp:54:
[build] C:\Users\pperv\code\unnamed_rpg\vendor\json\include\nlohmann/detail/iterators/internal_iterator.hpp(29,62): warning: constructor call from initializer list is incompatible with C++98 [-Wc++98-compat]
[build]    29 |     typename BasicJsonType::array_t::iterator array_iterator {};
[build]       |                                                              ^~
[build] C:\Users\pperv\code\unnamed_rpg\vendor\json\include\nlohmann/detail/iterators/iter_impl.hpp(756,78): note: in instantiation of default member initializer 'nlohmann::detail::internal_iterator<nlohmann::basic_json<>>::array_iterator' requested here
[build]   756 |     internal_iterator<typename std::remove_const<BasicJsonType>::type> m_it {};
[build]       |                                                                              ^
[build] C:\Users\pperv\code\unnamed_rpg\vendor\json\include\nlohmann/detail/iterators/iter_impl.hpp(100,14): note: in instantiation of default member initializer 'nlohmann::detail::iter_impl<nlohmann::basic_json<>>::m_it' requested here
[build]   100 |     explicit iter_impl(pointer object) noexcept : m_object(object)
[build]       |              ^
[build] C:\Users\pperv\code\unnamed_rpg\vendor\json\include\nlohmann/json.hpp(2841,18): note: in instantiation of member function 'nlohmann::detail::iter_impl<nlohmann::basic_json<>>::iter_impl' requested here
[build]  2841 |         iterator result(this);
[build]       |                  ^
[build] C:\Users\pperv\code\unnamed_rpg\vendor\json\include\nlohmann/detail/input/json_sax.hpp(815,31): note: in instantiation of member function 'nlohmann::basic_json<>::begin' requested here
[build]   815 |         for (auto it = parent.begin(); it != parent.end(); ++it)
[build]       |                               ^
[build] C:\Users\pperv\code\unnamed_rpg\vendor\json\include\nlohmann/detail/input/json_sax.hpp(874,21): note: in instantiation of member function 'nlohmann::detail::json_sax_dom_callback_parser<nlohmann::basic_json<>, nlohmann::detail::iterator_input_adapter<const char *>>::remove_discarded_value' requested here
[build]   874 |                     remove_discarded_value(*ref_stack.back());
[build]       |                     ^
[build] C:\Users\pperv\code\unnamed_rpg\vendor\json\include\nlohmann/detail/input/json_sax.hpp(551,20): note: in instantiation of function template specialization 'nlohmann::detail::json_sax_dom_callback_parser<nlohmann::basic_json<>, nlohmann::detail::iterator_input_adapter<const char *>>::handle_value<nlohmann::detail::value_t>' requested here
[build]   551 |         auto val = handle_value(BasicJsonType::value_t::object, true);
[build]       |                    ^
[build] C:\Users\pperv\code\unnamed_rpg\vendor\json\include\nlohmann/detail/input/parser.hpp(199,56): note: in instantiation of member function 'nlohmann::detail::json_sax_dom_callback_parser<nlohmann::basic_json<>, nlohmann::detail::iterator_input_adapter<const char *>>::start_object' requested here
[build]   199 |                         if (JSON_HEDLEY_UNLIKELY(!sax->start_object(detail::unknown_size())))
[build]       |                                                        ^
[build] C:\Users\pperv\code\unnamed_rpg\vendor\json\include\nlohmann/thirdparty/hedley/hedley.hpp(1360,94): note: expanded from macro 'JSON_HEDLEY_UNLIKELY'
[build]  1360 | #  define JSON_HEDLEY_UNLIKELY(expr)                    __builtin_expect                 (!!(expr),    0                  )
[build]       |                                                                                              ^
[build] C:\Users\pperv\code\unnamed_rpg\vendor\json\include\nlohmann/detail/input/parser.hpp(100,13): note: in instantiation of function template specialization 'nlohmann::detail::parser<nlohmann::basic_json<>, nlohmann::detail::iterator_input_adapter<const char *>>::sax_parse_internal<nlohmann::detail::json_sax_dom_callback_parser<nlohmann::basic_json<>, nlohmann::detail::iterator_input_adapter<const char *>>>' requested here
[build]   100 |             sax_parse_internal(&sdp);
[build]       |             ^
[build] C:\Users\pperv\code\unnamed_rpg\vendor\json\include\nlohmann/json.hpp(4112,148): note: in instantiation of member function 'nlohmann::detail::parser<nlohmann::basic_json<>, nlohmann::detail::iterator_input_adapter<const char *>>::parse' requested here
[build]  4112 |         parser(detail::input_adapter(std::move(first), std::move(last)), std::move(cb), allow_exceptions, ignore_comments, ignore_trailing_commas).parse(true, result); // cppcheck-suppress[accessMoved]
[build]       |                                                                                                                                                    ^
[build] C:\Users\pperv\code\unnamed_rpg\vendor\json\include\nlohmann/json.hpp(5294,28): note: in instantiation of function template specialization 'nlohmann::basic_json<>::parse<const char *, const char *, 0>' requested here
[build]  5294 |     return nlohmann::json::parse(s, s + n);
[build]       |                            ^
[build] In file included from C:\Users\pperv\code\unnamed_rpg\vendor\json-schema-validator\src\json-uri.cpp:9:
[build] In file included from C:\Users\pperv\code\unnamed_rpg\vendor\json-schema-validator\src\nlohmann/json-schema.hpp:24:
[build] In file included from C:\Users\pperv\code\unnamed_rpg\vendor\json\include\nlohmann/json.hpp:54:
[build] C:\Users\pperv\code\unnamed_rpg\vendor\json\include\nlohmann/detail/iterators/internal_iterator.hpp(31,45): warning: constructor call from initializer list is incompatible with C++98 [-Wc++98-compat]
[build]    31 |     primitive_iterator_t primitive_iterator {};
[build]       |                                             ^~
[build] C:\Users\pperv\code\unnamed_rpg\vendor\json\include\nlohmann/detail/iterators/iter_impl.hpp(756,78): note: in instantiation of default member initializer 'nlohmann::detail::internal_iterator<nlohmann::basic_json<>>::primitive_iterator' requested here
[build]   756 |     internal_iterator<typename std::remove_const<BasicJsonType>::type> m_it {};
[build]       |                                                                              ^
[build] C:\Users\pperv\code\unnamed_rpg\vendor\json\include\nlohmann/detail/iterators/iter_impl.hpp(100,14): note: in instantiation of default member initializer 'nlohmann::detail::iter_impl<nlohmann::basic_json<>>::m_it' requested here
[build]   100 |     explicit iter_impl(pointer object) noexcept : m_object(object)
[build]       |              ^
[build] C:\Users\pperv\code\unnamed_rpg\vendor\json\include\nlohmann/json.hpp(2841,18): note: in instantiation of member function 'nlohmann::detail::iter_impl<nlohmann::basic_json<>>::iter_impl' requested here
[build]  2841 |         iterator result(this);
[build]       |                  ^
[build] C:\Users\pperv\code\unnamed_rpg\vendor\json\include\nlohmann/detail/input/json_sax.hpp(815,31): note: in instantiation of member function 'nlohmann::basic_json<>::begin' requested here
[build]   815 |         for (auto it = parent.begin(); it != parent.end(); ++it)
[build]       |                               ^
[build] C:\Users\pperv\code\unnamed_rpg\vendor\json\include\nlohmann/detail/input/json_sax.hpp(874,21): note: in instantiation of member function 'nlohmann::detail::json_sax_dom_callback_parser<nlohmann::basic_json<>, nlohmann::detail::iterator_input_adapter<const char *>>::remove_discarded_value' requested here
[build]   874 |                     remove_discarded_value(*ref_stack.back());
[build]       |                     ^
[build] C:\Users\pperv\code\unnamed_rpg\vendor\json\include\nlohmann/detail/input/json_sax.hpp(551,20): note: in instantiation of function template specialization 'nlohmann::detail::json_sax_dom_callback_parser<nlohmann::basic_json<>, nlohmann::detail::iterator_input_adapter<const char *>>::handle_value<nlohmann::detail::value_t>' requested here
[build]   551 |         auto val = handle_value(BasicJsonType::value_t::object, true);
[build]       |                    ^
[build] C:\Users\pperv\code\unnamed_rpg\vendor\json\include\nlohmann/detail/input/parser.hpp(199,56): note: in instantiation of member function 'nlohmann::detail::json_sax_dom_callback_parser<nlohmann::basic_json<>, nlohmann::detail::iterator_input_adapter<const char *>>::start_object' requested here
[build]   199 |                         if (JSON_HEDLEY_UNLIKELY(!sax->start_object(detail::unknown_size())))
[build]       |                                                        ^
[build] C:\Users\pperv\code\unnamed_rpg\vendor\json\include\nlohmann/thirdparty/hedley/hedley.hpp(1360,94): note: expanded from macro 'JSON_HEDLEY_UNLIKELY'
[build]  1360 | #  define JSON_HEDLEY_UNLIKELY(expr)                    __builtin_expect                 (!!(expr),    0                  )
[build]       |                                                                                              ^
[build] C:\Users\pperv\code\unnamed_rpg\vendor\json\include\nlohmann/detail/input/parser.hpp(100,13): note: in instantiation of function template specialization 'nlohmann::detail::parser<nlohmann::basic_json<>, nlohmann::detail::iterator_input_adapter<const char *>>::sax_parse_internal<nlohmann::detail::json_sax_dom_callback_parser<nlohmann::basic_json<>, nlohmann::detail::iterator_input_adapter<const char *>>>' requested here
[build]   100 |             sax_parse_internal(&sdp);
[build]       |             ^
[build] C:\Users\pperv\code\unnamed_rpg\vendor\json\include\nlohmann/json.hpp(4112,148): note: in instantiation of member function 'nlohmann::detail::parser<nlohmann::basic_json<>, nlohmann::detail::iterator_input_adapter<const char *>>::parse' requested here
[build]  4112 |         parser(detail::input_adapter(std::move(first), std::move(last)), std::move(cb), allow_exceptions, ignore_comments, ignore_trailing_commas).parse(true, result); // cppcheck-suppress[accessMoved]
[build]       |                                                                                                                                                    ^
[build] C:\Users\pperv\code\unnamed_rpg\vendor\json\include\nlohmann/json.hpp(5294,28): note: in instantiation of function template specialization 'nlohmann::basic_json<>::parse<const char *, const char *, 0>' requested here
[build]  5294 |     return nlohmann::json::parse(s, s + n);
[build]       |                            ^
[build] In file included from C:\Users\pperv\code\unnamed_rpg\vendor\json-schema-validator\src\json-uri.cpp:9:
[build] In file included from C:\Users\pperv\code\unnamed_rpg\vendor\json-schema-validator\src\nlohmann/json-schema.hpp:24:
[build] In file included from C:\Users\pperv\code\unnamed_rpg\vendor\json\include\nlohmann/json.hpp:55:
[build] C:\Users\pperv\code\unnamed_rpg\vendor\json\include\nlohmann/detail/iterators/iter_impl.hpp(106,18): warning: enumeration type in nested name specifier is incompatible with C++98 [-Wc++98-compat]
[build]   106 |             case value_t::object:
[build]       |                  ^
[build] C:\Users\pperv\code\unnamed_rpg\vendor\json\include\nlohmann/json.hpp(2841,18): note: in instantiation of member function 'nlohmann::detail::iter_impl<nlohmann::basic_json<>>::iter_impl' requested here
[build]  2841 |         iterator result(this);
[build]       |                  ^
[build] C:\Users\pperv\code\unnamed_rpg\vendor\json\include\nlohmann/detail/input/json_sax.hpp(815,31): note: in instantiation of member function 'nlohmann::basic_json<>::begin' requested here
[build]   815 |         for (auto it = parent.begin(); it != parent.end(); ++it)
[build]       |                               ^
[build] C:\Users\pperv\code\unnamed_rpg\vendor\json\include\nlohmann/detail/input/json_sax.hpp(874,21): note: in instantiation of member function 'nlohmann::detail::json_sax_dom_callback_parser<nlohmann::basic_json<>, nlohmann::detail::iterator_input_adapter<const char *>>::remove_discarded_value' requested here
[build]   874 |                     remove_discarded_value(*ref_stack.back());
[build]       |                     ^
[build] C:\Users\pperv\code\unnamed_rpg\vendor\json\include\nlohmann/detail/input/json_sax.hpp(551,20): note: in instantiation of function template specialization 'nlohmann::detail::json_sax_dom_callback_parser<nlohmann::basic_json<>, nlohmann::detail::iterator_input_adapter<const char *>>::handle_value<nlohmann::detail::value_t>' requested here
[build]   551 |         auto val = handle_value(BasicJsonType::value_t::object, true);
[build]       |                    ^
[build] C:\Users\pperv\code\unnamed_rpg\vendor\json\include\nlohmann/detail/input/parser.hpp(199,56): note: in instantiation of member function 'nlohmann::detail::json_sax_dom_callback_parser<nlohmann::basic_json<>, nlohmann::detail::iterator_input_adapter<const char *>>::start_object' requested here
[build]   199 |                         if (JSON_HEDLEY_UNLIKELY(!sax->start_object(detail::unknown_size())))
[build]       |                                                        ^
[build] C:\Users\pperv\code\unnamed_rpg\vendor\json\include\nlohmann/thirdparty/hedley/hedley.hpp(1360,94): note: expanded from macro 'JSON_HEDLEY_UNLIKELY'
[build]  1360 | #  define JSON_HEDLEY_UNLIKELY(expr)                    __builtin_expect                 (!!(expr),    0                  )
[build]       |                                                                                              ^
[build] C:\Users\pperv\code\unnamed_rpg\vendor\json\include\nlohmann/detail/input/parser.hpp(100,13): note: in instantiation of function template specialization 'nlohmann::detail::parser<nlohmann::basic_json<>, nlohmann::detail::iterator_input_adapter<const char *>>::sax_parse_internal<nlohmann::detail::json_sax_dom_callback_parser<nlohmann::basic_json<>, nlohmann::detail::iterator_input_adapter<const char *>>>' requested here
[build]   100 |             sax_parse_internal(&sdp);
[build]       |             ^
[build] C:\Users\pperv\code\unnamed_rpg\vendor\json\include\nlohmann/json.hpp(4112,148): note: in instantiation of member function 'nlohmann::detail::parser<nlohmann::basic_json<>, nlohmann::detail::iterator_input_adapter<const char *>>::parse' requested here
[build]  4112 |         parser(detail::input_adapter(std::move(first), std::move(last)), std::move(cb), allow_exceptions, ignore_comments, ignore_trailing_commas).parse(true, result); // cppcheck-suppress[accessMoved]
[build]       |                                                                                                                                                    ^
[build] C:\Users\pperv\code\unnamed_rpg\vendor\json\include\nlohmann/json.hpp(5294,28): note: in instantiation of function template specialization 'nlohmann::basic_json<>::parse<const char *, const char *, 0>' requested here
[build]  5294 |     return nlohmann::json::parse(s, s + n);
[build]       |                            ^
[build] In file included from C:\Users\pperv\code\unnamed_rpg\vendor\json-schema-validator\src\json-uri.cpp:9:
[build] In file included from C:\Users\pperv\code\unnamed_rpg\vendor\json-schema-validator\src\nlohmann/json-schema.hpp:24:
[build] In file included from C:\Users\pperv\code\unnamed_rpg\vendor\json\include\nlohmann/json.hpp:55:
[build] C:\Users\pperv\code\unnamed_rpg\vendor\json\include\nlohmann/detail/iterators/iter_impl.hpp(112,18): warning: enumeration type in nested name specifier is incompatible with C++98 [-Wc++98-compat]
[build]   112 |             case value_t::array:
[build]       |                  ^
[build] C:\Users\pperv\code\unnamed_rpg\vendor\json\include\nlohmann/detail/iterators/iter_impl.hpp(118,18): warning: enumeration type in nested name specifier is incompatible with C++98 [-Wc++98-compat]
[build]   118 |             case value_t::null:
[build]       |                  ^
[build] C:\Users\pperv\code\unnamed_rpg\vendor\json\include\nlohmann/detail/iterators/iter_impl.hpp(119,18): warning: enumeration type in nested name specifier is incompatible with C++98 [-Wc++98-compat]
[build]   119 |             case value_t::string:
[build]       |                  ^
[build] C:\Users\pperv\code\unnamed_rpg\vendor\json\include\nlohmann/detail/iterators/iter_impl.hpp(120,18): warning: enumeration type in nested name specifier is incompatible with C++98 [-Wc++98-compat]
[build]   120 |             case value_t::boolean:
[build]       |                  ^
[build] C:\Users\pperv\code\unnamed_rpg\vendor\json\include\nlohmann/detail/iterators/iter_impl.hpp(121,18): warning: enumeration type in nested name specifier is incompatible with C++98 [-Wc++98-compat]
[build]   121 |             case value_t::number_integer:
[build]       |                  ^
[build] C:\Users\pperv\code\unnamed_rpg\vendor\json\include\nlohmann/detail/iterators/iter_impl.hpp(122,18): warning: enumeration type in nested name specifier is incompatible with C++98 [-Wc++98-compat]
[build]   122 |             case value_t::number_unsigned:
[build]       |                  ^
[build] C:\Users\pperv\code\unnamed_rpg\vendor\json\include\nlohmann/detail/iterators/iter_impl.hpp(123,18): warning: enumeration type in nested name specifier is incompatible with C++98 [-Wc++98-compat]
[build]   123 |             case value_t::number_float:
[build]       |                  ^
[build] C:\Users\pperv\code\unnamed_rpg\vendor\json\include\nlohmann/detail/iterators/iter_impl.hpp(124,18): warning: enumeration type in nested name specifier is incompatible with C++98 [-Wc++98-compat]
[build]   124 |             case value_t::binary:
[build]       |                  ^
[build] C:\Users\pperv\code\unnamed_rpg\vendor\json\include\nlohmann/detail/iterators/iter_impl.hpp(125,18): warning: enumeration type in nested name specifier is incompatible with C++98 [-Wc++98-compat]
[build]   125 |             case value_t::discarded:
[build]       |                  ^
[build] C:\Users\pperv\code\unnamed_rpg\vendor\json\include\nlohmann/detail/iterators/iter_impl.hpp(126,13): warning: default label in switch which covers all enumeration values [-Wcovered-switch-default]
[build]   126 |             default:
[build]       |             ^
[build] C:\Users\pperv\code\unnamed_rpg\vendor\json\include\nlohmann/detail/iterators/iter_impl.hpp(199,33): warning: 'nullptr' is incompatible with C++98 [-Wc++98-compat]
[build]   199 |         JSON_ASSERT(m_object != nullptr);
[build]       |                                 ^
[build] C:\Users\pperv\code\unnamed_rpg\vendor\json\include\nlohmann/detail/iterators/iter_impl.hpp(203,18): warning: enumeration type in nested name specifier is incompatible with C++98 [-Wc++98-compat]
[build]   203 |             case value_t::object:
[build]       |                  ^
[build] C:\Users\pperv\code\unnamed_rpg\vendor\json\include\nlohmann/detail/input/json_sax.hpp(815,31): note: in instantiation of member function 'nlohmann::basic_json<>::begin' requested here
[build]   815 |         for (auto it = parent.begin(); it != parent.end(); ++it)
[build]       |                               ^
[build] C:\Users\pperv\code\unnamed_rpg\vendor\json\include\nlohmann/detail/input/json_sax.hpp(874,21): note: in instantiation of member function 'nlohmann::detail::json_sax_dom_callback_parser<nlohmann::basic_json<>, nlohmann::detail::iterator_input_adapter<const char *>>::remove_discarded_value' requested here
[build]   874 |                     remove_discarded_value(*ref_stack.back());
[build]       |                     ^
[build] C:\Users\pperv\code\unnamed_rpg\vendor\json\include\nlohmann/detail/input/json_sax.hpp(551,20): note: in instantiation of function template specialization 'nlohmann::detail::json_sax_dom_callback_parser<nlohmann::basic_json<>, nlohmann::detail::iterator_input_adapter<const char *>>::handle_value<nlohmann::detail::value_t>' requested here
[build]   551 |         auto val = handle_value(BasicJsonType::value_t::object, true);
[build]       |                    ^
[build] C:\Users\pperv\code\unnamed_rpg\vendor\json\include\nlohmann/detail/input/parser.hpp(199,56): note: in instantiation of member function 'nlohmann::detail::json_sax_dom_callback_parser<nlohmann::basic_json<>, nlohmann::detail::iterator_input_adapter<const char *>>::start_object' requested here
[build]   199 |                         if (JSON_HEDLEY_UNLIKELY(!sax->start_object(detail::unknown_size())))
[build]       |                                                        ^
[build] C:\Users\pperv\code\unnamed_rpg\vendor\json\include\nlohmann/thirdparty/hedley/hedley.hpp(1360,94): note: expanded from macro 'JSON_HEDLEY_UNLIKELY'
[build]  1360 | #  define JSON_HEDLEY_UNLIKELY(expr)                    __builtin_expect                 (!!(expr),    0                  )
[build]       |                                                                                              ^
[build] C:\Users\pperv\code\unnamed_rpg\vendor\json\include\nlohmann/detail/input/parser.hpp(100,13): note: in instantiation of function template specialization 'nlohmann::detail::parser<nlohmann::basic_json<>, nlohmann::detail::iterator_input_adapter<const char *>>::sax_parse_internal<nlohmann::detail::json_sax_dom_callback_parser<nlohmann::basic_json<>, nlohmann::detail::iterator_input_adapter<const char *>>>' requested here
[build]   100 |             sax_parse_internal(&sdp);
[build]       |             ^
[build] C:\Users\pperv\code\unnamed_rpg\vendor\json\include\nlohmann/json.hpp(4112,148): note: in instantiation of member function 'nlohmann::detail::parser<nlohmann::basic_json<>, nlohmann::detail::iterator_input_adapter<const char *>>::parse' requested here
[build]  4112 |         parser(detail::input_adapter(std::move(first), std::move(last)), std::move(cb), allow_exceptions, ignore_comments, ignore_trailing_commas).parse(true, result); // cppcheck-suppress[accessMoved]
[build]       |                                                                                                                                                    ^
[build] C:\Users\pperv\code\unnamed_rpg\vendor\json\include\nlohmann/json.hpp(5294,28): note: in instantiation of function template specialization 'nlohmann::basic_json<>::parse<const char *, const char *, 0>' requested here
[build]  5294 |     return nlohmann::json::parse(s, s + n);
[build]       |                            ^
[build] In file included from C:\Users\pperv\code\unnamed_rpg\vendor\json-schema-validator\src\json-uri.cpp:9:
[build] In file included from C:\Users\pperv\code\unnamed_rpg\vendor\json-schema-validator\src\nlohmann/json-schema.hpp:24:
[build] In file included from C:\Users\pperv\code\unnamed_rpg\vendor\json\include\nlohmann/json.hpp:55:
[build] C:\Users\pperv\code\unnamed_rpg\vendor\json\include\nlohmann/detail/iterators/iter_impl.hpp(209,18): warning: enumeration type in nested name specifier is incompatible with C++98 [-Wc++98-compat]
[build]   209 |             case value_t::array:
[build]       |                  ^
[build] C:\Users\pperv\code\unnamed_rpg\vendor\json\include\nlohmann/detail/iterators/iter_impl.hpp(215,18): warning: enumeration type in nested name specifier is incompatible with C++98 [-Wc++98-compat]
[build]   215 |             case value_t::null:
[build]       |                  ^
[build] C:\Users\pperv\code\unnamed_rpg\vendor\json\include\nlohmann/detail/iterators/iter_impl.hpp(222,18): warning: enumeration type in nested name specifier is incompatible with C++98 [-Wc++98-compat]
[build]   222 |             case value_t::string:
[build]       |                  ^
[build] C:\Users\pperv\code\unnamed_rpg\vendor\json\include\nlohmann/detail/iterators/iter_impl.hpp(223,18): warning: enumeration type in nested name specifier is incompatible with C++98 [-Wc++98-compat]
[build]   223 |             case value_t::boolean:
[build]       |                  ^
[build] C:\Users\pperv\code\unnamed_rpg\vendor\json\include\nlohmann/detail/iterators/iter_impl.hpp(224,18): warning: enumeration type in nested name specifier is incompatible with C++98 [-Wc++98-compat]
[build]   224 |             case value_t::number_integer:
[build]       |                  ^
[build] C:\Users\pperv\code\unnamed_rpg\vendor\json\include\nlohmann/detail/iterators/iter_impl.hpp(225,18): warning: enumeration type in nested name specifier is incompatible with C++98 [-Wc++98-compat]
[build]   225 |             case value_t::number_unsigned:
[build]       |                  ^
[build] C:\Users\pperv\code\unnamed_rpg\vendor\json\include\nlohmann/detail/iterators/iter_impl.hpp(226,18): warning: enumeration type in nested name specifier is incompatible with C++98 [-Wc++98-compat]
[build]   226 |             case value_t::number_float:
[build]       |                  ^
[build] C:\Users\pperv\code\unnamed_rpg\vendor\json\include\nlohmann/detail/iterators/iter_impl.hpp(227,18): warning: enumeration type in nested name specifier is incompatible with C++98 [-Wc++98-compat]
[build]   227 |             case value_t::binary:
[build]       |                  ^
[build] C:\Users\pperv\code\unnamed_rpg\vendor\json\include\nlohmann/detail/iterators/iter_impl.hpp(228,18): warning: enumeration type in nested name specifier is incompatible with C++98 [-Wc++98-compat]
[build]   228 |             case value_t::discarded:
[build]       |                  ^
[build] C:\Users\pperv\code\unnamed_rpg\vendor\json\include\nlohmann/detail/iterators/iter_impl.hpp(203,18): warning: enumeration type in nested name specifier is incompatible with C++98 [-Wc++98-compat]
[build]   203 |             case value_t::object:
[build]       |                  ^
[build] C:\Users\pperv\code\unnamed_rpg\vendor\json\include\nlohmann/json.hpp(2842,16): note: in instantiation of member function 'nlohmann::detail::iter_impl<nlohmann::basic_json<>>::set_begin' requested here
[build]  2842 |         result.set_begin();
[build]       |                ^
[build] C:\Users\pperv\code\unnamed_rpg\vendor\json\include\nlohmann/detail/input/json_sax.hpp(815,31): note: in instantiation of member function 'nlohmann::basic_json<>::begin' requested here
[build]   815 |         for (auto it = parent.begin(); it != parent.end(); ++it)
[build]       |                               ^
[build] C:\Users\pperv\code\unnamed_rpg\vendor\json\include\nlohmann/detail/input/json_sax.hpp(874,21): note: in instantiation of member function 'nlohmann::detail::json_sax_dom_callback_parser<nlohmann::basic_json<>, nlohmann::detail::iterator_input_adapter<const char *>>::remove_discarded_value' requested here
[build]   874 |                     remove_discarded_value(*ref_stack.back());
[build]       |                     ^
[build] C:\Users\pperv\code\unnamed_rpg\vendor\json\include\nlohmann/detail/input/json_sax.hpp(551,20): note: in instantiation of function template specialization 'nlohmann::detail::json_sax_dom_callback_parser<nlohmann::basic_json<>, nlohmann::detail::iterator_input_adapter<const char *>>::handle_value<nlohmann::detail::value_t>' requested here
[build]   551 |         auto val = handle_value(BasicJsonType::value_t::object, true);
[build]       |                    ^
[build] C:\Users\pperv\code\unnamed_rpg\vendor\json\include\nlohmann/detail/input/parser.hpp(199,56): note: in instantiation of member function 'nlohmann::detail::json_sax_dom_callback_parser<nlohmann::basic_json<>, nlohmann::detail::iterator_input_adapter<const char *>>::start_object' requested here
[build]   199 |                         if (JSON_HEDLEY_UNLIKELY(!sax->start_object(detail::unknown_size())))
[build]       |                                                        ^
[build] C:\Users\pperv\code\unnamed_rpg\vendor\json\include\nlohmann/thirdparty/hedley/hedley.hpp(1360,94): note: expanded from macro 'JSON_HEDLEY_UNLIKELY'
[build]  1360 | #  define JSON_HEDLEY_UNLIKELY(expr)                    __builtin_expect                 (!!(expr),    0                  )
[build]       |                                                                                              ^
[build] C:\Users\pperv\code\unnamed_rpg\vendor\json\include\nlohmann/detail/input/parser.hpp(100,13): note: in instantiation of function template specialization 'nlohmann::detail::parser<nlohmann::basic_json<>, nlohmann::detail::iterator_input_adapter<const char *>>::sax_parse_internal<nlohmann::detail::json_sax_dom_callback_parser<nlohmann::basic_json<>, nlohmann::detail::iterator_input_adapter<const char *>>>' requested here
[build]   100 |             sax_parse_internal(&sdp);
[build]       |             ^
[build] C:\Users\pperv\code\unnamed_rpg\vendor\json\include\nlohmann/json.hpp(4112,148): note: in instantiation of member function 'nlohmann::detail::parser<nlohmann::basic_json<>, nlohmann::detail::iterator_input_adapter<const char *>>::parse' requested here
[build]  4112 |         parser(detail::input_adapter(std::move(first), std::move(last)), std::move(cb), allow_exceptions, ignore_comments, ignore_trailing_commas).parse(true, result); // cppcheck-suppress[accessMoved]
[build]       |                                                                                                                                                    ^
[build] C:\Users\pperv\code\unnamed_rpg\vendor\json\include\nlohmann/json.hpp(5294,28): note: in instantiation of function template specialization 'nlohmann::basic_json<>::parse<const char *, const char *, 0>' requested here
[build]  5294 |     return nlohmann::json::parse(s, s + n);
[build]       |                            ^
[build] In file included from C:\Users\pperv\code\unnamed_rpg\vendor\json-schema-validator\src\json-uri.cpp:9:
[build] In file included from C:\Users\pperv\code\unnamed_rpg\vendor\json-schema-validator\src\nlohmann/json-schema.hpp:24:
[build] In file included from C:\Users\pperv\code\unnamed_rpg\vendor\json\include\nlohmann/json.hpp:55:
[build] C:\Users\pperv\code\unnamed_rpg\vendor\json\include\nlohmann/detail/iterators/iter_impl.hpp(209,18): warning: enumeration type in nested name specifier is incompatible with C++98 [-Wc++98-compat]
[build]   209 |             case value_t::array:
[build]       |                  ^
[build] C:\Users\pperv\code\unnamed_rpg\vendor\json\include\nlohmann/detail/iterators/iter_impl.hpp(215,18): warning: enumeration type in nested name specifier is incompatible with C++98 [-Wc++98-compat]
[build]   215 |             case value_t::null:
[build]       |                  ^
[build] C:\Users\pperv\code\unnamed_rpg\vendor\json\include\nlohmann/detail/iterators/iter_impl.hpp(222,18): warning: enumeration type in nested name specifier is incompatible with C++98 [-Wc++98-compat]
[build]   222 |             case value_t::string:
[build]       |                  ^
[build] C:\Users\pperv\code\unnamed_rpg\vendor\json\include\nlohmann/detail/iterators/iter_impl.hpp(223,18): warning: enumeration type in nested name specifier is incompatible with C++98 [-Wc++98-compat]
[build]   223 |             case value_t::boolean:
[build]       |                  ^
[build] C:\Users\pperv\code\unnamed_rpg\vendor\json\include\nlohmann/detail/iterators/iter_impl.hpp(224,18): warning: enumeration type in nested name specifier is incompatible with C++98 [-Wc++98-compat]
[build]   224 |             case value_t::number_integer:
[build]       |                  ^
[build] C:\Users\pperv\code\unnamed_rpg\vendor\json\include\nlohmann/detail/iterators/iter_impl.hpp(225,18): warning: enumeration type in nested name specifier is incompatible with C++98 [-Wc++98-compat]
[build]   225 |             case value_t::number_unsigned:
[build]       |                  ^
[build] C:\Users\pperv\code\unnamed_rpg\vendor\json\include\nlohmann/detail/iterators/iter_impl.hpp(226,18): warning: enumeration type in nested name specifier is incompatible with C++98 [-Wc++98-compat]
[build]   226 |             case value_t::number_float:
[build]       |                  ^
[build] C:\Users\pperv\code\unnamed_rpg\vendor\json\include\nlohmann/detail/iterators/iter_impl.hpp(227,18): warning: enumeration type in nested name specifier is incompatible with C++98 [-Wc++98-compat]
[build]   227 |             case value_t::binary:
[build]       |                  ^
[build] C:\Users\pperv\code\unnamed_rpg\vendor\json\include\nlohmann/detail/iterators/iter_impl.hpp(228,18): warning: enumeration type in nested name specifier is incompatible with C++98 [-Wc++98-compat]
[build]   228 |             case value_t::discarded:
[build]       |                  ^
[build] C:\Users\pperv\code\unnamed_rpg\vendor\json\include\nlohmann/detail/iterators/iter_impl.hpp(229,13): warning: default label in switch which covers all enumeration values [-Wcovered-switch-default]
[build]   229 |             default:
[build]       |             ^
[build] C:\Users\pperv\code\unnamed_rpg\vendor\json\include\nlohmann/detail/iterators/iter_impl.hpp(243,33): warning: 'nullptr' is incompatible with C++98 [-Wc++98-compat]
[build]   243 |         JSON_ASSERT(m_object != nullptr);
[build]       |                                 ^
[build] C:\Users\pperv\code\unnamed_rpg\vendor\json\include\nlohmann/detail/iterators/iter_impl.hpp(247,18): warning: enumeration type in nested name specifier is incompatible with C++98 [-Wc++98-compat]
[build]   247 |             case value_t::object:
[build]       |                  ^
[build] C:\Users\pperv\code\unnamed_rpg\vendor\json\include\nlohmann/detail/input/json_sax.hpp(815,53): note: in instantiation of member function 'nlohmann::basic_json<>::end' requested here
[build]   815 |         for (auto it = parent.begin(); it != parent.end(); ++it)
[build]       |                                                     ^
[build] C:\Users\pperv\code\unnamed_rpg\vendor\json\include\nlohmann/detail/input/json_sax.hpp(874,21): note: in instantiation of member function 'nlohmann::detail::json_sax_dom_callback_parser<nlohmann::basic_json<>, nlohmann::detail::iterator_input_adapter<const char *>>::remove_discarded_value' requested here
[build]   874 |                     remove_discarded_value(*ref_stack.back());
[build]       |                     ^
[build] C:\Users\pperv\code\unnamed_rpg\vendor\json\include\nlohmann/detail/input/json_sax.hpp(551,20): note: in instantiation of function template specialization 'nlohmann::detail::json_sax_dom_callback_parser<nlohmann::basic_json<>, nlohmann::detail::iterator_input_adapter<const char *>>::handle_value<nlohmann::detail::value_t>' requested here
[build]   551 |         auto val = handle_value(BasicJsonType::value_t::object, true);
[build]       |                    ^
[build] C:\Users\pperv\code\unnamed_rpg\vendor\json\include\nlohmann/detail/input/parser.hpp(199,56): note: in instantiation of member function 'nlohmann::detail::json_sax_dom_callback_parser<nlohmann::basic_json<>, nlohmann::detail::iterator_input_adapter<const char *>>::start_object' requested here
[build]   199 |                         if (JSON_HEDLEY_UNLIKELY(!sax->start_object(detail::unknown_size())))
[build]       |                                                        ^
[build] C:\Users\pperv\code\unnamed_rpg\vendor\json\include\nlohmann/thirdparty/hedley/hedley.hpp(1360,94): note: expanded from macro 'JSON_HEDLEY_UNLIKELY'
[build]  1360 | #  define JSON_HEDLEY_UNLIKELY(expr)                    __builtin_expect                 (!!(expr),    0                  )
[build]       |                                                                                              ^
[build] C:\Users\pperv\code\unnamed_rpg\vendor\json\include\nlohmann/detail/input/parser.hpp(100,13): note: in instantiation of function template specialization 'nlohmann::detail::parser<nlohmann::basic_json<>, nlohmann::detail::iterator_input_adapter<const char *>>::sax_parse_internal<nlohmann::detail::json_sax_dom_callback_parser<nlohmann::basic_json<>, nlohmann::detail::iterator_input_adapter<const char *>>>' requested here
[build]   100 |             sax_parse_internal(&sdp);
[build]       |             ^
[build] C:\Users\pperv\code\unnamed_rpg\vendor\json\include\nlohmann/json.hpp(4112,148): note: in instantiation of member function 'nlohmann::detail::parser<nlohmann::basic_json<>, nlohmann::detail::iterator_input_adapter<const char *>>::parse' requested here
[build]  4112 |         parser(detail::input_adapter(std::move(first), std::move(last)), std::move(cb), allow_exceptions, ignore_comments, ignore_trailing_commas).parse(true, result); // cppcheck-suppress[accessMoved]
[build]       |                                                                                                                                                    ^
[build] C:\Users\pperv\code\unnamed_rpg\vendor\json\include\nlohmann/json.hpp(5294,28): note: in instantiation of function template specialization 'nlohmann::basic_json<>::parse<const char *, const char *, 0>' requested here
[build]  5294 |     return nlohmann::json::parse(s, s + n);
[build]       |                            ^
[build] In file included from C:\Users\pperv\code\unnamed_rpg\vendor\json-schema-validator\src\json-uri.cpp:9:
[build] In file included from C:\Users\pperv\code\unnamed_rpg\vendor\json-schema-validator\src\nlohmann/json-schema.hpp:24:
[build] In file included from C:\Users\pperv\code\unnamed_rpg\vendor\json\include\nlohmann/json.hpp:55:
[build] C:\Users\pperv\code\unnamed_rpg\vendor\json\include\nlohmann/detail/iterators/iter_impl.hpp(253,18): warning: enumeration type in nested name specifier is incompatible with C++98 [-Wc++98-compat]
[build]   253 |             case value_t::array:
[build]       |                  ^
[build] C:\Users\pperv\code\unnamed_rpg\vendor\json\include\nlohmann/detail/iterators/iter_impl.hpp(259,18): warning: enumeration type in nested name specifier is incompatible with C++98 [-Wc++98-compat]
[build]   259 |             case value_t::null:
[build]       |                  ^
[build] C:\Users\pperv\code\unnamed_rpg\vendor\json\include\nlohmann/detail/iterators/iter_impl.hpp(260,18): warning: enumeration type in nested name specifier is incompatible with C++98 [-Wc++98-compat]
[build]   260 |             case value_t::string:
[build]       |                  ^
[build] C:\Users\pperv\code\unnamed_rpg\vendor\json\include\nlohmann/detail/iterators/iter_impl.hpp(261,18): warning: enumeration type in nested name specifier is incompatible with C++98 [-Wc++98-compat]
[build]   261 |             case value_t::boolean:
[build]       |                  ^
[build] C:\Users\pperv\code\unnamed_rpg\vendor\json\include\nlohmann/detail/iterators/iter_impl.hpp(262,18): warning: enumeration type in nested name specifier is incompatible with C++98 [-Wc++98-compat]
[build]   262 |             case value_t::number_integer:
[build]       |                  ^
[build] C:\Users\pperv\code\unnamed_rpg\vendor\json\include\nlohmann/detail/iterators/iter_impl.hpp(263,18): warning: enumeration type in nested name specifier is incompatible with C++98 [-Wc++98-compat]
[build]   263 |             case value_t::number_unsigned:
[build]       |                  ^
[build] C:\Users\pperv\code\unnamed_rpg\vendor\json\include\nlohmann/detail/iterators/iter_impl.hpp(264,18): warning: enumeration type in nested name specifier is incompatible with C++98 [-Wc++98-compat]
[build]   264 |             case value_t::number_float:
[build]       |                  ^
[build] C:\Users\pperv\code\unnamed_rpg\vendor\json\include\nlohmann/detail/iterators/iter_impl.hpp(265,18): warning: enumeration type in nested name specifier is incompatible with C++98 [-Wc++98-compat]
[build]   265 |             case value_t::binary:
[build]       |                  ^
[build] C:\Users\pperv\code\unnamed_rpg\vendor\json\include\nlohmann/detail/iterators/iter_impl.hpp(266,18): warning: enumeration type in nested name specifier is incompatible with C++98 [-Wc++98-compat]
[build]   266 |             case value_t::discarded:
[build]       |                  ^
[build] C:\Users\pperv\code\unnamed_rpg\vendor\json\include\nlohmann/detail/iterators/iter_impl.hpp(247,18): warning: enumeration type in nested name specifier is incompatible with C++98 [-Wc++98-compat]
[build]   247 |             case value_t::object:
[build]       |                  ^
[build] C:\Users\pperv\code\unnamed_rpg\vendor\json\include\nlohmann/json.hpp(2867,16): note: in instantiation of member function 'nlohmann::detail::iter_impl<nlohmann::basic_json<>>::set_end' requested here
[build]  2867 |         result.set_end();
[build]       |                ^
[build] C:\Users\pperv\code\unnamed_rpg\vendor\json\include\nlohmann/detail/input/json_sax.hpp(815,53): note: in instantiation of member function 'nlohmann::basic_json<>::end' requested here
[build]   815 |         for (auto it = parent.begin(); it != parent.end(); ++it)
[build]       |                                                     ^
[build] C:\Users\pperv\code\unnamed_rpg\vendor\json\include\nlohmann/detail/input/json_sax.hpp(874,21): note: in instantiation of member function 'nlohmann::detail::json_sax_dom_callback_parser<nlohmann::basic_json<>, nlohmann::detail::iterator_input_adapter<const char *>>::remove_discarded_value' requested here
[build]   874 |                     remove_discarded_value(*ref_stack.back());
[build]       |                     ^
[build] C:\Users\pperv\code\unnamed_rpg\vendor\json\include\nlohmann/detail/input/json_sax.hpp(551,20): note: in instantiation of function template specialization 'nlohmann::detail::json_sax_dom_callback_parser<nlohmann::basic_json<>, nlohmann::detail::iterator_input_adapter<const char *>>::handle_value<nlohmann::detail::value_t>' requested here
[build]   551 |         auto val = handle_value(BasicJsonType::value_t::object, true);
[build]       |                    ^
[build] C:\Users\pperv\code\unnamed_rpg\vendor\json\include\nlohmann/detail/input/parser.hpp(199,56): note: in instantiation of member function 'nlohmann::detail::json_sax_dom_callback_parser<nlohmann::basic_json<>, nlohmann::detail::iterator_input_adapter<const char *>>::start_object' requested here
[build]   199 |                         if (JSON_HEDLEY_UNLIKELY(!sax->start_object(detail::unknown_size())))
[build]       |                                                        ^
[build] C:\Users\pperv\code\unnamed_rpg\vendor\json\include\nlohmann/thirdparty/hedley/hedley.hpp(1360,94): note: expanded from macro 'JSON_HEDLEY_UNLIKELY'
[build]  1360 | #  define JSON_HEDLEY_UNLIKELY(expr)                    __builtin_expect                 (!!(expr),    0                  )
[build]       |                                                                                              ^
[build] C:\Users\pperv\code\unnamed_rpg\vendor\json\include\nlohmann/detail/input/parser.hpp(100,13): note: in instantiation of function template specialization 'nlohmann::detail::parser<nlohmann::basic_json<>, nlohmann::detail::iterator_input_adapter<const char *>>::sax_parse_internal<nlohmann::detail::json_sax_dom_callback_parser<nlohmann::basic_json<>, nlohmann::detail::iterator_input_adapter<const char *>>>' requested here
[build]   100 |             sax_parse_internal(&sdp);
[build]       |             ^
[build] C:\Users\pperv\code\unnamed_rpg\vendor\json\include\nlohmann/json.hpp(4112,148): note: in instantiation of member function 'nlohmann::detail::parser<nlohmann::basic_json<>, nlohmann::detail::iterator_input_adapter<const char *>>::parse' requested here
[build]  4112 |         parser(detail::input_adapter(std::move(first), std::move(last)), std::move(cb), allow_exceptions, ignore_comments, ignore_trailing_commas).parse(true, result); // cppcheck-suppress[accessMoved]
[build]       |                                                                                                                                                    ^
[build] C:\Users\pperv\code\unnamed_rpg\vendor\json\include\nlohmann/json.hpp(5294,28): note: in instantiation of function template specialization 'nlohmann::basic_json<>::parse<const char *, const char *, 0>' requested here
[build]  5294 |     return nlohmann::json::parse(s, s + n);
[build]       |                            ^
[build] In file included from C:\Users\pperv\code\unnamed_rpg\vendor\json-schema-validator\src\json-uri.cpp:9:
[build] In file included from C:\Users\pperv\code\unnamed_rpg\vendor\json-schema-validator\src\nlohmann/json-schema.hpp:24:
[build] In file included from C:\Users\pperv\code\unnamed_rpg\vendor\json\include\nlohmann/json.hpp:55:
[build] C:\Users\pperv\code\unnamed_rpg\vendor\json\include\nlohmann/detail/iterators/iter_impl.hpp(253,18): warning: enumeration type in nested name specifier is incompatible with C++98 [-Wc++98-compat]
[build]   253 |             case value_t::array:
[build]       |                  ^
[build] C:\Users\pperv\code\unnamed_rpg\vendor\json\include\nlohmann/detail/iterators/iter_impl.hpp(259,18): warning: enumeration type in nested name specifier is incompatible with C++98 [-Wc++98-compat]
[build]   259 |             case value_t::null:
[build]       |                  ^
[build] C:\Users\pperv\code\unnamed_rpg\vendor\json\include\nlohmann/detail/iterators/iter_impl.hpp(260,18): warning: enumeration type in nested name specifier is incompatible with C++98 [-Wc++98-compat]
[build]   260 |             case value_t::string:
[build]       |                  ^
[build] C:\Users\pperv\code\unnamed_rpg\vendor\json\include\nlohmann/detail/iterators/iter_impl.hpp(261,18): warning: enumeration type in nested name specifier is incompatible with C++98 [-Wc++98-compat]
[build]   261 |             case value_t::boolean:
[build]       |                  ^
[build] C:\Users\pperv\code\unnamed_rpg\vendor\json\include\nlohmann/detail/iterators/iter_impl.hpp(262,18): warning: enumeration type in nested name specifier is incompatible with C++98 [-Wc++98-compat]
[build]   262 |             case value_t::number_integer:
[build]       |                  ^
[build] C:\Users\pperv\code\unnamed_rpg\vendor\json\include\nlohmann/detail/iterators/iter_impl.hpp(263,18): warning: enumeration type in nested name specifier is incompatible with C++98 [-Wc++98-compat]
[build]   263 |             case value_t::number_unsigned:
[build]       |                  ^
[build] C:\Users\pperv\code\unnamed_rpg\vendor\json\include\nlohmann/detail/iterators/iter_impl.hpp(264,18): warning: enumeration type in nested name specifier is incompatible with C++98 [-Wc++98-compat]
[build]   264 |             case value_t::number_float:
[build]       |                  ^
[build] C:\Users\pperv\code\unnamed_rpg\vendor\json\include\nlohmann/detail/iterators/iter_impl.hpp(265,18): warning: enumeration type in nested name specifier is incompatible with C++98 [-Wc++98-compat]
[build]   265 |             case value_t::binary:
[build]       |                  ^
[build] C:\Users\pperv\code\unnamed_rpg\vendor\json\include\nlohmann/detail/iterators/iter_impl.hpp(266,18): warning: enumeration type in nested name specifier is incompatible with C++98 [-Wc++98-compat]
[build]   266 |             case value_t::discarded:
[build]       |                  ^
[build] C:\Users\pperv\code\unnamed_rpg\vendor\json\include\nlohmann/detail/iterators/iter_impl.hpp(267,13): warning: default label in switch which covers all enumeration values [-Wcovered-switch-default]
[build]   267 |             default:
[build]       |             ^
[build] C:\Users\pperv\code\unnamed_rpg\vendor\json\include\nlohmann/detail/iterators/iter_impl.hpp(468,170): warning: use of null pointer as non-type template argument is incompatible with C++98 [-Wc++98-compat]
[build]   468 |     template < typename IterImpl, detail::enable_if_t < (std::is_same<IterImpl, iter_impl>::value || std::is_same<IterImpl, other_iter_impl>::value), std::nullptr_t > = nullptr >
[build]       |                                                                                                                                                                          ^
[build] C:\Users\pperv\code\unnamed_rpg\vendor\json\include\nlohmann/detail/iterators/iter_impl.hpp(511,17): note: while substituting deduced template arguments into function template 'operator==' [with IterImpl = nlohmann::detail::iter_impl<nlohmann::basic_json<>>, $1 = (no value)]
[build]   511 |         return !operator==(other);
[build]       |                 ^
[build] C:\Users\pperv\code\unnamed_rpg\vendor\json\include\nlohmann/detail/input/json_sax.hpp(815,43): note: in instantiation of function template specialization 'nlohmann::detail::iter_impl<nlohmann::basic_json<>>::operator!=<nlohmann::detail::iter_impl<nlohmann::basic_json<>>, nullptr>' requested here
[build]   815 |         for (auto it = parent.begin(); it != parent.end(); ++it)
[build]       |                                           ^
[build] C:\Users\pperv\code\unnamed_rpg\vendor\json\include\nlohmann/detail/input/json_sax.hpp(874,21): note: in instantiation of member function 'nlohmann::detail::json_sax_dom_callback_parser<nlohmann::basic_json<>, nlohmann::detail::iterator_input_adapter<const char *>>::remove_discarded_value' requested here
[build]   874 |                     remove_discarded_value(*ref_stack.back());
[build]       |                     ^
[build] C:\Users\pperv\code\unnamed_rpg\vendor\json\include\nlohmann/detail/input/json_sax.hpp(551,20): note: in instantiation of function template specialization 'nlohmann::detail::json_sax_dom_callback_parser<nlohmann::basic_json<>, nlohmann::detail::iterator_input_adapter<const char *>>::handle_value<nlohmann::detail::value_t>' requested here
[build]   551 |         auto val = handle_value(BasicJsonType::value_t::object, true);
[build]       |                    ^
[build] C:\Users\pperv\code\unnamed_rpg\vendor\json\include\nlohmann/detail/input/parser.hpp(199,56): note: in instantiation of member function 'nlohmann::detail::json_sax_dom_callback_parser<nlohmann::basic_json<>, nlohmann::detail::iterator_input_adapter<const char *>>::start_object' requested here
[build]   199 |                         if (JSON_HEDLEY_UNLIKELY(!sax->start_object(detail::unknown_size())))
[build]       |                                                        ^
[build] C:\Users\pperv\code\unnamed_rpg\vendor\json\include\nlohmann/thirdparty/hedley/hedley.hpp(1360,94): note: expanded from macro 'JSON_HEDLEY_UNLIKELY'
[build]  1360 | #  define JSON_HEDLEY_UNLIKELY(expr)                    __builtin_expect                 (!!(expr),    0                  )
[build]       |                                                                                              ^
[build] C:\Users\pperv\code\unnamed_rpg\vendor\json\include\nlohmann/detail/input/parser.hpp(100,13): note: in instantiation of function template specialization 'nlohmann::detail::parser<nlohmann::basic_json<>, nlohmann::detail::iterator_input_adapter<const char *>>::sax_parse_internal<nlohmann::detail::json_sax_dom_callback_parser<nlohmann::basic_json<>, nlohmann::detail::iterator_input_adapter<const char *>>>' requested here
[build]   100 |             sax_parse_internal(&sdp);
[build]       |             ^
[build] C:\Users\pperv\code\unnamed_rpg\vendor\json\include\nlohmann/json.hpp(4112,148): note: in instantiation of member function 'nlohmann::detail::parser<nlohmann::basic_json<>, nlohmann::detail::iterator_input_adapter<const char *>>::parse' requested here
[build]  4112 |         parser(detail::input_adapter(std::move(first), std::move(last)), std::move(cb), allow_exceptions, ignore_comments, ignore_trailing_commas).parse(true, result); // cppcheck-suppress[accessMoved]
[build]       |                                                                                                                                                    ^
[build] C:\Users\pperv\code\unnamed_rpg\vendor\json\include\nlohmann/json.hpp(5294,28): note: in instantiation of function template specialization 'nlohmann::basic_json<>::parse<const char *, const char *, 0>' requested here
[build]  5294 |     return nlohmann::json::parse(s, s + n);
[build]       |                            ^
[build] In file included from C:\Users\pperv\code\unnamed_rpg\vendor\json-schema-validator\src\json-uri.cpp:9:
[build] In file included from C:\Users\pperv\code\unnamed_rpg\vendor\json-schema-validator\src\nlohmann/json-schema.hpp:24:
[build] In file included from C:\Users\pperv\code\unnamed_rpg\vendor\json\include\nlohmann/json.hpp:55:
[build] C:\Users\pperv\code\unnamed_rpg\vendor\json\include\nlohmann/detail/iterators/iter_impl.hpp(478,25): warning: 'nullptr' is incompatible with C++98 [-Wc++98-compat]
[build]   478 |         if (m_object == nullptr)
[build]       |                         ^
[build] C:\Users\pperv\code\unnamed_rpg\vendor\json\include\nlohmann/detail/iterators/iter_impl.hpp(485,18): warning: enumeration type in nested name specifier is incompatible with C++98 [-Wc++98-compat]
[build]   485 |             case value_t::object:
[build]       |                  ^
[build] C:\Users\pperv\code\unnamed_rpg\vendor\json\include\nlohmann/detail/input/json_sax.hpp(815,43): note: in instantiation of function template specialization 'nlohmann::detail::iter_impl<nlohmann::basic_json<>>::operator!=<nlohmann::detail::iter_impl<nlohmann::basic_json<>>, nullptr>' requested here
[build]   815 |         for (auto it = parent.begin(); it != parent.end(); ++it)
[build]       |                                           ^
[build] C:\Users\pperv\code\unnamed_rpg\vendor\json\include\nlohmann/detail/input/json_sax.hpp(874,21): note: in instantiation of member function 'nlohmann::detail::json_sax_dom_callback_parser<nlohmann::basic_json<>, nlohmann::detail::iterator_input_adapter<const char *>>::remove_discarded_value' requested here
[build]   874 |                     remove_discarded_value(*ref_stack.back());
[build]       |                     ^
[build] C:\Users\pperv\code\unnamed_rpg\vendor\json\include\nlohmann/detail/input/json_sax.hpp(551,20): note: in instantiation of function template specialization 'nlohmann::detail::json_sax_dom_callback_parser<nlohmann::basic_json<>, nlohmann::detail::iterator_input_adapter<const char *>>::handle_value<nlohmann::detail::value_t>' requested here
[build]   551 |         auto val = handle_value(BasicJsonType::value_t::object, true);
[build]       |                    ^
[build] C:\Users\pperv\code\unnamed_rpg\vendor\json\include\nlohmann/detail/input/parser.hpp(199,56): note: in instantiation of member function 'nlohmann::detail::json_sax_dom_callback_parser<nlohmann::basic_json<>, nlohmann::detail::iterator_input_adapter<const char *>>::start_object' requested here
[build]   199 |                         if (JSON_HEDLEY_UNLIKELY(!sax->start_object(detail::unknown_size())))
[build]       |                                                        ^
[build] C:\Users\pperv\code\unnamed_rpg\vendor\json\include\nlohmann/thirdparty/hedley/hedley.hpp(1360,94): note: expanded from macro 'JSON_HEDLEY_UNLIKELY'
[build]  1360 | #  define JSON_HEDLEY_UNLIKELY(expr)                    __builtin_expect                 (!!(expr),    0                  )
[build]       |                                                                                              ^
[build] C:\Users\pperv\code\unnamed_rpg\vendor\json\include\nlohmann/detail/input/parser.hpp(100,13): note: in instantiation of function template specialization 'nlohmann::detail::parser<nlohmann::basic_json<>, nlohmann::detail::iterator_input_adapter<const char *>>::sax_parse_internal<nlohmann::detail::json_sax_dom_callback_parser<nlohmann::basic_json<>, nlohmann::detail::iterator_input_adapter<const char *>>>' requested here
[build]   100 |             sax_parse_internal(&sdp);
[build]       |             ^
[build] C:\Users\pperv\code\unnamed_rpg\vendor\json\include\nlohmann/json.hpp(4112,148): note: in instantiation of member function 'nlohmann::detail::parser<nlohmann::basic_json<>, nlohmann::detail::iterator_input_adapter<const char *>>::parse' requested here
[build]  4112 |         parser(detail::input_adapter(std::move(first), std::move(last)), std::move(cb), allow_exceptions, ignore_comments, ignore_trailing_commas).parse(true, result); // cppcheck-suppress[accessMoved]
[build]       |                                                                                                                                                    ^
[build] C:\Users\pperv\code\unnamed_rpg\vendor\json\include\nlohmann/json.hpp(5294,28): note: in instantiation of function template specialization 'nlohmann::basic_json<>::parse<const char *, const char *, 0>' requested here
[build]  5294 |     return nlohmann::json::parse(s, s + n);
[build]       |                            ^
[build] In file included from C:\Users\pperv\code\unnamed_rpg\vendor\json-schema-validator\src\json-uri.cpp:9:
[build] In file included from C:\Users\pperv\code\unnamed_rpg\vendor\json-schema-validator\src\nlohmann/json-schema.hpp:24:
[build] In file included from C:\Users\pperv\code\unnamed_rpg\vendor\json\include\nlohmann/json.hpp:55:
[build] C:\Users\pperv\code\unnamed_rpg\vendor\json\include\nlohmann/detail/iterators/iter_impl.hpp(488,18): warning: enumeration type in nested name specifier is incompatible with C++98 [-Wc++98-compat]
[build]   488 |             case value_t::array:
[build]       |                  ^
[build] C:\Users\pperv\code\unnamed_rpg\vendor\json\include\nlohmann/detail/iterators/iter_impl.hpp(491,18): warning: enumeration type in nested name specifier is incompatible with C++98 [-Wc++98-compat]
[build]   491 |             case value_t::null:
[build]       |                  ^
[build] C:\Users\pperv\code\unnamed_rpg\vendor\json\include\nlohmann/detail/iterators/iter_impl.hpp(492,18): warning: enumeration type in nested name specifier is incompatible with C++98 [-Wc++98-compat]
[build]   492 |             case value_t::string:
[build]       |                  ^
[build] C:\Users\pperv\code\unnamed_rpg\vendor\json\include\nlohmann/detail/iterators/iter_impl.hpp(493,18): warning: enumeration type in nested name specifier is incompatible with C++98 [-Wc++98-compat]
[build]   493 |             case value_t::boolean:
[build]       |                  ^
[build] C:\Users\pperv\code\unnamed_rpg\vendor\json\include\nlohmann/detail/iterators/iter_impl.hpp(494,18): warning: enumeration type in nested name specifier is incompatible with C++98 [-Wc++98-compat]
[build]   494 |             case value_t::number_integer:
[build]       |                  ^
[build] C:\Users\pperv\code\unnamed_rpg\vendor\json\include\nlohmann/detail/iterators/iter_impl.hpp(495,18): warning: enumeration type in nested name specifier is incompatible with C++98 [-Wc++98-compat]
[build]   495 |             case value_t::number_unsigned:
[build]       |                  ^
[build] C:\Users\pperv\code\unnamed_rpg\vendor\json\include\nlohmann/detail/iterators/iter_impl.hpp(496,18): warning: enumeration type in nested name specifier is incompatible with C++98 [-Wc++98-compat]
[build]   496 |             case value_t::number_float:
[build]       |                  ^
[build] C:\Users\pperv\code\unnamed_rpg\vendor\json\include\nlohmann/detail/iterators/iter_impl.hpp(497,18): warning: enumeration type in nested name specifier is incompatible with C++98 [-Wc++98-compat]
[build]   497 |             case value_t::binary:
[build]       |                  ^
[build] C:\Users\pperv\code\unnamed_rpg\vendor\json\include\nlohmann/detail/iterators/iter_impl.hpp(498,18): warning: enumeration type in nested name specifier is incompatible with C++98 [-Wc++98-compat]
[build]   498 |             case value_t::discarded:
[build]       |                  ^
[build] C:\Users\pperv\code\unnamed_rpg\vendor\json\include\nlohmann/detail/iterators/iter_impl.hpp(485,18): warning: enumeration type in nested name specifier is incompatible with C++98 [-Wc++98-compat]
[build]   485 |             case value_t::object:
[build]       |                  ^
[build] C:\Users\pperv\code\unnamed_rpg\vendor\json\include\nlohmann/detail/iterators/iter_impl.hpp(511,17): note: in instantiation of function template specialization 'nlohmann::detail::iter_impl<nlohmann::basic_json<>>::operator==<nlohmann::detail::iter_impl<nlohmann::basic_json<>>, nullptr>' requested here
[build]   511 |         return !operator==(other);
[build]       |                 ^
[build] C:\Users\pperv\code\unnamed_rpg\vendor\json\include\nlohmann/detail/input/json_sax.hpp(815,43): note: in instantiation of function template specialization 'nlohmann::detail::iter_impl<nlohmann::basic_json<>>::operator!=<nlohmann::detail::iter_impl<nlohmann::basic_json<>>, nullptr>' requested here
[build]   815 |         for (auto it = parent.begin(); it != parent.end(); ++it)
[build]       |                                           ^
[build] C:\Users\pperv\code\unnamed_rpg\vendor\json\include\nlohmann/detail/input/json_sax.hpp(874,21): note: in instantiation of member function 'nlohmann::detail::json_sax_dom_callback_parser<nlohmann::basic_json<>, nlohmann::detail::iterator_input_adapter<const char *>>::remove_discarded_value' requested here
[build]   874 |                     remove_discarded_value(*ref_stack.back());
[build]       |                     ^
[build] C:\Users\pperv\code\unnamed_rpg\vendor\json\include\nlohmann/detail/input/json_sax.hpp(551,20): note: in instantiation of function template specialization 'nlohmann::detail::json_sax_dom_callback_parser<nlohmann::basic_json<>, nlohmann::detail::iterator_input_adapter<const char *>>::handle_value<nlohmann::detail::value_t>' requested here
[build]   551 |         auto val = handle_value(BasicJsonType::value_t::object, true);
[build]       |                    ^
[build] C:\Users\pperv\code\unnamed_rpg\vendor\json\include\nlohmann/detail/input/parser.hpp(199,56): note: in instantiation of member function 'nlohmann::detail::json_sax_dom_callback_parser<nlohmann::basic_json<>, nlohmann::detail::iterator_input_adapter<const char *>>::start_object' requested here
[build]   199 |                         if (JSON_HEDLEY_UNLIKELY(!sax->start_object(detail::unknown_size())))
[build]       |                                                        ^
[build] C:\Users\pperv\code\unnamed_rpg\vendor\json\include\nlohmann/thirdparty/hedley/hedley.hpp(1360,94): note: expanded from macro 'JSON_HEDLEY_UNLIKELY'
[build]  1360 | #  define JSON_HEDLEY_UNLIKELY(expr)                    __builtin_expect                 (!!(expr),    0                  )
[build]       |                                                                                              ^
[build] C:\Users\pperv\code\unnamed_rpg\vendor\json\include\nlohmann/detail/input/parser.hpp(100,13): note: in instantiation of function template specialization 'nlohmann::detail::parser<nlohmann::basic_json<>, nlohmann::detail::iterator_input_adapter<const char *>>::sax_parse_internal<nlohmann::detail::json_sax_dom_callback_parser<nlohmann::basic_json<>, nlohmann::detail::iterator_input_adapter<const char *>>>' requested here
[build]   100 |             sax_parse_internal(&sdp);
[build]       |             ^
[build] C:\Users\pperv\code\unnamed_rpg\vendor\json\include\nlohmann/json.hpp(4112,148): note: in instantiation of member function 'nlohmann::detail::parser<nlohmann::basic_json<>, nlohmann::detail::iterator_input_adapter<const char *>>::parse' requested here
[build]  4112 |         parser(detail::input_adapter(std::move(first), std::move(last)), std::move(cb), allow_exceptions, ignore_comments, ignore_trailing_commas).parse(true, result); // cppcheck-suppress[accessMoved]
[build]       |                                                                                                                                                    ^
[build] C:\Users\pperv\code\unnamed_rpg\vendor\json\include\nlohmann/json.hpp(5294,28): note: in instantiation of function template specialization 'nlohmann::basic_json<>::parse<const char *, const char *, 0>' requested here
[build]  5294 |     return nlohmann::json::parse(s, s + n);
[build]       |                            ^
[build] In file included from C:\Users\pperv\code\unnamed_rpg\vendor\json-schema-validator\src\json-uri.cpp:9:
[build] In file included from C:\Users\pperv\code\unnamed_rpg\vendor\json-schema-validator\src\nlohmann/json-schema.hpp:24:
[build] In file included from C:\Users\pperv\code\unnamed_rpg\vendor\json\include\nlohmann/json.hpp:55:
[build] C:\Users\pperv\code\unnamed_rpg\vendor\json\include\nlohmann/detail/iterators/iter_impl.hpp(488,18): warning: enumeration type in nested name specifier is incompatible with C++98 [-Wc++98-compat]
[build]   488 |             case value_t::array:
[build]       |                  ^
[build] C:\Users\pperv\code\unnamed_rpg\vendor\json\include\nlohmann/detail/iterators/iter_impl.hpp(491,18): warning: enumeration type in nested name specifier is incompatible with C++98 [-Wc++98-compat]
[build]   491 |             case value_t::null:
[build]       |                  ^
[build] C:\Users\pperv\code\unnamed_rpg\vendor\json\include\nlohmann/detail/iterators/iter_impl.hpp(492,18): warning: enumeration type in nested name specifier is incompatible with C++98 [-Wc++98-compat]
[build]   492 |             case value_t::string:
[build]       |                  ^
[build] C:\Users\pperv\code\unnamed_rpg\vendor\json\include\nlohmann/detail/iterators/iter_impl.hpp(493,18): warning: enumeration type in nested name specifier is incompatible with C++98 [-Wc++98-compat]
[build]   493 |             case value_t::boolean:
[build]       |                  ^
[build] C:\Users\pperv\code\unnamed_rpg\vendor\json\include\nlohmann/detail/iterators/iter_impl.hpp(494,18): warning: enumeration type in nested name specifier is incompatible with C++98 [-Wc++98-compat]
[build]   494 |             case value_t::number_integer:
[build]       |                  ^
[build] C:\Users\pperv\code\unnamed_rpg\vendor\json\include\nlohmann/detail/iterators/iter_impl.hpp(495,18): warning: enumeration type in nested name specifier is incompatible with C++98 [-Wc++98-compat]
[build]   495 |             case value_t::number_unsigned:
[build]       |                  ^
[build] C:\Users\pperv\code\unnamed_rpg\vendor\json\include\nlohmann/detail/iterators/iter_impl.hpp(496,18): warning: enumeration type in nested name specifier is incompatible with C++98 [-Wc++98-compat]
[build]   496 |             case value_t::number_float:
[build]       |                  ^
[build] C:\Users\pperv\code\unnamed_rpg\vendor\json\include\nlohmann/detail/iterators/iter_impl.hpp(497,18): warning: enumeration type in nested name specifier is incompatible with C++98 [-Wc++98-compat]
[build]   497 |             case value_t::binary:
[build]       |                  ^
[build] C:\Users\pperv\code\unnamed_rpg\vendor\json\include\nlohmann/detail/iterators/iter_impl.hpp(498,18): warning: enumeration type in nested name specifier is incompatible with C++98 [-Wc++98-compat]
[build]   498 |             case value_t::discarded:
[build]       |                  ^
[build] C:\Users\pperv\code\unnamed_rpg\vendor\json\include\nlohmann/detail/iterators/iter_impl.hpp(499,13): warning: default label in switch which covers all enumeration values [-Wcovered-switch-default]
[build]   499 |             default:
[build]       |             ^
[build] In file included from C:\Users\pperv\code\unnamed_rpg\vendor\json-schema-validator\src\json-uri.cpp:9:
[build] In file included from C:\Users\pperv\code\unnamed_rpg\vendor\json-schema-validator\src\nlohmann/json-schema.hpp:24:
[build] In file included from C:\Users\pperv\code\unnamed_rpg\vendor\json\include\nlohmann/json.hpp:44:
[build] In file included from C:\Users\pperv\code\unnamed_rpg\vendor\json\include\nlohmann/adl_serializer.hpp:14:
[build] In file included from C:\Users\pperv\code\unnamed_rpg\vendor\json\include\nlohmann/detail/conversions/from_json.hpp:24:
[build] C:\Users\pperv\code\unnamed_rpg\vendor\json\include\nlohmann/detail/exceptions.hpp(226,16): warning: generalized initializer lists are incompatible with C++98 [-Wc++98-compat]
[build]   226 |         return {id_, w.c_str()};
[build]       |                ^~~~~~~~~~~~~~~~
[build] C:\Users\pperv\code\unnamed_rpg\vendor\json\include\nlohmann/detail/exceptions.hpp(226,16): warning: constructor call from initializer list is incompatible with C++98 [-Wc++98-compat]
[build]   226 |         return {id_, w.c_str()};
[build]       |                ^~~~~~~~~~~~~~~~
[build] C:\Users\pperv\code\unnamed_rpg\vendor\json\include\nlohmann/detail/exceptions.hpp(226,16): warning: constructor call from initializer list is incompatible with C++98 [-Wc++98-compat]
[build]   226 |         return {id_, w.c_str()};
[build]       |                ^~~~~~~~~~~~~~~~
[build] C:\Users\pperv\code\unnamed_rpg\vendor\json\include\nlohmann/detail/iterators/iter_impl.hpp(474,42): note: in instantiation of function template specialization 'nlohmann::detail::invalid_iterator::create<nlohmann::basic_json<> *, 0>' requested here
[build]   474 |             JSON_THROW(invalid_iterator::create(212, "cannot compare iterators of different containers", m_object));
[build]       |                                          ^
[build] C:\Users\pperv\code\unnamed_rpg\vendor\json\include\nlohmann/detail/macro_scope.hpp(198,41): note: expanded from macro 'JSON_THROW'
[build]   198 |     #define JSON_THROW(exception) throw exception
[build]       |                                         ^
[build] C:\Users\pperv\code\unnamed_rpg\vendor\json\include\nlohmann/detail/iterators/iter_impl.hpp(511,17): note: in instantiation of function template specialization 'nlohmann::detail::iter_impl<nlohmann::basic_json<>>::operator==<nlohmann::detail::iter_impl<nlohmann::basic_json<>>, nullptr>' requested here
[build]   511 |         return !operator==(other);
[build]       |                 ^
[build] C:\Users\pperv\code\unnamed_rpg\vendor\json\include\nlohmann/detail/input/json_sax.hpp(815,43): note: in instantiation of function template specialization 'nlohmann::detail::iter_impl<nlohmann::basic_json<>>::operator!=<nlohmann::detail::iter_impl<nlohmann::basic_json<>>, nullptr>' requested here
[build]   815 |         for (auto it = parent.begin(); it != parent.end(); ++it)
[build]       |                                           ^
[build] C:\Users\pperv\code\unnamed_rpg\vendor\json\include\nlohmann/detail/input/json_sax.hpp(874,21): note: in instantiation of member function 'nlohmann::detail::json_sax_dom_callback_parser<nlohmann::basic_json<>, nlohmann::detail::iterator_input_adapter<const char *>>::remove_discarded_value' requested here
[build]   874 |                     remove_discarded_value(*ref_stack.back());
[build]       |                     ^
[build] C:\Users\pperv\code\unnamed_rpg\vendor\json\include\nlohmann/detail/input/json_sax.hpp(551,20): note: in instantiation of function template specialization 'nlohmann::detail::json_sax_dom_callback_parser<nlohmann::basic_json<>, nlohmann::detail::iterator_input_adapter<const char *>>::handle_value<nlohmann::detail::value_t>' requested here
[build]   551 |         auto val = handle_value(BasicJsonType::value_t::object, true);
[build]       |                    ^
[build] C:\Users\pperv\code\unnamed_rpg\vendor\json\include\nlohmann/detail/input/parser.hpp(199,56): note: in instantiation of member function 'nlohmann::detail::json_sax_dom_callback_parser<nlohmann::basic_json<>, nlohmann::detail::iterator_input_adapter<const char *>>::start_object' requested here
[build]   199 |                         if (JSON_HEDLEY_UNLIKELY(!sax->start_object(detail::unknown_size())))
[build]       |                                                        ^
[build] C:\Users\pperv\code\unnamed_rpg\vendor\json\include\nlohmann/thirdparty/hedley/hedley.hpp(1360,94): note: expanded from macro 'JSON_HEDLEY_UNLIKELY'
[build]  1360 | #  define JSON_HEDLEY_UNLIKELY(expr)                    __builtin_expect                 (!!(expr),    0                  )
[build]       |                                                                                              ^
[build] C:\Users\pperv\code\unnamed_rpg\vendor\json\include\nlohmann/detail/input/parser.hpp(100,13): note: in instantiation of function template specialization 'nlohmann::detail::parser<nlohmann::basic_json<>, nlohmann::detail::iterator_input_adapter<const char *>>::sax_parse_internal<nlohmann::detail::json_sax_dom_callback_parser<nlohmann::basic_json<>, nlohmann::detail::iterator_input_adapter<const char *>>>' requested here
[build]   100 |             sax_parse_internal(&sdp);
[build]       |             ^
[build] C:\Users\pperv\code\unnamed_rpg\vendor\json\include\nlohmann/json.hpp(4112,148): note: in instantiation of member function 'nlohmann::detail::parser<nlohmann::basic_json<>, nlohmann::detail::iterator_input_adapter<const char *>>::parse' requested here
[build]  4112 |         parser(detail::input_adapter(std::move(first), std::move(last)), std::move(cb), allow_exceptions, ignore_comments, ignore_trailing_commas).parse(true, result); // cppcheck-suppress[accessMoved]
[build]       |                                                                                                                                                    ^
[build] C:\Users\pperv\code\unnamed_rpg\vendor\json\include\nlohmann/json.hpp(5294,28): note: in instantiation of function template specialization 'nlohmann::basic_json<>::parse<const char *, const char *, 0>' requested here
[build]  5294 |     return nlohmann::json::parse(s, s + n);
[build]       |                            ^
[build] In file included from C:\Users\pperv\code\unnamed_rpg\vendor\json-schema-validator\src\json-uri.cpp:9:
[build] In file included from C:\Users\pperv\code\unnamed_rpg\vendor\json-schema-validator\src\nlohmann/json-schema.hpp:24:
[build] In file included from C:\Users\pperv\code\unnamed_rpg\vendor\json\include\nlohmann/json.hpp:55:
[build] C:\Users\pperv\code\unnamed_rpg\vendor\json\include\nlohmann/detail/iterators/iter_impl.hpp(379,33): warning: 'nullptr' is incompatible with C++98 [-Wc++98-compat]
[build]   379 |         JSON_ASSERT(m_object != nullptr);
[build]       |                                 ^
[build] C:\Users\pperv\code\unnamed_rpg\vendor\json\include\nlohmann/detail/iterators/iter_impl.hpp(383,18): warning: enumeration type in nested name specifier is incompatible with C++98 [-Wc++98-compat]
[build]   383 |             case value_t::object:
[build]       |                  ^
[build] C:\Users\pperv\code\unnamed_rpg\vendor\json\include\nlohmann/detail/input/json_sax.hpp(874,21): note: in instantiation of member function 'nlohmann::detail::json_sax_dom_callback_parser<nlohmann::basic_json<>, nlohmann::detail::iterator_input_adapter<const char *>>::remove_discarded_value' requested here
[build]   874 |                     remove_discarded_value(*ref_stack.back());
[build]       |                     ^
[build] C:\Users\pperv\code\unnamed_rpg\vendor\json\include\nlohmann/detail/input/json_sax.hpp(551,20): note: in instantiation of function template specialization 'nlohmann::detail::json_sax_dom_callback_parser<nlohmann::basic_json<>, nlohmann::detail::iterator_input_adapter<const char *>>::handle_value<nlohmann::detail::value_t>' requested here
[build]   551 |         auto val = handle_value(BasicJsonType::value_t::object, true);
[build]       |                    ^
[build] C:\Users\pperv\code\unnamed_rpg\vendor\json\include\nlohmann/detail/input/parser.hpp(199,56): note: in instantiation of member function 'nlohmann::detail::json_sax_dom_callback_parser<nlohmann::basic_json<>, nlohmann::detail::iterator_input_adapter<const char *>>::start_object' requested here
[build]   199 |                         if (JSON_HEDLEY_UNLIKELY(!sax->start_object(detail::unknown_size())))
[build]       |                                                        ^
[build] C:\Users\pperv\code\unnamed_rpg\vendor\json\include\nlohmann/thirdparty/hedley/hedley.hpp(1360,94): note: expanded from macro 'JSON_HEDLEY_UNLIKELY'
[build]  1360 | #  define JSON_HEDLEY_UNLIKELY(expr)                    __builtin_expect                 (!!(expr),    0                  )
[build]       |                                                                                              ^
[build] C:\Users\pperv\code\unnamed_rpg\vendor\json\include\nlohmann/detail/input/parser.hpp(100,13): note: in instantiation of function template specialization 'nlohmann::detail::parser<nlohmann::basic_json<>, nlohmann::detail::iterator_input_adapter<const char *>>::sax_parse_internal<nlohmann::detail::json_sax_dom_callback_parser<nlohmann::basic_json<>, nlohmann::detail::iterator_input_adapter<const char *>>>' requested here
[build]   100 |             sax_parse_internal(&sdp);
[build]       |             ^
[build] C:\Users\pperv\code\unnamed_rpg\vendor\json\include\nlohmann/json.hpp(4112,148): note: in instantiation of member function 'nlohmann::detail::parser<nlohmann::basic_json<>, nlohmann::detail::iterator_input_adapter<const char *>>::parse' requested here
[build]  4112 |         parser(detail::input_adapter(std::move(first), std::move(last)), std::move(cb), allow_exceptions, ignore_comments, ignore_trailing_commas).parse(true, result); // cppcheck-suppress[accessMoved]
[build]       |                                                                                                                                                    ^
[build] C:\Users\pperv\code\unnamed_rpg\vendor\json\include\nlohmann/json.hpp(5294,28): note: in instantiation of function template specialization 'nlohmann::basic_json<>::parse<const char *, const char *, 0>' requested here
[build]  5294 |     return nlohmann::json::parse(s, s + n);
[build]       |                            ^
[build] In file included from C:\Users\pperv\code\unnamed_rpg\vendor\json-schema-validator\src\json-uri.cpp:9:
[build] In file included from C:\Users\pperv\code\unnamed_rpg\vendor\json-schema-validator\src\nlohmann/json-schema.hpp:24:
[build] In file included from C:\Users\pperv\code\unnamed_rpg\vendor\json\include\nlohmann/json.hpp:55:
[build] C:\Users\pperv\code\unnamed_rpg\vendor\json\include\nlohmann/detail/iterators/iter_impl.hpp(389,18): warning: enumeration type in nested name specifier is incompatible with C++98 [-Wc++98-compat]
[build]   389 |             case value_t::array:
[build]       |                  ^
[build] C:\Users\pperv\code\unnamed_rpg\vendor\json\include\nlohmann/detail/iterators/iter_impl.hpp(395,18): warning: enumeration type in nested name specifier is incompatible with C++98 [-Wc++98-compat]
[build]   395 |             case value_t::null:
[build]       |                  ^
[build] C:\Users\pperv\code\unnamed_rpg\vendor\json\include\nlohmann/detail/iterators/iter_impl.hpp(396,18): warning: enumeration type in nested name specifier is incompatible with C++98 [-Wc++98-compat]
[build]   396 |             case value_t::string:
[build]       |                  ^
[build] C:\Users\pperv\code\unnamed_rpg\vendor\json\include\nlohmann/detail/iterators/iter_impl.hpp(397,18): warning: enumeration type in nested name specifier is incompatible with C++98 [-Wc++98-compat]
[build]   397 |             case value_t::boolean:
[build]       |                  ^
[build] C:\Users\pperv\code\unnamed_rpg\vendor\json\include\nlohmann/detail/iterators/iter_impl.hpp(398,18): warning: enumeration type in nested name specifier is incompatible with C++98 [-Wc++98-compat]
[build]   398 |             case value_t::number_integer:
[build]       |                  ^
[build] C:\Users\pperv\code\unnamed_rpg\vendor\json\include\nlohmann/detail/iterators/iter_impl.hpp(399,18): warning: enumeration type in nested name specifier is incompatible with C++98 [-Wc++98-compat]
[build]   399 |             case value_t::number_unsigned:
[build]       |                  ^
[build] C:\Users\pperv\code\unnamed_rpg\vendor\json\include\nlohmann/detail/iterators/iter_impl.hpp(400,18): warning: enumeration type in nested name specifier is incompatible with C++98 [-Wc++98-compat]
[build]   400 |             case value_t::number_float:
[build]       |                  ^
[build] C:\Users\pperv\code\unnamed_rpg\vendor\json\include\nlohmann/detail/iterators/iter_impl.hpp(401,18): warning: enumeration type in nested name specifier is incompatible with C++98 [-Wc++98-compat]
[build]   401 |             case value_t::binary:
[build]       |                  ^
[build] C:\Users\pperv\code\unnamed_rpg\vendor\json\include\nlohmann/detail/iterators/iter_impl.hpp(402,18): warning: enumeration type in nested name specifier is incompatible with C++98 [-Wc++98-compat]
[build]   402 |             case value_t::discarded:
[build]       |                  ^
[build] C:\Users\pperv\code\unnamed_rpg\vendor\json\include\nlohmann/detail/iterators/iter_impl.hpp(383,18): warning: enumeration type in nested name specifier is incompatible with C++98 [-Wc++98-compat]
[build]   383 |             case value_t::object:
[build]       |                  ^
[build] C:\Users\pperv\code\unnamed_rpg\vendor\json\include\nlohmann/detail/input/json_sax.hpp(815,60): note: in instantiation of member function 'nlohmann::detail::iter_impl<nlohmann::basic_json<>>::operator++' requested here
[build]   815 |         for (auto it = parent.begin(); it != parent.end(); ++it)
[build]       |                                                            ^
[build] C:\Users\pperv\code\unnamed_rpg\vendor\json\include\nlohmann/detail/input/json_sax.hpp(874,21): note: in instantiation of member function 'nlohmann::detail::json_sax_dom_callback_parser<nlohmann::basic_json<>, nlohmann::detail::iterator_input_adapter<const char *>>::remove_discarded_value' requested here
[build]   874 |                     remove_discarded_value(*ref_stack.back());
[build]       |                     ^
[build] C:\Users\pperv\code\unnamed_rpg\vendor\json\include\nlohmann/detail/input/json_sax.hpp(551,20): note: in instantiation of function template specialization 'nlohmann::detail::json_sax_dom_callback_parser<nlohmann::basic_json<>, nlohmann::detail::iterator_input_adapter<const char *>>::handle_value<nlohmann::detail::value_t>' requested here
[build]   551 |         auto val = handle_value(BasicJsonType::value_t::object, true);
[build]       |                    ^
[build] C:\Users\pperv\code\unnamed_rpg\vendor\json\include\nlohmann/detail/input/parser.hpp(199,56): note: in instantiation of member function 'nlohmann::detail::json_sax_dom_callback_parser<nlohmann::basic_json<>, nlohmann::detail::iterator_input_adapter<const char *>>::start_object' requested here
[build]   199 |                         if (JSON_HEDLEY_UNLIKELY(!sax->start_object(detail::unknown_size())))
[build]       |                                                        ^
[build] C:\Users\pperv\code\unnamed_rpg\vendor\json\include\nlohmann/thirdparty/hedley/hedley.hpp(1360,94): note: expanded from macro 'JSON_HEDLEY_UNLIKELY'
[build]  1360 | #  define JSON_HEDLEY_UNLIKELY(expr)                    __builtin_expect                 (!!(expr),    0                  )
[build]       |                                                                                              ^
[build] C:\Users\pperv\code\unnamed_rpg\vendor\json\include\nlohmann/detail/input/parser.hpp(100,13): note: in instantiation of function template specialization 'nlohmann::detail::parser<nlohmann::basic_json<>, nlohmann::detail::iterator_input_adapter<const char *>>::sax_parse_internal<nlohmann::detail::json_sax_dom_callback_parser<nlohmann::basic_json<>, nlohmann::detail::iterator_input_adapter<const char *>>>' requested here
[build]   100 |             sax_parse_internal(&sdp);
[build]       |             ^
[build] C:\Users\pperv\code\unnamed_rpg\vendor\json\include\nlohmann/json.hpp(4112,148): note: in instantiation of member function 'nlohmann::detail::parser<nlohmann::basic_json<>, nlohmann::detail::iterator_input_adapter<const char *>>::parse' requested here
[build]  4112 |         parser(detail::input_adapter(std::move(first), std::move(last)), std::move(cb), allow_exceptions, ignore_comments, ignore_trailing_commas).parse(true, result); // cppcheck-suppress[accessMoved]
[build]       |                                                                                                                                                    ^
[build] C:\Users\pperv\code\unnamed_rpg\vendor\json\include\nlohmann/json.hpp(5294,28): note: in instantiation of function template specialization 'nlohmann::basic_json<>::parse<const char *, const char *, 0>' requested here
[build]  5294 |     return nlohmann::json::parse(s, s + n);
[build]       |                            ^
[build] In file included from C:\Users\pperv\code\unnamed_rpg\vendor\json-schema-validator\src\json-uri.cpp:9:
[build] In file included from C:\Users\pperv\code\unnamed_rpg\vendor\json-schema-validator\src\nlohmann/json-schema.hpp:24:
[build] In file included from C:\Users\pperv\code\unnamed_rpg\vendor\json\include\nlohmann/json.hpp:55:
[build] C:\Users\pperv\code\unnamed_rpg\vendor\json\include\nlohmann/detail/iterators/iter_impl.hpp(389,18): warning: enumeration type in nested name specifier is incompatible with C++98 [-Wc++98-compat]
[build]   389 |             case value_t::array:
[build]       |                  ^
[build] C:\Users\pperv\code\unnamed_rpg\vendor\json\include\nlohmann/detail/iterators/iter_impl.hpp(395,18): warning: enumeration type in nested name specifier is incompatible with C++98 [-Wc++98-compat]
[build]   395 |             case value_t::null:
[build]       |                  ^
[build] C:\Users\pperv\code\unnamed_rpg\vendor\json\include\nlohmann/detail/iterators/iter_impl.hpp(396,18): warning: enumeration type in nested name specifier is incompatible with C++98 [-Wc++98-compat]
[build]   396 |             case value_t::string:
[build]       |                  ^
[build] C:\Users\pperv\code\unnamed_rpg\vendor\json\include\nlohmann/detail/iterators/iter_impl.hpp(397,18): warning: enumeration type in nested name specifier is incompatible with C++98 [-Wc++98-compat]
[build]   397 |             case value_t::boolean:
[build]       |                  ^
[build] C:\Users\pperv\code\unnamed_rpg\vendor\json\include\nlohmann/detail/iterators/iter_impl.hpp(398,18): warning: enumeration type in nested name specifier is incompatible with C++98 [-Wc++98-compat]
[build]   398 |             case value_t::number_integer:
[build]       |                  ^
[build] C:\Users\pperv\code\unnamed_rpg\vendor\json\include\nlohmann/detail/iterators/iter_impl.hpp(399,18): warning: enumeration type in nested name specifier is incompatible with C++98 [-Wc++98-compat]
[build]   399 |             case value_t::number_unsigned:
[build]       |                  ^
[build] C:\Users\pperv\code\unnamed_rpg\vendor\json\include\nlohmann/detail/iterators/iter_impl.hpp(400,18): warning: enumeration type in nested name specifier is incompatible with C++98 [-Wc++98-compat]
[build]   400 |             case value_t::number_float:
[build]       |                  ^
[build] C:\Users\pperv\code\unnamed_rpg\vendor\json\include\nlohmann/detail/iterators/iter_impl.hpp(401,18): warning: enumeration type in nested name specifier is incompatible with C++98 [-Wc++98-compat]
[build]   401 |             case value_t::binary:
[build]       |                  ^
[build] C:\Users\pperv\code\unnamed_rpg\vendor\json\include\nlohmann/detail/iterators/iter_impl.hpp(402,18): warning: enumeration type in nested name specifier is incompatible with C++98 [-Wc++98-compat]
[build]   402 |             case value_t::discarded:
[build]       |                  ^
[build] C:\Users\pperv\code\unnamed_rpg\vendor\json\include\nlohmann/detail/iterators/iter_impl.hpp(403,13): warning: default label in switch which covers all enumeration values [-Wcovered-switch-default]
[build]   403 |             default:
[build]       |             ^
[build] C:\Users\pperv\code\unnamed_rpg\vendor\json\include\nlohmann/detail/iterators/iter_impl.hpp(326,33): warning: 'nullptr' is incompatible with C++98 [-Wc++98-compat]
[build]   326 |         JSON_ASSERT(m_object != nullptr);
[build]       |                                 ^
[build] C:\Users\pperv\code\unnamed_rpg\vendor\json\include\nlohmann/detail/iterators/iter_impl.hpp(330,18): warning: enumeration type in nested name specifier is incompatible with C++98 [-Wc++98-compat]
[build]   330 |             case value_t::object:
[build]       |                  ^
[build] C:\Users\pperv\code\unnamed_rpg\vendor\json\include\nlohmann/detail/input/json_sax.hpp(874,21): note: in instantiation of member function 'nlohmann::detail::json_sax_dom_callback_parser<nlohmann::basic_json<>, nlohmann::detail::iterator_input_adapter<const char *>>::remove_discarded_value' requested here
[build]   874 |                     remove_discarded_value(*ref_stack.back());
[build]       |                     ^
[build] C:\Users\pperv\code\unnamed_rpg\vendor\json\include\nlohmann/detail/input/json_sax.hpp(551,20): note: in instantiation of function template specialization 'nlohmann::detail::json_sax_dom_callback_parser<nlohmann::basic_json<>, nlohmann::detail::iterator_input_adapter<const char *>>::handle_value<nlohmann::detail::value_t>' requested here
[build]   551 |         auto val = handle_value(BasicJsonType::value_t::object, true);
[build]       |                    ^
[build] C:\Users\pperv\code\unnamed_rpg\vendor\json\include\nlohmann/detail/input/parser.hpp(199,56): note: in instantiation of member function 'nlohmann::detail::json_sax_dom_callback_parser<nlohmann::basic_json<>, nlohmann::detail::iterator_input_adapter<const char *>>::start_object' requested here
[build]   199 |                         if (JSON_HEDLEY_UNLIKELY(!sax->start_object(detail::unknown_size())))
[build]       |                                                        ^
[build] C:\Users\pperv\code\unnamed_rpg\vendor\json\include\nlohmann/thirdparty/hedley/hedley.hpp(1360,94): note: expanded from macro 'JSON_HEDLEY_UNLIKELY'
[build]  1360 | #  define JSON_HEDLEY_UNLIKELY(expr)                    __builtin_expect                 (!!(expr),    0                  )
[build]       |                                                                                              ^
[build] C:\Users\pperv\code\unnamed_rpg\vendor\json\include\nlohmann/detail/input/parser.hpp(100,13): note: in instantiation of function template specialization 'nlohmann::detail::parser<nlohmann::basic_json<>, nlohmann::detail::iterator_input_adapter<const char *>>::sax_parse_internal<nlohmann::detail::json_sax_dom_callback_parser<nlohmann::basic_json<>, nlohmann::detail::iterator_input_adapter<const char *>>>' requested here
[build]   100 |             sax_parse_internal(&sdp);
[build]       |             ^
[build] C:\Users\pperv\code\unnamed_rpg\vendor\json\include\nlohmann/json.hpp(4112,148): note: in instantiation of member function 'nlohmann::detail::parser<nlohmann::basic_json<>, nlohmann::detail::iterator_input_adapter<const char *>>::parse' requested here
[build]  4112 |         parser(detail::input_adapter(std::move(first), std::move(last)), std::move(cb), allow_exceptions, ignore_comments, ignore_trailing_commas).parse(true, result); // cppcheck-suppress[accessMoved]
[build]       |                                                                                                                                                    ^
[build] C:\Users\pperv\code\unnamed_rpg\vendor\json\include\nlohmann/json.hpp(5294,28): note: in instantiation of function template specialization 'nlohmann::basic_json<>::parse<const char *, const char *, 0>' requested here
[build]  5294 |     return nlohmann::json::parse(s, s + n);
[build]       |                            ^
[build] In file included from C:\Users\pperv\code\unnamed_rpg\vendor\json-schema-validator\src\json-uri.cpp:9:
[build] In file included from C:\Users\pperv\code\unnamed_rpg\vendor\json-schema-validator\src\nlohmann/json-schema.hpp:24:
[build] In file included from C:\Users\pperv\code\unnamed_rpg\vendor\json\include\nlohmann/json.hpp:55:
[build] C:\Users\pperv\code\unnamed_rpg\vendor\json\include\nlohmann/detail/iterators/iter_impl.hpp(336,18): warning: enumeration type in nested name specifier is incompatible with C++98 [-Wc++98-compat]
[build]   336 |             case value_t::array:
[build]       |                  ^
[build] C:\Users\pperv\code\unnamed_rpg\vendor\json\include\nlohmann/detail/iterators/iter_impl.hpp(342,18): warning: enumeration type in nested name specifier is incompatible with C++98 [-Wc++98-compat]
[build]   342 |             case value_t::null:
[build]       |                  ^
[build] C:\Users\pperv\code\unnamed_rpg\vendor\json\include\nlohmann/detail/iterators/iter_impl.hpp(343,18): warning: enumeration type in nested name specifier is incompatible with C++98 [-Wc++98-compat]
[build]   343 |             case value_t::string:
[build]       |                  ^
[build] C:\Users\pperv\code\unnamed_rpg\vendor\json\include\nlohmann/detail/iterators/iter_impl.hpp(344,18): warning: enumeration type in nested name specifier is incompatible with C++98 [-Wc++98-compat]
[build]   344 |             case value_t::boolean:
[build]       |                  ^
[build] C:\Users\pperv\code\unnamed_rpg\vendor\json\include\nlohmann/detail/iterators/iter_impl.hpp(345,18): warning: enumeration type in nested name specifier is incompatible with C++98 [-Wc++98-compat]
[build]   345 |             case value_t::number_integer:
[build]       |                  ^
[build] C:\Users\pperv\code\unnamed_rpg\vendor\json\include\nlohmann/detail/iterators/iter_impl.hpp(346,18): warning: enumeration type in nested name specifier is incompatible with C++98 [-Wc++98-compat]
[build]   346 |             case value_t::number_unsigned:
[build]       |                  ^
[build] C:\Users\pperv\code\unnamed_rpg\vendor\json\include\nlohmann/detail/iterators/iter_impl.hpp(347,18): warning: enumeration type in nested name specifier is incompatible with C++98 [-Wc++98-compat]
[build]   347 |             case value_t::number_float:
[build]       |                  ^
[build] C:\Users\pperv\code\unnamed_rpg\vendor\json\include\nlohmann/detail/iterators/iter_impl.hpp(348,18): warning: enumeration type in nested name specifier is incompatible with C++98 [-Wc++98-compat]
[build]   348 |             case value_t::binary:
[build]       |                  ^
[build] C:\Users\pperv\code\unnamed_rpg\vendor\json\include\nlohmann/detail/iterators/iter_impl.hpp(349,18): warning: enumeration type in nested name specifier is incompatible with C++98 [-Wc++98-compat]
[build]   349 |             case value_t::discarded:
[build]       |                  ^
[build] C:\Users\pperv\code\unnamed_rpg\vendor\json\include\nlohmann/detail/iterators/iter_impl.hpp(330,18): warning: enumeration type in nested name specifier is incompatible with C++98 [-Wc++98-compat]
[build]   330 |             case value_t::object:
[build]       |                  ^
[build] C:\Users\pperv\code\unnamed_rpg\vendor\json\include\nlohmann/detail/input/json_sax.hpp(817,19): note: in instantiation of member function 'nlohmann::detail::iter_impl<nlohmann::basic_json<>>::operator->' requested here
[build]   817 |             if (it->is_discarded())
[build]       |                   ^
[build] C:\Users\pperv\code\unnamed_rpg\vendor\json\include\nlohmann/detail/input/json_sax.hpp(874,21): note: in instantiation of member function 'nlohmann::detail::json_sax_dom_callback_parser<nlohmann::basic_json<>, nlohmann::detail::iterator_input_adapter<const char *>>::remove_discarded_value' requested here
[build]   874 |                     remove_discarded_value(*ref_stack.back());
[build]       |                     ^
[build] C:\Users\pperv\code\unnamed_rpg\vendor\json\include\nlohmann/detail/input/json_sax.hpp(551,20): note: in instantiation of function template specialization 'nlohmann::detail::json_sax_dom_callback_parser<nlohmann::basic_json<>, nlohmann::detail::iterator_input_adapter<const char *>>::handle_value<nlohmann::detail::value_t>' requested here
[build]   551 |         auto val = handle_value(BasicJsonType::value_t::object, true);
[build]       |                    ^
[build] C:\Users\pperv\code\unnamed_rpg\vendor\json\include\nlohmann/detail/input/parser.hpp(199,56): note: in instantiation of member function 'nlohmann::detail::json_sax_dom_callback_parser<nlohmann::basic_json<>, nlohmann::detail::iterator_input_adapter<const char *>>::start_object' requested here
[build]   199 |                         if (JSON_HEDLEY_UNLIKELY(!sax->start_object(detail::unknown_size())))
[build]       |                                                        ^
[build] C:\Users\pperv\code\unnamed_rpg\vendor\json\include\nlohmann/thirdparty/hedley/hedley.hpp(1360,94): note: expanded from macro 'JSON_HEDLEY_UNLIKELY'
[build]  1360 | #  define JSON_HEDLEY_UNLIKELY(expr)                    __builtin_expect                 (!!(expr),    0                  )
[build]       |                                                                                              ^
[build] C:\Users\pperv\code\unnamed_rpg\vendor\json\include\nlohmann/detail/input/parser.hpp(100,13): note: in instantiation of function template specialization 'nlohmann::detail::parser<nlohmann::basic_json<>, nlohmann::detail::iterator_input_adapter<const char *>>::sax_parse_internal<nlohmann::detail::json_sax_dom_callback_parser<nlohmann::basic_json<>, nlohmann::detail::iterator_input_adapter<const char *>>>' requested here
[build]   100 |             sax_parse_internal(&sdp);
[build]       |             ^
[build] C:\Users\pperv\code\unnamed_rpg\vendor\json\include\nlohmann/json.hpp(4112,148): note: in instantiation of member function 'nlohmann::detail::parser<nlohmann::basic_json<>, nlohmann::detail::iterator_input_adapter<const char *>>::parse' requested here
[build]  4112 |         parser(detail::input_adapter(std::move(first), std::move(last)), std::move(cb), allow_exceptions, ignore_comments, ignore_trailing_commas).parse(true, result); // cppcheck-suppress[accessMoved]
[build]       |                                                                                                                                                    ^
[build] C:\Users\pperv\code\unnamed_rpg\vendor\json\include\nlohmann/json.hpp(5294,28): note: in instantiation of function template specialization 'nlohmann::basic_json<>::parse<const char *, const char *, 0>' requested here
[build]  5294 |     return nlohmann::json::parse(s, s + n);
[build]       |                            ^
[build] In file included from C:\Users\pperv\code\unnamed_rpg\vendor\json-schema-validator\src\json-uri.cpp:9:
[build] In file included from C:\Users\pperv\code\unnamed_rpg\vendor\json-schema-validator\src\nlohmann/json-schema.hpp:24:
[build] In file included from C:\Users\pperv\code\unnamed_rpg\vendor\json\include\nlohmann/json.hpp:55:
[build] C:\Users\pperv\code\unnamed_rpg\vendor\json\include\nlohmann/detail/iterators/iter_impl.hpp(336,18): warning: enumeration type in nested name specifier is incompatible with C++98 [-Wc++98-compat]
[build]   336 |             case value_t::array:
[build]       |                  ^
[build] C:\Users\pperv\code\unnamed_rpg\vendor\json\include\nlohmann/detail/iterators/iter_impl.hpp(342,18): warning: enumeration type in nested name specifier is incompatible with C++98 [-Wc++98-compat]
[build]   342 |             case value_t::null:
[build]       |                  ^
[build] C:\Users\pperv\code\unnamed_rpg\vendor\json\include\nlohmann/detail/iterators/iter_impl.hpp(343,18): warning: enumeration type in nested name specifier is incompatible with C++98 [-Wc++98-compat]
[build]   343 |             case value_t::string:
[build]       |                  ^
[build] C:\Users\pperv\code\unnamed_rpg\vendor\json\include\nlohmann/detail/iterators/iter_impl.hpp(344,18): warning: enumeration type in nested name specifier is incompatible with C++98 [-Wc++98-compat]
[build]   344 |             case value_t::boolean:
[build]       |                  ^
[build] C:\Users\pperv\code\unnamed_rpg\vendor\json\include\nlohmann/detail/iterators/iter_impl.hpp(345,18): warning: enumeration type in nested name specifier is incompatible with C++98 [-Wc++98-compat]
[build]   345 |             case value_t::number_integer:
[build]       |                  ^
[build] C:\Users\pperv\code\unnamed_rpg\vendor\json\include\nlohmann/detail/iterators/iter_impl.hpp(346,18): warning: enumeration type in nested name specifier is incompatible with C++98 [-Wc++98-compat]
[build]   346 |             case value_t::number_unsigned:
[build]       |                  ^
[build] C:\Users\pperv\code\unnamed_rpg\vendor\json\include\nlohmann/detail/iterators/iter_impl.hpp(347,18): warning: enumeration type in nested name specifier is incompatible with C++98 [-Wc++98-compat]
[build]   347 |             case value_t::number_float:
[build]       |                  ^
[build] C:\Users\pperv\code\unnamed_rpg\vendor\json\include\nlohmann/detail/iterators/iter_impl.hpp(348,18): warning: enumeration type in nested name specifier is incompatible with C++98 [-Wc++98-compat]
[build]   348 |             case value_t::binary:
[build]       |                  ^
[build] C:\Users\pperv\code\unnamed_rpg\vendor\json\include\nlohmann/detail/iterators/iter_impl.hpp(349,18): warning: enumeration type in nested name specifier is incompatible with C++98 [-Wc++98-compat]
[build]   349 |             case value_t::discarded:
[build]       |                  ^
[build] C:\Users\pperv\code\unnamed_rpg\vendor\json\include\nlohmann/detail/iterators/iter_impl.hpp(350,13): warning: default label in switch which covers all enumeration values [-Wcovered-switch-default]
[build]   350 |             default:
[build]       |             ^
[build] In file included from C:\Users\pperv\code\unnamed_rpg\vendor\json-schema-validator\src\json-uri.cpp:9:
[build] In file included from C:\Users\pperv\code\unnamed_rpg\vendor\json-schema-validator\src\nlohmann/json-schema.hpp:24:
[build] C:\Users\pperv\code\unnamed_rpg\vendor\json\include\nlohmann/json.hpp(2527,43): warning: 'decltype' type specifier is incompatible with C++98 [-Wc++98-compat]
[build]  2527 |                     std::allocator_traits<decltype(alloc)>::destroy(alloc, m_data.m_value.string);
[build]       |                                           ^
[build] C:\Users\pperv\code\unnamed_rpg\vendor\json\include\nlohmann/json.hpp(2528,43): warning: 'decltype' type specifier is incompatible with C++98 [-Wc++98-compat]
[build]  2528 |                     std::allocator_traits<decltype(alloc)>::deallocate(alloc, m_data.m_value.string, 1);
[build]       |                                           ^
[build] C:\Users\pperv\code\unnamed_rpg\vendor\json\include\nlohmann/json.hpp(2529,45): warning: 'nullptr' is incompatible with C++98 [-Wc++98-compat]
[build]  2529 |                     m_data.m_value.string = nullptr;
[build]       |                                             ^
[build] C:\Users\pperv\code\unnamed_rpg\vendor\json\include\nlohmann/json.hpp(2534,43): warning: 'decltype' type specifier is incompatible with C++98 [-Wc++98-compat]
[build]  2534 |                     std::allocator_traits<decltype(alloc)>::destroy(alloc, m_data.m_value.binary);
[build]       |                                           ^
[build] C:\Users\pperv\code\unnamed_rpg\vendor\json\include\nlohmann/json.hpp(2535,43): warning: 'decltype' type specifier is incompatible with C++98 [-Wc++98-compat]
[build]  2535 |                     std::allocator_traits<decltype(alloc)>::deallocate(alloc, m_data.m_value.binary, 1);
[build]       |                                           ^
[build] C:\Users\pperv\code\unnamed_rpg\vendor\json\include\nlohmann/json.hpp(2536,45): warning: 'nullptr' is incompatible with C++98 [-Wc++98-compat]
[build]  2536 |                     m_data.m_value.binary = nullptr;
[build]       |                                             ^
[build] C:\Users\pperv\code\unnamed_rpg\vendor\json\include\nlohmann/json.hpp(2512,18): warning: enumeration type in nested name specifier is incompatible with C++98 [-Wc++98-compat]
[build]  2512 |             case value_t::boolean:
[build]       |                  ^
[build] C:\Users\pperv\code\unnamed_rpg\vendor\json\include\nlohmann/detail/input/json_sax.hpp(819,24): note: in instantiation of function template specialization 'nlohmann::basic_json<>::erase<nlohmann::detail::iter_impl<nlohmann::basic_json<>>, 0>' requested here
[build]   819 |                 parent.erase(it);
[build]       |                        ^
[build] C:\Users\pperv\code\unnamed_rpg\vendor\json\include\nlohmann/detail/input/json_sax.hpp(874,21): note: in instantiation of member function 'nlohmann::detail::json_sax_dom_callback_parser<nlohmann::basic_json<>, nlohmann::detail::iterator_input_adapter<const char *>>::remove_discarded_value' requested here
[build]   874 |                     remove_discarded_value(*ref_stack.back());
[build]       |                     ^
[build] C:\Users\pperv\code\unnamed_rpg\vendor\json\include\nlohmann/detail/input/json_sax.hpp(551,20): note: in instantiation of function template specialization 'nlohmann::detail::json_sax_dom_callback_parser<nlohmann::basic_json<>, nlohmann::detail::iterator_input_adapter<const char *>>::handle_value<nlohmann::detail::value_t>' requested here
[build]   551 |         auto val = handle_value(BasicJsonType::value_t::object, true);
[build]       |                    ^
[build] C:\Users\pperv\code\unnamed_rpg\vendor\json\include\nlohmann/detail/input/parser.hpp(199,56): note: in instantiation of member function 'nlohmann::detail::json_sax_dom_callback_parser<nlohmann::basic_json<>, nlohmann::detail::iterator_input_adapter<const char *>>::start_object' requested here
[build]   199 |                         if (JSON_HEDLEY_UNLIKELY(!sax->start_object(detail::unknown_size())))
[build]       |                                                        ^
[build] C:\Users\pperv\code\unnamed_rpg\vendor\json\include\nlohmann/thirdparty/hedley/hedley.hpp(1360,94): note: expanded from macro 'JSON_HEDLEY_UNLIKELY'
[build]  1360 | #  define JSON_HEDLEY_UNLIKELY(expr)                    __builtin_expect                 (!!(expr),    0                  )
[build]       |                                                                                              ^
[build] C:\Users\pperv\code\unnamed_rpg\vendor\json\include\nlohmann/detail/input/parser.hpp(100,13): note: in instantiation of function template specialization 'nlohmann::detail::parser<nlohmann::basic_json<>, nlohmann::detail::iterator_input_adapter<const char *>>::sax_parse_internal<nlohmann::detail::json_sax_dom_callback_parser<nlohmann::basic_json<>, nlohmann::detail::iterator_input_adapter<const char *>>>' requested here
[build]   100 |             sax_parse_internal(&sdp);
[build]       |             ^
[build] C:\Users\pperv\code\unnamed_rpg\vendor\json\include\nlohmann/json.hpp(4112,148): note: in instantiation of member function 'nlohmann::detail::parser<nlohmann::basic_json<>, nlohmann::detail::iterator_input_adapter<const char *>>::parse' requested here
[build]  4112 |         parser(detail::input_adapter(std::move(first), std::move(last)), std::move(cb), allow_exceptions, ignore_comments, ignore_trailing_commas).parse(true, result); // cppcheck-suppress[accessMoved]
[build]       |                                                                                                                                                    ^
[build] C:\Users\pperv\code\unnamed_rpg\vendor\json\include\nlohmann/json.hpp(5294,28): note: in instantiation of function template specialization 'nlohmann::basic_json<>::parse<const char *, const char *, 0>' requested here
[build]  5294 |     return nlohmann::json::parse(s, s + n);
[build]       |                            ^
[build] C:\Users\pperv\code\unnamed_rpg\vendor\json\include\nlohmann/json.hpp(2513,18): warning: enumeration type in nested name specifier is incompatible with C++98 [-Wc++98-compat]
[build]  2513 |             case value_t::number_float:
[build]       |                  ^
[build] C:\Users\pperv\code\unnamed_rpg\vendor\json\include\nlohmann/json.hpp(2514,18): warning: enumeration type in nested name specifier is incompatible with C++98 [-Wc++98-compat]
[build]  2514 |             case value_t::number_integer:
[build]       |                  ^
[build] C:\Users\pperv\code\unnamed_rpg\vendor\json\include\nlohmann/json.hpp(2515,18): warning: enumeration type in nested name specifier is incompatible with C++98 [-Wc++98-compat]
[build]  2515 |             case value_t::number_unsigned:
[build]       |                  ^
[build] C:\Users\pperv\code\unnamed_rpg\vendor\json\include\nlohmann/json.hpp(2516,18): warning: enumeration type in nested name specifier is incompatible with C++98 [-Wc++98-compat]
[build]  2516 |             case value_t::string:
[build]       |                  ^
[build] C:\Users\pperv\code\unnamed_rpg\vendor\json\include\nlohmann/json.hpp(2517,18): warning: enumeration type in nested name specifier is incompatible with C++98 [-Wc++98-compat]
[build]  2517 |             case value_t::binary:
[build]       |                  ^
[build] C:\Users\pperv\code\unnamed_rpg\vendor\json\include\nlohmann/json.hpp(1439,33): warning: enumeration type in nested name specifier is incompatible with C++98 [-Wc++98-compat]
[build]  1439 |         return m_data.m_type == value_t::string;
[build]       |                                 ^
[build] C:\Users\pperv\code\unnamed_rpg\vendor\json\include\nlohmann/json.hpp(2524,21): note: in instantiation of member function 'nlohmann::basic_json<>::is_string' requested here
[build]  2524 |                 if (is_string())
[build]       |                     ^
[build] C:\Users\pperv\code\unnamed_rpg\vendor\json\include\nlohmann/detail/input/json_sax.hpp(819,24): note: in instantiation of function template specialization 'nlohmann::basic_json<>::erase<nlohmann::detail::iter_impl<nlohmann::basic_json<>>, 0>' requested here
[build]   819 |                 parent.erase(it);
[build]       |                        ^
[build] C:\Users\pperv\code\unnamed_rpg\vendor\json\include\nlohmann/detail/input/json_sax.hpp(874,21): note: in instantiation of member function 'nlohmann::detail::json_sax_dom_callback_parser<nlohmann::basic_json<>, nlohmann::detail::iterator_input_adapter<const char *>>::remove_discarded_value' requested here
[build]   874 |                     remove_discarded_value(*ref_stack.back());
[build]       |                     ^
[build] C:\Users\pperv\code\unnamed_rpg\vendor\json\include\nlohmann/detail/input/json_sax.hpp(551,20): note: in instantiation of function template specialization 'nlohmann::detail::json_sax_dom_callback_parser<nlohmann::basic_json<>, nlohmann::detail::iterator_input_adapter<const char *>>::handle_value<nlohmann::detail::value_t>' requested here
[build]   551 |         auto val = handle_value(BasicJsonType::value_t::object, true);
[build]       |                    ^
[build] C:\Users\pperv\code\unnamed_rpg\vendor\json\include\nlohmann/detail/input/parser.hpp(199,56): note: in instantiation of member function 'nlohmann::detail::json_sax_dom_callback_parser<nlohmann::basic_json<>, nlohmann::detail::iterator_input_adapter<const char *>>::start_object' requested here
[build]   199 |                         if (JSON_HEDLEY_UNLIKELY(!sax->start_object(detail::unknown_size())))
[build]       |                                                        ^
[build] C:\Users\pperv\code\unnamed_rpg\vendor\json\include\nlohmann/thirdparty/hedley/hedley.hpp(1360,94): note: expanded from macro 'JSON_HEDLEY_UNLIKELY'
[build]  1360 | #  define JSON_HEDLEY_UNLIKELY(expr)                    __builtin_expect                 (!!(expr),    0                  )
[build]       |                                                                                              ^
[build] C:\Users\pperv\code\unnamed_rpg\vendor\json\include\nlohmann/detail/input/parser.hpp(100,13): note: in instantiation of function template specialization 'nlohmann::detail::parser<nlohmann::basic_json<>, nlohmann::detail::iterator_input_adapter<const char *>>::sax_parse_internal<nlohmann::detail::json_sax_dom_callback_parser<nlohmann::basic_json<>, nlohmann::detail::iterator_input_adapter<const char *>>>' requested here
[build]   100 |             sax_parse_internal(&sdp);
[build]       |             ^
[build] C:\Users\pperv\code\unnamed_rpg\vendor\json\include\nlohmann/json.hpp(4112,148): note: in instantiation of member function 'nlohmann::detail::parser<nlohmann::basic_json<>, nlohmann::detail::iterator_input_adapter<const char *>>::parse' requested here
[build]  4112 |         parser(detail::input_adapter(std::move(first), std::move(last)), std::move(cb), allow_exceptions, ignore_comments, ignore_trailing_commas).parse(true, result); // cppcheck-suppress[accessMoved]
[build]       |                                                                                                                                                    ^
[build] C:\Users\pperv\code\unnamed_rpg\vendor\json\include\nlohmann/json.hpp(5294,28): note: in instantiation of function template specialization 'nlohmann::basic_json<>::parse<const char *, const char *, 0>' requested here
[build]  5294 |     return nlohmann::json::parse(s, s + n);
[build]       |                            ^
[build] C:\Users\pperv\code\unnamed_rpg\vendor\json\include\nlohmann/json.hpp(1446,33): warning: enumeration type in nested name specifier is incompatible with C++98 [-Wc++98-compat]
[build]  1446 |         return m_data.m_type == value_t::binary;
[build]       |                                 ^
[build] C:\Users\pperv\code\unnamed_rpg\vendor\json\include\nlohmann/json.hpp(2531,26): note: in instantiation of member function 'nlohmann::basic_json<>::is_binary' requested here
[build]  2531 |                 else if (is_binary())
[build]       |                          ^
[build] C:\Users\pperv\code\unnamed_rpg\vendor\json\include\nlohmann/detail/input/json_sax.hpp(819,24): note: in instantiation of function template specialization 'nlohmann::basic_json<>::erase<nlohmann::detail::iter_impl<nlohmann::basic_json<>>, 0>' requested here
[build]   819 |                 parent.erase(it);
[build]       |                        ^
[build] C:\Users\pperv\code\unnamed_rpg\vendor\json\include\nlohmann/detail/input/json_sax.hpp(874,21): note: in instantiation of member function 'nlohmann::detail::json_sax_dom_callback_parser<nlohmann::basic_json<>, nlohmann::detail::iterator_input_adapter<const char *>>::remove_discarded_value' requested here
[build]   874 |                     remove_discarded_value(*ref_stack.back());
[build]       |                     ^
[build] C:\Users\pperv\code\unnamed_rpg\vendor\json\include\nlohmann/detail/input/json_sax.hpp(551,20): note: in instantiation of function template specialization 'nlohmann::detail::json_sax_dom_callback_parser<nlohmann::basic_json<>, nlohmann::detail::iterator_input_adapter<const char *>>::handle_value<nlohmann::detail::value_t>' requested here
[build]   551 |         auto val = handle_value(BasicJsonType::value_t::object, true);
[build]       |                    ^
[build] C:\Users\pperv\code\unnamed_rpg\vendor\json\include\nlohmann/detail/input/parser.hpp(199,56): note: in instantiation of member function 'nlohmann::detail::json_sax_dom_callback_parser<nlohmann::basic_json<>, nlohmann::detail::iterator_input_adapter<const char *>>::start_object' requested here
[build]   199 |                         if (JSON_HEDLEY_UNLIKELY(!sax->start_object(detail::unknown_size())))
[build]       |                                                        ^
[build] C:\Users\pperv\code\unnamed_rpg\vendor\json\include\nlohmann/thirdparty/hedley/hedley.hpp(1360,94): note: expanded from macro 'JSON_HEDLEY_UNLIKELY'
[build]  1360 | #  define JSON_HEDLEY_UNLIKELY(expr)                    __builtin_expect                 (!!(expr),    0                  )
[build]       |                                                                                              ^
[build] C:\Users\pperv\code\unnamed_rpg\vendor\json\include\nlohmann/detail/input/parser.hpp(100,13): note: in instantiation of function template specialization 'nlohmann::detail::parser<nlohmann::basic_json<>, nlohmann::detail::iterator_input_adapter<const char *>>::sax_parse_internal<nlohmann::detail::json_sax_dom_callback_parser<nlohmann::basic_json<>, nlohmann::detail::iterator_input_adapter<const char *>>>' requested here
[build]   100 |             sax_parse_internal(&sdp);
[build]       |             ^
[build] C:\Users\pperv\code\unnamed_rpg\vendor\json\include\nlohmann/json.hpp(4112,148): note: in instantiation of member function 'nlohmann::detail::parser<nlohmann::basic_json<>, nlohmann::detail::iterator_input_adapter<const char *>>::parse' requested here
[build]  4112 |         parser(detail::input_adapter(std::move(first), std::move(last)), std::move(cb), allow_exceptions, ignore_comments, ignore_trailing_commas).parse(true, result); // cppcheck-suppress[accessMoved]
[build]       |                                                                                                                                                    ^
[build] C:\Users\pperv\code\unnamed_rpg\vendor\json\include\nlohmann/json.hpp(5294,28): note: in instantiation of function template specialization 'nlohmann::basic_json<>::parse<const char *, const char *, 0>' requested here
[build]  5294 |     return nlohmann::json::parse(s, s + n);
[build]       |                            ^
[build] C:\Users\pperv\code\unnamed_rpg\vendor\json\include\nlohmann/json.hpp(2539,33): warning: enumeration type in nested name specifier is incompatible with C++98 [-Wc++98-compat]
[build]  2539 |                 m_data.m_type = value_t::null;
[build]       |                                 ^
[build] C:\Users\pperv\code\unnamed_rpg\vendor\json\include\nlohmann/detail/input/json_sax.hpp(819,24): note: in instantiation of function template specialization 'nlohmann::basic_json<>::erase<nlohmann::detail::iter_impl<nlohmann::basic_json<>>, 0>' requested here
[build]   819 |                 parent.erase(it);
[build]       |                        ^
[build] C:\Users\pperv\code\unnamed_rpg\vendor\json\include\nlohmann/detail/input/json_sax.hpp(874,21): note: in instantiation of member function 'nlohmann::detail::json_sax_dom_callback_parser<nlohmann::basic_json<>, nlohmann::detail::iterator_input_adapter<const char *>>::remove_discarded_value' requested here
[build]   874 |                     remove_discarded_value(*ref_stack.back());
[build]       |                     ^
[build] C:\Users\pperv\code\unnamed_rpg\vendor\json\include\nlohmann/detail/input/json_sax.hpp(551,20): note: in instantiation of function template specialization 'nlohmann::detail::json_sax_dom_callback_parser<nlohmann::basic_json<>, nlohmann::detail::iterator_input_adapter<const char *>>::handle_value<nlohmann::detail::value_t>' requested here
[build]   551 |         auto val = handle_value(BasicJsonType::value_t::object, true);
[build]       |                    ^
[build] C:\Users\pperv\code\unnamed_rpg\vendor\json\include\nlohmann/detail/input/parser.hpp(199,56): note: in instantiation of member function 'nlohmann::detail::json_sax_dom_callback_parser<nlohmann::basic_json<>, nlohmann::detail::iterator_input_adapter<const char *>>::start_object' requested here
[build]   199 |                         if (JSON_HEDLEY_UNLIKELY(!sax->start_object(detail::unknown_size())))
[build]       |                                                        ^
[build] C:\Users\pperv\code\unnamed_rpg\vendor\json\include\nlohmann/thirdparty/hedley/hedley.hpp(1360,94): note: expanded from macro 'JSON_HEDLEY_UNLIKELY'
[build]  1360 | #  define JSON_HEDLEY_UNLIKELY(expr)                    __builtin_expect                 (!!(expr),    0                  )
[build]       |                                                                                              ^
[build] C:\Users\pperv\code\unnamed_rpg\vendor\json\include\nlohmann/detail/input/parser.hpp(100,13): note: in instantiation of function template specialization 'nlohmann::detail::parser<nlohmann::basic_json<>, nlohmann::detail::iterator_input_adapter<const char *>>::sax_parse_internal<nlohmann::detail::json_sax_dom_callback_parser<nlohmann::basic_json<>, nlohmann::detail::iterator_input_adapter<const char *>>>' requested here
[build]   100 |             sax_parse_internal(&sdp);
[build]       |             ^
[build] C:\Users\pperv\code\unnamed_rpg\vendor\json\include\nlohmann/json.hpp(4112,148): note: in instantiation of member function 'nlohmann::detail::parser<nlohmann::basic_json<>, nlohmann::detail::iterator_input_adapter<const char *>>::parse' requested here
[build]  4112 |         parser(detail::input_adapter(std::move(first), std::move(last)), std::move(cb), allow_exceptions, ignore_comments, ignore_trailing_commas).parse(true, result); // cppcheck-suppress[accessMoved]
[build]       |                                                                                                                                                    ^
[build] C:\Users\pperv\code\unnamed_rpg\vendor\json\include\nlohmann/json.hpp(5294,28): note: in instantiation of function template specialization 'nlohmann::basic_json<>::parse<const char *, const char *, 0>' requested here
[build]  5294 |     return nlohmann::json::parse(s, s + n);
[build]       |                            ^
[build] C:\Users\pperv\code\unnamed_rpg\vendor\json\include\nlohmann/json.hpp(2544,18): warning: enumeration type in nested name specifier is incompatible with C++98 [-Wc++98-compat]
[build]  2544 |             case value_t::object:
[build]       |                  ^
[build] C:\Users\pperv\code\unnamed_rpg\vendor\json\include\nlohmann/json.hpp(2550,18): warning: enumeration type in nested name specifier is incompatible with C++98 [-Wc++98-compat]
[build]  2550 |             case value_t::array:
[build]       |                  ^
[build] C:\Users\pperv\code\unnamed_rpg\vendor\json\include\nlohmann/json.hpp(2556,18): warning: enumeration type in nested name specifier is incompatible with C++98 [-Wc++98-compat]
[build]  2556 |             case value_t::null:
[build]       |                  ^
[build] C:\Users\pperv\code\unnamed_rpg\vendor\json\include\nlohmann/json.hpp(2557,18): warning: enumeration type in nested name specifier is incompatible with C++98 [-Wc++98-compat]
[build]  2557 |             case value_t::discarded:
[build]       |                  ^
[build] C:\Users\pperv\code\unnamed_rpg\vendor\json\include\nlohmann/json.hpp(2558,13): warning: default label in switch which covers all enumeration values [-Wcovered-switch-default]
[build]  2558 |             default:
[build]       |             ^
[build] C:\Users\pperv\code\unnamed_rpg\vendor\json\include\nlohmann/json.hpp(4247,18): warning: enumeration type in nested name specifier is incompatible with C++98 [-Wc++98-compat]
[build]  4247 |             case value_t::null:
[build]       |                  ^
[build] C:\Users\pperv\code\unnamed_rpg\vendor\json\include\nlohmann/json.hpp(2559,95): note: in instantiation of member function 'nlohmann::basic_json<>::type_name' requested here
[build]  2559 |                 JSON_THROW(type_error::create(307, detail::concat("cannot use erase() with ", type_name()), this));
[build]       |                                                                                               ^
[build] C:\Users\pperv\code\unnamed_rpg\vendor\json\include\nlohmann/detail/macro_scope.hpp(198,41): note: expanded from macro 'JSON_THROW'
[build]   198 |     #define JSON_THROW(exception) throw exception
[build]       |                                         ^
[build] C:\Users\pperv\code\unnamed_rpg\vendor\json\include\nlohmann/detail/input/json_sax.hpp(819,24): note: in instantiation of function template specialization 'nlohmann::basic_json<>::erase<nlohmann::detail::iter_impl<nlohmann::basic_json<>>, 0>' requested here
[build]   819 |                 parent.erase(it);
[build]       |                        ^
[build] C:\Users\pperv\code\unnamed_rpg\vendor\json\include\nlohmann/detail/input/json_sax.hpp(874,21): note: in instantiation of member function 'nlohmann::detail::json_sax_dom_callback_parser<nlohmann::basic_json<>, nlohmann::detail::iterator_input_adapter<const char *>>::remove_discarded_value' requested here
[build]   874 |                     remove_discarded_value(*ref_stack.back());
[build]       |                     ^
[build] C:\Users\pperv\code\unnamed_rpg\vendor\json\include\nlohmann/detail/input/json_sax.hpp(551,20): note: in instantiation of function template specialization 'nlohmann::detail::json_sax_dom_callback_parser<nlohmann::basic_json<>, nlohmann::detail::iterator_input_adapter<const char *>>::handle_value<nlohmann::detail::value_t>' requested here
[build]   551 |         auto val = handle_value(BasicJsonType::value_t::object, true);
[build]       |                    ^
[build] C:\Users\pperv\code\unnamed_rpg\vendor\json\include\nlohmann/detail/input/parser.hpp(199,56): note: in instantiation of member function 'nlohmann::detail::json_sax_dom_callback_parser<nlohmann::basic_json<>, nlohmann::detail::iterator_input_adapter<const char *>>::start_object' requested here
[build]   199 |                         if (JSON_HEDLEY_UNLIKELY(!sax->start_object(detail::unknown_size())))
[build]       |                                                        ^
[build] C:\Users\pperv\code\unnamed_rpg\vendor\json\include\nlohmann/thirdparty/hedley/hedley.hpp(1360,94): note: expanded from macro 'JSON_HEDLEY_UNLIKELY'
[build]  1360 | #  define JSON_HEDLEY_UNLIKELY(expr)                    __builtin_expect                 (!!(expr),    0                  )
[build]       |                                                                                              ^
[build] C:\Users\pperv\code\unnamed_rpg\vendor\json\include\nlohmann/detail/input/parser.hpp(100,13): note: in instantiation of function template specialization 'nlohmann::detail::parser<nlohmann::basic_json<>, nlohmann::detail::iterator_input_adapter<const char *>>::sax_parse_internal<nlohmann::detail::json_sax_dom_callback_parser<nlohmann::basic_json<>, nlohmann::detail::iterator_input_adapter<const char *>>>' requested here
[build]   100 |             sax_parse_internal(&sdp);
[build]       |             ^
[build] C:\Users\pperv\code\unnamed_rpg\vendor\json\include\nlohmann/json.hpp(4112,148): note: in instantiation of member function 'nlohmann::detail::parser<nlohmann::basic_json<>, nlohmann::detail::iterator_input_adapter<const char *>>::parse' requested here
[build]  4112 |         parser(detail::input_adapter(std::move(first), std::move(last)), std::move(cb), allow_exceptions, ignore_comments, ignore_trailing_commas).parse(true, result); // cppcheck-suppress[accessMoved]
[build]       |                                                                                                                                                    ^
[build] C:\Users\pperv\code\unnamed_rpg\vendor\json\include\nlohmann/json.hpp(5294,28): note: in instantiation of function template specialization 'nlohmann::basic_json<>::parse<const char *, const char *, 0>' requested here
[build]  5294 |     return nlohmann::json::parse(s, s + n);
[build]       |                            ^
[build] C:\Users\pperv\code\unnamed_rpg\vendor\json\include\nlohmann/json.hpp(4249,18): warning: enumeration type in nested name specifier is incompatible with C++98 [-Wc++98-compat]
[build]  4249 |             case value_t::object:
[build]       |                  ^
[build] C:\Users\pperv\code\unnamed_rpg\vendor\json\include\nlohmann/json.hpp(4251,18): warning: enumeration type in nested name specifier is incompatible with C++98 [-Wc++98-compat]
[build]  4251 |             case value_t::array:
[build]       |                  ^
[build] C:\Users\pperv\code\unnamed_rpg\vendor\json\include\nlohmann/json.hpp(4253,18): warning: enumeration type in nested name specifier is incompatible with C++98 [-Wc++98-compat]
[build]  4253 |             case value_t::string:
[build]       |                  ^
[build] C:\Users\pperv\code\unnamed_rpg\vendor\json\include\nlohmann/json.hpp(4255,18): warning: enumeration type in nested name specifier is incompatible with C++98 [-Wc++98-compat]
[build]  4255 |             case value_t::boolean:
[build]       |                  ^
[build] C:\Users\pperv\code\unnamed_rpg\vendor\json\include\nlohmann/json.hpp(4257,18): warning: enumeration type in nested name specifier is incompatible with C++98 [-Wc++98-compat]
[build]  4257 |             case value_t::binary:
[build]       |                  ^
[build] C:\Users\pperv\code\unnamed_rpg\vendor\json\include\nlohmann/json.hpp(4259,18): warning: enumeration type in nested name specifier is incompatible with C++98 [-Wc++98-compat]
[build]  4259 |             case value_t::discarded:
[build]       |                  ^
[build] C:\Users\pperv\code\unnamed_rpg\vendor\json\include\nlohmann/json.hpp(4261,18): warning: enumeration type in nested name specifier is incompatible with C++98 [-Wc++98-compat]
[build]  4261 |             case value_t::number_integer:
[build]       |                  ^
[build] C:\Users\pperv\code\unnamed_rpg\vendor\json\include\nlohmann/json.hpp(4262,18): warning: enumeration type in nested name specifier is incompatible with C++98 [-Wc++98-compat]
[build]  4262 |             case value_t::number_unsigned:
[build]       |                  ^
[build] C:\Users\pperv\code\unnamed_rpg\vendor\json\include\nlohmann/json.hpp(4263,18): warning: enumeration type in nested name specifier is incompatible with C++98 [-Wc++98-compat]
[build]  4263 |             case value_t::number_float:
[build]       |                  ^
[build] C:\Users\pperv\code\unnamed_rpg\vendor\json\include\nlohmann/json.hpp(4265,13): warning: default label in switch which covers all enumeration values [-Wcovered-switch-default]
[build]  4265 |             default:
[build]       |             ^
[build] In file included from C:\Users\pperv\code\unnamed_rpg\vendor\json-schema-validator\src\json-uri.cpp:9:
[build] In file included from C:\Users\pperv\code\unnamed_rpg\vendor\json-schema-validator\src\nlohmann/json-schema.hpp:24:
[build] In file included from C:\Users\pperv\code\unnamed_rpg\vendor\json\include\nlohmann/json.hpp:44:
[build] In file included from C:\Users\pperv\code\unnamed_rpg\vendor\json\include\nlohmann/adl_serializer.hpp:14:
[build] In file included from C:\Users\pperv\code\unnamed_rpg\vendor\json\include\nlohmann/detail/conversions/from_json.hpp:24:
[build] C:\Users\pperv\code\unnamed_rpg\vendor\json\include\nlohmann/detail/exceptions.hpp(244,16): warning: generalized initializer lists are incompatible with C++98 [-Wc++98-compat]
[build]   244 |         return {id_, w.c_str()};
[build]       |                ^~~~~~~~~~~~~~~~
[build] C:\Users\pperv\code\unnamed_rpg\vendor\json\include\nlohmann/detail/exceptions.hpp(244,16): warning: constructor call from initializer list is incompatible with C++98 [-Wc++98-compat]
[build]   244 |         return {id_, w.c_str()};
[build]       |                ^~~~~~~~~~~~~~~~
[build] C:\Users\pperv\code\unnamed_rpg\vendor\json\include\nlohmann/detail/input/json_sax.hpp(819,24): note: in instantiation of function template specialization 'nlohmann::basic_json<>::erase<nlohmann::detail::iter_impl<nlohmann::basic_json<>>, 0>' requested here
[build]   819 |                 parent.erase(it);
[build]       |                        ^
[build] C:\Users\pperv\code\unnamed_rpg\vendor\json\include\nlohmann/detail/input/json_sax.hpp(874,21): note: in instantiation of member function 'nlohmann::detail::json_sax_dom_callback_parser<nlohmann::basic_json<>, nlohmann::detail::iterator_input_adapter<const char *>>::remove_discarded_value' requested here
[build]   874 |                     remove_discarded_value(*ref_stack.back());
[build]       |                     ^
[build] C:\Users\pperv\code\unnamed_rpg\vendor\json\include\nlohmann/detail/input/json_sax.hpp(551,20): note: in instantiation of function template specialization 'nlohmann::detail::json_sax_dom_callback_parser<nlohmann::basic_json<>, nlohmann::detail::iterator_input_adapter<const char *>>::handle_value<nlohmann::detail::value_t>' requested here
[build]   551 |         auto val = handle_value(BasicJsonType::value_t::object, true);
[build]       |                    ^
[build] C:\Users\pperv\code\unnamed_rpg\vendor\json\include\nlohmann/detail/input/parser.hpp(199,56): note: in instantiation of member function 'nlohmann::detail::json_sax_dom_callback_parser<nlohmann::basic_json<>, nlohmann::detail::iterator_input_adapter<const char *>>::start_object' requested here
[build]   199 |                         if (JSON_HEDLEY_UNLIKELY(!sax->start_object(detail::unknown_size())))
[build]       |                                                        ^
[build] C:\Users\pperv\code\unnamed_rpg\vendor\json\include\nlohmann/thirdparty/hedley/hedley.hpp(1360,94): note: expanded from macro 'JSON_HEDLEY_UNLIKELY'
[build]  1360 | #  define JSON_HEDLEY_UNLIKELY(expr)                    __builtin_expect                 (!!(expr),    0                  )
[build]       |                                                                                              ^
[build] C:\Users\pperv\code\unnamed_rpg\vendor\json\include\nlohmann/detail/input/parser.hpp(100,13): note: in instantiation of function template specialization 'nlohmann::detail::parser<nlohmann::basic_json<>, nlohmann::detail::iterator_input_adapter<const char *>>::sax_parse_internal<nlohmann::detail::json_sax_dom_callback_parser<nlohmann::basic_json<>, nlohmann::detail::iterator_input_adapter<const char *>>>' requested here
[build]   100 |             sax_parse_internal(&sdp);
[build]       |             ^
[build] C:\Users\pperv\code\unnamed_rpg\vendor\json\include\nlohmann/json.hpp(4112,148): note: in instantiation of member function 'nlohmann::detail::parser<nlohmann::basic_json<>, nlohmann::detail::iterator_input_adapter<const char *>>::parse' requested here
[build]  4112 |         parser(detail::input_adapter(std::move(first), std::move(last)), std::move(cb), allow_exceptions, ignore_comments, ignore_trailing_commas).parse(true, result); // cppcheck-suppress[accessMoved]
[build]       |                                                                                                                                                    ^
[build] C:\Users\pperv\code\unnamed_rpg\vendor\json\include\nlohmann/json.hpp(5294,28): note: in instantiation of function template specialization 'nlohmann::basic_json<>::parse<const char *, const char *, 0>' requested here
[build]  5294 |     return nlohmann::json::parse(s, s + n);
[build]       |                            ^
[build] In file included from C:\Users\pperv\code\unnamed_rpg\vendor\json-schema-validator\src\json-uri.cpp:9:
[build] In file included from C:\Users\pperv\code\unnamed_rpg\vendor\json-schema-validator\src\nlohmann/json-schema.hpp:24:
[build] In file included from C:\Users\pperv\code\unnamed_rpg\vendor\json\include\nlohmann/json.hpp:44:
[build] In file included from C:\Users\pperv\code\unnamed_rpg\vendor\json\include\nlohmann/adl_serializer.hpp:14:
[build] In file included from C:\Users\pperv\code\unnamed_rpg\vendor\json\include\nlohmann/detail/conversions/from_json.hpp:24:
[build] C:\Users\pperv\code\unnamed_rpg\vendor\json\include\nlohmann/detail/exceptions.hpp(244,16): warning: constructor call from initializer list is incompatible with C++98 [-Wc++98-compat]
[build]   244 |         return {id_, w.c_str()};
[build]       |                ^~~~~~~~~~~~~~~~
[build] C:\Users\pperv\code\unnamed_rpg\vendor\json\include\nlohmann/json.hpp(2559,40): note: in instantiation of function template specialization 'nlohmann::detail::type_error::create<nlohmann::basic_json<> *, 0>' requested here
[build]  2559 |                 JSON_THROW(type_error::create(307, detail::concat("cannot use erase() with ", type_name()), this));
[build]       |                                        ^
[build] C:\Users\pperv\code\unnamed_rpg\vendor\json\include\nlohmann/detail/macro_scope.hpp(198,41): note: expanded from macro 'JSON_THROW'
[build]   198 |     #define JSON_THROW(exception) throw exception
[build]       |                                         ^
[build] C:\Users\pperv\code\unnamed_rpg\vendor\json\include\nlohmann/detail/input/json_sax.hpp(819,24): note: in instantiation of function template specialization 'nlohmann::basic_json<>::erase<nlohmann::detail::iter_impl<nlohmann::basic_json<>>, 0>' requested here
[build]   819 |                 parent.erase(it);
[build]       |                        ^
[build] C:\Users\pperv\code\unnamed_rpg\vendor\json\include\nlohmann/detail/input/json_sax.hpp(874,21): note: in instantiation of member function 'nlohmann::detail::json_sax_dom_callback_parser<nlohmann::basic_json<>, nlohmann::detail::iterator_input_adapter<const char *>>::remove_discarded_value' requested here
[build]   874 |                     remove_discarded_value(*ref_stack.back());
[build]       |                     ^
[build] C:\Users\pperv\code\unnamed_rpg\vendor\json\include\nlohmann/detail/input/json_sax.hpp(551,20): note: in instantiation of function template specialization 'nlohmann::detail::json_sax_dom_callback_parser<nlohmann::basic_json<>, nlohmann::detail::iterator_input_adapter<const char *>>::handle_value<nlohmann::detail::value_t>' requested here
[build]   551 |         auto val = handle_value(BasicJsonType::value_t::object, true);
[build]       |                    ^
[build] C:\Users\pperv\code\unnamed_rpg\vendor\json\include\nlohmann/detail/input/parser.hpp(199,56): note: in instantiation of member function 'nlohmann::detail::json_sax_dom_callback_parser<nlohmann::basic_json<>, nlohmann::detail::iterator_input_adapter<const char *>>::start_object' requested here
[build]   199 |                         if (JSON_HEDLEY_UNLIKELY(!sax->start_object(detail::unknown_size())))
[build]       |                                                        ^
[build] C:\Users\pperv\code\unnamed_rpg\vendor\json\include\nlohmann/thirdparty/hedley/hedley.hpp(1360,94): note: expanded from macro 'JSON_HEDLEY_UNLIKELY'
[build]  1360 | #  define JSON_HEDLEY_UNLIKELY(expr)                    __builtin_expect                 (!!(expr),    0                  )
[build]       |                                                                                              ^
[build] C:\Users\pperv\code\unnamed_rpg\vendor\json\include\nlohmann/detail/input/parser.hpp(100,13): note: in instantiation of function template specialization 'nlohmann::detail::parser<nlohmann::basic_json<>, nlohmann::detail::iterator_input_adapter<const char *>>::sax_parse_internal<nlohmann::detail::json_sax_dom_callback_parser<nlohmann::basic_json<>, nlohmann::detail::iterator_input_adapter<const char *>>>' requested here
[build]   100 |             sax_parse_internal(&sdp);
[build]       |             ^
[build] C:\Users\pperv\code\unnamed_rpg\vendor\json\include\nlohmann/json.hpp(4112,148): note: in instantiation of member function 'nlohmann::detail::parser<nlohmann::basic_json<>, nlohmann::detail::iterator_input_adapter<const char *>>::parse' requested here
[build]  4112 |         parser(detail::input_adapter(std::move(first), std::move(last)), std::move(cb), allow_exceptions, ignore_comments, ignore_trailing_commas).parse(true, result); // cppcheck-suppress[accessMoved]
[build]       |                                                                                                                                                    ^
[build] C:\Users\pperv\code\unnamed_rpg\vendor\json\include\nlohmann/json.hpp(5294,28): note: in instantiation of function template specialization 'nlohmann::basic_json<>::parse<const char *, const char *, 0>' requested here
[build]  5294 |     return nlohmann::json::parse(s, s + n);
[build]       |                            ^
[build] C:\Users\pperv\code\unnamed_rpg\vendor\json\include\nlohmann/json.hpp(3059,18): warning: enumeration type in nested name specifier is incompatible with C++98 [-Wc++98-compat]
[build]  3059 |             case value_t::array:
[build]       |                  ^
[build] C:\Users\pperv\code\unnamed_rpg\vendor\json\include\nlohmann/detail/input/json_sax.hpp(569,95): note: in instantiation of member function 'nlohmann::basic_json<>::max_size' requested here
[build]   569 |             if (JSON_HEDLEY_UNLIKELY(len != detail::unknown_size() && len > ref_stack.back()->max_size()))
[build]       |                                                                                               ^
[build] C:\Users\pperv\code\unnamed_rpg\vendor\json\include\nlohmann/thirdparty/hedley/hedley.hpp(1360,94): note: expanded from macro 'JSON_HEDLEY_UNLIKELY'
[build]  1360 | #  define JSON_HEDLEY_UNLIKELY(expr)                    __builtin_expect                 (!!(expr),    0                  )
[build]       |                                                                                              ^
[build] C:\Users\pperv\code\unnamed_rpg\vendor\json\include\nlohmann/detail/input/parser.hpp(199,56): note: in instantiation of member function 'nlohmann::detail::json_sax_dom_callback_parser<nlohmann::basic_json<>, nlohmann::detail::iterator_input_adapter<const char *>>::start_object' requested here
[build]   199 |                         if (JSON_HEDLEY_UNLIKELY(!sax->start_object(detail::unknown_size())))
[build]       |                                                        ^
[build] C:\Users\pperv\code\unnamed_rpg\vendor\json\include\nlohmann/thirdparty/hedley/hedley.hpp(1360,94): note: expanded from macro 'JSON_HEDLEY_UNLIKELY'
[build]  1360 | #  define JSON_HEDLEY_UNLIKELY(expr)                    __builtin_expect                 (!!(expr),    0                  )
[build]       |                                                                                              ^
[build] C:\Users\pperv\code\unnamed_rpg\vendor\json\include\nlohmann/detail/input/parser.hpp(100,13): note: in instantiation of function template specialization 'nlohmann::detail::parser<nlohmann::basic_json<>, nlohmann::detail::iterator_input_adapter<const char *>>::sax_parse_internal<nlohmann::detail::json_sax_dom_callback_parser<nlohmann::basic_json<>, nlohmann::detail::iterator_input_adapter<const char *>>>' requested here
[build]   100 |             sax_parse_internal(&sdp);
[build]       |             ^
[build] C:\Users\pperv\code\unnamed_rpg\vendor\json\include\nlohmann/json.hpp(4112,148): note: in instantiation of member function 'nlohmann::detail::parser<nlohmann::basic_json<>, nlohmann::detail::iterator_input_adapter<const char *>>::parse' requested here
[build]  4112 |         parser(detail::input_adapter(std::move(first), std::move(last)), std::move(cb), allow_exceptions, ignore_comments, ignore_trailing_commas).parse(true, result); // cppcheck-suppress[accessMoved]
[build]       |                                                                                                                                                    ^
[build] C:\Users\pperv\code\unnamed_rpg\vendor\json\include\nlohmann/json.hpp(5294,28): note: in instantiation of function template specialization 'nlohmann::basic_json<>::parse<const char *, const char *, 0>' requested here
[build]  5294 |     return nlohmann::json::parse(s, s + n);
[build]       |                            ^
[build] C:\Users\pperv\code\unnamed_rpg\vendor\json\include\nlohmann/json.hpp(3065,18): warning: enumeration type in nested name specifier is incompatible with C++98 [-Wc++98-compat]
[build]  3065 |             case value_t::object:
[build]       |                  ^
[build] C:\Users\pperv\code\unnamed_rpg\vendor\json\include\nlohmann/json.hpp(3071,18): warning: enumeration type in nested name specifier is incompatible with C++98 [-Wc++98-compat]
[build]  3071 |             case value_t::null:
[build]       |                  ^
[build] C:\Users\pperv\code\unnamed_rpg\vendor\json\include\nlohmann/json.hpp(3072,18): warning: enumeration type in nested name specifier is incompatible with C++98 [-Wc++98-compat]
[build]  3072 |             case value_t::string:
[build]       |                  ^
[build] C:\Users\pperv\code\unnamed_rpg\vendor\json\include\nlohmann/json.hpp(3073,18): warning: enumeration type in nested name specifier is incompatible with C++98 [-Wc++98-compat]
[build]  3073 |             case value_t::boolean:
[build]       |                  ^
[build] C:\Users\pperv\code\unnamed_rpg\vendor\json\include\nlohmann/json.hpp(3074,18): warning: enumeration type in nested name specifier is incompatible with C++98 [-Wc++98-compat]
[build]  3074 |             case value_t::number_integer:
[build]       |                  ^
[build] C:\Users\pperv\code\unnamed_rpg\vendor\json\include\nlohmann/json.hpp(3075,18): warning: enumeration type in nested name specifier is incompatible with C++98 [-Wc++98-compat]
[build]  3075 |             case value_t::number_unsigned:
[build]       |                  ^
[build] C:\Users\pperv\code\unnamed_rpg\vendor\json\include\nlohmann/json.hpp(3076,18): warning: enumeration type in nested name specifier is incompatible with C++98 [-Wc++98-compat]
[build]  3076 |             case value_t::number_float:
[build]       |                  ^
[build] C:\Users\pperv\code\unnamed_rpg\vendor\json\include\nlohmann/json.hpp(3077,18): warning: enumeration type in nested name specifier is incompatible with C++98 [-Wc++98-compat]
[build]  3077 |             case value_t::binary:
[build]       |                  ^
[build] C:\Users\pperv\code\unnamed_rpg\vendor\json\include\nlohmann/json.hpp(3078,18): warning: enumeration type in nested name specifier is incompatible with C++98 [-Wc++98-compat]
[build]  3078 |             case value_t::discarded:
[build]       |                  ^
[build] C:\Users\pperv\code\unnamed_rpg\vendor\json\include\nlohmann/json.hpp(3079,13): warning: default label in switch which covers all enumeration values [-Wcovered-switch-default]
[build]  3079 |             default:
[build]       |             ^
[build] C:\Users\pperv\code\unnamed_rpg\vendor\json\include\nlohmann/json.hpp(3020,18): warning: enumeration type in nested name specifier is incompatible with C++98 [-Wc++98-compat]
[build]  3020 |             case value_t::null:
[build]       |                  ^
[build] C:\Users\pperv\code\unnamed_rpg\vendor\json\include\nlohmann/json.hpp(3082,24): note: in instantiation of member function 'nlohmann::basic_json<>::size' requested here
[build]  3082 |                 return size();
[build]       |                        ^
[build] C:\Users\pperv\code\unnamed_rpg\vendor\json\include\nlohmann/detail/input/json_sax.hpp(569,95): note: in instantiation of member function 'nlohmann::basic_json<>::max_size' requested here
[build]   569 |             if (JSON_HEDLEY_UNLIKELY(len != detail::unknown_size() && len > ref_stack.back()->max_size()))
[build]       |                                                                                               ^
[build] C:\Users\pperv\code\unnamed_rpg\vendor\json\include\nlohmann/thirdparty/hedley/hedley.hpp(1360,94): note: expanded from macro 'JSON_HEDLEY_UNLIKELY'
[build]  1360 | #  define JSON_HEDLEY_UNLIKELY(expr)                    __builtin_expect                 (!!(expr),    0                  )
[build]       |                                                                                              ^
[build] C:\Users\pperv\code\unnamed_rpg\vendor\json\include\nlohmann/detail/input/parser.hpp(199,56): note: in instantiation of member function 'nlohmann::detail::json_sax_dom_callback_parser<nlohmann::basic_json<>, nlohmann::detail::iterator_input_adapter<const char *>>::start_object' requested here
[build]   199 |                         if (JSON_HEDLEY_UNLIKELY(!sax->start_object(detail::unknown_size())))
[build]       |                                                        ^
[build] C:\Users\pperv\code\unnamed_rpg\vendor\json\include\nlohmann/thirdparty/hedley/hedley.hpp(1360,94): note: expanded from macro 'JSON_HEDLEY_UNLIKELY'
[build]  1360 | #  define JSON_HEDLEY_UNLIKELY(expr)                    __builtin_expect                 (!!(expr),    0                  )
[build]       |                                                                                              ^
[build] C:\Users\pperv\code\unnamed_rpg\vendor\json\include\nlohmann/detail/input/parser.hpp(100,13): note: in instantiation of function template specialization 'nlohmann::detail::parser<nlohmann::basic_json<>, nlohmann::detail::iterator_input_adapter<const char *>>::sax_parse_internal<nlohmann::detail::json_sax_dom_callback_parser<nlohmann::basic_json<>, nlohmann::detail::iterator_input_adapter<const char *>>>' requested here
[build]   100 |             sax_parse_internal(&sdp);
[build]       |             ^
[build] C:\Users\pperv\code\unnamed_rpg\vendor\json\include\nlohmann/json.hpp(4112,148): note: in instantiation of member function 'nlohmann::detail::parser<nlohmann::basic_json<>, nlohmann::detail::iterator_input_adapter<const char *>>::parse' requested here
[build]  4112 |         parser(detail::input_adapter(std::move(first), std::move(last)), std::move(cb), allow_exceptions, ignore_comments, ignore_trailing_commas).parse(true, result); // cppcheck-suppress[accessMoved]
[build]       |                                                                                                                                                    ^
[build] C:\Users\pperv\code\unnamed_rpg\vendor\json\include\nlohmann/json.hpp(5294,28): note: in instantiation of function template specialization 'nlohmann::basic_json<>::parse<const char *, const char *, 0>' requested here
[build]  5294 |     return nlohmann::json::parse(s, s + n);
[build]       |                            ^
[build] C:\Users\pperv\code\unnamed_rpg\vendor\json\include\nlohmann/json.hpp(3026,18): warning: enumeration type in nested name specifier is incompatible with C++98 [-Wc++98-compat]
[build]  3026 |             case value_t::array:
[build]       |                  ^
[build] C:\Users\pperv\code\unnamed_rpg\vendor\json\include\nlohmann/json.hpp(3032,18): warning: enumeration type in nested name specifier is incompatible with C++98 [-Wc++98-compat]
[build]  3032 |             case value_t::object:
[build]       |                  ^
[build] C:\Users\pperv\code\unnamed_rpg\vendor\json\include\nlohmann/json.hpp(3038,18): warning: enumeration type in nested name specifier is incompatible with C++98 [-Wc++98-compat]
[build]  3038 |             case value_t::string:
[build]       |                  ^
[build] C:\Users\pperv\code\unnamed_rpg\vendor\json\include\nlohmann/json.hpp(3039,18): warning: enumeration type in nested name specifier is incompatible with C++98 [-Wc++98-compat]
[build]  3039 |             case value_t::boolean:
[build]       |                  ^
[build] C:\Users\pperv\code\unnamed_rpg\vendor\json\include\nlohmann/json.hpp(3040,18): warning: enumeration type in nested name specifier is incompatible with C++98 [-Wc++98-compat]
[build]  3040 |             case value_t::number_integer:
[build]       |                  ^
[build] C:\Users\pperv\code\unnamed_rpg\vendor\json\include\nlohmann/json.hpp(3041,18): warning: enumeration type in nested name specifier is incompatible with C++98 [-Wc++98-compat]
[build]  3041 |             case value_t::number_unsigned:
[build]       |                  ^
[build] C:\Users\pperv\code\unnamed_rpg\vendor\json\include\nlohmann/json.hpp(3042,18): warning: enumeration type in nested name specifier is incompatible with C++98 [-Wc++98-compat]
[build]  3042 |             case value_t::number_float:
[build]       |                  ^
[build] C:\Users\pperv\code\unnamed_rpg\vendor\json\include\nlohmann/json.hpp(3043,18): warning: enumeration type in nested name specifier is incompatible with C++98 [-Wc++98-compat]
[build]  3043 |             case value_t::binary:
[build]       |                  ^
[build] C:\Users\pperv\code\unnamed_rpg\vendor\json\include\nlohmann/json.hpp(3044,18): warning: enumeration type in nested name specifier is incompatible with C++98 [-Wc++98-compat]
[build]  3044 |             case value_t::discarded:
[build]       |                  ^
[build] C:\Users\pperv\code\unnamed_rpg\vendor\json\include\nlohmann/json.hpp(3045,13): warning: default label in switch which covers all enumeration values [-Wcovered-switch-default]
[build]  3045 |             default:
[build]       |             ^
[build] In file included from C:\Users\pperv\code\unnamed_rpg\vendor\json-schema-validator\src\json-uri.cpp:9:
[build] In file included from C:\Users\pperv\code\unnamed_rpg\vendor\json-schema-validator\src\nlohmann/json-schema.hpp:24:
[build] In file included from C:\Users\pperv\code\unnamed_rpg\vendor\json\include\nlohmann/json.hpp:44:
[build] In file included from C:\Users\pperv\code\unnamed_rpg\vendor\json\include\nlohmann/adl_serializer.hpp:14:
[build] In file included from C:\Users\pperv\code\unnamed_rpg\vendor\json\include\nlohmann/detail/conversions/from_json.hpp:24:
[build] C:\Users\pperv\code\unnamed_rpg\vendor\json\include\nlohmann/detail/exceptions.hpp(261,16): warning: generalized initializer lists are incompatible with C++98 [-Wc++98-compat]
[build]   261 |         return {id_, w.c_str()};
[build]       |                ^~~~~~~~~~~~~~~~
[build] C:\Users\pperv\code\unnamed_rpg\vendor\json\include\nlohmann/detail/exceptions.hpp(261,16): warning: constructor call from initializer list is incompatible with C++98 [-Wc++98-compat]
[build]   261 |         return {id_, w.c_str()};
[build]       |                ^~~~~~~~~~~~~~~~
[build] C:\Users\pperv\code\unnamed_rpg\vendor\json\include\nlohmann/detail/input/parser.hpp(199,56): note: in instantiation of member function 'nlohmann::detail::json_sax_dom_callback_parser<nlohmann::basic_json<>, nlohmann::detail::iterator_input_adapter<const char *>>::start_object' requested here
[build]   199 |                         if (JSON_HEDLEY_UNLIKELY(!sax->start_object(detail::unknown_size())))
[build]       |                                                        ^
[build] C:\Users\pperv\code\unnamed_rpg\vendor\json\include\nlohmann/thirdparty/hedley/hedley.hpp(1360,94): note: expanded from macro 'JSON_HEDLEY_UNLIKELY'
[build]  1360 | #  define JSON_HEDLEY_UNLIKELY(expr)                    __builtin_expect                 (!!(expr),    0                  )
[build]       |                                                                                              ^
[build] C:\Users\pperv\code\unnamed_rpg\vendor\json\include\nlohmann/detail/input/parser.hpp(100,13): note: in instantiation of function template specialization 'nlohmann::detail::parser<nlohmann::basic_json<>, nlohmann::detail::iterator_input_adapter<const char *>>::sax_parse_internal<nlohmann::detail::json_sax_dom_callback_parser<nlohmann::basic_json<>, nlohmann::detail::iterator_input_adapter<const char *>>>' requested here
[build]   100 |             sax_parse_internal(&sdp);
[build]       |             ^
[build] C:\Users\pperv\code\unnamed_rpg\vendor\json\include\nlohmann/json.hpp(4112,148): note: in instantiation of member function 'nlohmann::detail::parser<nlohmann::basic_json<>, nlohmann::detail::iterator_input_adapter<const char *>>::parse' requested here
[build]  4112 |         parser(detail::input_adapter(std::move(first), std::move(last)), std::move(cb), allow_exceptions, ignore_comments, ignore_trailing_commas).parse(true, result); // cppcheck-suppress[accessMoved]
[build]       |                                                                                                                                                    ^
[build] C:\Users\pperv\code\unnamed_rpg\vendor\json\include\nlohmann/json.hpp(5294,28): note: in instantiation of function template specialization 'nlohmann::basic_json<>::parse<const char *, const char *, 0>' requested here
[build]  5294 |     return nlohmann::json::parse(s, s + n);
[build]       |                            ^
[build] In file included from C:\Users\pperv\code\unnamed_rpg\vendor\json-schema-validator\src\json-uri.cpp:9:
[build] In file included from C:\Users\pperv\code\unnamed_rpg\vendor\json-schema-validator\src\nlohmann/json-schema.hpp:24:
[build] In file included from C:\Users\pperv\code\unnamed_rpg\vendor\json\include\nlohmann/json.hpp:44:
[build] In file included from C:\Users\pperv\code\unnamed_rpg\vendor\json\include\nlohmann/adl_serializer.hpp:14:
[build] In file included from C:\Users\pperv\code\unnamed_rpg\vendor\json\include\nlohmann/detail/conversions/from_json.hpp:24:
[build] C:\Users\pperv\code\unnamed_rpg\vendor\json\include\nlohmann/detail/exceptions.hpp(261,16): warning: constructor call from initializer list is incompatible with C++98 [-Wc++98-compat]
[build]   261 |         return {id_, w.c_str()};
[build]       |                ^~~~~~~~~~~~~~~~
[build] C:\Users\pperv\code\unnamed_rpg\vendor\json\include\nlohmann/detail/input/json_sax.hpp(571,42): note: in instantiation of function template specialization 'nlohmann::detail::out_of_range::create<nlohmann::basic_json<> *, 0>' requested here
[build]   571 |                 JSON_THROW(out_of_range::create(408, concat("excessive object size: ", std::to_string(len)), ref_stack.back()));
[build]       |                                          ^
[build] C:\Users\pperv\code\unnamed_rpg\vendor\json\include\nlohmann/detail/macro_scope.hpp(198,41): note: expanded from macro 'JSON_THROW'
[build]   198 |     #define JSON_THROW(exception) throw exception
[build]       |                                         ^
[build] C:\Users\pperv\code\unnamed_rpg\vendor\json\include\nlohmann/detail/input/parser.hpp(199,56): note: in instantiation of member function 'nlohmann::detail::json_sax_dom_callback_parser<nlohmann::basic_json<>, nlohmann::detail::iterator_input_adapter<const char *>>::start_object' requested here
[build]   199 |                         if (JSON_HEDLEY_UNLIKELY(!sax->start_object(detail::unknown_size())))
[build]       |                                                        ^
[build] C:\Users\pperv\code\unnamed_rpg\vendor\json\include\nlohmann/thirdparty/hedley/hedley.hpp(1360,94): note: expanded from macro 'JSON_HEDLEY_UNLIKELY'
[build]  1360 | #  define JSON_HEDLEY_UNLIKELY(expr)                    __builtin_expect                 (!!(expr),    0                  )
[build]       |                                                                                              ^
[build] C:\Users\pperv\code\unnamed_rpg\vendor\json\include\nlohmann/detail/input/parser.hpp(100,13): note: in instantiation of function template specialization 'nlohmann::detail::parser<nlohmann::basic_json<>, nlohmann::detail::iterator_input_adapter<const char *>>::sax_parse_internal<nlohmann::detail::json_sax_dom_callback_parser<nlohmann::basic_json<>, nlohmann::detail::iterator_input_adapter<const char *>>>' requested here
[build]   100 |             sax_parse_internal(&sdp);
[build]       |             ^
[build] C:\Users\pperv\code\unnamed_rpg\vendor\json\include\nlohmann/json.hpp(4112,148): note: in instantiation of member function 'nlohmann::detail::parser<nlohmann::basic_json<>, nlohmann::detail::iterator_input_adapter<const char *>>::parse' requested here
[build]  4112 |         parser(detail::input_adapter(std::move(first), std::move(last)), std::move(cb), allow_exceptions, ignore_comments, ignore_trailing_commas).parse(true, result); // cppcheck-suppress[accessMoved]
[build]       |                                                                                                                                                    ^
[build] C:\Users\pperv\code\unnamed_rpg\vendor\json\include\nlohmann/json.hpp(5294,28): note: in instantiation of function template specialization 'nlohmann::basic_json<>::parse<const char *, const char *, 0>' requested here
[build]  5294 |     return nlohmann::json::parse(s, s + n);
[build]       |                            ^
[build] In file included from C:\Users\pperv\code\unnamed_rpg\vendor\json-schema-validator\src\json-uri.cpp:9:
[build] In file included from C:\Users\pperv\code\unnamed_rpg\vendor\json-schema-validator\src\nlohmann/json-schema.hpp:24:
[build] In file included from C:\Users\pperv\code\unnamed_rpg\vendor\json\include\nlohmann/json.hpp:50:
[build] In file included from C:\Users\pperv\code\unnamed_rpg\vendor\json\include\nlohmann/detail/input/binary_reader.hpp:29:
[build] C:\Users\pperv\code\unnamed_rpg\vendor\json\include\nlohmann/detail/input/json_sax.hpp(598,67): warning: enumeration type in nested name specifier is incompatible with C++98 [-Wc++98-compat]
[build]   598 |             if (!callback(static_cast<int>(ref_stack.size()) - 1, parse_event_t::object_end, *ref_stack.back()))
[build]       |                                                                   ^
[build] C:\Users\pperv\code\unnamed_rpg\vendor\json\include\nlohmann/detail/input/parser.hpp(207,60): note: in instantiation of member function 'nlohmann::detail::json_sax_dom_callback_parser<nlohmann::basic_json<>, nlohmann::detail::iterator_input_adapter<const char *>>::end_object' requested here
[build]   207 |                             if (JSON_HEDLEY_UNLIKELY(!sax->end_object()))
[build]       |                                                            ^
[build] C:\Users\pperv\code\unnamed_rpg\vendor\json\include\nlohmann/thirdparty/hedley/hedley.hpp(1360,94): note: expanded from macro 'JSON_HEDLEY_UNLIKELY'
[build]  1360 | #  define JSON_HEDLEY_UNLIKELY(expr)                    __builtin_expect                 (!!(expr),    0                  )
[build]       |                                                                                              ^
[build] C:\Users\pperv\code\unnamed_rpg\vendor\json\include\nlohmann/detail/input/parser.hpp(100,13): note: in instantiation of function template specialization 'nlohmann::detail::parser<nlohmann::basic_json<>, nlohmann::detail::iterator_input_adapter<const char *>>::sax_parse_internal<nlohmann::detail::json_sax_dom_callback_parser<nlohmann::basic_json<>, nlohmann::detail::iterator_input_adapter<const char *>>>' requested here
[build]   100 |             sax_parse_internal(&sdp);
[build]       |             ^
[build] C:\Users\pperv\code\unnamed_rpg\vendor\json\include\nlohmann/json.hpp(4112,148): note: in instantiation of member function 'nlohmann::detail::parser<nlohmann::basic_json<>, nlohmann::detail::iterator_input_adapter<const char *>>::parse' requested here
[build]  4112 |         parser(detail::input_adapter(std::move(first), std::move(last)), std::move(cb), allow_exceptions, ignore_comments, ignore_trailing_commas).parse(true, result); // cppcheck-suppress[accessMoved]
[build]       |                                                                                                                                                    ^
[build] C:\Users\pperv\code\unnamed_rpg\vendor\json\include\nlohmann/json.hpp(5294,28): note: in instantiation of function template specialization 'nlohmann::basic_json<>::parse<const char *, const char *, 0>' requested here
[build]  5294 |     return nlohmann::json::parse(s, s + n);
[build]       |                            ^
[build] C:\Users\pperv\code\unnamed_rpg\vendor\json\include\nlohmann/json.hpp(4306,19): warning: constructor call from initializer list is incompatible with C++98 [-Wc++98-compat]
[build]  4306 |     data m_data = {}; // NOLINT(readability-redundant-member-init)
[build]       |                   ^~
[build] C:\Users\pperv\code\unnamed_rpg\vendor\json\include\nlohmann/json.hpp(1192,5): note: in instantiation of default member initializer 'nlohmann::basic_json<>::m_data' requested here
[build]  1192 |     basic_json(const basic_json& other)
[build]       |     ^
[build] C:\Users\pperv\code\unnamed_rpg\vendor\json\include\nlohmann/detail/input/json_sax.hpp(601,37): note: in instantiation of member function 'nlohmann::basic_json<>::basic_json' requested here
[build]   601 |                 *ref_stack.back() = discarded;
[build]       |                                     ^
[build] C:\Users\pperv\code\unnamed_rpg\vendor\json\include\nlohmann/detail/input/parser.hpp(207,60): note: in instantiation of member function 'nlohmann::detail::json_sax_dom_callback_parser<nlohmann::basic_json<>, nlohmann::detail::iterator_input_adapter<const char *>>::end_object' requested here
[build]   207 |                             if (JSON_HEDLEY_UNLIKELY(!sax->end_object()))
[build]       |                                                            ^
[build] C:\Users\pperv\code\unnamed_rpg\vendor\json\include\nlohmann/thirdparty/hedley/hedley.hpp(1360,94): note: expanded from macro 'JSON_HEDLEY_UNLIKELY'
[build]  1360 | #  define JSON_HEDLEY_UNLIKELY(expr)                    __builtin_expect                 (!!(expr),    0                  )
[build]       |                                                                                              ^
[build] C:\Users\pperv\code\unnamed_rpg\vendor\json\include\nlohmann/detail/input/parser.hpp(100,13): note: in instantiation of function template specialization 'nlohmann::detail::parser<nlohmann::basic_json<>, nlohmann::detail::iterator_input_adapter<const char *>>::sax_parse_internal<nlohmann::detail::json_sax_dom_callback_parser<nlohmann::basic_json<>, nlohmann::detail::iterator_input_adapter<const char *>>>' requested here
[build]   100 |             sax_parse_internal(&sdp);
[build]       |             ^
[build] C:\Users\pperv\code\unnamed_rpg\vendor\json\include\nlohmann/json.hpp(4112,148): note: in instantiation of member function 'nlohmann::detail::parser<nlohmann::basic_json<>, nlohmann::detail::iterator_input_adapter<const char *>>::parse' requested here
[build]  4112 |         parser(detail::input_adapter(std::move(first), std::move(last)), std::move(cb), allow_exceptions, ignore_comments, ignore_trailing_commas).parse(true, result); // cppcheck-suppress[accessMoved]
[build]       |                                                                                                                                                    ^
[build] C:\Users\pperv\code\unnamed_rpg\vendor\json\include\nlohmann/json.hpp(5294,28): note: in instantiation of function template specialization 'nlohmann::basic_json<>::parse<const char *, const char *, 0>' requested here
[build]  5294 |     return nlohmann::json::parse(s, s + n);
[build]       |                            ^
[build] C:\Users\pperv\code\unnamed_rpg\vendor\json\include\nlohmann/json.hpp(4278,26): warning: enumeration type in nested name specifier is incompatible with C++98 [-Wc++98-compat]
[build]  4278 |         value_t m_type = value_t::null;
[build]       |                          ^
[build] C:\Users\pperv\code\unnamed_rpg\vendor\json\include\nlohmann/json.hpp(4294,9): note: in instantiation of default member initializer 'nlohmann::basic_json<>::data::m_type' requested here
[build]  4294 |         data() noexcept = default;
[build]       |         ^
[build] C:\Users\pperv\code\unnamed_rpg\vendor\json\include\nlohmann/json.hpp(4306,19): note: in defaulted default constructor for 'nlohmann::basic_json<>::data' first required here
[build]  4306 |     data m_data = {}; // NOLINT(readability-redundant-member-init)
[build]       |                   ^
[build] C:\Users\pperv\code\unnamed_rpg\vendor\json\include\nlohmann/json.hpp(1192,5): note: in instantiation of default member initializer 'nlohmann::basic_json<>::m_data' requested here
[build]  1192 |     basic_json(const basic_json& other)
[build]       |     ^
[build] C:\Users\pperv\code\unnamed_rpg\vendor\json\include\nlohmann/detail/input/json_sax.hpp(601,37): note: in instantiation of member function 'nlohmann::basic_json<>::basic_json' requested here
[build]   601 |                 *ref_stack.back() = discarded;
[build]       |                                     ^
[build] C:\Users\pperv\code\unnamed_rpg\vendor\json\include\nlohmann/detail/input/parser.hpp(207,60): note: in instantiation of member function 'nlohmann::detail::json_sax_dom_callback_parser<nlohmann::basic_json<>, nlohmann::detail::iterator_input_adapter<const char *>>::end_object' requested here
[build]   207 |                             if (JSON_HEDLEY_UNLIKELY(!sax->end_object()))
[build]       |                                                            ^
[build] C:\Users\pperv\code\unnamed_rpg\vendor\json\include\nlohmann/thirdparty/hedley/hedley.hpp(1360,94): note: expanded from macro 'JSON_HEDLEY_UNLIKELY'
[build]  1360 | #  define JSON_HEDLEY_UNLIKELY(expr)                    __builtin_expect                 (!!(expr),    0                  )
[build]       |                                                                                              ^
[build] C:\Users\pperv\code\unnamed_rpg\vendor\json\include\nlohmann/detail/input/parser.hpp(100,13): note: in instantiation of function template specialization 'nlohmann::detail::parser<nlohmann::basic_json<>, nlohmann::detail::iterator_input_adapter<const char *>>::sax_parse_internal<nlohmann::detail::json_sax_dom_callback_parser<nlohmann::basic_json<>, nlohmann::detail::iterator_input_adapter<const char *>>>' requested here
[build]   100 |             sax_parse_internal(&sdp);
[build]       |             ^
[build] C:\Users\pperv\code\unnamed_rpg\vendor\json\include\nlohmann/json.hpp(4112,148): note: in instantiation of member function 'nlohmann::detail::parser<nlohmann::basic_json<>, nlohmann::detail::iterator_input_adapter<const char *>>::parse' requested here
[build]  4112 |         parser(detail::input_adapter(std::move(first), std::move(last)), std::move(cb), allow_exceptions, ignore_comments, ignore_trailing_commas).parse(true, result); // cppcheck-suppress[accessMoved]
[build]       |                                                                                                                                                    ^
[build] C:\Users\pperv\code\unnamed_rpg\vendor\json\include\nlohmann/json.hpp(5294,28): note: in instantiation of function template specialization 'nlohmann::basic_json<>::parse<const char *, const char *, 0>' requested here
[build]  5294 |     return nlohmann::json::parse(s, s + n);
[build]       |                            ^
[build] C:\Users\pperv\code\unnamed_rpg\vendor\json\include\nlohmann/json.hpp(4281,30): warning: constructor call from initializer list is incompatible with C++98 [-Wc++98-compat]
[build]  4281 |         json_value m_value = {};
[build]       |                              ^~
[build] C:\Users\pperv\code\unnamed_rpg\vendor\json\include\nlohmann/json.hpp(4294,9): note: in instantiation of default member initializer 'nlohmann::basic_json<>::data::m_value' requested here
[build]  4294 |         data() noexcept = default;
[build]       |         ^
[build] C:\Users\pperv\code\unnamed_rpg\vendor\json\include\nlohmann/json.hpp(4306,19): note: in defaulted default constructor for 'nlohmann::basic_json<>::data' first required here
[build]  4306 |     data m_data = {}; // NOLINT(readability-redundant-member-init)
[build]       |                   ^
[build] C:\Users\pperv\code\unnamed_rpg\vendor\json\include\nlohmann/json.hpp(1192,5): note: in instantiation of default member initializer 'nlohmann::basic_json<>::m_data' requested here
[build]  1192 |     basic_json(const basic_json& other)
[build]       |     ^
[build] C:\Users\pperv\code\unnamed_rpg\vendor\json\include\nlohmann/detail/input/json_sax.hpp(601,37): note: in instantiation of member function 'nlohmann::basic_json<>::basic_json' requested here
[build]   601 |                 *ref_stack.back() = discarded;
[build]       |                                     ^
[build] C:\Users\pperv\code\unnamed_rpg\vendor\json\include\nlohmann/detail/input/parser.hpp(207,60): note: in instantiation of member function 'nlohmann::detail::json_sax_dom_callback_parser<nlohmann::basic_json<>, nlohmann::detail::iterator_input_adapter<const char *>>::end_object' requested here
[build]   207 |                             if (JSON_HEDLEY_UNLIKELY(!sax->end_object()))
[build]       |                                                            ^
[build] C:\Users\pperv\code\unnamed_rpg\vendor\json\include\nlohmann/thirdparty/hedley/hedley.hpp(1360,94): note: expanded from macro 'JSON_HEDLEY_UNLIKELY'
[build]  1360 | #  define JSON_HEDLEY_UNLIKELY(expr)                    __builtin_expect                 (!!(expr),    0                  )
[build]       |                                                                                              ^
[build] C:\Users\pperv\code\unnamed_rpg\vendor\json\include\nlohmann/detail/input/parser.hpp(100,13): note: in instantiation of function template specialization 'nlohmann::detail::parser<nlohmann::basic_json<>, nlohmann::detail::iterator_input_adapter<const char *>>::sax_parse_internal<nlohmann::detail::json_sax_dom_callback_parser<nlohmann::basic_json<>, nlohmann::detail::iterator_input_adapter<const char *>>>' requested here
[build]   100 |             sax_parse_internal(&sdp);
[build]       |             ^
[build] C:\Users\pperv\code\unnamed_rpg\vendor\json\include\nlohmann/json.hpp(4112,148): note: in instantiation of member function 'nlohmann::detail::parser<nlohmann::basic_json<>, nlohmann::detail::iterator_input_adapter<const char *>>::parse' requested here
[build]  4112 |         parser(detail::input_adapter(std::move(first), std::move(last)), std::move(cb), allow_exceptions, ignore_comments, ignore_trailing_commas).parse(true, result); // cppcheck-suppress[accessMoved]
[build]       |                                                                                                                                                    ^
[build] C:\Users\pperv\code\unnamed_rpg\vendor\json\include\nlohmann/json.hpp(5294,28): note: in instantiation of function template specialization 'nlohmann::basic_json<>::parse<const char *, const char *, 0>' requested here
[build]  5294 |     return nlohmann::json::parse(s, s + n);
[build]       |                            ^
[build] C:\Users\pperv\code\unnamed_rpg\vendor\json\include\nlohmann/json.hpp(1205,18): warning: enumeration type in nested name specifier is incompatible with C++98 [-Wc++98-compat]
[build]  1205 |             case value_t::object:
[build]       |                  ^
[build] C:\Users\pperv\code\unnamed_rpg\vendor\json\include\nlohmann/detail/input/json_sax.hpp(601,37): note: in instantiation of member function 'nlohmann::basic_json<>::basic_json' requested here
[build]   601 |                 *ref_stack.back() = discarded;
[build]       |                                     ^
[build] C:\Users\pperv\code\unnamed_rpg\vendor\json\include\nlohmann/detail/input/parser.hpp(207,60): note: in instantiation of member function 'nlohmann::detail::json_sax_dom_callback_parser<nlohmann::basic_json<>, nlohmann::detail::iterator_input_adapter<const char *>>::end_object' requested here
[build]   207 |                             if (JSON_HEDLEY_UNLIKELY(!sax->end_object()))
[build]       |                                                            ^
[build] C:\Users\pperv\code\unnamed_rpg\vendor\json\include\nlohmann/thirdparty/hedley/hedley.hpp(1360,94): note: expanded from macro 'JSON_HEDLEY_UNLIKELY'
[build]  1360 | #  define JSON_HEDLEY_UNLIKELY(expr)                    __builtin_expect                 (!!(expr),    0                  )
[build]       |                                                                                              ^
[build] C:\Users\pperv\code\unnamed_rpg\vendor\json\include\nlohmann/detail/input/parser.hpp(100,13): note: in instantiation of function template specialization 'nlohmann::detail::parser<nlohmann::basic_json<>, nlohmann::detail::iterator_input_adapter<const char *>>::sax_parse_internal<nlohmann::detail::json_sax_dom_callback_parser<nlohmann::basic_json<>, nlohmann::detail::iterator_input_adapter<const char *>>>' requested here
[build]   100 |             sax_parse_internal(&sdp);
[build]       |             ^
[build] C:\Users\pperv\code\unnamed_rpg\vendor\json\include\nlohmann/json.hpp(4112,148): note: in instantiation of member function 'nlohmann::detail::parser<nlohmann::basic_json<>, nlohmann::detail::iterator_input_adapter<const char *>>::parse' requested here
[build]  4112 |         parser(detail::input_adapter(std::move(first), std::move(last)), std::move(cb), allow_exceptions, ignore_comments, ignore_trailing_commas).parse(true, result); // cppcheck-suppress[accessMoved]
[build]       |                                                                                                                                                    ^
[build] C:\Users\pperv\code\unnamed_rpg\vendor\json\include\nlohmann/json.hpp(5294,28): note: in instantiation of function template specialization 'nlohmann::basic_json<>::parse<const char *, const char *, 0>' requested here
[build]  5294 |     return nlohmann::json::parse(s, s + n);
[build]       |                            ^
[build] C:\Users\pperv\code\unnamed_rpg\vendor\json\include\nlohmann/json.hpp(1211,18): warning: enumeration type in nested name specifier is incompatible with C++98 [-Wc++98-compat]
[build]  1211 |             case value_t::array:
[build]       |                  ^
[build] C:\Users\pperv\code\unnamed_rpg\vendor\json\include\nlohmann/json.hpp(1217,18): warning: enumeration type in nested name specifier is incompatible with C++98 [-Wc++98-compat]
[build]  1217 |             case value_t::string:
[build]       |                  ^
[build] C:\Users\pperv\code\unnamed_rpg\vendor\json\include\nlohmann/json.hpp(1223,18): warning: enumeration type in nested name specifier is incompatible with C++98 [-Wc++98-compat]
[build]  1223 |             case value_t::boolean:
[build]       |                  ^
[build] C:\Users\pperv\code\unnamed_rpg\vendor\json\include\nlohmann/json.hpp(1229,18): warning: enumeration type in nested name specifier is incompatible with C++98 [-Wc++98-compat]
[build]  1229 |             case value_t::number_integer:
[build]       |                  ^
[build] C:\Users\pperv\code\unnamed_rpg\vendor\json\include\nlohmann/json.hpp(1235,18): warning: enumeration type in nested name specifier is incompatible with C++98 [-Wc++98-compat]
[build]  1235 |             case value_t::number_unsigned:
[build]       |                  ^
[build] C:\Users\pperv\code\unnamed_rpg\vendor\json\include\nlohmann/json.hpp(1241,18): warning: enumeration type in nested name specifier is incompatible with C++98 [-Wc++98-compat]
[build]  1241 |             case value_t::number_float:
[build]       |                  ^
[build] C:\Users\pperv\code\unnamed_rpg\vendor\json\include\nlohmann/json.hpp(1247,18): warning: enumeration type in nested name specifier is incompatible with C++98 [-Wc++98-compat]
[build]  1247 |             case value_t::binary:
[build]       |                  ^
[build] C:\Users\pperv\code\unnamed_rpg\vendor\json\include\nlohmann/json.hpp(1253,18): warning: enumeration type in nested name specifier is incompatible with C++98 [-Wc++98-compat]
[build]  1253 |             case value_t::null:
[build]       |                  ^
[build] C:\Users\pperv\code\unnamed_rpg\vendor\json\include\nlohmann/json.hpp(1254,18): warning: enumeration type in nested name specifier is incompatible with C++98 [-Wc++98-compat]
[build]  1254 |             case value_t::discarded:
[build]       |                  ^
[build] C:\Users\pperv\code\unnamed_rpg\vendor\json\include\nlohmann/json.hpp(1255,13): warning: default label in switch which covers all enumeration values [-Wcovered-switch-default]
[build]  1255 |             default:
[build]       |             ^
[build] C:\Users\pperv\code\unnamed_rpg\vendor\json\include\nlohmann/json.hpp(420,28): warning: local type '(lambda at C:\Users\pperv\code\unnamed_rpg\vendor\json\include\nlohmann\json.hpp:416:24)' as template argument is incompatible with C++98 [-Wc++98-compat-local-type-template-args]
[build]   420 |         std::unique_ptr<T, decltype(deleter)> obj(AllocatorTraits::allocate(alloc, 1), deleter);
[build]       |                            ^~~~~~~~~~~~~~~~~
[build] C:\Users\pperv\code\unnamed_rpg\vendor\json\include\nlohmann/json.hpp(564,52): note: in instantiation of function template specialization 'nlohmann::basic_json<>::create<std::map<std::basic_string<char>, nlohmann::basic_json<>, std::less<void>>, const std::map<std::basic_string<char>, nlohmann::basic_json<>, std::less<void>> &>' requested here
[build]   564 |         json_value(const object_t& value) : object(create<object_t>(value)) {}
[build]       |                                                    ^
[build] C:\Users\pperv\code\unnamed_rpg\vendor\json\include\nlohmann/json.hpp(1207,34): note: in instantiation of member function 'nlohmann::basic_json<>::json_value::json_value' requested here
[build]  1207 |                 m_data.m_value = *other.m_data.m_value.object;
[build]       |                                  ^
[build] C:\Users\pperv\code\unnamed_rpg\vendor\json\include\nlohmann/detail/input/json_sax.hpp(601,37): note: in instantiation of member function 'nlohmann::basic_json<>::basic_json' requested here
[build]   601 |                 *ref_stack.back() = discarded;
[build]       |                                     ^
[build] C:\Users\pperv\code\unnamed_rpg\vendor\json\include\nlohmann/detail/input/parser.hpp(207,60): note: in instantiation of member function 'nlohmann::detail::json_sax_dom_callback_parser<nlohmann::basic_json<>, nlohmann::detail::iterator_input_adapter<const char *>>::end_object' requested here
[build]   207 |                             if (JSON_HEDLEY_UNLIKELY(!sax->end_object()))
[build]       |                                                            ^
[build] C:\Users\pperv\code\unnamed_rpg\vendor\json\include\nlohmann/thirdparty/hedley/hedley.hpp(1360,94): note: expanded from macro 'JSON_HEDLEY_UNLIKELY'
[build]  1360 | #  define JSON_HEDLEY_UNLIKELY(expr)                    __builtin_expect                 (!!(expr),    0                  )
[build]       |                                                                                              ^
[build] C:\Users\pperv\code\unnamed_rpg\vendor\json\include\nlohmann/detail/input/parser.hpp(100,13): note: in instantiation of function template specialization 'nlohmann::detail::parser<nlohmann::basic_json<>, nlohmann::detail::iterator_input_adapter<const char *>>::sax_parse_internal<nlohmann::detail::json_sax_dom_callback_parser<nlohmann::basic_json<>, nlohmann::detail::iterator_input_adapter<const char *>>>' requested here
[build]   100 |             sax_parse_internal(&sdp);
[build]       |             ^
[build] C:\Users\pperv\code\unnamed_rpg\vendor\json\include\nlohmann/json.hpp(4112,148): note: in instantiation of member function 'nlohmann::detail::parser<nlohmann::basic_json<>, nlohmann::detail::iterator_input_adapter<const char *>>::parse' requested here
[build]  4112 |         parser(detail::input_adapter(std::move(first), std::move(last)), std::move(cb), allow_exceptions, ignore_comments, ignore_trailing_commas).parse(true, result); // cppcheck-suppress[accessMoved]
[build]       |                                                                                                                                                    ^
[build] C:\Users\pperv\code\unnamed_rpg\vendor\json\include\nlohmann/json.hpp(5294,28): note: in instantiation of function template specialization 'nlohmann::basic_json<>::parse<const char *, const char *, 0>' requested here
[build]  5294 |     return nlohmann::json::parse(s, s + n);
[build]       |                            ^
[build] C:\Users\pperv\code\unnamed_rpg\vendor\json\include\nlohmann/json.hpp(420,28): warning: local type '(lambda at C:\Users\pperv\code\unnamed_rpg\vendor\json\include\nlohmann\json.hpp:416:24)' as template argument is incompatible with C++98 [-Wc++98-compat-local-type-template-args]
[build]   420 |         std::unique_ptr<T, decltype(deleter)> obj(AllocatorTraits::allocate(alloc, 1), deleter);
[build]       |                            ^~~~~~~~~~~~~~~~~
[build] C:\Users\pperv\code\unnamed_rpg\vendor\json\include\nlohmann/json.hpp(570,50): note: in instantiation of function template specialization 'nlohmann::basic_json<>::create<std::vector<nlohmann::basic_json<>>, const std::vector<nlohmann::basic_json<>> &>' requested here
[build]   570 |         json_value(const array_t& value) : array(create<array_t>(value)) {}
[build]       |                                                  ^
[build] C:\Users\pperv\code\unnamed_rpg\vendor\json\include\nlohmann/json.hpp(1213,34): note: in instantiation of member function 'nlohmann::basic_json<>::json_value::json_value' requested here
[build]  1213 |                 m_data.m_value = *other.m_data.m_value.array;
[build]       |                                  ^
[build] C:\Users\pperv\code\unnamed_rpg\vendor\json\include\nlohmann/detail/input/json_sax.hpp(601,37): note: in instantiation of member function 'nlohmann::basic_json<>::basic_json' requested here
[build]   601 |                 *ref_stack.back() = discarded;
[build]       |                                     ^
[build] C:\Users\pperv\code\unnamed_rpg\vendor\json\include\nlohmann/detail/input/parser.hpp(207,60): note: in instantiation of member function 'nlohmann::detail::json_sax_dom_callback_parser<nlohmann::basic_json<>, nlohmann::detail::iterator_input_adapter<const char *>>::end_object' requested here
[build]   207 |                             if (JSON_HEDLEY_UNLIKELY(!sax->end_object()))
[build]       |                                                            ^
[build] C:\Users\pperv\code\unnamed_rpg\vendor\json\include\nlohmann/thirdparty/hedley/hedley.hpp(1360,94): note: expanded from macro 'JSON_HEDLEY_UNLIKELY'
[build]  1360 | #  define JSON_HEDLEY_UNLIKELY(expr)                    __builtin_expect                 (!!(expr),    0                  )
[build]       |                                                                                              ^
[build] C:\Users\pperv\code\unnamed_rpg\vendor\json\include\nlohmann/detail/input/parser.hpp(100,13): note: in instantiation of function template specialization 'nlohmann::detail::parser<nlohmann::basic_json<>, nlohmann::detail::iterator_input_adapter<const char *>>::sax_parse_internal<nlohmann::detail::json_sax_dom_callback_parser<nlohmann::basic_json<>, nlohmann::detail::iterator_input_adapter<const char *>>>' requested here
[build]   100 |             sax_parse_internal(&sdp);
[build]       |             ^
[build] C:\Users\pperv\code\unnamed_rpg\vendor\json\include\nlohmann/json.hpp(4112,148): note: in instantiation of member function 'nlohmann::detail::parser<nlohmann::basic_json<>, nlohmann::detail::iterator_input_adapter<const char *>>::parse' requested here
[build]  4112 |         parser(detail::input_adapter(std::move(first), std::move(last)), std::move(cb), allow_exceptions, ignore_comments, ignore_trailing_commas).parse(true, result); // cppcheck-suppress[accessMoved]
[build]       |                                                                                                                                                    ^
[build] C:\Users\pperv\code\unnamed_rpg\vendor\json\include\nlohmann/json.hpp(5294,28): note: in instantiation of function template specialization 'nlohmann::basic_json<>::parse<const char *, const char *, 0>' requested here
[build]  5294 |     return nlohmann::json::parse(s, s + n);
[build]       |                            ^
[build] C:\Users\pperv\code\unnamed_rpg\vendor\json\include\nlohmann/json.hpp(420,28): warning: local type '(lambda at C:\Users\pperv\code\unnamed_rpg\vendor\json\include\nlohmann\json.hpp:416:24)' as template argument is incompatible with C++98 [-Wc++98-compat-local-type-template-args]
[build]   420 |         std::unique_ptr<T, decltype(deleter)> obj(AllocatorTraits::allocate(alloc, 1), deleter);
[build]       |                            ^~~~~~~~~~~~~~~~~
[build] C:\Users\pperv\code\unnamed_rpg\vendor\json\include\nlohmann/json.hpp(558,52): note: in instantiation of function template specialization 'nlohmann::basic_json<>::create<std::basic_string<char>, const std::basic_string<char> &>' requested here
[build]   558 |         json_value(const string_t& value) : string(create<string_t>(value)) {}
[build]       |                                                    ^
[build] C:\Users\pperv\code\unnamed_rpg\vendor\json\include\nlohmann/json.hpp(1219,34): note: in instantiation of member function 'nlohmann::basic_json<>::json_value::json_value' requested here
[build]  1219 |                 m_data.m_value = *other.m_data.m_value.string;
[build]       |                                  ^
[build] C:\Users\pperv\code\unnamed_rpg\vendor\json\include\nlohmann/detail/input/json_sax.hpp(601,37): note: in instantiation of member function 'nlohmann::basic_json<>::basic_json' requested here
[build]   601 |                 *ref_stack.back() = discarded;
[build]       |                                     ^
[build] C:\Users\pperv\code\unnamed_rpg\vendor\json\include\nlohmann/detail/input/parser.hpp(207,60): note: in instantiation of member function 'nlohmann::detail::json_sax_dom_callback_parser<nlohmann::basic_json<>, nlohmann::detail::iterator_input_adapter<const char *>>::end_object' requested here
[build]   207 |                             if (JSON_HEDLEY_UNLIKELY(!sax->end_object()))
[build]       |                                                            ^
[build] C:\Users\pperv\code\unnamed_rpg\vendor\json\include\nlohmann/thirdparty/hedley/hedley.hpp(1360,94): note: expanded from macro 'JSON_HEDLEY_UNLIKELY'
[build]  1360 | #  define JSON_HEDLEY_UNLIKELY(expr)                    __builtin_expect                 (!!(expr),    0                  )
[build]       |                                                                                              ^
[build] C:\Users\pperv\code\unnamed_rpg\vendor\json\include\nlohmann/detail/input/parser.hpp(100,13): note: in instantiation of function template specialization 'nlohmann::detail::parser<nlohmann::basic_json<>, nlohmann::detail::iterator_input_adapter<const char *>>::sax_parse_internal<nlohmann::detail::json_sax_dom_callback_parser<nlohmann::basic_json<>, nlohmann::detail::iterator_input_adapter<const char *>>>' requested here
[build]   100 |             sax_parse_internal(&sdp);
[build]       |             ^
[build] C:\Users\pperv\code\unnamed_rpg\vendor\json\include\nlohmann/json.hpp(4112,148): note: in instantiation of member function 'nlohmann::detail::parser<nlohmann::basic_json<>, nlohmann::detail::iterator_input_adapter<const char *>>::parse' requested here
[build]  4112 |         parser(detail::input_adapter(std::move(first), std::move(last)), std::move(cb), allow_exceptions, ignore_comments, ignore_trailing_commas).parse(true, result); // cppcheck-suppress[accessMoved]
[build]       |                                                                                                                                                    ^
[build] C:\Users\pperv\code\unnamed_rpg\vendor\json\include\nlohmann/json.hpp(5294,28): note: in instantiation of function template specialization 'nlohmann::basic_json<>::parse<const char *, const char *, 0>' requested here
[build]  5294 |     return nlohmann::json::parse(s, s + n);
[build]       |                            ^
[build] C:\Users\pperv\code\unnamed_rpg\vendor\json\include\nlohmann/json.hpp(420,28): warning: local type '(lambda at C:\Users\pperv\code\unnamed_rpg\vendor\json\include\nlohmann\json.hpp:416:24)' as template argument is incompatible with C++98 [-Wc++98-compat-local-type-template-args]
[build]   420 |         std::unique_ptr<T, decltype(deleter)> obj(AllocatorTraits::allocate(alloc, 1), deleter);
[build]       |                            ^~~~~~~~~~~~~~~~~
[build] C:\Users\pperv\code\unnamed_rpg\vendor\json\include\nlohmann/json.hpp(582,52): note: in instantiation of function template specialization 'nlohmann::basic_json<>::create<nlohmann::byte_container_with_subtype<std::vector<unsigned char>>, const nlohmann::byte_container_with_subtype<std::vector<unsigned char>> &>' requested here
[build]   582 |         json_value(const binary_t& value) : binary(create<binary_t>(value)) {}
[build]       |                                                    ^
[build] C:\Users\pperv\code\unnamed_rpg\vendor\json\include\nlohmann/json.hpp(1249,34): note: in instantiation of member function 'nlohmann::basic_json<>::json_value::json_value' requested here
[build]  1249 |                 m_data.m_value = *other.m_data.m_value.binary;
[build]       |                                  ^
[build] C:\Users\pperv\code\unnamed_rpg\vendor\json\include\nlohmann/detail/input/json_sax.hpp(601,37): note: in instantiation of member function 'nlohmann::basic_json<>::basic_json' requested here
[build]   601 |                 *ref_stack.back() = discarded;
[build]       |                                     ^
[build] C:\Users\pperv\code\unnamed_rpg\vendor\json\include\nlohmann/detail/input/parser.hpp(207,60): note: in instantiation of member function 'nlohmann::detail::json_sax_dom_callback_parser<nlohmann::basic_json<>, nlohmann::detail::iterator_input_adapter<const char *>>::end_object' requested here
[build]   207 |                             if (JSON_HEDLEY_UNLIKELY(!sax->end_object()))
[build]       |                                                            ^
[build] C:\Users\pperv\code\unnamed_rpg\vendor\json\include\nlohmann/thirdparty/hedley/hedley.hpp(1360,94): note: expanded from macro 'JSON_HEDLEY_UNLIKELY'
[build]  1360 | #  define JSON_HEDLEY_UNLIKELY(expr)                    __builtin_expect                 (!!(expr),    0                  )
[build]       |                                                                                              ^
[build] C:\Users\pperv\code\unnamed_rpg\vendor\json\include\nlohmann/detail/input/parser.hpp(100,13): note: in instantiation of function template specialization 'nlohmann::detail::parser<nlohmann::basic_json<>, nlohmann::detail::iterator_input_adapter<const char *>>::sax_parse_internal<nlohmann::detail::json_sax_dom_callback_parser<nlohmann::basic_json<>, nlohmann::detail::iterator_input_adapter<const char *>>>' requested here
[build]   100 |             sax_parse_internal(&sdp);
[build]       |             ^
[build] C:\Users\pperv\code\unnamed_rpg\vendor\json\include\nlohmann/json.hpp(4112,148): note: in instantiation of member function 'nlohmann::detail::parser<nlohmann::basic_json<>, nlohmann::detail::iterator_input_adapter<const char *>>::parse' requested here
[build]  4112 |         parser(detail::input_adapter(std::move(first), std::move(last)), std::move(cb), allow_exceptions, ignore_comments, ignore_trailing_commas).parse(true, result); // cppcheck-suppress[accessMoved]
[build]       |                                                                                                                                                    ^
[build] C:\Users\pperv\code\unnamed_rpg\vendor\json\include\nlohmann/json.hpp(5294,28): note: in instantiation of function template specialization 'nlohmann::basic_json<>::parse<const char *, const char *, 0>' requested here
[build]  5294 |     return nlohmann::json::parse(s, s + n);
[build]       |                            ^
[build] In file included from C:\Users\pperv\code\unnamed_rpg\vendor\json-schema-validator\src\json-uri.cpp:9:
[build] In file included from C:\Users\pperv\code\unnamed_rpg\vendor\json-schema-validator\src\nlohmann/json-schema.hpp:24:
[build] In file included from C:\Users\pperv\code\unnamed_rpg\vendor\json\include\nlohmann/json.hpp:50:
[build] In file included from C:\Users\pperv\code\unnamed_rpg\vendor\json\include\nlohmann/detail/input/binary_reader.hpp:29:
[build] C:\Users\pperv\code\unnamed_rpg\vendor\json\include\nlohmann/detail/input/json_sax.hpp(582,72): warning: enumeration type in nested name specifier is incompatible with C++98 [-Wc++98-compat]
[build]   582 |         const bool keep = callback(static_cast<int>(ref_stack.size()), parse_event_t::key, k);
[build]       |                                                                        ^
[build] C:\Users\pperv\code\unnamed_rpg\vendor\json\include\nlohmann/detail/input/parser.hpp(221,56): note: in instantiation of member function 'nlohmann::detail::json_sax_dom_callback_parser<nlohmann::basic_json<>, nlohmann::detail::iterator_input_adapter<const char *>>::key' requested here
[build]   221 |                         if (JSON_HEDLEY_UNLIKELY(!sax->key(m_lexer.get_string())))
[build]       |                                                        ^
[build] C:\Users\pperv\code\unnamed_rpg\vendor\json\include\nlohmann/thirdparty/hedley/hedley.hpp(1360,94): note: expanded from macro 'JSON_HEDLEY_UNLIKELY'
[build]  1360 | #  define JSON_HEDLEY_UNLIKELY(expr)                    __builtin_expect                 (!!(expr),    0                  )
[build]       |                                                                                              ^
[build] C:\Users\pperv\code\unnamed_rpg\vendor\json\include\nlohmann/detail/input/parser.hpp(100,13): note: in instantiation of function template specialization 'nlohmann::detail::parser<nlohmann::basic_json<>, nlohmann::detail::iterator_input_adapter<const char *>>::sax_parse_internal<nlohmann::detail::json_sax_dom_callback_parser<nlohmann::basic_json<>, nlohmann::detail::iterator_input_adapter<const char *>>>' requested here
[build]   100 |             sax_parse_internal(&sdp);
[build]       |             ^
[build] C:\Users\pperv\code\unnamed_rpg\vendor\json\include\nlohmann/json.hpp(4112,148): note: in instantiation of member function 'nlohmann::detail::parser<nlohmann::basic_json<>, nlohmann::detail::iterator_input_adapter<const char *>>::parse' requested here
[build]  4112 |         parser(detail::input_adapter(std::move(first), std::move(last)), std::move(cb), allow_exceptions, ignore_comments, ignore_trailing_commas).parse(true, result); // cppcheck-suppress[accessMoved]
[build]       |                                                                                                                                                    ^
[build] C:\Users\pperv\code\unnamed_rpg\vendor\json\include\nlohmann/json.hpp(5294,28): note: in instantiation of function template specialization 'nlohmann::basic_json<>::parse<const char *, const char *, 0>' requested here
[build]  5294 |     return nlohmann::json::parse(s, s + n);
[build]       |                            ^
[build] In file included from C:\Users\pperv\code\unnamed_rpg\vendor\json-schema-validator\src\json-uri.cpp:9:
[build] In file included from C:\Users\pperv\code\unnamed_rpg\vendor\json-schema-validator\src\nlohmann/json-schema.hpp:24:
[build] In file included from C:\Users\pperv\code\unnamed_rpg\vendor\json\include\nlohmann/json.hpp:44:
[build] In file included from C:\Users\pperv\code\unnamed_rpg\vendor\json\include\nlohmann/adl_serializer.hpp:15:
[build] C:\Users\pperv\code\unnamed_rpg\vendor\json\include\nlohmann/detail/conversions/to_json.hpp(327,26): warning: enumeration type in nested name specifier is incompatible with C++98 [-Wc++98-compat]
[build]   327 |     external_constructor<value_t::string>::construct(j, s);
[build]       |                          ^
[build] C:\Users\pperv\code\unnamed_rpg\vendor\json\include\nlohmann/adl_serializer.hpp(51,9): note: in instantiation of function template specialization 'nlohmann::detail::to_json_fn::operator()<nlohmann::basic_json<>, std::basic_string<char> &>' requested here
[build]    51 |         ::nlohmann::to_json(j, std::forward<TargetType>(val));
[build]       |         ^
[build] C:\Users\pperv\code\unnamed_rpg\vendor\json\include\nlohmann/json.hpp(872,28): note: in instantiation of function template specialization 'nlohmann::adl_serializer<std::basic_string<char>>::to_json<nlohmann::basic_json<>, std::basic_string<char> &>' requested here
[build]   872 |         JSONSerializer<U>::to_json(*this, std::forward<CompatibleType>(val));
[build]       |                            ^
[build] C:\Users\pperv\code\unnamed_rpg\vendor\json\include\nlohmann/detail/input/json_sax.hpp(579,27): note: in instantiation of function template specialization 'nlohmann::basic_json<>::basic_json<std::basic_string<char> &, std::basic_string<char>, 0>' requested here
[build]   579 |         BasicJsonType k = BasicJsonType(val);
[build]       |                           ^
[build] C:\Users\pperv\code\unnamed_rpg\vendor\json\include\nlohmann/detail/input/parser.hpp(221,56): note: in instantiation of member function 'nlohmann::detail::json_sax_dom_callback_parser<nlohmann::basic_json<>, nlohmann::detail::iterator_input_adapter<const char *>>::key' requested here
[build]   221 |                         if (JSON_HEDLEY_UNLIKELY(!sax->key(m_lexer.get_string())))
[build]       |                                                        ^
[build] C:\Users\pperv\code\unnamed_rpg\vendor\json\include\nlohmann/thirdparty/hedley/hedley.hpp(1360,94): note: expanded from macro 'JSON_HEDLEY_UNLIKELY'
[build]  1360 | #  define JSON_HEDLEY_UNLIKELY(expr)                    __builtin_expect                 (!!(expr),    0                  )
[build]       |                                                                                              ^
[build] C:\Users\pperv\code\unnamed_rpg\vendor\json\include\nlohmann/detail/input/parser.hpp(100,13): note: in instantiation of function template specialization 'nlohmann::detail::parser<nlohmann::basic_json<>, nlohmann::detail::iterator_input_adapter<const char *>>::sax_parse_internal<nlohmann::detail::json_sax_dom_callback_parser<nlohmann::basic_json<>, nlohmann::detail::iterator_input_adapter<const char *>>>' requested here
[build]   100 |             sax_parse_internal(&sdp);
[build]       |             ^
[build] C:\Users\pperv\code\unnamed_rpg\vendor\json\include\nlohmann/json.hpp(4112,148): note: in instantiation of member function 'nlohmann::detail::parser<nlohmann::basic_json<>, nlohmann::detail::iterator_input_adapter<const char *>>::parse' requested here
[build]  4112 |         parser(detail::input_adapter(std::move(first), std::move(last)), std::move(cb), allow_exceptions, ignore_comments, ignore_trailing_commas).parse(true, result); // cppcheck-suppress[accessMoved]
[build]       |                                                                                                                                                    ^
[build] C:\Users\pperv\code\unnamed_rpg\vendor\json\include\nlohmann/json.hpp(5294,28): note: in instantiation of function template specialization 'nlohmann::basic_json<>::parse<const char *, const char *, 0>' requested here
[build]  5294 |     return nlohmann::json::parse(s, s + n);
[build]       |                            ^
[build] In file included from C:\Users\pperv\code\unnamed_rpg\vendor\json-schema-validator\src\json-uri.cpp:9:
[build] In file included from C:\Users\pperv\code\unnamed_rpg\vendor\json-schema-validator\src\nlohmann/json-schema.hpp:24:
[build] In file included from C:\Users\pperv\code\unnamed_rpg\vendor\json\include\nlohmann/json.hpp:44:
[build] In file included from C:\Users\pperv\code\unnamed_rpg\vendor\json\include\nlohmann/adl_serializer.hpp:15:
[build] C:\Users\pperv\code\unnamed_rpg\vendor\json\include\nlohmann/detail/conversions/to_json.hpp(69,27): warning: enumeration type in nested name specifier is incompatible with C++98 [-Wc++98-compat]
[build]    69 |         j.m_data.m_type = value_t::string;
[build]       |                           ^
[build] C:\Users\pperv\code\unnamed_rpg\vendor\json\include\nlohmann/detail/conversions/to_json.hpp(516,16): note: in instantiation of function template specialization 'nlohmann::detail::to_json<nlohmann::basic_json<>, std::basic_string<char>, 0>' requested here
[build]   516 |         return to_json(j, std::forward<T>(val));
[build]       |                ^
[build] C:\Users\pperv\code\unnamed_rpg\vendor\json\include\nlohmann/adl_serializer.hpp(51,9): note: in instantiation of function template specialization 'nlohmann::detail::to_json_fn::operator()<nlohmann::basic_json<>, std::basic_string<char> &>' requested here
[build]    51 |         ::nlohmann::to_json(j, std::forward<TargetType>(val));
[build]       |         ^
[build] C:\Users\pperv\code\unnamed_rpg\vendor\json\include\nlohmann/json.hpp(872,28): note: in instantiation of function template specialization 'nlohmann::adl_serializer<std::basic_string<char>>::to_json<nlohmann::basic_json<>, std::basic_string<char> &>' requested here
[build]   872 |         JSONSerializer<U>::to_json(*this, std::forward<CompatibleType>(val));
[build]       |                            ^
[build] C:\Users\pperv\code\unnamed_rpg\vendor\json\include\nlohmann/detail/input/json_sax.hpp(579,27): note: in instantiation of function template specialization 'nlohmann::basic_json<>::basic_json<std::basic_string<char> &, std::basic_string<char>, 0>' requested here
[build]   579 |         BasicJsonType k = BasicJsonType(val);
[build]       |                           ^
[build] C:\Users\pperv\code\unnamed_rpg\vendor\json\include\nlohmann/detail/input/parser.hpp(221,56): note: in instantiation of member function 'nlohmann::detail::json_sax_dom_callback_parser<nlohmann::basic_json<>, nlohmann::detail::iterator_input_adapter<const char *>>::key' requested here
[build]   221 |                         if (JSON_HEDLEY_UNLIKELY(!sax->key(m_lexer.get_string())))
[build]       |                                                        ^
[build] C:\Users\pperv\code\unnamed_rpg\vendor\json\include\nlohmann/thirdparty/hedley/hedley.hpp(1360,94): note: expanded from macro 'JSON_HEDLEY_UNLIKELY'
[build]  1360 | #  define JSON_HEDLEY_UNLIKELY(expr)                    __builtin_expect                 (!!(expr),    0                  )
[build]       |                                                                                              ^
[build] C:\Users\pperv\code\unnamed_rpg\vendor\json\include\nlohmann/detail/input/parser.hpp(100,13): note: in instantiation of function template specialization 'nlohmann::detail::parser<nlohmann::basic_json<>, nlohmann::detail::iterator_input_adapter<const char *>>::sax_parse_internal<nlohmann::detail::json_sax_dom_callback_parser<nlohmann::basic_json<>, nlohmann::detail::iterator_input_adapter<const char *>>>' requested here
[build]   100 |             sax_parse_internal(&sdp);
[build]       |             ^
[build] C:\Users\pperv\code\unnamed_rpg\vendor\json\include\nlohmann/json.hpp(4112,148): note: in instantiation of member function 'nlohmann::detail::parser<nlohmann::basic_json<>, nlohmann::detail::iterator_input_adapter<const char *>>::parse' requested here
[build]  4112 |         parser(detail::input_adapter(std::move(first), std::move(last)), std::move(cb), allow_exceptions, ignore_comments, ignore_trailing_commas).parse(true, result); // cppcheck-suppress[accessMoved]
[build]       |                                                                                                                                                    ^
[build] C:\Users\pperv\code\unnamed_rpg\vendor\json\include\nlohmann/json.hpp(5294,28): note: in instantiation of function template specialization 'nlohmann::basic_json<>::parse<const char *, const char *, 0>' requested here
[build]  5294 |     return nlohmann::json::parse(s, s + n);
[build]       |                            ^
[build] In file included from C:\Users\pperv\code\unnamed_rpg\vendor\json-schema-validator\src\json-uri.cpp:9:
[build] In file included from C:\Users\pperv\code\unnamed_rpg\vendor\json-schema-validator\src\nlohmann/json-schema.hpp:24:
[build] In file included from C:\Users\pperv\code\unnamed_rpg\vendor\json\include\nlohmann/json.hpp:44:
[build] In file included from C:\Users\pperv\code\unnamed_rpg\vendor\json\include\nlohmann/adl_serializer.hpp:15:
[build] C:\Users\pperv\code\unnamed_rpg\vendor\json\include\nlohmann/detail/conversions/to_json.hpp(69,27): warning: enumeration type in nested name specifier is incompatible with C++98 [-Wc++98-compat]
[build]    69 |         j.m_data.m_type = value_t::string;
[build]       |                           ^
[build] C:\Users\pperv\code\unnamed_rpg\vendor\json\include\nlohmann/detail/conversions/to_json.hpp(327,44): note: in instantiation of function template specialization 'nlohmann::detail::external_constructor<nlohmann::detail::value_t::string>::construct<nlohmann::basic_json<>>' requested here
[build]   327 |     external_constructor<value_t::string>::construct(j, s);
[build]       |                                            ^
[build] C:\Users\pperv\code\unnamed_rpg\vendor\json\include\nlohmann/detail/conversions/to_json.hpp(516,16): note: in instantiation of function template specialization 'nlohmann::detail::to_json<nlohmann::basic_json<>, std::basic_string<char>, 0>' requested here
[build]   516 |         return to_json(j, std::forward<T>(val));
[build]       |                ^
[build] C:\Users\pperv\code\unnamed_rpg\vendor\json\include\nlohmann/adl_serializer.hpp(51,9): note: in instantiation of function template specialization 'nlohmann::detail::to_json_fn::operator()<nlohmann::basic_json<>, std::basic_string<char> &>' requested here
[build]    51 |         ::nlohmann::to_json(j, std::forward<TargetType>(val));
[build]       |         ^
[build] C:\Users\pperv\code\unnamed_rpg\vendor\json\include\nlohmann/json.hpp(872,28): note: in instantiation of function template specialization 'nlohmann::adl_serializer<std::basic_string<char>>::to_json<nlohmann::basic_json<>, std::basic_string<char> &>' requested here
[build]   872 |         JSONSerializer<U>::to_json(*this, std::forward<CompatibleType>(val));
[build]       |                            ^
[build] C:\Users\pperv\code\unnamed_rpg\vendor\json\include\nlohmann/detail/input/json_sax.hpp(579,27): note: in instantiation of function template specialization 'nlohmann::basic_json<>::basic_json<std::basic_string<char> &, std::basic_string<char>, 0>' requested here
[build]   579 |         BasicJsonType k = BasicJsonType(val);
[build]       |                           ^
[build] C:\Users\pperv\code\unnamed_rpg\vendor\json\include\nlohmann/detail/input/parser.hpp(221,56): note: in instantiation of member function 'nlohmann::detail::json_sax_dom_callback_parser<nlohmann::basic_json<>, nlohmann::detail::iterator_input_adapter<const char *>>::key' requested here
[build]   221 |                         if (JSON_HEDLEY_UNLIKELY(!sax->key(m_lexer.get_string())))
[build]       |                                                        ^
[build] C:\Users\pperv\code\unnamed_rpg\vendor\json\include\nlohmann/thirdparty/hedley/hedley.hpp(1360,94): note: expanded from macro 'JSON_HEDLEY_UNLIKELY'
[build]  1360 | #  define JSON_HEDLEY_UNLIKELY(expr)                    __builtin_expect                 (!!(expr),    0                  )
[build]       |                                                                                              ^
[build] C:\Users\pperv\code\unnamed_rpg\vendor\json\include\nlohmann/detail/input/parser.hpp(100,13): note: in instantiation of function template specialization 'nlohmann::detail::parser<nlohmann::basic_json<>, nlohmann::detail::iterator_input_adapter<const char *>>::sax_parse_internal<nlohmann::detail::json_sax_dom_callback_parser<nlohmann::basic_json<>, nlohmann::detail::iterator_input_adapter<const char *>>>' requested here
[build]   100 |             sax_parse_internal(&sdp);
[build]       |             ^
[build] C:\Users\pperv\code\unnamed_rpg\vendor\json\include\nlohmann/json.hpp(4112,148): note: in instantiation of member function 'nlohmann::detail::parser<nlohmann::basic_json<>, nlohmann::detail::iterator_input_adapter<const char *>>::parse' requested here
[build]  4112 |         parser(detail::input_adapter(std::move(first), std::move(last)), std::move(cb), allow_exceptions, ignore_comments, ignore_trailing_commas).parse(true, result); // cppcheck-suppress[accessMoved]
[build]       |                                                                                                                                                    ^
[build] C:\Users\pperv\code\unnamed_rpg\vendor\json\include\nlohmann/json.hpp(5294,28): note: in instantiation of function template specialization 'nlohmann::basic_json<>::parse<const char *, const char *, 0>' requested here
[build]  5294 |     return nlohmann::json::parse(s, s + n);
[build]       |                            ^
[build] In file included from C:\Users\pperv\code\unnamed_rpg\vendor\json-schema-validator\src\json-uri.cpp:9:
[build] In file included from C:\Users\pperv\code\unnamed_rpg\vendor\json-schema-validator\src\nlohmann/json-schema.hpp:24:
[build] In file included from C:\Users\pperv\code\unnamed_rpg\vendor\json\include\nlohmann/json.hpp:50:
[build] In file included from C:\Users\pperv\code\unnamed_rpg\vendor\json\include\nlohmann/detail/input/binary_reader.hpp:29:
[build] C:\Users\pperv\code\unnamed_rpg\vendor\json\include\nlohmann/detail/input/json_sax.hpp(642,9): warning: 'auto' type specifier is incompatible with C++98 [-Wc++98-compat]
[build]   642 |         auto val = handle_value(BasicJsonType::value_t::array, true);
[build]       |         ^~~~
[build] C:\Users\pperv\code\unnamed_rpg\vendor\json\include\nlohmann/detail/input/parser.hpp(100,13): note: in instantiation of function template specialization 'nlohmann::detail::parser<nlohmann::basic_json<>, nlohmann::detail::iterator_input_adapter<const char *>>::sax_parse_internal<nlohmann::detail::json_sax_dom_callback_parser<nlohmann::basic_json<>, nlohmann::detail::iterator_input_adapter<const char *>>>' requested here
[build]   100 |             sax_parse_internal(&sdp);
[build]       |             ^
[build] C:\Users\pperv\code\unnamed_rpg\vendor\json\include\nlohmann/json.hpp(4112,148): note: in instantiation of member function 'nlohmann::detail::parser<nlohmann::basic_json<>, nlohmann::detail::iterator_input_adapter<const char *>>::parse' requested here
[build]  4112 |         parser(detail::input_adapter(std::move(first), std::move(last)), std::move(cb), allow_exceptions, ignore_comments, ignore_trailing_commas).parse(true, result); // cppcheck-suppress[accessMoved]
[build]       |                                                                                                                                                    ^
[build] C:\Users\pperv\code\unnamed_rpg\vendor\json\include\nlohmann/json.hpp(5294,28): note: in instantiation of function template specialization 'nlohmann::basic_json<>::parse<const char *, const char *, 0>' requested here
[build]  5294 |     return nlohmann::json::parse(s, s + n);
[build]       |                            ^
[build] In file included from C:\Users\pperv\code\unnamed_rpg\vendor\json-schema-validator\src\json-uri.cpp:9:
[build] In file included from C:\Users\pperv\code\unnamed_rpg\vendor\json-schema-validator\src\nlohmann/json-schema.hpp:24:
[build] In file included from C:\Users\pperv\code\unnamed_rpg\vendor\json\include\nlohmann/json.hpp:50:
[build] In file included from C:\Users\pperv\code\unnamed_rpg\vendor\json\include\nlohmann/detail/input/binary_reader.hpp:29:
[build] C:\Users\pperv\code\unnamed_rpg\vendor\json\include\nlohmann/detail/input/json_sax.hpp(639,72): warning: enumeration type in nested name specifier is incompatible with C++98 [-Wc++98-compat]
[build]   639 |         const bool keep = callback(static_cast<int>(ref_stack.size()), parse_event_t::array_start, discarded);
[build]       |                                                                        ^
[build] C:\Users\pperv\code\unnamed_rpg\vendor\json\include\nlohmann/detail/input/parser.hpp(244,56): note: in instantiation of member function 'nlohmann::detail::json_sax_dom_callback_parser<nlohmann::basic_json<>, nlohmann::detail::iterator_input_adapter<const char *>>::start_array' requested here
[build]   244 |                         if (JSON_HEDLEY_UNLIKELY(!sax->start_array(detail::unknown_size())))
[build]       |                                                        ^
[build] C:\Users\pperv\code\unnamed_rpg\vendor\json\include\nlohmann/thirdparty/hedley/hedley.hpp(1360,94): note: expanded from macro 'JSON_HEDLEY_UNLIKELY'
[build]  1360 | #  define JSON_HEDLEY_UNLIKELY(expr)                    __builtin_expect                 (!!(expr),    0                  )
[build]       |                                                                                              ^
[build] C:\Users\pperv\code\unnamed_rpg\vendor\json\include\nlohmann/detail/input/parser.hpp(100,13): note: in instantiation of function template specialization 'nlohmann::detail::parser<nlohmann::basic_json<>, nlohmann::detail::iterator_input_adapter<const char *>>::sax_parse_internal<nlohmann::detail::json_sax_dom_callback_parser<nlohmann::basic_json<>, nlohmann::detail::iterator_input_adapter<const char *>>>' requested here
[build]   100 |             sax_parse_internal(&sdp);
[build]       |             ^
[build] C:\Users\pperv\code\unnamed_rpg\vendor\json\include\nlohmann/json.hpp(4112,148): note: in instantiation of member function 'nlohmann::detail::parser<nlohmann::basic_json<>, nlohmann::detail::iterator_input_adapter<const char *>>::parse' requested here
[build]  4112 |         parser(detail::input_adapter(std::move(first), std::move(last)), std::move(cb), allow_exceptions, ignore_comments, ignore_trailing_commas).parse(true, result); // cppcheck-suppress[accessMoved]
[build]       |                                                                                                                                                    ^
[build] C:\Users\pperv\code\unnamed_rpg\vendor\json\include\nlohmann/json.hpp(5294,28): note: in instantiation of function template specialization 'nlohmann::basic_json<>::parse<const char *, const char *, 0>' requested here
[build]  5294 |     return nlohmann::json::parse(s, s + n);
[build]       |                            ^
[build] In file included from C:\Users\pperv\code\unnamed_rpg\vendor\json-schema-validator\src\json-uri.cpp:9:
[build] In file included from C:\Users\pperv\code\unnamed_rpg\vendor\json-schema-validator\src\nlohmann/json-schema.hpp:24:
[build] In file included from C:\Users\pperv\code\unnamed_rpg\vendor\json\include\nlohmann/json.hpp:50:
[build] In file included from C:\Users\pperv\code\unnamed_rpg\vendor\json\include\nlohmann/detail/input/binary_reader.hpp:29:
[build] C:\Users\pperv\code\unnamed_rpg\vendor\json\include\nlohmann/detail/input/json_sax.hpp(672,49): warning: 'nullptr' is incompatible with C++98 [-Wc++98-compat]
[build]   672 |         const bool stored = ref_stack.back() != nullptr;
[build]       |                                                 ^
[build] C:\Users\pperv\code\unnamed_rpg\vendor\json\include\nlohmann/detail/input/json_sax.hpp(676,69): warning: enumeration type in nested name specifier is incompatible with C++98 [-Wc++98-compat]
[build]   676 |             keep = callback(static_cast<int>(ref_stack.size()) - 1, parse_event_t::array_end, *ref_stack.back());
[build]       |                                                                     ^
[build] C:\Users\pperv\code\unnamed_rpg\vendor\json\include\nlohmann/detail/input/parser.hpp(252,60): note: in instantiation of member function 'nlohmann::detail::json_sax_dom_callback_parser<nlohmann::basic_json<>, nlohmann::detail::iterator_input_adapter<const char *>>::end_array' requested here
[build]   252 |                             if (JSON_HEDLEY_UNLIKELY(!sax->end_array()))
[build]       |                                                            ^
[build] C:\Users\pperv\code\unnamed_rpg\vendor\json\include\nlohmann/thirdparty/hedley/hedley.hpp(1360,94): note: expanded from macro 'JSON_HEDLEY_UNLIKELY'
[build]  1360 | #  define JSON_HEDLEY_UNLIKELY(expr)                    __builtin_expect                 (!!(expr),    0                  )
[build]       |                                                                                              ^
[build] C:\Users\pperv\code\unnamed_rpg\vendor\json\include\nlohmann/detail/input/parser.hpp(100,13): note: in instantiation of function template specialization 'nlohmann::detail::parser<nlohmann::basic_json<>, nlohmann::detail::iterator_input_adapter<const char *>>::sax_parse_internal<nlohmann::detail::json_sax_dom_callback_parser<nlohmann::basic_json<>, nlohmann::detail::iterator_input_adapter<const char *>>>' requested here
[build]   100 |             sax_parse_internal(&sdp);
[build]       |             ^
[build] C:\Users\pperv\code\unnamed_rpg\vendor\json\include\nlohmann/json.hpp(4112,148): note: in instantiation of member function 'nlohmann::detail::parser<nlohmann::basic_json<>, nlohmann::detail::iterator_input_adapter<const char *>>::parse' requested here
[build]  4112 |         parser(detail::input_adapter(std::move(first), std::move(last)), std::move(cb), allow_exceptions, ignore_comments, ignore_trailing_commas).parse(true, result); // cppcheck-suppress[accessMoved]
[build]       |                                                                                                                                                    ^
[build] C:\Users\pperv\code\unnamed_rpg\vendor\json\include\nlohmann/json.hpp(5294,28): note: in instantiation of function template specialization 'nlohmann::basic_json<>::parse<const char *, const char *, 0>' requested here
[build]  5294 |     return nlohmann::json::parse(s, s + n);
[build]       |                            ^
[build] In file included from C:\Users\pperv\code\unnamed_rpg\vendor\json-schema-validator\src\json-uri.cpp:9:
[build] In file included from C:\Users\pperv\code\unnamed_rpg\vendor\json-schema-validator\src\nlohmann/json-schema.hpp:24:
[build] In file included from C:\Users\pperv\code\unnamed_rpg\vendor\json\include\nlohmann/json.hpp:44:
[build] In file included from C:\Users\pperv\code\unnamed_rpg\vendor\json\include\nlohmann/adl_serializer.hpp:14:
[build] In file included from C:\Users\pperv\code\unnamed_rpg\vendor\json\include\nlohmann/detail/conversions/from_json.hpp:24:
[build] C:\Users\pperv\code\unnamed_rpg\vendor\json\include\nlohmann/detail/exceptions.hpp(261,16): warning: constructor call from initializer list is incompatible with C++98 [-Wc++98-compat]
[build]   261 |         return {id_, w.c_str()};
[build]       |                ^~~~~~~~~~~~~~~~
[build] C:\Users\pperv\code\unnamed_rpg\vendor\json\include\nlohmann/detail/input/parser.hpp(274,67): note: in instantiation of function template specialization 'nlohmann::detail::out_of_range::create<std::nullptr_t, 0>' requested here
[build]   274 |                                                     out_of_range::create(406, concat("number overflow parsing '", m_lexer.get_token_string(), '\''), nullptr));
[build]       |                                                                   ^
[build] C:\Users\pperv\code\unnamed_rpg\vendor\json\include\nlohmann/detail/input/parser.hpp(100,13): note: in instantiation of function template specialization 'nlohmann::detail::parser<nlohmann::basic_json<>, nlohmann::detail::iterator_input_adapter<const char *>>::sax_parse_internal<nlohmann::detail::json_sax_dom_callback_parser<nlohmann::basic_json<>, nlohmann::detail::iterator_input_adapter<const char *>>>' requested here
[build]   100 |             sax_parse_internal(&sdp);
[build]       |             ^
[build] C:\Users\pperv\code\unnamed_rpg\vendor\json\include\nlohmann/json.hpp(4112,148): note: in instantiation of member function 'nlohmann::detail::parser<nlohmann::basic_json<>, nlohmann::detail::iterator_input_adapter<const char *>>::parse' requested here
[build]  4112 |         parser(detail::input_adapter(std::move(first), std::move(last)), std::move(cb), allow_exceptions, ignore_comments, ignore_trailing_commas).parse(true, result); // cppcheck-suppress[accessMoved]
[build]       |                                                                                                                                                    ^
[build] C:\Users\pperv\code\unnamed_rpg\vendor\json\include\nlohmann/json.hpp(5294,28): note: in instantiation of function template specialization 'nlohmann::basic_json<>::parse<const char *, const char *, 0>' requested here
[build]  5294 |     return nlohmann::json::parse(s, s + n);
[build]       |                            ^
[build] In file included from C:\Users\pperv\code\unnamed_rpg\vendor\json-schema-validator\src\json-uri.cpp:9:
[build] In file included from C:\Users\pperv\code\unnamed_rpg\vendor\json-schema-validator\src\nlohmann/json-schema.hpp:24:
[build] In file included from C:\Users\pperv\code\unnamed_rpg\vendor\json\include\nlohmann/json.hpp:50:
[build] In file included from C:\Users\pperv\code\unnamed_rpg\vendor\json\include\nlohmann/detail/input/binary_reader.hpp:29:
[build] C:\Users\pperv\code\unnamed_rpg\vendor\json\include\nlohmann/detail/input/json_sax.hpp(849,20): warning: constructor call from initializer list is incompatible with C++98 [-Wc++98-compat]
[build]   849 |             return {false, nullptr};
[build]       |                    ^~~~~~~~~~~~~~~~
[build] C:\Users\pperv\code\unnamed_rpg\vendor\json\include\nlohmann/detail/input/json_sax.hpp(529,9): note: in instantiation of function template specialization 'nlohmann::detail::json_sax_dom_callback_parser<nlohmann::basic_json<>, nlohmann::detail::iterator_input_adapter<const char *>>::handle_value<double &>' requested here
[build]   529 |         handle_value(val);
[build]       |         ^
[build] C:\Users\pperv\code\unnamed_rpg\vendor\json\include\nlohmann/detail/input/parser.hpp(277,56): note: in instantiation of member function 'nlohmann::detail::json_sax_dom_callback_parser<nlohmann::basic_json<>, nlohmann::detail::iterator_input_adapter<const char *>>::number_float' requested here
[build]   277 |                         if (JSON_HEDLEY_UNLIKELY(!sax->number_float(res, m_lexer.get_string())))
[build]       |                                                        ^
[build] C:\Users\pperv\code\unnamed_rpg\vendor\json\include\nlohmann/thirdparty/hedley/hedley.hpp(1360,94): note: expanded from macro 'JSON_HEDLEY_UNLIKELY'
[build]  1360 | #  define JSON_HEDLEY_UNLIKELY(expr)                    __builtin_expect                 (!!(expr),    0                  )
[build]       |                                                                                              ^
[build] C:\Users\pperv\code\unnamed_rpg\vendor\json\include\nlohmann/detail/input/parser.hpp(100,13): note: in instantiation of function template specialization 'nlohmann::detail::parser<nlohmann::basic_json<>, nlohmann::detail::iterator_input_adapter<const char *>>::sax_parse_internal<nlohmann::detail::json_sax_dom_callback_parser<nlohmann::basic_json<>, nlohmann::detail::iterator_input_adapter<const char *>>>' requested here
[build]   100 |             sax_parse_internal(&sdp);
[build]       |             ^
[build] C:\Users\pperv\code\unnamed_rpg\vendor\json\include\nlohmann/json.hpp(4112,148): note: in instantiation of member function 'nlohmann::detail::parser<nlohmann::basic_json<>, nlohmann::detail::iterator_input_adapter<const char *>>::parse' requested here
[build]  4112 |         parser(detail::input_adapter(std::move(first), std::move(last)), std::move(cb), allow_exceptions, ignore_comments, ignore_trailing_commas).parse(true, result); // cppcheck-suppress[accessMoved]
[build]       |                                                                                                                                                    ^
[build] C:\Users\pperv\code\unnamed_rpg\vendor\json\include\nlohmann/json.hpp(5294,28): note: in instantiation of function template specialization 'nlohmann::basic_json<>::parse<const char *, const char *, 0>' requested here
[build]  5294 |     return nlohmann::json::parse(s, s + n);
[build]       |                            ^
[build] In file included from C:\Users\pperv\code\unnamed_rpg\vendor\json-schema-validator\src\json-uri.cpp:9:
[build] In file included from C:\Users\pperv\code\unnamed_rpg\vendor\json-schema-validator\src\nlohmann/json-schema.hpp:24:
[build] In file included from C:\Users\pperv\code\unnamed_rpg\vendor\json\include\nlohmann/json.hpp:50:
[build] In file included from C:\Users\pperv\code\unnamed_rpg\vendor\json\include\nlohmann/detail/input/binary_reader.hpp:29:
[build] C:\Users\pperv\code\unnamed_rpg\vendor\json\include\nlohmann/detail/input/json_sax.hpp(860,89): warning: enumeration type in nested name specifier is incompatible with C++98 [-Wc++98-compat]
[build]   860 |         const bool keep = skip_callback || callback(static_cast<int>(ref_stack.size()), parse_event_t::value, value);
[build]       |                                                                                         ^
[build] C:\Users\pperv\code\unnamed_rpg\vendor\json\include\nlohmann/detail/input/json_sax.hpp(877,20): warning: constructor call from initializer list is incompatible with C++98 [-Wc++98-compat]
[build]   877 |             return {false, nullptr};
[build]       |                    ^~~~~~~~~~~~~~~~
[build] C:\Users\pperv\code\unnamed_rpg\vendor\json\include\nlohmann/detail/input/json_sax.hpp(883,20): warning: constructor call from initializer list is incompatible with C++98 [-Wc++98-compat]
[build]   883 |             return {true, & root};
[build]       |                    ^~~~~~~~~~~~~~
[build] C:\Users\pperv\code\unnamed_rpg\vendor\json\include\nlohmann/detail/input/json_sax.hpp(890,20): warning: constructor call from initializer list is incompatible with C++98 [-Wc++98-compat]
[build]   890 |             return {false, nullptr};
[build]       |                    ^~~~~~~~~~~~~~~~
[build] C:\Users\pperv\code\unnamed_rpg\vendor\json\include\nlohmann/detail/input/json_sax.hpp(900,20): warning: constructor call from initializer list is incompatible with C++98 [-Wc++98-compat]
[build]   900 |             return {true, & (ref_stack.back()->m_data.m_value.array->back())};
[build]       |                    ^~~~~~~~~~~~~~~~~~~~~~~~~~~~~~~~~~~~~~~~~~~~~~~~~~~~~~~~~~
[build] C:\Users\pperv\code\unnamed_rpg\vendor\json\include\nlohmann/detail/input/json_sax.hpp(912,20): warning: constructor call from initializer list is incompatible with C++98 [-Wc++98-compat]
[build]   912 |             return {false, nullptr};
[build]       |                    ^~~~~~~~~~~~~~~~
[build] C:\Users\pperv\code\unnamed_rpg\vendor\json\include\nlohmann/detail/input/json_sax.hpp(917,16): warning: constructor call from initializer list is incompatible with C++98 [-Wc++98-compat]
[build]   917 |         return {true, object_element};
[build]       |                ^~~~~~~~~~~~~~~~~~~~~~
[build] In file included from C:\Users\pperv\code\unnamed_rpg\vendor\json-schema-validator\src\json-uri.cpp:9:
[build] In file included from C:\Users\pperv\code\unnamed_rpg\vendor\json-schema-validator\src\nlohmann/json-schema.hpp:24:
[build] In file included from C:\Users\pperv\code\unnamed_rpg\vendor\json\include\nlohmann/json.hpp:44:
[build] In file included from C:\Users\pperv\code\unnamed_rpg\vendor\json\include\nlohmann/adl_serializer.hpp:15:
[build] C:\Users\pperv\code\unnamed_rpg\vendor\json\include\nlohmann/detail/conversions/to_json.hpp(340,26): warning: enumeration type in nested name specifier is incompatible with C++98 [-Wc++98-compat]
[build]   340 |     external_constructor<value_t::number_float>::construct(j, static_cast<typename BasicJsonType::number_float_t>(val));
[build]       |                          ^
[build] C:\Users\pperv\code\unnamed_rpg\vendor\json\include\nlohmann/adl_serializer.hpp(51,9): note: in instantiation of function template specialization 'nlohmann::detail::to_json_fn::operator()<nlohmann::basic_json<>, double &>' requested here
[build]    51 |         ::nlohmann::to_json(j, std::forward<TargetType>(val));
[build]       |         ^
[build] C:\Users\pperv\code\unnamed_rpg\vendor\json\include\nlohmann/json.hpp(872,28): note: in instantiation of function template specialization 'nlohmann::adl_serializer<double>::to_json<nlohmann::basic_json<>, double &>' requested here
[build]   872 |         JSONSerializer<U>::to_json(*this, std::forward<CompatibleType>(val));
[build]       |                            ^
[build] C:\Users\pperv\code\unnamed_rpg\vendor\json\include\nlohmann/detail/input/json_sax.hpp(853,22): note: in instantiation of function template specialization 'nlohmann::basic_json<>::basic_json<double &, double, 0>' requested here
[build]   853 |         auto value = BasicJsonType(std::forward<Value>(v));
[build]       |                      ^
[build] C:\Users\pperv\code\unnamed_rpg\vendor\json\include\nlohmann/detail/input/json_sax.hpp(529,9): note: in instantiation of function template specialization 'nlohmann::detail::json_sax_dom_callback_parser<nlohmann::basic_json<>, nlohmann::detail::iterator_input_adapter<const char *>>::handle_value<double &>' requested here
[build]   529 |         handle_value(val);
[build]       |         ^
[build] C:\Users\pperv\code\unnamed_rpg\vendor\json\include\nlohmann/detail/input/parser.hpp(277,56): note: in instantiation of member function 'nlohmann::detail::json_sax_dom_callback_parser<nlohmann::basic_json<>, nlohmann::detail::iterator_input_adapter<const char *>>::number_float' requested here
[build]   277 |                         if (JSON_HEDLEY_UNLIKELY(!sax->number_float(res, m_lexer.get_string())))
[build]       |                                                        ^
[build] C:\Users\pperv\code\unnamed_rpg\vendor\json\include\nlohmann/thirdparty/hedley/hedley.hpp(1360,94): note: expanded from macro 'JSON_HEDLEY_UNLIKELY'
[build]  1360 | #  define JSON_HEDLEY_UNLIKELY(expr)                    __builtin_expect                 (!!(expr),    0                  )
[build]       |                                                                                              ^
[build] C:\Users\pperv\code\unnamed_rpg\vendor\json\include\nlohmann/detail/input/parser.hpp(100,13): note: in instantiation of function template specialization 'nlohmann::detail::parser<nlohmann::basic_json<>, nlohmann::detail::iterator_input_adapter<const char *>>::sax_parse_internal<nlohmann::detail::json_sax_dom_callback_parser<nlohmann::basic_json<>, nlohmann::detail::iterator_input_adapter<const char *>>>' requested here
[build]   100 |             sax_parse_internal(&sdp);
[build]       |             ^
[build] C:\Users\pperv\code\unnamed_rpg\vendor\json\include\nlohmann/json.hpp(4112,148): note: in instantiation of member function 'nlohmann::detail::parser<nlohmann::basic_json<>, nlohmann::detail::iterator_input_adapter<const char *>>::parse' requested here
[build]  4112 |         parser(detail::input_adapter(std::move(first), std::move(last)), std::move(cb), allow_exceptions, ignore_comments, ignore_trailing_commas).parse(true, result); // cppcheck-suppress[accessMoved]
[build]       |                                                                                                                                                    ^
[build] C:\Users\pperv\code\unnamed_rpg\vendor\json\include\nlohmann/json.hpp(5294,28): note: in instantiation of function template specialization 'nlohmann::basic_json<>::parse<const char *, const char *, 0>' requested here
[build]  5294 |     return nlohmann::json::parse(s, s + n);
[build]       |                            ^
[build] In file included from C:\Users\pperv\code\unnamed_rpg\vendor\json-schema-validator\src\json-uri.cpp:9:
[build] In file included from C:\Users\pperv\code\unnamed_rpg\vendor\json-schema-validator\src\nlohmann/json-schema.hpp:24:
[build] In file included from C:\Users\pperv\code\unnamed_rpg\vendor\json\include\nlohmann/json.hpp:44:
[build] In file included from C:\Users\pperv\code\unnamed_rpg\vendor\json\include\nlohmann/adl_serializer.hpp:15:
[build] C:\Users\pperv\code\unnamed_rpg\vendor\json\include\nlohmann/detail/conversions/to_json.hpp(124,27): warning: enumeration type in nested name specifier is incompatible with C++98 [-Wc++98-compat]
[build]   124 |         j.m_data.m_type = value_t::number_float;
[build]       |                           ^
[build] C:\Users\pperv\code\unnamed_rpg\vendor\json\include\nlohmann/detail/conversions/to_json.hpp(516,16): note: in instantiation of function template specialization 'nlohmann::detail::to_json<nlohmann::basic_json<>, double, 0>' requested here
[build]   516 |         return to_json(j, std::forward<T>(val));
[build]       |                ^
[build] C:\Users\pperv\code\unnamed_rpg\vendor\json\include\nlohmann/adl_serializer.hpp(51,9): note: in instantiation of function template specialization 'nlohmann::detail::to_json_fn::operator()<nlohmann::basic_json<>, double &>' requested here
[build]    51 |         ::nlohmann::to_json(j, std::forward<TargetType>(val));
[build]       |         ^
[build] C:\Users\pperv\code\unnamed_rpg\vendor\json\include\nlohmann/json.hpp(872,28): note: in instantiation of function template specialization 'nlohmann::adl_serializer<double>::to_json<nlohmann::basic_json<>, double &>' requested here
[build]   872 |         JSONSerializer<U>::to_json(*this, std::forward<CompatibleType>(val));
[build]       |                            ^
[build] C:\Users\pperv\code\unnamed_rpg\vendor\json\include\nlohmann/detail/input/json_sax.hpp(853,22): note: in instantiation of function template specialization 'nlohmann::basic_json<>::basic_json<double &, double, 0>' requested here
[build]   853 |         auto value = BasicJsonType(std::forward<Value>(v));
[build]       |                      ^
[build] C:\Users\pperv\code\unnamed_rpg\vendor\json\include\nlohmann/detail/input/json_sax.hpp(529,9): note: in instantiation of function template specialization 'nlohmann::detail::json_sax_dom_callback_parser<nlohmann::basic_json<>, nlohmann::detail::iterator_input_adapter<const char *>>::handle_value<double &>' requested here
[build]   529 |         handle_value(val);
[build]       |         ^
[build] C:\Users\pperv\code\unnamed_rpg\vendor\json\include\nlohmann/detail/input/parser.hpp(277,56): note: in instantiation of member function 'nlohmann::detail::json_sax_dom_callback_parser<nlohmann::basic_json<>, nlohmann::detail::iterator_input_adapter<const char *>>::number_float' requested here
[build]   277 |                         if (JSON_HEDLEY_UNLIKELY(!sax->number_float(res, m_lexer.get_string())))
[build]       |                                                        ^
[build] C:\Users\pperv\code\unnamed_rpg\vendor\json\include\nlohmann/thirdparty/hedley/hedley.hpp(1360,94): note: expanded from macro 'JSON_HEDLEY_UNLIKELY'
[build]  1360 | #  define JSON_HEDLEY_UNLIKELY(expr)                    __builtin_expect                 (!!(expr),    0                  )
[build]       |                                                                                              ^
[build] C:\Users\pperv\code\unnamed_rpg\vendor\json\include\nlohmann/detail/input/parser.hpp(100,13): note: in instantiation of function template specialization 'nlohmann::detail::parser<nlohmann::basic_json<>, nlohmann::detail::iterator_input_adapter<const char *>>::sax_parse_internal<nlohmann::detail::json_sax_dom_callback_parser<nlohmann::basic_json<>, nlohmann::detail::iterator_input_adapter<const char *>>>' requested here
[build]   100 |             sax_parse_internal(&sdp);
[build]       |             ^
[build] C:\Users\pperv\code\unnamed_rpg\vendor\json\include\nlohmann/json.hpp(4112,148): note: in instantiation of member function 'nlohmann::detail::parser<nlohmann::basic_json<>, nlohmann::detail::iterator_input_adapter<const char *>>::parse' requested here
[build]  4112 |         parser(detail::input_adapter(std::move(first), std::move(last)), std::move(cb), allow_exceptions, ignore_comments, ignore_trailing_commas).parse(true, result); // cppcheck-suppress[accessMoved]
[build]       |                                                                                                                                                    ^
[build] C:\Users\pperv\code\unnamed_rpg\vendor\json\include\nlohmann/json.hpp(5294,28): note: in instantiation of function template specialization 'nlohmann::basic_json<>::parse<const char *, const char *, 0>' requested here
[build]  5294 |     return nlohmann::json::parse(s, s + n);
[build]       |                            ^
[build] In file included from C:\Users\pperv\code\unnamed_rpg\vendor\json-schema-validator\src\json-uri.cpp:9:
[build] In file included from C:\Users\pperv\code\unnamed_rpg\vendor\json-schema-validator\src\nlohmann/json-schema.hpp:24:
[build] In file included from C:\Users\pperv\code\unnamed_rpg\vendor\json\include\nlohmann/json.hpp:44:
[build] In file included from C:\Users\pperv\code\unnamed_rpg\vendor\json\include\nlohmann/adl_serializer.hpp:15:
[build] C:\Users\pperv\code\unnamed_rpg\vendor\json\include\nlohmann/detail/conversions/to_json.hpp(124,27): warning: enumeration type in nested name specifier is incompatible with C++98 [-Wc++98-compat]
[build]   124 |         j.m_data.m_type = value_t::number_float;
[build]       |                           ^
[build] C:\Users\pperv\code\unnamed_rpg\vendor\json\include\nlohmann/detail/conversions/to_json.hpp(340,50): note: in instantiation of function template specialization 'nlohmann::detail::external_constructor<nlohmann::detail::value_t::number_float>::construct<nlohmann::basic_json<>>' requested here
[build]   340 |     external_constructor<value_t::number_float>::construct(j, static_cast<typename BasicJsonType::number_float_t>(val));
[build]       |                                                  ^
[build] C:\Users\pperv\code\unnamed_rpg\vendor\json\include\nlohmann/detail/conversions/to_json.hpp(516,16): note: in instantiation of function template specialization 'nlohmann::detail::to_json<nlohmann::basic_json<>, double, 0>' requested here
[build]   516 |         return to_json(j, std::forward<T>(val));
[build]       |                ^
[build] C:\Users\pperv\code\unnamed_rpg\vendor\json\include\nlohmann/adl_serializer.hpp(51,9): note: in instantiation of function template specialization 'nlohmann::detail::to_json_fn::operator()<nlohmann::basic_json<>, double &>' requested here
[build]    51 |         ::nlohmann::to_json(j, std::forward<TargetType>(val));
[build]       |         ^
[build] C:\Users\pperv\code\unnamed_rpg\vendor\json\include\nlohmann/json.hpp(872,28): note: in instantiation of function template specialization 'nlohmann::adl_serializer<double>::to_json<nlohmann::basic_json<>, double &>' requested here
[build]   872 |         JSONSerializer<U>::to_json(*this, std::forward<CompatibleType>(val));
[build]       |                            ^
[build] C:\Users\pperv\code\unnamed_rpg\vendor\json\include\nlohmann/detail/input/json_sax.hpp(853,22): note: in instantiation of function template specialization 'nlohmann::basic_json<>::basic_json<double &, double, 0>' requested here
[build]   853 |         auto value = BasicJsonType(std::forward<Value>(v));
[build]       |                      ^
[build] C:\Users\pperv\code\unnamed_rpg\vendor\json\include\nlohmann/detail/input/json_sax.hpp(529,9): note: in instantiation of function template specialization 'nlohmann::detail::json_sax_dom_callback_parser<nlohmann::basic_json<>, nlohmann::detail::iterator_input_adapter<const char *>>::handle_value<double &>' requested here
[build]   529 |         handle_value(val);
[build]       |         ^
[build] C:\Users\pperv\code\unnamed_rpg\vendor\json\include\nlohmann/detail/input/parser.hpp(277,56): note: in instantiation of member function 'nlohmann::detail::json_sax_dom_callback_parser<nlohmann::basic_json<>, nlohmann::detail::iterator_input_adapter<const char *>>::number_float' requested here
[build]   277 |                         if (JSON_HEDLEY_UNLIKELY(!sax->number_float(res, m_lexer.get_string())))
[build]       |                                                        ^
[build] C:\Users\pperv\code\unnamed_rpg\vendor\json\include\nlohmann/thirdparty/hedley/hedley.hpp(1360,94): note: expanded from macro 'JSON_HEDLEY_UNLIKELY'
[build]  1360 | #  define JSON_HEDLEY_UNLIKELY(expr)                    __builtin_expect                 (!!(expr),    0                  )
[build]       |                                                                                              ^
[build] C:\Users\pperv\code\unnamed_rpg\vendor\json\include\nlohmann/detail/input/parser.hpp(100,13): note: in instantiation of function template specialization 'nlohmann::detail::parser<nlohmann::basic_json<>, nlohmann::detail::iterator_input_adapter<const char *>>::sax_parse_internal<nlohmann::detail::json_sax_dom_callback_parser<nlohmann::basic_json<>, nlohmann::detail::iterator_input_adapter<const char *>>>' requested here
[build]   100 |             sax_parse_internal(&sdp);
[build]       |             ^
[build] C:\Users\pperv\code\unnamed_rpg\vendor\json\include\nlohmann/json.hpp(4112,148): note: in instantiation of member function 'nlohmann::detail::parser<nlohmann::basic_json<>, nlohmann::detail::iterator_input_adapter<const char *>>::parse' requested here
[build]  4112 |         parser(detail::input_adapter(std::move(first), std::move(last)), std::move(cb), allow_exceptions, ignore_comments, ignore_trailing_commas).parse(true, result); // cppcheck-suppress[accessMoved]
[build]       |                                                                                                                                                    ^
[build] C:\Users\pperv\code\unnamed_rpg\vendor\json\include\nlohmann/json.hpp(5294,28): note: in instantiation of function template specialization 'nlohmann::basic_json<>::parse<const char *, const char *, 0>' requested here
[build]  5294 |     return nlohmann::json::parse(s, s + n);
[build]       |                            ^
[build] In file included from C:\Users\pperv\code\unnamed_rpg\vendor\json-schema-validator\src\json-uri.cpp:9:
[build] In file included from C:\Users\pperv\code\unnamed_rpg\vendor\json-schema-validator\src\nlohmann/json-schema.hpp:24:
[build] In file included from C:\Users\pperv\code\unnamed_rpg\vendor\json\include\nlohmann/json.hpp:50:
[build] In file included from C:\Users\pperv\code\unnamed_rpg\vendor\json\include\nlohmann/detail/input/binary_reader.hpp:29:
[build] C:\Users\pperv\code\unnamed_rpg\vendor\json\include\nlohmann/detail/input/json_sax.hpp(849,20): warning: constructor call from initializer list is incompatible with C++98 [-Wc++98-compat]
[build]   849 |             return {false, nullptr};
[build]       |                    ^~~~~~~~~~~~~~~~
[build] C:\Users\pperv\code\unnamed_rpg\vendor\json\include\nlohmann/detail/input/json_sax.hpp(511,9): note: in instantiation of function template specialization 'nlohmann::detail::json_sax_dom_callback_parser<nlohmann::basic_json<>, nlohmann::detail::iterator_input_adapter<const char *>>::handle_value<bool &>' requested here
[build]   511 |         handle_value(val);
[build]       |         ^
[build] C:\Users\pperv\code\unnamed_rpg\vendor\json\include\nlohmann/detail/input/parser.hpp(287,56): note: in instantiation of member function 'nlohmann::detail::json_sax_dom_callback_parser<nlohmann::basic_json<>, nlohmann::detail::iterator_input_adapter<const char *>>::boolean' requested here
[build]   287 |                         if (JSON_HEDLEY_UNLIKELY(!sax->boolean(false)))
[build]       |                                                        ^
[build] C:\Users\pperv\code\unnamed_rpg\vendor\json\include\nlohmann/thirdparty/hedley/hedley.hpp(1360,94): note: expanded from macro 'JSON_HEDLEY_UNLIKELY'
[build]  1360 | #  define JSON_HEDLEY_UNLIKELY(expr)                    __builtin_expect                 (!!(expr),    0                  )
[build]       |                                                                                              ^
[build] C:\Users\pperv\code\unnamed_rpg\vendor\json\include\nlohmann/detail/input/parser.hpp(100,13): note: in instantiation of function template specialization 'nlohmann::detail::parser<nlohmann::basic_json<>, nlohmann::detail::iterator_input_adapter<const char *>>::sax_parse_internal<nlohmann::detail::json_sax_dom_callback_parser<nlohmann::basic_json<>, nlohmann::detail::iterator_input_adapter<const char *>>>' requested here
[build]   100 |             sax_parse_internal(&sdp);
[build]       |             ^
[build] C:\Users\pperv\code\unnamed_rpg\vendor\json\include\nlohmann/json.hpp(4112,148): note: in instantiation of member function 'nlohmann::detail::parser<nlohmann::basic_json<>, nlohmann::detail::iterator_input_adapter<const char *>>::parse' requested here
[build]  4112 |         parser(detail::input_adapter(std::move(first), std::move(last)), std::move(cb), allow_exceptions, ignore_comments, ignore_trailing_commas).parse(true, result); // cppcheck-suppress[accessMoved]
[build]       |                                                                                                                                                    ^
[build] C:\Users\pperv\code\unnamed_rpg\vendor\json\include\nlohmann/json.hpp(5294,28): note: in instantiation of function template specialization 'nlohmann::basic_json<>::parse<const char *, const char *, 0>' requested here
[build]  5294 |     return nlohmann::json::parse(s, s + n);
[build]       |                            ^
[build] In file included from C:\Users\pperv\code\unnamed_rpg\vendor\json-schema-validator\src\json-uri.cpp:9:
[build] In file included from C:\Users\pperv\code\unnamed_rpg\vendor\json-schema-validator\src\nlohmann/json-schema.hpp:24:
[build] In file included from C:\Users\pperv\code\unnamed_rpg\vendor\json\include\nlohmann/json.hpp:50:
[build] In file included from C:\Users\pperv\code\unnamed_rpg\vendor\json\include\nlohmann/detail/input/binary_reader.hpp:29:
[build] C:\Users\pperv\code\unnamed_rpg\vendor\json\include\nlohmann/detail/input/json_sax.hpp(860,89): warning: enumeration type in nested name specifier is incompatible with C++98 [-Wc++98-compat]
[build]   860 |         const bool keep = skip_callback || callback(static_cast<int>(ref_stack.size()), parse_event_t::value, value);
[build]       |                                                                                         ^
[build] C:\Users\pperv\code\unnamed_rpg\vendor\json\include\nlohmann/detail/input/json_sax.hpp(877,20): warning: constructor call from initializer list is incompatible with C++98 [-Wc++98-compat]
[build]   877 |             return {false, nullptr};
[build]       |                    ^~~~~~~~~~~~~~~~
[build] C:\Users\pperv\code\unnamed_rpg\vendor\json\include\nlohmann/detail/input/json_sax.hpp(883,20): warning: constructor call from initializer list is incompatible with C++98 [-Wc++98-compat]
[build]   883 |             return {true, & root};
[build]       |                    ^~~~~~~~~~~~~~
[build] C:\Users\pperv\code\unnamed_rpg\vendor\json\include\nlohmann/detail/input/json_sax.hpp(890,20): warning: constructor call from initializer list is incompatible with C++98 [-Wc++98-compat]
[build]   890 |             return {false, nullptr};
[build]       |                    ^~~~~~~~~~~~~~~~
[build] C:\Users\pperv\code\unnamed_rpg\vendor\json\include\nlohmann/detail/input/json_sax.hpp(900,20): warning: constructor call from initializer list is incompatible with C++98 [-Wc++98-compat]
[build]   900 |             return {true, & (ref_stack.back()->m_data.m_value.array->back())};
[build]       |                    ^~~~~~~~~~~~~~~~~~~~~~~~~~~~~~~~~~~~~~~~~~~~~~~~~~~~~~~~~~
[build] C:\Users\pperv\code\unnamed_rpg\vendor\json\include\nlohmann/detail/input/json_sax.hpp(912,20): warning: constructor call from initializer list is incompatible with C++98 [-Wc++98-compat]
[build]   912 |             return {false, nullptr};
[build]       |                    ^~~~~~~~~~~~~~~~
[build] C:\Users\pperv\code\unnamed_rpg\vendor\json\include\nlohmann/detail/input/json_sax.hpp(917,16): warning: constructor call from initializer list is incompatible with C++98 [-Wc++98-compat]
[build]   917 |         return {true, object_element};
[build]       |                ^~~~~~~~~~~~~~~~~~~~~~
[build] In file included from C:\Users\pperv\code\unnamed_rpg\vendor\json-schema-validator\src\json-uri.cpp:9:
[build] In file included from C:\Users\pperv\code\unnamed_rpg\vendor\json-schema-validator\src\nlohmann/json-schema.hpp:24:
[build] In file included from C:\Users\pperv\code\unnamed_rpg\vendor\json\include\nlohmann/json.hpp:44:
[build] In file included from C:\Users\pperv\code\unnamed_rpg\vendor\json\include\nlohmann/adl_serializer.hpp:15:
[build] C:\Users\pperv\code\unnamed_rpg\vendor\json\include\nlohmann/detail/conversions/to_json.hpp(307,26): warning: enumeration type in nested name specifier is incompatible with C++98 [-Wc++98-compat]
[build]   307 |     external_constructor<value_t::boolean>::construct(j, b);
[build]       |                          ^
[build] C:\Users\pperv\code\unnamed_rpg\vendor\json\include\nlohmann/adl_serializer.hpp(51,9): note: in instantiation of function template specialization 'nlohmann::detail::to_json_fn::operator()<nlohmann::basic_json<>, bool &>' requested here
[build]    51 |         ::nlohmann::to_json(j, std::forward<TargetType>(val));
[build]       |         ^
[build] C:\Users\pperv\code\unnamed_rpg\vendor\json\include\nlohmann/json.hpp(872,28): note: in instantiation of function template specialization 'nlohmann::adl_serializer<bool>::to_json<nlohmann::basic_json<>, bool &>' requested here
[build]   872 |         JSONSerializer<U>::to_json(*this, std::forward<CompatibleType>(val));
[build]       |                            ^
[build] C:\Users\pperv\code\unnamed_rpg\vendor\json\include\nlohmann/detail/input/json_sax.hpp(853,22): note: in instantiation of function template specialization 'nlohmann::basic_json<>::basic_json<bool &, bool, 0>' requested here
[build]   853 |         auto value = BasicJsonType(std::forward<Value>(v));
[build]       |                      ^
[build] C:\Users\pperv\code\unnamed_rpg\vendor\json\include\nlohmann/detail/input/json_sax.hpp(511,9): note: in instantiation of function template specialization 'nlohmann::detail::json_sax_dom_callback_parser<nlohmann::basic_json<>, nlohmann::detail::iterator_input_adapter<const char *>>::handle_value<bool &>' requested here
[build]   511 |         handle_value(val);
[build]       |         ^
[build] C:\Users\pperv\code\unnamed_rpg\vendor\json\include\nlohmann/detail/input/parser.hpp(287,56): note: in instantiation of member function 'nlohmann::detail::json_sax_dom_callback_parser<nlohmann::basic_json<>, nlohmann::detail::iterator_input_adapter<const char *>>::boolean' requested here
[build]   287 |                         if (JSON_HEDLEY_UNLIKELY(!sax->boolean(false)))
[build]       |                                                        ^
[build] C:\Users\pperv\code\unnamed_rpg\vendor\json\include\nlohmann/thirdparty/hedley/hedley.hpp(1360,94): note: expanded from macro 'JSON_HEDLEY_UNLIKELY'
[build]  1360 | #  define JSON_HEDLEY_UNLIKELY(expr)                    __builtin_expect                 (!!(expr),    0                  )
[build]       |                                                                                              ^
[build] C:\Users\pperv\code\unnamed_rpg\vendor\json\include\nlohmann/detail/input/parser.hpp(100,13): note: in instantiation of function template specialization 'nlohmann::detail::parser<nlohmann::basic_json<>, nlohmann::detail::iterator_input_adapter<const char *>>::sax_parse_internal<nlohmann::detail::json_sax_dom_callback_parser<nlohmann::basic_json<>, nlohmann::detail::iterator_input_adapter<const char *>>>' requested here
[build]   100 |             sax_parse_internal(&sdp);
[build]       |             ^
[build] C:\Users\pperv\code\unnamed_rpg\vendor\json\include\nlohmann/json.hpp(4112,148): note: in instantiation of member function 'nlohmann::detail::parser<nlohmann::basic_json<>, nlohmann::detail::iterator_input_adapter<const char *>>::parse' requested here
[build]  4112 |         parser(detail::input_adapter(std::move(first), std::move(last)), std::move(cb), allow_exceptions, ignore_comments, ignore_trailing_commas).parse(true, result); // cppcheck-suppress[accessMoved]
[build]       |                                                                                                                                                    ^
[build] C:\Users\pperv\code\unnamed_rpg\vendor\json\include\nlohmann/json.hpp(5294,28): note: in instantiation of function template specialization 'nlohmann::basic_json<>::parse<const char *, const char *, 0>' requested here
[build]  5294 |     return nlohmann::json::parse(s, s + n);
[build]       |                            ^
[build] In file included from C:\Users\pperv\code\unnamed_rpg\vendor\json-schema-validator\src\json-uri.cpp:9:
[build] In file included from C:\Users\pperv\code\unnamed_rpg\vendor\json-schema-validator\src\nlohmann/json-schema.hpp:24:
[build] In file included from C:\Users\pperv\code\unnamed_rpg\vendor\json\include\nlohmann/json.hpp:44:
[build] In file included from C:\Users\pperv\code\unnamed_rpg\vendor\json\include\nlohmann/adl_serializer.hpp:15:
[build] C:\Users\pperv\code\unnamed_rpg\vendor\json\include\nlohmann/detail/conversions/to_json.hpp(56,27): warning: enumeration type in nested name specifier is incompatible with C++98 [-Wc++98-compat]
[build]    56 |         j.m_data.m_type = value_t::boolean;
[build]       |                           ^
[build] C:\Users\pperv\code\unnamed_rpg\vendor\json\include\nlohmann/detail/conversions/to_json.hpp(516,16): note: in instantiation of function template specialization 'nlohmann::detail::to_json<nlohmann::basic_json<>, bool, 0>' requested here
[build]   516 |         return to_json(j, std::forward<T>(val));
[build]       |                ^
[build] C:\Users\pperv\code\unnamed_rpg\vendor\json\include\nlohmann/adl_serializer.hpp(51,9): note: in instantiation of function template specialization 'nlohmann::detail::to_json_fn::operator()<nlohmann::basic_json<>, bool &>' requested here
[build]    51 |         ::nlohmann::to_json(j, std::forward<TargetType>(val));
[build]       |         ^
[build] C:\Users\pperv\code\unnamed_rpg\vendor\json\include\nlohmann/json.hpp(872,28): note: in instantiation of function template specialization 'nlohmann::adl_serializer<bool>::to_json<nlohmann::basic_json<>, bool &>' requested here
[build]   872 |         JSONSerializer<U>::to_json(*this, std::forward<CompatibleType>(val));
[build]       |                            ^
[build] C:\Users\pperv\code\unnamed_rpg\vendor\json\include\nlohmann/detail/input/json_sax.hpp(853,22): note: in instantiation of function template specialization 'nlohmann::basic_json<>::basic_json<bool &, bool, 0>' requested here
[build]   853 |         auto value = BasicJsonType(std::forward<Value>(v));
[build]       |                      ^
[build] C:\Users\pperv\code\unnamed_rpg\vendor\json\include\nlohmann/detail/input/json_sax.hpp(511,9): note: in instantiation of function template specialization 'nlohmann::detail::json_sax_dom_callback_parser<nlohmann::basic_json<>, nlohmann::detail::iterator_input_adapter<const char *>>::handle_value<bool &>' requested here
[build]   511 |         handle_value(val);
[build]       |         ^
[build] C:\Users\pperv\code\unnamed_rpg\vendor\json\include\nlohmann/detail/input/parser.hpp(287,56): note: in instantiation of member function 'nlohmann::detail::json_sax_dom_callback_parser<nlohmann::basic_json<>, nlohmann::detail::iterator_input_adapter<const char *>>::boolean' requested here
[build]   287 |                         if (JSON_HEDLEY_UNLIKELY(!sax->boolean(false)))
[build]       |                                                        ^
[build] C:\Users\pperv\code\unnamed_rpg\vendor\json\include\nlohmann/thirdparty/hedley/hedley.hpp(1360,94): note: expanded from macro 'JSON_HEDLEY_UNLIKELY'
[build]  1360 | #  define JSON_HEDLEY_UNLIKELY(expr)                    __builtin_expect                 (!!(expr),    0                  )
[build]       |                                                                                              ^
[build] C:\Users\pperv\code\unnamed_rpg\vendor\json\include\nlohmann/detail/input/parser.hpp(100,13): note: in instantiation of function template specialization 'nlohmann::detail::parser<nlohmann::basic_json<>, nlohmann::detail::iterator_input_adapter<const char *>>::sax_parse_internal<nlohmann::detail::json_sax_dom_callback_parser<nlohmann::basic_json<>, nlohmann::detail::iterator_input_adapter<const char *>>>' requested here
[build]   100 |             sax_parse_internal(&sdp);
[build]       |             ^
[build] C:\Users\pperv\code\unnamed_rpg\vendor\json\include\nlohmann/json.hpp(4112,148): note: in instantiation of member function 'nlohmann::detail::parser<nlohmann::basic_json<>, nlohmann::detail::iterator_input_adapter<const char *>>::parse' requested here
[build]  4112 |         parser(detail::input_adapter(std::move(first), std::move(last)), std::move(cb), allow_exceptions, ignore_comments, ignore_trailing_commas).parse(true, result); // cppcheck-suppress[accessMoved]
[build]       |                                                                                                                                                    ^
[build] C:\Users\pperv\code\unnamed_rpg\vendor\json\include\nlohmann/json.hpp(5294,28): note: in instantiation of function template specialization 'nlohmann::basic_json<>::parse<const char *, const char *, 0>' requested here
[build]  5294 |     return nlohmann::json::parse(s, s + n);
[build]       |                            ^
[build] In file included from C:\Users\pperv\code\unnamed_rpg\vendor\json-schema-validator\src\json-uri.cpp:9:
[build] In file included from C:\Users\pperv\code\unnamed_rpg\vendor\json-schema-validator\src\nlohmann/json-schema.hpp:24:
[build] In file included from C:\Users\pperv\code\unnamed_rpg\vendor\json\include\nlohmann/json.hpp:44:
[build] In file included from C:\Users\pperv\code\unnamed_rpg\vendor\json\include\nlohmann/adl_serializer.hpp:15:
[build] C:\Users\pperv\code\unnamed_rpg\vendor\json\include\nlohmann/detail/conversions/to_json.hpp(56,27): warning: enumeration type in nested name specifier is incompatible with C++98 [-Wc++98-compat]
[build]    56 |         j.m_data.m_type = value_t::boolean;
[build]       |                           ^
[build] C:\Users\pperv\code\unnamed_rpg\vendor\json\include\nlohmann/detail/conversions/to_json.hpp(307,45): note: in instantiation of function template specialization 'nlohmann::detail::external_constructor<nlohmann::detail::value_t::boolean>::construct<nlohmann::basic_json<>>' requested here
[build]   307 |     external_constructor<value_t::boolean>::construct(j, b);
[build]       |                                             ^
[build] C:\Users\pperv\code\unnamed_rpg\vendor\json\include\nlohmann/detail/conversions/to_json.hpp(516,16): note: in instantiation of function template specialization 'nlohmann::detail::to_json<nlohmann::basic_json<>, bool, 0>' requested here
[build]   516 |         return to_json(j, std::forward<T>(val));
[build]       |                ^
[build] C:\Users\pperv\code\unnamed_rpg\vendor\json\include\nlohmann/adl_serializer.hpp(51,9): note: in instantiation of function template specialization 'nlohmann::detail::to_json_fn::operator()<nlohmann::basic_json<>, bool &>' requested here
[build]    51 |         ::nlohmann::to_json(j, std::forward<TargetType>(val));
[build]       |         ^
[build] C:\Users\pperv\code\unnamed_rpg\vendor\json\include\nlohmann/json.hpp(872,28): note: in instantiation of function template specialization 'nlohmann::adl_serializer<bool>::to_json<nlohmann::basic_json<>, bool &>' requested here
[build]   872 |         JSONSerializer<U>::to_json(*this, std::forward<CompatibleType>(val));
[build]       |                            ^
[build] C:\Users\pperv\code\unnamed_rpg\vendor\json\include\nlohmann/detail/input/json_sax.hpp(853,22): note: in instantiation of function template specialization 'nlohmann::basic_json<>::basic_json<bool &, bool, 0>' requested here
[build]   853 |         auto value = BasicJsonType(std::forward<Value>(v));
[build]       |                      ^
[build] C:\Users\pperv\code\unnamed_rpg\vendor\json\include\nlohmann/detail/input/json_sax.hpp(511,9): note: in instantiation of function template specialization 'nlohmann::detail::json_sax_dom_callback_parser<nlohmann::basic_json<>, nlohmann::detail::iterator_input_adapter<const char *>>::handle_value<bool &>' requested here
[build]   511 |         handle_value(val);
[build]       |         ^
[build] C:\Users\pperv\code\unnamed_rpg\vendor\json\include\nlohmann/detail/input/parser.hpp(287,56): note: in instantiation of member function 'nlohmann::detail::json_sax_dom_callback_parser<nlohmann::basic_json<>, nlohmann::detail::iterator_input_adapter<const char *>>::boolean' requested here
[build]   287 |                         if (JSON_HEDLEY_UNLIKELY(!sax->boolean(false)))
[build]       |                                                        ^
[build] C:\Users\pperv\code\unnamed_rpg\vendor\json\include\nlohmann/thirdparty/hedley/hedley.hpp(1360,94): note: expanded from macro 'JSON_HEDLEY_UNLIKELY'
[build]  1360 | #  define JSON_HEDLEY_UNLIKELY(expr)                    __builtin_expect                 (!!(expr),    0                  )
[build]       |                                                                                              ^
[build] C:\Users\pperv\code\unnamed_rpg\vendor\json\include\nlohmann/detail/input/parser.hpp(100,13): note: in instantiation of function template specialization 'nlohmann::detail::parser<nlohmann::basic_json<>, nlohmann::detail::iterator_input_adapter<const char *>>::sax_parse_internal<nlohmann::detail::json_sax_dom_callback_parser<nlohmann::basic_json<>, nlohmann::detail::iterator_input_adapter<const char *>>>' requested here
[build]   100 |             sax_parse_internal(&sdp);
[build]       |             ^
[build] C:\Users\pperv\code\unnamed_rpg\vendor\json\include\nlohmann/json.hpp(4112,148): note: in instantiation of member function 'nlohmann::detail::parser<nlohmann::basic_json<>, nlohmann::detail::iterator_input_adapter<const char *>>::parse' requested here
[build]  4112 |         parser(detail::input_adapter(std::move(first), std::move(last)), std::move(cb), allow_exceptions, ignore_comments, ignore_trailing_commas).parse(true, result); // cppcheck-suppress[accessMoved]
[build]       |                                                                                                                                                    ^
[build] C:\Users\pperv\code\unnamed_rpg\vendor\json\include\nlohmann/json.hpp(5294,28): note: in instantiation of function template specialization 'nlohmann::basic_json<>::parse<const char *, const char *, 0>' requested here
[build]  5294 |     return nlohmann::json::parse(s, s + n);
[build]       |                            ^
[build] In file included from C:\Users\pperv\code\unnamed_rpg\vendor\json-schema-validator\src\json-uri.cpp:9:
[build] In file included from C:\Users\pperv\code\unnamed_rpg\vendor\json-schema-validator\src\nlohmann/json-schema.hpp:24:
[build] In file included from C:\Users\pperv\code\unnamed_rpg\vendor\json\include\nlohmann/json.hpp:50:
[build] In file included from C:\Users\pperv\code\unnamed_rpg\vendor\json\include\nlohmann/detail/input/binary_reader.hpp:29:
[build] C:\Users\pperv\code\unnamed_rpg\vendor\json\include\nlohmann/detail/input/json_sax.hpp(505,22): warning: 'nullptr' is incompatible with C++98 [-Wc++98-compat]
[build]   505 |         handle_value(nullptr);
[build]       |                      ^
[build] C:\Users\pperv\code\unnamed_rpg\vendor\json\include\nlohmann/detail/input/json_sax.hpp(849,20): warning: constructor call from initializer list is incompatible with C++98 [-Wc++98-compat]
[build]   849 |             return {false, nullptr};
[build]       |                    ^~~~~~~~~~~~~~~~
[build] C:\Users\pperv\code\unnamed_rpg\vendor\json\include\nlohmann/detail/input/json_sax.hpp(505,9): note: in instantiation of function template specialization 'nlohmann::detail::json_sax_dom_callback_parser<nlohmann::basic_json<>, nlohmann::detail::iterator_input_adapter<const char *>>::handle_value<std::nullptr_t>' requested here
[build]   505 |         handle_value(nullptr);
[build]       |         ^
[build] C:\Users\pperv\code\unnamed_rpg\vendor\json\include\nlohmann/detail/input/parser.hpp(296,56): note: in instantiation of member function 'nlohmann::detail::json_sax_dom_callback_parser<nlohmann::basic_json<>, nlohmann::detail::iterator_input_adapter<const char *>>::null' requested here
[build]   296 |                         if (JSON_HEDLEY_UNLIKELY(!sax->null()))
[build]       |                                                        ^
[build] C:\Users\pperv\code\unnamed_rpg\vendor\json\include\nlohmann/thirdparty/hedley/hedley.hpp(1360,94): note: expanded from macro 'JSON_HEDLEY_UNLIKELY'
[build]  1360 | #  define JSON_HEDLEY_UNLIKELY(expr)                    __builtin_expect                 (!!(expr),    0                  )
[build]       |                                                                                              ^
[build] C:\Users\pperv\code\unnamed_rpg\vendor\json\include\nlohmann/detail/input/parser.hpp(100,13): note: in instantiation of function template specialization 'nlohmann::detail::parser<nlohmann::basic_json<>, nlohmann::detail::iterator_input_adapter<const char *>>::sax_parse_internal<nlohmann::detail::json_sax_dom_callback_parser<nlohmann::basic_json<>, nlohmann::detail::iterator_input_adapter<const char *>>>' requested here
[build]   100 |             sax_parse_internal(&sdp);
[build]       |             ^
[build] C:\Users\pperv\code\unnamed_rpg\vendor\json\include\nlohmann/json.hpp(4112,148): note: in instantiation of member function 'nlohmann::detail::parser<nlohmann::basic_json<>, nlohmann::detail::iterator_input_adapter<const char *>>::parse' requested here
[build]  4112 |         parser(detail::input_adapter(std::move(first), std::move(last)), std::move(cb), allow_exceptions, ignore_comments, ignore_trailing_commas).parse(true, result); // cppcheck-suppress[accessMoved]
[build]       |                                                                                                                                                    ^
[build] C:\Users\pperv\code\unnamed_rpg\vendor\json\include\nlohmann/json.hpp(5294,28): note: in instantiation of function template specialization 'nlohmann::basic_json<>::parse<const char *, const char *, 0>' requested here
[build]  5294 |     return nlohmann::json::parse(s, s + n);
[build]       |                            ^
[build] In file included from C:\Users\pperv\code\unnamed_rpg\vendor\json-schema-validator\src\json-uri.cpp:9:
[build] In file included from C:\Users\pperv\code\unnamed_rpg\vendor\json-schema-validator\src\nlohmann/json-schema.hpp:24:
[build] In file included from C:\Users\pperv\code\unnamed_rpg\vendor\json\include\nlohmann/json.hpp:50:
[build] In file included from C:\Users\pperv\code\unnamed_rpg\vendor\json\include\nlohmann/detail/input/binary_reader.hpp:29:
[build] C:\Users\pperv\code\unnamed_rpg\vendor\json\include\nlohmann/detail/input/json_sax.hpp(860,89): warning: enumeration type in nested name specifier is incompatible with C++98 [-Wc++98-compat]
[build]   860 |         const bool keep = skip_callback || callback(static_cast<int>(ref_stack.size()), parse_event_t::value, value);
[build]       |                                                                                         ^
[build] C:\Users\pperv\code\unnamed_rpg\vendor\json\include\nlohmann/detail/input/json_sax.hpp(877,20): warning: constructor call from initializer list is incompatible with C++98 [-Wc++98-compat]
[build]   877 |             return {false, nullptr};
[build]       |                    ^~~~~~~~~~~~~~~~
[build] C:\Users\pperv\code\unnamed_rpg\vendor\json\include\nlohmann/detail/input/json_sax.hpp(883,20): warning: constructor call from initializer list is incompatible with C++98 [-Wc++98-compat]
[build]   883 |             return {true, & root};
[build]       |                    ^~~~~~~~~~~~~~
[build] C:\Users\pperv\code\unnamed_rpg\vendor\json\include\nlohmann/detail/input/json_sax.hpp(890,20): warning: constructor call from initializer list is incompatible with C++98 [-Wc++98-compat]
[build]   890 |             return {false, nullptr};
[build]       |                    ^~~~~~~~~~~~~~~~
[build] C:\Users\pperv\code\unnamed_rpg\vendor\json\include\nlohmann/detail/input/json_sax.hpp(900,20): warning: constructor call from initializer list is incompatible with C++98 [-Wc++98-compat]
[build]   900 |             return {true, & (ref_stack.back()->m_data.m_value.array->back())};
[build]       |                    ^~~~~~~~~~~~~~~~~~~~~~~~~~~~~~~~~~~~~~~~~~~~~~~~~~~~~~~~~~
[build] C:\Users\pperv\code\unnamed_rpg\vendor\json\include\nlohmann/detail/input/json_sax.hpp(912,20): warning: constructor call from initializer list is incompatible with C++98 [-Wc++98-compat]
[build]   912 |             return {false, nullptr};
[build]       |                    ^~~~~~~~~~~~~~~~
[build] C:\Users\pperv\code\unnamed_rpg\vendor\json\include\nlohmann/detail/input/json_sax.hpp(917,16): warning: constructor call from initializer list is incompatible with C++98 [-Wc++98-compat]
[build]   917 |         return {true, object_element};
[build]       |                ^~~~~~~~~~~~~~~~~~~~~~
[build] C:\Users\pperv\code\unnamed_rpg\vendor\json\include\nlohmann/detail/input/json_sax.hpp(849,20): warning: constructor call from initializer list is incompatible with C++98 [-Wc++98-compat]
[build]   849 |             return {false, nullptr};
[build]       |                    ^~~~~~~~~~~~~~~~
[build] C:\Users\pperv\code\unnamed_rpg\vendor\json\include\nlohmann/detail/input/json_sax.hpp(517,9): note: in instantiation of function template specialization 'nlohmann::detail::json_sax_dom_callback_parser<nlohmann::basic_json<>, nlohmann::detail::iterator_input_adapter<const char *>>::handle_value<long long &>' requested here
[build]   517 |         handle_value(val);
[build]       |         ^
[build] C:\Users\pperv\code\unnamed_rpg\vendor\json\include\nlohmann/detail/input/parser.hpp(314,56): note: in instantiation of member function 'nlohmann::detail::json_sax_dom_callback_parser<nlohmann::basic_json<>, nlohmann::detail::iterator_input_adapter<const char *>>::number_integer' requested here
[build]   314 |                         if (JSON_HEDLEY_UNLIKELY(!sax->number_integer(m_lexer.get_number_integer())))
[build]       |                                                        ^
[build] C:\Users\pperv\code\unnamed_rpg\vendor\json\include\nlohmann/thirdparty/hedley/hedley.hpp(1360,94): note: expanded from macro 'JSON_HEDLEY_UNLIKELY'
[build]  1360 | #  define JSON_HEDLEY_UNLIKELY(expr)                    __builtin_expect                 (!!(expr),    0                  )
[build]       |                                                                                              ^
[build] C:\Users\pperv\code\unnamed_rpg\vendor\json\include\nlohmann/detail/input/parser.hpp(100,13): note: in instantiation of function template specialization 'nlohmann::detail::parser<nlohmann::basic_json<>, nlohmann::detail::iterator_input_adapter<const char *>>::sax_parse_internal<nlohmann::detail::json_sax_dom_callback_parser<nlohmann::basic_json<>, nlohmann::detail::iterator_input_adapter<const char *>>>' requested here
[build]   100 |             sax_parse_internal(&sdp);
[build]       |             ^
[build] C:\Users\pperv\code\unnamed_rpg\vendor\json\include\nlohmann/json.hpp(4112,148): note: in instantiation of member function 'nlohmann::detail::parser<nlohmann::basic_json<>, nlohmann::detail::iterator_input_adapter<const char *>>::parse' requested here
[build]  4112 |         parser(detail::input_adapter(std::move(first), std::move(last)), std::move(cb), allow_exceptions, ignore_comments, ignore_trailing_commas).parse(true, result); // cppcheck-suppress[accessMoved]
[build]       |                                                                                                                                                    ^
[build] C:\Users\pperv\code\unnamed_rpg\vendor\json\include\nlohmann/json.hpp(5294,28): note: in instantiation of function template specialization 'nlohmann::basic_json<>::parse<const char *, const char *, 0>' requested here
[build]  5294 |     return nlohmann::json::parse(s, s + n);
[build]       |                            ^
[build] In file included from C:\Users\pperv\code\unnamed_rpg\vendor\json-schema-validator\src\json-uri.cpp:9:
[build] In file included from C:\Users\pperv\code\unnamed_rpg\vendor\json-schema-validator\src\nlohmann/json-schema.hpp:24:
[build] In file included from C:\Users\pperv\code\unnamed_rpg\vendor\json\include\nlohmann/json.hpp:50:
[build] In file included from C:\Users\pperv\code\unnamed_rpg\vendor\json\include\nlohmann/detail/input/binary_reader.hpp:29:
[build] C:\Users\pperv\code\unnamed_rpg\vendor\json\include\nlohmann/detail/input/json_sax.hpp(860,89): warning: enumeration type in nested name specifier is incompatible with C++98 [-Wc++98-compat]
[build]   860 |         const bool keep = skip_callback || callback(static_cast<int>(ref_stack.size()), parse_event_t::value, value);
[build]       |                                                                                         ^
[build] C:\Users\pperv\code\unnamed_rpg\vendor\json\include\nlohmann/detail/input/json_sax.hpp(877,20): warning: constructor call from initializer list is incompatible with C++98 [-Wc++98-compat]
[build]   877 |             return {false, nullptr};
[build]       |                    ^~~~~~~~~~~~~~~~
[build] C:\Users\pperv\code\unnamed_rpg\vendor\json\include\nlohmann/detail/input/json_sax.hpp(883,20): warning: constructor call from initializer list is incompatible with C++98 [-Wc++98-compat]
[build]   883 |             return {true, & root};
[build]       |                    ^~~~~~~~~~~~~~
[build] C:\Users\pperv\code\unnamed_rpg\vendor\json\include\nlohmann/detail/input/json_sax.hpp(890,20): warning: constructor call from initializer list is incompatible with C++98 [-Wc++98-compat]
[build]   890 |             return {false, nullptr};
[build]       |                    ^~~~~~~~~~~~~~~~
[build] C:\Users\pperv\code\unnamed_rpg\vendor\json\include\nlohmann/detail/input/json_sax.hpp(900,20): warning: constructor call from initializer list is incompatible with C++98 [-Wc++98-compat]
[build]   900 |             return {true, & (ref_stack.back()->m_data.m_value.array->back())};
[build]       |                    ^~~~~~~~~~~~~~~~~~~~~~~~~~~~~~~~~~~~~~~~~~~~~~~~~~~~~~~~~~
[build] C:\Users\pperv\code\unnamed_rpg\vendor\json\include\nlohmann/detail/input/json_sax.hpp(912,20): warning: constructor call from initializer list is incompatible with C++98 [-Wc++98-compat]
[build]   912 |             return {false, nullptr};
[build]       |                    ^~~~~~~~~~~~~~~~
[build] C:\Users\pperv\code\unnamed_rpg\vendor\json\include\nlohmann/detail/input/json_sax.hpp(917,16): warning: constructor call from initializer list is incompatible with C++98 [-Wc++98-compat]
[build]   917 |         return {true, object_element};
[build]       |                ^~~~~~~~~~~~~~~~~~~~~~
[build] In file included from C:\Users\pperv\code\unnamed_rpg\vendor\json-schema-validator\src\json-uri.cpp:9:
[build] In file included from C:\Users\pperv\code\unnamed_rpg\vendor\json-schema-validator\src\nlohmann/json-schema.hpp:24:
[build] In file included from C:\Users\pperv\code\unnamed_rpg\vendor\json\include\nlohmann/json.hpp:44:
[build] In file included from C:\Users\pperv\code\unnamed_rpg\vendor\json\include\nlohmann/adl_serializer.hpp:15:
[build] C:\Users\pperv\code\unnamed_rpg\vendor\json\include\nlohmann/detail/conversions/to_json.hpp(354,26): warning: enumeration type in nested name specifier is incompatible with C++98 [-Wc++98-compat]
[build]   354 |     external_constructor<value_t::number_integer>::construct(j, static_cast<typename BasicJsonType::number_integer_t>(val));
[build]       |                          ^
[build] C:\Users\pperv\code\unnamed_rpg\vendor\json\include\nlohmann/adl_serializer.hpp(51,9): note: in instantiation of function template specialization 'nlohmann::detail::to_json_fn::operator()<nlohmann::basic_json<>, long long &>' requested here
[build]    51 |         ::nlohmann::to_json(j, std::forward<TargetType>(val));
[build]       |         ^
[build] C:\Users\pperv\code\unnamed_rpg\vendor\json\include\nlohmann/json.hpp(872,28): note: in instantiation of function template specialization 'nlohmann::adl_serializer<long long>::to_json<nlohmann::basic_json<>, long long &>' requested here
[build]   872 |         JSONSerializer<U>::to_json(*this, std::forward<CompatibleType>(val));
[build]       |                            ^
[build] C:\Users\pperv\code\unnamed_rpg\vendor\json\include\nlohmann/detail/input/json_sax.hpp(853,22): note: in instantiation of function template specialization 'nlohmann::basic_json<>::basic_json<long long &, long long, 0>' requested here
[build]   853 |         auto value = BasicJsonType(std::forward<Value>(v));
[build]       |                      ^
[build] C:\Users\pperv\code\unnamed_rpg\vendor\json\include\nlohmann/detail/input/json_sax.hpp(517,9): note: in instantiation of function template specialization 'nlohmann::detail::json_sax_dom_callback_parser<nlohmann::basic_json<>, nlohmann::detail::iterator_input_adapter<const char *>>::handle_value<long long &>' requested here
[build]   517 |         handle_value(val);
[build]       |         ^
[build] C:\Users\pperv\code\unnamed_rpg\vendor\json\include\nlohmann/detail/input/parser.hpp(314,56): note: in instantiation of member function 'nlohmann::detail::json_sax_dom_callback_parser<nlohmann::basic_json<>, nlohmann::detail::iterator_input_adapter<const char *>>::number_integer' requested here
[build]   314 |                         if (JSON_HEDLEY_UNLIKELY(!sax->number_integer(m_lexer.get_number_integer())))
[build]       |                                                        ^
[build] C:\Users\pperv\code\unnamed_rpg\vendor\json\include\nlohmann/thirdparty/hedley/hedley.hpp(1360,94): note: expanded from macro 'JSON_HEDLEY_UNLIKELY'
[build]  1360 | #  define JSON_HEDLEY_UNLIKELY(expr)                    __builtin_expect                 (!!(expr),    0                  )
[build]       |                                                                                              ^
[build] C:\Users\pperv\code\unnamed_rpg\vendor\json\include\nlohmann/detail/input/parser.hpp(100,13): note: in instantiation of function template specialization 'nlohmann::detail::parser<nlohmann::basic_json<>, nlohmann::detail::iterator_input_adapter<const char *>>::sax_parse_internal<nlohmann::detail::json_sax_dom_callback_parser<nlohmann::basic_json<>, nlohmann::detail::iterator_input_adapter<const char *>>>' requested here
[build]   100 |             sax_parse_internal(&sdp);
[build]       |             ^
[build] C:\Users\pperv\code\unnamed_rpg\vendor\json\include\nlohmann/json.hpp(4112,148): note: in instantiation of member function 'nlohmann::detail::parser<nlohmann::basic_json<>, nlohmann::detail::iterator_input_adapter<const char *>>::parse' requested here
[build]  4112 |         parser(detail::input_adapter(std::move(first), std::move(last)), std::move(cb), allow_exceptions, ignore_comments, ignore_trailing_commas).parse(true, result); // cppcheck-suppress[accessMoved]
[build]       |                                                                                                                                                    ^
[build] C:\Users\pperv\code\unnamed_rpg\vendor\json\include\nlohmann/json.hpp(5294,28): note: in instantiation of function template specialization 'nlohmann::basic_json<>::parse<const char *, const char *, 0>' requested here
[build]  5294 |     return nlohmann::json::parse(s, s + n);
[build]       |                            ^
[build] In file included from C:\Users\pperv\code\unnamed_rpg\vendor\json-schema-validator\src\json-uri.cpp:9:
[build] In file included from C:\Users\pperv\code\unnamed_rpg\vendor\json-schema-validator\src\nlohmann/json-schema.hpp:24:
[build] In file included from C:\Users\pperv\code\unnamed_rpg\vendor\json\include\nlohmann/json.hpp:44:
[build] In file included from C:\Users\pperv\code\unnamed_rpg\vendor\json\include\nlohmann/adl_serializer.hpp:15:
[build] C:\Users\pperv\code\unnamed_rpg\vendor\json\include\nlohmann/detail/conversions/to_json.hpp(150,27): warning: enumeration type in nested name specifier is incompatible with C++98 [-Wc++98-compat]
[build]   150 |         j.m_data.m_type = value_t::number_integer;
[build]       |                           ^
[build] C:\Users\pperv\code\unnamed_rpg\vendor\json\include\nlohmann/detail/conversions/to_json.hpp(516,16): note: in instantiation of function template specialization 'nlohmann::detail::to_json<nlohmann::basic_json<>, long long, 0>' requested here
[build]   516 |         return to_json(j, std::forward<T>(val));
[build]       |                ^
[build] C:\Users\pperv\code\unnamed_rpg\vendor\json\include\nlohmann/adl_serializer.hpp(51,9): note: in instantiation of function template specialization 'nlohmann::detail::to_json_fn::operator()<nlohmann::basic_json<>, long long &>' requested here
[build]    51 |         ::nlohmann::to_json(j, std::forward<TargetType>(val));
[build]       |         ^
[build] C:\Users\pperv\code\unnamed_rpg\vendor\json\include\nlohmann/json.hpp(872,28): note: in instantiation of function template specialization 'nlohmann::adl_serializer<long long>::to_json<nlohmann::basic_json<>, long long &>' requested here
[build]   872 |         JSONSerializer<U>::to_json(*this, std::forward<CompatibleType>(val));
[build]       |                            ^
[build] C:\Users\pperv\code\unnamed_rpg\vendor\json\include\nlohmann/detail/input/json_sax.hpp(853,22): note: in instantiation of function template specialization 'nlohmann::basic_json<>::basic_json<long long &, long long, 0>' requested here
[build]   853 |         auto value = BasicJsonType(std::forward<Value>(v));
[build]       |                      ^
[build] C:\Users\pperv\code\unnamed_rpg\vendor\json\include\nlohmann/detail/input/json_sax.hpp(517,9): note: in instantiation of function template specialization 'nlohmann::detail::json_sax_dom_callback_parser<nlohmann::basic_json<>, nlohmann::detail::iterator_input_adapter<const char *>>::handle_value<long long &>' requested here
[build]   517 |         handle_value(val);
[build]       |         ^
[build] C:\Users\pperv\code\unnamed_rpg\vendor\json\include\nlohmann/detail/input/parser.hpp(314,56): note: in instantiation of member function 'nlohmann::detail::json_sax_dom_callback_parser<nlohmann::basic_json<>, nlohmann::detail::iterator_input_adapter<const char *>>::number_integer' requested here
[build]   314 |                         if (JSON_HEDLEY_UNLIKELY(!sax->number_integer(m_lexer.get_number_integer())))
[build]       |                                                        ^
[build] C:\Users\pperv\code\unnamed_rpg\vendor\json\include\nlohmann/thirdparty/hedley/hedley.hpp(1360,94): note: expanded from macro 'JSON_HEDLEY_UNLIKELY'
[build]  1360 | #  define JSON_HEDLEY_UNLIKELY(expr)                    __builtin_expect                 (!!(expr),    0                  )
[build]       |                                                                                              ^
[build] C:\Users\pperv\code\unnamed_rpg\vendor\json\include\nlohmann/detail/input/parser.hpp(100,13): note: in instantiation of function template specialization 'nlohmann::detail::parser<nlohmann::basic_json<>, nlohmann::detail::iterator_input_adapter<const char *>>::sax_parse_internal<nlohmann::detail::json_sax_dom_callback_parser<nlohmann::basic_json<>, nlohmann::detail::iterator_input_adapter<const char *>>>' requested here
[build]   100 |             sax_parse_internal(&sdp);
[build]       |             ^
[build] C:\Users\pperv\code\unnamed_rpg\vendor\json\include\nlohmann/json.hpp(4112,148): note: in instantiation of member function 'nlohmann::detail::parser<nlohmann::basic_json<>, nlohmann::detail::iterator_input_adapter<const char *>>::parse' requested here
[build]  4112 |         parser(detail::input_adapter(std::move(first), std::move(last)), std::move(cb), allow_exceptions, ignore_comments, ignore_trailing_commas).parse(true, result); // cppcheck-suppress[accessMoved]
[build]       |                                                                                                                                                    ^
[build] C:\Users\pperv\code\unnamed_rpg\vendor\json\include\nlohmann/json.hpp(5294,28): note: in instantiation of function template specialization 'nlohmann::basic_json<>::parse<const char *, const char *, 0>' requested here
[build]  5294 |     return nlohmann::json::parse(s, s + n);
[build]       |                            ^
[build] In file included from C:\Users\pperv\code\unnamed_rpg\vendor\json-schema-validator\src\json-uri.cpp:9:
[build] In file included from C:\Users\pperv\code\unnamed_rpg\vendor\json-schema-validator\src\nlohmann/json-schema.hpp:24:
[build] In file included from C:\Users\pperv\code\unnamed_rpg\vendor\json\include\nlohmann/json.hpp:44:
[build] In file included from C:\Users\pperv\code\unnamed_rpg\vendor\json\include\nlohmann/adl_serializer.hpp:15:
[build] C:\Users\pperv\code\unnamed_rpg\vendor\json\include\nlohmann/detail/conversions/to_json.hpp(150,27): warning: enumeration type in nested name specifier is incompatible with C++98 [-Wc++98-compat]
[build]   150 |         j.m_data.m_type = value_t::number_integer;
[build]       |                           ^
[build] C:\Users\pperv\code\unnamed_rpg\vendor\json\include\nlohmann/detail/conversions/to_json.hpp(354,52): note: in instantiation of function template specialization 'nlohmann::detail::external_constructor<nlohmann::detail::value_t::number_integer>::construct<nlohmann::basic_json<>>' requested here
[build]   354 |     external_constructor<value_t::number_integer>::construct(j, static_cast<typename BasicJsonType::number_integer_t>(val));
[build]       |                                                    ^
[build] C:\Users\pperv\code\unnamed_rpg\vendor\json\include\nlohmann/detail/conversions/to_json.hpp(516,16): note: in instantiation of function template specialization 'nlohmann::detail::to_json<nlohmann::basic_json<>, long long, 0>' requested here
[build]   516 |         return to_json(j, std::forward<T>(val));
[build]       |                ^
[build] C:\Users\pperv\code\unnamed_rpg\vendor\json\include\nlohmann/adl_serializer.hpp(51,9): note: in instantiation of function template specialization 'nlohmann::detail::to_json_fn::operator()<nlohmann::basic_json<>, long long &>' requested here
[build]    51 |         ::nlohmann::to_json(j, std::forward<TargetType>(val));
[build]       |         ^
[build] C:\Users\pperv\code\unnamed_rpg\vendor\json\include\nlohmann/json.hpp(872,28): note: in instantiation of function template specialization 'nlohmann::adl_serializer<long long>::to_json<nlohmann::basic_json<>, long long &>' requested here
[build]   872 |         JSONSerializer<U>::to_json(*this, std::forward<CompatibleType>(val));
[build]       |                            ^
[build] C:\Users\pperv\code\unnamed_rpg\vendor\json\include\nlohmann/detail/input/json_sax.hpp(853,22): note: in instantiation of function template specialization 'nlohmann::basic_json<>::basic_json<long long &, long long, 0>' requested here
[build]   853 |         auto value = BasicJsonType(std::forward<Value>(v));
[build]       |                      ^
[build] C:\Users\pperv\code\unnamed_rpg\vendor\json\include\nlohmann/detail/input/json_sax.hpp(517,9): note: in instantiation of function template specialization 'nlohmann::detail::json_sax_dom_callback_parser<nlohmann::basic_json<>, nlohmann::detail::iterator_input_adapter<const char *>>::handle_value<long long &>' requested here
[build]   517 |         handle_value(val);
[build]       |         ^
[build] C:\Users\pperv\code\unnamed_rpg\vendor\json\include\nlohmann/detail/input/parser.hpp(314,56): note: in instantiation of member function 'nlohmann::detail::json_sax_dom_callback_parser<nlohmann::basic_json<>, nlohmann::detail::iterator_input_adapter<const char *>>::number_integer' requested here
[build]   314 |                         if (JSON_HEDLEY_UNLIKELY(!sax->number_integer(m_lexer.get_number_integer())))
[build]       |                                                        ^
[build] C:\Users\pperv\code\unnamed_rpg\vendor\json\include\nlohmann/thirdparty/hedley/hedley.hpp(1360,94): note: expanded from macro 'JSON_HEDLEY_UNLIKELY'
[build]  1360 | #  define JSON_HEDLEY_UNLIKELY(expr)                    __builtin_expect                 (!!(expr),    0                  )
[build]       |                                                                                              ^
[build] C:\Users\pperv\code\unnamed_rpg\vendor\json\include\nlohmann/detail/input/parser.hpp(100,13): note: in instantiation of function template specialization 'nlohmann::detail::parser<nlohmann::basic_json<>, nlohmann::detail::iterator_input_adapter<const char *>>::sax_parse_internal<nlohmann::detail::json_sax_dom_callback_parser<nlohmann::basic_json<>, nlohmann::detail::iterator_input_adapter<const char *>>>' requested here
[build]   100 |             sax_parse_internal(&sdp);
[build]       |             ^
[build] C:\Users\pperv\code\unnamed_rpg\vendor\json\include\nlohmann/json.hpp(4112,148): note: in instantiation of member function 'nlohmann::detail::parser<nlohmann::basic_json<>, nlohmann::detail::iterator_input_adapter<const char *>>::parse' requested here
[build]  4112 |         parser(detail::input_adapter(std::move(first), std::move(last)), std::move(cb), allow_exceptions, ignore_comments, ignore_trailing_commas).parse(true, result); // cppcheck-suppress[accessMoved]
[build]       |                                                                                                                                                    ^
[build] C:\Users\pperv\code\unnamed_rpg\vendor\json\include\nlohmann/json.hpp(5294,28): note: in instantiation of function template specialization 'nlohmann::basic_json<>::parse<const char *, const char *, 0>' requested here
[build]  5294 |     return nlohmann::json::parse(s, s + n);
[build]       |                            ^
[build] In file included from C:\Users\pperv\code\unnamed_rpg\vendor\json-schema-validator\src\json-uri.cpp:9:
[build] In file included from C:\Users\pperv\code\unnamed_rpg\vendor\json-schema-validator\src\nlohmann/json-schema.hpp:24:
[build] In file included from C:\Users\pperv\code\unnamed_rpg\vendor\json\include\nlohmann/json.hpp:50:
[build] In file included from C:\Users\pperv\code\unnamed_rpg\vendor\json\include\nlohmann/detail/input/binary_reader.hpp:29:
[build] C:\Users\pperv\code\unnamed_rpg\vendor\json\include\nlohmann/detail/input/json_sax.hpp(849,20): warning: constructor call from initializer list is incompatible with C++98 [-Wc++98-compat]
[build]   849 |             return {false, nullptr};
[build]       |                    ^~~~~~~~~~~~~~~~
[build] C:\Users\pperv\code\unnamed_rpg\vendor\json\include\nlohmann/detail/input/json_sax.hpp(535,9): note: in instantiation of function template specialization 'nlohmann::detail::json_sax_dom_callback_parser<nlohmann::basic_json<>, nlohmann::detail::iterator_input_adapter<const char *>>::handle_value<std::basic_string<char> &>' requested here
[build]   535 |         handle_value(val);
[build]       |         ^
[build] C:\Users\pperv\code\unnamed_rpg\vendor\json\include\nlohmann/detail/input/parser.hpp(323,56): note: in instantiation of member function 'nlohmann::detail::json_sax_dom_callback_parser<nlohmann::basic_json<>, nlohmann::detail::iterator_input_adapter<const char *>>::string' requested here
[build]   323 |                         if (JSON_HEDLEY_UNLIKELY(!sax->string(m_lexer.get_string())))
[build]       |                                                        ^
[build] C:\Users\pperv\code\unnamed_rpg\vendor\json\include\nlohmann/thirdparty/hedley/hedley.hpp(1360,94): note: expanded from macro 'JSON_HEDLEY_UNLIKELY'
[build]  1360 | #  define JSON_HEDLEY_UNLIKELY(expr)                    __builtin_expect                 (!!(expr),    0                  )
[build]       |                                                                                              ^
[build] C:\Users\pperv\code\unnamed_rpg\vendor\json\include\nlohmann/detail/input/parser.hpp(100,13): note: in instantiation of function template specialization 'nlohmann::detail::parser<nlohmann::basic_json<>, nlohmann::detail::iterator_input_adapter<const char *>>::sax_parse_internal<nlohmann::detail::json_sax_dom_callback_parser<nlohmann::basic_json<>, nlohmann::detail::iterator_input_adapter<const char *>>>' requested here
[build]   100 |             sax_parse_internal(&sdp);
[build]       |             ^
[build] C:\Users\pperv\code\unnamed_rpg\vendor\json\include\nlohmann/json.hpp(4112,148): note: in instantiation of member function 'nlohmann::detail::parser<nlohmann::basic_json<>, nlohmann::detail::iterator_input_adapter<const char *>>::parse' requested here
[build]  4112 |         parser(detail::input_adapter(std::move(first), std::move(last)), std::move(cb), allow_exceptions, ignore_comments, ignore_trailing_commas).parse(true, result); // cppcheck-suppress[accessMoved]
[build]       |                                                                                                                                                    ^
[build] C:\Users\pperv\code\unnamed_rpg\vendor\json\include\nlohmann/json.hpp(5294,28): note: in instantiation of function template specialization 'nlohmann::basic_json<>::parse<const char *, const char *, 0>' requested here
[build]  5294 |     return nlohmann::json::parse(s, s + n);
[build]       |                            ^
[build] In file included from C:\Users\pperv\code\unnamed_rpg\vendor\json-schema-validator\src\json-uri.cpp:9:
[build] In file included from C:\Users\pperv\code\unnamed_rpg\vendor\json-schema-validator\src\nlohmann/json-schema.hpp:24:
[build] In file included from C:\Users\pperv\code\unnamed_rpg\vendor\json\include\nlohmann/json.hpp:50:
[build] In file included from C:\Users\pperv\code\unnamed_rpg\vendor\json\include\nlohmann/detail/input/binary_reader.hpp:29:
[build] C:\Users\pperv\code\unnamed_rpg\vendor\json\include\nlohmann/detail/input/json_sax.hpp(860,89): warning: enumeration type in nested name specifier is incompatible with C++98 [-Wc++98-compat]
[build]   860 |         const bool keep = skip_callback || callback(static_cast<int>(ref_stack.size()), parse_event_t::value, value);
[build]       |                                                                                         ^
[build] C:\Users\pperv\code\unnamed_rpg\vendor\json\include\nlohmann/detail/input/json_sax.hpp(877,20): warning: constructor call from initializer list is incompatible with C++98 [-Wc++98-compat]
[build]   877 |             return {false, nullptr};
[build]       |                    ^~~~~~~~~~~~~~~~
[build] C:\Users\pperv\code\unnamed_rpg\vendor\json\include\nlohmann/detail/input/json_sax.hpp(883,20): warning: constructor call from initializer list is incompatible with C++98 [-Wc++98-compat]
[build]   883 |             return {true, & root};
[build]       |                    ^~~~~~~~~~~~~~
[build] C:\Users\pperv\code\unnamed_rpg\vendor\json\include\nlohmann/detail/input/json_sax.hpp(890,20): warning: constructor call from initializer list is incompatible with C++98 [-Wc++98-compat]
[build]   890 |             return {false, nullptr};
[build]       |                    ^~~~~~~~~~~~~~~~
[build] C:\Users\pperv\code\unnamed_rpg\vendor\json\include\nlohmann/detail/input/json_sax.hpp(900,20): warning: constructor call from initializer list is incompatible with C++98 [-Wc++98-compat]
[build]   900 |             return {true, & (ref_stack.back()->m_data.m_value.array->back())};
[build]       |                    ^~~~~~~~~~~~~~~~~~~~~~~~~~~~~~~~~~~~~~~~~~~~~~~~~~~~~~~~~~
[build] C:\Users\pperv\code\unnamed_rpg\vendor\json\include\nlohmann/detail/input/json_sax.hpp(912,20): warning: constructor call from initializer list is incompatible with C++98 [-Wc++98-compat]
[build]   912 |             return {false, nullptr};
[build]       |                    ^~~~~~~~~~~~~~~~
[build] C:\Users\pperv\code\unnamed_rpg\vendor\json\include\nlohmann/detail/input/json_sax.hpp(917,16): warning: constructor call from initializer list is incompatible with C++98 [-Wc++98-compat]
[build]   917 |         return {true, object_element};
[build]       |                ^~~~~~~~~~~~~~~~~~~~~~
[build] C:\Users\pperv\code\unnamed_rpg\vendor\json\include\nlohmann/detail/input/json_sax.hpp(849,20): warning: constructor call from initializer list is incompatible with C++98 [-Wc++98-compat]
[build]   849 |             return {false, nullptr};
[build]       |                    ^~~~~~~~~~~~~~~~
[build] C:\Users\pperv\code\unnamed_rpg\vendor\json\include\nlohmann/detail/input/json_sax.hpp(523,9): note: in instantiation of function template specialization 'nlohmann::detail::json_sax_dom_callback_parser<nlohmann::basic_json<>, nlohmann::detail::iterator_input_adapter<const char *>>::handle_value<unsigned long long &>' requested here
[build]   523 |         handle_value(val);
[build]       |         ^
[build] C:\Users\pperv\code\unnamed_rpg\vendor\json\include\nlohmann/detail/input/parser.hpp(332,56): note: in instantiation of member function 'nlohmann::detail::json_sax_dom_callback_parser<nlohmann::basic_json<>, nlohmann::detail::iterator_input_adapter<const char *>>::number_unsigned' requested here
[build]   332 |                         if (JSON_HEDLEY_UNLIKELY(!sax->number_unsigned(m_lexer.get_number_unsigned())))
[build]       |                                                        ^
[build] C:\Users\pperv\code\unnamed_rpg\vendor\json\include\nlohmann/thirdparty/hedley/hedley.hpp(1360,94): note: expanded from macro 'JSON_HEDLEY_UNLIKELY'
[build]  1360 | #  define JSON_HEDLEY_UNLIKELY(expr)                    __builtin_expect                 (!!(expr),    0                  )
[build]       |                                                                                              ^
[build] C:\Users\pperv\code\unnamed_rpg\vendor\json\include\nlohmann/detail/input/parser.hpp(100,13): note: in instantiation of function template specialization 'nlohmann::detail::parser<nlohmann::basic_json<>, nlohmann::detail::iterator_input_adapter<const char *>>::sax_parse_internal<nlohmann::detail::json_sax_dom_callback_parser<nlohmann::basic_json<>, nlohmann::detail::iterator_input_adapter<const char *>>>' requested here
[build]   100 |             sax_parse_internal(&sdp);
[build]       |             ^
[build] C:\Users\pperv\code\unnamed_rpg\vendor\json\include\nlohmann/json.hpp(4112,148): note: in instantiation of member function 'nlohmann::detail::parser<nlohmann::basic_json<>, nlohmann::detail::iterator_input_adapter<const char *>>::parse' requested here
[build]  4112 |         parser(detail::input_adapter(std::move(first), std::move(last)), std::move(cb), allow_exceptions, ignore_comments, ignore_trailing_commas).parse(true, result); // cppcheck-suppress[accessMoved]
[build]       |                                                                                                                                                    ^
[build] C:\Users\pperv\code\unnamed_rpg\vendor\json\include\nlohmann/json.hpp(5294,28): note: in instantiation of function template specialization 'nlohmann::basic_json<>::parse<const char *, const char *, 0>' requested here
[build]  5294 |     return nlohmann::json::parse(s, s + n);
[build]       |                            ^
[build] In file included from C:\Users\pperv\code\unnamed_rpg\vendor\json-schema-validator\src\json-uri.cpp:9:
[build] In file included from C:\Users\pperv\code\unnamed_rpg\vendor\json-schema-validator\src\nlohmann/json-schema.hpp:24:
[build] In file included from C:\Users\pperv\code\unnamed_rpg\vendor\json\include\nlohmann/json.hpp:50:
[build] In file included from C:\Users\pperv\code\unnamed_rpg\vendor\json\include\nlohmann/detail/input/binary_reader.hpp:29:
[build] C:\Users\pperv\code\unnamed_rpg\vendor\json\include\nlohmann/detail/input/json_sax.hpp(860,89): warning: enumeration type in nested name specifier is incompatible with C++98 [-Wc++98-compat]
[build]   860 |         const bool keep = skip_callback || callback(static_cast<int>(ref_stack.size()), parse_event_t::value, value);
[build]       |                                                                                         ^
[build] C:\Users\pperv\code\unnamed_rpg\vendor\json\include\nlohmann/detail/input/json_sax.hpp(877,20): warning: constructor call from initializer list is incompatible with C++98 [-Wc++98-compat]
[build]   877 |             return {false, nullptr};
[build]       |                    ^~~~~~~~~~~~~~~~
[build] C:\Users\pperv\code\unnamed_rpg\vendor\json\include\nlohmann/detail/input/json_sax.hpp(883,20): warning: constructor call from initializer list is incompatible with C++98 [-Wc++98-compat]
[build]   883 |             return {true, & root};
[build]       |                    ^~~~~~~~~~~~~~
[build] C:\Users\pperv\code\unnamed_rpg\vendor\json\include\nlohmann/detail/input/json_sax.hpp(890,20): warning: constructor call from initializer list is incompatible with C++98 [-Wc++98-compat]
[build]   890 |             return {false, nullptr};
[build]       |                    ^~~~~~~~~~~~~~~~
[build] C:\Users\pperv\code\unnamed_rpg\vendor\json\include\nlohmann/detail/input/json_sax.hpp(900,20): warning: constructor call from initializer list is incompatible with C++98 [-Wc++98-compat]
[build]   900 |             return {true, & (ref_stack.back()->m_data.m_value.array->back())};
[build]       |                    ^~~~~~~~~~~~~~~~~~~~~~~~~~~~~~~~~~~~~~~~~~~~~~~~~~~~~~~~~~
[build] C:\Users\pperv\code\unnamed_rpg\vendor\json\include\nlohmann/detail/input/json_sax.hpp(912,20): warning: constructor call from initializer list is incompatible with C++98 [-Wc++98-compat]
[build]   912 |             return {false, nullptr};
[build]       |                    ^~~~~~~~~~~~~~~~
[build] C:\Users\pperv\code\unnamed_rpg\vendor\json\include\nlohmann/detail/input/json_sax.hpp(917,16): warning: constructor call from initializer list is incompatible with C++98 [-Wc++98-compat]
[build]   917 |         return {true, object_element};
[build]       |                ^~~~~~~~~~~~~~~~~~~~~~
[build] In file included from C:\Users\pperv\code\unnamed_rpg\vendor\json-schema-validator\src\json-uri.cpp:9:
[build] In file included from C:\Users\pperv\code\unnamed_rpg\vendor\json-schema-validator\src\nlohmann/json-schema.hpp:24:
[build] In file included from C:\Users\pperv\code\unnamed_rpg\vendor\json\include\nlohmann/json.hpp:44:
[build] In file included from C:\Users\pperv\code\unnamed_rpg\vendor\json\include\nlohmann/adl_serializer.hpp:15:
[build] C:\Users\pperv\code\unnamed_rpg\vendor\json\include\nlohmann/detail/conversions/to_json.hpp(347,26): warning: enumeration type in nested name specifier is incompatible with C++98 [-Wc++98-compat]
[build]   347 |     external_constructor<value_t::number_unsigned>::construct(j, static_cast<typename BasicJsonType::number_unsigned_t>(val));
[build]       |                          ^
[build] C:\Users\pperv\code\unnamed_rpg\vendor\json\include\nlohmann/adl_serializer.hpp(51,9): note: in instantiation of function template specialization 'nlohmann::detail::to_json_fn::operator()<nlohmann::basic_json<>, unsigned long long &>' requested here
[build]    51 |         ::nlohmann::to_json(j, std::forward<TargetType>(val));
[build]       |         ^
[build] C:\Users\pperv\code\unnamed_rpg\vendor\json\include\nlohmann/json.hpp(872,28): note: in instantiation of function template specialization 'nlohmann::adl_serializer<unsigned long long>::to_json<nlohmann::basic_json<>, unsigned long long &>' requested here
[build]   872 |         JSONSerializer<U>::to_json(*this, std::forward<CompatibleType>(val));
[build]       |                            ^
[build] C:\Users\pperv\code\unnamed_rpg\vendor\json\include\nlohmann/detail/input/json_sax.hpp(853,22): note: in instantiation of function template specialization 'nlohmann::basic_json<>::basic_json<unsigned long long &, unsigned long long, 0>' requested here
[build]   853 |         auto value = BasicJsonType(std::forward<Value>(v));
[build]       |                      ^
[build] C:\Users\pperv\code\unnamed_rpg\vendor\json\include\nlohmann/detail/input/json_sax.hpp(523,9): note: in instantiation of function template specialization 'nlohmann::detail::json_sax_dom_callback_parser<nlohmann::basic_json<>, nlohmann::detail::iterator_input_adapter<const char *>>::handle_value<unsigned long long &>' requested here
[build]   523 |         handle_value(val);
[build]       |         ^
[build] C:\Users\pperv\code\unnamed_rpg\vendor\json\include\nlohmann/detail/input/parser.hpp(332,56): note: in instantiation of member function 'nlohmann::detail::json_sax_dom_callback_parser<nlohmann::basic_json<>, nlohmann::detail::iterator_input_adapter<const char *>>::number_unsigned' requested here
[build]   332 |                         if (JSON_HEDLEY_UNLIKELY(!sax->number_unsigned(m_lexer.get_number_unsigned())))
[build]       |                                                        ^
[build] C:\Users\pperv\code\unnamed_rpg\vendor\json\include\nlohmann/thirdparty/hedley/hedley.hpp(1360,94): note: expanded from macro 'JSON_HEDLEY_UNLIKELY'
[build]  1360 | #  define JSON_HEDLEY_UNLIKELY(expr)                    __builtin_expect                 (!!(expr),    0                  )
[build]       |                                                                                              ^
[build] C:\Users\pperv\code\unnamed_rpg\vendor\json\include\nlohmann/detail/input/parser.hpp(100,13): note: in instantiation of function template specialization 'nlohmann::detail::parser<nlohmann::basic_json<>, nlohmann::detail::iterator_input_adapter<const char *>>::sax_parse_internal<nlohmann::detail::json_sax_dom_callback_parser<nlohmann::basic_json<>, nlohmann::detail::iterator_input_adapter<const char *>>>' requested here
[build]   100 |             sax_parse_internal(&sdp);
[build]       |             ^
[build] C:\Users\pperv\code\unnamed_rpg\vendor\json\include\nlohmann/json.hpp(4112,148): note: in instantiation of member function 'nlohmann::detail::parser<nlohmann::basic_json<>, nlohmann::detail::iterator_input_adapter<const char *>>::parse' requested here
[build]  4112 |         parser(detail::input_adapter(std::move(first), std::move(last)), std::move(cb), allow_exceptions, ignore_comments, ignore_trailing_commas).parse(true, result); // cppcheck-suppress[accessMoved]
[build]       |                                                                                                                                                    ^
[build] C:\Users\pperv\code\unnamed_rpg\vendor\json\include\nlohmann/json.hpp(5294,28): note: in instantiation of function template specialization 'nlohmann::basic_json<>::parse<const char *, const char *, 0>' requested here
[build]  5294 |     return nlohmann::json::parse(s, s + n);
[build]       |                            ^
[build] In file included from C:\Users\pperv\code\unnamed_rpg\vendor\json-schema-validator\src\json-uri.cpp:9:
[build] In file included from C:\Users\pperv\code\unnamed_rpg\vendor\json-schema-validator\src\nlohmann/json-schema.hpp:24:
[build] In file included from C:\Users\pperv\code\unnamed_rpg\vendor\json\include\nlohmann/json.hpp:44:
[build] In file included from C:\Users\pperv\code\unnamed_rpg\vendor\json\include\nlohmann/adl_serializer.hpp:15:
[build] C:\Users\pperv\code\unnamed_rpg\vendor\json\include\nlohmann/detail/conversions/to_json.hpp(137,27): warning: enumeration type in nested name specifier is incompatible with C++98 [-Wc++98-compat]
[build]   137 |         j.m_data.m_type = value_t::number_unsigned;
[build]       |                           ^
[build] C:\Users\pperv\code\unnamed_rpg\vendor\json\include\nlohmann/detail/conversions/to_json.hpp(516,16): note: in instantiation of function template specialization 'nlohmann::detail::to_json<nlohmann::basic_json<>, unsigned long long, 0>' requested here
[build]   516 |         return to_json(j, std::forward<T>(val));
[build]       |                ^
[build] C:\Users\pperv\code\unnamed_rpg\vendor\json\include\nlohmann/adl_serializer.hpp(51,9): note: in instantiation of function template specialization 'nlohmann::detail::to_json_fn::operator()<nlohmann::basic_json<>, unsigned long long &>' requested here
[build]    51 |         ::nlohmann::to_json(j, std::forward<TargetType>(val));
[build]       |         ^
[build] C:\Users\pperv\code\unnamed_rpg\vendor\json\include\nlohmann/json.hpp(872,28): note: in instantiation of function template specialization 'nlohmann::adl_serializer<unsigned long long>::to_json<nlohmann::basic_json<>, unsigned long long &>' requested here
[build]   872 |         JSONSerializer<U>::to_json(*this, std::forward<CompatibleType>(val));
[build]       |                            ^
[build] C:\Users\pperv\code\unnamed_rpg\vendor\json\include\nlohmann/detail/input/json_sax.hpp(853,22): note: in instantiation of function template specialization 'nlohmann::basic_json<>::basic_json<unsigned long long &, unsigned long long, 0>' requested here
[build]   853 |         auto value = BasicJsonType(std::forward<Value>(v));
[build]       |                      ^
[build] C:\Users\pperv\code\unnamed_rpg\vendor\json\include\nlohmann/detail/input/json_sax.hpp(523,9): note: in instantiation of function template specialization 'nlohmann::detail::json_sax_dom_callback_parser<nlohmann::basic_json<>, nlohmann::detail::iterator_input_adapter<const char *>>::handle_value<unsigned long long &>' requested here
[build]   523 |         handle_value(val);
[build]       |         ^
[build] C:\Users\pperv\code\unnamed_rpg\vendor\json\include\nlohmann/detail/input/parser.hpp(332,56): note: in instantiation of member function 'nlohmann::detail::json_sax_dom_callback_parser<nlohmann::basic_json<>, nlohmann::detail::iterator_input_adapter<const char *>>::number_unsigned' requested here
[build]   332 |                         if (JSON_HEDLEY_UNLIKELY(!sax->number_unsigned(m_lexer.get_number_unsigned())))
[build]       |                                                        ^
[build] C:\Users\pperv\code\unnamed_rpg\vendor\json\include\nlohmann/thirdparty/hedley/hedley.hpp(1360,94): note: expanded from macro 'JSON_HEDLEY_UNLIKELY'
[build]  1360 | #  define JSON_HEDLEY_UNLIKELY(expr)                    __builtin_expect                 (!!(expr),    0                  )
[build]       |                                                                                              ^
[build] C:\Users\pperv\code\unnamed_rpg\vendor\json\include\nlohmann/detail/input/parser.hpp(100,13): note: in instantiation of function template specialization 'nlohmann::detail::parser<nlohmann::basic_json<>, nlohmann::detail::iterator_input_adapter<const char *>>::sax_parse_internal<nlohmann::detail::json_sax_dom_callback_parser<nlohmann::basic_json<>, nlohmann::detail::iterator_input_adapter<const char *>>>' requested here
[build]   100 |             sax_parse_internal(&sdp);
[build]       |             ^
[build] C:\Users\pperv\code\unnamed_rpg\vendor\json\include\nlohmann/json.hpp(4112,148): note: in instantiation of member function 'nlohmann::detail::parser<nlohmann::basic_json<>, nlohmann::detail::iterator_input_adapter<const char *>>::parse' requested here
[build]  4112 |         parser(detail::input_adapter(std::move(first), std::move(last)), std::move(cb), allow_exceptions, ignore_comments, ignore_trailing_commas).parse(true, result); // cppcheck-suppress[accessMoved]
[build]       |                                                                                                                                                    ^
[build] C:\Users\pperv\code\unnamed_rpg\vendor\json\include\nlohmann/json.hpp(5294,28): note: in instantiation of function template specialization 'nlohmann::basic_json<>::parse<const char *, const char *, 0>' requested here
[build]  5294 |     return nlohmann::json::parse(s, s + n);
[build]       |                            ^
[build] In file included from C:\Users\pperv\code\unnamed_rpg\vendor\json-schema-validator\src\json-uri.cpp:9:
[build] In file included from C:\Users\pperv\code\unnamed_rpg\vendor\json-schema-validator\src\nlohmann/json-schema.hpp:24:
[build] In file included from C:\Users\pperv\code\unnamed_rpg\vendor\json\include\nlohmann/json.hpp:44:
[build] In file included from C:\Users\pperv\code\unnamed_rpg\vendor\json\include\nlohmann/adl_serializer.hpp:15:
[build] C:\Users\pperv\code\unnamed_rpg\vendor\json\include\nlohmann/detail/conversions/to_json.hpp(137,27): warning: enumeration type in nested name specifier is incompatible with C++98 [-Wc++98-compat]
[build]   137 |         j.m_data.m_type = value_t::number_unsigned;
[build]       |                           ^
[build] C:\Users\pperv\code\unnamed_rpg\vendor\json\include\nlohmann/detail/conversions/to_json.hpp(347,53): note: in instantiation of function template specialization 'nlohmann::detail::external_constructor<nlohmann::detail::value_t::number_unsigned>::construct<nlohmann::basic_json<>>' requested here
[build]   347 |     external_constructor<value_t::number_unsigned>::construct(j, static_cast<typename BasicJsonType::number_unsigned_t>(val));
[build]       |                                                     ^
[build] C:\Users\pperv\code\unnamed_rpg\vendor\json\include\nlohmann/detail/conversions/to_json.hpp(516,16): note: in instantiation of function template specialization 'nlohmann::detail::to_json<nlohmann::basic_json<>, unsigned long long, 0>' requested here
[build]   516 |         return to_json(j, std::forward<T>(val));
[build]       |                ^
[build] C:\Users\pperv\code\unnamed_rpg\vendor\json\include\nlohmann/adl_serializer.hpp(51,9): note: in instantiation of function template specialization 'nlohmann::detail::to_json_fn::operator()<nlohmann::basic_json<>, unsigned long long &>' requested here
[build]    51 |         ::nlohmann::to_json(j, std::forward<TargetType>(val));
[build]       |         ^
[build] C:\Users\pperv\code\unnamed_rpg\vendor\json\include\nlohmann/json.hpp(872,28): note: in instantiation of function template specialization 'nlohmann::adl_serializer<unsigned long long>::to_json<nlohmann::basic_json<>, unsigned long long &>' requested here
[build]   872 |         JSONSerializer<U>::to_json(*this, std::forward<CompatibleType>(val));
[build]       |                            ^
[build] C:\Users\pperv\code\unnamed_rpg\vendor\json\include\nlohmann/detail/input/json_sax.hpp(853,22): note: in instantiation of function template specialization 'nlohmann::basic_json<>::basic_json<unsigned long long &, unsigned long long, 0>' requested here
[build]   853 |         auto value = BasicJsonType(std::forward<Value>(v));
[build]       |                      ^
[build] C:\Users\pperv\code\unnamed_rpg\vendor\json\include\nlohmann/detail/input/json_sax.hpp(523,9): note: in instantiation of function template specialization 'nlohmann::detail::json_sax_dom_callback_parser<nlohmann::basic_json<>, nlohmann::detail::iterator_input_adapter<const char *>>::handle_value<unsigned long long &>' requested here
[build]   523 |         handle_value(val);
[build]       |         ^
[build] C:\Users\pperv\code\unnamed_rpg\vendor\json\include\nlohmann/detail/input/parser.hpp(332,56): note: in instantiation of member function 'nlohmann::detail::json_sax_dom_callback_parser<nlohmann::basic_json<>, nlohmann::detail::iterator_input_adapter<const char *>>::number_unsigned' requested here
[build]   332 |                         if (JSON_HEDLEY_UNLIKELY(!sax->number_unsigned(m_lexer.get_number_unsigned())))
[build]       |                                                        ^
[build] C:\Users\pperv\code\unnamed_rpg\vendor\json\include\nlohmann/thirdparty/hedley/hedley.hpp(1360,94): note: expanded from macro 'JSON_HEDLEY_UNLIKELY'
[build]  1360 | #  define JSON_HEDLEY_UNLIKELY(expr)                    __builtin_expect                 (!!(expr),    0                  )
[build]       |                                                                                              ^
[build] C:\Users\pperv\code\unnamed_rpg\vendor\json\include\nlohmann/detail/input/parser.hpp(100,13): note: in instantiation of function template specialization 'nlohmann::detail::parser<nlohmann::basic_json<>, nlohmann::detail::iterator_input_adapter<const char *>>::sax_parse_internal<nlohmann::detail::json_sax_dom_callback_parser<nlohmann::basic_json<>, nlohmann::detail::iterator_input_adapter<const char *>>>' requested here
[build]   100 |             sax_parse_internal(&sdp);
[build]       |             ^
[build] C:\Users\pperv\code\unnamed_rpg\vendor\json\include\nlohmann/json.hpp(4112,148): note: in instantiation of member function 'nlohmann::detail::parser<nlohmann::basic_json<>, nlohmann::detail::iterator_input_adapter<const char *>>::parse' requested here
[build]  4112 |         parser(detail::input_adapter(std::move(first), std::move(last)), std::move(cb), allow_exceptions, ignore_comments, ignore_trailing_commas).parse(true, result); // cppcheck-suppress[accessMoved]
[build]       |                                                                                                                                                    ^
[build] C:\Users\pperv\code\unnamed_rpg\vendor\json\include\nlohmann/json.hpp(5294,28): note: in instantiation of function template specialization 'nlohmann::basic_json<>::parse<const char *, const char *, 0>' requested here
[build]  5294 |     return nlohmann::json::parse(s, s + n);
[build]       |                            ^
[build] In file included from C:\Users\pperv\code\unnamed_rpg\vendor\json-schema-validator\src\json-uri.cpp:9:
[build] In file included from C:\Users\pperv\code\unnamed_rpg\vendor\json-schema-validator\src\nlohmann/json-schema.hpp:24:
[build] In file included from C:\Users\pperv\code\unnamed_rpg\vendor\json\include\nlohmann/json.hpp:50:
[build] In file included from C:\Users\pperv\code\unnamed_rpg\vendor\json\include\nlohmann/detail/input/binary_reader.hpp:29:
[build] In file included from C:\Users\pperv\code\unnamed_rpg\vendor\json\include\nlohmann/detail/input/json_sax.hpp:18:
[build] C:\Users\pperv\code\unnamed_rpg\vendor\json\include\nlohmann/detail/input/lexer.hpp(1563,130): warning: generalized initializer lists are incompatible with C++98 [-Wc++98-compat]
[build]  1563 |         const std::vector<char_type>& chars = collect_token_chars(reconstructed, std::integral_constant<bool, lazy_token_string> {});
[build]       |                                                                                                                                  ^
[build] C:\Users\pperv\code\unnamed_rpg\vendor\json\include\nlohmann/detail/input/lexer.hpp(1567,20): warning: 'auto' type specifier is incompatible with C++98 [-Wc++98-compat]
[build]  1567 |         for (const auto c : chars)
[build]       |                    ^~~~
[build] C:\Users\pperv\code\unnamed_rpg\vendor\json\include\nlohmann/json.hpp(4112,148): note: in instantiation of member function 'nlohmann::detail::parser<nlohmann::basic_json<>, nlohmann::detail::iterator_input_adapter<const char *>>::parse' requested here
[build]  4112 |         parser(detail::input_adapter(std::move(first), std::move(last)), std::move(cb), allow_exceptions, ignore_comments, ignore_trailing_commas).parse(true, result); // cppcheck-suppress[accessMoved]
[build]       |                                                                                                                                                    ^
[build] C:\Users\pperv\code\unnamed_rpg\vendor\json\include\nlohmann/json.hpp(5294,28): note: in instantiation of function template specialization 'nlohmann::basic_json<>::parse<const char *, const char *, 0>' requested here
[build]  5294 |     return nlohmann::json::parse(s, s + n);
[build]       |                            ^
[build] In file included from C:\Users\pperv\code\unnamed_rpg\vendor\json-schema-validator\src\json-uri.cpp:9:
[build] In file included from C:\Users\pperv\code\unnamed_rpg\vendor\json-schema-validator\src\nlohmann/json-schema.hpp:24:
[build] In file included from C:\Users\pperv\code\unnamed_rpg\vendor\json\include\nlohmann/json.hpp:50:
[build] In file included from C:\Users\pperv\code\unnamed_rpg\vendor\json\include\nlohmann/detail/input/binary_reader.hpp:29:
[build] In file included from C:\Users\pperv\code\unnamed_rpg\vendor\json\include\nlohmann/detail/input/json_sax.hpp:18:
[build] C:\Users\pperv\code\unnamed_rpg\vendor\json\include\nlohmann/detail/input/lexer.hpp(1567,27): warning: range-based for loop is incompatible with C++98 [-Wc++98-compat]
[build]  1567 |         for (const auto c : chars)
[build]       |                           ^
[build] C:\Users\pperv\code\unnamed_rpg\vendor\json\include\nlohmann/detail/input/lexer.hpp(1572,39): warning: generalized initializer lists are incompatible with C++98 [-Wc++98-compat]
[build]  1572 |                 std::array<char, 9> cs{{}};
[build]       |                                       ^
[build] In file included from C:\Users\pperv\code\unnamed_rpg\vendor\json-schema-validator\src\json-uri.cpp:9:
[build] In file included from C:\Users\pperv\code\unnamed_rpg\vendor\json-schema-validator\src\nlohmann/json-schema.hpp:24:
[build] In file included from C:\Users\pperv\code\unnamed_rpg\vendor\json\include\nlohmann/json.hpp:50:
[build] In file included from C:\Users\pperv\code\unnamed_rpg\vendor\json\include\nlohmann/detail/input/binary_reader.hpp:28:
[build] C:\Users\pperv\code\unnamed_rpg\vendor\json\include\nlohmann/detail/input/input_adapters.hpp(204,15): warning: 'auto' type specifier is incompatible with C++98 [-Wc++98-compat]
[build]   204 |         const auto from = std::next(begin, static_cast<typename std::iterator_traits<IteratorType>::difference_type>(first_index));
[build]       |               ^~~~
[build] C:\Users\pperv\code\unnamed_rpg\vendor\json\include\nlohmann/detail/input/lexer.hpp(1563,47): note: in instantiation of member function 'nlohmann::detail::lexer<nlohmann::basic_json<>, nlohmann::detail::iterator_input_adapter<const char *>>::collect_token_chars' requested here
[build]  1563 |         const std::vector<char_type>& chars = collect_token_chars(reconstructed, std::integral_constant<bool, lazy_token_string> {});
[build]       |                                               ^
[build] C:\Users\pperv\code\unnamed_rpg\vendor\json\include\nlohmann/detail/input/parser.hpp(106,41): note: in instantiation of member function 'nlohmann::detail::lexer<nlohmann::basic_json<>, nlohmann::detail::iterator_input_adapter<const char *>>::get_token_string' requested here
[build]   106 |                                 m_lexer.get_token_string(),
[build]       |                                         ^
[build] C:\Users\pperv\code\unnamed_rpg\vendor\json\include\nlohmann/json.hpp(4112,148): note: in instantiation of member function 'nlohmann::detail::parser<nlohmann::basic_json<>, nlohmann::detail::iterator_input_adapter<const char *>>::parse' requested here
[build]  4112 |         parser(detail::input_adapter(std::move(first), std::move(last)), std::move(cb), allow_exceptions, ignore_comments, ignore_trailing_commas).parse(true, result); // cppcheck-suppress[accessMoved]
[build]       |                                                                                                                                                    ^
[build] C:\Users\pperv\code\unnamed_rpg\vendor\json\include\nlohmann/json.hpp(5294,28): note: in instantiation of function template specialization 'nlohmann::basic_json<>::parse<const char *, const char *, 0>' requested here
[build]  5294 |     return nlohmann::json::parse(s, s + n);
[build]       |                            ^
[build] In file included from C:\Users\pperv\code\unnamed_rpg\vendor\json-schema-validator\src\json-uri.cpp:9:
[build] In file included from C:\Users\pperv\code\unnamed_rpg\vendor\json-schema-validator\src\nlohmann/json-schema.hpp:24:
[build] In file included from C:\Users\pperv\code\unnamed_rpg\vendor\json\include\nlohmann/json.hpp:50:
[build] In file included from C:\Users\pperv\code\unnamed_rpg\vendor\json\include\nlohmann/detail/input/binary_reader.hpp:28:
[build] C:\Users\pperv\code\unnamed_rpg\vendor\json\include\nlohmann/detail/input/input_adapters.hpp(205,15): warning: 'auto' type specifier is incompatible with C++98 [-Wc++98-compat]
[build]   205 |         const auto to = std::next(begin, static_cast<typename std::iterator_traits<IteratorType>::difference_type>(last_index));
[build]       |               ^~~~
[build] In file included from C:\Users\pperv\code\unnamed_rpg\vendor\json-schema-validator\src\json-uri.cpp:9:
[build] In file included from C:\Users\pperv\code\unnamed_rpg\vendor\json-schema-validator\src\nlohmann/json-schema.hpp:24:
[build] In file included from C:\Users\pperv\code\unnamed_rpg\vendor\json\include\nlohmann/json.hpp:53:
[build] C:\Users\pperv\code\unnamed_rpg\vendor\json\include\nlohmann/detail/input/parser.hpp(504,27): warning: enumeration type in nested name specifier is incompatible with C++98 [-Wc++98-compat]
[build]   504 |         if (last_token == token_type::parse_error)
[build]       |                           ^
[build] C:\Users\pperv\code\unnamed_rpg\vendor\json\include\nlohmann/detail/input/parser.hpp(108,53): note: in instantiation of member function 'nlohmann::detail::parser<nlohmann::basic_json<>, nlohmann::detail::iterator_input_adapter<const char *>>::exception_message' requested here
[build]   108 |                                                     exception_message(token_type::end_of_input, "value"), nullptr));
[build]       |                                                     ^
[build] C:\Users\pperv\code\unnamed_rpg\vendor\json\include\nlohmann/json.hpp(4112,148): note: in instantiation of member function 'nlohmann::detail::parser<nlohmann::basic_json<>, nlohmann::detail::iterator_input_adapter<const char *>>::parse' requested here
[build]  4112 |         parser(detail::input_adapter(std::move(first), std::move(last)), std::move(cb), allow_exceptions, ignore_comments, ignore_trailing_commas).parse(true, result); // cppcheck-suppress[accessMoved]
[build]       |                                                                                                                                                    ^
[build] C:\Users\pperv\code\unnamed_rpg\vendor\json\include\nlohmann/json.hpp(5294,28): note: in instantiation of function template specialization 'nlohmann::basic_json<>::parse<const char *, const char *, 0>' requested here
[build]  5294 |     return nlohmann::json::parse(s, s + n);
[build]       |                            ^
[build] In file included from C:\Users\pperv\code\unnamed_rpg\vendor\json-schema-validator\src\json-uri.cpp:9:
[build] In file included from C:\Users\pperv\code\unnamed_rpg\vendor\json-schema-validator\src\nlohmann/json-schema.hpp:24:
[build] In file included from C:\Users\pperv\code\unnamed_rpg\vendor\json\include\nlohmann/json.hpp:53:
[build] C:\Users\pperv\code\unnamed_rpg\vendor\json\include\nlohmann/detail/input/parser.hpp(514,25): warning: enumeration type in nested name specifier is incompatible with C++98 [-Wc++98-compat]
[build]   514 |         if (expected != token_type::uninitialized)
[build]       |                         ^
[build] In file included from C:\Users\pperv\code\unnamed_rpg\vendor\json-schema-validator\src\json-uri.cpp:9:
[build] In file included from C:\Users\pperv\code\unnamed_rpg\vendor\json-schema-validator\src\nlohmann/json-schema.hpp:24:
[build] In file included from C:\Users\pperv\code\unnamed_rpg\vendor\json\include\nlohmann/json.hpp:50:
[build] In file included from C:\Users\pperv\code\unnamed_rpg\vendor\json\include\nlohmann/detail/input/binary_reader.hpp:29:
[build] In file included from C:\Users\pperv\code\unnamed_rpg\vendor\json\include\nlohmann/detail/input/json_sax.hpp:18:
[build] C:\Users\pperv\code\unnamed_rpg\vendor\json\include\nlohmann/detail/input/lexer.hpp(67,18): warning: enumeration type in nested name specifier is incompatible with C++98 [-Wc++98-compat]
[build]    67 |             case token_type::uninitialized:
[build]       |                  ^
[build] C:\Users\pperv\code\unnamed_rpg\vendor\json\include\nlohmann/detail/input/lexer.hpp(69,18): warning: enumeration type in nested name specifier is incompatible with C++98 [-Wc++98-compat]
[build]    69 |             case token_type::literal_true:
[build]       |                  ^
[build] C:\Users\pperv\code\unnamed_rpg\vendor\json\include\nlohmann/detail/input/lexer.hpp(71,18): warning: enumeration type in nested name specifier is incompatible with C++98 [-Wc++98-compat]
[build]    71 |             case token_type::literal_false:
[build]       |                  ^
[build] C:\Users\pperv\code\unnamed_rpg\vendor\json\include\nlohmann/detail/input/lexer.hpp(73,18): warning: enumeration type in nested name specifier is incompatible with C++98 [-Wc++98-compat]
[build]    73 |             case token_type::literal_null:
[build]       |                  ^
[build] C:\Users\pperv\code\unnamed_rpg\vendor\json\include\nlohmann/detail/input/lexer.hpp(75,18): warning: enumeration type in nested name specifier is incompatible with C++98 [-Wc++98-compat]
[build]    75 |             case token_type::value_string:
[build]       |                  ^
[build] C:\Users\pperv\code\unnamed_rpg\vendor\json\include\nlohmann/detail/input/lexer.hpp(77,18): warning: enumeration type in nested name specifier is incompatible with C++98 [-Wc++98-compat]
[build]    77 |             case token_type::value_unsigned:
[build]       |                  ^
[build] C:\Users\pperv\code\unnamed_rpg\vendor\json\include\nlohmann/detail/input/lexer.hpp(78,18): warning: enumeration type in nested name specifier is incompatible with C++98 [-Wc++98-compat]
[build]    78 |             case token_type::value_integer:
[build]       |                  ^
[build] C:\Users\pperv\code\unnamed_rpg\vendor\json\include\nlohmann/detail/input/lexer.hpp(79,18): warning: enumeration type in nested name specifier is incompatible with C++98 [-Wc++98-compat]
[build]    79 |             case token_type::value_float:
[build]       |                  ^
[build] C:\Users\pperv\code\unnamed_rpg\vendor\json\include\nlohmann/detail/input/lexer.hpp(81,18): warning: enumeration type in nested name specifier is incompatible with C++98 [-Wc++98-compat]
[build]    81 |             case token_type::begin_array:
[build]       |                  ^
[build] C:\Users\pperv\code\unnamed_rpg\vendor\json\include\nlohmann/detail/input/lexer.hpp(83,18): warning: enumeration type in nested name specifier is incompatible with C++98 [-Wc++98-compat]
[build]    83 |             case token_type::begin_object:
[build]       |                  ^
[build] C:\Users\pperv\code\unnamed_rpg\vendor\json\include\nlohmann/detail/input/lexer.hpp(85,18): warning: enumeration type in nested name specifier is incompatible with C++98 [-Wc++98-compat]
[build]    85 |             case token_type::end_array:
[build]       |                  ^
[build] C:\Users\pperv\code\unnamed_rpg\vendor\json\include\nlohmann/detail/input/lexer.hpp(87,18): warning: enumeration type in nested name specifier is incompatible with C++98 [-Wc++98-compat]
[build]    87 |             case token_type::end_object:
[build]       |                  ^
[build] C:\Users\pperv\code\unnamed_rpg\vendor\json\include\nlohmann/detail/input/lexer.hpp(89,18): warning: enumeration type in nested name specifier is incompatible with C++98 [-Wc++98-compat]
[build]    89 |             case token_type::name_separator:
[build]       |                  ^
[build] C:\Users\pperv\code\unnamed_rpg\vendor\json\include\nlohmann/detail/input/lexer.hpp(91,18): warning: enumeration type in nested name specifier is incompatible with C++98 [-Wc++98-compat]
[build]    91 |             case token_type::value_separator:
[build]       |                  ^
[build] C:\Users\pperv\code\unnamed_rpg\vendor\json\include\nlohmann/detail/input/lexer.hpp(93,18): warning: enumeration type in nested name specifier is incompatible with C++98 [-Wc++98-compat]
[build]    93 |             case token_type::parse_error:
[build]       |                  ^
[build] C:\Users\pperv\code\unnamed_rpg\vendor\json\include\nlohmann/detail/input/lexer.hpp(95,18): warning: enumeration type in nested name specifier is incompatible with C++98 [-Wc++98-compat]
[build]    95 |             case token_type::end_of_input:
[build]       |                  ^
[build] C:\Users\pperv\code\unnamed_rpg\vendor\json\include\nlohmann/detail/input/lexer.hpp(97,18): warning: enumeration type in nested name specifier is incompatible with C++98 [-Wc++98-compat]
[build]    97 |             case token_type::literal_or_value:
[build]       |                  ^
[build] C:\Users\pperv\code\unnamed_rpg\vendor\json\include\nlohmann/detail/input/lexer.hpp(67,18): warning: enumeration type in nested name specifier is incompatible with C++98 [-Wc++98-compat]
[build]    67 |             case token_type::uninitialized:
[build]       |                  ^
[build] C:\Users\pperv\code\unnamed_rpg\vendor\json\include\nlohmann/detail/input/parser.hpp(511,57): note: in instantiation of member function 'nlohmann::detail::lexer_base<nlohmann::basic_json<>>::token_type_name' requested here
[build]   511 |             error_msg += concat("unexpected ", lexer_t::token_type_name(last_token));
[build]       |                                                         ^
[build] C:\Users\pperv\code\unnamed_rpg\vendor\json\include\nlohmann/detail/input/parser.hpp(108,53): note: in instantiation of member function 'nlohmann::detail::parser<nlohmann::basic_json<>, nlohmann::detail::iterator_input_adapter<const char *>>::exception_message' requested here
[build]   108 |                                                     exception_message(token_type::end_of_input, "value"), nullptr));
[build]       |                                                     ^
[build] C:\Users\pperv\code\unnamed_rpg\vendor\json\include\nlohmann/json.hpp(4112,148): note: in instantiation of member function 'nlohmann::detail::parser<nlohmann::basic_json<>, nlohmann::detail::iterator_input_adapter<const char *>>::parse' requested here
[build]  4112 |         parser(detail::input_adapter(std::move(first), std::move(last)), std::move(cb), allow_exceptions, ignore_comments, ignore_trailing_commas).parse(true, result); // cppcheck-suppress[accessMoved]
[build]       |                                                                                                                                                    ^
[build] C:\Users\pperv\code\unnamed_rpg\vendor\json\include\nlohmann/json.hpp(5294,28): note: in instantiation of function template specialization 'nlohmann::basic_json<>::parse<const char *, const char *, 0>' requested here
[build]  5294 |     return nlohmann::json::parse(s, s + n);
[build]       |                            ^
[build] In file included from C:\Users\pperv\code\unnamed_rpg\vendor\json-schema-validator\src\json-uri.cpp:9:
[build] In file included from C:\Users\pperv\code\unnamed_rpg\vendor\json-schema-validator\src\nlohmann/json-schema.hpp:24:
[build] In file included from C:\Users\pperv\code\unnamed_rpg\vendor\json\include\nlohmann/json.hpp:50:
[build] In file included from C:\Users\pperv\code\unnamed_rpg\vendor\json\include\nlohmann/detail/input/binary_reader.hpp:29:
[build] In file included from C:\Users\pperv\code\unnamed_rpg\vendor\json\include\nlohmann/detail/input/json_sax.hpp:18:
[build] C:\Users\pperv\code\unnamed_rpg\vendor\json\include\nlohmann/detail/input/lexer.hpp(69,18): warning: enumeration type in nested name specifier is incompatible with C++98 [-Wc++98-compat]
[build]    69 |             case token_type::literal_true:
[build]       |                  ^
[build] C:\Users\pperv\code\unnamed_rpg\vendor\json\include\nlohmann/detail/input/lexer.hpp(71,18): warning: enumeration type in nested name specifier is incompatible with C++98 [-Wc++98-compat]
[build]    71 |             case token_type::literal_false:
[build]       |                  ^
[build] C:\Users\pperv\code\unnamed_rpg\vendor\json\include\nlohmann/detail/input/lexer.hpp(73,18): warning: enumeration type in nested name specifier is incompatible with C++98 [-Wc++98-compat]
[build]    73 |             case token_type::literal_null:
[build]       |                  ^
[build] C:\Users\pperv\code\unnamed_rpg\vendor\json\include\nlohmann/detail/input/lexer.hpp(75,18): warning: enumeration type in nested name specifier is incompatible with C++98 [-Wc++98-compat]
[build]    75 |             case token_type::value_string:
[build]       |                  ^
[build] C:\Users\pperv\code\unnamed_rpg\vendor\json\include\nlohmann/detail/input/lexer.hpp(77,18): warning: enumeration type in nested name specifier is incompatible with C++98 [-Wc++98-compat]
[build]    77 |             case token_type::value_unsigned:
[build]       |                  ^
[build] C:\Users\pperv\code\unnamed_rpg\vendor\json\include\nlohmann/detail/input/lexer.hpp(78,18): warning: enumeration type in nested name specifier is incompatible with C++98 [-Wc++98-compat]
[build]    78 |             case token_type::value_integer:
[build]       |                  ^
[build] C:\Users\pperv\code\unnamed_rpg\vendor\json\include\nlohmann/detail/input/lexer.hpp(79,18): warning: enumeration type in nested name specifier is incompatible with C++98 [-Wc++98-compat]
[build]    79 |             case token_type::value_float:
[build]       |                  ^
[build] C:\Users\pperv\code\unnamed_rpg\vendor\json\include\nlohmann/detail/input/lexer.hpp(81,18): warning: enumeration type in nested name specifier is incompatible with C++98 [-Wc++98-compat]
[build]    81 |             case token_type::begin_array:
[build]       |                  ^
[build] C:\Users\pperv\code\unnamed_rpg\vendor\json\include\nlohmann/detail/input/lexer.hpp(83,18): warning: enumeration type in nested name specifier is incompatible with C++98 [-Wc++98-compat]
[build]    83 |             case token_type::begin_object:
[build]       |                  ^
[build] C:\Users\pperv\code\unnamed_rpg\vendor\json\include\nlohmann/detail/input/lexer.hpp(85,18): warning: enumeration type in nested name specifier is incompatible with C++98 [-Wc++98-compat]
[build]    85 |             case token_type::end_array:
[build]       |                  ^
[build] C:\Users\pperv\code\unnamed_rpg\vendor\json\include\nlohmann/detail/input/lexer.hpp(87,18): warning: enumeration type in nested name specifier is incompatible with C++98 [-Wc++98-compat]
[build]    87 |             case token_type::end_object:
[build]       |                  ^
[build] C:\Users\pperv\code\unnamed_rpg\vendor\json\include\nlohmann/detail/input/lexer.hpp(89,18): warning: enumeration type in nested name specifier is incompatible with C++98 [-Wc++98-compat]
[build]    89 |             case token_type::name_separator:
[build]       |                  ^
[build] C:\Users\pperv\code\unnamed_rpg\vendor\json\include\nlohmann/detail/input/lexer.hpp(91,18): warning: enumeration type in nested name specifier is incompatible with C++98 [-Wc++98-compat]
[build]    91 |             case token_type::value_separator:
[build]       |                  ^
[build] C:\Users\pperv\code\unnamed_rpg\vendor\json\include\nlohmann/detail/input/lexer.hpp(93,18): warning: enumeration type in nested name specifier is incompatible with C++98 [-Wc++98-compat]
[build]    93 |             case token_type::parse_error:
[build]       |                  ^
[build] C:\Users\pperv\code\unnamed_rpg\vendor\json\include\nlohmann/detail/input/lexer.hpp(95,18): warning: enumeration type in nested name specifier is incompatible with C++98 [-Wc++98-compat]
[build]    95 |             case token_type::end_of_input:
[build]       |                  ^
[build] C:\Users\pperv\code\unnamed_rpg\vendor\json\include\nlohmann/detail/input/lexer.hpp(97,18): warning: enumeration type in nested name specifier is incompatible with C++98 [-Wc++98-compat]
[build]    97 |             case token_type::literal_or_value:
[build]       |                  ^
[build] C:\Users\pperv\code\unnamed_rpg\vendor\json\include\nlohmann/detail/input/lexer.hpp(100,13): warning: default label in switch which covers all enumeration values [-Wcovered-switch-default]
[build]   100 |             default: // catch non-enum values
[build]       |             ^
[build] In file included from C:\Users\pperv\code\unnamed_rpg\vendor\json-schema-validator\src\json-uri.cpp:9:
[build] In file included from C:\Users\pperv\code\unnamed_rpg\vendor\json-schema-validator\src\nlohmann/json-schema.hpp:24:
[build] In file included from C:\Users\pperv\code\unnamed_rpg\vendor\json\include\nlohmann/json.hpp:44:
[build] In file included from C:\Users\pperv\code\unnamed_rpg\vendor\json\include\nlohmann/adl_serializer.hpp:14:
[build] In file included from C:\Users\pperv\code\unnamed_rpg\vendor\json\include\nlohmann/detail/conversions/from_json.hpp:24:
[build] C:\Users\pperv\code\unnamed_rpg\vendor\json\include\nlohmann/detail/exceptions.hpp(183,16): warning: generalized initializer lists are incompatible with C++98 [-Wc++98-compat]
[build]   183 |         return {id_, pos.chars_read_total, w.c_str()};
[build]       |                ^~~~~~~~~~~~~~~~~~~~~~~~~~~~~~~~~~~~~~
[build] C:\Users\pperv\code\unnamed_rpg\vendor\json\include\nlohmann/detail/exceptions.hpp(183,16): warning: constructor call from initializer list is incompatible with C++98 [-Wc++98-compat]
[build]   183 |         return {id_, pos.chars_read_total, w.c_str()};
[build]       |                ^~~~~~~~~~~~~~~~~~~~~~~~~~~~~~~~~~~~~~
[build] C:\Users\pperv\code\unnamed_rpg\vendor\json\include\nlohmann/json.hpp(4112,148): note: in instantiation of member function 'nlohmann::detail::parser<nlohmann::basic_json<>, nlohmann::detail::iterator_input_adapter<const char *>>::parse' requested here
[build]  4112 |         parser(detail::input_adapter(std::move(first), std::move(last)), std::move(cb), allow_exceptions, ignore_comments, ignore_trailing_commas).parse(true, result); // cppcheck-suppress[accessMoved]
[build]       |                                                                                                                                                    ^
[build] C:\Users\pperv\code\unnamed_rpg\vendor\json\include\nlohmann/json.hpp(5294,28): note: in instantiation of function template specialization 'nlohmann::basic_json<>::parse<const char *, const char *, 0>' requested here
[build]  5294 |     return nlohmann::json::parse(s, s + n);
[build]       |                            ^
[build] In file included from C:\Users\pperv\code\unnamed_rpg\vendor\json-schema-validator\src\json-uri.cpp:9:
[build] In file included from C:\Users\pperv\code\unnamed_rpg\vendor\json-schema-validator\src\nlohmann/json-schema.hpp:24:
[build] In file included from C:\Users\pperv\code\unnamed_rpg\vendor\json\include\nlohmann/json.hpp:44:
[build] In file included from C:\Users\pperv\code\unnamed_rpg\vendor\json\include\nlohmann/adl_serializer.hpp:14:
[build] In file included from C:\Users\pperv\code\unnamed_rpg\vendor\json\include\nlohmann/detail/conversions/from_json.hpp:24:
[build] C:\Users\pperv\code\unnamed_rpg\vendor\json\include\nlohmann/detail/exceptions.hpp(183,16): warning: constructor call from initializer list is incompatible with C++98 [-Wc++98-compat]
[build]   183 |         return {id_, pos.chars_read_total, w.c_str()};
[build]       |                ^~~~~~~~~~~~~~~~~~~~~~~~~~~~~~~~~~~~~~
[build] C:\Users\pperv\code\unnamed_rpg\vendor\json\include\nlohmann/detail/input/parser.hpp(107,46): note: in instantiation of function template specialization 'nlohmann::detail::parse_error::create<std::nullptr_t, 0>' requested here
[build]   107 |                                 parse_error::create(101, m_lexer.get_position(),
[build]       |                                              ^
[build] C:\Users\pperv\code\unnamed_rpg\vendor\json\include\nlohmann/json.hpp(4112,148): note: in instantiation of member function 'nlohmann::detail::parser<nlohmann::basic_json<>, nlohmann::detail::iterator_input_adapter<const char *>>::parse' requested here
[build]  4112 |         parser(detail::input_adapter(std::move(first), std::move(last)), std::move(cb), allow_exceptions, ignore_comments, ignore_trailing_commas).parse(true, result); // cppcheck-suppress[accessMoved]
[build]       |                                                                                                                                                    ^
[build] C:\Users\pperv\code\unnamed_rpg\vendor\json\include\nlohmann/json.hpp(5294,28): note: in instantiation of function template specialization 'nlohmann::basic_json<>::parse<const char *, const char *, 0>' requested here
[build]  5294 |     return nlohmann::json::parse(s, s + n);
[build]       |                            ^
[build] In file included from C:\Users\pperv\code\unnamed_rpg\vendor\json-schema-validator\src\json-uri.cpp:9:
[build] In file included from C:\Users\pperv\code\unnamed_rpg\vendor\json-schema-validator\src\nlohmann/json-schema.hpp:24:
[build] In file included from C:\Users\pperv\code\unnamed_rpg\vendor\json\include\nlohmann/json.hpp:50:
[build] In file included from C:\Users\pperv\code\unnamed_rpg\vendor\json\include\nlohmann/detail/input/binary_reader.hpp:29:
[build] C:\Users\pperv\code\unnamed_rpg\vendor\json\include\nlohmann/detail/input/json_sax.hpp(463,43): warning: constructor call from initializer list is incompatible with C++98 [-Wc++98-compat]
[build]   463 |     std::vector<BasicJsonType*> ref_stack {};
[build]       |                                           ^~
[build] C:\Users\pperv\code\unnamed_rpg\vendor\json\include\nlohmann/detail/input/json_sax.hpp(182,14): note: in instantiation of default member initializer 'nlohmann::detail::json_sax_dom_parser<nlohmann::basic_json<>, nlohmann::detail::iterator_input_adapter<const char *>>::ref_stack' requested here
[build]   182 |     explicit json_sax_dom_parser(BasicJsonType& r, const bool allow_exceptions_ = true, lexer_t* lexer_ = nullptr)
[build]       |              ^
[build] C:\Users\pperv\code\unnamed_rpg\vendor\json\include\nlohmann/detail/input/parser.hpp(127,66): note: in instantiation of member function 'nlohmann::detail::json_sax_dom_parser<nlohmann::basic_json<>, nlohmann::detail::iterator_input_adapter<const char *>>::json_sax_dom_parser' requested here
[build]   127 |             json_sax_dom_parser<BasicJsonType, InputAdapterType> sdp(result, allow_exceptions, &m_lexer);
[build]       |                                                                  ^
[build] C:\Users\pperv\code\unnamed_rpg\vendor\json\include\nlohmann/json.hpp(4112,148): note: in instantiation of member function 'nlohmann::detail::parser<nlohmann::basic_json<>, nlohmann::detail::iterator_input_adapter<const char *>>::parse' requested here
[build]  4112 |         parser(detail::input_adapter(std::move(first), std::move(last)), std::move(cb), allow_exceptions, ignore_comments, ignore_trailing_commas).parse(true, result); // cppcheck-suppress[accessMoved]
[build]       |                                                                                                                                                    ^
[build] C:\Users\pperv\code\unnamed_rpg\vendor\json\include\nlohmann/json.hpp(5294,28): note: in instantiation of function template specialization 'nlohmann::basic_json<>::parse<const char *, const char *, 0>' requested here
[build]  5294 |     return nlohmann::json::parse(s, s + n);
[build]       |                            ^
[build] In file included from C:\Users\pperv\code\unnamed_rpg\vendor\json-schema-validator\src\json-uri.cpp:9:
[build] In file included from C:\Users\pperv\code\unnamed_rpg\vendor\json-schema-validator\src\nlohmann/json-schema.hpp:24:
[build] In file included from C:\Users\pperv\code\unnamed_rpg\vendor\json\include\nlohmann/json.hpp:53:
[build] C:\Users\pperv\code\unnamed_rpg\vendor\json\include\nlohmann/detail/input/parser.hpp(197,26): warning: enumeration type in nested name specifier is incompatible with C++98 [-Wc++98-compat]
[build]   197 |                     case token_type::begin_object:
[build]       |                          ^
[build] C:\Users\pperv\code\unnamed_rpg\vendor\json\include\nlohmann/detail/input/parser.hpp(128,13): note: in instantiation of function template specialization 'nlohmann::detail::parser<nlohmann::basic_json<>, nlohmann::detail::iterator_input_adapter<const char *>>::sax_parse_internal<nlohmann::detail::json_sax_dom_parser<nlohmann::basic_json<>, nlohmann::detail::iterator_input_adapter<const char *>>>' requested here
[build]   128 |             sax_parse_internal(&sdp);
[build]       |             ^
[build] C:\Users\pperv\code\unnamed_rpg\vendor\json\include\nlohmann/json.hpp(4112,148): note: in instantiation of member function 'nlohmann::detail::parser<nlohmann::basic_json<>, nlohmann::detail::iterator_input_adapter<const char *>>::parse' requested here
[build]  4112 |         parser(detail::input_adapter(std::move(first), std::move(last)), std::move(cb), allow_exceptions, ignore_comments, ignore_trailing_commas).parse(true, result); // cppcheck-suppress[accessMoved]
[build]       |                                                                                                                                                    ^
[build] C:\Users\pperv\code\unnamed_rpg\vendor\json\include\nlohmann/json.hpp(5294,28): note: in instantiation of function template specialization 'nlohmann::basic_json<>::parse<const char *, const char *, 0>' requested here
[build]  5294 |     return nlohmann::json::parse(s, s + n);
[build]       |                            ^
[build] In file included from C:\Users\pperv\code\unnamed_rpg\vendor\json-schema-validator\src\json-uri.cpp:9:
[build] In file included from C:\Users\pperv\code\unnamed_rpg\vendor\json-schema-validator\src\nlohmann/json-schema.hpp:24:
[build] In file included from C:\Users\pperv\code\unnamed_rpg\vendor\json\include\nlohmann/json.hpp:53:
[build] C:\Users\pperv\code\unnamed_rpg\vendor\json\include\nlohmann/detail/input/parser.hpp(205,44): warning: enumeration type in nested name specifier is incompatible with C++98 [-Wc++98-compat]
[build]   205 |                         if (get_token() == token_type::end_object)
[build]       |                                            ^
[build] C:\Users\pperv\code\unnamed_rpg\vendor\json\include\nlohmann/detail/input/parser.hpp(215,64): warning: enumeration type in nested name specifier is incompatible with C++98 [-Wc++98-compat]
[build]   215 |                         if (JSON_HEDLEY_UNLIKELY(last_token != token_type::value_string))
[build]       |                                                                ^
[build] C:\Users\pperv\code\unnamed_rpg\vendor\json\include\nlohmann/detail/input/parser.hpp(219,120): warning: enumeration type in nested name specifier is incompatible with C++98 [-Wc++98-compat]
[build]   219 |                                                     parse_error::create(101, m_lexer.get_position(), exception_message(token_type::value_string, "object key"), nullptr));
[build]       |                                                                                                                        ^
[build] C:\Users\pperv\code\unnamed_rpg\vendor\json\include\nlohmann/detail/input/parser.hpp(227,65): warning: enumeration type in nested name specifier is incompatible with C++98 [-Wc++98-compat]
[build]   227 |                         if (JSON_HEDLEY_UNLIKELY(get_token() != token_type::name_separator))
[build]       |                                                                 ^
[build] C:\Users\pperv\code\unnamed_rpg\vendor\json\include\nlohmann/detail/input/parser.hpp(231,120): warning: enumeration type in nested name specifier is incompatible with C++98 [-Wc++98-compat]
[build]   231 |                                                     parse_error::create(101, m_lexer.get_position(), exception_message(token_type::name_separator, "object separator"), nullptr));
[build]       |                                                                                                                        ^
[build] C:\Users\pperv\code\unnamed_rpg\vendor\json\include\nlohmann/detail/input/parser.hpp(242,26): warning: enumeration type in nested name specifier is incompatible with C++98 [-Wc++98-compat]
[build]   242 |                     case token_type::begin_array:
[build]       |                          ^
[build] C:\Users\pperv\code\unnamed_rpg\vendor\json\include\nlohmann/detail/input/parser.hpp(250,44): warning: enumeration type in nested name specifier is incompatible with C++98 [-Wc++98-compat]
[build]   250 |                         if (get_token() == token_type::end_array)
[build]       |                                            ^
[build] C:\Users\pperv\code\unnamed_rpg\vendor\json\include\nlohmann/detail/input/parser.hpp(266,26): warning: enumeration type in nested name specifier is incompatible with C++98 [-Wc++98-compat]
[build]   266 |                     case token_type::value_float:
[build]       |                          ^
[build] C:\Users\pperv\code\unnamed_rpg\vendor\json\include\nlohmann/detail/input/parser.hpp(285,26): warning: enumeration type in nested name specifier is incompatible with C++98 [-Wc++98-compat]
[build]   285 |                     case token_type::literal_false:
[build]       |                          ^
[build] C:\Users\pperv\code\unnamed_rpg\vendor\json\include\nlohmann/detail/input/parser.hpp(294,26): warning: enumeration type in nested name specifier is incompatible with C++98 [-Wc++98-compat]
[build]   294 |                     case token_type::literal_null:
[build]       |                          ^
[build] C:\Users\pperv\code\unnamed_rpg\vendor\json\include\nlohmann/detail/input/parser.hpp(303,26): warning: enumeration type in nested name specifier is incompatible with C++98 [-Wc++98-compat]
[build]   303 |                     case token_type::literal_true:
[build]       |                          ^
[build] C:\Users\pperv\code\unnamed_rpg\vendor\json\include\nlohmann/detail/input/parser.hpp(312,26): warning: enumeration type in nested name specifier is incompatible with C++98 [-Wc++98-compat]
[build]   312 |                     case token_type::value_integer:
[build]       |                          ^
[build] C:\Users\pperv\code\unnamed_rpg\vendor\json\include\nlohmann/detail/input/parser.hpp(321,26): warning: enumeration type in nested name specifier is incompatible with C++98 [-Wc++98-compat]
[build]   321 |                     case token_type::value_string:
[build]       |                          ^
[build] C:\Users\pperv\code\unnamed_rpg\vendor\json\include\nlohmann/detail/input/parser.hpp(330,26): warning: enumeration type in nested name specifier is incompatible with C++98 [-Wc++98-compat]
[build]   330 |                     case token_type::value_unsigned:
[build]       |                          ^
[build] C:\Users\pperv\code\unnamed_rpg\vendor\json\include\nlohmann/detail/input/parser.hpp(339,26): warning: enumeration type in nested name specifier is incompatible with C++98 [-Wc++98-compat]
[build]   339 |                     case token_type::parse_error:
[build]       |                          ^
[build] C:\Users\pperv\code\unnamed_rpg\vendor\json\include\nlohmann/detail/input/parser.hpp(344,116): warning: enumeration type in nested name specifier is incompatible with C++98 [-Wc++98-compat]
[build]   344 |                                                 parse_error::create(101, m_lexer.get_position(), exception_message(token_type::uninitialized, "value"), nullptr));
[build]       |                                                                                                                    ^
[build] C:\Users\pperv\code\unnamed_rpg\vendor\json\include\nlohmann/detail/input/parser.hpp(346,26): warning: enumeration type in nested name specifier is incompatible with C++98 [-Wc++98-compat]
[build]   346 |                     case token_type::end_of_input:
[build]       |                          ^
[build] C:\Users\pperv\code\unnamed_rpg\vendor\json\include\nlohmann/detail/input/parser.hpp(358,116): warning: enumeration type in nested name specifier is incompatible with C++98 [-Wc++98-compat]
[build]   358 |                                                 parse_error::create(101, m_lexer.get_position(), exception_message(token_type::literal_or_value, "value"), nullptr));
[build]       |                                                                                                                    ^
[build] C:\Users\pperv\code\unnamed_rpg\vendor\json\include\nlohmann/detail/input/parser.hpp(360,26): warning: enumeration type in nested name specifier is incompatible with C++98 [-Wc++98-compat]
[build]   360 |                     case token_type::uninitialized:
[build]       |                          ^
[build] C:\Users\pperv\code\unnamed_rpg\vendor\json\include\nlohmann/detail/input/parser.hpp(361,26): warning: enumeration type in nested name specifier is incompatible with C++98 [-Wc++98-compat]
[build]   361 |                     case token_type::end_array:
[build]       |                          ^
[build] C:\Users\pperv\code\unnamed_rpg\vendor\json\include\nlohmann/detail/input/parser.hpp(362,26): warning: enumeration type in nested name specifier is incompatible with C++98 [-Wc++98-compat]
[build]   362 |                     case token_type::end_object:
[build]       |                          ^
[build] C:\Users\pperv\code\unnamed_rpg\vendor\json\include\nlohmann/detail/input/parser.hpp(363,26): warning: enumeration type in nested name specifier is incompatible with C++98 [-Wc++98-compat]
[build]   363 |                     case token_type::name_separator:
[build]       |                          ^
[build] C:\Users\pperv\code\unnamed_rpg\vendor\json\include\nlohmann/detail/input/parser.hpp(364,26): warning: enumeration type in nested name specifier is incompatible with C++98 [-Wc++98-compat]
[build]   364 |                     case token_type::value_separator:
[build]       |                          ^
[build] C:\Users\pperv\code\unnamed_rpg\vendor\json\include\nlohmann/detail/input/parser.hpp(365,26): warning: enumeration type in nested name specifier is incompatible with C++98 [-Wc++98-compat]
[build]   365 |                     case token_type::literal_or_value:
[build]       |                          ^
[build] C:\Users\pperv\code\unnamed_rpg\vendor\json\include\nlohmann/detail/input/parser.hpp(370,116): warning: enumeration type in nested name specifier is incompatible with C++98 [-Wc++98-compat]
[build]   370 |                                                 parse_error::create(101, m_lexer.get_position(), exception_message(token_type::literal_or_value, "value"), nullptr));
[build]       |                                                                                                                    ^
[build] C:\Users\pperv\code\unnamed_rpg\vendor\json\include\nlohmann/detail/input/parser.hpp(366,21): warning: default label in switch which covers all enumeration values [-Wcovered-switch-default]
[build]   366 |                     default: // the last token was unexpected
[build]       |                     ^
[build] C:\Users\pperv\code\unnamed_rpg\vendor\json\include\nlohmann/detail/input/parser.hpp(390,36): warning: enumeration type in nested name specifier is incompatible with C++98 [-Wc++98-compat]
[build]   390 |                 if (get_token() == token_type::value_separator)
[build]       |                                    ^
[build] C:\Users\pperv\code\unnamed_rpg\vendor\json\include\nlohmann/detail/input/parser.hpp(396,67): warning: enumeration type in nested name specifier is incompatible with C++98 [-Wc++98-compat]
[build]   396 |                     if (!(ignore_trailing_commas && last_token == token_type::end_array))
[build]       |                                                                   ^
[build] C:\Users\pperv\code\unnamed_rpg\vendor\json\include\nlohmann/detail/input/parser.hpp(403,54): warning: enumeration type in nested name specifier is incompatible with C++98 [-Wc++98-compat]
[build]   403 |                 if (JSON_HEDLEY_LIKELY(last_token == token_type::end_array))
[build]       |                                                      ^
[build] C:\Users\pperv\code\unnamed_rpg\vendor\json\include\nlohmann/detail/input/parser.hpp(422,108): warning: enumeration type in nested name specifier is incompatible with C++98 [-Wc++98-compat]
[build]   422 |                                         parse_error::create(101, m_lexer.get_position(), exception_message(token_type::end_array, "array"), nullptr));
[build]       |                                                                                                            ^
[build] C:\Users\pperv\code\unnamed_rpg\vendor\json\include\nlohmann/detail/input/parser.hpp(429,32): warning: enumeration type in nested name specifier is incompatible with C++98 [-Wc++98-compat]
[build]   429 |             if (get_token() == token_type::value_separator)
[build]       |                                ^
[build] C:\Users\pperv\code\unnamed_rpg\vendor\json\include\nlohmann/detail/input/parser.hpp(434,63): warning: enumeration type in nested name specifier is incompatible with C++98 [-Wc++98-compat]
[build]   434 |                 if (!(ignore_trailing_commas && last_token == token_type::end_object))
[build]       |                                                               ^
[build] C:\Users\pperv\code\unnamed_rpg\vendor\json\include\nlohmann/detail/input/parser.hpp(437,60): warning: enumeration type in nested name specifier is incompatible with C++98 [-Wc++98-compat]
[build]   437 |                     if (JSON_HEDLEY_UNLIKELY(last_token != token_type::value_string))
[build]       |                                                            ^
[build] C:\Users\pperv\code\unnamed_rpg\vendor\json\include\nlohmann/detail/input/parser.hpp(441,116): warning: enumeration type in nested name specifier is incompatible with C++98 [-Wc++98-compat]
[build]   441 |                                                 parse_error::create(101, m_lexer.get_position(), exception_message(token_type::value_string, "object key"), nullptr));
[build]       |                                                                                                                    ^
[build] C:\Users\pperv\code\unnamed_rpg\vendor\json\include\nlohmann/detail/input/parser.hpp(450,61): warning: enumeration type in nested name specifier is incompatible with C++98 [-Wc++98-compat]
[build]   450 |                     if (JSON_HEDLEY_UNLIKELY(get_token() != token_type::name_separator))
[build]       |                                                             ^
[build] C:\Users\pperv\code\unnamed_rpg\vendor\json\include\nlohmann/detail/input/parser.hpp(454,116): warning: enumeration type in nested name specifier is incompatible with C++98 [-Wc++98-compat]
[build]   454 |                                                 parse_error::create(101, m_lexer.get_position(), exception_message(token_type::name_separator, "object separator"), nullptr));
[build]       |                                                                                                                    ^
[build] C:\Users\pperv\code\unnamed_rpg\vendor\json\include\nlohmann/detail/input/parser.hpp(464,50): warning: enumeration type in nested name specifier is incompatible with C++98 [-Wc++98-compat]
[build]   464 |             if (JSON_HEDLEY_LIKELY(last_token == token_type::end_object))
[build]       |                                                  ^
[build] C:\Users\pperv\code\unnamed_rpg\vendor\json\include\nlohmann/detail/input/parser.hpp(483,104): warning: enumeration type in nested name specifier is incompatible with C++98 [-Wc++98-compat]
[build]   483 |                                     parse_error::create(101, m_lexer.get_position(), exception_message(token_type::end_object, "object"), nullptr));
[build]       |                                                                                                        ^
[build] In file included from C:\Users\pperv\code\unnamed_rpg\vendor\json-schema-validator\src\json-uri.cpp:9:
[build] In file included from C:\Users\pperv\code\unnamed_rpg\vendor\json-schema-validator\src\nlohmann/json-schema.hpp:24:
[build] In file included from C:\Users\pperv\code\unnamed_rpg\vendor\json\include\nlohmann/json.hpp:50:
[build] In file included from C:\Users\pperv\code\unnamed_rpg\vendor\json\include\nlohmann/detail/input/binary_reader.hpp:29:
[build] C:\Users\pperv\code\unnamed_rpg\vendor\json\include\nlohmann/detail/input/json_sax.hpp(195,22): warning: 'nullptr' is incompatible with C++98 [-Wc++98-compat]
[build]   195 |         handle_value(nullptr);
[build]       |                      ^
[build] In file included from C:\Users\pperv\code\unnamed_rpg\vendor\json-schema-validator\src\json-uri.cpp:9:
[build] In file included from C:\Users\pperv\code\unnamed_rpg\vendor\json-schema-validator\src\nlohmann/json-schema.hpp:24:
[build] C:\Users\pperv\code\unnamed_rpg\vendor\json\include\nlohmann/json.hpp(1278,30): warning: generalized initializer lists are incompatible with C++98 [-Wc++98-compat]
[build]  1278 |         other.m_data.m_value = {};
[build]       |                              ^ ~~
[build] C:\Users\pperv\code\unnamed_rpg\vendor\json\include\nlohmann/json.hpp(1277,31): warning: enumeration type in nested name specifier is incompatible with C++98 [-Wc++98-compat]
[build]  1277 |         other.m_data.m_type = value_t::null;
[build]       |                               ^
[build] C:\Users\pperv\code\unnamed_rpg\vendor\json\include\nlohmann/json.hpp(5294,12): note: in instantiation of member function 'nlohmann::basic_json<>::basic_json' requested here
[build]  5294 |     return nlohmann::json::parse(s, s + n);
[build]       |            ^
[build] C:\Users\pperv\code\unnamed_rpg\vendor\json\include\nlohmann/json.hpp(1278,32): warning: constructor call from initializer list is incompatible with C++98 [-Wc++98-compat]
[build]  1278 |         other.m_data.m_value = {};
[build]       |                                ^~
[build] In file included from C:\Users\pperv\code\unnamed_rpg\vendor\json-schema-validator\src\json-uri.cpp:9:
[build] In file included from C:\Users\pperv\code\unnamed_rpg\vendor\json-schema-validator\src\nlohmann/json-schema.hpp:24:
[build] In file included from C:\Users\pperv\code\unnamed_rpg\vendor\json\include\nlohmann/json.hpp:60:
[build] C:\Users\pperv\code\unnamed_rpg\vendor\json\include\nlohmann/detail/json_pointer.hpp(805,156): warning: 'nullptr' is incompatible with C++98 [-Wc++98-compat]
[build]   805 |             JSON_THROW(detail::parse_error::create(107, 1, detail::concat("JSON pointer must be empty or begin with '/' - was: '", reference_string, "'"), nullptr));
[build]       |                                                                                                                                                            ^
[build] C:\Users\pperv\code\unnamed_rpg\vendor\json\include\nlohmann/detail/json_pointer.hpp(826,13): warning: 'auto' type specifier is incompatible with C++98 [-Wc++98-compat]
[build]   826 |             auto reference_token = reference_string.substr(start, slash - start);
[build]       |             ^~~~
[build] C:\Users\pperv\code\unnamed_rpg\vendor\json\include\nlohmann/json.hpp(5316,12): note: in instantiation of member function 'nlohmann::json_pointer<std::basic_string<char>>::json_pointer' requested here
[build]  5316 |     return nlohmann::json::json_pointer(std::string(s, n));
[build]       |            ^
[build] In file included from C:\Users\pperv\code\unnamed_rpg\vendor\json-schema-validator\src\json-uri.cpp:9:
[build] In file included from C:\Users\pperv\code\unnamed_rpg\vendor\json-schema-validator\src\nlohmann/json-schema.hpp:24:
[build] In file included from C:\Users\pperv\code\unnamed_rpg\vendor\json\include\nlohmann/json.hpp:60:
[build] C:\Users\pperv\code\unnamed_rpg\vendor\json\include\nlohmann/detail/json_pointer.hpp(840,125): warning: 'nullptr' is incompatible with C++98 [-Wc++98-compat]
[build]   840 |                     JSON_THROW(detail::parse_error::create(108, 0, "escape character '~' must be followed with '0' or '1'", nullptr));
[build]       |                                                                                                                             ^
[build] In file included from C:\Users\pperv\code\unnamed_rpg\vendor\json-schema-validator\src\json-uri.cpp:9:
[build] In file included from C:\Users\pperv\code\unnamed_rpg\vendor\json-schema-validator\src\nlohmann/json-schema.hpp:24:
[build] In file included from C:\Users\pperv\code\unnamed_rpg\vendor\json\include\nlohmann/json.hpp:44:
[build] In file included from C:\Users\pperv\code\unnamed_rpg\vendor\json\include\nlohmann/adl_serializer.hpp:14:
[build] In file included from C:\Users\pperv\code\unnamed_rpg\vendor\json\include\nlohmann/detail/conversions/from_json.hpp:24:
[build] In file included from C:\Users\pperv\code\unnamed_rpg\vendor\json\include\nlohmann/detail/exceptions.hpp:21:
[build] C:\Users\pperv\code\unnamed_rpg\vendor\json\include\nlohmann/detail/string_escape.hpp(67,36): warning: generalized initializer lists are incompatible with C++98 [-Wc++98-compat]
[build]    67 |     replace_substring(s, StringType{"~1"}, StringType{"/"});
[build]       |                                    ^
[build] C:\Users\pperv\code\unnamed_rpg\vendor\json\include\nlohmann/detail/string_escape.hpp(67,54): warning: generalized initializer lists are incompatible with C++98 [-Wc++98-compat]
[build]    67 |     replace_substring(s, StringType{"~1"}, StringType{"/"});
[build]       |                                                      ^
[build] C:\Users\pperv\code\unnamed_rpg\vendor\json\include\nlohmann/detail/string_escape.hpp(68,36): warning: generalized initializer lists are incompatible with C++98 [-Wc++98-compat]
[build]    68 |     replace_substring(s, StringType{"~0"}, StringType{"~"});
[build]       |                                    ^
[build] C:\Users\pperv\code\unnamed_rpg\vendor\json\include\nlohmann/detail/string_escape.hpp(68,54): warning: generalized initializer lists are incompatible with C++98 [-Wc++98-compat]
[build]    68 |     replace_substring(s, StringType{"~0"}, StringType{"~"});
[build]       |                                                      ^
[build] C:\Users\pperv\code\unnamed_rpg\vendor\json\include\nlohmann/detail/string_escape.hpp(67,36): warning: constructor call from initializer list is incompatible with C++98 [-Wc++98-compat]
[build]    67 |     replace_substring(s, StringType{"~1"}, StringType{"/"});
[build]       |                                    ^~~~~~
[build] C:\Users\pperv\code\unnamed_rpg\vendor\json\include\nlohmann/detail/json_pointer.hpp(845,21): note: in instantiation of function template specialization 'nlohmann::detail::unescape<std::basic_string<char>>' requested here
[build]   845 |             detail::unescape(reference_token);
[build]       |                     ^
[build] C:\Users\pperv\code\unnamed_rpg\vendor\json\include\nlohmann/detail/json_pointer.hpp(63,28): note: in instantiation of member function 'nlohmann::json_pointer<std::basic_string<char>>::split' requested here
[build]    63 |         : reference_tokens(split(s))
[build]       |                            ^
[build] C:\Users\pperv\code\unnamed_rpg\vendor\json\include\nlohmann/json.hpp(5316,12): note: in instantiation of member function 'nlohmann::json_pointer<std::basic_string<char>>::json_pointer' requested here
[build]  5316 |     return nlohmann::json::json_pointer(std::string(s, n));
[build]       |            ^
[build] In file included from C:\Users\pperv\code\unnamed_rpg\vendor\json-schema-validator\src\json-uri.cpp:9:
[build] In file included from C:\Users\pperv\code\unnamed_rpg\vendor\json-schema-validator\src\nlohmann/json-schema.hpp:24:
[build] In file included from C:\Users\pperv\code\unnamed_rpg\vendor\json\include\nlohmann/json.hpp:44:
[build] In file included from C:\Users\pperv\code\unnamed_rpg\vendor\json\include\nlohmann/adl_serializer.hpp:14:
[build] In file included from C:\Users\pperv\code\unnamed_rpg\vendor\json\include\nlohmann/detail/conversions/from_json.hpp:24:
[build] In file included from C:\Users\pperv\code\unnamed_rpg\vendor\json\include\nlohmann/detail/exceptions.hpp:21:
[build] C:\Users\pperv\code\unnamed_rpg\vendor\json\include\nlohmann/detail/string_escape.hpp(67,54): warning: constructor call from initializer list is incompatible with C++98 [-Wc++98-compat]
[build]    67 |     replace_substring(s, StringType{"~1"}, StringType{"/"});
[build]       |                                                      ^~~~~
[build] C:\Users\pperv\code\unnamed_rpg\vendor\json\include\nlohmann/detail/string_escape.hpp(68,36): warning: constructor call from initializer list is incompatible with C++98 [-Wc++98-compat]
[build]    68 |     replace_substring(s, StringType{"~0"}, StringType{"~"});
[build]       |                                    ^~~~~~
[build] C:\Users\pperv\code\unnamed_rpg\vendor\json\include\nlohmann/detail/string_escape.hpp(68,54): warning: constructor call from initializer list is incompatible with C++98 [-Wc++98-compat]
[build]    68 |     replace_substring(s, StringType{"~0"}, StringType{"~"});
[build]       |                                                      ^~~~~
[build] C:\Users\pperv\code\unnamed_rpg\vendor\json\include\nlohmann/detail/string_escape.hpp(35,10): warning: 'auto' type specifier is incompatible with C++98 [-Wc++98-compat]
[build]    35 |     for (auto pos = s.find(f);                // find the first occurrence of f
[build]       |          ^~~~
[build] In file included from C:\Users\pperv\code\unnamed_rpg\vendor\json-schema-validator\src\json-uri.cpp:9:
[build] In file included from C:\Users\pperv\code\unnamed_rpg\vendor\json-schema-validator\src\nlohmann/json-schema.hpp:24:
[build] In file included from C:\Users\pperv\code\unnamed_rpg\vendor\json\include\nlohmann/json.hpp:60:
[build] C:\Users\pperv\code\unnamed_rpg\vendor\json\include\nlohmann/detail/json_pointer.hpp(71,40): warning: generalized initializer lists are incompatible with C++98 [-Wc++98-compat]
[build]    71 |                                string_t{},
[build]       |                                        ^
[build] C:\Users\pperv\code\unnamed_rpg\vendor\json\include\nlohmann/detail/json_pointer.hpp(72,32): warning: lambda expressions are incompatible with C++98 [-Wc++98-compat]
[build]    72 |                                [](const string_t& a, const string_t& b)
[build]       |                                ^
[build] C:\Users\pperv\code\unnamed_rpg\vendor\json\include\nlohmann/detail/json_pointer.hpp(71,40): warning: constructor call from initializer list is incompatible with C++98 [-Wc++98-compat]
[build]    71 |                                string_t{},
[build]       |                                        ^~
[build] C:\Users\pperv\code\unnamed_rpg\vendor\json-schema-validator\src\nlohmann/json-schema.hpp(64,103): note: in instantiation of member function 'nlohmann::json_pointer<std::basic_string<char>>::to_string' requested here
[build]    64 |                 return std::make_tuple(urn_, scheme_, authority_, path_, identifier_ != "" ? identifier_ : pointer_.to_string());
[build]       |                                                                                                                     ^
[build] In file included from C:\Users\pperv\code\unnamed_rpg\vendor\json-schema-validator\src\json-uri.cpp:9:
[build] In file included from C:\Users\pperv\code\unnamed_rpg\vendor\json-schema-validator\src\nlohmann/json-schema.hpp:24:
[build] In file included from C:\Users\pperv\code\unnamed_rpg\vendor\json\include\nlohmann/json.hpp:60:
[build] C:\Users\pperv\code\unnamed_rpg\vendor\json\include\nlohmann/detail/json_pointer.hpp(70,16): warning: local type '(lambda at C:\Users\pperv\code\unnamed_rpg\vendor\json\include\nlohmann\detail\json_pointer.hpp:72:32)' as template argument is incompatible with C++98 [-Wc++98-compat-local-type-template-args]
[build]    70 |         return std::accumulate(reference_tokens.begin(), reference_tokens.end(),
[build]       |                ^~~
[build] C:\Users\pperv\code\unnamed_rpg\vendor\json\include\nlohmann/detail/json_pointer.hpp(70,16): note: while substituting deduced template arguments into function template 'accumulate' [with _InIt = const_iterator, _Ty = string_t, _Fn = (lambda at C:\Users\pperv\code\unnamed_rpg\vendor\json\include\nlohmann\detail\json_pointer.hpp:72:32)]
[build] C:\Users\pperv\code\unnamed_rpg\vendor\json-schema-validator\src\nlohmann/json-schema.hpp(64,103): note: in instantiation of member function 'nlohmann::json_pointer<std::basic_string<char>>::to_string' requested here
[build]    64 |                 return std::make_tuple(urn_, scheme_, authority_, path_, identifier_ != "" ? identifier_ : pointer_.to_string());
[build]       |                                                                                                                     ^
[build] In file included from C:\Users\pperv\code\unnamed_rpg\vendor\json-schema-validator\src\json-uri.cpp:9:
[build] In file included from C:\Users\pperv\code\unnamed_rpg\vendor\json-schema-validator\src\nlohmann/json-schema.hpp:24:
[build] In file included from C:\Users\pperv\code\unnamed_rpg\vendor\json\include\nlohmann/json.hpp:44:
[build] In file included from C:\Users\pperv\code\unnamed_rpg\vendor\json\include\nlohmann/adl_serializer.hpp:14:
[build] In file included from C:\Users\pperv\code\unnamed_rpg\vendor\json\include\nlohmann/detail/conversions/from_json.hpp:24:
[build] In file included from C:\Users\pperv\code\unnamed_rpg\vendor\json\include\nlohmann/detail/exceptions.hpp:21:
[build] C:\Users\pperv\code\unnamed_rpg\vendor\json\include\nlohmann/detail/string_escape.hpp(52,36): warning: generalized initializer lists are incompatible with C++98 [-Wc++98-compat]
[build]    52 |     replace_substring(s, StringType{"~"}, StringType{"~0"});
[build]       |                                    ^
[build] C:\Users\pperv\code\unnamed_rpg\vendor\json\include\nlohmann/detail/string_escape.hpp(52,53): warning: generalized initializer lists are incompatible with C++98 [-Wc++98-compat]
[build]    52 |     replace_substring(s, StringType{"~"}, StringType{"~0"});
[build]       |                                                     ^
[build] C:\Users\pperv\code\unnamed_rpg\vendor\json\include\nlohmann/detail/string_escape.hpp(53,36): warning: generalized initializer lists are incompatible with C++98 [-Wc++98-compat]
[build]    53 |     replace_substring(s, StringType{"/"}, StringType{"~1"});
[build]       |                                    ^
[build] C:\Users\pperv\code\unnamed_rpg\vendor\json\include\nlohmann/detail/string_escape.hpp(53,53): warning: generalized initializer lists are incompatible with C++98 [-Wc++98-compat]
[build]    53 |     replace_substring(s, StringType{"/"}, StringType{"~1"});
[build]       |                                                     ^
[build] C:\Users\pperv\code\unnamed_rpg\vendor\json\include\nlohmann/detail/string_escape.hpp(52,36): warning: constructor call from initializer list is incompatible with C++98 [-Wc++98-compat]
[build]    52 |     replace_substring(s, StringType{"~"}, StringType{"~0"});
[build]       |                                    ^~~~~
[build] C:\Users\pperv\code\unnamed_rpg\vendor\json\include\nlohmann/detail/json_pointer.hpp(74,51): note: in instantiation of function template specialization 'nlohmann::detail::escape<std::basic_string<char>>' requested here
[build]    74 |             return detail::concat(a, '/', detail::escape(b));
[build]       |                                                   ^
[build] C:\Users\pperv\code\unnamed_rpg\vendor\json-schema-validator\src\nlohmann/json-schema.hpp(64,103): note: in instantiation of member function 'nlohmann::json_pointer<std::basic_string<char>>::to_string' requested here
[build]    64 |                 return std::make_tuple(urn_, scheme_, authority_, path_, identifier_ != "" ? identifier_ : pointer_.to_string());
[build]       |                                                                                                                     ^
[build] In file included from C:\Users\pperv\code\unnamed_rpg\vendor\json-schema-validator\src\json-uri.cpp:9:
[build] In file included from C:\Users\pperv\code\unnamed_rpg\vendor\json-schema-validator\src\nlohmann/json-schema.hpp:24:
[build] In file included from C:\Users\pperv\code\unnamed_rpg\vendor\json\include\nlohmann/json.hpp:44:
[build] In file included from C:\Users\pperv\code\unnamed_rpg\vendor\json\include\nlohmann/adl_serializer.hpp:14:
[build] In file included from C:\Users\pperv\code\unnamed_rpg\vendor\json\include\nlohmann/detail/conversions/from_json.hpp:24:
[build] In file included from C:\Users\pperv\code\unnamed_rpg\vendor\json\include\nlohmann/detail/exceptions.hpp:21:
[build] C:\Users\pperv\code\unnamed_rpg\vendor\json\include\nlohmann/detail/string_escape.hpp(52,53): warning: constructor call from initializer list is incompatible with C++98 [-Wc++98-compat]
[build]    52 |     replace_substring(s, StringType{"~"}, StringType{"~0"});
[build]       |                                                     ^~~~~~
[build] C:\Users\pperv\code\unnamed_rpg\vendor\json\include\nlohmann/detail/string_escape.hpp(53,36): warning: constructor call from initializer list is incompatible with C++98 [-Wc++98-compat]
[build]    53 |     replace_substring(s, StringType{"/"}, StringType{"~1"});
[build]       |                                    ^~~~~
[build] C:\Users\pperv\code\unnamed_rpg\vendor\json\include\nlohmann/detail/string_escape.hpp(53,53): warning: constructor call from initializer list is incompatible with C++98 [-Wc++98-compat]
[build]    53 |     replace_substring(s, StringType{"/"}, StringType{"~1"});
[build]       |                                                     ^~~~~~
[build] In file included from C:\Users\pperv\code\unnamed_rpg\vendor\json-schema-validator\src\json-uri.cpp:9:
[build] In file included from C:\Users\pperv\code\unnamed_rpg\vendor\json-schema-validator\src\nlohmann/json-schema.hpp:24:
[build] In file included from C:\Users\pperv\code\unnamed_rpg\vendor\json\include\nlohmann/json.hpp:44:
[build] In file included from C:\Users\pperv\code\unnamed_rpg\vendor\json\include\nlohmann/adl_serializer.hpp:14:
[build] In file included from C:\Users\pperv\code\unnamed_rpg\vendor\json\include\nlohmann/detail/conversions/from_json.hpp:24:
[build] In file included from C:\Users\pperv\code\unnamed_rpg\vendor\json\include\nlohmann/detail/exceptions.hpp:26:
[build] C:\Users\pperv\code\unnamed_rpg\vendor\json\include\nlohmann/detail/string_concat.hpp(43,12): warning: function 'strlen' is unsafe [-Wunsafe-buffer-usage-in-libc-call]
[build]    43 |     return ::strlen(cstr) + concat_length(rest...);
[build]       |            ^~~~~~~~~~~~~~
[build] C:\Users\pperv\code\unnamed_rpg\vendor\json\include\nlohmann/detail/string_concat.hpp(43,12): warning: function 'strlen' is unsafe [-Wunsafe-buffer-usage-in-libc-call]
[build]    43 |     return ::strlen(cstr) + concat_length(rest...);
[build]       |            ^~~~~~~~~~~~~~
[build] C:\Users\pperv\code\unnamed_rpg\vendor\json\include\nlohmann/detail/string_concat.hpp(43,12): warning: function 'strlen' is unsafe [-Wunsafe-buffer-usage-in-libc-call]
[build]    43 |     return ::strlen(cstr) + concat_length(rest...);
[build]       |            ^~~~~~~~~~~~~~
[build] C:\Users\pperv\code\unnamed_rpg\vendor\json\include\nlohmann/detail/string_concat.hpp(43,12): warning: function 'strlen' is unsafe [-Wunsafe-buffer-usage-in-libc-call]
[build]    43 |     return ::strlen(cstr) + concat_length(rest...);
[build]       |            ^~~~~~~~~~~~~~
[build] C:\Users\pperv\code\unnamed_rpg\vendor\json\include\nlohmann/detail/string_concat.hpp(43,12): warning: function 'strlen' is unsafe [-Wunsafe-buffer-usage-in-libc-call]
[build]    43 |     return ::strlen(cstr) + concat_length(rest...);
[build]       |            ^~~~~~~~~~~~~~
[build] C:\Users\pperv\code\unnamed_rpg\vendor\json\include\nlohmann/detail/string_concat.hpp(43,12): warning: function 'strlen' is unsafe [-Wunsafe-buffer-usage-in-libc-call]
[build]    43 |     return ::strlen(cstr) + concat_length(rest...);
[build]       |            ^~~~~~~~~~~~~~
[build] C:\Users\pperv\code\unnamed_rpg\vendor\json\include\nlohmann/detail/string_concat.hpp(43,12): warning: function 'strlen' is unsafe [-Wunsafe-buffer-usage-in-libc-call]
[build]    43 |     return ::strlen(cstr) + concat_length(rest...);
[build]       |            ^~~~~~~~~~~~~~
[build] C:\Users\pperv\code\unnamed_rpg\vendor\json\include\nlohmann/detail/string_concat.hpp(43,12): warning: function 'strlen' is unsafe [-Wunsafe-buffer-usage-in-libc-call]
[build]    43 |     return ::strlen(cstr) + concat_length(rest...);
[build]       |            ^~~~~~~~~~~~~~
[build] C:\Users\pperv\code\unnamed_rpg\vendor\json\include\nlohmann/detail/string_concat.hpp(43,12): warning: function 'strlen' is unsafe [-Wunsafe-buffer-usage-in-libc-call]
[build]    43 |     return ::strlen(cstr) + concat_length(rest...);
[build]       |            ^~~~~~~~~~~~~~
[build] C:\Users\pperv\code\unnamed_rpg\vendor\json\include\nlohmann/detail/string_concat.hpp(43,12): warning: function 'strlen' is unsafe [-Wunsafe-buffer-usage-in-libc-call]
[build]    43 |     return ::strlen(cstr) + concat_length(rest...);
[build]       |            ^~~~~~~~~~~~~~
[build] In file included from C:\Users\pperv\code\unnamed_rpg\vendor\json-schema-validator\src\json-uri.cpp:9:
[build] In file included from C:\Users\pperv\code\unnamed_rpg\vendor\json-schema-validator\src\nlohmann/json-schema.hpp:24:
[build] In file included from C:\Users\pperv\code\unnamed_rpg\vendor\json\include\nlohmann/json.hpp:50:
[build] In file included from C:\Users\pperv\code\unnamed_rpg\vendor\json\include\nlohmann/detail/input/binary_reader.hpp:29:
[build] In file included from C:\Users\pperv\code\unnamed_rpg\vendor\json\include\nlohmann/detail/input/json_sax.hpp:18:
[build] C:\Users\pperv\code\unnamed_rpg\vendor\json\include\nlohmann/detail/input/lexer.hpp(251,68): warning: unsafe pointer arithmetic [-Wunsafe-buffer-usage]
[build]   251 |         for (auto range = ranges.begin(); range != ranges.end(); ++range)
[build]       |                                                                    ^~~~~
[build] C:\Users\pperv\code\unnamed_rpg\vendor\json\include\nlohmann/detail/input/lexer.hpp(254,72): warning: unsafe pointer arithmetic [-Wunsafe-buffer-usage]
[build]   254 |             if (JSON_HEDLEY_LIKELY(*range <= current && current <= *(++range))) // NOLINT(bugprone-inc-dec-in-conditions)
[build]       |                                                                        ^~~~~
[build] C:\Users\pperv\code\unnamed_rpg\vendor\json\include\nlohmann/detail/input/lexer.hpp(953,13): warning: function 'strtod' is unsafe [-Wunsafe-buffer-usage-in-libc-call]
[build]   953 |         f = std::strtod(str, endptr);
[build]       |             ^~~~~~~~~~~~~~~~~~~~~~~~
[build] C:\Users\pperv\code\unnamed_rpg\vendor\json\include\nlohmann/detail/input/lexer.hpp(1288,28): warning: function 'strtoull' is unsafe [-Wunsafe-buffer-usage-in-libc-call]
[build]  1288 |             const auto x = std::strtoull(token_buffer.data(), &endptr, 10);
[build]       |                            ^~~~~~~~~~~~~~~~~~~~~~~~~~~~~~~~~~~~~~~~~~~~~~~
[build] C:\Users\pperv\code\unnamed_rpg\vendor\json\include\nlohmann/detail/input/lexer.hpp(1291,48): warning: unsafe pointer arithmetic [-Wunsafe-buffer-usage]
[build]  1291 |             JSON_ASSERT(endptr == token_buffer.data() + token_buffer.size());
[build]       |                                   ~~~~~~~~~~~~~^~~~~~
[build] C:\Users\pperv\code\unnamed_rpg\vendor\json\include\nlohmann/detail/macro_scope.hpp(233,35): note: expanded from macro 'JSON_ASSERT'
[build]   233 |     #define JSON_ASSERT(x) assert(x)
[build]       |                                   ^
[build] C:\Program Files (x86)\Windows Kits\10\include\10.0.26100.0\ucrt\assert.h(40,17): note: expanded from macro 'assert'
[build]    40 |             (!!(expression)) ||                                                               \
[build]       |                 ^~~~~~~~~~
[build] In file included from C:\Users\pperv\code\unnamed_rpg\vendor\json-schema-validator\src\json-uri.cpp:9:
[build] In file included from C:\Users\pperv\code\unnamed_rpg\vendor\json-schema-validator\src\nlohmann/json-schema.hpp:24:
[build] In file included from C:\Users\pperv\code\unnamed_rpg\vendor\json\include\nlohmann/json.hpp:50:
[build] In file included from C:\Users\pperv\code\unnamed_rpg\vendor\json\include\nlohmann/detail/input/binary_reader.hpp:29:
[build] In file included from C:\Users\pperv\code\unnamed_rpg\vendor\json\include\nlohmann/detail/input/json_sax.hpp:18:
[build] C:\Users\pperv\code\unnamed_rpg\vendor\json\include\nlohmann/detail/input/lexer.hpp(1304,28): warning: function 'strtoll' is unsafe [-Wunsafe-buffer-usage-in-libc-call]
[build]  1304 |             const auto x = std::strtoll(token_buffer.data(), &endptr, 10);
[build]       |                            ^~~~~~~~~~~~~~~~~~~~~~~~~~~~~~~~~~~~~~~~~~~~~~
[build] C:\Users\pperv\code\unnamed_rpg\vendor\json\include\nlohmann/detail/input/lexer.hpp(1307,48): warning: unsafe pointer arithmetic [-Wunsafe-buffer-usage]
[build]  1307 |             JSON_ASSERT(endptr == token_buffer.data() + token_buffer.size());
[build]       |                                   ~~~~~~~~~~~~~^~~~~~
[build] C:\Users\pperv\code\unnamed_rpg\vendor\json\include\nlohmann/detail/macro_scope.hpp(233,35): note: expanded from macro 'JSON_ASSERT'
[build]   233 |     #define JSON_ASSERT(x) assert(x)
[build]       |                                   ^
[build] C:\Program Files (x86)\Windows Kits\10\include\10.0.26100.0\ucrt\assert.h(40,17): note: expanded from macro 'assert'
[build]    40 |             (!!(expression)) ||                                                               \
[build]       |                 ^~~~~~~~~~
[build] In file included from C:\Users\pperv\code\unnamed_rpg\vendor\json-schema-validator\src\json-uri.cpp:9:
[build] In file included from C:\Users\pperv\code\unnamed_rpg\vendor\json-schema-validator\src\nlohmann/json-schema.hpp:24:
[build] In file included from C:\Users\pperv\code\unnamed_rpg\vendor\json\include\nlohmann/json.hpp:50:
[build] In file included from C:\Users\pperv\code\unnamed_rpg\vendor\json\include\nlohmann/detail/input/binary_reader.hpp:29:
[build] In file included from C:\Users\pperv\code\unnamed_rpg\vendor\json\include\nlohmann/detail/input/json_sax.hpp:18:
[build] C:\Users\pperv\code\unnamed_rpg\vendor\json\include\nlohmann/detail/input/lexer.hpp(1324,44): warning: unsafe pointer arithmetic [-Wunsafe-buffer-usage]
[build]  1324 |         JSON_ASSERT(endptr == token_buffer.data() + token_buffer.size());
[build]       |                               ~~~~~~~~~~~~~^~~~~~
[build] C:\Users\pperv\code\unnamed_rpg\vendor\json\include\nlohmann/detail/macro_scope.hpp(233,35): note: expanded from macro 'JSON_ASSERT'
[build]   233 |     #define JSON_ASSERT(x) assert(x)
[build]       |                                   ^
[build] C:\Program Files (x86)\Windows Kits\10\include\10.0.26100.0\ucrt\assert.h(40,17): note: expanded from macro 'assert'
[build]    40 |             (!!(expression)) ||                                                               \
[build]       |                 ^~~~~~~~~~
[build] In file included from C:\Users\pperv\code\unnamed_rpg\vendor\json-schema-validator\src\json-uri.cpp:9:
[build] In file included from C:\Users\pperv\code\unnamed_rpg\vendor\json-schema-validator\src\nlohmann/json-schema.hpp:24:
[build] In file included from C:\Users\pperv\code\unnamed_rpg\vendor\json\include\nlohmann/json.hpp:50:
[build] In file included from C:\Users\pperv\code\unnamed_rpg\vendor\json\include\nlohmann/detail/input/binary_reader.hpp:29:
[build] In file included from C:\Users\pperv\code\unnamed_rpg\vendor\json\include\nlohmann/detail/input/json_sax.hpp:18:
[build] C:\Users\pperv\code\unnamed_rpg\vendor\json\include\nlohmann/detail/input/lexer.hpp(1341,85): warning: unsafe buffer access [-Wunsafe-buffer-usage]
[build]  1341 |             if (JSON_HEDLEY_UNLIKELY(char_traits<char_type>::to_char_type(get()) != literal_text[i]))
[build]       |                                                                                     ^~~~~~~~~~~~
[build] In file included from C:\Users\pperv\code\unnamed_rpg\vendor\json-schema-validator\src\json-uri.cpp:9:
[build] In file included from C:\Users\pperv\code\unnamed_rpg\vendor\json-schema-validator\src\nlohmann/json-schema.hpp:24:
[build] In file included from C:\Users\pperv\code\unnamed_rpg\vendor\json\include\nlohmann/json.hpp:70:
[build] In file included from C:\Users\pperv\code\unnamed_rpg\vendor\json\include\nlohmann/detail/output/serializer.hpp:25:
[build] C:\Users\pperv\code\unnamed_rpg\vendor\json\include\nlohmann/detail/conversions/to_chars.hpp(577,21): warning: unsafe buffer access [-Wunsafe-buffer-usage]
[build]   577 |         JSON_ASSERT(buf[len - 1] != '0');
[build]       |                     ^~~
[build] C:\Users\pperv\code\unnamed_rpg\vendor\json\include\nlohmann/detail/conversions/to_chars.hpp(578,9): warning: unsafe buffer access [-Wunsafe-buffer-usage]
[build]   578 |         buf[len - 1]--;
[build]       |         ^~~
[build] C:\Users\pperv\code\unnamed_rpg\vendor\json\include\nlohmann/detail/conversions/to_chars.hpp(664,9): warning: unsafe buffer access [-Wunsafe-buffer-usage]
[build]   664 |         buffer[length++] = static_cast<char>('0' + d); // buffer := buffer * 10 + d
[build]       |         ^~~~~~
[build] C:\Users\pperv\code\unnamed_rpg\vendor\json\include\nlohmann/detail/conversions/to_chars.hpp(771,9): warning: unsafe buffer access [-Wunsafe-buffer-usage]
[build]   771 |         buffer[length++] = static_cast<char>('0' + d); // buffer := buffer * 10 + d
[build]       |         ^~~~~~
[build] C:\Users\pperv\code\unnamed_rpg\vendor\json\include\nlohmann/detail/conversions/to_chars.hpp(936,10): warning: unsafe pointer arithmetic [-Wunsafe-buffer-usage]
[build]   936 |         *buf++ = '-';
[build]       |          ^~~
[build] C:\Users\pperv\code\unnamed_rpg\vendor\json\include\nlohmann/detail/conversions/to_chars.hpp(940,10): warning: unsafe pointer arithmetic [-Wunsafe-buffer-usage]
[build]   940 |         *buf++ = '+';
[build]       |          ^~~
[build] C:\Users\pperv\code\unnamed_rpg\vendor\json\include\nlohmann/detail/conversions/to_chars.hpp(948,10): warning: unsafe pointer arithmetic [-Wunsafe-buffer-usage]
[build]   948 |         *buf++ = '0';
[build]       |          ^~~
[build] C:\Users\pperv\code\unnamed_rpg\vendor\json\include\nlohmann/detail/conversions/to_chars.hpp(949,10): warning: unsafe pointer arithmetic [-Wunsafe-buffer-usage]
[build]   949 |         *buf++ = static_cast<char>('0' + k);
[build]       |          ^~~
[build] C:\Users\pperv\code\unnamed_rpg\vendor\json\include\nlohmann/detail/conversions/to_chars.hpp(953,10): warning: unsafe pointer arithmetic [-Wunsafe-buffer-usage]
[build]   953 |         *buf++ = static_cast<char>('0' + (k / 10));
[build]       |          ^~~
[build] C:\Users\pperv\code\unnamed_rpg\vendor\json\include\nlohmann/detail/conversions/to_chars.hpp(955,10): warning: unsafe pointer arithmetic [-Wunsafe-buffer-usage]
[build]   955 |         *buf++ = static_cast<char>('0' + k);
[build]       |          ^~~
[build] C:\Users\pperv\code\unnamed_rpg\vendor\json\include\nlohmann/detail/conversions/to_chars.hpp(959,10): warning: unsafe pointer arithmetic [-Wunsafe-buffer-usage]
[build]   959 |         *buf++ = static_cast<char>('0' + (k / 100));
[build]       |          ^~~
[build] C:\Users\pperv\code\unnamed_rpg\vendor\json\include\nlohmann/detail/conversions/to_chars.hpp(961,10): warning: unsafe pointer arithmetic [-Wunsafe-buffer-usage]
[build]   961 |         *buf++ = static_cast<char>('0' + (k / 10));
[build]       |          ^~~
[build] C:\Users\pperv\code\unnamed_rpg\vendor\json\include\nlohmann/detail/conversions/to_chars.hpp(963,10): warning: unsafe pointer arithmetic [-Wunsafe-buffer-usage]
[build]   963 |         *buf++ = static_cast<char>('0' + k);
[build]       |          ^~~
[build] C:\Users\pperv\code\unnamed_rpg\vendor\json\include\nlohmann/detail/conversions/to_chars.hpp(998,9): warning: function 'memset' is unsafe [-Wunsafe-buffer-usage-in-libc-call]
[build]   998 |         std::memset(buf + k, '0', static_cast<size_t>(n) - static_cast<size_t>(k));
[build]       |         ^~~~~~~~~~~~~~~~~~~~~~~~~~~~~~~~~~~~~~~~~~~~~~~~~~~~~~~~~~~~~~~~~~~~~~~~~~
[build] C:\Users\pperv\code\unnamed_rpg\vendor\json\include\nlohmann/detail/conversions/to_chars.hpp(998,21): warning: unsafe pointer arithmetic [-Wunsafe-buffer-usage]
[build]   998 |         std::memset(buf + k, '0', static_cast<size_t>(n) - static_cast<size_t>(k));
[build]       |                     ^~~
[build] C:\Users\pperv\code\unnamed_rpg\vendor\json\include\nlohmann/detail/conversions/to_chars.hpp(1000,9): warning: unsafe buffer access [-Wunsafe-buffer-usage]
[build]  1000 |         buf[n + 0] = '.';
[build]       |         ^~~
[build] C:\Users\pperv\code\unnamed_rpg\vendor\json\include\nlohmann/detail/conversions/to_chars.hpp(1001,9): warning: unsafe buffer access [-Wunsafe-buffer-usage]
[build]  1001 |         buf[n + 1] = '0';
[build]       |         ^~~
[build] C:\Users\pperv\code\unnamed_rpg\vendor\json\include\nlohmann/detail/conversions/to_chars.hpp(1002,16): warning: unsafe pointer arithmetic [-Wunsafe-buffer-usage]
[build]  1002 |         return buf + (static_cast<size_t>(n) + 2);
[build]       |                ^~~
[build] C:\Users\pperv\code\unnamed_rpg\vendor\json\include\nlohmann/detail/conversions/to_chars.hpp(1012,9): warning: function 'memmove' is unsafe [-Wunsafe-buffer-usage-in-libc-call]
[build]  1012 |         std::memmove(buf + (static_cast<size_t>(n) + 1), buf + n, static_cast<size_t>(k) - static_cast<size_t>(n));
[build]       |         ^~~~~~~~~~~~~~~~~~~~~~~~~~~~~~~~~~~~~~~~~~~~~~~~~~~~~~~~~~~~~~~~~~~~~~~~~~~~~~~~~~~~~~~~~~~~~~~~~~~~~~~~~~
[build] C:\Users\pperv\code\unnamed_rpg\vendor\json\include\nlohmann/detail/conversions/to_chars.hpp(1012,22): warning: unsafe pointer arithmetic [-Wunsafe-buffer-usage]
[build]  1012 |         std::memmove(buf + (static_cast<size_t>(n) + 1), buf + n, static_cast<size_t>(k) - static_cast<size_t>(n));
[build]       |                      ^~~
[build] C:\Users\pperv\code\unnamed_rpg\vendor\json\include\nlohmann/detail/conversions/to_chars.hpp(1012,58): warning: unsafe pointer arithmetic [-Wunsafe-buffer-usage]
[build]  1012 |         std::memmove(buf + (static_cast<size_t>(n) + 1), buf + n, static_cast<size_t>(k) - static_cast<size_t>(n));
[build]       |                                                          ^~~
[build] C:\Users\pperv\code\unnamed_rpg\vendor\json\include\nlohmann/detail/conversions/to_chars.hpp(1013,9): warning: unsafe buffer access [-Wunsafe-buffer-usage]
[build]  1013 |         buf[n] = '.';
[build]       |         ^~~
[build] C:\Users\pperv\code\unnamed_rpg\vendor\json\include\nlohmann/detail/conversions/to_chars.hpp(1014,16): warning: unsafe pointer arithmetic [-Wunsafe-buffer-usage]
[build]  1014 |         return buf + (static_cast<size_t>(k) + 1U);
[build]       |                ^~~
[build] C:\Users\pperv\code\unnamed_rpg\vendor\json\include\nlohmann/detail/conversions/to_chars.hpp(1022,9): warning: function 'memmove' is unsafe [-Wunsafe-buffer-usage-in-libc-call]
[build]  1022 |         std::memmove(buf + (2 + static_cast<size_t>(-n)), buf, static_cast<size_t>(k));
[build]       |         ^~~~~~~~~~~~~~~~~~~~~~~~~~~~~~~~~~~~~~~~~~~~~~~~~~~~~~~~~~~~~~~~~~~~~~~~~~~~~~
[build] C:\Users\pperv\code\unnamed_rpg\vendor\json\include\nlohmann/detail/conversions/to_chars.hpp(1022,22): warning: unsafe pointer arithmetic [-Wunsafe-buffer-usage]
[build]  1022 |         std::memmove(buf + (2 + static_cast<size_t>(-n)), buf, static_cast<size_t>(k));
[build]       |                      ^~~
[build] C:\Users\pperv\code\unnamed_rpg\vendor\json\include\nlohmann/detail/conversions/to_chars.hpp(1024,9): warning: unsafe buffer access [-Wunsafe-buffer-usage]
[build]  1024 |         buf[1] = '.';
[build]       |         ^~~
[build] C:\Users\pperv\code\unnamed_rpg\vendor\json\include\nlohmann/detail/conversions/to_chars.hpp(1025,9): warning: function 'memset' is unsafe [-Wunsafe-buffer-usage-in-libc-call]
[build]  1025 |         std::memset(buf + 2, '0', static_cast<size_t>(-n));
[build]       |         ^~~~~~~~~~~~~~~~~~~~~~~~~~~~~~~~~~~~~~~~~~~~~~~~~~
[build] C:\Users\pperv\code\unnamed_rpg\vendor\json\include\nlohmann/detail/conversions/to_chars.hpp(1025,21): warning: unsafe pointer arithmetic [-Wunsafe-buffer-usage]
[build]  1025 |         std::memset(buf + 2, '0', static_cast<size_t>(-n));
[build]       |                     ^~~
[build] C:\Users\pperv\code\unnamed_rpg\vendor\json\include\nlohmann/detail/conversions/to_chars.hpp(1026,16): warning: unsafe pointer arithmetic [-Wunsafe-buffer-usage]
[build]  1026 |         return buf + (2U + static_cast<size_t>(-n) + static_cast<size_t>(k));
[build]       |                ^~~
[build] C:\Users\pperv\code\unnamed_rpg\vendor\json\include\nlohmann/detail/conversions/to_chars.hpp(1034,9): warning: unsafe pointer arithmetic [-Wunsafe-buffer-usage]
[build]  1034 |         buf += 1;
[build]       |         ^~~
[build] C:\Users\pperv\code\unnamed_rpg\vendor\json\include\nlohmann/detail/conversions/to_chars.hpp(1041,9): warning: function 'memmove' is unsafe [-Wunsafe-buffer-usage-in-libc-call]
[build]  1041 |         std::memmove(buf + 2, buf + 1, static_cast<size_t>(k) - 1);
[build]       |         ^~~~~~~~~~~~~~~~~~~~~~~~~~~~~~~~~~~~~~~~~~~~~~~~~~~~~~~~~~
[build] C:\Users\pperv\code\unnamed_rpg\vendor\json\include\nlohmann/detail/conversions/to_chars.hpp(1041,22): warning: unsafe pointer arithmetic [-Wunsafe-buffer-usage]
[build]  1041 |         std::memmove(buf + 2, buf + 1, static_cast<size_t>(k) - 1);
[build]       |                      ^~~
[build] C:\Users\pperv\code\unnamed_rpg\vendor\json\include\nlohmann/detail/conversions/to_chars.hpp(1041,31): warning: unsafe pointer arithmetic [-Wunsafe-buffer-usage]
[build]  1041 |         std::memmove(buf + 2, buf + 1, static_cast<size_t>(k) - 1);
[build]       |                               ^~~
[build] C:\Users\pperv\code\unnamed_rpg\vendor\json\include\nlohmann/detail/conversions/to_chars.hpp(1042,9): warning: unsafe buffer access [-Wunsafe-buffer-usage]
[build]  1042 |         buf[1] = '.';
[build]       |         ^~~
[build] C:\Users\pperv\code\unnamed_rpg\vendor\json\include\nlohmann/detail/conversions/to_chars.hpp(1043,9): warning: unsafe pointer arithmetic [-Wunsafe-buffer-usage]
[build]  1043 |         buf += 1 + static_cast<size_t>(k);
[build]       |         ^~~
[build] C:\Users\pperv\code\unnamed_rpg\vendor\json\include\nlohmann/detail/conversions/to_chars.hpp(1046,6): warning: unsafe pointer arithmetic [-Wunsafe-buffer-usage]
[build]  1046 |     *buf++ = 'e';
[build]       |      ^~~
[build] In file included from C:\Users\pperv\code\unnamed_rpg\vendor\json-schema-validator\src\json-uri.cpp:9:
[build] In file included from C:\Users\pperv\code\unnamed_rpg\vendor\json-schema-validator\src\nlohmann/json-schema.hpp:24:
[build] C:\Users\pperv\code\unnamed_rpg\vendor\json\include\nlohmann/json.hpp(5294,37): warning: unsafe pointer arithmetic [-Wunsafe-buffer-usage]
[build]  5294 |     return nlohmann::json::parse(s, s + n);
[build]       |                                     ^
[build] C:\Users\pperv\code\unnamed_rpg\vendor\json-schema-validator\src\json-uri.cpp(38,35): warning: function 'strtoul' is unsafe [-Wunsafe-buffer-usage-in-libc-call]
[build]    38 |                         char ascii = static_cast<char>(std::strtoul(hex.c_str(), nullptr, 16));
[build]       |                                                        ^~~~~~~~~~~~~~~~~~~~~~~~~~~~~~~~~~~~~~
[build] 2644 warnings generated.
[build] [18/19  78% :: 8.313] Building CXX object vendor\json-schema-validator\CMakeFiles\nlohmann_json_schema_validator.dir\src\json-schema-draft7.json.cpp.obj
[build] In file included from C:\Users\pperv\code\unnamed_rpg\vendor\json-schema-validator\src\json-schema-draft7.json.cpp:9:
[build] In file included from C:\Users\pperv\code\unnamed_rpg\vendor\json\include\nlohmann/json.hpp:44:
[build] In file included from C:\Users\pperv\code\unnamed_rpg\vendor\json\include\nlohmann/adl_serializer.hpp:14:
[build] In file included from C:\Users\pperv\code\unnamed_rpg\vendor\json\include\nlohmann/detail/conversions/from_json.hpp:24:
[build] In file included from C:\Users\pperv\code\unnamed_rpg\vendor\json\include\nlohmann/detail/exceptions.hpp:20:
[build] In file included from C:\Users\pperv\code\unnamed_rpg\vendor\json\include\nlohmann/detail/value_t.hpp:16:
[build] In file included from C:\Users\pperv\code\unnamed_rpg\vendor\json\include\nlohmann/detail/macro_scope.hpp:12:
[build] In file included from C:\Users\pperv\code\unnamed_rpg\vendor\json\include\nlohmann/detail/meta/detected.hpp:13:
[build] C:\Users\pperv\code\unnamed_rpg\vendor\json\include\nlohmann/detail/meta/void_t.hpp(13,1): warning: empty macro arguments are incompatible with C++98 [-Wc++98-compat-pedantic]
[build]    13 | NLOHMANN_JSON_NAMESPACE_BEGIN
[build]       | ^
[build] C:\Users\pperv\code\unnamed_rpg\vendor\json\include\nlohmann/detail/abi_macros.hpp(102,17): note: expanded from macro 'NLOHMANN_JSON_NAMESPACE_BEGIN'
[build]   102 |                 NLOHMANN_JSON_ABI_TAGS,              \
[build]       |                 ^
[build] C:\Users\pperv\code\unnamed_rpg\vendor\json\include\nlohmann/detail/abi_macros.hpp(65,5): note: expanded from macro 'NLOHMANN_JSON_ABI_TAGS'
[build]    65 |     NLOHMANN_JSON_ABI_TAGS_CONCAT(                                   \
[build]       |     ^
[build] C:\Users\pperv\code\unnamed_rpg\vendor\json\include\nlohmann/detail/abi_macros.hpp(62,39): note: expanded from macro 'NLOHMANN_JSON_ABI_TAGS_CONCAT'
[build]    62 |     NLOHMANN_JSON_ABI_TAGS_CONCAT_EX(a, b, c)
[build]       |                                       ^
[build] In file included from C:\Users\pperv\code\unnamed_rpg\vendor\json-schema-validator\src\json-schema-draft7.json.cpp:9:
[build] In file included from C:\Users\pperv\code\unnamed_rpg\vendor\json\include\nlohmann/json.hpp:44:
[build] In file included from C:\Users\pperv\code\unnamed_rpg\vendor\json\include\nlohmann/adl_serializer.hpp:14:
[build] In file included from C:\Users\pperv\code\unnamed_rpg\vendor\json\include\nlohmann/detail/conversions/from_json.hpp:24:
[build] In file included from C:\Users\pperv\code\unnamed_rpg\vendor\json\include\nlohmann/detail/exceptions.hpp:20:
[build] In file included from C:\Users\pperv\code\unnamed_rpg\vendor\json\include\nlohmann/detail/value_t.hpp:16:
[build] In file included from C:\Users\pperv\code\unnamed_rpg\vendor\json\include\nlohmann/detail/macro_scope.hpp:12:
[build] In file included from C:\Users\pperv\code\unnamed_rpg\vendor\json\include\nlohmann/detail/meta/detected.hpp:13:
[build] C:\Users\pperv\code\unnamed_rpg\vendor\json\include\nlohmann/detail/meta/void_t.hpp(13,1): warning: empty macro arguments are incompatible with C++98 [-Wc++98-compat-pedantic]
[build] C:\Users\pperv\code\unnamed_rpg\vendor\json\include\nlohmann/detail/abi_macros.hpp(102,17): note: expanded from macro 'NLOHMANN_JSON_NAMESPACE_BEGIN'
[build]   102 |                 NLOHMANN_JSON_ABI_TAGS,              \
[build]       |                 ^
[build] C:\Users\pperv\code\unnamed_rpg\vendor\json\include\nlohmann/detail/abi_macros.hpp(65,5): note: expanded from macro 'NLOHMANN_JSON_ABI_TAGS'
[build]    65 |     NLOHMANN_JSON_ABI_TAGS_CONCAT(                                   \
[build]       |     ^
[build] C:\Users\pperv\code\unnamed_rpg\vendor\json\include\nlohmann/detail/abi_macros.hpp(62,42): note: expanded from macro 'NLOHMANN_JSON_ABI_TAGS_CONCAT'
[build]    62 |     NLOHMANN_JSON_ABI_TAGS_CONCAT_EX(a, b, c)
[build]       |                                          ^
[build] In file included from C:\Users\pperv\code\unnamed_rpg\vendor\json-schema-validator\src\json-schema-draft7.json.cpp:9:
[build] In file included from C:\Users\pperv\code\unnamed_rpg\vendor\json\include\nlohmann/json.hpp:44:
[build] In file included from C:\Users\pperv\code\unnamed_rpg\vendor\json\include\nlohmann/adl_serializer.hpp:14:
[build] In file included from C:\Users\pperv\code\unnamed_rpg\vendor\json\include\nlohmann/detail/conversions/from_json.hpp:24:
[build] In file included from C:\Users\pperv\code\unnamed_rpg\vendor\json\include\nlohmann/detail/exceptions.hpp:20:
[build] In file included from C:\Users\pperv\code\unnamed_rpg\vendor\json\include\nlohmann/detail/value_t.hpp:16:
[build] In file included from C:\Users\pperv\code\unnamed_rpg\vendor\json\include\nlohmann/detail/macro_scope.hpp:12:
[build] In file included from C:\Users\pperv\code\unnamed_rpg\vendor\json\include\nlohmann/detail/meta/detected.hpp:13:
[build] C:\Users\pperv\code\unnamed_rpg\vendor\json\include\nlohmann/detail/meta/void_t.hpp(13,1): warning: empty macro arguments are incompatible with C++98 [-Wc++98-compat-pedantic]
[build] C:\Users\pperv\code\unnamed_rpg\vendor\json\include\nlohmann/detail/abi_macros.hpp(102,17): note: expanded from macro 'NLOHMANN_JSON_NAMESPACE_BEGIN'
[build]   102 |                 NLOHMANN_JSON_ABI_TAGS,              \
[build]       |                 ^
[build] C:\Users\pperv\code\unnamed_rpg\vendor\json\include\nlohmann/detail/abi_macros.hpp(65,5): note: expanded from macro 'NLOHMANN_JSON_ABI_TAGS'
[build]    65 |     NLOHMANN_JSON_ABI_TAGS_CONCAT(                                   \
[build]       |     ^
[build] C:\Users\pperv\code\unnamed_rpg\vendor\json\include\nlohmann/detail/abi_macros.hpp(62,45): note: expanded from macro 'NLOHMANN_JSON_ABI_TAGS_CONCAT'
[build]    62 |     NLOHMANN_JSON_ABI_TAGS_CONCAT_EX(a, b, c)
[build]       |                                             ^
[build] In file included from C:\Users\pperv\code\unnamed_rpg\vendor\json-schema-validator\src\json-schema-draft7.json.cpp:9:
[build] In file included from C:\Users\pperv\code\unnamed_rpg\vendor\json\include\nlohmann/json.hpp:44:
[build] In file included from C:\Users\pperv\code\unnamed_rpg\vendor\json\include\nlohmann/adl_serializer.hpp:14:
[build] In file included from C:\Users\pperv\code\unnamed_rpg\vendor\json\include\nlohmann/detail/conversions/from_json.hpp:24:
[build] In file included from C:\Users\pperv\code\unnamed_rpg\vendor\json\include\nlohmann/detail/exceptions.hpp:20:
[build] In file included from C:\Users\pperv\code\unnamed_rpg\vendor\json\include\nlohmann/detail/value_t.hpp:16:
[build] In file included from C:\Users\pperv\code\unnamed_rpg\vendor\json\include\nlohmann/detail/macro_scope.hpp:12:
[build] In file included from C:\Users\pperv\code\unnamed_rpg\vendor\json\include\nlohmann/detail/meta/detected.hpp:13:
[build] C:\Users\pperv\code\unnamed_rpg\vendor\json\include\nlohmann/detail/meta/void_t.hpp(13,1): warning: inline namespaces are incompatible with C++98 [-Wc++98-compat]
[build] C:\Users\pperv\code\unnamed_rpg\vendor\json\include\nlohmann/detail/abi_macros.hpp(101,5): note: expanded from macro 'NLOHMANN_JSON_NAMESPACE_BEGIN'
[build]   101 |     inline namespace NLOHMANN_JSON_NAMESPACE_CONCAT( \
[build]       |     ^
[build] In file included from C:\Users\pperv\code\unnamed_rpg\vendor\json-schema-validator\src\json-schema-draft7.json.cpp:9:
[build] In file included from C:\Users\pperv\code\unnamed_rpg\vendor\json\include\nlohmann/json.hpp:44:
[build] In file included from C:\Users\pperv\code\unnamed_rpg\vendor\json\include\nlohmann/adl_serializer.hpp:14:
[build] In file included from C:\Users\pperv\code\unnamed_rpg\vendor\json\include\nlohmann/detail/conversions/from_json.hpp:24:
[build] In file included from C:\Users\pperv\code\unnamed_rpg\vendor\json\include\nlohmann/detail/exceptions.hpp:20:
[build] In file included from C:\Users\pperv\code\unnamed_rpg\vendor\json\include\nlohmann/detail/value_t.hpp:16:
[build] In file included from C:\Users\pperv\code\unnamed_rpg\vendor\json\include\nlohmann/detail/macro_scope.hpp:12:
[build] In file included from C:\Users\pperv\code\unnamed_rpg\vendor\json\include\nlohmann/detail/meta/detected.hpp:13:
[build] C:\Users\pperv\code\unnamed_rpg\vendor\json\include\nlohmann/detail/meta/void_t.hpp(17,19): warning: variadic templates are incompatible with C++98 [-Wc++98-compat]
[build]    17 | template<typename ...Ts> struct make_void
[build]       |                   ^
[build] C:\Users\pperv\code\unnamed_rpg\vendor\json\include\nlohmann/detail/meta/void_t.hpp(19,18): warning: alias declarations are incompatible with C++98 [-Wc++98-compat]
[build]    19 |     using type = void;
[build]       |                  ^
[build] C:\Users\pperv\code\unnamed_rpg\vendor\json\include\nlohmann/detail/meta/void_t.hpp(21,19): warning: variadic templates are incompatible with C++98 [-Wc++98-compat]
[build]    21 | template<typename ...Ts> using void_t = typename make_void<Ts...>::type;
[build]       |                   ^
[build] C:\Users\pperv\code\unnamed_rpg\vendor\json\include\nlohmann/detail/meta/void_t.hpp(21,41): warning: alias declarations are incompatible with C++98 [-Wc++98-compat]
[build]    21 | template<typename ...Ts> using void_t = typename make_void<Ts...>::type;
[build]       |                                         ^
[build] In file included from C:\Users\pperv\code\unnamed_rpg\vendor\json-schema-validator\src\json-schema-draft7.json.cpp:9:
[build] In file included from C:\Users\pperv\code\unnamed_rpg\vendor\json\include\nlohmann/json.hpp:44:
[build] In file included from C:\Users\pperv\code\unnamed_rpg\vendor\json\include\nlohmann/adl_serializer.hpp:14:
[build] In file included from C:\Users\pperv\code\unnamed_rpg\vendor\json\include\nlohmann/detail/conversions/from_json.hpp:24:
[build] In file included from C:\Users\pperv\code\unnamed_rpg\vendor\json\include\nlohmann/detail/exceptions.hpp:20:
[build] In file included from C:\Users\pperv\code\unnamed_rpg\vendor\json\include\nlohmann/detail/value_t.hpp:16:
[build] In file included from C:\Users\pperv\code\unnamed_rpg\vendor\json\include\nlohmann/detail/macro_scope.hpp:12:
[build] C:\Users\pperv\code\unnamed_rpg\vendor\json\include\nlohmann/detail/meta/detected.hpp(15,1): warning: empty macro arguments are incompatible with C++98 [-Wc++98-compat-pedantic]
[build]    15 | NLOHMANN_JSON_NAMESPACE_BEGIN
[build]       | ^
[build] C:\Users\pperv\code\unnamed_rpg\vendor\json\include\nlohmann/detail/abi_macros.hpp(102,17): note: expanded from macro 'NLOHMANN_JSON_NAMESPACE_BEGIN'
[build]   102 |                 NLOHMANN_JSON_ABI_TAGS,              \
[build]       |                 ^
[build] C:\Users\pperv\code\unnamed_rpg\vendor\json\include\nlohmann/detail/abi_macros.hpp(65,5): note: expanded from macro 'NLOHMANN_JSON_ABI_TAGS'
[build]    65 |     NLOHMANN_JSON_ABI_TAGS_CONCAT(                                   \
[build]       |     ^
[build] C:\Users\pperv\code\unnamed_rpg\vendor\json\include\nlohmann/detail/abi_macros.hpp(62,39): note: expanded from macro 'NLOHMANN_JSON_ABI_TAGS_CONCAT'
[build]    62 |     NLOHMANN_JSON_ABI_TAGS_CONCAT_EX(a, b, c)
[build]       |                                       ^
[build] In file included from C:\Users\pperv\code\unnamed_rpg\vendor\json-schema-validator\src\json-schema-draft7.json.cpp:9:
[build] In file included from C:\Users\pperv\code\unnamed_rpg\vendor\json\include\nlohmann/json.hpp:44:
[build] In file included from C:\Users\pperv\code\unnamed_rpg\vendor\json\include\nlohmann/adl_serializer.hpp:14:
[build] In file included from C:\Users\pperv\code\unnamed_rpg\vendor\json\include\nlohmann/detail/conversions/from_json.hpp:24:
[build] In file included from C:\Users\pperv\code\unnamed_rpg\vendor\json\include\nlohmann/detail/exceptions.hpp:20:
[build] In file included from C:\Users\pperv\code\unnamed_rpg\vendor\json\include\nlohmann/detail/value_t.hpp:16:
[build] In file included from C:\Users\pperv\code\unnamed_rpg\vendor\json\include\nlohmann/detail/macro_scope.hpp:12:
[build] C:\Users\pperv\code\unnamed_rpg\vendor\json\include\nlohmann/detail/meta/detected.hpp(15,1): warning: empty macro arguments are incompatible with C++98 [-Wc++98-compat-pedantic]
[build] C:\Users\pperv\code\unnamed_rpg\vendor\json\include\nlohmann/detail/abi_macros.hpp(102,17): note: expanded from macro 'NLOHMANN_JSON_NAMESPACE_BEGIN'
[build]   102 |                 NLOHMANN_JSON_ABI_TAGS,              \
[build]       |                 ^
[build] C:\Users\pperv\code\unnamed_rpg\vendor\json\include\nlohmann/detail/abi_macros.hpp(65,5): note: expanded from macro 'NLOHMANN_JSON_ABI_TAGS'
[build]    65 |     NLOHMANN_JSON_ABI_TAGS_CONCAT(                                   \
[build]       |     ^
[build] C:\Users\pperv\code\unnamed_rpg\vendor\json\include\nlohmann/detail/abi_macros.hpp(62,42): note: expanded from macro 'NLOHMANN_JSON_ABI_TAGS_CONCAT'
[build]    62 |     NLOHMANN_JSON_ABI_TAGS_CONCAT_EX(a, b, c)
[build]       |                                          ^
[build] In file included from C:\Users\pperv\code\unnamed_rpg\vendor\json-schema-validator\src\json-schema-draft7.json.cpp:9:
[build] In file included from C:\Users\pperv\code\unnamed_rpg\vendor\json\include\nlohmann/json.hpp:44:
[build] In file included from C:\Users\pperv\code\unnamed_rpg\vendor\json\include\nlohmann/adl_serializer.hpp:14:
[build] In file included from C:\Users\pperv\code\unnamed_rpg\vendor\json\include\nlohmann/detail/conversions/from_json.hpp:24:
[build] In file included from C:\Users\pperv\code\unnamed_rpg\vendor\json\include\nlohmann/detail/exceptions.hpp:20:
[build] In file included from C:\Users\pperv\code\unnamed_rpg\vendor\json\include\nlohmann/detail/value_t.hpp:16:
[build] In file included from C:\Users\pperv\code\unnamed_rpg\vendor\json\include\nlohmann/detail/macro_scope.hpp:12:
[build] C:\Users\pperv\code\unnamed_rpg\vendor\json\include\nlohmann/detail/meta/detected.hpp(15,1): warning: empty macro arguments are incompatible with C++98 [-Wc++98-compat-pedantic]
[build] C:\Users\pperv\code\unnamed_rpg\vendor\json\include\nlohmann/detail/abi_macros.hpp(102,17): note: expanded from macro 'NLOHMANN_JSON_NAMESPACE_BEGIN'
[build]   102 |                 NLOHMANN_JSON_ABI_TAGS,              \
[build]       |                 ^
[build] C:\Users\pperv\code\unnamed_rpg\vendor\json\include\nlohmann/detail/abi_macros.hpp(65,5): note: expanded from macro 'NLOHMANN_JSON_ABI_TAGS'
[build]    65 |     NLOHMANN_JSON_ABI_TAGS_CONCAT(                                   \
[build]       |     ^
[build] C:\Users\pperv\code\unnamed_rpg\vendor\json\include\nlohmann/detail/abi_macros.hpp(62,45): note: expanded from macro 'NLOHMANN_JSON_ABI_TAGS_CONCAT'
[build]    62 |     NLOHMANN_JSON_ABI_TAGS_CONCAT_EX(a, b, c)
[build]       |                                             ^
[build] In file included from C:\Users\pperv\code\unnamed_rpg\vendor\json-schema-validator\src\json-schema-draft7.json.cpp:9:
[build] In file included from C:\Users\pperv\code\unnamed_rpg\vendor\json\include\nlohmann/json.hpp:44:
[build] In file included from C:\Users\pperv\code\unnamed_rpg\vendor\json\include\nlohmann/adl_serializer.hpp:14:
[build] In file included from C:\Users\pperv\code\unnamed_rpg\vendor\json\include\nlohmann/detail/conversions/from_json.hpp:24:
[build] In file included from C:\Users\pperv\code\unnamed_rpg\vendor\json\include\nlohmann/detail/exceptions.hpp:20:
[build] In file included from C:\Users\pperv\code\unnamed_rpg\vendor\json\include\nlohmann/detail/value_t.hpp:16:
[build] In file included from C:\Users\pperv\code\unnamed_rpg\vendor\json\include\nlohmann/detail/macro_scope.hpp:12:
[build] C:\Users\pperv\code\unnamed_rpg\vendor\json\include\nlohmann/detail/meta/detected.hpp(15,1): warning: inline namespaces are incompatible with C++98 [-Wc++98-compat]
[build] C:\Users\pperv\code\unnamed_rpg\vendor\json\include\nlohmann/detail/abi_macros.hpp(101,5): note: expanded from macro 'NLOHMANN_JSON_NAMESPACE_BEGIN'
[build]   101 |     inline namespace NLOHMANN_JSON_NAMESPACE_CONCAT( \
[build]       |     ^
[build] In file included from C:\Users\pperv\code\unnamed_rpg\vendor\json-schema-validator\src\json-schema-draft7.json.cpp:9:
[build] In file included from C:\Users\pperv\code\unnamed_rpg\vendor\json\include\nlohmann/json.hpp:44:
[build] In file included from C:\Users\pperv\code\unnamed_rpg\vendor\json\include\nlohmann/adl_serializer.hpp:14:
[build] In file included from C:\Users\pperv\code\unnamed_rpg\vendor\json\include\nlohmann/detail/conversions/from_json.hpp:24:
[build] In file included from C:\Users\pperv\code\unnamed_rpg\vendor\json\include\nlohmann/detail/exceptions.hpp:20:
[build] In file included from C:\Users\pperv\code\unnamed_rpg\vendor\json\include\nlohmann/detail/value_t.hpp:16:
[build] In file included from C:\Users\pperv\code\unnamed_rpg\vendor\json\include\nlohmann/detail/macro_scope.hpp:12:
[build] C:\Users\pperv\code\unnamed_rpg\vendor\json\include\nlohmann/detail/meta/detected.hpp(22,18): warning: deleted function definitions are incompatible with C++98 [-Wc++98-compat]
[build]    22 |     nonesuch() = delete;
[build]       |                  ^
[build] C:\Users\pperv\code\unnamed_rpg\vendor\json\include\nlohmann/detail/meta/detected.hpp(23,19): warning: deleted function definitions are incompatible with C++98 [-Wc++98-compat]
[build]    23 |     ~nonesuch() = delete;
[build]       |                   ^
[build] C:\Users\pperv\code\unnamed_rpg\vendor\json\include\nlohmann/detail/meta/detected.hpp(24,33): warning: deleted function definitions are incompatible with C++98 [-Wc++98-compat]
[build]    24 |     nonesuch(nonesuch const&) = delete;
[build]       |                                 ^
[build] C:\Users\pperv\code\unnamed_rpg\vendor\json\include\nlohmann/detail/meta/detected.hpp(25,28): warning: rvalue references are incompatible with C++98 [-Wc++98-compat]
[build]    25 |     nonesuch(nonesuch const&&) = delete;
[build]       |                            ^
[build] C:\Users\pperv\code\unnamed_rpg\vendor\json\include\nlohmann/detail/meta/detected.hpp(25,34): warning: deleted function definitions are incompatible with C++98 [-Wc++98-compat]
[build]    25 |     nonesuch(nonesuch const&&) = delete;
[build]       |                                  ^
[build] C:\Users\pperv\code\unnamed_rpg\vendor\json\include\nlohmann/detail/meta/detected.hpp(26,39): warning: deleted function definitions are incompatible with C++98 [-Wc++98-compat]
[build]    26 |     void operator=(nonesuch const&) = delete;
[build]       |                                       ^
[build] C:\Users\pperv\code\unnamed_rpg\vendor\json\include\nlohmann/detail/meta/detected.hpp(27,28): warning: rvalue references are incompatible with C++98 [-Wc++98-compat]
[build]    27 |     void operator=(nonesuch&&) = delete;
[build]       |                            ^
[build] C:\Users\pperv\code\unnamed_rpg\vendor\json\include\nlohmann/detail/meta/detected.hpp(27,34): warning: deleted function definitions are incompatible with C++98 [-Wc++98-compat]
[build]    27 |     void operator=(nonesuch&&) = delete;
[build]       |                                  ^
[build] C:\Users\pperv\code\unnamed_rpg\vendor\json\include\nlohmann/detail/meta/detected.hpp(32,24): warning: variadic templates are incompatible with C++98 [-Wc++98-compat]
[build]    32 |          template<class...> class Op,
[build]       |                        ^
[build] C:\Users\pperv\code\unnamed_rpg\vendor\json\include\nlohmann/detail/meta/detected.hpp(33,15): warning: variadic templates are incompatible with C++98 [-Wc++98-compat]
[build]    33 |          class... Args>
[build]       |               ^
[build] C:\Users\pperv\code\unnamed_rpg\vendor\json\include\nlohmann/detail/meta/detected.hpp(36,21): warning: alias declarations are incompatible with C++98 [-Wc++98-compat]
[build]    36 |     using value_t = std::false_type;
[build]       |                     ^
[build] C:\Users\pperv\code\unnamed_rpg\vendor\json\include\nlohmann/detail/meta/detected.hpp(37,18): warning: alias declarations are incompatible with C++98 [-Wc++98-compat]
[build]    37 |     using type = Default;
[build]       |                  ^
[build] C:\Users\pperv\code\unnamed_rpg\vendor\json\include\nlohmann/detail/meta/detected.hpp(40,39): warning: variadic templates are incompatible with C++98 [-Wc++98-compat]
[build]    40 | template<class Default, template<class...> class Op, class... Args>
[build]       |                                       ^
[build] C:\Users\pperv\code\unnamed_rpg\vendor\json\include\nlohmann/detail/meta/detected.hpp(40,59): warning: variadic templates are incompatible with C++98 [-Wc++98-compat]
[build]    40 | template<class Default, template<class...> class Op, class... Args>
[build]       |                                                           ^
[build] C:\Users\pperv\code\unnamed_rpg\vendor\json\include\nlohmann/detail/meta/detected.hpp(41,43): warning: consecutive right angle brackets are incompatible with C++98 (use '> >') [-Wc++98-compat]
[build]    41 | struct detector<Default, void_t<Op<Args...>>, Op, Args...>
[build]       |                                           ^~
[build]       |                                           > >
[build] C:\Users\pperv\code\unnamed_rpg\vendor\json\include\nlohmann/detail/meta/detected.hpp(43,21): warning: alias declarations are incompatible with C++98 [-Wc++98-compat]
[build]    43 |     using value_t = std::true_type;
[build]       |                     ^
[build] C:\Users\pperv\code\unnamed_rpg\vendor\json\include\nlohmann/detail/meta/detected.hpp(44,18): warning: alias declarations are incompatible with C++98 [-Wc++98-compat]
[build]    44 |     using type = Op<Args...>;
[build]       |                  ^
[build] C:\Users\pperv\code\unnamed_rpg\vendor\json\include\nlohmann/detail/meta/detected.hpp(47,24): warning: variadic templates are incompatible with C++98 [-Wc++98-compat]
[build]    47 | template<template<class...> class Op, class... Args>
[build]       |                        ^
[build] C:\Users\pperv\code\unnamed_rpg\vendor\json\include\nlohmann/detail/meta/detected.hpp(47,44): warning: variadic templates are incompatible with C++98 [-Wc++98-compat]
[build]    47 | template<template<class...> class Op, class... Args>
[build]       |                                            ^
[build] C:\Users\pperv\code\unnamed_rpg\vendor\json\include\nlohmann/detail/meta/detected.hpp(48,21): warning: alias declarations are incompatible with C++98 [-Wc++98-compat]
[build]    48 | using is_detected = typename detector<nonesuch, void, Op, Args...>::value_t;
[build]       |                     ^
[build] C:\Users\pperv\code\unnamed_rpg\vendor\json\include\nlohmann/detail/meta/detected.hpp(50,24): warning: variadic templates are incompatible with C++98 [-Wc++98-compat]
[build]    50 | template<template<class...> class Op, class... Args>
[build]       |                        ^
[build] C:\Users\pperv\code\unnamed_rpg\vendor\json\include\nlohmann/detail/meta/detected.hpp(50,44): warning: variadic templates are incompatible with C++98 [-Wc++98-compat]
[build]    50 | template<template<class...> class Op, class... Args>
[build]       |                                            ^
[build] C:\Users\pperv\code\unnamed_rpg\vendor\json\include\nlohmann/detail/meta/detected.hpp(53,24): warning: variadic templates are incompatible with C++98 [-Wc++98-compat]
[build]    53 | template<template<class...> class Op, class... Args>
[build]       |                        ^
[build] C:\Users\pperv\code\unnamed_rpg\vendor\json\include\nlohmann/detail/meta/detected.hpp(53,44): warning: variadic templates are incompatible with C++98 [-Wc++98-compat]
[build]    53 | template<template<class...> class Op, class... Args>
[build]       |                                            ^
[build] C:\Users\pperv\code\unnamed_rpg\vendor\json\include\nlohmann/detail/meta/detected.hpp(54,20): warning: alias declarations are incompatible with C++98 [-Wc++98-compat]
[build]    54 | using detected_t = typename detector<nonesuch, void, Op, Args...>::type;
[build]       |                    ^
[build] C:\Users\pperv\code\unnamed_rpg\vendor\json\include\nlohmann/detail/meta/detected.hpp(56,39): warning: variadic templates are incompatible with C++98 [-Wc++98-compat]
[build]    56 | template<class Default, template<class...> class Op, class... Args>
[build]       |                                       ^
[build] C:\Users\pperv\code\unnamed_rpg\vendor\json\include\nlohmann/detail/meta/detected.hpp(56,59): warning: variadic templates are incompatible with C++98 [-Wc++98-compat]
[build]    56 | template<class Default, template<class...> class Op, class... Args>
[build]       |                                                           ^
[build] C:\Users\pperv\code\unnamed_rpg\vendor\json\include\nlohmann/detail/meta/detected.hpp(57,21): warning: alias declarations are incompatible with C++98 [-Wc++98-compat]
[build]    57 | using detected_or = detector<Default, void, Op, Args...>;
[build]       |                     ^
[build] C:\Users\pperv\code\unnamed_rpg\vendor\json\include\nlohmann/detail/meta/detected.hpp(59,39): warning: variadic templates are incompatible with C++98 [-Wc++98-compat]
[build]    59 | template<class Default, template<class...> class Op, class... Args>
[build]       |                                       ^
[build] C:\Users\pperv\code\unnamed_rpg\vendor\json\include\nlohmann/detail/meta/detected.hpp(59,59): warning: variadic templates are incompatible with C++98 [-Wc++98-compat]
[build]    59 | template<class Default, template<class...> class Op, class... Args>
[build]       |                                                           ^
[build] C:\Users\pperv\code\unnamed_rpg\vendor\json\include\nlohmann/detail/meta/detected.hpp(60,23): warning: alias declarations are incompatible with C++98 [-Wc++98-compat]
[build]    60 | using detected_or_t = typename detected_or<Default, Op, Args...>::type;
[build]       |                       ^
[build] C:\Users\pperv\code\unnamed_rpg\vendor\json\include\nlohmann/detail/meta/detected.hpp(62,40): warning: variadic templates are incompatible with C++98 [-Wc++98-compat]
[build]    62 | template<class Expected, template<class...> class Op, class... Args>
[build]       |                                        ^
[build] C:\Users\pperv\code\unnamed_rpg\vendor\json\include\nlohmann/detail/meta/detected.hpp(62,60): warning: variadic templates are incompatible with C++98 [-Wc++98-compat]
[build]    62 | template<class Expected, template<class...> class Op, class... Args>
[build]       |                                                            ^
[build] C:\Users\pperv\code\unnamed_rpg\vendor\json\include\nlohmann/detail/meta/detected.hpp(63,27): warning: alias declarations are incompatible with C++98 [-Wc++98-compat]
[build]    63 | using is_detected_exact = std::is_same<Expected, detected_t<Op, Args...>>;
[build]       |                           ^
[build] C:\Users\pperv\code\unnamed_rpg\vendor\json\include\nlohmann/detail/meta/detected.hpp(63,72): warning: consecutive right angle brackets are incompatible with C++98 (use '> >') [-Wc++98-compat]
[build]    63 | using is_detected_exact = std::is_same<Expected, detected_t<Op, Args...>>;
[build]       |                                                                        ^~
[build]       |                                                                        > >
[build] C:\Users\pperv\code\unnamed_rpg\vendor\json\include\nlohmann/detail/meta/detected.hpp(65,34): warning: variadic templates are incompatible with C++98 [-Wc++98-compat]
[build]    65 | template<class To, template<class...> class Op, class... Args>
[build]       |                                  ^
[build] C:\Users\pperv\code\unnamed_rpg\vendor\json\include\nlohmann/detail/meta/detected.hpp(65,54): warning: variadic templates are incompatible with C++98 [-Wc++98-compat]
[build]    65 | template<class To, template<class...> class Op, class... Args>
[build]       |                                                      ^
[build] C:\Users\pperv\code\unnamed_rpg\vendor\json\include\nlohmann/detail/meta/detected.hpp(67,5): warning: alias declarations are incompatible with C++98 [-Wc++98-compat]
[build]    67 |     std::is_convertible<detected_t<Op, Args...>, To>;
[build]       |     ^
[build] In file included from C:\Users\pperv\code\unnamed_rpg\vendor\json-schema-validator\src\json-schema-draft7.json.cpp:9:
[build] In file included from C:\Users\pperv\code\unnamed_rpg\vendor\json\include\nlohmann/json.hpp:44:
[build] In file included from C:\Users\pperv\code\unnamed_rpg\vendor\json\include\nlohmann/adl_serializer.hpp:14:
[build] In file included from C:\Users\pperv\code\unnamed_rpg\vendor\json\include\nlohmann/detail/conversions/from_json.hpp:24:
[build] In file included from C:\Users\pperv\code\unnamed_rpg\vendor\json\include\nlohmann/detail/exceptions.hpp:20:
[build] In file included from C:\Users\pperv\code\unnamed_rpg\vendor\json\include\nlohmann/detail/value_t.hpp:16:
[build] C:\Users\pperv\code\unnamed_rpg\vendor\json\include\nlohmann/detail/macro_scope.hpp(248,49): warning: variadic macros are incompatible with C++98 [-Wc++98-compat-pedantic]
[build]   248 | #define NLOHMANN_JSON_SERIALIZE_ENUM(ENUM_TYPE, ...)                                            \
[build]       |                                                 ^
[build] C:\Users\pperv\code\unnamed_rpg\vendor\json\include\nlohmann/detail/macro_scope.hpp(301,56): warning: variadic macros are incompatible with C++98 [-Wc++98-compat-pedantic]
[build]   301 | #define NLOHMANN_JSON_SERIALIZE_ENUM_STRICT(ENUM_TYPE, ...)                                     \
[build]       |                                                        ^
[build] C:\Users\pperv\code\unnamed_rpg\vendor\json\include\nlohmann/detail/macro_scope.hpp(354,349): warning: variadic macros are incompatible with C++98 [-Wc++98-compat-pedantic]
[build]   354 | #define NLOHMANN_JSON_GET_MACRO(_1, _2, _3, _4, _5, _6, _7, _8, _9, _10, _11, _12, _13, _14, _15, _16, _17, _18, _19, _20, _21, _22, _23, _24, _25, _26, _27, _28, _29, _30, _31, _32, _33, _34, _35, _36, _37, _38, _39, _40, _41, _42, _43, _44, _45, _46, _47, _48, _49, _50, _51, _52, _53, _54, _55, _56, _57, _58, _59, _60, _61, _62, _63, _64, NAME,...) NAME
[build]       |                                                                                                                                                                                                                                                                                                                                                             ^
[build] C:\Users\pperv\code\unnamed_rpg\vendor\json\include\nlohmann/detail/macro_scope.hpp(355,29): warning: variadic macros are incompatible with C++98 [-Wc++98-compat-pedantic]
[build]   355 | #define NLOHMANN_JSON_PASTE(...) NLOHMANN_JSON_EXPAND(NLOHMANN_JSON_GET_MACRO(__VA_ARGS__, \
[build]       |                             ^
[build] C:\Users\pperv\code\unnamed_rpg\vendor\json\include\nlohmann/detail/macro_scope.hpp(483,36): warning: variadic macros are incompatible with C++98 [-Wc++98-compat-pedantic]
[build]   483 | #define NLOHMANN_JSON_DOUBLE_PASTE(...) NLOHMANN_JSON_EXPAND(NLOHMANN_JSON_GET_MACRO(__VA_ARGS__, \
[build]       |                                    ^
[build] C:\Users\pperv\code\unnamed_rpg\vendor\json\include\nlohmann/detail/macro_scope.hpp(588,43): warning: variadic macros are incompatible with C++98 [-Wc++98-compat-pedantic]
[build]   588 | #define NLOHMANN_JSON_BASIC_TYPE_TEMPLATE(...) template<typename BasicJsonType, nlohmann::detail::enable_if_t<nlohmann::detail::is_basic_json<BasicJsonType>::value, int> = 0> __VA_ARGS__
[build]       |                                           ^
[build] C:\Users\pperv\code\unnamed_rpg\vendor\json\include\nlohmann/detail/macro_scope.hpp(596,46): warning: variadic macros are incompatible with C++98 [-Wc++98-compat-pedantic]
[build]   596 | #define NLOHMANN_DEFINE_TYPE_INTRUSIVE(Type, ...)  \
[build]       |                                              ^
[build] C:\Users\pperv\code\unnamed_rpg\vendor\json\include\nlohmann/detail/macro_scope.hpp(600,57): warning: variadic macros are incompatible with C++98 [-Wc++98-compat-pedantic]
[build]   600 | #define NLOHMANN_DEFINE_TYPE_INTRUSIVE_WITH_NAMES(Type, ...)  \
[build]       |                                                         ^
[build] C:\Users\pperv\code\unnamed_rpg\vendor\json\include\nlohmann/detail/macro_scope.hpp(610,59): warning: variadic macros are incompatible with C++98 [-Wc++98-compat-pedantic]
[build]   610 | #define NLOHMANN_DEFINE_TYPE_INTRUSIVE_WITH_DEFAULT(Type, ...)  \
[build]       |                                                           ^
[build] C:\Users\pperv\code\unnamed_rpg\vendor\json\include\nlohmann/detail/macro_scope.hpp(614,70): warning: variadic macros are incompatible with C++98 [-Wc++98-compat-pedantic]
[build]   614 | #define NLOHMANN_DEFINE_TYPE_INTRUSIVE_WITH_DEFAULT_WITH_NAMES(Type, ...)  \
[build]       |                                                                      ^
[build] C:\Users\pperv\code\unnamed_rpg\vendor\json\include\nlohmann/detail/macro_scope.hpp(624,61): warning: variadic macros are incompatible with C++98 [-Wc++98-compat-pedantic]
[build]   624 | #define NLOHMANN_DEFINE_TYPE_INTRUSIVE_ONLY_SERIALIZE(Type, ...)  \
[build]       |                                                             ^
[build] C:\Users\pperv\code\unnamed_rpg\vendor\json\include\nlohmann/detail/macro_scope.hpp(627,72): warning: variadic macros are incompatible with C++98 [-Wc++98-compat-pedantic]
[build]   627 | #define NLOHMANN_DEFINE_TYPE_INTRUSIVE_ONLY_SERIALIZE_WITH_NAMES(Type, ...)  \
[build]       |                                                                        ^
[build] C:\Users\pperv\code\unnamed_rpg\vendor\json\include\nlohmann/detail/macro_scope.hpp(636,50): warning: variadic macros are incompatible with C++98 [-Wc++98-compat-pedantic]
[build]   636 | #define NLOHMANN_DEFINE_TYPE_NON_INTRUSIVE(Type, ...)  \
[build]       |                                                  ^
[build] C:\Users\pperv\code\unnamed_rpg\vendor\json\include\nlohmann/detail/macro_scope.hpp(640,61): warning: variadic macros are incompatible with C++98 [-Wc++98-compat-pedantic]
[build]   640 | #define NLOHMANN_DEFINE_TYPE_NON_INTRUSIVE_WITH_NAMES(Type, ...)  \
[build]       |                                                             ^
[build] C:\Users\pperv\code\unnamed_rpg\vendor\json\include\nlohmann/detail/macro_scope.hpp(650,63): warning: variadic macros are incompatible with C++98 [-Wc++98-compat-pedantic]
[build]   650 | #define NLOHMANN_DEFINE_TYPE_NON_INTRUSIVE_WITH_DEFAULT(Type, ...)  \
[build]       |                                                               ^
[build] C:\Users\pperv\code\unnamed_rpg\vendor\json\include\nlohmann/detail/macro_scope.hpp(654,74): warning: variadic macros are incompatible with C++98 [-Wc++98-compat-pedantic]
[build]   654 | #define NLOHMANN_DEFINE_TYPE_NON_INTRUSIVE_WITH_DEFAULT_WITH_NAMES(Type, ...)  \
[build]       |                                                                          ^
[build] C:\Users\pperv\code\unnamed_rpg\vendor\json\include\nlohmann/detail/macro_scope.hpp(664,65): warning: variadic macros are incompatible with C++98 [-Wc++98-compat-pedantic]
[build]   664 | #define NLOHMANN_DEFINE_TYPE_NON_INTRUSIVE_ONLY_SERIALIZE(Type, ...)  \
[build]       |                                                                 ^
[build] C:\Users\pperv\code\unnamed_rpg\vendor\json\include\nlohmann/detail/macro_scope.hpp(667,76): warning: variadic macros are incompatible with C++98 [-Wc++98-compat-pedantic]
[build]   667 | #define NLOHMANN_DEFINE_TYPE_NON_INTRUSIVE_ONLY_SERIALIZE_WITH_NAMES(Type, ...)  \
[build]       |                                                                            ^
[build] C:\Users\pperv\code\unnamed_rpg\vendor\json\include\nlohmann/detail/macro_scope.hpp(676,64): warning: variadic macros are incompatible with C++98 [-Wc++98-compat-pedantic]
[build]   676 | #define NLOHMANN_DEFINE_DERIVED_TYPE_INTRUSIVE(Type, BaseType, ...)  \
[build]       |                                                                ^
[build] C:\Users\pperv\code\unnamed_rpg\vendor\json\include\nlohmann/detail/macro_scope.hpp(680,75): warning: variadic macros are incompatible with C++98 [-Wc++98-compat-pedantic]
[build]   680 | #define NLOHMANN_DEFINE_DERIVED_TYPE_INTRUSIVE_WITH_NAMES(Type, BaseType, ...)  \
[build]       |                                                                           ^
[build] C:\Users\pperv\code\unnamed_rpg\vendor\json\include\nlohmann/detail/macro_scope.hpp(690,77): warning: variadic macros are incompatible with C++98 [-Wc++98-compat-pedantic]
[build]   690 | #define NLOHMANN_DEFINE_DERIVED_TYPE_INTRUSIVE_WITH_DEFAULT(Type, BaseType, ...)  \
[build]       |                                                                             ^
[build] C:\Users\pperv\code\unnamed_rpg\vendor\json\include\nlohmann/detail/macro_scope.hpp(694,88): warning: variadic macros are incompatible with C++98 [-Wc++98-compat-pedantic]
[build]   694 | #define NLOHMANN_DEFINE_DERIVED_TYPE_INTRUSIVE_WITH_DEFAULT_WITH_NAMES(Type, BaseType, ...)  \
[build]       |                                                                                        ^
[build] C:\Users\pperv\code\unnamed_rpg\vendor\json\include\nlohmann/detail/macro_scope.hpp(704,79): warning: variadic macros are incompatible with C++98 [-Wc++98-compat-pedantic]
[build]   704 | #define NLOHMANN_DEFINE_DERIVED_TYPE_INTRUSIVE_ONLY_SERIALIZE(Type, BaseType, ...)  \
[build]       |                                                                               ^
[build] C:\Users\pperv\code\unnamed_rpg\vendor\json\include\nlohmann/detail/macro_scope.hpp(707,90): warning: variadic macros are incompatible with C++98 [-Wc++98-compat-pedantic]
[build]   707 | #define NLOHMANN_DEFINE_DERIVED_TYPE_INTRUSIVE_ONLY_SERIALIZE_WITH_NAMES(Type, BaseType, ...)  \
[build]       |                                                                                          ^
[build] C:\Users\pperv\code\unnamed_rpg\vendor\json\include\nlohmann/detail/macro_scope.hpp(717,68): warning: variadic macros are incompatible with C++98 [-Wc++98-compat-pedantic]
[build]   717 | #define NLOHMANN_DEFINE_DERIVED_TYPE_NON_INTRUSIVE(Type, BaseType, ...)  \
[build]       |                                                                    ^
[build] C:\Users\pperv\code\unnamed_rpg\vendor\json\include\nlohmann/detail/macro_scope.hpp(721,79): warning: variadic macros are incompatible with C++98 [-Wc++98-compat-pedantic]
[build]   721 | #define NLOHMANN_DEFINE_DERIVED_TYPE_NON_INTRUSIVE_WITH_NAMES(Type, BaseType, ...)  \
[build]       |                                                                               ^
[build] C:\Users\pperv\code\unnamed_rpg\vendor\json\include\nlohmann/detail/macro_scope.hpp(731,81): warning: variadic macros are incompatible with C++98 [-Wc++98-compat-pedantic]
[build]   731 | #define NLOHMANN_DEFINE_DERIVED_TYPE_NON_INTRUSIVE_WITH_DEFAULT(Type, BaseType, ...)  \
[build]       |                                                                                 ^
[build] C:\Users\pperv\code\unnamed_rpg\vendor\json\include\nlohmann/detail/macro_scope.hpp(735,92): warning: variadic macros are incompatible with C++98 [-Wc++98-compat-pedantic]
[build]   735 | #define NLOHMANN_DEFINE_DERIVED_TYPE_NON_INTRUSIVE_WITH_DEFAULT_WITH_NAMES(Type, BaseType, ...)  \
[build]       |                                                                                            ^
[build] C:\Users\pperv\code\unnamed_rpg\vendor\json\include\nlohmann/detail/macro_scope.hpp(745,83): warning: variadic macros are incompatible with C++98 [-Wc++98-compat-pedantic]
[build]   745 | #define NLOHMANN_DEFINE_DERIVED_TYPE_NON_INTRUSIVE_ONLY_SERIALIZE(Type, BaseType, ...)  \
[build]       |                                                                                   ^
[build] C:\Users\pperv\code\unnamed_rpg\vendor\json\include\nlohmann/detail/macro_scope.hpp(748,94): warning: variadic macros are incompatible with C++98 [-Wc++98-compat-pedantic]
[build]   748 | #define NLOHMANN_DEFINE_DERIVED_TYPE_NON_INTRUSIVE_ONLY_SERIALIZE_WITH_NAMES(Type, BaseType, ...)  \
[build]       |                                                                                              ^
[build] In file included from C:\Users\pperv\code\unnamed_rpg\vendor\json-schema-validator\src\json-schema-draft7.json.cpp:9:
[build] In file included from C:\Users\pperv\code\unnamed_rpg\vendor\json\include\nlohmann/json.hpp:44:
[build] In file included from C:\Users\pperv\code\unnamed_rpg\vendor\json\include\nlohmann/adl_serializer.hpp:14:
[build] In file included from C:\Users\pperv\code\unnamed_rpg\vendor\json\include\nlohmann/detail/conversions/from_json.hpp:24:
[build] In file included from C:\Users\pperv\code\unnamed_rpg\vendor\json\include\nlohmann/detail/exceptions.hpp:20:
[build] C:\Users\pperv\code\unnamed_rpg\vendor\json\include\nlohmann/detail/value_t.hpp(21,1): warning: empty macro arguments are incompatible with C++98 [-Wc++98-compat-pedantic]
[build]    21 | NLOHMANN_JSON_NAMESPACE_BEGIN
[build]       | ^
[build] C:\Users\pperv\code\unnamed_rpg\vendor\json\include\nlohmann/detail/abi_macros.hpp(102,17): note: expanded from macro 'NLOHMANN_JSON_NAMESPACE_BEGIN'
[build]   102 |                 NLOHMANN_JSON_ABI_TAGS,              \
[build]       |                 ^
[build] C:\Users\pperv\code\unnamed_rpg\vendor\json\include\nlohmann/detail/abi_macros.hpp(65,5): note: expanded from macro 'NLOHMANN_JSON_ABI_TAGS'
[build]    65 |     NLOHMANN_JSON_ABI_TAGS_CONCAT(                                   \
[build]       |     ^
[build] C:\Users\pperv\code\unnamed_rpg\vendor\json\include\nlohmann/detail/abi_macros.hpp(62,39): note: expanded from macro 'NLOHMANN_JSON_ABI_TAGS_CONCAT'
[build]    62 |     NLOHMANN_JSON_ABI_TAGS_CONCAT_EX(a, b, c)
[build]       |                                       ^
[build] In file included from C:\Users\pperv\code\unnamed_rpg\vendor\json-schema-validator\src\json-schema-draft7.json.cpp:9:
[build] In file included from C:\Users\pperv\code\unnamed_rpg\vendor\json\include\nlohmann/json.hpp:44:
[build] In file included from C:\Users\pperv\code\unnamed_rpg\vendor\json\include\nlohmann/adl_serializer.hpp:14:
[build] In file included from C:\Users\pperv\code\unnamed_rpg\vendor\json\include\nlohmann/detail/conversions/from_json.hpp:24:
[build] In file included from C:\Users\pperv\code\unnamed_rpg\vendor\json\include\nlohmann/detail/exceptions.hpp:20:
[build] C:\Users\pperv\code\unnamed_rpg\vendor\json\include\nlohmann/detail/value_t.hpp(21,1): warning: empty macro arguments are incompatible with C++98 [-Wc++98-compat-pedantic]
[build] C:\Users\pperv\code\unnamed_rpg\vendor\json\include\nlohmann/detail/abi_macros.hpp(102,17): note: expanded from macro 'NLOHMANN_JSON_NAMESPACE_BEGIN'
[build]   102 |                 NLOHMANN_JSON_ABI_TAGS,              \
[build]       |                 ^
[build] C:\Users\pperv\code\unnamed_rpg\vendor\json\include\nlohmann/detail/abi_macros.hpp(65,5): note: expanded from macro 'NLOHMANN_JSON_ABI_TAGS'
[build]    65 |     NLOHMANN_JSON_ABI_TAGS_CONCAT(                                   \
[build]       |     ^
[build] C:\Users\pperv\code\unnamed_rpg\vendor\json\include\nlohmann/detail/abi_macros.hpp(62,42): note: expanded from macro 'NLOHMANN_JSON_ABI_TAGS_CONCAT'
[build]    62 |     NLOHMANN_JSON_ABI_TAGS_CONCAT_EX(a, b, c)
[build]       |                                          ^
[build] In file included from C:\Users\pperv\code\unnamed_rpg\vendor\json-schema-validator\src\json-schema-draft7.json.cpp:9:
[build] In file included from C:\Users\pperv\code\unnamed_rpg\vendor\json\include\nlohmann/json.hpp:44:
[build] In file included from C:\Users\pperv\code\unnamed_rpg\vendor\json\include\nlohmann/adl_serializer.hpp:14:
[build] In file included from C:\Users\pperv\code\unnamed_rpg\vendor\json\include\nlohmann/detail/conversions/from_json.hpp:24:
[build] In file included from C:\Users\pperv\code\unnamed_rpg\vendor\json\include\nlohmann/detail/exceptions.hpp:20:
[build] C:\Users\pperv\code\unnamed_rpg\vendor\json\include\nlohmann/detail/value_t.hpp(21,1): warning: empty macro arguments are incompatible with C++98 [-Wc++98-compat-pedantic]
[build] C:\Users\pperv\code\unnamed_rpg\vendor\json\include\nlohmann/detail/abi_macros.hpp(102,17): note: expanded from macro 'NLOHMANN_JSON_NAMESPACE_BEGIN'
[build]   102 |                 NLOHMANN_JSON_ABI_TAGS,              \
[build]       |                 ^
[build] C:\Users\pperv\code\unnamed_rpg\vendor\json\include\nlohmann/detail/abi_macros.hpp(65,5): note: expanded from macro 'NLOHMANN_JSON_ABI_TAGS'
[build]    65 |     NLOHMANN_JSON_ABI_TAGS_CONCAT(                                   \
[build]       |     ^
[build] C:\Users\pperv\code\unnamed_rpg\vendor\json\include\nlohmann/detail/abi_macros.hpp(62,45): note: expanded from macro 'NLOHMANN_JSON_ABI_TAGS_CONCAT'
[build]    62 |     NLOHMANN_JSON_ABI_TAGS_CONCAT_EX(a, b, c)
[build]       |                                             ^
[build] In file included from C:\Users\pperv\code\unnamed_rpg\vendor\json-schema-validator\src\json-schema-draft7.json.cpp:9:
[build] In file included from C:\Users\pperv\code\unnamed_rpg\vendor\json\include\nlohmann/json.hpp:44:
[build] In file included from C:\Users\pperv\code\unnamed_rpg\vendor\json\include\nlohmann/adl_serializer.hpp:14:
[build] In file included from C:\Users\pperv\code\unnamed_rpg\vendor\json\include\nlohmann/detail/conversions/from_json.hpp:24:
[build] In file included from C:\Users\pperv\code\unnamed_rpg\vendor\json\include\nlohmann/detail/exceptions.hpp:20:
[build] C:\Users\pperv\code\unnamed_rpg\vendor\json\include\nlohmann/detail/value_t.hpp(21,1): warning: inline namespaces are incompatible with C++98 [-Wc++98-compat]
[build] C:\Users\pperv\code\unnamed_rpg\vendor\json\include\nlohmann/detail/abi_macros.hpp(101,5): note: expanded from macro 'NLOHMANN_JSON_NAMESPACE_BEGIN'
[build]   101 |     inline namespace NLOHMANN_JSON_NAMESPACE_CONCAT( \
[build]       |     ^
[build] In file included from C:\Users\pperv\code\unnamed_rpg\vendor\json-schema-validator\src\json-schema-draft7.json.cpp:9:
[build] In file included from C:\Users\pperv\code\unnamed_rpg\vendor\json\include\nlohmann/json.hpp:44:
[build] In file included from C:\Users\pperv\code\unnamed_rpg\vendor\json\include\nlohmann/adl_serializer.hpp:14:
[build] In file included from C:\Users\pperv\code\unnamed_rpg\vendor\json\include\nlohmann/detail/conversions/from_json.hpp:24:
[build] In file included from C:\Users\pperv\code\unnamed_rpg\vendor\json\include\nlohmann/detail/exceptions.hpp:20:
[build] C:\Users\pperv\code\unnamed_rpg\vendor\json\include\nlohmann/detail/value_t.hpp(53,6): warning: scoped enumerations are incompatible with C++98 [-Wc++98-compat]
[build]    53 | enum class value_t : std::uint8_t
[build]       |      ^
[build] C:\Users\pperv\code\unnamed_rpg\vendor\json\include\nlohmann/detail/value_t.hpp(53,20): warning: enumeration types with a fixed underlying type are incompatible with C++98 [-Wc++98-compat]
[build]    53 | enum class value_t : std::uint8_t
[build]       |                    ^~~~~~~~~~~~~~
[build] C:\Users\pperv\code\unnamed_rpg\vendor\json\include\nlohmann/detail/value_t.hpp(83,65): warning: noexcept specifications are incompatible with C++98 [-Wc++98-compat]
[build]    83 |     inline bool operator<(const value_t lhs, const value_t rhs) noexcept
[build]       |                                                                 ^
[build] C:\Users\pperv\code\unnamed_rpg\vendor\json\include\nlohmann/detail/value_t.hpp(86,12): warning: 'constexpr' specifier is incompatible with C++98 [-Wc++98-compat]
[build]    86 |     static constexpr std::array<std::uint8_t, 9> order = {{
[build]       |            ^
[build] C:\Users\pperv\code\unnamed_rpg\vendor\json\include\nlohmann/detail/value_t.hpp(93,11): warning: 'auto' type specifier is incompatible with C++98 [-Wc++98-compat]
[build]    93 |     const auto l_index = static_cast<std::size_t>(lhs);
[build]       |           ^~~~
[build] C:\Users\pperv\code\unnamed_rpg\vendor\json\include\nlohmann/detail/value_t.hpp(94,11): warning: 'auto' type specifier is incompatible with C++98 [-Wc++98-compat]
[build]    94 |     const auto r_index = static_cast<std::size_t>(rhs);
[build]       |           ^~~~
[build] In file included from C:\Users\pperv\code\unnamed_rpg\vendor\json-schema-validator\src\json-schema-draft7.json.cpp:9:
[build] In file included from C:\Users\pperv\code\unnamed_rpg\vendor\json\include\nlohmann/json.hpp:44:
[build] In file included from C:\Users\pperv\code\unnamed_rpg\vendor\json\include\nlohmann/adl_serializer.hpp:14:
[build] In file included from C:\Users\pperv\code\unnamed_rpg\vendor\json\include\nlohmann/detail/conversions/from_json.hpp:24:
[build] In file included from C:\Users\pperv\code\unnamed_rpg\vendor\json\include\nlohmann/detail/exceptions.hpp:21:
[build] C:\Users\pperv\code\unnamed_rpg\vendor\json\include\nlohmann/detail/string_escape.hpp(13,1): warning: empty macro arguments are incompatible with C++98 [-Wc++98-compat-pedantic]
[build]    13 | NLOHMANN_JSON_NAMESPACE_BEGIN
[build]       | ^
[build] C:\Users\pperv\code\unnamed_rpg\vendor\json\include\nlohmann/detail/abi_macros.hpp(102,17): note: expanded from macro 'NLOHMANN_JSON_NAMESPACE_BEGIN'
[build]   102 |                 NLOHMANN_JSON_ABI_TAGS,              \
[build]       |                 ^
[build] C:\Users\pperv\code\unnamed_rpg\vendor\json\include\nlohmann/detail/abi_macros.hpp(65,5): note: expanded from macro 'NLOHMANN_JSON_ABI_TAGS'
[build]    65 |     NLOHMANN_JSON_ABI_TAGS_CONCAT(                                   \
[build]       |     ^
[build] C:\Users\pperv\code\unnamed_rpg\vendor\json\include\nlohmann/detail/abi_macros.hpp(62,39): note: expanded from macro 'NLOHMANN_JSON_ABI_TAGS_CONCAT'
[build]    62 |     NLOHMANN_JSON_ABI_TAGS_CONCAT_EX(a, b, c)
[build]       |                                       ^
[build] In file included from C:\Users\pperv\code\unnamed_rpg\vendor\json-schema-validator\src\json-schema-draft7.json.cpp:9:
[build] In file included from C:\Users\pperv\code\unnamed_rpg\vendor\json\include\nlohmann/json.hpp:44:
[build] In file included from C:\Users\pperv\code\unnamed_rpg\vendor\json\include\nlohmann/adl_serializer.hpp:14:
[build] In file included from C:\Users\pperv\code\unnamed_rpg\vendor\json\include\nlohmann/detail/conversions/from_json.hpp:24:
[build] In file included from C:\Users\pperv\code\unnamed_rpg\vendor\json\include\nlohmann/detail/exceptions.hpp:21:
[build] C:\Users\pperv\code\unnamed_rpg\vendor\json\include\nlohmann/detail/string_escape.hpp(13,1): warning: empty macro arguments are incompatible with C++98 [-Wc++98-compat-pedantic]
[build] C:\Users\pperv\code\unnamed_rpg\vendor\json\include\nlohmann/detail/abi_macros.hpp(102,17): note: expanded from macro 'NLOHMANN_JSON_NAMESPACE_BEGIN'
[build]   102 |                 NLOHMANN_JSON_ABI_TAGS,              \
[build]       |                 ^
[build] C:\Users\pperv\code\unnamed_rpg\vendor\json\include\nlohmann/detail/abi_macros.hpp(65,5): note: expanded from macro 'NLOHMANN_JSON_ABI_TAGS'
[build]    65 |     NLOHMANN_JSON_ABI_TAGS_CONCAT(                                   \
[build]       |     ^
[build] C:\Users\pperv\code\unnamed_rpg\vendor\json\include\nlohmann/detail/abi_macros.hpp(62,42): note: expanded from macro 'NLOHMANN_JSON_ABI_TAGS_CONCAT'
[build]    62 |     NLOHMANN_JSON_ABI_TAGS_CONCAT_EX(a, b, c)
[build]       |                                          ^
[build] In file included from C:\Users\pperv\code\unnamed_rpg\vendor\json-schema-validator\src\json-schema-draft7.json.cpp:9:
[build] In file included from C:\Users\pperv\code\unnamed_rpg\vendor\json\include\nlohmann/json.hpp:44:
[build] In file included from C:\Users\pperv\code\unnamed_rpg\vendor\json\include\nlohmann/adl_serializer.hpp:14:
[build] In file included from C:\Users\pperv\code\unnamed_rpg\vendor\json\include\nlohmann/detail/conversions/from_json.hpp:24:
[build] In file included from C:\Users\pperv\code\unnamed_rpg\vendor\json\include\nlohmann/detail/exceptions.hpp:21:
[build] C:\Users\pperv\code\unnamed_rpg\vendor\json\include\nlohmann/detail/string_escape.hpp(13,1): warning: empty macro arguments are incompatible with C++98 [-Wc++98-compat-pedantic]
[build] C:\Users\pperv\code\unnamed_rpg\vendor\json\include\nlohmann/detail/abi_macros.hpp(102,17): note: expanded from macro 'NLOHMANN_JSON_NAMESPACE_BEGIN'
[build]   102 |                 NLOHMANN_JSON_ABI_TAGS,              \
[build]       |                 ^
[build] C:\Users\pperv\code\unnamed_rpg\vendor\json\include\nlohmann/detail/abi_macros.hpp(65,5): note: expanded from macro 'NLOHMANN_JSON_ABI_TAGS'
[build]    65 |     NLOHMANN_JSON_ABI_TAGS_CONCAT(                                   \
[build]       |     ^
[build] C:\Users\pperv\code\unnamed_rpg\vendor\json\include\nlohmann/detail/abi_macros.hpp(62,45): note: expanded from macro 'NLOHMANN_JSON_ABI_TAGS_CONCAT'
[build]    62 |     NLOHMANN_JSON_ABI_TAGS_CONCAT_EX(a, b, c)
[build]       |                                             ^
[build] In file included from C:\Users\pperv\code\unnamed_rpg\vendor\json-schema-validator\src\json-schema-draft7.json.cpp:9:
[build] In file included from C:\Users\pperv\code\unnamed_rpg\vendor\json\include\nlohmann/json.hpp:44:
[build] In file included from C:\Users\pperv\code\unnamed_rpg\vendor\json\include\nlohmann/adl_serializer.hpp:14:
[build] In file included from C:\Users\pperv\code\unnamed_rpg\vendor\json\include\nlohmann/detail/conversions/from_json.hpp:24:
[build] In file included from C:\Users\pperv\code\unnamed_rpg\vendor\json\include\nlohmann/detail/exceptions.hpp:21:
[build] C:\Users\pperv\code\unnamed_rpg\vendor\json\include\nlohmann/detail/string_escape.hpp(13,1): warning: inline namespaces are incompatible with C++98 [-Wc++98-compat]
[build] C:\Users\pperv\code\unnamed_rpg\vendor\json\include\nlohmann/detail/abi_macros.hpp(101,5): note: expanded from macro 'NLOHMANN_JSON_NAMESPACE_BEGIN'
[build]   101 |     inline namespace NLOHMANN_JSON_NAMESPACE_CONCAT( \
[build]       |     ^
[build] In file included from C:\Users\pperv\code\unnamed_rpg\vendor\json-schema-validator\src\json-schema-draft7.json.cpp:9:
[build] In file included from C:\Users\pperv\code\unnamed_rpg\vendor\json\include\nlohmann/json.hpp:44:
[build] In file included from C:\Users\pperv\code\unnamed_rpg\vendor\json\include\nlohmann/adl_serializer.hpp:14:
[build] In file included from C:\Users\pperv\code\unnamed_rpg\vendor\json\include\nlohmann/detail/conversions/from_json.hpp:24:
[build] In file included from C:\Users\pperv\code\unnamed_rpg\vendor\json\include\nlohmann/detail/exceptions.hpp:22:
[build] C:\Users\pperv\code\unnamed_rpg\vendor\json\include\nlohmann/detail/input/position_t.hpp(15,1): warning: empty macro arguments are incompatible with C++98 [-Wc++98-compat-pedantic]
[build]    15 | NLOHMANN_JSON_NAMESPACE_BEGIN
[build]       | ^
[build] C:\Users\pperv\code\unnamed_rpg\vendor\json\include\nlohmann/detail/abi_macros.hpp(102,17): note: expanded from macro 'NLOHMANN_JSON_NAMESPACE_BEGIN'
[build]   102 |                 NLOHMANN_JSON_ABI_TAGS,              \
[build]       |                 ^
[build] C:\Users\pperv\code\unnamed_rpg\vendor\json\include\nlohmann/detail/abi_macros.hpp(65,5): note: expanded from macro 'NLOHMANN_JSON_ABI_TAGS'
[build]    65 |     NLOHMANN_JSON_ABI_TAGS_CONCAT(                                   \
[build]       |     ^
[build] C:\Users\pperv\code\unnamed_rpg\vendor\json\include\nlohmann/detail/abi_macros.hpp(62,39): note: expanded from macro 'NLOHMANN_JSON_ABI_TAGS_CONCAT'
[build]    62 |     NLOHMANN_JSON_ABI_TAGS_CONCAT_EX(a, b, c)
[build]       |                                       ^
[build] In file included from C:\Users\pperv\code\unnamed_rpg\vendor\json-schema-validator\src\json-schema-draft7.json.cpp:9:
[build] In file included from C:\Users\pperv\code\unnamed_rpg\vendor\json\include\nlohmann/json.hpp:44:
[build] In file included from C:\Users\pperv\code\unnamed_rpg\vendor\json\include\nlohmann/adl_serializer.hpp:14:
[build] In file included from C:\Users\pperv\code\unnamed_rpg\vendor\json\include\nlohmann/detail/conversions/from_json.hpp:24:
[build] In file included from C:\Users\pperv\code\unnamed_rpg\vendor\json\include\nlohmann/detail/exceptions.hpp:22:
[build] C:\Users\pperv\code\unnamed_rpg\vendor\json\include\nlohmann/detail/input/position_t.hpp(15,1): warning: empty macro arguments are incompatible with C++98 [-Wc++98-compat-pedantic]
[build] C:\Users\pperv\code\unnamed_rpg\vendor\json\include\nlohmann/detail/abi_macros.hpp(102,17): note: expanded from macro 'NLOHMANN_JSON_NAMESPACE_BEGIN'
[build]   102 |                 NLOHMANN_JSON_ABI_TAGS,              \
[build]       |                 ^
[build] C:\Users\pperv\code\unnamed_rpg\vendor\json\include\nlohmann/detail/abi_macros.hpp(65,5): note: expanded from macro 'NLOHMANN_JSON_ABI_TAGS'
[build]    65 |     NLOHMANN_JSON_ABI_TAGS_CONCAT(                                   \
[build]       |     ^
[build] C:\Users\pperv\code\unnamed_rpg\vendor\json\include\nlohmann/detail/abi_macros.hpp(62,42): note: expanded from macro 'NLOHMANN_JSON_ABI_TAGS_CONCAT'
[build]    62 |     NLOHMANN_JSON_ABI_TAGS_CONCAT_EX(a, b, c)
[build]       |                                          ^
[build] In file included from C:\Users\pperv\code\unnamed_rpg\vendor\json-schema-validator\src\json-schema-draft7.json.cpp:9:
[build] In file included from C:\Users\pperv\code\unnamed_rpg\vendor\json\include\nlohmann/json.hpp:44:
[build] In file included from C:\Users\pperv\code\unnamed_rpg\vendor\json\include\nlohmann/adl_serializer.hpp:14:
[build] In file included from C:\Users\pperv\code\unnamed_rpg\vendor\json\include\nlohmann/detail/conversions/from_json.hpp:24:
[build] In file included from C:\Users\pperv\code\unnamed_rpg\vendor\json\include\nlohmann/detail/exceptions.hpp:22:
[build] C:\Users\pperv\code\unnamed_rpg\vendor\json\include\nlohmann/detail/input/position_t.hpp(15,1): warning: empty macro arguments are incompatible with C++98 [-Wc++98-compat-pedantic]
[build] C:\Users\pperv\code\unnamed_rpg\vendor\json\include\nlohmann/detail/abi_macros.hpp(102,17): note: expanded from macro 'NLOHMANN_JSON_NAMESPACE_BEGIN'
[build]   102 |                 NLOHMANN_JSON_ABI_TAGS,              \
[build]       |                 ^
[build] C:\Users\pperv\code\unnamed_rpg\vendor\json\include\nlohmann/detail/abi_macros.hpp(65,5): note: expanded from macro 'NLOHMANN_JSON_ABI_TAGS'
[build]    65 |     NLOHMANN_JSON_ABI_TAGS_CONCAT(                                   \
[build]       |     ^
[build] C:\Users\pperv\code\unnamed_rpg\vendor\json\include\nlohmann/detail/abi_macros.hpp(62,45): note: expanded from macro 'NLOHMANN_JSON_ABI_TAGS_CONCAT'
[build]    62 |     NLOHMANN_JSON_ABI_TAGS_CONCAT_EX(a, b, c)
[build]       |                                             ^
[build] In file included from C:\Users\pperv\code\unnamed_rpg\vendor\json-schema-validator\src\json-schema-draft7.json.cpp:9:
[build] In file included from C:\Users\pperv\code\unnamed_rpg\vendor\json\include\nlohmann/json.hpp:44:
[build] In file included from C:\Users\pperv\code\unnamed_rpg\vendor\json\include\nlohmann/adl_serializer.hpp:14:
[build] In file included from C:\Users\pperv\code\unnamed_rpg\vendor\json\include\nlohmann/detail/conversions/from_json.hpp:24:
[build] In file included from C:\Users\pperv\code\unnamed_rpg\vendor\json\include\nlohmann/detail/exceptions.hpp:22:
[build] C:\Users\pperv\code\unnamed_rpg\vendor\json\include\nlohmann/detail/input/position_t.hpp(15,1): warning: inline namespaces are incompatible with C++98 [-Wc++98-compat]
[build] C:\Users\pperv\code\unnamed_rpg\vendor\json\include\nlohmann/detail/abi_macros.hpp(101,5): note: expanded from macro 'NLOHMANN_JSON_NAMESPACE_BEGIN'
[build]   101 |     inline namespace NLOHMANN_JSON_NAMESPACE_CONCAT( \
[build]       |     ^
[build] In file included from C:\Users\pperv\code\unnamed_rpg\vendor\json-schema-validator\src\json-schema-draft7.json.cpp:9:
[build] In file included from C:\Users\pperv\code\unnamed_rpg\vendor\json\include\nlohmann/json.hpp:44:
[build] In file included from C:\Users\pperv\code\unnamed_rpg\vendor\json\include\nlohmann/adl_serializer.hpp:14:
[build] In file included from C:\Users\pperv\code\unnamed_rpg\vendor\json\include\nlohmann/detail/conversions/from_json.hpp:24:
[build] In file included from C:\Users\pperv\code\unnamed_rpg\vendor\json\include\nlohmann/detail/exceptions.hpp:22:
[build] C:\Users\pperv\code\unnamed_rpg\vendor\json\include\nlohmann/detail/input/position_t.hpp(23,34): warning: default member initializer for non-static data members is incompatible with C++98 [-Wc++98-compat]
[build]    23 |     std::size_t chars_read_total = 0;
[build]       |                                  ^
[build] C:\Users\pperv\code\unnamed_rpg\vendor\json\include\nlohmann/detail/input/position_t.hpp(25,41): warning: default member initializer for non-static data members is incompatible with C++98 [-Wc++98-compat]
[build]    25 |     std::size_t chars_read_current_line = 0;
[build]       |                                         ^
[build] C:\Users\pperv\code\unnamed_rpg\vendor\json\include\nlohmann/detail/input/position_t.hpp(27,28): warning: default member initializer for non-static data members is incompatible with C++98 [-Wc++98-compat]
[build]    27 |     std::size_t lines_read = 0;
[build]       |                            ^
[build] C:\Users\pperv\code\unnamed_rpg\vendor\json\include\nlohmann/detail/input/position_t.hpp(30,5): warning: 'constexpr' specifier is incompatible with C++98 [-Wc++98-compat]
[build]    30 |     constexpr operator size_t() const
[build]       |     ^
[build] In file included from C:\Users\pperv\code\unnamed_rpg\vendor\json-schema-validator\src\json-schema-draft7.json.cpp:9:
[build] In file included from C:\Users\pperv\code\unnamed_rpg\vendor\json\include\nlohmann/json.hpp:44:
[build] In file included from C:\Users\pperv\code\unnamed_rpg\vendor\json\include\nlohmann/adl_serializer.hpp:14:
[build] In file included from C:\Users\pperv\code\unnamed_rpg\vendor\json\include\nlohmann/detail/conversions/from_json.hpp:24:
[build] In file included from C:\Users\pperv\code\unnamed_rpg\vendor\json\include\nlohmann/detail/exceptions.hpp:24:
[build] C:\Users\pperv\code\unnamed_rpg\vendor\json\include\nlohmann/detail/meta/cpp_future.hpp(19,1): warning: empty macro arguments are incompatible with C++98 [-Wc++98-compat-pedantic]
[build]    19 | NLOHMANN_JSON_NAMESPACE_BEGIN
[build]       | ^
[build] C:\Users\pperv\code\unnamed_rpg\vendor\json\include\nlohmann/detail/abi_macros.hpp(102,17): note: expanded from macro 'NLOHMANN_JSON_NAMESPACE_BEGIN'
[build]   102 |                 NLOHMANN_JSON_ABI_TAGS,              \
[build]       |                 ^
[build] C:\Users\pperv\code\unnamed_rpg\vendor\json\include\nlohmann/detail/abi_macros.hpp(65,5): note: expanded from macro 'NLOHMANN_JSON_ABI_TAGS'
[build]    65 |     NLOHMANN_JSON_ABI_TAGS_CONCAT(                                   \
[build]       |     ^
[build] C:\Users\pperv\code\unnamed_rpg\vendor\json\include\nlohmann/detail/abi_macros.hpp(62,39): note: expanded from macro 'NLOHMANN_JSON_ABI_TAGS_CONCAT'
[build]    62 |     NLOHMANN_JSON_ABI_TAGS_CONCAT_EX(a, b, c)
[build]       |                                       ^
[build] In file included from C:\Users\pperv\code\unnamed_rpg\vendor\json-schema-validator\src\json-schema-draft7.json.cpp:9:
[build] In file included from C:\Users\pperv\code\unnamed_rpg\vendor\json\include\nlohmann/json.hpp:44:
[build] In file included from C:\Users\pperv\code\unnamed_rpg\vendor\json\include\nlohmann/adl_serializer.hpp:14:
[build] In file included from C:\Users\pperv\code\unnamed_rpg\vendor\json\include\nlohmann/detail/conversions/from_json.hpp:24:
[build] In file included from C:\Users\pperv\code\unnamed_rpg\vendor\json\include\nlohmann/detail/exceptions.hpp:24:
[build] C:\Users\pperv\code\unnamed_rpg\vendor\json\include\nlohmann/detail/meta/cpp_future.hpp(19,1): warning: empty macro arguments are incompatible with C++98 [-Wc++98-compat-pedantic]
[build] C:\Users\pperv\code\unnamed_rpg\vendor\json\include\nlohmann/detail/abi_macros.hpp(102,17): note: expanded from macro 'NLOHMANN_JSON_NAMESPACE_BEGIN'
[build]   102 |                 NLOHMANN_JSON_ABI_TAGS,              \
[build]       |                 ^
[build] C:\Users\pperv\code\unnamed_rpg\vendor\json\include\nlohmann/detail/abi_macros.hpp(65,5): note: expanded from macro 'NLOHMANN_JSON_ABI_TAGS'
[build]    65 |     NLOHMANN_JSON_ABI_TAGS_CONCAT(                                   \
[build]       |     ^
[build] C:\Users\pperv\code\unnamed_rpg\vendor\json\include\nlohmann/detail/abi_macros.hpp(62,42): note: expanded from macro 'NLOHMANN_JSON_ABI_TAGS_CONCAT'
[build]    62 |     NLOHMANN_JSON_ABI_TAGS_CONCAT_EX(a, b, c)
[build]       |                                          ^
[build] In file included from C:\Users\pperv\code\unnamed_rpg\vendor\json-schema-validator\src\json-schema-draft7.json.cpp:9:
[build] In file included from C:\Users\pperv\code\unnamed_rpg\vendor\json\include\nlohmann/json.hpp:44:
[build] In file included from C:\Users\pperv\code\unnamed_rpg\vendor\json\include\nlohmann/adl_serializer.hpp:14:
[build] In file included from C:\Users\pperv\code\unnamed_rpg\vendor\json\include\nlohmann/detail/conversions/from_json.hpp:24:
[build] In file included from C:\Users\pperv\code\unnamed_rpg\vendor\json\include\nlohmann/detail/exceptions.hpp:24:
[build] C:\Users\pperv\code\unnamed_rpg\vendor\json\include\nlohmann/detail/meta/cpp_future.hpp(19,1): warning: empty macro arguments are incompatible with C++98 [-Wc++98-compat-pedantic]
[build] C:\Users\pperv\code\unnamed_rpg\vendor\json\include\nlohmann/detail/abi_macros.hpp(102,17): note: expanded from macro 'NLOHMANN_JSON_NAMESPACE_BEGIN'
[build]   102 |                 NLOHMANN_JSON_ABI_TAGS,              \
[build]       |                 ^
[build] C:\Users\pperv\code\unnamed_rpg\vendor\json\include\nlohmann/detail/abi_macros.hpp(65,5): note: expanded from macro 'NLOHMANN_JSON_ABI_TAGS'
[build]    65 |     NLOHMANN_JSON_ABI_TAGS_CONCAT(                                   \
[build]       |     ^
[build] C:\Users\pperv\code\unnamed_rpg\vendor\json\include\nlohmann/detail/abi_macros.hpp(62,45): note: expanded from macro 'NLOHMANN_JSON_ABI_TAGS_CONCAT'
[build]    62 |     NLOHMANN_JSON_ABI_TAGS_CONCAT_EX(a, b, c)
[build]       |                                             ^
[build] In file included from C:\Users\pperv\code\unnamed_rpg\vendor\json-schema-validator\src\json-schema-draft7.json.cpp:9:
[build] In file included from C:\Users\pperv\code\unnamed_rpg\vendor\json\include\nlohmann/json.hpp:44:
[build] In file included from C:\Users\pperv\code\unnamed_rpg\vendor\json\include\nlohmann/adl_serializer.hpp:14:
[build] In file included from C:\Users\pperv\code\unnamed_rpg\vendor\json\include\nlohmann/detail/conversions/from_json.hpp:24:
[build] In file included from C:\Users\pperv\code\unnamed_rpg\vendor\json\include\nlohmann/detail/exceptions.hpp:24:
[build] C:\Users\pperv\code\unnamed_rpg\vendor\json\include\nlohmann/detail/meta/cpp_future.hpp(19,1): warning: inline namespaces are incompatible with C++98 [-Wc++98-compat]
[build] C:\Users\pperv\code\unnamed_rpg\vendor\json\include\nlohmann/detail/abi_macros.hpp(101,5): note: expanded from macro 'NLOHMANN_JSON_NAMESPACE_BEGIN'
[build]   101 |     inline namespace NLOHMANN_JSON_NAMESPACE_CONCAT( \
[build]       |     ^
[build] In file included from C:\Users\pperv\code\unnamed_rpg\vendor\json-schema-validator\src\json-schema-draft7.json.cpp:9:
[build] In file included from C:\Users\pperv\code\unnamed_rpg\vendor\json\include\nlohmann/json.hpp:44:
[build] In file included from C:\Users\pperv\code\unnamed_rpg\vendor\json\include\nlohmann/adl_serializer.hpp:14:
[build] In file included from C:\Users\pperv\code\unnamed_rpg\vendor\json\include\nlohmann/detail/conversions/from_json.hpp:24:
[build] In file included from C:\Users\pperv\code\unnamed_rpg\vendor\json\include\nlohmann/detail/exceptions.hpp:24:
[build] C:\Users\pperv\code\unnamed_rpg\vendor\json\include\nlohmann/detail/meta/cpp_future.hpp(24,19): warning: alias declarations are incompatible with C++98 [-Wc++98-compat]
[build]    24 | using uncvref_t = typename std::remove_cv<typename std::remove_reference<T>::type>::type;
[build]       |                   ^
[build] C:\Users\pperv\code\unnamed_rpg\vendor\json\include\nlohmann/detail/meta/cpp_future.hpp(156,33): warning: 'constexpr' specifier is incompatible with C++98 [-Wc++98-compat]
[build]   156 |     static JSON_INLINE_VARIABLE constexpr T value{};
[build]       |                                 ^
[build] C:\Users\pperv\code\unnamed_rpg\vendor\json\include\nlohmann/detail/meta/cpp_future.hpp(161,5): warning: 'constexpr' specifier is incompatible with C++98 [-Wc++98-compat]
[build]   161 |     constexpr T static_const<T>::value;
[build]       |     ^
[build] C:\Users\pperv\code\unnamed_rpg\vendor\json\include\nlohmann/detail/meta/cpp_future.hpp(161,34): warning: out-of-line definition of constexpr static data member is redundant in C++17 and is deprecated [-Wdeprecated-redundant-constexpr-static-def]
[build]   161 |     constexpr T static_const<T>::value;
[build]       |                                  ^
[build] C:\Users\pperv\code\unnamed_rpg\vendor\json\include\nlohmann/detail/meta/cpp_future.hpp(164,30): warning: variadic templates are incompatible with C++98 [-Wc++98-compat]
[build]   164 | template<typename T, typename... Args>
[build]       |                              ^
[build] C:\Users\pperv\code\unnamed_rpg\vendor\json\include\nlohmann/detail/meta/cpp_future.hpp(165,1): warning: 'constexpr' specifier is incompatible with C++98 [-Wc++98-compat]
[build]   165 | constexpr std::array<T, sizeof...(Args)> make_array(Args&& ... args)
[build]       | ^
[build] C:\Users\pperv\code\unnamed_rpg\vendor\json\include\nlohmann/detail/meta/cpp_future.hpp(165,57): warning: rvalue references are incompatible with C++98 [-Wc++98-compat]
[build]   165 | constexpr std::array<T, sizeof...(Args)> make_array(Args&& ... args)
[build]       |                                                         ^
[build] C:\Users\pperv\code\unnamed_rpg\vendor\json\include\nlohmann/detail/meta/cpp_future.hpp(167,43): warning: generalized initializer lists are incompatible with C++98 [-Wc++98-compat]
[build]   167 |     return std::array<T, sizeof...(Args)> {{static_cast<T>(std::forward<Args>(args))...}};
[build]       |                                           ^
[build] In file included from C:\Users\pperv\code\unnamed_rpg\vendor\json-schema-validator\src\json-schema-draft7.json.cpp:9:
[build] In file included from C:\Users\pperv\code\unnamed_rpg\vendor\json\include\nlohmann/json.hpp:44:
[build] In file included from C:\Users\pperv\code\unnamed_rpg\vendor\json\include\nlohmann/adl_serializer.hpp:14:
[build] In file included from C:\Users\pperv\code\unnamed_rpg\vendor\json\include\nlohmann/detail/conversions/from_json.hpp:24:
[build] In file included from C:\Users\pperv\code\unnamed_rpg\vendor\json\include\nlohmann/detail/exceptions.hpp:25:
[build] In file included from C:\Users\pperv\code\unnamed_rpg\vendor\json\include\nlohmann/detail/meta/type_traits.hpp:20:
[build] C:\Users\pperv\code\unnamed_rpg\vendor\json\include\nlohmann/detail/iterators/iterator_traits.hpp(17,1): warning: empty macro arguments are incompatible with C++98 [-Wc++98-compat-pedantic]
[build]    17 | NLOHMANN_JSON_NAMESPACE_BEGIN
[build]       | ^
[build] C:\Users\pperv\code\unnamed_rpg\vendor\json\include\nlohmann/detail/abi_macros.hpp(102,17): note: expanded from macro 'NLOHMANN_JSON_NAMESPACE_BEGIN'
[build]   102 |                 NLOHMANN_JSON_ABI_TAGS,              \
[build]       |                 ^
[build] C:\Users\pperv\code\unnamed_rpg\vendor\json\include\nlohmann/detail/abi_macros.hpp(65,5): note: expanded from macro 'NLOHMANN_JSON_ABI_TAGS'
[build]    65 |     NLOHMANN_JSON_ABI_TAGS_CONCAT(                                   \
[build]       |     ^
[build] C:\Users\pperv\code\unnamed_rpg\vendor\json\include\nlohmann/detail/abi_macros.hpp(62,39): note: expanded from macro 'NLOHMANN_JSON_ABI_TAGS_CONCAT'
[build]    62 |     NLOHMANN_JSON_ABI_TAGS_CONCAT_EX(a, b, c)
[build]       |                                       ^
[build] In file included from C:\Users\pperv\code\unnamed_rpg\vendor\json-schema-validator\src\json-schema-draft7.json.cpp:9:
[build] In file included from C:\Users\pperv\code\unnamed_rpg\vendor\json\include\nlohmann/json.hpp:44:
[build] In file included from C:\Users\pperv\code\unnamed_rpg\vendor\json\include\nlohmann/adl_serializer.hpp:14:
[build] In file included from C:\Users\pperv\code\unnamed_rpg\vendor\json\include\nlohmann/detail/conversions/from_json.hpp:24:
[build] In file included from C:\Users\pperv\code\unnamed_rpg\vendor\json\include\nlohmann/detail/exceptions.hpp:25:
[build] In file included from C:\Users\pperv\code\unnamed_rpg\vendor\json\include\nlohmann/detail/meta/type_traits.hpp:20:
[build] C:\Users\pperv\code\unnamed_rpg\vendor\json\include\nlohmann/detail/iterators/iterator_traits.hpp(17,1): warning: empty macro arguments are incompatible with C++98 [-Wc++98-compat-pedantic]
[build] C:\Users\pperv\code\unnamed_rpg\vendor\json\include\nlohmann/detail/abi_macros.hpp(102,17): note: expanded from macro 'NLOHMANN_JSON_NAMESPACE_BEGIN'
[build]   102 |                 NLOHMANN_JSON_ABI_TAGS,              \
[build]       |                 ^
[build] C:\Users\pperv\code\unnamed_rpg\vendor\json\include\nlohmann/detail/abi_macros.hpp(65,5): note: expanded from macro 'NLOHMANN_JSON_ABI_TAGS'
[build]    65 |     NLOHMANN_JSON_ABI_TAGS_CONCAT(                                   \
[build]       |     ^
[build] C:\Users\pperv\code\unnamed_rpg\vendor\json\include\nlohmann/detail/abi_macros.hpp(62,42): note: expanded from macro 'NLOHMANN_JSON_ABI_TAGS_CONCAT'
[build]    62 |     NLOHMANN_JSON_ABI_TAGS_CONCAT_EX(a, b, c)
[build]       |                                          ^
[build] In file included from C:\Users\pperv\code\unnamed_rpg\vendor\json-schema-validator\src\json-schema-draft7.json.cpp:9:
[build] In file included from C:\Users\pperv\code\unnamed_rpg\vendor\json\include\nlohmann/json.hpp:44:
[build] In file included from C:\Users\pperv\code\unnamed_rpg\vendor\json\include\nlohmann/adl_serializer.hpp:14:
[build] In file included from C:\Users\pperv\code\unnamed_rpg\vendor\json\include\nlohmann/detail/conversions/from_json.hpp:24:
[build] In file included from C:\Users\pperv\code\unnamed_rpg\vendor\json\include\nlohmann/detail/exceptions.hpp:25:
[build] In file included from C:\Users\pperv\code\unnamed_rpg\vendor\json\include\nlohmann/detail/meta/type_traits.hpp:20:
[build] C:\Users\pperv\code\unnamed_rpg\vendor\json\include\nlohmann/detail/iterators/iterator_traits.hpp(17,1): warning: empty macro arguments are incompatible with C++98 [-Wc++98-compat-pedantic]
[build] C:\Users\pperv\code\unnamed_rpg\vendor\json\include\nlohmann/detail/abi_macros.hpp(102,17): note: expanded from macro 'NLOHMANN_JSON_NAMESPACE_BEGIN'
[build]   102 |                 NLOHMANN_JSON_ABI_TAGS,              \
[build]       |                 ^
[build] C:\Users\pperv\code\unnamed_rpg\vendor\json\include\nlohmann/detail/abi_macros.hpp(65,5): note: expanded from macro 'NLOHMANN_JSON_ABI_TAGS'
[build]    65 |     NLOHMANN_JSON_ABI_TAGS_CONCAT(                                   \
[build]       |     ^
[build] C:\Users\pperv\code\unnamed_rpg\vendor\json\include\nlohmann/detail/abi_macros.hpp(62,45): note: expanded from macro 'NLOHMANN_JSON_ABI_TAGS_CONCAT'
[build]    62 |     NLOHMANN_JSON_ABI_TAGS_CONCAT_EX(a, b, c)
[build]       |                                             ^
[build] In file included from C:\Users\pperv\code\unnamed_rpg\vendor\json-schema-validator\src\json-schema-draft7.json.cpp:9:
[build] In file included from C:\Users\pperv\code\unnamed_rpg\vendor\json\include\nlohmann/json.hpp:44:
[build] In file included from C:\Users\pperv\code\unnamed_rpg\vendor\json\include\nlohmann/adl_serializer.hpp:14:
[build] In file included from C:\Users\pperv\code\unnamed_rpg\vendor\json\include\nlohmann/detail/conversions/from_json.hpp:24:
[build] In file included from C:\Users\pperv\code\unnamed_rpg\vendor\json\include\nlohmann/detail/exceptions.hpp:25:
[build] In file included from C:\Users\pperv\code\unnamed_rpg\vendor\json\include\nlohmann/detail/meta/type_traits.hpp:20:
[build] C:\Users\pperv\code\unnamed_rpg\vendor\json\include\nlohmann/detail/iterators/iterator_traits.hpp(17,1): warning: inline namespaces are incompatible with C++98 [-Wc++98-compat]
[build] C:\Users\pperv\code\unnamed_rpg\vendor\json\include\nlohmann/detail/abi_macros.hpp(101,5): note: expanded from macro 'NLOHMANN_JSON_NAMESPACE_BEGIN'
[build]   101 |     inline namespace NLOHMANN_JSON_NAMESPACE_CONCAT( \
[build]       |     ^
[build] In file included from C:\Users\pperv\code\unnamed_rpg\vendor\json-schema-validator\src\json-schema-draft7.json.cpp:9:
[build] In file included from C:\Users\pperv\code\unnamed_rpg\vendor\json\include\nlohmann/json.hpp:44:
[build] In file included from C:\Users\pperv\code\unnamed_rpg\vendor\json\include\nlohmann/adl_serializer.hpp:14:
[build] In file included from C:\Users\pperv\code\unnamed_rpg\vendor\json\include\nlohmann/detail/conversions/from_json.hpp:24:
[build] In file included from C:\Users\pperv\code\unnamed_rpg\vendor\json\include\nlohmann/detail/exceptions.hpp:25:
[build] In file included from C:\Users\pperv\code\unnamed_rpg\vendor\json\include\nlohmann/detail/meta/type_traits.hpp:20:
[build] C:\Users\pperv\code\unnamed_rpg\vendor\json\include\nlohmann/detail/iterators/iterator_traits.hpp(28,60): warning: consecutive right angle brackets are incompatible with C++98 (use '> >') [-Wc++98-compat]
[build]    28 |     typename It::reference, typename It::iterator_category >>
[build]       |                                                            ^~
[build]       |                                                            > >
[build] C:\Users\pperv\code\unnamed_rpg\vendor\json\include\nlohmann/detail/iterators/iterator_traits.hpp(30,29): warning: alias declarations are incompatible with C++98 [-Wc++98-compat]
[build]    30 |     using difference_type = typename It::difference_type;
[build]       |                             ^
[build] C:\Users\pperv\code\unnamed_rpg\vendor\json\include\nlohmann/detail/iterators/iterator_traits.hpp(31,24): warning: alias declarations are incompatible with C++98 [-Wc++98-compat]
[build]    31 |     using value_type = typename It::value_type;
[build]       |                        ^
[build] C:\Users\pperv\code\unnamed_rpg\vendor\json\include\nlohmann/detail/iterators/iterator_traits.hpp(32,21): warning: alias declarations are incompatible with C++98 [-Wc++98-compat]
[build]    32 |     using pointer = typename It::pointer;
[build]       |                     ^
[build] C:\Users\pperv\code\unnamed_rpg\vendor\json\include\nlohmann/detail/iterators/iterator_traits.hpp(33,23): warning: alias declarations are incompatible with C++98 [-Wc++98-compat]
[build]    33 |     using reference = typename It::reference;
[build]       |                       ^
[build] C:\Users\pperv\code\unnamed_rpg\vendor\json\include\nlohmann/detail/iterators/iterator_traits.hpp(34,31): warning: alias declarations are incompatible with C++98 [-Wc++98-compat]
[build]    34 |     using iterator_category = typename It::iterator_category;
[build]       |                               ^
[build] C:\Users\pperv\code\unnamed_rpg\vendor\json\include\nlohmann/detail/iterators/iterator_traits.hpp(45,70): warning: consecutive right angle brackets are incompatible with C++98 (use '> >') [-Wc++98-compat]
[build]    45 | struct iterator_traits < T, enable_if_t < !std::is_pointer<T>::value >>
[build]       |                                                                      ^~
[build]       |                                                                      > >
[build] C:\Users\pperv\code\unnamed_rpg\vendor\json\include\nlohmann/detail/iterators/iterator_traits.hpp(51,64): warning: consecutive right angle brackets are incompatible with C++98 (use '> >') [-Wc++98-compat]
[build]    51 | struct iterator_traits<T*, enable_if_t<std::is_object<T>::value>>
[build]       |                                                                ^~
[build]       |                                                                > >
[build] C:\Users\pperv\code\unnamed_rpg\vendor\json\include\nlohmann/detail/iterators/iterator_traits.hpp(53,31): warning: alias declarations are incompatible with C++98 [-Wc++98-compat]
[build]    53 |     using iterator_category = std::random_access_iterator_tag;
[build]       |                               ^
[build] C:\Users\pperv\code\unnamed_rpg\vendor\json\include\nlohmann/detail/iterators/iterator_traits.hpp(54,24): warning: alias declarations are incompatible with C++98 [-Wc++98-compat]
[build]    54 |     using value_type = T;
[build]       |                        ^
[build] C:\Users\pperv\code\unnamed_rpg\vendor\json\include\nlohmann/detail/iterators/iterator_traits.hpp(55,29): warning: alias declarations are incompatible with C++98 [-Wc++98-compat]
[build]    55 |     using difference_type = ptrdiff_t;
[build]       |                             ^
[build] C:\Users\pperv\code\unnamed_rpg\vendor\json\include\nlohmann/detail/iterators/iterator_traits.hpp(56,21): warning: alias declarations are incompatible with C++98 [-Wc++98-compat]
[build]    56 |     using pointer = T*;
[build]       |                     ^
[build] C:\Users\pperv\code\unnamed_rpg\vendor\json\include\nlohmann/detail/iterators/iterator_traits.hpp(57,23): warning: alias declarations are incompatible with C++98 [-Wc++98-compat]
[build]    57 |     using reference = T&;
[build]       |                       ^
[build] In file included from C:\Users\pperv\code\unnamed_rpg\vendor\json-schema-validator\src\json-schema-draft7.json.cpp:9:
[build] In file included from C:\Users\pperv\code\unnamed_rpg\vendor\json\include\nlohmann/json.hpp:44:
[build] In file included from C:\Users\pperv\code\unnamed_rpg\vendor\json\include\nlohmann/adl_serializer.hpp:14:
[build] In file included from C:\Users\pperv\code\unnamed_rpg\vendor\json\include\nlohmann/detail/conversions/from_json.hpp:24:
[build] In file included from C:\Users\pperv\code\unnamed_rpg\vendor\json\include\nlohmann/detail/exceptions.hpp:25:
[build] In file included from C:\Users\pperv\code\unnamed_rpg\vendor\json\include\nlohmann/detail/meta/type_traits.hpp:25:
[build] C:\Users\pperv\code\unnamed_rpg\vendor\json\include\nlohmann/detail/meta/call_std/begin.hpp(13,1): warning: empty macro arguments are incompatible with C++98 [-Wc++98-compat-pedantic]
[build]    13 | NLOHMANN_JSON_NAMESPACE_BEGIN
[build]       | ^
[build] C:\Users\pperv\code\unnamed_rpg\vendor\json\include\nlohmann/detail/abi_macros.hpp(102,17): note: expanded from macro 'NLOHMANN_JSON_NAMESPACE_BEGIN'
[build]   102 |                 NLOHMANN_JSON_ABI_TAGS,              \
[build]       |                 ^
[build] C:\Users\pperv\code\unnamed_rpg\vendor\json\include\nlohmann/detail/abi_macros.hpp(65,5): note: expanded from macro 'NLOHMANN_JSON_ABI_TAGS'
[build]    65 |     NLOHMANN_JSON_ABI_TAGS_CONCAT(                                   \
[build]       |     ^
[build] C:\Users\pperv\code\unnamed_rpg\vendor\json\include\nlohmann/detail/abi_macros.hpp(62,39): note: expanded from macro 'NLOHMANN_JSON_ABI_TAGS_CONCAT'
[build]    62 |     NLOHMANN_JSON_ABI_TAGS_CONCAT_EX(a, b, c)
[build]       |                                       ^
[build] In file included from C:\Users\pperv\code\unnamed_rpg\vendor\json-schema-validator\src\json-schema-draft7.json.cpp:9:
[build] In file included from C:\Users\pperv\code\unnamed_rpg\vendor\json\include\nlohmann/json.hpp:44:
[build] In file included from C:\Users\pperv\code\unnamed_rpg\vendor\json\include\nlohmann/adl_serializer.hpp:14:
[build] In file included from C:\Users\pperv\code\unnamed_rpg\vendor\json\include\nlohmann/detail/conversions/from_json.hpp:24:
[build] In file included from C:\Users\pperv\code\unnamed_rpg\vendor\json\include\nlohmann/detail/exceptions.hpp:25:
[build] In file included from C:\Users\pperv\code\unnamed_rpg\vendor\json\include\nlohmann/detail/meta/type_traits.hpp:25:
[build] C:\Users\pperv\code\unnamed_rpg\vendor\json\include\nlohmann/detail/meta/call_std/begin.hpp(13,1): warning: empty macro arguments are incompatible with C++98 [-Wc++98-compat-pedantic]
[build] C:\Users\pperv\code\unnamed_rpg\vendor\json\include\nlohmann/detail/abi_macros.hpp(102,17): note: expanded from macro 'NLOHMANN_JSON_NAMESPACE_BEGIN'
[build]   102 |                 NLOHMANN_JSON_ABI_TAGS,              \
[build]       |                 ^
[build] C:\Users\pperv\code\unnamed_rpg\vendor\json\include\nlohmann/detail/abi_macros.hpp(65,5): note: expanded from macro 'NLOHMANN_JSON_ABI_TAGS'
[build]    65 |     NLOHMANN_JSON_ABI_TAGS_CONCAT(                                   \
[build]       |     ^
[build] C:\Users\pperv\code\unnamed_rpg\vendor\json\include\nlohmann/detail/abi_macros.hpp(62,42): note: expanded from macro 'NLOHMANN_JSON_ABI_TAGS_CONCAT'
[build]    62 |     NLOHMANN_JSON_ABI_TAGS_CONCAT_EX(a, b, c)
[build]       |                                          ^
[build] In file included from C:\Users\pperv\code\unnamed_rpg\vendor\json-schema-validator\src\json-schema-draft7.json.cpp:9:
[build] In file included from C:\Users\pperv\code\unnamed_rpg\vendor\json\include\nlohmann/json.hpp:44:
[build] In file included from C:\Users\pperv\code\unnamed_rpg\vendor\json\include\nlohmann/adl_serializer.hpp:14:
[build] In file included from C:\Users\pperv\code\unnamed_rpg\vendor\json\include\nlohmann/detail/conversions/from_json.hpp:24:
[build] In file included from C:\Users\pperv\code\unnamed_rpg\vendor\json\include\nlohmann/detail/exceptions.hpp:25:
[build] In file included from C:\Users\pperv\code\unnamed_rpg\vendor\json\include\nlohmann/detail/meta/type_traits.hpp:25:
[build] C:\Users\pperv\code\unnamed_rpg\vendor\json\include\nlohmann/detail/meta/call_std/begin.hpp(13,1): warning: empty macro arguments are incompatible with C++98 [-Wc++98-compat-pedantic]
[build] C:\Users\pperv\code\unnamed_rpg\vendor\json\include\nlohmann/detail/abi_macros.hpp(102,17): note: expanded from macro 'NLOHMANN_JSON_NAMESPACE_BEGIN'
[build]   102 |                 NLOHMANN_JSON_ABI_TAGS,              \
[build]       |                 ^
[build] C:\Users\pperv\code\unnamed_rpg\vendor\json\include\nlohmann/detail/abi_macros.hpp(65,5): note: expanded from macro 'NLOHMANN_JSON_ABI_TAGS'
[build]    65 |     NLOHMANN_JSON_ABI_TAGS_CONCAT(                                   \
[build]       |     ^
[build] C:\Users\pperv\code\unnamed_rpg\vendor\json\include\nlohmann/detail/abi_macros.hpp(62,45): note: expanded from macro 'NLOHMANN_JSON_ABI_TAGS_CONCAT'
[build]    62 |     NLOHMANN_JSON_ABI_TAGS_CONCAT_EX(a, b, c)
[build]       |                                             ^
[build] In file included from C:\Users\pperv\code\unnamed_rpg\vendor\json-schema-validator\src\json-schema-draft7.json.cpp:9:
[build] In file included from C:\Users\pperv\code\unnamed_rpg\vendor\json\include\nlohmann/json.hpp:44:
[build] In file included from C:\Users\pperv\code\unnamed_rpg\vendor\json\include\nlohmann/adl_serializer.hpp:14:
[build] In file included from C:\Users\pperv\code\unnamed_rpg\vendor\json\include\nlohmann/detail/conversions/from_json.hpp:24:
[build] In file included from C:\Users\pperv\code\unnamed_rpg\vendor\json\include\nlohmann/detail/exceptions.hpp:25:
[build] In file included from C:\Users\pperv\code\unnamed_rpg\vendor\json\include\nlohmann/detail/meta/type_traits.hpp:25:
[build] C:\Users\pperv\code\unnamed_rpg\vendor\json\include\nlohmann/detail/meta/call_std/begin.hpp(13,1): warning: inline namespaces are incompatible with C++98 [-Wc++98-compat]
[build] C:\Users\pperv\code\unnamed_rpg\vendor\json\include\nlohmann/detail/abi_macros.hpp(101,5): note: expanded from macro 'NLOHMANN_JSON_NAMESPACE_BEGIN'
[build]   101 |     inline namespace NLOHMANN_JSON_NAMESPACE_CONCAT( \
[build]       |     ^
[build] In file included from C:\Users\pperv\code\unnamed_rpg\vendor\json-schema-validator\src\json-schema-draft7.json.cpp:9:
[build] In file included from C:\Users\pperv\code\unnamed_rpg\vendor\json\include\nlohmann/json.hpp:44:
[build] In file included from C:\Users\pperv\code\unnamed_rpg\vendor\json\include\nlohmann/adl_serializer.hpp:14:
[build] In file included from C:\Users\pperv\code\unnamed_rpg\vendor\json\include\nlohmann/detail/conversions/from_json.hpp:24:
[build] In file included from C:\Users\pperv\code\unnamed_rpg\vendor\json\include\nlohmann/detail/exceptions.hpp:25:
[build] In file included from C:\Users\pperv\code\unnamed_rpg\vendor\json\include\nlohmann/detail/meta/type_traits.hpp:25:
[build] C:\Users\pperv\code\unnamed_rpg\vendor\json\include\nlohmann/detail/meta/call_std/begin.hpp(15,1): warning: variadic templates are incompatible with C++98 [-Wc++98-compat]
[build]    15 | NLOHMANN_CAN_CALL_STD_FUNC_IMPL(begin);
[build]       | ^
[build] C:\Users\pperv\code\unnamed_rpg\vendor\json\include\nlohmann/detail/macro_scope.hpp(761,22): note: expanded from macro 'NLOHMANN_CAN_CALL_STD_FUNC_IMPL'
[build]   761 |     template<typename... T>                                                       \
[build]       |                      ^
[build] In file included from C:\Users\pperv\code\unnamed_rpg\vendor\json-schema-validator\src\json-schema-draft7.json.cpp:9:
[build] In file included from C:\Users\pperv\code\unnamed_rpg\vendor\json\include\nlohmann/json.hpp:44:
[build] In file included from C:\Users\pperv\code\unnamed_rpg\vendor\json\include\nlohmann/adl_serializer.hpp:14:
[build] In file included from C:\Users\pperv\code\unnamed_rpg\vendor\json\include\nlohmann/detail/conversions/from_json.hpp:24:
[build] In file included from C:\Users\pperv\code\unnamed_rpg\vendor\json\include\nlohmann/detail/exceptions.hpp:25:
[build] In file included from C:\Users\pperv\code\unnamed_rpg\vendor\json\include\nlohmann/detail/meta/type_traits.hpp:25:
[build] C:\Users\pperv\code\unnamed_rpg\vendor\json\include\nlohmann/detail/meta/call_std/begin.hpp(15,1): warning: alias declarations are incompatible with C++98 [-Wc++98-compat]
[build] C:\Users\pperv\code\unnamed_rpg\vendor\json\include\nlohmann/detail/macro_scope.hpp(762,34): note: expanded from macro 'NLOHMANN_CAN_CALL_STD_FUNC_IMPL'
[build]   762 |     using result_of_##std_name = decltype(std_name(std::declval<T>()...));        \
[build]       |                                  ^
[build] In file included from C:\Users\pperv\code\unnamed_rpg\vendor\json-schema-validator\src\json-schema-draft7.json.cpp:9:
[build] In file included from C:\Users\pperv\code\unnamed_rpg\vendor\json\include\nlohmann/json.hpp:44:
[build] In file included from C:\Users\pperv\code\unnamed_rpg\vendor\json\include\nlohmann/adl_serializer.hpp:14:
[build] In file included from C:\Users\pperv\code\unnamed_rpg\vendor\json\include\nlohmann/detail/conversions/from_json.hpp:24:
[build] In file included from C:\Users\pperv\code\unnamed_rpg\vendor\json\include\nlohmann/detail/exceptions.hpp:25:
[build] In file included from C:\Users\pperv\code\unnamed_rpg\vendor\json\include\nlohmann/detail/meta/type_traits.hpp:25:
[build] C:\Users\pperv\code\unnamed_rpg\vendor\json\include\nlohmann/detail/meta/call_std/begin.hpp(15,1): warning: 'decltype' type specifier is incompatible with C++98 [-Wc++98-compat]
[build] C:\Users\pperv\code\unnamed_rpg\vendor\json\include\nlohmann/detail/macro_scope.hpp(762,34): note: expanded from macro 'NLOHMANN_CAN_CALL_STD_FUNC_IMPL'
[build]   762 |     using result_of_##std_name = decltype(std_name(std::declval<T>()...));        \
[build]       |                                  ^
[build] In file included from C:\Users\pperv\code\unnamed_rpg\vendor\json-schema-validator\src\json-schema-draft7.json.cpp:9:
[build] In file included from C:\Users\pperv\code\unnamed_rpg\vendor\json\include\nlohmann/json.hpp:44:
[build] In file included from C:\Users\pperv\code\unnamed_rpg\vendor\json\include\nlohmann/adl_serializer.hpp:14:
[build] In file included from C:\Users\pperv\code\unnamed_rpg\vendor\json\include\nlohmann/detail/conversions/from_json.hpp:24:
[build] In file included from C:\Users\pperv\code\unnamed_rpg\vendor\json\include\nlohmann/detail/exceptions.hpp:25:
[build] In file included from C:\Users\pperv\code\unnamed_rpg\vendor\json\include\nlohmann/detail/meta/type_traits.hpp:25:
[build] C:\Users\pperv\code\unnamed_rpg\vendor\json\include\nlohmann/detail/meta/call_std/begin.hpp(15,1): warning: variadic templates are incompatible with C++98 [-Wc++98-compat]
[build] C:\Users\pperv\code\unnamed_rpg\vendor\json\include\nlohmann/detail/macro_scope.hpp(770,22): note: expanded from macro 'NLOHMANN_CAN_CALL_STD_FUNC_IMPL'
[build]   770 |     template<typename... T>                                                       \
[build]       |                      ^
[build] In file included from C:\Users\pperv\code\unnamed_rpg\vendor\json-schema-validator\src\json-schema-draft7.json.cpp:9:
[build] In file included from C:\Users\pperv\code\unnamed_rpg\vendor\json\include\nlohmann/json.hpp:44:
[build] In file included from C:\Users\pperv\code\unnamed_rpg\vendor\json\include\nlohmann/adl_serializer.hpp:14:
[build] In file included from C:\Users\pperv\code\unnamed_rpg\vendor\json\include\nlohmann/detail/conversions/from_json.hpp:24:
[build] In file included from C:\Users\pperv\code\unnamed_rpg\vendor\json\include\nlohmann/detail/exceptions.hpp:25:
[build] In file included from C:\Users\pperv\code\unnamed_rpg\vendor\json\include\nlohmann/detail/meta/type_traits.hpp:25:
[build] C:\Users\pperv\code\unnamed_rpg\vendor\json\include\nlohmann/detail/meta/call_std/begin.hpp(15,1): warning: rvalue references are incompatible with C++98 [-Wc++98-compat]
[build] C:\Users\pperv\code\unnamed_rpg\vendor\json\include\nlohmann/detail/macro_scope.hpp(771,30): note: expanded from macro 'NLOHMANN_CAN_CALL_STD_FUNC_IMPL'
[build]   771 |     std_name##_tag std_name(T&&...);                                              \
[build]       |                              ^
[build] In file included from C:\Users\pperv\code\unnamed_rpg\vendor\json-schema-validator\src\json-schema-draft7.json.cpp:9:
[build] In file included from C:\Users\pperv\code\unnamed_rpg\vendor\json\include\nlohmann/json.hpp:44:
[build] In file included from C:\Users\pperv\code\unnamed_rpg\vendor\json\include\nlohmann/adl_serializer.hpp:14:
[build] In file included from C:\Users\pperv\code\unnamed_rpg\vendor\json\include\nlohmann/detail/conversions/from_json.hpp:24:
[build] In file included from C:\Users\pperv\code\unnamed_rpg\vendor\json\include\nlohmann/detail/exceptions.hpp:25:
[build] In file included from C:\Users\pperv\code\unnamed_rpg\vendor\json\include\nlohmann/detail/meta/type_traits.hpp:25:
[build] C:\Users\pperv\code\unnamed_rpg\vendor\json\include\nlohmann/detail/meta/call_std/begin.hpp(15,1): warning: variadic templates are incompatible with C++98 [-Wc++98-compat]
[build] C:\Users\pperv\code\unnamed_rpg\vendor\json\include\nlohmann/detail/macro_scope.hpp(773,22): note: expanded from macro 'NLOHMANN_CAN_CALL_STD_FUNC_IMPL'
[build]   773 |     template<typename... T>                                                       \
[build]       |                      ^
[build] In file included from C:\Users\pperv\code\unnamed_rpg\vendor\json-schema-validator\src\json-schema-draft7.json.cpp:9:
[build] In file included from C:\Users\pperv\code\unnamed_rpg\vendor\json\include\nlohmann/json.hpp:44:
[build] In file included from C:\Users\pperv\code\unnamed_rpg\vendor\json\include\nlohmann/adl_serializer.hpp:14:
[build] In file included from C:\Users\pperv\code\unnamed_rpg\vendor\json\include\nlohmann/detail/conversions/from_json.hpp:24:
[build] In file included from C:\Users\pperv\code\unnamed_rpg\vendor\json\include\nlohmann/detail/exceptions.hpp:25:
[build] In file included from C:\Users\pperv\code\unnamed_rpg\vendor\json\include\nlohmann/detail/meta/type_traits.hpp:25:
[build] C:\Users\pperv\code\unnamed_rpg\vendor\json\include\nlohmann/detail/meta/call_std/begin.hpp(15,1): warning: alias declarations are incompatible with C++98 [-Wc++98-compat]
[build] C:\Users\pperv\code\unnamed_rpg\vendor\json\include\nlohmann/detail/macro_scope.hpp(774,34): note: expanded from macro 'NLOHMANN_CAN_CALL_STD_FUNC_IMPL'
[build]   774 |     using result_of_##std_name = decltype(std_name(std::declval<T>()...));        \
[build]       |                                  ^
[build] In file included from C:\Users\pperv\code\unnamed_rpg\vendor\json-schema-validator\src\json-schema-draft7.json.cpp:9:
[build] In file included from C:\Users\pperv\code\unnamed_rpg\vendor\json\include\nlohmann/json.hpp:44:
[build] In file included from C:\Users\pperv\code\unnamed_rpg\vendor\json\include\nlohmann/adl_serializer.hpp:14:
[build] In file included from C:\Users\pperv\code\unnamed_rpg\vendor\json\include\nlohmann/detail/conversions/from_json.hpp:24:
[build] In file included from C:\Users\pperv\code\unnamed_rpg\vendor\json\include\nlohmann/detail/exceptions.hpp:25:
[build] In file included from C:\Users\pperv\code\unnamed_rpg\vendor\json\include\nlohmann/detail/meta/type_traits.hpp:25:
[build] C:\Users\pperv\code\unnamed_rpg\vendor\json\include\nlohmann/detail/meta/call_std/begin.hpp(15,1): warning: 'decltype' type specifier is incompatible with C++98 [-Wc++98-compat]
[build] C:\Users\pperv\code\unnamed_rpg\vendor\json\include\nlohmann/detail/macro_scope.hpp(774,34): note: expanded from macro 'NLOHMANN_CAN_CALL_STD_FUNC_IMPL'
[build]   774 |     using result_of_##std_name = decltype(std_name(std::declval<T>()...));        \
[build]       |                                  ^
[build] In file included from C:\Users\pperv\code\unnamed_rpg\vendor\json-schema-validator\src\json-schema-draft7.json.cpp:9:
[build] In file included from C:\Users\pperv\code\unnamed_rpg\vendor\json\include\nlohmann/json.hpp:44:
[build] In file included from C:\Users\pperv\code\unnamed_rpg\vendor\json\include\nlohmann/adl_serializer.hpp:14:
[build] In file included from C:\Users\pperv\code\unnamed_rpg\vendor\json\include\nlohmann/detail/conversions/from_json.hpp:24:
[build] In file included from C:\Users\pperv\code\unnamed_rpg\vendor\json\include\nlohmann/detail/exceptions.hpp:25:
[build] In file included from C:\Users\pperv\code\unnamed_rpg\vendor\json\include\nlohmann/detail/meta/type_traits.hpp:25:
[build] C:\Users\pperv\code\unnamed_rpg\vendor\json\include\nlohmann/detail/meta/call_std/begin.hpp(15,1): warning: variadic templates are incompatible with C++98 [-Wc++98-compat]
[build] C:\Users\pperv\code\unnamed_rpg\vendor\json\include\nlohmann/detail/macro_scope.hpp(776,22): note: expanded from macro 'NLOHMANN_CAN_CALL_STD_FUNC_IMPL'
[build]   776 |     template<typename... T>                                                       \
[build]       |                      ^
[build] In file included from C:\Users\pperv\code\unnamed_rpg\vendor\json-schema-validator\src\json-schema-draft7.json.cpp:9:
[build] In file included from C:\Users\pperv\code\unnamed_rpg\vendor\json\include\nlohmann/json.hpp:44:
[build] In file included from C:\Users\pperv\code\unnamed_rpg\vendor\json\include\nlohmann/adl_serializer.hpp:14:
[build] In file included from C:\Users\pperv\code\unnamed_rpg\vendor\json\include\nlohmann/detail/conversions/from_json.hpp:24:
[build] In file included from C:\Users\pperv\code\unnamed_rpg\vendor\json\include\nlohmann/detail/exceptions.hpp:25:
[build] In file included from C:\Users\pperv\code\unnamed_rpg\vendor\json\include\nlohmann/detail/meta/type_traits.hpp:25:
[build] C:\Users\pperv\code\unnamed_rpg\vendor\json\include\nlohmann/detail/meta/call_std/begin.hpp(15,1): warning: 'constexpr' specifier is incompatible with C++98 [-Wc++98-compat]
[build] C:\Users\pperv\code\unnamed_rpg\vendor\json\include\nlohmann/detail/macro_scope.hpp(779,16): note: expanded from macro 'NLOHMANN_CAN_CALL_STD_FUNC_IMPL'
[build]   779 |         static constexpr auto const value = ::nlohmann::detail::                  \
[build]       |                ^
[build] In file included from C:\Users\pperv\code\unnamed_rpg\vendor\json-schema-validator\src\json-schema-draft7.json.cpp:9:
[build] In file included from C:\Users\pperv\code\unnamed_rpg\vendor\json\include\nlohmann/json.hpp:44:
[build] In file included from C:\Users\pperv\code\unnamed_rpg\vendor\json\include\nlohmann/adl_serializer.hpp:14:
[build] In file included from C:\Users\pperv\code\unnamed_rpg\vendor\json\include\nlohmann/detail/conversions/from_json.hpp:24:
[build] In file included from C:\Users\pperv\code\unnamed_rpg\vendor\json\include\nlohmann/detail/exceptions.hpp:25:
[build] In file included from C:\Users\pperv\code\unnamed_rpg\vendor\json\include\nlohmann/detail/meta/type_traits.hpp:25:
[build] C:\Users\pperv\code\unnamed_rpg\vendor\json\include\nlohmann/detail/meta/call_std/begin.hpp(15,1): warning: 'auto' type specifier is incompatible with C++98 [-Wc++98-compat]
[build]    15 | NLOHMANN_CAN_CALL_STD_FUNC_IMPL(begin);
[build]       | ^~~~~~~~~~~~~~~~~~~~~~~~~~~~~~~~~~~~~~
[build] C:\Users\pperv\code\unnamed_rpg\vendor\json\include\nlohmann/detail/macro_scope.hpp(779,26): note: expanded from macro 'NLOHMANN_CAN_CALL_STD_FUNC_IMPL'
[build]   779 |         static constexpr auto const value = ::nlohmann::detail::                  \
[build]       |                          ^~~~
[build] In file included from C:\Users\pperv\code\unnamed_rpg\vendor\json-schema-validator\src\json-schema-draft7.json.cpp:9:
[build] In file included from C:\Users\pperv\code\unnamed_rpg\vendor\json\include\nlohmann/json.hpp:44:
[build] In file included from C:\Users\pperv\code\unnamed_rpg\vendor\json\include\nlohmann/adl_serializer.hpp:14:
[build] In file included from C:\Users\pperv\code\unnamed_rpg\vendor\json\include\nlohmann/detail/conversions/from_json.hpp:24:
[build] In file included from C:\Users\pperv\code\unnamed_rpg\vendor\json\include\nlohmann/detail/exceptions.hpp:25:
[build] In file included from C:\Users\pperv\code\unnamed_rpg\vendor\json\include\nlohmann/detail/meta/type_traits.hpp:25:
[build] C:\Users\pperv\code\unnamed_rpg\vendor\json\include\nlohmann/detail/meta/call_std/begin.hpp(15,1): warning: variadic templates are incompatible with C++98 [-Wc++98-compat]
[build] C:\Users\pperv\code\unnamed_rpg\vendor\json\include\nlohmann/detail/macro_scope.hpp(784,22): note: expanded from macro 'NLOHMANN_CAN_CALL_STD_FUNC_IMPL'
[build]   784 |     template<typename... T>                                                       \
[build]       |                      ^
[build] In file included from C:\Users\pperv\code\unnamed_rpg\vendor\json-schema-validator\src\json-schema-draft7.json.cpp:9:
[build] In file included from C:\Users\pperv\code\unnamed_rpg\vendor\json\include\nlohmann/json.hpp:44:
[build] In file included from C:\Users\pperv\code\unnamed_rpg\vendor\json\include\nlohmann/adl_serializer.hpp:14:
[build] In file included from C:\Users\pperv\code\unnamed_rpg\vendor\json\include\nlohmann/detail/conversions/from_json.hpp:24:
[build] In file included from C:\Users\pperv\code\unnamed_rpg\vendor\json\include\nlohmann/detail/exceptions.hpp:25:
[build] In file included from C:\Users\pperv\code\unnamed_rpg\vendor\json\include\nlohmann/detail/meta/type_traits.hpp:26:
[build] C:\Users\pperv\code\unnamed_rpg\vendor\json\include\nlohmann/detail/meta/call_std/end.hpp(13,1): warning: empty macro arguments are incompatible with C++98 [-Wc++98-compat-pedantic]
[build]    13 | NLOHMANN_JSON_NAMESPACE_BEGIN
[build]       | ^
[build] C:\Users\pperv\code\unnamed_rpg\vendor\json\include\nlohmann/detail/abi_macros.hpp(102,17): note: expanded from macro 'NLOHMANN_JSON_NAMESPACE_BEGIN'
[build]   102 |                 NLOHMANN_JSON_ABI_TAGS,              \
[build]       |                 ^
[build] C:\Users\pperv\code\unnamed_rpg\vendor\json\include\nlohmann/detail/abi_macros.hpp(65,5): note: expanded from macro 'NLOHMANN_JSON_ABI_TAGS'
[build]    65 |     NLOHMANN_JSON_ABI_TAGS_CONCAT(                                   \
[build]       |     ^
[build] C:\Users\pperv\code\unnamed_rpg\vendor\json\include\nlohmann/detail/abi_macros.hpp(62,39): note: expanded from macro 'NLOHMANN_JSON_ABI_TAGS_CONCAT'
[build]    62 |     NLOHMANN_JSON_ABI_TAGS_CONCAT_EX(a, b, c)
[build]       |                                       ^
[build] In file included from C:\Users\pperv\code\unnamed_rpg\vendor\json-schema-validator\src\json-schema-draft7.json.cpp:9:
[build] In file included from C:\Users\pperv\code\unnamed_rpg\vendor\json\include\nlohmann/json.hpp:44:
[build] In file included from C:\Users\pperv\code\unnamed_rpg\vendor\json\include\nlohmann/adl_serializer.hpp:14:
[build] In file included from C:\Users\pperv\code\unnamed_rpg\vendor\json\include\nlohmann/detail/conversions/from_json.hpp:24:
[build] In file included from C:\Users\pperv\code\unnamed_rpg\vendor\json\include\nlohmann/detail/exceptions.hpp:25:
[build] In file included from C:\Users\pperv\code\unnamed_rpg\vendor\json\include\nlohmann/detail/meta/type_traits.hpp:26:
[build] C:\Users\pperv\code\unnamed_rpg\vendor\json\include\nlohmann/detail/meta/call_std/end.hpp(13,1): warning: empty macro arguments are incompatible with C++98 [-Wc++98-compat-pedantic]
[build] C:\Users\pperv\code\unnamed_rpg\vendor\json\include\nlohmann/detail/abi_macros.hpp(102,17): note: expanded from macro 'NLOHMANN_JSON_NAMESPACE_BEGIN'
[build]   102 |                 NLOHMANN_JSON_ABI_TAGS,              \
[build]       |                 ^
[build] C:\Users\pperv\code\unnamed_rpg\vendor\json\include\nlohmann/detail/abi_macros.hpp(65,5): note: expanded from macro 'NLOHMANN_JSON_ABI_TAGS'
[build]    65 |     NLOHMANN_JSON_ABI_TAGS_CONCAT(                                   \
[build]       |     ^
[build] C:\Users\pperv\code\unnamed_rpg\vendor\json\include\nlohmann/detail/abi_macros.hpp(62,42): note: expanded from macro 'NLOHMANN_JSON_ABI_TAGS_CONCAT'
[build]    62 |     NLOHMANN_JSON_ABI_TAGS_CONCAT_EX(a, b, c)
[build]       |                                          ^
[build] In file included from C:\Users\pperv\code\unnamed_rpg\vendor\json-schema-validator\src\json-schema-draft7.json.cpp:9:
[build] In file included from C:\Users\pperv\code\unnamed_rpg\vendor\json\include\nlohmann/json.hpp:44:
[build] In file included from C:\Users\pperv\code\unnamed_rpg\vendor\json\include\nlohmann/adl_serializer.hpp:14:
[build] In file included from C:\Users\pperv\code\unnamed_rpg\vendor\json\include\nlohmann/detail/conversions/from_json.hpp:24:
[build] In file included from C:\Users\pperv\code\unnamed_rpg\vendor\json\include\nlohmann/detail/exceptions.hpp:25:
[build] In file included from C:\Users\pperv\code\unnamed_rpg\vendor\json\include\nlohmann/detail/meta/type_traits.hpp:26:
[build] C:\Users\pperv\code\unnamed_rpg\vendor\json\include\nlohmann/detail/meta/call_std/end.hpp(13,1): warning: empty macro arguments are incompatible with C++98 [-Wc++98-compat-pedantic]
[build] C:\Users\pperv\code\unnamed_rpg\vendor\json\include\nlohmann/detail/abi_macros.hpp(102,17): note: expanded from macro 'NLOHMANN_JSON_NAMESPACE_BEGIN'
[build]   102 |                 NLOHMANN_JSON_ABI_TAGS,              \
[build]       |                 ^
[build] C:\Users\pperv\code\unnamed_rpg\vendor\json\include\nlohmann/detail/abi_macros.hpp(65,5): note: expanded from macro 'NLOHMANN_JSON_ABI_TAGS'
[build]    65 |     NLOHMANN_JSON_ABI_TAGS_CONCAT(                                   \
[build]       |     ^
[build] C:\Users\pperv\code\unnamed_rpg\vendor\json\include\nlohmann/detail/abi_macros.hpp(62,45): note: expanded from macro 'NLOHMANN_JSON_ABI_TAGS_CONCAT'
[build]    62 |     NLOHMANN_JSON_ABI_TAGS_CONCAT_EX(a, b, c)
[build]       |                                             ^
[build] In file included from C:\Users\pperv\code\unnamed_rpg\vendor\json-schema-validator\src\json-schema-draft7.json.cpp:9:
[build] In file included from C:\Users\pperv\code\unnamed_rpg\vendor\json\include\nlohmann/json.hpp:44:
[build] In file included from C:\Users\pperv\code\unnamed_rpg\vendor\json\include\nlohmann/adl_serializer.hpp:14:
[build] In file included from C:\Users\pperv\code\unnamed_rpg\vendor\json\include\nlohmann/detail/conversions/from_json.hpp:24:
[build] In file included from C:\Users\pperv\code\unnamed_rpg\vendor\json\include\nlohmann/detail/exceptions.hpp:25:
[build] In file included from C:\Users\pperv\code\unnamed_rpg\vendor\json\include\nlohmann/detail/meta/type_traits.hpp:26:
[build] C:\Users\pperv\code\unnamed_rpg\vendor\json\include\nlohmann/detail/meta/call_std/end.hpp(13,1): warning: inline namespaces are incompatible with C++98 [-Wc++98-compat]
[build] C:\Users\pperv\code\unnamed_rpg\vendor\json\include\nlohmann/detail/abi_macros.hpp(101,5): note: expanded from macro 'NLOHMANN_JSON_NAMESPACE_BEGIN'
[build]   101 |     inline namespace NLOHMANN_JSON_NAMESPACE_CONCAT( \
[build]       |     ^
[build] In file included from C:\Users\pperv\code\unnamed_rpg\vendor\json-schema-validator\src\json-schema-draft7.json.cpp:9:
[build] In file included from C:\Users\pperv\code\unnamed_rpg\vendor\json\include\nlohmann/json.hpp:44:
[build] In file included from C:\Users\pperv\code\unnamed_rpg\vendor\json\include\nlohmann/adl_serializer.hpp:14:
[build] In file included from C:\Users\pperv\code\unnamed_rpg\vendor\json\include\nlohmann/detail/conversions/from_json.hpp:24:
[build] In file included from C:\Users\pperv\code\unnamed_rpg\vendor\json\include\nlohmann/detail/exceptions.hpp:25:
[build] In file included from C:\Users\pperv\code\unnamed_rpg\vendor\json\include\nlohmann/detail/meta/type_traits.hpp:26:
[build] C:\Users\pperv\code\unnamed_rpg\vendor\json\include\nlohmann/detail/meta/call_std/end.hpp(15,1): warning: variadic templates are incompatible with C++98 [-Wc++98-compat]
[build]    15 | NLOHMANN_CAN_CALL_STD_FUNC_IMPL(end);
[build]       | ^
[build] C:\Users\pperv\code\unnamed_rpg\vendor\json\include\nlohmann/detail/macro_scope.hpp(761,22): note: expanded from macro 'NLOHMANN_CAN_CALL_STD_FUNC_IMPL'
[build]   761 |     template<typename... T>                                                       \
[build]       |                      ^
[build] In file included from C:\Users\pperv\code\unnamed_rpg\vendor\json-schema-validator\src\json-schema-draft7.json.cpp:9:
[build] In file included from C:\Users\pperv\code\unnamed_rpg\vendor\json\include\nlohmann/json.hpp:44:
[build] In file included from C:\Users\pperv\code\unnamed_rpg\vendor\json\include\nlohmann/adl_serializer.hpp:14:
[build] In file included from C:\Users\pperv\code\unnamed_rpg\vendor\json\include\nlohmann/detail/conversions/from_json.hpp:24:
[build] In file included from C:\Users\pperv\code\unnamed_rpg\vendor\json\include\nlohmann/detail/exceptions.hpp:25:
[build] In file included from C:\Users\pperv\code\unnamed_rpg\vendor\json\include\nlohmann/detail/meta/type_traits.hpp:26:
[build] C:\Users\pperv\code\unnamed_rpg\vendor\json\include\nlohmann/detail/meta/call_std/end.hpp(15,1): warning: alias declarations are incompatible with C++98 [-Wc++98-compat]
[build] C:\Users\pperv\code\unnamed_rpg\vendor\json\include\nlohmann/detail/macro_scope.hpp(762,34): note: expanded from macro 'NLOHMANN_CAN_CALL_STD_FUNC_IMPL'
[build]   762 |     using result_of_##std_name = decltype(std_name(std::declval<T>()...));        \
[build]       |                                  ^
[build] In file included from C:\Users\pperv\code\unnamed_rpg\vendor\json-schema-validator\src\json-schema-draft7.json.cpp:9:
[build] In file included from C:\Users\pperv\code\unnamed_rpg\vendor\json\include\nlohmann/json.hpp:44:
[build] In file included from C:\Users\pperv\code\unnamed_rpg\vendor\json\include\nlohmann/adl_serializer.hpp:14:
[build] In file included from C:\Users\pperv\code\unnamed_rpg\vendor\json\include\nlohmann/detail/conversions/from_json.hpp:24:
[build] In file included from C:\Users\pperv\code\unnamed_rpg\vendor\json\include\nlohmann/detail/exceptions.hpp:25:
[build] In file included from C:\Users\pperv\code\unnamed_rpg\vendor\json\include\nlohmann/detail/meta/type_traits.hpp:26:
[build] C:\Users\pperv\code\unnamed_rpg\vendor\json\include\nlohmann/detail/meta/call_std/end.hpp(15,1): warning: 'decltype' type specifier is incompatible with C++98 [-Wc++98-compat]
[build] C:\Users\pperv\code\unnamed_rpg\vendor\json\include\nlohmann/detail/macro_scope.hpp(762,34): note: expanded from macro 'NLOHMANN_CAN_CALL_STD_FUNC_IMPL'
[build]   762 |     using result_of_##std_name = decltype(std_name(std::declval<T>()...));        \
[build]       |                                  ^
[build] In file included from C:\Users\pperv\code\unnamed_rpg\vendor\json-schema-validator\src\json-schema-draft7.json.cpp:9:
[build] In file included from C:\Users\pperv\code\unnamed_rpg\vendor\json\include\nlohmann/json.hpp:44:
[build] In file included from C:\Users\pperv\code\unnamed_rpg\vendor\json\include\nlohmann/adl_serializer.hpp:14:
[build] In file included from C:\Users\pperv\code\unnamed_rpg\vendor\json\include\nlohmann/detail/conversions/from_json.hpp:24:
[build] In file included from C:\Users\pperv\code\unnamed_rpg\vendor\json\include\nlohmann/detail/exceptions.hpp:25:
[build] In file included from C:\Users\pperv\code\unnamed_rpg\vendor\json\include\nlohmann/detail/meta/type_traits.hpp:26:
[build] C:\Users\pperv\code\unnamed_rpg\vendor\json\include\nlohmann/detail/meta/call_std/end.hpp(15,1): warning: variadic templates are incompatible with C++98 [-Wc++98-compat]
[build] C:\Users\pperv\code\unnamed_rpg\vendor\json\include\nlohmann/detail/macro_scope.hpp(770,22): note: expanded from macro 'NLOHMANN_CAN_CALL_STD_FUNC_IMPL'
[build]   770 |     template<typename... T>                                                       \
[build]       |                      ^
[build] In file included from C:\Users\pperv\code\unnamed_rpg\vendor\json-schema-validator\src\json-schema-draft7.json.cpp:9:
[build] In file included from C:\Users\pperv\code\unnamed_rpg\vendor\json\include\nlohmann/json.hpp:44:
[build] In file included from C:\Users\pperv\code\unnamed_rpg\vendor\json\include\nlohmann/adl_serializer.hpp:14:
[build] In file included from C:\Users\pperv\code\unnamed_rpg\vendor\json\include\nlohmann/detail/conversions/from_json.hpp:24:
[build] In file included from C:\Users\pperv\code\unnamed_rpg\vendor\json\include\nlohmann/detail/exceptions.hpp:25:
[build] In file included from C:\Users\pperv\code\unnamed_rpg\vendor\json\include\nlohmann/detail/meta/type_traits.hpp:26:
[build] C:\Users\pperv\code\unnamed_rpg\vendor\json\include\nlohmann/detail/meta/call_std/end.hpp(15,1): warning: rvalue references are incompatible with C++98 [-Wc++98-compat]
[build] C:\Users\pperv\code\unnamed_rpg\vendor\json\include\nlohmann/detail/macro_scope.hpp(771,30): note: expanded from macro 'NLOHMANN_CAN_CALL_STD_FUNC_IMPL'
[build]   771 |     std_name##_tag std_name(T&&...);                                              \
[build]       |                              ^
[build] In file included from C:\Users\pperv\code\unnamed_rpg\vendor\json-schema-validator\src\json-schema-draft7.json.cpp:9:
[build] In file included from C:\Users\pperv\code\unnamed_rpg\vendor\json\include\nlohmann/json.hpp:44:
[build] In file included from C:\Users\pperv\code\unnamed_rpg\vendor\json\include\nlohmann/adl_serializer.hpp:14:
[build] In file included from C:\Users\pperv\code\unnamed_rpg\vendor\json\include\nlohmann/detail/conversions/from_json.hpp:24:
[build] In file included from C:\Users\pperv\code\unnamed_rpg\vendor\json\include\nlohmann/detail/exceptions.hpp:25:
[build] In file included from C:\Users\pperv\code\unnamed_rpg\vendor\json\include\nlohmann/detail/meta/type_traits.hpp:26:
[build] C:\Users\pperv\code\unnamed_rpg\vendor\json\include\nlohmann/detail/meta/call_std/end.hpp(15,1): warning: variadic templates are incompatible with C++98 [-Wc++98-compat]
[build] C:\Users\pperv\code\unnamed_rpg\vendor\json\include\nlohmann/detail/macro_scope.hpp(773,22): note: expanded from macro 'NLOHMANN_CAN_CALL_STD_FUNC_IMPL'
[build]   773 |     template<typename... T>                                                       \
[build]       |                      ^
[build] In file included from C:\Users\pperv\code\unnamed_rpg\vendor\json-schema-validator\src\json-schema-draft7.json.cpp:9:
[build] In file included from C:\Users\pperv\code\unnamed_rpg\vendor\json\include\nlohmann/json.hpp:44:
[build] In file included from C:\Users\pperv\code\unnamed_rpg\vendor\json\include\nlohmann/adl_serializer.hpp:14:
[build] In file included from C:\Users\pperv\code\unnamed_rpg\vendor\json\include\nlohmann/detail/conversions/from_json.hpp:24:
[build] In file included from C:\Users\pperv\code\unnamed_rpg\vendor\json\include\nlohmann/detail/exceptions.hpp:25:
[build] In file included from C:\Users\pperv\code\unnamed_rpg\vendor\json\include\nlohmann/detail/meta/type_traits.hpp:26:
[build] C:\Users\pperv\code\unnamed_rpg\vendor\json\include\nlohmann/detail/meta/call_std/end.hpp(15,1): warning: alias declarations are incompatible with C++98 [-Wc++98-compat]
[build] C:\Users\pperv\code\unnamed_rpg\vendor\json\include\nlohmann/detail/macro_scope.hpp(774,34): note: expanded from macro 'NLOHMANN_CAN_CALL_STD_FUNC_IMPL'
[build]   774 |     using result_of_##std_name = decltype(std_name(std::declval<T>()...));        \
[build]       |                                  ^
[build] In file included from C:\Users\pperv\code\unnamed_rpg\vendor\json-schema-validator\src\json-schema-draft7.json.cpp:9:
[build] In file included from C:\Users\pperv\code\unnamed_rpg\vendor\json\include\nlohmann/json.hpp:44:
[build] In file included from C:\Users\pperv\code\unnamed_rpg\vendor\json\include\nlohmann/adl_serializer.hpp:14:
[build] In file included from C:\Users\pperv\code\unnamed_rpg\vendor\json\include\nlohmann/detail/conversions/from_json.hpp:24:
[build] In file included from C:\Users\pperv\code\unnamed_rpg\vendor\json\include\nlohmann/detail/exceptions.hpp:25:
[build] In file included from C:\Users\pperv\code\unnamed_rpg\vendor\json\include\nlohmann/detail/meta/type_traits.hpp:26:
[build] C:\Users\pperv\code\unnamed_rpg\vendor\json\include\nlohmann/detail/meta/call_std/end.hpp(15,1): warning: 'decltype' type specifier is incompatible with C++98 [-Wc++98-compat]
[build] C:\Users\pperv\code\unnamed_rpg\vendor\json\include\nlohmann/detail/macro_scope.hpp(774,34): note: expanded from macro 'NLOHMANN_CAN_CALL_STD_FUNC_IMPL'
[build]   774 |     using result_of_##std_name = decltype(std_name(std::declval<T>()...));        \
[build]       |                                  ^
[build] In file included from C:\Users\pperv\code\unnamed_rpg\vendor\json-schema-validator\src\json-schema-draft7.json.cpp:9:
[build] In file included from C:\Users\pperv\code\unnamed_rpg\vendor\json\include\nlohmann/json.hpp:44:
[build] In file included from C:\Users\pperv\code\unnamed_rpg\vendor\json\include\nlohmann/adl_serializer.hpp:14:
[build] In file included from C:\Users\pperv\code\unnamed_rpg\vendor\json\include\nlohmann/detail/conversions/from_json.hpp:24:
[build] In file included from C:\Users\pperv\code\unnamed_rpg\vendor\json\include\nlohmann/detail/exceptions.hpp:25:
[build] In file included from C:\Users\pperv\code\unnamed_rpg\vendor\json\include\nlohmann/detail/meta/type_traits.hpp:26:
[build] C:\Users\pperv\code\unnamed_rpg\vendor\json\include\nlohmann/detail/meta/call_std/end.hpp(15,1): warning: variadic templates are incompatible with C++98 [-Wc++98-compat]
[build] C:\Users\pperv\code\unnamed_rpg\vendor\json\include\nlohmann/detail/macro_scope.hpp(776,22): note: expanded from macro 'NLOHMANN_CAN_CALL_STD_FUNC_IMPL'
[build]   776 |     template<typename... T>                                                       \
[build]       |                      ^
[build] In file included from C:\Users\pperv\code\unnamed_rpg\vendor\json-schema-validator\src\json-schema-draft7.json.cpp:9:
[build] In file included from C:\Users\pperv\code\unnamed_rpg\vendor\json\include\nlohmann/json.hpp:44:
[build] In file included from C:\Users\pperv\code\unnamed_rpg\vendor\json\include\nlohmann/adl_serializer.hpp:14:
[build] In file included from C:\Users\pperv\code\unnamed_rpg\vendor\json\include\nlohmann/detail/conversions/from_json.hpp:24:
[build] In file included from C:\Users\pperv\code\unnamed_rpg\vendor\json\include\nlohmann/detail/exceptions.hpp:25:
[build] In file included from C:\Users\pperv\code\unnamed_rpg\vendor\json\include\nlohmann/detail/meta/type_traits.hpp:26:
[build] C:\Users\pperv\code\unnamed_rpg\vendor\json\include\nlohmann/detail/meta/call_std/end.hpp(15,1): warning: 'constexpr' specifier is incompatible with C++98 [-Wc++98-compat]
[build] C:\Users\pperv\code\unnamed_rpg\vendor\json\include\nlohmann/detail/macro_scope.hpp(779,16): note: expanded from macro 'NLOHMANN_CAN_CALL_STD_FUNC_IMPL'
[build]   779 |         static constexpr auto const value = ::nlohmann::detail::                  \
[build]       |                ^
[build] In file included from C:\Users\pperv\code\unnamed_rpg\vendor\json-schema-validator\src\json-schema-draft7.json.cpp:9:
[build] In file included from C:\Users\pperv\code\unnamed_rpg\vendor\json\include\nlohmann/json.hpp:44:
[build] In file included from C:\Users\pperv\code\unnamed_rpg\vendor\json\include\nlohmann/adl_serializer.hpp:14:
[build] In file included from C:\Users\pperv\code\unnamed_rpg\vendor\json\include\nlohmann/detail/conversions/from_json.hpp:24:
[build] In file included from C:\Users\pperv\code\unnamed_rpg\vendor\json\include\nlohmann/detail/exceptions.hpp:25:
[build] In file included from C:\Users\pperv\code\unnamed_rpg\vendor\json\include\nlohmann/detail/meta/type_traits.hpp:26:
[build] C:\Users\pperv\code\unnamed_rpg\vendor\json\include\nlohmann/detail/meta/call_std/end.hpp(15,1): warning: 'auto' type specifier is incompatible with C++98 [-Wc++98-compat]
[build]    15 | NLOHMANN_CAN_CALL_STD_FUNC_IMPL(end);
[build]       | ^~~~~~~~~~~~~~~~~~~~~~~~~~~~~~~~~~~~
[build] C:\Users\pperv\code\unnamed_rpg\vendor\json\include\nlohmann/detail/macro_scope.hpp(779,26): note: expanded from macro 'NLOHMANN_CAN_CALL_STD_FUNC_IMPL'
[build]   779 |         static constexpr auto const value = ::nlohmann::detail::                  \
[build]       |                          ^~~~
[build] In file included from C:\Users\pperv\code\unnamed_rpg\vendor\json-schema-validator\src\json-schema-draft7.json.cpp:9:
[build] In file included from C:\Users\pperv\code\unnamed_rpg\vendor\json\include\nlohmann/json.hpp:44:
[build] In file included from C:\Users\pperv\code\unnamed_rpg\vendor\json\include\nlohmann/adl_serializer.hpp:14:
[build] In file included from C:\Users\pperv\code\unnamed_rpg\vendor\json\include\nlohmann/detail/conversions/from_json.hpp:24:
[build] In file included from C:\Users\pperv\code\unnamed_rpg\vendor\json\include\nlohmann/detail/exceptions.hpp:25:
[build] In file included from C:\Users\pperv\code\unnamed_rpg\vendor\json\include\nlohmann/detail/meta/type_traits.hpp:26:
[build] C:\Users\pperv\code\unnamed_rpg\vendor\json\include\nlohmann/detail/meta/call_std/end.hpp(15,1): warning: variadic templates are incompatible with C++98 [-Wc++98-compat]
[build] C:\Users\pperv\code\unnamed_rpg\vendor\json\include\nlohmann/detail/macro_scope.hpp(784,22): note: expanded from macro 'NLOHMANN_CAN_CALL_STD_FUNC_IMPL'
[build]   784 |     template<typename... T>                                                       \
[build]       |                      ^
[build] In file included from C:\Users\pperv\code\unnamed_rpg\vendor\json-schema-validator\src\json-schema-draft7.json.cpp:9:
[build] In file included from C:\Users\pperv\code\unnamed_rpg\vendor\json\include\nlohmann/json.hpp:44:
[build] In file included from C:\Users\pperv\code\unnamed_rpg\vendor\json\include\nlohmann/adl_serializer.hpp:14:
[build] In file included from C:\Users\pperv\code\unnamed_rpg\vendor\json\include\nlohmann/detail/conversions/from_json.hpp:24:
[build] In file included from C:\Users\pperv\code\unnamed_rpg\vendor\json\include\nlohmann/detail/exceptions.hpp:25:
[build] In file included from C:\Users\pperv\code\unnamed_rpg\vendor\json\include\nlohmann/detail/meta/type_traits.hpp:29:
[build] C:\Users\pperv\code\unnamed_rpg\vendor\json\include\nlohmann/json_fwd.hpp(25,1): warning: empty macro arguments are incompatible with C++98 [-Wc++98-compat-pedantic]
[build]    25 | NLOHMANN_JSON_NAMESPACE_BEGIN
[build]       | ^
[build] C:\Users\pperv\code\unnamed_rpg\vendor\json\include\nlohmann/detail/abi_macros.hpp(102,17): note: expanded from macro 'NLOHMANN_JSON_NAMESPACE_BEGIN'
[build]   102 |                 NLOHMANN_JSON_ABI_TAGS,              \
[build]       |                 ^
[build] C:\Users\pperv\code\unnamed_rpg\vendor\json\include\nlohmann/detail/abi_macros.hpp(65,5): note: expanded from macro 'NLOHMANN_JSON_ABI_TAGS'
[build]    65 |     NLOHMANN_JSON_ABI_TAGS_CONCAT(                                   \
[build]       |     ^
[build] C:\Users\pperv\code\unnamed_rpg\vendor\json\include\nlohmann/detail/abi_macros.hpp(62,39): note: expanded from macro 'NLOHMANN_JSON_ABI_TAGS_CONCAT'
[build]    62 |     NLOHMANN_JSON_ABI_TAGS_CONCAT_EX(a, b, c)
[build]       |                                       ^
[build] In file included from C:\Users\pperv\code\unnamed_rpg\vendor\json-schema-validator\src\json-schema-draft7.json.cpp:9:
[build] In file included from C:\Users\pperv\code\unnamed_rpg\vendor\json\include\nlohmann/json.hpp:44:
[build] In file included from C:\Users\pperv\code\unnamed_rpg\vendor\json\include\nlohmann/adl_serializer.hpp:14:
[build] In file included from C:\Users\pperv\code\unnamed_rpg\vendor\json\include\nlohmann/detail/conversions/from_json.hpp:24:
[build] In file included from C:\Users\pperv\code\unnamed_rpg\vendor\json\include\nlohmann/detail/exceptions.hpp:25:
[build] In file included from C:\Users\pperv\code\unnamed_rpg\vendor\json\include\nlohmann/detail/meta/type_traits.hpp:29:
[build] C:\Users\pperv\code\unnamed_rpg\vendor\json\include\nlohmann/json_fwd.hpp(25,1): warning: empty macro arguments are incompatible with C++98 [-Wc++98-compat-pedantic]
[build] C:\Users\pperv\code\unnamed_rpg\vendor\json\include\nlohmann/detail/abi_macros.hpp(102,17): note: expanded from macro 'NLOHMANN_JSON_NAMESPACE_BEGIN'
[build]   102 |                 NLOHMANN_JSON_ABI_TAGS,              \
[build]       |                 ^
[build] C:\Users\pperv\code\unnamed_rpg\vendor\json\include\nlohmann/detail/abi_macros.hpp(65,5): note: expanded from macro 'NLOHMANN_JSON_ABI_TAGS'
[build]    65 |     NLOHMANN_JSON_ABI_TAGS_CONCAT(                                   \
[build]       |     ^
[build] C:\Users\pperv\code\unnamed_rpg\vendor\json\include\nlohmann/detail/abi_macros.hpp(62,42): note: expanded from macro 'NLOHMANN_JSON_ABI_TAGS_CONCAT'
[build]    62 |     NLOHMANN_JSON_ABI_TAGS_CONCAT_EX(a, b, c)
[build]       |                                          ^
[build] In file included from C:\Users\pperv\code\unnamed_rpg\vendor\json-schema-validator\src\json-schema-draft7.json.cpp:9:
[build] In file included from C:\Users\pperv\code\unnamed_rpg\vendor\json\include\nlohmann/json.hpp:44:
[build] In file included from C:\Users\pperv\code\unnamed_rpg\vendor\json\include\nlohmann/adl_serializer.hpp:14:
[build] In file included from C:\Users\pperv\code\unnamed_rpg\vendor\json\include\nlohmann/detail/conversions/from_json.hpp:24:
[build] In file included from C:\Users\pperv\code\unnamed_rpg\vendor\json\include\nlohmann/detail/exceptions.hpp:25:
[build] In file included from C:\Users\pperv\code\unnamed_rpg\vendor\json\include\nlohmann/detail/meta/type_traits.hpp:29:
[build] C:\Users\pperv\code\unnamed_rpg\vendor\json\include\nlohmann/json_fwd.hpp(25,1): warning: empty macro arguments are incompatible with C++98 [-Wc++98-compat-pedantic]
[build] C:\Users\pperv\code\unnamed_rpg\vendor\json\include\nlohmann/detail/abi_macros.hpp(102,17): note: expanded from macro 'NLOHMANN_JSON_NAMESPACE_BEGIN'
[build]   102 |                 NLOHMANN_JSON_ABI_TAGS,              \
[build]       |                 ^
[build] C:\Users\pperv\code\unnamed_rpg\vendor\json\include\nlohmann/detail/abi_macros.hpp(65,5): note: expanded from macro 'NLOHMANN_JSON_ABI_TAGS'
[build]    65 |     NLOHMANN_JSON_ABI_TAGS_CONCAT(                                   \
[build]       |     ^
[build] C:\Users\pperv\code\unnamed_rpg\vendor\json\include\nlohmann/detail/abi_macros.hpp(62,45): note: expanded from macro 'NLOHMANN_JSON_ABI_TAGS_CONCAT'
[build]    62 |     NLOHMANN_JSON_ABI_TAGS_CONCAT_EX(a, b, c)
[build]       |                                             ^
[build] In file included from C:\Users\pperv\code\unnamed_rpg\vendor\json-schema-validator\src\json-schema-draft7.json.cpp:9:
[build] In file included from C:\Users\pperv\code\unnamed_rpg\vendor\json\include\nlohmann/json.hpp:44:
[build] In file included from C:\Users\pperv\code\unnamed_rpg\vendor\json\include\nlohmann/adl_serializer.hpp:14:
[build] In file included from C:\Users\pperv\code\unnamed_rpg\vendor\json\include\nlohmann/detail/conversions/from_json.hpp:24:
[build] In file included from C:\Users\pperv\code\unnamed_rpg\vendor\json\include\nlohmann/detail/exceptions.hpp:25:
[build] In file included from C:\Users\pperv\code\unnamed_rpg\vendor\json\include\nlohmann/detail/meta/type_traits.hpp:29:
[build] C:\Users\pperv\code\unnamed_rpg\vendor\json\include\nlohmann/json_fwd.hpp(25,1): warning: inline namespaces are incompatible with C++98 [-Wc++98-compat]
[build] C:\Users\pperv\code\unnamed_rpg\vendor\json\include\nlohmann/detail/abi_macros.hpp(101,5): note: expanded from macro 'NLOHMANN_JSON_NAMESPACE_BEGIN'
[build]   101 |     inline namespace NLOHMANN_JSON_NAMESPACE_CONCAT( \
[build]       |     ^
[build] In file included from C:\Users\pperv\code\unnamed_rpg\vendor\json-schema-validator\src\json-schema-draft7.json.cpp:9:
[build] In file included from C:\Users\pperv\code\unnamed_rpg\vendor\json\include\nlohmann/json.hpp:44:
[build] In file included from C:\Users\pperv\code\unnamed_rpg\vendor\json\include\nlohmann/adl_serializer.hpp:14:
[build] In file included from C:\Users\pperv\code\unnamed_rpg\vendor\json\include\nlohmann/detail/conversions/from_json.hpp:24:
[build] In file included from C:\Users\pperv\code\unnamed_rpg\vendor\json\include\nlohmann/detail/exceptions.hpp:25:
[build] In file included from C:\Users\pperv\code\unnamed_rpg\vendor\json\include\nlohmann/detail/meta/type_traits.hpp:29:
[build] C:\Users\pperv\code\unnamed_rpg\vendor\json\include\nlohmann/json_fwd.hpp(39,51): warning: variadic templates are incompatible with C++98 [-Wc++98-compat]
[build]    39 | template<template<typename U, typename V, typename... Args> class ObjectType =
[build]       |                                                   ^
[build] C:\Users\pperv\code\unnamed_rpg\vendor\json\include\nlohmann/json_fwd.hpp(41,39): warning: variadic templates are incompatible with C++98 [-Wc++98-compat]
[build]    41 |          template<typename U, typename... Args> class ArrayType = std::vector,
[build]       |                                       ^
[build] C:\Users\pperv\code\unnamed_rpg\vendor\json\include\nlohmann/json_fwd.hpp(62,14): warning: alias declarations are incompatible with C++98 [-Wc++98-compat]
[build]    62 | using json = basic_json<>;
[build]       |              ^
[build] C:\Users\pperv\code\unnamed_rpg\vendor\json\include\nlohmann/json_fwd.hpp(71,22): warning: alias declarations are incompatible with C++98 [-Wc++98-compat]
[build]    71 | using ordered_json = basic_json<nlohmann::ordered_map>;
[build]       |                      ^
[build] In file included from C:\Users\pperv\code\unnamed_rpg\vendor\json-schema-validator\src\json-schema-draft7.json.cpp:9:
[build] In file included from C:\Users\pperv\code\unnamed_rpg\vendor\json\include\nlohmann/json.hpp:44:
[build] In file included from C:\Users\pperv\code\unnamed_rpg\vendor\json\include\nlohmann/adl_serializer.hpp:14:
[build] In file included from C:\Users\pperv\code\unnamed_rpg\vendor\json\include\nlohmann/detail/conversions/from_json.hpp:24:
[build] In file included from C:\Users\pperv\code\unnamed_rpg\vendor\json\include\nlohmann/detail/exceptions.hpp:25:
[build] C:\Users\pperv\code\unnamed_rpg\vendor\json\include\nlohmann/detail/meta/type_traits.hpp(31,1): warning: empty macro arguments are incompatible with C++98 [-Wc++98-compat-pedantic]
[build]    31 | NLOHMANN_JSON_NAMESPACE_BEGIN
[build]       | ^
[build] C:\Users\pperv\code\unnamed_rpg\vendor\json\include\nlohmann/detail/abi_macros.hpp(102,17): note: expanded from macro 'NLOHMANN_JSON_NAMESPACE_BEGIN'
[build]   102 |                 NLOHMANN_JSON_ABI_TAGS,              \
[build]       |                 ^
[build] C:\Users\pperv\code\unnamed_rpg\vendor\json\include\nlohmann/detail/abi_macros.hpp(65,5): note: expanded from macro 'NLOHMANN_JSON_ABI_TAGS'
[build]    65 |     NLOHMANN_JSON_ABI_TAGS_CONCAT(                                   \
[build]       |     ^
[build] C:\Users\pperv\code\unnamed_rpg\vendor\json\include\nlohmann/detail/abi_macros.hpp(62,39): note: expanded from macro 'NLOHMANN_JSON_ABI_TAGS_CONCAT'
[build]    62 |     NLOHMANN_JSON_ABI_TAGS_CONCAT_EX(a, b, c)
[build]       |                                       ^
[build] In file included from C:\Users\pperv\code\unnamed_rpg\vendor\json-schema-validator\src\json-schema-draft7.json.cpp:9:
[build] In file included from C:\Users\pperv\code\unnamed_rpg\vendor\json\include\nlohmann/json.hpp:44:
[build] In file included from C:\Users\pperv\code\unnamed_rpg\vendor\json\include\nlohmann/adl_serializer.hpp:14:
[build] In file included from C:\Users\pperv\code\unnamed_rpg\vendor\json\include\nlohmann/detail/conversions/from_json.hpp:24:
[build] In file included from C:\Users\pperv\code\unnamed_rpg\vendor\json\include\nlohmann/detail/exceptions.hpp:25:
[build] C:\Users\pperv\code\unnamed_rpg\vendor\json\include\nlohmann/detail/meta/type_traits.hpp(31,1): warning: empty macro arguments are incompatible with C++98 [-Wc++98-compat-pedantic]
[build] C:\Users\pperv\code\unnamed_rpg\vendor\json\include\nlohmann/detail/abi_macros.hpp(102,17): note: expanded from macro 'NLOHMANN_JSON_NAMESPACE_BEGIN'
[build]   102 |                 NLOHMANN_JSON_ABI_TAGS,              \
[build]       |                 ^
[build] C:\Users\pperv\code\unnamed_rpg\vendor\json\include\nlohmann/detail/abi_macros.hpp(65,5): note: expanded from macro 'NLOHMANN_JSON_ABI_TAGS'
[build]    65 |     NLOHMANN_JSON_ABI_TAGS_CONCAT(                                   \
[build]       |     ^
[build] C:\Users\pperv\code\unnamed_rpg\vendor\json\include\nlohmann/detail/abi_macros.hpp(62,42): note: expanded from macro 'NLOHMANN_JSON_ABI_TAGS_CONCAT'
[build]    62 |     NLOHMANN_JSON_ABI_TAGS_CONCAT_EX(a, b, c)
[build]       |                                          ^
[build] In file included from C:\Users\pperv\code\unnamed_rpg\vendor\json-schema-validator\src\json-schema-draft7.json.cpp:9:
[build] In file included from C:\Users\pperv\code\unnamed_rpg\vendor\json\include\nlohmann/json.hpp:44:
[build] In file included from C:\Users\pperv\code\unnamed_rpg\vendor\json\include\nlohmann/adl_serializer.hpp:14:
[build] In file included from C:\Users\pperv\code\unnamed_rpg\vendor\json\include\nlohmann/detail/conversions/from_json.hpp:24:
[build] In file included from C:\Users\pperv\code\unnamed_rpg\vendor\json\include\nlohmann/detail/exceptions.hpp:25:
[build] C:\Users\pperv\code\unnamed_rpg\vendor\json\include\nlohmann/detail/meta/type_traits.hpp(31,1): warning: empty macro arguments are incompatible with C++98 [-Wc++98-compat-pedantic]
[build] C:\Users\pperv\code\unnamed_rpg\vendor\json\include\nlohmann/detail/abi_macros.hpp(102,17): note: expanded from macro 'NLOHMANN_JSON_NAMESPACE_BEGIN'
[build]   102 |                 NLOHMANN_JSON_ABI_TAGS,              \
[build]       |                 ^
[build] C:\Users\pperv\code\unnamed_rpg\vendor\json\include\nlohmann/detail/abi_macros.hpp(65,5): note: expanded from macro 'NLOHMANN_JSON_ABI_TAGS'
[build]    65 |     NLOHMANN_JSON_ABI_TAGS_CONCAT(                                   \
[build]       |     ^
[build] C:\Users\pperv\code\unnamed_rpg\vendor\json\include\nlohmann/detail/abi_macros.hpp(62,45): note: expanded from macro 'NLOHMANN_JSON_ABI_TAGS_CONCAT'
[build]    62 |     NLOHMANN_JSON_ABI_TAGS_CONCAT_EX(a, b, c)
[build]       |                                             ^
[build] In file included from C:\Users\pperv\code\unnamed_rpg\vendor\json-schema-validator\src\json-schema-draft7.json.cpp:9:
[build] In file included from C:\Users\pperv\code\unnamed_rpg\vendor\json\include\nlohmann/json.hpp:44:
[build] In file included from C:\Users\pperv\code\unnamed_rpg\vendor\json\include\nlohmann/adl_serializer.hpp:14:
[build] In file included from C:\Users\pperv\code\unnamed_rpg\vendor\json\include\nlohmann/detail/conversions/from_json.hpp:24:
[build] In file included from C:\Users\pperv\code\unnamed_rpg\vendor\json\include\nlohmann/detail/exceptions.hpp:25:
[build] C:\Users\pperv\code\unnamed_rpg\vendor\json\include\nlohmann/detail/meta/type_traits.hpp(31,1): warning: inline namespaces are incompatible with C++98 [-Wc++98-compat]
[build] C:\Users\pperv\code\unnamed_rpg\vendor\json\include\nlohmann/detail/abi_macros.hpp(101,5): note: expanded from macro 'NLOHMANN_JSON_NAMESPACE_BEGIN'
[build]   101 |     inline namespace NLOHMANN_JSON_NAMESPACE_CONCAT( \
[build]       |     ^
[build] In file included from C:\Users\pperv\code\unnamed_rpg\vendor\json-schema-validator\src\json-schema-draft7.json.cpp:9:
[build] In file included from C:\Users\pperv\code\unnamed_rpg\vendor\json\include\nlohmann/json.hpp:44:
[build] In file included from C:\Users\pperv\code\unnamed_rpg\vendor\json\include\nlohmann/adl_serializer.hpp:14:
[build] In file included from C:\Users\pperv\code\unnamed_rpg\vendor\json\include\nlohmann/detail/conversions/from_json.hpp:24:
[build] In file included from C:\Users\pperv\code\unnamed_rpg\vendor\json\include\nlohmann/detail/exceptions.hpp:25:
[build] C:\Users\pperv\code\unnamed_rpg\vendor\json\include\nlohmann/detail/meta/type_traits.hpp(58,1): warning: variadic templates are incompatible with C++98 [-Wc++98-compat]
[build]    58 | NLOHMANN_BASIC_JSON_TPL_DECLARATION
[build]       | ^
[build] C:\Users\pperv\code\unnamed_rpg\vendor\json\include\nlohmann/detail/macro_scope.hpp(337,51): note: expanded from macro 'NLOHMANN_BASIC_JSON_TPL_DECLARATION'
[build]   337 |     template<template<typename, typename, typename...> class ObjectType,   \
[build]       |                                                   ^
[build] In file included from C:\Users\pperv\code\unnamed_rpg\vendor\json-schema-validator\src\json-schema-draft7.json.cpp:9:
[build] In file included from C:\Users\pperv\code\unnamed_rpg\vendor\json\include\nlohmann/json.hpp:44:
[build] In file included from C:\Users\pperv\code\unnamed_rpg\vendor\json\include\nlohmann/adl_serializer.hpp:14:
[build] In file included from C:\Users\pperv\code\unnamed_rpg\vendor\json\include\nlohmann/detail/conversions/from_json.hpp:24:
[build] In file included from C:\Users\pperv\code\unnamed_rpg\vendor\json\include\nlohmann/detail/exceptions.hpp:25:
[build] C:\Users\pperv\code\unnamed_rpg\vendor\json\include\nlohmann/detail/meta/type_traits.hpp(58,1): warning: variadic templates are incompatible with C++98 [-Wc++98-compat]
[build] C:\Users\pperv\code\unnamed_rpg\vendor\json\include\nlohmann/detail/macro_scope.hpp(338,41): note: expanded from macro 'NLOHMANN_BASIC_JSON_TPL_DECLARATION'
[build]   338 |              template<typename, typename...> class ArrayType,              \
[build]       |                                         ^
[build] In file included from C:\Users\pperv\code\unnamed_rpg\vendor\json-schema-validator\src\json-schema-draft7.json.cpp:9:
[build] In file included from C:\Users\pperv\code\unnamed_rpg\vendor\json\include\nlohmann/json.hpp:44:
[build] In file included from C:\Users\pperv\code\unnamed_rpg\vendor\json\include\nlohmann/adl_serializer.hpp:14:
[build] In file included from C:\Users\pperv\code\unnamed_rpg\vendor\json\include\nlohmann/detail/conversions/from_json.hpp:24:
[build] In file included from C:\Users\pperv\code\unnamed_rpg\vendor\json\include\nlohmann/detail/exceptions.hpp:25:
[build] C:\Users\pperv\code\unnamed_rpg\vendor\json\include\nlohmann/detail/meta/type_traits.hpp(82,30): warning: consecutive right angle brackets are incompatible with C++98 (use '> >') [-Wc++98-compat]
[build]    82 | struct is_json_ref<json_ref<T>> : std::true_type {};
[build]       |                              ^~
[build]       |                              > >
[build] C:\Users\pperv\code\unnamed_rpg\vendor\json\include\nlohmann/detail/meta/type_traits.hpp(89,23): warning: alias declarations are incompatible with C++98 [-Wc++98-compat]
[build]    89 | using mapped_type_t = typename T::mapped_type;
[build]       |                       ^
[build] C:\Users\pperv\code\unnamed_rpg\vendor\json\include\nlohmann/detail/meta/type_traits.hpp(92,20): warning: alias declarations are incompatible with C++98 [-Wc++98-compat]
[build]    92 | using key_type_t = typename T::key_type;
[build]       |                    ^
[build] C:\Users\pperv\code\unnamed_rpg\vendor\json\include\nlohmann/detail/meta/type_traits.hpp(95,22): warning: alias declarations are incompatible with C++98 [-Wc++98-compat]
[build]    95 | using value_type_t = typename T::value_type;
[build]       |                      ^
[build] C:\Users\pperv\code\unnamed_rpg\vendor\json\include\nlohmann/detail/meta/type_traits.hpp(98,27): warning: alias declarations are incompatible with C++98 [-Wc++98-compat]
[build]    98 | using difference_type_t = typename T::difference_type;
[build]       |                           ^
[build] C:\Users\pperv\code\unnamed_rpg\vendor\json\include\nlohmann/detail/meta/type_traits.hpp(101,19): warning: alias declarations are incompatible with C++98 [-Wc++98-compat]
[build]   101 | using pointer_t = typename T::pointer;
[build]       |                   ^
[build] C:\Users\pperv\code\unnamed_rpg\vendor\json\include\nlohmann/detail/meta/type_traits.hpp(104,21): warning: alias declarations are incompatible with C++98 [-Wc++98-compat]
[build]   104 | using reference_t = typename T::reference;
[build]       |                     ^
[build] C:\Users\pperv\code\unnamed_rpg\vendor\json\include\nlohmann/detail/meta/type_traits.hpp(107,29): warning: alias declarations are incompatible with C++98 [-Wc++98-compat]
[build]   107 | using iterator_category_t = typename T::iterator_category;
[build]       |                             ^
[build] C:\Users\pperv\code\unnamed_rpg\vendor\json\include\nlohmann/detail/meta/type_traits.hpp(109,30): warning: variadic templates are incompatible with C++98 [-Wc++98-compat]
[build]   109 | template<typename T, typename... Args>
[build]       |                              ^
[build] C:\Users\pperv\code\unnamed_rpg\vendor\json\include\nlohmann/detail/meta/type_traits.hpp(110,26): warning: alias declarations are incompatible with C++98 [-Wc++98-compat]
[build]   110 | using to_json_function = decltype(T::to_json(std::declval<Args>()...));
[build]       |                          ^
[build] C:\Users\pperv\code\unnamed_rpg\vendor\json\include\nlohmann/detail/meta/type_traits.hpp(110,26): warning: 'decltype' type specifier is incompatible with C++98 [-Wc++98-compat]
[build] C:\Users\pperv\code\unnamed_rpg\vendor\json\include\nlohmann/detail/meta/type_traits.hpp(112,30): warning: variadic templates are incompatible with C++98 [-Wc++98-compat]
[build]   112 | template<typename T, typename... Args>
[build]       |                              ^
[build] C:\Users\pperv\code\unnamed_rpg\vendor\json\include\nlohmann/detail/meta/type_traits.hpp(113,28): warning: alias declarations are incompatible with C++98 [-Wc++98-compat]
[build]   113 | using from_json_function = decltype(T::from_json(std::declval<Args>()...));
[build]       |                            ^
[build] C:\Users\pperv\code\unnamed_rpg\vendor\json\include\nlohmann/detail/meta/type_traits.hpp(113,28): warning: 'decltype' type specifier is incompatible with C++98 [-Wc++98-compat]
[build] C:\Users\pperv\code\unnamed_rpg\vendor\json\include\nlohmann/detail/meta/type_traits.hpp(116,31): warning: alias declarations are incompatible with C++98 [-Wc++98-compat]
[build]   116 | using get_template_function = decltype(std::declval<T>().template get<U>());
[build]       |                               ^
[build] C:\Users\pperv\code\unnamed_rpg\vendor\json\include\nlohmann/detail/meta/type_traits.hpp(116,31): warning: 'decltype' type specifier is incompatible with C++98 [-Wc++98-compat]
[build] C:\Users\pperv\code\unnamed_rpg\vendor\json\include\nlohmann/detail/meta/type_traits.hpp(129,12): warning: 'constexpr' specifier is incompatible with C++98 [-Wc++98-compat]
[build]   129 |     static constexpr bool value = is_detected<get_template_function, const BasicJsonType&, T>::value;
[build]       |            ^
[build] C:\Users\pperv\code\unnamed_rpg\vendor\json\include\nlohmann/detail/meta/type_traits.hpp(133,81): warning: consecutive right angle brackets are incompatible with C++98 (use '> >') [-Wc++98-compat]
[build]   133 | struct has_from_json < BasicJsonType, T, enable_if_t < !is_basic_json<T>::value >>
[build]       |                                                                                 ^~
[build]       |                                                                                 > >
[build] C:\Users\pperv\code\unnamed_rpg\vendor\json\include\nlohmann/detail/meta/type_traits.hpp(135,24): warning: alias declarations are incompatible with C++98 [-Wc++98-compat]
[build]   135 |     using serializer = typename BasicJsonType::template json_serializer<T, void>;
[build]       |                        ^
[build] C:\Users\pperv\code\unnamed_rpg\vendor\json\include\nlohmann/detail/meta/type_traits.hpp(137,12): warning: 'constexpr' specifier is incompatible with C++98 [-Wc++98-compat]
[build]   137 |     static constexpr bool value =
[build]       |            ^
[build] C:\Users\pperv\code\unnamed_rpg\vendor\json\include\nlohmann/detail/meta/type_traits.hpp(148,93): warning: consecutive right angle brackets are incompatible with C++98 (use '> >') [-Wc++98-compat]
[build]   148 | struct has_non_default_from_json < BasicJsonType, T, enable_if_t < !is_basic_json<T>::value >>
[build]       |                                                                                             ^~
[build]       |                                                                                             > >
[build] C:\Users\pperv\code\unnamed_rpg\vendor\json\include\nlohmann/detail/meta/type_traits.hpp(150,24): warning: alias declarations are incompatible with C++98 [-Wc++98-compat]
[build]   150 |     using serializer = typename BasicJsonType::template json_serializer<T, void>;
[build]       |                        ^
[build] C:\Users\pperv\code\unnamed_rpg\vendor\json\include\nlohmann/detail/meta/type_traits.hpp(152,12): warning: 'constexpr' specifier is incompatible with C++98 [-Wc++98-compat]
[build]   152 |     static constexpr bool value =
[build]       |            ^
[build] C:\Users\pperv\code\unnamed_rpg\vendor\json\include\nlohmann/detail/meta/type_traits.hpp(163,79): warning: consecutive right angle brackets are incompatible with C++98 (use '> >') [-Wc++98-compat]
[build]   163 | struct has_to_json < BasicJsonType, T, enable_if_t < !is_basic_json<T>::value >>
[build]       |                                                                               ^~
[build]       |                                                                               > >
[build] C:\Users\pperv\code\unnamed_rpg\vendor\json\include\nlohmann/detail/meta/type_traits.hpp(165,24): warning: alias declarations are incompatible with C++98 [-Wc++98-compat]
[build]   165 |     using serializer = typename BasicJsonType::template json_serializer<T, void>;
[build]       |                        ^
[build] C:\Users\pperv\code\unnamed_rpg\vendor\json\include\nlohmann/detail/meta/type_traits.hpp(167,12): warning: 'constexpr' specifier is incompatible with C++98 [-Wc++98-compat]
[build]   167 |     static constexpr bool value =
[build]       |            ^
[build] C:\Users\pperv\code\unnamed_rpg\vendor\json\include\nlohmann/detail/meta/type_traits.hpp(173,28): warning: alias declarations are incompatible with C++98 [-Wc++98-compat]
[build]   173 | using detect_key_compare = typename T::key_compare;
[build]       |                            ^
[build] C:\Users\pperv\code\unnamed_rpg\vendor\json\include\nlohmann/detail/meta/type_traits.hpp(182,22): warning: alias declarations are incompatible with C++98 [-Wc++98-compat]
[build]   182 |     using object_t = typename BasicJsonType::object_t;
[build]       |                      ^
[build] C:\Users\pperv\code\unnamed_rpg\vendor\json\include\nlohmann/detail/meta/type_traits.hpp(183,33): warning: alias declarations are incompatible with C++98 [-Wc++98-compat]
[build]   183 |     using object_comparator_t = typename BasicJsonType::default_object_comparator_t;
[build]       |                                 ^
[build] C:\Users\pperv\code\unnamed_rpg\vendor\json\include\nlohmann/detail/meta/type_traits.hpp(184,18): warning: alias declarations are incompatible with C++98 [-Wc++98-compat]
[build]   184 |     using type = typename std::conditional < has_key_compare<object_t>::value,
[build]       |                  ^
[build] C:\Users\pperv\code\unnamed_rpg\vendor\json\include\nlohmann/detail/meta/type_traits.hpp(189,36): warning: alias declarations are incompatible with C++98 [-Wc++98-compat]
[build]   189 | using actual_object_comparator_t = typename actual_object_comparator<BasicJsonType>::type;
[build]       |                                    ^
[build] C:\Users\pperv\code\unnamed_rpg\vendor\json\include\nlohmann/detail/meta/type_traits.hpp(204,23): warning: alias declarations are incompatible with C++98 [-Wc++98-compat]
[build]   204 |     using char_type = unsigned char;
[build]       |                       ^
[build] C:\Users\pperv\code\unnamed_rpg\vendor\json\include\nlohmann/detail/meta/type_traits.hpp(205,22): warning: alias declarations are incompatible with C++98 [-Wc++98-compat]
[build]   205 |     using int_type = uint64_t;
[build]       |                      ^
[build] C:\Users\pperv\code\unnamed_rpg\vendor\json\include\nlohmann/detail/meta/type_traits.hpp(209,5): warning: noexcept specifications are incompatible with C++98 [-Wc++98-compat]
[build]   209 |     {
[build]       |     ^
[build] C:\Users\pperv\code\unnamed_rpg\vendor\json\include\nlohmann/detail/meta/type_traits.hpp(214,5): warning: noexcept specifications are incompatible with C++98 [-Wc++98-compat]
[build]   214 |     {
[build]       |     ^
[build] C:\Users\pperv\code\unnamed_rpg\vendor\json\include\nlohmann/detail/meta/type_traits.hpp(218,12): warning: 'constexpr' specifier is incompatible with C++98 [-Wc++98-compat]
[build]   218 |     static constexpr int_type eof() noexcept
[build]       |            ^
[build] C:\Users\pperv\code\unnamed_rpg\vendor\json\include\nlohmann/detail/meta/type_traits.hpp(219,5): warning: noexcept specifications are incompatible with C++98 [-Wc++98-compat]
[build]   219 |     {
[build]       |     ^
[build] C:\Users\pperv\code\unnamed_rpg\vendor\json\include\nlohmann/detail/meta/type_traits.hpp(228,23): warning: alias declarations are incompatible with C++98 [-Wc++98-compat]
[build]   228 |     using char_type = signed char;
[build]       |                       ^
[build] C:\Users\pperv\code\unnamed_rpg\vendor\json\include\nlohmann/detail/meta/type_traits.hpp(229,22): warning: alias declarations are incompatible with C++98 [-Wc++98-compat]
[build]   229 |     using int_type = uint64_t;
[build]       |                      ^
[build] C:\Users\pperv\code\unnamed_rpg\vendor\json\include\nlohmann/detail/meta/type_traits.hpp(233,5): warning: noexcept specifications are incompatible with C++98 [-Wc++98-compat]
[build]   233 |     {
[build]       |     ^
[build] C:\Users\pperv\code\unnamed_rpg\vendor\json\include\nlohmann/detail/meta/type_traits.hpp(240,5): warning: noexcept specifications are incompatible with C++98 [-Wc++98-compat]
[build]   240 |     {
[build]       |     ^
[build] C:\Users\pperv\code\unnamed_rpg\vendor\json\include\nlohmann/detail/meta/type_traits.hpp(244,12): warning: 'constexpr' specifier is incompatible with C++98 [-Wc++98-compat]
[build]   244 |     static constexpr int_type eof() noexcept
[build]       |            ^
[build] C:\Users\pperv\code\unnamed_rpg\vendor\json\include\nlohmann/detail/meta/type_traits.hpp(245,5): warning: noexcept specifications are incompatible with C++98 [-Wc++98-compat]
[build]   245 |     {
[build]       |     ^
[build] C:\Users\pperv\code\unnamed_rpg\vendor\json\include\nlohmann/detail/meta/type_traits.hpp(279,15): warning: variadic templates are incompatible with C++98 [-Wc++98-compat]
[build]   279 | template<class...> struct conjunction : std::true_type { };
[build]       |               ^
[build] C:\Users\pperv\code\unnamed_rpg\vendor\json\include\nlohmann/detail/meta/type_traits.hpp(281,24): warning: variadic templates are incompatible with C++98 [-Wc++98-compat]
[build]   281 | template<class B, class... Bn>
[build]       |                        ^
[build] C:\Users\pperv\code\unnamed_rpg\vendor\json\include\nlohmann/detail/meta/type_traits.hpp(295,49): warning: consecutive right angle brackets are incompatible with C++98 (use '> >') [-Wc++98-compat]
[build]   295 | struct is_default_constructible<std::pair<T1, T2>>
[build]       |                                                 ^~
[build]       |                                                 > >
[build] C:\Users\pperv\code\unnamed_rpg\vendor\json\include\nlohmann/detail/meta/type_traits.hpp(296,76): warning: consecutive right angle brackets are incompatible with C++98 (use '> >') [-Wc++98-compat]
[build]   296 |     : conjunction<is_default_constructible<T1>, is_default_constructible<T2>> {};
[build]       |                                                                            ^~
[build]       |                                                                            > >
[build] C:\Users\pperv\code\unnamed_rpg\vendor\json\include\nlohmann/detail/meta/type_traits.hpp(299,55): warning: consecutive right angle brackets are incompatible with C++98 (use '> >') [-Wc++98-compat]
[build]   299 | struct is_default_constructible<const std::pair<T1, T2>>
[build]       |                                                       ^~
[build]       |                                                       > >
[build] C:\Users\pperv\code\unnamed_rpg\vendor\json\include\nlohmann/detail/meta/type_traits.hpp(300,76): warning: consecutive right angle brackets are incompatible with C++98 (use '> >') [-Wc++98-compat]
[build]   300 |     : conjunction<is_default_constructible<T1>, is_default_constructible<T2>> {};
[build]       |                                                                            ^~
[build]       |                                                                            > >
[build] C:\Users\pperv\code\unnamed_rpg\vendor\json\include\nlohmann/detail/meta/type_traits.hpp(302,19): warning: variadic templates are incompatible with C++98 [-Wc++98-compat]
[build]   302 | template <typename... Ts>
[build]       |                   ^
[build] C:\Users\pperv\code\unnamed_rpg\vendor\json\include\nlohmann/detail/meta/type_traits.hpp(303,49): warning: consecutive right angle brackets are incompatible with C++98 (use '> >') [-Wc++98-compat]
[build]   303 | struct is_default_constructible<std::tuple<Ts...>>
[build]       |                                                 ^~
[build]       |                                                 > >
[build] C:\Users\pperv\code\unnamed_rpg\vendor\json\include\nlohmann/detail/meta/type_traits.hpp(306,19): warning: variadic templates are incompatible with C++98 [-Wc++98-compat]
[build]   306 | template <typename... Ts>
[build]       |                   ^
[build] C:\Users\pperv\code\unnamed_rpg\vendor\json\include\nlohmann/detail/meta/type_traits.hpp(307,55): warning: consecutive right angle brackets are incompatible with C++98 (use '> >') [-Wc++98-compat]
[build]   307 | struct is_default_constructible<const std::tuple<Ts...>>
[build]       |                                                       ^~
[build]       |                                                       > >
[build] C:\Users\pperv\code\unnamed_rpg\vendor\json\include\nlohmann/detail/meta/type_traits.hpp(310,31): warning: variadic templates are incompatible with C++98 [-Wc++98-compat]
[build]   310 | template <typename T, typename... Args>
[build]       |                               ^
[build] C:\Users\pperv\code\unnamed_rpg\vendor\json\include\nlohmann/detail/meta/type_traits.hpp(314,41): warning: consecutive right angle brackets are incompatible with C++98 (use '> >') [-Wc++98-compat]
[build]   314 | struct is_constructible<std::pair<T1, T2>> : is_default_constructible<std::pair<T1, T2>> {};
[build]       |                                         ^~
[build]       |                                         > >
[build] C:\Users\pperv\code\unnamed_rpg\vendor\json\include\nlohmann/detail/meta/type_traits.hpp(314,87): warning: consecutive right angle brackets are incompatible with C++98 (use '> >') [-Wc++98-compat]
[build]   314 | struct is_constructible<std::pair<T1, T2>> : is_default_constructible<std::pair<T1, T2>> {};
[build]       |                                                                                       ^~
[build]       |                                                                                       > >
[build] C:\Users\pperv\code\unnamed_rpg\vendor\json\include\nlohmann/detail/meta/type_traits.hpp(317,47): warning: consecutive right angle brackets are incompatible with C++98 (use '> >') [-Wc++98-compat]
[build]   317 | struct is_constructible<const std::pair<T1, T2>> : is_default_constructible<const std::pair<T1, T2>> {};
[build]       |                                               ^~
[build]       |                                               > >
[build] C:\Users\pperv\code\unnamed_rpg\vendor\json\include\nlohmann/detail/meta/type_traits.hpp(317,99): warning: consecutive right angle brackets are incompatible with C++98 (use '> >') [-Wc++98-compat]
[build]   317 | struct is_constructible<const std::pair<T1, T2>> : is_default_constructible<const std::pair<T1, T2>> {};
[build]       |                                                                                                   ^~
[build]       |                                                                                                   > >
[build] C:\Users\pperv\code\unnamed_rpg\vendor\json\include\nlohmann/detail/meta/type_traits.hpp(319,19): warning: variadic templates are incompatible with C++98 [-Wc++98-compat]
[build]   319 | template <typename... Ts>
[build]       |                   ^
[build] C:\Users\pperv\code\unnamed_rpg\vendor\json\include\nlohmann/detail/meta/type_traits.hpp(320,41): warning: consecutive right angle brackets are incompatible with C++98 (use '> >') [-Wc++98-compat]
[build]   320 | struct is_constructible<std::tuple<Ts...>> : is_default_constructible<std::tuple<Ts...>> {};
[build]       |                                         ^~
[build]       |                                         > >
[build] C:\Users\pperv\code\unnamed_rpg\vendor\json\include\nlohmann/detail/meta/type_traits.hpp(320,87): warning: consecutive right angle brackets are incompatible with C++98 (use '> >') [-Wc++98-compat]
[build]   320 | struct is_constructible<std::tuple<Ts...>> : is_default_constructible<std::tuple<Ts...>> {};
[build]       |                                                                                       ^~
[build]       |                                                                                       > >
[build] C:\Users\pperv\code\unnamed_rpg\vendor\json\include\nlohmann/detail/meta/type_traits.hpp(322,19): warning: variadic templates are incompatible with C++98 [-Wc++98-compat]
[build]   322 | template <typename... Ts>
[build]       |                   ^
[build] C:\Users\pperv\code\unnamed_rpg\vendor\json\include\nlohmann/detail/meta/type_traits.hpp(323,47): warning: consecutive right angle brackets are incompatible with C++98 (use '> >') [-Wc++98-compat]
[build]   323 | struct is_constructible<const std::tuple<Ts...>> : is_default_constructible<const std::tuple<Ts...>> {};
[build]       |                                               ^~
[build]       |                                               > >
[build] C:\Users\pperv\code\unnamed_rpg\vendor\json\include\nlohmann/detail/meta/type_traits.hpp(323,99): warning: consecutive right angle brackets are incompatible with C++98 (use '> >') [-Wc++98-compat]
[build]   323 | struct is_constructible<const std::tuple<Ts...>> : is_default_constructible<const std::tuple<Ts...>> {};
[build]       |                                                                                                   ^~
[build]       |                                                                                                   > >
[build] C:\Users\pperv\code\unnamed_rpg\vendor\json\include\nlohmann/detail/meta/type_traits.hpp(329,44): warning: consecutive right angle brackets are incompatible with C++98 (use '> >') [-Wc++98-compat]
[build]   329 | struct is_iterator_traits<iterator_traits<T>>
[build]       |                                            ^~
[build]       |                                            > >
[build] C:\Users\pperv\code\unnamed_rpg\vendor\json\include\nlohmann/detail/meta/type_traits.hpp(332,20): warning: alias declarations are incompatible with C++98 [-Wc++98-compat]
[build]   332 |     using traits = iterator_traits<T>;
[build]       |                    ^
[build] C:\Users\pperv\code\unnamed_rpg\vendor\json\include\nlohmann/detail/meta/type_traits.hpp(335,12): warning: 'constexpr' specifier is incompatible with C++98 [-Wc++98-compat]
[build]   335 |     static constexpr auto value =
[build]       |            ^
[build] C:\Users\pperv\code\unnamed_rpg\vendor\json\include\nlohmann/detail/meta/type_traits.hpp(335,22): warning: 'auto' type specifier is incompatible with C++98 [-Wc++98-compat]
[build]   335 |     static constexpr auto value =
[build]       |                      ^~~~
[build] C:\Users\pperv\code\unnamed_rpg\vendor\json\include\nlohmann/detail/meta/type_traits.hpp(347,19): warning: alias declarations are incompatible with C++98 [-Wc++98-compat]
[build]   347 |     using t_ref = typename std::add_lvalue_reference<T>::type;
[build]       |                   ^
[build] C:\Users\pperv\code\unnamed_rpg\vendor\json\include\nlohmann/detail/meta/type_traits.hpp(349,22): warning: alias declarations are incompatible with C++98 [-Wc++98-compat]
[build]   349 |     using iterator = detected_t<result_of_begin, t_ref>;
[build]       |                      ^
[build] C:\Users\pperv\code\unnamed_rpg\vendor\json\include\nlohmann/detail/meta/type_traits.hpp(350,22): warning: alias declarations are incompatible with C++98 [-Wc++98-compat]
[build]   350 |     using sentinel = detected_t<result_of_end, t_ref>;
[build]       |                      ^
[build] C:\Users\pperv\code\unnamed_rpg\vendor\json\include\nlohmann/detail/meta/type_traits.hpp(355,12): warning: 'constexpr' specifier is incompatible with C++98 [-Wc++98-compat]
[build]   355 |     static constexpr auto is_iterator_begin =
[build]       |            ^
[build] C:\Users\pperv\code\unnamed_rpg\vendor\json\include\nlohmann/detail/meta/type_traits.hpp(355,22): warning: 'auto' type specifier is incompatible with C++98 [-Wc++98-compat]
[build]   355 |     static constexpr auto is_iterator_begin =
[build]       |                      ^~~~
[build] C:\Users\pperv\code\unnamed_rpg\vendor\json\include\nlohmann/detail/meta/type_traits.hpp(356,52): warning: consecutive right angle brackets are incompatible with C++98 (use '> >') [-Wc++98-compat]
[build]   356 |         is_iterator_traits<iterator_traits<iterator>>::value;
[build]       |                                                    ^~
[build]       |                                                    > >
[build] C:\Users\pperv\code\unnamed_rpg\vendor\json\include\nlohmann/detail/meta/type_traits.hpp(359,12): warning: 'constexpr' specifier is incompatible with C++98 [-Wc++98-compat]
[build]   359 |     static constexpr bool value = !std::is_same<iterator, nonesuch>::value && !std::is_same<sentinel, nonesuch>::value && is_iterator_begin;
[build]       |            ^
[build] C:\Users\pperv\code\unnamed_rpg\vendor\json\include\nlohmann/detail/meta/type_traits.hpp(363,20): warning: alias declarations are incompatible with C++98 [-Wc++98-compat]
[build]   363 | using iterator_t = enable_if_t<is_range<R>::value, result_of_begin<decltype(std::declval<R&>())>>;
[build]       |                    ^
[build] C:\Users\pperv\code\unnamed_rpg\vendor\json\include\nlohmann/detail/meta/type_traits.hpp(363,68): warning: 'decltype' type specifier is incompatible with C++98 [-Wc++98-compat]
[build]   363 | using iterator_t = enable_if_t<is_range<R>::value, result_of_begin<decltype(std::declval<R&>())>>;
[build]       |                                                                    ^
[build] C:\Users\pperv\code\unnamed_rpg\vendor\json\include\nlohmann/detail/meta/type_traits.hpp(363,96): warning: consecutive right angle brackets are incompatible with C++98 (use '> >') [-Wc++98-compat]
[build]   363 | using iterator_t = enable_if_t<is_range<R>::value, result_of_begin<decltype(std::declval<R&>())>>;
[build]       |                                                                                                ^~
[build]       |                                                                                                > >
[build] C:\Users\pperv\code\unnamed_rpg\vendor\json\include\nlohmann/detail/meta/type_traits.hpp(366,23): warning: alias declarations are incompatible with C++98 [-Wc++98-compat]
[build]   366 | using range_value_t = value_type_t<iterator_traits<iterator_t<T>>>;
[build]       |                       ^
[build] C:\Users\pperv\code\unnamed_rpg\vendor\json\include\nlohmann/detail/meta/type_traits.hpp(366,64): warning: consecutive right angle brackets are incompatible with C++98 (use '> >') [-Wc++98-compat]
[build]   366 | using range_value_t = value_type_t<iterator_traits<iterator_t<T>>>;
[build]       |                                                                ^~
[build]       |                                                                > > 
[build] C:\Users\pperv\code\unnamed_rpg\vendor\json\include\nlohmann/detail/meta/type_traits.hpp(376,28): warning: 'decltype' type specifier is incompatible with C++98 [-Wc++98-compat]
[build]   376 | struct is_complete_type<T, decltype(void(sizeof(T)))> : std::true_type {};
[build]       |                            ^
[build] C:\Users\pperv\code\unnamed_rpg\vendor\json\include\nlohmann/detail/meta/type_traits.hpp(386,58): warning: consecutive right angle brackets are incompatible with C++98 (use '> >') [-Wc++98-compat]
[build]   386 |     is_detected<key_type_t, CompatibleObjectType>::value >>
[build]       |                                                          ^~
[build]       |                                                          > >
[build] C:\Users\pperv\code\unnamed_rpg\vendor\json\include\nlohmann/detail/meta/type_traits.hpp(388,22): warning: alias declarations are incompatible with C++98 [-Wc++98-compat]
[build]   388 |     using object_t = typename BasicJsonType::object_t;
[build]       |                      ^
[build] C:\Users\pperv\code\unnamed_rpg\vendor\json\include\nlohmann/detail/meta/type_traits.hpp(391,12): warning: 'constexpr' specifier is incompatible with C++98 [-Wc++98-compat]
[build]   391 |     static constexpr bool value =
[build]       |            ^
[build] C:\Users\pperv\code\unnamed_rpg\vendor\json\include\nlohmann/detail/meta/type_traits.hpp(410,61): warning: consecutive right angle brackets are incompatible with C++98 (use '> >') [-Wc++98-compat]
[build]   410 |     is_detected<key_type_t, ConstructibleObjectType>::value >>
[build]       |                                                             ^~
[build]       |                                                             > >
[build] C:\Users\pperv\code\unnamed_rpg\vendor\json\include\nlohmann/detail/meta/type_traits.hpp(412,22): warning: alias declarations are incompatible with C++98 [-Wc++98-compat]
[build]   412 |     using object_t = typename BasicJsonType::object_t;
[build]       |                      ^
[build] C:\Users\pperv\code\unnamed_rpg\vendor\json\include\nlohmann/detail/meta/type_traits.hpp(414,12): warning: 'constexpr' specifier is incompatible with C++98 [-Wc++98-compat]
[build]   414 |     static constexpr bool value =
[build]       |            ^
[build] C:\Users\pperv\code\unnamed_rpg\vendor\json\include\nlohmann/detail/meta/type_traits.hpp(438,12): warning: 'constexpr' specifier is incompatible with C++98 [-Wc++98-compat]
[build]   438 |     static constexpr auto value =
[build]       |            ^
[build] C:\Users\pperv\code\unnamed_rpg\vendor\json\include\nlohmann/detail/meta/type_traits.hpp(438,22): warning: 'auto' type specifier is incompatible with C++98 [-Wc++98-compat]
[build]   438 |     static constexpr auto value =
[build]       |                      ^~~~
[build] C:\Users\pperv\code\unnamed_rpg\vendor\json\include\nlohmann/detail/meta/type_traits.hpp(449,28): warning: alias declarations are incompatible with C++98 [-Wc++98-compat]
[build]   449 |     using laundered_type = ConstructibleStringType;
[build]       |                            ^
[build] C:\Users\pperv\code\unnamed_rpg\vendor\json\include\nlohmann/detail/meta/type_traits.hpp(452,12): warning: 'constexpr' specifier is incompatible with C++98 [-Wc++98-compat]
[build]   452 |     static constexpr auto value =
[build]       |            ^
[build] C:\Users\pperv\code\unnamed_rpg\vendor\json\include\nlohmann/detail/meta/type_traits.hpp(452,22): warning: 'auto' type specifier is incompatible with C++98 [-Wc++98-compat]
[build]   452 |     static constexpr auto value =
[build]       |                      ^~~~
[build] C:\Users\pperv\code\unnamed_rpg\vendor\json\include\nlohmann/detail/meta/type_traits.hpp(456,38): warning: consecutive right angle brackets are incompatible with C++98 (use '> >') [-Wc++98-compat]
[build]   456 |         value_type_t, laundered_type >>::value;
[build]       |                                      ^~
[build]       |                                      > >
[build] C:\Users\pperv\code\unnamed_rpg\vendor\json\include\nlohmann/detail/meta/type_traits.hpp(467,70): warning: consecutive right angle brackets are incompatible with C++98 (use '> >') [-Wc++98-compat]
[build]   467 | template<typename T> struct is_iteration_proxy_type<iteration_proxy<T>>       : std::true_type {};
[build]       |                                                                      ^~
[build]       |                                                                      > >
[build] C:\Users\pperv\code\unnamed_rpg\vendor\json\include\nlohmann/detail/meta/type_traits.hpp(468,76): warning: consecutive right angle brackets are incompatible with C++98 (use '> >') [-Wc++98-compat]
[build]   468 | template<typename T> struct is_iteration_proxy_type<iteration_proxy_value<T>> : std::true_type {};
[build]       |                                                                            ^~
[build]       |                                                                            > >
[build] C:\Users\pperv\code\unnamed_rpg\vendor\json\include\nlohmann/detail/meta/type_traits.hpp(512,82): warning: consecutive right angle brackets are incompatible with C++98 (use '> >') [-Wc++98-compat]
[build]   512 |     is_iterator_traits<iterator_traits<detected_t<iterator_t, CompatibleArrayType>>>::value&&
[build]       |                                                                                  ^~
[build]       |                                                                                  > > 
[build] C:\Users\pperv\code\unnamed_rpg\vendor\json\include\nlohmann/detail/meta/type_traits.hpp(515,85): warning: consecutive right angle brackets are incompatible with C++98 (use '> >') [-Wc++98-compat]
[build]   515 |     !std::is_same<CompatibleArrayType, detected_t<range_value_t, CompatibleArrayType>>::value
[build]       |                                                                                     ^~
[build]       |                                                                                     > >
[build] C:\Users\pperv\code\unnamed_rpg\vendor\json\include\nlohmann/detail/meta/type_traits.hpp(523,13): warning: consecutive right angle brackets are incompatible with C++98 (use '> >') [-Wc++98-compat]
[build]   523 |             >>
[build]       |             ^~
[build]       |             > >
[build] C:\Users\pperv\code\unnamed_rpg\vendor\json\include\nlohmann/detail/meta/type_traits.hpp(525,12): warning: 'constexpr' specifier is incompatible with C++98 [-Wc++98-compat]
[build]   525 |     static constexpr bool value =
[build]       |            ^
[build] C:\Users\pperv\code\unnamed_rpg\vendor\json\include\nlohmann/detail/meta/type_traits.hpp(527,42): warning: consecutive right angle brackets are incompatible with C++98 (use '> >') [-Wc++98-compat]
[build]   527 |         range_value_t<CompatibleArrayType>>::value;
[build]       |                                          ^~
[build]       |                                          > >
[build] C:\Users\pperv\code\unnamed_rpg\vendor\json\include\nlohmann/detail/meta/type_traits.hpp(558,48): warning: consecutive right angle brackets are incompatible with C++98 (use '> >') [-Wc++98-compat]
[build]   558 |     typename BasicJsonType::value_type>::value >>
[build]       |                                                ^~
[build]       |                                                > >
[build] C:\Users\pperv\code\unnamed_rpg\vendor\json\include\nlohmann/detail/meta/type_traits.hpp(571,81): warning: consecutive right angle brackets are incompatible with C++98 (use '> >') [-Wc++98-compat]
[build]   571 | is_iterator_traits<iterator_traits<detected_t<iterator_t, ConstructibleArrayType>>>::value&&
[build]       |                                                                                 ^~
[build]       |                                                                                 > > 
[build] C:\Users\pperv\code\unnamed_rpg\vendor\json\include\nlohmann/detail/meta/type_traits.hpp(575,87): warning: consecutive right angle brackets are incompatible with C++98 (use '> >') [-Wc++98-compat]
[build]   575 | !std::is_same<ConstructibleArrayType, detected_t<range_value_t, ConstructibleArrayType>>::value&&
[build]       |                                                                                       ^~
[build]       |                                                                                       > >
[build] C:\Users\pperv\code\unnamed_rpg\vendor\json\include\nlohmann/detail/meta/type_traits.hpp(577,50): warning: consecutive right angle brackets are incompatible with C++98 (use '> >') [-Wc++98-compat]
[build]   577 | detected_t<range_value_t, ConstructibleArrayType >>::value >>
[build]       |                                                  ^~
[build]       |                                                  > >
[build] C:\Users\pperv\code\unnamed_rpg\vendor\json\include\nlohmann/detail/meta/type_traits.hpp(577,60): warning: consecutive right angle brackets are incompatible with C++98 (use '> >') [-Wc++98-compat]
[build]   577 | detected_t<range_value_t, ConstructibleArrayType >>::value >>
[build]       |                                                            ^~
[build]       |                                                            > >
[build] C:\Users\pperv\code\unnamed_rpg\vendor\json\include\nlohmann/detail/meta/type_traits.hpp(579,24): warning: alias declarations are incompatible with C++98 [-Wc++98-compat]
[build]   579 |     using value_type = range_value_t<ConstructibleArrayType>;
[build]       |                        ^
[build] C:\Users\pperv\code\unnamed_rpg\vendor\json\include\nlohmann/detail/meta/type_traits.hpp(581,12): warning: 'constexpr' specifier is incompatible with C++98 [-Wc++98-compat]
[build]   581 |     static constexpr bool value =
[build]       |            ^
[build] C:\Users\pperv\code\unnamed_rpg\vendor\json\include\nlohmann/detail/meta/type_traits.hpp(604,61): warning: consecutive right angle brackets are incompatible with C++98 (use '> >') [-Wc++98-compat]
[build]   604 |     !std::is_same<bool, CompatibleNumberIntegerType>::value >>
[build]       |                                                             ^~
[build]       |                                                             > >
[build] C:\Users\pperv\code\unnamed_rpg\vendor\json\include\nlohmann/detail/meta/type_traits.hpp(607,24): warning: alias declarations are incompatible with C++98 [-Wc++98-compat]
[build]   607 |     using RealLimits = std::numeric_limits<RealIntegerType>;
[build]       |                        ^
[build] C:\Users\pperv\code\unnamed_rpg\vendor\json\include\nlohmann/detail/meta/type_traits.hpp(608,30): warning: alias declarations are incompatible with C++98 [-Wc++98-compat]
[build]   608 |     using CompatibleLimits = std::numeric_limits<CompatibleNumberIntegerType>;
[build]       |                              ^
[build] C:\Users\pperv\code\unnamed_rpg\vendor\json\include\nlohmann/detail/meta/type_traits.hpp(610,12): warning: 'constexpr' specifier is incompatible with C++98 [-Wc++98-compat]
[build]   610 |     static constexpr auto value =
[build]       |            ^
[build] C:\Users\pperv\code\unnamed_rpg\vendor\json\include\nlohmann/detail/meta/type_traits.hpp(610,22): warning: 'auto' type specifier is incompatible with C++98 [-Wc++98-compat]
[build]   610 |     static constexpr auto value =
[build]       |                      ^~~~
[build] C:\Users\pperv\code\unnamed_rpg\vendor\json\include\nlohmann/detail/meta/type_traits.hpp(628,57): warning: consecutive right angle brackets are incompatible with C++98 (use '> >') [-Wc++98-compat]
[build]   628 |     enable_if_t<is_complete_type<CompatibleType>::value >>
[build]       |                                                         ^~
[build]       |                                                         > >
[build] C:\Users\pperv\code\unnamed_rpg\vendor\json\include\nlohmann/detail/meta/type_traits.hpp(630,12): warning: 'constexpr' specifier is incompatible with C++98 [-Wc++98-compat]
[build]   630 |     static constexpr bool value =
[build]       |            ^
[build] C:\Users\pperv\code\unnamed_rpg\vendor\json\include\nlohmann/detail/meta/type_traits.hpp(641,12): warning: 'constexpr' specifier is incompatible with C++98 [-Wc++98-compat]
[build]   641 |     static constexpr bool value =
[build]       |            ^
[build] C:\Users\pperv\code\unnamed_rpg\vendor\json\include\nlohmann/detail/meta/type_traits.hpp(643,97): warning: consecutive right angle brackets are incompatible with C++98 (use '> >') [-Wc++98-compat]
[build]   643 |         !std::is_same<typename BasicJsonType::binary_t::container_type, std::vector<std::uint8_t>>::value;
[build]       |                                                                                                 ^~
[build]       |                                                                                                 > >
[build] C:\Users\pperv\code\unnamed_rpg\vendor\json\include\nlohmann/detail/meta/type_traits.hpp(649,22): warning: alias declarations are incompatible with C++98 [-Wc++98-compat]
[build]   649 |     using JsonType = uncvref_t<BasicJsonType>;
[build]       |                      ^
[build] C:\Users\pperv\code\unnamed_rpg\vendor\json\include\nlohmann/detail/meta/type_traits.hpp(650,20): warning: alias declarations are incompatible with C++98 [-Wc++98-compat]
[build]   650 |     using CVType = typename std::remove_reference<CompatibleReferenceType>::type;
[build]       |                    ^
[build] C:\Users\pperv\code\unnamed_rpg\vendor\json\include\nlohmann/detail/meta/type_traits.hpp(651,18): warning: alias declarations are incompatible with C++98 [-Wc++98-compat]
[build]   651 |     using Type = typename std::remove_cv<CVType>::type;
[build]       |                  ^
[build] C:\Users\pperv\code\unnamed_rpg\vendor\json\include\nlohmann/detail/meta/type_traits.hpp(652,5): warning: 'constexpr' specifier is incompatible with C++98 [-Wc++98-compat]
[build]   652 |     constexpr static bool value = std::is_reference<CompatibleReferenceType>::value &&
[build]       |     ^
[build] C:\Users\pperv\code\unnamed_rpg\vendor\json\include\nlohmann/detail/meta/type_traits.hpp(671,31): warning: variadic templates are incompatible with C++98 [-Wc++98-compat]
[build]   671 | template<typename T1, typename... Args>
[build]       |                               ^
[build] C:\Users\pperv\code\unnamed_rpg\vendor\json\include\nlohmann/detail/meta/type_traits.hpp(672,53): warning: consecutive right angle brackets are incompatible with C++98 (use '> >') [-Wc++98-compat]
[build]   672 | struct is_constructible_tuple<T1, std::tuple<Args...>> : conjunction<is_constructible<T1, Args>...> {};
[build]       |                                                     ^~
[build]       |                                                     > >
[build] C:\Users\pperv\code\unnamed_rpg\vendor\json\include\nlohmann/detail/meta/type_traits.hpp(685,28): warning: variadic templates are incompatible with C++98 [-Wc++98-compat]
[build]   685 | template<template <typename...> class Primary, typename T>
[build]       |                            ^
[build] C:\Users\pperv\code\unnamed_rpg\vendor\json\include\nlohmann/detail/meta/type_traits.hpp(688,28): warning: variadic templates are incompatible with C++98 [-Wc++98-compat]
[build]   688 | template<template <typename...> class Primary, typename... Args>
[build]       |                            ^
[build] C:\Users\pperv\code\unnamed_rpg\vendor\json\include\nlohmann/detail/meta/type_traits.hpp(688,56): warning: variadic templates are incompatible with C++98 [-Wc++98-compat]
[build]   688 | template<template <typename...> class Primary, typename... Args>
[build]       |                                                        ^
[build] C:\Users\pperv\code\unnamed_rpg\vendor\json\include\nlohmann/detail/meta/type_traits.hpp(689,53): warning: consecutive right angle brackets are incompatible with C++98 (use '> >') [-Wc++98-compat]
[build]   689 | struct is_specialization_of<Primary, Primary<Args...>> : std::true_type {};
[build]       |                                                     ^~
[build]       |                                                     > >
[build] C:\Users\pperv\code\unnamed_rpg\vendor\json\include\nlohmann/detail/meta/type_traits.hpp(692,25): warning: alias declarations are incompatible with C++98 [-Wc++98-compat]
[build]   692 | using is_json_pointer = is_specialization_of<::nlohmann::json_pointer, uncvref_t<T>>;
[build]       |                         ^
[build] C:\Users\pperv\code\unnamed_rpg\vendor\json\include\nlohmann/detail/meta/type_traits.hpp(692,45): warning: '<::' is treated as digraph '<:' (aka '[') followed by ':' in C++98 [-Wc++98-compat]
[build]   692 | using is_json_pointer = is_specialization_of<::nlohmann::json_pointer, uncvref_t<T>>;
[build]       |                                             ^
[build] C:\Users\pperv\code\unnamed_rpg\vendor\json\include\nlohmann/detail/meta/type_traits.hpp(692,83): warning: consecutive right angle brackets are incompatible with C++98 (use '> >') [-Wc++98-compat]
[build]   692 | using is_json_pointer = is_specialization_of<::nlohmann::json_pointer, uncvref_t<T>>;
[build]       |                                                                                   ^~
[build]       |                                                                                   > >
[build] C:\Users\pperv\code\unnamed_rpg\vendor\json\include\nlohmann/detail/meta/type_traits.hpp(699,56): warning: consecutive right angle brackets are incompatible with C++98 (use '> >') [-Wc++98-compat]
[build]   699 | struct is_json_pointer_of<A, ::nlohmann::json_pointer<A>> : std::true_type {};
[build]       |                                                        ^~
[build]       |                                                        > >
[build] C:\Users\pperv\code\unnamed_rpg\vendor\json\include\nlohmann/detail/meta/type_traits.hpp(712,24): warning: 'decltype' type specifier is incompatible with C++98 [-Wc++98-compat]
[build]   712 | std::is_constructible <decltype(std::declval<Compare>()(std::declval<A>(), std::declval<B>()))>::value
[build]       |                        ^
[build] C:\Users\pperv\code\unnamed_rpg\vendor\json\include\nlohmann/detail/meta/type_traits.hpp(713,27): warning: 'decltype' type specifier is incompatible with C++98 [-Wc++98-compat]
[build]   713 | && std::is_constructible <decltype(std::declval<Compare>()(std::declval<B>(), std::declval<A>()))>::value
[build]       |                           ^
[build] C:\Users\pperv\code\unnamed_rpg\vendor\json\include\nlohmann/detail/meta/type_traits.hpp(714,1): warning: consecutive right angle brackets are incompatible with C++98 (use '> >') [-Wc++98-compat]
[build]   714 | >> : std::true_type {};
[build]       | ^~
[build]       | > >
[build] C:\Users\pperv\code\unnamed_rpg\vendor\json\include\nlohmann/detail/meta/type_traits.hpp(734,31): warning: alias declarations are incompatible with C++98 [-Wc++98-compat]
[build]   734 | using detect_is_transparent = typename T::is_transparent;
[build]       |                               ^
[build] C:\Users\pperv\code\unnamed_rpg\vendor\json\include\nlohmann/detail/meta/type_traits.hpp(739,109): warning: consecutive right angle brackets are incompatible with C++98 (use '> >') [-Wc++98-compat]
[build]   739 |          bool ExcludeObjectKeyType = RequireTransparentComparator, typename KeyType = uncvref_t<KeyTypeCVRef>>
[build]       |                                                                                                             ^~
[build]       |                                                                                                             > >
[build] C:\Users\pperv\code\unnamed_rpg\vendor\json\include\nlohmann/detail/meta/type_traits.hpp(740,31): warning: alias declarations are incompatible with C++98 [-Wc++98-compat]
[build]   740 | using is_usable_as_key_type = typename std::conditional <
[build]       |                               ^
[build] C:\Users\pperv\code\unnamed_rpg\vendor\json\include\nlohmann/detail/meta/type_traits.hpp(757,109): warning: consecutive right angle brackets are incompatible with C++98 (use '> >') [-Wc++98-compat]
[build]   757 |          bool ExcludeObjectKeyType = RequireTransparentComparator, typename KeyType = uncvref_t<KeyTypeCVRef>>
[build]       |                                                                                                             ^~
[build]       |                                                                                                             > >
[build] C:\Users\pperv\code\unnamed_rpg\vendor\json\include\nlohmann/detail/meta/type_traits.hpp(758,42): warning: alias declarations are incompatible with C++98 [-Wc++98-compat]
[build]   758 | using is_usable_as_basic_json_key_type = typename std::conditional <
[build]       |                                          ^
[build] C:\Users\pperv\code\unnamed_rpg\vendor\json\include\nlohmann/detail/meta/type_traits.hpp(770,36): warning: alias declarations are incompatible with C++98 [-Wc++98-compat]
[build]   770 | using detect_erase_with_key_type = decltype(std::declval<ObjectType&>().erase(std::declval<KeyType>()));
[build]       |                                    ^
[build] C:\Users\pperv\code\unnamed_rpg\vendor\json\include\nlohmann/detail/meta/type_traits.hpp(770,36): warning: 'decltype' type specifier is incompatible with C++98 [-Wc++98-compat]
[build] C:\Users\pperv\code\unnamed_rpg\vendor\json\include\nlohmann/detail/meta/type_traits.hpp(774,33): warning: alias declarations are incompatible with C++98 [-Wc++98-compat]
[build]   774 | using has_erase_with_key_type = typename std::conditional <
[build]       |                                 ^
[build] C:\Users\pperv\code\unnamed_rpg\vendor\json\include\nlohmann/detail/meta/type_traits.hpp(786,17): warning: alias declarations are incompatible with C++98 [-Wc++98-compat]
[build]   786 |     using one = char;
[build]       |                 ^
[build] C:\Users\pperv\code\unnamed_rpg\vendor\json\include\nlohmann/detail/meta/type_traits.hpp(793,44): warning: 'decltype' type specifier is incompatible with C++98 [-Wc++98-compat]
[build]   793 |     template <typename C> static one test( decltype(&C::capacity) ) ;
[build]       |                                            ^
[build] C:\Users\pperv\code\unnamed_rpg\vendor\json\include\nlohmann/detail/meta/type_traits.hpp(796,35): warning: 'nullptr' is incompatible with C++98 [-Wc++98-compat]
[build]   796 |     enum { value = sizeof(test<T>(nullptr)) == sizeof(char) }; // NOLINT(cppcoreguidelines-pro-type-vararg,hicpp-vararg,cppcoreguidelines-use-enum-class)
[build]       |                                   ^
[build] C:\Users\pperv\code\unnamed_rpg\vendor\json\include\nlohmann/detail/meta/type_traits.hpp(800,84): warning: default template arguments for a function template are incompatible with C++98 [-Wc++98-compat]
[build]   800 | template < typename T, typename U, enable_if_t < !std::is_same<T, U>::value, int > = 0 >
[build]       |                                                                                    ^ ~
[build] C:\Users\pperv\code\unnamed_rpg\vendor\json\include\nlohmann/detail/meta/type_traits.hpp(806,78): warning: default template arguments for a function template are incompatible with C++98 [-Wc++98-compat]
[build]   806 | template<typename T, typename U, enable_if_t<std::is_same<T, U>::value, int> = 0>
[build]       |                                                                              ^ ~
[build] C:\Users\pperv\code\unnamed_rpg\vendor\json\include\nlohmann/detail/meta/type_traits.hpp(812,18): warning: variadic templates are incompatible with C++98 [-Wc++98-compat]
[build]   812 | template<typename... Types>
[build]       |                  ^
[build] C:\Users\pperv\code\unnamed_rpg\vendor\json\include\nlohmann/detail/meta/type_traits.hpp(813,22): warning: alias declarations are incompatible with C++98 [-Wc++98-compat]
[build]   813 | using all_integral = conjunction<std::is_integral<Types>...>;
[build]       |                      ^
[build] C:\Users\pperv\code\unnamed_rpg\vendor\json\include\nlohmann/detail/meta/type_traits.hpp(815,18): warning: variadic templates are incompatible with C++98 [-Wc++98-compat]
[build]   815 | template<typename... Types>
[build]       |                  ^
[build] C:\Users\pperv\code\unnamed_rpg\vendor\json\include\nlohmann/detail/meta/type_traits.hpp(816,20): warning: alias declarations are incompatible with C++98 [-Wc++98-compat]
[build]   816 | using all_signed = conjunction<std::is_signed<Types>...>;
[build]       |                    ^
[build] C:\Users\pperv\code\unnamed_rpg\vendor\json\include\nlohmann/detail/meta/type_traits.hpp(818,18): warning: variadic templates are incompatible with C++98 [-Wc++98-compat]
[build]   818 | template<typename... Types>
[build]       |                  ^
[build] C:\Users\pperv\code\unnamed_rpg\vendor\json\include\nlohmann/detail/meta/type_traits.hpp(819,22): warning: alias declarations are incompatible with C++98 [-Wc++98-compat]
[build]   819 | using all_unsigned = conjunction<std::is_unsigned<Types>...>;
[build]       |                      ^
[build] C:\Users\pperv\code\unnamed_rpg\vendor\json\include\nlohmann/detail/meta/type_traits.hpp(822,18): warning: variadic templates are incompatible with C++98 [-Wc++98-compat]
[build]   822 | template<typename... Types>
[build]       |                  ^
[build] C:\Users\pperv\code\unnamed_rpg\vendor\json\include\nlohmann/detail/meta/type_traits.hpp(823,19): warning: alias declarations are incompatible with C++98 [-Wc++98-compat]
[build]   823 | using same_sign = std::integral_constant < bool,
[build]       |                   ^
[build] C:\Users\pperv\code\unnamed_rpg\vendor\json\include\nlohmann/detail/meta/type_traits.hpp(827,28): warning: alias declarations are incompatible with C++98 [-Wc++98-compat]
[build]   827 | using never_out_of_range = std::integral_constant < bool,
[build]       |                            ^
[build] C:\Users\pperv\code\unnamed_rpg\vendor\json\include\nlohmann/detail/meta/type_traits.hpp(839,12): warning: 'constexpr' specifier is incompatible with C++98 [-Wc++98-compat]
[build]   839 |     static constexpr bool test(T val)
[build]       |            ^
[build] C:\Users\pperv\code\unnamed_rpg\vendor\json\include\nlohmann/detail/meta/type_traits.hpp(841,28): warning: alias declarations are incompatible with C++98 [-Wc++98-compat]
[build]   841 |         using CommonType = typename std::common_type<OfType, T>::type;
[build]       |                            ^
[build] C:\Users\pperv\code\unnamed_rpg\vendor\json\include\nlohmann/detail/meta/type_traits.hpp(849,12): warning: 'constexpr' specifier is incompatible with C++98 [-Wc++98-compat]
[build]   849 |     static constexpr bool test(T val)
[build]       |            ^
[build] C:\Users\pperv\code\unnamed_rpg\vendor\json\include\nlohmann/detail/meta/type_traits.hpp(851,28): warning: alias declarations are incompatible with C++98 [-Wc++98-compat]
[build]   851 |         using CommonType = typename std::common_type<OfType, T>::type;
[build]       |                            ^
[build] C:\Users\pperv\code\unnamed_rpg\vendor\json\include\nlohmann/detail/meta/type_traits.hpp(859,12): warning: 'constexpr' specifier is incompatible with C++98 [-Wc++98-compat]
[build]   859 |     static constexpr bool test(T val)
[build]       |            ^
[build] C:\Users\pperv\code\unnamed_rpg\vendor\json\include\nlohmann/detail/meta/type_traits.hpp(861,28): warning: alias declarations are incompatible with C++98 [-Wc++98-compat]
[build]   861 |         using CommonType = typename std::common_type<OfType, T>::type;
[build]       |                            ^
[build] C:\Users\pperv\code\unnamed_rpg\vendor\json\include\nlohmann/detail/meta/type_traits.hpp(869,12): warning: 'constexpr' specifier is incompatible with C++98 [-Wc++98-compat]
[build]   869 |     static constexpr bool test(T val)
[build]       |            ^
[build] C:\Users\pperv\code\unnamed_rpg\vendor\json\include\nlohmann/detail/meta/type_traits.hpp(871,28): warning: alias declarations are incompatible with C++98 [-Wc++98-compat]
[build]   871 |         using CommonType = typename std::common_type<OfType, T>::type;
[build]       |                            ^
[build] C:\Users\pperv\code\unnamed_rpg\vendor\json\include\nlohmann/detail/meta/type_traits.hpp(879,71): warning: consecutive right angle brackets are incompatible with C++98 (use '> >') [-Wc++98-compat]
[build]   879 |          typename = detail::enable_if_t<all_integral<OfType, T>::value>>
[build]       |                                                                       ^~
[build]       |                                                                       > >
[build] C:\Users\pperv\code\unnamed_rpg\vendor\json\include\nlohmann/detail/meta/type_traits.hpp(885,12): warning: 'constexpr' specifier is incompatible with C++98 [-Wc++98-compat]
[build]   885 |     static constexpr bool test(T val)
[build]       |            ^
[build] C:\Users\pperv\code\unnamed_rpg\vendor\json\include\nlohmann/detail/meta/type_traits.hpp(894,12): warning: 'constexpr' specifier is incompatible with C++98 [-Wc++98-compat]
[build]   894 |     static constexpr bool test(T /*val*/)
[build]       |            ^
[build] C:\Users\pperv\code\unnamed_rpg\vendor\json\include\nlohmann/detail/meta/type_traits.hpp(901,1): warning: 'constexpr' specifier is incompatible with C++98 [-Wc++98-compat]
[build]   901 | constexpr bool value_in_range_of(T val)
[build]       | ^
[build] C:\Users\pperv\code\unnamed_rpg\vendor\json\include\nlohmann/detail/meta/type_traits.hpp(907,23): warning: alias declarations are incompatible with C++98 [-Wc++98-compat]
[build]   907 | using bool_constant = std::integral_constant<bool, Value>;
[build]       |                       ^
[build] C:\Users\pperv\code\unnamed_rpg\vendor\json\include\nlohmann/detail/meta/type_traits.hpp(917,1): warning: 'constexpr' specifier is incompatible with C++98 [-Wc++98-compat]
[build]   917 | constexpr bool is_c_string()
[build]       | ^
[build] C:\Users\pperv\code\unnamed_rpg\vendor\json\include\nlohmann/detail/meta/type_traits.hpp(919,20): warning: alias declarations are incompatible with C++98 [-Wc++98-compat]
[build]   919 |     using TUnExt = typename std::remove_extent<T>::type;
[build]       |                    ^
[build] C:\Users\pperv\code\unnamed_rpg\vendor\json\include\nlohmann/detail/meta/type_traits.hpp(920,22): warning: alias declarations are incompatible with C++98 [-Wc++98-compat]
[build]   920 |     using TUnCVExt = typename std::remove_cv<TUnExt>::type;
[build]       |                      ^
[build] C:\Users\pperv\code\unnamed_rpg\vendor\json\include\nlohmann/detail/meta/type_traits.hpp(921,20): warning: alias declarations are incompatible with C++98 [-Wc++98-compat]
[build]   921 |     using TUnPtr = typename std::remove_pointer<T>::type;
[build]       |                    ^
[build] C:\Users\pperv\code\unnamed_rpg\vendor\json\include\nlohmann/detail/meta/type_traits.hpp(922,22): warning: alias declarations are incompatible with C++98 [-Wc++98-compat]
[build]   922 |     using TUnCVPtr = typename std::remove_cv<TUnPtr>::type;
[build]       |                      ^
[build] C:\Users\pperv\code\unnamed_rpg\vendor\json\include\nlohmann/detail/meta/type_traits.hpp(935,29): warning: alias declarations are incompatible with C++98 [-Wc++98-compat]
[build]   935 | using is_c_string_uncvref = is_c_string<uncvref_t<T>>;
[build]       |                             ^
[build] C:\Users\pperv\code\unnamed_rpg\vendor\json\include\nlohmann/detail/meta/type_traits.hpp(935,52): warning: consecutive right angle brackets are incompatible with C++98 (use '> >') [-Wc++98-compat]
[build]   935 | using is_c_string_uncvref = is_c_string<uncvref_t<T>>;
[build]       |                                                    ^~
[build]       |                                                    > >
[build] C:\Users\pperv\code\unnamed_rpg\vendor\json\include\nlohmann/detail/meta/type_traits.hpp(945,1): warning: 'constexpr' specifier is incompatible with C++98 [-Wc++98-compat]
[build]   945 | constexpr bool is_transparent()
[build]       | ^
[build] In file included from C:\Users\pperv\code\unnamed_rpg\vendor\json-schema-validator\src\json-schema-draft7.json.cpp:9:
[build] In file included from C:\Users\pperv\code\unnamed_rpg\vendor\json\include\nlohmann/json.hpp:44:
[build] In file included from C:\Users\pperv\code\unnamed_rpg\vendor\json\include\nlohmann/adl_serializer.hpp:14:
[build] In file included from C:\Users\pperv\code\unnamed_rpg\vendor\json\include\nlohmann/detail/conversions/from_json.hpp:24:
[build] In file included from C:\Users\pperv\code\unnamed_rpg\vendor\json\include\nlohmann/detail/exceptions.hpp:26:
[build] C:\Users\pperv\code\unnamed_rpg\vendor\json\include\nlohmann/detail/string_concat.hpp(18,1): warning: empty macro arguments are incompatible with C++98 [-Wc++98-compat-pedantic]
[build]    18 | NLOHMANN_JSON_NAMESPACE_BEGIN
[build]       | ^
[build] C:\Users\pperv\code\unnamed_rpg\vendor\json\include\nlohmann/detail/abi_macros.hpp(102,17): note: expanded from macro 'NLOHMANN_JSON_NAMESPACE_BEGIN'
[build]   102 |                 NLOHMANN_JSON_ABI_TAGS,              \
[build]       |                 ^
[build] C:\Users\pperv\code\unnamed_rpg\vendor\json\include\nlohmann/detail/abi_macros.hpp(65,5): note: expanded from macro 'NLOHMANN_JSON_ABI_TAGS'
[build]    65 |     NLOHMANN_JSON_ABI_TAGS_CONCAT(                                   \
[build]       |     ^
[build] C:\Users\pperv\code\unnamed_rpg\vendor\json\include\nlohmann/detail/abi_macros.hpp(62,39): note: expanded from macro 'NLOHMANN_JSON_ABI_TAGS_CONCAT'
[build]    62 |     NLOHMANN_JSON_ABI_TAGS_CONCAT_EX(a, b, c)
[build]       |                                       ^
[build] In file included from C:\Users\pperv\code\unnamed_rpg\vendor\json-schema-validator\src\json-schema-draft7.json.cpp:9:
[build] In file included from C:\Users\pperv\code\unnamed_rpg\vendor\json\include\nlohmann/json.hpp:44:
[build] In file included from C:\Users\pperv\code\unnamed_rpg\vendor\json\include\nlohmann/adl_serializer.hpp:14:
[build] In file included from C:\Users\pperv\code\unnamed_rpg\vendor\json\include\nlohmann/detail/conversions/from_json.hpp:24:
[build] In file included from C:\Users\pperv\code\unnamed_rpg\vendor\json\include\nlohmann/detail/exceptions.hpp:26:
[build] C:\Users\pperv\code\unnamed_rpg\vendor\json\include\nlohmann/detail/string_concat.hpp(18,1): warning: empty macro arguments are incompatible with C++98 [-Wc++98-compat-pedantic]
[build] C:\Users\pperv\code\unnamed_rpg\vendor\json\include\nlohmann/detail/abi_macros.hpp(102,17): note: expanded from macro 'NLOHMANN_JSON_NAMESPACE_BEGIN'
[build]   102 |                 NLOHMANN_JSON_ABI_TAGS,              \
[build]       |                 ^
[build] C:\Users\pperv\code\unnamed_rpg\vendor\json\include\nlohmann/detail/abi_macros.hpp(65,5): note: expanded from macro 'NLOHMANN_JSON_ABI_TAGS'
[build]    65 |     NLOHMANN_JSON_ABI_TAGS_CONCAT(                                   \
[build]       |     ^
[build] C:\Users\pperv\code\unnamed_rpg\vendor\json\include\nlohmann/detail/abi_macros.hpp(62,42): note: expanded from macro 'NLOHMANN_JSON_ABI_TAGS_CONCAT'
[build]    62 |     NLOHMANN_JSON_ABI_TAGS_CONCAT_EX(a, b, c)
[build]       |                                          ^
[build] In file included from C:\Users\pperv\code\unnamed_rpg\vendor\json-schema-validator\src\json-schema-draft7.json.cpp:9:
[build] In file included from C:\Users\pperv\code\unnamed_rpg\vendor\json\include\nlohmann/json.hpp:44:
[build] In file included from C:\Users\pperv\code\unnamed_rpg\vendor\json\include\nlohmann/adl_serializer.hpp:14:
[build] In file included from C:\Users\pperv\code\unnamed_rpg\vendor\json\include\nlohmann/detail/conversions/from_json.hpp:24:
[build] In file included from C:\Users\pperv\code\unnamed_rpg\vendor\json\include\nlohmann/detail/exceptions.hpp:26:
[build] C:\Users\pperv\code\unnamed_rpg\vendor\json\include\nlohmann/detail/string_concat.hpp(18,1): warning: empty macro arguments are incompatible with C++98 [-Wc++98-compat-pedantic]
[build] C:\Users\pperv\code\unnamed_rpg\vendor\json\include\nlohmann/detail/abi_macros.hpp(102,17): note: expanded from macro 'NLOHMANN_JSON_NAMESPACE_BEGIN'
[build]   102 |                 NLOHMANN_JSON_ABI_TAGS,              \
[build]       |                 ^
[build] C:\Users\pperv\code\unnamed_rpg\vendor\json\include\nlohmann/detail/abi_macros.hpp(65,5): note: expanded from macro 'NLOHMANN_JSON_ABI_TAGS'
[build]    65 |     NLOHMANN_JSON_ABI_TAGS_CONCAT(                                   \
[build]       |     ^
[build] C:\Users\pperv\code\unnamed_rpg\vendor\json\include\nlohmann/detail/abi_macros.hpp(62,45): note: expanded from macro 'NLOHMANN_JSON_ABI_TAGS_CONCAT'
[build]    62 |     NLOHMANN_JSON_ABI_TAGS_CONCAT_EX(a, b, c)
[build]       |                                             ^
[build] In file included from C:\Users\pperv\code\unnamed_rpg\vendor\json-schema-validator\src\json-schema-draft7.json.cpp:9:
[build] In file included from C:\Users\pperv\code\unnamed_rpg\vendor\json\include\nlohmann/json.hpp:44:
[build] In file included from C:\Users\pperv\code\unnamed_rpg\vendor\json\include\nlohmann/adl_serializer.hpp:14:
[build] In file included from C:\Users\pperv\code\unnamed_rpg\vendor\json\include\nlohmann/detail/conversions/from_json.hpp:24:
[build] In file included from C:\Users\pperv\code\unnamed_rpg\vendor\json\include\nlohmann/detail/exceptions.hpp:26:
[build] C:\Users\pperv\code\unnamed_rpg\vendor\json\include\nlohmann/detail/string_concat.hpp(18,1): warning: inline namespaces are incompatible with C++98 [-Wc++98-compat]
[build] C:\Users\pperv\code\unnamed_rpg\vendor\json\include\nlohmann/detail/abi_macros.hpp(101,5): note: expanded from macro 'NLOHMANN_JSON_NAMESPACE_BEGIN'
[build]   101 |     inline namespace NLOHMANN_JSON_NAMESPACE_CONCAT( \
[build]       |     ^
[build] In file included from C:\Users\pperv\code\unnamed_rpg\vendor\json-schema-validator\src\json-schema-draft7.json.cpp:9:
[build] In file included from C:\Users\pperv\code\unnamed_rpg\vendor\json\include\nlohmann/json.hpp:44:
[build] In file included from C:\Users\pperv\code\unnamed_rpg\vendor\json\include\nlohmann/adl_serializer.hpp:14:
[build] In file included from C:\Users\pperv\code\unnamed_rpg\vendor\json\include\nlohmann/detail/conversions/from_json.hpp:24:
[build] In file included from C:\Users\pperv\code\unnamed_rpg\vendor\json\include\nlohmann/detail/exceptions.hpp:26:
[build] C:\Users\pperv\code\unnamed_rpg\vendor\json\include\nlohmann/detail/string_concat.hpp(27,18): warning: variadic templates are incompatible with C++98 [-Wc++98-compat]
[build]    27 | template<typename... Args>
[build]       |                  ^
[build] C:\Users\pperv\code\unnamed_rpg\vendor\json\include\nlohmann/detail/string_concat.hpp(30,39): warning: variadic templates are incompatible with C++98 [-Wc++98-compat]
[build]    30 | template<typename StringType, typename... Args>
[build]       |                                       ^
[build] C:\Users\pperv\code\unnamed_rpg\vendor\json\include\nlohmann/detail/string_concat.hpp(33,18): warning: variadic templates are incompatible with C++98 [-Wc++98-compat]
[build]    33 | template<typename... Args>
[build]       |                  ^
[build] C:\Users\pperv\code\unnamed_rpg\vendor\json\include\nlohmann/detail/string_concat.hpp(39,18): warning: variadic templates are incompatible with C++98 [-Wc++98-compat]
[build]    39 | template<typename... Args>
[build]       |                  ^
[build] C:\Users\pperv\code\unnamed_rpg\vendor\json\include\nlohmann/detail/string_concat.hpp(46,39): warning: variadic templates are incompatible with C++98 [-Wc++98-compat]
[build]    46 | template<typename StringType, typename... Args>
[build]       |                                       ^
[build] C:\Users\pperv\code\unnamed_rpg\vendor\json\include\nlohmann/detail/string_concat.hpp(57,27): warning: alias declarations are incompatible with C++98 [-Wc++98-compat]
[build]    57 | using string_can_append = decltype(std::declval<StringType&>().append(std::declval < Arg && > ()));
[build]       |                           ^
[build] C:\Users\pperv\code\unnamed_rpg\vendor\json\include\nlohmann/detail/string_concat.hpp(57,27): warning: 'decltype' type specifier is incompatible with C++98 [-Wc++98-compat]
[build] C:\Users\pperv\code\unnamed_rpg\vendor\json\include\nlohmann/detail/string_concat.hpp(57,90): warning: rvalue references are incompatible with C++98 [-Wc++98-compat]
[build]    57 | using string_can_append = decltype(std::declval<StringType&>().append(std::declval < Arg && > ()));
[build]       |                                                                                          ^
[build] C:\Users\pperv\code\unnamed_rpg\vendor\json\include\nlohmann/detail/string_concat.hpp(60,34): warning: alias declarations are incompatible with C++98 [-Wc++98-compat]
[build]    60 | using detect_string_can_append = is_detected<string_can_append, StringType, Arg>;
[build]       |                                  ^
[build] C:\Users\pperv\code\unnamed_rpg\vendor\json\include\nlohmann/detail/string_concat.hpp(63,30): warning: alias declarations are incompatible with C++98 [-Wc++98-compat]
[build]    63 | using string_can_append_op = decltype(std::declval<StringType&>() += std::declval < Arg && > ());
[build]       |                              ^
[build] C:\Users\pperv\code\unnamed_rpg\vendor\json\include\nlohmann/detail/string_concat.hpp(63,30): warning: 'decltype' type specifier is incompatible with C++98 [-Wc++98-compat]
[build] C:\Users\pperv\code\unnamed_rpg\vendor\json\include\nlohmann/detail/string_concat.hpp(63,89): warning: rvalue references are incompatible with C++98 [-Wc++98-compat]
[build]    63 | using string_can_append_op = decltype(std::declval<StringType&>() += std::declval < Arg && > ());
[build]       |                                                                                         ^
[build] C:\Users\pperv\code\unnamed_rpg\vendor\json\include\nlohmann/detail/string_concat.hpp(66,37): warning: alias declarations are incompatible with C++98 [-Wc++98-compat]
[build]    66 | using detect_string_can_append_op = is_detected<string_can_append_op, StringType, Arg>;
[build]       |                                     ^
[build] C:\Users\pperv\code\unnamed_rpg\vendor\json\include\nlohmann/detail/string_concat.hpp(69,32): warning: alias declarations are incompatible with C++98 [-Wc++98-compat]
[build]    69 | using string_can_append_iter = decltype(std::declval<StringType&>().append(std::declval<const Arg&>().begin(), std::declval<const Arg&>().end()));
[build]       |                                ^
[build] C:\Users\pperv\code\unnamed_rpg\vendor\json\include\nlohmann/detail/string_concat.hpp(69,32): warning: 'decltype' type specifier is incompatible with C++98 [-Wc++98-compat]
[build] C:\Users\pperv\code\unnamed_rpg\vendor\json\include\nlohmann/detail/string_concat.hpp(72,39): warning: alias declarations are incompatible with C++98 [-Wc++98-compat]
[build]    72 | using detect_string_can_append_iter = is_detected<string_can_append_iter, StringType, Arg>;
[build]       |                                       ^
[build] C:\Users\pperv\code\unnamed_rpg\vendor\json\include\nlohmann/detail/string_concat.hpp(75,32): warning: alias declarations are incompatible with C++98 [-Wc++98-compat]
[build]    75 | using string_can_append_data = decltype(std::declval<StringType&>().append(std::declval<const Arg&>().data(), std::declval<const Arg&>().size()));
[build]       |                                ^
[build] C:\Users\pperv\code\unnamed_rpg\vendor\json\include\nlohmann/detail/string_concat.hpp(75,32): warning: 'decltype' type specifier is incompatible with C++98 [-Wc++98-compat]
[build] C:\Users\pperv\code\unnamed_rpg\vendor\json\include\nlohmann/detail/string_concat.hpp(78,39): warning: alias declarations are incompatible with C++98 [-Wc++98-compat]
[build]    78 | using detect_string_can_append_data = is_detected<string_can_append_data, StringType, Arg>;
[build]       |                                       ^
[build] C:\Users\pperv\code\unnamed_rpg\vendor\json\include\nlohmann/detail/string_concat.hpp(80,58): warning: variadic templates are incompatible with C++98 [-Wc++98-compat]
[build]    80 | template < typename OutStringType, typename Arg, typename... Args,
[build]       |                                                          ^
[build] C:\Users\pperv\code\unnamed_rpg\vendor\json\include\nlohmann/detail/string_concat.hpp(83,49): warning: rvalue references are incompatible with C++98 [-Wc++98-compat]
[build]    83 | inline void concat_into(OutStringType& out, Arg && arg, Args && ... rest);
[build]       |                                                 ^
[build] C:\Users\pperv\code\unnamed_rpg\vendor\json\include\nlohmann/detail/string_concat.hpp(83,62): warning: rvalue references are incompatible with C++98 [-Wc++98-compat]
[build]    83 | inline void concat_into(OutStringType& out, Arg && arg, Args && ... rest);
[build]       |                                                              ^
[build] C:\Users\pperv\code\unnamed_rpg\vendor\json\include\nlohmann/detail/string_concat.hpp(82,91): warning: default template arguments for a function template are incompatible with C++98 [-Wc++98-compat]
[build]    82 |                          && detect_string_can_append_op<OutStringType, Arg>::value, int > = 0 >
[build]       |                                                                                           ^ ~
[build] C:\Users\pperv\code\unnamed_rpg\vendor\json\include\nlohmann/detail/string_concat.hpp(85,58): warning: variadic templates are incompatible with C++98 [-Wc++98-compat]
[build]    85 | template < typename OutStringType, typename Arg, typename... Args,
[build]       |                                                          ^
[build] C:\Users\pperv\code\unnamed_rpg\vendor\json\include\nlohmann/detail/string_concat.hpp(89,66): warning: rvalue references are incompatible with C++98 [-Wc++98-compat]
[build]    89 | inline void concat_into(OutStringType& out, const Arg& arg, Args && ... rest);
[build]       |                                                                  ^
[build] C:\Users\pperv\code\unnamed_rpg\vendor\json\include\nlohmann/detail/string_concat.hpp(88,93): warning: default template arguments for a function template are incompatible with C++98 [-Wc++98-compat]
[build]    88 |                          && detect_string_can_append_iter<OutStringType, Arg>::value, int > = 0 >
[build]       |                                                                                             ^ ~
[build] C:\Users\pperv\code\unnamed_rpg\vendor\json\include\nlohmann/detail/string_concat.hpp(91,58): warning: variadic templates are incompatible with C++98 [-Wc++98-compat]
[build]    91 | template < typename OutStringType, typename Arg, typename... Args,
[build]       |                                                          ^
[build] C:\Users\pperv\code\unnamed_rpg\vendor\json\include\nlohmann/detail/string_concat.hpp(96,66): warning: rvalue references are incompatible with C++98 [-Wc++98-compat]
[build]    96 | inline void concat_into(OutStringType& out, const Arg& arg, Args && ... rest);
[build]       |                                                                  ^
[build] C:\Users\pperv\code\unnamed_rpg\vendor\json\include\nlohmann/detail/string_concat.hpp(95,93): warning: default template arguments for a function template are incompatible with C++98 [-Wc++98-compat]
[build]    95 |                          && detect_string_can_append_data<OutStringType, Arg>::value, int > = 0 >
[build]       |                                                                                             ^ ~
[build] C:\Users\pperv\code\unnamed_rpg\vendor\json\include\nlohmann/detail/string_concat.hpp(98,56): warning: variadic templates are incompatible with C++98 [-Wc++98-compat]
[build]    98 | template<typename OutStringType, typename Arg, typename... Args,
[build]       |                                                        ^
[build] C:\Users\pperv\code\unnamed_rpg\vendor\json\include\nlohmann/detail/string_concat.hpp(100,49): warning: rvalue references are incompatible with C++98 [-Wc++98-compat]
[build]   100 | inline void concat_into(OutStringType& out, Arg && arg, Args && ... rest)
[build]       |                                                 ^
[build] C:\Users\pperv\code\unnamed_rpg\vendor\json\include\nlohmann/detail/string_concat.hpp(100,62): warning: rvalue references are incompatible with C++98 [-Wc++98-compat]
[build]   100 | inline void concat_into(OutStringType& out, Arg && arg, Args && ... rest)
[build]       |                                                              ^
[build] C:\Users\pperv\code\unnamed_rpg\vendor\json\include\nlohmann/detail/string_concat.hpp(99,80): warning: default template arguments for a function template are incompatible with C++98 [-Wc++98-compat]
[build]    99 |          enable_if_t<detect_string_can_append<OutStringType, Arg>::value, int> = 0>
[build]       |                                                                                ^ ~
[build] C:\Users\pperv\code\unnamed_rpg\vendor\json\include\nlohmann/detail/string_concat.hpp(106,58): warning: variadic templates are incompatible with C++98 [-Wc++98-compat]
[build]   106 | template < typename OutStringType, typename Arg, typename... Args,
[build]       |                                                          ^
[build] C:\Users\pperv\code\unnamed_rpg\vendor\json\include\nlohmann/detail/string_concat.hpp(109,48): warning: rvalue references are incompatible with C++98 [-Wc++98-compat]
[build]   109 | inline void concat_into(OutStringType& out, Arg&& arg, Args&& ... rest)
[build]       |                                                ^
[build] C:\Users\pperv\code\unnamed_rpg\vendor\json\include\nlohmann/detail/string_concat.hpp(109,60): warning: rvalue references are incompatible with C++98 [-Wc++98-compat]
[build]   109 | inline void concat_into(OutStringType& out, Arg&& arg, Args&& ... rest)
[build]       |                                                            ^
[build] C:\Users\pperv\code\unnamed_rpg\vendor\json\include\nlohmann/detail/string_concat.hpp(115,58): warning: variadic templates are incompatible with C++98 [-Wc++98-compat]
[build]   115 | template < typename OutStringType, typename Arg, typename... Args,
[build]       |                                                          ^
[build] C:\Users\pperv\code\unnamed_rpg\vendor\json\include\nlohmann/detail/string_concat.hpp(119,65): warning: rvalue references are incompatible with C++98 [-Wc++98-compat]
[build]   119 | inline void concat_into(OutStringType& out, const Arg& arg, Args&& ... rest)
[build]       |                                                                 ^
[build] C:\Users\pperv\code\unnamed_rpg\vendor\json\include\nlohmann/detail/string_concat.hpp(125,58): warning: variadic templates are incompatible with C++98 [-Wc++98-compat]
[build]   125 | template < typename OutStringType, typename Arg, typename... Args,
[build]       |                                                          ^
[build] C:\Users\pperv\code\unnamed_rpg\vendor\json\include\nlohmann/detail/string_concat.hpp(130,65): warning: rvalue references are incompatible with C++98 [-Wc++98-compat]
[build]   130 | inline void concat_into(OutStringType& out, const Arg& arg, Args&& ... rest)
[build]       |                                                                 ^
[build] C:\Users\pperv\code\unnamed_rpg\vendor\json\include\nlohmann/detail/string_concat.hpp(136,56): warning: variadic templates are incompatible with C++98 [-Wc++98-compat]
[build]   136 | template<typename OutStringType = std::string, typename... Args>
[build]       |                                                        ^
[build] C:\Users\pperv\code\unnamed_rpg\vendor\json\include\nlohmann/detail/string_concat.hpp(137,34): warning: rvalue references are incompatible with C++98 [-Wc++98-compat]
[build]   137 | inline OutStringType concat(Args && ... args)
[build]       |                                  ^
[build] C:\Users\pperv\code\unnamed_rpg\vendor\json\include\nlohmann/detail/string_concat.hpp(136,19): warning: default template arguments for a function template are incompatible with C++98 [-Wc++98-compat]
[build]   136 | template<typename OutStringType = std::string, typename... Args>
[build]       |                   ^               ~~~~~~~~~~~
[build] In file included from C:\Users\pperv\code\unnamed_rpg\vendor\json-schema-validator\src\json-schema-draft7.json.cpp:9:
[build] In file included from C:\Users\pperv\code\unnamed_rpg\vendor\json\include\nlohmann/json.hpp:44:
[build] In file included from C:\Users\pperv\code\unnamed_rpg\vendor\json\include\nlohmann/adl_serializer.hpp:14:
[build] In file included from C:\Users\pperv\code\unnamed_rpg\vendor\json\include\nlohmann/detail/conversions/from_json.hpp:24:
[build] C:\Users\pperv\code\unnamed_rpg\vendor\json\include\nlohmann/detail/exceptions.hpp(40,1): warning: empty macro arguments are incompatible with C++98 [-Wc++98-compat-pedantic]
[build]    40 | NLOHMANN_JSON_NAMESPACE_BEGIN
[build]       | ^
[build] C:\Users\pperv\code\unnamed_rpg\vendor\json\include\nlohmann/detail/abi_macros.hpp(102,17): note: expanded from macro 'NLOHMANN_JSON_NAMESPACE_BEGIN'
[build]   102 |                 NLOHMANN_JSON_ABI_TAGS,              \
[build]       |                 ^
[build] C:\Users\pperv\code\unnamed_rpg\vendor\json\include\nlohmann/detail/abi_macros.hpp(65,5): note: expanded from macro 'NLOHMANN_JSON_ABI_TAGS'
[build]    65 |     NLOHMANN_JSON_ABI_TAGS_CONCAT(                                   \
[build]       |     ^
[build] C:\Users\pperv\code\unnamed_rpg\vendor\json\include\nlohmann/detail/abi_macros.hpp(62,39): note: expanded from macro 'NLOHMANN_JSON_ABI_TAGS_CONCAT'
[build]    62 |     NLOHMANN_JSON_ABI_TAGS_CONCAT_EX(a, b, c)
[build]       |                                       ^
[build] In file included from C:\Users\pperv\code\unnamed_rpg\vendor\json-schema-validator\src\json-schema-draft7.json.cpp:9:
[build] In file included from C:\Users\pperv\code\unnamed_rpg\vendor\json\include\nlohmann/json.hpp:44:
[build] In file included from C:\Users\pperv\code\unnamed_rpg\vendor\json\include\nlohmann/adl_serializer.hpp:14:
[build] In file included from C:\Users\pperv\code\unnamed_rpg\vendor\json\include\nlohmann/detail/conversions/from_json.hpp:24:
[build] C:\Users\pperv\code\unnamed_rpg\vendor\json\include\nlohmann/detail/exceptions.hpp(40,1): warning: empty macro arguments are incompatible with C++98 [-Wc++98-compat-pedantic]
[build] C:\Users\pperv\code\unnamed_rpg\vendor\json\include\nlohmann/detail/abi_macros.hpp(102,17): note: expanded from macro 'NLOHMANN_JSON_NAMESPACE_BEGIN'
[build]   102 |                 NLOHMANN_JSON_ABI_TAGS,              \
[build]       |                 ^
[build] C:\Users\pperv\code\unnamed_rpg\vendor\json\include\nlohmann/detail/abi_macros.hpp(65,5): note: expanded from macro 'NLOHMANN_JSON_ABI_TAGS'
[build]    65 |     NLOHMANN_JSON_ABI_TAGS_CONCAT(                                   \
[build]       |     ^
[build] C:\Users\pperv\code\unnamed_rpg\vendor\json\include\nlohmann/detail/abi_macros.hpp(62,42): note: expanded from macro 'NLOHMANN_JSON_ABI_TAGS_CONCAT'
[build]    62 |     NLOHMANN_JSON_ABI_TAGS_CONCAT_EX(a, b, c)
[build]       |                                          ^
[build] In file included from C:\Users\pperv\code\unnamed_rpg\vendor\json-schema-validator\src\json-schema-draft7.json.cpp:9:
[build] In file included from C:\Users\pperv\code\unnamed_rpg\vendor\json\include\nlohmann/json.hpp:44:
[build] In file included from C:\Users\pperv\code\unnamed_rpg\vendor\json\include\nlohmann/adl_serializer.hpp:14:
[build] In file included from C:\Users\pperv\code\unnamed_rpg\vendor\json\include\nlohmann/detail/conversions/from_json.hpp:24:
[build] C:\Users\pperv\code\unnamed_rpg\vendor\json\include\nlohmann/detail/exceptions.hpp(40,1): warning: empty macro arguments are incompatible with C++98 [-Wc++98-compat-pedantic]
[build] C:\Users\pperv\code\unnamed_rpg\vendor\json\include\nlohmann/detail/abi_macros.hpp(102,17): note: expanded from macro 'NLOHMANN_JSON_NAMESPACE_BEGIN'
[build]   102 |                 NLOHMANN_JSON_ABI_TAGS,              \
[build]       |                 ^
[build] C:\Users\pperv\code\unnamed_rpg\vendor\json\include\nlohmann/detail/abi_macros.hpp(65,5): note: expanded from macro 'NLOHMANN_JSON_ABI_TAGS'
[build]    65 |     NLOHMANN_JSON_ABI_TAGS_CONCAT(                                   \
[build]       |     ^
[build] C:\Users\pperv\code\unnamed_rpg\vendor\json\include\nlohmann/detail/abi_macros.hpp(62,45): note: expanded from macro 'NLOHMANN_JSON_ABI_TAGS_CONCAT'
[build]    62 |     NLOHMANN_JSON_ABI_TAGS_CONCAT_EX(a, b, c)
[build]       |                                             ^
[build] In file included from C:\Users\pperv\code\unnamed_rpg\vendor\json-schema-validator\src\json-schema-draft7.json.cpp:9:
[build] In file included from C:\Users\pperv\code\unnamed_rpg\vendor\json\include\nlohmann/json.hpp:44:
[build] In file included from C:\Users\pperv\code\unnamed_rpg\vendor\json\include\nlohmann/adl_serializer.hpp:14:
[build] In file included from C:\Users\pperv\code\unnamed_rpg\vendor\json\include\nlohmann/detail/conversions/from_json.hpp:24:
[build] C:\Users\pperv\code\unnamed_rpg\vendor\json\include\nlohmann/detail/exceptions.hpp(40,1): warning: inline namespaces are incompatible with C++98 [-Wc++98-compat]
[build] C:\Users\pperv\code\unnamed_rpg\vendor\json\include\nlohmann/detail/abi_macros.hpp(101,5): note: expanded from macro 'NLOHMANN_JSON_NAMESPACE_BEGIN'
[build]   101 |     inline namespace NLOHMANN_JSON_NAMESPACE_CONCAT( \
[build]       |     ^
[build] In file included from C:\Users\pperv\code\unnamed_rpg\vendor\json-schema-validator\src\json-schema-draft7.json.cpp:9:
[build] In file included from C:\Users\pperv\code\unnamed_rpg\vendor\json\include\nlohmann/json.hpp:44:
[build] In file included from C:\Users\pperv\code\unnamed_rpg\vendor\json\include\nlohmann/adl_serializer.hpp:14:
[build] In file included from C:\Users\pperv\code\unnamed_rpg\vendor\json\include\nlohmann/detail/conversions/from_json.hpp:24:
[build] C:\Users\pperv\code\unnamed_rpg\vendor\json\include\nlohmann/detail/exceptions.hpp(54,39): warning: noexcept specifications are incompatible with C++98 [-Wc++98-compat]
[build]    54 |     const char* what() const noexcept override
[build]       |                                       ^
[build] C:\Users\pperv\code\unnamed_rpg\vendor\json\include\nlohmann/detail/exceptions.hpp(54,39): warning: 'override' keyword is incompatible with C++98 [-Wc++98-compat]
[build] C:\Users\pperv\code\unnamed_rpg\vendor\json\include\nlohmann/detail/exceptions.hpp(178,106): warning: default template arguments for a function template are incompatible with C++98 [-Wc++98-compat]
[build]   178 |     template<typename BasicJsonContext, enable_if_t<is_basic_json_context<BasicJsonContext>::value, int> = 0>
[build]       |                                                                                                          ^ ~
[build] C:\Users\pperv\code\unnamed_rpg\vendor\json\include\nlohmann/detail/exceptions.hpp(186,106): warning: default template arguments for a function template are incompatible with C++98 [-Wc++98-compat]
[build]   186 |     template<typename BasicJsonContext, enable_if_t<is_basic_json_context<BasicJsonContext>::value, int> = 0>
[build]       |                                                                                                          ^ ~
[build] C:\Users\pperv\code\unnamed_rpg\vendor\json\include\nlohmann/detail/exceptions.hpp(143,24): warning: padding class 'nlohmann::detail::exception' with 4 bytes to align 'm' [-Wpadded]
[build]   143 |     std::runtime_error m;
[build]       |                        ^
[build] C:\Users\pperv\code\unnamed_rpg\vendor\json\include\nlohmann/detail/exceptions.hpp(222,106): warning: default template arguments for a function template are incompatible with C++98 [-Wc++98-compat]
[build]   222 |     template<typename BasicJsonContext, enable_if_t<is_basic_json_context<BasicJsonContext>::value, int> = 0>
[build]       |                                                                                                          ^ ~
[build] C:\Users\pperv\code\unnamed_rpg\vendor\json\include\nlohmann/detail/exceptions.hpp(240,106): warning: default template arguments for a function template are incompatible with C++98 [-Wc++98-compat]
[build]   240 |     template<typename BasicJsonContext, enable_if_t<is_basic_json_context<BasicJsonContext>::value, int> = 0>
[build]       |                                                                                                          ^ ~
[build] C:\Users\pperv\code\unnamed_rpg\vendor\json\include\nlohmann/detail/exceptions.hpp(257,106): warning: default template arguments for a function template are incompatible with C++98 [-Wc++98-compat]
[build]   257 |     template<typename BasicJsonContext, enable_if_t<is_basic_json_context<BasicJsonContext>::value, int> = 0>
[build]       |                                                                                                          ^ ~
[build] C:\Users\pperv\code\unnamed_rpg\vendor\json\include\nlohmann/detail/exceptions.hpp(274,106): warning: default template arguments for a function template are incompatible with C++98 [-Wc++98-compat]
[build]   274 |     template<typename BasicJsonContext, enable_if_t<is_basic_json_context<BasicJsonContext>::value, int> = 0>
[build]       |                                                                                                          ^ ~
[build] In file included from C:\Users\pperv\code\unnamed_rpg\vendor\json-schema-validator\src\json-schema-draft7.json.cpp:9:
[build] In file included from C:\Users\pperv\code\unnamed_rpg\vendor\json\include\nlohmann/json.hpp:44:
[build] In file included from C:\Users\pperv\code\unnamed_rpg\vendor\json\include\nlohmann/adl_serializer.hpp:14:
[build] In file included from C:\Users\pperv\code\unnamed_rpg\vendor\json\include\nlohmann/detail/conversions/from_json.hpp:27:
[build] C:\Users\pperv\code\unnamed_rpg\vendor\json\include\nlohmann/detail/meta/identity_tag.hpp(13,1): warning: empty macro arguments are incompatible with C++98 [-Wc++98-compat-pedantic]
[build]    13 | NLOHMANN_JSON_NAMESPACE_BEGIN
[build]       | ^
[build] C:\Users\pperv\code\unnamed_rpg\vendor\json\include\nlohmann/detail/abi_macros.hpp(102,17): note: expanded from macro 'NLOHMANN_JSON_NAMESPACE_BEGIN'
[build]   102 |                 NLOHMANN_JSON_ABI_TAGS,              \
[build]       |                 ^
[build] C:\Users\pperv\code\unnamed_rpg\vendor\json\include\nlohmann/detail/abi_macros.hpp(65,5): note: expanded from macro 'NLOHMANN_JSON_ABI_TAGS'
[build]    65 |     NLOHMANN_JSON_ABI_TAGS_CONCAT(                                   \
[build]       |     ^
[build] C:\Users\pperv\code\unnamed_rpg\vendor\json\include\nlohmann/detail/abi_macros.hpp(62,39): note: expanded from macro 'NLOHMANN_JSON_ABI_TAGS_CONCAT'
[build]    62 |     NLOHMANN_JSON_ABI_TAGS_CONCAT_EX(a, b, c)
[build]       |                                       ^
[build] In file included from C:\Users\pperv\code\unnamed_rpg\vendor\json-schema-validator\src\json-schema-draft7.json.cpp:9:
[build] In file included from C:\Users\pperv\code\unnamed_rpg\vendor\json\include\nlohmann/json.hpp:44:
[build] In file included from C:\Users\pperv\code\unnamed_rpg\vendor\json\include\nlohmann/adl_serializer.hpp:14:
[build] In file included from C:\Users\pperv\code\unnamed_rpg\vendor\json\include\nlohmann/detail/conversions/from_json.hpp:27:
[build] C:\Users\pperv\code\unnamed_rpg\vendor\json\include\nlohmann/detail/meta/identity_tag.hpp(13,1): warning: empty macro arguments are incompatible with C++98 [-Wc++98-compat-pedantic]
[build] C:\Users\pperv\code\unnamed_rpg\vendor\json\include\nlohmann/detail/abi_macros.hpp(102,17): note: expanded from macro 'NLOHMANN_JSON_NAMESPACE_BEGIN'
[build]   102 |                 NLOHMANN_JSON_ABI_TAGS,              \
[build]       |                 ^
[build] C:\Users\pperv\code\unnamed_rpg\vendor\json\include\nlohmann/detail/abi_macros.hpp(65,5): note: expanded from macro 'NLOHMANN_JSON_ABI_TAGS'
[build]    65 |     NLOHMANN_JSON_ABI_TAGS_CONCAT(                                   \
[build]       |     ^
[build] C:\Users\pperv\code\unnamed_rpg\vendor\json\include\nlohmann/detail/abi_macros.hpp(62,42): note: expanded from macro 'NLOHMANN_JSON_ABI_TAGS_CONCAT'
[build]    62 |     NLOHMANN_JSON_ABI_TAGS_CONCAT_EX(a, b, c)
[build]       |                                          ^
[build] In file included from C:\Users\pperv\code\unnamed_rpg\vendor\json-schema-validator\src\json-schema-draft7.json.cpp:9:
[build] In file included from C:\Users\pperv\code\unnamed_rpg\vendor\json\include\nlohmann/json.hpp:44:
[build] In file included from C:\Users\pperv\code\unnamed_rpg\vendor\json\include\nlohmann/adl_serializer.hpp:14:
[build] In file included from C:\Users\pperv\code\unnamed_rpg\vendor\json\include\nlohmann/detail/conversions/from_json.hpp:27:
[build] C:\Users\pperv\code\unnamed_rpg\vendor\json\include\nlohmann/detail/meta/identity_tag.hpp(13,1): warning: empty macro arguments are incompatible with C++98 [-Wc++98-compat-pedantic]
[build] C:\Users\pperv\code\unnamed_rpg\vendor\json\include\nlohmann/detail/abi_macros.hpp(102,17): note: expanded from macro 'NLOHMANN_JSON_NAMESPACE_BEGIN'
[build]   102 |                 NLOHMANN_JSON_ABI_TAGS,              \
[build]       |                 ^
[build] C:\Users\pperv\code\unnamed_rpg\vendor\json\include\nlohmann/detail/abi_macros.hpp(65,5): note: expanded from macro 'NLOHMANN_JSON_ABI_TAGS'
[build]    65 |     NLOHMANN_JSON_ABI_TAGS_CONCAT(                                   \
[build]       |     ^
[build] C:\Users\pperv\code\unnamed_rpg\vendor\json\include\nlohmann/detail/abi_macros.hpp(62,45): note: expanded from macro 'NLOHMANN_JSON_ABI_TAGS_CONCAT'
[build]    62 |     NLOHMANN_JSON_ABI_TAGS_CONCAT_EX(a, b, c)
[build]       |                                             ^
[build] In file included from C:\Users\pperv\code\unnamed_rpg\vendor\json-schema-validator\src\json-schema-draft7.json.cpp:9:
[build] In file included from C:\Users\pperv\code\unnamed_rpg\vendor\json\include\nlohmann/json.hpp:44:
[build] In file included from C:\Users\pperv\code\unnamed_rpg\vendor\json\include\nlohmann/adl_serializer.hpp:14:
[build] In file included from C:\Users\pperv\code\unnamed_rpg\vendor\json\include\nlohmann/detail/conversions/from_json.hpp:27:
[build] C:\Users\pperv\code\unnamed_rpg\vendor\json\include\nlohmann/detail/meta/identity_tag.hpp(13,1): warning: inline namespaces are incompatible with C++98 [-Wc++98-compat]
[build] C:\Users\pperv\code\unnamed_rpg\vendor\json\include\nlohmann/detail/abi_macros.hpp(101,5): note: expanded from macro 'NLOHMANN_JSON_NAMESPACE_BEGIN'
[build]   101 |     inline namespace NLOHMANN_JSON_NAMESPACE_CONCAT( \
[build]       |     ^
[build] In file included from C:\Users\pperv\code\unnamed_rpg\vendor\json-schema-validator\src\json-schema-draft7.json.cpp:9:
[build] In file included from C:\Users\pperv\code\unnamed_rpg\vendor\json\include\nlohmann/json.hpp:44:
[build] In file included from C:\Users\pperv\code\unnamed_rpg\vendor\json\include\nlohmann/adl_serializer.hpp:14:
[build] In file included from C:\Users\pperv\code\unnamed_rpg\vendor\json\include\nlohmann/detail/conversions/from_json.hpp:30:
[build] C:\Users\pperv\code\unnamed_rpg\vendor\json\include\nlohmann/detail/meta/logic.hpp(5,1): warning: empty macro arguments are incompatible with C++98 [-Wc++98-compat-pedantic]
[build]     5 | NLOHMANN_JSON_NAMESPACE_BEGIN
[build]       | ^
[build] C:\Users\pperv\code\unnamed_rpg\vendor\json\include\nlohmann/detail/abi_macros.hpp(102,17): note: expanded from macro 'NLOHMANN_JSON_NAMESPACE_BEGIN'
[build]   102 |                 NLOHMANN_JSON_ABI_TAGS,              \
[build]       |                 ^
[build] C:\Users\pperv\code\unnamed_rpg\vendor\json\include\nlohmann/detail/abi_macros.hpp(65,5): note: expanded from macro 'NLOHMANN_JSON_ABI_TAGS'
[build]    65 |     NLOHMANN_JSON_ABI_TAGS_CONCAT(                                   \
[build]       |     ^
[build] C:\Users\pperv\code\unnamed_rpg\vendor\json\include\nlohmann/detail/abi_macros.hpp(62,39): note: expanded from macro 'NLOHMANN_JSON_ABI_TAGS_CONCAT'
[build]    62 |     NLOHMANN_JSON_ABI_TAGS_CONCAT_EX(a, b, c)
[build]       |                                       ^
[build] In file included from C:\Users\pperv\code\unnamed_rpg\vendor\json-schema-validator\src\json-schema-draft7.json.cpp:9:
[build] In file included from C:\Users\pperv\code\unnamed_rpg\vendor\json\include\nlohmann/json.hpp:44:
[build] In file included from C:\Users\pperv\code\unnamed_rpg\vendor\json\include\nlohmann/adl_serializer.hpp:14:
[build] In file included from C:\Users\pperv\code\unnamed_rpg\vendor\json\include\nlohmann/detail/conversions/from_json.hpp:30:
[build] C:\Users\pperv\code\unnamed_rpg\vendor\json\include\nlohmann/detail/meta/logic.hpp(5,1): warning: empty macro arguments are incompatible with C++98 [-Wc++98-compat-pedantic]
[build] C:\Users\pperv\code\unnamed_rpg\vendor\json\include\nlohmann/detail/abi_macros.hpp(102,17): note: expanded from macro 'NLOHMANN_JSON_NAMESPACE_BEGIN'
[build]   102 |                 NLOHMANN_JSON_ABI_TAGS,              \
[build]       |                 ^
[build] C:\Users\pperv\code\unnamed_rpg\vendor\json\include\nlohmann/detail/abi_macros.hpp(65,5): note: expanded from macro 'NLOHMANN_JSON_ABI_TAGS'
[build]    65 |     NLOHMANN_JSON_ABI_TAGS_CONCAT(                                   \
[build]       |     ^
[build] C:\Users\pperv\code\unnamed_rpg\vendor\json\include\nlohmann/detail/abi_macros.hpp(62,42): note: expanded from macro 'NLOHMANN_JSON_ABI_TAGS_CONCAT'
[build]    62 |     NLOHMANN_JSON_ABI_TAGS_CONCAT_EX(a, b, c)
[build]       |                                          ^
[build] In file included from C:\Users\pperv\code\unnamed_rpg\vendor\json-schema-validator\src\json-schema-draft7.json.cpp:9:
[build] In file included from C:\Users\pperv\code\unnamed_rpg\vendor\json\include\nlohmann/json.hpp:44:
[build] In file included from C:\Users\pperv\code\unnamed_rpg\vendor\json\include\nlohmann/adl_serializer.hpp:14:
[build] In file included from C:\Users\pperv\code\unnamed_rpg\vendor\json\include\nlohmann/detail/conversions/from_json.hpp:30:
[build] C:\Users\pperv\code\unnamed_rpg\vendor\json\include\nlohmann/detail/meta/logic.hpp(5,1): warning: empty macro arguments are incompatible with C++98 [-Wc++98-compat-pedantic]
[build] C:\Users\pperv\code\unnamed_rpg\vendor\json\include\nlohmann/detail/abi_macros.hpp(102,17): note: expanded from macro 'NLOHMANN_JSON_NAMESPACE_BEGIN'
[build]   102 |                 NLOHMANN_JSON_ABI_TAGS,              \
[build]       |                 ^
[build] C:\Users\pperv\code\unnamed_rpg\vendor\json\include\nlohmann/detail/abi_macros.hpp(65,5): note: expanded from macro 'NLOHMANN_JSON_ABI_TAGS'
[build]    65 |     NLOHMANN_JSON_ABI_TAGS_CONCAT(                                   \
[build]       |     ^
[build] C:\Users\pperv\code\unnamed_rpg\vendor\json\include\nlohmann/detail/abi_macros.hpp(62,45): note: expanded from macro 'NLOHMANN_JSON_ABI_TAGS_CONCAT'
[build]    62 |     NLOHMANN_JSON_ABI_TAGS_CONCAT_EX(a, b, c)
[build]       |                                             ^
[build] In file included from C:\Users\pperv\code\unnamed_rpg\vendor\json-schema-validator\src\json-schema-draft7.json.cpp:9:
[build] In file included from C:\Users\pperv\code\unnamed_rpg\vendor\json\include\nlohmann/json.hpp:44:
[build] In file included from C:\Users\pperv\code\unnamed_rpg\vendor\json\include\nlohmann/adl_serializer.hpp:14:
[build] In file included from C:\Users\pperv\code\unnamed_rpg\vendor\json\include\nlohmann/detail/conversions/from_json.hpp:30:
[build] C:\Users\pperv\code\unnamed_rpg\vendor\json\include\nlohmann/detail/meta/logic.hpp(5,1): warning: inline namespaces are incompatible with C++98 [-Wc++98-compat]
[build] C:\Users\pperv\code\unnamed_rpg\vendor\json\include\nlohmann/detail/abi_macros.hpp(101,5): note: expanded from macro 'NLOHMANN_JSON_NAMESPACE_BEGIN'
[build]   101 |     inline namespace NLOHMANN_JSON_NAMESPACE_CONCAT( \
[build]       |     ^
[build] In file included from C:\Users\pperv\code\unnamed_rpg\vendor\json-schema-validator\src\json-schema-draft7.json.cpp:9:
[build] In file included from C:\Users\pperv\code\unnamed_rpg\vendor\json\include\nlohmann/json.hpp:44:
[build] In file included from C:\Users\pperv\code\unnamed_rpg\vendor\json\include\nlohmann/adl_serializer.hpp:14:
[build] In file included from C:\Users\pperv\code\unnamed_rpg\vendor\json\include\nlohmann/detail/conversions/from_json.hpp:30:
[build] C:\Users\pperv\code\unnamed_rpg\vendor\json\include\nlohmann/detail/meta/logic.hpp(18,14): warning: variadic templates are incompatible with C++98 [-Wc++98-compat]
[build]    18 | template<bool... Booleans>
[build]       |              ^
[build] C:\Users\pperv\code\unnamed_rpg\vendor\json\include\nlohmann/detail/meta/logic.hpp(21,14): warning: variadic templates are incompatible with C++98 [-Wc++98-compat]
[build]    21 | template<bool... Booleans>
[build]       |              ^
[build] C:\Users\pperv\code\unnamed_rpg\vendor\json\include\nlohmann/detail/meta/logic.hpp(24,14): warning: variadic templates are incompatible with C++98 [-Wc++98-compat]
[build]    24 | template<bool... Booleans>
[build]       |              ^
[build] C:\Users\pperv\code\unnamed_rpg\vendor\json\include\nlohmann/detail/meta/logic.hpp(27,14): warning: variadic templates are incompatible with C++98 [-Wc++98-compat]
[build]    27 | template<bool... Booleans>
[build]       |              ^
[build] C:\Users\pperv\code\unnamed_rpg\vendor\json\include\nlohmann/detail/meta/logic.hpp(30,14): warning: variadic templates are incompatible with C++98 [-Wc++98-compat]
[build]    30 | template<bool... Booleans>
[build]       |              ^
[build] C:\Users\pperv\code\unnamed_rpg\vendor\json\include\nlohmann/detail/meta/logic.hpp(33,14): warning: variadic templates are incompatible with C++98 [-Wc++98-compat]
[build]    33 | template<bool... Booleans>
[build]       |              ^
[build] C:\Users\pperv\code\unnamed_rpg\vendor\json\include\nlohmann/detail/meta/logic.hpp(41,15): warning: variadic templates are incompatible with C++98 [-Wc++98-compat]
[build]    41 | template<class... Booleans>
[build]       |               ^
[build] C:\Users\pperv\code\unnamed_rpg\vendor\json\include\nlohmann/detail/meta/logic.hpp(44,14): warning: variadic templates are incompatible with C++98 [-Wc++98-compat]
[build]    44 | template<bool... Booleans>
[build]       |              ^
[build] C:\Users\pperv\code\unnamed_rpg\vendor\json\include\nlohmann/detail/meta/logic.hpp(47,15): warning: variadic templates are incompatible with C++98 [-Wc++98-compat]
[build]    47 | template<class... Booleans>
[build]       |               ^
[build] C:\Users\pperv\code\unnamed_rpg\vendor\json\include\nlohmann/detail/meta/logic.hpp(50,14): warning: variadic templates are incompatible with C++98 [-Wc++98-compat]
[build]    50 | template<bool... Booleans>
[build]       |              ^
[build] In file included from C:\Users\pperv\code\unnamed_rpg\vendor\json-schema-validator\src\json-schema-draft7.json.cpp:9:
[build] In file included from C:\Users\pperv\code\unnamed_rpg\vendor\json\include\nlohmann/json.hpp:44:
[build] In file included from C:\Users\pperv\code\unnamed_rpg\vendor\json\include\nlohmann/adl_serializer.hpp:14:
[build] C:\Users\pperv\code\unnamed_rpg\vendor\json\include\nlohmann/detail/conversions/from_json.hpp(43,1): warning: empty macro arguments are incompatible with C++98 [-Wc++98-compat-pedantic]
[build]    43 | NLOHMANN_JSON_NAMESPACE_BEGIN
[build]       | ^
[build] C:\Users\pperv\code\unnamed_rpg\vendor\json\include\nlohmann/detail/abi_macros.hpp(102,17): note: expanded from macro 'NLOHMANN_JSON_NAMESPACE_BEGIN'
[build]   102 |                 NLOHMANN_JSON_ABI_TAGS,              \
[build]       |                 ^
[build] C:\Users\pperv\code\unnamed_rpg\vendor\json\include\nlohmann/detail/abi_macros.hpp(65,5): note: expanded from macro 'NLOHMANN_JSON_ABI_TAGS'
[build]    65 |     NLOHMANN_JSON_ABI_TAGS_CONCAT(                                   \
[build]       |     ^
[build] C:\Users\pperv\code\unnamed_rpg\vendor\json\include\nlohmann/detail/abi_macros.hpp(62,39): note: expanded from macro 'NLOHMANN_JSON_ABI_TAGS_CONCAT'
[build]    62 |     NLOHMANN_JSON_ABI_TAGS_CONCAT_EX(a, b, c)
[build]       |                                       ^
[build] In file included from C:\Users\pperv\code\unnamed_rpg\vendor\json-schema-validator\src\json-schema-draft7.json.cpp:9:
[build] In file included from C:\Users\pperv\code\unnamed_rpg\vendor\json\include\nlohmann/json.hpp:44:
[build] In file included from C:\Users\pperv\code\unnamed_rpg\vendor\json\include\nlohmann/adl_serializer.hpp:14:
[build] C:\Users\pperv\code\unnamed_rpg\vendor\json\include\nlohmann/detail/conversions/from_json.hpp(43,1): warning: empty macro arguments are incompatible with C++98 [-Wc++98-compat-pedantic]
[build] C:\Users\pperv\code\unnamed_rpg\vendor\json\include\nlohmann/detail/abi_macros.hpp(102,17): note: expanded from macro 'NLOHMANN_JSON_NAMESPACE_BEGIN'
[build]   102 |                 NLOHMANN_JSON_ABI_TAGS,              \
[build]       |                 ^
[build] C:\Users\pperv\code\unnamed_rpg\vendor\json\include\nlohmann/detail/abi_macros.hpp(65,5): note: expanded from macro 'NLOHMANN_JSON_ABI_TAGS'
[build]    65 |     NLOHMANN_JSON_ABI_TAGS_CONCAT(                                   \
[build]       |     ^
[build] C:\Users\pperv\code\unnamed_rpg\vendor\json\include\nlohmann/detail/abi_macros.hpp(62,42): note: expanded from macro 'NLOHMANN_JSON_ABI_TAGS_CONCAT'
[build]    62 |     NLOHMANN_JSON_ABI_TAGS_CONCAT_EX(a, b, c)
[build]       |                                          ^
[build] In file included from C:\Users\pperv\code\unnamed_rpg\vendor\json-schema-validator\src\json-schema-draft7.json.cpp:9:
[build] In file included from C:\Users\pperv\code\unnamed_rpg\vendor\json\include\nlohmann/json.hpp:44:
[build] In file included from C:\Users\pperv\code\unnamed_rpg\vendor\json\include\nlohmann/adl_serializer.hpp:14:
[build] C:\Users\pperv\code\unnamed_rpg\vendor\json\include\nlohmann/detail/conversions/from_json.hpp(43,1): warning: empty macro arguments are incompatible with C++98 [-Wc++98-compat-pedantic]
[build] C:\Users\pperv\code\unnamed_rpg\vendor\json\include\nlohmann/detail/abi_macros.hpp(102,17): note: expanded from macro 'NLOHMANN_JSON_NAMESPACE_BEGIN'
[build]   102 |                 NLOHMANN_JSON_ABI_TAGS,              \
[build]       |                 ^
[build] C:\Users\pperv\code\unnamed_rpg\vendor\json\include\nlohmann/detail/abi_macros.hpp(65,5): note: expanded from macro 'NLOHMANN_JSON_ABI_TAGS'
[build]    65 |     NLOHMANN_JSON_ABI_TAGS_CONCAT(                                   \
[build]       |     ^
[build] C:\Users\pperv\code\unnamed_rpg\vendor\json\include\nlohmann/detail/abi_macros.hpp(62,45): note: expanded from macro 'NLOHMANN_JSON_ABI_TAGS_CONCAT'
[build]    62 |     NLOHMANN_JSON_ABI_TAGS_CONCAT_EX(a, b, c)
[build]       |                                             ^
[build] In file included from C:\Users\pperv\code\unnamed_rpg\vendor\json-schema-validator\src\json-schema-draft7.json.cpp:9:
[build] In file included from C:\Users\pperv\code\unnamed_rpg\vendor\json\include\nlohmann/json.hpp:44:
[build] In file included from C:\Users\pperv\code\unnamed_rpg\vendor\json\include\nlohmann/adl_serializer.hpp:14:
[build] C:\Users\pperv\code\unnamed_rpg\vendor\json\include\nlohmann/detail/conversions/from_json.hpp(43,1): warning: inline namespaces are incompatible with C++98 [-Wc++98-compat]
[build] C:\Users\pperv\code\unnamed_rpg\vendor\json\include\nlohmann/detail/abi_macros.hpp(101,5): note: expanded from macro 'NLOHMANN_JSON_NAMESPACE_BEGIN'
[build]   101 |     inline namespace NLOHMANN_JSON_NAMESPACE_CONCAT( \
[build]       |     ^
[build] In file included from C:\Users\pperv\code\unnamed_rpg\vendor\json-schema-validator\src\json-schema-draft7.json.cpp:9:
[build] In file included from C:\Users\pperv\code\unnamed_rpg\vendor\json\include\nlohmann/json.hpp:44:
[build] In file included from C:\Users\pperv\code\unnamed_rpg\vendor\json\include\nlohmann/adl_serializer.hpp:14:
[build] C:\Users\pperv\code\unnamed_rpg\vendor\json\include\nlohmann/detail/conversions/from_json.hpp(77,32): warning: default template arguments for a function template are incompatible with C++98 [-Wc++98-compat]
[build]    77 |                          int > = 0 >
[build]       |                                ^ ~
[build] C:\Users\pperv\code\unnamed_rpg\vendor\json\include\nlohmann/detail/conversions/from_json.hpp(136,51): warning: default template arguments for a function template are incompatible with C++98 [-Wc++98-compat]
[build]   136 |         && !is_json_ref<StringType>::value, int > = 0 >
[build]       |                                                   ^ ~
[build] C:\Users\pperv\code\unnamed_rpg\vendor\json\include\nlohmann/detail/conversions/from_json.hpp(167,58): warning: default template arguments for a function template are incompatible with C++98 [-Wc++98-compat]
[build]   167 |          enable_if_t<std::is_enum<EnumType>::value, int> = 0>
[build]       |                                                          ^ ~
[build] C:\Users\pperv\code\unnamed_rpg\vendor\json\include\nlohmann/detail/conversions/from_json.hpp(178,64): warning: default template arguments for a function template are incompatible with C++98 [-Wc++98-compat]
[build]   178 |          enable_if_t<is_getable<BasicJsonType, T>::value, int> = 0>
[build]       |                                                                ^ ~
[build] C:\Users\pperv\code\unnamed_rpg\vendor\json\include\nlohmann/detail/conversions/from_json.hpp(195,64): warning: default template arguments for a function template are incompatible with C++98 [-Wc++98-compat]
[build]   195 |          enable_if_t<is_getable<BasicJsonType, T>::value, int> = 0>
[build]       |                                                                ^ ~
[build] C:\Users\pperv\code\unnamed_rpg\vendor\json\include\nlohmann/detail/conversions/from_json.hpp(212,1): warning: trailing return types are incompatible with C++98 [-Wc++98-compat]
[build]   212 | -> decltype(j.template get<T>(), void())
[build]       | ^
[build] C:\Users\pperv\code\unnamed_rpg\vendor\json\include\nlohmann/detail/conversions/from_json.hpp(212,4): warning: 'decltype' type specifier is incompatible with C++98 [-Wc++98-compat]
[build]   212 | -> decltype(j.template get<T>(), void())
[build]       |    ^
[build] C:\Users\pperv\code\unnamed_rpg\vendor\json\include\nlohmann/detail/conversions/from_json.hpp(222,1): warning: trailing return types are incompatible with C++98 [-Wc++98-compat]
[build]   222 | -> decltype(j.template get<T>(), void())
[build]       | ^
[build] C:\Users\pperv\code\unnamed_rpg\vendor\json\include\nlohmann/detail/conversions/from_json.hpp(222,4): warning: 'decltype' type specifier is incompatible with C++98 [-Wc++98-compat]
[build]   222 | -> decltype(j.template get<T>(), void())
[build]       |    ^
[build] C:\Users\pperv\code\unnamed_rpg\vendor\json\include\nlohmann/detail/conversions/from_json.hpp(235,1): warning: trailing return types are incompatible with C++98 [-Wc++98-compat]
[build]   235 | -> decltype(j.template get<T>(), void())
[build]       | ^
[build] C:\Users\pperv\code\unnamed_rpg\vendor\json\include\nlohmann/detail/conversions/from_json.hpp(235,4): warning: 'decltype' type specifier is incompatible with C++98 [-Wc++98-compat]
[build]   235 | -> decltype(j.template get<T>(), void())
[build]       |    ^
[build] C:\Users\pperv\code\unnamed_rpg\vendor\json\include\nlohmann/detail/conversions/from_json.hpp(251,1): warning: trailing return types are incompatible with C++98 [-Wc++98-compat]
[build]   251 | -> decltype(j.template get<T>(), void())
[build]       | ^
[build] C:\Users\pperv\code\unnamed_rpg\vendor\json\include\nlohmann/detail/conversions/from_json.hpp(251,4): warning: 'decltype' type specifier is incompatible with C++98 [-Wc++98-compat]
[build]   251 | -> decltype(j.template get<T>(), void())
[build]       |    ^
[build] C:\Users\pperv\code\unnamed_rpg\vendor\json\include\nlohmann/detail/conversions/from_json.hpp(277,1): warning: trailing return types are incompatible with C++98 [-Wc++98-compat]
[build]   277 | -> decltype(j.template get<T>(), void())
[build]       | ^
[build] C:\Users\pperv\code\unnamed_rpg\vendor\json\include\nlohmann/detail/conversions/from_json.hpp(277,4): warning: 'decltype' type specifier is incompatible with C++98 [-Wc++98-compat]
[build]   277 | -> decltype(j.template get<T>(), void())
[build]       |    ^
[build] C:\Users\pperv\code\unnamed_rpg\vendor\json\include\nlohmann/detail/conversions/from_json.hpp(290,1): warning: trailing return types are incompatible with C++98 [-Wc++98-compat]
[build]   290 | -> decltype(
[build]       | ^
[build] C:\Users\pperv\code\unnamed_rpg\vendor\json\include\nlohmann/detail/conversions/from_json.hpp(290,4): warning: 'decltype' type specifier is incompatible with C++98 [-Wc++98-compat]
[build]   290 | -> decltype(
[build]       |    ^
[build] C:\Users\pperv\code\unnamed_rpg\vendor\json\include\nlohmann/detail/conversions/from_json.hpp(288,19): warning: default template arguments for a function template are incompatible with C++98 [-Wc++98-compat]
[build]   288 |              int> = 0>
[build]       |                   ^ ~
[build] C:\Users\pperv\code\unnamed_rpg\vendor\json\include\nlohmann/detail/conversions/from_json.hpp(312,19): warning: default template arguments for a function template are incompatible with C++98 [-Wc++98-compat]
[build]   312 |              int> = 0>
[build]       |                   ^ ~
[build] C:\Users\pperv\code\unnamed_rpg\vendor\json\include\nlohmann/detail/conversions/from_json.hpp(340,1): warning: trailing return types are incompatible with C++98 [-Wc++98-compat]
[build]   340 | -> decltype(from_json_array_impl(j, arr, priority_tag<3> {}),
[build]       | ^
[build] C:\Users\pperv\code\unnamed_rpg\vendor\json\include\nlohmann/detail/conversions/from_json.hpp(340,4): warning: 'decltype' type specifier is incompatible with C++98 [-Wc++98-compat]
[build]   340 | -> decltype(from_json_array_impl(j, arr, priority_tag<3> {}),
[build]       |    ^
[build] C:\Users\pperv\code\unnamed_rpg\vendor\json\include\nlohmann/detail/conversions/from_json.hpp(340,58): warning: generalized initializer lists are incompatible with C++98 [-Wc++98-compat]
[build]   340 | -> decltype(from_json_array_impl(j, arr, priority_tag<3> {}),
[build]       |                                                          ^
[build] C:\Users\pperv\code\unnamed_rpg\vendor\json\include\nlohmann/detail/conversions/from_json.hpp(340,58): warning: constructor call from initializer list is incompatible with C++98 [-Wc++98-compat]
[build]   340 | -> decltype(from_json_array_impl(j, arr, priority_tag<3> {}),
[build]       |                                                          ^~
[build] C:\Users\pperv\code\unnamed_rpg\vendor\json\include\nlohmann/detail/conversions/from_json.hpp(338,22): warning: default template arguments for a function template are incompatible with C++98 [-Wc++98-compat]
[build]   338 |                int > = 0 >
[build]       |                      ^ ~
[build] C:\Users\pperv\code\unnamed_rpg\vendor\json\include\nlohmann/detail/conversions/from_json.hpp(352,59): warning: variadic templates are incompatible with C++98 [-Wc++98-compat]
[build]   352 | template < typename BasicJsonType, typename T, std::size_t... Idx >
[build]       |                                                           ^
[build] C:\Users\pperv\code\unnamed_rpg\vendor\json\include\nlohmann/detail/conversions/from_json.hpp(353,73): warning: rvalue references are incompatible with C++98 [-Wc++98-compat]
[build]   353 | std::array<T, sizeof...(Idx)> from_json_inplace_array_impl(BasicJsonType&& j,
[build]       |                                                                         ^
[build] C:\Users\pperv\code\unnamed_rpg\vendor\json\include\nlohmann/detail/conversions/from_json.hpp(354,63): warning: consecutive right angle brackets are incompatible with C++98 (use '> >') [-Wc++98-compat]
[build]   354 |                      identity_tag<std::array<T, sizeof...(Idx)>> /*unused*/, index_sequence<Idx...> /*unused*/)
[build]       |                                                               ^~
[build]       |                                                               > >
[build] C:\Users\pperv\code\unnamed_rpg\vendor\json\include\nlohmann/detail/conversions/from_json.hpp(360,29): warning: rvalue references are incompatible with C++98 [-Wc++98-compat]
[build]   360 | auto from_json(BasicJsonType&& j, identity_tag<std::array<T, N>> tag)
[build]       |                             ^
[build] C:\Users\pperv\code\unnamed_rpg\vendor\json\include\nlohmann/detail/conversions/from_json.hpp(360,63): warning: consecutive right angle brackets are incompatible with C++98 (use '> >') [-Wc++98-compat]
[build]   360 | auto from_json(BasicJsonType&& j, identity_tag<std::array<T, N>> tag)
[build]       |                                                               ^~
[build]       |                                                               > >
[build] C:\Users\pperv\code\unnamed_rpg\vendor\json\include\nlohmann/detail/conversions/from_json.hpp(361,1): warning: trailing return types are incompatible with C++98 [-Wc++98-compat]
[build]   361 | -> decltype(from_json_inplace_array_impl(std::forward<BasicJsonType>(j), tag, make_index_sequence<N> {}))
[build]       | ^
[build] C:\Users\pperv\code\unnamed_rpg\vendor\json\include\nlohmann/detail/conversions/from_json.hpp(361,4): warning: 'decltype' type specifier is incompatible with C++98 [-Wc++98-compat]
[build]   361 | -> decltype(from_json_inplace_array_impl(std::forward<BasicJsonType>(j), tag, make_index_sequence<N> {}))
[build]       |    ^
[build] C:\Users\pperv\code\unnamed_rpg\vendor\json\include\nlohmann/detail/conversions/from_json.hpp(361,102): warning: generalized initializer lists are incompatible with C++98 [-Wc++98-compat]
[build]   361 | -> decltype(from_json_inplace_array_impl(std::forward<BasicJsonType>(j), tag, make_index_sequence<N> {}))
[build]       |                                                                                                      ^
[build] C:\Users\pperv\code\unnamed_rpg\vendor\json\include\nlohmann/detail/conversions/from_json.hpp(384,32): warning: default template arguments for a function template are incompatible with C++98 [-Wc++98-compat]
[build]   384 |                          int > = 0 >
[build]       |                                ^ ~
[build] C:\Users\pperv\code\unnamed_rpg\vendor\json\include\nlohmann/detail/conversions/from_json.hpp(402,104): warning: default template arguments for a function template are incompatible with C++98 [-Wc++98-compat]
[build]   402 |          enable_if_t<is_constructible_object_type<BasicJsonType, ConstructibleObjectType>::value, int> = 0>
[build]       |                                                                                                        ^ ~
[build] C:\Users\pperv\code\unnamed_rpg\vendor\json\include\nlohmann/detail/conversions/from_json.hpp(430,22): warning: default template arguments for a function template are incompatible with C++98 [-Wc++98-compat]
[build]   430 |                int > = 0 >
[build]       |                      ^ ~
[build] C:\Users\pperv\code\unnamed_rpg\vendor\json\include\nlohmann/detail/conversions/from_json.hpp(468,63): warning: rvalue references are incompatible with C++98 [-Wc++98-compat]
[build]   468 | detail::uncvref_t<Type> from_json_tuple_get_impl(BasicJsonType&& j, detail::identity_tag<Type> /*unused*/, detail::priority_tag<0> /*unused*/)
[build]       |                                                               ^
[build] C:\Users\pperv\code\unnamed_rpg\vendor\json\include\nlohmann/detail/conversions/from_json.hpp(475,45): warning: rvalue references are incompatible with C++98 [-Wc++98-compat]
[build]   475 | Type from_json_tuple_get_impl(BasicJsonType && j, detail::identity_tag<Type> /*unused*/, detail::priority_tag<1> /*unused*/)
[build]       |                                             ^
[build] C:\Users\pperv\code\unnamed_rpg\vendor\json\include\nlohmann/detail/conversions/from_json.hpp(474,101): warning: default template arguments for a function template are incompatible with C++98 [-Wc++98-compat]
[build]   474 |          detail::enable_if_t<detail::is_compatible_reference_type<BasicJsonType, Type>::value, int> = 0>
[build]       |                                                                                                     ^ ~
[build] C:\Users\pperv\code\unnamed_rpg\vendor\json\include\nlohmann/detail/conversions/from_json.hpp(481,63): warning: consecutive right angle brackets are incompatible with C++98 (use '> >') [-Wc++98-compat]
[build]   481 |          detail::enable_if_t<std::is_arithmetic<uncvref_t<Type>>::value, int> = 0>
[build]       |                                                               ^~
[build]       |                                                               > >
[build] C:\Users\pperv\code\unnamed_rpg\vendor\json\include\nlohmann/detail/conversions/from_json.hpp(482,64): warning: rvalue references are incompatible with C++98 [-Wc++98-compat]
[build]   482 | detail::uncvref_t<Type> from_json_tuple_get_impl(BasicJsonType && j, detail::identity_tag<Type> /*unused*/, detail::priority_tag<2> /*unused*/)
[build]       |                                                                ^
[build] C:\Users\pperv\code\unnamed_rpg\vendor\json\include\nlohmann/detail/conversions/from_json.hpp(481,79): warning: default template arguments for a function template are incompatible with C++98 [-Wc++98-compat]
[build]   481 |          detail::enable_if_t<std::is_arithmetic<uncvref_t<Type>>::value, int> = 0>
[build]       |                                                                               ^ ~
[build] C:\Users\pperv\code\unnamed_rpg\vendor\json\include\nlohmann/detail/conversions/from_json.hpp(487,65): warning: variadic templates are incompatible with C++98 [-Wc++98-compat]
[build]   487 | template<std::size_t PTagValue, typename BasicJsonType, typename... Types>
[build]       |                                                                 ^
[build] C:\Users\pperv\code\unnamed_rpg\vendor\json\include\nlohmann/detail/conversions/from_json.hpp(488,20): warning: alias declarations are incompatible with C++98 [-Wc++98-compat]
[build]   488 | using tuple_type = std::tuple < decltype(from_json_tuple_get_impl(std::declval<BasicJsonType>(), detail::identity_tag<Types> {}, detail::priority_tag<PTagValue> {}))... >;
[build]       |                    ^
[build] C:\Users\pperv\code\unnamed_rpg\vendor\json\include\nlohmann/detail/conversions/from_json.hpp(488,33): warning: 'decltype' type specifier is incompatible with C++98 [-Wc++98-compat]
[build]   488 | using tuple_type = std::tuple < decltype(from_json_tuple_get_impl(std::declval<BasicJsonType>(), detail::identity_tag<Types> {}, detail::priority_tag<PTagValue> {}))... >;
[build]       |                                 ^
[build] C:\Users\pperv\code\unnamed_rpg\vendor\json\include\nlohmann/detail/conversions/from_json.hpp(488,126): warning: generalized initializer lists are incompatible with C++98 [-Wc++98-compat]
[build]   488 | using tuple_type = std::tuple < decltype(from_json_tuple_get_impl(std::declval<BasicJsonType>(), detail::identity_tag<Types> {}, detail::priority_tag<PTagValue> {}))... >;
[build]       |                                                                                                                              ^
[build] C:\Users\pperv\code\unnamed_rpg\vendor\json\include\nlohmann/detail/conversions/from_json.hpp(488,162): warning: generalized initializer lists are incompatible with C++98 [-Wc++98-compat]
[build]   488 | using tuple_type = std::tuple < decltype(from_json_tuple_get_impl(std::declval<BasicJsonType>(), detail::identity_tag<Types> {}, detail::priority_tag<PTagValue> {}))... >;
[build]       |                                                                                                                                                                  ^
[build] C:\Users\pperv\code\unnamed_rpg\vendor\json\include\nlohmann/detail/conversions/from_json.hpp(490,41): warning: variadic templates are incompatible with C++98 [-Wc++98-compat]
[build]   490 | template<std::size_t PTagValue, typename... Args, typename BasicJsonType, std::size_t... Idx>
[build]       |                                         ^
[build] C:\Users\pperv\code\unnamed_rpg\vendor\json\include\nlohmann/detail/conversions/from_json.hpp(490,86): warning: variadic templates are incompatible with C++98 [-Wc++98-compat]
[build]   490 | template<std::size_t PTagValue, typename... Args, typename BasicJsonType, std::size_t... Idx>
[build]       |                                                                                      ^
[build] C:\Users\pperv\code\unnamed_rpg\vendor\json\include\nlohmann/detail/conversions/from_json.hpp(491,86): warning: rvalue references are incompatible with C++98 [-Wc++98-compat]
[build]   491 | tuple_type<PTagValue, BasicJsonType, Args...> from_json_tuple_impl_base(BasicJsonType&& j, index_sequence<Idx...> /*unused*/)
[build]       |                                                                                      ^
[build] C:\Users\pperv\code\unnamed_rpg\vendor\json\include\nlohmann/detail/conversions/from_json.hpp(503,53): warning: rvalue references are incompatible with C++98 [-Wc++98-compat]
[build]   503 | std::pair<A1, A2> from_json_tuple_impl(BasicJsonType&& j, identity_tag<std::pair<A1, A2>> /*unused*/, priority_tag<0> /*unused*/)
[build]       |                                                     ^
[build] C:\Users\pperv\code\unnamed_rpg\vendor\json\include\nlohmann/detail/conversions/from_json.hpp(503,88): warning: consecutive right angle brackets are incompatible with C++98 (use '> >') [-Wc++98-compat]
[build]   503 | std::pair<A1, A2> from_json_tuple_impl(BasicJsonType&& j, identity_tag<std::pair<A1, A2>> /*unused*/, priority_tag<0> /*unused*/)
[build]       |                                                                                        ^~
[build]       |                                                                                        > >
[build] C:\Users\pperv\code\unnamed_rpg\vendor\json\include\nlohmann/detail/conversions/from_json.hpp(510,47): warning: rvalue references are incompatible with C++98 [-Wc++98-compat]
[build]   510 | inline void from_json_tuple_impl(BasicJsonType&& j, std::pair<A1, A2>& p, priority_tag<1> /*unused*/)
[build]       |                                               ^
[build] C:\Users\pperv\code\unnamed_rpg\vendor\json\include\nlohmann/detail/conversions/from_json.hpp(515,42): warning: variadic templates are incompatible with C++98 [-Wc++98-compat]
[build]   515 | template<typename BasicJsonType, typename... Args>
[build]       |                                          ^
[build] C:\Users\pperv\code\unnamed_rpg\vendor\json\include\nlohmann/detail/conversions/from_json.hpp(516,55): warning: rvalue references are incompatible with C++98 [-Wc++98-compat]
[build]   516 | std::tuple<Args...> from_json_tuple_impl(BasicJsonType&& j, identity_tag<std::tuple<Args...>> /*unused*/, priority_tag<2> /*unused*/)
[build]       |                                                       ^
[build] C:\Users\pperv\code\unnamed_rpg\vendor\json\include\nlohmann/detail/conversions/from_json.hpp(516,92): warning: consecutive right angle brackets are incompatible with C++98 (use '> >') [-Wc++98-compat]
[build]   516 | std::tuple<Args...> from_json_tuple_impl(BasicJsonType&& j, identity_tag<std::tuple<Args...>> /*unused*/, priority_tag<2> /*unused*/)
[build]       |                                                                                            ^~
[build]       |                                                                                            > >
[build] C:\Users\pperv\code\unnamed_rpg\vendor\json\include\nlohmann/detail/conversions/from_json.hpp(523,42): warning: variadic templates are incompatible with C++98 [-Wc++98-compat]
[build]   523 | template<typename BasicJsonType, typename... Args>
[build]       |                                          ^
[build] C:\Users\pperv\code\unnamed_rpg\vendor\json\include\nlohmann/detail/conversions/from_json.hpp(524,47): warning: rvalue references are incompatible with C++98 [-Wc++98-compat]
[build]   524 | inline void from_json_tuple_impl(BasicJsonType&& j, std::tuple<Args...>& t, priority_tag<3> /*unused*/)
[build]       |                                               ^
[build] C:\Users\pperv\code\unnamed_rpg\vendor\json\include\nlohmann/detail/conversions/from_json.hpp(530,29): warning: rvalue references are incompatible with C++98 [-Wc++98-compat]
[build]   530 | auto from_json(BasicJsonType&& j, TupleRelated&& t)
[build]       |                             ^
[build] C:\Users\pperv\code\unnamed_rpg\vendor\json\include\nlohmann/detail/conversions/from_json.hpp(530,47): warning: rvalue references are incompatible with C++98 [-Wc++98-compat]
[build]   530 | auto from_json(BasicJsonType&& j, TupleRelated&& t)
[build]       |                                               ^
[build] C:\Users\pperv\code\unnamed_rpg\vendor\json\include\nlohmann/detail/conversions/from_json.hpp(531,1): warning: trailing return types are incompatible with C++98 [-Wc++98-compat]
[build]   531 | -> decltype(from_json_tuple_impl(std::forward<BasicJsonType>(j), std::forward<TupleRelated>(t), priority_tag<3> {}))
[build]       | ^
[build] C:\Users\pperv\code\unnamed_rpg\vendor\json\include\nlohmann/detail/conversions/from_json.hpp(531,4): warning: 'decltype' type specifier is incompatible with C++98 [-Wc++98-compat]
[build]   531 | -> decltype(from_json_tuple_impl(std::forward<BasicJsonType>(j), std::forward<TupleRelated>(t), priority_tag<3> {}))
[build]       |    ^
[build] C:\Users\pperv\code\unnamed_rpg\vendor\json\include\nlohmann/detail/conversions/from_json.hpp(531,113): warning: generalized initializer lists are incompatible with C++98 [-Wc++98-compat]
[build]   531 | -> decltype(from_json_tuple_impl(std::forward<BasicJsonType>(j), std::forward<TupleRelated>(t), priority_tag<3> {}))
[build]       |                                                                                                                 ^
[build] C:\Users\pperv\code\unnamed_rpg\vendor\json\include\nlohmann/detail/conversions/from_json.hpp(531,113): warning: constructor call from initializer list is incompatible with C++98 [-Wc++98-compat]
[build]   531 | -> decltype(from_json_tuple_impl(std::forward<BasicJsonType>(j), std::forward<TupleRelated>(t), priority_tag<3> {}))
[build]       |                                                                                                                 ^~
[build] C:\Users\pperv\code\unnamed_rpg\vendor\json\include\nlohmann/detail/conversions/from_json.hpp(543,88): warning: consecutive right angle brackets are incompatible with C++98 (use '> >') [-Wc++98-compat]
[build]   543 |                                         typename BasicJsonType::string_t, Key >::value >>
[build]       |                                                                                        ^~
[build]       |                                                                                        > >
[build] C:\Users\pperv\code\unnamed_rpg\vendor\json\include\nlohmann/detail/conversions/from_json.hpp(542,21): warning: default template arguments for a function template are incompatible with C++98 [-Wc++98-compat]
[build]   542 |            typename = enable_if_t < !std::is_constructible <
[build]       |                     ^ ~~~~~~~~~~~~~~~~~~~~~~~~~~~~~~~~~~~~~~
[build]   543 |                                         typename BasicJsonType::string_t, Key >::value >>
[build]       |                                         ~~~~~~~~~~~~~~~~~~~~~~~~~~~~~~~~~~~~~~~~~~~~~~~~
[build] C:\Users\pperv\code\unnamed_rpg\vendor\json\include\nlohmann/detail/conversions/from_json.hpp(563,88): warning: consecutive right angle brackets are incompatible with C++98 (use '> >') [-Wc++98-compat]
[build]   563 |                                         typename BasicJsonType::string_t, Key >::value >>
[build]       |                                                                                        ^~
[build]       |                                                                                        > >
[build] C:\Users\pperv\code\unnamed_rpg\vendor\json\include\nlohmann/detail/conversions/from_json.hpp(562,21): warning: default template arguments for a function template are incompatible with C++98 [-Wc++98-compat]
[build]   562 |            typename = enable_if_t < !std::is_constructible <
[build]       |                     ^ ~~~~~~~~~~~~~~~~~~~~~~~~~~~~~~~~~~~~~~
[build]   563 |                                         typename BasicJsonType::string_t, Key >::value >>
[build]       |                                         ~~~~~~~~~~~~~~~~~~~~~~~~~~~~~~~~~~~~~~~~~~~~~~~~
[build] C:\Users\pperv\code\unnamed_rpg\vendor\json\include\nlohmann/detail/conversions/from_json.hpp(609,46): warning: rvalue references are incompatible with C++98 [-Wc++98-compat]
[build]   609 |     auto operator()(const BasicJsonType& j, T&& val) const
[build]       |                                              ^
[build] C:\Users\pperv\code\unnamed_rpg\vendor\json\include\nlohmann/detail/conversions/from_json.hpp(611,5): warning: trailing return types are incompatible with C++98 [-Wc++98-compat]
[build]   611 |     -> decltype(from_json(j, std::forward<T>(val)))
[build]       |     ^
[build] C:\Users\pperv\code\unnamed_rpg\vendor\json\include\nlohmann/detail/conversions/from_json.hpp(611,8): warning: 'decltype' type specifier is incompatible with C++98 [-Wc++98-compat]
[build]   611 |     -> decltype(from_json(j, std::forward<T>(val)))
[build]       |        ^
[build] C:\Users\pperv\code\unnamed_rpg\vendor\json\include\nlohmann/detail/conversions/from_json.hpp(610,5): warning: noexcept specifications are incompatible with C++98 [-Wc++98-compat]
[build]   610 |     noexcept(noexcept(from_json(j, std::forward<T>(val))))
[build]       |     ^
[build] C:\Users\pperv\code\unnamed_rpg\vendor\json\include\nlohmann/detail/conversions/from_json.hpp(610,14): warning: noexcept expressions are incompatible with C++98 [-Wc++98-compat]
[build]   610 |     noexcept(noexcept(from_json(j, std::forward<T>(val))))
[build]       |              ^
[build] C:\Users\pperv\code\unnamed_rpg\vendor\json\include\nlohmann/detail/conversions/from_json.hpp(626,22): warning: 'constexpr' specifier is incompatible with C++98 [-Wc++98-compat]
[build]   626 | JSON_INLINE_VARIABLE constexpr const auto& from_json = // NOLINT(misc-definitions-in-headers)
[build]       |                      ^
[build] C:\Users\pperv\code\unnamed_rpg\vendor\json\include\nlohmann/detail/conversions/from_json.hpp(626,38): warning: 'auto' type specifier is incompatible with C++98 [-Wc++98-compat]
[build]   626 | JSON_INLINE_VARIABLE constexpr const auto& from_json = // NOLINT(misc-definitions-in-headers)
[build]       |                                      ^~~~
[build] In file included from C:\Users\pperv\code\unnamed_rpg\vendor\json-schema-validator\src\json-schema-draft7.json.cpp:9:
[build] In file included from C:\Users\pperv\code\unnamed_rpg\vendor\json\include\nlohmann/json.hpp:44:
[build] In file included from C:\Users\pperv\code\unnamed_rpg\vendor\json\include\nlohmann/adl_serializer.hpp:15:
[build] In file included from C:\Users\pperv\code\unnamed_rpg\vendor\json\include\nlohmann/detail/conversions/to_json.hpp:26:
[build] In file included from C:\Users\pperv\code\unnamed_rpg\vendor\json\include\nlohmann/detail/iterators/iteration_proxy.hpp:22:
[build] C:\Users\pperv\code\unnamed_rpg\vendor\json\include\nlohmann/detail/string_utils.hpp(16,1): warning: empty macro arguments are incompatible with C++98 [-Wc++98-compat-pedantic]
[build]    16 | NLOHMANN_JSON_NAMESPACE_BEGIN
[build]       | ^
[build] C:\Users\pperv\code\unnamed_rpg\vendor\json\include\nlohmann/detail/abi_macros.hpp(102,17): note: expanded from macro 'NLOHMANN_JSON_NAMESPACE_BEGIN'
[build]   102 |                 NLOHMANN_JSON_ABI_TAGS,              \
[build]       |                 ^
[build] C:\Users\pperv\code\unnamed_rpg\vendor\json\include\nlohmann/detail/abi_macros.hpp(65,5): note: expanded from macro 'NLOHMANN_JSON_ABI_TAGS'
[build]    65 |     NLOHMANN_JSON_ABI_TAGS_CONCAT(                                   \
[build]       |     ^
[build] C:\Users\pperv\code\unnamed_rpg\vendor\json\include\nlohmann/detail/abi_macros.hpp(62,39): note: expanded from macro 'NLOHMANN_JSON_ABI_TAGS_CONCAT'
[build]    62 |     NLOHMANN_JSON_ABI_TAGS_CONCAT_EX(a, b, c)
[build]       |                                       ^
[build] In file included from C:\Users\pperv\code\unnamed_rpg\vendor\json-schema-validator\src\json-schema-draft7.json.cpp:9:
[build] In file included from C:\Users\pperv\code\unnamed_rpg\vendor\json\include\nlohmann/json.hpp:44:
[build] In file included from C:\Users\pperv\code\unnamed_rpg\vendor\json\include\nlohmann/adl_serializer.hpp:15:
[build] In file included from C:\Users\pperv\code\unnamed_rpg\vendor\json\include\nlohmann/detail/conversions/to_json.hpp:26:
[build] In file included from C:\Users\pperv\code\unnamed_rpg\vendor\json\include\nlohmann/detail/iterators/iteration_proxy.hpp:22:
[build] C:\Users\pperv\code\unnamed_rpg\vendor\json\include\nlohmann/detail/string_utils.hpp(16,1): warning: empty macro arguments are incompatible with C++98 [-Wc++98-compat-pedantic]
[build] C:\Users\pperv\code\unnamed_rpg\vendor\json\include\nlohmann/detail/abi_macros.hpp(102,17): note: expanded from macro 'NLOHMANN_JSON_NAMESPACE_BEGIN'
[build]   102 |                 NLOHMANN_JSON_ABI_TAGS,              \
[build]       |                 ^
[build] C:\Users\pperv\code\unnamed_rpg\vendor\json\include\nlohmann/detail/abi_macros.hpp(65,5): note: expanded from macro 'NLOHMANN_JSON_ABI_TAGS'
[build]    65 |     NLOHMANN_JSON_ABI_TAGS_CONCAT(                                   \
[build]       |     ^
[build] C:\Users\pperv\code\unnamed_rpg\vendor\json\include\nlohmann/detail/abi_macros.hpp(62,42): note: expanded from macro 'NLOHMANN_JSON_ABI_TAGS_CONCAT'
[build]    62 |     NLOHMANN_JSON_ABI_TAGS_CONCAT_EX(a, b, c)
[build]       |                                          ^
[build] In file included from C:\Users\pperv\code\unnamed_rpg\vendor\json-schema-validator\src\json-schema-draft7.json.cpp:9:
[build] In file included from C:\Users\pperv\code\unnamed_rpg\vendor\json\include\nlohmann/json.hpp:44:
[build] In file included from C:\Users\pperv\code\unnamed_rpg\vendor\json\include\nlohmann/adl_serializer.hpp:15:
[build] In file included from C:\Users\pperv\code\unnamed_rpg\vendor\json\include\nlohmann/detail/conversions/to_json.hpp:26:
[build] In file included from C:\Users\pperv\code\unnamed_rpg\vendor\json\include\nlohmann/detail/iterators/iteration_proxy.hpp:22:
[build] C:\Users\pperv\code\unnamed_rpg\vendor\json\include\nlohmann/detail/string_utils.hpp(16,1): warning: empty macro arguments are incompatible with C++98 [-Wc++98-compat-pedantic]
[build] C:\Users\pperv\code\unnamed_rpg\vendor\json\include\nlohmann/detail/abi_macros.hpp(102,17): note: expanded from macro 'NLOHMANN_JSON_NAMESPACE_BEGIN'
[build]   102 |                 NLOHMANN_JSON_ABI_TAGS,              \
[build]       |                 ^
[build] C:\Users\pperv\code\unnamed_rpg\vendor\json\include\nlohmann/detail/abi_macros.hpp(65,5): note: expanded from macro 'NLOHMANN_JSON_ABI_TAGS'
[build]    65 |     NLOHMANN_JSON_ABI_TAGS_CONCAT(                                   \
[build]       |     ^
[build] C:\Users\pperv\code\unnamed_rpg\vendor\json\include\nlohmann/detail/abi_macros.hpp(62,45): note: expanded from macro 'NLOHMANN_JSON_ABI_TAGS_CONCAT'
[build]    62 |     NLOHMANN_JSON_ABI_TAGS_CONCAT_EX(a, b, c)
[build]       |                                             ^
[build] In file included from C:\Users\pperv\code\unnamed_rpg\vendor\json-schema-validator\src\json-schema-draft7.json.cpp:9:
[build] In file included from C:\Users\pperv\code\unnamed_rpg\vendor\json\include\nlohmann/json.hpp:44:
[build] In file included from C:\Users\pperv\code\unnamed_rpg\vendor\json\include\nlohmann/adl_serializer.hpp:15:
[build] In file included from C:\Users\pperv\code\unnamed_rpg\vendor\json\include\nlohmann/detail/conversions/to_json.hpp:26:
[build] In file included from C:\Users\pperv\code\unnamed_rpg\vendor\json\include\nlohmann/detail/iterators/iteration_proxy.hpp:22:
[build] C:\Users\pperv\code\unnamed_rpg\vendor\json\include\nlohmann/detail/string_utils.hpp(16,1): warning: inline namespaces are incompatible with C++98 [-Wc++98-compat]
[build] C:\Users\pperv\code\unnamed_rpg\vendor\json\include\nlohmann/detail/abi_macros.hpp(101,5): note: expanded from macro 'NLOHMANN_JSON_NAMESPACE_BEGIN'
[build]   101 |     inline namespace NLOHMANN_JSON_NAMESPACE_CONCAT( \
[build]       |     ^
[build] In file included from C:\Users\pperv\code\unnamed_rpg\vendor\json-schema-validator\src\json-schema-draft7.json.cpp:9:
[build] In file included from C:\Users\pperv\code\unnamed_rpg\vendor\json\include\nlohmann/json.hpp:44:
[build] In file included from C:\Users\pperv\code\unnamed_rpg\vendor\json\include\nlohmann/adl_serializer.hpp:15:
[build] In file included from C:\Users\pperv\code\unnamed_rpg\vendor\json\include\nlohmann/detail/conversions/to_json.hpp:26:
[build] C:\Users\pperv\code\unnamed_rpg\vendor\json\include\nlohmann/detail/iterators/iteration_proxy.hpp(25,1): warning: empty macro arguments are incompatible with C++98 [-Wc++98-compat-pedantic]
[build]    25 | NLOHMANN_JSON_NAMESPACE_BEGIN
[build]       | ^
[build] C:\Users\pperv\code\unnamed_rpg\vendor\json\include\nlohmann/detail/abi_macros.hpp(102,17): note: expanded from macro 'NLOHMANN_JSON_NAMESPACE_BEGIN'
[build]   102 |                 NLOHMANN_JSON_ABI_TAGS,              \
[build]       |                 ^
[build] C:\Users\pperv\code\unnamed_rpg\vendor\json\include\nlohmann/detail/abi_macros.hpp(65,5): note: expanded from macro 'NLOHMANN_JSON_ABI_TAGS'
[build]    65 |     NLOHMANN_JSON_ABI_TAGS_CONCAT(                                   \
[build]       |     ^
[build] C:\Users\pperv\code\unnamed_rpg\vendor\json\include\nlohmann/detail/abi_macros.hpp(62,39): note: expanded from macro 'NLOHMANN_JSON_ABI_TAGS_CONCAT'
[build]    62 |     NLOHMANN_JSON_ABI_TAGS_CONCAT_EX(a, b, c)
[build]       |                                       ^
[build] In file included from C:\Users\pperv\code\unnamed_rpg\vendor\json-schema-validator\src\json-schema-draft7.json.cpp:9:
[build] In file included from C:\Users\pperv\code\unnamed_rpg\vendor\json\include\nlohmann/json.hpp:44:
[build] In file included from C:\Users\pperv\code\unnamed_rpg\vendor\json\include\nlohmann/adl_serializer.hpp:15:
[build] In file included from C:\Users\pperv\code\unnamed_rpg\vendor\json\include\nlohmann/detail/conversions/to_json.hpp:26:
[build] C:\Users\pperv\code\unnamed_rpg\vendor\json\include\nlohmann/detail/iterators/iteration_proxy.hpp(25,1): warning: empty macro arguments are incompatible with C++98 [-Wc++98-compat-pedantic]
[build] C:\Users\pperv\code\unnamed_rpg\vendor\json\include\nlohmann/detail/abi_macros.hpp(102,17): note: expanded from macro 'NLOHMANN_JSON_NAMESPACE_BEGIN'
[build]   102 |                 NLOHMANN_JSON_ABI_TAGS,              \
[build]       |                 ^
[build] C:\Users\pperv\code\unnamed_rpg\vendor\json\include\nlohmann/detail/abi_macros.hpp(65,5): note: expanded from macro 'NLOHMANN_JSON_ABI_TAGS'
[build]    65 |     NLOHMANN_JSON_ABI_TAGS_CONCAT(                                   \
[build]       |     ^
[build] C:\Users\pperv\code\unnamed_rpg\vendor\json\include\nlohmann/detail/abi_macros.hpp(62,42): note: expanded from macro 'NLOHMANN_JSON_ABI_TAGS_CONCAT'
[build]    62 |     NLOHMANN_JSON_ABI_TAGS_CONCAT_EX(a, b, c)
[build]       |                                          ^
[build] In file included from C:\Users\pperv\code\unnamed_rpg\vendor\json-schema-validator\src\json-schema-draft7.json.cpp:9:
[build] In file included from C:\Users\pperv\code\unnamed_rpg\vendor\json\include\nlohmann/json.hpp:44:
[build] In file included from C:\Users\pperv\code\unnamed_rpg\vendor\json\include\nlohmann/adl_serializer.hpp:15:
[build] In file included from C:\Users\pperv\code\unnamed_rpg\vendor\json\include\nlohmann/detail/conversions/to_json.hpp:26:
[build] C:\Users\pperv\code\unnamed_rpg\vendor\json\include\nlohmann/detail/iterators/iteration_proxy.hpp(25,1): warning: empty macro arguments are incompatible with C++98 [-Wc++98-compat-pedantic]
[build] C:\Users\pperv\code\unnamed_rpg\vendor\json\include\nlohmann/detail/abi_macros.hpp(102,17): note: expanded from macro 'NLOHMANN_JSON_NAMESPACE_BEGIN'
[build]   102 |                 NLOHMANN_JSON_ABI_TAGS,              \
[build]       |                 ^
[build] C:\Users\pperv\code\unnamed_rpg\vendor\json\include\nlohmann/detail/abi_macros.hpp(65,5): note: expanded from macro 'NLOHMANN_JSON_ABI_TAGS'
[build]    65 |     NLOHMANN_JSON_ABI_TAGS_CONCAT(                                   \
[build]       |     ^
[build] C:\Users\pperv\code\unnamed_rpg\vendor\json\include\nlohmann/detail/abi_macros.hpp(62,45): note: expanded from macro 'NLOHMANN_JSON_ABI_TAGS_CONCAT'
[build]    62 |     NLOHMANN_JSON_ABI_TAGS_CONCAT_EX(a, b, c)
[build]       |                                             ^
[build] In file included from C:\Users\pperv\code\unnamed_rpg\vendor\json-schema-validator\src\json-schema-draft7.json.cpp:9:
[build] In file included from C:\Users\pperv\code\unnamed_rpg\vendor\json\include\nlohmann/json.hpp:44:
[build] In file included from C:\Users\pperv\code\unnamed_rpg\vendor\json\include\nlohmann/adl_serializer.hpp:15:
[build] In file included from C:\Users\pperv\code\unnamed_rpg\vendor\json\include\nlohmann/detail/conversions/to_json.hpp:26:
[build] C:\Users\pperv\code\unnamed_rpg\vendor\json\include\nlohmann/detail/iterators/iteration_proxy.hpp(25,1): warning: inline namespaces are incompatible with C++98 [-Wc++98-compat]
[build] C:\Users\pperv\code\unnamed_rpg\vendor\json\include\nlohmann/detail/abi_macros.hpp(101,5): note: expanded from macro 'NLOHMANN_JSON_NAMESPACE_BEGIN'
[build]   101 |     inline namespace NLOHMANN_JSON_NAMESPACE_CONCAT( \
[build]       |     ^
[build] In file included from C:\Users\pperv\code\unnamed_rpg\vendor\json-schema-validator\src\json-schema-draft7.json.cpp:9:
[build] In file included from C:\Users\pperv\code\unnamed_rpg\vendor\json\include\nlohmann/json.hpp:44:
[build] In file included from C:\Users\pperv\code\unnamed_rpg\vendor\json\include\nlohmann/adl_serializer.hpp:15:
[build] In file included from C:\Users\pperv\code\unnamed_rpg\vendor\json\include\nlohmann/detail/conversions/to_json.hpp:26:
[build] C:\Users\pperv\code\unnamed_rpg\vendor\json\include\nlohmann/detail/iterators/iteration_proxy.hpp(32,29): warning: alias declarations are incompatible with C++98 [-Wc++98-compat]
[build]    32 |     using difference_type = std::ptrdiff_t;
[build]       |                             ^
[build] C:\Users\pperv\code\unnamed_rpg\vendor\json\include\nlohmann/detail/iterators/iteration_proxy.hpp(33,24): warning: alias declarations are incompatible with C++98 [-Wc++98-compat]
[build]    33 |     using value_type = iteration_proxy_value;
[build]       |                        ^
[build] C:\Users\pperv\code\unnamed_rpg\vendor\json\include\nlohmann/detail/iterators/iteration_proxy.hpp(34,21): warning: alias declarations are incompatible with C++98 [-Wc++98-compat]
[build]    34 |     using pointer = value_type *;
[build]       |                     ^
[build] C:\Users\pperv\code\unnamed_rpg\vendor\json\include\nlohmann/detail/iterators/iteration_proxy.hpp(35,23): warning: alias declarations are incompatible with C++98 [-Wc++98-compat]
[build]    35 |     using reference = value_type &;
[build]       |                       ^
[build] C:\Users\pperv\code\unnamed_rpg\vendor\json\include\nlohmann/detail/iterators/iteration_proxy.hpp(36,31): warning: alias declarations are incompatible with C++98 [-Wc++98-compat]
[build]    36 |     using iterator_category = std::forward_iterator_tag;
[build]       |                               ^
[build] C:\Users\pperv\code\unnamed_rpg\vendor\json\include\nlohmann/detail/iterators/iteration_proxy.hpp(37,25): warning: alias declarations are incompatible with C++98 [-Wc++98-compat]
[build]    37 |     using string_type = typename std::remove_cv< typename std::remove_reference<decltype( std::declval<IteratorType>().key() ) >::type >::type;
[build]       |                         ^
[build] C:\Users\pperv\code\unnamed_rpg\vendor\json\include\nlohmann/detail/iterators/iteration_proxy.hpp(37,81): warning: 'decltype' type specifier is incompatible with C++98 [-Wc++98-compat]
[build]    37 |     using string_type = typename std::remove_cv< typename std::remove_reference<decltype( std::declval<IteratorType>().key() ) >::type >::type;
[build]       |                                                                                 ^
[build] C:\Users\pperv\code\unnamed_rpg\vendor\json\include\nlohmann/detail/iterators/iteration_proxy.hpp(41,24): warning: default member initializer for non-static data members is incompatible with C++98 [-Wc++98-compat]
[build]    41 |     IteratorType anchor{};
[build]       |                        ^
[build] C:\Users\pperv\code\unnamed_rpg\vendor\json\include\nlohmann/detail/iterators/iteration_proxy.hpp(43,29): warning: default member initializer for non-static data members is incompatible with C++98 [-Wc++98-compat]
[build]    43 |     std::size_t array_index = 0;
[build]       |                             ^
[build] C:\Users\pperv\code\unnamed_rpg\vendor\json\include\nlohmann/detail/iterators/iteration_proxy.hpp(45,42): warning: default member initializer for non-static data members is incompatible with C++98 [-Wc++98-compat]
[build]    45 |     mutable std::size_t array_index_last = 0;
[build]       |                                          ^
[build] C:\Users\pperv\code\unnamed_rpg\vendor\json\include\nlohmann/detail/iterators/iteration_proxy.hpp(47,41): warning: default member initializer for non-static data members is incompatible with C++98 [-Wc++98-compat]
[build]    47 |     mutable string_type array_index_str = "0";
[build]       |                                         ^
[build] C:\Users\pperv\code\unnamed_rpg\vendor\json\include\nlohmann/detail/iterators/iteration_proxy.hpp(49,26): warning: default member initializer for non-static data members is incompatible with C++98 [-Wc++98-compat]
[build]    49 |     string_type empty_str{};
[build]       |                          ^
[build] C:\Users\pperv\code\unnamed_rpg\vendor\json\include\nlohmann/detail/iterators/iteration_proxy.hpp(52,40): warning: defaulted function definitions are incompatible with C++98 [-Wc++98-compat]
[build]    52 |     explicit iteration_proxy_value() = default;
[build]       |                                        ^
[build] C:\Users\pperv\code\unnamed_rpg\vendor\json\include\nlohmann/detail/iterators/iteration_proxy.hpp(60,59): warning: defaulted function definitions are incompatible with C++98 [-Wc++98-compat]
[build]    60 |     iteration_proxy_value(iteration_proxy_value const&) = default;
[build]       |                                                           ^
[build] C:\Users\pperv\code\unnamed_rpg\vendor\json\include\nlohmann/detail/iterators/iteration_proxy.hpp(61,70): warning: defaulted function definitions are incompatible with C++98 [-Wc++98-compat]
[build]    61 |     iteration_proxy_value& operator=(iteration_proxy_value const&) = default;
[build]       |                                                                      ^
[build] C:\Users\pperv\code\unnamed_rpg\vendor\json\include\nlohmann/detail/iterators/iteration_proxy.hpp(63,48): warning: rvalue references are incompatible with C++98 [-Wc++98-compat]
[build]    63 |     iteration_proxy_value(iteration_proxy_value&&)
[build]       |                                                ^
[build] C:\Users\pperv\code\unnamed_rpg\vendor\json\include\nlohmann/detail/iterators/iteration_proxy.hpp(65,75): warning: defaulted function definitions are incompatible with C++98 [-Wc++98-compat]
[build]    65 |              && std::is_nothrow_move_constructible<string_type>::value) = default; // NOLINT(hicpp-noexcept-move,performance-noexcept-move-constructor,cppcoreguidelines-noexcept-move-operations)
[build]       |                                                                           ^
[build] C:\Users\pperv\code\unnamed_rpg\vendor\json\include\nlohmann/detail/iterators/iteration_proxy.hpp(66,59): warning: rvalue references are incompatible with C++98 [-Wc++98-compat]
[build]    66 |     iteration_proxy_value& operator=(iteration_proxy_value&&)
[build]       |                                                           ^
[build] C:\Users\pperv\code\unnamed_rpg\vendor\json\include\nlohmann/detail/iterators/iteration_proxy.hpp(68,72): warning: defaulted function definitions are incompatible with C++98 [-Wc++98-compat]
[build]    68 |              && std::is_nothrow_move_assignable<string_type>::value) = default; // NOLINT(hicpp-noexcept-move,performance-noexcept-move-constructor,cppcoreguidelines-noexcept-move-operations)
[build]       |                                                                        ^
[build] C:\Users\pperv\code\unnamed_rpg\vendor\json\include\nlohmann/detail/iterators/iteration_proxy.hpp(69,32): warning: defaulted function definitions are incompatible with C++98 [-Wc++98-compat]
[build]    69 |     ~iteration_proxy_value() = default;
[build]       |                                ^
[build] C:\Users\pperv\code\unnamed_rpg\vendor\json\include\nlohmann/detail/iterators/iteration_proxy.hpp(86,42): warning: reference qualifiers on functions are incompatible with C++98 [-Wc++98-compat]
[build]    86 |     iteration_proxy_value operator++(int)& // NOLINT(cert-dcl21-cpp)
[build]       |                                          ^
[build] C:\Users\pperv\code\unnamed_rpg\vendor\json\include\nlohmann/detail/iterators/iteration_proxy.hpp(54,5): warning: noexcept specifications are incompatible with C++98 [-Wc++98-compat]
[build]    54 |     noexcept(std::is_nothrow_move_constructible<IteratorType>::value
[build]       |     ^
[build] C:\Users\pperv\code\unnamed_rpg\vendor\json\include\nlohmann/detail/iterators/iteration_proxy.hpp(64,5): warning: noexcept specifications are incompatible with C++98 [-Wc++98-compat]
[build]    64 |     noexcept(std::is_nothrow_move_constructible<IteratorType>::value
[build]       |     ^
[build] C:\Users\pperv\code\unnamed_rpg\vendor\json\include\nlohmann/detail/iterators/iteration_proxy.hpp(67,5): warning: noexcept specifications are incompatible with C++98 [-Wc++98-compat]
[build]    67 |     noexcept(std::is_nothrow_move_assignable<IteratorType>::value
[build]       |     ^
[build] C:\Users\pperv\code\unnamed_rpg\vendor\json\include\nlohmann/detail/iterators/iteration_proxy.hpp(154,46): warning: default member initializer for non-static data members is incompatible with C++98 [-Wc++98-compat]
[build]   154 |     typename IteratorType::pointer container = nullptr;
[build]       |                                              ^
[build] C:\Users\pperv\code\unnamed_rpg\vendor\json\include\nlohmann/detail/iterators/iteration_proxy.hpp(157,34): warning: defaulted function definitions are incompatible with C++98 [-Wc++98-compat]
[build]   157 |     explicit iteration_proxy() = default;
[build]       |                                  ^
[build] C:\Users\pperv\code\unnamed_rpg\vendor\json\include\nlohmann/detail/iterators/iteration_proxy.hpp(161,9): warning: noexcept specifications are incompatible with C++98 [-Wc++98-compat]
[build]   161 |         : container(&cont) {}
[build]       |         ^
[build] C:\Users\pperv\code\unnamed_rpg\vendor\json\include\nlohmann/detail/iterators/iteration_proxy.hpp(163,47): warning: defaulted function definitions are incompatible with C++98 [-Wc++98-compat]
[build]   163 |     iteration_proxy(iteration_proxy const&) = default;
[build]       |                                               ^
[build] C:\Users\pperv\code\unnamed_rpg\vendor\json\include\nlohmann/detail/iterators/iteration_proxy.hpp(164,58): warning: defaulted function definitions are incompatible with C++98 [-Wc++98-compat]
[build]   164 |     iteration_proxy& operator=(iteration_proxy const&) = default;
[build]       |                                                          ^
[build] C:\Users\pperv\code\unnamed_rpg\vendor\json\include\nlohmann/detail/iterators/iteration_proxy.hpp(165,36): warning: rvalue references are incompatible with C++98 [-Wc++98-compat]
[build]   165 |     iteration_proxy(iteration_proxy&&) noexcept = default;
[build]       |                                    ^
[build] C:\Users\pperv\code\unnamed_rpg\vendor\json\include\nlohmann/detail/iterators/iteration_proxy.hpp(165,49): warning: noexcept specifications are incompatible with C++98 [-Wc++98-compat]
[build]   165 |     iteration_proxy(iteration_proxy&&) noexcept = default;
[build]       |                                                 ^
[build] C:\Users\pperv\code\unnamed_rpg\vendor\json\include\nlohmann/detail/iterators/iteration_proxy.hpp(165,51): warning: defaulted function definitions are incompatible with C++98 [-Wc++98-compat]
[build]   165 |     iteration_proxy(iteration_proxy&&) noexcept = default;
[build]       |                                                   ^
[build] C:\Users\pperv\code\unnamed_rpg\vendor\json\include\nlohmann/detail/iterators/iteration_proxy.hpp(166,47): warning: rvalue references are incompatible with C++98 [-Wc++98-compat]
[build]   166 |     iteration_proxy& operator=(iteration_proxy&&) noexcept = default;
[build]       |                                               ^
[build] C:\Users\pperv\code\unnamed_rpg\vendor\json\include\nlohmann/detail/iterators/iteration_proxy.hpp(166,60): warning: noexcept specifications are incompatible with C++98 [-Wc++98-compat]
[build]   166 |     iteration_proxy& operator=(iteration_proxy&&) noexcept = default;
[build]       |                                                            ^
[build] C:\Users\pperv\code\unnamed_rpg\vendor\json\include\nlohmann/detail/iterators/iteration_proxy.hpp(166,62): warning: defaulted function definitions are incompatible with C++98 [-Wc++98-compat]
[build]   166 |     iteration_proxy& operator=(iteration_proxy&&) noexcept = default;
[build]       |                                                              ^
[build] C:\Users\pperv\code\unnamed_rpg\vendor\json\include\nlohmann/detail/iterators/iteration_proxy.hpp(167,26): warning: defaulted function definitions are incompatible with C++98 [-Wc++98-compat]
[build]   167 |     ~iteration_proxy() = default;
[build]       |                          ^
[build] C:\Users\pperv\code\unnamed_rpg\vendor\json\include\nlohmann/detail/iterators/iteration_proxy.hpp(171,5): warning: noexcept specifications are incompatible with C++98 [-Wc++98-compat]
[build]   171 |     {
[build]       |     ^
[build] C:\Users\pperv\code\unnamed_rpg\vendor\json\include\nlohmann/detail/iterators/iteration_proxy.hpp(177,5): warning: noexcept specifications are incompatible with C++98 [-Wc++98-compat]
[build]   177 |     {
[build]       |     ^
[build] C:\Users\pperv\code\unnamed_rpg\vendor\json\include\nlohmann/detail/iterators/iteration_proxy.hpp(154,48): warning: 'nullptr' is incompatible with C++98 [-Wc++98-compat]
[build]   154 |     typename IteratorType::pointer container = nullptr;
[build]       |                                                ^
[build] C:\Users\pperv\code\unnamed_rpg\vendor\json\include\nlohmann/detail/iterators/iteration_proxy.hpp(186,74): warning: trailing return types are incompatible with C++98 [-Wc++98-compat]
[build]   186 | auto get(const nlohmann::detail::iteration_proxy_value<IteratorType>& i) -> decltype(i.key())
[build]       |                                                                          ^
[build] C:\Users\pperv\code\unnamed_rpg\vendor\json\include\nlohmann/detail/iterators/iteration_proxy.hpp(186,77): warning: 'decltype' type specifier is incompatible with C++98 [-Wc++98-compat]
[build]   186 | auto get(const nlohmann::detail::iteration_proxy_value<IteratorType>& i) -> decltype(i.key())
[build]       |                                                                             ^
[build] C:\Users\pperv\code\unnamed_rpg\vendor\json\include\nlohmann/detail/iterators/iteration_proxy.hpp(185,73): warning: default template arguments for a function template are incompatible with C++98 [-Wc++98-compat]
[build]   185 | template<std::size_t N, typename IteratorType, enable_if_t<N == 0, int> = 0>
[build]       |                                                                         ^ ~
[build] C:\Users\pperv\code\unnamed_rpg\vendor\json\include\nlohmann/detail/iterators/iteration_proxy.hpp(194,74): warning: trailing return types are incompatible with C++98 [-Wc++98-compat]
[build]   194 | auto get(const nlohmann::detail::iteration_proxy_value<IteratorType>& i) -> decltype(i.value())
[build]       |                                                                          ^
[build] C:\Users\pperv\code\unnamed_rpg\vendor\json\include\nlohmann/detail/iterators/iteration_proxy.hpp(194,77): warning: 'decltype' type specifier is incompatible with C++98 [-Wc++98-compat]
[build]   194 | auto get(const nlohmann::detail::iteration_proxy_value<IteratorType>& i) -> decltype(i.value())
[build]       |                                                                             ^
[build] C:\Users\pperv\code\unnamed_rpg\vendor\json\include\nlohmann/detail/iterators/iteration_proxy.hpp(193,73): warning: default template arguments for a function template are incompatible with C++98 [-Wc++98-compat]
[build]   193 | template<std::size_t N, typename IteratorType, enable_if_t<N == 1, int> = 0>
[build]       |                                                                         ^ ~
[build] C:\Users\pperv\code\unnamed_rpg\vendor\json\include\nlohmann/detail/iterators/iteration_proxy.hpp(215,17): warning: '<::' is treated as digraph '<:' (aka '[') followed by ':' in C++98 [-Wc++98-compat]
[build]   215 | class tuple_size<::nlohmann::detail::iteration_proxy_value<IteratorType>> // NOLINT(cert-dcl58-cpp)
[build]       |                 ^
[build] C:\Users\pperv\code\unnamed_rpg\vendor\json\include\nlohmann/detail/iterators/iteration_proxy.hpp(215,72): warning: consecutive right angle brackets are incompatible with C++98 (use '> >') [-Wc++98-compat]
[build]   215 | class tuple_size<::nlohmann::detail::iteration_proxy_value<IteratorType>> // NOLINT(cert-dcl58-cpp)
[build]       |                                                                        ^~
[build]       |                                                                        > >
[build] C:\Users\pperv\code\unnamed_rpg\vendor\json\include\nlohmann/detail/iterators/iteration_proxy.hpp(219,79): warning: consecutive right angle brackets are incompatible with C++98 (use '> >') [-Wc++98-compat]
[build]   219 | class tuple_element<N, ::nlohmann::detail::iteration_proxy_value<IteratorType >> // NOLINT(cert-dcl58-cpp)
[build]       |                                                                               ^~
[build]       |                                                                               > >
[build] C:\Users\pperv\code\unnamed_rpg\vendor\json\include\nlohmann/detail/iterators/iteration_proxy.hpp(222,18): warning: alias declarations are incompatible with C++98 [-Wc++98-compat]
[build]   222 |     using type = decltype(
[build]       |                  ^
[build] C:\Users\pperv\code\unnamed_rpg\vendor\json\include\nlohmann/detail/iterators/iteration_proxy.hpp(222,18): warning: 'decltype' type specifier is incompatible with C++98 [-Wc++98-compat]
[build] C:\Users\pperv\code\unnamed_rpg\vendor\json\include\nlohmann/detail/iterators/iteration_proxy.hpp(224,84): warning: consecutive right angle brackets are incompatible with C++98 (use '> >') [-Wc++98-compat]
[build]   224 |                             ::nlohmann::detail::iteration_proxy_value<IteratorType >> ()));
[build]       |                                                                                    ^~
[build]       |                                                                                    > >
[build] In file included from C:\Users\pperv\code\unnamed_rpg\vendor\json-schema-validator\src\json-schema-draft7.json.cpp:9:
[build] In file included from C:\Users\pperv\code\unnamed_rpg\vendor\json\include\nlohmann/json.hpp:44:
[build] In file included from C:\Users\pperv\code\unnamed_rpg\vendor\json\include\nlohmann/adl_serializer.hpp:15:
[build] C:\Users\pperv\code\unnamed_rpg\vendor\json\include\nlohmann/detail/conversions/to_json.hpp(32,1): warning: empty macro arguments are incompatible with C++98 [-Wc++98-compat-pedantic]
[build]    32 | NLOHMANN_JSON_NAMESPACE_BEGIN
[build]       | ^
[build] C:\Users\pperv\code\unnamed_rpg\vendor\json\include\nlohmann/detail/abi_macros.hpp(102,17): note: expanded from macro 'NLOHMANN_JSON_NAMESPACE_BEGIN'
[build]   102 |                 NLOHMANN_JSON_ABI_TAGS,              \
[build]       |                 ^
[build] C:\Users\pperv\code\unnamed_rpg\vendor\json\include\nlohmann/detail/abi_macros.hpp(65,5): note: expanded from macro 'NLOHMANN_JSON_ABI_TAGS'
[build]    65 |     NLOHMANN_JSON_ABI_TAGS_CONCAT(                                   \
[build]       |     ^
[build] C:\Users\pperv\code\unnamed_rpg\vendor\json\include\nlohmann/detail/abi_macros.hpp(62,39): note: expanded from macro 'NLOHMANN_JSON_ABI_TAGS_CONCAT'
[build]    62 |     NLOHMANN_JSON_ABI_TAGS_CONCAT_EX(a, b, c)
[build]       |                                       ^
[build] In file included from C:\Users\pperv\code\unnamed_rpg\vendor\json-schema-validator\src\json-schema-draft7.json.cpp:9:
[build] In file included from C:\Users\pperv\code\unnamed_rpg\vendor\json\include\nlohmann/json.hpp:44:
[build] In file included from C:\Users\pperv\code\unnamed_rpg\vendor\json\include\nlohmann/adl_serializer.hpp:15:
[build] C:\Users\pperv\code\unnamed_rpg\vendor\json\include\nlohmann/detail/conversions/to_json.hpp(32,1): warning: empty macro arguments are incompatible with C++98 [-Wc++98-compat-pedantic]
[build] C:\Users\pperv\code\unnamed_rpg\vendor\json\include\nlohmann/detail/abi_macros.hpp(102,17): note: expanded from macro 'NLOHMANN_JSON_NAMESPACE_BEGIN'
[build]   102 |                 NLOHMANN_JSON_ABI_TAGS,              \
[build]       |                 ^
[build] C:\Users\pperv\code\unnamed_rpg\vendor\json\include\nlohmann/detail/abi_macros.hpp(65,5): note: expanded from macro 'NLOHMANN_JSON_ABI_TAGS'
[build]    65 |     NLOHMANN_JSON_ABI_TAGS_CONCAT(                                   \
[build]       |     ^
[build] C:\Users\pperv\code\unnamed_rpg\vendor\json\include\nlohmann/detail/abi_macros.hpp(62,42): note: expanded from macro 'NLOHMANN_JSON_ABI_TAGS_CONCAT'
[build]    62 |     NLOHMANN_JSON_ABI_TAGS_CONCAT_EX(a, b, c)
[build]       |                                          ^
[build] In file included from C:\Users\pperv\code\unnamed_rpg\vendor\json-schema-validator\src\json-schema-draft7.json.cpp:9:
[build] In file included from C:\Users\pperv\code\unnamed_rpg\vendor\json\include\nlohmann/json.hpp:44:
[build] In file included from C:\Users\pperv\code\unnamed_rpg\vendor\json\include\nlohmann/adl_serializer.hpp:15:
[build] C:\Users\pperv\code\unnamed_rpg\vendor\json\include\nlohmann/detail/conversions/to_json.hpp(32,1): warning: empty macro arguments are incompatible with C++98 [-Wc++98-compat-pedantic]
[build] C:\Users\pperv\code\unnamed_rpg\vendor\json\include\nlohmann/detail/abi_macros.hpp(102,17): note: expanded from macro 'NLOHMANN_JSON_NAMESPACE_BEGIN'
[build]   102 |                 NLOHMANN_JSON_ABI_TAGS,              \
[build]       |                 ^
[build] C:\Users\pperv\code\unnamed_rpg\vendor\json\include\nlohmann/detail/abi_macros.hpp(65,5): note: expanded from macro 'NLOHMANN_JSON_ABI_TAGS'
[build]    65 |     NLOHMANN_JSON_ABI_TAGS_CONCAT(                                   \
[build]       |     ^
[build] C:\Users\pperv\code\unnamed_rpg\vendor\json\include\nlohmann/detail/abi_macros.hpp(62,45): note: expanded from macro 'NLOHMANN_JSON_ABI_TAGS_CONCAT'
[build]    62 |     NLOHMANN_JSON_ABI_TAGS_CONCAT_EX(a, b, c)
[build]       |                                             ^
[build] In file included from C:\Users\pperv\code\unnamed_rpg\vendor\json-schema-validator\src\json-schema-draft7.json.cpp:9:
[build] In file included from C:\Users\pperv\code\unnamed_rpg\vendor\json\include\nlohmann/json.hpp:44:
[build] In file included from C:\Users\pperv\code\unnamed_rpg\vendor\json\include\nlohmann/adl_serializer.hpp:15:
[build] C:\Users\pperv\code\unnamed_rpg\vendor\json\include\nlohmann/detail/conversions/to_json.hpp(32,1): warning: inline namespaces are incompatible with C++98 [-Wc++98-compat]
[build] C:\Users\pperv\code\unnamed_rpg\vendor\json\include\nlohmann/detail/abi_macros.hpp(101,5): note: expanded from macro 'NLOHMANN_JSON_NAMESPACE_BEGIN'
[build]   101 |     inline namespace NLOHMANN_JSON_NAMESPACE_CONCAT( \
[build]       |     ^
[build] In file included from C:\Users\pperv\code\unnamed_rpg\vendor\json-schema-validator\src\json-schema-draft7.json.cpp:9:
[build] In file included from C:\Users\pperv\code\unnamed_rpg\vendor\json\include\nlohmann/json.hpp:44:
[build] In file included from C:\Users\pperv\code\unnamed_rpg\vendor\json\include\nlohmann/adl_serializer.hpp:15:
[build] C:\Users\pperv\code\unnamed_rpg\vendor\json\include\nlohmann/detail/conversions/to_json.hpp(50,29): warning: enumeration type in nested name specifier is incompatible with C++98 [-Wc++98-compat]
[build]    50 | struct external_constructor<value_t::boolean>
[build]       |                             ^
[build] C:\Users\pperv\code\unnamed_rpg\vendor\json\include\nlohmann/detail/conversions/to_json.hpp(54,5): warning: noexcept specifications are incompatible with C++98 [-Wc++98-compat]
[build]    54 |     {
[build]       |     ^
[build] C:\Users\pperv\code\unnamed_rpg\vendor\json\include\nlohmann/detail/conversions/to_json.hpp(63,29): warning: enumeration type in nested name specifier is incompatible with C++98 [-Wc++98-compat]
[build]    63 | struct external_constructor<value_t::string>
[build]       |                             ^
[build] C:\Users\pperv\code\unnamed_rpg\vendor\json\include\nlohmann/detail/conversions/to_json.hpp(75,77): warning: rvalue references are incompatible with C++98 [-Wc++98-compat]
[build]    75 |     static void construct(BasicJsonType& j, typename BasicJsonType::string_t&& s)
[build]       |                                                                             ^
[build] C:\Users\pperv\code\unnamed_rpg\vendor\json\include\nlohmann/detail/conversions/to_json.hpp(85,36): warning: default template arguments for a function template are incompatible with C++98 [-Wc++98-compat]
[build]    85 |                              int > = 0 >
[build]       |                                    ^ ~
[build] C:\Users\pperv\code\unnamed_rpg\vendor\json\include\nlohmann/detail/conversions/to_json.hpp(96,29): warning: enumeration type in nested name specifier is incompatible with C++98 [-Wc++98-compat]
[build]    96 | struct external_constructor<value_t::binary>
[build]       |                             ^
[build] C:\Users\pperv\code\unnamed_rpg\vendor\json\include\nlohmann/detail/conversions/to_json.hpp(108,77): warning: rvalue references are incompatible with C++98 [-Wc++98-compat]
[build]   108 |     static void construct(BasicJsonType& j, typename BasicJsonType::binary_t&& b)
[build]       |                                                                             ^
[build] C:\Users\pperv\code\unnamed_rpg\vendor\json\include\nlohmann/detail/conversions/to_json.hpp(118,29): warning: enumeration type in nested name specifier is incompatible with C++98 [-Wc++98-compat]
[build]   118 | struct external_constructor<value_t::number_float>
[build]       |                             ^
[build] C:\Users\pperv\code\unnamed_rpg\vendor\json\include\nlohmann/detail/conversions/to_json.hpp(122,5): warning: noexcept specifications are incompatible with C++98 [-Wc++98-compat]
[build]   122 |     {
[build]       |     ^
[build] C:\Users\pperv\code\unnamed_rpg\vendor\json\include\nlohmann/detail/conversions/to_json.hpp(131,29): warning: enumeration type in nested name specifier is incompatible with C++98 [-Wc++98-compat]
[build]   131 | struct external_constructor<value_t::number_unsigned>
[build]       |                             ^
[build] C:\Users\pperv\code\unnamed_rpg\vendor\json\include\nlohmann/detail/conversions/to_json.hpp(135,5): warning: noexcept specifications are incompatible with C++98 [-Wc++98-compat]
[build]   135 |     {
[build]       |     ^
[build] C:\Users\pperv\code\unnamed_rpg\vendor\json\include\nlohmann/detail/conversions/to_json.hpp(144,29): warning: enumeration type in nested name specifier is incompatible with C++98 [-Wc++98-compat]
[build]   144 | struct external_constructor<value_t::number_integer>
[build]       |                             ^
[build] C:\Users\pperv\code\unnamed_rpg\vendor\json\include\nlohmann/detail/conversions/to_json.hpp(148,5): warning: noexcept specifications are incompatible with C++98 [-Wc++98-compat]
[build]   148 |     {
[build]       |     ^
[build] C:\Users\pperv\code\unnamed_rpg\vendor\json\include\nlohmann/detail/conversions/to_json.hpp(157,29): warning: enumeration type in nested name specifier is incompatible with C++98 [-Wc++98-compat]
[build]   157 | struct external_constructor<value_t::array>
[build]       |                             ^
[build] C:\Users\pperv\code\unnamed_rpg\vendor\json\include\nlohmann/detail/conversions/to_json.hpp(170,76): warning: rvalue references are incompatible with C++98 [-Wc++98-compat]
[build]   170 |     static void construct(BasicJsonType& j, typename BasicJsonType::array_t&& arr)
[build]       |                                                                            ^
[build] C:\Users\pperv\code\unnamed_rpg\vendor\json\include\nlohmann/detail/conversions/to_json.hpp(184,38): warning: default template arguments for a function template are incompatible with C++98 [-Wc++98-compat]
[build]   184 |                              , int > = 0 >
[build]       |                                      ^ ~
[build] C:\Users\pperv\code\unnamed_rpg\vendor\json\include\nlohmann/detail/conversions/to_json.hpp(213,77): warning: default template arguments for a function template are incompatible with C++98 [-Wc++98-compat]
[build]   213 |              enable_if_t<std::is_convertible<T, BasicJsonType>::value, int> = 0>
[build]       |                                                                             ^ ~
[build] C:\Users\pperv\code\unnamed_rpg\vendor\json\include\nlohmann/detail/conversions/to_json.hpp(246,29): warning: enumeration type in nested name specifier is incompatible with C++98 [-Wc++98-compat]
[build]   246 | struct external_constructor<value_t::object>
[build]       |                             ^
[build] C:\Users\pperv\code\unnamed_rpg\vendor\json\include\nlohmann/detail/conversions/to_json.hpp(259,77): warning: rvalue references are incompatible with C++98 [-Wc++98-compat]
[build]   259 |     static void construct(BasicJsonType& j, typename BasicJsonType::object_t&& obj)
[build]       |                                                                             ^
[build] C:\Users\pperv\code\unnamed_rpg\vendor\json\include\nlohmann/detail/conversions/to_json.hpp(269,114): warning: default template arguments for a function template are incompatible with C++98 [-Wc++98-compat]
[build]   269 |                enable_if_t < !std::is_same<CompatibleObjectType, typename BasicJsonType::object_t>::value, int > = 0 >
[build]       |                                                                                                                  ^ ~
[build] C:\Users\pperv\code\unnamed_rpg\vendor\json\include\nlohmann/detail/conversions/to_json.hpp(305,44): warning: noexcept specifications are incompatible with C++98 [-Wc++98-compat]
[build]   305 | inline void to_json(BasicJsonType& j, T b) noexcept
[build]       |                                            ^
[build] C:\Users\pperv\code\unnamed_rpg\vendor\json\include\nlohmann/detail/conversions/to_json.hpp(304,86): warning: default template arguments for a function template are incompatible with C++98 [-Wc++98-compat]
[build]   304 |          enable_if_t<std::is_same<T, typename BasicJsonType::boolean_t>::value, int> = 0>
[build]       |                                                                                      ^ ~
[build] C:\Users\pperv\code\unnamed_rpg\vendor\json\include\nlohmann/detail/conversions/to_json.hpp(318,57): warning: noexcept specifications are incompatible with C++98 [-Wc++98-compat]
[build]   318 | inline void to_json(BasicJsonType& j, const BoolRef& b) noexcept
[build]       |                                                         ^
[build] C:\Users\pperv\code\unnamed_rpg\vendor\json\include\nlohmann/detail/conversions/to_json.hpp(317,104): warning: default template arguments for a function template are incompatible with C++98 [-Wc++98-compat]
[build]   317 |                && std::is_convertible<const BoolRef&, typename BasicJsonType::boolean_t>::value, int > = 0 >
[build]       |                                                                                                        ^ ~
[build] C:\Users\pperv\code\unnamed_rpg\vendor\json\include\nlohmann/detail/conversions/to_json.hpp(324,109): warning: default template arguments for a function template are incompatible with C++98 [-Wc++98-compat]
[build]   324 |          enable_if_t<std::is_constructible<typename BasicJsonType::string_t, CompatibleString>::value, int> = 0>
[build]       |                                                                                                             ^ ~
[build] C:\Users\pperv\code\unnamed_rpg\vendor\json\include\nlohmann/detail/conversions/to_json.hpp(331,71): warning: rvalue references are incompatible with C++98 [-Wc++98-compat]
[build]   331 | inline void to_json(BasicJsonType& j, typename BasicJsonType::string_t&& s)
[build]       |                                                                       ^
[build] C:\Users\pperv\code\unnamed_rpg\vendor\json\include\nlohmann/detail/conversions/to_json.hpp(338,54): warning: noexcept specifications are incompatible with C++98 [-Wc++98-compat]
[build]   338 | inline void to_json(BasicJsonType& j, FloatType val) noexcept
[build]       |                                                      ^
[build] C:\Users\pperv\code\unnamed_rpg\vendor\json\include\nlohmann/detail/conversions/to_json.hpp(337,69): warning: default template arguments for a function template are incompatible with C++98 [-Wc++98-compat]
[build]   337 |          enable_if_t<std::is_floating_point<FloatType>::value, int> = 0>
[build]       |                                                                     ^ ~
[build] C:\Users\pperv\code\unnamed_rpg\vendor\json\include\nlohmann/detail/conversions/to_json.hpp(345,73): warning: noexcept specifications are incompatible with C++98 [-Wc++98-compat]
[build]   345 | inline void to_json(BasicJsonType& j, CompatibleNumberUnsignedType val) noexcept
[build]       |                                                                         ^
[build] C:\Users\pperv\code\unnamed_rpg\vendor\json\include\nlohmann/detail/conversions/to_json.hpp(344,135): warning: default template arguments for a function template are incompatible with C++98 [-Wc++98-compat]
[build]   344 |          enable_if_t<is_compatible_integer_type<typename BasicJsonType::number_unsigned_t, CompatibleNumberUnsignedType>::value, int> = 0>
[build]       |                                                                                                                                       ^ ~
[build] C:\Users\pperv\code\unnamed_rpg\vendor\json\include\nlohmann/detail/conversions/to_json.hpp(352,72): warning: noexcept specifications are incompatible with C++98 [-Wc++98-compat]
[build]   352 | inline void to_json(BasicJsonType& j, CompatibleNumberIntegerType val) noexcept
[build]       |                                                                        ^
[build] C:\Users\pperv\code\unnamed_rpg\vendor\json\include\nlohmann/detail/conversions/to_json.hpp(351,133): warning: default template arguments for a function template are incompatible with C++98 [-Wc++98-compat]
[build]   351 |          enable_if_t<is_compatible_integer_type<typename BasicJsonType::number_integer_t, CompatibleNumberIntegerType>::value, int> = 0>
[build]       |                                                                                                                                     ^ ~
[build] C:\Users\pperv\code\unnamed_rpg\vendor\json\include\nlohmann/detail/conversions/to_json.hpp(360,51): warning: noexcept specifications are incompatible with C++98 [-Wc++98-compat]
[build]   360 | inline void to_json(BasicJsonType& j, EnumType e) noexcept
[build]       |                                                   ^
[build] C:\Users\pperv\code\unnamed_rpg\vendor\json\include\nlohmann/detail/conversions/to_json.hpp(359,58): warning: default template arguments for a function template are incompatible with C++98 [-Wc++98-compat]
[build]   359 |          enable_if_t<std::is_enum<EnumType>::value, int> = 0>
[build]       |                                                          ^ ~
[build] C:\Users\pperv\code\unnamed_rpg\vendor\json\include\nlohmann/detail/conversions/to_json.hpp(386,32): warning: default template arguments for a function template are incompatible with C++98 [-Wc++98-compat]
[build]   386 |                          int > = 0 >
[build]       |                                ^ ~
[build] C:\Users\pperv\code\unnamed_rpg\vendor\json\include\nlohmann/detail/conversions/to_json.hpp(412,32): warning: default template arguments for a function template are incompatible with C++98 [-Wc++98-compat]
[build]   412 |                          int > = 0 >
[build]       |                                ^ ~
[build] C:\Users\pperv\code\unnamed_rpg\vendor\json\include\nlohmann/detail/conversions/to_json.hpp(419,73): warning: default template arguments for a function template are incompatible with C++98 [-Wc++98-compat]
[build]   419 |          enable_if_t<std::is_convertible<T, BasicJsonType>::value, int> = 0>
[build]       |                                                                         ^ ~
[build] C:\Users\pperv\code\unnamed_rpg\vendor\json\include\nlohmann/detail/conversions/to_json.hpp(426,70): warning: rvalue references are incompatible with C++98 [-Wc++98-compat]
[build]   426 | inline void to_json(BasicJsonType& j, typename BasicJsonType::array_t&& arr)
[build]       |                                                                      ^
[build] C:\Users\pperv\code\unnamed_rpg\vendor\json\include\nlohmann/detail/conversions/to_json.hpp(432,149): warning: default template arguments for a function template are incompatible with C++98 [-Wc++98-compat]
[build]   432 |            enable_if_t < is_compatible_object_type<BasicJsonType, CompatibleObjectType>::value&& !is_basic_json<CompatibleObjectType>::value, int > = 0 >
[build]       |                                                                                                                                                     ^ ~
[build] C:\Users\pperv\code\unnamed_rpg\vendor\json\include\nlohmann/detail/conversions/to_json.hpp(439,71): warning: rvalue references are incompatible with C++98 [-Wc++98-compat]
[build]   439 | inline void to_json(BasicJsonType& j, typename BasicJsonType::object_t&& obj)
[build]       |                                                                       ^
[build] C:\Users\pperv\code\unnamed_rpg\vendor\json\include\nlohmann/detail/conversions/to_json.hpp(448,25): warning: default template arguments for a function template are incompatible with C++98 [-Wc++98-compat]
[build]   448 |                   int > = 0 >
[build]       |                         ^ ~
[build] C:\Users\pperv\code\unnamed_rpg\vendor\json\include\nlohmann/detail/conversions/to_json.hpp(454,181): warning: default template arguments for a function template are incompatible with C++98 [-Wc++98-compat]
[build]   454 | template < typename BasicJsonType, typename T1, typename T2, enable_if_t < std::is_constructible<BasicJsonType, T1>::value&& std::is_constructible<BasicJsonType, T2>::value, int > = 0 >
[build]       |                                                                                                                                                                                     ^ ~
[build] C:\Users\pperv\code\unnamed_rpg\vendor\json\include\nlohmann/detail/conversions/to_json.hpp(462,92): warning: consecutive right angle brackets are incompatible with C++98 (use '> >') [-Wc++98-compat]
[build]   462 |          enable_if_t<std::is_same<T, iteration_proxy_value<typename BasicJsonType::iterator>>::value, int> = 0>
[build]       |                                                                                            ^~
[build]       |                                                                                            > >
[build] C:\Users\pperv\code\unnamed_rpg\vendor\json\include\nlohmann/detail/conversions/to_json.hpp(462,108): warning: default template arguments for a function template are incompatible with C++98 [-Wc++98-compat]
[build]   462 |          enable_if_t<std::is_same<T, iteration_proxy_value<typename BasicJsonType::iterator>>::value, int> = 0>
[build]       |                                                                                                            ^ ~
[build] C:\Users\pperv\code\unnamed_rpg\vendor\json\include\nlohmann/detail/conversions/to_json.hpp(468,61): warning: variadic templates are incompatible with C++98 [-Wc++98-compat]
[build]   468 | template<typename BasicJsonType, typename Tuple, std::size_t... Idx>
[build]       |                                                             ^
[build] C:\Users\pperv\code\unnamed_rpg\vendor\json\include\nlohmann/detail/conversions/to_json.hpp(481,113): warning: default template arguments for a function template are incompatible with C++98 [-Wc++98-compat]
[build]   481 | template<typename BasicJsonType, typename T, enable_if_t<is_constructible_tuple<BasicJsonType, T>::value, int > = 0>
[build]       |                                                                                                                 ^ ~
[build] C:\Users\pperv\code\unnamed_rpg\vendor\json\include\nlohmann/detail/conversions/to_json.hpp(513,40): warning: rvalue references are incompatible with C++98 [-Wc++98-compat]
[build]   513 |     auto operator()(BasicJsonType& j, T&& val) const noexcept(noexcept(to_json(j, std::forward<T>(val))))
[build]       |                                        ^
[build] C:\Users\pperv\code\unnamed_rpg\vendor\json\include\nlohmann/detail/conversions/to_json.hpp(514,5): warning: trailing return types are incompatible with C++98 [-Wc++98-compat]
[build]   514 |     -> decltype(to_json(j, std::forward<T>(val)), void())
[build]       |     ^
[build] C:\Users\pperv\code\unnamed_rpg\vendor\json\include\nlohmann/detail/conversions/to_json.hpp(514,8): warning: 'decltype' type specifier is incompatible with C++98 [-Wc++98-compat]
[build]   514 |     -> decltype(to_json(j, std::forward<T>(val)), void())
[build]       |        ^
[build] C:\Users\pperv\code\unnamed_rpg\vendor\json\include\nlohmann/detail/conversions/to_json.hpp(513,54): warning: noexcept specifications are incompatible with C++98 [-Wc++98-compat]
[build]   513 |     auto operator()(BasicJsonType& j, T&& val) const noexcept(noexcept(to_json(j, std::forward<T>(val))))
[build]       |                                                      ^
[build] C:\Users\pperv\code\unnamed_rpg\vendor\json\include\nlohmann/detail/conversions/to_json.hpp(513,63): warning: noexcept expressions are incompatible with C++98 [-Wc++98-compat]
[build]   513 |     auto operator()(BasicJsonType& j, T&& val) const noexcept(noexcept(to_json(j, std::forward<T>(val))))
[build]       |                                                               ^
[build] C:\Users\pperv\code\unnamed_rpg\vendor\json\include\nlohmann/detail/conversions/to_json.hpp(528,22): warning: 'constexpr' specifier is incompatible with C++98 [-Wc++98-compat]
[build]   528 | JSON_INLINE_VARIABLE constexpr const auto& to_json = // NOLINT(misc-definitions-in-headers)
[build]       |                      ^
[build] C:\Users\pperv\code\unnamed_rpg\vendor\json\include\nlohmann/detail/conversions/to_json.hpp(528,38): warning: 'auto' type specifier is incompatible with C++98 [-Wc++98-compat]
[build]   528 | JSON_INLINE_VARIABLE constexpr const auto& to_json = // NOLINT(misc-definitions-in-headers)
[build]       |                                      ^~~~
[build] In file included from C:\Users\pperv\code\unnamed_rpg\vendor\json-schema-validator\src\json-schema-draft7.json.cpp:9:
[build] In file included from C:\Users\pperv\code\unnamed_rpg\vendor\json\include\nlohmann/json.hpp:44:
[build] C:\Users\pperv\code\unnamed_rpg\vendor\json\include\nlohmann/adl_serializer.hpp(18,1): warning: empty macro arguments are incompatible with C++98 [-Wc++98-compat-pedantic]
[build]    18 | NLOHMANN_JSON_NAMESPACE_BEGIN
[build]       | ^
[build] C:\Users\pperv\code\unnamed_rpg\vendor\json\include\nlohmann/detail/abi_macros.hpp(102,17): note: expanded from macro 'NLOHMANN_JSON_NAMESPACE_BEGIN'
[build]   102 |                 NLOHMANN_JSON_ABI_TAGS,              \
[build]       |                 ^
[build] C:\Users\pperv\code\unnamed_rpg\vendor\json\include\nlohmann/detail/abi_macros.hpp(65,5): note: expanded from macro 'NLOHMANN_JSON_ABI_TAGS'
[build]    65 |     NLOHMANN_JSON_ABI_TAGS_CONCAT(                                   \
[build]       |     ^
[build] C:\Users\pperv\code\unnamed_rpg\vendor\json\include\nlohmann/detail/abi_macros.hpp(62,39): note: expanded from macro 'NLOHMANN_JSON_ABI_TAGS_CONCAT'
[build]    62 |     NLOHMANN_JSON_ABI_TAGS_CONCAT_EX(a, b, c)
[build]       |                                       ^
[build] In file included from C:\Users\pperv\code\unnamed_rpg\vendor\json-schema-validator\src\json-schema-draft7.json.cpp:9:
[build] In file included from C:\Users\pperv\code\unnamed_rpg\vendor\json\include\nlohmann/json.hpp:44:
[build] C:\Users\pperv\code\unnamed_rpg\vendor\json\include\nlohmann/adl_serializer.hpp(18,1): warning: empty macro arguments are incompatible with C++98 [-Wc++98-compat-pedantic]
[build] C:\Users\pperv\code\unnamed_rpg\vendor\json\include\nlohmann/detail/abi_macros.hpp(102,17): note: expanded from macro 'NLOHMANN_JSON_NAMESPACE_BEGIN'
[build]   102 |                 NLOHMANN_JSON_ABI_TAGS,              \
[build]       |                 ^
[build] C:\Users\pperv\code\unnamed_rpg\vendor\json\include\nlohmann/detail/abi_macros.hpp(65,5): note: expanded from macro 'NLOHMANN_JSON_ABI_TAGS'
[build]    65 |     NLOHMANN_JSON_ABI_TAGS_CONCAT(                                   \
[build]       |     ^
[build] C:\Users\pperv\code\unnamed_rpg\vendor\json\include\nlohmann/detail/abi_macros.hpp(62,42): note: expanded from macro 'NLOHMANN_JSON_ABI_TAGS_CONCAT'
[build]    62 |     NLOHMANN_JSON_ABI_TAGS_CONCAT_EX(a, b, c)
[build]       |                                          ^
[build] In file included from C:\Users\pperv\code\unnamed_rpg\vendor\json-schema-validator\src\json-schema-draft7.json.cpp:9:
[build] In file included from C:\Users\pperv\code\unnamed_rpg\vendor\json\include\nlohmann/json.hpp:44:
[build] C:\Users\pperv\code\unnamed_rpg\vendor\json\include\nlohmann/adl_serializer.hpp(18,1): warning: empty macro arguments are incompatible with C++98 [-Wc++98-compat-pedantic]
[build] C:\Users\pperv\code\unnamed_rpg\vendor\json\include\nlohmann/detail/abi_macros.hpp(102,17): note: expanded from macro 'NLOHMANN_JSON_NAMESPACE_BEGIN'
[build]   102 |                 NLOHMANN_JSON_ABI_TAGS,              \
[build]       |                 ^
[build] C:\Users\pperv\code\unnamed_rpg\vendor\json\include\nlohmann/detail/abi_macros.hpp(65,5): note: expanded from macro 'NLOHMANN_JSON_ABI_TAGS'
[build]    65 |     NLOHMANN_JSON_ABI_TAGS_CONCAT(                                   \
[build]       |     ^
[build] C:\Users\pperv\code\unnamed_rpg\vendor\json\include\nlohmann/detail/abi_macros.hpp(62,45): note: expanded from macro 'NLOHMANN_JSON_ABI_TAGS_CONCAT'
[build]    62 |     NLOHMANN_JSON_ABI_TAGS_CONCAT_EX(a, b, c)
[build]       |                                             ^
[build] In file included from C:\Users\pperv\code\unnamed_rpg\vendor\json-schema-validator\src\json-schema-draft7.json.cpp:9:
[build] In file included from C:\Users\pperv\code\unnamed_rpg\vendor\json\include\nlohmann/json.hpp:44:
[build] C:\Users\pperv\code\unnamed_rpg\vendor\json\include\nlohmann/adl_serializer.hpp(18,1): warning: inline namespaces are incompatible with C++98 [-Wc++98-compat]
[build] C:\Users\pperv\code\unnamed_rpg\vendor\json\include\nlohmann/detail/abi_macros.hpp(101,5): note: expanded from macro 'NLOHMANN_JSON_NAMESPACE_BEGIN'
[build]   101 |     inline namespace NLOHMANN_JSON_NAMESPACE_CONCAT( \
[build]       |     ^
[build] In file included from C:\Users\pperv\code\unnamed_rpg\vendor\json-schema-validator\src\json-schema-draft7.json.cpp:9:
[build] In file included from C:\Users\pperv\code\unnamed_rpg\vendor\json\include\nlohmann/json.hpp:44:
[build] C:\Users\pperv\code\unnamed_rpg\vendor\json\include\nlohmann/adl_serializer.hpp(27,41): warning: rvalue references are incompatible with C++98 [-Wc++98-compat]
[build]    27 |     static auto from_json(BasicJsonType && j, TargetType& val) noexcept(
[build]       |                                         ^
[build] C:\Users\pperv\code\unnamed_rpg\vendor\json\include\nlohmann/adl_serializer.hpp(29,5): warning: trailing return types are incompatible with C++98 [-Wc++98-compat]
[build]    29 |     -> decltype(::nlohmann::from_json(std::forward<BasicJsonType>(j), val), void())
[build]       |     ^
[build] C:\Users\pperv\code\unnamed_rpg\vendor\json\include\nlohmann/adl_serializer.hpp(29,8): warning: 'decltype' type specifier is incompatible with C++98 [-Wc++98-compat]
[build]    29 |     -> decltype(::nlohmann::from_json(std::forward<BasicJsonType>(j), val), void())
[build]       |        ^
[build] C:\Users\pperv\code\unnamed_rpg\vendor\json\include\nlohmann/adl_serializer.hpp(26,47): warning: default template arguments for a function template are incompatible with C++98 [-Wc++98-compat]
[build]    26 |     template<typename BasicJsonType, typename TargetType = ValueType>
[build]       |                                               ^            ~~~~~~~~~
[build] C:\Users\pperv\code\unnamed_rpg\vendor\json\include\nlohmann/adl_serializer.hpp(37,41): warning: rvalue references are incompatible with C++98 [-Wc++98-compat]
[build]    37 |     static auto from_json(BasicJsonType && j) noexcept(
[build]       |                                         ^
[build] C:\Users\pperv\code\unnamed_rpg\vendor\json\include\nlohmann/adl_serializer.hpp(39,5): warning: trailing return types are incompatible with C++98 [-Wc++98-compat]
[build]    39 |     -> decltype(::nlohmann::from_json(std::forward<BasicJsonType>(j), detail::identity_tag<TargetType> {}))
[build]       |     ^
[build] C:\Users\pperv\code\unnamed_rpg\vendor\json\include\nlohmann/adl_serializer.hpp(39,8): warning: 'decltype' type specifier is incompatible with C++98 [-Wc++98-compat]
[build]    39 |     -> decltype(::nlohmann::from_json(std::forward<BasicJsonType>(j), detail::identity_tag<TargetType> {}))
[build]       |        ^
[build] C:\Users\pperv\code\unnamed_rpg\vendor\json\include\nlohmann/adl_serializer.hpp(39,104): warning: generalized initializer lists are incompatible with C++98 [-Wc++98-compat]
[build]    39 |     -> decltype(::nlohmann::from_json(std::forward<BasicJsonType>(j), detail::identity_tag<TargetType> {}))
[build]       |                                                                                                        ^
[build] C:\Users\pperv\code\unnamed_rpg\vendor\json\include\nlohmann/adl_serializer.hpp(36,47): warning: default template arguments for a function template are incompatible with C++98 [-Wc++98-compat]
[build]    36 |     template<typename BasicJsonType, typename TargetType = ValueType>
[build]       |                                               ^            ~~~~~~~~~
[build] C:\Users\pperv\code\unnamed_rpg\vendor\json\include\nlohmann/adl_serializer.hpp(47,54): warning: rvalue references are incompatible with C++98 [-Wc++98-compat]
[build]    47 |     static auto to_json(BasicJsonType& j, TargetType && val) noexcept(
[build]       |                                                      ^
[build] C:\Users\pperv\code\unnamed_rpg\vendor\json\include\nlohmann/adl_serializer.hpp(49,5): warning: trailing return types are incompatible with C++98 [-Wc++98-compat]
[build]    49 |     -> decltype(::nlohmann::to_json(j, std::forward<TargetType>(val)), void())
[build]       |     ^
[build] C:\Users\pperv\code\unnamed_rpg\vendor\json\include\nlohmann/adl_serializer.hpp(49,8): warning: 'decltype' type specifier is incompatible with C++98 [-Wc++98-compat]
[build]    49 |     -> decltype(::nlohmann::to_json(j, std::forward<TargetType>(val)), void())
[build]       |        ^
[build] C:\Users\pperv\code\unnamed_rpg\vendor\json\include\nlohmann/adl_serializer.hpp(46,47): warning: default template arguments for a function template are incompatible with C++98 [-Wc++98-compat]
[build]    46 |     template<typename BasicJsonType, typename TargetType = ValueType>
[build]       |                                               ^            ~~~~~~~~~
[build] C:\Users\pperv\code\unnamed_rpg\vendor\json\include\nlohmann/adl_serializer.hpp(27,64): warning: noexcept specifications are incompatible with C++98 [-Wc++98-compat]
[build]    27 |     static auto from_json(BasicJsonType && j, TargetType& val) noexcept(
[build]       |                                                                ^
[build] C:\Users\pperv\code\unnamed_rpg\vendor\json\include\nlohmann/adl_serializer.hpp(28,9): warning: noexcept expressions are incompatible with C++98 [-Wc++98-compat]
[build]    28 |         noexcept(::nlohmann::from_json(std::forward<BasicJsonType>(j), val)))
[build]       |         ^
[build] C:\Users\pperv\code\unnamed_rpg\vendor\json\include\nlohmann/adl_serializer.hpp(37,47): warning: noexcept specifications are incompatible with C++98 [-Wc++98-compat]
[build]    37 |     static auto from_json(BasicJsonType && j) noexcept(
[build]       |                                               ^
[build] C:\Users\pperv\code\unnamed_rpg\vendor\json\include\nlohmann/adl_serializer.hpp(38,5): warning: noexcept expressions are incompatible with C++98 [-Wc++98-compat]
[build]    38 |     noexcept(::nlohmann::from_json(std::forward<BasicJsonType>(j), detail::identity_tag<TargetType> {})))
[build]       |     ^
[build] C:\Users\pperv\code\unnamed_rpg\vendor\json\include\nlohmann/adl_serializer.hpp(38,101): warning: generalized initializer lists are incompatible with C++98 [-Wc++98-compat]
[build]    38 |     noexcept(::nlohmann::from_json(std::forward<BasicJsonType>(j), detail::identity_tag<TargetType> {})))
[build]       |                                                                                                     ^
[build] C:\Users\pperv\code\unnamed_rpg\vendor\json\include\nlohmann/adl_serializer.hpp(47,62): warning: noexcept specifications are incompatible with C++98 [-Wc++98-compat]
[build]    47 |     static auto to_json(BasicJsonType& j, TargetType && val) noexcept(
[build]       |                                                              ^
[build] C:\Users\pperv\code\unnamed_rpg\vendor\json\include\nlohmann/adl_serializer.hpp(48,9): warning: noexcept expressions are incompatible with C++98 [-Wc++98-compat]
[build]    48 |         noexcept(::nlohmann::to_json(j, std::forward<TargetType>(val))))
[build]       |         ^
[build] In file included from C:\Users\pperv\code\unnamed_rpg\vendor\json-schema-validator\src\json-schema-draft7.json.cpp:9:
[build] In file included from C:\Users\pperv\code\unnamed_rpg\vendor\json\include\nlohmann/json.hpp:45:
[build] C:\Users\pperv\code\unnamed_rpg\vendor\json\include\nlohmann/byte_container_with_subtype.hpp(17,1): warning: empty macro arguments are incompatible with C++98 [-Wc++98-compat-pedantic]
[build]    17 | NLOHMANN_JSON_NAMESPACE_BEGIN
[build]       | ^
[build] C:\Users\pperv\code\unnamed_rpg\vendor\json\include\nlohmann/detail/abi_macros.hpp(102,17): note: expanded from macro 'NLOHMANN_JSON_NAMESPACE_BEGIN'
[build]   102 |                 NLOHMANN_JSON_ABI_TAGS,              \
[build]       |                 ^
[build] C:\Users\pperv\code\unnamed_rpg\vendor\json\include\nlohmann/detail/abi_macros.hpp(65,5): note: expanded from macro 'NLOHMANN_JSON_ABI_TAGS'
[build]    65 |     NLOHMANN_JSON_ABI_TAGS_CONCAT(                                   \
[build]       |     ^
[build] C:\Users\pperv\code\unnamed_rpg\vendor\json\include\nlohmann/detail/abi_macros.hpp(62,39): note: expanded from macro 'NLOHMANN_JSON_ABI_TAGS_CONCAT'
[build]    62 |     NLOHMANN_JSON_ABI_TAGS_CONCAT_EX(a, b, c)
[build]       |                                       ^
[build] In file included from C:\Users\pperv\code\unnamed_rpg\vendor\json-schema-validator\src\json-schema-draft7.json.cpp:9:
[build] In file included from C:\Users\pperv\code\unnamed_rpg\vendor\json\include\nlohmann/json.hpp:45:
[build] C:\Users\pperv\code\unnamed_rpg\vendor\json\include\nlohmann/byte_container_with_subtype.hpp(17,1): warning: empty macro arguments are incompatible with C++98 [-Wc++98-compat-pedantic]
[build] C:\Users\pperv\code\unnamed_rpg\vendor\json\include\nlohmann/detail/abi_macros.hpp(102,17): note: expanded from macro 'NLOHMANN_JSON_NAMESPACE_BEGIN'
[build]   102 |                 NLOHMANN_JSON_ABI_TAGS,              \
[build]       |                 ^
[build] C:\Users\pperv\code\unnamed_rpg\vendor\json\include\nlohmann/detail/abi_macros.hpp(65,5): note: expanded from macro 'NLOHMANN_JSON_ABI_TAGS'
[build]    65 |     NLOHMANN_JSON_ABI_TAGS_CONCAT(                                   \
[build]       |     ^
[build] C:\Users\pperv\code\unnamed_rpg\vendor\json\include\nlohmann/detail/abi_macros.hpp(62,42): note: expanded from macro 'NLOHMANN_JSON_ABI_TAGS_CONCAT'
[build]    62 |     NLOHMANN_JSON_ABI_TAGS_CONCAT_EX(a, b, c)
[build]       |                                          ^
[build] In file included from C:\Users\pperv\code\unnamed_rpg\vendor\json-schema-validator\src\json-schema-draft7.json.cpp:9:
[build] In file included from C:\Users\pperv\code\unnamed_rpg\vendor\json\include\nlohmann/json.hpp:45:
[build] C:\Users\pperv\code\unnamed_rpg\vendor\json\include\nlohmann/byte_container_with_subtype.hpp(17,1): warning: empty macro arguments are incompatible with C++98 [-Wc++98-compat-pedantic]
[build] C:\Users\pperv\code\unnamed_rpg\vendor\json\include\nlohmann/detail/abi_macros.hpp(102,17): note: expanded from macro 'NLOHMANN_JSON_NAMESPACE_BEGIN'
[build]   102 |                 NLOHMANN_JSON_ABI_TAGS,              \
[build]       |                 ^
[build] C:\Users\pperv\code\unnamed_rpg\vendor\json\include\nlohmann/detail/abi_macros.hpp(65,5): note: expanded from macro 'NLOHMANN_JSON_ABI_TAGS'
[build]    65 |     NLOHMANN_JSON_ABI_TAGS_CONCAT(                                   \
[build]       |     ^
[build] C:\Users\pperv\code\unnamed_rpg\vendor\json\include\nlohmann/detail/abi_macros.hpp(62,45): note: expanded from macro 'NLOHMANN_JSON_ABI_TAGS_CONCAT'
[build]    62 |     NLOHMANN_JSON_ABI_TAGS_CONCAT_EX(a, b, c)
[build]       |                                             ^
[build] In file included from C:\Users\pperv\code\unnamed_rpg\vendor\json-schema-validator\src\json-schema-draft7.json.cpp:9:
[build] In file included from C:\Users\pperv\code\unnamed_rpg\vendor\json\include\nlohmann/json.hpp:45:
[build] C:\Users\pperv\code\unnamed_rpg\vendor\json\include\nlohmann/byte_container_with_subtype.hpp(17,1): warning: inline namespaces are incompatible with C++98 [-Wc++98-compat]
[build] C:\Users\pperv\code\unnamed_rpg\vendor\json\include\nlohmann/detail/abi_macros.hpp(101,5): note: expanded from macro 'NLOHMANN_JSON_NAMESPACE_BEGIN'
[build]   101 |     inline namespace NLOHMANN_JSON_NAMESPACE_CONCAT( \
[build]       |     ^
[build] In file included from C:\Users\pperv\code\unnamed_rpg\vendor\json-schema-validator\src\json-schema-draft7.json.cpp:9:
[build] In file included from C:\Users\pperv\code\unnamed_rpg\vendor\json\include\nlohmann/json.hpp:45:
[build] C:\Users\pperv\code\unnamed_rpg\vendor\json\include\nlohmann/byte_container_with_subtype.hpp(25,28): warning: alias declarations are incompatible with C++98 [-Wc++98-compat]
[build]    25 |     using container_type = BinaryType;
[build]       |                            ^
[build] C:\Users\pperv\code\unnamed_rpg\vendor\json\include\nlohmann/byte_container_with_subtype.hpp(26,26): warning: alias declarations are incompatible with C++98 [-Wc++98-compat]
[build]    26 |     using subtype_type = std::uint64_t;
[build]       |                          ^
[build] C:\Users\pperv\code\unnamed_rpg\vendor\json\include\nlohmann/byte_container_with_subtype.hpp(39,47): warning: rvalue references are incompatible with C++98 [-Wc++98-compat]
[build]    39 |     byte_container_with_subtype(container_type&& b) noexcept(noexcept(container_type(std::move(b))))
[build]       |                                               ^
[build] C:\Users\pperv\code\unnamed_rpg\vendor\json\include\nlohmann/byte_container_with_subtype.hpp(51,47): warning: rvalue references are incompatible with C++98 [-Wc++98-compat]
[build]    51 |     byte_container_with_subtype(container_type&& b, subtype_type subtype_) noexcept(noexcept(container_type(std::move(b))))
[build]       |                                               ^
[build] C:\Users\pperv\code\unnamed_rpg\vendor\json\include\nlohmann/byte_container_with_subtype.hpp(71,5): warning: noexcept specifications are incompatible with C++98 [-Wc++98-compat]
[build]    71 |     {
[build]       |     ^
[build] C:\Users\pperv\code\unnamed_rpg\vendor\json\include\nlohmann/byte_container_with_subtype.hpp(78,5): warning: 'constexpr' specifier is incompatible with C++98 [-Wc++98-compat]
[build]    78 |     constexpr subtype_type subtype() const noexcept
[build]       |     ^
[build] C:\Users\pperv\code\unnamed_rpg\vendor\json\include\nlohmann/byte_container_with_subtype.hpp(79,5): warning: noexcept specifications are incompatible with C++98 [-Wc++98-compat]
[build]    79 |     {
[build]       |     ^
[build] C:\Users\pperv\code\unnamed_rpg\vendor\json\include\nlohmann/byte_container_with_subtype.hpp(85,5): warning: 'constexpr' specifier is incompatible with C++98 [-Wc++98-compat]
[build]    85 |     constexpr bool has_subtype() const noexcept
[build]       |     ^
[build] C:\Users\pperv\code\unnamed_rpg\vendor\json\include\nlohmann/byte_container_with_subtype.hpp(86,5): warning: noexcept specifications are incompatible with C++98 [-Wc++98-compat]
[build]    86 |     {
[build]       |     ^
[build] C:\Users\pperv\code\unnamed_rpg\vendor\json\include\nlohmann/byte_container_with_subtype.hpp(93,5): warning: noexcept specifications are incompatible with C++98 [-Wc++98-compat]
[build]    93 |     {
[build]       |     ^
[build] C:\Users\pperv\code\unnamed_rpg\vendor\json\include\nlohmann/byte_container_with_subtype.hpp(99,28): warning: default member initializer for non-static data members is incompatible with C++98 [-Wc++98-compat]
[build]    99 |     subtype_type m_subtype = 0;
[build]       |                            ^
[build] C:\Users\pperv\code\unnamed_rpg\vendor\json\include\nlohmann/byte_container_with_subtype.hpp(100,24): warning: default member initializer for non-static data members is incompatible with C++98 [-Wc++98-compat]
[build]   100 |     bool m_has_subtype = false;
[build]       |                        ^
[build] C:\Users\pperv\code\unnamed_rpg\vendor\json\include\nlohmann/byte_container_with_subtype.hpp(29,35): warning: noexcept specifications are incompatible with C++98 [-Wc++98-compat]
[build]    29 |     byte_container_with_subtype() noexcept(noexcept(container_type()))
[build]       |                                   ^
[build] C:\Users\pperv\code\unnamed_rpg\vendor\json\include\nlohmann/byte_container_with_subtype.hpp(29,44): warning: noexcept expressions are incompatible with C++98 [-Wc++98-compat]
[build]    29 |     byte_container_with_subtype() noexcept(noexcept(container_type()))
[build]       |                                            ^
[build] C:\Users\pperv\code\unnamed_rpg\vendor\json\include\nlohmann/byte_container_with_subtype.hpp(34,58): warning: noexcept specifications are incompatible with C++98 [-Wc++98-compat]
[build]    34 |     byte_container_with_subtype(const container_type& b) noexcept(noexcept(container_type(b)))
[build]       |                                                          ^
[build] C:\Users\pperv\code\unnamed_rpg\vendor\json\include\nlohmann/byte_container_with_subtype.hpp(34,67): warning: noexcept expressions are incompatible with C++98 [-Wc++98-compat]
[build]    34 |     byte_container_with_subtype(const container_type& b) noexcept(noexcept(container_type(b)))
[build]       |                                                                   ^
[build] C:\Users\pperv\code\unnamed_rpg\vendor\json\include\nlohmann/byte_container_with_subtype.hpp(39,53): warning: noexcept specifications are incompatible with C++98 [-Wc++98-compat]
[build]    39 |     byte_container_with_subtype(container_type&& b) noexcept(noexcept(container_type(std::move(b))))
[build]       |                                                     ^
[build] C:\Users\pperv\code\unnamed_rpg\vendor\json\include\nlohmann/byte_container_with_subtype.hpp(39,62): warning: noexcept expressions are incompatible with C++98 [-Wc++98-compat]
[build]    39 |     byte_container_with_subtype(container_type&& b) noexcept(noexcept(container_type(std::move(b))))
[build]       |                                                              ^
[build] C:\Users\pperv\code\unnamed_rpg\vendor\json\include\nlohmann/byte_container_with_subtype.hpp(44,81): warning: noexcept specifications are incompatible with C++98 [-Wc++98-compat]
[build]    44 |     byte_container_with_subtype(const container_type& b, subtype_type subtype_) noexcept(noexcept(container_type(b)))
[build]       |                                                                                 ^
[build] C:\Users\pperv\code\unnamed_rpg\vendor\json\include\nlohmann/byte_container_with_subtype.hpp(44,90): warning: noexcept expressions are incompatible with C++98 [-Wc++98-compat]
[build]    44 |     byte_container_with_subtype(const container_type& b, subtype_type subtype_) noexcept(noexcept(container_type(b)))
[build]       |                                                                                          ^
[build] C:\Users\pperv\code\unnamed_rpg\vendor\json\include\nlohmann/byte_container_with_subtype.hpp(51,76): warning: noexcept specifications are incompatible with C++98 [-Wc++98-compat]
[build]    51 |     byte_container_with_subtype(container_type&& b, subtype_type subtype_) noexcept(noexcept(container_type(std::move(b))))
[build]       |                                                                            ^
[build] C:\Users\pperv\code\unnamed_rpg\vendor\json\include\nlohmann/byte_container_with_subtype.hpp(51,85): warning: noexcept expressions are incompatible with C++98 [-Wc++98-compat]
[build]    51 |     byte_container_with_subtype(container_type&& b, subtype_type subtype_) noexcept(noexcept(container_type(std::move(b))))
[build]       |                                                                                     ^
[build] In file included from C:\Users\pperv\code\unnamed_rpg\vendor\json-schema-validator\src\json-schema-draft7.json.cpp:9:
[build] In file included from C:\Users\pperv\code\unnamed_rpg\vendor\json\include\nlohmann/json.hpp:49:
[build] C:\Users\pperv\code\unnamed_rpg\vendor\json\include\nlohmann/detail/hash.hpp(18,1): warning: empty macro arguments are incompatible with C++98 [-Wc++98-compat-pedantic]
[build]    18 | NLOHMANN_JSON_NAMESPACE_BEGIN
[build]       | ^
[build] C:\Users\pperv\code\unnamed_rpg\vendor\json\include\nlohmann/detail/abi_macros.hpp(102,17): note: expanded from macro 'NLOHMANN_JSON_NAMESPACE_BEGIN'
[build]   102 |                 NLOHMANN_JSON_ABI_TAGS,              \
[build]       |                 ^
[build] C:\Users\pperv\code\unnamed_rpg\vendor\json\include\nlohmann/detail/abi_macros.hpp(65,5): note: expanded from macro 'NLOHMANN_JSON_ABI_TAGS'
[build]    65 |     NLOHMANN_JSON_ABI_TAGS_CONCAT(                                   \
[build]       |     ^
[build] C:\Users\pperv\code\unnamed_rpg\vendor\json\include\nlohmann/detail/abi_macros.hpp(62,39): note: expanded from macro 'NLOHMANN_JSON_ABI_TAGS_CONCAT'
[build]    62 |     NLOHMANN_JSON_ABI_TAGS_CONCAT_EX(a, b, c)
[build]       |                                       ^
[build] In file included from C:\Users\pperv\code\unnamed_rpg\vendor\json-schema-validator\src\json-schema-draft7.json.cpp:9:
[build] In file included from C:\Users\pperv\code\unnamed_rpg\vendor\json\include\nlohmann/json.hpp:49:
[build] C:\Users\pperv\code\unnamed_rpg\vendor\json\include\nlohmann/detail/hash.hpp(18,1): warning: empty macro arguments are incompatible with C++98 [-Wc++98-compat-pedantic]
[build] C:\Users\pperv\code\unnamed_rpg\vendor\json\include\nlohmann/detail/abi_macros.hpp(102,17): note: expanded from macro 'NLOHMANN_JSON_NAMESPACE_BEGIN'
[build]   102 |                 NLOHMANN_JSON_ABI_TAGS,              \
[build]       |                 ^
[build] C:\Users\pperv\code\unnamed_rpg\vendor\json\include\nlohmann/detail/abi_macros.hpp(65,5): note: expanded from macro 'NLOHMANN_JSON_ABI_TAGS'
[build]    65 |     NLOHMANN_JSON_ABI_TAGS_CONCAT(                                   \
[build]       |     ^
[build] C:\Users\pperv\code\unnamed_rpg\vendor\json\include\nlohmann/detail/abi_macros.hpp(62,42): note: expanded from macro 'NLOHMANN_JSON_ABI_TAGS_CONCAT'
[build]    62 |     NLOHMANN_JSON_ABI_TAGS_CONCAT_EX(a, b, c)
[build]       |                                          ^
[build] In file included from C:\Users\pperv\code\unnamed_rpg\vendor\json-schema-validator\src\json-schema-draft7.json.cpp:9:
[build] In file included from C:\Users\pperv\code\unnamed_rpg\vendor\json\include\nlohmann/json.hpp:49:
[build] C:\Users\pperv\code\unnamed_rpg\vendor\json\include\nlohmann/detail/hash.hpp(18,1): warning: empty macro arguments are incompatible with C++98 [-Wc++98-compat-pedantic]
[build] C:\Users\pperv\code\unnamed_rpg\vendor\json\include\nlohmann/detail/abi_macros.hpp(102,17): note: expanded from macro 'NLOHMANN_JSON_NAMESPACE_BEGIN'
[build]   102 |                 NLOHMANN_JSON_ABI_TAGS,              \
[build]       |                 ^
[build] C:\Users\pperv\code\unnamed_rpg\vendor\json\include\nlohmann/detail/abi_macros.hpp(65,5): note: expanded from macro 'NLOHMANN_JSON_ABI_TAGS'
[build]    65 |     NLOHMANN_JSON_ABI_TAGS_CONCAT(                                   \
[build]       |     ^
[build] C:\Users\pperv\code\unnamed_rpg\vendor\json\include\nlohmann/detail/abi_macros.hpp(62,45): note: expanded from macro 'NLOHMANN_JSON_ABI_TAGS_CONCAT'
[build]    62 |     NLOHMANN_JSON_ABI_TAGS_CONCAT_EX(a, b, c)
[build]       |                                             ^
[build] In file included from C:\Users\pperv\code\unnamed_rpg\vendor\json-schema-validator\src\json-schema-draft7.json.cpp:9:
[build] In file included from C:\Users\pperv\code\unnamed_rpg\vendor\json\include\nlohmann/json.hpp:49:
[build] C:\Users\pperv\code\unnamed_rpg\vendor\json\include\nlohmann/detail/hash.hpp(18,1): warning: inline namespaces are incompatible with C++98 [-Wc++98-compat]
[build] C:\Users\pperv\code\unnamed_rpg\vendor\json\include\nlohmann/detail/abi_macros.hpp(101,5): note: expanded from macro 'NLOHMANN_JSON_NAMESPACE_BEGIN'
[build]   101 |     inline namespace NLOHMANN_JSON_NAMESPACE_CONCAT( \
[build]       |     ^
[build] In file included from C:\Users\pperv\code\unnamed_rpg\vendor\json-schema-validator\src\json-schema-draft7.json.cpp:9:
[build] In file included from C:\Users\pperv\code\unnamed_rpg\vendor\json\include\nlohmann/json.hpp:49:
[build] C:\Users\pperv\code\unnamed_rpg\vendor\json\include\nlohmann/detail/hash.hpp(23,61): warning: noexcept specifications are incompatible with C++98 [-Wc++98-compat]
[build]    23 | inline std::size_t combine(std::size_t seed, std::size_t h) noexcept
[build]       |                                                             ^
[build] In file included from C:\Users\pperv\code\unnamed_rpg\vendor\json-schema-validator\src\json-schema-draft7.json.cpp:9:
[build] In file included from C:\Users\pperv\code\unnamed_rpg\vendor\json\include\nlohmann/json.hpp:50:
[build] In file included from C:\Users\pperv\code\unnamed_rpg\vendor\json\include\nlohmann/detail/input/binary_reader.hpp:28:
[build] C:\Users\pperv\code\unnamed_rpg\vendor\json\include\nlohmann/detail/input/input_adapters.hpp(32,1): warning: empty macro arguments are incompatible with C++98 [-Wc++98-compat-pedantic]
[build]    32 | NLOHMANN_JSON_NAMESPACE_BEGIN
[build]       | ^
[build] C:\Users\pperv\code\unnamed_rpg\vendor\json\include\nlohmann/detail/abi_macros.hpp(102,17): note: expanded from macro 'NLOHMANN_JSON_NAMESPACE_BEGIN'
[build]   102 |                 NLOHMANN_JSON_ABI_TAGS,              \
[build]       |                 ^
[build] C:\Users\pperv\code\unnamed_rpg\vendor\json\include\nlohmann/detail/abi_macros.hpp(65,5): note: expanded from macro 'NLOHMANN_JSON_ABI_TAGS'
[build]    65 |     NLOHMANN_JSON_ABI_TAGS_CONCAT(                                   \
[build]       |     ^
[build] C:\Users\pperv\code\unnamed_rpg\vendor\json\include\nlohmann/detail/abi_macros.hpp(62,39): note: expanded from macro 'NLOHMANN_JSON_ABI_TAGS_CONCAT'
[build]    62 |     NLOHMANN_JSON_ABI_TAGS_CONCAT_EX(a, b, c)
[build]       |                                       ^
[build] In file included from C:\Users\pperv\code\unnamed_rpg\vendor\json-schema-validator\src\json-schema-draft7.json.cpp:9:
[build] In file included from C:\Users\pperv\code\unnamed_rpg\vendor\json\include\nlohmann/json.hpp:50:
[build] In file included from C:\Users\pperv\code\unnamed_rpg\vendor\json\include\nlohmann/detail/input/binary_reader.hpp:28:
[build] C:\Users\pperv\code\unnamed_rpg\vendor\json\include\nlohmann/detail/input/input_adapters.hpp(32,1): warning: empty macro arguments are incompatible with C++98 [-Wc++98-compat-pedantic]
[build] C:\Users\pperv\code\unnamed_rpg\vendor\json\include\nlohmann/detail/abi_macros.hpp(102,17): note: expanded from macro 'NLOHMANN_JSON_NAMESPACE_BEGIN'
[build]   102 |                 NLOHMANN_JSON_ABI_TAGS,              \
[build]       |                 ^
[build] C:\Users\pperv\code\unnamed_rpg\vendor\json\include\nlohmann/detail/abi_macros.hpp(65,5): note: expanded from macro 'NLOHMANN_JSON_ABI_TAGS'
[build]    65 |     NLOHMANN_JSON_ABI_TAGS_CONCAT(                                   \
[build]       |     ^
[build] C:\Users\pperv\code\unnamed_rpg\vendor\json\include\nlohmann/detail/abi_macros.hpp(62,42): note: expanded from macro 'NLOHMANN_JSON_ABI_TAGS_CONCAT'
[build]    62 |     NLOHMANN_JSON_ABI_TAGS_CONCAT_EX(a, b, c)
[build]       |                                          ^
[build] In file included from C:\Users\pperv\code\unnamed_rpg\vendor\json-schema-validator\src\json-schema-draft7.json.cpp:9:
[build] In file included from C:\Users\pperv\code\unnamed_rpg\vendor\json\include\nlohmann/json.hpp:50:
[build] In file included from C:\Users\pperv\code\unnamed_rpg\vendor\json\include\nlohmann/detail/input/binary_reader.hpp:28:
[build] C:\Users\pperv\code\unnamed_rpg\vendor\json\include\nlohmann/detail/input/input_adapters.hpp(32,1): warning: empty macro arguments are incompatible with C++98 [-Wc++98-compat-pedantic]
[build] C:\Users\pperv\code\unnamed_rpg\vendor\json\include\nlohmann/detail/abi_macros.hpp(102,17): note: expanded from macro 'NLOHMANN_JSON_NAMESPACE_BEGIN'
[build]   102 |                 NLOHMANN_JSON_ABI_TAGS,              \
[build]       |                 ^
[build] C:\Users\pperv\code\unnamed_rpg\vendor\json\include\nlohmann/detail/abi_macros.hpp(65,5): note: expanded from macro 'NLOHMANN_JSON_ABI_TAGS'
[build]    65 |     NLOHMANN_JSON_ABI_TAGS_CONCAT(                                   \
[build]       |     ^
[build] C:\Users\pperv\code\unnamed_rpg\vendor\json\include\nlohmann/detail/abi_macros.hpp(62,45): note: expanded from macro 'NLOHMANN_JSON_ABI_TAGS_CONCAT'
[build]    62 |     NLOHMANN_JSON_ABI_TAGS_CONCAT_EX(a, b, c)
[build]       |                                             ^
[build] In file included from C:\Users\pperv\code\unnamed_rpg\vendor\json-schema-validator\src\json-schema-draft7.json.cpp:9:
[build] In file included from C:\Users\pperv\code\unnamed_rpg\vendor\json\include\nlohmann/json.hpp:50:
[build] In file included from C:\Users\pperv\code\unnamed_rpg\vendor\json\include\nlohmann/detail/input/binary_reader.hpp:28:
[build] C:\Users\pperv\code\unnamed_rpg\vendor\json\include\nlohmann/detail/input/input_adapters.hpp(32,1): warning: inline namespaces are incompatible with C++98 [-Wc++98-compat]
[build] C:\Users\pperv\code\unnamed_rpg\vendor\json\include\nlohmann/detail/abi_macros.hpp(101,5): note: expanded from macro 'NLOHMANN_JSON_NAMESPACE_BEGIN'
[build]   101 |     inline namespace NLOHMANN_JSON_NAMESPACE_CONCAT( \
[build]       |     ^
[build] In file included from C:\Users\pperv\code\unnamed_rpg\vendor\json-schema-validator\src\json-schema-draft7.json.cpp:9:
[build] In file included from C:\Users\pperv\code\unnamed_rpg\vendor\json\include\nlohmann/json.hpp:50:
[build] In file included from C:\Users\pperv\code\unnamed_rpg\vendor\json\include\nlohmann/detail/input/binary_reader.hpp:28:
[build] C:\Users\pperv\code\unnamed_rpg\vendor\json\include\nlohmann/detail/input/input_adapters.hpp(37,6): warning: scoped enumerations are incompatible with C++98 [-Wc++98-compat]
[build]    37 | enum class input_format_t { json, cbor, msgpack, ubjson, bson, bjdata };
[build]       |      ^
[build] C:\Users\pperv\code\unnamed_rpg\vendor\json\include\nlohmann/detail/input/input_adapters.hpp(51,23): warning: alias declarations are incompatible with C++98 [-Wc++98-compat]
[build]    51 |     using char_type = char;
[build]       |                       ^
[build] C:\Users\pperv\code\unnamed_rpg\vendor\json\include\nlohmann/detail/input/input_adapters.hpp(55,9): warning: noexcept specifications are incompatible with C++98 [-Wc++98-compat]
[build]    55 |         : m_file(f)
[build]       |         ^
[build] C:\Users\pperv\code\unnamed_rpg\vendor\json\include\nlohmann/detail/input/input_adapters.hpp(61,53): warning: deleted function definitions are incompatible with C++98 [-Wc++98-compat]
[build]    61 |     file_input_adapter(const file_input_adapter&) = delete;
[build]       |                                                     ^
[build] C:\Users\pperv\code\unnamed_rpg\vendor\json\include\nlohmann/detail/input/input_adapters.hpp(62,42): warning: rvalue references are incompatible with C++98 [-Wc++98-compat]
[build]    62 |     file_input_adapter(file_input_adapter&&) noexcept = default;
[build]       |                                          ^
[build] C:\Users\pperv\code\unnamed_rpg\vendor\json\include\nlohmann/detail/input/input_adapters.hpp(62,55): warning: noexcept specifications are incompatible with C++98 [-Wc++98-compat]
[build]    62 |     file_input_adapter(file_input_adapter&&) noexcept = default;
[build]       |                                                       ^
[build] C:\Users\pperv\code\unnamed_rpg\vendor\json\include\nlohmann/detail/input/input_adapters.hpp(62,57): warning: defaulted function definitions are incompatible with C++98 [-Wc++98-compat]
[build]    62 |     file_input_adapter(file_input_adapter&&) noexcept = default;
[build]       |                                                         ^
[build] C:\Users\pperv\code\unnamed_rpg\vendor\json\include\nlohmann/detail/input/input_adapters.hpp(63,64): warning: deleted function definitions are incompatible with C++98 [-Wc++98-compat]
[build]    63 |     file_input_adapter& operator=(const file_input_adapter&) = delete;
[build]       |                                                                ^
[build] C:\Users\pperv\code\unnamed_rpg\vendor\json\include\nlohmann/detail/input/input_adapters.hpp(64,53): warning: rvalue references are incompatible with C++98 [-Wc++98-compat]
[build]    64 |     file_input_adapter& operator=(file_input_adapter&&) = delete;
[build]       |                                                     ^
[build] C:\Users\pperv\code\unnamed_rpg\vendor\json\include\nlohmann/detail/input/input_adapters.hpp(64,59): warning: deleted function definitions are incompatible with C++98 [-Wc++98-compat]
[build]    64 |     file_input_adapter& operator=(file_input_adapter&&) = delete;
[build]       |                                                           ^
[build] C:\Users\pperv\code\unnamed_rpg\vendor\json\include\nlohmann/detail/input/input_adapters.hpp(65,29): warning: defaulted function definitions are incompatible with C++98 [-Wc++98-compat]
[build]    65 |     ~file_input_adapter() = default;
[build]       |                             ^
[build] C:\Users\pperv\code\unnamed_rpg\vendor\json\include\nlohmann/detail/input/input_adapters.hpp(68,5): warning: noexcept specifications are incompatible with C++98 [-Wc++98-compat]
[build]    68 |     {
[build]       |     ^
[build] C:\Users\pperv\code\unnamed_rpg\vendor\json\include\nlohmann/detail/input/input_adapters.hpp(57,31): warning: 'nullptr' is incompatible with C++98 [-Wc++98-compat]
[build]    57 |         JSON_ASSERT(m_file != nullptr);
[build]       |                               ^
[build] C:\Users\pperv\code\unnamed_rpg\vendor\json\include\nlohmann/detail/input/input_adapters.hpp(96,23): warning: alias declarations are incompatible with C++98 [-Wc++98-compat]
[build]    96 |     using char_type = char;
[build]       |                       ^
[build] C:\Users\pperv\code\unnamed_rpg\vendor\json\include\nlohmann/detail/input/input_adapters.hpp(113,57): warning: deleted function definitions are incompatible with C++98 [-Wc++98-compat]
[build]   113 |     input_stream_adapter(const input_stream_adapter&) = delete;
[build]       |                                                         ^
[build] C:\Users\pperv\code\unnamed_rpg\vendor\json\include\nlohmann/detail/input/input_adapters.hpp(114,62): warning: deleted function definitions are incompatible with C++98 [-Wc++98-compat]
[build]   114 |     input_stream_adapter& operator=(input_stream_adapter&) = delete;
[build]       |                                                              ^
[build] C:\Users\pperv\code\unnamed_rpg\vendor\json\include\nlohmann/detail/input/input_adapters.hpp(115,57): warning: rvalue references are incompatible with C++98 [-Wc++98-compat]
[build]   115 |     input_stream_adapter& operator=(input_stream_adapter&&) = delete;
[build]       |                                                         ^
[build] C:\Users\pperv\code\unnamed_rpg\vendor\json\include\nlohmann/detail/input/input_adapters.hpp(115,63): warning: deleted function definitions are incompatible with C++98 [-Wc++98-compat]
[build]   115 |     input_stream_adapter& operator=(input_stream_adapter&&) = delete;
[build]       |                                                               ^
[build] C:\Users\pperv\code\unnamed_rpg\vendor\json\include\nlohmann/detail/input/input_adapters.hpp(117,46): warning: rvalue references are incompatible with C++98 [-Wc++98-compat]
[build]   117 |     input_stream_adapter(input_stream_adapter&& rhs) noexcept
[build]       |                                              ^
[build] C:\Users\pperv\code\unnamed_rpg\vendor\json\include\nlohmann/detail/input/input_adapters.hpp(118,9): warning: noexcept specifications are incompatible with C++98 [-Wc++98-compat]
[build]   118 |         : is(rhs.is), sb(rhs.sb)
[build]       |         ^
[build] C:\Users\pperv\code\unnamed_rpg\vendor\json\include\nlohmann/detail/input/input_adapters.hpp(151,22): warning: default member initializer for non-static data members is incompatible with C++98 [-Wc++98-compat]
[build]   151 |     std::istream* is = nullptr;
[build]       |                      ^
[build] C:\Users\pperv\code\unnamed_rpg\vendor\json\include\nlohmann/detail/input/input_adapters.hpp(152,24): warning: default member initializer for non-static data members is incompatible with C++98 [-Wc++98-compat]
[build]   152 |     std::streambuf* sb = nullptr;
[build]       |                        ^
[build] C:\Users\pperv\code\unnamed_rpg\vendor\json\include\nlohmann/detail/input/input_adapters.hpp(151,24): warning: 'nullptr' is incompatible with C++98 [-Wc++98-compat]
[build]   151 |     std::istream* is = nullptr;
[build]       |                        ^
[build] C:\Users\pperv\code\unnamed_rpg\vendor\json\include\nlohmann/detail/input/input_adapters.hpp(152,26): warning: 'nullptr' is incompatible with C++98 [-Wc++98-compat]
[build]   152 |     std::streambuf* sb = nullptr;
[build]       |                          ^
[build] C:\Users\pperv\code\unnamed_rpg\vendor\json\include\nlohmann/detail/input/input_adapters.hpp(102,19): warning: 'nullptr' is incompatible with C++98 [-Wc++98-compat]
[build]   102 |         if (is != nullptr)
[build]       |                   ^
[build] C:\Users\pperv\code\unnamed_rpg\vendor\json\include\nlohmann/detail/input/input_adapters.hpp(120,18): warning: 'nullptr' is incompatible with C++98 [-Wc++98-compat]
[build]   120 |         rhs.is = nullptr;
[build]       |                  ^
[build] C:\Users\pperv\code\unnamed_rpg\vendor\json\include\nlohmann/detail/input/input_adapters.hpp(121,18): warning: 'nullptr' is incompatible with C++98 [-Wc++98-compat]
[build]   121 |         rhs.sb = nullptr;
[build]       |                  ^
[build] C:\Users\pperv\code\unnamed_rpg\vendor\json\include\nlohmann/detail/input/input_adapters.hpp(129,9): warning: 'auto' type specifier is incompatible with C++98 [-Wc++98-compat]
[build]   129 |         auto res = sb->sbumpc();
[build]       |         ^~~~
[build] C:\Users\pperv\code\unnamed_rpg\vendor\json\include\nlohmann/detail/input/input_adapters.hpp(164,23): warning: alias declarations are incompatible with C++98 [-Wc++98-compat]
[build]   164 |     using char_type = typename std::iterator_traits<IteratorType>::value_type;
[build]       |                       ^
[build] C:\Users\pperv\code\unnamed_rpg\vendor\json\include\nlohmann/detail/input/input_adapters.hpp(172,12): warning: 'constexpr' specifier is incompatible with C++98 [-Wc++98-compat]
[build]   172 |     static constexpr bool supports_seek =
[build]       |            ^
[build] C:\Users\pperv\code\unnamed_rpg\vendor\json\include\nlohmann/detail/input/input_adapters.hpp(226,12): warning: 'constexpr' specifier is incompatible with C++98 [-Wc++98-compat]
[build]   226 |     static constexpr bool iterator_is_contiguous =
[build]       |            ^
[build] C:\Users\pperv\code\unnamed_rpg\vendor\json\include\nlohmann/detail/input/input_adapters.hpp(440,23): warning: alias declarations are incompatible with C++98 [-Wc++98-compat]
[build]   440 |     using char_type = char;
[build]       |                       ^
[build] C:\Users\pperv\code\unnamed_rpg\vendor\json\include\nlohmann/detail/input/input_adapters.hpp(446,5): warning: noexcept specifications are incompatible with C++98 [-Wc++98-compat]
[build]   446 |     {
[build]       |     ^
[build] C:\Users\pperv\code\unnamed_rpg\vendor\json\include\nlohmann/detail/input/input_adapters.hpp(479,64): warning: default member initializer for non-static data members is incompatible with C++98 [-Wc++98-compat]
[build]   479 |     std::array<std::char_traits<char>::int_type, 4> utf8_bytes = {{0, 0, 0, 0}};
[build]       |                                                                ^
[build] C:\Users\pperv\code\unnamed_rpg\vendor\json\include\nlohmann/detail/input/input_adapters.hpp(482,34): warning: default member initializer for non-static data members is incompatible with C++98 [-Wc++98-compat]
[build]   482 |     std::size_t utf8_bytes_index = 0;
[build]       |                                  ^
[build] C:\Users\pperv\code\unnamed_rpg\vendor\json\include\nlohmann/detail/input/input_adapters.hpp(484,35): warning: default member initializer for non-static data members is incompatible with C++98 [-Wc++98-compat]
[build]   484 |     std::size_t utf8_bytes_filled = 0;
[build]       |                                   ^
[build] C:\Users\pperv\code\unnamed_rpg\vendor\json\include\nlohmann/detail/input/input_adapters.hpp(490,27): warning: alias declarations are incompatible with C++98 [-Wc++98-compat]
[build]   490 |     using iterator_type = IteratorType;
[build]       |                           ^
[build] C:\Users\pperv\code\unnamed_rpg\vendor\json\include\nlohmann/detail/input/input_adapters.hpp(491,27): warning: alias declarations are incompatible with C++98 [-Wc++98-compat]
[build]   491 |     using sentinel_type = SentinelType;
[build]       |                           ^
[build] C:\Users\pperv\code\unnamed_rpg\vendor\json\include\nlohmann/detail/input/input_adapters.hpp(492,23): warning: alias declarations are incompatible with C++98 [-Wc++98-compat]
[build]   492 |     using char_type = typename std::iterator_traits<iterator_type>::value_type;
[build]       |                       ^
[build] C:\Users\pperv\code\unnamed_rpg\vendor\json\include\nlohmann/detail/input/input_adapters.hpp(493,26): warning: alias declarations are incompatible with C++98 [-Wc++98-compat]
[build]   493 |     using adapter_type = iterator_input_adapter<iterator_type, sentinel_type>;
[build]       |                          ^
[build] C:\Users\pperv\code\unnamed_rpg\vendor\json\include\nlohmann/detail/input/input_adapters.hpp(507,17): warning: 'decltype' type specifier is incompatible with C++98 [-Wc++98-compat]
[build]   507 |        void_t < decltype(std::declval<IteratorType>() != std::declval<SentinelType>()) >>
[build]       |                 ^
[build] C:\Users\pperv\code\unnamed_rpg\vendor\json\include\nlohmann/detail/input/input_adapters.hpp(507,88): warning: consecutive right angle brackets are incompatible with C++98 (use '> >') [-Wc++98-compat]
[build]   507 |        void_t < decltype(std::declval<IteratorType>() != std::declval<SentinelType>()) >>
[build]       |                                                                                        ^~
[build]       |                                                                                        > >
[build] C:\Users\pperv\code\unnamed_rpg\vendor\json\include\nlohmann/detail/input/input_adapters.hpp(516,17): warning: 'decltype' type specifier is incompatible with C++98 [-Wc++98-compat]
[build]   516 |        void_t < decltype(std::declval<SentinelType>() != std::declval<IteratorType>()) >>
[build]       |                 ^
[build] C:\Users\pperv\code\unnamed_rpg\vendor\json\include\nlohmann/detail/input/input_adapters.hpp(516,88): warning: consecutive right angle brackets are incompatible with C++98 (use '> >') [-Wc++98-compat]
[build]   516 |        void_t < decltype(std::declval<SentinelType>() != std::declval<IteratorType>()) >>
[build]       |                                                                                        ^~
[build]       |                                                                                        > >
[build] C:\Users\pperv\code\unnamed_rpg\vendor\json\include\nlohmann/detail/input/input_adapters.hpp(538,24): warning: alias declarations are incompatible with C++98 [-Wc++98-compat]
[build]   538 |     using value_type = typename std::iterator_traits<T>::value_type;
[build]       |                        ^
[build] C:\Users\pperv\code\unnamed_rpg\vendor\json\include\nlohmann/detail/input/input_adapters.hpp(546,124): warning: consecutive right angle brackets are incompatible with C++98 (use '> >') [-Wc++98-compat]
[build]   546 | struct iterator_input_adapter_factory<IteratorType, SentinelType, enable_if_t<is_iterator_of_multibyte<IteratorType>::value>>
[build]       |                                                                                                                            ^~
[build]       |                                                                                                                            > >
[build] C:\Users\pperv\code\unnamed_rpg\vendor\json\include\nlohmann/detail/input/input_adapters.hpp(548,27): warning: alias declarations are incompatible with C++98 [-Wc++98-compat]
[build]   548 |     using iterator_type = IteratorType;
[build]       |                           ^
[build] C:\Users\pperv\code\unnamed_rpg\vendor\json\include\nlohmann/detail/input/input_adapters.hpp(549,27): warning: alias declarations are incompatible with C++98 [-Wc++98-compat]
[build]   549 |     using sentinel_type = SentinelType;
[build]       |                           ^
[build] C:\Users\pperv\code\unnamed_rpg\vendor\json\include\nlohmann/detail/input/input_adapters.hpp(550,23): warning: alias declarations are incompatible with C++98 [-Wc++98-compat]
[build]   550 |     using char_type = typename std::iterator_traits<iterator_type>::value_type;
[build]       |                       ^
[build] C:\Users\pperv\code\unnamed_rpg\vendor\json\include\nlohmann/detail/input/input_adapters.hpp(551,31): warning: alias declarations are incompatible with C++98 [-Wc++98-compat]
[build]   551 |     using base_adapter_type = iterator_input_adapter<iterator_type, sentinel_type>;
[build]       |                               ^
[build] C:\Users\pperv\code\unnamed_rpg\vendor\json\include\nlohmann/detail/input/input_adapters.hpp(552,26): warning: alias declarations are incompatible with C++98 [-Wc++98-compat]
[build]   552 |     using adapter_type = wide_string_input_adapter<base_adapter_type, char_type>;
[build]       |                          ^
[build] C:\Users\pperv\code\unnamed_rpg\vendor\json\include\nlohmann/detail/input/input_adapters.hpp(564,44): warning: default template arguments for a function template are incompatible with C++98 [-Wc++98-compat]
[build]   564 | template < typename IteratorType, typename SentinelType = IteratorType,
[build]       |                                            ^              ~~~~~~~~~~~~
[build] C:\Users\pperv\code\unnamed_rpg\vendor\json\include\nlohmann/detail/input/input_adapters.hpp(565,21): warning: default template arguments for a function template are incompatible with C++98 [-Wc++98-compat]
[build]   565 |            typename = typename std::enable_if <
[build]       |                     ^ ~~~~~~~~~~~~~~~~~~~~~~~~~
[build]   566 |                can_compare_ne<IteratorType, SentinelType>::value >::type >
[build]       |                ~~~~~~~~~~~~~~~~~~~~~~~~~~~~~~~~~~~~~~~~~~~~~~~~~~~~~~~~~
[build] C:\Users\pperv\code\unnamed_rpg\vendor\json\include\nlohmann/detail/input/input_adapters.hpp(588,15): warning: 'decltype' type specifier is incompatible with C++98 [-Wc++98-compat]
[build]   588 |        void_t<decltype(begin(std::declval<ContainerType>()), end(std::declval<ContainerType>()))>>
[build]       |               ^
[build] C:\Users\pperv\code\unnamed_rpg\vendor\json\include\nlohmann/detail/input/input_adapters.hpp(588,97): warning: consecutive right angle brackets are incompatible with C++98 (use '> >') [-Wc++98-compat]
[build]   588 |        void_t<decltype(begin(std::declval<ContainerType>()), end(std::declval<ContainerType>()))>>
[build]       |                                                                                                 ^~
[build]       |                                                                                                 > >
[build] C:\Users\pperv\code\unnamed_rpg\vendor\json\include\nlohmann/detail/input/input_adapters.hpp(590,33): warning: alias declarations are incompatible with C++98 [-Wc++98-compat]
[build]   590 |            using adapter_type = decltype(input_adapter(begin(std::declval<ContainerType>()), end(std::declval<ContainerType>())));
[build]       |                                 ^
[build] C:\Users\pperv\code\unnamed_rpg\vendor\json\include\nlohmann/detail/input/input_adapters.hpp(590,33): warning: 'decltype' type specifier is incompatible with C++98 [-Wc++98-compat]
[build] C:\Users\pperv\code\unnamed_rpg\vendor\json\include\nlohmann/detail/input/input_adapters.hpp(592,52): warning: rvalue references are incompatible with C++98 [-Wc++98-compat]
[build]   592 |            static adapter_type create(ContainerType&& container)
[build]       |                                                    ^
[build] C:\Users\pperv\code\unnamed_rpg\vendor\json\include\nlohmann/detail/input/input_adapters.hpp(601,136): warning: rvalue references are incompatible with C++98 [-Wc++98-compat]
[build]   601 | typename container_input_adapter_factory_impl::container_input_adapter_factory<ContainerType>::adapter_type input_adapter(ContainerType&& container)
[build]       |                                                                                                                                        ^
[build] C:\Users\pperv\code\unnamed_rpg\vendor\json\include\nlohmann/detail/input/input_adapters.hpp(607,35): warning: alias declarations are incompatible with C++98 [-Wc++98-compat]
[build]   607 | using string_input_adapter_type = decltype(input_adapter(std::declval<std::string>()));
[build]       |                                   ^
[build] C:\Users\pperv\code\unnamed_rpg\vendor\json\include\nlohmann/detail/input/input_adapters.hpp(607,35): warning: 'decltype' type specifier is incompatible with C++98 [-Wc++98-compat]
[build] C:\Users\pperv\code\unnamed_rpg\vendor\json\include\nlohmann/detail/input/input_adapters.hpp(613,17): warning: 'nullptr' is incompatible with C++98 [-Wc++98-compat]
[build]   613 |     if (file == nullptr)
[build]       |                 ^
[build] C:\Users\pperv\code\unnamed_rpg\vendor\json\include\nlohmann/detail/input/input_adapters.hpp(615,153): warning: 'nullptr' is incompatible with C++98 [-Wc++98-compat]
[build]   615 |         JSON_THROW(parse_error::create(101, 0, "attempting to parse an empty input; check that your input string or stream contains the expected JSON", nullptr));
[build]       |                                                                                                                                                         ^
[build] C:\Users\pperv\code\unnamed_rpg\vendor\json\include\nlohmann/detail/input/input_adapters.hpp(625,55): warning: rvalue references are incompatible with C++98 [-Wc++98-compat]
[build]   625 | inline input_stream_adapter input_adapter(std::istream&& stream)
[build]       |                                                       ^
[build] C:\Users\pperv\code\unnamed_rpg\vendor\json\include\nlohmann/detail/input/input_adapters.hpp(631,40): warning: alias declarations are incompatible with C++98 [-Wc++98-compat]
[build]   631 | using contiguous_bytes_input_adapter = decltype(input_adapter(std::declval<const char*>(), std::declval<const char*>()));
[build]       |                                        ^
[build] C:\Users\pperv\code\unnamed_rpg\vendor\json\include\nlohmann/detail/input/input_adapters.hpp(631,40): warning: 'decltype' type specifier is incompatible with C++98 [-Wc++98-compat]
[build] C:\Users\pperv\code\unnamed_rpg\vendor\json\include\nlohmann/detail/input/input_adapters.hpp(640,28): warning: default template arguments for a function template are incompatible with C++98 [-Wc++98-compat]
[build]   640 |                int >::type = 0 >
[build]       |                            ^ ~
[build] C:\Users\pperv\code\unnamed_rpg\vendor\json\include\nlohmann/detail/input/input_adapters.hpp(653,35): warning: trailing return types are incompatible with C++98 [-Wc++98-compat]
[build]   653 | auto input_adapter(T (&array)[N]) -> decltype(input_adapter(array, array + N)) // NOLINT(cppcoreguidelines-avoid-c-arrays,hicpp-avoid-c-arrays,modernize-avoid-c-arrays)
[build]       |                                   ^
[build] C:\Users\pperv\code\unnamed_rpg\vendor\json\include\nlohmann/detail/input/input_adapters.hpp(653,38): warning: 'decltype' type specifier is incompatible with C++98 [-Wc++98-compat]
[build]   653 | auto input_adapter(T (&array)[N]) -> decltype(input_adapter(array, array + N)) // NOLINT(cppcoreguidelines-avoid-c-arrays,hicpp-avoid-c-arrays,modernize-avoid-c-arrays)
[build]       |                                      ^
[build] C:\Users\pperv\code\unnamed_rpg\vendor\json\include\nlohmann/detail/input/input_adapters.hpp(669,32): warning: default template arguments for a function template are incompatible with C++98 [-Wc++98-compat]
[build]   669 |                    int >::type = 0 >
[build]       |                                ^ ~
[build] C:\Users\pperv\code\unnamed_rpg\vendor\json\include\nlohmann/detail/input/input_adapters.hpp(676,29): warning: default template arguments for a function template are incompatible with C++98 [-Wc++98-compat]
[build]   676 |                  int>::type = 0>
[build]       |                             ^ ~
[build] C:\Users\pperv\code\unnamed_rpg\vendor\json\include\nlohmann/detail/input/input_adapters.hpp(680,35): warning: rvalue references are incompatible with C++98 [-Wc++98-compat]
[build]   680 |     contiguous_bytes_input_adapter&& get()
[build]       |                                   ^
[build] In file included from C:\Users\pperv\code\unnamed_rpg\vendor\json-schema-validator\src\json-schema-draft7.json.cpp:9:
[build] In file included from C:\Users\pperv\code\unnamed_rpg\vendor\json\include\nlohmann/json.hpp:50:
[build] In file included from C:\Users\pperv\code\unnamed_rpg\vendor\json\include\nlohmann/detail/input/binary_reader.hpp:29:
[build] In file included from C:\Users\pperv\code\unnamed_rpg\vendor\json\include\nlohmann/detail/input/json_sax.hpp:18:
[build] C:\Users\pperv\code\unnamed_rpg\vendor\json\include\nlohmann/detail/input/lexer.hpp(26,1): warning: empty macro arguments are incompatible with C++98 [-Wc++98-compat-pedantic]
[build]    26 | NLOHMANN_JSON_NAMESPACE_BEGIN
[build]       | ^
[build] C:\Users\pperv\code\unnamed_rpg\vendor\json\include\nlohmann/detail/abi_macros.hpp(102,17): note: expanded from macro 'NLOHMANN_JSON_NAMESPACE_BEGIN'
[build]   102 |                 NLOHMANN_JSON_ABI_TAGS,              \
[build]       |                 ^
[build] C:\Users\pperv\code\unnamed_rpg\vendor\json\include\nlohmann/detail/abi_macros.hpp(65,5): note: expanded from macro 'NLOHMANN_JSON_ABI_TAGS'
[build]    65 |     NLOHMANN_JSON_ABI_TAGS_CONCAT(                                   \
[build]       |     ^
[build] C:\Users\pperv\code\unnamed_rpg\vendor\json\include\nlohmann/detail/abi_macros.hpp(62,39): note: expanded from macro 'NLOHMANN_JSON_ABI_TAGS_CONCAT'
[build]    62 |     NLOHMANN_JSON_ABI_TAGS_CONCAT_EX(a, b, c)
[build]       |                                       ^
[build] In file included from C:\Users\pperv\code\unnamed_rpg\vendor\json-schema-validator\src\json-schema-draft7.json.cpp:9:
[build] In file included from C:\Users\pperv\code\unnamed_rpg\vendor\json\include\nlohmann/json.hpp:50:
[build] In file included from C:\Users\pperv\code\unnamed_rpg\vendor\json\include\nlohmann/detail/input/binary_reader.hpp:29:
[build] In file included from C:\Users\pperv\code\unnamed_rpg\vendor\json\include\nlohmann/detail/input/json_sax.hpp:18:
[build] C:\Users\pperv\code\unnamed_rpg\vendor\json\include\nlohmann/detail/input/lexer.hpp(26,1): warning: empty macro arguments are incompatible with C++98 [-Wc++98-compat-pedantic]
[build] C:\Users\pperv\code\unnamed_rpg\vendor\json\include\nlohmann/detail/abi_macros.hpp(102,17): note: expanded from macro 'NLOHMANN_JSON_NAMESPACE_BEGIN'
[build]   102 |                 NLOHMANN_JSON_ABI_TAGS,              \
[build]       |                 ^
[build] C:\Users\pperv\code\unnamed_rpg\vendor\json\include\nlohmann/detail/abi_macros.hpp(65,5): note: expanded from macro 'NLOHMANN_JSON_ABI_TAGS'
[build]    65 |     NLOHMANN_JSON_ABI_TAGS_CONCAT(                                   \
[build]       |     ^
[build] C:\Users\pperv\code\unnamed_rpg\vendor\json\include\nlohmann/detail/abi_macros.hpp(62,42): note: expanded from macro 'NLOHMANN_JSON_ABI_TAGS_CONCAT'
[build]    62 |     NLOHMANN_JSON_ABI_TAGS_CONCAT_EX(a, b, c)
[build]       |                                          ^
[build] In file included from C:\Users\pperv\code\unnamed_rpg\vendor\json-schema-validator\src\json-schema-draft7.json.cpp:9:
[build] In file included from C:\Users\pperv\code\unnamed_rpg\vendor\json\include\nlohmann/json.hpp:50:
[build] In file included from C:\Users\pperv\code\unnamed_rpg\vendor\json\include\nlohmann/detail/input/binary_reader.hpp:29:
[build] In file included from C:\Users\pperv\code\unnamed_rpg\vendor\json\include\nlohmann/detail/input/json_sax.hpp:18:
[build] C:\Users\pperv\code\unnamed_rpg\vendor\json\include\nlohmann/detail/input/lexer.hpp(26,1): warning: empty macro arguments are incompatible with C++98 [-Wc++98-compat-pedantic]
[build] C:\Users\pperv\code\unnamed_rpg\vendor\json\include\nlohmann/detail/abi_macros.hpp(102,17): note: expanded from macro 'NLOHMANN_JSON_NAMESPACE_BEGIN'
[build]   102 |                 NLOHMANN_JSON_ABI_TAGS,              \
[build]       |                 ^
[build] C:\Users\pperv\code\unnamed_rpg\vendor\json\include\nlohmann/detail/abi_macros.hpp(65,5): note: expanded from macro 'NLOHMANN_JSON_ABI_TAGS'
[build]    65 |     NLOHMANN_JSON_ABI_TAGS_CONCAT(                                   \
[build]       |     ^
[build] C:\Users\pperv\code\unnamed_rpg\vendor\json\include\nlohmann/detail/abi_macros.hpp(62,45): note: expanded from macro 'NLOHMANN_JSON_ABI_TAGS_CONCAT'
[build]    62 |     NLOHMANN_JSON_ABI_TAGS_CONCAT_EX(a, b, c)
[build]       |                                             ^
[build] In file included from C:\Users\pperv\code\unnamed_rpg\vendor\json-schema-validator\src\json-schema-draft7.json.cpp:9:
[build] In file included from C:\Users\pperv\code\unnamed_rpg\vendor\json\include\nlohmann/json.hpp:50:
[build] In file included from C:\Users\pperv\code\unnamed_rpg\vendor\json\include\nlohmann/detail/input/binary_reader.hpp:29:
[build] In file included from C:\Users\pperv\code\unnamed_rpg\vendor\json\include\nlohmann/detail/input/json_sax.hpp:18:
[build] C:\Users\pperv\code\unnamed_rpg\vendor\json\include\nlohmann/detail/input/lexer.hpp(26,1): warning: inline namespaces are incompatible with C++98 [-Wc++98-compat]
[build] C:\Users\pperv\code\unnamed_rpg\vendor\json\include\nlohmann/detail/abi_macros.hpp(101,5): note: expanded from macro 'NLOHMANN_JSON_NAMESPACE_BEGIN'
[build]   101 |     inline namespace NLOHMANN_JSON_NAMESPACE_CONCAT( \
[build]       |     ^
[build] In file included from C:\Users\pperv\code\unnamed_rpg\vendor\json-schema-validator\src\json-schema-draft7.json.cpp:9:
[build] In file included from C:\Users\pperv\code\unnamed_rpg\vendor\json\include\nlohmann/json.hpp:50:
[build] In file included from C:\Users\pperv\code\unnamed_rpg\vendor\json\include\nlohmann/detail/input/binary_reader.hpp:29:
[build] In file included from C:\Users\pperv\code\unnamed_rpg\vendor\json\include\nlohmann/detail/input/json_sax.hpp:18:
[build] C:\Users\pperv\code\unnamed_rpg\vendor\json\include\nlohmann/detail/input/lexer.hpp(39,10): warning: scoped enumerations are incompatible with C++98 [-Wc++98-compat]
[build]    39 |     enum class token_type
[build]       |          ^
[build] C:\Users\pperv\code\unnamed_rpg\vendor\json\include\nlohmann/detail/input/lexer.hpp(64,5): warning: noexcept specifications are incompatible with C++98 [-Wc++98-compat]
[build]    64 |     {
[build]       |     ^
[build] C:\Users\pperv\code\unnamed_rpg\vendor\json\include\nlohmann/detail/input/lexer.hpp(114,30): warning: alias declarations are incompatible with C++98 [-Wc++98-compat]
[build]   114 | using detect_supports_seek = decltype(InputAdapterType::supports_seek);
[build]       |                              ^
[build] C:\Users\pperv\code\unnamed_rpg\vendor\json\include\nlohmann/detail/input/lexer.hpp(114,30): warning: 'decltype' type specifier is incompatible with C++98 [-Wc++98-compat]
[build] C:\Users\pperv\code\unnamed_rpg\vendor\json\include\nlohmann/detail/input/lexer.hpp(117,1): warning: 'constexpr' specifier is incompatible with C++98 [-Wc++98-compat]
[build]   117 | constexpr bool input_adapter_supports_seek(std::true_type /*detected*/)
[build]       | ^
[build] C:\Users\pperv\code\unnamed_rpg\vendor\json\include\nlohmann/detail/input/lexer.hpp(123,1): warning: 'constexpr' specifier is incompatible with C++98 [-Wc++98-compat]
[build]   123 | constexpr bool input_adapter_supports_seek(std::false_type /*detected*/)
[build]       | ^
[build] C:\Users\pperv\code\unnamed_rpg\vendor\json\include\nlohmann/detail/input/lexer.hpp(136,30): warning: alias declarations are incompatible with C++98 [-Wc++98-compat]
[build]   136 |     using number_integer_t = typename BasicJsonType::number_integer_t;
[build]       |                              ^
[build] C:\Users\pperv\code\unnamed_rpg\vendor\json\include\nlohmann/detail/input/lexer.hpp(137,31): warning: alias declarations are incompatible with C++98 [-Wc++98-compat]
[build]   137 |     using number_unsigned_t = typename BasicJsonType::number_unsigned_t;
[build]       |                               ^
[build] C:\Users\pperv\code\unnamed_rpg\vendor\json\include\nlohmann/detail/input/lexer.hpp(138,28): warning: alias declarations are incompatible with C++98 [-Wc++98-compat]
[build]   138 |     using number_float_t = typename BasicJsonType::number_float_t;
[build]       |                            ^
[build] C:\Users\pperv\code\unnamed_rpg\vendor\json\include\nlohmann/detail/input/lexer.hpp(139,22): warning: alias declarations are incompatible with C++98 [-Wc++98-compat]
[build]   139 |     using string_t = typename BasicJsonType::string_t;
[build]       |                      ^
[build] C:\Users\pperv\code\unnamed_rpg\vendor\json\include\nlohmann/detail/input/lexer.hpp(140,23): warning: alias declarations are incompatible with C++98 [-Wc++98-compat]
[build]   140 |     using char_type = typename InputAdapterType::char_type;
[build]       |                       ^
[build] C:\Users\pperv\code\unnamed_rpg\vendor\json\include\nlohmann/detail/input/lexer.hpp(141,27): warning: alias declarations are incompatible with C++98 [-Wc++98-compat]
[build]   141 |     using char_int_type = typename char_traits<char_type>::int_type;
[build]       |                           ^
[build] C:\Users\pperv\code\unnamed_rpg\vendor\json\include\nlohmann/detail/input/lexer.hpp(146,12): warning: 'constexpr' specifier is incompatible with C++98 [-Wc++98-compat]
[build]   146 |     static constexpr bool lazy_token_string =
[build]       |            ^
[build] C:\Users\pperv\code\unnamed_rpg\vendor\json\include\nlohmann/detail/input/lexer.hpp(147,107): warning: generalized initializer lists are incompatible with C++98 [-Wc++98-compat]
[build]   147 |         input_adapter_supports_seek<InputAdapterType>(is_detected<detect_supports_seek, InputAdapterType> {});
[build]       |                                                                                                           ^
[build] C:\Users\pperv\code\unnamed_rpg\vendor\json\include\nlohmann/detail/input/lexer.hpp(150,24): warning: alias declarations are incompatible with C++98 [-Wc++98-compat]
[build]   150 |     using token_type = typename lexer_base<BasicJsonType>::token_type;
[build]       |                        ^
[build] C:\Users\pperv\code\unnamed_rpg\vendor\json\include\nlohmann/detail/input/lexer.hpp(152,36): warning: rvalue references are incompatible with C++98 [-Wc++98-compat]
[build]   152 |     explicit lexer(InputAdapterType&& adapter, bool ignore_comments_ = false) noexcept
[build]       |                                    ^
[build] C:\Users\pperv\code\unnamed_rpg\vendor\json\include\nlohmann/detail/input/lexer.hpp(153,9): warning: noexcept specifications are incompatible with C++98 [-Wc++98-compat]
[build]   153 |         : ia(std::move(adapter))
[build]       |         ^
[build] C:\Users\pperv\code\unnamed_rpg\vendor\json\include\nlohmann/detail/input/lexer.hpp(159,27): warning: deleted function definitions are incompatible with C++98 [-Wc++98-compat]
[build]   159 |     lexer(const lexer&) = delete;
[build]       |                           ^
[build] C:\Users\pperv\code\unnamed_rpg\vendor\json\include\nlohmann/detail/input/lexer.hpp(160,16): warning: rvalue references are incompatible with C++98 [-Wc++98-compat]
[build]   160 |     lexer(lexer&&) = default; // NOLINT(hicpp-noexcept-move,performance-noexcept-move-constructor)
[build]       |                ^
[build] C:\Users\pperv\code\unnamed_rpg\vendor\json\include\nlohmann/detail/input/lexer.hpp(160,22): warning: defaulted function definitions are incompatible with C++98 [-Wc++98-compat]
[build]   160 |     lexer(lexer&&) = default; // NOLINT(hicpp-noexcept-move,performance-noexcept-move-constructor)
[build]       |                      ^
[build] C:\Users\pperv\code\unnamed_rpg\vendor\json\include\nlohmann/detail/input/lexer.hpp(161,32): warning: deleted function definitions are incompatible with C++98 [-Wc++98-compat]
[build]   161 |     lexer& operator=(lexer&) = delete;
[build]       |                                ^
[build] C:\Users\pperv\code\unnamed_rpg\vendor\json\include\nlohmann/detail/input/lexer.hpp(162,27): warning: rvalue references are incompatible with C++98 [-Wc++98-compat]
[build]   162 |     lexer& operator=(lexer&&) = default; // NOLINT(hicpp-noexcept-move,performance-noexcept-move-constructor)
[build]       |                           ^
[build] C:\Users\pperv\code\unnamed_rpg\vendor\json\include\nlohmann/detail/input/lexer.hpp(162,33): warning: defaulted function definitions are incompatible with C++98 [-Wc++98-compat]
[build]   162 |     lexer& operator=(lexer&&) = default; // NOLINT(hicpp-noexcept-move,performance-noexcept-move-constructor)
[build]       |                                 ^
[build] C:\Users\pperv\code\unnamed_rpg\vendor\json\include\nlohmann/detail/input/lexer.hpp(163,16): warning: defaulted function definitions are incompatible with C++98 [-Wc++98-compat]
[build]   163 |     ~lexer() = default;
[build]       |                ^
[build] C:\Users\pperv\code\unnamed_rpg\vendor\json\include\nlohmann/detail/input/lexer.hpp(173,5): warning: noexcept specifications are incompatible with C++98 [-Wc++98-compat]
[build]   173 |     {
[build]       |     ^
[build] C:\Users\pperv\code\unnamed_rpg\vendor\json\include\nlohmann/detail/input/lexer.hpp(946,5): warning: noexcept specifications are incompatible with C++98 [-Wc++98-compat]
[build]   946 |     {
[build]       |     ^
[build] C:\Users\pperv\code\unnamed_rpg\vendor\json\include\nlohmann/detail/input/lexer.hpp(952,5): warning: noexcept specifications are incompatible with C++98 [-Wc++98-compat]
[build]   952 |     {
[build]       |     ^
[build] C:\Users\pperv\code\unnamed_rpg\vendor\json\include\nlohmann/detail/input/lexer.hpp(958,5): warning: noexcept specifications are incompatible with C++98 [-Wc++98-compat]
[build]   958 |     {
[build]       |     ^
[build] C:\Users\pperv\code\unnamed_rpg\vendor\json\include\nlohmann/detail/input/lexer.hpp(1356,5): warning: noexcept specifications are incompatible with C++98 [-Wc++98-compat]
[build]  1356 |     {
[build]       |     ^
[build] C:\Users\pperv\code\unnamed_rpg\vendor\json\include\nlohmann/detail/input/lexer.hpp(1372,5): warning: noexcept specifications are incompatible with C++98 [-Wc++98-compat]
[build]  1372 |     {
[build]       |     ^
[build] C:\Users\pperv\code\unnamed_rpg\vendor\json\include\nlohmann/detail/input/lexer.hpp(1379,5): warning: noexcept specifications are incompatible with C++98 [-Wc++98-compat]
[build]  1379 |     {
[build]       |     ^
[build] C:\Users\pperv\code\unnamed_rpg\vendor\json\include\nlohmann/detail/input/lexer.hpp(1423,63): warning: noexcept specifications are incompatible with C++98 [-Wc++98-compat]
[build]  1423 |     void capture_char(std::true_type /*lazy*/) const noexcept {}
[build]       |                                                               ^
[build] C:\Users\pperv\code\unnamed_rpg\vendor\json\include\nlohmann/detail/input/lexer.hpp(1465,65): warning: noexcept specifications are incompatible with C++98 [-Wc++98-compat]
[build]  1465 |     void uncapture_char(std::true_type /*lazy*/) const noexcept {}
[build]       |                                                                 ^
[build] C:\Users\pperv\code\unnamed_rpg\vendor\json\include\nlohmann/detail/input/lexer.hpp(1489,5): warning: 'constexpr' specifier is incompatible with C++98 [-Wc++98-compat]
[build]  1489 |     constexpr number_integer_t get_number_integer() const noexcept
[build]       |     ^
[build] C:\Users\pperv\code\unnamed_rpg\vendor\json\include\nlohmann/detail/input/lexer.hpp(1490,5): warning: noexcept specifications are incompatible with C++98 [-Wc++98-compat]
[build]  1490 |     {
[build]       |     ^
[build] C:\Users\pperv\code\unnamed_rpg\vendor\json\include\nlohmann/detail/input/lexer.hpp(1495,5): warning: 'constexpr' specifier is incompatible with C++98 [-Wc++98-compat]
[build]  1495 |     constexpr number_unsigned_t get_number_unsigned() const noexcept
[build]       |     ^
[build] C:\Users\pperv\code\unnamed_rpg\vendor\json\include\nlohmann/detail/input/lexer.hpp(1496,5): warning: noexcept specifications are incompatible with C++98 [-Wc++98-compat]
[build]  1496 |     {
[build]       |     ^
[build] C:\Users\pperv\code\unnamed_rpg\vendor\json\include\nlohmann/detail/input/lexer.hpp(1501,5): warning: 'constexpr' specifier is incompatible with C++98 [-Wc++98-compat]
[build]  1501 |     constexpr number_float_t get_number_float() const noexcept
[build]       |     ^
[build] C:\Users\pperv\code\unnamed_rpg\vendor\json\include\nlohmann/detail/input/lexer.hpp(1502,5): warning: noexcept specifications are incompatible with C++98 [-Wc++98-compat]
[build]  1502 |     {
[build]       |     ^
[build] C:\Users\pperv\code\unnamed_rpg\vendor\json\include\nlohmann/detail/input/lexer.hpp(1522,5): warning: 'constexpr' specifier is incompatible with C++98 [-Wc++98-compat]
[build]  1522 |     constexpr position_t get_position() const noexcept
[build]       |     ^
[build] C:\Users\pperv\code\unnamed_rpg\vendor\json\include\nlohmann/detail/input/lexer.hpp(1523,5): warning: noexcept specifications are incompatible with C++98 [-Wc++98-compat]
[build]  1523 |     {
[build]       |     ^
[build] C:\Users\pperv\code\unnamed_rpg\vendor\json\include\nlohmann/detail/input/lexer.hpp(1588,5): warning: 'constexpr' specifier is incompatible with C++98 [-Wc++98-compat]
[build]  1588 |     constexpr const char* get_error_message() const noexcept
[build]       |     ^
[build] C:\Users\pperv\code\unnamed_rpg\vendor\json\include\nlohmann/detail/input/lexer.hpp(1589,5): warning: noexcept specifications are incompatible with C++98 [-Wc++98-compat]
[build]  1589 |     {
[build]       |     ^
[build] C:\Users\pperv\code\unnamed_rpg\vendor\json\include\nlohmann/detail/input/lexer.hpp(1717,32): warning: default member initializer for non-static data members is incompatible with C++98 [-Wc++98-compat]
[build]  1717 |     const bool ignore_comments = false;
[build]       |                                ^
[build] C:\Users\pperv\code\unnamed_rpg\vendor\json\include\nlohmann/detail/input/lexer.hpp(1720,27): warning: default member initializer for non-static data members is incompatible with C++98 [-Wc++98-compat]
[build]  1720 |     char_int_type current = char_traits<char_type>::eof();
[build]       |                           ^
[build] C:\Users\pperv\code\unnamed_rpg\vendor\json\include\nlohmann/detail/input/lexer.hpp(1723,21): warning: default member initializer for non-static data members is incompatible with C++98 [-Wc++98-compat]
[build]  1723 |     bool next_unget = false;
[build]       |                     ^
[build] C:\Users\pperv\code\unnamed_rpg\vendor\json\include\nlohmann/detail/input/lexer.hpp(1726,25): warning: default member initializer for non-static data members is incompatible with C++98 [-Wc++98-compat]
[build]  1726 |     position_t position {};
[build]       |                         ^
[build] C:\Users\pperv\code\unnamed_rpg\vendor\json\include\nlohmann/detail/input/lexer.hpp(1730,41): warning: default member initializer for non-static data members is incompatible with C++98 [-Wc++98-compat]
[build]  1730 |     std::vector<char_type> token_string {};
[build]       |                                         ^
[build] C:\Users\pperv\code\unnamed_rpg\vendor\json\include\nlohmann/detail/input/lexer.hpp(1734,36): warning: default member initializer for non-static data members is incompatible with C++98 [-Wc++98-compat]
[build]  1734 |     std::size_t token_string_start = 0;
[build]       |                                    ^
[build] C:\Users\pperv\code\unnamed_rpg\vendor\json\include\nlohmann/detail/input/lexer.hpp(1743,27): warning: default member initializer for non-static data members is incompatible with C++98 [-Wc++98-compat]
[build]  1743 |     string_t token_buffer {};
[build]       |                           ^
[build] C:\Users\pperv\code\unnamed_rpg\vendor\json\include\nlohmann/detail/input/lexer.hpp(1746,31): warning: default member initializer for non-static data members is incompatible with C++98 [-Wc++98-compat]
[build]  1746 |     const char* error_message = "";
[build]       |                               ^
[build] C:\Users\pperv\code\unnamed_rpg\vendor\json\include\nlohmann/detail/input/lexer.hpp(1749,36): warning: default member initializer for non-static data members is incompatible with C++98 [-Wc++98-compat]
[build]  1749 |     number_integer_t value_integer = 0;
[build]       |                                    ^
[build] C:\Users\pperv\code\unnamed_rpg\vendor\json\include\nlohmann/detail/input/lexer.hpp(1750,38): warning: default member initializer for non-static data members is incompatible with C++98 [-Wc++98-compat]
[build]  1750 |     number_unsigned_t value_unsigned = 0;
[build]       |                                      ^
[build] C:\Users\pperv\code\unnamed_rpg\vendor\json\include\nlohmann/detail/input/lexer.hpp(1751,32): warning: default member initializer for non-static data members is incompatible with C++98 [-Wc++98-compat]
[build]  1751 |     number_float_t value_float = 0;
[build]       |                                ^
[build] C:\Users\pperv\code\unnamed_rpg\vendor\json\include\nlohmann/detail/input/lexer.hpp(1754,44): warning: default member initializer for non-static data members is incompatible with C++98 [-Wc++98-compat]
[build]  1754 |     const char_int_type decimal_point_char = '.';
[build]       |                                            ^
[build] C:\Users\pperv\code\unnamed_rpg\vendor\json\include\nlohmann/detail/input/lexer.hpp(1756,40): warning: default member initializer for non-static data members is incompatible with C++98 [-Wc++98-compat]
[build]  1756 |     std::size_t decimal_point_position = std::string::npos;
[build]       |                                        ^
[build] In file included from C:\Users\pperv\code\unnamed_rpg\vendor\json-schema-validator\src\json-schema-draft7.json.cpp:9:
[build] In file included from C:\Users\pperv\code\unnamed_rpg\vendor\json\include\nlohmann/json.hpp:50:
[build] In file included from C:\Users\pperv\code\unnamed_rpg\vendor\json\include\nlohmann/detail/input/binary_reader.hpp:29:
[build] C:\Users\pperv\code\unnamed_rpg\vendor\json\include\nlohmann/detail/input/json_sax.hpp(21,1): warning: empty macro arguments are incompatible with C++98 [-Wc++98-compat-pedantic]
[build]    21 | NLOHMANN_JSON_NAMESPACE_BEGIN
[build]       | ^
[build] C:\Users\pperv\code\unnamed_rpg\vendor\json\include\nlohmann/detail/abi_macros.hpp(102,17): note: expanded from macro 'NLOHMANN_JSON_NAMESPACE_BEGIN'
[build]   102 |                 NLOHMANN_JSON_ABI_TAGS,              \
[build]       |                 ^
[build] C:\Users\pperv\code\unnamed_rpg\vendor\json\include\nlohmann/detail/abi_macros.hpp(65,5): note: expanded from macro 'NLOHMANN_JSON_ABI_TAGS'
[build]    65 |     NLOHMANN_JSON_ABI_TAGS_CONCAT(                                   \
[build]       |     ^
[build] C:\Users\pperv\code\unnamed_rpg\vendor\json\include\nlohmann/detail/abi_macros.hpp(62,39): note: expanded from macro 'NLOHMANN_JSON_ABI_TAGS_CONCAT'
[build]    62 |     NLOHMANN_JSON_ABI_TAGS_CONCAT_EX(a, b, c)
[build]       |                                       ^
[build] In file included from C:\Users\pperv\code\unnamed_rpg\vendor\json-schema-validator\src\json-schema-draft7.json.cpp:9:
[build] In file included from C:\Users\pperv\code\unnamed_rpg\vendor\json\include\nlohmann/json.hpp:50:
[build] In file included from C:\Users\pperv\code\unnamed_rpg\vendor\json\include\nlohmann/detail/input/binary_reader.hpp:29:
[build] C:\Users\pperv\code\unnamed_rpg\vendor\json\include\nlohmann/detail/input/json_sax.hpp(21,1): warning: empty macro arguments are incompatible with C++98 [-Wc++98-compat-pedantic]
[build] C:\Users\pperv\code\unnamed_rpg\vendor\json\include\nlohmann/detail/abi_macros.hpp(102,17): note: expanded from macro 'NLOHMANN_JSON_NAMESPACE_BEGIN'
[build]   102 |                 NLOHMANN_JSON_ABI_TAGS,              \
[build]       |                 ^
[build] C:\Users\pperv\code\unnamed_rpg\vendor\json\include\nlohmann/detail/abi_macros.hpp(65,5): note: expanded from macro 'NLOHMANN_JSON_ABI_TAGS'
[build]    65 |     NLOHMANN_JSON_ABI_TAGS_CONCAT(                                   \
[build]       |     ^
[build] C:\Users\pperv\code\unnamed_rpg\vendor\json\include\nlohmann/detail/abi_macros.hpp(62,42): note: expanded from macro 'NLOHMANN_JSON_ABI_TAGS_CONCAT'
[build]    62 |     NLOHMANN_JSON_ABI_TAGS_CONCAT_EX(a, b, c)
[build]       |                                          ^
[build] In file included from C:\Users\pperv\code\unnamed_rpg\vendor\json-schema-validator\src\json-schema-draft7.json.cpp:9:
[build] In file included from C:\Users\pperv\code\unnamed_rpg\vendor\json\include\nlohmann/json.hpp:50:
[build] In file included from C:\Users\pperv\code\unnamed_rpg\vendor\json\include\nlohmann/detail/input/binary_reader.hpp:29:
[build] C:\Users\pperv\code\unnamed_rpg\vendor\json\include\nlohmann/detail/input/json_sax.hpp(21,1): warning: empty macro arguments are incompatible with C++98 [-Wc++98-compat-pedantic]
[build] C:\Users\pperv\code\unnamed_rpg\vendor\json\include\nlohmann/detail/abi_macros.hpp(102,17): note: expanded from macro 'NLOHMANN_JSON_NAMESPACE_BEGIN'
[build]   102 |                 NLOHMANN_JSON_ABI_TAGS,              \
[build]       |                 ^
[build] C:\Users\pperv\code\unnamed_rpg\vendor\json\include\nlohmann/detail/abi_macros.hpp(65,5): note: expanded from macro 'NLOHMANN_JSON_ABI_TAGS'
[build]    65 |     NLOHMANN_JSON_ABI_TAGS_CONCAT(                                   \
[build]       |     ^
[build] C:\Users\pperv\code\unnamed_rpg\vendor\json\include\nlohmann/detail/abi_macros.hpp(62,45): note: expanded from macro 'NLOHMANN_JSON_ABI_TAGS_CONCAT'
[build]    62 |     NLOHMANN_JSON_ABI_TAGS_CONCAT_EX(a, b, c)
[build]       |                                             ^
[build] In file included from C:\Users\pperv\code\unnamed_rpg\vendor\json-schema-validator\src\json-schema-draft7.json.cpp:9:
[build] In file included from C:\Users\pperv\code\unnamed_rpg\vendor\json\include\nlohmann/json.hpp:50:
[build] In file included from C:\Users\pperv\code\unnamed_rpg\vendor\json\include\nlohmann/detail/input/binary_reader.hpp:29:
[build] C:\Users\pperv\code\unnamed_rpg\vendor\json\include\nlohmann/detail/input/json_sax.hpp(21,1): warning: inline namespaces are incompatible with C++98 [-Wc++98-compat]
[build] C:\Users\pperv\code\unnamed_rpg\vendor\json\include\nlohmann/detail/abi_macros.hpp(101,5): note: expanded from macro 'NLOHMANN_JSON_NAMESPACE_BEGIN'
[build]   101 |     inline namespace NLOHMANN_JSON_NAMESPACE_CONCAT( \
[build]       |     ^
[build] In file included from C:\Users\pperv\code\unnamed_rpg\vendor\json-schema-validator\src\json-schema-draft7.json.cpp:9:
[build] In file included from C:\Users\pperv\code\unnamed_rpg\vendor\json\include\nlohmann/json.hpp:50:
[build] In file included from C:\Users\pperv\code\unnamed_rpg\vendor\json\include\nlohmann/detail/input/binary_reader.hpp:29:
[build] C:\Users\pperv\code\unnamed_rpg\vendor\json\include\nlohmann/detail/input/json_sax.hpp(34,30): warning: alias declarations are incompatible with C++98 [-Wc++98-compat]
[build]    34 |     using number_integer_t = typename BasicJsonType::number_integer_t;
[build]       |                              ^
[build] C:\Users\pperv\code\unnamed_rpg\vendor\json\include\nlohmann/detail/input/json_sax.hpp(35,31): warning: alias declarations are incompatible with C++98 [-Wc++98-compat]
[build]    35 |     using number_unsigned_t = typename BasicJsonType::number_unsigned_t;
[build]       |                               ^
[build] C:\Users\pperv\code\unnamed_rpg\vendor\json\include\nlohmann/detail/input/json_sax.hpp(36,28): warning: alias declarations are incompatible with C++98 [-Wc++98-compat]
[build]    36 |     using number_float_t = typename BasicJsonType::number_float_t;
[build]       |                            ^
[build] C:\Users\pperv\code\unnamed_rpg\vendor\json\include\nlohmann/detail/input/json_sax.hpp(37,22): warning: alias declarations are incompatible with C++98 [-Wc++98-compat]
[build]    37 |     using string_t = typename BasicJsonType::string_t;
[build]       |                      ^
[build] C:\Users\pperv\code\unnamed_rpg\vendor\json\include\nlohmann/detail/input/json_sax.hpp(38,22): warning: alias declarations are incompatible with C++98 [-Wc++98-compat]
[build]    38 |     using binary_t = typename BasicJsonType::binary_t;
[build]       |                      ^
[build] C:\Users\pperv\code\unnamed_rpg\vendor\json\include\nlohmann/detail/input/json_sax.hpp(138,18): warning: defaulted function definitions are incompatible with C++98 [-Wc++98-compat]
[build]   138 |     json_sax() = default;
[build]       |                  ^
[build] C:\Users\pperv\code\unnamed_rpg\vendor\json\include\nlohmann/detail/input/json_sax.hpp(139,33): warning: defaulted function definitions are incompatible with C++98 [-Wc++98-compat]
[build]   139 |     json_sax(const json_sax&) = default;
[build]       |                                 ^
[build] C:\Users\pperv\code\unnamed_rpg\vendor\json\include\nlohmann/detail/input/json_sax.hpp(140,22): warning: rvalue references are incompatible with C++98 [-Wc++98-compat]
[build]   140 |     json_sax(json_sax&&) noexcept = default;
[build]       |                      ^
[build] C:\Users\pperv\code\unnamed_rpg\vendor\json\include\nlohmann/detail/input/json_sax.hpp(140,35): warning: noexcept specifications are incompatible with C++98 [-Wc++98-compat]
[build]   140 |     json_sax(json_sax&&) noexcept = default;
[build]       |                                   ^
[build] C:\Users\pperv\code\unnamed_rpg\vendor\json\include\nlohmann/detail/input/json_sax.hpp(140,37): warning: defaulted function definitions are incompatible with C++98 [-Wc++98-compat]
[build]   140 |     json_sax(json_sax&&) noexcept = default;
[build]       |                                     ^
[build] C:\Users\pperv\code\unnamed_rpg\vendor\json\include\nlohmann/detail/input/json_sax.hpp(141,44): warning: defaulted function definitions are incompatible with C++98 [-Wc++98-compat]
[build]   141 |     json_sax& operator=(const json_sax&) = default;
[build]       |                                            ^
[build] C:\Users\pperv\code\unnamed_rpg\vendor\json\include\nlohmann/detail/input/json_sax.hpp(142,33): warning: rvalue references are incompatible with C++98 [-Wc++98-compat]
[build]   142 |     json_sax& operator=(json_sax&&) noexcept = default;
[build]       |                                 ^
[build] C:\Users\pperv\code\unnamed_rpg\vendor\json\include\nlohmann/detail/input/json_sax.hpp(142,46): warning: noexcept specifications are incompatible with C++98 [-Wc++98-compat]
[build]   142 |     json_sax& operator=(json_sax&&) noexcept = default;
[build]       |                                              ^
[build] C:\Users\pperv\code\unnamed_rpg\vendor\json\include\nlohmann/detail/input/json_sax.hpp(142,48): warning: defaulted function definitions are incompatible with C++98 [-Wc++98-compat]
[build]   142 |     json_sax& operator=(json_sax&&) noexcept = default;
[build]       |                                                ^
[build] C:\Users\pperv\code\unnamed_rpg\vendor\json\include\nlohmann/detail/input/json_sax.hpp(143,27): warning: defaulted function definitions are incompatible with C++98 [-Wc++98-compat]
[build]   143 |     virtual ~json_sax() = default;
[build]       |                           ^
[build] C:\Users\pperv\code\unnamed_rpg\vendor\json\include\nlohmann/detail/input/json_sax.hpp(148,1): warning: 'constexpr' specifier is incompatible with C++98 [-Wc++98-compat]
[build]   148 | constexpr std::size_t unknown_size()
[build]       | ^
[build] C:\Users\pperv\code\unnamed_rpg\vendor\json\include\nlohmann/detail/input/json_sax.hpp(170,30): warning: alias declarations are incompatible with C++98 [-Wc++98-compat]
[build]   170 |     using number_integer_t = typename BasicJsonType::number_integer_t;
[build]       |                              ^
[build] C:\Users\pperv\code\unnamed_rpg\vendor\json\include\nlohmann/detail/input/json_sax.hpp(171,31): warning: alias declarations are incompatible with C++98 [-Wc++98-compat]
[build]   171 |     using number_unsigned_t = typename BasicJsonType::number_unsigned_t;
[build]       |                               ^
[build] C:\Users\pperv\code\unnamed_rpg\vendor\json\include\nlohmann/detail/input/json_sax.hpp(172,28): warning: alias declarations are incompatible with C++98 [-Wc++98-compat]
[build]   172 |     using number_float_t = typename BasicJsonType::number_float_t;
[build]       |                            ^
[build] C:\Users\pperv\code\unnamed_rpg\vendor\json\include\nlohmann/detail/input/json_sax.hpp(173,22): warning: alias declarations are incompatible with C++98 [-Wc++98-compat]
[build]   173 |     using string_t = typename BasicJsonType::string_t;
[build]       |                      ^
[build] C:\Users\pperv\code\unnamed_rpg\vendor\json\include\nlohmann/detail/input/json_sax.hpp(174,22): warning: alias declarations are incompatible with C++98 [-Wc++98-compat]
[build]   174 |     using binary_t = typename BasicJsonType::binary_t;
[build]       |                      ^
[build] C:\Users\pperv\code\unnamed_rpg\vendor\json\include\nlohmann/detail/input/json_sax.hpp(175,21): warning: alias declarations are incompatible with C++98 [-Wc++98-compat]
[build]   175 |     using lexer_t = lexer<BasicJsonType, InputAdapterType>;
[build]       |                     ^
[build] C:\Users\pperv\code\unnamed_rpg\vendor\json\include\nlohmann/detail/input/json_sax.hpp(187,55): warning: deleted function definitions are incompatible with C++98 [-Wc++98-compat]
[build]   187 |     json_sax_dom_parser(const json_sax_dom_parser&) = delete;
[build]       |                                                       ^
[build] C:\Users\pperv\code\unnamed_rpg\vendor\json\include\nlohmann/detail/input/json_sax.hpp(188,44): warning: rvalue references are incompatible with C++98 [-Wc++98-compat]
[build]   188 |     json_sax_dom_parser(json_sax_dom_parser&&) = default; // NOLINT(hicpp-noexcept-move,performance-noexcept-move-constructor)
[build]       |                                            ^
[build] C:\Users\pperv\code\unnamed_rpg\vendor\json\include\nlohmann/detail/input/json_sax.hpp(188,50): warning: defaulted function definitions are incompatible with C++98 [-Wc++98-compat]
[build]   188 |     json_sax_dom_parser(json_sax_dom_parser&&) = default; // NOLINT(hicpp-noexcept-move,performance-noexcept-move-constructor)
[build]       |                                                  ^
[build] C:\Users\pperv\code\unnamed_rpg\vendor\json\include\nlohmann/detail/input/json_sax.hpp(189,66): warning: deleted function definitions are incompatible with C++98 [-Wc++98-compat]
[build]   189 |     json_sax_dom_parser& operator=(const json_sax_dom_parser&) = delete;
[build]       |                                                                  ^
[build] C:\Users\pperv\code\unnamed_rpg\vendor\json\include\nlohmann/detail/input/json_sax.hpp(190,55): warning: rvalue references are incompatible with C++98 [-Wc++98-compat]
[build]   190 |     json_sax_dom_parser& operator=(json_sax_dom_parser&&) = default; // NOLINT(hicpp-noexcept-move,performance-noexcept-move-constructor)
[build]       |                                                       ^
[build] C:\Users\pperv\code\unnamed_rpg\vendor\json\include\nlohmann/detail/input/json_sax.hpp(190,61): warning: defaulted function definitions are incompatible with C++98 [-Wc++98-compat]
[build]   190 |     json_sax_dom_parser& operator=(json_sax_dom_parser&&) = default; // NOLINT(hicpp-noexcept-move,performance-noexcept-move-constructor)
[build]       |                                                             ^
[build] C:\Users\pperv\code\unnamed_rpg\vendor\json\include\nlohmann/detail/input/json_sax.hpp(191,30): warning: defaulted function definitions are incompatible with C++98 [-Wc++98-compat]
[build]   191 |     ~json_sax_dom_parser() = default;
[build]       |                              ^
[build] C:\Users\pperv\code\unnamed_rpg\vendor\json\include\nlohmann/detail/input/json_sax.hpp(338,5): warning: 'constexpr' specifier is incompatible with C++98 [-Wc++98-compat]
[build]   338 |     constexpr bool is_errored() const
[build]       |     ^
[build] C:\Users\pperv\code\unnamed_rpg\vendor\json\include\nlohmann/detail/input/json_sax.hpp(423,38): warning: rvalue references are incompatible with C++98 [-Wc++98-compat]
[build]   423 |     BasicJsonType* handle_value(Value&& v)
[build]       |                                      ^
[build] C:\Users\pperv\code\unnamed_rpg\vendor\json\include\nlohmann/detail/input/json_sax.hpp(463,43): warning: default member initializer for non-static data members is incompatible with C++98 [-Wc++98-compat]
[build]   463 |     std::vector<BasicJsonType*> ref_stack {};
[build]       |                                           ^
[build] C:\Users\pperv\code\unnamed_rpg\vendor\json\include\nlohmann/detail/input/json_sax.hpp(465,35): warning: default member initializer for non-static data members is incompatible with C++98 [-Wc++98-compat]
[build]   465 |     BasicJsonType* object_element = nullptr;
[build]       |                                   ^
[build] C:\Users\pperv\code\unnamed_rpg\vendor\json\include\nlohmann/detail/input/json_sax.hpp(467,18): warning: default member initializer for non-static data members is incompatible with C++98 [-Wc++98-compat]
[build]   467 |     bool errored = false;
[build]       |                  ^
[build] C:\Users\pperv\code\unnamed_rpg\vendor\json\include\nlohmann/detail/input/json_sax.hpp(469,33): warning: default member initializer for non-static data members is incompatible with C++98 [-Wc++98-compat]
[build]   469 |     const bool allow_exceptions = true;
[build]       |                                 ^
[build] C:\Users\pperv\code\unnamed_rpg\vendor\json\include\nlohmann/detail/input/json_sax.hpp(471,26): warning: default member initializer for non-static data members is incompatible with C++98 [-Wc++98-compat]
[build]   471 |     lexer_t* m_lexer_ref = nullptr;
[build]       |                          ^
[build] C:\Users\pperv\code\unnamed_rpg\vendor\json\include\nlohmann/detail/input/json_sax.hpp(182,107): warning: 'nullptr' is incompatible with C++98 [-Wc++98-compat]
[build]   182 |     explicit json_sax_dom_parser(BasicJsonType& r, const bool allow_exceptions_ = true, lexer_t* lexer_ = nullptr)
[build]       |                                                                                                           ^
[build] C:\Users\pperv\code\unnamed_rpg\vendor\json\include\nlohmann/detail/input/json_sax.hpp(465,37): warning: 'nullptr' is incompatible with C++98 [-Wc++98-compat]
[build]   465 |     BasicJsonType* object_element = nullptr;
[build]       |                                     ^
[build] C:\Users\pperv\code\unnamed_rpg\vendor\json\include\nlohmann/detail/input/json_sax.hpp(471,28): warning: 'nullptr' is incompatible with C++98 [-Wc++98-compat]
[build]   471 |     lexer_t* m_lexer_ref = nullptr;
[build]       |                            ^
[build] C:\Users\pperv\code\unnamed_rpg\vendor\json\include\nlohmann/detail/input/json_sax.hpp(478,30): warning: alias declarations are incompatible with C++98 [-Wc++98-compat]
[build]   478 |     using number_integer_t = typename BasicJsonType::number_integer_t;
[build]       |                              ^
[build] C:\Users\pperv\code\unnamed_rpg\vendor\json\include\nlohmann/detail/input/json_sax.hpp(479,31): warning: alias declarations are incompatible with C++98 [-Wc++98-compat]
[build]   479 |     using number_unsigned_t = typename BasicJsonType::number_unsigned_t;
[build]       |                               ^
[build] C:\Users\pperv\code\unnamed_rpg\vendor\json\include\nlohmann/detail/input/json_sax.hpp(480,28): warning: alias declarations are incompatible with C++98 [-Wc++98-compat]
[build]   480 |     using number_float_t = typename BasicJsonType::number_float_t;
[build]       |                            ^
[build] C:\Users\pperv\code\unnamed_rpg\vendor\json\include\nlohmann/detail/input/json_sax.hpp(481,22): warning: alias declarations are incompatible with C++98 [-Wc++98-compat]
[build]   481 |     using string_t = typename BasicJsonType::string_t;
[build]       |                      ^
[build] C:\Users\pperv\code\unnamed_rpg\vendor\json\include\nlohmann/detail/input/json_sax.hpp(482,22): warning: alias declarations are incompatible with C++98 [-Wc++98-compat]
[build]   482 |     using binary_t = typename BasicJsonType::binary_t;
[build]       |                      ^
[build] C:\Users\pperv\code\unnamed_rpg\vendor\json\include\nlohmann/detail/input/json_sax.hpp(483,31): warning: alias declarations are incompatible with C++98 [-Wc++98-compat]
[build]   483 |     using parser_callback_t = typename BasicJsonType::parser_callback_t;
[build]       |                               ^
[build] C:\Users\pperv\code\unnamed_rpg\vendor\json\include\nlohmann/detail/input/json_sax.hpp(484,27): warning: alias declarations are incompatible with C++98 [-Wc++98-compat]
[build]   484 |     using parse_event_t = typename BasicJsonType::parse_event_t;
[build]       |                           ^
[build] C:\Users\pperv\code\unnamed_rpg\vendor\json\include\nlohmann/detail/input/json_sax.hpp(485,21): warning: alias declarations are incompatible with C++98 [-Wc++98-compat]
[build]   485 |     using lexer_t = lexer<BasicJsonType, InputAdapterType>;
[build]       |                     ^
[build] C:\Users\pperv\code\unnamed_rpg\vendor\json\include\nlohmann/detail/input/json_sax.hpp(497,73): warning: deleted function definitions are incompatible with C++98 [-Wc++98-compat]
[build]   497 |     json_sax_dom_callback_parser(const json_sax_dom_callback_parser&) = delete;
[build]       |                                                                         ^
[build] C:\Users\pperv\code\unnamed_rpg\vendor\json\include\nlohmann/detail/input/json_sax.hpp(498,62): warning: rvalue references are incompatible with C++98 [-Wc++98-compat]
[build]   498 |     json_sax_dom_callback_parser(json_sax_dom_callback_parser&&) = default; // NOLINT(hicpp-noexcept-move,performance-noexcept-move-constructor)
[build]       |                                                              ^
[build] C:\Users\pperv\code\unnamed_rpg\vendor\json\include\nlohmann/detail/input/json_sax.hpp(498,68): warning: defaulted function definitions are incompatible with C++98 [-Wc++98-compat]
[build]   498 |     json_sax_dom_callback_parser(json_sax_dom_callback_parser&&) = default; // NOLINT(hicpp-noexcept-move,performance-noexcept-move-constructor)
[build]       |                                                                    ^
[build] C:\Users\pperv\code\unnamed_rpg\vendor\json\include\nlohmann/detail/input/json_sax.hpp(499,84): warning: deleted function definitions are incompatible with C++98 [-Wc++98-compat]
[build]   499 |     json_sax_dom_callback_parser& operator=(const json_sax_dom_callback_parser&) = delete;
[build]       |                                                                                    ^
[build] C:\Users\pperv\code\unnamed_rpg\vendor\json\include\nlohmann/detail/input/json_sax.hpp(500,73): warning: rvalue references are incompatible with C++98 [-Wc++98-compat]
[build]   500 |     json_sax_dom_callback_parser& operator=(json_sax_dom_callback_parser&&) = default; // NOLINT(hicpp-noexcept-move,performance-noexcept-move-constructor)
[build]       |                                                                         ^
[build] C:\Users\pperv\code\unnamed_rpg\vendor\json\include\nlohmann/detail/input/json_sax.hpp(500,79): warning: defaulted function definitions are incompatible with C++98 [-Wc++98-compat]
[build]   500 |     json_sax_dom_callback_parser& operator=(json_sax_dom_callback_parser&&) = default; // NOLINT(hicpp-noexcept-move,performance-noexcept-move-constructor)
[build]       |                                                                               ^
[build] C:\Users\pperv\code\unnamed_rpg\vendor\json\include\nlohmann/detail/input/json_sax.hpp(501,39): warning: defaulted function definitions are incompatible with C++98 [-Wc++98-compat]
[build]   501 |     ~json_sax_dom_callback_parser() = default;
[build]       |                                       ^
[build] C:\Users\pperv\code\unnamed_rpg\vendor\json\include\nlohmann/detail/input/json_sax.hpp(739,5): warning: 'constexpr' specifier is incompatible with C++98 [-Wc++98-compat]
[build]   739 |     constexpr bool is_errored() const
[build]       |     ^
[build] C:\Users\pperv\code\unnamed_rpg\vendor\json\include\nlohmann/detail/input/json_sax.hpp(841,55): warning: rvalue references are incompatible with C++98 [-Wc++98-compat]
[build]   841 |     std::pair<bool, BasicJsonType*> handle_value(Value&& v, const bool skip_callback = false)
[build]       |                                                       ^
[build] C:\Users\pperv\code\unnamed_rpg\vendor\json\include\nlohmann/detail/input/json_sax.hpp(923,43): warning: default member initializer for non-static data members is incompatible with C++98 [-Wc++98-compat]
[build]   923 |     std::vector<BasicJsonType*> ref_stack {};
[build]       |                                           ^
[build] C:\Users\pperv\code\unnamed_rpg\vendor\json\include\nlohmann/detail/input/json_sax.hpp(925,34): warning: default member initializer for non-static data members is incompatible with C++98 [-Wc++98-compat]
[build]   925 |     std::vector<bool> keep_stack {}; // NOLINT(readability-redundant-member-init)
[build]       |                                  ^
[build] C:\Users\pperv\code\unnamed_rpg\vendor\json\include\nlohmann/detail/input/json_sax.hpp(927,38): warning: default member initializer for non-static data members is incompatible with C++98 [-Wc++98-compat]
[build]   927 |     std::vector<bool> key_keep_stack {}; // NOLINT(readability-redundant-member-init)
[build]       |                                      ^
[build] C:\Users\pperv\code\unnamed_rpg\vendor\json\include\nlohmann/detail/input/json_sax.hpp(929,35): warning: default member initializer for non-static data members is incompatible with C++98 [-Wc++98-compat]
[build]   929 |     BasicJsonType* object_element = nullptr;
[build]       |                                   ^
[build] C:\Users\pperv\code\unnamed_rpg\vendor\json\include\nlohmann/detail/input/json_sax.hpp(931,18): warning: default member initializer for non-static data members is incompatible with C++98 [-Wc++98-compat]
[build]   931 |     bool errored = false;
[build]       |                  ^
[build] C:\Users\pperv\code\unnamed_rpg\vendor\json\include\nlohmann/detail/input/json_sax.hpp(933,38): warning: default member initializer for non-static data members is incompatible with C++98 [-Wc++98-compat]
[build]   933 |     const parser_callback_t callback = nullptr;
[build]       |                                      ^
[build] C:\Users\pperv\code\unnamed_rpg\vendor\json\include\nlohmann/detail/input/json_sax.hpp(935,33): warning: default member initializer for non-static data members is incompatible with C++98 [-Wc++98-compat]
[build]   935 |     const bool allow_exceptions = true;
[build]       |                                 ^
[build] C:\Users\pperv\code\unnamed_rpg\vendor\json\include\nlohmann/detail/input/json_sax.hpp(937,29): warning: default member initializer for non-static data members is incompatible with C++98 [-Wc++98-compat]
[build]   937 |     BasicJsonType discarded = BasicJsonType::value_t::discarded;
[build]       |                             ^
[build] C:\Users\pperv\code\unnamed_rpg\vendor\json\include\nlohmann/detail/input/json_sax.hpp(939,26): warning: default member initializer for non-static data members is incompatible with C++98 [-Wc++98-compat]
[build]   939 |     lexer_t* m_lexer_ref = nullptr;
[build]       |                          ^
[build] C:\Users\pperv\code\unnamed_rpg\vendor\json\include\nlohmann/detail/input/json_sax.hpp(490,52): warning: 'nullptr' is incompatible with C++98 [-Wc++98-compat]
[build]   490 |                                  lexer_t* lexer_ = nullptr)
[build]       |                                                    ^
[build] C:\Users\pperv\code\unnamed_rpg\vendor\json\include\nlohmann/detail/input/json_sax.hpp(925,34): warning: constructor call from initializer list is incompatible with C++98 [-Wc++98-compat]
[build]   925 |     std::vector<bool> keep_stack {}; // NOLINT(readability-redundant-member-init)
[build]       |                                  ^~
[build] C:\Users\pperv\code\unnamed_rpg\vendor\json\include\nlohmann/detail/input/json_sax.hpp(927,38): warning: constructor call from initializer list is incompatible with C++98 [-Wc++98-compat]
[build]   927 |     std::vector<bool> key_keep_stack {}; // NOLINT(readability-redundant-member-init)
[build]       |                                      ^~
[build] C:\Users\pperv\code\unnamed_rpg\vendor\json\include\nlohmann/detail/input/json_sax.hpp(929,37): warning: 'nullptr' is incompatible with C++98 [-Wc++98-compat]
[build]   929 |     BasicJsonType* object_element = nullptr;
[build]       |                                     ^
[build] C:\Users\pperv\code\unnamed_rpg\vendor\json\include\nlohmann/detail/input/json_sax.hpp(933,40): warning: 'nullptr' is incompatible with C++98 [-Wc++98-compat]
[build]   933 |     const parser_callback_t callback = nullptr;
[build]       |                                        ^
[build] C:\Users\pperv\code\unnamed_rpg\vendor\json\include\nlohmann/detail/input/json_sax.hpp(939,28): warning: 'nullptr' is incompatible with C++98 [-Wc++98-compat]
[build]   939 |     lexer_t* m_lexer_ref = nullptr;
[build]       |                            ^
[build] C:\Users\pperv\code\unnamed_rpg\vendor\json\include\nlohmann/detail/input/json_sax.hpp(946,30): warning: alias declarations are incompatible with C++98 [-Wc++98-compat]
[build]   946 |     using number_integer_t = typename BasicJsonType::number_integer_t;
[build]       |                              ^
[build] C:\Users\pperv\code\unnamed_rpg\vendor\json\include\nlohmann/detail/input/json_sax.hpp(947,31): warning: alias declarations are incompatible with C++98 [-Wc++98-compat]
[build]   947 |     using number_unsigned_t = typename BasicJsonType::number_unsigned_t;
[build]       |                               ^
[build] C:\Users\pperv\code\unnamed_rpg\vendor\json\include\nlohmann/detail/input/json_sax.hpp(948,28): warning: alias declarations are incompatible with C++98 [-Wc++98-compat]
[build]   948 |     using number_float_t = typename BasicJsonType::number_float_t;
[build]       |                            ^
[build] C:\Users\pperv\code\unnamed_rpg\vendor\json\include\nlohmann/detail/input/json_sax.hpp(949,22): warning: alias declarations are incompatible with C++98 [-Wc++98-compat]
[build]   949 |     using string_t = typename BasicJsonType::string_t;
[build]       |                      ^
[build] C:\Users\pperv\code\unnamed_rpg\vendor\json\include\nlohmann/detail/input/json_sax.hpp(950,22): warning: alias declarations are incompatible with C++98 [-Wc++98-compat]
[build]   950 |     using binary_t = typename BasicJsonType::binary_t;
[build]       |                      ^
[build] In file included from C:\Users\pperv\code\unnamed_rpg\vendor\json-schema-validator\src\json-schema-draft7.json.cpp:9:
[build] In file included from C:\Users\pperv\code\unnamed_rpg\vendor\json\include\nlohmann/json.hpp:50:
[build] In file included from C:\Users\pperv\code\unnamed_rpg\vendor\json\include\nlohmann/detail/input/binary_reader.hpp:32:
[build] C:\Users\pperv\code\unnamed_rpg\vendor\json\include\nlohmann/detail/meta/is_sax.hpp(19,1): warning: empty macro arguments are incompatible with C++98 [-Wc++98-compat-pedantic]
[build]    19 | NLOHMANN_JSON_NAMESPACE_BEGIN
[build]       | ^
[build] C:\Users\pperv\code\unnamed_rpg\vendor\json\include\nlohmann/detail/abi_macros.hpp(102,17): note: expanded from macro 'NLOHMANN_JSON_NAMESPACE_BEGIN'
[build]   102 |                 NLOHMANN_JSON_ABI_TAGS,              \
[build]       |                 ^
[build] C:\Users\pperv\code\unnamed_rpg\vendor\json\include\nlohmann/detail/abi_macros.hpp(65,5): note: expanded from macro 'NLOHMANN_JSON_ABI_TAGS'
[build]    65 |     NLOHMANN_JSON_ABI_TAGS_CONCAT(                                   \
[build]       |     ^
[build] C:\Users\pperv\code\unnamed_rpg\vendor\json\include\nlohmann/detail/abi_macros.hpp(62,39): note: expanded from macro 'NLOHMANN_JSON_ABI_TAGS_CONCAT'
[build]    62 |     NLOHMANN_JSON_ABI_TAGS_CONCAT_EX(a, b, c)
[build]       |                                       ^
[build] In file included from C:\Users\pperv\code\unnamed_rpg\vendor\json-schema-validator\src\json-schema-draft7.json.cpp:9:
[build] In file included from C:\Users\pperv\code\unnamed_rpg\vendor\json\include\nlohmann/json.hpp:50:
[build] In file included from C:\Users\pperv\code\unnamed_rpg\vendor\json\include\nlohmann/detail/input/binary_reader.hpp:32:
[build] C:\Users\pperv\code\unnamed_rpg\vendor\json\include\nlohmann/detail/meta/is_sax.hpp(19,1): warning: empty macro arguments are incompatible with C++98 [-Wc++98-compat-pedantic]
[build] C:\Users\pperv\code\unnamed_rpg\vendor\json\include\nlohmann/detail/abi_macros.hpp(102,17): note: expanded from macro 'NLOHMANN_JSON_NAMESPACE_BEGIN'
[build]   102 |                 NLOHMANN_JSON_ABI_TAGS,              \
[build]       |                 ^
[build] C:\Users\pperv\code\unnamed_rpg\vendor\json\include\nlohmann/detail/abi_macros.hpp(65,5): note: expanded from macro 'NLOHMANN_JSON_ABI_TAGS'
[build]    65 |     NLOHMANN_JSON_ABI_TAGS_CONCAT(                                   \
[build]       |     ^
[build] C:\Users\pperv\code\unnamed_rpg\vendor\json\include\nlohmann/detail/abi_macros.hpp(62,42): note: expanded from macro 'NLOHMANN_JSON_ABI_TAGS_CONCAT'
[build]    62 |     NLOHMANN_JSON_ABI_TAGS_CONCAT_EX(a, b, c)
[build]       |                                          ^
[build] In file included from C:\Users\pperv\code\unnamed_rpg\vendor\json-schema-validator\src\json-schema-draft7.json.cpp:9:
[build] In file included from C:\Users\pperv\code\unnamed_rpg\vendor\json\include\nlohmann/json.hpp:50:
[build] In file included from C:\Users\pperv\code\unnamed_rpg\vendor\json\include\nlohmann/detail/input/binary_reader.hpp:32:
[build] C:\Users\pperv\code\unnamed_rpg\vendor\json\include\nlohmann/detail/meta/is_sax.hpp(19,1): warning: empty macro arguments are incompatible with C++98 [-Wc++98-compat-pedantic]
[build] C:\Users\pperv\code\unnamed_rpg\vendor\json\include\nlohmann/detail/abi_macros.hpp(102,17): note: expanded from macro 'NLOHMANN_JSON_NAMESPACE_BEGIN'
[build]   102 |                 NLOHMANN_JSON_ABI_TAGS,              \
[build]       |                 ^
[build] C:\Users\pperv\code\unnamed_rpg\vendor\json\include\nlohmann/detail/abi_macros.hpp(65,5): note: expanded from macro 'NLOHMANN_JSON_ABI_TAGS'
[build]    65 |     NLOHMANN_JSON_ABI_TAGS_CONCAT(                                   \
[build]       |     ^
[build] C:\Users\pperv\code\unnamed_rpg\vendor\json\include\nlohmann/detail/abi_macros.hpp(62,45): note: expanded from macro 'NLOHMANN_JSON_ABI_TAGS_CONCAT'
[build]    62 |     NLOHMANN_JSON_ABI_TAGS_CONCAT_EX(a, b, c)
[build]       |                                             ^
[build] In file included from C:\Users\pperv\code\unnamed_rpg\vendor\json-schema-validator\src\json-schema-draft7.json.cpp:9:
[build] In file included from C:\Users\pperv\code\unnamed_rpg\vendor\json\include\nlohmann/json.hpp:50:
[build] In file included from C:\Users\pperv\code\unnamed_rpg\vendor\json\include\nlohmann/detail/input/binary_reader.hpp:32:
[build] C:\Users\pperv\code\unnamed_rpg\vendor\json\include\nlohmann/detail/meta/is_sax.hpp(19,1): warning: inline namespaces are incompatible with C++98 [-Wc++98-compat]
[build] C:\Users\pperv\code\unnamed_rpg\vendor\json\include\nlohmann/detail/abi_macros.hpp(101,5): note: expanded from macro 'NLOHMANN_JSON_NAMESPACE_BEGIN'
[build]   101 |     inline namespace NLOHMANN_JSON_NAMESPACE_CONCAT( \
[build]       |     ^
[build] In file included from C:\Users\pperv\code\unnamed_rpg\vendor\json-schema-validator\src\json-schema-draft7.json.cpp:9:
[build] In file included from C:\Users\pperv\code\unnamed_rpg\vendor\json\include\nlohmann/json.hpp:50:
[build] In file included from C:\Users\pperv\code\unnamed_rpg\vendor\json\include\nlohmann/detail/input/binary_reader.hpp:32:
[build] C:\Users\pperv\code\unnamed_rpg\vendor\json\include\nlohmann/detail/meta/is_sax.hpp(24,25): warning: alias declarations are incompatible with C++98 [-Wc++98-compat]
[build]    24 | using null_function_t = decltype(std::declval<T&>().null());
[build]       |                         ^
[build] C:\Users\pperv\code\unnamed_rpg\vendor\json\include\nlohmann/detail/meta/is_sax.hpp(24,25): warning: 'decltype' type specifier is incompatible with C++98 [-Wc++98-compat]
[build] C:\Users\pperv\code\unnamed_rpg\vendor\json\include\nlohmann/detail/meta/is_sax.hpp(28,5): warning: alias declarations are incompatible with C++98 [-Wc++98-compat]
[build]    28 |     decltype(std::declval<T&>().boolean(std::declval<bool>()));
[build]       |     ^
[build] C:\Users\pperv\code\unnamed_rpg\vendor\json\include\nlohmann/detail/meta/is_sax.hpp(28,5): warning: 'decltype' type specifier is incompatible with C++98 [-Wc++98-compat]
[build] C:\Users\pperv\code\unnamed_rpg\vendor\json\include\nlohmann/detail/meta/is_sax.hpp(32,5): warning: alias declarations are incompatible with C++98 [-Wc++98-compat]
[build]    32 |     decltype(std::declval<T&>().number_integer(std::declval<Integer>()));
[build]       |     ^
[build] C:\Users\pperv\code\unnamed_rpg\vendor\json\include\nlohmann/detail/meta/is_sax.hpp(32,5): warning: 'decltype' type specifier is incompatible with C++98 [-Wc++98-compat]
[build] C:\Users\pperv\code\unnamed_rpg\vendor\json\include\nlohmann/detail/meta/is_sax.hpp(36,5): warning: alias declarations are incompatible with C++98 [-Wc++98-compat]
[build]    36 |     decltype(std::declval<T&>().number_unsigned(std::declval<Unsigned>()));
[build]       |     ^
[build] C:\Users\pperv\code\unnamed_rpg\vendor\json\include\nlohmann/detail/meta/is_sax.hpp(36,5): warning: 'decltype' type specifier is incompatible with C++98 [-Wc++98-compat]
[build] C:\Users\pperv\code\unnamed_rpg\vendor\json\include\nlohmann/detail/meta/is_sax.hpp(39,33): warning: alias declarations are incompatible with C++98 [-Wc++98-compat]
[build]    39 | using number_float_function_t = decltype(std::declval<T&>().number_float(
[build]       |                                 ^
[build] C:\Users\pperv\code\unnamed_rpg\vendor\json\include\nlohmann/detail/meta/is_sax.hpp(39,33): warning: 'decltype' type specifier is incompatible with C++98 [-Wc++98-compat]
[build] C:\Users\pperv\code\unnamed_rpg\vendor\json\include\nlohmann/detail/meta/is_sax.hpp(44,5): warning: alias declarations are incompatible with C++98 [-Wc++98-compat]
[build]    44 |     decltype(std::declval<T&>().string(std::declval<String&>()));
[build]       |     ^
[build] C:\Users\pperv\code\unnamed_rpg\vendor\json\include\nlohmann/detail/meta/is_sax.hpp(44,5): warning: 'decltype' type specifier is incompatible with C++98 [-Wc++98-compat]
[build] C:\Users\pperv\code\unnamed_rpg\vendor\json\include\nlohmann/detail/meta/is_sax.hpp(48,5): warning: alias declarations are incompatible with C++98 [-Wc++98-compat]
[build]    48 |     decltype(std::declval<T&>().binary(std::declval<Binary&>()));
[build]       |     ^
[build] C:\Users\pperv\code\unnamed_rpg\vendor\json\include\nlohmann/detail/meta/is_sax.hpp(48,5): warning: 'decltype' type specifier is incompatible with C++98 [-Wc++98-compat]
[build] C:\Users\pperv\code\unnamed_rpg\vendor\json\include\nlohmann/detail/meta/is_sax.hpp(52,5): warning: alias declarations are incompatible with C++98 [-Wc++98-compat]
[build]    52 |     decltype(std::declval<T&>().start_object(std::declval<std::size_t>()));
[build]       |     ^
[build] C:\Users\pperv\code\unnamed_rpg\vendor\json\include\nlohmann/detail/meta/is_sax.hpp(52,5): warning: 'decltype' type specifier is incompatible with C++98 [-Wc++98-compat]
[build] C:\Users\pperv\code\unnamed_rpg\vendor\json\include\nlohmann/detail/meta/is_sax.hpp(56,5): warning: alias declarations are incompatible with C++98 [-Wc++98-compat]
[build]    56 |     decltype(std::declval<T&>().key(std::declval<String&>()));
[build]       |     ^
[build] C:\Users\pperv\code\unnamed_rpg\vendor\json\include\nlohmann/detail/meta/is_sax.hpp(56,5): warning: 'decltype' type specifier is incompatible with C++98 [-Wc++98-compat]
[build] C:\Users\pperv\code\unnamed_rpg\vendor\json\include\nlohmann/detail/meta/is_sax.hpp(59,31): warning: alias declarations are incompatible with C++98 [-Wc++98-compat]
[build]    59 | using end_object_function_t = decltype(std::declval<T&>().end_object());
[build]       |                               ^
[build] C:\Users\pperv\code\unnamed_rpg\vendor\json\include\nlohmann/detail/meta/is_sax.hpp(59,31): warning: 'decltype' type specifier is incompatible with C++98 [-Wc++98-compat]
[build] C:\Users\pperv\code\unnamed_rpg\vendor\json\include\nlohmann/detail/meta/is_sax.hpp(63,5): warning: alias declarations are incompatible with C++98 [-Wc++98-compat]
[build]    63 |     decltype(std::declval<T&>().start_array(std::declval<std::size_t>()));
[build]       |     ^
[build] C:\Users\pperv\code\unnamed_rpg\vendor\json\include\nlohmann/detail/meta/is_sax.hpp(63,5): warning: 'decltype' type specifier is incompatible with C++98 [-Wc++98-compat]
[build] C:\Users\pperv\code\unnamed_rpg\vendor\json\include\nlohmann/detail/meta/is_sax.hpp(66,30): warning: alias declarations are incompatible with C++98 [-Wc++98-compat]
[build]    66 | using end_array_function_t = decltype(std::declval<T&>().end_array());
[build]       |                              ^
[build] C:\Users\pperv\code\unnamed_rpg\vendor\json\include\nlohmann/detail/meta/is_sax.hpp(66,30): warning: 'decltype' type specifier is incompatible with C++98 [-Wc++98-compat]
[build] C:\Users\pperv\code\unnamed_rpg\vendor\json\include\nlohmann/detail/meta/is_sax.hpp(69,32): warning: alias declarations are incompatible with C++98 [-Wc++98-compat]
[build]    69 | using parse_error_function_t = decltype(std::declval<T&>().parse_error(
[build]       |                                ^
[build] C:\Users\pperv\code\unnamed_rpg\vendor\json\include\nlohmann/detail/meta/is_sax.hpp(69,32): warning: 'decltype' type specifier is incompatible with C++98 [-Wc++98-compat]
[build] C:\Users\pperv\code\unnamed_rpg\vendor\json\include\nlohmann/detail/meta/is_sax.hpp(77,5): warning: 'static_assert' declarations are incompatible with C++98 [-Wc++98-compat]
[build]    77 |     static_assert(is_basic_json<BasicJsonType>::value,
[build]       |     ^
[build] C:\Users\pperv\code\unnamed_rpg\vendor\json\include\nlohmann/detail/meta/is_sax.hpp(80,30): warning: alias declarations are incompatible with C++98 [-Wc++98-compat]
[build]    80 |     using number_integer_t = typename BasicJsonType::number_integer_t;
[build]       |                              ^
[build] C:\Users\pperv\code\unnamed_rpg\vendor\json\include\nlohmann/detail/meta/is_sax.hpp(81,31): warning: alias declarations are incompatible with C++98 [-Wc++98-compat]
[build]    81 |     using number_unsigned_t = typename BasicJsonType::number_unsigned_t;
[build]       |                               ^
[build] C:\Users\pperv\code\unnamed_rpg\vendor\json\include\nlohmann/detail/meta/is_sax.hpp(82,28): warning: alias declarations are incompatible with C++98 [-Wc++98-compat]
[build]    82 |     using number_float_t = typename BasicJsonType::number_float_t;
[build]       |                            ^
[build] C:\Users\pperv\code\unnamed_rpg\vendor\json\include\nlohmann/detail/meta/is_sax.hpp(83,22): warning: alias declarations are incompatible with C++98 [-Wc++98-compat]
[build]    83 |     using string_t = typename BasicJsonType::string_t;
[build]       |                      ^
[build] C:\Users\pperv\code\unnamed_rpg\vendor\json\include\nlohmann/detail/meta/is_sax.hpp(84,22): warning: alias declarations are incompatible with C++98 [-Wc++98-compat]
[build]    84 |     using binary_t = typename BasicJsonType::binary_t;
[build]       |                      ^
[build] C:\Users\pperv\code\unnamed_rpg\vendor\json\include\nlohmann/detail/meta/is_sax.hpp(85,25): warning: alias declarations are incompatible with C++98 [-Wc++98-compat]
[build]    85 |     using exception_t = typename BasicJsonType::exception;
[build]       |                         ^
[build] C:\Users\pperv\code\unnamed_rpg\vendor\json\include\nlohmann/detail/meta/is_sax.hpp(88,12): warning: 'constexpr' specifier is incompatible with C++98 [-Wc++98-compat]
[build]    88 |     static constexpr bool value =
[build]       |            ^
[build] C:\Users\pperv\code\unnamed_rpg\vendor\json\include\nlohmann/detail/meta/is_sax.hpp(108,5): warning: 'static_assert' declarations are incompatible with C++98 [-Wc++98-compat]
[build]   108 |     static_assert(is_basic_json<BasicJsonType>::value,
[build]       |     ^
[build] C:\Users\pperv\code\unnamed_rpg\vendor\json\include\nlohmann/detail/meta/is_sax.hpp(111,30): warning: alias declarations are incompatible with C++98 [-Wc++98-compat]
[build]   111 |     using number_integer_t = typename BasicJsonType::number_integer_t;
[build]       |                              ^
[build] C:\Users\pperv\code\unnamed_rpg\vendor\json\include\nlohmann/detail/meta/is_sax.hpp(112,31): warning: alias declarations are incompatible with C++98 [-Wc++98-compat]
[build]   112 |     using number_unsigned_t = typename BasicJsonType::number_unsigned_t;
[build]       |                               ^
[build] C:\Users\pperv\code\unnamed_rpg\vendor\json\include\nlohmann/detail/meta/is_sax.hpp(113,28): warning: alias declarations are incompatible with C++98 [-Wc++98-compat]
[build]   113 |     using number_float_t = typename BasicJsonType::number_float_t;
[build]       |                            ^
[build] C:\Users\pperv\code\unnamed_rpg\vendor\json\include\nlohmann/detail/meta/is_sax.hpp(114,22): warning: alias declarations are incompatible with C++98 [-Wc++98-compat]
[build]   114 |     using string_t = typename BasicJsonType::string_t;
[build]       |                      ^
[build] C:\Users\pperv\code\unnamed_rpg\vendor\json\include\nlohmann/detail/meta/is_sax.hpp(115,22): warning: alias declarations are incompatible with C++98 [-Wc++98-compat]
[build]   115 |     using binary_t = typename BasicJsonType::binary_t;
[build]       |                      ^
[build] C:\Users\pperv\code\unnamed_rpg\vendor\json\include\nlohmann/detail/meta/is_sax.hpp(116,25): warning: alias declarations are incompatible with C++98 [-Wc++98-compat]
[build]   116 |     using exception_t = typename BasicJsonType::exception;
[build]       |                         ^
[build] C:\Users\pperv\code\unnamed_rpg\vendor\json\include\nlohmann/detail/meta/is_sax.hpp(119,5): warning: 'static_assert' declarations are incompatible with C++98 [-Wc++98-compat]
[build]   119 |     static_assert(is_detected_exact<bool, null_function_t, SAX>::value,
[build]       |     ^
[build] C:\Users\pperv\code\unnamed_rpg\vendor\json\include\nlohmann/detail/meta/is_sax.hpp(121,5): warning: 'static_assert' declarations are incompatible with C++98 [-Wc++98-compat]
[build]   121 |     static_assert(is_detected_exact<bool, boolean_function_t, SAX>::value,
[build]       |     ^
[build] C:\Users\pperv\code\unnamed_rpg\vendor\json\include\nlohmann/detail/meta/is_sax.hpp(123,5): warning: 'static_assert' declarations are incompatible with C++98 [-Wc++98-compat]
[build]   123 |     static_assert(is_detected_exact<bool, boolean_function_t, SAX>::value,
[build]       |     ^
[build] C:\Users\pperv\code\unnamed_rpg\vendor\json\include\nlohmann/detail/meta/is_sax.hpp(125,5): warning: 'static_assert' declarations are incompatible with C++98 [-Wc++98-compat]
[build]   125 |     static_assert(
[build]       |     ^
[build] C:\Users\pperv\code\unnamed_rpg\vendor\json\include\nlohmann/detail/meta/is_sax.hpp(129,5): warning: 'static_assert' declarations are incompatible with C++98 [-Wc++98-compat]
[build]   129 |     static_assert(
[build]       |     ^
[build] C:\Users\pperv\code\unnamed_rpg\vendor\json\include\nlohmann/detail/meta/is_sax.hpp(133,5): warning: 'static_assert' declarations are incompatible with C++98 [-Wc++98-compat]
[build]   133 |     static_assert(is_detected_exact<bool, number_float_function_t, SAX,
[build]       |     ^
[build] C:\Users\pperv\code\unnamed_rpg\vendor\json\include\nlohmann/detail/meta/is_sax.hpp(136,5): warning: 'static_assert' declarations are incompatible with C++98 [-Wc++98-compat]
[build]   136 |     static_assert(
[build]       |     ^
[build] C:\Users\pperv\code\unnamed_rpg\vendor\json\include\nlohmann/detail/meta/is_sax.hpp(139,5): warning: 'static_assert' declarations are incompatible with C++98 [-Wc++98-compat]
[build]   139 |     static_assert(
[build]       |     ^
[build] C:\Users\pperv\code\unnamed_rpg\vendor\json\include\nlohmann/detail/meta/is_sax.hpp(142,5): warning: 'static_assert' declarations are incompatible with C++98 [-Wc++98-compat]
[build]   142 |     static_assert(is_detected_exact<bool, start_object_function_t, SAX>::value,
[build]       |     ^
[build] C:\Users\pperv\code\unnamed_rpg\vendor\json\include\nlohmann/detail/meta/is_sax.hpp(144,5): warning: 'static_assert' declarations are incompatible with C++98 [-Wc++98-compat]
[build]   144 |     static_assert(is_detected_exact<bool, key_function_t, SAX, string_t>::value,
[build]       |     ^
[build] C:\Users\pperv\code\unnamed_rpg\vendor\json\include\nlohmann/detail/meta/is_sax.hpp(146,5): warning: 'static_assert' declarations are incompatible with C++98 [-Wc++98-compat]
[build]   146 |     static_assert(is_detected_exact<bool, end_object_function_t, SAX>::value,
[build]       |     ^
[build] C:\Users\pperv\code\unnamed_rpg\vendor\json\include\nlohmann/detail/meta/is_sax.hpp(148,5): warning: 'static_assert' declarations are incompatible with C++98 [-Wc++98-compat]
[build]   148 |     static_assert(is_detected_exact<bool, start_array_function_t, SAX>::value,
[build]       |     ^
[build] C:\Users\pperv\code\unnamed_rpg\vendor\json\include\nlohmann/detail/meta/is_sax.hpp(150,5): warning: 'static_assert' declarations are incompatible with C++98 [-Wc++98-compat]
[build]   150 |     static_assert(is_detected_exact<bool, end_array_function_t, SAX>::value,
[build]       |     ^
[build] C:\Users\pperv\code\unnamed_rpg\vendor\json\include\nlohmann/detail/meta/is_sax.hpp(152,5): warning: 'static_assert' declarations are incompatible with C++98 [-Wc++98-compat]
[build]   152 |     static_assert(
[build]       |     ^
[build] In file included from C:\Users\pperv\code\unnamed_rpg\vendor\json-schema-validator\src\json-schema-draft7.json.cpp:9:
[build] In file included from C:\Users\pperv\code\unnamed_rpg\vendor\json\include\nlohmann/json.hpp:50:
[build] C:\Users\pperv\code\unnamed_rpg\vendor\json\include\nlohmann/detail/input/binary_reader.hpp(37,1): warning: empty macro arguments are incompatible with C++98 [-Wc++98-compat-pedantic]
[build]    37 | NLOHMANN_JSON_NAMESPACE_BEGIN
[build]       | ^
[build] C:\Users\pperv\code\unnamed_rpg\vendor\json\include\nlohmann/detail/abi_macros.hpp(102,17): note: expanded from macro 'NLOHMANN_JSON_NAMESPACE_BEGIN'
[build]   102 |                 NLOHMANN_JSON_ABI_TAGS,              \
[build]       |                 ^
[build] C:\Users\pperv\code\unnamed_rpg\vendor\json\include\nlohmann/detail/abi_macros.hpp(65,5): note: expanded from macro 'NLOHMANN_JSON_ABI_TAGS'
[build]    65 |     NLOHMANN_JSON_ABI_TAGS_CONCAT(                                   \
[build]       |     ^
[build] C:\Users\pperv\code\unnamed_rpg\vendor\json\include\nlohmann/detail/abi_macros.hpp(62,39): note: expanded from macro 'NLOHMANN_JSON_ABI_TAGS_CONCAT'
[build]    62 |     NLOHMANN_JSON_ABI_TAGS_CONCAT_EX(a, b, c)
[build]       |                                       ^
[build] In file included from C:\Users\pperv\code\unnamed_rpg\vendor\json-schema-validator\src\json-schema-draft7.json.cpp:9:
[build] In file included from C:\Users\pperv\code\unnamed_rpg\vendor\json\include\nlohmann/json.hpp:50:
[build] C:\Users\pperv\code\unnamed_rpg\vendor\json\include\nlohmann/detail/input/binary_reader.hpp(37,1): warning: empty macro arguments are incompatible with C++98 [-Wc++98-compat-pedantic]
[build] C:\Users\pperv\code\unnamed_rpg\vendor\json\include\nlohmann/detail/abi_macros.hpp(102,17): note: expanded from macro 'NLOHMANN_JSON_NAMESPACE_BEGIN'
[build]   102 |                 NLOHMANN_JSON_ABI_TAGS,              \
[build]       |                 ^
[build] C:\Users\pperv\code\unnamed_rpg\vendor\json\include\nlohmann/detail/abi_macros.hpp(65,5): note: expanded from macro 'NLOHMANN_JSON_ABI_TAGS'
[build]    65 |     NLOHMANN_JSON_ABI_TAGS_CONCAT(                                   \
[build]       |     ^
[build] C:\Users\pperv\code\unnamed_rpg\vendor\json\include\nlohmann/detail/abi_macros.hpp(62,42): note: expanded from macro 'NLOHMANN_JSON_ABI_TAGS_CONCAT'
[build]    62 |     NLOHMANN_JSON_ABI_TAGS_CONCAT_EX(a, b, c)
[build]       |                                          ^
[build] In file included from C:\Users\pperv\code\unnamed_rpg\vendor\json-schema-validator\src\json-schema-draft7.json.cpp:9:
[build] In file included from C:\Users\pperv\code\unnamed_rpg\vendor\json\include\nlohmann/json.hpp:50:
[build] C:\Users\pperv\code\unnamed_rpg\vendor\json\include\nlohmann/detail/input/binary_reader.hpp(37,1): warning: empty macro arguments are incompatible with C++98 [-Wc++98-compat-pedantic]
[build] C:\Users\pperv\code\unnamed_rpg\vendor\json\include\nlohmann/detail/abi_macros.hpp(102,17): note: expanded from macro 'NLOHMANN_JSON_NAMESPACE_BEGIN'
[build]   102 |                 NLOHMANN_JSON_ABI_TAGS,              \
[build]       |                 ^
[build] C:\Users\pperv\code\unnamed_rpg\vendor\json\include\nlohmann/detail/abi_macros.hpp(65,5): note: expanded from macro 'NLOHMANN_JSON_ABI_TAGS'
[build]    65 |     NLOHMANN_JSON_ABI_TAGS_CONCAT(                                   \
[build]       |     ^
[build] C:\Users\pperv\code\unnamed_rpg\vendor\json\include\nlohmann/detail/abi_macros.hpp(62,45): note: expanded from macro 'NLOHMANN_JSON_ABI_TAGS_CONCAT'
[build]    62 |     NLOHMANN_JSON_ABI_TAGS_CONCAT_EX(a, b, c)
[build]       |                                             ^
[build] In file included from C:\Users\pperv\code\unnamed_rpg\vendor\json-schema-validator\src\json-schema-draft7.json.cpp:9:
[build] In file included from C:\Users\pperv\code\unnamed_rpg\vendor\json\include\nlohmann/json.hpp:50:
[build] C:\Users\pperv\code\unnamed_rpg\vendor\json\include\nlohmann/detail/input/binary_reader.hpp(37,1): warning: inline namespaces are incompatible with C++98 [-Wc++98-compat]
[build] C:\Users\pperv\code\unnamed_rpg\vendor\json\include\nlohmann/detail/abi_macros.hpp(101,5): note: expanded from macro 'NLOHMANN_JSON_NAMESPACE_BEGIN'
[build]   101 |     inline namespace NLOHMANN_JSON_NAMESPACE_CONCAT( \
[build]       |     ^
[build] In file included from C:\Users\pperv\code\unnamed_rpg\vendor\json-schema-validator\src\json-schema-draft7.json.cpp:9:
[build] In file included from C:\Users\pperv\code\unnamed_rpg\vendor\json\include\nlohmann/json.hpp:50:
[build] C:\Users\pperv\code\unnamed_rpg\vendor\json\include\nlohmann/detail/input/binary_reader.hpp(42,6): warning: scoped enumerations are incompatible with C++98 [-Wc++98-compat]
[build]    42 | enum class cbor_tag_handler_t
[build]       |      ^
[build] C:\Users\pperv\code\unnamed_rpg\vendor\json\include\nlohmann/detail/input/binary_reader.hpp(56,44): warning: noexcept specifications are incompatible with C++98 [-Wc++98-compat]
[build]    56 | inline bool little_endianness(int num = 1) noexcept
[build]       |                                            ^
[build] C:\Users\pperv\code\unnamed_rpg\vendor\json\include\nlohmann/detail/input/binary_reader.hpp(68,127): warning: consecutive right angle brackets are incompatible with C++98 (use '> >') [-Wc++98-compat]
[build]    68 | template<typename BasicJsonType, typename InputAdapterType, typename SAX = json_sax_dom_parser<BasicJsonType, InputAdapterType>>
[build]       |                                                                                                                               ^~
[build]       |                                                                                                                               > >
[build] C:\Users\pperv\code\unnamed_rpg\vendor\json\include\nlohmann/detail/input/binary_reader.hpp(71,30): warning: alias declarations are incompatible with C++98 [-Wc++98-compat]
[build]    71 |     using number_integer_t = typename BasicJsonType::number_integer_t;
[build]       |                              ^
[build] C:\Users\pperv\code\unnamed_rpg\vendor\json\include\nlohmann/detail/input/binary_reader.hpp(72,31): warning: alias declarations are incompatible with C++98 [-Wc++98-compat]
[build]    72 |     using number_unsigned_t = typename BasicJsonType::number_unsigned_t;
[build]       |                               ^
[build] C:\Users\pperv\code\unnamed_rpg\vendor\json\include\nlohmann/detail/input/binary_reader.hpp(73,28): warning: alias declarations are incompatible with C++98 [-Wc++98-compat]
[build]    73 |     using number_float_t = typename BasicJsonType::number_float_t;
[build]       |                            ^
[build] C:\Users\pperv\code\unnamed_rpg\vendor\json\include\nlohmann/detail/input/binary_reader.hpp(74,22): warning: alias declarations are incompatible with C++98 [-Wc++98-compat]
[build]    74 |     using string_t = typename BasicJsonType::string_t;
[build]       |                      ^
[build] C:\Users\pperv\code\unnamed_rpg\vendor\json\include\nlohmann/detail/input/binary_reader.hpp(75,22): warning: alias declarations are incompatible with C++98 [-Wc++98-compat]
[build]    75 |     using binary_t = typename BasicJsonType::binary_t;
[build]       |                      ^
[build] C:\Users\pperv\code\unnamed_rpg\vendor\json\include\nlohmann/detail/input/binary_reader.hpp(76,24): warning: alias declarations are incompatible with C++98 [-Wc++98-compat]
[build]    76 |     using json_sax_t = SAX;
[build]       |                        ^
[build] C:\Users\pperv\code\unnamed_rpg\vendor\json\include\nlohmann/detail/input/binary_reader.hpp(77,23): warning: alias declarations are incompatible with C++98 [-Wc++98-compat]
[build]    77 |     using char_type = typename InputAdapterType::char_type;
[build]       |                       ^
[build] C:\Users\pperv\code\unnamed_rpg\vendor\json\include\nlohmann/detail/input/binary_reader.hpp(78,27): warning: alias declarations are incompatible with C++98 [-Wc++98-compat]
[build]    78 |     using char_int_type = typename char_traits<char_type>::int_type;
[build]       |                           ^
[build] C:\Users\pperv\code\unnamed_rpg\vendor\json\include\nlohmann/detail/input/binary_reader.hpp(86,44): warning: rvalue references are incompatible with C++98 [-Wc++98-compat]
[build]    86 |     explicit binary_reader(InputAdapterType&& adapter, const input_format_t format = input_format_t::json) noexcept : ia(std::move(adapter)), input_format(format)
[build]       |                                            ^
[build] C:\Users\pperv\code\unnamed_rpg\vendor\json\include\nlohmann/detail/input/binary_reader.hpp(86,117): warning: noexcept specifications are incompatible with C++98 [-Wc++98-compat]
[build]    86 |     explicit binary_reader(InputAdapterType&& adapter, const input_format_t format = input_format_t::json) noexcept : ia(std::move(adapter)), input_format(format)
[build]       |                                                                                                                     ^
[build] C:\Users\pperv\code\unnamed_rpg\vendor\json\include\nlohmann/detail/input/binary_reader.hpp(92,43): warning: deleted function definitions are incompatible with C++98 [-Wc++98-compat]
[build]    92 |     binary_reader(const binary_reader&) = delete;
[build]       |                                           ^
[build] C:\Users\pperv\code\unnamed_rpg\vendor\json\include\nlohmann/detail/input/binary_reader.hpp(93,32): warning: rvalue references are incompatible with C++98 [-Wc++98-compat]
[build]    93 |     binary_reader(binary_reader&&) = default; // NOLINT(hicpp-noexcept-move,performance-noexcept-move-constructor)
[build]       |                                ^
[build] C:\Users\pperv\code\unnamed_rpg\vendor\json\include\nlohmann/detail/input/binary_reader.hpp(93,38): warning: defaulted function definitions are incompatible with C++98 [-Wc++98-compat]
[build]    93 |     binary_reader(binary_reader&&) = default; // NOLINT(hicpp-noexcept-move,performance-noexcept-move-constructor)
[build]       |                                      ^
[build] C:\Users\pperv\code\unnamed_rpg\vendor\json\include\nlohmann/detail/input/binary_reader.hpp(94,54): warning: deleted function definitions are incompatible with C++98 [-Wc++98-compat]
[build]    94 |     binary_reader& operator=(const binary_reader&) = delete;
[build]       |                                                      ^
[build] C:\Users\pperv\code\unnamed_rpg\vendor\json\include\nlohmann/detail/input/binary_reader.hpp(95,43): warning: rvalue references are incompatible with C++98 [-Wc++98-compat]
[build]    95 |     binary_reader& operator=(binary_reader&&) = default; // NOLINT(hicpp-noexcept-move,performance-noexcept-move-constructor)
[build]       |                                           ^
[build] C:\Users\pperv\code\unnamed_rpg\vendor\json\include\nlohmann/detail/input/binary_reader.hpp(95,49): warning: defaulted function definitions are incompatible with C++98 [-Wc++98-compat]
[build]    95 |     binary_reader& operator=(binary_reader&&) = default; // NOLINT(hicpp-noexcept-move,performance-noexcept-move-constructor)
[build]       |                                                 ^
[build] C:\Users\pperv\code\unnamed_rpg\vendor\json\include\nlohmann/detail/input/binary_reader.hpp(96,24): warning: defaulted function definitions are incompatible with C++98 [-Wc++98-compat]
[build]    96 |     ~binary_reader() = default;
[build]       |                        ^
[build] C:\Users\pperv\code\unnamed_rpg\vendor\json\include\nlohmann/detail/input/binary_reader.hpp(3022,40): warning: default template arguments for a function template are incompatible with C++98 [-Wc++98-compat]
[build]  3022 |     template<typename NumberType, bool InputIsLittleEndian = false>
[build]       |                                        ^                     ~~~~~
[build] C:\Users\pperv\code\unnamed_rpg\vendor\json\include\nlohmann/detail/input/binary_reader.hpp(3210,33): warning: 'constexpr' specifier is incompatible with C++98 [-Wc++98-compat]
[build]  3210 |     static JSON_INLINE_VARIABLE constexpr std::size_t npos = detail::unknown_size();
[build]       |                                 ^
[build] C:\Users\pperv\code\unnamed_rpg\vendor\json\include\nlohmann/detail/input/binary_reader.hpp(3216,27): warning: default member initializer for non-static data members is incompatible with C++98 [-Wc++98-compat]
[build]  3216 |     char_int_type current = char_traits<char_type>::eof();
[build]       |                           ^
[build] C:\Users\pperv\code\unnamed_rpg\vendor\json\include\nlohmann/detail/input/binary_reader.hpp(3219,28): warning: default member initializer for non-static data members is incompatible with C++98 [-Wc++98-compat]
[build]  3219 |     std::size_t chars_read = 0;
[build]       |                            ^
[build] C:\Users\pperv\code\unnamed_rpg\vendor\json\include\nlohmann/detail/input/binary_reader.hpp(3222,33): warning: default member initializer for non-static data members is incompatible with C++98 [-Wc++98-compat]
[build]  3222 |     const bool is_little_endian = little_endianness();
[build]       |                                 ^
[build] C:\Users\pperv\code\unnamed_rpg\vendor\json\include\nlohmann/detail/input/binary_reader.hpp(3225,39): warning: default member initializer for non-static data members is incompatible with C++98 [-Wc++98-compat]
[build]  3225 |     const input_format_t input_format = input_format_t::json;
[build]       |                                       ^
[build] C:\Users\pperv\code\unnamed_rpg\vendor\json\include\nlohmann/detail/input/binary_reader.hpp(3228,21): warning: default member initializer for non-static data members is incompatible with C++98 [-Wc++98-compat]
[build]  3228 |     json_sax_t* sax = nullptr;
[build]       |                     ^
[build] C:\Users\pperv\code\unnamed_rpg\vendor\json\include\nlohmann/detail/input/binary_reader.hpp(3252,11): warning: 'decltype' type specifier is incompatible with C++98 [-Wc++98-compat]
[build]  3252 |     const decltype(JSON_BINARY_READER_MAKE_BJD_OPTIMIZED_TYPE_MARKERS_) bjd_optimized_type_markers =
[build]       |           ^
[build] C:\Users\pperv\code\unnamed_rpg\vendor\json\include\nlohmann/detail/input/binary_reader.hpp(3252,100): warning: default member initializer for non-static data members is incompatible with C++98 [-Wc++98-compat]
[build]  3252 |     const decltype(JSON_BINARY_READER_MAKE_BJD_OPTIMIZED_TYPE_MARKERS_) bjd_optimized_type_markers =
[build]       |                                                                                                    ^
[build] C:\Users\pperv\code\unnamed_rpg\vendor\json\include\nlohmann/detail/input/binary_reader.hpp(3255,22): warning: alias declarations are incompatible with C++98 [-Wc++98-compat]
[build]  3255 |     using bjd_type = std::pair<char_int_type, string_t>;
[build]       |                      ^
[build] C:\Users\pperv\code\unnamed_rpg\vendor\json\include\nlohmann/detail/input/binary_reader.hpp(3257,11): warning: 'decltype' type specifier is incompatible with C++98 [-Wc++98-compat]
[build]  3257 |     const decltype(JSON_BINARY_READER_MAKE_BJD_TYPES_MAP_) bjd_types_map =
[build]       |           ^
[build] C:\Users\pperv\code\unnamed_rpg\vendor\json\include\nlohmann/detail/input/binary_reader.hpp(3257,20): warning: generalized initializer lists are incompatible with C++98 [-Wc++98-compat]
[build]  3257 |     const decltype(JSON_BINARY_READER_MAKE_BJD_TYPES_MAP_) bjd_types_map =
[build]       |                    ^
[build] C:\Users\pperv\code\unnamed_rpg\vendor\json\include\nlohmann/detail/input/binary_reader.hpp(3236,13): note: expanded from macro 'JSON_BINARY_READER_MAKE_BJD_TYPES_MAP_'
[build]  3236 |     bjd_type{'B', "byte"},                     \
[build]       |             ^
[build] C:\Users\pperv\code\unnamed_rpg\vendor\json\include\nlohmann/detail/input/binary_reader.hpp(3257,20): warning: generalized initializer lists are incompatible with C++98 [-Wc++98-compat]
[build] C:\Users\pperv\code\unnamed_rpg\vendor\json\include\nlohmann/detail/input/binary_reader.hpp(3237,13): note: expanded from macro 'JSON_BINARY_READER_MAKE_BJD_TYPES_MAP_'
[build]  3237 |     bjd_type{'C', "char"},                     \
[build]       |             ^
[build] C:\Users\pperv\code\unnamed_rpg\vendor\json\include\nlohmann/detail/input/binary_reader.hpp(3257,20): warning: generalized initializer lists are incompatible with C++98 [-Wc++98-compat]
[build] C:\Users\pperv\code\unnamed_rpg\vendor\json\include\nlohmann/detail/input/binary_reader.hpp(3238,13): note: expanded from macro 'JSON_BINARY_READER_MAKE_BJD_TYPES_MAP_'
[build]  3238 |     bjd_type{'D', "double"},                   \
[build]       |             ^
[build] C:\Users\pperv\code\unnamed_rpg\vendor\json\include\nlohmann/detail/input/binary_reader.hpp(3257,20): warning: generalized initializer lists are incompatible with C++98 [-Wc++98-compat]
[build] C:\Users\pperv\code\unnamed_rpg\vendor\json\include\nlohmann/detail/input/binary_reader.hpp(3239,13): note: expanded from macro 'JSON_BINARY_READER_MAKE_BJD_TYPES_MAP_'
[build]  3239 |     bjd_type{'I', "int16"},                    \
[build]       |             ^
[build] C:\Users\pperv\code\unnamed_rpg\vendor\json\include\nlohmann/detail/input/binary_reader.hpp(3257,20): warning: generalized initializer lists are incompatible with C++98 [-Wc++98-compat]
[build] C:\Users\pperv\code\unnamed_rpg\vendor\json\include\nlohmann/detail/input/binary_reader.hpp(3240,13): note: expanded from macro 'JSON_BINARY_READER_MAKE_BJD_TYPES_MAP_'
[build]  3240 |     bjd_type{'L', "int64"},                    \
[build]       |             ^
[build] C:\Users\pperv\code\unnamed_rpg\vendor\json\include\nlohmann/detail/input/binary_reader.hpp(3257,20): warning: generalized initializer lists are incompatible with C++98 [-Wc++98-compat]
[build] C:\Users\pperv\code\unnamed_rpg\vendor\json\include\nlohmann/detail/input/binary_reader.hpp(3241,13): note: expanded from macro 'JSON_BINARY_READER_MAKE_BJD_TYPES_MAP_'
[build]  3241 |     bjd_type{'M', "uint64"},                   \
[build]       |             ^
[build] C:\Users\pperv\code\unnamed_rpg\vendor\json\include\nlohmann/detail/input/binary_reader.hpp(3257,20): warning: generalized initializer lists are incompatible with C++98 [-Wc++98-compat]
[build] C:\Users\pperv\code\unnamed_rpg\vendor\json\include\nlohmann/detail/input/binary_reader.hpp(3242,13): note: expanded from macro 'JSON_BINARY_READER_MAKE_BJD_TYPES_MAP_'
[build]  3242 |     bjd_type{'U', "uint8"},                    \
[build]       |             ^
[build] C:\Users\pperv\code\unnamed_rpg\vendor\json\include\nlohmann/detail/input/binary_reader.hpp(3257,20): warning: generalized initializer lists are incompatible with C++98 [-Wc++98-compat]
[build] C:\Users\pperv\code\unnamed_rpg\vendor\json\include\nlohmann/detail/input/binary_reader.hpp(3243,13): note: expanded from macro 'JSON_BINARY_READER_MAKE_BJD_TYPES_MAP_'
[build]  3243 |     bjd_type{'d', "single"},                   \
[build]       |             ^
[build] C:\Users\pperv\code\unnamed_rpg\vendor\json\include\nlohmann/detail/input/binary_reader.hpp(3257,20): warning: generalized initializer lists are incompatible with C++98 [-Wc++98-compat]
[build] C:\Users\pperv\code\unnamed_rpg\vendor\json\include\nlohmann/detail/input/binary_reader.hpp(3244,13): note: expanded from macro 'JSON_BINARY_READER_MAKE_BJD_TYPES_MAP_'
[build]  3244 |     bjd_type{'i', "int8"},                     \
[build]       |             ^
[build] C:\Users\pperv\code\unnamed_rpg\vendor\json\include\nlohmann/detail/input/binary_reader.hpp(3257,20): warning: generalized initializer lists are incompatible with C++98 [-Wc++98-compat]
[build] C:\Users\pperv\code\unnamed_rpg\vendor\json\include\nlohmann/detail/input/binary_reader.hpp(3245,13): note: expanded from macro 'JSON_BINARY_READER_MAKE_BJD_TYPES_MAP_'
[build]  3245 |     bjd_type{'l', "int32"},                    \
[build]       |             ^
[build] C:\Users\pperv\code\unnamed_rpg\vendor\json\include\nlohmann/detail/input/binary_reader.hpp(3257,20): warning: generalized initializer lists are incompatible with C++98 [-Wc++98-compat]
[build] C:\Users\pperv\code\unnamed_rpg\vendor\json\include\nlohmann/detail/input/binary_reader.hpp(3246,13): note: expanded from macro 'JSON_BINARY_READER_MAKE_BJD_TYPES_MAP_'
[build]  3246 |     bjd_type{'m', "uint32"},                   \
[build]       |             ^
[build] C:\Users\pperv\code\unnamed_rpg\vendor\json\include\nlohmann/detail/input/binary_reader.hpp(3257,20): warning: generalized initializer lists are incompatible with C++98 [-Wc++98-compat]
[build] C:\Users\pperv\code\unnamed_rpg\vendor\json\include\nlohmann/detail/input/binary_reader.hpp(3247,13): note: expanded from macro 'JSON_BINARY_READER_MAKE_BJD_TYPES_MAP_'
[build]  3247 |     bjd_type{'u', "uint16"})
[build]       |             ^
[build] C:\Users\pperv\code\unnamed_rpg\vendor\json\include\nlohmann/detail/input/binary_reader.hpp(3257,74): warning: default member initializer for non-static data members is incompatible with C++98 [-Wc++98-compat]
[build]  3257 |     const decltype(JSON_BINARY_READER_MAKE_BJD_TYPES_MAP_) bjd_types_map =
[build]       |                                                                          ^
[build] C:\Users\pperv\code\unnamed_rpg\vendor\json\include\nlohmann/detail/input/binary_reader.hpp(86,86): warning: enumeration type in nested name specifier is incompatible with C++98 [-Wc++98-compat]
[build]    86 |     explicit binary_reader(InputAdapterType&& adapter, const input_format_t format = input_format_t::json) noexcept : ia(std::move(adapter)), input_format(format)
[build]       |                                                                                      ^
[build] C:\Users\pperv\code\unnamed_rpg\vendor\json\include\nlohmann/detail/input/binary_reader.hpp(110,59): warning: enumeration type in nested name specifier is incompatible with C++98 [-Wc++98-compat]
[build]   110 |                    const cbor_tag_handler_t tag_handler = cbor_tag_handler_t::error)
[build]       |                                                           ^
[build] C:\Users\pperv\code\unnamed_rpg\vendor\json\include\nlohmann/detail/input/binary_reader.hpp(3225,41): warning: enumeration type in nested name specifier is incompatible with C++98 [-Wc++98-compat]
[build]  3225 |     const input_format_t input_format = input_format_t::json;
[build]       |                                         ^
[build] C:\Users\pperv\code\unnamed_rpg\vendor\json\include\nlohmann/detail/input/binary_reader.hpp(3228,23): warning: 'nullptr' is incompatible with C++98 [-Wc++98-compat]
[build]  3228 |     json_sax_t* sax = nullptr;
[build]       |                       ^
[build] C:\Users\pperv\code\unnamed_rpg\vendor\json\include\nlohmann/detail/input/binary_reader.hpp(3258,9): warning: generalized initializer lists are incompatible with C++98 [-Wc++98-compat]
[build]  3258 |         JSON_BINARY_READER_MAKE_BJD_TYPES_MAP_;
[build]       |         ^
[build] C:\Users\pperv\code\unnamed_rpg\vendor\json\include\nlohmann/detail/input/binary_reader.hpp(3236,13): note: expanded from macro 'JSON_BINARY_READER_MAKE_BJD_TYPES_MAP_'
[build]  3236 |     bjd_type{'B', "byte"},                     \
[build]       |             ^
[build] C:\Users\pperv\code\unnamed_rpg\vendor\json\include\nlohmann/detail/input/binary_reader.hpp(3258,9): warning: generalized initializer lists are incompatible with C++98 [-Wc++98-compat]
[build] C:\Users\pperv\code\unnamed_rpg\vendor\json\include\nlohmann/detail/input/binary_reader.hpp(3237,13): note: expanded from macro 'JSON_BINARY_READER_MAKE_BJD_TYPES_MAP_'
[build]  3237 |     bjd_type{'C', "char"},                     \
[build]       |             ^
[build] C:\Users\pperv\code\unnamed_rpg\vendor\json\include\nlohmann/detail/input/binary_reader.hpp(3258,9): warning: generalized initializer lists are incompatible with C++98 [-Wc++98-compat]
[build] C:\Users\pperv\code\unnamed_rpg\vendor\json\include\nlohmann/detail/input/binary_reader.hpp(3238,13): note: expanded from macro 'JSON_BINARY_READER_MAKE_BJD_TYPES_MAP_'
[build]  3238 |     bjd_type{'D', "double"},                   \
[build]       |             ^
[build] C:\Users\pperv\code\unnamed_rpg\vendor\json\include\nlohmann/detail/input/binary_reader.hpp(3258,9): warning: generalized initializer lists are incompatible with C++98 [-Wc++98-compat]
[build] C:\Users\pperv\code\unnamed_rpg\vendor\json\include\nlohmann/detail/input/binary_reader.hpp(3239,13): note: expanded from macro 'JSON_BINARY_READER_MAKE_BJD_TYPES_MAP_'
[build]  3239 |     bjd_type{'I', "int16"},                    \
[build]       |             ^
[build] C:\Users\pperv\code\unnamed_rpg\vendor\json\include\nlohmann/detail/input/binary_reader.hpp(3258,9): warning: generalized initializer lists are incompatible with C++98 [-Wc++98-compat]
[build] C:\Users\pperv\code\unnamed_rpg\vendor\json\include\nlohmann/detail/input/binary_reader.hpp(3240,13): note: expanded from macro 'JSON_BINARY_READER_MAKE_BJD_TYPES_MAP_'
[build]  3240 |     bjd_type{'L', "int64"},                    \
[build]       |             ^
[build] C:\Users\pperv\code\unnamed_rpg\vendor\json\include\nlohmann/detail/input/binary_reader.hpp(3258,9): warning: generalized initializer lists are incompatible with C++98 [-Wc++98-compat]
[build] C:\Users\pperv\code\unnamed_rpg\vendor\json\include\nlohmann/detail/input/binary_reader.hpp(3241,13): note: expanded from macro 'JSON_BINARY_READER_MAKE_BJD_TYPES_MAP_'
[build]  3241 |     bjd_type{'M', "uint64"},                   \
[build]       |             ^
[build] C:\Users\pperv\code\unnamed_rpg\vendor\json\include\nlohmann/detail/input/binary_reader.hpp(3258,9): warning: generalized initializer lists are incompatible with C++98 [-Wc++98-compat]
[build] C:\Users\pperv\code\unnamed_rpg\vendor\json\include\nlohmann/detail/input/binary_reader.hpp(3242,13): note: expanded from macro 'JSON_BINARY_READER_MAKE_BJD_TYPES_MAP_'
[build]  3242 |     bjd_type{'U', "uint8"},                    \
[build]       |             ^
[build] C:\Users\pperv\code\unnamed_rpg\vendor\json\include\nlohmann/detail/input/binary_reader.hpp(3258,9): warning: generalized initializer lists are incompatible with C++98 [-Wc++98-compat]
[build] C:\Users\pperv\code\unnamed_rpg\vendor\json\include\nlohmann/detail/input/binary_reader.hpp(3243,13): note: expanded from macro 'JSON_BINARY_READER_MAKE_BJD_TYPES_MAP_'
[build]  3243 |     bjd_type{'d', "single"},                   \
[build]       |             ^
[build] C:\Users\pperv\code\unnamed_rpg\vendor\json\include\nlohmann/detail/input/binary_reader.hpp(3258,9): warning: generalized initializer lists are incompatible with C++98 [-Wc++98-compat]
[build] C:\Users\pperv\code\unnamed_rpg\vendor\json\include\nlohmann/detail/input/binary_reader.hpp(3244,13): note: expanded from macro 'JSON_BINARY_READER_MAKE_BJD_TYPES_MAP_'
[build]  3244 |     bjd_type{'i', "int8"},                     \
[build]       |             ^
[build] C:\Users\pperv\code\unnamed_rpg\vendor\json\include\nlohmann/detail/input/binary_reader.hpp(3258,9): warning: generalized initializer lists are incompatible with C++98 [-Wc++98-compat]
[build] C:\Users\pperv\code\unnamed_rpg\vendor\json\include\nlohmann/detail/input/binary_reader.hpp(3245,13): note: expanded from macro 'JSON_BINARY_READER_MAKE_BJD_TYPES_MAP_'
[build]  3245 |     bjd_type{'l', "int32"},                    \
[build]       |             ^
[build] C:\Users\pperv\code\unnamed_rpg\vendor\json\include\nlohmann/detail/input/binary_reader.hpp(3258,9): warning: generalized initializer lists are incompatible with C++98 [-Wc++98-compat]
[build] C:\Users\pperv\code\unnamed_rpg\vendor\json\include\nlohmann/detail/input/binary_reader.hpp(3246,13): note: expanded from macro 'JSON_BINARY_READER_MAKE_BJD_TYPES_MAP_'
[build]  3246 |     bjd_type{'m', "uint32"},                   \
[build]       |             ^
[build] C:\Users\pperv\code\unnamed_rpg\vendor\json\include\nlohmann/detail/input/binary_reader.hpp(3258,9): warning: generalized initializer lists are incompatible with C++98 [-Wc++98-compat]
[build] C:\Users\pperv\code\unnamed_rpg\vendor\json\include\nlohmann/detail/input/binary_reader.hpp(3247,13): note: expanded from macro 'JSON_BINARY_READER_MAKE_BJD_TYPES_MAP_'
[build]  3247 |     bjd_type{'u', "uint16"})
[build]       |             ^
[build] C:\Users\pperv\code\unnamed_rpg\vendor\json\include\nlohmann/detail/input/binary_reader.hpp(3266,5): warning: 'constexpr' specifier is incompatible with C++98 [-Wc++98-compat]
[build]  3266 |     constexpr std::size_t binary_reader<BasicJsonType, InputAdapterType, SAX>::npos;
[build]       |     ^
[build] C:\Users\pperv\code\unnamed_rpg\vendor\json\include\nlohmann/detail/input/binary_reader.hpp(3266,80): warning: out-of-line definition of constexpr static data member is redundant in C++17 and is deprecated [-Wdeprecated-redundant-constexpr-static-def]
[build]  3266 |     constexpr std::size_t binary_reader<BasicJsonType, InputAdapterType, SAX>::npos;
[build]       |                                                                                ^
[build] In file included from C:\Users\pperv\code\unnamed_rpg\vendor\json-schema-validator\src\json-schema-draft7.json.cpp:9:
[build] In file included from C:\Users\pperv\code\unnamed_rpg\vendor\json\include\nlohmann/json.hpp:53:
[build] C:\Users\pperv\code\unnamed_rpg\vendor\json\include\nlohmann/detail/input/parser.hpp(27,1): warning: empty macro arguments are incompatible with C++98 [-Wc++98-compat-pedantic]
[build]    27 | NLOHMANN_JSON_NAMESPACE_BEGIN
[build]       | ^
[build] C:\Users\pperv\code\unnamed_rpg\vendor\json\include\nlohmann/detail/abi_macros.hpp(102,17): note: expanded from macro 'NLOHMANN_JSON_NAMESPACE_BEGIN'
[build]   102 |                 NLOHMANN_JSON_ABI_TAGS,              \
[build]       |                 ^
[build] C:\Users\pperv\code\unnamed_rpg\vendor\json\include\nlohmann/detail/abi_macros.hpp(65,5): note: expanded from macro 'NLOHMANN_JSON_ABI_TAGS'
[build]    65 |     NLOHMANN_JSON_ABI_TAGS_CONCAT(                                   \
[build]       |     ^
[build] C:\Users\pperv\code\unnamed_rpg\vendor\json\include\nlohmann/detail/abi_macros.hpp(62,39): note: expanded from macro 'NLOHMANN_JSON_ABI_TAGS_CONCAT'
[build]    62 |     NLOHMANN_JSON_ABI_TAGS_CONCAT_EX(a, b, c)
[build]       |                                       ^
[build] In file included from C:\Users\pperv\code\unnamed_rpg\vendor\json-schema-validator\src\json-schema-draft7.json.cpp:9:
[build] In file included from C:\Users\pperv\code\unnamed_rpg\vendor\json\include\nlohmann/json.hpp:53:
[build] C:\Users\pperv\code\unnamed_rpg\vendor\json\include\nlohmann/detail/input/parser.hpp(27,1): warning: empty macro arguments are incompatible with C++98 [-Wc++98-compat-pedantic]
[build] C:\Users\pperv\code\unnamed_rpg\vendor\json\include\nlohmann/detail/abi_macros.hpp(102,17): note: expanded from macro 'NLOHMANN_JSON_NAMESPACE_BEGIN'
[build]   102 |                 NLOHMANN_JSON_ABI_TAGS,              \
[build]       |                 ^
[build] C:\Users\pperv\code\unnamed_rpg\vendor\json\include\nlohmann/detail/abi_macros.hpp(65,5): note: expanded from macro 'NLOHMANN_JSON_ABI_TAGS'
[build]    65 |     NLOHMANN_JSON_ABI_TAGS_CONCAT(                                   \
[build]       |     ^
[build] C:\Users\pperv\code\unnamed_rpg\vendor\json\include\nlohmann/detail/abi_macros.hpp(62,42): note: expanded from macro 'NLOHMANN_JSON_ABI_TAGS_CONCAT'
[build]    62 |     NLOHMANN_JSON_ABI_TAGS_CONCAT_EX(a, b, c)
[build]       |                                          ^
[build] In file included from C:\Users\pperv\code\unnamed_rpg\vendor\json-schema-validator\src\json-schema-draft7.json.cpp:9:
[build] In file included from C:\Users\pperv\code\unnamed_rpg\vendor\json\include\nlohmann/json.hpp:53:
[build] C:\Users\pperv\code\unnamed_rpg\vendor\json\include\nlohmann/detail/input/parser.hpp(27,1): warning: empty macro arguments are incompatible with C++98 [-Wc++98-compat-pedantic]
[build] C:\Users\pperv\code\unnamed_rpg\vendor\json\include\nlohmann/detail/abi_macros.hpp(102,17): note: expanded from macro 'NLOHMANN_JSON_NAMESPACE_BEGIN'
[build]   102 |                 NLOHMANN_JSON_ABI_TAGS,              \
[build]       |                 ^
[build] C:\Users\pperv\code\unnamed_rpg\vendor\json\include\nlohmann/detail/abi_macros.hpp(65,5): note: expanded from macro 'NLOHMANN_JSON_ABI_TAGS'
[build]    65 |     NLOHMANN_JSON_ABI_TAGS_CONCAT(                                   \
[build]       |     ^
[build] C:\Users\pperv\code\unnamed_rpg\vendor\json\include\nlohmann/detail/abi_macros.hpp(62,45): note: expanded from macro 'NLOHMANN_JSON_ABI_TAGS_CONCAT'
[build]    62 |     NLOHMANN_JSON_ABI_TAGS_CONCAT_EX(a, b, c)
[build]       |                                             ^
[build] In file included from C:\Users\pperv\code\unnamed_rpg\vendor\json-schema-validator\src\json-schema-draft7.json.cpp:9:
[build] In file included from C:\Users\pperv\code\unnamed_rpg\vendor\json\include\nlohmann/json.hpp:53:
[build] C:\Users\pperv\code\unnamed_rpg\vendor\json\include\nlohmann/detail/input/parser.hpp(27,1): warning: inline namespaces are incompatible with C++98 [-Wc++98-compat]
[build] C:\Users\pperv\code\unnamed_rpg\vendor\json\include\nlohmann/detail/abi_macros.hpp(101,5): note: expanded from macro 'NLOHMANN_JSON_NAMESPACE_BEGIN'
[build]   101 |     inline namespace NLOHMANN_JSON_NAMESPACE_CONCAT( \
[build]       |     ^
[build] In file included from C:\Users\pperv\code\unnamed_rpg\vendor\json-schema-validator\src\json-schema-draft7.json.cpp:9:
[build] In file included from C:\Users\pperv\code\unnamed_rpg\vendor\json\include\nlohmann/json.hpp:53:
[build] C:\Users\pperv\code\unnamed_rpg\vendor\json\include\nlohmann/detail/input/parser.hpp(34,6): warning: scoped enumerations are incompatible with C++98 [-Wc++98-compat]
[build]    34 | enum class parse_event_t : std::uint8_t
[build]       |      ^
[build] C:\Users\pperv\code\unnamed_rpg\vendor\json\include\nlohmann/detail/input/parser.hpp(34,26): warning: enumeration types with a fixed underlying type are incompatible with C++98 [-Wc++98-compat]
[build]    34 | enum class parse_event_t : std::uint8_t
[build]       |                          ^~~~~~~~~~~~~~
[build] C:\Users\pperv\code\unnamed_rpg\vendor\json\include\nlohmann/detail/input/parser.hpp(52,5): warning: alias declarations are incompatible with C++98 [-Wc++98-compat]
[build]    52 |     std::function<bool(int /*depth*/, parse_event_t /*event*/, BasicJsonType& /*parsed*/)>;
[build]       |     ^
[build] C:\Users\pperv\code\unnamed_rpg\vendor\json\include\nlohmann/detail/input/parser.hpp(62,30): warning: alias declarations are incompatible with C++98 [-Wc++98-compat]
[build]    62 |     using number_integer_t = typename BasicJsonType::number_integer_t;
[build]       |                              ^
[build] C:\Users\pperv\code\unnamed_rpg\vendor\json\include\nlohmann/detail/input/parser.hpp(63,31): warning: alias declarations are incompatible with C++98 [-Wc++98-compat]
[build]    63 |     using number_unsigned_t = typename BasicJsonType::number_unsigned_t;
[build]       |                               ^
[build] C:\Users\pperv\code\unnamed_rpg\vendor\json\include\nlohmann/detail/input/parser.hpp(64,28): warning: alias declarations are incompatible with C++98 [-Wc++98-compat]
[build]    64 |     using number_float_t = typename BasicJsonType::number_float_t;
[build]       |                            ^
[build] C:\Users\pperv\code\unnamed_rpg\vendor\json\include\nlohmann/detail/input/parser.hpp(65,22): warning: alias declarations are incompatible with C++98 [-Wc++98-compat]
[build]    65 |     using string_t = typename BasicJsonType::string_t;
[build]       |                      ^
[build] C:\Users\pperv\code\unnamed_rpg\vendor\json\include\nlohmann/detail/input/parser.hpp(66,21): warning: alias declarations are incompatible with C++98 [-Wc++98-compat]
[build]    66 |     using lexer_t = lexer<BasicJsonType, InputAdapterType>;
[build]       |                     ^
[build] C:\Users\pperv\code\unnamed_rpg\vendor\json\include\nlohmann/detail/input/parser.hpp(67,24): warning: alias declarations are incompatible with C++98 [-Wc++98-compat]
[build]    67 |     using token_type = typename lexer_t::token_type;
[build]       |                        ^
[build] C:\Users\pperv\code\unnamed_rpg\vendor\json\include\nlohmann/detail/input/parser.hpp(71,37): warning: rvalue references are incompatible with C++98 [-Wc++98-compat]
[build]    71 |     explicit parser(InputAdapterType&& adapter,
[build]       |                                     ^
[build] C:\Users\pperv\code\unnamed_rpg\vendor\json\include\nlohmann/detail/input/parser.hpp(524,53): warning: default member initializer for non-static data members is incompatible with C++98 [-Wc++98-compat]
[build]   524 |     const parser_callback_t<BasicJsonType> callback = nullptr;
[build]       |                                                     ^
[build] C:\Users\pperv\code\unnamed_rpg\vendor\json\include\nlohmann/detail/input/parser.hpp(526,27): warning: default member initializer for non-static data members is incompatible with C++98 [-Wc++98-compat]
[build]   526 |     token_type last_token = token_type::uninitialized;
[build]       |                           ^
[build] C:\Users\pperv\code\unnamed_rpg\vendor\json\include\nlohmann/detail/input/parser.hpp(530,33): warning: default member initializer for non-static data members is incompatible with C++98 [-Wc++98-compat]
[build]   530 |     const bool allow_exceptions = true;
[build]       |                                 ^
[build] C:\Users\pperv\code\unnamed_rpg\vendor\json\include\nlohmann/detail/input/parser.hpp(532,39): warning: default member initializer for non-static data members is incompatible with C++98 [-Wc++98-compat]
[build]   532 |     const bool ignore_trailing_commas = false;
[build]       |                                       ^
[build] C:\Users\pperv\code\unnamed_rpg\vendor\json\include\nlohmann/detail/input/parser.hpp(72,59): warning: 'nullptr' is incompatible with C++98 [-Wc++98-compat]
[build]    72 |                     parser_callback_t<BasicJsonType> cb = nullptr,
[build]       |                                                           ^
[build] C:\Users\pperv\code\unnamed_rpg\vendor\json\include\nlohmann/detail/input/parser.hpp(524,55): warning: 'nullptr' is incompatible with C++98 [-Wc++98-compat]
[build]   524 |     const parser_callback_t<BasicJsonType> callback = nullptr;
[build]       |                                                       ^
[build] In file included from C:\Users\pperv\code\unnamed_rpg\vendor\json-schema-validator\src\json-schema-draft7.json.cpp:9:
[build] In file included from C:\Users\pperv\code\unnamed_rpg\vendor\json\include\nlohmann/json.hpp:54:
[build] In file included from C:\Users\pperv\code\unnamed_rpg\vendor\json\include\nlohmann/detail/iterators/internal_iterator.hpp:12:
[build] C:\Users\pperv\code\unnamed_rpg\vendor\json\include\nlohmann/detail/iterators/primitive_iterator.hpp(16,1): warning: empty macro arguments are incompatible with C++98 [-Wc++98-compat-pedantic]
[build]    16 | NLOHMANN_JSON_NAMESPACE_BEGIN
[build]       | ^
[build] C:\Users\pperv\code\unnamed_rpg\vendor\json\include\nlohmann/detail/abi_macros.hpp(102,17): note: expanded from macro 'NLOHMANN_JSON_NAMESPACE_BEGIN'
[build]   102 |                 NLOHMANN_JSON_ABI_TAGS,              \
[build]       |                 ^
[build] C:\Users\pperv\code\unnamed_rpg\vendor\json\include\nlohmann/detail/abi_macros.hpp(65,5): note: expanded from macro 'NLOHMANN_JSON_ABI_TAGS'
[build]    65 |     NLOHMANN_JSON_ABI_TAGS_CONCAT(                                   \
[build]       |     ^
[build] C:\Users\pperv\code\unnamed_rpg\vendor\json\include\nlohmann/detail/abi_macros.hpp(62,39): note: expanded from macro 'NLOHMANN_JSON_ABI_TAGS_CONCAT'
[build]    62 |     NLOHMANN_JSON_ABI_TAGS_CONCAT_EX(a, b, c)
[build]       |                                       ^
[build] In file included from C:\Users\pperv\code\unnamed_rpg\vendor\json-schema-validator\src\json-schema-draft7.json.cpp:9:
[build] In file included from C:\Users\pperv\code\unnamed_rpg\vendor\json\include\nlohmann/json.hpp:54:
[build] In file included from C:\Users\pperv\code\unnamed_rpg\vendor\json\include\nlohmann/detail/iterators/internal_iterator.hpp:12:
[build] C:\Users\pperv\code\unnamed_rpg\vendor\json\include\nlohmann/detail/iterators/primitive_iterator.hpp(16,1): warning: empty macro arguments are incompatible with C++98 [-Wc++98-compat-pedantic]
[build] C:\Users\pperv\code\unnamed_rpg\vendor\json\include\nlohmann/detail/abi_macros.hpp(102,17): note: expanded from macro 'NLOHMANN_JSON_NAMESPACE_BEGIN'
[build]   102 |                 NLOHMANN_JSON_ABI_TAGS,              \
[build]       |                 ^
[build] C:\Users\pperv\code\unnamed_rpg\vendor\json\include\nlohmann/detail/abi_macros.hpp(65,5): note: expanded from macro 'NLOHMANN_JSON_ABI_TAGS'
[build]    65 |     NLOHMANN_JSON_ABI_TAGS_CONCAT(                                   \
[build]       |     ^
[build] C:\Users\pperv\code\unnamed_rpg\vendor\json\include\nlohmann/detail/abi_macros.hpp(62,42): note: expanded from macro 'NLOHMANN_JSON_ABI_TAGS_CONCAT'
[build]    62 |     NLOHMANN_JSON_ABI_TAGS_CONCAT_EX(a, b, c)
[build]       |                                          ^
[build] In file included from C:\Users\pperv\code\unnamed_rpg\vendor\json-schema-validator\src\json-schema-draft7.json.cpp:9:
[build] In file included from C:\Users\pperv\code\unnamed_rpg\vendor\json\include\nlohmann/json.hpp:54:
[build] In file included from C:\Users\pperv\code\unnamed_rpg\vendor\json\include\nlohmann/detail/iterators/internal_iterator.hpp:12:
[build] C:\Users\pperv\code\unnamed_rpg\vendor\json\include\nlohmann/detail/iterators/primitive_iterator.hpp(16,1): warning: empty macro arguments are incompatible with C++98 [-Wc++98-compat-pedantic]
[build] C:\Users\pperv\code\unnamed_rpg\vendor\json\include\nlohmann/detail/abi_macros.hpp(102,17): note: expanded from macro 'NLOHMANN_JSON_NAMESPACE_BEGIN'
[build]   102 |                 NLOHMANN_JSON_ABI_TAGS,              \
[build]       |                 ^
[build] C:\Users\pperv\code\unnamed_rpg\vendor\json\include\nlohmann/detail/abi_macros.hpp(65,5): note: expanded from macro 'NLOHMANN_JSON_ABI_TAGS'
[build]    65 |     NLOHMANN_JSON_ABI_TAGS_CONCAT(                                   \
[build]       |     ^
[build] C:\Users\pperv\code\unnamed_rpg\vendor\json\include\nlohmann/detail/abi_macros.hpp(62,45): note: expanded from macro 'NLOHMANN_JSON_ABI_TAGS_CONCAT'
[build]    62 |     NLOHMANN_JSON_ABI_TAGS_CONCAT_EX(a, b, c)
[build]       |                                             ^
[build] In file included from C:\Users\pperv\code\unnamed_rpg\vendor\json-schema-validator\src\json-schema-draft7.json.cpp:9:
[build] In file included from C:\Users\pperv\code\unnamed_rpg\vendor\json\include\nlohmann/json.hpp:54:
[build] In file included from C:\Users\pperv\code\unnamed_rpg\vendor\json\include\nlohmann/detail/iterators/internal_iterator.hpp:12:
[build] C:\Users\pperv\code\unnamed_rpg\vendor\json\include\nlohmann/detail/iterators/primitive_iterator.hpp(16,1): warning: inline namespaces are incompatible with C++98 [-Wc++98-compat]
[build] C:\Users\pperv\code\unnamed_rpg\vendor\json\include\nlohmann/detail/abi_macros.hpp(101,5): note: expanded from macro 'NLOHMANN_JSON_NAMESPACE_BEGIN'
[build]   101 |     inline namespace NLOHMANN_JSON_NAMESPACE_CONCAT( \
[build]       |     ^
[build] In file included from C:\Users\pperv\code\unnamed_rpg\vendor\json-schema-validator\src\json-schema-draft7.json.cpp:9:
[build] In file included from C:\Users\pperv\code\unnamed_rpg\vendor\json\include\nlohmann/json.hpp:54:
[build] In file included from C:\Users\pperv\code\unnamed_rpg\vendor\json\include\nlohmann/detail/iterators/internal_iterator.hpp:12:
[build] C:\Users\pperv\code\unnamed_rpg\vendor\json\include\nlohmann/detail/iterators/primitive_iterator.hpp(32,29): warning: alias declarations are incompatible with C++98 [-Wc++98-compat]
[build]    32 |     using difference_type = std::ptrdiff_t;
[build]       |                             ^
[build] C:\Users\pperv\code\unnamed_rpg\vendor\json\include\nlohmann/detail/iterators/primitive_iterator.hpp(33,12): warning: 'constexpr' specifier is incompatible with C++98 [-Wc++98-compat]
[build]    33 |     static constexpr difference_type begin_value = 0;
[build]       |            ^
[build] C:\Users\pperv\code\unnamed_rpg\vendor\json\include\nlohmann/detail/iterators/primitive_iterator.hpp(34,12): warning: 'constexpr' specifier is incompatible with C++98 [-Wc++98-compat]
[build]    34 |     static constexpr difference_type end_value = begin_value + 1;
[build]       |            ^
[build] C:\Users\pperv\code\unnamed_rpg\vendor\json\include\nlohmann/detail/iterators/primitive_iterator.hpp(38,26): warning: default member initializer for non-static data members is incompatible with C++98 [-Wc++98-compat]
[build]    38 |     difference_type m_it = (std::numeric_limits<std::ptrdiff_t>::min)();
[build]       |                          ^
[build] C:\Users\pperv\code\unnamed_rpg\vendor\json\include\nlohmann/detail/iterators/primitive_iterator.hpp(41,5): warning: 'constexpr' specifier is incompatible with C++98 [-Wc++98-compat]
[build]    41 |     constexpr difference_type get_value() const noexcept
[build]       |     ^
[build] C:\Users\pperv\code\unnamed_rpg\vendor\json\include\nlohmann/detail/iterators/primitive_iterator.hpp(42,5): warning: noexcept specifications are incompatible with C++98 [-Wc++98-compat]
[build]    42 |     {
[build]       |     ^
[build] C:\Users\pperv\code\unnamed_rpg\vendor\json\include\nlohmann/detail/iterators/primitive_iterator.hpp(48,5): warning: noexcept specifications are incompatible with C++98 [-Wc++98-compat]
[build]    48 |     {
[build]       |     ^
[build] C:\Users\pperv\code\unnamed_rpg\vendor\json\include\nlohmann/detail/iterators/primitive_iterator.hpp(54,5): warning: noexcept specifications are incompatible with C++98 [-Wc++98-compat]
[build]    54 |     {
[build]       |     ^
[build] C:\Users\pperv\code\unnamed_rpg\vendor\json\include\nlohmann/detail/iterators/primitive_iterator.hpp(59,5): warning: 'constexpr' specifier is incompatible with C++98 [-Wc++98-compat]
[build]    59 |     constexpr bool is_begin() const noexcept
[build]       |     ^
[build] C:\Users\pperv\code\unnamed_rpg\vendor\json\include\nlohmann/detail/iterators/primitive_iterator.hpp(60,5): warning: noexcept specifications are incompatible with C++98 [-Wc++98-compat]
[build]    60 |     {
[build]       |     ^
[build] C:\Users\pperv\code\unnamed_rpg\vendor\json\include\nlohmann/detail/iterators/primitive_iterator.hpp(65,5): warning: 'constexpr' specifier is incompatible with C++98 [-Wc++98-compat]
[build]    65 |     constexpr bool is_end() const noexcept
[build]       |     ^
[build] C:\Users\pperv\code\unnamed_rpg\vendor\json\include\nlohmann/detail/iterators/primitive_iterator.hpp(66,5): warning: noexcept specifications are incompatible with C++98 [-Wc++98-compat]
[build]    66 |     {
[build]       |     ^
[build] C:\Users\pperv\code\unnamed_rpg\vendor\json\include\nlohmann/detail/iterators/primitive_iterator.hpp(70,12): warning: 'constexpr' specifier is incompatible with C++98 [-Wc++98-compat]
[build]    70 |     friend constexpr bool operator==(primitive_iterator_t lhs, primitive_iterator_t rhs) noexcept
[build]       |            ^
[build] C:\Users\pperv\code\unnamed_rpg\vendor\json\include\nlohmann/detail/iterators/primitive_iterator.hpp(71,5): warning: noexcept specifications are incompatible with C++98 [-Wc++98-compat]
[build]    71 |     {
[build]       |     ^
[build] C:\Users\pperv\code\unnamed_rpg\vendor\json\include\nlohmann/detail/iterators/primitive_iterator.hpp(75,12): warning: 'constexpr' specifier is incompatible with C++98 [-Wc++98-compat]
[build]    75 |     friend constexpr bool operator<(primitive_iterator_t lhs, primitive_iterator_t rhs) noexcept
[build]       |            ^
[build] C:\Users\pperv\code\unnamed_rpg\vendor\json\include\nlohmann/detail/iterators/primitive_iterator.hpp(76,5): warning: noexcept specifications are incompatible with C++98 [-Wc++98-compat]
[build]    76 |     {
[build]       |     ^
[build] C:\Users\pperv\code\unnamed_rpg\vendor\json\include\nlohmann/detail/iterators/primitive_iterator.hpp(81,5): warning: noexcept specifications are incompatible with C++98 [-Wc++98-compat]
[build]    81 |     {
[build]       |     ^
[build] C:\Users\pperv\code\unnamed_rpg\vendor\json\include\nlohmann/detail/iterators/primitive_iterator.hpp(87,12): warning: 'constexpr' specifier is incompatible with C++98 [-Wc++98-compat]
[build]    87 |     friend constexpr difference_type operator-(primitive_iterator_t lhs, primitive_iterator_t rhs) noexcept
[build]       |            ^
[build] C:\Users\pperv\code\unnamed_rpg\vendor\json\include\nlohmann/detail/iterators/primitive_iterator.hpp(88,5): warning: noexcept specifications are incompatible with C++98 [-Wc++98-compat]
[build]    88 |     {
[build]       |     ^
[build] C:\Users\pperv\code\unnamed_rpg\vendor\json\include\nlohmann/detail/iterators/primitive_iterator.hpp(93,5): warning: noexcept specifications are incompatible with C++98 [-Wc++98-compat]
[build]    93 |     {
[build]       |     ^
[build] C:\Users\pperv\code\unnamed_rpg\vendor\json\include\nlohmann/detail/iterators/primitive_iterator.hpp(98,41): warning: reference qualifiers on functions are incompatible with C++98 [-Wc++98-compat]
[build]    98 |     primitive_iterator_t operator++(int)& noexcept // NOLINT(cert-dcl21-cpp)
[build]       |                                         ^
[build] C:\Users\pperv\code\unnamed_rpg\vendor\json\include\nlohmann/detail/iterators/primitive_iterator.hpp(99,5): warning: noexcept specifications are incompatible with C++98 [-Wc++98-compat]
[build]    99 |     {
[build]       |     ^
[build] C:\Users\pperv\code\unnamed_rpg\vendor\json\include\nlohmann/detail/iterators/primitive_iterator.hpp(106,5): warning: noexcept specifications are incompatible with C++98 [-Wc++98-compat]
[build]   106 |     {
[build]       |     ^
[build] C:\Users\pperv\code\unnamed_rpg\vendor\json\include\nlohmann/detail/iterators/primitive_iterator.hpp(111,41): warning: reference qualifiers on functions are incompatible with C++98 [-Wc++98-compat]
[build]   111 |     primitive_iterator_t operator--(int)& noexcept // NOLINT(cert-dcl21-cpp)
[build]       |                                         ^
[build] C:\Users\pperv\code\unnamed_rpg\vendor\json\include\nlohmann/detail/iterators/primitive_iterator.hpp(112,5): warning: noexcept specifications are incompatible with C++98 [-Wc++98-compat]
[build]   112 |     {
[build]       |     ^
[build] C:\Users\pperv\code\unnamed_rpg\vendor\json\include\nlohmann/detail/iterators/primitive_iterator.hpp(119,5): warning: noexcept specifications are incompatible with C++98 [-Wc++98-compat]
[build]   119 |     {
[build]       |     ^
[build] C:\Users\pperv\code\unnamed_rpg\vendor\json\include\nlohmann/detail/iterators/primitive_iterator.hpp(125,5): warning: noexcept specifications are incompatible with C++98 [-Wc++98-compat]
[build]   125 |     {
[build]       |     ^
[build] C:\Users\pperv\code\unnamed_rpg\vendor\json\include\nlohmann/detail/iterators/primitive_iterator.hpp(82,9): warning: 'auto' type specifier is incompatible with C++98 [-Wc++98-compat]
[build]    82 |         auto result = *this;
[build]       |         ^~~~
[build] C:\Users\pperv\code\unnamed_rpg\vendor\json\include\nlohmann/detail/iterators/primitive_iterator.hpp(100,9): warning: 'auto' type specifier is incompatible with C++98 [-Wc++98-compat]
[build]   100 |         auto result = *this;
[build]       |         ^~~~
[build] C:\Users\pperv\code\unnamed_rpg\vendor\json\include\nlohmann/detail/iterators/primitive_iterator.hpp(113,9): warning: 'auto' type specifier is incompatible with C++98 [-Wc++98-compat]
[build]   113 |         auto result = *this;
[build]       |         ^~~~
[build] In file included from C:\Users\pperv\code\unnamed_rpg\vendor\json-schema-validator\src\json-schema-draft7.json.cpp:9:
[build] In file included from C:\Users\pperv\code\unnamed_rpg\vendor\json\include\nlohmann/json.hpp:54:
[build] C:\Users\pperv\code\unnamed_rpg\vendor\json\include\nlohmann/detail/iterators/internal_iterator.hpp(14,1): warning: empty macro arguments are incompatible with C++98 [-Wc++98-compat-pedantic]
[build]    14 | NLOHMANN_JSON_NAMESPACE_BEGIN
[build]       | ^
[build] C:\Users\pperv\code\unnamed_rpg\vendor\json\include\nlohmann/detail/abi_macros.hpp(102,17): note: expanded from macro 'NLOHMANN_JSON_NAMESPACE_BEGIN'
[build]   102 |                 NLOHMANN_JSON_ABI_TAGS,              \
[build]       |                 ^
[build] C:\Users\pperv\code\unnamed_rpg\vendor\json\include\nlohmann/detail/abi_macros.hpp(65,5): note: expanded from macro 'NLOHMANN_JSON_ABI_TAGS'
[build]    65 |     NLOHMANN_JSON_ABI_TAGS_CONCAT(                                   \
[build]       |     ^
[build] C:\Users\pperv\code\unnamed_rpg\vendor\json\include\nlohmann/detail/abi_macros.hpp(62,39): note: expanded from macro 'NLOHMANN_JSON_ABI_TAGS_CONCAT'
[build]    62 |     NLOHMANN_JSON_ABI_TAGS_CONCAT_EX(a, b, c)
[build]       |                                       ^
[build] In file included from C:\Users\pperv\code\unnamed_rpg\vendor\json-schema-validator\src\json-schema-draft7.json.cpp:9:
[build] In file included from C:\Users\pperv\code\unnamed_rpg\vendor\json\include\nlohmann/json.hpp:54:
[build] C:\Users\pperv\code\unnamed_rpg\vendor\json\include\nlohmann/detail/iterators/internal_iterator.hpp(14,1): warning: empty macro arguments are incompatible with C++98 [-Wc++98-compat-pedantic]
[build] C:\Users\pperv\code\unnamed_rpg\vendor\json\include\nlohmann/detail/abi_macros.hpp(102,17): note: expanded from macro 'NLOHMANN_JSON_NAMESPACE_BEGIN'
[build]   102 |                 NLOHMANN_JSON_ABI_TAGS,              \
[build]       |                 ^
[build] C:\Users\pperv\code\unnamed_rpg\vendor\json\include\nlohmann/detail/abi_macros.hpp(65,5): note: expanded from macro 'NLOHMANN_JSON_ABI_TAGS'
[build]    65 |     NLOHMANN_JSON_ABI_TAGS_CONCAT(                                   \
[build]       |     ^
[build] C:\Users\pperv\code\unnamed_rpg\vendor\json\include\nlohmann/detail/abi_macros.hpp(62,42): note: expanded from macro 'NLOHMANN_JSON_ABI_TAGS_CONCAT'
[build]    62 |     NLOHMANN_JSON_ABI_TAGS_CONCAT_EX(a, b, c)
[build]       |                                          ^
[build] In file included from C:\Users\pperv\code\unnamed_rpg\vendor\json-schema-validator\src\json-schema-draft7.json.cpp:9:
[build] In file included from C:\Users\pperv\code\unnamed_rpg\vendor\json\include\nlohmann/json.hpp:54:
[build] C:\Users\pperv\code\unnamed_rpg\vendor\json\include\nlohmann/detail/iterators/internal_iterator.hpp(14,1): warning: empty macro arguments are incompatible with C++98 [-Wc++98-compat-pedantic]
[build] C:\Users\pperv\code\unnamed_rpg\vendor\json\include\nlohmann/detail/abi_macros.hpp(102,17): note: expanded from macro 'NLOHMANN_JSON_NAMESPACE_BEGIN'
[build]   102 |                 NLOHMANN_JSON_ABI_TAGS,              \
[build]       |                 ^
[build] C:\Users\pperv\code\unnamed_rpg\vendor\json\include\nlohmann/detail/abi_macros.hpp(65,5): note: expanded from macro 'NLOHMANN_JSON_ABI_TAGS'
[build]    65 |     NLOHMANN_JSON_ABI_TAGS_CONCAT(                                   \
[build]       |     ^
[build] C:\Users\pperv\code\unnamed_rpg\vendor\json\include\nlohmann/detail/abi_macros.hpp(62,45): note: expanded from macro 'NLOHMANN_JSON_ABI_TAGS_CONCAT'
[build]    62 |     NLOHMANN_JSON_ABI_TAGS_CONCAT_EX(a, b, c)
[build]       |                                             ^
[build] In file included from C:\Users\pperv\code\unnamed_rpg\vendor\json-schema-validator\src\json-schema-draft7.json.cpp:9:
[build] In file included from C:\Users\pperv\code\unnamed_rpg\vendor\json\include\nlohmann/json.hpp:54:
[build] C:\Users\pperv\code\unnamed_rpg\vendor\json\include\nlohmann/detail/iterators/internal_iterator.hpp(14,1): warning: inline namespaces are incompatible with C++98 [-Wc++98-compat]
[build] C:\Users\pperv\code\unnamed_rpg\vendor\json\include\nlohmann/detail/abi_macros.hpp(101,5): note: expanded from macro 'NLOHMANN_JSON_NAMESPACE_BEGIN'
[build]   101 |     inline namespace NLOHMANN_JSON_NAMESPACE_CONCAT( \
[build]       |     ^
[build] In file included from C:\Users\pperv\code\unnamed_rpg\vendor\json-schema-validator\src\json-schema-draft7.json.cpp:9:
[build] In file included from C:\Users\pperv\code\unnamed_rpg\vendor\json\include\nlohmann/json.hpp:54:
[build] C:\Users\pperv\code\unnamed_rpg\vendor\json\include\nlohmann/detail/iterators/internal_iterator.hpp(27,64): warning: default member initializer for non-static data members is incompatible with C++98 [-Wc++98-compat]
[build]    27 |     typename BasicJsonType::object_t::iterator object_iterator {};
[build]       |                                                                ^
[build] C:\Users\pperv\code\unnamed_rpg\vendor\json\include\nlohmann/detail/iterators/internal_iterator.hpp(29,62): warning: default member initializer for non-static data members is incompatible with C++98 [-Wc++98-compat]
[build]    29 |     typename BasicJsonType::array_t::iterator array_iterator {};
[build]       |                                                              ^
[build] C:\Users\pperv\code\unnamed_rpg\vendor\json\include\nlohmann/detail/iterators/internal_iterator.hpp(31,45): warning: default member initializer for non-static data members is incompatible with C++98 [-Wc++98-compat]
[build]    31 |     primitive_iterator_t primitive_iterator {};
[build]       |                                             ^
[build] C:\Users\pperv\code\unnamed_rpg\vendor\json\include\nlohmann/detail/iterators/internal_iterator.hpp(31,45): warning: constructor call from initializer list is incompatible with C++98 [-Wc++98-compat]
[build]    31 |     primitive_iterator_t primitive_iterator {};
[build]       |                                             ^~
[build] In file included from C:\Users\pperv\code\unnamed_rpg\vendor\json-schema-validator\src\json-schema-draft7.json.cpp:9:
[build] In file included from C:\Users\pperv\code\unnamed_rpg\vendor\json\include\nlohmann/json.hpp:55:
[build] C:\Users\pperv\code\unnamed_rpg\vendor\json\include\nlohmann/detail/iterators/iter_impl.hpp(22,1): warning: empty macro arguments are incompatible with C++98 [-Wc++98-compat-pedantic]
[build]    22 | NLOHMANN_JSON_NAMESPACE_BEGIN
[build]       | ^
[build] C:\Users\pperv\code\unnamed_rpg\vendor\json\include\nlohmann/detail/abi_macros.hpp(102,17): note: expanded from macro 'NLOHMANN_JSON_NAMESPACE_BEGIN'
[build]   102 |                 NLOHMANN_JSON_ABI_TAGS,              \
[build]       |                 ^
[build] C:\Users\pperv\code\unnamed_rpg\vendor\json\include\nlohmann/detail/abi_macros.hpp(65,5): note: expanded from macro 'NLOHMANN_JSON_ABI_TAGS'
[build]    65 |     NLOHMANN_JSON_ABI_TAGS_CONCAT(                                   \
[build]       |     ^
[build] C:\Users\pperv\code\unnamed_rpg\vendor\json\include\nlohmann/detail/abi_macros.hpp(62,39): note: expanded from macro 'NLOHMANN_JSON_ABI_TAGS_CONCAT'
[build]    62 |     NLOHMANN_JSON_ABI_TAGS_CONCAT_EX(a, b, c)
[build]       |                                       ^
[build] In file included from C:\Users\pperv\code\unnamed_rpg\vendor\json-schema-validator\src\json-schema-draft7.json.cpp:9:
[build] In file included from C:\Users\pperv\code\unnamed_rpg\vendor\json\include\nlohmann/json.hpp:55:
[build] C:\Users\pperv\code\unnamed_rpg\vendor\json\include\nlohmann/detail/iterators/iter_impl.hpp(22,1): warning: empty macro arguments are incompatible with C++98 [-Wc++98-compat-pedantic]
[build] C:\Users\pperv\code\unnamed_rpg\vendor\json\include\nlohmann/detail/abi_macros.hpp(102,17): note: expanded from macro 'NLOHMANN_JSON_NAMESPACE_BEGIN'
[build]   102 |                 NLOHMANN_JSON_ABI_TAGS,              \
[build]       |                 ^
[build] C:\Users\pperv\code\unnamed_rpg\vendor\json\include\nlohmann/detail/abi_macros.hpp(65,5): note: expanded from macro 'NLOHMANN_JSON_ABI_TAGS'
[build]    65 |     NLOHMANN_JSON_ABI_TAGS_CONCAT(                                   \
[build]       |     ^
[build] C:\Users\pperv\code\unnamed_rpg\vendor\json\include\nlohmann/detail/abi_macros.hpp(62,42): note: expanded from macro 'NLOHMANN_JSON_ABI_TAGS_CONCAT'
[build]    62 |     NLOHMANN_JSON_ABI_TAGS_CONCAT_EX(a, b, c)
[build]       |                                          ^
[build] In file included from C:\Users\pperv\code\unnamed_rpg\vendor\json-schema-validator\src\json-schema-draft7.json.cpp:9:
[build] In file included from C:\Users\pperv\code\unnamed_rpg\vendor\json\include\nlohmann/json.hpp:55:
[build] C:\Users\pperv\code\unnamed_rpg\vendor\json\include\nlohmann/detail/iterators/iter_impl.hpp(22,1): warning: empty macro arguments are incompatible with C++98 [-Wc++98-compat-pedantic]
[build] C:\Users\pperv\code\unnamed_rpg\vendor\json\include\nlohmann/detail/abi_macros.hpp(102,17): note: expanded from macro 'NLOHMANN_JSON_NAMESPACE_BEGIN'
[build]   102 |                 NLOHMANN_JSON_ABI_TAGS,              \
[build]       |                 ^
[build] C:\Users\pperv\code\unnamed_rpg\vendor\json\include\nlohmann/detail/abi_macros.hpp(65,5): note: expanded from macro 'NLOHMANN_JSON_ABI_TAGS'
[build]    65 |     NLOHMANN_JSON_ABI_TAGS_CONCAT(                                   \
[build]       |     ^
[build] C:\Users\pperv\code\unnamed_rpg\vendor\json\include\nlohmann/detail/abi_macros.hpp(62,45): note: expanded from macro 'NLOHMANN_JSON_ABI_TAGS_CONCAT'
[build]    62 |     NLOHMANN_JSON_ABI_TAGS_CONCAT_EX(a, b, c)
[build]       |                                             ^
[build] In file included from C:\Users\pperv\code\unnamed_rpg\vendor\json-schema-validator\src\json-schema-draft7.json.cpp:9:
[build] In file included from C:\Users\pperv\code\unnamed_rpg\vendor\json\include\nlohmann/json.hpp:55:
[build] C:\Users\pperv\code\unnamed_rpg\vendor\json\include\nlohmann/detail/iterators/iter_impl.hpp(22,1): warning: inline namespaces are incompatible with C++98 [-Wc++98-compat]
[build] C:\Users\pperv\code\unnamed_rpg\vendor\json\include\nlohmann/detail/abi_macros.hpp(101,5): note: expanded from macro 'NLOHMANN_JSON_NAMESPACE_BEGIN'
[build]   101 |     inline namespace NLOHMANN_JSON_NAMESPACE_CONCAT( \
[build]       |     ^
[build] In file included from C:\Users\pperv\code\unnamed_rpg\vendor\json-schema-validator\src\json-schema-draft7.json.cpp:9:
[build] In file included from C:\Users\pperv\code\unnamed_rpg\vendor\json\include\nlohmann/json.hpp:55:
[build] C:\Users\pperv\code\unnamed_rpg\vendor\json\include\nlohmann/detail/iterators/iter_impl.hpp(50,29): warning: alias declarations are incompatible with C++98 [-Wc++98-compat]
[build]    50 |     using other_iter_impl = iter_impl<typename std::conditional<std::is_const<BasicJsonType>::value, typename std::remove_const<BasicJsonType>::type, const BasicJsonType>::type>;
[build]       |                             ^
[build] C:\Users\pperv\code\unnamed_rpg\vendor\json\include\nlohmann/detail/iterators/iter_impl.hpp(52,5): warning: non-class friend type 'other_iter_impl' (aka 'iter_impl<typename std::conditional<std::is_const<BasicJsonType>::value, typename std::remove_const<BasicJsonType>::type, const BasicJsonType>::type>') is incompatible with C++98 [-Wc++98-compat]
[build]    52 |     friend other_iter_impl;
[build]       |     ^~~~~~~~~~~~~~~~~~~~~~
[build] C:\Users\pperv\code\unnamed_rpg\vendor\json\include\nlohmann/detail/iterators/iter_impl.hpp(53,5): warning: non-class friend type 'BasicJsonType' is incompatible with C++98 [-Wc++98-compat]
[build]    53 |     friend BasicJsonType;
[build]       |     ^~~~~~~~~~~~~~~~~~~~
[build] C:\Users\pperv\code\unnamed_rpg\vendor\json\include\nlohmann/detail/iterators/iter_impl.hpp(54,5): warning: non-class friend type 'iteration_proxy<iter_impl<BasicJsonType>>' is incompatible with C++98 [-Wc++98-compat]
[build]    54 |     friend iteration_proxy<iter_impl>;
[build]       |     ^~~~~~~~~~~~~~~~~~~~~~~~~~~~~~~~~
[build] C:\Users\pperv\code\unnamed_rpg\vendor\json\include\nlohmann/detail/iterators/iter_impl.hpp(55,5): warning: non-class friend type 'iteration_proxy_value<iter_impl<BasicJsonType>>' is incompatible with C++98 [-Wc++98-compat]
[build]    55 |     friend iteration_proxy_value<iter_impl>;
[build]       |     ^~~~~~~~~~~~~~~~~~~~~~~~~~~~~~~~~~~~~~~
[build] C:\Users\pperv\code\unnamed_rpg\vendor\json\include\nlohmann/detail/iterators/iter_impl.hpp(57,22): warning: alias declarations are incompatible with C++98 [-Wc++98-compat]
[build]    57 |     using object_t = typename BasicJsonType::object_t;
[build]       |                      ^
[build] C:\Users\pperv\code\unnamed_rpg\vendor\json\include\nlohmann/detail/iterators/iter_impl.hpp(58,21): warning: alias declarations are incompatible with C++98 [-Wc++98-compat]
[build]    58 |     using array_t = typename BasicJsonType::array_t;
[build]       |                     ^
[build] C:\Users\pperv\code\unnamed_rpg\vendor\json\include\nlohmann/detail/iterators/iter_impl.hpp(60,5): warning: 'static_assert' declarations are incompatible with C++98 [-Wc++98-compat]
[build]    60 |     static_assert(is_basic_json<typename std::remove_const<BasicJsonType>::type>::value,
[build]       |     ^
[build] C:\Users\pperv\code\unnamed_rpg\vendor\json\include\nlohmann/detail/iterators/iter_impl.hpp(63,5): warning: 'static_assert' declarations are incompatible with C++98 [-Wc++98-compat]
[build]    63 |     static_assert(std::is_base_of<std::bidirectional_iterator_tag, std::bidirectional_iterator_tag>::value
[build]       |     ^
[build] C:\Users\pperv\code\unnamed_rpg\vendor\json\include\nlohmann/detail/iterators/iter_impl.hpp(73,31): warning: alias declarations are incompatible with C++98 [-Wc++98-compat]
[build]    73 |     using iterator_category = std::bidirectional_iterator_tag;
[build]       |                               ^
[build] C:\Users\pperv\code\unnamed_rpg\vendor\json\include\nlohmann/detail/iterators/iter_impl.hpp(76,24): warning: alias declarations are incompatible with C++98 [-Wc++98-compat]
[build]    76 |     using value_type = typename BasicJsonType::value_type;
[build]       |                        ^
[build] C:\Users\pperv\code\unnamed_rpg\vendor\json\include\nlohmann/detail/iterators/iter_impl.hpp(78,29): warning: alias declarations are incompatible with C++98 [-Wc++98-compat]
[build]    78 |     using difference_type = typename BasicJsonType::difference_type;
[build]       |                             ^
[build] C:\Users\pperv\code\unnamed_rpg\vendor\json\include\nlohmann/detail/iterators/iter_impl.hpp(80,21): warning: alias declarations are incompatible with C++98 [-Wc++98-compat]
[build]    80 |     using pointer = typename std::conditional<std::is_const<BasicJsonType>::value,
[build]       |                     ^
[build] C:\Users\pperv\code\unnamed_rpg\vendor\json\include\nlohmann/detail/iterators/iter_impl.hpp(85,9): warning: alias declarations are incompatible with C++98 [-Wc++98-compat]
[build]    85 |         typename std::conditional<std::is_const<BasicJsonType>::value,
[build]       |         ^
[build] C:\Users\pperv\code\unnamed_rpg\vendor\json\include\nlohmann/detail/iterators/iter_impl.hpp(89,19): warning: defaulted function definitions are incompatible with C++98 [-Wc++98-compat]
[build]    89 |     iter_impl() = default;
[build]       |                   ^
[build] C:\Users\pperv\code\unnamed_rpg\vendor\json\include\nlohmann/detail/iterators/iter_impl.hpp(90,20): warning: defaulted function definitions are incompatible with C++98 [-Wc++98-compat]
[build]    90 |     ~iter_impl() = default;
[build]       |                    ^
[build] C:\Users\pperv\code\unnamed_rpg\vendor\json\include\nlohmann/detail/iterators/iter_impl.hpp(91,24): warning: rvalue references are incompatible with C++98 [-Wc++98-compat]
[build]    91 |     iter_impl(iter_impl&&) noexcept = default;
[build]       |                        ^
[build] C:\Users\pperv\code\unnamed_rpg\vendor\json\include\nlohmann/detail/iterators/iter_impl.hpp(91,37): warning: noexcept specifications are incompatible with C++98 [-Wc++98-compat]
[build]    91 |     iter_impl(iter_impl&&) noexcept = default;
[build]       |                                     ^
[build] C:\Users\pperv\code\unnamed_rpg\vendor\json\include\nlohmann/detail/iterators/iter_impl.hpp(91,39): warning: defaulted function definitions are incompatible with C++98 [-Wc++98-compat]
[build]    91 |     iter_impl(iter_impl&&) noexcept = default;
[build]       |                                       ^
[build] C:\Users\pperv\code\unnamed_rpg\vendor\json\include\nlohmann/detail/iterators/iter_impl.hpp(92,35): warning: rvalue references are incompatible with C++98 [-Wc++98-compat]
[build]    92 |     iter_impl& operator=(iter_impl&&) noexcept = default;
[build]       |                                   ^
[build] C:\Users\pperv\code\unnamed_rpg\vendor\json\include\nlohmann/detail/iterators/iter_impl.hpp(92,48): warning: noexcept specifications are incompatible with C++98 [-Wc++98-compat]
[build]    92 |     iter_impl& operator=(iter_impl&&) noexcept = default;
[build]       |                                                ^
[build] C:\Users\pperv\code\unnamed_rpg\vendor\json\include\nlohmann/detail/iterators/iter_impl.hpp(92,50): warning: defaulted function definitions are incompatible with C++98 [-Wc++98-compat]
[build]    92 |     iter_impl& operator=(iter_impl&&) noexcept = default;
[build]       |                                                  ^
[build] C:\Users\pperv\code\unnamed_rpg\vendor\json\include\nlohmann/detail/iterators/iter_impl.hpp(100,49): warning: noexcept specifications are incompatible with C++98 [-Wc++98-compat]
[build]   100 |     explicit iter_impl(pointer object) noexcept : m_object(object)
[build]       |                                                 ^
[build] C:\Users\pperv\code\unnamed_rpg\vendor\json\include\nlohmann/detail/iterators/iter_impl.hpp(151,9): warning: noexcept specifications are incompatible with C++98 [-Wc++98-compat]
[build]   151 |         : m_object(other.m_object), m_it(other.m_it)
[build]       |         ^
[build] C:\Users\pperv\code\unnamed_rpg\vendor\json\include\nlohmann/detail/iterators/iter_impl.hpp(161,5): warning: noexcept specifications are incompatible with C++98 [-Wc++98-compat]
[build]   161 |     {
[build]       |     ^
[build] C:\Users\pperv\code\unnamed_rpg\vendor\json\include\nlohmann/detail/iterators/iter_impl.hpp(176,9): warning: noexcept specifications are incompatible with C++98 [-Wc++98-compat]
[build]   176 |         : m_object(other.m_object), m_it(other.m_it)
[build]       |         ^
[build] C:\Users\pperv\code\unnamed_rpg\vendor\json\include\nlohmann/detail/iterators/iter_impl.hpp(186,5): warning: noexcept specifications are incompatible with C++98 [-Wc++98-compat]
[build]   186 |     {
[build]       |     ^
[build] C:\Users\pperv\code\unnamed_rpg\vendor\json\include\nlohmann/detail/iterators/iter_impl.hpp(198,5): warning: noexcept specifications are incompatible with C++98 [-Wc++98-compat]
[build]   198 |     {
[build]       |     ^
[build] C:\Users\pperv\code\unnamed_rpg\vendor\json\include\nlohmann/detail/iterators/iter_impl.hpp(242,5): warning: noexcept specifications are incompatible with C++98 [-Wc++98-compat]
[build]   242 |     {
[build]       |     ^
[build] C:\Users\pperv\code\unnamed_rpg\vendor\json\include\nlohmann/detail/iterators/iter_impl.hpp(366,30): warning: reference qualifiers on functions are incompatible with C++98 [-Wc++98-compat]
[build]   366 |     iter_impl operator++(int)& // NOLINT(cert-dcl21-cpp)
[build]       |                              ^
[build] C:\Users\pperv\code\unnamed_rpg\vendor\json\include\nlohmann/detail/iterators/iter_impl.hpp(417,30): warning: reference qualifiers on functions are incompatible with C++98 [-Wc++98-compat]
[build]   417 |     iter_impl operator--(int)& // NOLINT(cert-dcl21-cpp)
[build]       |                              ^
[build] C:\Users\pperv\code\unnamed_rpg\vendor\json\include\nlohmann/detail/iterators/iter_impl.hpp(468,170): warning: 'nullptr' is incompatible with C++98 [-Wc++98-compat]
[build]   468 |     template < typename IterImpl, detail::enable_if_t < (std::is_same<IterImpl, iter_impl>::value || std::is_same<IterImpl, other_iter_impl>::value), std::nullptr_t > = nullptr >
[build]       |                                                                                                                                                                          ^
[build] C:\Users\pperv\code\unnamed_rpg\vendor\json\include\nlohmann/detail/iterators/iter_impl.hpp(468,168): warning: default template arguments for a function template are incompatible with C++98 [-Wc++98-compat]
[build]   468 |     template < typename IterImpl, detail::enable_if_t < (std::is_same<IterImpl, iter_impl>::value || std::is_same<IterImpl, other_iter_impl>::value), std::nullptr_t > = nullptr >
[build]       |                                                                                                                                                                        ^ ~~~~~~~
[build] C:\Users\pperv\code\unnamed_rpg\vendor\json\include\nlohmann/detail/iterators/iter_impl.hpp(508,170): warning: 'nullptr' is incompatible with C++98 [-Wc++98-compat]
[build]   508 |     template < typename IterImpl, detail::enable_if_t < (std::is_same<IterImpl, iter_impl>::value || std::is_same<IterImpl, other_iter_impl>::value), std::nullptr_t > = nullptr >
[build]       |                                                                                                                                                                          ^
[build] C:\Users\pperv\code\unnamed_rpg\vendor\json\include\nlohmann/detail/iterators/iter_impl.hpp(508,168): warning: default template arguments for a function template are incompatible with C++98 [-Wc++98-compat]
[build]   508 |     template < typename IterImpl, detail::enable_if_t < (std::is_same<IterImpl, iter_impl>::value || std::is_same<IterImpl, other_iter_impl>::value), std::nullptr_t > = nullptr >
[build]       |                                                                                                                                                                        ^ ~~~~~~~
[build] C:\Users\pperv\code\unnamed_rpg\vendor\json\include\nlohmann/detail/iterators/iter_impl.hpp(754,22): warning: default member initializer for non-static data members is incompatible with C++98 [-Wc++98-compat]
[build]   754 |     pointer m_object = nullptr;
[build]       |                      ^
[build] C:\Users\pperv\code\unnamed_rpg\vendor\json\include\nlohmann/detail/iterators/iter_impl.hpp(756,77): warning: default member initializer for non-static data members is incompatible with C++98 [-Wc++98-compat]
[build]   756 |     internal_iterator<typename std::remove_const<BasicJsonType>::type> m_it {};
[build]       |                                                                             ^
[build] C:\Users\pperv\code\unnamed_rpg\vendor\json\include\nlohmann/detail/iterators/iter_impl.hpp(754,24): warning: 'nullptr' is incompatible with C++98 [-Wc++98-compat]
[build]   754 |     pointer m_object = nullptr;
[build]       |                        ^
[build] In file included from C:\Users\pperv\code\unnamed_rpg\vendor\json-schema-validator\src\json-schema-draft7.json.cpp:9:
[build] In file included from C:\Users\pperv\code\unnamed_rpg\vendor\json\include\nlohmann/json.hpp:57:
[build] C:\Users\pperv\code\unnamed_rpg\vendor\json\include\nlohmann/detail/iterators/json_reverse_iterator.hpp(17,1): warning: empty macro arguments are incompatible with C++98 [-Wc++98-compat-pedantic]
[build]    17 | NLOHMANN_JSON_NAMESPACE_BEGIN
[build]       | ^
[build] C:\Users\pperv\code\unnamed_rpg\vendor\json\include\nlohmann/detail/abi_macros.hpp(102,17): note: expanded from macro 'NLOHMANN_JSON_NAMESPACE_BEGIN'
[build]   102 |                 NLOHMANN_JSON_ABI_TAGS,              \
[build]       |                 ^
[build] C:\Users\pperv\code\unnamed_rpg\vendor\json\include\nlohmann/detail/abi_macros.hpp(65,5): note: expanded from macro 'NLOHMANN_JSON_ABI_TAGS'
[build]    65 |     NLOHMANN_JSON_ABI_TAGS_CONCAT(                                   \
[build]       |     ^
[build] C:\Users\pperv\code\unnamed_rpg\vendor\json\include\nlohmann/detail/abi_macros.hpp(62,39): note: expanded from macro 'NLOHMANN_JSON_ABI_TAGS_CONCAT'
[build]    62 |     NLOHMANN_JSON_ABI_TAGS_CONCAT_EX(a, b, c)
[build]       |                                       ^
[build] In file included from C:\Users\pperv\code\unnamed_rpg\vendor\json-schema-validator\src\json-schema-draft7.json.cpp:9:
[build] In file included from C:\Users\pperv\code\unnamed_rpg\vendor\json\include\nlohmann/json.hpp:57:
[build] C:\Users\pperv\code\unnamed_rpg\vendor\json\include\nlohmann/detail/iterators/json_reverse_iterator.hpp(17,1): warning: empty macro arguments are incompatible with C++98 [-Wc++98-compat-pedantic]
[build] C:\Users\pperv\code\unnamed_rpg\vendor\json\include\nlohmann/detail/abi_macros.hpp(102,17): note: expanded from macro 'NLOHMANN_JSON_NAMESPACE_BEGIN'
[build]   102 |                 NLOHMANN_JSON_ABI_TAGS,              \
[build]       |                 ^
[build] C:\Users\pperv\code\unnamed_rpg\vendor\json\include\nlohmann/detail/abi_macros.hpp(65,5): note: expanded from macro 'NLOHMANN_JSON_ABI_TAGS'
[build]    65 |     NLOHMANN_JSON_ABI_TAGS_CONCAT(                                   \
[build]       |     ^
[build] C:\Users\pperv\code\unnamed_rpg\vendor\json\include\nlohmann/detail/abi_macros.hpp(62,42): note: expanded from macro 'NLOHMANN_JSON_ABI_TAGS_CONCAT'
[build]    62 |     NLOHMANN_JSON_ABI_TAGS_CONCAT_EX(a, b, c)
[build]       |                                          ^
[build] In file included from C:\Users\pperv\code\unnamed_rpg\vendor\json-schema-validator\src\json-schema-draft7.json.cpp:9:
[build] In file included from C:\Users\pperv\code\unnamed_rpg\vendor\json\include\nlohmann/json.hpp:57:
[build] C:\Users\pperv\code\unnamed_rpg\vendor\json\include\nlohmann/detail/iterators/json_reverse_iterator.hpp(17,1): warning: empty macro arguments are incompatible with C++98 [-Wc++98-compat-pedantic]
[build] C:\Users\pperv\code\unnamed_rpg\vendor\json\include\nlohmann/detail/abi_macros.hpp(102,17): note: expanded from macro 'NLOHMANN_JSON_NAMESPACE_BEGIN'
[build]   102 |                 NLOHMANN_JSON_ABI_TAGS,              \
[build]       |                 ^
[build] C:\Users\pperv\code\unnamed_rpg\vendor\json\include\nlohmann/detail/abi_macros.hpp(65,5): note: expanded from macro 'NLOHMANN_JSON_ABI_TAGS'
[build]    65 |     NLOHMANN_JSON_ABI_TAGS_CONCAT(                                   \
[build]       |     ^
[build] C:\Users\pperv\code\unnamed_rpg\vendor\json\include\nlohmann/detail/abi_macros.hpp(62,45): note: expanded from macro 'NLOHMANN_JSON_ABI_TAGS_CONCAT'
[build]    62 |     NLOHMANN_JSON_ABI_TAGS_CONCAT_EX(a, b, c)
[build]       |                                             ^
[build] In file included from C:\Users\pperv\code\unnamed_rpg\vendor\json-schema-validator\src\json-schema-draft7.json.cpp:9:
[build] In file included from C:\Users\pperv\code\unnamed_rpg\vendor\json\include\nlohmann/json.hpp:57:
[build] C:\Users\pperv\code\unnamed_rpg\vendor\json\include\nlohmann/detail/iterators/json_reverse_iterator.hpp(17,1): warning: inline namespaces are incompatible with C++98 [-Wc++98-compat]
[build] C:\Users\pperv\code\unnamed_rpg\vendor\json\include\nlohmann/detail/abi_macros.hpp(101,5): note: expanded from macro 'NLOHMANN_JSON_NAMESPACE_BEGIN'
[build]   101 |     inline namespace NLOHMANN_JSON_NAMESPACE_CONCAT( \
[build]       |     ^
[build] In file included from C:\Users\pperv\code\unnamed_rpg\vendor\json-schema-validator\src\json-schema-draft7.json.cpp:9:
[build] In file included from C:\Users\pperv\code\unnamed_rpg\vendor\json\include\nlohmann/json.hpp:57:
[build] C:\Users\pperv\code\unnamed_rpg\vendor\json\include\nlohmann/detail/iterators/json_reverse_iterator.hpp(47,29): warning: alias declarations are incompatible with C++98 [-Wc++98-compat]
[build]    47 |     using difference_type = std::ptrdiff_t;
[build]       |                             ^
[build] C:\Users\pperv\code\unnamed_rpg\vendor\json\include\nlohmann/detail/iterators/json_reverse_iterator.hpp(49,27): warning: alias declarations are incompatible with C++98 [-Wc++98-compat]
[build]    49 |     using base_iterator = std::reverse_iterator<Base>;
[build]       |                           ^
[build] C:\Users\pperv\code\unnamed_rpg\vendor\json\include\nlohmann/detail/iterators/json_reverse_iterator.hpp(51,23): warning: alias declarations are incompatible with C++98 [-Wc++98-compat]
[build]    51 |     using reference = typename Base::reference;
[build]       |                       ^
[build] C:\Users\pperv\code\unnamed_rpg\vendor\json\include\nlohmann/detail/iterators/json_reverse_iterator.hpp(55,9): warning: noexcept specifications are incompatible with C++98 [-Wc++98-compat]
[build]    55 |         : base_iterator(it) {}
[build]       |         ^
[build] C:\Users\pperv\code\unnamed_rpg\vendor\json\include\nlohmann/detail/iterators/json_reverse_iterator.hpp(58,70): warning: noexcept specifications are incompatible with C++98 [-Wc++98-compat]
[build]    58 |     explicit json_reverse_iterator(const base_iterator& it) noexcept : base_iterator(it) {}
[build]       |                                                                      ^
[build] C:\Users\pperv\code\unnamed_rpg\vendor\json\include\nlohmann/detail/iterators/json_reverse_iterator.hpp(61,42): warning: reference qualifiers on functions are incompatible with C++98 [-Wc++98-compat]
[build]    61 |     json_reverse_iterator operator++(int)& // NOLINT(cert-dcl21-cpp)
[build]       |                                          ^
[build] C:\Users\pperv\code\unnamed_rpg\vendor\json\include\nlohmann/detail/iterators/json_reverse_iterator.hpp(73,42): warning: reference qualifiers on functions are incompatible with C++98 [-Wc++98-compat]
[build]    73 |     json_reverse_iterator operator--(int)& // NOLINT(cert-dcl21-cpp)
[build]       |                                          ^
[build] C:\Users\pperv\code\unnamed_rpg\vendor\json\include\nlohmann/detail/iterators/json_reverse_iterator.hpp(115,22): warning: trailing return types are incompatible with C++98 [-Wc++98-compat]
[build]   115 |     auto key() const -> decltype(std::declval<Base>().key())
[build]       |                      ^
[build] C:\Users\pperv\code\unnamed_rpg\vendor\json\include\nlohmann/detail/iterators/json_reverse_iterator.hpp(115,25): warning: 'decltype' type specifier is incompatible with C++98 [-Wc++98-compat]
[build]   115 |     auto key() const -> decltype(std::declval<Base>().key())
[build]       |                         ^
[build] In file included from C:\Users\pperv\code\unnamed_rpg\vendor\json-schema-validator\src\json-schema-draft7.json.cpp:9:
[build] In file included from C:\Users\pperv\code\unnamed_rpg\vendor\json\include\nlohmann/json.hpp:59:
[build] C:\Users\pperv\code\unnamed_rpg\vendor\json\include\nlohmann/detail/json_custom_base_class.hpp(15,1): warning: empty macro arguments are incompatible with C++98 [-Wc++98-compat-pedantic]
[build]    15 | NLOHMANN_JSON_NAMESPACE_BEGIN
[build]       | ^
[build] C:\Users\pperv\code\unnamed_rpg\vendor\json\include\nlohmann/detail/abi_macros.hpp(102,17): note: expanded from macro 'NLOHMANN_JSON_NAMESPACE_BEGIN'
[build]   102 |                 NLOHMANN_JSON_ABI_TAGS,              \
[build]       |                 ^
[build] C:\Users\pperv\code\unnamed_rpg\vendor\json\include\nlohmann/detail/abi_macros.hpp(65,5): note: expanded from macro 'NLOHMANN_JSON_ABI_TAGS'
[build]    65 |     NLOHMANN_JSON_ABI_TAGS_CONCAT(                                   \
[build]       |     ^
[build] C:\Users\pperv\code\unnamed_rpg\vendor\json\include\nlohmann/detail/abi_macros.hpp(62,39): note: expanded from macro 'NLOHMANN_JSON_ABI_TAGS_CONCAT'
[build]    62 |     NLOHMANN_JSON_ABI_TAGS_CONCAT_EX(a, b, c)
[build]       |                                       ^
[build] In file included from C:\Users\pperv\code\unnamed_rpg\vendor\json-schema-validator\src\json-schema-draft7.json.cpp:9:
[build] In file included from C:\Users\pperv\code\unnamed_rpg\vendor\json\include\nlohmann/json.hpp:59:
[build] C:\Users\pperv\code\unnamed_rpg\vendor\json\include\nlohmann/detail/json_custom_base_class.hpp(15,1): warning: empty macro arguments are incompatible with C++98 [-Wc++98-compat-pedantic]
[build] C:\Users\pperv\code\unnamed_rpg\vendor\json\include\nlohmann/detail/abi_macros.hpp(102,17): note: expanded from macro 'NLOHMANN_JSON_NAMESPACE_BEGIN'
[build]   102 |                 NLOHMANN_JSON_ABI_TAGS,              \
[build]       |                 ^
[build] C:\Users\pperv\code\unnamed_rpg\vendor\json\include\nlohmann/detail/abi_macros.hpp(65,5): note: expanded from macro 'NLOHMANN_JSON_ABI_TAGS'
[build]    65 |     NLOHMANN_JSON_ABI_TAGS_CONCAT(                                   \
[build]       |     ^
[build] C:\Users\pperv\code\unnamed_rpg\vendor\json\include\nlohmann/detail/abi_macros.hpp(62,42): note: expanded from macro 'NLOHMANN_JSON_ABI_TAGS_CONCAT'
[build]    62 |     NLOHMANN_JSON_ABI_TAGS_CONCAT_EX(a, b, c)
[build]       |                                          ^
[build] In file included from C:\Users\pperv\code\unnamed_rpg\vendor\json-schema-validator\src\json-schema-draft7.json.cpp:9:
[build] In file included from C:\Users\pperv\code\unnamed_rpg\vendor\json\include\nlohmann/json.hpp:59:
[build] C:\Users\pperv\code\unnamed_rpg\vendor\json\include\nlohmann/detail/json_custom_base_class.hpp(15,1): warning: empty macro arguments are incompatible with C++98 [-Wc++98-compat-pedantic]
[build] C:\Users\pperv\code\unnamed_rpg\vendor\json\include\nlohmann/detail/abi_macros.hpp(102,17): note: expanded from macro 'NLOHMANN_JSON_NAMESPACE_BEGIN'
[build]   102 |                 NLOHMANN_JSON_ABI_TAGS,              \
[build]       |                 ^
[build] C:\Users\pperv\code\unnamed_rpg\vendor\json\include\nlohmann/detail/abi_macros.hpp(65,5): note: expanded from macro 'NLOHMANN_JSON_ABI_TAGS'
[build]    65 |     NLOHMANN_JSON_ABI_TAGS_CONCAT(                                   \
[build]       |     ^
[build] C:\Users\pperv\code\unnamed_rpg\vendor\json\include\nlohmann/detail/abi_macros.hpp(62,45): note: expanded from macro 'NLOHMANN_JSON_ABI_TAGS_CONCAT'
[build]    62 |     NLOHMANN_JSON_ABI_TAGS_CONCAT_EX(a, b, c)
[build]       |                                             ^
[build] In file included from C:\Users\pperv\code\unnamed_rpg\vendor\json-schema-validator\src\json-schema-draft7.json.cpp:9:
[build] In file included from C:\Users\pperv\code\unnamed_rpg\vendor\json\include\nlohmann/json.hpp:59:
[build] C:\Users\pperv\code\unnamed_rpg\vendor\json\include\nlohmann/detail/json_custom_base_class.hpp(15,1): warning: inline namespaces are incompatible with C++98 [-Wc++98-compat]
[build] C:\Users\pperv\code\unnamed_rpg\vendor\json\include\nlohmann/detail/abi_macros.hpp(101,5): note: expanded from macro 'NLOHMANN_JSON_NAMESPACE_BEGIN'
[build]   101 |     inline namespace NLOHMANN_JSON_NAMESPACE_CONCAT( \
[build]       |     ^
[build] In file included from C:\Users\pperv\code\unnamed_rpg\vendor\json-schema-validator\src\json-schema-draft7.json.cpp:9:
[build] In file included from C:\Users\pperv\code\unnamed_rpg\vendor\json\include\nlohmann/json.hpp:59:
[build] C:\Users\pperv\code\unnamed_rpg\vendor\json\include\nlohmann/detail/json_custom_base_class.hpp(44,25): warning: alias declarations are incompatible with C++98 [-Wc++98-compat]
[build]    44 | using json_base_class = typename std::conditional <
[build]       |                         ^
[build] In file included from C:\Users\pperv\code\unnamed_rpg\vendor\json-schema-validator\src\json-schema-draft7.json.cpp:9:
[build] In file included from C:\Users\pperv\code\unnamed_rpg\vendor\json\include\nlohmann/json.hpp:60:
[build] C:\Users\pperv\code\unnamed_rpg\vendor\json\include\nlohmann/detail/json_pointer.hpp(30,1): warning: empty macro arguments are incompatible with C++98 [-Wc++98-compat-pedantic]
[build]    30 | NLOHMANN_JSON_NAMESPACE_BEGIN
[build]       | ^
[build] C:\Users\pperv\code\unnamed_rpg\vendor\json\include\nlohmann/detail/abi_macros.hpp(102,17): note: expanded from macro 'NLOHMANN_JSON_NAMESPACE_BEGIN'
[build]   102 |                 NLOHMANN_JSON_ABI_TAGS,              \
[build]       |                 ^
[build] C:\Users\pperv\code\unnamed_rpg\vendor\json\include\nlohmann/detail/abi_macros.hpp(65,5): note: expanded from macro 'NLOHMANN_JSON_ABI_TAGS'
[build]    65 |     NLOHMANN_JSON_ABI_TAGS_CONCAT(                                   \
[build]       |     ^
[build] C:\Users\pperv\code\unnamed_rpg\vendor\json\include\nlohmann/detail/abi_macros.hpp(62,39): note: expanded from macro 'NLOHMANN_JSON_ABI_TAGS_CONCAT'
[build]    62 |     NLOHMANN_JSON_ABI_TAGS_CONCAT_EX(a, b, c)
[build]       |                                       ^
[build] In file included from C:\Users\pperv\code\unnamed_rpg\vendor\json-schema-validator\src\json-schema-draft7.json.cpp:9:
[build] In file included from C:\Users\pperv\code\unnamed_rpg\vendor\json\include\nlohmann/json.hpp:60:
[build] C:\Users\pperv\code\unnamed_rpg\vendor\json\include\nlohmann/detail/json_pointer.hpp(30,1): warning: empty macro arguments are incompatible with C++98 [-Wc++98-compat-pedantic]
[build] C:\Users\pperv\code\unnamed_rpg\vendor\json\include\nlohmann/detail/abi_macros.hpp(102,17): note: expanded from macro 'NLOHMANN_JSON_NAMESPACE_BEGIN'
[build]   102 |                 NLOHMANN_JSON_ABI_TAGS,              \
[build]       |                 ^
[build] C:\Users\pperv\code\unnamed_rpg\vendor\json\include\nlohmann/detail/abi_macros.hpp(65,5): note: expanded from macro 'NLOHMANN_JSON_ABI_TAGS'
[build]    65 |     NLOHMANN_JSON_ABI_TAGS_CONCAT(                                   \
[build]       |     ^
[build] C:\Users\pperv\code\unnamed_rpg\vendor\json\include\nlohmann/detail/abi_macros.hpp(62,42): note: expanded from macro 'NLOHMANN_JSON_ABI_TAGS_CONCAT'
[build]    62 |     NLOHMANN_JSON_ABI_TAGS_CONCAT_EX(a, b, c)
[build]       |                                          ^
[build] In file included from C:\Users\pperv\code\unnamed_rpg\vendor\json-schema-validator\src\json-schema-draft7.json.cpp:9:
[build] In file included from C:\Users\pperv\code\unnamed_rpg\vendor\json\include\nlohmann/json.hpp:60:
[build] C:\Users\pperv\code\unnamed_rpg\vendor\json\include\nlohmann/detail/json_pointer.hpp(30,1): warning: empty macro arguments are incompatible with C++98 [-Wc++98-compat-pedantic]
[build] C:\Users\pperv\code\unnamed_rpg\vendor\json\include\nlohmann/detail/abi_macros.hpp(102,17): note: expanded from macro 'NLOHMANN_JSON_NAMESPACE_BEGIN'
[build]   102 |                 NLOHMANN_JSON_ABI_TAGS,              \
[build]       |                 ^
[build] C:\Users\pperv\code\unnamed_rpg\vendor\json\include\nlohmann/detail/abi_macros.hpp(65,5): note: expanded from macro 'NLOHMANN_JSON_ABI_TAGS'
[build]    65 |     NLOHMANN_JSON_ABI_TAGS_CONCAT(                                   \
[build]       |     ^
[build] C:\Users\pperv\code\unnamed_rpg\vendor\json\include\nlohmann/detail/abi_macros.hpp(62,45): note: expanded from macro 'NLOHMANN_JSON_ABI_TAGS_CONCAT'
[build]    62 |     NLOHMANN_JSON_ABI_TAGS_CONCAT_EX(a, b, c)
[build]       |                                             ^
[build] In file included from C:\Users\pperv\code\unnamed_rpg\vendor\json-schema-validator\src\json-schema-draft7.json.cpp:9:
[build] In file included from C:\Users\pperv\code\unnamed_rpg\vendor\json\include\nlohmann/json.hpp:60:
[build] C:\Users\pperv\code\unnamed_rpg\vendor\json\include\nlohmann/detail/json_pointer.hpp(30,1): warning: inline namespaces are incompatible with C++98 [-Wc++98-compat]
[build] C:\Users\pperv\code\unnamed_rpg\vendor\json\include\nlohmann/detail/abi_macros.hpp(101,5): note: expanded from macro 'NLOHMANN_JSON_NAMESPACE_BEGIN'
[build]   101 |     inline namespace NLOHMANN_JSON_NAMESPACE_CONCAT( \
[build]       |     ^
[build] In file included from C:\Users\pperv\code\unnamed_rpg\vendor\json-schema-validator\src\json-schema-draft7.json.cpp:9:
[build] In file included from C:\Users\pperv\code\unnamed_rpg\vendor\json\include\nlohmann/json.hpp:60:
[build] C:\Users\pperv\code\unnamed_rpg\vendor\json\include\nlohmann/detail/json_pointer.hpp(38,5): warning: variadic templates are incompatible with C++98 [-Wc++98-compat]
[build]    38 |     NLOHMANN_BASIC_JSON_TPL_DECLARATION
[build]       |     ^
[build] C:\Users\pperv\code\unnamed_rpg\vendor\json\include\nlohmann/detail/macro_scope.hpp(337,51): note: expanded from macro 'NLOHMANN_BASIC_JSON_TPL_DECLARATION'
[build]   337 |     template<template<typename, typename, typename...> class ObjectType,   \
[build]       |                                                   ^
[build] In file included from C:\Users\pperv\code\unnamed_rpg\vendor\json-schema-validator\src\json-schema-draft7.json.cpp:9:
[build] In file included from C:\Users\pperv\code\unnamed_rpg\vendor\json\include\nlohmann/json.hpp:60:
[build] C:\Users\pperv\code\unnamed_rpg\vendor\json\include\nlohmann/detail/json_pointer.hpp(38,5): warning: variadic templates are incompatible with C++98 [-Wc++98-compat]
[build] C:\Users\pperv\code\unnamed_rpg\vendor\json\include\nlohmann/detail/macro_scope.hpp(338,41): note: expanded from macro 'NLOHMANN_BASIC_JSON_TPL_DECLARATION'
[build]   338 |              template<typename, typename...> class ArrayType,              \
[build]       |                                         ^
[build] In file included from C:\Users\pperv\code\unnamed_rpg\vendor\json-schema-validator\src\json-schema-draft7.json.cpp:9:
[build] In file included from C:\Users\pperv\code\unnamed_rpg\vendor\json\include\nlohmann/json.hpp:60:
[build] C:\Users\pperv\code\unnamed_rpg\vendor\json\include\nlohmann/detail/json_pointer.hpp(47,22): warning: alias declarations are incompatible with C++98 [-Wc++98-compat]
[build]    47 |         using type = T;
[build]       |                      ^
[build] C:\Users\pperv\code\unnamed_rpg\vendor\json\include\nlohmann/detail/json_pointer.hpp(50,5): warning: variadic templates are incompatible with C++98 [-Wc++98-compat]
[build]    50 |     NLOHMANN_BASIC_JSON_TPL_DECLARATION
[build]       |     ^
[build] C:\Users\pperv\code\unnamed_rpg\vendor\json\include\nlohmann/detail/macro_scope.hpp(337,51): note: expanded from macro 'NLOHMANN_BASIC_JSON_TPL_DECLARATION'
[build]   337 |     template<template<typename, typename, typename...> class ObjectType,   \
[build]       |                                                   ^
[build] In file included from C:\Users\pperv\code\unnamed_rpg\vendor\json-schema-validator\src\json-schema-draft7.json.cpp:9:
[build] In file included from C:\Users\pperv\code\unnamed_rpg\vendor\json\include\nlohmann/json.hpp:60:
[build] C:\Users\pperv\code\unnamed_rpg\vendor\json\include\nlohmann/detail/json_pointer.hpp(50,5): warning: variadic templates are incompatible with C++98 [-Wc++98-compat]
[build] C:\Users\pperv\code\unnamed_rpg\vendor\json\include\nlohmann/detail/macro_scope.hpp(338,41): note: expanded from macro 'NLOHMANN_BASIC_JSON_TPL_DECLARATION'
[build]   338 |              template<typename, typename...> class ArrayType,              \
[build]       |                                         ^
[build] In file included from C:\Users\pperv\code\unnamed_rpg\vendor\json-schema-validator\src\json-schema-draft7.json.cpp:9:
[build] In file included from C:\Users\pperv\code\unnamed_rpg\vendor\json\include\nlohmann/json.hpp:60:
[build] C:\Users\pperv\code\unnamed_rpg\vendor\json\include\nlohmann/detail/json_pointer.hpp(53,22): warning: alias declarations are incompatible with C++98 [-Wc++98-compat]
[build]    53 |         using type = StringType;
[build]       |                      ^
[build] C:\Users\pperv\code\unnamed_rpg\vendor\json\include\nlohmann/detail/json_pointer.hpp(58,22): warning: alias declarations are incompatible with C++98 [-Wc++98-compat]
[build]    58 |     using string_t = typename string_t_helper<RefStringType>::type;
[build]       |                      ^
[build] C:\Users\pperv\code\unnamed_rpg\vendor\json\include\nlohmann/detail/json_pointer.hpp(190,29): warning: rvalue references are incompatible with C++98 [-Wc++98-compat]
[build]   190 |     void push_front(string_t&& token)
[build]       |                             ^
[build] C:\Users\pperv\code\unnamed_rpg\vendor\json\include\nlohmann/detail/json_pointer.hpp(228,28): warning: rvalue references are incompatible with C++98 [-Wc++98-compat]
[build]   228 |     void push_back(string_t&& token)
[build]       |                            ^
[build] C:\Users\pperv\code\unnamed_rpg\vendor\json\include\nlohmann/detail/json_pointer.hpp(236,5): warning: noexcept specifications are incompatible with C++98 [-Wc++98-compat]
[build]   236 |     {
[build]       |     ^
[build] C:\Users\pperv\code\unnamed_rpg\vendor\json\include\nlohmann/detail/json_pointer.hpp(961,43): warning: reference qualifiers on functions are incompatible with C++98 [-Wc++98-compat]
[build]   961 |     json_pointer<string_t> convert() const&
[build]       |                                           ^
[build] C:\Users\pperv\code\unnamed_rpg\vendor\json\include\nlohmann/detail/json_pointer.hpp(968,37): warning: reference qualifiers on functions are incompatible with C++98 [-Wc++98-compat]
[build]   968 |     json_pointer<string_t> convert()&&
[build]       |                                     ^
[build] C:\Users\pperv\code\unnamed_rpg\vendor\json\include\nlohmann/detail/json_pointer.hpp(1005,79): warning: noexcept specifications are incompatible with C++98 [-Wc++98-compat]
[build]  1005 |                            const json_pointer<RefStringTypeRhs>& rhs) noexcept;
[build]       |                                                                               ^
[build] C:\Users\pperv\code\unnamed_rpg\vendor\json\include\nlohmann/detail/json_pointer.hpp(1026,79): warning: noexcept specifications are incompatible with C++98 [-Wc++98-compat]
[build]  1026 |                            const json_pointer<RefStringTypeRhs>& rhs) noexcept;
[build]       |                                                                               ^
[build] C:\Users\pperv\code\unnamed_rpg\vendor\json\include\nlohmann/detail/json_pointer.hpp(1046,78): warning: noexcept specifications are incompatible with C++98 [-Wc++98-compat]
[build]  1046 |                           const json_pointer<RefStringTypeRhs>& rhs) noexcept;
[build]       |                                                                              ^
[build] C:\Users\pperv\code\unnamed_rpg\vendor\json\include\nlohmann/detail/json_pointer.hpp(1058,67): warning: noexcept specifications are incompatible with C++98 [-Wc++98-compat]
[build]  1058 |                        const json_pointer<RefStringTypeRhs>& rhs) noexcept
[build]       |                                                                   ^
[build] C:\Users\pperv\code\unnamed_rpg\vendor\json\include\nlohmann/detail/json_pointer.hpp(1064,19): warning: default template arguments for a function template are incompatible with C++98 [-Wc++98-compat]
[build]  1064 |          typename StringType = typename json_pointer<RefStringTypeLhs>::string_t>
[build]       |                   ^            ~~~~~~~~~~~~~~~~~~~~~~~~~~~~~~~~~~~~~~~~~~~~~~~~~
[build] C:\Users\pperv\code\unnamed_rpg\vendor\json\include\nlohmann/detail/json_pointer.hpp(1073,19): warning: default template arguments for a function template are incompatible with C++98 [-Wc++98-compat]
[build]  1073 |          typename StringType = typename json_pointer<RefStringTypeRhs>::string_t>
[build]       |                   ^            ~~~~~~~~~~~~~~~~~~~~~~~~~~~~~~~~~~~~~~~~~~~~~~~~~
[build] C:\Users\pperv\code\unnamed_rpg\vendor\json\include\nlohmann/detail/json_pointer.hpp(1083,67): warning: noexcept specifications are incompatible with C++98 [-Wc++98-compat]
[build]  1083 |                        const json_pointer<RefStringTypeRhs>& rhs) noexcept
[build]       |                                                                   ^
[build] C:\Users\pperv\code\unnamed_rpg\vendor\json\include\nlohmann/detail/json_pointer.hpp(1089,19): warning: default template arguments for a function template are incompatible with C++98 [-Wc++98-compat]
[build]  1089 |          typename StringType = typename json_pointer<RefStringTypeLhs>::string_t>
[build]       |                   ^            ~~~~~~~~~~~~~~~~~~~~~~~~~~~~~~~~~~~~~~~~~~~~~~~~~
[build] C:\Users\pperv\code\unnamed_rpg\vendor\json\include\nlohmann/detail/json_pointer.hpp(1098,19): warning: default template arguments for a function template are incompatible with C++98 [-Wc++98-compat]
[build]  1098 |          typename StringType = typename json_pointer<RefStringTypeRhs>::string_t>
[build]       |                   ^            ~~~~~~~~~~~~~~~~~~~~~~~~~~~~~~~~~~~~~~~~~~~~~~~~~
[build] C:\Users\pperv\code\unnamed_rpg\vendor\json\include\nlohmann/detail/json_pointer.hpp(1108,66): warning: noexcept specifications are incompatible with C++98 [-Wc++98-compat]
[build]  1108 |                       const json_pointer<RefStringTypeRhs>& rhs) noexcept
[build]       |                                                                  ^
[build] In file included from C:\Users\pperv\code\unnamed_rpg\vendor\json-schema-validator\src\json-schema-draft7.json.cpp:9:
[build] In file included from C:\Users\pperv\code\unnamed_rpg\vendor\json\include\nlohmann/json.hpp:61:
[build] C:\Users\pperv\code\unnamed_rpg\vendor\json\include\nlohmann/detail/json_ref.hpp(17,1): warning: empty macro arguments are incompatible with C++98 [-Wc++98-compat-pedantic]
[build]    17 | NLOHMANN_JSON_NAMESPACE_BEGIN
[build]       | ^
[build] C:\Users\pperv\code\unnamed_rpg\vendor\json\include\nlohmann/detail/abi_macros.hpp(102,17): note: expanded from macro 'NLOHMANN_JSON_NAMESPACE_BEGIN'
[build]   102 |                 NLOHMANN_JSON_ABI_TAGS,              \
[build]       |                 ^
[build] C:\Users\pperv\code\unnamed_rpg\vendor\json\include\nlohmann/detail/abi_macros.hpp(65,5): note: expanded from macro 'NLOHMANN_JSON_ABI_TAGS'
[build]    65 |     NLOHMANN_JSON_ABI_TAGS_CONCAT(                                   \
[build]       |     ^
[build] C:\Users\pperv\code\unnamed_rpg\vendor\json\include\nlohmann/detail/abi_macros.hpp(62,39): note: expanded from macro 'NLOHMANN_JSON_ABI_TAGS_CONCAT'
[build]    62 |     NLOHMANN_JSON_ABI_TAGS_CONCAT_EX(a, b, c)
[build]       |                                       ^
[build] In file included from C:\Users\pperv\code\unnamed_rpg\vendor\json-schema-validator\src\json-schema-draft7.json.cpp:9:
[build] In file included from C:\Users\pperv\code\unnamed_rpg\vendor\json\include\nlohmann/json.hpp:61:
[build] C:\Users\pperv\code\unnamed_rpg\vendor\json\include\nlohmann/detail/json_ref.hpp(17,1): warning: empty macro arguments are incompatible with C++98 [-Wc++98-compat-pedantic]
[build] C:\Users\pperv\code\unnamed_rpg\vendor\json\include\nlohmann/detail/abi_macros.hpp(102,17): note: expanded from macro 'NLOHMANN_JSON_NAMESPACE_BEGIN'
[build]   102 |                 NLOHMANN_JSON_ABI_TAGS,              \
[build]       |                 ^
[build] C:\Users\pperv\code\unnamed_rpg\vendor\json\include\nlohmann/detail/abi_macros.hpp(65,5): note: expanded from macro 'NLOHMANN_JSON_ABI_TAGS'
[build]    65 |     NLOHMANN_JSON_ABI_TAGS_CONCAT(                                   \
[build]       |     ^
[build] C:\Users\pperv\code\unnamed_rpg\vendor\json\include\nlohmann/detail/abi_macros.hpp(62,42): note: expanded from macro 'NLOHMANN_JSON_ABI_TAGS_CONCAT'
[build]    62 |     NLOHMANN_JSON_ABI_TAGS_CONCAT_EX(a, b, c)
[build]       |                                          ^
[build] In file included from C:\Users\pperv\code\unnamed_rpg\vendor\json-schema-validator\src\json-schema-draft7.json.cpp:9:
[build] In file included from C:\Users\pperv\code\unnamed_rpg\vendor\json\include\nlohmann/json.hpp:61:
[build] C:\Users\pperv\code\unnamed_rpg\vendor\json\include\nlohmann/detail/json_ref.hpp(17,1): warning: empty macro arguments are incompatible with C++98 [-Wc++98-compat-pedantic]
[build] C:\Users\pperv\code\unnamed_rpg\vendor\json\include\nlohmann/detail/abi_macros.hpp(102,17): note: expanded from macro 'NLOHMANN_JSON_NAMESPACE_BEGIN'
[build]   102 |                 NLOHMANN_JSON_ABI_TAGS,              \
[build]       |                 ^
[build] C:\Users\pperv\code\unnamed_rpg\vendor\json\include\nlohmann/detail/abi_macros.hpp(65,5): note: expanded from macro 'NLOHMANN_JSON_ABI_TAGS'
[build]    65 |     NLOHMANN_JSON_ABI_TAGS_CONCAT(                                   \
[build]       |     ^
[build] C:\Users\pperv\code\unnamed_rpg\vendor\json\include\nlohmann/detail/abi_macros.hpp(62,45): note: expanded from macro 'NLOHMANN_JSON_ABI_TAGS_CONCAT'
[build]    62 |     NLOHMANN_JSON_ABI_TAGS_CONCAT_EX(a, b, c)
[build]       |                                             ^
[build] In file included from C:\Users\pperv\code\unnamed_rpg\vendor\json-schema-validator\src\json-schema-draft7.json.cpp:9:
[build] In file included from C:\Users\pperv\code\unnamed_rpg\vendor\json\include\nlohmann/json.hpp:61:
[build] C:\Users\pperv\code\unnamed_rpg\vendor\json\include\nlohmann/detail/json_ref.hpp(17,1): warning: inline namespaces are incompatible with C++98 [-Wc++98-compat]
[build] C:\Users\pperv\code\unnamed_rpg\vendor\json\include\nlohmann/detail/abi_macros.hpp(101,5): note: expanded from macro 'NLOHMANN_JSON_NAMESPACE_BEGIN'
[build]   101 |     inline namespace NLOHMANN_JSON_NAMESPACE_CONCAT( \
[build]       |     ^
[build] In file included from C:\Users\pperv\code\unnamed_rpg\vendor\json-schema-validator\src\json-schema-draft7.json.cpp:9:
[build] In file included from C:\Users\pperv\code\unnamed_rpg\vendor\json\include\nlohmann/json.hpp:61:
[build] C:\Users\pperv\code\unnamed_rpg\vendor\json\include\nlohmann/detail/json_ref.hpp(25,24): warning: alias declarations are incompatible with C++98 [-Wc++98-compat]
[build]    25 |     using value_type = BasicJsonType;
[build]       |                        ^
[build] C:\Users\pperv\code\unnamed_rpg\vendor\json\include\nlohmann/detail/json_ref.hpp(27,24): warning: rvalue references are incompatible with C++98 [-Wc++98-compat]
[build]    27 |     json_ref(value_type&& value)
[build]       |                        ^
[build] C:\Users\pperv\code\unnamed_rpg\vendor\json\include\nlohmann/detail/json_ref.hpp(40,14): warning: variadic templates are incompatible with C++98 [-Wc++98-compat]
[build]    40 |         class... Args,
[build]       |              ^
[build] C:\Users\pperv\code\unnamed_rpg\vendor\json\include\nlohmann/detail/json_ref.hpp(42,19): warning: rvalue references are incompatible with C++98 [-Wc++98-compat]
[build]    42 |     json_ref(Args && ... args)
[build]       |                   ^
[build] C:\Users\pperv\code\unnamed_rpg\vendor\json\include\nlohmann/detail/json_ref.hpp(41,77): warning: default template arguments for a function template are incompatible with C++98 [-Wc++98-compat]
[build]    41 |         enable_if_t<std::is_constructible<value_type, Args...>::value, int> = 0 >
[build]       |                                                                             ^ ~
[build] C:\Users\pperv\code\unnamed_rpg\vendor\json\include\nlohmann/detail/json_ref.hpp(47,22): warning: rvalue references are incompatible with C++98 [-Wc++98-compat]
[build]    47 |     json_ref(json_ref&&) noexcept = default;
[build]       |                      ^
[build] C:\Users\pperv\code\unnamed_rpg\vendor\json\include\nlohmann/detail/json_ref.hpp(47,35): warning: noexcept specifications are incompatible with C++98 [-Wc++98-compat]
[build]    47 |     json_ref(json_ref&&) noexcept = default;
[build]       |                                   ^
[build] C:\Users\pperv\code\unnamed_rpg\vendor\json\include\nlohmann/detail/json_ref.hpp(47,37): warning: defaulted function definitions are incompatible with C++98 [-Wc++98-compat]
[build]    47 |     json_ref(json_ref&&) noexcept = default;
[build]       |                                     ^
[build] C:\Users\pperv\code\unnamed_rpg\vendor\json\include\nlohmann/detail/json_ref.hpp(48,33): warning: deleted function definitions are incompatible with C++98 [-Wc++98-compat]
[build]    48 |     json_ref(const json_ref&) = delete;
[build]       |                                 ^
[build] C:\Users\pperv\code\unnamed_rpg\vendor\json\include\nlohmann/detail/json_ref.hpp(49,44): warning: deleted function definitions are incompatible with C++98 [-Wc++98-compat]
[build]    49 |     json_ref& operator=(const json_ref&) = delete;
[build]       |                                            ^
[build] C:\Users\pperv\code\unnamed_rpg\vendor\json\include\nlohmann/detail/json_ref.hpp(50,33): warning: rvalue references are incompatible with C++98 [-Wc++98-compat]
[build]    50 |     json_ref& operator=(json_ref&&) = delete;
[build]       |                                 ^
[build] C:\Users\pperv\code\unnamed_rpg\vendor\json\include\nlohmann/detail/json_ref.hpp(50,39): warning: deleted function definitions are incompatible with C++98 [-Wc++98-compat]
[build]    50 |     json_ref& operator=(json_ref&&) = delete;
[build]       |                                       ^
[build] C:\Users\pperv\code\unnamed_rpg\vendor\json\include\nlohmann/detail/json_ref.hpp(51,19): warning: defaulted function definitions are incompatible with C++98 [-Wc++98-compat]
[build]    51 |     ~json_ref() = default;
[build]       |                   ^
[build] C:\Users\pperv\code\unnamed_rpg\vendor\json\include\nlohmann/detail/json_ref.hpp(73,36): warning: default member initializer for non-static data members is incompatible with C++98 [-Wc++98-compat]
[build]    73 |     mutable value_type owned_value = nullptr;
[build]       |                                    ^
[build] C:\Users\pperv\code\unnamed_rpg\vendor\json\include\nlohmann/detail/json_ref.hpp(74,33): warning: default member initializer for non-static data members is incompatible with C++98 [-Wc++98-compat]
[build]    74 |     value_type const* value_ref = nullptr;
[build]       |                                 ^
[build] C:\Users\pperv\code\unnamed_rpg\vendor\json\include\nlohmann/detail/json_ref.hpp(73,38): warning: 'nullptr' is incompatible with C++98 [-Wc++98-compat]
[build]    73 |     mutable value_type owned_value = nullptr;
[build]       |                                      ^
[build] C:\Users\pperv\code\unnamed_rpg\vendor\json\include\nlohmann/detail/json_ref.hpp(74,35): warning: 'nullptr' is incompatible with C++98 [-Wc++98-compat]
[build]    74 |     value_type const* value_ref = nullptr;
[build]       |                                   ^
[build] In file included from C:\Users\pperv\code\unnamed_rpg\vendor\json-schema-validator\src\json-schema-draft7.json.cpp:9:
[build] In file included from C:\Users\pperv\code\unnamed_rpg\vendor\json\include\nlohmann/json.hpp:68:
[build] In file included from C:\Users\pperv\code\unnamed_rpg\vendor\json\include\nlohmann/detail/output/binary_writer.hpp:24:
[build] C:\Users\pperv\code\unnamed_rpg\vendor\json\include\nlohmann/detail/output/output_adapters.hpp(25,1): warning: empty macro arguments are incompatible with C++98 [-Wc++98-compat-pedantic]
[build]    25 | NLOHMANN_JSON_NAMESPACE_BEGIN
[build]       | ^
[build] C:\Users\pperv\code\unnamed_rpg\vendor\json\include\nlohmann/detail/abi_macros.hpp(102,17): note: expanded from macro 'NLOHMANN_JSON_NAMESPACE_BEGIN'
[build]   102 |                 NLOHMANN_JSON_ABI_TAGS,              \
[build]       |                 ^
[build] C:\Users\pperv\code\unnamed_rpg\vendor\json\include\nlohmann/detail/abi_macros.hpp(65,5): note: expanded from macro 'NLOHMANN_JSON_ABI_TAGS'
[build]    65 |     NLOHMANN_JSON_ABI_TAGS_CONCAT(                                   \
[build]       |     ^
[build] C:\Users\pperv\code\unnamed_rpg\vendor\json\include\nlohmann/detail/abi_macros.hpp(62,39): note: expanded from macro 'NLOHMANN_JSON_ABI_TAGS_CONCAT'
[build]    62 |     NLOHMANN_JSON_ABI_TAGS_CONCAT_EX(a, b, c)
[build]       |                                       ^
[build] In file included from C:\Users\pperv\code\unnamed_rpg\vendor\json-schema-validator\src\json-schema-draft7.json.cpp:9:
[build] In file included from C:\Users\pperv\code\unnamed_rpg\vendor\json\include\nlohmann/json.hpp:68:
[build] In file included from C:\Users\pperv\code\unnamed_rpg\vendor\json\include\nlohmann/detail/output/binary_writer.hpp:24:
[build] C:\Users\pperv\code\unnamed_rpg\vendor\json\include\nlohmann/detail/output/output_adapters.hpp(25,1): warning: empty macro arguments are incompatible with C++98 [-Wc++98-compat-pedantic]
[build] C:\Users\pperv\code\unnamed_rpg\vendor\json\include\nlohmann/detail/abi_macros.hpp(102,17): note: expanded from macro 'NLOHMANN_JSON_NAMESPACE_BEGIN'
[build]   102 |                 NLOHMANN_JSON_ABI_TAGS,              \
[build]       |                 ^
[build] C:\Users\pperv\code\unnamed_rpg\vendor\json\include\nlohmann/detail/abi_macros.hpp(65,5): note: expanded from macro 'NLOHMANN_JSON_ABI_TAGS'
[build]    65 |     NLOHMANN_JSON_ABI_TAGS_CONCAT(                                   \
[build]       |     ^
[build] C:\Users\pperv\code\unnamed_rpg\vendor\json\include\nlohmann/detail/abi_macros.hpp(62,42): note: expanded from macro 'NLOHMANN_JSON_ABI_TAGS_CONCAT'
[build]    62 |     NLOHMANN_JSON_ABI_TAGS_CONCAT_EX(a, b, c)
[build]       |                                          ^
[build] In file included from C:\Users\pperv\code\unnamed_rpg\vendor\json-schema-validator\src\json-schema-draft7.json.cpp:9:
[build] In file included from C:\Users\pperv\code\unnamed_rpg\vendor\json\include\nlohmann/json.hpp:68:
[build] In file included from C:\Users\pperv\code\unnamed_rpg\vendor\json\include\nlohmann/detail/output/binary_writer.hpp:24:
[build] C:\Users\pperv\code\unnamed_rpg\vendor\json\include\nlohmann/detail/output/output_adapters.hpp(25,1): warning: empty macro arguments are incompatible with C++98 [-Wc++98-compat-pedantic]
[build] C:\Users\pperv\code\unnamed_rpg\vendor\json\include\nlohmann/detail/abi_macros.hpp(102,17): note: expanded from macro 'NLOHMANN_JSON_NAMESPACE_BEGIN'
[build]   102 |                 NLOHMANN_JSON_ABI_TAGS,              \
[build]       |                 ^
[build] C:\Users\pperv\code\unnamed_rpg\vendor\json\include\nlohmann/detail/abi_macros.hpp(65,5): note: expanded from macro 'NLOHMANN_JSON_ABI_TAGS'
[build]    65 |     NLOHMANN_JSON_ABI_TAGS_CONCAT(                                   \
[build]       |     ^
[build] C:\Users\pperv\code\unnamed_rpg\vendor\json\include\nlohmann/detail/abi_macros.hpp(62,45): note: expanded from macro 'NLOHMANN_JSON_ABI_TAGS_CONCAT'
[build]    62 |     NLOHMANN_JSON_ABI_TAGS_CONCAT_EX(a, b, c)
[build]       |                                             ^
[build] In file included from C:\Users\pperv\code\unnamed_rpg\vendor\json-schema-validator\src\json-schema-draft7.json.cpp:9:
[build] In file included from C:\Users\pperv\code\unnamed_rpg\vendor\json\include\nlohmann/json.hpp:68:
[build] In file included from C:\Users\pperv\code\unnamed_rpg\vendor\json\include\nlohmann/detail/output/binary_writer.hpp:24:
[build] C:\Users\pperv\code\unnamed_rpg\vendor\json\include\nlohmann/detail/output/output_adapters.hpp(25,1): warning: inline namespaces are incompatible with C++98 [-Wc++98-compat]
[build] C:\Users\pperv\code\unnamed_rpg\vendor\json\include\nlohmann/detail/abi_macros.hpp(101,5): note: expanded from macro 'NLOHMANN_JSON_NAMESPACE_BEGIN'
[build]   101 |     inline namespace NLOHMANN_JSON_NAMESPACE_CONCAT( \
[build]       |     ^
[build] In file included from C:\Users\pperv\code\unnamed_rpg\vendor\json-schema-validator\src\json-schema-draft7.json.cpp:9:
[build] In file included from C:\Users\pperv\code\unnamed_rpg\vendor\json\include\nlohmann/json.hpp:68:
[build] In file included from C:\Users\pperv\code\unnamed_rpg\vendor\json\include\nlohmann/detail/output/binary_writer.hpp:24:
[build] C:\Users\pperv\code\unnamed_rpg\vendor\json\include\nlohmann/detail/output/output_adapters.hpp(34,42): warning: defaulted function definitions are incompatible with C++98 [-Wc++98-compat]
[build]    34 |     virtual ~output_adapter_protocol() = default;
[build]       |                                          ^
[build] C:\Users\pperv\code\unnamed_rpg\vendor\json\include\nlohmann/detail/output/output_adapters.hpp(36,33): warning: defaulted function definitions are incompatible with C++98 [-Wc++98-compat]
[build]    36 |     output_adapter_protocol() = default;
[build]       |                                 ^
[build] C:\Users\pperv\code\unnamed_rpg\vendor\json\include\nlohmann/detail/output/output_adapters.hpp(37,63): warning: defaulted function definitions are incompatible with C++98 [-Wc++98-compat]
[build]    37 |     output_adapter_protocol(const output_adapter_protocol&) = default;
[build]       |                                                               ^
[build] C:\Users\pperv\code\unnamed_rpg\vendor\json\include\nlohmann/detail/output/output_adapters.hpp(38,52): warning: rvalue references are incompatible with C++98 [-Wc++98-compat]
[build]    38 |     output_adapter_protocol(output_adapter_protocol&&) noexcept = default;
[build]       |                                                    ^
[build] C:\Users\pperv\code\unnamed_rpg\vendor\json\include\nlohmann/detail/output/output_adapters.hpp(38,65): warning: noexcept specifications are incompatible with C++98 [-Wc++98-compat]
[build]    38 |     output_adapter_protocol(output_adapter_protocol&&) noexcept = default;
[build]       |                                                                 ^
[build] C:\Users\pperv\code\unnamed_rpg\vendor\json\include\nlohmann/detail/output/output_adapters.hpp(38,67): warning: defaulted function definitions are incompatible with C++98 [-Wc++98-compat]
[build]    38 |     output_adapter_protocol(output_adapter_protocol&&) noexcept = default;
[build]       |                                                                   ^
[build] C:\Users\pperv\code\unnamed_rpg\vendor\json\include\nlohmann/detail/output/output_adapters.hpp(39,74): warning: defaulted function definitions are incompatible with C++98 [-Wc++98-compat]
[build]    39 |     output_adapter_protocol& operator=(const output_adapter_protocol&) = default;
[build]       |                                                                          ^
[build] C:\Users\pperv\code\unnamed_rpg\vendor\json\include\nlohmann/detail/output/output_adapters.hpp(40,63): warning: rvalue references are incompatible with C++98 [-Wc++98-compat]
[build]    40 |     output_adapter_protocol& operator=(output_adapter_protocol&&) noexcept = default;
[build]       |                                                               ^
[build] C:\Users\pperv\code\unnamed_rpg\vendor\json\include\nlohmann/detail/output/output_adapters.hpp(40,76): warning: noexcept specifications are incompatible with C++98 [-Wc++98-compat]
[build]    40 |     output_adapter_protocol& operator=(output_adapter_protocol&&) noexcept = default;
[build]       |                                                                            ^
[build] C:\Users\pperv\code\unnamed_rpg\vendor\json\include\nlohmann/detail/output/output_adapters.hpp(40,78): warning: defaulted function definitions are incompatible with C++98 [-Wc++98-compat]
[build]    40 |     output_adapter_protocol& operator=(output_adapter_protocol&&) noexcept = default;
[build]       |                                                                              ^
[build] C:\Users\pperv\code\unnamed_rpg\vendor\json\include\nlohmann/detail/output/output_adapters.hpp(45,26): warning: alias declarations are incompatible with C++98 [-Wc++98-compat]
[build]    45 | using output_adapter_t = std::shared_ptr<output_adapter_protocol<CharType>>;
[build]       |                          ^
[build] C:\Users\pperv\code\unnamed_rpg\vendor\json\include\nlohmann/detail/output/output_adapters.hpp(45,74): warning: consecutive right angle brackets are incompatible with C++98 (use '> >') [-Wc++98-compat]
[build]    45 | using output_adapter_t = std::shared_ptr<output_adapter_protocol<CharType>>;
[build]       |                                                                          ^~
[build]       |                                                                          > >
[build] C:\Users\pperv\code\unnamed_rpg\vendor\json\include\nlohmann/detail/output/output_adapters.hpp(48,77): warning: consecutive right angle brackets are incompatible with C++98 (use '> >') [-Wc++98-compat]
[build]    48 | template<typename CharType, typename AllocatorType = std::allocator<CharType>>
[build]       |                                                                             ^~
[build]       |                                                                             > >
[build] C:\Users\pperv\code\unnamed_rpg\vendor\json\include\nlohmann/detail/output/output_adapters.hpp(53,9): warning: noexcept specifications are incompatible with C++98 [-Wc++98-compat]
[build]    53 |         : v(vec)
[build]       |         ^
[build] C:\Users\pperv\code\unnamed_rpg\vendor\json\include\nlohmann/detail/output/output_adapters.hpp(56,38): warning: 'override' keyword is incompatible with C++98 [-Wc++98-compat]
[build]    56 |     void write_character(CharType c) override
[build]       |                                      ^
[build] C:\Users\pperv\code\unnamed_rpg\vendor\json\include\nlohmann/detail/output/output_adapters.hpp(62,66): warning: 'override' keyword is incompatible with C++98 [-Wc++98-compat]
[build]    62 |     void write_characters(const CharType* s, std::size_t length) override
[build]       |                                                                  ^
[build] C:\Users\pperv\code\unnamed_rpg\vendor\json\include\nlohmann/detail/output/output_adapters.hpp(78,9): warning: noexcept specifications are incompatible with C++98 [-Wc++98-compat]
[build]    78 |         : stream(s)
[build]       |         ^
[build] C:\Users\pperv\code\unnamed_rpg\vendor\json\include\nlohmann/detail/output/output_adapters.hpp(81,38): warning: 'override' keyword is incompatible with C++98 [-Wc++98-compat]
[build]    81 |     void write_character(CharType c) override
[build]       |                                      ^
[build] C:\Users\pperv\code\unnamed_rpg\vendor\json\include\nlohmann/detail/output/output_adapters.hpp(87,66): warning: 'override' keyword is incompatible with C++98 [-Wc++98-compat]
[build]    87 |     void write_characters(const CharType* s, std::size_t length) override
[build]       |                                                                  ^
[build] C:\Users\pperv\code\unnamed_rpg\vendor\json\include\nlohmann/detail/output/output_adapters.hpp(98,77): warning: consecutive right angle brackets are incompatible with C++98 (use '> >') [-Wc++98-compat]
[build]    98 | template<typename CharType, typename StringType = std::basic_string<CharType>>
[build]       |                                                                             ^~
[build]       |                                                                             > >
[build] C:\Users\pperv\code\unnamed_rpg\vendor\json\include\nlohmann/detail/output/output_adapters.hpp(103,9): warning: noexcept specifications are incompatible with C++98 [-Wc++98-compat]
[build]   103 |         : str(s)
[build]       |         ^
[build] C:\Users\pperv\code\unnamed_rpg\vendor\json\include\nlohmann/detail/output/output_adapters.hpp(106,38): warning: 'override' keyword is incompatible with C++98 [-Wc++98-compat]
[build]   106 |     void write_character(CharType c) override
[build]       |                                      ^
[build] C:\Users\pperv\code\unnamed_rpg\vendor\json\include\nlohmann/detail/output/output_adapters.hpp(112,66): warning: 'override' keyword is incompatible with C++98 [-Wc++98-compat]
[build]   112 |     void write_characters(const CharType* s, std::size_t length) override
[build]       |                                                                  ^
[build] C:\Users\pperv\code\unnamed_rpg\vendor\json\include\nlohmann/detail/output/output_adapters.hpp(121,77): warning: consecutive right angle brackets are incompatible with C++98 (use '> >') [-Wc++98-compat]
[build]   121 | template<typename CharType, typename StringType = std::basic_string<CharType>>
[build]       |                                                                             ^~
[build]       |                                                                             > >
[build] C:\Users\pperv\code\unnamed_rpg\vendor\json\include\nlohmann/detail/output/output_adapters.hpp(125,62): warning: consecutive right angle brackets are incompatible with C++98 (use '> >') [-Wc++98-compat]
[build]   125 |     template<typename AllocatorType = std::allocator<CharType>>
[build]       |                                                              ^~
[build]       |                                                              > >
[build] C:\Users\pperv\code\unnamed_rpg\vendor\json\include\nlohmann/detail/output/output_adapters.hpp(125,23): warning: default template arguments for a function template are incompatible with C++98 [-Wc++98-compat]
[build]   125 |     template<typename AllocatorType = std::allocator<CharType>>
[build]       |                       ^               ~~~~~~~~~~~~~~~~~~~~~~~~
[build] C:\Users\pperv\code\unnamed_rpg\vendor\json\include\nlohmann/detail/output/output_adapters.hpp(143,35): warning: default member initializer for non-static data members is incompatible with C++98 [-Wc++98-compat]
[build]   143 |     output_adapter_t<CharType> oa = nullptr;
[build]       |                                   ^
[build] C:\Users\pperv\code\unnamed_rpg\vendor\json\include\nlohmann/detail/output/output_adapters.hpp(143,37): warning: 'nullptr' is incompatible with C++98 [-Wc++98-compat]
[build]   143 |     output_adapter_t<CharType> oa = nullptr;
[build]       |                                     ^
[build] In file included from C:\Users\pperv\code\unnamed_rpg\vendor\json-schema-validator\src\json-schema-draft7.json.cpp:9:
[build] In file included from C:\Users\pperv\code\unnamed_rpg\vendor\json\include\nlohmann/json.hpp:68:
[build] C:\Users\pperv\code\unnamed_rpg\vendor\json\include\nlohmann/detail/output/binary_writer.hpp(27,1): warning: empty macro arguments are incompatible with C++98 [-Wc++98-compat-pedantic]
[build]    27 | NLOHMANN_JSON_NAMESPACE_BEGIN
[build]       | ^
[build] C:\Users\pperv\code\unnamed_rpg\vendor\json\include\nlohmann/detail/abi_macros.hpp(102,17): note: expanded from macro 'NLOHMANN_JSON_NAMESPACE_BEGIN'
[build]   102 |                 NLOHMANN_JSON_ABI_TAGS,              \
[build]       |                 ^
[build] C:\Users\pperv\code\unnamed_rpg\vendor\json\include\nlohmann/detail/abi_macros.hpp(65,5): note: expanded from macro 'NLOHMANN_JSON_ABI_TAGS'
[build]    65 |     NLOHMANN_JSON_ABI_TAGS_CONCAT(                                   \
[build]       |     ^
[build] C:\Users\pperv\code\unnamed_rpg\vendor\json\include\nlohmann/detail/abi_macros.hpp(62,39): note: expanded from macro 'NLOHMANN_JSON_ABI_TAGS_CONCAT'
[build]    62 |     NLOHMANN_JSON_ABI_TAGS_CONCAT_EX(a, b, c)
[build]       |                                       ^
[build] In file included from C:\Users\pperv\code\unnamed_rpg\vendor\json-schema-validator\src\json-schema-draft7.json.cpp:9:
[build] In file included from C:\Users\pperv\code\unnamed_rpg\vendor\json\include\nlohmann/json.hpp:68:
[build] C:\Users\pperv\code\unnamed_rpg\vendor\json\include\nlohmann/detail/output/binary_writer.hpp(27,1): warning: empty macro arguments are incompatible with C++98 [-Wc++98-compat-pedantic]
[build] C:\Users\pperv\code\unnamed_rpg\vendor\json\include\nlohmann/detail/abi_macros.hpp(102,17): note: expanded from macro 'NLOHMANN_JSON_NAMESPACE_BEGIN'
[build]   102 |                 NLOHMANN_JSON_ABI_TAGS,              \
[build]       |                 ^
[build] C:\Users\pperv\code\unnamed_rpg\vendor\json\include\nlohmann/detail/abi_macros.hpp(65,5): note: expanded from macro 'NLOHMANN_JSON_ABI_TAGS'
[build]    65 |     NLOHMANN_JSON_ABI_TAGS_CONCAT(                                   \
[build]       |     ^
[build] C:\Users\pperv\code\unnamed_rpg\vendor\json\include\nlohmann/detail/abi_macros.hpp(62,42): note: expanded from macro 'NLOHMANN_JSON_ABI_TAGS_CONCAT'
[build]    62 |     NLOHMANN_JSON_ABI_TAGS_CONCAT_EX(a, b, c)
[build]       |                                          ^
[build] In file included from C:\Users\pperv\code\unnamed_rpg\vendor\json-schema-validator\src\json-schema-draft7.json.cpp:9:
[build] In file included from C:\Users\pperv\code\unnamed_rpg\vendor\json\include\nlohmann/json.hpp:68:
[build] C:\Users\pperv\code\unnamed_rpg\vendor\json\include\nlohmann/detail/output/binary_writer.hpp(27,1): warning: empty macro arguments are incompatible with C++98 [-Wc++98-compat-pedantic]
[build] C:\Users\pperv\code\unnamed_rpg\vendor\json\include\nlohmann/detail/abi_macros.hpp(102,17): note: expanded from macro 'NLOHMANN_JSON_NAMESPACE_BEGIN'
[build]   102 |                 NLOHMANN_JSON_ABI_TAGS,              \
[build]       |                 ^
[build] C:\Users\pperv\code\unnamed_rpg\vendor\json\include\nlohmann/detail/abi_macros.hpp(65,5): note: expanded from macro 'NLOHMANN_JSON_ABI_TAGS'
[build]    65 |     NLOHMANN_JSON_ABI_TAGS_CONCAT(                                   \
[build]       |     ^
[build] C:\Users\pperv\code\unnamed_rpg\vendor\json\include\nlohmann/detail/abi_macros.hpp(62,45): note: expanded from macro 'NLOHMANN_JSON_ABI_TAGS_CONCAT'
[build]    62 |     NLOHMANN_JSON_ABI_TAGS_CONCAT_EX(a, b, c)
[build]       |                                             ^
[build] In file included from C:\Users\pperv\code\unnamed_rpg\vendor\json-schema-validator\src\json-schema-draft7.json.cpp:9:
[build] In file included from C:\Users\pperv\code\unnamed_rpg\vendor\json\include\nlohmann/json.hpp:68:
[build] C:\Users\pperv\code\unnamed_rpg\vendor\json\include\nlohmann/detail/output/binary_writer.hpp(27,1): warning: inline namespaces are incompatible with C++98 [-Wc++98-compat]
[build] C:\Users\pperv\code\unnamed_rpg\vendor\json\include\nlohmann/detail/abi_macros.hpp(101,5): note: expanded from macro 'NLOHMANN_JSON_NAMESPACE_BEGIN'
[build]   101 |     inline namespace NLOHMANN_JSON_NAMESPACE_CONCAT( \
[build]       |     ^
[build] In file included from C:\Users\pperv\code\unnamed_rpg\vendor\json-schema-validator\src\json-schema-draft7.json.cpp:9:
[build] In file included from C:\Users\pperv\code\unnamed_rpg\vendor\json\include\nlohmann/json.hpp:68:
[build] C:\Users\pperv\code\unnamed_rpg\vendor\json\include\nlohmann/detail/output/binary_writer.hpp(32,6): warning: scoped enumerations are incompatible with C++98 [-Wc++98-compat]
[build]    32 | enum class bjdata_version_t
[build]       |      ^
[build] C:\Users\pperv\code\unnamed_rpg\vendor\json\include\nlohmann/detail/output/binary_writer.hpp(35,11): warning: commas at the end of enumerator lists are incompatible with C++98 [-Wc++98-compat-pedantic]
[build]    35 |     draft3,
[build]       |           ^
[build] C:\Users\pperv\code\unnamed_rpg\vendor\json\include\nlohmann/detail/output/binary_writer.hpp(48,22): warning: alias declarations are incompatible with C++98 [-Wc++98-compat]
[build]    48 |     using string_t = typename BasicJsonType::string_t;
[build]       |                      ^
[build] C:\Users\pperv\code\unnamed_rpg\vendor\json\include\nlohmann/detail/output/binary_writer.hpp(49,22): warning: alias declarations are incompatible with C++98 [-Wc++98-compat]
[build]    49 |     using binary_t = typename BasicJsonType::binary_t;
[build]       |                      ^
[build] C:\Users\pperv\code\unnamed_rpg\vendor\json\include\nlohmann/detail/output/binary_writer.hpp(50,28): warning: alias declarations are incompatible with C++98 [-Wc++98-compat]
[build]    50 |     using number_float_t = typename BasicJsonType::number_float_t;
[build]       |                            ^
[build] C:\Users\pperv\code\unnamed_rpg\vendor\json\include\nlohmann/detail/output/binary_writer.hpp(1099,12): warning: 'constexpr' specifier is incompatible with C++98 [-Wc++98-compat]
[build]  1099 |     static constexpr std::size_t calc_bson_unsigned_size(const std::uint64_t value) noexcept
[build]       |            ^
[build] C:\Users\pperv\code\unnamed_rpg\vendor\json\include\nlohmann/detail/output/binary_writer.hpp(1100,5): warning: noexcept specifications are incompatible with C++98 [-Wc++98-compat]
[build]  1100 |     {
[build]       |     ^
[build] C:\Users\pperv\code\unnamed_rpg\vendor\json\include\nlohmann/detail/output/binary_writer.hpp(1325,12): warning: 'constexpr' specifier is incompatible with C++98 [-Wc++98-compat]
[build]  1325 |     static constexpr CharType get_cbor_float_prefix(float /*unused*/)
[build]       |            ^
[build] C:\Users\pperv\code\unnamed_rpg\vendor\json\include\nlohmann/detail/output/binary_writer.hpp(1330,12): warning: 'constexpr' specifier is incompatible with C++98 [-Wc++98-compat]
[build]  1330 |     static constexpr CharType get_cbor_float_prefix(double /*unused*/)
[build]       |            ^
[build] C:\Users\pperv\code\unnamed_rpg\vendor\json\include\nlohmann/detail/output/binary_writer.hpp(1339,12): warning: 'constexpr' specifier is incompatible with C++98 [-Wc++98-compat]
[build]  1339 |     static constexpr CharType get_msgpack_float_prefix(float /*unused*/)
[build]       |            ^
[build] C:\Users\pperv\code\unnamed_rpg\vendor\json\include\nlohmann/detail/output/binary_writer.hpp(1344,12): warning: 'constexpr' specifier is incompatible with C++98 [-Wc++98-compat]
[build]  1344 |     static constexpr CharType get_msgpack_float_prefix(double /*unused*/)
[build]       |            ^
[build] C:\Users\pperv\code\unnamed_rpg\vendor\json\include\nlohmann/detail/output/binary_writer.hpp(1355,72): warning: default template arguments for a function template are incompatible with C++98 [-Wc++98-compat]
[build]  1355 |                  std::is_floating_point<NumberType>::value, int>::type = 0>
[build]       |                                                                        ^ ~
[build] C:\Users\pperv\code\unnamed_rpg\vendor\json\include\nlohmann/detail/output/binary_writer.hpp(1369,66): warning: default template arguments for a function template are incompatible with C++98 [-Wc++98-compat]
[build]  1369 |                  std::is_unsigned<NumberType>::value, int>::type = 0>
[build]       |                                                                  ^ ~
[build] C:\Users\pperv\code\unnamed_rpg\vendor\json\include\nlohmann/detail/output/binary_writer.hpp(1457,76): warning: default template arguments for a function template are incompatible with C++98 [-Wc++98-compat]
[build]  1457 |                    !std::is_floating_point<NumberType>::value, int >::type = 0 >
[build]       |                                                                            ^ ~
[build] C:\Users\pperv\code\unnamed_rpg\vendor\json\include\nlohmann/detail/output/binary_writer.hpp(1540,5): warning: noexcept specifications are incompatible with C++98 [-Wc++98-compat]
[build]  1540 |     {
[build]       |     ^
[build] C:\Users\pperv\code\unnamed_rpg\vendor\json\include\nlohmann/detail/output/binary_writer.hpp(1640,12): warning: 'constexpr' specifier is incompatible with C++98 [-Wc++98-compat]
[build]  1640 |     static constexpr CharType get_ubjson_float_prefix(float /*unused*/)
[build]       |            ^
[build] C:\Users\pperv\code\unnamed_rpg\vendor\json\include\nlohmann/detail/output/binary_writer.hpp(1645,12): warning: 'constexpr' specifier is incompatible with C++98 [-Wc++98-compat]
[build]  1645 |     static constexpr CharType get_ubjson_float_prefix(double /*unused*/)
[build]       |            ^
[build] C:\Users\pperv\code\unnamed_rpg\vendor\json\include\nlohmann/detail/output/binary_writer.hpp(1874,92): warning: 'nullptr' is incompatible with C++98 [-Wc++98-compat]
[build]  1874 |                enable_if_t < std::is_signed<C>::value && std::is_signed<char>::value > * = nullptr >
[build]       |                                                                                            ^
[build] C:\Users\pperv\code\unnamed_rpg\vendor\json\include\nlohmann/detail/output/binary_writer.hpp(1875,12): warning: 'constexpr' specifier is incompatible with C++98 [-Wc++98-compat]
[build]  1875 |     static constexpr CharType to_char_type(std::uint8_t x) noexcept
[build]       |            ^
[build] C:\Users\pperv\code\unnamed_rpg\vendor\json\include\nlohmann/detail/output/binary_writer.hpp(1876,5): warning: noexcept specifications are incompatible with C++98 [-Wc++98-compat]
[build]  1876 |     {
[build]       |     ^
[build] C:\Users\pperv\code\unnamed_rpg\vendor\json\include\nlohmann/detail/output/binary_writer.hpp(1873,25): warning: default template arguments for a function template are incompatible with C++98 [-Wc++98-compat]
[build]  1873 |     template < typename C = CharType,
[build]       |                         ^   ~~~~~~~~
[build] C:\Users\pperv\code\unnamed_rpg\vendor\json\include\nlohmann/detail/output/binary_writer.hpp(1874,90): warning: default template arguments for a function template are incompatible with C++98 [-Wc++98-compat]
[build]  1874 |                enable_if_t < std::is_signed<C>::value && std::is_signed<char>::value > * = nullptr >
[build]       |                                                                                          ^ ~~~~~~~
[build] C:\Users\pperv\code\unnamed_rpg\vendor\json\include\nlohmann/detail/output/binary_writer.hpp(1881,94): warning: 'nullptr' is incompatible with C++98 [-Wc++98-compat]
[build]  1881 |                enable_if_t < std::is_signed<C>::value && std::is_unsigned<char>::value > * = nullptr >
[build]       |                                                                                              ^
[build] C:\Users\pperv\code\unnamed_rpg\vendor\json\include\nlohmann/detail/output/binary_writer.hpp(1883,5): warning: noexcept specifications are incompatible with C++98 [-Wc++98-compat]
[build]  1883 |     {
[build]       |     ^
[build] C:\Users\pperv\code\unnamed_rpg\vendor\json\include\nlohmann/detail/output/binary_writer.hpp(1880,25): warning: default template arguments for a function template are incompatible with C++98 [-Wc++98-compat]
[build]  1880 |     template < typename C = CharType,
[build]       |                         ^   ~~~~~~~~
[build] C:\Users\pperv\code\unnamed_rpg\vendor\json\include\nlohmann/detail/output/binary_writer.hpp(1881,92): warning: default template arguments for a function template are incompatible with C++98 [-Wc++98-compat]
[build]  1881 |                enable_if_t < std::is_signed<C>::value && std::is_unsigned<char>::value > * = nullptr >
[build]       |                                                                                            ^ ~~~~~~~
[build] C:\Users\pperv\code\unnamed_rpg\vendor\json\include\nlohmann/detail/output/binary_writer.hpp(1905,57): warning: 'nullptr' is incompatible with C++98 [-Wc++98-compat]
[build]  1905 |              enable_if_t<std::is_unsigned<C>::value>* = nullptr>
[build]       |                                                         ^
[build] C:\Users\pperv\code\unnamed_rpg\vendor\json\include\nlohmann/detail/output/binary_writer.hpp(1906,12): warning: 'constexpr' specifier is incompatible with C++98 [-Wc++98-compat]
[build]  1906 |     static constexpr CharType to_char_type(std::uint8_t x) noexcept
[build]       |            ^
[build] C:\Users\pperv\code\unnamed_rpg\vendor\json\include\nlohmann/detail/output/binary_writer.hpp(1907,5): warning: noexcept specifications are incompatible with C++98 [-Wc++98-compat]
[build]  1907 |     {
[build]       |     ^
[build] C:\Users\pperv\code\unnamed_rpg\vendor\json\include\nlohmann/detail/output/binary_writer.hpp(1904,23): warning: default template arguments for a function template are incompatible with C++98 [-Wc++98-compat]
[build]  1904 |     template<typename C = CharType,
[build]       |                       ^   ~~~~~~~~
[build] C:\Users\pperv\code\unnamed_rpg\vendor\json\include\nlohmann/detail/output/binary_writer.hpp(1905,55): warning: default template arguments for a function template are incompatible with C++98 [-Wc++98-compat]
[build]  1905 |              enable_if_t<std::is_unsigned<C>::value>* = nullptr>
[build]       |                                                       ^ ~~~~~~~
[build] C:\Users\pperv\code\unnamed_rpg\vendor\json\include\nlohmann/detail/output/binary_writer.hpp(1916,26): warning: 'nullptr' is incompatible with C++98 [-Wc++98-compat]
[build]  1916 |                    > * = nullptr >
[build]       |                          ^
[build] C:\Users\pperv\code\unnamed_rpg\vendor\json\include\nlohmann/detail/output/binary_writer.hpp(1917,12): warning: 'constexpr' specifier is incompatible with C++98 [-Wc++98-compat]
[build]  1917 |     static constexpr CharType to_char_type(InputCharType x) noexcept
[build]       |            ^
[build] C:\Users\pperv\code\unnamed_rpg\vendor\json\include\nlohmann/detail/output/binary_writer.hpp(1918,5): warning: noexcept specifications are incompatible with C++98 [-Wc++98-compat]
[build]  1918 |     {
[build]       |     ^
[build] C:\Users\pperv\code\unnamed_rpg\vendor\json\include\nlohmann/detail/output/binary_writer.hpp(1911,49): warning: default template arguments for a function template are incompatible with C++98 [-Wc++98-compat]
[build]  1911 |     template < typename InputCharType, typename C = CharType,
[build]       |                                                 ^   ~~~~~~~~
[build] C:\Users\pperv\code\unnamed_rpg\vendor\json\include\nlohmann/detail/output/binary_writer.hpp(1916,24): warning: default template arguments for a function template are incompatible with C++98 [-Wc++98-compat]
[build]  1916 |                    > * = nullptr >
[build]       |                        ^ ~~~~~~~
[build] C:\Users\pperv\code\unnamed_rpg\vendor\json\include\nlohmann/detail/output/binary_writer.hpp(1924,33): warning: default member initializer for non-static data members is incompatible with C++98 [-Wc++98-compat]
[build]  1924 |     const bool is_little_endian = little_endianness();
[build]       |                                 ^
[build] C:\Users\pperv\code\unnamed_rpg\vendor\json\include\nlohmann/detail/output/binary_writer.hpp(1927,35): warning: default member initializer for non-static data members is incompatible with C++98 [-Wc++98-compat]
[build]  1927 |     output_adapter_t<CharType> oa = nullptr;
[build]       |                                   ^
[build] C:\Users\pperv\code\unnamed_rpg\vendor\json\include\nlohmann/detail/output/binary_writer.hpp(749,94): warning: enumeration type in nested name specifier is incompatible with C++98 [-Wc++98-compat]
[build]   749 |                       const bool use_bjdata = false, const bjdata_version_t bjdata_version = bjdata_version_t::draft2)
[build]       |                                                                                              ^
[build] C:\Users\pperv\code\unnamed_rpg\vendor\json\include\nlohmann/detail/output/binary_writer.hpp(1927,37): warning: 'nullptr' is incompatible with C++98 [-Wc++98-compat]
[build]  1927 |     output_adapter_t<CharType> oa = nullptr;
[build]       |                                     ^
[build] In file included from C:\Users\pperv\code\unnamed_rpg\vendor\json-schema-validator\src\json-schema-draft7.json.cpp:9:
[build] In file included from C:\Users\pperv\code\unnamed_rpg\vendor\json\include\nlohmann/json.hpp:70:
[build] In file included from C:\Users\pperv\code\unnamed_rpg\vendor\json\include\nlohmann/detail/output/serializer.hpp:25:
[build] C:\Users\pperv\code\unnamed_rpg\vendor\json\include\nlohmann/detail/conversions/to_chars.hpp(21,1): warning: empty macro arguments are incompatible with C++98 [-Wc++98-compat-pedantic]
[build]    21 | NLOHMANN_JSON_NAMESPACE_BEGIN
[build]       | ^
[build] C:\Users\pperv\code\unnamed_rpg\vendor\json\include\nlohmann/detail/abi_macros.hpp(102,17): note: expanded from macro 'NLOHMANN_JSON_NAMESPACE_BEGIN'
[build]   102 |                 NLOHMANN_JSON_ABI_TAGS,              \
[build]       |                 ^
[build] C:\Users\pperv\code\unnamed_rpg\vendor\json\include\nlohmann/detail/abi_macros.hpp(65,5): note: expanded from macro 'NLOHMANN_JSON_ABI_TAGS'
[build]    65 |     NLOHMANN_JSON_ABI_TAGS_CONCAT(                                   \
[build]       |     ^
[build] C:\Users\pperv\code\unnamed_rpg\vendor\json\include\nlohmann/detail/abi_macros.hpp(62,39): note: expanded from macro 'NLOHMANN_JSON_ABI_TAGS_CONCAT'
[build]    62 |     NLOHMANN_JSON_ABI_TAGS_CONCAT_EX(a, b, c)
[build]       |                                       ^
[build] In file included from C:\Users\pperv\code\unnamed_rpg\vendor\json-schema-validator\src\json-schema-draft7.json.cpp:9:
[build] In file included from C:\Users\pperv\code\unnamed_rpg\vendor\json\include\nlohmann/json.hpp:70:
[build] In file included from C:\Users\pperv\code\unnamed_rpg\vendor\json\include\nlohmann/detail/output/serializer.hpp:25:
[build] C:\Users\pperv\code\unnamed_rpg\vendor\json\include\nlohmann/detail/conversions/to_chars.hpp(21,1): warning: empty macro arguments are incompatible with C++98 [-Wc++98-compat-pedantic]
[build] C:\Users\pperv\code\unnamed_rpg\vendor\json\include\nlohmann/detail/abi_macros.hpp(102,17): note: expanded from macro 'NLOHMANN_JSON_NAMESPACE_BEGIN'
[build]   102 |                 NLOHMANN_JSON_ABI_TAGS,              \
[build]       |                 ^
[build] C:\Users\pperv\code\unnamed_rpg\vendor\json\include\nlohmann/detail/abi_macros.hpp(65,5): note: expanded from macro 'NLOHMANN_JSON_ABI_TAGS'
[build]    65 |     NLOHMANN_JSON_ABI_TAGS_CONCAT(                                   \
[build]       |     ^
[build] C:\Users\pperv\code\unnamed_rpg\vendor\json\include\nlohmann/detail/abi_macros.hpp(62,42): note: expanded from macro 'NLOHMANN_JSON_ABI_TAGS_CONCAT'
[build]    62 |     NLOHMANN_JSON_ABI_TAGS_CONCAT_EX(a, b, c)
[build]       |                                          ^
[build] In file included from C:\Users\pperv\code\unnamed_rpg\vendor\json-schema-validator\src\json-schema-draft7.json.cpp:9:
[build] In file included from C:\Users\pperv\code\unnamed_rpg\vendor\json\include\nlohmann/json.hpp:70:
[build] In file included from C:\Users\pperv\code\unnamed_rpg\vendor\json\include\nlohmann/detail/output/serializer.hpp:25:
[build] C:\Users\pperv\code\unnamed_rpg\vendor\json\include\nlohmann/detail/conversions/to_chars.hpp(21,1): warning: empty macro arguments are incompatible with C++98 [-Wc++98-compat-pedantic]
[build] C:\Users\pperv\code\unnamed_rpg\vendor\json\include\nlohmann/detail/abi_macros.hpp(102,17): note: expanded from macro 'NLOHMANN_JSON_NAMESPACE_BEGIN'
[build]   102 |                 NLOHMANN_JSON_ABI_TAGS,              \
[build]       |                 ^
[build] C:\Users\pperv\code\unnamed_rpg\vendor\json\include\nlohmann/detail/abi_macros.hpp(65,5): note: expanded from macro 'NLOHMANN_JSON_ABI_TAGS'
[build]    65 |     NLOHMANN_JSON_ABI_TAGS_CONCAT(                                   \
[build]       |     ^
[build] C:\Users\pperv\code\unnamed_rpg\vendor\json\include\nlohmann/detail/abi_macros.hpp(62,45): note: expanded from macro 'NLOHMANN_JSON_ABI_TAGS_CONCAT'
[build]    62 |     NLOHMANN_JSON_ABI_TAGS_CONCAT_EX(a, b, c)
[build]       |                                             ^
[build] In file included from C:\Users\pperv\code\unnamed_rpg\vendor\json-schema-validator\src\json-schema-draft7.json.cpp:9:
[build] In file included from C:\Users\pperv\code\unnamed_rpg\vendor\json\include\nlohmann/json.hpp:70:
[build] In file included from C:\Users\pperv\code\unnamed_rpg\vendor\json\include\nlohmann/detail/output/serializer.hpp:25:
[build] C:\Users\pperv\code\unnamed_rpg\vendor\json\include\nlohmann/detail/conversions/to_chars.hpp(21,1): warning: inline namespaces are incompatible with C++98 [-Wc++98-compat]
[build] C:\Users\pperv\code\unnamed_rpg\vendor\json\include\nlohmann/detail/abi_macros.hpp(101,5): note: expanded from macro 'NLOHMANN_JSON_NAMESPACE_BEGIN'
[build]   101 |     inline namespace NLOHMANN_JSON_NAMESPACE_CONCAT( \
[build]       |     ^
[build] In file included from C:\Users\pperv\code\unnamed_rpg\vendor\json-schema-validator\src\json-schema-draft7.json.cpp:9:
[build] In file included from C:\Users\pperv\code\unnamed_rpg\vendor\json\include\nlohmann/json.hpp:70:
[build] In file included from C:\Users\pperv\code\unnamed_rpg\vendor\json\include\nlohmann/detail/output/serializer.hpp:25:
[build] C:\Users\pperv\code\unnamed_rpg\vendor\json\include\nlohmann/detail/conversions/to_chars.hpp(59,12): warning: 'constexpr' specifier is incompatible with C++98 [-Wc++98-compat]
[build]    59 |     static constexpr int kPrecision = 64; // = q
[build]       |            ^
[build] C:\Users\pperv\code\unnamed_rpg\vendor\json\include\nlohmann/detail/conversions/to_chars.hpp(61,21): warning: default member initializer for non-static data members is incompatible with C++98 [-Wc++98-compat]
[build]    61 |     std::uint64_t f = 0;
[build]       |                     ^
[build] C:\Users\pperv\code\unnamed_rpg\vendor\json\include\nlohmann/detail/conversions/to_chars.hpp(62,11): warning: default member initializer for non-static data members is incompatible with C++98 [-Wc++98-compat]
[build]    62 |     int e = 0;
[build]       |           ^
[build] C:\Users\pperv\code\unnamed_rpg\vendor\json\include\nlohmann/detail/conversions/to_chars.hpp(64,5): warning: 'constexpr' specifier is incompatible with C++98 [-Wc++98-compat]
[build]    64 |     constexpr diyfp(std::uint64_t f_, int e_) noexcept : f(f_), e(e_) {}
[build]       |     ^
[build] C:\Users\pperv\code\unnamed_rpg\vendor\json\include\nlohmann/detail/conversions/to_chars.hpp(64,56): warning: noexcept specifications are incompatible with C++98 [-Wc++98-compat]
[build]    64 |     constexpr diyfp(std::uint64_t f_, int e_) noexcept : f(f_), e(e_) {}
[build]       |                                                        ^
[build] C:\Users\pperv\code\unnamed_rpg\vendor\json\include\nlohmann/detail/conversions/to_chars.hpp(71,5): warning: noexcept specifications are incompatible with C++98 [-Wc++98-compat]
[build]    71 |     {
[build]       |     ^
[build] C:\Users\pperv\code\unnamed_rpg\vendor\json\include\nlohmann/detail/conversions/to_chars.hpp(83,5): warning: noexcept specifications are incompatible with C++98 [-Wc++98-compat]
[build]    83 |     {
[build]       |     ^
[build] C:\Users\pperv\code\unnamed_rpg\vendor\json\include\nlohmann/detail/conversions/to_chars.hpp(148,5): warning: noexcept specifications are incompatible with C++98 [-Wc++98-compat]
[build]   148 |     {
[build]       |     ^
[build] C:\Users\pperv\code\unnamed_rpg\vendor\json\include\nlohmann/detail/conversions/to_chars.hpp(165,5): warning: noexcept specifications are incompatible with C++98 [-Wc++98-compat]
[build]   165 |     {
[build]       |     ^
[build] C:\Users\pperv\code\unnamed_rpg\vendor\json\include\nlohmann/detail/conversions/to_chars.hpp(57,8): warning: padding size of 'nlohmann::detail::dtoa_impl::diyfp' with 4 bytes to alignment boundary [-Wpadded]
[build]    57 | struct diyfp // f * 2^e
[build]       |        ^
[build] C:\Users\pperv\code\unnamed_rpg\vendor\json\include\nlohmann/detail/conversions/to_chars.hpp(75,16): warning: generalized initializer lists are incompatible with C++98 [-Wc++98-compat]
[build]    75 |         return {x.f - y.f, x.e};
[build]       |                ^~~~~~~~~~~~~~~~
[build] C:\Users\pperv\code\unnamed_rpg\vendor\json\include\nlohmann/detail/conversions/to_chars.hpp(75,16): warning: constructor call from initializer list is incompatible with C++98 [-Wc++98-compat]
[build]    75 |         return {x.f - y.f, x.e};
[build]       |                ^~~~~~~~~~~~~~~~
[build] C:\Users\pperv\code\unnamed_rpg\vendor\json\include\nlohmann/detail/conversions/to_chars.hpp(84,9): warning: 'static_assert' declarations are incompatible with C++98 [-Wc++98-compat]
[build]    84 |         static_assert(kPrecision == 64, "internal error");
[build]       |         ^
[build] C:\Users\pperv\code\unnamed_rpg\vendor\json\include\nlohmann/detail/conversions/to_chars.hpp(136,27): warning: generalized initializer lists are incompatible with C++98 [-Wc++98-compat]
[build]   136 |         Q += std::uint64_t{1} << (64u - 32u - 1u); // round, ties up
[build]       |                           ^
[build] C:\Users\pperv\code\unnamed_rpg\vendor\json\include\nlohmann/detail/conversions/to_chars.hpp(140,16): warning: generalized initializer lists are incompatible with C++98 [-Wc++98-compat]
[build]   140 |         return {h, x.e + y.e + 64};
[build]       |                ^~~~~~~~~~~~~~~~~~~
[build] C:\Users\pperv\code\unnamed_rpg\vendor\json\include\nlohmann/detail/conversions/to_chars.hpp(140,16): warning: constructor call from initializer list is incompatible with C++98 [-Wc++98-compat]
[build]   140 |         return {h, x.e + y.e + 64};
[build]       |                ^~~~~~~~~~~~~~~~~~~
[build] C:\Users\pperv\code\unnamed_rpg\vendor\json\include\nlohmann/detail/conversions/to_chars.hpp(171,16): warning: generalized initializer lists are incompatible with C++98 [-Wc++98-compat]
[build]   171 |         return {x.f << delta, target_exponent};
[build]       |                ^~~~~~~~~~~~~~~~~~~~~~~~~~~~~~~
[build] C:\Users\pperv\code\unnamed_rpg\vendor\json\include\nlohmann/detail/conversions/to_chars.hpp(171,16): warning: constructor call from initializer list is incompatible with C++98 [-Wc++98-compat]
[build]   171 |         return {x.f << delta, target_exponent};
[build]       |                ^~~~~~~~~~~~~~~~~~~~~~~~~~~~~~~
[build] C:\Users\pperv\code\unnamed_rpg\vendor\json\include\nlohmann/detail/conversions/to_chars.hpp(311,1): warning: 'constexpr' specifier is incompatible with C++98 [-Wc++98-compat]
[build]   311 | constexpr int kAlpha = -60;
[build]       | ^
[build] C:\Users\pperv\code\unnamed_rpg\vendor\json\include\nlohmann/detail/conversions/to_chars.hpp(312,1): warning: 'constexpr' specifier is incompatible with C++98 [-Wc++98-compat]
[build]   312 | constexpr int kGamma = -32;
[build]       | ^
[build] C:\Users\pperv\code\unnamed_rpg\vendor\json\include\nlohmann/detail/conversions/to_chars.hpp(380,5): warning: 'constexpr' specifier is incompatible with C++98 [-Wc++98-compat]
[build]   380 |     constexpr int kCachedPowersMinDecExp = -300;
[build]       |     ^
[build] C:\Users\pperv\code\unnamed_rpg\vendor\json\include\nlohmann/detail/conversions/to_chars.hpp(381,5): warning: 'constexpr' specifier is incompatible with C++98 [-Wc++98-compat]
[build]   381 |     constexpr int kCachedPowersDecStep = 8;
[build]       |     ^
[build] C:\Users\pperv\code\unnamed_rpg\vendor\json\include\nlohmann/detail/conversions/to_chars.hpp(383,12): warning: 'constexpr' specifier is incompatible with C++98 [-Wc++98-compat]
[build]   383 |     static constexpr std::array<cached_power, 79> kCachedPowers =
[build]       |            ^
[build] C:\Users\pperv\code\unnamed_rpg\vendor\json\include\nlohmann/detail/conversions/to_chars.hpp(386,15): warning: 'long long' is incompatible with C++98 [-Wc++98-compat-pedantic]
[build]   386 |             { 0xAB70FE17C79AC6CA, -1060, -300 },
[build]       |               ^
[build] C:\Users\pperv\code\unnamed_rpg\vendor\json\include\nlohmann/detail/conversions/to_chars.hpp(387,15): warning: 'long long' is incompatible with C++98 [-Wc++98-compat-pedantic]
[build]   387 |             { 0xFF77B1FCBEBCDC4F, -1034, -292 },
[build]       |               ^
[build] C:\Users\pperv\code\unnamed_rpg\vendor\json\include\nlohmann/detail/conversions/to_chars.hpp(388,15): warning: 'long long' is incompatible with C++98 [-Wc++98-compat-pedantic]
[build]   388 |             { 0xBE5691EF416BD60C, -1007, -284 },
[build]       |               ^
[build] C:\Users\pperv\code\unnamed_rpg\vendor\json\include\nlohmann/detail/conversions/to_chars.hpp(389,15): warning: 'long long' is incompatible with C++98 [-Wc++98-compat-pedantic]
[build]   389 |             { 0x8DD01FAD907FFC3C,  -980, -276 },
[build]       |               ^
[build] C:\Users\pperv\code\unnamed_rpg\vendor\json\include\nlohmann/detail/conversions/to_chars.hpp(390,15): warning: 'long long' is incompatible with C++98 [-Wc++98-compat-pedantic]
[build]   390 |             { 0xD3515C2831559A83,  -954, -268 },
[build]       |               ^
[build] C:\Users\pperv\code\unnamed_rpg\vendor\json\include\nlohmann/detail/conversions/to_chars.hpp(391,15): warning: 'long long' is incompatible with C++98 [-Wc++98-compat-pedantic]
[build]   391 |             { 0x9D71AC8FADA6C9B5,  -927, -260 },
[build]       |               ^
[build] C:\Users\pperv\code\unnamed_rpg\vendor\json\include\nlohmann/detail/conversions/to_chars.hpp(392,15): warning: 'long long' is incompatible with C++98 [-Wc++98-compat-pedantic]
[build]   392 |             { 0xEA9C227723EE8BCB,  -901, -252 },
[build]       |               ^
[build] C:\Users\pperv\code\unnamed_rpg\vendor\json\include\nlohmann/detail/conversions/to_chars.hpp(393,15): warning: 'long long' is incompatible with C++98 [-Wc++98-compat-pedantic]
[build]   393 |             { 0xAECC49914078536D,  -874, -244 },
[build]       |               ^
[build] C:\Users\pperv\code\unnamed_rpg\vendor\json\include\nlohmann/detail/conversions/to_chars.hpp(394,15): warning: 'long long' is incompatible with C++98 [-Wc++98-compat-pedantic]
[build]   394 |             { 0x823C12795DB6CE57,  -847, -236 },
[build]       |               ^
[build] C:\Users\pperv\code\unnamed_rpg\vendor\json\include\nlohmann/detail/conversions/to_chars.hpp(395,15): warning: 'long long' is incompatible with C++98 [-Wc++98-compat-pedantic]
[build]   395 |             { 0xC21094364DFB5637,  -821, -228 },
[build]       |               ^
[build] C:\Users\pperv\code\unnamed_rpg\vendor\json\include\nlohmann/detail/conversions/to_chars.hpp(396,15): warning: 'long long' is incompatible with C++98 [-Wc++98-compat-pedantic]
[build]   396 |             { 0x9096EA6F3848984F,  -794, -220 },
[build]       |               ^
[build] C:\Users\pperv\code\unnamed_rpg\vendor\json\include\nlohmann/detail/conversions/to_chars.hpp(397,15): warning: 'long long' is incompatible with C++98 [-Wc++98-compat-pedantic]
[build]   397 |             { 0xD77485CB25823AC7,  -768, -212 },
[build]       |               ^
[build] C:\Users\pperv\code\unnamed_rpg\vendor\json\include\nlohmann/detail/conversions/to_chars.hpp(398,15): warning: 'long long' is incompatible with C++98 [-Wc++98-compat-pedantic]
[build]   398 |             { 0xA086CFCD97BF97F4,  -741, -204 },
[build]       |               ^
[build] C:\Users\pperv\code\unnamed_rpg\vendor\json\include\nlohmann/detail/conversions/to_chars.hpp(399,15): warning: 'long long' is incompatible with C++98 [-Wc++98-compat-pedantic]
[build]   399 |             { 0xEF340A98172AACE5,  -715, -196 },
[build]       |               ^
[build] C:\Users\pperv\code\unnamed_rpg\vendor\json\include\nlohmann/detail/conversions/to_chars.hpp(400,15): warning: 'long long' is incompatible with C++98 [-Wc++98-compat-pedantic]
[build]   400 |             { 0xB23867FB2A35B28E,  -688, -188 },
[build]       |               ^
[build] C:\Users\pperv\code\unnamed_rpg\vendor\json\include\nlohmann/detail/conversions/to_chars.hpp(401,15): warning: 'long long' is incompatible with C++98 [-Wc++98-compat-pedantic]
[build]   401 |             { 0x84C8D4DFD2C63F3B,  -661, -180 },
[build]       |               ^
[build] C:\Users\pperv\code\unnamed_rpg\vendor\json\include\nlohmann/detail/conversions/to_chars.hpp(402,15): warning: 'long long' is incompatible with C++98 [-Wc++98-compat-pedantic]
[build]   402 |             { 0xC5DD44271AD3CDBA,  -635, -172 },
[build]       |               ^
[build] C:\Users\pperv\code\unnamed_rpg\vendor\json\include\nlohmann/detail/conversions/to_chars.hpp(403,15): warning: 'long long' is incompatible with C++98 [-Wc++98-compat-pedantic]
[build]   403 |             { 0x936B9FCEBB25C996,  -608, -164 },
[build]       |               ^
[build] C:\Users\pperv\code\unnamed_rpg\vendor\json\include\nlohmann/detail/conversions/to_chars.hpp(404,15): warning: 'long long' is incompatible with C++98 [-Wc++98-compat-pedantic]
[build]   404 |             { 0xDBAC6C247D62A584,  -582, -156 },
[build]       |               ^
[build] C:\Users\pperv\code\unnamed_rpg\vendor\json\include\nlohmann/detail/conversions/to_chars.hpp(405,15): warning: 'long long' is incompatible with C++98 [-Wc++98-compat-pedantic]
[build]   405 |             { 0xA3AB66580D5FDAF6,  -555, -148 },
[build]       |               ^
[build] C:\Users\pperv\code\unnamed_rpg\vendor\json\include\nlohmann/detail/conversions/to_chars.hpp(406,15): warning: 'long long' is incompatible with C++98 [-Wc++98-compat-pedantic]
[build]   406 |             { 0xF3E2F893DEC3F126,  -529, -140 },
[build]       |               ^
[build] C:\Users\pperv\code\unnamed_rpg\vendor\json\include\nlohmann/detail/conversions/to_chars.hpp(407,15): warning: 'long long' is incompatible with C++98 [-Wc++98-compat-pedantic]
[build]   407 |             { 0xB5B5ADA8AAFF80B8,  -502, -132 },
[build]       |               ^
[build] C:\Users\pperv\code\unnamed_rpg\vendor\json\include\nlohmann/detail/conversions/to_chars.hpp(408,15): warning: 'long long' is incompatible with C++98 [-Wc++98-compat-pedantic]
[build]   408 |             { 0x87625F056C7C4A8B,  -475, -124 },
[build]       |               ^
[build] C:\Users\pperv\code\unnamed_rpg\vendor\json\include\nlohmann/detail/conversions/to_chars.hpp(409,15): warning: 'long long' is incompatible with C++98 [-Wc++98-compat-pedantic]
[build]   409 |             { 0xC9BCFF6034C13053,  -449, -116 },
[build]       |               ^
[build] C:\Users\pperv\code\unnamed_rpg\vendor\json\include\nlohmann/detail/conversions/to_chars.hpp(410,15): warning: 'long long' is incompatible with C++98 [-Wc++98-compat-pedantic]
[build]   410 |             { 0x964E858C91BA2655,  -422, -108 },
[build]       |               ^
[build] C:\Users\pperv\code\unnamed_rpg\vendor\json\include\nlohmann/detail/conversions/to_chars.hpp(411,15): warning: 'long long' is incompatible with C++98 [-Wc++98-compat-pedantic]
[build]   411 |             { 0xDFF9772470297EBD,  -396, -100 },
[build]       |               ^
[build] C:\Users\pperv\code\unnamed_rpg\vendor\json\include\nlohmann/detail/conversions/to_chars.hpp(412,15): warning: 'long long' is incompatible with C++98 [-Wc++98-compat-pedantic]
[build]   412 |             { 0xA6DFBD9FB8E5B88F,  -369,  -92 },
[build]       |               ^
[build] C:\Users\pperv\code\unnamed_rpg\vendor\json\include\nlohmann/detail/conversions/to_chars.hpp(413,15): warning: 'long long' is incompatible with C++98 [-Wc++98-compat-pedantic]
[build]   413 |             { 0xF8A95FCF88747D94,  -343,  -84 },
[build]       |               ^
[build] C:\Users\pperv\code\unnamed_rpg\vendor\json\include\nlohmann/detail/conversions/to_chars.hpp(414,15): warning: 'long long' is incompatible with C++98 [-Wc++98-compat-pedantic]
[build]   414 |             { 0xB94470938FA89BCF,  -316,  -76 },
[build]       |               ^
[build] C:\Users\pperv\code\unnamed_rpg\vendor\json\include\nlohmann/detail/conversions/to_chars.hpp(415,15): warning: 'long long' is incompatible with C++98 [-Wc++98-compat-pedantic]
[build]   415 |             { 0x8A08F0F8BF0F156B,  -289,  -68 },
[build]       |               ^
[build] C:\Users\pperv\code\unnamed_rpg\vendor\json\include\nlohmann/detail/conversions/to_chars.hpp(416,15): warning: 'long long' is incompatible with C++98 [-Wc++98-compat-pedantic]
[build]   416 |             { 0xCDB02555653131B6,  -263,  -60 },
[build]       |               ^
[build] C:\Users\pperv\code\unnamed_rpg\vendor\json\include\nlohmann/detail/conversions/to_chars.hpp(417,15): warning: 'long long' is incompatible with C++98 [-Wc++98-compat-pedantic]
[build]   417 |             { 0x993FE2C6D07B7FAC,  -236,  -52 },
[build]       |               ^
[build] C:\Users\pperv\code\unnamed_rpg\vendor\json\include\nlohmann/detail/conversions/to_chars.hpp(418,15): warning: 'long long' is incompatible with C++98 [-Wc++98-compat-pedantic]
[build]   418 |             { 0xE45C10C42A2B3B06,  -210,  -44 },
[build]       |               ^
[build] C:\Users\pperv\code\unnamed_rpg\vendor\json\include\nlohmann/detail/conversions/to_chars.hpp(419,15): warning: 'long long' is incompatible with C++98 [-Wc++98-compat-pedantic]
[build]   419 |             { 0xAA242499697392D3,  -183,  -36 },
[build]       |               ^
[build] C:\Users\pperv\code\unnamed_rpg\vendor\json\include\nlohmann/detail/conversions/to_chars.hpp(420,15): warning: 'long long' is incompatible with C++98 [-Wc++98-compat-pedantic]
[build]   420 |             { 0xFD87B5F28300CA0E,  -157,  -28 },
[build]       |               ^
[build] C:\Users\pperv\code\unnamed_rpg\vendor\json\include\nlohmann/detail/conversions/to_chars.hpp(421,15): warning: 'long long' is incompatible with C++98 [-Wc++98-compat-pedantic]
[build]   421 |             { 0xBCE5086492111AEB,  -130,  -20 },
[build]       |               ^
[build] C:\Users\pperv\code\unnamed_rpg\vendor\json\include\nlohmann/detail/conversions/to_chars.hpp(422,15): warning: 'long long' is incompatible with C++98 [-Wc++98-compat-pedantic]
[build]   422 |             { 0x8CBCCC096F5088CC,  -103,  -12 },
[build]       |               ^
[build] C:\Users\pperv\code\unnamed_rpg\vendor\json\include\nlohmann/detail/conversions/to_chars.hpp(423,15): warning: 'long long' is incompatible with C++98 [-Wc++98-compat-pedantic]
[build]   423 |             { 0xD1B71758E219652C,   -77,   -4 },
[build]       |               ^
[build] C:\Users\pperv\code\unnamed_rpg\vendor\json\include\nlohmann/detail/conversions/to_chars.hpp(424,15): warning: 'long long' is incompatible with C++98 [-Wc++98-compat-pedantic]
[build]   424 |             { 0x9C40000000000000,   -50,    4 },
[build]       |               ^
[build] C:\Users\pperv\code\unnamed_rpg\vendor\json\include\nlohmann/detail/conversions/to_chars.hpp(425,15): warning: 'long long' is incompatible with C++98 [-Wc++98-compat-pedantic]
[build]   425 |             { 0xE8D4A51000000000,   -24,   12 },
[build]       |               ^
[build] C:\Users\pperv\code\unnamed_rpg\vendor\json\include\nlohmann/detail/conversions/to_chars.hpp(426,15): warning: 'long long' is incompatible with C++98 [-Wc++98-compat-pedantic]
[build]   426 |             { 0xAD78EBC5AC620000,     3,   20 },
[build]       |               ^
[build] C:\Users\pperv\code\unnamed_rpg\vendor\json\include\nlohmann/detail/conversions/to_chars.hpp(427,15): warning: 'long long' is incompatible with C++98 [-Wc++98-compat-pedantic]
[build]   427 |             { 0x813F3978F8940984,    30,   28 },
[build]       |               ^
[build] C:\Users\pperv\code\unnamed_rpg\vendor\json\include\nlohmann/detail/conversions/to_chars.hpp(428,15): warning: 'long long' is incompatible with C++98 [-Wc++98-compat-pedantic]
[build]   428 |             { 0xC097CE7BC90715B3,    56,   36 },
[build]       |               ^
[build] C:\Users\pperv\code\unnamed_rpg\vendor\json\include\nlohmann/detail/conversions/to_chars.hpp(429,15): warning: 'long long' is incompatible with C++98 [-Wc++98-compat-pedantic]
[build]   429 |             { 0x8F7E32CE7BEA5C70,    83,   44 },
[build]       |               ^
[build] C:\Users\pperv\code\unnamed_rpg\vendor\json\include\nlohmann/detail/conversions/to_chars.hpp(430,15): warning: 'long long' is incompatible with C++98 [-Wc++98-compat-pedantic]
[build]   430 |             { 0xD5D238A4ABE98068,   109,   52 },
[build]       |               ^
[build] C:\Users\pperv\code\unnamed_rpg\vendor\json\include\nlohmann/detail/conversions/to_chars.hpp(431,15): warning: 'long long' is incompatible with C++98 [-Wc++98-compat-pedantic]
[build]   431 |             { 0x9F4F2726179A2245,   136,   60 },
[build]       |               ^
[build] C:\Users\pperv\code\unnamed_rpg\vendor\json\include\nlohmann/detail/conversions/to_chars.hpp(432,15): warning: 'long long' is incompatible with C++98 [-Wc++98-compat-pedantic]
[build]   432 |             { 0xED63A231D4C4FB27,   162,   68 },
[build]       |               ^
[build] C:\Users\pperv\code\unnamed_rpg\vendor\json\include\nlohmann/detail/conversions/to_chars.hpp(433,15): warning: 'long long' is incompatible with C++98 [-Wc++98-compat-pedantic]
[build]   433 |             { 0xB0DE65388CC8ADA8,   189,   76 },
[build]       |               ^
[build] C:\Users\pperv\code\unnamed_rpg\vendor\json\include\nlohmann/detail/conversions/to_chars.hpp(434,15): warning: 'long long' is incompatible with C++98 [-Wc++98-compat-pedantic]
[build]   434 |             { 0x83C7088E1AAB65DB,   216,   84 },
[build]       |               ^
[build] C:\Users\pperv\code\unnamed_rpg\vendor\json\include\nlohmann/detail/conversions/to_chars.hpp(435,15): warning: 'long long' is incompatible with C++98 [-Wc++98-compat-pedantic]
[build]   435 |             { 0xC45D1DF942711D9A,   242,   92 },
[build]       |               ^
[build] C:\Users\pperv\code\unnamed_rpg\vendor\json\include\nlohmann/detail/conversions/to_chars.hpp(436,15): warning: 'long long' is incompatible with C++98 [-Wc++98-compat-pedantic]
[build]   436 |             { 0x924D692CA61BE758,   269,  100 },
[build]       |               ^
[build] C:\Users\pperv\code\unnamed_rpg\vendor\json\include\nlohmann/detail/conversions/to_chars.hpp(437,15): warning: 'long long' is incompatible with C++98 [-Wc++98-compat-pedantic]
[build]   437 |             { 0xDA01EE641A708DEA,   295,  108 },
[build]       |               ^
[build] C:\Users\pperv\code\unnamed_rpg\vendor\json\include\nlohmann/detail/conversions/to_chars.hpp(438,15): warning: 'long long' is incompatible with C++98 [-Wc++98-compat-pedantic]
[build]   438 |             { 0xA26DA3999AEF774A,   322,  116 },
[build]       |               ^
[build] C:\Users\pperv\code\unnamed_rpg\vendor\json\include\nlohmann/detail/conversions/to_chars.hpp(439,15): warning: 'long long' is incompatible with C++98 [-Wc++98-compat-pedantic]
[build]   439 |             { 0xF209787BB47D6B85,   348,  124 },
[build]       |               ^
[build] C:\Users\pperv\code\unnamed_rpg\vendor\json\include\nlohmann/detail/conversions/to_chars.hpp(440,15): warning: 'long long' is incompatible with C++98 [-Wc++98-compat-pedantic]
[build]   440 |             { 0xB454E4A179DD1877,   375,  132 },
[build]       |               ^
[build] C:\Users\pperv\code\unnamed_rpg\vendor\json\include\nlohmann/detail/conversions/to_chars.hpp(441,15): warning: 'long long' is incompatible with C++98 [-Wc++98-compat-pedantic]
[build]   441 |             { 0x865B86925B9BC5C2,   402,  140 },
[build]       |               ^
[build] C:\Users\pperv\code\unnamed_rpg\vendor\json\include\nlohmann/detail/conversions/to_chars.hpp(442,15): warning: 'long long' is incompatible with C++98 [-Wc++98-compat-pedantic]
[build]   442 |             { 0xC83553C5C8965D3D,   428,  148 },
[build]       |               ^
[build] C:\Users\pperv\code\unnamed_rpg\vendor\json\include\nlohmann/detail/conversions/to_chars.hpp(443,15): warning: 'long long' is incompatible with C++98 [-Wc++98-compat-pedantic]
[build]   443 |             { 0x952AB45CFA97A0B3,   455,  156 },
[build]       |               ^
[build] C:\Users\pperv\code\unnamed_rpg\vendor\json\include\nlohmann/detail/conversions/to_chars.hpp(444,15): warning: 'long long' is incompatible with C++98 [-Wc++98-compat-pedantic]
[build]   444 |             { 0xDE469FBD99A05FE3,   481,  164 },
[build]       |               ^
[build] C:\Users\pperv\code\unnamed_rpg\vendor\json\include\nlohmann/detail/conversions/to_chars.hpp(445,15): warning: 'long long' is incompatible with C++98 [-Wc++98-compat-pedantic]
[build]   445 |             { 0xA59BC234DB398C25,   508,  172 },
[build]       |               ^
[build] C:\Users\pperv\code\unnamed_rpg\vendor\json\include\nlohmann/detail/conversions/to_chars.hpp(446,15): warning: 'long long' is incompatible with C++98 [-Wc++98-compat-pedantic]
[build]   446 |             { 0xF6C69A72A3989F5C,   534,  180 },
[build]       |               ^
[build] C:\Users\pperv\code\unnamed_rpg\vendor\json\include\nlohmann/detail/conversions/to_chars.hpp(447,15): warning: 'long long' is incompatible with C++98 [-Wc++98-compat-pedantic]
[build]   447 |             { 0xB7DCBF5354E9BECE,   561,  188 },
[build]       |               ^
[build] C:\Users\pperv\code\unnamed_rpg\vendor\json\include\nlohmann/detail/conversions/to_chars.hpp(448,15): warning: 'long long' is incompatible with C++98 [-Wc++98-compat-pedantic]
[build]   448 |             { 0x88FCF317F22241E2,   588,  196 },
[build]       |               ^
[build] C:\Users\pperv\code\unnamed_rpg\vendor\json\include\nlohmann/detail/conversions/to_chars.hpp(449,15): warning: 'long long' is incompatible with C++98 [-Wc++98-compat-pedantic]
[build]   449 |             { 0xCC20CE9BD35C78A5,   614,  204 },
[build]       |               ^
[build] C:\Users\pperv\code\unnamed_rpg\vendor\json\include\nlohmann/detail/conversions/to_chars.hpp(450,15): warning: 'long long' is incompatible with C++98 [-Wc++98-compat-pedantic]
[build]   450 |             { 0x98165AF37B2153DF,   641,  212 },
[build]       |               ^
[build] C:\Users\pperv\code\unnamed_rpg\vendor\json\include\nlohmann/detail/conversions/to_chars.hpp(451,15): warning: 'long long' is incompatible with C++98 [-Wc++98-compat-pedantic]
[build]   451 |             { 0xE2A0B5DC971F303A,   667,  220 },
[build]       |               ^
[build] C:\Users\pperv\code\unnamed_rpg\vendor\json\include\nlohmann/detail/conversions/to_chars.hpp(452,15): warning: 'long long' is incompatible with C++98 [-Wc++98-compat-pedantic]
[build]   452 |             { 0xA8D9D1535CE3B396,   694,  228 },
[build]       |               ^
[build] C:\Users\pperv\code\unnamed_rpg\vendor\json\include\nlohmann/detail/conversions/to_chars.hpp(453,15): warning: 'long long' is incompatible with C++98 [-Wc++98-compat-pedantic]
[build]   453 |             { 0xFB9B7CD9A4A7443C,   720,  236 },
[build]       |               ^
[build] C:\Users\pperv\code\unnamed_rpg\vendor\json\include\nlohmann/detail/conversions/to_chars.hpp(454,15): warning: 'long long' is incompatible with C++98 [-Wc++98-compat-pedantic]
[build]   454 |             { 0xBB764C4CA7A44410,   747,  244 },
[build]       |               ^
[build] C:\Users\pperv\code\unnamed_rpg\vendor\json\include\nlohmann/detail/conversions/to_chars.hpp(455,15): warning: 'long long' is incompatible with C++98 [-Wc++98-compat-pedantic]
[build]   455 |             { 0x8BAB8EEFB6409C1A,   774,  252 },
[build]       |               ^
[build] C:\Users\pperv\code\unnamed_rpg\vendor\json\include\nlohmann/detail/conversions/to_chars.hpp(456,15): warning: 'long long' is incompatible with C++98 [-Wc++98-compat-pedantic]
[build]   456 |             { 0xD01FEF10A657842C,   800,  260 },
[build]       |               ^
[build] C:\Users\pperv\code\unnamed_rpg\vendor\json\include\nlohmann/detail/conversions/to_chars.hpp(457,15): warning: 'long long' is incompatible with C++98 [-Wc++98-compat-pedantic]
[build]   457 |             { 0x9B10A4E5E9913129,   827,  268 },
[build]       |               ^
[build] C:\Users\pperv\code\unnamed_rpg\vendor\json\include\nlohmann/detail/conversions/to_chars.hpp(458,15): warning: 'long long' is incompatible with C++98 [-Wc++98-compat-pedantic]
[build]   458 |             { 0xE7109BFBA19C0C9D,   853,  276 },
[build]       |               ^
[build] C:\Users\pperv\code\unnamed_rpg\vendor\json\include\nlohmann/detail/conversions/to_chars.hpp(459,15): warning: 'long long' is incompatible with C++98 [-Wc++98-compat-pedantic]
[build]   459 |             { 0xAC2820D9623BF429,   880,  284 },
[build]       |               ^
[build] C:\Users\pperv\code\unnamed_rpg\vendor\json\include\nlohmann/detail/conversions/to_chars.hpp(460,15): warning: 'long long' is incompatible with C++98 [-Wc++98-compat-pedantic]
[build]   460 |             { 0x80444B5E7AA7CF85,   907,  292 },
[build]       |               ^
[build] C:\Users\pperv\code\unnamed_rpg\vendor\json\include\nlohmann/detail/conversions/to_chars.hpp(461,15): warning: 'long long' is incompatible with C++98 [-Wc++98-compat-pedantic]
[build]   461 |             { 0xBF21E44003ACDD2D,   933,  300 },
[build]       |               ^
[build] C:\Users\pperv\code\unnamed_rpg\vendor\json\include\nlohmann/detail/conversions/to_chars.hpp(462,15): warning: 'long long' is incompatible with C++98 [-Wc++98-compat-pedantic]
[build]   462 |             { 0x8E679C2F5E44FF8F,   960,  308 },
[build]       |               ^
[build] C:\Users\pperv\code\unnamed_rpg\vendor\json\include\nlohmann/detail/conversions/to_chars.hpp(463,15): warning: 'long long' is incompatible with C++98 [-Wc++98-compat-pedantic]
[build]   463 |             { 0xD433179D9C8CB841,   986,  316 },
[build]       |               ^
[build] C:\Users\pperv\code\unnamed_rpg\vendor\json\include\nlohmann/detail/conversions/to_chars.hpp(464,15): warning: 'long long' is incompatible with C++98 [-Wc++98-compat-pedantic]
[build]   464 |             { 0x9E19DB92B4E31BA9,  1013,  324 },
[build]       |               ^
[build] C:\Users\pperv\code\unnamed_rpg\vendor\json\include\nlohmann/detail/conversions/to_chars.hpp(590,5): warning: 'static_assert' declarations are incompatible with C++98 [-Wc++98-compat]
[build]   590 |     static_assert(kAlpha >= -60, "internal error");
[build]       |     ^
[build] C:\Users\pperv\code\unnamed_rpg\vendor\json\include\nlohmann/detail/conversions/to_chars.hpp(591,5): warning: 'static_assert' declarations are incompatible with C++98 [-Wc++98-compat]
[build]   591 |     static_assert(kGamma <= -32, "internal error");
[build]       |     ^
[build] C:\Users\pperv\code\unnamed_rpg\vendor\json\include\nlohmann/detail/conversions/to_chars.hpp(618,34): warning: generalized initializer lists are incompatible with C++98 [-Wc++98-compat]
[build]   618 |     const diyfp one(std::uint64_t{1} << -M_plus.e, M_plus.e);
[build]       |                                  ^
[build] C:\Users\pperv\code\unnamed_rpg\vendor\json\include\nlohmann/detail/conversions/to_chars.hpp(620,5): warning: 'auto' type specifier is incompatible with C++98 [-Wc++98-compat]
[build]   620 |     auto p1 = static_cast<std::uint32_t>(M_plus.f >> -one.e); // p1 = f div 2^-e (Since -e >= 32, p1 fits into a 32-bit int.)
[build]       |     ^~~~
[build] C:\Users\pperv\code\unnamed_rpg\vendor\json\include\nlohmann/detail/conversions/to_chars.hpp(629,24): warning: generalized initializer lists are incompatible with C++98 [-Wc++98-compat]
[build]   629 |     std::uint32_t pow10{};
[build]       |                        ^
[build] C:\Users\pperv\code\unnamed_rpg\vendor\json\include\nlohmann/detail/conversions/to_chars.hpp(629,24): warning: scalar initialized from empty initializer list is incompatible with C++98 [-Wc++98-compat]
[build]   629 |     std::uint32_t pow10{};
[build]       |                        ^~
[build] C:\Users\pperv\code\unnamed_rpg\vendor\json\include\nlohmann/detail/conversions/to_chars.hpp(683,50): warning: generalized initializer lists are incompatible with C++98 [-Wc++98-compat]
[build]   683 |         const std::uint64_t rest = (std::uint64_t{p1} << -one.e) + p2;
[build]       |                                                  ^
[build] C:\Users\pperv\code\unnamed_rpg\vendor\json\include\nlohmann/detail/conversions/to_chars.hpp(699,54): warning: generalized initializer lists are incompatible with C++98 [-Wc++98-compat]
[build]   699 |             const std::uint64_t ten_n = std::uint64_t{pow10} << -one.e;
[build]       |                                                      ^
[build] C:\Users\pperv\code\unnamed_rpg\vendor\json\include\nlohmann/detail/conversions/to_chars.hpp(943,5): warning: 'auto' type specifier is incompatible with C++98 [-Wc++98-compat]
[build]   943 |     auto k = static_cast<std::uint32_t>(e);
[build]       |     ^~~~
[build] In file included from C:\Users\pperv\code\unnamed_rpg\vendor\json-schema-validator\src\json-schema-draft7.json.cpp:9:
[build] In file included from C:\Users\pperv\code\unnamed_rpg\vendor\json\include\nlohmann/json.hpp:70:
[build] C:\Users\pperv\code\unnamed_rpg\vendor\json\include\nlohmann/detail/output/serializer.hpp(34,1): warning: empty macro arguments are incompatible with C++98 [-Wc++98-compat-pedantic]
[build]    34 | NLOHMANN_JSON_NAMESPACE_BEGIN
[build]       | ^
[build] C:\Users\pperv\code\unnamed_rpg\vendor\json\include\nlohmann/detail/abi_macros.hpp(102,17): note: expanded from macro 'NLOHMANN_JSON_NAMESPACE_BEGIN'
[build]   102 |                 NLOHMANN_JSON_ABI_TAGS,              \
[build]       |                 ^
[build] C:\Users\pperv\code\unnamed_rpg\vendor\json\include\nlohmann/detail/abi_macros.hpp(65,5): note: expanded from macro 'NLOHMANN_JSON_ABI_TAGS'
[build]    65 |     NLOHMANN_JSON_ABI_TAGS_CONCAT(                                   \
[build]       |     ^
[build] C:\Users\pperv\code\unnamed_rpg\vendor\json\include\nlohmann/detail/abi_macros.hpp(62,39): note: expanded from macro 'NLOHMANN_JSON_ABI_TAGS_CONCAT'
[build]    62 |     NLOHMANN_JSON_ABI_TAGS_CONCAT_EX(a, b, c)
[build]       |                                       ^
[build] In file included from C:\Users\pperv\code\unnamed_rpg\vendor\json-schema-validator\src\json-schema-draft7.json.cpp:9:
[build] In file included from C:\Users\pperv\code\unnamed_rpg\vendor\json\include\nlohmann/json.hpp:70:
[build] C:\Users\pperv\code\unnamed_rpg\vendor\json\include\nlohmann/detail/output/serializer.hpp(34,1): warning: empty macro arguments are incompatible with C++98 [-Wc++98-compat-pedantic]
[build] C:\Users\pperv\code\unnamed_rpg\vendor\json\include\nlohmann/detail/abi_macros.hpp(102,17): note: expanded from macro 'NLOHMANN_JSON_NAMESPACE_BEGIN'
[build]   102 |                 NLOHMANN_JSON_ABI_TAGS,              \
[build]       |                 ^
[build] C:\Users\pperv\code\unnamed_rpg\vendor\json\include\nlohmann/detail/abi_macros.hpp(65,5): note: expanded from macro 'NLOHMANN_JSON_ABI_TAGS'
[build]    65 |     NLOHMANN_JSON_ABI_TAGS_CONCAT(                                   \
[build]       |     ^
[build] C:\Users\pperv\code\unnamed_rpg\vendor\json\include\nlohmann/detail/abi_macros.hpp(62,42): note: expanded from macro 'NLOHMANN_JSON_ABI_TAGS_CONCAT'
[build]    62 |     NLOHMANN_JSON_ABI_TAGS_CONCAT_EX(a, b, c)
[build]       |                                          ^
[build] In file included from C:\Users\pperv\code\unnamed_rpg\vendor\json-schema-validator\src\json-schema-draft7.json.cpp:9:
[build] In file included from C:\Users\pperv\code\unnamed_rpg\vendor\json\include\nlohmann/json.hpp:70:
[build] C:\Users\pperv\code\unnamed_rpg\vendor\json\include\nlohmann/detail/output/serializer.hpp(34,1): warning: empty macro arguments are incompatible with C++98 [-Wc++98-compat-pedantic]
[build] C:\Users\pperv\code\unnamed_rpg\vendor\json\include\nlohmann/detail/abi_macros.hpp(102,17): note: expanded from macro 'NLOHMANN_JSON_NAMESPACE_BEGIN'
[build]   102 |                 NLOHMANN_JSON_ABI_TAGS,              \
[build]       |                 ^
[build] C:\Users\pperv\code\unnamed_rpg\vendor\json\include\nlohmann/detail/abi_macros.hpp(65,5): note: expanded from macro 'NLOHMANN_JSON_ABI_TAGS'
[build]    65 |     NLOHMANN_JSON_ABI_TAGS_CONCAT(                                   \
[build]       |     ^
[build] C:\Users\pperv\code\unnamed_rpg\vendor\json\include\nlohmann/detail/abi_macros.hpp(62,45): note: expanded from macro 'NLOHMANN_JSON_ABI_TAGS_CONCAT'
[build]    62 |     NLOHMANN_JSON_ABI_TAGS_CONCAT_EX(a, b, c)
[build]       |                                             ^
[build] In file included from C:\Users\pperv\code\unnamed_rpg\vendor\json-schema-validator\src\json-schema-draft7.json.cpp:9:
[build] In file included from C:\Users\pperv\code\unnamed_rpg\vendor\json\include\nlohmann/json.hpp:70:
[build] C:\Users\pperv\code\unnamed_rpg\vendor\json\include\nlohmann/detail/output/serializer.hpp(34,1): warning: inline namespaces are incompatible with C++98 [-Wc++98-compat]
[build] C:\Users\pperv\code\unnamed_rpg\vendor\json\include\nlohmann/detail/abi_macros.hpp(101,5): note: expanded from macro 'NLOHMANN_JSON_NAMESPACE_BEGIN'
[build]   101 |     inline namespace NLOHMANN_JSON_NAMESPACE_CONCAT( \
[build]       |     ^
[build] In file included from C:\Users\pperv\code\unnamed_rpg\vendor\json-schema-validator\src\json-schema-draft7.json.cpp:9:
[build] In file included from C:\Users\pperv\code\unnamed_rpg\vendor\json\include\nlohmann/json.hpp:70:
[build] C:\Users\pperv\code\unnamed_rpg\vendor\json\include\nlohmann/detail/output/serializer.hpp(43,6): warning: scoped enumerations are incompatible with C++98 [-Wc++98-compat]
[build]    43 | enum class error_handler_t
[build]       |      ^
[build] C:\Users\pperv\code\unnamed_rpg\vendor\json\include\nlohmann/detail/output/serializer.hpp(53,22): warning: alias declarations are incompatible with C++98 [-Wc++98-compat]
[build]    53 |     using string_t = typename BasicJsonType::string_t;
[build]       |                      ^
[build] C:\Users\pperv\code\unnamed_rpg\vendor\json\include\nlohmann/detail/output/serializer.hpp(54,28): warning: alias declarations are incompatible with C++98 [-Wc++98-compat]
[build]    54 |     using number_float_t = typename BasicJsonType::number_float_t;
[build]       |                            ^
[build] C:\Users\pperv\code\unnamed_rpg\vendor\json\include\nlohmann/detail/output/serializer.hpp(55,30): warning: alias declarations are incompatible with C++98 [-Wc++98-compat]
[build]    55 |     using number_integer_t = typename BasicJsonType::number_integer_t;
[build]       |                              ^
[build] C:\Users\pperv\code\unnamed_rpg\vendor\json\include\nlohmann/detail/output/serializer.hpp(56,31): warning: alias declarations are incompatible with C++98 [-Wc++98-compat]
[build]    56 |     using number_unsigned_t = typename BasicJsonType::number_unsigned_t;
[build]       |                               ^
[build] C:\Users\pperv\code\unnamed_rpg\vendor\json\include\nlohmann/detail/output/serializer.hpp(57,27): warning: alias declarations are incompatible with C++98 [-Wc++98-compat]
[build]    57 |     using binary_char_t = typename BasicJsonType::binary_t::value_type;
[build]       |                           ^
[build] C:\Users\pperv\code\unnamed_rpg\vendor\json\include\nlohmann/detail/output/serializer.hpp(58,12): warning: 'constexpr' specifier is incompatible with C++98 [-Wc++98-compat]
[build]    58 |     static constexpr std::uint8_t UTF8_ACCEPT = 0;
[build]       |            ^
[build] C:\Users\pperv\code\unnamed_rpg\vendor\json\include\nlohmann/detail/output/serializer.hpp(59,12): warning: 'constexpr' specifier is incompatible with C++98 [-Wc++98-compat]
[build]    59 |     static constexpr std::uint8_t UTF8_REJECT = 1;
[build]       |            ^
[build] C:\Users\pperv\code\unnamed_rpg\vendor\json\include\nlohmann/detail/output/serializer.hpp(79,37): warning: deleted function definitions are incompatible with C++98 [-Wc++98-compat]
[build]    79 |     serializer(const serializer&) = delete;
[build]       |                                     ^
[build] C:\Users\pperv\code\unnamed_rpg\vendor\json\include\nlohmann/detail/output/serializer.hpp(80,48): warning: deleted function definitions are incompatible with C++98 [-Wc++98-compat]
[build]    80 |     serializer& operator=(const serializer&) = delete;
[build]       |                                                ^
[build] C:\Users\pperv\code\unnamed_rpg\vendor\json\include\nlohmann/detail/output/serializer.hpp(81,26): warning: rvalue references are incompatible with C++98 [-Wc++98-compat]
[build]    81 |     serializer(serializer&&) = delete;
[build]       |                          ^
[build] C:\Users\pperv\code\unnamed_rpg\vendor\json\include\nlohmann/detail/output/serializer.hpp(81,32): warning: deleted function definitions are incompatible with C++98 [-Wc++98-compat]
[build]    81 |     serializer(serializer&&) = delete;
[build]       |                                ^
[build] C:\Users\pperv\code\unnamed_rpg\vendor\json\include\nlohmann/detail/output/serializer.hpp(82,37): warning: rvalue references are incompatible with C++98 [-Wc++98-compat]
[build]    82 |     serializer& operator=(serializer&&) = delete;
[build]       |                                     ^
[build] C:\Users\pperv\code\unnamed_rpg\vendor\json\include\nlohmann/detail/output/serializer.hpp(82,43): warning: deleted function definitions are incompatible with C++98 [-Wc++98-compat]
[build]    82 |     serializer& operator=(serializer&&) = delete;
[build]       |                                           ^
[build] C:\Users\pperv\code\unnamed_rpg\vendor\json\include\nlohmann/detail/output/serializer.hpp(83,21): warning: defaulted function definitions are incompatible with C++98 [-Wc++98-compat]
[build]    83 |     ~serializer() = default;
[build]       |                     ^
[build] C:\Users\pperv\code\unnamed_rpg\vendor\json\include\nlohmann/detail/output/serializer.hpp(641,5): warning: noexcept specifications are incompatible with C++98 [-Wc++98-compat]
[build]   641 |     {
[build]       |     ^
[build] C:\Users\pperv\code\unnamed_rpg\vendor\json\include\nlohmann/detail/output/serializer.hpp(694,5): warning: noexcept specifications are incompatible with C++98 [-Wc++98-compat]
[build]   694 |     {
[build]       |     ^
[build] C:\Users\pperv\code\unnamed_rpg\vendor\json\include\nlohmann/detail/output/serializer.hpp(707,88): warning: default template arguments for a function template are incompatible with C++98 [-Wc++98-compat]
[build]   707 |     template <typename NumberType, enable_if_t<std::is_signed<NumberType>::value, int> = 0>
[build]       |                                                                                        ^ ~
[build] C:\Users\pperv\code\unnamed_rpg\vendor\json\include\nlohmann/detail/output/serializer.hpp(713,93): warning: default template arguments for a function template are incompatible with C++98 [-Wc++98-compat]
[build]   713 |     template < typename NumberType, enable_if_t <std::is_unsigned<NumberType>::value, int > = 0 >
[build]       |                                                                                             ^ ~
[build] C:\Users\pperv\code\unnamed_rpg\vendor\json\include\nlohmann/detail/output/serializer.hpp(733,26): warning: default template arguments for a function template are incompatible with C++98 [-Wc++98-compat]
[build]   733 |                    int > = 0 >
[build]       |                          ^ ~
[build] C:\Users\pperv\code\unnamed_rpg\vendor\json\include\nlohmann/detail/output/serializer.hpp(934,5): warning: noexcept specifications are incompatible with C++98 [-Wc++98-compat]
[build]   934 |     {
[build]       |     ^
[build] C:\Users\pperv\code\unnamed_rpg\vendor\json\include\nlohmann/detail/output/serializer.hpp(989,5): warning: noexcept specifications are incompatible with C++98 [-Wc++98-compat]
[build]   989 |     {
[build]       |     ^
[build] C:\Users\pperv\code\unnamed_rpg\vendor\json\include\nlohmann/detail/output/serializer.hpp(996,30): warning: default member initializer for non-static data members is incompatible with C++98 [-Wc++98-compat]
[build]   996 |     output_adapter_t<char> o = nullptr;
[build]       |                              ^
[build] C:\Users\pperv\code\unnamed_rpg\vendor\json\include\nlohmann/detail/output/serializer.hpp(999,39): warning: default member initializer for non-static data members is incompatible with C++98 [-Wc++98-compat]
[build]   999 |     std::array<char, 64> number_buffer{{}};
[build]       |                                       ^
[build] C:\Users\pperv\code\unnamed_rpg\vendor\json\include\nlohmann/detail/output/serializer.hpp(1002,27): warning: default member initializer for non-static data members is incompatible with C++98 [-Wc++98-compat]
[build]  1002 |     const std::lconv* loc = nullptr;
[build]       |                           ^
[build] C:\Users\pperv\code\unnamed_rpg\vendor\json\include\nlohmann/detail/output/serializer.hpp(1004,30): warning: default member initializer for non-static data members is incompatible with C++98 [-Wc++98-compat]
[build]  1004 |     const char thousands_sep = '\0';
[build]       |                              ^
[build] C:\Users\pperv\code\unnamed_rpg\vendor\json\include\nlohmann/detail/output/serializer.hpp(1006,30): warning: default member initializer for non-static data members is incompatible with C++98 [-Wc++98-compat]
[build]  1006 |     const char decimal_point = '\0';
[build]       |                              ^
[build] C:\Users\pperv\code\unnamed_rpg\vendor\json\include\nlohmann/detail/output/serializer.hpp(1009,40): warning: default member initializer for non-static data members is incompatible with C++98 [-Wc++98-compat]
[build]  1009 |     std::array<char, 512> string_buffer{{}};
[build]       |                                        ^
[build] C:\Users\pperv\code\unnamed_rpg\vendor\json\include\nlohmann/detail/output/serializer.hpp(68,49): warning: enumeration type in nested name specifier is incompatible with C++98 [-Wc++98-compat]
[build]    68 |                error_handler_t error_handler_ = error_handler_t::strict)
[build]       |                                                 ^
[build] C:\Users\pperv\code\unnamed_rpg\vendor\json\include\nlohmann/detail/output/serializer.hpp(996,32): warning: 'nullptr' is incompatible with C++98 [-Wc++98-compat]
[build]   996 |     output_adapter_t<char> o = nullptr;
[build]       |                                ^
[build] C:\Users\pperv\code\unnamed_rpg\vendor\json\include\nlohmann/detail/output/serializer.hpp(1002,29): warning: 'nullptr' is incompatible with C++98 [-Wc++98-compat]
[build]  1002 |     const std::lconv* loc = nullptr;
[build]       |                             ^
[build] In file included from C:\Users\pperv\code\unnamed_rpg\vendor\json-schema-validator\src\json-schema-draft7.json.cpp:9:
[build] In file included from C:\Users\pperv\code\unnamed_rpg\vendor\json\include\nlohmann/json.hpp:73:
[build] C:\Users\pperv\code\unnamed_rpg\vendor\json\include\nlohmann/ordered_map.hpp(23,1): warning: empty macro arguments are incompatible with C++98 [-Wc++98-compat-pedantic]
[build]    23 | NLOHMANN_JSON_NAMESPACE_BEGIN
[build]       | ^
[build] C:\Users\pperv\code\unnamed_rpg\vendor\json\include\nlohmann/detail/abi_macros.hpp(102,17): note: expanded from macro 'NLOHMANN_JSON_NAMESPACE_BEGIN'
[build]   102 |                 NLOHMANN_JSON_ABI_TAGS,              \
[build]       |                 ^
[build] C:\Users\pperv\code\unnamed_rpg\vendor\json\include\nlohmann/detail/abi_macros.hpp(65,5): note: expanded from macro 'NLOHMANN_JSON_ABI_TAGS'
[build]    65 |     NLOHMANN_JSON_ABI_TAGS_CONCAT(                                   \
[build]       |     ^
[build] C:\Users\pperv\code\unnamed_rpg\vendor\json\include\nlohmann/detail/abi_macros.hpp(62,39): note: expanded from macro 'NLOHMANN_JSON_ABI_TAGS_CONCAT'
[build]    62 |     NLOHMANN_JSON_ABI_TAGS_CONCAT_EX(a, b, c)
[build]       |                                       ^
[build] In file included from C:\Users\pperv\code\unnamed_rpg\vendor\json-schema-validator\src\json-schema-draft7.json.cpp:9:
[build] In file included from C:\Users\pperv\code\unnamed_rpg\vendor\json\include\nlohmann/json.hpp:73:
[build] C:\Users\pperv\code\unnamed_rpg\vendor\json\include\nlohmann/ordered_map.hpp(23,1): warning: empty macro arguments are incompatible with C++98 [-Wc++98-compat-pedantic]
[build] C:\Users\pperv\code\unnamed_rpg\vendor\json\include\nlohmann/detail/abi_macros.hpp(102,17): note: expanded from macro 'NLOHMANN_JSON_NAMESPACE_BEGIN'
[build]   102 |                 NLOHMANN_JSON_ABI_TAGS,              \
[build]       |                 ^
[build] C:\Users\pperv\code\unnamed_rpg\vendor\json\include\nlohmann/detail/abi_macros.hpp(65,5): note: expanded from macro 'NLOHMANN_JSON_ABI_TAGS'
[build]    65 |     NLOHMANN_JSON_ABI_TAGS_CONCAT(                                   \
[build]       |     ^
[build] C:\Users\pperv\code\unnamed_rpg\vendor\json\include\nlohmann/detail/abi_macros.hpp(62,42): note: expanded from macro 'NLOHMANN_JSON_ABI_TAGS_CONCAT'
[build]    62 |     NLOHMANN_JSON_ABI_TAGS_CONCAT_EX(a, b, c)
[build]       |                                          ^
[build] In file included from C:\Users\pperv\code\unnamed_rpg\vendor\json-schema-validator\src\json-schema-draft7.json.cpp:9:
[build] In file included from C:\Users\pperv\code\unnamed_rpg\vendor\json\include\nlohmann/json.hpp:73:
[build] C:\Users\pperv\code\unnamed_rpg\vendor\json\include\nlohmann/ordered_map.hpp(23,1): warning: empty macro arguments are incompatible with C++98 [-Wc++98-compat-pedantic]
[build] C:\Users\pperv\code\unnamed_rpg\vendor\json\include\nlohmann/detail/abi_macros.hpp(102,17): note: expanded from macro 'NLOHMANN_JSON_NAMESPACE_BEGIN'
[build]   102 |                 NLOHMANN_JSON_ABI_TAGS,              \
[build]       |                 ^
[build] C:\Users\pperv\code\unnamed_rpg\vendor\json\include\nlohmann/detail/abi_macros.hpp(65,5): note: expanded from macro 'NLOHMANN_JSON_ABI_TAGS'
[build]    65 |     NLOHMANN_JSON_ABI_TAGS_CONCAT(                                   \
[build]       |     ^
[build] C:\Users\pperv\code\unnamed_rpg\vendor\json\include\nlohmann/detail/abi_macros.hpp(62,45): note: expanded from macro 'NLOHMANN_JSON_ABI_TAGS_CONCAT'
[build]    62 |     NLOHMANN_JSON_ABI_TAGS_CONCAT_EX(a, b, c)
[build]       |                                             ^
[build] In file included from C:\Users\pperv\code\unnamed_rpg\vendor\json-schema-validator\src\json-schema-draft7.json.cpp:9:
[build] In file included from C:\Users\pperv\code\unnamed_rpg\vendor\json\include\nlohmann/json.hpp:73:
[build] C:\Users\pperv\code\unnamed_rpg\vendor\json\include\nlohmann/ordered_map.hpp(23,1): warning: inline namespaces are incompatible with C++98 [-Wc++98-compat]
[build] C:\Users\pperv\code\unnamed_rpg\vendor\json\include\nlohmann/detail/abi_macros.hpp(101,5): note: expanded from macro 'NLOHMANN_JSON_NAMESPACE_BEGIN'
[build]   101 |     inline namespace NLOHMANN_JSON_NAMESPACE_CONCAT( \
[build]       |     ^
[build] In file included from C:\Users\pperv\code\unnamed_rpg\vendor\json-schema-validator\src\json-schema-draft7.json.cpp:9:
[build] In file included from C:\Users\pperv\code\unnamed_rpg\vendor\json\include\nlohmann/json.hpp:73:
[build] C:\Users\pperv\code\unnamed_rpg\vendor\json\include\nlohmann/ordered_map.hpp(28,66): warning: consecutive right angle brackets are incompatible with C++98 (use '> >') [-Wc++98-compat]
[build]    28 |           class Allocator = std::allocator<std::pair<const Key, T>>>
[build]       |                                                                  ^~
[build]       |                                                                  > > 
[build] C:\Users\pperv\code\unnamed_rpg\vendor\json\include\nlohmann/ordered_map.hpp(31,22): warning: alias declarations are incompatible with C++98 [-Wc++98-compat]
[build]    31 |     using key_type = Key;
[build]       |                      ^
[build] C:\Users\pperv\code\unnamed_rpg\vendor\json\include\nlohmann/ordered_map.hpp(32,25): warning: alias declarations are incompatible with C++98 [-Wc++98-compat]
[build]    32 |     using mapped_type = T;
[build]       |                         ^
[build] C:\Users\pperv\code\unnamed_rpg\vendor\json\include\nlohmann/ordered_map.hpp(33,23): warning: alias declarations are incompatible with C++98 [-Wc++98-compat]
[build]    33 |     using Container = std::vector<std::pair<const Key, T>, Allocator>;
[build]       |                       ^
[build] C:\Users\pperv\code\unnamed_rpg\vendor\json\include\nlohmann/ordered_map.hpp(34,22): warning: alias declarations are incompatible with C++98 [-Wc++98-compat]
[build]    34 |     using iterator = typename Container::iterator;
[build]       |                      ^
[build] C:\Users\pperv\code\unnamed_rpg\vendor\json\include\nlohmann/ordered_map.hpp(35,28): warning: alias declarations are incompatible with C++98 [-Wc++98-compat]
[build]    35 |     using const_iterator = typename Container::const_iterator;
[build]       |                            ^
[build] C:\Users\pperv\code\unnamed_rpg\vendor\json\include\nlohmann/ordered_map.hpp(36,23): warning: alias declarations are incompatible with C++98 [-Wc++98-compat]
[build]    36 |     using size_type = typename Container::size_type;
[build]       |                       ^
[build] C:\Users\pperv\code\unnamed_rpg\vendor\json\include\nlohmann/ordered_map.hpp(37,24): warning: alias declarations are incompatible with C++98 [-Wc++98-compat]
[build]    37 |     using value_type = typename Container::value_type;
[build]       |                        ^
[build] C:\Users\pperv\code\unnamed_rpg\vendor\json\include\nlohmann/ordered_map.hpp(39,25): warning: alias declarations are incompatible with C++98 [-Wc++98-compat]
[build]    39 |     using key_compare = std::equal_to<>;
[build]       |                         ^
[build] C:\Users\pperv\code\unnamed_rpg\vendor\json\include\nlohmann/ordered_map.hpp(53,39): warning: defaulted function definitions are incompatible with C++98 [-Wc++98-compat]
[build]    53 |     ordered_map(const ordered_map&) = default;
[build]       |                                       ^
[build] C:\Users\pperv\code\unnamed_rpg\vendor\json\include\nlohmann/ordered_map.hpp(54,28): warning: rvalue references are incompatible with C++98 [-Wc++98-compat]
[build]    54 |     ordered_map(ordered_map&&) noexcept(std::is_nothrow_move_constructible<Container>::value) = default;
[build]       |                            ^
[build] C:\Users\pperv\code\unnamed_rpg\vendor\json\include\nlohmann/ordered_map.hpp(54,97): warning: defaulted function definitions are incompatible with C++98 [-Wc++98-compat]
[build]    54 |     ordered_map(ordered_map&&) noexcept(std::is_nothrow_move_constructible<Container>::value) = default;
[build]       |                                                                                                 ^
[build] C:\Users\pperv\code\unnamed_rpg\vendor\json\include\nlohmann/ordered_map.hpp(55,22): warning: defaulted function definitions are incompatible with C++98 [-Wc++98-compat]
[build]    55 |     ~ordered_map() = default;
[build]       |                      ^
[build] C:\Users\pperv\code\unnamed_rpg\vendor\json\include\nlohmann/ordered_map.hpp(67,39): warning: rvalue references are incompatible with C++98 [-Wc++98-compat]
[build]    67 |     ordered_map& operator=(ordered_map&& other) noexcept(std::is_nothrow_move_assignable<Container>::value)
[build]       |                                       ^
[build] C:\Users\pperv\code\unnamed_rpg\vendor\json\include\nlohmann/ordered_map.hpp(73,61): warning: rvalue references are incompatible with C++98 [-Wc++98-compat]
[build]    73 |     std::pair<iterator, bool> emplace(const key_type& key, T&& t)
[build]       |                                                             ^
[build] C:\Users\pperv\code\unnamed_rpg\vendor\json\include\nlohmann/ordered_map.hpp(88,47): warning: rvalue references are incompatible with C++98 [-Wc++98-compat]
[build]    88 |     std::pair<iterator, bool> emplace(KeyType && key, T && t)
[build]       |                                               ^
[build] C:\Users\pperv\code\unnamed_rpg\vendor\json\include\nlohmann/ordered_map.hpp(88,57): warning: rvalue references are incompatible with C++98 [-Wc++98-compat]
[build]    88 |     std::pair<iterator, bool> emplace(KeyType && key, T && t)
[build]       |                                                         ^
[build] C:\Users\pperv\code\unnamed_rpg\vendor\json\include\nlohmann/ordered_map.hpp(87,93): warning: default template arguments for a function template are incompatible with C++98 [-Wc++98-compat]
[build]    87 |                  detail::is_usable_as_key_type<key_compare, key_type, KeyType>::value, int> = 0>
[build]       |                                                                                             ^ ~
[build] C:\Users\pperv\code\unnamed_rpg\vendor\json\include\nlohmann/ordered_map.hpp(108,28): warning: rvalue references are incompatible with C++98 [-Wc++98-compat]
[build]   108 |     T & operator[](KeyType && key)
[build]       |                            ^
[build] C:\Users\pperv\code\unnamed_rpg\vendor\json\include\nlohmann/ordered_map.hpp(107,93): warning: default template arguments for a function template are incompatible with C++98 [-Wc++98-compat]
[build]   107 |                  detail::is_usable_as_key_type<key_compare, key_type, KeyType>::value, int> = 0>
[build]       |                                                                                             ^ ~
[build] C:\Users\pperv\code\unnamed_rpg\vendor\json\include\nlohmann/ordered_map.hpp(120,34): warning: rvalue references are incompatible with C++98 [-Wc++98-compat]
[build]   120 |     const T & operator[](KeyType && key) const
[build]       |                                  ^
[build] C:\Users\pperv\code\unnamed_rpg\vendor\json\include\nlohmann/ordered_map.hpp(119,93): warning: default template arguments for a function template are incompatible with C++98 [-Wc++98-compat]
[build]   119 |                  detail::is_usable_as_key_type<key_compare, key_type, KeyType>::value, int> = 0>
[build]       |                                                                                             ^ ~
[build] C:\Users\pperv\code\unnamed_rpg\vendor\json\include\nlohmann/ordered_map.hpp(140,20): warning: rvalue references are incompatible with C++98 [-Wc++98-compat]
[build]   140 |     T & at(KeyType && key) // NOLINT(cppcoreguidelines-missing-std-forward)
[build]       |                    ^
[build] C:\Users\pperv\code\unnamed_rpg\vendor\json\include\nlohmann/ordered_map.hpp(139,93): warning: default template arguments for a function template are incompatible with C++98 [-Wc++98-compat]
[build]   139 |                  detail::is_usable_as_key_type<key_compare, key_type, KeyType>::value, int> = 0>
[build]       |                                                                                             ^ ~
[build] C:\Users\pperv\code\unnamed_rpg\vendor\json\include\nlohmann/ordered_map.hpp(168,26): warning: rvalue references are incompatible with C++98 [-Wc++98-compat]
[build]   168 |     const T & at(KeyType && key) const // NOLINT(cppcoreguidelines-missing-std-forward)
[build]       |                          ^
[build] C:\Users\pperv\code\unnamed_rpg\vendor\json\include\nlohmann/ordered_map.hpp(167,93): warning: default template arguments for a function template are incompatible with C++98 [-Wc++98-compat]
[build]   167 |                  detail::is_usable_as_key_type<key_compare, key_type, KeyType>::value, int> = 0>
[build]       |                                                                                             ^ ~
[build] C:\Users\pperv\code\unnamed_rpg\vendor\json\include\nlohmann/ordered_map.hpp(202,29): warning: rvalue references are incompatible with C++98 [-Wc++98-compat]
[build]   202 |     size_type erase(KeyType && key) // NOLINT(cppcoreguidelines-missing-std-forward)
[build]       |                             ^
[build] C:\Users\pperv\code\unnamed_rpg\vendor\json\include\nlohmann/ordered_map.hpp(201,93): warning: default template arguments for a function template are incompatible with C++98 [-Wc++98-compat]
[build]   201 |                  detail::is_usable_as_key_type<key_compare, key_type, KeyType>::value, int> = 0>
[build]       |                                                                                             ^ ~
[build] C:\Users\pperv\code\unnamed_rpg\vendor\json\include\nlohmann/ordered_map.hpp(293,29): warning: rvalue references are incompatible with C++98 [-Wc++98-compat]
[build]   293 |     size_type count(KeyType && key) const // NOLINT(cppcoreguidelines-missing-std-forward)
[build]       |                             ^
[build] C:\Users\pperv\code\unnamed_rpg\vendor\json\include\nlohmann/ordered_map.hpp(292,93): warning: default template arguments for a function template are incompatible with C++98 [-Wc++98-compat]
[build]   292 |                  detail::is_usable_as_key_type<key_compare, key_type, KeyType>::value, int> = 0>
[build]       |                                                                                             ^ ~
[build] C:\Users\pperv\code\unnamed_rpg\vendor\json\include\nlohmann/ordered_map.hpp(319,27): warning: rvalue references are incompatible with C++98 [-Wc++98-compat]
[build]   319 |     iterator find(KeyType && key) // NOLINT(cppcoreguidelines-missing-std-forward)
[build]       |                           ^
[build] C:\Users\pperv\code\unnamed_rpg\vendor\json\include\nlohmann/ordered_map.hpp(318,93): warning: default template arguments for a function template are incompatible with C++98 [-Wc++98-compat]
[build]   318 |                  detail::is_usable_as_key_type<key_compare, key_type, KeyType>::value, int> = 0>
[build]       |                                                                                             ^ ~
[build] C:\Users\pperv\code\unnamed_rpg\vendor\json\include\nlohmann/ordered_map.hpp(345,33): warning: rvalue references are incompatible with C++98 [-Wc++98-compat]
[build]   345 |     const_iterator find(KeyType && key) const // NOLINT(cppcoreguidelines-missing-std-forward)
[build]       |                                 ^
[build] C:\Users\pperv\code\unnamed_rpg\vendor\json\include\nlohmann/ordered_map.hpp(344,93): warning: default template arguments for a function template are incompatible with C++98 [-Wc++98-compat]
[build]   344 |                  detail::is_usable_as_key_type<key_compare, key_type, KeyType>::value, int> = 0>
[build]       |                                                                                             ^ ~
[build] C:\Users\pperv\code\unnamed_rpg\vendor\json\include\nlohmann/ordered_map.hpp(357,49): warning: rvalue references are incompatible with C++98 [-Wc++98-compat]
[build]   357 |     std::pair<iterator, bool> insert( value_type&& value )
[build]       |                                                 ^
[build] C:\Users\pperv\code\unnamed_rpg\vendor\json\include\nlohmann/ordered_map.hpp(376,32): warning: alias declarations are incompatible with C++98 [-Wc++98-compat]
[build]   376 |     using require_input_iter = typename std::enable_if<std::is_convertible<typename std::iterator_traits<InputIt>::iterator_category,
[build]       |                                ^
[build] C:\Users\pperv\code\unnamed_rpg\vendor\json\include\nlohmann/ordered_map.hpp(379,69): warning: consecutive right angle brackets are incompatible with C++98 (use '> >') [-Wc++98-compat]
[build]   379 |     template<typename InputIt, typename = require_input_iter<InputIt>>
[build]       |                                                                     ^~
[build]       |                                                                     > >
[build] C:\Users\pperv\code\unnamed_rpg\vendor\json\include\nlohmann/ordered_map.hpp(379,41): warning: default template arguments for a function template are incompatible with C++98 [-Wc++98-compat]
[build]   379 |     template<typename InputIt, typename = require_input_iter<InputIt>>
[build]       |                                         ^ ~~~~~~~~~~~~~~~~~~~~~~~~~~~
[build] C:\Users\pperv\code\unnamed_rpg\vendor\json\include\nlohmann/ordered_map.hpp(389,50): warning: default member initializer for non-static data members is incompatible with C++98 [-Wc++98-compat]
[build]   389 |     JSON_NO_UNIQUE_ADDRESS key_compare m_compare = key_compare();
[build]       |                                                  ^
[build] C:\Users\pperv\code\unnamed_rpg\vendor\json\include\nlohmann/ordered_map.hpp(46,19): warning: noexcept specifications are incompatible with C++98 [-Wc++98-compat]
[build]    46 |     ordered_map() noexcept(noexcept(Container())) : Container{} {}
[build]       |                   ^
[build] C:\Users\pperv\code\unnamed_rpg\vendor\json\include\nlohmann/ordered_map.hpp(46,28): warning: noexcept expressions are incompatible with C++98 [-Wc++98-compat]
[build]    46 |     ordered_map() noexcept(noexcept(Container())) : Container{} {}
[build]       |                            ^
[build] C:\Users\pperv\code\unnamed_rpg\vendor\json\include\nlohmann/ordered_map.hpp(47,50): warning: noexcept specifications are incompatible with C++98 [-Wc++98-compat]
[build]    47 |     explicit ordered_map(const Allocator& alloc) noexcept(noexcept(Container(alloc))) : Container{alloc} {}
[build]       |                                                  ^
[build] C:\Users\pperv\code\unnamed_rpg\vendor\json\include\nlohmann/ordered_map.hpp(47,59): warning: noexcept expressions are incompatible with C++98 [-Wc++98-compat]
[build]    47 |     explicit ordered_map(const Allocator& alloc) noexcept(noexcept(Container(alloc))) : Container{alloc} {}
[build]       |                                                           ^
[build] C:\Users\pperv\code\unnamed_rpg\vendor\json\include\nlohmann/ordered_map.hpp(54,32): warning: noexcept specifications are incompatible with C++98 [-Wc++98-compat]
[build]    54 |     ordered_map(ordered_map&&) noexcept(std::is_nothrow_move_constructible<Container>::value) = default;
[build]       |                                ^
[build] C:\Users\pperv\code\unnamed_rpg\vendor\json\include\nlohmann/ordered_map.hpp(67,49): warning: noexcept specifications are incompatible with C++98 [-Wc++98-compat]
[build]    67 |     ordered_map& operator=(ordered_map&& other) noexcept(std::is_nothrow_move_assignable<Container>::value)
[build]       |                                                 ^
[build] In file included from C:\Users\pperv\code\unnamed_rpg\vendor\json-schema-validator\src\json-schema-draft7.json.cpp:9:
[build] C:\Users\pperv\code\unnamed_rpg\vendor\json\include\nlohmann/json.hpp(91,1): warning: empty macro arguments are incompatible with C++98 [-Wc++98-compat-pedantic]
[build]    91 | NLOHMANN_JSON_NAMESPACE_BEGIN
[build]       | ^
[build] C:\Users\pperv\code\unnamed_rpg\vendor\json\include\nlohmann/detail/abi_macros.hpp(102,17): note: expanded from macro 'NLOHMANN_JSON_NAMESPACE_BEGIN'
[build]   102 |                 NLOHMANN_JSON_ABI_TAGS,              \
[build]       |                 ^
[build] C:\Users\pperv\code\unnamed_rpg\vendor\json\include\nlohmann/detail/abi_macros.hpp(65,5): note: expanded from macro 'NLOHMANN_JSON_ABI_TAGS'
[build]    65 |     NLOHMANN_JSON_ABI_TAGS_CONCAT(                                   \
[build]       |     ^
[build] C:\Users\pperv\code\unnamed_rpg\vendor\json\include\nlohmann/detail/abi_macros.hpp(62,39): note: expanded from macro 'NLOHMANN_JSON_ABI_TAGS_CONCAT'
[build]    62 |     NLOHMANN_JSON_ABI_TAGS_CONCAT_EX(a, b, c)
[build]       |                                       ^
[build] In file included from C:\Users\pperv\code\unnamed_rpg\vendor\json-schema-validator\src\json-schema-draft7.json.cpp:9:
[build] C:\Users\pperv\code\unnamed_rpg\vendor\json\include\nlohmann/json.hpp(91,1): warning: empty macro arguments are incompatible with C++98 [-Wc++98-compat-pedantic]
[build] C:\Users\pperv\code\unnamed_rpg\vendor\json\include\nlohmann/detail/abi_macros.hpp(102,17): note: expanded from macro 'NLOHMANN_JSON_NAMESPACE_BEGIN'
[build]   102 |                 NLOHMANN_JSON_ABI_TAGS,              \
[build]       |                 ^
[build] C:\Users\pperv\code\unnamed_rpg\vendor\json\include\nlohmann/detail/abi_macros.hpp(65,5): note: expanded from macro 'NLOHMANN_JSON_ABI_TAGS'
[build]    65 |     NLOHMANN_JSON_ABI_TAGS_CONCAT(                                   \
[build]       |     ^
[build] C:\Users\pperv\code\unnamed_rpg\vendor\json\include\nlohmann/detail/abi_macros.hpp(62,42): note: expanded from macro 'NLOHMANN_JSON_ABI_TAGS_CONCAT'
[build]    62 |     NLOHMANN_JSON_ABI_TAGS_CONCAT_EX(a, b, c)
[build]       |                                          ^
[build] In file included from C:\Users\pperv\code\unnamed_rpg\vendor\json-schema-validator\src\json-schema-draft7.json.cpp:9:
[build] C:\Users\pperv\code\unnamed_rpg\vendor\json\include\nlohmann/json.hpp(91,1): warning: empty macro arguments are incompatible with C++98 [-Wc++98-compat-pedantic]
[build] C:\Users\pperv\code\unnamed_rpg\vendor\json\include\nlohmann/detail/abi_macros.hpp(102,17): note: expanded from macro 'NLOHMANN_JSON_NAMESPACE_BEGIN'
[build]   102 |                 NLOHMANN_JSON_ABI_TAGS,              \
[build]       |                 ^
[build] C:\Users\pperv\code\unnamed_rpg\vendor\json\include\nlohmann/detail/abi_macros.hpp(65,5): note: expanded from macro 'NLOHMANN_JSON_ABI_TAGS'
[build]    65 |     NLOHMANN_JSON_ABI_TAGS_CONCAT(                                   \
[build]       |     ^
[build] C:\Users\pperv\code\unnamed_rpg\vendor\json\include\nlohmann/detail/abi_macros.hpp(62,45): note: expanded from macro 'NLOHMANN_JSON_ABI_TAGS_CONCAT'
[build]    62 |     NLOHMANN_JSON_ABI_TAGS_CONCAT_EX(a, b, c)
[build]       |                                             ^
[build] In file included from C:\Users\pperv\code\unnamed_rpg\vendor\json-schema-validator\src\json-schema-draft7.json.cpp:9:
[build] C:\Users\pperv\code\unnamed_rpg\vendor\json\include\nlohmann/json.hpp(91,1): warning: inline namespaces are incompatible with C++98 [-Wc++98-compat]
[build] C:\Users\pperv\code\unnamed_rpg\vendor\json\include\nlohmann/detail/abi_macros.hpp(101,5): note: expanded from macro 'NLOHMANN_JSON_NAMESPACE_BEGIN'
[build]   101 |     inline namespace NLOHMANN_JSON_NAMESPACE_CONCAT( \
[build]       |     ^
[build] In file included from C:\Users\pperv\code\unnamed_rpg\vendor\json-schema-validator\src\json-schema-draft7.json.cpp:9:
[build] C:\Users\pperv\code\unnamed_rpg\vendor\json\include\nlohmann/json.hpp(126,1): warning: variadic templates are incompatible with C++98 [-Wc++98-compat]
[build]   126 | NLOHMANN_BASIC_JSON_TPL_DECLARATION
[build]       | ^
[build] C:\Users\pperv\code\unnamed_rpg\vendor\json\include\nlohmann/detail/macro_scope.hpp(337,51): note: expanded from macro 'NLOHMANN_BASIC_JSON_TPL_DECLARATION'
[build]   337 |     template<template<typename, typename, typename...> class ObjectType,   \
[build]       |                                                   ^
[build] In file included from C:\Users\pperv\code\unnamed_rpg\vendor\json-schema-validator\src\json-schema-draft7.json.cpp:9:
[build] C:\Users\pperv\code\unnamed_rpg\vendor\json\include\nlohmann/json.hpp(126,1): warning: variadic templates are incompatible with C++98 [-Wc++98-compat]
[build] C:\Users\pperv\code\unnamed_rpg\vendor\json\include\nlohmann/detail/macro_scope.hpp(338,41): note: expanded from macro 'NLOHMANN_BASIC_JSON_TPL_DECLARATION'
[build]   338 |              template<typename, typename...> class ArrayType,              \
[build]       |                                         ^
[build] In file included from C:\Users\pperv\code\unnamed_rpg\vendor\json-schema-validator\src\json-schema-draft7.json.cpp:9:
[build] C:\Users\pperv\code\unnamed_rpg\vendor\json\include\nlohmann/json.hpp(140,5): warning: non-class friend type '::nlohmann::detail::serializer<basic_json<ObjectType, ArrayType, StringType, BooleanType, NumberIntegerType, NumberUnsignedType, NumberFloatType, AllocatorType, JSONSerializer, BinaryType, CustomBaseClass>>' is incompatible with C++98 [-Wc++98-compat]
[build]   140 |     friend ::nlohmann::detail::serializer<basic_json>;
[build]       |     ^~~~~~~~~~~~~~~~~~~~~~~~~~~~~~~~~~~~~~~~~~~~~~~~~
[build] C:\Users\pperv\code\unnamed_rpg\vendor\json\include\nlohmann/json.hpp(154,26): warning: alias declarations are incompatible with C++98 [-Wc++98-compat]
[build]   154 |     using basic_json_t = NLOHMANN_BASIC_JSON_TPL;
[build]       |                          ^
[build] C:\Users\pperv\code\unnamed_rpg\vendor\json\include\nlohmann/detail/macro_scope.hpp(347,5): note: expanded from macro 'NLOHMANN_BASIC_JSON_TPL'
[build]   347 |     basic_json<ObjectType, ArrayType, StringType, BooleanType,             \
[build]       |     ^
[build] In file included from C:\Users\pperv\code\unnamed_rpg\vendor\json-schema-validator\src\json-schema-draft7.json.cpp:9:
[build] C:\Users\pperv\code\unnamed_rpg\vendor\json\include\nlohmann/json.hpp(155,31): warning: alias declarations are incompatible with C++98 [-Wc++98-compat]
[build]   155 |     using json_base_class_t = ::nlohmann::detail::json_base_class<CustomBaseClass>;
[build]       |                               ^
[build] C:\Users\pperv\code\unnamed_rpg\vendor\json\include\nlohmann/json.hpp(159,19): warning: alias declarations are incompatible with C++98 [-Wc++98-compat]
[build]   159 |     using lexer = ::nlohmann::detail::lexer_base<basic_json>;
[build]       |                   ^
[build] C:\Users\pperv\code\unnamed_rpg\vendor\json\include\nlohmann/json.hpp(175,34): warning: alias declarations are incompatible with C++98 [-Wc++98-compat]
[build]   175 |     using primitive_iterator_t = ::nlohmann::detail::primitive_iterator_t;
[build]       |                                  ^
[build] C:\Users\pperv\code\unnamed_rpg\vendor\json\include\nlohmann/json.hpp(177,31): warning: alias declarations are incompatible with C++98 [-Wc++98-compat]
[build]   177 |     using internal_iterator = ::nlohmann::detail::internal_iterator<BasicJsonType>;
[build]       |                               ^
[build] C:\Users\pperv\code\unnamed_rpg\vendor\json\include\nlohmann/json.hpp(179,23): warning: alias declarations are incompatible with C++98 [-Wc++98-compat]
[build]   179 |     using iter_impl = ::nlohmann::detail::iter_impl<BasicJsonType>;
[build]       |                       ^
[build] C:\Users\pperv\code\unnamed_rpg\vendor\json\include\nlohmann/json.hpp(181,29): warning: alias declarations are incompatible with C++98 [-Wc++98-compat]
[build]   181 |     using iteration_proxy = ::nlohmann::detail::iteration_proxy<Iterator>;
[build]       |                             ^
[build] C:\Users\pperv\code\unnamed_rpg\vendor\json\include\nlohmann/json.hpp(182,59): warning: alias declarations are incompatible with C++98 [-Wc++98-compat]
[build]   182 |     template<typename Base> using json_reverse_iterator = ::nlohmann::detail::json_reverse_iterator<Base>;
[build]       |                                                           ^
[build] C:\Users\pperv\code\unnamed_rpg\vendor\json\include\nlohmann/json.hpp(185,30): warning: alias declarations are incompatible with C++98 [-Wc++98-compat]
[build]   185 |     using output_adapter_t = ::nlohmann::detail::output_adapter_t<CharType>;
[build]       |                              ^
[build] C:\Users\pperv\code\unnamed_rpg\vendor\json\include\nlohmann/json.hpp(188,27): warning: alias declarations are incompatible with C++98 [-Wc++98-compat]
[build]   188 |     using binary_reader = ::nlohmann::detail::binary_reader<basic_json, InputType>;
[build]       |                           ^
[build] C:\Users\pperv\code\unnamed_rpg\vendor\json\include\nlohmann/json.hpp(189,55): warning: alias declarations are incompatible with C++98 [-Wc++98-compat]
[build]   189 |     template<typename CharType> using binary_writer = ::nlohmann::detail::binary_writer<basic_json, CharType>;
[build]       |                                                       ^
[build] C:\Users\pperv\code\unnamed_rpg\vendor\json\include\nlohmann/json.hpp(192,24): warning: alias declarations are incompatible with C++98 [-Wc++98-compat]
[build]   192 |     using serializer = ::nlohmann::detail::serializer<basic_json>;
[build]       |                        ^
[build] C:\Users\pperv\code\unnamed_rpg\vendor\json\include\nlohmann/json.hpp(195,21): warning: alias declarations are incompatible with C++98 [-Wc++98-compat]
[build]   195 |     using value_t = detail::value_t;
[build]       |                     ^
[build] C:\Users\pperv\code\unnamed_rpg\vendor\json\include\nlohmann/json.hpp(197,26): warning: alias declarations are incompatible with C++98 [-Wc++98-compat]
[build]   197 |     using json_pointer = ::nlohmann::json_pointer<StringType>;
[build]       |                          ^
[build] C:\Users\pperv\code\unnamed_rpg\vendor\json\include\nlohmann/json.hpp(199,29): warning: alias declarations are incompatible with C++98 [-Wc++98-compat]
[build]   199 |     using json_serializer = JSONSerializer<T, SFINAE>;
[build]       |                             ^
[build] C:\Users\pperv\code\unnamed_rpg\vendor\json\include\nlohmann/json.hpp(201,29): warning: alias declarations are incompatible with C++98 [-Wc++98-compat]
[build]   201 |     using error_handler_t = detail::error_handler_t;
[build]       |                             ^
[build] C:\Users\pperv\code\unnamed_rpg\vendor\json\include\nlohmann/json.hpp(203,32): warning: alias declarations are incompatible with C++98 [-Wc++98-compat]
[build]   203 |     using cbor_tag_handler_t = detail::cbor_tag_handler_t;
[build]       |                                ^
[build] C:\Users\pperv\code\unnamed_rpg\vendor\json\include\nlohmann/json.hpp(205,30): warning: alias declarations are incompatible with C++98 [-Wc++98-compat]
[build]   205 |     using bjdata_version_t = detail::bjdata_version_t;
[build]       |                              ^
[build] C:\Users\pperv\code\unnamed_rpg\vendor\json\include\nlohmann/json.hpp(207,32): warning: alias declarations are incompatible with C++98 [-Wc++98-compat]
[build]   207 |     using initializer_list_t = std::initializer_list<detail::json_ref<basic_json>>;
[build]       |                                ^
[build] C:\Users\pperv\code\unnamed_rpg\vendor\json\include\nlohmann/json.hpp(207,81): warning: consecutive right angle brackets are incompatible with C++98 (use '> >') [-Wc++98-compat]
[build]   207 |     using initializer_list_t = std::initializer_list<detail::json_ref<basic_json>>;
[build]       |                                                                                 ^~
[build]       |                                                                                 > >
[build] C:\Users\pperv\code\unnamed_rpg\vendor\json\include\nlohmann/json.hpp(209,28): warning: alias declarations are incompatible with C++98 [-Wc++98-compat]
[build]   209 |     using input_format_t = detail::input_format_t;
[build]       |                            ^
[build] C:\Users\pperv\code\unnamed_rpg\vendor\json\include\nlohmann/json.hpp(211,24): warning: alias declarations are incompatible with C++98 [-Wc++98-compat]
[build]   211 |     using json_sax_t = json_sax<basic_json>;
[build]       |                        ^
[build] C:\Users\pperv\code\unnamed_rpg\vendor\json\include\nlohmann/json.hpp(221,23): warning: alias declarations are incompatible with C++98 [-Wc++98-compat]
[build]   221 |     using exception = detail::exception;
[build]       |                       ^
[build] C:\Users\pperv\code\unnamed_rpg\vendor\json\include\nlohmann/json.hpp(222,25): warning: alias declarations are incompatible with C++98 [-Wc++98-compat]
[build]   222 |     using parse_error = detail::parse_error;
[build]       |                         ^
[build] C:\Users\pperv\code\unnamed_rpg\vendor\json\include\nlohmann/json.hpp(223,30): warning: alias declarations are incompatible with C++98 [-Wc++98-compat]
[build]   223 |     using invalid_iterator = detail::invalid_iterator;
[build]       |                              ^
[build] C:\Users\pperv\code\unnamed_rpg\vendor\json\include\nlohmann/json.hpp(224,24): warning: alias declarations are incompatible with C++98 [-Wc++98-compat]
[build]   224 |     using type_error = detail::type_error;
[build]       |                        ^
[build] C:\Users\pperv\code\unnamed_rpg\vendor\json\include\nlohmann/json.hpp(225,26): warning: alias declarations are incompatible with C++98 [-Wc++98-compat]
[build]   225 |     using out_of_range = detail::out_of_range;
[build]       |                          ^
[build] C:\Users\pperv\code\unnamed_rpg\vendor\json\include\nlohmann/json.hpp(226,25): warning: alias declarations are incompatible with C++98 [-Wc++98-compat]
[build]   226 |     using other_error = detail::other_error;
[build]       |                         ^
[build] C:\Users\pperv\code\unnamed_rpg\vendor\json\include\nlohmann/json.hpp(240,24): warning: alias declarations are incompatible with C++98 [-Wc++98-compat]
[build]   240 |     using value_type = basic_json;
[build]       |                        ^
[build] C:\Users\pperv\code\unnamed_rpg\vendor\json\include\nlohmann/json.hpp(243,23): warning: alias declarations are incompatible with C++98 [-Wc++98-compat]
[build]   243 |     using reference = value_type&;
[build]       |                       ^
[build] C:\Users\pperv\code\unnamed_rpg\vendor\json\include\nlohmann/json.hpp(245,29): warning: alias declarations are incompatible with C++98 [-Wc++98-compat]
[build]   245 |     using const_reference = const value_type&;
[build]       |                             ^
[build] C:\Users\pperv\code\unnamed_rpg\vendor\json\include\nlohmann/json.hpp(248,29): warning: alias declarations are incompatible with C++98 [-Wc++98-compat]
[build]   248 |     using difference_type = std::ptrdiff_t;
[build]       |                             ^
[build] C:\Users\pperv\code\unnamed_rpg\vendor\json\include\nlohmann/json.hpp(250,23): warning: alias declarations are incompatible with C++98 [-Wc++98-compat]
[build]   250 |     using size_type = std::size_t;
[build]       |                       ^
[build] C:\Users\pperv\code\unnamed_rpg\vendor\json\include\nlohmann/json.hpp(253,28): warning: alias declarations are incompatible with C++98 [-Wc++98-compat]
[build]   253 |     using allocator_type = AllocatorType<basic_json>;
[build]       |                            ^
[build] C:\Users\pperv\code\unnamed_rpg\vendor\json\include\nlohmann/json.hpp(256,21): warning: alias declarations are incompatible with C++98 [-Wc++98-compat]
[build]   256 |     using pointer = typename std::allocator_traits<allocator_type>::pointer;
[build]       |                     ^
[build] C:\Users\pperv\code\unnamed_rpg\vendor\json\include\nlohmann/json.hpp(258,27): warning: alias declarations are incompatible with C++98 [-Wc++98-compat]
[build]   258 |     using const_pointer = typename std::allocator_traits<allocator_type>::const_pointer;
[build]       |                           ^
[build] C:\Users\pperv\code\unnamed_rpg\vendor\json\include\nlohmann/json.hpp(261,22): warning: alias declarations are incompatible with C++98 [-Wc++98-compat]
[build]   261 |     using iterator = iter_impl<basic_json>;
[build]       |                      ^
[build] C:\Users\pperv\code\unnamed_rpg\vendor\json\include\nlohmann/json.hpp(263,28): warning: alias declarations are incompatible with C++98 [-Wc++98-compat]
[build]   263 |     using const_iterator = iter_impl<const basic_json>;
[build]       |                            ^
[build] C:\Users\pperv\code\unnamed_rpg\vendor\json\include\nlohmann/json.hpp(265,30): warning: alias declarations are incompatible with C++98 [-Wc++98-compat]
[build]   265 |     using reverse_iterator = json_reverse_iterator<typename basic_json::iterator>;
[build]       |                              ^
[build] C:\Users\pperv\code\unnamed_rpg\vendor\json\include\nlohmann/json.hpp(267,36): warning: alias declarations are incompatible with C++98 [-Wc++98-compat]
[build]   267 |     using const_reverse_iterator = json_reverse_iterator<typename basic_json::const_iterator>;
[build]       |                                    ^
[build] C:\Users\pperv\code\unnamed_rpg\vendor\json\include\nlohmann/json.hpp(359,41): warning: alias declarations are incompatible with C++98 [-Wc++98-compat]
[build]   359 |     using default_object_comparator_t = std::less<>;
[build]       |                                         ^
[build] C:\Users\pperv\code\unnamed_rpg\vendor\json\include\nlohmann/json.hpp(366,22): warning: alias declarations are incompatible with C++98 [-Wc++98-compat]
[build]   366 |     using object_t = ObjectType<StringType,
[build]       |                      ^
[build] C:\Users\pperv\code\unnamed_rpg\vendor\json\include\nlohmann/json.hpp(370,21): warning: consecutive right angle brackets are incompatible with C++98 (use '> >') [-Wc++98-compat]
[build]   370 |           basic_json>>>;
[build]       |                     ^~
[build]       |                     > > 
[build] C:\Users\pperv\code\unnamed_rpg\vendor\json\include\nlohmann/json.hpp(374,21): warning: alias declarations are incompatible with C++98 [-Wc++98-compat]
[build]   374 |     using array_t = ArrayType<basic_json, AllocatorType<basic_json>>;
[build]       |                     ^
[build] C:\Users\pperv\code\unnamed_rpg\vendor\json\include\nlohmann/json.hpp(374,67): warning: consecutive right angle brackets are incompatible with C++98 (use '> >') [-Wc++98-compat]
[build]   374 |     using array_t = ArrayType<basic_json, AllocatorType<basic_json>>;
[build]       |                                                                   ^~
[build]       |                                                                   > >
[build] C:\Users\pperv\code\unnamed_rpg\vendor\json\include\nlohmann/json.hpp(378,22): warning: alias declarations are incompatible with C++98 [-Wc++98-compat]
[build]   378 |     using string_t = StringType;
[build]       |                      ^
[build] C:\Users\pperv\code\unnamed_rpg\vendor\json\include\nlohmann/json.hpp(382,23): warning: alias declarations are incompatible with C++98 [-Wc++98-compat]
[build]   382 |     using boolean_t = BooleanType;
[build]       |                       ^
[build] C:\Users\pperv\code\unnamed_rpg\vendor\json\include\nlohmann/json.hpp(386,30): warning: alias declarations are incompatible with C++98 [-Wc++98-compat]
[build]   386 |     using number_integer_t = NumberIntegerType;
[build]       |                              ^
[build] C:\Users\pperv\code\unnamed_rpg\vendor\json\include\nlohmann/json.hpp(390,31): warning: alias declarations are incompatible with C++98 [-Wc++98-compat]
[build]   390 |     using number_unsigned_t = NumberUnsignedType;
[build]       |                               ^
[build] C:\Users\pperv\code\unnamed_rpg\vendor\json\include\nlohmann/json.hpp(394,28): warning: alias declarations are incompatible with C++98 [-Wc++98-compat]
[build]   394 |     using number_float_t = NumberFloatType;
[build]       |                            ^
[build] C:\Users\pperv\code\unnamed_rpg\vendor\json\include\nlohmann/json.hpp(398,22): warning: alias declarations are incompatible with C++98 [-Wc++98-compat]
[build]   398 |     using binary_t = nlohmann::byte_container_with_subtype<BinaryType>;
[build]       |                      ^
[build] C:\Users\pperv\code\unnamed_rpg\vendor\json\include\nlohmann/json.hpp(402,33): warning: alias declarations are incompatible with C++98 [-Wc++98-compat]
[build]   402 |     using object_comparator_t = detail::actual_object_comparator_t<basic_json>;
[build]       |                                 ^
[build] C:\Users\pperv\code\unnamed_rpg\vendor\json\include\nlohmann/json.hpp(409,34): warning: variadic templates are incompatible with C++98 [-Wc++98-compat]
[build]   409 |     template<typename T, typename... Args>
[build]       |                                  ^
[build] C:\Users\pperv\code\unnamed_rpg\vendor\json\include\nlohmann/json.hpp(411,26): warning: rvalue references are incompatible with C++98 [-Wc++98-compat]
[build]   411 |     static T* create(Args&& ... args)
[build]       |                          ^
[build] C:\Users\pperv\code\unnamed_rpg\vendor\json\include\nlohmann/json.hpp(476,24): warning: defaulted function definitions are incompatible with C++98 [-Wc++98-compat]
[build]   476 |         json_value() = default;
[build]       |                        ^
[build] C:\Users\pperv\code\unnamed_rpg\vendor\json\include\nlohmann/json.hpp(478,42): warning: noexcept specifications are incompatible with C++98 [-Wc++98-compat]
[build]   478 |         json_value(boolean_t v) noexcept : boolean(v) {}
[build]       |                                          ^
[build] C:\Users\pperv\code\unnamed_rpg\vendor\json\include\nlohmann/json.hpp(480,49): warning: noexcept specifications are incompatible with C++98 [-Wc++98-compat]
[build]   480 |         json_value(number_integer_t v) noexcept : number_integer(v) {}
[build]       |                                                 ^
[build] C:\Users\pperv\code\unnamed_rpg\vendor\json\include\nlohmann/json.hpp(482,50): warning: noexcept specifications are incompatible with C++98 [-Wc++98-compat]
[build]   482 |         json_value(number_unsigned_t v) noexcept : number_unsigned(v) {}
[build]       |                                                  ^
[build] C:\Users\pperv\code\unnamed_rpg\vendor\json\include\nlohmann/json.hpp(484,47): warning: noexcept specifications are incompatible with C++98 [-Wc++98-compat]
[build]   484 |         json_value(number_float_t v) noexcept : number_float(v) {}
[build]       |                                               ^
[build] C:\Users\pperv\code\unnamed_rpg\vendor\json\include\nlohmann/json.hpp(561,28): warning: rvalue references are incompatible with C++98 [-Wc++98-compat]
[build]   561 |         json_value(string_t&& value) : string(create<string_t>(std::move(value))) {}
[build]       |                            ^
[build] C:\Users\pperv\code\unnamed_rpg\vendor\json\include\nlohmann/json.hpp(567,28): warning: rvalue references are incompatible with C++98 [-Wc++98-compat]
[build]   567 |         json_value(object_t&& value) : object(create<object_t>(std::move(value))) {}
[build]       |                            ^
[build] C:\Users\pperv\code\unnamed_rpg\vendor\json\include\nlohmann/json.hpp(573,27): warning: rvalue references are incompatible with C++98 [-Wc++98-compat]
[build]   573 |         json_value(array_t&& value) : array(create<array_t>(std::move(value))) {}
[build]       |                           ^
[build] C:\Users\pperv\code\unnamed_rpg\vendor\json\include\nlohmann/json.hpp(579,53): warning: rvalue references are incompatible with C++98 [-Wc++98-compat]
[build]   579 |         json_value(typename binary_t::container_type&& value) : binary(create<binary_t>(std::move(value))) {}
[build]       |                                                     ^
[build] C:\Users\pperv\code\unnamed_rpg\vendor\json\include\nlohmann/json.hpp(585,28): warning: rvalue references are incompatible with C++98 [-Wc++98-compat]
[build]   585 |         json_value(binary_t&& value) : binary(create<binary_t>(std::move(value))) {}
[build]       |                            ^
[build] C:\Users\pperv\code\unnamed_rpg\vendor\json\include\nlohmann/json.hpp(716,5): warning: noexcept specifications are incompatible with C++98 [-Wc++98-compat]
[build]   716 |     {
[build]       |     ^
[build] C:\Users\pperv\code\unnamed_rpg\vendor\json\include\nlohmann/json.hpp(831,27): warning: alias declarations are incompatible with C++98 [-Wc++98-compat]
[build]   831 |     using parse_event_t = detail::parse_event_t;
[build]       |                           ^
[build] C:\Users\pperv\code\unnamed_rpg\vendor\json\include\nlohmann/json.hpp(835,31): warning: alias declarations are incompatible with C++98 [-Wc++98-compat]
[build]   835 |     using parser_callback_t = detail::parser_callback_t<basic_json>;
[build]       |                               ^
[build] C:\Users\pperv\code\unnamed_rpg\vendor\json\include\nlohmann/json.hpp(857,9): warning: noexcept specifications are incompatible with C++98 [-Wc++98-compat]
[build]   857 |         : basic_json(value_t::null)
[build]       |         ^
[build] C:\Users\pperv\code\unnamed_rpg\vendor\json\include\nlohmann/json.hpp(868,31): warning: rvalue references are incompatible with C++98 [-Wc++98-compat]
[build]   868 |     basic_json(CompatibleType && val) noexcept(noexcept( // NOLINT(bugprone-forwarding-reference-overload,bugprone-exception-escape)
[build]       |                               ^
[build] C:\Users\pperv\code\unnamed_rpg\vendor\json\include\nlohmann/json.hpp(865,25): warning: default template arguments for a function template are incompatible with C++98 [-Wc++98-compat]
[build]   865 |                typename U = detail::uncvref_t<CompatibleType>,
[build]       |                         ^   ~~~~~~~~~~~~~~~~~~~~~~~~~~~~~~~~~
[build] C:\Users\pperv\code\unnamed_rpg\vendor\json\include\nlohmann/json.hpp(867,114): warning: default template arguments for a function template are incompatible with C++98 [-Wc++98-compat]
[build]   867 |                    !detail::is_basic_json<U>::value && detail::is_compatible_type<basic_json_t, U>::value, int > = 0 >
[build]       |                                                                                                                  ^ ~
[build] C:\Users\pperv\code\unnamed_rpg\vendor\json\include\nlohmann/json.hpp(881,121): warning: default template arguments for a function template are incompatible with C++98 [-Wc++98-compat]
[build]   881 |                    detail::is_basic_json<BasicJsonType>::value&& !std::is_same<basic_json, BasicJsonType>::value, int > = 0 >
[build]       |                                                                                                                         ^ ~
[build] C:\Users\pperv\code\unnamed_rpg\vendor\json\include\nlohmann/json.hpp(1030,63): warning: rvalue references are incompatible with C++98 [-Wc++98-compat]
[build]  1030 |     static basic_json binary(typename binary_t::container_type&& init)
[build]       |                                                               ^
[build] C:\Users\pperv\code\unnamed_rpg\vendor\json\include\nlohmann/json.hpp(1041,63): warning: rvalue references are incompatible with C++98 [-Wc++98-compat]
[build]  1041 |     static basic_json binary(typename binary_t::container_type&& init, typename binary_t::subtype_type subtype)
[build]       |                                                               ^
[build] C:\Users\pperv\code\unnamed_rpg\vendor\json\include\nlohmann/json.hpp(1078,101): warning: default template arguments for a function template are incompatible with C++98 [-Wc++98-compat]
[build]  1078 |                    std::is_same<InputIT, typename basic_json_t::const_iterator>::value, int >::type = 0 >
[build]       |                                                                                                     ^ ~
[build] C:\Users\pperv\code\unnamed_rpg\vendor\json\include\nlohmann/json.hpp(1187,87): warning: consecutive right angle brackets are incompatible with C++98 (use '> >') [-Wc++98-compat]
[build]  1187 |                                  std::is_same<typename JsonRef::value_type, basic_json>>::value, int> = 0 >
[build]       |                                                                                       ^~
[build]       |                                                                                       > >
[build] C:\Users\pperv\code\unnamed_rpg\vendor\json\include\nlohmann/json.hpp(1187,103): warning: default template arguments for a function template are incompatible with C++98 [-Wc++98-compat]
[build]  1187 |                                  std::is_same<typename JsonRef::value_type, basic_json>>::value, int> = 0 >
[build]       |                                                                                                       ^ ~
[build] C:\Users\pperv\code\unnamed_rpg\vendor\json\include\nlohmann/json.hpp(1265,26): warning: rvalue references are incompatible with C++98 [-Wc++98-compat]
[build]  1265 |     basic_json(basic_json&& other) noexcept
[build]       |                          ^
[build] C:\Users\pperv\code\unnamed_rpg\vendor\json\include\nlohmann/json.hpp(1266,9): warning: noexcept specifications are incompatible with C++98 [-Wc++98-compat]
[build]  1266 |         : json_base_class_t(std::forward<json_base_class_t>(other)),
[build]       |         ^
[build] C:\Users\pperv\code\unnamed_rpg\vendor\json\include\nlohmann/json.hpp(1321,5): warning: noexcept specifications are incompatible with C++98 [-Wc++98-compat]
[build]  1321 |     {
[build]       |     ^
[build] C:\Users\pperv\code\unnamed_rpg\vendor\json\include\nlohmann/json.hpp(1360,5): warning: 'constexpr' specifier is incompatible with C++98 [-Wc++98-compat]
[build]  1360 |     constexpr value_t type() const noexcept
[build]       |     ^
[build] C:\Users\pperv\code\unnamed_rpg\vendor\json\include\nlohmann/json.hpp(1361,5): warning: noexcept specifications are incompatible with C++98 [-Wc++98-compat]
[build]  1361 |     {
[build]       |     ^
[build] C:\Users\pperv\code\unnamed_rpg\vendor\json\include\nlohmann/json.hpp(1367,5): warning: 'constexpr' specifier is incompatible with C++98 [-Wc++98-compat]
[build]  1367 |     constexpr bool is_primitive() const noexcept
[build]       |     ^
[build] C:\Users\pperv\code\unnamed_rpg\vendor\json\include\nlohmann/json.hpp(1368,5): warning: noexcept specifications are incompatible with C++98 [-Wc++98-compat]
[build]  1368 |     {
[build]       |     ^
[build] C:\Users\pperv\code\unnamed_rpg\vendor\json\include\nlohmann/json.hpp(1374,5): warning: 'constexpr' specifier is incompatible with C++98 [-Wc++98-compat]
[build]  1374 |     constexpr bool is_structured() const noexcept
[build]       |     ^
[build] C:\Users\pperv\code\unnamed_rpg\vendor\json\include\nlohmann/json.hpp(1375,5): warning: noexcept specifications are incompatible with C++98 [-Wc++98-compat]
[build]  1375 |     {
[build]       |     ^
[build] C:\Users\pperv\code\unnamed_rpg\vendor\json\include\nlohmann/json.hpp(1381,5): warning: 'constexpr' specifier is incompatible with C++98 [-Wc++98-compat]
[build]  1381 |     constexpr bool is_null() const noexcept
[build]       |     ^
[build] C:\Users\pperv\code\unnamed_rpg\vendor\json\include\nlohmann/json.hpp(1382,5): warning: noexcept specifications are incompatible with C++98 [-Wc++98-compat]
[build]  1382 |     {
[build]       |     ^
[build] C:\Users\pperv\code\unnamed_rpg\vendor\json\include\nlohmann/json.hpp(1388,5): warning: 'constexpr' specifier is incompatible with C++98 [-Wc++98-compat]
[build]  1388 |     constexpr bool is_boolean() const noexcept
[build]       |     ^
[build] C:\Users\pperv\code\unnamed_rpg\vendor\json\include\nlohmann/json.hpp(1389,5): warning: noexcept specifications are incompatible with C++98 [-Wc++98-compat]
[build]  1389 |     {
[build]       |     ^
[build] C:\Users\pperv\code\unnamed_rpg\vendor\json\include\nlohmann/json.hpp(1395,5): warning: 'constexpr' specifier is incompatible with C++98 [-Wc++98-compat]
[build]  1395 |     constexpr bool is_number() const noexcept
[build]       |     ^
[build] C:\Users\pperv\code\unnamed_rpg\vendor\json\include\nlohmann/json.hpp(1396,5): warning: noexcept specifications are incompatible with C++98 [-Wc++98-compat]
[build]  1396 |     {
[build]       |     ^
[build] C:\Users\pperv\code\unnamed_rpg\vendor\json\include\nlohmann/json.hpp(1402,5): warning: 'constexpr' specifier is incompatible with C++98 [-Wc++98-compat]
[build]  1402 |     constexpr bool is_number_integer() const noexcept
[build]       |     ^
[build] C:\Users\pperv\code\unnamed_rpg\vendor\json\include\nlohmann/json.hpp(1403,5): warning: noexcept specifications are incompatible with C++98 [-Wc++98-compat]
[build]  1403 |     {
[build]       |     ^
[build] C:\Users\pperv\code\unnamed_rpg\vendor\json\include\nlohmann/json.hpp(1409,5): warning: 'constexpr' specifier is incompatible with C++98 [-Wc++98-compat]
[build]  1409 |     constexpr bool is_number_unsigned() const noexcept
[build]       |     ^
[build] C:\Users\pperv\code\unnamed_rpg\vendor\json\include\nlohmann/json.hpp(1410,5): warning: noexcept specifications are incompatible with C++98 [-Wc++98-compat]
[build]  1410 |     {
[build]       |     ^
[build] C:\Users\pperv\code\unnamed_rpg\vendor\json\include\nlohmann/json.hpp(1416,5): warning: 'constexpr' specifier is incompatible with C++98 [-Wc++98-compat]
[build]  1416 |     constexpr bool is_number_float() const noexcept
[build]       |     ^
[build] C:\Users\pperv\code\unnamed_rpg\vendor\json\include\nlohmann/json.hpp(1417,5): warning: noexcept specifications are incompatible with C++98 [-Wc++98-compat]
[build]  1417 |     {
[build]       |     ^
[build] C:\Users\pperv\code\unnamed_rpg\vendor\json\include\nlohmann/json.hpp(1423,5): warning: 'constexpr' specifier is incompatible with C++98 [-Wc++98-compat]
[build]  1423 |     constexpr bool is_object() const noexcept
[build]       |     ^
[build] C:\Users\pperv\code\unnamed_rpg\vendor\json\include\nlohmann/json.hpp(1424,5): warning: noexcept specifications are incompatible with C++98 [-Wc++98-compat]
[build]  1424 |     {
[build]       |     ^
[build] C:\Users\pperv\code\unnamed_rpg\vendor\json\include\nlohmann/json.hpp(1430,5): warning: 'constexpr' specifier is incompatible with C++98 [-Wc++98-compat]
[build]  1430 |     constexpr bool is_array() const noexcept
[build]       |     ^
[build] C:\Users\pperv\code\unnamed_rpg\vendor\json\include\nlohmann/json.hpp(1431,5): warning: noexcept specifications are incompatible with C++98 [-Wc++98-compat]
[build]  1431 |     {
[build]       |     ^
[build] C:\Users\pperv\code\unnamed_rpg\vendor\json\include\nlohmann/json.hpp(1437,5): warning: 'constexpr' specifier is incompatible with C++98 [-Wc++98-compat]
[build]  1437 |     constexpr bool is_string() const noexcept
[build]       |     ^
[build] C:\Users\pperv\code\unnamed_rpg\vendor\json\include\nlohmann/json.hpp(1438,5): warning: noexcept specifications are incompatible with C++98 [-Wc++98-compat]
[build]  1438 |     {
[build]       |     ^
[build] C:\Users\pperv\code\unnamed_rpg\vendor\json\include\nlohmann/json.hpp(1444,5): warning: 'constexpr' specifier is incompatible with C++98 [-Wc++98-compat]
[build]  1444 |     constexpr bool is_binary() const noexcept
[build]       |     ^
[build] C:\Users\pperv\code\unnamed_rpg\vendor\json\include\nlohmann/json.hpp(1445,5): warning: noexcept specifications are incompatible with C++98 [-Wc++98-compat]
[build]  1445 |     {
[build]       |     ^
[build] C:\Users\pperv\code\unnamed_rpg\vendor\json\include\nlohmann/json.hpp(1451,5): warning: 'constexpr' specifier is incompatible with C++98 [-Wc++98-compat]
[build]  1451 |     constexpr bool is_discarded() const noexcept
[build]       |     ^
[build] C:\Users\pperv\code\unnamed_rpg\vendor\json\include\nlohmann/json.hpp(1452,5): warning: noexcept specifications are incompatible with C++98 [-Wc++98-compat]
[build]  1452 |     {
[build]       |     ^
[build] C:\Users\pperv\code\unnamed_rpg\vendor\json\include\nlohmann/json.hpp(1458,5): warning: 'constexpr' specifier is incompatible with C++98 [-Wc++98-compat]
[build]  1458 |     constexpr operator value_t() const noexcept
[build]       |     ^
[build] C:\Users\pperv\code\unnamed_rpg\vendor\json\include\nlohmann/json.hpp(1459,5): warning: noexcept specifications are incompatible with C++98 [-Wc++98-compat]
[build]  1459 |     {
[build]       |     ^
[build] C:\Users\pperv\code\unnamed_rpg\vendor\json\include\nlohmann/json.hpp(1483,5): warning: noexcept specifications are incompatible with C++98 [-Wc++98-compat]
[build]  1483 |     {
[build]       |     ^
[build] C:\Users\pperv\code\unnamed_rpg\vendor\json\include\nlohmann/json.hpp(1488,5): warning: 'constexpr' specifier is incompatible with C++98 [-Wc++98-compat]
[build]  1488 |     constexpr const object_t* get_impl_ptr(const object_t* /*unused*/) const noexcept
[build]       |     ^
[build] C:\Users\pperv\code\unnamed_rpg\vendor\json\include\nlohmann/json.hpp(1489,5): warning: noexcept specifications are incompatible with C++98 [-Wc++98-compat]
[build]  1489 |     {
[build]       |     ^
[build] C:\Users\pperv\code\unnamed_rpg\vendor\json\include\nlohmann/json.hpp(1495,5): warning: noexcept specifications are incompatible with C++98 [-Wc++98-compat]
[build]  1495 |     {
[build]       |     ^
[build] C:\Users\pperv\code\unnamed_rpg\vendor\json\include\nlohmann/json.hpp(1500,5): warning: 'constexpr' specifier is incompatible with C++98 [-Wc++98-compat]
[build]  1500 |     constexpr const array_t* get_impl_ptr(const array_t* /*unused*/) const noexcept
[build]       |     ^
[build] C:\Users\pperv\code\unnamed_rpg\vendor\json\include\nlohmann/json.hpp(1501,5): warning: noexcept specifications are incompatible with C++98 [-Wc++98-compat]
[build]  1501 |     {
[build]       |     ^
[build] C:\Users\pperv\code\unnamed_rpg\vendor\json\include\nlohmann/json.hpp(1507,5): warning: noexcept specifications are incompatible with C++98 [-Wc++98-compat]
[build]  1507 |     {
[build]       |     ^
[build] C:\Users\pperv\code\unnamed_rpg\vendor\json\include\nlohmann/json.hpp(1512,5): warning: 'constexpr' specifier is incompatible with C++98 [-Wc++98-compat]
[build]  1512 |     constexpr const string_t* get_impl_ptr(const string_t* /*unused*/) const noexcept
[build]       |     ^
[build] C:\Users\pperv\code\unnamed_rpg\vendor\json\include\nlohmann/json.hpp(1513,5): warning: noexcept specifications are incompatible with C++98 [-Wc++98-compat]
[build]  1513 |     {
[build]       |     ^
[build] C:\Users\pperv\code\unnamed_rpg\vendor\json\include\nlohmann/json.hpp(1519,5): warning: noexcept specifications are incompatible with C++98 [-Wc++98-compat]
[build]  1519 |     {
[build]       |     ^
[build] C:\Users\pperv\code\unnamed_rpg\vendor\json\include\nlohmann/json.hpp(1524,5): warning: 'constexpr' specifier is incompatible with C++98 [-Wc++98-compat]
[build]  1524 |     constexpr const boolean_t* get_impl_ptr(const boolean_t* /*unused*/) const noexcept
[build]       |     ^
[build] C:\Users\pperv\code\unnamed_rpg\vendor\json\include\nlohmann/json.hpp(1525,5): warning: noexcept specifications are incompatible with C++98 [-Wc++98-compat]
[build]  1525 |     {
[build]       |     ^
[build] C:\Users\pperv\code\unnamed_rpg\vendor\json\include\nlohmann/json.hpp(1531,5): warning: noexcept specifications are incompatible with C++98 [-Wc++98-compat]
[build]  1531 |     {
[build]       |     ^
[build] C:\Users\pperv\code\unnamed_rpg\vendor\json\include\nlohmann/json.hpp(1536,5): warning: 'constexpr' specifier is incompatible with C++98 [-Wc++98-compat]
[build]  1536 |     constexpr const number_integer_t* get_impl_ptr(const number_integer_t* /*unused*/) const noexcept
[build]       |     ^
[build] C:\Users\pperv\code\unnamed_rpg\vendor\json\include\nlohmann/json.hpp(1537,5): warning: noexcept specifications are incompatible with C++98 [-Wc++98-compat]
[build]  1537 |     {
[build]       |     ^
[build] C:\Users\pperv\code\unnamed_rpg\vendor\json\include\nlohmann/json.hpp(1543,5): warning: noexcept specifications are incompatible with C++98 [-Wc++98-compat]
[build]  1543 |     {
[build]       |     ^
[build] C:\Users\pperv\code\unnamed_rpg\vendor\json\include\nlohmann/json.hpp(1548,5): warning: 'constexpr' specifier is incompatible with C++98 [-Wc++98-compat]
[build]  1548 |     constexpr const number_unsigned_t* get_impl_ptr(const number_unsigned_t* /*unused*/) const noexcept
[build]       |     ^
[build] C:\Users\pperv\code\unnamed_rpg\vendor\json\include\nlohmann/json.hpp(1549,5): warning: noexcept specifications are incompatible with C++98 [-Wc++98-compat]
[build]  1549 |     {
[build]       |     ^
[build] C:\Users\pperv\code\unnamed_rpg\vendor\json\include\nlohmann/json.hpp(1555,5): warning: noexcept specifications are incompatible with C++98 [-Wc++98-compat]
[build]  1555 |     {
[build]       |     ^
[build] C:\Users\pperv\code\unnamed_rpg\vendor\json\include\nlohmann/json.hpp(1560,5): warning: 'constexpr' specifier is incompatible with C++98 [-Wc++98-compat]
[build]  1560 |     constexpr const number_float_t* get_impl_ptr(const number_float_t* /*unused*/) const noexcept
[build]       |     ^
[build] C:\Users\pperv\code\unnamed_rpg\vendor\json\include\nlohmann/json.hpp(1561,5): warning: noexcept specifications are incompatible with C++98 [-Wc++98-compat]
[build]  1561 |     {
[build]       |     ^
[build] C:\Users\pperv\code\unnamed_rpg\vendor\json\include\nlohmann/json.hpp(1567,5): warning: noexcept specifications are incompatible with C++98 [-Wc++98-compat]
[build]  1567 |     {
[build]       |     ^
[build] C:\Users\pperv\code\unnamed_rpg\vendor\json\include\nlohmann/json.hpp(1572,5): warning: 'constexpr' specifier is incompatible with C++98 [-Wc++98-compat]
[build]  1572 |     constexpr const binary_t* get_impl_ptr(const binary_t* /*unused*/) const noexcept
[build]       |     ^
[build] C:\Users\pperv\code\unnamed_rpg\vendor\json\include\nlohmann/json.hpp(1573,5): warning: noexcept specifications are incompatible with C++98 [-Wc++98-compat]
[build]  1573 |     {
[build]       |     ^
[build] C:\Users\pperv\code\unnamed_rpg\vendor\json\include\nlohmann/json.hpp(1611,29): warning: noexcept specifications are incompatible with C++98 [-Wc++98-compat]
[build]  1611 |     auto get_ptr() noexcept -> decltype(std::declval<basic_json_t&>().get_impl_ptr(std::declval<PointerType>()))
[build]       |                             ^
[build] C:\Users\pperv\code\unnamed_rpg\vendor\json\include\nlohmann/json.hpp(1611,29): warning: trailing return types are incompatible with C++98 [-Wc++98-compat]
[build] C:\Users\pperv\code\unnamed_rpg\vendor\json\include\nlohmann/json.hpp(1611,32): warning: 'decltype' type specifier is incompatible with C++98 [-Wc++98-compat]
[build]  1611 |     auto get_ptr() noexcept -> decltype(std::declval<basic_json_t&>().get_impl_ptr(std::declval<PointerType>()))
[build]       |                                ^
[build] C:\Users\pperv\code\unnamed_rpg\vendor\json\include\nlohmann/json.hpp(1610,66): warning: default template arguments for a function template are incompatible with C++98 [-Wc++98-compat]
[build]  1610 |                  std::is_pointer<PointerType>::value, int>::type = 0>
[build]       |                                                                  ^ ~
[build] C:\Users\pperv\code\unnamed_rpg\vendor\json\include\nlohmann/json.hpp(1622,5): warning: 'constexpr' specifier is incompatible with C++98 [-Wc++98-compat]
[build]  1622 |     constexpr auto get_ptr() const noexcept -> decltype(std::declval<const basic_json_t&>().get_impl_ptr(std::declval<PointerType>()))
[build]       |     ^
[build] C:\Users\pperv\code\unnamed_rpg\vendor\json\include\nlohmann/json.hpp(1622,45): warning: noexcept specifications are incompatible with C++98 [-Wc++98-compat]
[build]  1622 |     constexpr auto get_ptr() const noexcept -> decltype(std::declval<const basic_json_t&>().get_impl_ptr(std::declval<PointerType>()))
[build]       |                                             ^
[build] C:\Users\pperv\code\unnamed_rpg\vendor\json\include\nlohmann/json.hpp(1622,45): warning: trailing return types are incompatible with C++98 [-Wc++98-compat]
[build] C:\Users\pperv\code\unnamed_rpg\vendor\json\include\nlohmann/json.hpp(1622,48): warning: 'decltype' type specifier is incompatible with C++98 [-Wc++98-compat]
[build]  1622 |     constexpr auto get_ptr() const noexcept -> decltype(std::declval<const basic_json_t&>().get_impl_ptr(std::declval<PointerType>()))
[build]       |                                                ^
[build] C:\Users\pperv\code\unnamed_rpg\vendor\json\include\nlohmann/json.hpp(1621,103): warning: default template arguments for a function template are incompatible with C++98 [-Wc++98-compat]
[build]  1621 |                    std::is_const<typename std::remove_pointer<PointerType>::type>::value, int >::type = 0 >
[build]       |                                                                                                       ^ ~
[build] C:\Users\pperv\code\unnamed_rpg\vendor\json\include\nlohmann/json.hpp(1671,26): warning: default template arguments for a function template are incompatible with C++98 [-Wc++98-compat]
[build]  1671 |                    int > = 0 >
[build]       |                          ^ ~
[build] C:\Users\pperv\code\unnamed_rpg\vendor\json\include\nlohmann/json.hpp(1713,26): warning: default template arguments for a function template are incompatible with C++98 [-Wc++98-compat]
[build]  1713 |                    int > = 0 >
[build]       |                          ^ ~
[build] C:\Users\pperv\code\unnamed_rpg\vendor\json\include\nlohmann/json.hpp(1738,26): warning: default template arguments for a function template are incompatible with C++98 [-Wc++98-compat]
[build]  1738 |                    int > = 0 >
[build]       |                          ^ ~
[build] C:\Users\pperv\code\unnamed_rpg\vendor\json\include\nlohmann/json.hpp(1761,23): warning: default template arguments for a function template are incompatible with C++98 [-Wc++98-compat]
[build]  1761 |                  int> = 0>
[build]       |                       ^ ~
[build] C:\Users\pperv\code\unnamed_rpg\vendor\json\include\nlohmann/json.hpp(1775,5): warning: 'constexpr' specifier is incompatible with C++98 [-Wc++98-compat]
[build]  1775 |     constexpr auto get_impl(detail::priority_tag<4> /*unused*/) const noexcept
[build]       |     ^
[build] C:\Users\pperv\code\unnamed_rpg\vendor\json\include\nlohmann/json.hpp(1776,5): warning: noexcept specifications are incompatible with C++98 [-Wc++98-compat]
[build]  1776 |     -> decltype(std::declval<const basic_json_t&>().template get_ptr<PointerType>())
[build]       |     ^
[build] C:\Users\pperv\code\unnamed_rpg\vendor\json\include\nlohmann/json.hpp(1776,5): warning: trailing return types are incompatible with C++98 [-Wc++98-compat]
[build] C:\Users\pperv\code\unnamed_rpg\vendor\json\include\nlohmann/json.hpp(1776,8): warning: 'decltype' type specifier is incompatible with C++98 [-Wc++98-compat]
[build]  1776 |     -> decltype(std::declval<const basic_json_t&>().template get_ptr<PointerType>())
[build]       |        ^
[build] C:\Users\pperv\code\unnamed_rpg\vendor\json\include\nlohmann/json.hpp(1774,23): warning: default template arguments for a function template are incompatible with C++98 [-Wc++98-compat]
[build]  1774 |                  int> = 0>
[build]       |                       ^ ~
[build] C:\Users\pperv\code\unnamed_rpg\vendor\json\include\nlohmann/json.hpp(1806,88): warning: consecutive right angle brackets are incompatible with C++98 (use '> >') [-Wc++98-compat]
[build]  1806 |     template < typename ValueTypeCV, typename ValueType = detail::uncvref_t<ValueTypeCV>>
[build]       |                                                                                        ^~
[build]       |                                                                                        > >
[build] C:\Users\pperv\code\unnamed_rpg\vendor\json\include\nlohmann/json.hpp(1808,5): warning: 'constexpr' specifier is incompatible with C++98 [-Wc++98-compat]
[build]  1808 |     constexpr
[build]       |     ^
[build] C:\Users\pperv\code\unnamed_rpg\vendor\json\include\nlohmann/json.hpp(1812,5): warning: trailing return types are incompatible with C++98 [-Wc++98-compat]
[build]  1812 |     -> decltype(std::declval<const basic_json_t&>().template get_impl<ValueType>(detail::priority_tag<4> {}))
[build]       |     ^
[build] C:\Users\pperv\code\unnamed_rpg\vendor\json\include\nlohmann/json.hpp(1812,8): warning: 'decltype' type specifier is incompatible with C++98 [-Wc++98-compat]
[build]  1812 |     -> decltype(std::declval<const basic_json_t&>().template get_impl<ValueType>(detail::priority_tag<4> {}))
[build]       |        ^
[build] C:\Users\pperv\code\unnamed_rpg\vendor\json\include\nlohmann/json.hpp(1812,106): warning: generalized initializer lists are incompatible with C++98 [-Wc++98-compat]
[build]  1812 |     -> decltype(std::declval<const basic_json_t&>().template get_impl<ValueType>(detail::priority_tag<4> {}))
[build]       |                                                                                                          ^
[build] C:\Users\pperv\code\unnamed_rpg\vendor\json\include\nlohmann/json.hpp(1812,106): warning: constructor call from initializer list is incompatible with C++98 [-Wc++98-compat]
[build]  1812 |     -> decltype(std::declval<const basic_json_t&>().template get_impl<ValueType>(detail::priority_tag<4> {}))
[build]       |                                                                                                          ^~
[build] C:\Users\pperv\code\unnamed_rpg\vendor\json\include\nlohmann/json.hpp(1806,47): warning: default template arguments for a function template are incompatible with C++98 [-Wc++98-compat]
[build]  1806 |     template < typename ValueTypeCV, typename ValueType = detail::uncvref_t<ValueTypeCV>>
[build]       |                                               ^           ~~~~~~~~~~~~~~~~~~~~~~~~~~~~~~
[build] C:\Users\pperv\code\unnamed_rpg\vendor\json\include\nlohmann/json.hpp(1851,25): warning: noexcept specifications are incompatible with C++98 [-Wc++98-compat]
[build]  1851 |     auto get() noexcept -> decltype(std::declval<basic_json_t&>().template get_ptr<PointerType>())
[build]       |                         ^
[build] C:\Users\pperv\code\unnamed_rpg\vendor\json\include\nlohmann/json.hpp(1851,25): warning: trailing return types are incompatible with C++98 [-Wc++98-compat]
[build] C:\Users\pperv\code\unnamed_rpg\vendor\json\include\nlohmann/json.hpp(1851,28): warning: 'decltype' type specifier is incompatible with C++98 [-Wc++98-compat]
[build]  1851 |     auto get() noexcept -> decltype(std::declval<basic_json_t&>().template get_ptr<PointerType>())
[build]       |                            ^
[build] C:\Users\pperv\code\unnamed_rpg\vendor\json\include\nlohmann/json.hpp(1850,66): warning: default template arguments for a function template are incompatible with C++98 [-Wc++98-compat]
[build]  1850 |                  std::is_pointer<PointerType>::value, int>::type = 0>
[build]       |                                                                  ^ ~
[build] C:\Users\pperv\code\unnamed_rpg\vendor\json\include\nlohmann/json.hpp(1863,26): warning: default template arguments for a function template are incompatible with C++98 [-Wc++98-compat]
[build]  1863 |                    int > = 0 >
[build]       |                          ^ ~
[build] C:\Users\pperv\code\unnamed_rpg\vendor\json\include\nlohmann/json.hpp(1876,23): warning: default template arguments for a function template are incompatible with C++98 [-Wc++98-compat]
[build]  1876 |                  int> = 0>
[build]       |                       ^ ~
[build] C:\Users\pperv\code\unnamed_rpg\vendor\json\include\nlohmann/json.hpp(1885,18): warning: default template arguments for a function template are incompatible with C++98 [-Wc++98-compat]
[build]  1885 |         typename Array = T (&)[N], // NOLINT(cppcoreguidelines-avoid-c-arrays,hicpp-avoid-c-arrays,modernize-avoid-c-arrays)
[build]       |                  ^       ~~~~~~~~
[build] C:\Users\pperv\code\unnamed_rpg\vendor\json\include\nlohmann/json.hpp(1887,70): warning: default template arguments for a function template are incompatible with C++98 [-Wc++98-compat]
[build]  1887 |             detail::has_from_json<basic_json_t, Array>::value, int > = 0 >
[build]       |                                                                      ^ ~
[build] C:\Users\pperv\code\unnamed_rpg\vendor\json\include\nlohmann/json.hpp(1899,70): warning: default template arguments for a function template are incompatible with C++98 [-Wc++98-compat]
[build]  1899 |                  std::is_reference<ReferenceType>::value, int>::type = 0>
[build]       |                                                                      ^ ~
[build] C:\Users\pperv\code\unnamed_rpg\vendor\json\include\nlohmann/json.hpp(1910,107): warning: default template arguments for a function template are incompatible with C++98 [-Wc++98-compat]
[build]  1910 |                    std::is_const<typename std::remove_reference<ReferenceType>::type>::value, int >::type = 0 >
[build]       |                                                                                                           ^ ~
[build] C:\Users\pperv\code\unnamed_rpg\vendor\json\include\nlohmann/json.hpp(1948,66): warning: consecutive right angle brackets are incompatible with C++98 (use '> >') [-Wc++98-compat]
[build]  1948 |                        detail::negation<std::is_pointer<ValueType>>,
[build]       |                                                                  ^~
[build]       |                                                                  > >
[build] C:\Users\pperv\code\unnamed_rpg\vendor\json\include\nlohmann/json.hpp(1949,79): warning: consecutive right angle brackets are incompatible with C++98 (use '> >') [-Wc++98-compat]
[build]  1949 |                        detail::negation<std::is_same<ValueType, std::nullptr_t>>,
[build]       |                                                                               ^~
[build]       |                                                                               > >
[build] C:\Users\pperv\code\unnamed_rpg\vendor\json\include\nlohmann/json.hpp(1950,92): warning: consecutive right angle brackets are incompatible with C++98 (use '> >') [-Wc++98-compat]
[build]  1950 |                        detail::negation<std::is_same<ValueType, detail::json_ref<basic_json>>>,
[build]       |                                                                                            ^~
[build]       |                                                                                            > > 
[build] C:\Users\pperv\code\unnamed_rpg\vendor\json\include\nlohmann/json.hpp(1951,111): warning: consecutive right angle brackets are incompatible with C++98 (use '> >') [-Wc++98-compat]
[build]  1951 |                                         detail::negation<std::is_same<ValueType, typename string_t::value_type>>,
[build]       |                                                                                                               ^~
[build]       |                                                                                                               > >
[build] C:\Users\pperv\code\unnamed_rpg\vendor\json\include\nlohmann/json.hpp(1952,89): warning: consecutive right angle brackets are incompatible with C++98 (use '> >') [-Wc++98-compat]
[build]  1952 |                                         detail::negation<detail::is_basic_json<ValueType>>,
[build]       |                                                                                         ^~
[build]       |                                                                                         > >
[build] C:\Users\pperv\code\unnamed_rpg\vendor\json\include\nlohmann/json.hpp(1953,133): warning: consecutive right angle brackets are incompatible with C++98 (use '> >') [-Wc++98-compat]
[build]  1953 |                                         detail::negation<std::is_same<ValueType, std::initializer_list<typename string_t::value_type>>>,
[build]       |                                                                                                                                     ^~
[build]       |                                                                                                                                     > > 
[build] C:\Users\pperv\code\unnamed_rpg\vendor\json\include\nlohmann/json.hpp(1966,71): warning: default template arguments for a function template are incompatible with C++98 [-Wc++98-compat]
[build]  1966 |                                                 >::value, int >::type = 0 >
[build]       |                                                                       ^ ~
[build] C:\Users\pperv\code\unnamed_rpg\vendor\json\include\nlohmann/json.hpp(2075,26): warning: rvalue references are incompatible with C++98 [-Wc++98-compat]
[build]  2075 |     reference at(KeyType && key)
[build]       |                          ^
[build] C:\Users\pperv\code\unnamed_rpg\vendor\json\include\nlohmann/json.hpp(2074,95): warning: default template arguments for a function template are incompatible with C++98 [-Wc++98-compat]
[build]  2074 |                  detail::is_usable_as_basic_json_key_type<basic_json_t, KeyType>::value, int> = 0>
[build]       |                                                                                               ^ ~
[build] C:\Users\pperv\code\unnamed_rpg\vendor\json\include\nlohmann/json.hpp(2113,32): warning: rvalue references are incompatible with C++98 [-Wc++98-compat]
[build]  2113 |     const_reference at(KeyType && key) const
[build]       |                                ^
[build] C:\Users\pperv\code\unnamed_rpg\vendor\json\include\nlohmann/json.hpp(2112,95): warning: default template arguments for a function template are incompatible with C++98 [-Wc++98-compat]
[build]  2112 |                  detail::is_usable_as_basic_json_key_type<basic_json_t, KeyType>::value, int> = 0>
[build]       |                                                                                               ^ ~
[build] C:\Users\pperv\code\unnamed_rpg\vendor\json\include\nlohmann/json.hpp(2243,34): warning: rvalue references are incompatible with C++98 [-Wc++98-compat]
[build]  2243 |     reference operator[](KeyType && key)
[build]       |                                  ^
[build] C:\Users\pperv\code\unnamed_rpg\vendor\json\include\nlohmann/json.hpp(2242,96): warning: default template arguments for a function template are incompatible with C++98 [-Wc++98-compat]
[build]  2242 |                  detail::is_usable_as_basic_json_key_type<basic_json_t, KeyType>::value, int > = 0 >
[build]       |                                                                                                ^ ~
[build] C:\Users\pperv\code\unnamed_rpg\vendor\json\include\nlohmann/json.hpp(2267,40): warning: rvalue references are incompatible with C++98 [-Wc++98-compat]
[build]  2267 |     const_reference operator[](KeyType && key) const
[build]       |                                        ^
[build] C:\Users\pperv\code\unnamed_rpg\vendor\json\include\nlohmann/json.hpp(2266,96): warning: default template arguments for a function template are incompatible with C++98 [-Wc++98-compat]
[build]  2266 |                  detail::is_usable_as_basic_json_key_type<basic_json_t, KeyType>::value, int > = 0 >
[build]       |                                                                                                ^ ~
[build] C:\Users\pperv\code\unnamed_rpg\vendor\json\include\nlohmann/json.hpp(2282,43): warning: alias declarations are incompatible with C++98 [-Wc++98-compat]
[build]  2282 |     using is_comparable_with_object_key = detail::is_comparable <
[build]       |                                           ^
[build] C:\Users\pperv\code\unnamed_rpg\vendor\json\include\nlohmann/json.hpp(2286,31): warning: alias declarations are incompatible with C++98 [-Wc++98-compat]
[build]  2286 |     using value_return_type = std::conditional <
[build]       |                               ^
[build] C:\Users\pperv\code\unnamed_rpg\vendor\json\include\nlohmann/json.hpp(2296,73): warning: consecutive right angle brackets are incompatible with C++98 (use '> >') [-Wc++98-compat]
[build]  2296 |                    && !std::is_same<value_t, detail::uncvref_t<ValueType>>::value, int > = 0 >
[build]       |                                                                         ^~
[build]       |                                                                         > >
[build] C:\Users\pperv\code\unnamed_rpg\vendor\json\include\nlohmann/json.hpp(2296,90): warning: default template arguments for a function template are incompatible with C++98 [-Wc++98-compat]
[build]  2296 |                    && !std::is_same<value_t, detail::uncvref_t<ValueType>>::value, int > = 0 >
[build]       |                                                                                          ^ ~
[build] C:\Users\pperv\code\unnamed_rpg\vendor\json\include\nlohmann/json.hpp(2321,73): warning: consecutive right angle brackets are incompatible with C++98 (use '> >') [-Wc++98-compat]
[build]  2321 |                    && !std::is_same<value_t, detail::uncvref_t<ValueType>>::value, int > = 0 >
[build]       |                                                                         ^~
[build]       |                                                                         > >
[build] C:\Users\pperv\code\unnamed_rpg\vendor\json\include\nlohmann/json.hpp(2322,72): warning: rvalue references are incompatible with C++98 [-Wc++98-compat]
[build]  2322 |     ReturnType value(const typename object_t::key_type& key, ValueType && default_value) const
[build]       |                                                                        ^
[build] C:\Users\pperv\code\unnamed_rpg\vendor\json\include\nlohmann/json.hpp(2317,39): warning: default template arguments for a function template are incompatible with C++98 [-Wc++98-compat]
[build]  2317 |     template < class ValueType, class ReturnType = typename value_return_type<ValueType>::type,
[build]       |                                       ^            ~~~~~~~~~~~~~~~~~~~~~~~~~~~~~~~~~~~~~~~~~~~
[build] C:\Users\pperv\code\unnamed_rpg\vendor\json\include\nlohmann/json.hpp(2321,90): warning: default template arguments for a function template are incompatible with C++98 [-Wc++98-compat]
[build]  2321 |                    && !std::is_same<value_t, detail::uncvref_t<ValueType>>::value, int > = 0 >
[build]       |                                                                                          ^ ~
[build] C:\Users\pperv\code\unnamed_rpg\vendor\json\include\nlohmann/json.hpp(2347,73): warning: consecutive right angle brackets are incompatible with C++98 (use '> >') [-Wc++98-compat]
[build]  2347 |                    && !std::is_same<value_t, detail::uncvref_t<ValueType>>::value, int > = 0 >
[build]       |                                                                         ^~
[build]       |                                                                         > >
[build] C:\Users\pperv\code\unnamed_rpg\vendor\json\include\nlohmann/json.hpp(2348,29): warning: rvalue references are incompatible with C++98 [-Wc++98-compat]
[build]  2348 |     ValueType value(KeyType && key, const ValueType& default_value) const
[build]       |                             ^
[build] C:\Users\pperv\code\unnamed_rpg\vendor\json\include\nlohmann/json.hpp(2347,90): warning: default template arguments for a function template are incompatible with C++98 [-Wc++98-compat]
[build]  2347 |                    && !std::is_same<value_t, detail::uncvref_t<ValueType>>::value, int > = 0 >
[build]       |                                                                                          ^ ~
[build] C:\Users\pperv\code\unnamed_rpg\vendor\json\include\nlohmann/json.hpp(2374,73): warning: consecutive right angle brackets are incompatible with C++98 (use '> >') [-Wc++98-compat]
[build]  2374 |                    && !std::is_same<value_t, detail::uncvref_t<ValueType>>::value, int > = 0 >
[build]       |                                                                         ^~
[build]       |                                                                         > >
[build] C:\Users\pperv\code\unnamed_rpg\vendor\json\include\nlohmann/json.hpp(2375,30): warning: rvalue references are incompatible with C++98 [-Wc++98-compat]
[build]  2375 |     ReturnType value(KeyType && key, ValueType && default_value) const
[build]       |                              ^
[build] C:\Users\pperv\code\unnamed_rpg\vendor\json\include\nlohmann/json.hpp(2375,48): warning: rvalue references are incompatible with C++98 [-Wc++98-compat]
[build]  2375 |     ReturnType value(KeyType && key, ValueType && default_value) const
[build]       |                                                ^
[build] C:\Users\pperv\code\unnamed_rpg\vendor\json\include\nlohmann/json.hpp(2368,54): warning: default template arguments for a function template are incompatible with C++98 [-Wc++98-compat]
[build]  2368 |     template < class ValueType, class KeyType, class ReturnType = typename value_return_type<ValueType>::type,
[build]       |                                                      ^            ~~~~~~~~~~~~~~~~~~~~~~~~~~~~~~~~~~~~~~~~~~~
[build] C:\Users\pperv\code\unnamed_rpg\vendor\json\include\nlohmann/json.hpp(2374,90): warning: default template arguments for a function template are incompatible with C++98 [-Wc++98-compat]
[build]  2374 |                    && !std::is_same<value_t, detail::uncvref_t<ValueType>>::value, int > = 0 >
[build]       |                                                                                          ^ ~
[build] C:\Users\pperv\code\unnamed_rpg\vendor\json\include\nlohmann/json.hpp(2397,73): warning: consecutive right angle brackets are incompatible with C++98 (use '> >') [-Wc++98-compat]
[build]  2397 |                    && !std::is_same<value_t, detail::uncvref_t<ValueType>>::value, int > = 0 >
[build]       |                                                                         ^~
[build]       |                                                                         > >
[build] C:\Users\pperv\code\unnamed_rpg\vendor\json\include\nlohmann/json.hpp(2397,90): warning: default template arguments for a function template are incompatible with C++98 [-Wc++98-compat]
[build]  2397 |                    && !std::is_same<value_t, detail::uncvref_t<ValueType>>::value, int > = 0 >
[build]       |                                                                                          ^ ~
[build] C:\Users\pperv\code\unnamed_rpg\vendor\json\include\nlohmann/json.hpp(2422,73): warning: consecutive right angle brackets are incompatible with C++98 (use '> >') [-Wc++98-compat]
[build]  2422 |                    && !std::is_same<value_t, detail::uncvref_t<ValueType>>::value, int > = 0 >
[build]       |                                                                         ^~
[build]       |                                                                         > >
[build] C:\Users\pperv\code\unnamed_rpg\vendor\json\include\nlohmann/json.hpp(2423,57): warning: rvalue references are incompatible with C++98 [-Wc++98-compat]
[build]  2423 |     ReturnType value(const json_pointer& ptr, ValueType && default_value) const
[build]       |                                                         ^
[build] C:\Users\pperv\code\unnamed_rpg\vendor\json\include\nlohmann/json.hpp(2419,39): warning: default template arguments for a function template are incompatible with C++98 [-Wc++98-compat]
[build]  2419 |     template < class ValueType, class ReturnType = typename value_return_type<ValueType>::type,
[build]       |                                       ^            ~~~~~~~~~~~~~~~~~~~~~~~~~~~~~~~~~~~~~~~~~~~
[build] C:\Users\pperv\code\unnamed_rpg\vendor\json\include\nlohmann/json.hpp(2422,90): warning: default template arguments for a function template are incompatible with C++98 [-Wc++98-compat]
[build]  2422 |                    && !std::is_same<value_t, detail::uncvref_t<ValueType>>::value, int > = 0 >
[build]       |                                                                                          ^ ~
[build] C:\Users\pperv\code\unnamed_rpg\vendor\json\include\nlohmann/json.hpp(2445,73): warning: consecutive right angle brackets are incompatible with C++98 (use '> >') [-Wc++98-compat]
[build]  2445 |                    && !std::is_same<value_t, detail::uncvref_t<ValueType>>::value, int > = 0 >
[build]       |                                                                         ^~
[build]       |                                                                         > >
[build] C:\Users\pperv\code\unnamed_rpg\vendor\json\include\nlohmann/json.hpp(2445,90): warning: default template arguments for a function template are incompatible with C++98 [-Wc++98-compat]
[build]  2445 |                    && !std::is_same<value_t, detail::uncvref_t<ValueType>>::value, int > = 0 >
[build]       |                                                                                          ^ ~
[build] C:\Users\pperv\code\unnamed_rpg\vendor\json\include\nlohmann/json.hpp(2456,73): warning: consecutive right angle brackets are incompatible with C++98 (use '> >') [-Wc++98-compat]
[build]  2456 |                    && !std::is_same<value_t, detail::uncvref_t<ValueType>>::value, int > = 0 >
[build]       |                                                                         ^~
[build]       |                                                                         > >
[build] C:\Users\pperv\code\unnamed_rpg\vendor\json\include\nlohmann/json.hpp(2458,84): warning: rvalue references are incompatible with C++98 [-Wc++98-compat]
[build]  2458 |     ReturnType value(const ::nlohmann::json_pointer<BasicJsonType>& ptr, ValueType && default_value) const
[build]       |                                                                                    ^
[build] C:\Users\pperv\code\unnamed_rpg\vendor\json\include\nlohmann/json.hpp(2452,60): warning: default template arguments for a function template are incompatible with C++98 [-Wc++98-compat]
[build]  2452 |     template < class ValueType, class BasicJsonType, class ReturnType = typename value_return_type<ValueType>::type,
[build]       |                                                            ^            ~~~~~~~~~~~~~~~~~~~~~~~~~~~~~~~~~~~~~~~~~~~
[build] C:\Users\pperv\code\unnamed_rpg\vendor\json\include\nlohmann/json.hpp(2456,90): warning: default template arguments for a function template are incompatible with C++98 [-Wc++98-compat]
[build]  2456 |                    && !std::is_same<value_t, detail::uncvref_t<ValueType>>::value, int > = 0 >
[build]       |                                                                                          ^ ~
[build] C:\Users\pperv\code\unnamed_rpg\vendor\json\include\nlohmann/json.hpp(2499,100): warning: default template arguments for a function template are incompatible with C++98 [-Wc++98-compat]
[build]  2499 |                    std::is_same<IteratorType, typename basic_json_t::const_iterator>::value, int > = 0 >
[build]       |                                                                                                    ^ ~
[build] C:\Users\pperv\code\unnamed_rpg\vendor\json\include\nlohmann/json.hpp(2569,100): warning: default template arguments for a function template are incompatible with C++98 [-Wc++98-compat]
[build]  2569 |                    std::is_same<IteratorType, typename basic_json_t::const_iterator>::value, int > = 0 >
[build]       |                                                                                                    ^ ~
[build] C:\Users\pperv\code\unnamed_rpg\vendor\json\include\nlohmann/json.hpp(2641,38): warning: rvalue references are incompatible with C++98 [-Wc++98-compat]
[build]  2641 |     size_type erase_internal(KeyType && key)
[build]       |                                      ^
[build] C:\Users\pperv\code\unnamed_rpg\vendor\json\include\nlohmann/json.hpp(2640,89): warning: default template arguments for a function template are incompatible with C++98 [-Wc++98-compat]
[build]  2640 |                    detail::has_erase_with_key_type<basic_json_t, KeyType>::value, int > = 0 >
[build]       |                                                                                         ^ ~
[build] C:\Users\pperv\code\unnamed_rpg\vendor\json\include\nlohmann/json.hpp(2654,38): warning: rvalue references are incompatible with C++98 [-Wc++98-compat]
[build]  2654 |     size_type erase_internal(KeyType && key)
[build]       |                                      ^
[build] C:\Users\pperv\code\unnamed_rpg\vendor\json\include\nlohmann/json.hpp(2653,90): warning: default template arguments for a function template are incompatible with C++98 [-Wc++98-compat]
[build]  2653 |                    !detail::has_erase_with_key_type<basic_json_t, KeyType>::value, int > = 0 >
[build]       |                                                                                          ^ ~
[build] C:\Users\pperv\code\unnamed_rpg\vendor\json\include\nlohmann/json.hpp(2686,29): warning: rvalue references are incompatible with C++98 [-Wc++98-compat]
[build]  2686 |     size_type erase(KeyType && key)
[build]       |                             ^
[build] C:\Users\pperv\code\unnamed_rpg\vendor\json\include\nlohmann/json.hpp(2685,95): warning: default template arguments for a function template are incompatible with C++98 [-Wc++98-compat]
[build]  2685 |                  detail::is_usable_as_basic_json_key_type<basic_json_t, KeyType>::value, int> = 0>
[build]       |                                                                                               ^ ~
[build] C:\Users\pperv\code\unnamed_rpg\vendor\json\include\nlohmann/json.hpp(2752,27): warning: rvalue references are incompatible with C++98 [-Wc++98-compat]
[build]  2752 |     iterator find(KeyType && key)
[build]       |                           ^
[build] C:\Users\pperv\code\unnamed_rpg\vendor\json\include\nlohmann/json.hpp(2751,95): warning: default template arguments for a function template are incompatible with C++98 [-Wc++98-compat]
[build]  2751 |                  detail::is_usable_as_basic_json_key_type<basic_json_t, KeyType>::value, int> = 0>
[build]       |                                                                                               ^ ~
[build] C:\Users\pperv\code\unnamed_rpg\vendor\json\include\nlohmann/json.hpp(2768,33): warning: rvalue references are incompatible with C++98 [-Wc++98-compat]
[build]  2768 |     const_iterator find(KeyType && key) const
[build]       |                                 ^
[build] C:\Users\pperv\code\unnamed_rpg\vendor\json\include\nlohmann/json.hpp(2767,95): warning: default template arguments for a function template are incompatible with C++98 [-Wc++98-compat]
[build]  2767 |                  detail::is_usable_as_basic_json_key_type<basic_json_t, KeyType>::value, int> = 0>
[build]       |                                                                                               ^ ~
[build] C:\Users\pperv\code\unnamed_rpg\vendor\json\include\nlohmann/json.hpp(2792,29): warning: rvalue references are incompatible with C++98 [-Wc++98-compat]
[build]  2792 |     size_type count(KeyType && key) const
[build]       |                             ^
[build] C:\Users\pperv\code\unnamed_rpg\vendor\json\include\nlohmann/json.hpp(2791,95): warning: default template arguments for a function template are incompatible with C++98 [-Wc++98-compat]
[build]  2791 |                  detail::is_usable_as_basic_json_key_type<basic_json_t, KeyType>::value, int> = 0>
[build]       |                                                                                               ^ ~
[build] C:\Users\pperv\code\unnamed_rpg\vendor\json\include\nlohmann/json.hpp(2809,27): warning: rvalue references are incompatible with C++98 [-Wc++98-compat]
[build]  2809 |     bool contains(KeyType && key) const
[build]       |                           ^
[build] C:\Users\pperv\code\unnamed_rpg\vendor\json\include\nlohmann/json.hpp(2808,95): warning: default template arguments for a function template are incompatible with C++98 [-Wc++98-compat]
[build]  2808 |                  detail::is_usable_as_basic_json_key_type<basic_json_t, KeyType>::value, int> = 0>
[build]       |                                                                                               ^ ~
[build] C:\Users\pperv\code\unnamed_rpg\vendor\json\include\nlohmann/json.hpp(2821,108): warning: default template arguments for a function template are incompatible with C++98 [-Wc++98-compat]
[build]  2821 |     template<typename BasicJsonType, detail::enable_if_t<detail::is_basic_json<BasicJsonType>::value, int> = 0>
[build]       |                                                                                                            ^ ~
[build] C:\Users\pperv\code\unnamed_rpg\vendor\json\include\nlohmann/json.hpp(2840,5): warning: noexcept specifications are incompatible with C++98 [-Wc++98-compat]
[build]  2840 |     {
[build]       |     ^
[build] C:\Users\pperv\code\unnamed_rpg\vendor\json\include\nlohmann/json.hpp(2849,5): warning: noexcept specifications are incompatible with C++98 [-Wc++98-compat]
[build]  2849 |     {
[build]       |     ^
[build] C:\Users\pperv\code\unnamed_rpg\vendor\json\include\nlohmann/json.hpp(2856,5): warning: noexcept specifications are incompatible with C++98 [-Wc++98-compat]
[build]  2856 |     {
[build]       |     ^
[build] C:\Users\pperv\code\unnamed_rpg\vendor\json\include\nlohmann/json.hpp(2865,5): warning: noexcept specifications are incompatible with C++98 [-Wc++98-compat]
[build]  2865 |     {
[build]       |     ^
[build] C:\Users\pperv\code\unnamed_rpg\vendor\json\include\nlohmann/json.hpp(2874,5): warning: noexcept specifications are incompatible with C++98 [-Wc++98-compat]
[build]  2874 |     {
[build]       |     ^
[build] C:\Users\pperv\code\unnamed_rpg\vendor\json\include\nlohmann/json.hpp(2881,5): warning: noexcept specifications are incompatible with C++98 [-Wc++98-compat]
[build]  2881 |     {
[build]       |     ^
[build] C:\Users\pperv\code\unnamed_rpg\vendor\json\include\nlohmann/json.hpp(2890,5): warning: noexcept specifications are incompatible with C++98 [-Wc++98-compat]
[build]  2890 |     {
[build]       |     ^
[build] C:\Users\pperv\code\unnamed_rpg\vendor\json\include\nlohmann/json.hpp(2897,5): warning: noexcept specifications are incompatible with C++98 [-Wc++98-compat]
[build]  2897 |     {
[build]       |     ^
[build] C:\Users\pperv\code\unnamed_rpg\vendor\json\include\nlohmann/json.hpp(2904,5): warning: noexcept specifications are incompatible with C++98 [-Wc++98-compat]
[build]  2904 |     {
[build]       |     ^
[build] C:\Users\pperv\code\unnamed_rpg\vendor\json\include\nlohmann/json.hpp(2911,5): warning: noexcept specifications are incompatible with C++98 [-Wc++98-compat]
[build]  2911 |     {
[build]       |     ^
[build] C:\Users\pperv\code\unnamed_rpg\vendor\json\include\nlohmann/json.hpp(2918,5): warning: noexcept specifications are incompatible with C++98 [-Wc++98-compat]
[build]  2918 |     {
[build]       |     ^
[build] C:\Users\pperv\code\unnamed_rpg\vendor\json\include\nlohmann/json.hpp(2925,5): warning: noexcept specifications are incompatible with C++98 [-Wc++98-compat]
[build]  2925 |     {
[build]       |     ^
[build] C:\Users\pperv\code\unnamed_rpg\vendor\json\include\nlohmann/json.hpp(2937,5): warning: noexcept specifications are incompatible with C++98 [-Wc++98-compat]
[build]  2937 |     {
[build]       |     ^
[build] C:\Users\pperv\code\unnamed_rpg\vendor\json\include\nlohmann/json.hpp(2948,5): warning: noexcept specifications are incompatible with C++98 [-Wc++98-compat]
[build]  2948 |     {
[build]       |     ^
[build] C:\Users\pperv\code\unnamed_rpg\vendor\json\include\nlohmann/json.hpp(2955,5): warning: noexcept specifications are incompatible with C++98 [-Wc++98-compat]
[build]  2955 |     {
[build]       |     ^
[build] C:\Users\pperv\code\unnamed_rpg\vendor\json\include\nlohmann/json.hpp(2962,5): warning: noexcept specifications are incompatible with C++98 [-Wc++98-compat]
[build]  2962 |     {
[build]       |     ^
[build] C:\Users\pperv\code\unnamed_rpg\vendor\json\include\nlohmann/json.hpp(2978,5): warning: noexcept specifications are incompatible with C++98 [-Wc++98-compat]
[build]  2978 |     {
[build]       |     ^
[build] C:\Users\pperv\code\unnamed_rpg\vendor\json\include\nlohmann/json.hpp(3017,5): warning: noexcept specifications are incompatible with C++98 [-Wc++98-compat]
[build]  3017 |     {
[build]       |     ^
[build] C:\Users\pperv\code\unnamed_rpg\vendor\json\include\nlohmann/json.hpp(3056,5): warning: noexcept specifications are incompatible with C++98 [-Wc++98-compat]
[build]  3056 |     {
[build]       |     ^
[build] C:\Users\pperv\code\unnamed_rpg\vendor\json\include\nlohmann/json.hpp(3099,5): warning: noexcept specifications are incompatible with C++98 [-Wc++98-compat]
[build]  3099 |     {
[build]       |     ^
[build] C:\Users\pperv\code\unnamed_rpg\vendor\json\include\nlohmann/json.hpp(3159,30): warning: rvalue references are incompatible with C++98 [-Wc++98-compat]
[build]  3159 |     void push_back(basic_json&& val)
[build]       |                              ^
[build] C:\Users\pperv\code\unnamed_rpg\vendor\json\include\nlohmann/json.hpp(3184,36): warning: rvalue references are incompatible with C++98 [-Wc++98-compat]
[build]  3184 |     reference operator+=(basic_json&& val)
[build]       |                                    ^
[build] C:\Users\pperv\code\unnamed_rpg\vendor\json\include\nlohmann/json.hpp(3279,19): warning: variadic templates are incompatible with C++98 [-Wc++98-compat]
[build]  3279 |     template<class... Args>
[build]       |                   ^
[build] C:\Users\pperv\code\unnamed_rpg\vendor\json\include\nlohmann/json.hpp(3280,32): warning: rvalue references are incompatible with C++98 [-Wc++98-compat]
[build]  3280 |     reference emplace_back(Args&& ... args)
[build]       |                                ^
[build] C:\Users\pperv\code\unnamed_rpg\vendor\json\include\nlohmann/json.hpp(3304,19): warning: variadic templates are incompatible with C++98 [-Wc++98-compat]
[build]  3304 |     template<class... Args>
[build]       |                   ^
[build] C:\Users\pperv\code\unnamed_rpg\vendor\json\include\nlohmann/json.hpp(3305,43): warning: rvalue references are incompatible with C++98 [-Wc++98-compat]
[build]  3305 |     std::pair<iterator, bool> emplace(Args&& ... args)
[build]       |                                           ^
[build] C:\Users\pperv\code\unnamed_rpg\vendor\json\include\nlohmann/json.hpp(3336,22): warning: variadic templates are incompatible with C++98 [-Wc++98-compat]
[build]  3336 |     template<typename... Args>
[build]       |                      ^
[build] C:\Users\pperv\code\unnamed_rpg\vendor\json\include\nlohmann/json.hpp(3337,54): warning: rvalue references are incompatible with C++98 [-Wc++98-compat]
[build]  3337 |     iterator insert_iterator(const_iterator pos, Args&& ... args) // NOLINT(performance-unnecessary-value-param)
[build]       |                                                      ^
[build] C:\Users\pperv\code\unnamed_rpg\vendor\json\include\nlohmann/json.hpp(3376,51): warning: rvalue references are incompatible with C++98 [-Wc++98-compat]
[build]  3376 |     iterator insert(const_iterator pos, basic_json&& val) // NOLINT(performance-unnecessary-value-param)
[build]       |                                                   ^
[build] C:\Users\pperv\code\unnamed_rpg\vendor\json\include\nlohmann/json.hpp(3746,5): warning: noexcept specifications are incompatible with C++98 [-Wc++98-compat]
[build]  3746 |     {
[build]       |     ^
[build] C:\Users\pperv\code\unnamed_rpg\vendor\json\include\nlohmann/json.hpp(3762,5): warning: noexcept specifications are incompatible with C++98 [-Wc++98-compat]
[build]  3762 |     {
[build]       |     ^
[build] C:\Users\pperv\code\unnamed_rpg\vendor\json\include\nlohmann/json.hpp(3864,5): warning: noexcept specifications are incompatible with C++98 [-Wc++98-compat]
[build]  3864 |     {
[build]       |     ^
[build] C:\Users\pperv\code\unnamed_rpg\vendor\json\include\nlohmann/json.hpp(3880,5): warning: noexcept specifications are incompatible with C++98 [-Wc++98-compat]
[build]  3880 |     {
[build]       |     ^
[build] C:\Users\pperv\code\unnamed_rpg\vendor\json\include\nlohmann/json.hpp(3878,64): warning: default template arguments for a function template are incompatible with C++98 [-Wc++98-compat]
[build]  3878 |                  std::is_scalar<ScalarType>::value, int>::type = 0>
[build]       |                                                                ^ ~
[build] C:\Users\pperv\code\unnamed_rpg\vendor\json\include\nlohmann/json.hpp(3889,5): warning: noexcept specifications are incompatible with C++98 [-Wc++98-compat]
[build]  3889 |     {
[build]       |     ^
[build] C:\Users\pperv\code\unnamed_rpg\vendor\json\include\nlohmann/json.hpp(3887,64): warning: default template arguments for a function template are incompatible with C++98 [-Wc++98-compat]
[build]  3887 |                  std::is_scalar<ScalarType>::value, int>::type = 0>
[build]       |                                                                ^ ~
[build] C:\Users\pperv\code\unnamed_rpg\vendor\json\include\nlohmann/json.hpp(3896,5): warning: noexcept specifications are incompatible with C++98 [-Wc++98-compat]
[build]  3896 |     {
[build]       |     ^
[build] C:\Users\pperv\code\unnamed_rpg\vendor\json\include\nlohmann/json.hpp(3905,5): warning: noexcept specifications are incompatible with C++98 [-Wc++98-compat]
[build]  3905 |     {
[build]       |     ^
[build] C:\Users\pperv\code\unnamed_rpg\vendor\json\include\nlohmann/json.hpp(3903,64): warning: default template arguments for a function template are incompatible with C++98 [-Wc++98-compat]
[build]  3903 |                  std::is_scalar<ScalarType>::value, int>::type = 0>
[build]       |                                                                ^ ~
[build] C:\Users\pperv\code\unnamed_rpg\vendor\json\include\nlohmann/json.hpp(3914,5): warning: noexcept specifications are incompatible with C++98 [-Wc++98-compat]
[build]  3914 |     {
[build]       |     ^
[build] C:\Users\pperv\code\unnamed_rpg\vendor\json\include\nlohmann/json.hpp(3912,64): warning: default template arguments for a function template are incompatible with C++98 [-Wc++98-compat]
[build]  3912 |                  std::is_scalar<ScalarType>::value, int>::type = 0>
[build]       |                                                                ^ ~
[build] C:\Users\pperv\code\unnamed_rpg\vendor\json\include\nlohmann/json.hpp(3921,5): warning: noexcept specifications are incompatible with C++98 [-Wc++98-compat]
[build]  3921 |     {
[build]       |     ^
[build] C:\Users\pperv\code\unnamed_rpg\vendor\json\include\nlohmann/json.hpp(3933,5): warning: noexcept specifications are incompatible with C++98 [-Wc++98-compat]
[build]  3933 |     {
[build]       |     ^
[build] C:\Users\pperv\code\unnamed_rpg\vendor\json\include\nlohmann/json.hpp(3931,64): warning: default template arguments for a function template are incompatible with C++98 [-Wc++98-compat]
[build]  3931 |                  std::is_scalar<ScalarType>::value, int>::type = 0>
[build]       |                                                                ^ ~
[build] C:\Users\pperv\code\unnamed_rpg\vendor\json\include\nlohmann/json.hpp(3942,5): warning: noexcept specifications are incompatible with C++98 [-Wc++98-compat]
[build]  3942 |     {
[build]       |     ^
[build] C:\Users\pperv\code\unnamed_rpg\vendor\json\include\nlohmann/json.hpp(3940,64): warning: default template arguments for a function template are incompatible with C++98 [-Wc++98-compat]
[build]  3940 |                  std::is_scalar<ScalarType>::value, int>::type = 0>
[build]       |                                                                ^ ~
[build] C:\Users\pperv\code\unnamed_rpg\vendor\json\include\nlohmann/json.hpp(3949,5): warning: noexcept specifications are incompatible with C++98 [-Wc++98-compat]
[build]  3949 |     {
[build]       |     ^
[build] C:\Users\pperv\code\unnamed_rpg\vendor\json\include\nlohmann/json.hpp(3962,5): warning: noexcept specifications are incompatible with C++98 [-Wc++98-compat]
[build]  3962 |     {
[build]       |     ^
[build] C:\Users\pperv\code\unnamed_rpg\vendor\json\include\nlohmann/json.hpp(3960,64): warning: default template arguments for a function template are incompatible with C++98 [-Wc++98-compat]
[build]  3960 |                  std::is_scalar<ScalarType>::value, int>::type = 0>
[build]       |                                                                ^ ~
[build] C:\Users\pperv\code\unnamed_rpg\vendor\json\include\nlohmann/json.hpp(3971,5): warning: noexcept specifications are incompatible with C++98 [-Wc++98-compat]
[build]  3971 |     {
[build]       |     ^
[build] C:\Users\pperv\code\unnamed_rpg\vendor\json\include\nlohmann/json.hpp(3969,64): warning: default template arguments for a function template are incompatible with C++98 [-Wc++98-compat]
[build]  3969 |                  std::is_scalar<ScalarType>::value, int>::type = 0>
[build]       |                                                                ^ ~
[build] C:\Users\pperv\code\unnamed_rpg\vendor\json\include\nlohmann/json.hpp(3978,5): warning: noexcept specifications are incompatible with C++98 [-Wc++98-compat]
[build]  3978 |     {
[build]       |     ^
[build] C:\Users\pperv\code\unnamed_rpg\vendor\json\include\nlohmann/json.hpp(3992,5): warning: noexcept specifications are incompatible with C++98 [-Wc++98-compat]
[build]  3992 |     {
[build]       |     ^
[build] C:\Users\pperv\code\unnamed_rpg\vendor\json\include\nlohmann/json.hpp(3990,64): warning: default template arguments for a function template are incompatible with C++98 [-Wc++98-compat]
[build]  3990 |                  std::is_scalar<ScalarType>::value, int>::type = 0>
[build]       |                                                                ^ ~
[build] C:\Users\pperv\code\unnamed_rpg\vendor\json\include\nlohmann/json.hpp(4001,5): warning: noexcept specifications are incompatible with C++98 [-Wc++98-compat]
[build]  4001 |     {
[build]       |     ^
[build] C:\Users\pperv\code\unnamed_rpg\vendor\json\include\nlohmann/json.hpp(3999,64): warning: default template arguments for a function template are incompatible with C++98 [-Wc++98-compat]
[build]  3999 |                  std::is_scalar<ScalarType>::value, int>::type = 0>
[build]       |                                                                ^ ~
[build] C:\Users\pperv\code\unnamed_rpg\vendor\json\include\nlohmann/json.hpp(4008,5): warning: noexcept specifications are incompatible with C++98 [-Wc++98-compat]
[build]  4008 |     {
[build]       |     ^
[build] C:\Users\pperv\code\unnamed_rpg\vendor\json\include\nlohmann/json.hpp(4021,5): warning: noexcept specifications are incompatible with C++98 [-Wc++98-compat]
[build]  4021 |     {
[build]       |     ^
[build] C:\Users\pperv\code\unnamed_rpg\vendor\json\include\nlohmann/json.hpp(4019,64): warning: default template arguments for a function template are incompatible with C++98 [-Wc++98-compat]
[build]  4019 |                  std::is_scalar<ScalarType>::value, int>::type = 0>
[build]       |                                                                ^ ~
[build] C:\Users\pperv\code\unnamed_rpg\vendor\json\include\nlohmann/json.hpp(4030,5): warning: noexcept specifications are incompatible with C++98 [-Wc++98-compat]
[build]  4030 |     {
[build]       |     ^
[build] C:\Users\pperv\code\unnamed_rpg\vendor\json\include\nlohmann/json.hpp(4028,64): warning: default template arguments for a function template are incompatible with C++98 [-Wc++98-compat]
[build]  4028 |                  std::is_scalar<ScalarType>::value, int>::type = 0>
[build]       |                                                                ^ ~
[build] C:\Users\pperv\code\unnamed_rpg\vendor\json\include\nlohmann/json.hpp(4088,38): warning: rvalue references are incompatible with C++98 [-Wc++98-compat]
[build]  4088 |     static basic_json parse(InputType&& i,
[build]       |                                      ^
[build] C:\Users\pperv\code\unnamed_rpg\vendor\json\include\nlohmann/json.hpp(4101,46): warning: default template arguments for a function template are incompatible with C++98 [-Wc++98-compat]
[build]  4101 |     template<typename IteratorType, typename SentinelType = IteratorType,
[build]       |                                              ^              ~~~~~~~~~~~~
[build] C:\Users\pperv\code\unnamed_rpg\vendor\json\include\nlohmann/json.hpp(4102,98): warning: default template arguments for a function template are incompatible with C++98 [-Wc++98-compat]
[build]  4102 |              detail::enable_if_t<detail::can_compare_ne<IteratorType, SentinelType>::value, int> = 0>
[build]       |                                                                                                  ^ ~
[build] C:\Users\pperv\code\unnamed_rpg\vendor\json\include\nlohmann/json.hpp(4118,55): warning: rvalue references are incompatible with C++98 [-Wc++98-compat]
[build]  4118 |     static basic_json parse(detail::span_input_adapter&& i,
[build]       |                                                       ^
[build] C:\Users\pperv\code\unnamed_rpg\vendor\json\include\nlohmann/json.hpp(4132,33): warning: rvalue references are incompatible with C++98 [-Wc++98-compat]
[build]  4132 |     static bool accept(InputType&& i,
[build]       |                                 ^
[build] C:\Users\pperv\code\unnamed_rpg\vendor\json\include\nlohmann/json.hpp(4141,46): warning: default template arguments for a function template are incompatible with C++98 [-Wc++98-compat]
[build]  4141 |     template<typename IteratorType, typename SentinelType = IteratorType,
[build]       |                                              ^              ~~~~~~~~~~~~
[build] C:\Users\pperv\code\unnamed_rpg\vendor\json\include\nlohmann/json.hpp(4142,98): warning: default template arguments for a function template are incompatible with C++98 [-Wc++98-compat]
[build]  4142 |              detail::enable_if_t<detail::can_compare_ne<IteratorType, SentinelType>::value, int> = 0>
[build]       |                                                                                                  ^ ~
[build] C:\Users\pperv\code\unnamed_rpg\vendor\json\include\nlohmann/json.hpp(4152,50): warning: rvalue references are incompatible with C++98 [-Wc++98-compat]
[build]  4152 |     static bool accept(detail::span_input_adapter&& i,
[build]       |                                                  ^
[build] C:\Users\pperv\code\unnamed_rpg\vendor\json\include\nlohmann/json.hpp(4163,36): warning: rvalue references are incompatible with C++98 [-Wc++98-compat]
[build]  4163 |     static bool sax_parse(InputType&& i, SAX* sax,
[build]       |                                    ^
[build] C:\Users\pperv\code\unnamed_rpg\vendor\json\include\nlohmann/json.hpp(4177,51): warning: default template arguments for a function template are incompatible with C++98 [-Wc++98-compat]
[build]  4177 |     template<class IteratorType, class SAX, class SentinelType = IteratorType,
[build]       |                                                   ^              ~~~~~~~~~~~~
[build] C:\Users\pperv\code\unnamed_rpg\vendor\json\include\nlohmann/json.hpp(4178,98): warning: default template arguments for a function template are incompatible with C++98 [-Wc++98-compat]
[build]  4178 |              detail::enable_if_t<detail::can_compare_ne<IteratorType, SentinelType>::value, int> = 0>
[build]       |                                                                                                  ^ ~
[build] C:\Users\pperv\code\unnamed_rpg\vendor\json\include\nlohmann/json.hpp(4200,53): warning: rvalue references are incompatible with C++98 [-Wc++98-compat]
[build]  4200 |     static bool sax_parse(detail::span_input_adapter&& i, SAX* sax,
[build]       |                                                     ^
[build] C:\Users\pperv\code\unnamed_rpg\vendor\json\include\nlohmann/json.hpp(4244,5): warning: noexcept specifications are incompatible with C++98 [-Wc++98-compat]
[build]  4244 |     {
[build]       |     ^
[build] C:\Users\pperv\code\unnamed_rpg\vendor\json\include\nlohmann/json.hpp(4278,24): warning: default member initializer for non-static data members is incompatible with C++98 [-Wc++98-compat]
[build]  4278 |         value_t m_type = value_t::null;
[build]       |                        ^
[build] C:\Users\pperv\code\unnamed_rpg\vendor\json\include\nlohmann/json.hpp(4281,28): warning: default member initializer for non-static data members is incompatible with C++98 [-Wc++98-compat]
[build]  4281 |         json_value m_value = {};
[build]       |                            ^
[build] C:\Users\pperv\code\unnamed_rpg\vendor\json\include\nlohmann/json.hpp(4294,25): warning: noexcept specifications are incompatible with C++98 [-Wc++98-compat]
[build]  4294 |         data() noexcept = default;
[build]       |                         ^
[build] C:\Users\pperv\code\unnamed_rpg\vendor\json\include\nlohmann/json.hpp(4294,27): warning: defaulted function definitions are incompatible with C++98 [-Wc++98-compat]
[build]  4294 |         data() noexcept = default;
[build]       |                           ^
[build] C:\Users\pperv\code\unnamed_rpg\vendor\json\include\nlohmann/json.hpp(4295,18): warning: rvalue references are incompatible with C++98 [-Wc++98-compat]
[build]  4295 |         data(data&&) noexcept = default;
[build]       |                  ^
[build] C:\Users\pperv\code\unnamed_rpg\vendor\json\include\nlohmann/json.hpp(4295,31): warning: noexcept specifications are incompatible with C++98 [-Wc++98-compat]
[build]  4295 |         data(data&&) noexcept = default;
[build]       |                               ^
[build] C:\Users\pperv\code\unnamed_rpg\vendor\json\include\nlohmann/json.hpp(4295,33): warning: defaulted function definitions are incompatible with C++98 [-Wc++98-compat]
[build]  4295 |         data(data&&) noexcept = default;
[build]       |                                 ^
[build] C:\Users\pperv\code\unnamed_rpg\vendor\json\include\nlohmann/json.hpp(4296,36): warning: noexcept specifications are incompatible with C++98 [-Wc++98-compat]
[build]  4296 |         data(const data&) noexcept = delete;
[build]       |                                    ^
[build] C:\Users\pperv\code\unnamed_rpg\vendor\json\include\nlohmann/json.hpp(4296,38): warning: deleted function definitions are incompatible with C++98 [-Wc++98-compat]
[build]  4296 |         data(const data&) noexcept = delete;
[build]       |                                      ^
[build] C:\Users\pperv\code\unnamed_rpg\vendor\json\include\nlohmann/json.hpp(4297,29): warning: rvalue references are incompatible with C++98 [-Wc++98-compat]
[build]  4297 |         data& operator=(data&&) noexcept = delete;
[build]       |                             ^
[build] C:\Users\pperv\code\unnamed_rpg\vendor\json\include\nlohmann/json.hpp(4297,42): warning: noexcept specifications are incompatible with C++98 [-Wc++98-compat]
[build]  4297 |         data& operator=(data&&) noexcept = delete;
[build]       |                                          ^
[build] C:\Users\pperv\code\unnamed_rpg\vendor\json\include\nlohmann/json.hpp(4297,44): warning: deleted function definitions are incompatible with C++98 [-Wc++98-compat]
[build]  4297 |         data& operator=(data&&) noexcept = delete;
[build]       |                                            ^
[build] C:\Users\pperv\code\unnamed_rpg\vendor\json\include\nlohmann/json.hpp(4298,47): warning: noexcept specifications are incompatible with C++98 [-Wc++98-compat]
[build]  4298 |         data& operator=(const data&) noexcept = delete;
[build]       |                                               ^
[build] C:\Users\pperv\code\unnamed_rpg\vendor\json\include\nlohmann/json.hpp(4298,49): warning: deleted function definitions are incompatible with C++98 [-Wc++98-compat]
[build]  4298 |         data& operator=(const data&) noexcept = delete;
[build]       |                                                 ^
[build] C:\Users\pperv\code\unnamed_rpg\vendor\json\include\nlohmann/json.hpp(4301,9): warning: noexcept specifications are incompatible with C++98 [-Wc++98-compat]
[build]  4301 |         {
[build]       |         ^
[build] C:\Users\pperv\code\unnamed_rpg\vendor\json\include\nlohmann/json.hpp(4306,17): warning: default member initializer for non-static data members is incompatible with C++98 [-Wc++98-compat]
[build]  4306 |     data m_data = {}; // NOLINT(readability-redundant-member-init)
[build]       |                 ^
[build] C:\Users\pperv\code\unnamed_rpg\vendor\json\include\nlohmann/json.hpp(4468,42): warning: rvalue references are incompatible with C++98 [-Wc++98-compat]
[build]  4468 |     static basic_json from_cbor(InputType&& i,
[build]       |                                          ^
[build] C:\Users\pperv\code\unnamed_rpg\vendor\json\include\nlohmann/json.hpp(4482,46): warning: default template arguments for a function template are incompatible with C++98 [-Wc++98-compat]
[build]  4482 |     template<typename IteratorType, typename SentinelType = IteratorType,
[build]       |                                              ^              ~~~~~~~~~~~~
[build] C:\Users\pperv\code\unnamed_rpg\vendor\json\include\nlohmann/json.hpp(4483,98): warning: default template arguments for a function template are incompatible with C++98 [-Wc++98-compat]
[build]  4483 |              detail::enable_if_t<detail::can_compare_ne<IteratorType, SentinelType>::value, int> = 0>
[build]       |                                                                                                  ^ ~
[build] C:\Users\pperv\code\unnamed_rpg\vendor\json\include\nlohmann/json.hpp(4510,59): warning: rvalue references are incompatible with C++98 [-Wc++98-compat]
[build]  4510 |     static basic_json from_cbor(detail::span_input_adapter&& i,
[build]       |                                                           ^
[build] C:\Users\pperv\code\unnamed_rpg\vendor\json\include\nlohmann/json.hpp(4527,45): warning: rvalue references are incompatible with C++98 [-Wc++98-compat]
[build]  4527 |     static basic_json from_msgpack(InputType&& i,
[build]       |                                             ^
[build] C:\Users\pperv\code\unnamed_rpg\vendor\json\include\nlohmann/json.hpp(4540,46): warning: default template arguments for a function template are incompatible with C++98 [-Wc++98-compat]
[build]  4540 |     template<typename IteratorType, typename SentinelType = IteratorType,
[build]       |                                              ^              ~~~~~~~~~~~~
[build] C:\Users\pperv\code\unnamed_rpg\vendor\json\include\nlohmann/json.hpp(4541,98): warning: default template arguments for a function template are incompatible with C++98 [-Wc++98-compat]
[build]  4541 |              detail::enable_if_t<detail::can_compare_ne<IteratorType, SentinelType>::value, int> = 0>
[build]       |                                                                                                  ^ ~
[build] C:\Users\pperv\code\unnamed_rpg\vendor\json\include\nlohmann/json.hpp(4566,62): warning: rvalue references are incompatible with C++98 [-Wc++98-compat]
[build]  4566 |     static basic_json from_msgpack(detail::span_input_adapter&& i,
[build]       |                                                              ^
[build] C:\Users\pperv\code\unnamed_rpg\vendor\json\include\nlohmann/json.hpp(4582,44): warning: rvalue references are incompatible with C++98 [-Wc++98-compat]
[build]  4582 |     static basic_json from_ubjson(InputType&& i,
[build]       |                                            ^
[build] C:\Users\pperv\code\unnamed_rpg\vendor\json\include\nlohmann/json.hpp(4595,46): warning: default template arguments for a function template are incompatible with C++98 [-Wc++98-compat]
[build]  4595 |     template<typename IteratorType, typename SentinelType = IteratorType,
[build]       |                                              ^              ~~~~~~~~~~~~
[build] C:\Users\pperv\code\unnamed_rpg\vendor\json\include\nlohmann/json.hpp(4596,98): warning: default template arguments for a function template are incompatible with C++98 [-Wc++98-compat]
[build]  4596 |              detail::enable_if_t<detail::can_compare_ne<IteratorType, SentinelType>::value, int> = 0>
[build]       |                                                                                                  ^ ~
[build] C:\Users\pperv\code\unnamed_rpg\vendor\json\include\nlohmann/json.hpp(4621,61): warning: rvalue references are incompatible with C++98 [-Wc++98-compat]
[build]  4621 |     static basic_json from_ubjson(detail::span_input_adapter&& i,
[build]       |                                                             ^
[build] C:\Users\pperv\code\unnamed_rpg\vendor\json\include\nlohmann/json.hpp(4637,44): warning: rvalue references are incompatible with C++98 [-Wc++98-compat]
[build]  4637 |     static basic_json from_bjdata(InputType&& i,
[build]       |                                            ^
[build] C:\Users\pperv\code\unnamed_rpg\vendor\json\include\nlohmann/json.hpp(4650,46): warning: default template arguments for a function template are incompatible with C++98 [-Wc++98-compat]
[build]  4650 |     template<typename IteratorType, typename SentinelType = IteratorType,
[build]       |                                              ^              ~~~~~~~~~~~~
[build] C:\Users\pperv\code\unnamed_rpg\vendor\json\include\nlohmann/json.hpp(4651,98): warning: default template arguments for a function template are incompatible with C++98 [-Wc++98-compat]
[build]  4651 |              detail::enable_if_t<detail::can_compare_ne<IteratorType, SentinelType>::value, int> = 0>
[build]       |                                                                                                  ^ ~
[build] C:\Users\pperv\code\unnamed_rpg\vendor\json\include\nlohmann/json.hpp(4668,42): warning: rvalue references are incompatible with C++98 [-Wc++98-compat]
[build]  4668 |     static basic_json from_bson(InputType&& i,
[build]       |                                          ^
[build] C:\Users\pperv\code\unnamed_rpg\vendor\json\include\nlohmann/json.hpp(4681,46): warning: default template arguments for a function template are incompatible with C++98 [-Wc++98-compat]
[build]  4681 |     template<typename IteratorType, typename SentinelType = IteratorType,
[build]       |                                              ^              ~~~~~~~~~~~~
[build] C:\Users\pperv\code\unnamed_rpg\vendor\json\include\nlohmann/json.hpp(4682,98): warning: default template arguments for a function template are incompatible with C++98 [-Wc++98-compat]
[build]  4682 |              detail::enable_if_t<detail::can_compare_ne<IteratorType, SentinelType>::value, int> = 0>
[build]       |                                                                                                  ^ ~
[build] C:\Users\pperv\code\unnamed_rpg\vendor\json\include\nlohmann/json.hpp(4707,59): warning: rvalue references are incompatible with C++98 [-Wc++98-compat]
[build]  4707 |     static basic_json from_bson(detail::span_input_adapter&& i,
[build]       |                                                           ^
[build] C:\Users\pperv\code\unnamed_rpg\vendor\json\include\nlohmann/json.hpp(4734,108): warning: default template arguments for a function template are incompatible with C++98 [-Wc++98-compat]
[build]  4734 |     template<typename BasicJsonType, detail::enable_if_t<detail::is_basic_json<BasicJsonType>::value, int> = 0>
[build]       |                                                                                                            ^ ~
[build] C:\Users\pperv\code\unnamed_rpg\vendor\json\include\nlohmann/json.hpp(4748,108): warning: default template arguments for a function template are incompatible with C++98 [-Wc++98-compat]
[build]  4748 |     template<typename BasicJsonType, detail::enable_if_t<detail::is_basic_json<BasicJsonType>::value, int> = 0>
[build]       |                                                                                                            ^ ~
[build] C:\Users\pperv\code\unnamed_rpg\vendor\json\include\nlohmann/json.hpp(4762,108): warning: default template arguments for a function template are incompatible with C++98 [-Wc++98-compat]
[build]  4762 |     template<typename BasicJsonType, detail::enable_if_t<detail::is_basic_json<BasicJsonType>::value, int> = 0>
[build]       |                                                                                                            ^ ~
[build] C:\Users\pperv\code\unnamed_rpg\vendor\json\include\nlohmann/json.hpp(4776,108): warning: default template arguments for a function template are incompatible with C++98 [-Wc++98-compat]
[build]  4776 |     template<typename BasicJsonType, detail::enable_if_t<detail::is_basic_json<BasicJsonType>::value, int> = 0>
[build]       |                                                                                                            ^ ~
[build] C:\Users\pperv\code\unnamed_rpg\vendor\json\include\nlohmann/json.hpp(164,51): warning: 'nullptr' is incompatible with C++98 [-Wc++98-compat]
[build]   164 |         detail::parser_callback_t<basic_json>cb = nullptr,
[build]       |                                                   ^
[build] C:\Users\pperv\code\unnamed_rpg\vendor\json\include\nlohmann/json.hpp(856,33): warning: 'nullptr' is incompatible with C++98 [-Wc++98-compat]
[build]   856 |     basic_json(std::nullptr_t = nullptr) noexcept // NOLINT(bugprone-exception-escape)
[build]       |                                 ^
[build] C:\Users\pperv\code\unnamed_rpg\vendor\json\include\nlohmann/json.hpp(868,39): warning: noexcept specifications are incompatible with C++98 [-Wc++98-compat]
[build]   868 |     basic_json(CompatibleType && val) noexcept(noexcept( // NOLINT(bugprone-forwarding-reference-overload,bugprone-exception-escape)
[build]       |                                       ^
[build] C:\Users\pperv\code\unnamed_rpg\vendor\json\include\nlohmann/json.hpp(868,48): warning: noexcept expressions are incompatible with C++98 [-Wc++98-compat]
[build]   868 |     basic_json(CompatibleType && val) noexcept(noexcept( // NOLINT(bugprone-forwarding-reference-overload,bugprone-exception-escape)
[build]       |                                                ^
[build] C:\Users\pperv\code\unnamed_rpg\vendor\json\include\nlohmann/json.hpp(1052,55): warning: generalized initializer lists are incompatible with C++98 [-Wc++98-compat]
[build]  1052 |     static basic_json array(initializer_list_t init = {})
[build]       |                                                       ^
[build] C:\Users\pperv\code\unnamed_rpg\vendor\json\include\nlohmann/json.hpp(1060,56): warning: generalized initializer lists are incompatible with C++98 [-Wc++98-compat]
[build]  1060 |     static basic_json object(initializer_list_t init = {})
[build]       |                                                        ^
[build] C:\Users\pperv\code\unnamed_rpg\vendor\json\include\nlohmann/json.hpp(1291,45): warning: noexcept specifications are incompatible with C++98 [-Wc++98-compat]
[build]  1291 |     basic_json& operator=(basic_json other) noexcept ( // NOLINT(cppcoreguidelines-c-copy-assignment-signature,misc-unconventional-assign-operator)
[build]       |                                             ^
[build] C:\Users\pperv\code\unnamed_rpg\vendor\json\include\nlohmann/json.hpp(1672,66): warning: noexcept specifications are incompatible with C++98 [-Wc++98-compat]
[build]  1672 |     ValueType get_impl(detail::priority_tag<0> /*unused*/) const noexcept(noexcept(
[build]       |                                                                  ^
[build] C:\Users\pperv\code\unnamed_rpg\vendor\json\include\nlohmann/json.hpp(1672,75): warning: noexcept expressions are incompatible with C++98 [-Wc++98-compat]
[build]  1672 |     ValueType get_impl(detail::priority_tag<0> /*unused*/) const noexcept(noexcept(
[build]       |                                                                           ^
[build] C:\Users\pperv\code\unnamed_rpg\vendor\json\include\nlohmann/json.hpp(1714,66): warning: noexcept specifications are incompatible with C++98 [-Wc++98-compat]
[build]  1714 |     ValueType get_impl(detail::priority_tag<1> /*unused*/) const noexcept(noexcept(
[build]       |                                                                  ^
[build] C:\Users\pperv\code\unnamed_rpg\vendor\json\include\nlohmann/json.hpp(1714,75): warning: noexcept expressions are incompatible with C++98 [-Wc++98-compat]
[build]  1714 |     ValueType get_impl(detail::priority_tag<1> /*unused*/) const noexcept(noexcept(
[build]       |                                                                           ^
[build] C:\Users\pperv\code\unnamed_rpg\vendor\json\include\nlohmann/json.hpp(1810,22): warning: noexcept specifications are incompatible with C++98 [-Wc++98-compat]
[build]  1810 |     auto get() const noexcept(
[build]       |                      ^
[build] C:\Users\pperv\code\unnamed_rpg\vendor\json\include\nlohmann/json.hpp(1811,5): warning: noexcept expressions are incompatible with C++98 [-Wc++98-compat]
[build]  1811 |     noexcept(std::declval<const basic_json_t&>().template get_impl<ValueType>(detail::priority_tag<4> {})))
[build]       |     ^
[build] C:\Users\pperv\code\unnamed_rpg\vendor\json\include\nlohmann/json.hpp(1811,103): warning: generalized initializer lists are incompatible with C++98 [-Wc++98-compat]
[build]  1811 |     noexcept(std::declval<const basic_json_t&>().template get_impl<ValueType>(detail::priority_tag<4> {})))
[build]       |                                                                                                       ^
[build] C:\Users\pperv\code\unnamed_rpg\vendor\json\include\nlohmann/json.hpp(1811,103): warning: constructor call from initializer list is incompatible with C++98 [-Wc++98-compat]
[build]  1811 |     noexcept(std::declval<const basic_json_t&>().template get_impl<ValueType>(detail::priority_tag<4> {})))
[build]       |                                                                                                       ^~
[build] C:\Users\pperv\code\unnamed_rpg\vendor\json\include\nlohmann/json.hpp(1864,44): warning: noexcept specifications are incompatible with C++98 [-Wc++98-compat]
[build]  1864 |     ValueType & get_to(ValueType& v) const noexcept(noexcept(
[build]       |                                            ^
[build] C:\Users\pperv\code\unnamed_rpg\vendor\json\include\nlohmann/json.hpp(1864,53): warning: noexcept expressions are incompatible with C++98 [-Wc++98-compat]
[build]  1864 |     ValueType & get_to(ValueType& v) const noexcept(noexcept(
[build]       |                                                     ^
[build] C:\Users\pperv\code\unnamed_rpg\vendor\json\include\nlohmann/json.hpp(1889,5): warning: noexcept specifications are incompatible with C++98 [-Wc++98-compat]
[build]  1889 |     noexcept(noexcept(JSONSerializer<Array>::from_json(
[build]       |     ^
[build] C:\Users\pperv\code\unnamed_rpg\vendor\json\include\nlohmann/json.hpp(1889,14): warning: noexcept expressions are incompatible with C++98 [-Wc++98-compat]
[build]  1889 |     noexcept(noexcept(JSONSerializer<Array>::from_json(
[build]       |              ^
[build] C:\Users\pperv\code\unnamed_rpg\vendor\json\include\nlohmann/json.hpp(3540,32): warning: noexcept specifications are incompatible with C++98 [-Wc++98-compat]
[build]  3540 |     void swap(reference other) noexcept (
[build]       |                                ^
[build] C:\Users\pperv\code\unnamed_rpg\vendor\json\include\nlohmann/json.hpp(3557,55): warning: noexcept specifications are incompatible with C++98 [-Wc++98-compat]
[build]  3557 |     friend void swap(reference left, reference right) noexcept (
[build]       |                                                       ^
[build] C:\Users\pperv\code\unnamed_rpg\vendor\json\include\nlohmann/json.hpp(4089,52): warning: 'nullptr' is incompatible with C++98 [-Wc++98-compat]
[build]  4089 |                             parser_callback_t cb = nullptr,
[build]       |                                                    ^
[build] C:\Users\pperv\code\unnamed_rpg\vendor\json\include\nlohmann/json.hpp(4106,52): warning: 'nullptr' is incompatible with C++98 [-Wc++98-compat]
[build]  4106 |                             parser_callback_t cb = nullptr,
[build]       |                                                    ^
[build] C:\Users\pperv\code\unnamed_rpg\vendor\json\include\nlohmann/json.hpp(4119,52): warning: 'nullptr' is incompatible with C++98 [-Wc++98-compat]
[build]  4119 |                             parser_callback_t cb = nullptr,
[build]       |                                                    ^
[build] C:\Users\pperv\code\unnamed_rpg\vendor\json\include\nlohmann/json.hpp(1490,54): warning: 'nullptr' is incompatible with C++98 [-Wc++98-compat]
[build]  1490 |         return is_object() ? m_data.m_value.object : nullptr;
[build]       |                                                      ^
[build] C:\Users\pperv\code\unnamed_rpg\vendor\json\include\nlohmann/json.hpp(1502,52): warning: 'nullptr' is incompatible with C++98 [-Wc++98-compat]
[build]  1502 |         return is_array() ? m_data.m_value.array : nullptr;
[build]       |                                                    ^
[build] C:\Users\pperv\code\unnamed_rpg\vendor\json\include\nlohmann/json.hpp(1514,54): warning: 'nullptr' is incompatible with C++98 [-Wc++98-compat]
[build]  1514 |         return is_string() ? m_data.m_value.string : nullptr;
[build]       |                                                      ^
[build] C:\Users\pperv\code\unnamed_rpg\vendor\json\include\nlohmann/json.hpp(1526,57): warning: 'nullptr' is incompatible with C++98 [-Wc++98-compat]
[build]  1526 |         return is_boolean() ? &m_data.m_value.boolean : nullptr;
[build]       |                                                         ^
[build] C:\Users\pperv\code\unnamed_rpg\vendor\json\include\nlohmann/json.hpp(1538,92): warning: 'nullptr' is incompatible with C++98 [-Wc++98-compat]
[build]  1538 |         return m_data.m_type == value_t::number_integer ? &m_data.m_value.number_integer : nullptr;
[build]       |                                                                                            ^
[build] C:\Users\pperv\code\unnamed_rpg\vendor\json\include\nlohmann/json.hpp(1550,73): warning: 'nullptr' is incompatible with C++98 [-Wc++98-compat]
[build]  1550 |         return is_number_unsigned() ? &m_data.m_value.number_unsigned : nullptr;
[build]       |                                                                         ^
[build] C:\Users\pperv\code\unnamed_rpg\vendor\json\include\nlohmann/json.hpp(1562,67): warning: 'nullptr' is incompatible with C++98 [-Wc++98-compat]
[build]  1562 |         return is_number_float() ? &m_data.m_value.number_float : nullptr;
[build]       |                                                                   ^
[build] C:\Users\pperv\code\unnamed_rpg\vendor\json\include\nlohmann/json.hpp(1574,54): warning: 'nullptr' is incompatible with C++98 [-Wc++98-compat]
[build]  1574 |         return is_binary() ? m_data.m_value.binary : nullptr;
[build]       |                                                      ^
[build] C:\Users\pperv\code\unnamed_rpg\vendor\json\include\nlohmann/json.hpp(1625,54): warning: 'nullptr' is incompatible with C++98 [-Wc++98-compat]
[build]  1625 |         return get_impl_ptr(static_cast<PointerType>(nullptr));
[build]       |                                                      ^
[build] C:\Users\pperv\code\unnamed_rpg\vendor\json\include\nlohmann/json.hpp(1817,9): warning: 'static_assert' declarations are incompatible with C++98 [-Wc++98-compat]
[build]  1817 |         static_assert(!std::is_reference<ValueTypeCV>::value,
[build]       |         ^
[build] C:\Users\pperv\code\unnamed_rpg\vendor\json\include\nlohmann/json.hpp(1819,60): warning: generalized initializer lists are incompatible with C++98 [-Wc++98-compat]
[build]  1819 |         return get_impl<ValueType>(detail::priority_tag<4> {});
[build]       |                                                            ^
[build] C:\Users\pperv\code\unnamed_rpg\vendor\json\include\nlohmann/json.hpp(1819,60): warning: constructor call from initializer list is incompatible with C++98 [-Wc++98-compat]
[build]  1819 |         return get_impl<ValueType>(detail::priority_tag<4> {});
[build]       |                                                            ^~
[build] C:\Users\pperv\code\unnamed_rpg\vendor\json\include\nlohmann/json.hpp(5265,1): warning: variadic templates are incompatible with C++98 [-Wc++98-compat]
[build]  5265 | NLOHMANN_BASIC_JSON_TPL_DECLARATION
[build]       | ^
[build] C:\Users\pperv\code\unnamed_rpg\vendor\json\include\nlohmann/detail/macro_scope.hpp(337,51): note: expanded from macro 'NLOHMANN_BASIC_JSON_TPL_DECLARATION'
[build]   337 |     template<template<typename, typename, typename...> class ObjectType,   \
[build]       |                                                   ^
[build] In file included from C:\Users\pperv\code\unnamed_rpg\vendor\json-schema-validator\src\json-schema-draft7.json.cpp:9:
[build] C:\Users\pperv\code\unnamed_rpg\vendor\json\include\nlohmann/json.hpp(5265,1): warning: variadic templates are incompatible with C++98 [-Wc++98-compat]
[build] C:\Users\pperv\code\unnamed_rpg\vendor\json\include\nlohmann/detail/macro_scope.hpp(338,41): note: expanded from macro 'NLOHMANN_BASIC_JSON_TPL_DECLARATION'
[build]   338 |              template<typename, typename...> class ArrayType,              \
[build]       |                                         ^
[build] In file included from C:\Users\pperv\code\unnamed_rpg\vendor\json-schema-validator\src\json-schema-draft7.json.cpp:9:
[build] C:\Users\pperv\code\unnamed_rpg\vendor\json\include\nlohmann/json.hpp(5273,1): warning: variadic templates are incompatible with C++98 [-Wc++98-compat]
[build]  5273 | NLOHMANN_BASIC_JSON_TPL_DECLARATION
[build]       | ^
[build] C:\Users\pperv\code\unnamed_rpg\vendor\json\include\nlohmann/detail/macro_scope.hpp(337,51): note: expanded from macro 'NLOHMANN_BASIC_JSON_TPL_DECLARATION'
[build]   337 |     template<template<typename, typename, typename...> class ObjectType,   \
[build]       |                                                   ^
[build] In file included from C:\Users\pperv\code\unnamed_rpg\vendor\json-schema-validator\src\json-schema-draft7.json.cpp:9:
[build] C:\Users\pperv\code\unnamed_rpg\vendor\json\include\nlohmann/json.hpp(5273,1): warning: variadic templates are incompatible with C++98 [-Wc++98-compat]
[build] C:\Users\pperv\code\unnamed_rpg\vendor\json\include\nlohmann/detail/macro_scope.hpp(338,41): note: expanded from macro 'NLOHMANN_BASIC_JSON_TPL_DECLARATION'
[build]   338 |              template<typename, typename...> class ArrayType,              \
[build]       |                                         ^
[build] In file included from C:\Users\pperv\code\unnamed_rpg\vendor\json-schema-validator\src\json-schema-draft7.json.cpp:9:
[build] C:\Users\pperv\code\unnamed_rpg\vendor\json\include\nlohmann/json.hpp(5279,1): warning: inline namespaces are incompatible with C++98 [-Wc++98-compat]
[build]  5279 | inline namespace literals
[build]       | ^
[build] C:\Users\pperv\code\unnamed_rpg\vendor\json\include\nlohmann/json.hpp(5281,1): warning: inline namespaces are incompatible with C++98 [-Wc++98-compat]
[build]  5281 | inline namespace json_literals
[build]       | ^
[build] C:\Users\pperv\code\unnamed_rpg\vendor\json\include\nlohmann/json.hpp(5288,35): warning: literal operators are incompatible with C++98 [-Wc++98-compat]
[build]  5288 |     inline nlohmann::json operator""_json(const char* s, std::size_t n)
[build]       |                                   ^
[build] C:\Users\pperv\code\unnamed_rpg\vendor\json\include\nlohmann/json.hpp(4281,20): warning: padding struct 'nlohmann::basic_json<>::data' with 7 bytes to align 'm_value' [-Wpadded]
[build]  4281 |         json_value m_value = {};
[build]       |                    ^
[build] C:\Users\pperv\code\unnamed_rpg\vendor\json\include\nlohmann/json.hpp(5310,49): warning: literal operators are incompatible with C++98 [-Wc++98-compat]
[build]  5310 |     inline nlohmann::json::json_pointer operator""_json_pointer(const char* s, std::size_t n)
[build]       |                                                 ^
[build] C:\Users\pperv\code\unnamed_rpg\vendor\json\include\nlohmann/json.hpp(5339,1): warning: variadic templates are incompatible with C++98 [-Wc++98-compat]
[build]  5339 | NLOHMANN_BASIC_JSON_TPL_DECLARATION
[build]       | ^
[build] C:\Users\pperv\code\unnamed_rpg\vendor\json\include\nlohmann/detail/macro_scope.hpp(337,51): note: expanded from macro 'NLOHMANN_BASIC_JSON_TPL_DECLARATION'
[build]   337 |     template<template<typename, typename, typename...> class ObjectType,   \
[build]       |                                                   ^
[build] In file included from C:\Users\pperv\code\unnamed_rpg\vendor\json-schema-validator\src\json-schema-draft7.json.cpp:9:
[build] C:\Users\pperv\code\unnamed_rpg\vendor\json\include\nlohmann/json.hpp(5339,1): warning: variadic templates are incompatible with C++98 [-Wc++98-compat]
[build] C:\Users\pperv\code\unnamed_rpg\vendor\json\include\nlohmann/detail/macro_scope.hpp(338,41): note: expanded from macro 'NLOHMANN_BASIC_JSON_TPL_DECLARATION'
[build]   338 |              template<typename, typename...> class ArrayType,              \
[build]       |                                         ^
[build] In file included from C:\Users\pperv\code\unnamed_rpg\vendor\json-schema-validator\src\json-schema-draft7.json.cpp:9:
[build] C:\Users\pperv\code\unnamed_rpg\vendor\json\include\nlohmann/json.hpp(5358,5): warning: noexcept specifications are incompatible with C++98 [-Wc++98-compat]
[build]  5358 |     {
[build]       |     ^
[build] C:\Users\pperv\code\unnamed_rpg\vendor\json\include\nlohmann/json.hpp(5372,1): warning: variadic templates are incompatible with C++98 [-Wc++98-compat]
[build]  5372 | NLOHMANN_BASIC_JSON_TPL_DECLARATION
[build]       | ^
[build] C:\Users\pperv\code\unnamed_rpg\vendor\json\include\nlohmann/detail/macro_scope.hpp(337,51): note: expanded from macro 'NLOHMANN_BASIC_JSON_TPL_DECLARATION'
[build]   337 |     template<template<typename, typename, typename...> class ObjectType,   \
[build]       |                                                   ^
[build] In file included from C:\Users\pperv\code\unnamed_rpg\vendor\json-schema-validator\src\json-schema-draft7.json.cpp:9:
[build] C:\Users\pperv\code\unnamed_rpg\vendor\json\include\nlohmann/json.hpp(5372,1): warning: variadic templates are incompatible with C++98 [-Wc++98-compat]
[build] C:\Users\pperv\code\unnamed_rpg\vendor\json\include\nlohmann/detail/macro_scope.hpp(338,41): note: expanded from macro 'NLOHMANN_BASIC_JSON_TPL_DECLARATION'
[build]   338 |              template<typename, typename...> class ArrayType,              \
[build]       |                                         ^
[build] In file included from C:\Users\pperv\code\unnamed_rpg\vendor\json-schema-validator\src\json-schema-draft7.json.cpp:9:
[build] C:\Users\pperv\code\unnamed_rpg\vendor\json\include\nlohmann/json.hpp(5373,96): warning: noexcept specifications are incompatible with C++98 [-Wc++98-compat]
[build]  5373 | inline void swap(nlohmann::NLOHMANN_BASIC_JSON_TPL& j1, nlohmann::NLOHMANN_BASIC_JSON_TPL& j2) noexcept(  // NOLINT(readability-inconsistent-declaration-parameter-name, cert-dcl58-cpp)
[build]       |                                                                                                ^
[build] C:\Users\pperv\code\unnamed_rpg\vendor\json\include\nlohmann/json.hpp(5464,58): warning: literal operators are incompatible with C++98 [-Wc++98-compat]
[build]  5464 |         using nlohmann::literals::json_literals::operator""_json; // NOLINT(misc-unused-using-decls,google-global-names-in-headers)
[build]       |                                                          ^
[build] C:\Users\pperv\code\unnamed_rpg\vendor\json\include\nlohmann/json.hpp(5465,58): warning: literal operators are incompatible with C++98 [-Wc++98-compat]
[build]  5465 |         using nlohmann::literals::json_literals::operator""_json_pointer; //NOLINT(misc-unused-using-decls,google-global-names-in-headers)
[build]       |                                                          ^
[build] C:\Users\pperv\code\unnamed_rpg\vendor\json-schema-validator\src\json-schema-draft7.json.cpp(16,30): warning: raw string literals are incompatible with C++98 [-Wc++98-compat]
[build]    16 | json draft7_schema_builtin = R"( {
[build]       |                              ^
[build] C:\Users\pperv\code\unnamed_rpg\vendor\json-schema-validator\src\json-schema-draft7.json.cpp(16,6): warning: no previous extern declaration for non-static variable 'draft7_schema_builtin' [-Wmissing-variable-declarations]
[build]    16 | json draft7_schema_builtin = R"( {
[build]       |      ^
[build] C:\Users\pperv\code\unnamed_rpg\vendor\json-schema-validator\src\json-schema-draft7.json.cpp(16,1): note: declare 'static' if the variable is not intended to be used outside of this translation unit
[build]    16 | json draft7_schema_builtin = R"( {
[build]       | ^
[build] C:\Users\pperv\code\unnamed_rpg\vendor\json-schema-validator\src\json-schema-draft7.json.cpp(16,6): warning: declaration requires an exit-time destructor [-Wexit-time-destructors]
[build]    16 | json draft7_schema_builtin = R"( {
[build]       |      ^
[build] C:\Users\pperv\code\unnamed_rpg\vendor\json-schema-validator\src\json-schema-draft7.json.cpp(16,6): warning: declaration requires a global destructor [-Wglobal-constructors]
[build] In file included from C:\Users\pperv\code\unnamed_rpg\vendor\json-schema-validator\src\json-schema-draft7.json.cpp:9:
[build] In file included from C:\Users\pperv\code\unnamed_rpg\vendor\json\include\nlohmann/json.hpp:44:
[build] In file included from C:\Users\pperv\code\unnamed_rpg\vendor\json\include\nlohmann/adl_serializer.hpp:14:
[build] In file included from C:\Users\pperv\code\unnamed_rpg\vendor\json\include\nlohmann/detail/conversions/from_json.hpp:24:
[build] C:\Users\pperv\code\unnamed_rpg\vendor\json\include\nlohmann/detail/exceptions.hpp(192,16): warning: generalized initializer lists are incompatible with C++98 [-Wc++98-compat]
[build]   192 |         return {id_, byte_, w.c_str()};
[build]       |                ^~~~~~~~~~~~~~~~~~~~~~~
[build] C:\Users\pperv\code\unnamed_rpg\vendor\json\include\nlohmann/detail/exceptions.hpp(192,16): warning: constructor call from initializer list is incompatible with C++98 [-Wc++98-compat]
[build]   192 |         return {id_, byte_, w.c_str()};
[build]       |                ^~~~~~~~~~~~~~~~~~~~~~~
[build] C:\Users\pperv\code\unnamed_rpg\vendor\json\include\nlohmann/detail/exceptions.hpp(192,16): warning: constructor call from initializer list is incompatible with C++98 [-Wc++98-compat]
[build]   192 |         return {id_, byte_, w.c_str()};
[build]       |                ^~~~~~~~~~~~~~~~~~~~~~~
[build] C:\Users\pperv\code\unnamed_rpg\vendor\json\include\nlohmann/detail/input/input_adapters.hpp(615,33): note: in instantiation of function template specialization 'nlohmann::detail::parse_error::create<std::nullptr_t, 0>' requested here
[build]   615 |         JSON_THROW(parse_error::create(101, 0, "attempting to parse an empty input; check that your input string or stream contains the expected JSON", nullptr));
[build]       |                                 ^
[build] C:\Users\pperv\code\unnamed_rpg\vendor\json\include\nlohmann/detail/macro_scope.hpp(198,41): note: expanded from macro 'JSON_THROW'
[build]   198 |     #define JSON_THROW(exception) throw exception
[build]       |                                         ^
[build] In file included from C:\Users\pperv\code\unnamed_rpg\vendor\json-schema-validator\src\json-schema-draft7.json.cpp:9:
[build] In file included from C:\Users\pperv\code\unnamed_rpg\vendor\json\include\nlohmann/json.hpp:50:
[build] In file included from C:\Users\pperv\code\unnamed_rpg\vendor\json\include\nlohmann/detail/input/binary_reader.hpp:29:
[build] In file included from C:\Users\pperv\code\unnamed_rpg\vendor\json\include\nlohmann/detail/input/json_sax.hpp:18:
[build] C:\Users\pperv\code\unnamed_rpg\vendor\json\include\nlohmann/detail/input/lexer.hpp(1720,19): warning: padding class 'nlohmann::detail::lexer<nlohmann::basic_json<>, nlohmann::detail::iterator_input_adapter<const char *>>' with 3 bytes to align 'current' [-Wpadded]
[build]  1720 |     char_int_type current = char_traits<char_type>::eof();
[build]       |                   ^
[build] C:\Users\pperv\code\unnamed_rpg\vendor\json\include\nlohmann/detail/input/lexer.hpp(1726,16): warning: padding class 'nlohmann::detail::lexer<nlohmann::basic_json<>, nlohmann::detail::iterator_input_adapter<const char *>>' with 7 bytes to align 'position' [-Wpadded]
[build]  1726 |     position_t position {};
[build]       |                ^
[build] C:\Users\pperv\code\unnamed_rpg\vendor\json\include\nlohmann/detail/input/lexer.hpp(1756,17): warning: padding class 'nlohmann::detail::lexer<nlohmann::basic_json<>, nlohmann::detail::iterator_input_adapter<const char *>>' with 4 bytes to align 'decimal_point_position' [-Wpadded]
[build]  1756 |     std::size_t decimal_point_position = std::string::npos;
[build]       |                 ^
[build] In file included from C:\Users\pperv\code\unnamed_rpg\vendor\json-schema-validator\src\json-schema-draft7.json.cpp:9:
[build] In file included from C:\Users\pperv\code\unnamed_rpg\vendor\json\include\nlohmann/json.hpp:53:
[build] C:\Users\pperv\code\unnamed_rpg\vendor\json\include\nlohmann/detail/input/parser.hpp(528,13): warning: padding class 'nlohmann::detail::parser<nlohmann::basic_json<>, nlohmann::detail::iterator_input_adapter<const char *>>' with 4 bytes to align 'm_lexer' [-Wpadded]
[build]   528 |     lexer_t m_lexer;
[build]       |             ^
[build] C:\Users\pperv\code\unnamed_rpg\vendor\json\include\nlohmann/detail/input/parser.hpp(60,7): warning: padding size of 'nlohmann::detail::parser<nlohmann::basic_json<>, nlohmann::detail::iterator_input_adapter<const char *>>' with 6 bytes to alignment boundary [-Wpadded]
[build]    60 | class parser
[build]       |       ^
[build] In file included from C:\Users\pperv\code\unnamed_rpg\vendor\json-schema-validator\src\json-schema-draft7.json.cpp:9:
[build] C:\Users\pperv\code\unnamed_rpg\vendor\json\include\nlohmann/json.hpp(857,22): warning: enumeration type in nested name specifier is incompatible with C++98 [-Wc++98-compat]
[build]   857 |         : basic_json(value_t::null)
[build]       |                      ^
[build] C:\Users\pperv\code\unnamed_rpg\vendor\json\include\nlohmann/json.hpp(4111,20): note: in instantiation of member function 'nlohmann::basic_json<>::basic_json' requested here
[build]  4111 |         basic_json result;
[build]       |                    ^
[build] C:\Users\pperv\code\unnamed_rpg\vendor\json\include\nlohmann/json.hpp(5294,28): note: in instantiation of function template specialization 'nlohmann::basic_json<>::parse<const char *, const char *, 0>' requested here
[build]  5294 |     return nlohmann::json::parse(s, s + n);
[build]       |                            ^
[build] C:\Users\pperv\code\unnamed_rpg\vendor\json\include\nlohmann/json.hpp(857,11): warning: delegating constructors are incompatible with C++98 [-Wc++98-compat]
[build]   857 |         : basic_json(value_t::null)
[build]       |           ^
[build] C:\Users\pperv\code\unnamed_rpg\vendor\json\include\nlohmann/json.hpp(540,30): warning: 'nullptr' is incompatible with C++98 [-Wc++98-compat]
[build]   540 |                     object = nullptr;  // silence warning, see #821
[build]       |                              ^
[build] C:\Users\pperv\code\unnamed_rpg\vendor\json\include\nlohmann/json.hpp(547,30): warning: 'nullptr' is incompatible with C++98 [-Wc++98-compat]
[build]   547 |                     object = nullptr;  // silence warning, see #821
[build]       |                              ^
[build] C:\Users\pperv\code\unnamed_rpg\vendor\json\include\nlohmann/json.hpp(550,112): warning: 'nullptr' is incompatible with C++98 [-Wc++98-compat]
[build]   550 |                         JSON_THROW(other_error::create(500, "961c151d2e87f2686a955a9be24d316f1362bf21 3.12.0", nullptr)); // LCOV_EXCL_LINE
[build]       |                                                                                                                ^
[build] C:\Users\pperv\code\unnamed_rpg\vendor\json\include\nlohmann/json.hpp(545,17): warning: default label in switch which covers all enumeration values [-Wcovered-switch-default]
[build]   545 |                 default:
[build]       |                 ^
[build] C:\Users\pperv\code\unnamed_rpg\vendor\json\include\nlohmann/json.hpp(849,11): note: in instantiation of member function 'nlohmann::basic_json<>::data::data' requested here
[build]   849 |         : m_data(v)
[build]       |           ^
[build] C:\Users\pperv\code\unnamed_rpg\vendor\json\include\nlohmann/json.hpp(857,11): note: in instantiation of member function 'nlohmann::basic_json<>::basic_json' requested here
[build]   857 |         : basic_json(value_t::null)
[build]       |           ^
[build] C:\Users\pperv\code\unnamed_rpg\vendor\json\include\nlohmann/json.hpp(4111,20): note: in instantiation of member function 'nlohmann::basic_json<>::basic_json' requested here
[build]  4111 |         basic_json result;
[build]       |                    ^
[build] C:\Users\pperv\code\unnamed_rpg\vendor\json\include\nlohmann/json.hpp(5294,28): note: in instantiation of function template specialization 'nlohmann::basic_json<>::parse<const char *, const char *, 0>' requested here
[build]  5294 |     return nlohmann::json::parse(s, s + n);
[build]       |                            ^
[build] C:\Users\pperv\code\unnamed_rpg\vendor\json\include\nlohmann/json.hpp(490,22): warning: enumeration type in nested name specifier is incompatible with C++98 [-Wc++98-compat]
[build]   490 |                 case value_t::object:
[build]       |                      ^
[build] C:\Users\pperv\code\unnamed_rpg\vendor\json\include\nlohmann/json.hpp(4284,26): note: in instantiation of member function 'nlohmann::basic_json<>::json_value::json_value' requested here
[build]  4284 |             : m_type(v), m_value(v)
[build]       |                          ^
[build] C:\Users\pperv\code\unnamed_rpg\vendor\json\include\nlohmann/json.hpp(849,11): note: in instantiation of member function 'nlohmann::basic_json<>::data::data' requested here
[build]   849 |         : m_data(v)
[build]       |           ^
[build] C:\Users\pperv\code\unnamed_rpg\vendor\json\include\nlohmann/json.hpp(857,11): note: in instantiation of member function 'nlohmann::basic_json<>::basic_json' requested here
[build]   857 |         : basic_json(value_t::null)
[build]       |           ^
[build] C:\Users\pperv\code\unnamed_rpg\vendor\json\include\nlohmann/json.hpp(4111,20): note: in instantiation of member function 'nlohmann::basic_json<>::basic_json' requested here
[build]  4111 |         basic_json result;
[build]       |                    ^
[build] C:\Users\pperv\code\unnamed_rpg\vendor\json\include\nlohmann/json.hpp(5294,28): note: in instantiation of function template specialization 'nlohmann::basic_json<>::parse<const char *, const char *, 0>' requested here
[build]  5294 |     return nlohmann::json::parse(s, s + n);
[build]       |                            ^
[build] C:\Users\pperv\code\unnamed_rpg\vendor\json\include\nlohmann/json.hpp(496,22): warning: enumeration type in nested name specifier is incompatible with C++98 [-Wc++98-compat]
[build]   496 |                 case value_t::array:
[build]       |                      ^
[build] C:\Users\pperv\code\unnamed_rpg\vendor\json\include\nlohmann/json.hpp(502,22): warning: enumeration type in nested name specifier is incompatible with C++98 [-Wc++98-compat]
[build]   502 |                 case value_t::string:
[build]       |                      ^
[build] C:\Users\pperv\code\unnamed_rpg\vendor\json\include\nlohmann/json.hpp(508,22): warning: enumeration type in nested name specifier is incompatible with C++98 [-Wc++98-compat]
[build]   508 |                 case value_t::binary:
[build]       |                      ^
[build] C:\Users\pperv\code\unnamed_rpg\vendor\json\include\nlohmann/json.hpp(514,22): warning: enumeration type in nested name specifier is incompatible with C++98 [-Wc++98-compat]
[build]   514 |                 case value_t::boolean:
[build]       |                      ^
[build] C:\Users\pperv\code\unnamed_rpg\vendor\json\include\nlohmann/json.hpp(520,22): warning: enumeration type in nested name specifier is incompatible with C++98 [-Wc++98-compat]
[build]   520 |                 case value_t::number_integer:
[build]       |                      ^
[build] C:\Users\pperv\code\unnamed_rpg\vendor\json\include\nlohmann/json.hpp(526,22): warning: enumeration type in nested name specifier is incompatible with C++98 [-Wc++98-compat]
[build]   526 |                 case value_t::number_unsigned:
[build]       |                      ^
[build] C:\Users\pperv\code\unnamed_rpg\vendor\json\include\nlohmann/json.hpp(532,22): warning: enumeration type in nested name specifier is incompatible with C++98 [-Wc++98-compat]
[build]   532 |                 case value_t::number_float:
[build]       |                      ^
[build] C:\Users\pperv\code\unnamed_rpg\vendor\json\include\nlohmann/json.hpp(538,22): warning: enumeration type in nested name specifier is incompatible with C++98 [-Wc++98-compat]
[build]   538 |                 case value_t::null:
[build]       |                      ^
[build] C:\Users\pperv\code\unnamed_rpg\vendor\json\include\nlohmann/json.hpp(544,22): warning: enumeration type in nested name specifier is incompatible with C++98 [-Wc++98-compat]
[build]   544 |                 case value_t::discarded:
[build]       |                      ^
[build] C:\Users\pperv\code\unnamed_rpg\vendor\json\include\nlohmann/json.hpp(548,51): warning: enumeration type in nested name specifier is incompatible with C++98 [-Wc++98-compat]
[build]   548 |                     if (JSON_HEDLEY_UNLIKELY(t == value_t::null))
[build]       |                                                   ^
[build] C:\Users\pperv\code\unnamed_rpg\vendor\json\include\nlohmann/json.hpp(545,17): warning: default label in switch which covers all enumeration values [-Wcovered-switch-default]
[build]   545 |                 default:
[build]       |                 ^
[build] C:\Users\pperv\code\unnamed_rpg\vendor\json\include\nlohmann/json.hpp(414,33): warning: alias declarations are incompatible with C++98 [-Wc++98-compat]
[build]   414 |         using AllocatorTraits = std::allocator_traits<AllocatorType<T>>;
[build]       |                                 ^
[build] C:\Users\pperv\code\unnamed_rpg\vendor\json\include\nlohmann/json.hpp(414,70): warning: consecutive right angle brackets are incompatible with C++98 (use '> >') [-Wc++98-compat]
[build]   414 |         using AllocatorTraits = std::allocator_traits<AllocatorType<T>>;
[build]       |                                                                      ^~
[build]       |                                                                      > >
[build] C:\Users\pperv\code\unnamed_rpg\vendor\json\include\nlohmann/json.hpp(416,9): warning: 'auto' type specifier is incompatible with C++98 [-Wc++98-compat]
[build]   416 |         auto deleter = [&](T * obj)
[build]       |         ^~~~
[build] C:\Users\pperv\code\unnamed_rpg\vendor\json\include\nlohmann/json.hpp(416,24): warning: lambda expressions are incompatible with C++98 [-Wc++98-compat]
[build]   416 |         auto deleter = [&](T * obj)
[build]       |                        ^
[build] C:\Users\pperv\code\unnamed_rpg\vendor\json\include\nlohmann/json.hpp(420,28): warning: 'decltype' type specifier is incompatible with C++98 [-Wc++98-compat]
[build]   420 |         std::unique_ptr<T, decltype(deleter)> obj(AllocatorTraits::allocate(alloc, 1), deleter);
[build]       |                            ^
[build] C:\Users\pperv\code\unnamed_rpg\vendor\json\include\nlohmann/json.hpp(420,28): warning: local type '(lambda at C:\Users\pperv\code\unnamed_rpg\vendor\json\include\nlohmann\json.hpp:416:24)' as template argument is incompatible with C++98 [-Wc++98-compat-local-type-template-args]
[build]   420 |         std::unique_ptr<T, decltype(deleter)> obj(AllocatorTraits::allocate(alloc, 1), deleter);
[build]       |                            ^~~~~~~~~~~~~~~~~
[build] C:\Users\pperv\code\unnamed_rpg\vendor\json\include\nlohmann/json.hpp(492,30): note: in instantiation of function template specialization 'nlohmann::basic_json<>::create<std::map<std::basic_string<char>, nlohmann::basic_json<>, std::less<void>>>' requested here
[build]   492 |                     object = create<object_t>();
[build]       |                              ^
[build] C:\Users\pperv\code\unnamed_rpg\vendor\json\include\nlohmann/json.hpp(4284,26): note: in instantiation of member function 'nlohmann::basic_json<>::json_value::json_value' requested here
[build]  4284 |             : m_type(v), m_value(v)
[build]       |                          ^
[build] C:\Users\pperv\code\unnamed_rpg\vendor\json\include\nlohmann/json.hpp(849,11): note: in instantiation of member function 'nlohmann::basic_json<>::data::data' requested here
[build]   849 |         : m_data(v)
[build]       |           ^
[build] C:\Users\pperv\code\unnamed_rpg\vendor\json\include\nlohmann/json.hpp(857,11): note: in instantiation of member function 'nlohmann::basic_json<>::basic_json' requested here
[build]   857 |         : basic_json(value_t::null)
[build]       |           ^
[build] C:\Users\pperv\code\unnamed_rpg\vendor\json\include\nlohmann/json.hpp(4111,20): note: in instantiation of member function 'nlohmann::basic_json<>::basic_json' requested here
[build]  4111 |         basic_json result;
[build]       |                    ^
[build] C:\Users\pperv\code\unnamed_rpg\vendor\json\include\nlohmann/json.hpp(5294,28): note: in instantiation of function template specialization 'nlohmann::basic_json<>::parse<const char *, const char *, 0>' requested here
[build]  5294 |     return nlohmann::json::parse(s, s + n);
[build]       |                            ^
[build] C:\Users\pperv\code\unnamed_rpg\vendor\json\include\nlohmann/json.hpp(420,28): warning: local type '(lambda at C:\Users\pperv\code\unnamed_rpg\vendor\json\include\nlohmann\json.hpp:416:24)' as template argument is incompatible with C++98 [-Wc++98-compat-local-type-template-args]
[build]   420 |         std::unique_ptr<T, decltype(deleter)> obj(AllocatorTraits::allocate(alloc, 1), deleter);
[build]       |                            ^~~~~~~~~~~~~~~~~
[build] C:\Users\pperv\code\unnamed_rpg\vendor\json\include\nlohmann/json.hpp(498,29): note: in instantiation of function template specialization 'nlohmann::basic_json<>::create<std::vector<nlohmann::basic_json<>>>' requested here
[build]   498 |                     array = create<array_t>();
[build]       |                             ^
[build] C:\Users\pperv\code\unnamed_rpg\vendor\json\include\nlohmann/json.hpp(4284,26): note: in instantiation of member function 'nlohmann::basic_json<>::json_value::json_value' requested here
[build]  4284 |             : m_type(v), m_value(v)
[build]       |                          ^
[build] C:\Users\pperv\code\unnamed_rpg\vendor\json\include\nlohmann/json.hpp(849,11): note: in instantiation of member function 'nlohmann::basic_json<>::data::data' requested here
[build]   849 |         : m_data(v)
[build]       |           ^
[build] C:\Users\pperv\code\unnamed_rpg\vendor\json\include\nlohmann/json.hpp(857,11): note: in instantiation of member function 'nlohmann::basic_json<>::basic_json' requested here
[build]   857 |         : basic_json(value_t::null)
[build]       |           ^
[build] C:\Users\pperv\code\unnamed_rpg\vendor\json\include\nlohmann/json.hpp(4111,20): note: in instantiation of member function 'nlohmann::basic_json<>::basic_json' requested here
[build]  4111 |         basic_json result;
[build]       |                    ^
[build] C:\Users\pperv\code\unnamed_rpg\vendor\json\include\nlohmann/json.hpp(5294,28): note: in instantiation of function template specialization 'nlohmann::basic_json<>::parse<const char *, const char *, 0>' requested here
[build]  5294 |     return nlohmann::json::parse(s, s + n);
[build]       |                            ^
[build] C:\Users\pperv\code\unnamed_rpg\vendor\json\include\nlohmann/json.hpp(420,28): warning: local type '(lambda at C:\Users\pperv\code\unnamed_rpg\vendor\json\include\nlohmann\json.hpp:416:24)' as template argument is incompatible with C++98 [-Wc++98-compat-local-type-template-args]
[build]   420 |         std::unique_ptr<T, decltype(deleter)> obj(AllocatorTraits::allocate(alloc, 1), deleter);
[build]       |                            ^~~~~~~~~~~~~~~~~
[build] C:\Users\pperv\code\unnamed_rpg\vendor\json\include\nlohmann/json.hpp(504,30): note: in instantiation of function template specialization 'nlohmann::basic_json<>::create<std::basic_string<char>, const char (&)[1]>' requested here
[build]   504 |                     string = create<string_t>("");
[build]       |                              ^
[build] C:\Users\pperv\code\unnamed_rpg\vendor\json\include\nlohmann/json.hpp(4284,26): note: in instantiation of member function 'nlohmann::basic_json<>::json_value::json_value' requested here
[build]  4284 |             : m_type(v), m_value(v)
[build]       |                          ^
[build] C:\Users\pperv\code\unnamed_rpg\vendor\json\include\nlohmann/json.hpp(849,11): note: in instantiation of member function 'nlohmann::basic_json<>::data::data' requested here
[build]   849 |         : m_data(v)
[build]       |           ^
[build] C:\Users\pperv\code\unnamed_rpg\vendor\json\include\nlohmann/json.hpp(857,11): note: in instantiation of member function 'nlohmann::basic_json<>::basic_json' requested here
[build]   857 |         : basic_json(value_t::null)
[build]       |           ^
[build] C:\Users\pperv\code\unnamed_rpg\vendor\json\include\nlohmann/json.hpp(4111,20): note: in instantiation of member function 'nlohmann::basic_json<>::basic_json' requested here
[build]  4111 |         basic_json result;
[build]       |                    ^
[build] C:\Users\pperv\code\unnamed_rpg\vendor\json\include\nlohmann/json.hpp(5294,28): note: in instantiation of function template specialization 'nlohmann::basic_json<>::parse<const char *, const char *, 0>' requested here
[build]  5294 |     return nlohmann::json::parse(s, s + n);
[build]       |                            ^
[build] In file included from C:\Users\pperv\code\unnamed_rpg\vendor\json-schema-validator\src\json-schema-draft7.json.cpp:9:
[build] In file included from C:\Users\pperv\code\unnamed_rpg\vendor\json\include\nlohmann/json.hpp:45:
[build] C:\Users\pperv\code\unnamed_rpg\vendor\json\include\nlohmann/byte_container_with_subtype.hpp(22,7): warning: padding size of 'nlohmann::byte_container_with_subtype<std::vector<unsigned char>>' with 7 bytes to alignment boundary [-Wpadded]
[build]    22 | class byte_container_with_subtype : public BinaryType
[build]       |       ^
[build] In file included from C:\Users\pperv\code\unnamed_rpg\vendor\json-schema-validator\src\json-schema-draft7.json.cpp:9:
[build] C:\Users\pperv\code\unnamed_rpg\vendor\json\include\nlohmann/json.hpp(420,28): warning: local type '(lambda at C:\Users\pperv\code\unnamed_rpg\vendor\json\include\nlohmann\json.hpp:416:24)' as template argument is incompatible with C++98 [-Wc++98-compat-local-type-template-args]
[build]   420 |         std::unique_ptr<T, decltype(deleter)> obj(AllocatorTraits::allocate(alloc, 1), deleter);
[build]       |                            ^~~~~~~~~~~~~~~~~
[build] C:\Users\pperv\code\unnamed_rpg\vendor\json\include\nlohmann/json.hpp(510,30): note: in instantiation of function template specialization 'nlohmann::basic_json<>::create<nlohmann::byte_container_with_subtype<std::vector<unsigned char>>>' requested here
[build]   510 |                     binary = create<binary_t>();
[build]       |                              ^
[build] C:\Users\pperv\code\unnamed_rpg\vendor\json\include\nlohmann/json.hpp(4284,26): note: in instantiation of member function 'nlohmann::basic_json<>::json_value::json_value' requested here
[build]  4284 |             : m_type(v), m_value(v)
[build]       |                          ^
[build] C:\Users\pperv\code\unnamed_rpg\vendor\json\include\nlohmann/json.hpp(849,11): note: in instantiation of member function 'nlohmann::basic_json<>::data::data' requested here
[build]   849 |         : m_data(v)
[build]       |           ^
[build] C:\Users\pperv\code\unnamed_rpg\vendor\json\include\nlohmann/json.hpp(857,11): note: in instantiation of member function 'nlohmann::basic_json<>::basic_json' requested here
[build]   857 |         : basic_json(value_t::null)
[build]       |           ^
[build] C:\Users\pperv\code\unnamed_rpg\vendor\json\include\nlohmann/json.hpp(4111,20): note: in instantiation of member function 'nlohmann::basic_json<>::basic_json' requested here
[build]  4111 |         basic_json result;
[build]       |                    ^
[build] C:\Users\pperv\code\unnamed_rpg\vendor\json\include\nlohmann/json.hpp(5294,28): note: in instantiation of function template specialization 'nlohmann::basic_json<>::parse<const char *, const char *, 0>' requested here
[build]  5294 |     return nlohmann::json::parse(s, s + n);
[build]       |                            ^
[build] In file included from C:\Users\pperv\code\unnamed_rpg\vendor\json-schema-validator\src\json-schema-draft7.json.cpp:9:
[build] In file included from C:\Users\pperv\code\unnamed_rpg\vendor\json\include\nlohmann/json.hpp:44:
[build] In file included from C:\Users\pperv\code\unnamed_rpg\vendor\json\include\nlohmann/adl_serializer.hpp:14:
[build] In file included from C:\Users\pperv\code\unnamed_rpg\vendor\json\include\nlohmann/detail/conversions/from_json.hpp:24:
[build] C:\Users\pperv\code\unnamed_rpg\vendor\json\include\nlohmann/detail/exceptions.hpp(278,16): warning: generalized initializer lists are incompatible with C++98 [-Wc++98-compat]
[build]   278 |         return {id_, w.c_str()};
[build]       |                ^~~~~~~~~~~~~~~~
[build] C:\Users\pperv\code\unnamed_rpg\vendor\json\include\nlohmann/detail/exceptions.hpp(278,16): warning: constructor call from initializer list is incompatible with C++98 [-Wc++98-compat]
[build]   278 |         return {id_, w.c_str()};
[build]       |                ^~~~~~~~~~~~~~~~
[build] C:\Users\pperv\code\unnamed_rpg\vendor\json\include\nlohmann/json.hpp(4284,26): note: in instantiation of member function 'nlohmann::basic_json<>::json_value::json_value' requested here
[build]  4284 |             : m_type(v), m_value(v)
[build]       |                          ^
[build] C:\Users\pperv\code\unnamed_rpg\vendor\json\include\nlohmann/json.hpp(849,11): note: in instantiation of member function 'nlohmann::basic_json<>::data::data' requested here
[build]   849 |         : m_data(v)
[build]       |           ^
[build] C:\Users\pperv\code\unnamed_rpg\vendor\json\include\nlohmann/json.hpp(857,11): note: in instantiation of member function 'nlohmann::basic_json<>::basic_json' requested here
[build]   857 |         : basic_json(value_t::null)
[build]       |           ^
[build] C:\Users\pperv\code\unnamed_rpg\vendor\json\include\nlohmann/json.hpp(4111,20): note: in instantiation of member function 'nlohmann::basic_json<>::basic_json' requested here
[build]  4111 |         basic_json result;
[build]       |                    ^
[build] C:\Users\pperv\code\unnamed_rpg\vendor\json\include\nlohmann/json.hpp(5294,28): note: in instantiation of function template specialization 'nlohmann::basic_json<>::parse<const char *, const char *, 0>' requested here
[build]  5294 |     return nlohmann::json::parse(s, s + n);
[build]       |                            ^
[build] In file included from C:\Users\pperv\code\unnamed_rpg\vendor\json-schema-validator\src\json-schema-draft7.json.cpp:9:
[build] In file included from C:\Users\pperv\code\unnamed_rpg\vendor\json\include\nlohmann/json.hpp:44:
[build] In file included from C:\Users\pperv\code\unnamed_rpg\vendor\json\include\nlohmann/adl_serializer.hpp:14:
[build] In file included from C:\Users\pperv\code\unnamed_rpg\vendor\json\include\nlohmann/detail/conversions/from_json.hpp:24:
[build] C:\Users\pperv\code\unnamed_rpg\vendor\json\include\nlohmann/detail/exceptions.hpp(278,16): warning: constructor call from initializer list is incompatible with C++98 [-Wc++98-compat]
[build]   278 |         return {id_, w.c_str()};
[build]       |                ^~~~~~~~~~~~~~~~
[build] C:\Users\pperv\code\unnamed_rpg\vendor\json\include\nlohmann/json.hpp(550,49): note: in instantiation of function template specialization 'nlohmann::detail::other_error::create<std::nullptr_t, 0>' requested here
[build]   550 |                         JSON_THROW(other_error::create(500, "961c151d2e87f2686a955a9be24d316f1362bf21 3.12.0", nullptr)); // LCOV_EXCL_LINE
[build]       |                                                 ^
[build] C:\Users\pperv\code\unnamed_rpg\vendor\json\include\nlohmann/detail/macro_scope.hpp(198,41): note: expanded from macro 'JSON_THROW'
[build]   198 |     #define JSON_THROW(exception) throw exception
[build]       |                                         ^
[build] C:\Users\pperv\code\unnamed_rpg\vendor\json\include\nlohmann/json.hpp(4284,26): note: in instantiation of member function 'nlohmann::basic_json<>::json_value::json_value' requested here
[build]  4284 |             : m_type(v), m_value(v)
[build]       |                          ^
[build] C:\Users\pperv\code\unnamed_rpg\vendor\json\include\nlohmann/json.hpp(849,11): note: in instantiation of member function 'nlohmann::basic_json<>::data::data' requested here
[build]   849 |         : m_data(v)
[build]       |           ^
[build] C:\Users\pperv\code\unnamed_rpg\vendor\json\include\nlohmann/json.hpp(857,11): note: in instantiation of member function 'nlohmann::basic_json<>::basic_json' requested here
[build]   857 |         : basic_json(value_t::null)
[build]       |           ^
[build] C:\Users\pperv\code\unnamed_rpg\vendor\json\include\nlohmann/json.hpp(4111,20): note: in instantiation of member function 'nlohmann::basic_json<>::basic_json' requested here
[build]  4111 |         basic_json result;
[build]       |                    ^
[build] C:\Users\pperv\code\unnamed_rpg\vendor\json\include\nlohmann/json.hpp(5294,28): note: in instantiation of function template specialization 'nlohmann::basic_json<>::parse<const char *, const char *, 0>' requested here
[build]  5294 |     return nlohmann::json::parse(s, s + n);
[build]       |                            ^
[build] C:\Users\pperv\code\unnamed_rpg\vendor\json\include\nlohmann/json.hpp(590,52): warning: 'nullptr' is incompatible with C++98 [-Wc++98-compat]
[build]   590 |                 (t == value_t::object && object == nullptr) ||
[build]       |                                                    ^
[build] C:\Users\pperv\code\unnamed_rpg\vendor\json\include\nlohmann/json.hpp(591,50): warning: 'nullptr' is incompatible with C++98 [-Wc++98-compat]
[build]   591 |                 (t == value_t::array && array == nullptr) ||
[build]       |                                                  ^
[build] C:\Users\pperv\code\unnamed_rpg\vendor\json\include\nlohmann/json.hpp(592,52): warning: 'nullptr' is incompatible with C++98 [-Wc++98-compat]
[build]   592 |                 (t == value_t::string && string == nullptr) ||
[build]       |                                                    ^
[build] C:\Users\pperv\code\unnamed_rpg\vendor\json\include\nlohmann/json.hpp(593,52): warning: 'nullptr' is incompatible with C++98 [-Wc++98-compat]
[build]   593 |                 (t == value_t::binary && binary == nullptr)
[build]       |                                                    ^
[build] C:\Users\pperv\code\unnamed_rpg\vendor\json\include\nlohmann/json.hpp(613,30): warning: rvalue references are incompatible with C++98 [-Wc++98-compat]
[build]   613 |                     for (auto&& it : *object)
[build]       |                              ^
[build] C:\Users\pperv\code\unnamed_rpg\vendor\json\include\nlohmann/json.hpp(613,26): warning: 'auto' type specifier is incompatible with C++98 [-Wc++98-compat]
[build]   613 |                     for (auto&& it : *object)
[build]       |                          ^~~~
[build] C:\Users\pperv\code\unnamed_rpg\vendor\json\include\nlohmann/json.hpp(848,5): note: in instantiation of member function 'nlohmann::basic_json<>::data::~data' requested here
[build]   848 |     basic_json(const value_t v)
[build]       |     ^
[build] C:\Users\pperv\code\unnamed_rpg\vendor\json\include\nlohmann/json.hpp(857,11): note: in instantiation of member function 'nlohmann::basic_json<>::basic_json' requested here
[build]   857 |         : basic_json(value_t::null)
[build]       |           ^
[build] C:\Users\pperv\code\unnamed_rpg\vendor\json\include\nlohmann/json.hpp(4111,20): note: in instantiation of member function 'nlohmann::basic_json<>::basic_json' requested here
[build]  4111 |         basic_json result;
[build]       |                    ^
[build] C:\Users\pperv\code\unnamed_rpg\vendor\json\include\nlohmann/json.hpp(5294,28): note: in instantiation of function template specialization 'nlohmann::basic_json<>::parse<const char *, const char *, 0>' requested here
[build]  5294 |     return nlohmann::json::parse(s, s + n);
[build]       |                            ^
[build] C:\Users\pperv\code\unnamed_rpg\vendor\json\include\nlohmann/json.hpp(613,36): warning: range-based for loop is incompatible with C++98 [-Wc++98-compat]
[build]   613 |                     for (auto&& it : *object)
[build]       |                                    ^
[build] C:\Users\pperv\code\unnamed_rpg\vendor\json\include\nlohmann/json.hpp(635,34): warning: rvalue references are incompatible with C++98 [-Wc++98-compat]
[build]   635 |                         for (auto&& it : *current_item.m_data.m_value.object)
[build]       |                                  ^
[build] C:\Users\pperv\code\unnamed_rpg\vendor\json\include\nlohmann/json.hpp(635,30): warning: 'auto' type specifier is incompatible with C++98 [-Wc++98-compat]
[build]   635 |                         for (auto&& it : *current_item.m_data.m_value.object)
[build]       |                              ^~~~
[build] C:\Users\pperv\code\unnamed_rpg\vendor\json\include\nlohmann/json.hpp(635,40): warning: range-based for loop is incompatible with C++98 [-Wc++98-compat]
[build]   635 |                         for (auto&& it : *current_item.m_data.m_value.object)
[build]       |                                        ^
[build] C:\Users\pperv\code\unnamed_rpg\vendor\json\include\nlohmann/json.hpp(653,43): warning: 'decltype' type specifier is incompatible with C++98 [-Wc++98-compat]
[build]   653 |                     std::allocator_traits<decltype(alloc)>::destroy(alloc, object);
[build]       |                                           ^
[build] C:\Users\pperv\code\unnamed_rpg\vendor\json\include\nlohmann/json.hpp(654,43): warning: 'decltype' type specifier is incompatible with C++98 [-Wc++98-compat]
[build]   654 |                     std::allocator_traits<decltype(alloc)>::deallocate(alloc, object, 1);
[build]       |                                           ^
[build] C:\Users\pperv\code\unnamed_rpg\vendor\json\include\nlohmann/json.hpp(661,43): warning: 'decltype' type specifier is incompatible with C++98 [-Wc++98-compat]
[build]   661 |                     std::allocator_traits<decltype(alloc)>::destroy(alloc, array);
[build]       |                                           ^
[build] C:\Users\pperv\code\unnamed_rpg\vendor\json\include\nlohmann/json.hpp(662,43): warning: 'decltype' type specifier is incompatible with C++98 [-Wc++98-compat]
[build]   662 |                     std::allocator_traits<decltype(alloc)>::deallocate(alloc, array, 1);
[build]       |                                           ^
[build] C:\Users\pperv\code\unnamed_rpg\vendor\json\include\nlohmann/json.hpp(669,43): warning: 'decltype' type specifier is incompatible with C++98 [-Wc++98-compat]
[build]   669 |                     std::allocator_traits<decltype(alloc)>::destroy(alloc, string);
[build]       |                                           ^
[build] C:\Users\pperv\code\unnamed_rpg\vendor\json\include\nlohmann/json.hpp(670,43): warning: 'decltype' type specifier is incompatible with C++98 [-Wc++98-compat]
[build]   670 |                     std::allocator_traits<decltype(alloc)>::deallocate(alloc, string, 1);
[build]       |                                           ^
[build] C:\Users\pperv\code\unnamed_rpg\vendor\json\include\nlohmann/json.hpp(677,43): warning: 'decltype' type specifier is incompatible with C++98 [-Wc++98-compat]
[build]   677 |                     std::allocator_traits<decltype(alloc)>::destroy(alloc, binary);
[build]       |                                           ^
[build] C:\Users\pperv\code\unnamed_rpg\vendor\json\include\nlohmann/json.hpp(678,43): warning: 'decltype' type specifier is incompatible with C++98 [-Wc++98-compat]
[build]   678 |                     std::allocator_traits<decltype(alloc)>::deallocate(alloc, binary, 1);
[build]       |                                           ^
[build] C:\Users\pperv\code\unnamed_rpg\vendor\json\include\nlohmann/json.hpp(688,17): warning: default label in switch which covers all enumeration values [-Wcovered-switch-default]
[build]   688 |                 default:
[build]       |                 ^
[build] C:\Users\pperv\code\unnamed_rpg\vendor\json\include\nlohmann/json.hpp(590,23): warning: enumeration type in nested name specifier is incompatible with C++98 [-Wc++98-compat]
[build]   590 |                 (t == value_t::object && object == nullptr) ||
[build]       |                       ^
[build] C:\Users\pperv\code\unnamed_rpg\vendor\json\include\nlohmann/json.hpp(4302,21): note: in instantiation of member function 'nlohmann::basic_json<>::json_value::destroy' requested here
[build]  4302 |             m_value.destroy(m_type);
[build]       |                     ^
[build] C:\Users\pperv\code\unnamed_rpg\vendor\json\include\nlohmann/json.hpp(848,5): note: in instantiation of member function 'nlohmann::basic_json<>::data::~data' requested here
[build]   848 |     basic_json(const value_t v)
[build]       |     ^
[build] C:\Users\pperv\code\unnamed_rpg\vendor\json\include\nlohmann/json.hpp(857,11): note: in instantiation of member function 'nlohmann::basic_json<>::basic_json' requested here
[build]   857 |         : basic_json(value_t::null)
[build]       |           ^
[build] C:\Users\pperv\code\unnamed_rpg\vendor\json\include\nlohmann/json.hpp(4111,20): note: in instantiation of member function 'nlohmann::basic_json<>::basic_json' requested here
[build]  4111 |         basic_json result;
[build]       |                    ^
[build] C:\Users\pperv\code\unnamed_rpg\vendor\json\include\nlohmann/json.hpp(5294,28): note: in instantiation of function template specialization 'nlohmann::basic_json<>::parse<const char *, const char *, 0>' requested here
[build]  5294 |     return nlohmann::json::parse(s, s + n);
[build]       |                            ^
[build] C:\Users\pperv\code\unnamed_rpg\vendor\json\include\nlohmann/json.hpp(591,23): warning: enumeration type in nested name specifier is incompatible with C++98 [-Wc++98-compat]
[build]   591 |                 (t == value_t::array && array == nullptr) ||
[build]       |                       ^
[build] C:\Users\pperv\code\unnamed_rpg\vendor\json\include\nlohmann/json.hpp(592,23): warning: enumeration type in nested name specifier is incompatible with C++98 [-Wc++98-compat]
[build]   592 |                 (t == value_t::string && string == nullptr) ||
[build]       |                       ^
[build] C:\Users\pperv\code\unnamed_rpg\vendor\json\include\nlohmann/json.hpp(593,23): warning: enumeration type in nested name specifier is incompatible with C++98 [-Wc++98-compat]
[build]   593 |                 (t == value_t::binary && binary == nullptr)
[build]       |                       ^
[build] C:\Users\pperv\code\unnamed_rpg\vendor\json\include\nlohmann/json.hpp(599,22): warning: enumeration type in nested name specifier is incompatible with C++98 [-Wc++98-compat]
[build]   599 |             if (t == value_t::array || t == value_t::object)
[build]       |                      ^
[build] C:\Users\pperv\code\unnamed_rpg\vendor\json\include\nlohmann/json.hpp(599,45): warning: enumeration type in nested name specifier is incompatible with C++98 [-Wc++98-compat]
[build]   599 |             if (t == value_t::array || t == value_t::object)
[build]       |                                             ^
[build] C:\Users\pperv\code\unnamed_rpg\vendor\json\include\nlohmann/json.hpp(605,26): warning: enumeration type in nested name specifier is incompatible with C++98 [-Wc++98-compat]
[build]   605 |                 if (t == value_t::array)
[build]       |                          ^
[build] C:\Users\pperv\code\unnamed_rpg\vendor\json\include\nlohmann/json.hpp(1432,33): warning: enumeration type in nested name specifier is incompatible with C++98 [-Wc++98-compat]
[build]  1432 |         return m_data.m_type == value_t::array;
[build]       |                                 ^
[build] C:\Users\pperv\code\unnamed_rpg\vendor\json\include\nlohmann/json.hpp(627,38): note: in instantiation of member function 'nlohmann::basic_json<>::is_array' requested here
[build]   627 |                     if (current_item.is_array())
[build]       |                                      ^
[build] C:\Users\pperv\code\unnamed_rpg\vendor\json\include\nlohmann/json.hpp(4302,21): note: in instantiation of member function 'nlohmann::basic_json<>::json_value::destroy' requested here
[build]  4302 |             m_value.destroy(m_type);
[build]       |                     ^
[build] C:\Users\pperv\code\unnamed_rpg\vendor\json\include\nlohmann/json.hpp(848,5): note: in instantiation of member function 'nlohmann::basic_json<>::data::~data' requested here
[build]   848 |     basic_json(const value_t v)
[build]       |     ^
[build] C:\Users\pperv\code\unnamed_rpg\vendor\json\include\nlohmann/json.hpp(857,11): note: in instantiation of member function 'nlohmann::basic_json<>::basic_json' requested here
[build]   857 |         : basic_json(value_t::null)
[build]       |           ^
[build] C:\Users\pperv\code\unnamed_rpg\vendor\json\include\nlohmann/json.hpp(4111,20): note: in instantiation of member function 'nlohmann::basic_json<>::basic_json' requested here
[build]  4111 |         basic_json result;
[build]       |                    ^
[build] C:\Users\pperv\code\unnamed_rpg\vendor\json\include\nlohmann/json.hpp(5294,28): note: in instantiation of function template specialization 'nlohmann::basic_json<>::parse<const char *, const char *, 0>' requested here
[build]  5294 |     return nlohmann::json::parse(s, s + n);
[build]       |                            ^
[build] C:\Users\pperv\code\unnamed_rpg\vendor\json\include\nlohmann/json.hpp(1425,33): warning: enumeration type in nested name specifier is incompatible with C++98 [-Wc++98-compat]
[build]  1425 |         return m_data.m_type == value_t::object;
[build]       |                                 ^
[build] C:\Users\pperv\code\unnamed_rpg\vendor\json\include\nlohmann/json.hpp(633,43): note: in instantiation of member function 'nlohmann::basic_json<>::is_object' requested here
[build]   633 |                     else if (current_item.is_object())
[build]       |                                           ^
[build] C:\Users\pperv\code\unnamed_rpg\vendor\json\include\nlohmann/json.hpp(4302,21): note: in instantiation of member function 'nlohmann::basic_json<>::json_value::destroy' requested here
[build]  4302 |             m_value.destroy(m_type);
[build]       |                     ^
[build] C:\Users\pperv\code\unnamed_rpg\vendor\json\include\nlohmann/json.hpp(848,5): note: in instantiation of member function 'nlohmann::basic_json<>::data::~data' requested here
[build]   848 |     basic_json(const value_t v)
[build]       |     ^
[build] C:\Users\pperv\code\unnamed_rpg\vendor\json\include\nlohmann/json.hpp(857,11): note: in instantiation of member function 'nlohmann::basic_json<>::basic_json' requested here
[build]   857 |         : basic_json(value_t::null)
[build]       |           ^
[build] C:\Users\pperv\code\unnamed_rpg\vendor\json\include\nlohmann/json.hpp(4111,20): note: in instantiation of member function 'nlohmann::basic_json<>::basic_json' requested here
[build]  4111 |         basic_json result;
[build]       |                    ^
[build] C:\Users\pperv\code\unnamed_rpg\vendor\json\include\nlohmann/json.hpp(5294,28): note: in instantiation of function template specialization 'nlohmann::basic_json<>::parse<const char *, const char *, 0>' requested here
[build]  5294 |     return nlohmann::json::parse(s, s + n);
[build]       |                            ^
[build] C:\Users\pperv\code\unnamed_rpg\vendor\json\include\nlohmann/json.hpp(650,22): warning: enumeration type in nested name specifier is incompatible with C++98 [-Wc++98-compat]
[build]   650 |                 case value_t::object:
[build]       |                      ^
[build] C:\Users\pperv\code\unnamed_rpg\vendor\json\include\nlohmann/json.hpp(4302,21): note: in instantiation of member function 'nlohmann::basic_json<>::json_value::destroy' requested here
[build]  4302 |             m_value.destroy(m_type);
[build]       |                     ^
[build] C:\Users\pperv\code\unnamed_rpg\vendor\json\include\nlohmann/json.hpp(848,5): note: in instantiation of member function 'nlohmann::basic_json<>::data::~data' requested here
[build]   848 |     basic_json(const value_t v)
[build]       |     ^
[build] C:\Users\pperv\code\unnamed_rpg\vendor\json\include\nlohmann/json.hpp(857,11): note: in instantiation of member function 'nlohmann::basic_json<>::basic_json' requested here
[build]   857 |         : basic_json(value_t::null)
[build]       |           ^
[build] C:\Users\pperv\code\unnamed_rpg\vendor\json\include\nlohmann/json.hpp(4111,20): note: in instantiation of member function 'nlohmann::basic_json<>::basic_json' requested here
[build]  4111 |         basic_json result;
[build]       |                    ^
[build] C:\Users\pperv\code\unnamed_rpg\vendor\json\include\nlohmann/json.hpp(5294,28): note: in instantiation of function template specialization 'nlohmann::basic_json<>::parse<const char *, const char *, 0>' requested here
[build]  5294 |     return nlohmann::json::parse(s, s + n);
[build]       |                            ^
[build] C:\Users\pperv\code\unnamed_rpg\vendor\json\include\nlohmann/json.hpp(658,22): warning: enumeration type in nested name specifier is incompatible with C++98 [-Wc++98-compat]
[build]   658 |                 case value_t::array:
[build]       |                      ^
[build] C:\Users\pperv\code\unnamed_rpg\vendor\json\include\nlohmann/json.hpp(666,22): warning: enumeration type in nested name specifier is incompatible with C++98 [-Wc++98-compat]
[build]   666 |                 case value_t::string:
[build]       |                      ^
[build] C:\Users\pperv\code\unnamed_rpg\vendor\json\include\nlohmann/json.hpp(674,22): warning: enumeration type in nested name specifier is incompatible with C++98 [-Wc++98-compat]
[build]   674 |                 case value_t::binary:
[build]       |                      ^
[build] C:\Users\pperv\code\unnamed_rpg\vendor\json\include\nlohmann/json.hpp(682,22): warning: enumeration type in nested name specifier is incompatible with C++98 [-Wc++98-compat]
[build]   682 |                 case value_t::null:
[build]       |                      ^
[build] C:\Users\pperv\code\unnamed_rpg\vendor\json\include\nlohmann/json.hpp(683,22): warning: enumeration type in nested name specifier is incompatible with C++98 [-Wc++98-compat]
[build]   683 |                 case value_t::boolean:
[build]       |                      ^
[build] C:\Users\pperv\code\unnamed_rpg\vendor\json\include\nlohmann/json.hpp(684,22): warning: enumeration type in nested name specifier is incompatible with C++98 [-Wc++98-compat]
[build]   684 |                 case value_t::number_integer:
[build]       |                      ^
[build] C:\Users\pperv\code\unnamed_rpg\vendor\json\include\nlohmann/json.hpp(685,22): warning: enumeration type in nested name specifier is incompatible with C++98 [-Wc++98-compat]
[build]   685 |                 case value_t::number_unsigned:
[build]       |                      ^
[build] C:\Users\pperv\code\unnamed_rpg\vendor\json\include\nlohmann/json.hpp(686,22): warning: enumeration type in nested name specifier is incompatible with C++98 [-Wc++98-compat]
[build]   686 |                 case value_t::number_float:
[build]       |                      ^
[build] C:\Users\pperv\code\unnamed_rpg\vendor\json\include\nlohmann/json.hpp(687,22): warning: enumeration type in nested name specifier is incompatible with C++98 [-Wc++98-compat]
[build]   687 |                 case value_t::discarded:
[build]       |                      ^
[build] C:\Users\pperv\code\unnamed_rpg\vendor\json\include\nlohmann/json.hpp(688,17): warning: default label in switch which covers all enumeration values [-Wcovered-switch-default]
[build]   688 |                 default:
[build]       |                 ^
[build] C:\Users\pperv\code\unnamed_rpg\vendor\json\include\nlohmann/json.hpp(717,82): warning: 'nullptr' is incompatible with C++98 [-Wc++98-compat]
[build]   717 |         JSON_ASSERT(m_data.m_type != value_t::object || m_data.m_value.object != nullptr);
[build]       |                                                                                  ^
[build] C:\Users\pperv\code\unnamed_rpg\vendor\json\include\nlohmann/json.hpp(718,80): warning: 'nullptr' is incompatible with C++98 [-Wc++98-compat]
[build]   718 |         JSON_ASSERT(m_data.m_type != value_t::array || m_data.m_value.array != nullptr);
[build]       |                                                                                ^
[build] C:\Users\pperv\code\unnamed_rpg\vendor\json\include\nlohmann/json.hpp(719,82): warning: 'nullptr' is incompatible with C++98 [-Wc++98-compat]
[build]   719 |         JSON_ASSERT(m_data.m_type != value_t::string || m_data.m_value.string != nullptr);
[build]       |                                                                                  ^
[build] C:\Users\pperv\code\unnamed_rpg\vendor\json\include\nlohmann/json.hpp(720,82): warning: 'nullptr' is incompatible with C++98 [-Wc++98-compat]
[build]   720 |         JSON_ASSERT(m_data.m_type != value_t::binary || m_data.m_value.binary != nullptr);
[build]       |                                                                                  ^
[build] C:\Users\pperv\code\unnamed_rpg\vendor\json\include\nlohmann/json.hpp(717,38): warning: enumeration type in nested name specifier is incompatible with C++98 [-Wc++98-compat]
[build]   717 |         JSON_ASSERT(m_data.m_type != value_t::object || m_data.m_value.object != nullptr);
[build]       |                                      ^
[build] C:\Users\pperv\code\unnamed_rpg\vendor\json\include\nlohmann/json.hpp(859,9): note: in instantiation of member function 'nlohmann::basic_json<>::assert_invariant' requested here
[build]   859 |         assert_invariant();
[build]       |         ^
[build] C:\Users\pperv\code\unnamed_rpg\vendor\json\include\nlohmann/json.hpp(4111,20): note: in instantiation of member function 'nlohmann::basic_json<>::basic_json' requested here
[build]  4111 |         basic_json result;
[build]       |                    ^
[build] C:\Users\pperv\code\unnamed_rpg\vendor\json\include\nlohmann/json.hpp(5294,28): note: in instantiation of function template specialization 'nlohmann::basic_json<>::parse<const char *, const char *, 0>' requested here
[build]  5294 |     return nlohmann::json::parse(s, s + n);
[build]       |                            ^
[build] C:\Users\pperv\code\unnamed_rpg\vendor\json\include\nlohmann/json.hpp(718,38): warning: enumeration type in nested name specifier is incompatible with C++98 [-Wc++98-compat]
[build]   718 |         JSON_ASSERT(m_data.m_type != value_t::array || m_data.m_value.array != nullptr);
[build]       |                                      ^
[build] C:\Users\pperv\code\unnamed_rpg\vendor\json\include\nlohmann/json.hpp(719,38): warning: enumeration type in nested name specifier is incompatible with C++98 [-Wc++98-compat]
[build]   719 |         JSON_ASSERT(m_data.m_type != value_t::string || m_data.m_value.string != nullptr);
[build]       |                                      ^
[build] C:\Users\pperv\code\unnamed_rpg\vendor\json\include\nlohmann/json.hpp(720,38): warning: enumeration type in nested name specifier is incompatible with C++98 [-Wc++98-compat]
[build]   720 |         JSON_ASSERT(m_data.m_type != value_t::binary || m_data.m_value.binary != nullptr);
[build]       |                                      ^
[build] In file included from C:\Users\pperv\code\unnamed_rpg\vendor\json-schema-validator\src\json-schema-draft7.json.cpp:9:
[build] In file included from C:\Users\pperv\code\unnamed_rpg\vendor\json\include\nlohmann/json.hpp:50:
[build] In file included from C:\Users\pperv\code\unnamed_rpg\vendor\json\include\nlohmann/detail/input/binary_reader.hpp:28:
[build] C:\Users\pperv\code\unnamed_rpg\vendor\json\include\nlohmann/detail/input/input_adapters.hpp(569,26): warning: alias declarations are incompatible with C++98 [-Wc++98-compat]
[build]   569 |     using factory_type = iterator_input_adapter_factory<IteratorType, SentinelType>;
[build]       |                          ^
[build] In file included from C:\Users\pperv\code\unnamed_rpg\vendor\json-schema-validator\src\json-schema-draft7.json.cpp:9:
[build] In file included from C:\Users\pperv\code\unnamed_rpg\vendor\json\include\nlohmann/json.hpp:53:
[build] C:\Users\pperv\code\unnamed_rpg\vendor\json\include\nlohmann/detail/input/parser.hpp(526,29): warning: enumeration type in nested name specifier is incompatible with C++98 [-Wc++98-compat]
[build]   526 |     token_type last_token = token_type::uninitialized;
[build]       |                             ^
[build] C:\Users\pperv\code\unnamed_rpg\vendor\json\include\nlohmann/detail/input/parser.hpp(71,14): note: in instantiation of default member initializer 'nlohmann::detail::parser<nlohmann::basic_json<>, nlohmann::detail::iterator_input_adapter<const char *>>::last_token' requested here
[build]    71 |     explicit parser(InputAdapterType&& adapter,
[build]       |              ^
[build] C:\Users\pperv\code\unnamed_rpg\vendor\json\include\nlohmann/json.hpp(170,16): note: in instantiation of member function 'nlohmann::detail::parser<nlohmann::basic_json<>, nlohmann::detail::iterator_input_adapter<const char *>>::parser' requested here
[build]   170 |         return ::nlohmann::detail::parser<basic_json, InputAdapterType>(std::move(adapter),
[build]       |                ^
[build] C:\Users\pperv\code\unnamed_rpg\vendor\json\include\nlohmann/json.hpp(4112,9): note: in instantiation of function template specialization 'nlohmann::basic_json<>::parser<nlohmann::detail::iterator_input_adapter<const char *>>' requested here
[build]  4112 |         parser(detail::input_adapter(std::move(first), std::move(last)), std::move(cb), allow_exceptions, ignore_comments, ignore_trailing_commas).parse(true, result); // cppcheck-suppress[accessMoved]
[build]       |         ^
[build] C:\Users\pperv\code\unnamed_rpg\vendor\json\include\nlohmann/json.hpp(5294,28): note: in instantiation of function template specialization 'nlohmann::basic_json<>::parse<const char *, const char *, 0>' requested here
[build]  5294 |     return nlohmann::json::parse(s, s + n);
[build]       |                            ^
[build] In file included from C:\Users\pperv\code\unnamed_rpg\vendor\json-schema-validator\src\json-schema-draft7.json.cpp:9:
[build] In file included from C:\Users\pperv\code\unnamed_rpg\vendor\json\include\nlohmann/json.hpp:50:
[build] In file included from C:\Users\pperv\code\unnamed_rpg\vendor\json\include\nlohmann/detail/input/binary_reader.hpp:29:
[build] In file included from C:\Users\pperv\code\unnamed_rpg\vendor\json\include\nlohmann/detail/input/json_sax.hpp:18:
[build] C:\Users\pperv\code\unnamed_rpg\vendor\json\include\nlohmann/detail/input/lexer.hpp(1730,41): warning: constructor call from initializer list is incompatible with C++98 [-Wc++98-compat]
[build]  1730 |     std::vector<char_type> token_string {};
[build]       |                                         ^~
[build] C:\Users\pperv\code\unnamed_rpg\vendor\json\include\nlohmann/detail/input/lexer.hpp(152,14): note: in instantiation of default member initializer 'nlohmann::detail::lexer<nlohmann::basic_json<>, nlohmann::detail::iterator_input_adapter<const char *>>::token_string' requested here
[build]   152 |     explicit lexer(InputAdapterType&& adapter, bool ignore_comments_ = false) noexcept
[build]       |              ^
[build] C:\Users\pperv\code\unnamed_rpg\vendor\json\include\nlohmann/detail/input/parser.hpp(77,11): note: in instantiation of member function 'nlohmann::detail::lexer<nlohmann::basic_json<>, nlohmann::detail::iterator_input_adapter<const char *>>::lexer' requested here
[build]    77 |         , m_lexer(std::move(adapter), ignore_comments)
[build]       |           ^
[build] C:\Users\pperv\code\unnamed_rpg\vendor\json\include\nlohmann/json.hpp(170,16): note: in instantiation of member function 'nlohmann::detail::parser<nlohmann::basic_json<>, nlohmann::detail::iterator_input_adapter<const char *>>::parser' requested here
[build]   170 |         return ::nlohmann::detail::parser<basic_json, InputAdapterType>(std::move(adapter),
[build]       |                ^
[build] C:\Users\pperv\code\unnamed_rpg\vendor\json\include\nlohmann/json.hpp(4112,9): note: in instantiation of function template specialization 'nlohmann::basic_json<>::parser<nlohmann::detail::iterator_input_adapter<const char *>>' requested here
[build]  4112 |         parser(detail::input_adapter(std::move(first), std::move(last)), std::move(cb), allow_exceptions, ignore_comments, ignore_trailing_commas).parse(true, result); // cppcheck-suppress[accessMoved]
[build]       |         ^
[build] C:\Users\pperv\code\unnamed_rpg\vendor\json\include\nlohmann/json.hpp(5294,28): note: in instantiation of function template specialization 'nlohmann::basic_json<>::parse<const char *, const char *, 0>' requested here
[build]  5294 |     return nlohmann::json::parse(s, s + n);
[build]       |                            ^
[build] In file included from C:\Users\pperv\code\unnamed_rpg\vendor\json-schema-validator\src\json-schema-draft7.json.cpp:9:
[build] In file included from C:\Users\pperv\code\unnamed_rpg\vendor\json\include\nlohmann/json.hpp:50:
[build] In file included from C:\Users\pperv\code\unnamed_rpg\vendor\json\include\nlohmann/detail/input/binary_reader.hpp:29:
[build] In file included from C:\Users\pperv\code\unnamed_rpg\vendor\json\include\nlohmann/detail/input/json_sax.hpp:18:
[build] C:\Users\pperv\code\unnamed_rpg\vendor\json\include\nlohmann/detail/input/lexer.hpp(1743,27): warning: constructor call from initializer list is incompatible with C++98 [-Wc++98-compat]
[build]  1743 |     string_t token_buffer {};
[build]       |                           ^~
[build] C:\Users\pperv\code\unnamed_rpg\vendor\json\include\nlohmann/detail/input/lexer.hpp(152,14): note: in instantiation of default member initializer 'nlohmann::detail::lexer<nlohmann::basic_json<>, nlohmann::detail::iterator_input_adapter<const char *>>::token_buffer' requested here
[build]   152 |     explicit lexer(InputAdapterType&& adapter, bool ignore_comments_ = false) noexcept
[build]       |              ^
[build] C:\Users\pperv\code\unnamed_rpg\vendor\json\include\nlohmann/detail/input/parser.hpp(77,11): note: in instantiation of member function 'nlohmann::detail::lexer<nlohmann::basic_json<>, nlohmann::detail::iterator_input_adapter<const char *>>::lexer' requested here
[build]    77 |         , m_lexer(std::move(adapter), ignore_comments)
[build]       |           ^
[build] C:\Users\pperv\code\unnamed_rpg\vendor\json\include\nlohmann/json.hpp(170,16): note: in instantiation of member function 'nlohmann::detail::parser<nlohmann::basic_json<>, nlohmann::detail::iterator_input_adapter<const char *>>::parser' requested here
[build]   170 |         return ::nlohmann::detail::parser<basic_json, InputAdapterType>(std::move(adapter),
[build]       |                ^
[build] C:\Users\pperv\code\unnamed_rpg\vendor\json\include\nlohmann/json.hpp(4112,9): note: in instantiation of function template specialization 'nlohmann::basic_json<>::parser<nlohmann::detail::iterator_input_adapter<const char *>>' requested here
[build]  4112 |         parser(detail::input_adapter(std::move(first), std::move(last)), std::move(cb), allow_exceptions, ignore_comments, ignore_trailing_commas).parse(true, result); // cppcheck-suppress[accessMoved]
[build]       |         ^
[build] C:\Users\pperv\code\unnamed_rpg\vendor\json\include\nlohmann/json.hpp(5294,28): note: in instantiation of function template specialization 'nlohmann::basic_json<>::parse<const char *, const char *, 0>' requested here
[build]  5294 |     return nlohmann::json::parse(s, s + n);
[build]       |                            ^
[build] In file included from C:\Users\pperv\code\unnamed_rpg\vendor\json-schema-validator\src\json-schema-draft7.json.cpp:9:
[build] In file included from C:\Users\pperv\code\unnamed_rpg\vendor\json\include\nlohmann/json.hpp:50:
[build] In file included from C:\Users\pperv\code\unnamed_rpg\vendor\json\include\nlohmann/detail/input/binary_reader.hpp:29:
[build] In file included from C:\Users\pperv\code\unnamed_rpg\vendor\json\include\nlohmann/detail/input/json_sax.hpp:18:
[build] C:\Users\pperv\code\unnamed_rpg\vendor\json\include\nlohmann/detail/input/lexer.hpp(174,15): warning: 'auto' type specifier is incompatible with C++98 [-Wc++98-compat]
[build]   174 |         const auto* loc = localeconv();
[build]       |               ^~~~
[build] C:\Users\pperv\code\unnamed_rpg\vendor\json\include\nlohmann/detail/input/parser.hpp(77,11): note: in instantiation of member function 'nlohmann::detail::lexer<nlohmann::basic_json<>, nlohmann::detail::iterator_input_adapter<const char *>>::lexer' requested here
[build]    77 |         , m_lexer(std::move(adapter), ignore_comments)
[build]       |           ^
[build] C:\Users\pperv\code\unnamed_rpg\vendor\json\include\nlohmann/json.hpp(170,16): note: in instantiation of member function 'nlohmann::detail::parser<nlohmann::basic_json<>, nlohmann::detail::iterator_input_adapter<const char *>>::parser' requested here
[build]   170 |         return ::nlohmann::detail::parser<basic_json, InputAdapterType>(std::move(adapter),
[build]       |                ^
[build] C:\Users\pperv\code\unnamed_rpg\vendor\json\include\nlohmann/json.hpp(4112,9): note: in instantiation of function template specialization 'nlohmann::basic_json<>::parser<nlohmann::detail::iterator_input_adapter<const char *>>' requested here
[build]  4112 |         parser(detail::input_adapter(std::move(first), std::move(last)), std::move(cb), allow_exceptions, ignore_comments, ignore_trailing_commas).parse(true, result); // cppcheck-suppress[accessMoved]
[build]       |         ^
[build] C:\Users\pperv\code\unnamed_rpg\vendor\json\include\nlohmann/json.hpp(5294,28): note: in instantiation of function template specialization 'nlohmann::basic_json<>::parse<const char *, const char *, 0>' requested here
[build]  5294 |     return nlohmann::json::parse(s, s + n);
[build]       |                            ^
[build] In file included from C:\Users\pperv\code\unnamed_rpg\vendor\json-schema-validator\src\json-schema-draft7.json.cpp:9:
[build] In file included from C:\Users\pperv\code\unnamed_rpg\vendor\json\include\nlohmann/json.hpp:50:
[build] In file included from C:\Users\pperv\code\unnamed_rpg\vendor\json\include\nlohmann/detail/input/binary_reader.hpp:29:
[build] In file included from C:\Users\pperv\code\unnamed_rpg\vendor\json\include\nlohmann/detail/input/json_sax.hpp:18:
[build] C:\Users\pperv\code\unnamed_rpg\vendor\json\include\nlohmann/detail/input/lexer.hpp(175,28): warning: 'nullptr' is incompatible with C++98 [-Wc++98-compat]
[build]   175 |         JSON_ASSERT(loc != nullptr);
[build]       |                            ^
[build] C:\Users\pperv\code\unnamed_rpg\vendor\json\include\nlohmann/detail/input/lexer.hpp(176,39): warning: 'nullptr' is incompatible with C++98 [-Wc++98-compat]
[build]   176 |         return (loc->decimal_point == nullptr) ? '.' : *(loc->decimal_point);
[build]       |                                       ^
[build] C:\Users\pperv\code\unnamed_rpg\vendor\json\include\nlohmann/detail/input/lexer.hpp(1630,20): warning: enumeration type in nested name specifier is incompatible with C++98 [-Wc++98-compat]
[build]  1630 |             return token_type::parse_error;
[build]       |                    ^
[build] C:\Users\pperv\code\unnamed_rpg\vendor\json\include\nlohmann/detail/input/parser.hpp(490,37): note: in instantiation of member function 'nlohmann::detail::lexer<nlohmann::basic_json<>, nlohmann::detail::iterator_input_adapter<const char *>>::scan' requested here
[build]   490 |         return last_token = m_lexer.scan();
[build]       |                                     ^
[build] C:\Users\pperv\code\unnamed_rpg\vendor\json\include\nlohmann/detail/input/parser.hpp(82,9): note: in instantiation of member function 'nlohmann::detail::parser<nlohmann::basic_json<>, nlohmann::detail::iterator_input_adapter<const char *>>::get_token' requested here
[build]    82 |         get_token();
[build]       |         ^
[build] C:\Users\pperv\code\unnamed_rpg\vendor\json\include\nlohmann/json.hpp(170,16): note: in instantiation of member function 'nlohmann::detail::parser<nlohmann::basic_json<>, nlohmann::detail::iterator_input_adapter<const char *>>::parser' requested here
[build]   170 |         return ::nlohmann::detail::parser<basic_json, InputAdapterType>(std::move(adapter),
[build]       |                ^
[build] C:\Users\pperv\code\unnamed_rpg\vendor\json\include\nlohmann/json.hpp(4112,9): note: in instantiation of function template specialization 'nlohmann::basic_json<>::parser<nlohmann::detail::iterator_input_adapter<const char *>>' requested here
[build]  4112 |         parser(detail::input_adapter(std::move(first), std::move(last)), std::move(cb), allow_exceptions, ignore_comments, ignore_trailing_commas).parse(true, result); // cppcheck-suppress[accessMoved]
[build]       |         ^
[build] C:\Users\pperv\code\unnamed_rpg\vendor\json\include\nlohmann/json.hpp(5294,28): note: in instantiation of function template specialization 'nlohmann::basic_json<>::parse<const char *, const char *, 0>' requested here
[build]  5294 |     return nlohmann::json::parse(s, s + n);
[build]       |                            ^
[build] In file included from C:\Users\pperv\code\unnamed_rpg\vendor\json-schema-validator\src\json-schema-draft7.json.cpp:9:
[build] In file included from C:\Users\pperv\code\unnamed_rpg\vendor\json\include\nlohmann/json.hpp:50:
[build] In file included from C:\Users\pperv\code\unnamed_rpg\vendor\json\include\nlohmann/detail/input/binary_reader.hpp:29:
[build] In file included from C:\Users\pperv\code\unnamed_rpg\vendor\json\include\nlohmann/detail/input/json_sax.hpp:18:
[build] C:\Users\pperv\code\unnamed_rpg\vendor\json\include\nlohmann/detail/input/lexer.hpp(1641,24): warning: enumeration type in nested name specifier is incompatible with C++98 [-Wc++98-compat]
[build]  1641 |                 return token_type::parse_error;
[build]       |                        ^
[build] C:\Users\pperv\code\unnamed_rpg\vendor\json\include\nlohmann/detail/input/lexer.hpp(1652,24): warning: enumeration type in nested name specifier is incompatible with C++98 [-Wc++98-compat]
[build]  1652 |                 return token_type::begin_array;
[build]       |                        ^
[build] C:\Users\pperv\code\unnamed_rpg\vendor\json\include\nlohmann/detail/input/lexer.hpp(1654,24): warning: enumeration type in nested name specifier is incompatible with C++98 [-Wc++98-compat]
[build]  1654 |                 return token_type::end_array;
[build]       |                        ^
[build] C:\Users\pperv\code\unnamed_rpg\vendor\json\include\nlohmann/detail/input/lexer.hpp(1656,24): warning: enumeration type in nested name specifier is incompatible with C++98 [-Wc++98-compat]
[build]  1656 |                 return token_type::begin_object;
[build]       |                        ^
[build] C:\Users\pperv\code\unnamed_rpg\vendor\json\include\nlohmann/detail/input/lexer.hpp(1658,24): warning: enumeration type in nested name specifier is incompatible with C++98 [-Wc++98-compat]
[build]  1658 |                 return token_type::end_object;
[build]       |                        ^
[build] C:\Users\pperv\code\unnamed_rpg\vendor\json\include\nlohmann/detail/input/lexer.hpp(1660,24): warning: enumeration type in nested name specifier is incompatible with C++98 [-Wc++98-compat]
[build]  1660 |                 return token_type::name_separator;
[build]       |                        ^
[build] C:\Users\pperv\code\unnamed_rpg\vendor\json\include\nlohmann/detail/input/lexer.hpp(1662,24): warning: enumeration type in nested name specifier is incompatible with C++98 [-Wc++98-compat]
[build]  1662 |                 return token_type::value_separator;
[build]       |                        ^
[build] C:\Users\pperv\code\unnamed_rpg\vendor\json\include\nlohmann/detail/input/lexer.hpp(1668,79): warning: enumeration type in nested name specifier is incompatible with C++98 [-Wc++98-compat]
[build]  1668 |                 return scan_literal(true_literal.data(), true_literal.size(), token_type::literal_true);
[build]       |                                                                               ^
[build] C:\Users\pperv\code\unnamed_rpg\vendor\json\include\nlohmann/detail/input/lexer.hpp(1673,81): warning: enumeration type in nested name specifier is incompatible with C++98 [-Wc++98-compat]
[build]  1673 |                 return scan_literal(false_literal.data(), false_literal.size(), token_type::literal_false);
[build]       |                                                                                 ^
[build] C:\Users\pperv\code\unnamed_rpg\vendor\json\include\nlohmann/detail/input/lexer.hpp(1678,79): warning: enumeration type in nested name specifier is incompatible with C++98 [-Wc++98-compat]
[build]  1678 |                 return scan_literal(null_literal.data(), null_literal.size(), token_type::literal_null);
[build]       |                                                                               ^
[build] C:\Users\pperv\code\unnamed_rpg\vendor\json\include\nlohmann/detail/input/lexer.hpp(1703,24): warning: enumeration type in nested name specifier is incompatible with C++98 [-Wc++98-compat]
[build]  1703 |                 return token_type::end_of_input;
[build]       |                        ^
[build] C:\Users\pperv\code\unnamed_rpg\vendor\json\include\nlohmann/detail/input/lexer.hpp(1708,24): warning: enumeration type in nested name specifier is incompatible with C++98 [-Wc++98-compat]
[build]  1708 |                 return token_type::parse_error;
[build]       |                        ^
[build] C:\Users\pperv\code\unnamed_rpg\vendor\json\include\nlohmann/detail/input/lexer.hpp(1411,70): warning: generalized initializer lists are incompatible with C++98 [-Wc++98-compat]
[build]  1411 |         capture_char(std::integral_constant<bool, lazy_token_string> {});
[build]       |                                                                      ^
[build] In file included from C:\Users\pperv\code\unnamed_rpg\vendor\json-schema-validator\src\json-schema-draft7.json.cpp:9:
[build] In file included from C:\Users\pperv\code\unnamed_rpg\vendor\json\include\nlohmann/json.hpp:50:
[build] In file included from C:\Users\pperv\code\unnamed_rpg\vendor\json\include\nlohmann/detail/input/binary_reader.hpp:28:
[build] C:\Users\pperv\code\unnamed_rpg\vendor\json\include\nlohmann/detail/input/input_adapters.hpp(185,13): warning: 'auto' type specifier is incompatible with C++98 [-Wc++98-compat]
[build]   185 |             auto result = char_traits<char_type>::to_int_type(*current);
[build]       |             ^~~~
[build] C:\Users\pperv\code\unnamed_rpg\vendor\json\include\nlohmann/detail/input/lexer.hpp(1603,13): note: in instantiation of member function 'nlohmann::detail::lexer<nlohmann::basic_json<>, nlohmann::detail::iterator_input_adapter<const char *>>::get' requested here
[build]  1603 |         if (get() == 0xEF)
[build]       |             ^
[build] C:\Users\pperv\code\unnamed_rpg\vendor\json\include\nlohmann/detail/input/lexer.hpp(1627,48): note: in instantiation of member function 'nlohmann::detail::lexer<nlohmann::basic_json<>, nlohmann::detail::iterator_input_adapter<const char *>>::skip_bom' requested here
[build]  1627 |         if (position.chars_read_total == 0 && !skip_bom())
[build]       |                                                ^
[build] C:\Users\pperv\code\unnamed_rpg\vendor\json\include\nlohmann/detail/input/parser.hpp(490,37): note: in instantiation of member function 'nlohmann::detail::lexer<nlohmann::basic_json<>, nlohmann::detail::iterator_input_adapter<const char *>>::scan' requested here
[build]   490 |         return last_token = m_lexer.scan();
[build]       |                                     ^
[build] C:\Users\pperv\code\unnamed_rpg\vendor\json\include\nlohmann/detail/input/parser.hpp(82,9): note: in instantiation of member function 'nlohmann::detail::parser<nlohmann::basic_json<>, nlohmann::detail::iterator_input_adapter<const char *>>::get_token' requested here
[build]    82 |         get_token();
[build]       |         ^
[build] C:\Users\pperv\code\unnamed_rpg\vendor\json\include\nlohmann/json.hpp(170,16): note: in instantiation of member function 'nlohmann::detail::parser<nlohmann::basic_json<>, nlohmann::detail::iterator_input_adapter<const char *>>::parser' requested here
[build]   170 |         return ::nlohmann::detail::parser<basic_json, InputAdapterType>(std::move(adapter),
[build]       |                ^
[build] C:\Users\pperv\code\unnamed_rpg\vendor\json\include\nlohmann/json.hpp(4112,9): note: in instantiation of function template specialization 'nlohmann::basic_json<>::parser<nlohmann::detail::iterator_input_adapter<const char *>>' requested here
[build]  4112 |         parser(detail::input_adapter(std::move(first), std::move(last)), std::move(cb), allow_exceptions, ignore_comments, ignore_trailing_commas).parse(true, result); // cppcheck-suppress[accessMoved]
[build]       |         ^
[build] C:\Users\pperv\code\unnamed_rpg\vendor\json\include\nlohmann/json.hpp(5294,28): note: in instantiation of function template specialization 'nlohmann::basic_json<>::parse<const char *, const char *, 0>' requested here
[build]  5294 |     return nlohmann::json::parse(s, s + n);
[build]       |                            ^
[build] In file included from C:\Users\pperv\code\unnamed_rpg\vendor\json-schema-validator\src\json-schema-draft7.json.cpp:9:
[build] In file included from C:\Users\pperv\code\unnamed_rpg\vendor\json\include\nlohmann/json.hpp:50:
[build] In file included from C:\Users\pperv\code\unnamed_rpg\vendor\json\include\nlohmann/detail/input/binary_reader.hpp:29:
[build] In file included from C:\Users\pperv\code\unnamed_rpg\vendor\json\include\nlohmann/detail/input/json_sax.hpp:18:
[build] C:\Users\pperv\code\unnamed_rpg\vendor\json\include\nlohmann/detail/input/lexer.hpp(1461,72): warning: generalized initializer lists are incompatible with C++98 [-Wc++98-compat]
[build]  1461 |         uncapture_char(std::integral_constant<bool, lazy_token_string> {});
[build]       |                                                                        ^
[build] C:\Users\pperv\code\unnamed_rpg\vendor\json\include\nlohmann/detail/input/lexer.hpp(1344,24): warning: enumeration type in nested name specifier is incompatible with C++98 [-Wc++98-compat]
[build]  1344 |                 return token_type::parse_error;
[build]       |                        ^
[build] C:\Users\pperv\code\unnamed_rpg\vendor\json\include\nlohmann/detail/input/lexer.hpp(1668,24): note: in instantiation of member function 'nlohmann::detail::lexer<nlohmann::basic_json<>, nlohmann::detail::iterator_input_adapter<const char *>>::scan_literal' requested here
[build]  1668 |                 return scan_literal(true_literal.data(), true_literal.size(), token_type::literal_true);
[build]       |                        ^
[build] C:\Users\pperv\code\unnamed_rpg\vendor\json\include\nlohmann/detail/input/parser.hpp(490,37): note: in instantiation of member function 'nlohmann::detail::lexer<nlohmann::basic_json<>, nlohmann::detail::iterator_input_adapter<const char *>>::scan' requested here
[build]   490 |         return last_token = m_lexer.scan();
[build]       |                                     ^
[build] C:\Users\pperv\code\unnamed_rpg\vendor\json\include\nlohmann/detail/input/parser.hpp(82,9): note: in instantiation of member function 'nlohmann::detail::parser<nlohmann::basic_json<>, nlohmann::detail::iterator_input_adapter<const char *>>::get_token' requested here
[build]    82 |         get_token();
[build]       |         ^
[build] C:\Users\pperv\code\unnamed_rpg\vendor\json\include\nlohmann/json.hpp(170,16): note: in instantiation of member function 'nlohmann::detail::parser<nlohmann::basic_json<>, nlohmann::detail::iterator_input_adapter<const char *>>::parser' requested here
[build]   170 |         return ::nlohmann::detail::parser<basic_json, InputAdapterType>(std::move(adapter),
[build]       |                ^
[build] C:\Users\pperv\code\unnamed_rpg\vendor\json\include\nlohmann/json.hpp(4112,9): note: in instantiation of function template specialization 'nlohmann::basic_json<>::parser<nlohmann::detail::iterator_input_adapter<const char *>>' requested here
[build]  4112 |         parser(detail::input_adapter(std::move(first), std::move(last)), std::move(cb), allow_exceptions, ignore_comments, ignore_trailing_commas).parse(true, result); // cppcheck-suppress[accessMoved]
[build]       |         ^
[build] C:\Users\pperv\code\unnamed_rpg\vendor\json\include\nlohmann/json.hpp(5294,28): note: in instantiation of function template specialization 'nlohmann::basic_json<>::parse<const char *, const char *, 0>' requested here
[build]  5294 |     return nlohmann::json::parse(s, s + n);
[build]       |                            ^
[build] In file included from C:\Users\pperv\code\unnamed_rpg\vendor\json-schema-validator\src\json-schema-draft7.json.cpp:9:
[build] In file included from C:\Users\pperv\code\unnamed_rpg\vendor\json\include\nlohmann/json.hpp:50:
[build] In file included from C:\Users\pperv\code\unnamed_rpg\vendor\json\include\nlohmann/detail/input/binary_reader.hpp:29:
[build] In file included from C:\Users\pperv\code\unnamed_rpg\vendor\json\include\nlohmann/detail/input/json_sax.hpp:18:
[build] C:\Users\pperv\code\unnamed_rpg\vendor\json\include\nlohmann/detail/input/lexer.hpp(776,66): warning: generalized initializer lists are incompatible with C++98 [-Wc++98-compat]
[build]   776 |                     if (JSON_HEDLEY_UNLIKELY(!next_byte_in_range({0x80, 0xBF})))
[build]       |                                                                  ^
[build] C:\Users\pperv\code\unnamed_rpg\vendor\json\include\nlohmann/detail/input/lexer.hpp(786,67): warning: generalized initializer lists are incompatible with C++98 [-Wc++98-compat]
[build]   786 |                     if (JSON_HEDLEY_UNLIKELY(!(next_byte_in_range({0xA0, 0xBF, 0x80, 0xBF}))))
[build]       |                                                                   ^
[build] C:\Users\pperv\code\unnamed_rpg\vendor\json\include\nlohmann/detail/input/lexer.hpp(810,67): warning: generalized initializer lists are incompatible with C++98 [-Wc++98-compat]
[build]   810 |                     if (JSON_HEDLEY_UNLIKELY(!(next_byte_in_range({0x80, 0xBF, 0x80, 0xBF}))))
[build]       |                                                                   ^
[build] C:\Users\pperv\code\unnamed_rpg\vendor\json\include\nlohmann/detail/input/lexer.hpp(820,67): warning: generalized initializer lists are incompatible with C++98 [-Wc++98-compat]
[build]   820 |                     if (JSON_HEDLEY_UNLIKELY(!(next_byte_in_range({0x80, 0x9F, 0x80, 0xBF}))))
[build]       |                                                                   ^
[build] C:\Users\pperv\code\unnamed_rpg\vendor\json\include\nlohmann/detail/input/lexer.hpp(830,67): warning: generalized initializer lists are incompatible with C++98 [-Wc++98-compat]
[build]   830 |                     if (JSON_HEDLEY_UNLIKELY(!(next_byte_in_range({0x90, 0xBF, 0x80, 0xBF, 0x80, 0xBF}))))
[build]       |                                                                   ^
[build] C:\Users\pperv\code\unnamed_rpg\vendor\json\include\nlohmann/detail/input/lexer.hpp(842,67): warning: generalized initializer lists are incompatible with C++98 [-Wc++98-compat]
[build]   842 |                     if (JSON_HEDLEY_UNLIKELY(!(next_byte_in_range({0x80, 0xBF, 0x80, 0xBF, 0x80, 0xBF}))))
[build]       |                                                                   ^
[build] C:\Users\pperv\code\unnamed_rpg\vendor\json\include\nlohmann/detail/input/lexer.hpp(852,67): warning: generalized initializer lists are incompatible with C++98 [-Wc++98-compat]
[build]   852 |                     if (JSON_HEDLEY_UNLIKELY(!(next_byte_in_range({0x80, 0x8F, 0x80, 0xBF, 0x80, 0xBF}))))
[build]       |                                                                   ^
[build] C:\Users\pperv\code\unnamed_rpg\vendor\json\include\nlohmann/detail/input/lexer.hpp(300,28): warning: enumeration type in nested name specifier is incompatible with C++98 [-Wc++98-compat]
[build]   300 |                     return token_type::parse_error;
[build]       |                            ^
[build] C:\Users\pperv\code\unnamed_rpg\vendor\json\include\nlohmann/detail/input/lexer.hpp(1683,24): note: in instantiation of member function 'nlohmann::detail::lexer<nlohmann::basic_json<>, nlohmann::detail::iterator_input_adapter<const char *>>::scan_string' requested here
[build]  1683 |                 return scan_string();
[build]       |                        ^
[build] C:\Users\pperv\code\unnamed_rpg\vendor\json\include\nlohmann/detail/input/parser.hpp(490,37): note: in instantiation of member function 'nlohmann::detail::lexer<nlohmann::basic_json<>, nlohmann::detail::iterator_input_adapter<const char *>>::scan' requested here
[build]   490 |         return last_token = m_lexer.scan();
[build]       |                                     ^
[build] C:\Users\pperv\code\unnamed_rpg\vendor\json\include\nlohmann/detail/input/parser.hpp(82,9): note: in instantiation of member function 'nlohmann::detail::parser<nlohmann::basic_json<>, nlohmann::detail::iterator_input_adapter<const char *>>::get_token' requested here
[build]    82 |         get_token();
[build]       |         ^
[build] C:\Users\pperv\code\unnamed_rpg\vendor\json\include\nlohmann/json.hpp(170,16): note: in instantiation of member function 'nlohmann::detail::parser<nlohmann::basic_json<>, nlohmann::detail::iterator_input_adapter<const char *>>::parser' requested here
[build]   170 |         return ::nlohmann::detail::parser<basic_json, InputAdapterType>(std::move(adapter),
[build]       |                ^
[build] C:\Users\pperv\code\unnamed_rpg\vendor\json\include\nlohmann/json.hpp(4112,9): note: in instantiation of function template specialization 'nlohmann::basic_json<>::parser<nlohmann::detail::iterator_input_adapter<const char *>>' requested here
[build]  4112 |         parser(detail::input_adapter(std::move(first), std::move(last)), std::move(cb), allow_exceptions, ignore_comments, ignore_trailing_commas).parse(true, result); // cppcheck-suppress[accessMoved]
[build]       |         ^
[build] C:\Users\pperv\code\unnamed_rpg\vendor\json\include\nlohmann/json.hpp(5294,28): note: in instantiation of function template specialization 'nlohmann::basic_json<>::parse<const char *, const char *, 0>' requested here
[build]  5294 |     return nlohmann::json::parse(s, s + n);
[build]       |                            ^
[build] In file included from C:\Users\pperv\code\unnamed_rpg\vendor\json-schema-validator\src\json-schema-draft7.json.cpp:9:
[build] In file included from C:\Users\pperv\code\unnamed_rpg\vendor\json\include\nlohmann/json.hpp:50:
[build] In file included from C:\Users\pperv\code\unnamed_rpg\vendor\json\include\nlohmann/detail/input/binary_reader.hpp:29:
[build] In file included from C:\Users\pperv\code\unnamed_rpg\vendor\json\include\nlohmann/detail/input/json_sax.hpp:18:
[build] C:\Users\pperv\code\unnamed_rpg\vendor\json\include\nlohmann/detail/input/lexer.hpp(306,28): warning: enumeration type in nested name specifier is incompatible with C++98 [-Wc++98-compat]
[build]   306 |                     return token_type::value_string;
[build]       |                            ^
[build] C:\Users\pperv\code\unnamed_rpg\vendor\json\include\nlohmann/detail/input/lexer.hpp(356,40): warning: enumeration type in nested name specifier is incompatible with C++98 [-Wc++98-compat]
[build]   356 |                                 return token_type::parse_error;
[build]       |                                        ^
[build] C:\Users\pperv\code\unnamed_rpg\vendor\json\include\nlohmann/detail/input/lexer.hpp(370,48): warning: enumeration type in nested name specifier is incompatible with C++98 [-Wc++98-compat]
[build]   370 |                                         return token_type::parse_error;
[build]       |                                                ^
[build] C:\Users\pperv\code\unnamed_rpg\vendor\json\include\nlohmann/detail/input/lexer.hpp(390,48): warning: enumeration type in nested name specifier is incompatible with C++98 [-Wc++98-compat]
[build]   390 |                                         return token_type::parse_error;
[build]       |                                                ^
[build] C:\Users\pperv\code\unnamed_rpg\vendor\json\include\nlohmann/detail/input/lexer.hpp(396,44): warning: enumeration type in nested name specifier is incompatible with C++98 [-Wc++98-compat]
[build]   396 |                                     return token_type::parse_error;
[build]       |                                            ^
[build] C:\Users\pperv\code\unnamed_rpg\vendor\json\include\nlohmann/detail/input/lexer.hpp(404,44): warning: enumeration type in nested name specifier is incompatible with C++98 [-Wc++98-compat]
[build]   404 |                                     return token_type::parse_error;
[build]       |                                            ^
[build] C:\Users\pperv\code\unnamed_rpg\vendor\json\include\nlohmann/detail/input/lexer.hpp(445,36): warning: enumeration type in nested name specifier is incompatible with C++98 [-Wc++98-compat]
[build]   445 |                             return token_type::parse_error;
[build]       |                                    ^
[build] C:\Users\pperv\code\unnamed_rpg\vendor\json\include\nlohmann/detail/input/lexer.hpp(455,28): warning: enumeration type in nested name specifier is incompatible with C++98 [-Wc++98-compat]
[build]   455 |                     return token_type::parse_error;
[build]       |                            ^
[build] C:\Users\pperv\code\unnamed_rpg\vendor\json\include\nlohmann/detail/input/lexer.hpp(461,28): warning: enumeration type in nested name specifier is incompatible with C++98 [-Wc++98-compat]
[build]   461 |                     return token_type::parse_error;
[build]       |                            ^
[build] C:\Users\pperv\code\unnamed_rpg\vendor\json\include\nlohmann/detail/input/lexer.hpp(467,28): warning: enumeration type in nested name specifier is incompatible with C++98 [-Wc++98-compat]
[build]   467 |                     return token_type::parse_error;
[build]       |                            ^
[build] C:\Users\pperv\code\unnamed_rpg\vendor\json\include\nlohmann/detail/input/lexer.hpp(473,28): warning: enumeration type in nested name specifier is incompatible with C++98 [-Wc++98-compat]
[build]   473 |                     return token_type::parse_error;
[build]       |                            ^
[build] C:\Users\pperv\code\unnamed_rpg\vendor\json\include\nlohmann/detail/input/lexer.hpp(479,28): warning: enumeration type in nested name specifier is incompatible with C++98 [-Wc++98-compat]
[build]   479 |                     return token_type::parse_error;
[build]       |                            ^
[build] C:\Users\pperv\code\unnamed_rpg\vendor\json\include\nlohmann/detail/input/lexer.hpp(485,28): warning: enumeration type in nested name specifier is incompatible with C++98 [-Wc++98-compat]
[build]   485 |                     return token_type::parse_error;
[build]       |                            ^
[build] C:\Users\pperv\code\unnamed_rpg\vendor\json\include\nlohmann/detail/input/lexer.hpp(491,28): warning: enumeration type in nested name specifier is incompatible with C++98 [-Wc++98-compat]
[build]   491 |                     return token_type::parse_error;
[build]       |                            ^
[build] C:\Users\pperv\code\unnamed_rpg\vendor\json\include\nlohmann/detail/input/lexer.hpp(497,28): warning: enumeration type in nested name specifier is incompatible with C++98 [-Wc++98-compat]
[build]   497 |                     return token_type::parse_error;
[build]       |                            ^
[build] C:\Users\pperv\code\unnamed_rpg\vendor\json\include\nlohmann/detail/input/lexer.hpp(503,28): warning: enumeration type in nested name specifier is incompatible with C++98 [-Wc++98-compat]
[build]   503 |                     return token_type::parse_error;
[build]       |                            ^
[build] C:\Users\pperv\code\unnamed_rpg\vendor\json\include\nlohmann/detail/input/lexer.hpp(509,28): warning: enumeration type in nested name specifier is incompatible with C++98 [-Wc++98-compat]
[build]   509 |                     return token_type::parse_error;
[build]       |                            ^
[build] C:\Users\pperv\code\unnamed_rpg\vendor\json\include\nlohmann/detail/input/lexer.hpp(515,28): warning: enumeration type in nested name specifier is incompatible with C++98 [-Wc++98-compat]
[build]   515 |                     return token_type::parse_error;
[build]       |                            ^
[build] C:\Users\pperv\code\unnamed_rpg\vendor\json\include\nlohmann/detail/input/lexer.hpp(521,28): warning: enumeration type in nested name specifier is incompatible with C++98 [-Wc++98-compat]
[build]   521 |                     return token_type::parse_error;
[build]       |                            ^
[build] C:\Users\pperv\code\unnamed_rpg\vendor\json\include\nlohmann/detail/input/lexer.hpp(527,28): warning: enumeration type in nested name specifier is incompatible with C++98 [-Wc++98-compat]
[build]   527 |                     return token_type::parse_error;
[build]       |                            ^
[build] C:\Users\pperv\code\unnamed_rpg\vendor\json\include\nlohmann/detail/input/lexer.hpp(533,28): warning: enumeration type in nested name specifier is incompatible with C++98 [-Wc++98-compat]
[build]   533 |                     return token_type::parse_error;
[build]       |                            ^
[build] C:\Users\pperv\code\unnamed_rpg\vendor\json\include\nlohmann/detail/input/lexer.hpp(539,28): warning: enumeration type in nested name specifier is incompatible with C++98 [-Wc++98-compat]
[build]   539 |                     return token_type::parse_error;
[build]       |                            ^
[build] C:\Users\pperv\code\unnamed_rpg\vendor\json\include\nlohmann/detail/input/lexer.hpp(545,28): warning: enumeration type in nested name specifier is incompatible with C++98 [-Wc++98-compat]
[build]   545 |                     return token_type::parse_error;
[build]       |                            ^
[build] C:\Users\pperv\code\unnamed_rpg\vendor\json\include\nlohmann/detail/input/lexer.hpp(551,28): warning: enumeration type in nested name specifier is incompatible with C++98 [-Wc++98-compat]
[build]   551 |                     return token_type::parse_error;
[build]       |                            ^
[build] C:\Users\pperv\code\unnamed_rpg\vendor\json\include\nlohmann/detail/input/lexer.hpp(557,28): warning: enumeration type in nested name specifier is incompatible with C++98 [-Wc++98-compat]
[build]   557 |                     return token_type::parse_error;
[build]       |                            ^
[build] C:\Users\pperv\code\unnamed_rpg\vendor\json\include\nlohmann/detail/input/lexer.hpp(563,28): warning: enumeration type in nested name specifier is incompatible with C++98 [-Wc++98-compat]
[build]   563 |                     return token_type::parse_error;
[build]       |                            ^
[build] C:\Users\pperv\code\unnamed_rpg\vendor\json\include\nlohmann/detail/input/lexer.hpp(569,28): warning: enumeration type in nested name specifier is incompatible with C++98 [-Wc++98-compat]
[build]   569 |                     return token_type::parse_error;
[build]       |                            ^
[build] C:\Users\pperv\code\unnamed_rpg\vendor\json\include\nlohmann/detail/input/lexer.hpp(575,28): warning: enumeration type in nested name specifier is incompatible with C++98 [-Wc++98-compat]
[build]   575 |                     return token_type::parse_error;
[build]       |                            ^
[build] C:\Users\pperv\code\unnamed_rpg\vendor\json\include\nlohmann/detail/input/lexer.hpp(581,28): warning: enumeration type in nested name specifier is incompatible with C++98 [-Wc++98-compat]
[build]   581 |                     return token_type::parse_error;
[build]       |                            ^
[build] C:\Users\pperv\code\unnamed_rpg\vendor\json\include\nlohmann/detail/input/lexer.hpp(587,28): warning: enumeration type in nested name specifier is incompatible with C++98 [-Wc++98-compat]
[build]   587 |                     return token_type::parse_error;
[build]       |                            ^
[build] C:\Users\pperv\code\unnamed_rpg\vendor\json\include\nlohmann/detail/input/lexer.hpp(593,28): warning: enumeration type in nested name specifier is incompatible with C++98 [-Wc++98-compat]
[build]   593 |                     return token_type::parse_error;
[build]       |                            ^
[build] C:\Users\pperv\code\unnamed_rpg\vendor\json\include\nlohmann/detail/input/lexer.hpp(599,28): warning: enumeration type in nested name specifier is incompatible with C++98 [-Wc++98-compat]
[build]   599 |                     return token_type::parse_error;
[build]       |                            ^
[build] C:\Users\pperv\code\unnamed_rpg\vendor\json\include\nlohmann/detail/input/lexer.hpp(605,28): warning: enumeration type in nested name specifier is incompatible with C++98 [-Wc++98-compat]
[build]   605 |                     return token_type::parse_error;
[build]       |                            ^
[build] C:\Users\pperv\code\unnamed_rpg\vendor\json\include\nlohmann/detail/input/lexer.hpp(611,28): warning: enumeration type in nested name specifier is incompatible with C++98 [-Wc++98-compat]
[build]   611 |                     return token_type::parse_error;
[build]       |                            ^
[build] C:\Users\pperv\code\unnamed_rpg\vendor\json\include\nlohmann/detail/input/lexer.hpp(617,28): warning: enumeration type in nested name specifier is incompatible with C++98 [-Wc++98-compat]
[build]   617 |                     return token_type::parse_error;
[build]       |                            ^
[build] C:\Users\pperv\code\unnamed_rpg\vendor\json\include\nlohmann/detail/input/lexer.hpp(623,28): warning: enumeration type in nested name specifier is incompatible with C++98 [-Wc++98-compat]
[build]   623 |                     return token_type::parse_error;
[build]       |                            ^
[build] C:\Users\pperv\code\unnamed_rpg\vendor\json\include\nlohmann/detail/input/lexer.hpp(629,28): warning: enumeration type in nested name specifier is incompatible with C++98 [-Wc++98-compat]
[build]   629 |                     return token_type::parse_error;
[build]       |                            ^
[build] C:\Users\pperv\code\unnamed_rpg\vendor\json\include\nlohmann/detail/input/lexer.hpp(635,28): warning: enumeration type in nested name specifier is incompatible with C++98 [-Wc++98-compat]
[build]   635 |                     return token_type::parse_error;
[build]       |                            ^
[build] C:\Users\pperv\code\unnamed_rpg\vendor\json\include\nlohmann/detail/input/lexer.hpp(641,28): warning: enumeration type in nested name specifier is incompatible with C++98 [-Wc++98-compat]
[build]   641 |                     return token_type::parse_error;
[build]       |                            ^
[build] C:\Users\pperv\code\unnamed_rpg\vendor\json\include\nlohmann/detail/input/lexer.hpp(776,66): warning: initialization of initializer_list object is incompatible with C++98 [-Wc++98-compat]
[build]   776 |                     if (JSON_HEDLEY_UNLIKELY(!next_byte_in_range({0x80, 0xBF})))
[build]       |                                                                  ^~~~~~~~~~~~
[build] C:\Users\pperv\code\unnamed_rpg\vendor\json\include\nlohmann/thirdparty/hedley/hedley.hpp(1360,94): note: expanded from macro 'JSON_HEDLEY_UNLIKELY'
[build]  1360 | #  define JSON_HEDLEY_UNLIKELY(expr)                    __builtin_expect                 (!!(expr),    0                  )
[build]       |                                                                                              ^~~~
[build] In file included from C:\Users\pperv\code\unnamed_rpg\vendor\json-schema-validator\src\json-schema-draft7.json.cpp:9:
[build] In file included from C:\Users\pperv\code\unnamed_rpg\vendor\json\include\nlohmann/json.hpp:50:
[build] In file included from C:\Users\pperv\code\unnamed_rpg\vendor\json\include\nlohmann/detail/input/binary_reader.hpp:29:
[build] In file included from C:\Users\pperv\code\unnamed_rpg\vendor\json\include\nlohmann/detail/input/json_sax.hpp:18:
[build] C:\Users\pperv\code\unnamed_rpg\vendor\json\include\nlohmann/detail/input/lexer.hpp(778,32): warning: enumeration type in nested name specifier is incompatible with C++98 [-Wc++98-compat]
[build]   778 |                         return token_type::parse_error;
[build]       |                                ^
[build] C:\Users\pperv\code\unnamed_rpg\vendor\json\include\nlohmann/detail/input/lexer.hpp(786,67): warning: initialization of initializer_list object is incompatible with C++98 [-Wc++98-compat]
[build]   786 |                     if (JSON_HEDLEY_UNLIKELY(!(next_byte_in_range({0xA0, 0xBF, 0x80, 0xBF}))))
[build]       |                                                                   ^~~~~~~~~~~~~~~~~~~~~~~~
[build] C:\Users\pperv\code\unnamed_rpg\vendor\json\include\nlohmann/thirdparty/hedley/hedley.hpp(1360,94): note: expanded from macro 'JSON_HEDLEY_UNLIKELY'
[build]  1360 | #  define JSON_HEDLEY_UNLIKELY(expr)                    __builtin_expect                 (!!(expr),    0                  )
[build]       |                                                                                              ^~~~
[build] In file included from C:\Users\pperv\code\unnamed_rpg\vendor\json-schema-validator\src\json-schema-draft7.json.cpp:9:
[build] In file included from C:\Users\pperv\code\unnamed_rpg\vendor\json\include\nlohmann/json.hpp:50:
[build] In file included from C:\Users\pperv\code\unnamed_rpg\vendor\json\include\nlohmann/detail/input/binary_reader.hpp:29:
[build] In file included from C:\Users\pperv\code\unnamed_rpg\vendor\json\include\nlohmann/detail/input/json_sax.hpp:18:
[build] C:\Users\pperv\code\unnamed_rpg\vendor\json\include\nlohmann/detail/input/lexer.hpp(788,32): warning: enumeration type in nested name specifier is incompatible with C++98 [-Wc++98-compat]
[build]   788 |                         return token_type::parse_error;
[build]       |                                ^
[build] C:\Users\pperv\code\unnamed_rpg\vendor\json\include\nlohmann/detail/input/lexer.hpp(810,67): warning: initialization of initializer_list object is incompatible with C++98 [-Wc++98-compat]
[build]   810 |                     if (JSON_HEDLEY_UNLIKELY(!(next_byte_in_range({0x80, 0xBF, 0x80, 0xBF}))))
[build]       |                                                                   ^~~~~~~~~~~~~~~~~~~~~~~~
[build] C:\Users\pperv\code\unnamed_rpg\vendor\json\include\nlohmann/thirdparty/hedley/hedley.hpp(1360,94): note: expanded from macro 'JSON_HEDLEY_UNLIKELY'
[build]  1360 | #  define JSON_HEDLEY_UNLIKELY(expr)                    __builtin_expect                 (!!(expr),    0                  )
[build]       |                                                                                              ^~~~
[build] In file included from C:\Users\pperv\code\unnamed_rpg\vendor\json-schema-validator\src\json-schema-draft7.json.cpp:9:
[build] In file included from C:\Users\pperv\code\unnamed_rpg\vendor\json\include\nlohmann/json.hpp:50:
[build] In file included from C:\Users\pperv\code\unnamed_rpg\vendor\json\include\nlohmann/detail/input/binary_reader.hpp:29:
[build] In file included from C:\Users\pperv\code\unnamed_rpg\vendor\json\include\nlohmann/detail/input/json_sax.hpp:18:
[build] C:\Users\pperv\code\unnamed_rpg\vendor\json\include\nlohmann/detail/input/lexer.hpp(812,32): warning: enumeration type in nested name specifier is incompatible with C++98 [-Wc++98-compat]
[build]   812 |                         return token_type::parse_error;
[build]       |                                ^
[build] C:\Users\pperv\code\unnamed_rpg\vendor\json\include\nlohmann/detail/input/lexer.hpp(820,67): warning: initialization of initializer_list object is incompatible with C++98 [-Wc++98-compat]
[build]   820 |                     if (JSON_HEDLEY_UNLIKELY(!(next_byte_in_range({0x80, 0x9F, 0x80, 0xBF}))))
[build]       |                                                                   ^~~~~~~~~~~~~~~~~~~~~~~~
[build] C:\Users\pperv\code\unnamed_rpg\vendor\json\include\nlohmann/thirdparty/hedley/hedley.hpp(1360,94): note: expanded from macro 'JSON_HEDLEY_UNLIKELY'
[build]  1360 | #  define JSON_HEDLEY_UNLIKELY(expr)                    __builtin_expect                 (!!(expr),    0                  )
[build]       |                                                                                              ^~~~
[build] In file included from C:\Users\pperv\code\unnamed_rpg\vendor\json-schema-validator\src\json-schema-draft7.json.cpp:9:
[build] In file included from C:\Users\pperv\code\unnamed_rpg\vendor\json\include\nlohmann/json.hpp:50:
[build] In file included from C:\Users\pperv\code\unnamed_rpg\vendor\json\include\nlohmann/detail/input/binary_reader.hpp:29:
[build] In file included from C:\Users\pperv\code\unnamed_rpg\vendor\json\include\nlohmann/detail/input/json_sax.hpp:18:
[build] C:\Users\pperv\code\unnamed_rpg\vendor\json\include\nlohmann/detail/input/lexer.hpp(822,32): warning: enumeration type in nested name specifier is incompatible with C++98 [-Wc++98-compat]
[build]   822 |                         return token_type::parse_error;
[build]       |                                ^
[build] C:\Users\pperv\code\unnamed_rpg\vendor\json\include\nlohmann/detail/input/lexer.hpp(830,67): warning: initialization of initializer_list object is incompatible with C++98 [-Wc++98-compat]
[build]   830 |                     if (JSON_HEDLEY_UNLIKELY(!(next_byte_in_range({0x90, 0xBF, 0x80, 0xBF, 0x80, 0xBF}))))
[build]       |                                                                   ^~~~~~~~~~~~~~~~~~~~~~~~~~~~~~~~~~~~
[build] C:\Users\pperv\code\unnamed_rpg\vendor\json\include\nlohmann/thirdparty/hedley/hedley.hpp(1360,94): note: expanded from macro 'JSON_HEDLEY_UNLIKELY'
[build]  1360 | #  define JSON_HEDLEY_UNLIKELY(expr)                    __builtin_expect                 (!!(expr),    0                  )
[build]       |                                                                                              ^~~~
[build] In file included from C:\Users\pperv\code\unnamed_rpg\vendor\json-schema-validator\src\json-schema-draft7.json.cpp:9:
[build] In file included from C:\Users\pperv\code\unnamed_rpg\vendor\json\include\nlohmann/json.hpp:50:
[build] In file included from C:\Users\pperv\code\unnamed_rpg\vendor\json\include\nlohmann/detail/input/binary_reader.hpp:29:
[build] In file included from C:\Users\pperv\code\unnamed_rpg\vendor\json\include\nlohmann/detail/input/json_sax.hpp:18:
[build] C:\Users\pperv\code\unnamed_rpg\vendor\json\include\nlohmann/detail/input/lexer.hpp(832,32): warning: enumeration type in nested name specifier is incompatible with C++98 [-Wc++98-compat]
[build]   832 |                         return token_type::parse_error;
[build]       |                                ^
[build] C:\Users\pperv\code\unnamed_rpg\vendor\json\include\nlohmann/detail/input/lexer.hpp(842,67): warning: initialization of initializer_list object is incompatible with C++98 [-Wc++98-compat]
[build]   842 |                     if (JSON_HEDLEY_UNLIKELY(!(next_byte_in_range({0x80, 0xBF, 0x80, 0xBF, 0x80, 0xBF}))))
[build]       |                                                                   ^~~~~~~~~~~~~~~~~~~~~~~~~~~~~~~~~~~~
[build] C:\Users\pperv\code\unnamed_rpg\vendor\json\include\nlohmann/thirdparty/hedley/hedley.hpp(1360,94): note: expanded from macro 'JSON_HEDLEY_UNLIKELY'
[build]  1360 | #  define JSON_HEDLEY_UNLIKELY(expr)                    __builtin_expect                 (!!(expr),    0                  )
[build]       |                                                                                              ^~~~
[build] In file included from C:\Users\pperv\code\unnamed_rpg\vendor\json-schema-validator\src\json-schema-draft7.json.cpp:9:
[build] In file included from C:\Users\pperv\code\unnamed_rpg\vendor\json\include\nlohmann/json.hpp:50:
[build] In file included from C:\Users\pperv\code\unnamed_rpg\vendor\json\include\nlohmann/detail/input/binary_reader.hpp:29:
[build] In file included from C:\Users\pperv\code\unnamed_rpg\vendor\json\include\nlohmann/detail/input/json_sax.hpp:18:
[build] C:\Users\pperv\code\unnamed_rpg\vendor\json\include\nlohmann/detail/input/lexer.hpp(844,32): warning: enumeration type in nested name specifier is incompatible with C++98 [-Wc++98-compat]
[build]   844 |                         return token_type::parse_error;
[build]       |                                ^
[build] C:\Users\pperv\code\unnamed_rpg\vendor\json\include\nlohmann/detail/input/lexer.hpp(852,67): warning: initialization of initializer_list object is incompatible with C++98 [-Wc++98-compat]
[build]   852 |                     if (JSON_HEDLEY_UNLIKELY(!(next_byte_in_range({0x80, 0x8F, 0x80, 0xBF, 0x80, 0xBF}))))
[build]       |                                                                   ^~~~~~~~~~~~~~~~~~~~~~~~~~~~~~~~~~~~
[build] C:\Users\pperv\code\unnamed_rpg\vendor\json\include\nlohmann/thirdparty/hedley/hedley.hpp(1360,94): note: expanded from macro 'JSON_HEDLEY_UNLIKELY'
[build]  1360 | #  define JSON_HEDLEY_UNLIKELY(expr)                    __builtin_expect                 (!!(expr),    0                  )
[build]       |                                                                                              ^~~~
[build] In file included from C:\Users\pperv\code\unnamed_rpg\vendor\json-schema-validator\src\json-schema-draft7.json.cpp:9:
[build] In file included from C:\Users\pperv\code\unnamed_rpg\vendor\json\include\nlohmann/json.hpp:50:
[build] In file included from C:\Users\pperv\code\unnamed_rpg\vendor\json\include\nlohmann/detail/input/binary_reader.hpp:29:
[build] In file included from C:\Users\pperv\code\unnamed_rpg\vendor\json\include\nlohmann/detail/input/json_sax.hpp:18:
[build] C:\Users\pperv\code\unnamed_rpg\vendor\json\include\nlohmann/detail/input/lexer.hpp(854,32): warning: enumeration type in nested name specifier is incompatible with C++98 [-Wc++98-compat]
[build]   854 |                         return token_type::parse_error;
[build]       |                                ^
[build] C:\Users\pperv\code\unnamed_rpg\vendor\json\include\nlohmann/detail/input/lexer.hpp(863,28): warning: enumeration type in nested name specifier is incompatible with C++98 [-Wc++98-compat]
[build]   863 |                     return token_type::parse_error;
[build]       |                            ^
[build] C:\Users\pperv\code\unnamed_rpg\vendor\json\include\nlohmann/detail/input/lexer.hpp(1365,74): warning: generalized initializer lists are incompatible with C++98 [-Wc++98-compat]
[build]  1365 |         note_token_start(std::integral_constant<bool, lazy_token_string> {});
[build]       |                                                                          ^
[build] C:\Users\pperv\code\unnamed_rpg\vendor\json\include\nlohmann/detail/input/lexer.hpp(204,15): warning: 'auto' type specifier is incompatible with C++98 [-Wc++98-compat]
[build]   204 |         const auto factors = { 12u, 8u, 4u, 0u };
[build]       |               ^~~~
[build] C:\Users\pperv\code\unnamed_rpg\vendor\json\include\nlohmann/detail/input/lexer.hpp(204,30): warning: initialization of initializer_list object is incompatible with C++98 [-Wc++98-compat]
[build]   204 |         const auto factors = { 12u, 8u, 4u, 0u };
[build]       |                              ^~~~~~~~~~~~~~~~~~~
[build] C:\Users\pperv\code\unnamed_rpg\vendor\json\include\nlohmann/detail/input/lexer.hpp(205,20): warning: 'auto' type specifier is incompatible with C++98 [-Wc++98-compat]
[build]   205 |         for (const auto factor : factors)
[build]       |                    ^~~~
[build] C:\Users\pperv\code\unnamed_rpg\vendor\json\include\nlohmann/detail/input/lexer.hpp(205,32): warning: range-based for loop is incompatible with C++98 [-Wc++98-compat]
[build]   205 |         for (const auto factor : factors)
[build]       |                                ^
[build] C:\Users\pperv\code\unnamed_rpg\vendor\json\include\nlohmann/detail/input/lexer.hpp(204,30): warning: initialization of initializer_list object is incompatible with C++98 [-Wc++98-compat]
[build]   204 |         const auto factors = { 12u, 8u, 4u, 0u };
[build]       |                              ^~~~~~~~~~~~~~~~~~~
[build] C:\Users\pperv\code\unnamed_rpg\vendor\json\include\nlohmann/detail/input/lexer.hpp(350,52): note: in instantiation of member function 'nlohmann::detail::lexer<nlohmann::basic_json<>, nlohmann::detail::iterator_input_adapter<const char *>>::get_codepoint' requested here
[build]   350 |                             const int codepoint1 = get_codepoint();
[build]       |                                                    ^
[build] C:\Users\pperv\code\unnamed_rpg\vendor\json\include\nlohmann/detail/input/lexer.hpp(1683,24): note: in instantiation of member function 'nlohmann::detail::lexer<nlohmann::basic_json<>, nlohmann::detail::iterator_input_adapter<const char *>>::scan_string' requested here
[build]  1683 |                 return scan_string();
[build]       |                        ^
[build] C:\Users\pperv\code\unnamed_rpg\vendor\json\include\nlohmann/detail/input/parser.hpp(490,37): note: in instantiation of member function 'nlohmann::detail::lexer<nlohmann::basic_json<>, nlohmann::detail::iterator_input_adapter<const char *>>::scan' requested here
[build]   490 |         return last_token = m_lexer.scan();
[build]       |                                     ^
[build] C:\Users\pperv\code\unnamed_rpg\vendor\json\include\nlohmann/detail/input/parser.hpp(82,9): note: in instantiation of member function 'nlohmann::detail::parser<nlohmann::basic_json<>, nlohmann::detail::iterator_input_adapter<const char *>>::get_token' requested here
[build]    82 |         get_token();
[build]       |         ^
[build] C:\Users\pperv\code\unnamed_rpg\vendor\json\include\nlohmann/json.hpp(170,16): note: in instantiation of member function 'nlohmann::detail::parser<nlohmann::basic_json<>, nlohmann::detail::iterator_input_adapter<const char *>>::parser' requested here
[build]   170 |         return ::nlohmann::detail::parser<basic_json, InputAdapterType>(std::move(adapter),
[build]       |                ^
[build] C:\Users\pperv\code\unnamed_rpg\vendor\json\include\nlohmann/json.hpp(4112,9): note: in instantiation of function template specialization 'nlohmann::basic_json<>::parser<nlohmann::detail::iterator_input_adapter<const char *>>' requested here
[build]  4112 |         parser(detail::input_adapter(std::move(first), std::move(last)), std::move(cb), allow_exceptions, ignore_comments, ignore_trailing_commas).parse(true, result); // cppcheck-suppress[accessMoved]
[build]       |         ^
[build] C:\Users\pperv\code\unnamed_rpg\vendor\json\include\nlohmann/json.hpp(5294,28): note: in instantiation of function template specialization 'nlohmann::basic_json<>::parse<const char *, const char *, 0>' requested here
[build]  5294 |     return nlohmann::json::parse(s, s + n);
[build]       |                            ^
[build] In file included from C:\Users\pperv\code\unnamed_rpg\vendor\json-schema-validator\src\json-schema-draft7.json.cpp:9:
[build] In file included from C:\Users\pperv\code\unnamed_rpg\vendor\json\include\nlohmann/json.hpp:50:
[build] In file included from C:\Users\pperv\code\unnamed_rpg\vendor\json\include\nlohmann/detail/input/binary_reader.hpp:29:
[build] In file included from C:\Users\pperv\code\unnamed_rpg\vendor\json\include\nlohmann/detail/input/json_sax.hpp:18:
[build] C:\Users\pperv\code\unnamed_rpg\vendor\json\include\nlohmann/detail/input/lexer.hpp(251,14): warning: 'auto' type specifier is incompatible with C++98 [-Wc++98-compat]
[build]   251 |         for (auto range = ranges.begin(); range != ranges.end(); ++range)
[build]       |              ^~~~
[build] C:\Users\pperv\code\unnamed_rpg\vendor\json\include\nlohmann/detail/input/lexer.hpp(1683,24): note: in instantiation of member function 'nlohmann::detail::lexer<nlohmann::basic_json<>, nlohmann::detail::iterator_input_adapter<const char *>>::scan_string' requested here
[build]  1683 |                 return scan_string();
[build]       |                        ^
[build] C:\Users\pperv\code\unnamed_rpg\vendor\json\include\nlohmann/detail/input/parser.hpp(490,37): note: in instantiation of member function 'nlohmann::detail::lexer<nlohmann::basic_json<>, nlohmann::detail::iterator_input_adapter<const char *>>::scan' requested here
[build]   490 |         return last_token = m_lexer.scan();
[build]       |                                     ^
[build] C:\Users\pperv\code\unnamed_rpg\vendor\json\include\nlohmann/detail/input/parser.hpp(82,9): note: in instantiation of member function 'nlohmann::detail::parser<nlohmann::basic_json<>, nlohmann::detail::iterator_input_adapter<const char *>>::get_token' requested here
[build]    82 |         get_token();
[build]       |         ^
[build] C:\Users\pperv\code\unnamed_rpg\vendor\json\include\nlohmann/json.hpp(170,16): note: in instantiation of member function 'nlohmann::detail::parser<nlohmann::basic_json<>, nlohmann::detail::iterator_input_adapter<const char *>>::parser' requested here
[build]   170 |         return ::nlohmann::detail::parser<basic_json, InputAdapterType>(std::move(adapter),
[build]       |                ^
[build] C:\Users\pperv\code\unnamed_rpg\vendor\json\include\nlohmann/json.hpp(4112,9): note: in instantiation of function template specialization 'nlohmann::basic_json<>::parser<nlohmann::detail::iterator_input_adapter<const char *>>' requested here
[build]  4112 |         parser(detail::input_adapter(std::move(first), std::move(last)), std::move(cb), allow_exceptions, ignore_comments, ignore_trailing_commas).parse(true, result); // cppcheck-suppress[accessMoved]
[build]       |         ^
[build] C:\Users\pperv\code\unnamed_rpg\vendor\json\include\nlohmann/json.hpp(5294,28): note: in instantiation of function template specialization 'nlohmann::basic_json<>::parse<const char *, const char *, 0>' requested here
[build]  5294 |     return nlohmann::json::parse(s, s + n);
[build]       |                            ^
[build] In file included from C:\Users\pperv\code\unnamed_rpg\vendor\json-schema-validator\src\json-schema-draft7.json.cpp:9:
[build] In file included from C:\Users\pperv\code\unnamed_rpg\vendor\json\include\nlohmann/json.hpp:50:
[build] In file included from C:\Users\pperv\code\unnamed_rpg\vendor\json\include\nlohmann/detail/input/binary_reader.hpp:29:
[build] In file included from C:\Users\pperv\code\unnamed_rpg\vendor\json\include\nlohmann/detail/input/json_sax.hpp:18:
[build] C:\Users\pperv\code\unnamed_rpg\vendor\json\include\nlohmann/detail/input/lexer.hpp(1282,24): warning: 'nullptr' is incompatible with C++98 [-Wc++98-compat]
[build]  1282 |         char* endptr = nullptr; // NOLINT(misc-const-correctness,cppcoreguidelines-pro-type-vararg,hicpp-vararg)
[build]       |                        ^
[build] C:\Users\pperv\code\unnamed_rpg\vendor\json\include\nlohmann/detail/input/lexer.hpp(1288,19): warning: 'auto' type specifier is incompatible with C++98 [-Wc++98-compat]
[build]  1288 |             const auto x = std::strtoull(token_buffer.data(), &endptr, 10);
[build]       |                   ^~~~
[build] C:\Users\pperv\code\unnamed_rpg\vendor\json\include\nlohmann/detail/input/parser.hpp(490,37): note: in instantiation of member function 'nlohmann::detail::lexer<nlohmann::basic_json<>, nlohmann::detail::iterator_input_adapter<const char *>>::scan' requested here
[build]   490 |         return last_token = m_lexer.scan();
[build]       |                                     ^
[build] C:\Users\pperv\code\unnamed_rpg\vendor\json\include\nlohmann/detail/input/parser.hpp(82,9): note: in instantiation of member function 'nlohmann::detail::parser<nlohmann::basic_json<>, nlohmann::detail::iterator_input_adapter<const char *>>::get_token' requested here
[build]    82 |         get_token();
[build]       |         ^
[build] C:\Users\pperv\code\unnamed_rpg\vendor\json\include\nlohmann/json.hpp(170,16): note: in instantiation of member function 'nlohmann::detail::parser<nlohmann::basic_json<>, nlohmann::detail::iterator_input_adapter<const char *>>::parser' requested here
[build]   170 |         return ::nlohmann::detail::parser<basic_json, InputAdapterType>(std::move(adapter),
[build]       |                ^
[build] C:\Users\pperv\code\unnamed_rpg\vendor\json\include\nlohmann/json.hpp(4112,9): note: in instantiation of function template specialization 'nlohmann::basic_json<>::parser<nlohmann::detail::iterator_input_adapter<const char *>>' requested here
[build]  4112 |         parser(detail::input_adapter(std::move(first), std::move(last)), std::move(cb), allow_exceptions, ignore_comments, ignore_trailing_commas).parse(true, result); // cppcheck-suppress[accessMoved]
[build]       |         ^
[build] C:\Users\pperv\code\unnamed_rpg\vendor\json\include\nlohmann/json.hpp(5294,28): note: in instantiation of function template specialization 'nlohmann::basic_json<>::parse<const char *, const char *, 0>' requested here
[build]  5294 |     return nlohmann::json::parse(s, s + n);
[build]       |                            ^
[build] In file included from C:\Users\pperv\code\unnamed_rpg\vendor\json-schema-validator\src\json-schema-draft7.json.cpp:9:
[build] In file included from C:\Users\pperv\code\unnamed_rpg\vendor\json\include\nlohmann/json.hpp:50:
[build] In file included from C:\Users\pperv\code\unnamed_rpg\vendor\json\include\nlohmann/detail/input/binary_reader.hpp:29:
[build] In file included from C:\Users\pperv\code\unnamed_rpg\vendor\json\include\nlohmann/detail/input/json_sax.hpp:18:
[build] C:\Users\pperv\code\unnamed_rpg\vendor\json\include\nlohmann/detail/input/lexer.hpp(1304,19): warning: 'auto' type specifier is incompatible with C++98 [-Wc++98-compat]
[build]  1304 |             const auto x = std::strtoll(token_buffer.data(), &endptr, 10);
[build]       |                   ^~~~
[build] C:\Users\pperv\code\unnamed_rpg\vendor\json\include\nlohmann/detail/input/lexer.hpp(1009,34): warning: enumeration type in nested name specifier is incompatible with C++98 [-Wc++98-compat]
[build]  1009 |         token_type number_type = token_type::value_unsigned;
[build]       |                                  ^
[build] C:\Users\pperv\code\unnamed_rpg\vendor\json\include\nlohmann/detail/input/lexer.hpp(1697,24): note: in instantiation of member function 'nlohmann::detail::lexer<nlohmann::basic_json<>, nlohmann::detail::iterator_input_adapter<const char *>>::scan_number' requested here
[build]  1697 |                 return scan_number();
[build]       |                        ^
[build] C:\Users\pperv\code\unnamed_rpg\vendor\json\include\nlohmann/detail/input/parser.hpp(490,37): note: in instantiation of member function 'nlohmann::detail::lexer<nlohmann::basic_json<>, nlohmann::detail::iterator_input_adapter<const char *>>::scan' requested here
[build]   490 |         return last_token = m_lexer.scan();
[build]       |                                     ^
[build] C:\Users\pperv\code\unnamed_rpg\vendor\json\include\nlohmann/detail/input/parser.hpp(82,9): note: in instantiation of member function 'nlohmann::detail::parser<nlohmann::basic_json<>, nlohmann::detail::iterator_input_adapter<const char *>>::get_token' requested here
[build]    82 |         get_token();
[build]       |         ^
[build] C:\Users\pperv\code\unnamed_rpg\vendor\json\include\nlohmann/json.hpp(170,16): note: in instantiation of member function 'nlohmann::detail::parser<nlohmann::basic_json<>, nlohmann::detail::iterator_input_adapter<const char *>>::parser' requested here
[build]   170 |         return ::nlohmann::detail::parser<basic_json, InputAdapterType>(std::move(adapter),
[build]       |                ^
[build] C:\Users\pperv\code\unnamed_rpg\vendor\json\include\nlohmann/json.hpp(4112,9): note: in instantiation of function template specialization 'nlohmann::basic_json<>::parser<nlohmann::detail::iterator_input_adapter<const char *>>' requested here
[build]  4112 |         parser(detail::input_adapter(std::move(first), std::move(last)), std::move(cb), allow_exceptions, ignore_comments, ignore_trailing_commas).parse(true, result); // cppcheck-suppress[accessMoved]
[build]       |         ^
[build] C:\Users\pperv\code\unnamed_rpg\vendor\json\include\nlohmann/json.hpp(5294,28): note: in instantiation of function template specialization 'nlohmann::basic_json<>::parse<const char *, const char *, 0>' requested here
[build]  5294 |     return nlohmann::json::parse(s, s + n);
[build]       |                            ^
[build] In file included from C:\Users\pperv\code\unnamed_rpg\vendor\json-schema-validator\src\json-schema-draft7.json.cpp:9:
[build] In file included from C:\Users\pperv\code\unnamed_rpg\vendor\json\include\nlohmann/json.hpp:50:
[build] In file included from C:\Users\pperv\code\unnamed_rpg\vendor\json\include\nlohmann/detail/input/binary_reader.hpp:29:
[build] In file included from C:\Users\pperv\code\unnamed_rpg\vendor\json\include\nlohmann/detail/input/json_sax.hpp:18:
[build] C:\Users\pperv\code\unnamed_rpg\vendor\json\include\nlohmann/detail/input/lexer.hpp(1047,23): warning: enumeration type in nested name specifier is incompatible with C++98 [-Wc++98-compat]
[build]  1047 |         number_type = token_type::value_integer;
[build]       |                       ^
[build] C:\Users\pperv\code\unnamed_rpg\vendor\json\include\nlohmann/detail/input/lexer.hpp(1073,24): warning: enumeration type in nested name specifier is incompatible with C++98 [-Wc++98-compat]
[build]  1073 |                 return token_type::parse_error;
[build]       |                        ^
[build] C:\Users\pperv\code\unnamed_rpg\vendor\json\include\nlohmann/detail/input/lexer.hpp(1138,23): warning: enumeration type in nested name specifier is incompatible with C++98 [-Wc++98-compat]
[build]  1138 |         number_type = token_type::value_float;
[build]       |                       ^
[build] C:\Users\pperv\code\unnamed_rpg\vendor\json\include\nlohmann/detail/input/lexer.hpp(1159,24): warning: enumeration type in nested name specifier is incompatible with C++98 [-Wc++98-compat]
[build]  1159 |                 return token_type::parse_error;
[build]       |                        ^
[build] C:\Users\pperv\code\unnamed_rpg\vendor\json\include\nlohmann/detail/input/lexer.hpp(1195,23): warning: enumeration type in nested name specifier is incompatible with C++98 [-Wc++98-compat]
[build]  1195 |         number_type = token_type::value_float;
[build]       |                       ^
[build] C:\Users\pperv\code\unnamed_rpg\vendor\json\include\nlohmann/detail/input/lexer.hpp(1224,24): warning: enumeration type in nested name specifier is incompatible with C++98 [-Wc++98-compat]
[build]  1224 |                 return token_type::parse_error;
[build]       |                        ^
[build] C:\Users\pperv\code\unnamed_rpg\vendor\json\include\nlohmann/detail/input/lexer.hpp(1250,24): warning: enumeration type in nested name specifier is incompatible with C++98 [-Wc++98-compat]
[build]  1250 |                 return token_type::parse_error;
[build]       |                        ^
[build] C:\Users\pperv\code\unnamed_rpg\vendor\json\include\nlohmann/detail/input/lexer.hpp(1286,28): warning: enumeration type in nested name specifier is incompatible with C++98 [-Wc++98-compat]
[build]  1286 |         if (number_type == token_type::value_unsigned)
[build]       |                            ^
[build] C:\Users\pperv\code\unnamed_rpg\vendor\json\include\nlohmann/detail/input/lexer.hpp(1298,28): warning: enumeration type in nested name specifier is incompatible with C++98 [-Wc++98-compat]
[build]  1298 |                     return token_type::value_unsigned;
[build]       |                            ^
[build] C:\Users\pperv\code\unnamed_rpg\vendor\json\include\nlohmann/detail/input/lexer.hpp(1302,33): warning: enumeration type in nested name specifier is incompatible with C++98 [-Wc++98-compat]
[build]  1302 |         else if (number_type == token_type::value_integer)
[build]       |                                 ^
[build] C:\Users\pperv\code\unnamed_rpg\vendor\json\include\nlohmann/detail/input/lexer.hpp(1314,28): warning: enumeration type in nested name specifier is incompatible with C++98 [-Wc++98-compat]
[build]  1314 |                     return token_type::value_integer;
[build]       |                            ^
[build] C:\Users\pperv\code\unnamed_rpg\vendor\json\include\nlohmann/detail/input/lexer.hpp(1326,16): warning: enumeration type in nested name specifier is incompatible with C++98 [-Wc++98-compat]
[build]  1326 |         return token_type::value_float;
[build]       |                ^
[build] In file included from C:\Users\pperv\code\unnamed_rpg\vendor\json-schema-validator\src\json-schema-draft7.json.cpp:9:
[build] In file included from C:\Users\pperv\code\unnamed_rpg\vendor\json\include\nlohmann/json.hpp:53:
[build] C:\Users\pperv\code\unnamed_rpg\vendor\json\include\nlohmann/detail/input/parser.hpp(108,107): warning: 'nullptr' is incompatible with C++98 [-Wc++98-compat]
[build]   108 |                                                     exception_message(token_type::end_of_input, "value"), nullptr));
[build]       |                                                                                                           ^
[build] C:\Users\pperv\code\unnamed_rpg\vendor\json\include\nlohmann/detail/input/parser.hpp(114,26): warning: enumeration type in nested name specifier is incompatible with C++98 [-Wc++98-compat]
[build]   114 |                 result = value_t::discarded;
[build]       |                          ^
[build] C:\Users\pperv\code\unnamed_rpg\vendor\json\include\nlohmann/json.hpp(5294,28): note: in instantiation of function template specialization 'nlohmann::basic_json<>::parse<const char *, const char *, 0>' requested here
[build]  5294 |     return nlohmann::json::parse(s, s + n);
[build]       |                            ^
[build] In file included from C:\Users\pperv\code\unnamed_rpg\vendor\json-schema-validator\src\json-schema-draft7.json.cpp:9:
[build] In file included from C:\Users\pperv\code\unnamed_rpg\vendor\json\include\nlohmann/json.hpp:53:
[build] C:\Users\pperv\code\unnamed_rpg\vendor\json\include\nlohmann/detail/input/parser.hpp(122,26): warning: 'nullptr' is incompatible with C++98 [-Wc++98-compat]
[build]   122 |                 result = nullptr;
[build]       |                          ^
[build] C:\Users\pperv\code\unnamed_rpg\vendor\json\include\nlohmann/detail/input/parser.hpp(135,136): warning: 'nullptr' is incompatible with C++98 [-Wc++98-compat]
[build]   135 |                                 parse_error::create(101, m_lexer.get_position(), exception_message(token_type::end_of_input, "value"), nullptr));
[build]       |                                                                                                                                        ^
[build] C:\Users\pperv\code\unnamed_rpg\vendor\json\include\nlohmann/detail/input/parser.hpp(141,26): warning: enumeration type in nested name specifier is incompatible with C++98 [-Wc++98-compat]
[build]   141 |                 result = value_t::discarded;
[build]       |                          ^
[build] In file included from C:\Users\pperv\code\unnamed_rpg\vendor\json-schema-validator\src\json-schema-draft7.json.cpp:9:
[build] In file included from C:\Users\pperv\code\unnamed_rpg\vendor\json\include\nlohmann/json.hpp:50:
[build] In file included from C:\Users\pperv\code\unnamed_rpg\vendor\json\include\nlohmann/detail/input/binary_reader.hpp:29:
[build] C:\Users\pperv\code\unnamed_rpg\vendor\json\include\nlohmann/detail/input/json_sax.hpp(933,29): warning: padding class 'nlohmann::detail::json_sax_dom_callback_parser<nlohmann::basic_json<>, nlohmann::detail::iterator_input_adapter<const char *>>' with 7 bytes to align 'callback' [-Wpadded]
[build]   933 |     const parser_callback_t callback = nullptr;
[build]       |                             ^
[build] C:\Users\pperv\code\unnamed_rpg\vendor\json\include\nlohmann/detail/input/json_sax.hpp(937,19): warning: padding class 'nlohmann::detail::json_sax_dom_callback_parser<nlohmann::basic_json<>, nlohmann::detail::iterator_input_adapter<const char *>>' with 7 bytes to align 'discarded' [-Wpadded]
[build]   937 |     BasicJsonType discarded = BasicJsonType::value_t::discarded;
[build]       |                   ^
[build] In file included from C:\Users\pperv\code\unnamed_rpg\vendor\json-schema-validator\src\json-schema-draft7.json.cpp:9:
[build] In file included from C:\Users\pperv\code\unnamed_rpg\vendor\json\include\nlohmann/json.hpp:53:
[build] C:\Users\pperv\code\unnamed_rpg\vendor\json\include\nlohmann/detail/input/parser.hpp(103,43): warning: enumeration type in nested name specifier is incompatible with C++98 [-Wc++98-compat]
[build]   103 |             if (strict && (get_token() != token_type::end_of_input))
[build]       |                                           ^
[build] C:\Users\pperv\code\unnamed_rpg\vendor\json\include\nlohmann/json.hpp(4112,148): note: in instantiation of member function 'nlohmann::detail::parser<nlohmann::basic_json<>, nlohmann::detail::iterator_input_adapter<const char *>>::parse' requested here
[build]  4112 |         parser(detail::input_adapter(std::move(first), std::move(last)), std::move(cb), allow_exceptions, ignore_comments, ignore_trailing_commas).parse(true, result); // cppcheck-suppress[accessMoved]
[build]       |                                                                                                                                                    ^
[build] C:\Users\pperv\code\unnamed_rpg\vendor\json\include\nlohmann/json.hpp(5294,28): note: in instantiation of function template specialization 'nlohmann::basic_json<>::parse<const char *, const char *, 0>' requested here
[build]  5294 |     return nlohmann::json::parse(s, s + n);
[build]       |                            ^
[build] In file included from C:\Users\pperv\code\unnamed_rpg\vendor\json-schema-validator\src\json-schema-draft7.json.cpp:9:
[build] In file included from C:\Users\pperv\code\unnamed_rpg\vendor\json\include\nlohmann/json.hpp:53:
[build] C:\Users\pperv\code\unnamed_rpg\vendor\json\include\nlohmann/detail/input/parser.hpp(108,71): warning: enumeration type in nested name specifier is incompatible with C++98 [-Wc++98-compat]
[build]   108 |                                                     exception_message(token_type::end_of_input, "value"), nullptr));
[build]       |                                                                       ^
[build] C:\Users\pperv\code\unnamed_rpg\vendor\json\include\nlohmann/detail/input/parser.hpp(114,26): warning: enumeration type in nested name specifier is incompatible with C++98 [-Wc++98-compat]
[build]   114 |                 result = value_t::discarded;
[build]       |                          ^
[build] In file included from C:\Users\pperv\code\unnamed_rpg\vendor\json-schema-validator\src\json-schema-draft7.json.cpp:9:
[build] C:\Users\pperv\code\unnamed_rpg\vendor\json\include\nlohmann/json.hpp(1453,33): warning: enumeration type in nested name specifier is incompatible with C++98 [-Wc++98-compat]
[build]  1453 |         return m_data.m_type == value_t::discarded;
[build]       |                                 ^
[build] C:\Users\pperv\code\unnamed_rpg\vendor\json\include\nlohmann/detail/input/parser.hpp(120,24): note: in instantiation of member function 'nlohmann::basic_json<>::is_discarded' requested here
[build]   120 |             if (result.is_discarded())
[build]       |                        ^
[build] C:\Users\pperv\code\unnamed_rpg\vendor\json\include\nlohmann/json.hpp(4112,148): note: in instantiation of member function 'nlohmann::detail::parser<nlohmann::basic_json<>, nlohmann::detail::iterator_input_adapter<const char *>>::parse' requested here
[build]  4112 |         parser(detail::input_adapter(std::move(first), std::move(last)), std::move(cb), allow_exceptions, ignore_comments, ignore_trailing_commas).parse(true, result); // cppcheck-suppress[accessMoved]
[build]       |                                                                                                                                                    ^
[build] C:\Users\pperv\code\unnamed_rpg\vendor\json\include\nlohmann/json.hpp(5294,28): note: in instantiation of function template specialization 'nlohmann::basic_json<>::parse<const char *, const char *, 0>' requested here
[build]  5294 |     return nlohmann::json::parse(s, s + n);
[build]       |                            ^
[build] In file included from C:\Users\pperv\code\unnamed_rpg\vendor\json-schema-validator\src\json-schema-draft7.json.cpp:9:
[build] In file included from C:\Users\pperv\code\unnamed_rpg\vendor\json\include\nlohmann/json.hpp:50:
[build] In file included from C:\Users\pperv\code\unnamed_rpg\vendor\json\include\nlohmann/detail/input/binary_reader.hpp:29:
[build] C:\Users\pperv\code\unnamed_rpg\vendor\json\include\nlohmann/detail/input/json_sax.hpp(471,14): warning: padding class 'nlohmann::detail::json_sax_dom_parser<nlohmann::basic_json<>, nlohmann::detail::iterator_input_adapter<const char *>>' with 6 bytes to align 'm_lexer_ref' [-Wpadded]
[build]   471 |     lexer_t* m_lexer_ref = nullptr;
[build]       |              ^
[build] In file included from C:\Users\pperv\code\unnamed_rpg\vendor\json-schema-validator\src\json-schema-draft7.json.cpp:9:
[build] In file included from C:\Users\pperv\code\unnamed_rpg\vendor\json\include\nlohmann/json.hpp:53:
[build] C:\Users\pperv\code\unnamed_rpg\vendor\json\include\nlohmann/detail/input/parser.hpp(131,43): warning: enumeration type in nested name specifier is incompatible with C++98 [-Wc++98-compat]
[build]   131 |             if (strict && (get_token() != token_type::end_of_input))
[build]       |                                           ^
[build] C:\Users\pperv\code\unnamed_rpg\vendor\json\include\nlohmann/json.hpp(4112,148): note: in instantiation of member function 'nlohmann::detail::parser<nlohmann::basic_json<>, nlohmann::detail::iterator_input_adapter<const char *>>::parse' requested here
[build]  4112 |         parser(detail::input_adapter(std::move(first), std::move(last)), std::move(cb), allow_exceptions, ignore_comments, ignore_trailing_commas).parse(true, result); // cppcheck-suppress[accessMoved]
[build]       |                                                                                                                                                    ^
[build] C:\Users\pperv\code\unnamed_rpg\vendor\json\include\nlohmann/json.hpp(5294,28): note: in instantiation of function template specialization 'nlohmann::basic_json<>::parse<const char *, const char *, 0>' requested here
[build]  5294 |     return nlohmann::json::parse(s, s + n);
[build]       |                            ^
[build] In file included from C:\Users\pperv\code\unnamed_rpg\vendor\json-schema-validator\src\json-schema-draft7.json.cpp:9:
[build] In file included from C:\Users\pperv\code\unnamed_rpg\vendor\json\include\nlohmann/json.hpp:53:
[build] C:\Users\pperv\code\unnamed_rpg\vendor\json\include\nlohmann/detail/input/parser.hpp(135,100): warning: enumeration type in nested name specifier is incompatible with C++98 [-Wc++98-compat]
[build]   135 |                                 parse_error::create(101, m_lexer.get_position(), exception_message(token_type::end_of_input, "value"), nullptr));
[build]       |                                                                                                    ^
[build] C:\Users\pperv\code\unnamed_rpg\vendor\json\include\nlohmann/detail/input/parser.hpp(141,26): warning: enumeration type in nested name specifier is incompatible with C++98 [-Wc++98-compat]
[build]   141 |                 result = value_t::discarded;
[build]       |                          ^
[build] In file included from C:\Users\pperv\code\unnamed_rpg\vendor\json-schema-validator\src\json-schema-draft7.json.cpp:9:
[build] In file included from C:\Users\pperv\code\unnamed_rpg\vendor\json\include\nlohmann/json.hpp:50:
[build] In file included from C:\Users\pperv\code\unnamed_rpg\vendor\json\include\nlohmann/detail/input/binary_reader.hpp:29:
[build] C:\Users\pperv\code\unnamed_rpg\vendor\json\include\nlohmann/detail/input/json_sax.hpp(923,43): warning: constructor call from initializer list is incompatible with C++98 [-Wc++98-compat]
[build]   923 |     std::vector<BasicJsonType*> ref_stack {};
[build]       |                                           ^~
[build] C:\Users\pperv\code\unnamed_rpg\vendor\json\include\nlohmann/detail/input/json_sax.hpp(487,5): note: in instantiation of default member initializer 'nlohmann::detail::json_sax_dom_callback_parser<nlohmann::basic_json<>, nlohmann::detail::iterator_input_adapter<const char *>>::ref_stack' requested here
[build]   487 |     json_sax_dom_callback_parser(BasicJsonType& r,
[build]       |     ^
[build] C:\Users\pperv\code\unnamed_rpg\vendor\json\include\nlohmann/detail/input/parser.hpp(99,75): note: in instantiation of member function 'nlohmann::detail::json_sax_dom_callback_parser<nlohmann::basic_json<>, nlohmann::detail::iterator_input_adapter<const char *>>::json_sax_dom_callback_parser' requested here
[build]    99 |             json_sax_dom_callback_parser<BasicJsonType, InputAdapterType> sdp(result, callback, allow_exceptions, &m_lexer);
[build]       |                                                                           ^
[build] C:\Users\pperv\code\unnamed_rpg\vendor\json\include\nlohmann/json.hpp(4112,148): note: in instantiation of member function 'nlohmann::detail::parser<nlohmann::basic_json<>, nlohmann::detail::iterator_input_adapter<const char *>>::parse' requested here
[build]  4112 |         parser(detail::input_adapter(std::move(first), std::move(last)), std::move(cb), allow_exceptions, ignore_comments, ignore_trailing_commas).parse(true, result); // cppcheck-suppress[accessMoved]
[build]       |                                                                                                                                                    ^
[build] C:\Users\pperv\code\unnamed_rpg\vendor\json\include\nlohmann/json.hpp(5294,28): note: in instantiation of function template specialization 'nlohmann::basic_json<>::parse<const char *, const char *, 0>' requested here
[build]  5294 |     return nlohmann::json::parse(s, s + n);
[build]       |                            ^
[build] In file included from C:\Users\pperv\code\unnamed_rpg\vendor\json-schema-validator\src\json-schema-draft7.json.cpp:9:
[build] In file included from C:\Users\pperv\code\unnamed_rpg\vendor\json\include\nlohmann/json.hpp:50:
[build] In file included from C:\Users\pperv\code\unnamed_rpg\vendor\json\include\nlohmann/detail/input/binary_reader.hpp:29:
[build] C:\Users\pperv\code\unnamed_rpg\vendor\json\include\nlohmann/detail/input/json_sax.hpp(925,34): warning: constructor call from initializer list is incompatible with C++98 [-Wc++98-compat]
[build]   925 |     std::vector<bool> keep_stack {}; // NOLINT(readability-redundant-member-init)
[build]       |                                  ^~
[build] C:\Users\pperv\code\unnamed_rpg\vendor\json\include\nlohmann/detail/input/json_sax.hpp(487,5): note: in instantiation of default member initializer 'nlohmann::detail::json_sax_dom_callback_parser<nlohmann::basic_json<>, nlohmann::detail::iterator_input_adapter<const char *>>::keep_stack' requested here
[build]   487 |     json_sax_dom_callback_parser(BasicJsonType& r,
[build]       |     ^
[build] C:\Users\pperv\code\unnamed_rpg\vendor\json\include\nlohmann/detail/input/parser.hpp(99,75): note: in instantiation of member function 'nlohmann::detail::json_sax_dom_callback_parser<nlohmann::basic_json<>, nlohmann::detail::iterator_input_adapter<const char *>>::json_sax_dom_callback_parser' requested here
[build]    99 |             json_sax_dom_callback_parser<BasicJsonType, InputAdapterType> sdp(result, callback, allow_exceptions, &m_lexer);
[build]       |                                                                           ^
[build] C:\Users\pperv\code\unnamed_rpg\vendor\json\include\nlohmann/json.hpp(4112,148): note: in instantiation of member function 'nlohmann::detail::parser<nlohmann::basic_json<>, nlohmann::detail::iterator_input_adapter<const char *>>::parse' requested here
[build]  4112 |         parser(detail::input_adapter(std::move(first), std::move(last)), std::move(cb), allow_exceptions, ignore_comments, ignore_trailing_commas).parse(true, result); // cppcheck-suppress[accessMoved]
[build]       |                                                                                                                                                    ^
[build] C:\Users\pperv\code\unnamed_rpg\vendor\json\include\nlohmann/json.hpp(5294,28): note: in instantiation of function template specialization 'nlohmann::basic_json<>::parse<const char *, const char *, 0>' requested here
[build]  5294 |     return nlohmann::json::parse(s, s + n);
[build]       |                            ^
[build] In file included from C:\Users\pperv\code\unnamed_rpg\vendor\json-schema-validator\src\json-schema-draft7.json.cpp:9:
[build] In file included from C:\Users\pperv\code\unnamed_rpg\vendor\json\include\nlohmann/json.hpp:50:
[build] In file included from C:\Users\pperv\code\unnamed_rpg\vendor\json\include\nlohmann/detail/input/binary_reader.hpp:29:
[build] C:\Users\pperv\code\unnamed_rpg\vendor\json\include\nlohmann/detail/input/json_sax.hpp(927,38): warning: constructor call from initializer list is incompatible with C++98 [-Wc++98-compat]
[build]   927 |     std::vector<bool> key_keep_stack {}; // NOLINT(readability-redundant-member-init)
[build]       |                                      ^~
[build] C:\Users\pperv\code\unnamed_rpg\vendor\json\include\nlohmann/detail/input/json_sax.hpp(487,5): note: in instantiation of default member initializer 'nlohmann::detail::json_sax_dom_callback_parser<nlohmann::basic_json<>, nlohmann::detail::iterator_input_adapter<const char *>>::key_keep_stack' requested here
[build]   487 |     json_sax_dom_callback_parser(BasicJsonType& r,
[build]       |     ^
[build] C:\Users\pperv\code\unnamed_rpg\vendor\json\include\nlohmann/detail/input/parser.hpp(99,75): note: in instantiation of member function 'nlohmann::detail::json_sax_dom_callback_parser<nlohmann::basic_json<>, nlohmann::detail::iterator_input_adapter<const char *>>::json_sax_dom_callback_parser' requested here
[build]    99 |             json_sax_dom_callback_parser<BasicJsonType, InputAdapterType> sdp(result, callback, allow_exceptions, &m_lexer);
[build]       |                                                                           ^
[build] C:\Users\pperv\code\unnamed_rpg\vendor\json\include\nlohmann/json.hpp(4112,148): note: in instantiation of member function 'nlohmann::detail::parser<nlohmann::basic_json<>, nlohmann::detail::iterator_input_adapter<const char *>>::parse' requested here
[build]  4112 |         parser(detail::input_adapter(std::move(first), std::move(last)), std::move(cb), allow_exceptions, ignore_comments, ignore_trailing_commas).parse(true, result); // cppcheck-suppress[accessMoved]
[build]       |                                                                                                                                                    ^
[build] C:\Users\pperv\code\unnamed_rpg\vendor\json\include\nlohmann/json.hpp(5294,28): note: in instantiation of function template specialization 'nlohmann::basic_json<>::parse<const char *, const char *, 0>' requested here
[build]  5294 |     return nlohmann::json::parse(s, s + n);
[build]       |                            ^
[build] In file included from C:\Users\pperv\code\unnamed_rpg\vendor\json-schema-validator\src\json-schema-draft7.json.cpp:9:
[build] In file included from C:\Users\pperv\code\unnamed_rpg\vendor\json\include\nlohmann/json.hpp:53:
[build] C:\Users\pperv\code\unnamed_rpg\vendor\json\include\nlohmann/detail/input/parser.hpp(219,161): warning: 'nullptr' is incompatible with C++98 [-Wc++98-compat]
[build]   219 |                                                     parse_error::create(101, m_lexer.get_position(), exception_message(token_type::value_string, "object key"), nullptr));
[build]       |                                                                                                                                                                 ^
[build] C:\Users\pperv\code\unnamed_rpg\vendor\json\include\nlohmann/detail/input/parser.hpp(231,169): warning: 'nullptr' is incompatible with C++98 [-Wc++98-compat]
[build]   231 |                                                     parse_error::create(101, m_lexer.get_position(), exception_message(token_type::name_separator, "object separator"), nullptr));
[build]       |                                                                                                                                                                         ^
[build] C:\Users\pperv\code\unnamed_rpg\vendor\json\include\nlohmann/detail/input/parser.hpp(268,31): warning: 'auto' type specifier is incompatible with C++98 [-Wc++98-compat]
[build]   268 |                         const auto res = m_lexer.get_number_float();
[build]       |                               ^~~~
[build] C:\Users\pperv\code\unnamed_rpg\vendor\json\include\nlohmann/json.hpp(4112,148): note: in instantiation of member function 'nlohmann::detail::parser<nlohmann::basic_json<>, nlohmann::detail::iterator_input_adapter<const char *>>::parse' requested here
[build]  4112 |         parser(detail::input_adapter(std::move(first), std::move(last)), std::move(cb), allow_exceptions, ignore_comments, ignore_trailing_commas).parse(true, result); // cppcheck-suppress[accessMoved]
[build]       |                                                                                                                                                    ^
[build] C:\Users\pperv\code\unnamed_rpg\vendor\json\include\nlohmann/json.hpp(5294,28): note: in instantiation of function template specialization 'nlohmann::basic_json<>::parse<const char *, const char *, 0>' requested here
[build]  5294 |     return nlohmann::json::parse(s, s + n);
[build]       |                            ^
[build] In file included from C:\Users\pperv\code\unnamed_rpg\vendor\json-schema-validator\src\json-schema-draft7.json.cpp:9:
[build] In file included from C:\Users\pperv\code\unnamed_rpg\vendor\json\include\nlohmann/json.hpp:53:
[build] C:\Users\pperv\code\unnamed_rpg\vendor\json\include\nlohmann/detail/input/parser.hpp(274,150): warning: 'nullptr' is incompatible with C++98 [-Wc++98-compat]
[build]   274 |                                                     out_of_range::create(406, concat("number overflow parsing '", m_lexer.get_token_string(), '\''), nullptr));
[build]       |                                                                                                                                                      ^
[build] C:\Users\pperv\code\unnamed_rpg\vendor\json\include\nlohmann/detail/input/parser.hpp(344,153): warning: 'nullptr' is incompatible with C++98 [-Wc++98-compat]
[build]   344 |                                                 parse_error::create(101, m_lexer.get_position(), exception_message(token_type::uninitialized, "value"), nullptr));
[build]       |                                                                                                                                                         ^
[build] C:\Users\pperv\code\unnamed_rpg\vendor\json\include\nlohmann/detail/input/parser.hpp(353,166): warning: 'nullptr' is incompatible with C++98 [-Wc++98-compat]
[build]   353 |                                                             "attempting to parse an empty input; check that your input string or stream contains the expected JSON", nullptr));
[build]       |                                                                                                                                                                      ^
[build] C:\Users\pperv\code\unnamed_rpg\vendor\json\include\nlohmann/detail/input/parser.hpp(358,156): warning: 'nullptr' is incompatible with C++98 [-Wc++98-compat]
[build]   358 |                                                 parse_error::create(101, m_lexer.get_position(), exception_message(token_type::literal_or_value, "value"), nullptr));
[build]       |                                                                                                                                                            ^
[build] C:\Users\pperv\code\unnamed_rpg\vendor\json\include\nlohmann/detail/input/parser.hpp(370,156): warning: 'nullptr' is incompatible with C++98 [-Wc++98-compat]
[build]   370 |                                                 parse_error::create(101, m_lexer.get_position(), exception_message(token_type::literal_or_value, "value"), nullptr));
[build]       |                                                                                                                                                            ^
[build] C:\Users\pperv\code\unnamed_rpg\vendor\json\include\nlohmann/detail/input/parser.hpp(422,141): warning: 'nullptr' is incompatible with C++98 [-Wc++98-compat]
[build]   422 |                                         parse_error::create(101, m_lexer.get_position(), exception_message(token_type::end_array, "array"), nullptr));
[build]       |                                                                                                                                             ^
[build] C:\Users\pperv\code\unnamed_rpg\vendor\json\include\nlohmann/detail/input/parser.hpp(441,157): warning: 'nullptr' is incompatible with C++98 [-Wc++98-compat]
[build]   441 |                                                 parse_error::create(101, m_lexer.get_position(), exception_message(token_type::value_string, "object key"), nullptr));
[build]       |                                                                                                                                                             ^
[build] C:\Users\pperv\code\unnamed_rpg\vendor\json\include\nlohmann/detail/input/parser.hpp(454,165): warning: 'nullptr' is incompatible with C++98 [-Wc++98-compat]
[build]   454 |                                                 parse_error::create(101, m_lexer.get_position(), exception_message(token_type::name_separator, "object separator"), nullptr));
[build]       |                                                                                                                                                                     ^
[build] C:\Users\pperv\code\unnamed_rpg\vendor\json\include\nlohmann/detail/input/parser.hpp(483,139): warning: 'nullptr' is incompatible with C++98 [-Wc++98-compat]
[build]   483 |                                     parse_error::create(101, m_lexer.get_position(), exception_message(token_type::end_object, "object"), nullptr));
[build]       |                                                                                                                                           ^
[build] C:\Users\pperv\code\unnamed_rpg\vendor\json\include\nlohmann/detail/input/parser.hpp(197,26): warning: enumeration type in nested name specifier is incompatible with C++98 [-Wc++98-compat]
[build]   197 |                     case token_type::begin_object:
[build]       |                          ^
[build] C:\Users\pperv\code\unnamed_rpg\vendor\json\include\nlohmann/detail/input/parser.hpp(100,13): note: in instantiation of function template specialization 'nlohmann::detail::parser<nlohmann::basic_json<>, nlohmann::detail::iterator_input_adapter<const char *>>::sax_parse_internal<nlohmann::detail::json_sax_dom_callback_parser<nlohmann::basic_json<>, nlohmann::detail::iterator_input_adapter<const char *>>>' requested here
[build]   100 |             sax_parse_internal(&sdp);
[build]       |             ^
[build] C:\Users\pperv\code\unnamed_rpg\vendor\json\include\nlohmann/json.hpp(4112,148): note: in instantiation of member function 'nlohmann::detail::parser<nlohmann::basic_json<>, nlohmann::detail::iterator_input_adapter<const char *>>::parse' requested here
[build]  4112 |         parser(detail::input_adapter(std::move(first), std::move(last)), std::move(cb), allow_exceptions, ignore_comments, ignore_trailing_commas).parse(true, result); // cppcheck-suppress[accessMoved]
[build]       |                                                                                                                                                    ^
[build] C:\Users\pperv\code\unnamed_rpg\vendor\json\include\nlohmann/json.hpp(5294,28): note: in instantiation of function template specialization 'nlohmann::basic_json<>::parse<const char *, const char *, 0>' requested here
[build]  5294 |     return nlohmann::json::parse(s, s + n);
[build]       |                            ^
[build] In file included from C:\Users\pperv\code\unnamed_rpg\vendor\json-schema-validator\src\json-schema-draft7.json.cpp:9:
[build] In file included from C:\Users\pperv\code\unnamed_rpg\vendor\json\include\nlohmann/json.hpp:53:
[build] C:\Users\pperv\code\unnamed_rpg\vendor\json\include\nlohmann/detail/input/parser.hpp(205,44): warning: enumeration type in nested name specifier is incompatible with C++98 [-Wc++98-compat]
[build]   205 |                         if (get_token() == token_type::end_object)
[build]       |                                            ^
[build] C:\Users\pperv\code\unnamed_rpg\vendor\json\include\nlohmann/detail/input/parser.hpp(215,64): warning: enumeration type in nested name specifier is incompatible with C++98 [-Wc++98-compat]
[build]   215 |                         if (JSON_HEDLEY_UNLIKELY(last_token != token_type::value_string))
[build]       |                                                                ^
[build] C:\Users\pperv\code\unnamed_rpg\vendor\json\include\nlohmann/detail/input/parser.hpp(219,120): warning: enumeration type in nested name specifier is incompatible with C++98 [-Wc++98-compat]
[build]   219 |                                                     parse_error::create(101, m_lexer.get_position(), exception_message(token_type::value_string, "object key"), nullptr));
[build]       |                                                                                                                        ^
[build] C:\Users\pperv\code\unnamed_rpg\vendor\json\include\nlohmann/detail/input/parser.hpp(227,65): warning: enumeration type in nested name specifier is incompatible with C++98 [-Wc++98-compat]
[build]   227 |                         if (JSON_HEDLEY_UNLIKELY(get_token() != token_type::name_separator))
[build]       |                                                                 ^
[build] C:\Users\pperv\code\unnamed_rpg\vendor\json\include\nlohmann/detail/input/parser.hpp(231,120): warning: enumeration type in nested name specifier is incompatible with C++98 [-Wc++98-compat]
[build]   231 |                                                     parse_error::create(101, m_lexer.get_position(), exception_message(token_type::name_separator, "object separator"), nullptr));
[build]       |                                                                                                                        ^
[build] C:\Users\pperv\code\unnamed_rpg\vendor\json\include\nlohmann/detail/input/parser.hpp(242,26): warning: enumeration type in nested name specifier is incompatible with C++98 [-Wc++98-compat]
[build]   242 |                     case token_type::begin_array:
[build]       |                          ^
[build] C:\Users\pperv\code\unnamed_rpg\vendor\json\include\nlohmann/detail/input/parser.hpp(250,44): warning: enumeration type in nested name specifier is incompatible with C++98 [-Wc++98-compat]
[build]   250 |                         if (get_token() == token_type::end_array)
[build]       |                                            ^
[build] C:\Users\pperv\code\unnamed_rpg\vendor\json\include\nlohmann/detail/input/parser.hpp(266,26): warning: enumeration type in nested name specifier is incompatible with C++98 [-Wc++98-compat]
[build]   266 |                     case token_type::value_float:
[build]       |                          ^
[build] C:\Users\pperv\code\unnamed_rpg\vendor\json\include\nlohmann/detail/input/parser.hpp(285,26): warning: enumeration type in nested name specifier is incompatible with C++98 [-Wc++98-compat]
[build]   285 |                     case token_type::literal_false:
[build]       |                          ^
[build] C:\Users\pperv\code\unnamed_rpg\vendor\json\include\nlohmann/detail/input/parser.hpp(294,26): warning: enumeration type in nested name specifier is incompatible with C++98 [-Wc++98-compat]
[build]   294 |                     case token_type::literal_null:
[build]       |                          ^
[build] C:\Users\pperv\code\unnamed_rpg\vendor\json\include\nlohmann/detail/input/parser.hpp(303,26): warning: enumeration type in nested name specifier is incompatible with C++98 [-Wc++98-compat]
[build]   303 |                     case token_type::literal_true:
[build]       |                          ^
[build] C:\Users\pperv\code\unnamed_rpg\vendor\json\include\nlohmann/detail/input/parser.hpp(312,26): warning: enumeration type in nested name specifier is incompatible with C++98 [-Wc++98-compat]
[build]   312 |                     case token_type::value_integer:
[build]       |                          ^
[build] C:\Users\pperv\code\unnamed_rpg\vendor\json\include\nlohmann/detail/input/parser.hpp(321,26): warning: enumeration type in nested name specifier is incompatible with C++98 [-Wc++98-compat]
[build]   321 |                     case token_type::value_string:
[build]       |                          ^
[build] C:\Users\pperv\code\unnamed_rpg\vendor\json\include\nlohmann/detail/input/parser.hpp(330,26): warning: enumeration type in nested name specifier is incompatible with C++98 [-Wc++98-compat]
[build]   330 |                     case token_type::value_unsigned:
[build]       |                          ^
[build] C:\Users\pperv\code\unnamed_rpg\vendor\json\include\nlohmann/detail/input/parser.hpp(339,26): warning: enumeration type in nested name specifier is incompatible with C++98 [-Wc++98-compat]
[build]   339 |                     case token_type::parse_error:
[build]       |                          ^
[build] C:\Users\pperv\code\unnamed_rpg\vendor\json\include\nlohmann/detail/input/parser.hpp(344,116): warning: enumeration type in nested name specifier is incompatible with C++98 [-Wc++98-compat]
[build]   344 |                                                 parse_error::create(101, m_lexer.get_position(), exception_message(token_type::uninitialized, "value"), nullptr));
[build]       |                                                                                                                    ^
[build] C:\Users\pperv\code\unnamed_rpg\vendor\json\include\nlohmann/detail/input/parser.hpp(346,26): warning: enumeration type in nested name specifier is incompatible with C++98 [-Wc++98-compat]
[build]   346 |                     case token_type::end_of_input:
[build]       |                          ^
[build] C:\Users\pperv\code\unnamed_rpg\vendor\json\include\nlohmann/detail/input/parser.hpp(358,116): warning: enumeration type in nested name specifier is incompatible with C++98 [-Wc++98-compat]
[build]   358 |                                                 parse_error::create(101, m_lexer.get_position(), exception_message(token_type::literal_or_value, "value"), nullptr));
[build]       |                                                                                                                    ^
[build] C:\Users\pperv\code\unnamed_rpg\vendor\json\include\nlohmann/detail/input/parser.hpp(360,26): warning: enumeration type in nested name specifier is incompatible with C++98 [-Wc++98-compat]
[build]   360 |                     case token_type::uninitialized:
[build]       |                          ^
[build] C:\Users\pperv\code\unnamed_rpg\vendor\json\include\nlohmann/detail/input/parser.hpp(361,26): warning: enumeration type in nested name specifier is incompatible with C++98 [-Wc++98-compat]
[build]   361 |                     case token_type::end_array:
[build]       |                          ^
[build] C:\Users\pperv\code\unnamed_rpg\vendor\json\include\nlohmann/detail/input/parser.hpp(362,26): warning: enumeration type in nested name specifier is incompatible with C++98 [-Wc++98-compat]
[build]   362 |                     case token_type::end_object:
[build]       |                          ^
[build] C:\Users\pperv\code\unnamed_rpg\vendor\json\include\nlohmann/detail/input/parser.hpp(363,26): warning: enumeration type in nested name specifier is incompatible with C++98 [-Wc++98-compat]
[build]   363 |                     case token_type::name_separator:
[build]       |                          ^
[build] C:\Users\pperv\code\unnamed_rpg\vendor\json\include\nlohmann/detail/input/parser.hpp(364,26): warning: enumeration type in nested name specifier is incompatible with C++98 [-Wc++98-compat]
[build]   364 |                     case token_type::value_separator:
[build]       |                          ^
[build] C:\Users\pperv\code\unnamed_rpg\vendor\json\include\nlohmann/detail/input/parser.hpp(365,26): warning: enumeration type in nested name specifier is incompatible with C++98 [-Wc++98-compat]
[build]   365 |                     case token_type::literal_or_value:
[build]       |                          ^
[build] C:\Users\pperv\code\unnamed_rpg\vendor\json\include\nlohmann/detail/input/parser.hpp(370,116): warning: enumeration type in nested name specifier is incompatible with C++98 [-Wc++98-compat]
[build]   370 |                                                 parse_error::create(101, m_lexer.get_position(), exception_message(token_type::literal_or_value, "value"), nullptr));
[build]       |                                                                                                                    ^
[build] C:\Users\pperv\code\unnamed_rpg\vendor\json\include\nlohmann/detail/input/parser.hpp(366,21): warning: default label in switch which covers all enumeration values [-Wcovered-switch-default]
[build]   366 |                     default: // the last token was unexpected
[build]       |                     ^
[build] C:\Users\pperv\code\unnamed_rpg\vendor\json\include\nlohmann/detail/input/parser.hpp(390,36): warning: enumeration type in nested name specifier is incompatible with C++98 [-Wc++98-compat]
[build]   390 |                 if (get_token() == token_type::value_separator)
[build]       |                                    ^
[build] C:\Users\pperv\code\unnamed_rpg\vendor\json\include\nlohmann/detail/input/parser.hpp(396,67): warning: enumeration type in nested name specifier is incompatible with C++98 [-Wc++98-compat]
[build]   396 |                     if (!(ignore_trailing_commas && last_token == token_type::end_array))
[build]       |                                                                   ^
[build] C:\Users\pperv\code\unnamed_rpg\vendor\json\include\nlohmann/detail/input/parser.hpp(403,54): warning: enumeration type in nested name specifier is incompatible with C++98 [-Wc++98-compat]
[build]   403 |                 if (JSON_HEDLEY_LIKELY(last_token == token_type::end_array))
[build]       |                                                      ^
[build] C:\Users\pperv\code\unnamed_rpg\vendor\json\include\nlohmann/detail/input/parser.hpp(422,108): warning: enumeration type in nested name specifier is incompatible with C++98 [-Wc++98-compat]
[build]   422 |                                         parse_error::create(101, m_lexer.get_position(), exception_message(token_type::end_array, "array"), nullptr));
[build]       |                                                                                                            ^
[build] C:\Users\pperv\code\unnamed_rpg\vendor\json\include\nlohmann/detail/input/parser.hpp(429,32): warning: enumeration type in nested name specifier is incompatible with C++98 [-Wc++98-compat]
[build]   429 |             if (get_token() == token_type::value_separator)
[build]       |                                ^
[build] C:\Users\pperv\code\unnamed_rpg\vendor\json\include\nlohmann/detail/input/parser.hpp(434,63): warning: enumeration type in nested name specifier is incompatible with C++98 [-Wc++98-compat]
[build]   434 |                 if (!(ignore_trailing_commas && last_token == token_type::end_object))
[build]       |                                                               ^
[build] C:\Users\pperv\code\unnamed_rpg\vendor\json\include\nlohmann/detail/input/parser.hpp(437,60): warning: enumeration type in nested name specifier is incompatible with C++98 [-Wc++98-compat]
[build]   437 |                     if (JSON_HEDLEY_UNLIKELY(last_token != token_type::value_string))
[build]       |                                                            ^
[build] C:\Users\pperv\code\unnamed_rpg\vendor\json\include\nlohmann/detail/input/parser.hpp(441,116): warning: enumeration type in nested name specifier is incompatible with C++98 [-Wc++98-compat]
[build]   441 |                                                 parse_error::create(101, m_lexer.get_position(), exception_message(token_type::value_string, "object key"), nullptr));
[build]       |                                                                                                                    ^
[build] C:\Users\pperv\code\unnamed_rpg\vendor\json\include\nlohmann/detail/input/parser.hpp(450,61): warning: enumeration type in nested name specifier is incompatible with C++98 [-Wc++98-compat]
[build]   450 |                     if (JSON_HEDLEY_UNLIKELY(get_token() != token_type::name_separator))
[build]       |                                                             ^
[build] C:\Users\pperv\code\unnamed_rpg\vendor\json\include\nlohmann/detail/input/parser.hpp(454,116): warning: enumeration type in nested name specifier is incompatible with C++98 [-Wc++98-compat]
[build]   454 |                                                 parse_error::create(101, m_lexer.get_position(), exception_message(token_type::name_separator, "object separator"), nullptr));
[build]       |                                                                                                                    ^
[build] C:\Users\pperv\code\unnamed_rpg\vendor\json\include\nlohmann/detail/input/parser.hpp(464,50): warning: enumeration type in nested name specifier is incompatible with C++98 [-Wc++98-compat]
[build]   464 |             if (JSON_HEDLEY_LIKELY(last_token == token_type::end_object))
[build]       |                                                  ^
[build] C:\Users\pperv\code\unnamed_rpg\vendor\json\include\nlohmann/detail/input/parser.hpp(483,104): warning: enumeration type in nested name specifier is incompatible with C++98 [-Wc++98-compat]
[build]   483 |                                     parse_error::create(101, m_lexer.get_position(), exception_message(token_type::end_object, "object"), nullptr));
[build]       |                                                                                                        ^
[build] In file included from C:\Users\pperv\code\unnamed_rpg\vendor\json-schema-validator\src\json-schema-draft7.json.cpp:9:
[build] In file included from C:\Users\pperv\code\unnamed_rpg\vendor\json\include\nlohmann/json.hpp:50:
[build] In file included from C:\Users\pperv\code\unnamed_rpg\vendor\json\include\nlohmann/detail/input/binary_reader.hpp:29:
[build] C:\Users\pperv\code\unnamed_rpg\vendor\json\include\nlohmann/detail/input/json_sax.hpp(551,9): warning: 'auto' type specifier is incompatible with C++98 [-Wc++98-compat]
[build]   551 |         auto val = handle_value(BasicJsonType::value_t::object, true);
[build]       |         ^~~~
[build] C:\Users\pperv\code\unnamed_rpg\vendor\json\include\nlohmann/detail/input/json_sax.hpp(548,72): warning: enumeration type in nested name specifier is incompatible with C++98 [-Wc++98-compat]
[build]   548 |         const bool keep = callback(static_cast<int>(ref_stack.size()), parse_event_t::object_start, discarded);
[build]       |                                                                        ^
[build] C:\Users\pperv\code\unnamed_rpg\vendor\json\include\nlohmann/detail/input/parser.hpp(199,56): note: in instantiation of member function 'nlohmann::detail::json_sax_dom_callback_parser<nlohmann::basic_json<>, nlohmann::detail::iterator_input_adapter<const char *>>::start_object' requested here
[build]   199 |                         if (JSON_HEDLEY_UNLIKELY(!sax->start_object(detail::unknown_size())))
[build]       |                                                        ^
[build] C:\Users\pperv\code\unnamed_rpg\vendor\json\include\nlohmann/thirdparty/hedley/hedley.hpp(1360,94): note: expanded from macro 'JSON_HEDLEY_UNLIKELY'
[build]  1360 | #  define JSON_HEDLEY_UNLIKELY(expr)                    __builtin_expect                 (!!(expr),    0                  )
[build]       |                                                                                              ^
[build] C:\Users\pperv\code\unnamed_rpg\vendor\json\include\nlohmann/detail/input/parser.hpp(100,13): note: in instantiation of function template specialization 'nlohmann::detail::parser<nlohmann::basic_json<>, nlohmann::detail::iterator_input_adapter<const char *>>::sax_parse_internal<nlohmann::detail::json_sax_dom_callback_parser<nlohmann::basic_json<>, nlohmann::detail::iterator_input_adapter<const char *>>>' requested here
[build]   100 |             sax_parse_internal(&sdp);
[build]       |             ^
[build] C:\Users\pperv\code\unnamed_rpg\vendor\json\include\nlohmann/json.hpp(4112,148): note: in instantiation of member function 'nlohmann::detail::parser<nlohmann::basic_json<>, nlohmann::detail::iterator_input_adapter<const char *>>::parse' requested here
[build]  4112 |         parser(detail::input_adapter(std::move(first), std::move(last)), std::move(cb), allow_exceptions, ignore_comments, ignore_trailing_commas).parse(true, result); // cppcheck-suppress[accessMoved]
[build]       |                                                                                                                                                    ^
[build] C:\Users\pperv\code\unnamed_rpg\vendor\json\include\nlohmann/json.hpp(5294,28): note: in instantiation of function template specialization 'nlohmann::basic_json<>::parse<const char *, const char *, 0>' requested here
[build]  5294 |     return nlohmann::json::parse(s, s + n);
[build]       |                            ^
[build] In file included from C:\Users\pperv\code\unnamed_rpg\vendor\json-schema-validator\src\json-schema-draft7.json.cpp:9:
[build] In file included from C:\Users\pperv\code\unnamed_rpg\vendor\json\include\nlohmann/json.hpp:50:
[build] In file included from C:\Users\pperv\code\unnamed_rpg\vendor\json\include\nlohmann/detail/input/binary_reader.hpp:29:
[build] C:\Users\pperv\code\unnamed_rpg\vendor\json\include\nlohmann/detail/input/json_sax.hpp(849,28): warning: 'nullptr' is incompatible with C++98 [-Wc++98-compat]
[build]   849 |             return {false, nullptr};
[build]       |                            ^
[build] C:\Users\pperv\code\unnamed_rpg\vendor\json\include\nlohmann/detail/input/json_sax.hpp(849,20): warning: generalized initializer lists are incompatible with C++98 [-Wc++98-compat]
[build]   849 |             return {false, nullptr};
[build]       |                    ^~~~~~~~~~~~~~~~
[build] C:\Users\pperv\code\unnamed_rpg\vendor\json\include\nlohmann/detail/input/json_sax.hpp(853,9): warning: 'auto' type specifier is incompatible with C++98 [-Wc++98-compat]
[build]   853 |         auto value = BasicJsonType(std::forward<Value>(v));
[build]       |         ^~~~
[build] C:\Users\pperv\code\unnamed_rpg\vendor\json\include\nlohmann/detail/input/json_sax.hpp(877,28): warning: 'nullptr' is incompatible with C++98 [-Wc++98-compat]
[build]   877 |             return {false, nullptr};
[build]       |                            ^
[build] C:\Users\pperv\code\unnamed_rpg\vendor\json\include\nlohmann/detail/input/json_sax.hpp(877,20): warning: generalized initializer lists are incompatible with C++98 [-Wc++98-compat]
[build]   877 |             return {false, nullptr};
[build]       |                    ^~~~~~~~~~~~~~~~
[build] C:\Users\pperv\code\unnamed_rpg\vendor\json\include\nlohmann/detail/input/json_sax.hpp(883,20): warning: generalized initializer lists are incompatible with C++98 [-Wc++98-compat]
[build]   883 |             return {true, & root};
[build]       |                    ^~~~~~~~~~~~~~
[build] C:\Users\pperv\code\unnamed_rpg\vendor\json\include\nlohmann/detail/input/json_sax.hpp(890,28): warning: 'nullptr' is incompatible with C++98 [-Wc++98-compat]
[build]   890 |             return {false, nullptr};
[build]       |                            ^
[build] C:\Users\pperv\code\unnamed_rpg\vendor\json\include\nlohmann/detail/input/json_sax.hpp(890,20): warning: generalized initializer lists are incompatible with C++98 [-Wc++98-compat]
[build]   890 |             return {false, nullptr};
[build]       |                    ^~~~~~~~~~~~~~~~
[build] C:\Users\pperv\code\unnamed_rpg\vendor\json\include\nlohmann/detail/input/json_sax.hpp(900,20): warning: generalized initializer lists are incompatible with C++98 [-Wc++98-compat]
[build]   900 |             return {true, & (ref_stack.back()->m_data.m_value.array->back())};
[build]       |                    ^~~~~~~~~~~~~~~~~~~~~~~~~~~~~~~~~~~~~~~~~~~~~~~~~~~~~~~~~~
[build] C:\Users\pperv\code\unnamed_rpg\vendor\json\include\nlohmann/detail/input/json_sax.hpp(912,28): warning: 'nullptr' is incompatible with C++98 [-Wc++98-compat]
[build]   912 |             return {false, nullptr};
[build]       |                            ^
[build] C:\Users\pperv\code\unnamed_rpg\vendor\json\include\nlohmann/detail/input/json_sax.hpp(912,20): warning: generalized initializer lists are incompatible with C++98 [-Wc++98-compat]
[build]   912 |             return {false, nullptr};
[build]       |                    ^~~~~~~~~~~~~~~~
[build] C:\Users\pperv\code\unnamed_rpg\vendor\json\include\nlohmann/detail/input/json_sax.hpp(917,16): warning: generalized initializer lists are incompatible with C++98 [-Wc++98-compat]
[build]   917 |         return {true, object_element};
[build]       |                ^~~~~~~~~~~~~~~~~~~~~~
[build] C:\Users\pperv\code\unnamed_rpg\vendor\json\include\nlohmann/detail/input/json_sax.hpp(849,20): warning: constructor call from initializer list is incompatible with C++98 [-Wc++98-compat]
[build]   849 |             return {false, nullptr};
[build]       |                    ^~~~~~~~~~~~~~~~
[build] C:\Users\pperv\code\unnamed_rpg\vendor\json\include\nlohmann/detail/input/json_sax.hpp(551,20): note: in instantiation of function template specialization 'nlohmann::detail::json_sax_dom_callback_parser<nlohmann::basic_json<>, nlohmann::detail::iterator_input_adapter<const char *>>::handle_value<nlohmann::detail::value_t>' requested here
[build]   551 |         auto val = handle_value(BasicJsonType::value_t::object, true);
[build]       |                    ^
[build] C:\Users\pperv\code\unnamed_rpg\vendor\json\include\nlohmann/detail/input/parser.hpp(199,56): note: in instantiation of member function 'nlohmann::detail::json_sax_dom_callback_parser<nlohmann::basic_json<>, nlohmann::detail::iterator_input_adapter<const char *>>::start_object' requested here
[build]   199 |                         if (JSON_HEDLEY_UNLIKELY(!sax->start_object(detail::unknown_size())))
[build]       |                                                        ^
[build] C:\Users\pperv\code\unnamed_rpg\vendor\json\include\nlohmann/thirdparty/hedley/hedley.hpp(1360,94): note: expanded from macro 'JSON_HEDLEY_UNLIKELY'
[build]  1360 | #  define JSON_HEDLEY_UNLIKELY(expr)                    __builtin_expect                 (!!(expr),    0                  )
[build]       |                                                                                              ^
[build] C:\Users\pperv\code\unnamed_rpg\vendor\json\include\nlohmann/detail/input/parser.hpp(100,13): note: in instantiation of function template specialization 'nlohmann::detail::parser<nlohmann::basic_json<>, nlohmann::detail::iterator_input_adapter<const char *>>::sax_parse_internal<nlohmann::detail::json_sax_dom_callback_parser<nlohmann::basic_json<>, nlohmann::detail::iterator_input_adapter<const char *>>>' requested here
[build]   100 |             sax_parse_internal(&sdp);
[build]       |             ^
[build] C:\Users\pperv\code\unnamed_rpg\vendor\json\include\nlohmann/json.hpp(4112,148): note: in instantiation of member function 'nlohmann::detail::parser<nlohmann::basic_json<>, nlohmann::detail::iterator_input_adapter<const char *>>::parse' requested here
[build]  4112 |         parser(detail::input_adapter(std::move(first), std::move(last)), std::move(cb), allow_exceptions, ignore_comments, ignore_trailing_commas).parse(true, result); // cppcheck-suppress[accessMoved]
[build]       |                                                                                                                                                    ^
[build] C:\Users\pperv\code\unnamed_rpg\vendor\json\include\nlohmann/json.hpp(5294,28): note: in instantiation of function template specialization 'nlohmann::basic_json<>::parse<const char *, const char *, 0>' requested here
[build]  5294 |     return nlohmann::json::parse(s, s + n);
[build]       |                            ^
[build] In file included from C:\Users\pperv\code\unnamed_rpg\vendor\json-schema-validator\src\json-schema-draft7.json.cpp:9:
[build] In file included from C:\Users\pperv\code\unnamed_rpg\vendor\json\include\nlohmann/json.hpp:50:
[build] In file included from C:\Users\pperv\code\unnamed_rpg\vendor\json\include\nlohmann/detail/input/binary_reader.hpp:29:
[build] C:\Users\pperv\code\unnamed_rpg\vendor\json\include\nlohmann/detail/input/json_sax.hpp(860,89): warning: enumeration type in nested name specifier is incompatible with C++98 [-Wc++98-compat]
[build]   860 |         const bool keep = skip_callback || callback(static_cast<int>(ref_stack.size()), parse_event_t::value, value);
[build]       |                                                                                         ^
[build] C:\Users\pperv\code\unnamed_rpg\vendor\json\include\nlohmann/detail/input/json_sax.hpp(551,20): note: in instantiation of function template specialization 'nlohmann::detail::json_sax_dom_callback_parser<nlohmann::basic_json<>, nlohmann::detail::iterator_input_adapter<const char *>>::handle_value<nlohmann::detail::value_t>' requested here
[build]   551 |         auto val = handle_value(BasicJsonType::value_t::object, true);
[build]       |                    ^
[build] C:\Users\pperv\code\unnamed_rpg\vendor\json\include\nlohmann/detail/input/parser.hpp(199,56): note: in instantiation of member function 'nlohmann::detail::json_sax_dom_callback_parser<nlohmann::basic_json<>, nlohmann::detail::iterator_input_adapter<const char *>>::start_object' requested here
[build]   199 |                         if (JSON_HEDLEY_UNLIKELY(!sax->start_object(detail::unknown_size())))
[build]       |                                                        ^
[build] C:\Users\pperv\code\unnamed_rpg\vendor\json\include\nlohmann/thirdparty/hedley/hedley.hpp(1360,94): note: expanded from macro 'JSON_HEDLEY_UNLIKELY'
[build]  1360 | #  define JSON_HEDLEY_UNLIKELY(expr)                    __builtin_expect                 (!!(expr),    0                  )
[build]       |                                                                                              ^
[build] C:\Users\pperv\code\unnamed_rpg\vendor\json\include\nlohmann/detail/input/parser.hpp(100,13): note: in instantiation of function template specialization 'nlohmann::detail::parser<nlohmann::basic_json<>, nlohmann::detail::iterator_input_adapter<const char *>>::sax_parse_internal<nlohmann::detail::json_sax_dom_callback_parser<nlohmann::basic_json<>, nlohmann::detail::iterator_input_adapter<const char *>>>' requested here
[build]   100 |             sax_parse_internal(&sdp);
[build]       |             ^
[build] C:\Users\pperv\code\unnamed_rpg\vendor\json\include\nlohmann/json.hpp(4112,148): note: in instantiation of member function 'nlohmann::detail::parser<nlohmann::basic_json<>, nlohmann::detail::iterator_input_adapter<const char *>>::parse' requested here
[build]  4112 |         parser(detail::input_adapter(std::move(first), std::move(last)), std::move(cb), allow_exceptions, ignore_comments, ignore_trailing_commas).parse(true, result); // cppcheck-suppress[accessMoved]
[build]       |                                                                                                                                                    ^
[build] C:\Users\pperv\code\unnamed_rpg\vendor\json\include\nlohmann/json.hpp(5294,28): note: in instantiation of function template specialization 'nlohmann::basic_json<>::parse<const char *, const char *, 0>' requested here
[build]  5294 |     return nlohmann::json::parse(s, s + n);
[build]       |                            ^
[build] In file included from C:\Users\pperv\code\unnamed_rpg\vendor\json-schema-validator\src\json-schema-draft7.json.cpp:9:
[build] In file included from C:\Users\pperv\code\unnamed_rpg\vendor\json\include\nlohmann/json.hpp:50:
[build] In file included from C:\Users\pperv\code\unnamed_rpg\vendor\json\include\nlohmann/detail/input/binary_reader.hpp:29:
[build] C:\Users\pperv\code\unnamed_rpg\vendor\json\include\nlohmann/detail/input/json_sax.hpp(877,20): warning: constructor call from initializer list is incompatible with C++98 [-Wc++98-compat]
[build]   877 |             return {false, nullptr};
[build]       |                    ^~~~~~~~~~~~~~~~
[build] C:\Users\pperv\code\unnamed_rpg\vendor\json\include\nlohmann/detail/input/json_sax.hpp(883,20): warning: constructor call from initializer list is incompatible with C++98 [-Wc++98-compat]
[build]   883 |             return {true, & root};
[build]       |                    ^~~~~~~~~~~~~~
[build] C:\Users\pperv\code\unnamed_rpg\vendor\json\include\nlohmann/detail/input/json_sax.hpp(890,20): warning: constructor call from initializer list is incompatible with C++98 [-Wc++98-compat]
[build]   890 |             return {false, nullptr};
[build]       |                    ^~~~~~~~~~~~~~~~
[build] C:\Users\pperv\code\unnamed_rpg\vendor\json\include\nlohmann/detail/input/json_sax.hpp(900,20): warning: constructor call from initializer list is incompatible with C++98 [-Wc++98-compat]
[build]   900 |             return {true, & (ref_stack.back()->m_data.m_value.array->back())};
[build]       |                    ^~~~~~~~~~~~~~~~~~~~~~~~~~~~~~~~~~~~~~~~~~~~~~~~~~~~~~~~~~
[build] C:\Users\pperv\code\unnamed_rpg\vendor\json\include\nlohmann/detail/input/json_sax.hpp(912,20): warning: constructor call from initializer list is incompatible with C++98 [-Wc++98-compat]
[build]   912 |             return {false, nullptr};
[build]       |                    ^~~~~~~~~~~~~~~~
[build] C:\Users\pperv\code\unnamed_rpg\vendor\json\include\nlohmann/detail/input/json_sax.hpp(917,16): warning: constructor call from initializer list is incompatible with C++98 [-Wc++98-compat]
[build]   917 |         return {true, object_element};
[build]       |                ^~~~~~~~~~~~~~~~~~~~~~
[build] C:\Users\pperv\code\unnamed_rpg\vendor\json\include\nlohmann/detail/input/json_sax.hpp(815,14): warning: 'auto' type specifier is incompatible with C++98 [-Wc++98-compat]
[build]   815 |         for (auto it = parent.begin(); it != parent.end(); ++it)
[build]       |              ^~~~
[build] In file included from C:\Users\pperv\code\unnamed_rpg\vendor\json-schema-validator\src\json-schema-draft7.json.cpp:9:
[build] In file included from C:\Users\pperv\code\unnamed_rpg\vendor\json\include\nlohmann/json.hpp:55:
[build] C:\Users\pperv\code\unnamed_rpg\vendor\json\include\nlohmann/detail/iterators/iter_impl.hpp(508,170): warning: use of null pointer as non-type template argument is incompatible with C++98 [-Wc++98-compat]
[build]   508 |     template < typename IterImpl, detail::enable_if_t < (std::is_same<IterImpl, iter_impl>::value || std::is_same<IterImpl, other_iter_impl>::value), std::nullptr_t > = nullptr >
[build]       |                                                                                                                                                                          ^
[build] C:\Users\pperv\code\unnamed_rpg\vendor\json\include\nlohmann/detail/input/json_sax.hpp(815,43): note: while substituting deduced template arguments into function template 'operator!=' [with IterImpl = iterator, $1 = (no value)]
[build]   815 |         for (auto it = parent.begin(); it != parent.end(); ++it)
[build]       |                                           ^
[build] C:\Users\pperv\code\unnamed_rpg\vendor\json\include\nlohmann/detail/input/json_sax.hpp(874,21): note: in instantiation of member function 'nlohmann::detail::json_sax_dom_callback_parser<nlohmann::basic_json<>, nlohmann::detail::iterator_input_adapter<const char *>>::remove_discarded_value' requested here
[build]   874 |                     remove_discarded_value(*ref_stack.back());
[build]       |                     ^
[build] C:\Users\pperv\code\unnamed_rpg\vendor\json\include\nlohmann/detail/input/json_sax.hpp(551,20): note: in instantiation of function template specialization 'nlohmann::detail::json_sax_dom_callback_parser<nlohmann::basic_json<>, nlohmann::detail::iterator_input_adapter<const char *>>::handle_value<nlohmann::detail::value_t>' requested here
[build]   551 |         auto val = handle_value(BasicJsonType::value_t::object, true);
[build]       |                    ^
[build] C:\Users\pperv\code\unnamed_rpg\vendor\json\include\nlohmann/detail/input/parser.hpp(199,56): note: in instantiation of member function 'nlohmann::detail::json_sax_dom_callback_parser<nlohmann::basic_json<>, nlohmann::detail::iterator_input_adapter<const char *>>::start_object' requested here
[build]   199 |                         if (JSON_HEDLEY_UNLIKELY(!sax->start_object(detail::unknown_size())))
[build]       |                                                        ^
[build] C:\Users\pperv\code\unnamed_rpg\vendor\json\include\nlohmann/thirdparty/hedley/hedley.hpp(1360,94): note: expanded from macro 'JSON_HEDLEY_UNLIKELY'
[build]  1360 | #  define JSON_HEDLEY_UNLIKELY(expr)                    __builtin_expect                 (!!(expr),    0                  )
[build]       |                                                                                              ^
[build] C:\Users\pperv\code\unnamed_rpg\vendor\json\include\nlohmann/detail/input/parser.hpp(100,13): note: in instantiation of function template specialization 'nlohmann::detail::parser<nlohmann::basic_json<>, nlohmann::detail::iterator_input_adapter<const char *>>::sax_parse_internal<nlohmann::detail::json_sax_dom_callback_parser<nlohmann::basic_json<>, nlohmann::detail::iterator_input_adapter<const char *>>>' requested here
[build]   100 |             sax_parse_internal(&sdp);
[build]       |             ^
[build] C:\Users\pperv\code\unnamed_rpg\vendor\json\include\nlohmann/json.hpp(4112,148): note: in instantiation of member function 'nlohmann::detail::parser<nlohmann::basic_json<>, nlohmann::detail::iterator_input_adapter<const char *>>::parse' requested here
[build]  4112 |         parser(detail::input_adapter(std::move(first), std::move(last)), std::move(cb), allow_exceptions, ignore_comments, ignore_trailing_commas).parse(true, result); // cppcheck-suppress[accessMoved]
[build]       |                                                                                                                                                    ^
[build] C:\Users\pperv\code\unnamed_rpg\vendor\json\include\nlohmann/json.hpp(5294,28): note: in instantiation of function template specialization 'nlohmann::basic_json<>::parse<const char *, const char *, 0>' requested here
[build]  5294 |     return nlohmann::json::parse(s, s + n);
[build]       |                            ^
[build] In file included from C:\Users\pperv\code\unnamed_rpg\vendor\json-schema-validator\src\json-schema-draft7.json.cpp:9:
[build] In file included from C:\Users\pperv\code\unnamed_rpg\vendor\json\include\nlohmann/json.hpp:55:
[build] C:\Users\pperv\code\unnamed_rpg\vendor\json\include\nlohmann/detail/iterators/iter_impl.hpp(102,33): warning: 'nullptr' is incompatible with C++98 [-Wc++98-compat]
[build]   102 |         JSON_ASSERT(m_object != nullptr);
[build]       |                                 ^
[build] C:\Users\pperv\code\unnamed_rpg\vendor\json\include\nlohmann/detail/iterators/iter_impl.hpp(106,18): warning: enumeration type in nested name specifier is incompatible with C++98 [-Wc++98-compat]
[build]   106 |             case value_t::object:
[build]       |                  ^
[build] C:\Users\pperv\code\unnamed_rpg\vendor\json\include\nlohmann/detail/input/json_sax.hpp(815,31): note: in instantiation of member function 'nlohmann::basic_json<>::begin' requested here
[build]   815 |         for (auto it = parent.begin(); it != parent.end(); ++it)
[build]       |                               ^
[build] C:\Users\pperv\code\unnamed_rpg\vendor\json\include\nlohmann/detail/input/json_sax.hpp(874,21): note: in instantiation of member function 'nlohmann::detail::json_sax_dom_callback_parser<nlohmann::basic_json<>, nlohmann::detail::iterator_input_adapter<const char *>>::remove_discarded_value' requested here
[build]   874 |                     remove_discarded_value(*ref_stack.back());
[build]       |                     ^
[build] C:\Users\pperv\code\unnamed_rpg\vendor\json\include\nlohmann/detail/input/json_sax.hpp(551,20): note: in instantiation of function template specialization 'nlohmann::detail::json_sax_dom_callback_parser<nlohmann::basic_json<>, nlohmann::detail::iterator_input_adapter<const char *>>::handle_value<nlohmann::detail::value_t>' requested here
[build]   551 |         auto val = handle_value(BasicJsonType::value_t::object, true);
[build]       |                    ^
[build] C:\Users\pperv\code\unnamed_rpg\vendor\json\include\nlohmann/detail/input/parser.hpp(199,56): note: in instantiation of member function 'nlohmann::detail::json_sax_dom_callback_parser<nlohmann::basic_json<>, nlohmann::detail::iterator_input_adapter<const char *>>::start_object' requested here
[build]   199 |                         if (JSON_HEDLEY_UNLIKELY(!sax->start_object(detail::unknown_size())))
[build]       |                                                        ^
[build] C:\Users\pperv\code\unnamed_rpg\vendor\json\include\nlohmann/thirdparty/hedley/hedley.hpp(1360,94): note: expanded from macro 'JSON_HEDLEY_UNLIKELY'
[build]  1360 | #  define JSON_HEDLEY_UNLIKELY(expr)                    __builtin_expect                 (!!(expr),    0                  )
[build]       |                                                                                              ^
[build] C:\Users\pperv\code\unnamed_rpg\vendor\json\include\nlohmann/detail/input/parser.hpp(100,13): note: in instantiation of function template specialization 'nlohmann::detail::parser<nlohmann::basic_json<>, nlohmann::detail::iterator_input_adapter<const char *>>::sax_parse_internal<nlohmann::detail::json_sax_dom_callback_parser<nlohmann::basic_json<>, nlohmann::detail::iterator_input_adapter<const char *>>>' requested here
[build]   100 |             sax_parse_internal(&sdp);
[build]       |             ^
[build] C:\Users\pperv\code\unnamed_rpg\vendor\json\include\nlohmann/json.hpp(4112,148): note: in instantiation of member function 'nlohmann::detail::parser<nlohmann::basic_json<>, nlohmann::detail::iterator_input_adapter<const char *>>::parse' requested here
[build]  4112 |         parser(detail::input_adapter(std::move(first), std::move(last)), std::move(cb), allow_exceptions, ignore_comments, ignore_trailing_commas).parse(true, result); // cppcheck-suppress[accessMoved]
[build]       |                                                                                                                                                    ^
[build] C:\Users\pperv\code\unnamed_rpg\vendor\json\include\nlohmann/json.hpp(5294,28): note: in instantiation of function template specialization 'nlohmann::basic_json<>::parse<const char *, const char *, 0>' requested here
[build]  5294 |     return nlohmann::json::parse(s, s + n);
[build]       |                            ^
[build] In file included from C:\Users\pperv\code\unnamed_rpg\vendor\json-schema-validator\src\json-schema-draft7.json.cpp:9:
[build] In file included from C:\Users\pperv\code\unnamed_rpg\vendor\json\include\nlohmann/json.hpp:55:
[build] C:\Users\pperv\code\unnamed_rpg\vendor\json\include\nlohmann/detail/iterators/iter_impl.hpp(112,18): warning: enumeration type in nested name specifier is incompatible with C++98 [-Wc++98-compat]
[build]   112 |             case value_t::array:
[build]       |                  ^
[build] C:\Users\pperv\code\unnamed_rpg\vendor\json\include\nlohmann/detail/iterators/iter_impl.hpp(118,18): warning: enumeration type in nested name specifier is incompatible with C++98 [-Wc++98-compat]
[build]   118 |             case value_t::null:
[build]       |                  ^
[build] C:\Users\pperv\code\unnamed_rpg\vendor\json\include\nlohmann/detail/iterators/iter_impl.hpp(119,18): warning: enumeration type in nested name specifier is incompatible with C++98 [-Wc++98-compat]
[build]   119 |             case value_t::string:
[build]       |                  ^
[build] C:\Users\pperv\code\unnamed_rpg\vendor\json\include\nlohmann/detail/iterators/iter_impl.hpp(120,18): warning: enumeration type in nested name specifier is incompatible with C++98 [-Wc++98-compat]
[build]   120 |             case value_t::boolean:
[build]       |                  ^
[build] C:\Users\pperv\code\unnamed_rpg\vendor\json\include\nlohmann/detail/iterators/iter_impl.hpp(121,18): warning: enumeration type in nested name specifier is incompatible with C++98 [-Wc++98-compat]
[build]   121 |             case value_t::number_integer:
[build]       |                  ^
[build] C:\Users\pperv\code\unnamed_rpg\vendor\json\include\nlohmann/detail/iterators/iter_impl.hpp(122,18): warning: enumeration type in nested name specifier is incompatible with C++98 [-Wc++98-compat]
[build]   122 |             case value_t::number_unsigned:
[build]       |                  ^
[build] C:\Users\pperv\code\unnamed_rpg\vendor\json\include\nlohmann/detail/iterators/iter_impl.hpp(123,18): warning: enumeration type in nested name specifier is incompatible with C++98 [-Wc++98-compat]
[build]   123 |             case value_t::number_float:
[build]       |                  ^
[build] C:\Users\pperv\code\unnamed_rpg\vendor\json\include\nlohmann/detail/iterators/iter_impl.hpp(124,18): warning: enumeration type in nested name specifier is incompatible with C++98 [-Wc++98-compat]
[build]   124 |             case value_t::binary:
[build]       |                  ^
[build] C:\Users\pperv\code\unnamed_rpg\vendor\json\include\nlohmann/detail/iterators/iter_impl.hpp(125,18): warning: enumeration type in nested name specifier is incompatible with C++98 [-Wc++98-compat]
[build]   125 |             case value_t::discarded:
[build]       |                  ^
[build] In file included from C:\Users\pperv\code\unnamed_rpg\vendor\json-schema-validator\src\json-schema-draft7.json.cpp:9:
[build] In file included from C:\Users\pperv\code\unnamed_rpg\vendor\json\include\nlohmann/json.hpp:54:
[build] C:\Users\pperv\code\unnamed_rpg\vendor\json\include\nlohmann/detail/iterators/internal_iterator.hpp(27,64): warning: constructor call from initializer list is incompatible with C++98 [-Wc++98-compat]
[build]    27 |     typename BasicJsonType::object_t::iterator object_iterator {};
[build]       |                                                                ^~
[build] C:\Users\pperv\code\unnamed_rpg\vendor\json\include\nlohmann/detail/iterators/iter_impl.hpp(756,78): note: in instantiation of default member initializer 'nlohmann::detail::internal_iterator<nlohmann::basic_json<>>::object_iterator' requested here
[build]   756 |     internal_iterator<typename std::remove_const<BasicJsonType>::type> m_it {};
[build]       |                                                                              ^
[build] C:\Users\pperv\code\unnamed_rpg\vendor\json\include\nlohmann/detail/iterators/iter_impl.hpp(100,14): note: in instantiation of default member initializer 'nlohmann::detail::iter_impl<nlohmann::basic_json<>>::m_it' requested here
[build]   100 |     explicit iter_impl(pointer object) noexcept : m_object(object)
[build]       |              ^
[build] C:\Users\pperv\code\unnamed_rpg\vendor\json\include\nlohmann/json.hpp(2841,18): note: in instantiation of member function 'nlohmann::detail::iter_impl<nlohmann::basic_json<>>::iter_impl' requested here
[build]  2841 |         iterator result(this);
[build]       |                  ^
[build] C:\Users\pperv\code\unnamed_rpg\vendor\json\include\nlohmann/detail/input/json_sax.hpp(815,31): note: in instantiation of member function 'nlohmann::basic_json<>::begin' requested here
[build]   815 |         for (auto it = parent.begin(); it != parent.end(); ++it)
[build]       |                               ^
[build] C:\Users\pperv\code\unnamed_rpg\vendor\json\include\nlohmann/detail/input/json_sax.hpp(874,21): note: in instantiation of member function 'nlohmann::detail::json_sax_dom_callback_parser<nlohmann::basic_json<>, nlohmann::detail::iterator_input_adapter<const char *>>::remove_discarded_value' requested here
[build]   874 |                     remove_discarded_value(*ref_stack.back());
[build]       |                     ^
[build] C:\Users\pperv\code\unnamed_rpg\vendor\json\include\nlohmann/detail/input/json_sax.hpp(551,20): note: in instantiation of function template specialization 'nlohmann::detail::json_sax_dom_callback_parser<nlohmann::basic_json<>, nlohmann::detail::iterator_input_adapter<const char *>>::handle_value<nlohmann::detail::value_t>' requested here
[build]   551 |         auto val = handle_value(BasicJsonType::value_t::object, true);
[build]       |                    ^
[build] C:\Users\pperv\code\unnamed_rpg\vendor\json\include\nlohmann/detail/input/parser.hpp(199,56): note: in instantiation of member function 'nlohmann::detail::json_sax_dom_callback_parser<nlohmann::basic_json<>, nlohmann::detail::iterator_input_adapter<const char *>>::start_object' requested here
[build]   199 |                         if (JSON_HEDLEY_UNLIKELY(!sax->start_object(detail::unknown_size())))
[build]       |                                                        ^
[build] C:\Users\pperv\code\unnamed_rpg\vendor\json\include\nlohmann/thirdparty/hedley/hedley.hpp(1360,94): note: expanded from macro 'JSON_HEDLEY_UNLIKELY'
[build]  1360 | #  define JSON_HEDLEY_UNLIKELY(expr)                    __builtin_expect                 (!!(expr),    0                  )
[build]       |                                                                                              ^
[build] C:\Users\pperv\code\unnamed_rpg\vendor\json\include\nlohmann/detail/input/parser.hpp(100,13): note: in instantiation of function template specialization 'nlohmann::detail::parser<nlohmann::basic_json<>, nlohmann::detail::iterator_input_adapter<const char *>>::sax_parse_internal<nlohmann::detail::json_sax_dom_callback_parser<nlohmann::basic_json<>, nlohmann::detail::iterator_input_adapter<const char *>>>' requested here
[build]   100 |             sax_parse_internal(&sdp);
[build]       |             ^
[build] C:\Users\pperv\code\unnamed_rpg\vendor\json\include\nlohmann/json.hpp(4112,148): note: in instantiation of member function 'nlohmann::detail::parser<nlohmann::basic_json<>, nlohmann::detail::iterator_input_adapter<const char *>>::parse' requested here
[build]  4112 |         parser(detail::input_adapter(std::move(first), std::move(last)), std::move(cb), allow_exceptions, ignore_comments, ignore_trailing_commas).parse(true, result); // cppcheck-suppress[accessMoved]
[build]       |                                                                                                                                                    ^
[build] C:\Users\pperv\code\unnamed_rpg\vendor\json\include\nlohmann/json.hpp(5294,28): note: in instantiation of function template specialization 'nlohmann::basic_json<>::parse<const char *, const char *, 0>' requested here
[build]  5294 |     return nlohmann::json::parse(s, s + n);
[build]       |                            ^
[build] In file included from C:\Users\pperv\code\unnamed_rpg\vendor\json-schema-validator\src\json-schema-draft7.json.cpp:9:
[build] In file included from C:\Users\pperv\code\unnamed_rpg\vendor\json\include\nlohmann/json.hpp:54:
[build] C:\Users\pperv\code\unnamed_rpg\vendor\json\include\nlohmann/detail/iterators/internal_iterator.hpp(29,62): warning: constructor call from initializer list is incompatible with C++98 [-Wc++98-compat]
[build]    29 |     typename BasicJsonType::array_t::iterator array_iterator {};
[build]       |                                                              ^~
[build] C:\Users\pperv\code\unnamed_rpg\vendor\json\include\nlohmann/detail/iterators/iter_impl.hpp(756,78): note: in instantiation of default member initializer 'nlohmann::detail::internal_iterator<nlohmann::basic_json<>>::array_iterator' requested here
[build]   756 |     internal_iterator<typename std::remove_const<BasicJsonType>::type> m_it {};
[build]       |                                                                              ^
[build] C:\Users\pperv\code\unnamed_rpg\vendor\json\include\nlohmann/detail/iterators/iter_impl.hpp(100,14): note: in instantiation of default member initializer 'nlohmann::detail::iter_impl<nlohmann::basic_json<>>::m_it' requested here
[build]   100 |     explicit iter_impl(pointer object) noexcept : m_object(object)
[build]       |              ^
[build] C:\Users\pperv\code\unnamed_rpg\vendor\json\include\nlohmann/json.hpp(2841,18): note: in instantiation of member function 'nlohmann::detail::iter_impl<nlohmann::basic_json<>>::iter_impl' requested here
[build]  2841 |         iterator result(this);
[build]       |                  ^
[build] C:\Users\pperv\code\unnamed_rpg\vendor\json\include\nlohmann/detail/input/json_sax.hpp(815,31): note: in instantiation of member function 'nlohmann::basic_json<>::begin' requested here
[build]   815 |         for (auto it = parent.begin(); it != parent.end(); ++it)
[build]       |                               ^
[build] C:\Users\pperv\code\unnamed_rpg\vendor\json\include\nlohmann/detail/input/json_sax.hpp(874,21): note: in instantiation of member function 'nlohmann::detail::json_sax_dom_callback_parser<nlohmann::basic_json<>, nlohmann::detail::iterator_input_adapter<const char *>>::remove_discarded_value' requested here
[build]   874 |                     remove_discarded_value(*ref_stack.back());
[build]       |                     ^
[build] C:\Users\pperv\code\unnamed_rpg\vendor\json\include\nlohmann/detail/input/json_sax.hpp(551,20): note: in instantiation of function template specialization 'nlohmann::detail::json_sax_dom_callback_parser<nlohmann::basic_json<>, nlohmann::detail::iterator_input_adapter<const char *>>::handle_value<nlohmann::detail::value_t>' requested here
[build]   551 |         auto val = handle_value(BasicJsonType::value_t::object, true);
[build]       |                    ^
[build] C:\Users\pperv\code\unnamed_rpg\vendor\json\include\nlohmann/detail/input/parser.hpp(199,56): note: in instantiation of member function 'nlohmann::detail::json_sax_dom_callback_parser<nlohmann::basic_json<>, nlohmann::detail::iterator_input_adapter<const char *>>::start_object' requested here
[build]   199 |                         if (JSON_HEDLEY_UNLIKELY(!sax->start_object(detail::unknown_size())))
[build]       |                                                        ^
[build] C:\Users\pperv\code\unnamed_rpg\vendor\json\include\nlohmann/thirdparty/hedley/hedley.hpp(1360,94): note: expanded from macro 'JSON_HEDLEY_UNLIKELY'
[build]  1360 | #  define JSON_HEDLEY_UNLIKELY(expr)                    __builtin_expect                 (!!(expr),    0                  )
[build]       |                                                                                              ^
[build] C:\Users\pperv\code\unnamed_rpg\vendor\json\include\nlohmann/detail/input/parser.hpp(100,13): note: in instantiation of function template specialization 'nlohmann::detail::parser<nlohmann::basic_json<>, nlohmann::detail::iterator_input_adapter<const char *>>::sax_parse_internal<nlohmann::detail::json_sax_dom_callback_parser<nlohmann::basic_json<>, nlohmann::detail::iterator_input_adapter<const char *>>>' requested here
[build]   100 |             sax_parse_internal(&sdp);
[build]       |             ^
[build] C:\Users\pperv\code\unnamed_rpg\vendor\json\include\nlohmann/json.hpp(4112,148): note: in instantiation of member function 'nlohmann::detail::parser<nlohmann::basic_json<>, nlohmann::detail::iterator_input_adapter<const char *>>::parse' requested here
[build]  4112 |         parser(detail::input_adapter(std::move(first), std::move(last)), std::move(cb), allow_exceptions, ignore_comments, ignore_trailing_commas).parse(true, result); // cppcheck-suppress[accessMoved]
[build]       |                                                                                                                                                    ^
[build] C:\Users\pperv\code\unnamed_rpg\vendor\json\include\nlohmann/json.hpp(5294,28): note: in instantiation of function template specialization 'nlohmann::basic_json<>::parse<const char *, const char *, 0>' requested here
[build]  5294 |     return nlohmann::json::parse(s, s + n);
[build]       |                            ^
[build] In file included from C:\Users\pperv\code\unnamed_rpg\vendor\json-schema-validator\src\json-schema-draft7.json.cpp:9:
[build] In file included from C:\Users\pperv\code\unnamed_rpg\vendor\json\include\nlohmann/json.hpp:54:
[build] C:\Users\pperv\code\unnamed_rpg\vendor\json\include\nlohmann/detail/iterators/internal_iterator.hpp(31,45): warning: constructor call from initializer list is incompatible with C++98 [-Wc++98-compat]
[build]    31 |     primitive_iterator_t primitive_iterator {};
[build]       |                                             ^~
[build] C:\Users\pperv\code\unnamed_rpg\vendor\json\include\nlohmann/detail/iterators/iter_impl.hpp(756,78): note: in instantiation of default member initializer 'nlohmann::detail::internal_iterator<nlohmann::basic_json<>>::primitive_iterator' requested here
[build]   756 |     internal_iterator<typename std::remove_const<BasicJsonType>::type> m_it {};
[build]       |                                                                              ^
[build] C:\Users\pperv\code\unnamed_rpg\vendor\json\include\nlohmann/detail/iterators/iter_impl.hpp(100,14): note: in instantiation of default member initializer 'nlohmann::detail::iter_impl<nlohmann::basic_json<>>::m_it' requested here
[build]   100 |     explicit iter_impl(pointer object) noexcept : m_object(object)
[build]       |              ^
[build] C:\Users\pperv\code\unnamed_rpg\vendor\json\include\nlohmann/json.hpp(2841,18): note: in instantiation of member function 'nlohmann::detail::iter_impl<nlohmann::basic_json<>>::iter_impl' requested here
[build]  2841 |         iterator result(this);
[build]       |                  ^
[build] C:\Users\pperv\code\unnamed_rpg\vendor\json\include\nlohmann/detail/input/json_sax.hpp(815,31): note: in instantiation of member function 'nlohmann::basic_json<>::begin' requested here
[build]   815 |         for (auto it = parent.begin(); it != parent.end(); ++it)
[build]       |                               ^
[build] C:\Users\pperv\code\unnamed_rpg\vendor\json\include\nlohmann/detail/input/json_sax.hpp(874,21): note: in instantiation of member function 'nlohmann::detail::json_sax_dom_callback_parser<nlohmann::basic_json<>, nlohmann::detail::iterator_input_adapter<const char *>>::remove_discarded_value' requested here
[build]   874 |                     remove_discarded_value(*ref_stack.back());
[build]       |                     ^
[build] C:\Users\pperv\code\unnamed_rpg\vendor\json\include\nlohmann/detail/input/json_sax.hpp(551,20): note: in instantiation of function template specialization 'nlohmann::detail::json_sax_dom_callback_parser<nlohmann::basic_json<>, nlohmann::detail::iterator_input_adapter<const char *>>::handle_value<nlohmann::detail::value_t>' requested here
[build]   551 |         auto val = handle_value(BasicJsonType::value_t::object, true);
[build]       |                    ^
[build] C:\Users\pperv\code\unnamed_rpg\vendor\json\include\nlohmann/detail/input/parser.hpp(199,56): note: in instantiation of member function 'nlohmann::detail::json_sax_dom_callback_parser<nlohmann::basic_json<>, nlohmann::detail::iterator_input_adapter<const char *>>::start_object' requested here
[build]   199 |                         if (JSON_HEDLEY_UNLIKELY(!sax->start_object(detail::unknown_size())))
[build]       |                                                        ^
[build] C:\Users\pperv\code\unnamed_rpg\vendor\json\include\nlohmann/thirdparty/hedley/hedley.hpp(1360,94): note: expanded from macro 'JSON_HEDLEY_UNLIKELY'
[build]  1360 | #  define JSON_HEDLEY_UNLIKELY(expr)                    __builtin_expect                 (!!(expr),    0                  )
[build]       |                                                                                              ^
[build] C:\Users\pperv\code\unnamed_rpg\vendor\json\include\nlohmann/detail/input/parser.hpp(100,13): note: in instantiation of function template specialization 'nlohmann::detail::parser<nlohmann::basic_json<>, nlohmann::detail::iterator_input_adapter<const char *>>::sax_parse_internal<nlohmann::detail::json_sax_dom_callback_parser<nlohmann::basic_json<>, nlohmann::detail::iterator_input_adapter<const char *>>>' requested here
[build]   100 |             sax_parse_internal(&sdp);
[build]       |             ^
[build] C:\Users\pperv\code\unnamed_rpg\vendor\json\include\nlohmann/json.hpp(4112,148): note: in instantiation of member function 'nlohmann::detail::parser<nlohmann::basic_json<>, nlohmann::detail::iterator_input_adapter<const char *>>::parse' requested here
[build]  4112 |         parser(detail::input_adapter(std::move(first), std::move(last)), std::move(cb), allow_exceptions, ignore_comments, ignore_trailing_commas).parse(true, result); // cppcheck-suppress[accessMoved]
[build]       |                                                                                                                                                    ^
[build] C:\Users\pperv\code\unnamed_rpg\vendor\json\include\nlohmann/json.hpp(5294,28): note: in instantiation of function template specialization 'nlohmann::basic_json<>::parse<const char *, const char *, 0>' requested here
[build]  5294 |     return nlohmann::json::parse(s, s + n);
[build]       |                            ^
[build] In file included from C:\Users\pperv\code\unnamed_rpg\vendor\json-schema-validator\src\json-schema-draft7.json.cpp:9:
[build] In file included from C:\Users\pperv\code\unnamed_rpg\vendor\json\include\nlohmann/json.hpp:55:
[build] C:\Users\pperv\code\unnamed_rpg\vendor\json\include\nlohmann/detail/iterators/iter_impl.hpp(106,18): warning: enumeration type in nested name specifier is incompatible with C++98 [-Wc++98-compat]
[build]   106 |             case value_t::object:
[build]       |                  ^
[build] C:\Users\pperv\code\unnamed_rpg\vendor\json\include\nlohmann/json.hpp(2841,18): note: in instantiation of member function 'nlohmann::detail::iter_impl<nlohmann::basic_json<>>::iter_impl' requested here
[build]  2841 |         iterator result(this);
[build]       |                  ^
[build] C:\Users\pperv\code\unnamed_rpg\vendor\json\include\nlohmann/detail/input/json_sax.hpp(815,31): note: in instantiation of member function 'nlohmann::basic_json<>::begin' requested here
[build]   815 |         for (auto it = parent.begin(); it != parent.end(); ++it)
[build]       |                               ^
[build] C:\Users\pperv\code\unnamed_rpg\vendor\json\include\nlohmann/detail/input/json_sax.hpp(874,21): note: in instantiation of member function 'nlohmann::detail::json_sax_dom_callback_parser<nlohmann::basic_json<>, nlohmann::detail::iterator_input_adapter<const char *>>::remove_discarded_value' requested here
[build]   874 |                     remove_discarded_value(*ref_stack.back());
[build]       |                     ^
[build] C:\Users\pperv\code\unnamed_rpg\vendor\json\include\nlohmann/detail/input/json_sax.hpp(551,20): note: in instantiation of function template specialization 'nlohmann::detail::json_sax_dom_callback_parser<nlohmann::basic_json<>, nlohmann::detail::iterator_input_adapter<const char *>>::handle_value<nlohmann::detail::value_t>' requested here
[build]   551 |         auto val = handle_value(BasicJsonType::value_t::object, true);
[build]       |                    ^
[build] C:\Users\pperv\code\unnamed_rpg\vendor\json\include\nlohmann/detail/input/parser.hpp(199,56): note: in instantiation of member function 'nlohmann::detail::json_sax_dom_callback_parser<nlohmann::basic_json<>, nlohmann::detail::iterator_input_adapter<const char *>>::start_object' requested here
[build]   199 |                         if (JSON_HEDLEY_UNLIKELY(!sax->start_object(detail::unknown_size())))
[build]       |                                                        ^
[build] C:\Users\pperv\code\unnamed_rpg\vendor\json\include\nlohmann/thirdparty/hedley/hedley.hpp(1360,94): note: expanded from macro 'JSON_HEDLEY_UNLIKELY'
[build]  1360 | #  define JSON_HEDLEY_UNLIKELY(expr)                    __builtin_expect                 (!!(expr),    0                  )
[build]       |                                                                                              ^
[build] C:\Users\pperv\code\unnamed_rpg\vendor\json\include\nlohmann/detail/input/parser.hpp(100,13): note: in instantiation of function template specialization 'nlohmann::detail::parser<nlohmann::basic_json<>, nlohmann::detail::iterator_input_adapter<const char *>>::sax_parse_internal<nlohmann::detail::json_sax_dom_callback_parser<nlohmann::basic_json<>, nlohmann::detail::iterator_input_adapter<const char *>>>' requested here
[build]   100 |             sax_parse_internal(&sdp);
[build]       |             ^
[build] C:\Users\pperv\code\unnamed_rpg\vendor\json\include\nlohmann/json.hpp(4112,148): note: in instantiation of member function 'nlohmann::detail::parser<nlohmann::basic_json<>, nlohmann::detail::iterator_input_adapter<const char *>>::parse' requested here
[build]  4112 |         parser(detail::input_adapter(std::move(first), std::move(last)), std::move(cb), allow_exceptions, ignore_comments, ignore_trailing_commas).parse(true, result); // cppcheck-suppress[accessMoved]
[build]       |                                                                                                                                                    ^
[build] C:\Users\pperv\code\unnamed_rpg\vendor\json\include\nlohmann/json.hpp(5294,28): note: in instantiation of function template specialization 'nlohmann::basic_json<>::parse<const char *, const char *, 0>' requested here
[build]  5294 |     return nlohmann::json::parse(s, s + n);
[build]       |                            ^
[build] In file included from C:\Users\pperv\code\unnamed_rpg\vendor\json-schema-validator\src\json-schema-draft7.json.cpp:9:
[build] In file included from C:\Users\pperv\code\unnamed_rpg\vendor\json\include\nlohmann/json.hpp:55:
[build] C:\Users\pperv\code\unnamed_rpg\vendor\json\include\nlohmann/detail/iterators/iter_impl.hpp(112,18): warning: enumeration type in nested name specifier is incompatible with C++98 [-Wc++98-compat]
[build]   112 |             case value_t::array:
[build]       |                  ^
[build] C:\Users\pperv\code\unnamed_rpg\vendor\json\include\nlohmann/detail/iterators/iter_impl.hpp(118,18): warning: enumeration type in nested name specifier is incompatible with C++98 [-Wc++98-compat]
[build]   118 |             case value_t::null:
[build]       |                  ^
[build] C:\Users\pperv\code\unnamed_rpg\vendor\json\include\nlohmann/detail/iterators/iter_impl.hpp(119,18): warning: enumeration type in nested name specifier is incompatible with C++98 [-Wc++98-compat]
[build]   119 |             case value_t::string:
[build]       |                  ^
[build] C:\Users\pperv\code\unnamed_rpg\vendor\json\include\nlohmann/detail/iterators/iter_impl.hpp(120,18): warning: enumeration type in nested name specifier is incompatible with C++98 [-Wc++98-compat]
[build]   120 |             case value_t::boolean:
[build]       |                  ^
[build] C:\Users\pperv\code\unnamed_rpg\vendor\json\include\nlohmann/detail/iterators/iter_impl.hpp(121,18): warning: enumeration type in nested name specifier is incompatible with C++98 [-Wc++98-compat]
[build]   121 |             case value_t::number_integer:
[build]       |                  ^
[build] C:\Users\pperv\code\unnamed_rpg\vendor\json\include\nlohmann/detail/iterators/iter_impl.hpp(122,18): warning: enumeration type in nested name specifier is incompatible with C++98 [-Wc++98-compat]
[build]   122 |             case value_t::number_unsigned:
[build]       |                  ^
[build] C:\Users\pperv\code\unnamed_rpg\vendor\json\include\nlohmann/detail/iterators/iter_impl.hpp(123,18): warning: enumeration type in nested name specifier is incompatible with C++98 [-Wc++98-compat]
[build]   123 |             case value_t::number_float:
[build]       |                  ^
[build] C:\Users\pperv\code\unnamed_rpg\vendor\json\include\nlohmann/detail/iterators/iter_impl.hpp(124,18): warning: enumeration type in nested name specifier is incompatible with C++98 [-Wc++98-compat]
[build]   124 |             case value_t::binary:
[build]       |                  ^
[build] C:\Users\pperv\code\unnamed_rpg\vendor\json\include\nlohmann/detail/iterators/iter_impl.hpp(125,18): warning: enumeration type in nested name specifier is incompatible with C++98 [-Wc++98-compat]
[build]   125 |             case value_t::discarded:
[build]       |                  ^
[build] C:\Users\pperv\code\unnamed_rpg\vendor\json\include\nlohmann/detail/iterators/iter_impl.hpp(126,13): warning: default label in switch which covers all enumeration values [-Wcovered-switch-default]
[build]   126 |             default:
[build]       |             ^
[build] C:\Users\pperv\code\unnamed_rpg\vendor\json\include\nlohmann/detail/iterators/iter_impl.hpp(199,33): warning: 'nullptr' is incompatible with C++98 [-Wc++98-compat]
[build]   199 |         JSON_ASSERT(m_object != nullptr);
[build]       |                                 ^
[build] C:\Users\pperv\code\unnamed_rpg\vendor\json\include\nlohmann/detail/iterators/iter_impl.hpp(203,18): warning: enumeration type in nested name specifier is incompatible with C++98 [-Wc++98-compat]
[build]   203 |             case value_t::object:
[build]       |                  ^
[build] C:\Users\pperv\code\unnamed_rpg\vendor\json\include\nlohmann/detail/input/json_sax.hpp(815,31): note: in instantiation of member function 'nlohmann::basic_json<>::begin' requested here
[build]   815 |         for (auto it = parent.begin(); it != parent.end(); ++it)
[build]       |                               ^
[build] C:\Users\pperv\code\unnamed_rpg\vendor\json\include\nlohmann/detail/input/json_sax.hpp(874,21): note: in instantiation of member function 'nlohmann::detail::json_sax_dom_callback_parser<nlohmann::basic_json<>, nlohmann::detail::iterator_input_adapter<const char *>>::remove_discarded_value' requested here
[build]   874 |                     remove_discarded_value(*ref_stack.back());
[build]       |                     ^
[build] C:\Users\pperv\code\unnamed_rpg\vendor\json\include\nlohmann/detail/input/json_sax.hpp(551,20): note: in instantiation of function template specialization 'nlohmann::detail::json_sax_dom_callback_parser<nlohmann::basic_json<>, nlohmann::detail::iterator_input_adapter<const char *>>::handle_value<nlohmann::detail::value_t>' requested here
[build]   551 |         auto val = handle_value(BasicJsonType::value_t::object, true);
[build]       |                    ^
[build] C:\Users\pperv\code\unnamed_rpg\vendor\json\include\nlohmann/detail/input/parser.hpp(199,56): note: in instantiation of member function 'nlohmann::detail::json_sax_dom_callback_parser<nlohmann::basic_json<>, nlohmann::detail::iterator_input_adapter<const char *>>::start_object' requested here
[build]   199 |                         if (JSON_HEDLEY_UNLIKELY(!sax->start_object(detail::unknown_size())))
[build]       |                                                        ^
[build] C:\Users\pperv\code\unnamed_rpg\vendor\json\include\nlohmann/thirdparty/hedley/hedley.hpp(1360,94): note: expanded from macro 'JSON_HEDLEY_UNLIKELY'
[build]  1360 | #  define JSON_HEDLEY_UNLIKELY(expr)                    __builtin_expect                 (!!(expr),    0                  )
[build]       |                                                                                              ^
[build] C:\Users\pperv\code\unnamed_rpg\vendor\json\include\nlohmann/detail/input/parser.hpp(100,13): note: in instantiation of function template specialization 'nlohmann::detail::parser<nlohmann::basic_json<>, nlohmann::detail::iterator_input_adapter<const char *>>::sax_parse_internal<nlohmann::detail::json_sax_dom_callback_parser<nlohmann::basic_json<>, nlohmann::detail::iterator_input_adapter<const char *>>>' requested here
[build]   100 |             sax_parse_internal(&sdp);
[build]       |             ^
[build] C:\Users\pperv\code\unnamed_rpg\vendor\json\include\nlohmann/json.hpp(4112,148): note: in instantiation of member function 'nlohmann::detail::parser<nlohmann::basic_json<>, nlohmann::detail::iterator_input_adapter<const char *>>::parse' requested here
[build]  4112 |         parser(detail::input_adapter(std::move(first), std::move(last)), std::move(cb), allow_exceptions, ignore_comments, ignore_trailing_commas).parse(true, result); // cppcheck-suppress[accessMoved]
[build]       |                                                                                                                                                    ^
[build] C:\Users\pperv\code\unnamed_rpg\vendor\json\include\nlohmann/json.hpp(5294,28): note: in instantiation of function template specialization 'nlohmann::basic_json<>::parse<const char *, const char *, 0>' requested here
[build]  5294 |     return nlohmann::json::parse(s, s + n);
[build]       |                            ^
[build] In file included from C:\Users\pperv\code\unnamed_rpg\vendor\json-schema-validator\src\json-schema-draft7.json.cpp:9:
[build] In file included from C:\Users\pperv\code\unnamed_rpg\vendor\json\include\nlohmann/json.hpp:55:
[build] C:\Users\pperv\code\unnamed_rpg\vendor\json\include\nlohmann/detail/iterators/iter_impl.hpp(209,18): warning: enumeration type in nested name specifier is incompatible with C++98 [-Wc++98-compat]
[build]   209 |             case value_t::array:
[build]       |                  ^
[build] C:\Users\pperv\code\unnamed_rpg\vendor\json\include\nlohmann/detail/iterators/iter_impl.hpp(215,18): warning: enumeration type in nested name specifier is incompatible with C++98 [-Wc++98-compat]
[build]   215 |             case value_t::null:
[build]       |                  ^
[build] C:\Users\pperv\code\unnamed_rpg\vendor\json\include\nlohmann/detail/iterators/iter_impl.hpp(222,18): warning: enumeration type in nested name specifier is incompatible with C++98 [-Wc++98-compat]
[build]   222 |             case value_t::string:
[build]       |                  ^
[build] C:\Users\pperv\code\unnamed_rpg\vendor\json\include\nlohmann/detail/iterators/iter_impl.hpp(223,18): warning: enumeration type in nested name specifier is incompatible with C++98 [-Wc++98-compat]
[build]   223 |             case value_t::boolean:
[build]       |                  ^
[build] C:\Users\pperv\code\unnamed_rpg\vendor\json\include\nlohmann/detail/iterators/iter_impl.hpp(224,18): warning: enumeration type in nested name specifier is incompatible with C++98 [-Wc++98-compat]
[build]   224 |             case value_t::number_integer:
[build]       |                  ^
[build] C:\Users\pperv\code\unnamed_rpg\vendor\json\include\nlohmann/detail/iterators/iter_impl.hpp(225,18): warning: enumeration type in nested name specifier is incompatible with C++98 [-Wc++98-compat]
[build]   225 |             case value_t::number_unsigned:
[build]       |                  ^
[build] C:\Users\pperv\code\unnamed_rpg\vendor\json\include\nlohmann/detail/iterators/iter_impl.hpp(226,18): warning: enumeration type in nested name specifier is incompatible with C++98 [-Wc++98-compat]
[build]   226 |             case value_t::number_float:
[build]       |                  ^
[build] C:\Users\pperv\code\unnamed_rpg\vendor\json\include\nlohmann/detail/iterators/iter_impl.hpp(227,18): warning: enumeration type in nested name specifier is incompatible with C++98 [-Wc++98-compat]
[build]   227 |             case value_t::binary:
[build]       |                  ^
[build] C:\Users\pperv\code\unnamed_rpg\vendor\json\include\nlohmann/detail/iterators/iter_impl.hpp(228,18): warning: enumeration type in nested name specifier is incompatible with C++98 [-Wc++98-compat]
[build]   228 |             case value_t::discarded:
[build]       |                  ^
[build] C:\Users\pperv\code\unnamed_rpg\vendor\json\include\nlohmann/detail/iterators/iter_impl.hpp(203,18): warning: enumeration type in nested name specifier is incompatible with C++98 [-Wc++98-compat]
[build]   203 |             case value_t::object:
[build]       |                  ^
[build] C:\Users\pperv\code\unnamed_rpg\vendor\json\include\nlohmann/json.hpp(2842,16): note: in instantiation of member function 'nlohmann::detail::iter_impl<nlohmann::basic_json<>>::set_begin' requested here
[build]  2842 |         result.set_begin();
[build]       |                ^
[build] C:\Users\pperv\code\unnamed_rpg\vendor\json\include\nlohmann/detail/input/json_sax.hpp(815,31): note: in instantiation of member function 'nlohmann::basic_json<>::begin' requested here
[build]   815 |         for (auto it = parent.begin(); it != parent.end(); ++it)
[build]       |                               ^
[build] C:\Users\pperv\code\unnamed_rpg\vendor\json\include\nlohmann/detail/input/json_sax.hpp(874,21): note: in instantiation of member function 'nlohmann::detail::json_sax_dom_callback_parser<nlohmann::basic_json<>, nlohmann::detail::iterator_input_adapter<const char *>>::remove_discarded_value' requested here
[build]   874 |                     remove_discarded_value(*ref_stack.back());
[build]       |                     ^
[build] C:\Users\pperv\code\unnamed_rpg\vendor\json\include\nlohmann/detail/input/json_sax.hpp(551,20): note: in instantiation of function template specialization 'nlohmann::detail::json_sax_dom_callback_parser<nlohmann::basic_json<>, nlohmann::detail::iterator_input_adapter<const char *>>::handle_value<nlohmann::detail::value_t>' requested here
[build]   551 |         auto val = handle_value(BasicJsonType::value_t::object, true);
[build]       |                    ^
[build] C:\Users\pperv\code\unnamed_rpg\vendor\json\include\nlohmann/detail/input/parser.hpp(199,56): note: in instantiation of member function 'nlohmann::detail::json_sax_dom_callback_parser<nlohmann::basic_json<>, nlohmann::detail::iterator_input_adapter<const char *>>::start_object' requested here
[build]   199 |                         if (JSON_HEDLEY_UNLIKELY(!sax->start_object(detail::unknown_size())))
[build]       |                                                        ^
[build] C:\Users\pperv\code\unnamed_rpg\vendor\json\include\nlohmann/thirdparty/hedley/hedley.hpp(1360,94): note: expanded from macro 'JSON_HEDLEY_UNLIKELY'
[build]  1360 | #  define JSON_HEDLEY_UNLIKELY(expr)                    __builtin_expect                 (!!(expr),    0                  )
[build]       |                                                                                              ^
[build] C:\Users\pperv\code\unnamed_rpg\vendor\json\include\nlohmann/detail/input/parser.hpp(100,13): note: in instantiation of function template specialization 'nlohmann::detail::parser<nlohmann::basic_json<>, nlohmann::detail::iterator_input_adapter<const char *>>::sax_parse_internal<nlohmann::detail::json_sax_dom_callback_parser<nlohmann::basic_json<>, nlohmann::detail::iterator_input_adapter<const char *>>>' requested here
[build]   100 |             sax_parse_internal(&sdp);
[build]       |             ^
[build] C:\Users\pperv\code\unnamed_rpg\vendor\json\include\nlohmann/json.hpp(4112,148): note: in instantiation of member function 'nlohmann::detail::parser<nlohmann::basic_json<>, nlohmann::detail::iterator_input_adapter<const char *>>::parse' requested here
[build]  4112 |         parser(detail::input_adapter(std::move(first), std::move(last)), std::move(cb), allow_exceptions, ignore_comments, ignore_trailing_commas).parse(true, result); // cppcheck-suppress[accessMoved]
[build]       |                                                                                                                                                    ^
[build] C:\Users\pperv\code\unnamed_rpg\vendor\json\include\nlohmann/json.hpp(5294,28): note: in instantiation of function template specialization 'nlohmann::basic_json<>::parse<const char *, const char *, 0>' requested here
[build]  5294 |     return nlohmann::json::parse(s, s + n);
[build]       |                            ^
[build] In file included from C:\Users\pperv\code\unnamed_rpg\vendor\json-schema-validator\src\json-schema-draft7.json.cpp:9:
[build] In file included from C:\Users\pperv\code\unnamed_rpg\vendor\json\include\nlohmann/json.hpp:55:
[build] C:\Users\pperv\code\unnamed_rpg\vendor\json\include\nlohmann/detail/iterators/iter_impl.hpp(209,18): warning: enumeration type in nested name specifier is incompatible with C++98 [-Wc++98-compat]
[build]   209 |             case value_t::array:
[build]       |                  ^
[build] C:\Users\pperv\code\unnamed_rpg\vendor\json\include\nlohmann/detail/iterators/iter_impl.hpp(215,18): warning: enumeration type in nested name specifier is incompatible with C++98 [-Wc++98-compat]
[build]   215 |             case value_t::null:
[build]       |                  ^
[build] C:\Users\pperv\code\unnamed_rpg\vendor\json\include\nlohmann/detail/iterators/iter_impl.hpp(222,18): warning: enumeration type in nested name specifier is incompatible with C++98 [-Wc++98-compat]
[build]   222 |             case value_t::string:
[build]       |                  ^
[build] C:\Users\pperv\code\unnamed_rpg\vendor\json\include\nlohmann/detail/iterators/iter_impl.hpp(223,18): warning: enumeration type in nested name specifier is incompatible with C++98 [-Wc++98-compat]
[build]   223 |             case value_t::boolean:
[build]       |                  ^
[build] C:\Users\pperv\code\unnamed_rpg\vendor\json\include\nlohmann/detail/iterators/iter_impl.hpp(224,18): warning: enumeration type in nested name specifier is incompatible with C++98 [-Wc++98-compat]
[build]   224 |             case value_t::number_integer:
[build]       |                  ^
[build] C:\Users\pperv\code\unnamed_rpg\vendor\json\include\nlohmann/detail/iterators/iter_impl.hpp(225,18): warning: enumeration type in nested name specifier is incompatible with C++98 [-Wc++98-compat]
[build]   225 |             case value_t::number_unsigned:
[build]       |                  ^
[build] C:\Users\pperv\code\unnamed_rpg\vendor\json\include\nlohmann/detail/iterators/iter_impl.hpp(226,18): warning: enumeration type in nested name specifier is incompatible with C++98 [-Wc++98-compat]
[build]   226 |             case value_t::number_float:
[build]       |                  ^
[build] C:\Users\pperv\code\unnamed_rpg\vendor\json\include\nlohmann/detail/iterators/iter_impl.hpp(227,18): warning: enumeration type in nested name specifier is incompatible with C++98 [-Wc++98-compat]
[build]   227 |             case value_t::binary:
[build]       |                  ^
[build] C:\Users\pperv\code\unnamed_rpg\vendor\json\include\nlohmann/detail/iterators/iter_impl.hpp(228,18): warning: enumeration type in nested name specifier is incompatible with C++98 [-Wc++98-compat]
[build]   228 |             case value_t::discarded:
[build]       |                  ^
[build] C:\Users\pperv\code\unnamed_rpg\vendor\json\include\nlohmann/detail/iterators/iter_impl.hpp(229,13): warning: default label in switch which covers all enumeration values [-Wcovered-switch-default]
[build]   229 |             default:
[build]       |             ^
[build] C:\Users\pperv\code\unnamed_rpg\vendor\json\include\nlohmann/detail/iterators/iter_impl.hpp(243,33): warning: 'nullptr' is incompatible with C++98 [-Wc++98-compat]
[build]   243 |         JSON_ASSERT(m_object != nullptr);
[build]       |                                 ^
[build] C:\Users\pperv\code\unnamed_rpg\vendor\json\include\nlohmann/detail/iterators/iter_impl.hpp(247,18): warning: enumeration type in nested name specifier is incompatible with C++98 [-Wc++98-compat]
[build]   247 |             case value_t::object:
[build]       |                  ^
[build] C:\Users\pperv\code\unnamed_rpg\vendor\json\include\nlohmann/detail/input/json_sax.hpp(815,53): note: in instantiation of member function 'nlohmann::basic_json<>::end' requested here
[build]   815 |         for (auto it = parent.begin(); it != parent.end(); ++it)
[build]       |                                                     ^
[build] C:\Users\pperv\code\unnamed_rpg\vendor\json\include\nlohmann/detail/input/json_sax.hpp(874,21): note: in instantiation of member function 'nlohmann::detail::json_sax_dom_callback_parser<nlohmann::basic_json<>, nlohmann::detail::iterator_input_adapter<const char *>>::remove_discarded_value' requested here
[build]   874 |                     remove_discarded_value(*ref_stack.back());
[build]       |                     ^
[build] C:\Users\pperv\code\unnamed_rpg\vendor\json\include\nlohmann/detail/input/json_sax.hpp(551,20): note: in instantiation of function template specialization 'nlohmann::detail::json_sax_dom_callback_parser<nlohmann::basic_json<>, nlohmann::detail::iterator_input_adapter<const char *>>::handle_value<nlohmann::detail::value_t>' requested here
[build]   551 |         auto val = handle_value(BasicJsonType::value_t::object, true);
[build]       |                    ^
[build] C:\Users\pperv\code\unnamed_rpg\vendor\json\include\nlohmann/detail/input/parser.hpp(199,56): note: in instantiation of member function 'nlohmann::detail::json_sax_dom_callback_parser<nlohmann::basic_json<>, nlohmann::detail::iterator_input_adapter<const char *>>::start_object' requested here
[build]   199 |                         if (JSON_HEDLEY_UNLIKELY(!sax->start_object(detail::unknown_size())))
[build]       |                                                        ^
[build] C:\Users\pperv\code\unnamed_rpg\vendor\json\include\nlohmann/thirdparty/hedley/hedley.hpp(1360,94): note: expanded from macro 'JSON_HEDLEY_UNLIKELY'
[build]  1360 | #  define JSON_HEDLEY_UNLIKELY(expr)                    __builtin_expect                 (!!(expr),    0                  )
[build]       |                                                                                              ^
[build] C:\Users\pperv\code\unnamed_rpg\vendor\json\include\nlohmann/detail/input/parser.hpp(100,13): note: in instantiation of function template specialization 'nlohmann::detail::parser<nlohmann::basic_json<>, nlohmann::detail::iterator_input_adapter<const char *>>::sax_parse_internal<nlohmann::detail::json_sax_dom_callback_parser<nlohmann::basic_json<>, nlohmann::detail::iterator_input_adapter<const char *>>>' requested here
[build]   100 |             sax_parse_internal(&sdp);
[build]       |             ^
[build] C:\Users\pperv\code\unnamed_rpg\vendor\json\include\nlohmann/json.hpp(4112,148): note: in instantiation of member function 'nlohmann::detail::parser<nlohmann::basic_json<>, nlohmann::detail::iterator_input_adapter<const char *>>::parse' requested here
[build]  4112 |         parser(detail::input_adapter(std::move(first), std::move(last)), std::move(cb), allow_exceptions, ignore_comments, ignore_trailing_commas).parse(true, result); // cppcheck-suppress[accessMoved]
[build]       |                                                                                                                                                    ^
[build] C:\Users\pperv\code\unnamed_rpg\vendor\json\include\nlohmann/json.hpp(5294,28): note: in instantiation of function template specialization 'nlohmann::basic_json<>::parse<const char *, const char *, 0>' requested here
[build]  5294 |     return nlohmann::json::parse(s, s + n);
[build]       |                            ^
[build] In file included from C:\Users\pperv\code\unnamed_rpg\vendor\json-schema-validator\src\json-schema-draft7.json.cpp:9:
[build] In file included from C:\Users\pperv\code\unnamed_rpg\vendor\json\include\nlohmann/json.hpp:55:
[build] C:\Users\pperv\code\unnamed_rpg\vendor\json\include\nlohmann/detail/iterators/iter_impl.hpp(253,18): warning: enumeration type in nested name specifier is incompatible with C++98 [-Wc++98-compat]
[build]   253 |             case value_t::array:
[build]       |                  ^
[build] C:\Users\pperv\code\unnamed_rpg\vendor\json\include\nlohmann/detail/iterators/iter_impl.hpp(259,18): warning: enumeration type in nested name specifier is incompatible with C++98 [-Wc++98-compat]
[build]   259 |             case value_t::null:
[build]       |                  ^
[build] C:\Users\pperv\code\unnamed_rpg\vendor\json\include\nlohmann/detail/iterators/iter_impl.hpp(260,18): warning: enumeration type in nested name specifier is incompatible with C++98 [-Wc++98-compat]
[build]   260 |             case value_t::string:
[build]       |                  ^
[build] C:\Users\pperv\code\unnamed_rpg\vendor\json\include\nlohmann/detail/iterators/iter_impl.hpp(261,18): warning: enumeration type in nested name specifier is incompatible with C++98 [-Wc++98-compat]
[build]   261 |             case value_t::boolean:
[build]       |                  ^
[build] C:\Users\pperv\code\unnamed_rpg\vendor\json\include\nlohmann/detail/iterators/iter_impl.hpp(262,18): warning: enumeration type in nested name specifier is incompatible with C++98 [-Wc++98-compat]
[build]   262 |             case value_t::number_integer:
[build]       |                  ^
[build] C:\Users\pperv\code\unnamed_rpg\vendor\json\include\nlohmann/detail/iterators/iter_impl.hpp(263,18): warning: enumeration type in nested name specifier is incompatible with C++98 [-Wc++98-compat]
[build]   263 |             case value_t::number_unsigned:
[build]       |                  ^
[build] C:\Users\pperv\code\unnamed_rpg\vendor\json\include\nlohmann/detail/iterators/iter_impl.hpp(264,18): warning: enumeration type in nested name specifier is incompatible with C++98 [-Wc++98-compat]
[build]   264 |             case value_t::number_float:
[build]       |                  ^
[build] C:\Users\pperv\code\unnamed_rpg\vendor\json\include\nlohmann/detail/iterators/iter_impl.hpp(265,18): warning: enumeration type in nested name specifier is incompatible with C++98 [-Wc++98-compat]
[build]   265 |             case value_t::binary:
[build]       |                  ^
[build] C:\Users\pperv\code\unnamed_rpg\vendor\json\include\nlohmann/detail/iterators/iter_impl.hpp(266,18): warning: enumeration type in nested name specifier is incompatible with C++98 [-Wc++98-compat]
[build]   266 |             case value_t::discarded:
[build]       |                  ^
[build] C:\Users\pperv\code\unnamed_rpg\vendor\json\include\nlohmann/detail/iterators/iter_impl.hpp(247,18): warning: enumeration type in nested name specifier is incompatible with C++98 [-Wc++98-compat]
[build]   247 |             case value_t::object:
[build]       |                  ^
[build] C:\Users\pperv\code\unnamed_rpg\vendor\json\include\nlohmann/json.hpp(2867,16): note: in instantiation of member function 'nlohmann::detail::iter_impl<nlohmann::basic_json<>>::set_end' requested here
[build]  2867 |         result.set_end();
[build]       |                ^
[build] C:\Users\pperv\code\unnamed_rpg\vendor\json\include\nlohmann/detail/input/json_sax.hpp(815,53): note: in instantiation of member function 'nlohmann::basic_json<>::end' requested here
[build]   815 |         for (auto it = parent.begin(); it != parent.end(); ++it)
[build]       |                                                     ^
[build] C:\Users\pperv\code\unnamed_rpg\vendor\json\include\nlohmann/detail/input/json_sax.hpp(874,21): note: in instantiation of member function 'nlohmann::detail::json_sax_dom_callback_parser<nlohmann::basic_json<>, nlohmann::detail::iterator_input_adapter<const char *>>::remove_discarded_value' requested here
[build]   874 |                     remove_discarded_value(*ref_stack.back());
[build]       |                     ^
[build] C:\Users\pperv\code\unnamed_rpg\vendor\json\include\nlohmann/detail/input/json_sax.hpp(551,20): note: in instantiation of function template specialization 'nlohmann::detail::json_sax_dom_callback_parser<nlohmann::basic_json<>, nlohmann::detail::iterator_input_adapter<const char *>>::handle_value<nlohmann::detail::value_t>' requested here
[build]   551 |         auto val = handle_value(BasicJsonType::value_t::object, true);
[build]       |                    ^
[build] C:\Users\pperv\code\unnamed_rpg\vendor\json\include\nlohmann/detail/input/parser.hpp(199,56): note: in instantiation of member function 'nlohmann::detail::json_sax_dom_callback_parser<nlohmann::basic_json<>, nlohmann::detail::iterator_input_adapter<const char *>>::start_object' requested here
[build]   199 |                         if (JSON_HEDLEY_UNLIKELY(!sax->start_object(detail::unknown_size())))
[build]       |                                                        ^
[build] C:\Users\pperv\code\unnamed_rpg\vendor\json\include\nlohmann/thirdparty/hedley/hedley.hpp(1360,94): note: expanded from macro 'JSON_HEDLEY_UNLIKELY'
[build]  1360 | #  define JSON_HEDLEY_UNLIKELY(expr)                    __builtin_expect                 (!!(expr),    0                  )
[build]       |                                                                                              ^
[build] C:\Users\pperv\code\unnamed_rpg\vendor\json\include\nlohmann/detail/input/parser.hpp(100,13): note: in instantiation of function template specialization 'nlohmann::detail::parser<nlohmann::basic_json<>, nlohmann::detail::iterator_input_adapter<const char *>>::sax_parse_internal<nlohmann::detail::json_sax_dom_callback_parser<nlohmann::basic_json<>, nlohmann::detail::iterator_input_adapter<const char *>>>' requested here
[build]   100 |             sax_parse_internal(&sdp);
[build]       |             ^
[build] C:\Users\pperv\code\unnamed_rpg\vendor\json\include\nlohmann/json.hpp(4112,148): note: in instantiation of member function 'nlohmann::detail::parser<nlohmann::basic_json<>, nlohmann::detail::iterator_input_adapter<const char *>>::parse' requested here
[build]  4112 |         parser(detail::input_adapter(std::move(first), std::move(last)), std::move(cb), allow_exceptions, ignore_comments, ignore_trailing_commas).parse(true, result); // cppcheck-suppress[accessMoved]
[build]       |                                                                                                                                                    ^
[build] C:\Users\pperv\code\unnamed_rpg\vendor\json\include\nlohmann/json.hpp(5294,28): note: in instantiation of function template specialization 'nlohmann::basic_json<>::parse<const char *, const char *, 0>' requested here
[build]  5294 |     return nlohmann::json::parse(s, s + n);
[build]       |                            ^
[build] In file included from C:\Users\pperv\code\unnamed_rpg\vendor\json-schema-validator\src\json-schema-draft7.json.cpp:9:
[build] In file included from C:\Users\pperv\code\unnamed_rpg\vendor\json\include\nlohmann/json.hpp:55:
[build] C:\Users\pperv\code\unnamed_rpg\vendor\json\include\nlohmann/detail/iterators/iter_impl.hpp(253,18): warning: enumeration type in nested name specifier is incompatible with C++98 [-Wc++98-compat]
[build]   253 |             case value_t::array:
[build]       |                  ^
[build] C:\Users\pperv\code\unnamed_rpg\vendor\json\include\nlohmann/detail/iterators/iter_impl.hpp(259,18): warning: enumeration type in nested name specifier is incompatible with C++98 [-Wc++98-compat]
[build]   259 |             case value_t::null:
[build]       |                  ^
[build] C:\Users\pperv\code\unnamed_rpg\vendor\json\include\nlohmann/detail/iterators/iter_impl.hpp(260,18): warning: enumeration type in nested name specifier is incompatible with C++98 [-Wc++98-compat]
[build]   260 |             case value_t::string:
[build]       |                  ^
[build] C:\Users\pperv\code\unnamed_rpg\vendor\json\include\nlohmann/detail/iterators/iter_impl.hpp(261,18): warning: enumeration type in nested name specifier is incompatible with C++98 [-Wc++98-compat]
[build]   261 |             case value_t::boolean:
[build]       |                  ^
[build] C:\Users\pperv\code\unnamed_rpg\vendor\json\include\nlohmann/detail/iterators/iter_impl.hpp(262,18): warning: enumeration type in nested name specifier is incompatible with C++98 [-Wc++98-compat]
[build]   262 |             case value_t::number_integer:
[build]       |                  ^
[build] C:\Users\pperv\code\unnamed_rpg\vendor\json\include\nlohmann/detail/iterators/iter_impl.hpp(263,18): warning: enumeration type in nested name specifier is incompatible with C++98 [-Wc++98-compat]
[build]   263 |             case value_t::number_unsigned:
[build]       |                  ^
[build] C:\Users\pperv\code\unnamed_rpg\vendor\json\include\nlohmann/detail/iterators/iter_impl.hpp(264,18): warning: enumeration type in nested name specifier is incompatible with C++98 [-Wc++98-compat]
[build]   264 |             case value_t::number_float:
[build]       |                  ^
[build] C:\Users\pperv\code\unnamed_rpg\vendor\json\include\nlohmann/detail/iterators/iter_impl.hpp(265,18): warning: enumeration type in nested name specifier is incompatible with C++98 [-Wc++98-compat]
[build]   265 |             case value_t::binary:
[build]       |                  ^
[build] C:\Users\pperv\code\unnamed_rpg\vendor\json\include\nlohmann/detail/iterators/iter_impl.hpp(266,18): warning: enumeration type in nested name specifier is incompatible with C++98 [-Wc++98-compat]
[build]   266 |             case value_t::discarded:
[build]       |                  ^
[build] C:\Users\pperv\code\unnamed_rpg\vendor\json\include\nlohmann/detail/iterators/iter_impl.hpp(267,13): warning: default label in switch which covers all enumeration values [-Wcovered-switch-default]
[build]   267 |             default:
[build]       |             ^
[build] C:\Users\pperv\code\unnamed_rpg\vendor\json\include\nlohmann/detail/iterators/iter_impl.hpp(468,170): warning: use of null pointer as non-type template argument is incompatible with C++98 [-Wc++98-compat]
[build]   468 |     template < typename IterImpl, detail::enable_if_t < (std::is_same<IterImpl, iter_impl>::value || std::is_same<IterImpl, other_iter_impl>::value), std::nullptr_t > = nullptr >
[build]       |                                                                                                                                                                          ^
[build] C:\Users\pperv\code\unnamed_rpg\vendor\json\include\nlohmann/detail/iterators/iter_impl.hpp(511,17): note: while substituting deduced template arguments into function template 'operator==' [with IterImpl = nlohmann::detail::iter_impl<nlohmann::basic_json<>>, $1 = (no value)]
[build]   511 |         return !operator==(other);
[build]       |                 ^
[build] C:\Users\pperv\code\unnamed_rpg\vendor\json\include\nlohmann/detail/input/json_sax.hpp(815,43): note: in instantiation of function template specialization 'nlohmann::detail::iter_impl<nlohmann::basic_json<>>::operator!=<nlohmann::detail::iter_impl<nlohmann::basic_json<>>, nullptr>' requested here
[build]   815 |         for (auto it = parent.begin(); it != parent.end(); ++it)
[build]       |                                           ^
[build] C:\Users\pperv\code\unnamed_rpg\vendor\json\include\nlohmann/detail/input/json_sax.hpp(874,21): note: in instantiation of member function 'nlohmann::detail::json_sax_dom_callback_parser<nlohmann::basic_json<>, nlohmann::detail::iterator_input_adapter<const char *>>::remove_discarded_value' requested here
[build]   874 |                     remove_discarded_value(*ref_stack.back());
[build]       |                     ^
[build] C:\Users\pperv\code\unnamed_rpg\vendor\json\include\nlohmann/detail/input/json_sax.hpp(551,20): note: in instantiation of function template specialization 'nlohmann::detail::json_sax_dom_callback_parser<nlohmann::basic_json<>, nlohmann::detail::iterator_input_adapter<const char *>>::handle_value<nlohmann::detail::value_t>' requested here
[build]   551 |         auto val = handle_value(BasicJsonType::value_t::object, true);
[build]       |                    ^
[build] C:\Users\pperv\code\unnamed_rpg\vendor\json\include\nlohmann/detail/input/parser.hpp(199,56): note: in instantiation of member function 'nlohmann::detail::json_sax_dom_callback_parser<nlohmann::basic_json<>, nlohmann::detail::iterator_input_adapter<const char *>>::start_object' requested here
[build]   199 |                         if (JSON_HEDLEY_UNLIKELY(!sax->start_object(detail::unknown_size())))
[build]       |                                                        ^
[build] C:\Users\pperv\code\unnamed_rpg\vendor\json\include\nlohmann/thirdparty/hedley/hedley.hpp(1360,94): note: expanded from macro 'JSON_HEDLEY_UNLIKELY'
[build]  1360 | #  define JSON_HEDLEY_UNLIKELY(expr)                    __builtin_expect                 (!!(expr),    0                  )
[build]       |                                                                                              ^
[build] C:\Users\pperv\code\unnamed_rpg\vendor\json\include\nlohmann/detail/input/parser.hpp(100,13): note: in instantiation of function template specialization 'nlohmann::detail::parser<nlohmann::basic_json<>, nlohmann::detail::iterator_input_adapter<const char *>>::sax_parse_internal<nlohmann::detail::json_sax_dom_callback_parser<nlohmann::basic_json<>, nlohmann::detail::iterator_input_adapter<const char *>>>' requested here
[build]   100 |             sax_parse_internal(&sdp);
[build]       |             ^
[build] C:\Users\pperv\code\unnamed_rpg\vendor\json\include\nlohmann/json.hpp(4112,148): note: in instantiation of member function 'nlohmann::detail::parser<nlohmann::basic_json<>, nlohmann::detail::iterator_input_adapter<const char *>>::parse' requested here
[build]  4112 |         parser(detail::input_adapter(std::move(first), std::move(last)), std::move(cb), allow_exceptions, ignore_comments, ignore_trailing_commas).parse(true, result); // cppcheck-suppress[accessMoved]
[build]       |                                                                                                                                                    ^
[build] C:\Users\pperv\code\unnamed_rpg\vendor\json\include\nlohmann/json.hpp(5294,28): note: in instantiation of function template specialization 'nlohmann::basic_json<>::parse<const char *, const char *, 0>' requested here
[build]  5294 |     return nlohmann::json::parse(s, s + n);
[build]       |                            ^
[build] In file included from C:\Users\pperv\code\unnamed_rpg\vendor\json-schema-validator\src\json-schema-draft7.json.cpp:9:
[build] In file included from C:\Users\pperv\code\unnamed_rpg\vendor\json\include\nlohmann/json.hpp:55:
[build] C:\Users\pperv\code\unnamed_rpg\vendor\json\include\nlohmann/detail/iterators/iter_impl.hpp(478,25): warning: 'nullptr' is incompatible with C++98 [-Wc++98-compat]
[build]   478 |         if (m_object == nullptr)
[build]       |                         ^
[build] C:\Users\pperv\code\unnamed_rpg\vendor\json\include\nlohmann/detail/iterators/iter_impl.hpp(485,18): warning: enumeration type in nested name specifier is incompatible with C++98 [-Wc++98-compat]
[build]   485 |             case value_t::object:
[build]       |                  ^
[build] C:\Users\pperv\code\unnamed_rpg\vendor\json\include\nlohmann/detail/input/json_sax.hpp(815,43): note: in instantiation of function template specialization 'nlohmann::detail::iter_impl<nlohmann::basic_json<>>::operator!=<nlohmann::detail::iter_impl<nlohmann::basic_json<>>, nullptr>' requested here
[build]   815 |         for (auto it = parent.begin(); it != parent.end(); ++it)
[build]       |                                           ^
[build] C:\Users\pperv\code\unnamed_rpg\vendor\json\include\nlohmann/detail/input/json_sax.hpp(874,21): note: in instantiation of member function 'nlohmann::detail::json_sax_dom_callback_parser<nlohmann::basic_json<>, nlohmann::detail::iterator_input_adapter<const char *>>::remove_discarded_value' requested here
[build]   874 |                     remove_discarded_value(*ref_stack.back());
[build]       |                     ^
[build] C:\Users\pperv\code\unnamed_rpg\vendor\json\include\nlohmann/detail/input/json_sax.hpp(551,20): note: in instantiation of function template specialization 'nlohmann::detail::json_sax_dom_callback_parser<nlohmann::basic_json<>, nlohmann::detail::iterator_input_adapter<const char *>>::handle_value<nlohmann::detail::value_t>' requested here
[build]   551 |         auto val = handle_value(BasicJsonType::value_t::object, true);
[build]       |                    ^
[build] C:\Users\pperv\code\unnamed_rpg\vendor\json\include\nlohmann/detail/input/parser.hpp(199,56): note: in instantiation of member function 'nlohmann::detail::json_sax_dom_callback_parser<nlohmann::basic_json<>, nlohmann::detail::iterator_input_adapter<const char *>>::start_object' requested here
[build]   199 |                         if (JSON_HEDLEY_UNLIKELY(!sax->start_object(detail::unknown_size())))
[build]       |                                                        ^
[build] C:\Users\pperv\code\unnamed_rpg\vendor\json\include\nlohmann/thirdparty/hedley/hedley.hpp(1360,94): note: expanded from macro 'JSON_HEDLEY_UNLIKELY'
[build]  1360 | #  define JSON_HEDLEY_UNLIKELY(expr)                    __builtin_expect                 (!!(expr),    0                  )
[build]       |                                                                                              ^
[build] C:\Users\pperv\code\unnamed_rpg\vendor\json\include\nlohmann/detail/input/parser.hpp(100,13): note: in instantiation of function template specialization 'nlohmann::detail::parser<nlohmann::basic_json<>, nlohmann::detail::iterator_input_adapter<const char *>>::sax_parse_internal<nlohmann::detail::json_sax_dom_callback_parser<nlohmann::basic_json<>, nlohmann::detail::iterator_input_adapter<const char *>>>' requested here
[build]   100 |             sax_parse_internal(&sdp);
[build]       |             ^
[build] C:\Users\pperv\code\unnamed_rpg\vendor\json\include\nlohmann/json.hpp(4112,148): note: in instantiation of member function 'nlohmann::detail::parser<nlohmann::basic_json<>, nlohmann::detail::iterator_input_adapter<const char *>>::parse' requested here
[build]  4112 |         parser(detail::input_adapter(std::move(first), std::move(last)), std::move(cb), allow_exceptions, ignore_comments, ignore_trailing_commas).parse(true, result); // cppcheck-suppress[accessMoved]
[build]       |                                                                                                                                                    ^
[build] C:\Users\pperv\code\unnamed_rpg\vendor\json\include\nlohmann/json.hpp(5294,28): note: in instantiation of function template specialization 'nlohmann::basic_json<>::parse<const char *, const char *, 0>' requested here
[build]  5294 |     return nlohmann::json::parse(s, s + n);
[build]       |                            ^
[build] In file included from C:\Users\pperv\code\unnamed_rpg\vendor\json-schema-validator\src\json-schema-draft7.json.cpp:9:
[build] In file included from C:\Users\pperv\code\unnamed_rpg\vendor\json\include\nlohmann/json.hpp:55:
[build] C:\Users\pperv\code\unnamed_rpg\vendor\json\include\nlohmann/detail/iterators/iter_impl.hpp(488,18): warning: enumeration type in nested name specifier is incompatible with C++98 [-Wc++98-compat]
[build]   488 |             case value_t::array:
[build]       |                  ^
[build] C:\Users\pperv\code\unnamed_rpg\vendor\json\include\nlohmann/detail/iterators/iter_impl.hpp(491,18): warning: enumeration type in nested name specifier is incompatible with C++98 [-Wc++98-compat]
[build]   491 |             case value_t::null:
[build]       |                  ^
[build] C:\Users\pperv\code\unnamed_rpg\vendor\json\include\nlohmann/detail/iterators/iter_impl.hpp(492,18): warning: enumeration type in nested name specifier is incompatible with C++98 [-Wc++98-compat]
[build]   492 |             case value_t::string:
[build]       |                  ^
[build] C:\Users\pperv\code\unnamed_rpg\vendor\json\include\nlohmann/detail/iterators/iter_impl.hpp(493,18): warning: enumeration type in nested name specifier is incompatible with C++98 [-Wc++98-compat]
[build]   493 |             case value_t::boolean:
[build]       |                  ^
[build] C:\Users\pperv\code\unnamed_rpg\vendor\json\include\nlohmann/detail/iterators/iter_impl.hpp(494,18): warning: enumeration type in nested name specifier is incompatible with C++98 [-Wc++98-compat]
[build]   494 |             case value_t::number_integer:
[build]       |                  ^
[build] C:\Users\pperv\code\unnamed_rpg\vendor\json\include\nlohmann/detail/iterators/iter_impl.hpp(495,18): warning: enumeration type in nested name specifier is incompatible with C++98 [-Wc++98-compat]
[build]   495 |             case value_t::number_unsigned:
[build]       |                  ^
[build] C:\Users\pperv\code\unnamed_rpg\vendor\json\include\nlohmann/detail/iterators/iter_impl.hpp(496,18): warning: enumeration type in nested name specifier is incompatible with C++98 [-Wc++98-compat]
[build]   496 |             case value_t::number_float:
[build]       |                  ^
[build] C:\Users\pperv\code\unnamed_rpg\vendor\json\include\nlohmann/detail/iterators/iter_impl.hpp(497,18): warning: enumeration type in nested name specifier is incompatible with C++98 [-Wc++98-compat]
[build]   497 |             case value_t::binary:
[build]       |                  ^
[build] C:\Users\pperv\code\unnamed_rpg\vendor\json\include\nlohmann/detail/iterators/iter_impl.hpp(498,18): warning: enumeration type in nested name specifier is incompatible with C++98 [-Wc++98-compat]
[build]   498 |             case value_t::discarded:
[build]       |                  ^
[build] C:\Users\pperv\code\unnamed_rpg\vendor\json\include\nlohmann/detail/iterators/iter_impl.hpp(485,18): warning: enumeration type in nested name specifier is incompatible with C++98 [-Wc++98-compat]
[build]   485 |             case value_t::object:
[build]       |                  ^
[build] C:\Users\pperv\code\unnamed_rpg\vendor\json\include\nlohmann/detail/iterators/iter_impl.hpp(511,17): note: in instantiation of function template specialization 'nlohmann::detail::iter_impl<nlohmann::basic_json<>>::operator==<nlohmann::detail::iter_impl<nlohmann::basic_json<>>, nullptr>' requested here
[build]   511 |         return !operator==(other);
[build]       |                 ^
[build] C:\Users\pperv\code\unnamed_rpg\vendor\json\include\nlohmann/detail/input/json_sax.hpp(815,43): note: in instantiation of function template specialization 'nlohmann::detail::iter_impl<nlohmann::basic_json<>>::operator!=<nlohmann::detail::iter_impl<nlohmann::basic_json<>>, nullptr>' requested here
[build]   815 |         for (auto it = parent.begin(); it != parent.end(); ++it)
[build]       |                                           ^
[build] C:\Users\pperv\code\unnamed_rpg\vendor\json\include\nlohmann/detail/input/json_sax.hpp(874,21): note: in instantiation of member function 'nlohmann::detail::json_sax_dom_callback_parser<nlohmann::basic_json<>, nlohmann::detail::iterator_input_adapter<const char *>>::remove_discarded_value' requested here
[build]   874 |                     remove_discarded_value(*ref_stack.back());
[build]       |                     ^
[build] C:\Users\pperv\code\unnamed_rpg\vendor\json\include\nlohmann/detail/input/json_sax.hpp(551,20): note: in instantiation of function template specialization 'nlohmann::detail::json_sax_dom_callback_parser<nlohmann::basic_json<>, nlohmann::detail::iterator_input_adapter<const char *>>::handle_value<nlohmann::detail::value_t>' requested here
[build]   551 |         auto val = handle_value(BasicJsonType::value_t::object, true);
[build]       |                    ^
[build] C:\Users\pperv\code\unnamed_rpg\vendor\json\include\nlohmann/detail/input/parser.hpp(199,56): note: in instantiation of member function 'nlohmann::detail::json_sax_dom_callback_parser<nlohmann::basic_json<>, nlohmann::detail::iterator_input_adapter<const char *>>::start_object' requested here
[build]   199 |                         if (JSON_HEDLEY_UNLIKELY(!sax->start_object(detail::unknown_size())))
[build]       |                                                        ^
[build] C:\Users\pperv\code\unnamed_rpg\vendor\json\include\nlohmann/thirdparty/hedley/hedley.hpp(1360,94): note: expanded from macro 'JSON_HEDLEY_UNLIKELY'
[build]  1360 | #  define JSON_HEDLEY_UNLIKELY(expr)                    __builtin_expect                 (!!(expr),    0                  )
[build]       |                                                                                              ^
[build] C:\Users\pperv\code\unnamed_rpg\vendor\json\include\nlohmann/detail/input/parser.hpp(100,13): note: in instantiation of function template specialization 'nlohmann::detail::parser<nlohmann::basic_json<>, nlohmann::detail::iterator_input_adapter<const char *>>::sax_parse_internal<nlohmann::detail::json_sax_dom_callback_parser<nlohmann::basic_json<>, nlohmann::detail::iterator_input_adapter<const char *>>>' requested here
[build]   100 |             sax_parse_internal(&sdp);
[build]       |             ^
[build] C:\Users\pperv\code\unnamed_rpg\vendor\json\include\nlohmann/json.hpp(4112,148): note: in instantiation of member function 'nlohmann::detail::parser<nlohmann::basic_json<>, nlohmann::detail::iterator_input_adapter<const char *>>::parse' requested here
[build]  4112 |         parser(detail::input_adapter(std::move(first), std::move(last)), std::move(cb), allow_exceptions, ignore_comments, ignore_trailing_commas).parse(true, result); // cppcheck-suppress[accessMoved]
[build]       |                                                                                                                                                    ^
[build] C:\Users\pperv\code\unnamed_rpg\vendor\json\include\nlohmann/json.hpp(5294,28): note: in instantiation of function template specialization 'nlohmann::basic_json<>::parse<const char *, const char *, 0>' requested here
[build]  5294 |     return nlohmann::json::parse(s, s + n);
[build]       |                            ^
[build] In file included from C:\Users\pperv\code\unnamed_rpg\vendor\json-schema-validator\src\json-schema-draft7.json.cpp:9:
[build] In file included from C:\Users\pperv\code\unnamed_rpg\vendor\json\include\nlohmann/json.hpp:55:
[build] C:\Users\pperv\code\unnamed_rpg\vendor\json\include\nlohmann/detail/iterators/iter_impl.hpp(488,18): warning: enumeration type in nested name specifier is incompatible with C++98 [-Wc++98-compat]
[build]   488 |             case value_t::array:
[build]       |                  ^
[build] C:\Users\pperv\code\unnamed_rpg\vendor\json\include\nlohmann/detail/iterators/iter_impl.hpp(491,18): warning: enumeration type in nested name specifier is incompatible with C++98 [-Wc++98-compat]
[build]   491 |             case value_t::null:
[build]       |                  ^
[build] C:\Users\pperv\code\unnamed_rpg\vendor\json\include\nlohmann/detail/iterators/iter_impl.hpp(492,18): warning: enumeration type in nested name specifier is incompatible with C++98 [-Wc++98-compat]
[build]   492 |             case value_t::string:
[build]       |                  ^
[build] C:\Users\pperv\code\unnamed_rpg\vendor\json\include\nlohmann/detail/iterators/iter_impl.hpp(493,18): warning: enumeration type in nested name specifier is incompatible with C++98 [-Wc++98-compat]
[build]   493 |             case value_t::boolean:
[build]       |                  ^
[build] C:\Users\pperv\code\unnamed_rpg\vendor\json\include\nlohmann/detail/iterators/iter_impl.hpp(494,18): warning: enumeration type in nested name specifier is incompatible with C++98 [-Wc++98-compat]
[build]   494 |             case value_t::number_integer:
[build]       |                  ^
[build] C:\Users\pperv\code\unnamed_rpg\vendor\json\include\nlohmann/detail/iterators/iter_impl.hpp(495,18): warning: enumeration type in nested name specifier is incompatible with C++98 [-Wc++98-compat]
[build]   495 |             case value_t::number_unsigned:
[build]       |                  ^
[build] C:\Users\pperv\code\unnamed_rpg\vendor\json\include\nlohmann/detail/iterators/iter_impl.hpp(496,18): warning: enumeration type in nested name specifier is incompatible with C++98 [-Wc++98-compat]
[build]   496 |             case value_t::number_float:
[build]       |                  ^
[build] C:\Users\pperv\code\unnamed_rpg\vendor\json\include\nlohmann/detail/iterators/iter_impl.hpp(497,18): warning: enumeration type in nested name specifier is incompatible with C++98 [-Wc++98-compat]
[build]   497 |             case value_t::binary:
[build]       |                  ^
[build] C:\Users\pperv\code\unnamed_rpg\vendor\json\include\nlohmann/detail/iterators/iter_impl.hpp(498,18): warning: enumeration type in nested name specifier is incompatible with C++98 [-Wc++98-compat]
[build]   498 |             case value_t::discarded:
[build]       |                  ^
[build] C:\Users\pperv\code\unnamed_rpg\vendor\json\include\nlohmann/detail/iterators/iter_impl.hpp(499,13): warning: default label in switch which covers all enumeration values [-Wcovered-switch-default]
[build]   499 |             default:
[build]       |             ^
[build] In file included from C:\Users\pperv\code\unnamed_rpg\vendor\json-schema-validator\src\json-schema-draft7.json.cpp:9:
[build] In file included from C:\Users\pperv\code\unnamed_rpg\vendor\json\include\nlohmann/json.hpp:44:
[build] In file included from C:\Users\pperv\code\unnamed_rpg\vendor\json\include\nlohmann/adl_serializer.hpp:14:
[build] In file included from C:\Users\pperv\code\unnamed_rpg\vendor\json\include\nlohmann/detail/conversions/from_json.hpp:24:
[build] C:\Users\pperv\code\unnamed_rpg\vendor\json\include\nlohmann/detail/exceptions.hpp(226,16): warning: generalized initializer lists are incompatible with C++98 [-Wc++98-compat]
[build]   226 |         return {id_, w.c_str()};
[build]       |                ^~~~~~~~~~~~~~~~
[build] C:\Users\pperv\code\unnamed_rpg\vendor\json\include\nlohmann/detail/exceptions.hpp(226,16): warning: constructor call from initializer list is incompatible with C++98 [-Wc++98-compat]
[build]   226 |         return {id_, w.c_str()};
[build]       |                ^~~~~~~~~~~~~~~~
[build] C:\Users\pperv\code\unnamed_rpg\vendor\json\include\nlohmann/detail/exceptions.hpp(226,16): warning: constructor call from initializer list is incompatible with C++98 [-Wc++98-compat]
[build]   226 |         return {id_, w.c_str()};
[build]       |                ^~~~~~~~~~~~~~~~
[build] C:\Users\pperv\code\unnamed_rpg\vendor\json\include\nlohmann/detail/iterators/iter_impl.hpp(474,42): note: in instantiation of function template specialization 'nlohmann::detail::invalid_iterator::create<nlohmann::basic_json<> *, 0>' requested here
[build]   474 |             JSON_THROW(invalid_iterator::create(212, "cannot compare iterators of different containers", m_object));
[build]       |                                          ^
[build] C:\Users\pperv\code\unnamed_rpg\vendor\json\include\nlohmann/detail/macro_scope.hpp(198,41): note: expanded from macro 'JSON_THROW'
[build]   198 |     #define JSON_THROW(exception) throw exception
[build]       |                                         ^
[build] C:\Users\pperv\code\unnamed_rpg\vendor\json\include\nlohmann/detail/iterators/iter_impl.hpp(511,17): note: in instantiation of function template specialization 'nlohmann::detail::iter_impl<nlohmann::basic_json<>>::operator==<nlohmann::detail::iter_impl<nlohmann::basic_json<>>, nullptr>' requested here
[build]   511 |         return !operator==(other);
[build]       |                 ^
[build] C:\Users\pperv\code\unnamed_rpg\vendor\json\include\nlohmann/detail/input/json_sax.hpp(815,43): note: in instantiation of function template specialization 'nlohmann::detail::iter_impl<nlohmann::basic_json<>>::operator!=<nlohmann::detail::iter_impl<nlohmann::basic_json<>>, nullptr>' requested here
[build]   815 |         for (auto it = parent.begin(); it != parent.end(); ++it)
[build]       |                                           ^
[build] C:\Users\pperv\code\unnamed_rpg\vendor\json\include\nlohmann/detail/input/json_sax.hpp(874,21): note: in instantiation of member function 'nlohmann::detail::json_sax_dom_callback_parser<nlohmann::basic_json<>, nlohmann::detail::iterator_input_adapter<const char *>>::remove_discarded_value' requested here
[build]   874 |                     remove_discarded_value(*ref_stack.back());
[build]       |                     ^
[build] C:\Users\pperv\code\unnamed_rpg\vendor\json\include\nlohmann/detail/input/json_sax.hpp(551,20): note: in instantiation of function template specialization 'nlohmann::detail::json_sax_dom_callback_parser<nlohmann::basic_json<>, nlohmann::detail::iterator_input_adapter<const char *>>::handle_value<nlohmann::detail::value_t>' requested here
[build]   551 |         auto val = handle_value(BasicJsonType::value_t::object, true);
[build]       |                    ^
[build] C:\Users\pperv\code\unnamed_rpg\vendor\json\include\nlohmann/detail/input/parser.hpp(199,56): note: in instantiation of member function 'nlohmann::detail::json_sax_dom_callback_parser<nlohmann::basic_json<>, nlohmann::detail::iterator_input_adapter<const char *>>::start_object' requested here
[build]   199 |                         if (JSON_HEDLEY_UNLIKELY(!sax->start_object(detail::unknown_size())))
[build]       |                                                        ^
[build] C:\Users\pperv\code\unnamed_rpg\vendor\json\include\nlohmann/thirdparty/hedley/hedley.hpp(1360,94): note: expanded from macro 'JSON_HEDLEY_UNLIKELY'
[build]  1360 | #  define JSON_HEDLEY_UNLIKELY(expr)                    __builtin_expect                 (!!(expr),    0                  )
[build]       |                                                                                              ^
[build] C:\Users\pperv\code\unnamed_rpg\vendor\json\include\nlohmann/detail/input/parser.hpp(100,13): note: in instantiation of function template specialization 'nlohmann::detail::parser<nlohmann::basic_json<>, nlohmann::detail::iterator_input_adapter<const char *>>::sax_parse_internal<nlohmann::detail::json_sax_dom_callback_parser<nlohmann::basic_json<>, nlohmann::detail::iterator_input_adapter<const char *>>>' requested here
[build]   100 |             sax_parse_internal(&sdp);
[build]       |             ^
[build] C:\Users\pperv\code\unnamed_rpg\vendor\json\include\nlohmann/json.hpp(4112,148): note: in instantiation of member function 'nlohmann::detail::parser<nlohmann::basic_json<>, nlohmann::detail::iterator_input_adapter<const char *>>::parse' requested here
[build]  4112 |         parser(detail::input_adapter(std::move(first), std::move(last)), std::move(cb), allow_exceptions, ignore_comments, ignore_trailing_commas).parse(true, result); // cppcheck-suppress[accessMoved]
[build]       |                                                                                                                                                    ^
[build] C:\Users\pperv\code\unnamed_rpg\vendor\json\include\nlohmann/json.hpp(5294,28): note: in instantiation of function template specialization 'nlohmann::basic_json<>::parse<const char *, const char *, 0>' requested here
[build]  5294 |     return nlohmann::json::parse(s, s + n);
[build]       |                            ^
[build] In file included from C:\Users\pperv\code\unnamed_rpg\vendor\json-schema-validator\src\json-schema-draft7.json.cpp:9:
[build] In file included from C:\Users\pperv\code\unnamed_rpg\vendor\json\include\nlohmann/json.hpp:55:
[build] C:\Users\pperv\code\unnamed_rpg\vendor\json\include\nlohmann/detail/iterators/iter_impl.hpp(379,33): warning: 'nullptr' is incompatible with C++98 [-Wc++98-compat]
[build]   379 |         JSON_ASSERT(m_object != nullptr);
[build]       |                                 ^
[build] C:\Users\pperv\code\unnamed_rpg\vendor\json\include\nlohmann/detail/iterators/iter_impl.hpp(383,18): warning: enumeration type in nested name specifier is incompatible with C++98 [-Wc++98-compat]
[build]   383 |             case value_t::object:
[build]       |                  ^
[build] C:\Users\pperv\code\unnamed_rpg\vendor\json\include\nlohmann/detail/input/json_sax.hpp(874,21): note: in instantiation of member function 'nlohmann::detail::json_sax_dom_callback_parser<nlohmann::basic_json<>, nlohmann::detail::iterator_input_adapter<const char *>>::remove_discarded_value' requested here
[build]   874 |                     remove_discarded_value(*ref_stack.back());
[build]       |                     ^
[build] C:\Users\pperv\code\unnamed_rpg\vendor\json\include\nlohmann/detail/input/json_sax.hpp(551,20): note: in instantiation of function template specialization 'nlohmann::detail::json_sax_dom_callback_parser<nlohmann::basic_json<>, nlohmann::detail::iterator_input_adapter<const char *>>::handle_value<nlohmann::detail::value_t>' requested here
[build]   551 |         auto val = handle_value(BasicJsonType::value_t::object, true);
[build]       |                    ^
[build] C:\Users\pperv\code\unnamed_rpg\vendor\json\include\nlohmann/detail/input/parser.hpp(199,56): note: in instantiation of member function 'nlohmann::detail::json_sax_dom_callback_parser<nlohmann::basic_json<>, nlohmann::detail::iterator_input_adapter<const char *>>::start_object' requested here
[build]   199 |                         if (JSON_HEDLEY_UNLIKELY(!sax->start_object(detail::unknown_size())))
[build]       |                                                        ^
[build] C:\Users\pperv\code\unnamed_rpg\vendor\json\include\nlohmann/thirdparty/hedley/hedley.hpp(1360,94): note: expanded from macro 'JSON_HEDLEY_UNLIKELY'
[build]  1360 | #  define JSON_HEDLEY_UNLIKELY(expr)                    __builtin_expect                 (!!(expr),    0                  )
[build]       |                                                                                              ^
[build] C:\Users\pperv\code\unnamed_rpg\vendor\json\include\nlohmann/detail/input/parser.hpp(100,13): note: in instantiation of function template specialization 'nlohmann::detail::parser<nlohmann::basic_json<>, nlohmann::detail::iterator_input_adapter<const char *>>::sax_parse_internal<nlohmann::detail::json_sax_dom_callback_parser<nlohmann::basic_json<>, nlohmann::detail::iterator_input_adapter<const char *>>>' requested here
[build]   100 |             sax_parse_internal(&sdp);
[build]       |             ^
[build] C:\Users\pperv\code\unnamed_rpg\vendor\json\include\nlohmann/json.hpp(4112,148): note: in instantiation of member function 'nlohmann::detail::parser<nlohmann::basic_json<>, nlohmann::detail::iterator_input_adapter<const char *>>::parse' requested here
[build]  4112 |         parser(detail::input_adapter(std::move(first), std::move(last)), std::move(cb), allow_exceptions, ignore_comments, ignore_trailing_commas).parse(true, result); // cppcheck-suppress[accessMoved]
[build]       |                                                                                                                                                    ^
[build] C:\Users\pperv\code\unnamed_rpg\vendor\json\include\nlohmann/json.hpp(5294,28): note: in instantiation of function template specialization 'nlohmann::basic_json<>::parse<const char *, const char *, 0>' requested here
[build]  5294 |     return nlohmann::json::parse(s, s + n);
[build]       |                            ^
[build] In file included from C:\Users\pperv\code\unnamed_rpg\vendor\json-schema-validator\src\json-schema-draft7.json.cpp:9:
[build] In file included from C:\Users\pperv\code\unnamed_rpg\vendor\json\include\nlohmann/json.hpp:55:
[build] C:\Users\pperv\code\unnamed_rpg\vendor\json\include\nlohmann/detail/iterators/iter_impl.hpp(389,18): warning: enumeration type in nested name specifier is incompatible with C++98 [-Wc++98-compat]
[build]   389 |             case value_t::array:
[build]       |                  ^
[build] C:\Users\pperv\code\unnamed_rpg\vendor\json\include\nlohmann/detail/iterators/iter_impl.hpp(395,18): warning: enumeration type in nested name specifier is incompatible with C++98 [-Wc++98-compat]
[build]   395 |             case value_t::null:
[build]       |                  ^
[build] C:\Users\pperv\code\unnamed_rpg\vendor\json\include\nlohmann/detail/iterators/iter_impl.hpp(396,18): warning: enumeration type in nested name specifier is incompatible with C++98 [-Wc++98-compat]
[build]   396 |             case value_t::string:
[build]       |                  ^
[build] C:\Users\pperv\code\unnamed_rpg\vendor\json\include\nlohmann/detail/iterators/iter_impl.hpp(397,18): warning: enumeration type in nested name specifier is incompatible with C++98 [-Wc++98-compat]
[build]   397 |             case value_t::boolean:
[build]       |                  ^
[build] C:\Users\pperv\code\unnamed_rpg\vendor\json\include\nlohmann/detail/iterators/iter_impl.hpp(398,18): warning: enumeration type in nested name specifier is incompatible with C++98 [-Wc++98-compat]
[build]   398 |             case value_t::number_integer:
[build]       |                  ^
[build] C:\Users\pperv\code\unnamed_rpg\vendor\json\include\nlohmann/detail/iterators/iter_impl.hpp(399,18): warning: enumeration type in nested name specifier is incompatible with C++98 [-Wc++98-compat]
[build]   399 |             case value_t::number_unsigned:
[build]       |                  ^
[build] C:\Users\pperv\code\unnamed_rpg\vendor\json\include\nlohmann/detail/iterators/iter_impl.hpp(400,18): warning: enumeration type in nested name specifier is incompatible with C++98 [-Wc++98-compat]
[build]   400 |             case value_t::number_float:
[build]       |                  ^
[build] C:\Users\pperv\code\unnamed_rpg\vendor\json\include\nlohmann/detail/iterators/iter_impl.hpp(401,18): warning: enumeration type in nested name specifier is incompatible with C++98 [-Wc++98-compat]
[build]   401 |             case value_t::binary:
[build]       |                  ^
[build] C:\Users\pperv\code\unnamed_rpg\vendor\json\include\nlohmann/detail/iterators/iter_impl.hpp(402,18): warning: enumeration type in nested name specifier is incompatible with C++98 [-Wc++98-compat]
[build]   402 |             case value_t::discarded:
[build]       |                  ^
[build] C:\Users\pperv\code\unnamed_rpg\vendor\json\include\nlohmann/detail/iterators/iter_impl.hpp(383,18): warning: enumeration type in nested name specifier is incompatible with C++98 [-Wc++98-compat]
[build]   383 |             case value_t::object:
[build]       |                  ^
[build] C:\Users\pperv\code\unnamed_rpg\vendor\json\include\nlohmann/detail/input/json_sax.hpp(815,60): note: in instantiation of member function 'nlohmann::detail::iter_impl<nlohmann::basic_json<>>::operator++' requested here
[build]   815 |         for (auto it = parent.begin(); it != parent.end(); ++it)
[build]       |                                                            ^
[build] C:\Users\pperv\code\unnamed_rpg\vendor\json\include\nlohmann/detail/input/json_sax.hpp(874,21): note: in instantiation of member function 'nlohmann::detail::json_sax_dom_callback_parser<nlohmann::basic_json<>, nlohmann::detail::iterator_input_adapter<const char *>>::remove_discarded_value' requested here
[build]   874 |                     remove_discarded_value(*ref_stack.back());
[build]       |                     ^
[build] C:\Users\pperv\code\unnamed_rpg\vendor\json\include\nlohmann/detail/input/json_sax.hpp(551,20): note: in instantiation of function template specialization 'nlohmann::detail::json_sax_dom_callback_parser<nlohmann::basic_json<>, nlohmann::detail::iterator_input_adapter<const char *>>::handle_value<nlohmann::detail::value_t>' requested here
[build]   551 |         auto val = handle_value(BasicJsonType::value_t::object, true);
[build]       |                    ^
[build] C:\Users\pperv\code\unnamed_rpg\vendor\json\include\nlohmann/detail/input/parser.hpp(199,56): note: in instantiation of member function 'nlohmann::detail::json_sax_dom_callback_parser<nlohmann::basic_json<>, nlohmann::detail::iterator_input_adapter<const char *>>::start_object' requested here
[build]   199 |                         if (JSON_HEDLEY_UNLIKELY(!sax->start_object(detail::unknown_size())))
[build]       |                                                        ^
[build] C:\Users\pperv\code\unnamed_rpg\vendor\json\include\nlohmann/thirdparty/hedley/hedley.hpp(1360,94): note: expanded from macro 'JSON_HEDLEY_UNLIKELY'
[build]  1360 | #  define JSON_HEDLEY_UNLIKELY(expr)                    __builtin_expect                 (!!(expr),    0                  )
[build]       |                                                                                              ^
[build] C:\Users\pperv\code\unnamed_rpg\vendor\json\include\nlohmann/detail/input/parser.hpp(100,13): note: in instantiation of function template specialization 'nlohmann::detail::parser<nlohmann::basic_json<>, nlohmann::detail::iterator_input_adapter<const char *>>::sax_parse_internal<nlohmann::detail::json_sax_dom_callback_parser<nlohmann::basic_json<>, nlohmann::detail::iterator_input_adapter<const char *>>>' requested here
[build]   100 |             sax_parse_internal(&sdp);
[build]       |             ^
[build] C:\Users\pperv\code\unnamed_rpg\vendor\json\include\nlohmann/json.hpp(4112,148): note: in instantiation of member function 'nlohmann::detail::parser<nlohmann::basic_json<>, nlohmann::detail::iterator_input_adapter<const char *>>::parse' requested here
[build]  4112 |         parser(detail::input_adapter(std::move(first), std::move(last)), std::move(cb), allow_exceptions, ignore_comments, ignore_trailing_commas).parse(true, result); // cppcheck-suppress[accessMoved]
[build]       |                                                                                                                                                    ^
[build] C:\Users\pperv\code\unnamed_rpg\vendor\json\include\nlohmann/json.hpp(5294,28): note: in instantiation of function template specialization 'nlohmann::basic_json<>::parse<const char *, const char *, 0>' requested here
[build]  5294 |     return nlohmann::json::parse(s, s + n);
[build]       |                            ^
[build] In file included from C:\Users\pperv\code\unnamed_rpg\vendor\json-schema-validator\src\json-schema-draft7.json.cpp:9:
[build] In file included from C:\Users\pperv\code\unnamed_rpg\vendor\json\include\nlohmann/json.hpp:55:
[build] C:\Users\pperv\code\unnamed_rpg\vendor\json\include\nlohmann/detail/iterators/iter_impl.hpp(389,18): warning: enumeration type in nested name specifier is incompatible with C++98 [-Wc++98-compat]
[build]   389 |             case value_t::array:
[build]       |                  ^
[build] C:\Users\pperv\code\unnamed_rpg\vendor\json\include\nlohmann/detail/iterators/iter_impl.hpp(395,18): warning: enumeration type in nested name specifier is incompatible with C++98 [-Wc++98-compat]
[build]   395 |             case value_t::null:
[build]       |                  ^
[build] C:\Users\pperv\code\unnamed_rpg\vendor\json\include\nlohmann/detail/iterators/iter_impl.hpp(396,18): warning: enumeration type in nested name specifier is incompatible with C++98 [-Wc++98-compat]
[build]   396 |             case value_t::string:
[build]       |                  ^
[build] C:\Users\pperv\code\unnamed_rpg\vendor\json\include\nlohmann/detail/iterators/iter_impl.hpp(397,18): warning: enumeration type in nested name specifier is incompatible with C++98 [-Wc++98-compat]
[build]   397 |             case value_t::boolean:
[build]       |                  ^
[build] C:\Users\pperv\code\unnamed_rpg\vendor\json\include\nlohmann/detail/iterators/iter_impl.hpp(398,18): warning: enumeration type in nested name specifier is incompatible with C++98 [-Wc++98-compat]
[build]   398 |             case value_t::number_integer:
[build]       |                  ^
[build] C:\Users\pperv\code\unnamed_rpg\vendor\json\include\nlohmann/detail/iterators/iter_impl.hpp(399,18): warning: enumeration type in nested name specifier is incompatible with C++98 [-Wc++98-compat]
[build]   399 |             case value_t::number_unsigned:
[build]       |                  ^
[build] C:\Users\pperv\code\unnamed_rpg\vendor\json\include\nlohmann/detail/iterators/iter_impl.hpp(400,18): warning: enumeration type in nested name specifier is incompatible with C++98 [-Wc++98-compat]
[build]   400 |             case value_t::number_float:
[build]       |                  ^
[build] C:\Users\pperv\code\unnamed_rpg\vendor\json\include\nlohmann/detail/iterators/iter_impl.hpp(401,18): warning: enumeration type in nested name specifier is incompatible with C++98 [-Wc++98-compat]
[build]   401 |             case value_t::binary:
[build]       |                  ^
[build] C:\Users\pperv\code\unnamed_rpg\vendor\json\include\nlohmann/detail/iterators/iter_impl.hpp(402,18): warning: enumeration type in nested name specifier is incompatible with C++98 [-Wc++98-compat]
[build]   402 |             case value_t::discarded:
[build]       |                  ^
[build] C:\Users\pperv\code\unnamed_rpg\vendor\json\include\nlohmann/detail/iterators/iter_impl.hpp(403,13): warning: default label in switch which covers all enumeration values [-Wcovered-switch-default]
[build]   403 |             default:
[build]       |             ^
[build] C:\Users\pperv\code\unnamed_rpg\vendor\json\include\nlohmann/detail/iterators/iter_impl.hpp(326,33): warning: 'nullptr' is incompatible with C++98 [-Wc++98-compat]
[build]   326 |         JSON_ASSERT(m_object != nullptr);
[build]       |                                 ^
[build] C:\Users\pperv\code\unnamed_rpg\vendor\json\include\nlohmann/detail/iterators/iter_impl.hpp(330,18): warning: enumeration type in nested name specifier is incompatible with C++98 [-Wc++98-compat]
[build]   330 |             case value_t::object:
[build]       |                  ^
[build] C:\Users\pperv\code\unnamed_rpg\vendor\json\include\nlohmann/detail/input/json_sax.hpp(874,21): note: in instantiation of member function 'nlohmann::detail::json_sax_dom_callback_parser<nlohmann::basic_json<>, nlohmann::detail::iterator_input_adapter<const char *>>::remove_discarded_value' requested here
[build]   874 |                     remove_discarded_value(*ref_stack.back());
[build]       |                     ^
[build] C:\Users\pperv\code\unnamed_rpg\vendor\json\include\nlohmann/detail/input/json_sax.hpp(551,20): note: in instantiation of function template specialization 'nlohmann::detail::json_sax_dom_callback_parser<nlohmann::basic_json<>, nlohmann::detail::iterator_input_adapter<const char *>>::handle_value<nlohmann::detail::value_t>' requested here
[build]   551 |         auto val = handle_value(BasicJsonType::value_t::object, true);
[build]       |                    ^
[build] C:\Users\pperv\code\unnamed_rpg\vendor\json\include\nlohmann/detail/input/parser.hpp(199,56): note: in instantiation of member function 'nlohmann::detail::json_sax_dom_callback_parser<nlohmann::basic_json<>, nlohmann::detail::iterator_input_adapter<const char *>>::start_object' requested here
[build]   199 |                         if (JSON_HEDLEY_UNLIKELY(!sax->start_object(detail::unknown_size())))
[build]       |                                                        ^
[build] C:\Users\pperv\code\unnamed_rpg\vendor\json\include\nlohmann/thirdparty/hedley/hedley.hpp(1360,94): note: expanded from macro 'JSON_HEDLEY_UNLIKELY'
[build]  1360 | #  define JSON_HEDLEY_UNLIKELY(expr)                    __builtin_expect                 (!!(expr),    0                  )
[build]       |                                                                                              ^
[build] C:\Users\pperv\code\unnamed_rpg\vendor\json\include\nlohmann/detail/input/parser.hpp(100,13): note: in instantiation of function template specialization 'nlohmann::detail::parser<nlohmann::basic_json<>, nlohmann::detail::iterator_input_adapter<const char *>>::sax_parse_internal<nlohmann::detail::json_sax_dom_callback_parser<nlohmann::basic_json<>, nlohmann::detail::iterator_input_adapter<const char *>>>' requested here
[build]   100 |             sax_parse_internal(&sdp);
[build]       |             ^
[build] C:\Users\pperv\code\unnamed_rpg\vendor\json\include\nlohmann/json.hpp(4112,148): note: in instantiation of member function 'nlohmann::detail::parser<nlohmann::basic_json<>, nlohmann::detail::iterator_input_adapter<const char *>>::parse' requested here
[build]  4112 |         parser(detail::input_adapter(std::move(first), std::move(last)), std::move(cb), allow_exceptions, ignore_comments, ignore_trailing_commas).parse(true, result); // cppcheck-suppress[accessMoved]
[build]       |                                                                                                                                                    ^
[build] C:\Users\pperv\code\unnamed_rpg\vendor\json\include\nlohmann/json.hpp(5294,28): note: in instantiation of function template specialization 'nlohmann::basic_json<>::parse<const char *, const char *, 0>' requested here
[build]  5294 |     return nlohmann::json::parse(s, s + n);
[build]       |                            ^
[build] In file included from C:\Users\pperv\code\unnamed_rpg\vendor\json-schema-validator\src\json-schema-draft7.json.cpp:9:
[build] In file included from C:\Users\pperv\code\unnamed_rpg\vendor\json\include\nlohmann/json.hpp:55:
[build] C:\Users\pperv\code\unnamed_rpg\vendor\json\include\nlohmann/detail/iterators/iter_impl.hpp(336,18): warning: enumeration type in nested name specifier is incompatible with C++98 [-Wc++98-compat]
[build]   336 |             case value_t::array:
[build]       |                  ^
[build] C:\Users\pperv\code\unnamed_rpg\vendor\json\include\nlohmann/detail/iterators/iter_impl.hpp(342,18): warning: enumeration type in nested name specifier is incompatible with C++98 [-Wc++98-compat]
[build]   342 |             case value_t::null:
[build]       |                  ^
[build] C:\Users\pperv\code\unnamed_rpg\vendor\json\include\nlohmann/detail/iterators/iter_impl.hpp(343,18): warning: enumeration type in nested name specifier is incompatible with C++98 [-Wc++98-compat]
[build]   343 |             case value_t::string:
[build]       |                  ^
[build] C:\Users\pperv\code\unnamed_rpg\vendor\json\include\nlohmann/detail/iterators/iter_impl.hpp(344,18): warning: enumeration type in nested name specifier is incompatible with C++98 [-Wc++98-compat]
[build]   344 |             case value_t::boolean:
[build]       |                  ^
[build] C:\Users\pperv\code\unnamed_rpg\vendor\json\include\nlohmann/detail/iterators/iter_impl.hpp(345,18): warning: enumeration type in nested name specifier is incompatible with C++98 [-Wc++98-compat]
[build]   345 |             case value_t::number_integer:
[build]       |                  ^
[build] C:\Users\pperv\code\unnamed_rpg\vendor\json\include\nlohmann/detail/iterators/iter_impl.hpp(346,18): warning: enumeration type in nested name specifier is incompatible with C++98 [-Wc++98-compat]
[build]   346 |             case value_t::number_unsigned:
[build]       |                  ^
[build] C:\Users\pperv\code\unnamed_rpg\vendor\json\include\nlohmann/detail/iterators/iter_impl.hpp(347,18): warning: enumeration type in nested name specifier is incompatible with C++98 [-Wc++98-compat]
[build]   347 |             case value_t::number_float:
[build]       |                  ^
[build] C:\Users\pperv\code\unnamed_rpg\vendor\json\include\nlohmann/detail/iterators/iter_impl.hpp(348,18): warning: enumeration type in nested name specifier is incompatible with C++98 [-Wc++98-compat]
[build]   348 |             case value_t::binary:
[build]       |                  ^
[build] C:\Users\pperv\code\unnamed_rpg\vendor\json\include\nlohmann/detail/iterators/iter_impl.hpp(349,18): warning: enumeration type in nested name specifier is incompatible with C++98 [-Wc++98-compat]
[build]   349 |             case value_t::discarded:
[build]       |                  ^
[build] C:\Users\pperv\code\unnamed_rpg\vendor\json\include\nlohmann/detail/iterators/iter_impl.hpp(330,18): warning: enumeration type in nested name specifier is incompatible with C++98 [-Wc++98-compat]
[build]   330 |             case value_t::object:
[build]       |                  ^
[build] C:\Users\pperv\code\unnamed_rpg\vendor\json\include\nlohmann/detail/input/json_sax.hpp(817,19): note: in instantiation of member function 'nlohmann::detail::iter_impl<nlohmann::basic_json<>>::operator->' requested here
[build]   817 |             if (it->is_discarded())
[build]       |                   ^
[build] C:\Users\pperv\code\unnamed_rpg\vendor\json\include\nlohmann/detail/input/json_sax.hpp(874,21): note: in instantiation of member function 'nlohmann::detail::json_sax_dom_callback_parser<nlohmann::basic_json<>, nlohmann::detail::iterator_input_adapter<const char *>>::remove_discarded_value' requested here
[build]   874 |                     remove_discarded_value(*ref_stack.back());
[build]       |                     ^
[build] C:\Users\pperv\code\unnamed_rpg\vendor\json\include\nlohmann/detail/input/json_sax.hpp(551,20): note: in instantiation of function template specialization 'nlohmann::detail::json_sax_dom_callback_parser<nlohmann::basic_json<>, nlohmann::detail::iterator_input_adapter<const char *>>::handle_value<nlohmann::detail::value_t>' requested here
[build]   551 |         auto val = handle_value(BasicJsonType::value_t::object, true);
[build]       |                    ^
[build] C:\Users\pperv\code\unnamed_rpg\vendor\json\include\nlohmann/detail/input/parser.hpp(199,56): note: in instantiation of member function 'nlohmann::detail::json_sax_dom_callback_parser<nlohmann::basic_json<>, nlohmann::detail::iterator_input_adapter<const char *>>::start_object' requested here
[build]   199 |                         if (JSON_HEDLEY_UNLIKELY(!sax->start_object(detail::unknown_size())))
[build]       |                                                        ^
[build] C:\Users\pperv\code\unnamed_rpg\vendor\json\include\nlohmann/thirdparty/hedley/hedley.hpp(1360,94): note: expanded from macro 'JSON_HEDLEY_UNLIKELY'
[build]  1360 | #  define JSON_HEDLEY_UNLIKELY(expr)                    __builtin_expect                 (!!(expr),    0                  )
[build]       |                                                                                              ^
[build] C:\Users\pperv\code\unnamed_rpg\vendor\json\include\nlohmann/detail/input/parser.hpp(100,13): note: in instantiation of function template specialization 'nlohmann::detail::parser<nlohmann::basic_json<>, nlohmann::detail::iterator_input_adapter<const char *>>::sax_parse_internal<nlohmann::detail::json_sax_dom_callback_parser<nlohmann::basic_json<>, nlohmann::detail::iterator_input_adapter<const char *>>>' requested here
[build]   100 |             sax_parse_internal(&sdp);
[build]       |             ^
[build] C:\Users\pperv\code\unnamed_rpg\vendor\json\include\nlohmann/json.hpp(4112,148): note: in instantiation of member function 'nlohmann::detail::parser<nlohmann::basic_json<>, nlohmann::detail::iterator_input_adapter<const char *>>::parse' requested here
[build]  4112 |         parser(detail::input_adapter(std::move(first), std::move(last)), std::move(cb), allow_exceptions, ignore_comments, ignore_trailing_commas).parse(true, result); // cppcheck-suppress[accessMoved]
[build]       |                                                                                                                                                    ^
[build] C:\Users\pperv\code\unnamed_rpg\vendor\json\include\nlohmann/json.hpp(5294,28): note: in instantiation of function template specialization 'nlohmann::basic_json<>::parse<const char *, const char *, 0>' requested here
[build]  5294 |     return nlohmann::json::parse(s, s + n);
[build]       |                            ^
[build] In file included from C:\Users\pperv\code\unnamed_rpg\vendor\json-schema-validator\src\json-schema-draft7.json.cpp:9:
[build] In file included from C:\Users\pperv\code\unnamed_rpg\vendor\json\include\nlohmann/json.hpp:55:
[build] C:\Users\pperv\code\unnamed_rpg\vendor\json\include\nlohmann/detail/iterators/iter_impl.hpp(336,18): warning: enumeration type in nested name specifier is incompatible with C++98 [-Wc++98-compat]
[build]   336 |             case value_t::array:
[build]       |                  ^
[build] C:\Users\pperv\code\unnamed_rpg\vendor\json\include\nlohmann/detail/iterators/iter_impl.hpp(342,18): warning: enumeration type in nested name specifier is incompatible with C++98 [-Wc++98-compat]
[build]   342 |             case value_t::null:
[build]       |                  ^
[build] C:\Users\pperv\code\unnamed_rpg\vendor\json\include\nlohmann/detail/iterators/iter_impl.hpp(343,18): warning: enumeration type in nested name specifier is incompatible with C++98 [-Wc++98-compat]
[build]   343 |             case value_t::string:
[build]       |                  ^
[build] C:\Users\pperv\code\unnamed_rpg\vendor\json\include\nlohmann/detail/iterators/iter_impl.hpp(344,18): warning: enumeration type in nested name specifier is incompatible with C++98 [-Wc++98-compat]
[build]   344 |             case value_t::boolean:
[build]       |                  ^
[build] C:\Users\pperv\code\unnamed_rpg\vendor\json\include\nlohmann/detail/iterators/iter_impl.hpp(345,18): warning: enumeration type in nested name specifier is incompatible with C++98 [-Wc++98-compat]
[build]   345 |             case value_t::number_integer:
[build]       |                  ^
[build] C:\Users\pperv\code\unnamed_rpg\vendor\json\include\nlohmann/detail/iterators/iter_impl.hpp(346,18): warning: enumeration type in nested name specifier is incompatible with C++98 [-Wc++98-compat]
[build]   346 |             case value_t::number_unsigned:
[build]       |                  ^
[build] C:\Users\pperv\code\unnamed_rpg\vendor\json\include\nlohmann/detail/iterators/iter_impl.hpp(347,18): warning: enumeration type in nested name specifier is incompatible with C++98 [-Wc++98-compat]
[build]   347 |             case value_t::number_float:
[build]       |                  ^
[build] C:\Users\pperv\code\unnamed_rpg\vendor\json\include\nlohmann/detail/iterators/iter_impl.hpp(348,18): warning: enumeration type in nested name specifier is incompatible with C++98 [-Wc++98-compat]
[build]   348 |             case value_t::binary:
[build]       |                  ^
[build] C:\Users\pperv\code\unnamed_rpg\vendor\json\include\nlohmann/detail/iterators/iter_impl.hpp(349,18): warning: enumeration type in nested name specifier is incompatible with C++98 [-Wc++98-compat]
[build]   349 |             case value_t::discarded:
[build]       |                  ^
[build] C:\Users\pperv\code\unnamed_rpg\vendor\json\include\nlohmann/detail/iterators/iter_impl.hpp(350,13): warning: default label in switch which covers all enumeration values [-Wcovered-switch-default]
[build]   350 |             default:
[build]       |             ^
[build] In file included from C:\Users\pperv\code\unnamed_rpg\vendor\json-schema-validator\src\json-schema-draft7.json.cpp:9:
[build] C:\Users\pperv\code\unnamed_rpg\vendor\json\include\nlohmann/json.hpp(2527,43): warning: 'decltype' type specifier is incompatible with C++98 [-Wc++98-compat]
[build]  2527 |                     std::allocator_traits<decltype(alloc)>::destroy(alloc, m_data.m_value.string);
[build]       |                                           ^
[build] C:\Users\pperv\code\unnamed_rpg\vendor\json\include\nlohmann/json.hpp(2528,43): warning: 'decltype' type specifier is incompatible with C++98 [-Wc++98-compat]
[build]  2528 |                     std::allocator_traits<decltype(alloc)>::deallocate(alloc, m_data.m_value.string, 1);
[build]       |                                           ^
[build] C:\Users\pperv\code\unnamed_rpg\vendor\json\include\nlohmann/json.hpp(2529,45): warning: 'nullptr' is incompatible with C++98 [-Wc++98-compat]
[build]  2529 |                     m_data.m_value.string = nullptr;
[build]       |                                             ^
[build] C:\Users\pperv\code\unnamed_rpg\vendor\json\include\nlohmann/json.hpp(2534,43): warning: 'decltype' type specifier is incompatible with C++98 [-Wc++98-compat]
[build]  2534 |                     std::allocator_traits<decltype(alloc)>::destroy(alloc, m_data.m_value.binary);
[build]       |                                           ^
[build] C:\Users\pperv\code\unnamed_rpg\vendor\json\include\nlohmann/json.hpp(2535,43): warning: 'decltype' type specifier is incompatible with C++98 [-Wc++98-compat]
[build]  2535 |                     std::allocator_traits<decltype(alloc)>::deallocate(alloc, m_data.m_value.binary, 1);
[build]       |                                           ^
[build] C:\Users\pperv\code\unnamed_rpg\vendor\json\include\nlohmann/json.hpp(2536,45): warning: 'nullptr' is incompatible with C++98 [-Wc++98-compat]
[build]  2536 |                     m_data.m_value.binary = nullptr;
[build]       |                                             ^
[build] C:\Users\pperv\code\unnamed_rpg\vendor\json\include\nlohmann/json.hpp(2512,18): warning: enumeration type in nested name specifier is incompatible with C++98 [-Wc++98-compat]
[build]  2512 |             case value_t::boolean:
[build]       |                  ^
[build] C:\Users\pperv\code\unnamed_rpg\vendor\json\include\nlohmann/detail/input/json_sax.hpp(819,24): note: in instantiation of function template specialization 'nlohmann::basic_json<>::erase<nlohmann::detail::iter_impl<nlohmann::basic_json<>>, 0>' requested here
[build]   819 |                 parent.erase(it);
[build]       |                        ^
[build] C:\Users\pperv\code\unnamed_rpg\vendor\json\include\nlohmann/detail/input/json_sax.hpp(874,21): note: in instantiation of member function 'nlohmann::detail::json_sax_dom_callback_parser<nlohmann::basic_json<>, nlohmann::detail::iterator_input_adapter<const char *>>::remove_discarded_value' requested here
[build]   874 |                     remove_discarded_value(*ref_stack.back());
[build]       |                     ^
[build] C:\Users\pperv\code\unnamed_rpg\vendor\json\include\nlohmann/detail/input/json_sax.hpp(551,20): note: in instantiation of function template specialization 'nlohmann::detail::json_sax_dom_callback_parser<nlohmann::basic_json<>, nlohmann::detail::iterator_input_adapter<const char *>>::handle_value<nlohmann::detail::value_t>' requested here
[build]   551 |         auto val = handle_value(BasicJsonType::value_t::object, true);
[build]       |                    ^
[build] C:\Users\pperv\code\unnamed_rpg\vendor\json\include\nlohmann/detail/input/parser.hpp(199,56): note: in instantiation of member function 'nlohmann::detail::json_sax_dom_callback_parser<nlohmann::basic_json<>, nlohmann::detail::iterator_input_adapter<const char *>>::start_object' requested here
[build]   199 |                         if (JSON_HEDLEY_UNLIKELY(!sax->start_object(detail::unknown_size())))
[build]       |                                                        ^
[build] C:\Users\pperv\code\unnamed_rpg\vendor\json\include\nlohmann/thirdparty/hedley/hedley.hpp(1360,94): note: expanded from macro 'JSON_HEDLEY_UNLIKELY'
[build]  1360 | #  define JSON_HEDLEY_UNLIKELY(expr)                    __builtin_expect                 (!!(expr),    0                  )
[build]       |                                                                                              ^
[build] C:\Users\pperv\code\unnamed_rpg\vendor\json\include\nlohmann/detail/input/parser.hpp(100,13): note: in instantiation of function template specialization 'nlohmann::detail::parser<nlohmann::basic_json<>, nlohmann::detail::iterator_input_adapter<const char *>>::sax_parse_internal<nlohmann::detail::json_sax_dom_callback_parser<nlohmann::basic_json<>, nlohmann::detail::iterator_input_adapter<const char *>>>' requested here
[build]   100 |             sax_parse_internal(&sdp);
[build]       |             ^
[build] C:\Users\pperv\code\unnamed_rpg\vendor\json\include\nlohmann/json.hpp(4112,148): note: in instantiation of member function 'nlohmann::detail::parser<nlohmann::basic_json<>, nlohmann::detail::iterator_input_adapter<const char *>>::parse' requested here
[build]  4112 |         parser(detail::input_adapter(std::move(first), std::move(last)), std::move(cb), allow_exceptions, ignore_comments, ignore_trailing_commas).parse(true, result); // cppcheck-suppress[accessMoved]
[build]       |                                                                                                                                                    ^
[build] C:\Users\pperv\code\unnamed_rpg\vendor\json\include\nlohmann/json.hpp(5294,28): note: in instantiation of function template specialization 'nlohmann::basic_json<>::parse<const char *, const char *, 0>' requested here
[build]  5294 |     return nlohmann::json::parse(s, s + n);
[build]       |                            ^
[build] C:\Users\pperv\code\unnamed_rpg\vendor\json\include\nlohmann/json.hpp(2513,18): warning: enumeration type in nested name specifier is incompatible with C++98 [-Wc++98-compat]
[build]  2513 |             case value_t::number_float:
[build]       |                  ^
[build] C:\Users\pperv\code\unnamed_rpg\vendor\json\include\nlohmann/json.hpp(2514,18): warning: enumeration type in nested name specifier is incompatible with C++98 [-Wc++98-compat]
[build]  2514 |             case value_t::number_integer:
[build]       |                  ^
[build] C:\Users\pperv\code\unnamed_rpg\vendor\json\include\nlohmann/json.hpp(2515,18): warning: enumeration type in nested name specifier is incompatible with C++98 [-Wc++98-compat]
[build]  2515 |             case value_t::number_unsigned:
[build]       |                  ^
[build] C:\Users\pperv\code\unnamed_rpg\vendor\json\include\nlohmann/json.hpp(2516,18): warning: enumeration type in nested name specifier is incompatible with C++98 [-Wc++98-compat]
[build]  2516 |             case value_t::string:
[build]       |                  ^
[build] C:\Users\pperv\code\unnamed_rpg\vendor\json\include\nlohmann/json.hpp(2517,18): warning: enumeration type in nested name specifier is incompatible with C++98 [-Wc++98-compat]
[build]  2517 |             case value_t::binary:
[build]       |                  ^
[build] C:\Users\pperv\code\unnamed_rpg\vendor\json\include\nlohmann/json.hpp(1439,33): warning: enumeration type in nested name specifier is incompatible with C++98 [-Wc++98-compat]
[build]  1439 |         return m_data.m_type == value_t::string;
[build]       |                                 ^
[build] C:\Users\pperv\code\unnamed_rpg\vendor\json\include\nlohmann/json.hpp(2524,21): note: in instantiation of member function 'nlohmann::basic_json<>::is_string' requested here
[build]  2524 |                 if (is_string())
[build]       |                     ^
[build] C:\Users\pperv\code\unnamed_rpg\vendor\json\include\nlohmann/detail/input/json_sax.hpp(819,24): note: in instantiation of function template specialization 'nlohmann::basic_json<>::erase<nlohmann::detail::iter_impl<nlohmann::basic_json<>>, 0>' requested here
[build]   819 |                 parent.erase(it);
[build]       |                        ^
[build] C:\Users\pperv\code\unnamed_rpg\vendor\json\include\nlohmann/detail/input/json_sax.hpp(874,21): note: in instantiation of member function 'nlohmann::detail::json_sax_dom_callback_parser<nlohmann::basic_json<>, nlohmann::detail::iterator_input_adapter<const char *>>::remove_discarded_value' requested here
[build]   874 |                     remove_discarded_value(*ref_stack.back());
[build]       |                     ^
[build] C:\Users\pperv\code\unnamed_rpg\vendor\json\include\nlohmann/detail/input/json_sax.hpp(551,20): note: in instantiation of function template specialization 'nlohmann::detail::json_sax_dom_callback_parser<nlohmann::basic_json<>, nlohmann::detail::iterator_input_adapter<const char *>>::handle_value<nlohmann::detail::value_t>' requested here
[build]   551 |         auto val = handle_value(BasicJsonType::value_t::object, true);
[build]       |                    ^
[build] C:\Users\pperv\code\unnamed_rpg\vendor\json\include\nlohmann/detail/input/parser.hpp(199,56): note: in instantiation of member function 'nlohmann::detail::json_sax_dom_callback_parser<nlohmann::basic_json<>, nlohmann::detail::iterator_input_adapter<const char *>>::start_object' requested here
[build]   199 |                         if (JSON_HEDLEY_UNLIKELY(!sax->start_object(detail::unknown_size())))
[build]       |                                                        ^
[build] C:\Users\pperv\code\unnamed_rpg\vendor\json\include\nlohmann/thirdparty/hedley/hedley.hpp(1360,94): note: expanded from macro 'JSON_HEDLEY_UNLIKELY'
[build]  1360 | #  define JSON_HEDLEY_UNLIKELY(expr)                    __builtin_expect                 (!!(expr),    0                  )
[build]       |                                                                                              ^
[build] C:\Users\pperv\code\unnamed_rpg\vendor\json\include\nlohmann/detail/input/parser.hpp(100,13): note: in instantiation of function template specialization 'nlohmann::detail::parser<nlohmann::basic_json<>, nlohmann::detail::iterator_input_adapter<const char *>>::sax_parse_internal<nlohmann::detail::json_sax_dom_callback_parser<nlohmann::basic_json<>, nlohmann::detail::iterator_input_adapter<const char *>>>' requested here
[build]   100 |             sax_parse_internal(&sdp);
[build]       |             ^
[build] C:\Users\pperv\code\unnamed_rpg\vendor\json\include\nlohmann/json.hpp(4112,148): note: in instantiation of member function 'nlohmann::detail::parser<nlohmann::basic_json<>, nlohmann::detail::iterator_input_adapter<const char *>>::parse' requested here
[build]  4112 |         parser(detail::input_adapter(std::move(first), std::move(last)), std::move(cb), allow_exceptions, ignore_comments, ignore_trailing_commas).parse(true, result); // cppcheck-suppress[accessMoved]
[build]       |                                                                                                                                                    ^
[build] C:\Users\pperv\code\unnamed_rpg\vendor\json\include\nlohmann/json.hpp(5294,28): note: in instantiation of function template specialization 'nlohmann::basic_json<>::parse<const char *, const char *, 0>' requested here
[build]  5294 |     return nlohmann::json::parse(s, s + n);
[build]       |                            ^
[build] C:\Users\pperv\code\unnamed_rpg\vendor\json\include\nlohmann/json.hpp(1446,33): warning: enumeration type in nested name specifier is incompatible with C++98 [-Wc++98-compat]
[build]  1446 |         return m_data.m_type == value_t::binary;
[build]       |                                 ^
[build] C:\Users\pperv\code\unnamed_rpg\vendor\json\include\nlohmann/json.hpp(2531,26): note: in instantiation of member function 'nlohmann::basic_json<>::is_binary' requested here
[build]  2531 |                 else if (is_binary())
[build]       |                          ^
[build] C:\Users\pperv\code\unnamed_rpg\vendor\json\include\nlohmann/detail/input/json_sax.hpp(819,24): note: in instantiation of function template specialization 'nlohmann::basic_json<>::erase<nlohmann::detail::iter_impl<nlohmann::basic_json<>>, 0>' requested here
[build]   819 |                 parent.erase(it);
[build]       |                        ^
[build] C:\Users\pperv\code\unnamed_rpg\vendor\json\include\nlohmann/detail/input/json_sax.hpp(874,21): note: in instantiation of member function 'nlohmann::detail::json_sax_dom_callback_parser<nlohmann::basic_json<>, nlohmann::detail::iterator_input_adapter<const char *>>::remove_discarded_value' requested here
[build]   874 |                     remove_discarded_value(*ref_stack.back());
[build]       |                     ^
[build] C:\Users\pperv\code\unnamed_rpg\vendor\json\include\nlohmann/detail/input/json_sax.hpp(551,20): note: in instantiation of function template specialization 'nlohmann::detail::json_sax_dom_callback_parser<nlohmann::basic_json<>, nlohmann::detail::iterator_input_adapter<const char *>>::handle_value<nlohmann::detail::value_t>' requested here
[build]   551 |         auto val = handle_value(BasicJsonType::value_t::object, true);
[build]       |                    ^
[build] C:\Users\pperv\code\unnamed_rpg\vendor\json\include\nlohmann/detail/input/parser.hpp(199,56): note: in instantiation of member function 'nlohmann::detail::json_sax_dom_callback_parser<nlohmann::basic_json<>, nlohmann::detail::iterator_input_adapter<const char *>>::start_object' requested here
[build]   199 |                         if (JSON_HEDLEY_UNLIKELY(!sax->start_object(detail::unknown_size())))
[build]       |                                                        ^
[build] C:\Users\pperv\code\unnamed_rpg\vendor\json\include\nlohmann/thirdparty/hedley/hedley.hpp(1360,94): note: expanded from macro 'JSON_HEDLEY_UNLIKELY'
[build]  1360 | #  define JSON_HEDLEY_UNLIKELY(expr)                    __builtin_expect                 (!!(expr),    0                  )
[build]       |                                                                                              ^
[build] C:\Users\pperv\code\unnamed_rpg\vendor\json\include\nlohmann/detail/input/parser.hpp(100,13): note: in instantiation of function template specialization 'nlohmann::detail::parser<nlohmann::basic_json<>, nlohmann::detail::iterator_input_adapter<const char *>>::sax_parse_internal<nlohmann::detail::json_sax_dom_callback_parser<nlohmann::basic_json<>, nlohmann::detail::iterator_input_adapter<const char *>>>' requested here
[build]   100 |             sax_parse_internal(&sdp);
[build]       |             ^
[build] C:\Users\pperv\code\unnamed_rpg\vendor\json\include\nlohmann/json.hpp(4112,148): note: in instantiation of member function 'nlohmann::detail::parser<nlohmann::basic_json<>, nlohmann::detail::iterator_input_adapter<const char *>>::parse' requested here
[build]  4112 |         parser(detail::input_adapter(std::move(first), std::move(last)), std::move(cb), allow_exceptions, ignore_comments, ignore_trailing_commas).parse(true, result); // cppcheck-suppress[accessMoved]
[build]       |                                                                                                                                                    ^
[build] C:\Users\pperv\code\unnamed_rpg\vendor\json\include\nlohmann/json.hpp(5294,28): note: in instantiation of function template specialization 'nlohmann::basic_json<>::parse<const char *, const char *, 0>' requested here
[build]  5294 |     return nlohmann::json::parse(s, s + n);
[build]       |                            ^
[build] C:\Users\pperv\code\unnamed_rpg\vendor\json\include\nlohmann/json.hpp(2539,33): warning: enumeration type in nested name specifier is incompatible with C++98 [-Wc++98-compat]
[build]  2539 |                 m_data.m_type = value_t::null;
[build]       |                                 ^
[build] C:\Users\pperv\code\unnamed_rpg\vendor\json\include\nlohmann/detail/input/json_sax.hpp(819,24): note: in instantiation of function template specialization 'nlohmann::basic_json<>::erase<nlohmann::detail::iter_impl<nlohmann::basic_json<>>, 0>' requested here
[build]   819 |                 parent.erase(it);
[build]       |                        ^
[build] C:\Users\pperv\code\unnamed_rpg\vendor\json\include\nlohmann/detail/input/json_sax.hpp(874,21): note: in instantiation of member function 'nlohmann::detail::json_sax_dom_callback_parser<nlohmann::basic_json<>, nlohmann::detail::iterator_input_adapter<const char *>>::remove_discarded_value' requested here
[build]   874 |                     remove_discarded_value(*ref_stack.back());
[build]       |                     ^
[build] C:\Users\pperv\code\unnamed_rpg\vendor\json\include\nlohmann/detail/input/json_sax.hpp(551,20): note: in instantiation of function template specialization 'nlohmann::detail::json_sax_dom_callback_parser<nlohmann::basic_json<>, nlohmann::detail::iterator_input_adapter<const char *>>::handle_value<nlohmann::detail::value_t>' requested here
[build]   551 |         auto val = handle_value(BasicJsonType::value_t::object, true);
[build]       |                    ^
[build] C:\Users\pperv\code\unnamed_rpg\vendor\json\include\nlohmann/detail/input/parser.hpp(199,56): note: in instantiation of member function 'nlohmann::detail::json_sax_dom_callback_parser<nlohmann::basic_json<>, nlohmann::detail::iterator_input_adapter<const char *>>::start_object' requested here
[build]   199 |                         if (JSON_HEDLEY_UNLIKELY(!sax->start_object(detail::unknown_size())))
[build]       |                                                        ^
[build] C:\Users\pperv\code\unnamed_rpg\vendor\json\include\nlohmann/thirdparty/hedley/hedley.hpp(1360,94): note: expanded from macro 'JSON_HEDLEY_UNLIKELY'
[build]  1360 | #  define JSON_HEDLEY_UNLIKELY(expr)                    __builtin_expect                 (!!(expr),    0                  )
[build]       |                                                                                              ^
[build] C:\Users\pperv\code\unnamed_rpg\vendor\json\include\nlohmann/detail/input/parser.hpp(100,13): note: in instantiation of function template specialization 'nlohmann::detail::parser<nlohmann::basic_json<>, nlohmann::detail::iterator_input_adapter<const char *>>::sax_parse_internal<nlohmann::detail::json_sax_dom_callback_parser<nlohmann::basic_json<>, nlohmann::detail::iterator_input_adapter<const char *>>>' requested here
[build]   100 |             sax_parse_internal(&sdp);
[build]       |             ^
[build] C:\Users\pperv\code\unnamed_rpg\vendor\json\include\nlohmann/json.hpp(4112,148): note: in instantiation of member function 'nlohmann::detail::parser<nlohmann::basic_json<>, nlohmann::detail::iterator_input_adapter<const char *>>::parse' requested here
[build]  4112 |         parser(detail::input_adapter(std::move(first), std::move(last)), std::move(cb), allow_exceptions, ignore_comments, ignore_trailing_commas).parse(true, result); // cppcheck-suppress[accessMoved]
[build]       |                                                                                                                                                    ^
[build] C:\Users\pperv\code\unnamed_rpg\vendor\json\include\nlohmann/json.hpp(5294,28): note: in instantiation of function template specialization 'nlohmann::basic_json<>::parse<const char *, const char *, 0>' requested here
[build]  5294 |     return nlohmann::json::parse(s, s + n);
[build]       |                            ^
[build] C:\Users\pperv\code\unnamed_rpg\vendor\json\include\nlohmann/json.hpp(2544,18): warning: enumeration type in nested name specifier is incompatible with C++98 [-Wc++98-compat]
[build]  2544 |             case value_t::object:
[build]       |                  ^
[build] C:\Users\pperv\code\unnamed_rpg\vendor\json\include\nlohmann/json.hpp(2550,18): warning: enumeration type in nested name specifier is incompatible with C++98 [-Wc++98-compat]
[build]  2550 |             case value_t::array:
[build]       |                  ^
[build] C:\Users\pperv\code\unnamed_rpg\vendor\json\include\nlohmann/json.hpp(2556,18): warning: enumeration type in nested name specifier is incompatible with C++98 [-Wc++98-compat]
[build]  2556 |             case value_t::null:
[build]       |                  ^
[build] C:\Users\pperv\code\unnamed_rpg\vendor\json\include\nlohmann/json.hpp(2557,18): warning: enumeration type in nested name specifier is incompatible with C++98 [-Wc++98-compat]
[build]  2557 |             case value_t::discarded:
[build]       |                  ^
[build] C:\Users\pperv\code\unnamed_rpg\vendor\json\include\nlohmann/json.hpp(2558,13): warning: default label in switch which covers all enumeration values [-Wcovered-switch-default]
[build]  2558 |             default:
[build]       |             ^
[build] C:\Users\pperv\code\unnamed_rpg\vendor\json\include\nlohmann/json.hpp(4247,18): warning: enumeration type in nested name specifier is incompatible with C++98 [-Wc++98-compat]
[build]  4247 |             case value_t::null:
[build]       |                  ^
[build] C:\Users\pperv\code\unnamed_rpg\vendor\json\include\nlohmann/json.hpp(2559,95): note: in instantiation of member function 'nlohmann::basic_json<>::type_name' requested here
[build]  2559 |                 JSON_THROW(type_error::create(307, detail::concat("cannot use erase() with ", type_name()), this));
[build]       |                                                                                               ^
[build] C:\Users\pperv\code\unnamed_rpg\vendor\json\include\nlohmann/detail/macro_scope.hpp(198,41): note: expanded from macro 'JSON_THROW'
[build]   198 |     #define JSON_THROW(exception) throw exception
[build]       |                                         ^
[build] C:\Users\pperv\code\unnamed_rpg\vendor\json\include\nlohmann/detail/input/json_sax.hpp(819,24): note: in instantiation of function template specialization 'nlohmann::basic_json<>::erase<nlohmann::detail::iter_impl<nlohmann::basic_json<>>, 0>' requested here
[build]   819 |                 parent.erase(it);
[build]       |                        ^
[build] C:\Users\pperv\code\unnamed_rpg\vendor\json\include\nlohmann/detail/input/json_sax.hpp(874,21): note: in instantiation of member function 'nlohmann::detail::json_sax_dom_callback_parser<nlohmann::basic_json<>, nlohmann::detail::iterator_input_adapter<const char *>>::remove_discarded_value' requested here
[build]   874 |                     remove_discarded_value(*ref_stack.back());
[build]       |                     ^
[build] C:\Users\pperv\code\unnamed_rpg\vendor\json\include\nlohmann/detail/input/json_sax.hpp(551,20): note: in instantiation of function template specialization 'nlohmann::detail::json_sax_dom_callback_parser<nlohmann::basic_json<>, nlohmann::detail::iterator_input_adapter<const char *>>::handle_value<nlohmann::detail::value_t>' requested here
[build]   551 |         auto val = handle_value(BasicJsonType::value_t::object, true);
[build]       |                    ^
[build] C:\Users\pperv\code\unnamed_rpg\vendor\json\include\nlohmann/detail/input/parser.hpp(199,56): note: in instantiation of member function 'nlohmann::detail::json_sax_dom_callback_parser<nlohmann::basic_json<>, nlohmann::detail::iterator_input_adapter<const char *>>::start_object' requested here
[build]   199 |                         if (JSON_HEDLEY_UNLIKELY(!sax->start_object(detail::unknown_size())))
[build]       |                                                        ^
[build] C:\Users\pperv\code\unnamed_rpg\vendor\json\include\nlohmann/thirdparty/hedley/hedley.hpp(1360,94): note: expanded from macro 'JSON_HEDLEY_UNLIKELY'
[build]  1360 | #  define JSON_HEDLEY_UNLIKELY(expr)                    __builtin_expect                 (!!(expr),    0                  )
[build]       |                                                                                              ^
[build] C:\Users\pperv\code\unnamed_rpg\vendor\json\include\nlohmann/detail/input/parser.hpp(100,13): note: in instantiation of function template specialization 'nlohmann::detail::parser<nlohmann::basic_json<>, nlohmann::detail::iterator_input_adapter<const char *>>::sax_parse_internal<nlohmann::detail::json_sax_dom_callback_parser<nlohmann::basic_json<>, nlohmann::detail::iterator_input_adapter<const char *>>>' requested here
[build]   100 |             sax_parse_internal(&sdp);
[build]       |             ^
[build] C:\Users\pperv\code\unnamed_rpg\vendor\json\include\nlohmann/json.hpp(4112,148): note: in instantiation of member function 'nlohmann::detail::parser<nlohmann::basic_json<>, nlohmann::detail::iterator_input_adapter<const char *>>::parse' requested here
[build]  4112 |         parser(detail::input_adapter(std::move(first), std::move(last)), std::move(cb), allow_exceptions, ignore_comments, ignore_trailing_commas).parse(true, result); // cppcheck-suppress[accessMoved]
[build]       |                                                                                                                                                    ^
[build] C:\Users\pperv\code\unnamed_rpg\vendor\json\include\nlohmann/json.hpp(5294,28): note: in instantiation of function template specialization 'nlohmann::basic_json<>::parse<const char *, const char *, 0>' requested here
[build]  5294 |     return nlohmann::json::parse(s, s + n);
[build]       |                            ^
[build] C:\Users\pperv\code\unnamed_rpg\vendor\json\include\nlohmann/json.hpp(4249,18): warning: enumeration type in nested name specifier is incompatible with C++98 [-Wc++98-compat]
[build]  4249 |             case value_t::object:
[build]       |                  ^
[build] C:\Users\pperv\code\unnamed_rpg\vendor\json\include\nlohmann/json.hpp(4251,18): warning: enumeration type in nested name specifier is incompatible with C++98 [-Wc++98-compat]
[build]  4251 |             case value_t::array:
[build]       |                  ^
[build] C:\Users\pperv\code\unnamed_rpg\vendor\json\include\nlohmann/json.hpp(4253,18): warning: enumeration type in nested name specifier is incompatible with C++98 [-Wc++98-compat]
[build]  4253 |             case value_t::string:
[build]       |                  ^
[build] C:\Users\pperv\code\unnamed_rpg\vendor\json\include\nlohmann/json.hpp(4255,18): warning: enumeration type in nested name specifier is incompatible with C++98 [-Wc++98-compat]
[build]  4255 |             case value_t::boolean:
[build]       |                  ^
[build] C:\Users\pperv\code\unnamed_rpg\vendor\json\include\nlohmann/json.hpp(4257,18): warning: enumeration type in nested name specifier is incompatible with C++98 [-Wc++98-compat]
[build]  4257 |             case value_t::binary:
[build]       |                  ^
[build] C:\Users\pperv\code\unnamed_rpg\vendor\json\include\nlohmann/json.hpp(4259,18): warning: enumeration type in nested name specifier is incompatible with C++98 [-Wc++98-compat]
[build]  4259 |             case value_t::discarded:
[build]       |                  ^
[build] C:\Users\pperv\code\unnamed_rpg\vendor\json\include\nlohmann/json.hpp(4261,18): warning: enumeration type in nested name specifier is incompatible with C++98 [-Wc++98-compat]
[build]  4261 |             case value_t::number_integer:
[build]       |                  ^
[build] C:\Users\pperv\code\unnamed_rpg\vendor\json\include\nlohmann/json.hpp(4262,18): warning: enumeration type in nested name specifier is incompatible with C++98 [-Wc++98-compat]
[build]  4262 |             case value_t::number_unsigned:
[build]       |                  ^
[build] C:\Users\pperv\code\unnamed_rpg\vendor\json\include\nlohmann/json.hpp(4263,18): warning: enumeration type in nested name specifier is incompatible with C++98 [-Wc++98-compat]
[build]  4263 |             case value_t::number_float:
[build]       |                  ^
[build] C:\Users\pperv\code\unnamed_rpg\vendor\json\include\nlohmann/json.hpp(4265,13): warning: default label in switch which covers all enumeration values [-Wcovered-switch-default]
[build]  4265 |             default:
[build]       |             ^
[build] In file included from C:\Users\pperv\code\unnamed_rpg\vendor\json-schema-validator\src\json-schema-draft7.json.cpp:9:
[build] In file included from C:\Users\pperv\code\unnamed_rpg\vendor\json\include\nlohmann/json.hpp:44:
[build] In file included from C:\Users\pperv\code\unnamed_rpg\vendor\json\include\nlohmann/adl_serializer.hpp:14:
[build] In file included from C:\Users\pperv\code\unnamed_rpg\vendor\json\include\nlohmann/detail/conversions/from_json.hpp:24:
[build] C:\Users\pperv\code\unnamed_rpg\vendor\json\include\nlohmann/detail/exceptions.hpp(244,16): warning: generalized initializer lists are incompatible with C++98 [-Wc++98-compat]
[build]   244 |         return {id_, w.c_str()};
[build]       |                ^~~~~~~~~~~~~~~~
[build] C:\Users\pperv\code\unnamed_rpg\vendor\json\include\nlohmann/detail/exceptions.hpp(244,16): warning: constructor call from initializer list is incompatible with C++98 [-Wc++98-compat]
[build]   244 |         return {id_, w.c_str()};
[build]       |                ^~~~~~~~~~~~~~~~
[build] C:\Users\pperv\code\unnamed_rpg\vendor\json\include\nlohmann/detail/input/json_sax.hpp(819,24): note: in instantiation of function template specialization 'nlohmann::basic_json<>::erase<nlohmann::detail::iter_impl<nlohmann::basic_json<>>, 0>' requested here
[build]   819 |                 parent.erase(it);
[build]       |                        ^
[build] C:\Users\pperv\code\unnamed_rpg\vendor\json\include\nlohmann/detail/input/json_sax.hpp(874,21): note: in instantiation of member function 'nlohmann::detail::json_sax_dom_callback_parser<nlohmann::basic_json<>, nlohmann::detail::iterator_input_adapter<const char *>>::remove_discarded_value' requested here
[build]   874 |                     remove_discarded_value(*ref_stack.back());
[build]       |                     ^
[build] C:\Users\pperv\code\unnamed_rpg\vendor\json\include\nlohmann/detail/input/json_sax.hpp(551,20): note: in instantiation of function template specialization 'nlohmann::detail::json_sax_dom_callback_parser<nlohmann::basic_json<>, nlohmann::detail::iterator_input_adapter<const char *>>::handle_value<nlohmann::detail::value_t>' requested here
[build]   551 |         auto val = handle_value(BasicJsonType::value_t::object, true);
[build]       |                    ^
[build] C:\Users\pperv\code\unnamed_rpg\vendor\json\include\nlohmann/detail/input/parser.hpp(199,56): note: in instantiation of member function 'nlohmann::detail::json_sax_dom_callback_parser<nlohmann::basic_json<>, nlohmann::detail::iterator_input_adapter<const char *>>::start_object' requested here
[build]   199 |                         if (JSON_HEDLEY_UNLIKELY(!sax->start_object(detail::unknown_size())))
[build]       |                                                        ^
[build] C:\Users\pperv\code\unnamed_rpg\vendor\json\include\nlohmann/thirdparty/hedley/hedley.hpp(1360,94): note: expanded from macro 'JSON_HEDLEY_UNLIKELY'
[build]  1360 | #  define JSON_HEDLEY_UNLIKELY(expr)                    __builtin_expect                 (!!(expr),    0                  )
[build]       |                                                                                              ^
[build] C:\Users\pperv\code\unnamed_rpg\vendor\json\include\nlohmann/detail/input/parser.hpp(100,13): note: in instantiation of function template specialization 'nlohmann::detail::parser<nlohmann::basic_json<>, nlohmann::detail::iterator_input_adapter<const char *>>::sax_parse_internal<nlohmann::detail::json_sax_dom_callback_parser<nlohmann::basic_json<>, nlohmann::detail::iterator_input_adapter<const char *>>>' requested here
[build]   100 |             sax_parse_internal(&sdp);
[build]       |             ^
[build] C:\Users\pperv\code\unnamed_rpg\vendor\json\include\nlohmann/json.hpp(4112,148): note: in instantiation of member function 'nlohmann::detail::parser<nlohmann::basic_json<>, nlohmann::detail::iterator_input_adapter<const char *>>::parse' requested here
[build]  4112 |         parser(detail::input_adapter(std::move(first), std::move(last)), std::move(cb), allow_exceptions, ignore_comments, ignore_trailing_commas).parse(true, result); // cppcheck-suppress[accessMoved]
[build]       |                                                                                                                                                    ^
[build] C:\Users\pperv\code\unnamed_rpg\vendor\json\include\nlohmann/json.hpp(5294,28): note: in instantiation of function template specialization 'nlohmann::basic_json<>::parse<const char *, const char *, 0>' requested here
[build]  5294 |     return nlohmann::json::parse(s, s + n);
[build]       |                            ^
[build] In file included from C:\Users\pperv\code\unnamed_rpg\vendor\json-schema-validator\src\json-schema-draft7.json.cpp:9:
[build] In file included from C:\Users\pperv\code\unnamed_rpg\vendor\json\include\nlohmann/json.hpp:44:
[build] In file included from C:\Users\pperv\code\unnamed_rpg\vendor\json\include\nlohmann/adl_serializer.hpp:14:
[build] In file included from C:\Users\pperv\code\unnamed_rpg\vendor\json\include\nlohmann/detail/conversions/from_json.hpp:24:
[build] C:\Users\pperv\code\unnamed_rpg\vendor\json\include\nlohmann/detail/exceptions.hpp(244,16): warning: constructor call from initializer list is incompatible with C++98 [-Wc++98-compat]
[build]   244 |         return {id_, w.c_str()};
[build]       |                ^~~~~~~~~~~~~~~~
[build] C:\Users\pperv\code\unnamed_rpg\vendor\json\include\nlohmann/json.hpp(2559,40): note: in instantiation of function template specialization 'nlohmann::detail::type_error::create<nlohmann::basic_json<> *, 0>' requested here
[build]  2559 |                 JSON_THROW(type_error::create(307, detail::concat("cannot use erase() with ", type_name()), this));
[build]       |                                        ^
[build] C:\Users\pperv\code\unnamed_rpg\vendor\json\include\nlohmann/detail/macro_scope.hpp(198,41): note: expanded from macro 'JSON_THROW'
[build]   198 |     #define JSON_THROW(exception) throw exception
[build]       |                                         ^
[build] C:\Users\pperv\code\unnamed_rpg\vendor\json\include\nlohmann/detail/input/json_sax.hpp(819,24): note: in instantiation of function template specialization 'nlohmann::basic_json<>::erase<nlohmann::detail::iter_impl<nlohmann::basic_json<>>, 0>' requested here
[build]   819 |                 parent.erase(it);
[build]       |                        ^
[build] C:\Users\pperv\code\unnamed_rpg\vendor\json\include\nlohmann/detail/input/json_sax.hpp(874,21): note: in instantiation of member function 'nlohmann::detail::json_sax_dom_callback_parser<nlohmann::basic_json<>, nlohmann::detail::iterator_input_adapter<const char *>>::remove_discarded_value' requested here
[build]   874 |                     remove_discarded_value(*ref_stack.back());
[build]       |                     ^
[build] C:\Users\pperv\code\unnamed_rpg\vendor\json\include\nlohmann/detail/input/json_sax.hpp(551,20): note: in instantiation of function template specialization 'nlohmann::detail::json_sax_dom_callback_parser<nlohmann::basic_json<>, nlohmann::detail::iterator_input_adapter<const char *>>::handle_value<nlohmann::detail::value_t>' requested here
[build]   551 |         auto val = handle_value(BasicJsonType::value_t::object, true);
[build]       |                    ^
[build] C:\Users\pperv\code\unnamed_rpg\vendor\json\include\nlohmann/detail/input/parser.hpp(199,56): note: in instantiation of member function 'nlohmann::detail::json_sax_dom_callback_parser<nlohmann::basic_json<>, nlohmann::detail::iterator_input_adapter<const char *>>::start_object' requested here
[build]   199 |                         if (JSON_HEDLEY_UNLIKELY(!sax->start_object(detail::unknown_size())))
[build]       |                                                        ^
[build] C:\Users\pperv\code\unnamed_rpg\vendor\json\include\nlohmann/thirdparty/hedley/hedley.hpp(1360,94): note: expanded from macro 'JSON_HEDLEY_UNLIKELY'
[build]  1360 | #  define JSON_HEDLEY_UNLIKELY(expr)                    __builtin_expect                 (!!(expr),    0                  )
[build]       |                                                                                              ^
[build] C:\Users\pperv\code\unnamed_rpg\vendor\json\include\nlohmann/detail/input/parser.hpp(100,13): note: in instantiation of function template specialization 'nlohmann::detail::parser<nlohmann::basic_json<>, nlohmann::detail::iterator_input_adapter<const char *>>::sax_parse_internal<nlohmann::detail::json_sax_dom_callback_parser<nlohmann::basic_json<>, nlohmann::detail::iterator_input_adapter<const char *>>>' requested here
[build]   100 |             sax_parse_internal(&sdp);
[build]       |             ^
[build] C:\Users\pperv\code\unnamed_rpg\vendor\json\include\nlohmann/json.hpp(4112,148): note: in instantiation of member function 'nlohmann::detail::parser<nlohmann::basic_json<>, nlohmann::detail::iterator_input_adapter<const char *>>::parse' requested here
[build]  4112 |         parser(detail::input_adapter(std::move(first), std::move(last)), std::move(cb), allow_exceptions, ignore_comments, ignore_trailing_commas).parse(true, result); // cppcheck-suppress[accessMoved]
[build]       |                                                                                                                                                    ^
[build] C:\Users\pperv\code\unnamed_rpg\vendor\json\include\nlohmann/json.hpp(5294,28): note: in instantiation of function template specialization 'nlohmann::basic_json<>::parse<const char *, const char *, 0>' requested here
[build]  5294 |     return nlohmann::json::parse(s, s + n);
[build]       |                            ^
[build] C:\Users\pperv\code\unnamed_rpg\vendor\json\include\nlohmann/json.hpp(3059,18): warning: enumeration type in nested name specifier is incompatible with C++98 [-Wc++98-compat]
[build]  3059 |             case value_t::array:
[build]       |                  ^
[build] C:\Users\pperv\code\unnamed_rpg\vendor\json\include\nlohmann/detail/input/json_sax.hpp(569,95): note: in instantiation of member function 'nlohmann::basic_json<>::max_size' requested here
[build]   569 |             if (JSON_HEDLEY_UNLIKELY(len != detail::unknown_size() && len > ref_stack.back()->max_size()))
[build]       |                                                                                               ^
[build] C:\Users\pperv\code\unnamed_rpg\vendor\json\include\nlohmann/thirdparty/hedley/hedley.hpp(1360,94): note: expanded from macro 'JSON_HEDLEY_UNLIKELY'
[build]  1360 | #  define JSON_HEDLEY_UNLIKELY(expr)                    __builtin_expect                 (!!(expr),    0                  )
[build]       |                                                                                              ^
[build] C:\Users\pperv\code\unnamed_rpg\vendor\json\include\nlohmann/detail/input/parser.hpp(199,56): note: in instantiation of member function 'nlohmann::detail::json_sax_dom_callback_parser<nlohmann::basic_json<>, nlohmann::detail::iterator_input_adapter<const char *>>::start_object' requested here
[build]   199 |                         if (JSON_HEDLEY_UNLIKELY(!sax->start_object(detail::unknown_size())))
[build]       |                                                        ^
[build] C:\Users\pperv\code\unnamed_rpg\vendor\json\include\nlohmann/thirdparty/hedley/hedley.hpp(1360,94): note: expanded from macro 'JSON_HEDLEY_UNLIKELY'
[build]  1360 | #  define JSON_HEDLEY_UNLIKELY(expr)                    __builtin_expect                 (!!(expr),    0                  )
[build]       |                                                                                              ^
[build] C:\Users\pperv\code\unnamed_rpg\vendor\json\include\nlohmann/detail/input/parser.hpp(100,13): note: in instantiation of function template specialization 'nlohmann::detail::parser<nlohmann::basic_json<>, nlohmann::detail::iterator_input_adapter<const char *>>::sax_parse_internal<nlohmann::detail::json_sax_dom_callback_parser<nlohmann::basic_json<>, nlohmann::detail::iterator_input_adapter<const char *>>>' requested here
[build]   100 |             sax_parse_internal(&sdp);
[build]       |             ^
[build] C:\Users\pperv\code\unnamed_rpg\vendor\json\include\nlohmann/json.hpp(4112,148): note: in instantiation of member function 'nlohmann::detail::parser<nlohmann::basic_json<>, nlohmann::detail::iterator_input_adapter<const char *>>::parse' requested here
[build]  4112 |         parser(detail::input_adapter(std::move(first), std::move(last)), std::move(cb), allow_exceptions, ignore_comments, ignore_trailing_commas).parse(true, result); // cppcheck-suppress[accessMoved]
[build]       |                                                                                                                                                    ^
[build] C:\Users\pperv\code\unnamed_rpg\vendor\json\include\nlohmann/json.hpp(5294,28): note: in instantiation of function template specialization 'nlohmann::basic_json<>::parse<const char *, const char *, 0>' requested here
[build]  5294 |     return nlohmann::json::parse(s, s + n);
[build]       |                            ^
[build] C:\Users\pperv\code\unnamed_rpg\vendor\json\include\nlohmann/json.hpp(3065,18): warning: enumeration type in nested name specifier is incompatible with C++98 [-Wc++98-compat]
[build]  3065 |             case value_t::object:
[build]       |                  ^
[build] C:\Users\pperv\code\unnamed_rpg\vendor\json\include\nlohmann/json.hpp(3071,18): warning: enumeration type in nested name specifier is incompatible with C++98 [-Wc++98-compat]
[build]  3071 |             case value_t::null:
[build]       |                  ^
[build] C:\Users\pperv\code\unnamed_rpg\vendor\json\include\nlohmann/json.hpp(3072,18): warning: enumeration type in nested name specifier is incompatible with C++98 [-Wc++98-compat]
[build]  3072 |             case value_t::string:
[build]       |                  ^
[build] C:\Users\pperv\code\unnamed_rpg\vendor\json\include\nlohmann/json.hpp(3073,18): warning: enumeration type in nested name specifier is incompatible with C++98 [-Wc++98-compat]
[build]  3073 |             case value_t::boolean:
[build]       |                  ^
[build] C:\Users\pperv\code\unnamed_rpg\vendor\json\include\nlohmann/json.hpp(3074,18): warning: enumeration type in nested name specifier is incompatible with C++98 [-Wc++98-compat]
[build]  3074 |             case value_t::number_integer:
[build]       |                  ^
[build] C:\Users\pperv\code\unnamed_rpg\vendor\json\include\nlohmann/json.hpp(3075,18): warning: enumeration type in nested name specifier is incompatible with C++98 [-Wc++98-compat]
[build]  3075 |             case value_t::number_unsigned:
[build]       |                  ^
[build] C:\Users\pperv\code\unnamed_rpg\vendor\json\include\nlohmann/json.hpp(3076,18): warning: enumeration type in nested name specifier is incompatible with C++98 [-Wc++98-compat]
[build]  3076 |             case value_t::number_float:
[build]       |                  ^
[build] C:\Users\pperv\code\unnamed_rpg\vendor\json\include\nlohmann/json.hpp(3077,18): warning: enumeration type in nested name specifier is incompatible with C++98 [-Wc++98-compat]
[build]  3077 |             case value_t::binary:
[build]       |                  ^
[build] C:\Users\pperv\code\unnamed_rpg\vendor\json\include\nlohmann/json.hpp(3078,18): warning: enumeration type in nested name specifier is incompatible with C++98 [-Wc++98-compat]
[build]  3078 |             case value_t::discarded:
[build]       |                  ^
[build] C:\Users\pperv\code\unnamed_rpg\vendor\json\include\nlohmann/json.hpp(3079,13): warning: default label in switch which covers all enumeration values [-Wcovered-switch-default]
[build]  3079 |             default:
[build]       |             ^
[build] C:\Users\pperv\code\unnamed_rpg\vendor\json\include\nlohmann/json.hpp(3020,18): warning: enumeration type in nested name specifier is incompatible with C++98 [-Wc++98-compat]
[build]  3020 |             case value_t::null:
[build]       |                  ^
[build] C:\Users\pperv\code\unnamed_rpg\vendor\json\include\nlohmann/json.hpp(3082,24): note: in instantiation of member function 'nlohmann::basic_json<>::size' requested here
[build]  3082 |                 return size();
[build]       |                        ^
[build] C:\Users\pperv\code\unnamed_rpg\vendor\json\include\nlohmann/detail/input/json_sax.hpp(569,95): note: in instantiation of member function 'nlohmann::basic_json<>::max_size' requested here
[build]   569 |             if (JSON_HEDLEY_UNLIKELY(len != detail::unknown_size() && len > ref_stack.back()->max_size()))
[build]       |                                                                                               ^
[build] C:\Users\pperv\code\unnamed_rpg\vendor\json\include\nlohmann/thirdparty/hedley/hedley.hpp(1360,94): note: expanded from macro 'JSON_HEDLEY_UNLIKELY'
[build]  1360 | #  define JSON_HEDLEY_UNLIKELY(expr)                    __builtin_expect                 (!!(expr),    0                  )
[build]       |                                                                                              ^
[build] C:\Users\pperv\code\unnamed_rpg\vendor\json\include\nlohmann/detail/input/parser.hpp(199,56): note: in instantiation of member function 'nlohmann::detail::json_sax_dom_callback_parser<nlohmann::basic_json<>, nlohmann::detail::iterator_input_adapter<const char *>>::start_object' requested here
[build]   199 |                         if (JSON_HEDLEY_UNLIKELY(!sax->start_object(detail::unknown_size())))
[build]       |                                                        ^
[build] C:\Users\pperv\code\unnamed_rpg\vendor\json\include\nlohmann/thirdparty/hedley/hedley.hpp(1360,94): note: expanded from macro 'JSON_HEDLEY_UNLIKELY'
[build]  1360 | #  define JSON_HEDLEY_UNLIKELY(expr)                    __builtin_expect                 (!!(expr),    0                  )
[build]       |                                                                                              ^
[build] C:\Users\pperv\code\unnamed_rpg\vendor\json\include\nlohmann/detail/input/parser.hpp(100,13): note: in instantiation of function template specialization 'nlohmann::detail::parser<nlohmann::basic_json<>, nlohmann::detail::iterator_input_adapter<const char *>>::sax_parse_internal<nlohmann::detail::json_sax_dom_callback_parser<nlohmann::basic_json<>, nlohmann::detail::iterator_input_adapter<const char *>>>' requested here
[build]   100 |             sax_parse_internal(&sdp);
[build]       |             ^
[build] C:\Users\pperv\code\unnamed_rpg\vendor\json\include\nlohmann/json.hpp(4112,148): note: in instantiation of member function 'nlohmann::detail::parser<nlohmann::basic_json<>, nlohmann::detail::iterator_input_adapter<const char *>>::parse' requested here
[build]  4112 |         parser(detail::input_adapter(std::move(first), std::move(last)), std::move(cb), allow_exceptions, ignore_comments, ignore_trailing_commas).parse(true, result); // cppcheck-suppress[accessMoved]
[build]       |                                                                                                                                                    ^
[build] C:\Users\pperv\code\unnamed_rpg\vendor\json\include\nlohmann/json.hpp(5294,28): note: in instantiation of function template specialization 'nlohmann::basic_json<>::parse<const char *, const char *, 0>' requested here
[build]  5294 |     return nlohmann::json::parse(s, s + n);
[build]       |                            ^
[build] C:\Users\pperv\code\unnamed_rpg\vendor\json\include\nlohmann/json.hpp(3026,18): warning: enumeration type in nested name specifier is incompatible with C++98 [-Wc++98-compat]
[build]  3026 |             case value_t::array:
[build]       |                  ^
[build] C:\Users\pperv\code\unnamed_rpg\vendor\json\include\nlohmann/json.hpp(3032,18): warning: enumeration type in nested name specifier is incompatible with C++98 [-Wc++98-compat]
[build]  3032 |             case value_t::object:
[build]       |                  ^
[build] C:\Users\pperv\code\unnamed_rpg\vendor\json\include\nlohmann/json.hpp(3038,18): warning: enumeration type in nested name specifier is incompatible with C++98 [-Wc++98-compat]
[build]  3038 |             case value_t::string:
[build]       |                  ^
[build] C:\Users\pperv\code\unnamed_rpg\vendor\json\include\nlohmann/json.hpp(3039,18): warning: enumeration type in nested name specifier is incompatible with C++98 [-Wc++98-compat]
[build]  3039 |             case value_t::boolean:
[build]       |                  ^
[build] C:\Users\pperv\code\unnamed_rpg\vendor\json\include\nlohmann/json.hpp(3040,18): warning: enumeration type in nested name specifier is incompatible with C++98 [-Wc++98-compat]
[build]  3040 |             case value_t::number_integer:
[build]       |                  ^
[build] C:\Users\pperv\code\unnamed_rpg\vendor\json\include\nlohmann/json.hpp(3041,18): warning: enumeration type in nested name specifier is incompatible with C++98 [-Wc++98-compat]
[build]  3041 |             case value_t::number_unsigned:
[build]       |                  ^
[build] C:\Users\pperv\code\unnamed_rpg\vendor\json\include\nlohmann/json.hpp(3042,18): warning: enumeration type in nested name specifier is incompatible with C++98 [-Wc++98-compat]
[build]  3042 |             case value_t::number_float:
[build]       |                  ^
[build] C:\Users\pperv\code\unnamed_rpg\vendor\json\include\nlohmann/json.hpp(3043,18): warning: enumeration type in nested name specifier is incompatible with C++98 [-Wc++98-compat]
[build]  3043 |             case value_t::binary:
[build]       |                  ^
[build] C:\Users\pperv\code\unnamed_rpg\vendor\json\include\nlohmann/json.hpp(3044,18): warning: enumeration type in nested name specifier is incompatible with C++98 [-Wc++98-compat]
[build]  3044 |             case value_t::discarded:
[build]       |                  ^
[build] C:\Users\pperv\code\unnamed_rpg\vendor\json\include\nlohmann/json.hpp(3045,13): warning: default label in switch which covers all enumeration values [-Wcovered-switch-default]
[build]  3045 |             default:
[build]       |             ^
[build] In file included from C:\Users\pperv\code\unnamed_rpg\vendor\json-schema-validator\src\json-schema-draft7.json.cpp:9:
[build] In file included from C:\Users\pperv\code\unnamed_rpg\vendor\json\include\nlohmann/json.hpp:44:
[build] In file included from C:\Users\pperv\code\unnamed_rpg\vendor\json\include\nlohmann/adl_serializer.hpp:14:
[build] In file included from C:\Users\pperv\code\unnamed_rpg\vendor\json\include\nlohmann/detail/conversions/from_json.hpp:24:
[build] C:\Users\pperv\code\unnamed_rpg\vendor\json\include\nlohmann/detail/exceptions.hpp(261,16): warning: generalized initializer lists are incompatible with C++98 [-Wc++98-compat]
[build]   261 |         return {id_, w.c_str()};
[build]       |                ^~~~~~~~~~~~~~~~
[build] C:\Users\pperv\code\unnamed_rpg\vendor\json\include\nlohmann/detail/exceptions.hpp(261,16): warning: constructor call from initializer list is incompatible with C++98 [-Wc++98-compat]
[build]   261 |         return {id_, w.c_str()};
[build]       |                ^~~~~~~~~~~~~~~~
[build] C:\Users\pperv\code\unnamed_rpg\vendor\json\include\nlohmann/detail/input/parser.hpp(199,56): note: in instantiation of member function 'nlohmann::detail::json_sax_dom_callback_parser<nlohmann::basic_json<>, nlohmann::detail::iterator_input_adapter<const char *>>::start_object' requested here
[build]   199 |                         if (JSON_HEDLEY_UNLIKELY(!sax->start_object(detail::unknown_size())))
[build]       |                                                        ^
[build] C:\Users\pperv\code\unnamed_rpg\vendor\json\include\nlohmann/thirdparty/hedley/hedley.hpp(1360,94): note: expanded from macro 'JSON_HEDLEY_UNLIKELY'
[build]  1360 | #  define JSON_HEDLEY_UNLIKELY(expr)                    __builtin_expect                 (!!(expr),    0                  )
[build]       |                                                                                              ^
[build] C:\Users\pperv\code\unnamed_rpg\vendor\json\include\nlohmann/detail/input/parser.hpp(100,13): note: in instantiation of function template specialization 'nlohmann::detail::parser<nlohmann::basic_json<>, nlohmann::detail::iterator_input_adapter<const char *>>::sax_parse_internal<nlohmann::detail::json_sax_dom_callback_parser<nlohmann::basic_json<>, nlohmann::detail::iterator_input_adapter<const char *>>>' requested here
[build]   100 |             sax_parse_internal(&sdp);
[build]       |             ^
[build] C:\Users\pperv\code\unnamed_rpg\vendor\json\include\nlohmann/json.hpp(4112,148): note: in instantiation of member function 'nlohmann::detail::parser<nlohmann::basic_json<>, nlohmann::detail::iterator_input_adapter<const char *>>::parse' requested here
[build]  4112 |         parser(detail::input_adapter(std::move(first), std::move(last)), std::move(cb), allow_exceptions, ignore_comments, ignore_trailing_commas).parse(true, result); // cppcheck-suppress[accessMoved]
[build]       |                                                                                                                                                    ^
[build] C:\Users\pperv\code\unnamed_rpg\vendor\json\include\nlohmann/json.hpp(5294,28): note: in instantiation of function template specialization 'nlohmann::basic_json<>::parse<const char *, const char *, 0>' requested here
[build]  5294 |     return nlohmann::json::parse(s, s + n);
[build]       |                            ^
[build] In file included from C:\Users\pperv\code\unnamed_rpg\vendor\json-schema-validator\src\json-schema-draft7.json.cpp:9:
[build] In file included from C:\Users\pperv\code\unnamed_rpg\vendor\json\include\nlohmann/json.hpp:44:
[build] In file included from C:\Users\pperv\code\unnamed_rpg\vendor\json\include\nlohmann/adl_serializer.hpp:14:
[build] In file included from C:\Users\pperv\code\unnamed_rpg\vendor\json\include\nlohmann/detail/conversions/from_json.hpp:24:
[build] C:\Users\pperv\code\unnamed_rpg\vendor\json\include\nlohmann/detail/exceptions.hpp(261,16): warning: constructor call from initializer list is incompatible with C++98 [-Wc++98-compat]
[build]   261 |         return {id_, w.c_str()};
[build]       |                ^~~~~~~~~~~~~~~~
[build] C:\Users\pperv\code\unnamed_rpg\vendor\json\include\nlohmann/detail/input/json_sax.hpp(571,42): note: in instantiation of function template specialization 'nlohmann::detail::out_of_range::create<nlohmann::basic_json<> *, 0>' requested here
[build]   571 |                 JSON_THROW(out_of_range::create(408, concat("excessive object size: ", std::to_string(len)), ref_stack.back()));
[build]       |                                          ^
[build] C:\Users\pperv\code\unnamed_rpg\vendor\json\include\nlohmann/detail/macro_scope.hpp(198,41): note: expanded from macro 'JSON_THROW'
[build]   198 |     #define JSON_THROW(exception) throw exception
[build]       |                                         ^
[build] C:\Users\pperv\code\unnamed_rpg\vendor\json\include\nlohmann/detail/input/parser.hpp(199,56): note: in instantiation of member function 'nlohmann::detail::json_sax_dom_callback_parser<nlohmann::basic_json<>, nlohmann::detail::iterator_input_adapter<const char *>>::start_object' requested here
[build]   199 |                         if (JSON_HEDLEY_UNLIKELY(!sax->start_object(detail::unknown_size())))
[build]       |                                                        ^
[build] C:\Users\pperv\code\unnamed_rpg\vendor\json\include\nlohmann/thirdparty/hedley/hedley.hpp(1360,94): note: expanded from macro 'JSON_HEDLEY_UNLIKELY'
[build]  1360 | #  define JSON_HEDLEY_UNLIKELY(expr)                    __builtin_expect                 (!!(expr),    0                  )
[build]       |                                                                                              ^
[build] C:\Users\pperv\code\unnamed_rpg\vendor\json\include\nlohmann/detail/input/parser.hpp(100,13): note: in instantiation of function template specialization 'nlohmann::detail::parser<nlohmann::basic_json<>, nlohmann::detail::iterator_input_adapter<const char *>>::sax_parse_internal<nlohmann::detail::json_sax_dom_callback_parser<nlohmann::basic_json<>, nlohmann::detail::iterator_input_adapter<const char *>>>' requested here
[build]   100 |             sax_parse_internal(&sdp);
[build]       |             ^
[build] C:\Users\pperv\code\unnamed_rpg\vendor\json\include\nlohmann/json.hpp(4112,148): note: in instantiation of member function 'nlohmann::detail::parser<nlohmann::basic_json<>, nlohmann::detail::iterator_input_adapter<const char *>>::parse' requested here
[build]  4112 |         parser(detail::input_adapter(std::move(first), std::move(last)), std::move(cb), allow_exceptions, ignore_comments, ignore_trailing_commas).parse(true, result); // cppcheck-suppress[accessMoved]
[build]       |                                                                                                                                                    ^
[build] C:\Users\pperv\code\unnamed_rpg\vendor\json\include\nlohmann/json.hpp(5294,28): note: in instantiation of function template specialization 'nlohmann::basic_json<>::parse<const char *, const char *, 0>' requested here
[build]  5294 |     return nlohmann::json::parse(s, s + n);
[build]       |                            ^
[build] In file included from C:\Users\pperv\code\unnamed_rpg\vendor\json-schema-validator\src\json-schema-draft7.json.cpp:9:
[build] In file included from C:\Users\pperv\code\unnamed_rpg\vendor\json\include\nlohmann/json.hpp:50:
[build] In file included from C:\Users\pperv\code\unnamed_rpg\vendor\json\include\nlohmann/detail/input/binary_reader.hpp:29:
[build] C:\Users\pperv\code\unnamed_rpg\vendor\json\include\nlohmann/detail/input/json_sax.hpp(598,67): warning: enumeration type in nested name specifier is incompatible with C++98 [-Wc++98-compat]
[build]   598 |             if (!callback(static_cast<int>(ref_stack.size()) - 1, parse_event_t::object_end, *ref_stack.back()))
[build]       |                                                                   ^
[build] C:\Users\pperv\code\unnamed_rpg\vendor\json\include\nlohmann/detail/input/parser.hpp(207,60): note: in instantiation of member function 'nlohmann::detail::json_sax_dom_callback_parser<nlohmann::basic_json<>, nlohmann::detail::iterator_input_adapter<const char *>>::end_object' requested here
[build]   207 |                             if (JSON_HEDLEY_UNLIKELY(!sax->end_object()))
[build]       |                                                            ^
[build] C:\Users\pperv\code\unnamed_rpg\vendor\json\include\nlohmann/thirdparty/hedley/hedley.hpp(1360,94): note: expanded from macro 'JSON_HEDLEY_UNLIKELY'
[build]  1360 | #  define JSON_HEDLEY_UNLIKELY(expr)                    __builtin_expect                 (!!(expr),    0                  )
[build]       |                                                                                              ^
[build] C:\Users\pperv\code\unnamed_rpg\vendor\json\include\nlohmann/detail/input/parser.hpp(100,13): note: in instantiation of function template specialization 'nlohmann::detail::parser<nlohmann::basic_json<>, nlohmann::detail::iterator_input_adapter<const char *>>::sax_parse_internal<nlohmann::detail::json_sax_dom_callback_parser<nlohmann::basic_json<>, nlohmann::detail::iterator_input_adapter<const char *>>>' requested here
[build]   100 |             sax_parse_internal(&sdp);
[build]       |             ^
[build] C:\Users\pperv\code\unnamed_rpg\vendor\json\include\nlohmann/json.hpp(4112,148): note: in instantiation of member function 'nlohmann::detail::parser<nlohmann::basic_json<>, nlohmann::detail::iterator_input_adapter<const char *>>::parse' requested here
[build]  4112 |         parser(detail::input_adapter(std::move(first), std::move(last)), std::move(cb), allow_exceptions, ignore_comments, ignore_trailing_commas).parse(true, result); // cppcheck-suppress[accessMoved]
[build]       |                                                                                                                                                    ^
[build] C:\Users\pperv\code\unnamed_rpg\vendor\json\include\nlohmann/json.hpp(5294,28): note: in instantiation of function template specialization 'nlohmann::basic_json<>::parse<const char *, const char *, 0>' requested here
[build]  5294 |     return nlohmann::json::parse(s, s + n);
[build]       |                            ^
[build] C:\Users\pperv\code\unnamed_rpg\vendor\json\include\nlohmann/json.hpp(4306,19): warning: constructor call from initializer list is incompatible with C++98 [-Wc++98-compat]
[build]  4306 |     data m_data = {}; // NOLINT(readability-redundant-member-init)
[build]       |                   ^~
[build] C:\Users\pperv\code\unnamed_rpg\vendor\json\include\nlohmann/json.hpp(1192,5): note: in instantiation of default member initializer 'nlohmann::basic_json<>::m_data' requested here
[build]  1192 |     basic_json(const basic_json& other)
[build]       |     ^
[build] C:\Users\pperv\code\unnamed_rpg\vendor\json\include\nlohmann/detail/input/json_sax.hpp(601,37): note: in instantiation of member function 'nlohmann::basic_json<>::basic_json' requested here
[build]   601 |                 *ref_stack.back() = discarded;
[build]       |                                     ^
[build] C:\Users\pperv\code\unnamed_rpg\vendor\json\include\nlohmann/detail/input/parser.hpp(207,60): note: in instantiation of member function 'nlohmann::detail::json_sax_dom_callback_parser<nlohmann::basic_json<>, nlohmann::detail::iterator_input_adapter<const char *>>::end_object' requested here
[build]   207 |                             if (JSON_HEDLEY_UNLIKELY(!sax->end_object()))
[build]       |                                                            ^
[build] C:\Users\pperv\code\unnamed_rpg\vendor\json\include\nlohmann/thirdparty/hedley/hedley.hpp(1360,94): note: expanded from macro 'JSON_HEDLEY_UNLIKELY'
[build]  1360 | #  define JSON_HEDLEY_UNLIKELY(expr)                    __builtin_expect                 (!!(expr),    0                  )
[build]       |                                                                                              ^
[build] C:\Users\pperv\code\unnamed_rpg\vendor\json\include\nlohmann/detail/input/parser.hpp(100,13): note: in instantiation of function template specialization 'nlohmann::detail::parser<nlohmann::basic_json<>, nlohmann::detail::iterator_input_adapter<const char *>>::sax_parse_internal<nlohmann::detail::json_sax_dom_callback_parser<nlohmann::basic_json<>, nlohmann::detail::iterator_input_adapter<const char *>>>' requested here
[build]   100 |             sax_parse_internal(&sdp);
[build]       |             ^
[build] C:\Users\pperv\code\unnamed_rpg\vendor\json\include\nlohmann/json.hpp(4112,148): note: in instantiation of member function 'nlohmann::detail::parser<nlohmann::basic_json<>, nlohmann::detail::iterator_input_adapter<const char *>>::parse' requested here
[build]  4112 |         parser(detail::input_adapter(std::move(first), std::move(last)), std::move(cb), allow_exceptions, ignore_comments, ignore_trailing_commas).parse(true, result); // cppcheck-suppress[accessMoved]
[build]       |                                                                                                                                                    ^
[build] C:\Users\pperv\code\unnamed_rpg\vendor\json\include\nlohmann/json.hpp(5294,28): note: in instantiation of function template specialization 'nlohmann::basic_json<>::parse<const char *, const char *, 0>' requested here
[build]  5294 |     return nlohmann::json::parse(s, s + n);
[build]       |                            ^
[build] C:\Users\pperv\code\unnamed_rpg\vendor\json\include\nlohmann/json.hpp(4278,26): warning: enumeration type in nested name specifier is incompatible with C++98 [-Wc++98-compat]
[build]  4278 |         value_t m_type = value_t::null;
[build]       |                          ^
[build] C:\Users\pperv\code\unnamed_rpg\vendor\json\include\nlohmann/json.hpp(4294,9): note: in instantiation of default member initializer 'nlohmann::basic_json<>::data::m_type' requested here
[build]  4294 |         data() noexcept = default;
[build]       |         ^
[build] C:\Users\pperv\code\unnamed_rpg\vendor\json\include\nlohmann/json.hpp(4306,19): note: in defaulted default constructor for 'nlohmann::basic_json<>::data' first required here
[build]  4306 |     data m_data = {}; // NOLINT(readability-redundant-member-init)
[build]       |                   ^
[build] C:\Users\pperv\code\unnamed_rpg\vendor\json\include\nlohmann/json.hpp(1192,5): note: in instantiation of default member initializer 'nlohmann::basic_json<>::m_data' requested here
[build]  1192 |     basic_json(const basic_json& other)
[build]       |     ^
[build] C:\Users\pperv\code\unnamed_rpg\vendor\json\include\nlohmann/detail/input/json_sax.hpp(601,37): note: in instantiation of member function 'nlohmann::basic_json<>::basic_json' requested here
[build]   601 |                 *ref_stack.back() = discarded;
[build]       |                                     ^
[build] C:\Users\pperv\code\unnamed_rpg\vendor\json\include\nlohmann/detail/input/parser.hpp(207,60): note: in instantiation of member function 'nlohmann::detail::json_sax_dom_callback_parser<nlohmann::basic_json<>, nlohmann::detail::iterator_input_adapter<const char *>>::end_object' requested here
[build]   207 |                             if (JSON_HEDLEY_UNLIKELY(!sax->end_object()))
[build]       |                                                            ^
[build] C:\Users\pperv\code\unnamed_rpg\vendor\json\include\nlohmann/thirdparty/hedley/hedley.hpp(1360,94): note: expanded from macro 'JSON_HEDLEY_UNLIKELY'
[build]  1360 | #  define JSON_HEDLEY_UNLIKELY(expr)                    __builtin_expect                 (!!(expr),    0                  )
[build]       |                                                                                              ^
[build] C:\Users\pperv\code\unnamed_rpg\vendor\json\include\nlohmann/detail/input/parser.hpp(100,13): note: in instantiation of function template specialization 'nlohmann::detail::parser<nlohmann::basic_json<>, nlohmann::detail::iterator_input_adapter<const char *>>::sax_parse_internal<nlohmann::detail::json_sax_dom_callback_parser<nlohmann::basic_json<>, nlohmann::detail::iterator_input_adapter<const char *>>>' requested here
[build]   100 |             sax_parse_internal(&sdp);
[build]       |             ^
[build] C:\Users\pperv\code\unnamed_rpg\vendor\json\include\nlohmann/json.hpp(4112,148): note: in instantiation of member function 'nlohmann::detail::parser<nlohmann::basic_json<>, nlohmann::detail::iterator_input_adapter<const char *>>::parse' requested here
[build]  4112 |         parser(detail::input_adapter(std::move(first), std::move(last)), std::move(cb), allow_exceptions, ignore_comments, ignore_trailing_commas).parse(true, result); // cppcheck-suppress[accessMoved]
[build]       |                                                                                                                                                    ^
[build] C:\Users\pperv\code\unnamed_rpg\vendor\json\include\nlohmann/json.hpp(5294,28): note: in instantiation of function template specialization 'nlohmann::basic_json<>::parse<const char *, const char *, 0>' requested here
[build]  5294 |     return nlohmann::json::parse(s, s + n);
[build]       |                            ^
[build] C:\Users\pperv\code\unnamed_rpg\vendor\json\include\nlohmann/json.hpp(4281,30): warning: constructor call from initializer list is incompatible with C++98 [-Wc++98-compat]
[build]  4281 |         json_value m_value = {};
[build]       |                              ^~
[build] C:\Users\pperv\code\unnamed_rpg\vendor\json\include\nlohmann/json.hpp(4294,9): note: in instantiation of default member initializer 'nlohmann::basic_json<>::data::m_value' requested here
[build]  4294 |         data() noexcept = default;
[build]       |         ^
[build] C:\Users\pperv\code\unnamed_rpg\vendor\json\include\nlohmann/json.hpp(4306,19): note: in defaulted default constructor for 'nlohmann::basic_json<>::data' first required here
[build]  4306 |     data m_data = {}; // NOLINT(readability-redundant-member-init)
[build]       |                   ^
[build] C:\Users\pperv\code\unnamed_rpg\vendor\json\include\nlohmann/json.hpp(1192,5): note: in instantiation of default member initializer 'nlohmann::basic_json<>::m_data' requested here
[build]  1192 |     basic_json(const basic_json& other)
[build]       |     ^
[build] C:\Users\pperv\code\unnamed_rpg\vendor\json\include\nlohmann/detail/input/json_sax.hpp(601,37): note: in instantiation of member function 'nlohmann::basic_json<>::basic_json' requested here
[build]   601 |                 *ref_stack.back() = discarded;
[build]       |                                     ^
[build] C:\Users\pperv\code\unnamed_rpg\vendor\json\include\nlohmann/detail/input/parser.hpp(207,60): note: in instantiation of member function 'nlohmann::detail::json_sax_dom_callback_parser<nlohmann::basic_json<>, nlohmann::detail::iterator_input_adapter<const char *>>::end_object' requested here
[build]   207 |                             if (JSON_HEDLEY_UNLIKELY(!sax->end_object()))
[build]       |                                                            ^
[build] C:\Users\pperv\code\unnamed_rpg\vendor\json\include\nlohmann/thirdparty/hedley/hedley.hpp(1360,94): note: expanded from macro 'JSON_HEDLEY_UNLIKELY'
[build]  1360 | #  define JSON_HEDLEY_UNLIKELY(expr)                    __builtin_expect                 (!!(expr),    0                  )
[build]       |                                                                                              ^
[build] C:\Users\pperv\code\unnamed_rpg\vendor\json\include\nlohmann/detail/input/parser.hpp(100,13): note: in instantiation of function template specialization 'nlohmann::detail::parser<nlohmann::basic_json<>, nlohmann::detail::iterator_input_adapter<const char *>>::sax_parse_internal<nlohmann::detail::json_sax_dom_callback_parser<nlohmann::basic_json<>, nlohmann::detail::iterator_input_adapter<const char *>>>' requested here
[build]   100 |             sax_parse_internal(&sdp);
[build]       |             ^
[build] C:\Users\pperv\code\unnamed_rpg\vendor\json\include\nlohmann/json.hpp(4112,148): note: in instantiation of member function 'nlohmann::detail::parser<nlohmann::basic_json<>, nlohmann::detail::iterator_input_adapter<const char *>>::parse' requested here
[build]  4112 |         parser(detail::input_adapter(std::move(first), std::move(last)), std::move(cb), allow_exceptions, ignore_comments, ignore_trailing_commas).parse(true, result); // cppcheck-suppress[accessMoved]
[build]       |                                                                                                                                                    ^
[build] C:\Users\pperv\code\unnamed_rpg\vendor\json\include\nlohmann/json.hpp(5294,28): note: in instantiation of function template specialization 'nlohmann::basic_json<>::parse<const char *, const char *, 0>' requested here
[build]  5294 |     return nlohmann::json::parse(s, s + n);
[build]       |                            ^
[build] C:\Users\pperv\code\unnamed_rpg\vendor\json\include\nlohmann/json.hpp(1205,18): warning: enumeration type in nested name specifier is incompatible with C++98 [-Wc++98-compat]
[build]  1205 |             case value_t::object:
[build]       |                  ^
[build] C:\Users\pperv\code\unnamed_rpg\vendor\json\include\nlohmann/detail/input/json_sax.hpp(601,37): note: in instantiation of member function 'nlohmann::basic_json<>::basic_json' requested here
[build]   601 |                 *ref_stack.back() = discarded;
[build]       |                                     ^
[build] C:\Users\pperv\code\unnamed_rpg\vendor\json\include\nlohmann/detail/input/parser.hpp(207,60): note: in instantiation of member function 'nlohmann::detail::json_sax_dom_callback_parser<nlohmann::basic_json<>, nlohmann::detail::iterator_input_adapter<const char *>>::end_object' requested here
[build]   207 |                             if (JSON_HEDLEY_UNLIKELY(!sax->end_object()))
[build]       |                                                            ^
[build] C:\Users\pperv\code\unnamed_rpg\vendor\json\include\nlohmann/thirdparty/hedley/hedley.hpp(1360,94): note: expanded from macro 'JSON_HEDLEY_UNLIKELY'
[build]  1360 | #  define JSON_HEDLEY_UNLIKELY(expr)                    __builtin_expect                 (!!(expr),    0                  )
[build]       |                                                                                              ^
[build] C:\Users\pperv\code\unnamed_rpg\vendor\json\include\nlohmann/detail/input/parser.hpp(100,13): note: in instantiation of function template specialization 'nlohmann::detail::parser<nlohmann::basic_json<>, nlohmann::detail::iterator_input_adapter<const char *>>::sax_parse_internal<nlohmann::detail::json_sax_dom_callback_parser<nlohmann::basic_json<>, nlohmann::detail::iterator_input_adapter<const char *>>>' requested here
[build]   100 |             sax_parse_internal(&sdp);
[build]       |             ^
[build] C:\Users\pperv\code\unnamed_rpg\vendor\json\include\nlohmann/json.hpp(4112,148): note: in instantiation of member function 'nlohmann::detail::parser<nlohmann::basic_json<>, nlohmann::detail::iterator_input_adapter<const char *>>::parse' requested here
[build]  4112 |         parser(detail::input_adapter(std::move(first), std::move(last)), std::move(cb), allow_exceptions, ignore_comments, ignore_trailing_commas).parse(true, result); // cppcheck-suppress[accessMoved]
[build]       |                                                                                                                                                    ^
[build] C:\Users\pperv\code\unnamed_rpg\vendor\json\include\nlohmann/json.hpp(5294,28): note: in instantiation of function template specialization 'nlohmann::basic_json<>::parse<const char *, const char *, 0>' requested here
[build]  5294 |     return nlohmann::json::parse(s, s + n);
[build]       |                            ^
[build] C:\Users\pperv\code\unnamed_rpg\vendor\json\include\nlohmann/json.hpp(1211,18): warning: enumeration type in nested name specifier is incompatible with C++98 [-Wc++98-compat]
[build]  1211 |             case value_t::array:
[build]       |                  ^
[build] C:\Users\pperv\code\unnamed_rpg\vendor\json\include\nlohmann/json.hpp(1217,18): warning: enumeration type in nested name specifier is incompatible with C++98 [-Wc++98-compat]
[build]  1217 |             case value_t::string:
[build]       |                  ^
[build] C:\Users\pperv\code\unnamed_rpg\vendor\json\include\nlohmann/json.hpp(1223,18): warning: enumeration type in nested name specifier is incompatible with C++98 [-Wc++98-compat]
[build]  1223 |             case value_t::boolean:
[build]       |                  ^
[build] C:\Users\pperv\code\unnamed_rpg\vendor\json\include\nlohmann/json.hpp(1229,18): warning: enumeration type in nested name specifier is incompatible with C++98 [-Wc++98-compat]
[build]  1229 |             case value_t::number_integer:
[build]       |                  ^
[build] C:\Users\pperv\code\unnamed_rpg\vendor\json\include\nlohmann/json.hpp(1235,18): warning: enumeration type in nested name specifier is incompatible with C++98 [-Wc++98-compat]
[build]  1235 |             case value_t::number_unsigned:
[build]       |                  ^
[build] C:\Users\pperv\code\unnamed_rpg\vendor\json\include\nlohmann/json.hpp(1241,18): warning: enumeration type in nested name specifier is incompatible with C++98 [-Wc++98-compat]
[build]  1241 |             case value_t::number_float:
[build]       |                  ^
[build] C:\Users\pperv\code\unnamed_rpg\vendor\json\include\nlohmann/json.hpp(1247,18): warning: enumeration type in nested name specifier is incompatible with C++98 [-Wc++98-compat]
[build]  1247 |             case value_t::binary:
[build]       |                  ^
[build] C:\Users\pperv\code\unnamed_rpg\vendor\json\include\nlohmann/json.hpp(1253,18): warning: enumeration type in nested name specifier is incompatible with C++98 [-Wc++98-compat]
[build]  1253 |             case value_t::null:
[build]       |                  ^
[build] C:\Users\pperv\code\unnamed_rpg\vendor\json\include\nlohmann/json.hpp(1254,18): warning: enumeration type in nested name specifier is incompatible with C++98 [-Wc++98-compat]
[build]  1254 |             case value_t::discarded:
[build]       |                  ^
[build] C:\Users\pperv\code\unnamed_rpg\vendor\json\include\nlohmann/json.hpp(1255,13): warning: default label in switch which covers all enumeration values [-Wcovered-switch-default]
[build]  1255 |             default:
[build]       |             ^
[build] C:\Users\pperv\code\unnamed_rpg\vendor\json\include\nlohmann/json.hpp(420,28): warning: local type '(lambda at C:\Users\pperv\code\unnamed_rpg\vendor\json\include\nlohmann\json.hpp:416:24)' as template argument is incompatible with C++98 [-Wc++98-compat-local-type-template-args]
[build]   420 |         std::unique_ptr<T, decltype(deleter)> obj(AllocatorTraits::allocate(alloc, 1), deleter);
[build]       |                            ^~~~~~~~~~~~~~~~~
[build] C:\Users\pperv\code\unnamed_rpg\vendor\json\include\nlohmann/json.hpp(564,52): note: in instantiation of function template specialization 'nlohmann::basic_json<>::create<std::map<std::basic_string<char>, nlohmann::basic_json<>, std::less<void>>, const std::map<std::basic_string<char>, nlohmann::basic_json<>, std::less<void>> &>' requested here
[build]   564 |         json_value(const object_t& value) : object(create<object_t>(value)) {}
[build]       |                                                    ^
[build] C:\Users\pperv\code\unnamed_rpg\vendor\json\include\nlohmann/json.hpp(1207,34): note: in instantiation of member function 'nlohmann::basic_json<>::json_value::json_value' requested here
[build]  1207 |                 m_data.m_value = *other.m_data.m_value.object;
[build]       |                                  ^
[build] C:\Users\pperv\code\unnamed_rpg\vendor\json\include\nlohmann/detail/input/json_sax.hpp(601,37): note: in instantiation of member function 'nlohmann::basic_json<>::basic_json' requested here
[build]   601 |                 *ref_stack.back() = discarded;
[build]       |                                     ^
[build] C:\Users\pperv\code\unnamed_rpg\vendor\json\include\nlohmann/detail/input/parser.hpp(207,60): note: in instantiation of member function 'nlohmann::detail::json_sax_dom_callback_parser<nlohmann::basic_json<>, nlohmann::detail::iterator_input_adapter<const char *>>::end_object' requested here
[build]   207 |                             if (JSON_HEDLEY_UNLIKELY(!sax->end_object()))
[build]       |                                                            ^
[build] C:\Users\pperv\code\unnamed_rpg\vendor\json\include\nlohmann/thirdparty/hedley/hedley.hpp(1360,94): note: expanded from macro 'JSON_HEDLEY_UNLIKELY'
[build]  1360 | #  define JSON_HEDLEY_UNLIKELY(expr)                    __builtin_expect                 (!!(expr),    0                  )
[build]       |                                                                                              ^
[build] C:\Users\pperv\code\unnamed_rpg\vendor\json\include\nlohmann/detail/input/parser.hpp(100,13): note: in instantiation of function template specialization 'nlohmann::detail::parser<nlohmann::basic_json<>, nlohmann::detail::iterator_input_adapter<const char *>>::sax_parse_internal<nlohmann::detail::json_sax_dom_callback_parser<nlohmann::basic_json<>, nlohmann::detail::iterator_input_adapter<const char *>>>' requested here
[build]   100 |             sax_parse_internal(&sdp);
[build]       |             ^
[build] C:\Users\pperv\code\unnamed_rpg\vendor\json\include\nlohmann/json.hpp(4112,148): note: in instantiation of member function 'nlohmann::detail::parser<nlohmann::basic_json<>, nlohmann::detail::iterator_input_adapter<const char *>>::parse' requested here
[build]  4112 |         parser(detail::input_adapter(std::move(first), std::move(last)), std::move(cb), allow_exceptions, ignore_comments, ignore_trailing_commas).parse(true, result); // cppcheck-suppress[accessMoved]
[build]       |                                                                                                                                                    ^
[build] C:\Users\pperv\code\unnamed_rpg\vendor\json\include\nlohmann/json.hpp(5294,28): note: in instantiation of function template specialization 'nlohmann::basic_json<>::parse<const char *, const char *, 0>' requested here
[build]  5294 |     return nlohmann::json::parse(s, s + n);
[build]       |                            ^
[build] C:\Users\pperv\code\unnamed_rpg\vendor\json\include\nlohmann/json.hpp(420,28): warning: local type '(lambda at C:\Users\pperv\code\unnamed_rpg\vendor\json\include\nlohmann\json.hpp:416:24)' as template argument is incompatible with C++98 [-Wc++98-compat-local-type-template-args]
[build]   420 |         std::unique_ptr<T, decltype(deleter)> obj(AllocatorTraits::allocate(alloc, 1), deleter);
[build]       |                            ^~~~~~~~~~~~~~~~~
[build] C:\Users\pperv\code\unnamed_rpg\vendor\json\include\nlohmann/json.hpp(570,50): note: in instantiation of function template specialization 'nlohmann::basic_json<>::create<std::vector<nlohmann::basic_json<>>, const std::vector<nlohmann::basic_json<>> &>' requested here
[build]   570 |         json_value(const array_t& value) : array(create<array_t>(value)) {}
[build]       |                                                  ^
[build] C:\Users\pperv\code\unnamed_rpg\vendor\json\include\nlohmann/json.hpp(1213,34): note: in instantiation of member function 'nlohmann::basic_json<>::json_value::json_value' requested here
[build]  1213 |                 m_data.m_value = *other.m_data.m_value.array;
[build]       |                                  ^
[build] C:\Users\pperv\code\unnamed_rpg\vendor\json\include\nlohmann/detail/input/json_sax.hpp(601,37): note: in instantiation of member function 'nlohmann::basic_json<>::basic_json' requested here
[build]   601 |                 *ref_stack.back() = discarded;
[build]       |                                     ^
[build] C:\Users\pperv\code\unnamed_rpg\vendor\json\include\nlohmann/detail/input/parser.hpp(207,60): note: in instantiation of member function 'nlohmann::detail::json_sax_dom_callback_parser<nlohmann::basic_json<>, nlohmann::detail::iterator_input_adapter<const char *>>::end_object' requested here
[build]   207 |                             if (JSON_HEDLEY_UNLIKELY(!sax->end_object()))
[build]       |                                                            ^
[build] C:\Users\pperv\code\unnamed_rpg\vendor\json\include\nlohmann/thirdparty/hedley/hedley.hpp(1360,94): note: expanded from macro 'JSON_HEDLEY_UNLIKELY'
[build]  1360 | #  define JSON_HEDLEY_UNLIKELY(expr)                    __builtin_expect                 (!!(expr),    0                  )
[build]       |                                                                                              ^
[build] C:\Users\pperv\code\unnamed_rpg\vendor\json\include\nlohmann/detail/input/parser.hpp(100,13): note: in instantiation of function template specialization 'nlohmann::detail::parser<nlohmann::basic_json<>, nlohmann::detail::iterator_input_adapter<const char *>>::sax_parse_internal<nlohmann::detail::json_sax_dom_callback_parser<nlohmann::basic_json<>, nlohmann::detail::iterator_input_adapter<const char *>>>' requested here
[build]   100 |             sax_parse_internal(&sdp);
[build]       |             ^
[build] C:\Users\pperv\code\unnamed_rpg\vendor\json\include\nlohmann/json.hpp(4112,148): note: in instantiation of member function 'nlohmann::detail::parser<nlohmann::basic_json<>, nlohmann::detail::iterator_input_adapter<const char *>>::parse' requested here
[build]  4112 |         parser(detail::input_adapter(std::move(first), std::move(last)), std::move(cb), allow_exceptions, ignore_comments, ignore_trailing_commas).parse(true, result); // cppcheck-suppress[accessMoved]
[build]       |                                                                                                                                                    ^
[build] C:\Users\pperv\code\unnamed_rpg\vendor\json\include\nlohmann/json.hpp(5294,28): note: in instantiation of function template specialization 'nlohmann::basic_json<>::parse<const char *, const char *, 0>' requested here
[build]  5294 |     return nlohmann::json::parse(s, s + n);
[build]       |                            ^
[build] C:\Users\pperv\code\unnamed_rpg\vendor\json\include\nlohmann/json.hpp(420,28): warning: local type '(lambda at C:\Users\pperv\code\unnamed_rpg\vendor\json\include\nlohmann\json.hpp:416:24)' as template argument is incompatible with C++98 [-Wc++98-compat-local-type-template-args]
[build]   420 |         std::unique_ptr<T, decltype(deleter)> obj(AllocatorTraits::allocate(alloc, 1), deleter);
[build]       |                            ^~~~~~~~~~~~~~~~~
[build] C:\Users\pperv\code\unnamed_rpg\vendor\json\include\nlohmann/json.hpp(558,52): note: in instantiation of function template specialization 'nlohmann::basic_json<>::create<std::basic_string<char>, const std::basic_string<char> &>' requested here
[build]   558 |         json_value(const string_t& value) : string(create<string_t>(value)) {}
[build]       |                                                    ^
[build] C:\Users\pperv\code\unnamed_rpg\vendor\json\include\nlohmann/json.hpp(1219,34): note: in instantiation of member function 'nlohmann::basic_json<>::json_value::json_value' requested here
[build]  1219 |                 m_data.m_value = *other.m_data.m_value.string;
[build]       |                                  ^
[build] C:\Users\pperv\code\unnamed_rpg\vendor\json\include\nlohmann/detail/input/json_sax.hpp(601,37): note: in instantiation of member function 'nlohmann::basic_json<>::basic_json' requested here
[build]   601 |                 *ref_stack.back() = discarded;
[build]       |                                     ^
[build] C:\Users\pperv\code\unnamed_rpg\vendor\json\include\nlohmann/detail/input/parser.hpp(207,60): note: in instantiation of member function 'nlohmann::detail::json_sax_dom_callback_parser<nlohmann::basic_json<>, nlohmann::detail::iterator_input_adapter<const char *>>::end_object' requested here
[build]   207 |                             if (JSON_HEDLEY_UNLIKELY(!sax->end_object()))
[build]       |                                                            ^
[build] C:\Users\pperv\code\unnamed_rpg\vendor\json\include\nlohmann/thirdparty/hedley/hedley.hpp(1360,94): note: expanded from macro 'JSON_HEDLEY_UNLIKELY'
[build]  1360 | #  define JSON_HEDLEY_UNLIKELY(expr)                    __builtin_expect                 (!!(expr),    0                  )
[build]       |                                                                                              ^
[build] C:\Users\pperv\code\unnamed_rpg\vendor\json\include\nlohmann/detail/input/parser.hpp(100,13): note: in instantiation of function template specialization 'nlohmann::detail::parser<nlohmann::basic_json<>, nlohmann::detail::iterator_input_adapter<const char *>>::sax_parse_internal<nlohmann::detail::json_sax_dom_callback_parser<nlohmann::basic_json<>, nlohmann::detail::iterator_input_adapter<const char *>>>' requested here
[build]   100 |             sax_parse_internal(&sdp);
[build]       |             ^
[build] C:\Users\pperv\code\unnamed_rpg\vendor\json\include\nlohmann/json.hpp(4112,148): note: in instantiation of member function 'nlohmann::detail::parser<nlohmann::basic_json<>, nlohmann::detail::iterator_input_adapter<const char *>>::parse' requested here
[build]  4112 |         parser(detail::input_adapter(std::move(first), std::move(last)), std::move(cb), allow_exceptions, ignore_comments, ignore_trailing_commas).parse(true, result); // cppcheck-suppress[accessMoved]
[build]       |                                                                                                                                                    ^
[build] C:\Users\pperv\code\unnamed_rpg\vendor\json\include\nlohmann/json.hpp(5294,28): note: in instantiation of function template specialization 'nlohmann::basic_json<>::parse<const char *, const char *, 0>' requested here
[build]  5294 |     return nlohmann::json::parse(s, s + n);
[build]       |                            ^
[build] C:\Users\pperv\code\unnamed_rpg\vendor\json\include\nlohmann/json.hpp(420,28): warning: local type '(lambda at C:\Users\pperv\code\unnamed_rpg\vendor\json\include\nlohmann\json.hpp:416:24)' as template argument is incompatible with C++98 [-Wc++98-compat-local-type-template-args]
[build]   420 |         std::unique_ptr<T, decltype(deleter)> obj(AllocatorTraits::allocate(alloc, 1), deleter);
[build]       |                            ^~~~~~~~~~~~~~~~~
[build] C:\Users\pperv\code\unnamed_rpg\vendor\json\include\nlohmann/json.hpp(582,52): note: in instantiation of function template specialization 'nlohmann::basic_json<>::create<nlohmann::byte_container_with_subtype<std::vector<unsigned char>>, const nlohmann::byte_container_with_subtype<std::vector<unsigned char>> &>' requested here
[build]   582 |         json_value(const binary_t& value) : binary(create<binary_t>(value)) {}
[build]       |                                                    ^
[build] C:\Users\pperv\code\unnamed_rpg\vendor\json\include\nlohmann/json.hpp(1249,34): note: in instantiation of member function 'nlohmann::basic_json<>::json_value::json_value' requested here
[build]  1249 |                 m_data.m_value = *other.m_data.m_value.binary;
[build]       |                                  ^
[build] C:\Users\pperv\code\unnamed_rpg\vendor\json\include\nlohmann/detail/input/json_sax.hpp(601,37): note: in instantiation of member function 'nlohmann::basic_json<>::basic_json' requested here
[build]   601 |                 *ref_stack.back() = discarded;
[build]       |                                     ^
[build] C:\Users\pperv\code\unnamed_rpg\vendor\json\include\nlohmann/detail/input/parser.hpp(207,60): note: in instantiation of member function 'nlohmann::detail::json_sax_dom_callback_parser<nlohmann::basic_json<>, nlohmann::detail::iterator_input_adapter<const char *>>::end_object' requested here
[build]   207 |                             if (JSON_HEDLEY_UNLIKELY(!sax->end_object()))
[build]       |                                                            ^
[build] C:\Users\pperv\code\unnamed_rpg\vendor\json\include\nlohmann/thirdparty/hedley/hedley.hpp(1360,94): note: expanded from macro 'JSON_HEDLEY_UNLIKELY'
[build]  1360 | #  define JSON_HEDLEY_UNLIKELY(expr)                    __builtin_expect                 (!!(expr),    0                  )
[build]       |                                                                                              ^
[build] C:\Users\pperv\code\unnamed_rpg\vendor\json\include\nlohmann/detail/input/parser.hpp(100,13): note: in instantiation of function template specialization 'nlohmann::detail::parser<nlohmann::basic_json<>, nlohmann::detail::iterator_input_adapter<const char *>>::sax_parse_internal<nlohmann::detail::json_sax_dom_callback_parser<nlohmann::basic_json<>, nlohmann::detail::iterator_input_adapter<const char *>>>' requested here
[build]   100 |             sax_parse_internal(&sdp);
[build]       |             ^
[build] C:\Users\pperv\code\unnamed_rpg\vendor\json\include\nlohmann/json.hpp(4112,148): note: in instantiation of member function 'nlohmann::detail::parser<nlohmann::basic_json<>, nlohmann::detail::iterator_input_adapter<const char *>>::parse' requested here
[build]  4112 |         parser(detail::input_adapter(std::move(first), std::move(last)), std::move(cb), allow_exceptions, ignore_comments, ignore_trailing_commas).parse(true, result); // cppcheck-suppress[accessMoved]
[build]       |                                                                                                                                                    ^
[build] C:\Users\pperv\code\unnamed_rpg\vendor\json\include\nlohmann/json.hpp(5294,28): note: in instantiation of function template specialization 'nlohmann::basic_json<>::parse<const char *, const char *, 0>' requested here
[build]  5294 |     return nlohmann::json::parse(s, s + n);
[build]       |                            ^
[build] In file included from C:\Users\pperv\code\unnamed_rpg\vendor\json-schema-validator\src\json-schema-draft7.json.cpp:9:
[build] In file included from C:\Users\pperv\code\unnamed_rpg\vendor\json\include\nlohmann/json.hpp:50:
[build] In file included from C:\Users\pperv\code\unnamed_rpg\vendor\json\include\nlohmann/detail/input/binary_reader.hpp:29:
[build] C:\Users\pperv\code\unnamed_rpg\vendor\json\include\nlohmann/detail/input/json_sax.hpp(582,72): warning: enumeration type in nested name specifier is incompatible with C++98 [-Wc++98-compat]
[build]   582 |         const bool keep = callback(static_cast<int>(ref_stack.size()), parse_event_t::key, k);
[build]       |                                                                        ^
[build] C:\Users\pperv\code\unnamed_rpg\vendor\json\include\nlohmann/detail/input/parser.hpp(221,56): note: in instantiation of member function 'nlohmann::detail::json_sax_dom_callback_parser<nlohmann::basic_json<>, nlohmann::detail::iterator_input_adapter<const char *>>::key' requested here
[build]   221 |                         if (JSON_HEDLEY_UNLIKELY(!sax->key(m_lexer.get_string())))
[build]       |                                                        ^
[build] C:\Users\pperv\code\unnamed_rpg\vendor\json\include\nlohmann/thirdparty/hedley/hedley.hpp(1360,94): note: expanded from macro 'JSON_HEDLEY_UNLIKELY'
[build]  1360 | #  define JSON_HEDLEY_UNLIKELY(expr)                    __builtin_expect                 (!!(expr),    0                  )
[build]       |                                                                                              ^
[build] C:\Users\pperv\code\unnamed_rpg\vendor\json\include\nlohmann/detail/input/parser.hpp(100,13): note: in instantiation of function template specialization 'nlohmann::detail::parser<nlohmann::basic_json<>, nlohmann::detail::iterator_input_adapter<const char *>>::sax_parse_internal<nlohmann::detail::json_sax_dom_callback_parser<nlohmann::basic_json<>, nlohmann::detail::iterator_input_adapter<const char *>>>' requested here
[build]   100 |             sax_parse_internal(&sdp);
[build]       |             ^
[build] C:\Users\pperv\code\unnamed_rpg\vendor\json\include\nlohmann/json.hpp(4112,148): note: in instantiation of member function 'nlohmann::detail::parser<nlohmann::basic_json<>, nlohmann::detail::iterator_input_adapter<const char *>>::parse' requested here
[build]  4112 |         parser(detail::input_adapter(std::move(first), std::move(last)), std::move(cb), allow_exceptions, ignore_comments, ignore_trailing_commas).parse(true, result); // cppcheck-suppress[accessMoved]
[build]       |                                                                                                                                                    ^
[build] C:\Users\pperv\code\unnamed_rpg\vendor\json\include\nlohmann/json.hpp(5294,28): note: in instantiation of function template specialization 'nlohmann::basic_json<>::parse<const char *, const char *, 0>' requested here
[build]  5294 |     return nlohmann::json::parse(s, s + n);
[build]       |                            ^
[build] In file included from C:\Users\pperv\code\unnamed_rpg\vendor\json-schema-validator\src\json-schema-draft7.json.cpp:9:
[build] In file included from C:\Users\pperv\code\unnamed_rpg\vendor\json\include\nlohmann/json.hpp:44:
[build] In file included from C:\Users\pperv\code\unnamed_rpg\vendor\json\include\nlohmann/adl_serializer.hpp:15:
[build] C:\Users\pperv\code\unnamed_rpg\vendor\json\include\nlohmann/detail/conversions/to_json.hpp(327,26): warning: enumeration type in nested name specifier is incompatible with C++98 [-Wc++98-compat]
[build]   327 |     external_constructor<value_t::string>::construct(j, s);
[build]       |                          ^
[build] C:\Users\pperv\code\unnamed_rpg\vendor\json\include\nlohmann/adl_serializer.hpp(51,9): note: in instantiation of function template specialization 'nlohmann::detail::to_json_fn::operator()<nlohmann::basic_json<>, std::basic_string<char> &>' requested here
[build]    51 |         ::nlohmann::to_json(j, std::forward<TargetType>(val));
[build]       |         ^
[build] C:\Users\pperv\code\unnamed_rpg\vendor\json\include\nlohmann/json.hpp(872,28): note: in instantiation of function template specialization 'nlohmann::adl_serializer<std::basic_string<char>>::to_json<nlohmann::basic_json<>, std::basic_string<char> &>' requested here
[build]   872 |         JSONSerializer<U>::to_json(*this, std::forward<CompatibleType>(val));
[build]       |                            ^
[build] C:\Users\pperv\code\unnamed_rpg\vendor\json\include\nlohmann/detail/input/json_sax.hpp(579,27): note: in instantiation of function template specialization 'nlohmann::basic_json<>::basic_json<std::basic_string<char> &, std::basic_string<char>, 0>' requested here
[build]   579 |         BasicJsonType k = BasicJsonType(val);
[build]       |                           ^
[build] C:\Users\pperv\code\unnamed_rpg\vendor\json\include\nlohmann/detail/input/parser.hpp(221,56): note: in instantiation of member function 'nlohmann::detail::json_sax_dom_callback_parser<nlohmann::basic_json<>, nlohmann::detail::iterator_input_adapter<const char *>>::key' requested here
[build]   221 |                         if (JSON_HEDLEY_UNLIKELY(!sax->key(m_lexer.get_string())))
[build]       |                                                        ^
[build] C:\Users\pperv\code\unnamed_rpg\vendor\json\include\nlohmann/thirdparty/hedley/hedley.hpp(1360,94): note: expanded from macro 'JSON_HEDLEY_UNLIKELY'
[build]  1360 | #  define JSON_HEDLEY_UNLIKELY(expr)                    __builtin_expect                 (!!(expr),    0                  )
[build]       |                                                                                              ^
[build] C:\Users\pperv\code\unnamed_rpg\vendor\json\include\nlohmann/detail/input/parser.hpp(100,13): note: in instantiation of function template specialization 'nlohmann::detail::parser<nlohmann::basic_json<>, nlohmann::detail::iterator_input_adapter<const char *>>::sax_parse_internal<nlohmann::detail::json_sax_dom_callback_parser<nlohmann::basic_json<>, nlohmann::detail::iterator_input_adapter<const char *>>>' requested here
[build]   100 |             sax_parse_internal(&sdp);
[build]       |             ^
[build] C:\Users\pperv\code\unnamed_rpg\vendor\json\include\nlohmann/json.hpp(4112,148): note: in instantiation of member function 'nlohmann::detail::parser<nlohmann::basic_json<>, nlohmann::detail::iterator_input_adapter<const char *>>::parse' requested here
[build]  4112 |         parser(detail::input_adapter(std::move(first), std::move(last)), std::move(cb), allow_exceptions, ignore_comments, ignore_trailing_commas).parse(true, result); // cppcheck-suppress[accessMoved]
[build]       |                                                                                                                                                    ^
[build] C:\Users\pperv\code\unnamed_rpg\vendor\json\include\nlohmann/json.hpp(5294,28): note: in instantiation of function template specialization 'nlohmann::basic_json<>::parse<const char *, const char *, 0>' requested here
[build]  5294 |     return nlohmann::json::parse(s, s + n);
[build]       |                            ^
[build] In file included from C:\Users\pperv\code\unnamed_rpg\vendor\json-schema-validator\src\json-schema-draft7.json.cpp:9:
[build] In file included from C:\Users\pperv\code\unnamed_rpg\vendor\json\include\nlohmann/json.hpp:44:
[build] In file included from C:\Users\pperv\code\unnamed_rpg\vendor\json\include\nlohmann/adl_serializer.hpp:15:
[build] C:\Users\pperv\code\unnamed_rpg\vendor\json\include\nlohmann/detail/conversions/to_json.hpp(69,27): warning: enumeration type in nested name specifier is incompatible with C++98 [-Wc++98-compat]
[build]    69 |         j.m_data.m_type = value_t::string;
[build]       |                           ^
[build] C:\Users\pperv\code\unnamed_rpg\vendor\json\include\nlohmann/detail/conversions/to_json.hpp(516,16): note: in instantiation of function template specialization 'nlohmann::detail::to_json<nlohmann::basic_json<>, std::basic_string<char>, 0>' requested here
[build]   516 |         return to_json(j, std::forward<T>(val));
[build]       |                ^
[build] C:\Users\pperv\code\unnamed_rpg\vendor\json\include\nlohmann/adl_serializer.hpp(51,9): note: in instantiation of function template specialization 'nlohmann::detail::to_json_fn::operator()<nlohmann::basic_json<>, std::basic_string<char> &>' requested here
[build]    51 |         ::nlohmann::to_json(j, std::forward<TargetType>(val));
[build]       |         ^
[build] C:\Users\pperv\code\unnamed_rpg\vendor\json\include\nlohmann/json.hpp(872,28): note: in instantiation of function template specialization 'nlohmann::adl_serializer<std::basic_string<char>>::to_json<nlohmann::basic_json<>, std::basic_string<char> &>' requested here
[build]   872 |         JSONSerializer<U>::to_json(*this, std::forward<CompatibleType>(val));
[build]       |                            ^
[build] C:\Users\pperv\code\unnamed_rpg\vendor\json\include\nlohmann/detail/input/json_sax.hpp(579,27): note: in instantiation of function template specialization 'nlohmann::basic_json<>::basic_json<std::basic_string<char> &, std::basic_string<char>, 0>' requested here
[build]   579 |         BasicJsonType k = BasicJsonType(val);
[build]       |                           ^
[build] C:\Users\pperv\code\unnamed_rpg\vendor\json\include\nlohmann/detail/input/parser.hpp(221,56): note: in instantiation of member function 'nlohmann::detail::json_sax_dom_callback_parser<nlohmann::basic_json<>, nlohmann::detail::iterator_input_adapter<const char *>>::key' requested here
[build]   221 |                         if (JSON_HEDLEY_UNLIKELY(!sax->key(m_lexer.get_string())))
[build]       |                                                        ^
[build] C:\Users\pperv\code\unnamed_rpg\vendor\json\include\nlohmann/thirdparty/hedley/hedley.hpp(1360,94): note: expanded from macro 'JSON_HEDLEY_UNLIKELY'
[build]  1360 | #  define JSON_HEDLEY_UNLIKELY(expr)                    __builtin_expect                 (!!(expr),    0                  )
[build]       |                                                                                              ^
[build] C:\Users\pperv\code\unnamed_rpg\vendor\json\include\nlohmann/detail/input/parser.hpp(100,13): note: in instantiation of function template specialization 'nlohmann::detail::parser<nlohmann::basic_json<>, nlohmann::detail::iterator_input_adapter<const char *>>::sax_parse_internal<nlohmann::detail::json_sax_dom_callback_parser<nlohmann::basic_json<>, nlohmann::detail::iterator_input_adapter<const char *>>>' requested here
[build]   100 |             sax_parse_internal(&sdp);
[build]       |             ^
[build] C:\Users\pperv\code\unnamed_rpg\vendor\json\include\nlohmann/json.hpp(4112,148): note: in instantiation of member function 'nlohmann::detail::parser<nlohmann::basic_json<>, nlohmann::detail::iterator_input_adapter<const char *>>::parse' requested here
[build]  4112 |         parser(detail::input_adapter(std::move(first), std::move(last)), std::move(cb), allow_exceptions, ignore_comments, ignore_trailing_commas).parse(true, result); // cppcheck-suppress[accessMoved]
[build]       |                                                                                                                                                    ^
[build] C:\Users\pperv\code\unnamed_rpg\vendor\json\include\nlohmann/json.hpp(5294,28): note: in instantiation of function template specialization 'nlohmann::basic_json<>::parse<const char *, const char *, 0>' requested here
[build]  5294 |     return nlohmann::json::parse(s, s + n);
[build]       |                            ^
[build] In file included from C:\Users\pperv\code\unnamed_rpg\vendor\json-schema-validator\src\json-schema-draft7.json.cpp:9:
[build] In file included from C:\Users\pperv\code\unnamed_rpg\vendor\json\include\nlohmann/json.hpp:44:
[build] In file included from C:\Users\pperv\code\unnamed_rpg\vendor\json\include\nlohmann/adl_serializer.hpp:15:
[build] C:\Users\pperv\code\unnamed_rpg\vendor\json\include\nlohmann/detail/conversions/to_json.hpp(69,27): warning: enumeration type in nested name specifier is incompatible with C++98 [-Wc++98-compat]
[build]    69 |         j.m_data.m_type = value_t::string;
[build]       |                           ^
[build] C:\Users\pperv\code\unnamed_rpg\vendor\json\include\nlohmann/detail/conversions/to_json.hpp(327,44): note: in instantiation of function template specialization 'nlohmann::detail::external_constructor<nlohmann::detail::value_t::string>::construct<nlohmann::basic_json<>>' requested here
[build]   327 |     external_constructor<value_t::string>::construct(j, s);
[build]       |                                            ^
[build] C:\Users\pperv\code\unnamed_rpg\vendor\json\include\nlohmann/detail/conversions/to_json.hpp(516,16): note: in instantiation of function template specialization 'nlohmann::detail::to_json<nlohmann::basic_json<>, std::basic_string<char>, 0>' requested here
[build]   516 |         return to_json(j, std::forward<T>(val));
[build]       |                ^
[build] C:\Users\pperv\code\unnamed_rpg\vendor\json\include\nlohmann/adl_serializer.hpp(51,9): note: in instantiation of function template specialization 'nlohmann::detail::to_json_fn::operator()<nlohmann::basic_json<>, std::basic_string<char> &>' requested here
[build]    51 |         ::nlohmann::to_json(j, std::forward<TargetType>(val));
[build]       |         ^
[build] C:\Users\pperv\code\unnamed_rpg\vendor\json\include\nlohmann/json.hpp(872,28): note: in instantiation of function template specialization 'nlohmann::adl_serializer<std::basic_string<char>>::to_json<nlohmann::basic_json<>, std::basic_string<char> &>' requested here
[build]   872 |         JSONSerializer<U>::to_json(*this, std::forward<CompatibleType>(val));
[build]       |                            ^
[build] C:\Users\pperv\code\unnamed_rpg\vendor\json\include\nlohmann/detail/input/json_sax.hpp(579,27): note: in instantiation of function template specialization 'nlohmann::basic_json<>::basic_json<std::basic_string<char> &, std::basic_string<char>, 0>' requested here
[build]   579 |         BasicJsonType k = BasicJsonType(val);
[build]       |                           ^
[build] C:\Users\pperv\code\unnamed_rpg\vendor\json\include\nlohmann/detail/input/parser.hpp(221,56): note: in instantiation of member function 'nlohmann::detail::json_sax_dom_callback_parser<nlohmann::basic_json<>, nlohmann::detail::iterator_input_adapter<const char *>>::key' requested here
[build]   221 |                         if (JSON_HEDLEY_UNLIKELY(!sax->key(m_lexer.get_string())))
[build]       |                                                        ^
[build] C:\Users\pperv\code\unnamed_rpg\vendor\json\include\nlohmann/thirdparty/hedley/hedley.hpp(1360,94): note: expanded from macro 'JSON_HEDLEY_UNLIKELY'
[build]  1360 | #  define JSON_HEDLEY_UNLIKELY(expr)                    __builtin_expect                 (!!(expr),    0                  )
[build]       |                                                                                              ^
[build] C:\Users\pperv\code\unnamed_rpg\vendor\json\include\nlohmann/detail/input/parser.hpp(100,13): note: in instantiation of function template specialization 'nlohmann::detail::parser<nlohmann::basic_json<>, nlohmann::detail::iterator_input_adapter<const char *>>::sax_parse_internal<nlohmann::detail::json_sax_dom_callback_parser<nlohmann::basic_json<>, nlohmann::detail::iterator_input_adapter<const char *>>>' requested here
[build]   100 |             sax_parse_internal(&sdp);
[build]       |             ^
[build] C:\Users\pperv\code\unnamed_rpg\vendor\json\include\nlohmann/json.hpp(4112,148): note: in instantiation of member function 'nlohmann::detail::parser<nlohmann::basic_json<>, nlohmann::detail::iterator_input_adapter<const char *>>::parse' requested here
[build]  4112 |         parser(detail::input_adapter(std::move(first), std::move(last)), std::move(cb), allow_exceptions, ignore_comments, ignore_trailing_commas).parse(true, result); // cppcheck-suppress[accessMoved]
[build]       |                                                                                                                                                    ^
[build] C:\Users\pperv\code\unnamed_rpg\vendor\json\include\nlohmann/json.hpp(5294,28): note: in instantiation of function template specialization 'nlohmann::basic_json<>::parse<const char *, const char *, 0>' requested here
[build]  5294 |     return nlohmann::json::parse(s, s + n);
[build]       |                            ^
[build] In file included from C:\Users\pperv\code\unnamed_rpg\vendor\json-schema-validator\src\json-schema-draft7.json.cpp:9:
[build] In file included from C:\Users\pperv\code\unnamed_rpg\vendor\json\include\nlohmann/json.hpp:50:
[build] In file included from C:\Users\pperv\code\unnamed_rpg\vendor\json\include\nlohmann/detail/input/binary_reader.hpp:29:
[build] C:\Users\pperv\code\unnamed_rpg\vendor\json\include\nlohmann/detail/input/json_sax.hpp(642,9): warning: 'auto' type specifier is incompatible with C++98 [-Wc++98-compat]
[build]   642 |         auto val = handle_value(BasicJsonType::value_t::array, true);
[build]       |         ^~~~
[build] C:\Users\pperv\code\unnamed_rpg\vendor\json\include\nlohmann/detail/input/parser.hpp(100,13): note: in instantiation of function template specialization 'nlohmann::detail::parser<nlohmann::basic_json<>, nlohmann::detail::iterator_input_adapter<const char *>>::sax_parse_internal<nlohmann::detail::json_sax_dom_callback_parser<nlohmann::basic_json<>, nlohmann::detail::iterator_input_adapter<const char *>>>' requested here
[build]   100 |             sax_parse_internal(&sdp);
[build]       |             ^
[build] C:\Users\pperv\code\unnamed_rpg\vendor\json\include\nlohmann/json.hpp(4112,148): note: in instantiation of member function 'nlohmann::detail::parser<nlohmann::basic_json<>, nlohmann::detail::iterator_input_adapter<const char *>>::parse' requested here
[build]  4112 |         parser(detail::input_adapter(std::move(first), std::move(last)), std::move(cb), allow_exceptions, ignore_comments, ignore_trailing_commas).parse(true, result); // cppcheck-suppress[accessMoved]
[build]       |                                                                                                                                                    ^
[build] C:\Users\pperv\code\unnamed_rpg\vendor\json\include\nlohmann/json.hpp(5294,28): note: in instantiation of function template specialization 'nlohmann::basic_json<>::parse<const char *, const char *, 0>' requested here
[build]  5294 |     return nlohmann::json::parse(s, s + n);
[build]       |                            ^
[build] In file included from C:\Users\pperv\code\unnamed_rpg\vendor\json-schema-validator\src\json-schema-draft7.json.cpp:9:
[build] In file included from C:\Users\pperv\code\unnamed_rpg\vendor\json\include\nlohmann/json.hpp:50:
[build] In file included from C:\Users\pperv\code\unnamed_rpg\vendor\json\include\nlohmann/detail/input/binary_reader.hpp:29:
[build] C:\Users\pperv\code\unnamed_rpg\vendor\json\include\nlohmann/detail/input/json_sax.hpp(639,72): warning: enumeration type in nested name specifier is incompatible with C++98 [-Wc++98-compat]
[build]   639 |         const bool keep = callback(static_cast<int>(ref_stack.size()), parse_event_t::array_start, discarded);
[build]       |                                                                        ^
[build] C:\Users\pperv\code\unnamed_rpg\vendor\json\include\nlohmann/detail/input/parser.hpp(244,56): note: in instantiation of member function 'nlohmann::detail::json_sax_dom_callback_parser<nlohmann::basic_json<>, nlohmann::detail::iterator_input_adapter<const char *>>::start_array' requested here
[build]   244 |                         if (JSON_HEDLEY_UNLIKELY(!sax->start_array(detail::unknown_size())))
[build]       |                                                        ^
[build] C:\Users\pperv\code\unnamed_rpg\vendor\json\include\nlohmann/thirdparty/hedley/hedley.hpp(1360,94): note: expanded from macro 'JSON_HEDLEY_UNLIKELY'
[build]  1360 | #  define JSON_HEDLEY_UNLIKELY(expr)                    __builtin_expect                 (!!(expr),    0                  )
[build]       |                                                                                              ^
[build] C:\Users\pperv\code\unnamed_rpg\vendor\json\include\nlohmann/detail/input/parser.hpp(100,13): note: in instantiation of function template specialization 'nlohmann::detail::parser<nlohmann::basic_json<>, nlohmann::detail::iterator_input_adapter<const char *>>::sax_parse_internal<nlohmann::detail::json_sax_dom_callback_parser<nlohmann::basic_json<>, nlohmann::detail::iterator_input_adapter<const char *>>>' requested here
[build]   100 |             sax_parse_internal(&sdp);
[build]       |             ^
[build] C:\Users\pperv\code\unnamed_rpg\vendor\json\include\nlohmann/json.hpp(4112,148): note: in instantiation of member function 'nlohmann::detail::parser<nlohmann::basic_json<>, nlohmann::detail::iterator_input_adapter<const char *>>::parse' requested here
[build]  4112 |         parser(detail::input_adapter(std::move(first), std::move(last)), std::move(cb), allow_exceptions, ignore_comments, ignore_trailing_commas).parse(true, result); // cppcheck-suppress[accessMoved]
[build]       |                                                                                                                                                    ^
[build] C:\Users\pperv\code\unnamed_rpg\vendor\json\include\nlohmann/json.hpp(5294,28): note: in instantiation of function template specialization 'nlohmann::basic_json<>::parse<const char *, const char *, 0>' requested here
[build]  5294 |     return nlohmann::json::parse(s, s + n);
[build]       |                            ^
[build] In file included from C:\Users\pperv\code\unnamed_rpg\vendor\json-schema-validator\src\json-schema-draft7.json.cpp:9:
[build] In file included from C:\Users\pperv\code\unnamed_rpg\vendor\json\include\nlohmann/json.hpp:50:
[build] In file included from C:\Users\pperv\code\unnamed_rpg\vendor\json\include\nlohmann/detail/input/binary_reader.hpp:29:
[build] C:\Users\pperv\code\unnamed_rpg\vendor\json\include\nlohmann/detail/input/json_sax.hpp(672,49): warning: 'nullptr' is incompatible with C++98 [-Wc++98-compat]
[build]   672 |         const bool stored = ref_stack.back() != nullptr;
[build]       |                                                 ^
[build] C:\Users\pperv\code\unnamed_rpg\vendor\json\include\nlohmann/detail/input/json_sax.hpp(676,69): warning: enumeration type in nested name specifier is incompatible with C++98 [-Wc++98-compat]
[build]   676 |             keep = callback(static_cast<int>(ref_stack.size()) - 1, parse_event_t::array_end, *ref_stack.back());
[build]       |                                                                     ^
[build] C:\Users\pperv\code\unnamed_rpg\vendor\json\include\nlohmann/detail/input/parser.hpp(252,60): note: in instantiation of member function 'nlohmann::detail::json_sax_dom_callback_parser<nlohmann::basic_json<>, nlohmann::detail::iterator_input_adapter<const char *>>::end_array' requested here
[build]   252 |                             if (JSON_HEDLEY_UNLIKELY(!sax->end_array()))
[build]       |                                                            ^
[build] C:\Users\pperv\code\unnamed_rpg\vendor\json\include\nlohmann/thirdparty/hedley/hedley.hpp(1360,94): note: expanded from macro 'JSON_HEDLEY_UNLIKELY'
[build]  1360 | #  define JSON_HEDLEY_UNLIKELY(expr)                    __builtin_expect                 (!!(expr),    0                  )
[build]       |                                                                                              ^
[build] C:\Users\pperv\code\unnamed_rpg\vendor\json\include\nlohmann/detail/input/parser.hpp(100,13): note: in instantiation of function template specialization 'nlohmann::detail::parser<nlohmann::basic_json<>, nlohmann::detail::iterator_input_adapter<const char *>>::sax_parse_internal<nlohmann::detail::json_sax_dom_callback_parser<nlohmann::basic_json<>, nlohmann::detail::iterator_input_adapter<const char *>>>' requested here
[build]   100 |             sax_parse_internal(&sdp);
[build]       |             ^
[build] C:\Users\pperv\code\unnamed_rpg\vendor\json\include\nlohmann/json.hpp(4112,148): note: in instantiation of member function 'nlohmann::detail::parser<nlohmann::basic_json<>, nlohmann::detail::iterator_input_adapter<const char *>>::parse' requested here
[build]  4112 |         parser(detail::input_adapter(std::move(first), std::move(last)), std::move(cb), allow_exceptions, ignore_comments, ignore_trailing_commas).parse(true, result); // cppcheck-suppress[accessMoved]
[build]       |                                                                                                                                                    ^
[build] C:\Users\pperv\code\unnamed_rpg\vendor\json\include\nlohmann/json.hpp(5294,28): note: in instantiation of function template specialization 'nlohmann::basic_json<>::parse<const char *, const char *, 0>' requested here
[build]  5294 |     return nlohmann::json::parse(s, s + n);
[build]       |                            ^
[build] In file included from C:\Users\pperv\code\unnamed_rpg\vendor\json-schema-validator\src\json-schema-draft7.json.cpp:9:
[build] In file included from C:\Users\pperv\code\unnamed_rpg\vendor\json\include\nlohmann/json.hpp:44:
[build] In file included from C:\Users\pperv\code\unnamed_rpg\vendor\json\include\nlohmann/adl_serializer.hpp:14:
[build] In file included from C:\Users\pperv\code\unnamed_rpg\vendor\json\include\nlohmann/detail/conversions/from_json.hpp:24:
[build] C:\Users\pperv\code\unnamed_rpg\vendor\json\include\nlohmann/detail/exceptions.hpp(261,16): warning: constructor call from initializer list is incompatible with C++98 [-Wc++98-compat]
[build]   261 |         return {id_, w.c_str()};
[build]       |                ^~~~~~~~~~~~~~~~
[build] C:\Users\pperv\code\unnamed_rpg\vendor\json\include\nlohmann/detail/input/parser.hpp(274,67): note: in instantiation of function template specialization 'nlohmann::detail::out_of_range::create<std::nullptr_t, 0>' requested here
[build]   274 |                                                     out_of_range::create(406, concat("number overflow parsing '", m_lexer.get_token_string(), '\''), nullptr));
[build]       |                                                                   ^
[build] C:\Users\pperv\code\unnamed_rpg\vendor\json\include\nlohmann/detail/input/parser.hpp(100,13): note: in instantiation of function template specialization 'nlohmann::detail::parser<nlohmann::basic_json<>, nlohmann::detail::iterator_input_adapter<const char *>>::sax_parse_internal<nlohmann::detail::json_sax_dom_callback_parser<nlohmann::basic_json<>, nlohmann::detail::iterator_input_adapter<const char *>>>' requested here
[build]   100 |             sax_parse_internal(&sdp);
[build]       |             ^
[build] C:\Users\pperv\code\unnamed_rpg\vendor\json\include\nlohmann/json.hpp(4112,148): note: in instantiation of member function 'nlohmann::detail::parser<nlohmann::basic_json<>, nlohmann::detail::iterator_input_adapter<const char *>>::parse' requested here
[build]  4112 |         parser(detail::input_adapter(std::move(first), std::move(last)), std::move(cb), allow_exceptions, ignore_comments, ignore_trailing_commas).parse(true, result); // cppcheck-suppress[accessMoved]
[build]       |                                                                                                                                                    ^
[build] C:\Users\pperv\code\unnamed_rpg\vendor\json\include\nlohmann/json.hpp(5294,28): note: in instantiation of function template specialization 'nlohmann::basic_json<>::parse<const char *, const char *, 0>' requested here
[build]  5294 |     return nlohmann::json::parse(s, s + n);
[build]       |                            ^
[build] In file included from C:\Users\pperv\code\unnamed_rpg\vendor\json-schema-validator\src\json-schema-draft7.json.cpp:9:
[build] In file included from C:\Users\pperv\code\unnamed_rpg\vendor\json\include\nlohmann/json.hpp:50:
[build] In file included from C:\Users\pperv\code\unnamed_rpg\vendor\json\include\nlohmann/detail/input/binary_reader.hpp:29:
[build] C:\Users\pperv\code\unnamed_rpg\vendor\json\include\nlohmann/detail/input/json_sax.hpp(849,20): warning: constructor call from initializer list is incompatible with C++98 [-Wc++98-compat]
[build]   849 |             return {false, nullptr};
[build]       |                    ^~~~~~~~~~~~~~~~
[build] C:\Users\pperv\code\unnamed_rpg\vendor\json\include\nlohmann/detail/input/json_sax.hpp(529,9): note: in instantiation of function template specialization 'nlohmann::detail::json_sax_dom_callback_parser<nlohmann::basic_json<>, nlohmann::detail::iterator_input_adapter<const char *>>::handle_value<double &>' requested here
[build]   529 |         handle_value(val);
[build]       |         ^
[build] C:\Users\pperv\code\unnamed_rpg\vendor\json\include\nlohmann/detail/input/parser.hpp(277,56): note: in instantiation of member function 'nlohmann::detail::json_sax_dom_callback_parser<nlohmann::basic_json<>, nlohmann::detail::iterator_input_adapter<const char *>>::number_float' requested here
[build]   277 |                         if (JSON_HEDLEY_UNLIKELY(!sax->number_float(res, m_lexer.get_string())))
[build]       |                                                        ^
[build] C:\Users\pperv\code\unnamed_rpg\vendor\json\include\nlohmann/thirdparty/hedley/hedley.hpp(1360,94): note: expanded from macro 'JSON_HEDLEY_UNLIKELY'
[build]  1360 | #  define JSON_HEDLEY_UNLIKELY(expr)                    __builtin_expect                 (!!(expr),    0                  )
[build]       |                                                                                              ^
[build] C:\Users\pperv\code\unnamed_rpg\vendor\json\include\nlohmann/detail/input/parser.hpp(100,13): note: in instantiation of function template specialization 'nlohmann::detail::parser<nlohmann::basic_json<>, nlohmann::detail::iterator_input_adapter<const char *>>::sax_parse_internal<nlohmann::detail::json_sax_dom_callback_parser<nlohmann::basic_json<>, nlohmann::detail::iterator_input_adapter<const char *>>>' requested here
[build]   100 |             sax_parse_internal(&sdp);
[build]       |             ^
[build] C:\Users\pperv\code\unnamed_rpg\vendor\json\include\nlohmann/json.hpp(4112,148): note: in instantiation of member function 'nlohmann::detail::parser<nlohmann::basic_json<>, nlohmann::detail::iterator_input_adapter<const char *>>::parse' requested here
[build]  4112 |         parser(detail::input_adapter(std::move(first), std::move(last)), std::move(cb), allow_exceptions, ignore_comments, ignore_trailing_commas).parse(true, result); // cppcheck-suppress[accessMoved]
[build]       |                                                                                                                                                    ^
[build] C:\Users\pperv\code\unnamed_rpg\vendor\json\include\nlohmann/json.hpp(5294,28): note: in instantiation of function template specialization 'nlohmann::basic_json<>::parse<const char *, const char *, 0>' requested here
[build]  5294 |     return nlohmann::json::parse(s, s + n);
[build]       |                            ^
[build] In file included from C:\Users\pperv\code\unnamed_rpg\vendor\json-schema-validator\src\json-schema-draft7.json.cpp:9:
[build] In file included from C:\Users\pperv\code\unnamed_rpg\vendor\json\include\nlohmann/json.hpp:50:
[build] In file included from C:\Users\pperv\code\unnamed_rpg\vendor\json\include\nlohmann/detail/input/binary_reader.hpp:29:
[build] C:\Users\pperv\code\unnamed_rpg\vendor\json\include\nlohmann/detail/input/json_sax.hpp(860,89): warning: enumeration type in nested name specifier is incompatible with C++98 [-Wc++98-compat]
[build]   860 |         const bool keep = skip_callback || callback(static_cast<int>(ref_stack.size()), parse_event_t::value, value);
[build]       |                                                                                         ^
[build] C:\Users\pperv\code\unnamed_rpg\vendor\json\include\nlohmann/detail/input/json_sax.hpp(877,20): warning: constructor call from initializer list is incompatible with C++98 [-Wc++98-compat]
[build]   877 |             return {false, nullptr};
[build]       |                    ^~~~~~~~~~~~~~~~
[build] C:\Users\pperv\code\unnamed_rpg\vendor\json\include\nlohmann/detail/input/json_sax.hpp(883,20): warning: constructor call from initializer list is incompatible with C++98 [-Wc++98-compat]
[build]   883 |             return {true, & root};
[build]       |                    ^~~~~~~~~~~~~~
[build] C:\Users\pperv\code\unnamed_rpg\vendor\json\include\nlohmann/detail/input/json_sax.hpp(890,20): warning: constructor call from initializer list is incompatible with C++98 [-Wc++98-compat]
[build]   890 |             return {false, nullptr};
[build]       |                    ^~~~~~~~~~~~~~~~
[build] C:\Users\pperv\code\unnamed_rpg\vendor\json\include\nlohmann/detail/input/json_sax.hpp(900,20): warning: constructor call from initializer list is incompatible with C++98 [-Wc++98-compat]
[build]   900 |             return {true, & (ref_stack.back()->m_data.m_value.array->back())};
[build]       |                    ^~~~~~~~~~~~~~~~~~~~~~~~~~~~~~~~~~~~~~~~~~~~~~~~~~~~~~~~~~
[build] C:\Users\pperv\code\unnamed_rpg\vendor\json\include\nlohmann/detail/input/json_sax.hpp(912,20): warning: constructor call from initializer list is incompatible with C++98 [-Wc++98-compat]
[build]   912 |             return {false, nullptr};
[build]       |                    ^~~~~~~~~~~~~~~~
[build] C:\Users\pperv\code\unnamed_rpg\vendor\json\include\nlohmann/detail/input/json_sax.hpp(917,16): warning: constructor call from initializer list is incompatible with C++98 [-Wc++98-compat]
[build]   917 |         return {true, object_element};
[build]       |                ^~~~~~~~~~~~~~~~~~~~~~
[build] In file included from C:\Users\pperv\code\unnamed_rpg\vendor\json-schema-validator\src\json-schema-draft7.json.cpp:9:
[build] In file included from C:\Users\pperv\code\unnamed_rpg\vendor\json\include\nlohmann/json.hpp:44:
[build] In file included from C:\Users\pperv\code\unnamed_rpg\vendor\json\include\nlohmann/adl_serializer.hpp:15:
[build] C:\Users\pperv\code\unnamed_rpg\vendor\json\include\nlohmann/detail/conversions/to_json.hpp(340,26): warning: enumeration type in nested name specifier is incompatible with C++98 [-Wc++98-compat]
[build]   340 |     external_constructor<value_t::number_float>::construct(j, static_cast<typename BasicJsonType::number_float_t>(val));
[build]       |                          ^
[build] C:\Users\pperv\code\unnamed_rpg\vendor\json\include\nlohmann/adl_serializer.hpp(51,9): note: in instantiation of function template specialization 'nlohmann::detail::to_json_fn::operator()<nlohmann::basic_json<>, double &>' requested here
[build]    51 |         ::nlohmann::to_json(j, std::forward<TargetType>(val));
[build]       |         ^
[build] C:\Users\pperv\code\unnamed_rpg\vendor\json\include\nlohmann/json.hpp(872,28): note: in instantiation of function template specialization 'nlohmann::adl_serializer<double>::to_json<nlohmann::basic_json<>, double &>' requested here
[build]   872 |         JSONSerializer<U>::to_json(*this, std::forward<CompatibleType>(val));
[build]       |                            ^
[build] C:\Users\pperv\code\unnamed_rpg\vendor\json\include\nlohmann/detail/input/json_sax.hpp(853,22): note: in instantiation of function template specialization 'nlohmann::basic_json<>::basic_json<double &, double, 0>' requested here
[build]   853 |         auto value = BasicJsonType(std::forward<Value>(v));
[build]       |                      ^
[build] C:\Users\pperv\code\unnamed_rpg\vendor\json\include\nlohmann/detail/input/json_sax.hpp(529,9): note: in instantiation of function template specialization 'nlohmann::detail::json_sax_dom_callback_parser<nlohmann::basic_json<>, nlohmann::detail::iterator_input_adapter<const char *>>::handle_value<double &>' requested here
[build]   529 |         handle_value(val);
[build]       |         ^
[build] C:\Users\pperv\code\unnamed_rpg\vendor\json\include\nlohmann/detail/input/parser.hpp(277,56): note: in instantiation of member function 'nlohmann::detail::json_sax_dom_callback_parser<nlohmann::basic_json<>, nlohmann::detail::iterator_input_adapter<const char *>>::number_float' requested here
[build]   277 |                         if (JSON_HEDLEY_UNLIKELY(!sax->number_float(res, m_lexer.get_string())))
[build]       |                                                        ^
[build] C:\Users\pperv\code\unnamed_rpg\vendor\json\include\nlohmann/thirdparty/hedley/hedley.hpp(1360,94): note: expanded from macro 'JSON_HEDLEY_UNLIKELY'
[build]  1360 | #  define JSON_HEDLEY_UNLIKELY(expr)                    __builtin_expect                 (!!(expr),    0                  )
[build]       |                                                                                              ^
[build] C:\Users\pperv\code\unnamed_rpg\vendor\json\include\nlohmann/detail/input/parser.hpp(100,13): note: in instantiation of function template specialization 'nlohmann::detail::parser<nlohmann::basic_json<>, nlohmann::detail::iterator_input_adapter<const char *>>::sax_parse_internal<nlohmann::detail::json_sax_dom_callback_parser<nlohmann::basic_json<>, nlohmann::detail::iterator_input_adapter<const char *>>>' requested here
[build]   100 |             sax_parse_internal(&sdp);
[build]       |             ^
[build] C:\Users\pperv\code\unnamed_rpg\vendor\json\include\nlohmann/json.hpp(4112,148): note: in instantiation of member function 'nlohmann::detail::parser<nlohmann::basic_json<>, nlohmann::detail::iterator_input_adapter<const char *>>::parse' requested here
[build]  4112 |         parser(detail::input_adapter(std::move(first), std::move(last)), std::move(cb), allow_exceptions, ignore_comments, ignore_trailing_commas).parse(true, result); // cppcheck-suppress[accessMoved]
[build]       |                                                                                                                                                    ^
[build] C:\Users\pperv\code\unnamed_rpg\vendor\json\include\nlohmann/json.hpp(5294,28): note: in instantiation of function template specialization 'nlohmann::basic_json<>::parse<const char *, const char *, 0>' requested here
[build]  5294 |     return nlohmann::json::parse(s, s + n);
[build]       |                            ^
[build] In file included from C:\Users\pperv\code\unnamed_rpg\vendor\json-schema-validator\src\json-schema-draft7.json.cpp:9:
[build] In file included from C:\Users\pperv\code\unnamed_rpg\vendor\json\include\nlohmann/json.hpp:44:
[build] In file included from C:\Users\pperv\code\unnamed_rpg\vendor\json\include\nlohmann/adl_serializer.hpp:15:
[build] C:\Users\pperv\code\unnamed_rpg\vendor\json\include\nlohmann/detail/conversions/to_json.hpp(124,27): warning: enumeration type in nested name specifier is incompatible with C++98 [-Wc++98-compat]
[build]   124 |         j.m_data.m_type = value_t::number_float;
[build]       |                           ^
[build] C:\Users\pperv\code\unnamed_rpg\vendor\json\include\nlohmann/detail/conversions/to_json.hpp(516,16): note: in instantiation of function template specialization 'nlohmann::detail::to_json<nlohmann::basic_json<>, double, 0>' requested here
[build]   516 |         return to_json(j, std::forward<T>(val));
[build]       |                ^
[build] C:\Users\pperv\code\unnamed_rpg\vendor\json\include\nlohmann/adl_serializer.hpp(51,9): note: in instantiation of function template specialization 'nlohmann::detail::to_json_fn::operator()<nlohmann::basic_json<>, double &>' requested here
[build]    51 |         ::nlohmann::to_json(j, std::forward<TargetType>(val));
[build]       |         ^
[build] C:\Users\pperv\code\unnamed_rpg\vendor\json\include\nlohmann/json.hpp(872,28): note: in instantiation of function template specialization 'nlohmann::adl_serializer<double>::to_json<nlohmann::basic_json<>, double &>' requested here
[build]   872 |         JSONSerializer<U>::to_json(*this, std::forward<CompatibleType>(val));
[build]       |                            ^
[build] C:\Users\pperv\code\unnamed_rpg\vendor\json\include\nlohmann/detail/input/json_sax.hpp(853,22): note: in instantiation of function template specialization 'nlohmann::basic_json<>::basic_json<double &, double, 0>' requested here
[build]   853 |         auto value = BasicJsonType(std::forward<Value>(v));
[build]       |                      ^
[build] C:\Users\pperv\code\unnamed_rpg\vendor\json\include\nlohmann/detail/input/json_sax.hpp(529,9): note: in instantiation of function template specialization 'nlohmann::detail::json_sax_dom_callback_parser<nlohmann::basic_json<>, nlohmann::detail::iterator_input_adapter<const char *>>::handle_value<double &>' requested here
[build]   529 |         handle_value(val);
[build]       |         ^
[build] C:\Users\pperv\code\unnamed_rpg\vendor\json\include\nlohmann/detail/input/parser.hpp(277,56): note: in instantiation of member function 'nlohmann::detail::json_sax_dom_callback_parser<nlohmann::basic_json<>, nlohmann::detail::iterator_input_adapter<const char *>>::number_float' requested here
[build]   277 |                         if (JSON_HEDLEY_UNLIKELY(!sax->number_float(res, m_lexer.get_string())))
[build]       |                                                        ^
[build] C:\Users\pperv\code\unnamed_rpg\vendor\json\include\nlohmann/thirdparty/hedley/hedley.hpp(1360,94): note: expanded from macro 'JSON_HEDLEY_UNLIKELY'
[build]  1360 | #  define JSON_HEDLEY_UNLIKELY(expr)                    __builtin_expect                 (!!(expr),    0                  )
[build]       |                                                                                              ^
[build] C:\Users\pperv\code\unnamed_rpg\vendor\json\include\nlohmann/detail/input/parser.hpp(100,13): note: in instantiation of function template specialization 'nlohmann::detail::parser<nlohmann::basic_json<>, nlohmann::detail::iterator_input_adapter<const char *>>::sax_parse_internal<nlohmann::detail::json_sax_dom_callback_parser<nlohmann::basic_json<>, nlohmann::detail::iterator_input_adapter<const char *>>>' requested here
[build]   100 |             sax_parse_internal(&sdp);
[build]       |             ^
[build] C:\Users\pperv\code\unnamed_rpg\vendor\json\include\nlohmann/json.hpp(4112,148): note: in instantiation of member function 'nlohmann::detail::parser<nlohmann::basic_json<>, nlohmann::detail::iterator_input_adapter<const char *>>::parse' requested here
[build]  4112 |         parser(detail::input_adapter(std::move(first), std::move(last)), std::move(cb), allow_exceptions, ignore_comments, ignore_trailing_commas).parse(true, result); // cppcheck-suppress[accessMoved]
[build]       |                                                                                                                                                    ^
[build] C:\Users\pperv\code\unnamed_rpg\vendor\json\include\nlohmann/json.hpp(5294,28): note: in instantiation of function template specialization 'nlohmann::basic_json<>::parse<const char *, const char *, 0>' requested here
[build]  5294 |     return nlohmann::json::parse(s, s + n);
[build]       |                            ^
[build] In file included from C:\Users\pperv\code\unnamed_rpg\vendor\json-schema-validator\src\json-schema-draft7.json.cpp:9:
[build] In file included from C:\Users\pperv\code\unnamed_rpg\vendor\json\include\nlohmann/json.hpp:44:
[build] In file included from C:\Users\pperv\code\unnamed_rpg\vendor\json\include\nlohmann/adl_serializer.hpp:15:
[build] C:\Users\pperv\code\unnamed_rpg\vendor\json\include\nlohmann/detail/conversions/to_json.hpp(124,27): warning: enumeration type in nested name specifier is incompatible with C++98 [-Wc++98-compat]
[build]   124 |         j.m_data.m_type = value_t::number_float;
[build]       |                           ^
[build] C:\Users\pperv\code\unnamed_rpg\vendor\json\include\nlohmann/detail/conversions/to_json.hpp(340,50): note: in instantiation of function template specialization 'nlohmann::detail::external_constructor<nlohmann::detail::value_t::number_float>::construct<nlohmann::basic_json<>>' requested here
[build]   340 |     external_constructor<value_t::number_float>::construct(j, static_cast<typename BasicJsonType::number_float_t>(val));
[build]       |                                                  ^
[build] C:\Users\pperv\code\unnamed_rpg\vendor\json\include\nlohmann/detail/conversions/to_json.hpp(516,16): note: in instantiation of function template specialization 'nlohmann::detail::to_json<nlohmann::basic_json<>, double, 0>' requested here
[build]   516 |         return to_json(j, std::forward<T>(val));
[build]       |                ^
[build] C:\Users\pperv\code\unnamed_rpg\vendor\json\include\nlohmann/adl_serializer.hpp(51,9): note: in instantiation of function template specialization 'nlohmann::detail::to_json_fn::operator()<nlohmann::basic_json<>, double &>' requested here
[build]    51 |         ::nlohmann::to_json(j, std::forward<TargetType>(val));
[build]       |         ^
[build] C:\Users\pperv\code\unnamed_rpg\vendor\json\include\nlohmann/json.hpp(872,28): note: in instantiation of function template specialization 'nlohmann::adl_serializer<double>::to_json<nlohmann::basic_json<>, double &>' requested here
[build]   872 |         JSONSerializer<U>::to_json(*this, std::forward<CompatibleType>(val));
[build]       |                            ^
[build] C:\Users\pperv\code\unnamed_rpg\vendor\json\include\nlohmann/detail/input/json_sax.hpp(853,22): note: in instantiation of function template specialization 'nlohmann::basic_json<>::basic_json<double &, double, 0>' requested here
[build]   853 |         auto value = BasicJsonType(std::forward<Value>(v));
[build]       |                      ^
[build] C:\Users\pperv\code\unnamed_rpg\vendor\json\include\nlohmann/detail/input/json_sax.hpp(529,9): note: in instantiation of function template specialization 'nlohmann::detail::json_sax_dom_callback_parser<nlohmann::basic_json<>, nlohmann::detail::iterator_input_adapter<const char *>>::handle_value<double &>' requested here
[build]   529 |         handle_value(val);
[build]       |         ^
[build] C:\Users\pperv\code\unnamed_rpg\vendor\json\include\nlohmann/detail/input/parser.hpp(277,56): note: in instantiation of member function 'nlohmann::detail::json_sax_dom_callback_parser<nlohmann::basic_json<>, nlohmann::detail::iterator_input_adapter<const char *>>::number_float' requested here
[build]   277 |                         if (JSON_HEDLEY_UNLIKELY(!sax->number_float(res, m_lexer.get_string())))
[build]       |                                                        ^
[build] C:\Users\pperv\code\unnamed_rpg\vendor\json\include\nlohmann/thirdparty/hedley/hedley.hpp(1360,94): note: expanded from macro 'JSON_HEDLEY_UNLIKELY'
[build]  1360 | #  define JSON_HEDLEY_UNLIKELY(expr)                    __builtin_expect                 (!!(expr),    0                  )
[build]       |                                                                                              ^
[build] C:\Users\pperv\code\unnamed_rpg\vendor\json\include\nlohmann/detail/input/parser.hpp(100,13): note: in instantiation of function template specialization 'nlohmann::detail::parser<nlohmann::basic_json<>, nlohmann::detail::iterator_input_adapter<const char *>>::sax_parse_internal<nlohmann::detail::json_sax_dom_callback_parser<nlohmann::basic_json<>, nlohmann::detail::iterator_input_adapter<const char *>>>' requested here
[build]   100 |             sax_parse_internal(&sdp);
[build]       |             ^
[build] C:\Users\pperv\code\unnamed_rpg\vendor\json\include\nlohmann/json.hpp(4112,148): note: in instantiation of member function 'nlohmann::detail::parser<nlohmann::basic_json<>, nlohmann::detail::iterator_input_adapter<const char *>>::parse' requested here
[build]  4112 |         parser(detail::input_adapter(std::move(first), std::move(last)), std::move(cb), allow_exceptions, ignore_comments, ignore_trailing_commas).parse(true, result); // cppcheck-suppress[accessMoved]
[build]       |                                                                                                                                                    ^
[build] C:\Users\pperv\code\unnamed_rpg\vendor\json\include\nlohmann/json.hpp(5294,28): note: in instantiation of function template specialization 'nlohmann::basic_json<>::parse<const char *, const char *, 0>' requested here
[build]  5294 |     return nlohmann::json::parse(s, s + n);
[build]       |                            ^
[build] In file included from C:\Users\pperv\code\unnamed_rpg\vendor\json-schema-validator\src\json-schema-draft7.json.cpp:9:
[build] In file included from C:\Users\pperv\code\unnamed_rpg\vendor\json\include\nlohmann/json.hpp:50:
[build] In file included from C:\Users\pperv\code\unnamed_rpg\vendor\json\include\nlohmann/detail/input/binary_reader.hpp:29:
[build] C:\Users\pperv\code\unnamed_rpg\vendor\json\include\nlohmann/detail/input/json_sax.hpp(849,20): warning: constructor call from initializer list is incompatible with C++98 [-Wc++98-compat]
[build]   849 |             return {false, nullptr};
[build]       |                    ^~~~~~~~~~~~~~~~
[build] C:\Users\pperv\code\unnamed_rpg\vendor\json\include\nlohmann/detail/input/json_sax.hpp(511,9): note: in instantiation of function template specialization 'nlohmann::detail::json_sax_dom_callback_parser<nlohmann::basic_json<>, nlohmann::detail::iterator_input_adapter<const char *>>::handle_value<bool &>' requested here
[build]   511 |         handle_value(val);
[build]       |         ^
[build] C:\Users\pperv\code\unnamed_rpg\vendor\json\include\nlohmann/detail/input/parser.hpp(287,56): note: in instantiation of member function 'nlohmann::detail::json_sax_dom_callback_parser<nlohmann::basic_json<>, nlohmann::detail::iterator_input_adapter<const char *>>::boolean' requested here
[build]   287 |                         if (JSON_HEDLEY_UNLIKELY(!sax->boolean(false)))
[build]       |                                                        ^
[build] C:\Users\pperv\code\unnamed_rpg\vendor\json\include\nlohmann/thirdparty/hedley/hedley.hpp(1360,94): note: expanded from macro 'JSON_HEDLEY_UNLIKELY'
[build]  1360 | #  define JSON_HEDLEY_UNLIKELY(expr)                    __builtin_expect                 (!!(expr),    0                  )
[build]       |                                                                                              ^
[build] C:\Users\pperv\code\unnamed_rpg\vendor\json\include\nlohmann/detail/input/parser.hpp(100,13): note: in instantiation of function template specialization 'nlohmann::detail::parser<nlohmann::basic_json<>, nlohmann::detail::iterator_input_adapter<const char *>>::sax_parse_internal<nlohmann::detail::json_sax_dom_callback_parser<nlohmann::basic_json<>, nlohmann::detail::iterator_input_adapter<const char *>>>' requested here
[build]   100 |             sax_parse_internal(&sdp);
[build]       |             ^
[build] C:\Users\pperv\code\unnamed_rpg\vendor\json\include\nlohmann/json.hpp(4112,148): note: in instantiation of member function 'nlohmann::detail::parser<nlohmann::basic_json<>, nlohmann::detail::iterator_input_adapter<const char *>>::parse' requested here
[build]  4112 |         parser(detail::input_adapter(std::move(first), std::move(last)), std::move(cb), allow_exceptions, ignore_comments, ignore_trailing_commas).parse(true, result); // cppcheck-suppress[accessMoved]
[build]       |                                                                                                                                                    ^
[build] C:\Users\pperv\code\unnamed_rpg\vendor\json\include\nlohmann/json.hpp(5294,28): note: in instantiation of function template specialization 'nlohmann::basic_json<>::parse<const char *, const char *, 0>' requested here
[build]  5294 |     return nlohmann::json::parse(s, s + n);
[build]       |                            ^
[build] In file included from C:\Users\pperv\code\unnamed_rpg\vendor\json-schema-validator\src\json-schema-draft7.json.cpp:9:
[build] In file included from C:\Users\pperv\code\unnamed_rpg\vendor\json\include\nlohmann/json.hpp:50:
[build] In file included from C:\Users\pperv\code\unnamed_rpg\vendor\json\include\nlohmann/detail/input/binary_reader.hpp:29:
[build] C:\Users\pperv\code\unnamed_rpg\vendor\json\include\nlohmann/detail/input/json_sax.hpp(860,89): warning: enumeration type in nested name specifier is incompatible with C++98 [-Wc++98-compat]
[build]   860 |         const bool keep = skip_callback || callback(static_cast<int>(ref_stack.size()), parse_event_t::value, value);
[build]       |                                                                                         ^
[build] C:\Users\pperv\code\unnamed_rpg\vendor\json\include\nlohmann/detail/input/json_sax.hpp(877,20): warning: constructor call from initializer list is incompatible with C++98 [-Wc++98-compat]
[build]   877 |             return {false, nullptr};
[build]       |                    ^~~~~~~~~~~~~~~~
[build] C:\Users\pperv\code\unnamed_rpg\vendor\json\include\nlohmann/detail/input/json_sax.hpp(883,20): warning: constructor call from initializer list is incompatible with C++98 [-Wc++98-compat]
[build]   883 |             return {true, & root};
[build]       |                    ^~~~~~~~~~~~~~
[build] C:\Users\pperv\code\unnamed_rpg\vendor\json\include\nlohmann/detail/input/json_sax.hpp(890,20): warning: constructor call from initializer list is incompatible with C++98 [-Wc++98-compat]
[build]   890 |             return {false, nullptr};
[build]       |                    ^~~~~~~~~~~~~~~~
[build] C:\Users\pperv\code\unnamed_rpg\vendor\json\include\nlohmann/detail/input/json_sax.hpp(900,20): warning: constructor call from initializer list is incompatible with C++98 [-Wc++98-compat]
[build]   900 |             return {true, & (ref_stack.back()->m_data.m_value.array->back())};
[build]       |                    ^~~~~~~~~~~~~~~~~~~~~~~~~~~~~~~~~~~~~~~~~~~~~~~~~~~~~~~~~~
[build] C:\Users\pperv\code\unnamed_rpg\vendor\json\include\nlohmann/detail/input/json_sax.hpp(912,20): warning: constructor call from initializer list is incompatible with C++98 [-Wc++98-compat]
[build]   912 |             return {false, nullptr};
[build]       |                    ^~~~~~~~~~~~~~~~
[build] C:\Users\pperv\code\unnamed_rpg\vendor\json\include\nlohmann/detail/input/json_sax.hpp(917,16): warning: constructor call from initializer list is incompatible with C++98 [-Wc++98-compat]
[build]   917 |         return {true, object_element};
[build]       |                ^~~~~~~~~~~~~~~~~~~~~~
[build] In file included from C:\Users\pperv\code\unnamed_rpg\vendor\json-schema-validator\src\json-schema-draft7.json.cpp:9:
[build] In file included from C:\Users\pperv\code\unnamed_rpg\vendor\json\include\nlohmann/json.hpp:44:
[build] In file included from C:\Users\pperv\code\unnamed_rpg\vendor\json\include\nlohmann/adl_serializer.hpp:15:
[build] C:\Users\pperv\code\unnamed_rpg\vendor\json\include\nlohmann/detail/conversions/to_json.hpp(307,26): warning: enumeration type in nested name specifier is incompatible with C++98 [-Wc++98-compat]
[build]   307 |     external_constructor<value_t::boolean>::construct(j, b);
[build]       |                          ^
[build] C:\Users\pperv\code\unnamed_rpg\vendor\json\include\nlohmann/adl_serializer.hpp(51,9): note: in instantiation of function template specialization 'nlohmann::detail::to_json_fn::operator()<nlohmann::basic_json<>, bool &>' requested here
[build]    51 |         ::nlohmann::to_json(j, std::forward<TargetType>(val));
[build]       |         ^
[build] C:\Users\pperv\code\unnamed_rpg\vendor\json\include\nlohmann/json.hpp(872,28): note: in instantiation of function template specialization 'nlohmann::adl_serializer<bool>::to_json<nlohmann::basic_json<>, bool &>' requested here
[build]   872 |         JSONSerializer<U>::to_json(*this, std::forward<CompatibleType>(val));
[build]       |                            ^
[build] C:\Users\pperv\code\unnamed_rpg\vendor\json\include\nlohmann/detail/input/json_sax.hpp(853,22): note: in instantiation of function template specialization 'nlohmann::basic_json<>::basic_json<bool &, bool, 0>' requested here
[build]   853 |         auto value = BasicJsonType(std::forward<Value>(v));
[build]       |                      ^
[build] C:\Users\pperv\code\unnamed_rpg\vendor\json\include\nlohmann/detail/input/json_sax.hpp(511,9): note: in instantiation of function template specialization 'nlohmann::detail::json_sax_dom_callback_parser<nlohmann::basic_json<>, nlohmann::detail::iterator_input_adapter<const char *>>::handle_value<bool &>' requested here
[build]   511 |         handle_value(val);
[build]       |         ^
[build] C:\Users\pperv\code\unnamed_rpg\vendor\json\include\nlohmann/detail/input/parser.hpp(287,56): note: in instantiation of member function 'nlohmann::detail::json_sax_dom_callback_parser<nlohmann::basic_json<>, nlohmann::detail::iterator_input_adapter<const char *>>::boolean' requested here
[build]   287 |                         if (JSON_HEDLEY_UNLIKELY(!sax->boolean(false)))
[build]       |                                                        ^
[build] C:\Users\pperv\code\unnamed_rpg\vendor\json\include\nlohmann/thirdparty/hedley/hedley.hpp(1360,94): note: expanded from macro 'JSON_HEDLEY_UNLIKELY'
[build]  1360 | #  define JSON_HEDLEY_UNLIKELY(expr)                    __builtin_expect                 (!!(expr),    0                  )
[build]       |                                                                                              ^
[build] C:\Users\pperv\code\unnamed_rpg\vendor\json\include\nlohmann/detail/input/parser.hpp(100,13): note: in instantiation of function template specialization 'nlohmann::detail::parser<nlohmann::basic_json<>, nlohmann::detail::iterator_input_adapter<const char *>>::sax_parse_internal<nlohmann::detail::json_sax_dom_callback_parser<nlohmann::basic_json<>, nlohmann::detail::iterator_input_adapter<const char *>>>' requested here
[build]   100 |             sax_parse_internal(&sdp);
[build]       |             ^
[build] C:\Users\pperv\code\unnamed_rpg\vendor\json\include\nlohmann/json.hpp(4112,148): note: in instantiation of member function 'nlohmann::detail::parser<nlohmann::basic_json<>, nlohmann::detail::iterator_input_adapter<const char *>>::parse' requested here
[build]  4112 |         parser(detail::input_adapter(std::move(first), std::move(last)), std::move(cb), allow_exceptions, ignore_comments, ignore_trailing_commas).parse(true, result); // cppcheck-suppress[accessMoved]
[build]       |                                                                                                                                                    ^
[build] C:\Users\pperv\code\unnamed_rpg\vendor\json\include\nlohmann/json.hpp(5294,28): note: in instantiation of function template specialization 'nlohmann::basic_json<>::parse<const char *, const char *, 0>' requested here
[build]  5294 |     return nlohmann::json::parse(s, s + n);
[build]       |                            ^
[build] In file included from C:\Users\pperv\code\unnamed_rpg\vendor\json-schema-validator\src\json-schema-draft7.json.cpp:9:
[build] In file included from C:\Users\pperv\code\unnamed_rpg\vendor\json\include\nlohmann/json.hpp:44:
[build] In file included from C:\Users\pperv\code\unnamed_rpg\vendor\json\include\nlohmann/adl_serializer.hpp:15:
[build] C:\Users\pperv\code\unnamed_rpg\vendor\json\include\nlohmann/detail/conversions/to_json.hpp(56,27): warning: enumeration type in nested name specifier is incompatible with C++98 [-Wc++98-compat]
[build]    56 |         j.m_data.m_type = value_t::boolean;
[build]       |                           ^
[build] C:\Users\pperv\code\unnamed_rpg\vendor\json\include\nlohmann/detail/conversions/to_json.hpp(516,16): note: in instantiation of function template specialization 'nlohmann::detail::to_json<nlohmann::basic_json<>, bool, 0>' requested here
[build]   516 |         return to_json(j, std::forward<T>(val));
[build]       |                ^
[build] C:\Users\pperv\code\unnamed_rpg\vendor\json\include\nlohmann/adl_serializer.hpp(51,9): note: in instantiation of function template specialization 'nlohmann::detail::to_json_fn::operator()<nlohmann::basic_json<>, bool &>' requested here
[build]    51 |         ::nlohmann::to_json(j, std::forward<TargetType>(val));
[build]       |         ^
[build] C:\Users\pperv\code\unnamed_rpg\vendor\json\include\nlohmann/json.hpp(872,28): note: in instantiation of function template specialization 'nlohmann::adl_serializer<bool>::to_json<nlohmann::basic_json<>, bool &>' requested here
[build]   872 |         JSONSerializer<U>::to_json(*this, std::forward<CompatibleType>(val));
[build]       |                            ^
[build] C:\Users\pperv\code\unnamed_rpg\vendor\json\include\nlohmann/detail/input/json_sax.hpp(853,22): note: in instantiation of function template specialization 'nlohmann::basic_json<>::basic_json<bool &, bool, 0>' requested here
[build]   853 |         auto value = BasicJsonType(std::forward<Value>(v));
[build]       |                      ^
[build] C:\Users\pperv\code\unnamed_rpg\vendor\json\include\nlohmann/detail/input/json_sax.hpp(511,9): note: in instantiation of function template specialization 'nlohmann::detail::json_sax_dom_callback_parser<nlohmann::basic_json<>, nlohmann::detail::iterator_input_adapter<const char *>>::handle_value<bool &>' requested here
[build]   511 |         handle_value(val);
[build]       |         ^
[build] C:\Users\pperv\code\unnamed_rpg\vendor\json\include\nlohmann/detail/input/parser.hpp(287,56): note: in instantiation of member function 'nlohmann::detail::json_sax_dom_callback_parser<nlohmann::basic_json<>, nlohmann::detail::iterator_input_adapter<const char *>>::boolean' requested here
[build]   287 |                         if (JSON_HEDLEY_UNLIKELY(!sax->boolean(false)))
[build]       |                                                        ^
[build] C:\Users\pperv\code\unnamed_rpg\vendor\json\include\nlohmann/thirdparty/hedley/hedley.hpp(1360,94): note: expanded from macro 'JSON_HEDLEY_UNLIKELY'
[build]  1360 | #  define JSON_HEDLEY_UNLIKELY(expr)                    __builtin_expect                 (!!(expr),    0                  )
[build]       |                                                                                              ^
[build] C:\Users\pperv\code\unnamed_rpg\vendor\json\include\nlohmann/detail/input/parser.hpp(100,13): note: in instantiation of function template specialization 'nlohmann::detail::parser<nlohmann::basic_json<>, nlohmann::detail::iterator_input_adapter<const char *>>::sax_parse_internal<nlohmann::detail::json_sax_dom_callback_parser<nlohmann::basic_json<>, nlohmann::detail::iterator_input_adapter<const char *>>>' requested here
[build]   100 |             sax_parse_internal(&sdp);
[build]       |             ^
[build] C:\Users\pperv\code\unnamed_rpg\vendor\json\include\nlohmann/json.hpp(4112,148): note: in instantiation of member function 'nlohmann::detail::parser<nlohmann::basic_json<>, nlohmann::detail::iterator_input_adapter<const char *>>::parse' requested here
[build]  4112 |         parser(detail::input_adapter(std::move(first), std::move(last)), std::move(cb), allow_exceptions, ignore_comments, ignore_trailing_commas).parse(true, result); // cppcheck-suppress[accessMoved]
[build]       |                                                                                                                                                    ^
[build] C:\Users\pperv\code\unnamed_rpg\vendor\json\include\nlohmann/json.hpp(5294,28): note: in instantiation of function template specialization 'nlohmann::basic_json<>::parse<const char *, const char *, 0>' requested here
[build]  5294 |     return nlohmann::json::parse(s, s + n);
[build]       |                            ^
[build] In file included from C:\Users\pperv\code\unnamed_rpg\vendor\json-schema-validator\src\json-schema-draft7.json.cpp:9:
[build] In file included from C:\Users\pperv\code\unnamed_rpg\vendor\json\include\nlohmann/json.hpp:44:
[build] In file included from C:\Users\pperv\code\unnamed_rpg\vendor\json\include\nlohmann/adl_serializer.hpp:15:
[build] C:\Users\pperv\code\unnamed_rpg\vendor\json\include\nlohmann/detail/conversions/to_json.hpp(56,27): warning: enumeration type in nested name specifier is incompatible with C++98 [-Wc++98-compat]
[build]    56 |         j.m_data.m_type = value_t::boolean;
[build]       |                           ^
[build] C:\Users\pperv\code\unnamed_rpg\vendor\json\include\nlohmann/detail/conversions/to_json.hpp(307,45): note: in instantiation of function template specialization 'nlohmann::detail::external_constructor<nlohmann::detail::value_t::boolean>::construct<nlohmann::basic_json<>>' requested here
[build]   307 |     external_constructor<value_t::boolean>::construct(j, b);
[build]       |                                             ^
[build] C:\Users\pperv\code\unnamed_rpg\vendor\json\include\nlohmann/detail/conversions/to_json.hpp(516,16): note: in instantiation of function template specialization 'nlohmann::detail::to_json<nlohmann::basic_json<>, bool, 0>' requested here
[build]   516 |         return to_json(j, std::forward<T>(val));
[build]       |                ^
[build] C:\Users\pperv\code\unnamed_rpg\vendor\json\include\nlohmann/adl_serializer.hpp(51,9): note: in instantiation of function template specialization 'nlohmann::detail::to_json_fn::operator()<nlohmann::basic_json<>, bool &>' requested here
[build]    51 |         ::nlohmann::to_json(j, std::forward<TargetType>(val));
[build]       |         ^
[build] C:\Users\pperv\code\unnamed_rpg\vendor\json\include\nlohmann/json.hpp(872,28): note: in instantiation of function template specialization 'nlohmann::adl_serializer<bool>::to_json<nlohmann::basic_json<>, bool &>' requested here
[build]   872 |         JSONSerializer<U>::to_json(*this, std::forward<CompatibleType>(val));
[build]       |                            ^
[build] C:\Users\pperv\code\unnamed_rpg\vendor\json\include\nlohmann/detail/input/json_sax.hpp(853,22): note: in instantiation of function template specialization 'nlohmann::basic_json<>::basic_json<bool &, bool, 0>' requested here
[build]   853 |         auto value = BasicJsonType(std::forward<Value>(v));
[build]       |                      ^
[build] C:\Users\pperv\code\unnamed_rpg\vendor\json\include\nlohmann/detail/input/json_sax.hpp(511,9): note: in instantiation of function template specialization 'nlohmann::detail::json_sax_dom_callback_parser<nlohmann::basic_json<>, nlohmann::detail::iterator_input_adapter<const char *>>::handle_value<bool &>' requested here
[build]   511 |         handle_value(val);
[build]       |         ^
[build] C:\Users\pperv\code\unnamed_rpg\vendor\json\include\nlohmann/detail/input/parser.hpp(287,56): note: in instantiation of member function 'nlohmann::detail::json_sax_dom_callback_parser<nlohmann::basic_json<>, nlohmann::detail::iterator_input_adapter<const char *>>::boolean' requested here
[build]   287 |                         if (JSON_HEDLEY_UNLIKELY(!sax->boolean(false)))
[build]       |                                                        ^
[build] C:\Users\pperv\code\unnamed_rpg\vendor\json\include\nlohmann/thirdparty/hedley/hedley.hpp(1360,94): note: expanded from macro 'JSON_HEDLEY_UNLIKELY'
[build]  1360 | #  define JSON_HEDLEY_UNLIKELY(expr)                    __builtin_expect                 (!!(expr),    0                  )
[build]       |                                                                                              ^
[build] C:\Users\pperv\code\unnamed_rpg\vendor\json\include\nlohmann/detail/input/parser.hpp(100,13): note: in instantiation of function template specialization 'nlohmann::detail::parser<nlohmann::basic_json<>, nlohmann::detail::iterator_input_adapter<const char *>>::sax_parse_internal<nlohmann::detail::json_sax_dom_callback_parser<nlohmann::basic_json<>, nlohmann::detail::iterator_input_adapter<const char *>>>' requested here
[build]   100 |             sax_parse_internal(&sdp);
[build]       |             ^
[build] C:\Users\pperv\code\unnamed_rpg\vendor\json\include\nlohmann/json.hpp(4112,148): note: in instantiation of member function 'nlohmann::detail::parser<nlohmann::basic_json<>, nlohmann::detail::iterator_input_adapter<const char *>>::parse' requested here
[build]  4112 |         parser(detail::input_adapter(std::move(first), std::move(last)), std::move(cb), allow_exceptions, ignore_comments, ignore_trailing_commas).parse(true, result); // cppcheck-suppress[accessMoved]
[build]       |                                                                                                                                                    ^
[build] C:\Users\pperv\code\unnamed_rpg\vendor\json\include\nlohmann/json.hpp(5294,28): note: in instantiation of function template specialization 'nlohmann::basic_json<>::parse<const char *, const char *, 0>' requested here
[build]  5294 |     return nlohmann::json::parse(s, s + n);
[build]       |                            ^
[build] In file included from C:\Users\pperv\code\unnamed_rpg\vendor\json-schema-validator\src\json-schema-draft7.json.cpp:9:
[build] In file included from C:\Users\pperv\code\unnamed_rpg\vendor\json\include\nlohmann/json.hpp:50:
[build] In file included from C:\Users\pperv\code\unnamed_rpg\vendor\json\include\nlohmann/detail/input/binary_reader.hpp:29:
[build] C:\Users\pperv\code\unnamed_rpg\vendor\json\include\nlohmann/detail/input/json_sax.hpp(505,22): warning: 'nullptr' is incompatible with C++98 [-Wc++98-compat]
[build]   505 |         handle_value(nullptr);
[build]       |                      ^
[build] C:\Users\pperv\code\unnamed_rpg\vendor\json\include\nlohmann/detail/input/json_sax.hpp(849,20): warning: constructor call from initializer list is incompatible with C++98 [-Wc++98-compat]
[build]   849 |             return {false, nullptr};
[build]       |                    ^~~~~~~~~~~~~~~~
[build] C:\Users\pperv\code\unnamed_rpg\vendor\json\include\nlohmann/detail/input/json_sax.hpp(505,9): note: in instantiation of function template specialization 'nlohmann::detail::json_sax_dom_callback_parser<nlohmann::basic_json<>, nlohmann::detail::iterator_input_adapter<const char *>>::handle_value<std::nullptr_t>' requested here
[build]   505 |         handle_value(nullptr);
[build]       |         ^
[build] C:\Users\pperv\code\unnamed_rpg\vendor\json\include\nlohmann/detail/input/parser.hpp(296,56): note: in instantiation of member function 'nlohmann::detail::json_sax_dom_callback_parser<nlohmann::basic_json<>, nlohmann::detail::iterator_input_adapter<const char *>>::null' requested here
[build]   296 |                         if (JSON_HEDLEY_UNLIKELY(!sax->null()))
[build]       |                                                        ^
[build] C:\Users\pperv\code\unnamed_rpg\vendor\json\include\nlohmann/thirdparty/hedley/hedley.hpp(1360,94): note: expanded from macro 'JSON_HEDLEY_UNLIKELY'
[build]  1360 | #  define JSON_HEDLEY_UNLIKELY(expr)                    __builtin_expect                 (!!(expr),    0                  )
[build]       |                                                                                              ^
[build] C:\Users\pperv\code\unnamed_rpg\vendor\json\include\nlohmann/detail/input/parser.hpp(100,13): note: in instantiation of function template specialization 'nlohmann::detail::parser<nlohmann::basic_json<>, nlohmann::detail::iterator_input_adapter<const char *>>::sax_parse_internal<nlohmann::detail::json_sax_dom_callback_parser<nlohmann::basic_json<>, nlohmann::detail::iterator_input_adapter<const char *>>>' requested here
[build]   100 |             sax_parse_internal(&sdp);
[build]       |             ^
[build] C:\Users\pperv\code\unnamed_rpg\vendor\json\include\nlohmann/json.hpp(4112,148): note: in instantiation of member function 'nlohmann::detail::parser<nlohmann::basic_json<>, nlohmann::detail::iterator_input_adapter<const char *>>::parse' requested here
[build]  4112 |         parser(detail::input_adapter(std::move(first), std::move(last)), std::move(cb), allow_exceptions, ignore_comments, ignore_trailing_commas).parse(true, result); // cppcheck-suppress[accessMoved]
[build]       |                                                                                                                                                    ^
[build] C:\Users\pperv\code\unnamed_rpg\vendor\json\include\nlohmann/json.hpp(5294,28): note: in instantiation of function template specialization 'nlohmann::basic_json<>::parse<const char *, const char *, 0>' requested here
[build]  5294 |     return nlohmann::json::parse(s, s + n);
[build]       |                            ^
[build] In file included from C:\Users\pperv\code\unnamed_rpg\vendor\json-schema-validator\src\json-schema-draft7.json.cpp:9:
[build] In file included from C:\Users\pperv\code\unnamed_rpg\vendor\json\include\nlohmann/json.hpp:50:
[build] In file included from C:\Users\pperv\code\unnamed_rpg\vendor\json\include\nlohmann/detail/input/binary_reader.hpp:29:
[build] C:\Users\pperv\code\unnamed_rpg\vendor\json\include\nlohmann/detail/input/json_sax.hpp(860,89): warning: enumeration type in nested name specifier is incompatible with C++98 [-Wc++98-compat]
[build]   860 |         const bool keep = skip_callback || callback(static_cast<int>(ref_stack.size()), parse_event_t::value, value);
[build]       |                                                                                         ^
[build] C:\Users\pperv\code\unnamed_rpg\vendor\json\include\nlohmann/detail/input/json_sax.hpp(877,20): warning: constructor call from initializer list is incompatible with C++98 [-Wc++98-compat]
[build]   877 |             return {false, nullptr};
[build]       |                    ^~~~~~~~~~~~~~~~
[build] C:\Users\pperv\code\unnamed_rpg\vendor\json\include\nlohmann/detail/input/json_sax.hpp(883,20): warning: constructor call from initializer list is incompatible with C++98 [-Wc++98-compat]
[build]   883 |             return {true, & root};
[build]       |                    ^~~~~~~~~~~~~~
[build] C:\Users\pperv\code\unnamed_rpg\vendor\json\include\nlohmann/detail/input/json_sax.hpp(890,20): warning: constructor call from initializer list is incompatible with C++98 [-Wc++98-compat]
[build]   890 |             return {false, nullptr};
[build]       |                    ^~~~~~~~~~~~~~~~
[build] C:\Users\pperv\code\unnamed_rpg\vendor\json\include\nlohmann/detail/input/json_sax.hpp(900,20): warning: constructor call from initializer list is incompatible with C++98 [-Wc++98-compat]
[build]   900 |             return {true, & (ref_stack.back()->m_data.m_value.array->back())};
[build]       |                    ^~~~~~~~~~~~~~~~~~~~~~~~~~~~~~~~~~~~~~~~~~~~~~~~~~~~~~~~~~
[build] C:\Users\pperv\code\unnamed_rpg\vendor\json\include\nlohmann/detail/input/json_sax.hpp(912,20): warning: constructor call from initializer list is incompatible with C++98 [-Wc++98-compat]
[build]   912 |             return {false, nullptr};
[build]       |                    ^~~~~~~~~~~~~~~~
[build] C:\Users\pperv\code\unnamed_rpg\vendor\json\include\nlohmann/detail/input/json_sax.hpp(917,16): warning: constructor call from initializer list is incompatible with C++98 [-Wc++98-compat]
[build]   917 |         return {true, object_element};
[build]       |                ^~~~~~~~~~~~~~~~~~~~~~
[build] C:\Users\pperv\code\unnamed_rpg\vendor\json\include\nlohmann/detail/input/json_sax.hpp(849,20): warning: constructor call from initializer list is incompatible with C++98 [-Wc++98-compat]
[build]   849 |             return {false, nullptr};
[build]       |                    ^~~~~~~~~~~~~~~~
[build] C:\Users\pperv\code\unnamed_rpg\vendor\json\include\nlohmann/detail/input/json_sax.hpp(517,9): note: in instantiation of function template specialization 'nlohmann::detail::json_sax_dom_callback_parser<nlohmann::basic_json<>, nlohmann::detail::iterator_input_adapter<const char *>>::handle_value<long long &>' requested here
[build]   517 |         handle_value(val);
[build]       |         ^
[build] C:\Users\pperv\code\unnamed_rpg\vendor\json\include\nlohmann/detail/input/parser.hpp(314,56): note: in instantiation of member function 'nlohmann::detail::json_sax_dom_callback_parser<nlohmann::basic_json<>, nlohmann::detail::iterator_input_adapter<const char *>>::number_integer' requested here
[build]   314 |                         if (JSON_HEDLEY_UNLIKELY(!sax->number_integer(m_lexer.get_number_integer())))
[build]       |                                                        ^
[build] C:\Users\pperv\code\unnamed_rpg\vendor\json\include\nlohmann/thirdparty/hedley/hedley.hpp(1360,94): note: expanded from macro 'JSON_HEDLEY_UNLIKELY'
[build]  1360 | #  define JSON_HEDLEY_UNLIKELY(expr)                    __builtin_expect                 (!!(expr),    0                  )
[build]       |                                                                                              ^
[build] C:\Users\pperv\code\unnamed_rpg\vendor\json\include\nlohmann/detail/input/parser.hpp(100,13): note: in instantiation of function template specialization 'nlohmann::detail::parser<nlohmann::basic_json<>, nlohmann::detail::iterator_input_adapter<const char *>>::sax_parse_internal<nlohmann::detail::json_sax_dom_callback_parser<nlohmann::basic_json<>, nlohmann::detail::iterator_input_adapter<const char *>>>' requested here
[build]   100 |             sax_parse_internal(&sdp);
[build]       |             ^
[build] C:\Users\pperv\code\unnamed_rpg\vendor\json\include\nlohmann/json.hpp(4112,148): note: in instantiation of member function 'nlohmann::detail::parser<nlohmann::basic_json<>, nlohmann::detail::iterator_input_adapter<const char *>>::parse' requested here
[build]  4112 |         parser(detail::input_adapter(std::move(first), std::move(last)), std::move(cb), allow_exceptions, ignore_comments, ignore_trailing_commas).parse(true, result); // cppcheck-suppress[accessMoved]
[build]       |                                                                                                                                                    ^
[build] C:\Users\pperv\code\unnamed_rpg\vendor\json\include\nlohmann/json.hpp(5294,28): note: in instantiation of function template specialization 'nlohmann::basic_json<>::parse<const char *, const char *, 0>' requested here
[build]  5294 |     return nlohmann::json::parse(s, s + n);
[build]       |                            ^
[build] In file included from C:\Users\pperv\code\unnamed_rpg\vendor\json-schema-validator\src\json-schema-draft7.json.cpp:9:
[build] In file included from C:\Users\pperv\code\unnamed_rpg\vendor\json\include\nlohmann/json.hpp:50:
[build] In file included from C:\Users\pperv\code\unnamed_rpg\vendor\json\include\nlohmann/detail/input/binary_reader.hpp:29:
[build] C:\Users\pperv\code\unnamed_rpg\vendor\json\include\nlohmann/detail/input/json_sax.hpp(860,89): warning: enumeration type in nested name specifier is incompatible with C++98 [-Wc++98-compat]
[build]   860 |         const bool keep = skip_callback || callback(static_cast<int>(ref_stack.size()), parse_event_t::value, value);
[build]       |                                                                                         ^
[build] C:\Users\pperv\code\unnamed_rpg\vendor\json\include\nlohmann/detail/input/json_sax.hpp(877,20): warning: constructor call from initializer list is incompatible with C++98 [-Wc++98-compat]
[build]   877 |             return {false, nullptr};
[build]       |                    ^~~~~~~~~~~~~~~~
[build] C:\Users\pperv\code\unnamed_rpg\vendor\json\include\nlohmann/detail/input/json_sax.hpp(883,20): warning: constructor call from initializer list is incompatible with C++98 [-Wc++98-compat]
[build]   883 |             return {true, & root};
[build]       |                    ^~~~~~~~~~~~~~
[build] C:\Users\pperv\code\unnamed_rpg\vendor\json\include\nlohmann/detail/input/json_sax.hpp(890,20): warning: constructor call from initializer list is incompatible with C++98 [-Wc++98-compat]
[build]   890 |             return {false, nullptr};
[build]       |                    ^~~~~~~~~~~~~~~~
[build] C:\Users\pperv\code\unnamed_rpg\vendor\json\include\nlohmann/detail/input/json_sax.hpp(900,20): warning: constructor call from initializer list is incompatible with C++98 [-Wc++98-compat]
[build]   900 |             return {true, & (ref_stack.back()->m_data.m_value.array->back())};
[build]       |                    ^~~~~~~~~~~~~~~~~~~~~~~~~~~~~~~~~~~~~~~~~~~~~~~~~~~~~~~~~~
[build] C:\Users\pperv\code\unnamed_rpg\vendor\json\include\nlohmann/detail/input/json_sax.hpp(912,20): warning: constructor call from initializer list is incompatible with C++98 [-Wc++98-compat]
[build]   912 |             return {false, nullptr};
[build]       |                    ^~~~~~~~~~~~~~~~
[build] C:\Users\pperv\code\unnamed_rpg\vendor\json\include\nlohmann/detail/input/json_sax.hpp(917,16): warning: constructor call from initializer list is incompatible with C++98 [-Wc++98-compat]
[build]   917 |         return {true, object_element};
[build]       |                ^~~~~~~~~~~~~~~~~~~~~~
[build] In file included from C:\Users\pperv\code\unnamed_rpg\vendor\json-schema-validator\src\json-schema-draft7.json.cpp:9:
[build] In file included from C:\Users\pperv\code\unnamed_rpg\vendor\json\include\nlohmann/json.hpp:44:
[build] In file included from C:\Users\pperv\code\unnamed_rpg\vendor\json\include\nlohmann/adl_serializer.hpp:15:
[build] C:\Users\pperv\code\unnamed_rpg\vendor\json\include\nlohmann/detail/conversions/to_json.hpp(354,26): warning: enumeration type in nested name specifier is incompatible with C++98 [-Wc++98-compat]
[build]   354 |     external_constructor<value_t::number_integer>::construct(j, static_cast<typename BasicJsonType::number_integer_t>(val));
[build]       |                          ^
[build] C:\Users\pperv\code\unnamed_rpg\vendor\json\include\nlohmann/adl_serializer.hpp(51,9): note: in instantiation of function template specialization 'nlohmann::detail::to_json_fn::operator()<nlohmann::basic_json<>, long long &>' requested here
[build]    51 |         ::nlohmann::to_json(j, std::forward<TargetType>(val));
[build]       |         ^
[build] C:\Users\pperv\code\unnamed_rpg\vendor\json\include\nlohmann/json.hpp(872,28): note: in instantiation of function template specialization 'nlohmann::adl_serializer<long long>::to_json<nlohmann::basic_json<>, long long &>' requested here
[build]   872 |         JSONSerializer<U>::to_json(*this, std::forward<CompatibleType>(val));
[build]       |                            ^
[build] C:\Users\pperv\code\unnamed_rpg\vendor\json\include\nlohmann/detail/input/json_sax.hpp(853,22): note: in instantiation of function template specialization 'nlohmann::basic_json<>::basic_json<long long &, long long, 0>' requested here
[build]   853 |         auto value = BasicJsonType(std::forward<Value>(v));
[build]       |                      ^
[build] C:\Users\pperv\code\unnamed_rpg\vendor\json\include\nlohmann/detail/input/json_sax.hpp(517,9): note: in instantiation of function template specialization 'nlohmann::detail::json_sax_dom_callback_parser<nlohmann::basic_json<>, nlohmann::detail::iterator_input_adapter<const char *>>::handle_value<long long &>' requested here
[build]   517 |         handle_value(val);
[build]       |         ^
[build] C:\Users\pperv\code\unnamed_rpg\vendor\json\include\nlohmann/detail/input/parser.hpp(314,56): note: in instantiation of member function 'nlohmann::detail::json_sax_dom_callback_parser<nlohmann::basic_json<>, nlohmann::detail::iterator_input_adapter<const char *>>::number_integer' requested here
[build]   314 |                         if (JSON_HEDLEY_UNLIKELY(!sax->number_integer(m_lexer.get_number_integer())))
[build]       |                                                        ^
[build] C:\Users\pperv\code\unnamed_rpg\vendor\json\include\nlohmann/thirdparty/hedley/hedley.hpp(1360,94): note: expanded from macro 'JSON_HEDLEY_UNLIKELY'
[build]  1360 | #  define JSON_HEDLEY_UNLIKELY(expr)                    __builtin_expect                 (!!(expr),    0                  )
[build]       |                                                                                              ^
[build] C:\Users\pperv\code\unnamed_rpg\vendor\json\include\nlohmann/detail/input/parser.hpp(100,13): note: in instantiation of function template specialization 'nlohmann::detail::parser<nlohmann::basic_json<>, nlohmann::detail::iterator_input_adapter<const char *>>::sax_parse_internal<nlohmann::detail::json_sax_dom_callback_parser<nlohmann::basic_json<>, nlohmann::detail::iterator_input_adapter<const char *>>>' requested here
[build]   100 |             sax_parse_internal(&sdp);
[build]       |             ^
[build] C:\Users\pperv\code\unnamed_rpg\vendor\json\include\nlohmann/json.hpp(4112,148): note: in instantiation of member function 'nlohmann::detail::parser<nlohmann::basic_json<>, nlohmann::detail::iterator_input_adapter<const char *>>::parse' requested here
[build]  4112 |         parser(detail::input_adapter(std::move(first), std::move(last)), std::move(cb), allow_exceptions, ignore_comments, ignore_trailing_commas).parse(true, result); // cppcheck-suppress[accessMoved]
[build]       |                                                                                                                                                    ^
[build] C:\Users\pperv\code\unnamed_rpg\vendor\json\include\nlohmann/json.hpp(5294,28): note: in instantiation of function template specialization 'nlohmann::basic_json<>::parse<const char *, const char *, 0>' requested here
[build]  5294 |     return nlohmann::json::parse(s, s + n);
[build]       |                            ^
[build] In file included from C:\Users\pperv\code\unnamed_rpg\vendor\json-schema-validator\src\json-schema-draft7.json.cpp:9:
[build] In file included from C:\Users\pperv\code\unnamed_rpg\vendor\json\include\nlohmann/json.hpp:44:
[build] In file included from C:\Users\pperv\code\unnamed_rpg\vendor\json\include\nlohmann/adl_serializer.hpp:15:
[build] C:\Users\pperv\code\unnamed_rpg\vendor\json\include\nlohmann/detail/conversions/to_json.hpp(150,27): warning: enumeration type in nested name specifier is incompatible with C++98 [-Wc++98-compat]
[build]   150 |         j.m_data.m_type = value_t::number_integer;
[build]       |                           ^
[build] C:\Users\pperv\code\unnamed_rpg\vendor\json\include\nlohmann/detail/conversions/to_json.hpp(516,16): note: in instantiation of function template specialization 'nlohmann::detail::to_json<nlohmann::basic_json<>, long long, 0>' requested here
[build]   516 |         return to_json(j, std::forward<T>(val));
[build]       |                ^
[build] C:\Users\pperv\code\unnamed_rpg\vendor\json\include\nlohmann/adl_serializer.hpp(51,9): note: in instantiation of function template specialization 'nlohmann::detail::to_json_fn::operator()<nlohmann::basic_json<>, long long &>' requested here
[build]    51 |         ::nlohmann::to_json(j, std::forward<TargetType>(val));
[build]       |         ^
[build] C:\Users\pperv\code\unnamed_rpg\vendor\json\include\nlohmann/json.hpp(872,28): note: in instantiation of function template specialization 'nlohmann::adl_serializer<long long>::to_json<nlohmann::basic_json<>, long long &>' requested here
[build]   872 |         JSONSerializer<U>::to_json(*this, std::forward<CompatibleType>(val));
[build]       |                            ^
[build] C:\Users\pperv\code\unnamed_rpg\vendor\json\include\nlohmann/detail/input/json_sax.hpp(853,22): note: in instantiation of function template specialization 'nlohmann::basic_json<>::basic_json<long long &, long long, 0>' requested here
[build]   853 |         auto value = BasicJsonType(std::forward<Value>(v));
[build]       |                      ^
[build] C:\Users\pperv\code\unnamed_rpg\vendor\json\include\nlohmann/detail/input/json_sax.hpp(517,9): note: in instantiation of function template specialization 'nlohmann::detail::json_sax_dom_callback_parser<nlohmann::basic_json<>, nlohmann::detail::iterator_input_adapter<const char *>>::handle_value<long long &>' requested here
[build]   517 |         handle_value(val);
[build]       |         ^
[build] C:\Users\pperv\code\unnamed_rpg\vendor\json\include\nlohmann/detail/input/parser.hpp(314,56): note: in instantiation of member function 'nlohmann::detail::json_sax_dom_callback_parser<nlohmann::basic_json<>, nlohmann::detail::iterator_input_adapter<const char *>>::number_integer' requested here
[build]   314 |                         if (JSON_HEDLEY_UNLIKELY(!sax->number_integer(m_lexer.get_number_integer())))
[build]       |                                                        ^
[build] C:\Users\pperv\code\unnamed_rpg\vendor\json\include\nlohmann/thirdparty/hedley/hedley.hpp(1360,94): note: expanded from macro 'JSON_HEDLEY_UNLIKELY'
[build]  1360 | #  define JSON_HEDLEY_UNLIKELY(expr)                    __builtin_expect                 (!!(expr),    0                  )
[build]       |                                                                                              ^
[build] C:\Users\pperv\code\unnamed_rpg\vendor\json\include\nlohmann/detail/input/parser.hpp(100,13): note: in instantiation of function template specialization 'nlohmann::detail::parser<nlohmann::basic_json<>, nlohmann::detail::iterator_input_adapter<const char *>>::sax_parse_internal<nlohmann::detail::json_sax_dom_callback_parser<nlohmann::basic_json<>, nlohmann::detail::iterator_input_adapter<const char *>>>' requested here
[build]   100 |             sax_parse_internal(&sdp);
[build]       |             ^
[build] C:\Users\pperv\code\unnamed_rpg\vendor\json\include\nlohmann/json.hpp(4112,148): note: in instantiation of member function 'nlohmann::detail::parser<nlohmann::basic_json<>, nlohmann::detail::iterator_input_adapter<const char *>>::parse' requested here
[build]  4112 |         parser(detail::input_adapter(std::move(first), std::move(last)), std::move(cb), allow_exceptions, ignore_comments, ignore_trailing_commas).parse(true, result); // cppcheck-suppress[accessMoved]
[build]       |                                                                                                                                                    ^
[build] C:\Users\pperv\code\unnamed_rpg\vendor\json\include\nlohmann/json.hpp(5294,28): note: in instantiation of function template specialization 'nlohmann::basic_json<>::parse<const char *, const char *, 0>' requested here
[build]  5294 |     return nlohmann::json::parse(s, s + n);
[build]       |                            ^
[build] In file included from C:\Users\pperv\code\unnamed_rpg\vendor\json-schema-validator\src\json-schema-draft7.json.cpp:9:
[build] In file included from C:\Users\pperv\code\unnamed_rpg\vendor\json\include\nlohmann/json.hpp:44:
[build] In file included from C:\Users\pperv\code\unnamed_rpg\vendor\json\include\nlohmann/adl_serializer.hpp:15:
[build] C:\Users\pperv\code\unnamed_rpg\vendor\json\include\nlohmann/detail/conversions/to_json.hpp(150,27): warning: enumeration type in nested name specifier is incompatible with C++98 [-Wc++98-compat]
[build]   150 |         j.m_data.m_type = value_t::number_integer;
[build]       |                           ^
[build] C:\Users\pperv\code\unnamed_rpg\vendor\json\include\nlohmann/detail/conversions/to_json.hpp(354,52): note: in instantiation of function template specialization 'nlohmann::detail::external_constructor<nlohmann::detail::value_t::number_integer>::construct<nlohmann::basic_json<>>' requested here
[build]   354 |     external_constructor<value_t::number_integer>::construct(j, static_cast<typename BasicJsonType::number_integer_t>(val));
[build]       |                                                    ^
[build] C:\Users\pperv\code\unnamed_rpg\vendor\json\include\nlohmann/detail/conversions/to_json.hpp(516,16): note: in instantiation of function template specialization 'nlohmann::detail::to_json<nlohmann::basic_json<>, long long, 0>' requested here
[build]   516 |         return to_json(j, std::forward<T>(val));
[build]       |                ^
[build] C:\Users\pperv\code\unnamed_rpg\vendor\json\include\nlohmann/adl_serializer.hpp(51,9): note: in instantiation of function template specialization 'nlohmann::detail::to_json_fn::operator()<nlohmann::basic_json<>, long long &>' requested here
[build]    51 |         ::nlohmann::to_json(j, std::forward<TargetType>(val));
[build]       |         ^
[build] C:\Users\pperv\code\unnamed_rpg\vendor\json\include\nlohmann/json.hpp(872,28): note: in instantiation of function template specialization 'nlohmann::adl_serializer<long long>::to_json<nlohmann::basic_json<>, long long &>' requested here
[build]   872 |         JSONSerializer<U>::to_json(*this, std::forward<CompatibleType>(val));
[build]       |                            ^
[build] C:\Users\pperv\code\unnamed_rpg\vendor\json\include\nlohmann/detail/input/json_sax.hpp(853,22): note: in instantiation of function template specialization 'nlohmann::basic_json<>::basic_json<long long &, long long, 0>' requested here
[build]   853 |         auto value = BasicJsonType(std::forward<Value>(v));
[build]       |                      ^
[build] C:\Users\pperv\code\unnamed_rpg\vendor\json\include\nlohmann/detail/input/json_sax.hpp(517,9): note: in instantiation of function template specialization 'nlohmann::detail::json_sax_dom_callback_parser<nlohmann::basic_json<>, nlohmann::detail::iterator_input_adapter<const char *>>::handle_value<long long &>' requested here
[build]   517 |         handle_value(val);
[build]       |         ^
[build] C:\Users\pperv\code\unnamed_rpg\vendor\json\include\nlohmann/detail/input/parser.hpp(314,56): note: in instantiation of member function 'nlohmann::detail::json_sax_dom_callback_parser<nlohmann::basic_json<>, nlohmann::detail::iterator_input_adapter<const char *>>::number_integer' requested here
[build]   314 |                         if (JSON_HEDLEY_UNLIKELY(!sax->number_integer(m_lexer.get_number_integer())))
[build]       |                                                        ^
[build] C:\Users\pperv\code\unnamed_rpg\vendor\json\include\nlohmann/thirdparty/hedley/hedley.hpp(1360,94): note: expanded from macro 'JSON_HEDLEY_UNLIKELY'
[build]  1360 | #  define JSON_HEDLEY_UNLIKELY(expr)                    __builtin_expect                 (!!(expr),    0                  )
[build]       |                                                                                              ^
[build] C:\Users\pperv\code\unnamed_rpg\vendor\json\include\nlohmann/detail/input/parser.hpp(100,13): note: in instantiation of function template specialization 'nlohmann::detail::parser<nlohmann::basic_json<>, nlohmann::detail::iterator_input_adapter<const char *>>::sax_parse_internal<nlohmann::detail::json_sax_dom_callback_parser<nlohmann::basic_json<>, nlohmann::detail::iterator_input_adapter<const char *>>>' requested here
[build]   100 |             sax_parse_internal(&sdp);
[build]       |             ^
[build] C:\Users\pperv\code\unnamed_rpg\vendor\json\include\nlohmann/json.hpp(4112,148): note: in instantiation of member function 'nlohmann::detail::parser<nlohmann::basic_json<>, nlohmann::detail::iterator_input_adapter<const char *>>::parse' requested here
[build]  4112 |         parser(detail::input_adapter(std::move(first), std::move(last)), std::move(cb), allow_exceptions, ignore_comments, ignore_trailing_commas).parse(true, result); // cppcheck-suppress[accessMoved]
[build]       |                                                                                                                                                    ^
[build] C:\Users\pperv\code\unnamed_rpg\vendor\json\include\nlohmann/json.hpp(5294,28): note: in instantiation of function template specialization 'nlohmann::basic_json<>::parse<const char *, const char *, 0>' requested here
[build]  5294 |     return nlohmann::json::parse(s, s + n);
[build]       |                            ^
[build] In file included from C:\Users\pperv\code\unnamed_rpg\vendor\json-schema-validator\src\json-schema-draft7.json.cpp:9:
[build] In file included from C:\Users\pperv\code\unnamed_rpg\vendor\json\include\nlohmann/json.hpp:50:
[build] In file included from C:\Users\pperv\code\unnamed_rpg\vendor\json\include\nlohmann/detail/input/binary_reader.hpp:29:
[build] C:\Users\pperv\code\unnamed_rpg\vendor\json\include\nlohmann/detail/input/json_sax.hpp(849,20): warning: constructor call from initializer list is incompatible with C++98 [-Wc++98-compat]
[build]   849 |             return {false, nullptr};
[build]       |                    ^~~~~~~~~~~~~~~~
[build] C:\Users\pperv\code\unnamed_rpg\vendor\json\include\nlohmann/detail/input/json_sax.hpp(535,9): note: in instantiation of function template specialization 'nlohmann::detail::json_sax_dom_callback_parser<nlohmann::basic_json<>, nlohmann::detail::iterator_input_adapter<const char *>>::handle_value<std::basic_string<char> &>' requested here
[build]   535 |         handle_value(val);
[build]       |         ^
[build] C:\Users\pperv\code\unnamed_rpg\vendor\json\include\nlohmann/detail/input/parser.hpp(323,56): note: in instantiation of member function 'nlohmann::detail::json_sax_dom_callback_parser<nlohmann::basic_json<>, nlohmann::detail::iterator_input_adapter<const char *>>::string' requested here
[build]   323 |                         if (JSON_HEDLEY_UNLIKELY(!sax->string(m_lexer.get_string())))
[build]       |                                                        ^
[build] C:\Users\pperv\code\unnamed_rpg\vendor\json\include\nlohmann/thirdparty/hedley/hedley.hpp(1360,94): note: expanded from macro 'JSON_HEDLEY_UNLIKELY'
[build]  1360 | #  define JSON_HEDLEY_UNLIKELY(expr)                    __builtin_expect                 (!!(expr),    0                  )
[build]       |                                                                                              ^
[build] C:\Users\pperv\code\unnamed_rpg\vendor\json\include\nlohmann/detail/input/parser.hpp(100,13): note: in instantiation of function template specialization 'nlohmann::detail::parser<nlohmann::basic_json<>, nlohmann::detail::iterator_input_adapter<const char *>>::sax_parse_internal<nlohmann::detail::json_sax_dom_callback_parser<nlohmann::basic_json<>, nlohmann::detail::iterator_input_adapter<const char *>>>' requested here
[build]   100 |             sax_parse_internal(&sdp);
[build]       |             ^
[build] C:\Users\pperv\code\unnamed_rpg\vendor\json\include\nlohmann/json.hpp(4112,148): note: in instantiation of member function 'nlohmann::detail::parser<nlohmann::basic_json<>, nlohmann::detail::iterator_input_adapter<const char *>>::parse' requested here
[build]  4112 |         parser(detail::input_adapter(std::move(first), std::move(last)), std::move(cb), allow_exceptions, ignore_comments, ignore_trailing_commas).parse(true, result); // cppcheck-suppress[accessMoved]
[build]       |                                                                                                                                                    ^
[build] C:\Users\pperv\code\unnamed_rpg\vendor\json\include\nlohmann/json.hpp(5294,28): note: in instantiation of function template specialization 'nlohmann::basic_json<>::parse<const char *, const char *, 0>' requested here
[build]  5294 |     return nlohmann::json::parse(s, s + n);
[build]       |                            ^
[build] In file included from C:\Users\pperv\code\unnamed_rpg\vendor\json-schema-validator\src\json-schema-draft7.json.cpp:9:
[build] In file included from C:\Users\pperv\code\unnamed_rpg\vendor\json\include\nlohmann/json.hpp:50:
[build] In file included from C:\Users\pperv\code\unnamed_rpg\vendor\json\include\nlohmann/detail/input/binary_reader.hpp:29:
[build] C:\Users\pperv\code\unnamed_rpg\vendor\json\include\nlohmann/detail/input/json_sax.hpp(860,89): warning: enumeration type in nested name specifier is incompatible with C++98 [-Wc++98-compat]
[build]   860 |         const bool keep = skip_callback || callback(static_cast<int>(ref_stack.size()), parse_event_t::value, value);
[build]       |                                                                                         ^
[build] C:\Users\pperv\code\unnamed_rpg\vendor\json\include\nlohmann/detail/input/json_sax.hpp(877,20): warning: constructor call from initializer list is incompatible with C++98 [-Wc++98-compat]
[build]   877 |             return {false, nullptr};
[build]       |                    ^~~~~~~~~~~~~~~~
[build] C:\Users\pperv\code\unnamed_rpg\vendor\json\include\nlohmann/detail/input/json_sax.hpp(883,20): warning: constructor call from initializer list is incompatible with C++98 [-Wc++98-compat]
[build]   883 |             return {true, & root};
[build]       |                    ^~~~~~~~~~~~~~
[build] C:\Users\pperv\code\unnamed_rpg\vendor\json\include\nlohmann/detail/input/json_sax.hpp(890,20): warning: constructor call from initializer list is incompatible with C++98 [-Wc++98-compat]
[build]   890 |             return {false, nullptr};
[build]       |                    ^~~~~~~~~~~~~~~~
[build] C:\Users\pperv\code\unnamed_rpg\vendor\json\include\nlohmann/detail/input/json_sax.hpp(900,20): warning: constructor call from initializer list is incompatible with C++98 [-Wc++98-compat]
[build]   900 |             return {true, & (ref_stack.back()->m_data.m_value.array->back())};
[build]       |                    ^~~~~~~~~~~~~~~~~~~~~~~~~~~~~~~~~~~~~~~~~~~~~~~~~~~~~~~~~~
[build] C:\Users\pperv\code\unnamed_rpg\vendor\json\include\nlohmann/detail/input/json_sax.hpp(912,20): warning: constructor call from initializer list is incompatible with C++98 [-Wc++98-compat]
[build]   912 |             return {false, nullptr};
[build]       |                    ^~~~~~~~~~~~~~~~
[build] C:\Users\pperv\code\unnamed_rpg\vendor\json\include\nlohmann/detail/input/json_sax.hpp(917,16): warning: constructor call from initializer list is incompatible with C++98 [-Wc++98-compat]
[build]   917 |         return {true, object_element};
[build]       |                ^~~~~~~~~~~~~~~~~~~~~~
[build] C:\Users\pperv\code\unnamed_rpg\vendor\json\include\nlohmann/detail/input/json_sax.hpp(849,20): warning: constructor call from initializer list is incompatible with C++98 [-Wc++98-compat]
[build]   849 |             return {false, nullptr};
[build]       |                    ^~~~~~~~~~~~~~~~
[build] C:\Users\pperv\code\unnamed_rpg\vendor\json\include\nlohmann/detail/input/json_sax.hpp(523,9): note: in instantiation of function template specialization 'nlohmann::detail::json_sax_dom_callback_parser<nlohmann::basic_json<>, nlohmann::detail::iterator_input_adapter<const char *>>::handle_value<unsigned long long &>' requested here
[build]   523 |         handle_value(val);
[build]       |         ^
[build] C:\Users\pperv\code\unnamed_rpg\vendor\json\include\nlohmann/detail/input/parser.hpp(332,56): note: in instantiation of member function 'nlohmann::detail::json_sax_dom_callback_parser<nlohmann::basic_json<>, nlohmann::detail::iterator_input_adapter<const char *>>::number_unsigned' requested here
[build]   332 |                         if (JSON_HEDLEY_UNLIKELY(!sax->number_unsigned(m_lexer.get_number_unsigned())))
[build]       |                                                        ^
[build] C:\Users\pperv\code\unnamed_rpg\vendor\json\include\nlohmann/thirdparty/hedley/hedley.hpp(1360,94): note: expanded from macro 'JSON_HEDLEY_UNLIKELY'
[build]  1360 | #  define JSON_HEDLEY_UNLIKELY(expr)                    __builtin_expect                 (!!(expr),    0                  )
[build]       |                                                                                              ^
[build] C:\Users\pperv\code\unnamed_rpg\vendor\json\include\nlohmann/detail/input/parser.hpp(100,13): note: in instantiation of function template specialization 'nlohmann::detail::parser<nlohmann::basic_json<>, nlohmann::detail::iterator_input_adapter<const char *>>::sax_parse_internal<nlohmann::detail::json_sax_dom_callback_parser<nlohmann::basic_json<>, nlohmann::detail::iterator_input_adapter<const char *>>>' requested here
[build]   100 |             sax_parse_internal(&sdp);
[build]       |             ^
[build] C:\Users\pperv\code\unnamed_rpg\vendor\json\include\nlohmann/json.hpp(4112,148): note: in instantiation of member function 'nlohmann::detail::parser<nlohmann::basic_json<>, nlohmann::detail::iterator_input_adapter<const char *>>::parse' requested here
[build]  4112 |         parser(detail::input_adapter(std::move(first), std::move(last)), std::move(cb), allow_exceptions, ignore_comments, ignore_trailing_commas).parse(true, result); // cppcheck-suppress[accessMoved]
[build]       |                                                                                                                                                    ^
[build] C:\Users\pperv\code\unnamed_rpg\vendor\json\include\nlohmann/json.hpp(5294,28): note: in instantiation of function template specialization 'nlohmann::basic_json<>::parse<const char *, const char *, 0>' requested here
[build]  5294 |     return nlohmann::json::parse(s, s + n);
[build]       |                            ^
[build] In file included from C:\Users\pperv\code\unnamed_rpg\vendor\json-schema-validator\src\json-schema-draft7.json.cpp:9:
[build] In file included from C:\Users\pperv\code\unnamed_rpg\vendor\json\include\nlohmann/json.hpp:50:
[build] In file included from C:\Users\pperv\code\unnamed_rpg\vendor\json\include\nlohmann/detail/input/binary_reader.hpp:29:
[build] C:\Users\pperv\code\unnamed_rpg\vendor\json\include\nlohmann/detail/input/json_sax.hpp(860,89): warning: enumeration type in nested name specifier is incompatible with C++98 [-Wc++98-compat]
[build]   860 |         const bool keep = skip_callback || callback(static_cast<int>(ref_stack.size()), parse_event_t::value, value);
[build]       |                                                                                         ^
[build] C:\Users\pperv\code\unnamed_rpg\vendor\json\include\nlohmann/detail/input/json_sax.hpp(877,20): warning: constructor call from initializer list is incompatible with C++98 [-Wc++98-compat]
[build]   877 |             return {false, nullptr};
[build]       |                    ^~~~~~~~~~~~~~~~
[build] C:\Users\pperv\code\unnamed_rpg\vendor\json\include\nlohmann/detail/input/json_sax.hpp(883,20): warning: constructor call from initializer list is incompatible with C++98 [-Wc++98-compat]
[build]   883 |             return {true, & root};
[build]       |                    ^~~~~~~~~~~~~~
[build] C:\Users\pperv\code\unnamed_rpg\vendor\json\include\nlohmann/detail/input/json_sax.hpp(890,20): warning: constructor call from initializer list is incompatible with C++98 [-Wc++98-compat]
[build]   890 |             return {false, nullptr};
[build]       |                    ^~~~~~~~~~~~~~~~
[build] C:\Users\pperv\code\unnamed_rpg\vendor\json\include\nlohmann/detail/input/json_sax.hpp(900,20): warning: constructor call from initializer list is incompatible with C++98 [-Wc++98-compat]
[build]   900 |             return {true, & (ref_stack.back()->m_data.m_value.array->back())};
[build]       |                    ^~~~~~~~~~~~~~~~~~~~~~~~~~~~~~~~~~~~~~~~~~~~~~~~~~~~~~~~~~
[build] C:\Users\pperv\code\unnamed_rpg\vendor\json\include\nlohmann/detail/input/json_sax.hpp(912,20): warning: constructor call from initializer list is incompatible with C++98 [-Wc++98-compat]
[build]   912 |             return {false, nullptr};
[build]       |                    ^~~~~~~~~~~~~~~~
[build] C:\Users\pperv\code\unnamed_rpg\vendor\json\include\nlohmann/detail/input/json_sax.hpp(917,16): warning: constructor call from initializer list is incompatible with C++98 [-Wc++98-compat]
[build]   917 |         return {true, object_element};
[build]       |                ^~~~~~~~~~~~~~~~~~~~~~
[build] In file included from C:\Users\pperv\code\unnamed_rpg\vendor\json-schema-validator\src\json-schema-draft7.json.cpp:9:
[build] In file included from C:\Users\pperv\code\unnamed_rpg\vendor\json\include\nlohmann/json.hpp:44:
[build] In file included from C:\Users\pperv\code\unnamed_rpg\vendor\json\include\nlohmann/adl_serializer.hpp:15:
[build] C:\Users\pperv\code\unnamed_rpg\vendor\json\include\nlohmann/detail/conversions/to_json.hpp(347,26): warning: enumeration type in nested name specifier is incompatible with C++98 [-Wc++98-compat]
[build]   347 |     external_constructor<value_t::number_unsigned>::construct(j, static_cast<typename BasicJsonType::number_unsigned_t>(val));
[build]       |                          ^
[build] C:\Users\pperv\code\unnamed_rpg\vendor\json\include\nlohmann/adl_serializer.hpp(51,9): note: in instantiation of function template specialization 'nlohmann::detail::to_json_fn::operator()<nlohmann::basic_json<>, unsigned long long &>' requested here
[build]    51 |         ::nlohmann::to_json(j, std::forward<TargetType>(val));
[build]       |         ^
[build] C:\Users\pperv\code\unnamed_rpg\vendor\json\include\nlohmann/json.hpp(872,28): note: in instantiation of function template specialization 'nlohmann::adl_serializer<unsigned long long>::to_json<nlohmann::basic_json<>, unsigned long long &>' requested here
[build]   872 |         JSONSerializer<U>::to_json(*this, std::forward<CompatibleType>(val));
[build]       |                            ^
[build] C:\Users\pperv\code\unnamed_rpg\vendor\json\include\nlohmann/detail/input/json_sax.hpp(853,22): note: in instantiation of function template specialization 'nlohmann::basic_json<>::basic_json<unsigned long long &, unsigned long long, 0>' requested here
[build]   853 |         auto value = BasicJsonType(std::forward<Value>(v));
[build]       |                      ^
[build] C:\Users\pperv\code\unnamed_rpg\vendor\json\include\nlohmann/detail/input/json_sax.hpp(523,9): note: in instantiation of function template specialization 'nlohmann::detail::json_sax_dom_callback_parser<nlohmann::basic_json<>, nlohmann::detail::iterator_input_adapter<const char *>>::handle_value<unsigned long long &>' requested here
[build]   523 |         handle_value(val);
[build]       |         ^
[build] C:\Users\pperv\code\unnamed_rpg\vendor\json\include\nlohmann/detail/input/parser.hpp(332,56): note: in instantiation of member function 'nlohmann::detail::json_sax_dom_callback_parser<nlohmann::basic_json<>, nlohmann::detail::iterator_input_adapter<const char *>>::number_unsigned' requested here
[build]   332 |                         if (JSON_HEDLEY_UNLIKELY(!sax->number_unsigned(m_lexer.get_number_unsigned())))
[build]       |                                                        ^
[build] C:\Users\pperv\code\unnamed_rpg\vendor\json\include\nlohmann/thirdparty/hedley/hedley.hpp(1360,94): note: expanded from macro 'JSON_HEDLEY_UNLIKELY'
[build]  1360 | #  define JSON_HEDLEY_UNLIKELY(expr)                    __builtin_expect                 (!!(expr),    0                  )
[build]       |                                                                                              ^
[build] C:\Users\pperv\code\unnamed_rpg\vendor\json\include\nlohmann/detail/input/parser.hpp(100,13): note: in instantiation of function template specialization 'nlohmann::detail::parser<nlohmann::basic_json<>, nlohmann::detail::iterator_input_adapter<const char *>>::sax_parse_internal<nlohmann::detail::json_sax_dom_callback_parser<nlohmann::basic_json<>, nlohmann::detail::iterator_input_adapter<const char *>>>' requested here
[build]   100 |             sax_parse_internal(&sdp);
[build]       |             ^
[build] C:\Users\pperv\code\unnamed_rpg\vendor\json\include\nlohmann/json.hpp(4112,148): note: in instantiation of member function 'nlohmann::detail::parser<nlohmann::basic_json<>, nlohmann::detail::iterator_input_adapter<const char *>>::parse' requested here
[build]  4112 |         parser(detail::input_adapter(std::move(first), std::move(last)), std::move(cb), allow_exceptions, ignore_comments, ignore_trailing_commas).parse(true, result); // cppcheck-suppress[accessMoved]
[build]       |                                                                                                                                                    ^
[build] C:\Users\pperv\code\unnamed_rpg\vendor\json\include\nlohmann/json.hpp(5294,28): note: in instantiation of function template specialization 'nlohmann::basic_json<>::parse<const char *, const char *, 0>' requested here
[build]  5294 |     return nlohmann::json::parse(s, s + n);
[build]       |                            ^
[build] In file included from C:\Users\pperv\code\unnamed_rpg\vendor\json-schema-validator\src\json-schema-draft7.json.cpp:9:
[build] In file included from C:\Users\pperv\code\unnamed_rpg\vendor\json\include\nlohmann/json.hpp:44:
[build] In file included from C:\Users\pperv\code\unnamed_rpg\vendor\json\include\nlohmann/adl_serializer.hpp:15:
[build] C:\Users\pperv\code\unnamed_rpg\vendor\json\include\nlohmann/detail/conversions/to_json.hpp(137,27): warning: enumeration type in nested name specifier is incompatible with C++98 [-Wc++98-compat]
[build]   137 |         j.m_data.m_type = value_t::number_unsigned;
[build]       |                           ^
[build] C:\Users\pperv\code\unnamed_rpg\vendor\json\include\nlohmann/detail/conversions/to_json.hpp(516,16): note: in instantiation of function template specialization 'nlohmann::detail::to_json<nlohmann::basic_json<>, unsigned long long, 0>' requested here
[build]   516 |         return to_json(j, std::forward<T>(val));
[build]       |                ^
[build] C:\Users\pperv\code\unnamed_rpg\vendor\json\include\nlohmann/adl_serializer.hpp(51,9): note: in instantiation of function template specialization 'nlohmann::detail::to_json_fn::operator()<nlohmann::basic_json<>, unsigned long long &>' requested here
[build]    51 |         ::nlohmann::to_json(j, std::forward<TargetType>(val));
[build]       |         ^
[build] C:\Users\pperv\code\unnamed_rpg\vendor\json\include\nlohmann/json.hpp(872,28): note: in instantiation of function template specialization 'nlohmann::adl_serializer<unsigned long long>::to_json<nlohmann::basic_json<>, unsigned long long &>' requested here
[build]   872 |         JSONSerializer<U>::to_json(*this, std::forward<CompatibleType>(val));
[build]       |                            ^
[build] C:\Users\pperv\code\unnamed_rpg\vendor\json\include\nlohmann/detail/input/json_sax.hpp(853,22): note: in instantiation of function template specialization 'nlohmann::basic_json<>::basic_json<unsigned long long &, unsigned long long, 0>' requested here
[build]   853 |         auto value = BasicJsonType(std::forward<Value>(v));
[build]       |                      ^
[build] C:\Users\pperv\code\unnamed_rpg\vendor\json\include\nlohmann/detail/input/json_sax.hpp(523,9): note: in instantiation of function template specialization 'nlohmann::detail::json_sax_dom_callback_parser<nlohmann::basic_json<>, nlohmann::detail::iterator_input_adapter<const char *>>::handle_value<unsigned long long &>' requested here
[build]   523 |         handle_value(val);
[build]       |         ^
[build] C:\Users\pperv\code\unnamed_rpg\vendor\json\include\nlohmann/detail/input/parser.hpp(332,56): note: in instantiation of member function 'nlohmann::detail::json_sax_dom_callback_parser<nlohmann::basic_json<>, nlohmann::detail::iterator_input_adapter<const char *>>::number_unsigned' requested here
[build]   332 |                         if (JSON_HEDLEY_UNLIKELY(!sax->number_unsigned(m_lexer.get_number_unsigned())))
[build]       |                                                        ^
[build] C:\Users\pperv\code\unnamed_rpg\vendor\json\include\nlohmann/thirdparty/hedley/hedley.hpp(1360,94): note: expanded from macro 'JSON_HEDLEY_UNLIKELY'
[build]  1360 | #  define JSON_HEDLEY_UNLIKELY(expr)                    __builtin_expect                 (!!(expr),    0                  )
[build]       |                                                                                              ^
[build] C:\Users\pperv\code\unnamed_rpg\vendor\json\include\nlohmann/detail/input/parser.hpp(100,13): note: in instantiation of function template specialization 'nlohmann::detail::parser<nlohmann::basic_json<>, nlohmann::detail::iterator_input_adapter<const char *>>::sax_parse_internal<nlohmann::detail::json_sax_dom_callback_parser<nlohmann::basic_json<>, nlohmann::detail::iterator_input_adapter<const char *>>>' requested here
[build]   100 |             sax_parse_internal(&sdp);
[build]       |             ^
[build] C:\Users\pperv\code\unnamed_rpg\vendor\json\include\nlohmann/json.hpp(4112,148): note: in instantiation of member function 'nlohmann::detail::parser<nlohmann::basic_json<>, nlohmann::detail::iterator_input_adapter<const char *>>::parse' requested here
[build]  4112 |         parser(detail::input_adapter(std::move(first), std::move(last)), std::move(cb), allow_exceptions, ignore_comments, ignore_trailing_commas).parse(true, result); // cppcheck-suppress[accessMoved]
[build]       |                                                                                                                                                    ^
[build] C:\Users\pperv\code\unnamed_rpg\vendor\json\include\nlohmann/json.hpp(5294,28): note: in instantiation of function template specialization 'nlohmann::basic_json<>::parse<const char *, const char *, 0>' requested here
[build]  5294 |     return nlohmann::json::parse(s, s + n);
[build]       |                            ^
[build] In file included from C:\Users\pperv\code\unnamed_rpg\vendor\json-schema-validator\src\json-schema-draft7.json.cpp:9:
[build] In file included from C:\Users\pperv\code\unnamed_rpg\vendor\json\include\nlohmann/json.hpp:44:
[build] In file included from C:\Users\pperv\code\unnamed_rpg\vendor\json\include\nlohmann/adl_serializer.hpp:15:
[build] C:\Users\pperv\code\unnamed_rpg\vendor\json\include\nlohmann/detail/conversions/to_json.hpp(137,27): warning: enumeration type in nested name specifier is incompatible with C++98 [-Wc++98-compat]
[build]   137 |         j.m_data.m_type = value_t::number_unsigned;
[build]       |                           ^
[build] C:\Users\pperv\code\unnamed_rpg\vendor\json\include\nlohmann/detail/conversions/to_json.hpp(347,53): note: in instantiation of function template specialization 'nlohmann::detail::external_constructor<nlohmann::detail::value_t::number_unsigned>::construct<nlohmann::basic_json<>>' requested here
[build]   347 |     external_constructor<value_t::number_unsigned>::construct(j, static_cast<typename BasicJsonType::number_unsigned_t>(val));
[build]       |                                                     ^
[build] C:\Users\pperv\code\unnamed_rpg\vendor\json\include\nlohmann/detail/conversions/to_json.hpp(516,16): note: in instantiation of function template specialization 'nlohmann::detail::to_json<nlohmann::basic_json<>, unsigned long long, 0>' requested here
[build]   516 |         return to_json(j, std::forward<T>(val));
[build]       |                ^
[build] C:\Users\pperv\code\unnamed_rpg\vendor\json\include\nlohmann/adl_serializer.hpp(51,9): note: in instantiation of function template specialization 'nlohmann::detail::to_json_fn::operator()<nlohmann::basic_json<>, unsigned long long &>' requested here
[build]    51 |         ::nlohmann::to_json(j, std::forward<TargetType>(val));
[build]       |         ^
[build] C:\Users\pperv\code\unnamed_rpg\vendor\json\include\nlohmann/json.hpp(872,28): note: in instantiation of function template specialization 'nlohmann::adl_serializer<unsigned long long>::to_json<nlohmann::basic_json<>, unsigned long long &>' requested here
[build]   872 |         JSONSerializer<U>::to_json(*this, std::forward<CompatibleType>(val));
[build]       |                            ^
[build] C:\Users\pperv\code\unnamed_rpg\vendor\json\include\nlohmann/detail/input/json_sax.hpp(853,22): note: in instantiation of function template specialization 'nlohmann::basic_json<>::basic_json<unsigned long long &, unsigned long long, 0>' requested here
[build]   853 |         auto value = BasicJsonType(std::forward<Value>(v));
[build]       |                      ^
[build] C:\Users\pperv\code\unnamed_rpg\vendor\json\include\nlohmann/detail/input/json_sax.hpp(523,9): note: in instantiation of function template specialization 'nlohmann::detail::json_sax_dom_callback_parser<nlohmann::basic_json<>, nlohmann::detail::iterator_input_adapter<const char *>>::handle_value<unsigned long long &>' requested here
[build]   523 |         handle_value(val);
[build]       |         ^
[build] C:\Users\pperv\code\unnamed_rpg\vendor\json\include\nlohmann/detail/input/parser.hpp(332,56): note: in instantiation of member function 'nlohmann::detail::json_sax_dom_callback_parser<nlohmann::basic_json<>, nlohmann::detail::iterator_input_adapter<const char *>>::number_unsigned' requested here
[build]   332 |                         if (JSON_HEDLEY_UNLIKELY(!sax->number_unsigned(m_lexer.get_number_unsigned())))
[build]       |                                                        ^
[build] C:\Users\pperv\code\unnamed_rpg\vendor\json\include\nlohmann/thirdparty/hedley/hedley.hpp(1360,94): note: expanded from macro 'JSON_HEDLEY_UNLIKELY'
[build]  1360 | #  define JSON_HEDLEY_UNLIKELY(expr)                    __builtin_expect                 (!!(expr),    0                  )
[build]       |                                                                                              ^
[build] C:\Users\pperv\code\unnamed_rpg\vendor\json\include\nlohmann/detail/input/parser.hpp(100,13): note: in instantiation of function template specialization 'nlohmann::detail::parser<nlohmann::basic_json<>, nlohmann::detail::iterator_input_adapter<const char *>>::sax_parse_internal<nlohmann::detail::json_sax_dom_callback_parser<nlohmann::basic_json<>, nlohmann::detail::iterator_input_adapter<const char *>>>' requested here
[build]   100 |             sax_parse_internal(&sdp);
[build]       |             ^
[build] C:\Users\pperv\code\unnamed_rpg\vendor\json\include\nlohmann/json.hpp(4112,148): note: in instantiation of member function 'nlohmann::detail::parser<nlohmann::basic_json<>, nlohmann::detail::iterator_input_adapter<const char *>>::parse' requested here
[build]  4112 |         parser(detail::input_adapter(std::move(first), std::move(last)), std::move(cb), allow_exceptions, ignore_comments, ignore_trailing_commas).parse(true, result); // cppcheck-suppress[accessMoved]
[build]       |                                                                                                                                                    ^
[build] C:\Users\pperv\code\unnamed_rpg\vendor\json\include\nlohmann/json.hpp(5294,28): note: in instantiation of function template specialization 'nlohmann::basic_json<>::parse<const char *, const char *, 0>' requested here
[build]  5294 |     return nlohmann::json::parse(s, s + n);
[build]       |                            ^
[build] In file included from C:\Users\pperv\code\unnamed_rpg\vendor\json-schema-validator\src\json-schema-draft7.json.cpp:9:
[build] In file included from C:\Users\pperv\code\unnamed_rpg\vendor\json\include\nlohmann/json.hpp:50:
[build] In file included from C:\Users\pperv\code\unnamed_rpg\vendor\json\include\nlohmann/detail/input/binary_reader.hpp:29:
[build] In file included from C:\Users\pperv\code\unnamed_rpg\vendor\json\include\nlohmann/detail/input/json_sax.hpp:18:
[build] C:\Users\pperv\code\unnamed_rpg\vendor\json\include\nlohmann/detail/input/lexer.hpp(1563,130): warning: generalized initializer lists are incompatible with C++98 [-Wc++98-compat]
[build]  1563 |         const std::vector<char_type>& chars = collect_token_chars(reconstructed, std::integral_constant<bool, lazy_token_string> {});
[build]       |                                                                                                                                  ^
[build] C:\Users\pperv\code\unnamed_rpg\vendor\json\include\nlohmann/detail/input/lexer.hpp(1567,20): warning: 'auto' type specifier is incompatible with C++98 [-Wc++98-compat]
[build]  1567 |         for (const auto c : chars)
[build]       |                    ^~~~
[build] C:\Users\pperv\code\unnamed_rpg\vendor\json\include\nlohmann/json.hpp(4112,148): note: in instantiation of member function 'nlohmann::detail::parser<nlohmann::basic_json<>, nlohmann::detail::iterator_input_adapter<const char *>>::parse' requested here
[build]  4112 |         parser(detail::input_adapter(std::move(first), std::move(last)), std::move(cb), allow_exceptions, ignore_comments, ignore_trailing_commas).parse(true, result); // cppcheck-suppress[accessMoved]
[build]       |                                                                                                                                                    ^
[build] C:\Users\pperv\code\unnamed_rpg\vendor\json\include\nlohmann/json.hpp(5294,28): note: in instantiation of function template specialization 'nlohmann::basic_json<>::parse<const char *, const char *, 0>' requested here
[build]  5294 |     return nlohmann::json::parse(s, s + n);
[build]       |                            ^
[build] In file included from C:\Users\pperv\code\unnamed_rpg\vendor\json-schema-validator\src\json-schema-draft7.json.cpp:9:
[build] In file included from C:\Users\pperv\code\unnamed_rpg\vendor\json\include\nlohmann/json.hpp:50:
[build] In file included from C:\Users\pperv\code\unnamed_rpg\vendor\json\include\nlohmann/detail/input/binary_reader.hpp:29:
[build] In file included from C:\Users\pperv\code\unnamed_rpg\vendor\json\include\nlohmann/detail/input/json_sax.hpp:18:
[build] C:\Users\pperv\code\unnamed_rpg\vendor\json\include\nlohmann/detail/input/lexer.hpp(1567,27): warning: range-based for loop is incompatible with C++98 [-Wc++98-compat]
[build]  1567 |         for (const auto c : chars)
[build]       |                           ^
[build] C:\Users\pperv\code\unnamed_rpg\vendor\json\include\nlohmann/detail/input/lexer.hpp(1572,39): warning: generalized initializer lists are incompatible with C++98 [-Wc++98-compat]
[build]  1572 |                 std::array<char, 9> cs{{}};
[build]       |                                       ^
[build] In file included from C:\Users\pperv\code\unnamed_rpg\vendor\json-schema-validator\src\json-schema-draft7.json.cpp:9:
[build] In file included from C:\Users\pperv\code\unnamed_rpg\vendor\json\include\nlohmann/json.hpp:50:
[build] In file included from C:\Users\pperv\code\unnamed_rpg\vendor\json\include\nlohmann/detail/input/binary_reader.hpp:28:
[build] C:\Users\pperv\code\unnamed_rpg\vendor\json\include\nlohmann/detail/input/input_adapters.hpp(204,15): warning: 'auto' type specifier is incompatible with C++98 [-Wc++98-compat]
[build]   204 |         const auto from = std::next(begin, static_cast<typename std::iterator_traits<IteratorType>::difference_type>(first_index));
[build]       |               ^~~~
[build] C:\Users\pperv\code\unnamed_rpg\vendor\json\include\nlohmann/detail/input/lexer.hpp(1563,47): note: in instantiation of member function 'nlohmann::detail::lexer<nlohmann::basic_json<>, nlohmann::detail::iterator_input_adapter<const char *>>::collect_token_chars' requested here
[build]  1563 |         const std::vector<char_type>& chars = collect_token_chars(reconstructed, std::integral_constant<bool, lazy_token_string> {});
[build]       |                                               ^
[build] C:\Users\pperv\code\unnamed_rpg\vendor\json\include\nlohmann/detail/input/parser.hpp(106,41): note: in instantiation of member function 'nlohmann::detail::lexer<nlohmann::basic_json<>, nlohmann::detail::iterator_input_adapter<const char *>>::get_token_string' requested here
[build]   106 |                                 m_lexer.get_token_string(),
[build]       |                                         ^
[build] C:\Users\pperv\code\unnamed_rpg\vendor\json\include\nlohmann/json.hpp(4112,148): note: in instantiation of member function 'nlohmann::detail::parser<nlohmann::basic_json<>, nlohmann::detail::iterator_input_adapter<const char *>>::parse' requested here
[build]  4112 |         parser(detail::input_adapter(std::move(first), std::move(last)), std::move(cb), allow_exceptions, ignore_comments, ignore_trailing_commas).parse(true, result); // cppcheck-suppress[accessMoved]
[build]       |                                                                                                                                                    ^
[build] C:\Users\pperv\code\unnamed_rpg\vendor\json\include\nlohmann/json.hpp(5294,28): note: in instantiation of function template specialization 'nlohmann::basic_json<>::parse<const char *, const char *, 0>' requested here
[build]  5294 |     return nlohmann::json::parse(s, s + n);
[build]       |                            ^
[build] In file included from C:\Users\pperv\code\unnamed_rpg\vendor\json-schema-validator\src\json-schema-draft7.json.cpp:9:
[build] In file included from C:\Users\pperv\code\unnamed_rpg\vendor\json\include\nlohmann/json.hpp:50:
[build] In file included from C:\Users\pperv\code\unnamed_rpg\vendor\json\include\nlohmann/detail/input/binary_reader.hpp:28:
[build] C:\Users\pperv\code\unnamed_rpg\vendor\json\include\nlohmann/detail/input/input_adapters.hpp(205,15): warning: 'auto' type specifier is incompatible with C++98 [-Wc++98-compat]
[build]   205 |         const auto to = std::next(begin, static_cast<typename std::iterator_traits<IteratorType>::difference_type>(last_index));
[build]       |               ^~~~
[build] In file included from C:\Users\pperv\code\unnamed_rpg\vendor\json-schema-validator\src\json-schema-draft7.json.cpp:9:
[build] In file included from C:\Users\pperv\code\unnamed_rpg\vendor\json\include\nlohmann/json.hpp:53:
[build] C:\Users\pperv\code\unnamed_rpg\vendor\json\include\nlohmann/detail/input/parser.hpp(504,27): warning: enumeration type in nested name specifier is incompatible with C++98 [-Wc++98-compat]
[build]   504 |         if (last_token == token_type::parse_error)
[build]       |                           ^
[build] C:\Users\pperv\code\unnamed_rpg\vendor\json\include\nlohmann/detail/input/parser.hpp(108,53): note: in instantiation of member function 'nlohmann::detail::parser<nlohmann::basic_json<>, nlohmann::detail::iterator_input_adapter<const char *>>::exception_message' requested here
[build]   108 |                                                     exception_message(token_type::end_of_input, "value"), nullptr));
[build]       |                                                     ^
[build] C:\Users\pperv\code\unnamed_rpg\vendor\json\include\nlohmann/json.hpp(4112,148): note: in instantiation of member function 'nlohmann::detail::parser<nlohmann::basic_json<>, nlohmann::detail::iterator_input_adapter<const char *>>::parse' requested here
[build]  4112 |         parser(detail::input_adapter(std::move(first), std::move(last)), std::move(cb), allow_exceptions, ignore_comments, ignore_trailing_commas).parse(true, result); // cppcheck-suppress[accessMoved]
[build]       |                                                                                                                                                    ^
[build] C:\Users\pperv\code\unnamed_rpg\vendor\json\include\nlohmann/json.hpp(5294,28): note: in instantiation of function template specialization 'nlohmann::basic_json<>::parse<const char *, const char *, 0>' requested here
[build]  5294 |     return nlohmann::json::parse(s, s + n);
[build]       |                            ^
[build] In file included from C:\Users\pperv\code\unnamed_rpg\vendor\json-schema-validator\src\json-schema-draft7.json.cpp:9:
[build] In file included from C:\Users\pperv\code\unnamed_rpg\vendor\json\include\nlohmann/json.hpp:53:
[build] C:\Users\pperv\code\unnamed_rpg\vendor\json\include\nlohmann/detail/input/parser.hpp(514,25): warning: enumeration type in nested name specifier is incompatible with C++98 [-Wc++98-compat]
[build]   514 |         if (expected != token_type::uninitialized)
[build]       |                         ^
[build] In file included from C:\Users\pperv\code\unnamed_rpg\vendor\json-schema-validator\src\json-schema-draft7.json.cpp:9:
[build] In file included from C:\Users\pperv\code\unnamed_rpg\vendor\json\include\nlohmann/json.hpp:50:
[build] In file included from C:\Users\pperv\code\unnamed_rpg\vendor\json\include\nlohmann/detail/input/binary_reader.hpp:29:
[build] In file included from C:\Users\pperv\code\unnamed_rpg\vendor\json\include\nlohmann/detail/input/json_sax.hpp:18:
[build] C:\Users\pperv\code\unnamed_rpg\vendor\json\include\nlohmann/detail/input/lexer.hpp(67,18): warning: enumeration type in nested name specifier is incompatible with C++98 [-Wc++98-compat]
[build]    67 |             case token_type::uninitialized:
[build]       |                  ^
[build] C:\Users\pperv\code\unnamed_rpg\vendor\json\include\nlohmann/detail/input/lexer.hpp(69,18): warning: enumeration type in nested name specifier is incompatible with C++98 [-Wc++98-compat]
[build]    69 |             case token_type::literal_true:
[build]       |                  ^
[build] C:\Users\pperv\code\unnamed_rpg\vendor\json\include\nlohmann/detail/input/lexer.hpp(71,18): warning: enumeration type in nested name specifier is incompatible with C++98 [-Wc++98-compat]
[build]    71 |             case token_type::literal_false:
[build]       |                  ^
[build] C:\Users\pperv\code\unnamed_rpg\vendor\json\include\nlohmann/detail/input/lexer.hpp(73,18): warning: enumeration type in nested name specifier is incompatible with C++98 [-Wc++98-compat]
[build]    73 |             case token_type::literal_null:
[build]       |                  ^
[build] C:\Users\pperv\code\unnamed_rpg\vendor\json\include\nlohmann/detail/input/lexer.hpp(75,18): warning: enumeration type in nested name specifier is incompatible with C++98 [-Wc++98-compat]
[build]    75 |             case token_type::value_string:
[build]       |                  ^
[build] C:\Users\pperv\code\unnamed_rpg\vendor\json\include\nlohmann/detail/input/lexer.hpp(77,18): warning: enumeration type in nested name specifier is incompatible with C++98 [-Wc++98-compat]
[build]    77 |             case token_type::value_unsigned:
[build]       |                  ^
[build] C:\Users\pperv\code\unnamed_rpg\vendor\json\include\nlohmann/detail/input/lexer.hpp(78,18): warning: enumeration type in nested name specifier is incompatible with C++98 [-Wc++98-compat]
[build]    78 |             case token_type::value_integer:
[build]       |                  ^
[build] C:\Users\pperv\code\unnamed_rpg\vendor\json\include\nlohmann/detail/input/lexer.hpp(79,18): warning: enumeration type in nested name specifier is incompatible with C++98 [-Wc++98-compat]
[build]    79 |             case token_type::value_float:
[build]       |                  ^
[build] C:\Users\pperv\code\unnamed_rpg\vendor\json\include\nlohmann/detail/input/lexer.hpp(81,18): warning: enumeration type in nested name specifier is incompatible with C++98 [-Wc++98-compat]
[build]    81 |             case token_type::begin_array:
[build]       |                  ^
[build] C:\Users\pperv\code\unnamed_rpg\vendor\json\include\nlohmann/detail/input/lexer.hpp(83,18): warning: enumeration type in nested name specifier is incompatible with C++98 [-Wc++98-compat]
[build]    83 |             case token_type::begin_object:
[build]       |                  ^
[build] C:\Users\pperv\code\unnamed_rpg\vendor\json\include\nlohmann/detail/input/lexer.hpp(85,18): warning: enumeration type in nested name specifier is incompatible with C++98 [-Wc++98-compat]
[build]    85 |             case token_type::end_array:
[build]       |                  ^
[build] C:\Users\pperv\code\unnamed_rpg\vendor\json\include\nlohmann/detail/input/lexer.hpp(87,18): warning: enumeration type in nested name specifier is incompatible with C++98 [-Wc++98-compat]
[build]    87 |             case token_type::end_object:
[build]       |                  ^
[build] C:\Users\pperv\code\unnamed_rpg\vendor\json\include\nlohmann/detail/input/lexer.hpp(89,18): warning: enumeration type in nested name specifier is incompatible with C++98 [-Wc++98-compat]
[build]    89 |             case token_type::name_separator:
[build]       |                  ^
[build] C:\Users\pperv\code\unnamed_rpg\vendor\json\include\nlohmann/detail/input/lexer.hpp(91,18): warning: enumeration type in nested name specifier is incompatible with C++98 [-Wc++98-compat]
[build]    91 |             case token_type::value_separator:
[build]       |                  ^
[build] C:\Users\pperv\code\unnamed_rpg\vendor\json\include\nlohmann/detail/input/lexer.hpp(93,18): warning: enumeration type in nested name specifier is incompatible with C++98 [-Wc++98-compat]
[build]    93 |             case token_type::parse_error:
[build]       |                  ^
[build] C:\Users\pperv\code\unnamed_rpg\vendor\json\include\nlohmann/detail/input/lexer.hpp(95,18): warning: enumeration type in nested name specifier is incompatible with C++98 [-Wc++98-compat]
[build]    95 |             case token_type::end_of_input:
[build]       |                  ^
[build] C:\Users\pperv\code\unnamed_rpg\vendor\json\include\nlohmann/detail/input/lexer.hpp(97,18): warning: enumeration type in nested name specifier is incompatible with C++98 [-Wc++98-compat]
[build]    97 |             case token_type::literal_or_value:
[build]       |                  ^
[build] C:\Users\pperv\code\unnamed_rpg\vendor\json\include\nlohmann/detail/input/lexer.hpp(67,18): warning: enumeration type in nested name specifier is incompatible with C++98 [-Wc++98-compat]
[build]    67 |             case token_type::uninitialized:
[build]       |                  ^
[build] C:\Users\pperv\code\unnamed_rpg\vendor\json\include\nlohmann/detail/input/parser.hpp(511,57): note: in instantiation of member function 'nlohmann::detail::lexer_base<nlohmann::basic_json<>>::token_type_name' requested here
[build]   511 |             error_msg += concat("unexpected ", lexer_t::token_type_name(last_token));
[build]       |                                                         ^
[build] C:\Users\pperv\code\unnamed_rpg\vendor\json\include\nlohmann/detail/input/parser.hpp(108,53): note: in instantiation of member function 'nlohmann::detail::parser<nlohmann::basic_json<>, nlohmann::detail::iterator_input_adapter<const char *>>::exception_message' requested here
[build]   108 |                                                     exception_message(token_type::end_of_input, "value"), nullptr));
[build]       |                                                     ^
[build] C:\Users\pperv\code\unnamed_rpg\vendor\json\include\nlohmann/json.hpp(4112,148): note: in instantiation of member function 'nlohmann::detail::parser<nlohmann::basic_json<>, nlohmann::detail::iterator_input_adapter<const char *>>::parse' requested here
[build]  4112 |         parser(detail::input_adapter(std::move(first), std::move(last)), std::move(cb), allow_exceptions, ignore_comments, ignore_trailing_commas).parse(true, result); // cppcheck-suppress[accessMoved]
[build]       |                                                                                                                                                    ^
[build] C:\Users\pperv\code\unnamed_rpg\vendor\json\include\nlohmann/json.hpp(5294,28): note: in instantiation of function template specialization 'nlohmann::basic_json<>::parse<const char *, const char *, 0>' requested here
[build]  5294 |     return nlohmann::json::parse(s, s + n);
[build]       |                            ^
[build] In file included from C:\Users\pperv\code\unnamed_rpg\vendor\json-schema-validator\src\json-schema-draft7.json.cpp:9:
[build] In file included from C:\Users\pperv\code\unnamed_rpg\vendor\json\include\nlohmann/json.hpp:50:
[build] In file included from C:\Users\pperv\code\unnamed_rpg\vendor\json\include\nlohmann/detail/input/binary_reader.hpp:29:
[build] In file included from C:\Users\pperv\code\unnamed_rpg\vendor\json\include\nlohmann/detail/input/json_sax.hpp:18:
[build] C:\Users\pperv\code\unnamed_rpg\vendor\json\include\nlohmann/detail/input/lexer.hpp(69,18): warning: enumeration type in nested name specifier is incompatible with C++98 [-Wc++98-compat]
[build]    69 |             case token_type::literal_true:
[build]       |                  ^
[build] C:\Users\pperv\code\unnamed_rpg\vendor\json\include\nlohmann/detail/input/lexer.hpp(71,18): warning: enumeration type in nested name specifier is incompatible with C++98 [-Wc++98-compat]
[build]    71 |             case token_type::literal_false:
[build]       |                  ^
[build] C:\Users\pperv\code\unnamed_rpg\vendor\json\include\nlohmann/detail/input/lexer.hpp(73,18): warning: enumeration type in nested name specifier is incompatible with C++98 [-Wc++98-compat]
[build]    73 |             case token_type::literal_null:
[build]       |                  ^
[build] C:\Users\pperv\code\unnamed_rpg\vendor\json\include\nlohmann/detail/input/lexer.hpp(75,18): warning: enumeration type in nested name specifier is incompatible with C++98 [-Wc++98-compat]
[build]    75 |             case token_type::value_string:
[build]       |                  ^
[build] C:\Users\pperv\code\unnamed_rpg\vendor\json\include\nlohmann/detail/input/lexer.hpp(77,18): warning: enumeration type in nested name specifier is incompatible with C++98 [-Wc++98-compat]
[build]    77 |             case token_type::value_unsigned:
[build]       |                  ^
[build] C:\Users\pperv\code\unnamed_rpg\vendor\json\include\nlohmann/detail/input/lexer.hpp(78,18): warning: enumeration type in nested name specifier is incompatible with C++98 [-Wc++98-compat]
[build]    78 |             case token_type::value_integer:
[build]       |                  ^
[build] C:\Users\pperv\code\unnamed_rpg\vendor\json\include\nlohmann/detail/input/lexer.hpp(79,18): warning: enumeration type in nested name specifier is incompatible with C++98 [-Wc++98-compat]
[build]    79 |             case token_type::value_float:
[build]       |                  ^
[build] C:\Users\pperv\code\unnamed_rpg\vendor\json\include\nlohmann/detail/input/lexer.hpp(81,18): warning: enumeration type in nested name specifier is incompatible with C++98 [-Wc++98-compat]
[build]    81 |             case token_type::begin_array:
[build]       |                  ^
[build] C:\Users\pperv\code\unnamed_rpg\vendor\json\include\nlohmann/detail/input/lexer.hpp(83,18): warning: enumeration type in nested name specifier is incompatible with C++98 [-Wc++98-compat]
[build]    83 |             case token_type::begin_object:
[build]       |                  ^
[build] C:\Users\pperv\code\unnamed_rpg\vendor\json\include\nlohmann/detail/input/lexer.hpp(85,18): warning: enumeration type in nested name specifier is incompatible with C++98 [-Wc++98-compat]
[build]    85 |             case token_type::end_array:
[build]       |                  ^
[build] C:\Users\pperv\code\unnamed_rpg\vendor\json\include\nlohmann/detail/input/lexer.hpp(87,18): warning: enumeration type in nested name specifier is incompatible with C++98 [-Wc++98-compat]
[build]    87 |             case token_type::end_object:
[build]       |                  ^
[build] C:\Users\pperv\code\unnamed_rpg\vendor\json\include\nlohmann/detail/input/lexer.hpp(89,18): warning: enumeration type in nested name specifier is incompatible with C++98 [-Wc++98-compat]
[build]    89 |             case token_type::name_separator:
[build]       |                  ^
[build] C:\Users\pperv\code\unnamed_rpg\vendor\json\include\nlohmann/detail/input/lexer.hpp(91,18): warning: enumeration type in nested name specifier is incompatible with C++98 [-Wc++98-compat]
[build]    91 |             case token_type::value_separator:
[build]       |                  ^
[build] C:\Users\pperv\code\unnamed_rpg\vendor\json\include\nlohmann/detail/input/lexer.hpp(93,18): warning: enumeration type in nested name specifier is incompatible with C++98 [-Wc++98-compat]
[build]    93 |             case token_type::parse_error:
[build]       |                  ^
[build] C:\Users\pperv\code\unnamed_rpg\vendor\json\include\nlohmann/detail/input/lexer.hpp(95,18): warning: enumeration type in nested name specifier is incompatible with C++98 [-Wc++98-compat]
[build]    95 |             case token_type::end_of_input:
[build]       |                  ^
[build] C:\Users\pperv\code\unnamed_rpg\vendor\json\include\nlohmann/detail/input/lexer.hpp(97,18): warning: enumeration type in nested name specifier is incompatible with C++98 [-Wc++98-compat]
[build]    97 |             case token_type::literal_or_value:
[build]       |                  ^
[build] C:\Users\pperv\code\unnamed_rpg\vendor\json\include\nlohmann/detail/input/lexer.hpp(100,13): warning: default label in switch which covers all enumeration values [-Wcovered-switch-default]
[build]   100 |             default: // catch non-enum values
[build]       |             ^
[build] In file included from C:\Users\pperv\code\unnamed_rpg\vendor\json-schema-validator\src\json-schema-draft7.json.cpp:9:
[build] In file included from C:\Users\pperv\code\unnamed_rpg\vendor\json\include\nlohmann/json.hpp:44:
[build] In file included from C:\Users\pperv\code\unnamed_rpg\vendor\json\include\nlohmann/adl_serializer.hpp:14:
[build] In file included from C:\Users\pperv\code\unnamed_rpg\vendor\json\include\nlohmann/detail/conversions/from_json.hpp:24:
[build] C:\Users\pperv\code\unnamed_rpg\vendor\json\include\nlohmann/detail/exceptions.hpp(183,16): warning: generalized initializer lists are incompatible with C++98 [-Wc++98-compat]
[build]   183 |         return {id_, pos.chars_read_total, w.c_str()};
[build]       |                ^~~~~~~~~~~~~~~~~~~~~~~~~~~~~~~~~~~~~~
[build] C:\Users\pperv\code\unnamed_rpg\vendor\json\include\nlohmann/detail/exceptions.hpp(183,16): warning: constructor call from initializer list is incompatible with C++98 [-Wc++98-compat]
[build]   183 |         return {id_, pos.chars_read_total, w.c_str()};
[build]       |                ^~~~~~~~~~~~~~~~~~~~~~~~~~~~~~~~~~~~~~
[build] C:\Users\pperv\code\unnamed_rpg\vendor\json\include\nlohmann/json.hpp(4112,148): note: in instantiation of member function 'nlohmann::detail::parser<nlohmann::basic_json<>, nlohmann::detail::iterator_input_adapter<const char *>>::parse' requested here
[build]  4112 |         parser(detail::input_adapter(std::move(first), std::move(last)), std::move(cb), allow_exceptions, ignore_comments, ignore_trailing_commas).parse(true, result); // cppcheck-suppress[accessMoved]
[build]       |                                                                                                                                                    ^
[build] C:\Users\pperv\code\unnamed_rpg\vendor\json\include\nlohmann/json.hpp(5294,28): note: in instantiation of function template specialization 'nlohmann::basic_json<>::parse<const char *, const char *, 0>' requested here
[build]  5294 |     return nlohmann::json::parse(s, s + n);
[build]       |                            ^
[build] In file included from C:\Users\pperv\code\unnamed_rpg\vendor\json-schema-validator\src\json-schema-draft7.json.cpp:9:
[build] In file included from C:\Users\pperv\code\unnamed_rpg\vendor\json\include\nlohmann/json.hpp:44:
[build] In file included from C:\Users\pperv\code\unnamed_rpg\vendor\json\include\nlohmann/adl_serializer.hpp:14:
[build] In file included from C:\Users\pperv\code\unnamed_rpg\vendor\json\include\nlohmann/detail/conversions/from_json.hpp:24:
[build] C:\Users\pperv\code\unnamed_rpg\vendor\json\include\nlohmann/detail/exceptions.hpp(183,16): warning: constructor call from initializer list is incompatible with C++98 [-Wc++98-compat]
[build]   183 |         return {id_, pos.chars_read_total, w.c_str()};
[build]       |                ^~~~~~~~~~~~~~~~~~~~~~~~~~~~~~~~~~~~~~
[build] C:\Users\pperv\code\unnamed_rpg\vendor\json\include\nlohmann/detail/input/parser.hpp(107,46): note: in instantiation of function template specialization 'nlohmann::detail::parse_error::create<std::nullptr_t, 0>' requested here
[build]   107 |                                 parse_error::create(101, m_lexer.get_position(),
[build]       |                                              ^
[build] C:\Users\pperv\code\unnamed_rpg\vendor\json\include\nlohmann/json.hpp(4112,148): note: in instantiation of member function 'nlohmann::detail::parser<nlohmann::basic_json<>, nlohmann::detail::iterator_input_adapter<const char *>>::parse' requested here
[build]  4112 |         parser(detail::input_adapter(std::move(first), std::move(last)), std::move(cb), allow_exceptions, ignore_comments, ignore_trailing_commas).parse(true, result); // cppcheck-suppress[accessMoved]
[build]       |                                                                                                                                                    ^
[build] C:\Users\pperv\code\unnamed_rpg\vendor\json\include\nlohmann/json.hpp(5294,28): note: in instantiation of function template specialization 'nlohmann::basic_json<>::parse<const char *, const char *, 0>' requested here
[build]  5294 |     return nlohmann::json::parse(s, s + n);
[build]       |                            ^
[build] In file included from C:\Users\pperv\code\unnamed_rpg\vendor\json-schema-validator\src\json-schema-draft7.json.cpp:9:
[build] In file included from C:\Users\pperv\code\unnamed_rpg\vendor\json\include\nlohmann/json.hpp:50:
[build] In file included from C:\Users\pperv\code\unnamed_rpg\vendor\json\include\nlohmann/detail/input/binary_reader.hpp:29:
[build] C:\Users\pperv\code\unnamed_rpg\vendor\json\include\nlohmann/detail/input/json_sax.hpp(463,43): warning: constructor call from initializer list is incompatible with C++98 [-Wc++98-compat]
[build]   463 |     std::vector<BasicJsonType*> ref_stack {};
[build]       |                                           ^~
[build] C:\Users\pperv\code\unnamed_rpg\vendor\json\include\nlohmann/detail/input/json_sax.hpp(182,14): note: in instantiation of default member initializer 'nlohmann::detail::json_sax_dom_parser<nlohmann::basic_json<>, nlohmann::detail::iterator_input_adapter<const char *>>::ref_stack' requested here
[build]   182 |     explicit json_sax_dom_parser(BasicJsonType& r, const bool allow_exceptions_ = true, lexer_t* lexer_ = nullptr)
[build]       |              ^
[build] C:\Users\pperv\code\unnamed_rpg\vendor\json\include\nlohmann/detail/input/parser.hpp(127,66): note: in instantiation of member function 'nlohmann::detail::json_sax_dom_parser<nlohmann::basic_json<>, nlohmann::detail::iterator_input_adapter<const char *>>::json_sax_dom_parser' requested here
[build]   127 |             json_sax_dom_parser<BasicJsonType, InputAdapterType> sdp(result, allow_exceptions, &m_lexer);
[build]       |                                                                  ^
[build] C:\Users\pperv\code\unnamed_rpg\vendor\json\include\nlohmann/json.hpp(4112,148): note: in instantiation of member function 'nlohmann::detail::parser<nlohmann::basic_json<>, nlohmann::detail::iterator_input_adapter<const char *>>::parse' requested here
[build]  4112 |         parser(detail::input_adapter(std::move(first), std::move(last)), std::move(cb), allow_exceptions, ignore_comments, ignore_trailing_commas).parse(true, result); // cppcheck-suppress[accessMoved]
[build]       |                                                                                                                                                    ^
[build] C:\Users\pperv\code\unnamed_rpg\vendor\json\include\nlohmann/json.hpp(5294,28): note: in instantiation of function template specialization 'nlohmann::basic_json<>::parse<const char *, const char *, 0>' requested here
[build]  5294 |     return nlohmann::json::parse(s, s + n);
[build]       |                            ^
[build] In file included from C:\Users\pperv\code\unnamed_rpg\vendor\json-schema-validator\src\json-schema-draft7.json.cpp:9:
[build] In file included from C:\Users\pperv\code\unnamed_rpg\vendor\json\include\nlohmann/json.hpp:53:
[build] C:\Users\pperv\code\unnamed_rpg\vendor\json\include\nlohmann/detail/input/parser.hpp(197,26): warning: enumeration type in nested name specifier is incompatible with C++98 [-Wc++98-compat]
[build]   197 |                     case token_type::begin_object:
[build]       |                          ^
[build] C:\Users\pperv\code\unnamed_rpg\vendor\json\include\nlohmann/detail/input/parser.hpp(128,13): note: in instantiation of function template specialization 'nlohmann::detail::parser<nlohmann::basic_json<>, nlohmann::detail::iterator_input_adapter<const char *>>::sax_parse_internal<nlohmann::detail::json_sax_dom_parser<nlohmann::basic_json<>, nlohmann::detail::iterator_input_adapter<const char *>>>' requested here
[build]   128 |             sax_parse_internal(&sdp);
[build]       |             ^
[build] C:\Users\pperv\code\unnamed_rpg\vendor\json\include\nlohmann/json.hpp(4112,148): note: in instantiation of member function 'nlohmann::detail::parser<nlohmann::basic_json<>, nlohmann::detail::iterator_input_adapter<const char *>>::parse' requested here
[build]  4112 |         parser(detail::input_adapter(std::move(first), std::move(last)), std::move(cb), allow_exceptions, ignore_comments, ignore_trailing_commas).parse(true, result); // cppcheck-suppress[accessMoved]
[build]       |                                                                                                                                                    ^
[build] C:\Users\pperv\code\unnamed_rpg\vendor\json\include\nlohmann/json.hpp(5294,28): note: in instantiation of function template specialization 'nlohmann::basic_json<>::parse<const char *, const char *, 0>' requested here
[build]  5294 |     return nlohmann::json::parse(s, s + n);
[build]       |                            ^
[build] In file included from C:\Users\pperv\code\unnamed_rpg\vendor\json-schema-validator\src\json-schema-draft7.json.cpp:9:
[build] In file included from C:\Users\pperv\code\unnamed_rpg\vendor\json\include\nlohmann/json.hpp:53:
[build] C:\Users\pperv\code\unnamed_rpg\vendor\json\include\nlohmann/detail/input/parser.hpp(205,44): warning: enumeration type in nested name specifier is incompatible with C++98 [-Wc++98-compat]
[build]   205 |                         if (get_token() == token_type::end_object)
[build]       |                                            ^
[build] C:\Users\pperv\code\unnamed_rpg\vendor\json\include\nlohmann/detail/input/parser.hpp(215,64): warning: enumeration type in nested name specifier is incompatible with C++98 [-Wc++98-compat]
[build]   215 |                         if (JSON_HEDLEY_UNLIKELY(last_token != token_type::value_string))
[build]       |                                                                ^
[build] C:\Users\pperv\code\unnamed_rpg\vendor\json\include\nlohmann/detail/input/parser.hpp(219,120): warning: enumeration type in nested name specifier is incompatible with C++98 [-Wc++98-compat]
[build]   219 |                                                     parse_error::create(101, m_lexer.get_position(), exception_message(token_type::value_string, "object key"), nullptr));
[build]       |                                                                                                                        ^
[build] C:\Users\pperv\code\unnamed_rpg\vendor\json\include\nlohmann/detail/input/parser.hpp(227,65): warning: enumeration type in nested name specifier is incompatible with C++98 [-Wc++98-compat]
[build]   227 |                         if (JSON_HEDLEY_UNLIKELY(get_token() != token_type::name_separator))
[build]       |                                                                 ^
[build] C:\Users\pperv\code\unnamed_rpg\vendor\json\include\nlohmann/detail/input/parser.hpp(231,120): warning: enumeration type in nested name specifier is incompatible with C++98 [-Wc++98-compat]
[build]   231 |                                                     parse_error::create(101, m_lexer.get_position(), exception_message(token_type::name_separator, "object separator"), nullptr));
[build]       |                                                                                                                        ^
[build] C:\Users\pperv\code\unnamed_rpg\vendor\json\include\nlohmann/detail/input/parser.hpp(242,26): warning: enumeration type in nested name specifier is incompatible with C++98 [-Wc++98-compat]
[build]   242 |                     case token_type::begin_array:
[build]       |                          ^
[build] C:\Users\pperv\code\unnamed_rpg\vendor\json\include\nlohmann/detail/input/parser.hpp(250,44): warning: enumeration type in nested name specifier is incompatible with C++98 [-Wc++98-compat]
[build]   250 |                         if (get_token() == token_type::end_array)
[build]       |                                            ^
[build] C:\Users\pperv\code\unnamed_rpg\vendor\json\include\nlohmann/detail/input/parser.hpp(266,26): warning: enumeration type in nested name specifier is incompatible with C++98 [-Wc++98-compat]
[build]   266 |                     case token_type::value_float:
[build]       |                          ^
[build] C:\Users\pperv\code\unnamed_rpg\vendor\json\include\nlohmann/detail/input/parser.hpp(285,26): warning: enumeration type in nested name specifier is incompatible with C++98 [-Wc++98-compat]
[build]   285 |                     case token_type::literal_false:
[build]       |                          ^
[build] C:\Users\pperv\code\unnamed_rpg\vendor\json\include\nlohmann/detail/input/parser.hpp(294,26): warning: enumeration type in nested name specifier is incompatible with C++98 [-Wc++98-compat]
[build]   294 |                     case token_type::literal_null:
[build]       |                          ^
[build] C:\Users\pperv\code\unnamed_rpg\vendor\json\include\nlohmann/detail/input/parser.hpp(303,26): warning: enumeration type in nested name specifier is incompatible with C++98 [-Wc++98-compat]
[build]   303 |                     case token_type::literal_true:
[build]       |                          ^
[build] C:\Users\pperv\code\unnamed_rpg\vendor\json\include\nlohmann/detail/input/parser.hpp(312,26): warning: enumeration type in nested name specifier is incompatible with C++98 [-Wc++98-compat]
[build]   312 |                     case token_type::value_integer:
[build]       |                          ^
[build] C:\Users\pperv\code\unnamed_rpg\vendor\json\include\nlohmann/detail/input/parser.hpp(321,26): warning: enumeration type in nested name specifier is incompatible with C++98 [-Wc++98-compat]
[build]   321 |                     case token_type::value_string:
[build]       |                          ^
[build] C:\Users\pperv\code\unnamed_rpg\vendor\json\include\nlohmann/detail/input/parser.hpp(330,26): warning: enumeration type in nested name specifier is incompatible with C++98 [-Wc++98-compat]
[build]   330 |                     case token_type::value_unsigned:
[build]       |                          ^
[build] C:\Users\pperv\code\unnamed_rpg\vendor\json\include\nlohmann/detail/input/parser.hpp(339,26): warning: enumeration type in nested name specifier is incompatible with C++98 [-Wc++98-compat]
[build]   339 |                     case token_type::parse_error:
[build]       |                          ^
[build] C:\Users\pperv\code\unnamed_rpg\vendor\json\include\nlohmann/detail/input/parser.hpp(344,116): warning: enumeration type in nested name specifier is incompatible with C++98 [-Wc++98-compat]
[build]   344 |                                                 parse_error::create(101, m_lexer.get_position(), exception_message(token_type::uninitialized, "value"), nullptr));
[build]       |                                                                                                                    ^
[build] C:\Users\pperv\code\unnamed_rpg\vendor\json\include\nlohmann/detail/input/parser.hpp(346,26): warning: enumeration type in nested name specifier is incompatible with C++98 [-Wc++98-compat]
[build]   346 |                     case token_type::end_of_input:
[build]       |                          ^
[build] C:\Users\pperv\code\unnamed_rpg\vendor\json\include\nlohmann/detail/input/parser.hpp(358,116): warning: enumeration type in nested name specifier is incompatible with C++98 [-Wc++98-compat]
[build]   358 |                                                 parse_error::create(101, m_lexer.get_position(), exception_message(token_type::literal_or_value, "value"), nullptr));
[build]       |                                                                                                                    ^
[build] C:\Users\pperv\code\unnamed_rpg\vendor\json\include\nlohmann/detail/input/parser.hpp(360,26): warning: enumeration type in nested name specifier is incompatible with C++98 [-Wc++98-compat]
[build]   360 |                     case token_type::uninitialized:
[build]       |                          ^
[build] C:\Users\pperv\code\unnamed_rpg\vendor\json\include\nlohmann/detail/input/parser.hpp(361,26): warning: enumeration type in nested name specifier is incompatible with C++98 [-Wc++98-compat]
[build]   361 |                     case token_type::end_array:
[build]       |                          ^
[build] C:\Users\pperv\code\unnamed_rpg\vendor\json\include\nlohmann/detail/input/parser.hpp(362,26): warning: enumeration type in nested name specifier is incompatible with C++98 [-Wc++98-compat]
[build]   362 |                     case token_type::end_object:
[build]       |                          ^
[build] C:\Users\pperv\code\unnamed_rpg\vendor\json\include\nlohmann/detail/input/parser.hpp(363,26): warning: enumeration type in nested name specifier is incompatible with C++98 [-Wc++98-compat]
[build]   363 |                     case token_type::name_separator:
[build]       |                          ^
[build] C:\Users\pperv\code\unnamed_rpg\vendor\json\include\nlohmann/detail/input/parser.hpp(364,26): warning: enumeration type in nested name specifier is incompatible with C++98 [-Wc++98-compat]
[build]   364 |                     case token_type::value_separator:
[build]       |                          ^
[build] C:\Users\pperv\code\unnamed_rpg\vendor\json\include\nlohmann/detail/input/parser.hpp(365,26): warning: enumeration type in nested name specifier is incompatible with C++98 [-Wc++98-compat]
[build]   365 |                     case token_type::literal_or_value:
[build]       |                          ^
[build] C:\Users\pperv\code\unnamed_rpg\vendor\json\include\nlohmann/detail/input/parser.hpp(370,116): warning: enumeration type in nested name specifier is incompatible with C++98 [-Wc++98-compat]
[build]   370 |                                                 parse_error::create(101, m_lexer.get_position(), exception_message(token_type::literal_or_value, "value"), nullptr));
[build]       |                                                                                                                    ^
[build] C:\Users\pperv\code\unnamed_rpg\vendor\json\include\nlohmann/detail/input/parser.hpp(366,21): warning: default label in switch which covers all enumeration values [-Wcovered-switch-default]
[build]   366 |                     default: // the last token was unexpected
[build]       |                     ^
[build] C:\Users\pperv\code\unnamed_rpg\vendor\json\include\nlohmann/detail/input/parser.hpp(390,36): warning: enumeration type in nested name specifier is incompatible with C++98 [-Wc++98-compat]
[build]   390 |                 if (get_token() == token_type::value_separator)
[build]       |                                    ^
[build] C:\Users\pperv\code\unnamed_rpg\vendor\json\include\nlohmann/detail/input/parser.hpp(396,67): warning: enumeration type in nested name specifier is incompatible with C++98 [-Wc++98-compat]
[build]   396 |                     if (!(ignore_trailing_commas && last_token == token_type::end_array))
[build]       |                                                                   ^
[build] C:\Users\pperv\code\unnamed_rpg\vendor\json\include\nlohmann/detail/input/parser.hpp(403,54): warning: enumeration type in nested name specifier is incompatible with C++98 [-Wc++98-compat]
[build]   403 |                 if (JSON_HEDLEY_LIKELY(last_token == token_type::end_array))
[build]       |                                                      ^
[build] C:\Users\pperv\code\unnamed_rpg\vendor\json\include\nlohmann/detail/input/parser.hpp(422,108): warning: enumeration type in nested name specifier is incompatible with C++98 [-Wc++98-compat]
[build]   422 |                                         parse_error::create(101, m_lexer.get_position(), exception_message(token_type::end_array, "array"), nullptr));
[build]       |                                                                                                            ^
[build] C:\Users\pperv\code\unnamed_rpg\vendor\json\include\nlohmann/detail/input/parser.hpp(429,32): warning: enumeration type in nested name specifier is incompatible with C++98 [-Wc++98-compat]
[build]   429 |             if (get_token() == token_type::value_separator)
[build]       |                                ^
[build] C:\Users\pperv\code\unnamed_rpg\vendor\json\include\nlohmann/detail/input/parser.hpp(434,63): warning: enumeration type in nested name specifier is incompatible with C++98 [-Wc++98-compat]
[build]   434 |                 if (!(ignore_trailing_commas && last_token == token_type::end_object))
[build]       |                                                               ^
[build] C:\Users\pperv\code\unnamed_rpg\vendor\json\include\nlohmann/detail/input/parser.hpp(437,60): warning: enumeration type in nested name specifier is incompatible with C++98 [-Wc++98-compat]
[build]   437 |                     if (JSON_HEDLEY_UNLIKELY(last_token != token_type::value_string))
[build]       |                                                            ^
[build] C:\Users\pperv\code\unnamed_rpg\vendor\json\include\nlohmann/detail/input/parser.hpp(441,116): warning: enumeration type in nested name specifier is incompatible with C++98 [-Wc++98-compat]
[build]   441 |                                                 parse_error::create(101, m_lexer.get_position(), exception_message(token_type::value_string, "object key"), nullptr));
[build]       |                                                                                                                    ^
[build] C:\Users\pperv\code\unnamed_rpg\vendor\json\include\nlohmann/detail/input/parser.hpp(450,61): warning: enumeration type in nested name specifier is incompatible with C++98 [-Wc++98-compat]
[build]   450 |                     if (JSON_HEDLEY_UNLIKELY(get_token() != token_type::name_separator))
[build]       |                                                             ^
[build] C:\Users\pperv\code\unnamed_rpg\vendor\json\include\nlohmann/detail/input/parser.hpp(454,116): warning: enumeration type in nested name specifier is incompatible with C++98 [-Wc++98-compat]
[build]   454 |                                                 parse_error::create(101, m_lexer.get_position(), exception_message(token_type::name_separator, "object separator"), nullptr));
[build]       |                                                                                                                    ^
[build] C:\Users\pperv\code\unnamed_rpg\vendor\json\include\nlohmann/detail/input/parser.hpp(464,50): warning: enumeration type in nested name specifier is incompatible with C++98 [-Wc++98-compat]
[build]   464 |             if (JSON_HEDLEY_LIKELY(last_token == token_type::end_object))
[build]       |                                                  ^
[build] C:\Users\pperv\code\unnamed_rpg\vendor\json\include\nlohmann/detail/input/parser.hpp(483,104): warning: enumeration type in nested name specifier is incompatible with C++98 [-Wc++98-compat]
[build]   483 |                                     parse_error::create(101, m_lexer.get_position(), exception_message(token_type::end_object, "object"), nullptr));
[build]       |                                                                                                        ^
[build] In file included from C:\Users\pperv\code\unnamed_rpg\vendor\json-schema-validator\src\json-schema-draft7.json.cpp:9:
[build] In file included from C:\Users\pperv\code\unnamed_rpg\vendor\json\include\nlohmann/json.hpp:50:
[build] In file included from C:\Users\pperv\code\unnamed_rpg\vendor\json\include\nlohmann/detail/input/binary_reader.hpp:29:
[build] C:\Users\pperv\code\unnamed_rpg\vendor\json\include\nlohmann/detail/input/json_sax.hpp(195,22): warning: 'nullptr' is incompatible with C++98 [-Wc++98-compat]
[build]   195 |         handle_value(nullptr);
[build]       |                      ^
[build] In file included from C:\Users\pperv\code\unnamed_rpg\vendor\json-schema-validator\src\json-schema-draft7.json.cpp:9:
[build] C:\Users\pperv\code\unnamed_rpg\vendor\json\include\nlohmann/json.hpp(1278,30): warning: generalized initializer lists are incompatible with C++98 [-Wc++98-compat]
[build]  1278 |         other.m_data.m_value = {};
[build]       |                              ^ ~~
[build] C:\Users\pperv\code\unnamed_rpg\vendor\json\include\nlohmann/json.hpp(1277,31): warning: enumeration type in nested name specifier is incompatible with C++98 [-Wc++98-compat]
[build]  1277 |         other.m_data.m_type = value_t::null;
[build]       |                               ^
[build] C:\Users\pperv\code\unnamed_rpg\vendor\json\include\nlohmann/json.hpp(5294,12): note: in instantiation of member function 'nlohmann::basic_json<>::basic_json' requested here
[build]  5294 |     return nlohmann::json::parse(s, s + n);
[build]       |            ^
[build] C:\Users\pperv\code\unnamed_rpg\vendor\json\include\nlohmann/json.hpp(1278,32): warning: constructor call from initializer list is incompatible with C++98 [-Wc++98-compat]
[build]  1278 |         other.m_data.m_value = {};
[build]       |                                ^~
[build] In file included from C:\Users\pperv\code\unnamed_rpg\vendor\json-schema-validator\src\json-schema-draft7.json.cpp:9:
[build] In file included from C:\Users\pperv\code\unnamed_rpg\vendor\json\include\nlohmann/json.hpp:60:
[build] C:\Users\pperv\code\unnamed_rpg\vendor\json\include\nlohmann/detail/json_pointer.hpp(805,156): warning: 'nullptr' is incompatible with C++98 [-Wc++98-compat]
[build]   805 |             JSON_THROW(detail::parse_error::create(107, 1, detail::concat("JSON pointer must be empty or begin with '/' - was: '", reference_string, "'"), nullptr));
[build]       |                                                                                                                                                            ^
[build] C:\Users\pperv\code\unnamed_rpg\vendor\json\include\nlohmann/detail/json_pointer.hpp(826,13): warning: 'auto' type specifier is incompatible with C++98 [-Wc++98-compat]
[build]   826 |             auto reference_token = reference_string.substr(start, slash - start);
[build]       |             ^~~~
[build] C:\Users\pperv\code\unnamed_rpg\vendor\json\include\nlohmann/json.hpp(5316,12): note: in instantiation of member function 'nlohmann::json_pointer<std::basic_string<char>>::json_pointer' requested here
[build]  5316 |     return nlohmann::json::json_pointer(std::string(s, n));
[build]       |            ^
[build] In file included from C:\Users\pperv\code\unnamed_rpg\vendor\json-schema-validator\src\json-schema-draft7.json.cpp:9:
[build] In file included from C:\Users\pperv\code\unnamed_rpg\vendor\json\include\nlohmann/json.hpp:60:
[build] C:\Users\pperv\code\unnamed_rpg\vendor\json\include\nlohmann/detail/json_pointer.hpp(840,125): warning: 'nullptr' is incompatible with C++98 [-Wc++98-compat]
[build]   840 |                     JSON_THROW(detail::parse_error::create(108, 0, "escape character '~' must be followed with '0' or '1'", nullptr));
[build]       |                                                                                                                             ^
[build] In file included from C:\Users\pperv\code\unnamed_rpg\vendor\json-schema-validator\src\json-schema-draft7.json.cpp:9:
[build] In file included from C:\Users\pperv\code\unnamed_rpg\vendor\json\include\nlohmann/json.hpp:44:
[build] In file included from C:\Users\pperv\code\unnamed_rpg\vendor\json\include\nlohmann/adl_serializer.hpp:14:
[build] In file included from C:\Users\pperv\code\unnamed_rpg\vendor\json\include\nlohmann/detail/conversions/from_json.hpp:24:
[build] In file included from C:\Users\pperv\code\unnamed_rpg\vendor\json\include\nlohmann/detail/exceptions.hpp:21:
[build] C:\Users\pperv\code\unnamed_rpg\vendor\json\include\nlohmann/detail/string_escape.hpp(67,36): warning: generalized initializer lists are incompatible with C++98 [-Wc++98-compat]
[build]    67 |     replace_substring(s, StringType{"~1"}, StringType{"/"});
[build]       |                                    ^
[build] C:\Users\pperv\code\unnamed_rpg\vendor\json\include\nlohmann/detail/string_escape.hpp(67,54): warning: generalized initializer lists are incompatible with C++98 [-Wc++98-compat]
[build]    67 |     replace_substring(s, StringType{"~1"}, StringType{"/"});
[build]       |                                                      ^
[build] C:\Users\pperv\code\unnamed_rpg\vendor\json\include\nlohmann/detail/string_escape.hpp(68,36): warning: generalized initializer lists are incompatible with C++98 [-Wc++98-compat]
[build]    68 |     replace_substring(s, StringType{"~0"}, StringType{"~"});
[build]       |                                    ^
[build] C:\Users\pperv\code\unnamed_rpg\vendor\json\include\nlohmann/detail/string_escape.hpp(68,54): warning: generalized initializer lists are incompatible with C++98 [-Wc++98-compat]
[build]    68 |     replace_substring(s, StringType{"~0"}, StringType{"~"});
[build]       |                                                      ^
[build] C:\Users\pperv\code\unnamed_rpg\vendor\json\include\nlohmann/detail/string_escape.hpp(67,36): warning: constructor call from initializer list is incompatible with C++98 [-Wc++98-compat]
[build]    67 |     replace_substring(s, StringType{"~1"}, StringType{"/"});
[build]       |                                    ^~~~~~
[build] C:\Users\pperv\code\unnamed_rpg\vendor\json\include\nlohmann/detail/json_pointer.hpp(845,21): note: in instantiation of function template specialization 'nlohmann::detail::unescape<std::basic_string<char>>' requested here
[build]   845 |             detail::unescape(reference_token);
[build]       |                     ^
[build] C:\Users\pperv\code\unnamed_rpg\vendor\json\include\nlohmann/detail/json_pointer.hpp(63,28): note: in instantiation of member function 'nlohmann::json_pointer<std::basic_string<char>>::split' requested here
[build]    63 |         : reference_tokens(split(s))
[build]       |                            ^
[build] C:\Users\pperv\code\unnamed_rpg\vendor\json\include\nlohmann/json.hpp(5316,12): note: in instantiation of member function 'nlohmann::json_pointer<std::basic_string<char>>::json_pointer' requested here
[build]  5316 |     return nlohmann::json::json_pointer(std::string(s, n));
[build]       |            ^
[build] In file included from C:\Users\pperv\code\unnamed_rpg\vendor\json-schema-validator\src\json-schema-draft7.json.cpp:9:
[build] In file included from C:\Users\pperv\code\unnamed_rpg\vendor\json\include\nlohmann/json.hpp:44:
[build] In file included from C:\Users\pperv\code\unnamed_rpg\vendor\json\include\nlohmann/adl_serializer.hpp:14:
[build] In file included from C:\Users\pperv\code\unnamed_rpg\vendor\json\include\nlohmann/detail/conversions/from_json.hpp:24:
[build] In file included from C:\Users\pperv\code\unnamed_rpg\vendor\json\include\nlohmann/detail/exceptions.hpp:21:
[build] C:\Users\pperv\code\unnamed_rpg\vendor\json\include\nlohmann/detail/string_escape.hpp(67,54): warning: constructor call from initializer list is incompatible with C++98 [-Wc++98-compat]
[build]    67 |     replace_substring(s, StringType{"~1"}, StringType{"/"});
[build]       |                                                      ^~~~~
[build] C:\Users\pperv\code\unnamed_rpg\vendor\json\include\nlohmann/detail/string_escape.hpp(68,36): warning: constructor call from initializer list is incompatible with C++98 [-Wc++98-compat]
[build]    68 |     replace_substring(s, StringType{"~0"}, StringType{"~"});
[build]       |                                    ^~~~~~
[build] C:\Users\pperv\code\unnamed_rpg\vendor\json\include\nlohmann/detail/string_escape.hpp(68,54): warning: constructor call from initializer list is incompatible with C++98 [-Wc++98-compat]
[build]    68 |     replace_substring(s, StringType{"~0"}, StringType{"~"});
[build]       |                                                      ^~~~~
[build] C:\Users\pperv\code\unnamed_rpg\vendor\json\include\nlohmann/detail/string_escape.hpp(35,10): warning: 'auto' type specifier is incompatible with C++98 [-Wc++98-compat]
[build]    35 |     for (auto pos = s.find(f);                // find the first occurrence of f
[build]       |          ^~~~
[build] In file included from C:\Users\pperv\code\unnamed_rpg\vendor\json-schema-validator\src\json-schema-draft7.json.cpp:9:
[build] In file included from C:\Users\pperv\code\unnamed_rpg\vendor\json\include\nlohmann/json.hpp:44:
[build] In file included from C:\Users\pperv\code\unnamed_rpg\vendor\json\include\nlohmann/adl_serializer.hpp:14:
[build] In file included from C:\Users\pperv\code\unnamed_rpg\vendor\json\include\nlohmann/detail/conversions/from_json.hpp:24:
[build] In file included from C:\Users\pperv\code\unnamed_rpg\vendor\json\include\nlohmann/detail/exceptions.hpp:26:
[build] C:\Users\pperv\code\unnamed_rpg\vendor\json\include\nlohmann/detail/string_concat.hpp(43,12): warning: function 'strlen' is unsafe [-Wunsafe-buffer-usage-in-libc-call]
[build]    43 |     return ::strlen(cstr) + concat_length(rest...);
[build]       |            ^~~~~~~~~~~~~~
[build] C:\Users\pperv\code\unnamed_rpg\vendor\json\include\nlohmann/detail/string_concat.hpp(43,12): warning: function 'strlen' is unsafe [-Wunsafe-buffer-usage-in-libc-call]
[build]    43 |     return ::strlen(cstr) + concat_length(rest...);
[build]       |            ^~~~~~~~~~~~~~
[build] C:\Users\pperv\code\unnamed_rpg\vendor\json\include\nlohmann/detail/string_concat.hpp(43,12): warning: function 'strlen' is unsafe [-Wunsafe-buffer-usage-in-libc-call]
[build]    43 |     return ::strlen(cstr) + concat_length(rest...);
[build]       |            ^~~~~~~~~~~~~~
[build] C:\Users\pperv\code\unnamed_rpg\vendor\json\include\nlohmann/detail/string_concat.hpp(43,12): warning: function 'strlen' is unsafe [-Wunsafe-buffer-usage-in-libc-call]
[build]    43 |     return ::strlen(cstr) + concat_length(rest...);
[build]       |            ^~~~~~~~~~~~~~
[build] C:\Users\pperv\code\unnamed_rpg\vendor\json\include\nlohmann/detail/string_concat.hpp(43,12): warning: function 'strlen' is unsafe [-Wunsafe-buffer-usage-in-libc-call]
[build]    43 |     return ::strlen(cstr) + concat_length(rest...);
[build]       |            ^~~~~~~~~~~~~~
[build] C:\Users\pperv\code\unnamed_rpg\vendor\json\include\nlohmann/detail/string_concat.hpp(43,12): warning: function 'strlen' is unsafe [-Wunsafe-buffer-usage-in-libc-call]
[build]    43 |     return ::strlen(cstr) + concat_length(rest...);
[build]       |            ^~~~~~~~~~~~~~
[build] C:\Users\pperv\code\unnamed_rpg\vendor\json\include\nlohmann/detail/string_concat.hpp(43,12): warning: function 'strlen' is unsafe [-Wunsafe-buffer-usage-in-libc-call]
[build]    43 |     return ::strlen(cstr) + concat_length(rest...);
[build]       |            ^~~~~~~~~~~~~~
[build] C:\Users\pperv\code\unnamed_rpg\vendor\json\include\nlohmann/detail/string_concat.hpp(43,12): warning: function 'strlen' is unsafe [-Wunsafe-buffer-usage-in-libc-call]
[build]    43 |     return ::strlen(cstr) + concat_length(rest...);
[build]       |            ^~~~~~~~~~~~~~
[build] C:\Users\pperv\code\unnamed_rpg\vendor\json\include\nlohmann/detail/string_concat.hpp(43,12): warning: function 'strlen' is unsafe [-Wunsafe-buffer-usage-in-libc-call]
[build]    43 |     return ::strlen(cstr) + concat_length(rest...);
[build]       |            ^~~~~~~~~~~~~~
[build] C:\Users\pperv\code\unnamed_rpg\vendor\json\include\nlohmann/detail/string_concat.hpp(43,12): warning: function 'strlen' is unsafe [-Wunsafe-buffer-usage-in-libc-call]
[build]    43 |     return ::strlen(cstr) + concat_length(rest...);
[build]       |            ^~~~~~~~~~~~~~
[build] In file included from C:\Users\pperv\code\unnamed_rpg\vendor\json-schema-validator\src\json-schema-draft7.json.cpp:9:
[build] In file included from C:\Users\pperv\code\unnamed_rpg\vendor\json\include\nlohmann/json.hpp:50:
[build] In file included from C:\Users\pperv\code\unnamed_rpg\vendor\json\include\nlohmann/detail/input/binary_reader.hpp:29:
[build] In file included from C:\Users\pperv\code\unnamed_rpg\vendor\json\include\nlohmann/detail/input/json_sax.hpp:18:
[build] C:\Users\pperv\code\unnamed_rpg\vendor\json\include\nlohmann/detail/input/lexer.hpp(251,68): warning: unsafe pointer arithmetic [-Wunsafe-buffer-usage]
[build]   251 |         for (auto range = ranges.begin(); range != ranges.end(); ++range)
[build]       |                                                                    ^~~~~
[build] C:\Users\pperv\code\unnamed_rpg\vendor\json\include\nlohmann/detail/input/lexer.hpp(254,72): warning: unsafe pointer arithmetic [-Wunsafe-buffer-usage]
[build]   254 |             if (JSON_HEDLEY_LIKELY(*range <= current && current <= *(++range))) // NOLINT(bugprone-inc-dec-in-conditions)
[build]       |                                                                        ^~~~~
[build] C:\Users\pperv\code\unnamed_rpg\vendor\json\include\nlohmann/detail/input/lexer.hpp(953,13): warning: function 'strtod' is unsafe [-Wunsafe-buffer-usage-in-libc-call]
[build]   953 |         f = std::strtod(str, endptr);
[build]       |             ^~~~~~~~~~~~~~~~~~~~~~~~
[build] C:\Users\pperv\code\unnamed_rpg\vendor\json\include\nlohmann/detail/input/lexer.hpp(1288,28): warning: function 'strtoull' is unsafe [-Wunsafe-buffer-usage-in-libc-call]
[build]  1288 |             const auto x = std::strtoull(token_buffer.data(), &endptr, 10);
[build]       |                            ^~~~~~~~~~~~~~~~~~~~~~~~~~~~~~~~~~~~~~~~~~~~~~~
[build] C:\Users\pperv\code\unnamed_rpg\vendor\json\include\nlohmann/detail/input/lexer.hpp(1291,48): warning: unsafe pointer arithmetic [-Wunsafe-buffer-usage]
[build]  1291 |             JSON_ASSERT(endptr == token_buffer.data() + token_buffer.size());
[build]       |                                   ~~~~~~~~~~~~~^~~~~~
[build] C:\Users\pperv\code\unnamed_rpg\vendor\json\include\nlohmann/detail/macro_scope.hpp(233,35): note: expanded from macro 'JSON_ASSERT'
[build]   233 |     #define JSON_ASSERT(x) assert(x)
[build]       |                                   ^
[build] C:\Program Files (x86)\Windows Kits\10\include\10.0.26100.0\ucrt\assert.h(40,17): note: expanded from macro 'assert'
[build]    40 |             (!!(expression)) ||                                                               \
[build]       |                 ^~~~~~~~~~
[build] In file included from C:\Users\pperv\code\unnamed_rpg\vendor\json-schema-validator\src\json-schema-draft7.json.cpp:9:
[build] In file included from C:\Users\pperv\code\unnamed_rpg\vendor\json\include\nlohmann/json.hpp:50:
[build] In file included from C:\Users\pperv\code\unnamed_rpg\vendor\json\include\nlohmann/detail/input/binary_reader.hpp:29:
[build] In file included from C:\Users\pperv\code\unnamed_rpg\vendor\json\include\nlohmann/detail/input/json_sax.hpp:18:
[build] C:\Users\pperv\code\unnamed_rpg\vendor\json\include\nlohmann/detail/input/lexer.hpp(1304,28): warning: function 'strtoll' is unsafe [-Wunsafe-buffer-usage-in-libc-call]
[build]  1304 |             const auto x = std::strtoll(token_buffer.data(), &endptr, 10);
[build]       |                            ^~~~~~~~~~~~~~~~~~~~~~~~~~~~~~~~~~~~~~~~~~~~~~
[build] C:\Users\pperv\code\unnamed_rpg\vendor\json\include\nlohmann/detail/input/lexer.hpp(1307,48): warning: unsafe pointer arithmetic [-Wunsafe-buffer-usage]
[build]  1307 |             JSON_ASSERT(endptr == token_buffer.data() + token_buffer.size());
[build]       |                                   ~~~~~~~~~~~~~^~~~~~
[build] C:\Users\pperv\code\unnamed_rpg\vendor\json\include\nlohmann/detail/macro_scope.hpp(233,35): note: expanded from macro 'JSON_ASSERT'
[build]   233 |     #define JSON_ASSERT(x) assert(x)
[build]       |                                   ^
[build] C:\Program Files (x86)\Windows Kits\10\include\10.0.26100.0\ucrt\assert.h(40,17): note: expanded from macro 'assert'
[build]    40 |             (!!(expression)) ||                                                               \
[build]       |                 ^~~~~~~~~~
[build] In file included from C:\Users\pperv\code\unnamed_rpg\vendor\json-schema-validator\src\json-schema-draft7.json.cpp:9:
[build] In file included from C:\Users\pperv\code\unnamed_rpg\vendor\json\include\nlohmann/json.hpp:50:
[build] In file included from C:\Users\pperv\code\unnamed_rpg\vendor\json\include\nlohmann/detail/input/binary_reader.hpp:29:
[build] In file included from C:\Users\pperv\code\unnamed_rpg\vendor\json\include\nlohmann/detail/input/json_sax.hpp:18:
[build] C:\Users\pperv\code\unnamed_rpg\vendor\json\include\nlohmann/detail/input/lexer.hpp(1324,44): warning: unsafe pointer arithmetic [-Wunsafe-buffer-usage]
[build]  1324 |         JSON_ASSERT(endptr == token_buffer.data() + token_buffer.size());
[build]       |                               ~~~~~~~~~~~~~^~~~~~
[build] C:\Users\pperv\code\unnamed_rpg\vendor\json\include\nlohmann/detail/macro_scope.hpp(233,35): note: expanded from macro 'JSON_ASSERT'
[build]   233 |     #define JSON_ASSERT(x) assert(x)
[build]       |                                   ^
[build] C:\Program Files (x86)\Windows Kits\10\include\10.0.26100.0\ucrt\assert.h(40,17): note: expanded from macro 'assert'
[build]    40 |             (!!(expression)) ||                                                               \
[build]       |                 ^~~~~~~~~~
[build] In file included from C:\Users\pperv\code\unnamed_rpg\vendor\json-schema-validator\src\json-schema-draft7.json.cpp:9:
[build] In file included from C:\Users\pperv\code\unnamed_rpg\vendor\json\include\nlohmann/json.hpp:50:
[build] In file included from C:\Users\pperv\code\unnamed_rpg\vendor\json\include\nlohmann/detail/input/binary_reader.hpp:29:
[build] In file included from C:\Users\pperv\code\unnamed_rpg\vendor\json\include\nlohmann/detail/input/json_sax.hpp:18:
[build] C:\Users\pperv\code\unnamed_rpg\vendor\json\include\nlohmann/detail/input/lexer.hpp(1341,85): warning: unsafe buffer access [-Wunsafe-buffer-usage]
[build]  1341 |             if (JSON_HEDLEY_UNLIKELY(char_traits<char_type>::to_char_type(get()) != literal_text[i]))
[build]       |                                                                                     ^~~~~~~~~~~~
[build] In file included from C:\Users\pperv\code\unnamed_rpg\vendor\json-schema-validator\src\json-schema-draft7.json.cpp:9:
[build] In file included from C:\Users\pperv\code\unnamed_rpg\vendor\json\include\nlohmann/json.hpp:70:
[build] In file included from C:\Users\pperv\code\unnamed_rpg\vendor\json\include\nlohmann/detail/output/serializer.hpp:25:
[build] C:\Users\pperv\code\unnamed_rpg\vendor\json\include\nlohmann/detail/conversions/to_chars.hpp(577,21): warning: unsafe buffer access [-Wunsafe-buffer-usage]
[build]   577 |         JSON_ASSERT(buf[len - 1] != '0');
[build]       |                     ^~~
[build] C:\Users\pperv\code\unnamed_rpg\vendor\json\include\nlohmann/detail/conversions/to_chars.hpp(578,9): warning: unsafe buffer access [-Wunsafe-buffer-usage]
[build]   578 |         buf[len - 1]--;
[build]       |         ^~~
[build] C:\Users\pperv\code\unnamed_rpg\vendor\json\include\nlohmann/detail/conversions/to_chars.hpp(664,9): warning: unsafe buffer access [-Wunsafe-buffer-usage]
[build]   664 |         buffer[length++] = static_cast<char>('0' + d); // buffer := buffer * 10 + d
[build]       |         ^~~~~~
[build] C:\Users\pperv\code\unnamed_rpg\vendor\json\include\nlohmann/detail/conversions/to_chars.hpp(771,9): warning: unsafe buffer access [-Wunsafe-buffer-usage]
[build]   771 |         buffer[length++] = static_cast<char>('0' + d); // buffer := buffer * 10 + d
[build]       |         ^~~~~~
[build] C:\Users\pperv\code\unnamed_rpg\vendor\json\include\nlohmann/detail/conversions/to_chars.hpp(936,10): warning: unsafe pointer arithmetic [-Wunsafe-buffer-usage]
[build]   936 |         *buf++ = '-';
[build]       |          ^~~
[build] C:\Users\pperv\code\unnamed_rpg\vendor\json\include\nlohmann/detail/conversions/to_chars.hpp(940,10): warning: unsafe pointer arithmetic [-Wunsafe-buffer-usage]
[build]   940 |         *buf++ = '+';
[build]       |          ^~~
[build] C:\Users\pperv\code\unnamed_rpg\vendor\json\include\nlohmann/detail/conversions/to_chars.hpp(948,10): warning: unsafe pointer arithmetic [-Wunsafe-buffer-usage]
[build]   948 |         *buf++ = '0';
[build]       |          ^~~
[build] C:\Users\pperv\code\unnamed_rpg\vendor\json\include\nlohmann/detail/conversions/to_chars.hpp(949,10): warning: unsafe pointer arithmetic [-Wunsafe-buffer-usage]
[build]   949 |         *buf++ = static_cast<char>('0' + k);
[build]       |          ^~~
[build] C:\Users\pperv\code\unnamed_rpg\vendor\json\include\nlohmann/detail/conversions/to_chars.hpp(953,10): warning: unsafe pointer arithmetic [-Wunsafe-buffer-usage]
[build]   953 |         *buf++ = static_cast<char>('0' + (k / 10));
[build]       |          ^~~
[build] C:\Users\pperv\code\unnamed_rpg\vendor\json\include\nlohmann/detail/conversions/to_chars.hpp(955,10): warning: unsafe pointer arithmetic [-Wunsafe-buffer-usage]
[build]   955 |         *buf++ = static_cast<char>('0' + k);
[build]       |          ^~~
[build] C:\Users\pperv\code\unnamed_rpg\vendor\json\include\nlohmann/detail/conversions/to_chars.hpp(959,10): warning: unsafe pointer arithmetic [-Wunsafe-buffer-usage]
[build]   959 |         *buf++ = static_cast<char>('0' + (k / 100));
[build]       |          ^~~
[build] C:\Users\pperv\code\unnamed_rpg\vendor\json\include\nlohmann/detail/conversions/to_chars.hpp(961,10): warning: unsafe pointer arithmetic [-Wunsafe-buffer-usage]
[build]   961 |         *buf++ = static_cast<char>('0' + (k / 10));
[build]       |          ^~~
[build] C:\Users\pperv\code\unnamed_rpg\vendor\json\include\nlohmann/detail/conversions/to_chars.hpp(963,10): warning: unsafe pointer arithmetic [-Wunsafe-buffer-usage]
[build]   963 |         *buf++ = static_cast<char>('0' + k);
[build]       |          ^~~
[build] C:\Users\pperv\code\unnamed_rpg\vendor\json\include\nlohmann/detail/conversions/to_chars.hpp(998,9): warning: function 'memset' is unsafe [-Wunsafe-buffer-usage-in-libc-call]
[build]   998 |         std::memset(buf + k, '0', static_cast<size_t>(n) - static_cast<size_t>(k));
[build]       |         ^~~~~~~~~~~~~~~~~~~~~~~~~~~~~~~~~~~~~~~~~~~~~~~~~~~~~~~~~~~~~~~~~~~~~~~~~~
[build] C:\Users\pperv\code\unnamed_rpg\vendor\json\include\nlohmann/detail/conversions/to_chars.hpp(998,21): warning: unsafe pointer arithmetic [-Wunsafe-buffer-usage]
[build]   998 |         std::memset(buf + k, '0', static_cast<size_t>(n) - static_cast<size_t>(k));
[build]       |                     ^~~
[build] C:\Users\pperv\code\unnamed_rpg\vendor\json\include\nlohmann/detail/conversions/to_chars.hpp(1000,9): warning: unsafe buffer access [-Wunsafe-buffer-usage]
[build]  1000 |         buf[n + 0] = '.';
[build]       |         ^~~
[build] C:\Users\pperv\code\unnamed_rpg\vendor\json\include\nlohmann/detail/conversions/to_chars.hpp(1001,9): warning: unsafe buffer access [-Wunsafe-buffer-usage]
[build]  1001 |         buf[n + 1] = '0';
[build]       |         ^~~
[build] C:\Users\pperv\code\unnamed_rpg\vendor\json\include\nlohmann/detail/conversions/to_chars.hpp(1002,16): warning: unsafe pointer arithmetic [-Wunsafe-buffer-usage]
[build]  1002 |         return buf + (static_cast<size_t>(n) + 2);
[build]       |                ^~~
[build] C:\Users\pperv\code\unnamed_rpg\vendor\json\include\nlohmann/detail/conversions/to_chars.hpp(1012,9): warning: function 'memmove' is unsafe [-Wunsafe-buffer-usage-in-libc-call]
[build]  1012 |         std::memmove(buf + (static_cast<size_t>(n) + 1), buf + n, static_cast<size_t>(k) - static_cast<size_t>(n));
[build]       |         ^~~~~~~~~~~~~~~~~~~~~~~~~~~~~~~~~~~~~~~~~~~~~~~~~~~~~~~~~~~~~~~~~~~~~~~~~~~~~~~~~~~~~~~~~~~~~~~~~~~~~~~~~~
[build] C:\Users\pperv\code\unnamed_rpg\vendor\json\include\nlohmann/detail/conversions/to_chars.hpp(1012,22): warning: unsafe pointer arithmetic [-Wunsafe-buffer-usage]
[build]  1012 |         std::memmove(buf + (static_cast<size_t>(n) + 1), buf + n, static_cast<size_t>(k) - static_cast<size_t>(n));
[build]       |                      ^~~
[build] C:\Users\pperv\code\unnamed_rpg\vendor\json\include\nlohmann/detail/conversions/to_chars.hpp(1012,58): warning: unsafe pointer arithmetic [-Wunsafe-buffer-usage]
[build]  1012 |         std::memmove(buf + (static_cast<size_t>(n) + 1), buf + n, static_cast<size_t>(k) - static_cast<size_t>(n));
[build]       |                                                          ^~~
[build] C:\Users\pperv\code\unnamed_rpg\vendor\json\include\nlohmann/detail/conversions/to_chars.hpp(1013,9): warning: unsafe buffer access [-Wunsafe-buffer-usage]
[build]  1013 |         buf[n] = '.';
[build]       |         ^~~
[build] C:\Users\pperv\code\unnamed_rpg\vendor\json\include\nlohmann/detail/conversions/to_chars.hpp(1014,16): warning: unsafe pointer arithmetic [-Wunsafe-buffer-usage]
[build]  1014 |         return buf + (static_cast<size_t>(k) + 1U);
[build]       |                ^~~
[build] C:\Users\pperv\code\unnamed_rpg\vendor\json\include\nlohmann/detail/conversions/to_chars.hpp(1022,9): warning: function 'memmove' is unsafe [-Wunsafe-buffer-usage-in-libc-call]
[build]  1022 |         std::memmove(buf + (2 + static_cast<size_t>(-n)), buf, static_cast<size_t>(k));
[build]       |         ^~~~~~~~~~~~~~~~~~~~~~~~~~~~~~~~~~~~~~~~~~~~~~~~~~~~~~~~~~~~~~~~~~~~~~~~~~~~~~
[build] C:\Users\pperv\code\unnamed_rpg\vendor\json\include\nlohmann/detail/conversions/to_chars.hpp(1022,22): warning: unsafe pointer arithmetic [-Wunsafe-buffer-usage]
[build]  1022 |         std::memmove(buf + (2 + static_cast<size_t>(-n)), buf, static_cast<size_t>(k));
[build]       |                      ^~~
[build] C:\Users\pperv\code\unnamed_rpg\vendor\json\include\nlohmann/detail/conversions/to_chars.hpp(1024,9): warning: unsafe buffer access [-Wunsafe-buffer-usage]
[build]  1024 |         buf[1] = '.';
[build]       |         ^~~
[build] C:\Users\pperv\code\unnamed_rpg\vendor\json\include\nlohmann/detail/conversions/to_chars.hpp(1025,9): warning: function 'memset' is unsafe [-Wunsafe-buffer-usage-in-libc-call]
[build]  1025 |         std::memset(buf + 2, '0', static_cast<size_t>(-n));
[build]       |         ^~~~~~~~~~~~~~~~~~~~~~~~~~~~~~~~~~~~~~~~~~~~~~~~~~
[build] C:\Users\pperv\code\unnamed_rpg\vendor\json\include\nlohmann/detail/conversions/to_chars.hpp(1025,21): warning: unsafe pointer arithmetic [-Wunsafe-buffer-usage]
[build]  1025 |         std::memset(buf + 2, '0', static_cast<size_t>(-n));
[build]       |                     ^~~
[build] C:\Users\pperv\code\unnamed_rpg\vendor\json\include\nlohmann/detail/conversions/to_chars.hpp(1026,16): warning: unsafe pointer arithmetic [-Wunsafe-buffer-usage]
[build]  1026 |         return buf + (2U + static_cast<size_t>(-n) + static_cast<size_t>(k));
[build]       |                ^~~
[build] C:\Users\pperv\code\unnamed_rpg\vendor\json\include\nlohmann/detail/conversions/to_chars.hpp(1034,9): warning: unsafe pointer arithmetic [-Wunsafe-buffer-usage]
[build]  1034 |         buf += 1;
[build]       |         ^~~
[build] C:\Users\pperv\code\unnamed_rpg\vendor\json\include\nlohmann/detail/conversions/to_chars.hpp(1041,9): warning: function 'memmove' is unsafe [-Wunsafe-buffer-usage-in-libc-call]
[build]  1041 |         std::memmove(buf + 2, buf + 1, static_cast<size_t>(k) - 1);
[build]       |         ^~~~~~~~~~~~~~~~~~~~~~~~~~~~~~~~~~~~~~~~~~~~~~~~~~~~~~~~~~
[build] C:\Users\pperv\code\unnamed_rpg\vendor\json\include\nlohmann/detail/conversions/to_chars.hpp(1041,22): warning: unsafe pointer arithmetic [-Wunsafe-buffer-usage]
[build]  1041 |         std::memmove(buf + 2, buf + 1, static_cast<size_t>(k) - 1);
[build]       |                      ^~~
[build] C:\Users\pperv\code\unnamed_rpg\vendor\json\include\nlohmann/detail/conversions/to_chars.hpp(1041,31): warning: unsafe pointer arithmetic [-Wunsafe-buffer-usage]
[build]  1041 |         std::memmove(buf + 2, buf + 1, static_cast<size_t>(k) - 1);
[build]       |                               ^~~
[build] C:\Users\pperv\code\unnamed_rpg\vendor\json\include\nlohmann/detail/conversions/to_chars.hpp(1042,9): warning: unsafe buffer access [-Wunsafe-buffer-usage]
[build]  1042 |         buf[1] = '.';
[build]       |         ^~~
[build] C:\Users\pperv\code\unnamed_rpg\vendor\json\include\nlohmann/detail/conversions/to_chars.hpp(1043,9): warning: unsafe pointer arithmetic [-Wunsafe-buffer-usage]
[build]  1043 |         buf += 1 + static_cast<size_t>(k);
[build]       |         ^~~
[build] C:\Users\pperv\code\unnamed_rpg\vendor\json\include\nlohmann/detail/conversions/to_chars.hpp(1046,6): warning: unsafe pointer arithmetic [-Wunsafe-buffer-usage]
[build]  1046 |     *buf++ = 'e';
[build]       |      ^~~
[build] In file included from C:\Users\pperv\code\unnamed_rpg\vendor\json-schema-validator\src\json-schema-draft7.json.cpp:9:
[build] C:\Users\pperv\code\unnamed_rpg\vendor\json\include\nlohmann/json.hpp(5294,37): warning: unsafe pointer arithmetic [-Wunsafe-buffer-usage]
[build]  5294 |     return nlohmann::json::parse(s, s + n);
[build]       |                                     ^
[build] 2604 warnings generated.
[build] [18/19  84% :: 13.223] Building CXX object vendor\json-schema-validator\CMakeFiles\nlohmann_json_schema_validator.dir\src\string-format-check.cpp.obj
[build] In file included from C:\Users\pperv\code\unnamed_rpg\vendor\json-schema-validator\src\string-format-check.cpp:1:
[build] C:\Users\pperv\code\unnamed_rpg\vendor\json-schema-validator\src\nlohmann/json-schema.hpp(10,9): warning: macro name is a reserved identifier [-Wreserved-macro-identifier]
[build]    10 | #define NLOHMANN_JSON_SCHEMA_HPP__
[build]       |         ^
[build] In file included from C:\Users\pperv\code\unnamed_rpg\vendor\json-schema-validator\src\string-format-check.cpp:1:
[build] In file included from C:\Users\pperv\code\unnamed_rpg\vendor\json-schema-validator\src\nlohmann/json-schema.hpp:24:
[build] In file included from C:\Users\pperv\code\unnamed_rpg\vendor\json\include\nlohmann/json.hpp:44:
[build] In file included from C:\Users\pperv\code\unnamed_rpg\vendor\json\include\nlohmann/adl_serializer.hpp:14:
[build] In file included from C:\Users\pperv\code\unnamed_rpg\vendor\json\include\nlohmann/detail/conversions/from_json.hpp:24:
[build] In file included from C:\Users\pperv\code\unnamed_rpg\vendor\json\include\nlohmann/detail/exceptions.hpp:20:
[build] In file included from C:\Users\pperv\code\unnamed_rpg\vendor\json\include\nlohmann/detail/value_t.hpp:16:
[build] In file included from C:\Users\pperv\code\unnamed_rpg\vendor\json\include\nlohmann/detail/macro_scope.hpp:12:
[build] In file included from C:\Users\pperv\code\unnamed_rpg\vendor\json\include\nlohmann/detail/meta/detected.hpp:13:
[build] C:\Users\pperv\code\unnamed_rpg\vendor\json\include\nlohmann/detail/meta/void_t.hpp(13,1): warning: empty macro arguments are incompatible with C++98 [-Wc++98-compat-pedantic]
[build]    13 | NLOHMANN_JSON_NAMESPACE_BEGIN
[build]       | ^
[build] C:\Users\pperv\code\unnamed_rpg\vendor\json\include\nlohmann/detail/abi_macros.hpp(102,17): note: expanded from macro 'NLOHMANN_JSON_NAMESPACE_BEGIN'
[build]   102 |                 NLOHMANN_JSON_ABI_TAGS,              \
[build]       |                 ^
[build] C:\Users\pperv\code\unnamed_rpg\vendor\json\include\nlohmann/detail/abi_macros.hpp(65,5): note: expanded from macro 'NLOHMANN_JSON_ABI_TAGS'
[build]    65 |     NLOHMANN_JSON_ABI_TAGS_CONCAT(                                   \
[build]       |     ^
[build] C:\Users\pperv\code\unnamed_rpg\vendor\json\include\nlohmann/detail/abi_macros.hpp(62,39): note: expanded from macro 'NLOHMANN_JSON_ABI_TAGS_CONCAT'
[build]    62 |     NLOHMANN_JSON_ABI_TAGS_CONCAT_EX(a, b, c)
[build]       |                                       ^
[build] In file included from C:\Users\pperv\code\unnamed_rpg\vendor\json-schema-validator\src\string-format-check.cpp:1:
[build] In file included from C:\Users\pperv\code\unnamed_rpg\vendor\json-schema-validator\src\nlohmann/json-schema.hpp:24:
[build] In file included from C:\Users\pperv\code\unnamed_rpg\vendor\json\include\nlohmann/json.hpp:44:
[build] In file included from C:\Users\pperv\code\unnamed_rpg\vendor\json\include\nlohmann/adl_serializer.hpp:14:
[build] In file included from C:\Users\pperv\code\unnamed_rpg\vendor\json\include\nlohmann/detail/conversions/from_json.hpp:24:
[build] In file included from C:\Users\pperv\code\unnamed_rpg\vendor\json\include\nlohmann/detail/exceptions.hpp:20:
[build] In file included from C:\Users\pperv\code\unnamed_rpg\vendor\json\include\nlohmann/detail/value_t.hpp:16:
[build] In file included from C:\Users\pperv\code\unnamed_rpg\vendor\json\include\nlohmann/detail/macro_scope.hpp:12:
[build] In file included from C:\Users\pperv\code\unnamed_rpg\vendor\json\include\nlohmann/detail/meta/detected.hpp:13:
[build] C:\Users\pperv\code\unnamed_rpg\vendor\json\include\nlohmann/detail/meta/void_t.hpp(13,1): warning: empty macro arguments are incompatible with C++98 [-Wc++98-compat-pedantic]
[build] C:\Users\pperv\code\unnamed_rpg\vendor\json\include\nlohmann/detail/abi_macros.hpp(102,17): note: expanded from macro 'NLOHMANN_JSON_NAMESPACE_BEGIN'
[build]   102 |                 NLOHMANN_JSON_ABI_TAGS,              \
[build]       |                 ^
[build] C:\Users\pperv\code\unnamed_rpg\vendor\json\include\nlohmann/detail/abi_macros.hpp(65,5): note: expanded from macro 'NLOHMANN_JSON_ABI_TAGS'
[build]    65 |     NLOHMANN_JSON_ABI_TAGS_CONCAT(                                   \
[build]       |     ^
[build] C:\Users\pperv\code\unnamed_rpg\vendor\json\include\nlohmann/detail/abi_macros.hpp(62,42): note: expanded from macro 'NLOHMANN_JSON_ABI_TAGS_CONCAT'
[build]    62 |     NLOHMANN_JSON_ABI_TAGS_CONCAT_EX(a, b, c)
[build]       |                                          ^
[build] In file included from C:\Users\pperv\code\unnamed_rpg\vendor\json-schema-validator\src\string-format-check.cpp:1:
[build] In file included from C:\Users\pperv\code\unnamed_rpg\vendor\json-schema-validator\src\nlohmann/json-schema.hpp:24:
[build] In file included from C:\Users\pperv\code\unnamed_rpg\vendor\json\include\nlohmann/json.hpp:44:
[build] In file included from C:\Users\pperv\code\unnamed_rpg\vendor\json\include\nlohmann/adl_serializer.hpp:14:
[build] In file included from C:\Users\pperv\code\unnamed_rpg\vendor\json\include\nlohmann/detail/conversions/from_json.hpp:24:
[build] In file included from C:\Users\pperv\code\unnamed_rpg\vendor\json\include\nlohmann/detail/exceptions.hpp:20:
[build] In file included from C:\Users\pperv\code\unnamed_rpg\vendor\json\include\nlohmann/detail/value_t.hpp:16:
[build] In file included from C:\Users\pperv\code\unnamed_rpg\vendor\json\include\nlohmann/detail/macro_scope.hpp:12:
[build] In file included from C:\Users\pperv\code\unnamed_rpg\vendor\json\include\nlohmann/detail/meta/detected.hpp:13:
[build] C:\Users\pperv\code\unnamed_rpg\vendor\json\include\nlohmann/detail/meta/void_t.hpp(13,1): warning: empty macro arguments are incompatible with C++98 [-Wc++98-compat-pedantic]
[build] C:\Users\pperv\code\unnamed_rpg\vendor\json\include\nlohmann/detail/abi_macros.hpp(102,17): note: expanded from macro 'NLOHMANN_JSON_NAMESPACE_BEGIN'
[build]   102 |                 NLOHMANN_JSON_ABI_TAGS,              \
[build]       |                 ^
[build] C:\Users\pperv\code\unnamed_rpg\vendor\json\include\nlohmann/detail/abi_macros.hpp(65,5): note: expanded from macro 'NLOHMANN_JSON_ABI_TAGS'
[build]    65 |     NLOHMANN_JSON_ABI_TAGS_CONCAT(                                   \
[build]       |     ^
[build] C:\Users\pperv\code\unnamed_rpg\vendor\json\include\nlohmann/detail/abi_macros.hpp(62,45): note: expanded from macro 'NLOHMANN_JSON_ABI_TAGS_CONCAT'
[build]    62 |     NLOHMANN_JSON_ABI_TAGS_CONCAT_EX(a, b, c)
[build]       |                                             ^
[build] In file included from C:\Users\pperv\code\unnamed_rpg\vendor\json-schema-validator\src\string-format-check.cpp:1:
[build] In file included from C:\Users\pperv\code\unnamed_rpg\vendor\json-schema-validator\src\nlohmann/json-schema.hpp:24:
[build] In file included from C:\Users\pperv\code\unnamed_rpg\vendor\json\include\nlohmann/json.hpp:44:
[build] In file included from C:\Users\pperv\code\unnamed_rpg\vendor\json\include\nlohmann/adl_serializer.hpp:14:
[build] In file included from C:\Users\pperv\code\unnamed_rpg\vendor\json\include\nlohmann/detail/conversions/from_json.hpp:24:
[build] In file included from C:\Users\pperv\code\unnamed_rpg\vendor\json\include\nlohmann/detail/exceptions.hpp:20:
[build] In file included from C:\Users\pperv\code\unnamed_rpg\vendor\json\include\nlohmann/detail/value_t.hpp:16:
[build] In file included from C:\Users\pperv\code\unnamed_rpg\vendor\json\include\nlohmann/detail/macro_scope.hpp:12:
[build] In file included from C:\Users\pperv\code\unnamed_rpg\vendor\json\include\nlohmann/detail/meta/detected.hpp:13:
[build] C:\Users\pperv\code\unnamed_rpg\vendor\json\include\nlohmann/detail/meta/void_t.hpp(13,1): warning: inline namespaces are incompatible with C++98 [-Wc++98-compat]
[build] C:\Users\pperv\code\unnamed_rpg\vendor\json\include\nlohmann/detail/abi_macros.hpp(101,5): note: expanded from macro 'NLOHMANN_JSON_NAMESPACE_BEGIN'
[build]   101 |     inline namespace NLOHMANN_JSON_NAMESPACE_CONCAT( \
[build]       |     ^
[build] In file included from C:\Users\pperv\code\unnamed_rpg\vendor\json-schema-validator\src\string-format-check.cpp:1:
[build] In file included from C:\Users\pperv\code\unnamed_rpg\vendor\json-schema-validator\src\nlohmann/json-schema.hpp:24:
[build] In file included from C:\Users\pperv\code\unnamed_rpg\vendor\json\include\nlohmann/json.hpp:44:
[build] In file included from C:\Users\pperv\code\unnamed_rpg\vendor\json\include\nlohmann/adl_serializer.hpp:14:
[build] In file included from C:\Users\pperv\code\unnamed_rpg\vendor\json\include\nlohmann/detail/conversions/from_json.hpp:24:
[build] In file included from C:\Users\pperv\code\unnamed_rpg\vendor\json\include\nlohmann/detail/exceptions.hpp:20:
[build] In file included from C:\Users\pperv\code\unnamed_rpg\vendor\json\include\nlohmann/detail/value_t.hpp:16:
[build] In file included from C:\Users\pperv\code\unnamed_rpg\vendor\json\include\nlohmann/detail/macro_scope.hpp:12:
[build] In file included from C:\Users\pperv\code\unnamed_rpg\vendor\json\include\nlohmann/detail/meta/detected.hpp:13:
[build] C:\Users\pperv\code\unnamed_rpg\vendor\json\include\nlohmann/detail/meta/void_t.hpp(17,19): warning: variadic templates are incompatible with C++98 [-Wc++98-compat]
[build]    17 | template<typename ...Ts> struct make_void
[build]       |                   ^
[build] C:\Users\pperv\code\unnamed_rpg\vendor\json\include\nlohmann/detail/meta/void_t.hpp(19,18): warning: alias declarations are incompatible with C++98 [-Wc++98-compat]
[build]    19 |     using type = void;
[build]       |                  ^
[build] C:\Users\pperv\code\unnamed_rpg\vendor\json\include\nlohmann/detail/meta/void_t.hpp(21,19): warning: variadic templates are incompatible with C++98 [-Wc++98-compat]
[build]    21 | template<typename ...Ts> using void_t = typename make_void<Ts...>::type;
[build]       |                   ^
[build] C:\Users\pperv\code\unnamed_rpg\vendor\json\include\nlohmann/detail/meta/void_t.hpp(21,41): warning: alias declarations are incompatible with C++98 [-Wc++98-compat]
[build]    21 | template<typename ...Ts> using void_t = typename make_void<Ts...>::type;
[build]       |                                         ^
[build] In file included from C:\Users\pperv\code\unnamed_rpg\vendor\json-schema-validator\src\string-format-check.cpp:1:
[build] In file included from C:\Users\pperv\code\unnamed_rpg\vendor\json-schema-validator\src\nlohmann/json-schema.hpp:24:
[build] In file included from C:\Users\pperv\code\unnamed_rpg\vendor\json\include\nlohmann/json.hpp:44:
[build] In file included from C:\Users\pperv\code\unnamed_rpg\vendor\json\include\nlohmann/adl_serializer.hpp:14:
[build] In file included from C:\Users\pperv\code\unnamed_rpg\vendor\json\include\nlohmann/detail/conversions/from_json.hpp:24:
[build] In file included from C:\Users\pperv\code\unnamed_rpg\vendor\json\include\nlohmann/detail/exceptions.hpp:20:
[build] In file included from C:\Users\pperv\code\unnamed_rpg\vendor\json\include\nlohmann/detail/value_t.hpp:16:
[build] In file included from C:\Users\pperv\code\unnamed_rpg\vendor\json\include\nlohmann/detail/macro_scope.hpp:12:
[build] C:\Users\pperv\code\unnamed_rpg\vendor\json\include\nlohmann/detail/meta/detected.hpp(15,1): warning: empty macro arguments are incompatible with C++98 [-Wc++98-compat-pedantic]
[build]    15 | NLOHMANN_JSON_NAMESPACE_BEGIN
[build]       | ^
[build] C:\Users\pperv\code\unnamed_rpg\vendor\json\include\nlohmann/detail/abi_macros.hpp(102,17): note: expanded from macro 'NLOHMANN_JSON_NAMESPACE_BEGIN'
[build]   102 |                 NLOHMANN_JSON_ABI_TAGS,              \
[build]       |                 ^
[build] C:\Users\pperv\code\unnamed_rpg\vendor\json\include\nlohmann/detail/abi_macros.hpp(65,5): note: expanded from macro 'NLOHMANN_JSON_ABI_TAGS'
[build]    65 |     NLOHMANN_JSON_ABI_TAGS_CONCAT(                                   \
[build]       |     ^
[build] C:\Users\pperv\code\unnamed_rpg\vendor\json\include\nlohmann/detail/abi_macros.hpp(62,39): note: expanded from macro 'NLOHMANN_JSON_ABI_TAGS_CONCAT'
[build]    62 |     NLOHMANN_JSON_ABI_TAGS_CONCAT_EX(a, b, c)
[build]       |                                       ^
[build] In file included from C:\Users\pperv\code\unnamed_rpg\vendor\json-schema-validator\src\string-format-check.cpp:1:
[build] In file included from C:\Users\pperv\code\unnamed_rpg\vendor\json-schema-validator\src\nlohmann/json-schema.hpp:24:
[build] In file included from C:\Users\pperv\code\unnamed_rpg\vendor\json\include\nlohmann/json.hpp:44:
[build] In file included from C:\Users\pperv\code\unnamed_rpg\vendor\json\include\nlohmann/adl_serializer.hpp:14:
[build] In file included from C:\Users\pperv\code\unnamed_rpg\vendor\json\include\nlohmann/detail/conversions/from_json.hpp:24:
[build] In file included from C:\Users\pperv\code\unnamed_rpg\vendor\json\include\nlohmann/detail/exceptions.hpp:20:
[build] In file included from C:\Users\pperv\code\unnamed_rpg\vendor\json\include\nlohmann/detail/value_t.hpp:16:
[build] In file included from C:\Users\pperv\code\unnamed_rpg\vendor\json\include\nlohmann/detail/macro_scope.hpp:12:
[build] C:\Users\pperv\code\unnamed_rpg\vendor\json\include\nlohmann/detail/meta/detected.hpp(15,1): warning: empty macro arguments are incompatible with C++98 [-Wc++98-compat-pedantic]
[build] C:\Users\pperv\code\unnamed_rpg\vendor\json\include\nlohmann/detail/abi_macros.hpp(102,17): note: expanded from macro 'NLOHMANN_JSON_NAMESPACE_BEGIN'
[build]   102 |                 NLOHMANN_JSON_ABI_TAGS,              \
[build]       |                 ^
[build] C:\Users\pperv\code\unnamed_rpg\vendor\json\include\nlohmann/detail/abi_macros.hpp(65,5): note: expanded from macro 'NLOHMANN_JSON_ABI_TAGS'
[build]    65 |     NLOHMANN_JSON_ABI_TAGS_CONCAT(                                   \
[build]       |     ^
[build] C:\Users\pperv\code\unnamed_rpg\vendor\json\include\nlohmann/detail/abi_macros.hpp(62,42): note: expanded from macro 'NLOHMANN_JSON_ABI_TAGS_CONCAT'
[build]    62 |     NLOHMANN_JSON_ABI_TAGS_CONCAT_EX(a, b, c)
[build]       |                                          ^
[build] In file included from C:\Users\pperv\code\unnamed_rpg\vendor\json-schema-validator\src\string-format-check.cpp:1:
[build] In file included from C:\Users\pperv\code\unnamed_rpg\vendor\json-schema-validator\src\nlohmann/json-schema.hpp:24:
[build] In file included from C:\Users\pperv\code\unnamed_rpg\vendor\json\include\nlohmann/json.hpp:44:
[build] In file included from C:\Users\pperv\code\unnamed_rpg\vendor\json\include\nlohmann/adl_serializer.hpp:14:
[build] In file included from C:\Users\pperv\code\unnamed_rpg\vendor\json\include\nlohmann/detail/conversions/from_json.hpp:24:
[build] In file included from C:\Users\pperv\code\unnamed_rpg\vendor\json\include\nlohmann/detail/exceptions.hpp:20:
[build] In file included from C:\Users\pperv\code\unnamed_rpg\vendor\json\include\nlohmann/detail/value_t.hpp:16:
[build] In file included from C:\Users\pperv\code\unnamed_rpg\vendor\json\include\nlohmann/detail/macro_scope.hpp:12:
[build] C:\Users\pperv\code\unnamed_rpg\vendor\json\include\nlohmann/detail/meta/detected.hpp(15,1): warning: empty macro arguments are incompatible with C++98 [-Wc++98-compat-pedantic]
[build] C:\Users\pperv\code\unnamed_rpg\vendor\json\include\nlohmann/detail/abi_macros.hpp(102,17): note: expanded from macro 'NLOHMANN_JSON_NAMESPACE_BEGIN'
[build]   102 |                 NLOHMANN_JSON_ABI_TAGS,              \
[build]       |                 ^
[build] C:\Users\pperv\code\unnamed_rpg\vendor\json\include\nlohmann/detail/abi_macros.hpp(65,5): note: expanded from macro 'NLOHMANN_JSON_ABI_TAGS'
[build]    65 |     NLOHMANN_JSON_ABI_TAGS_CONCAT(                                   \
[build]       |     ^
[build] C:\Users\pperv\code\unnamed_rpg\vendor\json\include\nlohmann/detail/abi_macros.hpp(62,45): note: expanded from macro 'NLOHMANN_JSON_ABI_TAGS_CONCAT'
[build]    62 |     NLOHMANN_JSON_ABI_TAGS_CONCAT_EX(a, b, c)
[build]       |                                             ^
[build] In file included from C:\Users\pperv\code\unnamed_rpg\vendor\json-schema-validator\src\string-format-check.cpp:1:
[build] In file included from C:\Users\pperv\code\unnamed_rpg\vendor\json-schema-validator\src\nlohmann/json-schema.hpp:24:
[build] In file included from C:\Users\pperv\code\unnamed_rpg\vendor\json\include\nlohmann/json.hpp:44:
[build] In file included from C:\Users\pperv\code\unnamed_rpg\vendor\json\include\nlohmann/adl_serializer.hpp:14:
[build] In file included from C:\Users\pperv\code\unnamed_rpg\vendor\json\include\nlohmann/detail/conversions/from_json.hpp:24:
[build] In file included from C:\Users\pperv\code\unnamed_rpg\vendor\json\include\nlohmann/detail/exceptions.hpp:20:
[build] In file included from C:\Users\pperv\code\unnamed_rpg\vendor\json\include\nlohmann/detail/value_t.hpp:16:
[build] In file included from C:\Users\pperv\code\unnamed_rpg\vendor\json\include\nlohmann/detail/macro_scope.hpp:12:
[build] C:\Users\pperv\code\unnamed_rpg\vendor\json\include\nlohmann/detail/meta/detected.hpp(15,1): warning: inline namespaces are incompatible with C++98 [-Wc++98-compat]
[build] C:\Users\pperv\code\unnamed_rpg\vendor\json\include\nlohmann/detail/abi_macros.hpp(101,5): note: expanded from macro 'NLOHMANN_JSON_NAMESPACE_BEGIN'
[build]   101 |     inline namespace NLOHMANN_JSON_NAMESPACE_CONCAT( \
[build]       |     ^
[build] In file included from C:\Users\pperv\code\unnamed_rpg\vendor\json-schema-validator\src\string-format-check.cpp:1:
[build] In file included from C:\Users\pperv\code\unnamed_rpg\vendor\json-schema-validator\src\nlohmann/json-schema.hpp:24:
[build] In file included from C:\Users\pperv\code\unnamed_rpg\vendor\json\include\nlohmann/json.hpp:44:
[build] In file included from C:\Users\pperv\code\unnamed_rpg\vendor\json\include\nlohmann/adl_serializer.hpp:14:
[build] In file included from C:\Users\pperv\code\unnamed_rpg\vendor\json\include\nlohmann/detail/conversions/from_json.hpp:24:
[build] In file included from C:\Users\pperv\code\unnamed_rpg\vendor\json\include\nlohmann/detail/exceptions.hpp:20:
[build] In file included from C:\Users\pperv\code\unnamed_rpg\vendor\json\include\nlohmann/detail/value_t.hpp:16:
[build] In file included from C:\Users\pperv\code\unnamed_rpg\vendor\json\include\nlohmann/detail/macro_scope.hpp:12:
[build] C:\Users\pperv\code\unnamed_rpg\vendor\json\include\nlohmann/detail/meta/detected.hpp(22,18): warning: deleted function definitions are incompatible with C++98 [-Wc++98-compat]
[build]    22 |     nonesuch() = delete;
[build]       |                  ^
[build] C:\Users\pperv\code\unnamed_rpg\vendor\json\include\nlohmann/detail/meta/detected.hpp(23,19): warning: deleted function definitions are incompatible with C++98 [-Wc++98-compat]
[build]    23 |     ~nonesuch() = delete;
[build]       |                   ^
[build] C:\Users\pperv\code\unnamed_rpg\vendor\json\include\nlohmann/detail/meta/detected.hpp(24,33): warning: deleted function definitions are incompatible with C++98 [-Wc++98-compat]
[build]    24 |     nonesuch(nonesuch const&) = delete;
[build]       |                                 ^
[build] C:\Users\pperv\code\unnamed_rpg\vendor\json\include\nlohmann/detail/meta/detected.hpp(25,28): warning: rvalue references are incompatible with C++98 [-Wc++98-compat]
[build]    25 |     nonesuch(nonesuch const&&) = delete;
[build]       |                            ^
[build] C:\Users\pperv\code\unnamed_rpg\vendor\json\include\nlohmann/detail/meta/detected.hpp(25,34): warning: deleted function definitions are incompatible with C++98 [-Wc++98-compat]
[build]    25 |     nonesuch(nonesuch const&&) = delete;
[build]       |                                  ^
[build] C:\Users\pperv\code\unnamed_rpg\vendor\json\include\nlohmann/detail/meta/detected.hpp(26,39): warning: deleted function definitions are incompatible with C++98 [-Wc++98-compat]
[build]    26 |     void operator=(nonesuch const&) = delete;
[build]       |                                       ^
[build] C:\Users\pperv\code\unnamed_rpg\vendor\json\include\nlohmann/detail/meta/detected.hpp(27,28): warning: rvalue references are incompatible with C++98 [-Wc++98-compat]
[build]    27 |     void operator=(nonesuch&&) = delete;
[build]       |                            ^
[build] C:\Users\pperv\code\unnamed_rpg\vendor\json\include\nlohmann/detail/meta/detected.hpp(27,34): warning: deleted function definitions are incompatible with C++98 [-Wc++98-compat]
[build]    27 |     void operator=(nonesuch&&) = delete;
[build]       |                                  ^
[build] C:\Users\pperv\code\unnamed_rpg\vendor\json\include\nlohmann/detail/meta/detected.hpp(32,24): warning: variadic templates are incompatible with C++98 [-Wc++98-compat]
[build]    32 |          template<class...> class Op,
[build]       |                        ^
[build] C:\Users\pperv\code\unnamed_rpg\vendor\json\include\nlohmann/detail/meta/detected.hpp(33,15): warning: variadic templates are incompatible with C++98 [-Wc++98-compat]
[build]    33 |          class... Args>
[build]       |               ^
[build] C:\Users\pperv\code\unnamed_rpg\vendor\json\include\nlohmann/detail/meta/detected.hpp(36,21): warning: alias declarations are incompatible with C++98 [-Wc++98-compat]
[build]    36 |     using value_t = std::false_type;
[build]       |                     ^
[build] C:\Users\pperv\code\unnamed_rpg\vendor\json\include\nlohmann/detail/meta/detected.hpp(37,18): warning: alias declarations are incompatible with C++98 [-Wc++98-compat]
[build]    37 |     using type = Default;
[build]       |                  ^
[build] C:\Users\pperv\code\unnamed_rpg\vendor\json\include\nlohmann/detail/meta/detected.hpp(40,39): warning: variadic templates are incompatible with C++98 [-Wc++98-compat]
[build]    40 | template<class Default, template<class...> class Op, class... Args>
[build]       |                                       ^
[build] C:\Users\pperv\code\unnamed_rpg\vendor\json\include\nlohmann/detail/meta/detected.hpp(40,59): warning: variadic templates are incompatible with C++98 [-Wc++98-compat]
[build]    40 | template<class Default, template<class...> class Op, class... Args>
[build]       |                                                           ^
[build] C:\Users\pperv\code\unnamed_rpg\vendor\json\include\nlohmann/detail/meta/detected.hpp(41,43): warning: consecutive right angle brackets are incompatible with C++98 (use '> >') [-Wc++98-compat]
[build]    41 | struct detector<Default, void_t<Op<Args...>>, Op, Args...>
[build]       |                                           ^~
[build]       |                                           > >
[build] C:\Users\pperv\code\unnamed_rpg\vendor\json\include\nlohmann/detail/meta/detected.hpp(43,21): warning: alias declarations are incompatible with C++98 [-Wc++98-compat]
[build]    43 |     using value_t = std::true_type;
[build]       |                     ^
[build] C:\Users\pperv\code\unnamed_rpg\vendor\json\include\nlohmann/detail/meta/detected.hpp(44,18): warning: alias declarations are incompatible with C++98 [-Wc++98-compat]
[build]    44 |     using type = Op<Args...>;
[build]       |                  ^
[build] C:\Users\pperv\code\unnamed_rpg\vendor\json\include\nlohmann/detail/meta/detected.hpp(47,24): warning: variadic templates are incompatible with C++98 [-Wc++98-compat]
[build]    47 | template<template<class...> class Op, class... Args>
[build]       |                        ^
[build] C:\Users\pperv\code\unnamed_rpg\vendor\json\include\nlohmann/detail/meta/detected.hpp(47,44): warning: variadic templates are incompatible with C++98 [-Wc++98-compat]
[build]    47 | template<template<class...> class Op, class... Args>
[build]       |                                            ^
[build] C:\Users\pperv\code\unnamed_rpg\vendor\json\include\nlohmann/detail/meta/detected.hpp(48,21): warning: alias declarations are incompatible with C++98 [-Wc++98-compat]
[build]    48 | using is_detected = typename detector<nonesuch, void, Op, Args...>::value_t;
[build]       |                     ^
[build] C:\Users\pperv\code\unnamed_rpg\vendor\json\include\nlohmann/detail/meta/detected.hpp(50,24): warning: variadic templates are incompatible with C++98 [-Wc++98-compat]
[build]    50 | template<template<class...> class Op, class... Args>
[build]       |                        ^
[build] C:\Users\pperv\code\unnamed_rpg\vendor\json\include\nlohmann/detail/meta/detected.hpp(50,44): warning: variadic templates are incompatible with C++98 [-Wc++98-compat]
[build]    50 | template<template<class...> class Op, class... Args>
[build]       |                                            ^
[build] C:\Users\pperv\code\unnamed_rpg\vendor\json\include\nlohmann/detail/meta/detected.hpp(53,24): warning: variadic templates are incompatible with C++98 [-Wc++98-compat]
[build]    53 | template<template<class...> class Op, class... Args>
[build]       |                        ^
[build] C:\Users\pperv\code\unnamed_rpg\vendor\json\include\nlohmann/detail/meta/detected.hpp(53,44): warning: variadic templates are incompatible with C++98 [-Wc++98-compat]
[build]    53 | template<template<class...> class Op, class... Args>
[build]       |                                            ^
[build] C:\Users\pperv\code\unnamed_rpg\vendor\json\include\nlohmann/detail/meta/detected.hpp(54,20): warning: alias declarations are incompatible with C++98 [-Wc++98-compat]
[build]    54 | using detected_t = typename detector<nonesuch, void, Op, Args...>::type;
[build]       |                    ^
[build] C:\Users\pperv\code\unnamed_rpg\vendor\json\include\nlohmann/detail/meta/detected.hpp(56,39): warning: variadic templates are incompatible with C++98 [-Wc++98-compat]
[build]    56 | template<class Default, template<class...> class Op, class... Args>
[build]       |                                       ^
[build] C:\Users\pperv\code\unnamed_rpg\vendor\json\include\nlohmann/detail/meta/detected.hpp(56,59): warning: variadic templates are incompatible with C++98 [-Wc++98-compat]
[build]    56 | template<class Default, template<class...> class Op, class... Args>
[build]       |                                                           ^
[build] C:\Users\pperv\code\unnamed_rpg\vendor\json\include\nlohmann/detail/meta/detected.hpp(57,21): warning: alias declarations are incompatible with C++98 [-Wc++98-compat]
[build]    57 | using detected_or = detector<Default, void, Op, Args...>;
[build]       |                     ^
[build] C:\Users\pperv\code\unnamed_rpg\vendor\json\include\nlohmann/detail/meta/detected.hpp(59,39): warning: variadic templates are incompatible with C++98 [-Wc++98-compat]
[build]    59 | template<class Default, template<class...> class Op, class... Args>
[build]       |                                       ^
[build] C:\Users\pperv\code\unnamed_rpg\vendor\json\include\nlohmann/detail/meta/detected.hpp(59,59): warning: variadic templates are incompatible with C++98 [-Wc++98-compat]
[build]    59 | template<class Default, template<class...> class Op, class... Args>
[build]       |                                                           ^
[build] C:\Users\pperv\code\unnamed_rpg\vendor\json\include\nlohmann/detail/meta/detected.hpp(60,23): warning: alias declarations are incompatible with C++98 [-Wc++98-compat]
[build]    60 | using detected_or_t = typename detected_or<Default, Op, Args...>::type;
[build]       |                       ^
[build] C:\Users\pperv\code\unnamed_rpg\vendor\json\include\nlohmann/detail/meta/detected.hpp(62,40): warning: variadic templates are incompatible with C++98 [-Wc++98-compat]
[build]    62 | template<class Expected, template<class...> class Op, class... Args>
[build]       |                                        ^
[build] C:\Users\pperv\code\unnamed_rpg\vendor\json\include\nlohmann/detail/meta/detected.hpp(62,60): warning: variadic templates are incompatible with C++98 [-Wc++98-compat]
[build]    62 | template<class Expected, template<class...> class Op, class... Args>
[build]       |                                                            ^
[build] C:\Users\pperv\code\unnamed_rpg\vendor\json\include\nlohmann/detail/meta/detected.hpp(63,27): warning: alias declarations are incompatible with C++98 [-Wc++98-compat]
[build]    63 | using is_detected_exact = std::is_same<Expected, detected_t<Op, Args...>>;
[build]       |                           ^
[build] C:\Users\pperv\code\unnamed_rpg\vendor\json\include\nlohmann/detail/meta/detected.hpp(63,72): warning: consecutive right angle brackets are incompatible with C++98 (use '> >') [-Wc++98-compat]
[build]    63 | using is_detected_exact = std::is_same<Expected, detected_t<Op, Args...>>;
[build]       |                                                                        ^~
[build]       |                                                                        > >
[build] C:\Users\pperv\code\unnamed_rpg\vendor\json\include\nlohmann/detail/meta/detected.hpp(65,34): warning: variadic templates are incompatible with C++98 [-Wc++98-compat]
[build]    65 | template<class To, template<class...> class Op, class... Args>
[build]       |                                  ^
[build] C:\Users\pperv\code\unnamed_rpg\vendor\json\include\nlohmann/detail/meta/detected.hpp(65,54): warning: variadic templates are incompatible with C++98 [-Wc++98-compat]
[build]    65 | template<class To, template<class...> class Op, class... Args>
[build]       |                                                      ^
[build] C:\Users\pperv\code\unnamed_rpg\vendor\json\include\nlohmann/detail/meta/detected.hpp(67,5): warning: alias declarations are incompatible with C++98 [-Wc++98-compat]
[build]    67 |     std::is_convertible<detected_t<Op, Args...>, To>;
[build]       |     ^
[build] In file included from C:\Users\pperv\code\unnamed_rpg\vendor\json-schema-validator\src\string-format-check.cpp:1:
[build] In file included from C:\Users\pperv\code\unnamed_rpg\vendor\json-schema-validator\src\nlohmann/json-schema.hpp:24:
[build] In file included from C:\Users\pperv\code\unnamed_rpg\vendor\json\include\nlohmann/json.hpp:44:
[build] In file included from C:\Users\pperv\code\unnamed_rpg\vendor\json\include\nlohmann/adl_serializer.hpp:14:
[build] In file included from C:\Users\pperv\code\unnamed_rpg\vendor\json\include\nlohmann/detail/conversions/from_json.hpp:24:
[build] In file included from C:\Users\pperv\code\unnamed_rpg\vendor\json\include\nlohmann/detail/exceptions.hpp:20:
[build] In file included from C:\Users\pperv\code\unnamed_rpg\vendor\json\include\nlohmann/detail/value_t.hpp:16:
[build] C:\Users\pperv\code\unnamed_rpg\vendor\json\include\nlohmann/detail/macro_scope.hpp(248,49): warning: variadic macros are incompatible with C++98 [-Wc++98-compat-pedantic]
[build]   248 | #define NLOHMANN_JSON_SERIALIZE_ENUM(ENUM_TYPE, ...)                                            \
[build]       |                                                 ^
[build] C:\Users\pperv\code\unnamed_rpg\vendor\json\include\nlohmann/detail/macro_scope.hpp(301,56): warning: variadic macros are incompatible with C++98 [-Wc++98-compat-pedantic]
[build]   301 | #define NLOHMANN_JSON_SERIALIZE_ENUM_STRICT(ENUM_TYPE, ...)                                     \
[build]       |                                                        ^
[build] C:\Users\pperv\code\unnamed_rpg\vendor\json\include\nlohmann/detail/macro_scope.hpp(354,349): warning: variadic macros are incompatible with C++98 [-Wc++98-compat-pedantic]
[build]   354 | #define NLOHMANN_JSON_GET_MACRO(_1, _2, _3, _4, _5, _6, _7, _8, _9, _10, _11, _12, _13, _14, _15, _16, _17, _18, _19, _20, _21, _22, _23, _24, _25, _26, _27, _28, _29, _30, _31, _32, _33, _34, _35, _36, _37, _38, _39, _40, _41, _42, _43, _44, _45, _46, _47, _48, _49, _50, _51, _52, _53, _54, _55, _56, _57, _58, _59, _60, _61, _62, _63, _64, NAME,...) NAME
[build]       |                                                                                                                                                                                                                                                                                                                                                             ^
[build] C:\Users\pperv\code\unnamed_rpg\vendor\json\include\nlohmann/detail/macro_scope.hpp(355,29): warning: variadic macros are incompatible with C++98 [-Wc++98-compat-pedantic]
[build]   355 | #define NLOHMANN_JSON_PASTE(...) NLOHMANN_JSON_EXPAND(NLOHMANN_JSON_GET_MACRO(__VA_ARGS__, \
[build]       |                             ^
[build] C:\Users\pperv\code\unnamed_rpg\vendor\json\include\nlohmann/detail/macro_scope.hpp(483,36): warning: variadic macros are incompatible with C++98 [-Wc++98-compat-pedantic]
[build]   483 | #define NLOHMANN_JSON_DOUBLE_PASTE(...) NLOHMANN_JSON_EXPAND(NLOHMANN_JSON_GET_MACRO(__VA_ARGS__, \
[build]       |                                    ^
[build] C:\Users\pperv\code\unnamed_rpg\vendor\json\include\nlohmann/detail/macro_scope.hpp(588,43): warning: variadic macros are incompatible with C++98 [-Wc++98-compat-pedantic]
[build]   588 | #define NLOHMANN_JSON_BASIC_TYPE_TEMPLATE(...) template<typename BasicJsonType, nlohmann::detail::enable_if_t<nlohmann::detail::is_basic_json<BasicJsonType>::value, int> = 0> __VA_ARGS__
[build]       |                                           ^
[build] C:\Users\pperv\code\unnamed_rpg\vendor\json\include\nlohmann/detail/macro_scope.hpp(596,46): warning: variadic macros are incompatible with C++98 [-Wc++98-compat-pedantic]
[build]   596 | #define NLOHMANN_DEFINE_TYPE_INTRUSIVE(Type, ...)  \
[build]       |                                              ^
[build] C:\Users\pperv\code\unnamed_rpg\vendor\json\include\nlohmann/detail/macro_scope.hpp(600,57): warning: variadic macros are incompatible with C++98 [-Wc++98-compat-pedantic]
[build]   600 | #define NLOHMANN_DEFINE_TYPE_INTRUSIVE_WITH_NAMES(Type, ...)  \
[build]       |                                                         ^
[build] C:\Users\pperv\code\unnamed_rpg\vendor\json\include\nlohmann/detail/macro_scope.hpp(610,59): warning: variadic macros are incompatible with C++98 [-Wc++98-compat-pedantic]
[build]   610 | #define NLOHMANN_DEFINE_TYPE_INTRUSIVE_WITH_DEFAULT(Type, ...)  \
[build]       |                                                           ^
[build] C:\Users\pperv\code\unnamed_rpg\vendor\json\include\nlohmann/detail/macro_scope.hpp(614,70): warning: variadic macros are incompatible with C++98 [-Wc++98-compat-pedantic]
[build]   614 | #define NLOHMANN_DEFINE_TYPE_INTRUSIVE_WITH_DEFAULT_WITH_NAMES(Type, ...)  \
[build]       |                                                                      ^
[build] C:\Users\pperv\code\unnamed_rpg\vendor\json\include\nlohmann/detail/macro_scope.hpp(624,61): warning: variadic macros are incompatible with C++98 [-Wc++98-compat-pedantic]
[build]   624 | #define NLOHMANN_DEFINE_TYPE_INTRUSIVE_ONLY_SERIALIZE(Type, ...)  \
[build]       |                                                             ^
[build] C:\Users\pperv\code\unnamed_rpg\vendor\json\include\nlohmann/detail/macro_scope.hpp(627,72): warning: variadic macros are incompatible with C++98 [-Wc++98-compat-pedantic]
[build]   627 | #define NLOHMANN_DEFINE_TYPE_INTRUSIVE_ONLY_SERIALIZE_WITH_NAMES(Type, ...)  \
[build]       |                                                                        ^
[build] C:\Users\pperv\code\unnamed_rpg\vendor\json\include\nlohmann/detail/macro_scope.hpp(636,50): warning: variadic macros are incompatible with C++98 [-Wc++98-compat-pedantic]
[build]   636 | #define NLOHMANN_DEFINE_TYPE_NON_INTRUSIVE(Type, ...)  \
[build]       |                                                  ^
[build] C:\Users\pperv\code\unnamed_rpg\vendor\json\include\nlohmann/detail/macro_scope.hpp(640,61): warning: variadic macros are incompatible with C++98 [-Wc++98-compat-pedantic]
[build]   640 | #define NLOHMANN_DEFINE_TYPE_NON_INTRUSIVE_WITH_NAMES(Type, ...)  \
[build]       |                                                             ^
[build] C:\Users\pperv\code\unnamed_rpg\vendor\json\include\nlohmann/detail/macro_scope.hpp(650,63): warning: variadic macros are incompatible with C++98 [-Wc++98-compat-pedantic]
[build]   650 | #define NLOHMANN_DEFINE_TYPE_NON_INTRUSIVE_WITH_DEFAULT(Type, ...)  \
[build]       |                                                               ^
[build] C:\Users\pperv\code\unnamed_rpg\vendor\json\include\nlohmann/detail/macro_scope.hpp(654,74): warning: variadic macros are incompatible with C++98 [-Wc++98-compat-pedantic]
[build]   654 | #define NLOHMANN_DEFINE_TYPE_NON_INTRUSIVE_WITH_DEFAULT_WITH_NAMES(Type, ...)  \
[build]       |                                                                          ^
[build] C:\Users\pperv\code\unnamed_rpg\vendor\json\include\nlohmann/detail/macro_scope.hpp(664,65): warning: variadic macros are incompatible with C++98 [-Wc++98-compat-pedantic]
[build]   664 | #define NLOHMANN_DEFINE_TYPE_NON_INTRUSIVE_ONLY_SERIALIZE(Type, ...)  \
[build]       |                                                                 ^
[build] C:\Users\pperv\code\unnamed_rpg\vendor\json\include\nlohmann/detail/macro_scope.hpp(667,76): warning: variadic macros are incompatible with C++98 [-Wc++98-compat-pedantic]
[build]   667 | #define NLOHMANN_DEFINE_TYPE_NON_INTRUSIVE_ONLY_SERIALIZE_WITH_NAMES(Type, ...)  \
[build]       |                                                                            ^
[build] C:\Users\pperv\code\unnamed_rpg\vendor\json\include\nlohmann/detail/macro_scope.hpp(676,64): warning: variadic macros are incompatible with C++98 [-Wc++98-compat-pedantic]
[build]   676 | #define NLOHMANN_DEFINE_DERIVED_TYPE_INTRUSIVE(Type, BaseType, ...)  \
[build]       |                                                                ^
[build] C:\Users\pperv\code\unnamed_rpg\vendor\json\include\nlohmann/detail/macro_scope.hpp(680,75): warning: variadic macros are incompatible with C++98 [-Wc++98-compat-pedantic]
[build]   680 | #define NLOHMANN_DEFINE_DERIVED_TYPE_INTRUSIVE_WITH_NAMES(Type, BaseType, ...)  \
[build]       |                                                                           ^
[build] C:\Users\pperv\code\unnamed_rpg\vendor\json\include\nlohmann/detail/macro_scope.hpp(690,77): warning: variadic macros are incompatible with C++98 [-Wc++98-compat-pedantic]
[build]   690 | #define NLOHMANN_DEFINE_DERIVED_TYPE_INTRUSIVE_WITH_DEFAULT(Type, BaseType, ...)  \
[build]       |                                                                             ^
[build] C:\Users\pperv\code\unnamed_rpg\vendor\json\include\nlohmann/detail/macro_scope.hpp(694,88): warning: variadic macros are incompatible with C++98 [-Wc++98-compat-pedantic]
[build]   694 | #define NLOHMANN_DEFINE_DERIVED_TYPE_INTRUSIVE_WITH_DEFAULT_WITH_NAMES(Type, BaseType, ...)  \
[build]       |                                                                                        ^
[build] C:\Users\pperv\code\unnamed_rpg\vendor\json\include\nlohmann/detail/macro_scope.hpp(704,79): warning: variadic macros are incompatible with C++98 [-Wc++98-compat-pedantic]
[build]   704 | #define NLOHMANN_DEFINE_DERIVED_TYPE_INTRUSIVE_ONLY_SERIALIZE(Type, BaseType, ...)  \
[build]       |                                                                               ^
[build] C:\Users\pperv\code\unnamed_rpg\vendor\json\include\nlohmann/detail/macro_scope.hpp(707,90): warning: variadic macros are incompatible with C++98 [-Wc++98-compat-pedantic]
[build]   707 | #define NLOHMANN_DEFINE_DERIVED_TYPE_INTRUSIVE_ONLY_SERIALIZE_WITH_NAMES(Type, BaseType, ...)  \
[build]       |                                                                                          ^
[build] C:\Users\pperv\code\unnamed_rpg\vendor\json\include\nlohmann/detail/macro_scope.hpp(717,68): warning: variadic macros are incompatible with C++98 [-Wc++98-compat-pedantic]
[build]   717 | #define NLOHMANN_DEFINE_DERIVED_TYPE_NON_INTRUSIVE(Type, BaseType, ...)  \
[build]       |                                                                    ^
[build] C:\Users\pperv\code\unnamed_rpg\vendor\json\include\nlohmann/detail/macro_scope.hpp(721,79): warning: variadic macros are incompatible with C++98 [-Wc++98-compat-pedantic]
[build]   721 | #define NLOHMANN_DEFINE_DERIVED_TYPE_NON_INTRUSIVE_WITH_NAMES(Type, BaseType, ...)  \
[build]       |                                                                               ^
[build] C:\Users\pperv\code\unnamed_rpg\vendor\json\include\nlohmann/detail/macro_scope.hpp(731,81): warning: variadic macros are incompatible with C++98 [-Wc++98-compat-pedantic]
[build]   731 | #define NLOHMANN_DEFINE_DERIVED_TYPE_NON_INTRUSIVE_WITH_DEFAULT(Type, BaseType, ...)  \
[build]       |                                                                                 ^
[build] C:\Users\pperv\code\unnamed_rpg\vendor\json\include\nlohmann/detail/macro_scope.hpp(735,92): warning: variadic macros are incompatible with C++98 [-Wc++98-compat-pedantic]
[build]   735 | #define NLOHMANN_DEFINE_DERIVED_TYPE_NON_INTRUSIVE_WITH_DEFAULT_WITH_NAMES(Type, BaseType, ...)  \
[build]       |                                                                                            ^
[build] C:\Users\pperv\code\unnamed_rpg\vendor\json\include\nlohmann/detail/macro_scope.hpp(745,83): warning: variadic macros are incompatible with C++98 [-Wc++98-compat-pedantic]
[build]   745 | #define NLOHMANN_DEFINE_DERIVED_TYPE_NON_INTRUSIVE_ONLY_SERIALIZE(Type, BaseType, ...)  \
[build]       |                                                                                   ^
[build] C:\Users\pperv\code\unnamed_rpg\vendor\json\include\nlohmann/detail/macro_scope.hpp(748,94): warning: variadic macros are incompatible with C++98 [-Wc++98-compat-pedantic]
[build]   748 | #define NLOHMANN_DEFINE_DERIVED_TYPE_NON_INTRUSIVE_ONLY_SERIALIZE_WITH_NAMES(Type, BaseType, ...)  \
[build]       |                                                                                              ^
[build] In file included from C:\Users\pperv\code\unnamed_rpg\vendor\json-schema-validator\src\string-format-check.cpp:1:
[build] In file included from C:\Users\pperv\code\unnamed_rpg\vendor\json-schema-validator\src\nlohmann/json-schema.hpp:24:
[build] In file included from C:\Users\pperv\code\unnamed_rpg\vendor\json\include\nlohmann/json.hpp:44:
[build] In file included from C:\Users\pperv\code\unnamed_rpg\vendor\json\include\nlohmann/adl_serializer.hpp:14:
[build] In file included from C:\Users\pperv\code\unnamed_rpg\vendor\json\include\nlohmann/detail/conversions/from_json.hpp:24:
[build] In file included from C:\Users\pperv\code\unnamed_rpg\vendor\json\include\nlohmann/detail/exceptions.hpp:20:
[build] C:\Users\pperv\code\unnamed_rpg\vendor\json\include\nlohmann/detail/value_t.hpp(21,1): warning: empty macro arguments are incompatible with C++98 [-Wc++98-compat-pedantic]
[build]    21 | NLOHMANN_JSON_NAMESPACE_BEGIN
[build]       | ^
[build] C:\Users\pperv\code\unnamed_rpg\vendor\json\include\nlohmann/detail/abi_macros.hpp(102,17): note: expanded from macro 'NLOHMANN_JSON_NAMESPACE_BEGIN'
[build]   102 |                 NLOHMANN_JSON_ABI_TAGS,              \
[build]       |                 ^
[build] C:\Users\pperv\code\unnamed_rpg\vendor\json\include\nlohmann/detail/abi_macros.hpp(65,5): note: expanded from macro 'NLOHMANN_JSON_ABI_TAGS'
[build]    65 |     NLOHMANN_JSON_ABI_TAGS_CONCAT(                                   \
[build]       |     ^
[build] C:\Users\pperv\code\unnamed_rpg\vendor\json\include\nlohmann/detail/abi_macros.hpp(62,39): note: expanded from macro 'NLOHMANN_JSON_ABI_TAGS_CONCAT'
[build]    62 |     NLOHMANN_JSON_ABI_TAGS_CONCAT_EX(a, b, c)
[build]       |                                       ^
[build] In file included from C:\Users\pperv\code\unnamed_rpg\vendor\json-schema-validator\src\string-format-check.cpp:1:
[build] In file included from C:\Users\pperv\code\unnamed_rpg\vendor\json-schema-validator\src\nlohmann/json-schema.hpp:24:
[build] In file included from C:\Users\pperv\code\unnamed_rpg\vendor\json\include\nlohmann/json.hpp:44:
[build] In file included from C:\Users\pperv\code\unnamed_rpg\vendor\json\include\nlohmann/adl_serializer.hpp:14:
[build] In file included from C:\Users\pperv\code\unnamed_rpg\vendor\json\include\nlohmann/detail/conversions/from_json.hpp:24:
[build] In file included from C:\Users\pperv\code\unnamed_rpg\vendor\json\include\nlohmann/detail/exceptions.hpp:20:
[build] C:\Users\pperv\code\unnamed_rpg\vendor\json\include\nlohmann/detail/value_t.hpp(21,1): warning: empty macro arguments are incompatible with C++98 [-Wc++98-compat-pedantic]
[build] C:\Users\pperv\code\unnamed_rpg\vendor\json\include\nlohmann/detail/abi_macros.hpp(102,17): note: expanded from macro 'NLOHMANN_JSON_NAMESPACE_BEGIN'
[build]   102 |                 NLOHMANN_JSON_ABI_TAGS,              \
[build]       |                 ^
[build] C:\Users\pperv\code\unnamed_rpg\vendor\json\include\nlohmann/detail/abi_macros.hpp(65,5): note: expanded from macro 'NLOHMANN_JSON_ABI_TAGS'
[build]    65 |     NLOHMANN_JSON_ABI_TAGS_CONCAT(                                   \
[build]       |     ^
[build] C:\Users\pperv\code\unnamed_rpg\vendor\json\include\nlohmann/detail/abi_macros.hpp(62,42): note: expanded from macro 'NLOHMANN_JSON_ABI_TAGS_CONCAT'
[build]    62 |     NLOHMANN_JSON_ABI_TAGS_CONCAT_EX(a, b, c)
[build]       |                                          ^
[build] In file included from C:\Users\pperv\code\unnamed_rpg\vendor\json-schema-validator\src\string-format-check.cpp:1:
[build] In file included from C:\Users\pperv\code\unnamed_rpg\vendor\json-schema-validator\src\nlohmann/json-schema.hpp:24:
[build] In file included from C:\Users\pperv\code\unnamed_rpg\vendor\json\include\nlohmann/json.hpp:44:
[build] In file included from C:\Users\pperv\code\unnamed_rpg\vendor\json\include\nlohmann/adl_serializer.hpp:14:
[build] In file included from C:\Users\pperv\code\unnamed_rpg\vendor\json\include\nlohmann/detail/conversions/from_json.hpp:24:
[build] In file included from C:\Users\pperv\code\unnamed_rpg\vendor\json\include\nlohmann/detail/exceptions.hpp:20:
[build] C:\Users\pperv\code\unnamed_rpg\vendor\json\include\nlohmann/detail/value_t.hpp(21,1): warning: empty macro arguments are incompatible with C++98 [-Wc++98-compat-pedantic]
[build] C:\Users\pperv\code\unnamed_rpg\vendor\json\include\nlohmann/detail/abi_macros.hpp(102,17): note: expanded from macro 'NLOHMANN_JSON_NAMESPACE_BEGIN'
[build]   102 |                 NLOHMANN_JSON_ABI_TAGS,              \
[build]       |                 ^
[build] C:\Users\pperv\code\unnamed_rpg\vendor\json\include\nlohmann/detail/abi_macros.hpp(65,5): note: expanded from macro 'NLOHMANN_JSON_ABI_TAGS'
[build]    65 |     NLOHMANN_JSON_ABI_TAGS_CONCAT(                                   \
[build]       |     ^
[build] C:\Users\pperv\code\unnamed_rpg\vendor\json\include\nlohmann/detail/abi_macros.hpp(62,45): note: expanded from macro 'NLOHMANN_JSON_ABI_TAGS_CONCAT'
[build]    62 |     NLOHMANN_JSON_ABI_TAGS_CONCAT_EX(a, b, c)
[build]       |                                             ^
[build] In file included from C:\Users\pperv\code\unnamed_rpg\vendor\json-schema-validator\src\string-format-check.cpp:1:
[build] In file included from C:\Users\pperv\code\unnamed_rpg\vendor\json-schema-validator\src\nlohmann/json-schema.hpp:24:
[build] In file included from C:\Users\pperv\code\unnamed_rpg\vendor\json\include\nlohmann/json.hpp:44:
[build] In file included from C:\Users\pperv\code\unnamed_rpg\vendor\json\include\nlohmann/adl_serializer.hpp:14:
[build] In file included from C:\Users\pperv\code\unnamed_rpg\vendor\json\include\nlohmann/detail/conversions/from_json.hpp:24:
[build] In file included from C:\Users\pperv\code\unnamed_rpg\vendor\json\include\nlohmann/detail/exceptions.hpp:20:
[build] C:\Users\pperv\code\unnamed_rpg\vendor\json\include\nlohmann/detail/value_t.hpp(21,1): warning: inline namespaces are incompatible with C++98 [-Wc++98-compat]
[build] C:\Users\pperv\code\unnamed_rpg\vendor\json\include\nlohmann/detail/abi_macros.hpp(101,5): note: expanded from macro 'NLOHMANN_JSON_NAMESPACE_BEGIN'
[build]   101 |     inline namespace NLOHMANN_JSON_NAMESPACE_CONCAT( \
[build]       |     ^
[build] In file included from C:\Users\pperv\code\unnamed_rpg\vendor\json-schema-validator\src\string-format-check.cpp:1:
[build] In file included from C:\Users\pperv\code\unnamed_rpg\vendor\json-schema-validator\src\nlohmann/json-schema.hpp:24:
[build] In file included from C:\Users\pperv\code\unnamed_rpg\vendor\json\include\nlohmann/json.hpp:44:
[build] In file included from C:\Users\pperv\code\unnamed_rpg\vendor\json\include\nlohmann/adl_serializer.hpp:14:
[build] In file included from C:\Users\pperv\code\unnamed_rpg\vendor\json\include\nlohmann/detail/conversions/from_json.hpp:24:
[build] In file included from C:\Users\pperv\code\unnamed_rpg\vendor\json\include\nlohmann/detail/exceptions.hpp:20:
[build] C:\Users\pperv\code\unnamed_rpg\vendor\json\include\nlohmann/detail/value_t.hpp(53,6): warning: scoped enumerations are incompatible with C++98 [-Wc++98-compat]
[build]    53 | enum class value_t : std::uint8_t
[build]       |      ^
[build] C:\Users\pperv\code\unnamed_rpg\vendor\json\include\nlohmann/detail/value_t.hpp(53,20): warning: enumeration types with a fixed underlying type are incompatible with C++98 [-Wc++98-compat]
[build]    53 | enum class value_t : std::uint8_t
[build]       |                    ^~~~~~~~~~~~~~
[build] C:\Users\pperv\code\unnamed_rpg\vendor\json\include\nlohmann/detail/value_t.hpp(83,65): warning: noexcept specifications are incompatible with C++98 [-Wc++98-compat]
[build]    83 |     inline bool operator<(const value_t lhs, const value_t rhs) noexcept
[build]       |                                                                 ^
[build] C:\Users\pperv\code\unnamed_rpg\vendor\json\include\nlohmann/detail/value_t.hpp(86,12): warning: 'constexpr' specifier is incompatible with C++98 [-Wc++98-compat]
[build]    86 |     static constexpr std::array<std::uint8_t, 9> order = {{
[build]       |            ^
[build] C:\Users\pperv\code\unnamed_rpg\vendor\json\include\nlohmann/detail/value_t.hpp(93,11): warning: 'auto' type specifier is incompatible with C++98 [-Wc++98-compat]
[build]    93 |     const auto l_index = static_cast<std::size_t>(lhs);
[build]       |           ^~~~
[build] C:\Users\pperv\code\unnamed_rpg\vendor\json\include\nlohmann/detail/value_t.hpp(94,11): warning: 'auto' type specifier is incompatible with C++98 [-Wc++98-compat]
[build]    94 |     const auto r_index = static_cast<std::size_t>(rhs);
[build]       |           ^~~~
[build] In file included from C:\Users\pperv\code\unnamed_rpg\vendor\json-schema-validator\src\string-format-check.cpp:1:
[build] In file included from C:\Users\pperv\code\unnamed_rpg\vendor\json-schema-validator\src\nlohmann/json-schema.hpp:24:
[build] In file included from C:\Users\pperv\code\unnamed_rpg\vendor\json\include\nlohmann/json.hpp:44:
[build] In file included from C:\Users\pperv\code\unnamed_rpg\vendor\json\include\nlohmann/adl_serializer.hpp:14:
[build] In file included from C:\Users\pperv\code\unnamed_rpg\vendor\json\include\nlohmann/detail/conversions/from_json.hpp:24:
[build] In file included from C:\Users\pperv\code\unnamed_rpg\vendor\json\include\nlohmann/detail/exceptions.hpp:21:
[build] C:\Users\pperv\code\unnamed_rpg\vendor\json\include\nlohmann/detail/string_escape.hpp(13,1): warning: empty macro arguments are incompatible with C++98 [-Wc++98-compat-pedantic]
[build]    13 | NLOHMANN_JSON_NAMESPACE_BEGIN
[build]       | ^
[build] C:\Users\pperv\code\unnamed_rpg\vendor\json\include\nlohmann/detail/abi_macros.hpp(102,17): note: expanded from macro 'NLOHMANN_JSON_NAMESPACE_BEGIN'
[build]   102 |                 NLOHMANN_JSON_ABI_TAGS,              \
[build]       |                 ^
[build] C:\Users\pperv\code\unnamed_rpg\vendor\json\include\nlohmann/detail/abi_macros.hpp(65,5): note: expanded from macro 'NLOHMANN_JSON_ABI_TAGS'
[build]    65 |     NLOHMANN_JSON_ABI_TAGS_CONCAT(                                   \
[build]       |     ^
[build] C:\Users\pperv\code\unnamed_rpg\vendor\json\include\nlohmann/detail/abi_macros.hpp(62,39): note: expanded from macro 'NLOHMANN_JSON_ABI_TAGS_CONCAT'
[build]    62 |     NLOHMANN_JSON_ABI_TAGS_CONCAT_EX(a, b, c)
[build]       |                                       ^
[build] In file included from C:\Users\pperv\code\unnamed_rpg\vendor\json-schema-validator\src\string-format-check.cpp:1:
[build] In file included from C:\Users\pperv\code\unnamed_rpg\vendor\json-schema-validator\src\nlohmann/json-schema.hpp:24:
[build] In file included from C:\Users\pperv\code\unnamed_rpg\vendor\json\include\nlohmann/json.hpp:44:
[build] In file included from C:\Users\pperv\code\unnamed_rpg\vendor\json\include\nlohmann/adl_serializer.hpp:14:
[build] In file included from C:\Users\pperv\code\unnamed_rpg\vendor\json\include\nlohmann/detail/conversions/from_json.hpp:24:
[build] In file included from C:\Users\pperv\code\unnamed_rpg\vendor\json\include\nlohmann/detail/exceptions.hpp:21:
[build] C:\Users\pperv\code\unnamed_rpg\vendor\json\include\nlohmann/detail/string_escape.hpp(13,1): warning: empty macro arguments are incompatible with C++98 [-Wc++98-compat-pedantic]
[build] C:\Users\pperv\code\unnamed_rpg\vendor\json\include\nlohmann/detail/abi_macros.hpp(102,17): note: expanded from macro 'NLOHMANN_JSON_NAMESPACE_BEGIN'
[build]   102 |                 NLOHMANN_JSON_ABI_TAGS,              \
[build]       |                 ^
[build] C:\Users\pperv\code\unnamed_rpg\vendor\json\include\nlohmann/detail/abi_macros.hpp(65,5): note: expanded from macro 'NLOHMANN_JSON_ABI_TAGS'
[build]    65 |     NLOHMANN_JSON_ABI_TAGS_CONCAT(                                   \
[build]       |     ^
[build] C:\Users\pperv\code\unnamed_rpg\vendor\json\include\nlohmann/detail/abi_macros.hpp(62,42): note: expanded from macro 'NLOHMANN_JSON_ABI_TAGS_CONCAT'
[build]    62 |     NLOHMANN_JSON_ABI_TAGS_CONCAT_EX(a, b, c)
[build]       |                                          ^
[build] In file included from C:\Users\pperv\code\unnamed_rpg\vendor\json-schema-validator\src\string-format-check.cpp:1:
[build] In file included from C:\Users\pperv\code\unnamed_rpg\vendor\json-schema-validator\src\nlohmann/json-schema.hpp:24:
[build] In file included from C:\Users\pperv\code\unnamed_rpg\vendor\json\include\nlohmann/json.hpp:44:
[build] In file included from C:\Users\pperv\code\unnamed_rpg\vendor\json\include\nlohmann/adl_serializer.hpp:14:
[build] In file included from C:\Users\pperv\code\unnamed_rpg\vendor\json\include\nlohmann/detail/conversions/from_json.hpp:24:
[build] In file included from C:\Users\pperv\code\unnamed_rpg\vendor\json\include\nlohmann/detail/exceptions.hpp:21:
[build] C:\Users\pperv\code\unnamed_rpg\vendor\json\include\nlohmann/detail/string_escape.hpp(13,1): warning: empty macro arguments are incompatible with C++98 [-Wc++98-compat-pedantic]
[build] C:\Users\pperv\code\unnamed_rpg\vendor\json\include\nlohmann/detail/abi_macros.hpp(102,17): note: expanded from macro 'NLOHMANN_JSON_NAMESPACE_BEGIN'
[build]   102 |                 NLOHMANN_JSON_ABI_TAGS,              \
[build]       |                 ^
[build] C:\Users\pperv\code\unnamed_rpg\vendor\json\include\nlohmann/detail/abi_macros.hpp(65,5): note: expanded from macro 'NLOHMANN_JSON_ABI_TAGS'
[build]    65 |     NLOHMANN_JSON_ABI_TAGS_CONCAT(                                   \
[build]       |     ^
[build] C:\Users\pperv\code\unnamed_rpg\vendor\json\include\nlohmann/detail/abi_macros.hpp(62,45): note: expanded from macro 'NLOHMANN_JSON_ABI_TAGS_CONCAT'
[build]    62 |     NLOHMANN_JSON_ABI_TAGS_CONCAT_EX(a, b, c)
[build]       |                                             ^
[build] In file included from C:\Users\pperv\code\unnamed_rpg\vendor\json-schema-validator\src\string-format-check.cpp:1:
[build] In file included from C:\Users\pperv\code\unnamed_rpg\vendor\json-schema-validator\src\nlohmann/json-schema.hpp:24:
[build] In file included from C:\Users\pperv\code\unnamed_rpg\vendor\json\include\nlohmann/json.hpp:44:
[build] In file included from C:\Users\pperv\code\unnamed_rpg\vendor\json\include\nlohmann/adl_serializer.hpp:14:
[build] In file included from C:\Users\pperv\code\unnamed_rpg\vendor\json\include\nlohmann/detail/conversions/from_json.hpp:24:
[build] In file included from C:\Users\pperv\code\unnamed_rpg\vendor\json\include\nlohmann/detail/exceptions.hpp:21:
[build] C:\Users\pperv\code\unnamed_rpg\vendor\json\include\nlohmann/detail/string_escape.hpp(13,1): warning: inline namespaces are incompatible with C++98 [-Wc++98-compat]
[build] C:\Users\pperv\code\unnamed_rpg\vendor\json\include\nlohmann/detail/abi_macros.hpp(101,5): note: expanded from macro 'NLOHMANN_JSON_NAMESPACE_BEGIN'
[build]   101 |     inline namespace NLOHMANN_JSON_NAMESPACE_CONCAT( \
[build]       |     ^
[build] In file included from C:\Users\pperv\code\unnamed_rpg\vendor\json-schema-validator\src\string-format-check.cpp:1:
[build] In file included from C:\Users\pperv\code\unnamed_rpg\vendor\json-schema-validator\src\nlohmann/json-schema.hpp:24:
[build] In file included from C:\Users\pperv\code\unnamed_rpg\vendor\json\include\nlohmann/json.hpp:44:
[build] In file included from C:\Users\pperv\code\unnamed_rpg\vendor\json\include\nlohmann/adl_serializer.hpp:14:
[build] In file included from C:\Users\pperv\code\unnamed_rpg\vendor\json\include\nlohmann/detail/conversions/from_json.hpp:24:
[build] In file included from C:\Users\pperv\code\unnamed_rpg\vendor\json\include\nlohmann/detail/exceptions.hpp:22:
[build] C:\Users\pperv\code\unnamed_rpg\vendor\json\include\nlohmann/detail/input/position_t.hpp(15,1): warning: empty macro arguments are incompatible with C++98 [-Wc++98-compat-pedantic]
[build]    15 | NLOHMANN_JSON_NAMESPACE_BEGIN
[build]       | ^
[build] C:\Users\pperv\code\unnamed_rpg\vendor\json\include\nlohmann/detail/abi_macros.hpp(102,17): note: expanded from macro 'NLOHMANN_JSON_NAMESPACE_BEGIN'
[build]   102 |                 NLOHMANN_JSON_ABI_TAGS,              \
[build]       |                 ^
[build] C:\Users\pperv\code\unnamed_rpg\vendor\json\include\nlohmann/detail/abi_macros.hpp(65,5): note: expanded from macro 'NLOHMANN_JSON_ABI_TAGS'
[build]    65 |     NLOHMANN_JSON_ABI_TAGS_CONCAT(                                   \
[build]       |     ^
[build] C:\Users\pperv\code\unnamed_rpg\vendor\json\include\nlohmann/detail/abi_macros.hpp(62,39): note: expanded from macro 'NLOHMANN_JSON_ABI_TAGS_CONCAT'
[build]    62 |     NLOHMANN_JSON_ABI_TAGS_CONCAT_EX(a, b, c)
[build]       |                                       ^
[build] In file included from C:\Users\pperv\code\unnamed_rpg\vendor\json-schema-validator\src\string-format-check.cpp:1:
[build] In file included from C:\Users\pperv\code\unnamed_rpg\vendor\json-schema-validator\src\nlohmann/json-schema.hpp:24:
[build] In file included from C:\Users\pperv\code\unnamed_rpg\vendor\json\include\nlohmann/json.hpp:44:
[build] In file included from C:\Users\pperv\code\unnamed_rpg\vendor\json\include\nlohmann/adl_serializer.hpp:14:
[build] In file included from C:\Users\pperv\code\unnamed_rpg\vendor\json\include\nlohmann/detail/conversions/from_json.hpp:24:
[build] In file included from C:\Users\pperv\code\unnamed_rpg\vendor\json\include\nlohmann/detail/exceptions.hpp:22:
[build] C:\Users\pperv\code\unnamed_rpg\vendor\json\include\nlohmann/detail/input/position_t.hpp(15,1): warning: empty macro arguments are incompatible with C++98 [-Wc++98-compat-pedantic]
[build] C:\Users\pperv\code\unnamed_rpg\vendor\json\include\nlohmann/detail/abi_macros.hpp(102,17): note: expanded from macro 'NLOHMANN_JSON_NAMESPACE_BEGIN'
[build]   102 |                 NLOHMANN_JSON_ABI_TAGS,              \
[build]       |                 ^
[build] C:\Users\pperv\code\unnamed_rpg\vendor\json\include\nlohmann/detail/abi_macros.hpp(65,5): note: expanded from macro 'NLOHMANN_JSON_ABI_TAGS'
[build]    65 |     NLOHMANN_JSON_ABI_TAGS_CONCAT(                                   \
[build]       |     ^
[build] C:\Users\pperv\code\unnamed_rpg\vendor\json\include\nlohmann/detail/abi_macros.hpp(62,42): note: expanded from macro 'NLOHMANN_JSON_ABI_TAGS_CONCAT'
[build]    62 |     NLOHMANN_JSON_ABI_TAGS_CONCAT_EX(a, b, c)
[build]       |                                          ^
[build] In file included from C:\Users\pperv\code\unnamed_rpg\vendor\json-schema-validator\src\string-format-check.cpp:1:
[build] In file included from C:\Users\pperv\code\unnamed_rpg\vendor\json-schema-validator\src\nlohmann/json-schema.hpp:24:
[build] In file included from C:\Users\pperv\code\unnamed_rpg\vendor\json\include\nlohmann/json.hpp:44:
[build] In file included from C:\Users\pperv\code\unnamed_rpg\vendor\json\include\nlohmann/adl_serializer.hpp:14:
[build] In file included from C:\Users\pperv\code\unnamed_rpg\vendor\json\include\nlohmann/detail/conversions/from_json.hpp:24:
[build] In file included from C:\Users\pperv\code\unnamed_rpg\vendor\json\include\nlohmann/detail/exceptions.hpp:22:
[build] C:\Users\pperv\code\unnamed_rpg\vendor\json\include\nlohmann/detail/input/position_t.hpp(15,1): warning: empty macro arguments are incompatible with C++98 [-Wc++98-compat-pedantic]
[build] C:\Users\pperv\code\unnamed_rpg\vendor\json\include\nlohmann/detail/abi_macros.hpp(102,17): note: expanded from macro 'NLOHMANN_JSON_NAMESPACE_BEGIN'
[build]   102 |                 NLOHMANN_JSON_ABI_TAGS,              \
[build]       |                 ^
[build] C:\Users\pperv\code\unnamed_rpg\vendor\json\include\nlohmann/detail/abi_macros.hpp(65,5): note: expanded from macro 'NLOHMANN_JSON_ABI_TAGS'
[build]    65 |     NLOHMANN_JSON_ABI_TAGS_CONCAT(                                   \
[build]       |     ^
[build] C:\Users\pperv\code\unnamed_rpg\vendor\json\include\nlohmann/detail/abi_macros.hpp(62,45): note: expanded from macro 'NLOHMANN_JSON_ABI_TAGS_CONCAT'
[build]    62 |     NLOHMANN_JSON_ABI_TAGS_CONCAT_EX(a, b, c)
[build]       |                                             ^
[build] In file included from C:\Users\pperv\code\unnamed_rpg\vendor\json-schema-validator\src\string-format-check.cpp:1:
[build] In file included from C:\Users\pperv\code\unnamed_rpg\vendor\json-schema-validator\src\nlohmann/json-schema.hpp:24:
[build] In file included from C:\Users\pperv\code\unnamed_rpg\vendor\json\include\nlohmann/json.hpp:44:
[build] In file included from C:\Users\pperv\code\unnamed_rpg\vendor\json\include\nlohmann/adl_serializer.hpp:14:
[build] In file included from C:\Users\pperv\code\unnamed_rpg\vendor\json\include\nlohmann/detail/conversions/from_json.hpp:24:
[build] In file included from C:\Users\pperv\code\unnamed_rpg\vendor\json\include\nlohmann/detail/exceptions.hpp:22:
[build] C:\Users\pperv\code\unnamed_rpg\vendor\json\include\nlohmann/detail/input/position_t.hpp(15,1): warning: inline namespaces are incompatible with C++98 [-Wc++98-compat]
[build] C:\Users\pperv\code\unnamed_rpg\vendor\json\include\nlohmann/detail/abi_macros.hpp(101,5): note: expanded from macro 'NLOHMANN_JSON_NAMESPACE_BEGIN'
[build]   101 |     inline namespace NLOHMANN_JSON_NAMESPACE_CONCAT( \
[build]       |     ^
[build] In file included from C:\Users\pperv\code\unnamed_rpg\vendor\json-schema-validator\src\string-format-check.cpp:1:
[build] In file included from C:\Users\pperv\code\unnamed_rpg\vendor\json-schema-validator\src\nlohmann/json-schema.hpp:24:
[build] In file included from C:\Users\pperv\code\unnamed_rpg\vendor\json\include\nlohmann/json.hpp:44:
[build] In file included from C:\Users\pperv\code\unnamed_rpg\vendor\json\include\nlohmann/adl_serializer.hpp:14:
[build] In file included from C:\Users\pperv\code\unnamed_rpg\vendor\json\include\nlohmann/detail/conversions/from_json.hpp:24:
[build] In file included from C:\Users\pperv\code\unnamed_rpg\vendor\json\include\nlohmann/detail/exceptions.hpp:22:
[build] C:\Users\pperv\code\unnamed_rpg\vendor\json\include\nlohmann/detail/input/position_t.hpp(23,34): warning: default member initializer for non-static data members is incompatible with C++98 [-Wc++98-compat]
[build]    23 |     std::size_t chars_read_total = 0;
[build]       |                                  ^
[build] C:\Users\pperv\code\unnamed_rpg\vendor\json\include\nlohmann/detail/input/position_t.hpp(25,41): warning: default member initializer for non-static data members is incompatible with C++98 [-Wc++98-compat]
[build]    25 |     std::size_t chars_read_current_line = 0;
[build]       |                                         ^
[build] C:\Users\pperv\code\unnamed_rpg\vendor\json\include\nlohmann/detail/input/position_t.hpp(27,28): warning: default member initializer for non-static data members is incompatible with C++98 [-Wc++98-compat]
[build]    27 |     std::size_t lines_read = 0;
[build]       |                            ^
[build] C:\Users\pperv\code\unnamed_rpg\vendor\json\include\nlohmann/detail/input/position_t.hpp(30,5): warning: 'constexpr' specifier is incompatible with C++98 [-Wc++98-compat]
[build]    30 |     constexpr operator size_t() const
[build]       |     ^
[build] In file included from C:\Users\pperv\code\unnamed_rpg\vendor\json-schema-validator\src\string-format-check.cpp:1:
[build] In file included from C:\Users\pperv\code\unnamed_rpg\vendor\json-schema-validator\src\nlohmann/json-schema.hpp:24:
[build] In file included from C:\Users\pperv\code\unnamed_rpg\vendor\json\include\nlohmann/json.hpp:44:
[build] In file included from C:\Users\pperv\code\unnamed_rpg\vendor\json\include\nlohmann/adl_serializer.hpp:14:
[build] In file included from C:\Users\pperv\code\unnamed_rpg\vendor\json\include\nlohmann/detail/conversions/from_json.hpp:24:
[build] In file included from C:\Users\pperv\code\unnamed_rpg\vendor\json\include\nlohmann/detail/exceptions.hpp:24:
[build] C:\Users\pperv\code\unnamed_rpg\vendor\json\include\nlohmann/detail/meta/cpp_future.hpp(19,1): warning: empty macro arguments are incompatible with C++98 [-Wc++98-compat-pedantic]
[build]    19 | NLOHMANN_JSON_NAMESPACE_BEGIN
[build]       | ^
[build] C:\Users\pperv\code\unnamed_rpg\vendor\json\include\nlohmann/detail/abi_macros.hpp(102,17): note: expanded from macro 'NLOHMANN_JSON_NAMESPACE_BEGIN'
[build]   102 |                 NLOHMANN_JSON_ABI_TAGS,              \
[build]       |                 ^
[build] C:\Users\pperv\code\unnamed_rpg\vendor\json\include\nlohmann/detail/abi_macros.hpp(65,5): note: expanded from macro 'NLOHMANN_JSON_ABI_TAGS'
[build]    65 |     NLOHMANN_JSON_ABI_TAGS_CONCAT(                                   \
[build]       |     ^
[build] C:\Users\pperv\code\unnamed_rpg\vendor\json\include\nlohmann/detail/abi_macros.hpp(62,39): note: expanded from macro 'NLOHMANN_JSON_ABI_TAGS_CONCAT'
[build]    62 |     NLOHMANN_JSON_ABI_TAGS_CONCAT_EX(a, b, c)
[build]       |                                       ^
[build] In file included from C:\Users\pperv\code\unnamed_rpg\vendor\json-schema-validator\src\string-format-check.cpp:1:
[build] In file included from C:\Users\pperv\code\unnamed_rpg\vendor\json-schema-validator\src\nlohmann/json-schema.hpp:24:
[build] In file included from C:\Users\pperv\code\unnamed_rpg\vendor\json\include\nlohmann/json.hpp:44:
[build] In file included from C:\Users\pperv\code\unnamed_rpg\vendor\json\include\nlohmann/adl_serializer.hpp:14:
[build] In file included from C:\Users\pperv\code\unnamed_rpg\vendor\json\include\nlohmann/detail/conversions/from_json.hpp:24:
[build] In file included from C:\Users\pperv\code\unnamed_rpg\vendor\json\include\nlohmann/detail/exceptions.hpp:24:
[build] C:\Users\pperv\code\unnamed_rpg\vendor\json\include\nlohmann/detail/meta/cpp_future.hpp(19,1): warning: empty macro arguments are incompatible with C++98 [-Wc++98-compat-pedantic]
[build] C:\Users\pperv\code\unnamed_rpg\vendor\json\include\nlohmann/detail/abi_macros.hpp(102,17): note: expanded from macro 'NLOHMANN_JSON_NAMESPACE_BEGIN'
[build]   102 |                 NLOHMANN_JSON_ABI_TAGS,              \
[build]       |                 ^
[build] C:\Users\pperv\code\unnamed_rpg\vendor\json\include\nlohmann/detail/abi_macros.hpp(65,5): note: expanded from macro 'NLOHMANN_JSON_ABI_TAGS'
[build]    65 |     NLOHMANN_JSON_ABI_TAGS_CONCAT(                                   \
[build]       |     ^
[build] C:\Users\pperv\code\unnamed_rpg\vendor\json\include\nlohmann/detail/abi_macros.hpp(62,42): note: expanded from macro 'NLOHMANN_JSON_ABI_TAGS_CONCAT'
[build]    62 |     NLOHMANN_JSON_ABI_TAGS_CONCAT_EX(a, b, c)
[build]       |                                          ^
[build] In file included from C:\Users\pperv\code\unnamed_rpg\vendor\json-schema-validator\src\string-format-check.cpp:1:
[build] In file included from C:\Users\pperv\code\unnamed_rpg\vendor\json-schema-validator\src\nlohmann/json-schema.hpp:24:
[build] In file included from C:\Users\pperv\code\unnamed_rpg\vendor\json\include\nlohmann/json.hpp:44:
[build] In file included from C:\Users\pperv\code\unnamed_rpg\vendor\json\include\nlohmann/adl_serializer.hpp:14:
[build] In file included from C:\Users\pperv\code\unnamed_rpg\vendor\json\include\nlohmann/detail/conversions/from_json.hpp:24:
[build] In file included from C:\Users\pperv\code\unnamed_rpg\vendor\json\include\nlohmann/detail/exceptions.hpp:24:
[build] C:\Users\pperv\code\unnamed_rpg\vendor\json\include\nlohmann/detail/meta/cpp_future.hpp(19,1): warning: empty macro arguments are incompatible with C++98 [-Wc++98-compat-pedantic]
[build] C:\Users\pperv\code\unnamed_rpg\vendor\json\include\nlohmann/detail/abi_macros.hpp(102,17): note: expanded from macro 'NLOHMANN_JSON_NAMESPACE_BEGIN'
[build]   102 |                 NLOHMANN_JSON_ABI_TAGS,              \
[build]       |                 ^
[build] C:\Users\pperv\code\unnamed_rpg\vendor\json\include\nlohmann/detail/abi_macros.hpp(65,5): note: expanded from macro 'NLOHMANN_JSON_ABI_TAGS'
[build]    65 |     NLOHMANN_JSON_ABI_TAGS_CONCAT(                                   \
[build]       |     ^
[build] C:\Users\pperv\code\unnamed_rpg\vendor\json\include\nlohmann/detail/abi_macros.hpp(62,45): note: expanded from macro 'NLOHMANN_JSON_ABI_TAGS_CONCAT'
[build]    62 |     NLOHMANN_JSON_ABI_TAGS_CONCAT_EX(a, b, c)
[build]       |                                             ^
[build] In file included from C:\Users\pperv\code\unnamed_rpg\vendor\json-schema-validator\src\string-format-check.cpp:1:
[build] In file included from C:\Users\pperv\code\unnamed_rpg\vendor\json-schema-validator\src\nlohmann/json-schema.hpp:24:
[build] In file included from C:\Users\pperv\code\unnamed_rpg\vendor\json\include\nlohmann/json.hpp:44:
[build] In file included from C:\Users\pperv\code\unnamed_rpg\vendor\json\include\nlohmann/adl_serializer.hpp:14:
[build] In file included from C:\Users\pperv\code\unnamed_rpg\vendor\json\include\nlohmann/detail/conversions/from_json.hpp:24:
[build] In file included from C:\Users\pperv\code\unnamed_rpg\vendor\json\include\nlohmann/detail/exceptions.hpp:24:
[build] C:\Users\pperv\code\unnamed_rpg\vendor\json\include\nlohmann/detail/meta/cpp_future.hpp(19,1): warning: inline namespaces are incompatible with C++98 [-Wc++98-compat]
[build] C:\Users\pperv\code\unnamed_rpg\vendor\json\include\nlohmann/detail/abi_macros.hpp(101,5): note: expanded from macro 'NLOHMANN_JSON_NAMESPACE_BEGIN'
[build]   101 |     inline namespace NLOHMANN_JSON_NAMESPACE_CONCAT( \
[build]       |     ^
[build] In file included from C:\Users\pperv\code\unnamed_rpg\vendor\json-schema-validator\src\string-format-check.cpp:1:
[build] In file included from C:\Users\pperv\code\unnamed_rpg\vendor\json-schema-validator\src\nlohmann/json-schema.hpp:24:
[build] In file included from C:\Users\pperv\code\unnamed_rpg\vendor\json\include\nlohmann/json.hpp:44:
[build] In file included from C:\Users\pperv\code\unnamed_rpg\vendor\json\include\nlohmann/adl_serializer.hpp:14:
[build] In file included from C:\Users\pperv\code\unnamed_rpg\vendor\json\include\nlohmann/detail/conversions/from_json.hpp:24:
[build] In file included from C:\Users\pperv\code\unnamed_rpg\vendor\json\include\nlohmann/detail/exceptions.hpp:24:
[build] C:\Users\pperv\code\unnamed_rpg\vendor\json\include\nlohmann/detail/meta/cpp_future.hpp(24,19): warning: alias declarations are incompatible with C++98 [-Wc++98-compat]
[build]    24 | using uncvref_t = typename std::remove_cv<typename std::remove_reference<T>::type>::type;
[build]       |                   ^
[build] C:\Users\pperv\code\unnamed_rpg\vendor\json\include\nlohmann/detail/meta/cpp_future.hpp(156,33): warning: 'constexpr' specifier is incompatible with C++98 [-Wc++98-compat]
[build]   156 |     static JSON_INLINE_VARIABLE constexpr T value{};
[build]       |                                 ^
[build] C:\Users\pperv\code\unnamed_rpg\vendor\json\include\nlohmann/detail/meta/cpp_future.hpp(161,5): warning: 'constexpr' specifier is incompatible with C++98 [-Wc++98-compat]
[build]   161 |     constexpr T static_const<T>::value;
[build]       |     ^
[build] C:\Users\pperv\code\unnamed_rpg\vendor\json\include\nlohmann/detail/meta/cpp_future.hpp(161,34): warning: out-of-line definition of constexpr static data member is redundant in C++17 and is deprecated [-Wdeprecated-redundant-constexpr-static-def]
[build]   161 |     constexpr T static_const<T>::value;
[build]       |                                  ^
[build] C:\Users\pperv\code\unnamed_rpg\vendor\json\include\nlohmann/detail/meta/cpp_future.hpp(164,30): warning: variadic templates are incompatible with C++98 [-Wc++98-compat]
[build]   164 | template<typename T, typename... Args>
[build]       |                              ^
[build] C:\Users\pperv\code\unnamed_rpg\vendor\json\include\nlohmann/detail/meta/cpp_future.hpp(165,1): warning: 'constexpr' specifier is incompatible with C++98 [-Wc++98-compat]
[build]   165 | constexpr std::array<T, sizeof...(Args)> make_array(Args&& ... args)
[build]       | ^
[build] C:\Users\pperv\code\unnamed_rpg\vendor\json\include\nlohmann/detail/meta/cpp_future.hpp(165,57): warning: rvalue references are incompatible with C++98 [-Wc++98-compat]
[build]   165 | constexpr std::array<T, sizeof...(Args)> make_array(Args&& ... args)
[build]       |                                                         ^
[build] C:\Users\pperv\code\unnamed_rpg\vendor\json\include\nlohmann/detail/meta/cpp_future.hpp(167,43): warning: generalized initializer lists are incompatible with C++98 [-Wc++98-compat]
[build]   167 |     return std::array<T, sizeof...(Args)> {{static_cast<T>(std::forward<Args>(args))...}};
[build]       |                                           ^
[build] In file included from C:\Users\pperv\code\unnamed_rpg\vendor\json-schema-validator\src\string-format-check.cpp:1:
[build] In file included from C:\Users\pperv\code\unnamed_rpg\vendor\json-schema-validator\src\nlohmann/json-schema.hpp:24:
[build] In file included from C:\Users\pperv\code\unnamed_rpg\vendor\json\include\nlohmann/json.hpp:44:
[build] In file included from C:\Users\pperv\code\unnamed_rpg\vendor\json\include\nlohmann/adl_serializer.hpp:14:
[build] In file included from C:\Users\pperv\code\unnamed_rpg\vendor\json\include\nlohmann/detail/conversions/from_json.hpp:24:
[build] In file included from C:\Users\pperv\code\unnamed_rpg\vendor\json\include\nlohmann/detail/exceptions.hpp:25:
[build] In file included from C:\Users\pperv\code\unnamed_rpg\vendor\json\include\nlohmann/detail/meta/type_traits.hpp:20:
[build] C:\Users\pperv\code\unnamed_rpg\vendor\json\include\nlohmann/detail/iterators/iterator_traits.hpp(17,1): warning: empty macro arguments are incompatible with C++98 [-Wc++98-compat-pedantic]
[build]    17 | NLOHMANN_JSON_NAMESPACE_BEGIN
[build]       | ^
[build] C:\Users\pperv\code\unnamed_rpg\vendor\json\include\nlohmann/detail/abi_macros.hpp(102,17): note: expanded from macro 'NLOHMANN_JSON_NAMESPACE_BEGIN'
[build]   102 |                 NLOHMANN_JSON_ABI_TAGS,              \
[build]       |                 ^
[build] C:\Users\pperv\code\unnamed_rpg\vendor\json\include\nlohmann/detail/abi_macros.hpp(65,5): note: expanded from macro 'NLOHMANN_JSON_ABI_TAGS'
[build]    65 |     NLOHMANN_JSON_ABI_TAGS_CONCAT(                                   \
[build]       |     ^
[build] C:\Users\pperv\code\unnamed_rpg\vendor\json\include\nlohmann/detail/abi_macros.hpp(62,39): note: expanded from macro 'NLOHMANN_JSON_ABI_TAGS_CONCAT'
[build]    62 |     NLOHMANN_JSON_ABI_TAGS_CONCAT_EX(a, b, c)
[build]       |                                       ^
[build] In file included from C:\Users\pperv\code\unnamed_rpg\vendor\json-schema-validator\src\string-format-check.cpp:1:
[build] In file included from C:\Users\pperv\code\unnamed_rpg\vendor\json-schema-validator\src\nlohmann/json-schema.hpp:24:
[build] In file included from C:\Users\pperv\code\unnamed_rpg\vendor\json\include\nlohmann/json.hpp:44:
[build] In file included from C:\Users\pperv\code\unnamed_rpg\vendor\json\include\nlohmann/adl_serializer.hpp:14:
[build] In file included from C:\Users\pperv\code\unnamed_rpg\vendor\json\include\nlohmann/detail/conversions/from_json.hpp:24:
[build] In file included from C:\Users\pperv\code\unnamed_rpg\vendor\json\include\nlohmann/detail/exceptions.hpp:25:
[build] In file included from C:\Users\pperv\code\unnamed_rpg\vendor\json\include\nlohmann/detail/meta/type_traits.hpp:20:
[build] C:\Users\pperv\code\unnamed_rpg\vendor\json\include\nlohmann/detail/iterators/iterator_traits.hpp(17,1): warning: empty macro arguments are incompatible with C++98 [-Wc++98-compat-pedantic]
[build] C:\Users\pperv\code\unnamed_rpg\vendor\json\include\nlohmann/detail/abi_macros.hpp(102,17): note: expanded from macro 'NLOHMANN_JSON_NAMESPACE_BEGIN'
[build]   102 |                 NLOHMANN_JSON_ABI_TAGS,              \
[build]       |                 ^
[build] C:\Users\pperv\code\unnamed_rpg\vendor\json\include\nlohmann/detail/abi_macros.hpp(65,5): note: expanded from macro 'NLOHMANN_JSON_ABI_TAGS'
[build]    65 |     NLOHMANN_JSON_ABI_TAGS_CONCAT(                                   \
[build]       |     ^
[build] C:\Users\pperv\code\unnamed_rpg\vendor\json\include\nlohmann/detail/abi_macros.hpp(62,42): note: expanded from macro 'NLOHMANN_JSON_ABI_TAGS_CONCAT'
[build]    62 |     NLOHMANN_JSON_ABI_TAGS_CONCAT_EX(a, b, c)
[build]       |                                          ^
[build] In file included from C:\Users\pperv\code\unnamed_rpg\vendor\json-schema-validator\src\string-format-check.cpp:1:
[build] In file included from C:\Users\pperv\code\unnamed_rpg\vendor\json-schema-validator\src\nlohmann/json-schema.hpp:24:
[build] In file included from C:\Users\pperv\code\unnamed_rpg\vendor\json\include\nlohmann/json.hpp:44:
[build] In file included from C:\Users\pperv\code\unnamed_rpg\vendor\json\include\nlohmann/adl_serializer.hpp:14:
[build] In file included from C:\Users\pperv\code\unnamed_rpg\vendor\json\include\nlohmann/detail/conversions/from_json.hpp:24:
[build] In file included from C:\Users\pperv\code\unnamed_rpg\vendor\json\include\nlohmann/detail/exceptions.hpp:25:
[build] In file included from C:\Users\pperv\code\unnamed_rpg\vendor\json\include\nlohmann/detail/meta/type_traits.hpp:20:
[build] C:\Users\pperv\code\unnamed_rpg\vendor\json\include\nlohmann/detail/iterators/iterator_traits.hpp(17,1): warning: empty macro arguments are incompatible with C++98 [-Wc++98-compat-pedantic]
[build] C:\Users\pperv\code\unnamed_rpg\vendor\json\include\nlohmann/detail/abi_macros.hpp(102,17): note: expanded from macro 'NLOHMANN_JSON_NAMESPACE_BEGIN'
[build]   102 |                 NLOHMANN_JSON_ABI_TAGS,              \
[build]       |                 ^
[build] C:\Users\pperv\code\unnamed_rpg\vendor\json\include\nlohmann/detail/abi_macros.hpp(65,5): note: expanded from macro 'NLOHMANN_JSON_ABI_TAGS'
[build]    65 |     NLOHMANN_JSON_ABI_TAGS_CONCAT(                                   \
[build]       |     ^
[build] C:\Users\pperv\code\unnamed_rpg\vendor\json\include\nlohmann/detail/abi_macros.hpp(62,45): note: expanded from macro 'NLOHMANN_JSON_ABI_TAGS_CONCAT'
[build]    62 |     NLOHMANN_JSON_ABI_TAGS_CONCAT_EX(a, b, c)
[build]       |                                             ^
[build] In file included from C:\Users\pperv\code\unnamed_rpg\vendor\json-schema-validator\src\string-format-check.cpp:1:
[build] In file included from C:\Users\pperv\code\unnamed_rpg\vendor\json-schema-validator\src\nlohmann/json-schema.hpp:24:
[build] In file included from C:\Users\pperv\code\unnamed_rpg\vendor\json\include\nlohmann/json.hpp:44:
[build] In file included from C:\Users\pperv\code\unnamed_rpg\vendor\json\include\nlohmann/adl_serializer.hpp:14:
[build] In file included from C:\Users\pperv\code\unnamed_rpg\vendor\json\include\nlohmann/detail/conversions/from_json.hpp:24:
[build] In file included from C:\Users\pperv\code\unnamed_rpg\vendor\json\include\nlohmann/detail/exceptions.hpp:25:
[build] In file included from C:\Users\pperv\code\unnamed_rpg\vendor\json\include\nlohmann/detail/meta/type_traits.hpp:20:
[build] C:\Users\pperv\code\unnamed_rpg\vendor\json\include\nlohmann/detail/iterators/iterator_traits.hpp(17,1): warning: inline namespaces are incompatible with C++98 [-Wc++98-compat]
[build] C:\Users\pperv\code\unnamed_rpg\vendor\json\include\nlohmann/detail/abi_macros.hpp(101,5): note: expanded from macro 'NLOHMANN_JSON_NAMESPACE_BEGIN'
[build]   101 |     inline namespace NLOHMANN_JSON_NAMESPACE_CONCAT( \
[build]       |     ^
[build] In file included from C:\Users\pperv\code\unnamed_rpg\vendor\json-schema-validator\src\string-format-check.cpp:1:
[build] In file included from C:\Users\pperv\code\unnamed_rpg\vendor\json-schema-validator\src\nlohmann/json-schema.hpp:24:
[build] In file included from C:\Users\pperv\code\unnamed_rpg\vendor\json\include\nlohmann/json.hpp:44:
[build] In file included from C:\Users\pperv\code\unnamed_rpg\vendor\json\include\nlohmann/adl_serializer.hpp:14:
[build] In file included from C:\Users\pperv\code\unnamed_rpg\vendor\json\include\nlohmann/detail/conversions/from_json.hpp:24:
[build] In file included from C:\Users\pperv\code\unnamed_rpg\vendor\json\include\nlohmann/detail/exceptions.hpp:25:
[build] In file included from C:\Users\pperv\code\unnamed_rpg\vendor\json\include\nlohmann/detail/meta/type_traits.hpp:20:
[build] C:\Users\pperv\code\unnamed_rpg\vendor\json\include\nlohmann/detail/iterators/iterator_traits.hpp(28,60): warning: consecutive right angle brackets are incompatible with C++98 (use '> >') [-Wc++98-compat]
[build]    28 |     typename It::reference, typename It::iterator_category >>
[build]       |                                                            ^~
[build]       |                                                            > >
[build] C:\Users\pperv\code\unnamed_rpg\vendor\json\include\nlohmann/detail/iterators/iterator_traits.hpp(30,29): warning: alias declarations are incompatible with C++98 [-Wc++98-compat]
[build]    30 |     using difference_type = typename It::difference_type;
[build]       |                             ^
[build] C:\Users\pperv\code\unnamed_rpg\vendor\json\include\nlohmann/detail/iterators/iterator_traits.hpp(31,24): warning: alias declarations are incompatible with C++98 [-Wc++98-compat]
[build]    31 |     using value_type = typename It::value_type;
[build]       |                        ^
[build] C:\Users\pperv\code\unnamed_rpg\vendor\json\include\nlohmann/detail/iterators/iterator_traits.hpp(32,21): warning: alias declarations are incompatible with C++98 [-Wc++98-compat]
[build]    32 |     using pointer = typename It::pointer;
[build]       |                     ^
[build] C:\Users\pperv\code\unnamed_rpg\vendor\json\include\nlohmann/detail/iterators/iterator_traits.hpp(33,23): warning: alias declarations are incompatible with C++98 [-Wc++98-compat]
[build]    33 |     using reference = typename It::reference;
[build]       |                       ^
[build] C:\Users\pperv\code\unnamed_rpg\vendor\json\include\nlohmann/detail/iterators/iterator_traits.hpp(34,31): warning: alias declarations are incompatible with C++98 [-Wc++98-compat]
[build]    34 |     using iterator_category = typename It::iterator_category;
[build]       |                               ^
[build] C:\Users\pperv\code\unnamed_rpg\vendor\json\include\nlohmann/detail/iterators/iterator_traits.hpp(45,70): warning: consecutive right angle brackets are incompatible with C++98 (use '> >') [-Wc++98-compat]
[build]    45 | struct iterator_traits < T, enable_if_t < !std::is_pointer<T>::value >>
[build]       |                                                                      ^~
[build]       |                                                                      > >
[build] C:\Users\pperv\code\unnamed_rpg\vendor\json\include\nlohmann/detail/iterators/iterator_traits.hpp(51,64): warning: consecutive right angle brackets are incompatible with C++98 (use '> >') [-Wc++98-compat]
[build]    51 | struct iterator_traits<T*, enable_if_t<std::is_object<T>::value>>
[build]       |                                                                ^~
[build]       |                                                                > >
[build] C:\Users\pperv\code\unnamed_rpg\vendor\json\include\nlohmann/detail/iterators/iterator_traits.hpp(53,31): warning: alias declarations are incompatible with C++98 [-Wc++98-compat]
[build]    53 |     using iterator_category = std::random_access_iterator_tag;
[build]       |                               ^
[build] C:\Users\pperv\code\unnamed_rpg\vendor\json\include\nlohmann/detail/iterators/iterator_traits.hpp(54,24): warning: alias declarations are incompatible with C++98 [-Wc++98-compat]
[build]    54 |     using value_type = T;
[build]       |                        ^
[build] C:\Users\pperv\code\unnamed_rpg\vendor\json\include\nlohmann/detail/iterators/iterator_traits.hpp(55,29): warning: alias declarations are incompatible with C++98 [-Wc++98-compat]
[build]    55 |     using difference_type = ptrdiff_t;
[build]       |                             ^
[build] C:\Users\pperv\code\unnamed_rpg\vendor\json\include\nlohmann/detail/iterators/iterator_traits.hpp(56,21): warning: alias declarations are incompatible with C++98 [-Wc++98-compat]
[build]    56 |     using pointer = T*;
[build]       |                     ^
[build] C:\Users\pperv\code\unnamed_rpg\vendor\json\include\nlohmann/detail/iterators/iterator_traits.hpp(57,23): warning: alias declarations are incompatible with C++98 [-Wc++98-compat]
[build]    57 |     using reference = T&;
[build]       |                       ^
[build] In file included from C:\Users\pperv\code\unnamed_rpg\vendor\json-schema-validator\src\string-format-check.cpp:1:
[build] In file included from C:\Users\pperv\code\unnamed_rpg\vendor\json-schema-validator\src\nlohmann/json-schema.hpp:24:
[build] In file included from C:\Users\pperv\code\unnamed_rpg\vendor\json\include\nlohmann/json.hpp:44:
[build] In file included from C:\Users\pperv\code\unnamed_rpg\vendor\json\include\nlohmann/adl_serializer.hpp:14:
[build] In file included from C:\Users\pperv\code\unnamed_rpg\vendor\json\include\nlohmann/detail/conversions/from_json.hpp:24:
[build] In file included from C:\Users\pperv\code\unnamed_rpg\vendor\json\include\nlohmann/detail/exceptions.hpp:25:
[build] In file included from C:\Users\pperv\code\unnamed_rpg\vendor\json\include\nlohmann/detail/meta/type_traits.hpp:25:
[build] C:\Users\pperv\code\unnamed_rpg\vendor\json\include\nlohmann/detail/meta/call_std/begin.hpp(13,1): warning: empty macro arguments are incompatible with C++98 [-Wc++98-compat-pedantic]
[build]    13 | NLOHMANN_JSON_NAMESPACE_BEGIN
[build]       | ^
[build] C:\Users\pperv\code\unnamed_rpg\vendor\json\include\nlohmann/detail/abi_macros.hpp(102,17): note: expanded from macro 'NLOHMANN_JSON_NAMESPACE_BEGIN'
[build]   102 |                 NLOHMANN_JSON_ABI_TAGS,              \
[build]       |                 ^
[build] C:\Users\pperv\code\unnamed_rpg\vendor\json\include\nlohmann/detail/abi_macros.hpp(65,5): note: expanded from macro 'NLOHMANN_JSON_ABI_TAGS'
[build]    65 |     NLOHMANN_JSON_ABI_TAGS_CONCAT(                                   \
[build]       |     ^
[build] C:\Users\pperv\code\unnamed_rpg\vendor\json\include\nlohmann/detail/abi_macros.hpp(62,39): note: expanded from macro 'NLOHMANN_JSON_ABI_TAGS_CONCAT'
[build]    62 |     NLOHMANN_JSON_ABI_TAGS_CONCAT_EX(a, b, c)
[build]       |                                       ^
[build] In file included from C:\Users\pperv\code\unnamed_rpg\vendor\json-schema-validator\src\string-format-check.cpp:1:
[build] In file included from C:\Users\pperv\code\unnamed_rpg\vendor\json-schema-validator\src\nlohmann/json-schema.hpp:24:
[build] In file included from C:\Users\pperv\code\unnamed_rpg\vendor\json\include\nlohmann/json.hpp:44:
[build] In file included from C:\Users\pperv\code\unnamed_rpg\vendor\json\include\nlohmann/adl_serializer.hpp:14:
[build] In file included from C:\Users\pperv\code\unnamed_rpg\vendor\json\include\nlohmann/detail/conversions/from_json.hpp:24:
[build] In file included from C:\Users\pperv\code\unnamed_rpg\vendor\json\include\nlohmann/detail/exceptions.hpp:25:
[build] In file included from C:\Users\pperv\code\unnamed_rpg\vendor\json\include\nlohmann/detail/meta/type_traits.hpp:25:
[build] C:\Users\pperv\code\unnamed_rpg\vendor\json\include\nlohmann/detail/meta/call_std/begin.hpp(13,1): warning: empty macro arguments are incompatible with C++98 [-Wc++98-compat-pedantic]
[build] C:\Users\pperv\code\unnamed_rpg\vendor\json\include\nlohmann/detail/abi_macros.hpp(102,17): note: expanded from macro 'NLOHMANN_JSON_NAMESPACE_BEGIN'
[build]   102 |                 NLOHMANN_JSON_ABI_TAGS,              \
[build]       |                 ^
[build] C:\Users\pperv\code\unnamed_rpg\vendor\json\include\nlohmann/detail/abi_macros.hpp(65,5): note: expanded from macro 'NLOHMANN_JSON_ABI_TAGS'
[build]    65 |     NLOHMANN_JSON_ABI_TAGS_CONCAT(                                   \
[build]       |     ^
[build] C:\Users\pperv\code\unnamed_rpg\vendor\json\include\nlohmann/detail/abi_macros.hpp(62,42): note: expanded from macro 'NLOHMANN_JSON_ABI_TAGS_CONCAT'
[build]    62 |     NLOHMANN_JSON_ABI_TAGS_CONCAT_EX(a, b, c)
[build]       |                                          ^
[build] In file included from C:\Users\pperv\code\unnamed_rpg\vendor\json-schema-validator\src\string-format-check.cpp:1:
[build] In file included from C:\Users\pperv\code\unnamed_rpg\vendor\json-schema-validator\src\nlohmann/json-schema.hpp:24:
[build] In file included from C:\Users\pperv\code\unnamed_rpg\vendor\json\include\nlohmann/json.hpp:44:
[build] In file included from C:\Users\pperv\code\unnamed_rpg\vendor\json\include\nlohmann/adl_serializer.hpp:14:
[build] In file included from C:\Users\pperv\code\unnamed_rpg\vendor\json\include\nlohmann/detail/conversions/from_json.hpp:24:
[build] In file included from C:\Users\pperv\code\unnamed_rpg\vendor\json\include\nlohmann/detail/exceptions.hpp:25:
[build] In file included from C:\Users\pperv\code\unnamed_rpg\vendor\json\include\nlohmann/detail/meta/type_traits.hpp:25:
[build] C:\Users\pperv\code\unnamed_rpg\vendor\json\include\nlohmann/detail/meta/call_std/begin.hpp(13,1): warning: empty macro arguments are incompatible with C++98 [-Wc++98-compat-pedantic]
[build] C:\Users\pperv\code\unnamed_rpg\vendor\json\include\nlohmann/detail/abi_macros.hpp(102,17): note: expanded from macro 'NLOHMANN_JSON_NAMESPACE_BEGIN'
[build]   102 |                 NLOHMANN_JSON_ABI_TAGS,              \
[build]       |                 ^
[build] C:\Users\pperv\code\unnamed_rpg\vendor\json\include\nlohmann/detail/abi_macros.hpp(65,5): note: expanded from macro 'NLOHMANN_JSON_ABI_TAGS'
[build]    65 |     NLOHMANN_JSON_ABI_TAGS_CONCAT(                                   \
[build]       |     ^
[build] C:\Users\pperv\code\unnamed_rpg\vendor\json\include\nlohmann/detail/abi_macros.hpp(62,45): note: expanded from macro 'NLOHMANN_JSON_ABI_TAGS_CONCAT'
[build]    62 |     NLOHMANN_JSON_ABI_TAGS_CONCAT_EX(a, b, c)
[build]       |                                             ^
[build] In file included from C:\Users\pperv\code\unnamed_rpg\vendor\json-schema-validator\src\string-format-check.cpp:1:
[build] In file included from C:\Users\pperv\code\unnamed_rpg\vendor\json-schema-validator\src\nlohmann/json-schema.hpp:24:
[build] In file included from C:\Users\pperv\code\unnamed_rpg\vendor\json\include\nlohmann/json.hpp:44:
[build] In file included from C:\Users\pperv\code\unnamed_rpg\vendor\json\include\nlohmann/adl_serializer.hpp:14:
[build] In file included from C:\Users\pperv\code\unnamed_rpg\vendor\json\include\nlohmann/detail/conversions/from_json.hpp:24:
[build] In file included from C:\Users\pperv\code\unnamed_rpg\vendor\json\include\nlohmann/detail/exceptions.hpp:25:
[build] In file included from C:\Users\pperv\code\unnamed_rpg\vendor\json\include\nlohmann/detail/meta/type_traits.hpp:25:
[build] C:\Users\pperv\code\unnamed_rpg\vendor\json\include\nlohmann/detail/meta/call_std/begin.hpp(13,1): warning: inline namespaces are incompatible with C++98 [-Wc++98-compat]
[build] C:\Users\pperv\code\unnamed_rpg\vendor\json\include\nlohmann/detail/abi_macros.hpp(101,5): note: expanded from macro 'NLOHMANN_JSON_NAMESPACE_BEGIN'
[build]   101 |     inline namespace NLOHMANN_JSON_NAMESPACE_CONCAT( \
[build]       |     ^
[build] In file included from C:\Users\pperv\code\unnamed_rpg\vendor\json-schema-validator\src\string-format-check.cpp:1:
[build] In file included from C:\Users\pperv\code\unnamed_rpg\vendor\json-schema-validator\src\nlohmann/json-schema.hpp:24:
[build] In file included from C:\Users\pperv\code\unnamed_rpg\vendor\json\include\nlohmann/json.hpp:44:
[build] In file included from C:\Users\pperv\code\unnamed_rpg\vendor\json\include\nlohmann/adl_serializer.hpp:14:
[build] In file included from C:\Users\pperv\code\unnamed_rpg\vendor\json\include\nlohmann/detail/conversions/from_json.hpp:24:
[build] In file included from C:\Users\pperv\code\unnamed_rpg\vendor\json\include\nlohmann/detail/exceptions.hpp:25:
[build] In file included from C:\Users\pperv\code\unnamed_rpg\vendor\json\include\nlohmann/detail/meta/type_traits.hpp:25:
[build] C:\Users\pperv\code\unnamed_rpg\vendor\json\include\nlohmann/detail/meta/call_std/begin.hpp(15,1): warning: variadic templates are incompatible with C++98 [-Wc++98-compat]
[build]    15 | NLOHMANN_CAN_CALL_STD_FUNC_IMPL(begin);
[build]       | ^
[build] C:\Users\pperv\code\unnamed_rpg\vendor\json\include\nlohmann/detail/macro_scope.hpp(761,22): note: expanded from macro 'NLOHMANN_CAN_CALL_STD_FUNC_IMPL'
[build]   761 |     template<typename... T>                                                       \
[build]       |                      ^
[build] In file included from C:\Users\pperv\code\unnamed_rpg\vendor\json-schema-validator\src\string-format-check.cpp:1:
[build] In file included from C:\Users\pperv\code\unnamed_rpg\vendor\json-schema-validator\src\nlohmann/json-schema.hpp:24:
[build] In file included from C:\Users\pperv\code\unnamed_rpg\vendor\json\include\nlohmann/json.hpp:44:
[build] In file included from C:\Users\pperv\code\unnamed_rpg\vendor\json\include\nlohmann/adl_serializer.hpp:14:
[build] In file included from C:\Users\pperv\code\unnamed_rpg\vendor\json\include\nlohmann/detail/conversions/from_json.hpp:24:
[build] In file included from C:\Users\pperv\code\unnamed_rpg\vendor\json\include\nlohmann/detail/exceptions.hpp:25:
[build] In file included from C:\Users\pperv\code\unnamed_rpg\vendor\json\include\nlohmann/detail/meta/type_traits.hpp:25:
[build] C:\Users\pperv\code\unnamed_rpg\vendor\json\include\nlohmann/detail/meta/call_std/begin.hpp(15,1): warning: alias declarations are incompatible with C++98 [-Wc++98-compat]
[build] C:\Users\pperv\code\unnamed_rpg\vendor\json\include\nlohmann/detail/macro_scope.hpp(762,34): note: expanded from macro 'NLOHMANN_CAN_CALL_STD_FUNC_IMPL'
[build]   762 |     using result_of_##std_name = decltype(std_name(std::declval<T>()...));        \
[build]       |                                  ^
[build] In file included from C:\Users\pperv\code\unnamed_rpg\vendor\json-schema-validator\src\string-format-check.cpp:1:
[build] In file included from C:\Users\pperv\code\unnamed_rpg\vendor\json-schema-validator\src\nlohmann/json-schema.hpp:24:
[build] In file included from C:\Users\pperv\code\unnamed_rpg\vendor\json\include\nlohmann/json.hpp:44:
[build] In file included from C:\Users\pperv\code\unnamed_rpg\vendor\json\include\nlohmann/adl_serializer.hpp:14:
[build] In file included from C:\Users\pperv\code\unnamed_rpg\vendor\json\include\nlohmann/detail/conversions/from_json.hpp:24:
[build] In file included from C:\Users\pperv\code\unnamed_rpg\vendor\json\include\nlohmann/detail/exceptions.hpp:25:
[build] In file included from C:\Users\pperv\code\unnamed_rpg\vendor\json\include\nlohmann/detail/meta/type_traits.hpp:25:
[build] C:\Users\pperv\code\unnamed_rpg\vendor\json\include\nlohmann/detail/meta/call_std/begin.hpp(15,1): warning: 'decltype' type specifier is incompatible with C++98 [-Wc++98-compat]
[build] C:\Users\pperv\code\unnamed_rpg\vendor\json\include\nlohmann/detail/macro_scope.hpp(762,34): note: expanded from macro 'NLOHMANN_CAN_CALL_STD_FUNC_IMPL'
[build]   762 |     using result_of_##std_name = decltype(std_name(std::declval<T>()...));        \
[build]       |                                  ^
[build] In file included from C:\Users\pperv\code\unnamed_rpg\vendor\json-schema-validator\src\string-format-check.cpp:1:
[build] In file included from C:\Users\pperv\code\unnamed_rpg\vendor\json-schema-validator\src\nlohmann/json-schema.hpp:24:
[build] In file included from C:\Users\pperv\code\unnamed_rpg\vendor\json\include\nlohmann/json.hpp:44:
[build] In file included from C:\Users\pperv\code\unnamed_rpg\vendor\json\include\nlohmann/adl_serializer.hpp:14:
[build] In file included from C:\Users\pperv\code\unnamed_rpg\vendor\json\include\nlohmann/detail/conversions/from_json.hpp:24:
[build] In file included from C:\Users\pperv\code\unnamed_rpg\vendor\json\include\nlohmann/detail/exceptions.hpp:25:
[build] In file included from C:\Users\pperv\code\unnamed_rpg\vendor\json\include\nlohmann/detail/meta/type_traits.hpp:25:
[build] C:\Users\pperv\code\unnamed_rpg\vendor\json\include\nlohmann/detail/meta/call_std/begin.hpp(15,1): warning: variadic templates are incompatible with C++98 [-Wc++98-compat]
[build] C:\Users\pperv\code\unnamed_rpg\vendor\json\include\nlohmann/detail/macro_scope.hpp(770,22): note: expanded from macro 'NLOHMANN_CAN_CALL_STD_FUNC_IMPL'
[build]   770 |     template<typename... T>                                                       \
[build]       |                      ^
[build] In file included from C:\Users\pperv\code\unnamed_rpg\vendor\json-schema-validator\src\string-format-check.cpp:1:
[build] In file included from C:\Users\pperv\code\unnamed_rpg\vendor\json-schema-validator\src\nlohmann/json-schema.hpp:24:
[build] In file included from C:\Users\pperv\code\unnamed_rpg\vendor\json\include\nlohmann/json.hpp:44:
[build] In file included from C:\Users\pperv\code\unnamed_rpg\vendor\json\include\nlohmann/adl_serializer.hpp:14:
[build] In file included from C:\Users\pperv\code\unnamed_rpg\vendor\json\include\nlohmann/detail/conversions/from_json.hpp:24:
[build] In file included from C:\Users\pperv\code\unnamed_rpg\vendor\json\include\nlohmann/detail/exceptions.hpp:25:
[build] In file included from C:\Users\pperv\code\unnamed_rpg\vendor\json\include\nlohmann/detail/meta/type_traits.hpp:25:
[build] C:\Users\pperv\code\unnamed_rpg\vendor\json\include\nlohmann/detail/meta/call_std/begin.hpp(15,1): warning: rvalue references are incompatible with C++98 [-Wc++98-compat]
[build] C:\Users\pperv\code\unnamed_rpg\vendor\json\include\nlohmann/detail/macro_scope.hpp(771,30): note: expanded from macro 'NLOHMANN_CAN_CALL_STD_FUNC_IMPL'
[build]   771 |     std_name##_tag std_name(T&&...);                                              \
[build]       |                              ^
[build] In file included from C:\Users\pperv\code\unnamed_rpg\vendor\json-schema-validator\src\string-format-check.cpp:1:
[build] In file included from C:\Users\pperv\code\unnamed_rpg\vendor\json-schema-validator\src\nlohmann/json-schema.hpp:24:
[build] In file included from C:\Users\pperv\code\unnamed_rpg\vendor\json\include\nlohmann/json.hpp:44:
[build] In file included from C:\Users\pperv\code\unnamed_rpg\vendor\json\include\nlohmann/adl_serializer.hpp:14:
[build] In file included from C:\Users\pperv\code\unnamed_rpg\vendor\json\include\nlohmann/detail/conversions/from_json.hpp:24:
[build] In file included from C:\Users\pperv\code\unnamed_rpg\vendor\json\include\nlohmann/detail/exceptions.hpp:25:
[build] In file included from C:\Users\pperv\code\unnamed_rpg\vendor\json\include\nlohmann/detail/meta/type_traits.hpp:25:
[build] C:\Users\pperv\code\unnamed_rpg\vendor\json\include\nlohmann/detail/meta/call_std/begin.hpp(15,1): warning: variadic templates are incompatible with C++98 [-Wc++98-compat]
[build] C:\Users\pperv\code\unnamed_rpg\vendor\json\include\nlohmann/detail/macro_scope.hpp(773,22): note: expanded from macro 'NLOHMANN_CAN_CALL_STD_FUNC_IMPL'
[build]   773 |     template<typename... T>                                                       \
[build]       |                      ^
[build] In file included from C:\Users\pperv\code\unnamed_rpg\vendor\json-schema-validator\src\string-format-check.cpp:1:
[build] In file included from C:\Users\pperv\code\unnamed_rpg\vendor\json-schema-validator\src\nlohmann/json-schema.hpp:24:
[build] In file included from C:\Users\pperv\code\unnamed_rpg\vendor\json\include\nlohmann/json.hpp:44:
[build] In file included from C:\Users\pperv\code\unnamed_rpg\vendor\json\include\nlohmann/adl_serializer.hpp:14:
[build] In file included from C:\Users\pperv\code\unnamed_rpg\vendor\json\include\nlohmann/detail/conversions/from_json.hpp:24:
[build] In file included from C:\Users\pperv\code\unnamed_rpg\vendor\json\include\nlohmann/detail/exceptions.hpp:25:
[build] In file included from C:\Users\pperv\code\unnamed_rpg\vendor\json\include\nlohmann/detail/meta/type_traits.hpp:25:
[build] C:\Users\pperv\code\unnamed_rpg\vendor\json\include\nlohmann/detail/meta/call_std/begin.hpp(15,1): warning: alias declarations are incompatible with C++98 [-Wc++98-compat]
[build] C:\Users\pperv\code\unnamed_rpg\vendor\json\include\nlohmann/detail/macro_scope.hpp(774,34): note: expanded from macro 'NLOHMANN_CAN_CALL_STD_FUNC_IMPL'
[build]   774 |     using result_of_##std_name = decltype(std_name(std::declval<T>()...));        \
[build]       |                                  ^
[build] In file included from C:\Users\pperv\code\unnamed_rpg\vendor\json-schema-validator\src\string-format-check.cpp:1:
[build] In file included from C:\Users\pperv\code\unnamed_rpg\vendor\json-schema-validator\src\nlohmann/json-schema.hpp:24:
[build] In file included from C:\Users\pperv\code\unnamed_rpg\vendor\json\include\nlohmann/json.hpp:44:
[build] In file included from C:\Users\pperv\code\unnamed_rpg\vendor\json\include\nlohmann/adl_serializer.hpp:14:
[build] In file included from C:\Users\pperv\code\unnamed_rpg\vendor\json\include\nlohmann/detail/conversions/from_json.hpp:24:
[build] In file included from C:\Users\pperv\code\unnamed_rpg\vendor\json\include\nlohmann/detail/exceptions.hpp:25:
[build] In file included from C:\Users\pperv\code\unnamed_rpg\vendor\json\include\nlohmann/detail/meta/type_traits.hpp:25:
[build] C:\Users\pperv\code\unnamed_rpg\vendor\json\include\nlohmann/detail/meta/call_std/begin.hpp(15,1): warning: 'decltype' type specifier is incompatible with C++98 [-Wc++98-compat]
[build] C:\Users\pperv\code\unnamed_rpg\vendor\json\include\nlohmann/detail/macro_scope.hpp(774,34): note: expanded from macro 'NLOHMANN_CAN_CALL_STD_FUNC_IMPL'
[build]   774 |     using result_of_##std_name = decltype(std_name(std::declval<T>()...));        \
[build]       |                                  ^
[build] In file included from C:\Users\pperv\code\unnamed_rpg\vendor\json-schema-validator\src\string-format-check.cpp:1:
[build] In file included from C:\Users\pperv\code\unnamed_rpg\vendor\json-schema-validator\src\nlohmann/json-schema.hpp:24:
[build] In file included from C:\Users\pperv\code\unnamed_rpg\vendor\json\include\nlohmann/json.hpp:44:
[build] In file included from C:\Users\pperv\code\unnamed_rpg\vendor\json\include\nlohmann/adl_serializer.hpp:14:
[build] In file included from C:\Users\pperv\code\unnamed_rpg\vendor\json\include\nlohmann/detail/conversions/from_json.hpp:24:
[build] In file included from C:\Users\pperv\code\unnamed_rpg\vendor\json\include\nlohmann/detail/exceptions.hpp:25:
[build] In file included from C:\Users\pperv\code\unnamed_rpg\vendor\json\include\nlohmann/detail/meta/type_traits.hpp:25:
[build] C:\Users\pperv\code\unnamed_rpg\vendor\json\include\nlohmann/detail/meta/call_std/begin.hpp(15,1): warning: variadic templates are incompatible with C++98 [-Wc++98-compat]
[build] C:\Users\pperv\code\unnamed_rpg\vendor\json\include\nlohmann/detail/macro_scope.hpp(776,22): note: expanded from macro 'NLOHMANN_CAN_CALL_STD_FUNC_IMPL'
[build]   776 |     template<typename... T>                                                       \
[build]       |                      ^
[build] In file included from C:\Users\pperv\code\unnamed_rpg\vendor\json-schema-validator\src\string-format-check.cpp:1:
[build] In file included from C:\Users\pperv\code\unnamed_rpg\vendor\json-schema-validator\src\nlohmann/json-schema.hpp:24:
[build] In file included from C:\Users\pperv\code\unnamed_rpg\vendor\json\include\nlohmann/json.hpp:44:
[build] In file included from C:\Users\pperv\code\unnamed_rpg\vendor\json\include\nlohmann/adl_serializer.hpp:14:
[build] In file included from C:\Users\pperv\code\unnamed_rpg\vendor\json\include\nlohmann/detail/conversions/from_json.hpp:24:
[build] In file included from C:\Users\pperv\code\unnamed_rpg\vendor\json\include\nlohmann/detail/exceptions.hpp:25:
[build] In file included from C:\Users\pperv\code\unnamed_rpg\vendor\json\include\nlohmann/detail/meta/type_traits.hpp:25:
[build] C:\Users\pperv\code\unnamed_rpg\vendor\json\include\nlohmann/detail/meta/call_std/begin.hpp(15,1): warning: 'constexpr' specifier is incompatible with C++98 [-Wc++98-compat]
[build] C:\Users\pperv\code\unnamed_rpg\vendor\json\include\nlohmann/detail/macro_scope.hpp(779,16): note: expanded from macro 'NLOHMANN_CAN_CALL_STD_FUNC_IMPL'
[build]   779 |         static constexpr auto const value = ::nlohmann::detail::                  \
[build]       |                ^
[build] In file included from C:\Users\pperv\code\unnamed_rpg\vendor\json-schema-validator\src\string-format-check.cpp:1:
[build] In file included from C:\Users\pperv\code\unnamed_rpg\vendor\json-schema-validator\src\nlohmann/json-schema.hpp:24:
[build] In file included from C:\Users\pperv\code\unnamed_rpg\vendor\json\include\nlohmann/json.hpp:44:
[build] In file included from C:\Users\pperv\code\unnamed_rpg\vendor\json\include\nlohmann/adl_serializer.hpp:14:
[build] In file included from C:\Users\pperv\code\unnamed_rpg\vendor\json\include\nlohmann/detail/conversions/from_json.hpp:24:
[build] In file included from C:\Users\pperv\code\unnamed_rpg\vendor\json\include\nlohmann/detail/exceptions.hpp:25:
[build] In file included from C:\Users\pperv\code\unnamed_rpg\vendor\json\include\nlohmann/detail/meta/type_traits.hpp:25:
[build] C:\Users\pperv\code\unnamed_rpg\vendor\json\include\nlohmann/detail/meta/call_std/begin.hpp(15,1): warning: 'auto' type specifier is incompatible with C++98 [-Wc++98-compat]
[build]    15 | NLOHMANN_CAN_CALL_STD_FUNC_IMPL(begin);
[build]       | ^~~~~~~~~~~~~~~~~~~~~~~~~~~~~~~~~~~~~~
[build] C:\Users\pperv\code\unnamed_rpg\vendor\json\include\nlohmann/detail/macro_scope.hpp(779,26): note: expanded from macro 'NLOHMANN_CAN_CALL_STD_FUNC_IMPL'
[build]   779 |         static constexpr auto const value = ::nlohmann::detail::                  \
[build]       |                          ^~~~
[build] In file included from C:\Users\pperv\code\unnamed_rpg\vendor\json-schema-validator\src\string-format-check.cpp:1:
[build] In file included from C:\Users\pperv\code\unnamed_rpg\vendor\json-schema-validator\src\nlohmann/json-schema.hpp:24:
[build] In file included from C:\Users\pperv\code\unnamed_rpg\vendor\json\include\nlohmann/json.hpp:44:
[build] In file included from C:\Users\pperv\code\unnamed_rpg\vendor\json\include\nlohmann/adl_serializer.hpp:14:
[build] In file included from C:\Users\pperv\code\unnamed_rpg\vendor\json\include\nlohmann/detail/conversions/from_json.hpp:24:
[build] In file included from C:\Users\pperv\code\unnamed_rpg\vendor\json\include\nlohmann/detail/exceptions.hpp:25:
[build] In file included from C:\Users\pperv\code\unnamed_rpg\vendor\json\include\nlohmann/detail/meta/type_traits.hpp:25:
[build] C:\Users\pperv\code\unnamed_rpg\vendor\json\include\nlohmann/detail/meta/call_std/begin.hpp(15,1): warning: variadic templates are incompatible with C++98 [-Wc++98-compat]
[build] C:\Users\pperv\code\unnamed_rpg\vendor\json\include\nlohmann/detail/macro_scope.hpp(784,22): note: expanded from macro 'NLOHMANN_CAN_CALL_STD_FUNC_IMPL'
[build]   784 |     template<typename... T>                                                       \
[build]       |                      ^
[build] In file included from C:\Users\pperv\code\unnamed_rpg\vendor\json-schema-validator\src\string-format-check.cpp:1:
[build] In file included from C:\Users\pperv\code\unnamed_rpg\vendor\json-schema-validator\src\nlohmann/json-schema.hpp:24:
[build] In file included from C:\Users\pperv\code\unnamed_rpg\vendor\json\include\nlohmann/json.hpp:44:
[build] In file included from C:\Users\pperv\code\unnamed_rpg\vendor\json\include\nlohmann/adl_serializer.hpp:14:
[build] In file included from C:\Users\pperv\code\unnamed_rpg\vendor\json\include\nlohmann/detail/conversions/from_json.hpp:24:
[build] In file included from C:\Users\pperv\code\unnamed_rpg\vendor\json\include\nlohmann/detail/exceptions.hpp:25:
[build] In file included from C:\Users\pperv\code\unnamed_rpg\vendor\json\include\nlohmann/detail/meta/type_traits.hpp:26:
[build] C:\Users\pperv\code\unnamed_rpg\vendor\json\include\nlohmann/detail/meta/call_std/end.hpp(13,1): warning: empty macro arguments are incompatible with C++98 [-Wc++98-compat-pedantic]
[build]    13 | NLOHMANN_JSON_NAMESPACE_BEGIN
[build]       | ^
[build] C:\Users\pperv\code\unnamed_rpg\vendor\json\include\nlohmann/detail/abi_macros.hpp(102,17): note: expanded from macro 'NLOHMANN_JSON_NAMESPACE_BEGIN'
[build]   102 |                 NLOHMANN_JSON_ABI_TAGS,              \
[build]       |                 ^
[build] C:\Users\pperv\code\unnamed_rpg\vendor\json\include\nlohmann/detail/abi_macros.hpp(65,5): note: expanded from macro 'NLOHMANN_JSON_ABI_TAGS'
[build]    65 |     NLOHMANN_JSON_ABI_TAGS_CONCAT(                                   \
[build]       |     ^
[build] C:\Users\pperv\code\unnamed_rpg\vendor\json\include\nlohmann/detail/abi_macros.hpp(62,39): note: expanded from macro 'NLOHMANN_JSON_ABI_TAGS_CONCAT'
[build]    62 |     NLOHMANN_JSON_ABI_TAGS_CONCAT_EX(a, b, c)
[build]       |                                       ^
[build] In file included from C:\Users\pperv\code\unnamed_rpg\vendor\json-schema-validator\src\string-format-check.cpp:1:
[build] In file included from C:\Users\pperv\code\unnamed_rpg\vendor\json-schema-validator\src\nlohmann/json-schema.hpp:24:
[build] In file included from C:\Users\pperv\code\unnamed_rpg\vendor\json\include\nlohmann/json.hpp:44:
[build] In file included from C:\Users\pperv\code\unnamed_rpg\vendor\json\include\nlohmann/adl_serializer.hpp:14:
[build] In file included from C:\Users\pperv\code\unnamed_rpg\vendor\json\include\nlohmann/detail/conversions/from_json.hpp:24:
[build] In file included from C:\Users\pperv\code\unnamed_rpg\vendor\json\include\nlohmann/detail/exceptions.hpp:25:
[build] In file included from C:\Users\pperv\code\unnamed_rpg\vendor\json\include\nlohmann/detail/meta/type_traits.hpp:26:
[build] C:\Users\pperv\code\unnamed_rpg\vendor\json\include\nlohmann/detail/meta/call_std/end.hpp(13,1): warning: empty macro arguments are incompatible with C++98 [-Wc++98-compat-pedantic]
[build] C:\Users\pperv\code\unnamed_rpg\vendor\json\include\nlohmann/detail/abi_macros.hpp(102,17): note: expanded from macro 'NLOHMANN_JSON_NAMESPACE_BEGIN'
[build]   102 |                 NLOHMANN_JSON_ABI_TAGS,              \
[build]       |                 ^
[build] C:\Users\pperv\code\unnamed_rpg\vendor\json\include\nlohmann/detail/abi_macros.hpp(65,5): note: expanded from macro 'NLOHMANN_JSON_ABI_TAGS'
[build]    65 |     NLOHMANN_JSON_ABI_TAGS_CONCAT(                                   \
[build]       |     ^
[build] C:\Users\pperv\code\unnamed_rpg\vendor\json\include\nlohmann/detail/abi_macros.hpp(62,42): note: expanded from macro 'NLOHMANN_JSON_ABI_TAGS_CONCAT'
[build]    62 |     NLOHMANN_JSON_ABI_TAGS_CONCAT_EX(a, b, c)
[build]       |                                          ^
[build] In file included from C:\Users\pperv\code\unnamed_rpg\vendor\json-schema-validator\src\string-format-check.cpp:1:
[build] In file included from C:\Users\pperv\code\unnamed_rpg\vendor\json-schema-validator\src\nlohmann/json-schema.hpp:24:
[build] In file included from C:\Users\pperv\code\unnamed_rpg\vendor\json\include\nlohmann/json.hpp:44:
[build] In file included from C:\Users\pperv\code\unnamed_rpg\vendor\json\include\nlohmann/adl_serializer.hpp:14:
[build] In file included from C:\Users\pperv\code\unnamed_rpg\vendor\json\include\nlohmann/detail/conversions/from_json.hpp:24:
[build] In file included from C:\Users\pperv\code\unnamed_rpg\vendor\json\include\nlohmann/detail/exceptions.hpp:25:
[build] In file included from C:\Users\pperv\code\unnamed_rpg\vendor\json\include\nlohmann/detail/meta/type_traits.hpp:26:
[build] C:\Users\pperv\code\unnamed_rpg\vendor\json\include\nlohmann/detail/meta/call_std/end.hpp(13,1): warning: empty macro arguments are incompatible with C++98 [-Wc++98-compat-pedantic]
[build] C:\Users\pperv\code\unnamed_rpg\vendor\json\include\nlohmann/detail/abi_macros.hpp(102,17): note: expanded from macro 'NLOHMANN_JSON_NAMESPACE_BEGIN'
[build]   102 |                 NLOHMANN_JSON_ABI_TAGS,              \
[build]       |                 ^
[build] C:\Users\pperv\code\unnamed_rpg\vendor\json\include\nlohmann/detail/abi_macros.hpp(65,5): note: expanded from macro 'NLOHMANN_JSON_ABI_TAGS'
[build]    65 |     NLOHMANN_JSON_ABI_TAGS_CONCAT(                                   \
[build]       |     ^
[build] C:\Users\pperv\code\unnamed_rpg\vendor\json\include\nlohmann/detail/abi_macros.hpp(62,45): note: expanded from macro 'NLOHMANN_JSON_ABI_TAGS_CONCAT'
[build]    62 |     NLOHMANN_JSON_ABI_TAGS_CONCAT_EX(a, b, c)
[build]       |                                             ^
[build] In file included from C:\Users\pperv\code\unnamed_rpg\vendor\json-schema-validator\src\string-format-check.cpp:1:
[build] In file included from C:\Users\pperv\code\unnamed_rpg\vendor\json-schema-validator\src\nlohmann/json-schema.hpp:24:
[build] In file included from C:\Users\pperv\code\unnamed_rpg\vendor\json\include\nlohmann/json.hpp:44:
[build] In file included from C:\Users\pperv\code\unnamed_rpg\vendor\json\include\nlohmann/adl_serializer.hpp:14:
[build] In file included from C:\Users\pperv\code\unnamed_rpg\vendor\json\include\nlohmann/detail/conversions/from_json.hpp:24:
[build] In file included from C:\Users\pperv\code\unnamed_rpg\vendor\json\include\nlohmann/detail/exceptions.hpp:25:
[build] In file included from C:\Users\pperv\code\unnamed_rpg\vendor\json\include\nlohmann/detail/meta/type_traits.hpp:26:
[build] C:\Users\pperv\code\unnamed_rpg\vendor\json\include\nlohmann/detail/meta/call_std/end.hpp(13,1): warning: inline namespaces are incompatible with C++98 [-Wc++98-compat]
[build] C:\Users\pperv\code\unnamed_rpg\vendor\json\include\nlohmann/detail/abi_macros.hpp(101,5): note: expanded from macro 'NLOHMANN_JSON_NAMESPACE_BEGIN'
[build]   101 |     inline namespace NLOHMANN_JSON_NAMESPACE_CONCAT( \
[build]       |     ^
[build] In file included from C:\Users\pperv\code\unnamed_rpg\vendor\json-schema-validator\src\string-format-check.cpp:1:
[build] In file included from C:\Users\pperv\code\unnamed_rpg\vendor\json-schema-validator\src\nlohmann/json-schema.hpp:24:
[build] In file included from C:\Users\pperv\code\unnamed_rpg\vendor\json\include\nlohmann/json.hpp:44:
[build] In file included from C:\Users\pperv\code\unnamed_rpg\vendor\json\include\nlohmann/adl_serializer.hpp:14:
[build] In file included from C:\Users\pperv\code\unnamed_rpg\vendor\json\include\nlohmann/detail/conversions/from_json.hpp:24:
[build] In file included from C:\Users\pperv\code\unnamed_rpg\vendor\json\include\nlohmann/detail/exceptions.hpp:25:
[build] In file included from C:\Users\pperv\code\unnamed_rpg\vendor\json\include\nlohmann/detail/meta/type_traits.hpp:26:
[build] C:\Users\pperv\code\unnamed_rpg\vendor\json\include\nlohmann/detail/meta/call_std/end.hpp(15,1): warning: variadic templates are incompatible with C++98 [-Wc++98-compat]
[build]    15 | NLOHMANN_CAN_CALL_STD_FUNC_IMPL(end);
[build]       | ^
[build] C:\Users\pperv\code\unnamed_rpg\vendor\json\include\nlohmann/detail/macro_scope.hpp(761,22): note: expanded from macro 'NLOHMANN_CAN_CALL_STD_FUNC_IMPL'
[build]   761 |     template<typename... T>                                                       \
[build]       |                      ^
[build] In file included from C:\Users\pperv\code\unnamed_rpg\vendor\json-schema-validator\src\string-format-check.cpp:1:
[build] In file included from C:\Users\pperv\code\unnamed_rpg\vendor\json-schema-validator\src\nlohmann/json-schema.hpp:24:
[build] In file included from C:\Users\pperv\code\unnamed_rpg\vendor\json\include\nlohmann/json.hpp:44:
[build] In file included from C:\Users\pperv\code\unnamed_rpg\vendor\json\include\nlohmann/adl_serializer.hpp:14:
[build] In file included from C:\Users\pperv\code\unnamed_rpg\vendor\json\include\nlohmann/detail/conversions/from_json.hpp:24:
[build] In file included from C:\Users\pperv\code\unnamed_rpg\vendor\json\include\nlohmann/detail/exceptions.hpp:25:
[build] In file included from C:\Users\pperv\code\unnamed_rpg\vendor\json\include\nlohmann/detail/meta/type_traits.hpp:26:
[build] C:\Users\pperv\code\unnamed_rpg\vendor\json\include\nlohmann/detail/meta/call_std/end.hpp(15,1): warning: alias declarations are incompatible with C++98 [-Wc++98-compat]
[build] C:\Users\pperv\code\unnamed_rpg\vendor\json\include\nlohmann/detail/macro_scope.hpp(762,34): note: expanded from macro 'NLOHMANN_CAN_CALL_STD_FUNC_IMPL'
[build]   762 |     using result_of_##std_name = decltype(std_name(std::declval<T>()...));        \
[build]       |                                  ^
[build] In file included from C:\Users\pperv\code\unnamed_rpg\vendor\json-schema-validator\src\string-format-check.cpp:1:
[build] In file included from C:\Users\pperv\code\unnamed_rpg\vendor\json-schema-validator\src\nlohmann/json-schema.hpp:24:
[build] In file included from C:\Users\pperv\code\unnamed_rpg\vendor\json\include\nlohmann/json.hpp:44:
[build] In file included from C:\Users\pperv\code\unnamed_rpg\vendor\json\include\nlohmann/adl_serializer.hpp:14:
[build] In file included from C:\Users\pperv\code\unnamed_rpg\vendor\json\include\nlohmann/detail/conversions/from_json.hpp:24:
[build] In file included from C:\Users\pperv\code\unnamed_rpg\vendor\json\include\nlohmann/detail/exceptions.hpp:25:
[build] In file included from C:\Users\pperv\code\unnamed_rpg\vendor\json\include\nlohmann/detail/meta/type_traits.hpp:26:
[build] C:\Users\pperv\code\unnamed_rpg\vendor\json\include\nlohmann/detail/meta/call_std/end.hpp(15,1): warning: 'decltype' type specifier is incompatible with C++98 [-Wc++98-compat]
[build] C:\Users\pperv\code\unnamed_rpg\vendor\json\include\nlohmann/detail/macro_scope.hpp(762,34): note: expanded from macro 'NLOHMANN_CAN_CALL_STD_FUNC_IMPL'
[build]   762 |     using result_of_##std_name = decltype(std_name(std::declval<T>()...));        \
[build]       |                                  ^
[build] In file included from C:\Users\pperv\code\unnamed_rpg\vendor\json-schema-validator\src\string-format-check.cpp:1:
[build] In file included from C:\Users\pperv\code\unnamed_rpg\vendor\json-schema-validator\src\nlohmann/json-schema.hpp:24:
[build] In file included from C:\Users\pperv\code\unnamed_rpg\vendor\json\include\nlohmann/json.hpp:44:
[build] In file included from C:\Users\pperv\code\unnamed_rpg\vendor\json\include\nlohmann/adl_serializer.hpp:14:
[build] In file included from C:\Users\pperv\code\unnamed_rpg\vendor\json\include\nlohmann/detail/conversions/from_json.hpp:24:
[build] In file included from C:\Users\pperv\code\unnamed_rpg\vendor\json\include\nlohmann/detail/exceptions.hpp:25:
[build] In file included from C:\Users\pperv\code\unnamed_rpg\vendor\json\include\nlohmann/detail/meta/type_traits.hpp:26:
[build] C:\Users\pperv\code\unnamed_rpg\vendor\json\include\nlohmann/detail/meta/call_std/end.hpp(15,1): warning: variadic templates are incompatible with C++98 [-Wc++98-compat]
[build] C:\Users\pperv\code\unnamed_rpg\vendor\json\include\nlohmann/detail/macro_scope.hpp(770,22): note: expanded from macro 'NLOHMANN_CAN_CALL_STD_FUNC_IMPL'
[build]   770 |     template<typename... T>                                                       \
[build]       |                      ^
[build] In file included from C:\Users\pperv\code\unnamed_rpg\vendor\json-schema-validator\src\string-format-check.cpp:1:
[build] In file included from C:\Users\pperv\code\unnamed_rpg\vendor\json-schema-validator\src\nlohmann/json-schema.hpp:24:
[build] In file included from C:\Users\pperv\code\unnamed_rpg\vendor\json\include\nlohmann/json.hpp:44:
[build] In file included from C:\Users\pperv\code\unnamed_rpg\vendor\json\include\nlohmann/adl_serializer.hpp:14:
[build] In file included from C:\Users\pperv\code\unnamed_rpg\vendor\json\include\nlohmann/detail/conversions/from_json.hpp:24:
[build] In file included from C:\Users\pperv\code\unnamed_rpg\vendor\json\include\nlohmann/detail/exceptions.hpp:25:
[build] In file included from C:\Users\pperv\code\unnamed_rpg\vendor\json\include\nlohmann/detail/meta/type_traits.hpp:26:
[build] C:\Users\pperv\code\unnamed_rpg\vendor\json\include\nlohmann/detail/meta/call_std/end.hpp(15,1): warning: rvalue references are incompatible with C++98 [-Wc++98-compat]
[build] C:\Users\pperv\code\unnamed_rpg\vendor\json\include\nlohmann/detail/macro_scope.hpp(771,30): note: expanded from macro 'NLOHMANN_CAN_CALL_STD_FUNC_IMPL'
[build]   771 |     std_name##_tag std_name(T&&...);                                              \
[build]       |                              ^
[build] In file included from C:\Users\pperv\code\unnamed_rpg\vendor\json-schema-validator\src\string-format-check.cpp:1:
[build] In file included from C:\Users\pperv\code\unnamed_rpg\vendor\json-schema-validator\src\nlohmann/json-schema.hpp:24:
[build] In file included from C:\Users\pperv\code\unnamed_rpg\vendor\json\include\nlohmann/json.hpp:44:
[build] In file included from C:\Users\pperv\code\unnamed_rpg\vendor\json\include\nlohmann/adl_serializer.hpp:14:
[build] In file included from C:\Users\pperv\code\unnamed_rpg\vendor\json\include\nlohmann/detail/conversions/from_json.hpp:24:
[build] In file included from C:\Users\pperv\code\unnamed_rpg\vendor\json\include\nlohmann/detail/exceptions.hpp:25:
[build] In file included from C:\Users\pperv\code\unnamed_rpg\vendor\json\include\nlohmann/detail/meta/type_traits.hpp:26:
[build] C:\Users\pperv\code\unnamed_rpg\vendor\json\include\nlohmann/detail/meta/call_std/end.hpp(15,1): warning: variadic templates are incompatible with C++98 [-Wc++98-compat]
[build] C:\Users\pperv\code\unnamed_rpg\vendor\json\include\nlohmann/detail/macro_scope.hpp(773,22): note: expanded from macro 'NLOHMANN_CAN_CALL_STD_FUNC_IMPL'
[build]   773 |     template<typename... T>                                                       \
[build]       |                      ^
[build] In file included from C:\Users\pperv\code\unnamed_rpg\vendor\json-schema-validator\src\string-format-check.cpp:1:
[build] In file included from C:\Users\pperv\code\unnamed_rpg\vendor\json-schema-validator\src\nlohmann/json-schema.hpp:24:
[build] In file included from C:\Users\pperv\code\unnamed_rpg\vendor\json\include\nlohmann/json.hpp:44:
[build] In file included from C:\Users\pperv\code\unnamed_rpg\vendor\json\include\nlohmann/adl_serializer.hpp:14:
[build] In file included from C:\Users\pperv\code\unnamed_rpg\vendor\json\include\nlohmann/detail/conversions/from_json.hpp:24:
[build] In file included from C:\Users\pperv\code\unnamed_rpg\vendor\json\include\nlohmann/detail/exceptions.hpp:25:
[build] In file included from C:\Users\pperv\code\unnamed_rpg\vendor\json\include\nlohmann/detail/meta/type_traits.hpp:26:
[build] C:\Users\pperv\code\unnamed_rpg\vendor\json\include\nlohmann/detail/meta/call_std/end.hpp(15,1): warning: alias declarations are incompatible with C++98 [-Wc++98-compat]
[build] C:\Users\pperv\code\unnamed_rpg\vendor\json\include\nlohmann/detail/macro_scope.hpp(774,34): note: expanded from macro 'NLOHMANN_CAN_CALL_STD_FUNC_IMPL'
[build]   774 |     using result_of_##std_name = decltype(std_name(std::declval<T>()...));        \
[build]       |                                  ^
[build] In file included from C:\Users\pperv\code\unnamed_rpg\vendor\json-schema-validator\src\string-format-check.cpp:1:
[build] In file included from C:\Users\pperv\code\unnamed_rpg\vendor\json-schema-validator\src\nlohmann/json-schema.hpp:24:
[build] In file included from C:\Users\pperv\code\unnamed_rpg\vendor\json\include\nlohmann/json.hpp:44:
[build] In file included from C:\Users\pperv\code\unnamed_rpg\vendor\json\include\nlohmann/adl_serializer.hpp:14:
[build] In file included from C:\Users\pperv\code\unnamed_rpg\vendor\json\include\nlohmann/detail/conversions/from_json.hpp:24:
[build] In file included from C:\Users\pperv\code\unnamed_rpg\vendor\json\include\nlohmann/detail/exceptions.hpp:25:
[build] In file included from C:\Users\pperv\code\unnamed_rpg\vendor\json\include\nlohmann/detail/meta/type_traits.hpp:26:
[build] C:\Users\pperv\code\unnamed_rpg\vendor\json\include\nlohmann/detail/meta/call_std/end.hpp(15,1): warning: 'decltype' type specifier is incompatible with C++98 [-Wc++98-compat]
[build] C:\Users\pperv\code\unnamed_rpg\vendor\json\include\nlohmann/detail/macro_scope.hpp(774,34): note: expanded from macro 'NLOHMANN_CAN_CALL_STD_FUNC_IMPL'
[build]   774 |     using result_of_##std_name = decltype(std_name(std::declval<T>()...));        \
[build]       |                                  ^
[build] In file included from C:\Users\pperv\code\unnamed_rpg\vendor\json-schema-validator\src\string-format-check.cpp:1:
[build] In file included from C:\Users\pperv\code\unnamed_rpg\vendor\json-schema-validator\src\nlohmann/json-schema.hpp:24:
[build] In file included from C:\Users\pperv\code\unnamed_rpg\vendor\json\include\nlohmann/json.hpp:44:
[build] In file included from C:\Users\pperv\code\unnamed_rpg\vendor\json\include\nlohmann/adl_serializer.hpp:14:
[build] In file included from C:\Users\pperv\code\unnamed_rpg\vendor\json\include\nlohmann/detail/conversions/from_json.hpp:24:
[build] In file included from C:\Users\pperv\code\unnamed_rpg\vendor\json\include\nlohmann/detail/exceptions.hpp:25:
[build] In file included from C:\Users\pperv\code\unnamed_rpg\vendor\json\include\nlohmann/detail/meta/type_traits.hpp:26:
[build] C:\Users\pperv\code\unnamed_rpg\vendor\json\include\nlohmann/detail/meta/call_std/end.hpp(15,1): warning: variadic templates are incompatible with C++98 [-Wc++98-compat]
[build] C:\Users\pperv\code\unnamed_rpg\vendor\json\include\nlohmann/detail/macro_scope.hpp(776,22): note: expanded from macro 'NLOHMANN_CAN_CALL_STD_FUNC_IMPL'
[build]   776 |     template<typename... T>                                                       \
[build]       |                      ^
[build] In file included from C:\Users\pperv\code\unnamed_rpg\vendor\json-schema-validator\src\string-format-check.cpp:1:
[build] In file included from C:\Users\pperv\code\unnamed_rpg\vendor\json-schema-validator\src\nlohmann/json-schema.hpp:24:
[build] In file included from C:\Users\pperv\code\unnamed_rpg\vendor\json\include\nlohmann/json.hpp:44:
[build] In file included from C:\Users\pperv\code\unnamed_rpg\vendor\json\include\nlohmann/adl_serializer.hpp:14:
[build] In file included from C:\Users\pperv\code\unnamed_rpg\vendor\json\include\nlohmann/detail/conversions/from_json.hpp:24:
[build] In file included from C:\Users\pperv\code\unnamed_rpg\vendor\json\include\nlohmann/detail/exceptions.hpp:25:
[build] In file included from C:\Users\pperv\code\unnamed_rpg\vendor\json\include\nlohmann/detail/meta/type_traits.hpp:26:
[build] C:\Users\pperv\code\unnamed_rpg\vendor\json\include\nlohmann/detail/meta/call_std/end.hpp(15,1): warning: 'constexpr' specifier is incompatible with C++98 [-Wc++98-compat]
[build] C:\Users\pperv\code\unnamed_rpg\vendor\json\include\nlohmann/detail/macro_scope.hpp(779,16): note: expanded from macro 'NLOHMANN_CAN_CALL_STD_FUNC_IMPL'
[build]   779 |         static constexpr auto const value = ::nlohmann::detail::                  \
[build]       |                ^
[build] In file included from C:\Users\pperv\code\unnamed_rpg\vendor\json-schema-validator\src\string-format-check.cpp:1:
[build] In file included from C:\Users\pperv\code\unnamed_rpg\vendor\json-schema-validator\src\nlohmann/json-schema.hpp:24:
[build] In file included from C:\Users\pperv\code\unnamed_rpg\vendor\json\include\nlohmann/json.hpp:44:
[build] In file included from C:\Users\pperv\code\unnamed_rpg\vendor\json\include\nlohmann/adl_serializer.hpp:14:
[build] In file included from C:\Users\pperv\code\unnamed_rpg\vendor\json\include\nlohmann/detail/conversions/from_json.hpp:24:
[build] In file included from C:\Users\pperv\code\unnamed_rpg\vendor\json\include\nlohmann/detail/exceptions.hpp:25:
[build] In file included from C:\Users\pperv\code\unnamed_rpg\vendor\json\include\nlohmann/detail/meta/type_traits.hpp:26:
[build] C:\Users\pperv\code\unnamed_rpg\vendor\json\include\nlohmann/detail/meta/call_std/end.hpp(15,1): warning: 'auto' type specifier is incompatible with C++98 [-Wc++98-compat]
[build]    15 | NLOHMANN_CAN_CALL_STD_FUNC_IMPL(end);
[build]       | ^~~~~~~~~~~~~~~~~~~~~~~~~~~~~~~~~~~~
[build] C:\Users\pperv\code\unnamed_rpg\vendor\json\include\nlohmann/detail/macro_scope.hpp(779,26): note: expanded from macro 'NLOHMANN_CAN_CALL_STD_FUNC_IMPL'
[build]   779 |         static constexpr auto const value = ::nlohmann::detail::                  \
[build]       |                          ^~~~
[build] In file included from C:\Users\pperv\code\unnamed_rpg\vendor\json-schema-validator\src\string-format-check.cpp:1:
[build] In file included from C:\Users\pperv\code\unnamed_rpg\vendor\json-schema-validator\src\nlohmann/json-schema.hpp:24:
[build] In file included from C:\Users\pperv\code\unnamed_rpg\vendor\json\include\nlohmann/json.hpp:44:
[build] In file included from C:\Users\pperv\code\unnamed_rpg\vendor\json\include\nlohmann/adl_serializer.hpp:14:
[build] In file included from C:\Users\pperv\code\unnamed_rpg\vendor\json\include\nlohmann/detail/conversions/from_json.hpp:24:
[build] In file included from C:\Users\pperv\code\unnamed_rpg\vendor\json\include\nlohmann/detail/exceptions.hpp:25:
[build] In file included from C:\Users\pperv\code\unnamed_rpg\vendor\json\include\nlohmann/detail/meta/type_traits.hpp:26:
[build] C:\Users\pperv\code\unnamed_rpg\vendor\json\include\nlohmann/detail/meta/call_std/end.hpp(15,1): warning: variadic templates are incompatible with C++98 [-Wc++98-compat]
[build] C:\Users\pperv\code\unnamed_rpg\vendor\json\include\nlohmann/detail/macro_scope.hpp(784,22): note: expanded from macro 'NLOHMANN_CAN_CALL_STD_FUNC_IMPL'
[build]   784 |     template<typename... T>                                                       \
[build]       |                      ^
[build] In file included from C:\Users\pperv\code\unnamed_rpg\vendor\json-schema-validator\src\string-format-check.cpp:1:
[build] In file included from C:\Users\pperv\code\unnamed_rpg\vendor\json-schema-validator\src\nlohmann/json-schema.hpp:24:
[build] In file included from C:\Users\pperv\code\unnamed_rpg\vendor\json\include\nlohmann/json.hpp:44:
[build] In file included from C:\Users\pperv\code\unnamed_rpg\vendor\json\include\nlohmann/adl_serializer.hpp:14:
[build] In file included from C:\Users\pperv\code\unnamed_rpg\vendor\json\include\nlohmann/detail/conversions/from_json.hpp:24:
[build] In file included from C:\Users\pperv\code\unnamed_rpg\vendor\json\include\nlohmann/detail/exceptions.hpp:25:
[build] In file included from C:\Users\pperv\code\unnamed_rpg\vendor\json\include\nlohmann/detail/meta/type_traits.hpp:29:
[build] C:\Users\pperv\code\unnamed_rpg\vendor\json\include\nlohmann/json_fwd.hpp(25,1): warning: empty macro arguments are incompatible with C++98 [-Wc++98-compat-pedantic]
[build]    25 | NLOHMANN_JSON_NAMESPACE_BEGIN
[build]       | ^
[build] C:\Users\pperv\code\unnamed_rpg\vendor\json\include\nlohmann/detail/abi_macros.hpp(102,17): note: expanded from macro 'NLOHMANN_JSON_NAMESPACE_BEGIN'
[build]   102 |                 NLOHMANN_JSON_ABI_TAGS,              \
[build]       |                 ^
[build] C:\Users\pperv\code\unnamed_rpg\vendor\json\include\nlohmann/detail/abi_macros.hpp(65,5): note: expanded from macro 'NLOHMANN_JSON_ABI_TAGS'
[build]    65 |     NLOHMANN_JSON_ABI_TAGS_CONCAT(                                   \
[build]       |     ^
[build] C:\Users\pperv\code\unnamed_rpg\vendor\json\include\nlohmann/detail/abi_macros.hpp(62,39): note: expanded from macro 'NLOHMANN_JSON_ABI_TAGS_CONCAT'
[build]    62 |     NLOHMANN_JSON_ABI_TAGS_CONCAT_EX(a, b, c)
[build]       |                                       ^
[build] In file included from C:\Users\pperv\code\unnamed_rpg\vendor\json-schema-validator\src\string-format-check.cpp:1:
[build] In file included from C:\Users\pperv\code\unnamed_rpg\vendor\json-schema-validator\src\nlohmann/json-schema.hpp:24:
[build] In file included from C:\Users\pperv\code\unnamed_rpg\vendor\json\include\nlohmann/json.hpp:44:
[build] In file included from C:\Users\pperv\code\unnamed_rpg\vendor\json\include\nlohmann/adl_serializer.hpp:14:
[build] In file included from C:\Users\pperv\code\unnamed_rpg\vendor\json\include\nlohmann/detail/conversions/from_json.hpp:24:
[build] In file included from C:\Users\pperv\code\unnamed_rpg\vendor\json\include\nlohmann/detail/exceptions.hpp:25:
[build] In file included from C:\Users\pperv\code\unnamed_rpg\vendor\json\include\nlohmann/detail/meta/type_traits.hpp:29:
[build] C:\Users\pperv\code\unnamed_rpg\vendor\json\include\nlohmann/json_fwd.hpp(25,1): warning: empty macro arguments are incompatible with C++98 [-Wc++98-compat-pedantic]
[build] C:\Users\pperv\code\unnamed_rpg\vendor\json\include\nlohmann/detail/abi_macros.hpp(102,17): note: expanded from macro 'NLOHMANN_JSON_NAMESPACE_BEGIN'
[build]   102 |                 NLOHMANN_JSON_ABI_TAGS,              \
[build]       |                 ^
[build] C:\Users\pperv\code\unnamed_rpg\vendor\json\include\nlohmann/detail/abi_macros.hpp(65,5): note: expanded from macro 'NLOHMANN_JSON_ABI_TAGS'
[build]    65 |     NLOHMANN_JSON_ABI_TAGS_CONCAT(                                   \
[build]       |     ^
[build] C:\Users\pperv\code\unnamed_rpg\vendor\json\include\nlohmann/detail/abi_macros.hpp(62,42): note: expanded from macro 'NLOHMANN_JSON_ABI_TAGS_CONCAT'
[build]    62 |     NLOHMANN_JSON_ABI_TAGS_CONCAT_EX(a, b, c)
[build]       |                                          ^
[build] In file included from C:\Users\pperv\code\unnamed_rpg\vendor\json-schema-validator\src\string-format-check.cpp:1:
[build] In file included from C:\Users\pperv\code\unnamed_rpg\vendor\json-schema-validator\src\nlohmann/json-schema.hpp:24:
[build] In file included from C:\Users\pperv\code\unnamed_rpg\vendor\json\include\nlohmann/json.hpp:44:
[build] In file included from C:\Users\pperv\code\unnamed_rpg\vendor\json\include\nlohmann/adl_serializer.hpp:14:
[build] In file included from C:\Users\pperv\code\unnamed_rpg\vendor\json\include\nlohmann/detail/conversions/from_json.hpp:24:
[build] In file included from C:\Users\pperv\code\unnamed_rpg\vendor\json\include\nlohmann/detail/exceptions.hpp:25:
[build] In file included from C:\Users\pperv\code\unnamed_rpg\vendor\json\include\nlohmann/detail/meta/type_traits.hpp:29:
[build] C:\Users\pperv\code\unnamed_rpg\vendor\json\include\nlohmann/json_fwd.hpp(25,1): warning: empty macro arguments are incompatible with C++98 [-Wc++98-compat-pedantic]
[build] C:\Users\pperv\code\unnamed_rpg\vendor\json\include\nlohmann/detail/abi_macros.hpp(102,17): note: expanded from macro 'NLOHMANN_JSON_NAMESPACE_BEGIN'
[build]   102 |                 NLOHMANN_JSON_ABI_TAGS,              \
[build]       |                 ^
[build] C:\Users\pperv\code\unnamed_rpg\vendor\json\include\nlohmann/detail/abi_macros.hpp(65,5): note: expanded from macro 'NLOHMANN_JSON_ABI_TAGS'
[build]    65 |     NLOHMANN_JSON_ABI_TAGS_CONCAT(                                   \
[build]       |     ^
[build] C:\Users\pperv\code\unnamed_rpg\vendor\json\include\nlohmann/detail/abi_macros.hpp(62,45): note: expanded from macro 'NLOHMANN_JSON_ABI_TAGS_CONCAT'
[build]    62 |     NLOHMANN_JSON_ABI_TAGS_CONCAT_EX(a, b, c)
[build]       |                                             ^
[build] In file included from C:\Users\pperv\code\unnamed_rpg\vendor\json-schema-validator\src\string-format-check.cpp:1:
[build] In file included from C:\Users\pperv\code\unnamed_rpg\vendor\json-schema-validator\src\nlohmann/json-schema.hpp:24:
[build] In file included from C:\Users\pperv\code\unnamed_rpg\vendor\json\include\nlohmann/json.hpp:44:
[build] In file included from C:\Users\pperv\code\unnamed_rpg\vendor\json\include\nlohmann/adl_serializer.hpp:14:
[build] In file included from C:\Users\pperv\code\unnamed_rpg\vendor\json\include\nlohmann/detail/conversions/from_json.hpp:24:
[build] In file included from C:\Users\pperv\code\unnamed_rpg\vendor\json\include\nlohmann/detail/exceptions.hpp:25:
[build] In file included from C:\Users\pperv\code\unnamed_rpg\vendor\json\include\nlohmann/detail/meta/type_traits.hpp:29:
[build] C:\Users\pperv\code\unnamed_rpg\vendor\json\include\nlohmann/json_fwd.hpp(25,1): warning: inline namespaces are incompatible with C++98 [-Wc++98-compat]
[build] C:\Users\pperv\code\unnamed_rpg\vendor\json\include\nlohmann/detail/abi_macros.hpp(101,5): note: expanded from macro 'NLOHMANN_JSON_NAMESPACE_BEGIN'
[build]   101 |     inline namespace NLOHMANN_JSON_NAMESPACE_CONCAT( \
[build]       |     ^
[build] In file included from C:\Users\pperv\code\unnamed_rpg\vendor\json-schema-validator\src\string-format-check.cpp:1:
[build] In file included from C:\Users\pperv\code\unnamed_rpg\vendor\json-schema-validator\src\nlohmann/json-schema.hpp:24:
[build] In file included from C:\Users\pperv\code\unnamed_rpg\vendor\json\include\nlohmann/json.hpp:44:
[build] In file included from C:\Users\pperv\code\unnamed_rpg\vendor\json\include\nlohmann/adl_serializer.hpp:14:
[build] In file included from C:\Users\pperv\code\unnamed_rpg\vendor\json\include\nlohmann/detail/conversions/from_json.hpp:24:
[build] In file included from C:\Users\pperv\code\unnamed_rpg\vendor\json\include\nlohmann/detail/exceptions.hpp:25:
[build] In file included from C:\Users\pperv\code\unnamed_rpg\vendor\json\include\nlohmann/detail/meta/type_traits.hpp:29:
[build] C:\Users\pperv\code\unnamed_rpg\vendor\json\include\nlohmann/json_fwd.hpp(39,51): warning: variadic templates are incompatible with C++98 [-Wc++98-compat]
[build]    39 | template<template<typename U, typename V, typename... Args> class ObjectType =
[build]       |                                                   ^
[build] C:\Users\pperv\code\unnamed_rpg\vendor\json\include\nlohmann/json_fwd.hpp(41,39): warning: variadic templates are incompatible with C++98 [-Wc++98-compat]
[build]    41 |          template<typename U, typename... Args> class ArrayType = std::vector,
[build]       |                                       ^
[build] C:\Users\pperv\code\unnamed_rpg\vendor\json\include\nlohmann/json_fwd.hpp(62,14): warning: alias declarations are incompatible with C++98 [-Wc++98-compat]
[build]    62 | using json = basic_json<>;
[build]       |              ^
[build] C:\Users\pperv\code\unnamed_rpg\vendor\json\include\nlohmann/json_fwd.hpp(71,22): warning: alias declarations are incompatible with C++98 [-Wc++98-compat]
[build]    71 | using ordered_json = basic_json<nlohmann::ordered_map>;
[build]       |                      ^
[build] In file included from C:\Users\pperv\code\unnamed_rpg\vendor\json-schema-validator\src\string-format-check.cpp:1:
[build] In file included from C:\Users\pperv\code\unnamed_rpg\vendor\json-schema-validator\src\nlohmann/json-schema.hpp:24:
[build] In file included from C:\Users\pperv\code\unnamed_rpg\vendor\json\include\nlohmann/json.hpp:44:
[build] In file included from C:\Users\pperv\code\unnamed_rpg\vendor\json\include\nlohmann/adl_serializer.hpp:14:
[build] In file included from C:\Users\pperv\code\unnamed_rpg\vendor\json\include\nlohmann/detail/conversions/from_json.hpp:24:
[build] In file included from C:\Users\pperv\code\unnamed_rpg\vendor\json\include\nlohmann/detail/exceptions.hpp:25:
[build] C:\Users\pperv\code\unnamed_rpg\vendor\json\include\nlohmann/detail/meta/type_traits.hpp(31,1): warning: empty macro arguments are incompatible with C++98 [-Wc++98-compat-pedantic]
[build]    31 | NLOHMANN_JSON_NAMESPACE_BEGIN
[build]       | ^
[build] C:\Users\pperv\code\unnamed_rpg\vendor\json\include\nlohmann/detail/abi_macros.hpp(102,17): note: expanded from macro 'NLOHMANN_JSON_NAMESPACE_BEGIN'
[build]   102 |                 NLOHMANN_JSON_ABI_TAGS,              \
[build]       |                 ^
[build] C:\Users\pperv\code\unnamed_rpg\vendor\json\include\nlohmann/detail/abi_macros.hpp(65,5): note: expanded from macro 'NLOHMANN_JSON_ABI_TAGS'
[build]    65 |     NLOHMANN_JSON_ABI_TAGS_CONCAT(                                   \
[build]       |     ^
[build] C:\Users\pperv\code\unnamed_rpg\vendor\json\include\nlohmann/detail/abi_macros.hpp(62,39): note: expanded from macro 'NLOHMANN_JSON_ABI_TAGS_CONCAT'
[build]    62 |     NLOHMANN_JSON_ABI_TAGS_CONCAT_EX(a, b, c)
[build]       |                                       ^
[build] In file included from C:\Users\pperv\code\unnamed_rpg\vendor\json-schema-validator\src\string-format-check.cpp:1:
[build] In file included from C:\Users\pperv\code\unnamed_rpg\vendor\json-schema-validator\src\nlohmann/json-schema.hpp:24:
[build] In file included from C:\Users\pperv\code\unnamed_rpg\vendor\json\include\nlohmann/json.hpp:44:
[build] In file included from C:\Users\pperv\code\unnamed_rpg\vendor\json\include\nlohmann/adl_serializer.hpp:14:
[build] In file included from C:\Users\pperv\code\unnamed_rpg\vendor\json\include\nlohmann/detail/conversions/from_json.hpp:24:
[build] In file included from C:\Users\pperv\code\unnamed_rpg\vendor\json\include\nlohmann/detail/exceptions.hpp:25:
[build] C:\Users\pperv\code\unnamed_rpg\vendor\json\include\nlohmann/detail/meta/type_traits.hpp(31,1): warning: empty macro arguments are incompatible with C++98 [-Wc++98-compat-pedantic]
[build] C:\Users\pperv\code\unnamed_rpg\vendor\json\include\nlohmann/detail/abi_macros.hpp(102,17): note: expanded from macro 'NLOHMANN_JSON_NAMESPACE_BEGIN'
[build]   102 |                 NLOHMANN_JSON_ABI_TAGS,              \
[build]       |                 ^
[build] C:\Users\pperv\code\unnamed_rpg\vendor\json\include\nlohmann/detail/abi_macros.hpp(65,5): note: expanded from macro 'NLOHMANN_JSON_ABI_TAGS'
[build]    65 |     NLOHMANN_JSON_ABI_TAGS_CONCAT(                                   \
[build]       |     ^
[build] C:\Users\pperv\code\unnamed_rpg\vendor\json\include\nlohmann/detail/abi_macros.hpp(62,42): note: expanded from macro 'NLOHMANN_JSON_ABI_TAGS_CONCAT'
[build]    62 |     NLOHMANN_JSON_ABI_TAGS_CONCAT_EX(a, b, c)
[build]       |                                          ^
[build] In file included from C:\Users\pperv\code\unnamed_rpg\vendor\json-schema-validator\src\string-format-check.cpp:1:
[build] In file included from C:\Users\pperv\code\unnamed_rpg\vendor\json-schema-validator\src\nlohmann/json-schema.hpp:24:
[build] In file included from C:\Users\pperv\code\unnamed_rpg\vendor\json\include\nlohmann/json.hpp:44:
[build] In file included from C:\Users\pperv\code\unnamed_rpg\vendor\json\include\nlohmann/adl_serializer.hpp:14:
[build] In file included from C:\Users\pperv\code\unnamed_rpg\vendor\json\include\nlohmann/detail/conversions/from_json.hpp:24:
[build] In file included from C:\Users\pperv\code\unnamed_rpg\vendor\json\include\nlohmann/detail/exceptions.hpp:25:
[build] C:\Users\pperv\code\unnamed_rpg\vendor\json\include\nlohmann/detail/meta/type_traits.hpp(31,1): warning: empty macro arguments are incompatible with C++98 [-Wc++98-compat-pedantic]
[build] C:\Users\pperv\code\unnamed_rpg\vendor\json\include\nlohmann/detail/abi_macros.hpp(102,17): note: expanded from macro 'NLOHMANN_JSON_NAMESPACE_BEGIN'
[build]   102 |                 NLOHMANN_JSON_ABI_TAGS,              \
[build]       |                 ^
[build] C:\Users\pperv\code\unnamed_rpg\vendor\json\include\nlohmann/detail/abi_macros.hpp(65,5): note: expanded from macro 'NLOHMANN_JSON_ABI_TAGS'
[build]    65 |     NLOHMANN_JSON_ABI_TAGS_CONCAT(                                   \
[build]       |     ^
[build] C:\Users\pperv\code\unnamed_rpg\vendor\json\include\nlohmann/detail/abi_macros.hpp(62,45): note: expanded from macro 'NLOHMANN_JSON_ABI_TAGS_CONCAT'
[build]    62 |     NLOHMANN_JSON_ABI_TAGS_CONCAT_EX(a, b, c)
[build]       |                                             ^
[build] In file included from C:\Users\pperv\code\unnamed_rpg\vendor\json-schema-validator\src\string-format-check.cpp:1:
[build] In file included from C:\Users\pperv\code\unnamed_rpg\vendor\json-schema-validator\src\nlohmann/json-schema.hpp:24:
[build] In file included from C:\Users\pperv\code\unnamed_rpg\vendor\json\include\nlohmann/json.hpp:44:
[build] In file included from C:\Users\pperv\code\unnamed_rpg\vendor\json\include\nlohmann/adl_serializer.hpp:14:
[build] In file included from C:\Users\pperv\code\unnamed_rpg\vendor\json\include\nlohmann/detail/conversions/from_json.hpp:24:
[build] In file included from C:\Users\pperv\code\unnamed_rpg\vendor\json\include\nlohmann/detail/exceptions.hpp:25:
[build] C:\Users\pperv\code\unnamed_rpg\vendor\json\include\nlohmann/detail/meta/type_traits.hpp(31,1): warning: inline namespaces are incompatible with C++98 [-Wc++98-compat]
[build] C:\Users\pperv\code\unnamed_rpg\vendor\json\include\nlohmann/detail/abi_macros.hpp(101,5): note: expanded from macro 'NLOHMANN_JSON_NAMESPACE_BEGIN'
[build]   101 |     inline namespace NLOHMANN_JSON_NAMESPACE_CONCAT( \
[build]       |     ^
[build] In file included from C:\Users\pperv\code\unnamed_rpg\vendor\json-schema-validator\src\string-format-check.cpp:1:
[build] In file included from C:\Users\pperv\code\unnamed_rpg\vendor\json-schema-validator\src\nlohmann/json-schema.hpp:24:
[build] In file included from C:\Users\pperv\code\unnamed_rpg\vendor\json\include\nlohmann/json.hpp:44:
[build] In file included from C:\Users\pperv\code\unnamed_rpg\vendor\json\include\nlohmann/adl_serializer.hpp:14:
[build] In file included from C:\Users\pperv\code\unnamed_rpg\vendor\json\include\nlohmann/detail/conversions/from_json.hpp:24:
[build] In file included from C:\Users\pperv\code\unnamed_rpg\vendor\json\include\nlohmann/detail/exceptions.hpp:25:
[build] C:\Users\pperv\code\unnamed_rpg\vendor\json\include\nlohmann/detail/meta/type_traits.hpp(58,1): warning: variadic templates are incompatible with C++98 [-Wc++98-compat]
[build]    58 | NLOHMANN_BASIC_JSON_TPL_DECLARATION
[build]       | ^
[build] C:\Users\pperv\code\unnamed_rpg\vendor\json\include\nlohmann/detail/macro_scope.hpp(337,51): note: expanded from macro 'NLOHMANN_BASIC_JSON_TPL_DECLARATION'
[build]   337 |     template<template<typename, typename, typename...> class ObjectType,   \
[build]       |                                                   ^
[build] In file included from C:\Users\pperv\code\unnamed_rpg\vendor\json-schema-validator\src\string-format-check.cpp:1:
[build] In file included from C:\Users\pperv\code\unnamed_rpg\vendor\json-schema-validator\src\nlohmann/json-schema.hpp:24:
[build] In file included from C:\Users\pperv\code\unnamed_rpg\vendor\json\include\nlohmann/json.hpp:44:
[build] In file included from C:\Users\pperv\code\unnamed_rpg\vendor\json\include\nlohmann/adl_serializer.hpp:14:
[build] In file included from C:\Users\pperv\code\unnamed_rpg\vendor\json\include\nlohmann/detail/conversions/from_json.hpp:24:
[build] In file included from C:\Users\pperv\code\unnamed_rpg\vendor\json\include\nlohmann/detail/exceptions.hpp:25:
[build] C:\Users\pperv\code\unnamed_rpg\vendor\json\include\nlohmann/detail/meta/type_traits.hpp(58,1): warning: variadic templates are incompatible with C++98 [-Wc++98-compat]
[build] C:\Users\pperv\code\unnamed_rpg\vendor\json\include\nlohmann/detail/macro_scope.hpp(338,41): note: expanded from macro 'NLOHMANN_BASIC_JSON_TPL_DECLARATION'
[build]   338 |              template<typename, typename...> class ArrayType,              \
[build]       |                                         ^
[build] In file included from C:\Users\pperv\code\unnamed_rpg\vendor\json-schema-validator\src\string-format-check.cpp:1:
[build] In file included from C:\Users\pperv\code\unnamed_rpg\vendor\json-schema-validator\src\nlohmann/json-schema.hpp:24:
[build] In file included from C:\Users\pperv\code\unnamed_rpg\vendor\json\include\nlohmann/json.hpp:44:
[build] In file included from C:\Users\pperv\code\unnamed_rpg\vendor\json\include\nlohmann/adl_serializer.hpp:14:
[build] In file included from C:\Users\pperv\code\unnamed_rpg\vendor\json\include\nlohmann/detail/conversions/from_json.hpp:24:
[build] In file included from C:\Users\pperv\code\unnamed_rpg\vendor\json\include\nlohmann/detail/exceptions.hpp:25:
[build] C:\Users\pperv\code\unnamed_rpg\vendor\json\include\nlohmann/detail/meta/type_traits.hpp(82,30): warning: consecutive right angle brackets are incompatible with C++98 (use '> >') [-Wc++98-compat]
[build]    82 | struct is_json_ref<json_ref<T>> : std::true_type {};
[build]       |                              ^~
[build]       |                              > >
[build] C:\Users\pperv\code\unnamed_rpg\vendor\json\include\nlohmann/detail/meta/type_traits.hpp(89,23): warning: alias declarations are incompatible with C++98 [-Wc++98-compat]
[build]    89 | using mapped_type_t = typename T::mapped_type;
[build]       |                       ^
[build] C:\Users\pperv\code\unnamed_rpg\vendor\json\include\nlohmann/detail/meta/type_traits.hpp(92,20): warning: alias declarations are incompatible with C++98 [-Wc++98-compat]
[build]    92 | using key_type_t = typename T::key_type;
[build]       |                    ^
[build] C:\Users\pperv\code\unnamed_rpg\vendor\json\include\nlohmann/detail/meta/type_traits.hpp(95,22): warning: alias declarations are incompatible with C++98 [-Wc++98-compat]
[build]    95 | using value_type_t = typename T::value_type;
[build]       |                      ^
[build] C:\Users\pperv\code\unnamed_rpg\vendor\json\include\nlohmann/detail/meta/type_traits.hpp(98,27): warning: alias declarations are incompatible with C++98 [-Wc++98-compat]
[build]    98 | using difference_type_t = typename T::difference_type;
[build]       |                           ^
[build] C:\Users\pperv\code\unnamed_rpg\vendor\json\include\nlohmann/detail/meta/type_traits.hpp(101,19): warning: alias declarations are incompatible with C++98 [-Wc++98-compat]
[build]   101 | using pointer_t = typename T::pointer;
[build]       |                   ^
[build] C:\Users\pperv\code\unnamed_rpg\vendor\json\include\nlohmann/detail/meta/type_traits.hpp(104,21): warning: alias declarations are incompatible with C++98 [-Wc++98-compat]
[build]   104 | using reference_t = typename T::reference;
[build]       |                     ^
[build] C:\Users\pperv\code\unnamed_rpg\vendor\json\include\nlohmann/detail/meta/type_traits.hpp(107,29): warning: alias declarations are incompatible with C++98 [-Wc++98-compat]
[build]   107 | using iterator_category_t = typename T::iterator_category;
[build]       |                             ^
[build] C:\Users\pperv\code\unnamed_rpg\vendor\json\include\nlohmann/detail/meta/type_traits.hpp(109,30): warning: variadic templates are incompatible with C++98 [-Wc++98-compat]
[build]   109 | template<typename T, typename... Args>
[build]       |                              ^
[build] C:\Users\pperv\code\unnamed_rpg\vendor\json\include\nlohmann/detail/meta/type_traits.hpp(110,26): warning: alias declarations are incompatible with C++98 [-Wc++98-compat]
[build]   110 | using to_json_function = decltype(T::to_json(std::declval<Args>()...));
[build]       |                          ^
[build] C:\Users\pperv\code\unnamed_rpg\vendor\json\include\nlohmann/detail/meta/type_traits.hpp(110,26): warning: 'decltype' type specifier is incompatible with C++98 [-Wc++98-compat]
[build] C:\Users\pperv\code\unnamed_rpg\vendor\json\include\nlohmann/detail/meta/type_traits.hpp(112,30): warning: variadic templates are incompatible with C++98 [-Wc++98-compat]
[build]   112 | template<typename T, typename... Args>
[build]       |                              ^
[build] C:\Users\pperv\code\unnamed_rpg\vendor\json\include\nlohmann/detail/meta/type_traits.hpp(113,28): warning: alias declarations are incompatible with C++98 [-Wc++98-compat]
[build]   113 | using from_json_function = decltype(T::from_json(std::declval<Args>()...));
[build]       |                            ^
[build] C:\Users\pperv\code\unnamed_rpg\vendor\json\include\nlohmann/detail/meta/type_traits.hpp(113,28): warning: 'decltype' type specifier is incompatible with C++98 [-Wc++98-compat]
[build] C:\Users\pperv\code\unnamed_rpg\vendor\json\include\nlohmann/detail/meta/type_traits.hpp(116,31): warning: alias declarations are incompatible with C++98 [-Wc++98-compat]
[build]   116 | using get_template_function = decltype(std::declval<T>().template get<U>());
[build]       |                               ^
[build] C:\Users\pperv\code\unnamed_rpg\vendor\json\include\nlohmann/detail/meta/type_traits.hpp(116,31): warning: 'decltype' type specifier is incompatible with C++98 [-Wc++98-compat]
[build] C:\Users\pperv\code\unnamed_rpg\vendor\json\include\nlohmann/detail/meta/type_traits.hpp(129,12): warning: 'constexpr' specifier is incompatible with C++98 [-Wc++98-compat]
[build]   129 |     static constexpr bool value = is_detected<get_template_function, const BasicJsonType&, T>::value;
[build]       |            ^
[build] C:\Users\pperv\code\unnamed_rpg\vendor\json\include\nlohmann/detail/meta/type_traits.hpp(133,81): warning: consecutive right angle brackets are incompatible with C++98 (use '> >') [-Wc++98-compat]
[build]   133 | struct has_from_json < BasicJsonType, T, enable_if_t < !is_basic_json<T>::value >>
[build]       |                                                                                 ^~
[build]       |                                                                                 > >
[build] C:\Users\pperv\code\unnamed_rpg\vendor\json\include\nlohmann/detail/meta/type_traits.hpp(135,24): warning: alias declarations are incompatible with C++98 [-Wc++98-compat]
[build]   135 |     using serializer = typename BasicJsonType::template json_serializer<T, void>;
[build]       |                        ^
[build] C:\Users\pperv\code\unnamed_rpg\vendor\json\include\nlohmann/detail/meta/type_traits.hpp(137,12): warning: 'constexpr' specifier is incompatible with C++98 [-Wc++98-compat]
[build]   137 |     static constexpr bool value =
[build]       |            ^
[build] C:\Users\pperv\code\unnamed_rpg\vendor\json\include\nlohmann/detail/meta/type_traits.hpp(148,93): warning: consecutive right angle brackets are incompatible with C++98 (use '> >') [-Wc++98-compat]
[build]   148 | struct has_non_default_from_json < BasicJsonType, T, enable_if_t < !is_basic_json<T>::value >>
[build]       |                                                                                             ^~
[build]       |                                                                                             > >
[build] C:\Users\pperv\code\unnamed_rpg\vendor\json\include\nlohmann/detail/meta/type_traits.hpp(150,24): warning: alias declarations are incompatible with C++98 [-Wc++98-compat]
[build]   150 |     using serializer = typename BasicJsonType::template json_serializer<T, void>;
[build]       |                        ^
[build] C:\Users\pperv\code\unnamed_rpg\vendor\json\include\nlohmann/detail/meta/type_traits.hpp(152,12): warning: 'constexpr' specifier is incompatible with C++98 [-Wc++98-compat]
[build]   152 |     static constexpr bool value =
[build]       |            ^
[build] C:\Users\pperv\code\unnamed_rpg\vendor\json\include\nlohmann/detail/meta/type_traits.hpp(163,79): warning: consecutive right angle brackets are incompatible with C++98 (use '> >') [-Wc++98-compat]
[build]   163 | struct has_to_json < BasicJsonType, T, enable_if_t < !is_basic_json<T>::value >>
[build]       |                                                                               ^~
[build]       |                                                                               > >
[build] C:\Users\pperv\code\unnamed_rpg\vendor\json\include\nlohmann/detail/meta/type_traits.hpp(165,24): warning: alias declarations are incompatible with C++98 [-Wc++98-compat]
[build]   165 |     using serializer = typename BasicJsonType::template json_serializer<T, void>;
[build]       |                        ^
[build] C:\Users\pperv\code\unnamed_rpg\vendor\json\include\nlohmann/detail/meta/type_traits.hpp(167,12): warning: 'constexpr' specifier is incompatible with C++98 [-Wc++98-compat]
[build]   167 |     static constexpr bool value =
[build]       |            ^
[build] C:\Users\pperv\code\unnamed_rpg\vendor\json\include\nlohmann/detail/meta/type_traits.hpp(173,28): warning: alias declarations are incompatible with C++98 [-Wc++98-compat]
[build]   173 | using detect_key_compare = typename T::key_compare;
[build]       |                            ^
[build] C:\Users\pperv\code\unnamed_rpg\vendor\json\include\nlohmann/detail/meta/type_traits.hpp(182,22): warning: alias declarations are incompatible with C++98 [-Wc++98-compat]
[build]   182 |     using object_t = typename BasicJsonType::object_t;
[build]       |                      ^
[build] C:\Users\pperv\code\unnamed_rpg\vendor\json\include\nlohmann/detail/meta/type_traits.hpp(183,33): warning: alias declarations are incompatible with C++98 [-Wc++98-compat]
[build]   183 |     using object_comparator_t = typename BasicJsonType::default_object_comparator_t;
[build]       |                                 ^
[build] C:\Users\pperv\code\unnamed_rpg\vendor\json\include\nlohmann/detail/meta/type_traits.hpp(184,18): warning: alias declarations are incompatible with C++98 [-Wc++98-compat]
[build]   184 |     using type = typename std::conditional < has_key_compare<object_t>::value,
[build]       |                  ^
[build] C:\Users\pperv\code\unnamed_rpg\vendor\json\include\nlohmann/detail/meta/type_traits.hpp(189,36): warning: alias declarations are incompatible with C++98 [-Wc++98-compat]
[build]   189 | using actual_object_comparator_t = typename actual_object_comparator<BasicJsonType>::type;
[build]       |                                    ^
[build] C:\Users\pperv\code\unnamed_rpg\vendor\json\include\nlohmann/detail/meta/type_traits.hpp(204,23): warning: alias declarations are incompatible with C++98 [-Wc++98-compat]
[build]   204 |     using char_type = unsigned char;
[build]       |                       ^
[build] C:\Users\pperv\code\unnamed_rpg\vendor\json\include\nlohmann/detail/meta/type_traits.hpp(205,22): warning: alias declarations are incompatible with C++98 [-Wc++98-compat]
[build]   205 |     using int_type = uint64_t;
[build]       |                      ^
[build] C:\Users\pperv\code\unnamed_rpg\vendor\json\include\nlohmann/detail/meta/type_traits.hpp(209,5): warning: noexcept specifications are incompatible with C++98 [-Wc++98-compat]
[build]   209 |     {
[build]       |     ^
[build] C:\Users\pperv\code\unnamed_rpg\vendor\json\include\nlohmann/detail/meta/type_traits.hpp(214,5): warning: noexcept specifications are incompatible with C++98 [-Wc++98-compat]
[build]   214 |     {
[build]       |     ^
[build] C:\Users\pperv\code\unnamed_rpg\vendor\json\include\nlohmann/detail/meta/type_traits.hpp(218,12): warning: 'constexpr' specifier is incompatible with C++98 [-Wc++98-compat]
[build]   218 |     static constexpr int_type eof() noexcept
[build]       |            ^
[build] C:\Users\pperv\code\unnamed_rpg\vendor\json\include\nlohmann/detail/meta/type_traits.hpp(219,5): warning: noexcept specifications are incompatible with C++98 [-Wc++98-compat]
[build]   219 |     {
[build]       |     ^
[build] C:\Users\pperv\code\unnamed_rpg\vendor\json\include\nlohmann/detail/meta/type_traits.hpp(228,23): warning: alias declarations are incompatible with C++98 [-Wc++98-compat]
[build]   228 |     using char_type = signed char;
[build]       |                       ^
[build] C:\Users\pperv\code\unnamed_rpg\vendor\json\include\nlohmann/detail/meta/type_traits.hpp(229,22): warning: alias declarations are incompatible with C++98 [-Wc++98-compat]
[build]   229 |     using int_type = uint64_t;
[build]       |                      ^
[build] C:\Users\pperv\code\unnamed_rpg\vendor\json\include\nlohmann/detail/meta/type_traits.hpp(233,5): warning: noexcept specifications are incompatible with C++98 [-Wc++98-compat]
[build]   233 |     {
[build]       |     ^
[build] C:\Users\pperv\code\unnamed_rpg\vendor\json\include\nlohmann/detail/meta/type_traits.hpp(240,5): warning: noexcept specifications are incompatible with C++98 [-Wc++98-compat]
[build]   240 |     {
[build]       |     ^
[build] C:\Users\pperv\code\unnamed_rpg\vendor\json\include\nlohmann/detail/meta/type_traits.hpp(244,12): warning: 'constexpr' specifier is incompatible with C++98 [-Wc++98-compat]
[build]   244 |     static constexpr int_type eof() noexcept
[build]       |            ^
[build] C:\Users\pperv\code\unnamed_rpg\vendor\json\include\nlohmann/detail/meta/type_traits.hpp(245,5): warning: noexcept specifications are incompatible with C++98 [-Wc++98-compat]
[build]   245 |     {
[build]       |     ^
[build] C:\Users\pperv\code\unnamed_rpg\vendor\json\include\nlohmann/detail/meta/type_traits.hpp(279,15): warning: variadic templates are incompatible with C++98 [-Wc++98-compat]
[build]   279 | template<class...> struct conjunction : std::true_type { };
[build]       |               ^
[build] C:\Users\pperv\code\unnamed_rpg\vendor\json\include\nlohmann/detail/meta/type_traits.hpp(281,24): warning: variadic templates are incompatible with C++98 [-Wc++98-compat]
[build]   281 | template<class B, class... Bn>
[build]       |                        ^
[build] C:\Users\pperv\code\unnamed_rpg\vendor\json\include\nlohmann/detail/meta/type_traits.hpp(295,49): warning: consecutive right angle brackets are incompatible with C++98 (use '> >') [-Wc++98-compat]
[build]   295 | struct is_default_constructible<std::pair<T1, T2>>
[build]       |                                                 ^~
[build]       |                                                 > >
[build] C:\Users\pperv\code\unnamed_rpg\vendor\json\include\nlohmann/detail/meta/type_traits.hpp(296,76): warning: consecutive right angle brackets are incompatible with C++98 (use '> >') [-Wc++98-compat]
[build]   296 |     : conjunction<is_default_constructible<T1>, is_default_constructible<T2>> {};
[build]       |                                                                            ^~
[build]       |                                                                            > >
[build] C:\Users\pperv\code\unnamed_rpg\vendor\json\include\nlohmann/detail/meta/type_traits.hpp(299,55): warning: consecutive right angle brackets are incompatible with C++98 (use '> >') [-Wc++98-compat]
[build]   299 | struct is_default_constructible<const std::pair<T1, T2>>
[build]       |                                                       ^~
[build]       |                                                       > >
[build] C:\Users\pperv\code\unnamed_rpg\vendor\json\include\nlohmann/detail/meta/type_traits.hpp(300,76): warning: consecutive right angle brackets are incompatible with C++98 (use '> >') [-Wc++98-compat]
[build]   300 |     : conjunction<is_default_constructible<T1>, is_default_constructible<T2>> {};
[build]       |                                                                            ^~
[build]       |                                                                            > >
[build] C:\Users\pperv\code\unnamed_rpg\vendor\json\include\nlohmann/detail/meta/type_traits.hpp(302,19): warning: variadic templates are incompatible with C++98 [-Wc++98-compat]
[build]   302 | template <typename... Ts>
[build]       |                   ^
[build] C:\Users\pperv\code\unnamed_rpg\vendor\json\include\nlohmann/detail/meta/type_traits.hpp(303,49): warning: consecutive right angle brackets are incompatible with C++98 (use '> >') [-Wc++98-compat]
[build]   303 | struct is_default_constructible<std::tuple<Ts...>>
[build]       |                                                 ^~
[build]       |                                                 > >
[build] C:\Users\pperv\code\unnamed_rpg\vendor\json\include\nlohmann/detail/meta/type_traits.hpp(306,19): warning: variadic templates are incompatible with C++98 [-Wc++98-compat]
[build]   306 | template <typename... Ts>
[build]       |                   ^
[build] C:\Users\pperv\code\unnamed_rpg\vendor\json\include\nlohmann/detail/meta/type_traits.hpp(307,55): warning: consecutive right angle brackets are incompatible with C++98 (use '> >') [-Wc++98-compat]
[build]   307 | struct is_default_constructible<const std::tuple<Ts...>>
[build]       |                                                       ^~
[build]       |                                                       > >
[build] C:\Users\pperv\code\unnamed_rpg\vendor\json\include\nlohmann/detail/meta/type_traits.hpp(310,31): warning: variadic templates are incompatible with C++98 [-Wc++98-compat]
[build]   310 | template <typename T, typename... Args>
[build]       |                               ^
[build] C:\Users\pperv\code\unnamed_rpg\vendor\json\include\nlohmann/detail/meta/type_traits.hpp(314,41): warning: consecutive right angle brackets are incompatible with C++98 (use '> >') [-Wc++98-compat]
[build]   314 | struct is_constructible<std::pair<T1, T2>> : is_default_constructible<std::pair<T1, T2>> {};
[build]       |                                         ^~
[build]       |                                         > >
[build] C:\Users\pperv\code\unnamed_rpg\vendor\json\include\nlohmann/detail/meta/type_traits.hpp(314,87): warning: consecutive right angle brackets are incompatible with C++98 (use '> >') [-Wc++98-compat]
[build]   314 | struct is_constructible<std::pair<T1, T2>> : is_default_constructible<std::pair<T1, T2>> {};
[build]       |                                                                                       ^~
[build]       |                                                                                       > >
[build] C:\Users\pperv\code\unnamed_rpg\vendor\json\include\nlohmann/detail/meta/type_traits.hpp(317,47): warning: consecutive right angle brackets are incompatible with C++98 (use '> >') [-Wc++98-compat]
[build]   317 | struct is_constructible<const std::pair<T1, T2>> : is_default_constructible<const std::pair<T1, T2>> {};
[build]       |                                               ^~
[build]       |                                               > >
[build] C:\Users\pperv\code\unnamed_rpg\vendor\json\include\nlohmann/detail/meta/type_traits.hpp(317,99): warning: consecutive right angle brackets are incompatible with C++98 (use '> >') [-Wc++98-compat]
[build]   317 | struct is_constructible<const std::pair<T1, T2>> : is_default_constructible<const std::pair<T1, T2>> {};
[build]       |                                                                                                   ^~
[build]       |                                                                                                   > >
[build] C:\Users\pperv\code\unnamed_rpg\vendor\json\include\nlohmann/detail/meta/type_traits.hpp(319,19): warning: variadic templates are incompatible with C++98 [-Wc++98-compat]
[build]   319 | template <typename... Ts>
[build]       |                   ^
[build] C:\Users\pperv\code\unnamed_rpg\vendor\json\include\nlohmann/detail/meta/type_traits.hpp(320,41): warning: consecutive right angle brackets are incompatible with C++98 (use '> >') [-Wc++98-compat]
[build]   320 | struct is_constructible<std::tuple<Ts...>> : is_default_constructible<std::tuple<Ts...>> {};
[build]       |                                         ^~
[build]       |                                         > >
[build] C:\Users\pperv\code\unnamed_rpg\vendor\json\include\nlohmann/detail/meta/type_traits.hpp(320,87): warning: consecutive right angle brackets are incompatible with C++98 (use '> >') [-Wc++98-compat]
[build]   320 | struct is_constructible<std::tuple<Ts...>> : is_default_constructible<std::tuple<Ts...>> {};
[build]       |                                                                                       ^~
[build]       |                                                                                       > >
[build] C:\Users\pperv\code\unnamed_rpg\vendor\json\include\nlohmann/detail/meta/type_traits.hpp(322,19): warning: variadic templates are incompatible with C++98 [-Wc++98-compat]
[build]   322 | template <typename... Ts>
[build]       |                   ^
[build] C:\Users\pperv\code\unnamed_rpg\vendor\json\include\nlohmann/detail/meta/type_traits.hpp(323,47): warning: consecutive right angle brackets are incompatible with C++98 (use '> >') [-Wc++98-compat]
[build]   323 | struct is_constructible<const std::tuple<Ts...>> : is_default_constructible<const std::tuple<Ts...>> {};
[build]       |                                               ^~
[build]       |                                               > >
[build] C:\Users\pperv\code\unnamed_rpg\vendor\json\include\nlohmann/detail/meta/type_traits.hpp(323,99): warning: consecutive right angle brackets are incompatible with C++98 (use '> >') [-Wc++98-compat]
[build]   323 | struct is_constructible<const std::tuple<Ts...>> : is_default_constructible<const std::tuple<Ts...>> {};
[build]       |                                                                                                   ^~
[build]       |                                                                                                   > >
[build] C:\Users\pperv\code\unnamed_rpg\vendor\json\include\nlohmann/detail/meta/type_traits.hpp(329,44): warning: consecutive right angle brackets are incompatible with C++98 (use '> >') [-Wc++98-compat]
[build]   329 | struct is_iterator_traits<iterator_traits<T>>
[build]       |                                            ^~
[build]       |                                            > >
[build] C:\Users\pperv\code\unnamed_rpg\vendor\json\include\nlohmann/detail/meta/type_traits.hpp(332,20): warning: alias declarations are incompatible with C++98 [-Wc++98-compat]
[build]   332 |     using traits = iterator_traits<T>;
[build]       |                    ^
[build] C:\Users\pperv\code\unnamed_rpg\vendor\json\include\nlohmann/detail/meta/type_traits.hpp(335,12): warning: 'constexpr' specifier is incompatible with C++98 [-Wc++98-compat]
[build]   335 |     static constexpr auto value =
[build]       |            ^
[build] C:\Users\pperv\code\unnamed_rpg\vendor\json\include\nlohmann/detail/meta/type_traits.hpp(335,22): warning: 'auto' type specifier is incompatible with C++98 [-Wc++98-compat]
[build]   335 |     static constexpr auto value =
[build]       |                      ^~~~
[build] C:\Users\pperv\code\unnamed_rpg\vendor\json\include\nlohmann/detail/meta/type_traits.hpp(347,19): warning: alias declarations are incompatible with C++98 [-Wc++98-compat]
[build]   347 |     using t_ref = typename std::add_lvalue_reference<T>::type;
[build]       |                   ^
[build] C:\Users\pperv\code\unnamed_rpg\vendor\json\include\nlohmann/detail/meta/type_traits.hpp(349,22): warning: alias declarations are incompatible with C++98 [-Wc++98-compat]
[build]   349 |     using iterator = detected_t<result_of_begin, t_ref>;
[build]       |                      ^
[build] C:\Users\pperv\code\unnamed_rpg\vendor\json\include\nlohmann/detail/meta/type_traits.hpp(350,22): warning: alias declarations are incompatible with C++98 [-Wc++98-compat]
[build]   350 |     using sentinel = detected_t<result_of_end, t_ref>;
[build]       |                      ^
[build] C:\Users\pperv\code\unnamed_rpg\vendor\json\include\nlohmann/detail/meta/type_traits.hpp(355,12): warning: 'constexpr' specifier is incompatible with C++98 [-Wc++98-compat]
[build]   355 |     static constexpr auto is_iterator_begin =
[build]       |            ^
[build] C:\Users\pperv\code\unnamed_rpg\vendor\json\include\nlohmann/detail/meta/type_traits.hpp(355,22): warning: 'auto' type specifier is incompatible with C++98 [-Wc++98-compat]
[build]   355 |     static constexpr auto is_iterator_begin =
[build]       |                      ^~~~
[build] C:\Users\pperv\code\unnamed_rpg\vendor\json\include\nlohmann/detail/meta/type_traits.hpp(356,52): warning: consecutive right angle brackets are incompatible with C++98 (use '> >') [-Wc++98-compat]
[build]   356 |         is_iterator_traits<iterator_traits<iterator>>::value;
[build]       |                                                    ^~
[build]       |                                                    > >
[build] C:\Users\pperv\code\unnamed_rpg\vendor\json\include\nlohmann/detail/meta/type_traits.hpp(359,12): warning: 'constexpr' specifier is incompatible with C++98 [-Wc++98-compat]
[build]   359 |     static constexpr bool value = !std::is_same<iterator, nonesuch>::value && !std::is_same<sentinel, nonesuch>::value && is_iterator_begin;
[build]       |            ^
[build] C:\Users\pperv\code\unnamed_rpg\vendor\json\include\nlohmann/detail/meta/type_traits.hpp(363,20): warning: alias declarations are incompatible with C++98 [-Wc++98-compat]
[build]   363 | using iterator_t = enable_if_t<is_range<R>::value, result_of_begin<decltype(std::declval<R&>())>>;
[build]       |                    ^
[build] C:\Users\pperv\code\unnamed_rpg\vendor\json\include\nlohmann/detail/meta/type_traits.hpp(363,68): warning: 'decltype' type specifier is incompatible with C++98 [-Wc++98-compat]
[build]   363 | using iterator_t = enable_if_t<is_range<R>::value, result_of_begin<decltype(std::declval<R&>())>>;
[build]       |                                                                    ^
[build] C:\Users\pperv\code\unnamed_rpg\vendor\json\include\nlohmann/detail/meta/type_traits.hpp(363,96): warning: consecutive right angle brackets are incompatible with C++98 (use '> >') [-Wc++98-compat]
[build]   363 | using iterator_t = enable_if_t<is_range<R>::value, result_of_begin<decltype(std::declval<R&>())>>;
[build]       |                                                                                                ^~
[build]       |                                                                                                > >
[build] C:\Users\pperv\code\unnamed_rpg\vendor\json\include\nlohmann/detail/meta/type_traits.hpp(366,23): warning: alias declarations are incompatible with C++98 [-Wc++98-compat]
[build]   366 | using range_value_t = value_type_t<iterator_traits<iterator_t<T>>>;
[build]       |                       ^
[build] C:\Users\pperv\code\unnamed_rpg\vendor\json\include\nlohmann/detail/meta/type_traits.hpp(366,64): warning: consecutive right angle brackets are incompatible with C++98 (use '> >') [-Wc++98-compat]
[build]   366 | using range_value_t = value_type_t<iterator_traits<iterator_t<T>>>;
[build]       |                                                                ^~
[build]       |                                                                > > 
[build] C:\Users\pperv\code\unnamed_rpg\vendor\json\include\nlohmann/detail/meta/type_traits.hpp(376,28): warning: 'decltype' type specifier is incompatible with C++98 [-Wc++98-compat]
[build]   376 | struct is_complete_type<T, decltype(void(sizeof(T)))> : std::true_type {};
[build]       |                            ^
[build] C:\Users\pperv\code\unnamed_rpg\vendor\json\include\nlohmann/detail/meta/type_traits.hpp(386,58): warning: consecutive right angle brackets are incompatible with C++98 (use '> >') [-Wc++98-compat]
[build]   386 |     is_detected<key_type_t, CompatibleObjectType>::value >>
[build]       |                                                          ^~
[build]       |                                                          > >
[build] C:\Users\pperv\code\unnamed_rpg\vendor\json\include\nlohmann/detail/meta/type_traits.hpp(388,22): warning: alias declarations are incompatible with C++98 [-Wc++98-compat]
[build]   388 |     using object_t = typename BasicJsonType::object_t;
[build]       |                      ^
[build] C:\Users\pperv\code\unnamed_rpg\vendor\json\include\nlohmann/detail/meta/type_traits.hpp(391,12): warning: 'constexpr' specifier is incompatible with C++98 [-Wc++98-compat]
[build]   391 |     static constexpr bool value =
[build]       |            ^
[build] C:\Users\pperv\code\unnamed_rpg\vendor\json\include\nlohmann/detail/meta/type_traits.hpp(410,61): warning: consecutive right angle brackets are incompatible with C++98 (use '> >') [-Wc++98-compat]
[build]   410 |     is_detected<key_type_t, ConstructibleObjectType>::value >>
[build]       |                                                             ^~
[build]       |                                                             > >
[build] C:\Users\pperv\code\unnamed_rpg\vendor\json\include\nlohmann/detail/meta/type_traits.hpp(412,22): warning: alias declarations are incompatible with C++98 [-Wc++98-compat]
[build]   412 |     using object_t = typename BasicJsonType::object_t;
[build]       |                      ^
[build] C:\Users\pperv\code\unnamed_rpg\vendor\json\include\nlohmann/detail/meta/type_traits.hpp(414,12): warning: 'constexpr' specifier is incompatible with C++98 [-Wc++98-compat]
[build]   414 |     static constexpr bool value =
[build]       |            ^
[build] C:\Users\pperv\code\unnamed_rpg\vendor\json\include\nlohmann/detail/meta/type_traits.hpp(438,12): warning: 'constexpr' specifier is incompatible with C++98 [-Wc++98-compat]
[build]   438 |     static constexpr auto value =
[build]       |            ^
[build] C:\Users\pperv\code\unnamed_rpg\vendor\json\include\nlohmann/detail/meta/type_traits.hpp(438,22): warning: 'auto' type specifier is incompatible with C++98 [-Wc++98-compat]
[build]   438 |     static constexpr auto value =
[build]       |                      ^~~~
[build] C:\Users\pperv\code\unnamed_rpg\vendor\json\include\nlohmann/detail/meta/type_traits.hpp(449,28): warning: alias declarations are incompatible with C++98 [-Wc++98-compat]
[build]   449 |     using laundered_type = ConstructibleStringType;
[build]       |                            ^
[build] C:\Users\pperv\code\unnamed_rpg\vendor\json\include\nlohmann/detail/meta/type_traits.hpp(452,12): warning: 'constexpr' specifier is incompatible with C++98 [-Wc++98-compat]
[build]   452 |     static constexpr auto value =
[build]       |            ^
[build] C:\Users\pperv\code\unnamed_rpg\vendor\json\include\nlohmann/detail/meta/type_traits.hpp(452,22): warning: 'auto' type specifier is incompatible with C++98 [-Wc++98-compat]
[build]   452 |     static constexpr auto value =
[build]       |                      ^~~~
[build] C:\Users\pperv\code\unnamed_rpg\vendor\json\include\nlohmann/detail/meta/type_traits.hpp(456,38): warning: consecutive right angle brackets are incompatible with C++98 (use '> >') [-Wc++98-compat]
[build]   456 |         value_type_t, laundered_type >>::value;
[build]       |                                      ^~
[build]       |                                      > >
[build] C:\Users\pperv\code\unnamed_rpg\vendor\json\include\nlohmann/detail/meta/type_traits.hpp(467,70): warning: consecutive right angle brackets are incompatible with C++98 (use '> >') [-Wc++98-compat]
[build]   467 | template<typename T> struct is_iteration_proxy_type<iteration_proxy<T>>       : std::true_type {};
[build]       |                                                                      ^~
[build]       |                                                                      > >
[build] C:\Users\pperv\code\unnamed_rpg\vendor\json\include\nlohmann/detail/meta/type_traits.hpp(468,76): warning: consecutive right angle brackets are incompatible with C++98 (use '> >') [-Wc++98-compat]
[build]   468 | template<typename T> struct is_iteration_proxy_type<iteration_proxy_value<T>> : std::true_type {};
[build]       |                                                                            ^~
[build]       |                                                                            > >
[build] C:\Users\pperv\code\unnamed_rpg\vendor\json\include\nlohmann/detail/meta/type_traits.hpp(512,82): warning: consecutive right angle brackets are incompatible with C++98 (use '> >') [-Wc++98-compat]
[build]   512 |     is_iterator_traits<iterator_traits<detected_t<iterator_t, CompatibleArrayType>>>::value&&
[build]       |                                                                                  ^~
[build]       |                                                                                  > > 
[build] C:\Users\pperv\code\unnamed_rpg\vendor\json\include\nlohmann/detail/meta/type_traits.hpp(515,85): warning: consecutive right angle brackets are incompatible with C++98 (use '> >') [-Wc++98-compat]
[build]   515 |     !std::is_same<CompatibleArrayType, detected_t<range_value_t, CompatibleArrayType>>::value
[build]       |                                                                                     ^~
[build]       |                                                                                     > >
[build] C:\Users\pperv\code\unnamed_rpg\vendor\json\include\nlohmann/detail/meta/type_traits.hpp(523,13): warning: consecutive right angle brackets are incompatible with C++98 (use '> >') [-Wc++98-compat]
[build]   523 |             >>
[build]       |             ^~
[build]       |             > >
[build] C:\Users\pperv\code\unnamed_rpg\vendor\json\include\nlohmann/detail/meta/type_traits.hpp(525,12): warning: 'constexpr' specifier is incompatible with C++98 [-Wc++98-compat]
[build]   525 |     static constexpr bool value =
[build]       |            ^
[build] C:\Users\pperv\code\unnamed_rpg\vendor\json\include\nlohmann/detail/meta/type_traits.hpp(527,42): warning: consecutive right angle brackets are incompatible with C++98 (use '> >') [-Wc++98-compat]
[build]   527 |         range_value_t<CompatibleArrayType>>::value;
[build]       |                                          ^~
[build]       |                                          > >
[build] C:\Users\pperv\code\unnamed_rpg\vendor\json\include\nlohmann/detail/meta/type_traits.hpp(558,48): warning: consecutive right angle brackets are incompatible with C++98 (use '> >') [-Wc++98-compat]
[build]   558 |     typename BasicJsonType::value_type>::value >>
[build]       |                                                ^~
[build]       |                                                > >
[build] C:\Users\pperv\code\unnamed_rpg\vendor\json\include\nlohmann/detail/meta/type_traits.hpp(571,81): warning: consecutive right angle brackets are incompatible with C++98 (use '> >') [-Wc++98-compat]
[build]   571 | is_iterator_traits<iterator_traits<detected_t<iterator_t, ConstructibleArrayType>>>::value&&
[build]       |                                                                                 ^~
[build]       |                                                                                 > > 
[build] C:\Users\pperv\code\unnamed_rpg\vendor\json\include\nlohmann/detail/meta/type_traits.hpp(575,87): warning: consecutive right angle brackets are incompatible with C++98 (use '> >') [-Wc++98-compat]
[build]   575 | !std::is_same<ConstructibleArrayType, detected_t<range_value_t, ConstructibleArrayType>>::value&&
[build]       |                                                                                       ^~
[build]       |                                                                                       > >
[build] C:\Users\pperv\code\unnamed_rpg\vendor\json\include\nlohmann/detail/meta/type_traits.hpp(577,50): warning: consecutive right angle brackets are incompatible with C++98 (use '> >') [-Wc++98-compat]
[build]   577 | detected_t<range_value_t, ConstructibleArrayType >>::value >>
[build]       |                                                  ^~
[build]       |                                                  > >
[build] C:\Users\pperv\code\unnamed_rpg\vendor\json\include\nlohmann/detail/meta/type_traits.hpp(577,60): warning: consecutive right angle brackets are incompatible with C++98 (use '> >') [-Wc++98-compat]
[build]   577 | detected_t<range_value_t, ConstructibleArrayType >>::value >>
[build]       |                                                            ^~
[build]       |                                                            > >
[build] C:\Users\pperv\code\unnamed_rpg\vendor\json\include\nlohmann/detail/meta/type_traits.hpp(579,24): warning: alias declarations are incompatible with C++98 [-Wc++98-compat]
[build]   579 |     using value_type = range_value_t<ConstructibleArrayType>;
[build]       |                        ^
[build] C:\Users\pperv\code\unnamed_rpg\vendor\json\include\nlohmann/detail/meta/type_traits.hpp(581,12): warning: 'constexpr' specifier is incompatible with C++98 [-Wc++98-compat]
[build]   581 |     static constexpr bool value =
[build]       |            ^
[build] C:\Users\pperv\code\unnamed_rpg\vendor\json\include\nlohmann/detail/meta/type_traits.hpp(604,61): warning: consecutive right angle brackets are incompatible with C++98 (use '> >') [-Wc++98-compat]
[build]   604 |     !std::is_same<bool, CompatibleNumberIntegerType>::value >>
[build]       |                                                             ^~
[build]       |                                                             > >
[build] C:\Users\pperv\code\unnamed_rpg\vendor\json\include\nlohmann/detail/meta/type_traits.hpp(607,24): warning: alias declarations are incompatible with C++98 [-Wc++98-compat]
[build]   607 |     using RealLimits = std::numeric_limits<RealIntegerType>;
[build]       |                        ^
[build] C:\Users\pperv\code\unnamed_rpg\vendor\json\include\nlohmann/detail/meta/type_traits.hpp(608,30): warning: alias declarations are incompatible with C++98 [-Wc++98-compat]
[build]   608 |     using CompatibleLimits = std::numeric_limits<CompatibleNumberIntegerType>;
[build]       |                              ^
[build] C:\Users\pperv\code\unnamed_rpg\vendor\json\include\nlohmann/detail/meta/type_traits.hpp(610,12): warning: 'constexpr' specifier is incompatible with C++98 [-Wc++98-compat]
[build]   610 |     static constexpr auto value =
[build]       |            ^
[build] C:\Users\pperv\code\unnamed_rpg\vendor\json\include\nlohmann/detail/meta/type_traits.hpp(610,22): warning: 'auto' type specifier is incompatible with C++98 [-Wc++98-compat]
[build]   610 |     static constexpr auto value =
[build]       |                      ^~~~
[build] C:\Users\pperv\code\unnamed_rpg\vendor\json\include\nlohmann/detail/meta/type_traits.hpp(628,57): warning: consecutive right angle brackets are incompatible with C++98 (use '> >') [-Wc++98-compat]
[build]   628 |     enable_if_t<is_complete_type<CompatibleType>::value >>
[build]       |                                                         ^~
[build]       |                                                         > >
[build] C:\Users\pperv\code\unnamed_rpg\vendor\json\include\nlohmann/detail/meta/type_traits.hpp(630,12): warning: 'constexpr' specifier is incompatible with C++98 [-Wc++98-compat]
[build]   630 |     static constexpr bool value =
[build]       |            ^
[build] C:\Users\pperv\code\unnamed_rpg\vendor\json\include\nlohmann/detail/meta/type_traits.hpp(641,12): warning: 'constexpr' specifier is incompatible with C++98 [-Wc++98-compat]
[build]   641 |     static constexpr bool value =
[build]       |            ^
[build] C:\Users\pperv\code\unnamed_rpg\vendor\json\include\nlohmann/detail/meta/type_traits.hpp(643,97): warning: consecutive right angle brackets are incompatible with C++98 (use '> >') [-Wc++98-compat]
[build]   643 |         !std::is_same<typename BasicJsonType::binary_t::container_type, std::vector<std::uint8_t>>::value;
[build]       |                                                                                                 ^~
[build]       |                                                                                                 > >
[build] C:\Users\pperv\code\unnamed_rpg\vendor\json\include\nlohmann/detail/meta/type_traits.hpp(649,22): warning: alias declarations are incompatible with C++98 [-Wc++98-compat]
[build]   649 |     using JsonType = uncvref_t<BasicJsonType>;
[build]       |                      ^
[build] C:\Users\pperv\code\unnamed_rpg\vendor\json\include\nlohmann/detail/meta/type_traits.hpp(650,20): warning: alias declarations are incompatible with C++98 [-Wc++98-compat]
[build]   650 |     using CVType = typename std::remove_reference<CompatibleReferenceType>::type;
[build]       |                    ^
[build] C:\Users\pperv\code\unnamed_rpg\vendor\json\include\nlohmann/detail/meta/type_traits.hpp(651,18): warning: alias declarations are incompatible with C++98 [-Wc++98-compat]
[build]   651 |     using Type = typename std::remove_cv<CVType>::type;
[build]       |                  ^
[build] C:\Users\pperv\code\unnamed_rpg\vendor\json\include\nlohmann/detail/meta/type_traits.hpp(652,5): warning: 'constexpr' specifier is incompatible with C++98 [-Wc++98-compat]
[build]   652 |     constexpr static bool value = std::is_reference<CompatibleReferenceType>::value &&
[build]       |     ^
[build] C:\Users\pperv\code\unnamed_rpg\vendor\json\include\nlohmann/detail/meta/type_traits.hpp(671,31): warning: variadic templates are incompatible with C++98 [-Wc++98-compat]
[build]   671 | template<typename T1, typename... Args>
[build]       |                               ^
[build] C:\Users\pperv\code\unnamed_rpg\vendor\json\include\nlohmann/detail/meta/type_traits.hpp(672,53): warning: consecutive right angle brackets are incompatible with C++98 (use '> >') [-Wc++98-compat]
[build]   672 | struct is_constructible_tuple<T1, std::tuple<Args...>> : conjunction<is_constructible<T1, Args>...> {};
[build]       |                                                     ^~
[build]       |                                                     > >
[build] C:\Users\pperv\code\unnamed_rpg\vendor\json\include\nlohmann/detail/meta/type_traits.hpp(685,28): warning: variadic templates are incompatible with C++98 [-Wc++98-compat]
[build]   685 | template<template <typename...> class Primary, typename T>
[build]       |                            ^
[build] C:\Users\pperv\code\unnamed_rpg\vendor\json\include\nlohmann/detail/meta/type_traits.hpp(688,28): warning: variadic templates are incompatible with C++98 [-Wc++98-compat]
[build]   688 | template<template <typename...> class Primary, typename... Args>
[build]       |                            ^
[build] C:\Users\pperv\code\unnamed_rpg\vendor\json\include\nlohmann/detail/meta/type_traits.hpp(688,56): warning: variadic templates are incompatible with C++98 [-Wc++98-compat]
[build]   688 | template<template <typename...> class Primary, typename... Args>
[build]       |                                                        ^
[build] C:\Users\pperv\code\unnamed_rpg\vendor\json\include\nlohmann/detail/meta/type_traits.hpp(689,53): warning: consecutive right angle brackets are incompatible with C++98 (use '> >') [-Wc++98-compat]
[build]   689 | struct is_specialization_of<Primary, Primary<Args...>> : std::true_type {};
[build]       |                                                     ^~
[build]       |                                                     > >
[build] C:\Users\pperv\code\unnamed_rpg\vendor\json\include\nlohmann/detail/meta/type_traits.hpp(692,25): warning: alias declarations are incompatible with C++98 [-Wc++98-compat]
[build]   692 | using is_json_pointer = is_specialization_of<::nlohmann::json_pointer, uncvref_t<T>>;
[build]       |                         ^
[build] C:\Users\pperv\code\unnamed_rpg\vendor\json\include\nlohmann/detail/meta/type_traits.hpp(692,45): warning: '<::' is treated as digraph '<:' (aka '[') followed by ':' in C++98 [-Wc++98-compat]
[build]   692 | using is_json_pointer = is_specialization_of<::nlohmann::json_pointer, uncvref_t<T>>;
[build]       |                                             ^
[build] C:\Users\pperv\code\unnamed_rpg\vendor\json\include\nlohmann/detail/meta/type_traits.hpp(692,83): warning: consecutive right angle brackets are incompatible with C++98 (use '> >') [-Wc++98-compat]
[build]   692 | using is_json_pointer = is_specialization_of<::nlohmann::json_pointer, uncvref_t<T>>;
[build]       |                                                                                   ^~
[build]       |                                                                                   > >
[build] C:\Users\pperv\code\unnamed_rpg\vendor\json\include\nlohmann/detail/meta/type_traits.hpp(699,56): warning: consecutive right angle brackets are incompatible with C++98 (use '> >') [-Wc++98-compat]
[build]   699 | struct is_json_pointer_of<A, ::nlohmann::json_pointer<A>> : std::true_type {};
[build]       |                                                        ^~
[build]       |                                                        > >
[build] C:\Users\pperv\code\unnamed_rpg\vendor\json\include\nlohmann/detail/meta/type_traits.hpp(712,24): warning: 'decltype' type specifier is incompatible with C++98 [-Wc++98-compat]
[build]   712 | std::is_constructible <decltype(std::declval<Compare>()(std::declval<A>(), std::declval<B>()))>::value
[build]       |                        ^
[build] C:\Users\pperv\code\unnamed_rpg\vendor\json\include\nlohmann/detail/meta/type_traits.hpp(713,27): warning: 'decltype' type specifier is incompatible with C++98 [-Wc++98-compat]
[build]   713 | && std::is_constructible <decltype(std::declval<Compare>()(std::declval<B>(), std::declval<A>()))>::value
[build]       |                           ^
[build] C:\Users\pperv\code\unnamed_rpg\vendor\json\include\nlohmann/detail/meta/type_traits.hpp(714,1): warning: consecutive right angle brackets are incompatible with C++98 (use '> >') [-Wc++98-compat]
[build]   714 | >> : std::true_type {};
[build]       | ^~
[build]       | > >
[build] C:\Users\pperv\code\unnamed_rpg\vendor\json\include\nlohmann/detail/meta/type_traits.hpp(734,31): warning: alias declarations are incompatible with C++98 [-Wc++98-compat]
[build]   734 | using detect_is_transparent = typename T::is_transparent;
[build]       |                               ^
[build] C:\Users\pperv\code\unnamed_rpg\vendor\json\include\nlohmann/detail/meta/type_traits.hpp(739,109): warning: consecutive right angle brackets are incompatible with C++98 (use '> >') [-Wc++98-compat]
[build]   739 |          bool ExcludeObjectKeyType = RequireTransparentComparator, typename KeyType = uncvref_t<KeyTypeCVRef>>
[build]       |                                                                                                             ^~
[build]       |                                                                                                             > >
[build] C:\Users\pperv\code\unnamed_rpg\vendor\json\include\nlohmann/detail/meta/type_traits.hpp(740,31): warning: alias declarations are incompatible with C++98 [-Wc++98-compat]
[build]   740 | using is_usable_as_key_type = typename std::conditional <
[build]       |                               ^
[build] C:\Users\pperv\code\unnamed_rpg\vendor\json\include\nlohmann/detail/meta/type_traits.hpp(757,109): warning: consecutive right angle brackets are incompatible with C++98 (use '> >') [-Wc++98-compat]
[build]   757 |          bool ExcludeObjectKeyType = RequireTransparentComparator, typename KeyType = uncvref_t<KeyTypeCVRef>>
[build]       |                                                                                                             ^~
[build]       |                                                                                                             > >
[build] C:\Users\pperv\code\unnamed_rpg\vendor\json\include\nlohmann/detail/meta/type_traits.hpp(758,42): warning: alias declarations are incompatible with C++98 [-Wc++98-compat]
[build]   758 | using is_usable_as_basic_json_key_type = typename std::conditional <
[build]       |                                          ^
[build] C:\Users\pperv\code\unnamed_rpg\vendor\json\include\nlohmann/detail/meta/type_traits.hpp(770,36): warning: alias declarations are incompatible with C++98 [-Wc++98-compat]
[build]   770 | using detect_erase_with_key_type = decltype(std::declval<ObjectType&>().erase(std::declval<KeyType>()));
[build]       |                                    ^
[build] C:\Users\pperv\code\unnamed_rpg\vendor\json\include\nlohmann/detail/meta/type_traits.hpp(770,36): warning: 'decltype' type specifier is incompatible with C++98 [-Wc++98-compat]
[build] C:\Users\pperv\code\unnamed_rpg\vendor\json\include\nlohmann/detail/meta/type_traits.hpp(774,33): warning: alias declarations are incompatible with C++98 [-Wc++98-compat]
[build]   774 | using has_erase_with_key_type = typename std::conditional <
[build]       |                                 ^
[build] C:\Users\pperv\code\unnamed_rpg\vendor\json\include\nlohmann/detail/meta/type_traits.hpp(786,17): warning: alias declarations are incompatible with C++98 [-Wc++98-compat]
[build]   786 |     using one = char;
[build]       |                 ^
[build] C:\Users\pperv\code\unnamed_rpg\vendor\json\include\nlohmann/detail/meta/type_traits.hpp(793,44): warning: 'decltype' type specifier is incompatible with C++98 [-Wc++98-compat]
[build]   793 |     template <typename C> static one test( decltype(&C::capacity) ) ;
[build]       |                                            ^
[build] C:\Users\pperv\code\unnamed_rpg\vendor\json\include\nlohmann/detail/meta/type_traits.hpp(796,35): warning: 'nullptr' is incompatible with C++98 [-Wc++98-compat]
[build]   796 |     enum { value = sizeof(test<T>(nullptr)) == sizeof(char) }; // NOLINT(cppcoreguidelines-pro-type-vararg,hicpp-vararg,cppcoreguidelines-use-enum-class)
[build]       |                                   ^
[build] C:\Users\pperv\code\unnamed_rpg\vendor\json\include\nlohmann/detail/meta/type_traits.hpp(800,84): warning: default template arguments for a function template are incompatible with C++98 [-Wc++98-compat]
[build]   800 | template < typename T, typename U, enable_if_t < !std::is_same<T, U>::value, int > = 0 >
[build]       |                                                                                    ^ ~
[build] C:\Users\pperv\code\unnamed_rpg\vendor\json\include\nlohmann/detail/meta/type_traits.hpp(806,78): warning: default template arguments for a function template are incompatible with C++98 [-Wc++98-compat]
[build]   806 | template<typename T, typename U, enable_if_t<std::is_same<T, U>::value, int> = 0>
[build]       |                                                                              ^ ~
[build] C:\Users\pperv\code\unnamed_rpg\vendor\json\include\nlohmann/detail/meta/type_traits.hpp(812,18): warning: variadic templates are incompatible with C++98 [-Wc++98-compat]
[build]   812 | template<typename... Types>
[build]       |                  ^
[build] C:\Users\pperv\code\unnamed_rpg\vendor\json\include\nlohmann/detail/meta/type_traits.hpp(813,22): warning: alias declarations are incompatible with C++98 [-Wc++98-compat]
[build]   813 | using all_integral = conjunction<std::is_integral<Types>...>;
[build]       |                      ^
[build] C:\Users\pperv\code\unnamed_rpg\vendor\json\include\nlohmann/detail/meta/type_traits.hpp(815,18): warning: variadic templates are incompatible with C++98 [-Wc++98-compat]
[build]   815 | template<typename... Types>
[build]       |                  ^
[build] C:\Users\pperv\code\unnamed_rpg\vendor\json\include\nlohmann/detail/meta/type_traits.hpp(816,20): warning: alias declarations are incompatible with C++98 [-Wc++98-compat]
[build]   816 | using all_signed = conjunction<std::is_signed<Types>...>;
[build]       |                    ^
[build] C:\Users\pperv\code\unnamed_rpg\vendor\json\include\nlohmann/detail/meta/type_traits.hpp(818,18): warning: variadic templates are incompatible with C++98 [-Wc++98-compat]
[build]   818 | template<typename... Types>
[build]       |                  ^
[build] C:\Users\pperv\code\unnamed_rpg\vendor\json\include\nlohmann/detail/meta/type_traits.hpp(819,22): warning: alias declarations are incompatible with C++98 [-Wc++98-compat]
[build]   819 | using all_unsigned = conjunction<std::is_unsigned<Types>...>;
[build]       |                      ^
[build] C:\Users\pperv\code\unnamed_rpg\vendor\json\include\nlohmann/detail/meta/type_traits.hpp(822,18): warning: variadic templates are incompatible with C++98 [-Wc++98-compat]
[build]   822 | template<typename... Types>
[build]       |                  ^
[build] C:\Users\pperv\code\unnamed_rpg\vendor\json\include\nlohmann/detail/meta/type_traits.hpp(823,19): warning: alias declarations are incompatible with C++98 [-Wc++98-compat]
[build]   823 | using same_sign = std::integral_constant < bool,
[build]       |                   ^
[build] C:\Users\pperv\code\unnamed_rpg\vendor\json\include\nlohmann/detail/meta/type_traits.hpp(827,28): warning: alias declarations are incompatible with C++98 [-Wc++98-compat]
[build]   827 | using never_out_of_range = std::integral_constant < bool,
[build]       |                            ^
[build] C:\Users\pperv\code\unnamed_rpg\vendor\json\include\nlohmann/detail/meta/type_traits.hpp(839,12): warning: 'constexpr' specifier is incompatible with C++98 [-Wc++98-compat]
[build]   839 |     static constexpr bool test(T val)
[build]       |            ^
[build] C:\Users\pperv\code\unnamed_rpg\vendor\json\include\nlohmann/detail/meta/type_traits.hpp(841,28): warning: alias declarations are incompatible with C++98 [-Wc++98-compat]
[build]   841 |         using CommonType = typename std::common_type<OfType, T>::type;
[build]       |                            ^
[build] C:\Users\pperv\code\unnamed_rpg\vendor\json\include\nlohmann/detail/meta/type_traits.hpp(849,12): warning: 'constexpr' specifier is incompatible with C++98 [-Wc++98-compat]
[build]   849 |     static constexpr bool test(T val)
[build]       |            ^
[build] C:\Users\pperv\code\unnamed_rpg\vendor\json\include\nlohmann/detail/meta/type_traits.hpp(851,28): warning: alias declarations are incompatible with C++98 [-Wc++98-compat]
[build]   851 |         using CommonType = typename std::common_type<OfType, T>::type;
[build]       |                            ^
[build] C:\Users\pperv\code\unnamed_rpg\vendor\json\include\nlohmann/detail/meta/type_traits.hpp(859,12): warning: 'constexpr' specifier is incompatible with C++98 [-Wc++98-compat]
[build]   859 |     static constexpr bool test(T val)
[build]       |            ^
[build] C:\Users\pperv\code\unnamed_rpg\vendor\json\include\nlohmann/detail/meta/type_traits.hpp(861,28): warning: alias declarations are incompatible with C++98 [-Wc++98-compat]
[build]   861 |         using CommonType = typename std::common_type<OfType, T>::type;
[build]       |                            ^
[build] C:\Users\pperv\code\unnamed_rpg\vendor\json\include\nlohmann/detail/meta/type_traits.hpp(869,12): warning: 'constexpr' specifier is incompatible with C++98 [-Wc++98-compat]
[build]   869 |     static constexpr bool test(T val)
[build]       |            ^
[build] C:\Users\pperv\code\unnamed_rpg\vendor\json\include\nlohmann/detail/meta/type_traits.hpp(871,28): warning: alias declarations are incompatible with C++98 [-Wc++98-compat]
[build]   871 |         using CommonType = typename std::common_type<OfType, T>::type;
[build]       |                            ^
[build] C:\Users\pperv\code\unnamed_rpg\vendor\json\include\nlohmann/detail/meta/type_traits.hpp(879,71): warning: consecutive right angle brackets are incompatible with C++98 (use '> >') [-Wc++98-compat]
[build]   879 |          typename = detail::enable_if_t<all_integral<OfType, T>::value>>
[build]       |                                                                       ^~
[build]       |                                                                       > >
[build] C:\Users\pperv\code\unnamed_rpg\vendor\json\include\nlohmann/detail/meta/type_traits.hpp(885,12): warning: 'constexpr' specifier is incompatible with C++98 [-Wc++98-compat]
[build]   885 |     static constexpr bool test(T val)
[build]       |            ^
[build] C:\Users\pperv\code\unnamed_rpg\vendor\json\include\nlohmann/detail/meta/type_traits.hpp(894,12): warning: 'constexpr' specifier is incompatible with C++98 [-Wc++98-compat]
[build]   894 |     static constexpr bool test(T /*val*/)
[build]       |            ^
[build] C:\Users\pperv\code\unnamed_rpg\vendor\json\include\nlohmann/detail/meta/type_traits.hpp(901,1): warning: 'constexpr' specifier is incompatible with C++98 [-Wc++98-compat]
[build]   901 | constexpr bool value_in_range_of(T val)
[build]       | ^
[build] C:\Users\pperv\code\unnamed_rpg\vendor\json\include\nlohmann/detail/meta/type_traits.hpp(907,23): warning: alias declarations are incompatible with C++98 [-Wc++98-compat]
[build]   907 | using bool_constant = std::integral_constant<bool, Value>;
[build]       |                       ^
[build] C:\Users\pperv\code\unnamed_rpg\vendor\json\include\nlohmann/detail/meta/type_traits.hpp(917,1): warning: 'constexpr' specifier is incompatible with C++98 [-Wc++98-compat]
[build]   917 | constexpr bool is_c_string()
[build]       | ^
[build] C:\Users\pperv\code\unnamed_rpg\vendor\json\include\nlohmann/detail/meta/type_traits.hpp(919,20): warning: alias declarations are incompatible with C++98 [-Wc++98-compat]
[build]   919 |     using TUnExt = typename std::remove_extent<T>::type;
[build]       |                    ^
[build] C:\Users\pperv\code\unnamed_rpg\vendor\json\include\nlohmann/detail/meta/type_traits.hpp(920,22): warning: alias declarations are incompatible with C++98 [-Wc++98-compat]
[build]   920 |     using TUnCVExt = typename std::remove_cv<TUnExt>::type;
[build]       |                      ^
[build] C:\Users\pperv\code\unnamed_rpg\vendor\json\include\nlohmann/detail/meta/type_traits.hpp(921,20): warning: alias declarations are incompatible with C++98 [-Wc++98-compat]
[build]   921 |     using TUnPtr = typename std::remove_pointer<T>::type;
[build]       |                    ^
[build] C:\Users\pperv\code\unnamed_rpg\vendor\json\include\nlohmann/detail/meta/type_traits.hpp(922,22): warning: alias declarations are incompatible with C++98 [-Wc++98-compat]
[build]   922 |     using TUnCVPtr = typename std::remove_cv<TUnPtr>::type;
[build]       |                      ^
[build] C:\Users\pperv\code\unnamed_rpg\vendor\json\include\nlohmann/detail/meta/type_traits.hpp(935,29): warning: alias declarations are incompatible with C++98 [-Wc++98-compat]
[build]   935 | using is_c_string_uncvref = is_c_string<uncvref_t<T>>;
[build]       |                             ^
[build] C:\Users\pperv\code\unnamed_rpg\vendor\json\include\nlohmann/detail/meta/type_traits.hpp(935,52): warning: consecutive right angle brackets are incompatible with C++98 (use '> >') [-Wc++98-compat]
[build]   935 | using is_c_string_uncvref = is_c_string<uncvref_t<T>>;
[build]       |                                                    ^~
[build]       |                                                    > >
[build] C:\Users\pperv\code\unnamed_rpg\vendor\json\include\nlohmann/detail/meta/type_traits.hpp(945,1): warning: 'constexpr' specifier is incompatible with C++98 [-Wc++98-compat]
[build]   945 | constexpr bool is_transparent()
[build]       | ^
[build] In file included from C:\Users\pperv\code\unnamed_rpg\vendor\json-schema-validator\src\string-format-check.cpp:1:
[build] In file included from C:\Users\pperv\code\unnamed_rpg\vendor\json-schema-validator\src\nlohmann/json-schema.hpp:24:
[build] In file included from C:\Users\pperv\code\unnamed_rpg\vendor\json\include\nlohmann/json.hpp:44:
[build] In file included from C:\Users\pperv\code\unnamed_rpg\vendor\json\include\nlohmann/adl_serializer.hpp:14:
[build] In file included from C:\Users\pperv\code\unnamed_rpg\vendor\json\include\nlohmann/detail/conversions/from_json.hpp:24:
[build] In file included from C:\Users\pperv\code\unnamed_rpg\vendor\json\include\nlohmann/detail/exceptions.hpp:26:
[build] C:\Users\pperv\code\unnamed_rpg\vendor\json\include\nlohmann/detail/string_concat.hpp(18,1): warning: empty macro arguments are incompatible with C++98 [-Wc++98-compat-pedantic]
[build]    18 | NLOHMANN_JSON_NAMESPACE_BEGIN
[build]       | ^
[build] C:\Users\pperv\code\unnamed_rpg\vendor\json\include\nlohmann/detail/abi_macros.hpp(102,17): note: expanded from macro 'NLOHMANN_JSON_NAMESPACE_BEGIN'
[build]   102 |                 NLOHMANN_JSON_ABI_TAGS,              \
[build]       |                 ^
[build] C:\Users\pperv\code\unnamed_rpg\vendor\json\include\nlohmann/detail/abi_macros.hpp(65,5): note: expanded from macro 'NLOHMANN_JSON_ABI_TAGS'
[build]    65 |     NLOHMANN_JSON_ABI_TAGS_CONCAT(                                   \
[build]       |     ^
[build] C:\Users\pperv\code\unnamed_rpg\vendor\json\include\nlohmann/detail/abi_macros.hpp(62,39): note: expanded from macro 'NLOHMANN_JSON_ABI_TAGS_CONCAT'
[build]    62 |     NLOHMANN_JSON_ABI_TAGS_CONCAT_EX(a, b, c)
[build]       |                                       ^
[build] In file included from C:\Users\pperv\code\unnamed_rpg\vendor\json-schema-validator\src\string-format-check.cpp:1:
[build] In file included from C:\Users\pperv\code\unnamed_rpg\vendor\json-schema-validator\src\nlohmann/json-schema.hpp:24:
[build] In file included from C:\Users\pperv\code\unnamed_rpg\vendor\json\include\nlohmann/json.hpp:44:
[build] In file included from C:\Users\pperv\code\unnamed_rpg\vendor\json\include\nlohmann/adl_serializer.hpp:14:
[build] In file included from C:\Users\pperv\code\unnamed_rpg\vendor\json\include\nlohmann/detail/conversions/from_json.hpp:24:
[build] In file included from C:\Users\pperv\code\unnamed_rpg\vendor\json\include\nlohmann/detail/exceptions.hpp:26:
[build] C:\Users\pperv\code\unnamed_rpg\vendor\json\include\nlohmann/detail/string_concat.hpp(18,1): warning: empty macro arguments are incompatible with C++98 [-Wc++98-compat-pedantic]
[build] C:\Users\pperv\code\unnamed_rpg\vendor\json\include\nlohmann/detail/abi_macros.hpp(102,17): note: expanded from macro 'NLOHMANN_JSON_NAMESPACE_BEGIN'
[build]   102 |                 NLOHMANN_JSON_ABI_TAGS,              \
[build]       |                 ^
[build] C:\Users\pperv\code\unnamed_rpg\vendor\json\include\nlohmann/detail/abi_macros.hpp(65,5): note: expanded from macro 'NLOHMANN_JSON_ABI_TAGS'
[build]    65 |     NLOHMANN_JSON_ABI_TAGS_CONCAT(                                   \
[build]       |     ^
[build] C:\Users\pperv\code\unnamed_rpg\vendor\json\include\nlohmann/detail/abi_macros.hpp(62,42): note: expanded from macro 'NLOHMANN_JSON_ABI_TAGS_CONCAT'
[build]    62 |     NLOHMANN_JSON_ABI_TAGS_CONCAT_EX(a, b, c)
[build]       |                                          ^
[build] In file included from C:\Users\pperv\code\unnamed_rpg\vendor\json-schema-validator\src\string-format-check.cpp:1:
[build] In file included from C:\Users\pperv\code\unnamed_rpg\vendor\json-schema-validator\src\nlohmann/json-schema.hpp:24:
[build] In file included from C:\Users\pperv\code\unnamed_rpg\vendor\json\include\nlohmann/json.hpp:44:
[build] In file included from C:\Users\pperv\code\unnamed_rpg\vendor\json\include\nlohmann/adl_serializer.hpp:14:
[build] In file included from C:\Users\pperv\code\unnamed_rpg\vendor\json\include\nlohmann/detail/conversions/from_json.hpp:24:
[build] In file included from C:\Users\pperv\code\unnamed_rpg\vendor\json\include\nlohmann/detail/exceptions.hpp:26:
[build] C:\Users\pperv\code\unnamed_rpg\vendor\json\include\nlohmann/detail/string_concat.hpp(18,1): warning: empty macro arguments are incompatible with C++98 [-Wc++98-compat-pedantic]
[build] C:\Users\pperv\code\unnamed_rpg\vendor\json\include\nlohmann/detail/abi_macros.hpp(102,17): note: expanded from macro 'NLOHMANN_JSON_NAMESPACE_BEGIN'
[build]   102 |                 NLOHMANN_JSON_ABI_TAGS,              \
[build]       |                 ^
[build] C:\Users\pperv\code\unnamed_rpg\vendor\json\include\nlohmann/detail/abi_macros.hpp(65,5): note: expanded from macro 'NLOHMANN_JSON_ABI_TAGS'
[build]    65 |     NLOHMANN_JSON_ABI_TAGS_CONCAT(                                   \
[build]       |     ^
[build] C:\Users\pperv\code\unnamed_rpg\vendor\json\include\nlohmann/detail/abi_macros.hpp(62,45): note: expanded from macro 'NLOHMANN_JSON_ABI_TAGS_CONCAT'
[build]    62 |     NLOHMANN_JSON_ABI_TAGS_CONCAT_EX(a, b, c)
[build]       |                                             ^
[build] In file included from C:\Users\pperv\code\unnamed_rpg\vendor\json-schema-validator\src\string-format-check.cpp:1:
[build] In file included from C:\Users\pperv\code\unnamed_rpg\vendor\json-schema-validator\src\nlohmann/json-schema.hpp:24:
[build] In file included from C:\Users\pperv\code\unnamed_rpg\vendor\json\include\nlohmann/json.hpp:44:
[build] In file included from C:\Users\pperv\code\unnamed_rpg\vendor\json\include\nlohmann/adl_serializer.hpp:14:
[build] In file included from C:\Users\pperv\code\unnamed_rpg\vendor\json\include\nlohmann/detail/conversions/from_json.hpp:24:
[build] In file included from C:\Users\pperv\code\unnamed_rpg\vendor\json\include\nlohmann/detail/exceptions.hpp:26:
[build] C:\Users\pperv\code\unnamed_rpg\vendor\json\include\nlohmann/detail/string_concat.hpp(18,1): warning: inline namespaces are incompatible with C++98 [-Wc++98-compat]
[build] C:\Users\pperv\code\unnamed_rpg\vendor\json\include\nlohmann/detail/abi_macros.hpp(101,5): note: expanded from macro 'NLOHMANN_JSON_NAMESPACE_BEGIN'
[build]   101 |     inline namespace NLOHMANN_JSON_NAMESPACE_CONCAT( \
[build]       |     ^
[build] In file included from C:\Users\pperv\code\unnamed_rpg\vendor\json-schema-validator\src\string-format-check.cpp:1:
[build] In file included from C:\Users\pperv\code\unnamed_rpg\vendor\json-schema-validator\src\nlohmann/json-schema.hpp:24:
[build] In file included from C:\Users\pperv\code\unnamed_rpg\vendor\json\include\nlohmann/json.hpp:44:
[build] In file included from C:\Users\pperv\code\unnamed_rpg\vendor\json\include\nlohmann/adl_serializer.hpp:14:
[build] In file included from C:\Users\pperv\code\unnamed_rpg\vendor\json\include\nlohmann/detail/conversions/from_json.hpp:24:
[build] In file included from C:\Users\pperv\code\unnamed_rpg\vendor\json\include\nlohmann/detail/exceptions.hpp:26:
[build] C:\Users\pperv\code\unnamed_rpg\vendor\json\include\nlohmann/detail/string_concat.hpp(27,18): warning: variadic templates are incompatible with C++98 [-Wc++98-compat]
[build]    27 | template<typename... Args>
[build]       |                  ^
[build] C:\Users\pperv\code\unnamed_rpg\vendor\json\include\nlohmann/detail/string_concat.hpp(30,39): warning: variadic templates are incompatible with C++98 [-Wc++98-compat]
[build]    30 | template<typename StringType, typename... Args>
[build]       |                                       ^
[build] C:\Users\pperv\code\unnamed_rpg\vendor\json\include\nlohmann/detail/string_concat.hpp(33,18): warning: variadic templates are incompatible with C++98 [-Wc++98-compat]
[build]    33 | template<typename... Args>
[build]       |                  ^
[build] C:\Users\pperv\code\unnamed_rpg\vendor\json\include\nlohmann/detail/string_concat.hpp(39,18): warning: variadic templates are incompatible with C++98 [-Wc++98-compat]
[build]    39 | template<typename... Args>
[build]       |                  ^
[build] C:\Users\pperv\code\unnamed_rpg\vendor\json\include\nlohmann/detail/string_concat.hpp(46,39): warning: variadic templates are incompatible with C++98 [-Wc++98-compat]
[build]    46 | template<typename StringType, typename... Args>
[build]       |                                       ^
[build] C:\Users\pperv\code\unnamed_rpg\vendor\json\include\nlohmann/detail/string_concat.hpp(57,27): warning: alias declarations are incompatible with C++98 [-Wc++98-compat]
[build]    57 | using string_can_append = decltype(std::declval<StringType&>().append(std::declval < Arg && > ()));
[build]       |                           ^
[build] C:\Users\pperv\code\unnamed_rpg\vendor\json\include\nlohmann/detail/string_concat.hpp(57,27): warning: 'decltype' type specifier is incompatible with C++98 [-Wc++98-compat]
[build] C:\Users\pperv\code\unnamed_rpg\vendor\json\include\nlohmann/detail/string_concat.hpp(57,90): warning: rvalue references are incompatible with C++98 [-Wc++98-compat]
[build]    57 | using string_can_append = decltype(std::declval<StringType&>().append(std::declval < Arg && > ()));
[build]       |                                                                                          ^
[build] C:\Users\pperv\code\unnamed_rpg\vendor\json\include\nlohmann/detail/string_concat.hpp(60,34): warning: alias declarations are incompatible with C++98 [-Wc++98-compat]
[build]    60 | using detect_string_can_append = is_detected<string_can_append, StringType, Arg>;
[build]       |                                  ^
[build] C:\Users\pperv\code\unnamed_rpg\vendor\json\include\nlohmann/detail/string_concat.hpp(63,30): warning: alias declarations are incompatible with C++98 [-Wc++98-compat]
[build]    63 | using string_can_append_op = decltype(std::declval<StringType&>() += std::declval < Arg && > ());
[build]       |                              ^
[build] C:\Users\pperv\code\unnamed_rpg\vendor\json\include\nlohmann/detail/string_concat.hpp(63,30): warning: 'decltype' type specifier is incompatible with C++98 [-Wc++98-compat]
[build] C:\Users\pperv\code\unnamed_rpg\vendor\json\include\nlohmann/detail/string_concat.hpp(63,89): warning: rvalue references are incompatible with C++98 [-Wc++98-compat]
[build]    63 | using string_can_append_op = decltype(std::declval<StringType&>() += std::declval < Arg && > ());
[build]       |                                                                                         ^
[build] C:\Users\pperv\code\unnamed_rpg\vendor\json\include\nlohmann/detail/string_concat.hpp(66,37): warning: alias declarations are incompatible with C++98 [-Wc++98-compat]
[build]    66 | using detect_string_can_append_op = is_detected<string_can_append_op, StringType, Arg>;
[build]       |                                     ^
[build] C:\Users\pperv\code\unnamed_rpg\vendor\json\include\nlohmann/detail/string_concat.hpp(69,32): warning: alias declarations are incompatible with C++98 [-Wc++98-compat]
[build]    69 | using string_can_append_iter = decltype(std::declval<StringType&>().append(std::declval<const Arg&>().begin(), std::declval<const Arg&>().end()));
[build]       |                                ^
[build] C:\Users\pperv\code\unnamed_rpg\vendor\json\include\nlohmann/detail/string_concat.hpp(69,32): warning: 'decltype' type specifier is incompatible with C++98 [-Wc++98-compat]
[build] C:\Users\pperv\code\unnamed_rpg\vendor\json\include\nlohmann/detail/string_concat.hpp(72,39): warning: alias declarations are incompatible with C++98 [-Wc++98-compat]
[build]    72 | using detect_string_can_append_iter = is_detected<string_can_append_iter, StringType, Arg>;
[build]       |                                       ^
[build] C:\Users\pperv\code\unnamed_rpg\vendor\json\include\nlohmann/detail/string_concat.hpp(75,32): warning: alias declarations are incompatible with C++98 [-Wc++98-compat]
[build]    75 | using string_can_append_data = decltype(std::declval<StringType&>().append(std::declval<const Arg&>().data(), std::declval<const Arg&>().size()));
[build]       |                                ^
[build] C:\Users\pperv\code\unnamed_rpg\vendor\json\include\nlohmann/detail/string_concat.hpp(75,32): warning: 'decltype' type specifier is incompatible with C++98 [-Wc++98-compat]
[build] C:\Users\pperv\code\unnamed_rpg\vendor\json\include\nlohmann/detail/string_concat.hpp(78,39): warning: alias declarations are incompatible with C++98 [-Wc++98-compat]
[build]    78 | using detect_string_can_append_data = is_detected<string_can_append_data, StringType, Arg>;
[build]       |                                       ^
[build] C:\Users\pperv\code\unnamed_rpg\vendor\json\include\nlohmann/detail/string_concat.hpp(80,58): warning: variadic templates are incompatible with C++98 [-Wc++98-compat]
[build]    80 | template < typename OutStringType, typename Arg, typename... Args,
[build]       |                                                          ^
[build] C:\Users\pperv\code\unnamed_rpg\vendor\json\include\nlohmann/detail/string_concat.hpp(83,49): warning: rvalue references are incompatible with C++98 [-Wc++98-compat]
[build]    83 | inline void concat_into(OutStringType& out, Arg && arg, Args && ... rest);
[build]       |                                                 ^
[build] C:\Users\pperv\code\unnamed_rpg\vendor\json\include\nlohmann/detail/string_concat.hpp(83,62): warning: rvalue references are incompatible with C++98 [-Wc++98-compat]
[build]    83 | inline void concat_into(OutStringType& out, Arg && arg, Args && ... rest);
[build]       |                                                              ^
[build] C:\Users\pperv\code\unnamed_rpg\vendor\json\include\nlohmann/detail/string_concat.hpp(82,91): warning: default template arguments for a function template are incompatible with C++98 [-Wc++98-compat]
[build]    82 |                          && detect_string_can_append_op<OutStringType, Arg>::value, int > = 0 >
[build]       |                                                                                           ^ ~
[build] C:\Users\pperv\code\unnamed_rpg\vendor\json\include\nlohmann/detail/string_concat.hpp(85,58): warning: variadic templates are incompatible with C++98 [-Wc++98-compat]
[build]    85 | template < typename OutStringType, typename Arg, typename... Args,
[build]       |                                                          ^
[build] C:\Users\pperv\code\unnamed_rpg\vendor\json\include\nlohmann/detail/string_concat.hpp(89,66): warning: rvalue references are incompatible with C++98 [-Wc++98-compat]
[build]    89 | inline void concat_into(OutStringType& out, const Arg& arg, Args && ... rest);
[build]       |                                                                  ^
[build] C:\Users\pperv\code\unnamed_rpg\vendor\json\include\nlohmann/detail/string_concat.hpp(88,93): warning: default template arguments for a function template are incompatible with C++98 [-Wc++98-compat]
[build]    88 |                          && detect_string_can_append_iter<OutStringType, Arg>::value, int > = 0 >
[build]       |                                                                                             ^ ~
[build] C:\Users\pperv\code\unnamed_rpg\vendor\json\include\nlohmann/detail/string_concat.hpp(91,58): warning: variadic templates are incompatible with C++98 [-Wc++98-compat]
[build]    91 | template < typename OutStringType, typename Arg, typename... Args,
[build]       |                                                          ^
[build] C:\Users\pperv\code\unnamed_rpg\vendor\json\include\nlohmann/detail/string_concat.hpp(96,66): warning: rvalue references are incompatible with C++98 [-Wc++98-compat]
[build]    96 | inline void concat_into(OutStringType& out, const Arg& arg, Args && ... rest);
[build]       |                                                                  ^
[build] C:\Users\pperv\code\unnamed_rpg\vendor\json\include\nlohmann/detail/string_concat.hpp(95,93): warning: default template arguments for a function template are incompatible with C++98 [-Wc++98-compat]
[build]    95 |                          && detect_string_can_append_data<OutStringType, Arg>::value, int > = 0 >
[build]       |                                                                                             ^ ~
[build] C:\Users\pperv\code\unnamed_rpg\vendor\json\include\nlohmann/detail/string_concat.hpp(98,56): warning: variadic templates are incompatible with C++98 [-Wc++98-compat]
[build]    98 | template<typename OutStringType, typename Arg, typename... Args,
[build]       |                                                        ^
[build] C:\Users\pperv\code\unnamed_rpg\vendor\json\include\nlohmann/detail/string_concat.hpp(100,49): warning: rvalue references are incompatible with C++98 [-Wc++98-compat]
[build]   100 | inline void concat_into(OutStringType& out, Arg && arg, Args && ... rest)
[build]       |                                                 ^
[build] C:\Users\pperv\code\unnamed_rpg\vendor\json\include\nlohmann/detail/string_concat.hpp(100,62): warning: rvalue references are incompatible with C++98 [-Wc++98-compat]
[build]   100 | inline void concat_into(OutStringType& out, Arg && arg, Args && ... rest)
[build]       |                                                              ^
[build] C:\Users\pperv\code\unnamed_rpg\vendor\json\include\nlohmann/detail/string_concat.hpp(99,80): warning: default template arguments for a function template are incompatible with C++98 [-Wc++98-compat]
[build]    99 |          enable_if_t<detect_string_can_append<OutStringType, Arg>::value, int> = 0>
[build]       |                                                                                ^ ~
[build] C:\Users\pperv\code\unnamed_rpg\vendor\json\include\nlohmann/detail/string_concat.hpp(106,58): warning: variadic templates are incompatible with C++98 [-Wc++98-compat]
[build]   106 | template < typename OutStringType, typename Arg, typename... Args,
[build]       |                                                          ^
[build] C:\Users\pperv\code\unnamed_rpg\vendor\json\include\nlohmann/detail/string_concat.hpp(109,48): warning: rvalue references are incompatible with C++98 [-Wc++98-compat]
[build]   109 | inline void concat_into(OutStringType& out, Arg&& arg, Args&& ... rest)
[build]       |                                                ^
[build] C:\Users\pperv\code\unnamed_rpg\vendor\json\include\nlohmann/detail/string_concat.hpp(109,60): warning: rvalue references are incompatible with C++98 [-Wc++98-compat]
[build]   109 | inline void concat_into(OutStringType& out, Arg&& arg, Args&& ... rest)
[build]       |                                                            ^
[build] C:\Users\pperv\code\unnamed_rpg\vendor\json\include\nlohmann/detail/string_concat.hpp(115,58): warning: variadic templates are incompatible with C++98 [-Wc++98-compat]
[build]   115 | template < typename OutStringType, typename Arg, typename... Args,
[build]       |                                                          ^
[build] C:\Users\pperv\code\unnamed_rpg\vendor\json\include\nlohmann/detail/string_concat.hpp(119,65): warning: rvalue references are incompatible with C++98 [-Wc++98-compat]
[build]   119 | inline void concat_into(OutStringType& out, const Arg& arg, Args&& ... rest)
[build]       |                                                                 ^
[build] C:\Users\pperv\code\unnamed_rpg\vendor\json\include\nlohmann/detail/string_concat.hpp(125,58): warning: variadic templates are incompatible with C++98 [-Wc++98-compat]
[build]   125 | template < typename OutStringType, typename Arg, typename... Args,
[build]       |                                                          ^
[build] C:\Users\pperv\code\unnamed_rpg\vendor\json\include\nlohmann/detail/string_concat.hpp(130,65): warning: rvalue references are incompatible with C++98 [-Wc++98-compat]
[build]   130 | inline void concat_into(OutStringType& out, const Arg& arg, Args&& ... rest)
[build]       |                                                                 ^
[build] C:\Users\pperv\code\unnamed_rpg\vendor\json\include\nlohmann/detail/string_concat.hpp(136,56): warning: variadic templates are incompatible with C++98 [-Wc++98-compat]
[build]   136 | template<typename OutStringType = std::string, typename... Args>
[build]       |                                                        ^
[build] C:\Users\pperv\code\unnamed_rpg\vendor\json\include\nlohmann/detail/string_concat.hpp(137,34): warning: rvalue references are incompatible with C++98 [-Wc++98-compat]
[build]   137 | inline OutStringType concat(Args && ... args)
[build]       |                                  ^
[build] C:\Users\pperv\code\unnamed_rpg\vendor\json\include\nlohmann/detail/string_concat.hpp(136,19): warning: default template arguments for a function template are incompatible with C++98 [-Wc++98-compat]
[build]   136 | template<typename OutStringType = std::string, typename... Args>
[build]       |                   ^               ~~~~~~~~~~~
[build] In file included from C:\Users\pperv\code\unnamed_rpg\vendor\json-schema-validator\src\string-format-check.cpp:1:
[build] In file included from C:\Users\pperv\code\unnamed_rpg\vendor\json-schema-validator\src\nlohmann/json-schema.hpp:24:
[build] In file included from C:\Users\pperv\code\unnamed_rpg\vendor\json\include\nlohmann/json.hpp:44:
[build] In file included from C:\Users\pperv\code\unnamed_rpg\vendor\json\include\nlohmann/adl_serializer.hpp:14:
[build] In file included from C:\Users\pperv\code\unnamed_rpg\vendor\json\include\nlohmann/detail/conversions/from_json.hpp:24:
[build] C:\Users\pperv\code\unnamed_rpg\vendor\json\include\nlohmann/detail/exceptions.hpp(40,1): warning: empty macro arguments are incompatible with C++98 [-Wc++98-compat-pedantic]
[build]    40 | NLOHMANN_JSON_NAMESPACE_BEGIN
[build]       | ^
[build] C:\Users\pperv\code\unnamed_rpg\vendor\json\include\nlohmann/detail/abi_macros.hpp(102,17): note: expanded from macro 'NLOHMANN_JSON_NAMESPACE_BEGIN'
[build]   102 |                 NLOHMANN_JSON_ABI_TAGS,              \
[build]       |                 ^
[build] C:\Users\pperv\code\unnamed_rpg\vendor\json\include\nlohmann/detail/abi_macros.hpp(65,5): note: expanded from macro 'NLOHMANN_JSON_ABI_TAGS'
[build]    65 |     NLOHMANN_JSON_ABI_TAGS_CONCAT(                                   \
[build]       |     ^
[build] C:\Users\pperv\code\unnamed_rpg\vendor\json\include\nlohmann/detail/abi_macros.hpp(62,39): note: expanded from macro 'NLOHMANN_JSON_ABI_TAGS_CONCAT'
[build]    62 |     NLOHMANN_JSON_ABI_TAGS_CONCAT_EX(a, b, c)
[build]       |                                       ^
[build] In file included from C:\Users\pperv\code\unnamed_rpg\vendor\json-schema-validator\src\string-format-check.cpp:1:
[build] In file included from C:\Users\pperv\code\unnamed_rpg\vendor\json-schema-validator\src\nlohmann/json-schema.hpp:24:
[build] In file included from C:\Users\pperv\code\unnamed_rpg\vendor\json\include\nlohmann/json.hpp:44:
[build] In file included from C:\Users\pperv\code\unnamed_rpg\vendor\json\include\nlohmann/adl_serializer.hpp:14:
[build] In file included from C:\Users\pperv\code\unnamed_rpg\vendor\json\include\nlohmann/detail/conversions/from_json.hpp:24:
[build] C:\Users\pperv\code\unnamed_rpg\vendor\json\include\nlohmann/detail/exceptions.hpp(40,1): warning: empty macro arguments are incompatible with C++98 [-Wc++98-compat-pedantic]
[build] C:\Users\pperv\code\unnamed_rpg\vendor\json\include\nlohmann/detail/abi_macros.hpp(102,17): note: expanded from macro 'NLOHMANN_JSON_NAMESPACE_BEGIN'
[build]   102 |                 NLOHMANN_JSON_ABI_TAGS,              \
[build]       |                 ^
[build] C:\Users\pperv\code\unnamed_rpg\vendor\json\include\nlohmann/detail/abi_macros.hpp(65,5): note: expanded from macro 'NLOHMANN_JSON_ABI_TAGS'
[build]    65 |     NLOHMANN_JSON_ABI_TAGS_CONCAT(                                   \
[build]       |     ^
[build] C:\Users\pperv\code\unnamed_rpg\vendor\json\include\nlohmann/detail/abi_macros.hpp(62,42): note: expanded from macro 'NLOHMANN_JSON_ABI_TAGS_CONCAT'
[build]    62 |     NLOHMANN_JSON_ABI_TAGS_CONCAT_EX(a, b, c)
[build]       |                                          ^
[build] In file included from C:\Users\pperv\code\unnamed_rpg\vendor\json-schema-validator\src\string-format-check.cpp:1:
[build] In file included from C:\Users\pperv\code\unnamed_rpg\vendor\json-schema-validator\src\nlohmann/json-schema.hpp:24:
[build] In file included from C:\Users\pperv\code\unnamed_rpg\vendor\json\include\nlohmann/json.hpp:44:
[build] In file included from C:\Users\pperv\code\unnamed_rpg\vendor\json\include\nlohmann/adl_serializer.hpp:14:
[build] In file included from C:\Users\pperv\code\unnamed_rpg\vendor\json\include\nlohmann/detail/conversions/from_json.hpp:24:
[build] C:\Users\pperv\code\unnamed_rpg\vendor\json\include\nlohmann/detail/exceptions.hpp(40,1): warning: empty macro arguments are incompatible with C++98 [-Wc++98-compat-pedantic]
[build] C:\Users\pperv\code\unnamed_rpg\vendor\json\include\nlohmann/detail/abi_macros.hpp(102,17): note: expanded from macro 'NLOHMANN_JSON_NAMESPACE_BEGIN'
[build]   102 |                 NLOHMANN_JSON_ABI_TAGS,              \
[build]       |                 ^
[build] C:\Users\pperv\code\unnamed_rpg\vendor\json\include\nlohmann/detail/abi_macros.hpp(65,5): note: expanded from macro 'NLOHMANN_JSON_ABI_TAGS'
[build]    65 |     NLOHMANN_JSON_ABI_TAGS_CONCAT(                                   \
[build]       |     ^
[build] C:\Users\pperv\code\unnamed_rpg\vendor\json\include\nlohmann/detail/abi_macros.hpp(62,45): note: expanded from macro 'NLOHMANN_JSON_ABI_TAGS_CONCAT'
[build]    62 |     NLOHMANN_JSON_ABI_TAGS_CONCAT_EX(a, b, c)
[build]       |                                             ^
[build] In file included from C:\Users\pperv\code\unnamed_rpg\vendor\json-schema-validator\src\string-format-check.cpp:1:
[build] In file included from C:\Users\pperv\code\unnamed_rpg\vendor\json-schema-validator\src\nlohmann/json-schema.hpp:24:
[build] In file included from C:\Users\pperv\code\unnamed_rpg\vendor\json\include\nlohmann/json.hpp:44:
[build] In file included from C:\Users\pperv\code\unnamed_rpg\vendor\json\include\nlohmann/adl_serializer.hpp:14:
[build] In file included from C:\Users\pperv\code\unnamed_rpg\vendor\json\include\nlohmann/detail/conversions/from_json.hpp:24:
[build] C:\Users\pperv\code\unnamed_rpg\vendor\json\include\nlohmann/detail/exceptions.hpp(40,1): warning: inline namespaces are incompatible with C++98 [-Wc++98-compat]
[build] C:\Users\pperv\code\unnamed_rpg\vendor\json\include\nlohmann/detail/abi_macros.hpp(101,5): note: expanded from macro 'NLOHMANN_JSON_NAMESPACE_BEGIN'
[build]   101 |     inline namespace NLOHMANN_JSON_NAMESPACE_CONCAT( \
[build]       |     ^
[build] In file included from C:\Users\pperv\code\unnamed_rpg\vendor\json-schema-validator\src\string-format-check.cpp:1:
[build] In file included from C:\Users\pperv\code\unnamed_rpg\vendor\json-schema-validator\src\nlohmann/json-schema.hpp:24:
[build] In file included from C:\Users\pperv\code\unnamed_rpg\vendor\json\include\nlohmann/json.hpp:44:
[build] In file included from C:\Users\pperv\code\unnamed_rpg\vendor\json\include\nlohmann/adl_serializer.hpp:14:
[build] In file included from C:\Users\pperv\code\unnamed_rpg\vendor\json\include\nlohmann/detail/conversions/from_json.hpp:24:
[build] C:\Users\pperv\code\unnamed_rpg\vendor\json\include\nlohmann/detail/exceptions.hpp(54,39): warning: noexcept specifications are incompatible with C++98 [-Wc++98-compat]
[build]    54 |     const char* what() const noexcept override
[build]       |                                       ^
[build] C:\Users\pperv\code\unnamed_rpg\vendor\json\include\nlohmann/detail/exceptions.hpp(54,39): warning: 'override' keyword is incompatible with C++98 [-Wc++98-compat]
[build] C:\Users\pperv\code\unnamed_rpg\vendor\json\include\nlohmann/detail/exceptions.hpp(178,106): warning: default template arguments for a function template are incompatible with C++98 [-Wc++98-compat]
[build]   178 |     template<typename BasicJsonContext, enable_if_t<is_basic_json_context<BasicJsonContext>::value, int> = 0>
[build]       |                                                                                                          ^ ~
[build] C:\Users\pperv\code\unnamed_rpg\vendor\json\include\nlohmann/detail/exceptions.hpp(186,106): warning: default template arguments for a function template are incompatible with C++98 [-Wc++98-compat]
[build]   186 |     template<typename BasicJsonContext, enable_if_t<is_basic_json_context<BasicJsonContext>::value, int> = 0>
[build]       |                                                                                                          ^ ~
[build] C:\Users\pperv\code\unnamed_rpg\vendor\json\include\nlohmann/detail/exceptions.hpp(143,24): warning: padding class 'nlohmann::detail::exception' with 4 bytes to align 'm' [-Wpadded]
[build]   143 |     std::runtime_error m;
[build]       |                        ^
[build] C:\Users\pperv\code\unnamed_rpg\vendor\json\include\nlohmann/detail/exceptions.hpp(222,106): warning: default template arguments for a function template are incompatible with C++98 [-Wc++98-compat]
[build]   222 |     template<typename BasicJsonContext, enable_if_t<is_basic_json_context<BasicJsonContext>::value, int> = 0>
[build]       |                                                                                                          ^ ~
[build] C:\Users\pperv\code\unnamed_rpg\vendor\json\include\nlohmann/detail/exceptions.hpp(240,106): warning: default template arguments for a function template are incompatible with C++98 [-Wc++98-compat]
[build]   240 |     template<typename BasicJsonContext, enable_if_t<is_basic_json_context<BasicJsonContext>::value, int> = 0>
[build]       |                                                                                                          ^ ~
[build] C:\Users\pperv\code\unnamed_rpg\vendor\json\include\nlohmann/detail/exceptions.hpp(257,106): warning: default template arguments for a function template are incompatible with C++98 [-Wc++98-compat]
[build]   257 |     template<typename BasicJsonContext, enable_if_t<is_basic_json_context<BasicJsonContext>::value, int> = 0>
[build]       |                                                                                                          ^ ~
[build] C:\Users\pperv\code\unnamed_rpg\vendor\json\include\nlohmann/detail/exceptions.hpp(274,106): warning: default template arguments for a function template are incompatible with C++98 [-Wc++98-compat]
[build]   274 |     template<typename BasicJsonContext, enable_if_t<is_basic_json_context<BasicJsonContext>::value, int> = 0>
[build]       |                                                                                                          ^ ~
[build] In file included from C:\Users\pperv\code\unnamed_rpg\vendor\json-schema-validator\src\string-format-check.cpp:1:
[build] In file included from C:\Users\pperv\code\unnamed_rpg\vendor\json-schema-validator\src\nlohmann/json-schema.hpp:24:
[build] In file included from C:\Users\pperv\code\unnamed_rpg\vendor\json\include\nlohmann/json.hpp:44:
[build] In file included from C:\Users\pperv\code\unnamed_rpg\vendor\json\include\nlohmann/adl_serializer.hpp:14:
[build] In file included from C:\Users\pperv\code\unnamed_rpg\vendor\json\include\nlohmann/detail/conversions/from_json.hpp:27:
[build] C:\Users\pperv\code\unnamed_rpg\vendor\json\include\nlohmann/detail/meta/identity_tag.hpp(13,1): warning: empty macro arguments are incompatible with C++98 [-Wc++98-compat-pedantic]
[build]    13 | NLOHMANN_JSON_NAMESPACE_BEGIN
[build]       | ^
[build] C:\Users\pperv\code\unnamed_rpg\vendor\json\include\nlohmann/detail/abi_macros.hpp(102,17): note: expanded from macro 'NLOHMANN_JSON_NAMESPACE_BEGIN'
[build]   102 |                 NLOHMANN_JSON_ABI_TAGS,              \
[build]       |                 ^
[build] C:\Users\pperv\code\unnamed_rpg\vendor\json\include\nlohmann/detail/abi_macros.hpp(65,5): note: expanded from macro 'NLOHMANN_JSON_ABI_TAGS'
[build]    65 |     NLOHMANN_JSON_ABI_TAGS_CONCAT(                                   \
[build]       |     ^
[build] C:\Users\pperv\code\unnamed_rpg\vendor\json\include\nlohmann/detail/abi_macros.hpp(62,39): note: expanded from macro 'NLOHMANN_JSON_ABI_TAGS_CONCAT'
[build]    62 |     NLOHMANN_JSON_ABI_TAGS_CONCAT_EX(a, b, c)
[build]       |                                       ^
[build] In file included from C:\Users\pperv\code\unnamed_rpg\vendor\json-schema-validator\src\string-format-check.cpp:1:
[build] In file included from C:\Users\pperv\code\unnamed_rpg\vendor\json-schema-validator\src\nlohmann/json-schema.hpp:24:
[build] In file included from C:\Users\pperv\code\unnamed_rpg\vendor\json\include\nlohmann/json.hpp:44:
[build] In file included from C:\Users\pperv\code\unnamed_rpg\vendor\json\include\nlohmann/adl_serializer.hpp:14:
[build] In file included from C:\Users\pperv\code\unnamed_rpg\vendor\json\include\nlohmann/detail/conversions/from_json.hpp:27:
[build] C:\Users\pperv\code\unnamed_rpg\vendor\json\include\nlohmann/detail/meta/identity_tag.hpp(13,1): warning: empty macro arguments are incompatible with C++98 [-Wc++98-compat-pedantic]
[build] C:\Users\pperv\code\unnamed_rpg\vendor\json\include\nlohmann/detail/abi_macros.hpp(102,17): note: expanded from macro 'NLOHMANN_JSON_NAMESPACE_BEGIN'
[build]   102 |                 NLOHMANN_JSON_ABI_TAGS,              \
[build]       |                 ^
[build] C:\Users\pperv\code\unnamed_rpg\vendor\json\include\nlohmann/detail/abi_macros.hpp(65,5): note: expanded from macro 'NLOHMANN_JSON_ABI_TAGS'
[build]    65 |     NLOHMANN_JSON_ABI_TAGS_CONCAT(                                   \
[build]       |     ^
[build] C:\Users\pperv\code\unnamed_rpg\vendor\json\include\nlohmann/detail/abi_macros.hpp(62,42): note: expanded from macro 'NLOHMANN_JSON_ABI_TAGS_CONCAT'
[build]    62 |     NLOHMANN_JSON_ABI_TAGS_CONCAT_EX(a, b, c)
[build]       |                                          ^
[build] In file included from C:\Users\pperv\code\unnamed_rpg\vendor\json-schema-validator\src\string-format-check.cpp:1:
[build] In file included from C:\Users\pperv\code\unnamed_rpg\vendor\json-schema-validator\src\nlohmann/json-schema.hpp:24:
[build] In file included from C:\Users\pperv\code\unnamed_rpg\vendor\json\include\nlohmann/json.hpp:44:
[build] In file included from C:\Users\pperv\code\unnamed_rpg\vendor\json\include\nlohmann/adl_serializer.hpp:14:
[build] In file included from C:\Users\pperv\code\unnamed_rpg\vendor\json\include\nlohmann/detail/conversions/from_json.hpp:27:
[build] C:\Users\pperv\code\unnamed_rpg\vendor\json\include\nlohmann/detail/meta/identity_tag.hpp(13,1): warning: empty macro arguments are incompatible with C++98 [-Wc++98-compat-pedantic]
[build] C:\Users\pperv\code\unnamed_rpg\vendor\json\include\nlohmann/detail/abi_macros.hpp(102,17): note: expanded from macro 'NLOHMANN_JSON_NAMESPACE_BEGIN'
[build]   102 |                 NLOHMANN_JSON_ABI_TAGS,              \
[build]       |                 ^
[build] C:\Users\pperv\code\unnamed_rpg\vendor\json\include\nlohmann/detail/abi_macros.hpp(65,5): note: expanded from macro 'NLOHMANN_JSON_ABI_TAGS'
[build]    65 |     NLOHMANN_JSON_ABI_TAGS_CONCAT(                                   \
[build]       |     ^
[build] C:\Users\pperv\code\unnamed_rpg\vendor\json\include\nlohmann/detail/abi_macros.hpp(62,45): note: expanded from macro 'NLOHMANN_JSON_ABI_TAGS_CONCAT'
[build]    62 |     NLOHMANN_JSON_ABI_TAGS_CONCAT_EX(a, b, c)
[build]       |                                             ^
[build] In file included from C:\Users\pperv\code\unnamed_rpg\vendor\json-schema-validator\src\string-format-check.cpp:1:
[build] In file included from C:\Users\pperv\code\unnamed_rpg\vendor\json-schema-validator\src\nlohmann/json-schema.hpp:24:
[build] In file included from C:\Users\pperv\code\unnamed_rpg\vendor\json\include\nlohmann/json.hpp:44:
[build] In file included from C:\Users\pperv\code\unnamed_rpg\vendor\json\include\nlohmann/adl_serializer.hpp:14:
[build] In file included from C:\Users\pperv\code\unnamed_rpg\vendor\json\include\nlohmann/detail/conversions/from_json.hpp:27:
[build] C:\Users\pperv\code\unnamed_rpg\vendor\json\include\nlohmann/detail/meta/identity_tag.hpp(13,1): warning: inline namespaces are incompatible with C++98 [-Wc++98-compat]
[build] C:\Users\pperv\code\unnamed_rpg\vendor\json\include\nlohmann/detail/abi_macros.hpp(101,5): note: expanded from macro 'NLOHMANN_JSON_NAMESPACE_BEGIN'
[build]   101 |     inline namespace NLOHMANN_JSON_NAMESPACE_CONCAT( \
[build]       |     ^
[build] In file included from C:\Users\pperv\code\unnamed_rpg\vendor\json-schema-validator\src\string-format-check.cpp:1:
[build] In file included from C:\Users\pperv\code\unnamed_rpg\vendor\json-schema-validator\src\nlohmann/json-schema.hpp:24:
[build] In file included from C:\Users\pperv\code\unnamed_rpg\vendor\json\include\nlohmann/json.hpp:44:
[build] In file included from C:\Users\pperv\code\unnamed_rpg\vendor\json\include\nlohmann/adl_serializer.hpp:14:
[build] In file included from C:\Users\pperv\code\unnamed_rpg\vendor\json\include\nlohmann/detail/conversions/from_json.hpp:30:
[build] C:\Users\pperv\code\unnamed_rpg\vendor\json\include\nlohmann/detail/meta/logic.hpp(5,1): warning: empty macro arguments are incompatible with C++98 [-Wc++98-compat-pedantic]
[build]     5 | NLOHMANN_JSON_NAMESPACE_BEGIN
[build]       | ^
[build] C:\Users\pperv\code\unnamed_rpg\vendor\json\include\nlohmann/detail/abi_macros.hpp(102,17): note: expanded from macro 'NLOHMANN_JSON_NAMESPACE_BEGIN'
[build]   102 |                 NLOHMANN_JSON_ABI_TAGS,              \
[build]       |                 ^
[build] C:\Users\pperv\code\unnamed_rpg\vendor\json\include\nlohmann/detail/abi_macros.hpp(65,5): note: expanded from macro 'NLOHMANN_JSON_ABI_TAGS'
[build]    65 |     NLOHMANN_JSON_ABI_TAGS_CONCAT(                                   \
[build]       |     ^
[build] C:\Users\pperv\code\unnamed_rpg\vendor\json\include\nlohmann/detail/abi_macros.hpp(62,39): note: expanded from macro 'NLOHMANN_JSON_ABI_TAGS_CONCAT'
[build]    62 |     NLOHMANN_JSON_ABI_TAGS_CONCAT_EX(a, b, c)
[build]       |                                       ^
[build] In file included from C:\Users\pperv\code\unnamed_rpg\vendor\json-schema-validator\src\string-format-check.cpp:1:
[build] In file included from C:\Users\pperv\code\unnamed_rpg\vendor\json-schema-validator\src\nlohmann/json-schema.hpp:24:
[build] In file included from C:\Users\pperv\code\unnamed_rpg\vendor\json\include\nlohmann/json.hpp:44:
[build] In file included from C:\Users\pperv\code\unnamed_rpg\vendor\json\include\nlohmann/adl_serializer.hpp:14:
[build] In file included from C:\Users\pperv\code\unnamed_rpg\vendor\json\include\nlohmann/detail/conversions/from_json.hpp:30:
[build] C:\Users\pperv\code\unnamed_rpg\vendor\json\include\nlohmann/detail/meta/logic.hpp(5,1): warning: empty macro arguments are incompatible with C++98 [-Wc++98-compat-pedantic]
[build] C:\Users\pperv\code\unnamed_rpg\vendor\json\include\nlohmann/detail/abi_macros.hpp(102,17): note: expanded from macro 'NLOHMANN_JSON_NAMESPACE_BEGIN'
[build]   102 |                 NLOHMANN_JSON_ABI_TAGS,              \
[build]       |                 ^
[build] C:\Users\pperv\code\unnamed_rpg\vendor\json\include\nlohmann/detail/abi_macros.hpp(65,5): note: expanded from macro 'NLOHMANN_JSON_ABI_TAGS'
[build]    65 |     NLOHMANN_JSON_ABI_TAGS_CONCAT(                                   \
[build]       |     ^
[build] C:\Users\pperv\code\unnamed_rpg\vendor\json\include\nlohmann/detail/abi_macros.hpp(62,42): note: expanded from macro 'NLOHMANN_JSON_ABI_TAGS_CONCAT'
[build]    62 |     NLOHMANN_JSON_ABI_TAGS_CONCAT_EX(a, b, c)
[build]       |                                          ^
[build] In file included from C:\Users\pperv\code\unnamed_rpg\vendor\json-schema-validator\src\string-format-check.cpp:1:
[build] In file included from C:\Users\pperv\code\unnamed_rpg\vendor\json-schema-validator\src\nlohmann/json-schema.hpp:24:
[build] In file included from C:\Users\pperv\code\unnamed_rpg\vendor\json\include\nlohmann/json.hpp:44:
[build] In file included from C:\Users\pperv\code\unnamed_rpg\vendor\json\include\nlohmann/adl_serializer.hpp:14:
[build] In file included from C:\Users\pperv\code\unnamed_rpg\vendor\json\include\nlohmann/detail/conversions/from_json.hpp:30:
[build] C:\Users\pperv\code\unnamed_rpg\vendor\json\include\nlohmann/detail/meta/logic.hpp(5,1): warning: empty macro arguments are incompatible with C++98 [-Wc++98-compat-pedantic]
[build] C:\Users\pperv\code\unnamed_rpg\vendor\json\include\nlohmann/detail/abi_macros.hpp(102,17): note: expanded from macro 'NLOHMANN_JSON_NAMESPACE_BEGIN'
[build]   102 |                 NLOHMANN_JSON_ABI_TAGS,              \
[build]       |                 ^
[build] C:\Users\pperv\code\unnamed_rpg\vendor\json\include\nlohmann/detail/abi_macros.hpp(65,5): note: expanded from macro 'NLOHMANN_JSON_ABI_TAGS'
[build]    65 |     NLOHMANN_JSON_ABI_TAGS_CONCAT(                                   \
[build]       |     ^
[build] C:\Users\pperv\code\unnamed_rpg\vendor\json\include\nlohmann/detail/abi_macros.hpp(62,45): note: expanded from macro 'NLOHMANN_JSON_ABI_TAGS_CONCAT'
[build]    62 |     NLOHMANN_JSON_ABI_TAGS_CONCAT_EX(a, b, c)
[build]       |                                             ^
[build] In file included from C:\Users\pperv\code\unnamed_rpg\vendor\json-schema-validator\src\string-format-check.cpp:1:
[build] In file included from C:\Users\pperv\code\unnamed_rpg\vendor\json-schema-validator\src\nlohmann/json-schema.hpp:24:
[build] In file included from C:\Users\pperv\code\unnamed_rpg\vendor\json\include\nlohmann/json.hpp:44:
[build] In file included from C:\Users\pperv\code\unnamed_rpg\vendor\json\include\nlohmann/adl_serializer.hpp:14:
[build] In file included from C:\Users\pperv\code\unnamed_rpg\vendor\json\include\nlohmann/detail/conversions/from_json.hpp:30:
[build] C:\Users\pperv\code\unnamed_rpg\vendor\json\include\nlohmann/detail/meta/logic.hpp(5,1): warning: inline namespaces are incompatible with C++98 [-Wc++98-compat]
[build] C:\Users\pperv\code\unnamed_rpg\vendor\json\include\nlohmann/detail/abi_macros.hpp(101,5): note: expanded from macro 'NLOHMANN_JSON_NAMESPACE_BEGIN'
[build]   101 |     inline namespace NLOHMANN_JSON_NAMESPACE_CONCAT( \
[build]       |     ^
[build] In file included from C:\Users\pperv\code\unnamed_rpg\vendor\json-schema-validator\src\string-format-check.cpp:1:
[build] In file included from C:\Users\pperv\code\unnamed_rpg\vendor\json-schema-validator\src\nlohmann/json-schema.hpp:24:
[build] In file included from C:\Users\pperv\code\unnamed_rpg\vendor\json\include\nlohmann/json.hpp:44:
[build] In file included from C:\Users\pperv\code\unnamed_rpg\vendor\json\include\nlohmann/adl_serializer.hpp:14:
[build] In file included from C:\Users\pperv\code\unnamed_rpg\vendor\json\include\nlohmann/detail/conversions/from_json.hpp:30:
[build] C:\Users\pperv\code\unnamed_rpg\vendor\json\include\nlohmann/detail/meta/logic.hpp(18,14): warning: variadic templates are incompatible with C++98 [-Wc++98-compat]
[build]    18 | template<bool... Booleans>
[build]       |              ^
[build] C:\Users\pperv\code\unnamed_rpg\vendor\json\include\nlohmann/detail/meta/logic.hpp(21,14): warning: variadic templates are incompatible with C++98 [-Wc++98-compat]
[build]    21 | template<bool... Booleans>
[build]       |              ^
[build] C:\Users\pperv\code\unnamed_rpg\vendor\json\include\nlohmann/detail/meta/logic.hpp(24,14): warning: variadic templates are incompatible with C++98 [-Wc++98-compat]
[build]    24 | template<bool... Booleans>
[build]       |              ^
[build] C:\Users\pperv\code\unnamed_rpg\vendor\json\include\nlohmann/detail/meta/logic.hpp(27,14): warning: variadic templates are incompatible with C++98 [-Wc++98-compat]
[build]    27 | template<bool... Booleans>
[build]       |              ^
[build] C:\Users\pperv\code\unnamed_rpg\vendor\json\include\nlohmann/detail/meta/logic.hpp(30,14): warning: variadic templates are incompatible with C++98 [-Wc++98-compat]
[build]    30 | template<bool... Booleans>
[build]       |              ^
[build] C:\Users\pperv\code\unnamed_rpg\vendor\json\include\nlohmann/detail/meta/logic.hpp(33,14): warning: variadic templates are incompatible with C++98 [-Wc++98-compat]
[build]    33 | template<bool... Booleans>
[build]       |              ^
[build] C:\Users\pperv\code\unnamed_rpg\vendor\json\include\nlohmann/detail/meta/logic.hpp(41,15): warning: variadic templates are incompatible with C++98 [-Wc++98-compat]
[build]    41 | template<class... Booleans>
[build]       |               ^
[build] C:\Users\pperv\code\unnamed_rpg\vendor\json\include\nlohmann/detail/meta/logic.hpp(44,14): warning: variadic templates are incompatible with C++98 [-Wc++98-compat]
[build]    44 | template<bool... Booleans>
[build]       |              ^
[build] C:\Users\pperv\code\unnamed_rpg\vendor\json\include\nlohmann/detail/meta/logic.hpp(47,15): warning: variadic templates are incompatible with C++98 [-Wc++98-compat]
[build]    47 | template<class... Booleans>
[build]       |               ^
[build] C:\Users\pperv\code\unnamed_rpg\vendor\json\include\nlohmann/detail/meta/logic.hpp(50,14): warning: variadic templates are incompatible with C++98 [-Wc++98-compat]
[build]    50 | template<bool... Booleans>
[build]       |              ^
[build] In file included from C:\Users\pperv\code\unnamed_rpg\vendor\json-schema-validator\src\string-format-check.cpp:1:
[build] In file included from C:\Users\pperv\code\unnamed_rpg\vendor\json-schema-validator\src\nlohmann/json-schema.hpp:24:
[build] In file included from C:\Users\pperv\code\unnamed_rpg\vendor\json\include\nlohmann/json.hpp:44:
[build] In file included from C:\Users\pperv\code\unnamed_rpg\vendor\json\include\nlohmann/adl_serializer.hpp:14:
[build] C:\Users\pperv\code\unnamed_rpg\vendor\json\include\nlohmann/detail/conversions/from_json.hpp(43,1): warning: empty macro arguments are incompatible with C++98 [-Wc++98-compat-pedantic]
[build]    43 | NLOHMANN_JSON_NAMESPACE_BEGIN
[build]       | ^
[build] C:\Users\pperv\code\unnamed_rpg\vendor\json\include\nlohmann/detail/abi_macros.hpp(102,17): note: expanded from macro 'NLOHMANN_JSON_NAMESPACE_BEGIN'
[build]   102 |                 NLOHMANN_JSON_ABI_TAGS,              \
[build]       |                 ^
[build] C:\Users\pperv\code\unnamed_rpg\vendor\json\include\nlohmann/detail/abi_macros.hpp(65,5): note: expanded from macro 'NLOHMANN_JSON_ABI_TAGS'
[build]    65 |     NLOHMANN_JSON_ABI_TAGS_CONCAT(                                   \
[build]       |     ^
[build] C:\Users\pperv\code\unnamed_rpg\vendor\json\include\nlohmann/detail/abi_macros.hpp(62,39): note: expanded from macro 'NLOHMANN_JSON_ABI_TAGS_CONCAT'
[build]    62 |     NLOHMANN_JSON_ABI_TAGS_CONCAT_EX(a, b, c)
[build]       |                                       ^
[build] In file included from C:\Users\pperv\code\unnamed_rpg\vendor\json-schema-validator\src\string-format-check.cpp:1:
[build] In file included from C:\Users\pperv\code\unnamed_rpg\vendor\json-schema-validator\src\nlohmann/json-schema.hpp:24:
[build] In file included from C:\Users\pperv\code\unnamed_rpg\vendor\json\include\nlohmann/json.hpp:44:
[build] In file included from C:\Users\pperv\code\unnamed_rpg\vendor\json\include\nlohmann/adl_serializer.hpp:14:
[build] C:\Users\pperv\code\unnamed_rpg\vendor\json\include\nlohmann/detail/conversions/from_json.hpp(43,1): warning: empty macro arguments are incompatible with C++98 [-Wc++98-compat-pedantic]
[build] C:\Users\pperv\code\unnamed_rpg\vendor\json\include\nlohmann/detail/abi_macros.hpp(102,17): note: expanded from macro 'NLOHMANN_JSON_NAMESPACE_BEGIN'
[build]   102 |                 NLOHMANN_JSON_ABI_TAGS,              \
[build]       |                 ^
[build] C:\Users\pperv\code\unnamed_rpg\vendor\json\include\nlohmann/detail/abi_macros.hpp(65,5): note: expanded from macro 'NLOHMANN_JSON_ABI_TAGS'
[build]    65 |     NLOHMANN_JSON_ABI_TAGS_CONCAT(                                   \
[build]       |     ^
[build] C:\Users\pperv\code\unnamed_rpg\vendor\json\include\nlohmann/detail/abi_macros.hpp(62,42): note: expanded from macro 'NLOHMANN_JSON_ABI_TAGS_CONCAT'
[build]    62 |     NLOHMANN_JSON_ABI_TAGS_CONCAT_EX(a, b, c)
[build]       |                                          ^
[build] In file included from C:\Users\pperv\code\unnamed_rpg\vendor\json-schema-validator\src\string-format-check.cpp:1:
[build] In file included from C:\Users\pperv\code\unnamed_rpg\vendor\json-schema-validator\src\nlohmann/json-schema.hpp:24:
[build] In file included from C:\Users\pperv\code\unnamed_rpg\vendor\json\include\nlohmann/json.hpp:44:
[build] In file included from C:\Users\pperv\code\unnamed_rpg\vendor\json\include\nlohmann/adl_serializer.hpp:14:
[build] C:\Users\pperv\code\unnamed_rpg\vendor\json\include\nlohmann/detail/conversions/from_json.hpp(43,1): warning: empty macro arguments are incompatible with C++98 [-Wc++98-compat-pedantic]
[build] C:\Users\pperv\code\unnamed_rpg\vendor\json\include\nlohmann/detail/abi_macros.hpp(102,17): note: expanded from macro 'NLOHMANN_JSON_NAMESPACE_BEGIN'
[build]   102 |                 NLOHMANN_JSON_ABI_TAGS,              \
[build]       |                 ^
[build] C:\Users\pperv\code\unnamed_rpg\vendor\json\include\nlohmann/detail/abi_macros.hpp(65,5): note: expanded from macro 'NLOHMANN_JSON_ABI_TAGS'
[build]    65 |     NLOHMANN_JSON_ABI_TAGS_CONCAT(                                   \
[build]       |     ^
[build] C:\Users\pperv\code\unnamed_rpg\vendor\json\include\nlohmann/detail/abi_macros.hpp(62,45): note: expanded from macro 'NLOHMANN_JSON_ABI_TAGS_CONCAT'
[build]    62 |     NLOHMANN_JSON_ABI_TAGS_CONCAT_EX(a, b, c)
[build]       |                                             ^
[build] In file included from C:\Users\pperv\code\unnamed_rpg\vendor\json-schema-validator\src\string-format-check.cpp:1:
[build] In file included from C:\Users\pperv\code\unnamed_rpg\vendor\json-schema-validator\src\nlohmann/json-schema.hpp:24:
[build] In file included from C:\Users\pperv\code\unnamed_rpg\vendor\json\include\nlohmann/json.hpp:44:
[build] In file included from C:\Users\pperv\code\unnamed_rpg\vendor\json\include\nlohmann/adl_serializer.hpp:14:
[build] C:\Users\pperv\code\unnamed_rpg\vendor\json\include\nlohmann/detail/conversions/from_json.hpp(43,1): warning: inline namespaces are incompatible with C++98 [-Wc++98-compat]
[build] C:\Users\pperv\code\unnamed_rpg\vendor\json\include\nlohmann/detail/abi_macros.hpp(101,5): note: expanded from macro 'NLOHMANN_JSON_NAMESPACE_BEGIN'
[build]   101 |     inline namespace NLOHMANN_JSON_NAMESPACE_CONCAT( \
[build]       |     ^
[build] In file included from C:\Users\pperv\code\unnamed_rpg\vendor\json-schema-validator\src\string-format-check.cpp:1:
[build] In file included from C:\Users\pperv\code\unnamed_rpg\vendor\json-schema-validator\src\nlohmann/json-schema.hpp:24:
[build] In file included from C:\Users\pperv\code\unnamed_rpg\vendor\json\include\nlohmann/json.hpp:44:
[build] In file included from C:\Users\pperv\code\unnamed_rpg\vendor\json\include\nlohmann/adl_serializer.hpp:14:
[build] C:\Users\pperv\code\unnamed_rpg\vendor\json\include\nlohmann/detail/conversions/from_json.hpp(77,32): warning: default template arguments for a function template are incompatible with C++98 [-Wc++98-compat]
[build]    77 |                          int > = 0 >
[build]       |                                ^ ~
[build] C:\Users\pperv\code\unnamed_rpg\vendor\json\include\nlohmann/detail/conversions/from_json.hpp(136,51): warning: default template arguments for a function template are incompatible with C++98 [-Wc++98-compat]
[build]   136 |         && !is_json_ref<StringType>::value, int > = 0 >
[build]       |                                                   ^ ~
[build] C:\Users\pperv\code\unnamed_rpg\vendor\json\include\nlohmann/detail/conversions/from_json.hpp(167,58): warning: default template arguments for a function template are incompatible with C++98 [-Wc++98-compat]
[build]   167 |          enable_if_t<std::is_enum<EnumType>::value, int> = 0>
[build]       |                                                          ^ ~
[build] C:\Users\pperv\code\unnamed_rpg\vendor\json\include\nlohmann/detail/conversions/from_json.hpp(178,64): warning: default template arguments for a function template are incompatible with C++98 [-Wc++98-compat]
[build]   178 |          enable_if_t<is_getable<BasicJsonType, T>::value, int> = 0>
[build]       |                                                                ^ ~
[build] C:\Users\pperv\code\unnamed_rpg\vendor\json\include\nlohmann/detail/conversions/from_json.hpp(195,64): warning: default template arguments for a function template are incompatible with C++98 [-Wc++98-compat]
[build]   195 |          enable_if_t<is_getable<BasicJsonType, T>::value, int> = 0>
[build]       |                                                                ^ ~
[build] C:\Users\pperv\code\unnamed_rpg\vendor\json\include\nlohmann/detail/conversions/from_json.hpp(212,1): warning: trailing return types are incompatible with C++98 [-Wc++98-compat]
[build]   212 | -> decltype(j.template get<T>(), void())
[build]       | ^
[build] C:\Users\pperv\code\unnamed_rpg\vendor\json\include\nlohmann/detail/conversions/from_json.hpp(212,4): warning: 'decltype' type specifier is incompatible with C++98 [-Wc++98-compat]
[build]   212 | -> decltype(j.template get<T>(), void())
[build]       |    ^
[build] C:\Users\pperv\code\unnamed_rpg\vendor\json\include\nlohmann/detail/conversions/from_json.hpp(222,1): warning: trailing return types are incompatible with C++98 [-Wc++98-compat]
[build]   222 | -> decltype(j.template get<T>(), void())
[build]       | ^
[build] C:\Users\pperv\code\unnamed_rpg\vendor\json\include\nlohmann/detail/conversions/from_json.hpp(222,4): warning: 'decltype' type specifier is incompatible with C++98 [-Wc++98-compat]
[build]   222 | -> decltype(j.template get<T>(), void())
[build]       |    ^
[build] C:\Users\pperv\code\unnamed_rpg\vendor\json\include\nlohmann/detail/conversions/from_json.hpp(235,1): warning: trailing return types are incompatible with C++98 [-Wc++98-compat]
[build]   235 | -> decltype(j.template get<T>(), void())
[build]       | ^
[build] C:\Users\pperv\code\unnamed_rpg\vendor\json\include\nlohmann/detail/conversions/from_json.hpp(235,4): warning: 'decltype' type specifier is incompatible with C++98 [-Wc++98-compat]
[build]   235 | -> decltype(j.template get<T>(), void())
[build]       |    ^
[build] C:\Users\pperv\code\unnamed_rpg\vendor\json\include\nlohmann/detail/conversions/from_json.hpp(251,1): warning: trailing return types are incompatible with C++98 [-Wc++98-compat]
[build]   251 | -> decltype(j.template get<T>(), void())
[build]       | ^
[build] C:\Users\pperv\code\unnamed_rpg\vendor\json\include\nlohmann/detail/conversions/from_json.hpp(251,4): warning: 'decltype' type specifier is incompatible with C++98 [-Wc++98-compat]
[build]   251 | -> decltype(j.template get<T>(), void())
[build]       |    ^
[build] C:\Users\pperv\code\unnamed_rpg\vendor\json\include\nlohmann/detail/conversions/from_json.hpp(277,1): warning: trailing return types are incompatible with C++98 [-Wc++98-compat]
[build]   277 | -> decltype(j.template get<T>(), void())
[build]       | ^
[build] C:\Users\pperv\code\unnamed_rpg\vendor\json\include\nlohmann/detail/conversions/from_json.hpp(277,4): warning: 'decltype' type specifier is incompatible with C++98 [-Wc++98-compat]
[build]   277 | -> decltype(j.template get<T>(), void())
[build]       |    ^
[build] C:\Users\pperv\code\unnamed_rpg\vendor\json\include\nlohmann/detail/conversions/from_json.hpp(290,1): warning: trailing return types are incompatible with C++98 [-Wc++98-compat]
[build]   290 | -> decltype(
[build]       | ^
[build] C:\Users\pperv\code\unnamed_rpg\vendor\json\include\nlohmann/detail/conversions/from_json.hpp(290,4): warning: 'decltype' type specifier is incompatible with C++98 [-Wc++98-compat]
[build]   290 | -> decltype(
[build]       |    ^
[build] C:\Users\pperv\code\unnamed_rpg\vendor\json\include\nlohmann/detail/conversions/from_json.hpp(288,19): warning: default template arguments for a function template are incompatible with C++98 [-Wc++98-compat]
[build]   288 |              int> = 0>
[build]       |                   ^ ~
[build] C:\Users\pperv\code\unnamed_rpg\vendor\json\include\nlohmann/detail/conversions/from_json.hpp(312,19): warning: default template arguments for a function template are incompatible with C++98 [-Wc++98-compat]
[build]   312 |              int> = 0>
[build]       |                   ^ ~
[build] C:\Users\pperv\code\unnamed_rpg\vendor\json\include\nlohmann/detail/conversions/from_json.hpp(340,1): warning: trailing return types are incompatible with C++98 [-Wc++98-compat]
[build]   340 | -> decltype(from_json_array_impl(j, arr, priority_tag<3> {}),
[build]       | ^
[build] C:\Users\pperv\code\unnamed_rpg\vendor\json\include\nlohmann/detail/conversions/from_json.hpp(340,4): warning: 'decltype' type specifier is incompatible with C++98 [-Wc++98-compat]
[build]   340 | -> decltype(from_json_array_impl(j, arr, priority_tag<3> {}),
[build]       |    ^
[build] C:\Users\pperv\code\unnamed_rpg\vendor\json\include\nlohmann/detail/conversions/from_json.hpp(340,58): warning: generalized initializer lists are incompatible with C++98 [-Wc++98-compat]
[build]   340 | -> decltype(from_json_array_impl(j, arr, priority_tag<3> {}),
[build]       |                                                          ^
[build] C:\Users\pperv\code\unnamed_rpg\vendor\json\include\nlohmann/detail/conversions/from_json.hpp(340,58): warning: constructor call from initializer list is incompatible with C++98 [-Wc++98-compat]
[build]   340 | -> decltype(from_json_array_impl(j, arr, priority_tag<3> {}),
[build]       |                                                          ^~
[build] C:\Users\pperv\code\unnamed_rpg\vendor\json\include\nlohmann/detail/conversions/from_json.hpp(338,22): warning: default template arguments for a function template are incompatible with C++98 [-Wc++98-compat]
[build]   338 |                int > = 0 >
[build]       |                      ^ ~
[build] C:\Users\pperv\code\unnamed_rpg\vendor\json\include\nlohmann/detail/conversions/from_json.hpp(352,59): warning: variadic templates are incompatible with C++98 [-Wc++98-compat]
[build]   352 | template < typename BasicJsonType, typename T, std::size_t... Idx >
[build]       |                                                           ^
[build] C:\Users\pperv\code\unnamed_rpg\vendor\json\include\nlohmann/detail/conversions/from_json.hpp(353,73): warning: rvalue references are incompatible with C++98 [-Wc++98-compat]
[build]   353 | std::array<T, sizeof...(Idx)> from_json_inplace_array_impl(BasicJsonType&& j,
[build]       |                                                                         ^
[build] C:\Users\pperv\code\unnamed_rpg\vendor\json\include\nlohmann/detail/conversions/from_json.hpp(354,63): warning: consecutive right angle brackets are incompatible with C++98 (use '> >') [-Wc++98-compat]
[build]   354 |                      identity_tag<std::array<T, sizeof...(Idx)>> /*unused*/, index_sequence<Idx...> /*unused*/)
[build]       |                                                               ^~
[build]       |                                                               > >
[build] C:\Users\pperv\code\unnamed_rpg\vendor\json\include\nlohmann/detail/conversions/from_json.hpp(360,29): warning: rvalue references are incompatible with C++98 [-Wc++98-compat]
[build]   360 | auto from_json(BasicJsonType&& j, identity_tag<std::array<T, N>> tag)
[build]       |                             ^
[build] C:\Users\pperv\code\unnamed_rpg\vendor\json\include\nlohmann/detail/conversions/from_json.hpp(360,63): warning: consecutive right angle brackets are incompatible with C++98 (use '> >') [-Wc++98-compat]
[build]   360 | auto from_json(BasicJsonType&& j, identity_tag<std::array<T, N>> tag)
[build]       |                                                               ^~
[build]       |                                                               > >
[build] C:\Users\pperv\code\unnamed_rpg\vendor\json\include\nlohmann/detail/conversions/from_json.hpp(361,1): warning: trailing return types are incompatible with C++98 [-Wc++98-compat]
[build]   361 | -> decltype(from_json_inplace_array_impl(std::forward<BasicJsonType>(j), tag, make_index_sequence<N> {}))
[build]       | ^
[build] C:\Users\pperv\code\unnamed_rpg\vendor\json\include\nlohmann/detail/conversions/from_json.hpp(361,4): warning: 'decltype' type specifier is incompatible with C++98 [-Wc++98-compat]
[build]   361 | -> decltype(from_json_inplace_array_impl(std::forward<BasicJsonType>(j), tag, make_index_sequence<N> {}))
[build]       |    ^
[build] C:\Users\pperv\code\unnamed_rpg\vendor\json\include\nlohmann/detail/conversions/from_json.hpp(361,102): warning: generalized initializer lists are incompatible with C++98 [-Wc++98-compat]
[build]   361 | -> decltype(from_json_inplace_array_impl(std::forward<BasicJsonType>(j), tag, make_index_sequence<N> {}))
[build]       |                                                                                                      ^
[build] C:\Users\pperv\code\unnamed_rpg\vendor\json\include\nlohmann/detail/conversions/from_json.hpp(384,32): warning: default template arguments for a function template are incompatible with C++98 [-Wc++98-compat]
[build]   384 |                          int > = 0 >
[build]       |                                ^ ~
[build] C:\Users\pperv\code\unnamed_rpg\vendor\json\include\nlohmann/detail/conversions/from_json.hpp(402,104): warning: default template arguments for a function template are incompatible with C++98 [-Wc++98-compat]
[build]   402 |          enable_if_t<is_constructible_object_type<BasicJsonType, ConstructibleObjectType>::value, int> = 0>
[build]       |                                                                                                        ^ ~
[build] C:\Users\pperv\code\unnamed_rpg\vendor\json\include\nlohmann/detail/conversions/from_json.hpp(430,22): warning: default template arguments for a function template are incompatible with C++98 [-Wc++98-compat]
[build]   430 |                int > = 0 >
[build]       |                      ^ ~
[build] C:\Users\pperv\code\unnamed_rpg\vendor\json\include\nlohmann/detail/conversions/from_json.hpp(468,63): warning: rvalue references are incompatible with C++98 [-Wc++98-compat]
[build]   468 | detail::uncvref_t<Type> from_json_tuple_get_impl(BasicJsonType&& j, detail::identity_tag<Type> /*unused*/, detail::priority_tag<0> /*unused*/)
[build]       |                                                               ^
[build] C:\Users\pperv\code\unnamed_rpg\vendor\json\include\nlohmann/detail/conversions/from_json.hpp(475,45): warning: rvalue references are incompatible with C++98 [-Wc++98-compat]
[build]   475 | Type from_json_tuple_get_impl(BasicJsonType && j, detail::identity_tag<Type> /*unused*/, detail::priority_tag<1> /*unused*/)
[build]       |                                             ^
[build] C:\Users\pperv\code\unnamed_rpg\vendor\json\include\nlohmann/detail/conversions/from_json.hpp(474,101): warning: default template arguments for a function template are incompatible with C++98 [-Wc++98-compat]
[build]   474 |          detail::enable_if_t<detail::is_compatible_reference_type<BasicJsonType, Type>::value, int> = 0>
[build]       |                                                                                                     ^ ~
[build] C:\Users\pperv\code\unnamed_rpg\vendor\json\include\nlohmann/detail/conversions/from_json.hpp(481,63): warning: consecutive right angle brackets are incompatible with C++98 (use '> >') [-Wc++98-compat]
[build]   481 |          detail::enable_if_t<std::is_arithmetic<uncvref_t<Type>>::value, int> = 0>
[build]       |                                                               ^~
[build]       |                                                               > >
[build] C:\Users\pperv\code\unnamed_rpg\vendor\json\include\nlohmann/detail/conversions/from_json.hpp(482,64): warning: rvalue references are incompatible with C++98 [-Wc++98-compat]
[build]   482 | detail::uncvref_t<Type> from_json_tuple_get_impl(BasicJsonType && j, detail::identity_tag<Type> /*unused*/, detail::priority_tag<2> /*unused*/)
[build]       |                                                                ^
[build] C:\Users\pperv\code\unnamed_rpg\vendor\json\include\nlohmann/detail/conversions/from_json.hpp(481,79): warning: default template arguments for a function template are incompatible with C++98 [-Wc++98-compat]
[build]   481 |          detail::enable_if_t<std::is_arithmetic<uncvref_t<Type>>::value, int> = 0>
[build]       |                                                                               ^ ~
[build] C:\Users\pperv\code\unnamed_rpg\vendor\json\include\nlohmann/detail/conversions/from_json.hpp(487,65): warning: variadic templates are incompatible with C++98 [-Wc++98-compat]
[build]   487 | template<std::size_t PTagValue, typename BasicJsonType, typename... Types>
[build]       |                                                                 ^
[build] C:\Users\pperv\code\unnamed_rpg\vendor\json\include\nlohmann/detail/conversions/from_json.hpp(488,20): warning: alias declarations are incompatible with C++98 [-Wc++98-compat]
[build]   488 | using tuple_type = std::tuple < decltype(from_json_tuple_get_impl(std::declval<BasicJsonType>(), detail::identity_tag<Types> {}, detail::priority_tag<PTagValue> {}))... >;
[build]       |                    ^
[build] C:\Users\pperv\code\unnamed_rpg\vendor\json\include\nlohmann/detail/conversions/from_json.hpp(488,33): warning: 'decltype' type specifier is incompatible with C++98 [-Wc++98-compat]
[build]   488 | using tuple_type = std::tuple < decltype(from_json_tuple_get_impl(std::declval<BasicJsonType>(), detail::identity_tag<Types> {}, detail::priority_tag<PTagValue> {}))... >;
[build]       |                                 ^
[build] C:\Users\pperv\code\unnamed_rpg\vendor\json\include\nlohmann/detail/conversions/from_json.hpp(488,126): warning: generalized initializer lists are incompatible with C++98 [-Wc++98-compat]
[build]   488 | using tuple_type = std::tuple < decltype(from_json_tuple_get_impl(std::declval<BasicJsonType>(), detail::identity_tag<Types> {}, detail::priority_tag<PTagValue> {}))... >;
[build]       |                                                                                                                              ^
[build] C:\Users\pperv\code\unnamed_rpg\vendor\json\include\nlohmann/detail/conversions/from_json.hpp(488,162): warning: generalized initializer lists are incompatible with C++98 [-Wc++98-compat]
[build]   488 | using tuple_type = std::tuple < decltype(from_json_tuple_get_impl(std::declval<BasicJsonType>(), detail::identity_tag<Types> {}, detail::priority_tag<PTagValue> {}))... >;
[build]       |                                                                                                                                                                  ^
[build] C:\Users\pperv\code\unnamed_rpg\vendor\json\include\nlohmann/detail/conversions/from_json.hpp(490,41): warning: variadic templates are incompatible with C++98 [-Wc++98-compat]
[build]   490 | template<std::size_t PTagValue, typename... Args, typename BasicJsonType, std::size_t... Idx>
[build]       |                                         ^
[build] C:\Users\pperv\code\unnamed_rpg\vendor\json\include\nlohmann/detail/conversions/from_json.hpp(490,86): warning: variadic templates are incompatible with C++98 [-Wc++98-compat]
[build]   490 | template<std::size_t PTagValue, typename... Args, typename BasicJsonType, std::size_t... Idx>
[build]       |                                                                                      ^
[build] C:\Users\pperv\code\unnamed_rpg\vendor\json\include\nlohmann/detail/conversions/from_json.hpp(491,86): warning: rvalue references are incompatible with C++98 [-Wc++98-compat]
[build]   491 | tuple_type<PTagValue, BasicJsonType, Args...> from_json_tuple_impl_base(BasicJsonType&& j, index_sequence<Idx...> /*unused*/)
[build]       |                                                                                      ^
[build] C:\Users\pperv\code\unnamed_rpg\vendor\json\include\nlohmann/detail/conversions/from_json.hpp(503,53): warning: rvalue references are incompatible with C++98 [-Wc++98-compat]
[build]   503 | std::pair<A1, A2> from_json_tuple_impl(BasicJsonType&& j, identity_tag<std::pair<A1, A2>> /*unused*/, priority_tag<0> /*unused*/)
[build]       |                                                     ^
[build] C:\Users\pperv\code\unnamed_rpg\vendor\json\include\nlohmann/detail/conversions/from_json.hpp(503,88): warning: consecutive right angle brackets are incompatible with C++98 (use '> >') [-Wc++98-compat]
[build]   503 | std::pair<A1, A2> from_json_tuple_impl(BasicJsonType&& j, identity_tag<std::pair<A1, A2>> /*unused*/, priority_tag<0> /*unused*/)
[build]       |                                                                                        ^~
[build]       |                                                                                        > >
[build] C:\Users\pperv\code\unnamed_rpg\vendor\json\include\nlohmann/detail/conversions/from_json.hpp(510,47): warning: rvalue references are incompatible with C++98 [-Wc++98-compat]
[build]   510 | inline void from_json_tuple_impl(BasicJsonType&& j, std::pair<A1, A2>& p, priority_tag<1> /*unused*/)
[build]       |                                               ^
[build] C:\Users\pperv\code\unnamed_rpg\vendor\json\include\nlohmann/detail/conversions/from_json.hpp(515,42): warning: variadic templates are incompatible with C++98 [-Wc++98-compat]
[build]   515 | template<typename BasicJsonType, typename... Args>
[build]       |                                          ^
[build] C:\Users\pperv\code\unnamed_rpg\vendor\json\include\nlohmann/detail/conversions/from_json.hpp(516,55): warning: rvalue references are incompatible with C++98 [-Wc++98-compat]
[build]   516 | std::tuple<Args...> from_json_tuple_impl(BasicJsonType&& j, identity_tag<std::tuple<Args...>> /*unused*/, priority_tag<2> /*unused*/)
[build]       |                                                       ^
[build] C:\Users\pperv\code\unnamed_rpg\vendor\json\include\nlohmann/detail/conversions/from_json.hpp(516,92): warning: consecutive right angle brackets are incompatible with C++98 (use '> >') [-Wc++98-compat]
[build]   516 | std::tuple<Args...> from_json_tuple_impl(BasicJsonType&& j, identity_tag<std::tuple<Args...>> /*unused*/, priority_tag<2> /*unused*/)
[build]       |                                                                                            ^~
[build]       |                                                                                            > >
[build] C:\Users\pperv\code\unnamed_rpg\vendor\json\include\nlohmann/detail/conversions/from_json.hpp(523,42): warning: variadic templates are incompatible with C++98 [-Wc++98-compat]
[build]   523 | template<typename BasicJsonType, typename... Args>
[build]       |                                          ^
[build] C:\Users\pperv\code\unnamed_rpg\vendor\json\include\nlohmann/detail/conversions/from_json.hpp(524,47): warning: rvalue references are incompatible with C++98 [-Wc++98-compat]
[build]   524 | inline void from_json_tuple_impl(BasicJsonType&& j, std::tuple<Args...>& t, priority_tag<3> /*unused*/)
[build]       |                                               ^
[build] C:\Users\pperv\code\unnamed_rpg\vendor\json\include\nlohmann/detail/conversions/from_json.hpp(530,29): warning: rvalue references are incompatible with C++98 [-Wc++98-compat]
[build]   530 | auto from_json(BasicJsonType&& j, TupleRelated&& t)
[build]       |                             ^
[build] C:\Users\pperv\code\unnamed_rpg\vendor\json\include\nlohmann/detail/conversions/from_json.hpp(530,47): warning: rvalue references are incompatible with C++98 [-Wc++98-compat]
[build]   530 | auto from_json(BasicJsonType&& j, TupleRelated&& t)
[build]       |                                               ^
[build] C:\Users\pperv\code\unnamed_rpg\vendor\json\include\nlohmann/detail/conversions/from_json.hpp(531,1): warning: trailing return types are incompatible with C++98 [-Wc++98-compat]
[build]   531 | -> decltype(from_json_tuple_impl(std::forward<BasicJsonType>(j), std::forward<TupleRelated>(t), priority_tag<3> {}))
[build]       | ^
[build] C:\Users\pperv\code\unnamed_rpg\vendor\json\include\nlohmann/detail/conversions/from_json.hpp(531,4): warning: 'decltype' type specifier is incompatible with C++98 [-Wc++98-compat]
[build]   531 | -> decltype(from_json_tuple_impl(std::forward<BasicJsonType>(j), std::forward<TupleRelated>(t), priority_tag<3> {}))
[build]       |    ^
[build] C:\Users\pperv\code\unnamed_rpg\vendor\json\include\nlohmann/detail/conversions/from_json.hpp(531,113): warning: generalized initializer lists are incompatible with C++98 [-Wc++98-compat]
[build]   531 | -> decltype(from_json_tuple_impl(std::forward<BasicJsonType>(j), std::forward<TupleRelated>(t), priority_tag<3> {}))
[build]       |                                                                                                                 ^
[build] C:\Users\pperv\code\unnamed_rpg\vendor\json\include\nlohmann/detail/conversions/from_json.hpp(531,113): warning: constructor call from initializer list is incompatible with C++98 [-Wc++98-compat]
[build]   531 | -> decltype(from_json_tuple_impl(std::forward<BasicJsonType>(j), std::forward<TupleRelated>(t), priority_tag<3> {}))
[build]       |                                                                                                                 ^~
[build] C:\Users\pperv\code\unnamed_rpg\vendor\json\include\nlohmann/detail/conversions/from_json.hpp(543,88): warning: consecutive right angle brackets are incompatible with C++98 (use '> >') [-Wc++98-compat]
[build]   543 |                                         typename BasicJsonType::string_t, Key >::value >>
[build]       |                                                                                        ^~
[build]       |                                                                                        > >
[build] C:\Users\pperv\code\unnamed_rpg\vendor\json\include\nlohmann/detail/conversions/from_json.hpp(542,21): warning: default template arguments for a function template are incompatible with C++98 [-Wc++98-compat]
[build]   542 |            typename = enable_if_t < !std::is_constructible <
[build]       |                     ^ ~~~~~~~~~~~~~~~~~~~~~~~~~~~~~~~~~~~~~~
[build]   543 |                                         typename BasicJsonType::string_t, Key >::value >>
[build]       |                                         ~~~~~~~~~~~~~~~~~~~~~~~~~~~~~~~~~~~~~~~~~~~~~~~~
[build] C:\Users\pperv\code\unnamed_rpg\vendor\json\include\nlohmann/detail/conversions/from_json.hpp(563,88): warning: consecutive right angle brackets are incompatible with C++98 (use '> >') [-Wc++98-compat]
[build]   563 |                                         typename BasicJsonType::string_t, Key >::value >>
[build]       |                                                                                        ^~
[build]       |                                                                                        > >
[build] C:\Users\pperv\code\unnamed_rpg\vendor\json\include\nlohmann/detail/conversions/from_json.hpp(562,21): warning: default template arguments for a function template are incompatible with C++98 [-Wc++98-compat]
[build]   562 |            typename = enable_if_t < !std::is_constructible <
[build]       |                     ^ ~~~~~~~~~~~~~~~~~~~~~~~~~~~~~~~~~~~~~~
[build]   563 |                                         typename BasicJsonType::string_t, Key >::value >>
[build]       |                                         ~~~~~~~~~~~~~~~~~~~~~~~~~~~~~~~~~~~~~~~~~~~~~~~~
[build] C:\Users\pperv\code\unnamed_rpg\vendor\json\include\nlohmann/detail/conversions/from_json.hpp(609,46): warning: rvalue references are incompatible with C++98 [-Wc++98-compat]
[build]   609 |     auto operator()(const BasicJsonType& j, T&& val) const
[build]       |                                              ^
[build] C:\Users\pperv\code\unnamed_rpg\vendor\json\include\nlohmann/detail/conversions/from_json.hpp(611,5): warning: trailing return types are incompatible with C++98 [-Wc++98-compat]
[build]   611 |     -> decltype(from_json(j, std::forward<T>(val)))
[build]       |     ^
[build] C:\Users\pperv\code\unnamed_rpg\vendor\json\include\nlohmann/detail/conversions/from_json.hpp(611,8): warning: 'decltype' type specifier is incompatible with C++98 [-Wc++98-compat]
[build]   611 |     -> decltype(from_json(j, std::forward<T>(val)))
[build]       |        ^
[build] C:\Users\pperv\code\unnamed_rpg\vendor\json\include\nlohmann/detail/conversions/from_json.hpp(610,5): warning: noexcept specifications are incompatible with C++98 [-Wc++98-compat]
[build]   610 |     noexcept(noexcept(from_json(j, std::forward<T>(val))))
[build]       |     ^
[build] C:\Users\pperv\code\unnamed_rpg\vendor\json\include\nlohmann/detail/conversions/from_json.hpp(610,14): warning: noexcept expressions are incompatible with C++98 [-Wc++98-compat]
[build]   610 |     noexcept(noexcept(from_json(j, std::forward<T>(val))))
[build]       |              ^
[build] C:\Users\pperv\code\unnamed_rpg\vendor\json\include\nlohmann/detail/conversions/from_json.hpp(626,22): warning: 'constexpr' specifier is incompatible with C++98 [-Wc++98-compat]
[build]   626 | JSON_INLINE_VARIABLE constexpr const auto& from_json = // NOLINT(misc-definitions-in-headers)
[build]       |                      ^
[build] C:\Users\pperv\code\unnamed_rpg\vendor\json\include\nlohmann/detail/conversions/from_json.hpp(626,38): warning: 'auto' type specifier is incompatible with C++98 [-Wc++98-compat]
[build]   626 | JSON_INLINE_VARIABLE constexpr const auto& from_json = // NOLINT(misc-definitions-in-headers)
[build]       |                                      ^~~~
[build] In file included from C:\Users\pperv\code\unnamed_rpg\vendor\json-schema-validator\src\string-format-check.cpp:1:
[build] In file included from C:\Users\pperv\code\unnamed_rpg\vendor\json-schema-validator\src\nlohmann/json-schema.hpp:24:
[build] In file included from C:\Users\pperv\code\unnamed_rpg\vendor\json\include\nlohmann/json.hpp:44:
[build] In file included from C:\Users\pperv\code\unnamed_rpg\vendor\json\include\nlohmann/adl_serializer.hpp:15:
[build] In file included from C:\Users\pperv\code\unnamed_rpg\vendor\json\include\nlohmann/detail/conversions/to_json.hpp:26:
[build] In file included from C:\Users\pperv\code\unnamed_rpg\vendor\json\include\nlohmann/detail/iterators/iteration_proxy.hpp:22:
[build] C:\Users\pperv\code\unnamed_rpg\vendor\json\include\nlohmann/detail/string_utils.hpp(16,1): warning: empty macro arguments are incompatible with C++98 [-Wc++98-compat-pedantic]
[build]    16 | NLOHMANN_JSON_NAMESPACE_BEGIN
[build]       | ^
[build] C:\Users\pperv\code\unnamed_rpg\vendor\json\include\nlohmann/detail/abi_macros.hpp(102,17): note: expanded from macro 'NLOHMANN_JSON_NAMESPACE_BEGIN'
[build]   102 |                 NLOHMANN_JSON_ABI_TAGS,              \
[build]       |                 ^
[build] C:\Users\pperv\code\unnamed_rpg\vendor\json\include\nlohmann/detail/abi_macros.hpp(65,5): note: expanded from macro 'NLOHMANN_JSON_ABI_TAGS'
[build]    65 |     NLOHMANN_JSON_ABI_TAGS_CONCAT(                                   \
[build]       |     ^
[build] C:\Users\pperv\code\unnamed_rpg\vendor\json\include\nlohmann/detail/abi_macros.hpp(62,39): note: expanded from macro 'NLOHMANN_JSON_ABI_TAGS_CONCAT'
[build]    62 |     NLOHMANN_JSON_ABI_TAGS_CONCAT_EX(a, b, c)
[build]       |                                       ^
[build] In file included from C:\Users\pperv\code\unnamed_rpg\vendor\json-schema-validator\src\string-format-check.cpp:1:
[build] In file included from C:\Users\pperv\code\unnamed_rpg\vendor\json-schema-validator\src\nlohmann/json-schema.hpp:24:
[build] In file included from C:\Users\pperv\code\unnamed_rpg\vendor\json\include\nlohmann/json.hpp:44:
[build] In file included from C:\Users\pperv\code\unnamed_rpg\vendor\json\include\nlohmann/adl_serializer.hpp:15:
[build] In file included from C:\Users\pperv\code\unnamed_rpg\vendor\json\include\nlohmann/detail/conversions/to_json.hpp:26:
[build] In file included from C:\Users\pperv\code\unnamed_rpg\vendor\json\include\nlohmann/detail/iterators/iteration_proxy.hpp:22:
[build] C:\Users\pperv\code\unnamed_rpg\vendor\json\include\nlohmann/detail/string_utils.hpp(16,1): warning: empty macro arguments are incompatible with C++98 [-Wc++98-compat-pedantic]
[build] C:\Users\pperv\code\unnamed_rpg\vendor\json\include\nlohmann/detail/abi_macros.hpp(102,17): note: expanded from macro 'NLOHMANN_JSON_NAMESPACE_BEGIN'
[build]   102 |                 NLOHMANN_JSON_ABI_TAGS,              \
[build]       |                 ^
[build] C:\Users\pperv\code\unnamed_rpg\vendor\json\include\nlohmann/detail/abi_macros.hpp(65,5): note: expanded from macro 'NLOHMANN_JSON_ABI_TAGS'
[build]    65 |     NLOHMANN_JSON_ABI_TAGS_CONCAT(                                   \
[build]       |     ^
[build] C:\Users\pperv\code\unnamed_rpg\vendor\json\include\nlohmann/detail/abi_macros.hpp(62,42): note: expanded from macro 'NLOHMANN_JSON_ABI_TAGS_CONCAT'
[build]    62 |     NLOHMANN_JSON_ABI_TAGS_CONCAT_EX(a, b, c)
[build]       |                                          ^
[build] In file included from C:\Users\pperv\code\unnamed_rpg\vendor\json-schema-validator\src\string-format-check.cpp:1:
[build] In file included from C:\Users\pperv\code\unnamed_rpg\vendor\json-schema-validator\src\nlohmann/json-schema.hpp:24:
[build] In file included from C:\Users\pperv\code\unnamed_rpg\vendor\json\include\nlohmann/json.hpp:44:
[build] In file included from C:\Users\pperv\code\unnamed_rpg\vendor\json\include\nlohmann/adl_serializer.hpp:15:
[build] In file included from C:\Users\pperv\code\unnamed_rpg\vendor\json\include\nlohmann/detail/conversions/to_json.hpp:26:
[build] In file included from C:\Users\pperv\code\unnamed_rpg\vendor\json\include\nlohmann/detail/iterators/iteration_proxy.hpp:22:
[build] C:\Users\pperv\code\unnamed_rpg\vendor\json\include\nlohmann/detail/string_utils.hpp(16,1): warning: empty macro arguments are incompatible with C++98 [-Wc++98-compat-pedantic]
[build] C:\Users\pperv\code\unnamed_rpg\vendor\json\include\nlohmann/detail/abi_macros.hpp(102,17): note: expanded from macro 'NLOHMANN_JSON_NAMESPACE_BEGIN'
[build]   102 |                 NLOHMANN_JSON_ABI_TAGS,              \
[build]       |                 ^
[build] C:\Users\pperv\code\unnamed_rpg\vendor\json\include\nlohmann/detail/abi_macros.hpp(65,5): note: expanded from macro 'NLOHMANN_JSON_ABI_TAGS'
[build]    65 |     NLOHMANN_JSON_ABI_TAGS_CONCAT(                                   \
[build]       |     ^
[build] C:\Users\pperv\code\unnamed_rpg\vendor\json\include\nlohmann/detail/abi_macros.hpp(62,45): note: expanded from macro 'NLOHMANN_JSON_ABI_TAGS_CONCAT'
[build]    62 |     NLOHMANN_JSON_ABI_TAGS_CONCAT_EX(a, b, c)
[build]       |                                             ^
[build] In file included from C:\Users\pperv\code\unnamed_rpg\vendor\json-schema-validator\src\string-format-check.cpp:1:
[build] In file included from C:\Users\pperv\code\unnamed_rpg\vendor\json-schema-validator\src\nlohmann/json-schema.hpp:24:
[build] In file included from C:\Users\pperv\code\unnamed_rpg\vendor\json\include\nlohmann/json.hpp:44:
[build] In file included from C:\Users\pperv\code\unnamed_rpg\vendor\json\include\nlohmann/adl_serializer.hpp:15:
[build] In file included from C:\Users\pperv\code\unnamed_rpg\vendor\json\include\nlohmann/detail/conversions/to_json.hpp:26:
[build] In file included from C:\Users\pperv\code\unnamed_rpg\vendor\json\include\nlohmann/detail/iterators/iteration_proxy.hpp:22:
[build] C:\Users\pperv\code\unnamed_rpg\vendor\json\include\nlohmann/detail/string_utils.hpp(16,1): warning: inline namespaces are incompatible with C++98 [-Wc++98-compat]
[build] C:\Users\pperv\code\unnamed_rpg\vendor\json\include\nlohmann/detail/abi_macros.hpp(101,5): note: expanded from macro 'NLOHMANN_JSON_NAMESPACE_BEGIN'
[build]   101 |     inline namespace NLOHMANN_JSON_NAMESPACE_CONCAT( \
[build]       |     ^
[build] In file included from C:\Users\pperv\code\unnamed_rpg\vendor\json-schema-validator\src\string-format-check.cpp:1:
[build] In file included from C:\Users\pperv\code\unnamed_rpg\vendor\json-schema-validator\src\nlohmann/json-schema.hpp:24:
[build] In file included from C:\Users\pperv\code\unnamed_rpg\vendor\json\include\nlohmann/json.hpp:44:
[build] In file included from C:\Users\pperv\code\unnamed_rpg\vendor\json\include\nlohmann/adl_serializer.hpp:15:
[build] In file included from C:\Users\pperv\code\unnamed_rpg\vendor\json\include\nlohmann/detail/conversions/to_json.hpp:26:
[build] C:\Users\pperv\code\unnamed_rpg\vendor\json\include\nlohmann/detail/iterators/iteration_proxy.hpp(25,1): warning: empty macro arguments are incompatible with C++98 [-Wc++98-compat-pedantic]
[build]    25 | NLOHMANN_JSON_NAMESPACE_BEGIN
[build]       | ^
[build] C:\Users\pperv\code\unnamed_rpg\vendor\json\include\nlohmann/detail/abi_macros.hpp(102,17): note: expanded from macro 'NLOHMANN_JSON_NAMESPACE_BEGIN'
[build]   102 |                 NLOHMANN_JSON_ABI_TAGS,              \
[build]       |                 ^
[build] C:\Users\pperv\code\unnamed_rpg\vendor\json\include\nlohmann/detail/abi_macros.hpp(65,5): note: expanded from macro 'NLOHMANN_JSON_ABI_TAGS'
[build]    65 |     NLOHMANN_JSON_ABI_TAGS_CONCAT(                                   \
[build]       |     ^
[build] C:\Users\pperv\code\unnamed_rpg\vendor\json\include\nlohmann/detail/abi_macros.hpp(62,39): note: expanded from macro 'NLOHMANN_JSON_ABI_TAGS_CONCAT'
[build]    62 |     NLOHMANN_JSON_ABI_TAGS_CONCAT_EX(a, b, c)
[build]       |                                       ^
[build] In file included from C:\Users\pperv\code\unnamed_rpg\vendor\json-schema-validator\src\string-format-check.cpp:1:
[build] In file included from C:\Users\pperv\code\unnamed_rpg\vendor\json-schema-validator\src\nlohmann/json-schema.hpp:24:
[build] In file included from C:\Users\pperv\code\unnamed_rpg\vendor\json\include\nlohmann/json.hpp:44:
[build] In file included from C:\Users\pperv\code\unnamed_rpg\vendor\json\include\nlohmann/adl_serializer.hpp:15:
[build] In file included from C:\Users\pperv\code\unnamed_rpg\vendor\json\include\nlohmann/detail/conversions/to_json.hpp:26:
[build] C:\Users\pperv\code\unnamed_rpg\vendor\json\include\nlohmann/detail/iterators/iteration_proxy.hpp(25,1): warning: empty macro arguments are incompatible with C++98 [-Wc++98-compat-pedantic]
[build] C:\Users\pperv\code\unnamed_rpg\vendor\json\include\nlohmann/detail/abi_macros.hpp(102,17): note: expanded from macro 'NLOHMANN_JSON_NAMESPACE_BEGIN'
[build]   102 |                 NLOHMANN_JSON_ABI_TAGS,              \
[build]       |                 ^
[build] C:\Users\pperv\code\unnamed_rpg\vendor\json\include\nlohmann/detail/abi_macros.hpp(65,5): note: expanded from macro 'NLOHMANN_JSON_ABI_TAGS'
[build]    65 |     NLOHMANN_JSON_ABI_TAGS_CONCAT(                                   \
[build]       |     ^
[build] C:\Users\pperv\code\unnamed_rpg\vendor\json\include\nlohmann/detail/abi_macros.hpp(62,42): note: expanded from macro 'NLOHMANN_JSON_ABI_TAGS_CONCAT'
[build]    62 |     NLOHMANN_JSON_ABI_TAGS_CONCAT_EX(a, b, c)
[build]       |                                          ^
[build] In file included from C:\Users\pperv\code\unnamed_rpg\vendor\json-schema-validator\src\string-format-check.cpp:1:
[build] In file included from C:\Users\pperv\code\unnamed_rpg\vendor\json-schema-validator\src\nlohmann/json-schema.hpp:24:
[build] In file included from C:\Users\pperv\code\unnamed_rpg\vendor\json\include\nlohmann/json.hpp:44:
[build] In file included from C:\Users\pperv\code\unnamed_rpg\vendor\json\include\nlohmann/adl_serializer.hpp:15:
[build] In file included from C:\Users\pperv\code\unnamed_rpg\vendor\json\include\nlohmann/detail/conversions/to_json.hpp:26:
[build] C:\Users\pperv\code\unnamed_rpg\vendor\json\include\nlohmann/detail/iterators/iteration_proxy.hpp(25,1): warning: empty macro arguments are incompatible with C++98 [-Wc++98-compat-pedantic]
[build] C:\Users\pperv\code\unnamed_rpg\vendor\json\include\nlohmann/detail/abi_macros.hpp(102,17): note: expanded from macro 'NLOHMANN_JSON_NAMESPACE_BEGIN'
[build]   102 |                 NLOHMANN_JSON_ABI_TAGS,              \
[build]       |                 ^
[build] C:\Users\pperv\code\unnamed_rpg\vendor\json\include\nlohmann/detail/abi_macros.hpp(65,5): note: expanded from macro 'NLOHMANN_JSON_ABI_TAGS'
[build]    65 |     NLOHMANN_JSON_ABI_TAGS_CONCAT(                                   \
[build]       |     ^
[build] C:\Users\pperv\code\unnamed_rpg\vendor\json\include\nlohmann/detail/abi_macros.hpp(62,45): note: expanded from macro 'NLOHMANN_JSON_ABI_TAGS_CONCAT'
[build]    62 |     NLOHMANN_JSON_ABI_TAGS_CONCAT_EX(a, b, c)
[build]       |                                             ^
[build] In file included from C:\Users\pperv\code\unnamed_rpg\vendor\json-schema-validator\src\string-format-check.cpp:1:
[build] In file included from C:\Users\pperv\code\unnamed_rpg\vendor\json-schema-validator\src\nlohmann/json-schema.hpp:24:
[build] In file included from C:\Users\pperv\code\unnamed_rpg\vendor\json\include\nlohmann/json.hpp:44:
[build] In file included from C:\Users\pperv\code\unnamed_rpg\vendor\json\include\nlohmann/adl_serializer.hpp:15:
[build] In file included from C:\Users\pperv\code\unnamed_rpg\vendor\json\include\nlohmann/detail/conversions/to_json.hpp:26:
[build] C:\Users\pperv\code\unnamed_rpg\vendor\json\include\nlohmann/detail/iterators/iteration_proxy.hpp(25,1): warning: inline namespaces are incompatible with C++98 [-Wc++98-compat]
[build] C:\Users\pperv\code\unnamed_rpg\vendor\json\include\nlohmann/detail/abi_macros.hpp(101,5): note: expanded from macro 'NLOHMANN_JSON_NAMESPACE_BEGIN'
[build]   101 |     inline namespace NLOHMANN_JSON_NAMESPACE_CONCAT( \
[build]       |     ^
[build] In file included from C:\Users\pperv\code\unnamed_rpg\vendor\json-schema-validator\src\string-format-check.cpp:1:
[build] In file included from C:\Users\pperv\code\unnamed_rpg\vendor\json-schema-validator\src\nlohmann/json-schema.hpp:24:
[build] In file included from C:\Users\pperv\code\unnamed_rpg\vendor\json\include\nlohmann/json.hpp:44:
[build] In file included from C:\Users\pperv\code\unnamed_rpg\vendor\json\include\nlohmann/adl_serializer.hpp:15:
[build] In file included from C:\Users\pperv\code\unnamed_rpg\vendor\json\include\nlohmann/detail/conversions/to_json.hpp:26:
[build] C:\Users\pperv\code\unnamed_rpg\vendor\json\include\nlohmann/detail/iterators/iteration_proxy.hpp(32,29): warning: alias declarations are incompatible with C++98 [-Wc++98-compat]
[build]    32 |     using difference_type = std::ptrdiff_t;
[build]       |                             ^
[build] C:\Users\pperv\code\unnamed_rpg\vendor\json\include\nlohmann/detail/iterators/iteration_proxy.hpp(33,24): warning: alias declarations are incompatible with C++98 [-Wc++98-compat]
[build]    33 |     using value_type = iteration_proxy_value;
[build]       |                        ^
[build] C:\Users\pperv\code\unnamed_rpg\vendor\json\include\nlohmann/detail/iterators/iteration_proxy.hpp(34,21): warning: alias declarations are incompatible with C++98 [-Wc++98-compat]
[build]    34 |     using pointer = value_type *;
[build]       |                     ^
[build] C:\Users\pperv\code\unnamed_rpg\vendor\json\include\nlohmann/detail/iterators/iteration_proxy.hpp(35,23): warning: alias declarations are incompatible with C++98 [-Wc++98-compat]
[build]    35 |     using reference = value_type &;
[build]       |                       ^
[build] C:\Users\pperv\code\unnamed_rpg\vendor\json\include\nlohmann/detail/iterators/iteration_proxy.hpp(36,31): warning: alias declarations are incompatible with C++98 [-Wc++98-compat]
[build]    36 |     using iterator_category = std::forward_iterator_tag;
[build]       |                               ^
[build] C:\Users\pperv\code\unnamed_rpg\vendor\json\include\nlohmann/detail/iterators/iteration_proxy.hpp(37,25): warning: alias declarations are incompatible with C++98 [-Wc++98-compat]
[build]    37 |     using string_type = typename std::remove_cv< typename std::remove_reference<decltype( std::declval<IteratorType>().key() ) >::type >::type;
[build]       |                         ^
[build] C:\Users\pperv\code\unnamed_rpg\vendor\json\include\nlohmann/detail/iterators/iteration_proxy.hpp(37,81): warning: 'decltype' type specifier is incompatible with C++98 [-Wc++98-compat]
[build]    37 |     using string_type = typename std::remove_cv< typename std::remove_reference<decltype( std::declval<IteratorType>().key() ) >::type >::type;
[build]       |                                                                                 ^
[build] C:\Users\pperv\code\unnamed_rpg\vendor\json\include\nlohmann/detail/iterators/iteration_proxy.hpp(41,24): warning: default member initializer for non-static data members is incompatible with C++98 [-Wc++98-compat]
[build]    41 |     IteratorType anchor{};
[build]       |                        ^
[build] C:\Users\pperv\code\unnamed_rpg\vendor\json\include\nlohmann/detail/iterators/iteration_proxy.hpp(43,29): warning: default member initializer for non-static data members is incompatible with C++98 [-Wc++98-compat]
[build]    43 |     std::size_t array_index = 0;
[build]       |                             ^
[build] C:\Users\pperv\code\unnamed_rpg\vendor\json\include\nlohmann/detail/iterators/iteration_proxy.hpp(45,42): warning: default member initializer for non-static data members is incompatible with C++98 [-Wc++98-compat]
[build]    45 |     mutable std::size_t array_index_last = 0;
[build]       |                                          ^
[build] C:\Users\pperv\code\unnamed_rpg\vendor\json\include\nlohmann/detail/iterators/iteration_proxy.hpp(47,41): warning: default member initializer for non-static data members is incompatible with C++98 [-Wc++98-compat]
[build]    47 |     mutable string_type array_index_str = "0";
[build]       |                                         ^
[build] C:\Users\pperv\code\unnamed_rpg\vendor\json\include\nlohmann/detail/iterators/iteration_proxy.hpp(49,26): warning: default member initializer for non-static data members is incompatible with C++98 [-Wc++98-compat]
[build]    49 |     string_type empty_str{};
[build]       |                          ^
[build] C:\Users\pperv\code\unnamed_rpg\vendor\json\include\nlohmann/detail/iterators/iteration_proxy.hpp(52,40): warning: defaulted function definitions are incompatible with C++98 [-Wc++98-compat]
[build]    52 |     explicit iteration_proxy_value() = default;
[build]       |                                        ^
[build] C:\Users\pperv\code\unnamed_rpg\vendor\json\include\nlohmann/detail/iterators/iteration_proxy.hpp(60,59): warning: defaulted function definitions are incompatible with C++98 [-Wc++98-compat]
[build]    60 |     iteration_proxy_value(iteration_proxy_value const&) = default;
[build]       |                                                           ^
[build] C:\Users\pperv\code\unnamed_rpg\vendor\json\include\nlohmann/detail/iterators/iteration_proxy.hpp(61,70): warning: defaulted function definitions are incompatible with C++98 [-Wc++98-compat]
[build]    61 |     iteration_proxy_value& operator=(iteration_proxy_value const&) = default;
[build]       |                                                                      ^
[build] C:\Users\pperv\code\unnamed_rpg\vendor\json\include\nlohmann/detail/iterators/iteration_proxy.hpp(63,48): warning: rvalue references are incompatible with C++98 [-Wc++98-compat]
[build]    63 |     iteration_proxy_value(iteration_proxy_value&&)
[build]       |                                                ^
[build] C:\Users\pperv\code\unnamed_rpg\vendor\json\include\nlohmann/detail/iterators/iteration_proxy.hpp(65,75): warning: defaulted function definitions are incompatible with C++98 [-Wc++98-compat]
[build]    65 |              && std::is_nothrow_move_constructible<string_type>::value) = default; // NOLINT(hicpp-noexcept-move,performance-noexcept-move-constructor,cppcoreguidelines-noexcept-move-operations)
[build]       |                                                                           ^
[build] C:\Users\pperv\code\unnamed_rpg\vendor\json\include\nlohmann/detail/iterators/iteration_proxy.hpp(66,59): warning: rvalue references are incompatible with C++98 [-Wc++98-compat]
[build]    66 |     iteration_proxy_value& operator=(iteration_proxy_value&&)
[build]       |                                                           ^
[build] C:\Users\pperv\code\unnamed_rpg\vendor\json\include\nlohmann/detail/iterators/iteration_proxy.hpp(68,72): warning: defaulted function definitions are incompatible with C++98 [-Wc++98-compat]
[build]    68 |              && std::is_nothrow_move_assignable<string_type>::value) = default; // NOLINT(hicpp-noexcept-move,performance-noexcept-move-constructor,cppcoreguidelines-noexcept-move-operations)
[build]       |                                                                        ^
[build] C:\Users\pperv\code\unnamed_rpg\vendor\json\include\nlohmann/detail/iterators/iteration_proxy.hpp(69,32): warning: defaulted function definitions are incompatible with C++98 [-Wc++98-compat]
[build]    69 |     ~iteration_proxy_value() = default;
[build]       |                                ^
[build] C:\Users\pperv\code\unnamed_rpg\vendor\json\include\nlohmann/detail/iterators/iteration_proxy.hpp(86,42): warning: reference qualifiers on functions are incompatible with C++98 [-Wc++98-compat]
[build]    86 |     iteration_proxy_value operator++(int)& // NOLINT(cert-dcl21-cpp)
[build]       |                                          ^
[build] C:\Users\pperv\code\unnamed_rpg\vendor\json\include\nlohmann/detail/iterators/iteration_proxy.hpp(54,5): warning: noexcept specifications are incompatible with C++98 [-Wc++98-compat]
[build]    54 |     noexcept(std::is_nothrow_move_constructible<IteratorType>::value
[build]       |     ^
[build] C:\Users\pperv\code\unnamed_rpg\vendor\json\include\nlohmann/detail/iterators/iteration_proxy.hpp(64,5): warning: noexcept specifications are incompatible with C++98 [-Wc++98-compat]
[build]    64 |     noexcept(std::is_nothrow_move_constructible<IteratorType>::value
[build]       |     ^
[build] C:\Users\pperv\code\unnamed_rpg\vendor\json\include\nlohmann/detail/iterators/iteration_proxy.hpp(67,5): warning: noexcept specifications are incompatible with C++98 [-Wc++98-compat]
[build]    67 |     noexcept(std::is_nothrow_move_assignable<IteratorType>::value
[build]       |     ^
[build] C:\Users\pperv\code\unnamed_rpg\vendor\json\include\nlohmann/detail/iterators/iteration_proxy.hpp(154,46): warning: default member initializer for non-static data members is incompatible with C++98 [-Wc++98-compat]
[build]   154 |     typename IteratorType::pointer container = nullptr;
[build]       |                                              ^
[build] C:\Users\pperv\code\unnamed_rpg\vendor\json\include\nlohmann/detail/iterators/iteration_proxy.hpp(157,34): warning: defaulted function definitions are incompatible with C++98 [-Wc++98-compat]
[build]   157 |     explicit iteration_proxy() = default;
[build]       |                                  ^
[build] C:\Users\pperv\code\unnamed_rpg\vendor\json\include\nlohmann/detail/iterators/iteration_proxy.hpp(161,9): warning: noexcept specifications are incompatible with C++98 [-Wc++98-compat]
[build]   161 |         : container(&cont) {}
[build]       |         ^
[build] C:\Users\pperv\code\unnamed_rpg\vendor\json\include\nlohmann/detail/iterators/iteration_proxy.hpp(163,47): warning: defaulted function definitions are incompatible with C++98 [-Wc++98-compat]
[build]   163 |     iteration_proxy(iteration_proxy const&) = default;
[build]       |                                               ^
[build] C:\Users\pperv\code\unnamed_rpg\vendor\json\include\nlohmann/detail/iterators/iteration_proxy.hpp(164,58): warning: defaulted function definitions are incompatible with C++98 [-Wc++98-compat]
[build]   164 |     iteration_proxy& operator=(iteration_proxy const&) = default;
[build]       |                                                          ^
[build] C:\Users\pperv\code\unnamed_rpg\vendor\json\include\nlohmann/detail/iterators/iteration_proxy.hpp(165,36): warning: rvalue references are incompatible with C++98 [-Wc++98-compat]
[build]   165 |     iteration_proxy(iteration_proxy&&) noexcept = default;
[build]       |                                    ^
[build] C:\Users\pperv\code\unnamed_rpg\vendor\json\include\nlohmann/detail/iterators/iteration_proxy.hpp(165,49): warning: noexcept specifications are incompatible with C++98 [-Wc++98-compat]
[build]   165 |     iteration_proxy(iteration_proxy&&) noexcept = default;
[build]       |                                                 ^
[build] C:\Users\pperv\code\unnamed_rpg\vendor\json\include\nlohmann/detail/iterators/iteration_proxy.hpp(165,51): warning: defaulted function definitions are incompatible with C++98 [-Wc++98-compat]
[build]   165 |     iteration_proxy(iteration_proxy&&) noexcept = default;
[build]       |                                                   ^
[build] C:\Users\pperv\code\unnamed_rpg\vendor\json\include\nlohmann/detail/iterators/iteration_proxy.hpp(166,47): warning: rvalue references are incompatible with C++98 [-Wc++98-compat]
[build]   166 |     iteration_proxy& operator=(iteration_proxy&&) noexcept = default;
[build]       |                                               ^
[build] C:\Users\pperv\code\unnamed_rpg\vendor\json\include\nlohmann/detail/iterators/iteration_proxy.hpp(166,60): warning: noexcept specifications are incompatible with C++98 [-Wc++98-compat]
[build]   166 |     iteration_proxy& operator=(iteration_proxy&&) noexcept = default;
[build]       |                                                            ^
[build] C:\Users\pperv\code\unnamed_rpg\vendor\json\include\nlohmann/detail/iterators/iteration_proxy.hpp(166,62): warning: defaulted function definitions are incompatible with C++98 [-Wc++98-compat]
[build]   166 |     iteration_proxy& operator=(iteration_proxy&&) noexcept = default;
[build]       |                                                              ^
[build] C:\Users\pperv\code\unnamed_rpg\vendor\json\include\nlohmann/detail/iterators/iteration_proxy.hpp(167,26): warning: defaulted function definitions are incompatible with C++98 [-Wc++98-compat]
[build]   167 |     ~iteration_proxy() = default;
[build]       |                          ^
[build] C:\Users\pperv\code\unnamed_rpg\vendor\json\include\nlohmann/detail/iterators/iteration_proxy.hpp(171,5): warning: noexcept specifications are incompatible with C++98 [-Wc++98-compat]
[build]   171 |     {
[build]       |     ^
[build] C:\Users\pperv\code\unnamed_rpg\vendor\json\include\nlohmann/detail/iterators/iteration_proxy.hpp(177,5): warning: noexcept specifications are incompatible with C++98 [-Wc++98-compat]
[build]   177 |     {
[build]       |     ^
[build] C:\Users\pperv\code\unnamed_rpg\vendor\json\include\nlohmann/detail/iterators/iteration_proxy.hpp(154,48): warning: 'nullptr' is incompatible with C++98 [-Wc++98-compat]
[build]   154 |     typename IteratorType::pointer container = nullptr;
[build]       |                                                ^
[build] C:\Users\pperv\code\unnamed_rpg\vendor\json\include\nlohmann/detail/iterators/iteration_proxy.hpp(186,74): warning: trailing return types are incompatible with C++98 [-Wc++98-compat]
[build]   186 | auto get(const nlohmann::detail::iteration_proxy_value<IteratorType>& i) -> decltype(i.key())
[build]       |                                                                          ^
[build] C:\Users\pperv\code\unnamed_rpg\vendor\json\include\nlohmann/detail/iterators/iteration_proxy.hpp(186,77): warning: 'decltype' type specifier is incompatible with C++98 [-Wc++98-compat]
[build]   186 | auto get(const nlohmann::detail::iteration_proxy_value<IteratorType>& i) -> decltype(i.key())
[build]       |                                                                             ^
[build] C:\Users\pperv\code\unnamed_rpg\vendor\json\include\nlohmann/detail/iterators/iteration_proxy.hpp(185,73): warning: default template arguments for a function template are incompatible with C++98 [-Wc++98-compat]
[build]   185 | template<std::size_t N, typename IteratorType, enable_if_t<N == 0, int> = 0>
[build]       |                                                                         ^ ~
[build] C:\Users\pperv\code\unnamed_rpg\vendor\json\include\nlohmann/detail/iterators/iteration_proxy.hpp(194,74): warning: trailing return types are incompatible with C++98 [-Wc++98-compat]
[build]   194 | auto get(const nlohmann::detail::iteration_proxy_value<IteratorType>& i) -> decltype(i.value())
[build]       |                                                                          ^
[build] C:\Users\pperv\code\unnamed_rpg\vendor\json\include\nlohmann/detail/iterators/iteration_proxy.hpp(194,77): warning: 'decltype' type specifier is incompatible with C++98 [-Wc++98-compat]
[build]   194 | auto get(const nlohmann::detail::iteration_proxy_value<IteratorType>& i) -> decltype(i.value())
[build]       |                                                                             ^
[build] C:\Users\pperv\code\unnamed_rpg\vendor\json\include\nlohmann/detail/iterators/iteration_proxy.hpp(193,73): warning: default template arguments for a function template are incompatible with C++98 [-Wc++98-compat]
[build]   193 | template<std::size_t N, typename IteratorType, enable_if_t<N == 1, int> = 0>
[build]       |                                                                         ^ ~
[build] C:\Users\pperv\code\unnamed_rpg\vendor\json\include\nlohmann/detail/iterators/iteration_proxy.hpp(215,17): warning: '<::' is treated as digraph '<:' (aka '[') followed by ':' in C++98 [-Wc++98-compat]
[build]   215 | class tuple_size<::nlohmann::detail::iteration_proxy_value<IteratorType>> // NOLINT(cert-dcl58-cpp)
[build]       |                 ^
[build] C:\Users\pperv\code\unnamed_rpg\vendor\json\include\nlohmann/detail/iterators/iteration_proxy.hpp(215,72): warning: consecutive right angle brackets are incompatible with C++98 (use '> >') [-Wc++98-compat]
[build]   215 | class tuple_size<::nlohmann::detail::iteration_proxy_value<IteratorType>> // NOLINT(cert-dcl58-cpp)
[build]       |                                                                        ^~
[build]       |                                                                        > >
[build] C:\Users\pperv\code\unnamed_rpg\vendor\json\include\nlohmann/detail/iterators/iteration_proxy.hpp(219,79): warning: consecutive right angle brackets are incompatible with C++98 (use '> >') [-Wc++98-compat]
[build]   219 | class tuple_element<N, ::nlohmann::detail::iteration_proxy_value<IteratorType >> // NOLINT(cert-dcl58-cpp)
[build]       |                                                                               ^~
[build]       |                                                                               > >
[build] C:\Users\pperv\code\unnamed_rpg\vendor\json\include\nlohmann/detail/iterators/iteration_proxy.hpp(222,18): warning: alias declarations are incompatible with C++98 [-Wc++98-compat]
[build]   222 |     using type = decltype(
[build]       |                  ^
[build] C:\Users\pperv\code\unnamed_rpg\vendor\json\include\nlohmann/detail/iterators/iteration_proxy.hpp(222,18): warning: 'decltype' type specifier is incompatible with C++98 [-Wc++98-compat]
[build] C:\Users\pperv\code\unnamed_rpg\vendor\json\include\nlohmann/detail/iterators/iteration_proxy.hpp(224,84): warning: consecutive right angle brackets are incompatible with C++98 (use '> >') [-Wc++98-compat]
[build]   224 |                             ::nlohmann::detail::iteration_proxy_value<IteratorType >> ()));
[build]       |                                                                                    ^~
[build]       |                                                                                    > >
[build] In file included from C:\Users\pperv\code\unnamed_rpg\vendor\json-schema-validator\src\string-format-check.cpp:1:
[build] In file included from C:\Users\pperv\code\unnamed_rpg\vendor\json-schema-validator\src\nlohmann/json-schema.hpp:24:
[build] In file included from C:\Users\pperv\code\unnamed_rpg\vendor\json\include\nlohmann/json.hpp:44:
[build] In file included from C:\Users\pperv\code\unnamed_rpg\vendor\json\include\nlohmann/adl_serializer.hpp:15:
[build] C:\Users\pperv\code\unnamed_rpg\vendor\json\include\nlohmann/detail/conversions/to_json.hpp(32,1): warning: empty macro arguments are incompatible with C++98 [-Wc++98-compat-pedantic]
[build]    32 | NLOHMANN_JSON_NAMESPACE_BEGIN
[build]       | ^
[build] C:\Users\pperv\code\unnamed_rpg\vendor\json\include\nlohmann/detail/abi_macros.hpp(102,17): note: expanded from macro 'NLOHMANN_JSON_NAMESPACE_BEGIN'
[build]   102 |                 NLOHMANN_JSON_ABI_TAGS,              \
[build]       |                 ^
[build] C:\Users\pperv\code\unnamed_rpg\vendor\json\include\nlohmann/detail/abi_macros.hpp(65,5): note: expanded from macro 'NLOHMANN_JSON_ABI_TAGS'
[build]    65 |     NLOHMANN_JSON_ABI_TAGS_CONCAT(                                   \
[build]       |     ^
[build] C:\Users\pperv\code\unnamed_rpg\vendor\json\include\nlohmann/detail/abi_macros.hpp(62,39): note: expanded from macro 'NLOHMANN_JSON_ABI_TAGS_CONCAT'
[build]    62 |     NLOHMANN_JSON_ABI_TAGS_CONCAT_EX(a, b, c)
[build]       |                                       ^
[build] In file included from C:\Users\pperv\code\unnamed_rpg\vendor\json-schema-validator\src\string-format-check.cpp:1:
[build] In file included from C:\Users\pperv\code\unnamed_rpg\vendor\json-schema-validator\src\nlohmann/json-schema.hpp:24:
[build] In file included from C:\Users\pperv\code\unnamed_rpg\vendor\json\include\nlohmann/json.hpp:44:
[build] In file included from C:\Users\pperv\code\unnamed_rpg\vendor\json\include\nlohmann/adl_serializer.hpp:15:
[build] C:\Users\pperv\code\unnamed_rpg\vendor\json\include\nlohmann/detail/conversions/to_json.hpp(32,1): warning: empty macro arguments are incompatible with C++98 [-Wc++98-compat-pedantic]
[build] C:\Users\pperv\code\unnamed_rpg\vendor\json\include\nlohmann/detail/abi_macros.hpp(102,17): note: expanded from macro 'NLOHMANN_JSON_NAMESPACE_BEGIN'
[build]   102 |                 NLOHMANN_JSON_ABI_TAGS,              \
[build]       |                 ^
[build] C:\Users\pperv\code\unnamed_rpg\vendor\json\include\nlohmann/detail/abi_macros.hpp(65,5): note: expanded from macro 'NLOHMANN_JSON_ABI_TAGS'
[build]    65 |     NLOHMANN_JSON_ABI_TAGS_CONCAT(                                   \
[build]       |     ^
[build] C:\Users\pperv\code\unnamed_rpg\vendor\json\include\nlohmann/detail/abi_macros.hpp(62,42): note: expanded from macro 'NLOHMANN_JSON_ABI_TAGS_CONCAT'
[build]    62 |     NLOHMANN_JSON_ABI_TAGS_CONCAT_EX(a, b, c)
[build]       |                                          ^
[build] In file included from C:\Users\pperv\code\unnamed_rpg\vendor\json-schema-validator\src\string-format-check.cpp:1:
[build] In file included from C:\Users\pperv\code\unnamed_rpg\vendor\json-schema-validator\src\nlohmann/json-schema.hpp:24:
[build] In file included from C:\Users\pperv\code\unnamed_rpg\vendor\json\include\nlohmann/json.hpp:44:
[build] In file included from C:\Users\pperv\code\unnamed_rpg\vendor\json\include\nlohmann/adl_serializer.hpp:15:
[build] C:\Users\pperv\code\unnamed_rpg\vendor\json\include\nlohmann/detail/conversions/to_json.hpp(32,1): warning: empty macro arguments are incompatible with C++98 [-Wc++98-compat-pedantic]
[build] C:\Users\pperv\code\unnamed_rpg\vendor\json\include\nlohmann/detail/abi_macros.hpp(102,17): note: expanded from macro 'NLOHMANN_JSON_NAMESPACE_BEGIN'
[build]   102 |                 NLOHMANN_JSON_ABI_TAGS,              \
[build]       |                 ^
[build] C:\Users\pperv\code\unnamed_rpg\vendor\json\include\nlohmann/detail/abi_macros.hpp(65,5): note: expanded from macro 'NLOHMANN_JSON_ABI_TAGS'
[build]    65 |     NLOHMANN_JSON_ABI_TAGS_CONCAT(                                   \
[build]       |     ^
[build] C:\Users\pperv\code\unnamed_rpg\vendor\json\include\nlohmann/detail/abi_macros.hpp(62,45): note: expanded from macro 'NLOHMANN_JSON_ABI_TAGS_CONCAT'
[build]    62 |     NLOHMANN_JSON_ABI_TAGS_CONCAT_EX(a, b, c)
[build]       |                                             ^
[build] In file included from C:\Users\pperv\code\unnamed_rpg\vendor\json-schema-validator\src\string-format-check.cpp:1:
[build] In file included from C:\Users\pperv\code\unnamed_rpg\vendor\json-schema-validator\src\nlohmann/json-schema.hpp:24:
[build] In file included from C:\Users\pperv\code\unnamed_rpg\vendor\json\include\nlohmann/json.hpp:44:
[build] In file included from C:\Users\pperv\code\unnamed_rpg\vendor\json\include\nlohmann/adl_serializer.hpp:15:
[build] C:\Users\pperv\code\unnamed_rpg\vendor\json\include\nlohmann/detail/conversions/to_json.hpp(32,1): warning: inline namespaces are incompatible with C++98 [-Wc++98-compat]
[build] C:\Users\pperv\code\unnamed_rpg\vendor\json\include\nlohmann/detail/abi_macros.hpp(101,5): note: expanded from macro 'NLOHMANN_JSON_NAMESPACE_BEGIN'
[build]   101 |     inline namespace NLOHMANN_JSON_NAMESPACE_CONCAT( \
[build]       |     ^
[build] In file included from C:\Users\pperv\code\unnamed_rpg\vendor\json-schema-validator\src\string-format-check.cpp:1:
[build] In file included from C:\Users\pperv\code\unnamed_rpg\vendor\json-schema-validator\src\nlohmann/json-schema.hpp:24:
[build] In file included from C:\Users\pperv\code\unnamed_rpg\vendor\json\include\nlohmann/json.hpp:44:
[build] In file included from C:\Users\pperv\code\unnamed_rpg\vendor\json\include\nlohmann/adl_serializer.hpp:15:
[build] C:\Users\pperv\code\unnamed_rpg\vendor\json\include\nlohmann/detail/conversions/to_json.hpp(50,29): warning: enumeration type in nested name specifier is incompatible with C++98 [-Wc++98-compat]
[build]    50 | struct external_constructor<value_t::boolean>
[build]       |                             ^
[build] C:\Users\pperv\code\unnamed_rpg\vendor\json\include\nlohmann/detail/conversions/to_json.hpp(54,5): warning: noexcept specifications are incompatible with C++98 [-Wc++98-compat]
[build]    54 |     {
[build]       |     ^
[build] C:\Users\pperv\code\unnamed_rpg\vendor\json\include\nlohmann/detail/conversions/to_json.hpp(63,29): warning: enumeration type in nested name specifier is incompatible with C++98 [-Wc++98-compat]
[build]    63 | struct external_constructor<value_t::string>
[build]       |                             ^
[build] C:\Users\pperv\code\unnamed_rpg\vendor\json\include\nlohmann/detail/conversions/to_json.hpp(75,77): warning: rvalue references are incompatible with C++98 [-Wc++98-compat]
[build]    75 |     static void construct(BasicJsonType& j, typename BasicJsonType::string_t&& s)
[build]       |                                                                             ^
[build] C:\Users\pperv\code\unnamed_rpg\vendor\json\include\nlohmann/detail/conversions/to_json.hpp(85,36): warning: default template arguments for a function template are incompatible with C++98 [-Wc++98-compat]
[build]    85 |                              int > = 0 >
[build]       |                                    ^ ~
[build] C:\Users\pperv\code\unnamed_rpg\vendor\json\include\nlohmann/detail/conversions/to_json.hpp(96,29): warning: enumeration type in nested name specifier is incompatible with C++98 [-Wc++98-compat]
[build]    96 | struct external_constructor<value_t::binary>
[build]       |                             ^
[build] C:\Users\pperv\code\unnamed_rpg\vendor\json\include\nlohmann/detail/conversions/to_json.hpp(108,77): warning: rvalue references are incompatible with C++98 [-Wc++98-compat]
[build]   108 |     static void construct(BasicJsonType& j, typename BasicJsonType::binary_t&& b)
[build]       |                                                                             ^
[build] C:\Users\pperv\code\unnamed_rpg\vendor\json\include\nlohmann/detail/conversions/to_json.hpp(118,29): warning: enumeration type in nested name specifier is incompatible with C++98 [-Wc++98-compat]
[build]   118 | struct external_constructor<value_t::number_float>
[build]       |                             ^
[build] C:\Users\pperv\code\unnamed_rpg\vendor\json\include\nlohmann/detail/conversions/to_json.hpp(122,5): warning: noexcept specifications are incompatible with C++98 [-Wc++98-compat]
[build]   122 |     {
[build]       |     ^
[build] C:\Users\pperv\code\unnamed_rpg\vendor\json\include\nlohmann/detail/conversions/to_json.hpp(131,29): warning: enumeration type in nested name specifier is incompatible with C++98 [-Wc++98-compat]
[build]   131 | struct external_constructor<value_t::number_unsigned>
[build]       |                             ^
[build] C:\Users\pperv\code\unnamed_rpg\vendor\json\include\nlohmann/detail/conversions/to_json.hpp(135,5): warning: noexcept specifications are incompatible with C++98 [-Wc++98-compat]
[build]   135 |     {
[build]       |     ^
[build] C:\Users\pperv\code\unnamed_rpg\vendor\json\include\nlohmann/detail/conversions/to_json.hpp(144,29): warning: enumeration type in nested name specifier is incompatible with C++98 [-Wc++98-compat]
[build]   144 | struct external_constructor<value_t::number_integer>
[build]       |                             ^
[build] C:\Users\pperv\code\unnamed_rpg\vendor\json\include\nlohmann/detail/conversions/to_json.hpp(148,5): warning: noexcept specifications are incompatible with C++98 [-Wc++98-compat]
[build]   148 |     {
[build]       |     ^
[build] C:\Users\pperv\code\unnamed_rpg\vendor\json\include\nlohmann/detail/conversions/to_json.hpp(157,29): warning: enumeration type in nested name specifier is incompatible with C++98 [-Wc++98-compat]
[build]   157 | struct external_constructor<value_t::array>
[build]       |                             ^
[build] C:\Users\pperv\code\unnamed_rpg\vendor\json\include\nlohmann/detail/conversions/to_json.hpp(170,76): warning: rvalue references are incompatible with C++98 [-Wc++98-compat]
[build]   170 |     static void construct(BasicJsonType& j, typename BasicJsonType::array_t&& arr)
[build]       |                                                                            ^
[build] C:\Users\pperv\code\unnamed_rpg\vendor\json\include\nlohmann/detail/conversions/to_json.hpp(184,38): warning: default template arguments for a function template are incompatible with C++98 [-Wc++98-compat]
[build]   184 |                              , int > = 0 >
[build]       |                                      ^ ~
[build] C:\Users\pperv\code\unnamed_rpg\vendor\json\include\nlohmann/detail/conversions/to_json.hpp(213,77): warning: default template arguments for a function template are incompatible with C++98 [-Wc++98-compat]
[build]   213 |              enable_if_t<std::is_convertible<T, BasicJsonType>::value, int> = 0>
[build]       |                                                                             ^ ~
[build] C:\Users\pperv\code\unnamed_rpg\vendor\json\include\nlohmann/detail/conversions/to_json.hpp(246,29): warning: enumeration type in nested name specifier is incompatible with C++98 [-Wc++98-compat]
[build]   246 | struct external_constructor<value_t::object>
[build]       |                             ^
[build] C:\Users\pperv\code\unnamed_rpg\vendor\json\include\nlohmann/detail/conversions/to_json.hpp(259,77): warning: rvalue references are incompatible with C++98 [-Wc++98-compat]
[build]   259 |     static void construct(BasicJsonType& j, typename BasicJsonType::object_t&& obj)
[build]       |                                                                             ^
[build] C:\Users\pperv\code\unnamed_rpg\vendor\json\include\nlohmann/detail/conversions/to_json.hpp(269,114): warning: default template arguments for a function template are incompatible with C++98 [-Wc++98-compat]
[build]   269 |                enable_if_t < !std::is_same<CompatibleObjectType, typename BasicJsonType::object_t>::value, int > = 0 >
[build]       |                                                                                                                  ^ ~
[build] C:\Users\pperv\code\unnamed_rpg\vendor\json\include\nlohmann/detail/conversions/to_json.hpp(305,44): warning: noexcept specifications are incompatible with C++98 [-Wc++98-compat]
[build]   305 | inline void to_json(BasicJsonType& j, T b) noexcept
[build]       |                                            ^
[build] C:\Users\pperv\code\unnamed_rpg\vendor\json\include\nlohmann/detail/conversions/to_json.hpp(304,86): warning: default template arguments for a function template are incompatible with C++98 [-Wc++98-compat]
[build]   304 |          enable_if_t<std::is_same<T, typename BasicJsonType::boolean_t>::value, int> = 0>
[build]       |                                                                                      ^ ~
[build] C:\Users\pperv\code\unnamed_rpg\vendor\json\include\nlohmann/detail/conversions/to_json.hpp(318,57): warning: noexcept specifications are incompatible with C++98 [-Wc++98-compat]
[build]   318 | inline void to_json(BasicJsonType& j, const BoolRef& b) noexcept
[build]       |                                                         ^
[build] C:\Users\pperv\code\unnamed_rpg\vendor\json\include\nlohmann/detail/conversions/to_json.hpp(317,104): warning: default template arguments for a function template are incompatible with C++98 [-Wc++98-compat]
[build]   317 |                && std::is_convertible<const BoolRef&, typename BasicJsonType::boolean_t>::value, int > = 0 >
[build]       |                                                                                                        ^ ~
[build] C:\Users\pperv\code\unnamed_rpg\vendor\json\include\nlohmann/detail/conversions/to_json.hpp(324,109): warning: default template arguments for a function template are incompatible with C++98 [-Wc++98-compat]
[build]   324 |          enable_if_t<std::is_constructible<typename BasicJsonType::string_t, CompatibleString>::value, int> = 0>
[build]       |                                                                                                             ^ ~
[build] C:\Users\pperv\code\unnamed_rpg\vendor\json\include\nlohmann/detail/conversions/to_json.hpp(331,71): warning: rvalue references are incompatible with C++98 [-Wc++98-compat]
[build]   331 | inline void to_json(BasicJsonType& j, typename BasicJsonType::string_t&& s)
[build]       |                                                                       ^
[build] C:\Users\pperv\code\unnamed_rpg\vendor\json\include\nlohmann/detail/conversions/to_json.hpp(338,54): warning: noexcept specifications are incompatible with C++98 [-Wc++98-compat]
[build]   338 | inline void to_json(BasicJsonType& j, FloatType val) noexcept
[build]       |                                                      ^
[build] C:\Users\pperv\code\unnamed_rpg\vendor\json\include\nlohmann/detail/conversions/to_json.hpp(337,69): warning: default template arguments for a function template are incompatible with C++98 [-Wc++98-compat]
[build]   337 |          enable_if_t<std::is_floating_point<FloatType>::value, int> = 0>
[build]       |                                                                     ^ ~
[build] C:\Users\pperv\code\unnamed_rpg\vendor\json\include\nlohmann/detail/conversions/to_json.hpp(345,73): warning: noexcept specifications are incompatible with C++98 [-Wc++98-compat]
[build]   345 | inline void to_json(BasicJsonType& j, CompatibleNumberUnsignedType val) noexcept
[build]       |                                                                         ^
[build] C:\Users\pperv\code\unnamed_rpg\vendor\json\include\nlohmann/detail/conversions/to_json.hpp(344,135): warning: default template arguments for a function template are incompatible with C++98 [-Wc++98-compat]
[build]   344 |          enable_if_t<is_compatible_integer_type<typename BasicJsonType::number_unsigned_t, CompatibleNumberUnsignedType>::value, int> = 0>
[build]       |                                                                                                                                       ^ ~
[build] C:\Users\pperv\code\unnamed_rpg\vendor\json\include\nlohmann/detail/conversions/to_json.hpp(352,72): warning: noexcept specifications are incompatible with C++98 [-Wc++98-compat]
[build]   352 | inline void to_json(BasicJsonType& j, CompatibleNumberIntegerType val) noexcept
[build]       |                                                                        ^
[build] C:\Users\pperv\code\unnamed_rpg\vendor\json\include\nlohmann/detail/conversions/to_json.hpp(351,133): warning: default template arguments for a function template are incompatible with C++98 [-Wc++98-compat]
[build]   351 |          enable_if_t<is_compatible_integer_type<typename BasicJsonType::number_integer_t, CompatibleNumberIntegerType>::value, int> = 0>
[build]       |                                                                                                                                     ^ ~
[build] C:\Users\pperv\code\unnamed_rpg\vendor\json\include\nlohmann/detail/conversions/to_json.hpp(360,51): warning: noexcept specifications are incompatible with C++98 [-Wc++98-compat]
[build]   360 | inline void to_json(BasicJsonType& j, EnumType e) noexcept
[build]       |                                                   ^
[build] C:\Users\pperv\code\unnamed_rpg\vendor\json\include\nlohmann/detail/conversions/to_json.hpp(359,58): warning: default template arguments for a function template are incompatible with C++98 [-Wc++98-compat]
[build]   359 |          enable_if_t<std::is_enum<EnumType>::value, int> = 0>
[build]       |                                                          ^ ~
[build] C:\Users\pperv\code\unnamed_rpg\vendor\json\include\nlohmann/detail/conversions/to_json.hpp(386,32): warning: default template arguments for a function template are incompatible with C++98 [-Wc++98-compat]
[build]   386 |                          int > = 0 >
[build]       |                                ^ ~
[build] C:\Users\pperv\code\unnamed_rpg\vendor\json\include\nlohmann/detail/conversions/to_json.hpp(412,32): warning: default template arguments for a function template are incompatible with C++98 [-Wc++98-compat]
[build]   412 |                          int > = 0 >
[build]       |                                ^ ~
[build] C:\Users\pperv\code\unnamed_rpg\vendor\json\include\nlohmann/detail/conversions/to_json.hpp(419,73): warning: default template arguments for a function template are incompatible with C++98 [-Wc++98-compat]
[build]   419 |          enable_if_t<std::is_convertible<T, BasicJsonType>::value, int> = 0>
[build]       |                                                                         ^ ~
[build] C:\Users\pperv\code\unnamed_rpg\vendor\json\include\nlohmann/detail/conversions/to_json.hpp(426,70): warning: rvalue references are incompatible with C++98 [-Wc++98-compat]
[build]   426 | inline void to_json(BasicJsonType& j, typename BasicJsonType::array_t&& arr)
[build]       |                                                                      ^
[build] C:\Users\pperv\code\unnamed_rpg\vendor\json\include\nlohmann/detail/conversions/to_json.hpp(432,149): warning: default template arguments for a function template are incompatible with C++98 [-Wc++98-compat]
[build]   432 |            enable_if_t < is_compatible_object_type<BasicJsonType, CompatibleObjectType>::value&& !is_basic_json<CompatibleObjectType>::value, int > = 0 >
[build]       |                                                                                                                                                     ^ ~
[build] C:\Users\pperv\code\unnamed_rpg\vendor\json\include\nlohmann/detail/conversions/to_json.hpp(439,71): warning: rvalue references are incompatible with C++98 [-Wc++98-compat]
[build]   439 | inline void to_json(BasicJsonType& j, typename BasicJsonType::object_t&& obj)
[build]       |                                                                       ^
[build] C:\Users\pperv\code\unnamed_rpg\vendor\json\include\nlohmann/detail/conversions/to_json.hpp(448,25): warning: default template arguments for a function template are incompatible with C++98 [-Wc++98-compat]
[build]   448 |                   int > = 0 >
[build]       |                         ^ ~
[build] C:\Users\pperv\code\unnamed_rpg\vendor\json\include\nlohmann/detail/conversions/to_json.hpp(454,181): warning: default template arguments for a function template are incompatible with C++98 [-Wc++98-compat]
[build]   454 | template < typename BasicJsonType, typename T1, typename T2, enable_if_t < std::is_constructible<BasicJsonType, T1>::value&& std::is_constructible<BasicJsonType, T2>::value, int > = 0 >
[build]       |                                                                                                                                                                                     ^ ~
[build] C:\Users\pperv\code\unnamed_rpg\vendor\json\include\nlohmann/detail/conversions/to_json.hpp(462,92): warning: consecutive right angle brackets are incompatible with C++98 (use '> >') [-Wc++98-compat]
[build]   462 |          enable_if_t<std::is_same<T, iteration_proxy_value<typename BasicJsonType::iterator>>::value, int> = 0>
[build]       |                                                                                            ^~
[build]       |                                                                                            > >
[build] C:\Users\pperv\code\unnamed_rpg\vendor\json\include\nlohmann/detail/conversions/to_json.hpp(462,108): warning: default template arguments for a function template are incompatible with C++98 [-Wc++98-compat]
[build]   462 |          enable_if_t<std::is_same<T, iteration_proxy_value<typename BasicJsonType::iterator>>::value, int> = 0>
[build]       |                                                                                                            ^ ~
[build] C:\Users\pperv\code\unnamed_rpg\vendor\json\include\nlohmann/detail/conversions/to_json.hpp(468,61): warning: variadic templates are incompatible with C++98 [-Wc++98-compat]
[build]   468 | template<typename BasicJsonType, typename Tuple, std::size_t... Idx>
[build]       |                                                             ^
[build] C:\Users\pperv\code\unnamed_rpg\vendor\json\include\nlohmann/detail/conversions/to_json.hpp(481,113): warning: default template arguments for a function template are incompatible with C++98 [-Wc++98-compat]
[build]   481 | template<typename BasicJsonType, typename T, enable_if_t<is_constructible_tuple<BasicJsonType, T>::value, int > = 0>
[build]       |                                                                                                                 ^ ~
[build] C:\Users\pperv\code\unnamed_rpg\vendor\json\include\nlohmann/detail/conversions/to_json.hpp(513,40): warning: rvalue references are incompatible with C++98 [-Wc++98-compat]
[build]   513 |     auto operator()(BasicJsonType& j, T&& val) const noexcept(noexcept(to_json(j, std::forward<T>(val))))
[build]       |                                        ^
[build] C:\Users\pperv\code\unnamed_rpg\vendor\json\include\nlohmann/detail/conversions/to_json.hpp(514,5): warning: trailing return types are incompatible with C++98 [-Wc++98-compat]
[build]   514 |     -> decltype(to_json(j, std::forward<T>(val)), void())
[build]       |     ^
[build] C:\Users\pperv\code\unnamed_rpg\vendor\json\include\nlohmann/detail/conversions/to_json.hpp(514,8): warning: 'decltype' type specifier is incompatible with C++98 [-Wc++98-compat]
[build]   514 |     -> decltype(to_json(j, std::forward<T>(val)), void())
[build]       |        ^
[build] C:\Users\pperv\code\unnamed_rpg\vendor\json\include\nlohmann/detail/conversions/to_json.hpp(513,54): warning: noexcept specifications are incompatible with C++98 [-Wc++98-compat]
[build]   513 |     auto operator()(BasicJsonType& j, T&& val) const noexcept(noexcept(to_json(j, std::forward<T>(val))))
[build]       |                                                      ^
[build] C:\Users\pperv\code\unnamed_rpg\vendor\json\include\nlohmann/detail/conversions/to_json.hpp(513,63): warning: noexcept expressions are incompatible with C++98 [-Wc++98-compat]
[build]   513 |     auto operator()(BasicJsonType& j, T&& val) const noexcept(noexcept(to_json(j, std::forward<T>(val))))
[build]       |                                                               ^
[build] C:\Users\pperv\code\unnamed_rpg\vendor\json\include\nlohmann/detail/conversions/to_json.hpp(528,22): warning: 'constexpr' specifier is incompatible with C++98 [-Wc++98-compat]
[build]   528 | JSON_INLINE_VARIABLE constexpr const auto& to_json = // NOLINT(misc-definitions-in-headers)
[build]       |                      ^
[build] C:\Users\pperv\code\unnamed_rpg\vendor\json\include\nlohmann/detail/conversions/to_json.hpp(528,38): warning: 'auto' type specifier is incompatible with C++98 [-Wc++98-compat]
[build]   528 | JSON_INLINE_VARIABLE constexpr const auto& to_json = // NOLINT(misc-definitions-in-headers)
[build]       |                                      ^~~~
[build] In file included from C:\Users\pperv\code\unnamed_rpg\vendor\json-schema-validator\src\string-format-check.cpp:1:
[build] In file included from C:\Users\pperv\code\unnamed_rpg\vendor\json-schema-validator\src\nlohmann/json-schema.hpp:24:
[build] In file included from C:\Users\pperv\code\unnamed_rpg\vendor\json\include\nlohmann/json.hpp:44:
[build] C:\Users\pperv\code\unnamed_rpg\vendor\json\include\nlohmann/adl_serializer.hpp(18,1): warning: empty macro arguments are incompatible with C++98 [-Wc++98-compat-pedantic]
[build]    18 | NLOHMANN_JSON_NAMESPACE_BEGIN
[build]       | ^
[build] C:\Users\pperv\code\unnamed_rpg\vendor\json\include\nlohmann/detail/abi_macros.hpp(102,17): note: expanded from macro 'NLOHMANN_JSON_NAMESPACE_BEGIN'
[build]   102 |                 NLOHMANN_JSON_ABI_TAGS,              \
[build]       |                 ^
[build] C:\Users\pperv\code\unnamed_rpg\vendor\json\include\nlohmann/detail/abi_macros.hpp(65,5): note: expanded from macro 'NLOHMANN_JSON_ABI_TAGS'
[build]    65 |     NLOHMANN_JSON_ABI_TAGS_CONCAT(                                   \
[build]       |     ^
[build] C:\Users\pperv\code\unnamed_rpg\vendor\json\include\nlohmann/detail/abi_macros.hpp(62,39): note: expanded from macro 'NLOHMANN_JSON_ABI_TAGS_CONCAT'
[build]    62 |     NLOHMANN_JSON_ABI_TAGS_CONCAT_EX(a, b, c)
[build]       |                                       ^
[build] In file included from C:\Users\pperv\code\unnamed_rpg\vendor\json-schema-validator\src\string-format-check.cpp:1:
[build] In file included from C:\Users\pperv\code\unnamed_rpg\vendor\json-schema-validator\src\nlohmann/json-schema.hpp:24:
[build] In file included from C:\Users\pperv\code\unnamed_rpg\vendor\json\include\nlohmann/json.hpp:44:
[build] C:\Users\pperv\code\unnamed_rpg\vendor\json\include\nlohmann/adl_serializer.hpp(18,1): warning: empty macro arguments are incompatible with C++98 [-Wc++98-compat-pedantic]
[build] C:\Users\pperv\code\unnamed_rpg\vendor\json\include\nlohmann/detail/abi_macros.hpp(102,17): note: expanded from macro 'NLOHMANN_JSON_NAMESPACE_BEGIN'
[build]   102 |                 NLOHMANN_JSON_ABI_TAGS,              \
[build]       |                 ^
[build] C:\Users\pperv\code\unnamed_rpg\vendor\json\include\nlohmann/detail/abi_macros.hpp(65,5): note: expanded from macro 'NLOHMANN_JSON_ABI_TAGS'
[build]    65 |     NLOHMANN_JSON_ABI_TAGS_CONCAT(                                   \
[build]       |     ^
[build] C:\Users\pperv\code\unnamed_rpg\vendor\json\include\nlohmann/detail/abi_macros.hpp(62,42): note: expanded from macro 'NLOHMANN_JSON_ABI_TAGS_CONCAT'
[build]    62 |     NLOHMANN_JSON_ABI_TAGS_CONCAT_EX(a, b, c)
[build]       |                                          ^
[build] In file included from C:\Users\pperv\code\unnamed_rpg\vendor\json-schema-validator\src\string-format-check.cpp:1:
[build] In file included from C:\Users\pperv\code\unnamed_rpg\vendor\json-schema-validator\src\nlohmann/json-schema.hpp:24:
[build] In file included from C:\Users\pperv\code\unnamed_rpg\vendor\json\include\nlohmann/json.hpp:44:
[build] C:\Users\pperv\code\unnamed_rpg\vendor\json\include\nlohmann/adl_serializer.hpp(18,1): warning: empty macro arguments are incompatible with C++98 [-Wc++98-compat-pedantic]
[build] C:\Users\pperv\code\unnamed_rpg\vendor\json\include\nlohmann/detail/abi_macros.hpp(102,17): note: expanded from macro 'NLOHMANN_JSON_NAMESPACE_BEGIN'
[build]   102 |                 NLOHMANN_JSON_ABI_TAGS,              \
[build]       |                 ^
[build] C:\Users\pperv\code\unnamed_rpg\vendor\json\include\nlohmann/detail/abi_macros.hpp(65,5): note: expanded from macro 'NLOHMANN_JSON_ABI_TAGS'
[build]    65 |     NLOHMANN_JSON_ABI_TAGS_CONCAT(                                   \
[build]       |     ^
[build] C:\Users\pperv\code\unnamed_rpg\vendor\json\include\nlohmann/detail/abi_macros.hpp(62,45): note: expanded from macro 'NLOHMANN_JSON_ABI_TAGS_CONCAT'
[build]    62 |     NLOHMANN_JSON_ABI_TAGS_CONCAT_EX(a, b, c)
[build]       |                                             ^
[build] In file included from C:\Users\pperv\code\unnamed_rpg\vendor\json-schema-validator\src\string-format-check.cpp:1:
[build] In file included from C:\Users\pperv\code\unnamed_rpg\vendor\json-schema-validator\src\nlohmann/json-schema.hpp:24:
[build] In file included from C:\Users\pperv\code\unnamed_rpg\vendor\json\include\nlohmann/json.hpp:44:
[build] C:\Users\pperv\code\unnamed_rpg\vendor\json\include\nlohmann/adl_serializer.hpp(18,1): warning: inline namespaces are incompatible with C++98 [-Wc++98-compat]
[build] C:\Users\pperv\code\unnamed_rpg\vendor\json\include\nlohmann/detail/abi_macros.hpp(101,5): note: expanded from macro 'NLOHMANN_JSON_NAMESPACE_BEGIN'
[build]   101 |     inline namespace NLOHMANN_JSON_NAMESPACE_CONCAT( \
[build]       |     ^
[build] In file included from C:\Users\pperv\code\unnamed_rpg\vendor\json-schema-validator\src\string-format-check.cpp:1:
[build] In file included from C:\Users\pperv\code\unnamed_rpg\vendor\json-schema-validator\src\nlohmann/json-schema.hpp:24:
[build] In file included from C:\Users\pperv\code\unnamed_rpg\vendor\json\include\nlohmann/json.hpp:44:
[build] C:\Users\pperv\code\unnamed_rpg\vendor\json\include\nlohmann/adl_serializer.hpp(27,41): warning: rvalue references are incompatible with C++98 [-Wc++98-compat]
[build]    27 |     static auto from_json(BasicJsonType && j, TargetType& val) noexcept(
[build]       |                                         ^
[build] C:\Users\pperv\code\unnamed_rpg\vendor\json\include\nlohmann/adl_serializer.hpp(29,5): warning: trailing return types are incompatible with C++98 [-Wc++98-compat]
[build]    29 |     -> decltype(::nlohmann::from_json(std::forward<BasicJsonType>(j), val), void())
[build]       |     ^
[build] C:\Users\pperv\code\unnamed_rpg\vendor\json\include\nlohmann/adl_serializer.hpp(29,8): warning: 'decltype' type specifier is incompatible with C++98 [-Wc++98-compat]
[build]    29 |     -> decltype(::nlohmann::from_json(std::forward<BasicJsonType>(j), val), void())
[build]       |        ^
[build] C:\Users\pperv\code\unnamed_rpg\vendor\json\include\nlohmann/adl_serializer.hpp(26,47): warning: default template arguments for a function template are incompatible with C++98 [-Wc++98-compat]
[build]    26 |     template<typename BasicJsonType, typename TargetType = ValueType>
[build]       |                                               ^            ~~~~~~~~~
[build] C:\Users\pperv\code\unnamed_rpg\vendor\json\include\nlohmann/adl_serializer.hpp(37,41): warning: rvalue references are incompatible with C++98 [-Wc++98-compat]
[build]    37 |     static auto from_json(BasicJsonType && j) noexcept(
[build]       |                                         ^
[build] C:\Users\pperv\code\unnamed_rpg\vendor\json\include\nlohmann/adl_serializer.hpp(39,5): warning: trailing return types are incompatible with C++98 [-Wc++98-compat]
[build]    39 |     -> decltype(::nlohmann::from_json(std::forward<BasicJsonType>(j), detail::identity_tag<TargetType> {}))
[build]       |     ^
[build] C:\Users\pperv\code\unnamed_rpg\vendor\json\include\nlohmann/adl_serializer.hpp(39,8): warning: 'decltype' type specifier is incompatible with C++98 [-Wc++98-compat]
[build]    39 |     -> decltype(::nlohmann::from_json(std::forward<BasicJsonType>(j), detail::identity_tag<TargetType> {}))
[build]       |        ^
[build] C:\Users\pperv\code\unnamed_rpg\vendor\json\include\nlohmann/adl_serializer.hpp(39,104): warning: generalized initializer lists are incompatible with C++98 [-Wc++98-compat]
[build]    39 |     -> decltype(::nlohmann::from_json(std::forward<BasicJsonType>(j), detail::identity_tag<TargetType> {}))
[build]       |                                                                                                        ^
[build] C:\Users\pperv\code\unnamed_rpg\vendor\json\include\nlohmann/adl_serializer.hpp(36,47): warning: default template arguments for a function template are incompatible with C++98 [-Wc++98-compat]
[build]    36 |     template<typename BasicJsonType, typename TargetType = ValueType>
[build]       |                                               ^            ~~~~~~~~~
[build] C:\Users\pperv\code\unnamed_rpg\vendor\json\include\nlohmann/adl_serializer.hpp(47,54): warning: rvalue references are incompatible with C++98 [-Wc++98-compat]
[build]    47 |     static auto to_json(BasicJsonType& j, TargetType && val) noexcept(
[build]       |                                                      ^
[build] C:\Users\pperv\code\unnamed_rpg\vendor\json\include\nlohmann/adl_serializer.hpp(49,5): warning: trailing return types are incompatible with C++98 [-Wc++98-compat]
[build]    49 |     -> decltype(::nlohmann::to_json(j, std::forward<TargetType>(val)), void())
[build]       |     ^
[build] C:\Users\pperv\code\unnamed_rpg\vendor\json\include\nlohmann/adl_serializer.hpp(49,8): warning: 'decltype' type specifier is incompatible with C++98 [-Wc++98-compat]
[build]    49 |     -> decltype(::nlohmann::to_json(j, std::forward<TargetType>(val)), void())
[build]       |        ^
[build] C:\Users\pperv\code\unnamed_rpg\vendor\json\include\nlohmann/adl_serializer.hpp(46,47): warning: default template arguments for a function template are incompatible with C++98 [-Wc++98-compat]
[build]    46 |     template<typename BasicJsonType, typename TargetType = ValueType>
[build]       |                                               ^            ~~~~~~~~~
[build] C:\Users\pperv\code\unnamed_rpg\vendor\json\include\nlohmann/adl_serializer.hpp(27,64): warning: noexcept specifications are incompatible with C++98 [-Wc++98-compat]
[build]    27 |     static auto from_json(BasicJsonType && j, TargetType& val) noexcept(
[build]       |                                                                ^
[build] C:\Users\pperv\code\unnamed_rpg\vendor\json\include\nlohmann/adl_serializer.hpp(28,9): warning: noexcept expressions are incompatible with C++98 [-Wc++98-compat]
[build]    28 |         noexcept(::nlohmann::from_json(std::forward<BasicJsonType>(j), val)))
[build]       |         ^
[build] C:\Users\pperv\code\unnamed_rpg\vendor\json\include\nlohmann/adl_serializer.hpp(37,47): warning: noexcept specifications are incompatible with C++98 [-Wc++98-compat]
[build]    37 |     static auto from_json(BasicJsonType && j) noexcept(
[build]       |                                               ^
[build] C:\Users\pperv\code\unnamed_rpg\vendor\json\include\nlohmann/adl_serializer.hpp(38,5): warning: noexcept expressions are incompatible with C++98 [-Wc++98-compat]
[build]    38 |     noexcept(::nlohmann::from_json(std::forward<BasicJsonType>(j), detail::identity_tag<TargetType> {})))
[build]       |     ^
[build] C:\Users\pperv\code\unnamed_rpg\vendor\json\include\nlohmann/adl_serializer.hpp(38,101): warning: generalized initializer lists are incompatible with C++98 [-Wc++98-compat]
[build]    38 |     noexcept(::nlohmann::from_json(std::forward<BasicJsonType>(j), detail::identity_tag<TargetType> {})))
[build]       |                                                                                                     ^
[build] C:\Users\pperv\code\unnamed_rpg\vendor\json\include\nlohmann/adl_serializer.hpp(47,62): warning: noexcept specifications are incompatible with C++98 [-Wc++98-compat]
[build]    47 |     static auto to_json(BasicJsonType& j, TargetType && val) noexcept(
[build]       |                                                              ^
[build] C:\Users\pperv\code\unnamed_rpg\vendor\json\include\nlohmann/adl_serializer.hpp(48,9): warning: noexcept expressions are incompatible with C++98 [-Wc++98-compat]
[build]    48 |         noexcept(::nlohmann::to_json(j, std::forward<TargetType>(val))))
[build]       |         ^
[build] In file included from C:\Users\pperv\code\unnamed_rpg\vendor\json-schema-validator\src\string-format-check.cpp:1:
[build] In file included from C:\Users\pperv\code\unnamed_rpg\vendor\json-schema-validator\src\nlohmann/json-schema.hpp:24:
[build] In file included from C:\Users\pperv\code\unnamed_rpg\vendor\json\include\nlohmann/json.hpp:45:
[build] C:\Users\pperv\code\unnamed_rpg\vendor\json\include\nlohmann/byte_container_with_subtype.hpp(17,1): warning: empty macro arguments are incompatible with C++98 [-Wc++98-compat-pedantic]
[build]    17 | NLOHMANN_JSON_NAMESPACE_BEGIN
[build]       | ^
[build] C:\Users\pperv\code\unnamed_rpg\vendor\json\include\nlohmann/detail/abi_macros.hpp(102,17): note: expanded from macro 'NLOHMANN_JSON_NAMESPACE_BEGIN'
[build]   102 |                 NLOHMANN_JSON_ABI_TAGS,              \
[build]       |                 ^
[build] C:\Users\pperv\code\unnamed_rpg\vendor\json\include\nlohmann/detail/abi_macros.hpp(65,5): note: expanded from macro 'NLOHMANN_JSON_ABI_TAGS'
[build]    65 |     NLOHMANN_JSON_ABI_TAGS_CONCAT(                                   \
[build]       |     ^
[build] C:\Users\pperv\code\unnamed_rpg\vendor\json\include\nlohmann/detail/abi_macros.hpp(62,39): note: expanded from macro 'NLOHMANN_JSON_ABI_TAGS_CONCAT'
[build]    62 |     NLOHMANN_JSON_ABI_TAGS_CONCAT_EX(a, b, c)
[build]       |                                       ^
[build] In file included from C:\Users\pperv\code\unnamed_rpg\vendor\json-schema-validator\src\string-format-check.cpp:1:
[build] In file included from C:\Users\pperv\code\unnamed_rpg\vendor\json-schema-validator\src\nlohmann/json-schema.hpp:24:
[build] In file included from C:\Users\pperv\code\unnamed_rpg\vendor\json\include\nlohmann/json.hpp:45:
[build] C:\Users\pperv\code\unnamed_rpg\vendor\json\include\nlohmann/byte_container_with_subtype.hpp(17,1): warning: empty macro arguments are incompatible with C++98 [-Wc++98-compat-pedantic]
[build] C:\Users\pperv\code\unnamed_rpg\vendor\json\include\nlohmann/detail/abi_macros.hpp(102,17): note: expanded from macro 'NLOHMANN_JSON_NAMESPACE_BEGIN'
[build]   102 |                 NLOHMANN_JSON_ABI_TAGS,              \
[build]       |                 ^
[build] C:\Users\pperv\code\unnamed_rpg\vendor\json\include\nlohmann/detail/abi_macros.hpp(65,5): note: expanded from macro 'NLOHMANN_JSON_ABI_TAGS'
[build]    65 |     NLOHMANN_JSON_ABI_TAGS_CONCAT(                                   \
[build]       |     ^
[build] C:\Users\pperv\code\unnamed_rpg\vendor\json\include\nlohmann/detail/abi_macros.hpp(62,42): note: expanded from macro 'NLOHMANN_JSON_ABI_TAGS_CONCAT'
[build]    62 |     NLOHMANN_JSON_ABI_TAGS_CONCAT_EX(a, b, c)
[build]       |                                          ^
[build] In file included from C:\Users\pperv\code\unnamed_rpg\vendor\json-schema-validator\src\string-format-check.cpp:1:
[build] In file included from C:\Users\pperv\code\unnamed_rpg\vendor\json-schema-validator\src\nlohmann/json-schema.hpp:24:
[build] In file included from C:\Users\pperv\code\unnamed_rpg\vendor\json\include\nlohmann/json.hpp:45:
[build] C:\Users\pperv\code\unnamed_rpg\vendor\json\include\nlohmann/byte_container_with_subtype.hpp(17,1): warning: empty macro arguments are incompatible with C++98 [-Wc++98-compat-pedantic]
[build] C:\Users\pperv\code\unnamed_rpg\vendor\json\include\nlohmann/detail/abi_macros.hpp(102,17): note: expanded from macro 'NLOHMANN_JSON_NAMESPACE_BEGIN'
[build]   102 |                 NLOHMANN_JSON_ABI_TAGS,              \
[build]       |                 ^
[build] C:\Users\pperv\code\unnamed_rpg\vendor\json\include\nlohmann/detail/abi_macros.hpp(65,5): note: expanded from macro 'NLOHMANN_JSON_ABI_TAGS'
[build]    65 |     NLOHMANN_JSON_ABI_TAGS_CONCAT(                                   \
[build]       |     ^
[build] C:\Users\pperv\code\unnamed_rpg\vendor\json\include\nlohmann/detail/abi_macros.hpp(62,45): note: expanded from macro 'NLOHMANN_JSON_ABI_TAGS_CONCAT'
[build]    62 |     NLOHMANN_JSON_ABI_TAGS_CONCAT_EX(a, b, c)
[build]       |                                             ^
[build] In file included from C:\Users\pperv\code\unnamed_rpg\vendor\json-schema-validator\src\string-format-check.cpp:1:
[build] In file included from C:\Users\pperv\code\unnamed_rpg\vendor\json-schema-validator\src\nlohmann/json-schema.hpp:24:
[build] In file included from C:\Users\pperv\code\unnamed_rpg\vendor\json\include\nlohmann/json.hpp:45:
[build] C:\Users\pperv\code\unnamed_rpg\vendor\json\include\nlohmann/byte_container_with_subtype.hpp(17,1): warning: inline namespaces are incompatible with C++98 [-Wc++98-compat]
[build] C:\Users\pperv\code\unnamed_rpg\vendor\json\include\nlohmann/detail/abi_macros.hpp(101,5): note: expanded from macro 'NLOHMANN_JSON_NAMESPACE_BEGIN'
[build]   101 |     inline namespace NLOHMANN_JSON_NAMESPACE_CONCAT( \
[build]       |     ^
[build] In file included from C:\Users\pperv\code\unnamed_rpg\vendor\json-schema-validator\src\string-format-check.cpp:1:
[build] In file included from C:\Users\pperv\code\unnamed_rpg\vendor\json-schema-validator\src\nlohmann/json-schema.hpp:24:
[build] In file included from C:\Users\pperv\code\unnamed_rpg\vendor\json\include\nlohmann/json.hpp:45:
[build] C:\Users\pperv\code\unnamed_rpg\vendor\json\include\nlohmann/byte_container_with_subtype.hpp(25,28): warning: alias declarations are incompatible with C++98 [-Wc++98-compat]
[build]    25 |     using container_type = BinaryType;
[build]       |                            ^
[build] C:\Users\pperv\code\unnamed_rpg\vendor\json\include\nlohmann/byte_container_with_subtype.hpp(26,26): warning: alias declarations are incompatible with C++98 [-Wc++98-compat]
[build]    26 |     using subtype_type = std::uint64_t;
[build]       |                          ^
[build] C:\Users\pperv\code\unnamed_rpg\vendor\json\include\nlohmann/byte_container_with_subtype.hpp(39,47): warning: rvalue references are incompatible with C++98 [-Wc++98-compat]
[build]    39 |     byte_container_with_subtype(container_type&& b) noexcept(noexcept(container_type(std::move(b))))
[build]       |                                               ^
[build] C:\Users\pperv\code\unnamed_rpg\vendor\json\include\nlohmann/byte_container_with_subtype.hpp(51,47): warning: rvalue references are incompatible with C++98 [-Wc++98-compat]
[build]    51 |     byte_container_with_subtype(container_type&& b, subtype_type subtype_) noexcept(noexcept(container_type(std::move(b))))
[build]       |                                               ^
[build] C:\Users\pperv\code\unnamed_rpg\vendor\json\include\nlohmann/byte_container_with_subtype.hpp(71,5): warning: noexcept specifications are incompatible with C++98 [-Wc++98-compat]
[build]    71 |     {
[build]       |     ^
[build] C:\Users\pperv\code\unnamed_rpg\vendor\json\include\nlohmann/byte_container_with_subtype.hpp(78,5): warning: 'constexpr' specifier is incompatible with C++98 [-Wc++98-compat]
[build]    78 |     constexpr subtype_type subtype() const noexcept
[build]       |     ^
[build] C:\Users\pperv\code\unnamed_rpg\vendor\json\include\nlohmann/byte_container_with_subtype.hpp(79,5): warning: noexcept specifications are incompatible with C++98 [-Wc++98-compat]
[build]    79 |     {
[build]       |     ^
[build] C:\Users\pperv\code\unnamed_rpg\vendor\json\include\nlohmann/byte_container_with_subtype.hpp(85,5): warning: 'constexpr' specifier is incompatible with C++98 [-Wc++98-compat]
[build]    85 |     constexpr bool has_subtype() const noexcept
[build]       |     ^
[build] C:\Users\pperv\code\unnamed_rpg\vendor\json\include\nlohmann/byte_container_with_subtype.hpp(86,5): warning: noexcept specifications are incompatible with C++98 [-Wc++98-compat]
[build]    86 |     {
[build]       |     ^
[build] C:\Users\pperv\code\unnamed_rpg\vendor\json\include\nlohmann/byte_container_with_subtype.hpp(93,5): warning: noexcept specifications are incompatible with C++98 [-Wc++98-compat]
[build]    93 |     {
[build]       |     ^
[build] C:\Users\pperv\code\unnamed_rpg\vendor\json\include\nlohmann/byte_container_with_subtype.hpp(99,28): warning: default member initializer for non-static data members is incompatible with C++98 [-Wc++98-compat]
[build]    99 |     subtype_type m_subtype = 0;
[build]       |                            ^
[build] C:\Users\pperv\code\unnamed_rpg\vendor\json\include\nlohmann/byte_container_with_subtype.hpp(100,24): warning: default member initializer for non-static data members is incompatible with C++98 [-Wc++98-compat]
[build]   100 |     bool m_has_subtype = false;
[build]       |                        ^
[build] C:\Users\pperv\code\unnamed_rpg\vendor\json\include\nlohmann/byte_container_with_subtype.hpp(29,35): warning: noexcept specifications are incompatible with C++98 [-Wc++98-compat]
[build]    29 |     byte_container_with_subtype() noexcept(noexcept(container_type()))
[build]       |                                   ^
[build] C:\Users\pperv\code\unnamed_rpg\vendor\json\include\nlohmann/byte_container_with_subtype.hpp(29,44): warning: noexcept expressions are incompatible with C++98 [-Wc++98-compat]
[build]    29 |     byte_container_with_subtype() noexcept(noexcept(container_type()))
[build]       |                                            ^
[build] C:\Users\pperv\code\unnamed_rpg\vendor\json\include\nlohmann/byte_container_with_subtype.hpp(34,58): warning: noexcept specifications are incompatible with C++98 [-Wc++98-compat]
[build]    34 |     byte_container_with_subtype(const container_type& b) noexcept(noexcept(container_type(b)))
[build]       |                                                          ^
[build] C:\Users\pperv\code\unnamed_rpg\vendor\json\include\nlohmann/byte_container_with_subtype.hpp(34,67): warning: noexcept expressions are incompatible with C++98 [-Wc++98-compat]
[build]    34 |     byte_container_with_subtype(const container_type& b) noexcept(noexcept(container_type(b)))
[build]       |                                                                   ^
[build] C:\Users\pperv\code\unnamed_rpg\vendor\json\include\nlohmann/byte_container_with_subtype.hpp(39,53): warning: noexcept specifications are incompatible with C++98 [-Wc++98-compat]
[build]    39 |     byte_container_with_subtype(container_type&& b) noexcept(noexcept(container_type(std::move(b))))
[build]       |                                                     ^
[build] C:\Users\pperv\code\unnamed_rpg\vendor\json\include\nlohmann/byte_container_with_subtype.hpp(39,62): warning: noexcept expressions are incompatible with C++98 [-Wc++98-compat]
[build]    39 |     byte_container_with_subtype(container_type&& b) noexcept(noexcept(container_type(std::move(b))))
[build]       |                                                              ^
[build] C:\Users\pperv\code\unnamed_rpg\vendor\json\include\nlohmann/byte_container_with_subtype.hpp(44,81): warning: noexcept specifications are incompatible with C++98 [-Wc++98-compat]
[build]    44 |     byte_container_with_subtype(const container_type& b, subtype_type subtype_) noexcept(noexcept(container_type(b)))
[build]       |                                                                                 ^
[build] C:\Users\pperv\code\unnamed_rpg\vendor\json\include\nlohmann/byte_container_with_subtype.hpp(44,90): warning: noexcept expressions are incompatible with C++98 [-Wc++98-compat]
[build]    44 |     byte_container_with_subtype(const container_type& b, subtype_type subtype_) noexcept(noexcept(container_type(b)))
[build]       |                                                                                          ^
[build] C:\Users\pperv\code\unnamed_rpg\vendor\json\include\nlohmann/byte_container_with_subtype.hpp(51,76): warning: noexcept specifications are incompatible with C++98 [-Wc++98-compat]
[build]    51 |     byte_container_with_subtype(container_type&& b, subtype_type subtype_) noexcept(noexcept(container_type(std::move(b))))
[build]       |                                                                            ^
[build] C:\Users\pperv\code\unnamed_rpg\vendor\json\include\nlohmann/byte_container_with_subtype.hpp(51,85): warning: noexcept expressions are incompatible with C++98 [-Wc++98-compat]
[build]    51 |     byte_container_with_subtype(container_type&& b, subtype_type subtype_) noexcept(noexcept(container_type(std::move(b))))
[build]       |                                                                                     ^
[build] In file included from C:\Users\pperv\code\unnamed_rpg\vendor\json-schema-validator\src\string-format-check.cpp:1:
[build] In file included from C:\Users\pperv\code\unnamed_rpg\vendor\json-schema-validator\src\nlohmann/json-schema.hpp:24:
[build] In file included from C:\Users\pperv\code\unnamed_rpg\vendor\json\include\nlohmann/json.hpp:49:
[build] C:\Users\pperv\code\unnamed_rpg\vendor\json\include\nlohmann/detail/hash.hpp(18,1): warning: empty macro arguments are incompatible with C++98 [-Wc++98-compat-pedantic]
[build]    18 | NLOHMANN_JSON_NAMESPACE_BEGIN
[build]       | ^
[build] C:\Users\pperv\code\unnamed_rpg\vendor\json\include\nlohmann/detail/abi_macros.hpp(102,17): note: expanded from macro 'NLOHMANN_JSON_NAMESPACE_BEGIN'
[build]   102 |                 NLOHMANN_JSON_ABI_TAGS,              \
[build]       |                 ^
[build] C:\Users\pperv\code\unnamed_rpg\vendor\json\include\nlohmann/detail/abi_macros.hpp(65,5): note: expanded from macro 'NLOHMANN_JSON_ABI_TAGS'
[build]    65 |     NLOHMANN_JSON_ABI_TAGS_CONCAT(                                   \
[build]       |     ^
[build] C:\Users\pperv\code\unnamed_rpg\vendor\json\include\nlohmann/detail/abi_macros.hpp(62,39): note: expanded from macro 'NLOHMANN_JSON_ABI_TAGS_CONCAT'
[build]    62 |     NLOHMANN_JSON_ABI_TAGS_CONCAT_EX(a, b, c)
[build]       |                                       ^
[build] In file included from C:\Users\pperv\code\unnamed_rpg\vendor\json-schema-validator\src\string-format-check.cpp:1:
[build] In file included from C:\Users\pperv\code\unnamed_rpg\vendor\json-schema-validator\src\nlohmann/json-schema.hpp:24:
[build] In file included from C:\Users\pperv\code\unnamed_rpg\vendor\json\include\nlohmann/json.hpp:49:
[build] C:\Users\pperv\code\unnamed_rpg\vendor\json\include\nlohmann/detail/hash.hpp(18,1): warning: empty macro arguments are incompatible with C++98 [-Wc++98-compat-pedantic]
[build] C:\Users\pperv\code\unnamed_rpg\vendor\json\include\nlohmann/detail/abi_macros.hpp(102,17): note: expanded from macro 'NLOHMANN_JSON_NAMESPACE_BEGIN'
[build]   102 |                 NLOHMANN_JSON_ABI_TAGS,              \
[build]       |                 ^
[build] C:\Users\pperv\code\unnamed_rpg\vendor\json\include\nlohmann/detail/abi_macros.hpp(65,5): note: expanded from macro 'NLOHMANN_JSON_ABI_TAGS'
[build]    65 |     NLOHMANN_JSON_ABI_TAGS_CONCAT(                                   \
[build]       |     ^
[build] C:\Users\pperv\code\unnamed_rpg\vendor\json\include\nlohmann/detail/abi_macros.hpp(62,42): note: expanded from macro 'NLOHMANN_JSON_ABI_TAGS_CONCAT'
[build]    62 |     NLOHMANN_JSON_ABI_TAGS_CONCAT_EX(a, b, c)
[build]       |                                          ^
[build] In file included from C:\Users\pperv\code\unnamed_rpg\vendor\json-schema-validator\src\string-format-check.cpp:1:
[build] In file included from C:\Users\pperv\code\unnamed_rpg\vendor\json-schema-validator\src\nlohmann/json-schema.hpp:24:
[build] In file included from C:\Users\pperv\code\unnamed_rpg\vendor\json\include\nlohmann/json.hpp:49:
[build] C:\Users\pperv\code\unnamed_rpg\vendor\json\include\nlohmann/detail/hash.hpp(18,1): warning: empty macro arguments are incompatible with C++98 [-Wc++98-compat-pedantic]
[build] C:\Users\pperv\code\unnamed_rpg\vendor\json\include\nlohmann/detail/abi_macros.hpp(102,17): note: expanded from macro 'NLOHMANN_JSON_NAMESPACE_BEGIN'
[build]   102 |                 NLOHMANN_JSON_ABI_TAGS,              \
[build]       |                 ^
[build] C:\Users\pperv\code\unnamed_rpg\vendor\json\include\nlohmann/detail/abi_macros.hpp(65,5): note: expanded from macro 'NLOHMANN_JSON_ABI_TAGS'
[build]    65 |     NLOHMANN_JSON_ABI_TAGS_CONCAT(                                   \
[build]       |     ^
[build] C:\Users\pperv\code\unnamed_rpg\vendor\json\include\nlohmann/detail/abi_macros.hpp(62,45): note: expanded from macro 'NLOHMANN_JSON_ABI_TAGS_CONCAT'
[build]    62 |     NLOHMANN_JSON_ABI_TAGS_CONCAT_EX(a, b, c)
[build]       |                                             ^
[build] In file included from C:\Users\pperv\code\unnamed_rpg\vendor\json-schema-validator\src\string-format-check.cpp:1:
[build] In file included from C:\Users\pperv\code\unnamed_rpg\vendor\json-schema-validator\src\nlohmann/json-schema.hpp:24:
[build] In file included from C:\Users\pperv\code\unnamed_rpg\vendor\json\include\nlohmann/json.hpp:49:
[build] C:\Users\pperv\code\unnamed_rpg\vendor\json\include\nlohmann/detail/hash.hpp(18,1): warning: inline namespaces are incompatible with C++98 [-Wc++98-compat]
[build] C:\Users\pperv\code\unnamed_rpg\vendor\json\include\nlohmann/detail/abi_macros.hpp(101,5): note: expanded from macro 'NLOHMANN_JSON_NAMESPACE_BEGIN'
[build]   101 |     inline namespace NLOHMANN_JSON_NAMESPACE_CONCAT( \
[build]       |     ^
[build] In file included from C:\Users\pperv\code\unnamed_rpg\vendor\json-schema-validator\src\string-format-check.cpp:1:
[build] In file included from C:\Users\pperv\code\unnamed_rpg\vendor\json-schema-validator\src\nlohmann/json-schema.hpp:24:
[build] In file included from C:\Users\pperv\code\unnamed_rpg\vendor\json\include\nlohmann/json.hpp:49:
[build] C:\Users\pperv\code\unnamed_rpg\vendor\json\include\nlohmann/detail/hash.hpp(23,61): warning: noexcept specifications are incompatible with C++98 [-Wc++98-compat]
[build]    23 | inline std::size_t combine(std::size_t seed, std::size_t h) noexcept
[build]       |                                                             ^
[build] In file included from C:\Users\pperv\code\unnamed_rpg\vendor\json-schema-validator\src\string-format-check.cpp:1:
[build] In file included from C:\Users\pperv\code\unnamed_rpg\vendor\json-schema-validator\src\nlohmann/json-schema.hpp:24:
[build] In file included from C:\Users\pperv\code\unnamed_rpg\vendor\json\include\nlohmann/json.hpp:50:
[build] In file included from C:\Users\pperv\code\unnamed_rpg\vendor\json\include\nlohmann/detail/input/binary_reader.hpp:28:
[build] C:\Users\pperv\code\unnamed_rpg\vendor\json\include\nlohmann/detail/input/input_adapters.hpp(32,1): warning: empty macro arguments are incompatible with C++98 [-Wc++98-compat-pedantic]
[build]    32 | NLOHMANN_JSON_NAMESPACE_BEGIN
[build]       | ^
[build] C:\Users\pperv\code\unnamed_rpg\vendor\json\include\nlohmann/detail/abi_macros.hpp(102,17): note: expanded from macro 'NLOHMANN_JSON_NAMESPACE_BEGIN'
[build]   102 |                 NLOHMANN_JSON_ABI_TAGS,              \
[build]       |                 ^
[build] C:\Users\pperv\code\unnamed_rpg\vendor\json\include\nlohmann/detail/abi_macros.hpp(65,5): note: expanded from macro 'NLOHMANN_JSON_ABI_TAGS'
[build]    65 |     NLOHMANN_JSON_ABI_TAGS_CONCAT(                                   \
[build]       |     ^
[build] C:\Users\pperv\code\unnamed_rpg\vendor\json\include\nlohmann/detail/abi_macros.hpp(62,39): note: expanded from macro 'NLOHMANN_JSON_ABI_TAGS_CONCAT'
[build]    62 |     NLOHMANN_JSON_ABI_TAGS_CONCAT_EX(a, b, c)
[build]       |                                       ^
[build] In file included from C:\Users\pperv\code\unnamed_rpg\vendor\json-schema-validator\src\string-format-check.cpp:1:
[build] In file included from C:\Users\pperv\code\unnamed_rpg\vendor\json-schema-validator\src\nlohmann/json-schema.hpp:24:
[build] In file included from C:\Users\pperv\code\unnamed_rpg\vendor\json\include\nlohmann/json.hpp:50:
[build] In file included from C:\Users\pperv\code\unnamed_rpg\vendor\json\include\nlohmann/detail/input/binary_reader.hpp:28:
[build] C:\Users\pperv\code\unnamed_rpg\vendor\json\include\nlohmann/detail/input/input_adapters.hpp(32,1): warning: empty macro arguments are incompatible with C++98 [-Wc++98-compat-pedantic]
[build] C:\Users\pperv\code\unnamed_rpg\vendor\json\include\nlohmann/detail/abi_macros.hpp(102,17): note: expanded from macro 'NLOHMANN_JSON_NAMESPACE_BEGIN'
[build]   102 |                 NLOHMANN_JSON_ABI_TAGS,              \
[build]       |                 ^
[build] C:\Users\pperv\code\unnamed_rpg\vendor\json\include\nlohmann/detail/abi_macros.hpp(65,5): note: expanded from macro 'NLOHMANN_JSON_ABI_TAGS'
[build]    65 |     NLOHMANN_JSON_ABI_TAGS_CONCAT(                                   \
[build]       |     ^
[build] C:\Users\pperv\code\unnamed_rpg\vendor\json\include\nlohmann/detail/abi_macros.hpp(62,42): note: expanded from macro 'NLOHMANN_JSON_ABI_TAGS_CONCAT'
[build]    62 |     NLOHMANN_JSON_ABI_TAGS_CONCAT_EX(a, b, c)
[build]       |                                          ^
[build] In file included from C:\Users\pperv\code\unnamed_rpg\vendor\json-schema-validator\src\string-format-check.cpp:1:
[build] In file included from C:\Users\pperv\code\unnamed_rpg\vendor\json-schema-validator\src\nlohmann/json-schema.hpp:24:
[build] In file included from C:\Users\pperv\code\unnamed_rpg\vendor\json\include\nlohmann/json.hpp:50:
[build] In file included from C:\Users\pperv\code\unnamed_rpg\vendor\json\include\nlohmann/detail/input/binary_reader.hpp:28:
[build] C:\Users\pperv\code\unnamed_rpg\vendor\json\include\nlohmann/detail/input/input_adapters.hpp(32,1): warning: empty macro arguments are incompatible with C++98 [-Wc++98-compat-pedantic]
[build] C:\Users\pperv\code\unnamed_rpg\vendor\json\include\nlohmann/detail/abi_macros.hpp(102,17): note: expanded from macro 'NLOHMANN_JSON_NAMESPACE_BEGIN'
[build]   102 |                 NLOHMANN_JSON_ABI_TAGS,              \
[build]       |                 ^
[build] C:\Users\pperv\code\unnamed_rpg\vendor\json\include\nlohmann/detail/abi_macros.hpp(65,5): note: expanded from macro 'NLOHMANN_JSON_ABI_TAGS'
[build]    65 |     NLOHMANN_JSON_ABI_TAGS_CONCAT(                                   \
[build]       |     ^
[build] C:\Users\pperv\code\unnamed_rpg\vendor\json\include\nlohmann/detail/abi_macros.hpp(62,45): note: expanded from macro 'NLOHMANN_JSON_ABI_TAGS_CONCAT'
[build]    62 |     NLOHMANN_JSON_ABI_TAGS_CONCAT_EX(a, b, c)
[build]       |                                             ^
[build] In file included from C:\Users\pperv\code\unnamed_rpg\vendor\json-schema-validator\src\string-format-check.cpp:1:
[build] In file included from C:\Users\pperv\code\unnamed_rpg\vendor\json-schema-validator\src\nlohmann/json-schema.hpp:24:
[build] In file included from C:\Users\pperv\code\unnamed_rpg\vendor\json\include\nlohmann/json.hpp:50:
[build] In file included from C:\Users\pperv\code\unnamed_rpg\vendor\json\include\nlohmann/detail/input/binary_reader.hpp:28:
[build] C:\Users\pperv\code\unnamed_rpg\vendor\json\include\nlohmann/detail/input/input_adapters.hpp(32,1): warning: inline namespaces are incompatible with C++98 [-Wc++98-compat]
[build] C:\Users\pperv\code\unnamed_rpg\vendor\json\include\nlohmann/detail/abi_macros.hpp(101,5): note: expanded from macro 'NLOHMANN_JSON_NAMESPACE_BEGIN'
[build]   101 |     inline namespace NLOHMANN_JSON_NAMESPACE_CONCAT( \
[build]       |     ^
[build] In file included from C:\Users\pperv\code\unnamed_rpg\vendor\json-schema-validator\src\string-format-check.cpp:1:
[build] In file included from C:\Users\pperv\code\unnamed_rpg\vendor\json-schema-validator\src\nlohmann/json-schema.hpp:24:
[build] In file included from C:\Users\pperv\code\unnamed_rpg\vendor\json\include\nlohmann/json.hpp:50:
[build] In file included from C:\Users\pperv\code\unnamed_rpg\vendor\json\include\nlohmann/detail/input/binary_reader.hpp:28:
[build] C:\Users\pperv\code\unnamed_rpg\vendor\json\include\nlohmann/detail/input/input_adapters.hpp(37,6): warning: scoped enumerations are incompatible with C++98 [-Wc++98-compat]
[build]    37 | enum class input_format_t { json, cbor, msgpack, ubjson, bson, bjdata };
[build]       |      ^
[build] C:\Users\pperv\code\unnamed_rpg\vendor\json\include\nlohmann/detail/input/input_adapters.hpp(51,23): warning: alias declarations are incompatible with C++98 [-Wc++98-compat]
[build]    51 |     using char_type = char;
[build]       |                       ^
[build] C:\Users\pperv\code\unnamed_rpg\vendor\json\include\nlohmann/detail/input/input_adapters.hpp(55,9): warning: noexcept specifications are incompatible with C++98 [-Wc++98-compat]
[build]    55 |         : m_file(f)
[build]       |         ^
[build] C:\Users\pperv\code\unnamed_rpg\vendor\json\include\nlohmann/detail/input/input_adapters.hpp(61,53): warning: deleted function definitions are incompatible with C++98 [-Wc++98-compat]
[build]    61 |     file_input_adapter(const file_input_adapter&) = delete;
[build]       |                                                     ^
[build] C:\Users\pperv\code\unnamed_rpg\vendor\json\include\nlohmann/detail/input/input_adapters.hpp(62,42): warning: rvalue references are incompatible with C++98 [-Wc++98-compat]
[build]    62 |     file_input_adapter(file_input_adapter&&) noexcept = default;
[build]       |                                          ^
[build] C:\Users\pperv\code\unnamed_rpg\vendor\json\include\nlohmann/detail/input/input_adapters.hpp(62,55): warning: noexcept specifications are incompatible with C++98 [-Wc++98-compat]
[build]    62 |     file_input_adapter(file_input_adapter&&) noexcept = default;
[build]       |                                                       ^
[build] C:\Users\pperv\code\unnamed_rpg\vendor\json\include\nlohmann/detail/input/input_adapters.hpp(62,57): warning: defaulted function definitions are incompatible with C++98 [-Wc++98-compat]
[build]    62 |     file_input_adapter(file_input_adapter&&) noexcept = default;
[build]       |                                                         ^
[build] C:\Users\pperv\code\unnamed_rpg\vendor\json\include\nlohmann/detail/input/input_adapters.hpp(63,64): warning: deleted function definitions are incompatible with C++98 [-Wc++98-compat]
[build]    63 |     file_input_adapter& operator=(const file_input_adapter&) = delete;
[build]       |                                                                ^
[build] C:\Users\pperv\code\unnamed_rpg\vendor\json\include\nlohmann/detail/input/input_adapters.hpp(64,53): warning: rvalue references are incompatible with C++98 [-Wc++98-compat]
[build]    64 |     file_input_adapter& operator=(file_input_adapter&&) = delete;
[build]       |                                                     ^
[build] C:\Users\pperv\code\unnamed_rpg\vendor\json\include\nlohmann/detail/input/input_adapters.hpp(64,59): warning: deleted function definitions are incompatible with C++98 [-Wc++98-compat]
[build]    64 |     file_input_adapter& operator=(file_input_adapter&&) = delete;
[build]       |                                                           ^
[build] C:\Users\pperv\code\unnamed_rpg\vendor\json\include\nlohmann/detail/input/input_adapters.hpp(65,29): warning: defaulted function definitions are incompatible with C++98 [-Wc++98-compat]
[build]    65 |     ~file_input_adapter() = default;
[build]       |                             ^
[build] C:\Users\pperv\code\unnamed_rpg\vendor\json\include\nlohmann/detail/input/input_adapters.hpp(68,5): warning: noexcept specifications are incompatible with C++98 [-Wc++98-compat]
[build]    68 |     {
[build]       |     ^
[build] C:\Users\pperv\code\unnamed_rpg\vendor\json\include\nlohmann/detail/input/input_adapters.hpp(57,31): warning: 'nullptr' is incompatible with C++98 [-Wc++98-compat]
[build]    57 |         JSON_ASSERT(m_file != nullptr);
[build]       |                               ^
[build] C:\Users\pperv\code\unnamed_rpg\vendor\json\include\nlohmann/detail/input/input_adapters.hpp(96,23): warning: alias declarations are incompatible with C++98 [-Wc++98-compat]
[build]    96 |     using char_type = char;
[build]       |                       ^
[build] C:\Users\pperv\code\unnamed_rpg\vendor\json\include\nlohmann/detail/input/input_adapters.hpp(113,57): warning: deleted function definitions are incompatible with C++98 [-Wc++98-compat]
[build]   113 |     input_stream_adapter(const input_stream_adapter&) = delete;
[build]       |                                                         ^
[build] C:\Users\pperv\code\unnamed_rpg\vendor\json\include\nlohmann/detail/input/input_adapters.hpp(114,62): warning: deleted function definitions are incompatible with C++98 [-Wc++98-compat]
[build]   114 |     input_stream_adapter& operator=(input_stream_adapter&) = delete;
[build]       |                                                              ^
[build] C:\Users\pperv\code\unnamed_rpg\vendor\json\include\nlohmann/detail/input/input_adapters.hpp(115,57): warning: rvalue references are incompatible with C++98 [-Wc++98-compat]
[build]   115 |     input_stream_adapter& operator=(input_stream_adapter&&) = delete;
[build]       |                                                         ^
[build] C:\Users\pperv\code\unnamed_rpg\vendor\json\include\nlohmann/detail/input/input_adapters.hpp(115,63): warning: deleted function definitions are incompatible with C++98 [-Wc++98-compat]
[build]   115 |     input_stream_adapter& operator=(input_stream_adapter&&) = delete;
[build]       |                                                               ^
[build] C:\Users\pperv\code\unnamed_rpg\vendor\json\include\nlohmann/detail/input/input_adapters.hpp(117,46): warning: rvalue references are incompatible with C++98 [-Wc++98-compat]
[build]   117 |     input_stream_adapter(input_stream_adapter&& rhs) noexcept
[build]       |                                              ^
[build] C:\Users\pperv\code\unnamed_rpg\vendor\json\include\nlohmann/detail/input/input_adapters.hpp(118,9): warning: noexcept specifications are incompatible with C++98 [-Wc++98-compat]
[build]   118 |         : is(rhs.is), sb(rhs.sb)
[build]       |         ^
[build] C:\Users\pperv\code\unnamed_rpg\vendor\json\include\nlohmann/detail/input/input_adapters.hpp(151,22): warning: default member initializer for non-static data members is incompatible with C++98 [-Wc++98-compat]
[build]   151 |     std::istream* is = nullptr;
[build]       |                      ^
[build] C:\Users\pperv\code\unnamed_rpg\vendor\json\include\nlohmann/detail/input/input_adapters.hpp(152,24): warning: default member initializer for non-static data members is incompatible with C++98 [-Wc++98-compat]
[build]   152 |     std::streambuf* sb = nullptr;
[build]       |                        ^
[build] C:\Users\pperv\code\unnamed_rpg\vendor\json\include\nlohmann/detail/input/input_adapters.hpp(151,24): warning: 'nullptr' is incompatible with C++98 [-Wc++98-compat]
[build]   151 |     std::istream* is = nullptr;
[build]       |                        ^
[build] C:\Users\pperv\code\unnamed_rpg\vendor\json\include\nlohmann/detail/input/input_adapters.hpp(152,26): warning: 'nullptr' is incompatible with C++98 [-Wc++98-compat]
[build]   152 |     std::streambuf* sb = nullptr;
[build]       |                          ^
[build] C:\Users\pperv\code\unnamed_rpg\vendor\json\include\nlohmann/detail/input/input_adapters.hpp(102,19): warning: 'nullptr' is incompatible with C++98 [-Wc++98-compat]
[build]   102 |         if (is != nullptr)
[build]       |                   ^
[build] C:\Users\pperv\code\unnamed_rpg\vendor\json\include\nlohmann/detail/input/input_adapters.hpp(120,18): warning: 'nullptr' is incompatible with C++98 [-Wc++98-compat]
[build]   120 |         rhs.is = nullptr;
[build]       |                  ^
[build] C:\Users\pperv\code\unnamed_rpg\vendor\json\include\nlohmann/detail/input/input_adapters.hpp(121,18): warning: 'nullptr' is incompatible with C++98 [-Wc++98-compat]
[build]   121 |         rhs.sb = nullptr;
[build]       |                  ^
[build] C:\Users\pperv\code\unnamed_rpg\vendor\json\include\nlohmann/detail/input/input_adapters.hpp(129,9): warning: 'auto' type specifier is incompatible with C++98 [-Wc++98-compat]
[build]   129 |         auto res = sb->sbumpc();
[build]       |         ^~~~
[build] C:\Users\pperv\code\unnamed_rpg\vendor\json\include\nlohmann/detail/input/input_adapters.hpp(164,23): warning: alias declarations are incompatible with C++98 [-Wc++98-compat]
[build]   164 |     using char_type = typename std::iterator_traits<IteratorType>::value_type;
[build]       |                       ^
[build] C:\Users\pperv\code\unnamed_rpg\vendor\json\include\nlohmann/detail/input/input_adapters.hpp(172,12): warning: 'constexpr' specifier is incompatible with C++98 [-Wc++98-compat]
[build]   172 |     static constexpr bool supports_seek =
[build]       |            ^
[build] C:\Users\pperv\code\unnamed_rpg\vendor\json\include\nlohmann/detail/input/input_adapters.hpp(226,12): warning: 'constexpr' specifier is incompatible with C++98 [-Wc++98-compat]
[build]   226 |     static constexpr bool iterator_is_contiguous =
[build]       |            ^
[build] C:\Users\pperv\code\unnamed_rpg\vendor\json\include\nlohmann/detail/input/input_adapters.hpp(440,23): warning: alias declarations are incompatible with C++98 [-Wc++98-compat]
[build]   440 |     using char_type = char;
[build]       |                       ^
[build] C:\Users\pperv\code\unnamed_rpg\vendor\json\include\nlohmann/detail/input/input_adapters.hpp(446,5): warning: noexcept specifications are incompatible with C++98 [-Wc++98-compat]
[build]   446 |     {
[build]       |     ^
[build] C:\Users\pperv\code\unnamed_rpg\vendor\json\include\nlohmann/detail/input/input_adapters.hpp(479,64): warning: default member initializer for non-static data members is incompatible with C++98 [-Wc++98-compat]
[build]   479 |     std::array<std::char_traits<char>::int_type, 4> utf8_bytes = {{0, 0, 0, 0}};
[build]       |                                                                ^
[build] C:\Users\pperv\code\unnamed_rpg\vendor\json\include\nlohmann/detail/input/input_adapters.hpp(482,34): warning: default member initializer for non-static data members is incompatible with C++98 [-Wc++98-compat]
[build]   482 |     std::size_t utf8_bytes_index = 0;
[build]       |                                  ^
[build] C:\Users\pperv\code\unnamed_rpg\vendor\json\include\nlohmann/detail/input/input_adapters.hpp(484,35): warning: default member initializer for non-static data members is incompatible with C++98 [-Wc++98-compat]
[build]   484 |     std::size_t utf8_bytes_filled = 0;
[build]       |                                   ^
[build] C:\Users\pperv\code\unnamed_rpg\vendor\json\include\nlohmann/detail/input/input_adapters.hpp(490,27): warning: alias declarations are incompatible with C++98 [-Wc++98-compat]
[build]   490 |     using iterator_type = IteratorType;
[build]       |                           ^
[build] C:\Users\pperv\code\unnamed_rpg\vendor\json\include\nlohmann/detail/input/input_adapters.hpp(491,27): warning: alias declarations are incompatible with C++98 [-Wc++98-compat]
[build]   491 |     using sentinel_type = SentinelType;
[build]       |                           ^
[build] C:\Users\pperv\code\unnamed_rpg\vendor\json\include\nlohmann/detail/input/input_adapters.hpp(492,23): warning: alias declarations are incompatible with C++98 [-Wc++98-compat]
[build]   492 |     using char_type = typename std::iterator_traits<iterator_type>::value_type;
[build]       |                       ^
[build] C:\Users\pperv\code\unnamed_rpg\vendor\json\include\nlohmann/detail/input/input_adapters.hpp(493,26): warning: alias declarations are incompatible with C++98 [-Wc++98-compat]
[build]   493 |     using adapter_type = iterator_input_adapter<iterator_type, sentinel_type>;
[build]       |                          ^
[build] C:\Users\pperv\code\unnamed_rpg\vendor\json\include\nlohmann/detail/input/input_adapters.hpp(507,17): warning: 'decltype' type specifier is incompatible with C++98 [-Wc++98-compat]
[build]   507 |        void_t < decltype(std::declval<IteratorType>() != std::declval<SentinelType>()) >>
[build]       |                 ^
[build] C:\Users\pperv\code\unnamed_rpg\vendor\json\include\nlohmann/detail/input/input_adapters.hpp(507,88): warning: consecutive right angle brackets are incompatible with C++98 (use '> >') [-Wc++98-compat]
[build]   507 |        void_t < decltype(std::declval<IteratorType>() != std::declval<SentinelType>()) >>
[build]       |                                                                                        ^~
[build]       |                                                                                        > >
[build] C:\Users\pperv\code\unnamed_rpg\vendor\json\include\nlohmann/detail/input/input_adapters.hpp(516,17): warning: 'decltype' type specifier is incompatible with C++98 [-Wc++98-compat]
[build]   516 |        void_t < decltype(std::declval<SentinelType>() != std::declval<IteratorType>()) >>
[build]       |                 ^
[build] C:\Users\pperv\code\unnamed_rpg\vendor\json\include\nlohmann/detail/input/input_adapters.hpp(516,88): warning: consecutive right angle brackets are incompatible with C++98 (use '> >') [-Wc++98-compat]
[build]   516 |        void_t < decltype(std::declval<SentinelType>() != std::declval<IteratorType>()) >>
[build]       |                                                                                        ^~
[build]       |                                                                                        > >
[build] C:\Users\pperv\code\unnamed_rpg\vendor\json\include\nlohmann/detail/input/input_adapters.hpp(538,24): warning: alias declarations are incompatible with C++98 [-Wc++98-compat]
[build]   538 |     using value_type = typename std::iterator_traits<T>::value_type;
[build]       |                        ^
[build] C:\Users\pperv\code\unnamed_rpg\vendor\json\include\nlohmann/detail/input/input_adapters.hpp(546,124): warning: consecutive right angle brackets are incompatible with C++98 (use '> >') [-Wc++98-compat]
[build]   546 | struct iterator_input_adapter_factory<IteratorType, SentinelType, enable_if_t<is_iterator_of_multibyte<IteratorType>::value>>
[build]       |                                                                                                                            ^~
[build]       |                                                                                                                            > >
[build] C:\Users\pperv\code\unnamed_rpg\vendor\json\include\nlohmann/detail/input/input_adapters.hpp(548,27): warning: alias declarations are incompatible with C++98 [-Wc++98-compat]
[build]   548 |     using iterator_type = IteratorType;
[build]       |                           ^
[build] C:\Users\pperv\code\unnamed_rpg\vendor\json\include\nlohmann/detail/input/input_adapters.hpp(549,27): warning: alias declarations are incompatible with C++98 [-Wc++98-compat]
[build]   549 |     using sentinel_type = SentinelType;
[build]       |                           ^
[build] C:\Users\pperv\code\unnamed_rpg\vendor\json\include\nlohmann/detail/input/input_adapters.hpp(550,23): warning: alias declarations are incompatible with C++98 [-Wc++98-compat]
[build]   550 |     using char_type = typename std::iterator_traits<iterator_type>::value_type;
[build]       |                       ^
[build] C:\Users\pperv\code\unnamed_rpg\vendor\json\include\nlohmann/detail/input/input_adapters.hpp(551,31): warning: alias declarations are incompatible with C++98 [-Wc++98-compat]
[build]   551 |     using base_adapter_type = iterator_input_adapter<iterator_type, sentinel_type>;
[build]       |                               ^
[build] C:\Users\pperv\code\unnamed_rpg\vendor\json\include\nlohmann/detail/input/input_adapters.hpp(552,26): warning: alias declarations are incompatible with C++98 [-Wc++98-compat]
[build]   552 |     using adapter_type = wide_string_input_adapter<base_adapter_type, char_type>;
[build]       |                          ^
[build] C:\Users\pperv\code\unnamed_rpg\vendor\json\include\nlohmann/detail/input/input_adapters.hpp(564,44): warning: default template arguments for a function template are incompatible with C++98 [-Wc++98-compat]
[build]   564 | template < typename IteratorType, typename SentinelType = IteratorType,
[build]       |                                            ^              ~~~~~~~~~~~~
[build] C:\Users\pperv\code\unnamed_rpg\vendor\json\include\nlohmann/detail/input/input_adapters.hpp(565,21): warning: default template arguments for a function template are incompatible with C++98 [-Wc++98-compat]
[build]   565 |            typename = typename std::enable_if <
[build]       |                     ^ ~~~~~~~~~~~~~~~~~~~~~~~~~
[build]   566 |                can_compare_ne<IteratorType, SentinelType>::value >::type >
[build]       |                ~~~~~~~~~~~~~~~~~~~~~~~~~~~~~~~~~~~~~~~~~~~~~~~~~~~~~~~~~
[build] C:\Users\pperv\code\unnamed_rpg\vendor\json\include\nlohmann/detail/input/input_adapters.hpp(588,15): warning: 'decltype' type specifier is incompatible with C++98 [-Wc++98-compat]
[build]   588 |        void_t<decltype(begin(std::declval<ContainerType>()), end(std::declval<ContainerType>()))>>
[build]       |               ^
[build] C:\Users\pperv\code\unnamed_rpg\vendor\json\include\nlohmann/detail/input/input_adapters.hpp(588,97): warning: consecutive right angle brackets are incompatible with C++98 (use '> >') [-Wc++98-compat]
[build]   588 |        void_t<decltype(begin(std::declval<ContainerType>()), end(std::declval<ContainerType>()))>>
[build]       |                                                                                                 ^~
[build]       |                                                                                                 > >
[build] C:\Users\pperv\code\unnamed_rpg\vendor\json\include\nlohmann/detail/input/input_adapters.hpp(590,33): warning: alias declarations are incompatible with C++98 [-Wc++98-compat]
[build]   590 |            using adapter_type = decltype(input_adapter(begin(std::declval<ContainerType>()), end(std::declval<ContainerType>())));
[build]       |                                 ^
[build] C:\Users\pperv\code\unnamed_rpg\vendor\json\include\nlohmann/detail/input/input_adapters.hpp(590,33): warning: 'decltype' type specifier is incompatible with C++98 [-Wc++98-compat]
[build] C:\Users\pperv\code\unnamed_rpg\vendor\json\include\nlohmann/detail/input/input_adapters.hpp(592,52): warning: rvalue references are incompatible with C++98 [-Wc++98-compat]
[build]   592 |            static adapter_type create(ContainerType&& container)
[build]       |                                                    ^
[build] C:\Users\pperv\code\unnamed_rpg\vendor\json\include\nlohmann/detail/input/input_adapters.hpp(601,136): warning: rvalue references are incompatible with C++98 [-Wc++98-compat]
[build]   601 | typename container_input_adapter_factory_impl::container_input_adapter_factory<ContainerType>::adapter_type input_adapter(ContainerType&& container)
[build]       |                                                                                                                                        ^
[build] C:\Users\pperv\code\unnamed_rpg\vendor\json\include\nlohmann/detail/input/input_adapters.hpp(607,35): warning: alias declarations are incompatible with C++98 [-Wc++98-compat]
[build]   607 | using string_input_adapter_type = decltype(input_adapter(std::declval<std::string>()));
[build]       |                                   ^
[build] C:\Users\pperv\code\unnamed_rpg\vendor\json\include\nlohmann/detail/input/input_adapters.hpp(607,35): warning: 'decltype' type specifier is incompatible with C++98 [-Wc++98-compat]
[build] C:\Users\pperv\code\unnamed_rpg\vendor\json\include\nlohmann/detail/input/input_adapters.hpp(613,17): warning: 'nullptr' is incompatible with C++98 [-Wc++98-compat]
[build]   613 |     if (file == nullptr)
[build]       |                 ^
[build] C:\Users\pperv\code\unnamed_rpg\vendor\json\include\nlohmann/detail/input/input_adapters.hpp(615,153): warning: 'nullptr' is incompatible with C++98 [-Wc++98-compat]
[build]   615 |         JSON_THROW(parse_error::create(101, 0, "attempting to parse an empty input; check that your input string or stream contains the expected JSON", nullptr));
[build]       |                                                                                                                                                         ^
[build] C:\Users\pperv\code\unnamed_rpg\vendor\json\include\nlohmann/detail/input/input_adapters.hpp(625,55): warning: rvalue references are incompatible with C++98 [-Wc++98-compat]
[build]   625 | inline input_stream_adapter input_adapter(std::istream&& stream)
[build]       |                                                       ^
[build] C:\Users\pperv\code\unnamed_rpg\vendor\json\include\nlohmann/detail/input/input_adapters.hpp(631,40): warning: alias declarations are incompatible with C++98 [-Wc++98-compat]
[build]   631 | using contiguous_bytes_input_adapter = decltype(input_adapter(std::declval<const char*>(), std::declval<const char*>()));
[build]       |                                        ^
[build] C:\Users\pperv\code\unnamed_rpg\vendor\json\include\nlohmann/detail/input/input_adapters.hpp(631,40): warning: 'decltype' type specifier is incompatible with C++98 [-Wc++98-compat]
[build] C:\Users\pperv\code\unnamed_rpg\vendor\json\include\nlohmann/detail/input/input_adapters.hpp(640,28): warning: default template arguments for a function template are incompatible with C++98 [-Wc++98-compat]
[build]   640 |                int >::type = 0 >
[build]       |                            ^ ~
[build] C:\Users\pperv\code\unnamed_rpg\vendor\json\include\nlohmann/detail/input/input_adapters.hpp(653,35): warning: trailing return types are incompatible with C++98 [-Wc++98-compat]
[build]   653 | auto input_adapter(T (&array)[N]) -> decltype(input_adapter(array, array + N)) // NOLINT(cppcoreguidelines-avoid-c-arrays,hicpp-avoid-c-arrays,modernize-avoid-c-arrays)
[build]       |                                   ^
[build] C:\Users\pperv\code\unnamed_rpg\vendor\json\include\nlohmann/detail/input/input_adapters.hpp(653,38): warning: 'decltype' type specifier is incompatible with C++98 [-Wc++98-compat]
[build]   653 | auto input_adapter(T (&array)[N]) -> decltype(input_adapter(array, array + N)) // NOLINT(cppcoreguidelines-avoid-c-arrays,hicpp-avoid-c-arrays,modernize-avoid-c-arrays)
[build]       |                                      ^
[build] C:\Users\pperv\code\unnamed_rpg\vendor\json\include\nlohmann/detail/input/input_adapters.hpp(669,32): warning: default template arguments for a function template are incompatible with C++98 [-Wc++98-compat]
[build]   669 |                    int >::type = 0 >
[build]       |                                ^ ~
[build] C:\Users\pperv\code\unnamed_rpg\vendor\json\include\nlohmann/detail/input/input_adapters.hpp(676,29): warning: default template arguments for a function template are incompatible with C++98 [-Wc++98-compat]
[build]   676 |                  int>::type = 0>
[build]       |                             ^ ~
[build] C:\Users\pperv\code\unnamed_rpg\vendor\json\include\nlohmann/detail/input/input_adapters.hpp(680,35): warning: rvalue references are incompatible with C++98 [-Wc++98-compat]
[build]   680 |     contiguous_bytes_input_adapter&& get()
[build]       |                                   ^
[build] In file included from C:\Users\pperv\code\unnamed_rpg\vendor\json-schema-validator\src\string-format-check.cpp:1:
[build] In file included from C:\Users\pperv\code\unnamed_rpg\vendor\json-schema-validator\src\nlohmann/json-schema.hpp:24:
[build] In file included from C:\Users\pperv\code\unnamed_rpg\vendor\json\include\nlohmann/json.hpp:50:
[build] In file included from C:\Users\pperv\code\unnamed_rpg\vendor\json\include\nlohmann/detail/input/binary_reader.hpp:29:
[build] In file included from C:\Users\pperv\code\unnamed_rpg\vendor\json\include\nlohmann/detail/input/json_sax.hpp:18:
[build] C:\Users\pperv\code\unnamed_rpg\vendor\json\include\nlohmann/detail/input/lexer.hpp(26,1): warning: empty macro arguments are incompatible with C++98 [-Wc++98-compat-pedantic]
[build]    26 | NLOHMANN_JSON_NAMESPACE_BEGIN
[build]       | ^
[build] C:\Users\pperv\code\unnamed_rpg\vendor\json\include\nlohmann/detail/abi_macros.hpp(102,17): note: expanded from macro 'NLOHMANN_JSON_NAMESPACE_BEGIN'
[build]   102 |                 NLOHMANN_JSON_ABI_TAGS,              \
[build]       |                 ^
[build] C:\Users\pperv\code\unnamed_rpg\vendor\json\include\nlohmann/detail/abi_macros.hpp(65,5): note: expanded from macro 'NLOHMANN_JSON_ABI_TAGS'
[build]    65 |     NLOHMANN_JSON_ABI_TAGS_CONCAT(                                   \
[build]       |     ^
[build] C:\Users\pperv\code\unnamed_rpg\vendor\json\include\nlohmann/detail/abi_macros.hpp(62,39): note: expanded from macro 'NLOHMANN_JSON_ABI_TAGS_CONCAT'
[build]    62 |     NLOHMANN_JSON_ABI_TAGS_CONCAT_EX(a, b, c)
[build]       |                                       ^
[build] In file included from C:\Users\pperv\code\unnamed_rpg\vendor\json-schema-validator\src\string-format-check.cpp:1:
[build] In file included from C:\Users\pperv\code\unnamed_rpg\vendor\json-schema-validator\src\nlohmann/json-schema.hpp:24:
[build] In file included from C:\Users\pperv\code\unnamed_rpg\vendor\json\include\nlohmann/json.hpp:50:
[build] In file included from C:\Users\pperv\code\unnamed_rpg\vendor\json\include\nlohmann/detail/input/binary_reader.hpp:29:
[build] In file included from C:\Users\pperv\code\unnamed_rpg\vendor\json\include\nlohmann/detail/input/json_sax.hpp:18:
[build] C:\Users\pperv\code\unnamed_rpg\vendor\json\include\nlohmann/detail/input/lexer.hpp(26,1): warning: empty macro arguments are incompatible with C++98 [-Wc++98-compat-pedantic]
[build] C:\Users\pperv\code\unnamed_rpg\vendor\json\include\nlohmann/detail/abi_macros.hpp(102,17): note: expanded from macro 'NLOHMANN_JSON_NAMESPACE_BEGIN'
[build]   102 |                 NLOHMANN_JSON_ABI_TAGS,              \
[build]       |                 ^
[build] C:\Users\pperv\code\unnamed_rpg\vendor\json\include\nlohmann/detail/abi_macros.hpp(65,5): note: expanded from macro 'NLOHMANN_JSON_ABI_TAGS'
[build]    65 |     NLOHMANN_JSON_ABI_TAGS_CONCAT(                                   \
[build]       |     ^
[build] C:\Users\pperv\code\unnamed_rpg\vendor\json\include\nlohmann/detail/abi_macros.hpp(62,42): note: expanded from macro 'NLOHMANN_JSON_ABI_TAGS_CONCAT'
[build]    62 |     NLOHMANN_JSON_ABI_TAGS_CONCAT_EX(a, b, c)
[build]       |                                          ^
[build] In file included from C:\Users\pperv\code\unnamed_rpg\vendor\json-schema-validator\src\string-format-check.cpp:1:
[build] In file included from C:\Users\pperv\code\unnamed_rpg\vendor\json-schema-validator\src\nlohmann/json-schema.hpp:24:
[build] In file included from C:\Users\pperv\code\unnamed_rpg\vendor\json\include\nlohmann/json.hpp:50:
[build] In file included from C:\Users\pperv\code\unnamed_rpg\vendor\json\include\nlohmann/detail/input/binary_reader.hpp:29:
[build] In file included from C:\Users\pperv\code\unnamed_rpg\vendor\json\include\nlohmann/detail/input/json_sax.hpp:18:
[build] C:\Users\pperv\code\unnamed_rpg\vendor\json\include\nlohmann/detail/input/lexer.hpp(26,1): warning: empty macro arguments are incompatible with C++98 [-Wc++98-compat-pedantic]
[build] C:\Users\pperv\code\unnamed_rpg\vendor\json\include\nlohmann/detail/abi_macros.hpp(102,17): note: expanded from macro 'NLOHMANN_JSON_NAMESPACE_BEGIN'
[build]   102 |                 NLOHMANN_JSON_ABI_TAGS,              \
[build]       |                 ^
[build] C:\Users\pperv\code\unnamed_rpg\vendor\json\include\nlohmann/detail/abi_macros.hpp(65,5): note: expanded from macro 'NLOHMANN_JSON_ABI_TAGS'
[build]    65 |     NLOHMANN_JSON_ABI_TAGS_CONCAT(                                   \
[build]       |     ^
[build] C:\Users\pperv\code\unnamed_rpg\vendor\json\include\nlohmann/detail/abi_macros.hpp(62,45): note: expanded from macro 'NLOHMANN_JSON_ABI_TAGS_CONCAT'
[build]    62 |     NLOHMANN_JSON_ABI_TAGS_CONCAT_EX(a, b, c)
[build]       |                                             ^
[build] In file included from C:\Users\pperv\code\unnamed_rpg\vendor\json-schema-validator\src\string-format-check.cpp:1:
[build] In file included from C:\Users\pperv\code\unnamed_rpg\vendor\json-schema-validator\src\nlohmann/json-schema.hpp:24:
[build] In file included from C:\Users\pperv\code\unnamed_rpg\vendor\json\include\nlohmann/json.hpp:50:
[build] In file included from C:\Users\pperv\code\unnamed_rpg\vendor\json\include\nlohmann/detail/input/binary_reader.hpp:29:
[build] In file included from C:\Users\pperv\code\unnamed_rpg\vendor\json\include\nlohmann/detail/input/json_sax.hpp:18:
[build] C:\Users\pperv\code\unnamed_rpg\vendor\json\include\nlohmann/detail/input/lexer.hpp(26,1): warning: inline namespaces are incompatible with C++98 [-Wc++98-compat]
[build] C:\Users\pperv\code\unnamed_rpg\vendor\json\include\nlohmann/detail/abi_macros.hpp(101,5): note: expanded from macro 'NLOHMANN_JSON_NAMESPACE_BEGIN'
[build]   101 |     inline namespace NLOHMANN_JSON_NAMESPACE_CONCAT( \
[build]       |     ^
[build] In file included from C:\Users\pperv\code\unnamed_rpg\vendor\json-schema-validator\src\string-format-check.cpp:1:
[build] In file included from C:\Users\pperv\code\unnamed_rpg\vendor\json-schema-validator\src\nlohmann/json-schema.hpp:24:
[build] In file included from C:\Users\pperv\code\unnamed_rpg\vendor\json\include\nlohmann/json.hpp:50:
[build] In file included from C:\Users\pperv\code\unnamed_rpg\vendor\json\include\nlohmann/detail/input/binary_reader.hpp:29:
[build] In file included from C:\Users\pperv\code\unnamed_rpg\vendor\json\include\nlohmann/detail/input/json_sax.hpp:18:
[build] C:\Users\pperv\code\unnamed_rpg\vendor\json\include\nlohmann/detail/input/lexer.hpp(39,10): warning: scoped enumerations are incompatible with C++98 [-Wc++98-compat]
[build]    39 |     enum class token_type
[build]       |          ^
[build] C:\Users\pperv\code\unnamed_rpg\vendor\json\include\nlohmann/detail/input/lexer.hpp(64,5): warning: noexcept specifications are incompatible with C++98 [-Wc++98-compat]
[build]    64 |     {
[build]       |     ^
[build] C:\Users\pperv\code\unnamed_rpg\vendor\json\include\nlohmann/detail/input/lexer.hpp(114,30): warning: alias declarations are incompatible with C++98 [-Wc++98-compat]
[build]   114 | using detect_supports_seek = decltype(InputAdapterType::supports_seek);
[build]       |                              ^
[build] C:\Users\pperv\code\unnamed_rpg\vendor\json\include\nlohmann/detail/input/lexer.hpp(114,30): warning: 'decltype' type specifier is incompatible with C++98 [-Wc++98-compat]
[build] C:\Users\pperv\code\unnamed_rpg\vendor\json\include\nlohmann/detail/input/lexer.hpp(117,1): warning: 'constexpr' specifier is incompatible with C++98 [-Wc++98-compat]
[build]   117 | constexpr bool input_adapter_supports_seek(std::true_type /*detected*/)
[build]       | ^
[build] C:\Users\pperv\code\unnamed_rpg\vendor\json\include\nlohmann/detail/input/lexer.hpp(123,1): warning: 'constexpr' specifier is incompatible with C++98 [-Wc++98-compat]
[build]   123 | constexpr bool input_adapter_supports_seek(std::false_type /*detected*/)
[build]       | ^
[build] C:\Users\pperv\code\unnamed_rpg\vendor\json\include\nlohmann/detail/input/lexer.hpp(136,30): warning: alias declarations are incompatible with C++98 [-Wc++98-compat]
[build]   136 |     using number_integer_t = typename BasicJsonType::number_integer_t;
[build]       |                              ^
[build] C:\Users\pperv\code\unnamed_rpg\vendor\json\include\nlohmann/detail/input/lexer.hpp(137,31): warning: alias declarations are incompatible with C++98 [-Wc++98-compat]
[build]   137 |     using number_unsigned_t = typename BasicJsonType::number_unsigned_t;
[build]       |                               ^
[build] C:\Users\pperv\code\unnamed_rpg\vendor\json\include\nlohmann/detail/input/lexer.hpp(138,28): warning: alias declarations are incompatible with C++98 [-Wc++98-compat]
[build]   138 |     using number_float_t = typename BasicJsonType::number_float_t;
[build]       |                            ^
[build] C:\Users\pperv\code\unnamed_rpg\vendor\json\include\nlohmann/detail/input/lexer.hpp(139,22): warning: alias declarations are incompatible with C++98 [-Wc++98-compat]
[build]   139 |     using string_t = typename BasicJsonType::string_t;
[build]       |                      ^
[build] C:\Users\pperv\code\unnamed_rpg\vendor\json\include\nlohmann/detail/input/lexer.hpp(140,23): warning: alias declarations are incompatible with C++98 [-Wc++98-compat]
[build]   140 |     using char_type = typename InputAdapterType::char_type;
[build]       |                       ^
[build] C:\Users\pperv\code\unnamed_rpg\vendor\json\include\nlohmann/detail/input/lexer.hpp(141,27): warning: alias declarations are incompatible with C++98 [-Wc++98-compat]
[build]   141 |     using char_int_type = typename char_traits<char_type>::int_type;
[build]       |                           ^
[build] C:\Users\pperv\code\unnamed_rpg\vendor\json\include\nlohmann/detail/input/lexer.hpp(146,12): warning: 'constexpr' specifier is incompatible with C++98 [-Wc++98-compat]
[build]   146 |     static constexpr bool lazy_token_string =
[build]       |            ^
[build] C:\Users\pperv\code\unnamed_rpg\vendor\json\include\nlohmann/detail/input/lexer.hpp(147,107): warning: generalized initializer lists are incompatible with C++98 [-Wc++98-compat]
[build]   147 |         input_adapter_supports_seek<InputAdapterType>(is_detected<detect_supports_seek, InputAdapterType> {});
[build]       |                                                                                                           ^
[build] C:\Users\pperv\code\unnamed_rpg\vendor\json\include\nlohmann/detail/input/lexer.hpp(150,24): warning: alias declarations are incompatible with C++98 [-Wc++98-compat]
[build]   150 |     using token_type = typename lexer_base<BasicJsonType>::token_type;
[build]       |                        ^
[build] C:\Users\pperv\code\unnamed_rpg\vendor\json\include\nlohmann/detail/input/lexer.hpp(152,36): warning: rvalue references are incompatible with C++98 [-Wc++98-compat]
[build]   152 |     explicit lexer(InputAdapterType&& adapter, bool ignore_comments_ = false) noexcept
[build]       |                                    ^
[build] C:\Users\pperv\code\unnamed_rpg\vendor\json\include\nlohmann/detail/input/lexer.hpp(153,9): warning: noexcept specifications are incompatible with C++98 [-Wc++98-compat]
[build]   153 |         : ia(std::move(adapter))
[build]       |         ^
[build] C:\Users\pperv\code\unnamed_rpg\vendor\json\include\nlohmann/detail/input/lexer.hpp(159,27): warning: deleted function definitions are incompatible with C++98 [-Wc++98-compat]
[build]   159 |     lexer(const lexer&) = delete;
[build]       |                           ^
[build] C:\Users\pperv\code\unnamed_rpg\vendor\json\include\nlohmann/detail/input/lexer.hpp(160,16): warning: rvalue references are incompatible with C++98 [-Wc++98-compat]
[build]   160 |     lexer(lexer&&) = default; // NOLINT(hicpp-noexcept-move,performance-noexcept-move-constructor)
[build]       |                ^
[build] C:\Users\pperv\code\unnamed_rpg\vendor\json\include\nlohmann/detail/input/lexer.hpp(160,22): warning: defaulted function definitions are incompatible with C++98 [-Wc++98-compat]
[build]   160 |     lexer(lexer&&) = default; // NOLINT(hicpp-noexcept-move,performance-noexcept-move-constructor)
[build]       |                      ^
[build] C:\Users\pperv\code\unnamed_rpg\vendor\json\include\nlohmann/detail/input/lexer.hpp(161,32): warning: deleted function definitions are incompatible with C++98 [-Wc++98-compat]
[build]   161 |     lexer& operator=(lexer&) = delete;
[build]       |                                ^
[build] C:\Users\pperv\code\unnamed_rpg\vendor\json\include\nlohmann/detail/input/lexer.hpp(162,27): warning: rvalue references are incompatible with C++98 [-Wc++98-compat]
[build]   162 |     lexer& operator=(lexer&&) = default; // NOLINT(hicpp-noexcept-move,performance-noexcept-move-constructor)
[build]       |                           ^
[build] C:\Users\pperv\code\unnamed_rpg\vendor\json\include\nlohmann/detail/input/lexer.hpp(162,33): warning: defaulted function definitions are incompatible with C++98 [-Wc++98-compat]
[build]   162 |     lexer& operator=(lexer&&) = default; // NOLINT(hicpp-noexcept-move,performance-noexcept-move-constructor)
[build]       |                                 ^
[build] C:\Users\pperv\code\unnamed_rpg\vendor\json\include\nlohmann/detail/input/lexer.hpp(163,16): warning: defaulted function definitions are incompatible with C++98 [-Wc++98-compat]
[build]   163 |     ~lexer() = default;
[build]       |                ^
[build] C:\Users\pperv\code\unnamed_rpg\vendor\json\include\nlohmann/detail/input/lexer.hpp(173,5): warning: noexcept specifications are incompatible with C++98 [-Wc++98-compat]
[build]   173 |     {
[build]       |     ^
[build] C:\Users\pperv\code\unnamed_rpg\vendor\json\include\nlohmann/detail/input/lexer.hpp(946,5): warning: noexcept specifications are incompatible with C++98 [-Wc++98-compat]
[build]   946 |     {
[build]       |     ^
[build] C:\Users\pperv\code\unnamed_rpg\vendor\json\include\nlohmann/detail/input/lexer.hpp(952,5): warning: noexcept specifications are incompatible with C++98 [-Wc++98-compat]
[build]   952 |     {
[build]       |     ^
[build] C:\Users\pperv\code\unnamed_rpg\vendor\json\include\nlohmann/detail/input/lexer.hpp(958,5): warning: noexcept specifications are incompatible with C++98 [-Wc++98-compat]
[build]   958 |     {
[build]       |     ^
[build] C:\Users\pperv\code\unnamed_rpg\vendor\json\include\nlohmann/detail/input/lexer.hpp(1356,5): warning: noexcept specifications are incompatible with C++98 [-Wc++98-compat]
[build]  1356 |     {
[build]       |     ^
[build] C:\Users\pperv\code\unnamed_rpg\vendor\json\include\nlohmann/detail/input/lexer.hpp(1372,5): warning: noexcept specifications are incompatible with C++98 [-Wc++98-compat]
[build]  1372 |     {
[build]       |     ^
[build] C:\Users\pperv\code\unnamed_rpg\vendor\json\include\nlohmann/detail/input/lexer.hpp(1379,5): warning: noexcept specifications are incompatible with C++98 [-Wc++98-compat]
[build]  1379 |     {
[build]       |     ^
[build] C:\Users\pperv\code\unnamed_rpg\vendor\json\include\nlohmann/detail/input/lexer.hpp(1423,63): warning: noexcept specifications are incompatible with C++98 [-Wc++98-compat]
[build]  1423 |     void capture_char(std::true_type /*lazy*/) const noexcept {}
[build]       |                                                               ^
[build] C:\Users\pperv\code\unnamed_rpg\vendor\json\include\nlohmann/detail/input/lexer.hpp(1465,65): warning: noexcept specifications are incompatible with C++98 [-Wc++98-compat]
[build]  1465 |     void uncapture_char(std::true_type /*lazy*/) const noexcept {}
[build]       |                                                                 ^
[build] C:\Users\pperv\code\unnamed_rpg\vendor\json\include\nlohmann/detail/input/lexer.hpp(1489,5): warning: 'constexpr' specifier is incompatible with C++98 [-Wc++98-compat]
[build]  1489 |     constexpr number_integer_t get_number_integer() const noexcept
[build]       |     ^
[build] C:\Users\pperv\code\unnamed_rpg\vendor\json\include\nlohmann/detail/input/lexer.hpp(1490,5): warning: noexcept specifications are incompatible with C++98 [-Wc++98-compat]
[build]  1490 |     {
[build]       |     ^
[build] C:\Users\pperv\code\unnamed_rpg\vendor\json\include\nlohmann/detail/input/lexer.hpp(1495,5): warning: 'constexpr' specifier is incompatible with C++98 [-Wc++98-compat]
[build]  1495 |     constexpr number_unsigned_t get_number_unsigned() const noexcept
[build]       |     ^
[build] C:\Users\pperv\code\unnamed_rpg\vendor\json\include\nlohmann/detail/input/lexer.hpp(1496,5): warning: noexcept specifications are incompatible with C++98 [-Wc++98-compat]
[build]  1496 |     {
[build]       |     ^
[build] C:\Users\pperv\code\unnamed_rpg\vendor\json\include\nlohmann/detail/input/lexer.hpp(1501,5): warning: 'constexpr' specifier is incompatible with C++98 [-Wc++98-compat]
[build]  1501 |     constexpr number_float_t get_number_float() const noexcept
[build]       |     ^
[build] C:\Users\pperv\code\unnamed_rpg\vendor\json\include\nlohmann/detail/input/lexer.hpp(1502,5): warning: noexcept specifications are incompatible with C++98 [-Wc++98-compat]
[build]  1502 |     {
[build]       |     ^
[build] C:\Users\pperv\code\unnamed_rpg\vendor\json\include\nlohmann/detail/input/lexer.hpp(1522,5): warning: 'constexpr' specifier is incompatible with C++98 [-Wc++98-compat]
[build]  1522 |     constexpr position_t get_position() const noexcept
[build]       |     ^
[build] C:\Users\pperv\code\unnamed_rpg\vendor\json\include\nlohmann/detail/input/lexer.hpp(1523,5): warning: noexcept specifications are incompatible with C++98 [-Wc++98-compat]
[build]  1523 |     {
[build]       |     ^
[build] C:\Users\pperv\code\unnamed_rpg\vendor\json\include\nlohmann/detail/input/lexer.hpp(1588,5): warning: 'constexpr' specifier is incompatible with C++98 [-Wc++98-compat]
[build]  1588 |     constexpr const char* get_error_message() const noexcept
[build]       |     ^
[build] C:\Users\pperv\code\unnamed_rpg\vendor\json\include\nlohmann/detail/input/lexer.hpp(1589,5): warning: noexcept specifications are incompatible with C++98 [-Wc++98-compat]
[build]  1589 |     {
[build]       |     ^
[build] C:\Users\pperv\code\unnamed_rpg\vendor\json\include\nlohmann/detail/input/lexer.hpp(1717,32): warning: default member initializer for non-static data members is incompatible with C++98 [-Wc++98-compat]
[build]  1717 |     const bool ignore_comments = false;
[build]       |                                ^
[build] C:\Users\pperv\code\unnamed_rpg\vendor\json\include\nlohmann/detail/input/lexer.hpp(1720,27): warning: default member initializer for non-static data members is incompatible with C++98 [-Wc++98-compat]
[build]  1720 |     char_int_type current = char_traits<char_type>::eof();
[build]       |                           ^
[build] C:\Users\pperv\code\unnamed_rpg\vendor\json\include\nlohmann/detail/input/lexer.hpp(1723,21): warning: default member initializer for non-static data members is incompatible with C++98 [-Wc++98-compat]
[build]  1723 |     bool next_unget = false;
[build]       |                     ^
[build] C:\Users\pperv\code\unnamed_rpg\vendor\json\include\nlohmann/detail/input/lexer.hpp(1726,25): warning: default member initializer for non-static data members is incompatible with C++98 [-Wc++98-compat]
[build]  1726 |     position_t position {};
[build]       |                         ^
[build] C:\Users\pperv\code\unnamed_rpg\vendor\json\include\nlohmann/detail/input/lexer.hpp(1730,41): warning: default member initializer for non-static data members is incompatible with C++98 [-Wc++98-compat]
[build]  1730 |     std::vector<char_type> token_string {};
[build]       |                                         ^
[build] C:\Users\pperv\code\unnamed_rpg\vendor\json\include\nlohmann/detail/input/lexer.hpp(1734,36): warning: default member initializer for non-static data members is incompatible with C++98 [-Wc++98-compat]
[build]  1734 |     std::size_t token_string_start = 0;
[build]       |                                    ^
[build] C:\Users\pperv\code\unnamed_rpg\vendor\json\include\nlohmann/detail/input/lexer.hpp(1743,27): warning: default member initializer for non-static data members is incompatible with C++98 [-Wc++98-compat]
[build]  1743 |     string_t token_buffer {};
[build]       |                           ^
[build] C:\Users\pperv\code\unnamed_rpg\vendor\json\include\nlohmann/detail/input/lexer.hpp(1746,31): warning: default member initializer for non-static data members is incompatible with C++98 [-Wc++98-compat]
[build]  1746 |     const char* error_message = "";
[build]       |                               ^
[build] C:\Users\pperv\code\unnamed_rpg\vendor\json\include\nlohmann/detail/input/lexer.hpp(1749,36): warning: default member initializer for non-static data members is incompatible with C++98 [-Wc++98-compat]
[build]  1749 |     number_integer_t value_integer = 0;
[build]       |                                    ^
[build] C:\Users\pperv\code\unnamed_rpg\vendor\json\include\nlohmann/detail/input/lexer.hpp(1750,38): warning: default member initializer for non-static data members is incompatible with C++98 [-Wc++98-compat]
[build]  1750 |     number_unsigned_t value_unsigned = 0;
[build]       |                                      ^
[build] C:\Users\pperv\code\unnamed_rpg\vendor\json\include\nlohmann/detail/input/lexer.hpp(1751,32): warning: default member initializer for non-static data members is incompatible with C++98 [-Wc++98-compat]
[build]  1751 |     number_float_t value_float = 0;
[build]       |                                ^
[build] C:\Users\pperv\code\unnamed_rpg\vendor\json\include\nlohmann/detail/input/lexer.hpp(1754,44): warning: default member initializer for non-static data members is incompatible with C++98 [-Wc++98-compat]
[build]  1754 |     const char_int_type decimal_point_char = '.';
[build]       |                                            ^
[build] C:\Users\pperv\code\unnamed_rpg\vendor\json\include\nlohmann/detail/input/lexer.hpp(1756,40): warning: default member initializer for non-static data members is incompatible with C++98 [-Wc++98-compat]
[build]  1756 |     std::size_t decimal_point_position = std::string::npos;
[build]       |                                        ^
[build] In file included from C:\Users\pperv\code\unnamed_rpg\vendor\json-schema-validator\src\string-format-check.cpp:1:
[build] In file included from C:\Users\pperv\code\unnamed_rpg\vendor\json-schema-validator\src\nlohmann/json-schema.hpp:24:
[build] In file included from C:\Users\pperv\code\unnamed_rpg\vendor\json\include\nlohmann/json.hpp:50:
[build] In file included from C:\Users\pperv\code\unnamed_rpg\vendor\json\include\nlohmann/detail/input/binary_reader.hpp:29:
[build] C:\Users\pperv\code\unnamed_rpg\vendor\json\include\nlohmann/detail/input/json_sax.hpp(21,1): warning: empty macro arguments are incompatible with C++98 [-Wc++98-compat-pedantic]
[build]    21 | NLOHMANN_JSON_NAMESPACE_BEGIN
[build]       | ^
[build] C:\Users\pperv\code\unnamed_rpg\vendor\json\include\nlohmann/detail/abi_macros.hpp(102,17): note: expanded from macro 'NLOHMANN_JSON_NAMESPACE_BEGIN'
[build]   102 |                 NLOHMANN_JSON_ABI_TAGS,              \
[build]       |                 ^
[build] C:\Users\pperv\code\unnamed_rpg\vendor\json\include\nlohmann/detail/abi_macros.hpp(65,5): note: expanded from macro 'NLOHMANN_JSON_ABI_TAGS'
[build]    65 |     NLOHMANN_JSON_ABI_TAGS_CONCAT(                                   \
[build]       |     ^
[build] C:\Users\pperv\code\unnamed_rpg\vendor\json\include\nlohmann/detail/abi_macros.hpp(62,39): note: expanded from macro 'NLOHMANN_JSON_ABI_TAGS_CONCAT'
[build]    62 |     NLOHMANN_JSON_ABI_TAGS_CONCAT_EX(a, b, c)
[build]       |                                       ^
[build] In file included from C:\Users\pperv\code\unnamed_rpg\vendor\json-schema-validator\src\string-format-check.cpp:1:
[build] In file included from C:\Users\pperv\code\unnamed_rpg\vendor\json-schema-validator\src\nlohmann/json-schema.hpp:24:
[build] In file included from C:\Users\pperv\code\unnamed_rpg\vendor\json\include\nlohmann/json.hpp:50:
[build] In file included from C:\Users\pperv\code\unnamed_rpg\vendor\json\include\nlohmann/detail/input/binary_reader.hpp:29:
[build] C:\Users\pperv\code\unnamed_rpg\vendor\json\include\nlohmann/detail/input/json_sax.hpp(21,1): warning: empty macro arguments are incompatible with C++98 [-Wc++98-compat-pedantic]
[build] C:\Users\pperv\code\unnamed_rpg\vendor\json\include\nlohmann/detail/abi_macros.hpp(102,17): note: expanded from macro 'NLOHMANN_JSON_NAMESPACE_BEGIN'
[build]   102 |                 NLOHMANN_JSON_ABI_TAGS,              \
[build]       |                 ^
[build] C:\Users\pperv\code\unnamed_rpg\vendor\json\include\nlohmann/detail/abi_macros.hpp(65,5): note: expanded from macro 'NLOHMANN_JSON_ABI_TAGS'
[build]    65 |     NLOHMANN_JSON_ABI_TAGS_CONCAT(                                   \
[build]       |     ^
[build] C:\Users\pperv\code\unnamed_rpg\vendor\json\include\nlohmann/detail/abi_macros.hpp(62,42): note: expanded from macro 'NLOHMANN_JSON_ABI_TAGS_CONCAT'
[build]    62 |     NLOHMANN_JSON_ABI_TAGS_CONCAT_EX(a, b, c)
[build]       |                                          ^
[build] In file included from C:\Users\pperv\code\unnamed_rpg\vendor\json-schema-validator\src\string-format-check.cpp:1:
[build] In file included from C:\Users\pperv\code\unnamed_rpg\vendor\json-schema-validator\src\nlohmann/json-schema.hpp:24:
[build] In file included from C:\Users\pperv\code\unnamed_rpg\vendor\json\include\nlohmann/json.hpp:50:
[build] In file included from C:\Users\pperv\code\unnamed_rpg\vendor\json\include\nlohmann/detail/input/binary_reader.hpp:29:
[build] C:\Users\pperv\code\unnamed_rpg\vendor\json\include\nlohmann/detail/input/json_sax.hpp(21,1): warning: empty macro arguments are incompatible with C++98 [-Wc++98-compat-pedantic]
[build] C:\Users\pperv\code\unnamed_rpg\vendor\json\include\nlohmann/detail/abi_macros.hpp(102,17): note: expanded from macro 'NLOHMANN_JSON_NAMESPACE_BEGIN'
[build]   102 |                 NLOHMANN_JSON_ABI_TAGS,              \
[build]       |                 ^
[build] C:\Users\pperv\code\unnamed_rpg\vendor\json\include\nlohmann/detail/abi_macros.hpp(65,5): note: expanded from macro 'NLOHMANN_JSON_ABI_TAGS'
[build]    65 |     NLOHMANN_JSON_ABI_TAGS_CONCAT(                                   \
[build]       |     ^
[build] C:\Users\pperv\code\unnamed_rpg\vendor\json\include\nlohmann/detail/abi_macros.hpp(62,45): note: expanded from macro 'NLOHMANN_JSON_ABI_TAGS_CONCAT'
[build]    62 |     NLOHMANN_JSON_ABI_TAGS_CONCAT_EX(a, b, c)
[build]       |                                             ^
[build] In file included from C:\Users\pperv\code\unnamed_rpg\vendor\json-schema-validator\src\string-format-check.cpp:1:
[build] In file included from C:\Users\pperv\code\unnamed_rpg\vendor\json-schema-validator\src\nlohmann/json-schema.hpp:24:
[build] In file included from C:\Users\pperv\code\unnamed_rpg\vendor\json\include\nlohmann/json.hpp:50:
[build] In file included from C:\Users\pperv\code\unnamed_rpg\vendor\json\include\nlohmann/detail/input/binary_reader.hpp:29:
[build] C:\Users\pperv\code\unnamed_rpg\vendor\json\include\nlohmann/detail/input/json_sax.hpp(21,1): warning: inline namespaces are incompatible with C++98 [-Wc++98-compat]
[build] C:\Users\pperv\code\unnamed_rpg\vendor\json\include\nlohmann/detail/abi_macros.hpp(101,5): note: expanded from macro 'NLOHMANN_JSON_NAMESPACE_BEGIN'
[build]   101 |     inline namespace NLOHMANN_JSON_NAMESPACE_CONCAT( \
[build]       |     ^
[build] In file included from C:\Users\pperv\code\unnamed_rpg\vendor\json-schema-validator\src\string-format-check.cpp:1:
[build] In file included from C:\Users\pperv\code\unnamed_rpg\vendor\json-schema-validator\src\nlohmann/json-schema.hpp:24:
[build] In file included from C:\Users\pperv\code\unnamed_rpg\vendor\json\include\nlohmann/json.hpp:50:
[build] In file included from C:\Users\pperv\code\unnamed_rpg\vendor\json\include\nlohmann/detail/input/binary_reader.hpp:29:
[build] C:\Users\pperv\code\unnamed_rpg\vendor\json\include\nlohmann/detail/input/json_sax.hpp(34,30): warning: alias declarations are incompatible with C++98 [-Wc++98-compat]
[build]    34 |     using number_integer_t = typename BasicJsonType::number_integer_t;
[build]       |                              ^
[build] C:\Users\pperv\code\unnamed_rpg\vendor\json\include\nlohmann/detail/input/json_sax.hpp(35,31): warning: alias declarations are incompatible with C++98 [-Wc++98-compat]
[build]    35 |     using number_unsigned_t = typename BasicJsonType::number_unsigned_t;
[build]       |                               ^
[build] C:\Users\pperv\code\unnamed_rpg\vendor\json\include\nlohmann/detail/input/json_sax.hpp(36,28): warning: alias declarations are incompatible with C++98 [-Wc++98-compat]
[build]    36 |     using number_float_t = typename BasicJsonType::number_float_t;
[build]       |                            ^
[build] C:\Users\pperv\code\unnamed_rpg\vendor\json\include\nlohmann/detail/input/json_sax.hpp(37,22): warning: alias declarations are incompatible with C++98 [-Wc++98-compat]
[build]    37 |     using string_t = typename BasicJsonType::string_t;
[build]       |                      ^
[build] C:\Users\pperv\code\unnamed_rpg\vendor\json\include\nlohmann/detail/input/json_sax.hpp(38,22): warning: alias declarations are incompatible with C++98 [-Wc++98-compat]
[build]    38 |     using binary_t = typename BasicJsonType::binary_t;
[build]       |                      ^
[build] C:\Users\pperv\code\unnamed_rpg\vendor\json\include\nlohmann/detail/input/json_sax.hpp(138,18): warning: defaulted function definitions are incompatible with C++98 [-Wc++98-compat]
[build]   138 |     json_sax() = default;
[build]       |                  ^
[build] C:\Users\pperv\code\unnamed_rpg\vendor\json\include\nlohmann/detail/input/json_sax.hpp(139,33): warning: defaulted function definitions are incompatible with C++98 [-Wc++98-compat]
[build]   139 |     json_sax(const json_sax&) = default;
[build]       |                                 ^
[build] C:\Users\pperv\code\unnamed_rpg\vendor\json\include\nlohmann/detail/input/json_sax.hpp(140,22): warning: rvalue references are incompatible with C++98 [-Wc++98-compat]
[build]   140 |     json_sax(json_sax&&) noexcept = default;
[build]       |                      ^
[build] C:\Users\pperv\code\unnamed_rpg\vendor\json\include\nlohmann/detail/input/json_sax.hpp(140,35): warning: noexcept specifications are incompatible with C++98 [-Wc++98-compat]
[build]   140 |     json_sax(json_sax&&) noexcept = default;
[build]       |                                   ^
[build] C:\Users\pperv\code\unnamed_rpg\vendor\json\include\nlohmann/detail/input/json_sax.hpp(140,37): warning: defaulted function definitions are incompatible with C++98 [-Wc++98-compat]
[build]   140 |     json_sax(json_sax&&) noexcept = default;
[build]       |                                     ^
[build] C:\Users\pperv\code\unnamed_rpg\vendor\json\include\nlohmann/detail/input/json_sax.hpp(141,44): warning: defaulted function definitions are incompatible with C++98 [-Wc++98-compat]
[build]   141 |     json_sax& operator=(const json_sax&) = default;
[build]       |                                            ^
[build] C:\Users\pperv\code\unnamed_rpg\vendor\json\include\nlohmann/detail/input/json_sax.hpp(142,33): warning: rvalue references are incompatible with C++98 [-Wc++98-compat]
[build]   142 |     json_sax& operator=(json_sax&&) noexcept = default;
[build]       |                                 ^
[build] C:\Users\pperv\code\unnamed_rpg\vendor\json\include\nlohmann/detail/input/json_sax.hpp(142,46): warning: noexcept specifications are incompatible with C++98 [-Wc++98-compat]
[build]   142 |     json_sax& operator=(json_sax&&) noexcept = default;
[build]       |                                              ^
[build] C:\Users\pperv\code\unnamed_rpg\vendor\json\include\nlohmann/detail/input/json_sax.hpp(142,48): warning: defaulted function definitions are incompatible with C++98 [-Wc++98-compat]
[build]   142 |     json_sax& operator=(json_sax&&) noexcept = default;
[build]       |                                                ^
[build] C:\Users\pperv\code\unnamed_rpg\vendor\json\include\nlohmann/detail/input/json_sax.hpp(143,27): warning: defaulted function definitions are incompatible with C++98 [-Wc++98-compat]
[build]   143 |     virtual ~json_sax() = default;
[build]       |                           ^
[build] C:\Users\pperv\code\unnamed_rpg\vendor\json\include\nlohmann/detail/input/json_sax.hpp(148,1): warning: 'constexpr' specifier is incompatible with C++98 [-Wc++98-compat]
[build]   148 | constexpr std::size_t unknown_size()
[build]       | ^
[build] C:\Users\pperv\code\unnamed_rpg\vendor\json\include\nlohmann/detail/input/json_sax.hpp(170,30): warning: alias declarations are incompatible with C++98 [-Wc++98-compat]
[build]   170 |     using number_integer_t = typename BasicJsonType::number_integer_t;
[build]       |                              ^
[build] C:\Users\pperv\code\unnamed_rpg\vendor\json\include\nlohmann/detail/input/json_sax.hpp(171,31): warning: alias declarations are incompatible with C++98 [-Wc++98-compat]
[build]   171 |     using number_unsigned_t = typename BasicJsonType::number_unsigned_t;
[build]       |                               ^
[build] C:\Users\pperv\code\unnamed_rpg\vendor\json\include\nlohmann/detail/input/json_sax.hpp(172,28): warning: alias declarations are incompatible with C++98 [-Wc++98-compat]
[build]   172 |     using number_float_t = typename BasicJsonType::number_float_t;
[build]       |                            ^
[build] C:\Users\pperv\code\unnamed_rpg\vendor\json\include\nlohmann/detail/input/json_sax.hpp(173,22): warning: alias declarations are incompatible with C++98 [-Wc++98-compat]
[build]   173 |     using string_t = typename BasicJsonType::string_t;
[build]       |                      ^
[build] C:\Users\pperv\code\unnamed_rpg\vendor\json\include\nlohmann/detail/input/json_sax.hpp(174,22): warning: alias declarations are incompatible with C++98 [-Wc++98-compat]
[build]   174 |     using binary_t = typename BasicJsonType::binary_t;
[build]       |                      ^
[build] C:\Users\pperv\code\unnamed_rpg\vendor\json\include\nlohmann/detail/input/json_sax.hpp(175,21): warning: alias declarations are incompatible with C++98 [-Wc++98-compat]
[build]   175 |     using lexer_t = lexer<BasicJsonType, InputAdapterType>;
[build]       |                     ^
[build] C:\Users\pperv\code\unnamed_rpg\vendor\json\include\nlohmann/detail/input/json_sax.hpp(187,55): warning: deleted function definitions are incompatible with C++98 [-Wc++98-compat]
[build]   187 |     json_sax_dom_parser(const json_sax_dom_parser&) = delete;
[build]       |                                                       ^
[build] C:\Users\pperv\code\unnamed_rpg\vendor\json\include\nlohmann/detail/input/json_sax.hpp(188,44): warning: rvalue references are incompatible with C++98 [-Wc++98-compat]
[build]   188 |     json_sax_dom_parser(json_sax_dom_parser&&) = default; // NOLINT(hicpp-noexcept-move,performance-noexcept-move-constructor)
[build]       |                                            ^
[build] C:\Users\pperv\code\unnamed_rpg\vendor\json\include\nlohmann/detail/input/json_sax.hpp(188,50): warning: defaulted function definitions are incompatible with C++98 [-Wc++98-compat]
[build]   188 |     json_sax_dom_parser(json_sax_dom_parser&&) = default; // NOLINT(hicpp-noexcept-move,performance-noexcept-move-constructor)
[build]       |                                                  ^
[build] C:\Users\pperv\code\unnamed_rpg\vendor\json\include\nlohmann/detail/input/json_sax.hpp(189,66): warning: deleted function definitions are incompatible with C++98 [-Wc++98-compat]
[build]   189 |     json_sax_dom_parser& operator=(const json_sax_dom_parser&) = delete;
[build]       |                                                                  ^
[build] C:\Users\pperv\code\unnamed_rpg\vendor\json\include\nlohmann/detail/input/json_sax.hpp(190,55): warning: rvalue references are incompatible with C++98 [-Wc++98-compat]
[build]   190 |     json_sax_dom_parser& operator=(json_sax_dom_parser&&) = default; // NOLINT(hicpp-noexcept-move,performance-noexcept-move-constructor)
[build]       |                                                       ^
[build] C:\Users\pperv\code\unnamed_rpg\vendor\json\include\nlohmann/detail/input/json_sax.hpp(190,61): warning: defaulted function definitions are incompatible with C++98 [-Wc++98-compat]
[build]   190 |     json_sax_dom_parser& operator=(json_sax_dom_parser&&) = default; // NOLINT(hicpp-noexcept-move,performance-noexcept-move-constructor)
[build]       |                                                             ^
[build] C:\Users\pperv\code\unnamed_rpg\vendor\json\include\nlohmann/detail/input/json_sax.hpp(191,30): warning: defaulted function definitions are incompatible with C++98 [-Wc++98-compat]
[build]   191 |     ~json_sax_dom_parser() = default;
[build]       |                              ^
[build] C:\Users\pperv\code\unnamed_rpg\vendor\json\include\nlohmann/detail/input/json_sax.hpp(338,5): warning: 'constexpr' specifier is incompatible with C++98 [-Wc++98-compat]
[build]   338 |     constexpr bool is_errored() const
[build]       |     ^
[build] C:\Users\pperv\code\unnamed_rpg\vendor\json\include\nlohmann/detail/input/json_sax.hpp(423,38): warning: rvalue references are incompatible with C++98 [-Wc++98-compat]
[build]   423 |     BasicJsonType* handle_value(Value&& v)
[build]       |                                      ^
[build] C:\Users\pperv\code\unnamed_rpg\vendor\json\include\nlohmann/detail/input/json_sax.hpp(463,43): warning: default member initializer for non-static data members is incompatible with C++98 [-Wc++98-compat]
[build]   463 |     std::vector<BasicJsonType*> ref_stack {};
[build]       |                                           ^
[build] C:\Users\pperv\code\unnamed_rpg\vendor\json\include\nlohmann/detail/input/json_sax.hpp(465,35): warning: default member initializer for non-static data members is incompatible with C++98 [-Wc++98-compat]
[build]   465 |     BasicJsonType* object_element = nullptr;
[build]       |                                   ^
[build] C:\Users\pperv\code\unnamed_rpg\vendor\json\include\nlohmann/detail/input/json_sax.hpp(467,18): warning: default member initializer for non-static data members is incompatible with C++98 [-Wc++98-compat]
[build]   467 |     bool errored = false;
[build]       |                  ^
[build] C:\Users\pperv\code\unnamed_rpg\vendor\json\include\nlohmann/detail/input/json_sax.hpp(469,33): warning: default member initializer for non-static data members is incompatible with C++98 [-Wc++98-compat]
[build]   469 |     const bool allow_exceptions = true;
[build]       |                                 ^
[build] C:\Users\pperv\code\unnamed_rpg\vendor\json\include\nlohmann/detail/input/json_sax.hpp(471,26): warning: default member initializer for non-static data members is incompatible with C++98 [-Wc++98-compat]
[build]   471 |     lexer_t* m_lexer_ref = nullptr;
[build]       |                          ^
[build] C:\Users\pperv\code\unnamed_rpg\vendor\json\include\nlohmann/detail/input/json_sax.hpp(182,107): warning: 'nullptr' is incompatible with C++98 [-Wc++98-compat]
[build]   182 |     explicit json_sax_dom_parser(BasicJsonType& r, const bool allow_exceptions_ = true, lexer_t* lexer_ = nullptr)
[build]       |                                                                                                           ^
[build] C:\Users\pperv\code\unnamed_rpg\vendor\json\include\nlohmann/detail/input/json_sax.hpp(465,37): warning: 'nullptr' is incompatible with C++98 [-Wc++98-compat]
[build]   465 |     BasicJsonType* object_element = nullptr;
[build]       |                                     ^
[build] C:\Users\pperv\code\unnamed_rpg\vendor\json\include\nlohmann/detail/input/json_sax.hpp(471,28): warning: 'nullptr' is incompatible with C++98 [-Wc++98-compat]
[build]   471 |     lexer_t* m_lexer_ref = nullptr;
[build]       |                            ^
[build] C:\Users\pperv\code\unnamed_rpg\vendor\json\include\nlohmann/detail/input/json_sax.hpp(478,30): warning: alias declarations are incompatible with C++98 [-Wc++98-compat]
[build]   478 |     using number_integer_t = typename BasicJsonType::number_integer_t;
[build]       |                              ^
[build] C:\Users\pperv\code\unnamed_rpg\vendor\json\include\nlohmann/detail/input/json_sax.hpp(479,31): warning: alias declarations are incompatible with C++98 [-Wc++98-compat]
[build]   479 |     using number_unsigned_t = typename BasicJsonType::number_unsigned_t;
[build]       |                               ^
[build] C:\Users\pperv\code\unnamed_rpg\vendor\json\include\nlohmann/detail/input/json_sax.hpp(480,28): warning: alias declarations are incompatible with C++98 [-Wc++98-compat]
[build]   480 |     using number_float_t = typename BasicJsonType::number_float_t;
[build]       |                            ^
[build] C:\Users\pperv\code\unnamed_rpg\vendor\json\include\nlohmann/detail/input/json_sax.hpp(481,22): warning: alias declarations are incompatible with C++98 [-Wc++98-compat]
[build]   481 |     using string_t = typename BasicJsonType::string_t;
[build]       |                      ^
[build] C:\Users\pperv\code\unnamed_rpg\vendor\json\include\nlohmann/detail/input/json_sax.hpp(482,22): warning: alias declarations are incompatible with C++98 [-Wc++98-compat]
[build]   482 |     using binary_t = typename BasicJsonType::binary_t;
[build]       |                      ^
[build] C:\Users\pperv\code\unnamed_rpg\vendor\json\include\nlohmann/detail/input/json_sax.hpp(483,31): warning: alias declarations are incompatible with C++98 [-Wc++98-compat]
[build]   483 |     using parser_callback_t = typename BasicJsonType::parser_callback_t;
[build]       |                               ^
[build] C:\Users\pperv\code\unnamed_rpg\vendor\json\include\nlohmann/detail/input/json_sax.hpp(484,27): warning: alias declarations are incompatible with C++98 [-Wc++98-compat]
[build]   484 |     using parse_event_t = typename BasicJsonType::parse_event_t;
[build]       |                           ^
[build] C:\Users\pperv\code\unnamed_rpg\vendor\json\include\nlohmann/detail/input/json_sax.hpp(485,21): warning: alias declarations are incompatible with C++98 [-Wc++98-compat]
[build]   485 |     using lexer_t = lexer<BasicJsonType, InputAdapterType>;
[build]       |                     ^
[build] C:\Users\pperv\code\unnamed_rpg\vendor\json\include\nlohmann/detail/input/json_sax.hpp(497,73): warning: deleted function definitions are incompatible with C++98 [-Wc++98-compat]
[build]   497 |     json_sax_dom_callback_parser(const json_sax_dom_callback_parser&) = delete;
[build]       |                                                                         ^
[build] C:\Users\pperv\code\unnamed_rpg\vendor\json\include\nlohmann/detail/input/json_sax.hpp(498,62): warning: rvalue references are incompatible with C++98 [-Wc++98-compat]
[build]   498 |     json_sax_dom_callback_parser(json_sax_dom_callback_parser&&) = default; // NOLINT(hicpp-noexcept-move,performance-noexcept-move-constructor)
[build]       |                                                              ^
[build] C:\Users\pperv\code\unnamed_rpg\vendor\json\include\nlohmann/detail/input/json_sax.hpp(498,68): warning: defaulted function definitions are incompatible with C++98 [-Wc++98-compat]
[build]   498 |     json_sax_dom_callback_parser(json_sax_dom_callback_parser&&) = default; // NOLINT(hicpp-noexcept-move,performance-noexcept-move-constructor)
[build]       |                                                                    ^
[build] C:\Users\pperv\code\unnamed_rpg\vendor\json\include\nlohmann/detail/input/json_sax.hpp(499,84): warning: deleted function definitions are incompatible with C++98 [-Wc++98-compat]
[build]   499 |     json_sax_dom_callback_parser& operator=(const json_sax_dom_callback_parser&) = delete;
[build]       |                                                                                    ^
[build] C:\Users\pperv\code\unnamed_rpg\vendor\json\include\nlohmann/detail/input/json_sax.hpp(500,73): warning: rvalue references are incompatible with C++98 [-Wc++98-compat]
[build]   500 |     json_sax_dom_callback_parser& operator=(json_sax_dom_callback_parser&&) = default; // NOLINT(hicpp-noexcept-move,performance-noexcept-move-constructor)
[build]       |                                                                         ^
[build] C:\Users\pperv\code\unnamed_rpg\vendor\json\include\nlohmann/detail/input/json_sax.hpp(500,79): warning: defaulted function definitions are incompatible with C++98 [-Wc++98-compat]
[build]   500 |     json_sax_dom_callback_parser& operator=(json_sax_dom_callback_parser&&) = default; // NOLINT(hicpp-noexcept-move,performance-noexcept-move-constructor)
[build]       |                                                                               ^
[build] C:\Users\pperv\code\unnamed_rpg\vendor\json\include\nlohmann/detail/input/json_sax.hpp(501,39): warning: defaulted function definitions are incompatible with C++98 [-Wc++98-compat]
[build]   501 |     ~json_sax_dom_callback_parser() = default;
[build]       |                                       ^
[build] C:\Users\pperv\code\unnamed_rpg\vendor\json\include\nlohmann/detail/input/json_sax.hpp(739,5): warning: 'constexpr' specifier is incompatible with C++98 [-Wc++98-compat]
[build]   739 |     constexpr bool is_errored() const
[build]       |     ^
[build] C:\Users\pperv\code\unnamed_rpg\vendor\json\include\nlohmann/detail/input/json_sax.hpp(841,55): warning: rvalue references are incompatible with C++98 [-Wc++98-compat]
[build]   841 |     std::pair<bool, BasicJsonType*> handle_value(Value&& v, const bool skip_callback = false)
[build]       |                                                       ^
[build] C:\Users\pperv\code\unnamed_rpg\vendor\json\include\nlohmann/detail/input/json_sax.hpp(923,43): warning: default member initializer for non-static data members is incompatible with C++98 [-Wc++98-compat]
[build]   923 |     std::vector<BasicJsonType*> ref_stack {};
[build]       |                                           ^
[build] C:\Users\pperv\code\unnamed_rpg\vendor\json\include\nlohmann/detail/input/json_sax.hpp(925,34): warning: default member initializer for non-static data members is incompatible with C++98 [-Wc++98-compat]
[build]   925 |     std::vector<bool> keep_stack {}; // NOLINT(readability-redundant-member-init)
[build]       |                                  ^
[build] C:\Users\pperv\code\unnamed_rpg\vendor\json\include\nlohmann/detail/input/json_sax.hpp(927,38): warning: default member initializer for non-static data members is incompatible with C++98 [-Wc++98-compat]
[build]   927 |     std::vector<bool> key_keep_stack {}; // NOLINT(readability-redundant-member-init)
[build]       |                                      ^
[build] C:\Users\pperv\code\unnamed_rpg\vendor\json\include\nlohmann/detail/input/json_sax.hpp(929,35): warning: default member initializer for non-static data members is incompatible with C++98 [-Wc++98-compat]
[build]   929 |     BasicJsonType* object_element = nullptr;
[build]       |                                   ^
[build] C:\Users\pperv\code\unnamed_rpg\vendor\json\include\nlohmann/detail/input/json_sax.hpp(931,18): warning: default member initializer for non-static data members is incompatible with C++98 [-Wc++98-compat]
[build]   931 |     bool errored = false;
[build]       |                  ^
[build] C:\Users\pperv\code\unnamed_rpg\vendor\json\include\nlohmann/detail/input/json_sax.hpp(933,38): warning: default member initializer for non-static data members is incompatible with C++98 [-Wc++98-compat]
[build]   933 |     const parser_callback_t callback = nullptr;
[build]       |                                      ^
[build] C:\Users\pperv\code\unnamed_rpg\vendor\json\include\nlohmann/detail/input/json_sax.hpp(935,33): warning: default member initializer for non-static data members is incompatible with C++98 [-Wc++98-compat]
[build]   935 |     const bool allow_exceptions = true;
[build]       |                                 ^
[build] C:\Users\pperv\code\unnamed_rpg\vendor\json\include\nlohmann/detail/input/json_sax.hpp(937,29): warning: default member initializer for non-static data members is incompatible with C++98 [-Wc++98-compat]
[build]   937 |     BasicJsonType discarded = BasicJsonType::value_t::discarded;
[build]       |                             ^
[build] C:\Users\pperv\code\unnamed_rpg\vendor\json\include\nlohmann/detail/input/json_sax.hpp(939,26): warning: default member initializer for non-static data members is incompatible with C++98 [-Wc++98-compat]
[build]   939 |     lexer_t* m_lexer_ref = nullptr;
[build]       |                          ^
[build] C:\Users\pperv\code\unnamed_rpg\vendor\json\include\nlohmann/detail/input/json_sax.hpp(490,52): warning: 'nullptr' is incompatible with C++98 [-Wc++98-compat]
[build]   490 |                                  lexer_t* lexer_ = nullptr)
[build]       |                                                    ^
[build] C:\Users\pperv\code\unnamed_rpg\vendor\json\include\nlohmann/detail/input/json_sax.hpp(925,34): warning: constructor call from initializer list is incompatible with C++98 [-Wc++98-compat]
[build]   925 |     std::vector<bool> keep_stack {}; // NOLINT(readability-redundant-member-init)
[build]       |                                  ^~
[build] C:\Users\pperv\code\unnamed_rpg\vendor\json\include\nlohmann/detail/input/json_sax.hpp(927,38): warning: constructor call from initializer list is incompatible with C++98 [-Wc++98-compat]
[build]   927 |     std::vector<bool> key_keep_stack {}; // NOLINT(readability-redundant-member-init)
[build]       |                                      ^~
[build] C:\Users\pperv\code\unnamed_rpg\vendor\json\include\nlohmann/detail/input/json_sax.hpp(929,37): warning: 'nullptr' is incompatible with C++98 [-Wc++98-compat]
[build]   929 |     BasicJsonType* object_element = nullptr;
[build]       |                                     ^
[build] C:\Users\pperv\code\unnamed_rpg\vendor\json\include\nlohmann/detail/input/json_sax.hpp(933,40): warning: 'nullptr' is incompatible with C++98 [-Wc++98-compat]
[build]   933 |     const parser_callback_t callback = nullptr;
[build]       |                                        ^
[build] C:\Users\pperv\code\unnamed_rpg\vendor\json\include\nlohmann/detail/input/json_sax.hpp(939,28): warning: 'nullptr' is incompatible with C++98 [-Wc++98-compat]
[build]   939 |     lexer_t* m_lexer_ref = nullptr;
[build]       |                            ^
[build] C:\Users\pperv\code\unnamed_rpg\vendor\json\include\nlohmann/detail/input/json_sax.hpp(946,30): warning: alias declarations are incompatible with C++98 [-Wc++98-compat]
[build]   946 |     using number_integer_t = typename BasicJsonType::number_integer_t;
[build]       |                              ^
[build] C:\Users\pperv\code\unnamed_rpg\vendor\json\include\nlohmann/detail/input/json_sax.hpp(947,31): warning: alias declarations are incompatible with C++98 [-Wc++98-compat]
[build]   947 |     using number_unsigned_t = typename BasicJsonType::number_unsigned_t;
[build]       |                               ^
[build] C:\Users\pperv\code\unnamed_rpg\vendor\json\include\nlohmann/detail/input/json_sax.hpp(948,28): warning: alias declarations are incompatible with C++98 [-Wc++98-compat]
[build]   948 |     using number_float_t = typename BasicJsonType::number_float_t;
[build]       |                            ^
[build] C:\Users\pperv\code\unnamed_rpg\vendor\json\include\nlohmann/detail/input/json_sax.hpp(949,22): warning: alias declarations are incompatible with C++98 [-Wc++98-compat]
[build]   949 |     using string_t = typename BasicJsonType::string_t;
[build]       |                      ^
[build] C:\Users\pperv\code\unnamed_rpg\vendor\json\include\nlohmann/detail/input/json_sax.hpp(950,22): warning: alias declarations are incompatible with C++98 [-Wc++98-compat]
[build]   950 |     using binary_t = typename BasicJsonType::binary_t;
[build]       |                      ^
[build] In file included from C:\Users\pperv\code\unnamed_rpg\vendor\json-schema-validator\src\string-format-check.cpp:1:
[build] In file included from C:\Users\pperv\code\unnamed_rpg\vendor\json-schema-validator\src\nlohmann/json-schema.hpp:24:
[build] In file included from C:\Users\pperv\code\unnamed_rpg\vendor\json\include\nlohmann/json.hpp:50:
[build] In file included from C:\Users\pperv\code\unnamed_rpg\vendor\json\include\nlohmann/detail/input/binary_reader.hpp:32:
[build] C:\Users\pperv\code\unnamed_rpg\vendor\json\include\nlohmann/detail/meta/is_sax.hpp(19,1): warning: empty macro arguments are incompatible with C++98 [-Wc++98-compat-pedantic]
[build]    19 | NLOHMANN_JSON_NAMESPACE_BEGIN
[build]       | ^
[build] C:\Users\pperv\code\unnamed_rpg\vendor\json\include\nlohmann/detail/abi_macros.hpp(102,17): note: expanded from macro 'NLOHMANN_JSON_NAMESPACE_BEGIN'
[build]   102 |                 NLOHMANN_JSON_ABI_TAGS,              \
[build]       |                 ^
[build] C:\Users\pperv\code\unnamed_rpg\vendor\json\include\nlohmann/detail/abi_macros.hpp(65,5): note: expanded from macro 'NLOHMANN_JSON_ABI_TAGS'
[build]    65 |     NLOHMANN_JSON_ABI_TAGS_CONCAT(                                   \
[build]       |     ^
[build] C:\Users\pperv\code\unnamed_rpg\vendor\json\include\nlohmann/detail/abi_macros.hpp(62,39): note: expanded from macro 'NLOHMANN_JSON_ABI_TAGS_CONCAT'
[build]    62 |     NLOHMANN_JSON_ABI_TAGS_CONCAT_EX(a, b, c)
[build]       |                                       ^
[build] In file included from C:\Users\pperv\code\unnamed_rpg\vendor\json-schema-validator\src\string-format-check.cpp:1:
[build] In file included from C:\Users\pperv\code\unnamed_rpg\vendor\json-schema-validator\src\nlohmann/json-schema.hpp:24:
[build] In file included from C:\Users\pperv\code\unnamed_rpg\vendor\json\include\nlohmann/json.hpp:50:
[build] In file included from C:\Users\pperv\code\unnamed_rpg\vendor\json\include\nlohmann/detail/input/binary_reader.hpp:32:
[build] C:\Users\pperv\code\unnamed_rpg\vendor\json\include\nlohmann/detail/meta/is_sax.hpp(19,1): warning: empty macro arguments are incompatible with C++98 [-Wc++98-compat-pedantic]
[build] C:\Users\pperv\code\unnamed_rpg\vendor\json\include\nlohmann/detail/abi_macros.hpp(102,17): note: expanded from macro 'NLOHMANN_JSON_NAMESPACE_BEGIN'
[build]   102 |                 NLOHMANN_JSON_ABI_TAGS,              \
[build]       |                 ^
[build] C:\Users\pperv\code\unnamed_rpg\vendor\json\include\nlohmann/detail/abi_macros.hpp(65,5): note: expanded from macro 'NLOHMANN_JSON_ABI_TAGS'
[build]    65 |     NLOHMANN_JSON_ABI_TAGS_CONCAT(                                   \
[build]       |     ^
[build] C:\Users\pperv\code\unnamed_rpg\vendor\json\include\nlohmann/detail/abi_macros.hpp(62,42): note: expanded from macro 'NLOHMANN_JSON_ABI_TAGS_CONCAT'
[build]    62 |     NLOHMANN_JSON_ABI_TAGS_CONCAT_EX(a, b, c)
[build]       |                                          ^
[build] In file included from C:\Users\pperv\code\unnamed_rpg\vendor\json-schema-validator\src\string-format-check.cpp:1:
[build] In file included from C:\Users\pperv\code\unnamed_rpg\vendor\json-schema-validator\src\nlohmann/json-schema.hpp:24:
[build] In file included from C:\Users\pperv\code\unnamed_rpg\vendor\json\include\nlohmann/json.hpp:50:
[build] In file included from C:\Users\pperv\code\unnamed_rpg\vendor\json\include\nlohmann/detail/input/binary_reader.hpp:32:
[build] C:\Users\pperv\code\unnamed_rpg\vendor\json\include\nlohmann/detail/meta/is_sax.hpp(19,1): warning: empty macro arguments are incompatible with C++98 [-Wc++98-compat-pedantic]
[build] C:\Users\pperv\code\unnamed_rpg\vendor\json\include\nlohmann/detail/abi_macros.hpp(102,17): note: expanded from macro 'NLOHMANN_JSON_NAMESPACE_BEGIN'
[build]   102 |                 NLOHMANN_JSON_ABI_TAGS,              \
[build]       |                 ^
[build] C:\Users\pperv\code\unnamed_rpg\vendor\json\include\nlohmann/detail/abi_macros.hpp(65,5): note: expanded from macro 'NLOHMANN_JSON_ABI_TAGS'
[build]    65 |     NLOHMANN_JSON_ABI_TAGS_CONCAT(                                   \
[build]       |     ^
[build] C:\Users\pperv\code\unnamed_rpg\vendor\json\include\nlohmann/detail/abi_macros.hpp(62,45): note: expanded from macro 'NLOHMANN_JSON_ABI_TAGS_CONCAT'
[build]    62 |     NLOHMANN_JSON_ABI_TAGS_CONCAT_EX(a, b, c)
[build]       |                                             ^
[build] In file included from C:\Users\pperv\code\unnamed_rpg\vendor\json-schema-validator\src\string-format-check.cpp:1:
[build] In file included from C:\Users\pperv\code\unnamed_rpg\vendor\json-schema-validator\src\nlohmann/json-schema.hpp:24:
[build] In file included from C:\Users\pperv\code\unnamed_rpg\vendor\json\include\nlohmann/json.hpp:50:
[build] In file included from C:\Users\pperv\code\unnamed_rpg\vendor\json\include\nlohmann/detail/input/binary_reader.hpp:32:
[build] C:\Users\pperv\code\unnamed_rpg\vendor\json\include\nlohmann/detail/meta/is_sax.hpp(19,1): warning: inline namespaces are incompatible with C++98 [-Wc++98-compat]
[build] C:\Users\pperv\code\unnamed_rpg\vendor\json\include\nlohmann/detail/abi_macros.hpp(101,5): note: expanded from macro 'NLOHMANN_JSON_NAMESPACE_BEGIN'
[build]   101 |     inline namespace NLOHMANN_JSON_NAMESPACE_CONCAT( \
[build]       |     ^
[build] In file included from C:\Users\pperv\code\unnamed_rpg\vendor\json-schema-validator\src\string-format-check.cpp:1:
[build] In file included from C:\Users\pperv\code\unnamed_rpg\vendor\json-schema-validator\src\nlohmann/json-schema.hpp:24:
[build] In file included from C:\Users\pperv\code\unnamed_rpg\vendor\json\include\nlohmann/json.hpp:50:
[build] In file included from C:\Users\pperv\code\unnamed_rpg\vendor\json\include\nlohmann/detail/input/binary_reader.hpp:32:
[build] C:\Users\pperv\code\unnamed_rpg\vendor\json\include\nlohmann/detail/meta/is_sax.hpp(24,25): warning: alias declarations are incompatible with C++98 [-Wc++98-compat]
[build]    24 | using null_function_t = decltype(std::declval<T&>().null());
[build]       |                         ^
[build] C:\Users\pperv\code\unnamed_rpg\vendor\json\include\nlohmann/detail/meta/is_sax.hpp(24,25): warning: 'decltype' type specifier is incompatible with C++98 [-Wc++98-compat]
[build] C:\Users\pperv\code\unnamed_rpg\vendor\json\include\nlohmann/detail/meta/is_sax.hpp(28,5): warning: alias declarations are incompatible with C++98 [-Wc++98-compat]
[build]    28 |     decltype(std::declval<T&>().boolean(std::declval<bool>()));
[build]       |     ^
[build] C:\Users\pperv\code\unnamed_rpg\vendor\json\include\nlohmann/detail/meta/is_sax.hpp(28,5): warning: 'decltype' type specifier is incompatible with C++98 [-Wc++98-compat]
[build] C:\Users\pperv\code\unnamed_rpg\vendor\json\include\nlohmann/detail/meta/is_sax.hpp(32,5): warning: alias declarations are incompatible with C++98 [-Wc++98-compat]
[build]    32 |     decltype(std::declval<T&>().number_integer(std::declval<Integer>()));
[build]       |     ^
[build] C:\Users\pperv\code\unnamed_rpg\vendor\json\include\nlohmann/detail/meta/is_sax.hpp(32,5): warning: 'decltype' type specifier is incompatible with C++98 [-Wc++98-compat]
[build] C:\Users\pperv\code\unnamed_rpg\vendor\json\include\nlohmann/detail/meta/is_sax.hpp(36,5): warning: alias declarations are incompatible with C++98 [-Wc++98-compat]
[build]    36 |     decltype(std::declval<T&>().number_unsigned(std::declval<Unsigned>()));
[build]       |     ^
[build] C:\Users\pperv\code\unnamed_rpg\vendor\json\include\nlohmann/detail/meta/is_sax.hpp(36,5): warning: 'decltype' type specifier is incompatible with C++98 [-Wc++98-compat]
[build] C:\Users\pperv\code\unnamed_rpg\vendor\json\include\nlohmann/detail/meta/is_sax.hpp(39,33): warning: alias declarations are incompatible with C++98 [-Wc++98-compat]
[build]    39 | using number_float_function_t = decltype(std::declval<T&>().number_float(
[build]       |                                 ^
[build] C:\Users\pperv\code\unnamed_rpg\vendor\json\include\nlohmann/detail/meta/is_sax.hpp(39,33): warning: 'decltype' type specifier is incompatible with C++98 [-Wc++98-compat]
[build] C:\Users\pperv\code\unnamed_rpg\vendor\json\include\nlohmann/detail/meta/is_sax.hpp(44,5): warning: alias declarations are incompatible with C++98 [-Wc++98-compat]
[build]    44 |     decltype(std::declval<T&>().string(std::declval<String&>()));
[build]       |     ^
[build] C:\Users\pperv\code\unnamed_rpg\vendor\json\include\nlohmann/detail/meta/is_sax.hpp(44,5): warning: 'decltype' type specifier is incompatible with C++98 [-Wc++98-compat]
[build] C:\Users\pperv\code\unnamed_rpg\vendor\json\include\nlohmann/detail/meta/is_sax.hpp(48,5): warning: alias declarations are incompatible with C++98 [-Wc++98-compat]
[build]    48 |     decltype(std::declval<T&>().binary(std::declval<Binary&>()));
[build]       |     ^
[build] C:\Users\pperv\code\unnamed_rpg\vendor\json\include\nlohmann/detail/meta/is_sax.hpp(48,5): warning: 'decltype' type specifier is incompatible with C++98 [-Wc++98-compat]
[build] C:\Users\pperv\code\unnamed_rpg\vendor\json\include\nlohmann/detail/meta/is_sax.hpp(52,5): warning: alias declarations are incompatible with C++98 [-Wc++98-compat]
[build]    52 |     decltype(std::declval<T&>().start_object(std::declval<std::size_t>()));
[build]       |     ^
[build] C:\Users\pperv\code\unnamed_rpg\vendor\json\include\nlohmann/detail/meta/is_sax.hpp(52,5): warning: 'decltype' type specifier is incompatible with C++98 [-Wc++98-compat]
[build] C:\Users\pperv\code\unnamed_rpg\vendor\json\include\nlohmann/detail/meta/is_sax.hpp(56,5): warning: alias declarations are incompatible with C++98 [-Wc++98-compat]
[build]    56 |     decltype(std::declval<T&>().key(std::declval<String&>()));
[build]       |     ^
[build] C:\Users\pperv\code\unnamed_rpg\vendor\json\include\nlohmann/detail/meta/is_sax.hpp(56,5): warning: 'decltype' type specifier is incompatible with C++98 [-Wc++98-compat]
[build] C:\Users\pperv\code\unnamed_rpg\vendor\json\include\nlohmann/detail/meta/is_sax.hpp(59,31): warning: alias declarations are incompatible with C++98 [-Wc++98-compat]
[build]    59 | using end_object_function_t = decltype(std::declval<T&>().end_object());
[build]       |                               ^
[build] C:\Users\pperv\code\unnamed_rpg\vendor\json\include\nlohmann/detail/meta/is_sax.hpp(59,31): warning: 'decltype' type specifier is incompatible with C++98 [-Wc++98-compat]
[build] C:\Users\pperv\code\unnamed_rpg\vendor\json\include\nlohmann/detail/meta/is_sax.hpp(63,5): warning: alias declarations are incompatible with C++98 [-Wc++98-compat]
[build]    63 |     decltype(std::declval<T&>().start_array(std::declval<std::size_t>()));
[build]       |     ^
[build] C:\Users\pperv\code\unnamed_rpg\vendor\json\include\nlohmann/detail/meta/is_sax.hpp(63,5): warning: 'decltype' type specifier is incompatible with C++98 [-Wc++98-compat]
[build] C:\Users\pperv\code\unnamed_rpg\vendor\json\include\nlohmann/detail/meta/is_sax.hpp(66,30): warning: alias declarations are incompatible with C++98 [-Wc++98-compat]
[build]    66 | using end_array_function_t = decltype(std::declval<T&>().end_array());
[build]       |                              ^
[build] C:\Users\pperv\code\unnamed_rpg\vendor\json\include\nlohmann/detail/meta/is_sax.hpp(66,30): warning: 'decltype' type specifier is incompatible with C++98 [-Wc++98-compat]
[build] C:\Users\pperv\code\unnamed_rpg\vendor\json\include\nlohmann/detail/meta/is_sax.hpp(69,32): warning: alias declarations are incompatible with C++98 [-Wc++98-compat]
[build]    69 | using parse_error_function_t = decltype(std::declval<T&>().parse_error(
[build]       |                                ^
[build] C:\Users\pperv\code\unnamed_rpg\vendor\json\include\nlohmann/detail/meta/is_sax.hpp(69,32): warning: 'decltype' type specifier is incompatible with C++98 [-Wc++98-compat]
[build] C:\Users\pperv\code\unnamed_rpg\vendor\json\include\nlohmann/detail/meta/is_sax.hpp(77,5): warning: 'static_assert' declarations are incompatible with C++98 [-Wc++98-compat]
[build]    77 |     static_assert(is_basic_json<BasicJsonType>::value,
[build]       |     ^
[build] C:\Users\pperv\code\unnamed_rpg\vendor\json\include\nlohmann/detail/meta/is_sax.hpp(80,30): warning: alias declarations are incompatible with C++98 [-Wc++98-compat]
[build]    80 |     using number_integer_t = typename BasicJsonType::number_integer_t;
[build]       |                              ^
[build] C:\Users\pperv\code\unnamed_rpg\vendor\json\include\nlohmann/detail/meta/is_sax.hpp(81,31): warning: alias declarations are incompatible with C++98 [-Wc++98-compat]
[build]    81 |     using number_unsigned_t = typename BasicJsonType::number_unsigned_t;
[build]       |                               ^
[build] C:\Users\pperv\code\unnamed_rpg\vendor\json\include\nlohmann/detail/meta/is_sax.hpp(82,28): warning: alias declarations are incompatible with C++98 [-Wc++98-compat]
[build]    82 |     using number_float_t = typename BasicJsonType::number_float_t;
[build]       |                            ^
[build] C:\Users\pperv\code\unnamed_rpg\vendor\json\include\nlohmann/detail/meta/is_sax.hpp(83,22): warning: alias declarations are incompatible with C++98 [-Wc++98-compat]
[build]    83 |     using string_t = typename BasicJsonType::string_t;
[build]       |                      ^
[build] C:\Users\pperv\code\unnamed_rpg\vendor\json\include\nlohmann/detail/meta/is_sax.hpp(84,22): warning: alias declarations are incompatible with C++98 [-Wc++98-compat]
[build]    84 |     using binary_t = typename BasicJsonType::binary_t;
[build]       |                      ^
[build] C:\Users\pperv\code\unnamed_rpg\vendor\json\include\nlohmann/detail/meta/is_sax.hpp(85,25): warning: alias declarations are incompatible with C++98 [-Wc++98-compat]
[build]    85 |     using exception_t = typename BasicJsonType::exception;
[build]       |                         ^
[build] C:\Users\pperv\code\unnamed_rpg\vendor\json\include\nlohmann/detail/meta/is_sax.hpp(88,12): warning: 'constexpr' specifier is incompatible with C++98 [-Wc++98-compat]
[build]    88 |     static constexpr bool value =
[build]       |            ^
[build] C:\Users\pperv\code\unnamed_rpg\vendor\json\include\nlohmann/detail/meta/is_sax.hpp(108,5): warning: 'static_assert' declarations are incompatible with C++98 [-Wc++98-compat]
[build]   108 |     static_assert(is_basic_json<BasicJsonType>::value,
[build]       |     ^
[build] C:\Users\pperv\code\unnamed_rpg\vendor\json\include\nlohmann/detail/meta/is_sax.hpp(111,30): warning: alias declarations are incompatible with C++98 [-Wc++98-compat]
[build]   111 |     using number_integer_t = typename BasicJsonType::number_integer_t;
[build]       |                              ^
[build] C:\Users\pperv\code\unnamed_rpg\vendor\json\include\nlohmann/detail/meta/is_sax.hpp(112,31): warning: alias declarations are incompatible with C++98 [-Wc++98-compat]
[build]   112 |     using number_unsigned_t = typename BasicJsonType::number_unsigned_t;
[build]       |                               ^
[build] C:\Users\pperv\code\unnamed_rpg\vendor\json\include\nlohmann/detail/meta/is_sax.hpp(113,28): warning: alias declarations are incompatible with C++98 [-Wc++98-compat]
[build]   113 |     using number_float_t = typename BasicJsonType::number_float_t;
[build]       |                            ^
[build] C:\Users\pperv\code\unnamed_rpg\vendor\json\include\nlohmann/detail/meta/is_sax.hpp(114,22): warning: alias declarations are incompatible with C++98 [-Wc++98-compat]
[build]   114 |     using string_t = typename BasicJsonType::string_t;
[build]       |                      ^
[build] C:\Users\pperv\code\unnamed_rpg\vendor\json\include\nlohmann/detail/meta/is_sax.hpp(115,22): warning: alias declarations are incompatible with C++98 [-Wc++98-compat]
[build]   115 |     using binary_t = typename BasicJsonType::binary_t;
[build]       |                      ^
[build] C:\Users\pperv\code\unnamed_rpg\vendor\json\include\nlohmann/detail/meta/is_sax.hpp(116,25): warning: alias declarations are incompatible with C++98 [-Wc++98-compat]
[build]   116 |     using exception_t = typename BasicJsonType::exception;
[build]       |                         ^
[build] C:\Users\pperv\code\unnamed_rpg\vendor\json\include\nlohmann/detail/meta/is_sax.hpp(119,5): warning: 'static_assert' declarations are incompatible with C++98 [-Wc++98-compat]
[build]   119 |     static_assert(is_detected_exact<bool, null_function_t, SAX>::value,
[build]       |     ^
[build] C:\Users\pperv\code\unnamed_rpg\vendor\json\include\nlohmann/detail/meta/is_sax.hpp(121,5): warning: 'static_assert' declarations are incompatible with C++98 [-Wc++98-compat]
[build]   121 |     static_assert(is_detected_exact<bool, boolean_function_t, SAX>::value,
[build]       |     ^
[build] C:\Users\pperv\code\unnamed_rpg\vendor\json\include\nlohmann/detail/meta/is_sax.hpp(123,5): warning: 'static_assert' declarations are incompatible with C++98 [-Wc++98-compat]
[build]   123 |     static_assert(is_detected_exact<bool, boolean_function_t, SAX>::value,
[build]       |     ^
[build] C:\Users\pperv\code\unnamed_rpg\vendor\json\include\nlohmann/detail/meta/is_sax.hpp(125,5): warning: 'static_assert' declarations are incompatible with C++98 [-Wc++98-compat]
[build]   125 |     static_assert(
[build]       |     ^
[build] C:\Users\pperv\code\unnamed_rpg\vendor\json\include\nlohmann/detail/meta/is_sax.hpp(129,5): warning: 'static_assert' declarations are incompatible with C++98 [-Wc++98-compat]
[build]   129 |     static_assert(
[build]       |     ^
[build] C:\Users\pperv\code\unnamed_rpg\vendor\json\include\nlohmann/detail/meta/is_sax.hpp(133,5): warning: 'static_assert' declarations are incompatible with C++98 [-Wc++98-compat]
[build]   133 |     static_assert(is_detected_exact<bool, number_float_function_t, SAX,
[build]       |     ^
[build] C:\Users\pperv\code\unnamed_rpg\vendor\json\include\nlohmann/detail/meta/is_sax.hpp(136,5): warning: 'static_assert' declarations are incompatible with C++98 [-Wc++98-compat]
[build]   136 |     static_assert(
[build]       |     ^
[build] C:\Users\pperv\code\unnamed_rpg\vendor\json\include\nlohmann/detail/meta/is_sax.hpp(139,5): warning: 'static_assert' declarations are incompatible with C++98 [-Wc++98-compat]
[build]   139 |     static_assert(
[build]       |     ^
[build] C:\Users\pperv\code\unnamed_rpg\vendor\json\include\nlohmann/detail/meta/is_sax.hpp(142,5): warning: 'static_assert' declarations are incompatible with C++98 [-Wc++98-compat]
[build]   142 |     static_assert(is_detected_exact<bool, start_object_function_t, SAX>::value,
[build]       |     ^
[build] C:\Users\pperv\code\unnamed_rpg\vendor\json\include\nlohmann/detail/meta/is_sax.hpp(144,5): warning: 'static_assert' declarations are incompatible with C++98 [-Wc++98-compat]
[build]   144 |     static_assert(is_detected_exact<bool, key_function_t, SAX, string_t>::value,
[build]       |     ^
[build] C:\Users\pperv\code\unnamed_rpg\vendor\json\include\nlohmann/detail/meta/is_sax.hpp(146,5): warning: 'static_assert' declarations are incompatible with C++98 [-Wc++98-compat]
[build]   146 |     static_assert(is_detected_exact<bool, end_object_function_t, SAX>::value,
[build]       |     ^
[build] C:\Users\pperv\code\unnamed_rpg\vendor\json\include\nlohmann/detail/meta/is_sax.hpp(148,5): warning: 'static_assert' declarations are incompatible with C++98 [-Wc++98-compat]
[build]   148 |     static_assert(is_detected_exact<bool, start_array_function_t, SAX>::value,
[build]       |     ^
[build] C:\Users\pperv\code\unnamed_rpg\vendor\json\include\nlohmann/detail/meta/is_sax.hpp(150,5): warning: 'static_assert' declarations are incompatible with C++98 [-Wc++98-compat]
[build]   150 |     static_assert(is_detected_exact<bool, end_array_function_t, SAX>::value,
[build]       |     ^
[build] C:\Users\pperv\code\unnamed_rpg\vendor\json\include\nlohmann/detail/meta/is_sax.hpp(152,5): warning: 'static_assert' declarations are incompatible with C++98 [-Wc++98-compat]
[build]   152 |     static_assert(
[build]       |     ^
[build] In file included from C:\Users\pperv\code\unnamed_rpg\vendor\json-schema-validator\src\string-format-check.cpp:1:
[build] In file included from C:\Users\pperv\code\unnamed_rpg\vendor\json-schema-validator\src\nlohmann/json-schema.hpp:24:
[build] In file included from C:\Users\pperv\code\unnamed_rpg\vendor\json\include\nlohmann/json.hpp:50:
[build] C:\Users\pperv\code\unnamed_rpg\vendor\json\include\nlohmann/detail/input/binary_reader.hpp(37,1): warning: empty macro arguments are incompatible with C++98 [-Wc++98-compat-pedantic]
[build]    37 | NLOHMANN_JSON_NAMESPACE_BEGIN
[build]       | ^
[build] C:\Users\pperv\code\unnamed_rpg\vendor\json\include\nlohmann/detail/abi_macros.hpp(102,17): note: expanded from macro 'NLOHMANN_JSON_NAMESPACE_BEGIN'
[build]   102 |                 NLOHMANN_JSON_ABI_TAGS,              \
[build]       |                 ^
[build] C:\Users\pperv\code\unnamed_rpg\vendor\json\include\nlohmann/detail/abi_macros.hpp(65,5): note: expanded from macro 'NLOHMANN_JSON_ABI_TAGS'
[build]    65 |     NLOHMANN_JSON_ABI_TAGS_CONCAT(                                   \
[build]       |     ^
[build] C:\Users\pperv\code\unnamed_rpg\vendor\json\include\nlohmann/detail/abi_macros.hpp(62,39): note: expanded from macro 'NLOHMANN_JSON_ABI_TAGS_CONCAT'
[build]    62 |     NLOHMANN_JSON_ABI_TAGS_CONCAT_EX(a, b, c)
[build]       |                                       ^
[build] In file included from C:\Users\pperv\code\unnamed_rpg\vendor\json-schema-validator\src\string-format-check.cpp:1:
[build] In file included from C:\Users\pperv\code\unnamed_rpg\vendor\json-schema-validator\src\nlohmann/json-schema.hpp:24:
[build] In file included from C:\Users\pperv\code\unnamed_rpg\vendor\json\include\nlohmann/json.hpp:50:
[build] C:\Users\pperv\code\unnamed_rpg\vendor\json\include\nlohmann/detail/input/binary_reader.hpp(37,1): warning: empty macro arguments are incompatible with C++98 [-Wc++98-compat-pedantic]
[build] C:\Users\pperv\code\unnamed_rpg\vendor\json\include\nlohmann/detail/abi_macros.hpp(102,17): note: expanded from macro 'NLOHMANN_JSON_NAMESPACE_BEGIN'
[build]   102 |                 NLOHMANN_JSON_ABI_TAGS,              \
[build]       |                 ^
[build] C:\Users\pperv\code\unnamed_rpg\vendor\json\include\nlohmann/detail/abi_macros.hpp(65,5): note: expanded from macro 'NLOHMANN_JSON_ABI_TAGS'
[build]    65 |     NLOHMANN_JSON_ABI_TAGS_CONCAT(                                   \
[build]       |     ^
[build] C:\Users\pperv\code\unnamed_rpg\vendor\json\include\nlohmann/detail/abi_macros.hpp(62,42): note: expanded from macro 'NLOHMANN_JSON_ABI_TAGS_CONCAT'
[build]    62 |     NLOHMANN_JSON_ABI_TAGS_CONCAT_EX(a, b, c)
[build]       |                                          ^
[build] In file included from C:\Users\pperv\code\unnamed_rpg\vendor\json-schema-validator\src\string-format-check.cpp:1:
[build] In file included from C:\Users\pperv\code\unnamed_rpg\vendor\json-schema-validator\src\nlohmann/json-schema.hpp:24:
[build] In file included from C:\Users\pperv\code\unnamed_rpg\vendor\json\include\nlohmann/json.hpp:50:
[build] C:\Users\pperv\code\unnamed_rpg\vendor\json\include\nlohmann/detail/input/binary_reader.hpp(37,1): warning: empty macro arguments are incompatible with C++98 [-Wc++98-compat-pedantic]
[build] C:\Users\pperv\code\unnamed_rpg\vendor\json\include\nlohmann/detail/abi_macros.hpp(102,17): note: expanded from macro 'NLOHMANN_JSON_NAMESPACE_BEGIN'
[build]   102 |                 NLOHMANN_JSON_ABI_TAGS,              \
[build]       |                 ^
[build] C:\Users\pperv\code\unnamed_rpg\vendor\json\include\nlohmann/detail/abi_macros.hpp(65,5): note: expanded from macro 'NLOHMANN_JSON_ABI_TAGS'
[build]    65 |     NLOHMANN_JSON_ABI_TAGS_CONCAT(                                   \
[build]       |     ^
[build] C:\Users\pperv\code\unnamed_rpg\vendor\json\include\nlohmann/detail/abi_macros.hpp(62,45): note: expanded from macro 'NLOHMANN_JSON_ABI_TAGS_CONCAT'
[build]    62 |     NLOHMANN_JSON_ABI_TAGS_CONCAT_EX(a, b, c)
[build]       |                                             ^
[build] In file included from C:\Users\pperv\code\unnamed_rpg\vendor\json-schema-validator\src\string-format-check.cpp:1:
[build] In file included from C:\Users\pperv\code\unnamed_rpg\vendor\json-schema-validator\src\nlohmann/json-schema.hpp:24:
[build] In file included from C:\Users\pperv\code\unnamed_rpg\vendor\json\include\nlohmann/json.hpp:50:
[build] C:\Users\pperv\code\unnamed_rpg\vendor\json\include\nlohmann/detail/input/binary_reader.hpp(37,1): warning: inline namespaces are incompatible with C++98 [-Wc++98-compat]
[build] C:\Users\pperv\code\unnamed_rpg\vendor\json\include\nlohmann/detail/abi_macros.hpp(101,5): note: expanded from macro 'NLOHMANN_JSON_NAMESPACE_BEGIN'
[build]   101 |     inline namespace NLOHMANN_JSON_NAMESPACE_CONCAT( \
[build]       |     ^
[build] In file included from C:\Users\pperv\code\unnamed_rpg\vendor\json-schema-validator\src\string-format-check.cpp:1:
[build] In file included from C:\Users\pperv\code\unnamed_rpg\vendor\json-schema-validator\src\nlohmann/json-schema.hpp:24:
[build] In file included from C:\Users\pperv\code\unnamed_rpg\vendor\json\include\nlohmann/json.hpp:50:
[build] C:\Users\pperv\code\unnamed_rpg\vendor\json\include\nlohmann/detail/input/binary_reader.hpp(42,6): warning: scoped enumerations are incompatible with C++98 [-Wc++98-compat]
[build]    42 | enum class cbor_tag_handler_t
[build]       |      ^
[build] C:\Users\pperv\code\unnamed_rpg\vendor\json\include\nlohmann/detail/input/binary_reader.hpp(56,44): warning: noexcept specifications are incompatible with C++98 [-Wc++98-compat]
[build]    56 | inline bool little_endianness(int num = 1) noexcept
[build]       |                                            ^
[build] C:\Users\pperv\code\unnamed_rpg\vendor\json\include\nlohmann/detail/input/binary_reader.hpp(68,127): warning: consecutive right angle brackets are incompatible with C++98 (use '> >') [-Wc++98-compat]
[build]    68 | template<typename BasicJsonType, typename InputAdapterType, typename SAX = json_sax_dom_parser<BasicJsonType, InputAdapterType>>
[build]       |                                                                                                                               ^~
[build]       |                                                                                                                               > >
[build] C:\Users\pperv\code\unnamed_rpg\vendor\json\include\nlohmann/detail/input/binary_reader.hpp(71,30): warning: alias declarations are incompatible with C++98 [-Wc++98-compat]
[build]    71 |     using number_integer_t = typename BasicJsonType::number_integer_t;
[build]       |                              ^
[build] C:\Users\pperv\code\unnamed_rpg\vendor\json\include\nlohmann/detail/input/binary_reader.hpp(72,31): warning: alias declarations are incompatible with C++98 [-Wc++98-compat]
[build]    72 |     using number_unsigned_t = typename BasicJsonType::number_unsigned_t;
[build]       |                               ^
[build] C:\Users\pperv\code\unnamed_rpg\vendor\json\include\nlohmann/detail/input/binary_reader.hpp(73,28): warning: alias declarations are incompatible with C++98 [-Wc++98-compat]
[build]    73 |     using number_float_t = typename BasicJsonType::number_float_t;
[build]       |                            ^
[build] C:\Users\pperv\code\unnamed_rpg\vendor\json\include\nlohmann/detail/input/binary_reader.hpp(74,22): warning: alias declarations are incompatible with C++98 [-Wc++98-compat]
[build]    74 |     using string_t = typename BasicJsonType::string_t;
[build]       |                      ^
[build] C:\Users\pperv\code\unnamed_rpg\vendor\json\include\nlohmann/detail/input/binary_reader.hpp(75,22): warning: alias declarations are incompatible with C++98 [-Wc++98-compat]
[build]    75 |     using binary_t = typename BasicJsonType::binary_t;
[build]       |                      ^
[build] C:\Users\pperv\code\unnamed_rpg\vendor\json\include\nlohmann/detail/input/binary_reader.hpp(76,24): warning: alias declarations are incompatible with C++98 [-Wc++98-compat]
[build]    76 |     using json_sax_t = SAX;
[build]       |                        ^
[build] C:\Users\pperv\code\unnamed_rpg\vendor\json\include\nlohmann/detail/input/binary_reader.hpp(77,23): warning: alias declarations are incompatible with C++98 [-Wc++98-compat]
[build]    77 |     using char_type = typename InputAdapterType::char_type;
[build]       |                       ^
[build] C:\Users\pperv\code\unnamed_rpg\vendor\json\include\nlohmann/detail/input/binary_reader.hpp(78,27): warning: alias declarations are incompatible with C++98 [-Wc++98-compat]
[build]    78 |     using char_int_type = typename char_traits<char_type>::int_type;
[build]       |                           ^
[build] C:\Users\pperv\code\unnamed_rpg\vendor\json\include\nlohmann/detail/input/binary_reader.hpp(86,44): warning: rvalue references are incompatible with C++98 [-Wc++98-compat]
[build]    86 |     explicit binary_reader(InputAdapterType&& adapter, const input_format_t format = input_format_t::json) noexcept : ia(std::move(adapter)), input_format(format)
[build]       |                                            ^
[build] C:\Users\pperv\code\unnamed_rpg\vendor\json\include\nlohmann/detail/input/binary_reader.hpp(86,117): warning: noexcept specifications are incompatible with C++98 [-Wc++98-compat]
[build]    86 |     explicit binary_reader(InputAdapterType&& adapter, const input_format_t format = input_format_t::json) noexcept : ia(std::move(adapter)), input_format(format)
[build]       |                                                                                                                     ^
[build] C:\Users\pperv\code\unnamed_rpg\vendor\json\include\nlohmann/detail/input/binary_reader.hpp(92,43): warning: deleted function definitions are incompatible with C++98 [-Wc++98-compat]
[build]    92 |     binary_reader(const binary_reader&) = delete;
[build]       |                                           ^
[build] C:\Users\pperv\code\unnamed_rpg\vendor\json\include\nlohmann/detail/input/binary_reader.hpp(93,32): warning: rvalue references are incompatible with C++98 [-Wc++98-compat]
[build]    93 |     binary_reader(binary_reader&&) = default; // NOLINT(hicpp-noexcept-move,performance-noexcept-move-constructor)
[build]       |                                ^
[build] C:\Users\pperv\code\unnamed_rpg\vendor\json\include\nlohmann/detail/input/binary_reader.hpp(93,38): warning: defaulted function definitions are incompatible with C++98 [-Wc++98-compat]
[build]    93 |     binary_reader(binary_reader&&) = default; // NOLINT(hicpp-noexcept-move,performance-noexcept-move-constructor)
[build]       |                                      ^
[build] C:\Users\pperv\code\unnamed_rpg\vendor\json\include\nlohmann/detail/input/binary_reader.hpp(94,54): warning: deleted function definitions are incompatible with C++98 [-Wc++98-compat]
[build]    94 |     binary_reader& operator=(const binary_reader&) = delete;
[build]       |                                                      ^
[build] C:\Users\pperv\code\unnamed_rpg\vendor\json\include\nlohmann/detail/input/binary_reader.hpp(95,43): warning: rvalue references are incompatible with C++98 [-Wc++98-compat]
[build]    95 |     binary_reader& operator=(binary_reader&&) = default; // NOLINT(hicpp-noexcept-move,performance-noexcept-move-constructor)
[build]       |                                           ^
[build] C:\Users\pperv\code\unnamed_rpg\vendor\json\include\nlohmann/detail/input/binary_reader.hpp(95,49): warning: defaulted function definitions are incompatible with C++98 [-Wc++98-compat]
[build]    95 |     binary_reader& operator=(binary_reader&&) = default; // NOLINT(hicpp-noexcept-move,performance-noexcept-move-constructor)
[build]       |                                                 ^
[build] C:\Users\pperv\code\unnamed_rpg\vendor\json\include\nlohmann/detail/input/binary_reader.hpp(96,24): warning: defaulted function definitions are incompatible with C++98 [-Wc++98-compat]
[build]    96 |     ~binary_reader() = default;
[build]       |                        ^
[build] C:\Users\pperv\code\unnamed_rpg\vendor\json\include\nlohmann/detail/input/binary_reader.hpp(3022,40): warning: default template arguments for a function template are incompatible with C++98 [-Wc++98-compat]
[build]  3022 |     template<typename NumberType, bool InputIsLittleEndian = false>
[build]       |                                        ^                     ~~~~~
[build] C:\Users\pperv\code\unnamed_rpg\vendor\json\include\nlohmann/detail/input/binary_reader.hpp(3210,33): warning: 'constexpr' specifier is incompatible with C++98 [-Wc++98-compat]
[build]  3210 |     static JSON_INLINE_VARIABLE constexpr std::size_t npos = detail::unknown_size();
[build]       |                                 ^
[build] C:\Users\pperv\code\unnamed_rpg\vendor\json\include\nlohmann/detail/input/binary_reader.hpp(3216,27): warning: default member initializer for non-static data members is incompatible with C++98 [-Wc++98-compat]
[build]  3216 |     char_int_type current = char_traits<char_type>::eof();
[build]       |                           ^
[build] C:\Users\pperv\code\unnamed_rpg\vendor\json\include\nlohmann/detail/input/binary_reader.hpp(3219,28): warning: default member initializer for non-static data members is incompatible with C++98 [-Wc++98-compat]
[build]  3219 |     std::size_t chars_read = 0;
[build]       |                            ^
[build] C:\Users\pperv\code\unnamed_rpg\vendor\json\include\nlohmann/detail/input/binary_reader.hpp(3222,33): warning: default member initializer for non-static data members is incompatible with C++98 [-Wc++98-compat]
[build]  3222 |     const bool is_little_endian = little_endianness();
[build]       |                                 ^
[build] C:\Users\pperv\code\unnamed_rpg\vendor\json\include\nlohmann/detail/input/binary_reader.hpp(3225,39): warning: default member initializer for non-static data members is incompatible with C++98 [-Wc++98-compat]
[build]  3225 |     const input_format_t input_format = input_format_t::json;
[build]       |                                       ^
[build] C:\Users\pperv\code\unnamed_rpg\vendor\json\include\nlohmann/detail/input/binary_reader.hpp(3228,21): warning: default member initializer for non-static data members is incompatible with C++98 [-Wc++98-compat]
[build]  3228 |     json_sax_t* sax = nullptr;
[build]       |                     ^
[build] C:\Users\pperv\code\unnamed_rpg\vendor\json\include\nlohmann/detail/input/binary_reader.hpp(3252,11): warning: 'decltype' type specifier is incompatible with C++98 [-Wc++98-compat]
[build]  3252 |     const decltype(JSON_BINARY_READER_MAKE_BJD_OPTIMIZED_TYPE_MARKERS_) bjd_optimized_type_markers =
[build]       |           ^
[build] C:\Users\pperv\code\unnamed_rpg\vendor\json\include\nlohmann/detail/input/binary_reader.hpp(3252,100): warning: default member initializer for non-static data members is incompatible with C++98 [-Wc++98-compat]
[build]  3252 |     const decltype(JSON_BINARY_READER_MAKE_BJD_OPTIMIZED_TYPE_MARKERS_) bjd_optimized_type_markers =
[build]       |                                                                                                    ^
[build] C:\Users\pperv\code\unnamed_rpg\vendor\json\include\nlohmann/detail/input/binary_reader.hpp(3255,22): warning: alias declarations are incompatible with C++98 [-Wc++98-compat]
[build]  3255 |     using bjd_type = std::pair<char_int_type, string_t>;
[build]       |                      ^
[build] C:\Users\pperv\code\unnamed_rpg\vendor\json\include\nlohmann/detail/input/binary_reader.hpp(3257,11): warning: 'decltype' type specifier is incompatible with C++98 [-Wc++98-compat]
[build]  3257 |     const decltype(JSON_BINARY_READER_MAKE_BJD_TYPES_MAP_) bjd_types_map =
[build]       |           ^
[build] C:\Users\pperv\code\unnamed_rpg\vendor\json\include\nlohmann/detail/input/binary_reader.hpp(3257,20): warning: generalized initializer lists are incompatible with C++98 [-Wc++98-compat]
[build]  3257 |     const decltype(JSON_BINARY_READER_MAKE_BJD_TYPES_MAP_) bjd_types_map =
[build]       |                    ^
[build] C:\Users\pperv\code\unnamed_rpg\vendor\json\include\nlohmann/detail/input/binary_reader.hpp(3236,13): note: expanded from macro 'JSON_BINARY_READER_MAKE_BJD_TYPES_MAP_'
[build]  3236 |     bjd_type{'B', "byte"},                     \
[build]       |             ^
[build] C:\Users\pperv\code\unnamed_rpg\vendor\json\include\nlohmann/detail/input/binary_reader.hpp(3257,20): warning: generalized initializer lists are incompatible with C++98 [-Wc++98-compat]
[build] C:\Users\pperv\code\unnamed_rpg\vendor\json\include\nlohmann/detail/input/binary_reader.hpp(3237,13): note: expanded from macro 'JSON_BINARY_READER_MAKE_BJD_TYPES_MAP_'
[build]  3237 |     bjd_type{'C', "char"},                     \
[build]       |             ^
[build] C:\Users\pperv\code\unnamed_rpg\vendor\json\include\nlohmann/detail/input/binary_reader.hpp(3257,20): warning: generalized initializer lists are incompatible with C++98 [-Wc++98-compat]
[build] C:\Users\pperv\code\unnamed_rpg\vendor\json\include\nlohmann/detail/input/binary_reader.hpp(3238,13): note: expanded from macro 'JSON_BINARY_READER_MAKE_BJD_TYPES_MAP_'
[build]  3238 |     bjd_type{'D', "double"},                   \
[build]       |             ^
[build] C:\Users\pperv\code\unnamed_rpg\vendor\json\include\nlohmann/detail/input/binary_reader.hpp(3257,20): warning: generalized initializer lists are incompatible with C++98 [-Wc++98-compat]
[build] C:\Users\pperv\code\unnamed_rpg\vendor\json\include\nlohmann/detail/input/binary_reader.hpp(3239,13): note: expanded from macro 'JSON_BINARY_READER_MAKE_BJD_TYPES_MAP_'
[build]  3239 |     bjd_type{'I', "int16"},                    \
[build]       |             ^
[build] C:\Users\pperv\code\unnamed_rpg\vendor\json\include\nlohmann/detail/input/binary_reader.hpp(3257,20): warning: generalized initializer lists are incompatible with C++98 [-Wc++98-compat]
[build] C:\Users\pperv\code\unnamed_rpg\vendor\json\include\nlohmann/detail/input/binary_reader.hpp(3240,13): note: expanded from macro 'JSON_BINARY_READER_MAKE_BJD_TYPES_MAP_'
[build]  3240 |     bjd_type{'L', "int64"},                    \
[build]       |             ^
[build] C:\Users\pperv\code\unnamed_rpg\vendor\json\include\nlohmann/detail/input/binary_reader.hpp(3257,20): warning: generalized initializer lists are incompatible with C++98 [-Wc++98-compat]
[build] C:\Users\pperv\code\unnamed_rpg\vendor\json\include\nlohmann/detail/input/binary_reader.hpp(3241,13): note: expanded from macro 'JSON_BINARY_READER_MAKE_BJD_TYPES_MAP_'
[build]  3241 |     bjd_type{'M', "uint64"},                   \
[build]       |             ^
[build] C:\Users\pperv\code\unnamed_rpg\vendor\json\include\nlohmann/detail/input/binary_reader.hpp(3257,20): warning: generalized initializer lists are incompatible with C++98 [-Wc++98-compat]
[build] C:\Users\pperv\code\unnamed_rpg\vendor\json\include\nlohmann/detail/input/binary_reader.hpp(3242,13): note: expanded from macro 'JSON_BINARY_READER_MAKE_BJD_TYPES_MAP_'
[build]  3242 |     bjd_type{'U', "uint8"},                    \
[build]       |             ^
[build] C:\Users\pperv\code\unnamed_rpg\vendor\json\include\nlohmann/detail/input/binary_reader.hpp(3257,20): warning: generalized initializer lists are incompatible with C++98 [-Wc++98-compat]
[build] C:\Users\pperv\code\unnamed_rpg\vendor\json\include\nlohmann/detail/input/binary_reader.hpp(3243,13): note: expanded from macro 'JSON_BINARY_READER_MAKE_BJD_TYPES_MAP_'
[build]  3243 |     bjd_type{'d', "single"},                   \
[build]       |             ^
[build] C:\Users\pperv\code\unnamed_rpg\vendor\json\include\nlohmann/detail/input/binary_reader.hpp(3257,20): warning: generalized initializer lists are incompatible with C++98 [-Wc++98-compat]
[build] C:\Users\pperv\code\unnamed_rpg\vendor\json\include\nlohmann/detail/input/binary_reader.hpp(3244,13): note: expanded from macro 'JSON_BINARY_READER_MAKE_BJD_TYPES_MAP_'
[build]  3244 |     bjd_type{'i', "int8"},                     \
[build]       |             ^
[build] C:\Users\pperv\code\unnamed_rpg\vendor\json\include\nlohmann/detail/input/binary_reader.hpp(3257,20): warning: generalized initializer lists are incompatible with C++98 [-Wc++98-compat]
[build] C:\Users\pperv\code\unnamed_rpg\vendor\json\include\nlohmann/detail/input/binary_reader.hpp(3245,13): note: expanded from macro 'JSON_BINARY_READER_MAKE_BJD_TYPES_MAP_'
[build]  3245 |     bjd_type{'l', "int32"},                    \
[build]       |             ^
[build] C:\Users\pperv\code\unnamed_rpg\vendor\json\include\nlohmann/detail/input/binary_reader.hpp(3257,20): warning: generalized initializer lists are incompatible with C++98 [-Wc++98-compat]
[build] C:\Users\pperv\code\unnamed_rpg\vendor\json\include\nlohmann/detail/input/binary_reader.hpp(3246,13): note: expanded from macro 'JSON_BINARY_READER_MAKE_BJD_TYPES_MAP_'
[build]  3246 |     bjd_type{'m', "uint32"},                   \
[build]       |             ^
[build] C:\Users\pperv\code\unnamed_rpg\vendor\json\include\nlohmann/detail/input/binary_reader.hpp(3257,20): warning: generalized initializer lists are incompatible with C++98 [-Wc++98-compat]
[build] C:\Users\pperv\code\unnamed_rpg\vendor\json\include\nlohmann/detail/input/binary_reader.hpp(3247,13): note: expanded from macro 'JSON_BINARY_READER_MAKE_BJD_TYPES_MAP_'
[build]  3247 |     bjd_type{'u', "uint16"})
[build]       |             ^
[build] C:\Users\pperv\code\unnamed_rpg\vendor\json\include\nlohmann/detail/input/binary_reader.hpp(3257,74): warning: default member initializer for non-static data members is incompatible with C++98 [-Wc++98-compat]
[build]  3257 |     const decltype(JSON_BINARY_READER_MAKE_BJD_TYPES_MAP_) bjd_types_map =
[build]       |                                                                          ^
[build] C:\Users\pperv\code\unnamed_rpg\vendor\json\include\nlohmann/detail/input/binary_reader.hpp(86,86): warning: enumeration type in nested name specifier is incompatible with C++98 [-Wc++98-compat]
[build]    86 |     explicit binary_reader(InputAdapterType&& adapter, const input_format_t format = input_format_t::json) noexcept : ia(std::move(adapter)), input_format(format)
[build]       |                                                                                      ^
[build] C:\Users\pperv\code\unnamed_rpg\vendor\json\include\nlohmann/detail/input/binary_reader.hpp(110,59): warning: enumeration type in nested name specifier is incompatible with C++98 [-Wc++98-compat]
[build]   110 |                    const cbor_tag_handler_t tag_handler = cbor_tag_handler_t::error)
[build]       |                                                           ^
[build] C:\Users\pperv\code\unnamed_rpg\vendor\json\include\nlohmann/detail/input/binary_reader.hpp(3225,41): warning: enumeration type in nested name specifier is incompatible with C++98 [-Wc++98-compat]
[build]  3225 |     const input_format_t input_format = input_format_t::json;
[build]       |                                         ^
[build] C:\Users\pperv\code\unnamed_rpg\vendor\json\include\nlohmann/detail/input/binary_reader.hpp(3228,23): warning: 'nullptr' is incompatible with C++98 [-Wc++98-compat]
[build]  3228 |     json_sax_t* sax = nullptr;
[build]       |                       ^
[build] C:\Users\pperv\code\unnamed_rpg\vendor\json\include\nlohmann/detail/input/binary_reader.hpp(3258,9): warning: generalized initializer lists are incompatible with C++98 [-Wc++98-compat]
[build]  3258 |         JSON_BINARY_READER_MAKE_BJD_TYPES_MAP_;
[build]       |         ^
[build] C:\Users\pperv\code\unnamed_rpg\vendor\json\include\nlohmann/detail/input/binary_reader.hpp(3236,13): note: expanded from macro 'JSON_BINARY_READER_MAKE_BJD_TYPES_MAP_'
[build]  3236 |     bjd_type{'B', "byte"},                     \
[build]       |             ^
[build] C:\Users\pperv\code\unnamed_rpg\vendor\json\include\nlohmann/detail/input/binary_reader.hpp(3258,9): warning: generalized initializer lists are incompatible with C++98 [-Wc++98-compat]
[build] C:\Users\pperv\code\unnamed_rpg\vendor\json\include\nlohmann/detail/input/binary_reader.hpp(3237,13): note: expanded from macro 'JSON_BINARY_READER_MAKE_BJD_TYPES_MAP_'
[build]  3237 |     bjd_type{'C', "char"},                     \
[build]       |             ^
[build] C:\Users\pperv\code\unnamed_rpg\vendor\json\include\nlohmann/detail/input/binary_reader.hpp(3258,9): warning: generalized initializer lists are incompatible with C++98 [-Wc++98-compat]
[build] C:\Users\pperv\code\unnamed_rpg\vendor\json\include\nlohmann/detail/input/binary_reader.hpp(3238,13): note: expanded from macro 'JSON_BINARY_READER_MAKE_BJD_TYPES_MAP_'
[build]  3238 |     bjd_type{'D', "double"},                   \
[build]       |             ^
[build] C:\Users\pperv\code\unnamed_rpg\vendor\json\include\nlohmann/detail/input/binary_reader.hpp(3258,9): warning: generalized initializer lists are incompatible with C++98 [-Wc++98-compat]
[build] C:\Users\pperv\code\unnamed_rpg\vendor\json\include\nlohmann/detail/input/binary_reader.hpp(3239,13): note: expanded from macro 'JSON_BINARY_READER_MAKE_BJD_TYPES_MAP_'
[build]  3239 |     bjd_type{'I', "int16"},                    \
[build]       |             ^
[build] C:\Users\pperv\code\unnamed_rpg\vendor\json\include\nlohmann/detail/input/binary_reader.hpp(3258,9): warning: generalized initializer lists are incompatible with C++98 [-Wc++98-compat]
[build] C:\Users\pperv\code\unnamed_rpg\vendor\json\include\nlohmann/detail/input/binary_reader.hpp(3240,13): note: expanded from macro 'JSON_BINARY_READER_MAKE_BJD_TYPES_MAP_'
[build]  3240 |     bjd_type{'L', "int64"},                    \
[build]       |             ^
[build] C:\Users\pperv\code\unnamed_rpg\vendor\json\include\nlohmann/detail/input/binary_reader.hpp(3258,9): warning: generalized initializer lists are incompatible with C++98 [-Wc++98-compat]
[build] C:\Users\pperv\code\unnamed_rpg\vendor\json\include\nlohmann/detail/input/binary_reader.hpp(3241,13): note: expanded from macro 'JSON_BINARY_READER_MAKE_BJD_TYPES_MAP_'
[build]  3241 |     bjd_type{'M', "uint64"},                   \
[build]       |             ^
[build] C:\Users\pperv\code\unnamed_rpg\vendor\json\include\nlohmann/detail/input/binary_reader.hpp(3258,9): warning: generalized initializer lists are incompatible with C++98 [-Wc++98-compat]
[build] C:\Users\pperv\code\unnamed_rpg\vendor\json\include\nlohmann/detail/input/binary_reader.hpp(3242,13): note: expanded from macro 'JSON_BINARY_READER_MAKE_BJD_TYPES_MAP_'
[build]  3242 |     bjd_type{'U', "uint8"},                    \
[build]       |             ^
[build] C:\Users\pperv\code\unnamed_rpg\vendor\json\include\nlohmann/detail/input/binary_reader.hpp(3258,9): warning: generalized initializer lists are incompatible with C++98 [-Wc++98-compat]
[build] C:\Users\pperv\code\unnamed_rpg\vendor\json\include\nlohmann/detail/input/binary_reader.hpp(3243,13): note: expanded from macro 'JSON_BINARY_READER_MAKE_BJD_TYPES_MAP_'
[build]  3243 |     bjd_type{'d', "single"},                   \
[build]       |             ^
[build] C:\Users\pperv\code\unnamed_rpg\vendor\json\include\nlohmann/detail/input/binary_reader.hpp(3258,9): warning: generalized initializer lists are incompatible with C++98 [-Wc++98-compat]
[build] C:\Users\pperv\code\unnamed_rpg\vendor\json\include\nlohmann/detail/input/binary_reader.hpp(3244,13): note: expanded from macro 'JSON_BINARY_READER_MAKE_BJD_TYPES_MAP_'
[build]  3244 |     bjd_type{'i', "int8"},                     \
[build]       |             ^
[build] C:\Users\pperv\code\unnamed_rpg\vendor\json\include\nlohmann/detail/input/binary_reader.hpp(3258,9): warning: generalized initializer lists are incompatible with C++98 [-Wc++98-compat]
[build] C:\Users\pperv\code\unnamed_rpg\vendor\json\include\nlohmann/detail/input/binary_reader.hpp(3245,13): note: expanded from macro 'JSON_BINARY_READER_MAKE_BJD_TYPES_MAP_'
[build]  3245 |     bjd_type{'l', "int32"},                    \
[build]       |             ^
[build] C:\Users\pperv\code\unnamed_rpg\vendor\json\include\nlohmann/detail/input/binary_reader.hpp(3258,9): warning: generalized initializer lists are incompatible with C++98 [-Wc++98-compat]
[build] C:\Users\pperv\code\unnamed_rpg\vendor\json\include\nlohmann/detail/input/binary_reader.hpp(3246,13): note: expanded from macro 'JSON_BINARY_READER_MAKE_BJD_TYPES_MAP_'
[build]  3246 |     bjd_type{'m', "uint32"},                   \
[build]       |             ^
[build] C:\Users\pperv\code\unnamed_rpg\vendor\json\include\nlohmann/detail/input/binary_reader.hpp(3258,9): warning: generalized initializer lists are incompatible with C++98 [-Wc++98-compat]
[build] C:\Users\pperv\code\unnamed_rpg\vendor\json\include\nlohmann/detail/input/binary_reader.hpp(3247,13): note: expanded from macro 'JSON_BINARY_READER_MAKE_BJD_TYPES_MAP_'
[build]  3247 |     bjd_type{'u', "uint16"})
[build]       |             ^
[build] C:\Users\pperv\code\unnamed_rpg\vendor\json\include\nlohmann/detail/input/binary_reader.hpp(3266,5): warning: 'constexpr' specifier is incompatible with C++98 [-Wc++98-compat]
[build]  3266 |     constexpr std::size_t binary_reader<BasicJsonType, InputAdapterType, SAX>::npos;
[build]       |     ^
[build] C:\Users\pperv\code\unnamed_rpg\vendor\json\include\nlohmann/detail/input/binary_reader.hpp(3266,80): warning: out-of-line definition of constexpr static data member is redundant in C++17 and is deprecated [-Wdeprecated-redundant-constexpr-static-def]
[build]  3266 |     constexpr std::size_t binary_reader<BasicJsonType, InputAdapterType, SAX>::npos;
[build]       |                                                                                ^
[build] In file included from C:\Users\pperv\code\unnamed_rpg\vendor\json-schema-validator\src\string-format-check.cpp:1:
[build] In file included from C:\Users\pperv\code\unnamed_rpg\vendor\json-schema-validator\src\nlohmann/json-schema.hpp:24:
[build] In file included from C:\Users\pperv\code\unnamed_rpg\vendor\json\include\nlohmann/json.hpp:53:
[build] C:\Users\pperv\code\unnamed_rpg\vendor\json\include\nlohmann/detail/input/parser.hpp(27,1): warning: empty macro arguments are incompatible with C++98 [-Wc++98-compat-pedantic]
[build]    27 | NLOHMANN_JSON_NAMESPACE_BEGIN
[build]       | ^
[build] C:\Users\pperv\code\unnamed_rpg\vendor\json\include\nlohmann/detail/abi_macros.hpp(102,17): note: expanded from macro 'NLOHMANN_JSON_NAMESPACE_BEGIN'
[build]   102 |                 NLOHMANN_JSON_ABI_TAGS,              \
[build]       |                 ^
[build] C:\Users\pperv\code\unnamed_rpg\vendor\json\include\nlohmann/detail/abi_macros.hpp(65,5): note: expanded from macro 'NLOHMANN_JSON_ABI_TAGS'
[build]    65 |     NLOHMANN_JSON_ABI_TAGS_CONCAT(                                   \
[build]       |     ^
[build] C:\Users\pperv\code\unnamed_rpg\vendor\json\include\nlohmann/detail/abi_macros.hpp(62,39): note: expanded from macro 'NLOHMANN_JSON_ABI_TAGS_CONCAT'
[build]    62 |     NLOHMANN_JSON_ABI_TAGS_CONCAT_EX(a, b, c)
[build]       |                                       ^
[build] In file included from C:\Users\pperv\code\unnamed_rpg\vendor\json-schema-validator\src\string-format-check.cpp:1:
[build] In file included from C:\Users\pperv\code\unnamed_rpg\vendor\json-schema-validator\src\nlohmann/json-schema.hpp:24:
[build] In file included from C:\Users\pperv\code\unnamed_rpg\vendor\json\include\nlohmann/json.hpp:53:
[build] C:\Users\pperv\code\unnamed_rpg\vendor\json\include\nlohmann/detail/input/parser.hpp(27,1): warning: empty macro arguments are incompatible with C++98 [-Wc++98-compat-pedantic]
[build] C:\Users\pperv\code\unnamed_rpg\vendor\json\include\nlohmann/detail/abi_macros.hpp(102,17): note: expanded from macro 'NLOHMANN_JSON_NAMESPACE_BEGIN'
[build]   102 |                 NLOHMANN_JSON_ABI_TAGS,              \
[build]       |                 ^
[build] C:\Users\pperv\code\unnamed_rpg\vendor\json\include\nlohmann/detail/abi_macros.hpp(65,5): note: expanded from macro 'NLOHMANN_JSON_ABI_TAGS'
[build]    65 |     NLOHMANN_JSON_ABI_TAGS_CONCAT(                                   \
[build]       |     ^
[build] C:\Users\pperv\code\unnamed_rpg\vendor\json\include\nlohmann/detail/abi_macros.hpp(62,42): note: expanded from macro 'NLOHMANN_JSON_ABI_TAGS_CONCAT'
[build]    62 |     NLOHMANN_JSON_ABI_TAGS_CONCAT_EX(a, b, c)
[build]       |                                          ^
[build] In file included from C:\Users\pperv\code\unnamed_rpg\vendor\json-schema-validator\src\string-format-check.cpp:1:
[build] In file included from C:\Users\pperv\code\unnamed_rpg\vendor\json-schema-validator\src\nlohmann/json-schema.hpp:24:
[build] In file included from C:\Users\pperv\code\unnamed_rpg\vendor\json\include\nlohmann/json.hpp:53:
[build] C:\Users\pperv\code\unnamed_rpg\vendor\json\include\nlohmann/detail/input/parser.hpp(27,1): warning: empty macro arguments are incompatible with C++98 [-Wc++98-compat-pedantic]
[build] C:\Users\pperv\code\unnamed_rpg\vendor\json\include\nlohmann/detail/abi_macros.hpp(102,17): note: expanded from macro 'NLOHMANN_JSON_NAMESPACE_BEGIN'
[build]   102 |                 NLOHMANN_JSON_ABI_TAGS,              \
[build]       |                 ^
[build] C:\Users\pperv\code\unnamed_rpg\vendor\json\include\nlohmann/detail/abi_macros.hpp(65,5): note: expanded from macro 'NLOHMANN_JSON_ABI_TAGS'
[build]    65 |     NLOHMANN_JSON_ABI_TAGS_CONCAT(                                   \
[build]       |     ^
[build] C:\Users\pperv\code\unnamed_rpg\vendor\json\include\nlohmann/detail/abi_macros.hpp(62,45): note: expanded from macro 'NLOHMANN_JSON_ABI_TAGS_CONCAT'
[build]    62 |     NLOHMANN_JSON_ABI_TAGS_CONCAT_EX(a, b, c)
[build]       |                                             ^
[build] In file included from C:\Users\pperv\code\unnamed_rpg\vendor\json-schema-validator\src\string-format-check.cpp:1:
[build] In file included from C:\Users\pperv\code\unnamed_rpg\vendor\json-schema-validator\src\nlohmann/json-schema.hpp:24:
[build] In file included from C:\Users\pperv\code\unnamed_rpg\vendor\json\include\nlohmann/json.hpp:53:
[build] C:\Users\pperv\code\unnamed_rpg\vendor\json\include\nlohmann/detail/input/parser.hpp(27,1): warning: inline namespaces are incompatible with C++98 [-Wc++98-compat]
[build] C:\Users\pperv\code\unnamed_rpg\vendor\json\include\nlohmann/detail/abi_macros.hpp(101,5): note: expanded from macro 'NLOHMANN_JSON_NAMESPACE_BEGIN'
[build]   101 |     inline namespace NLOHMANN_JSON_NAMESPACE_CONCAT( \
[build]       |     ^
[build] In file included from C:\Users\pperv\code\unnamed_rpg\vendor\json-schema-validator\src\string-format-check.cpp:1:
[build] In file included from C:\Users\pperv\code\unnamed_rpg\vendor\json-schema-validator\src\nlohmann/json-schema.hpp:24:
[build] In file included from C:\Users\pperv\code\unnamed_rpg\vendor\json\include\nlohmann/json.hpp:53:
[build] C:\Users\pperv\code\unnamed_rpg\vendor\json\include\nlohmann/detail/input/parser.hpp(34,6): warning: scoped enumerations are incompatible with C++98 [-Wc++98-compat]
[build]    34 | enum class parse_event_t : std::uint8_t
[build]       |      ^
[build] C:\Users\pperv\code\unnamed_rpg\vendor\json\include\nlohmann/detail/input/parser.hpp(34,26): warning: enumeration types with a fixed underlying type are incompatible with C++98 [-Wc++98-compat]
[build]    34 | enum class parse_event_t : std::uint8_t
[build]       |                          ^~~~~~~~~~~~~~
[build] C:\Users\pperv\code\unnamed_rpg\vendor\json\include\nlohmann/detail/input/parser.hpp(52,5): warning: alias declarations are incompatible with C++98 [-Wc++98-compat]
[build]    52 |     std::function<bool(int /*depth*/, parse_event_t /*event*/, BasicJsonType& /*parsed*/)>;
[build]       |     ^
[build] C:\Users\pperv\code\unnamed_rpg\vendor\json\include\nlohmann/detail/input/parser.hpp(62,30): warning: alias declarations are incompatible with C++98 [-Wc++98-compat]
[build]    62 |     using number_integer_t = typename BasicJsonType::number_integer_t;
[build]       |                              ^
[build] C:\Users\pperv\code\unnamed_rpg\vendor\json\include\nlohmann/detail/input/parser.hpp(63,31): warning: alias declarations are incompatible with C++98 [-Wc++98-compat]
[build]    63 |     using number_unsigned_t = typename BasicJsonType::number_unsigned_t;
[build]       |                               ^
[build] C:\Users\pperv\code\unnamed_rpg\vendor\json\include\nlohmann/detail/input/parser.hpp(64,28): warning: alias declarations are incompatible with C++98 [-Wc++98-compat]
[build]    64 |     using number_float_t = typename BasicJsonType::number_float_t;
[build]       |                            ^
[build] C:\Users\pperv\code\unnamed_rpg\vendor\json\include\nlohmann/detail/input/parser.hpp(65,22): warning: alias declarations are incompatible with C++98 [-Wc++98-compat]
[build]    65 |     using string_t = typename BasicJsonType::string_t;
[build]       |                      ^
[build] C:\Users\pperv\code\unnamed_rpg\vendor\json\include\nlohmann/detail/input/parser.hpp(66,21): warning: alias declarations are incompatible with C++98 [-Wc++98-compat]
[build]    66 |     using lexer_t = lexer<BasicJsonType, InputAdapterType>;
[build]       |                     ^
[build] C:\Users\pperv\code\unnamed_rpg\vendor\json\include\nlohmann/detail/input/parser.hpp(67,24): warning: alias declarations are incompatible with C++98 [-Wc++98-compat]
[build]    67 |     using token_type = typename lexer_t::token_type;
[build]       |                        ^
[build] C:\Users\pperv\code\unnamed_rpg\vendor\json\include\nlohmann/detail/input/parser.hpp(71,37): warning: rvalue references are incompatible with C++98 [-Wc++98-compat]
[build]    71 |     explicit parser(InputAdapterType&& adapter,
[build]       |                                     ^
[build] C:\Users\pperv\code\unnamed_rpg\vendor\json\include\nlohmann/detail/input/parser.hpp(524,53): warning: default member initializer for non-static data members is incompatible with C++98 [-Wc++98-compat]
[build]   524 |     const parser_callback_t<BasicJsonType> callback = nullptr;
[build]       |                                                     ^
[build] C:\Users\pperv\code\unnamed_rpg\vendor\json\include\nlohmann/detail/input/parser.hpp(526,27): warning: default member initializer for non-static data members is incompatible with C++98 [-Wc++98-compat]
[build]   526 |     token_type last_token = token_type::uninitialized;
[build]       |                           ^
[build] C:\Users\pperv\code\unnamed_rpg\vendor\json\include\nlohmann/detail/input/parser.hpp(530,33): warning: default member initializer for non-static data members is incompatible with C++98 [-Wc++98-compat]
[build]   530 |     const bool allow_exceptions = true;
[build]       |                                 ^
[build] C:\Users\pperv\code\unnamed_rpg\vendor\json\include\nlohmann/detail/input/parser.hpp(532,39): warning: default member initializer for non-static data members is incompatible with C++98 [-Wc++98-compat]
[build]   532 |     const bool ignore_trailing_commas = false;
[build]       |                                       ^
[build] C:\Users\pperv\code\unnamed_rpg\vendor\json\include\nlohmann/detail/input/parser.hpp(72,59): warning: 'nullptr' is incompatible with C++98 [-Wc++98-compat]
[build]    72 |                     parser_callback_t<BasicJsonType> cb = nullptr,
[build]       |                                                           ^
[build] C:\Users\pperv\code\unnamed_rpg\vendor\json\include\nlohmann/detail/input/parser.hpp(524,55): warning: 'nullptr' is incompatible with C++98 [-Wc++98-compat]
[build]   524 |     const parser_callback_t<BasicJsonType> callback = nullptr;
[build]       |                                                       ^
[build] In file included from C:\Users\pperv\code\unnamed_rpg\vendor\json-schema-validator\src\string-format-check.cpp:1:
[build] In file included from C:\Users\pperv\code\unnamed_rpg\vendor\json-schema-validator\src\nlohmann/json-schema.hpp:24:
[build] In file included from C:\Users\pperv\code\unnamed_rpg\vendor\json\include\nlohmann/json.hpp:54:
[build] In file included from C:\Users\pperv\code\unnamed_rpg\vendor\json\include\nlohmann/detail/iterators/internal_iterator.hpp:12:
[build] C:\Users\pperv\code\unnamed_rpg\vendor\json\include\nlohmann/detail/iterators/primitive_iterator.hpp(16,1): warning: empty macro arguments are incompatible with C++98 [-Wc++98-compat-pedantic]
[build]    16 | NLOHMANN_JSON_NAMESPACE_BEGIN
[build]       | ^
[build] C:\Users\pperv\code\unnamed_rpg\vendor\json\include\nlohmann/detail/abi_macros.hpp(102,17): note: expanded from macro 'NLOHMANN_JSON_NAMESPACE_BEGIN'
[build]   102 |                 NLOHMANN_JSON_ABI_TAGS,              \
[build]       |                 ^
[build] C:\Users\pperv\code\unnamed_rpg\vendor\json\include\nlohmann/detail/abi_macros.hpp(65,5): note: expanded from macro 'NLOHMANN_JSON_ABI_TAGS'
[build]    65 |     NLOHMANN_JSON_ABI_TAGS_CONCAT(                                   \
[build]       |     ^
[build] C:\Users\pperv\code\unnamed_rpg\vendor\json\include\nlohmann/detail/abi_macros.hpp(62,39): note: expanded from macro 'NLOHMANN_JSON_ABI_TAGS_CONCAT'
[build]    62 |     NLOHMANN_JSON_ABI_TAGS_CONCAT_EX(a, b, c)
[build]       |                                       ^
[build] In file included from C:\Users\pperv\code\unnamed_rpg\vendor\json-schema-validator\src\string-format-check.cpp:1:
[build] In file included from C:\Users\pperv\code\unnamed_rpg\vendor\json-schema-validator\src\nlohmann/json-schema.hpp:24:
[build] In file included from C:\Users\pperv\code\unnamed_rpg\vendor\json\include\nlohmann/json.hpp:54:
[build] In file included from C:\Users\pperv\code\unnamed_rpg\vendor\json\include\nlohmann/detail/iterators/internal_iterator.hpp:12:
[build] C:\Users\pperv\code\unnamed_rpg\vendor\json\include\nlohmann/detail/iterators/primitive_iterator.hpp(16,1): warning: empty macro arguments are incompatible with C++98 [-Wc++98-compat-pedantic]
[build] C:\Users\pperv\code\unnamed_rpg\vendor\json\include\nlohmann/detail/abi_macros.hpp(102,17): note: expanded from macro 'NLOHMANN_JSON_NAMESPACE_BEGIN'
[build]   102 |                 NLOHMANN_JSON_ABI_TAGS,              \
[build]       |                 ^
[build] C:\Users\pperv\code\unnamed_rpg\vendor\json\include\nlohmann/detail/abi_macros.hpp(65,5): note: expanded from macro 'NLOHMANN_JSON_ABI_TAGS'
[build]    65 |     NLOHMANN_JSON_ABI_TAGS_CONCAT(                                   \
[build]       |     ^
[build] C:\Users\pperv\code\unnamed_rpg\vendor\json\include\nlohmann/detail/abi_macros.hpp(62,42): note: expanded from macro 'NLOHMANN_JSON_ABI_TAGS_CONCAT'
[build]    62 |     NLOHMANN_JSON_ABI_TAGS_CONCAT_EX(a, b, c)
[build]       |                                          ^
[build] In file included from C:\Users\pperv\code\unnamed_rpg\vendor\json-schema-validator\src\string-format-check.cpp:1:
[build] In file included from C:\Users\pperv\code\unnamed_rpg\vendor\json-schema-validator\src\nlohmann/json-schema.hpp:24:
[build] In file included from C:\Users\pperv\code\unnamed_rpg\vendor\json\include\nlohmann/json.hpp:54:
[build] In file included from C:\Users\pperv\code\unnamed_rpg\vendor\json\include\nlohmann/detail/iterators/internal_iterator.hpp:12:
[build] C:\Users\pperv\code\unnamed_rpg\vendor\json\include\nlohmann/detail/iterators/primitive_iterator.hpp(16,1): warning: empty macro arguments are incompatible with C++98 [-Wc++98-compat-pedantic]
[build] C:\Users\pperv\code\unnamed_rpg\vendor\json\include\nlohmann/detail/abi_macros.hpp(102,17): note: expanded from macro 'NLOHMANN_JSON_NAMESPACE_BEGIN'
[build]   102 |                 NLOHMANN_JSON_ABI_TAGS,              \
[build]       |                 ^
[build] C:\Users\pperv\code\unnamed_rpg\vendor\json\include\nlohmann/detail/abi_macros.hpp(65,5): note: expanded from macro 'NLOHMANN_JSON_ABI_TAGS'
[build]    65 |     NLOHMANN_JSON_ABI_TAGS_CONCAT(                                   \
[build]       |     ^
[build] C:\Users\pperv\code\unnamed_rpg\vendor\json\include\nlohmann/detail/abi_macros.hpp(62,45): note: expanded from macro 'NLOHMANN_JSON_ABI_TAGS_CONCAT'
[build]    62 |     NLOHMANN_JSON_ABI_TAGS_CONCAT_EX(a, b, c)
[build]       |                                             ^
[build] In file included from C:\Users\pperv\code\unnamed_rpg\vendor\json-schema-validator\src\string-format-check.cpp:1:
[build] In file included from C:\Users\pperv\code\unnamed_rpg\vendor\json-schema-validator\src\nlohmann/json-schema.hpp:24:
[build] In file included from C:\Users\pperv\code\unnamed_rpg\vendor\json\include\nlohmann/json.hpp:54:
[build] In file included from C:\Users\pperv\code\unnamed_rpg\vendor\json\include\nlohmann/detail/iterators/internal_iterator.hpp:12:
[build] C:\Users\pperv\code\unnamed_rpg\vendor\json\include\nlohmann/detail/iterators/primitive_iterator.hpp(16,1): warning: inline namespaces are incompatible with C++98 [-Wc++98-compat]
[build] C:\Users\pperv\code\unnamed_rpg\vendor\json\include\nlohmann/detail/abi_macros.hpp(101,5): note: expanded from macro 'NLOHMANN_JSON_NAMESPACE_BEGIN'
[build]   101 |     inline namespace NLOHMANN_JSON_NAMESPACE_CONCAT( \
[build]       |     ^
[build] In file included from C:\Users\pperv\code\unnamed_rpg\vendor\json-schema-validator\src\string-format-check.cpp:1:
[build] In file included from C:\Users\pperv\code\unnamed_rpg\vendor\json-schema-validator\src\nlohmann/json-schema.hpp:24:
[build] In file included from C:\Users\pperv\code\unnamed_rpg\vendor\json\include\nlohmann/json.hpp:54:
[build] In file included from C:\Users\pperv\code\unnamed_rpg\vendor\json\include\nlohmann/detail/iterators/internal_iterator.hpp:12:
[build] C:\Users\pperv\code\unnamed_rpg\vendor\json\include\nlohmann/detail/iterators/primitive_iterator.hpp(32,29): warning: alias declarations are incompatible with C++98 [-Wc++98-compat]
[build]    32 |     using difference_type = std::ptrdiff_t;
[build]       |                             ^
[build] C:\Users\pperv\code\unnamed_rpg\vendor\json\include\nlohmann/detail/iterators/primitive_iterator.hpp(33,12): warning: 'constexpr' specifier is incompatible with C++98 [-Wc++98-compat]
[build]    33 |     static constexpr difference_type begin_value = 0;
[build]       |            ^
[build] C:\Users\pperv\code\unnamed_rpg\vendor\json\include\nlohmann/detail/iterators/primitive_iterator.hpp(34,12): warning: 'constexpr' specifier is incompatible with C++98 [-Wc++98-compat]
[build]    34 |     static constexpr difference_type end_value = begin_value + 1;
[build]       |            ^
[build] C:\Users\pperv\code\unnamed_rpg\vendor\json\include\nlohmann/detail/iterators/primitive_iterator.hpp(38,26): warning: default member initializer for non-static data members is incompatible with C++98 [-Wc++98-compat]
[build]    38 |     difference_type m_it = (std::numeric_limits<std::ptrdiff_t>::min)();
[build]       |                          ^
[build] C:\Users\pperv\code\unnamed_rpg\vendor\json\include\nlohmann/detail/iterators/primitive_iterator.hpp(41,5): warning: 'constexpr' specifier is incompatible with C++98 [-Wc++98-compat]
[build]    41 |     constexpr difference_type get_value() const noexcept
[build]       |     ^
[build] C:\Users\pperv\code\unnamed_rpg\vendor\json\include\nlohmann/detail/iterators/primitive_iterator.hpp(42,5): warning: noexcept specifications are incompatible with C++98 [-Wc++98-compat]
[build]    42 |     {
[build]       |     ^
[build] C:\Users\pperv\code\unnamed_rpg\vendor\json\include\nlohmann/detail/iterators/primitive_iterator.hpp(48,5): warning: noexcept specifications are incompatible with C++98 [-Wc++98-compat]
[build]    48 |     {
[build]       |     ^
[build] C:\Users\pperv\code\unnamed_rpg\vendor\json\include\nlohmann/detail/iterators/primitive_iterator.hpp(54,5): warning: noexcept specifications are incompatible with C++98 [-Wc++98-compat]
[build]    54 |     {
[build]       |     ^
[build] C:\Users\pperv\code\unnamed_rpg\vendor\json\include\nlohmann/detail/iterators/primitive_iterator.hpp(59,5): warning: 'constexpr' specifier is incompatible with C++98 [-Wc++98-compat]
[build]    59 |     constexpr bool is_begin() const noexcept
[build]       |     ^
[build] C:\Users\pperv\code\unnamed_rpg\vendor\json\include\nlohmann/detail/iterators/primitive_iterator.hpp(60,5): warning: noexcept specifications are incompatible with C++98 [-Wc++98-compat]
[build]    60 |     {
[build]       |     ^
[build] C:\Users\pperv\code\unnamed_rpg\vendor\json\include\nlohmann/detail/iterators/primitive_iterator.hpp(65,5): warning: 'constexpr' specifier is incompatible with C++98 [-Wc++98-compat]
[build]    65 |     constexpr bool is_end() const noexcept
[build]       |     ^
[build] C:\Users\pperv\code\unnamed_rpg\vendor\json\include\nlohmann/detail/iterators/primitive_iterator.hpp(66,5): warning: noexcept specifications are incompatible with C++98 [-Wc++98-compat]
[build]    66 |     {
[build]       |     ^
[build] C:\Users\pperv\code\unnamed_rpg\vendor\json\include\nlohmann/detail/iterators/primitive_iterator.hpp(70,12): warning: 'constexpr' specifier is incompatible with C++98 [-Wc++98-compat]
[build]    70 |     friend constexpr bool operator==(primitive_iterator_t lhs, primitive_iterator_t rhs) noexcept
[build]       |            ^
[build] C:\Users\pperv\code\unnamed_rpg\vendor\json\include\nlohmann/detail/iterators/primitive_iterator.hpp(71,5): warning: noexcept specifications are incompatible with C++98 [-Wc++98-compat]
[build]    71 |     {
[build]       |     ^
[build] C:\Users\pperv\code\unnamed_rpg\vendor\json\include\nlohmann/detail/iterators/primitive_iterator.hpp(75,12): warning: 'constexpr' specifier is incompatible with C++98 [-Wc++98-compat]
[build]    75 |     friend constexpr bool operator<(primitive_iterator_t lhs, primitive_iterator_t rhs) noexcept
[build]       |            ^
[build] C:\Users\pperv\code\unnamed_rpg\vendor\json\include\nlohmann/detail/iterators/primitive_iterator.hpp(76,5): warning: noexcept specifications are incompatible with C++98 [-Wc++98-compat]
[build]    76 |     {
[build]       |     ^
[build] C:\Users\pperv\code\unnamed_rpg\vendor\json\include\nlohmann/detail/iterators/primitive_iterator.hpp(81,5): warning: noexcept specifications are incompatible with C++98 [-Wc++98-compat]
[build]    81 |     {
[build]       |     ^
[build] C:\Users\pperv\code\unnamed_rpg\vendor\json\include\nlohmann/detail/iterators/primitive_iterator.hpp(87,12): warning: 'constexpr' specifier is incompatible with C++98 [-Wc++98-compat]
[build]    87 |     friend constexpr difference_type operator-(primitive_iterator_t lhs, primitive_iterator_t rhs) noexcept
[build]       |            ^
[build] C:\Users\pperv\code\unnamed_rpg\vendor\json\include\nlohmann/detail/iterators/primitive_iterator.hpp(88,5): warning: noexcept specifications are incompatible with C++98 [-Wc++98-compat]
[build]    88 |     {
[build]       |     ^
[build] C:\Users\pperv\code\unnamed_rpg\vendor\json\include\nlohmann/detail/iterators/primitive_iterator.hpp(93,5): warning: noexcept specifications are incompatible with C++98 [-Wc++98-compat]
[build]    93 |     {
[build]       |     ^
[build] C:\Users\pperv\code\unnamed_rpg\vendor\json\include\nlohmann/detail/iterators/primitive_iterator.hpp(98,41): warning: reference qualifiers on functions are incompatible with C++98 [-Wc++98-compat]
[build]    98 |     primitive_iterator_t operator++(int)& noexcept // NOLINT(cert-dcl21-cpp)
[build]       |                                         ^
[build] C:\Users\pperv\code\unnamed_rpg\vendor\json\include\nlohmann/detail/iterators/primitive_iterator.hpp(99,5): warning: noexcept specifications are incompatible with C++98 [-Wc++98-compat]
[build]    99 |     {
[build]       |     ^
[build] C:\Users\pperv\code\unnamed_rpg\vendor\json\include\nlohmann/detail/iterators/primitive_iterator.hpp(106,5): warning: noexcept specifications are incompatible with C++98 [-Wc++98-compat]
[build]   106 |     {
[build]       |     ^
[build] C:\Users\pperv\code\unnamed_rpg\vendor\json\include\nlohmann/detail/iterators/primitive_iterator.hpp(111,41): warning: reference qualifiers on functions are incompatible with C++98 [-Wc++98-compat]
[build]   111 |     primitive_iterator_t operator--(int)& noexcept // NOLINT(cert-dcl21-cpp)
[build]       |                                         ^
[build] C:\Users\pperv\code\unnamed_rpg\vendor\json\include\nlohmann/detail/iterators/primitive_iterator.hpp(112,5): warning: noexcept specifications are incompatible with C++98 [-Wc++98-compat]
[build]   112 |     {
[build]       |     ^
[build] C:\Users\pperv\code\unnamed_rpg\vendor\json\include\nlohmann/detail/iterators/primitive_iterator.hpp(119,5): warning: noexcept specifications are incompatible with C++98 [-Wc++98-compat]
[build]   119 |     {
[build]       |     ^
[build] C:\Users\pperv\code\unnamed_rpg\vendor\json\include\nlohmann/detail/iterators/primitive_iterator.hpp(125,5): warning: noexcept specifications are incompatible with C++98 [-Wc++98-compat]
[build]   125 |     {
[build]       |     ^
[build] C:\Users\pperv\code\unnamed_rpg\vendor\json\include\nlohmann/detail/iterators/primitive_iterator.hpp(82,9): warning: 'auto' type specifier is incompatible with C++98 [-Wc++98-compat]
[build]    82 |         auto result = *this;
[build]       |         ^~~~
[build] C:\Users\pperv\code\unnamed_rpg\vendor\json\include\nlohmann/detail/iterators/primitive_iterator.hpp(100,9): warning: 'auto' type specifier is incompatible with C++98 [-Wc++98-compat]
[build]   100 |         auto result = *this;
[build]       |         ^~~~
[build] C:\Users\pperv\code\unnamed_rpg\vendor\json\include\nlohmann/detail/iterators/primitive_iterator.hpp(113,9): warning: 'auto' type specifier is incompatible with C++98 [-Wc++98-compat]
[build]   113 |         auto result = *this;
[build]       |         ^~~~
[build] In file included from C:\Users\pperv\code\unnamed_rpg\vendor\json-schema-validator\src\string-format-check.cpp:1:
[build] In file included from C:\Users\pperv\code\unnamed_rpg\vendor\json-schema-validator\src\nlohmann/json-schema.hpp:24:
[build] In file included from C:\Users\pperv\code\unnamed_rpg\vendor\json\include\nlohmann/json.hpp:54:
[build] C:\Users\pperv\code\unnamed_rpg\vendor\json\include\nlohmann/detail/iterators/internal_iterator.hpp(14,1): warning: empty macro arguments are incompatible with C++98 [-Wc++98-compat-pedantic]
[build]    14 | NLOHMANN_JSON_NAMESPACE_BEGIN
[build]       | ^
[build] C:\Users\pperv\code\unnamed_rpg\vendor\json\include\nlohmann/detail/abi_macros.hpp(102,17): note: expanded from macro 'NLOHMANN_JSON_NAMESPACE_BEGIN'
[build]   102 |                 NLOHMANN_JSON_ABI_TAGS,              \
[build]       |                 ^
[build] C:\Users\pperv\code\unnamed_rpg\vendor\json\include\nlohmann/detail/abi_macros.hpp(65,5): note: expanded from macro 'NLOHMANN_JSON_ABI_TAGS'
[build]    65 |     NLOHMANN_JSON_ABI_TAGS_CONCAT(                                   \
[build]       |     ^
[build] C:\Users\pperv\code\unnamed_rpg\vendor\json\include\nlohmann/detail/abi_macros.hpp(62,39): note: expanded from macro 'NLOHMANN_JSON_ABI_TAGS_CONCAT'
[build]    62 |     NLOHMANN_JSON_ABI_TAGS_CONCAT_EX(a, b, c)
[build]       |                                       ^
[build] In file included from C:\Users\pperv\code\unnamed_rpg\vendor\json-schema-validator\src\string-format-check.cpp:1:
[build] In file included from C:\Users\pperv\code\unnamed_rpg\vendor\json-schema-validator\src\nlohmann/json-schema.hpp:24:
[build] In file included from C:\Users\pperv\code\unnamed_rpg\vendor\json\include\nlohmann/json.hpp:54:
[build] C:\Users\pperv\code\unnamed_rpg\vendor\json\include\nlohmann/detail/iterators/internal_iterator.hpp(14,1): warning: empty macro arguments are incompatible with C++98 [-Wc++98-compat-pedantic]
[build] C:\Users\pperv\code\unnamed_rpg\vendor\json\include\nlohmann/detail/abi_macros.hpp(102,17): note: expanded from macro 'NLOHMANN_JSON_NAMESPACE_BEGIN'
[build]   102 |                 NLOHMANN_JSON_ABI_TAGS,              \
[build]       |                 ^
[build] C:\Users\pperv\code\unnamed_rpg\vendor\json\include\nlohmann/detail/abi_macros.hpp(65,5): note: expanded from macro 'NLOHMANN_JSON_ABI_TAGS'
[build]    65 |     NLOHMANN_JSON_ABI_TAGS_CONCAT(                                   \
[build]       |     ^
[build] C:\Users\pperv\code\unnamed_rpg\vendor\json\include\nlohmann/detail/abi_macros.hpp(62,42): note: expanded from macro 'NLOHMANN_JSON_ABI_TAGS_CONCAT'
[build]    62 |     NLOHMANN_JSON_ABI_TAGS_CONCAT_EX(a, b, c)
[build]       |                                          ^
[build] In file included from C:\Users\pperv\code\unnamed_rpg\vendor\json-schema-validator\src\string-format-check.cpp:1:
[build] In file included from C:\Users\pperv\code\unnamed_rpg\vendor\json-schema-validator\src\nlohmann/json-schema.hpp:24:
[build] In file included from C:\Users\pperv\code\unnamed_rpg\vendor\json\include\nlohmann/json.hpp:54:
[build] C:\Users\pperv\code\unnamed_rpg\vendor\json\include\nlohmann/detail/iterators/internal_iterator.hpp(14,1): warning: empty macro arguments are incompatible with C++98 [-Wc++98-compat-pedantic]
[build] C:\Users\pperv\code\unnamed_rpg\vendor\json\include\nlohmann/detail/abi_macros.hpp(102,17): note: expanded from macro 'NLOHMANN_JSON_NAMESPACE_BEGIN'
[build]   102 |                 NLOHMANN_JSON_ABI_TAGS,              \
[build]       |                 ^
[build] C:\Users\pperv\code\unnamed_rpg\vendor\json\include\nlohmann/detail/abi_macros.hpp(65,5): note: expanded from macro 'NLOHMANN_JSON_ABI_TAGS'
[build]    65 |     NLOHMANN_JSON_ABI_TAGS_CONCAT(                                   \
[build]       |     ^
[build] C:\Users\pperv\code\unnamed_rpg\vendor\json\include\nlohmann/detail/abi_macros.hpp(62,45): note: expanded from macro 'NLOHMANN_JSON_ABI_TAGS_CONCAT'
[build]    62 |     NLOHMANN_JSON_ABI_TAGS_CONCAT_EX(a, b, c)
[build]       |                                             ^
[build] In file included from C:\Users\pperv\code\unnamed_rpg\vendor\json-schema-validator\src\string-format-check.cpp:1:
[build] In file included from C:\Users\pperv\code\unnamed_rpg\vendor\json-schema-validator\src\nlohmann/json-schema.hpp:24:
[build] In file included from C:\Users\pperv\code\unnamed_rpg\vendor\json\include\nlohmann/json.hpp:54:
[build] C:\Users\pperv\code\unnamed_rpg\vendor\json\include\nlohmann/detail/iterators/internal_iterator.hpp(14,1): warning: inline namespaces are incompatible with C++98 [-Wc++98-compat]
[build] C:\Users\pperv\code\unnamed_rpg\vendor\json\include\nlohmann/detail/abi_macros.hpp(101,5): note: expanded from macro 'NLOHMANN_JSON_NAMESPACE_BEGIN'
[build]   101 |     inline namespace NLOHMANN_JSON_NAMESPACE_CONCAT( \
[build]       |     ^
[build] In file included from C:\Users\pperv\code\unnamed_rpg\vendor\json-schema-validator\src\string-format-check.cpp:1:
[build] In file included from C:\Users\pperv\code\unnamed_rpg\vendor\json-schema-validator\src\nlohmann/json-schema.hpp:24:
[build] In file included from C:\Users\pperv\code\unnamed_rpg\vendor\json\include\nlohmann/json.hpp:54:
[build] C:\Users\pperv\code\unnamed_rpg\vendor\json\include\nlohmann/detail/iterators/internal_iterator.hpp(27,64): warning: default member initializer for non-static data members is incompatible with C++98 [-Wc++98-compat]
[build]    27 |     typename BasicJsonType::object_t::iterator object_iterator {};
[build]       |                                                                ^
[build] C:\Users\pperv\code\unnamed_rpg\vendor\json\include\nlohmann/detail/iterators/internal_iterator.hpp(29,62): warning: default member initializer for non-static data members is incompatible with C++98 [-Wc++98-compat]
[build]    29 |     typename BasicJsonType::array_t::iterator array_iterator {};
[build]       |                                                              ^
[build] C:\Users\pperv\code\unnamed_rpg\vendor\json\include\nlohmann/detail/iterators/internal_iterator.hpp(31,45): warning: default member initializer for non-static data members is incompatible with C++98 [-Wc++98-compat]
[build]    31 |     primitive_iterator_t primitive_iterator {};
[build]       |                                             ^
[build] C:\Users\pperv\code\unnamed_rpg\vendor\json\include\nlohmann/detail/iterators/internal_iterator.hpp(31,45): warning: constructor call from initializer list is incompatible with C++98 [-Wc++98-compat]
[build]    31 |     primitive_iterator_t primitive_iterator {};
[build]       |                                             ^~
[build] In file included from C:\Users\pperv\code\unnamed_rpg\vendor\json-schema-validator\src\string-format-check.cpp:1:
[build] In file included from C:\Users\pperv\code\unnamed_rpg\vendor\json-schema-validator\src\nlohmann/json-schema.hpp:24:
[build] In file included from C:\Users\pperv\code\unnamed_rpg\vendor\json\include\nlohmann/json.hpp:55:
[build] C:\Users\pperv\code\unnamed_rpg\vendor\json\include\nlohmann/detail/iterators/iter_impl.hpp(22,1): warning: empty macro arguments are incompatible with C++98 [-Wc++98-compat-pedantic]
[build]    22 | NLOHMANN_JSON_NAMESPACE_BEGIN
[build]       | ^
[build] C:\Users\pperv\code\unnamed_rpg\vendor\json\include\nlohmann/detail/abi_macros.hpp(102,17): note: expanded from macro 'NLOHMANN_JSON_NAMESPACE_BEGIN'
[build]   102 |                 NLOHMANN_JSON_ABI_TAGS,              \
[build]       |                 ^
[build] C:\Users\pperv\code\unnamed_rpg\vendor\json\include\nlohmann/detail/abi_macros.hpp(65,5): note: expanded from macro 'NLOHMANN_JSON_ABI_TAGS'
[build]    65 |     NLOHMANN_JSON_ABI_TAGS_CONCAT(                                   \
[build]       |     ^
[build] C:\Users\pperv\code\unnamed_rpg\vendor\json\include\nlohmann/detail/abi_macros.hpp(62,39): note: expanded from macro 'NLOHMANN_JSON_ABI_TAGS_CONCAT'
[build]    62 |     NLOHMANN_JSON_ABI_TAGS_CONCAT_EX(a, b, c)
[build]       |                                       ^
[build] In file included from C:\Users\pperv\code\unnamed_rpg\vendor\json-schema-validator\src\string-format-check.cpp:1:
[build] In file included from C:\Users\pperv\code\unnamed_rpg\vendor\json-schema-validator\src\nlohmann/json-schema.hpp:24:
[build] In file included from C:\Users\pperv\code\unnamed_rpg\vendor\json\include\nlohmann/json.hpp:55:
[build] C:\Users\pperv\code\unnamed_rpg\vendor\json\include\nlohmann/detail/iterators/iter_impl.hpp(22,1): warning: empty macro arguments are incompatible with C++98 [-Wc++98-compat-pedantic]
[build] C:\Users\pperv\code\unnamed_rpg\vendor\json\include\nlohmann/detail/abi_macros.hpp(102,17): note: expanded from macro 'NLOHMANN_JSON_NAMESPACE_BEGIN'
[build]   102 |                 NLOHMANN_JSON_ABI_TAGS,              \
[build]       |                 ^
[build] C:\Users\pperv\code\unnamed_rpg\vendor\json\include\nlohmann/detail/abi_macros.hpp(65,5): note: expanded from macro 'NLOHMANN_JSON_ABI_TAGS'
[build]    65 |     NLOHMANN_JSON_ABI_TAGS_CONCAT(                                   \
[build]       |     ^
[build] C:\Users\pperv\code\unnamed_rpg\vendor\json\include\nlohmann/detail/abi_macros.hpp(62,42): note: expanded from macro 'NLOHMANN_JSON_ABI_TAGS_CONCAT'
[build]    62 |     NLOHMANN_JSON_ABI_TAGS_CONCAT_EX(a, b, c)
[build]       |                                          ^
[build] In file included from C:\Users\pperv\code\unnamed_rpg\vendor\json-schema-validator\src\string-format-check.cpp:1:
[build] In file included from C:\Users\pperv\code\unnamed_rpg\vendor\json-schema-validator\src\nlohmann/json-schema.hpp:24:
[build] In file included from C:\Users\pperv\code\unnamed_rpg\vendor\json\include\nlohmann/json.hpp:55:
[build] C:\Users\pperv\code\unnamed_rpg\vendor\json\include\nlohmann/detail/iterators/iter_impl.hpp(22,1): warning: empty macro arguments are incompatible with C++98 [-Wc++98-compat-pedantic]
[build] C:\Users\pperv\code\unnamed_rpg\vendor\json\include\nlohmann/detail/abi_macros.hpp(102,17): note: expanded from macro 'NLOHMANN_JSON_NAMESPACE_BEGIN'
[build]   102 |                 NLOHMANN_JSON_ABI_TAGS,              \
[build]       |                 ^
[build] C:\Users\pperv\code\unnamed_rpg\vendor\json\include\nlohmann/detail/abi_macros.hpp(65,5): note: expanded from macro 'NLOHMANN_JSON_ABI_TAGS'
[build]    65 |     NLOHMANN_JSON_ABI_TAGS_CONCAT(                                   \
[build]       |     ^
[build] C:\Users\pperv\code\unnamed_rpg\vendor\json\include\nlohmann/detail/abi_macros.hpp(62,45): note: expanded from macro 'NLOHMANN_JSON_ABI_TAGS_CONCAT'
[build]    62 |     NLOHMANN_JSON_ABI_TAGS_CONCAT_EX(a, b, c)
[build]       |                                             ^
[build] In file included from C:\Users\pperv\code\unnamed_rpg\vendor\json-schema-validator\src\string-format-check.cpp:1:
[build] In file included from C:\Users\pperv\code\unnamed_rpg\vendor\json-schema-validator\src\nlohmann/json-schema.hpp:24:
[build] In file included from C:\Users\pperv\code\unnamed_rpg\vendor\json\include\nlohmann/json.hpp:55:
[build] C:\Users\pperv\code\unnamed_rpg\vendor\json\include\nlohmann/detail/iterators/iter_impl.hpp(22,1): warning: inline namespaces are incompatible with C++98 [-Wc++98-compat]
[build] C:\Users\pperv\code\unnamed_rpg\vendor\json\include\nlohmann/detail/abi_macros.hpp(101,5): note: expanded from macro 'NLOHMANN_JSON_NAMESPACE_BEGIN'
[build]   101 |     inline namespace NLOHMANN_JSON_NAMESPACE_CONCAT( \
[build]       |     ^
[build] In file included from C:\Users\pperv\code\unnamed_rpg\vendor\json-schema-validator\src\string-format-check.cpp:1:
[build] In file included from C:\Users\pperv\code\unnamed_rpg\vendor\json-schema-validator\src\nlohmann/json-schema.hpp:24:
[build] In file included from C:\Users\pperv\code\unnamed_rpg\vendor\json\include\nlohmann/json.hpp:55:
[build] C:\Users\pperv\code\unnamed_rpg\vendor\json\include\nlohmann/detail/iterators/iter_impl.hpp(50,29): warning: alias declarations are incompatible with C++98 [-Wc++98-compat]
[build]    50 |     using other_iter_impl = iter_impl<typename std::conditional<std::is_const<BasicJsonType>::value, typename std::remove_const<BasicJsonType>::type, const BasicJsonType>::type>;
[build]       |                             ^
[build] C:\Users\pperv\code\unnamed_rpg\vendor\json\include\nlohmann/detail/iterators/iter_impl.hpp(52,5): warning: non-class friend type 'other_iter_impl' (aka 'iter_impl<typename std::conditional<std::is_const<BasicJsonType>::value, typename std::remove_const<BasicJsonType>::type, const BasicJsonType>::type>') is incompatible with C++98 [-Wc++98-compat]
[build]    52 |     friend other_iter_impl;
[build]       |     ^~~~~~~~~~~~~~~~~~~~~~
[build] C:\Users\pperv\code\unnamed_rpg\vendor\json\include\nlohmann/detail/iterators/iter_impl.hpp(53,5): warning: non-class friend type 'BasicJsonType' is incompatible with C++98 [-Wc++98-compat]
[build]    53 |     friend BasicJsonType;
[build]       |     ^~~~~~~~~~~~~~~~~~~~
[build] C:\Users\pperv\code\unnamed_rpg\vendor\json\include\nlohmann/detail/iterators/iter_impl.hpp(54,5): warning: non-class friend type 'iteration_proxy<iter_impl<BasicJsonType>>' is incompatible with C++98 [-Wc++98-compat]
[build]    54 |     friend iteration_proxy<iter_impl>;
[build]       |     ^~~~~~~~~~~~~~~~~~~~~~~~~~~~~~~~~
[build] C:\Users\pperv\code\unnamed_rpg\vendor\json\include\nlohmann/detail/iterators/iter_impl.hpp(55,5): warning: non-class friend type 'iteration_proxy_value<iter_impl<BasicJsonType>>' is incompatible with C++98 [-Wc++98-compat]
[build]    55 |     friend iteration_proxy_value<iter_impl>;
[build]       |     ^~~~~~~~~~~~~~~~~~~~~~~~~~~~~~~~~~~~~~~
[build] C:\Users\pperv\code\unnamed_rpg\vendor\json\include\nlohmann/detail/iterators/iter_impl.hpp(57,22): warning: alias declarations are incompatible with C++98 [-Wc++98-compat]
[build]    57 |     using object_t = typename BasicJsonType::object_t;
[build]       |                      ^
[build] C:\Users\pperv\code\unnamed_rpg\vendor\json\include\nlohmann/detail/iterators/iter_impl.hpp(58,21): warning: alias declarations are incompatible with C++98 [-Wc++98-compat]
[build]    58 |     using array_t = typename BasicJsonType::array_t;
[build]       |                     ^
[build] C:\Users\pperv\code\unnamed_rpg\vendor\json\include\nlohmann/detail/iterators/iter_impl.hpp(60,5): warning: 'static_assert' declarations are incompatible with C++98 [-Wc++98-compat]
[build]    60 |     static_assert(is_basic_json<typename std::remove_const<BasicJsonType>::type>::value,
[build]       |     ^
[build] C:\Users\pperv\code\unnamed_rpg\vendor\json\include\nlohmann/detail/iterators/iter_impl.hpp(63,5): warning: 'static_assert' declarations are incompatible with C++98 [-Wc++98-compat]
[build]    63 |     static_assert(std::is_base_of<std::bidirectional_iterator_tag, std::bidirectional_iterator_tag>::value
[build]       |     ^
[build] C:\Users\pperv\code\unnamed_rpg\vendor\json\include\nlohmann/detail/iterators/iter_impl.hpp(73,31): warning: alias declarations are incompatible with C++98 [-Wc++98-compat]
[build]    73 |     using iterator_category = std::bidirectional_iterator_tag;
[build]       |                               ^
[build] C:\Users\pperv\code\unnamed_rpg\vendor\json\include\nlohmann/detail/iterators/iter_impl.hpp(76,24): warning: alias declarations are incompatible with C++98 [-Wc++98-compat]
[build]    76 |     using value_type = typename BasicJsonType::value_type;
[build]       |                        ^
[build] C:\Users\pperv\code\unnamed_rpg\vendor\json\include\nlohmann/detail/iterators/iter_impl.hpp(78,29): warning: alias declarations are incompatible with C++98 [-Wc++98-compat]
[build]    78 |     using difference_type = typename BasicJsonType::difference_type;
[build]       |                             ^
[build] C:\Users\pperv\code\unnamed_rpg\vendor\json\include\nlohmann/detail/iterators/iter_impl.hpp(80,21): warning: alias declarations are incompatible with C++98 [-Wc++98-compat]
[build]    80 |     using pointer = typename std::conditional<std::is_const<BasicJsonType>::value,
[build]       |                     ^
[build] C:\Users\pperv\code\unnamed_rpg\vendor\json\include\nlohmann/detail/iterators/iter_impl.hpp(85,9): warning: alias declarations are incompatible with C++98 [-Wc++98-compat]
[build]    85 |         typename std::conditional<std::is_const<BasicJsonType>::value,
[build]       |         ^
[build] C:\Users\pperv\code\unnamed_rpg\vendor\json\include\nlohmann/detail/iterators/iter_impl.hpp(89,19): warning: defaulted function definitions are incompatible with C++98 [-Wc++98-compat]
[build]    89 |     iter_impl() = default;
[build]       |                   ^
[build] C:\Users\pperv\code\unnamed_rpg\vendor\json\include\nlohmann/detail/iterators/iter_impl.hpp(90,20): warning: defaulted function definitions are incompatible with C++98 [-Wc++98-compat]
[build]    90 |     ~iter_impl() = default;
[build]       |                    ^
[build] C:\Users\pperv\code\unnamed_rpg\vendor\json\include\nlohmann/detail/iterators/iter_impl.hpp(91,24): warning: rvalue references are incompatible with C++98 [-Wc++98-compat]
[build]    91 |     iter_impl(iter_impl&&) noexcept = default;
[build]       |                        ^
[build] C:\Users\pperv\code\unnamed_rpg\vendor\json\include\nlohmann/detail/iterators/iter_impl.hpp(91,37): warning: noexcept specifications are incompatible with C++98 [-Wc++98-compat]
[build]    91 |     iter_impl(iter_impl&&) noexcept = default;
[build]       |                                     ^
[build] C:\Users\pperv\code\unnamed_rpg\vendor\json\include\nlohmann/detail/iterators/iter_impl.hpp(91,39): warning: defaulted function definitions are incompatible with C++98 [-Wc++98-compat]
[build]    91 |     iter_impl(iter_impl&&) noexcept = default;
[build]       |                                       ^
[build] C:\Users\pperv\code\unnamed_rpg\vendor\json\include\nlohmann/detail/iterators/iter_impl.hpp(92,35): warning: rvalue references are incompatible with C++98 [-Wc++98-compat]
[build]    92 |     iter_impl& operator=(iter_impl&&) noexcept = default;
[build]       |                                   ^
[build] C:\Users\pperv\code\unnamed_rpg\vendor\json\include\nlohmann/detail/iterators/iter_impl.hpp(92,48): warning: noexcept specifications are incompatible with C++98 [-Wc++98-compat]
[build]    92 |     iter_impl& operator=(iter_impl&&) noexcept = default;
[build]       |                                                ^
[build] C:\Users\pperv\code\unnamed_rpg\vendor\json\include\nlohmann/detail/iterators/iter_impl.hpp(92,50): warning: defaulted function definitions are incompatible with C++98 [-Wc++98-compat]
[build]    92 |     iter_impl& operator=(iter_impl&&) noexcept = default;
[build]       |                                                  ^
[build] C:\Users\pperv\code\unnamed_rpg\vendor\json\include\nlohmann/detail/iterators/iter_impl.hpp(100,49): warning: noexcept specifications are incompatible with C++98 [-Wc++98-compat]
[build]   100 |     explicit iter_impl(pointer object) noexcept : m_object(object)
[build]       |                                                 ^
[build] C:\Users\pperv\code\unnamed_rpg\vendor\json\include\nlohmann/detail/iterators/iter_impl.hpp(151,9): warning: noexcept specifications are incompatible with C++98 [-Wc++98-compat]
[build]   151 |         : m_object(other.m_object), m_it(other.m_it)
[build]       |         ^
[build] C:\Users\pperv\code\unnamed_rpg\vendor\json\include\nlohmann/detail/iterators/iter_impl.hpp(161,5): warning: noexcept specifications are incompatible with C++98 [-Wc++98-compat]
[build]   161 |     {
[build]       |     ^
[build] C:\Users\pperv\code\unnamed_rpg\vendor\json\include\nlohmann/detail/iterators/iter_impl.hpp(176,9): warning: noexcept specifications are incompatible with C++98 [-Wc++98-compat]
[build]   176 |         : m_object(other.m_object), m_it(other.m_it)
[build]       |         ^
[build] C:\Users\pperv\code\unnamed_rpg\vendor\json\include\nlohmann/detail/iterators/iter_impl.hpp(186,5): warning: noexcept specifications are incompatible with C++98 [-Wc++98-compat]
[build]   186 |     {
[build]       |     ^
[build] C:\Users\pperv\code\unnamed_rpg\vendor\json\include\nlohmann/detail/iterators/iter_impl.hpp(198,5): warning: noexcept specifications are incompatible with C++98 [-Wc++98-compat]
[build]   198 |     {
[build]       |     ^
[build] C:\Users\pperv\code\unnamed_rpg\vendor\json\include\nlohmann/detail/iterators/iter_impl.hpp(242,5): warning: noexcept specifications are incompatible with C++98 [-Wc++98-compat]
[build]   242 |     {
[build]       |     ^
[build] C:\Users\pperv\code\unnamed_rpg\vendor\json\include\nlohmann/detail/iterators/iter_impl.hpp(366,30): warning: reference qualifiers on functions are incompatible with C++98 [-Wc++98-compat]
[build]   366 |     iter_impl operator++(int)& // NOLINT(cert-dcl21-cpp)
[build]       |                              ^
[build] C:\Users\pperv\code\unnamed_rpg\vendor\json\include\nlohmann/detail/iterators/iter_impl.hpp(417,30): warning: reference qualifiers on functions are incompatible with C++98 [-Wc++98-compat]
[build]   417 |     iter_impl operator--(int)& // NOLINT(cert-dcl21-cpp)
[build]       |                              ^
[build] C:\Users\pperv\code\unnamed_rpg\vendor\json\include\nlohmann/detail/iterators/iter_impl.hpp(468,170): warning: 'nullptr' is incompatible with C++98 [-Wc++98-compat]
[build]   468 |     template < typename IterImpl, detail::enable_if_t < (std::is_same<IterImpl, iter_impl>::value || std::is_same<IterImpl, other_iter_impl>::value), std::nullptr_t > = nullptr >
[build]       |                                                                                                                                                                          ^
[build] C:\Users\pperv\code\unnamed_rpg\vendor\json\include\nlohmann/detail/iterators/iter_impl.hpp(468,168): warning: default template arguments for a function template are incompatible with C++98 [-Wc++98-compat]
[build]   468 |     template < typename IterImpl, detail::enable_if_t < (std::is_same<IterImpl, iter_impl>::value || std::is_same<IterImpl, other_iter_impl>::value), std::nullptr_t > = nullptr >
[build]       |                                                                                                                                                                        ^ ~~~~~~~
[build] C:\Users\pperv\code\unnamed_rpg\vendor\json\include\nlohmann/detail/iterators/iter_impl.hpp(508,170): warning: 'nullptr' is incompatible with C++98 [-Wc++98-compat]
[build]   508 |     template < typename IterImpl, detail::enable_if_t < (std::is_same<IterImpl, iter_impl>::value || std::is_same<IterImpl, other_iter_impl>::value), std::nullptr_t > = nullptr >
[build]       |                                                                                                                                                                          ^
[build] C:\Users\pperv\code\unnamed_rpg\vendor\json\include\nlohmann/detail/iterators/iter_impl.hpp(508,168): warning: default template arguments for a function template are incompatible with C++98 [-Wc++98-compat]
[build]   508 |     template < typename IterImpl, detail::enable_if_t < (std::is_same<IterImpl, iter_impl>::value || std::is_same<IterImpl, other_iter_impl>::value), std::nullptr_t > = nullptr >
[build]       |                                                                                                                                                                        ^ ~~~~~~~
[build] C:\Users\pperv\code\unnamed_rpg\vendor\json\include\nlohmann/detail/iterators/iter_impl.hpp(754,22): warning: default member initializer for non-static data members is incompatible with C++98 [-Wc++98-compat]
[build]   754 |     pointer m_object = nullptr;
[build]       |                      ^
[build] C:\Users\pperv\code\unnamed_rpg\vendor\json\include\nlohmann/detail/iterators/iter_impl.hpp(756,77): warning: default member initializer for non-static data members is incompatible with C++98 [-Wc++98-compat]
[build]   756 |     internal_iterator<typename std::remove_const<BasicJsonType>::type> m_it {};
[build]       |                                                                             ^
[build] C:\Users\pperv\code\unnamed_rpg\vendor\json\include\nlohmann/detail/iterators/iter_impl.hpp(754,24): warning: 'nullptr' is incompatible with C++98 [-Wc++98-compat]
[build]   754 |     pointer m_object = nullptr;
[build]       |                        ^
[build] In file included from C:\Users\pperv\code\unnamed_rpg\vendor\json-schema-validator\src\string-format-check.cpp:1:
[build] In file included from C:\Users\pperv\code\unnamed_rpg\vendor\json-schema-validator\src\nlohmann/json-schema.hpp:24:
[build] In file included from C:\Users\pperv\code\unnamed_rpg\vendor\json\include\nlohmann/json.hpp:57:
[build] C:\Users\pperv\code\unnamed_rpg\vendor\json\include\nlohmann/detail/iterators/json_reverse_iterator.hpp(17,1): warning: empty macro arguments are incompatible with C++98 [-Wc++98-compat-pedantic]
[build]    17 | NLOHMANN_JSON_NAMESPACE_BEGIN
[build]       | ^
[build] C:\Users\pperv\code\unnamed_rpg\vendor\json\include\nlohmann/detail/abi_macros.hpp(102,17): note: expanded from macro 'NLOHMANN_JSON_NAMESPACE_BEGIN'
[build]   102 |                 NLOHMANN_JSON_ABI_TAGS,              \
[build]       |                 ^
[build] C:\Users\pperv\code\unnamed_rpg\vendor\json\include\nlohmann/detail/abi_macros.hpp(65,5): note: expanded from macro 'NLOHMANN_JSON_ABI_TAGS'
[build]    65 |     NLOHMANN_JSON_ABI_TAGS_CONCAT(                                   \
[build]       |     ^
[build] C:\Users\pperv\code\unnamed_rpg\vendor\json\include\nlohmann/detail/abi_macros.hpp(62,39): note: expanded from macro 'NLOHMANN_JSON_ABI_TAGS_CONCAT'
[build]    62 |     NLOHMANN_JSON_ABI_TAGS_CONCAT_EX(a, b, c)
[build]       |                                       ^
[build] In file included from C:\Users\pperv\code\unnamed_rpg\vendor\json-schema-validator\src\string-format-check.cpp:1:
[build] In file included from C:\Users\pperv\code\unnamed_rpg\vendor\json-schema-validator\src\nlohmann/json-schema.hpp:24:
[build] In file included from C:\Users\pperv\code\unnamed_rpg\vendor\json\include\nlohmann/json.hpp:57:
[build] C:\Users\pperv\code\unnamed_rpg\vendor\json\include\nlohmann/detail/iterators/json_reverse_iterator.hpp(17,1): warning: empty macro arguments are incompatible with C++98 [-Wc++98-compat-pedantic]
[build] C:\Users\pperv\code\unnamed_rpg\vendor\json\include\nlohmann/detail/abi_macros.hpp(102,17): note: expanded from macro 'NLOHMANN_JSON_NAMESPACE_BEGIN'
[build]   102 |                 NLOHMANN_JSON_ABI_TAGS,              \
[build]       |                 ^
[build] C:\Users\pperv\code\unnamed_rpg\vendor\json\include\nlohmann/detail/abi_macros.hpp(65,5): note: expanded from macro 'NLOHMANN_JSON_ABI_TAGS'
[build]    65 |     NLOHMANN_JSON_ABI_TAGS_CONCAT(                                   \
[build]       |     ^
[build] C:\Users\pperv\code\unnamed_rpg\vendor\json\include\nlohmann/detail/abi_macros.hpp(62,42): note: expanded from macro 'NLOHMANN_JSON_ABI_TAGS_CONCAT'
[build]    62 |     NLOHMANN_JSON_ABI_TAGS_CONCAT_EX(a, b, c)
[build]       |                                          ^
[build] In file included from C:\Users\pperv\code\unnamed_rpg\vendor\json-schema-validator\src\string-format-check.cpp:1:
[build] In file included from C:\Users\pperv\code\unnamed_rpg\vendor\json-schema-validator\src\nlohmann/json-schema.hpp:24:
[build] In file included from C:\Users\pperv\code\unnamed_rpg\vendor\json\include\nlohmann/json.hpp:57:
[build] C:\Users\pperv\code\unnamed_rpg\vendor\json\include\nlohmann/detail/iterators/json_reverse_iterator.hpp(17,1): warning: empty macro arguments are incompatible with C++98 [-Wc++98-compat-pedantic]
[build] C:\Users\pperv\code\unnamed_rpg\vendor\json\include\nlohmann/detail/abi_macros.hpp(102,17): note: expanded from macro 'NLOHMANN_JSON_NAMESPACE_BEGIN'
[build]   102 |                 NLOHMANN_JSON_ABI_TAGS,              \
[build]       |                 ^
[build] C:\Users\pperv\code\unnamed_rpg\vendor\json\include\nlohmann/detail/abi_macros.hpp(65,5): note: expanded from macro 'NLOHMANN_JSON_ABI_TAGS'
[build]    65 |     NLOHMANN_JSON_ABI_TAGS_CONCAT(                                   \
[build]       |     ^
[build] C:\Users\pperv\code\unnamed_rpg\vendor\json\include\nlohmann/detail/abi_macros.hpp(62,45): note: expanded from macro 'NLOHMANN_JSON_ABI_TAGS_CONCAT'
[build]    62 |     NLOHMANN_JSON_ABI_TAGS_CONCAT_EX(a, b, c)
[build]       |                                             ^
[build] In file included from C:\Users\pperv\code\unnamed_rpg\vendor\json-schema-validator\src\string-format-check.cpp:1:
[build] In file included from C:\Users\pperv\code\unnamed_rpg\vendor\json-schema-validator\src\nlohmann/json-schema.hpp:24:
[build] In file included from C:\Users\pperv\code\unnamed_rpg\vendor\json\include\nlohmann/json.hpp:57:
[build] C:\Users\pperv\code\unnamed_rpg\vendor\json\include\nlohmann/detail/iterators/json_reverse_iterator.hpp(17,1): warning: inline namespaces are incompatible with C++98 [-Wc++98-compat]
[build] C:\Users\pperv\code\unnamed_rpg\vendor\json\include\nlohmann/detail/abi_macros.hpp(101,5): note: expanded from macro 'NLOHMANN_JSON_NAMESPACE_BEGIN'
[build]   101 |     inline namespace NLOHMANN_JSON_NAMESPACE_CONCAT( \
[build]       |     ^
[build] In file included from C:\Users\pperv\code\unnamed_rpg\vendor\json-schema-validator\src\string-format-check.cpp:1:
[build] In file included from C:\Users\pperv\code\unnamed_rpg\vendor\json-schema-validator\src\nlohmann/json-schema.hpp:24:
[build] In file included from C:\Users\pperv\code\unnamed_rpg\vendor\json\include\nlohmann/json.hpp:57:
[build] C:\Users\pperv\code\unnamed_rpg\vendor\json\include\nlohmann/detail/iterators/json_reverse_iterator.hpp(47,29): warning: alias declarations are incompatible with C++98 [-Wc++98-compat]
[build]    47 |     using difference_type = std::ptrdiff_t;
[build]       |                             ^
[build] C:\Users\pperv\code\unnamed_rpg\vendor\json\include\nlohmann/detail/iterators/json_reverse_iterator.hpp(49,27): warning: alias declarations are incompatible with C++98 [-Wc++98-compat]
[build]    49 |     using base_iterator = std::reverse_iterator<Base>;
[build]       |                           ^
[build] C:\Users\pperv\code\unnamed_rpg\vendor\json\include\nlohmann/detail/iterators/json_reverse_iterator.hpp(51,23): warning: alias declarations are incompatible with C++98 [-Wc++98-compat]
[build]    51 |     using reference = typename Base::reference;
[build]       |                       ^
[build] C:\Users\pperv\code\unnamed_rpg\vendor\json\include\nlohmann/detail/iterators/json_reverse_iterator.hpp(55,9): warning: noexcept specifications are incompatible with C++98 [-Wc++98-compat]
[build]    55 |         : base_iterator(it) {}
[build]       |         ^
[build] C:\Users\pperv\code\unnamed_rpg\vendor\json\include\nlohmann/detail/iterators/json_reverse_iterator.hpp(58,70): warning: noexcept specifications are incompatible with C++98 [-Wc++98-compat]
[build]    58 |     explicit json_reverse_iterator(const base_iterator& it) noexcept : base_iterator(it) {}
[build]       |                                                                      ^
[build] C:\Users\pperv\code\unnamed_rpg\vendor\json\include\nlohmann/detail/iterators/json_reverse_iterator.hpp(61,42): warning: reference qualifiers on functions are incompatible with C++98 [-Wc++98-compat]
[build]    61 |     json_reverse_iterator operator++(int)& // NOLINT(cert-dcl21-cpp)
[build]       |                                          ^
[build] C:\Users\pperv\code\unnamed_rpg\vendor\json\include\nlohmann/detail/iterators/json_reverse_iterator.hpp(73,42): warning: reference qualifiers on functions are incompatible with C++98 [-Wc++98-compat]
[build]    73 |     json_reverse_iterator operator--(int)& // NOLINT(cert-dcl21-cpp)
[build]       |                                          ^
[build] C:\Users\pperv\code\unnamed_rpg\vendor\json\include\nlohmann/detail/iterators/json_reverse_iterator.hpp(115,22): warning: trailing return types are incompatible with C++98 [-Wc++98-compat]
[build]   115 |     auto key() const -> decltype(std::declval<Base>().key())
[build]       |                      ^
[build] C:\Users\pperv\code\unnamed_rpg\vendor\json\include\nlohmann/detail/iterators/json_reverse_iterator.hpp(115,25): warning: 'decltype' type specifier is incompatible with C++98 [-Wc++98-compat]
[build]   115 |     auto key() const -> decltype(std::declval<Base>().key())
[build]       |                         ^
[build] In file included from C:\Users\pperv\code\unnamed_rpg\vendor\json-schema-validator\src\string-format-check.cpp:1:
[build] In file included from C:\Users\pperv\code\unnamed_rpg\vendor\json-schema-validator\src\nlohmann/json-schema.hpp:24:
[build] In file included from C:\Users\pperv\code\unnamed_rpg\vendor\json\include\nlohmann/json.hpp:59:
[build] C:\Users\pperv\code\unnamed_rpg\vendor\json\include\nlohmann/detail/json_custom_base_class.hpp(15,1): warning: empty macro arguments are incompatible with C++98 [-Wc++98-compat-pedantic]
[build]    15 | NLOHMANN_JSON_NAMESPACE_BEGIN
[build]       | ^
[build] C:\Users\pperv\code\unnamed_rpg\vendor\json\include\nlohmann/detail/abi_macros.hpp(102,17): note: expanded from macro 'NLOHMANN_JSON_NAMESPACE_BEGIN'
[build]   102 |                 NLOHMANN_JSON_ABI_TAGS,              \
[build]       |                 ^
[build] C:\Users\pperv\code\unnamed_rpg\vendor\json\include\nlohmann/detail/abi_macros.hpp(65,5): note: expanded from macro 'NLOHMANN_JSON_ABI_TAGS'
[build]    65 |     NLOHMANN_JSON_ABI_TAGS_CONCAT(                                   \
[build]       |     ^
[build] C:\Users\pperv\code\unnamed_rpg\vendor\json\include\nlohmann/detail/abi_macros.hpp(62,39): note: expanded from macro 'NLOHMANN_JSON_ABI_TAGS_CONCAT'
[build]    62 |     NLOHMANN_JSON_ABI_TAGS_CONCAT_EX(a, b, c)
[build]       |                                       ^
[build] In file included from C:\Users\pperv\code\unnamed_rpg\vendor\json-schema-validator\src\string-format-check.cpp:1:
[build] In file included from C:\Users\pperv\code\unnamed_rpg\vendor\json-schema-validator\src\nlohmann/json-schema.hpp:24:
[build] In file included from C:\Users\pperv\code\unnamed_rpg\vendor\json\include\nlohmann/json.hpp:59:
[build] C:\Users\pperv\code\unnamed_rpg\vendor\json\include\nlohmann/detail/json_custom_base_class.hpp(15,1): warning: empty macro arguments are incompatible with C++98 [-Wc++98-compat-pedantic]
[build] C:\Users\pperv\code\unnamed_rpg\vendor\json\include\nlohmann/detail/abi_macros.hpp(102,17): note: expanded from macro 'NLOHMANN_JSON_NAMESPACE_BEGIN'
[build]   102 |                 NLOHMANN_JSON_ABI_TAGS,              \
[build]       |                 ^
[build] C:\Users\pperv\code\unnamed_rpg\vendor\json\include\nlohmann/detail/abi_macros.hpp(65,5): note: expanded from macro 'NLOHMANN_JSON_ABI_TAGS'
[build]    65 |     NLOHMANN_JSON_ABI_TAGS_CONCAT(                                   \
[build]       |     ^
[build] C:\Users\pperv\code\unnamed_rpg\vendor\json\include\nlohmann/detail/abi_macros.hpp(62,42): note: expanded from macro 'NLOHMANN_JSON_ABI_TAGS_CONCAT'
[build]    62 |     NLOHMANN_JSON_ABI_TAGS_CONCAT_EX(a, b, c)
[build]       |                                          ^
[build] In file included from C:\Users\pperv\code\unnamed_rpg\vendor\json-schema-validator\src\string-format-check.cpp:1:
[build] In file included from C:\Users\pperv\code\unnamed_rpg\vendor\json-schema-validator\src\nlohmann/json-schema.hpp:24:
[build] In file included from C:\Users\pperv\code\unnamed_rpg\vendor\json\include\nlohmann/json.hpp:59:
[build] C:\Users\pperv\code\unnamed_rpg\vendor\json\include\nlohmann/detail/json_custom_base_class.hpp(15,1): warning: empty macro arguments are incompatible with C++98 [-Wc++98-compat-pedantic]
[build] C:\Users\pperv\code\unnamed_rpg\vendor\json\include\nlohmann/detail/abi_macros.hpp(102,17): note: expanded from macro 'NLOHMANN_JSON_NAMESPACE_BEGIN'
[build]   102 |                 NLOHMANN_JSON_ABI_TAGS,              \
[build]       |                 ^
[build] C:\Users\pperv\code\unnamed_rpg\vendor\json\include\nlohmann/detail/abi_macros.hpp(65,5): note: expanded from macro 'NLOHMANN_JSON_ABI_TAGS'
[build]    65 |     NLOHMANN_JSON_ABI_TAGS_CONCAT(                                   \
[build]       |     ^
[build] C:\Users\pperv\code\unnamed_rpg\vendor\json\include\nlohmann/detail/abi_macros.hpp(62,45): note: expanded from macro 'NLOHMANN_JSON_ABI_TAGS_CONCAT'
[build]    62 |     NLOHMANN_JSON_ABI_TAGS_CONCAT_EX(a, b, c)
[build]       |                                             ^
[build] In file included from C:\Users\pperv\code\unnamed_rpg\vendor\json-schema-validator\src\string-format-check.cpp:1:
[build] In file included from C:\Users\pperv\code\unnamed_rpg\vendor\json-schema-validator\src\nlohmann/json-schema.hpp:24:
[build] In file included from C:\Users\pperv\code\unnamed_rpg\vendor\json\include\nlohmann/json.hpp:59:
[build] C:\Users\pperv\code\unnamed_rpg\vendor\json\include\nlohmann/detail/json_custom_base_class.hpp(15,1): warning: inline namespaces are incompatible with C++98 [-Wc++98-compat]
[build] C:\Users\pperv\code\unnamed_rpg\vendor\json\include\nlohmann/detail/abi_macros.hpp(101,5): note: expanded from macro 'NLOHMANN_JSON_NAMESPACE_BEGIN'
[build]   101 |     inline namespace NLOHMANN_JSON_NAMESPACE_CONCAT( \
[build]       |     ^
[build] In file included from C:\Users\pperv\code\unnamed_rpg\vendor\json-schema-validator\src\string-format-check.cpp:1:
[build] In file included from C:\Users\pperv\code\unnamed_rpg\vendor\json-schema-validator\src\nlohmann/json-schema.hpp:24:
[build] In file included from C:\Users\pperv\code\unnamed_rpg\vendor\json\include\nlohmann/json.hpp:59:
[build] C:\Users\pperv\code\unnamed_rpg\vendor\json\include\nlohmann/detail/json_custom_base_class.hpp(44,25): warning: alias declarations are incompatible with C++98 [-Wc++98-compat]
[build]    44 | using json_base_class = typename std::conditional <
[build]       |                         ^
[build] In file included from C:\Users\pperv\code\unnamed_rpg\vendor\json-schema-validator\src\string-format-check.cpp:1:
[build] In file included from C:\Users\pperv\code\unnamed_rpg\vendor\json-schema-validator\src\nlohmann/json-schema.hpp:24:
[build] In file included from C:\Users\pperv\code\unnamed_rpg\vendor\json\include\nlohmann/json.hpp:60:
[build] C:\Users\pperv\code\unnamed_rpg\vendor\json\include\nlohmann/detail/json_pointer.hpp(30,1): warning: empty macro arguments are incompatible with C++98 [-Wc++98-compat-pedantic]
[build]    30 | NLOHMANN_JSON_NAMESPACE_BEGIN
[build]       | ^
[build] C:\Users\pperv\code\unnamed_rpg\vendor\json\include\nlohmann/detail/abi_macros.hpp(102,17): note: expanded from macro 'NLOHMANN_JSON_NAMESPACE_BEGIN'
[build]   102 |                 NLOHMANN_JSON_ABI_TAGS,              \
[build]       |                 ^
[build] C:\Users\pperv\code\unnamed_rpg\vendor\json\include\nlohmann/detail/abi_macros.hpp(65,5): note: expanded from macro 'NLOHMANN_JSON_ABI_TAGS'
[build]    65 |     NLOHMANN_JSON_ABI_TAGS_CONCAT(                                   \
[build]       |     ^
[build] C:\Users\pperv\code\unnamed_rpg\vendor\json\include\nlohmann/detail/abi_macros.hpp(62,39): note: expanded from macro 'NLOHMANN_JSON_ABI_TAGS_CONCAT'
[build]    62 |     NLOHMANN_JSON_ABI_TAGS_CONCAT_EX(a, b, c)
[build]       |                                       ^
[build] In file included from C:\Users\pperv\code\unnamed_rpg\vendor\json-schema-validator\src\string-format-check.cpp:1:
[build] In file included from C:\Users\pperv\code\unnamed_rpg\vendor\json-schema-validator\src\nlohmann/json-schema.hpp:24:
[build] In file included from C:\Users\pperv\code\unnamed_rpg\vendor\json\include\nlohmann/json.hpp:60:
[build] C:\Users\pperv\code\unnamed_rpg\vendor\json\include\nlohmann/detail/json_pointer.hpp(30,1): warning: empty macro arguments are incompatible with C++98 [-Wc++98-compat-pedantic]
[build] C:\Users\pperv\code\unnamed_rpg\vendor\json\include\nlohmann/detail/abi_macros.hpp(102,17): note: expanded from macro 'NLOHMANN_JSON_NAMESPACE_BEGIN'
[build]   102 |                 NLOHMANN_JSON_ABI_TAGS,              \
[build]       |                 ^
[build] C:\Users\pperv\code\unnamed_rpg\vendor\json\include\nlohmann/detail/abi_macros.hpp(65,5): note: expanded from macro 'NLOHMANN_JSON_ABI_TAGS'
[build]    65 |     NLOHMANN_JSON_ABI_TAGS_CONCAT(                                   \
[build]       |     ^
[build] C:\Users\pperv\code\unnamed_rpg\vendor\json\include\nlohmann/detail/abi_macros.hpp(62,42): note: expanded from macro 'NLOHMANN_JSON_ABI_TAGS_CONCAT'
[build]    62 |     NLOHMANN_JSON_ABI_TAGS_CONCAT_EX(a, b, c)
[build]       |                                          ^
[build] In file included from C:\Users\pperv\code\unnamed_rpg\vendor\json-schema-validator\src\string-format-check.cpp:1:
[build] In file included from C:\Users\pperv\code\unnamed_rpg\vendor\json-schema-validator\src\nlohmann/json-schema.hpp:24:
[build] In file included from C:\Users\pperv\code\unnamed_rpg\vendor\json\include\nlohmann/json.hpp:60:
[build] C:\Users\pperv\code\unnamed_rpg\vendor\json\include\nlohmann/detail/json_pointer.hpp(30,1): warning: empty macro arguments are incompatible with C++98 [-Wc++98-compat-pedantic]
[build] C:\Users\pperv\code\unnamed_rpg\vendor\json\include\nlohmann/detail/abi_macros.hpp(102,17): note: expanded from macro 'NLOHMANN_JSON_NAMESPACE_BEGIN'
[build]   102 |                 NLOHMANN_JSON_ABI_TAGS,              \
[build]       |                 ^
[build] C:\Users\pperv\code\unnamed_rpg\vendor\json\include\nlohmann/detail/abi_macros.hpp(65,5): note: expanded from macro 'NLOHMANN_JSON_ABI_TAGS'
[build]    65 |     NLOHMANN_JSON_ABI_TAGS_CONCAT(                                   \
[build]       |     ^
[build] C:\Users\pperv\code\unnamed_rpg\vendor\json\include\nlohmann/detail/abi_macros.hpp(62,45): note: expanded from macro 'NLOHMANN_JSON_ABI_TAGS_CONCAT'
[build]    62 |     NLOHMANN_JSON_ABI_TAGS_CONCAT_EX(a, b, c)
[build]       |                                             ^
[build] In file included from C:\Users\pperv\code\unnamed_rpg\vendor\json-schema-validator\src\string-format-check.cpp:1:
[build] In file included from C:\Users\pperv\code\unnamed_rpg\vendor\json-schema-validator\src\nlohmann/json-schema.hpp:24:
[build] In file included from C:\Users\pperv\code\unnamed_rpg\vendor\json\include\nlohmann/json.hpp:60:
[build] C:\Users\pperv\code\unnamed_rpg\vendor\json\include\nlohmann/detail/json_pointer.hpp(30,1): warning: inline namespaces are incompatible with C++98 [-Wc++98-compat]
[build] C:\Users\pperv\code\unnamed_rpg\vendor\json\include\nlohmann/detail/abi_macros.hpp(101,5): note: expanded from macro 'NLOHMANN_JSON_NAMESPACE_BEGIN'
[build]   101 |     inline namespace NLOHMANN_JSON_NAMESPACE_CONCAT( \
[build]       |     ^
[build] In file included from C:\Users\pperv\code\unnamed_rpg\vendor\json-schema-validator\src\string-format-check.cpp:1:
[build] In file included from C:\Users\pperv\code\unnamed_rpg\vendor\json-schema-validator\src\nlohmann/json-schema.hpp:24:
[build] In file included from C:\Users\pperv\code\unnamed_rpg\vendor\json\include\nlohmann/json.hpp:60:
[build] C:\Users\pperv\code\unnamed_rpg\vendor\json\include\nlohmann/detail/json_pointer.hpp(38,5): warning: variadic templates are incompatible with C++98 [-Wc++98-compat]
[build]    38 |     NLOHMANN_BASIC_JSON_TPL_DECLARATION
[build]       |     ^
[build] C:\Users\pperv\code\unnamed_rpg\vendor\json\include\nlohmann/detail/macro_scope.hpp(337,51): note: expanded from macro 'NLOHMANN_BASIC_JSON_TPL_DECLARATION'
[build]   337 |     template<template<typename, typename, typename...> class ObjectType,   \
[build]       |                                                   ^
[build] In file included from C:\Users\pperv\code\unnamed_rpg\vendor\json-schema-validator\src\string-format-check.cpp:1:
[build] In file included from C:\Users\pperv\code\unnamed_rpg\vendor\json-schema-validator\src\nlohmann/json-schema.hpp:24:
[build] In file included from C:\Users\pperv\code\unnamed_rpg\vendor\json\include\nlohmann/json.hpp:60:
[build] C:\Users\pperv\code\unnamed_rpg\vendor\json\include\nlohmann/detail/json_pointer.hpp(38,5): warning: variadic templates are incompatible with C++98 [-Wc++98-compat]
[build] C:\Users\pperv\code\unnamed_rpg\vendor\json\include\nlohmann/detail/macro_scope.hpp(338,41): note: expanded from macro 'NLOHMANN_BASIC_JSON_TPL_DECLARATION'
[build]   338 |              template<typename, typename...> class ArrayType,              \
[build]       |                                         ^
[build] In file included from C:\Users\pperv\code\unnamed_rpg\vendor\json-schema-validator\src\string-format-check.cpp:1:
[build] In file included from C:\Users\pperv\code\unnamed_rpg\vendor\json-schema-validator\src\nlohmann/json-schema.hpp:24:
[build] In file included from C:\Users\pperv\code\unnamed_rpg\vendor\json\include\nlohmann/json.hpp:60:
[build] C:\Users\pperv\code\unnamed_rpg\vendor\json\include\nlohmann/detail/json_pointer.hpp(47,22): warning: alias declarations are incompatible with C++98 [-Wc++98-compat]
[build]    47 |         using type = T;
[build]       |                      ^
[build] C:\Users\pperv\code\unnamed_rpg\vendor\json\include\nlohmann/detail/json_pointer.hpp(50,5): warning: variadic templates are incompatible with C++98 [-Wc++98-compat]
[build]    50 |     NLOHMANN_BASIC_JSON_TPL_DECLARATION
[build]       |     ^
[build] C:\Users\pperv\code\unnamed_rpg\vendor\json\include\nlohmann/detail/macro_scope.hpp(337,51): note: expanded from macro 'NLOHMANN_BASIC_JSON_TPL_DECLARATION'
[build]   337 |     template<template<typename, typename, typename...> class ObjectType,   \
[build]       |                                                   ^
[build] In file included from C:\Users\pperv\code\unnamed_rpg\vendor\json-schema-validator\src\string-format-check.cpp:1:
[build] In file included from C:\Users\pperv\code\unnamed_rpg\vendor\json-schema-validator\src\nlohmann/json-schema.hpp:24:
[build] In file included from C:\Users\pperv\code\unnamed_rpg\vendor\json\include\nlohmann/json.hpp:60:
[build] C:\Users\pperv\code\unnamed_rpg\vendor\json\include\nlohmann/detail/json_pointer.hpp(50,5): warning: variadic templates are incompatible with C++98 [-Wc++98-compat]
[build] C:\Users\pperv\code\unnamed_rpg\vendor\json\include\nlohmann/detail/macro_scope.hpp(338,41): note: expanded from macro 'NLOHMANN_BASIC_JSON_TPL_DECLARATION'
[build]   338 |              template<typename, typename...> class ArrayType,              \
[build]       |                                         ^
[build] In file included from C:\Users\pperv\code\unnamed_rpg\vendor\json-schema-validator\src\string-format-check.cpp:1:
[build] In file included from C:\Users\pperv\code\unnamed_rpg\vendor\json-schema-validator\src\nlohmann/json-schema.hpp:24:
[build] In file included from C:\Users\pperv\code\unnamed_rpg\vendor\json\include\nlohmann/json.hpp:60:
[build] C:\Users\pperv\code\unnamed_rpg\vendor\json\include\nlohmann/detail/json_pointer.hpp(53,22): warning: alias declarations are incompatible with C++98 [-Wc++98-compat]
[build]    53 |         using type = StringType;
[build]       |                      ^
[build] C:\Users\pperv\code\unnamed_rpg\vendor\json\include\nlohmann/detail/json_pointer.hpp(58,22): warning: alias declarations are incompatible with C++98 [-Wc++98-compat]
[build]    58 |     using string_t = typename string_t_helper<RefStringType>::type;
[build]       |                      ^
[build] C:\Users\pperv\code\unnamed_rpg\vendor\json\include\nlohmann/detail/json_pointer.hpp(190,29): warning: rvalue references are incompatible with C++98 [-Wc++98-compat]
[build]   190 |     void push_front(string_t&& token)
[build]       |                             ^
[build] C:\Users\pperv\code\unnamed_rpg\vendor\json\include\nlohmann/detail/json_pointer.hpp(228,28): warning: rvalue references are incompatible with C++98 [-Wc++98-compat]
[build]   228 |     void push_back(string_t&& token)
[build]       |                            ^
[build] C:\Users\pperv\code\unnamed_rpg\vendor\json\include\nlohmann/detail/json_pointer.hpp(236,5): warning: noexcept specifications are incompatible with C++98 [-Wc++98-compat]
[build]   236 |     {
[build]       |     ^
[build] C:\Users\pperv\code\unnamed_rpg\vendor\json\include\nlohmann/detail/json_pointer.hpp(961,43): warning: reference qualifiers on functions are incompatible with C++98 [-Wc++98-compat]
[build]   961 |     json_pointer<string_t> convert() const&
[build]       |                                           ^
[build] C:\Users\pperv\code\unnamed_rpg\vendor\json\include\nlohmann/detail/json_pointer.hpp(968,37): warning: reference qualifiers on functions are incompatible with C++98 [-Wc++98-compat]
[build]   968 |     json_pointer<string_t> convert()&&
[build]       |                                     ^
[build] C:\Users\pperv\code\unnamed_rpg\vendor\json\include\nlohmann/detail/json_pointer.hpp(1005,79): warning: noexcept specifications are incompatible with C++98 [-Wc++98-compat]
[build]  1005 |                            const json_pointer<RefStringTypeRhs>& rhs) noexcept;
[build]       |                                                                               ^
[build] C:\Users\pperv\code\unnamed_rpg\vendor\json\include\nlohmann/detail/json_pointer.hpp(1026,79): warning: noexcept specifications are incompatible with C++98 [-Wc++98-compat]
[build]  1026 |                            const json_pointer<RefStringTypeRhs>& rhs) noexcept;
[build]       |                                                                               ^
[build] C:\Users\pperv\code\unnamed_rpg\vendor\json\include\nlohmann/detail/json_pointer.hpp(1046,78): warning: noexcept specifications are incompatible with C++98 [-Wc++98-compat]
[build]  1046 |                           const json_pointer<RefStringTypeRhs>& rhs) noexcept;
[build]       |                                                                              ^
[build] C:\Users\pperv\code\unnamed_rpg\vendor\json\include\nlohmann/detail/json_pointer.hpp(1058,67): warning: noexcept specifications are incompatible with C++98 [-Wc++98-compat]
[build]  1058 |                        const json_pointer<RefStringTypeRhs>& rhs) noexcept
[build]       |                                                                   ^
[build] C:\Users\pperv\code\unnamed_rpg\vendor\json\include\nlohmann/detail/json_pointer.hpp(1064,19): warning: default template arguments for a function template are incompatible with C++98 [-Wc++98-compat]
[build]  1064 |          typename StringType = typename json_pointer<RefStringTypeLhs>::string_t>
[build]       |                   ^            ~~~~~~~~~~~~~~~~~~~~~~~~~~~~~~~~~~~~~~~~~~~~~~~~~
[build] C:\Users\pperv\code\unnamed_rpg\vendor\json\include\nlohmann/detail/json_pointer.hpp(1073,19): warning: default template arguments for a function template are incompatible with C++98 [-Wc++98-compat]
[build]  1073 |          typename StringType = typename json_pointer<RefStringTypeRhs>::string_t>
[build]       |                   ^            ~~~~~~~~~~~~~~~~~~~~~~~~~~~~~~~~~~~~~~~~~~~~~~~~~
[build] C:\Users\pperv\code\unnamed_rpg\vendor\json\include\nlohmann/detail/json_pointer.hpp(1083,67): warning: noexcept specifications are incompatible with C++98 [-Wc++98-compat]
[build]  1083 |                        const json_pointer<RefStringTypeRhs>& rhs) noexcept
[build]       |                                                                   ^
[build] C:\Users\pperv\code\unnamed_rpg\vendor\json\include\nlohmann/detail/json_pointer.hpp(1089,19): warning: default template arguments for a function template are incompatible with C++98 [-Wc++98-compat]
[build]  1089 |          typename StringType = typename json_pointer<RefStringTypeLhs>::string_t>
[build]       |                   ^            ~~~~~~~~~~~~~~~~~~~~~~~~~~~~~~~~~~~~~~~~~~~~~~~~~
[build] C:\Users\pperv\code\unnamed_rpg\vendor\json\include\nlohmann/detail/json_pointer.hpp(1098,19): warning: default template arguments for a function template are incompatible with C++98 [-Wc++98-compat]
[build]  1098 |          typename StringType = typename json_pointer<RefStringTypeRhs>::string_t>
[build]       |                   ^            ~~~~~~~~~~~~~~~~~~~~~~~~~~~~~~~~~~~~~~~~~~~~~~~~~
[build] C:\Users\pperv\code\unnamed_rpg\vendor\json\include\nlohmann/detail/json_pointer.hpp(1108,66): warning: noexcept specifications are incompatible with C++98 [-Wc++98-compat]
[build]  1108 |                       const json_pointer<RefStringTypeRhs>& rhs) noexcept
[build]       |                                                                  ^
[build] In file included from C:\Users\pperv\code\unnamed_rpg\vendor\json-schema-validator\src\string-format-check.cpp:1:
[build] In file included from C:\Users\pperv\code\unnamed_rpg\vendor\json-schema-validator\src\nlohmann/json-schema.hpp:24:
[build] In file included from C:\Users\pperv\code\unnamed_rpg\vendor\json\include\nlohmann/json.hpp:61:
[build] C:\Users\pperv\code\unnamed_rpg\vendor\json\include\nlohmann/detail/json_ref.hpp(17,1): warning: empty macro arguments are incompatible with C++98 [-Wc++98-compat-pedantic]
[build]    17 | NLOHMANN_JSON_NAMESPACE_BEGIN
[build]       | ^
[build] C:\Users\pperv\code\unnamed_rpg\vendor\json\include\nlohmann/detail/abi_macros.hpp(102,17): note: expanded from macro 'NLOHMANN_JSON_NAMESPACE_BEGIN'
[build]   102 |                 NLOHMANN_JSON_ABI_TAGS,              \
[build]       |                 ^
[build] C:\Users\pperv\code\unnamed_rpg\vendor\json\include\nlohmann/detail/abi_macros.hpp(65,5): note: expanded from macro 'NLOHMANN_JSON_ABI_TAGS'
[build]    65 |     NLOHMANN_JSON_ABI_TAGS_CONCAT(                                   \
[build]       |     ^
[build] C:\Users\pperv\code\unnamed_rpg\vendor\json\include\nlohmann/detail/abi_macros.hpp(62,39): note: expanded from macro 'NLOHMANN_JSON_ABI_TAGS_CONCAT'
[build]    62 |     NLOHMANN_JSON_ABI_TAGS_CONCAT_EX(a, b, c)
[build]       |                                       ^
[build] In file included from C:\Users\pperv\code\unnamed_rpg\vendor\json-schema-validator\src\string-format-check.cpp:1:
[build] In file included from C:\Users\pperv\code\unnamed_rpg\vendor\json-schema-validator\src\nlohmann/json-schema.hpp:24:
[build] In file included from C:\Users\pperv\code\unnamed_rpg\vendor\json\include\nlohmann/json.hpp:61:
[build] C:\Users\pperv\code\unnamed_rpg\vendor\json\include\nlohmann/detail/json_ref.hpp(17,1): warning: empty macro arguments are incompatible with C++98 [-Wc++98-compat-pedantic]
[build] C:\Users\pperv\code\unnamed_rpg\vendor\json\include\nlohmann/detail/abi_macros.hpp(102,17): note: expanded from macro 'NLOHMANN_JSON_NAMESPACE_BEGIN'
[build]   102 |                 NLOHMANN_JSON_ABI_TAGS,              \
[build]       |                 ^
[build] C:\Users\pperv\code\unnamed_rpg\vendor\json\include\nlohmann/detail/abi_macros.hpp(65,5): note: expanded from macro 'NLOHMANN_JSON_ABI_TAGS'
[build]    65 |     NLOHMANN_JSON_ABI_TAGS_CONCAT(                                   \
[build]       |     ^
[build] C:\Users\pperv\code\unnamed_rpg\vendor\json\include\nlohmann/detail/abi_macros.hpp(62,42): note: expanded from macro 'NLOHMANN_JSON_ABI_TAGS_CONCAT'
[build]    62 |     NLOHMANN_JSON_ABI_TAGS_CONCAT_EX(a, b, c)
[build]       |                                          ^
[build] In file included from C:\Users\pperv\code\unnamed_rpg\vendor\json-schema-validator\src\string-format-check.cpp:1:
[build] In file included from C:\Users\pperv\code\unnamed_rpg\vendor\json-schema-validator\src\nlohmann/json-schema.hpp:24:
[build] In file included from C:\Users\pperv\code\unnamed_rpg\vendor\json\include\nlohmann/json.hpp:61:
[build] C:\Users\pperv\code\unnamed_rpg\vendor\json\include\nlohmann/detail/json_ref.hpp(17,1): warning: empty macro arguments are incompatible with C++98 [-Wc++98-compat-pedantic]
[build] C:\Users\pperv\code\unnamed_rpg\vendor\json\include\nlohmann/detail/abi_macros.hpp(102,17): note: expanded from macro 'NLOHMANN_JSON_NAMESPACE_BEGIN'
[build]   102 |                 NLOHMANN_JSON_ABI_TAGS,              \
[build]       |                 ^
[build] C:\Users\pperv\code\unnamed_rpg\vendor\json\include\nlohmann/detail/abi_macros.hpp(65,5): note: expanded from macro 'NLOHMANN_JSON_ABI_TAGS'
[build]    65 |     NLOHMANN_JSON_ABI_TAGS_CONCAT(                                   \
[build]       |     ^
[build] C:\Users\pperv\code\unnamed_rpg\vendor\json\include\nlohmann/detail/abi_macros.hpp(62,45): note: expanded from macro 'NLOHMANN_JSON_ABI_TAGS_CONCAT'
[build]    62 |     NLOHMANN_JSON_ABI_TAGS_CONCAT_EX(a, b, c)
[build]       |                                             ^
[build] In file included from C:\Users\pperv\code\unnamed_rpg\vendor\json-schema-validator\src\string-format-check.cpp:1:
[build] In file included from C:\Users\pperv\code\unnamed_rpg\vendor\json-schema-validator\src\nlohmann/json-schema.hpp:24:
[build] In file included from C:\Users\pperv\code\unnamed_rpg\vendor\json\include\nlohmann/json.hpp:61:
[build] C:\Users\pperv\code\unnamed_rpg\vendor\json\include\nlohmann/detail/json_ref.hpp(17,1): warning: inline namespaces are incompatible with C++98 [-Wc++98-compat]
[build] C:\Users\pperv\code\unnamed_rpg\vendor\json\include\nlohmann/detail/abi_macros.hpp(101,5): note: expanded from macro 'NLOHMANN_JSON_NAMESPACE_BEGIN'
[build]   101 |     inline namespace NLOHMANN_JSON_NAMESPACE_CONCAT( \
[build]       |     ^
[build] In file included from C:\Users\pperv\code\unnamed_rpg\vendor\json-schema-validator\src\string-format-check.cpp:1:
[build] In file included from C:\Users\pperv\code\unnamed_rpg\vendor\json-schema-validator\src\nlohmann/json-schema.hpp:24:
[build] In file included from C:\Users\pperv\code\unnamed_rpg\vendor\json\include\nlohmann/json.hpp:61:
[build] C:\Users\pperv\code\unnamed_rpg\vendor\json\include\nlohmann/detail/json_ref.hpp(25,24): warning: alias declarations are incompatible with C++98 [-Wc++98-compat]
[build]    25 |     using value_type = BasicJsonType;
[build]       |                        ^
[build] C:\Users\pperv\code\unnamed_rpg\vendor\json\include\nlohmann/detail/json_ref.hpp(27,24): warning: rvalue references are incompatible with C++98 [-Wc++98-compat]
[build]    27 |     json_ref(value_type&& value)
[build]       |                        ^
[build] C:\Users\pperv\code\unnamed_rpg\vendor\json\include\nlohmann/detail/json_ref.hpp(40,14): warning: variadic templates are incompatible with C++98 [-Wc++98-compat]
[build]    40 |         class... Args,
[build]       |              ^
[build] C:\Users\pperv\code\unnamed_rpg\vendor\json\include\nlohmann/detail/json_ref.hpp(42,19): warning: rvalue references are incompatible with C++98 [-Wc++98-compat]
[build]    42 |     json_ref(Args && ... args)
[build]       |                   ^
[build] C:\Users\pperv\code\unnamed_rpg\vendor\json\include\nlohmann/detail/json_ref.hpp(41,77): warning: default template arguments for a function template are incompatible with C++98 [-Wc++98-compat]
[build]    41 |         enable_if_t<std::is_constructible<value_type, Args...>::value, int> = 0 >
[build]       |                                                                             ^ ~
[build] C:\Users\pperv\code\unnamed_rpg\vendor\json\include\nlohmann/detail/json_ref.hpp(47,22): warning: rvalue references are incompatible with C++98 [-Wc++98-compat]
[build]    47 |     json_ref(json_ref&&) noexcept = default;
[build]       |                      ^
[build] C:\Users\pperv\code\unnamed_rpg\vendor\json\include\nlohmann/detail/json_ref.hpp(47,35): warning: noexcept specifications are incompatible with C++98 [-Wc++98-compat]
[build]    47 |     json_ref(json_ref&&) noexcept = default;
[build]       |                                   ^
[build] C:\Users\pperv\code\unnamed_rpg\vendor\json\include\nlohmann/detail/json_ref.hpp(47,37): warning: defaulted function definitions are incompatible with C++98 [-Wc++98-compat]
[build]    47 |     json_ref(json_ref&&) noexcept = default;
[build]       |                                     ^
[build] C:\Users\pperv\code\unnamed_rpg\vendor\json\include\nlohmann/detail/json_ref.hpp(48,33): warning: deleted function definitions are incompatible with C++98 [-Wc++98-compat]
[build]    48 |     json_ref(const json_ref&) = delete;
[build]       |                                 ^
[build] C:\Users\pperv\code\unnamed_rpg\vendor\json\include\nlohmann/detail/json_ref.hpp(49,44): warning: deleted function definitions are incompatible with C++98 [-Wc++98-compat]
[build]    49 |     json_ref& operator=(const json_ref&) = delete;
[build]       |                                            ^
[build] C:\Users\pperv\code\unnamed_rpg\vendor\json\include\nlohmann/detail/json_ref.hpp(50,33): warning: rvalue references are incompatible with C++98 [-Wc++98-compat]
[build]    50 |     json_ref& operator=(json_ref&&) = delete;
[build]       |                                 ^
[build] C:\Users\pperv\code\unnamed_rpg\vendor\json\include\nlohmann/detail/json_ref.hpp(50,39): warning: deleted function definitions are incompatible with C++98 [-Wc++98-compat]
[build]    50 |     json_ref& operator=(json_ref&&) = delete;
[build]       |                                       ^
[build] C:\Users\pperv\code\unnamed_rpg\vendor\json\include\nlohmann/detail/json_ref.hpp(51,19): warning: defaulted function definitions are incompatible with C++98 [-Wc++98-compat]
[build]    51 |     ~json_ref() = default;
[build]       |                   ^
[build] C:\Users\pperv\code\unnamed_rpg\vendor\json\include\nlohmann/detail/json_ref.hpp(73,36): warning: default member initializer for non-static data members is incompatible with C++98 [-Wc++98-compat]
[build]    73 |     mutable value_type owned_value = nullptr;
[build]       |                                    ^
[build] C:\Users\pperv\code\unnamed_rpg\vendor\json\include\nlohmann/detail/json_ref.hpp(74,33): warning: default member initializer for non-static data members is incompatible with C++98 [-Wc++98-compat]
[build]    74 |     value_type const* value_ref = nullptr;
[build]       |                                 ^
[build] C:\Users\pperv\code\unnamed_rpg\vendor\json\include\nlohmann/detail/json_ref.hpp(73,38): warning: 'nullptr' is incompatible with C++98 [-Wc++98-compat]
[build]    73 |     mutable value_type owned_value = nullptr;
[build]       |                                      ^
[build] C:\Users\pperv\code\unnamed_rpg\vendor\json\include\nlohmann/detail/json_ref.hpp(74,35): warning: 'nullptr' is incompatible with C++98 [-Wc++98-compat]
[build]    74 |     value_type const* value_ref = nullptr;
[build]       |                                   ^
[build] In file included from C:\Users\pperv\code\unnamed_rpg\vendor\json-schema-validator\src\string-format-check.cpp:1:
[build] In file included from C:\Users\pperv\code\unnamed_rpg\vendor\json-schema-validator\src\nlohmann/json-schema.hpp:24:
[build] In file included from C:\Users\pperv\code\unnamed_rpg\vendor\json\include\nlohmann/json.hpp:68:
[build] In file included from C:\Users\pperv\code\unnamed_rpg\vendor\json\include\nlohmann/detail/output/binary_writer.hpp:24:
[build] C:\Users\pperv\code\unnamed_rpg\vendor\json\include\nlohmann/detail/output/output_adapters.hpp(25,1): warning: empty macro arguments are incompatible with C++98 [-Wc++98-compat-pedantic]
[build]    25 | NLOHMANN_JSON_NAMESPACE_BEGIN
[build]       | ^
[build] C:\Users\pperv\code\unnamed_rpg\vendor\json\include\nlohmann/detail/abi_macros.hpp(102,17): note: expanded from macro 'NLOHMANN_JSON_NAMESPACE_BEGIN'
[build]   102 |                 NLOHMANN_JSON_ABI_TAGS,              \
[build]       |                 ^
[build] C:\Users\pperv\code\unnamed_rpg\vendor\json\include\nlohmann/detail/abi_macros.hpp(65,5): note: expanded from macro 'NLOHMANN_JSON_ABI_TAGS'
[build]    65 |     NLOHMANN_JSON_ABI_TAGS_CONCAT(                                   \
[build]       |     ^
[build] C:\Users\pperv\code\unnamed_rpg\vendor\json\include\nlohmann/detail/abi_macros.hpp(62,39): note: expanded from macro 'NLOHMANN_JSON_ABI_TAGS_CONCAT'
[build]    62 |     NLOHMANN_JSON_ABI_TAGS_CONCAT_EX(a, b, c)
[build]       |                                       ^
[build] In file included from C:\Users\pperv\code\unnamed_rpg\vendor\json-schema-validator\src\string-format-check.cpp:1:
[build] In file included from C:\Users\pperv\code\unnamed_rpg\vendor\json-schema-validator\src\nlohmann/json-schema.hpp:24:
[build] In file included from C:\Users\pperv\code\unnamed_rpg\vendor\json\include\nlohmann/json.hpp:68:
[build] In file included from C:\Users\pperv\code\unnamed_rpg\vendor\json\include\nlohmann/detail/output/binary_writer.hpp:24:
[build] C:\Users\pperv\code\unnamed_rpg\vendor\json\include\nlohmann/detail/output/output_adapters.hpp(25,1): warning: empty macro arguments are incompatible with C++98 [-Wc++98-compat-pedantic]
[build] C:\Users\pperv\code\unnamed_rpg\vendor\json\include\nlohmann/detail/abi_macros.hpp(102,17): note: expanded from macro 'NLOHMANN_JSON_NAMESPACE_BEGIN'
[build]   102 |                 NLOHMANN_JSON_ABI_TAGS,              \
[build]       |                 ^
[build] C:\Users\pperv\code\unnamed_rpg\vendor\json\include\nlohmann/detail/abi_macros.hpp(65,5): note: expanded from macro 'NLOHMANN_JSON_ABI_TAGS'
[build]    65 |     NLOHMANN_JSON_ABI_TAGS_CONCAT(                                   \
[build]       |     ^
[build] C:\Users\pperv\code\unnamed_rpg\vendor\json\include\nlohmann/detail/abi_macros.hpp(62,42): note: expanded from macro 'NLOHMANN_JSON_ABI_TAGS_CONCAT'
[build]    62 |     NLOHMANN_JSON_ABI_TAGS_CONCAT_EX(a, b, c)
[build]       |                                          ^
[build] In file included from C:\Users\pperv\code\unnamed_rpg\vendor\json-schema-validator\src\string-format-check.cpp:1:
[build] In file included from C:\Users\pperv\code\unnamed_rpg\vendor\json-schema-validator\src\nlohmann/json-schema.hpp:24:
[build] In file included from C:\Users\pperv\code\unnamed_rpg\vendor\json\include\nlohmann/json.hpp:68:
[build] In file included from C:\Users\pperv\code\unnamed_rpg\vendor\json\include\nlohmann/detail/output/binary_writer.hpp:24:
[build] C:\Users\pperv\code\unnamed_rpg\vendor\json\include\nlohmann/detail/output/output_adapters.hpp(25,1): warning: empty macro arguments are incompatible with C++98 [-Wc++98-compat-pedantic]
[build] C:\Users\pperv\code\unnamed_rpg\vendor\json\include\nlohmann/detail/abi_macros.hpp(102,17): note: expanded from macro 'NLOHMANN_JSON_NAMESPACE_BEGIN'
[build]   102 |                 NLOHMANN_JSON_ABI_TAGS,              \
[build]       |                 ^
[build] C:\Users\pperv\code\unnamed_rpg\vendor\json\include\nlohmann/detail/abi_macros.hpp(65,5): note: expanded from macro 'NLOHMANN_JSON_ABI_TAGS'
[build]    65 |     NLOHMANN_JSON_ABI_TAGS_CONCAT(                                   \
[build]       |     ^
[build] C:\Users\pperv\code\unnamed_rpg\vendor\json\include\nlohmann/detail/abi_macros.hpp(62,45): note: expanded from macro 'NLOHMANN_JSON_ABI_TAGS_CONCAT'
[build]    62 |     NLOHMANN_JSON_ABI_TAGS_CONCAT_EX(a, b, c)
[build]       |                                             ^
[build] In file included from C:\Users\pperv\code\unnamed_rpg\vendor\json-schema-validator\src\string-format-check.cpp:1:
[build] In file included from C:\Users\pperv\code\unnamed_rpg\vendor\json-schema-validator\src\nlohmann/json-schema.hpp:24:
[build] In file included from C:\Users\pperv\code\unnamed_rpg\vendor\json\include\nlohmann/json.hpp:68:
[build] In file included from C:\Users\pperv\code\unnamed_rpg\vendor\json\include\nlohmann/detail/output/binary_writer.hpp:24:
[build] C:\Users\pperv\code\unnamed_rpg\vendor\json\include\nlohmann/detail/output/output_adapters.hpp(25,1): warning: inline namespaces are incompatible with C++98 [-Wc++98-compat]
[build] C:\Users\pperv\code\unnamed_rpg\vendor\json\include\nlohmann/detail/abi_macros.hpp(101,5): note: expanded from macro 'NLOHMANN_JSON_NAMESPACE_BEGIN'
[build]   101 |     inline namespace NLOHMANN_JSON_NAMESPACE_CONCAT( \
[build]       |     ^
[build] In file included from C:\Users\pperv\code\unnamed_rpg\vendor\json-schema-validator\src\string-format-check.cpp:1:
[build] In file included from C:\Users\pperv\code\unnamed_rpg\vendor\json-schema-validator\src\nlohmann/json-schema.hpp:24:
[build] In file included from C:\Users\pperv\code\unnamed_rpg\vendor\json\include\nlohmann/json.hpp:68:
[build] In file included from C:\Users\pperv\code\unnamed_rpg\vendor\json\include\nlohmann/detail/output/binary_writer.hpp:24:
[build] C:\Users\pperv\code\unnamed_rpg\vendor\json\include\nlohmann/detail/output/output_adapters.hpp(34,42): warning: defaulted function definitions are incompatible with C++98 [-Wc++98-compat]
[build]    34 |     virtual ~output_adapter_protocol() = default;
[build]       |                                          ^
[build] C:\Users\pperv\code\unnamed_rpg\vendor\json\include\nlohmann/detail/output/output_adapters.hpp(36,33): warning: defaulted function definitions are incompatible with C++98 [-Wc++98-compat]
[build]    36 |     output_adapter_protocol() = default;
[build]       |                                 ^
[build] C:\Users\pperv\code\unnamed_rpg\vendor\json\include\nlohmann/detail/output/output_adapters.hpp(37,63): warning: defaulted function definitions are incompatible with C++98 [-Wc++98-compat]
[build]    37 |     output_adapter_protocol(const output_adapter_protocol&) = default;
[build]       |                                                               ^
[build] C:\Users\pperv\code\unnamed_rpg\vendor\json\include\nlohmann/detail/output/output_adapters.hpp(38,52): warning: rvalue references are incompatible with C++98 [-Wc++98-compat]
[build]    38 |     output_adapter_protocol(output_adapter_protocol&&) noexcept = default;
[build]       |                                                    ^
[build] C:\Users\pperv\code\unnamed_rpg\vendor\json\include\nlohmann/detail/output/output_adapters.hpp(38,65): warning: noexcept specifications are incompatible with C++98 [-Wc++98-compat]
[build]    38 |     output_adapter_protocol(output_adapter_protocol&&) noexcept = default;
[build]       |                                                                 ^
[build] C:\Users\pperv\code\unnamed_rpg\vendor\json\include\nlohmann/detail/output/output_adapters.hpp(38,67): warning: defaulted function definitions are incompatible with C++98 [-Wc++98-compat]
[build]    38 |     output_adapter_protocol(output_adapter_protocol&&) noexcept = default;
[build]       |                                                                   ^
[build] C:\Users\pperv\code\unnamed_rpg\vendor\json\include\nlohmann/detail/output/output_adapters.hpp(39,74): warning: defaulted function definitions are incompatible with C++98 [-Wc++98-compat]
[build]    39 |     output_adapter_protocol& operator=(const output_adapter_protocol&) = default;
[build]       |                                                                          ^
[build] C:\Users\pperv\code\unnamed_rpg\vendor\json\include\nlohmann/detail/output/output_adapters.hpp(40,63): warning: rvalue references are incompatible with C++98 [-Wc++98-compat]
[build]    40 |     output_adapter_protocol& operator=(output_adapter_protocol&&) noexcept = default;
[build]       |                                                               ^
[build] C:\Users\pperv\code\unnamed_rpg\vendor\json\include\nlohmann/detail/output/output_adapters.hpp(40,76): warning: noexcept specifications are incompatible with C++98 [-Wc++98-compat]
[build]    40 |     output_adapter_protocol& operator=(output_adapter_protocol&&) noexcept = default;
[build]       |                                                                            ^
[build] C:\Users\pperv\code\unnamed_rpg\vendor\json\include\nlohmann/detail/output/output_adapters.hpp(40,78): warning: defaulted function definitions are incompatible with C++98 [-Wc++98-compat]
[build]    40 |     output_adapter_protocol& operator=(output_adapter_protocol&&) noexcept = default;
[build]       |                                                                              ^
[build] C:\Users\pperv\code\unnamed_rpg\vendor\json\include\nlohmann/detail/output/output_adapters.hpp(45,26): warning: alias declarations are incompatible with C++98 [-Wc++98-compat]
[build]    45 | using output_adapter_t = std::shared_ptr<output_adapter_protocol<CharType>>;
[build]       |                          ^
[build] C:\Users\pperv\code\unnamed_rpg\vendor\json\include\nlohmann/detail/output/output_adapters.hpp(45,74): warning: consecutive right angle brackets are incompatible with C++98 (use '> >') [-Wc++98-compat]
[build]    45 | using output_adapter_t = std::shared_ptr<output_adapter_protocol<CharType>>;
[build]       |                                                                          ^~
[build]       |                                                                          > >
[build] C:\Users\pperv\code\unnamed_rpg\vendor\json\include\nlohmann/detail/output/output_adapters.hpp(48,77): warning: consecutive right angle brackets are incompatible with C++98 (use '> >') [-Wc++98-compat]
[build]    48 | template<typename CharType, typename AllocatorType = std::allocator<CharType>>
[build]       |                                                                             ^~
[build]       |                                                                             > >
[build] C:\Users\pperv\code\unnamed_rpg\vendor\json\include\nlohmann/detail/output/output_adapters.hpp(53,9): warning: noexcept specifications are incompatible with C++98 [-Wc++98-compat]
[build]    53 |         : v(vec)
[build]       |         ^
[build] C:\Users\pperv\code\unnamed_rpg\vendor\json\include\nlohmann/detail/output/output_adapters.hpp(56,38): warning: 'override' keyword is incompatible with C++98 [-Wc++98-compat]
[build]    56 |     void write_character(CharType c) override
[build]       |                                      ^
[build] C:\Users\pperv\code\unnamed_rpg\vendor\json\include\nlohmann/detail/output/output_adapters.hpp(62,66): warning: 'override' keyword is incompatible with C++98 [-Wc++98-compat]
[build]    62 |     void write_characters(const CharType* s, std::size_t length) override
[build]       |                                                                  ^
[build] C:\Users\pperv\code\unnamed_rpg\vendor\json\include\nlohmann/detail/output/output_adapters.hpp(78,9): warning: noexcept specifications are incompatible with C++98 [-Wc++98-compat]
[build]    78 |         : stream(s)
[build]       |         ^
[build] C:\Users\pperv\code\unnamed_rpg\vendor\json\include\nlohmann/detail/output/output_adapters.hpp(81,38): warning: 'override' keyword is incompatible with C++98 [-Wc++98-compat]
[build]    81 |     void write_character(CharType c) override
[build]       |                                      ^
[build] C:\Users\pperv\code\unnamed_rpg\vendor\json\include\nlohmann/detail/output/output_adapters.hpp(87,66): warning: 'override' keyword is incompatible with C++98 [-Wc++98-compat]
[build]    87 |     void write_characters(const CharType* s, std::size_t length) override
[build]       |                                                                  ^
[build] C:\Users\pperv\code\unnamed_rpg\vendor\json\include\nlohmann/detail/output/output_adapters.hpp(98,77): warning: consecutive right angle brackets are incompatible with C++98 (use '> >') [-Wc++98-compat]
[build]    98 | template<typename CharType, typename StringType = std::basic_string<CharType>>
[build]       |                                                                             ^~
[build]       |                                                                             > >
[build] C:\Users\pperv\code\unnamed_rpg\vendor\json\include\nlohmann/detail/output/output_adapters.hpp(103,9): warning: noexcept specifications are incompatible with C++98 [-Wc++98-compat]
[build]   103 |         : str(s)
[build]       |         ^
[build] C:\Users\pperv\code\unnamed_rpg\vendor\json\include\nlohmann/detail/output/output_adapters.hpp(106,38): warning: 'override' keyword is incompatible with C++98 [-Wc++98-compat]
[build]   106 |     void write_character(CharType c) override
[build]       |                                      ^
[build] C:\Users\pperv\code\unnamed_rpg\vendor\json\include\nlohmann/detail/output/output_adapters.hpp(112,66): warning: 'override' keyword is incompatible with C++98 [-Wc++98-compat]
[build]   112 |     void write_characters(const CharType* s, std::size_t length) override
[build]       |                                                                  ^
[build] C:\Users\pperv\code\unnamed_rpg\vendor\json\include\nlohmann/detail/output/output_adapters.hpp(121,77): warning: consecutive right angle brackets are incompatible with C++98 (use '> >') [-Wc++98-compat]
[build]   121 | template<typename CharType, typename StringType = std::basic_string<CharType>>
[build]       |                                                                             ^~
[build]       |                                                                             > >
[build] C:\Users\pperv\code\unnamed_rpg\vendor\json\include\nlohmann/detail/output/output_adapters.hpp(125,62): warning: consecutive right angle brackets are incompatible with C++98 (use '> >') [-Wc++98-compat]
[build]   125 |     template<typename AllocatorType = std::allocator<CharType>>
[build]       |                                                              ^~
[build]       |                                                              > >
[build] C:\Users\pperv\code\unnamed_rpg\vendor\json\include\nlohmann/detail/output/output_adapters.hpp(125,23): warning: default template arguments for a function template are incompatible with C++98 [-Wc++98-compat]
[build]   125 |     template<typename AllocatorType = std::allocator<CharType>>
[build]       |                       ^               ~~~~~~~~~~~~~~~~~~~~~~~~
[build] C:\Users\pperv\code\unnamed_rpg\vendor\json\include\nlohmann/detail/output/output_adapters.hpp(143,35): warning: default member initializer for non-static data members is incompatible with C++98 [-Wc++98-compat]
[build]   143 |     output_adapter_t<CharType> oa = nullptr;
[build]       |                                   ^
[build] C:\Users\pperv\code\unnamed_rpg\vendor\json\include\nlohmann/detail/output/output_adapters.hpp(143,37): warning: 'nullptr' is incompatible with C++98 [-Wc++98-compat]
[build]   143 |     output_adapter_t<CharType> oa = nullptr;
[build]       |                                     ^
[build] In file included from C:\Users\pperv\code\unnamed_rpg\vendor\json-schema-validator\src\string-format-check.cpp:1:
[build] In file included from C:\Users\pperv\code\unnamed_rpg\vendor\json-schema-validator\src\nlohmann/json-schema.hpp:24:
[build] In file included from C:\Users\pperv\code\unnamed_rpg\vendor\json\include\nlohmann/json.hpp:68:
[build] C:\Users\pperv\code\unnamed_rpg\vendor\json\include\nlohmann/detail/output/binary_writer.hpp(27,1): warning: empty macro arguments are incompatible with C++98 [-Wc++98-compat-pedantic]
[build]    27 | NLOHMANN_JSON_NAMESPACE_BEGIN
[build]       | ^
[build] C:\Users\pperv\code\unnamed_rpg\vendor\json\include\nlohmann/detail/abi_macros.hpp(102,17): note: expanded from macro 'NLOHMANN_JSON_NAMESPACE_BEGIN'
[build]   102 |                 NLOHMANN_JSON_ABI_TAGS,              \
[build]       |                 ^
[build] C:\Users\pperv\code\unnamed_rpg\vendor\json\include\nlohmann/detail/abi_macros.hpp(65,5): note: expanded from macro 'NLOHMANN_JSON_ABI_TAGS'
[build]    65 |     NLOHMANN_JSON_ABI_TAGS_CONCAT(                                   \
[build]       |     ^
[build] C:\Users\pperv\code\unnamed_rpg\vendor\json\include\nlohmann/detail/abi_macros.hpp(62,39): note: expanded from macro 'NLOHMANN_JSON_ABI_TAGS_CONCAT'
[build]    62 |     NLOHMANN_JSON_ABI_TAGS_CONCAT_EX(a, b, c)
[build]       |                                       ^
[build] In file included from C:\Users\pperv\code\unnamed_rpg\vendor\json-schema-validator\src\string-format-check.cpp:1:
[build] In file included from C:\Users\pperv\code\unnamed_rpg\vendor\json-schema-validator\src\nlohmann/json-schema.hpp:24:
[build] In file included from C:\Users\pperv\code\unnamed_rpg\vendor\json\include\nlohmann/json.hpp:68:
[build] C:\Users\pperv\code\unnamed_rpg\vendor\json\include\nlohmann/detail/output/binary_writer.hpp(27,1): warning: empty macro arguments are incompatible with C++98 [-Wc++98-compat-pedantic]
[build] C:\Users\pperv\code\unnamed_rpg\vendor\json\include\nlohmann/detail/abi_macros.hpp(102,17): note: expanded from macro 'NLOHMANN_JSON_NAMESPACE_BEGIN'
[build]   102 |                 NLOHMANN_JSON_ABI_TAGS,              \
[build]       |                 ^
[build] C:\Users\pperv\code\unnamed_rpg\vendor\json\include\nlohmann/detail/abi_macros.hpp(65,5): note: expanded from macro 'NLOHMANN_JSON_ABI_TAGS'
[build]    65 |     NLOHMANN_JSON_ABI_TAGS_CONCAT(                                   \
[build]       |     ^
[build] C:\Users\pperv\code\unnamed_rpg\vendor\json\include\nlohmann/detail/abi_macros.hpp(62,42): note: expanded from macro 'NLOHMANN_JSON_ABI_TAGS_CONCAT'
[build]    62 |     NLOHMANN_JSON_ABI_TAGS_CONCAT_EX(a, b, c)
[build]       |                                          ^
[build] In file included from C:\Users\pperv\code\unnamed_rpg\vendor\json-schema-validator\src\string-format-check.cpp:1:
[build] In file included from C:\Users\pperv\code\unnamed_rpg\vendor\json-schema-validator\src\nlohmann/json-schema.hpp:24:
[build] In file included from C:\Users\pperv\code\unnamed_rpg\vendor\json\include\nlohmann/json.hpp:68:
[build] C:\Users\pperv\code\unnamed_rpg\vendor\json\include\nlohmann/detail/output/binary_writer.hpp(27,1): warning: empty macro arguments are incompatible with C++98 [-Wc++98-compat-pedantic]
[build] C:\Users\pperv\code\unnamed_rpg\vendor\json\include\nlohmann/detail/abi_macros.hpp(102,17): note: expanded from macro 'NLOHMANN_JSON_NAMESPACE_BEGIN'
[build]   102 |                 NLOHMANN_JSON_ABI_TAGS,              \
[build]       |                 ^
[build] C:\Users\pperv\code\unnamed_rpg\vendor\json\include\nlohmann/detail/abi_macros.hpp(65,5): note: expanded from macro 'NLOHMANN_JSON_ABI_TAGS'
[build]    65 |     NLOHMANN_JSON_ABI_TAGS_CONCAT(                                   \
[build]       |     ^
[build] C:\Users\pperv\code\unnamed_rpg\vendor\json\include\nlohmann/detail/abi_macros.hpp(62,45): note: expanded from macro 'NLOHMANN_JSON_ABI_TAGS_CONCAT'
[build]    62 |     NLOHMANN_JSON_ABI_TAGS_CONCAT_EX(a, b, c)
[build]       |                                             ^
[build] In file included from C:\Users\pperv\code\unnamed_rpg\vendor\json-schema-validator\src\string-format-check.cpp:1:
[build] In file included from C:\Users\pperv\code\unnamed_rpg\vendor\json-schema-validator\src\nlohmann/json-schema.hpp:24:
[build] In file included from C:\Users\pperv\code\unnamed_rpg\vendor\json\include\nlohmann/json.hpp:68:
[build] C:\Users\pperv\code\unnamed_rpg\vendor\json\include\nlohmann/detail/output/binary_writer.hpp(27,1): warning: inline namespaces are incompatible with C++98 [-Wc++98-compat]
[build] C:\Users\pperv\code\unnamed_rpg\vendor\json\include\nlohmann/detail/abi_macros.hpp(101,5): note: expanded from macro 'NLOHMANN_JSON_NAMESPACE_BEGIN'
[build]   101 |     inline namespace NLOHMANN_JSON_NAMESPACE_CONCAT( \
[build]       |     ^
[build] In file included from C:\Users\pperv\code\unnamed_rpg\vendor\json-schema-validator\src\string-format-check.cpp:1:
[build] In file included from C:\Users\pperv\code\unnamed_rpg\vendor\json-schema-validator\src\nlohmann/json-schema.hpp:24:
[build] In file included from C:\Users\pperv\code\unnamed_rpg\vendor\json\include\nlohmann/json.hpp:68:
[build] C:\Users\pperv\code\unnamed_rpg\vendor\json\include\nlohmann/detail/output/binary_writer.hpp(32,6): warning: scoped enumerations are incompatible with C++98 [-Wc++98-compat]
[build]    32 | enum class bjdata_version_t
[build]       |      ^
[build] C:\Users\pperv\code\unnamed_rpg\vendor\json\include\nlohmann/detail/output/binary_writer.hpp(35,11): warning: commas at the end of enumerator lists are incompatible with C++98 [-Wc++98-compat-pedantic]
[build]    35 |     draft3,
[build]       |           ^
[build] C:\Users\pperv\code\unnamed_rpg\vendor\json\include\nlohmann/detail/output/binary_writer.hpp(48,22): warning: alias declarations are incompatible with C++98 [-Wc++98-compat]
[build]    48 |     using string_t = typename BasicJsonType::string_t;
[build]       |                      ^
[build] C:\Users\pperv\code\unnamed_rpg\vendor\json\include\nlohmann/detail/output/binary_writer.hpp(49,22): warning: alias declarations are incompatible with C++98 [-Wc++98-compat]
[build]    49 |     using binary_t = typename BasicJsonType::binary_t;
[build]       |                      ^
[build] C:\Users\pperv\code\unnamed_rpg\vendor\json\include\nlohmann/detail/output/binary_writer.hpp(50,28): warning: alias declarations are incompatible with C++98 [-Wc++98-compat]
[build]    50 |     using number_float_t = typename BasicJsonType::number_float_t;
[build]       |                            ^
[build] C:\Users\pperv\code\unnamed_rpg\vendor\json\include\nlohmann/detail/output/binary_writer.hpp(1099,12): warning: 'constexpr' specifier is incompatible with C++98 [-Wc++98-compat]
[build]  1099 |     static constexpr std::size_t calc_bson_unsigned_size(const std::uint64_t value) noexcept
[build]       |            ^
[build] C:\Users\pperv\code\unnamed_rpg\vendor\json\include\nlohmann/detail/output/binary_writer.hpp(1100,5): warning: noexcept specifications are incompatible with C++98 [-Wc++98-compat]
[build]  1100 |     {
[build]       |     ^
[build] C:\Users\pperv\code\unnamed_rpg\vendor\json\include\nlohmann/detail/output/binary_writer.hpp(1325,12): warning: 'constexpr' specifier is incompatible with C++98 [-Wc++98-compat]
[build]  1325 |     static constexpr CharType get_cbor_float_prefix(float /*unused*/)
[build]       |            ^
[build] C:\Users\pperv\code\unnamed_rpg\vendor\json\include\nlohmann/detail/output/binary_writer.hpp(1330,12): warning: 'constexpr' specifier is incompatible with C++98 [-Wc++98-compat]
[build]  1330 |     static constexpr CharType get_cbor_float_prefix(double /*unused*/)
[build]       |            ^
[build] C:\Users\pperv\code\unnamed_rpg\vendor\json\include\nlohmann/detail/output/binary_writer.hpp(1339,12): warning: 'constexpr' specifier is incompatible with C++98 [-Wc++98-compat]
[build]  1339 |     static constexpr CharType get_msgpack_float_prefix(float /*unused*/)
[build]       |            ^
[build] C:\Users\pperv\code\unnamed_rpg\vendor\json\include\nlohmann/detail/output/binary_writer.hpp(1344,12): warning: 'constexpr' specifier is incompatible with C++98 [-Wc++98-compat]
[build]  1344 |     static constexpr CharType get_msgpack_float_prefix(double /*unused*/)
[build]       |            ^
[build] C:\Users\pperv\code\unnamed_rpg\vendor\json\include\nlohmann/detail/output/binary_writer.hpp(1355,72): warning: default template arguments for a function template are incompatible with C++98 [-Wc++98-compat]
[build]  1355 |                  std::is_floating_point<NumberType>::value, int>::type = 0>
[build]       |                                                                        ^ ~
[build] C:\Users\pperv\code\unnamed_rpg\vendor\json\include\nlohmann/detail/output/binary_writer.hpp(1369,66): warning: default template arguments for a function template are incompatible with C++98 [-Wc++98-compat]
[build]  1369 |                  std::is_unsigned<NumberType>::value, int>::type = 0>
[build]       |                                                                  ^ ~
[build] C:\Users\pperv\code\unnamed_rpg\vendor\json\include\nlohmann/detail/output/binary_writer.hpp(1457,76): warning: default template arguments for a function template are incompatible with C++98 [-Wc++98-compat]
[build]  1457 |                    !std::is_floating_point<NumberType>::value, int >::type = 0 >
[build]       |                                                                            ^ ~
[build] C:\Users\pperv\code\unnamed_rpg\vendor\json\include\nlohmann/detail/output/binary_writer.hpp(1540,5): warning: noexcept specifications are incompatible with C++98 [-Wc++98-compat]
[build]  1540 |     {
[build]       |     ^
[build] C:\Users\pperv\code\unnamed_rpg\vendor\json\include\nlohmann/detail/output/binary_writer.hpp(1640,12): warning: 'constexpr' specifier is incompatible with C++98 [-Wc++98-compat]
[build]  1640 |     static constexpr CharType get_ubjson_float_prefix(float /*unused*/)
[build]       |            ^
[build] C:\Users\pperv\code\unnamed_rpg\vendor\json\include\nlohmann/detail/output/binary_writer.hpp(1645,12): warning: 'constexpr' specifier is incompatible with C++98 [-Wc++98-compat]
[build]  1645 |     static constexpr CharType get_ubjson_float_prefix(double /*unused*/)
[build]       |            ^
[build] C:\Users\pperv\code\unnamed_rpg\vendor\json\include\nlohmann/detail/output/binary_writer.hpp(1874,92): warning: 'nullptr' is incompatible with C++98 [-Wc++98-compat]
[build]  1874 |                enable_if_t < std::is_signed<C>::value && std::is_signed<char>::value > * = nullptr >
[build]       |                                                                                            ^
[build] C:\Users\pperv\code\unnamed_rpg\vendor\json\include\nlohmann/detail/output/binary_writer.hpp(1875,12): warning: 'constexpr' specifier is incompatible with C++98 [-Wc++98-compat]
[build]  1875 |     static constexpr CharType to_char_type(std::uint8_t x) noexcept
[build]       |            ^
[build] C:\Users\pperv\code\unnamed_rpg\vendor\json\include\nlohmann/detail/output/binary_writer.hpp(1876,5): warning: noexcept specifications are incompatible with C++98 [-Wc++98-compat]
[build]  1876 |     {
[build]       |     ^
[build] C:\Users\pperv\code\unnamed_rpg\vendor\json\include\nlohmann/detail/output/binary_writer.hpp(1873,25): warning: default template arguments for a function template are incompatible with C++98 [-Wc++98-compat]
[build]  1873 |     template < typename C = CharType,
[build]       |                         ^   ~~~~~~~~
[build] C:\Users\pperv\code\unnamed_rpg\vendor\json\include\nlohmann/detail/output/binary_writer.hpp(1874,90): warning: default template arguments for a function template are incompatible with C++98 [-Wc++98-compat]
[build]  1874 |                enable_if_t < std::is_signed<C>::value && std::is_signed<char>::value > * = nullptr >
[build]       |                                                                                          ^ ~~~~~~~
[build] C:\Users\pperv\code\unnamed_rpg\vendor\json\include\nlohmann/detail/output/binary_writer.hpp(1881,94): warning: 'nullptr' is incompatible with C++98 [-Wc++98-compat]
[build]  1881 |                enable_if_t < std::is_signed<C>::value && std::is_unsigned<char>::value > * = nullptr >
[build]       |                                                                                              ^
[build] C:\Users\pperv\code\unnamed_rpg\vendor\json\include\nlohmann/detail/output/binary_writer.hpp(1883,5): warning: noexcept specifications are incompatible with C++98 [-Wc++98-compat]
[build]  1883 |     {
[build]       |     ^
[build] C:\Users\pperv\code\unnamed_rpg\vendor\json\include\nlohmann/detail/output/binary_writer.hpp(1880,25): warning: default template arguments for a function template are incompatible with C++98 [-Wc++98-compat]
[build]  1880 |     template < typename C = CharType,
[build]       |                         ^   ~~~~~~~~
[build] C:\Users\pperv\code\unnamed_rpg\vendor\json\include\nlohmann/detail/output/binary_writer.hpp(1881,92): warning: default template arguments for a function template are incompatible with C++98 [-Wc++98-compat]
[build]  1881 |                enable_if_t < std::is_signed<C>::value && std::is_unsigned<char>::value > * = nullptr >
[build]       |                                                                                            ^ ~~~~~~~
[build] C:\Users\pperv\code\unnamed_rpg\vendor\json\include\nlohmann/detail/output/binary_writer.hpp(1905,57): warning: 'nullptr' is incompatible with C++98 [-Wc++98-compat]
[build]  1905 |              enable_if_t<std::is_unsigned<C>::value>* = nullptr>
[build]       |                                                         ^
[build] C:\Users\pperv\code\unnamed_rpg\vendor\json\include\nlohmann/detail/output/binary_writer.hpp(1906,12): warning: 'constexpr' specifier is incompatible with C++98 [-Wc++98-compat]
[build]  1906 |     static constexpr CharType to_char_type(std::uint8_t x) noexcept
[build]       |            ^
[build] C:\Users\pperv\code\unnamed_rpg\vendor\json\include\nlohmann/detail/output/binary_writer.hpp(1907,5): warning: noexcept specifications are incompatible with C++98 [-Wc++98-compat]
[build]  1907 |     {
[build]       |     ^
[build] C:\Users\pperv\code\unnamed_rpg\vendor\json\include\nlohmann/detail/output/binary_writer.hpp(1904,23): warning: default template arguments for a function template are incompatible with C++98 [-Wc++98-compat]
[build]  1904 |     template<typename C = CharType,
[build]       |                       ^   ~~~~~~~~
[build] C:\Users\pperv\code\unnamed_rpg\vendor\json\include\nlohmann/detail/output/binary_writer.hpp(1905,55): warning: default template arguments for a function template are incompatible with C++98 [-Wc++98-compat]
[build]  1905 |              enable_if_t<std::is_unsigned<C>::value>* = nullptr>
[build]       |                                                       ^ ~~~~~~~
[build] C:\Users\pperv\code\unnamed_rpg\vendor\json\include\nlohmann/detail/output/binary_writer.hpp(1916,26): warning: 'nullptr' is incompatible with C++98 [-Wc++98-compat]
[build]  1916 |                    > * = nullptr >
[build]       |                          ^
[build] C:\Users\pperv\code\unnamed_rpg\vendor\json\include\nlohmann/detail/output/binary_writer.hpp(1917,12): warning: 'constexpr' specifier is incompatible with C++98 [-Wc++98-compat]
[build]  1917 |     static constexpr CharType to_char_type(InputCharType x) noexcept
[build]       |            ^
[build] C:\Users\pperv\code\unnamed_rpg\vendor\json\include\nlohmann/detail/output/binary_writer.hpp(1918,5): warning: noexcept specifications are incompatible with C++98 [-Wc++98-compat]
[build]  1918 |     {
[build]       |     ^
[build] C:\Users\pperv\code\unnamed_rpg\vendor\json\include\nlohmann/detail/output/binary_writer.hpp(1911,49): warning: default template arguments for a function template are incompatible with C++98 [-Wc++98-compat]
[build]  1911 |     template < typename InputCharType, typename C = CharType,
[build]       |                                                 ^   ~~~~~~~~
[build] C:\Users\pperv\code\unnamed_rpg\vendor\json\include\nlohmann/detail/output/binary_writer.hpp(1916,24): warning: default template arguments for a function template are incompatible with C++98 [-Wc++98-compat]
[build]  1916 |                    > * = nullptr >
[build]       |                        ^ ~~~~~~~
[build] C:\Users\pperv\code\unnamed_rpg\vendor\json\include\nlohmann/detail/output/binary_writer.hpp(1924,33): warning: default member initializer for non-static data members is incompatible with C++98 [-Wc++98-compat]
[build]  1924 |     const bool is_little_endian = little_endianness();
[build]       |                                 ^
[build] C:\Users\pperv\code\unnamed_rpg\vendor\json\include\nlohmann/detail/output/binary_writer.hpp(1927,35): warning: default member initializer for non-static data members is incompatible with C++98 [-Wc++98-compat]
[build]  1927 |     output_adapter_t<CharType> oa = nullptr;
[build]       |                                   ^
[build] C:\Users\pperv\code\unnamed_rpg\vendor\json\include\nlohmann/detail/output/binary_writer.hpp(749,94): warning: enumeration type in nested name specifier is incompatible with C++98 [-Wc++98-compat]
[build]   749 |                       const bool use_bjdata = false, const bjdata_version_t bjdata_version = bjdata_version_t::draft2)
[build]       |                                                                                              ^
[build] C:\Users\pperv\code\unnamed_rpg\vendor\json\include\nlohmann/detail/output/binary_writer.hpp(1927,37): warning: 'nullptr' is incompatible with C++98 [-Wc++98-compat]
[build]  1927 |     output_adapter_t<CharType> oa = nullptr;
[build]       |                                     ^
[build] In file included from C:\Users\pperv\code\unnamed_rpg\vendor\json-schema-validator\src\string-format-check.cpp:1:
[build] In file included from C:\Users\pperv\code\unnamed_rpg\vendor\json-schema-validator\src\nlohmann/json-schema.hpp:24:
[build] In file included from C:\Users\pperv\code\unnamed_rpg\vendor\json\include\nlohmann/json.hpp:70:
[build] In file included from C:\Users\pperv\code\unnamed_rpg\vendor\json\include\nlohmann/detail/output/serializer.hpp:25:
[build] C:\Users\pperv\code\unnamed_rpg\vendor\json\include\nlohmann/detail/conversions/to_chars.hpp(21,1): warning: empty macro arguments are incompatible with C++98 [-Wc++98-compat-pedantic]
[build]    21 | NLOHMANN_JSON_NAMESPACE_BEGIN
[build]       | ^
[build] C:\Users\pperv\code\unnamed_rpg\vendor\json\include\nlohmann/detail/abi_macros.hpp(102,17): note: expanded from macro 'NLOHMANN_JSON_NAMESPACE_BEGIN'
[build]   102 |                 NLOHMANN_JSON_ABI_TAGS,              \
[build]       |                 ^
[build] C:\Users\pperv\code\unnamed_rpg\vendor\json\include\nlohmann/detail/abi_macros.hpp(65,5): note: expanded from macro 'NLOHMANN_JSON_ABI_TAGS'
[build]    65 |     NLOHMANN_JSON_ABI_TAGS_CONCAT(                                   \
[build]       |     ^
[build] C:\Users\pperv\code\unnamed_rpg\vendor\json\include\nlohmann/detail/abi_macros.hpp(62,39): note: expanded from macro 'NLOHMANN_JSON_ABI_TAGS_CONCAT'
[build]    62 |     NLOHMANN_JSON_ABI_TAGS_CONCAT_EX(a, b, c)
[build]       |                                       ^
[build] In file included from C:\Users\pperv\code\unnamed_rpg\vendor\json-schema-validator\src\string-format-check.cpp:1:
[build] In file included from C:\Users\pperv\code\unnamed_rpg\vendor\json-schema-validator\src\nlohmann/json-schema.hpp:24:
[build] In file included from C:\Users\pperv\code\unnamed_rpg\vendor\json\include\nlohmann/json.hpp:70:
[build] In file included from C:\Users\pperv\code\unnamed_rpg\vendor\json\include\nlohmann/detail/output/serializer.hpp:25:
[build] C:\Users\pperv\code\unnamed_rpg\vendor\json\include\nlohmann/detail/conversions/to_chars.hpp(21,1): warning: empty macro arguments are incompatible with C++98 [-Wc++98-compat-pedantic]
[build] C:\Users\pperv\code\unnamed_rpg\vendor\json\include\nlohmann/detail/abi_macros.hpp(102,17): note: expanded from macro 'NLOHMANN_JSON_NAMESPACE_BEGIN'
[build]   102 |                 NLOHMANN_JSON_ABI_TAGS,              \
[build]       |                 ^
[build] C:\Users\pperv\code\unnamed_rpg\vendor\json\include\nlohmann/detail/abi_macros.hpp(65,5): note: expanded from macro 'NLOHMANN_JSON_ABI_TAGS'
[build]    65 |     NLOHMANN_JSON_ABI_TAGS_CONCAT(                                   \
[build]       |     ^
[build] C:\Users\pperv\code\unnamed_rpg\vendor\json\include\nlohmann/detail/abi_macros.hpp(62,42): note: expanded from macro 'NLOHMANN_JSON_ABI_TAGS_CONCAT'
[build]    62 |     NLOHMANN_JSON_ABI_TAGS_CONCAT_EX(a, b, c)
[build]       |                                          ^
[build] In file included from C:\Users\pperv\code\unnamed_rpg\vendor\json-schema-validator\src\string-format-check.cpp:1:
[build] In file included from C:\Users\pperv\code\unnamed_rpg\vendor\json-schema-validator\src\nlohmann/json-schema.hpp:24:
[build] In file included from C:\Users\pperv\code\unnamed_rpg\vendor\json\include\nlohmann/json.hpp:70:
[build] In file included from C:\Users\pperv\code\unnamed_rpg\vendor\json\include\nlohmann/detail/output/serializer.hpp:25:
[build] C:\Users\pperv\code\unnamed_rpg\vendor\json\include\nlohmann/detail/conversions/to_chars.hpp(21,1): warning: empty macro arguments are incompatible with C++98 [-Wc++98-compat-pedantic]
[build] C:\Users\pperv\code\unnamed_rpg\vendor\json\include\nlohmann/detail/abi_macros.hpp(102,17): note: expanded from macro 'NLOHMANN_JSON_NAMESPACE_BEGIN'
[build]   102 |                 NLOHMANN_JSON_ABI_TAGS,              \
[build]       |                 ^
[build] C:\Users\pperv\code\unnamed_rpg\vendor\json\include\nlohmann/detail/abi_macros.hpp(65,5): note: expanded from macro 'NLOHMANN_JSON_ABI_TAGS'
[build]    65 |     NLOHMANN_JSON_ABI_TAGS_CONCAT(                                   \
[build]       |     ^
[build] C:\Users\pperv\code\unnamed_rpg\vendor\json\include\nlohmann/detail/abi_macros.hpp(62,45): note: expanded from macro 'NLOHMANN_JSON_ABI_TAGS_CONCAT'
[build]    62 |     NLOHMANN_JSON_ABI_TAGS_CONCAT_EX(a, b, c)
[build]       |                                             ^
[build] In file included from C:\Users\pperv\code\unnamed_rpg\vendor\json-schema-validator\src\string-format-check.cpp:1:
[build] In file included from C:\Users\pperv\code\unnamed_rpg\vendor\json-schema-validator\src\nlohmann/json-schema.hpp:24:
[build] In file included from C:\Users\pperv\code\unnamed_rpg\vendor\json\include\nlohmann/json.hpp:70:
[build] In file included from C:\Users\pperv\code\unnamed_rpg\vendor\json\include\nlohmann/detail/output/serializer.hpp:25:
[build] C:\Users\pperv\code\unnamed_rpg\vendor\json\include\nlohmann/detail/conversions/to_chars.hpp(21,1): warning: inline namespaces are incompatible with C++98 [-Wc++98-compat]
[build] C:\Users\pperv\code\unnamed_rpg\vendor\json\include\nlohmann/detail/abi_macros.hpp(101,5): note: expanded from macro 'NLOHMANN_JSON_NAMESPACE_BEGIN'
[build]   101 |     inline namespace NLOHMANN_JSON_NAMESPACE_CONCAT( \
[build]       |     ^
[build] In file included from C:\Users\pperv\code\unnamed_rpg\vendor\json-schema-validator\src\string-format-check.cpp:1:
[build] In file included from C:\Users\pperv\code\unnamed_rpg\vendor\json-schema-validator\src\nlohmann/json-schema.hpp:24:
[build] In file included from C:\Users\pperv\code\unnamed_rpg\vendor\json\include\nlohmann/json.hpp:70:
[build] In file included from C:\Users\pperv\code\unnamed_rpg\vendor\json\include\nlohmann/detail/output/serializer.hpp:25:
[build] C:\Users\pperv\code\unnamed_rpg\vendor\json\include\nlohmann/detail/conversions/to_chars.hpp(59,12): warning: 'constexpr' specifier is incompatible with C++98 [-Wc++98-compat]
[build]    59 |     static constexpr int kPrecision = 64; // = q
[build]       |            ^
[build] C:\Users\pperv\code\unnamed_rpg\vendor\json\include\nlohmann/detail/conversions/to_chars.hpp(61,21): warning: default member initializer for non-static data members is incompatible with C++98 [-Wc++98-compat]
[build]    61 |     std::uint64_t f = 0;
[build]       |                     ^
[build] C:\Users\pperv\code\unnamed_rpg\vendor\json\include\nlohmann/detail/conversions/to_chars.hpp(62,11): warning: default member initializer for non-static data members is incompatible with C++98 [-Wc++98-compat]
[build]    62 |     int e = 0;
[build]       |           ^
[build] C:\Users\pperv\code\unnamed_rpg\vendor\json\include\nlohmann/detail/conversions/to_chars.hpp(64,5): warning: 'constexpr' specifier is incompatible with C++98 [-Wc++98-compat]
[build]    64 |     constexpr diyfp(std::uint64_t f_, int e_) noexcept : f(f_), e(e_) {}
[build]       |     ^
[build] C:\Users\pperv\code\unnamed_rpg\vendor\json\include\nlohmann/detail/conversions/to_chars.hpp(64,56): warning: noexcept specifications are incompatible with C++98 [-Wc++98-compat]
[build]    64 |     constexpr diyfp(std::uint64_t f_, int e_) noexcept : f(f_), e(e_) {}
[build]       |                                                        ^
[build] C:\Users\pperv\code\unnamed_rpg\vendor\json\include\nlohmann/detail/conversions/to_chars.hpp(71,5): warning: noexcept specifications are incompatible with C++98 [-Wc++98-compat]
[build]    71 |     {
[build]       |     ^
[build] C:\Users\pperv\code\unnamed_rpg\vendor\json\include\nlohmann/detail/conversions/to_chars.hpp(83,5): warning: noexcept specifications are incompatible with C++98 [-Wc++98-compat]
[build]    83 |     {
[build]       |     ^
[build] C:\Users\pperv\code\unnamed_rpg\vendor\json\include\nlohmann/detail/conversions/to_chars.hpp(148,5): warning: noexcept specifications are incompatible with C++98 [-Wc++98-compat]
[build]   148 |     {
[build]       |     ^
[build] C:\Users\pperv\code\unnamed_rpg\vendor\json\include\nlohmann/detail/conversions/to_chars.hpp(165,5): warning: noexcept specifications are incompatible with C++98 [-Wc++98-compat]
[build]   165 |     {
[build]       |     ^
[build] C:\Users\pperv\code\unnamed_rpg\vendor\json\include\nlohmann/detail/conversions/to_chars.hpp(57,8): warning: padding size of 'nlohmann::detail::dtoa_impl::diyfp' with 4 bytes to alignment boundary [-Wpadded]
[build]    57 | struct diyfp // f * 2^e
[build]       |        ^
[build] C:\Users\pperv\code\unnamed_rpg\vendor\json\include\nlohmann/detail/conversions/to_chars.hpp(75,16): warning: generalized initializer lists are incompatible with C++98 [-Wc++98-compat]
[build]    75 |         return {x.f - y.f, x.e};
[build]       |                ^~~~~~~~~~~~~~~~
[build] C:\Users\pperv\code\unnamed_rpg\vendor\json\include\nlohmann/detail/conversions/to_chars.hpp(75,16): warning: constructor call from initializer list is incompatible with C++98 [-Wc++98-compat]
[build]    75 |         return {x.f - y.f, x.e};
[build]       |                ^~~~~~~~~~~~~~~~
[build] C:\Users\pperv\code\unnamed_rpg\vendor\json\include\nlohmann/detail/conversions/to_chars.hpp(84,9): warning: 'static_assert' declarations are incompatible with C++98 [-Wc++98-compat]
[build]    84 |         static_assert(kPrecision == 64, "internal error");
[build]       |         ^
[build] C:\Users\pperv\code\unnamed_rpg\vendor\json\include\nlohmann/detail/conversions/to_chars.hpp(136,27): warning: generalized initializer lists are incompatible with C++98 [-Wc++98-compat]
[build]   136 |         Q += std::uint64_t{1} << (64u - 32u - 1u); // round, ties up
[build]       |                           ^
[build] C:\Users\pperv\code\unnamed_rpg\vendor\json\include\nlohmann/detail/conversions/to_chars.hpp(140,16): warning: generalized initializer lists are incompatible with C++98 [-Wc++98-compat]
[build]   140 |         return {h, x.e + y.e + 64};
[build]       |                ^~~~~~~~~~~~~~~~~~~
[build] C:\Users\pperv\code\unnamed_rpg\vendor\json\include\nlohmann/detail/conversions/to_chars.hpp(140,16): warning: constructor call from initializer list is incompatible with C++98 [-Wc++98-compat]
[build]   140 |         return {h, x.e + y.e + 64};
[build]       |                ^~~~~~~~~~~~~~~~~~~
[build] C:\Users\pperv\code\unnamed_rpg\vendor\json\include\nlohmann/detail/conversions/to_chars.hpp(171,16): warning: generalized initializer lists are incompatible with C++98 [-Wc++98-compat]
[build]   171 |         return {x.f << delta, target_exponent};
[build]       |                ^~~~~~~~~~~~~~~~~~~~~~~~~~~~~~~
[build] C:\Users\pperv\code\unnamed_rpg\vendor\json\include\nlohmann/detail/conversions/to_chars.hpp(171,16): warning: constructor call from initializer list is incompatible with C++98 [-Wc++98-compat]
[build]   171 |         return {x.f << delta, target_exponent};
[build]       |                ^~~~~~~~~~~~~~~~~~~~~~~~~~~~~~~
[build] C:\Users\pperv\code\unnamed_rpg\vendor\json\include\nlohmann/detail/conversions/to_chars.hpp(311,1): warning: 'constexpr' specifier is incompatible with C++98 [-Wc++98-compat]
[build]   311 | constexpr int kAlpha = -60;
[build]       | ^
[build] C:\Users\pperv\code\unnamed_rpg\vendor\json\include\nlohmann/detail/conversions/to_chars.hpp(312,1): warning: 'constexpr' specifier is incompatible with C++98 [-Wc++98-compat]
[build]   312 | constexpr int kGamma = -32;
[build]       | ^
[build] C:\Users\pperv\code\unnamed_rpg\vendor\json\include\nlohmann/detail/conversions/to_chars.hpp(380,5): warning: 'constexpr' specifier is incompatible with C++98 [-Wc++98-compat]
[build]   380 |     constexpr int kCachedPowersMinDecExp = -300;
[build]       |     ^
[build] C:\Users\pperv\code\unnamed_rpg\vendor\json\include\nlohmann/detail/conversions/to_chars.hpp(381,5): warning: 'constexpr' specifier is incompatible with C++98 [-Wc++98-compat]
[build]   381 |     constexpr int kCachedPowersDecStep = 8;
[build]       |     ^
[build] C:\Users\pperv\code\unnamed_rpg\vendor\json\include\nlohmann/detail/conversions/to_chars.hpp(383,12): warning: 'constexpr' specifier is incompatible with C++98 [-Wc++98-compat]
[build]   383 |     static constexpr std::array<cached_power, 79> kCachedPowers =
[build]       |            ^
[build] C:\Users\pperv\code\unnamed_rpg\vendor\json\include\nlohmann/detail/conversions/to_chars.hpp(386,15): warning: 'long long' is incompatible with C++98 [-Wc++98-compat-pedantic]
[build]   386 |             { 0xAB70FE17C79AC6CA, -1060, -300 },
[build]       |               ^
[build] C:\Users\pperv\code\unnamed_rpg\vendor\json\include\nlohmann/detail/conversions/to_chars.hpp(387,15): warning: 'long long' is incompatible with C++98 [-Wc++98-compat-pedantic]
[build]   387 |             { 0xFF77B1FCBEBCDC4F, -1034, -292 },
[build]       |               ^
[build] C:\Users\pperv\code\unnamed_rpg\vendor\json\include\nlohmann/detail/conversions/to_chars.hpp(388,15): warning: 'long long' is incompatible with C++98 [-Wc++98-compat-pedantic]
[build]   388 |             { 0xBE5691EF416BD60C, -1007, -284 },
[build]       |               ^
[build] C:\Users\pperv\code\unnamed_rpg\vendor\json\include\nlohmann/detail/conversions/to_chars.hpp(389,15): warning: 'long long' is incompatible with C++98 [-Wc++98-compat-pedantic]
[build]   389 |             { 0x8DD01FAD907FFC3C,  -980, -276 },
[build]       |               ^
[build] C:\Users\pperv\code\unnamed_rpg\vendor\json\include\nlohmann/detail/conversions/to_chars.hpp(390,15): warning: 'long long' is incompatible with C++98 [-Wc++98-compat-pedantic]
[build]   390 |             { 0xD3515C2831559A83,  -954, -268 },
[build]       |               ^
[build] C:\Users\pperv\code\unnamed_rpg\vendor\json\include\nlohmann/detail/conversions/to_chars.hpp(391,15): warning: 'long long' is incompatible with C++98 [-Wc++98-compat-pedantic]
[build]   391 |             { 0x9D71AC8FADA6C9B5,  -927, -260 },
[build]       |               ^
[build] C:\Users\pperv\code\unnamed_rpg\vendor\json\include\nlohmann/detail/conversions/to_chars.hpp(392,15): warning: 'long long' is incompatible with C++98 [-Wc++98-compat-pedantic]
[build]   392 |             { 0xEA9C227723EE8BCB,  -901, -252 },
[build]       |               ^
[build] C:\Users\pperv\code\unnamed_rpg\vendor\json\include\nlohmann/detail/conversions/to_chars.hpp(393,15): warning: 'long long' is incompatible with C++98 [-Wc++98-compat-pedantic]
[build]   393 |             { 0xAECC49914078536D,  -874, -244 },
[build]       |               ^
[build] C:\Users\pperv\code\unnamed_rpg\vendor\json\include\nlohmann/detail/conversions/to_chars.hpp(394,15): warning: 'long long' is incompatible with C++98 [-Wc++98-compat-pedantic]
[build]   394 |             { 0x823C12795DB6CE57,  -847, -236 },
[build]       |               ^
[build] C:\Users\pperv\code\unnamed_rpg\vendor\json\include\nlohmann/detail/conversions/to_chars.hpp(395,15): warning: 'long long' is incompatible with C++98 [-Wc++98-compat-pedantic]
[build]   395 |             { 0xC21094364DFB5637,  -821, -228 },
[build]       |               ^
[build] C:\Users\pperv\code\unnamed_rpg\vendor\json\include\nlohmann/detail/conversions/to_chars.hpp(396,15): warning: 'long long' is incompatible with C++98 [-Wc++98-compat-pedantic]
[build]   396 |             { 0x9096EA6F3848984F,  -794, -220 },
[build]       |               ^
[build] C:\Users\pperv\code\unnamed_rpg\vendor\json\include\nlohmann/detail/conversions/to_chars.hpp(397,15): warning: 'long long' is incompatible with C++98 [-Wc++98-compat-pedantic]
[build]   397 |             { 0xD77485CB25823AC7,  -768, -212 },
[build]       |               ^
[build] C:\Users\pperv\code\unnamed_rpg\vendor\json\include\nlohmann/detail/conversions/to_chars.hpp(398,15): warning: 'long long' is incompatible with C++98 [-Wc++98-compat-pedantic]
[build]   398 |             { 0xA086CFCD97BF97F4,  -741, -204 },
[build]       |               ^
[build] C:\Users\pperv\code\unnamed_rpg\vendor\json\include\nlohmann/detail/conversions/to_chars.hpp(399,15): warning: 'long long' is incompatible with C++98 [-Wc++98-compat-pedantic]
[build]   399 |             { 0xEF340A98172AACE5,  -715, -196 },
[build]       |               ^
[build] C:\Users\pperv\code\unnamed_rpg\vendor\json\include\nlohmann/detail/conversions/to_chars.hpp(400,15): warning: 'long long' is incompatible with C++98 [-Wc++98-compat-pedantic]
[build]   400 |             { 0xB23867FB2A35B28E,  -688, -188 },
[build]       |               ^
[build] C:\Users\pperv\code\unnamed_rpg\vendor\json\include\nlohmann/detail/conversions/to_chars.hpp(401,15): warning: 'long long' is incompatible with C++98 [-Wc++98-compat-pedantic]
[build]   401 |             { 0x84C8D4DFD2C63F3B,  -661, -180 },
[build]       |               ^
[build] C:\Users\pperv\code\unnamed_rpg\vendor\json\include\nlohmann/detail/conversions/to_chars.hpp(402,15): warning: 'long long' is incompatible with C++98 [-Wc++98-compat-pedantic]
[build]   402 |             { 0xC5DD44271AD3CDBA,  -635, -172 },
[build]       |               ^
[build] C:\Users\pperv\code\unnamed_rpg\vendor\json\include\nlohmann/detail/conversions/to_chars.hpp(403,15): warning: 'long long' is incompatible with C++98 [-Wc++98-compat-pedantic]
[build]   403 |             { 0x936B9FCEBB25C996,  -608, -164 },
[build]       |               ^
[build] C:\Users\pperv\code\unnamed_rpg\vendor\json\include\nlohmann/detail/conversions/to_chars.hpp(404,15): warning: 'long long' is incompatible with C++98 [-Wc++98-compat-pedantic]
[build]   404 |             { 0xDBAC6C247D62A584,  -582, -156 },
[build]       |               ^
[build] C:\Users\pperv\code\unnamed_rpg\vendor\json\include\nlohmann/detail/conversions/to_chars.hpp(405,15): warning: 'long long' is incompatible with C++98 [-Wc++98-compat-pedantic]
[build]   405 |             { 0xA3AB66580D5FDAF6,  -555, -148 },
[build]       |               ^
[build] C:\Users\pperv\code\unnamed_rpg\vendor\json\include\nlohmann/detail/conversions/to_chars.hpp(406,15): warning: 'long long' is incompatible with C++98 [-Wc++98-compat-pedantic]
[build]   406 |             { 0xF3E2F893DEC3F126,  -529, -140 },
[build]       |               ^
[build] C:\Users\pperv\code\unnamed_rpg\vendor\json\include\nlohmann/detail/conversions/to_chars.hpp(407,15): warning: 'long long' is incompatible with C++98 [-Wc++98-compat-pedantic]
[build]   407 |             { 0xB5B5ADA8AAFF80B8,  -502, -132 },
[build]       |               ^
[build] C:\Users\pperv\code\unnamed_rpg\vendor\json\include\nlohmann/detail/conversions/to_chars.hpp(408,15): warning: 'long long' is incompatible with C++98 [-Wc++98-compat-pedantic]
[build]   408 |             { 0x87625F056C7C4A8B,  -475, -124 },
[build]       |               ^
[build] C:\Users\pperv\code\unnamed_rpg\vendor\json\include\nlohmann/detail/conversions/to_chars.hpp(409,15): warning: 'long long' is incompatible with C++98 [-Wc++98-compat-pedantic]
[build]   409 |             { 0xC9BCFF6034C13053,  -449, -116 },
[build]       |               ^
[build] C:\Users\pperv\code\unnamed_rpg\vendor\json\include\nlohmann/detail/conversions/to_chars.hpp(410,15): warning: 'long long' is incompatible with C++98 [-Wc++98-compat-pedantic]
[build]   410 |             { 0x964E858C91BA2655,  -422, -108 },
[build]       |               ^
[build] C:\Users\pperv\code\unnamed_rpg\vendor\json\include\nlohmann/detail/conversions/to_chars.hpp(411,15): warning: 'long long' is incompatible with C++98 [-Wc++98-compat-pedantic]
[build]   411 |             { 0xDFF9772470297EBD,  -396, -100 },
[build]       |               ^
[build] C:\Users\pperv\code\unnamed_rpg\vendor\json\include\nlohmann/detail/conversions/to_chars.hpp(412,15): warning: 'long long' is incompatible with C++98 [-Wc++98-compat-pedantic]
[build]   412 |             { 0xA6DFBD9FB8E5B88F,  -369,  -92 },
[build]       |               ^
[build] C:\Users\pperv\code\unnamed_rpg\vendor\json\include\nlohmann/detail/conversions/to_chars.hpp(413,15): warning: 'long long' is incompatible with C++98 [-Wc++98-compat-pedantic]
[build]   413 |             { 0xF8A95FCF88747D94,  -343,  -84 },
[build]       |               ^
[build] C:\Users\pperv\code\unnamed_rpg\vendor\json\include\nlohmann/detail/conversions/to_chars.hpp(414,15): warning: 'long long' is incompatible with C++98 [-Wc++98-compat-pedantic]
[build]   414 |             { 0xB94470938FA89BCF,  -316,  -76 },
[build]       |               ^
[build] C:\Users\pperv\code\unnamed_rpg\vendor\json\include\nlohmann/detail/conversions/to_chars.hpp(415,15): warning: 'long long' is incompatible with C++98 [-Wc++98-compat-pedantic]
[build]   415 |             { 0x8A08F0F8BF0F156B,  -289,  -68 },
[build]       |               ^
[build] C:\Users\pperv\code\unnamed_rpg\vendor\json\include\nlohmann/detail/conversions/to_chars.hpp(416,15): warning: 'long long' is incompatible with C++98 [-Wc++98-compat-pedantic]
[build]   416 |             { 0xCDB02555653131B6,  -263,  -60 },
[build]       |               ^
[build] C:\Users\pperv\code\unnamed_rpg\vendor\json\include\nlohmann/detail/conversions/to_chars.hpp(417,15): warning: 'long long' is incompatible with C++98 [-Wc++98-compat-pedantic]
[build]   417 |             { 0x993FE2C6D07B7FAC,  -236,  -52 },
[build]       |               ^
[build] C:\Users\pperv\code\unnamed_rpg\vendor\json\include\nlohmann/detail/conversions/to_chars.hpp(418,15): warning: 'long long' is incompatible with C++98 [-Wc++98-compat-pedantic]
[build]   418 |             { 0xE45C10C42A2B3B06,  -210,  -44 },
[build]       |               ^
[build] C:\Users\pperv\code\unnamed_rpg\vendor\json\include\nlohmann/detail/conversions/to_chars.hpp(419,15): warning: 'long long' is incompatible with C++98 [-Wc++98-compat-pedantic]
[build]   419 |             { 0xAA242499697392D3,  -183,  -36 },
[build]       |               ^
[build] C:\Users\pperv\code\unnamed_rpg\vendor\json\include\nlohmann/detail/conversions/to_chars.hpp(420,15): warning: 'long long' is incompatible with C++98 [-Wc++98-compat-pedantic]
[build]   420 |             { 0xFD87B5F28300CA0E,  -157,  -28 },
[build]       |               ^
[build] C:\Users\pperv\code\unnamed_rpg\vendor\json\include\nlohmann/detail/conversions/to_chars.hpp(421,15): warning: 'long long' is incompatible with C++98 [-Wc++98-compat-pedantic]
[build]   421 |             { 0xBCE5086492111AEB,  -130,  -20 },
[build]       |               ^
[build] C:\Users\pperv\code\unnamed_rpg\vendor\json\include\nlohmann/detail/conversions/to_chars.hpp(422,15): warning: 'long long' is incompatible with C++98 [-Wc++98-compat-pedantic]
[build]   422 |             { 0x8CBCCC096F5088CC,  -103,  -12 },
[build]       |               ^
[build] C:\Users\pperv\code\unnamed_rpg\vendor\json\include\nlohmann/detail/conversions/to_chars.hpp(423,15): warning: 'long long' is incompatible with C++98 [-Wc++98-compat-pedantic]
[build]   423 |             { 0xD1B71758E219652C,   -77,   -4 },
[build]       |               ^
[build] C:\Users\pperv\code\unnamed_rpg\vendor\json\include\nlohmann/detail/conversions/to_chars.hpp(424,15): warning: 'long long' is incompatible with C++98 [-Wc++98-compat-pedantic]
[build]   424 |             { 0x9C40000000000000,   -50,    4 },
[build]       |               ^
[build] C:\Users\pperv\code\unnamed_rpg\vendor\json\include\nlohmann/detail/conversions/to_chars.hpp(425,15): warning: 'long long' is incompatible with C++98 [-Wc++98-compat-pedantic]
[build]   425 |             { 0xE8D4A51000000000,   -24,   12 },
[build]       |               ^
[build] C:\Users\pperv\code\unnamed_rpg\vendor\json\include\nlohmann/detail/conversions/to_chars.hpp(426,15): warning: 'long long' is incompatible with C++98 [-Wc++98-compat-pedantic]
[build]   426 |             { 0xAD78EBC5AC620000,     3,   20 },
[build]       |               ^
[build] C:\Users\pperv\code\unnamed_rpg\vendor\json\include\nlohmann/detail/conversions/to_chars.hpp(427,15): warning: 'long long' is incompatible with C++98 [-Wc++98-compat-pedantic]
[build]   427 |             { 0x813F3978F8940984,    30,   28 },
[build]       |               ^
[build] C:\Users\pperv\code\unnamed_rpg\vendor\json\include\nlohmann/detail/conversions/to_chars.hpp(428,15): warning: 'long long' is incompatible with C++98 [-Wc++98-compat-pedantic]
[build]   428 |             { 0xC097CE7BC90715B3,    56,   36 },
[build]       |               ^
[build] C:\Users\pperv\code\unnamed_rpg\vendor\json\include\nlohmann/detail/conversions/to_chars.hpp(429,15): warning: 'long long' is incompatible with C++98 [-Wc++98-compat-pedantic]
[build]   429 |             { 0x8F7E32CE7BEA5C70,    83,   44 },
[build]       |               ^
[build] C:\Users\pperv\code\unnamed_rpg\vendor\json\include\nlohmann/detail/conversions/to_chars.hpp(430,15): warning: 'long long' is incompatible with C++98 [-Wc++98-compat-pedantic]
[build]   430 |             { 0xD5D238A4ABE98068,   109,   52 },
[build]       |               ^
[build] C:\Users\pperv\code\unnamed_rpg\vendor\json\include\nlohmann/detail/conversions/to_chars.hpp(431,15): warning: 'long long' is incompatible with C++98 [-Wc++98-compat-pedantic]
[build]   431 |             { 0x9F4F2726179A2245,   136,   60 },
[build]       |               ^
[build] C:\Users\pperv\code\unnamed_rpg\vendor\json\include\nlohmann/detail/conversions/to_chars.hpp(432,15): warning: 'long long' is incompatible with C++98 [-Wc++98-compat-pedantic]
[build]   432 |             { 0xED63A231D4C4FB27,   162,   68 },
[build]       |               ^
[build] C:\Users\pperv\code\unnamed_rpg\vendor\json\include\nlohmann/detail/conversions/to_chars.hpp(433,15): warning: 'long long' is incompatible with C++98 [-Wc++98-compat-pedantic]
[build]   433 |             { 0xB0DE65388CC8ADA8,   189,   76 },
[build]       |               ^
[build] C:\Users\pperv\code\unnamed_rpg\vendor\json\include\nlohmann/detail/conversions/to_chars.hpp(434,15): warning: 'long long' is incompatible with C++98 [-Wc++98-compat-pedantic]
[build]   434 |             { 0x83C7088E1AAB65DB,   216,   84 },
[build]       |               ^
[build] C:\Users\pperv\code\unnamed_rpg\vendor\json\include\nlohmann/detail/conversions/to_chars.hpp(435,15): warning: 'long long' is incompatible with C++98 [-Wc++98-compat-pedantic]
[build]   435 |             { 0xC45D1DF942711D9A,   242,   92 },
[build]       |               ^
[build] C:\Users\pperv\code\unnamed_rpg\vendor\json\include\nlohmann/detail/conversions/to_chars.hpp(436,15): warning: 'long long' is incompatible with C++98 [-Wc++98-compat-pedantic]
[build]   436 |             { 0x924D692CA61BE758,   269,  100 },
[build]       |               ^
[build] C:\Users\pperv\code\unnamed_rpg\vendor\json\include\nlohmann/detail/conversions/to_chars.hpp(437,15): warning: 'long long' is incompatible with C++98 [-Wc++98-compat-pedantic]
[build]   437 |             { 0xDA01EE641A708DEA,   295,  108 },
[build]       |               ^
[build] C:\Users\pperv\code\unnamed_rpg\vendor\json\include\nlohmann/detail/conversions/to_chars.hpp(438,15): warning: 'long long' is incompatible with C++98 [-Wc++98-compat-pedantic]
[build]   438 |             { 0xA26DA3999AEF774A,   322,  116 },
[build]       |               ^
[build] C:\Users\pperv\code\unnamed_rpg\vendor\json\include\nlohmann/detail/conversions/to_chars.hpp(439,15): warning: 'long long' is incompatible with C++98 [-Wc++98-compat-pedantic]
[build]   439 |             { 0xF209787BB47D6B85,   348,  124 },
[build]       |               ^
[build] C:\Users\pperv\code\unnamed_rpg\vendor\json\include\nlohmann/detail/conversions/to_chars.hpp(440,15): warning: 'long long' is incompatible with C++98 [-Wc++98-compat-pedantic]
[build]   440 |             { 0xB454E4A179DD1877,   375,  132 },
[build]       |               ^
[build] C:\Users\pperv\code\unnamed_rpg\vendor\json\include\nlohmann/detail/conversions/to_chars.hpp(441,15): warning: 'long long' is incompatible with C++98 [-Wc++98-compat-pedantic]
[build]   441 |             { 0x865B86925B9BC5C2,   402,  140 },
[build]       |               ^
[build] C:\Users\pperv\code\unnamed_rpg\vendor\json\include\nlohmann/detail/conversions/to_chars.hpp(442,15): warning: 'long long' is incompatible with C++98 [-Wc++98-compat-pedantic]
[build]   442 |             { 0xC83553C5C8965D3D,   428,  148 },
[build]       |               ^
[build] C:\Users\pperv\code\unnamed_rpg\vendor\json\include\nlohmann/detail/conversions/to_chars.hpp(443,15): warning: 'long long' is incompatible with C++98 [-Wc++98-compat-pedantic]
[build]   443 |             { 0x952AB45CFA97A0B3,   455,  156 },
[build]       |               ^
[build] C:\Users\pperv\code\unnamed_rpg\vendor\json\include\nlohmann/detail/conversions/to_chars.hpp(444,15): warning: 'long long' is incompatible with C++98 [-Wc++98-compat-pedantic]
[build]   444 |             { 0xDE469FBD99A05FE3,   481,  164 },
[build]       |               ^
[build] C:\Users\pperv\code\unnamed_rpg\vendor\json\include\nlohmann/detail/conversions/to_chars.hpp(445,15): warning: 'long long' is incompatible with C++98 [-Wc++98-compat-pedantic]
[build]   445 |             { 0xA59BC234DB398C25,   508,  172 },
[build]       |               ^
[build] C:\Users\pperv\code\unnamed_rpg\vendor\json\include\nlohmann/detail/conversions/to_chars.hpp(446,15): warning: 'long long' is incompatible with C++98 [-Wc++98-compat-pedantic]
[build]   446 |             { 0xF6C69A72A3989F5C,   534,  180 },
[build]       |               ^
[build] C:\Users\pperv\code\unnamed_rpg\vendor\json\include\nlohmann/detail/conversions/to_chars.hpp(447,15): warning: 'long long' is incompatible with C++98 [-Wc++98-compat-pedantic]
[build]   447 |             { 0xB7DCBF5354E9BECE,   561,  188 },
[build]       |               ^
[build] C:\Users\pperv\code\unnamed_rpg\vendor\json\include\nlohmann/detail/conversions/to_chars.hpp(448,15): warning: 'long long' is incompatible with C++98 [-Wc++98-compat-pedantic]
[build]   448 |             { 0x88FCF317F22241E2,   588,  196 },
[build]       |               ^
[build] C:\Users\pperv\code\unnamed_rpg\vendor\json\include\nlohmann/detail/conversions/to_chars.hpp(449,15): warning: 'long long' is incompatible with C++98 [-Wc++98-compat-pedantic]
[build]   449 |             { 0xCC20CE9BD35C78A5,   614,  204 },
[build]       |               ^
[build] C:\Users\pperv\code\unnamed_rpg\vendor\json\include\nlohmann/detail/conversions/to_chars.hpp(450,15): warning: 'long long' is incompatible with C++98 [-Wc++98-compat-pedantic]
[build]   450 |             { 0x98165AF37B2153DF,   641,  212 },
[build]       |               ^
[build] C:\Users\pperv\code\unnamed_rpg\vendor\json\include\nlohmann/detail/conversions/to_chars.hpp(451,15): warning: 'long long' is incompatible with C++98 [-Wc++98-compat-pedantic]
[build]   451 |             { 0xE2A0B5DC971F303A,   667,  220 },
[build]       |               ^
[build] C:\Users\pperv\code\unnamed_rpg\vendor\json\include\nlohmann/detail/conversions/to_chars.hpp(452,15): warning: 'long long' is incompatible with C++98 [-Wc++98-compat-pedantic]
[build]   452 |             { 0xA8D9D1535CE3B396,   694,  228 },
[build]       |               ^
[build] C:\Users\pperv\code\unnamed_rpg\vendor\json\include\nlohmann/detail/conversions/to_chars.hpp(453,15): warning: 'long long' is incompatible with C++98 [-Wc++98-compat-pedantic]
[build]   453 |             { 0xFB9B7CD9A4A7443C,   720,  236 },
[build]       |               ^
[build] C:\Users\pperv\code\unnamed_rpg\vendor\json\include\nlohmann/detail/conversions/to_chars.hpp(454,15): warning: 'long long' is incompatible with C++98 [-Wc++98-compat-pedantic]
[build]   454 |             { 0xBB764C4CA7A44410,   747,  244 },
[build]       |               ^
[build] C:\Users\pperv\code\unnamed_rpg\vendor\json\include\nlohmann/detail/conversions/to_chars.hpp(455,15): warning: 'long long' is incompatible with C++98 [-Wc++98-compat-pedantic]
[build]   455 |             { 0x8BAB8EEFB6409C1A,   774,  252 },
[build]       |               ^
[build] C:\Users\pperv\code\unnamed_rpg\vendor\json\include\nlohmann/detail/conversions/to_chars.hpp(456,15): warning: 'long long' is incompatible with C++98 [-Wc++98-compat-pedantic]
[build]   456 |             { 0xD01FEF10A657842C,   800,  260 },
[build]       |               ^
[build] C:\Users\pperv\code\unnamed_rpg\vendor\json\include\nlohmann/detail/conversions/to_chars.hpp(457,15): warning: 'long long' is incompatible with C++98 [-Wc++98-compat-pedantic]
[build]   457 |             { 0x9B10A4E5E9913129,   827,  268 },
[build]       |               ^
[build] C:\Users\pperv\code\unnamed_rpg\vendor\json\include\nlohmann/detail/conversions/to_chars.hpp(458,15): warning: 'long long' is incompatible with C++98 [-Wc++98-compat-pedantic]
[build]   458 |             { 0xE7109BFBA19C0C9D,   853,  276 },
[build]       |               ^
[build] C:\Users\pperv\code\unnamed_rpg\vendor\json\include\nlohmann/detail/conversions/to_chars.hpp(459,15): warning: 'long long' is incompatible with C++98 [-Wc++98-compat-pedantic]
[build]   459 |             { 0xAC2820D9623BF429,   880,  284 },
[build]       |               ^
[build] C:\Users\pperv\code\unnamed_rpg\vendor\json\include\nlohmann/detail/conversions/to_chars.hpp(460,15): warning: 'long long' is incompatible with C++98 [-Wc++98-compat-pedantic]
[build]   460 |             { 0x80444B5E7AA7CF85,   907,  292 },
[build]       |               ^
[build] C:\Users\pperv\code\unnamed_rpg\vendor\json\include\nlohmann/detail/conversions/to_chars.hpp(461,15): warning: 'long long' is incompatible with C++98 [-Wc++98-compat-pedantic]
[build]   461 |             { 0xBF21E44003ACDD2D,   933,  300 },
[build]       |               ^
[build] C:\Users\pperv\code\unnamed_rpg\vendor\json\include\nlohmann/detail/conversions/to_chars.hpp(462,15): warning: 'long long' is incompatible with C++98 [-Wc++98-compat-pedantic]
[build]   462 |             { 0x8E679C2F5E44FF8F,   960,  308 },
[build]       |               ^
[build] C:\Users\pperv\code\unnamed_rpg\vendor\json\include\nlohmann/detail/conversions/to_chars.hpp(463,15): warning: 'long long' is incompatible with C++98 [-Wc++98-compat-pedantic]
[build]   463 |             { 0xD433179D9C8CB841,   986,  316 },
[build]       |               ^
[build] C:\Users\pperv\code\unnamed_rpg\vendor\json\include\nlohmann/detail/conversions/to_chars.hpp(464,15): warning: 'long long' is incompatible with C++98 [-Wc++98-compat-pedantic]
[build]   464 |             { 0x9E19DB92B4E31BA9,  1013,  324 },
[build]       |               ^
[build] C:\Users\pperv\code\unnamed_rpg\vendor\json\include\nlohmann/detail/conversions/to_chars.hpp(590,5): warning: 'static_assert' declarations are incompatible with C++98 [-Wc++98-compat]
[build]   590 |     static_assert(kAlpha >= -60, "internal error");
[build]       |     ^
[build] C:\Users\pperv\code\unnamed_rpg\vendor\json\include\nlohmann/detail/conversions/to_chars.hpp(591,5): warning: 'static_assert' declarations are incompatible with C++98 [-Wc++98-compat]
[build]   591 |     static_assert(kGamma <= -32, "internal error");
[build]       |     ^
[build] C:\Users\pperv\code\unnamed_rpg\vendor\json\include\nlohmann/detail/conversions/to_chars.hpp(618,34): warning: generalized initializer lists are incompatible with C++98 [-Wc++98-compat]
[build]   618 |     const diyfp one(std::uint64_t{1} << -M_plus.e, M_plus.e);
[build]       |                                  ^
[build] C:\Users\pperv\code\unnamed_rpg\vendor\json\include\nlohmann/detail/conversions/to_chars.hpp(620,5): warning: 'auto' type specifier is incompatible with C++98 [-Wc++98-compat]
[build]   620 |     auto p1 = static_cast<std::uint32_t>(M_plus.f >> -one.e); // p1 = f div 2^-e (Since -e >= 32, p1 fits into a 32-bit int.)
[build]       |     ^~~~
[build] C:\Users\pperv\code\unnamed_rpg\vendor\json\include\nlohmann/detail/conversions/to_chars.hpp(629,24): warning: generalized initializer lists are incompatible with C++98 [-Wc++98-compat]
[build]   629 |     std::uint32_t pow10{};
[build]       |                        ^
[build] C:\Users\pperv\code\unnamed_rpg\vendor\json\include\nlohmann/detail/conversions/to_chars.hpp(629,24): warning: scalar initialized from empty initializer list is incompatible with C++98 [-Wc++98-compat]
[build]   629 |     std::uint32_t pow10{};
[build]       |                        ^~
[build] C:\Users\pperv\code\unnamed_rpg\vendor\json\include\nlohmann/detail/conversions/to_chars.hpp(683,50): warning: generalized initializer lists are incompatible with C++98 [-Wc++98-compat]
[build]   683 |         const std::uint64_t rest = (std::uint64_t{p1} << -one.e) + p2;
[build]       |                                                  ^
[build] C:\Users\pperv\code\unnamed_rpg\vendor\json\include\nlohmann/detail/conversions/to_chars.hpp(699,54): warning: generalized initializer lists are incompatible with C++98 [-Wc++98-compat]
[build]   699 |             const std::uint64_t ten_n = std::uint64_t{pow10} << -one.e;
[build]       |                                                      ^
[build] C:\Users\pperv\code\unnamed_rpg\vendor\json\include\nlohmann/detail/conversions/to_chars.hpp(943,5): warning: 'auto' type specifier is incompatible with C++98 [-Wc++98-compat]
[build]   943 |     auto k = static_cast<std::uint32_t>(e);
[build]       |     ^~~~
[build] In file included from C:\Users\pperv\code\unnamed_rpg\vendor\json-schema-validator\src\string-format-check.cpp:1:
[build] In file included from C:\Users\pperv\code\unnamed_rpg\vendor\json-schema-validator\src\nlohmann/json-schema.hpp:24:
[build] In file included from C:\Users\pperv\code\unnamed_rpg\vendor\json\include\nlohmann/json.hpp:70:
[build] C:\Users\pperv\code\unnamed_rpg\vendor\json\include\nlohmann/detail/output/serializer.hpp(34,1): warning: empty macro arguments are incompatible with C++98 [-Wc++98-compat-pedantic]
[build]    34 | NLOHMANN_JSON_NAMESPACE_BEGIN
[build]       | ^
[build] C:\Users\pperv\code\unnamed_rpg\vendor\json\include\nlohmann/detail/abi_macros.hpp(102,17): note: expanded from macro 'NLOHMANN_JSON_NAMESPACE_BEGIN'
[build]   102 |                 NLOHMANN_JSON_ABI_TAGS,              \
[build]       |                 ^
[build] C:\Users\pperv\code\unnamed_rpg\vendor\json\include\nlohmann/detail/abi_macros.hpp(65,5): note: expanded from macro 'NLOHMANN_JSON_ABI_TAGS'
[build]    65 |     NLOHMANN_JSON_ABI_TAGS_CONCAT(                                   \
[build]       |     ^
[build] C:\Users\pperv\code\unnamed_rpg\vendor\json\include\nlohmann/detail/abi_macros.hpp(62,39): note: expanded from macro 'NLOHMANN_JSON_ABI_TAGS_CONCAT'
[build]    62 |     NLOHMANN_JSON_ABI_TAGS_CONCAT_EX(a, b, c)
[build]       |                                       ^
[build] In file included from C:\Users\pperv\code\unnamed_rpg\vendor\json-schema-validator\src\string-format-check.cpp:1:
[build] In file included from C:\Users\pperv\code\unnamed_rpg\vendor\json-schema-validator\src\nlohmann/json-schema.hpp:24:
[build] In file included from C:\Users\pperv\code\unnamed_rpg\vendor\json\include\nlohmann/json.hpp:70:
[build] C:\Users\pperv\code\unnamed_rpg\vendor\json\include\nlohmann/detail/output/serializer.hpp(34,1): warning: empty macro arguments are incompatible with C++98 [-Wc++98-compat-pedantic]
[build] C:\Users\pperv\code\unnamed_rpg\vendor\json\include\nlohmann/detail/abi_macros.hpp(102,17): note: expanded from macro 'NLOHMANN_JSON_NAMESPACE_BEGIN'
[build]   102 |                 NLOHMANN_JSON_ABI_TAGS,              \
[build]       |                 ^
[build] C:\Users\pperv\code\unnamed_rpg\vendor\json\include\nlohmann/detail/abi_macros.hpp(65,5): note: expanded from macro 'NLOHMANN_JSON_ABI_TAGS'
[build]    65 |     NLOHMANN_JSON_ABI_TAGS_CONCAT(                                   \
[build]       |     ^
[build] C:\Users\pperv\code\unnamed_rpg\vendor\json\include\nlohmann/detail/abi_macros.hpp(62,42): note: expanded from macro 'NLOHMANN_JSON_ABI_TAGS_CONCAT'
[build]    62 |     NLOHMANN_JSON_ABI_TAGS_CONCAT_EX(a, b, c)
[build]       |                                          ^
[build] In file included from C:\Users\pperv\code\unnamed_rpg\vendor\json-schema-validator\src\string-format-check.cpp:1:
[build] In file included from C:\Users\pperv\code\unnamed_rpg\vendor\json-schema-validator\src\nlohmann/json-schema.hpp:24:
[build] In file included from C:\Users\pperv\code\unnamed_rpg\vendor\json\include\nlohmann/json.hpp:70:
[build] C:\Users\pperv\code\unnamed_rpg\vendor\json\include\nlohmann/detail/output/serializer.hpp(34,1): warning: empty macro arguments are incompatible with C++98 [-Wc++98-compat-pedantic]
[build] C:\Users\pperv\code\unnamed_rpg\vendor\json\include\nlohmann/detail/abi_macros.hpp(102,17): note: expanded from macro 'NLOHMANN_JSON_NAMESPACE_BEGIN'
[build]   102 |                 NLOHMANN_JSON_ABI_TAGS,              \
[build]       |                 ^
[build] C:\Users\pperv\code\unnamed_rpg\vendor\json\include\nlohmann/detail/abi_macros.hpp(65,5): note: expanded from macro 'NLOHMANN_JSON_ABI_TAGS'
[build]    65 |     NLOHMANN_JSON_ABI_TAGS_CONCAT(                                   \
[build]       |     ^
[build] C:\Users\pperv\code\unnamed_rpg\vendor\json\include\nlohmann/detail/abi_macros.hpp(62,45): note: expanded from macro 'NLOHMANN_JSON_ABI_TAGS_CONCAT'
[build]    62 |     NLOHMANN_JSON_ABI_TAGS_CONCAT_EX(a, b, c)
[build]       |                                             ^
[build] In file included from C:\Users\pperv\code\unnamed_rpg\vendor\json-schema-validator\src\string-format-check.cpp:1:
[build] In file included from C:\Users\pperv\code\unnamed_rpg\vendor\json-schema-validator\src\nlohmann/json-schema.hpp:24:
[build] In file included from C:\Users\pperv\code\unnamed_rpg\vendor\json\include\nlohmann/json.hpp:70:
[build] C:\Users\pperv\code\unnamed_rpg\vendor\json\include\nlohmann/detail/output/serializer.hpp(34,1): warning: inline namespaces are incompatible with C++98 [-Wc++98-compat]
[build] C:\Users\pperv\code\unnamed_rpg\vendor\json\include\nlohmann/detail/abi_macros.hpp(101,5): note: expanded from macro 'NLOHMANN_JSON_NAMESPACE_BEGIN'
[build]   101 |     inline namespace NLOHMANN_JSON_NAMESPACE_CONCAT( \
[build]       |     ^
[build] In file included from C:\Users\pperv\code\unnamed_rpg\vendor\json-schema-validator\src\string-format-check.cpp:1:
[build] In file included from C:\Users\pperv\code\unnamed_rpg\vendor\json-schema-validator\src\nlohmann/json-schema.hpp:24:
[build] In file included from C:\Users\pperv\code\unnamed_rpg\vendor\json\include\nlohmann/json.hpp:70:
[build] C:\Users\pperv\code\unnamed_rpg\vendor\json\include\nlohmann/detail/output/serializer.hpp(43,6): warning: scoped enumerations are incompatible with C++98 [-Wc++98-compat]
[build]    43 | enum class error_handler_t
[build]       |      ^
[build] C:\Users\pperv\code\unnamed_rpg\vendor\json\include\nlohmann/detail/output/serializer.hpp(53,22): warning: alias declarations are incompatible with C++98 [-Wc++98-compat]
[build]    53 |     using string_t = typename BasicJsonType::string_t;
[build]       |                      ^
[build] C:\Users\pperv\code\unnamed_rpg\vendor\json\include\nlohmann/detail/output/serializer.hpp(54,28): warning: alias declarations are incompatible with C++98 [-Wc++98-compat]
[build]    54 |     using number_float_t = typename BasicJsonType::number_float_t;
[build]       |                            ^
[build] C:\Users\pperv\code\unnamed_rpg\vendor\json\include\nlohmann/detail/output/serializer.hpp(55,30): warning: alias declarations are incompatible with C++98 [-Wc++98-compat]
[build]    55 |     using number_integer_t = typename BasicJsonType::number_integer_t;
[build]       |                              ^
[build] C:\Users\pperv\code\unnamed_rpg\vendor\json\include\nlohmann/detail/output/serializer.hpp(56,31): warning: alias declarations are incompatible with C++98 [-Wc++98-compat]
[build]    56 |     using number_unsigned_t = typename BasicJsonType::number_unsigned_t;
[build]       |                               ^
[build] C:\Users\pperv\code\unnamed_rpg\vendor\json\include\nlohmann/detail/output/serializer.hpp(57,27): warning: alias declarations are incompatible with C++98 [-Wc++98-compat]
[build]    57 |     using binary_char_t = typename BasicJsonType::binary_t::value_type;
[build]       |                           ^
[build] C:\Users\pperv\code\unnamed_rpg\vendor\json\include\nlohmann/detail/output/serializer.hpp(58,12): warning: 'constexpr' specifier is incompatible with C++98 [-Wc++98-compat]
[build]    58 |     static constexpr std::uint8_t UTF8_ACCEPT = 0;
[build]       |            ^
[build] C:\Users\pperv\code\unnamed_rpg\vendor\json\include\nlohmann/detail/output/serializer.hpp(59,12): warning: 'constexpr' specifier is incompatible with C++98 [-Wc++98-compat]
[build]    59 |     static constexpr std::uint8_t UTF8_REJECT = 1;
[build]       |            ^
[build] C:\Users\pperv\code\unnamed_rpg\vendor\json\include\nlohmann/detail/output/serializer.hpp(79,37): warning: deleted function definitions are incompatible with C++98 [-Wc++98-compat]
[build]    79 |     serializer(const serializer&) = delete;
[build]       |                                     ^
[build] C:\Users\pperv\code\unnamed_rpg\vendor\json\include\nlohmann/detail/output/serializer.hpp(80,48): warning: deleted function definitions are incompatible with C++98 [-Wc++98-compat]
[build]    80 |     serializer& operator=(const serializer&) = delete;
[build]       |                                                ^
[build] C:\Users\pperv\code\unnamed_rpg\vendor\json\include\nlohmann/detail/output/serializer.hpp(81,26): warning: rvalue references are incompatible with C++98 [-Wc++98-compat]
[build]    81 |     serializer(serializer&&) = delete;
[build]       |                          ^
[build] C:\Users\pperv\code\unnamed_rpg\vendor\json\include\nlohmann/detail/output/serializer.hpp(81,32): warning: deleted function definitions are incompatible with C++98 [-Wc++98-compat]
[build]    81 |     serializer(serializer&&) = delete;
[build]       |                                ^
[build] C:\Users\pperv\code\unnamed_rpg\vendor\json\include\nlohmann/detail/output/serializer.hpp(82,37): warning: rvalue references are incompatible with C++98 [-Wc++98-compat]
[build]    82 |     serializer& operator=(serializer&&) = delete;
[build]       |                                     ^
[build] C:\Users\pperv\code\unnamed_rpg\vendor\json\include\nlohmann/detail/output/serializer.hpp(82,43): warning: deleted function definitions are incompatible with C++98 [-Wc++98-compat]
[build]    82 |     serializer& operator=(serializer&&) = delete;
[build]       |                                           ^
[build] C:\Users\pperv\code\unnamed_rpg\vendor\json\include\nlohmann/detail/output/serializer.hpp(83,21): warning: defaulted function definitions are incompatible with C++98 [-Wc++98-compat]
[build]    83 |     ~serializer() = default;
[build]       |                     ^
[build] C:\Users\pperv\code\unnamed_rpg\vendor\json\include\nlohmann/detail/output/serializer.hpp(641,5): warning: noexcept specifications are incompatible with C++98 [-Wc++98-compat]
[build]   641 |     {
[build]       |     ^
[build] C:\Users\pperv\code\unnamed_rpg\vendor\json\include\nlohmann/detail/output/serializer.hpp(694,5): warning: noexcept specifications are incompatible with C++98 [-Wc++98-compat]
[build]   694 |     {
[build]       |     ^
[build] C:\Users\pperv\code\unnamed_rpg\vendor\json\include\nlohmann/detail/output/serializer.hpp(707,88): warning: default template arguments for a function template are incompatible with C++98 [-Wc++98-compat]
[build]   707 |     template <typename NumberType, enable_if_t<std::is_signed<NumberType>::value, int> = 0>
[build]       |                                                                                        ^ ~
[build] C:\Users\pperv\code\unnamed_rpg\vendor\json\include\nlohmann/detail/output/serializer.hpp(713,93): warning: default template arguments for a function template are incompatible with C++98 [-Wc++98-compat]
[build]   713 |     template < typename NumberType, enable_if_t <std::is_unsigned<NumberType>::value, int > = 0 >
[build]       |                                                                                             ^ ~
[build] C:\Users\pperv\code\unnamed_rpg\vendor\json\include\nlohmann/detail/output/serializer.hpp(733,26): warning: default template arguments for a function template are incompatible with C++98 [-Wc++98-compat]
[build]   733 |                    int > = 0 >
[build]       |                          ^ ~
[build] C:\Users\pperv\code\unnamed_rpg\vendor\json\include\nlohmann/detail/output/serializer.hpp(934,5): warning: noexcept specifications are incompatible with C++98 [-Wc++98-compat]
[build]   934 |     {
[build]       |     ^
[build] C:\Users\pperv\code\unnamed_rpg\vendor\json\include\nlohmann/detail/output/serializer.hpp(989,5): warning: noexcept specifications are incompatible with C++98 [-Wc++98-compat]
[build]   989 |     {
[build]       |     ^
[build] C:\Users\pperv\code\unnamed_rpg\vendor\json\include\nlohmann/detail/output/serializer.hpp(996,30): warning: default member initializer for non-static data members is incompatible with C++98 [-Wc++98-compat]
[build]   996 |     output_adapter_t<char> o = nullptr;
[build]       |                              ^
[build] C:\Users\pperv\code\unnamed_rpg\vendor\json\include\nlohmann/detail/output/serializer.hpp(999,39): warning: default member initializer for non-static data members is incompatible with C++98 [-Wc++98-compat]
[build]   999 |     std::array<char, 64> number_buffer{{}};
[build]       |                                       ^
[build] C:\Users\pperv\code\unnamed_rpg\vendor\json\include\nlohmann/detail/output/serializer.hpp(1002,27): warning: default member initializer for non-static data members is incompatible with C++98 [-Wc++98-compat]
[build]  1002 |     const std::lconv* loc = nullptr;
[build]       |                           ^
[build] C:\Users\pperv\code\unnamed_rpg\vendor\json\include\nlohmann/detail/output/serializer.hpp(1004,30): warning: default member initializer for non-static data members is incompatible with C++98 [-Wc++98-compat]
[build]  1004 |     const char thousands_sep = '\0';
[build]       |                              ^
[build] C:\Users\pperv\code\unnamed_rpg\vendor\json\include\nlohmann/detail/output/serializer.hpp(1006,30): warning: default member initializer for non-static data members is incompatible with C++98 [-Wc++98-compat]
[build]  1006 |     const char decimal_point = '\0';
[build]       |                              ^
[build] C:\Users\pperv\code\unnamed_rpg\vendor\json\include\nlohmann/detail/output/serializer.hpp(1009,40): warning: default member initializer for non-static data members is incompatible with C++98 [-Wc++98-compat]
[build]  1009 |     std::array<char, 512> string_buffer{{}};
[build]       |                                        ^
[build] C:\Users\pperv\code\unnamed_rpg\vendor\json\include\nlohmann/detail/output/serializer.hpp(68,49): warning: enumeration type in nested name specifier is incompatible with C++98 [-Wc++98-compat]
[build]    68 |                error_handler_t error_handler_ = error_handler_t::strict)
[build]       |                                                 ^
[build] C:\Users\pperv\code\unnamed_rpg\vendor\json\include\nlohmann/detail/output/serializer.hpp(996,32): warning: 'nullptr' is incompatible with C++98 [-Wc++98-compat]
[build]   996 |     output_adapter_t<char> o = nullptr;
[build]       |                                ^
[build] C:\Users\pperv\code\unnamed_rpg\vendor\json\include\nlohmann/detail/output/serializer.hpp(1002,29): warning: 'nullptr' is incompatible with C++98 [-Wc++98-compat]
[build]  1002 |     const std::lconv* loc = nullptr;
[build]       |                             ^
[build] In file included from C:\Users\pperv\code\unnamed_rpg\vendor\json-schema-validator\src\string-format-check.cpp:1:
[build] In file included from C:\Users\pperv\code\unnamed_rpg\vendor\json-schema-validator\src\nlohmann/json-schema.hpp:24:
[build] In file included from C:\Users\pperv\code\unnamed_rpg\vendor\json\include\nlohmann/json.hpp:73:
[build] C:\Users\pperv\code\unnamed_rpg\vendor\json\include\nlohmann/ordered_map.hpp(23,1): warning: empty macro arguments are incompatible with C++98 [-Wc++98-compat-pedantic]
[build]    23 | NLOHMANN_JSON_NAMESPACE_BEGIN
[build]       | ^
[build] C:\Users\pperv\code\unnamed_rpg\vendor\json\include\nlohmann/detail/abi_macros.hpp(102,17): note: expanded from macro 'NLOHMANN_JSON_NAMESPACE_BEGIN'
[build]   102 |                 NLOHMANN_JSON_ABI_TAGS,              \
[build]       |                 ^
[build] C:\Users\pperv\code\unnamed_rpg\vendor\json\include\nlohmann/detail/abi_macros.hpp(65,5): note: expanded from macro 'NLOHMANN_JSON_ABI_TAGS'
[build]    65 |     NLOHMANN_JSON_ABI_TAGS_CONCAT(                                   \
[build]       |     ^
[build] C:\Users\pperv\code\unnamed_rpg\vendor\json\include\nlohmann/detail/abi_macros.hpp(62,39): note: expanded from macro 'NLOHMANN_JSON_ABI_TAGS_CONCAT'
[build]    62 |     NLOHMANN_JSON_ABI_TAGS_CONCAT_EX(a, b, c)
[build]       |                                       ^
[build] In file included from C:\Users\pperv\code\unnamed_rpg\vendor\json-schema-validator\src\string-format-check.cpp:1:
[build] In file included from C:\Users\pperv\code\unnamed_rpg\vendor\json-schema-validator\src\nlohmann/json-schema.hpp:24:
[build] In file included from C:\Users\pperv\code\unnamed_rpg\vendor\json\include\nlohmann/json.hpp:73:
[build] C:\Users\pperv\code\unnamed_rpg\vendor\json\include\nlohmann/ordered_map.hpp(23,1): warning: empty macro arguments are incompatible with C++98 [-Wc++98-compat-pedantic]
[build] C:\Users\pperv\code\unnamed_rpg\vendor\json\include\nlohmann/detail/abi_macros.hpp(102,17): note: expanded from macro 'NLOHMANN_JSON_NAMESPACE_BEGIN'
[build]   102 |                 NLOHMANN_JSON_ABI_TAGS,              \
[build]       |                 ^
[build] C:\Users\pperv\code\unnamed_rpg\vendor\json\include\nlohmann/detail/abi_macros.hpp(65,5): note: expanded from macro 'NLOHMANN_JSON_ABI_TAGS'
[build]    65 |     NLOHMANN_JSON_ABI_TAGS_CONCAT(                                   \
[build]       |     ^
[build] C:\Users\pperv\code\unnamed_rpg\vendor\json\include\nlohmann/detail/abi_macros.hpp(62,42): note: expanded from macro 'NLOHMANN_JSON_ABI_TAGS_CONCAT'
[build]    62 |     NLOHMANN_JSON_ABI_TAGS_CONCAT_EX(a, b, c)
[build]       |                                          ^
[build] In file included from C:\Users\pperv\code\unnamed_rpg\vendor\json-schema-validator\src\string-format-check.cpp:1:
[build] In file included from C:\Users\pperv\code\unnamed_rpg\vendor\json-schema-validator\src\nlohmann/json-schema.hpp:24:
[build] In file included from C:\Users\pperv\code\unnamed_rpg\vendor\json\include\nlohmann/json.hpp:73:
[build] C:\Users\pperv\code\unnamed_rpg\vendor\json\include\nlohmann/ordered_map.hpp(23,1): warning: empty macro arguments are incompatible with C++98 [-Wc++98-compat-pedantic]
[build] C:\Users\pperv\code\unnamed_rpg\vendor\json\include\nlohmann/detail/abi_macros.hpp(102,17): note: expanded from macro 'NLOHMANN_JSON_NAMESPACE_BEGIN'
[build]   102 |                 NLOHMANN_JSON_ABI_TAGS,              \
[build]       |                 ^
[build] C:\Users\pperv\code\unnamed_rpg\vendor\json\include\nlohmann/detail/abi_macros.hpp(65,5): note: expanded from macro 'NLOHMANN_JSON_ABI_TAGS'
[build]    65 |     NLOHMANN_JSON_ABI_TAGS_CONCAT(                                   \
[build]       |     ^
[build] C:\Users\pperv\code\unnamed_rpg\vendor\json\include\nlohmann/detail/abi_macros.hpp(62,45): note: expanded from macro 'NLOHMANN_JSON_ABI_TAGS_CONCAT'
[build]    62 |     NLOHMANN_JSON_ABI_TAGS_CONCAT_EX(a, b, c)
[build]       |                                             ^
[build] In file included from C:\Users\pperv\code\unnamed_rpg\vendor\json-schema-validator\src\string-format-check.cpp:1:
[build] In file included from C:\Users\pperv\code\unnamed_rpg\vendor\json-schema-validator\src\nlohmann/json-schema.hpp:24:
[build] In file included from C:\Users\pperv\code\unnamed_rpg\vendor\json\include\nlohmann/json.hpp:73:
[build] C:\Users\pperv\code\unnamed_rpg\vendor\json\include\nlohmann/ordered_map.hpp(23,1): warning: inline namespaces are incompatible with C++98 [-Wc++98-compat]
[build] C:\Users\pperv\code\unnamed_rpg\vendor\json\include\nlohmann/detail/abi_macros.hpp(101,5): note: expanded from macro 'NLOHMANN_JSON_NAMESPACE_BEGIN'
[build]   101 |     inline namespace NLOHMANN_JSON_NAMESPACE_CONCAT( \
[build]       |     ^
[build] In file included from C:\Users\pperv\code\unnamed_rpg\vendor\json-schema-validator\src\string-format-check.cpp:1:
[build] In file included from C:\Users\pperv\code\unnamed_rpg\vendor\json-schema-validator\src\nlohmann/json-schema.hpp:24:
[build] In file included from C:\Users\pperv\code\unnamed_rpg\vendor\json\include\nlohmann/json.hpp:73:
[build] C:\Users\pperv\code\unnamed_rpg\vendor\json\include\nlohmann/ordered_map.hpp(28,66): warning: consecutive right angle brackets are incompatible with C++98 (use '> >') [-Wc++98-compat]
[build]    28 |           class Allocator = std::allocator<std::pair<const Key, T>>>
[build]       |                                                                  ^~
[build]       |                                                                  > > 
[build] C:\Users\pperv\code\unnamed_rpg\vendor\json\include\nlohmann/ordered_map.hpp(31,22): warning: alias declarations are incompatible with C++98 [-Wc++98-compat]
[build]    31 |     using key_type = Key;
[build]       |                      ^
[build] C:\Users\pperv\code\unnamed_rpg\vendor\json\include\nlohmann/ordered_map.hpp(32,25): warning: alias declarations are incompatible with C++98 [-Wc++98-compat]
[build]    32 |     using mapped_type = T;
[build]       |                         ^
[build] C:\Users\pperv\code\unnamed_rpg\vendor\json\include\nlohmann/ordered_map.hpp(33,23): warning: alias declarations are incompatible with C++98 [-Wc++98-compat]
[build]    33 |     using Container = std::vector<std::pair<const Key, T>, Allocator>;
[build]       |                       ^
[build] C:\Users\pperv\code\unnamed_rpg\vendor\json\include\nlohmann/ordered_map.hpp(34,22): warning: alias declarations are incompatible with C++98 [-Wc++98-compat]
[build]    34 |     using iterator = typename Container::iterator;
[build]       |                      ^
[build] C:\Users\pperv\code\unnamed_rpg\vendor\json\include\nlohmann/ordered_map.hpp(35,28): warning: alias declarations are incompatible with C++98 [-Wc++98-compat]
[build]    35 |     using const_iterator = typename Container::const_iterator;
[build]       |                            ^
[build] C:\Users\pperv\code\unnamed_rpg\vendor\json\include\nlohmann/ordered_map.hpp(36,23): warning: alias declarations are incompatible with C++98 [-Wc++98-compat]
[build]    36 |     using size_type = typename Container::size_type;
[build]       |                       ^
[build] C:\Users\pperv\code\unnamed_rpg\vendor\json\include\nlohmann/ordered_map.hpp(37,24): warning: alias declarations are incompatible with C++98 [-Wc++98-compat]
[build]    37 |     using value_type = typename Container::value_type;
[build]       |                        ^
[build] C:\Users\pperv\code\unnamed_rpg\vendor\json\include\nlohmann/ordered_map.hpp(39,25): warning: alias declarations are incompatible with C++98 [-Wc++98-compat]
[build]    39 |     using key_compare = std::equal_to<>;
[build]       |                         ^
[build] C:\Users\pperv\code\unnamed_rpg\vendor\json\include\nlohmann/ordered_map.hpp(53,39): warning: defaulted function definitions are incompatible with C++98 [-Wc++98-compat]
[build]    53 |     ordered_map(const ordered_map&) = default;
[build]       |                                       ^
[build] C:\Users\pperv\code\unnamed_rpg\vendor\json\include\nlohmann/ordered_map.hpp(54,28): warning: rvalue references are incompatible with C++98 [-Wc++98-compat]
[build]    54 |     ordered_map(ordered_map&&) noexcept(std::is_nothrow_move_constructible<Container>::value) = default;
[build]       |                            ^
[build] C:\Users\pperv\code\unnamed_rpg\vendor\json\include\nlohmann/ordered_map.hpp(54,97): warning: defaulted function definitions are incompatible with C++98 [-Wc++98-compat]
[build]    54 |     ordered_map(ordered_map&&) noexcept(std::is_nothrow_move_constructible<Container>::value) = default;
[build]       |                                                                                                 ^
[build] C:\Users\pperv\code\unnamed_rpg\vendor\json\include\nlohmann/ordered_map.hpp(55,22): warning: defaulted function definitions are incompatible with C++98 [-Wc++98-compat]
[build]    55 |     ~ordered_map() = default;
[build]       |                      ^
[build] C:\Users\pperv\code\unnamed_rpg\vendor\json\include\nlohmann/ordered_map.hpp(67,39): warning: rvalue references are incompatible with C++98 [-Wc++98-compat]
[build]    67 |     ordered_map& operator=(ordered_map&& other) noexcept(std::is_nothrow_move_assignable<Container>::value)
[build]       |                                       ^
[build] C:\Users\pperv\code\unnamed_rpg\vendor\json\include\nlohmann/ordered_map.hpp(73,61): warning: rvalue references are incompatible with C++98 [-Wc++98-compat]
[build]    73 |     std::pair<iterator, bool> emplace(const key_type& key, T&& t)
[build]       |                                                             ^
[build] C:\Users\pperv\code\unnamed_rpg\vendor\json\include\nlohmann/ordered_map.hpp(88,47): warning: rvalue references are incompatible with C++98 [-Wc++98-compat]
[build]    88 |     std::pair<iterator, bool> emplace(KeyType && key, T && t)
[build]       |                                               ^
[build] C:\Users\pperv\code\unnamed_rpg\vendor\json\include\nlohmann/ordered_map.hpp(88,57): warning: rvalue references are incompatible with C++98 [-Wc++98-compat]
[build]    88 |     std::pair<iterator, bool> emplace(KeyType && key, T && t)
[build]       |                                                         ^
[build] C:\Users\pperv\code\unnamed_rpg\vendor\json\include\nlohmann/ordered_map.hpp(87,93): warning: default template arguments for a function template are incompatible with C++98 [-Wc++98-compat]
[build]    87 |                  detail::is_usable_as_key_type<key_compare, key_type, KeyType>::value, int> = 0>
[build]       |                                                                                             ^ ~
[build] C:\Users\pperv\code\unnamed_rpg\vendor\json\include\nlohmann/ordered_map.hpp(108,28): warning: rvalue references are incompatible with C++98 [-Wc++98-compat]
[build]   108 |     T & operator[](KeyType && key)
[build]       |                            ^
[build] C:\Users\pperv\code\unnamed_rpg\vendor\json\include\nlohmann/ordered_map.hpp(107,93): warning: default template arguments for a function template are incompatible with C++98 [-Wc++98-compat]
[build]   107 |                  detail::is_usable_as_key_type<key_compare, key_type, KeyType>::value, int> = 0>
[build]       |                                                                                             ^ ~
[build] C:\Users\pperv\code\unnamed_rpg\vendor\json\include\nlohmann/ordered_map.hpp(120,34): warning: rvalue references are incompatible with C++98 [-Wc++98-compat]
[build]   120 |     const T & operator[](KeyType && key) const
[build]       |                                  ^
[build] C:\Users\pperv\code\unnamed_rpg\vendor\json\include\nlohmann/ordered_map.hpp(119,93): warning: default template arguments for a function template are incompatible with C++98 [-Wc++98-compat]
[build]   119 |                  detail::is_usable_as_key_type<key_compare, key_type, KeyType>::value, int> = 0>
[build]       |                                                                                             ^ ~
[build] C:\Users\pperv\code\unnamed_rpg\vendor\json\include\nlohmann/ordered_map.hpp(140,20): warning: rvalue references are incompatible with C++98 [-Wc++98-compat]
[build]   140 |     T & at(KeyType && key) // NOLINT(cppcoreguidelines-missing-std-forward)
[build]       |                    ^
[build] C:\Users\pperv\code\unnamed_rpg\vendor\json\include\nlohmann/ordered_map.hpp(139,93): warning: default template arguments for a function template are incompatible with C++98 [-Wc++98-compat]
[build]   139 |                  detail::is_usable_as_key_type<key_compare, key_type, KeyType>::value, int> = 0>
[build]       |                                                                                             ^ ~
[build] C:\Users\pperv\code\unnamed_rpg\vendor\json\include\nlohmann/ordered_map.hpp(168,26): warning: rvalue references are incompatible with C++98 [-Wc++98-compat]
[build]   168 |     const T & at(KeyType && key) const // NOLINT(cppcoreguidelines-missing-std-forward)
[build]       |                          ^
[build] C:\Users\pperv\code\unnamed_rpg\vendor\json\include\nlohmann/ordered_map.hpp(167,93): warning: default template arguments for a function template are incompatible with C++98 [-Wc++98-compat]
[build]   167 |                  detail::is_usable_as_key_type<key_compare, key_type, KeyType>::value, int> = 0>
[build]       |                                                                                             ^ ~
[build] C:\Users\pperv\code\unnamed_rpg\vendor\json\include\nlohmann/ordered_map.hpp(202,29): warning: rvalue references are incompatible with C++98 [-Wc++98-compat]
[build]   202 |     size_type erase(KeyType && key) // NOLINT(cppcoreguidelines-missing-std-forward)
[build]       |                             ^
[build] C:\Users\pperv\code\unnamed_rpg\vendor\json\include\nlohmann/ordered_map.hpp(201,93): warning: default template arguments for a function template are incompatible with C++98 [-Wc++98-compat]
[build]   201 |                  detail::is_usable_as_key_type<key_compare, key_type, KeyType>::value, int> = 0>
[build]       |                                                                                             ^ ~
[build] C:\Users\pperv\code\unnamed_rpg\vendor\json\include\nlohmann/ordered_map.hpp(293,29): warning: rvalue references are incompatible with C++98 [-Wc++98-compat]
[build]   293 |     size_type count(KeyType && key) const // NOLINT(cppcoreguidelines-missing-std-forward)
[build]       |                             ^
[build] C:\Users\pperv\code\unnamed_rpg\vendor\json\include\nlohmann/ordered_map.hpp(292,93): warning: default template arguments for a function template are incompatible with C++98 [-Wc++98-compat]
[build]   292 |                  detail::is_usable_as_key_type<key_compare, key_type, KeyType>::value, int> = 0>
[build]       |                                                                                             ^ ~
[build] C:\Users\pperv\code\unnamed_rpg\vendor\json\include\nlohmann/ordered_map.hpp(319,27): warning: rvalue references are incompatible with C++98 [-Wc++98-compat]
[build]   319 |     iterator find(KeyType && key) // NOLINT(cppcoreguidelines-missing-std-forward)
[build]       |                           ^
[build] C:\Users\pperv\code\unnamed_rpg\vendor\json\include\nlohmann/ordered_map.hpp(318,93): warning: default template arguments for a function template are incompatible with C++98 [-Wc++98-compat]
[build]   318 |                  detail::is_usable_as_key_type<key_compare, key_type, KeyType>::value, int> = 0>
[build]       |                                                                                             ^ ~
[build] C:\Users\pperv\code\unnamed_rpg\vendor\json\include\nlohmann/ordered_map.hpp(345,33): warning: rvalue references are incompatible with C++98 [-Wc++98-compat]
[build]   345 |     const_iterator find(KeyType && key) const // NOLINT(cppcoreguidelines-missing-std-forward)
[build]       |                                 ^
[build] C:\Users\pperv\code\unnamed_rpg\vendor\json\include\nlohmann/ordered_map.hpp(344,93): warning: default template arguments for a function template are incompatible with C++98 [-Wc++98-compat]
[build]   344 |                  detail::is_usable_as_key_type<key_compare, key_type, KeyType>::value, int> = 0>
[build]       |                                                                                             ^ ~
[build] C:\Users\pperv\code\unnamed_rpg\vendor\json\include\nlohmann/ordered_map.hpp(357,49): warning: rvalue references are incompatible with C++98 [-Wc++98-compat]
[build]   357 |     std::pair<iterator, bool> insert( value_type&& value )
[build]       |                                                 ^
[build] C:\Users\pperv\code\unnamed_rpg\vendor\json\include\nlohmann/ordered_map.hpp(376,32): warning: alias declarations are incompatible with C++98 [-Wc++98-compat]
[build]   376 |     using require_input_iter = typename std::enable_if<std::is_convertible<typename std::iterator_traits<InputIt>::iterator_category,
[build]       |                                ^
[build] C:\Users\pperv\code\unnamed_rpg\vendor\json\include\nlohmann/ordered_map.hpp(379,69): warning: consecutive right angle brackets are incompatible with C++98 (use '> >') [-Wc++98-compat]
[build]   379 |     template<typename InputIt, typename = require_input_iter<InputIt>>
[build]       |                                                                     ^~
[build]       |                                                                     > >
[build] C:\Users\pperv\code\unnamed_rpg\vendor\json\include\nlohmann/ordered_map.hpp(379,41): warning: default template arguments for a function template are incompatible with C++98 [-Wc++98-compat]
[build]   379 |     template<typename InputIt, typename = require_input_iter<InputIt>>
[build]       |                                         ^ ~~~~~~~~~~~~~~~~~~~~~~~~~~~
[build] C:\Users\pperv\code\unnamed_rpg\vendor\json\include\nlohmann/ordered_map.hpp(389,50): warning: default member initializer for non-static data members is incompatible with C++98 [-Wc++98-compat]
[build]   389 |     JSON_NO_UNIQUE_ADDRESS key_compare m_compare = key_compare();
[build]       |                                                  ^
[build] C:\Users\pperv\code\unnamed_rpg\vendor\json\include\nlohmann/ordered_map.hpp(46,19): warning: noexcept specifications are incompatible with C++98 [-Wc++98-compat]
[build]    46 |     ordered_map() noexcept(noexcept(Container())) : Container{} {}
[build]       |                   ^
[build] C:\Users\pperv\code\unnamed_rpg\vendor\json\include\nlohmann/ordered_map.hpp(46,28): warning: noexcept expressions are incompatible with C++98 [-Wc++98-compat]
[build]    46 |     ordered_map() noexcept(noexcept(Container())) : Container{} {}
[build]       |                            ^
[build] C:\Users\pperv\code\unnamed_rpg\vendor\json\include\nlohmann/ordered_map.hpp(47,50): warning: noexcept specifications are incompatible with C++98 [-Wc++98-compat]
[build]    47 |     explicit ordered_map(const Allocator& alloc) noexcept(noexcept(Container(alloc))) : Container{alloc} {}
[build]       |                                                  ^
[build] C:\Users\pperv\code\unnamed_rpg\vendor\json\include\nlohmann/ordered_map.hpp(47,59): warning: noexcept expressions are incompatible with C++98 [-Wc++98-compat]
[build]    47 |     explicit ordered_map(const Allocator& alloc) noexcept(noexcept(Container(alloc))) : Container{alloc} {}
[build]       |                                                           ^
[build] C:\Users\pperv\code\unnamed_rpg\vendor\json\include\nlohmann/ordered_map.hpp(54,32): warning: noexcept specifications are incompatible with C++98 [-Wc++98-compat]
[build]    54 |     ordered_map(ordered_map&&) noexcept(std::is_nothrow_move_constructible<Container>::value) = default;
[build]       |                                ^
[build] C:\Users\pperv\code\unnamed_rpg\vendor\json\include\nlohmann/ordered_map.hpp(67,49): warning: noexcept specifications are incompatible with C++98 [-Wc++98-compat]
[build]    67 |     ordered_map& operator=(ordered_map&& other) noexcept(std::is_nothrow_move_assignable<Container>::value)
[build]       |                                                 ^
[build] In file included from C:\Users\pperv\code\unnamed_rpg\vendor\json-schema-validator\src\string-format-check.cpp:1:
[build] In file included from C:\Users\pperv\code\unnamed_rpg\vendor\json-schema-validator\src\nlohmann/json-schema.hpp:24:
[build] C:\Users\pperv\code\unnamed_rpg\vendor\json\include\nlohmann/json.hpp(91,1): warning: empty macro arguments are incompatible with C++98 [-Wc++98-compat-pedantic]
[build]    91 | NLOHMANN_JSON_NAMESPACE_BEGIN
[build]       | ^
[build] C:\Users\pperv\code\unnamed_rpg\vendor\json\include\nlohmann/detail/abi_macros.hpp(102,17): note: expanded from macro 'NLOHMANN_JSON_NAMESPACE_BEGIN'
[build]   102 |                 NLOHMANN_JSON_ABI_TAGS,              \
[build]       |                 ^
[build] C:\Users\pperv\code\unnamed_rpg\vendor\json\include\nlohmann/detail/abi_macros.hpp(65,5): note: expanded from macro 'NLOHMANN_JSON_ABI_TAGS'
[build]    65 |     NLOHMANN_JSON_ABI_TAGS_CONCAT(                                   \
[build]       |     ^
[build] C:\Users\pperv\code\unnamed_rpg\vendor\json\include\nlohmann/detail/abi_macros.hpp(62,39): note: expanded from macro 'NLOHMANN_JSON_ABI_TAGS_CONCAT'
[build]    62 |     NLOHMANN_JSON_ABI_TAGS_CONCAT_EX(a, b, c)
[build]       |                                       ^
[build] In file included from C:\Users\pperv\code\unnamed_rpg\vendor\json-schema-validator\src\string-format-check.cpp:1:
[build] In file included from C:\Users\pperv\code\unnamed_rpg\vendor\json-schema-validator\src\nlohmann/json-schema.hpp:24:
[build] C:\Users\pperv\code\unnamed_rpg\vendor\json\include\nlohmann/json.hpp(91,1): warning: empty macro arguments are incompatible with C++98 [-Wc++98-compat-pedantic]
[build] C:\Users\pperv\code\unnamed_rpg\vendor\json\include\nlohmann/detail/abi_macros.hpp(102,17): note: expanded from macro 'NLOHMANN_JSON_NAMESPACE_BEGIN'
[build]   102 |                 NLOHMANN_JSON_ABI_TAGS,              \
[build]       |                 ^
[build] C:\Users\pperv\code\unnamed_rpg\vendor\json\include\nlohmann/detail/abi_macros.hpp(65,5): note: expanded from macro 'NLOHMANN_JSON_ABI_TAGS'
[build]    65 |     NLOHMANN_JSON_ABI_TAGS_CONCAT(                                   \
[build]       |     ^
[build] C:\Users\pperv\code\unnamed_rpg\vendor\json\include\nlohmann/detail/abi_macros.hpp(62,42): note: expanded from macro 'NLOHMANN_JSON_ABI_TAGS_CONCAT'
[build]    62 |     NLOHMANN_JSON_ABI_TAGS_CONCAT_EX(a, b, c)
[build]       |                                          ^
[build] In file included from C:\Users\pperv\code\unnamed_rpg\vendor\json-schema-validator\src\string-format-check.cpp:1:
[build] In file included from C:\Users\pperv\code\unnamed_rpg\vendor\json-schema-validator\src\nlohmann/json-schema.hpp:24:
[build] C:\Users\pperv\code\unnamed_rpg\vendor\json\include\nlohmann/json.hpp(91,1): warning: empty macro arguments are incompatible with C++98 [-Wc++98-compat-pedantic]
[build] C:\Users\pperv\code\unnamed_rpg\vendor\json\include\nlohmann/detail/abi_macros.hpp(102,17): note: expanded from macro 'NLOHMANN_JSON_NAMESPACE_BEGIN'
[build]   102 |                 NLOHMANN_JSON_ABI_TAGS,              \
[build]       |                 ^
[build] C:\Users\pperv\code\unnamed_rpg\vendor\json\include\nlohmann/detail/abi_macros.hpp(65,5): note: expanded from macro 'NLOHMANN_JSON_ABI_TAGS'
[build]    65 |     NLOHMANN_JSON_ABI_TAGS_CONCAT(                                   \
[build]       |     ^
[build] C:\Users\pperv\code\unnamed_rpg\vendor\json\include\nlohmann/detail/abi_macros.hpp(62,45): note: expanded from macro 'NLOHMANN_JSON_ABI_TAGS_CONCAT'
[build]    62 |     NLOHMANN_JSON_ABI_TAGS_CONCAT_EX(a, b, c)
[build]       |                                             ^
[build] In file included from C:\Users\pperv\code\unnamed_rpg\vendor\json-schema-validator\src\string-format-check.cpp:1:
[build] In file included from C:\Users\pperv\code\unnamed_rpg\vendor\json-schema-validator\src\nlohmann/json-schema.hpp:24:
[build] C:\Users\pperv\code\unnamed_rpg\vendor\json\include\nlohmann/json.hpp(91,1): warning: inline namespaces are incompatible with C++98 [-Wc++98-compat]
[build] C:\Users\pperv\code\unnamed_rpg\vendor\json\include\nlohmann/detail/abi_macros.hpp(101,5): note: expanded from macro 'NLOHMANN_JSON_NAMESPACE_BEGIN'
[build]   101 |     inline namespace NLOHMANN_JSON_NAMESPACE_CONCAT( \
[build]       |     ^
[build] In file included from C:\Users\pperv\code\unnamed_rpg\vendor\json-schema-validator\src\string-format-check.cpp:1:
[build] In file included from C:\Users\pperv\code\unnamed_rpg\vendor\json-schema-validator\src\nlohmann/json-schema.hpp:24:
[build] C:\Users\pperv\code\unnamed_rpg\vendor\json\include\nlohmann/json.hpp(126,1): warning: variadic templates are incompatible with C++98 [-Wc++98-compat]
[build]   126 | NLOHMANN_BASIC_JSON_TPL_DECLARATION
[build]       | ^
[build] C:\Users\pperv\code\unnamed_rpg\vendor\json\include\nlohmann/detail/macro_scope.hpp(337,51): note: expanded from macro 'NLOHMANN_BASIC_JSON_TPL_DECLARATION'
[build]   337 |     template<template<typename, typename, typename...> class ObjectType,   \
[build]       |                                                   ^
[build] In file included from C:\Users\pperv\code\unnamed_rpg\vendor\json-schema-validator\src\string-format-check.cpp:1:
[build] In file included from C:\Users\pperv\code\unnamed_rpg\vendor\json-schema-validator\src\nlohmann/json-schema.hpp:24:
[build] C:\Users\pperv\code\unnamed_rpg\vendor\json\include\nlohmann/json.hpp(126,1): warning: variadic templates are incompatible with C++98 [-Wc++98-compat]
[build] C:\Users\pperv\code\unnamed_rpg\vendor\json\include\nlohmann/detail/macro_scope.hpp(338,41): note: expanded from macro 'NLOHMANN_BASIC_JSON_TPL_DECLARATION'
[build]   338 |              template<typename, typename...> class ArrayType,              \
[build]       |                                         ^
[build] In file included from C:\Users\pperv\code\unnamed_rpg\vendor\json-schema-validator\src\string-format-check.cpp:1:
[build] In file included from C:\Users\pperv\code\unnamed_rpg\vendor\json-schema-validator\src\nlohmann/json-schema.hpp:24:
[build] C:\Users\pperv\code\unnamed_rpg\vendor\json\include\nlohmann/json.hpp(140,5): warning: non-class friend type '::nlohmann::detail::serializer<basic_json<ObjectType, ArrayType, StringType, BooleanType, NumberIntegerType, NumberUnsignedType, NumberFloatType, AllocatorType, JSONSerializer, BinaryType, CustomBaseClass>>' is incompatible with C++98 [-Wc++98-compat]
[build]   140 |     friend ::nlohmann::detail::serializer<basic_json>;
[build]       |     ^~~~~~~~~~~~~~~~~~~~~~~~~~~~~~~~~~~~~~~~~~~~~~~~~
[build] C:\Users\pperv\code\unnamed_rpg\vendor\json\include\nlohmann/json.hpp(154,26): warning: alias declarations are incompatible with C++98 [-Wc++98-compat]
[build]   154 |     using basic_json_t = NLOHMANN_BASIC_JSON_TPL;
[build]       |                          ^
[build] C:\Users\pperv\code\unnamed_rpg\vendor\json\include\nlohmann/detail/macro_scope.hpp(347,5): note: expanded from macro 'NLOHMANN_BASIC_JSON_TPL'
[build]   347 |     basic_json<ObjectType, ArrayType, StringType, BooleanType,             \
[build]       |     ^
[build] In file included from C:\Users\pperv\code\unnamed_rpg\vendor\json-schema-validator\src\string-format-check.cpp:1:
[build] In file included from C:\Users\pperv\code\unnamed_rpg\vendor\json-schema-validator\src\nlohmann/json-schema.hpp:24:
[build] C:\Users\pperv\code\unnamed_rpg\vendor\json\include\nlohmann/json.hpp(155,31): warning: alias declarations are incompatible with C++98 [-Wc++98-compat]
[build]   155 |     using json_base_class_t = ::nlohmann::detail::json_base_class<CustomBaseClass>;
[build]       |                               ^
[build] C:\Users\pperv\code\unnamed_rpg\vendor\json\include\nlohmann/json.hpp(159,19): warning: alias declarations are incompatible with C++98 [-Wc++98-compat]
[build]   159 |     using lexer = ::nlohmann::detail::lexer_base<basic_json>;
[build]       |                   ^
[build] C:\Users\pperv\code\unnamed_rpg\vendor\json\include\nlohmann/json.hpp(175,34): warning: alias declarations are incompatible with C++98 [-Wc++98-compat]
[build]   175 |     using primitive_iterator_t = ::nlohmann::detail::primitive_iterator_t;
[build]       |                                  ^
[build] C:\Users\pperv\code\unnamed_rpg\vendor\json\include\nlohmann/json.hpp(177,31): warning: alias declarations are incompatible with C++98 [-Wc++98-compat]
[build]   177 |     using internal_iterator = ::nlohmann::detail::internal_iterator<BasicJsonType>;
[build]       |                               ^
[build] C:\Users\pperv\code\unnamed_rpg\vendor\json\include\nlohmann/json.hpp(179,23): warning: alias declarations are incompatible with C++98 [-Wc++98-compat]
[build]   179 |     using iter_impl = ::nlohmann::detail::iter_impl<BasicJsonType>;
[build]       |                       ^
[build] C:\Users\pperv\code\unnamed_rpg\vendor\json\include\nlohmann/json.hpp(181,29): warning: alias declarations are incompatible with C++98 [-Wc++98-compat]
[build]   181 |     using iteration_proxy = ::nlohmann::detail::iteration_proxy<Iterator>;
[build]       |                             ^
[build] C:\Users\pperv\code\unnamed_rpg\vendor\json\include\nlohmann/json.hpp(182,59): warning: alias declarations are incompatible with C++98 [-Wc++98-compat]
[build]   182 |     template<typename Base> using json_reverse_iterator = ::nlohmann::detail::json_reverse_iterator<Base>;
[build]       |                                                           ^
[build] C:\Users\pperv\code\unnamed_rpg\vendor\json\include\nlohmann/json.hpp(185,30): warning: alias declarations are incompatible with C++98 [-Wc++98-compat]
[build]   185 |     using output_adapter_t = ::nlohmann::detail::output_adapter_t<CharType>;
[build]       |                              ^
[build] C:\Users\pperv\code\unnamed_rpg\vendor\json\include\nlohmann/json.hpp(188,27): warning: alias declarations are incompatible with C++98 [-Wc++98-compat]
[build]   188 |     using binary_reader = ::nlohmann::detail::binary_reader<basic_json, InputType>;
[build]       |                           ^
[build] C:\Users\pperv\code\unnamed_rpg\vendor\json\include\nlohmann/json.hpp(189,55): warning: alias declarations are incompatible with C++98 [-Wc++98-compat]
[build]   189 |     template<typename CharType> using binary_writer = ::nlohmann::detail::binary_writer<basic_json, CharType>;
[build]       |                                                       ^
[build] C:\Users\pperv\code\unnamed_rpg\vendor\json\include\nlohmann/json.hpp(192,24): warning: alias declarations are incompatible with C++98 [-Wc++98-compat]
[build]   192 |     using serializer = ::nlohmann::detail::serializer<basic_json>;
[build]       |                        ^
[build] C:\Users\pperv\code\unnamed_rpg\vendor\json\include\nlohmann/json.hpp(195,21): warning: alias declarations are incompatible with C++98 [-Wc++98-compat]
[build]   195 |     using value_t = detail::value_t;
[build]       |                     ^
[build] C:\Users\pperv\code\unnamed_rpg\vendor\json\include\nlohmann/json.hpp(197,26): warning: alias declarations are incompatible with C++98 [-Wc++98-compat]
[build]   197 |     using json_pointer = ::nlohmann::json_pointer<StringType>;
[build]       |                          ^
[build] C:\Users\pperv\code\unnamed_rpg\vendor\json\include\nlohmann/json.hpp(199,29): warning: alias declarations are incompatible with C++98 [-Wc++98-compat]
[build]   199 |     using json_serializer = JSONSerializer<T, SFINAE>;
[build]       |                             ^
[build] C:\Users\pperv\code\unnamed_rpg\vendor\json\include\nlohmann/json.hpp(201,29): warning: alias declarations are incompatible with C++98 [-Wc++98-compat]
[build]   201 |     using error_handler_t = detail::error_handler_t;
[build]       |                             ^
[build] C:\Users\pperv\code\unnamed_rpg\vendor\json\include\nlohmann/json.hpp(203,32): warning: alias declarations are incompatible with C++98 [-Wc++98-compat]
[build]   203 |     using cbor_tag_handler_t = detail::cbor_tag_handler_t;
[build]       |                                ^
[build] C:\Users\pperv\code\unnamed_rpg\vendor\json\include\nlohmann/json.hpp(205,30): warning: alias declarations are incompatible with C++98 [-Wc++98-compat]
[build]   205 |     using bjdata_version_t = detail::bjdata_version_t;
[build]       |                              ^
[build] C:\Users\pperv\code\unnamed_rpg\vendor\json\include\nlohmann/json.hpp(207,32): warning: alias declarations are incompatible with C++98 [-Wc++98-compat]
[build]   207 |     using initializer_list_t = std::initializer_list<detail::json_ref<basic_json>>;
[build]       |                                ^
[build] C:\Users\pperv\code\unnamed_rpg\vendor\json\include\nlohmann/json.hpp(207,81): warning: consecutive right angle brackets are incompatible with C++98 (use '> >') [-Wc++98-compat]
[build]   207 |     using initializer_list_t = std::initializer_list<detail::json_ref<basic_json>>;
[build]       |                                                                                 ^~
[build]       |                                                                                 > >
[build] C:\Users\pperv\code\unnamed_rpg\vendor\json\include\nlohmann/json.hpp(209,28): warning: alias declarations are incompatible with C++98 [-Wc++98-compat]
[build]   209 |     using input_format_t = detail::input_format_t;
[build]       |                            ^
[build] C:\Users\pperv\code\unnamed_rpg\vendor\json\include\nlohmann/json.hpp(211,24): warning: alias declarations are incompatible with C++98 [-Wc++98-compat]
[build]   211 |     using json_sax_t = json_sax<basic_json>;
[build]       |                        ^
[build] C:\Users\pperv\code\unnamed_rpg\vendor\json\include\nlohmann/json.hpp(221,23): warning: alias declarations are incompatible with C++98 [-Wc++98-compat]
[build]   221 |     using exception = detail::exception;
[build]       |                       ^
[build] C:\Users\pperv\code\unnamed_rpg\vendor\json\include\nlohmann/json.hpp(222,25): warning: alias declarations are incompatible with C++98 [-Wc++98-compat]
[build]   222 |     using parse_error = detail::parse_error;
[build]       |                         ^
[build] C:\Users\pperv\code\unnamed_rpg\vendor\json\include\nlohmann/json.hpp(223,30): warning: alias declarations are incompatible with C++98 [-Wc++98-compat]
[build]   223 |     using invalid_iterator = detail::invalid_iterator;
[build]       |                              ^
[build] C:\Users\pperv\code\unnamed_rpg\vendor\json\include\nlohmann/json.hpp(224,24): warning: alias declarations are incompatible with C++98 [-Wc++98-compat]
[build]   224 |     using type_error = detail::type_error;
[build]       |                        ^
[build] C:\Users\pperv\code\unnamed_rpg\vendor\json\include\nlohmann/json.hpp(225,26): warning: alias declarations are incompatible with C++98 [-Wc++98-compat]
[build]   225 |     using out_of_range = detail::out_of_range;
[build]       |                          ^
[build] C:\Users\pperv\code\unnamed_rpg\vendor\json\include\nlohmann/json.hpp(226,25): warning: alias declarations are incompatible with C++98 [-Wc++98-compat]
[build]   226 |     using other_error = detail::other_error;
[build]       |                         ^
[build] C:\Users\pperv\code\unnamed_rpg\vendor\json\include\nlohmann/json.hpp(240,24): warning: alias declarations are incompatible with C++98 [-Wc++98-compat]
[build]   240 |     using value_type = basic_json;
[build]       |                        ^
[build] C:\Users\pperv\code\unnamed_rpg\vendor\json\include\nlohmann/json.hpp(243,23): warning: alias declarations are incompatible with C++98 [-Wc++98-compat]
[build]   243 |     using reference = value_type&;
[build]       |                       ^
[build] C:\Users\pperv\code\unnamed_rpg\vendor\json\include\nlohmann/json.hpp(245,29): warning: alias declarations are incompatible with C++98 [-Wc++98-compat]
[build]   245 |     using const_reference = const value_type&;
[build]       |                             ^
[build] C:\Users\pperv\code\unnamed_rpg\vendor\json\include\nlohmann/json.hpp(248,29): warning: alias declarations are incompatible with C++98 [-Wc++98-compat]
[build]   248 |     using difference_type = std::ptrdiff_t;
[build]       |                             ^
[build] C:\Users\pperv\code\unnamed_rpg\vendor\json\include\nlohmann/json.hpp(250,23): warning: alias declarations are incompatible with C++98 [-Wc++98-compat]
[build]   250 |     using size_type = std::size_t;
[build]       |                       ^
[build] C:\Users\pperv\code\unnamed_rpg\vendor\json\include\nlohmann/json.hpp(253,28): warning: alias declarations are incompatible with C++98 [-Wc++98-compat]
[build]   253 |     using allocator_type = AllocatorType<basic_json>;
[build]       |                            ^
[build] C:\Users\pperv\code\unnamed_rpg\vendor\json\include\nlohmann/json.hpp(256,21): warning: alias declarations are incompatible with C++98 [-Wc++98-compat]
[build]   256 |     using pointer = typename std::allocator_traits<allocator_type>::pointer;
[build]       |                     ^
[build] C:\Users\pperv\code\unnamed_rpg\vendor\json\include\nlohmann/json.hpp(258,27): warning: alias declarations are incompatible with C++98 [-Wc++98-compat]
[build]   258 |     using const_pointer = typename std::allocator_traits<allocator_type>::const_pointer;
[build]       |                           ^
[build] C:\Users\pperv\code\unnamed_rpg\vendor\json\include\nlohmann/json.hpp(261,22): warning: alias declarations are incompatible with C++98 [-Wc++98-compat]
[build]   261 |     using iterator = iter_impl<basic_json>;
[build]       |                      ^
[build] C:\Users\pperv\code\unnamed_rpg\vendor\json\include\nlohmann/json.hpp(263,28): warning: alias declarations are incompatible with C++98 [-Wc++98-compat]
[build]   263 |     using const_iterator = iter_impl<const basic_json>;
[build]       |                            ^
[build] C:\Users\pperv\code\unnamed_rpg\vendor\json\include\nlohmann/json.hpp(265,30): warning: alias declarations are incompatible with C++98 [-Wc++98-compat]
[build]   265 |     using reverse_iterator = json_reverse_iterator<typename basic_json::iterator>;
[build]       |                              ^
[build] C:\Users\pperv\code\unnamed_rpg\vendor\json\include\nlohmann/json.hpp(267,36): warning: alias declarations are incompatible with C++98 [-Wc++98-compat]
[build]   267 |     using const_reverse_iterator = json_reverse_iterator<typename basic_json::const_iterator>;
[build]       |                                    ^
[build] C:\Users\pperv\code\unnamed_rpg\vendor\json\include\nlohmann/json.hpp(359,41): warning: alias declarations are incompatible with C++98 [-Wc++98-compat]
[build]   359 |     using default_object_comparator_t = std::less<>;
[build]       |                                         ^
[build] C:\Users\pperv\code\unnamed_rpg\vendor\json\include\nlohmann/json.hpp(366,22): warning: alias declarations are incompatible with C++98 [-Wc++98-compat]
[build]   366 |     using object_t = ObjectType<StringType,
[build]       |                      ^
[build] C:\Users\pperv\code\unnamed_rpg\vendor\json\include\nlohmann/json.hpp(370,21): warning: consecutive right angle brackets are incompatible with C++98 (use '> >') [-Wc++98-compat]
[build]   370 |           basic_json>>>;
[build]       |                     ^~
[build]       |                     > > 
[build] C:\Users\pperv\code\unnamed_rpg\vendor\json\include\nlohmann/json.hpp(374,21): warning: alias declarations are incompatible with C++98 [-Wc++98-compat]
[build]   374 |     using array_t = ArrayType<basic_json, AllocatorType<basic_json>>;
[build]       |                     ^
[build] C:\Users\pperv\code\unnamed_rpg\vendor\json\include\nlohmann/json.hpp(374,67): warning: consecutive right angle brackets are incompatible with C++98 (use '> >') [-Wc++98-compat]
[build]   374 |     using array_t = ArrayType<basic_json, AllocatorType<basic_json>>;
[build]       |                                                                   ^~
[build]       |                                                                   > >
[build] C:\Users\pperv\code\unnamed_rpg\vendor\json\include\nlohmann/json.hpp(378,22): warning: alias declarations are incompatible with C++98 [-Wc++98-compat]
[build]   378 |     using string_t = StringType;
[build]       |                      ^
[build] C:\Users\pperv\code\unnamed_rpg\vendor\json\include\nlohmann/json.hpp(382,23): warning: alias declarations are incompatible with C++98 [-Wc++98-compat]
[build]   382 |     using boolean_t = BooleanType;
[build]       |                       ^
[build] C:\Users\pperv\code\unnamed_rpg\vendor\json\include\nlohmann/json.hpp(386,30): warning: alias declarations are incompatible with C++98 [-Wc++98-compat]
[build]   386 |     using number_integer_t = NumberIntegerType;
[build]       |                              ^
[build] C:\Users\pperv\code\unnamed_rpg\vendor\json\include\nlohmann/json.hpp(390,31): warning: alias declarations are incompatible with C++98 [-Wc++98-compat]
[build]   390 |     using number_unsigned_t = NumberUnsignedType;
[build]       |                               ^
[build] C:\Users\pperv\code\unnamed_rpg\vendor\json\include\nlohmann/json.hpp(394,28): warning: alias declarations are incompatible with C++98 [-Wc++98-compat]
[build]   394 |     using number_float_t = NumberFloatType;
[build]       |                            ^
[build] C:\Users\pperv\code\unnamed_rpg\vendor\json\include\nlohmann/json.hpp(398,22): warning: alias declarations are incompatible with C++98 [-Wc++98-compat]
[build]   398 |     using binary_t = nlohmann::byte_container_with_subtype<BinaryType>;
[build]       |                      ^
[build] C:\Users\pperv\code\unnamed_rpg\vendor\json\include\nlohmann/json.hpp(402,33): warning: alias declarations are incompatible with C++98 [-Wc++98-compat]
[build]   402 |     using object_comparator_t = detail::actual_object_comparator_t<basic_json>;
[build]       |                                 ^
[build] C:\Users\pperv\code\unnamed_rpg\vendor\json\include\nlohmann/json.hpp(409,34): warning: variadic templates are incompatible with C++98 [-Wc++98-compat]
[build]   409 |     template<typename T, typename... Args>
[build]       |                                  ^
[build] C:\Users\pperv\code\unnamed_rpg\vendor\json\include\nlohmann/json.hpp(411,26): warning: rvalue references are incompatible with C++98 [-Wc++98-compat]
[build]   411 |     static T* create(Args&& ... args)
[build]       |                          ^
[build] C:\Users\pperv\code\unnamed_rpg\vendor\json\include\nlohmann/json.hpp(476,24): warning: defaulted function definitions are incompatible with C++98 [-Wc++98-compat]
[build]   476 |         json_value() = default;
[build]       |                        ^
[build] C:\Users\pperv\code\unnamed_rpg\vendor\json\include\nlohmann/json.hpp(478,42): warning: noexcept specifications are incompatible with C++98 [-Wc++98-compat]
[build]   478 |         json_value(boolean_t v) noexcept : boolean(v) {}
[build]       |                                          ^
[build] C:\Users\pperv\code\unnamed_rpg\vendor\json\include\nlohmann/json.hpp(480,49): warning: noexcept specifications are incompatible with C++98 [-Wc++98-compat]
[build]   480 |         json_value(number_integer_t v) noexcept : number_integer(v) {}
[build]       |                                                 ^
[build] C:\Users\pperv\code\unnamed_rpg\vendor\json\include\nlohmann/json.hpp(482,50): warning: noexcept specifications are incompatible with C++98 [-Wc++98-compat]
[build]   482 |         json_value(number_unsigned_t v) noexcept : number_unsigned(v) {}
[build]       |                                                  ^
[build] C:\Users\pperv\code\unnamed_rpg\vendor\json\include\nlohmann/json.hpp(484,47): warning: noexcept specifications are incompatible with C++98 [-Wc++98-compat]
[build]   484 |         json_value(number_float_t v) noexcept : number_float(v) {}
[build]       |                                               ^
[build] C:\Users\pperv\code\unnamed_rpg\vendor\json\include\nlohmann/json.hpp(561,28): warning: rvalue references are incompatible with C++98 [-Wc++98-compat]
[build]   561 |         json_value(string_t&& value) : string(create<string_t>(std::move(value))) {}
[build]       |                            ^
[build] C:\Users\pperv\code\unnamed_rpg\vendor\json\include\nlohmann/json.hpp(567,28): warning: rvalue references are incompatible with C++98 [-Wc++98-compat]
[build]   567 |         json_value(object_t&& value) : object(create<object_t>(std::move(value))) {}
[build]       |                            ^
[build] C:\Users\pperv\code\unnamed_rpg\vendor\json\include\nlohmann/json.hpp(573,27): warning: rvalue references are incompatible with C++98 [-Wc++98-compat]
[build]   573 |         json_value(array_t&& value) : array(create<array_t>(std::move(value))) {}
[build]       |                           ^
[build] C:\Users\pperv\code\unnamed_rpg\vendor\json\include\nlohmann/json.hpp(579,53): warning: rvalue references are incompatible with C++98 [-Wc++98-compat]
[build]   579 |         json_value(typename binary_t::container_type&& value) : binary(create<binary_t>(std::move(value))) {}
[build]       |                                                     ^
[build] C:\Users\pperv\code\unnamed_rpg\vendor\json\include\nlohmann/json.hpp(585,28): warning: rvalue references are incompatible with C++98 [-Wc++98-compat]
[build]   585 |         json_value(binary_t&& value) : binary(create<binary_t>(std::move(value))) {}
[build]       |                            ^
[build] C:\Users\pperv\code\unnamed_rpg\vendor\json\include\nlohmann/json.hpp(716,5): warning: noexcept specifications are incompatible with C++98 [-Wc++98-compat]
[build]   716 |     {
[build]       |     ^
[build] C:\Users\pperv\code\unnamed_rpg\vendor\json\include\nlohmann/json.hpp(831,27): warning: alias declarations are incompatible with C++98 [-Wc++98-compat]
[build]   831 |     using parse_event_t = detail::parse_event_t;
[build]       |                           ^
[build] C:\Users\pperv\code\unnamed_rpg\vendor\json\include\nlohmann/json.hpp(835,31): warning: alias declarations are incompatible with C++98 [-Wc++98-compat]
[build]   835 |     using parser_callback_t = detail::parser_callback_t<basic_json>;
[build]       |                               ^
[build] C:\Users\pperv\code\unnamed_rpg\vendor\json\include\nlohmann/json.hpp(857,9): warning: noexcept specifications are incompatible with C++98 [-Wc++98-compat]
[build]   857 |         : basic_json(value_t::null)
[build]       |         ^
[build] C:\Users\pperv\code\unnamed_rpg\vendor\json\include\nlohmann/json.hpp(868,31): warning: rvalue references are incompatible with C++98 [-Wc++98-compat]
[build]   868 |     basic_json(CompatibleType && val) noexcept(noexcept( // NOLINT(bugprone-forwarding-reference-overload,bugprone-exception-escape)
[build]       |                               ^
[build] C:\Users\pperv\code\unnamed_rpg\vendor\json\include\nlohmann/json.hpp(865,25): warning: default template arguments for a function template are incompatible with C++98 [-Wc++98-compat]
[build]   865 |                typename U = detail::uncvref_t<CompatibleType>,
[build]       |                         ^   ~~~~~~~~~~~~~~~~~~~~~~~~~~~~~~~~~
[build] C:\Users\pperv\code\unnamed_rpg\vendor\json\include\nlohmann/json.hpp(867,114): warning: default template arguments for a function template are incompatible with C++98 [-Wc++98-compat]
[build]   867 |                    !detail::is_basic_json<U>::value && detail::is_compatible_type<basic_json_t, U>::value, int > = 0 >
[build]       |                                                                                                                  ^ ~
[build] C:\Users\pperv\code\unnamed_rpg\vendor\json\include\nlohmann/json.hpp(881,121): warning: default template arguments for a function template are incompatible with C++98 [-Wc++98-compat]
[build]   881 |                    detail::is_basic_json<BasicJsonType>::value&& !std::is_same<basic_json, BasicJsonType>::value, int > = 0 >
[build]       |                                                                                                                         ^ ~
[build] C:\Users\pperv\code\unnamed_rpg\vendor\json\include\nlohmann/json.hpp(1030,63): warning: rvalue references are incompatible with C++98 [-Wc++98-compat]
[build]  1030 |     static basic_json binary(typename binary_t::container_type&& init)
[build]       |                                                               ^
[build] C:\Users\pperv\code\unnamed_rpg\vendor\json\include\nlohmann/json.hpp(1041,63): warning: rvalue references are incompatible with C++98 [-Wc++98-compat]
[build]  1041 |     static basic_json binary(typename binary_t::container_type&& init, typename binary_t::subtype_type subtype)
[build]       |                                                               ^
[build] C:\Users\pperv\code\unnamed_rpg\vendor\json\include\nlohmann/json.hpp(1078,101): warning: default template arguments for a function template are incompatible with C++98 [-Wc++98-compat]
[build]  1078 |                    std::is_same<InputIT, typename basic_json_t::const_iterator>::value, int >::type = 0 >
[build]       |                                                                                                     ^ ~
[build] C:\Users\pperv\code\unnamed_rpg\vendor\json\include\nlohmann/json.hpp(1187,87): warning: consecutive right angle brackets are incompatible with C++98 (use '> >') [-Wc++98-compat]
[build]  1187 |                                  std::is_same<typename JsonRef::value_type, basic_json>>::value, int> = 0 >
[build]       |                                                                                       ^~
[build]       |                                                                                       > >
[build] C:\Users\pperv\code\unnamed_rpg\vendor\json\include\nlohmann/json.hpp(1187,103): warning: default template arguments for a function template are incompatible with C++98 [-Wc++98-compat]
[build]  1187 |                                  std::is_same<typename JsonRef::value_type, basic_json>>::value, int> = 0 >
[build]       |                                                                                                       ^ ~
[build] C:\Users\pperv\code\unnamed_rpg\vendor\json\include\nlohmann/json.hpp(1265,26): warning: rvalue references are incompatible with C++98 [-Wc++98-compat]
[build]  1265 |     basic_json(basic_json&& other) noexcept
[build]       |                          ^
[build] C:\Users\pperv\code\unnamed_rpg\vendor\json\include\nlohmann/json.hpp(1266,9): warning: noexcept specifications are incompatible with C++98 [-Wc++98-compat]
[build]  1266 |         : json_base_class_t(std::forward<json_base_class_t>(other)),
[build]       |         ^
[build] C:\Users\pperv\code\unnamed_rpg\vendor\json\include\nlohmann/json.hpp(1321,5): warning: noexcept specifications are incompatible with C++98 [-Wc++98-compat]
[build]  1321 |     {
[build]       |     ^
[build] C:\Users\pperv\code\unnamed_rpg\vendor\json\include\nlohmann/json.hpp(1360,5): warning: 'constexpr' specifier is incompatible with C++98 [-Wc++98-compat]
[build]  1360 |     constexpr value_t type() const noexcept
[build]       |     ^
[build] C:\Users\pperv\code\unnamed_rpg\vendor\json\include\nlohmann/json.hpp(1361,5): warning: noexcept specifications are incompatible with C++98 [-Wc++98-compat]
[build]  1361 |     {
[build]       |     ^
[build] C:\Users\pperv\code\unnamed_rpg\vendor\json\include\nlohmann/json.hpp(1367,5): warning: 'constexpr' specifier is incompatible with C++98 [-Wc++98-compat]
[build]  1367 |     constexpr bool is_primitive() const noexcept
[build]       |     ^
[build] C:\Users\pperv\code\unnamed_rpg\vendor\json\include\nlohmann/json.hpp(1368,5): warning: noexcept specifications are incompatible with C++98 [-Wc++98-compat]
[build]  1368 |     {
[build]       |     ^
[build] C:\Users\pperv\code\unnamed_rpg\vendor\json\include\nlohmann/json.hpp(1374,5): warning: 'constexpr' specifier is incompatible with C++98 [-Wc++98-compat]
[build]  1374 |     constexpr bool is_structured() const noexcept
[build]       |     ^
[build] C:\Users\pperv\code\unnamed_rpg\vendor\json\include\nlohmann/json.hpp(1375,5): warning: noexcept specifications are incompatible with C++98 [-Wc++98-compat]
[build]  1375 |     {
[build]       |     ^
[build] C:\Users\pperv\code\unnamed_rpg\vendor\json\include\nlohmann/json.hpp(1381,5): warning: 'constexpr' specifier is incompatible with C++98 [-Wc++98-compat]
[build]  1381 |     constexpr bool is_null() const noexcept
[build]       |     ^
[build] C:\Users\pperv\code\unnamed_rpg\vendor\json\include\nlohmann/json.hpp(1382,5): warning: noexcept specifications are incompatible with C++98 [-Wc++98-compat]
[build]  1382 |     {
[build]       |     ^
[build] C:\Users\pperv\code\unnamed_rpg\vendor\json\include\nlohmann/json.hpp(1388,5): warning: 'constexpr' specifier is incompatible with C++98 [-Wc++98-compat]
[build]  1388 |     constexpr bool is_boolean() const noexcept
[build]       |     ^
[build] C:\Users\pperv\code\unnamed_rpg\vendor\json\include\nlohmann/json.hpp(1389,5): warning: noexcept specifications are incompatible with C++98 [-Wc++98-compat]
[build]  1389 |     {
[build]       |     ^
[build] C:\Users\pperv\code\unnamed_rpg\vendor\json\include\nlohmann/json.hpp(1395,5): warning: 'constexpr' specifier is incompatible with C++98 [-Wc++98-compat]
[build]  1395 |     constexpr bool is_number() const noexcept
[build]       |     ^
[build] C:\Users\pperv\code\unnamed_rpg\vendor\json\include\nlohmann/json.hpp(1396,5): warning: noexcept specifications are incompatible with C++98 [-Wc++98-compat]
[build]  1396 |     {
[build]       |     ^
[build] C:\Users\pperv\code\unnamed_rpg\vendor\json\include\nlohmann/json.hpp(1402,5): warning: 'constexpr' specifier is incompatible with C++98 [-Wc++98-compat]
[build]  1402 |     constexpr bool is_number_integer() const noexcept
[build]       |     ^
[build] C:\Users\pperv\code\unnamed_rpg\vendor\json\include\nlohmann/json.hpp(1403,5): warning: noexcept specifications are incompatible with C++98 [-Wc++98-compat]
[build]  1403 |     {
[build]       |     ^
[build] C:\Users\pperv\code\unnamed_rpg\vendor\json\include\nlohmann/json.hpp(1409,5): warning: 'constexpr' specifier is incompatible with C++98 [-Wc++98-compat]
[build]  1409 |     constexpr bool is_number_unsigned() const noexcept
[build]       |     ^
[build] C:\Users\pperv\code\unnamed_rpg\vendor\json\include\nlohmann/json.hpp(1410,5): warning: noexcept specifications are incompatible with C++98 [-Wc++98-compat]
[build]  1410 |     {
[build]       |     ^
[build] C:\Users\pperv\code\unnamed_rpg\vendor\json\include\nlohmann/json.hpp(1416,5): warning: 'constexpr' specifier is incompatible with C++98 [-Wc++98-compat]
[build]  1416 |     constexpr bool is_number_float() const noexcept
[build]       |     ^
[build] C:\Users\pperv\code\unnamed_rpg\vendor\json\include\nlohmann/json.hpp(1417,5): warning: noexcept specifications are incompatible with C++98 [-Wc++98-compat]
[build]  1417 |     {
[build]       |     ^
[build] C:\Users\pperv\code\unnamed_rpg\vendor\json\include\nlohmann/json.hpp(1423,5): warning: 'constexpr' specifier is incompatible with C++98 [-Wc++98-compat]
[build]  1423 |     constexpr bool is_object() const noexcept
[build]       |     ^
[build] C:\Users\pperv\code\unnamed_rpg\vendor\json\include\nlohmann/json.hpp(1424,5): warning: noexcept specifications are incompatible with C++98 [-Wc++98-compat]
[build]  1424 |     {
[build]       |     ^
[build] C:\Users\pperv\code\unnamed_rpg\vendor\json\include\nlohmann/json.hpp(1430,5): warning: 'constexpr' specifier is incompatible with C++98 [-Wc++98-compat]
[build]  1430 |     constexpr bool is_array() const noexcept
[build]       |     ^
[build] C:\Users\pperv\code\unnamed_rpg\vendor\json\include\nlohmann/json.hpp(1431,5): warning: noexcept specifications are incompatible with C++98 [-Wc++98-compat]
[build]  1431 |     {
[build]       |     ^
[build] C:\Users\pperv\code\unnamed_rpg\vendor\json\include\nlohmann/json.hpp(1437,5): warning: 'constexpr' specifier is incompatible with C++98 [-Wc++98-compat]
[build]  1437 |     constexpr bool is_string() const noexcept
[build]       |     ^
[build] C:\Users\pperv\code\unnamed_rpg\vendor\json\include\nlohmann/json.hpp(1438,5): warning: noexcept specifications are incompatible with C++98 [-Wc++98-compat]
[build]  1438 |     {
[build]       |     ^
[build] C:\Users\pperv\code\unnamed_rpg\vendor\json\include\nlohmann/json.hpp(1444,5): warning: 'constexpr' specifier is incompatible with C++98 [-Wc++98-compat]
[build]  1444 |     constexpr bool is_binary() const noexcept
[build]       |     ^
[build] C:\Users\pperv\code\unnamed_rpg\vendor\json\include\nlohmann/json.hpp(1445,5): warning: noexcept specifications are incompatible with C++98 [-Wc++98-compat]
[build]  1445 |     {
[build]       |     ^
[build] C:\Users\pperv\code\unnamed_rpg\vendor\json\include\nlohmann/json.hpp(1451,5): warning: 'constexpr' specifier is incompatible with C++98 [-Wc++98-compat]
[build]  1451 |     constexpr bool is_discarded() const noexcept
[build]       |     ^
[build] C:\Users\pperv\code\unnamed_rpg\vendor\json\include\nlohmann/json.hpp(1452,5): warning: noexcept specifications are incompatible with C++98 [-Wc++98-compat]
[build]  1452 |     {
[build]       |     ^
[build] C:\Users\pperv\code\unnamed_rpg\vendor\json\include\nlohmann/json.hpp(1458,5): warning: 'constexpr' specifier is incompatible with C++98 [-Wc++98-compat]
[build]  1458 |     constexpr operator value_t() const noexcept
[build]       |     ^
[build] C:\Users\pperv\code\unnamed_rpg\vendor\json\include\nlohmann/json.hpp(1459,5): warning: noexcept specifications are incompatible with C++98 [-Wc++98-compat]
[build]  1459 |     {
[build]       |     ^
[build] C:\Users\pperv\code\unnamed_rpg\vendor\json\include\nlohmann/json.hpp(1483,5): warning: noexcept specifications are incompatible with C++98 [-Wc++98-compat]
[build]  1483 |     {
[build]       |     ^
[build] C:\Users\pperv\code\unnamed_rpg\vendor\json\include\nlohmann/json.hpp(1488,5): warning: 'constexpr' specifier is incompatible with C++98 [-Wc++98-compat]
[build]  1488 |     constexpr const object_t* get_impl_ptr(const object_t* /*unused*/) const noexcept
[build]       |     ^
[build] C:\Users\pperv\code\unnamed_rpg\vendor\json\include\nlohmann/json.hpp(1489,5): warning: noexcept specifications are incompatible with C++98 [-Wc++98-compat]
[build]  1489 |     {
[build]       |     ^
[build] C:\Users\pperv\code\unnamed_rpg\vendor\json\include\nlohmann/json.hpp(1495,5): warning: noexcept specifications are incompatible with C++98 [-Wc++98-compat]
[build]  1495 |     {
[build]       |     ^
[build] C:\Users\pperv\code\unnamed_rpg\vendor\json\include\nlohmann/json.hpp(1500,5): warning: 'constexpr' specifier is incompatible with C++98 [-Wc++98-compat]
[build]  1500 |     constexpr const array_t* get_impl_ptr(const array_t* /*unused*/) const noexcept
[build]       |     ^
[build] C:\Users\pperv\code\unnamed_rpg\vendor\json\include\nlohmann/json.hpp(1501,5): warning: noexcept specifications are incompatible with C++98 [-Wc++98-compat]
[build]  1501 |     {
[build]       |     ^
[build] C:\Users\pperv\code\unnamed_rpg\vendor\json\include\nlohmann/json.hpp(1507,5): warning: noexcept specifications are incompatible with C++98 [-Wc++98-compat]
[build]  1507 |     {
[build]       |     ^
[build] C:\Users\pperv\code\unnamed_rpg\vendor\json\include\nlohmann/json.hpp(1512,5): warning: 'constexpr' specifier is incompatible with C++98 [-Wc++98-compat]
[build]  1512 |     constexpr const string_t* get_impl_ptr(const string_t* /*unused*/) const noexcept
[build]       |     ^
[build] C:\Users\pperv\code\unnamed_rpg\vendor\json\include\nlohmann/json.hpp(1513,5): warning: noexcept specifications are incompatible with C++98 [-Wc++98-compat]
[build]  1513 |     {
[build]       |     ^
[build] C:\Users\pperv\code\unnamed_rpg\vendor\json\include\nlohmann/json.hpp(1519,5): warning: noexcept specifications are incompatible with C++98 [-Wc++98-compat]
[build]  1519 |     {
[build]       |     ^
[build] C:\Users\pperv\code\unnamed_rpg\vendor\json\include\nlohmann/json.hpp(1524,5): warning: 'constexpr' specifier is incompatible with C++98 [-Wc++98-compat]
[build]  1524 |     constexpr const boolean_t* get_impl_ptr(const boolean_t* /*unused*/) const noexcept
[build]       |     ^
[build] C:\Users\pperv\code\unnamed_rpg\vendor\json\include\nlohmann/json.hpp(1525,5): warning: noexcept specifications are incompatible with C++98 [-Wc++98-compat]
[build]  1525 |     {
[build]       |     ^
[build] C:\Users\pperv\code\unnamed_rpg\vendor\json\include\nlohmann/json.hpp(1531,5): warning: noexcept specifications are incompatible with C++98 [-Wc++98-compat]
[build]  1531 |     {
[build]       |     ^
[build] C:\Users\pperv\code\unnamed_rpg\vendor\json\include\nlohmann/json.hpp(1536,5): warning: 'constexpr' specifier is incompatible with C++98 [-Wc++98-compat]
[build]  1536 |     constexpr const number_integer_t* get_impl_ptr(const number_integer_t* /*unused*/) const noexcept
[build]       |     ^
[build] C:\Users\pperv\code\unnamed_rpg\vendor\json\include\nlohmann/json.hpp(1537,5): warning: noexcept specifications are incompatible with C++98 [-Wc++98-compat]
[build]  1537 |     {
[build]       |     ^
[build] C:\Users\pperv\code\unnamed_rpg\vendor\json\include\nlohmann/json.hpp(1543,5): warning: noexcept specifications are incompatible with C++98 [-Wc++98-compat]
[build]  1543 |     {
[build]       |     ^
[build] C:\Users\pperv\code\unnamed_rpg\vendor\json\include\nlohmann/json.hpp(1548,5): warning: 'constexpr' specifier is incompatible with C++98 [-Wc++98-compat]
[build]  1548 |     constexpr const number_unsigned_t* get_impl_ptr(const number_unsigned_t* /*unused*/) const noexcept
[build]       |     ^
[build] C:\Users\pperv\code\unnamed_rpg\vendor\json\include\nlohmann/json.hpp(1549,5): warning: noexcept specifications are incompatible with C++98 [-Wc++98-compat]
[build]  1549 |     {
[build]       |     ^
[build] C:\Users\pperv\code\unnamed_rpg\vendor\json\include\nlohmann/json.hpp(1555,5): warning: noexcept specifications are incompatible with C++98 [-Wc++98-compat]
[build]  1555 |     {
[build]       |     ^
[build] C:\Users\pperv\code\unnamed_rpg\vendor\json\include\nlohmann/json.hpp(1560,5): warning: 'constexpr' specifier is incompatible with C++98 [-Wc++98-compat]
[build]  1560 |     constexpr const number_float_t* get_impl_ptr(const number_float_t* /*unused*/) const noexcept
[build]       |     ^
[build] C:\Users\pperv\code\unnamed_rpg\vendor\json\include\nlohmann/json.hpp(1561,5): warning: noexcept specifications are incompatible with C++98 [-Wc++98-compat]
[build]  1561 |     {
[build]       |     ^
[build] C:\Users\pperv\code\unnamed_rpg\vendor\json\include\nlohmann/json.hpp(1567,5): warning: noexcept specifications are incompatible with C++98 [-Wc++98-compat]
[build]  1567 |     {
[build]       |     ^
[build] C:\Users\pperv\code\unnamed_rpg\vendor\json\include\nlohmann/json.hpp(1572,5): warning: 'constexpr' specifier is incompatible with C++98 [-Wc++98-compat]
[build]  1572 |     constexpr const binary_t* get_impl_ptr(const binary_t* /*unused*/) const noexcept
[build]       |     ^
[build] C:\Users\pperv\code\unnamed_rpg\vendor\json\include\nlohmann/json.hpp(1573,5): warning: noexcept specifications are incompatible with C++98 [-Wc++98-compat]
[build]  1573 |     {
[build]       |     ^
[build] C:\Users\pperv\code\unnamed_rpg\vendor\json\include\nlohmann/json.hpp(1611,29): warning: noexcept specifications are incompatible with C++98 [-Wc++98-compat]
[build]  1611 |     auto get_ptr() noexcept -> decltype(std::declval<basic_json_t&>().get_impl_ptr(std::declval<PointerType>()))
[build]       |                             ^
[build] C:\Users\pperv\code\unnamed_rpg\vendor\json\include\nlohmann/json.hpp(1611,29): warning: trailing return types are incompatible with C++98 [-Wc++98-compat]
[build] C:\Users\pperv\code\unnamed_rpg\vendor\json\include\nlohmann/json.hpp(1611,32): warning: 'decltype' type specifier is incompatible with C++98 [-Wc++98-compat]
[build]  1611 |     auto get_ptr() noexcept -> decltype(std::declval<basic_json_t&>().get_impl_ptr(std::declval<PointerType>()))
[build]       |                                ^
[build] C:\Users\pperv\code\unnamed_rpg\vendor\json\include\nlohmann/json.hpp(1610,66): warning: default template arguments for a function template are incompatible with C++98 [-Wc++98-compat]
[build]  1610 |                  std::is_pointer<PointerType>::value, int>::type = 0>
[build]       |                                                                  ^ ~
[build] C:\Users\pperv\code\unnamed_rpg\vendor\json\include\nlohmann/json.hpp(1622,5): warning: 'constexpr' specifier is incompatible with C++98 [-Wc++98-compat]
[build]  1622 |     constexpr auto get_ptr() const noexcept -> decltype(std::declval<const basic_json_t&>().get_impl_ptr(std::declval<PointerType>()))
[build]       |     ^
[build] C:\Users\pperv\code\unnamed_rpg\vendor\json\include\nlohmann/json.hpp(1622,45): warning: noexcept specifications are incompatible with C++98 [-Wc++98-compat]
[build]  1622 |     constexpr auto get_ptr() const noexcept -> decltype(std::declval<const basic_json_t&>().get_impl_ptr(std::declval<PointerType>()))
[build]       |                                             ^
[build] C:\Users\pperv\code\unnamed_rpg\vendor\json\include\nlohmann/json.hpp(1622,45): warning: trailing return types are incompatible with C++98 [-Wc++98-compat]
[build] C:\Users\pperv\code\unnamed_rpg\vendor\json\include\nlohmann/json.hpp(1622,48): warning: 'decltype' type specifier is incompatible with C++98 [-Wc++98-compat]
[build]  1622 |     constexpr auto get_ptr() const noexcept -> decltype(std::declval<const basic_json_t&>().get_impl_ptr(std::declval<PointerType>()))
[build]       |                                                ^
[build] C:\Users\pperv\code\unnamed_rpg\vendor\json\include\nlohmann/json.hpp(1621,103): warning: default template arguments for a function template are incompatible with C++98 [-Wc++98-compat]
[build]  1621 |                    std::is_const<typename std::remove_pointer<PointerType>::type>::value, int >::type = 0 >
[build]       |                                                                                                       ^ ~
[build] C:\Users\pperv\code\unnamed_rpg\vendor\json\include\nlohmann/json.hpp(1671,26): warning: default template arguments for a function template are incompatible with C++98 [-Wc++98-compat]
[build]  1671 |                    int > = 0 >
[build]       |                          ^ ~
[build] C:\Users\pperv\code\unnamed_rpg\vendor\json\include\nlohmann/json.hpp(1713,26): warning: default template arguments for a function template are incompatible with C++98 [-Wc++98-compat]
[build]  1713 |                    int > = 0 >
[build]       |                          ^ ~
[build] C:\Users\pperv\code\unnamed_rpg\vendor\json\include\nlohmann/json.hpp(1738,26): warning: default template arguments for a function template are incompatible with C++98 [-Wc++98-compat]
[build]  1738 |                    int > = 0 >
[build]       |                          ^ ~
[build] C:\Users\pperv\code\unnamed_rpg\vendor\json\include\nlohmann/json.hpp(1761,23): warning: default template arguments for a function template are incompatible with C++98 [-Wc++98-compat]
[build]  1761 |                  int> = 0>
[build]       |                       ^ ~
[build] C:\Users\pperv\code\unnamed_rpg\vendor\json\include\nlohmann/json.hpp(1775,5): warning: 'constexpr' specifier is incompatible with C++98 [-Wc++98-compat]
[build]  1775 |     constexpr auto get_impl(detail::priority_tag<4> /*unused*/) const noexcept
[build]       |     ^
[build] C:\Users\pperv\code\unnamed_rpg\vendor\json\include\nlohmann/json.hpp(1776,5): warning: noexcept specifications are incompatible with C++98 [-Wc++98-compat]
[build]  1776 |     -> decltype(std::declval<const basic_json_t&>().template get_ptr<PointerType>())
[build]       |     ^
[build] C:\Users\pperv\code\unnamed_rpg\vendor\json\include\nlohmann/json.hpp(1776,5): warning: trailing return types are incompatible with C++98 [-Wc++98-compat]
[build] C:\Users\pperv\code\unnamed_rpg\vendor\json\include\nlohmann/json.hpp(1776,8): warning: 'decltype' type specifier is incompatible with C++98 [-Wc++98-compat]
[build]  1776 |     -> decltype(std::declval<const basic_json_t&>().template get_ptr<PointerType>())
[build]       |        ^
[build] C:\Users\pperv\code\unnamed_rpg\vendor\json\include\nlohmann/json.hpp(1774,23): warning: default template arguments for a function template are incompatible with C++98 [-Wc++98-compat]
[build]  1774 |                  int> = 0>
[build]       |                       ^ ~
[build] C:\Users\pperv\code\unnamed_rpg\vendor\json\include\nlohmann/json.hpp(1806,88): warning: consecutive right angle brackets are incompatible with C++98 (use '> >') [-Wc++98-compat]
[build]  1806 |     template < typename ValueTypeCV, typename ValueType = detail::uncvref_t<ValueTypeCV>>
[build]       |                                                                                        ^~
[build]       |                                                                                        > >
[build] C:\Users\pperv\code\unnamed_rpg\vendor\json\include\nlohmann/json.hpp(1808,5): warning: 'constexpr' specifier is incompatible with C++98 [-Wc++98-compat]
[build]  1808 |     constexpr
[build]       |     ^
[build] C:\Users\pperv\code\unnamed_rpg\vendor\json\include\nlohmann/json.hpp(1812,5): warning: trailing return types are incompatible with C++98 [-Wc++98-compat]
[build]  1812 |     -> decltype(std::declval<const basic_json_t&>().template get_impl<ValueType>(detail::priority_tag<4> {}))
[build]       |     ^
[build] C:\Users\pperv\code\unnamed_rpg\vendor\json\include\nlohmann/json.hpp(1812,8): warning: 'decltype' type specifier is incompatible with C++98 [-Wc++98-compat]
[build]  1812 |     -> decltype(std::declval<const basic_json_t&>().template get_impl<ValueType>(detail::priority_tag<4> {}))
[build]       |        ^
[build] C:\Users\pperv\code\unnamed_rpg\vendor\json\include\nlohmann/json.hpp(1812,106): warning: generalized initializer lists are incompatible with C++98 [-Wc++98-compat]
[build]  1812 |     -> decltype(std::declval<const basic_json_t&>().template get_impl<ValueType>(detail::priority_tag<4> {}))
[build]       |                                                                                                          ^
[build] C:\Users\pperv\code\unnamed_rpg\vendor\json\include\nlohmann/json.hpp(1812,106): warning: constructor call from initializer list is incompatible with C++98 [-Wc++98-compat]
[build]  1812 |     -> decltype(std::declval<const basic_json_t&>().template get_impl<ValueType>(detail::priority_tag<4> {}))
[build]       |                                                                                                          ^~
[build] C:\Users\pperv\code\unnamed_rpg\vendor\json\include\nlohmann/json.hpp(1806,47): warning: default template arguments for a function template are incompatible with C++98 [-Wc++98-compat]
[build]  1806 |     template < typename ValueTypeCV, typename ValueType = detail::uncvref_t<ValueTypeCV>>
[build]       |                                               ^           ~~~~~~~~~~~~~~~~~~~~~~~~~~~~~~
[build] C:\Users\pperv\code\unnamed_rpg\vendor\json\include\nlohmann/json.hpp(1851,25): warning: noexcept specifications are incompatible with C++98 [-Wc++98-compat]
[build]  1851 |     auto get() noexcept -> decltype(std::declval<basic_json_t&>().template get_ptr<PointerType>())
[build]       |                         ^
[build] C:\Users\pperv\code\unnamed_rpg\vendor\json\include\nlohmann/json.hpp(1851,25): warning: trailing return types are incompatible with C++98 [-Wc++98-compat]
[build] C:\Users\pperv\code\unnamed_rpg\vendor\json\include\nlohmann/json.hpp(1851,28): warning: 'decltype' type specifier is incompatible with C++98 [-Wc++98-compat]
[build]  1851 |     auto get() noexcept -> decltype(std::declval<basic_json_t&>().template get_ptr<PointerType>())
[build]       |                            ^
[build] C:\Users\pperv\code\unnamed_rpg\vendor\json\include\nlohmann/json.hpp(1850,66): warning: default template arguments for a function template are incompatible with C++98 [-Wc++98-compat]
[build]  1850 |                  std::is_pointer<PointerType>::value, int>::type = 0>
[build]       |                                                                  ^ ~
[build] C:\Users\pperv\code\unnamed_rpg\vendor\json\include\nlohmann/json.hpp(1863,26): warning: default template arguments for a function template are incompatible with C++98 [-Wc++98-compat]
[build]  1863 |                    int > = 0 >
[build]       |                          ^ ~
[build] C:\Users\pperv\code\unnamed_rpg\vendor\json\include\nlohmann/json.hpp(1876,23): warning: default template arguments for a function template are incompatible with C++98 [-Wc++98-compat]
[build]  1876 |                  int> = 0>
[build]       |                       ^ ~
[build] C:\Users\pperv\code\unnamed_rpg\vendor\json\include\nlohmann/json.hpp(1885,18): warning: default template arguments for a function template are incompatible with C++98 [-Wc++98-compat]
[build]  1885 |         typename Array = T (&)[N], // NOLINT(cppcoreguidelines-avoid-c-arrays,hicpp-avoid-c-arrays,modernize-avoid-c-arrays)
[build]       |                  ^       ~~~~~~~~
[build] C:\Users\pperv\code\unnamed_rpg\vendor\json\include\nlohmann/json.hpp(1887,70): warning: default template arguments for a function template are incompatible with C++98 [-Wc++98-compat]
[build]  1887 |             detail::has_from_json<basic_json_t, Array>::value, int > = 0 >
[build]       |                                                                      ^ ~
[build] C:\Users\pperv\code\unnamed_rpg\vendor\json\include\nlohmann/json.hpp(1899,70): warning: default template arguments for a function template are incompatible with C++98 [-Wc++98-compat]
[build]  1899 |                  std::is_reference<ReferenceType>::value, int>::type = 0>
[build]       |                                                                      ^ ~
[build] C:\Users\pperv\code\unnamed_rpg\vendor\json\include\nlohmann/json.hpp(1910,107): warning: default template arguments for a function template are incompatible with C++98 [-Wc++98-compat]
[build]  1910 |                    std::is_const<typename std::remove_reference<ReferenceType>::type>::value, int >::type = 0 >
[build]       |                                                                                                           ^ ~
[build] C:\Users\pperv\code\unnamed_rpg\vendor\json\include\nlohmann/json.hpp(1948,66): warning: consecutive right angle brackets are incompatible with C++98 (use '> >') [-Wc++98-compat]
[build]  1948 |                        detail::negation<std::is_pointer<ValueType>>,
[build]       |                                                                  ^~
[build]       |                                                                  > >
[build] C:\Users\pperv\code\unnamed_rpg\vendor\json\include\nlohmann/json.hpp(1949,79): warning: consecutive right angle brackets are incompatible with C++98 (use '> >') [-Wc++98-compat]
[build]  1949 |                        detail::negation<std::is_same<ValueType, std::nullptr_t>>,
[build]       |                                                                               ^~
[build]       |                                                                               > >
[build] C:\Users\pperv\code\unnamed_rpg\vendor\json\include\nlohmann/json.hpp(1950,92): warning: consecutive right angle brackets are incompatible with C++98 (use '> >') [-Wc++98-compat]
[build]  1950 |                        detail::negation<std::is_same<ValueType, detail::json_ref<basic_json>>>,
[build]       |                                                                                            ^~
[build]       |                                                                                            > > 
[build] C:\Users\pperv\code\unnamed_rpg\vendor\json\include\nlohmann/json.hpp(1951,111): warning: consecutive right angle brackets are incompatible with C++98 (use '> >') [-Wc++98-compat]
[build]  1951 |                                         detail::negation<std::is_same<ValueType, typename string_t::value_type>>,
[build]       |                                                                                                               ^~
[build]       |                                                                                                               > >
[build] C:\Users\pperv\code\unnamed_rpg\vendor\json\include\nlohmann/json.hpp(1952,89): warning: consecutive right angle brackets are incompatible with C++98 (use '> >') [-Wc++98-compat]
[build]  1952 |                                         detail::negation<detail::is_basic_json<ValueType>>,
[build]       |                                                                                         ^~
[build]       |                                                                                         > >
[build] C:\Users\pperv\code\unnamed_rpg\vendor\json\include\nlohmann/json.hpp(1953,133): warning: consecutive right angle brackets are incompatible with C++98 (use '> >') [-Wc++98-compat]
[build]  1953 |                                         detail::negation<std::is_same<ValueType, std::initializer_list<typename string_t::value_type>>>,
[build]       |                                                                                                                                     ^~
[build]       |                                                                                                                                     > > 
[build] C:\Users\pperv\code\unnamed_rpg\vendor\json\include\nlohmann/json.hpp(1966,71): warning: default template arguments for a function template are incompatible with C++98 [-Wc++98-compat]
[build]  1966 |                                                 >::value, int >::type = 0 >
[build]       |                                                                       ^ ~
[build] C:\Users\pperv\code\unnamed_rpg\vendor\json\include\nlohmann/json.hpp(2075,26): warning: rvalue references are incompatible with C++98 [-Wc++98-compat]
[build]  2075 |     reference at(KeyType && key)
[build]       |                          ^
[build] C:\Users\pperv\code\unnamed_rpg\vendor\json\include\nlohmann/json.hpp(2074,95): warning: default template arguments for a function template are incompatible with C++98 [-Wc++98-compat]
[build]  2074 |                  detail::is_usable_as_basic_json_key_type<basic_json_t, KeyType>::value, int> = 0>
[build]       |                                                                                               ^ ~
[build] C:\Users\pperv\code\unnamed_rpg\vendor\json\include\nlohmann/json.hpp(2113,32): warning: rvalue references are incompatible with C++98 [-Wc++98-compat]
[build]  2113 |     const_reference at(KeyType && key) const
[build]       |                                ^
[build] C:\Users\pperv\code\unnamed_rpg\vendor\json\include\nlohmann/json.hpp(2112,95): warning: default template arguments for a function template are incompatible with C++98 [-Wc++98-compat]
[build]  2112 |                  detail::is_usable_as_basic_json_key_type<basic_json_t, KeyType>::value, int> = 0>
[build]       |                                                                                               ^ ~
[build] C:\Users\pperv\code\unnamed_rpg\vendor\json\include\nlohmann/json.hpp(2243,34): warning: rvalue references are incompatible with C++98 [-Wc++98-compat]
[build]  2243 |     reference operator[](KeyType && key)
[build]       |                                  ^
[build] C:\Users\pperv\code\unnamed_rpg\vendor\json\include\nlohmann/json.hpp(2242,96): warning: default template arguments for a function template are incompatible with C++98 [-Wc++98-compat]
[build]  2242 |                  detail::is_usable_as_basic_json_key_type<basic_json_t, KeyType>::value, int > = 0 >
[build]       |                                                                                                ^ ~
[build] C:\Users\pperv\code\unnamed_rpg\vendor\json\include\nlohmann/json.hpp(2267,40): warning: rvalue references are incompatible with C++98 [-Wc++98-compat]
[build]  2267 |     const_reference operator[](KeyType && key) const
[build]       |                                        ^
[build] C:\Users\pperv\code\unnamed_rpg\vendor\json\include\nlohmann/json.hpp(2266,96): warning: default template arguments for a function template are incompatible with C++98 [-Wc++98-compat]
[build]  2266 |                  detail::is_usable_as_basic_json_key_type<basic_json_t, KeyType>::value, int > = 0 >
[build]       |                                                                                                ^ ~
[build] C:\Users\pperv\code\unnamed_rpg\vendor\json\include\nlohmann/json.hpp(2282,43): warning: alias declarations are incompatible with C++98 [-Wc++98-compat]
[build]  2282 |     using is_comparable_with_object_key = detail::is_comparable <
[build]       |                                           ^
[build] C:\Users\pperv\code\unnamed_rpg\vendor\json\include\nlohmann/json.hpp(2286,31): warning: alias declarations are incompatible with C++98 [-Wc++98-compat]
[build]  2286 |     using value_return_type = std::conditional <
[build]       |                               ^
[build] C:\Users\pperv\code\unnamed_rpg\vendor\json\include\nlohmann/json.hpp(2296,73): warning: consecutive right angle brackets are incompatible with C++98 (use '> >') [-Wc++98-compat]
[build]  2296 |                    && !std::is_same<value_t, detail::uncvref_t<ValueType>>::value, int > = 0 >
[build]       |                                                                         ^~
[build]       |                                                                         > >
[build] C:\Users\pperv\code\unnamed_rpg\vendor\json\include\nlohmann/json.hpp(2296,90): warning: default template arguments for a function template are incompatible with C++98 [-Wc++98-compat]
[build]  2296 |                    && !std::is_same<value_t, detail::uncvref_t<ValueType>>::value, int > = 0 >
[build]       |                                                                                          ^ ~
[build] C:\Users\pperv\code\unnamed_rpg\vendor\json\include\nlohmann/json.hpp(2321,73): warning: consecutive right angle brackets are incompatible with C++98 (use '> >') [-Wc++98-compat]
[build]  2321 |                    && !std::is_same<value_t, detail::uncvref_t<ValueType>>::value, int > = 0 >
[build]       |                                                                         ^~
[build]       |                                                                         > >
[build] C:\Users\pperv\code\unnamed_rpg\vendor\json\include\nlohmann/json.hpp(2322,72): warning: rvalue references are incompatible with C++98 [-Wc++98-compat]
[build]  2322 |     ReturnType value(const typename object_t::key_type& key, ValueType && default_value) const
[build]       |                                                                        ^
[build] C:\Users\pperv\code\unnamed_rpg\vendor\json\include\nlohmann/json.hpp(2317,39): warning: default template arguments for a function template are incompatible with C++98 [-Wc++98-compat]
[build]  2317 |     template < class ValueType, class ReturnType = typename value_return_type<ValueType>::type,
[build]       |                                       ^            ~~~~~~~~~~~~~~~~~~~~~~~~~~~~~~~~~~~~~~~~~~~
[build] C:\Users\pperv\code\unnamed_rpg\vendor\json\include\nlohmann/json.hpp(2321,90): warning: default template arguments for a function template are incompatible with C++98 [-Wc++98-compat]
[build]  2321 |                    && !std::is_same<value_t, detail::uncvref_t<ValueType>>::value, int > = 0 >
[build]       |                                                                                          ^ ~
[build] C:\Users\pperv\code\unnamed_rpg\vendor\json\include\nlohmann/json.hpp(2347,73): warning: consecutive right angle brackets are incompatible with C++98 (use '> >') [-Wc++98-compat]
[build]  2347 |                    && !std::is_same<value_t, detail::uncvref_t<ValueType>>::value, int > = 0 >
[build]       |                                                                         ^~
[build]       |                                                                         > >
[build] C:\Users\pperv\code\unnamed_rpg\vendor\json\include\nlohmann/json.hpp(2348,29): warning: rvalue references are incompatible with C++98 [-Wc++98-compat]
[build]  2348 |     ValueType value(KeyType && key, const ValueType& default_value) const
[build]       |                             ^
[build] C:\Users\pperv\code\unnamed_rpg\vendor\json\include\nlohmann/json.hpp(2347,90): warning: default template arguments for a function template are incompatible with C++98 [-Wc++98-compat]
[build]  2347 |                    && !std::is_same<value_t, detail::uncvref_t<ValueType>>::value, int > = 0 >
[build]       |                                                                                          ^ ~
[build] C:\Users\pperv\code\unnamed_rpg\vendor\json\include\nlohmann/json.hpp(2374,73): warning: consecutive right angle brackets are incompatible with C++98 (use '> >') [-Wc++98-compat]
[build]  2374 |                    && !std::is_same<value_t, detail::uncvref_t<ValueType>>::value, int > = 0 >
[build]       |                                                                         ^~
[build]       |                                                                         > >
[build] C:\Users\pperv\code\unnamed_rpg\vendor\json\include\nlohmann/json.hpp(2375,30): warning: rvalue references are incompatible with C++98 [-Wc++98-compat]
[build]  2375 |     ReturnType value(KeyType && key, ValueType && default_value) const
[build]       |                              ^
[build] C:\Users\pperv\code\unnamed_rpg\vendor\json\include\nlohmann/json.hpp(2375,48): warning: rvalue references are incompatible with C++98 [-Wc++98-compat]
[build]  2375 |     ReturnType value(KeyType && key, ValueType && default_value) const
[build]       |                                                ^
[build] C:\Users\pperv\code\unnamed_rpg\vendor\json\include\nlohmann/json.hpp(2368,54): warning: default template arguments for a function template are incompatible with C++98 [-Wc++98-compat]
[build]  2368 |     template < class ValueType, class KeyType, class ReturnType = typename value_return_type<ValueType>::type,
[build]       |                                                      ^            ~~~~~~~~~~~~~~~~~~~~~~~~~~~~~~~~~~~~~~~~~~~
[build] C:\Users\pperv\code\unnamed_rpg\vendor\json\include\nlohmann/json.hpp(2374,90): warning: default template arguments for a function template are incompatible with C++98 [-Wc++98-compat]
[build]  2374 |                    && !std::is_same<value_t, detail::uncvref_t<ValueType>>::value, int > = 0 >
[build]       |                                                                                          ^ ~
[build] C:\Users\pperv\code\unnamed_rpg\vendor\json\include\nlohmann/json.hpp(2397,73): warning: consecutive right angle brackets are incompatible with C++98 (use '> >') [-Wc++98-compat]
[build]  2397 |                    && !std::is_same<value_t, detail::uncvref_t<ValueType>>::value, int > = 0 >
[build]       |                                                                         ^~
[build]       |                                                                         > >
[build] C:\Users\pperv\code\unnamed_rpg\vendor\json\include\nlohmann/json.hpp(2397,90): warning: default template arguments for a function template are incompatible with C++98 [-Wc++98-compat]
[build]  2397 |                    && !std::is_same<value_t, detail::uncvref_t<ValueType>>::value, int > = 0 >
[build]       |                                                                                          ^ ~
[build] C:\Users\pperv\code\unnamed_rpg\vendor\json\include\nlohmann/json.hpp(2422,73): warning: consecutive right angle brackets are incompatible with C++98 (use '> >') [-Wc++98-compat]
[build]  2422 |                    && !std::is_same<value_t, detail::uncvref_t<ValueType>>::value, int > = 0 >
[build]       |                                                                         ^~
[build]       |                                                                         > >
[build] C:\Users\pperv\code\unnamed_rpg\vendor\json\include\nlohmann/json.hpp(2423,57): warning: rvalue references are incompatible with C++98 [-Wc++98-compat]
[build]  2423 |     ReturnType value(const json_pointer& ptr, ValueType && default_value) const
[build]       |                                                         ^
[build] C:\Users\pperv\code\unnamed_rpg\vendor\json\include\nlohmann/json.hpp(2419,39): warning: default template arguments for a function template are incompatible with C++98 [-Wc++98-compat]
[build]  2419 |     template < class ValueType, class ReturnType = typename value_return_type<ValueType>::type,
[build]       |                                       ^            ~~~~~~~~~~~~~~~~~~~~~~~~~~~~~~~~~~~~~~~~~~~
[build] C:\Users\pperv\code\unnamed_rpg\vendor\json\include\nlohmann/json.hpp(2422,90): warning: default template arguments for a function template are incompatible with C++98 [-Wc++98-compat]
[build]  2422 |                    && !std::is_same<value_t, detail::uncvref_t<ValueType>>::value, int > = 0 >
[build]       |                                                                                          ^ ~
[build] C:\Users\pperv\code\unnamed_rpg\vendor\json\include\nlohmann/json.hpp(2445,73): warning: consecutive right angle brackets are incompatible with C++98 (use '> >') [-Wc++98-compat]
[build]  2445 |                    && !std::is_same<value_t, detail::uncvref_t<ValueType>>::value, int > = 0 >
[build]       |                                                                         ^~
[build]       |                                                                         > >
[build] C:\Users\pperv\code\unnamed_rpg\vendor\json\include\nlohmann/json.hpp(2445,90): warning: default template arguments for a function template are incompatible with C++98 [-Wc++98-compat]
[build]  2445 |                    && !std::is_same<value_t, detail::uncvref_t<ValueType>>::value, int > = 0 >
[build]       |                                                                                          ^ ~
[build] C:\Users\pperv\code\unnamed_rpg\vendor\json\include\nlohmann/json.hpp(2456,73): warning: consecutive right angle brackets are incompatible with C++98 (use '> >') [-Wc++98-compat]
[build]  2456 |                    && !std::is_same<value_t, detail::uncvref_t<ValueType>>::value, int > = 0 >
[build]       |                                                                         ^~
[build]       |                                                                         > >
[build] C:\Users\pperv\code\unnamed_rpg\vendor\json\include\nlohmann/json.hpp(2458,84): warning: rvalue references are incompatible with C++98 [-Wc++98-compat]
[build]  2458 |     ReturnType value(const ::nlohmann::json_pointer<BasicJsonType>& ptr, ValueType && default_value) const
[build]       |                                                                                    ^
[build] C:\Users\pperv\code\unnamed_rpg\vendor\json\include\nlohmann/json.hpp(2452,60): warning: default template arguments for a function template are incompatible with C++98 [-Wc++98-compat]
[build]  2452 |     template < class ValueType, class BasicJsonType, class ReturnType = typename value_return_type<ValueType>::type,
[build]       |                                                            ^            ~~~~~~~~~~~~~~~~~~~~~~~~~~~~~~~~~~~~~~~~~~~
[build] C:\Users\pperv\code\unnamed_rpg\vendor\json\include\nlohmann/json.hpp(2456,90): warning: default template arguments for a function template are incompatible with C++98 [-Wc++98-compat]
[build]  2456 |                    && !std::is_same<value_t, detail::uncvref_t<ValueType>>::value, int > = 0 >
[build]       |                                                                                          ^ ~
[build] C:\Users\pperv\code\unnamed_rpg\vendor\json\include\nlohmann/json.hpp(2499,100): warning: default template arguments for a function template are incompatible with C++98 [-Wc++98-compat]
[build]  2499 |                    std::is_same<IteratorType, typename basic_json_t::const_iterator>::value, int > = 0 >
[build]       |                                                                                                    ^ ~
[build] C:\Users\pperv\code\unnamed_rpg\vendor\json\include\nlohmann/json.hpp(2569,100): warning: default template arguments for a function template are incompatible with C++98 [-Wc++98-compat]
[build]  2569 |                    std::is_same<IteratorType, typename basic_json_t::const_iterator>::value, int > = 0 >
[build]       |                                                                                                    ^ ~
[build] C:\Users\pperv\code\unnamed_rpg\vendor\json\include\nlohmann/json.hpp(2641,38): warning: rvalue references are incompatible with C++98 [-Wc++98-compat]
[build]  2641 |     size_type erase_internal(KeyType && key)
[build]       |                                      ^
[build] C:\Users\pperv\code\unnamed_rpg\vendor\json\include\nlohmann/json.hpp(2640,89): warning: default template arguments for a function template are incompatible with C++98 [-Wc++98-compat]
[build]  2640 |                    detail::has_erase_with_key_type<basic_json_t, KeyType>::value, int > = 0 >
[build]       |                                                                                         ^ ~
[build] C:\Users\pperv\code\unnamed_rpg\vendor\json\include\nlohmann/json.hpp(2654,38): warning: rvalue references are incompatible with C++98 [-Wc++98-compat]
[build]  2654 |     size_type erase_internal(KeyType && key)
[build]       |                                      ^
[build] C:\Users\pperv\code\unnamed_rpg\vendor\json\include\nlohmann/json.hpp(2653,90): warning: default template arguments for a function template are incompatible with C++98 [-Wc++98-compat]
[build]  2653 |                    !detail::has_erase_with_key_type<basic_json_t, KeyType>::value, int > = 0 >
[build]       |                                                                                          ^ ~
[build] C:\Users\pperv\code\unnamed_rpg\vendor\json\include\nlohmann/json.hpp(2686,29): warning: rvalue references are incompatible with C++98 [-Wc++98-compat]
[build]  2686 |     size_type erase(KeyType && key)
[build]       |                             ^
[build] C:\Users\pperv\code\unnamed_rpg\vendor\json\include\nlohmann/json.hpp(2685,95): warning: default template arguments for a function template are incompatible with C++98 [-Wc++98-compat]
[build]  2685 |                  detail::is_usable_as_basic_json_key_type<basic_json_t, KeyType>::value, int> = 0>
[build]       |                                                                                               ^ ~
[build] C:\Users\pperv\code\unnamed_rpg\vendor\json\include\nlohmann/json.hpp(2752,27): warning: rvalue references are incompatible with C++98 [-Wc++98-compat]
[build]  2752 |     iterator find(KeyType && key)
[build]       |                           ^
[build] C:\Users\pperv\code\unnamed_rpg\vendor\json\include\nlohmann/json.hpp(2751,95): warning: default template arguments for a function template are incompatible with C++98 [-Wc++98-compat]
[build]  2751 |                  detail::is_usable_as_basic_json_key_type<basic_json_t, KeyType>::value, int> = 0>
[build]       |                                                                                               ^ ~
[build] C:\Users\pperv\code\unnamed_rpg\vendor\json\include\nlohmann/json.hpp(2768,33): warning: rvalue references are incompatible with C++98 [-Wc++98-compat]
[build]  2768 |     const_iterator find(KeyType && key) const
[build]       |                                 ^
[build] C:\Users\pperv\code\unnamed_rpg\vendor\json\include\nlohmann/json.hpp(2767,95): warning: default template arguments for a function template are incompatible with C++98 [-Wc++98-compat]
[build]  2767 |                  detail::is_usable_as_basic_json_key_type<basic_json_t, KeyType>::value, int> = 0>
[build]       |                                                                                               ^ ~
[build] C:\Users\pperv\code\unnamed_rpg\vendor\json\include\nlohmann/json.hpp(2792,29): warning: rvalue references are incompatible with C++98 [-Wc++98-compat]
[build]  2792 |     size_type count(KeyType && key) const
[build]       |                             ^
[build] C:\Users\pperv\code\unnamed_rpg\vendor\json\include\nlohmann/json.hpp(2791,95): warning: default template arguments for a function template are incompatible with C++98 [-Wc++98-compat]
[build]  2791 |                  detail::is_usable_as_basic_json_key_type<basic_json_t, KeyType>::value, int> = 0>
[build]       |                                                                                               ^ ~
[build] C:\Users\pperv\code\unnamed_rpg\vendor\json\include\nlohmann/json.hpp(2809,27): warning: rvalue references are incompatible with C++98 [-Wc++98-compat]
[build]  2809 |     bool contains(KeyType && key) const
[build]       |                           ^
[build] C:\Users\pperv\code\unnamed_rpg\vendor\json\include\nlohmann/json.hpp(2808,95): warning: default template arguments for a function template are incompatible with C++98 [-Wc++98-compat]
[build]  2808 |                  detail::is_usable_as_basic_json_key_type<basic_json_t, KeyType>::value, int> = 0>
[build]       |                                                                                               ^ ~
[build] C:\Users\pperv\code\unnamed_rpg\vendor\json\include\nlohmann/json.hpp(2821,108): warning: default template arguments for a function template are incompatible with C++98 [-Wc++98-compat]
[build]  2821 |     template<typename BasicJsonType, detail::enable_if_t<detail::is_basic_json<BasicJsonType>::value, int> = 0>
[build]       |                                                                                                            ^ ~
[build] C:\Users\pperv\code\unnamed_rpg\vendor\json\include\nlohmann/json.hpp(2840,5): warning: noexcept specifications are incompatible with C++98 [-Wc++98-compat]
[build]  2840 |     {
[build]       |     ^
[build] C:\Users\pperv\code\unnamed_rpg\vendor\json\include\nlohmann/json.hpp(2849,5): warning: noexcept specifications are incompatible with C++98 [-Wc++98-compat]
[build]  2849 |     {
[build]       |     ^
[build] C:\Users\pperv\code\unnamed_rpg\vendor\json\include\nlohmann/json.hpp(2856,5): warning: noexcept specifications are incompatible with C++98 [-Wc++98-compat]
[build]  2856 |     {
[build]       |     ^
[build] C:\Users\pperv\code\unnamed_rpg\vendor\json\include\nlohmann/json.hpp(2865,5): warning: noexcept specifications are incompatible with C++98 [-Wc++98-compat]
[build]  2865 |     {
[build]       |     ^
[build] C:\Users\pperv\code\unnamed_rpg\vendor\json\include\nlohmann/json.hpp(2874,5): warning: noexcept specifications are incompatible with C++98 [-Wc++98-compat]
[build]  2874 |     {
[build]       |     ^
[build] C:\Users\pperv\code\unnamed_rpg\vendor\json\include\nlohmann/json.hpp(2881,5): warning: noexcept specifications are incompatible with C++98 [-Wc++98-compat]
[build]  2881 |     {
[build]       |     ^
[build] C:\Users\pperv\code\unnamed_rpg\vendor\json\include\nlohmann/json.hpp(2890,5): warning: noexcept specifications are incompatible with C++98 [-Wc++98-compat]
[build]  2890 |     {
[build]       |     ^
[build] C:\Users\pperv\code\unnamed_rpg\vendor\json\include\nlohmann/json.hpp(2897,5): warning: noexcept specifications are incompatible with C++98 [-Wc++98-compat]
[build]  2897 |     {
[build]       |     ^
[build] C:\Users\pperv\code\unnamed_rpg\vendor\json\include\nlohmann/json.hpp(2904,5): warning: noexcept specifications are incompatible with C++98 [-Wc++98-compat]
[build]  2904 |     {
[build]       |     ^
[build] C:\Users\pperv\code\unnamed_rpg\vendor\json\include\nlohmann/json.hpp(2911,5): warning: noexcept specifications are incompatible with C++98 [-Wc++98-compat]
[build]  2911 |     {
[build]       |     ^
[build] C:\Users\pperv\code\unnamed_rpg\vendor\json\include\nlohmann/json.hpp(2918,5): warning: noexcept specifications are incompatible with C++98 [-Wc++98-compat]
[build]  2918 |     {
[build]       |     ^
[build] C:\Users\pperv\code\unnamed_rpg\vendor\json\include\nlohmann/json.hpp(2925,5): warning: noexcept specifications are incompatible with C++98 [-Wc++98-compat]
[build]  2925 |     {
[build]       |     ^
[build] C:\Users\pperv\code\unnamed_rpg\vendor\json\include\nlohmann/json.hpp(2937,5): warning: noexcept specifications are incompatible with C++98 [-Wc++98-compat]
[build]  2937 |     {
[build]       |     ^
[build] C:\Users\pperv\code\unnamed_rpg\vendor\json\include\nlohmann/json.hpp(2948,5): warning: noexcept specifications are incompatible with C++98 [-Wc++98-compat]
[build]  2948 |     {
[build]       |     ^
[build] C:\Users\pperv\code\unnamed_rpg\vendor\json\include\nlohmann/json.hpp(2955,5): warning: noexcept specifications are incompatible with C++98 [-Wc++98-compat]
[build]  2955 |     {
[build]       |     ^
[build] C:\Users\pperv\code\unnamed_rpg\vendor\json\include\nlohmann/json.hpp(2962,5): warning: noexcept specifications are incompatible with C++98 [-Wc++98-compat]
[build]  2962 |     {
[build]       |     ^
[build] C:\Users\pperv\code\unnamed_rpg\vendor\json\include\nlohmann/json.hpp(2978,5): warning: noexcept specifications are incompatible with C++98 [-Wc++98-compat]
[build]  2978 |     {
[build]       |     ^
[build] C:\Users\pperv\code\unnamed_rpg\vendor\json\include\nlohmann/json.hpp(3017,5): warning: noexcept specifications are incompatible with C++98 [-Wc++98-compat]
[build]  3017 |     {
[build]       |     ^
[build] C:\Users\pperv\code\unnamed_rpg\vendor\json\include\nlohmann/json.hpp(3056,5): warning: noexcept specifications are incompatible with C++98 [-Wc++98-compat]
[build]  3056 |     {
[build]       |     ^
[build] C:\Users\pperv\code\unnamed_rpg\vendor\json\include\nlohmann/json.hpp(3099,5): warning: noexcept specifications are incompatible with C++98 [-Wc++98-compat]
[build]  3099 |     {
[build]       |     ^
[build] C:\Users\pperv\code\unnamed_rpg\vendor\json\include\nlohmann/json.hpp(3159,30): warning: rvalue references are incompatible with C++98 [-Wc++98-compat]
[build]  3159 |     void push_back(basic_json&& val)
[build]       |                              ^
[build] C:\Users\pperv\code\unnamed_rpg\vendor\json\include\nlohmann/json.hpp(3184,36): warning: rvalue references are incompatible with C++98 [-Wc++98-compat]
[build]  3184 |     reference operator+=(basic_json&& val)
[build]       |                                    ^
[build] C:\Users\pperv\code\unnamed_rpg\vendor\json\include\nlohmann/json.hpp(3279,19): warning: variadic templates are incompatible with C++98 [-Wc++98-compat]
[build]  3279 |     template<class... Args>
[build]       |                   ^
[build] C:\Users\pperv\code\unnamed_rpg\vendor\json\include\nlohmann/json.hpp(3280,32): warning: rvalue references are incompatible with C++98 [-Wc++98-compat]
[build]  3280 |     reference emplace_back(Args&& ... args)
[build]       |                                ^
[build] C:\Users\pperv\code\unnamed_rpg\vendor\json\include\nlohmann/json.hpp(3304,19): warning: variadic templates are incompatible with C++98 [-Wc++98-compat]
[build]  3304 |     template<class... Args>
[build]       |                   ^
[build] C:\Users\pperv\code\unnamed_rpg\vendor\json\include\nlohmann/json.hpp(3305,43): warning: rvalue references are incompatible with C++98 [-Wc++98-compat]
[build]  3305 |     std::pair<iterator, bool> emplace(Args&& ... args)
[build]       |                                           ^
[build] C:\Users\pperv\code\unnamed_rpg\vendor\json\include\nlohmann/json.hpp(3336,22): warning: variadic templates are incompatible with C++98 [-Wc++98-compat]
[build]  3336 |     template<typename... Args>
[build]       |                      ^
[build] C:\Users\pperv\code\unnamed_rpg\vendor\json\include\nlohmann/json.hpp(3337,54): warning: rvalue references are incompatible with C++98 [-Wc++98-compat]
[build]  3337 |     iterator insert_iterator(const_iterator pos, Args&& ... args) // NOLINT(performance-unnecessary-value-param)
[build]       |                                                      ^
[build] C:\Users\pperv\code\unnamed_rpg\vendor\json\include\nlohmann/json.hpp(3376,51): warning: rvalue references are incompatible with C++98 [-Wc++98-compat]
[build]  3376 |     iterator insert(const_iterator pos, basic_json&& val) // NOLINT(performance-unnecessary-value-param)
[build]       |                                                   ^
[build] C:\Users\pperv\code\unnamed_rpg\vendor\json\include\nlohmann/json.hpp(3746,5): warning: noexcept specifications are incompatible with C++98 [-Wc++98-compat]
[build]  3746 |     {
[build]       |     ^
[build] C:\Users\pperv\code\unnamed_rpg\vendor\json\include\nlohmann/json.hpp(3762,5): warning: noexcept specifications are incompatible with C++98 [-Wc++98-compat]
[build]  3762 |     {
[build]       |     ^
[build] C:\Users\pperv\code\unnamed_rpg\vendor\json\include\nlohmann/json.hpp(3864,5): warning: noexcept specifications are incompatible with C++98 [-Wc++98-compat]
[build]  3864 |     {
[build]       |     ^
[build] C:\Users\pperv\code\unnamed_rpg\vendor\json\include\nlohmann/json.hpp(3880,5): warning: noexcept specifications are incompatible with C++98 [-Wc++98-compat]
[build]  3880 |     {
[build]       |     ^
[build] C:\Users\pperv\code\unnamed_rpg\vendor\json\include\nlohmann/json.hpp(3878,64): warning: default template arguments for a function template are incompatible with C++98 [-Wc++98-compat]
[build]  3878 |                  std::is_scalar<ScalarType>::value, int>::type = 0>
[build]       |                                                                ^ ~
[build] C:\Users\pperv\code\unnamed_rpg\vendor\json\include\nlohmann/json.hpp(3889,5): warning: noexcept specifications are incompatible with C++98 [-Wc++98-compat]
[build]  3889 |     {
[build]       |     ^
[build] C:\Users\pperv\code\unnamed_rpg\vendor\json\include\nlohmann/json.hpp(3887,64): warning: default template arguments for a function template are incompatible with C++98 [-Wc++98-compat]
[build]  3887 |                  std::is_scalar<ScalarType>::value, int>::type = 0>
[build]       |                                                                ^ ~
[build] C:\Users\pperv\code\unnamed_rpg\vendor\json\include\nlohmann/json.hpp(3896,5): warning: noexcept specifications are incompatible with C++98 [-Wc++98-compat]
[build]  3896 |     {
[build]       |     ^
[build] C:\Users\pperv\code\unnamed_rpg\vendor\json\include\nlohmann/json.hpp(3905,5): warning: noexcept specifications are incompatible with C++98 [-Wc++98-compat]
[build]  3905 |     {
[build]       |     ^
[build] C:\Users\pperv\code\unnamed_rpg\vendor\json\include\nlohmann/json.hpp(3903,64): warning: default template arguments for a function template are incompatible with C++98 [-Wc++98-compat]
[build]  3903 |                  std::is_scalar<ScalarType>::value, int>::type = 0>
[build]       |                                                                ^ ~
[build] C:\Users\pperv\code\unnamed_rpg\vendor\json\include\nlohmann/json.hpp(3914,5): warning: noexcept specifications are incompatible with C++98 [-Wc++98-compat]
[build]  3914 |     {
[build]       |     ^
[build] C:\Users\pperv\code\unnamed_rpg\vendor\json\include\nlohmann/json.hpp(3912,64): warning: default template arguments for a function template are incompatible with C++98 [-Wc++98-compat]
[build]  3912 |                  std::is_scalar<ScalarType>::value, int>::type = 0>
[build]       |                                                                ^ ~
[build] C:\Users\pperv\code\unnamed_rpg\vendor\json\include\nlohmann/json.hpp(3921,5): warning: noexcept specifications are incompatible with C++98 [-Wc++98-compat]
[build]  3921 |     {
[build]       |     ^
[build] C:\Users\pperv\code\unnamed_rpg\vendor\json\include\nlohmann/json.hpp(3933,5): warning: noexcept specifications are incompatible with C++98 [-Wc++98-compat]
[build]  3933 |     {
[build]       |     ^
[build] C:\Users\pperv\code\unnamed_rpg\vendor\json\include\nlohmann/json.hpp(3931,64): warning: default template arguments for a function template are incompatible with C++98 [-Wc++98-compat]
[build]  3931 |                  std::is_scalar<ScalarType>::value, int>::type = 0>
[build]       |                                                                ^ ~
[build] C:\Users\pperv\code\unnamed_rpg\vendor\json\include\nlohmann/json.hpp(3942,5): warning: noexcept specifications are incompatible with C++98 [-Wc++98-compat]
[build]  3942 |     {
[build]       |     ^
[build] C:\Users\pperv\code\unnamed_rpg\vendor\json\include\nlohmann/json.hpp(3940,64): warning: default template arguments for a function template are incompatible with C++98 [-Wc++98-compat]
[build]  3940 |                  std::is_scalar<ScalarType>::value, int>::type = 0>
[build]       |                                                                ^ ~
[build] C:\Users\pperv\code\unnamed_rpg\vendor\json\include\nlohmann/json.hpp(3949,5): warning: noexcept specifications are incompatible with C++98 [-Wc++98-compat]
[build]  3949 |     {
[build]       |     ^
[build] C:\Users\pperv\code\unnamed_rpg\vendor\json\include\nlohmann/json.hpp(3962,5): warning: noexcept specifications are incompatible with C++98 [-Wc++98-compat]
[build]  3962 |     {
[build]       |     ^
[build] C:\Users\pperv\code\unnamed_rpg\vendor\json\include\nlohmann/json.hpp(3960,64): warning: default template arguments for a function template are incompatible with C++98 [-Wc++98-compat]
[build]  3960 |                  std::is_scalar<ScalarType>::value, int>::type = 0>
[build]       |                                                                ^ ~
[build] C:\Users\pperv\code\unnamed_rpg\vendor\json\include\nlohmann/json.hpp(3971,5): warning: noexcept specifications are incompatible with C++98 [-Wc++98-compat]
[build]  3971 |     {
[build]       |     ^
[build] C:\Users\pperv\code\unnamed_rpg\vendor\json\include\nlohmann/json.hpp(3969,64): warning: default template arguments for a function template are incompatible with C++98 [-Wc++98-compat]
[build]  3969 |                  std::is_scalar<ScalarType>::value, int>::type = 0>
[build]       |                                                                ^ ~
[build] C:\Users\pperv\code\unnamed_rpg\vendor\json\include\nlohmann/json.hpp(3978,5): warning: noexcept specifications are incompatible with C++98 [-Wc++98-compat]
[build]  3978 |     {
[build]       |     ^
[build] C:\Users\pperv\code\unnamed_rpg\vendor\json\include\nlohmann/json.hpp(3992,5): warning: noexcept specifications are incompatible with C++98 [-Wc++98-compat]
[build]  3992 |     {
[build]       |     ^
[build] C:\Users\pperv\code\unnamed_rpg\vendor\json\include\nlohmann/json.hpp(3990,64): warning: default template arguments for a function template are incompatible with C++98 [-Wc++98-compat]
[build]  3990 |                  std::is_scalar<ScalarType>::value, int>::type = 0>
[build]       |                                                                ^ ~
[build] C:\Users\pperv\code\unnamed_rpg\vendor\json\include\nlohmann/json.hpp(4001,5): warning: noexcept specifications are incompatible with C++98 [-Wc++98-compat]
[build]  4001 |     {
[build]       |     ^
[build] C:\Users\pperv\code\unnamed_rpg\vendor\json\include\nlohmann/json.hpp(3999,64): warning: default template arguments for a function template are incompatible with C++98 [-Wc++98-compat]
[build]  3999 |                  std::is_scalar<ScalarType>::value, int>::type = 0>
[build]       |                                                                ^ ~
[build] C:\Users\pperv\code\unnamed_rpg\vendor\json\include\nlohmann/json.hpp(4008,5): warning: noexcept specifications are incompatible with C++98 [-Wc++98-compat]
[build]  4008 |     {
[build]       |     ^
[build] C:\Users\pperv\code\unnamed_rpg\vendor\json\include\nlohmann/json.hpp(4021,5): warning: noexcept specifications are incompatible with C++98 [-Wc++98-compat]
[build]  4021 |     {
[build]       |     ^
[build] C:\Users\pperv\code\unnamed_rpg\vendor\json\include\nlohmann/json.hpp(4019,64): warning: default template arguments for a function template are incompatible with C++98 [-Wc++98-compat]
[build]  4019 |                  std::is_scalar<ScalarType>::value, int>::type = 0>
[build]       |                                                                ^ ~
[build] C:\Users\pperv\code\unnamed_rpg\vendor\json\include\nlohmann/json.hpp(4030,5): warning: noexcept specifications are incompatible with C++98 [-Wc++98-compat]
[build]  4030 |     {
[build]       |     ^
[build] C:\Users\pperv\code\unnamed_rpg\vendor\json\include\nlohmann/json.hpp(4028,64): warning: default template arguments for a function template are incompatible with C++98 [-Wc++98-compat]
[build]  4028 |                  std::is_scalar<ScalarType>::value, int>::type = 0>
[build]       |                                                                ^ ~
[build] C:\Users\pperv\code\unnamed_rpg\vendor\json\include\nlohmann/json.hpp(4088,38): warning: rvalue references are incompatible with C++98 [-Wc++98-compat]
[build]  4088 |     static basic_json parse(InputType&& i,
[build]       |                                      ^
[build] C:\Users\pperv\code\unnamed_rpg\vendor\json\include\nlohmann/json.hpp(4101,46): warning: default template arguments for a function template are incompatible with C++98 [-Wc++98-compat]
[build]  4101 |     template<typename IteratorType, typename SentinelType = IteratorType,
[build]       |                                              ^              ~~~~~~~~~~~~
[build] C:\Users\pperv\code\unnamed_rpg\vendor\json\include\nlohmann/json.hpp(4102,98): warning: default template arguments for a function template are incompatible with C++98 [-Wc++98-compat]
[build]  4102 |              detail::enable_if_t<detail::can_compare_ne<IteratorType, SentinelType>::value, int> = 0>
[build]       |                                                                                                  ^ ~
[build] C:\Users\pperv\code\unnamed_rpg\vendor\json\include\nlohmann/json.hpp(4118,55): warning: rvalue references are incompatible with C++98 [-Wc++98-compat]
[build]  4118 |     static basic_json parse(detail::span_input_adapter&& i,
[build]       |                                                       ^
[build] C:\Users\pperv\code\unnamed_rpg\vendor\json\include\nlohmann/json.hpp(4132,33): warning: rvalue references are incompatible with C++98 [-Wc++98-compat]
[build]  4132 |     static bool accept(InputType&& i,
[build]       |                                 ^
[build] C:\Users\pperv\code\unnamed_rpg\vendor\json\include\nlohmann/json.hpp(4141,46): warning: default template arguments for a function template are incompatible with C++98 [-Wc++98-compat]
[build]  4141 |     template<typename IteratorType, typename SentinelType = IteratorType,
[build]       |                                              ^              ~~~~~~~~~~~~
[build] C:\Users\pperv\code\unnamed_rpg\vendor\json\include\nlohmann/json.hpp(4142,98): warning: default template arguments for a function template are incompatible with C++98 [-Wc++98-compat]
[build]  4142 |              detail::enable_if_t<detail::can_compare_ne<IteratorType, SentinelType>::value, int> = 0>
[build]       |                                                                                                  ^ ~
[build] C:\Users\pperv\code\unnamed_rpg\vendor\json\include\nlohmann/json.hpp(4152,50): warning: rvalue references are incompatible with C++98 [-Wc++98-compat]
[build]  4152 |     static bool accept(detail::span_input_adapter&& i,
[build]       |                                                  ^
[build] C:\Users\pperv\code\unnamed_rpg\vendor\json\include\nlohmann/json.hpp(4163,36): warning: rvalue references are incompatible with C++98 [-Wc++98-compat]
[build]  4163 |     static bool sax_parse(InputType&& i, SAX* sax,
[build]       |                                    ^
[build] C:\Users\pperv\code\unnamed_rpg\vendor\json\include\nlohmann/json.hpp(4177,51): warning: default template arguments for a function template are incompatible with C++98 [-Wc++98-compat]
[build]  4177 |     template<class IteratorType, class SAX, class SentinelType = IteratorType,
[build]       |                                                   ^              ~~~~~~~~~~~~
[build] C:\Users\pperv\code\unnamed_rpg\vendor\json\include\nlohmann/json.hpp(4178,98): warning: default template arguments for a function template are incompatible with C++98 [-Wc++98-compat]
[build]  4178 |              detail::enable_if_t<detail::can_compare_ne<IteratorType, SentinelType>::value, int> = 0>
[build]       |                                                                                                  ^ ~
[build] C:\Users\pperv\code\unnamed_rpg\vendor\json\include\nlohmann/json.hpp(4200,53): warning: rvalue references are incompatible with C++98 [-Wc++98-compat]
[build]  4200 |     static bool sax_parse(detail::span_input_adapter&& i, SAX* sax,
[build]       |                                                     ^
[build] C:\Users\pperv\code\unnamed_rpg\vendor\json\include\nlohmann/json.hpp(4244,5): warning: noexcept specifications are incompatible with C++98 [-Wc++98-compat]
[build]  4244 |     {
[build]       |     ^
[build] C:\Users\pperv\code\unnamed_rpg\vendor\json\include\nlohmann/json.hpp(4278,24): warning: default member initializer for non-static data members is incompatible with C++98 [-Wc++98-compat]
[build]  4278 |         value_t m_type = value_t::null;
[build]       |                        ^
[build] C:\Users\pperv\code\unnamed_rpg\vendor\json\include\nlohmann/json.hpp(4281,28): warning: default member initializer for non-static data members is incompatible with C++98 [-Wc++98-compat]
[build]  4281 |         json_value m_value = {};
[build]       |                            ^
[build] C:\Users\pperv\code\unnamed_rpg\vendor\json\include\nlohmann/json.hpp(4294,25): warning: noexcept specifications are incompatible with C++98 [-Wc++98-compat]
[build]  4294 |         data() noexcept = default;
[build]       |                         ^
[build] C:\Users\pperv\code\unnamed_rpg\vendor\json\include\nlohmann/json.hpp(4294,27): warning: defaulted function definitions are incompatible with C++98 [-Wc++98-compat]
[build]  4294 |         data() noexcept = default;
[build]       |                           ^
[build] C:\Users\pperv\code\unnamed_rpg\vendor\json\include\nlohmann/json.hpp(4295,18): warning: rvalue references are incompatible with C++98 [-Wc++98-compat]
[build]  4295 |         data(data&&) noexcept = default;
[build]       |                  ^
[build] C:\Users\pperv\code\unnamed_rpg\vendor\json\include\nlohmann/json.hpp(4295,31): warning: noexcept specifications are incompatible with C++98 [-Wc++98-compat]
[build]  4295 |         data(data&&) noexcept = default;
[build]       |                               ^
[build] C:\Users\pperv\code\unnamed_rpg\vendor\json\include\nlohmann/json.hpp(4295,33): warning: defaulted function definitions are incompatible with C++98 [-Wc++98-compat]
[build]  4295 |         data(data&&) noexcept = default;
[build]       |                                 ^
[build] C:\Users\pperv\code\unnamed_rpg\vendor\json\include\nlohmann/json.hpp(4296,36): warning: noexcept specifications are incompatible with C++98 [-Wc++98-compat]
[build]  4296 |         data(const data&) noexcept = delete;
[build]       |                                    ^
[build] C:\Users\pperv\code\unnamed_rpg\vendor\json\include\nlohmann/json.hpp(4296,38): warning: deleted function definitions are incompatible with C++98 [-Wc++98-compat]
[build]  4296 |         data(const data&) noexcept = delete;
[build]       |                                      ^
[build] C:\Users\pperv\code\unnamed_rpg\vendor\json\include\nlohmann/json.hpp(4297,29): warning: rvalue references are incompatible with C++98 [-Wc++98-compat]
[build]  4297 |         data& operator=(data&&) noexcept = delete;
[build]       |                             ^
[build] C:\Users\pperv\code\unnamed_rpg\vendor\json\include\nlohmann/json.hpp(4297,42): warning: noexcept specifications are incompatible with C++98 [-Wc++98-compat]
[build]  4297 |         data& operator=(data&&) noexcept = delete;
[build]       |                                          ^
[build] C:\Users\pperv\code\unnamed_rpg\vendor\json\include\nlohmann/json.hpp(4297,44): warning: deleted function definitions are incompatible with C++98 [-Wc++98-compat]
[build]  4297 |         data& operator=(data&&) noexcept = delete;
[build]       |                                            ^
[build] C:\Users\pperv\code\unnamed_rpg\vendor\json\include\nlohmann/json.hpp(4298,47): warning: noexcept specifications are incompatible with C++98 [-Wc++98-compat]
[build]  4298 |         data& operator=(const data&) noexcept = delete;
[build]       |                                               ^
[build] C:\Users\pperv\code\unnamed_rpg\vendor\json\include\nlohmann/json.hpp(4298,49): warning: deleted function definitions are incompatible with C++98 [-Wc++98-compat]
[build]  4298 |         data& operator=(const data&) noexcept = delete;
[build]       |                                                 ^
[build] C:\Users\pperv\code\unnamed_rpg\vendor\json\include\nlohmann/json.hpp(4301,9): warning: noexcept specifications are incompatible with C++98 [-Wc++98-compat]
[build]  4301 |         {
[build]       |         ^
[build] C:\Users\pperv\code\unnamed_rpg\vendor\json\include\nlohmann/json.hpp(4306,17): warning: default member initializer for non-static data members is incompatible with C++98 [-Wc++98-compat]
[build]  4306 |     data m_data = {}; // NOLINT(readability-redundant-member-init)
[build]       |                 ^
[build] C:\Users\pperv\code\unnamed_rpg\vendor\json\include\nlohmann/json.hpp(4468,42): warning: rvalue references are incompatible with C++98 [-Wc++98-compat]
[build]  4468 |     static basic_json from_cbor(InputType&& i,
[build]       |                                          ^
[build] C:\Users\pperv\code\unnamed_rpg\vendor\json\include\nlohmann/json.hpp(4482,46): warning: default template arguments for a function template are incompatible with C++98 [-Wc++98-compat]
[build]  4482 |     template<typename IteratorType, typename SentinelType = IteratorType,
[build]       |                                              ^              ~~~~~~~~~~~~
[build] C:\Users\pperv\code\unnamed_rpg\vendor\json\include\nlohmann/json.hpp(4483,98): warning: default template arguments for a function template are incompatible with C++98 [-Wc++98-compat]
[build]  4483 |              detail::enable_if_t<detail::can_compare_ne<IteratorType, SentinelType>::value, int> = 0>
[build]       |                                                                                                  ^ ~
[build] C:\Users\pperv\code\unnamed_rpg\vendor\json\include\nlohmann/json.hpp(4510,59): warning: rvalue references are incompatible with C++98 [-Wc++98-compat]
[build]  4510 |     static basic_json from_cbor(detail::span_input_adapter&& i,
[build]       |                                                           ^
[build] C:\Users\pperv\code\unnamed_rpg\vendor\json\include\nlohmann/json.hpp(4527,45): warning: rvalue references are incompatible with C++98 [-Wc++98-compat]
[build]  4527 |     static basic_json from_msgpack(InputType&& i,
[build]       |                                             ^
[build] C:\Users\pperv\code\unnamed_rpg\vendor\json\include\nlohmann/json.hpp(4540,46): warning: default template arguments for a function template are incompatible with C++98 [-Wc++98-compat]
[build]  4540 |     template<typename IteratorType, typename SentinelType = IteratorType,
[build]       |                                              ^              ~~~~~~~~~~~~
[build] C:\Users\pperv\code\unnamed_rpg\vendor\json\include\nlohmann/json.hpp(4541,98): warning: default template arguments for a function template are incompatible with C++98 [-Wc++98-compat]
[build]  4541 |              detail::enable_if_t<detail::can_compare_ne<IteratorType, SentinelType>::value, int> = 0>
[build]       |                                                                                                  ^ ~
[build] C:\Users\pperv\code\unnamed_rpg\vendor\json\include\nlohmann/json.hpp(4566,62): warning: rvalue references are incompatible with C++98 [-Wc++98-compat]
[build]  4566 |     static basic_json from_msgpack(detail::span_input_adapter&& i,
[build]       |                                                              ^
[build] C:\Users\pperv\code\unnamed_rpg\vendor\json\include\nlohmann/json.hpp(4582,44): warning: rvalue references are incompatible with C++98 [-Wc++98-compat]
[build]  4582 |     static basic_json from_ubjson(InputType&& i,
[build]       |                                            ^
[build] C:\Users\pperv\code\unnamed_rpg\vendor\json\include\nlohmann/json.hpp(4595,46): warning: default template arguments for a function template are incompatible with C++98 [-Wc++98-compat]
[build]  4595 |     template<typename IteratorType, typename SentinelType = IteratorType,
[build]       |                                              ^              ~~~~~~~~~~~~
[build] C:\Users\pperv\code\unnamed_rpg\vendor\json\include\nlohmann/json.hpp(4596,98): warning: default template arguments for a function template are incompatible with C++98 [-Wc++98-compat]
[build]  4596 |              detail::enable_if_t<detail::can_compare_ne<IteratorType, SentinelType>::value, int> = 0>
[build]       |                                                                                                  ^ ~
[build] C:\Users\pperv\code\unnamed_rpg\vendor\json\include\nlohmann/json.hpp(4621,61): warning: rvalue references are incompatible with C++98 [-Wc++98-compat]
[build]  4621 |     static basic_json from_ubjson(detail::span_input_adapter&& i,
[build]       |                                                             ^
[build] C:\Users\pperv\code\unnamed_rpg\vendor\json\include\nlohmann/json.hpp(4637,44): warning: rvalue references are incompatible with C++98 [-Wc++98-compat]
[build]  4637 |     static basic_json from_bjdata(InputType&& i,
[build]       |                                            ^
[build] C:\Users\pperv\code\unnamed_rpg\vendor\json\include\nlohmann/json.hpp(4650,46): warning: default template arguments for a function template are incompatible with C++98 [-Wc++98-compat]
[build]  4650 |     template<typename IteratorType, typename SentinelType = IteratorType,
[build]       |                                              ^              ~~~~~~~~~~~~
[build] C:\Users\pperv\code\unnamed_rpg\vendor\json\include\nlohmann/json.hpp(4651,98): warning: default template arguments for a function template are incompatible with C++98 [-Wc++98-compat]
[build]  4651 |              detail::enable_if_t<detail::can_compare_ne<IteratorType, SentinelType>::value, int> = 0>
[build]       |                                                                                                  ^ ~
[build] C:\Users\pperv\code\unnamed_rpg\vendor\json\include\nlohmann/json.hpp(4668,42): warning: rvalue references are incompatible with C++98 [-Wc++98-compat]
[build]  4668 |     static basic_json from_bson(InputType&& i,
[build]       |                                          ^
[build] C:\Users\pperv\code\unnamed_rpg\vendor\json\include\nlohmann/json.hpp(4681,46): warning: default template arguments for a function template are incompatible with C++98 [-Wc++98-compat]
[build]  4681 |     template<typename IteratorType, typename SentinelType = IteratorType,
[build]       |                                              ^              ~~~~~~~~~~~~
[build] C:\Users\pperv\code\unnamed_rpg\vendor\json\include\nlohmann/json.hpp(4682,98): warning: default template arguments for a function template are incompatible with C++98 [-Wc++98-compat]
[build]  4682 |              detail::enable_if_t<detail::can_compare_ne<IteratorType, SentinelType>::value, int> = 0>
[build]       |                                                                                                  ^ ~
[build] C:\Users\pperv\code\unnamed_rpg\vendor\json\include\nlohmann/json.hpp(4707,59): warning: rvalue references are incompatible with C++98 [-Wc++98-compat]
[build]  4707 |     static basic_json from_bson(detail::span_input_adapter&& i,
[build]       |                                                           ^
[build] C:\Users\pperv\code\unnamed_rpg\vendor\json\include\nlohmann/json.hpp(4734,108): warning: default template arguments for a function template are incompatible with C++98 [-Wc++98-compat]
[build]  4734 |     template<typename BasicJsonType, detail::enable_if_t<detail::is_basic_json<BasicJsonType>::value, int> = 0>
[build]       |                                                                                                            ^ ~
[build] C:\Users\pperv\code\unnamed_rpg\vendor\json\include\nlohmann/json.hpp(4748,108): warning: default template arguments for a function template are incompatible with C++98 [-Wc++98-compat]
[build]  4748 |     template<typename BasicJsonType, detail::enable_if_t<detail::is_basic_json<BasicJsonType>::value, int> = 0>
[build]       |                                                                                                            ^ ~
[build] C:\Users\pperv\code\unnamed_rpg\vendor\json\include\nlohmann/json.hpp(4762,108): warning: default template arguments for a function template are incompatible with C++98 [-Wc++98-compat]
[build]  4762 |     template<typename BasicJsonType, detail::enable_if_t<detail::is_basic_json<BasicJsonType>::value, int> = 0>
[build]       |                                                                                                            ^ ~
[build] C:\Users\pperv\code\unnamed_rpg\vendor\json\include\nlohmann/json.hpp(4776,108): warning: default template arguments for a function template are incompatible with C++98 [-Wc++98-compat]
[build]  4776 |     template<typename BasicJsonType, detail::enable_if_t<detail::is_basic_json<BasicJsonType>::value, int> = 0>
[build]       |                                                                                                            ^ ~
[build] C:\Users\pperv\code\unnamed_rpg\vendor\json\include\nlohmann/json.hpp(164,51): warning: 'nullptr' is incompatible with C++98 [-Wc++98-compat]
[build]   164 |         detail::parser_callback_t<basic_json>cb = nullptr,
[build]       |                                                   ^
[build] C:\Users\pperv\code\unnamed_rpg\vendor\json\include\nlohmann/json.hpp(856,33): warning: 'nullptr' is incompatible with C++98 [-Wc++98-compat]
[build]   856 |     basic_json(std::nullptr_t = nullptr) noexcept // NOLINT(bugprone-exception-escape)
[build]       |                                 ^
[build] C:\Users\pperv\code\unnamed_rpg\vendor\json\include\nlohmann/json.hpp(868,39): warning: noexcept specifications are incompatible with C++98 [-Wc++98-compat]
[build]   868 |     basic_json(CompatibleType && val) noexcept(noexcept( // NOLINT(bugprone-forwarding-reference-overload,bugprone-exception-escape)
[build]       |                                       ^
[build] C:\Users\pperv\code\unnamed_rpg\vendor\json\include\nlohmann/json.hpp(868,48): warning: noexcept expressions are incompatible with C++98 [-Wc++98-compat]
[build]   868 |     basic_json(CompatibleType && val) noexcept(noexcept( // NOLINT(bugprone-forwarding-reference-overload,bugprone-exception-escape)
[build]       |                                                ^
[build] C:\Users\pperv\code\unnamed_rpg\vendor\json\include\nlohmann/json.hpp(1052,55): warning: generalized initializer lists are incompatible with C++98 [-Wc++98-compat]
[build]  1052 |     static basic_json array(initializer_list_t init = {})
[build]       |                                                       ^
[build] C:\Users\pperv\code\unnamed_rpg\vendor\json\include\nlohmann/json.hpp(1060,56): warning: generalized initializer lists are incompatible with C++98 [-Wc++98-compat]
[build]  1060 |     static basic_json object(initializer_list_t init = {})
[build]       |                                                        ^
[build] C:\Users\pperv\code\unnamed_rpg\vendor\json\include\nlohmann/json.hpp(1291,45): warning: noexcept specifications are incompatible with C++98 [-Wc++98-compat]
[build]  1291 |     basic_json& operator=(basic_json other) noexcept ( // NOLINT(cppcoreguidelines-c-copy-assignment-signature,misc-unconventional-assign-operator)
[build]       |                                             ^
[build] C:\Users\pperv\code\unnamed_rpg\vendor\json\include\nlohmann/json.hpp(1672,66): warning: noexcept specifications are incompatible with C++98 [-Wc++98-compat]
[build]  1672 |     ValueType get_impl(detail::priority_tag<0> /*unused*/) const noexcept(noexcept(
[build]       |                                                                  ^
[build] C:\Users\pperv\code\unnamed_rpg\vendor\json\include\nlohmann/json.hpp(1672,75): warning: noexcept expressions are incompatible with C++98 [-Wc++98-compat]
[build]  1672 |     ValueType get_impl(detail::priority_tag<0> /*unused*/) const noexcept(noexcept(
[build]       |                                                                           ^
[build] C:\Users\pperv\code\unnamed_rpg\vendor\json\include\nlohmann/json.hpp(1714,66): warning: noexcept specifications are incompatible with C++98 [-Wc++98-compat]
[build]  1714 |     ValueType get_impl(detail::priority_tag<1> /*unused*/) const noexcept(noexcept(
[build]       |                                                                  ^
[build] C:\Users\pperv\code\unnamed_rpg\vendor\json\include\nlohmann/json.hpp(1714,75): warning: noexcept expressions are incompatible with C++98 [-Wc++98-compat]
[build]  1714 |     ValueType get_impl(detail::priority_tag<1> /*unused*/) const noexcept(noexcept(
[build]       |                                                                           ^
[build] C:\Users\pperv\code\unnamed_rpg\vendor\json\include\nlohmann/json.hpp(1810,22): warning: noexcept specifications are incompatible with C++98 [-Wc++98-compat]
[build]  1810 |     auto get() const noexcept(
[build]       |                      ^
[build] C:\Users\pperv\code\unnamed_rpg\vendor\json\include\nlohmann/json.hpp(1811,5): warning: noexcept expressions are incompatible with C++98 [-Wc++98-compat]
[build]  1811 |     noexcept(std::declval<const basic_json_t&>().template get_impl<ValueType>(detail::priority_tag<4> {})))
[build]       |     ^
[build] C:\Users\pperv\code\unnamed_rpg\vendor\json\include\nlohmann/json.hpp(1811,103): warning: generalized initializer lists are incompatible with C++98 [-Wc++98-compat]
[build]  1811 |     noexcept(std::declval<const basic_json_t&>().template get_impl<ValueType>(detail::priority_tag<4> {})))
[build]       |                                                                                                       ^
[build] C:\Users\pperv\code\unnamed_rpg\vendor\json\include\nlohmann/json.hpp(1811,103): warning: constructor call from initializer list is incompatible with C++98 [-Wc++98-compat]
[build]  1811 |     noexcept(std::declval<const basic_json_t&>().template get_impl<ValueType>(detail::priority_tag<4> {})))
[build]       |                                                                                                       ^~
[build] C:\Users\pperv\code\unnamed_rpg\vendor\json\include\nlohmann/json.hpp(1864,44): warning: noexcept specifications are incompatible with C++98 [-Wc++98-compat]
[build]  1864 |     ValueType & get_to(ValueType& v) const noexcept(noexcept(
[build]       |                                            ^
[build] C:\Users\pperv\code\unnamed_rpg\vendor\json\include\nlohmann/json.hpp(1864,53): warning: noexcept expressions are incompatible with C++98 [-Wc++98-compat]
[build]  1864 |     ValueType & get_to(ValueType& v) const noexcept(noexcept(
[build]       |                                                     ^
[build] C:\Users\pperv\code\unnamed_rpg\vendor\json\include\nlohmann/json.hpp(1889,5): warning: noexcept specifications are incompatible with C++98 [-Wc++98-compat]
[build]  1889 |     noexcept(noexcept(JSONSerializer<Array>::from_json(
[build]       |     ^
[build] C:\Users\pperv\code\unnamed_rpg\vendor\json\include\nlohmann/json.hpp(1889,14): warning: noexcept expressions are incompatible with C++98 [-Wc++98-compat]
[build]  1889 |     noexcept(noexcept(JSONSerializer<Array>::from_json(
[build]       |              ^
[build] C:\Users\pperv\code\unnamed_rpg\vendor\json\include\nlohmann/json.hpp(3540,32): warning: noexcept specifications are incompatible with C++98 [-Wc++98-compat]
[build]  3540 |     void swap(reference other) noexcept (
[build]       |                                ^
[build] C:\Users\pperv\code\unnamed_rpg\vendor\json\include\nlohmann/json.hpp(3557,55): warning: noexcept specifications are incompatible with C++98 [-Wc++98-compat]
[build]  3557 |     friend void swap(reference left, reference right) noexcept (
[build]       |                                                       ^
[build] C:\Users\pperv\code\unnamed_rpg\vendor\json\include\nlohmann/json.hpp(4089,52): warning: 'nullptr' is incompatible with C++98 [-Wc++98-compat]
[build]  4089 |                             parser_callback_t cb = nullptr,
[build]       |                                                    ^
[build] C:\Users\pperv\code\unnamed_rpg\vendor\json\include\nlohmann/json.hpp(4106,52): warning: 'nullptr' is incompatible with C++98 [-Wc++98-compat]
[build]  4106 |                             parser_callback_t cb = nullptr,
[build]       |                                                    ^
[build] C:\Users\pperv\code\unnamed_rpg\vendor\json\include\nlohmann/json.hpp(4119,52): warning: 'nullptr' is incompatible with C++98 [-Wc++98-compat]
[build]  4119 |                             parser_callback_t cb = nullptr,
[build]       |                                                    ^
[build] C:\Users\pperv\code\unnamed_rpg\vendor\json\include\nlohmann/json.hpp(1490,54): warning: 'nullptr' is incompatible with C++98 [-Wc++98-compat]
[build]  1490 |         return is_object() ? m_data.m_value.object : nullptr;
[build]       |                                                      ^
[build] C:\Users\pperv\code\unnamed_rpg\vendor\json\include\nlohmann/json.hpp(1502,52): warning: 'nullptr' is incompatible with C++98 [-Wc++98-compat]
[build]  1502 |         return is_array() ? m_data.m_value.array : nullptr;
[build]       |                                                    ^
[build] C:\Users\pperv\code\unnamed_rpg\vendor\json\include\nlohmann/json.hpp(1514,54): warning: 'nullptr' is incompatible with C++98 [-Wc++98-compat]
[build]  1514 |         return is_string() ? m_data.m_value.string : nullptr;
[build]       |                                                      ^
[build] C:\Users\pperv\code\unnamed_rpg\vendor\json\include\nlohmann/json.hpp(1526,57): warning: 'nullptr' is incompatible with C++98 [-Wc++98-compat]
[build]  1526 |         return is_boolean() ? &m_data.m_value.boolean : nullptr;
[build]       |                                                         ^
[build] C:\Users\pperv\code\unnamed_rpg\vendor\json\include\nlohmann/json.hpp(1538,92): warning: 'nullptr' is incompatible with C++98 [-Wc++98-compat]
[build]  1538 |         return m_data.m_type == value_t::number_integer ? &m_data.m_value.number_integer : nullptr;
[build]       |                                                                                            ^
[build] C:\Users\pperv\code\unnamed_rpg\vendor\json\include\nlohmann/json.hpp(1550,73): warning: 'nullptr' is incompatible with C++98 [-Wc++98-compat]
[build]  1550 |         return is_number_unsigned() ? &m_data.m_value.number_unsigned : nullptr;
[build]       |                                                                         ^
[build] C:\Users\pperv\code\unnamed_rpg\vendor\json\include\nlohmann/json.hpp(1562,67): warning: 'nullptr' is incompatible with C++98 [-Wc++98-compat]
[build]  1562 |         return is_number_float() ? &m_data.m_value.number_float : nullptr;
[build]       |                                                                   ^
[build] C:\Users\pperv\code\unnamed_rpg\vendor\json\include\nlohmann/json.hpp(1574,54): warning: 'nullptr' is incompatible with C++98 [-Wc++98-compat]
[build]  1574 |         return is_binary() ? m_data.m_value.binary : nullptr;
[build]       |                                                      ^
[build] C:\Users\pperv\code\unnamed_rpg\vendor\json\include\nlohmann/json.hpp(1625,54): warning: 'nullptr' is incompatible with C++98 [-Wc++98-compat]
[build]  1625 |         return get_impl_ptr(static_cast<PointerType>(nullptr));
[build]       |                                                      ^
[build] C:\Users\pperv\code\unnamed_rpg\vendor\json\include\nlohmann/json.hpp(1817,9): warning: 'static_assert' declarations are incompatible with C++98 [-Wc++98-compat]
[build]  1817 |         static_assert(!std::is_reference<ValueTypeCV>::value,
[build]       |         ^
[build] C:\Users\pperv\code\unnamed_rpg\vendor\json\include\nlohmann/json.hpp(1819,60): warning: generalized initializer lists are incompatible with C++98 [-Wc++98-compat]
[build]  1819 |         return get_impl<ValueType>(detail::priority_tag<4> {});
[build]       |                                                            ^
[build] C:\Users\pperv\code\unnamed_rpg\vendor\json\include\nlohmann/json.hpp(1819,60): warning: constructor call from initializer list is incompatible with C++98 [-Wc++98-compat]
[build]  1819 |         return get_impl<ValueType>(detail::priority_tag<4> {});
[build]       |                                                            ^~
[build] C:\Users\pperv\code\unnamed_rpg\vendor\json\include\nlohmann/json.hpp(5265,1): warning: variadic templates are incompatible with C++98 [-Wc++98-compat]
[build]  5265 | NLOHMANN_BASIC_JSON_TPL_DECLARATION
[build]       | ^
[build] C:\Users\pperv\code\unnamed_rpg\vendor\json\include\nlohmann/detail/macro_scope.hpp(337,51): note: expanded from macro 'NLOHMANN_BASIC_JSON_TPL_DECLARATION'
[build]   337 |     template<template<typename, typename, typename...> class ObjectType,   \
[build]       |                                                   ^
[build] In file included from C:\Users\pperv\code\unnamed_rpg\vendor\json-schema-validator\src\string-format-check.cpp:1:
[build] In file included from C:\Users\pperv\code\unnamed_rpg\vendor\json-schema-validator\src\nlohmann/json-schema.hpp:24:
[build] C:\Users\pperv\code\unnamed_rpg\vendor\json\include\nlohmann/json.hpp(5265,1): warning: variadic templates are incompatible with C++98 [-Wc++98-compat]
[build] C:\Users\pperv\code\unnamed_rpg\vendor\json\include\nlohmann/detail/macro_scope.hpp(338,41): note: expanded from macro 'NLOHMANN_BASIC_JSON_TPL_DECLARATION'
[build]   338 |              template<typename, typename...> class ArrayType,              \
[build]       |                                         ^
[build] In file included from C:\Users\pperv\code\unnamed_rpg\vendor\json-schema-validator\src\string-format-check.cpp:1:
[build] In file included from C:\Users\pperv\code\unnamed_rpg\vendor\json-schema-validator\src\nlohmann/json-schema.hpp:24:
[build] C:\Users\pperv\code\unnamed_rpg\vendor\json\include\nlohmann/json.hpp(5273,1): warning: variadic templates are incompatible with C++98 [-Wc++98-compat]
[build]  5273 | NLOHMANN_BASIC_JSON_TPL_DECLARATION
[build]       | ^
[build] C:\Users\pperv\code\unnamed_rpg\vendor\json\include\nlohmann/detail/macro_scope.hpp(337,51): note: expanded from macro 'NLOHMANN_BASIC_JSON_TPL_DECLARATION'
[build]   337 |     template<template<typename, typename, typename...> class ObjectType,   \
[build]       |                                                   ^
[build] In file included from C:\Users\pperv\code\unnamed_rpg\vendor\json-schema-validator\src\string-format-check.cpp:1:
[build] In file included from C:\Users\pperv\code\unnamed_rpg\vendor\json-schema-validator\src\nlohmann/json-schema.hpp:24:
[build] C:\Users\pperv\code\unnamed_rpg\vendor\json\include\nlohmann/json.hpp(5273,1): warning: variadic templates are incompatible with C++98 [-Wc++98-compat]
[build] C:\Users\pperv\code\unnamed_rpg\vendor\json\include\nlohmann/detail/macro_scope.hpp(338,41): note: expanded from macro 'NLOHMANN_BASIC_JSON_TPL_DECLARATION'
[build]   338 |              template<typename, typename...> class ArrayType,              \
[build]       |                                         ^
[build] In file included from C:\Users\pperv\code\unnamed_rpg\vendor\json-schema-validator\src\string-format-check.cpp:1:
[build] In file included from C:\Users\pperv\code\unnamed_rpg\vendor\json-schema-validator\src\nlohmann/json-schema.hpp:24:
[build] C:\Users\pperv\code\unnamed_rpg\vendor\json\include\nlohmann/json.hpp(5279,1): warning: inline namespaces are incompatible with C++98 [-Wc++98-compat]
[build]  5279 | inline namespace literals
[build]       | ^
[build] C:\Users\pperv\code\unnamed_rpg\vendor\json\include\nlohmann/json.hpp(5281,1): warning: inline namespaces are incompatible with C++98 [-Wc++98-compat]
[build]  5281 | inline namespace json_literals
[build]       | ^
[build] C:\Users\pperv\code\unnamed_rpg\vendor\json\include\nlohmann/json.hpp(5288,35): warning: literal operators are incompatible with C++98 [-Wc++98-compat]
[build]  5288 |     inline nlohmann::json operator""_json(const char* s, std::size_t n)
[build]       |                                   ^
[build] C:\Users\pperv\code\unnamed_rpg\vendor\json\include\nlohmann/json.hpp(4281,20): warning: padding struct 'nlohmann::basic_json<>::data' with 7 bytes to align 'm_value' [-Wpadded]
[build]  4281 |         json_value m_value = {};
[build]       |                    ^
[build] C:\Users\pperv\code\unnamed_rpg\vendor\json\include\nlohmann/json.hpp(5310,49): warning: literal operators are incompatible with C++98 [-Wc++98-compat]
[build]  5310 |     inline nlohmann::json::json_pointer operator""_json_pointer(const char* s, std::size_t n)
[build]       |                                                 ^
[build] C:\Users\pperv\code\unnamed_rpg\vendor\json\include\nlohmann/json.hpp(5339,1): warning: variadic templates are incompatible with C++98 [-Wc++98-compat]
[build]  5339 | NLOHMANN_BASIC_JSON_TPL_DECLARATION
[build]       | ^
[build] C:\Users\pperv\code\unnamed_rpg\vendor\json\include\nlohmann/detail/macro_scope.hpp(337,51): note: expanded from macro 'NLOHMANN_BASIC_JSON_TPL_DECLARATION'
[build]   337 |     template<template<typename, typename, typename...> class ObjectType,   \
[build]       |                                                   ^
[build] In file included from C:\Users\pperv\code\unnamed_rpg\vendor\json-schema-validator\src\string-format-check.cpp:1:
[build] In file included from C:\Users\pperv\code\unnamed_rpg\vendor\json-schema-validator\src\nlohmann/json-schema.hpp:24:
[build] C:\Users\pperv\code\unnamed_rpg\vendor\json\include\nlohmann/json.hpp(5339,1): warning: variadic templates are incompatible with C++98 [-Wc++98-compat]
[build] C:\Users\pperv\code\unnamed_rpg\vendor\json\include\nlohmann/detail/macro_scope.hpp(338,41): note: expanded from macro 'NLOHMANN_BASIC_JSON_TPL_DECLARATION'
[build]   338 |              template<typename, typename...> class ArrayType,              \
[build]       |                                         ^
[build] In file included from C:\Users\pperv\code\unnamed_rpg\vendor\json-schema-validator\src\string-format-check.cpp:1:
[build] In file included from C:\Users\pperv\code\unnamed_rpg\vendor\json-schema-validator\src\nlohmann/json-schema.hpp:24:
[build] C:\Users\pperv\code\unnamed_rpg\vendor\json\include\nlohmann/json.hpp(5358,5): warning: noexcept specifications are incompatible with C++98 [-Wc++98-compat]
[build]  5358 |     {
[build]       |     ^
[build] C:\Users\pperv\code\unnamed_rpg\vendor\json\include\nlohmann/json.hpp(5372,1): warning: variadic templates are incompatible with C++98 [-Wc++98-compat]
[build]  5372 | NLOHMANN_BASIC_JSON_TPL_DECLARATION
[build]       | ^
[build] C:\Users\pperv\code\unnamed_rpg\vendor\json\include\nlohmann/detail/macro_scope.hpp(337,51): note: expanded from macro 'NLOHMANN_BASIC_JSON_TPL_DECLARATION'
[build]   337 |     template<template<typename, typename, typename...> class ObjectType,   \
[build]       |                                                   ^
[build] In file included from C:\Users\pperv\code\unnamed_rpg\vendor\json-schema-validator\src\string-format-check.cpp:1:
[build] In file included from C:\Users\pperv\code\unnamed_rpg\vendor\json-schema-validator\src\nlohmann/json-schema.hpp:24:
[build] C:\Users\pperv\code\unnamed_rpg\vendor\json\include\nlohmann/json.hpp(5372,1): warning: variadic templates are incompatible with C++98 [-Wc++98-compat]
[build] C:\Users\pperv\code\unnamed_rpg\vendor\json\include\nlohmann/detail/macro_scope.hpp(338,41): note: expanded from macro 'NLOHMANN_BASIC_JSON_TPL_DECLARATION'
[build]   338 |              template<typename, typename...> class ArrayType,              \
[build]       |                                         ^
[build] In file included from C:\Users\pperv\code\unnamed_rpg\vendor\json-schema-validator\src\string-format-check.cpp:1:
[build] In file included from C:\Users\pperv\code\unnamed_rpg\vendor\json-schema-validator\src\nlohmann/json-schema.hpp:24:
[build] C:\Users\pperv\code\unnamed_rpg\vendor\json\include\nlohmann/json.hpp(5373,96): warning: noexcept specifications are incompatible with C++98 [-Wc++98-compat]
[build]  5373 | inline void swap(nlohmann::NLOHMANN_BASIC_JSON_TPL& j1, nlohmann::NLOHMANN_BASIC_JSON_TPL& j2) noexcept(  // NOLINT(readability-inconsistent-declaration-parameter-name, cert-dcl58-cpp)
[build]       |                                                                                                ^
[build] C:\Users\pperv\code\unnamed_rpg\vendor\json\include\nlohmann/json.hpp(5464,58): warning: literal operators are incompatible with C++98 [-Wc++98-compat]
[build]  5464 |         using nlohmann::literals::json_literals::operator""_json; // NOLINT(misc-unused-using-decls,google-global-names-in-headers)
[build]       |                                                          ^
[build] C:\Users\pperv\code\unnamed_rpg\vendor\json\include\nlohmann/json.hpp(5465,58): warning: literal operators are incompatible with C++98 [-Wc++98-compat]
[build]  5465 |         using nlohmann::literals::json_literals::operator""_json_pointer; //NOLINT(misc-unused-using-decls,google-global-names-in-headers)
[build]       |                                                          ^
[build] In file included from C:\Users\pperv\code\unnamed_rpg\vendor\json-schema-validator\src\string-format-check.cpp:1:
[build] C:\Users\pperv\code\unnamed_rpg\vendor\json-schema-validator\src\nlohmann/json-schema.hpp(147,13): warning: default member initializer for non-static data members is incompatible with C++98 [-Wc++98-compat]
[build]   147 |         bool error_{false};
[build]       |                    ^
[build] C:\Users\pperv\code\unnamed_rpg\vendor\json-schema-validator\src\nlohmann/json-schema.hpp(150,109): warning: 'override' keyword is incompatible with C++98 [-Wc++98-compat]
[build]   150 |         void error(const json::json_pointer & /*ptr*/, const json & /*instance*/, const std::string & /*message*/) override
[build]       |                                                                                                                    ^
[build] C:\Users\pperv\code\unnamed_rpg\vendor\json-schema-validator\src\nlohmann/json-schema.hpp(174,22): warning: rvalue references are incompatible with C++98 [-Wc++98-compat]
[build]   174 |         json_validator(json &&, schema_loader = nullptr, format_checker = nullptr, content_checker = nullptr);
[build]       |                             ^
[build] C:\Users\pperv\code\unnamed_rpg\vendor\json-schema-validator\src\nlohmann/json-schema.hpp(176,32): warning: rvalue references are incompatible with C++98 [-Wc++98-compat]
[build]   176 |         json_validator(json_validator &&);
[build]       |                                       ^
[build] C:\Users\pperv\code\unnamed_rpg\vendor\json-schema-validator\src\nlohmann/json-schema.hpp(177,43): warning: rvalue references are incompatible with C++98 [-Wc++98-compat]
[build]   177 |         json_validator &operator=(json_validator &&);
[build]       |                                                  ^
[build] C:\Users\pperv\code\unnamed_rpg\vendor\json-schema-validator\src\nlohmann/json-schema.hpp(179,43): warning: deleted function definitions are incompatible with C++98 [-Wc++98-compat]
[build]   179 |         json_validator(json_validator const &) = delete;
[build]       |                                                  ^
[build] C:\Users\pperv\code\unnamed_rpg\vendor\json-schema-validator\src\nlohmann/json-schema.hpp(180,54): warning: deleted function definitions are incompatible with C++98 [-Wc++98-compat]
[build]   180 |         json_validator &operator=(json_validator const &) = delete;
[build]       |                                                             ^
[build] C:\Users\pperv\code\unnamed_rpg\vendor\json-schema-validator\src\nlohmann/json-schema.hpp(186,28): warning: rvalue references are incompatible with C++98 [-Wc++98-compat]
[build]   186 |         void set_root_schema(json &&);
[build]       |                                   ^
[build] C:\Users\pperv\code\unnamed_rpg\vendor\json-schema-validator\src\nlohmann/json-schema.hpp(171,33): warning: 'nullptr' is incompatible with C++98 [-Wc++98-compat]
[build]   171 |         json_validator(schema_loader = nullptr, format_checker = nullptr, content_checker = nullptr);
[build]       |                                        ^
[build] C:\Users\pperv\code\unnamed_rpg\vendor\json-schema-validator\src\nlohmann/json-schema.hpp(171,59): warning: 'nullptr' is incompatible with C++98 [-Wc++98-compat]
[build]   171 |         json_validator(schema_loader = nullptr, format_checker = nullptr, content_checker = nullptr);
[build]       |                                                                  ^
[build] C:\Users\pperv\code\unnamed_rpg\vendor\json-schema-validator\src\nlohmann/json-schema.hpp(171,86): warning: 'nullptr' is incompatible with C++98 [-Wc++98-compat]
[build]   171 |         json_validator(schema_loader = nullptr, format_checker = nullptr, content_checker = nullptr);
[build]       |                                                                                             ^
[build] C:\Users\pperv\code\unnamed_rpg\vendor\json-schema-validator\src\nlohmann/json-schema.hpp(173,47): warning: 'nullptr' is incompatible with C++98 [-Wc++98-compat]
[build]   173 |         json_validator(const json &, schema_loader = nullptr, format_checker = nullptr, content_checker = nullptr);
[build]       |                                                      ^
[build] C:\Users\pperv\code\unnamed_rpg\vendor\json-schema-validator\src\nlohmann/json-schema.hpp(173,73): warning: 'nullptr' is incompatible with C++98 [-Wc++98-compat]
[build]   173 |         json_validator(const json &, schema_loader = nullptr, format_checker = nullptr, content_checker = nullptr);
[build]       |                                                                                ^
[build] C:\Users\pperv\code\unnamed_rpg\vendor\json-schema-validator\src\nlohmann/json-schema.hpp(173,100): warning: 'nullptr' is incompatible with C++98 [-Wc++98-compat]
[build]   173 |         json_validator(const json &, schema_loader = nullptr, format_checker = nullptr, content_checker = nullptr);
[build]       |                                                                                                           ^
[build] C:\Users\pperv\code\unnamed_rpg\vendor\json-schema-validator\src\nlohmann/json-schema.hpp(174,42): warning: 'nullptr' is incompatible with C++98 [-Wc++98-compat]
[build]   174 |         json_validator(json &&, schema_loader = nullptr, format_checker = nullptr, content_checker = nullptr);
[build]       |                                                 ^
[build] C:\Users\pperv\code\unnamed_rpg\vendor\json-schema-validator\src\nlohmann/json-schema.hpp(174,68): warning: 'nullptr' is incompatible with C++98 [-Wc++98-compat]
[build]   174 |         json_validator(json &&, schema_loader = nullptr, format_checker = nullptr, content_checker = nullptr);
[build]       |                                                                           ^
[build] C:\Users\pperv\code\unnamed_rpg\vendor\json-schema-validator\src\nlohmann/json-schema.hpp(174,95): warning: 'nullptr' is incompatible with C++98 [-Wc++98-compat]
[build]   174 |         json_validator(json &&, schema_loader = nullptr, format_checker = nullptr, content_checker = nullptr);
[build]       |                                                                                                      ^
[build] C:\Users\pperv\code\unnamed_rpg\vendor\json-schema-validator\src\string-format-check.cpp(43,47): warning: generalized initializer lists are incompatible with C++98 [-Wc++98-compat]
[build]    43 |         const static REGEX_NAMESPACE::regex dateRegex{R"(^([0-9]{4})\-([0-9]{2})\-([0-9]{2})$)"};
[build]       |                                                      ^
[build] C:\Users\pperv\code\unnamed_rpg\vendor\json-schema-validator\src\string-format-check.cpp(43,48): warning: raw string literals are incompatible with C++98 [-Wc++98-compat]
[build]    43 |         const static REGEX_NAMESPACE::regex dateRegex{R"(^([0-9]{4})\-([0-9]{2})\-([0-9]{2})$)"};
[build]       |                                                       ^
[build] C:\Users\pperv\code\unnamed_rpg\vendor\json-schema-validator\src\string-format-check.cpp(43,47): warning: constructor call from initializer list is incompatible with C++98 [-Wc++98-compat]
[build]    43 |         const static REGEX_NAMESPACE::regex dateRegex{R"(^([0-9]{4})\-([0-9]{2})\-([0-9]{2})$)"};
[build]       |                                                      ^~~~~~~~~~~~~~~~~~~~~~~~~~~~~~~~~~~~~~~~~~~
[build] C:\Users\pperv\code\unnamed_rpg\vendor\json-schema-validator\src\string-format-check.cpp(43,38): warning: declaration requires an exit-time destructor [-Wexit-time-destructors]
[build]    43 |         const static REGEX_NAMESPACE::regex dateRegex{R"(^([0-9]{4})\-([0-9]{2})\-([0-9]{2})$)"};
[build]       |                                             ^
[build] C:\Users\pperv\code\unnamed_rpg\vendor\json-schema-validator\src\string-format-check.cpp(50,8): warning: 'auto' type specifier is incompatible with C++98 [-Wc++98-compat]
[build]    50 |         const auto year = std::stoi(matches[1].str());
[build]       |               ^~~~
[build] C:\Users\pperv\code\unnamed_rpg\vendor\json-schema-validator\src\string-format-check.cpp(51,8): warning: 'auto' type specifier is incompatible with C++98 [-Wc++98-compat]
[build]    51 |         const auto month = std::stoi(matches[2].str());
[build]       |               ^~~~
[build] C:\Users\pperv\code\unnamed_rpg\vendor\json-schema-validator\src\string-format-check.cpp(52,8): warning: 'auto' type specifier is incompatible with C++98 [-Wc++98-compat]
[build]    52 |         const auto mday = std::stoi(matches[3].str());
[build]       |               ^~~~
[build] C:\Users\pperv\code\unnamed_rpg\vendor\json-schema-validator\src\string-format-check.cpp(54,8): warning: 'auto' type specifier is incompatible with C++98 [-Wc++98-compat]
[build]    54 |         const auto isLeapYear = (year % 4 == 0) && ((year % 100 != 0) || (year % 400 == 0));
[build]       |               ^~~~
[build] C:\Users\pperv\code\unnamed_rpg\vendor\json-schema-validator\src\string-format-check.cpp(69,47): warning: generalized initializer lists are incompatible with C++98 [-Wc++98-compat]
[build]    69 |         const static REGEX_NAMESPACE::regex timeRegex{R"(^([0-9]{2})\:([0-9]{2})\:([0-9]{2})(\.[0-9]+)?(?:[Zz]|((?:\+|\-)[0-9]{2})\:([0-9]{2}))$)"};
[build]       |                                                      ^
[build] C:\Users\pperv\code\unnamed_rpg\vendor\json-schema-validator\src\string-format-check.cpp(69,48): warning: raw string literals are incompatible with C++98 [-Wc++98-compat]
[build]    69 |         const static REGEX_NAMESPACE::regex timeRegex{R"(^([0-9]{2})\:([0-9]{2})\:([0-9]{2})(\.[0-9]+)?(?:[Zz]|((?:\+|\-)[0-9]{2})\:([0-9]{2}))$)"};
[build]       |                                                       ^
[build] C:\Users\pperv\code\unnamed_rpg\vendor\json-schema-validator\src\string-format-check.cpp(69,47): warning: constructor call from initializer list is incompatible with C++98 [-Wc++98-compat]
[build]    69 |         const static REGEX_NAMESPACE::regex timeRegex{R"(^([0-9]{2})\:([0-9]{2})\:([0-9]{2})(\.[0-9]+)?(?:[Zz]|((?:\+|\-)[0-9]{2})\:([0-9]{2}))$)"};
[build]       |                                                      ^~~~~~~~~~~~~~~~~~~~~~~~~~~~~~~~~~~~~~~~~~~~~~~~~~~~~~~~~~~~~~~~~~~~~~~~~~~~~~~~~~~~~~~~~~~~~~
[build] C:\Users\pperv\code\unnamed_rpg\vendor\json-schema-validator\src\string-format-check.cpp(69,38): warning: declaration requires an exit-time destructor [-Wexit-time-destructors]
[build]    69 |         const static REGEX_NAMESPACE::regex timeRegex{R"(^([0-9]{2})\:([0-9]{2})\:([0-9]{2})(\.[0-9]+)?(?:[Zz]|((?:\+|\-)[0-9]{2})\:([0-9]{2}))$)"};
[build]       |                                             ^
[build] C:\Users\pperv\code\unnamed_rpg\vendor\json-schema-validator\src\string-format-check.cpp(76,2): warning: 'auto' type specifier is incompatible with C++98 [-Wc++98-compat]
[build]    76 |         auto hour = std::stoi(matches[1].str());
[build]       |         ^~~~
[build] C:\Users\pperv\code\unnamed_rpg\vendor\json-schema-validator\src\string-format-check.cpp(77,2): warning: 'auto' type specifier is incompatible with C++98 [-Wc++98-compat]
[build]    77 |         auto minute = std::stoi(matches[2].str());
[build]       |         ^~~~
[build] C:\Users\pperv\code\unnamed_rpg\vendor\json-schema-validator\src\string-format-check.cpp(78,2): warning: 'auto' type specifier is incompatible with C++98 [-Wc++98-compat]
[build]    78 |         auto second = std::stoi(matches[3].str());
[build]       |         ^~~~
[build] C:\Users\pperv\code\unnamed_rpg\vendor\json-schema-validator\src\string-format-check.cpp(104,2): warning: 'auto' type specifier is incompatible with C++98 [-Wc++98-compat]
[build]   104 |         auto day_minutes = hour * 60 + minute - (offsetHour * 60 + offsetMinute);
[build]       |         ^~~~
[build] C:\Users\pperv\code\unnamed_rpg\vendor\json-schema-validator\src\string-format-check.cpp(144,51): warning: generalized initializer lists are incompatible with C++98 [-Wc++98-compat]
[build]   144 |         const static REGEX_NAMESPACE::regex dateTimeRegex{R"(^([0-9]{4}\-[0-9]{2}\-[0-9]{2})[Tt]([0-9]{2}\:[0-9]{2}\:[0-9]{2}(?:\.[0-9]+)?(?:[Zz]|(?:\+|\-)[0-9]{2}\:[0-9]{2}))$)"};
[build]       |                                                          ^
[build] C:\Users\pperv\code\unnamed_rpg\vendor\json-schema-validator\src\string-format-check.cpp(144,52): warning: raw string literals are incompatible with C++98 [-Wc++98-compat]
[build]   144 |         const static REGEX_NAMESPACE::regex dateTimeRegex{R"(^([0-9]{4}\-[0-9]{2}\-[0-9]{2})[Tt]([0-9]{2}\:[0-9]{2}\:[0-9]{2}(?:\.[0-9]+)?(?:[Zz]|(?:\+|\-)[0-9]{2}\:[0-9]{2}))$)"};
[build]       |                                                           ^
[build] C:\Users\pperv\code\unnamed_rpg\vendor\json-schema-validator\src\string-format-check.cpp(144,51): warning: constructor call from initializer list is incompatible with C++98 [-Wc++98-compat]
[build]   144 |         const static REGEX_NAMESPACE::regex dateTimeRegex{R"(^([0-9]{4}\-[0-9]{2}\-[0-9]{2})[Tt]([0-9]{2}\:[0-9]{2}\:[0-9]{2}(?:\.[0-9]+)?(?:[Zz]|(?:\+|\-)[0-9]{2}\:[0-9]{2}))$)"};
[build]       |                                                          ^~~~~~~~~~~~~~~~~~~~~~~~~~~~~~~~~~~~~~~~~~~~~~~~~~~~~~~~~~~~~~~~~~~~~~~~~~~~~~~~~~~~~~~~~~~~~~~~~~~~~~~~~~~~~~~~~~~~~~~~~~
[build] C:\Users\pperv\code\unnamed_rpg\vendor\json-schema-validator\src\string-format-check.cpp(144,38): warning: declaration requires an exit-time destructor [-Wexit-time-destructors]
[build]   144 |         const static REGEX_NAMESPACE::regex dateTimeRegex{R"(^([0-9]{4}\-[0-9]{2}\-[0-9]{2})[Tt]([0-9]{2}\:[0-9]{2}\:[0-9]{2}(?:\.[0-9]+)?(?:[Zz]|(?:\+|\-)[0-9]{2}\:[0-9]{2}))$)"};
[build]       |                                             ^
[build] C:\Users\pperv\code\unnamed_rpg\vendor\json-schema-validator\src\string-format-check.cpp(155,27): warning: generalized initializer lists are incompatible with C++98 [-Wc++98-compat]
[build]   155 | const std::string decOctet{R"((?:25[0-5]|2[0-4][0-9]|1[0-9][0-9]|[1-9]?[0-9]))"}; // matches numbers 0-255
[build]       |                           ^
[build] C:\Users\pperv\code\unnamed_rpg\vendor\json-schema-validator\src\string-format-check.cpp(155,28): warning: raw string literals are incompatible with C++98 [-Wc++98-compat]
[build]   155 | const std::string decOctet{R"((?:25[0-5]|2[0-4][0-9]|1[0-9][0-9]|[1-9]?[0-9]))"}; // matches numbers 0-255
[build]       |                            ^
[build] C:\Users\pperv\code\unnamed_rpg\vendor\json-schema-validator\src\string-format-check.cpp(155,27): warning: constructor call from initializer list is incompatible with C++98 [-Wc++98-compat]
[build]   155 | const std::string decOctet{R"((?:25[0-5]|2[0-4][0-9]|1[0-9][0-9]|[1-9]?[0-9]))"}; // matches numbers 0-255
[build]       |                           ^~~~~~~~~~~~~~~~~~~~~~~~~~~~~~~~~~~~~~~~~~~~~~~~~~~~~~
[build] C:\Users\pperv\code\unnamed_rpg\vendor\json-schema-validator\src\string-format-check.cpp(155,19): warning: declaration requires an exit-time destructor [-Wexit-time-destructors]
[build]   155 | const std::string decOctet{R"((?:25[0-5]|2[0-4][0-9]|1[0-9][0-9]|[1-9]?[0-9]))"}; // matches numbers 0-255
[build]       |                   ^
[build] C:\Users\pperv\code\unnamed_rpg\vendor\json-schema-validator\src\string-format-check.cpp(155,19): warning: declaration requires a global destructor [-Wglobal-constructors]
[build] C:\Users\pperv\code\unnamed_rpg\vendor\json-schema-validator\src\string-format-check.cpp(156,30): warning: generalized initializer lists are incompatible with C++98 [-Wc++98-compat]
[build]   156 | const std::string ipv4Address{"(?:" + decOctet + R"(\.){3})" + decOctet};
[build]       |                              ^
[build] C:\Users\pperv\code\unnamed_rpg\vendor\json-schema-validator\src\string-format-check.cpp(156,50): warning: raw string literals are incompatible with C++98 [-Wc++98-compat]
[build]   156 | const std::string ipv4Address{"(?:" + decOctet + R"(\.){3})" + decOctet};
[build]       |                                                  ^
[build] C:\Users\pperv\code\unnamed_rpg\vendor\json-schema-validator\src\string-format-check.cpp(156,30): warning: constructor call from initializer list is incompatible with C++98 [-Wc++98-compat]
[build]   156 | const std::string ipv4Address{"(?:" + decOctet + R"(\.){3})" + decOctet};
[build]       |                              ^~~~~~~~~~~~~~~~~~~~~~~~~~~~~~~~~~~~~~~~~~~
[build] C:\Users\pperv\code\unnamed_rpg\vendor\json-schema-validator\src\string-format-check.cpp(156,19): warning: declaration requires an exit-time destructor [-Wexit-time-destructors]
[build]   156 | const std::string ipv4Address{"(?:" + decOctet + R"(\.){3})" + decOctet};
[build]       |                   ^
[build] C:\Users\pperv\code\unnamed_rpg\vendor\json-schema-validator\src\string-format-check.cpp(156,19): warning: declaration requires a global destructor [-Wglobal-constructors]
[build] C:\Users\pperv\code\unnamed_rpg\vendor\json-schema-validator\src\string-format-check.cpp(157,22): warning: generalized initializer lists are incompatible with C++98 [-Wc++98-compat]
[build]   157 | const std::string h16{R"([0-9A-Fa-f]{1,4})"};
[build]       |                      ^
[build] C:\Users\pperv\code\unnamed_rpg\vendor\json-schema-validator\src\string-format-check.cpp(157,23): warning: raw string literals are incompatible with C++98 [-Wc++98-compat]
[build]   157 | const std::string h16{R"([0-9A-Fa-f]{1,4})"};
[build]       |                       ^
[build] C:\Users\pperv\code\unnamed_rpg\vendor\json-schema-validator\src\string-format-check.cpp(157,22): warning: constructor call from initializer list is incompatible with C++98 [-Wc++98-compat]
[build]   157 | const std::string h16{R"([0-9A-Fa-f]{1,4})"};
[build]       |                      ^~~~~~~~~~~~~~~~~~~~~~~
[build] C:\Users\pperv\code\unnamed_rpg\vendor\json-schema-validator\src\string-format-check.cpp(157,19): warning: declaration requires an exit-time destructor [-Wexit-time-destructors]
[build]   157 | const std::string h16{R"([0-9A-Fa-f]{1,4})"};
[build]       |                   ^
[build] C:\Users\pperv\code\unnamed_rpg\vendor\json-schema-validator\src\string-format-check.cpp(157,19): warning: declaration requires a global destructor [-Wglobal-constructors]
[build] C:\Users\pperv\code\unnamed_rpg\vendor\json-schema-validator\src\string-format-check.cpp(158,26): warning: generalized initializer lists are incompatible with C++98 [-Wc++98-compat]
[build]   158 | const std::string h16Left{"(?:" + h16 + ":)"};
[build]       |                          ^
[build] C:\Users\pperv\code\unnamed_rpg\vendor\json-schema-validator\src\string-format-check.cpp(158,26): warning: constructor call from initializer list is incompatible with C++98 [-Wc++98-compat]
[build]   158 | const std::string h16Left{"(?:" + h16 + ":)"};
[build]       |                          ^~~~~~~~~~~~~~~~~~~~
[build] C:\Users\pperv\code\unnamed_rpg\vendor\json-schema-validator\src\string-format-check.cpp(158,19): warning: declaration requires an exit-time destructor [-Wexit-time-destructors]
[build]   158 | const std::string h16Left{"(?:" + h16 + ":)"};
[build]       |                   ^
[build] C:\Users\pperv\code\unnamed_rpg\vendor\json-schema-validator\src\string-format-check.cpp(158,19): warning: declaration requires a global destructor [-Wglobal-constructors]
[build] C:\Users\pperv\code\unnamed_rpg\vendor\json-schema-validator\src\string-format-check.cpp(159,30): warning: generalized initializer lists are incompatible with C++98 [-Wc++98-compat]
[build]   159 | const std::string ipv6Address{
[build]       |                              ^
[build] C:\Users\pperv\code\unnamed_rpg\vendor\json-schema-validator\src\string-format-check.cpp(159,30): warning: constructor call from initializer list is incompatible with C++98 [-Wc++98-compat]
[build]   159 | const std::string ipv6Address{
[build]       |                              ^
[build]   160 |     "(?:"
[build]       |     ~~~~~
[build]   161 |     "(?:" +
[build]       |     ~~~~~~~
[build]   162 |     h16Left + "{6}"
[build]       |     ~~~~~~~~~~~~~~~
[build]   163 |               "|::" +
[build]       |               ~~~~~~~
[build]   164 |     h16Left + "{5}"
[build]       |     ~~~~~~~~~~~~~~~
[build]   165 |               "|(?:" +
[build]       |               ~~~~~~~~
[build]   166 |     h16 + ")?::" + h16Left + "{4}"
[build]       |     ~~~~~~~~~~~~~~~~~~~~~~~~~~~~~~
[build]   167 |                              "|(?:" +
[build]       |                              ~~~~~~~~
[build]   168 |     h16Left + "{0,1}" + h16 + ")?::" + h16Left + "{3}"
[build]       |     ~~~~~~~~~~~~~~~~~~~~~~~~~~~~~~~~~~~~~~~~~~~~~~~~~~
[build]   169 |                                                  "|(?:" +
[build]       |                                                  ~~~~~~~~
[build]   170 |     h16Left + "{0,2}" + h16 + ")?::" + h16Left + "{2}"
[build]       |     ~~~~~~~~~~~~~~~~~~~~~~~~~~~~~~~~~~~~~~~~~~~~~~~~~~
[build]   171 |                                                  "|(?:" +
[build]       |                                                  ~~~~~~~~
[build]   172 |     h16Left + "{0,3}" + h16 + ")?::" + h16Left +
[build]       |     ~~~~~~~~~~~~~~~~~~~~~~~~~~~~~~~~~~~~~~~~~~~~
[build]   173 |     "|(?:" + h16Left + "{0,4}" + h16 + ")?::"
[build]       |     ~~~~~~~~~~~~~~~~~~~~~~~~~~~~~~~~~~~~~~~~~
[build]   174 |                                        ")(?:" +
[build]       |                                        ~~~~~~~~
[build] C:\Users\pperv\code\unnamed_rpg\vendor\json-schema-validator\src\string-format-check.cpp(159,19): warning: declaration requires an exit-time destructor [-Wexit-time-destructors]
[build]   159 | const std::string ipv6Address{
[build]       |                   ^
[build] C:\Users\pperv\code\unnamed_rpg\vendor\json-schema-validator\src\string-format-check.cpp(159,19): warning: declaration requires a global destructor [-Wglobal-constructors]
[build] C:\Users\pperv\code\unnamed_rpg\vendor\json-schema-validator\src\string-format-check.cpp(180,28): warning: generalized initializer lists are incompatible with C++98 [-Wc++98-compat]
[build]   180 | const std::string ipvFuture{R"([Vv][0-9A-Fa-f]+\.[A-Za-z0-9\-._~!$&'()*+,;=:]+)"};
[build]       |                            ^
[build] C:\Users\pperv\code\unnamed_rpg\vendor\json-schema-validator\src\string-format-check.cpp(180,29): warning: raw string literals are incompatible with C++98 [-Wc++98-compat]
[build]   180 | const std::string ipvFuture{R"([Vv][0-9A-Fa-f]+\.[A-Za-z0-9\-._~!$&'()*+,;=:]+)"};
[build]       |                             ^
[build] C:\Users\pperv\code\unnamed_rpg\vendor\json-schema-validator\src\string-format-check.cpp(180,28): warning: constructor call from initializer list is incompatible with C++98 [-Wc++98-compat]
[build]   180 | const std::string ipvFuture{R"([Vv][0-9A-Fa-f]+\.[A-Za-z0-9\-._~!$&'()*+,;=:]+)"};
[build]       |                            ^~~~~~~~~~~~~~~~~~~~~~~~~~~~~~~~~~~~~~~~~~~~~~~~~~~~~~
[build] C:\Users\pperv\code\unnamed_rpg\vendor\json-schema-validator\src\string-format-check.cpp(180,19): warning: declaration requires an exit-time destructor [-Wexit-time-destructors]
[build]   180 | const std::string ipvFuture{R"([Vv][0-9A-Fa-f]+\.[A-Za-z0-9\-._~!$&'()*+,;=:]+)"};
[build]       |                   ^
[build] C:\Users\pperv\code\unnamed_rpg\vendor\json-schema-validator\src\string-format-check.cpp(180,19): warning: declaration requires a global destructor [-Wglobal-constructors]
[build] C:\Users\pperv\code\unnamed_rpg\vendor\json-schema-validator\src\string-format-check.cpp(181,26): warning: generalized initializer lists are incompatible with C++98 [-Wc++98-compat]
[build]   181 | const std::string regName{R"((?:[A-Za-z0-9\-._~!$&'()*+,;=]|%[0-9A-Fa-f]{2})*)"};
[build]       |                          ^
[build] C:\Users\pperv\code\unnamed_rpg\vendor\json-schema-validator\src\string-format-check.cpp(181,27): warning: raw string literals are incompatible with C++98 [-Wc++98-compat]
[build]   181 | const std::string regName{R"((?:[A-Za-z0-9\-._~!$&'()*+,;=]|%[0-9A-Fa-f]{2})*)"};
[build]       |                           ^
[build] C:\Users\pperv\code\unnamed_rpg\vendor\json-schema-validator\src\string-format-check.cpp(181,26): warning: constructor call from initializer list is incompatible with C++98 [-Wc++98-compat]
[build]   181 | const std::string regName{R"((?:[A-Za-z0-9\-._~!$&'()*+,;=]|%[0-9A-Fa-f]{2})*)"};
[build]       |                          ^~~~~~~~~~~~~~~~~~~~~~~~~~~~~~~~~~~~~~~~~~~~~~~~~~~~~~~
[build] C:\Users\pperv\code\unnamed_rpg\vendor\json-schema-validator\src\string-format-check.cpp(181,19): warning: declaration requires an exit-time destructor [-Wexit-time-destructors]
[build]   181 | const std::string regName{R"((?:[A-Za-z0-9\-._~!$&'()*+,;=]|%[0-9A-Fa-f]{2})*)"};
[build]       |                   ^
[build] C:\Users\pperv\code\unnamed_rpg\vendor\json-schema-validator\src\string-format-check.cpp(181,19): warning: declaration requires a global destructor [-Wglobal-constructors]
[build] C:\Users\pperv\code\unnamed_rpg\vendor\json-schema-validator\src\string-format-check.cpp(182,23): warning: generalized initializer lists are incompatible with C++98 [-Wc++98-compat]
[build]   182 | const std::string host{
[build]       |                       ^
[build] C:\Users\pperv\code\unnamed_rpg\vendor\json-schema-validator\src\string-format-check.cpp(184,5): warning: raw string literals are incompatible with C++98 [-Wc++98-compat]
[build]   184 |     R"(\[(?:)" +
[build]       |     ^
[build] C:\Users\pperv\code\unnamed_rpg\vendor\json-schema-validator\src\string-format-check.cpp(185,37): warning: raw string literals are incompatible with C++98 [-Wc++98-compat]
[build]   185 |     ipv6Address + "|" + ipvFuture + R"()\])" +
[build]       |                                     ^
[build] C:\Users\pperv\code\unnamed_rpg\vendor\json-schema-validator\src\string-format-check.cpp(182,23): warning: constructor call from initializer list is incompatible with C++98 [-Wc++98-compat]
[build]   182 | const std::string host{
[build]       |                       ^
[build]   183 |     "(?:"
[build]       |     ~~~~~
[build]   184 |     R"(\[(?:)" +
[build]       |     ~~~~~~~~~~~~
[build]   185 |     ipv6Address + "|" + ipvFuture + R"()\])" +
[build]       |     ~~~~~~~~~~~~~~~~~~~~~~~~~~~~~~~~~~~~~~~~~~
[build]   186 |     "|" + ipv4Address +
[build]       |     ~~~~~~~~~~~~~~~~~~~
[build]   187 |     "|" + regName +
[build]       |     ~~~~~~~~~~~~~~~
[build]   188 |     ")"};
[build]       |     ~~~~
[build] C:\Users\pperv\code\unnamed_rpg\vendor\json-schema-validator\src\string-format-check.cpp(182,19): warning: declaration requires an exit-time destructor [-Wexit-time-destructors]
[build]   182 | const std::string host{
[build]       |                   ^
[build] C:\Users\pperv\code\unnamed_rpg\vendor\json-schema-validator\src\string-format-check.cpp(182,19): warning: declaration requires a global destructor [-Wglobal-constructors]
[build] C:\Users\pperv\code\unnamed_rpg\vendor\json-schema-validator\src\string-format-check.cpp(190,23): warning: generalized initializer lists are incompatible with C++98 [-Wc++98-compat]
[build]   190 | const std::string uuid{R"([0-9a-fA-F]{8}\-[0-9a-fA-F]{4}\-[0-9a-fA-F]{4}\-[0-9a-fA-F]{4}\-[0-9a-fA-F]{12})"};
[build]       |                       ^
[build] C:\Users\pperv\code\unnamed_rpg\vendor\json-schema-validator\src\string-format-check.cpp(190,24): warning: raw string literals are incompatible with C++98 [-Wc++98-compat]
[build]   190 | const std::string uuid{R"([0-9a-fA-F]{8}\-[0-9a-fA-F]{4}\-[0-9a-fA-F]{4}\-[0-9a-fA-F]{4}\-[0-9a-fA-F]{12})"};
[build]       |                        ^
[build] C:\Users\pperv\code\unnamed_rpg\vendor\json-schema-validator\src\string-format-check.cpp(190,23): warning: constructor call from initializer list is incompatible with C++98 [-Wc++98-compat]
[build]   190 | const std::string uuid{R"([0-9a-fA-F]{8}\-[0-9a-fA-F]{4}\-[0-9a-fA-F]{4}\-[0-9a-fA-F]{4}\-[0-9a-fA-F]{12})"};
[build]       |                       ^~~~~~~~~~~~~~~~~~~~~~~~~~~~~~~~~~~~~~~~~~~~~~~~~~~~~~~~~~~~~~~~~~~~~~~~~~~~~~~~~~~~~~
[build] C:\Users\pperv\code\unnamed_rpg\vendor\json-schema-validator\src\string-format-check.cpp(190,19): warning: declaration requires an exit-time destructor [-Wexit-time-destructors]
[build]   190 | const std::string uuid{R"([0-9a-fA-F]{8}\-[0-9a-fA-F]{4}\-[0-9a-fA-F]{4}\-[0-9a-fA-F]{4}\-[0-9a-fA-F]{12})"};
[build]       |                   ^
[build] C:\Users\pperv\code\unnamed_rpg\vendor\json-schema-validator\src\string-format-check.cpp(190,19): warning: declaration requires a global destructor [-Wglobal-constructors]
[build] C:\Users\pperv\code\unnamed_rpg\vendor\json-schema-validator\src\string-format-check.cpp(193,27): warning: generalized initializer lists are incompatible with C++98 [-Wc++98-compat]
[build]   193 | const std::string hostname{R"(^([a-zA-Z0-9]|[a-zA-Z0-9][a-zA-Z0-9\-]{0,61}[a-zA-Z0-9])(\.([a-zA-Z0-9]|[a-zA-Z0-9][a-zA-Z0-9\-]{0,61}[a-zA-Z0-9]))*$)"};
[build]       |                           ^
[build] C:\Users\pperv\code\unnamed_rpg\vendor\json-schema-validator\src\string-format-check.cpp(193,28): warning: raw string literals are incompatible with C++98 [-Wc++98-compat]
[build]   193 | const std::string hostname{R"(^([a-zA-Z0-9]|[a-zA-Z0-9][a-zA-Z0-9\-]{0,61}[a-zA-Z0-9])(\.([a-zA-Z0-9]|[a-zA-Z0-9][a-zA-Z0-9\-]{0,61}[a-zA-Z0-9]))*$)"};
[build]       |                            ^
[build] C:\Users\pperv\code\unnamed_rpg\vendor\json-schema-validator\src\string-format-check.cpp(193,27): warning: constructor call from initializer list is incompatible with C++98 [-Wc++98-compat]
[build]   193 | const std::string hostname{R"(^([a-zA-Z0-9]|[a-zA-Z0-9][a-zA-Z0-9\-]{0,61}[a-zA-Z0-9])(\.([a-zA-Z0-9]|[a-zA-Z0-9][a-zA-Z0-9\-]{0,61}[a-zA-Z0-9]))*$)"};
[build]       |                           ^~~~~~~~~~~~~~~~~~~~~~~~~~~~~~~~~~~~~~~~~~~~~~~~~~~~~~~~~~~~~~~~~~~~~~~~~~~~~~~~~~~~~~~~~~~~~~~~~~~~~~~~~~~~~~~~~~~~~~~~~~~~
[build] C:\Users\pperv\code\unnamed_rpg\vendor\json-schema-validator\src\string-format-check.cpp(193,19): warning: declaration requires an exit-time destructor [-Wexit-time-destructors]
[build]   193 | const std::string hostname{R"(^([a-zA-Z0-9]|[a-zA-Z0-9][a-zA-Z0-9\-]{0,61}[a-zA-Z0-9])(\.([a-zA-Z0-9]|[a-zA-Z0-9][a-zA-Z0-9\-]{0,61}[a-zA-Z0-9]))*$)"};
[build]       |                   ^
[build] C:\Users\pperv\code\unnamed_rpg\vendor\json-schema-validator\src\string-format-check.cpp(193,19): warning: declaration requires a global destructor [-Wglobal-constructors]
[build] C:\Users\pperv\code\unnamed_rpg\vendor\json-schema-validator\src\string-format-check.cpp(197,7): warning: 'auto' type specifier is incompatible with C++98 [-Wc++98-compat]
[build]   197 |         for (auto ch : value) {
[build]       |              ^~~~
[build] C:\Users\pperv\code\unnamed_rpg\vendor\json-schema-validator\src\string-format-check.cpp(197,15): warning: range-based for loop is incompatible with C++98 [-Wc++98-compat]
[build]   197 |         for (auto ch : value) {
[build]       |                      ^
[build] C:\Users\pperv\code\unnamed_rpg\vendor\json-schema-validator\src\string-format-check.cpp(206,8): warning: empty paragraph passed to '@see' command [-Wdocumentation]
[build]   206 |  * @see
[build]       |    ~~~~^
[build] C:\Users\pperv\code\unnamed_rpg\vendor\json-schema-validator\src\string-format-check.cpp(296,33): warning: generalized initializer lists are incompatible with C++98 [-Wc++98-compat]
[build]   296 |         const static std::string scheme{R"(([A-Za-z][A-Za-z0-9+\-.]*):)"};
[build]       |                                        ^
[build] C:\Users\pperv\code\unnamed_rpg\vendor\json-schema-validator\src\string-format-check.cpp(296,34): warning: raw string literals are incompatible with C++98 [-Wc++98-compat]
[build]   296 |         const static std::string scheme{R"(([A-Za-z][A-Za-z0-9+\-.]*):)"};
[build]       |                                         ^
[build] C:\Users\pperv\code\unnamed_rpg\vendor\json-schema-validator\src\string-format-check.cpp(296,33): warning: constructor call from initializer list is incompatible with C++98 [-Wc++98-compat]
[build]   296 |         const static std::string scheme{R"(([A-Za-z][A-Za-z0-9+\-.]*):)"};
[build]       |                                        ^~~~~~~~~~~~~~~~~~~~~~~~~~~~~~~~~~
[build] C:\Users\pperv\code\unnamed_rpg\vendor\json-schema-validator\src\string-format-check.cpp(296,27): warning: declaration requires an exit-time destructor [-Wexit-time-destructors]
[build]   296 |         const static std::string scheme{R"(([A-Za-z][A-Za-z0-9+\-.]*):)"};
[build]       |                                  ^
[build] C:\Users\pperv\code\unnamed_rpg\vendor\json-schema-validator\src\string-format-check.cpp(297,35): warning: generalized initializer lists are incompatible with C++98 [-Wc++98-compat]
[build]   297 |         const static std::string hierPart{
[build]       |                                          ^
[build] C:\Users\pperv\code\unnamed_rpg\vendor\json-schema-validator\src\string-format-check.cpp(298,6): warning: raw string literals are incompatible with C++98 [-Wc++98-compat]
[build]   298 |             R"((?:(\/\/)(?:((?:[A-Za-z0-9\-._~!$&'()*+,;=:]|)"
[build]       |             ^
[build] C:\Users\pperv\code\unnamed_rpg\vendor\json-schema-validator\src\string-format-check.cpp(299,6): warning: raw string literals are incompatible with C++98 [-Wc++98-compat]
[build]   299 |             R"(%[0-9A-Fa-f]{2})*)@)?((?:\[(?:(?:(?:(?:[0-9A-Fa-f]{1,4}:){6}|)"
[build]       |             ^
[build] C:\Users\pperv\code\unnamed_rpg\vendor\json-schema-validator\src\string-format-check.cpp(300,6): warning: raw string literals are incompatible with C++98 [-Wc++98-compat]
[build]   300 |             R"(::(?:[0-9A-Fa-f]{1,4}:){5}|)"
[build]       |             ^
[build] C:\Users\pperv\code\unnamed_rpg\vendor\json-schema-validator\src\string-format-check.cpp(301,6): warning: raw string literals are incompatible with C++98 [-Wc++98-compat]
[build]   301 |             R"((?:[0-9A-Fa-f]{1,4})?::(?:[0-9A-Fa-f]{1,4}:){4}|)"
[build]       |             ^
[build] C:\Users\pperv\code\unnamed_rpg\vendor\json-schema-validator\src\string-format-check.cpp(302,6): warning: raw string literals are incompatible with C++98 [-Wc++98-compat]
[build]   302 |             R"((?:(?:[0-9A-Fa-f]{1,4}:){0,1}[0-9A-Fa-f]{1,4})?::(?:[0-9A-Fa-f]{1,4}:){3}|)"
[build]       |             ^
[build] C:\Users\pperv\code\unnamed_rpg\vendor\json-schema-validator\src\string-format-check.cpp(303,6): warning: raw string literals are incompatible with C++98 [-Wc++98-compat]
[build]   303 |             R"((?:(?:[0-9A-Fa-f]{1,4}:){0,2}[0-9A-Fa-f]{1,4})?::(?:[0-9A-Fa-f]{1,4}:){2}|)"
[build]       |             ^
[build] C:\Users\pperv\code\unnamed_rpg\vendor\json-schema-validator\src\string-format-check.cpp(304,6): warning: raw string literals are incompatible with C++98 [-Wc++98-compat]
[build]   304 |             R"((?:(?:[0-9A-Fa-f]{1,4}:){0,3}[0-9A-Fa-f]{1,4})?::[0-9A-Fa-f]{1,4}:|)"
[build]       |             ^
[build] C:\Users\pperv\code\unnamed_rpg\vendor\json-schema-validator\src\string-format-check.cpp(305,6): warning: raw string literals are incompatible with C++98 [-Wc++98-compat]
[build]   305 |             R"((?:(?:[0-9A-Fa-f]{1,4}:){0,4}[0-9A-Fa-f]{1,4})?::)(?:[0-9A-Fa-f]{1,4}:[0-9A-Fa-f]{1,4}|)"
[build]       |             ^
[build] C:\Users\pperv\code\unnamed_rpg\vendor\json-schema-validator\src\string-format-check.cpp(306,6): warning: raw string literals are incompatible with C++98 [-Wc++98-compat]
[build]   306 |             R"((?:(?:25[0-5]|2[0-4][0-9]|)"
[build]       |             ^
[build] C:\Users\pperv\code\unnamed_rpg\vendor\json-schema-validator\src\string-format-check.cpp(307,6): warning: raw string literals are incompatible with C++98 [-Wc++98-compat]
[build]   307 |             R"([01]?[0-9][0-9]?)\.){3}(?:25[0-5]|)"
[build]       |             ^
[build] C:\Users\pperv\code\unnamed_rpg\vendor\json-schema-validator\src\string-format-check.cpp(308,6): warning: raw string literals are incompatible with C++98 [-Wc++98-compat]
[build]   308 |             R"(2[0-4][0-9]|)"
[build]       |             ^
[build] C:\Users\pperv\code\unnamed_rpg\vendor\json-schema-validator\src\string-format-check.cpp(309,6): warning: raw string literals are incompatible with C++98 [-Wc++98-compat]
[build]   309 |             R"([01]?[0-9][0-9]?))|)"
[build]       |             ^
[build] C:\Users\pperv\code\unnamed_rpg\vendor\json-schema-validator\src\string-format-check.cpp(310,6): warning: raw string literals are incompatible with C++98 [-Wc++98-compat]
[build]   310 |             R"((?:(?:[0-9A-Fa-f]{1,4}:){0,5}[0-9A-Fa-f]{1,4})?::[0-9A-Fa-f]{1,4}|)"
[build]       |             ^
[build] C:\Users\pperv\code\unnamed_rpg\vendor\json-schema-validator\src\string-format-check.cpp(311,6): warning: raw string literals are incompatible with C++98 [-Wc++98-compat]
[build]   311 |             R"((?:(?:[0-9A-Fa-f]{1,4}:){0,6}[0-9A-Fa-f]{1,4})?::)|)"
[build]       |             ^
[build] C:\Users\pperv\code\unnamed_rpg\vendor\json-schema-validator\src\string-format-check.cpp(312,6): warning: raw string literals are incompatible with C++98 [-Wc++98-compat]
[build]   312 |             R"([Vv][0-9A-Fa-f]+\.[A-Za-z0-9\-._~!$&'()*+,;=:]+)\]|)"
[build]       |             ^
[build] C:\Users\pperv\code\unnamed_rpg\vendor\json-schema-validator\src\string-format-check.cpp(313,6): warning: raw string literals are incompatible with C++98 [-Wc++98-compat]
[build]   313 |             R"((?:(?:25[0-5]|)"
[build]       |             ^
[build] C:\Users\pperv\code\unnamed_rpg\vendor\json-schema-validator\src\string-format-check.cpp(314,6): warning: raw string literals are incompatible with C++98 [-Wc++98-compat]
[build]   314 |             R"(2[0-4][0-9]|)"
[build]       |             ^
[build] C:\Users\pperv\code\unnamed_rpg\vendor\json-schema-validator\src\string-format-check.cpp(315,6): warning: raw string literals are incompatible with C++98 [-Wc++98-compat]
[build]   315 |             R"([01]?[0-9][0-9]?)\.){3}(?:25[0-5]|)"
[build]       |             ^
[build] C:\Users\pperv\code\unnamed_rpg\vendor\json-schema-validator\src\string-format-check.cpp(316,6): warning: raw string literals are incompatible with C++98 [-Wc++98-compat]
[build]   316 |             R"(2[0-4][0-9]|)"
[build]       |             ^
[build] C:\Users\pperv\code\unnamed_rpg\vendor\json-schema-validator\src\string-format-check.cpp(317,6): warning: raw string literals are incompatible with C++98 [-Wc++98-compat]
[build]   317 |             R"([01]?[0-9][0-9]?)|)"
[build]       |             ^
[build] C:\Users\pperv\code\unnamed_rpg\vendor\json-schema-validator\src\string-format-check.cpp(318,6): warning: raw string literals are incompatible with C++98 [-Wc++98-compat]
[build]   318 |             R"((?:[A-Za-z0-9\-._~!$&'()*+,;=]|)"
[build]       |             ^
[build] C:\Users\pperv\code\unnamed_rpg\vendor\json-schema-validator\src\string-format-check.cpp(319,6): warning: raw string literals are incompatible with C++98 [-Wc++98-compat]
[build]   319 |             R"(%[0-9A-Fa-f]{2})*))(?::([0-9]*))?((?:\/(?:[A-Za-z0-9\-._~!$&'()*+,;=:@]|)"
[build]       |             ^
[build] C:\Users\pperv\code\unnamed_rpg\vendor\json-schema-validator\src\string-format-check.cpp(320,6): warning: raw string literals are incompatible with C++98 [-Wc++98-compat]
[build]   320 |             R"(%[0-9A-Fa-f]{2})*)*)|)"
[build]       |             ^
[build] C:\Users\pperv\code\unnamed_rpg\vendor\json-schema-validator\src\string-format-check.cpp(321,6): warning: raw string literals are incompatible with C++98 [-Wc++98-compat]
[build]   321 |             R"(\/((?:(?:[A-Za-z0-9\-._~!$&'()*+,;=:@]|)"
[build]       |             ^
[build] C:\Users\pperv\code\unnamed_rpg\vendor\json-schema-validator\src\string-format-check.cpp(322,6): warning: raw string literals are incompatible with C++98 [-Wc++98-compat]
[build]   322 |             R"(%[0-9A-Fa-f]{2})+(?:\/(?:[A-Za-z0-9\-._~!$&'()*+,;=:@]|)"
[build]       |             ^
[build] C:\Users\pperv\code\unnamed_rpg\vendor\json-schema-validator\src\string-format-check.cpp(323,6): warning: raw string literals are incompatible with C++98 [-Wc++98-compat]
[build]   323 |             R"(%[0-9A-Fa-f]{2})*)*)?)|)"
[build]       |             ^
[build] C:\Users\pperv\code\unnamed_rpg\vendor\json-schema-validator\src\string-format-check.cpp(324,6): warning: raw string literals are incompatible with C++98 [-Wc++98-compat]
[build]   324 |             R"(((?:[A-Za-z0-9\-._~!$&'()*+,;=:@]|)"
[build]       |             ^
[build] C:\Users\pperv\code\unnamed_rpg\vendor\json-schema-validator\src\string-format-check.cpp(325,6): warning: raw string literals are incompatible with C++98 [-Wc++98-compat]
[build]   325 |             R"(%[0-9A-Fa-f]{2})+(?:\/(?:[A-Za-z0-9\-._~!$&'()*+,;=:@]|)"
[build]       |             ^
[build] C:\Users\pperv\code\unnamed_rpg\vendor\json-schema-validator\src\string-format-check.cpp(326,6): warning: raw string literals are incompatible with C++98 [-Wc++98-compat]
[build]   326 |             R"(%[0-9A-Fa-f]{2})*)*)|))"};
[build]       |             ^
[build] C:\Users\pperv\code\unnamed_rpg\vendor\json-schema-validator\src\string-format-check.cpp(297,35): warning: constructor call from initializer list is incompatible with C++98 [-Wc++98-compat]
[build]   297 |         const static std::string hierPart{
[build]       |                                          ^
[build]   298 |             R"((?:(\/\/)(?:((?:[A-Za-z0-9\-._~!$&'()*+,;=:]|)"
[build]       |             ~~~~~~~~~~~~~~~~~~~~~~~~~~~~~~~~~~~~~~~~~~~~~~~~~~
[build]   299 |             R"(%[0-9A-Fa-f]{2})*)@)?((?:\[(?:(?:(?:(?:[0-9A-Fa-f]{1,4}:){6}|)"
[build]       |             ~~~~~~~~~~~~~~~~~~~~~~~~~~~~~~~~~~~~~~~~~~~~~~~~~~~~~~~~~~~~~~~~~~
[build]   300 |             R"(::(?:[0-9A-Fa-f]{1,4}:){5}|)"
[build]       |             ~~~~~~~~~~~~~~~~~~~~~~~~~~~~~~~~
[build]   301 |             R"((?:[0-9A-Fa-f]{1,4})?::(?:[0-9A-Fa-f]{1,4}:){4}|)"
[build]       |             ~~~~~~~~~~~~~~~~~~~~~~~~~~~~~~~~~~~~~~~~~~~~~~~~~~~~~
[build]   302 |             R"((?:(?:[0-9A-Fa-f]{1,4}:){0,1}[0-9A-Fa-f]{1,4})?::(?:[0-9A-Fa-f]{1,4}:){3}|)"
[build]       |             ~~~~~~~~~~~~~~~~~~~~~~~~~~~~~~~~~~~~~~~~~~~~~~~~~~~~~~~~~~~~~~~~~~~~~~~~~~~~~~~
[build]   303 |             R"((?:(?:[0-9A-Fa-f]{1,4}:){0,2}[0-9A-Fa-f]{1,4})?::(?:[0-9A-Fa-f]{1,4}:){2}|)"
[build]       |             ~~~~~~~~~~~~~~~~~~~~~~~~~~~~~~~~~~~~~~~~~~~~~~~~~~~~~~~~~~~~~~~~~~~~~~~~~~~~~~~
[build]   304 |             R"((?:(?:[0-9A-Fa-f]{1,4}:){0,3}[0-9A-Fa-f]{1,4})?::[0-9A-Fa-f]{1,4}:|)"
[build]       |             ~~~~~~~~~~~~~~~~~~~~~~~~~~~~~~~~~~~~~~~~~~~~~~~~~~~~~~~~~~~~~~~~~~~~~~~~
[build]   305 |             R"((?:(?:[0-9A-Fa-f]{1,4}:){0,4}[0-9A-Fa-f]{1,4})?::)(?:[0-9A-Fa-f]{1,4}:[0-9A-Fa-f]{1,4}|)"
[build]       |             ~~~~~~~~~~~~~~~~~~~~~~~~~~~~~~~~~~~~~~~~~~~~~~~~~~~~~~~~~~~~~~~~~~~~~~~~~~~~~~~~~~~~~~~~~~~~
[build]   306 |             R"((?:(?:25[0-5]|2[0-4][0-9]|)"
[build]       |             ~~~~~~~~~~~~~~~~~~~~~~~~~~~~~~~
[build]   307 |             R"([01]?[0-9][0-9]?)\.){3}(?:25[0-5]|)"
[build]       |             ~~~~~~~~~~~~~~~~~~~~~~~~~~~~~~~~~~~~~~~
[build]   308 |             R"(2[0-4][0-9]|)"
[build]       |             ~~~~~~~~~~~~~~~~~
[build]   309 |             R"([01]?[0-9][0-9]?))|)"
[build]       |             ~~~~~~~~~~~~~~~~~~~~~~~~
[build]   310 |             R"((?:(?:[0-9A-Fa-f]{1,4}:){0,5}[0-9A-Fa-f]{1,4})?::[0-9A-Fa-f]{1,4}|)"
[build]       |             ~~~~~~~~~~~~~~~~~~~~~~~~~~~~~~~~~~~~~~~~~~~~~~~~~~~~~~~~~~~~~~~~~~~~~~~
[build]   311 |             R"((?:(?:[0-9A-Fa-f]{1,4}:){0,6}[0-9A-Fa-f]{1,4})?::)|)"
[build]       |             ~~~~~~~~~~~~~~~~~~~~~~~~~~~~~~~~~~~~~~~~~~~~~~~~~~~~~~~~
[build]   312 |             R"([Vv][0-9A-Fa-f]+\.[A-Za-z0-9\-._~!$&'()*+,;=:]+)\]|)"
[build]       |             ~~~~~~~~~~~~~~~~~~~~~~~~~~~~~~~~~~~~~~~~~~~~~~~~~~~~~~~~
[build] C:\Users\pperv\code\unnamed_rpg\vendor\json-schema-validator\src\string-format-check.cpp(297,27): warning: declaration requires an exit-time destructor [-Wexit-time-destructors]
[build]   297 |         const static std::string hierPart{
[build]       |                                  ^
[build] C:\Users\pperv\code\unnamed_rpg\vendor\json-schema-validator\src\string-format-check.cpp(328,32): warning: generalized initializer lists are incompatible with C++98 [-Wc++98-compat]
[build]   328 |         const static std::string query{R"((?:\?((?:[A-Za-z0-9\-._~!$&'()*+,;=:@\/?]|%[0-9A-Fa-f]{2})*))?)"};
[build]       |                                       ^
[build] C:\Users\pperv\code\unnamed_rpg\vendor\json-schema-validator\src\string-format-check.cpp(328,33): warning: raw string literals are incompatible with C++98 [-Wc++98-compat]
[build]   328 |         const static std::string query{R"((?:\?((?:[A-Za-z0-9\-._~!$&'()*+,;=:@\/?]|%[0-9A-Fa-f]{2})*))?)"};
[build]       |                                        ^
[build] C:\Users\pperv\code\unnamed_rpg\vendor\json-schema-validator\src\string-format-check.cpp(328,32): warning: constructor call from initializer list is incompatible with C++98 [-Wc++98-compat]
[build]   328 |         const static std::string query{R"((?:\?((?:[A-Za-z0-9\-._~!$&'()*+,;=:@\/?]|%[0-9A-Fa-f]{2})*))?)"};
[build]       |                                       ^~~~~~~~~~~~~~~~~~~~~~~~~~~~~~~~~~~~~~~~~~~~~~~~~~~~~~~~~~~~~~~~~~~~~
[build] C:\Users\pperv\code\unnamed_rpg\vendor\json-schema-validator\src\string-format-check.cpp(328,27): warning: declaration requires an exit-time destructor [-Wexit-time-destructors]
[build]   328 |         const static std::string query{R"((?:\?((?:[A-Za-z0-9\-._~!$&'()*+,;=:@\/?]|%[0-9A-Fa-f]{2})*))?)"};
[build]       |                                  ^
[build] C:\Users\pperv\code\unnamed_rpg\vendor\json-schema-validator\src\string-format-check.cpp(329,35): warning: generalized initializer lists are incompatible with C++98 [-Wc++98-compat]
[build]   329 |         const static std::string fragment{
[build]       |                                          ^
[build] C:\Users\pperv\code\unnamed_rpg\vendor\json-schema-validator\src\string-format-check.cpp(330,6): warning: raw string literals are incompatible with C++98 [-Wc++98-compat]
[build]   330 |             R"((?:\#((?:[A-Za-z0-9\-._~!$&'()*+,;=:@\/?]|%[0-9A-Fa-f]{2})*))?)"};
[build]       |             ^
[build] C:\Users\pperv\code\unnamed_rpg\vendor\json-schema-validator\src\string-format-check.cpp(329,35): warning: constructor call from initializer list is incompatible with C++98 [-Wc++98-compat]
[build]   329 |         const static std::string fragment{
[build]       |                                          ^
[build]   330 |             R"((?:\#((?:[A-Za-z0-9\-._~!$&'()*+,;=:@\/?]|%[0-9A-Fa-f]{2})*))?)"};
[build]       |             ~~~~~~~~~~~~~~~~~~~~~~~~~~~~~~~~~~~~~~~~~~~~~~~~~~~~~~~~~~~~~~~~~~~~
[build] C:\Users\pperv\code\unnamed_rpg\vendor\json-schema-validator\src\string-format-check.cpp(329,27): warning: declaration requires an exit-time destructor [-Wexit-time-destructors]
[build]   329 |         const static std::string fragment{
[build]       |                                  ^
[build] C:\Users\pperv\code\unnamed_rpg\vendor\json-schema-validator\src\string-format-check.cpp(331,36): warning: generalized initializer lists are incompatible with C++98 [-Wc++98-compat]
[build]   331 |         const static std::string uriFormat{scheme + hierPart + query + fragment};
[build]       |                                           ^
[build] C:\Users\pperv\code\unnamed_rpg\vendor\json-schema-validator\src\string-format-check.cpp(331,36): warning: constructor call from initializer list is incompatible with C++98 [-Wc++98-compat]
[build]   331 |         const static std::string uriFormat{scheme + hierPart + query + fragment};
[build]       |                                           ^~~~~~~~~~~~~~~~~~~~~~~~~~~~~~~~~~~~~~
[build] C:\Users\pperv\code\unnamed_rpg\vendor\json-schema-validator\src\string-format-check.cpp(331,27): warning: declaration requires an exit-time destructor [-Wexit-time-destructors]
[build]   331 |         const static std::string uriFormat{scheme + hierPart + query + fragment};
[build]       |                                  ^
[build] C:\Users\pperv\code\unnamed_rpg\vendor\json-schema-validator\src\string-format-check.cpp(333,46): warning: generalized initializer lists are incompatible with C++98 [-Wc++98-compat]
[build]   333 |         const static REGEX_NAMESPACE::regex uriRegex{uriFormat};
[build]       |                                                     ^
[build] C:\Users\pperv\code\unnamed_rpg\vendor\json-schema-validator\src\string-format-check.cpp(333,46): warning: constructor call from initializer list is incompatible with C++98 [-Wc++98-compat]
[build]   333 |         const static REGEX_NAMESPACE::regex uriRegex{uriFormat};
[build]       |                                                     ^~~~~~~~~~~
[build] C:\Users\pperv\code\unnamed_rpg\vendor\json-schema-validator\src\string-format-check.cpp(333,38): warning: declaration requires an exit-time destructor [-Wexit-time-destructors]
[build]   333 |         const static REGEX_NAMESPACE::regex uriRegex{uriFormat};
[build]       |                                             ^
[build] C:\Users\pperv\code\unnamed_rpg\vendor\json-schema-validator\src\string-format-check.cpp(375,48): warning: generalized initializer lists are incompatible with C++98 [-Wc++98-compat]
[build]   375 |                 static const REGEX_NAMESPACE::regex hostRegex{hostname};
[build]       |                                                              ^
[build] C:\Users\pperv\code\unnamed_rpg\vendor\json-schema-validator\src\string-format-check.cpp(375,48): warning: constructor call from initializer list is incompatible with C++98 [-Wc++98-compat]
[build]   375 |                 static const REGEX_NAMESPACE::regex hostRegex{hostname};
[build]       |                                                              ^~~~~~~~~~
[build] C:\Users\pperv\code\unnamed_rpg\vendor\json-schema-validator\src\string-format-check.cpp(375,39): warning: declaration requires an exit-time destructor [-Wexit-time-destructors]
[build]   375 |                 static const REGEX_NAMESPACE::regex hostRegex{hostname};
[build]       |                                                     ^
[build] C:\Users\pperv\code\unnamed_rpg\vendor\json-schema-validator\src\string-format-check.cpp(380,48): warning: generalized initializer lists are incompatible with C++98 [-Wc++98-compat]
[build]   380 |                 const static REGEX_NAMESPACE::regex ipv4Regex{"^" + ipv4Address + "$"};
[build]       |                                                              ^
[build] C:\Users\pperv\code\unnamed_rpg\vendor\json-schema-validator\src\string-format-check.cpp(380,48): warning: constructor call from initializer list is incompatible with C++98 [-Wc++98-compat]
[build]   380 |                 const static REGEX_NAMESPACE::regex ipv4Regex{"^" + ipv4Address + "$"};
[build]       |                                                              ^~~~~~~~~~~~~~~~~~~~~~~~~
[build] C:\Users\pperv\code\unnamed_rpg\vendor\json-schema-validator\src\string-format-check.cpp(380,39): warning: declaration requires an exit-time destructor [-Wexit-time-destructors]
[build]   380 |                 const static REGEX_NAMESPACE::regex ipv4Regex{"^" + ipv4Address + "$"};
[build]       |                                                     ^
[build] C:\Users\pperv\code\unnamed_rpg\vendor\json-schema-validator\src\string-format-check.cpp(385,48): warning: generalized initializer lists are incompatible with C++98 [-Wc++98-compat]
[build]   385 |                 static const REGEX_NAMESPACE::regex ipv6Regex{ipv6Address};
[build]       |                                                              ^
[build] C:\Users\pperv\code\unnamed_rpg\vendor\json-schema-validator\src\string-format-check.cpp(385,48): warning: constructor call from initializer list is incompatible with C++98 [-Wc++98-compat]
[build]   385 |                 static const REGEX_NAMESPACE::regex ipv6Regex{ipv6Address};
[build]       |                                                              ^~~~~~~~~~~~~
[build] C:\Users\pperv\code\unnamed_rpg\vendor\json-schema-validator\src\string-format-check.cpp(385,39): warning: declaration requires an exit-time destructor [-Wexit-time-destructors]
[build]   385 |                 static const REGEX_NAMESPACE::regex ipv6Regex{ipv6Address};
[build]       |                                                     ^
[build] C:\Users\pperv\code\unnamed_rpg\vendor\json-schema-validator\src\string-format-check.cpp(390,48): warning: generalized initializer lists are incompatible with C++98 [-Wc++98-compat]
[build]   390 |                 static const REGEX_NAMESPACE::regex uuidRegex{uuid};
[build]       |                                                              ^
[build] C:\Users\pperv\code\unnamed_rpg\vendor\json-schema-validator\src\string-format-check.cpp(390,48): warning: constructor call from initializer list is incompatible with C++98 [-Wc++98-compat]
[build]   390 |                 static const REGEX_NAMESPACE::regex uuidRegex{uuid};
[build]       |                                                              ^~~~~~
[build] C:\Users\pperv\code\unnamed_rpg\vendor\json-schema-validator\src\string-format-check.cpp(390,39): warning: declaration requires an exit-time destructor [-Wexit-time-destructors]
[build]   390 |                 static const REGEX_NAMESPACE::regex uuidRegex{uuid};
[build]       |                                                     ^
[build] C:\Users\pperv\code\unnamed_rpg\vendor\json-schema-validator\src\string-format-check.cpp(402,71): warning: generalized initializer lists are incompatible with C++98 [-Wc++98-compat]
[build]   402 |                 static const std::vector<std::string> jsonSchemaStringFormatBuiltIns{
[build]       |                                                                                     ^
[build] C:\Users\pperv\code\unnamed_rpg\vendor\json-schema-validator\src\string-format-check.cpp(402,71): warning: initialization of initializer_list object is incompatible with C++98 [-Wc++98-compat]
[build]   402 |                 static const std::vector<std::string> jsonSchemaStringFormatBuiltIns{
[build]       |                                                                                     ^
[build]   403 |                     "date-time", "time", "date", "email", "idn-email", "hostname", "idn-hostname", "ipv4", "ipv6", "uri",
[build]       |                     ~~~~~~~~~~~~~~~~~~~~~~~~~~~~~~~~~~~~~~~~~~~~~~~~~~~~~~~~~~~~~~~~~~~~~~~~~~~~~~~~~~~~~~~~~~~~~~~~~~~~~
[build]   404 |                     "uri-reference", "iri", "iri-reference", "uri-template", "json-pointer", "relative-json-pointer", "regex"};
[build]       |                     ~~~~~~~~~~~~~~~~~~~~~~~~~~~~~~~~~~~~~~~~~~~~~~~~~~~~~~~~~~~~~~~~~~~~~~~~~~~~~~~~~~~~~~~~~~~~~~~~~~~~~~~~~~
[build] C:\Users\pperv\code\unnamed_rpg\vendor\json-schema-validator\src\string-format-check.cpp(402,41): warning: declaration requires an exit-time destructor [-Wexit-time-destructors]
[build]   402 |                 static const std::vector<std::string> jsonSchemaStringFormatBuiltIns{
[build]       |                                                       ^
[build] In file included from C:\Users\pperv\code\unnamed_rpg\vendor\json-schema-validator\src\string-format-check.cpp:1:
[build] In file included from C:\Users\pperv\code\unnamed_rpg\vendor\json-schema-validator\src\nlohmann/json-schema.hpp:24:
[build] In file included from C:\Users\pperv\code\unnamed_rpg\vendor\json\include\nlohmann/json.hpp:44:
[build] In file included from C:\Users\pperv\code\unnamed_rpg\vendor\json\include\nlohmann/adl_serializer.hpp:14:
[build] In file included from C:\Users\pperv\code\unnamed_rpg\vendor\json\include\nlohmann/detail/conversions/from_json.hpp:24:
[build] C:\Users\pperv\code\unnamed_rpg\vendor\json\include\nlohmann/detail/exceptions.hpp(192,16): warning: generalized initializer lists are incompatible with C++98 [-Wc++98-compat]
[build]   192 |         return {id_, byte_, w.c_str()};
[build]       |                ^~~~~~~~~~~~~~~~~~~~~~~
[build] C:\Users\pperv\code\unnamed_rpg\vendor\json\include\nlohmann/detail/exceptions.hpp(192,16): warning: constructor call from initializer list is incompatible with C++98 [-Wc++98-compat]
[build]   192 |         return {id_, byte_, w.c_str()};
[build]       |                ^~~~~~~~~~~~~~~~~~~~~~~
[build] C:\Users\pperv\code\unnamed_rpg\vendor\json\include\nlohmann/detail/exceptions.hpp(192,16): warning: constructor call from initializer list is incompatible with C++98 [-Wc++98-compat]
[build]   192 |         return {id_, byte_, w.c_str()};
[build]       |                ^~~~~~~~~~~~~~~~~~~~~~~
[build] C:\Users\pperv\code\unnamed_rpg\vendor\json\include\nlohmann/detail/input/input_adapters.hpp(615,33): note: in instantiation of function template specialization 'nlohmann::detail::parse_error::create<std::nullptr_t, 0>' requested here
[build]   615 |         JSON_THROW(parse_error::create(101, 0, "attempting to parse an empty input; check that your input string or stream contains the expected JSON", nullptr));
[build]       |                                 ^
[build] C:\Users\pperv\code\unnamed_rpg\vendor\json\include\nlohmann/detail/macro_scope.hpp(198,41): note: expanded from macro 'JSON_THROW'
[build]   198 |     #define JSON_THROW(exception) throw exception
[build]       |                                         ^
[build] In file included from C:\Users\pperv\code\unnamed_rpg\vendor\json-schema-validator\src\string-format-check.cpp:1:
[build] In file included from C:\Users\pperv\code\unnamed_rpg\vendor\json-schema-validator\src\nlohmann/json-schema.hpp:24:
[build] In file included from C:\Users\pperv\code\unnamed_rpg\vendor\json\include\nlohmann/json.hpp:50:
[build] In file included from C:\Users\pperv\code\unnamed_rpg\vendor\json\include\nlohmann/detail/input/binary_reader.hpp:29:
[build] In file included from C:\Users\pperv\code\unnamed_rpg\vendor\json\include\nlohmann/detail/input/json_sax.hpp:18:
[build] C:\Users\pperv\code\unnamed_rpg\vendor\json\include\nlohmann/detail/input/lexer.hpp(1720,19): warning: padding class 'nlohmann::detail::lexer<nlohmann::basic_json<>, nlohmann::detail::iterator_input_adapter<const char *>>' with 3 bytes to align 'current' [-Wpadded]
[build]  1720 |     char_int_type current = char_traits<char_type>::eof();
[build]       |                   ^
[build] C:\Users\pperv\code\unnamed_rpg\vendor\json\include\nlohmann/detail/input/lexer.hpp(1726,16): warning: padding class 'nlohmann::detail::lexer<nlohmann::basic_json<>, nlohmann::detail::iterator_input_adapter<const char *>>' with 7 bytes to align 'position' [-Wpadded]
[build]  1726 |     position_t position {};
[build]       |                ^
[build] C:\Users\pperv\code\unnamed_rpg\vendor\json\include\nlohmann/detail/input/lexer.hpp(1756,17): warning: padding class 'nlohmann::detail::lexer<nlohmann::basic_json<>, nlohmann::detail::iterator_input_adapter<const char *>>' with 4 bytes to align 'decimal_point_position' [-Wpadded]
[build]  1756 |     std::size_t decimal_point_position = std::string::npos;
[build]       |                 ^
[build] In file included from C:\Users\pperv\code\unnamed_rpg\vendor\json-schema-validator\src\string-format-check.cpp:1:
[build] In file included from C:\Users\pperv\code\unnamed_rpg\vendor\json-schema-validator\src\nlohmann/json-schema.hpp:24:
[build] In file included from C:\Users\pperv\code\unnamed_rpg\vendor\json\include\nlohmann/json.hpp:53:
[build] C:\Users\pperv\code\unnamed_rpg\vendor\json\include\nlohmann/detail/input/parser.hpp(528,13): warning: padding class 'nlohmann::detail::parser<nlohmann::basic_json<>, nlohmann::detail::iterator_input_adapter<const char *>>' with 4 bytes to align 'm_lexer' [-Wpadded]
[build]   528 |     lexer_t m_lexer;
[build]       |             ^
[build] C:\Users\pperv\code\unnamed_rpg\vendor\json\include\nlohmann/detail/input/parser.hpp(60,7): warning: padding size of 'nlohmann::detail::parser<nlohmann::basic_json<>, nlohmann::detail::iterator_input_adapter<const char *>>' with 6 bytes to alignment boundary [-Wpadded]
[build]    60 | class parser
[build]       |       ^
[build] In file included from C:\Users\pperv\code\unnamed_rpg\vendor\json-schema-validator\src\string-format-check.cpp:1:
[build] In file included from C:\Users\pperv\code\unnamed_rpg\vendor\json-schema-validator\src\nlohmann/json-schema.hpp:24:
[build] C:\Users\pperv\code\unnamed_rpg\vendor\json\include\nlohmann/json.hpp(857,22): warning: enumeration type in nested name specifier is incompatible with C++98 [-Wc++98-compat]
[build]   857 |         : basic_json(value_t::null)
[build]       |                      ^
[build] C:\Users\pperv\code\unnamed_rpg\vendor\json\include\nlohmann/json.hpp(4111,20): note: in instantiation of member function 'nlohmann::basic_json<>::basic_json' requested here
[build]  4111 |         basic_json result;
[build]       |                    ^
[build] C:\Users\pperv\code\unnamed_rpg\vendor\json\include\nlohmann/json.hpp(5294,28): note: in instantiation of function template specialization 'nlohmann::basic_json<>::parse<const char *, const char *, 0>' requested here
[build]  5294 |     return nlohmann::json::parse(s, s + n);
[build]       |                            ^
[build] C:\Users\pperv\code\unnamed_rpg\vendor\json\include\nlohmann/json.hpp(857,11): warning: delegating constructors are incompatible with C++98 [-Wc++98-compat]
[build]   857 |         : basic_json(value_t::null)
[build]       |           ^
[build] C:\Users\pperv\code\unnamed_rpg\vendor\json\include\nlohmann/json.hpp(540,30): warning: 'nullptr' is incompatible with C++98 [-Wc++98-compat]
[build]   540 |                     object = nullptr;  // silence warning, see #821
[build]       |                              ^
[build] C:\Users\pperv\code\unnamed_rpg\vendor\json\include\nlohmann/json.hpp(547,30): warning: 'nullptr' is incompatible with C++98 [-Wc++98-compat]
[build]   547 |                     object = nullptr;  // silence warning, see #821
[build]       |                              ^
[build] C:\Users\pperv\code\unnamed_rpg\vendor\json\include\nlohmann/json.hpp(550,112): warning: 'nullptr' is incompatible with C++98 [-Wc++98-compat]
[build]   550 |                         JSON_THROW(other_error::create(500, "961c151d2e87f2686a955a9be24d316f1362bf21 3.12.0", nullptr)); // LCOV_EXCL_LINE
[build]       |                                                                                                                ^
[build] C:\Users\pperv\code\unnamed_rpg\vendor\json\include\nlohmann/json.hpp(545,17): warning: default label in switch which covers all enumeration values [-Wcovered-switch-default]
[build]   545 |                 default:
[build]       |                 ^
[build] C:\Users\pperv\code\unnamed_rpg\vendor\json\include\nlohmann/json.hpp(849,11): note: in instantiation of member function 'nlohmann::basic_json<>::data::data' requested here
[build]   849 |         : m_data(v)
[build]       |           ^
[build] C:\Users\pperv\code\unnamed_rpg\vendor\json\include\nlohmann/json.hpp(857,11): note: in instantiation of member function 'nlohmann::basic_json<>::basic_json' requested here
[build]   857 |         : basic_json(value_t::null)
[build]       |           ^
[build] C:\Users\pperv\code\unnamed_rpg\vendor\json\include\nlohmann/json.hpp(4111,20): note: in instantiation of member function 'nlohmann::basic_json<>::basic_json' requested here
[build]  4111 |         basic_json result;
[build]       |                    ^
[build] C:\Users\pperv\code\unnamed_rpg\vendor\json\include\nlohmann/json.hpp(5294,28): note: in instantiation of function template specialization 'nlohmann::basic_json<>::parse<const char *, const char *, 0>' requested here
[build]  5294 |     return nlohmann::json::parse(s, s + n);
[build]       |                            ^
[build] C:\Users\pperv\code\unnamed_rpg\vendor\json\include\nlohmann/json.hpp(490,22): warning: enumeration type in nested name specifier is incompatible with C++98 [-Wc++98-compat]
[build]   490 |                 case value_t::object:
[build]       |                      ^
[build] C:\Users\pperv\code\unnamed_rpg\vendor\json\include\nlohmann/json.hpp(4284,26): note: in instantiation of member function 'nlohmann::basic_json<>::json_value::json_value' requested here
[build]  4284 |             : m_type(v), m_value(v)
[build]       |                          ^
[build] C:\Users\pperv\code\unnamed_rpg\vendor\json\include\nlohmann/json.hpp(849,11): note: in instantiation of member function 'nlohmann::basic_json<>::data::data' requested here
[build]   849 |         : m_data(v)
[build]       |           ^
[build] C:\Users\pperv\code\unnamed_rpg\vendor\json\include\nlohmann/json.hpp(857,11): note: in instantiation of member function 'nlohmann::basic_json<>::basic_json' requested here
[build]   857 |         : basic_json(value_t::null)
[build]       |           ^
[build] C:\Users\pperv\code\unnamed_rpg\vendor\json\include\nlohmann/json.hpp(4111,20): note: in instantiation of member function 'nlohmann::basic_json<>::basic_json' requested here
[build]  4111 |         basic_json result;
[build]       |                    ^
[build] C:\Users\pperv\code\unnamed_rpg\vendor\json\include\nlohmann/json.hpp(5294,28): note: in instantiation of function template specialization 'nlohmann::basic_json<>::parse<const char *, const char *, 0>' requested here
[build]  5294 |     return nlohmann::json::parse(s, s + n);
[build]       |                            ^
[build] C:\Users\pperv\code\unnamed_rpg\vendor\json\include\nlohmann/json.hpp(496,22): warning: enumeration type in nested name specifier is incompatible with C++98 [-Wc++98-compat]
[build]   496 |                 case value_t::array:
[build]       |                      ^
[build] C:\Users\pperv\code\unnamed_rpg\vendor\json\include\nlohmann/json.hpp(502,22): warning: enumeration type in nested name specifier is incompatible with C++98 [-Wc++98-compat]
[build]   502 |                 case value_t::string:
[build]       |                      ^
[build] C:\Users\pperv\code\unnamed_rpg\vendor\json\include\nlohmann/json.hpp(508,22): warning: enumeration type in nested name specifier is incompatible with C++98 [-Wc++98-compat]
[build]   508 |                 case value_t::binary:
[build]       |                      ^
[build] C:\Users\pperv\code\unnamed_rpg\vendor\json\include\nlohmann/json.hpp(514,22): warning: enumeration type in nested name specifier is incompatible with C++98 [-Wc++98-compat]
[build]   514 |                 case value_t::boolean:
[build]       |                      ^
[build] C:\Users\pperv\code\unnamed_rpg\vendor\json\include\nlohmann/json.hpp(520,22): warning: enumeration type in nested name specifier is incompatible with C++98 [-Wc++98-compat]
[build]   520 |                 case value_t::number_integer:
[build]       |                      ^
[build] C:\Users\pperv\code\unnamed_rpg\vendor\json\include\nlohmann/json.hpp(526,22): warning: enumeration type in nested name specifier is incompatible with C++98 [-Wc++98-compat]
[build]   526 |                 case value_t::number_unsigned:
[build]       |                      ^
[build] C:\Users\pperv\code\unnamed_rpg\vendor\json\include\nlohmann/json.hpp(532,22): warning: enumeration type in nested name specifier is incompatible with C++98 [-Wc++98-compat]
[build]   532 |                 case value_t::number_float:
[build]       |                      ^
[build] C:\Users\pperv\code\unnamed_rpg\vendor\json\include\nlohmann/json.hpp(538,22): warning: enumeration type in nested name specifier is incompatible with C++98 [-Wc++98-compat]
[build]   538 |                 case value_t::null:
[build]       |                      ^
[build] C:\Users\pperv\code\unnamed_rpg\vendor\json\include\nlohmann/json.hpp(544,22): warning: enumeration type in nested name specifier is incompatible with C++98 [-Wc++98-compat]
[build]   544 |                 case value_t::discarded:
[build]       |                      ^
[build] C:\Users\pperv\code\unnamed_rpg\vendor\json\include\nlohmann/json.hpp(548,51): warning: enumeration type in nested name specifier is incompatible with C++98 [-Wc++98-compat]
[build]   548 |                     if (JSON_HEDLEY_UNLIKELY(t == value_t::null))
[build]       |                                                   ^
[build] C:\Users\pperv\code\unnamed_rpg\vendor\json\include\nlohmann/json.hpp(545,17): warning: default label in switch which covers all enumeration values [-Wcovered-switch-default]
[build]   545 |                 default:
[build]       |                 ^
[build] C:\Users\pperv\code\unnamed_rpg\vendor\json\include\nlohmann/json.hpp(414,33): warning: alias declarations are incompatible with C++98 [-Wc++98-compat]
[build]   414 |         using AllocatorTraits = std::allocator_traits<AllocatorType<T>>;
[build]       |                                 ^
[build] C:\Users\pperv\code\unnamed_rpg\vendor\json\include\nlohmann/json.hpp(414,70): warning: consecutive right angle brackets are incompatible with C++98 (use '> >') [-Wc++98-compat]
[build]   414 |         using AllocatorTraits = std::allocator_traits<AllocatorType<T>>;
[build]       |                                                                      ^~
[build]       |                                                                      > >
[build] C:\Users\pperv\code\unnamed_rpg\vendor\json\include\nlohmann/json.hpp(416,9): warning: 'auto' type specifier is incompatible with C++98 [-Wc++98-compat]
[build]   416 |         auto deleter = [&](T * obj)
[build]       |         ^~~~
[build] C:\Users\pperv\code\unnamed_rpg\vendor\json\include\nlohmann/json.hpp(416,24): warning: lambda expressions are incompatible with C++98 [-Wc++98-compat]
[build]   416 |         auto deleter = [&](T * obj)
[build]       |                        ^
[build] C:\Users\pperv\code\unnamed_rpg\vendor\json\include\nlohmann/json.hpp(420,28): warning: 'decltype' type specifier is incompatible with C++98 [-Wc++98-compat]
[build]   420 |         std::unique_ptr<T, decltype(deleter)> obj(AllocatorTraits::allocate(alloc, 1), deleter);
[build]       |                            ^
[build] C:\Users\pperv\code\unnamed_rpg\vendor\json\include\nlohmann/json.hpp(420,28): warning: local type '(lambda at C:\Users\pperv\code\unnamed_rpg\vendor\json\include\nlohmann\json.hpp:416:24)' as template argument is incompatible with C++98 [-Wc++98-compat-local-type-template-args]
[build]   420 |         std::unique_ptr<T, decltype(deleter)> obj(AllocatorTraits::allocate(alloc, 1), deleter);
[build]       |                            ^~~~~~~~~~~~~~~~~
[build] C:\Users\pperv\code\unnamed_rpg\vendor\json\include\nlohmann/json.hpp(492,30): note: in instantiation of function template specialization 'nlohmann::basic_json<>::create<std::map<std::basic_string<char>, nlohmann::basic_json<>, std::less<void>>>' requested here
[build]   492 |                     object = create<object_t>();
[build]       |                              ^
[build] C:\Users\pperv\code\unnamed_rpg\vendor\json\include\nlohmann/json.hpp(4284,26): note: in instantiation of member function 'nlohmann::basic_json<>::json_value::json_value' requested here
[build]  4284 |             : m_type(v), m_value(v)
[build]       |                          ^
[build] C:\Users\pperv\code\unnamed_rpg\vendor\json\include\nlohmann/json.hpp(849,11): note: in instantiation of member function 'nlohmann::basic_json<>::data::data' requested here
[build]   849 |         : m_data(v)
[build]       |           ^
[build] C:\Users\pperv\code\unnamed_rpg\vendor\json\include\nlohmann/json.hpp(857,11): note: in instantiation of member function 'nlohmann::basic_json<>::basic_json' requested here
[build]   857 |         : basic_json(value_t::null)
[build]       |           ^
[build] C:\Users\pperv\code\unnamed_rpg\vendor\json\include\nlohmann/json.hpp(4111,20): note: in instantiation of member function 'nlohmann::basic_json<>::basic_json' requested here
[build]  4111 |         basic_json result;
[build]       |                    ^
[build] C:\Users\pperv\code\unnamed_rpg\vendor\json\include\nlohmann/json.hpp(5294,28): note: in instantiation of function template specialization 'nlohmann::basic_json<>::parse<const char *, const char *, 0>' requested here
[build]  5294 |     return nlohmann::json::parse(s, s + n);
[build]       |                            ^
[build] C:\Users\pperv\code\unnamed_rpg\vendor\json\include\nlohmann/json.hpp(420,28): warning: local type '(lambda at C:\Users\pperv\code\unnamed_rpg\vendor\json\include\nlohmann\json.hpp:416:24)' as template argument is incompatible with C++98 [-Wc++98-compat-local-type-template-args]
[build]   420 |         std::unique_ptr<T, decltype(deleter)> obj(AllocatorTraits::allocate(alloc, 1), deleter);
[build]       |                            ^~~~~~~~~~~~~~~~~
[build] C:\Users\pperv\code\unnamed_rpg\vendor\json\include\nlohmann/json.hpp(498,29): note: in instantiation of function template specialization 'nlohmann::basic_json<>::create<std::vector<nlohmann::basic_json<>>>' requested here
[build]   498 |                     array = create<array_t>();
[build]       |                             ^
[build] C:\Users\pperv\code\unnamed_rpg\vendor\json\include\nlohmann/json.hpp(4284,26): note: in instantiation of member function 'nlohmann::basic_json<>::json_value::json_value' requested here
[build]  4284 |             : m_type(v), m_value(v)
[build]       |                          ^
[build] C:\Users\pperv\code\unnamed_rpg\vendor\json\include\nlohmann/json.hpp(849,11): note: in instantiation of member function 'nlohmann::basic_json<>::data::data' requested here
[build]   849 |         : m_data(v)
[build]       |           ^
[build] C:\Users\pperv\code\unnamed_rpg\vendor\json\include\nlohmann/json.hpp(857,11): note: in instantiation of member function 'nlohmann::basic_json<>::basic_json' requested here
[build]   857 |         : basic_json(value_t::null)
[build]       |           ^
[build] C:\Users\pperv\code\unnamed_rpg\vendor\json\include\nlohmann/json.hpp(4111,20): note: in instantiation of member function 'nlohmann::basic_json<>::basic_json' requested here
[build]  4111 |         basic_json result;
[build]       |                    ^
[build] C:\Users\pperv\code\unnamed_rpg\vendor\json\include\nlohmann/json.hpp(5294,28): note: in instantiation of function template specialization 'nlohmann::basic_json<>::parse<const char *, const char *, 0>' requested here
[build]  5294 |     return nlohmann::json::parse(s, s + n);
[build]       |                            ^
[build] C:\Users\pperv\code\unnamed_rpg\vendor\json\include\nlohmann/json.hpp(420,28): warning: local type '(lambda at C:\Users\pperv\code\unnamed_rpg\vendor\json\include\nlohmann\json.hpp:416:24)' as template argument is incompatible with C++98 [-Wc++98-compat-local-type-template-args]
[build]   420 |         std::unique_ptr<T, decltype(deleter)> obj(AllocatorTraits::allocate(alloc, 1), deleter);
[build]       |                            ^~~~~~~~~~~~~~~~~
[build] C:\Users\pperv\code\unnamed_rpg\vendor\json\include\nlohmann/json.hpp(504,30): note: in instantiation of function template specialization 'nlohmann::basic_json<>::create<std::basic_string<char>, const char (&)[1]>' requested here
[build]   504 |                     string = create<string_t>("");
[build]       |                              ^
[build] C:\Users\pperv\code\unnamed_rpg\vendor\json\include\nlohmann/json.hpp(4284,26): note: in instantiation of member function 'nlohmann::basic_json<>::json_value::json_value' requested here
[build]  4284 |             : m_type(v), m_value(v)
[build]       |                          ^
[build] C:\Users\pperv\code\unnamed_rpg\vendor\json\include\nlohmann/json.hpp(849,11): note: in instantiation of member function 'nlohmann::basic_json<>::data::data' requested here
[build]   849 |         : m_data(v)
[build]       |           ^
[build] C:\Users\pperv\code\unnamed_rpg\vendor\json\include\nlohmann/json.hpp(857,11): note: in instantiation of member function 'nlohmann::basic_json<>::basic_json' requested here
[build]   857 |         : basic_json(value_t::null)
[build]       |           ^
[build] C:\Users\pperv\code\unnamed_rpg\vendor\json\include\nlohmann/json.hpp(4111,20): note: in instantiation of member function 'nlohmann::basic_json<>::basic_json' requested here
[build]  4111 |         basic_json result;
[build]       |                    ^
[build] C:\Users\pperv\code\unnamed_rpg\vendor\json\include\nlohmann/json.hpp(5294,28): note: in instantiation of function template specialization 'nlohmann::basic_json<>::parse<const char *, const char *, 0>' requested here
[build]  5294 |     return nlohmann::json::parse(s, s + n);
[build]       |                            ^
[build] In file included from C:\Users\pperv\code\unnamed_rpg\vendor\json-schema-validator\src\string-format-check.cpp:1:
[build] In file included from C:\Users\pperv\code\unnamed_rpg\vendor\json-schema-validator\src\nlohmann/json-schema.hpp:24:
[build] In file included from C:\Users\pperv\code\unnamed_rpg\vendor\json\include\nlohmann/json.hpp:45:
[build] C:\Users\pperv\code\unnamed_rpg\vendor\json\include\nlohmann/byte_container_with_subtype.hpp(22,7): warning: padding size of 'nlohmann::byte_container_with_subtype<std::vector<unsigned char>>' with 7 bytes to alignment boundary [-Wpadded]
[build]    22 | class byte_container_with_subtype : public BinaryType
[build]       |       ^
[build] In file included from C:\Users\pperv\code\unnamed_rpg\vendor\json-schema-validator\src\string-format-check.cpp:1:
[build] In file included from C:\Users\pperv\code\unnamed_rpg\vendor\json-schema-validator\src\nlohmann/json-schema.hpp:24:
[build] C:\Users\pperv\code\unnamed_rpg\vendor\json\include\nlohmann/json.hpp(420,28): warning: local type '(lambda at C:\Users\pperv\code\unnamed_rpg\vendor\json\include\nlohmann\json.hpp:416:24)' as template argument is incompatible with C++98 [-Wc++98-compat-local-type-template-args]
[build]   420 |         std::unique_ptr<T, decltype(deleter)> obj(AllocatorTraits::allocate(alloc, 1), deleter);
[build]       |                            ^~~~~~~~~~~~~~~~~
[build] C:\Users\pperv\code\unnamed_rpg\vendor\json\include\nlohmann/json.hpp(510,30): note: in instantiation of function template specialization 'nlohmann::basic_json<>::create<nlohmann::byte_container_with_subtype<std::vector<unsigned char>>>' requested here
[build]   510 |                     binary = create<binary_t>();
[build]       |                              ^
[build] C:\Users\pperv\code\unnamed_rpg\vendor\json\include\nlohmann/json.hpp(4284,26): note: in instantiation of member function 'nlohmann::basic_json<>::json_value::json_value' requested here
[build]  4284 |             : m_type(v), m_value(v)
[build]       |                          ^
[build] C:\Users\pperv\code\unnamed_rpg\vendor\json\include\nlohmann/json.hpp(849,11): note: in instantiation of member function 'nlohmann::basic_json<>::data::data' requested here
[build]   849 |         : m_data(v)
[build]       |           ^
[build] C:\Users\pperv\code\unnamed_rpg\vendor\json\include\nlohmann/json.hpp(857,11): note: in instantiation of member function 'nlohmann::basic_json<>::basic_json' requested here
[build]   857 |         : basic_json(value_t::null)
[build]       |           ^
[build] C:\Users\pperv\code\unnamed_rpg\vendor\json\include\nlohmann/json.hpp(4111,20): note: in instantiation of member function 'nlohmann::basic_json<>::basic_json' requested here
[build]  4111 |         basic_json result;
[build]       |                    ^
[build] C:\Users\pperv\code\unnamed_rpg\vendor\json\include\nlohmann/json.hpp(5294,28): note: in instantiation of function template specialization 'nlohmann::basic_json<>::parse<const char *, const char *, 0>' requested here
[build]  5294 |     return nlohmann::json::parse(s, s + n);
[build]       |                            ^
[build] In file included from C:\Users\pperv\code\unnamed_rpg\vendor\json-schema-validator\src\string-format-check.cpp:1:
[build] In file included from C:\Users\pperv\code\unnamed_rpg\vendor\json-schema-validator\src\nlohmann/json-schema.hpp:24:
[build] In file included from C:\Users\pperv\code\unnamed_rpg\vendor\json\include\nlohmann/json.hpp:44:
[build] In file included from C:\Users\pperv\code\unnamed_rpg\vendor\json\include\nlohmann/adl_serializer.hpp:14:
[build] In file included from C:\Users\pperv\code\unnamed_rpg\vendor\json\include\nlohmann/detail/conversions/from_json.hpp:24:
[build] C:\Users\pperv\code\unnamed_rpg\vendor\json\include\nlohmann/detail/exceptions.hpp(278,16): warning: generalized initializer lists are incompatible with C++98 [-Wc++98-compat]
[build]   278 |         return {id_, w.c_str()};
[build]       |                ^~~~~~~~~~~~~~~~
[build] C:\Users\pperv\code\unnamed_rpg\vendor\json\include\nlohmann/detail/exceptions.hpp(278,16): warning: constructor call from initializer list is incompatible with C++98 [-Wc++98-compat]
[build]   278 |         return {id_, w.c_str()};
[build]       |                ^~~~~~~~~~~~~~~~
[build] C:\Users\pperv\code\unnamed_rpg\vendor\json\include\nlohmann/json.hpp(4284,26): note: in instantiation of member function 'nlohmann::basic_json<>::json_value::json_value' requested here
[build]  4284 |             : m_type(v), m_value(v)
[build]       |                          ^
[build] C:\Users\pperv\code\unnamed_rpg\vendor\json\include\nlohmann/json.hpp(849,11): note: in instantiation of member function 'nlohmann::basic_json<>::data::data' requested here
[build]   849 |         : m_data(v)
[build]       |           ^
[build] C:\Users\pperv\code\unnamed_rpg\vendor\json\include\nlohmann/json.hpp(857,11): note: in instantiation of member function 'nlohmann::basic_json<>::basic_json' requested here
[build]   857 |         : basic_json(value_t::null)
[build]       |           ^
[build] C:\Users\pperv\code\unnamed_rpg\vendor\json\include\nlohmann/json.hpp(4111,20): note: in instantiation of member function 'nlohmann::basic_json<>::basic_json' requested here
[build]  4111 |         basic_json result;
[build]       |                    ^
[build] C:\Users\pperv\code\unnamed_rpg\vendor\json\include\nlohmann/json.hpp(5294,28): note: in instantiation of function template specialization 'nlohmann::basic_json<>::parse<const char *, const char *, 0>' requested here
[build]  5294 |     return nlohmann::json::parse(s, s + n);
[build]       |                            ^
[build] In file included from C:\Users\pperv\code\unnamed_rpg\vendor\json-schema-validator\src\string-format-check.cpp:1:
[build] In file included from C:\Users\pperv\code\unnamed_rpg\vendor\json-schema-validator\src\nlohmann/json-schema.hpp:24:
[build] In file included from C:\Users\pperv\code\unnamed_rpg\vendor\json\include\nlohmann/json.hpp:44:
[build] In file included from C:\Users\pperv\code\unnamed_rpg\vendor\json\include\nlohmann/adl_serializer.hpp:14:
[build] In file included from C:\Users\pperv\code\unnamed_rpg\vendor\json\include\nlohmann/detail/conversions/from_json.hpp:24:
[build] C:\Users\pperv\code\unnamed_rpg\vendor\json\include\nlohmann/detail/exceptions.hpp(278,16): warning: constructor call from initializer list is incompatible with C++98 [-Wc++98-compat]
[build]   278 |         return {id_, w.c_str()};
[build]       |                ^~~~~~~~~~~~~~~~
[build] C:\Users\pperv\code\unnamed_rpg\vendor\json\include\nlohmann/json.hpp(550,49): note: in instantiation of function template specialization 'nlohmann::detail::other_error::create<std::nullptr_t, 0>' requested here
[build]   550 |                         JSON_THROW(other_error::create(500, "961c151d2e87f2686a955a9be24d316f1362bf21 3.12.0", nullptr)); // LCOV_EXCL_LINE
[build]       |                                                 ^
[build] C:\Users\pperv\code\unnamed_rpg\vendor\json\include\nlohmann/detail/macro_scope.hpp(198,41): note: expanded from macro 'JSON_THROW'
[build]   198 |     #define JSON_THROW(exception) throw exception
[build]       |                                         ^
[build] C:\Users\pperv\code\unnamed_rpg\vendor\json\include\nlohmann/json.hpp(4284,26): note: in instantiation of member function 'nlohmann::basic_json<>::json_value::json_value' requested here
[build]  4284 |             : m_type(v), m_value(v)
[build]       |                          ^
[build] C:\Users\pperv\code\unnamed_rpg\vendor\json\include\nlohmann/json.hpp(849,11): note: in instantiation of member function 'nlohmann::basic_json<>::data::data' requested here
[build]   849 |         : m_data(v)
[build]       |           ^
[build] C:\Users\pperv\code\unnamed_rpg\vendor\json\include\nlohmann/json.hpp(857,11): note: in instantiation of member function 'nlohmann::basic_json<>::basic_json' requested here
[build]   857 |         : basic_json(value_t::null)
[build]       |           ^
[build] C:\Users\pperv\code\unnamed_rpg\vendor\json\include\nlohmann/json.hpp(4111,20): note: in instantiation of member function 'nlohmann::basic_json<>::basic_json' requested here
[build]  4111 |         basic_json result;
[build]       |                    ^
[build] C:\Users\pperv\code\unnamed_rpg\vendor\json\include\nlohmann/json.hpp(5294,28): note: in instantiation of function template specialization 'nlohmann::basic_json<>::parse<const char *, const char *, 0>' requested here
[build]  5294 |     return nlohmann::json::parse(s, s + n);
[build]       |                            ^
[build] C:\Users\pperv\code\unnamed_rpg\vendor\json\include\nlohmann/json.hpp(590,52): warning: 'nullptr' is incompatible with C++98 [-Wc++98-compat]
[build]   590 |                 (t == value_t::object && object == nullptr) ||
[build]       |                                                    ^
[build] C:\Users\pperv\code\unnamed_rpg\vendor\json\include\nlohmann/json.hpp(591,50): warning: 'nullptr' is incompatible with C++98 [-Wc++98-compat]
[build]   591 |                 (t == value_t::array && array == nullptr) ||
[build]       |                                                  ^
[build] C:\Users\pperv\code\unnamed_rpg\vendor\json\include\nlohmann/json.hpp(592,52): warning: 'nullptr' is incompatible with C++98 [-Wc++98-compat]
[build]   592 |                 (t == value_t::string && string == nullptr) ||
[build]       |                                                    ^
[build] C:\Users\pperv\code\unnamed_rpg\vendor\json\include\nlohmann/json.hpp(593,52): warning: 'nullptr' is incompatible with C++98 [-Wc++98-compat]
[build]   593 |                 (t == value_t::binary && binary == nullptr)
[build]       |                                                    ^
[build] C:\Users\pperv\code\unnamed_rpg\vendor\json\include\nlohmann/json.hpp(613,30): warning: rvalue references are incompatible with C++98 [-Wc++98-compat]
[build]   613 |                     for (auto&& it : *object)
[build]       |                              ^
[build] C:\Users\pperv\code\unnamed_rpg\vendor\json\include\nlohmann/json.hpp(613,26): warning: 'auto' type specifier is incompatible with C++98 [-Wc++98-compat]
[build]   613 |                     for (auto&& it : *object)
[build]       |                          ^~~~
[build] C:\Users\pperv\code\unnamed_rpg\vendor\json\include\nlohmann/json.hpp(848,5): note: in instantiation of member function 'nlohmann::basic_json<>::data::~data' requested here
[build]   848 |     basic_json(const value_t v)
[build]       |     ^
[build] C:\Users\pperv\code\unnamed_rpg\vendor\json\include\nlohmann/json.hpp(857,11): note: in instantiation of member function 'nlohmann::basic_json<>::basic_json' requested here
[build]   857 |         : basic_json(value_t::null)
[build]       |           ^
[build] C:\Users\pperv\code\unnamed_rpg\vendor\json\include\nlohmann/json.hpp(4111,20): note: in instantiation of member function 'nlohmann::basic_json<>::basic_json' requested here
[build]  4111 |         basic_json result;
[build]       |                    ^
[build] C:\Users\pperv\code\unnamed_rpg\vendor\json\include\nlohmann/json.hpp(5294,28): note: in instantiation of function template specialization 'nlohmann::basic_json<>::parse<const char *, const char *, 0>' requested here
[build]  5294 |     return nlohmann::json::parse(s, s + n);
[build]       |                            ^
[build] C:\Users\pperv\code\unnamed_rpg\vendor\json\include\nlohmann/json.hpp(613,36): warning: range-based for loop is incompatible with C++98 [-Wc++98-compat]
[build]   613 |                     for (auto&& it : *object)
[build]       |                                    ^
[build] C:\Users\pperv\code\unnamed_rpg\vendor\json\include\nlohmann/json.hpp(635,34): warning: rvalue references are incompatible with C++98 [-Wc++98-compat]
[build]   635 |                         for (auto&& it : *current_item.m_data.m_value.object)
[build]       |                                  ^
[build] C:\Users\pperv\code\unnamed_rpg\vendor\json\include\nlohmann/json.hpp(635,30): warning: 'auto' type specifier is incompatible with C++98 [-Wc++98-compat]
[build]   635 |                         for (auto&& it : *current_item.m_data.m_value.object)
[build]       |                              ^~~~
[build] C:\Users\pperv\code\unnamed_rpg\vendor\json\include\nlohmann/json.hpp(635,40): warning: range-based for loop is incompatible with C++98 [-Wc++98-compat]
[build]   635 |                         for (auto&& it : *current_item.m_data.m_value.object)
[build]       |                                        ^
[build] C:\Users\pperv\code\unnamed_rpg\vendor\json\include\nlohmann/json.hpp(653,43): warning: 'decltype' type specifier is incompatible with C++98 [-Wc++98-compat]
[build]   653 |                     std::allocator_traits<decltype(alloc)>::destroy(alloc, object);
[build]       |                                           ^
[build] C:\Users\pperv\code\unnamed_rpg\vendor\json\include\nlohmann/json.hpp(654,43): warning: 'decltype' type specifier is incompatible with C++98 [-Wc++98-compat]
[build]   654 |                     std::allocator_traits<decltype(alloc)>::deallocate(alloc, object, 1);
[build]       |                                           ^
[build] C:\Users\pperv\code\unnamed_rpg\vendor\json\include\nlohmann/json.hpp(661,43): warning: 'decltype' type specifier is incompatible with C++98 [-Wc++98-compat]
[build]   661 |                     std::allocator_traits<decltype(alloc)>::destroy(alloc, array);
[build]       |                                           ^
[build] C:\Users\pperv\code\unnamed_rpg\vendor\json\include\nlohmann/json.hpp(662,43): warning: 'decltype' type specifier is incompatible with C++98 [-Wc++98-compat]
[build]   662 |                     std::allocator_traits<decltype(alloc)>::deallocate(alloc, array, 1);
[build]       |                                           ^
[build] C:\Users\pperv\code\unnamed_rpg\vendor\json\include\nlohmann/json.hpp(669,43): warning: 'decltype' type specifier is incompatible with C++98 [-Wc++98-compat]
[build]   669 |                     std::allocator_traits<decltype(alloc)>::destroy(alloc, string);
[build]       |                                           ^
[build] C:\Users\pperv\code\unnamed_rpg\vendor\json\include\nlohmann/json.hpp(670,43): warning: 'decltype' type specifier is incompatible with C++98 [-Wc++98-compat]
[build]   670 |                     std::allocator_traits<decltype(alloc)>::deallocate(alloc, string, 1);
[build]       |                                           ^
[build] C:\Users\pperv\code\unnamed_rpg\vendor\json\include\nlohmann/json.hpp(677,43): warning: 'decltype' type specifier is incompatible with C++98 [-Wc++98-compat]
[build]   677 |                     std::allocator_traits<decltype(alloc)>::destroy(alloc, binary);
[build]       |                                           ^
[build] C:\Users\pperv\code\unnamed_rpg\vendor\json\include\nlohmann/json.hpp(678,43): warning: 'decltype' type specifier is incompatible with C++98 [-Wc++98-compat]
[build]   678 |                     std::allocator_traits<decltype(alloc)>::deallocate(alloc, binary, 1);
[build]       |                                           ^
[build] C:\Users\pperv\code\unnamed_rpg\vendor\json\include\nlohmann/json.hpp(688,17): warning: default label in switch which covers all enumeration values [-Wcovered-switch-default]
[build]   688 |                 default:
[build]       |                 ^
[build] C:\Users\pperv\code\unnamed_rpg\vendor\json\include\nlohmann/json.hpp(590,23): warning: enumeration type in nested name specifier is incompatible with C++98 [-Wc++98-compat]
[build]   590 |                 (t == value_t::object && object == nullptr) ||
[build]       |                       ^
[build] C:\Users\pperv\code\unnamed_rpg\vendor\json\include\nlohmann/json.hpp(4302,21): note: in instantiation of member function 'nlohmann::basic_json<>::json_value::destroy' requested here
[build]  4302 |             m_value.destroy(m_type);
[build]       |                     ^
[build] C:\Users\pperv\code\unnamed_rpg\vendor\json\include\nlohmann/json.hpp(848,5): note: in instantiation of member function 'nlohmann::basic_json<>::data::~data' requested here
[build]   848 |     basic_json(const value_t v)
[build]       |     ^
[build] C:\Users\pperv\code\unnamed_rpg\vendor\json\include\nlohmann/json.hpp(857,11): note: in instantiation of member function 'nlohmann::basic_json<>::basic_json' requested here
[build]   857 |         : basic_json(value_t::null)
[build]       |           ^
[build] C:\Users\pperv\code\unnamed_rpg\vendor\json\include\nlohmann/json.hpp(4111,20): note: in instantiation of member function 'nlohmann::basic_json<>::basic_json' requested here
[build]  4111 |         basic_json result;
[build]       |                    ^
[build] C:\Users\pperv\code\unnamed_rpg\vendor\json\include\nlohmann/json.hpp(5294,28): note: in instantiation of function template specialization 'nlohmann::basic_json<>::parse<const char *, const char *, 0>' requested here
[build]  5294 |     return nlohmann::json::parse(s, s + n);
[build]       |                            ^
[build] C:\Users\pperv\code\unnamed_rpg\vendor\json\include\nlohmann/json.hpp(591,23): warning: enumeration type in nested name specifier is incompatible with C++98 [-Wc++98-compat]
[build]   591 |                 (t == value_t::array && array == nullptr) ||
[build]       |                       ^
[build] C:\Users\pperv\code\unnamed_rpg\vendor\json\include\nlohmann/json.hpp(592,23): warning: enumeration type in nested name specifier is incompatible with C++98 [-Wc++98-compat]
[build]   592 |                 (t == value_t::string && string == nullptr) ||
[build]       |                       ^
[build] C:\Users\pperv\code\unnamed_rpg\vendor\json\include\nlohmann/json.hpp(593,23): warning: enumeration type in nested name specifier is incompatible with C++98 [-Wc++98-compat]
[build]   593 |                 (t == value_t::binary && binary == nullptr)
[build]       |                       ^
[build] C:\Users\pperv\code\unnamed_rpg\vendor\json\include\nlohmann/json.hpp(599,22): warning: enumeration type in nested name specifier is incompatible with C++98 [-Wc++98-compat]
[build]   599 |             if (t == value_t::array || t == value_t::object)
[build]       |                      ^
[build] C:\Users\pperv\code\unnamed_rpg\vendor\json\include\nlohmann/json.hpp(599,45): warning: enumeration type in nested name specifier is incompatible with C++98 [-Wc++98-compat]
[build]   599 |             if (t == value_t::array || t == value_t::object)
[build]       |                                             ^
[build] C:\Users\pperv\code\unnamed_rpg\vendor\json\include\nlohmann/json.hpp(605,26): warning: enumeration type in nested name specifier is incompatible with C++98 [-Wc++98-compat]
[build]   605 |                 if (t == value_t::array)
[build]       |                          ^
[build] C:\Users\pperv\code\unnamed_rpg\vendor\json\include\nlohmann/json.hpp(1432,33): warning: enumeration type in nested name specifier is incompatible with C++98 [-Wc++98-compat]
[build]  1432 |         return m_data.m_type == value_t::array;
[build]       |                                 ^
[build] C:\Users\pperv\code\unnamed_rpg\vendor\json\include\nlohmann/json.hpp(627,38): note: in instantiation of member function 'nlohmann::basic_json<>::is_array' requested here
[build]   627 |                     if (current_item.is_array())
[build]       |                                      ^
[build] C:\Users\pperv\code\unnamed_rpg\vendor\json\include\nlohmann/json.hpp(4302,21): note: in instantiation of member function 'nlohmann::basic_json<>::json_value::destroy' requested here
[build]  4302 |             m_value.destroy(m_type);
[build]       |                     ^
[build] C:\Users\pperv\code\unnamed_rpg\vendor\json\include\nlohmann/json.hpp(848,5): note: in instantiation of member function 'nlohmann::basic_json<>::data::~data' requested here
[build]   848 |     basic_json(const value_t v)
[build]       |     ^
[build] C:\Users\pperv\code\unnamed_rpg\vendor\json\include\nlohmann/json.hpp(857,11): note: in instantiation of member function 'nlohmann::basic_json<>::basic_json' requested here
[build]   857 |         : basic_json(value_t::null)
[build]       |           ^
[build] C:\Users\pperv\code\unnamed_rpg\vendor\json\include\nlohmann/json.hpp(4111,20): note: in instantiation of member function 'nlohmann::basic_json<>::basic_json' requested here
[build]  4111 |         basic_json result;
[build]       |                    ^
[build] C:\Users\pperv\code\unnamed_rpg\vendor\json\include\nlohmann/json.hpp(5294,28): note: in instantiation of function template specialization 'nlohmann::basic_json<>::parse<const char *, const char *, 0>' requested here
[build]  5294 |     return nlohmann::json::parse(s, s + n);
[build]       |                            ^
[build] C:\Users\pperv\code\unnamed_rpg\vendor\json\include\nlohmann/json.hpp(1425,33): warning: enumeration type in nested name specifier is incompatible with C++98 [-Wc++98-compat]
[build]  1425 |         return m_data.m_type == value_t::object;
[build]       |                                 ^
[build] C:\Users\pperv\code\unnamed_rpg\vendor\json\include\nlohmann/json.hpp(633,43): note: in instantiation of member function 'nlohmann::basic_json<>::is_object' requested here
[build]   633 |                     else if (current_item.is_object())
[build]       |                                           ^
[build] C:\Users\pperv\code\unnamed_rpg\vendor\json\include\nlohmann/json.hpp(4302,21): note: in instantiation of member function 'nlohmann::basic_json<>::json_value::destroy' requested here
[build]  4302 |             m_value.destroy(m_type);
[build]       |                     ^
[build] C:\Users\pperv\code\unnamed_rpg\vendor\json\include\nlohmann/json.hpp(848,5): note: in instantiation of member function 'nlohmann::basic_json<>::data::~data' requested here
[build]   848 |     basic_json(const value_t v)
[build]       |     ^
[build] C:\Users\pperv\code\unnamed_rpg\vendor\json\include\nlohmann/json.hpp(857,11): note: in instantiation of member function 'nlohmann::basic_json<>::basic_json' requested here
[build]   857 |         : basic_json(value_t::null)
[build]       |           ^
[build] C:\Users\pperv\code\unnamed_rpg\vendor\json\include\nlohmann/json.hpp(4111,20): note: in instantiation of member function 'nlohmann::basic_json<>::basic_json' requested here
[build]  4111 |         basic_json result;
[build]       |                    ^
[build] C:\Users\pperv\code\unnamed_rpg\vendor\json\include\nlohmann/json.hpp(5294,28): note: in instantiation of function template specialization 'nlohmann::basic_json<>::parse<const char *, const char *, 0>' requested here
[build]  5294 |     return nlohmann::json::parse(s, s + n);
[build]       |                            ^
[build] C:\Users\pperv\code\unnamed_rpg\vendor\json\include\nlohmann/json.hpp(650,22): warning: enumeration type in nested name specifier is incompatible with C++98 [-Wc++98-compat]
[build]   650 |                 case value_t::object:
[build]       |                      ^
[build] C:\Users\pperv\code\unnamed_rpg\vendor\json\include\nlohmann/json.hpp(4302,21): note: in instantiation of member function 'nlohmann::basic_json<>::json_value::destroy' requested here
[build]  4302 |             m_value.destroy(m_type);
[build]       |                     ^
[build] C:\Users\pperv\code\unnamed_rpg\vendor\json\include\nlohmann/json.hpp(848,5): note: in instantiation of member function 'nlohmann::basic_json<>::data::~data' requested here
[build]   848 |     basic_json(const value_t v)
[build]       |     ^
[build] C:\Users\pperv\code\unnamed_rpg\vendor\json\include\nlohmann/json.hpp(857,11): note: in instantiation of member function 'nlohmann::basic_json<>::basic_json' requested here
[build]   857 |         : basic_json(value_t::null)
[build]       |           ^
[build] C:\Users\pperv\code\unnamed_rpg\vendor\json\include\nlohmann/json.hpp(4111,20): note: in instantiation of member function 'nlohmann::basic_json<>::basic_json' requested here
[build]  4111 |         basic_json result;
[build]       |                    ^
[build] C:\Users\pperv\code\unnamed_rpg\vendor\json\include\nlohmann/json.hpp(5294,28): note: in instantiation of function template specialization 'nlohmann::basic_json<>::parse<const char *, const char *, 0>' requested here
[build]  5294 |     return nlohmann::json::parse(s, s + n);
[build]       |                            ^
[build] C:\Users\pperv\code\unnamed_rpg\vendor\json\include\nlohmann/json.hpp(658,22): warning: enumeration type in nested name specifier is incompatible with C++98 [-Wc++98-compat]
[build]   658 |                 case value_t::array:
[build]       |                      ^
[build] C:\Users\pperv\code\unnamed_rpg\vendor\json\include\nlohmann/json.hpp(666,22): warning: enumeration type in nested name specifier is incompatible with C++98 [-Wc++98-compat]
[build]   666 |                 case value_t::string:
[build]       |                      ^
[build] C:\Users\pperv\code\unnamed_rpg\vendor\json\include\nlohmann/json.hpp(674,22): warning: enumeration type in nested name specifier is incompatible with C++98 [-Wc++98-compat]
[build]   674 |                 case value_t::binary:
[build]       |                      ^
[build] C:\Users\pperv\code\unnamed_rpg\vendor\json\include\nlohmann/json.hpp(682,22): warning: enumeration type in nested name specifier is incompatible with C++98 [-Wc++98-compat]
[build]   682 |                 case value_t::null:
[build]       |                      ^
[build] C:\Users\pperv\code\unnamed_rpg\vendor\json\include\nlohmann/json.hpp(683,22): warning: enumeration type in nested name specifier is incompatible with C++98 [-Wc++98-compat]
[build]   683 |                 case value_t::boolean:
[build]       |                      ^
[build] C:\Users\pperv\code\unnamed_rpg\vendor\json\include\nlohmann/json.hpp(684,22): warning: enumeration type in nested name specifier is incompatible with C++98 [-Wc++98-compat]
[build]   684 |                 case value_t::number_integer:
[build]       |                      ^
[build] C:\Users\pperv\code\unnamed_rpg\vendor\json\include\nlohmann/json.hpp(685,22): warning: enumeration type in nested name specifier is incompatible with C++98 [-Wc++98-compat]
[build]   685 |                 case value_t::number_unsigned:
[build]       |                      ^
[build] C:\Users\pperv\code\unnamed_rpg\vendor\json\include\nlohmann/json.hpp(686,22): warning: enumeration type in nested name specifier is incompatible with C++98 [-Wc++98-compat]
[build]   686 |                 case value_t::number_float:
[build]       |                      ^
[build] C:\Users\pperv\code\unnamed_rpg\vendor\json\include\nlohmann/json.hpp(687,22): warning: enumeration type in nested name specifier is incompatible with C++98 [-Wc++98-compat]
[build]   687 |                 case value_t::discarded:
[build]       |                      ^
[build] C:\Users\pperv\code\unnamed_rpg\vendor\json\include\nlohmann/json.hpp(688,17): warning: default label in switch which covers all enumeration values [-Wcovered-switch-default]
[build]   688 |                 default:
[build]       |                 ^
[build] C:\Users\pperv\code\unnamed_rpg\vendor\json\include\nlohmann/json.hpp(717,82): warning: 'nullptr' is incompatible with C++98 [-Wc++98-compat]
[build]   717 |         JSON_ASSERT(m_data.m_type != value_t::object || m_data.m_value.object != nullptr);
[build]       |                                                                                  ^
[build] C:\Users\pperv\code\unnamed_rpg\vendor\json\include\nlohmann/json.hpp(718,80): warning: 'nullptr' is incompatible with C++98 [-Wc++98-compat]
[build]   718 |         JSON_ASSERT(m_data.m_type != value_t::array || m_data.m_value.array != nullptr);
[build]       |                                                                                ^
[build] C:\Users\pperv\code\unnamed_rpg\vendor\json\include\nlohmann/json.hpp(719,82): warning: 'nullptr' is incompatible with C++98 [-Wc++98-compat]
[build]   719 |         JSON_ASSERT(m_data.m_type != value_t::string || m_data.m_value.string != nullptr);
[build]       |                                                                                  ^
[build] C:\Users\pperv\code\unnamed_rpg\vendor\json\include\nlohmann/json.hpp(720,82): warning: 'nullptr' is incompatible with C++98 [-Wc++98-compat]
[build]   720 |         JSON_ASSERT(m_data.m_type != value_t::binary || m_data.m_value.binary != nullptr);
[build]       |                                                                                  ^
[build] C:\Users\pperv\code\unnamed_rpg\vendor\json\include\nlohmann/json.hpp(717,38): warning: enumeration type in nested name specifier is incompatible with C++98 [-Wc++98-compat]
[build]   717 |         JSON_ASSERT(m_data.m_type != value_t::object || m_data.m_value.object != nullptr);
[build]       |                                      ^
[build] C:\Users\pperv\code\unnamed_rpg\vendor\json\include\nlohmann/json.hpp(859,9): note: in instantiation of member function 'nlohmann::basic_json<>::assert_invariant' requested here
[build]   859 |         assert_invariant();
[build]       |         ^
[build] C:\Users\pperv\code\unnamed_rpg\vendor\json\include\nlohmann/json.hpp(4111,20): note: in instantiation of member function 'nlohmann::basic_json<>::basic_json' requested here
[build]  4111 |         basic_json result;
[build]       |                    ^
[build] C:\Users\pperv\code\unnamed_rpg\vendor\json\include\nlohmann/json.hpp(5294,28): note: in instantiation of function template specialization 'nlohmann::basic_json<>::parse<const char *, const char *, 0>' requested here
[build]  5294 |     return nlohmann::json::parse(s, s + n);
[build]       |                            ^
[build] C:\Users\pperv\code\unnamed_rpg\vendor\json\include\nlohmann/json.hpp(718,38): warning: enumeration type in nested name specifier is incompatible with C++98 [-Wc++98-compat]
[build]   718 |         JSON_ASSERT(m_data.m_type != value_t::array || m_data.m_value.array != nullptr);
[build]       |                                      ^
[build] C:\Users\pperv\code\unnamed_rpg\vendor\json\include\nlohmann/json.hpp(719,38): warning: enumeration type in nested name specifier is incompatible with C++98 [-Wc++98-compat]
[build]   719 |         JSON_ASSERT(m_data.m_type != value_t::string || m_data.m_value.string != nullptr);
[build]       |                                      ^
[build] C:\Users\pperv\code\unnamed_rpg\vendor\json\include\nlohmann/json.hpp(720,38): warning: enumeration type in nested name specifier is incompatible with C++98 [-Wc++98-compat]
[build]   720 |         JSON_ASSERT(m_data.m_type != value_t::binary || m_data.m_value.binary != nullptr);
[build]       |                                      ^
[build] In file included from C:\Users\pperv\code\unnamed_rpg\vendor\json-schema-validator\src\string-format-check.cpp:1:
[build] In file included from C:\Users\pperv\code\unnamed_rpg\vendor\json-schema-validator\src\nlohmann/json-schema.hpp:24:
[build] In file included from C:\Users\pperv\code\unnamed_rpg\vendor\json\include\nlohmann/json.hpp:50:
[build] In file included from C:\Users\pperv\code\unnamed_rpg\vendor\json\include\nlohmann/detail/input/binary_reader.hpp:28:
[build] C:\Users\pperv\code\unnamed_rpg\vendor\json\include\nlohmann/detail/input/input_adapters.hpp(569,26): warning: alias declarations are incompatible with C++98 [-Wc++98-compat]
[build]   569 |     using factory_type = iterator_input_adapter_factory<IteratorType, SentinelType>;
[build]       |                          ^
[build] In file included from C:\Users\pperv\code\unnamed_rpg\vendor\json-schema-validator\src\string-format-check.cpp:1:
[build] In file included from C:\Users\pperv\code\unnamed_rpg\vendor\json-schema-validator\src\nlohmann/json-schema.hpp:24:
[build] In file included from C:\Users\pperv\code\unnamed_rpg\vendor\json\include\nlohmann/json.hpp:53:
[build] C:\Users\pperv\code\unnamed_rpg\vendor\json\include\nlohmann/detail/input/parser.hpp(526,29): warning: enumeration type in nested name specifier is incompatible with C++98 [-Wc++98-compat]
[build]   526 |     token_type last_token = token_type::uninitialized;
[build]       |                             ^
[build] C:\Users\pperv\code\unnamed_rpg\vendor\json\include\nlohmann/detail/input/parser.hpp(71,14): note: in instantiation of default member initializer 'nlohmann::detail::parser<nlohmann::basic_json<>, nlohmann::detail::iterator_input_adapter<const char *>>::last_token' requested here
[build]    71 |     explicit parser(InputAdapterType&& adapter,
[build]       |              ^
[build] C:\Users\pperv\code\unnamed_rpg\vendor\json\include\nlohmann/json.hpp(170,16): note: in instantiation of member function 'nlohmann::detail::parser<nlohmann::basic_json<>, nlohmann::detail::iterator_input_adapter<const char *>>::parser' requested here
[build]   170 |         return ::nlohmann::detail::parser<basic_json, InputAdapterType>(std::move(adapter),
[build]       |                ^
[build] C:\Users\pperv\code\unnamed_rpg\vendor\json\include\nlohmann/json.hpp(4112,9): note: in instantiation of function template specialization 'nlohmann::basic_json<>::parser<nlohmann::detail::iterator_input_adapter<const char *>>' requested here
[build]  4112 |         parser(detail::input_adapter(std::move(first), std::move(last)), std::move(cb), allow_exceptions, ignore_comments, ignore_trailing_commas).parse(true, result); // cppcheck-suppress[accessMoved]
[build]       |         ^
[build] C:\Users\pperv\code\unnamed_rpg\vendor\json\include\nlohmann/json.hpp(5294,28): note: in instantiation of function template specialization 'nlohmann::basic_json<>::parse<const char *, const char *, 0>' requested here
[build]  5294 |     return nlohmann::json::parse(s, s + n);
[build]       |                            ^
[build] In file included from C:\Users\pperv\code\unnamed_rpg\vendor\json-schema-validator\src\string-format-check.cpp:1:
[build] In file included from C:\Users\pperv\code\unnamed_rpg\vendor\json-schema-validator\src\nlohmann/json-schema.hpp:24:
[build] In file included from C:\Users\pperv\code\unnamed_rpg\vendor\json\include\nlohmann/json.hpp:50:
[build] In file included from C:\Users\pperv\code\unnamed_rpg\vendor\json\include\nlohmann/detail/input/binary_reader.hpp:29:
[build] In file included from C:\Users\pperv\code\unnamed_rpg\vendor\json\include\nlohmann/detail/input/json_sax.hpp:18:
[build] C:\Users\pperv\code\unnamed_rpg\vendor\json\include\nlohmann/detail/input/lexer.hpp(1730,41): warning: constructor call from initializer list is incompatible with C++98 [-Wc++98-compat]
[build]  1730 |     std::vector<char_type> token_string {};
[build]       |                                         ^~
[build] C:\Users\pperv\code\unnamed_rpg\vendor\json\include\nlohmann/detail/input/lexer.hpp(152,14): note: in instantiation of default member initializer 'nlohmann::detail::lexer<nlohmann::basic_json<>, nlohmann::detail::iterator_input_adapter<const char *>>::token_string' requested here
[build]   152 |     explicit lexer(InputAdapterType&& adapter, bool ignore_comments_ = false) noexcept
[build]       |              ^
[build] C:\Users\pperv\code\unnamed_rpg\vendor\json\include\nlohmann/detail/input/parser.hpp(77,11): note: in instantiation of member function 'nlohmann::detail::lexer<nlohmann::basic_json<>, nlohmann::detail::iterator_input_adapter<const char *>>::lexer' requested here
[build]    77 |         , m_lexer(std::move(adapter), ignore_comments)
[build]       |           ^
[build] C:\Users\pperv\code\unnamed_rpg\vendor\json\include\nlohmann/json.hpp(170,16): note: in instantiation of member function 'nlohmann::detail::parser<nlohmann::basic_json<>, nlohmann::detail::iterator_input_adapter<const char *>>::parser' requested here
[build]   170 |         return ::nlohmann::detail::parser<basic_json, InputAdapterType>(std::move(adapter),
[build]       |                ^
[build] C:\Users\pperv\code\unnamed_rpg\vendor\json\include\nlohmann/json.hpp(4112,9): note: in instantiation of function template specialization 'nlohmann::basic_json<>::parser<nlohmann::detail::iterator_input_adapter<const char *>>' requested here
[build]  4112 |         parser(detail::input_adapter(std::move(first), std::move(last)), std::move(cb), allow_exceptions, ignore_comments, ignore_trailing_commas).parse(true, result); // cppcheck-suppress[accessMoved]
[build]       |         ^
[build] C:\Users\pperv\code\unnamed_rpg\vendor\json\include\nlohmann/json.hpp(5294,28): note: in instantiation of function template specialization 'nlohmann::basic_json<>::parse<const char *, const char *, 0>' requested here
[build]  5294 |     return nlohmann::json::parse(s, s + n);
[build]       |                            ^
[build] In file included from C:\Users\pperv\code\unnamed_rpg\vendor\json-schema-validator\src\string-format-check.cpp:1:
[build] In file included from C:\Users\pperv\code\unnamed_rpg\vendor\json-schema-validator\src\nlohmann/json-schema.hpp:24:
[build] In file included from C:\Users\pperv\code\unnamed_rpg\vendor\json\include\nlohmann/json.hpp:50:
[build] In file included from C:\Users\pperv\code\unnamed_rpg\vendor\json\include\nlohmann/detail/input/binary_reader.hpp:29:
[build] In file included from C:\Users\pperv\code\unnamed_rpg\vendor\json\include\nlohmann/detail/input/json_sax.hpp:18:
[build] C:\Users\pperv\code\unnamed_rpg\vendor\json\include\nlohmann/detail/input/lexer.hpp(1743,27): warning: constructor call from initializer list is incompatible with C++98 [-Wc++98-compat]
[build]  1743 |     string_t token_buffer {};
[build]       |                           ^~
[build] C:\Users\pperv\code\unnamed_rpg\vendor\json\include\nlohmann/detail/input/lexer.hpp(152,14): note: in instantiation of default member initializer 'nlohmann::detail::lexer<nlohmann::basic_json<>, nlohmann::detail::iterator_input_adapter<const char *>>::token_buffer' requested here
[build]   152 |     explicit lexer(InputAdapterType&& adapter, bool ignore_comments_ = false) noexcept
[build]       |              ^
[build] C:\Users\pperv\code\unnamed_rpg\vendor\json\include\nlohmann/detail/input/parser.hpp(77,11): note: in instantiation of member function 'nlohmann::detail::lexer<nlohmann::basic_json<>, nlohmann::detail::iterator_input_adapter<const char *>>::lexer' requested here
[build]    77 |         , m_lexer(std::move(adapter), ignore_comments)
[build]       |           ^
[build] C:\Users\pperv\code\unnamed_rpg\vendor\json\include\nlohmann/json.hpp(170,16): note: in instantiation of member function 'nlohmann::detail::parser<nlohmann::basic_json<>, nlohmann::detail::iterator_input_adapter<const char *>>::parser' requested here
[build]   170 |         return ::nlohmann::detail::parser<basic_json, InputAdapterType>(std::move(adapter),
[build]       |                ^
[build] C:\Users\pperv\code\unnamed_rpg\vendor\json\include\nlohmann/json.hpp(4112,9): note: in instantiation of function template specialization 'nlohmann::basic_json<>::parser<nlohmann::detail::iterator_input_adapter<const char *>>' requested here
[build]  4112 |         parser(detail::input_adapter(std::move(first), std::move(last)), std::move(cb), allow_exceptions, ignore_comments, ignore_trailing_commas).parse(true, result); // cppcheck-suppress[accessMoved]
[build]       |         ^
[build] C:\Users\pperv\code\unnamed_rpg\vendor\json\include\nlohmann/json.hpp(5294,28): note: in instantiation of function template specialization 'nlohmann::basic_json<>::parse<const char *, const char *, 0>' requested here
[build]  5294 |     return nlohmann::json::parse(s, s + n);
[build]       |                            ^
[build] In file included from C:\Users\pperv\code\unnamed_rpg\vendor\json-schema-validator\src\string-format-check.cpp:1:
[build] In file included from C:\Users\pperv\code\unnamed_rpg\vendor\json-schema-validator\src\nlohmann/json-schema.hpp:24:
[build] In file included from C:\Users\pperv\code\unnamed_rpg\vendor\json\include\nlohmann/json.hpp:50:
[build] In file included from C:\Users\pperv\code\unnamed_rpg\vendor\json\include\nlohmann/detail/input/binary_reader.hpp:29:
[build] In file included from C:\Users\pperv\code\unnamed_rpg\vendor\json\include\nlohmann/detail/input/json_sax.hpp:18:
[build] C:\Users\pperv\code\unnamed_rpg\vendor\json\include\nlohmann/detail/input/lexer.hpp(174,15): warning: 'auto' type specifier is incompatible with C++98 [-Wc++98-compat]
[build]   174 |         const auto* loc = localeconv();
[build]       |               ^~~~
[build] C:\Users\pperv\code\unnamed_rpg\vendor\json\include\nlohmann/detail/input/parser.hpp(77,11): note: in instantiation of member function 'nlohmann::detail::lexer<nlohmann::basic_json<>, nlohmann::detail::iterator_input_adapter<const char *>>::lexer' requested here
[build]    77 |         , m_lexer(std::move(adapter), ignore_comments)
[build]       |           ^
[build] C:\Users\pperv\code\unnamed_rpg\vendor\json\include\nlohmann/json.hpp(170,16): note: in instantiation of member function 'nlohmann::detail::parser<nlohmann::basic_json<>, nlohmann::detail::iterator_input_adapter<const char *>>::parser' requested here
[build]   170 |         return ::nlohmann::detail::parser<basic_json, InputAdapterType>(std::move(adapter),
[build]       |                ^
[build] C:\Users\pperv\code\unnamed_rpg\vendor\json\include\nlohmann/json.hpp(4112,9): note: in instantiation of function template specialization 'nlohmann::basic_json<>::parser<nlohmann::detail::iterator_input_adapter<const char *>>' requested here
[build]  4112 |         parser(detail::input_adapter(std::move(first), std::move(last)), std::move(cb), allow_exceptions, ignore_comments, ignore_trailing_commas).parse(true, result); // cppcheck-suppress[accessMoved]
[build]       |         ^
[build] C:\Users\pperv\code\unnamed_rpg\vendor\json\include\nlohmann/json.hpp(5294,28): note: in instantiation of function template specialization 'nlohmann::basic_json<>::parse<const char *, const char *, 0>' requested here
[build]  5294 |     return nlohmann::json::parse(s, s + n);
[build]       |                            ^
[build] In file included from C:\Users\pperv\code\unnamed_rpg\vendor\json-schema-validator\src\string-format-check.cpp:1:
[build] In file included from C:\Users\pperv\code\unnamed_rpg\vendor\json-schema-validator\src\nlohmann/json-schema.hpp:24:
[build] In file included from C:\Users\pperv\code\unnamed_rpg\vendor\json\include\nlohmann/json.hpp:50:
[build] In file included from C:\Users\pperv\code\unnamed_rpg\vendor\json\include\nlohmann/detail/input/binary_reader.hpp:29:
[build] In file included from C:\Users\pperv\code\unnamed_rpg\vendor\json\include\nlohmann/detail/input/json_sax.hpp:18:
[build] C:\Users\pperv\code\unnamed_rpg\vendor\json\include\nlohmann/detail/input/lexer.hpp(175,28): warning: 'nullptr' is incompatible with C++98 [-Wc++98-compat]
[build]   175 |         JSON_ASSERT(loc != nullptr);
[build]       |                            ^
[build] C:\Users\pperv\code\unnamed_rpg\vendor\json\include\nlohmann/detail/input/lexer.hpp(176,39): warning: 'nullptr' is incompatible with C++98 [-Wc++98-compat]
[build]   176 |         return (loc->decimal_point == nullptr) ? '.' : *(loc->decimal_point);
[build]       |                                       ^
[build] C:\Users\pperv\code\unnamed_rpg\vendor\json\include\nlohmann/detail/input/lexer.hpp(1630,20): warning: enumeration type in nested name specifier is incompatible with C++98 [-Wc++98-compat]
[build]  1630 |             return token_type::parse_error;
[build]       |                    ^
[build] C:\Users\pperv\code\unnamed_rpg\vendor\json\include\nlohmann/detail/input/parser.hpp(490,37): note: in instantiation of member function 'nlohmann::detail::lexer<nlohmann::basic_json<>, nlohmann::detail::iterator_input_adapter<const char *>>::scan' requested here
[build]   490 |         return last_token = m_lexer.scan();
[build]       |                                     ^
[build] C:\Users\pperv\code\unnamed_rpg\vendor\json\include\nlohmann/detail/input/parser.hpp(82,9): note: in instantiation of member function 'nlohmann::detail::parser<nlohmann::basic_json<>, nlohmann::detail::iterator_input_adapter<const char *>>::get_token' requested here
[build]    82 |         get_token();
[build]       |         ^
[build] C:\Users\pperv\code\unnamed_rpg\vendor\json\include\nlohmann/json.hpp(170,16): note: in instantiation of member function 'nlohmann::detail::parser<nlohmann::basic_json<>, nlohmann::detail::iterator_input_adapter<const char *>>::parser' requested here
[build]   170 |         return ::nlohmann::detail::parser<basic_json, InputAdapterType>(std::move(adapter),
[build]       |                ^
[build] C:\Users\pperv\code\unnamed_rpg\vendor\json\include\nlohmann/json.hpp(4112,9): note: in instantiation of function template specialization 'nlohmann::basic_json<>::parser<nlohmann::detail::iterator_input_adapter<const char *>>' requested here
[build]  4112 |         parser(detail::input_adapter(std::move(first), std::move(last)), std::move(cb), allow_exceptions, ignore_comments, ignore_trailing_commas).parse(true, result); // cppcheck-suppress[accessMoved]
[build]       |         ^
[build] C:\Users\pperv\code\unnamed_rpg\vendor\json\include\nlohmann/json.hpp(5294,28): note: in instantiation of function template specialization 'nlohmann::basic_json<>::parse<const char *, const char *, 0>' requested here
[build]  5294 |     return nlohmann::json::parse(s, s + n);
[build]       |                            ^
[build] In file included from C:\Users\pperv\code\unnamed_rpg\vendor\json-schema-validator\src\string-format-check.cpp:1:
[build] In file included from C:\Users\pperv\code\unnamed_rpg\vendor\json-schema-validator\src\nlohmann/json-schema.hpp:24:
[build] In file included from C:\Users\pperv\code\unnamed_rpg\vendor\json\include\nlohmann/json.hpp:50:
[build] In file included from C:\Users\pperv\code\unnamed_rpg\vendor\json\include\nlohmann/detail/input/binary_reader.hpp:29:
[build] In file included from C:\Users\pperv\code\unnamed_rpg\vendor\json\include\nlohmann/detail/input/json_sax.hpp:18:
[build] C:\Users\pperv\code\unnamed_rpg\vendor\json\include\nlohmann/detail/input/lexer.hpp(1641,24): warning: enumeration type in nested name specifier is incompatible with C++98 [-Wc++98-compat]
[build]  1641 |                 return token_type::parse_error;
[build]       |                        ^
[build] C:\Users\pperv\code\unnamed_rpg\vendor\json\include\nlohmann/detail/input/lexer.hpp(1652,24): warning: enumeration type in nested name specifier is incompatible with C++98 [-Wc++98-compat]
[build]  1652 |                 return token_type::begin_array;
[build]       |                        ^
[build] C:\Users\pperv\code\unnamed_rpg\vendor\json\include\nlohmann/detail/input/lexer.hpp(1654,24): warning: enumeration type in nested name specifier is incompatible with C++98 [-Wc++98-compat]
[build]  1654 |                 return token_type::end_array;
[build]       |                        ^
[build] C:\Users\pperv\code\unnamed_rpg\vendor\json\include\nlohmann/detail/input/lexer.hpp(1656,24): warning: enumeration type in nested name specifier is incompatible with C++98 [-Wc++98-compat]
[build]  1656 |                 return token_type::begin_object;
[build]       |                        ^
[build] C:\Users\pperv\code\unnamed_rpg\vendor\json\include\nlohmann/detail/input/lexer.hpp(1658,24): warning: enumeration type in nested name specifier is incompatible with C++98 [-Wc++98-compat]
[build]  1658 |                 return token_type::end_object;
[build]       |                        ^
[build] C:\Users\pperv\code\unnamed_rpg\vendor\json\include\nlohmann/detail/input/lexer.hpp(1660,24): warning: enumeration type in nested name specifier is incompatible with C++98 [-Wc++98-compat]
[build]  1660 |                 return token_type::name_separator;
[build]       |                        ^
[build] C:\Users\pperv\code\unnamed_rpg\vendor\json\include\nlohmann/detail/input/lexer.hpp(1662,24): warning: enumeration type in nested name specifier is incompatible with C++98 [-Wc++98-compat]
[build]  1662 |                 return token_type::value_separator;
[build]       |                        ^
[build] C:\Users\pperv\code\unnamed_rpg\vendor\json\include\nlohmann/detail/input/lexer.hpp(1668,79): warning: enumeration type in nested name specifier is incompatible with C++98 [-Wc++98-compat]
[build]  1668 |                 return scan_literal(true_literal.data(), true_literal.size(), token_type::literal_true);
[build]       |                                                                               ^
[build] C:\Users\pperv\code\unnamed_rpg\vendor\json\include\nlohmann/detail/input/lexer.hpp(1673,81): warning: enumeration type in nested name specifier is incompatible with C++98 [-Wc++98-compat]
[build]  1673 |                 return scan_literal(false_literal.data(), false_literal.size(), token_type::literal_false);
[build]       |                                                                                 ^
[build] C:\Users\pperv\code\unnamed_rpg\vendor\json\include\nlohmann/detail/input/lexer.hpp(1678,79): warning: enumeration type in nested name specifier is incompatible with C++98 [-Wc++98-compat]
[build]  1678 |                 return scan_literal(null_literal.data(), null_literal.size(), token_type::literal_null);
[build]       |                                                                               ^
[build] C:\Users\pperv\code\unnamed_rpg\vendor\json\include\nlohmann/detail/input/lexer.hpp(1703,24): warning: enumeration type in nested name specifier is incompatible with C++98 [-Wc++98-compat]
[build]  1703 |                 return token_type::end_of_input;
[build]       |                        ^
[build] C:\Users\pperv\code\unnamed_rpg\vendor\json\include\nlohmann/detail/input/lexer.hpp(1708,24): warning: enumeration type in nested name specifier is incompatible with C++98 [-Wc++98-compat]
[build]  1708 |                 return token_type::parse_error;
[build]       |                        ^
[build] C:\Users\pperv\code\unnamed_rpg\vendor\json\include\nlohmann/detail/input/lexer.hpp(1411,70): warning: generalized initializer lists are incompatible with C++98 [-Wc++98-compat]
[build]  1411 |         capture_char(std::integral_constant<bool, lazy_token_string> {});
[build]       |                                                                      ^
[build] In file included from C:\Users\pperv\code\unnamed_rpg\vendor\json-schema-validator\src\string-format-check.cpp:1:
[build] In file included from C:\Users\pperv\code\unnamed_rpg\vendor\json-schema-validator\src\nlohmann/json-schema.hpp:24:
[build] In file included from C:\Users\pperv\code\unnamed_rpg\vendor\json\include\nlohmann/json.hpp:50:
[build] In file included from C:\Users\pperv\code\unnamed_rpg\vendor\json\include\nlohmann/detail/input/binary_reader.hpp:28:
[build] C:\Users\pperv\code\unnamed_rpg\vendor\json\include\nlohmann/detail/input/input_adapters.hpp(185,13): warning: 'auto' type specifier is incompatible with C++98 [-Wc++98-compat]
[build]   185 |             auto result = char_traits<char_type>::to_int_type(*current);
[build]       |             ^~~~
[build] C:\Users\pperv\code\unnamed_rpg\vendor\json\include\nlohmann/detail/input/lexer.hpp(1603,13): note: in instantiation of member function 'nlohmann::detail::lexer<nlohmann::basic_json<>, nlohmann::detail::iterator_input_adapter<const char *>>::get' requested here
[build]  1603 |         if (get() == 0xEF)
[build]       |             ^
[build] C:\Users\pperv\code\unnamed_rpg\vendor\json\include\nlohmann/detail/input/lexer.hpp(1627,48): note: in instantiation of member function 'nlohmann::detail::lexer<nlohmann::basic_json<>, nlohmann::detail::iterator_input_adapter<const char *>>::skip_bom' requested here
[build]  1627 |         if (position.chars_read_total == 0 && !skip_bom())
[build]       |                                                ^
[build] C:\Users\pperv\code\unnamed_rpg\vendor\json\include\nlohmann/detail/input/parser.hpp(490,37): note: in instantiation of member function 'nlohmann::detail::lexer<nlohmann::basic_json<>, nlohmann::detail::iterator_input_adapter<const char *>>::scan' requested here
[build]   490 |         return last_token = m_lexer.scan();
[build]       |                                     ^
[build] C:\Users\pperv\code\unnamed_rpg\vendor\json\include\nlohmann/detail/input/parser.hpp(82,9): note: in instantiation of member function 'nlohmann::detail::parser<nlohmann::basic_json<>, nlohmann::detail::iterator_input_adapter<const char *>>::get_token' requested here
[build]    82 |         get_token();
[build]       |         ^
[build] C:\Users\pperv\code\unnamed_rpg\vendor\json\include\nlohmann/json.hpp(170,16): note: in instantiation of member function 'nlohmann::detail::parser<nlohmann::basic_json<>, nlohmann::detail::iterator_input_adapter<const char *>>::parser' requested here
[build]   170 |         return ::nlohmann::detail::parser<basic_json, InputAdapterType>(std::move(adapter),
[build]       |                ^
[build] C:\Users\pperv\code\unnamed_rpg\vendor\json\include\nlohmann/json.hpp(4112,9): note: in instantiation of function template specialization 'nlohmann::basic_json<>::parser<nlohmann::detail::iterator_input_adapter<const char *>>' requested here
[build]  4112 |         parser(detail::input_adapter(std::move(first), std::move(last)), std::move(cb), allow_exceptions, ignore_comments, ignore_trailing_commas).parse(true, result); // cppcheck-suppress[accessMoved]
[build]       |         ^
[build] C:\Users\pperv\code\unnamed_rpg\vendor\json\include\nlohmann/json.hpp(5294,28): note: in instantiation of function template specialization 'nlohmann::basic_json<>::parse<const char *, const char *, 0>' requested here
[build]  5294 |     return nlohmann::json::parse(s, s + n);
[build]       |                            ^
[build] In file included from C:\Users\pperv\code\unnamed_rpg\vendor\json-schema-validator\src\string-format-check.cpp:1:
[build] In file included from C:\Users\pperv\code\unnamed_rpg\vendor\json-schema-validator\src\nlohmann/json-schema.hpp:24:
[build] In file included from C:\Users\pperv\code\unnamed_rpg\vendor\json\include\nlohmann/json.hpp:50:
[build] In file included from C:\Users\pperv\code\unnamed_rpg\vendor\json\include\nlohmann/detail/input/binary_reader.hpp:29:
[build] In file included from C:\Users\pperv\code\unnamed_rpg\vendor\json\include\nlohmann/detail/input/json_sax.hpp:18:
[build] C:\Users\pperv\code\unnamed_rpg\vendor\json\include\nlohmann/detail/input/lexer.hpp(1461,72): warning: generalized initializer lists are incompatible with C++98 [-Wc++98-compat]
[build]  1461 |         uncapture_char(std::integral_constant<bool, lazy_token_string> {});
[build]       |                                                                        ^
[build] C:\Users\pperv\code\unnamed_rpg\vendor\json\include\nlohmann/detail/input/lexer.hpp(1344,24): warning: enumeration type in nested name specifier is incompatible with C++98 [-Wc++98-compat]
[build]  1344 |                 return token_type::parse_error;
[build]       |                        ^
[build] C:\Users\pperv\code\unnamed_rpg\vendor\json\include\nlohmann/detail/input/lexer.hpp(1668,24): note: in instantiation of member function 'nlohmann::detail::lexer<nlohmann::basic_json<>, nlohmann::detail::iterator_input_adapter<const char *>>::scan_literal' requested here
[build]  1668 |                 return scan_literal(true_literal.data(), true_literal.size(), token_type::literal_true);
[build]       |                        ^
[build] C:\Users\pperv\code\unnamed_rpg\vendor\json\include\nlohmann/detail/input/parser.hpp(490,37): note: in instantiation of member function 'nlohmann::detail::lexer<nlohmann::basic_json<>, nlohmann::detail::iterator_input_adapter<const char *>>::scan' requested here
[build]   490 |         return last_token = m_lexer.scan();
[build]       |                                     ^
[build] C:\Users\pperv\code\unnamed_rpg\vendor\json\include\nlohmann/detail/input/parser.hpp(82,9): note: in instantiation of member function 'nlohmann::detail::parser<nlohmann::basic_json<>, nlohmann::detail::iterator_input_adapter<const char *>>::get_token' requested here
[build]    82 |         get_token();
[build]       |         ^
[build] C:\Users\pperv\code\unnamed_rpg\vendor\json\include\nlohmann/json.hpp(170,16): note: in instantiation of member function 'nlohmann::detail::parser<nlohmann::basic_json<>, nlohmann::detail::iterator_input_adapter<const char *>>::parser' requested here
[build]   170 |         return ::nlohmann::detail::parser<basic_json, InputAdapterType>(std::move(adapter),
[build]       |                ^
[build] C:\Users\pperv\code\unnamed_rpg\vendor\json\include\nlohmann/json.hpp(4112,9): note: in instantiation of function template specialization 'nlohmann::basic_json<>::parser<nlohmann::detail::iterator_input_adapter<const char *>>' requested here
[build]  4112 |         parser(detail::input_adapter(std::move(first), std::move(last)), std::move(cb), allow_exceptions, ignore_comments, ignore_trailing_commas).parse(true, result); // cppcheck-suppress[accessMoved]
[build]       |         ^
[build] C:\Users\pperv\code\unnamed_rpg\vendor\json\include\nlohmann/json.hpp(5294,28): note: in instantiation of function template specialization 'nlohmann::basic_json<>::parse<const char *, const char *, 0>' requested here
[build]  5294 |     return nlohmann::json::parse(s, s + n);
[build]       |                            ^
[build] In file included from C:\Users\pperv\code\unnamed_rpg\vendor\json-schema-validator\src\string-format-check.cpp:1:
[build] In file included from C:\Users\pperv\code\unnamed_rpg\vendor\json-schema-validator\src\nlohmann/json-schema.hpp:24:
[build] In file included from C:\Users\pperv\code\unnamed_rpg\vendor\json\include\nlohmann/json.hpp:50:
[build] In file included from C:\Users\pperv\code\unnamed_rpg\vendor\json\include\nlohmann/detail/input/binary_reader.hpp:29:
[build] In file included from C:\Users\pperv\code\unnamed_rpg\vendor\json\include\nlohmann/detail/input/json_sax.hpp:18:
[build] C:\Users\pperv\code\unnamed_rpg\vendor\json\include\nlohmann/detail/input/lexer.hpp(776,66): warning: generalized initializer lists are incompatible with C++98 [-Wc++98-compat]
[build]   776 |                     if (JSON_HEDLEY_UNLIKELY(!next_byte_in_range({0x80, 0xBF})))
[build]       |                                                                  ^
[build] C:\Users\pperv\code\unnamed_rpg\vendor\json\include\nlohmann/detail/input/lexer.hpp(786,67): warning: generalized initializer lists are incompatible with C++98 [-Wc++98-compat]
[build]   786 |                     if (JSON_HEDLEY_UNLIKELY(!(next_byte_in_range({0xA0, 0xBF, 0x80, 0xBF}))))
[build]       |                                                                   ^
[build] C:\Users\pperv\code\unnamed_rpg\vendor\json\include\nlohmann/detail/input/lexer.hpp(810,67): warning: generalized initializer lists are incompatible with C++98 [-Wc++98-compat]
[build]   810 |                     if (JSON_HEDLEY_UNLIKELY(!(next_byte_in_range({0x80, 0xBF, 0x80, 0xBF}))))
[build]       |                                                                   ^
[build] C:\Users\pperv\code\unnamed_rpg\vendor\json\include\nlohmann/detail/input/lexer.hpp(820,67): warning: generalized initializer lists are incompatible with C++98 [-Wc++98-compat]
[build]   820 |                     if (JSON_HEDLEY_UNLIKELY(!(next_byte_in_range({0x80, 0x9F, 0x80, 0xBF}))))
[build]       |                                                                   ^
[build] C:\Users\pperv\code\unnamed_rpg\vendor\json\include\nlohmann/detail/input/lexer.hpp(830,67): warning: generalized initializer lists are incompatible with C++98 [-Wc++98-compat]
[build]   830 |                     if (JSON_HEDLEY_UNLIKELY(!(next_byte_in_range({0x90, 0xBF, 0x80, 0xBF, 0x80, 0xBF}))))
[build]       |                                                                   ^
[build] C:\Users\pperv\code\unnamed_rpg\vendor\json\include\nlohmann/detail/input/lexer.hpp(842,67): warning: generalized initializer lists are incompatible with C++98 [-Wc++98-compat]
[build]   842 |                     if (JSON_HEDLEY_UNLIKELY(!(next_byte_in_range({0x80, 0xBF, 0x80, 0xBF, 0x80, 0xBF}))))
[build]       |                                                                   ^
[build] C:\Users\pperv\code\unnamed_rpg\vendor\json\include\nlohmann/detail/input/lexer.hpp(852,67): warning: generalized initializer lists are incompatible with C++98 [-Wc++98-compat]
[build]   852 |                     if (JSON_HEDLEY_UNLIKELY(!(next_byte_in_range({0x80, 0x8F, 0x80, 0xBF, 0x80, 0xBF}))))
[build]       |                                                                   ^
[build] C:\Users\pperv\code\unnamed_rpg\vendor\json\include\nlohmann/detail/input/lexer.hpp(300,28): warning: enumeration type in nested name specifier is incompatible with C++98 [-Wc++98-compat]
[build]   300 |                     return token_type::parse_error;
[build]       |                            ^
[build] C:\Users\pperv\code\unnamed_rpg\vendor\json\include\nlohmann/detail/input/lexer.hpp(1683,24): note: in instantiation of member function 'nlohmann::detail::lexer<nlohmann::basic_json<>, nlohmann::detail::iterator_input_adapter<const char *>>::scan_string' requested here
[build]  1683 |                 return scan_string();
[build]       |                        ^
[build] C:\Users\pperv\code\unnamed_rpg\vendor\json\include\nlohmann/detail/input/parser.hpp(490,37): note: in instantiation of member function 'nlohmann::detail::lexer<nlohmann::basic_json<>, nlohmann::detail::iterator_input_adapter<const char *>>::scan' requested here
[build]   490 |         return last_token = m_lexer.scan();
[build]       |                                     ^
[build] C:\Users\pperv\code\unnamed_rpg\vendor\json\include\nlohmann/detail/input/parser.hpp(82,9): note: in instantiation of member function 'nlohmann::detail::parser<nlohmann::basic_json<>, nlohmann::detail::iterator_input_adapter<const char *>>::get_token' requested here
[build]    82 |         get_token();
[build]       |         ^
[build] C:\Users\pperv\code\unnamed_rpg\vendor\json\include\nlohmann/json.hpp(170,16): note: in instantiation of member function 'nlohmann::detail::parser<nlohmann::basic_json<>, nlohmann::detail::iterator_input_adapter<const char *>>::parser' requested here
[build]   170 |         return ::nlohmann::detail::parser<basic_json, InputAdapterType>(std::move(adapter),
[build]       |                ^
[build] C:\Users\pperv\code\unnamed_rpg\vendor\json\include\nlohmann/json.hpp(4112,9): note: in instantiation of function template specialization 'nlohmann::basic_json<>::parser<nlohmann::detail::iterator_input_adapter<const char *>>' requested here
[build]  4112 |         parser(detail::input_adapter(std::move(first), std::move(last)), std::move(cb), allow_exceptions, ignore_comments, ignore_trailing_commas).parse(true, result); // cppcheck-suppress[accessMoved]
[build]       |         ^
[build] C:\Users\pperv\code\unnamed_rpg\vendor\json\include\nlohmann/json.hpp(5294,28): note: in instantiation of function template specialization 'nlohmann::basic_json<>::parse<const char *, const char *, 0>' requested here
[build]  5294 |     return nlohmann::json::parse(s, s + n);
[build]       |                            ^
[build] In file included from C:\Users\pperv\code\unnamed_rpg\vendor\json-schema-validator\src\string-format-check.cpp:1:
[build] In file included from C:\Users\pperv\code\unnamed_rpg\vendor\json-schema-validator\src\nlohmann/json-schema.hpp:24:
[build] In file included from C:\Users\pperv\code\unnamed_rpg\vendor\json\include\nlohmann/json.hpp:50:
[build] In file included from C:\Users\pperv\code\unnamed_rpg\vendor\json\include\nlohmann/detail/input/binary_reader.hpp:29:
[build] In file included from C:\Users\pperv\code\unnamed_rpg\vendor\json\include\nlohmann/detail/input/json_sax.hpp:18:
[build] C:\Users\pperv\code\unnamed_rpg\vendor\json\include\nlohmann/detail/input/lexer.hpp(306,28): warning: enumeration type in nested name specifier is incompatible with C++98 [-Wc++98-compat]
[build]   306 |                     return token_type::value_string;
[build]       |                            ^
[build] C:\Users\pperv\code\unnamed_rpg\vendor\json\include\nlohmann/detail/input/lexer.hpp(356,40): warning: enumeration type in nested name specifier is incompatible with C++98 [-Wc++98-compat]
[build]   356 |                                 return token_type::parse_error;
[build]       |                                        ^
[build] C:\Users\pperv\code\unnamed_rpg\vendor\json\include\nlohmann/detail/input/lexer.hpp(370,48): warning: enumeration type in nested name specifier is incompatible with C++98 [-Wc++98-compat]
[build]   370 |                                         return token_type::parse_error;
[build]       |                                                ^
[build] C:\Users\pperv\code\unnamed_rpg\vendor\json\include\nlohmann/detail/input/lexer.hpp(390,48): warning: enumeration type in nested name specifier is incompatible with C++98 [-Wc++98-compat]
[build]   390 |                                         return token_type::parse_error;
[build]       |                                                ^
[build] C:\Users\pperv\code\unnamed_rpg\vendor\json\include\nlohmann/detail/input/lexer.hpp(396,44): warning: enumeration type in nested name specifier is incompatible with C++98 [-Wc++98-compat]
[build]   396 |                                     return token_type::parse_error;
[build]       |                                            ^
[build] C:\Users\pperv\code\unnamed_rpg\vendor\json\include\nlohmann/detail/input/lexer.hpp(404,44): warning: enumeration type in nested name specifier is incompatible with C++98 [-Wc++98-compat]
[build]   404 |                                     return token_type::parse_error;
[build]       |                                            ^
[build] C:\Users\pperv\code\unnamed_rpg\vendor\json\include\nlohmann/detail/input/lexer.hpp(445,36): warning: enumeration type in nested name specifier is incompatible with C++98 [-Wc++98-compat]
[build]   445 |                             return token_type::parse_error;
[build]       |                                    ^
[build] C:\Users\pperv\code\unnamed_rpg\vendor\json\include\nlohmann/detail/input/lexer.hpp(455,28): warning: enumeration type in nested name specifier is incompatible with C++98 [-Wc++98-compat]
[build]   455 |                     return token_type::parse_error;
[build]       |                            ^
[build] C:\Users\pperv\code\unnamed_rpg\vendor\json\include\nlohmann/detail/input/lexer.hpp(461,28): warning: enumeration type in nested name specifier is incompatible with C++98 [-Wc++98-compat]
[build]   461 |                     return token_type::parse_error;
[build]       |                            ^
[build] C:\Users\pperv\code\unnamed_rpg\vendor\json\include\nlohmann/detail/input/lexer.hpp(467,28): warning: enumeration type in nested name specifier is incompatible with C++98 [-Wc++98-compat]
[build]   467 |                     return token_type::parse_error;
[build]       |                            ^
[build] C:\Users\pperv\code\unnamed_rpg\vendor\json\include\nlohmann/detail/input/lexer.hpp(473,28): warning: enumeration type in nested name specifier is incompatible with C++98 [-Wc++98-compat]
[build]   473 |                     return token_type::parse_error;
[build]       |                            ^
[build] C:\Users\pperv\code\unnamed_rpg\vendor\json\include\nlohmann/detail/input/lexer.hpp(479,28): warning: enumeration type in nested name specifier is incompatible with C++98 [-Wc++98-compat]
[build]   479 |                     return token_type::parse_error;
[build]       |                            ^
[build] C:\Users\pperv\code\unnamed_rpg\vendor\json\include\nlohmann/detail/input/lexer.hpp(485,28): warning: enumeration type in nested name specifier is incompatible with C++98 [-Wc++98-compat]
[build]   485 |                     return token_type::parse_error;
[build]       |                            ^
[build] C:\Users\pperv\code\unnamed_rpg\vendor\json\include\nlohmann/detail/input/lexer.hpp(491,28): warning: enumeration type in nested name specifier is incompatible with C++98 [-Wc++98-compat]
[build]   491 |                     return token_type::parse_error;
[build]       |                            ^
[build] C:\Users\pperv\code\unnamed_rpg\vendor\json\include\nlohmann/detail/input/lexer.hpp(497,28): warning: enumeration type in nested name specifier is incompatible with C++98 [-Wc++98-compat]
[build]   497 |                     return token_type::parse_error;
[build]       |                            ^
[build] C:\Users\pperv\code\unnamed_rpg\vendor\json\include\nlohmann/detail/input/lexer.hpp(503,28): warning: enumeration type in nested name specifier is incompatible with C++98 [-Wc++98-compat]
[build]   503 |                     return token_type::parse_error;
[build]       |                            ^
[build] C:\Users\pperv\code\unnamed_rpg\vendor\json\include\nlohmann/detail/input/lexer.hpp(509,28): warning: enumeration type in nested name specifier is incompatible with C++98 [-Wc++98-compat]
[build]   509 |                     return token_type::parse_error;
[build]       |                            ^
[build] C:\Users\pperv\code\unnamed_rpg\vendor\json\include\nlohmann/detail/input/lexer.hpp(515,28): warning: enumeration type in nested name specifier is incompatible with C++98 [-Wc++98-compat]
[build]   515 |                     return token_type::parse_error;
[build]       |                            ^
[build] C:\Users\pperv\code\unnamed_rpg\vendor\json\include\nlohmann/detail/input/lexer.hpp(521,28): warning: enumeration type in nested name specifier is incompatible with C++98 [-Wc++98-compat]
[build]   521 |                     return token_type::parse_error;
[build]       |                            ^
[build] C:\Users\pperv\code\unnamed_rpg\vendor\json\include\nlohmann/detail/input/lexer.hpp(527,28): warning: enumeration type in nested name specifier is incompatible with C++98 [-Wc++98-compat]
[build]   527 |                     return token_type::parse_error;
[build]       |                            ^
[build] C:\Users\pperv\code\unnamed_rpg\vendor\json\include\nlohmann/detail/input/lexer.hpp(533,28): warning: enumeration type in nested name specifier is incompatible with C++98 [-Wc++98-compat]
[build]   533 |                     return token_type::parse_error;
[build]       |                            ^
[build] C:\Users\pperv\code\unnamed_rpg\vendor\json\include\nlohmann/detail/input/lexer.hpp(539,28): warning: enumeration type in nested name specifier is incompatible with C++98 [-Wc++98-compat]
[build]   539 |                     return token_type::parse_error;
[build]       |                            ^
[build] C:\Users\pperv\code\unnamed_rpg\vendor\json\include\nlohmann/detail/input/lexer.hpp(545,28): warning: enumeration type in nested name specifier is incompatible with C++98 [-Wc++98-compat]
[build]   545 |                     return token_type::parse_error;
[build]       |                            ^
[build] C:\Users\pperv\code\unnamed_rpg\vendor\json\include\nlohmann/detail/input/lexer.hpp(551,28): warning: enumeration type in nested name specifier is incompatible with C++98 [-Wc++98-compat]
[build]   551 |                     return token_type::parse_error;
[build]       |                            ^
[build] C:\Users\pperv\code\unnamed_rpg\vendor\json\include\nlohmann/detail/input/lexer.hpp(557,28): warning: enumeration type in nested name specifier is incompatible with C++98 [-Wc++98-compat]
[build]   557 |                     return token_type::parse_error;
[build]       |                            ^
[build] C:\Users\pperv\code\unnamed_rpg\vendor\json\include\nlohmann/detail/input/lexer.hpp(563,28): warning: enumeration type in nested name specifier is incompatible with C++98 [-Wc++98-compat]
[build]   563 |                     return token_type::parse_error;
[build]       |                            ^
[build] C:\Users\pperv\code\unnamed_rpg\vendor\json\include\nlohmann/detail/input/lexer.hpp(569,28): warning: enumeration type in nested name specifier is incompatible with C++98 [-Wc++98-compat]
[build]   569 |                     return token_type::parse_error;
[build]       |                            ^
[build] C:\Users\pperv\code\unnamed_rpg\vendor\json\include\nlohmann/detail/input/lexer.hpp(575,28): warning: enumeration type in nested name specifier is incompatible with C++98 [-Wc++98-compat]
[build]   575 |                     return token_type::parse_error;
[build]       |                            ^
[build] C:\Users\pperv\code\unnamed_rpg\vendor\json\include\nlohmann/detail/input/lexer.hpp(581,28): warning: enumeration type in nested name specifier is incompatible with C++98 [-Wc++98-compat]
[build]   581 |                     return token_type::parse_error;
[build]       |                            ^
[build] C:\Users\pperv\code\unnamed_rpg\vendor\json\include\nlohmann/detail/input/lexer.hpp(587,28): warning: enumeration type in nested name specifier is incompatible with C++98 [-Wc++98-compat]
[build]   587 |                     return token_type::parse_error;
[build]       |                            ^
[build] C:\Users\pperv\code\unnamed_rpg\vendor\json\include\nlohmann/detail/input/lexer.hpp(593,28): warning: enumeration type in nested name specifier is incompatible with C++98 [-Wc++98-compat]
[build]   593 |                     return token_type::parse_error;
[build]       |                            ^
[build] C:\Users\pperv\code\unnamed_rpg\vendor\json\include\nlohmann/detail/input/lexer.hpp(599,28): warning: enumeration type in nested name specifier is incompatible with C++98 [-Wc++98-compat]
[build]   599 |                     return token_type::parse_error;
[build]       |                            ^
[build] C:\Users\pperv\code\unnamed_rpg\vendor\json\include\nlohmann/detail/input/lexer.hpp(605,28): warning: enumeration type in nested name specifier is incompatible with C++98 [-Wc++98-compat]
[build]   605 |                     return token_type::parse_error;
[build]       |                            ^
[build] C:\Users\pperv\code\unnamed_rpg\vendor\json\include\nlohmann/detail/input/lexer.hpp(611,28): warning: enumeration type in nested name specifier is incompatible with C++98 [-Wc++98-compat]
[build]   611 |                     return token_type::parse_error;
[build]       |                            ^
[build] C:\Users\pperv\code\unnamed_rpg\vendor\json\include\nlohmann/detail/input/lexer.hpp(617,28): warning: enumeration type in nested name specifier is incompatible with C++98 [-Wc++98-compat]
[build]   617 |                     return token_type::parse_error;
[build]       |                            ^
[build] C:\Users\pperv\code\unnamed_rpg\vendor\json\include\nlohmann/detail/input/lexer.hpp(623,28): warning: enumeration type in nested name specifier is incompatible with C++98 [-Wc++98-compat]
[build]   623 |                     return token_type::parse_error;
[build]       |                            ^
[build] C:\Users\pperv\code\unnamed_rpg\vendor\json\include\nlohmann/detail/input/lexer.hpp(629,28): warning: enumeration type in nested name specifier is incompatible with C++98 [-Wc++98-compat]
[build]   629 |                     return token_type::parse_error;
[build]       |                            ^
[build] C:\Users\pperv\code\unnamed_rpg\vendor\json\include\nlohmann/detail/input/lexer.hpp(635,28): warning: enumeration type in nested name specifier is incompatible with C++98 [-Wc++98-compat]
[build]   635 |                     return token_type::parse_error;
[build]       |                            ^
[build] C:\Users\pperv\code\unnamed_rpg\vendor\json\include\nlohmann/detail/input/lexer.hpp(641,28): warning: enumeration type in nested name specifier is incompatible with C++98 [-Wc++98-compat]
[build]   641 |                     return token_type::parse_error;
[build]       |                            ^
[build] C:\Users\pperv\code\unnamed_rpg\vendor\json\include\nlohmann/detail/input/lexer.hpp(776,66): warning: initialization of initializer_list object is incompatible with C++98 [-Wc++98-compat]
[build]   776 |                     if (JSON_HEDLEY_UNLIKELY(!next_byte_in_range({0x80, 0xBF})))
[build]       |                                                                  ^~~~~~~~~~~~
[build] C:\Users\pperv\code\unnamed_rpg\vendor\json\include\nlohmann/thirdparty/hedley/hedley.hpp(1360,94): note: expanded from macro 'JSON_HEDLEY_UNLIKELY'
[build]  1360 | #  define JSON_HEDLEY_UNLIKELY(expr)                    __builtin_expect                 (!!(expr),    0                  )
[build]       |                                                                                              ^~~~
[build] In file included from C:\Users\pperv\code\unnamed_rpg\vendor\json-schema-validator\src\string-format-check.cpp:1:
[build] In file included from C:\Users\pperv\code\unnamed_rpg\vendor\json-schema-validator\src\nlohmann/json-schema.hpp:24:
[build] In file included from C:\Users\pperv\code\unnamed_rpg\vendor\json\include\nlohmann/json.hpp:50:
[build] In file included from C:\Users\pperv\code\unnamed_rpg\vendor\json\include\nlohmann/detail/input/binary_reader.hpp:29:
[build] In file included from C:\Users\pperv\code\unnamed_rpg\vendor\json\include\nlohmann/detail/input/json_sax.hpp:18:
[build] C:\Users\pperv\code\unnamed_rpg\vendor\json\include\nlohmann/detail/input/lexer.hpp(778,32): warning: enumeration type in nested name specifier is incompatible with C++98 [-Wc++98-compat]
[build]   778 |                         return token_type::parse_error;
[build]       |                                ^
[build] C:\Users\pperv\code\unnamed_rpg\vendor\json\include\nlohmann/detail/input/lexer.hpp(786,67): warning: initialization of initializer_list object is incompatible with C++98 [-Wc++98-compat]
[build]   786 |                     if (JSON_HEDLEY_UNLIKELY(!(next_byte_in_range({0xA0, 0xBF, 0x80, 0xBF}))))
[build]       |                                                                   ^~~~~~~~~~~~~~~~~~~~~~~~
[build] C:\Users\pperv\code\unnamed_rpg\vendor\json\include\nlohmann/thirdparty/hedley/hedley.hpp(1360,94): note: expanded from macro 'JSON_HEDLEY_UNLIKELY'
[build]  1360 | #  define JSON_HEDLEY_UNLIKELY(expr)                    __builtin_expect                 (!!(expr),    0                  )
[build]       |                                                                                              ^~~~
[build] In file included from C:\Users\pperv\code\unnamed_rpg\vendor\json-schema-validator\src\string-format-check.cpp:1:
[build] In file included from C:\Users\pperv\code\unnamed_rpg\vendor\json-schema-validator\src\nlohmann/json-schema.hpp:24:
[build] In file included from C:\Users\pperv\code\unnamed_rpg\vendor\json\include\nlohmann/json.hpp:50:
[build] In file included from C:\Users\pperv\code\unnamed_rpg\vendor\json\include\nlohmann/detail/input/binary_reader.hpp:29:
[build] In file included from C:\Users\pperv\code\unnamed_rpg\vendor\json\include\nlohmann/detail/input/json_sax.hpp:18:
[build] C:\Users\pperv\code\unnamed_rpg\vendor\json\include\nlohmann/detail/input/lexer.hpp(788,32): warning: enumeration type in nested name specifier is incompatible with C++98 [-Wc++98-compat]
[build]   788 |                         return token_type::parse_error;
[build]       |                                ^
[build] C:\Users\pperv\code\unnamed_rpg\vendor\json\include\nlohmann/detail/input/lexer.hpp(810,67): warning: initialization of initializer_list object is incompatible with C++98 [-Wc++98-compat]
[build]   810 |                     if (JSON_HEDLEY_UNLIKELY(!(next_byte_in_range({0x80, 0xBF, 0x80, 0xBF}))))
[build]       |                                                                   ^~~~~~~~~~~~~~~~~~~~~~~~
[build] C:\Users\pperv\code\unnamed_rpg\vendor\json\include\nlohmann/thirdparty/hedley/hedley.hpp(1360,94): note: expanded from macro 'JSON_HEDLEY_UNLIKELY'
[build]  1360 | #  define JSON_HEDLEY_UNLIKELY(expr)                    __builtin_expect                 (!!(expr),    0                  )
[build]       |                                                                                              ^~~~
[build] In file included from C:\Users\pperv\code\unnamed_rpg\vendor\json-schema-validator\src\string-format-check.cpp:1:
[build] In file included from C:\Users\pperv\code\unnamed_rpg\vendor\json-schema-validator\src\nlohmann/json-schema.hpp:24:
[build] In file included from C:\Users\pperv\code\unnamed_rpg\vendor\json\include\nlohmann/json.hpp:50:
[build] In file included from C:\Users\pperv\code\unnamed_rpg\vendor\json\include\nlohmann/detail/input/binary_reader.hpp:29:
[build] In file included from C:\Users\pperv\code\unnamed_rpg\vendor\json\include\nlohmann/detail/input/json_sax.hpp:18:
[build] C:\Users\pperv\code\unnamed_rpg\vendor\json\include\nlohmann/detail/input/lexer.hpp(812,32): warning: enumeration type in nested name specifier is incompatible with C++98 [-Wc++98-compat]
[build]   812 |                         return token_type::parse_error;
[build]       |                                ^
[build] C:\Users\pperv\code\unnamed_rpg\vendor\json\include\nlohmann/detail/input/lexer.hpp(820,67): warning: initialization of initializer_list object is incompatible with C++98 [-Wc++98-compat]
[build]   820 |                     if (JSON_HEDLEY_UNLIKELY(!(next_byte_in_range({0x80, 0x9F, 0x80, 0xBF}))))
[build]       |                                                                   ^~~~~~~~~~~~~~~~~~~~~~~~
[build] C:\Users\pperv\code\unnamed_rpg\vendor\json\include\nlohmann/thirdparty/hedley/hedley.hpp(1360,94): note: expanded from macro 'JSON_HEDLEY_UNLIKELY'
[build]  1360 | #  define JSON_HEDLEY_UNLIKELY(expr)                    __builtin_expect                 (!!(expr),    0                  )
[build]       |                                                                                              ^~~~
[build] In file included from C:\Users\pperv\code\unnamed_rpg\vendor\json-schema-validator\src\string-format-check.cpp:1:
[build] In file included from C:\Users\pperv\code\unnamed_rpg\vendor\json-schema-validator\src\nlohmann/json-schema.hpp:24:
[build] In file included from C:\Users\pperv\code\unnamed_rpg\vendor\json\include\nlohmann/json.hpp:50:
[build] In file included from C:\Users\pperv\code\unnamed_rpg\vendor\json\include\nlohmann/detail/input/binary_reader.hpp:29:
[build] In file included from C:\Users\pperv\code\unnamed_rpg\vendor\json\include\nlohmann/detail/input/json_sax.hpp:18:
[build] C:\Users\pperv\code\unnamed_rpg\vendor\json\include\nlohmann/detail/input/lexer.hpp(822,32): warning: enumeration type in nested name specifier is incompatible with C++98 [-Wc++98-compat]
[build]   822 |                         return token_type::parse_error;
[build]       |                                ^
[build] C:\Users\pperv\code\unnamed_rpg\vendor\json\include\nlohmann/detail/input/lexer.hpp(830,67): warning: initialization of initializer_list object is incompatible with C++98 [-Wc++98-compat]
[build]   830 |                     if (JSON_HEDLEY_UNLIKELY(!(next_byte_in_range({0x90, 0xBF, 0x80, 0xBF, 0x80, 0xBF}))))
[build]       |                                                                   ^~~~~~~~~~~~~~~~~~~~~~~~~~~~~~~~~~~~
[build] C:\Users\pperv\code\unnamed_rpg\vendor\json\include\nlohmann/thirdparty/hedley/hedley.hpp(1360,94): note: expanded from macro 'JSON_HEDLEY_UNLIKELY'
[build]  1360 | #  define JSON_HEDLEY_UNLIKELY(expr)                    __builtin_expect                 (!!(expr),    0                  )
[build]       |                                                                                              ^~~~
[build] In file included from C:\Users\pperv\code\unnamed_rpg\vendor\json-schema-validator\src\string-format-check.cpp:1:
[build] In file included from C:\Users\pperv\code\unnamed_rpg\vendor\json-schema-validator\src\nlohmann/json-schema.hpp:24:
[build] In file included from C:\Users\pperv\code\unnamed_rpg\vendor\json\include\nlohmann/json.hpp:50:
[build] In file included from C:\Users\pperv\code\unnamed_rpg\vendor\json\include\nlohmann/detail/input/binary_reader.hpp:29:
[build] In file included from C:\Users\pperv\code\unnamed_rpg\vendor\json\include\nlohmann/detail/input/json_sax.hpp:18:
[build] C:\Users\pperv\code\unnamed_rpg\vendor\json\include\nlohmann/detail/input/lexer.hpp(832,32): warning: enumeration type in nested name specifier is incompatible with C++98 [-Wc++98-compat]
[build]   832 |                         return token_type::parse_error;
[build]       |                                ^
[build] C:\Users\pperv\code\unnamed_rpg\vendor\json\include\nlohmann/detail/input/lexer.hpp(842,67): warning: initialization of initializer_list object is incompatible with C++98 [-Wc++98-compat]
[build]   842 |                     if (JSON_HEDLEY_UNLIKELY(!(next_byte_in_range({0x80, 0xBF, 0x80, 0xBF, 0x80, 0xBF}))))
[build]       |                                                                   ^~~~~~~~~~~~~~~~~~~~~~~~~~~~~~~~~~~~
[build] C:\Users\pperv\code\unnamed_rpg\vendor\json\include\nlohmann/thirdparty/hedley/hedley.hpp(1360,94): note: expanded from macro 'JSON_HEDLEY_UNLIKELY'
[build]  1360 | #  define JSON_HEDLEY_UNLIKELY(expr)                    __builtin_expect                 (!!(expr),    0                  )
[build]       |                                                                                              ^~~~
[build] In file included from C:\Users\pperv\code\unnamed_rpg\vendor\json-schema-validator\src\string-format-check.cpp:1:
[build] In file included from C:\Users\pperv\code\unnamed_rpg\vendor\json-schema-validator\src\nlohmann/json-schema.hpp:24:
[build] In file included from C:\Users\pperv\code\unnamed_rpg\vendor\json\include\nlohmann/json.hpp:50:
[build] In file included from C:\Users\pperv\code\unnamed_rpg\vendor\json\include\nlohmann/detail/input/binary_reader.hpp:29:
[build] In file included from C:\Users\pperv\code\unnamed_rpg\vendor\json\include\nlohmann/detail/input/json_sax.hpp:18:
[build] C:\Users\pperv\code\unnamed_rpg\vendor\json\include\nlohmann/detail/input/lexer.hpp(844,32): warning: enumeration type in nested name specifier is incompatible with C++98 [-Wc++98-compat]
[build]   844 |                         return token_type::parse_error;
[build]       |                                ^
[build] C:\Users\pperv\code\unnamed_rpg\vendor\json\include\nlohmann/detail/input/lexer.hpp(852,67): warning: initialization of initializer_list object is incompatible with C++98 [-Wc++98-compat]
[build]   852 |                     if (JSON_HEDLEY_UNLIKELY(!(next_byte_in_range({0x80, 0x8F, 0x80, 0xBF, 0x80, 0xBF}))))
[build]       |                                                                   ^~~~~~~~~~~~~~~~~~~~~~~~~~~~~~~~~~~~
[build] C:\Users\pperv\code\unnamed_rpg\vendor\json\include\nlohmann/thirdparty/hedley/hedley.hpp(1360,94): note: expanded from macro 'JSON_HEDLEY_UNLIKELY'
[build]  1360 | #  define JSON_HEDLEY_UNLIKELY(expr)                    __builtin_expect                 (!!(expr),    0                  )
[build]       |                                                                                              ^~~~
[build] In file included from C:\Users\pperv\code\unnamed_rpg\vendor\json-schema-validator\src\string-format-check.cpp:1:
[build] In file included from C:\Users\pperv\code\unnamed_rpg\vendor\json-schema-validator\src\nlohmann/json-schema.hpp:24:
[build] In file included from C:\Users\pperv\code\unnamed_rpg\vendor\json\include\nlohmann/json.hpp:50:
[build] In file included from C:\Users\pperv\code\unnamed_rpg\vendor\json\include\nlohmann/detail/input/binary_reader.hpp:29:
[build] In file included from C:\Users\pperv\code\unnamed_rpg\vendor\json\include\nlohmann/detail/input/json_sax.hpp:18:
[build] C:\Users\pperv\code\unnamed_rpg\vendor\json\include\nlohmann/detail/input/lexer.hpp(854,32): warning: enumeration type in nested name specifier is incompatible with C++98 [-Wc++98-compat]
[build]   854 |                         return token_type::parse_error;
[build]       |                                ^
[build] C:\Users\pperv\code\unnamed_rpg\vendor\json\include\nlohmann/detail/input/lexer.hpp(863,28): warning: enumeration type in nested name specifier is incompatible with C++98 [-Wc++98-compat]
[build]   863 |                     return token_type::parse_error;
[build]       |                            ^
[build] C:\Users\pperv\code\unnamed_rpg\vendor\json\include\nlohmann/detail/input/lexer.hpp(1365,74): warning: generalized initializer lists are incompatible with C++98 [-Wc++98-compat]
[build]  1365 |         note_token_start(std::integral_constant<bool, lazy_token_string> {});
[build]       |                                                                          ^
[build] C:\Users\pperv\code\unnamed_rpg\vendor\json\include\nlohmann/detail/input/lexer.hpp(204,15): warning: 'auto' type specifier is incompatible with C++98 [-Wc++98-compat]
[build]   204 |         const auto factors = { 12u, 8u, 4u, 0u };
[build]       |               ^~~~
[build] C:\Users\pperv\code\unnamed_rpg\vendor\json\include\nlohmann/detail/input/lexer.hpp(204,30): warning: initialization of initializer_list object is incompatible with C++98 [-Wc++98-compat]
[build]   204 |         const auto factors = { 12u, 8u, 4u, 0u };
[build]       |                              ^~~~~~~~~~~~~~~~~~~
[build] C:\Users\pperv\code\unnamed_rpg\vendor\json\include\nlohmann/detail/input/lexer.hpp(205,20): warning: 'auto' type specifier is incompatible with C++98 [-Wc++98-compat]
[build]   205 |         for (const auto factor : factors)
[build]       |                    ^~~~
[build] C:\Users\pperv\code\unnamed_rpg\vendor\json\include\nlohmann/detail/input/lexer.hpp(205,32): warning: range-based for loop is incompatible with C++98 [-Wc++98-compat]
[build]   205 |         for (const auto factor : factors)
[build]       |                                ^
[build] C:\Users\pperv\code\unnamed_rpg\vendor\json\include\nlohmann/detail/input/lexer.hpp(204,30): warning: initialization of initializer_list object is incompatible with C++98 [-Wc++98-compat]
[build]   204 |         const auto factors = { 12u, 8u, 4u, 0u };
[build]       |                              ^~~~~~~~~~~~~~~~~~~
[build] C:\Users\pperv\code\unnamed_rpg\vendor\json\include\nlohmann/detail/input/lexer.hpp(350,52): note: in instantiation of member function 'nlohmann::detail::lexer<nlohmann::basic_json<>, nlohmann::detail::iterator_input_adapter<const char *>>::get_codepoint' requested here
[build]   350 |                             const int codepoint1 = get_codepoint();
[build]       |                                                    ^
[build] C:\Users\pperv\code\unnamed_rpg\vendor\json\include\nlohmann/detail/input/lexer.hpp(1683,24): note: in instantiation of member function 'nlohmann::detail::lexer<nlohmann::basic_json<>, nlohmann::detail::iterator_input_adapter<const char *>>::scan_string' requested here
[build]  1683 |                 return scan_string();
[build]       |                        ^
[build] C:\Users\pperv\code\unnamed_rpg\vendor\json\include\nlohmann/detail/input/parser.hpp(490,37): note: in instantiation of member function 'nlohmann::detail::lexer<nlohmann::basic_json<>, nlohmann::detail::iterator_input_adapter<const char *>>::scan' requested here
[build]   490 |         return last_token = m_lexer.scan();
[build]       |                                     ^
[build] C:\Users\pperv\code\unnamed_rpg\vendor\json\include\nlohmann/detail/input/parser.hpp(82,9): note: in instantiation of member function 'nlohmann::detail::parser<nlohmann::basic_json<>, nlohmann::detail::iterator_input_adapter<const char *>>::get_token' requested here
[build]    82 |         get_token();
[build]       |         ^
[build] C:\Users\pperv\code\unnamed_rpg\vendor\json\include\nlohmann/json.hpp(170,16): note: in instantiation of member function 'nlohmann::detail::parser<nlohmann::basic_json<>, nlohmann::detail::iterator_input_adapter<const char *>>::parser' requested here
[build]   170 |         return ::nlohmann::detail::parser<basic_json, InputAdapterType>(std::move(adapter),
[build]       |                ^
[build] C:\Users\pperv\code\unnamed_rpg\vendor\json\include\nlohmann/json.hpp(4112,9): note: in instantiation of function template specialization 'nlohmann::basic_json<>::parser<nlohmann::detail::iterator_input_adapter<const char *>>' requested here
[build]  4112 |         parser(detail::input_adapter(std::move(first), std::move(last)), std::move(cb), allow_exceptions, ignore_comments, ignore_trailing_commas).parse(true, result); // cppcheck-suppress[accessMoved]
[build]       |         ^
[build] C:\Users\pperv\code\unnamed_rpg\vendor\json\include\nlohmann/json.hpp(5294,28): note: in instantiation of function template specialization 'nlohmann::basic_json<>::parse<const char *, const char *, 0>' requested here
[build]  5294 |     return nlohmann::json::parse(s, s + n);
[build]       |                            ^
[build] In file included from C:\Users\pperv\code\unnamed_rpg\vendor\json-schema-validator\src\string-format-check.cpp:1:
[build] In file included from C:\Users\pperv\code\unnamed_rpg\vendor\json-schema-validator\src\nlohmann/json-schema.hpp:24:
[build] In file included from C:\Users\pperv\code\unnamed_rpg\vendor\json\include\nlohmann/json.hpp:50:
[build] In file included from C:\Users\pperv\code\unnamed_rpg\vendor\json\include\nlohmann/detail/input/binary_reader.hpp:29:
[build] In file included from C:\Users\pperv\code\unnamed_rpg\vendor\json\include\nlohmann/detail/input/json_sax.hpp:18:
[build] C:\Users\pperv\code\unnamed_rpg\vendor\json\include\nlohmann/detail/input/lexer.hpp(251,14): warning: 'auto' type specifier is incompatible with C++98 [-Wc++98-compat]
[build]   251 |         for (auto range = ranges.begin(); range != ranges.end(); ++range)
[build]       |              ^~~~
[build] C:\Users\pperv\code\unnamed_rpg\vendor\json\include\nlohmann/detail/input/lexer.hpp(1683,24): note: in instantiation of member function 'nlohmann::detail::lexer<nlohmann::basic_json<>, nlohmann::detail::iterator_input_adapter<const char *>>::scan_string' requested here
[build]  1683 |                 return scan_string();
[build]       |                        ^
[build] C:\Users\pperv\code\unnamed_rpg\vendor\json\include\nlohmann/detail/input/parser.hpp(490,37): note: in instantiation of member function 'nlohmann::detail::lexer<nlohmann::basic_json<>, nlohmann::detail::iterator_input_adapter<const char *>>::scan' requested here
[build]   490 |         return last_token = m_lexer.scan();
[build]       |                                     ^
[build] C:\Users\pperv\code\unnamed_rpg\vendor\json\include\nlohmann/detail/input/parser.hpp(82,9): note: in instantiation of member function 'nlohmann::detail::parser<nlohmann::basic_json<>, nlohmann::detail::iterator_input_adapter<const char *>>::get_token' requested here
[build]    82 |         get_token();
[build]       |         ^
[build] C:\Users\pperv\code\unnamed_rpg\vendor\json\include\nlohmann/json.hpp(170,16): note: in instantiation of member function 'nlohmann::detail::parser<nlohmann::basic_json<>, nlohmann::detail::iterator_input_adapter<const char *>>::parser' requested here
[build]   170 |         return ::nlohmann::detail::parser<basic_json, InputAdapterType>(std::move(adapter),
[build]       |                ^
[build] C:\Users\pperv\code\unnamed_rpg\vendor\json\include\nlohmann/json.hpp(4112,9): note: in instantiation of function template specialization 'nlohmann::basic_json<>::parser<nlohmann::detail::iterator_input_adapter<const char *>>' requested here
[build]  4112 |         parser(detail::input_adapter(std::move(first), std::move(last)), std::move(cb), allow_exceptions, ignore_comments, ignore_trailing_commas).parse(true, result); // cppcheck-suppress[accessMoved]
[build]       |         ^
[build] C:\Users\pperv\code\unnamed_rpg\vendor\json\include\nlohmann/json.hpp(5294,28): note: in instantiation of function template specialization 'nlohmann::basic_json<>::parse<const char *, const char *, 0>' requested here
[build]  5294 |     return nlohmann::json::parse(s, s + n);
[build]       |                            ^
[build] In file included from C:\Users\pperv\code\unnamed_rpg\vendor\json-schema-validator\src\string-format-check.cpp:1:
[build] In file included from C:\Users\pperv\code\unnamed_rpg\vendor\json-schema-validator\src\nlohmann/json-schema.hpp:24:
[build] In file included from C:\Users\pperv\code\unnamed_rpg\vendor\json\include\nlohmann/json.hpp:50:
[build] In file included from C:\Users\pperv\code\unnamed_rpg\vendor\json\include\nlohmann/detail/input/binary_reader.hpp:29:
[build] In file included from C:\Users\pperv\code\unnamed_rpg\vendor\json\include\nlohmann/detail/input/json_sax.hpp:18:
[build] C:\Users\pperv\code\unnamed_rpg\vendor\json\include\nlohmann/detail/input/lexer.hpp(1282,24): warning: 'nullptr' is incompatible with C++98 [-Wc++98-compat]
[build]  1282 |         char* endptr = nullptr; // NOLINT(misc-const-correctness,cppcoreguidelines-pro-type-vararg,hicpp-vararg)
[build]       |                        ^
[build] C:\Users\pperv\code\unnamed_rpg\vendor\json\include\nlohmann/detail/input/lexer.hpp(1288,19): warning: 'auto' type specifier is incompatible with C++98 [-Wc++98-compat]
[build]  1288 |             const auto x = std::strtoull(token_buffer.data(), &endptr, 10);
[build]       |                   ^~~~
[build] C:\Users\pperv\code\unnamed_rpg\vendor\json\include\nlohmann/detail/input/parser.hpp(490,37): note: in instantiation of member function 'nlohmann::detail::lexer<nlohmann::basic_json<>, nlohmann::detail::iterator_input_adapter<const char *>>::scan' requested here
[build]   490 |         return last_token = m_lexer.scan();
[build]       |                                     ^
[build] C:\Users\pperv\code\unnamed_rpg\vendor\json\include\nlohmann/detail/input/parser.hpp(82,9): note: in instantiation of member function 'nlohmann::detail::parser<nlohmann::basic_json<>, nlohmann::detail::iterator_input_adapter<const char *>>::get_token' requested here
[build]    82 |         get_token();
[build]       |         ^
[build] C:\Users\pperv\code\unnamed_rpg\vendor\json\include\nlohmann/json.hpp(170,16): note: in instantiation of member function 'nlohmann::detail::parser<nlohmann::basic_json<>, nlohmann::detail::iterator_input_adapter<const char *>>::parser' requested here
[build]   170 |         return ::nlohmann::detail::parser<basic_json, InputAdapterType>(std::move(adapter),
[build]       |                ^
[build] C:\Users\pperv\code\unnamed_rpg\vendor\json\include\nlohmann/json.hpp(4112,9): note: in instantiation of function template specialization 'nlohmann::basic_json<>::parser<nlohmann::detail::iterator_input_adapter<const char *>>' requested here
[build]  4112 |         parser(detail::input_adapter(std::move(first), std::move(last)), std::move(cb), allow_exceptions, ignore_comments, ignore_trailing_commas).parse(true, result); // cppcheck-suppress[accessMoved]
[build]       |         ^
[build] C:\Users\pperv\code\unnamed_rpg\vendor\json\include\nlohmann/json.hpp(5294,28): note: in instantiation of function template specialization 'nlohmann::basic_json<>::parse<const char *, const char *, 0>' requested here
[build]  5294 |     return nlohmann::json::parse(s, s + n);
[build]       |                            ^
[build] In file included from C:\Users\pperv\code\unnamed_rpg\vendor\json-schema-validator\src\string-format-check.cpp:1:
[build] In file included from C:\Users\pperv\code\unnamed_rpg\vendor\json-schema-validator\src\nlohmann/json-schema.hpp:24:
[build] In file included from C:\Users\pperv\code\unnamed_rpg\vendor\json\include\nlohmann/json.hpp:50:
[build] In file included from C:\Users\pperv\code\unnamed_rpg\vendor\json\include\nlohmann/detail/input/binary_reader.hpp:29:
[build] In file included from C:\Users\pperv\code\unnamed_rpg\vendor\json\include\nlohmann/detail/input/json_sax.hpp:18:
[build] C:\Users\pperv\code\unnamed_rpg\vendor\json\include\nlohmann/detail/input/lexer.hpp(1304,19): warning: 'auto' type specifier is incompatible with C++98 [-Wc++98-compat]
[build]  1304 |             const auto x = std::strtoll(token_buffer.data(), &endptr, 10);
[build]       |                   ^~~~
[build] C:\Users\pperv\code\unnamed_rpg\vendor\json\include\nlohmann/detail/input/lexer.hpp(1009,34): warning: enumeration type in nested name specifier is incompatible with C++98 [-Wc++98-compat]
[build]  1009 |         token_type number_type = token_type::value_unsigned;
[build]       |                                  ^
[build] C:\Users\pperv\code\unnamed_rpg\vendor\json\include\nlohmann/detail/input/lexer.hpp(1697,24): note: in instantiation of member function 'nlohmann::detail::lexer<nlohmann::basic_json<>, nlohmann::detail::iterator_input_adapter<const char *>>::scan_number' requested here
[build]  1697 |                 return scan_number();
[build]       |                        ^
[build] C:\Users\pperv\code\unnamed_rpg\vendor\json\include\nlohmann/detail/input/parser.hpp(490,37): note: in instantiation of member function 'nlohmann::detail::lexer<nlohmann::basic_json<>, nlohmann::detail::iterator_input_adapter<const char *>>::scan' requested here
[build]   490 |         return last_token = m_lexer.scan();
[build]       |                                     ^
[build] C:\Users\pperv\code\unnamed_rpg\vendor\json\include\nlohmann/detail/input/parser.hpp(82,9): note: in instantiation of member function 'nlohmann::detail::parser<nlohmann::basic_json<>, nlohmann::detail::iterator_input_adapter<const char *>>::get_token' requested here
[build]    82 |         get_token();
[build]       |         ^
[build] C:\Users\pperv\code\unnamed_rpg\vendor\json\include\nlohmann/json.hpp(170,16): note: in instantiation of member function 'nlohmann::detail::parser<nlohmann::basic_json<>, nlohmann::detail::iterator_input_adapter<const char *>>::parser' requested here
[build]   170 |         return ::nlohmann::detail::parser<basic_json, InputAdapterType>(std::move(adapter),
[build]       |                ^
[build] C:\Users\pperv\code\unnamed_rpg\vendor\json\include\nlohmann/json.hpp(4112,9): note: in instantiation of function template specialization 'nlohmann::basic_json<>::parser<nlohmann::detail::iterator_input_adapter<const char *>>' requested here
[build]  4112 |         parser(detail::input_adapter(std::move(first), std::move(last)), std::move(cb), allow_exceptions, ignore_comments, ignore_trailing_commas).parse(true, result); // cppcheck-suppress[accessMoved]
[build]       |         ^
[build] C:\Users\pperv\code\unnamed_rpg\vendor\json\include\nlohmann/json.hpp(5294,28): note: in instantiation of function template specialization 'nlohmann::basic_json<>::parse<const char *, const char *, 0>' requested here
[build]  5294 |     return nlohmann::json::parse(s, s + n);
[build]       |                            ^
[build] In file included from C:\Users\pperv\code\unnamed_rpg\vendor\json-schema-validator\src\string-format-check.cpp:1:
[build] In file included from C:\Users\pperv\code\unnamed_rpg\vendor\json-schema-validator\src\nlohmann/json-schema.hpp:24:
[build] In file included from C:\Users\pperv\code\unnamed_rpg\vendor\json\include\nlohmann/json.hpp:50:
[build] In file included from C:\Users\pperv\code\unnamed_rpg\vendor\json\include\nlohmann/detail/input/binary_reader.hpp:29:
[build] In file included from C:\Users\pperv\code\unnamed_rpg\vendor\json\include\nlohmann/detail/input/json_sax.hpp:18:
[build] C:\Users\pperv\code\unnamed_rpg\vendor\json\include\nlohmann/detail/input/lexer.hpp(1047,23): warning: enumeration type in nested name specifier is incompatible with C++98 [-Wc++98-compat]
[build]  1047 |         number_type = token_type::value_integer;
[build]       |                       ^
[build] C:\Users\pperv\code\unnamed_rpg\vendor\json\include\nlohmann/detail/input/lexer.hpp(1073,24): warning: enumeration type in nested name specifier is incompatible with C++98 [-Wc++98-compat]
[build]  1073 |                 return token_type::parse_error;
[build]       |                        ^
[build] C:\Users\pperv\code\unnamed_rpg\vendor\json\include\nlohmann/detail/input/lexer.hpp(1138,23): warning: enumeration type in nested name specifier is incompatible with C++98 [-Wc++98-compat]
[build]  1138 |         number_type = token_type::value_float;
[build]       |                       ^
[build] C:\Users\pperv\code\unnamed_rpg\vendor\json\include\nlohmann/detail/input/lexer.hpp(1159,24): warning: enumeration type in nested name specifier is incompatible with C++98 [-Wc++98-compat]
[build]  1159 |                 return token_type::parse_error;
[build]       |                        ^
[build] C:\Users\pperv\code\unnamed_rpg\vendor\json\include\nlohmann/detail/input/lexer.hpp(1195,23): warning: enumeration type in nested name specifier is incompatible with C++98 [-Wc++98-compat]
[build]  1195 |         number_type = token_type::value_float;
[build]       |                       ^
[build] C:\Users\pperv\code\unnamed_rpg\vendor\json\include\nlohmann/detail/input/lexer.hpp(1224,24): warning: enumeration type in nested name specifier is incompatible with C++98 [-Wc++98-compat]
[build]  1224 |                 return token_type::parse_error;
[build]       |                        ^
[build] C:\Users\pperv\code\unnamed_rpg\vendor\json\include\nlohmann/detail/input/lexer.hpp(1250,24): warning: enumeration type in nested name specifier is incompatible with C++98 [-Wc++98-compat]
[build]  1250 |                 return token_type::parse_error;
[build]       |                        ^
[build] C:\Users\pperv\code\unnamed_rpg\vendor\json\include\nlohmann/detail/input/lexer.hpp(1286,28): warning: enumeration type in nested name specifier is incompatible with C++98 [-Wc++98-compat]
[build]  1286 |         if (number_type == token_type::value_unsigned)
[build]       |                            ^
[build] C:\Users\pperv\code\unnamed_rpg\vendor\json\include\nlohmann/detail/input/lexer.hpp(1298,28): warning: enumeration type in nested name specifier is incompatible with C++98 [-Wc++98-compat]
[build]  1298 |                     return token_type::value_unsigned;
[build]       |                            ^
[build] C:\Users\pperv\code\unnamed_rpg\vendor\json\include\nlohmann/detail/input/lexer.hpp(1302,33): warning: enumeration type in nested name specifier is incompatible with C++98 [-Wc++98-compat]
[build]  1302 |         else if (number_type == token_type::value_integer)
[build]       |                                 ^
[build] C:\Users\pperv\code\unnamed_rpg\vendor\json\include\nlohmann/detail/input/lexer.hpp(1314,28): warning: enumeration type in nested name specifier is incompatible with C++98 [-Wc++98-compat]
[build]  1314 |                     return token_type::value_integer;
[build]       |                            ^
[build] C:\Users\pperv\code\unnamed_rpg\vendor\json\include\nlohmann/detail/input/lexer.hpp(1326,16): warning: enumeration type in nested name specifier is incompatible with C++98 [-Wc++98-compat]
[build]  1326 |         return token_type::value_float;
[build]       |                ^
[build] In file included from C:\Users\pperv\code\unnamed_rpg\vendor\json-schema-validator\src\string-format-check.cpp:1:
[build] In file included from C:\Users\pperv\code\unnamed_rpg\vendor\json-schema-validator\src\nlohmann/json-schema.hpp:24:
[build] In file included from C:\Users\pperv\code\unnamed_rpg\vendor\json\include\nlohmann/json.hpp:53:
[build] C:\Users\pperv\code\unnamed_rpg\vendor\json\include\nlohmann/detail/input/parser.hpp(108,107): warning: 'nullptr' is incompatible with C++98 [-Wc++98-compat]
[build]   108 |                                                     exception_message(token_type::end_of_input, "value"), nullptr));
[build]       |                                                                                                           ^
[build] C:\Users\pperv\code\unnamed_rpg\vendor\json\include\nlohmann/detail/input/parser.hpp(114,26): warning: enumeration type in nested name specifier is incompatible with C++98 [-Wc++98-compat]
[build]   114 |                 result = value_t::discarded;
[build]       |                          ^
[build] C:\Users\pperv\code\unnamed_rpg\vendor\json\include\nlohmann/json.hpp(5294,28): note: in instantiation of function template specialization 'nlohmann::basic_json<>::parse<const char *, const char *, 0>' requested here
[build]  5294 |     return nlohmann::json::parse(s, s + n);
[build]       |                            ^
[build] In file included from C:\Users\pperv\code\unnamed_rpg\vendor\json-schema-validator\src\string-format-check.cpp:1:
[build] In file included from C:\Users\pperv\code\unnamed_rpg\vendor\json-schema-validator\src\nlohmann/json-schema.hpp:24:
[build] In file included from C:\Users\pperv\code\unnamed_rpg\vendor\json\include\nlohmann/json.hpp:53:
[build] C:\Users\pperv\code\unnamed_rpg\vendor\json\include\nlohmann/detail/input/parser.hpp(122,26): warning: 'nullptr' is incompatible with C++98 [-Wc++98-compat]
[build]   122 |                 result = nullptr;
[build]       |                          ^
[build] C:\Users\pperv\code\unnamed_rpg\vendor\json\include\nlohmann/detail/input/parser.hpp(135,136): warning: 'nullptr' is incompatible with C++98 [-Wc++98-compat]
[build]   135 |                                 parse_error::create(101, m_lexer.get_position(), exception_message(token_type::end_of_input, "value"), nullptr));
[build]       |                                                                                                                                        ^
[build] C:\Users\pperv\code\unnamed_rpg\vendor\json\include\nlohmann/detail/input/parser.hpp(141,26): warning: enumeration type in nested name specifier is incompatible with C++98 [-Wc++98-compat]
[build]   141 |                 result = value_t::discarded;
[build]       |                          ^
[build] In file included from C:\Users\pperv\code\unnamed_rpg\vendor\json-schema-validator\src\string-format-check.cpp:1:
[build] In file included from C:\Users\pperv\code\unnamed_rpg\vendor\json-schema-validator\src\nlohmann/json-schema.hpp:24:
[build] In file included from C:\Users\pperv\code\unnamed_rpg\vendor\json\include\nlohmann/json.hpp:50:
[build] In file included from C:\Users\pperv\code\unnamed_rpg\vendor\json\include\nlohmann/detail/input/binary_reader.hpp:29:
[build] C:\Users\pperv\code\unnamed_rpg\vendor\json\include\nlohmann/detail/input/json_sax.hpp(933,29): warning: padding class 'nlohmann::detail::json_sax_dom_callback_parser<nlohmann::basic_json<>, nlohmann::detail::iterator_input_adapter<const char *>>' with 7 bytes to align 'callback' [-Wpadded]
[build]   933 |     const parser_callback_t callback = nullptr;
[build]       |                             ^
[build] C:\Users\pperv\code\unnamed_rpg\vendor\json\include\nlohmann/detail/input/json_sax.hpp(937,19): warning: padding class 'nlohmann::detail::json_sax_dom_callback_parser<nlohmann::basic_json<>, nlohmann::detail::iterator_input_adapter<const char *>>' with 7 bytes to align 'discarded' [-Wpadded]
[build]   937 |     BasicJsonType discarded = BasicJsonType::value_t::discarded;
[build]       |                   ^
[build] In file included from C:\Users\pperv\code\unnamed_rpg\vendor\json-schema-validator\src\string-format-check.cpp:1:
[build] In file included from C:\Users\pperv\code\unnamed_rpg\vendor\json-schema-validator\src\nlohmann/json-schema.hpp:24:
[build] In file included from C:\Users\pperv\code\unnamed_rpg\vendor\json\include\nlohmann/json.hpp:53:
[build] C:\Users\pperv\code\unnamed_rpg\vendor\json\include\nlohmann/detail/input/parser.hpp(103,43): warning: enumeration type in nested name specifier is incompatible with C++98 [-Wc++98-compat]
[build]   103 |             if (strict && (get_token() != token_type::end_of_input))
[build]       |                                           ^
[build] C:\Users\pperv\code\unnamed_rpg\vendor\json\include\nlohmann/json.hpp(4112,148): note: in instantiation of member function 'nlohmann::detail::parser<nlohmann::basic_json<>, nlohmann::detail::iterator_input_adapter<const char *>>::parse' requested here
[build]  4112 |         parser(detail::input_adapter(std::move(first), std::move(last)), std::move(cb), allow_exceptions, ignore_comments, ignore_trailing_commas).parse(true, result); // cppcheck-suppress[accessMoved]
[build]       |                                                                                                                                                    ^
[build] C:\Users\pperv\code\unnamed_rpg\vendor\json\include\nlohmann/json.hpp(5294,28): note: in instantiation of function template specialization 'nlohmann::basic_json<>::parse<const char *, const char *, 0>' requested here
[build]  5294 |     return nlohmann::json::parse(s, s + n);
[build]       |                            ^
[build] In file included from C:\Users\pperv\code\unnamed_rpg\vendor\json-schema-validator\src\string-format-check.cpp:1:
[build] In file included from C:\Users\pperv\code\unnamed_rpg\vendor\json-schema-validator\src\nlohmann/json-schema.hpp:24:
[build] In file included from C:\Users\pperv\code\unnamed_rpg\vendor\json\include\nlohmann/json.hpp:53:
[build] C:\Users\pperv\code\unnamed_rpg\vendor\json\include\nlohmann/detail/input/parser.hpp(108,71): warning: enumeration type in nested name specifier is incompatible with C++98 [-Wc++98-compat]
[build]   108 |                                                     exception_message(token_type::end_of_input, "value"), nullptr));
[build]       |                                                                       ^
[build] C:\Users\pperv\code\unnamed_rpg\vendor\json\include\nlohmann/detail/input/parser.hpp(114,26): warning: enumeration type in nested name specifier is incompatible with C++98 [-Wc++98-compat]
[build]   114 |                 result = value_t::discarded;
[build]       |                          ^
[build] In file included from C:\Users\pperv\code\unnamed_rpg\vendor\json-schema-validator\src\string-format-check.cpp:1:
[build] In file included from C:\Users\pperv\code\unnamed_rpg\vendor\json-schema-validator\src\nlohmann/json-schema.hpp:24:
[build] C:\Users\pperv\code\unnamed_rpg\vendor\json\include\nlohmann/json.hpp(1453,33): warning: enumeration type in nested name specifier is incompatible with C++98 [-Wc++98-compat]
[build]  1453 |         return m_data.m_type == value_t::discarded;
[build]       |                                 ^
[build] C:\Users\pperv\code\unnamed_rpg\vendor\json\include\nlohmann/detail/input/parser.hpp(120,24): note: in instantiation of member function 'nlohmann::basic_json<>::is_discarded' requested here
[build]   120 |             if (result.is_discarded())
[build]       |                        ^
[build] C:\Users\pperv\code\unnamed_rpg\vendor\json\include\nlohmann/json.hpp(4112,148): note: in instantiation of member function 'nlohmann::detail::parser<nlohmann::basic_json<>, nlohmann::detail::iterator_input_adapter<const char *>>::parse' requested here
[build]  4112 |         parser(detail::input_adapter(std::move(first), std::move(last)), std::move(cb), allow_exceptions, ignore_comments, ignore_trailing_commas).parse(true, result); // cppcheck-suppress[accessMoved]
[build]       |                                                                                                                                                    ^
[build] C:\Users\pperv\code\unnamed_rpg\vendor\json\include\nlohmann/json.hpp(5294,28): note: in instantiation of function template specialization 'nlohmann::basic_json<>::parse<const char *, const char *, 0>' requested here
[build]  5294 |     return nlohmann::json::parse(s, s + n);
[build]       |                            ^
[build] In file included from C:\Users\pperv\code\unnamed_rpg\vendor\json-schema-validator\src\string-format-check.cpp:1:
[build] In file included from C:\Users\pperv\code\unnamed_rpg\vendor\json-schema-validator\src\nlohmann/json-schema.hpp:24:
[build] In file included from C:\Users\pperv\code\unnamed_rpg\vendor\json\include\nlohmann/json.hpp:50:
[build] In file included from C:\Users\pperv\code\unnamed_rpg\vendor\json\include\nlohmann/detail/input/binary_reader.hpp:29:
[build] C:\Users\pperv\code\unnamed_rpg\vendor\json\include\nlohmann/detail/input/json_sax.hpp(471,14): warning: padding class 'nlohmann::detail::json_sax_dom_parser<nlohmann::basic_json<>, nlohmann::detail::iterator_input_adapter<const char *>>' with 6 bytes to align 'm_lexer_ref' [-Wpadded]
[build]   471 |     lexer_t* m_lexer_ref = nullptr;
[build]       |              ^
[build] In file included from C:\Users\pperv\code\unnamed_rpg\vendor\json-schema-validator\src\string-format-check.cpp:1:
[build] In file included from C:\Users\pperv\code\unnamed_rpg\vendor\json-schema-validator\src\nlohmann/json-schema.hpp:24:
[build] In file included from C:\Users\pperv\code\unnamed_rpg\vendor\json\include\nlohmann/json.hpp:53:
[build] C:\Users\pperv\code\unnamed_rpg\vendor\json\include\nlohmann/detail/input/parser.hpp(131,43): warning: enumeration type in nested name specifier is incompatible with C++98 [-Wc++98-compat]
[build]   131 |             if (strict && (get_token() != token_type::end_of_input))
[build]       |                                           ^
[build] C:\Users\pperv\code\unnamed_rpg\vendor\json\include\nlohmann/json.hpp(4112,148): note: in instantiation of member function 'nlohmann::detail::parser<nlohmann::basic_json<>, nlohmann::detail::iterator_input_adapter<const char *>>::parse' requested here
[build]  4112 |         parser(detail::input_adapter(std::move(first), std::move(last)), std::move(cb), allow_exceptions, ignore_comments, ignore_trailing_commas).parse(true, result); // cppcheck-suppress[accessMoved]
[build]       |                                                                                                                                                    ^
[build] C:\Users\pperv\code\unnamed_rpg\vendor\json\include\nlohmann/json.hpp(5294,28): note: in instantiation of function template specialization 'nlohmann::basic_json<>::parse<const char *, const char *, 0>' requested here
[build]  5294 |     return nlohmann::json::parse(s, s + n);
[build]       |                            ^
[build] In file included from C:\Users\pperv\code\unnamed_rpg\vendor\json-schema-validator\src\string-format-check.cpp:1:
[build] In file included from C:\Users\pperv\code\unnamed_rpg\vendor\json-schema-validator\src\nlohmann/json-schema.hpp:24:
[build] In file included from C:\Users\pperv\code\unnamed_rpg\vendor\json\include\nlohmann/json.hpp:53:
[build] C:\Users\pperv\code\unnamed_rpg\vendor\json\include\nlohmann/detail/input/parser.hpp(135,100): warning: enumeration type in nested name specifier is incompatible with C++98 [-Wc++98-compat]
[build]   135 |                                 parse_error::create(101, m_lexer.get_position(), exception_message(token_type::end_of_input, "value"), nullptr));
[build]       |                                                                                                    ^
[build] C:\Users\pperv\code\unnamed_rpg\vendor\json\include\nlohmann/detail/input/parser.hpp(141,26): warning: enumeration type in nested name specifier is incompatible with C++98 [-Wc++98-compat]
[build]   141 |                 result = value_t::discarded;
[build]       |                          ^
[build] In file included from C:\Users\pperv\code\unnamed_rpg\vendor\json-schema-validator\src\string-format-check.cpp:1:
[build] In file included from C:\Users\pperv\code\unnamed_rpg\vendor\json-schema-validator\src\nlohmann/json-schema.hpp:24:
[build] In file included from C:\Users\pperv\code\unnamed_rpg\vendor\json\include\nlohmann/json.hpp:50:
[build] In file included from C:\Users\pperv\code\unnamed_rpg\vendor\json\include\nlohmann/detail/input/binary_reader.hpp:29:
[build] C:\Users\pperv\code\unnamed_rpg\vendor\json\include\nlohmann/detail/input/json_sax.hpp(923,43): warning: constructor call from initializer list is incompatible with C++98 [-Wc++98-compat]
[build]   923 |     std::vector<BasicJsonType*> ref_stack {};
[build]       |                                           ^~
[build] C:\Users\pperv\code\unnamed_rpg\vendor\json\include\nlohmann/detail/input/json_sax.hpp(487,5): note: in instantiation of default member initializer 'nlohmann::detail::json_sax_dom_callback_parser<nlohmann::basic_json<>, nlohmann::detail::iterator_input_adapter<const char *>>::ref_stack' requested here
[build]   487 |     json_sax_dom_callback_parser(BasicJsonType& r,
[build]       |     ^
[build] C:\Users\pperv\code\unnamed_rpg\vendor\json\include\nlohmann/detail/input/parser.hpp(99,75): note: in instantiation of member function 'nlohmann::detail::json_sax_dom_callback_parser<nlohmann::basic_json<>, nlohmann::detail::iterator_input_adapter<const char *>>::json_sax_dom_callback_parser' requested here
[build]    99 |             json_sax_dom_callback_parser<BasicJsonType, InputAdapterType> sdp(result, callback, allow_exceptions, &m_lexer);
[build]       |                                                                           ^
[build] C:\Users\pperv\code\unnamed_rpg\vendor\json\include\nlohmann/json.hpp(4112,148): note: in instantiation of member function 'nlohmann::detail::parser<nlohmann::basic_json<>, nlohmann::detail::iterator_input_adapter<const char *>>::parse' requested here
[build]  4112 |         parser(detail::input_adapter(std::move(first), std::move(last)), std::move(cb), allow_exceptions, ignore_comments, ignore_trailing_commas).parse(true, result); // cppcheck-suppress[accessMoved]
[build]       |                                                                                                                                                    ^
[build] C:\Users\pperv\code\unnamed_rpg\vendor\json\include\nlohmann/json.hpp(5294,28): note: in instantiation of function template specialization 'nlohmann::basic_json<>::parse<const char *, const char *, 0>' requested here
[build]  5294 |     return nlohmann::json::parse(s, s + n);
[build]       |                            ^
[build] In file included from C:\Users\pperv\code\unnamed_rpg\vendor\json-schema-validator\src\string-format-check.cpp:1:
[build] In file included from C:\Users\pperv\code\unnamed_rpg\vendor\json-schema-validator\src\nlohmann/json-schema.hpp:24:
[build] In file included from C:\Users\pperv\code\unnamed_rpg\vendor\json\include\nlohmann/json.hpp:50:
[build] In file included from C:\Users\pperv\code\unnamed_rpg\vendor\json\include\nlohmann/detail/input/binary_reader.hpp:29:
[build] C:\Users\pperv\code\unnamed_rpg\vendor\json\include\nlohmann/detail/input/json_sax.hpp(925,34): warning: constructor call from initializer list is incompatible with C++98 [-Wc++98-compat]
[build]   925 |     std::vector<bool> keep_stack {}; // NOLINT(readability-redundant-member-init)
[build]       |                                  ^~
[build] C:\Users\pperv\code\unnamed_rpg\vendor\json\include\nlohmann/detail/input/json_sax.hpp(487,5): note: in instantiation of default member initializer 'nlohmann::detail::json_sax_dom_callback_parser<nlohmann::basic_json<>, nlohmann::detail::iterator_input_adapter<const char *>>::keep_stack' requested here
[build]   487 |     json_sax_dom_callback_parser(BasicJsonType& r,
[build]       |     ^
[build] C:\Users\pperv\code\unnamed_rpg\vendor\json\include\nlohmann/detail/input/parser.hpp(99,75): note: in instantiation of member function 'nlohmann::detail::json_sax_dom_callback_parser<nlohmann::basic_json<>, nlohmann::detail::iterator_input_adapter<const char *>>::json_sax_dom_callback_parser' requested here
[build]    99 |             json_sax_dom_callback_parser<BasicJsonType, InputAdapterType> sdp(result, callback, allow_exceptions, &m_lexer);
[build]       |                                                                           ^
[build] C:\Users\pperv\code\unnamed_rpg\vendor\json\include\nlohmann/json.hpp(4112,148): note: in instantiation of member function 'nlohmann::detail::parser<nlohmann::basic_json<>, nlohmann::detail::iterator_input_adapter<const char *>>::parse' requested here
[build]  4112 |         parser(detail::input_adapter(std::move(first), std::move(last)), std::move(cb), allow_exceptions, ignore_comments, ignore_trailing_commas).parse(true, result); // cppcheck-suppress[accessMoved]
[build]       |                                                                                                                                                    ^
[build] C:\Users\pperv\code\unnamed_rpg\vendor\json\include\nlohmann/json.hpp(5294,28): note: in instantiation of function template specialization 'nlohmann::basic_json<>::parse<const char *, const char *, 0>' requested here
[build]  5294 |     return nlohmann::json::parse(s, s + n);
[build]       |                            ^
[build] In file included from C:\Users\pperv\code\unnamed_rpg\vendor\json-schema-validator\src\string-format-check.cpp:1:
[build] In file included from C:\Users\pperv\code\unnamed_rpg\vendor\json-schema-validator\src\nlohmann/json-schema.hpp:24:
[build] In file included from C:\Users\pperv\code\unnamed_rpg\vendor\json\include\nlohmann/json.hpp:50:
[build] In file included from C:\Users\pperv\code\unnamed_rpg\vendor\json\include\nlohmann/detail/input/binary_reader.hpp:29:
[build] C:\Users\pperv\code\unnamed_rpg\vendor\json\include\nlohmann/detail/input/json_sax.hpp(927,38): warning: constructor call from initializer list is incompatible with C++98 [-Wc++98-compat]
[build]   927 |     std::vector<bool> key_keep_stack {}; // NOLINT(readability-redundant-member-init)
[build]       |                                      ^~
[build] C:\Users\pperv\code\unnamed_rpg\vendor\json\include\nlohmann/detail/input/json_sax.hpp(487,5): note: in instantiation of default member initializer 'nlohmann::detail::json_sax_dom_callback_parser<nlohmann::basic_json<>, nlohmann::detail::iterator_input_adapter<const char *>>::key_keep_stack' requested here
[build]   487 |     json_sax_dom_callback_parser(BasicJsonType& r,
[build]       |     ^
[build] C:\Users\pperv\code\unnamed_rpg\vendor\json\include\nlohmann/detail/input/parser.hpp(99,75): note: in instantiation of member function 'nlohmann::detail::json_sax_dom_callback_parser<nlohmann::basic_json<>, nlohmann::detail::iterator_input_adapter<const char *>>::json_sax_dom_callback_parser' requested here
[build]    99 |             json_sax_dom_callback_parser<BasicJsonType, InputAdapterType> sdp(result, callback, allow_exceptions, &m_lexer);
[build]       |                                                                           ^
[build] C:\Users\pperv\code\unnamed_rpg\vendor\json\include\nlohmann/json.hpp(4112,148): note: in instantiation of member function 'nlohmann::detail::parser<nlohmann::basic_json<>, nlohmann::detail::iterator_input_adapter<const char *>>::parse' requested here
[build]  4112 |         parser(detail::input_adapter(std::move(first), std::move(last)), std::move(cb), allow_exceptions, ignore_comments, ignore_trailing_commas).parse(true, result); // cppcheck-suppress[accessMoved]
[build]       |                                                                                                                                                    ^
[build] C:\Users\pperv\code\unnamed_rpg\vendor\json\include\nlohmann/json.hpp(5294,28): note: in instantiation of function template specialization 'nlohmann::basic_json<>::parse<const char *, const char *, 0>' requested here
[build]  5294 |     return nlohmann::json::parse(s, s + n);
[build]       |                            ^
[build] In file included from C:\Users\pperv\code\unnamed_rpg\vendor\json-schema-validator\src\string-format-check.cpp:1:
[build] In file included from C:\Users\pperv\code\unnamed_rpg\vendor\json-schema-validator\src\nlohmann/json-schema.hpp:24:
[build] In file included from C:\Users\pperv\code\unnamed_rpg\vendor\json\include\nlohmann/json.hpp:53:
[build] C:\Users\pperv\code\unnamed_rpg\vendor\json\include\nlohmann/detail/input/parser.hpp(219,161): warning: 'nullptr' is incompatible with C++98 [-Wc++98-compat]
[build]   219 |                                                     parse_error::create(101, m_lexer.get_position(), exception_message(token_type::value_string, "object key"), nullptr));
[build]       |                                                                                                                                                                 ^
[build] C:\Users\pperv\code\unnamed_rpg\vendor\json\include\nlohmann/detail/input/parser.hpp(231,169): warning: 'nullptr' is incompatible with C++98 [-Wc++98-compat]
[build]   231 |                                                     parse_error::create(101, m_lexer.get_position(), exception_message(token_type::name_separator, "object separator"), nullptr));
[build]       |                                                                                                                                                                         ^
[build] C:\Users\pperv\code\unnamed_rpg\vendor\json\include\nlohmann/detail/input/parser.hpp(268,31): warning: 'auto' type specifier is incompatible with C++98 [-Wc++98-compat]
[build]   268 |                         const auto res = m_lexer.get_number_float();
[build]       |                               ^~~~
[build] C:\Users\pperv\code\unnamed_rpg\vendor\json\include\nlohmann/json.hpp(4112,148): note: in instantiation of member function 'nlohmann::detail::parser<nlohmann::basic_json<>, nlohmann::detail::iterator_input_adapter<const char *>>::parse' requested here
[build]  4112 |         parser(detail::input_adapter(std::move(first), std::move(last)), std::move(cb), allow_exceptions, ignore_comments, ignore_trailing_commas).parse(true, result); // cppcheck-suppress[accessMoved]
[build]       |                                                                                                                                                    ^
[build] C:\Users\pperv\code\unnamed_rpg\vendor\json\include\nlohmann/json.hpp(5294,28): note: in instantiation of function template specialization 'nlohmann::basic_json<>::parse<const char *, const char *, 0>' requested here
[build]  5294 |     return nlohmann::json::parse(s, s + n);
[build]       |                            ^
[build] In file included from C:\Users\pperv\code\unnamed_rpg\vendor\json-schema-validator\src\string-format-check.cpp:1:
[build] In file included from C:\Users\pperv\code\unnamed_rpg\vendor\json-schema-validator\src\nlohmann/json-schema.hpp:24:
[build] In file included from C:\Users\pperv\code\unnamed_rpg\vendor\json\include\nlohmann/json.hpp:53:
[build] C:\Users\pperv\code\unnamed_rpg\vendor\json\include\nlohmann/detail/input/parser.hpp(274,150): warning: 'nullptr' is incompatible with C++98 [-Wc++98-compat]
[build]   274 |                                                     out_of_range::create(406, concat("number overflow parsing '", m_lexer.get_token_string(), '\''), nullptr));
[build]       |                                                                                                                                                      ^
[build] C:\Users\pperv\code\unnamed_rpg\vendor\json\include\nlohmann/detail/input/parser.hpp(344,153): warning: 'nullptr' is incompatible with C++98 [-Wc++98-compat]
[build]   344 |                                                 parse_error::create(101, m_lexer.get_position(), exception_message(token_type::uninitialized, "value"), nullptr));
[build]       |                                                                                                                                                         ^
[build] C:\Users\pperv\code\unnamed_rpg\vendor\json\include\nlohmann/detail/input/parser.hpp(353,166): warning: 'nullptr' is incompatible with C++98 [-Wc++98-compat]
[build]   353 |                                                             "attempting to parse an empty input; check that your input string or stream contains the expected JSON", nullptr));
[build]       |                                                                                                                                                                      ^
[build] C:\Users\pperv\code\unnamed_rpg\vendor\json\include\nlohmann/detail/input/parser.hpp(358,156): warning: 'nullptr' is incompatible with C++98 [-Wc++98-compat]
[build]   358 |                                                 parse_error::create(101, m_lexer.get_position(), exception_message(token_type::literal_or_value, "value"), nullptr));
[build]       |                                                                                                                                                            ^
[build] C:\Users\pperv\code\unnamed_rpg\vendor\json\include\nlohmann/detail/input/parser.hpp(370,156): warning: 'nullptr' is incompatible with C++98 [-Wc++98-compat]
[build]   370 |                                                 parse_error::create(101, m_lexer.get_position(), exception_message(token_type::literal_or_value, "value"), nullptr));
[build]       |                                                                                                                                                            ^
[build] C:\Users\pperv\code\unnamed_rpg\vendor\json\include\nlohmann/detail/input/parser.hpp(422,141): warning: 'nullptr' is incompatible with C++98 [-Wc++98-compat]
[build]   422 |                                         parse_error::create(101, m_lexer.get_position(), exception_message(token_type::end_array, "array"), nullptr));
[build]       |                                                                                                                                             ^
[build] C:\Users\pperv\code\unnamed_rpg\vendor\json\include\nlohmann/detail/input/parser.hpp(441,157): warning: 'nullptr' is incompatible with C++98 [-Wc++98-compat]
[build]   441 |                                                 parse_error::create(101, m_lexer.get_position(), exception_message(token_type::value_string, "object key"), nullptr));
[build]       |                                                                                                                                                             ^
[build] C:\Users\pperv\code\unnamed_rpg\vendor\json\include\nlohmann/detail/input/parser.hpp(454,165): warning: 'nullptr' is incompatible with C++98 [-Wc++98-compat]
[build]   454 |                                                 parse_error::create(101, m_lexer.get_position(), exception_message(token_type::name_separator, "object separator"), nullptr));
[build]       |                                                                                                                                                                     ^
[build] C:\Users\pperv\code\unnamed_rpg\vendor\json\include\nlohmann/detail/input/parser.hpp(483,139): warning: 'nullptr' is incompatible with C++98 [-Wc++98-compat]
[build]   483 |                                     parse_error::create(101, m_lexer.get_position(), exception_message(token_type::end_object, "object"), nullptr));
[build]       |                                                                                                                                           ^
[build] C:\Users\pperv\code\unnamed_rpg\vendor\json\include\nlohmann/detail/input/parser.hpp(197,26): warning: enumeration type in nested name specifier is incompatible with C++98 [-Wc++98-compat]
[build]   197 |                     case token_type::begin_object:
[build]       |                          ^
[build] C:\Users\pperv\code\unnamed_rpg\vendor\json\include\nlohmann/detail/input/parser.hpp(100,13): note: in instantiation of function template specialization 'nlohmann::detail::parser<nlohmann::basic_json<>, nlohmann::detail::iterator_input_adapter<const char *>>::sax_parse_internal<nlohmann::detail::json_sax_dom_callback_parser<nlohmann::basic_json<>, nlohmann::detail::iterator_input_adapter<const char *>>>' requested here
[build]   100 |             sax_parse_internal(&sdp);
[build]       |             ^
[build] C:\Users\pperv\code\unnamed_rpg\vendor\json\include\nlohmann/json.hpp(4112,148): note: in instantiation of member function 'nlohmann::detail::parser<nlohmann::basic_json<>, nlohmann::detail::iterator_input_adapter<const char *>>::parse' requested here
[build]  4112 |         parser(detail::input_adapter(std::move(first), std::move(last)), std::move(cb), allow_exceptions, ignore_comments, ignore_trailing_commas).parse(true, result); // cppcheck-suppress[accessMoved]
[build]       |                                                                                                                                                    ^
[build] C:\Users\pperv\code\unnamed_rpg\vendor\json\include\nlohmann/json.hpp(5294,28): note: in instantiation of function template specialization 'nlohmann::basic_json<>::parse<const char *, const char *, 0>' requested here
[build]  5294 |     return nlohmann::json::parse(s, s + n);
[build]       |                            ^
[build] In file included from C:\Users\pperv\code\unnamed_rpg\vendor\json-schema-validator\src\string-format-check.cpp:1:
[build] In file included from C:\Users\pperv\code\unnamed_rpg\vendor\json-schema-validator\src\nlohmann/json-schema.hpp:24:
[build] In file included from C:\Users\pperv\code\unnamed_rpg\vendor\json\include\nlohmann/json.hpp:53:
[build] C:\Users\pperv\code\unnamed_rpg\vendor\json\include\nlohmann/detail/input/parser.hpp(205,44): warning: enumeration type in nested name specifier is incompatible with C++98 [-Wc++98-compat]
[build]   205 |                         if (get_token() == token_type::end_object)
[build]       |                                            ^
[build] C:\Users\pperv\code\unnamed_rpg\vendor\json\include\nlohmann/detail/input/parser.hpp(215,64): warning: enumeration type in nested name specifier is incompatible with C++98 [-Wc++98-compat]
[build]   215 |                         if (JSON_HEDLEY_UNLIKELY(last_token != token_type::value_string))
[build]       |                                                                ^
[build] C:\Users\pperv\code\unnamed_rpg\vendor\json\include\nlohmann/detail/input/parser.hpp(219,120): warning: enumeration type in nested name specifier is incompatible with C++98 [-Wc++98-compat]
[build]   219 |                                                     parse_error::create(101, m_lexer.get_position(), exception_message(token_type::value_string, "object key"), nullptr));
[build]       |                                                                                                                        ^
[build] C:\Users\pperv\code\unnamed_rpg\vendor\json\include\nlohmann/detail/input/parser.hpp(227,65): warning: enumeration type in nested name specifier is incompatible with C++98 [-Wc++98-compat]
[build]   227 |                         if (JSON_HEDLEY_UNLIKELY(get_token() != token_type::name_separator))
[build]       |                                                                 ^
[build] C:\Users\pperv\code\unnamed_rpg\vendor\json\include\nlohmann/detail/input/parser.hpp(231,120): warning: enumeration type in nested name specifier is incompatible with C++98 [-Wc++98-compat]
[build]   231 |                                                     parse_error::create(101, m_lexer.get_position(), exception_message(token_type::name_separator, "object separator"), nullptr));
[build]       |                                                                                                                        ^
[build] C:\Users\pperv\code\unnamed_rpg\vendor\json\include\nlohmann/detail/input/parser.hpp(242,26): warning: enumeration type in nested name specifier is incompatible with C++98 [-Wc++98-compat]
[build]   242 |                     case token_type::begin_array:
[build]       |                          ^
[build] C:\Users\pperv\code\unnamed_rpg\vendor\json\include\nlohmann/detail/input/parser.hpp(250,44): warning: enumeration type in nested name specifier is incompatible with C++98 [-Wc++98-compat]
[build]   250 |                         if (get_token() == token_type::end_array)
[build]       |                                            ^
[build] C:\Users\pperv\code\unnamed_rpg\vendor\json\include\nlohmann/detail/input/parser.hpp(266,26): warning: enumeration type in nested name specifier is incompatible with C++98 [-Wc++98-compat]
[build]   266 |                     case token_type::value_float:
[build]       |                          ^
[build] C:\Users\pperv\code\unnamed_rpg\vendor\json\include\nlohmann/detail/input/parser.hpp(285,26): warning: enumeration type in nested name specifier is incompatible with C++98 [-Wc++98-compat]
[build]   285 |                     case token_type::literal_false:
[build]       |                          ^
[build] C:\Users\pperv\code\unnamed_rpg\vendor\json\include\nlohmann/detail/input/parser.hpp(294,26): warning: enumeration type in nested name specifier is incompatible with C++98 [-Wc++98-compat]
[build]   294 |                     case token_type::literal_null:
[build]       |                          ^
[build] C:\Users\pperv\code\unnamed_rpg\vendor\json\include\nlohmann/detail/input/parser.hpp(303,26): warning: enumeration type in nested name specifier is incompatible with C++98 [-Wc++98-compat]
[build]   303 |                     case token_type::literal_true:
[build]       |                          ^
[build] C:\Users\pperv\code\unnamed_rpg\vendor\json\include\nlohmann/detail/input/parser.hpp(312,26): warning: enumeration type in nested name specifier is incompatible with C++98 [-Wc++98-compat]
[build]   312 |                     case token_type::value_integer:
[build]       |                          ^
[build] C:\Users\pperv\code\unnamed_rpg\vendor\json\include\nlohmann/detail/input/parser.hpp(321,26): warning: enumeration type in nested name specifier is incompatible with C++98 [-Wc++98-compat]
[build]   321 |                     case token_type::value_string:
[build]       |                          ^
[build] C:\Users\pperv\code\unnamed_rpg\vendor\json\include\nlohmann/detail/input/parser.hpp(330,26): warning: enumeration type in nested name specifier is incompatible with C++98 [-Wc++98-compat]
[build]   330 |                     case token_type::value_unsigned:
[build]       |                          ^
[build] C:\Users\pperv\code\unnamed_rpg\vendor\json\include\nlohmann/detail/input/parser.hpp(339,26): warning: enumeration type in nested name specifier is incompatible with C++98 [-Wc++98-compat]
[build]   339 |                     case token_type::parse_error:
[build]       |                          ^
[build] C:\Users\pperv\code\unnamed_rpg\vendor\json\include\nlohmann/detail/input/parser.hpp(344,116): warning: enumeration type in nested name specifier is incompatible with C++98 [-Wc++98-compat]
[build]   344 |                                                 parse_error::create(101, m_lexer.get_position(), exception_message(token_type::uninitialized, "value"), nullptr));
[build]       |                                                                                                                    ^
[build] C:\Users\pperv\code\unnamed_rpg\vendor\json\include\nlohmann/detail/input/parser.hpp(346,26): warning: enumeration type in nested name specifier is incompatible with C++98 [-Wc++98-compat]
[build]   346 |                     case token_type::end_of_input:
[build]       |                          ^
[build] C:\Users\pperv\code\unnamed_rpg\vendor\json\include\nlohmann/detail/input/parser.hpp(358,116): warning: enumeration type in nested name specifier is incompatible with C++98 [-Wc++98-compat]
[build]   358 |                                                 parse_error::create(101, m_lexer.get_position(), exception_message(token_type::literal_or_value, "value"), nullptr));
[build]       |                                                                                                                    ^
[build] C:\Users\pperv\code\unnamed_rpg\vendor\json\include\nlohmann/detail/input/parser.hpp(360,26): warning: enumeration type in nested name specifier is incompatible with C++98 [-Wc++98-compat]
[build]   360 |                     case token_type::uninitialized:
[build]       |                          ^
[build] C:\Users\pperv\code\unnamed_rpg\vendor\json\include\nlohmann/detail/input/parser.hpp(361,26): warning: enumeration type in nested name specifier is incompatible with C++98 [-Wc++98-compat]
[build]   361 |                     case token_type::end_array:
[build]       |                          ^
[build] C:\Users\pperv\code\unnamed_rpg\vendor\json\include\nlohmann/detail/input/parser.hpp(362,26): warning: enumeration type in nested name specifier is incompatible with C++98 [-Wc++98-compat]
[build]   362 |                     case token_type::end_object:
[build]       |                          ^
[build] C:\Users\pperv\code\unnamed_rpg\vendor\json\include\nlohmann/detail/input/parser.hpp(363,26): warning: enumeration type in nested name specifier is incompatible with C++98 [-Wc++98-compat]
[build]   363 |                     case token_type::name_separator:
[build]       |                          ^
[build] C:\Users\pperv\code\unnamed_rpg\vendor\json\include\nlohmann/detail/input/parser.hpp(364,26): warning: enumeration type in nested name specifier is incompatible with C++98 [-Wc++98-compat]
[build]   364 |                     case token_type::value_separator:
[build]       |                          ^
[build] C:\Users\pperv\code\unnamed_rpg\vendor\json\include\nlohmann/detail/input/parser.hpp(365,26): warning: enumeration type in nested name specifier is incompatible with C++98 [-Wc++98-compat]
[build]   365 |                     case token_type::literal_or_value:
[build]       |                          ^
[build] C:\Users\pperv\code\unnamed_rpg\vendor\json\include\nlohmann/detail/input/parser.hpp(370,116): warning: enumeration type in nested name specifier is incompatible with C++98 [-Wc++98-compat]
[build]   370 |                                                 parse_error::create(101, m_lexer.get_position(), exception_message(token_type::literal_or_value, "value"), nullptr));
[build]       |                                                                                                                    ^
[build] C:\Users\pperv\code\unnamed_rpg\vendor\json\include\nlohmann/detail/input/parser.hpp(366,21): warning: default label in switch which covers all enumeration values [-Wcovered-switch-default]
[build]   366 |                     default: // the last token was unexpected
[build]       |                     ^
[build] C:\Users\pperv\code\unnamed_rpg\vendor\json\include\nlohmann/detail/input/parser.hpp(390,36): warning: enumeration type in nested name specifier is incompatible with C++98 [-Wc++98-compat]
[build]   390 |                 if (get_token() == token_type::value_separator)
[build]       |                                    ^
[build] C:\Users\pperv\code\unnamed_rpg\vendor\json\include\nlohmann/detail/input/parser.hpp(396,67): warning: enumeration type in nested name specifier is incompatible with C++98 [-Wc++98-compat]
[build]   396 |                     if (!(ignore_trailing_commas && last_token == token_type::end_array))
[build]       |                                                                   ^
[build] C:\Users\pperv\code\unnamed_rpg\vendor\json\include\nlohmann/detail/input/parser.hpp(403,54): warning: enumeration type in nested name specifier is incompatible with C++98 [-Wc++98-compat]
[build]   403 |                 if (JSON_HEDLEY_LIKELY(last_token == token_type::end_array))
[build]       |                                                      ^
[build] C:\Users\pperv\code\unnamed_rpg\vendor\json\include\nlohmann/detail/input/parser.hpp(422,108): warning: enumeration type in nested name specifier is incompatible with C++98 [-Wc++98-compat]
[build]   422 |                                         parse_error::create(101, m_lexer.get_position(), exception_message(token_type::end_array, "array"), nullptr));
[build]       |                                                                                                            ^
[build] C:\Users\pperv\code\unnamed_rpg\vendor\json\include\nlohmann/detail/input/parser.hpp(429,32): warning: enumeration type in nested name specifier is incompatible with C++98 [-Wc++98-compat]
[build]   429 |             if (get_token() == token_type::value_separator)
[build]       |                                ^
[build] C:\Users\pperv\code\unnamed_rpg\vendor\json\include\nlohmann/detail/input/parser.hpp(434,63): warning: enumeration type in nested name specifier is incompatible with C++98 [-Wc++98-compat]
[build]   434 |                 if (!(ignore_trailing_commas && last_token == token_type::end_object))
[build]       |                                                               ^
[build] C:\Users\pperv\code\unnamed_rpg\vendor\json\include\nlohmann/detail/input/parser.hpp(437,60): warning: enumeration type in nested name specifier is incompatible with C++98 [-Wc++98-compat]
[build]   437 |                     if (JSON_HEDLEY_UNLIKELY(last_token != token_type::value_string))
[build]       |                                                            ^
[build] C:\Users\pperv\code\unnamed_rpg\vendor\json\include\nlohmann/detail/input/parser.hpp(441,116): warning: enumeration type in nested name specifier is incompatible with C++98 [-Wc++98-compat]
[build]   441 |                                                 parse_error::create(101, m_lexer.get_position(), exception_message(token_type::value_string, "object key"), nullptr));
[build]       |                                                                                                                    ^
[build] C:\Users\pperv\code\unnamed_rpg\vendor\json\include\nlohmann/detail/input/parser.hpp(450,61): warning: enumeration type in nested name specifier is incompatible with C++98 [-Wc++98-compat]
[build]   450 |                     if (JSON_HEDLEY_UNLIKELY(get_token() != token_type::name_separator))
[build]       |                                                             ^
[build] C:\Users\pperv\code\unnamed_rpg\vendor\json\include\nlohmann/detail/input/parser.hpp(454,116): warning: enumeration type in nested name specifier is incompatible with C++98 [-Wc++98-compat]
[build]   454 |                                                 parse_error::create(101, m_lexer.get_position(), exception_message(token_type::name_separator, "object separator"), nullptr));
[build]       |                                                                                                                    ^
[build] C:\Users\pperv\code\unnamed_rpg\vendor\json\include\nlohmann/detail/input/parser.hpp(464,50): warning: enumeration type in nested name specifier is incompatible with C++98 [-Wc++98-compat]
[build]   464 |             if (JSON_HEDLEY_LIKELY(last_token == token_type::end_object))
[build]       |                                                  ^
[build] C:\Users\pperv\code\unnamed_rpg\vendor\json\include\nlohmann/detail/input/parser.hpp(483,104): warning: enumeration type in nested name specifier is incompatible with C++98 [-Wc++98-compat]
[build]   483 |                                     parse_error::create(101, m_lexer.get_position(), exception_message(token_type::end_object, "object"), nullptr));
[build]       |                                                                                                        ^
[build] In file included from C:\Users\pperv\code\unnamed_rpg\vendor\json-schema-validator\src\string-format-check.cpp:1:
[build] In file included from C:\Users\pperv\code\unnamed_rpg\vendor\json-schema-validator\src\nlohmann/json-schema.hpp:24:
[build] In file included from C:\Users\pperv\code\unnamed_rpg\vendor\json\include\nlohmann/json.hpp:50:
[build] In file included from C:\Users\pperv\code\unnamed_rpg\vendor\json\include\nlohmann/detail/input/binary_reader.hpp:29:
[build] C:\Users\pperv\code\unnamed_rpg\vendor\json\include\nlohmann/detail/input/json_sax.hpp(551,9): warning: 'auto' type specifier is incompatible with C++98 [-Wc++98-compat]
[build]   551 |         auto val = handle_value(BasicJsonType::value_t::object, true);
[build]       |         ^~~~
[build] C:\Users\pperv\code\unnamed_rpg\vendor\json\include\nlohmann/detail/input/json_sax.hpp(548,72): warning: enumeration type in nested name specifier is incompatible with C++98 [-Wc++98-compat]
[build]   548 |         const bool keep = callback(static_cast<int>(ref_stack.size()), parse_event_t::object_start, discarded);
[build]       |                                                                        ^
[build] C:\Users\pperv\code\unnamed_rpg\vendor\json\include\nlohmann/detail/input/parser.hpp(199,56): note: in instantiation of member function 'nlohmann::detail::json_sax_dom_callback_parser<nlohmann::basic_json<>, nlohmann::detail::iterator_input_adapter<const char *>>::start_object' requested here
[build]   199 |                         if (JSON_HEDLEY_UNLIKELY(!sax->start_object(detail::unknown_size())))
[build]       |                                                        ^
[build] C:\Users\pperv\code\unnamed_rpg\vendor\json\include\nlohmann/thirdparty/hedley/hedley.hpp(1360,94): note: expanded from macro 'JSON_HEDLEY_UNLIKELY'
[build]  1360 | #  define JSON_HEDLEY_UNLIKELY(expr)                    __builtin_expect                 (!!(expr),    0                  )
[build]       |                                                                                              ^
[build] C:\Users\pperv\code\unnamed_rpg\vendor\json\include\nlohmann/detail/input/parser.hpp(100,13): note: in instantiation of function template specialization 'nlohmann::detail::parser<nlohmann::basic_json<>, nlohmann::detail::iterator_input_adapter<const char *>>::sax_parse_internal<nlohmann::detail::json_sax_dom_callback_parser<nlohmann::basic_json<>, nlohmann::detail::iterator_input_adapter<const char *>>>' requested here
[build]   100 |             sax_parse_internal(&sdp);
[build]       |             ^
[build] C:\Users\pperv\code\unnamed_rpg\vendor\json\include\nlohmann/json.hpp(4112,148): note: in instantiation of member function 'nlohmann::detail::parser<nlohmann::basic_json<>, nlohmann::detail::iterator_input_adapter<const char *>>::parse' requested here
[build]  4112 |         parser(detail::input_adapter(std::move(first), std::move(last)), std::move(cb), allow_exceptions, ignore_comments, ignore_trailing_commas).parse(true, result); // cppcheck-suppress[accessMoved]
[build]       |                                                                                                                                                    ^
[build] C:\Users\pperv\code\unnamed_rpg\vendor\json\include\nlohmann/json.hpp(5294,28): note: in instantiation of function template specialization 'nlohmann::basic_json<>::parse<const char *, const char *, 0>' requested here
[build]  5294 |     return nlohmann::json::parse(s, s + n);
[build]       |                            ^
[build] In file included from C:\Users\pperv\code\unnamed_rpg\vendor\json-schema-validator\src\string-format-check.cpp:1:
[build] In file included from C:\Users\pperv\code\unnamed_rpg\vendor\json-schema-validator\src\nlohmann/json-schema.hpp:24:
[build] In file included from C:\Users\pperv\code\unnamed_rpg\vendor\json\include\nlohmann/json.hpp:50:
[build] In file included from C:\Users\pperv\code\unnamed_rpg\vendor\json\include\nlohmann/detail/input/binary_reader.hpp:29:
[build] C:\Users\pperv\code\unnamed_rpg\vendor\json\include\nlohmann/detail/input/json_sax.hpp(849,28): warning: 'nullptr' is incompatible with C++98 [-Wc++98-compat]
[build]   849 |             return {false, nullptr};
[build]       |                            ^
[build] C:\Users\pperv\code\unnamed_rpg\vendor\json\include\nlohmann/detail/input/json_sax.hpp(849,20): warning: generalized initializer lists are incompatible with C++98 [-Wc++98-compat]
[build]   849 |             return {false, nullptr};
[build]       |                    ^~~~~~~~~~~~~~~~
[build] C:\Users\pperv\code\unnamed_rpg\vendor\json\include\nlohmann/detail/input/json_sax.hpp(853,9): warning: 'auto' type specifier is incompatible with C++98 [-Wc++98-compat]
[build]   853 |         auto value = BasicJsonType(std::forward<Value>(v));
[build]       |         ^~~~
[build] C:\Users\pperv\code\unnamed_rpg\vendor\json\include\nlohmann/detail/input/json_sax.hpp(877,28): warning: 'nullptr' is incompatible with C++98 [-Wc++98-compat]
[build]   877 |             return {false, nullptr};
[build]       |                            ^
[build] C:\Users\pperv\code\unnamed_rpg\vendor\json\include\nlohmann/detail/input/json_sax.hpp(877,20): warning: generalized initializer lists are incompatible with C++98 [-Wc++98-compat]
[build]   877 |             return {false, nullptr};
[build]       |                    ^~~~~~~~~~~~~~~~
[build] C:\Users\pperv\code\unnamed_rpg\vendor\json\include\nlohmann/detail/input/json_sax.hpp(883,20): warning: generalized initializer lists are incompatible with C++98 [-Wc++98-compat]
[build]   883 |             return {true, & root};
[build]       |                    ^~~~~~~~~~~~~~
[build] C:\Users\pperv\code\unnamed_rpg\vendor\json\include\nlohmann/detail/input/json_sax.hpp(890,28): warning: 'nullptr' is incompatible with C++98 [-Wc++98-compat]
[build]   890 |             return {false, nullptr};
[build]       |                            ^
[build] C:\Users\pperv\code\unnamed_rpg\vendor\json\include\nlohmann/detail/input/json_sax.hpp(890,20): warning: generalized initializer lists are incompatible with C++98 [-Wc++98-compat]
[build]   890 |             return {false, nullptr};
[build]       |                    ^~~~~~~~~~~~~~~~
[build] C:\Users\pperv\code\unnamed_rpg\vendor\json\include\nlohmann/detail/input/json_sax.hpp(900,20): warning: generalized initializer lists are incompatible with C++98 [-Wc++98-compat]
[build]   900 |             return {true, & (ref_stack.back()->m_data.m_value.array->back())};
[build]       |                    ^~~~~~~~~~~~~~~~~~~~~~~~~~~~~~~~~~~~~~~~~~~~~~~~~~~~~~~~~~
[build] C:\Users\pperv\code\unnamed_rpg\vendor\json\include\nlohmann/detail/input/json_sax.hpp(912,28): warning: 'nullptr' is incompatible with C++98 [-Wc++98-compat]
[build]   912 |             return {false, nullptr};
[build]       |                            ^
[build] C:\Users\pperv\code\unnamed_rpg\vendor\json\include\nlohmann/detail/input/json_sax.hpp(912,20): warning: generalized initializer lists are incompatible with C++98 [-Wc++98-compat]
[build]   912 |             return {false, nullptr};
[build]       |                    ^~~~~~~~~~~~~~~~
[build] C:\Users\pperv\code\unnamed_rpg\vendor\json\include\nlohmann/detail/input/json_sax.hpp(917,16): warning: generalized initializer lists are incompatible with C++98 [-Wc++98-compat]
[build]   917 |         return {true, object_element};
[build]       |                ^~~~~~~~~~~~~~~~~~~~~~
[build] C:\Users\pperv\code\unnamed_rpg\vendor\json\include\nlohmann/detail/input/json_sax.hpp(849,20): warning: constructor call from initializer list is incompatible with C++98 [-Wc++98-compat]
[build]   849 |             return {false, nullptr};
[build]       |                    ^~~~~~~~~~~~~~~~
[build] C:\Users\pperv\code\unnamed_rpg\vendor\json\include\nlohmann/detail/input/json_sax.hpp(551,20): note: in instantiation of function template specialization 'nlohmann::detail::json_sax_dom_callback_parser<nlohmann::basic_json<>, nlohmann::detail::iterator_input_adapter<const char *>>::handle_value<nlohmann::detail::value_t>' requested here
[build]   551 |         auto val = handle_value(BasicJsonType::value_t::object, true);
[build]       |                    ^
[build] C:\Users\pperv\code\unnamed_rpg\vendor\json\include\nlohmann/detail/input/parser.hpp(199,56): note: in instantiation of member function 'nlohmann::detail::json_sax_dom_callback_parser<nlohmann::basic_json<>, nlohmann::detail::iterator_input_adapter<const char *>>::start_object' requested here
[build]   199 |                         if (JSON_HEDLEY_UNLIKELY(!sax->start_object(detail::unknown_size())))
[build]       |                                                        ^
[build] C:\Users\pperv\code\unnamed_rpg\vendor\json\include\nlohmann/thirdparty/hedley/hedley.hpp(1360,94): note: expanded from macro 'JSON_HEDLEY_UNLIKELY'
[build]  1360 | #  define JSON_HEDLEY_UNLIKELY(expr)                    __builtin_expect                 (!!(expr),    0                  )
[build]       |                                                                                              ^
[build] C:\Users\pperv\code\unnamed_rpg\vendor\json\include\nlohmann/detail/input/parser.hpp(100,13): note: in instantiation of function template specialization 'nlohmann::detail::parser<nlohmann::basic_json<>, nlohmann::detail::iterator_input_adapter<const char *>>::sax_parse_internal<nlohmann::detail::json_sax_dom_callback_parser<nlohmann::basic_json<>, nlohmann::detail::iterator_input_adapter<const char *>>>' requested here
[build]   100 |             sax_parse_internal(&sdp);
[build]       |             ^
[build] C:\Users\pperv\code\unnamed_rpg\vendor\json\include\nlohmann/json.hpp(4112,148): note: in instantiation of member function 'nlohmann::detail::parser<nlohmann::basic_json<>, nlohmann::detail::iterator_input_adapter<const char *>>::parse' requested here
[build]  4112 |         parser(detail::input_adapter(std::move(first), std::move(last)), std::move(cb), allow_exceptions, ignore_comments, ignore_trailing_commas).parse(true, result); // cppcheck-suppress[accessMoved]
[build]       |                                                                                                                                                    ^
[build] C:\Users\pperv\code\unnamed_rpg\vendor\json\include\nlohmann/json.hpp(5294,28): note: in instantiation of function template specialization 'nlohmann::basic_json<>::parse<const char *, const char *, 0>' requested here
[build]  5294 |     return nlohmann::json::parse(s, s + n);
[build]       |                            ^
[build] In file included from C:\Users\pperv\code\unnamed_rpg\vendor\json-schema-validator\src\string-format-check.cpp:1:
[build] In file included from C:\Users\pperv\code\unnamed_rpg\vendor\json-schema-validator\src\nlohmann/json-schema.hpp:24:
[build] In file included from C:\Users\pperv\code\unnamed_rpg\vendor\json\include\nlohmann/json.hpp:50:
[build] In file included from C:\Users\pperv\code\unnamed_rpg\vendor\json\include\nlohmann/detail/input/binary_reader.hpp:29:
[build] C:\Users\pperv\code\unnamed_rpg\vendor\json\include\nlohmann/detail/input/json_sax.hpp(860,89): warning: enumeration type in nested name specifier is incompatible with C++98 [-Wc++98-compat]
[build]   860 |         const bool keep = skip_callback || callback(static_cast<int>(ref_stack.size()), parse_event_t::value, value);
[build]       |                                                                                         ^
[build] C:\Users\pperv\code\unnamed_rpg\vendor\json\include\nlohmann/detail/input/json_sax.hpp(551,20): note: in instantiation of function template specialization 'nlohmann::detail::json_sax_dom_callback_parser<nlohmann::basic_json<>, nlohmann::detail::iterator_input_adapter<const char *>>::handle_value<nlohmann::detail::value_t>' requested here
[build]   551 |         auto val = handle_value(BasicJsonType::value_t::object, true);
[build]       |                    ^
[build] C:\Users\pperv\code\unnamed_rpg\vendor\json\include\nlohmann/detail/input/parser.hpp(199,56): note: in instantiation of member function 'nlohmann::detail::json_sax_dom_callback_parser<nlohmann::basic_json<>, nlohmann::detail::iterator_input_adapter<const char *>>::start_object' requested here
[build]   199 |                         if (JSON_HEDLEY_UNLIKELY(!sax->start_object(detail::unknown_size())))
[build]       |                                                        ^
[build] C:\Users\pperv\code\unnamed_rpg\vendor\json\include\nlohmann/thirdparty/hedley/hedley.hpp(1360,94): note: expanded from macro 'JSON_HEDLEY_UNLIKELY'
[build]  1360 | #  define JSON_HEDLEY_UNLIKELY(expr)                    __builtin_expect                 (!!(expr),    0                  )
[build]       |                                                                                              ^
[build] C:\Users\pperv\code\unnamed_rpg\vendor\json\include\nlohmann/detail/input/parser.hpp(100,13): note: in instantiation of function template specialization 'nlohmann::detail::parser<nlohmann::basic_json<>, nlohmann::detail::iterator_input_adapter<const char *>>::sax_parse_internal<nlohmann::detail::json_sax_dom_callback_parser<nlohmann::basic_json<>, nlohmann::detail::iterator_input_adapter<const char *>>>' requested here
[build]   100 |             sax_parse_internal(&sdp);
[build]       |             ^
[build] C:\Users\pperv\code\unnamed_rpg\vendor\json\include\nlohmann/json.hpp(4112,148): note: in instantiation of member function 'nlohmann::detail::parser<nlohmann::basic_json<>, nlohmann::detail::iterator_input_adapter<const char *>>::parse' requested here
[build]  4112 |         parser(detail::input_adapter(std::move(first), std::move(last)), std::move(cb), allow_exceptions, ignore_comments, ignore_trailing_commas).parse(true, result); // cppcheck-suppress[accessMoved]
[build]       |                                                                                                                                                    ^
[build] C:\Users\pperv\code\unnamed_rpg\vendor\json\include\nlohmann/json.hpp(5294,28): note: in instantiation of function template specialization 'nlohmann::basic_json<>::parse<const char *, const char *, 0>' requested here
[build]  5294 |     return nlohmann::json::parse(s, s + n);
[build]       |                            ^
[build] In file included from C:\Users\pperv\code\unnamed_rpg\vendor\json-schema-validator\src\string-format-check.cpp:1:
[build] In file included from C:\Users\pperv\code\unnamed_rpg\vendor\json-schema-validator\src\nlohmann/json-schema.hpp:24:
[build] In file included from C:\Users\pperv\code\unnamed_rpg\vendor\json\include\nlohmann/json.hpp:50:
[build] In file included from C:\Users\pperv\code\unnamed_rpg\vendor\json\include\nlohmann/detail/input/binary_reader.hpp:29:
[build] C:\Users\pperv\code\unnamed_rpg\vendor\json\include\nlohmann/detail/input/json_sax.hpp(877,20): warning: constructor call from initializer list is incompatible with C++98 [-Wc++98-compat]
[build]   877 |             return {false, nullptr};
[build]       |                    ^~~~~~~~~~~~~~~~
[build] C:\Users\pperv\code\unnamed_rpg\vendor\json\include\nlohmann/detail/input/json_sax.hpp(883,20): warning: constructor call from initializer list is incompatible with C++98 [-Wc++98-compat]
[build]   883 |             return {true, & root};
[build]       |                    ^~~~~~~~~~~~~~
[build] C:\Users\pperv\code\unnamed_rpg\vendor\json\include\nlohmann/detail/input/json_sax.hpp(890,20): warning: constructor call from initializer list is incompatible with C++98 [-Wc++98-compat]
[build]   890 |             return {false, nullptr};
[build]       |                    ^~~~~~~~~~~~~~~~
[build] C:\Users\pperv\code\unnamed_rpg\vendor\json\include\nlohmann/detail/input/json_sax.hpp(900,20): warning: constructor call from initializer list is incompatible with C++98 [-Wc++98-compat]
[build]   900 |             return {true, & (ref_stack.back()->m_data.m_value.array->back())};
[build]       |                    ^~~~~~~~~~~~~~~~~~~~~~~~~~~~~~~~~~~~~~~~~~~~~~~~~~~~~~~~~~
[build] C:\Users\pperv\code\unnamed_rpg\vendor\json\include\nlohmann/detail/input/json_sax.hpp(912,20): warning: constructor call from initializer list is incompatible with C++98 [-Wc++98-compat]
[build]   912 |             return {false, nullptr};
[build]       |                    ^~~~~~~~~~~~~~~~
[build] C:\Users\pperv\code\unnamed_rpg\vendor\json\include\nlohmann/detail/input/json_sax.hpp(917,16): warning: constructor call from initializer list is incompatible with C++98 [-Wc++98-compat]
[build]   917 |         return {true, object_element};
[build]       |                ^~~~~~~~~~~~~~~~~~~~~~
[build] C:\Users\pperv\code\unnamed_rpg\vendor\json\include\nlohmann/detail/input/json_sax.hpp(815,14): warning: 'auto' type specifier is incompatible with C++98 [-Wc++98-compat]
[build]   815 |         for (auto it = parent.begin(); it != parent.end(); ++it)
[build]       |              ^~~~
[build] In file included from C:\Users\pperv\code\unnamed_rpg\vendor\json-schema-validator\src\string-format-check.cpp:1:
[build] In file included from C:\Users\pperv\code\unnamed_rpg\vendor\json-schema-validator\src\nlohmann/json-schema.hpp:24:
[build] In file included from C:\Users\pperv\code\unnamed_rpg\vendor\json\include\nlohmann/json.hpp:55:
[build] C:\Users\pperv\code\unnamed_rpg\vendor\json\include\nlohmann/detail/iterators/iter_impl.hpp(508,170): warning: use of null pointer as non-type template argument is incompatible with C++98 [-Wc++98-compat]
[build]   508 |     template < typename IterImpl, detail::enable_if_t < (std::is_same<IterImpl, iter_impl>::value || std::is_same<IterImpl, other_iter_impl>::value), std::nullptr_t > = nullptr >
[build]       |                                                                                                                                                                          ^
[build] C:\Users\pperv\code\unnamed_rpg\vendor\json\include\nlohmann/detail/input/json_sax.hpp(815,43): note: while substituting deduced template arguments into function template 'operator!=' [with IterImpl = iterator, $1 = (no value)]
[build]   815 |         for (auto it = parent.begin(); it != parent.end(); ++it)
[build]       |                                           ^
[build] C:\Users\pperv\code\unnamed_rpg\vendor\json\include\nlohmann/detail/input/json_sax.hpp(874,21): note: in instantiation of member function 'nlohmann::detail::json_sax_dom_callback_parser<nlohmann::basic_json<>, nlohmann::detail::iterator_input_adapter<const char *>>::remove_discarded_value' requested here
[build]   874 |                     remove_discarded_value(*ref_stack.back());
[build]       |                     ^
[build] C:\Users\pperv\code\unnamed_rpg\vendor\json\include\nlohmann/detail/input/json_sax.hpp(551,20): note: in instantiation of function template specialization 'nlohmann::detail::json_sax_dom_callback_parser<nlohmann::basic_json<>, nlohmann::detail::iterator_input_adapter<const char *>>::handle_value<nlohmann::detail::value_t>' requested here
[build]   551 |         auto val = handle_value(BasicJsonType::value_t::object, true);
[build]       |                    ^
[build] C:\Users\pperv\code\unnamed_rpg\vendor\json\include\nlohmann/detail/input/parser.hpp(199,56): note: in instantiation of member function 'nlohmann::detail::json_sax_dom_callback_parser<nlohmann::basic_json<>, nlohmann::detail::iterator_input_adapter<const char *>>::start_object' requested here
[build]   199 |                         if (JSON_HEDLEY_UNLIKELY(!sax->start_object(detail::unknown_size())))
[build]       |                                                        ^
[build] C:\Users\pperv\code\unnamed_rpg\vendor\json\include\nlohmann/thirdparty/hedley/hedley.hpp(1360,94): note: expanded from macro 'JSON_HEDLEY_UNLIKELY'
[build]  1360 | #  define JSON_HEDLEY_UNLIKELY(expr)                    __builtin_expect                 (!!(expr),    0                  )
[build]       |                                                                                              ^
[build] C:\Users\pperv\code\unnamed_rpg\vendor\json\include\nlohmann/detail/input/parser.hpp(100,13): note: in instantiation of function template specialization 'nlohmann::detail::parser<nlohmann::basic_json<>, nlohmann::detail::iterator_input_adapter<const char *>>::sax_parse_internal<nlohmann::detail::json_sax_dom_callback_parser<nlohmann::basic_json<>, nlohmann::detail::iterator_input_adapter<const char *>>>' requested here
[build]   100 |             sax_parse_internal(&sdp);
[build]       |             ^
[build] C:\Users\pperv\code\unnamed_rpg\vendor\json\include\nlohmann/json.hpp(4112,148): note: in instantiation of member function 'nlohmann::detail::parser<nlohmann::basic_json<>, nlohmann::detail::iterator_input_adapter<const char *>>::parse' requested here
[build]  4112 |         parser(detail::input_adapter(std::move(first), std::move(last)), std::move(cb), allow_exceptions, ignore_comments, ignore_trailing_commas).parse(true, result); // cppcheck-suppress[accessMoved]
[build]       |                                                                                                                                                    ^
[build] C:\Users\pperv\code\unnamed_rpg\vendor\json\include\nlohmann/json.hpp(5294,28): note: in instantiation of function template specialization 'nlohmann::basic_json<>::parse<const char *, const char *, 0>' requested here
[build]  5294 |     return nlohmann::json::parse(s, s + n);
[build]       |                            ^
[build] In file included from C:\Users\pperv\code\unnamed_rpg\vendor\json-schema-validator\src\string-format-check.cpp:1:
[build] In file included from C:\Users\pperv\code\unnamed_rpg\vendor\json-schema-validator\src\nlohmann/json-schema.hpp:24:
[build] In file included from C:\Users\pperv\code\unnamed_rpg\vendor\json\include\nlohmann/json.hpp:55:
[build] C:\Users\pperv\code\unnamed_rpg\vendor\json\include\nlohmann/detail/iterators/iter_impl.hpp(102,33): warning: 'nullptr' is incompatible with C++98 [-Wc++98-compat]
[build]   102 |         JSON_ASSERT(m_object != nullptr);
[build]       |                                 ^
[build] C:\Users\pperv\code\unnamed_rpg\vendor\json\include\nlohmann/detail/iterators/iter_impl.hpp(106,18): warning: enumeration type in nested name specifier is incompatible with C++98 [-Wc++98-compat]
[build]   106 |             case value_t::object:
[build]       |                  ^
[build] C:\Users\pperv\code\unnamed_rpg\vendor\json\include\nlohmann/detail/input/json_sax.hpp(815,31): note: in instantiation of member function 'nlohmann::basic_json<>::begin' requested here
[build]   815 |         for (auto it = parent.begin(); it != parent.end(); ++it)
[build]       |                               ^
[build] C:\Users\pperv\code\unnamed_rpg\vendor\json\include\nlohmann/detail/input/json_sax.hpp(874,21): note: in instantiation of member function 'nlohmann::detail::json_sax_dom_callback_parser<nlohmann::basic_json<>, nlohmann::detail::iterator_input_adapter<const char *>>::remove_discarded_value' requested here
[build]   874 |                     remove_discarded_value(*ref_stack.back());
[build]       |                     ^
[build] C:\Users\pperv\code\unnamed_rpg\vendor\json\include\nlohmann/detail/input/json_sax.hpp(551,20): note: in instantiation of function template specialization 'nlohmann::detail::json_sax_dom_callback_parser<nlohmann::basic_json<>, nlohmann::detail::iterator_input_adapter<const char *>>::handle_value<nlohmann::detail::value_t>' requested here
[build]   551 |         auto val = handle_value(BasicJsonType::value_t::object, true);
[build]       |                    ^
[build] C:\Users\pperv\code\unnamed_rpg\vendor\json\include\nlohmann/detail/input/parser.hpp(199,56): note: in instantiation of member function 'nlohmann::detail::json_sax_dom_callback_parser<nlohmann::basic_json<>, nlohmann::detail::iterator_input_adapter<const char *>>::start_object' requested here
[build]   199 |                         if (JSON_HEDLEY_UNLIKELY(!sax->start_object(detail::unknown_size())))
[build]       |                                                        ^
[build] C:\Users\pperv\code\unnamed_rpg\vendor\json\include\nlohmann/thirdparty/hedley/hedley.hpp(1360,94): note: expanded from macro 'JSON_HEDLEY_UNLIKELY'
[build]  1360 | #  define JSON_HEDLEY_UNLIKELY(expr)                    __builtin_expect                 (!!(expr),    0                  )
[build]       |                                                                                              ^
[build] C:\Users\pperv\code\unnamed_rpg\vendor\json\include\nlohmann/detail/input/parser.hpp(100,13): note: in instantiation of function template specialization 'nlohmann::detail::parser<nlohmann::basic_json<>, nlohmann::detail::iterator_input_adapter<const char *>>::sax_parse_internal<nlohmann::detail::json_sax_dom_callback_parser<nlohmann::basic_json<>, nlohmann::detail::iterator_input_adapter<const char *>>>' requested here
[build]   100 |             sax_parse_internal(&sdp);
[build]       |             ^
[build] C:\Users\pperv\code\unnamed_rpg\vendor\json\include\nlohmann/json.hpp(4112,148): note: in instantiation of member function 'nlohmann::detail::parser<nlohmann::basic_json<>, nlohmann::detail::iterator_input_adapter<const char *>>::parse' requested here
[build]  4112 |         parser(detail::input_adapter(std::move(first), std::move(last)), std::move(cb), allow_exceptions, ignore_comments, ignore_trailing_commas).parse(true, result); // cppcheck-suppress[accessMoved]
[build]       |                                                                                                                                                    ^
[build] C:\Users\pperv\code\unnamed_rpg\vendor\json\include\nlohmann/json.hpp(5294,28): note: in instantiation of function template specialization 'nlohmann::basic_json<>::parse<const char *, const char *, 0>' requested here
[build]  5294 |     return nlohmann::json::parse(s, s + n);
[build]       |                            ^
[build] In file included from C:\Users\pperv\code\unnamed_rpg\vendor\json-schema-validator\src\string-format-check.cpp:1:
[build] In file included from C:\Users\pperv\code\unnamed_rpg\vendor\json-schema-validator\src\nlohmann/json-schema.hpp:24:
[build] In file included from C:\Users\pperv\code\unnamed_rpg\vendor\json\include\nlohmann/json.hpp:55:
[build] C:\Users\pperv\code\unnamed_rpg\vendor\json\include\nlohmann/detail/iterators/iter_impl.hpp(112,18): warning: enumeration type in nested name specifier is incompatible with C++98 [-Wc++98-compat]
[build]   112 |             case value_t::array:
[build]       |                  ^
[build] C:\Users\pperv\code\unnamed_rpg\vendor\json\include\nlohmann/detail/iterators/iter_impl.hpp(118,18): warning: enumeration type in nested name specifier is incompatible with C++98 [-Wc++98-compat]
[build]   118 |             case value_t::null:
[build]       |                  ^
[build] C:\Users\pperv\code\unnamed_rpg\vendor\json\include\nlohmann/detail/iterators/iter_impl.hpp(119,18): warning: enumeration type in nested name specifier is incompatible with C++98 [-Wc++98-compat]
[build]   119 |             case value_t::string:
[build]       |                  ^
[build] C:\Users\pperv\code\unnamed_rpg\vendor\json\include\nlohmann/detail/iterators/iter_impl.hpp(120,18): warning: enumeration type in nested name specifier is incompatible with C++98 [-Wc++98-compat]
[build]   120 |             case value_t::boolean:
[build]       |                  ^
[build] C:\Users\pperv\code\unnamed_rpg\vendor\json\include\nlohmann/detail/iterators/iter_impl.hpp(121,18): warning: enumeration type in nested name specifier is incompatible with C++98 [-Wc++98-compat]
[build]   121 |             case value_t::number_integer:
[build]       |                  ^
[build] C:\Users\pperv\code\unnamed_rpg\vendor\json\include\nlohmann/detail/iterators/iter_impl.hpp(122,18): warning: enumeration type in nested name specifier is incompatible with C++98 [-Wc++98-compat]
[build]   122 |             case value_t::number_unsigned:
[build]       |                  ^
[build] C:\Users\pperv\code\unnamed_rpg\vendor\json\include\nlohmann/detail/iterators/iter_impl.hpp(123,18): warning: enumeration type in nested name specifier is incompatible with C++98 [-Wc++98-compat]
[build]   123 |             case value_t::number_float:
[build]       |                  ^
[build] C:\Users\pperv\code\unnamed_rpg\vendor\json\include\nlohmann/detail/iterators/iter_impl.hpp(124,18): warning: enumeration type in nested name specifier is incompatible with C++98 [-Wc++98-compat]
[build]   124 |             case value_t::binary:
[build]       |                  ^
[build] C:\Users\pperv\code\unnamed_rpg\vendor\json\include\nlohmann/detail/iterators/iter_impl.hpp(125,18): warning: enumeration type in nested name specifier is incompatible with C++98 [-Wc++98-compat]
[build]   125 |             case value_t::discarded:
[build]       |                  ^
[build] In file included from C:\Users\pperv\code\unnamed_rpg\vendor\json-schema-validator\src\string-format-check.cpp:1:
[build] In file included from C:\Users\pperv\code\unnamed_rpg\vendor\json-schema-validator\src\nlohmann/json-schema.hpp:24:
[build] In file included from C:\Users\pperv\code\unnamed_rpg\vendor\json\include\nlohmann/json.hpp:54:
[build] C:\Users\pperv\code\unnamed_rpg\vendor\json\include\nlohmann/detail/iterators/internal_iterator.hpp(27,64): warning: constructor call from initializer list is incompatible with C++98 [-Wc++98-compat]
[build]    27 |     typename BasicJsonType::object_t::iterator object_iterator {};
[build]       |                                                                ^~
[build] C:\Users\pperv\code\unnamed_rpg\vendor\json\include\nlohmann/detail/iterators/iter_impl.hpp(756,78): note: in instantiation of default member initializer 'nlohmann::detail::internal_iterator<nlohmann::basic_json<>>::object_iterator' requested here
[build]   756 |     internal_iterator<typename std::remove_const<BasicJsonType>::type> m_it {};
[build]       |                                                                              ^
[build] C:\Users\pperv\code\unnamed_rpg\vendor\json\include\nlohmann/detail/iterators/iter_impl.hpp(100,14): note: in instantiation of default member initializer 'nlohmann::detail::iter_impl<nlohmann::basic_json<>>::m_it' requested here
[build]   100 |     explicit iter_impl(pointer object) noexcept : m_object(object)
[build]       |              ^
[build] C:\Users\pperv\code\unnamed_rpg\vendor\json\include\nlohmann/json.hpp(2841,18): note: in instantiation of member function 'nlohmann::detail::iter_impl<nlohmann::basic_json<>>::iter_impl' requested here
[build]  2841 |         iterator result(this);
[build]       |                  ^
[build] C:\Users\pperv\code\unnamed_rpg\vendor\json\include\nlohmann/detail/input/json_sax.hpp(815,31): note: in instantiation of member function 'nlohmann::basic_json<>::begin' requested here
[build]   815 |         for (auto it = parent.begin(); it != parent.end(); ++it)
[build]       |                               ^
[build] C:\Users\pperv\code\unnamed_rpg\vendor\json\include\nlohmann/detail/input/json_sax.hpp(874,21): note: in instantiation of member function 'nlohmann::detail::json_sax_dom_callback_parser<nlohmann::basic_json<>, nlohmann::detail::iterator_input_adapter<const char *>>::remove_discarded_value' requested here
[build]   874 |                     remove_discarded_value(*ref_stack.back());
[build]       |                     ^
[build] C:\Users\pperv\code\unnamed_rpg\vendor\json\include\nlohmann/detail/input/json_sax.hpp(551,20): note: in instantiation of function template specialization 'nlohmann::detail::json_sax_dom_callback_parser<nlohmann::basic_json<>, nlohmann::detail::iterator_input_adapter<const char *>>::handle_value<nlohmann::detail::value_t>' requested here
[build]   551 |         auto val = handle_value(BasicJsonType::value_t::object, true);
[build]       |                    ^
[build] C:\Users\pperv\code\unnamed_rpg\vendor\json\include\nlohmann/detail/input/parser.hpp(199,56): note: in instantiation of member function 'nlohmann::detail::json_sax_dom_callback_parser<nlohmann::basic_json<>, nlohmann::detail::iterator_input_adapter<const char *>>::start_object' requested here
[build]   199 |                         if (JSON_HEDLEY_UNLIKELY(!sax->start_object(detail::unknown_size())))
[build]       |                                                        ^
[build] C:\Users\pperv\code\unnamed_rpg\vendor\json\include\nlohmann/thirdparty/hedley/hedley.hpp(1360,94): note: expanded from macro 'JSON_HEDLEY_UNLIKELY'
[build]  1360 | #  define JSON_HEDLEY_UNLIKELY(expr)                    __builtin_expect                 (!!(expr),    0                  )
[build]       |                                                                                              ^
[build] C:\Users\pperv\code\unnamed_rpg\vendor\json\include\nlohmann/detail/input/parser.hpp(100,13): note: in instantiation of function template specialization 'nlohmann::detail::parser<nlohmann::basic_json<>, nlohmann::detail::iterator_input_adapter<const char *>>::sax_parse_internal<nlohmann::detail::json_sax_dom_callback_parser<nlohmann::basic_json<>, nlohmann::detail::iterator_input_adapter<const char *>>>' requested here
[build]   100 |             sax_parse_internal(&sdp);
[build]       |             ^
[build] C:\Users\pperv\code\unnamed_rpg\vendor\json\include\nlohmann/json.hpp(4112,148): note: in instantiation of member function 'nlohmann::detail::parser<nlohmann::basic_json<>, nlohmann::detail::iterator_input_adapter<const char *>>::parse' requested here
[build]  4112 |         parser(detail::input_adapter(std::move(first), std::move(last)), std::move(cb), allow_exceptions, ignore_comments, ignore_trailing_commas).parse(true, result); // cppcheck-suppress[accessMoved]
[build]       |                                                                                                                                                    ^
[build] C:\Users\pperv\code\unnamed_rpg\vendor\json\include\nlohmann/json.hpp(5294,28): note: in instantiation of function template specialization 'nlohmann::basic_json<>::parse<const char *, const char *, 0>' requested here
[build]  5294 |     return nlohmann::json::parse(s, s + n);
[build]       |                            ^
[build] In file included from C:\Users\pperv\code\unnamed_rpg\vendor\json-schema-validator\src\string-format-check.cpp:1:
[build] In file included from C:\Users\pperv\code\unnamed_rpg\vendor\json-schema-validator\src\nlohmann/json-schema.hpp:24:
[build] In file included from C:\Users\pperv\code\unnamed_rpg\vendor\json\include\nlohmann/json.hpp:54:
[build] C:\Users\pperv\code\unnamed_rpg\vendor\json\include\nlohmann/detail/iterators/internal_iterator.hpp(29,62): warning: constructor call from initializer list is incompatible with C++98 [-Wc++98-compat]
[build]    29 |     typename BasicJsonType::array_t::iterator array_iterator {};
[build]       |                                                              ^~
[build] C:\Users\pperv\code\unnamed_rpg\vendor\json\include\nlohmann/detail/iterators/iter_impl.hpp(756,78): note: in instantiation of default member initializer 'nlohmann::detail::internal_iterator<nlohmann::basic_json<>>::array_iterator' requested here
[build]   756 |     internal_iterator<typename std::remove_const<BasicJsonType>::type> m_it {};
[build]       |                                                                              ^
[build] C:\Users\pperv\code\unnamed_rpg\vendor\json\include\nlohmann/detail/iterators/iter_impl.hpp(100,14): note: in instantiation of default member initializer 'nlohmann::detail::iter_impl<nlohmann::basic_json<>>::m_it' requested here
[build]   100 |     explicit iter_impl(pointer object) noexcept : m_object(object)
[build]       |              ^
[build] C:\Users\pperv\code\unnamed_rpg\vendor\json\include\nlohmann/json.hpp(2841,18): note: in instantiation of member function 'nlohmann::detail::iter_impl<nlohmann::basic_json<>>::iter_impl' requested here
[build]  2841 |         iterator result(this);
[build]       |                  ^
[build] C:\Users\pperv\code\unnamed_rpg\vendor\json\include\nlohmann/detail/input/json_sax.hpp(815,31): note: in instantiation of member function 'nlohmann::basic_json<>::begin' requested here
[build]   815 |         for (auto it = parent.begin(); it != parent.end(); ++it)
[build]       |                               ^
[build] C:\Users\pperv\code\unnamed_rpg\vendor\json\include\nlohmann/detail/input/json_sax.hpp(874,21): note: in instantiation of member function 'nlohmann::detail::json_sax_dom_callback_parser<nlohmann::basic_json<>, nlohmann::detail::iterator_input_adapter<const char *>>::remove_discarded_value' requested here
[build]   874 |                     remove_discarded_value(*ref_stack.back());
[build]       |                     ^
[build] C:\Users\pperv\code\unnamed_rpg\vendor\json\include\nlohmann/detail/input/json_sax.hpp(551,20): note: in instantiation of function template specialization 'nlohmann::detail::json_sax_dom_callback_parser<nlohmann::basic_json<>, nlohmann::detail::iterator_input_adapter<const char *>>::handle_value<nlohmann::detail::value_t>' requested here
[build]   551 |         auto val = handle_value(BasicJsonType::value_t::object, true);
[build]       |                    ^
[build] C:\Users\pperv\code\unnamed_rpg\vendor\json\include\nlohmann/detail/input/parser.hpp(199,56): note: in instantiation of member function 'nlohmann::detail::json_sax_dom_callback_parser<nlohmann::basic_json<>, nlohmann::detail::iterator_input_adapter<const char *>>::start_object' requested here
[build]   199 |                         if (JSON_HEDLEY_UNLIKELY(!sax->start_object(detail::unknown_size())))
[build]       |                                                        ^
[build] C:\Users\pperv\code\unnamed_rpg\vendor\json\include\nlohmann/thirdparty/hedley/hedley.hpp(1360,94): note: expanded from macro 'JSON_HEDLEY_UNLIKELY'
[build]  1360 | #  define JSON_HEDLEY_UNLIKELY(expr)                    __builtin_expect                 (!!(expr),    0                  )
[build]       |                                                                                              ^
[build] C:\Users\pperv\code\unnamed_rpg\vendor\json\include\nlohmann/detail/input/parser.hpp(100,13): note: in instantiation of function template specialization 'nlohmann::detail::parser<nlohmann::basic_json<>, nlohmann::detail::iterator_input_adapter<const char *>>::sax_parse_internal<nlohmann::detail::json_sax_dom_callback_parser<nlohmann::basic_json<>, nlohmann::detail::iterator_input_adapter<const char *>>>' requested here
[build]   100 |             sax_parse_internal(&sdp);
[build]       |             ^
[build] C:\Users\pperv\code\unnamed_rpg\vendor\json\include\nlohmann/json.hpp(4112,148): note: in instantiation of member function 'nlohmann::detail::parser<nlohmann::basic_json<>, nlohmann::detail::iterator_input_adapter<const char *>>::parse' requested here
[build]  4112 |         parser(detail::input_adapter(std::move(first), std::move(last)), std::move(cb), allow_exceptions, ignore_comments, ignore_trailing_commas).parse(true, result); // cppcheck-suppress[accessMoved]
[build]       |                                                                                                                                                    ^
[build] C:\Users\pperv\code\unnamed_rpg\vendor\json\include\nlohmann/json.hpp(5294,28): note: in instantiation of function template specialization 'nlohmann::basic_json<>::parse<const char *, const char *, 0>' requested here
[build]  5294 |     return nlohmann::json::parse(s, s + n);
[build]       |                            ^
[build] In file included from C:\Users\pperv\code\unnamed_rpg\vendor\json-schema-validator\src\string-format-check.cpp:1:
[build] In file included from C:\Users\pperv\code\unnamed_rpg\vendor\json-schema-validator\src\nlohmann/json-schema.hpp:24:
[build] In file included from C:\Users\pperv\code\unnamed_rpg\vendor\json\include\nlohmann/json.hpp:54:
[build] C:\Users\pperv\code\unnamed_rpg\vendor\json\include\nlohmann/detail/iterators/internal_iterator.hpp(31,45): warning: constructor call from initializer list is incompatible with C++98 [-Wc++98-compat]
[build]    31 |     primitive_iterator_t primitive_iterator {};
[build]       |                                             ^~
[build] C:\Users\pperv\code\unnamed_rpg\vendor\json\include\nlohmann/detail/iterators/iter_impl.hpp(756,78): note: in instantiation of default member initializer 'nlohmann::detail::internal_iterator<nlohmann::basic_json<>>::primitive_iterator' requested here
[build]   756 |     internal_iterator<typename std::remove_const<BasicJsonType>::type> m_it {};
[build]       |                                                                              ^
[build] C:\Users\pperv\code\unnamed_rpg\vendor\json\include\nlohmann/detail/iterators/iter_impl.hpp(100,14): note: in instantiation of default member initializer 'nlohmann::detail::iter_impl<nlohmann::basic_json<>>::m_it' requested here
[build]   100 |     explicit iter_impl(pointer object) noexcept : m_object(object)
[build]       |              ^
[build] C:\Users\pperv\code\unnamed_rpg\vendor\json\include\nlohmann/json.hpp(2841,18): note: in instantiation of member function 'nlohmann::detail::iter_impl<nlohmann::basic_json<>>::iter_impl' requested here
[build]  2841 |         iterator result(this);
[build]       |                  ^
[build] C:\Users\pperv\code\unnamed_rpg\vendor\json\include\nlohmann/detail/input/json_sax.hpp(815,31): note: in instantiation of member function 'nlohmann::basic_json<>::begin' requested here
[build]   815 |         for (auto it = parent.begin(); it != parent.end(); ++it)
[build]       |                               ^
[build] C:\Users\pperv\code\unnamed_rpg\vendor\json\include\nlohmann/detail/input/json_sax.hpp(874,21): note: in instantiation of member function 'nlohmann::detail::json_sax_dom_callback_parser<nlohmann::basic_json<>, nlohmann::detail::iterator_input_adapter<const char *>>::remove_discarded_value' requested here
[build]   874 |                     remove_discarded_value(*ref_stack.back());
[build]       |                     ^
[build] C:\Users\pperv\code\unnamed_rpg\vendor\json\include\nlohmann/detail/input/json_sax.hpp(551,20): note: in instantiation of function template specialization 'nlohmann::detail::json_sax_dom_callback_parser<nlohmann::basic_json<>, nlohmann::detail::iterator_input_adapter<const char *>>::handle_value<nlohmann::detail::value_t>' requested here
[build]   551 |         auto val = handle_value(BasicJsonType::value_t::object, true);
[build]       |                    ^
[build] C:\Users\pperv\code\unnamed_rpg\vendor\json\include\nlohmann/detail/input/parser.hpp(199,56): note: in instantiation of member function 'nlohmann::detail::json_sax_dom_callback_parser<nlohmann::basic_json<>, nlohmann::detail::iterator_input_adapter<const char *>>::start_object' requested here
[build]   199 |                         if (JSON_HEDLEY_UNLIKELY(!sax->start_object(detail::unknown_size())))
[build]       |                                                        ^
[build] C:\Users\pperv\code\unnamed_rpg\vendor\json\include\nlohmann/thirdparty/hedley/hedley.hpp(1360,94): note: expanded from macro 'JSON_HEDLEY_UNLIKELY'
[build]  1360 | #  define JSON_HEDLEY_UNLIKELY(expr)                    __builtin_expect                 (!!(expr),    0                  )
[build]       |                                                                                              ^
[build] C:\Users\pperv\code\unnamed_rpg\vendor\json\include\nlohmann/detail/input/parser.hpp(100,13): note: in instantiation of function template specialization 'nlohmann::detail::parser<nlohmann::basic_json<>, nlohmann::detail::iterator_input_adapter<const char *>>::sax_parse_internal<nlohmann::detail::json_sax_dom_callback_parser<nlohmann::basic_json<>, nlohmann::detail::iterator_input_adapter<const char *>>>' requested here
[build]   100 |             sax_parse_internal(&sdp);
[build]       |             ^
[build] C:\Users\pperv\code\unnamed_rpg\vendor\json\include\nlohmann/json.hpp(4112,148): note: in instantiation of member function 'nlohmann::detail::parser<nlohmann::basic_json<>, nlohmann::detail::iterator_input_adapter<const char *>>::parse' requested here
[build]  4112 |         parser(detail::input_adapter(std::move(first), std::move(last)), std::move(cb), allow_exceptions, ignore_comments, ignore_trailing_commas).parse(true, result); // cppcheck-suppress[accessMoved]
[build]       |                                                                                                                                                    ^
[build] C:\Users\pperv\code\unnamed_rpg\vendor\json\include\nlohmann/json.hpp(5294,28): note: in instantiation of function template specialization 'nlohmann::basic_json<>::parse<const char *, const char *, 0>' requested here
[build]  5294 |     return nlohmann::json::parse(s, s + n);
[build]       |                            ^
[build] In file included from C:\Users\pperv\code\unnamed_rpg\vendor\json-schema-validator\src\string-format-check.cpp:1:
[build] In file included from C:\Users\pperv\code\unnamed_rpg\vendor\json-schema-validator\src\nlohmann/json-schema.hpp:24:
[build] In file included from C:\Users\pperv\code\unnamed_rpg\vendor\json\include\nlohmann/json.hpp:55:
[build] C:\Users\pperv\code\unnamed_rpg\vendor\json\include\nlohmann/detail/iterators/iter_impl.hpp(106,18): warning: enumeration type in nested name specifier is incompatible with C++98 [-Wc++98-compat]
[build]   106 |             case value_t::object:
[build]       |                  ^
[build] C:\Users\pperv\code\unnamed_rpg\vendor\json\include\nlohmann/json.hpp(2841,18): note: in instantiation of member function 'nlohmann::detail::iter_impl<nlohmann::basic_json<>>::iter_impl' requested here
[build]  2841 |         iterator result(this);
[build]       |                  ^
[build] C:\Users\pperv\code\unnamed_rpg\vendor\json\include\nlohmann/detail/input/json_sax.hpp(815,31): note: in instantiation of member function 'nlohmann::basic_json<>::begin' requested here
[build]   815 |         for (auto it = parent.begin(); it != parent.end(); ++it)
[build]       |                               ^
[build] C:\Users\pperv\code\unnamed_rpg\vendor\json\include\nlohmann/detail/input/json_sax.hpp(874,21): note: in instantiation of member function 'nlohmann::detail::json_sax_dom_callback_parser<nlohmann::basic_json<>, nlohmann::detail::iterator_input_adapter<const char *>>::remove_discarded_value' requested here
[build]   874 |                     remove_discarded_value(*ref_stack.back());
[build]       |                     ^
[build] C:\Users\pperv\code\unnamed_rpg\vendor\json\include\nlohmann/detail/input/json_sax.hpp(551,20): note: in instantiation of function template specialization 'nlohmann::detail::json_sax_dom_callback_parser<nlohmann::basic_json<>, nlohmann::detail::iterator_input_adapter<const char *>>::handle_value<nlohmann::detail::value_t>' requested here
[build]   551 |         auto val = handle_value(BasicJsonType::value_t::object, true);
[build]       |                    ^
[build] C:\Users\pperv\code\unnamed_rpg\vendor\json\include\nlohmann/detail/input/parser.hpp(199,56): note: in instantiation of member function 'nlohmann::detail::json_sax_dom_callback_parser<nlohmann::basic_json<>, nlohmann::detail::iterator_input_adapter<const char *>>::start_object' requested here
[build]   199 |                         if (JSON_HEDLEY_UNLIKELY(!sax->start_object(detail::unknown_size())))
[build]       |                                                        ^
[build] C:\Users\pperv\code\unnamed_rpg\vendor\json\include\nlohmann/thirdparty/hedley/hedley.hpp(1360,94): note: expanded from macro 'JSON_HEDLEY_UNLIKELY'
[build]  1360 | #  define JSON_HEDLEY_UNLIKELY(expr)                    __builtin_expect                 (!!(expr),    0                  )
[build]       |                                                                                              ^
[build] C:\Users\pperv\code\unnamed_rpg\vendor\json\include\nlohmann/detail/input/parser.hpp(100,13): note: in instantiation of function template specialization 'nlohmann::detail::parser<nlohmann::basic_json<>, nlohmann::detail::iterator_input_adapter<const char *>>::sax_parse_internal<nlohmann::detail::json_sax_dom_callback_parser<nlohmann::basic_json<>, nlohmann::detail::iterator_input_adapter<const char *>>>' requested here
[build]   100 |             sax_parse_internal(&sdp);
[build]       |             ^
[build] C:\Users\pperv\code\unnamed_rpg\vendor\json\include\nlohmann/json.hpp(4112,148): note: in instantiation of member function 'nlohmann::detail::parser<nlohmann::basic_json<>, nlohmann::detail::iterator_input_adapter<const char *>>::parse' requested here
[build]  4112 |         parser(detail::input_adapter(std::move(first), std::move(last)), std::move(cb), allow_exceptions, ignore_comments, ignore_trailing_commas).parse(true, result); // cppcheck-suppress[accessMoved]
[build]       |                                                                                                                                                    ^
[build] C:\Users\pperv\code\unnamed_rpg\vendor\json\include\nlohmann/json.hpp(5294,28): note: in instantiation of function template specialization 'nlohmann::basic_json<>::parse<const char *, const char *, 0>' requested here
[build]  5294 |     return nlohmann::json::parse(s, s + n);
[build]       |                            ^
[build] In file included from C:\Users\pperv\code\unnamed_rpg\vendor\json-schema-validator\src\string-format-check.cpp:1:
[build] In file included from C:\Users\pperv\code\unnamed_rpg\vendor\json-schema-validator\src\nlohmann/json-schema.hpp:24:
[build] In file included from C:\Users\pperv\code\unnamed_rpg\vendor\json\include\nlohmann/json.hpp:55:
[build] C:\Users\pperv\code\unnamed_rpg\vendor\json\include\nlohmann/detail/iterators/iter_impl.hpp(112,18): warning: enumeration type in nested name specifier is incompatible with C++98 [-Wc++98-compat]
[build]   112 |             case value_t::array:
[build]       |                  ^
[build] C:\Users\pperv\code\unnamed_rpg\vendor\json\include\nlohmann/detail/iterators/iter_impl.hpp(118,18): warning: enumeration type in nested name specifier is incompatible with C++98 [-Wc++98-compat]
[build]   118 |             case value_t::null:
[build]       |                  ^
[build] C:\Users\pperv\code\unnamed_rpg\vendor\json\include\nlohmann/detail/iterators/iter_impl.hpp(119,18): warning: enumeration type in nested name specifier is incompatible with C++98 [-Wc++98-compat]
[build]   119 |             case value_t::string:
[build]       |                  ^
[build] C:\Users\pperv\code\unnamed_rpg\vendor\json\include\nlohmann/detail/iterators/iter_impl.hpp(120,18): warning: enumeration type in nested name specifier is incompatible with C++98 [-Wc++98-compat]
[build]   120 |             case value_t::boolean:
[build]       |                  ^
[build] C:\Users\pperv\code\unnamed_rpg\vendor\json\include\nlohmann/detail/iterators/iter_impl.hpp(121,18): warning: enumeration type in nested name specifier is incompatible with C++98 [-Wc++98-compat]
[build]   121 |             case value_t::number_integer:
[build]       |                  ^
[build] C:\Users\pperv\code\unnamed_rpg\vendor\json\include\nlohmann/detail/iterators/iter_impl.hpp(122,18): warning: enumeration type in nested name specifier is incompatible with C++98 [-Wc++98-compat]
[build]   122 |             case value_t::number_unsigned:
[build]       |                  ^
[build] C:\Users\pperv\code\unnamed_rpg\vendor\json\include\nlohmann/detail/iterators/iter_impl.hpp(123,18): warning: enumeration type in nested name specifier is incompatible with C++98 [-Wc++98-compat]
[build]   123 |             case value_t::number_float:
[build]       |                  ^
[build] C:\Users\pperv\code\unnamed_rpg\vendor\json\include\nlohmann/detail/iterators/iter_impl.hpp(124,18): warning: enumeration type in nested name specifier is incompatible with C++98 [-Wc++98-compat]
[build]   124 |             case value_t::binary:
[build]       |                  ^
[build] C:\Users\pperv\code\unnamed_rpg\vendor\json\include\nlohmann/detail/iterators/iter_impl.hpp(125,18): warning: enumeration type in nested name specifier is incompatible with C++98 [-Wc++98-compat]
[build]   125 |             case value_t::discarded:
[build]       |                  ^
[build] C:\Users\pperv\code\unnamed_rpg\vendor\json\include\nlohmann/detail/iterators/iter_impl.hpp(126,13): warning: default label in switch which covers all enumeration values [-Wcovered-switch-default]
[build]   126 |             default:
[build]       |             ^
[build] C:\Users\pperv\code\unnamed_rpg\vendor\json\include\nlohmann/detail/iterators/iter_impl.hpp(199,33): warning: 'nullptr' is incompatible with C++98 [-Wc++98-compat]
[build]   199 |         JSON_ASSERT(m_object != nullptr);
[build]       |                                 ^
[build] C:\Users\pperv\code\unnamed_rpg\vendor\json\include\nlohmann/detail/iterators/iter_impl.hpp(203,18): warning: enumeration type in nested name specifier is incompatible with C++98 [-Wc++98-compat]
[build]   203 |             case value_t::object:
[build]       |                  ^
[build] C:\Users\pperv\code\unnamed_rpg\vendor\json\include\nlohmann/detail/input/json_sax.hpp(815,31): note: in instantiation of member function 'nlohmann::basic_json<>::begin' requested here
[build]   815 |         for (auto it = parent.begin(); it != parent.end(); ++it)
[build]       |                               ^
[build] C:\Users\pperv\code\unnamed_rpg\vendor\json\include\nlohmann/detail/input/json_sax.hpp(874,21): note: in instantiation of member function 'nlohmann::detail::json_sax_dom_callback_parser<nlohmann::basic_json<>, nlohmann::detail::iterator_input_adapter<const char *>>::remove_discarded_value' requested here
[build]   874 |                     remove_discarded_value(*ref_stack.back());
[build]       |                     ^
[build] C:\Users\pperv\code\unnamed_rpg\vendor\json\include\nlohmann/detail/input/json_sax.hpp(551,20): note: in instantiation of function template specialization 'nlohmann::detail::json_sax_dom_callback_parser<nlohmann::basic_json<>, nlohmann::detail::iterator_input_adapter<const char *>>::handle_value<nlohmann::detail::value_t>' requested here
[build]   551 |         auto val = handle_value(BasicJsonType::value_t::object, true);
[build]       |                    ^
[build] C:\Users\pperv\code\unnamed_rpg\vendor\json\include\nlohmann/detail/input/parser.hpp(199,56): note: in instantiation of member function 'nlohmann::detail::json_sax_dom_callback_parser<nlohmann::basic_json<>, nlohmann::detail::iterator_input_adapter<const char *>>::start_object' requested here
[build]   199 |                         if (JSON_HEDLEY_UNLIKELY(!sax->start_object(detail::unknown_size())))
[build]       |                                                        ^
[build] C:\Users\pperv\code\unnamed_rpg\vendor\json\include\nlohmann/thirdparty/hedley/hedley.hpp(1360,94): note: expanded from macro 'JSON_HEDLEY_UNLIKELY'
[build]  1360 | #  define JSON_HEDLEY_UNLIKELY(expr)                    __builtin_expect                 (!!(expr),    0                  )
[build]       |                                                                                              ^
[build] C:\Users\pperv\code\unnamed_rpg\vendor\json\include\nlohmann/detail/input/parser.hpp(100,13): note: in instantiation of function template specialization 'nlohmann::detail::parser<nlohmann::basic_json<>, nlohmann::detail::iterator_input_adapter<const char *>>::sax_parse_internal<nlohmann::detail::json_sax_dom_callback_parser<nlohmann::basic_json<>, nlohmann::detail::iterator_input_adapter<const char *>>>' requested here
[build]   100 |             sax_parse_internal(&sdp);
[build]       |             ^
[build] C:\Users\pperv\code\unnamed_rpg\vendor\json\include\nlohmann/json.hpp(4112,148): note: in instantiation of member function 'nlohmann::detail::parser<nlohmann::basic_json<>, nlohmann::detail::iterator_input_adapter<const char *>>::parse' requested here
[build]  4112 |         parser(detail::input_adapter(std::move(first), std::move(last)), std::move(cb), allow_exceptions, ignore_comments, ignore_trailing_commas).parse(true, result); // cppcheck-suppress[accessMoved]
[build]       |                                                                                                                                                    ^
[build] C:\Users\pperv\code\unnamed_rpg\vendor\json\include\nlohmann/json.hpp(5294,28): note: in instantiation of function template specialization 'nlohmann::basic_json<>::parse<const char *, const char *, 0>' requested here
[build]  5294 |     return nlohmann::json::parse(s, s + n);
[build]       |                            ^
[build] In file included from C:\Users\pperv\code\unnamed_rpg\vendor\json-schema-validator\src\string-format-check.cpp:1:
[build] In file included from C:\Users\pperv\code\unnamed_rpg\vendor\json-schema-validator\src\nlohmann/json-schema.hpp:24:
[build] In file included from C:\Users\pperv\code\unnamed_rpg\vendor\json\include\nlohmann/json.hpp:55:
[build] C:\Users\pperv\code\unnamed_rpg\vendor\json\include\nlohmann/detail/iterators/iter_impl.hpp(209,18): warning: enumeration type in nested name specifier is incompatible with C++98 [-Wc++98-compat]
[build]   209 |             case value_t::array:
[build]       |                  ^
[build] C:\Users\pperv\code\unnamed_rpg\vendor\json\include\nlohmann/detail/iterators/iter_impl.hpp(215,18): warning: enumeration type in nested name specifier is incompatible with C++98 [-Wc++98-compat]
[build]   215 |             case value_t::null:
[build]       |                  ^
[build] C:\Users\pperv\code\unnamed_rpg\vendor\json\include\nlohmann/detail/iterators/iter_impl.hpp(222,18): warning: enumeration type in nested name specifier is incompatible with C++98 [-Wc++98-compat]
[build]   222 |             case value_t::string:
[build]       |                  ^
[build] C:\Users\pperv\code\unnamed_rpg\vendor\json\include\nlohmann/detail/iterators/iter_impl.hpp(223,18): warning: enumeration type in nested name specifier is incompatible with C++98 [-Wc++98-compat]
[build]   223 |             case value_t::boolean:
[build]       |                  ^
[build] C:\Users\pperv\code\unnamed_rpg\vendor\json\include\nlohmann/detail/iterators/iter_impl.hpp(224,18): warning: enumeration type in nested name specifier is incompatible with C++98 [-Wc++98-compat]
[build]   224 |             case value_t::number_integer:
[build]       |                  ^
[build] C:\Users\pperv\code\unnamed_rpg\vendor\json\include\nlohmann/detail/iterators/iter_impl.hpp(225,18): warning: enumeration type in nested name specifier is incompatible with C++98 [-Wc++98-compat]
[build]   225 |             case value_t::number_unsigned:
[build]       |                  ^
[build] C:\Users\pperv\code\unnamed_rpg\vendor\json\include\nlohmann/detail/iterators/iter_impl.hpp(226,18): warning: enumeration type in nested name specifier is incompatible with C++98 [-Wc++98-compat]
[build]   226 |             case value_t::number_float:
[build]       |                  ^
[build] C:\Users\pperv\code\unnamed_rpg\vendor\json\include\nlohmann/detail/iterators/iter_impl.hpp(227,18): warning: enumeration type in nested name specifier is incompatible with C++98 [-Wc++98-compat]
[build]   227 |             case value_t::binary:
[build]       |                  ^
[build] C:\Users\pperv\code\unnamed_rpg\vendor\json\include\nlohmann/detail/iterators/iter_impl.hpp(228,18): warning: enumeration type in nested name specifier is incompatible with C++98 [-Wc++98-compat]
[build]   228 |             case value_t::discarded:
[build]       |                  ^
[build] C:\Users\pperv\code\unnamed_rpg\vendor\json\include\nlohmann/detail/iterators/iter_impl.hpp(203,18): warning: enumeration type in nested name specifier is incompatible with C++98 [-Wc++98-compat]
[build]   203 |             case value_t::object:
[build]       |                  ^
[build] C:\Users\pperv\code\unnamed_rpg\vendor\json\include\nlohmann/json.hpp(2842,16): note: in instantiation of member function 'nlohmann::detail::iter_impl<nlohmann::basic_json<>>::set_begin' requested here
[build]  2842 |         result.set_begin();
[build]       |                ^
[build] C:\Users\pperv\code\unnamed_rpg\vendor\json\include\nlohmann/detail/input/json_sax.hpp(815,31): note: in instantiation of member function 'nlohmann::basic_json<>::begin' requested here
[build]   815 |         for (auto it = parent.begin(); it != parent.end(); ++it)
[build]       |                               ^
[build] C:\Users\pperv\code\unnamed_rpg\vendor\json\include\nlohmann/detail/input/json_sax.hpp(874,21): note: in instantiation of member function 'nlohmann::detail::json_sax_dom_callback_parser<nlohmann::basic_json<>, nlohmann::detail::iterator_input_adapter<const char *>>::remove_discarded_value' requested here
[build]   874 |                     remove_discarded_value(*ref_stack.back());
[build]       |                     ^
[build] C:\Users\pperv\code\unnamed_rpg\vendor\json\include\nlohmann/detail/input/json_sax.hpp(551,20): note: in instantiation of function template specialization 'nlohmann::detail::json_sax_dom_callback_parser<nlohmann::basic_json<>, nlohmann::detail::iterator_input_adapter<const char *>>::handle_value<nlohmann::detail::value_t>' requested here
[build]   551 |         auto val = handle_value(BasicJsonType::value_t::object, true);
[build]       |                    ^
[build] C:\Users\pperv\code\unnamed_rpg\vendor\json\include\nlohmann/detail/input/parser.hpp(199,56): note: in instantiation of member function 'nlohmann::detail::json_sax_dom_callback_parser<nlohmann::basic_json<>, nlohmann::detail::iterator_input_adapter<const char *>>::start_object' requested here
[build]   199 |                         if (JSON_HEDLEY_UNLIKELY(!sax->start_object(detail::unknown_size())))
[build]       |                                                        ^
[build] C:\Users\pperv\code\unnamed_rpg\vendor\json\include\nlohmann/thirdparty/hedley/hedley.hpp(1360,94): note: expanded from macro 'JSON_HEDLEY_UNLIKELY'
[build]  1360 | #  define JSON_HEDLEY_UNLIKELY(expr)                    __builtin_expect                 (!!(expr),    0                  )
[build]       |                                                                                              ^
[build] C:\Users\pperv\code\unnamed_rpg\vendor\json\include\nlohmann/detail/input/parser.hpp(100,13): note: in instantiation of function template specialization 'nlohmann::detail::parser<nlohmann::basic_json<>, nlohmann::detail::iterator_input_adapter<const char *>>::sax_parse_internal<nlohmann::detail::json_sax_dom_callback_parser<nlohmann::basic_json<>, nlohmann::detail::iterator_input_adapter<const char *>>>' requested here
[build]   100 |             sax_parse_internal(&sdp);
[build]       |             ^
[build] C:\Users\pperv\code\unnamed_rpg\vendor\json\include\nlohmann/json.hpp(4112,148): note: in instantiation of member function 'nlohmann::detail::parser<nlohmann::basic_json<>, nlohmann::detail::iterator_input_adapter<const char *>>::parse' requested here
[build]  4112 |         parser(detail::input_adapter(std::move(first), std::move(last)), std::move(cb), allow_exceptions, ignore_comments, ignore_trailing_commas).parse(true, result); // cppcheck-suppress[accessMoved]
[build]       |                                                                                                                                                    ^
[build] C:\Users\pperv\code\unnamed_rpg\vendor\json\include\nlohmann/json.hpp(5294,28): note: in instantiation of function template specialization 'nlohmann::basic_json<>::parse<const char *, const char *, 0>' requested here
[build]  5294 |     return nlohmann::json::parse(s, s + n);
[build]       |                            ^
[build] In file included from C:\Users\pperv\code\unnamed_rpg\vendor\json-schema-validator\src\string-format-check.cpp:1:
[build] In file included from C:\Users\pperv\code\unnamed_rpg\vendor\json-schema-validator\src\nlohmann/json-schema.hpp:24:
[build] In file included from C:\Users\pperv\code\unnamed_rpg\vendor\json\include\nlohmann/json.hpp:55:
[build] C:\Users\pperv\code\unnamed_rpg\vendor\json\include\nlohmann/detail/iterators/iter_impl.hpp(209,18): warning: enumeration type in nested name specifier is incompatible with C++98 [-Wc++98-compat]
[build]   209 |             case value_t::array:
[build]       |                  ^
[build] C:\Users\pperv\code\unnamed_rpg\vendor\json\include\nlohmann/detail/iterators/iter_impl.hpp(215,18): warning: enumeration type in nested name specifier is incompatible with C++98 [-Wc++98-compat]
[build]   215 |             case value_t::null:
[build]       |                  ^
[build] C:\Users\pperv\code\unnamed_rpg\vendor\json\include\nlohmann/detail/iterators/iter_impl.hpp(222,18): warning: enumeration type in nested name specifier is incompatible with C++98 [-Wc++98-compat]
[build]   222 |             case value_t::string:
[build]       |                  ^
[build] C:\Users\pperv\code\unnamed_rpg\vendor\json\include\nlohmann/detail/iterators/iter_impl.hpp(223,18): warning: enumeration type in nested name specifier is incompatible with C++98 [-Wc++98-compat]
[build]   223 |             case value_t::boolean:
[build]       |                  ^
[build] C:\Users\pperv\code\unnamed_rpg\vendor\json\include\nlohmann/detail/iterators/iter_impl.hpp(224,18): warning: enumeration type in nested name specifier is incompatible with C++98 [-Wc++98-compat]
[build]   224 |             case value_t::number_integer:
[build]       |                  ^
[build] C:\Users\pperv\code\unnamed_rpg\vendor\json\include\nlohmann/detail/iterators/iter_impl.hpp(225,18): warning: enumeration type in nested name specifier is incompatible with C++98 [-Wc++98-compat]
[build]   225 |             case value_t::number_unsigned:
[build]       |                  ^
[build] C:\Users\pperv\code\unnamed_rpg\vendor\json\include\nlohmann/detail/iterators/iter_impl.hpp(226,18): warning: enumeration type in nested name specifier is incompatible with C++98 [-Wc++98-compat]
[build]   226 |             case value_t::number_float:
[build]       |                  ^
[build] C:\Users\pperv\code\unnamed_rpg\vendor\json\include\nlohmann/detail/iterators/iter_impl.hpp(227,18): warning: enumeration type in nested name specifier is incompatible with C++98 [-Wc++98-compat]
[build]   227 |             case value_t::binary:
[build]       |                  ^
[build] C:\Users\pperv\code\unnamed_rpg\vendor\json\include\nlohmann/detail/iterators/iter_impl.hpp(228,18): warning: enumeration type in nested name specifier is incompatible with C++98 [-Wc++98-compat]
[build]   228 |             case value_t::discarded:
[build]       |                  ^
[build] C:\Users\pperv\code\unnamed_rpg\vendor\json\include\nlohmann/detail/iterators/iter_impl.hpp(229,13): warning: default label in switch which covers all enumeration values [-Wcovered-switch-default]
[build]   229 |             default:
[build]       |             ^
[build] C:\Users\pperv\code\unnamed_rpg\vendor\json\include\nlohmann/detail/iterators/iter_impl.hpp(243,33): warning: 'nullptr' is incompatible with C++98 [-Wc++98-compat]
[build]   243 |         JSON_ASSERT(m_object != nullptr);
[build]       |                                 ^
[build] C:\Users\pperv\code\unnamed_rpg\vendor\json\include\nlohmann/detail/iterators/iter_impl.hpp(247,18): warning: enumeration type in nested name specifier is incompatible with C++98 [-Wc++98-compat]
[build]   247 |             case value_t::object:
[build]       |                  ^
[build] C:\Users\pperv\code\unnamed_rpg\vendor\json\include\nlohmann/detail/input/json_sax.hpp(815,53): note: in instantiation of member function 'nlohmann::basic_json<>::end' requested here
[build]   815 |         for (auto it = parent.begin(); it != parent.end(); ++it)
[build]       |                                                     ^
[build] C:\Users\pperv\code\unnamed_rpg\vendor\json\include\nlohmann/detail/input/json_sax.hpp(874,21): note: in instantiation of member function 'nlohmann::detail::json_sax_dom_callback_parser<nlohmann::basic_json<>, nlohmann::detail::iterator_input_adapter<const char *>>::remove_discarded_value' requested here
[build]   874 |                     remove_discarded_value(*ref_stack.back());
[build]       |                     ^
[build] C:\Users\pperv\code\unnamed_rpg\vendor\json\include\nlohmann/detail/input/json_sax.hpp(551,20): note: in instantiation of function template specialization 'nlohmann::detail::json_sax_dom_callback_parser<nlohmann::basic_json<>, nlohmann::detail::iterator_input_adapter<const char *>>::handle_value<nlohmann::detail::value_t>' requested here
[build]   551 |         auto val = handle_value(BasicJsonType::value_t::object, true);
[build]       |                    ^
[build] C:\Users\pperv\code\unnamed_rpg\vendor\json\include\nlohmann/detail/input/parser.hpp(199,56): note: in instantiation of member function 'nlohmann::detail::json_sax_dom_callback_parser<nlohmann::basic_json<>, nlohmann::detail::iterator_input_adapter<const char *>>::start_object' requested here
[build]   199 |                         if (JSON_HEDLEY_UNLIKELY(!sax->start_object(detail::unknown_size())))
[build]       |                                                        ^
[build] C:\Users\pperv\code\unnamed_rpg\vendor\json\include\nlohmann/thirdparty/hedley/hedley.hpp(1360,94): note: expanded from macro 'JSON_HEDLEY_UNLIKELY'
[build]  1360 | #  define JSON_HEDLEY_UNLIKELY(expr)                    __builtin_expect                 (!!(expr),    0                  )
[build]       |                                                                                              ^
[build] C:\Users\pperv\code\unnamed_rpg\vendor\json\include\nlohmann/detail/input/parser.hpp(100,13): note: in instantiation of function template specialization 'nlohmann::detail::parser<nlohmann::basic_json<>, nlohmann::detail::iterator_input_adapter<const char *>>::sax_parse_internal<nlohmann::detail::json_sax_dom_callback_parser<nlohmann::basic_json<>, nlohmann::detail::iterator_input_adapter<const char *>>>' requested here
[build]   100 |             sax_parse_internal(&sdp);
[build]       |             ^
[build] C:\Users\pperv\code\unnamed_rpg\vendor\json\include\nlohmann/json.hpp(4112,148): note: in instantiation of member function 'nlohmann::detail::parser<nlohmann::basic_json<>, nlohmann::detail::iterator_input_adapter<const char *>>::parse' requested here
[build]  4112 |         parser(detail::input_adapter(std::move(first), std::move(last)), std::move(cb), allow_exceptions, ignore_comments, ignore_trailing_commas).parse(true, result); // cppcheck-suppress[accessMoved]
[build]       |                                                                                                                                                    ^
[build] C:\Users\pperv\code\unnamed_rpg\vendor\json\include\nlohmann/json.hpp(5294,28): note: in instantiation of function template specialization 'nlohmann::basic_json<>::parse<const char *, const char *, 0>' requested here
[build]  5294 |     return nlohmann::json::parse(s, s + n);
[build]       |                            ^
[build] In file included from C:\Users\pperv\code\unnamed_rpg\vendor\json-schema-validator\src\string-format-check.cpp:1:
[build] In file included from C:\Users\pperv\code\unnamed_rpg\vendor\json-schema-validator\src\nlohmann/json-schema.hpp:24:
[build] In file included from C:\Users\pperv\code\unnamed_rpg\vendor\json\include\nlohmann/json.hpp:55:
[build] C:\Users\pperv\code\unnamed_rpg\vendor\json\include\nlohmann/detail/iterators/iter_impl.hpp(253,18): warning: enumeration type in nested name specifier is incompatible with C++98 [-Wc++98-compat]
[build]   253 |             case value_t::array:
[build]       |                  ^
[build] C:\Users\pperv\code\unnamed_rpg\vendor\json\include\nlohmann/detail/iterators/iter_impl.hpp(259,18): warning: enumeration type in nested name specifier is incompatible with C++98 [-Wc++98-compat]
[build]   259 |             case value_t::null:
[build]       |                  ^
[build] C:\Users\pperv\code\unnamed_rpg\vendor\json\include\nlohmann/detail/iterators/iter_impl.hpp(260,18): warning: enumeration type in nested name specifier is incompatible with C++98 [-Wc++98-compat]
[build]   260 |             case value_t::string:
[build]       |                  ^
[build] C:\Users\pperv\code\unnamed_rpg\vendor\json\include\nlohmann/detail/iterators/iter_impl.hpp(261,18): warning: enumeration type in nested name specifier is incompatible with C++98 [-Wc++98-compat]
[build]   261 |             case value_t::boolean:
[build]       |                  ^
[build] C:\Users\pperv\code\unnamed_rpg\vendor\json\include\nlohmann/detail/iterators/iter_impl.hpp(262,18): warning: enumeration type in nested name specifier is incompatible with C++98 [-Wc++98-compat]
[build]   262 |             case value_t::number_integer:
[build]       |                  ^
[build] C:\Users\pperv\code\unnamed_rpg\vendor\json\include\nlohmann/detail/iterators/iter_impl.hpp(263,18): warning: enumeration type in nested name specifier is incompatible with C++98 [-Wc++98-compat]
[build]   263 |             case value_t::number_unsigned:
[build]       |                  ^
[build] C:\Users\pperv\code\unnamed_rpg\vendor\json\include\nlohmann/detail/iterators/iter_impl.hpp(264,18): warning: enumeration type in nested name specifier is incompatible with C++98 [-Wc++98-compat]
[build]   264 |             case value_t::number_float:
[build]       |                  ^
[build] C:\Users\pperv\code\unnamed_rpg\vendor\json\include\nlohmann/detail/iterators/iter_impl.hpp(265,18): warning: enumeration type in nested name specifier is incompatible with C++98 [-Wc++98-compat]
[build]   265 |             case value_t::binary:
[build]       |                  ^
[build] C:\Users\pperv\code\unnamed_rpg\vendor\json\include\nlohmann/detail/iterators/iter_impl.hpp(266,18): warning: enumeration type in nested name specifier is incompatible with C++98 [-Wc++98-compat]
[build]   266 |             case value_t::discarded:
[build]       |                  ^
[build] C:\Users\pperv\code\unnamed_rpg\vendor\json\include\nlohmann/detail/iterators/iter_impl.hpp(247,18): warning: enumeration type in nested name specifier is incompatible with C++98 [-Wc++98-compat]
[build]   247 |             case value_t::object:
[build]       |                  ^
[build] C:\Users\pperv\code\unnamed_rpg\vendor\json\include\nlohmann/json.hpp(2867,16): note: in instantiation of member function 'nlohmann::detail::iter_impl<nlohmann::basic_json<>>::set_end' requested here
[build]  2867 |         result.set_end();
[build]       |                ^
[build] C:\Users\pperv\code\unnamed_rpg\vendor\json\include\nlohmann/detail/input/json_sax.hpp(815,53): note: in instantiation of member function 'nlohmann::basic_json<>::end' requested here
[build]   815 |         for (auto it = parent.begin(); it != parent.end(); ++it)
[build]       |                                                     ^
[build] C:\Users\pperv\code\unnamed_rpg\vendor\json\include\nlohmann/detail/input/json_sax.hpp(874,21): note: in instantiation of member function 'nlohmann::detail::json_sax_dom_callback_parser<nlohmann::basic_json<>, nlohmann::detail::iterator_input_adapter<const char *>>::remove_discarded_value' requested here
[build]   874 |                     remove_discarded_value(*ref_stack.back());
[build]       |                     ^
[build] C:\Users\pperv\code\unnamed_rpg\vendor\json\include\nlohmann/detail/input/json_sax.hpp(551,20): note: in instantiation of function template specialization 'nlohmann::detail::json_sax_dom_callback_parser<nlohmann::basic_json<>, nlohmann::detail::iterator_input_adapter<const char *>>::handle_value<nlohmann::detail::value_t>' requested here
[build]   551 |         auto val = handle_value(BasicJsonType::value_t::object, true);
[build]       |                    ^
[build] C:\Users\pperv\code\unnamed_rpg\vendor\json\include\nlohmann/detail/input/parser.hpp(199,56): note: in instantiation of member function 'nlohmann::detail::json_sax_dom_callback_parser<nlohmann::basic_json<>, nlohmann::detail::iterator_input_adapter<const char *>>::start_object' requested here
[build]   199 |                         if (JSON_HEDLEY_UNLIKELY(!sax->start_object(detail::unknown_size())))
[build]       |                                                        ^
[build] C:\Users\pperv\code\unnamed_rpg\vendor\json\include\nlohmann/thirdparty/hedley/hedley.hpp(1360,94): note: expanded from macro 'JSON_HEDLEY_UNLIKELY'
[build]  1360 | #  define JSON_HEDLEY_UNLIKELY(expr)                    __builtin_expect                 (!!(expr),    0                  )
[build]       |                                                                                              ^
[build] C:\Users\pperv\code\unnamed_rpg\vendor\json\include\nlohmann/detail/input/parser.hpp(100,13): note: in instantiation of function template specialization 'nlohmann::detail::parser<nlohmann::basic_json<>, nlohmann::detail::iterator_input_adapter<const char *>>::sax_parse_internal<nlohmann::detail::json_sax_dom_callback_parser<nlohmann::basic_json<>, nlohmann::detail::iterator_input_adapter<const char *>>>' requested here
[build]   100 |             sax_parse_internal(&sdp);
[build]       |             ^
[build] C:\Users\pperv\code\unnamed_rpg\vendor\json\include\nlohmann/json.hpp(4112,148): note: in instantiation of member function 'nlohmann::detail::parser<nlohmann::basic_json<>, nlohmann::detail::iterator_input_adapter<const char *>>::parse' requested here
[build]  4112 |         parser(detail::input_adapter(std::move(first), std::move(last)), std::move(cb), allow_exceptions, ignore_comments, ignore_trailing_commas).parse(true, result); // cppcheck-suppress[accessMoved]
[build]       |                                                                                                                                                    ^
[build] C:\Users\pperv\code\unnamed_rpg\vendor\json\include\nlohmann/json.hpp(5294,28): note: in instantiation of function template specialization 'nlohmann::basic_json<>::parse<const char *, const char *, 0>' requested here
[build]  5294 |     return nlohmann::json::parse(s, s + n);
[build]       |                            ^
[build] In file included from C:\Users\pperv\code\unnamed_rpg\vendor\json-schema-validator\src\string-format-check.cpp:1:
[build] In file included from C:\Users\pperv\code\unnamed_rpg\vendor\json-schema-validator\src\nlohmann/json-schema.hpp:24:
[build] In file included from C:\Users\pperv\code\unnamed_rpg\vendor\json\include\nlohmann/json.hpp:55:
[build] C:\Users\pperv\code\unnamed_rpg\vendor\json\include\nlohmann/detail/iterators/iter_impl.hpp(253,18): warning: enumeration type in nested name specifier is incompatible with C++98 [-Wc++98-compat]
[build]   253 |             case value_t::array:
[build]       |                  ^
[build] C:\Users\pperv\code\unnamed_rpg\vendor\json\include\nlohmann/detail/iterators/iter_impl.hpp(259,18): warning: enumeration type in nested name specifier is incompatible with C++98 [-Wc++98-compat]
[build]   259 |             case value_t::null:
[build]       |                  ^
[build] C:\Users\pperv\code\unnamed_rpg\vendor\json\include\nlohmann/detail/iterators/iter_impl.hpp(260,18): warning: enumeration type in nested name specifier is incompatible with C++98 [-Wc++98-compat]
[build]   260 |             case value_t::string:
[build]       |                  ^
[build] C:\Users\pperv\code\unnamed_rpg\vendor\json\include\nlohmann/detail/iterators/iter_impl.hpp(261,18): warning: enumeration type in nested name specifier is incompatible with C++98 [-Wc++98-compat]
[build]   261 |             case value_t::boolean:
[build]       |                  ^
[build] C:\Users\pperv\code\unnamed_rpg\vendor\json\include\nlohmann/detail/iterators/iter_impl.hpp(262,18): warning: enumeration type in nested name specifier is incompatible with C++98 [-Wc++98-compat]
[build]   262 |             case value_t::number_integer:
[build]       |                  ^
[build] C:\Users\pperv\code\unnamed_rpg\vendor\json\include\nlohmann/detail/iterators/iter_impl.hpp(263,18): warning: enumeration type in nested name specifier is incompatible with C++98 [-Wc++98-compat]
[build]   263 |             case value_t::number_unsigned:
[build]       |                  ^
[build] C:\Users\pperv\code\unnamed_rpg\vendor\json\include\nlohmann/detail/iterators/iter_impl.hpp(264,18): warning: enumeration type in nested name specifier is incompatible with C++98 [-Wc++98-compat]
[build]   264 |             case value_t::number_float:
[build]       |                  ^
[build] C:\Users\pperv\code\unnamed_rpg\vendor\json\include\nlohmann/detail/iterators/iter_impl.hpp(265,18): warning: enumeration type in nested name specifier is incompatible with C++98 [-Wc++98-compat]
[build]   265 |             case value_t::binary:
[build]       |                  ^
[build] C:\Users\pperv\code\unnamed_rpg\vendor\json\include\nlohmann/detail/iterators/iter_impl.hpp(266,18): warning: enumeration type in nested name specifier is incompatible with C++98 [-Wc++98-compat]
[build]   266 |             case value_t::discarded:
[build]       |                  ^
[build] C:\Users\pperv\code\unnamed_rpg\vendor\json\include\nlohmann/detail/iterators/iter_impl.hpp(267,13): warning: default label in switch which covers all enumeration values [-Wcovered-switch-default]
[build]   267 |             default:
[build]       |             ^
[build] C:\Users\pperv\code\unnamed_rpg\vendor\json\include\nlohmann/detail/iterators/iter_impl.hpp(468,170): warning: use of null pointer as non-type template argument is incompatible with C++98 [-Wc++98-compat]
[build]   468 |     template < typename IterImpl, detail::enable_if_t < (std::is_same<IterImpl, iter_impl>::value || std::is_same<IterImpl, other_iter_impl>::value), std::nullptr_t > = nullptr >
[build]       |                                                                                                                                                                          ^
[build] C:\Users\pperv\code\unnamed_rpg\vendor\json\include\nlohmann/detail/iterators/iter_impl.hpp(511,17): note: while substituting deduced template arguments into function template 'operator==' [with IterImpl = nlohmann::detail::iter_impl<nlohmann::basic_json<>>, $1 = (no value)]
[build]   511 |         return !operator==(other);
[build]       |                 ^
[build] C:\Users\pperv\code\unnamed_rpg\vendor\json\include\nlohmann/detail/input/json_sax.hpp(815,43): note: in instantiation of function template specialization 'nlohmann::detail::iter_impl<nlohmann::basic_json<>>::operator!=<nlohmann::detail::iter_impl<nlohmann::basic_json<>>, nullptr>' requested here
[build]   815 |         for (auto it = parent.begin(); it != parent.end(); ++it)
[build]       |                                           ^
[build] C:\Users\pperv\code\unnamed_rpg\vendor\json\include\nlohmann/detail/input/json_sax.hpp(874,21): note: in instantiation of member function 'nlohmann::detail::json_sax_dom_callback_parser<nlohmann::basic_json<>, nlohmann::detail::iterator_input_adapter<const char *>>::remove_discarded_value' requested here
[build]   874 |                     remove_discarded_value(*ref_stack.back());
[build]       |                     ^
[build] C:\Users\pperv\code\unnamed_rpg\vendor\json\include\nlohmann/detail/input/json_sax.hpp(551,20): note: in instantiation of function template specialization 'nlohmann::detail::json_sax_dom_callback_parser<nlohmann::basic_json<>, nlohmann::detail::iterator_input_adapter<const char *>>::handle_value<nlohmann::detail::value_t>' requested here
[build]   551 |         auto val = handle_value(BasicJsonType::value_t::object, true);
[build]       |                    ^
[build] C:\Users\pperv\code\unnamed_rpg\vendor\json\include\nlohmann/detail/input/parser.hpp(199,56): note: in instantiation of member function 'nlohmann::detail::json_sax_dom_callback_parser<nlohmann::basic_json<>, nlohmann::detail::iterator_input_adapter<const char *>>::start_object' requested here
[build]   199 |                         if (JSON_HEDLEY_UNLIKELY(!sax->start_object(detail::unknown_size())))
[build]       |                                                        ^
[build] C:\Users\pperv\code\unnamed_rpg\vendor\json\include\nlohmann/thirdparty/hedley/hedley.hpp(1360,94): note: expanded from macro 'JSON_HEDLEY_UNLIKELY'
[build]  1360 | #  define JSON_HEDLEY_UNLIKELY(expr)                    __builtin_expect                 (!!(expr),    0                  )
[build]       |                                                                                              ^
[build] C:\Users\pperv\code\unnamed_rpg\vendor\json\include\nlohmann/detail/input/parser.hpp(100,13): note: in instantiation of function template specialization 'nlohmann::detail::parser<nlohmann::basic_json<>, nlohmann::detail::iterator_input_adapter<const char *>>::sax_parse_internal<nlohmann::detail::json_sax_dom_callback_parser<nlohmann::basic_json<>, nlohmann::detail::iterator_input_adapter<const char *>>>' requested here
[build]   100 |             sax_parse_internal(&sdp);
[build]       |             ^
[build] C:\Users\pperv\code\unnamed_rpg\vendor\json\include\nlohmann/json.hpp(4112,148): note: in instantiation of member function 'nlohmann::detail::parser<nlohmann::basic_json<>, nlohmann::detail::iterator_input_adapter<const char *>>::parse' requested here
[build]  4112 |         parser(detail::input_adapter(std::move(first), std::move(last)), std::move(cb), allow_exceptions, ignore_comments, ignore_trailing_commas).parse(true, result); // cppcheck-suppress[accessMoved]
[build]       |                                                                                                                                                    ^
[build] C:\Users\pperv\code\unnamed_rpg\vendor\json\include\nlohmann/json.hpp(5294,28): note: in instantiation of function template specialization 'nlohmann::basic_json<>::parse<const char *, const char *, 0>' requested here
[build]  5294 |     return nlohmann::json::parse(s, s + n);
[build]       |                            ^
[build] In file included from C:\Users\pperv\code\unnamed_rpg\vendor\json-schema-validator\src\string-format-check.cpp:1:
[build] In file included from C:\Users\pperv\code\unnamed_rpg\vendor\json-schema-validator\src\nlohmann/json-schema.hpp:24:
[build] In file included from C:\Users\pperv\code\unnamed_rpg\vendor\json\include\nlohmann/json.hpp:55:
[build] C:\Users\pperv\code\unnamed_rpg\vendor\json\include\nlohmann/detail/iterators/iter_impl.hpp(478,25): warning: 'nullptr' is incompatible with C++98 [-Wc++98-compat]
[build]   478 |         if (m_object == nullptr)
[build]       |                         ^
[build] C:\Users\pperv\code\unnamed_rpg\vendor\json\include\nlohmann/detail/iterators/iter_impl.hpp(485,18): warning: enumeration type in nested name specifier is incompatible with C++98 [-Wc++98-compat]
[build]   485 |             case value_t::object:
[build]       |                  ^
[build] C:\Users\pperv\code\unnamed_rpg\vendor\json\include\nlohmann/detail/input/json_sax.hpp(815,43): note: in instantiation of function template specialization 'nlohmann::detail::iter_impl<nlohmann::basic_json<>>::operator!=<nlohmann::detail::iter_impl<nlohmann::basic_json<>>, nullptr>' requested here
[build]   815 |         for (auto it = parent.begin(); it != parent.end(); ++it)
[build]       |                                           ^
[build] C:\Users\pperv\code\unnamed_rpg\vendor\json\include\nlohmann/detail/input/json_sax.hpp(874,21): note: in instantiation of member function 'nlohmann::detail::json_sax_dom_callback_parser<nlohmann::basic_json<>, nlohmann::detail::iterator_input_adapter<const char *>>::remove_discarded_value' requested here
[build]   874 |                     remove_discarded_value(*ref_stack.back());
[build]       |                     ^
[build] C:\Users\pperv\code\unnamed_rpg\vendor\json\include\nlohmann/detail/input/json_sax.hpp(551,20): note: in instantiation of function template specialization 'nlohmann::detail::json_sax_dom_callback_parser<nlohmann::basic_json<>, nlohmann::detail::iterator_input_adapter<const char *>>::handle_value<nlohmann::detail::value_t>' requested here
[build]   551 |         auto val = handle_value(BasicJsonType::value_t::object, true);
[build]       |                    ^
[build] C:\Users\pperv\code\unnamed_rpg\vendor\json\include\nlohmann/detail/input/parser.hpp(199,56): note: in instantiation of member function 'nlohmann::detail::json_sax_dom_callback_parser<nlohmann::basic_json<>, nlohmann::detail::iterator_input_adapter<const char *>>::start_object' requested here
[build]   199 |                         if (JSON_HEDLEY_UNLIKELY(!sax->start_object(detail::unknown_size())))
[build]       |                                                        ^
[build] C:\Users\pperv\code\unnamed_rpg\vendor\json\include\nlohmann/thirdparty/hedley/hedley.hpp(1360,94): note: expanded from macro 'JSON_HEDLEY_UNLIKELY'
[build]  1360 | #  define JSON_HEDLEY_UNLIKELY(expr)                    __builtin_expect                 (!!(expr),    0                  )
[build]       |                                                                                              ^
[build] C:\Users\pperv\code\unnamed_rpg\vendor\json\include\nlohmann/detail/input/parser.hpp(100,13): note: in instantiation of function template specialization 'nlohmann::detail::parser<nlohmann::basic_json<>, nlohmann::detail::iterator_input_adapter<const char *>>::sax_parse_internal<nlohmann::detail::json_sax_dom_callback_parser<nlohmann::basic_json<>, nlohmann::detail::iterator_input_adapter<const char *>>>' requested here
[build]   100 |             sax_parse_internal(&sdp);
[build]       |             ^
[build] C:\Users\pperv\code\unnamed_rpg\vendor\json\include\nlohmann/json.hpp(4112,148): note: in instantiation of member function 'nlohmann::detail::parser<nlohmann::basic_json<>, nlohmann::detail::iterator_input_adapter<const char *>>::parse' requested here
[build]  4112 |         parser(detail::input_adapter(std::move(first), std::move(last)), std::move(cb), allow_exceptions, ignore_comments, ignore_trailing_commas).parse(true, result); // cppcheck-suppress[accessMoved]
[build]       |                                                                                                                                                    ^
[build] C:\Users\pperv\code\unnamed_rpg\vendor\json\include\nlohmann/json.hpp(5294,28): note: in instantiation of function template specialization 'nlohmann::basic_json<>::parse<const char *, const char *, 0>' requested here
[build]  5294 |     return nlohmann::json::parse(s, s + n);
[build]       |                            ^
[build] In file included from C:\Users\pperv\code\unnamed_rpg\vendor\json-schema-validator\src\string-format-check.cpp:1:
[build] In file included from C:\Users\pperv\code\unnamed_rpg\vendor\json-schema-validator\src\nlohmann/json-schema.hpp:24:
[build] In file included from C:\Users\pperv\code\unnamed_rpg\vendor\json\include\nlohmann/json.hpp:55:
[build] C:\Users\pperv\code\unnamed_rpg\vendor\json\include\nlohmann/detail/iterators/iter_impl.hpp(488,18): warning: enumeration type in nested name specifier is incompatible with C++98 [-Wc++98-compat]
[build]   488 |             case value_t::array:
[build]       |                  ^
[build] C:\Users\pperv\code\unnamed_rpg\vendor\json\include\nlohmann/detail/iterators/iter_impl.hpp(491,18): warning: enumeration type in nested name specifier is incompatible with C++98 [-Wc++98-compat]
[build]   491 |             case value_t::null:
[build]       |                  ^
[build] C:\Users\pperv\code\unnamed_rpg\vendor\json\include\nlohmann/detail/iterators/iter_impl.hpp(492,18): warning: enumeration type in nested name specifier is incompatible with C++98 [-Wc++98-compat]
[build]   492 |             case value_t::string:
[build]       |                  ^
[build] C:\Users\pperv\code\unnamed_rpg\vendor\json\include\nlohmann/detail/iterators/iter_impl.hpp(493,18): warning: enumeration type in nested name specifier is incompatible with C++98 [-Wc++98-compat]
[build]   493 |             case value_t::boolean:
[build]       |                  ^
[build] C:\Users\pperv\code\unnamed_rpg\vendor\json\include\nlohmann/detail/iterators/iter_impl.hpp(494,18): warning: enumeration type in nested name specifier is incompatible with C++98 [-Wc++98-compat]
[build]   494 |             case value_t::number_integer:
[build]       |                  ^
[build] C:\Users\pperv\code\unnamed_rpg\vendor\json\include\nlohmann/detail/iterators/iter_impl.hpp(495,18): warning: enumeration type in nested name specifier is incompatible with C++98 [-Wc++98-compat]
[build]   495 |             case value_t::number_unsigned:
[build]       |                  ^
[build] C:\Users\pperv\code\unnamed_rpg\vendor\json\include\nlohmann/detail/iterators/iter_impl.hpp(496,18): warning: enumeration type in nested name specifier is incompatible with C++98 [-Wc++98-compat]
[build]   496 |             case value_t::number_float:
[build]       |                  ^
[build] C:\Users\pperv\code\unnamed_rpg\vendor\json\include\nlohmann/detail/iterators/iter_impl.hpp(497,18): warning: enumeration type in nested name specifier is incompatible with C++98 [-Wc++98-compat]
[build]   497 |             case value_t::binary:
[build]       |                  ^
[build] C:\Users\pperv\code\unnamed_rpg\vendor\json\include\nlohmann/detail/iterators/iter_impl.hpp(498,18): warning: enumeration type in nested name specifier is incompatible with C++98 [-Wc++98-compat]
[build]   498 |             case value_t::discarded:
[build]       |                  ^
[build] C:\Users\pperv\code\unnamed_rpg\vendor\json\include\nlohmann/detail/iterators/iter_impl.hpp(485,18): warning: enumeration type in nested name specifier is incompatible with C++98 [-Wc++98-compat]
[build]   485 |             case value_t::object:
[build]       |                  ^
[build] C:\Users\pperv\code\unnamed_rpg\vendor\json\include\nlohmann/detail/iterators/iter_impl.hpp(511,17): note: in instantiation of function template specialization 'nlohmann::detail::iter_impl<nlohmann::basic_json<>>::operator==<nlohmann::detail::iter_impl<nlohmann::basic_json<>>, nullptr>' requested here
[build]   511 |         return !operator==(other);
[build]       |                 ^
[build] C:\Users\pperv\code\unnamed_rpg\vendor\json\include\nlohmann/detail/input/json_sax.hpp(815,43): note: in instantiation of function template specialization 'nlohmann::detail::iter_impl<nlohmann::basic_json<>>::operator!=<nlohmann::detail::iter_impl<nlohmann::basic_json<>>, nullptr>' requested here
[build]   815 |         for (auto it = parent.begin(); it != parent.end(); ++it)
[build]       |                                           ^
[build] C:\Users\pperv\code\unnamed_rpg\vendor\json\include\nlohmann/detail/input/json_sax.hpp(874,21): note: in instantiation of member function 'nlohmann::detail::json_sax_dom_callback_parser<nlohmann::basic_json<>, nlohmann::detail::iterator_input_adapter<const char *>>::remove_discarded_value' requested here
[build]   874 |                     remove_discarded_value(*ref_stack.back());
[build]       |                     ^
[build] C:\Users\pperv\code\unnamed_rpg\vendor\json\include\nlohmann/detail/input/json_sax.hpp(551,20): note: in instantiation of function template specialization 'nlohmann::detail::json_sax_dom_callback_parser<nlohmann::basic_json<>, nlohmann::detail::iterator_input_adapter<const char *>>::handle_value<nlohmann::detail::value_t>' requested here
[build]   551 |         auto val = handle_value(BasicJsonType::value_t::object, true);
[build]       |                    ^
[build] C:\Users\pperv\code\unnamed_rpg\vendor\json\include\nlohmann/detail/input/parser.hpp(199,56): note: in instantiation of member function 'nlohmann::detail::json_sax_dom_callback_parser<nlohmann::basic_json<>, nlohmann::detail::iterator_input_adapter<const char *>>::start_object' requested here
[build]   199 |                         if (JSON_HEDLEY_UNLIKELY(!sax->start_object(detail::unknown_size())))
[build]       |                                                        ^
[build] C:\Users\pperv\code\unnamed_rpg\vendor\json\include\nlohmann/thirdparty/hedley/hedley.hpp(1360,94): note: expanded from macro 'JSON_HEDLEY_UNLIKELY'
[build]  1360 | #  define JSON_HEDLEY_UNLIKELY(expr)                    __builtin_expect                 (!!(expr),    0                  )
[build]       |                                                                                              ^
[build] C:\Users\pperv\code\unnamed_rpg\vendor\json\include\nlohmann/detail/input/parser.hpp(100,13): note: in instantiation of function template specialization 'nlohmann::detail::parser<nlohmann::basic_json<>, nlohmann::detail::iterator_input_adapter<const char *>>::sax_parse_internal<nlohmann::detail::json_sax_dom_callback_parser<nlohmann::basic_json<>, nlohmann::detail::iterator_input_adapter<const char *>>>' requested here
[build]   100 |             sax_parse_internal(&sdp);
[build]       |             ^
[build] C:\Users\pperv\code\unnamed_rpg\vendor\json\include\nlohmann/json.hpp(4112,148): note: in instantiation of member function 'nlohmann::detail::parser<nlohmann::basic_json<>, nlohmann::detail::iterator_input_adapter<const char *>>::parse' requested here
[build]  4112 |         parser(detail::input_adapter(std::move(first), std::move(last)), std::move(cb), allow_exceptions, ignore_comments, ignore_trailing_commas).parse(true, result); // cppcheck-suppress[accessMoved]
[build]       |                                                                                                                                                    ^
[build] C:\Users\pperv\code\unnamed_rpg\vendor\json\include\nlohmann/json.hpp(5294,28): note: in instantiation of function template specialization 'nlohmann::basic_json<>::parse<const char *, const char *, 0>' requested here
[build]  5294 |     return nlohmann::json::parse(s, s + n);
[build]       |                            ^
[build] In file included from C:\Users\pperv\code\unnamed_rpg\vendor\json-schema-validator\src\string-format-check.cpp:1:
[build] In file included from C:\Users\pperv\code\unnamed_rpg\vendor\json-schema-validator\src\nlohmann/json-schema.hpp:24:
[build] In file included from C:\Users\pperv\code\unnamed_rpg\vendor\json\include\nlohmann/json.hpp:55:
[build] C:\Users\pperv\code\unnamed_rpg\vendor\json\include\nlohmann/detail/iterators/iter_impl.hpp(488,18): warning: enumeration type in nested name specifier is incompatible with C++98 [-Wc++98-compat]
[build]   488 |             case value_t::array:
[build]       |                  ^
[build] C:\Users\pperv\code\unnamed_rpg\vendor\json\include\nlohmann/detail/iterators/iter_impl.hpp(491,18): warning: enumeration type in nested name specifier is incompatible with C++98 [-Wc++98-compat]
[build]   491 |             case value_t::null:
[build]       |                  ^
[build] C:\Users\pperv\code\unnamed_rpg\vendor\json\include\nlohmann/detail/iterators/iter_impl.hpp(492,18): warning: enumeration type in nested name specifier is incompatible with C++98 [-Wc++98-compat]
[build]   492 |             case value_t::string:
[build]       |                  ^
[build] C:\Users\pperv\code\unnamed_rpg\vendor\json\include\nlohmann/detail/iterators/iter_impl.hpp(493,18): warning: enumeration type in nested name specifier is incompatible with C++98 [-Wc++98-compat]
[build]   493 |             case value_t::boolean:
[build]       |                  ^
[build] C:\Users\pperv\code\unnamed_rpg\vendor\json\include\nlohmann/detail/iterators/iter_impl.hpp(494,18): warning: enumeration type in nested name specifier is incompatible with C++98 [-Wc++98-compat]
[build]   494 |             case value_t::number_integer:
[build]       |                  ^
[build] C:\Users\pperv\code\unnamed_rpg\vendor\json\include\nlohmann/detail/iterators/iter_impl.hpp(495,18): warning: enumeration type in nested name specifier is incompatible with C++98 [-Wc++98-compat]
[build]   495 |             case value_t::number_unsigned:
[build]       |                  ^
[build] C:\Users\pperv\code\unnamed_rpg\vendor\json\include\nlohmann/detail/iterators/iter_impl.hpp(496,18): warning: enumeration type in nested name specifier is incompatible with C++98 [-Wc++98-compat]
[build]   496 |             case value_t::number_float:
[build]       |                  ^
[build] C:\Users\pperv\code\unnamed_rpg\vendor\json\include\nlohmann/detail/iterators/iter_impl.hpp(497,18): warning: enumeration type in nested name specifier is incompatible with C++98 [-Wc++98-compat]
[build]   497 |             case value_t::binary:
[build]       |                  ^
[build] C:\Users\pperv\code\unnamed_rpg\vendor\json\include\nlohmann/detail/iterators/iter_impl.hpp(498,18): warning: enumeration type in nested name specifier is incompatible with C++98 [-Wc++98-compat]
[build]   498 |             case value_t::discarded:
[build]       |                  ^
[build] C:\Users\pperv\code\unnamed_rpg\vendor\json\include\nlohmann/detail/iterators/iter_impl.hpp(499,13): warning: default label in switch which covers all enumeration values [-Wcovered-switch-default]
[build]   499 |             default:
[build]       |             ^
[build] In file included from C:\Users\pperv\code\unnamed_rpg\vendor\json-schema-validator\src\string-format-check.cpp:1:
[build] In file included from C:\Users\pperv\code\unnamed_rpg\vendor\json-schema-validator\src\nlohmann/json-schema.hpp:24:
[build] In file included from C:\Users\pperv\code\unnamed_rpg\vendor\json\include\nlohmann/json.hpp:44:
[build] In file included from C:\Users\pperv\code\unnamed_rpg\vendor\json\include\nlohmann/adl_serializer.hpp:14:
[build] In file included from C:\Users\pperv\code\unnamed_rpg\vendor\json\include\nlohmann/detail/conversions/from_json.hpp:24:
[build] C:\Users\pperv\code\unnamed_rpg\vendor\json\include\nlohmann/detail/exceptions.hpp(226,16): warning: generalized initializer lists are incompatible with C++98 [-Wc++98-compat]
[build]   226 |         return {id_, w.c_str()};
[build]       |                ^~~~~~~~~~~~~~~~
[build] C:\Users\pperv\code\unnamed_rpg\vendor\json\include\nlohmann/detail/exceptions.hpp(226,16): warning: constructor call from initializer list is incompatible with C++98 [-Wc++98-compat]
[build]   226 |         return {id_, w.c_str()};
[build]       |                ^~~~~~~~~~~~~~~~
[build] C:\Users\pperv\code\unnamed_rpg\vendor\json\include\nlohmann/detail/exceptions.hpp(226,16): warning: constructor call from initializer list is incompatible with C++98 [-Wc++98-compat]
[build]   226 |         return {id_, w.c_str()};
[build]       |                ^~~~~~~~~~~~~~~~
[build] C:\Users\pperv\code\unnamed_rpg\vendor\json\include\nlohmann/detail/iterators/iter_impl.hpp(474,42): note: in instantiation of function template specialization 'nlohmann::detail::invalid_iterator::create<nlohmann::basic_json<> *, 0>' requested here
[build]   474 |             JSON_THROW(invalid_iterator::create(212, "cannot compare iterators of different containers", m_object));
[build]       |                                          ^
[build] C:\Users\pperv\code\unnamed_rpg\vendor\json\include\nlohmann/detail/macro_scope.hpp(198,41): note: expanded from macro 'JSON_THROW'
[build]   198 |     #define JSON_THROW(exception) throw exception
[build]       |                                         ^
[build] C:\Users\pperv\code\unnamed_rpg\vendor\json\include\nlohmann/detail/iterators/iter_impl.hpp(511,17): note: in instantiation of function template specialization 'nlohmann::detail::iter_impl<nlohmann::basic_json<>>::operator==<nlohmann::detail::iter_impl<nlohmann::basic_json<>>, nullptr>' requested here
[build]   511 |         return !operator==(other);
[build]       |                 ^
[build] C:\Users\pperv\code\unnamed_rpg\vendor\json\include\nlohmann/detail/input/json_sax.hpp(815,43): note: in instantiation of function template specialization 'nlohmann::detail::iter_impl<nlohmann::basic_json<>>::operator!=<nlohmann::detail::iter_impl<nlohmann::basic_json<>>, nullptr>' requested here
[build]   815 |         for (auto it = parent.begin(); it != parent.end(); ++it)
[build]       |                                           ^
[build] C:\Users\pperv\code\unnamed_rpg\vendor\json\include\nlohmann/detail/input/json_sax.hpp(874,21): note: in instantiation of member function 'nlohmann::detail::json_sax_dom_callback_parser<nlohmann::basic_json<>, nlohmann::detail::iterator_input_adapter<const char *>>::remove_discarded_value' requested here
[build]   874 |                     remove_discarded_value(*ref_stack.back());
[build]       |                     ^
[build] C:\Users\pperv\code\unnamed_rpg\vendor\json\include\nlohmann/detail/input/json_sax.hpp(551,20): note: in instantiation of function template specialization 'nlohmann::detail::json_sax_dom_callback_parser<nlohmann::basic_json<>, nlohmann::detail::iterator_input_adapter<const char *>>::handle_value<nlohmann::detail::value_t>' requested here
[build]   551 |         auto val = handle_value(BasicJsonType::value_t::object, true);
[build]       |                    ^
[build] C:\Users\pperv\code\unnamed_rpg\vendor\json\include\nlohmann/detail/input/parser.hpp(199,56): note: in instantiation of member function 'nlohmann::detail::json_sax_dom_callback_parser<nlohmann::basic_json<>, nlohmann::detail::iterator_input_adapter<const char *>>::start_object' requested here
[build]   199 |                         if (JSON_HEDLEY_UNLIKELY(!sax->start_object(detail::unknown_size())))
[build]       |                                                        ^
[build] C:\Users\pperv\code\unnamed_rpg\vendor\json\include\nlohmann/thirdparty/hedley/hedley.hpp(1360,94): note: expanded from macro 'JSON_HEDLEY_UNLIKELY'
[build]  1360 | #  define JSON_HEDLEY_UNLIKELY(expr)                    __builtin_expect                 (!!(expr),    0                  )
[build]       |                                                                                              ^
[build] C:\Users\pperv\code\unnamed_rpg\vendor\json\include\nlohmann/detail/input/parser.hpp(100,13): note: in instantiation of function template specialization 'nlohmann::detail::parser<nlohmann::basic_json<>, nlohmann::detail::iterator_input_adapter<const char *>>::sax_parse_internal<nlohmann::detail::json_sax_dom_callback_parser<nlohmann::basic_json<>, nlohmann::detail::iterator_input_adapter<const char *>>>' requested here
[build]   100 |             sax_parse_internal(&sdp);
[build]       |             ^
[build] C:\Users\pperv\code\unnamed_rpg\vendor\json\include\nlohmann/json.hpp(4112,148): note: in instantiation of member function 'nlohmann::detail::parser<nlohmann::basic_json<>, nlohmann::detail::iterator_input_adapter<const char *>>::parse' requested here
[build]  4112 |         parser(detail::input_adapter(std::move(first), std::move(last)), std::move(cb), allow_exceptions, ignore_comments, ignore_trailing_commas).parse(true, result); // cppcheck-suppress[accessMoved]
[build]       |                                                                                                                                                    ^
[build] C:\Users\pperv\code\unnamed_rpg\vendor\json\include\nlohmann/json.hpp(5294,28): note: in instantiation of function template specialization 'nlohmann::basic_json<>::parse<const char *, const char *, 0>' requested here
[build]  5294 |     return nlohmann::json::parse(s, s + n);
[build]       |                            ^
[build] In file included from C:\Users\pperv\code\unnamed_rpg\vendor\json-schema-validator\src\string-format-check.cpp:1:
[build] In file included from C:\Users\pperv\code\unnamed_rpg\vendor\json-schema-validator\src\nlohmann/json-schema.hpp:24:
[build] In file included from C:\Users\pperv\code\unnamed_rpg\vendor\json\include\nlohmann/json.hpp:55:
[build] C:\Users\pperv\code\unnamed_rpg\vendor\json\include\nlohmann/detail/iterators/iter_impl.hpp(379,33): warning: 'nullptr' is incompatible with C++98 [-Wc++98-compat]
[build]   379 |         JSON_ASSERT(m_object != nullptr);
[build]       |                                 ^
[build] C:\Users\pperv\code\unnamed_rpg\vendor\json\include\nlohmann/detail/iterators/iter_impl.hpp(383,18): warning: enumeration type in nested name specifier is incompatible with C++98 [-Wc++98-compat]
[build]   383 |             case value_t::object:
[build]       |                  ^
[build] C:\Users\pperv\code\unnamed_rpg\vendor\json\include\nlohmann/detail/input/json_sax.hpp(874,21): note: in instantiation of member function 'nlohmann::detail::json_sax_dom_callback_parser<nlohmann::basic_json<>, nlohmann::detail::iterator_input_adapter<const char *>>::remove_discarded_value' requested here
[build]   874 |                     remove_discarded_value(*ref_stack.back());
[build]       |                     ^
[build] C:\Users\pperv\code\unnamed_rpg\vendor\json\include\nlohmann/detail/input/json_sax.hpp(551,20): note: in instantiation of function template specialization 'nlohmann::detail::json_sax_dom_callback_parser<nlohmann::basic_json<>, nlohmann::detail::iterator_input_adapter<const char *>>::handle_value<nlohmann::detail::value_t>' requested here
[build]   551 |         auto val = handle_value(BasicJsonType::value_t::object, true);
[build]       |                    ^
[build] C:\Users\pperv\code\unnamed_rpg\vendor\json\include\nlohmann/detail/input/parser.hpp(199,56): note: in instantiation of member function 'nlohmann::detail::json_sax_dom_callback_parser<nlohmann::basic_json<>, nlohmann::detail::iterator_input_adapter<const char *>>::start_object' requested here
[build]   199 |                         if (JSON_HEDLEY_UNLIKELY(!sax->start_object(detail::unknown_size())))
[build]       |                                                        ^
[build] C:\Users\pperv\code\unnamed_rpg\vendor\json\include\nlohmann/thirdparty/hedley/hedley.hpp(1360,94): note: expanded from macro 'JSON_HEDLEY_UNLIKELY'
[build]  1360 | #  define JSON_HEDLEY_UNLIKELY(expr)                    __builtin_expect                 (!!(expr),    0                  )
[build]       |                                                                                              ^
[build] C:\Users\pperv\code\unnamed_rpg\vendor\json\include\nlohmann/detail/input/parser.hpp(100,13): note: in instantiation of function template specialization 'nlohmann::detail::parser<nlohmann::basic_json<>, nlohmann::detail::iterator_input_adapter<const char *>>::sax_parse_internal<nlohmann::detail::json_sax_dom_callback_parser<nlohmann::basic_json<>, nlohmann::detail::iterator_input_adapter<const char *>>>' requested here
[build]   100 |             sax_parse_internal(&sdp);
[build]       |             ^
[build] C:\Users\pperv\code\unnamed_rpg\vendor\json\include\nlohmann/json.hpp(4112,148): note: in instantiation of member function 'nlohmann::detail::parser<nlohmann::basic_json<>, nlohmann::detail::iterator_input_adapter<const char *>>::parse' requested here
[build]  4112 |         parser(detail::input_adapter(std::move(first), std::move(last)), std::move(cb), allow_exceptions, ignore_comments, ignore_trailing_commas).parse(true, result); // cppcheck-suppress[accessMoved]
[build]       |                                                                                                                                                    ^
[build] C:\Users\pperv\code\unnamed_rpg\vendor\json\include\nlohmann/json.hpp(5294,28): note: in instantiation of function template specialization 'nlohmann::basic_json<>::parse<const char *, const char *, 0>' requested here
[build]  5294 |     return nlohmann::json::parse(s, s + n);
[build]       |                            ^
[build] In file included from C:\Users\pperv\code\unnamed_rpg\vendor\json-schema-validator\src\string-format-check.cpp:1:
[build] In file included from C:\Users\pperv\code\unnamed_rpg\vendor\json-schema-validator\src\nlohmann/json-schema.hpp:24:
[build] In file included from C:\Users\pperv\code\unnamed_rpg\vendor\json\include\nlohmann/json.hpp:55:
[build] C:\Users\pperv\code\unnamed_rpg\vendor\json\include\nlohmann/detail/iterators/iter_impl.hpp(389,18): warning: enumeration type in nested name specifier is incompatible with C++98 [-Wc++98-compat]
[build]   389 |             case value_t::array:
[build]       |                  ^
[build] C:\Users\pperv\code\unnamed_rpg\vendor\json\include\nlohmann/detail/iterators/iter_impl.hpp(395,18): warning: enumeration type in nested name specifier is incompatible with C++98 [-Wc++98-compat]
[build]   395 |             case value_t::null:
[build]       |                  ^
[build] C:\Users\pperv\code\unnamed_rpg\vendor\json\include\nlohmann/detail/iterators/iter_impl.hpp(396,18): warning: enumeration type in nested name specifier is incompatible with C++98 [-Wc++98-compat]
[build]   396 |             case value_t::string:
[build]       |                  ^
[build] C:\Users\pperv\code\unnamed_rpg\vendor\json\include\nlohmann/detail/iterators/iter_impl.hpp(397,18): warning: enumeration type in nested name specifier is incompatible with C++98 [-Wc++98-compat]
[build]   397 |             case value_t::boolean:
[build]       |                  ^
[build] C:\Users\pperv\code\unnamed_rpg\vendor\json\include\nlohmann/detail/iterators/iter_impl.hpp(398,18): warning: enumeration type in nested name specifier is incompatible with C++98 [-Wc++98-compat]
[build]   398 |             case value_t::number_integer:
[build]       |                  ^
[build] C:\Users\pperv\code\unnamed_rpg\vendor\json\include\nlohmann/detail/iterators/iter_impl.hpp(399,18): warning: enumeration type in nested name specifier is incompatible with C++98 [-Wc++98-compat]
[build]   399 |             case value_t::number_unsigned:
[build]       |                  ^
[build] C:\Users\pperv\code\unnamed_rpg\vendor\json\include\nlohmann/detail/iterators/iter_impl.hpp(400,18): warning: enumeration type in nested name specifier is incompatible with C++98 [-Wc++98-compat]
[build]   400 |             case value_t::number_float:
[build]       |                  ^
[build] C:\Users\pperv\code\unnamed_rpg\vendor\json\include\nlohmann/detail/iterators/iter_impl.hpp(401,18): warning: enumeration type in nested name specifier is incompatible with C++98 [-Wc++98-compat]
[build]   401 |             case value_t::binary:
[build]       |                  ^
[build] C:\Users\pperv\code\unnamed_rpg\vendor\json\include\nlohmann/detail/iterators/iter_impl.hpp(402,18): warning: enumeration type in nested name specifier is incompatible with C++98 [-Wc++98-compat]
[build]   402 |             case value_t::discarded:
[build]       |                  ^
[build] C:\Users\pperv\code\unnamed_rpg\vendor\json\include\nlohmann/detail/iterators/iter_impl.hpp(383,18): warning: enumeration type in nested name specifier is incompatible with C++98 [-Wc++98-compat]
[build]   383 |             case value_t::object:
[build]       |                  ^
[build] C:\Users\pperv\code\unnamed_rpg\vendor\json\include\nlohmann/detail/input/json_sax.hpp(815,60): note: in instantiation of member function 'nlohmann::detail::iter_impl<nlohmann::basic_json<>>::operator++' requested here
[build]   815 |         for (auto it = parent.begin(); it != parent.end(); ++it)
[build]       |                                                            ^
[build] C:\Users\pperv\code\unnamed_rpg\vendor\json\include\nlohmann/detail/input/json_sax.hpp(874,21): note: in instantiation of member function 'nlohmann::detail::json_sax_dom_callback_parser<nlohmann::basic_json<>, nlohmann::detail::iterator_input_adapter<const char *>>::remove_discarded_value' requested here
[build]   874 |                     remove_discarded_value(*ref_stack.back());
[build]       |                     ^
[build] C:\Users\pperv\code\unnamed_rpg\vendor\json\include\nlohmann/detail/input/json_sax.hpp(551,20): note: in instantiation of function template specialization 'nlohmann::detail::json_sax_dom_callback_parser<nlohmann::basic_json<>, nlohmann::detail::iterator_input_adapter<const char *>>::handle_value<nlohmann::detail::value_t>' requested here
[build]   551 |         auto val = handle_value(BasicJsonType::value_t::object, true);
[build]       |                    ^
[build] C:\Users\pperv\code\unnamed_rpg\vendor\json\include\nlohmann/detail/input/parser.hpp(199,56): note: in instantiation of member function 'nlohmann::detail::json_sax_dom_callback_parser<nlohmann::basic_json<>, nlohmann::detail::iterator_input_adapter<const char *>>::start_object' requested here
[build]   199 |                         if (JSON_HEDLEY_UNLIKELY(!sax->start_object(detail::unknown_size())))
[build]       |                                                        ^
[build] C:\Users\pperv\code\unnamed_rpg\vendor\json\include\nlohmann/thirdparty/hedley/hedley.hpp(1360,94): note: expanded from macro 'JSON_HEDLEY_UNLIKELY'
[build]  1360 | #  define JSON_HEDLEY_UNLIKELY(expr)                    __builtin_expect                 (!!(expr),    0                  )
[build]       |                                                                                              ^
[build] C:\Users\pperv\code\unnamed_rpg\vendor\json\include\nlohmann/detail/input/parser.hpp(100,13): note: in instantiation of function template specialization 'nlohmann::detail::parser<nlohmann::basic_json<>, nlohmann::detail::iterator_input_adapter<const char *>>::sax_parse_internal<nlohmann::detail::json_sax_dom_callback_parser<nlohmann::basic_json<>, nlohmann::detail::iterator_input_adapter<const char *>>>' requested here
[build]   100 |             sax_parse_internal(&sdp);
[build]       |             ^
[build] C:\Users\pperv\code\unnamed_rpg\vendor\json\include\nlohmann/json.hpp(4112,148): note: in instantiation of member function 'nlohmann::detail::parser<nlohmann::basic_json<>, nlohmann::detail::iterator_input_adapter<const char *>>::parse' requested here
[build]  4112 |         parser(detail::input_adapter(std::move(first), std::move(last)), std::move(cb), allow_exceptions, ignore_comments, ignore_trailing_commas).parse(true, result); // cppcheck-suppress[accessMoved]
[build]       |                                                                                                                                                    ^
[build] C:\Users\pperv\code\unnamed_rpg\vendor\json\include\nlohmann/json.hpp(5294,28): note: in instantiation of function template specialization 'nlohmann::basic_json<>::parse<const char *, const char *, 0>' requested here
[build]  5294 |     return nlohmann::json::parse(s, s + n);
[build]       |                            ^
[build] In file included from C:\Users\pperv\code\unnamed_rpg\vendor\json-schema-validator\src\string-format-check.cpp:1:
[build] In file included from C:\Users\pperv\code\unnamed_rpg\vendor\json-schema-validator\src\nlohmann/json-schema.hpp:24:
[build] In file included from C:\Users\pperv\code\unnamed_rpg\vendor\json\include\nlohmann/json.hpp:55:
[build] C:\Users\pperv\code\unnamed_rpg\vendor\json\include\nlohmann/detail/iterators/iter_impl.hpp(389,18): warning: enumeration type in nested name specifier is incompatible with C++98 [-Wc++98-compat]
[build]   389 |             case value_t::array:
[build]       |                  ^
[build] C:\Users\pperv\code\unnamed_rpg\vendor\json\include\nlohmann/detail/iterators/iter_impl.hpp(395,18): warning: enumeration type in nested name specifier is incompatible with C++98 [-Wc++98-compat]
[build]   395 |             case value_t::null:
[build]       |                  ^
[build] C:\Users\pperv\code\unnamed_rpg\vendor\json\include\nlohmann/detail/iterators/iter_impl.hpp(396,18): warning: enumeration type in nested name specifier is incompatible with C++98 [-Wc++98-compat]
[build]   396 |             case value_t::string:
[build]       |                  ^
[build] C:\Users\pperv\code\unnamed_rpg\vendor\json\include\nlohmann/detail/iterators/iter_impl.hpp(397,18): warning: enumeration type in nested name specifier is incompatible with C++98 [-Wc++98-compat]
[build]   397 |             case value_t::boolean:
[build]       |                  ^
[build] C:\Users\pperv\code\unnamed_rpg\vendor\json\include\nlohmann/detail/iterators/iter_impl.hpp(398,18): warning: enumeration type in nested name specifier is incompatible with C++98 [-Wc++98-compat]
[build]   398 |             case value_t::number_integer:
[build]       |                  ^
[build] C:\Users\pperv\code\unnamed_rpg\vendor\json\include\nlohmann/detail/iterators/iter_impl.hpp(399,18): warning: enumeration type in nested name specifier is incompatible with C++98 [-Wc++98-compat]
[build]   399 |             case value_t::number_unsigned:
[build]       |                  ^
[build] C:\Users\pperv\code\unnamed_rpg\vendor\json\include\nlohmann/detail/iterators/iter_impl.hpp(400,18): warning: enumeration type in nested name specifier is incompatible with C++98 [-Wc++98-compat]
[build]   400 |             case value_t::number_float:
[build]       |                  ^
[build] C:\Users\pperv\code\unnamed_rpg\vendor\json\include\nlohmann/detail/iterators/iter_impl.hpp(401,18): warning: enumeration type in nested name specifier is incompatible with C++98 [-Wc++98-compat]
[build]   401 |             case value_t::binary:
[build]       |                  ^
[build] C:\Users\pperv\code\unnamed_rpg\vendor\json\include\nlohmann/detail/iterators/iter_impl.hpp(402,18): warning: enumeration type in nested name specifier is incompatible with C++98 [-Wc++98-compat]
[build]   402 |             case value_t::discarded:
[build]       |                  ^
[build] C:\Users\pperv\code\unnamed_rpg\vendor\json\include\nlohmann/detail/iterators/iter_impl.hpp(403,13): warning: default label in switch which covers all enumeration values [-Wcovered-switch-default]
[build]   403 |             default:
[build]       |             ^
[build] C:\Users\pperv\code\unnamed_rpg\vendor\json\include\nlohmann/detail/iterators/iter_impl.hpp(326,33): warning: 'nullptr' is incompatible with C++98 [-Wc++98-compat]
[build]   326 |         JSON_ASSERT(m_object != nullptr);
[build]       |                                 ^
[build] C:\Users\pperv\code\unnamed_rpg\vendor\json\include\nlohmann/detail/iterators/iter_impl.hpp(330,18): warning: enumeration type in nested name specifier is incompatible with C++98 [-Wc++98-compat]
[build]   330 |             case value_t::object:
[build]       |                  ^
[build] C:\Users\pperv\code\unnamed_rpg\vendor\json\include\nlohmann/detail/input/json_sax.hpp(874,21): note: in instantiation of member function 'nlohmann::detail::json_sax_dom_callback_parser<nlohmann::basic_json<>, nlohmann::detail::iterator_input_adapter<const char *>>::remove_discarded_value' requested here
[build]   874 |                     remove_discarded_value(*ref_stack.back());
[build]       |                     ^
[build] C:\Users\pperv\code\unnamed_rpg\vendor\json\include\nlohmann/detail/input/json_sax.hpp(551,20): note: in instantiation of function template specialization 'nlohmann::detail::json_sax_dom_callback_parser<nlohmann::basic_json<>, nlohmann::detail::iterator_input_adapter<const char *>>::handle_value<nlohmann::detail::value_t>' requested here
[build]   551 |         auto val = handle_value(BasicJsonType::value_t::object, true);
[build]       |                    ^
[build] C:\Users\pperv\code\unnamed_rpg\vendor\json\include\nlohmann/detail/input/parser.hpp(199,56): note: in instantiation of member function 'nlohmann::detail::json_sax_dom_callback_parser<nlohmann::basic_json<>, nlohmann::detail::iterator_input_adapter<const char *>>::start_object' requested here
[build]   199 |                         if (JSON_HEDLEY_UNLIKELY(!sax->start_object(detail::unknown_size())))
[build]       |                                                        ^
[build] C:\Users\pperv\code\unnamed_rpg\vendor\json\include\nlohmann/thirdparty/hedley/hedley.hpp(1360,94): note: expanded from macro 'JSON_HEDLEY_UNLIKELY'
[build]  1360 | #  define JSON_HEDLEY_UNLIKELY(expr)                    __builtin_expect                 (!!(expr),    0                  )
[build]       |                                                                                              ^
[build] C:\Users\pperv\code\unnamed_rpg\vendor\json\include\nlohmann/detail/input/parser.hpp(100,13): note: in instantiation of function template specialization 'nlohmann::detail::parser<nlohmann::basic_json<>, nlohmann::detail::iterator_input_adapter<const char *>>::sax_parse_internal<nlohmann::detail::json_sax_dom_callback_parser<nlohmann::basic_json<>, nlohmann::detail::iterator_input_adapter<const char *>>>' requested here
[build]   100 |             sax_parse_internal(&sdp);
[build]       |             ^
[build] C:\Users\pperv\code\unnamed_rpg\vendor\json\include\nlohmann/json.hpp(4112,148): note: in instantiation of member function 'nlohmann::detail::parser<nlohmann::basic_json<>, nlohmann::detail::iterator_input_adapter<const char *>>::parse' requested here
[build]  4112 |         parser(detail::input_adapter(std::move(first), std::move(last)), std::move(cb), allow_exceptions, ignore_comments, ignore_trailing_commas).parse(true, result); // cppcheck-suppress[accessMoved]
[build]       |                                                                                                                                                    ^
[build] C:\Users\pperv\code\unnamed_rpg\vendor\json\include\nlohmann/json.hpp(5294,28): note: in instantiation of function template specialization 'nlohmann::basic_json<>::parse<const char *, const char *, 0>' requested here
[build]  5294 |     return nlohmann::json::parse(s, s + n);
[build]       |                            ^
[build] In file included from C:\Users\pperv\code\unnamed_rpg\vendor\json-schema-validator\src\string-format-check.cpp:1:
[build] In file included from C:\Users\pperv\code\unnamed_rpg\vendor\json-schema-validator\src\nlohmann/json-schema.hpp:24:
[build] In file included from C:\Users\pperv\code\unnamed_rpg\vendor\json\include\nlohmann/json.hpp:55:
[build] C:\Users\pperv\code\unnamed_rpg\vendor\json\include\nlohmann/detail/iterators/iter_impl.hpp(336,18): warning: enumeration type in nested name specifier is incompatible with C++98 [-Wc++98-compat]
[build]   336 |             case value_t::array:
[build]       |                  ^
[build] C:\Users\pperv\code\unnamed_rpg\vendor\json\include\nlohmann/detail/iterators/iter_impl.hpp(342,18): warning: enumeration type in nested name specifier is incompatible with C++98 [-Wc++98-compat]
[build]   342 |             case value_t::null:
[build]       |                  ^
[build] C:\Users\pperv\code\unnamed_rpg\vendor\json\include\nlohmann/detail/iterators/iter_impl.hpp(343,18): warning: enumeration type in nested name specifier is incompatible with C++98 [-Wc++98-compat]
[build]   343 |             case value_t::string:
[build]       |                  ^
[build] C:\Users\pperv\code\unnamed_rpg\vendor\json\include\nlohmann/detail/iterators/iter_impl.hpp(344,18): warning: enumeration type in nested name specifier is incompatible with C++98 [-Wc++98-compat]
[build]   344 |             case value_t::boolean:
[build]       |                  ^
[build] C:\Users\pperv\code\unnamed_rpg\vendor\json\include\nlohmann/detail/iterators/iter_impl.hpp(345,18): warning: enumeration type in nested name specifier is incompatible with C++98 [-Wc++98-compat]
[build]   345 |             case value_t::number_integer:
[build]       |                  ^
[build] C:\Users\pperv\code\unnamed_rpg\vendor\json\include\nlohmann/detail/iterators/iter_impl.hpp(346,18): warning: enumeration type in nested name specifier is incompatible with C++98 [-Wc++98-compat]
[build]   346 |             case value_t::number_unsigned:
[build]       |                  ^
[build] C:\Users\pperv\code\unnamed_rpg\vendor\json\include\nlohmann/detail/iterators/iter_impl.hpp(347,18): warning: enumeration type in nested name specifier is incompatible with C++98 [-Wc++98-compat]
[build]   347 |             case value_t::number_float:
[build]       |                  ^
[build] C:\Users\pperv\code\unnamed_rpg\vendor\json\include\nlohmann/detail/iterators/iter_impl.hpp(348,18): warning: enumeration type in nested name specifier is incompatible with C++98 [-Wc++98-compat]
[build]   348 |             case value_t::binary:
[build]       |                  ^
[build] C:\Users\pperv\code\unnamed_rpg\vendor\json\include\nlohmann/detail/iterators/iter_impl.hpp(349,18): warning: enumeration type in nested name specifier is incompatible with C++98 [-Wc++98-compat]
[build]   349 |             case value_t::discarded:
[build]       |                  ^
[build] C:\Users\pperv\code\unnamed_rpg\vendor\json\include\nlohmann/detail/iterators/iter_impl.hpp(330,18): warning: enumeration type in nested name specifier is incompatible with C++98 [-Wc++98-compat]
[build]   330 |             case value_t::object:
[build]       |                  ^
[build] C:\Users\pperv\code\unnamed_rpg\vendor\json\include\nlohmann/detail/input/json_sax.hpp(817,19): note: in instantiation of member function 'nlohmann::detail::iter_impl<nlohmann::basic_json<>>::operator->' requested here
[build]   817 |             if (it->is_discarded())
[build]       |                   ^
[build] C:\Users\pperv\code\unnamed_rpg\vendor\json\include\nlohmann/detail/input/json_sax.hpp(874,21): note: in instantiation of member function 'nlohmann::detail::json_sax_dom_callback_parser<nlohmann::basic_json<>, nlohmann::detail::iterator_input_adapter<const char *>>::remove_discarded_value' requested here
[build]   874 |                     remove_discarded_value(*ref_stack.back());
[build]       |                     ^
[build] C:\Users\pperv\code\unnamed_rpg\vendor\json\include\nlohmann/detail/input/json_sax.hpp(551,20): note: in instantiation of function template specialization 'nlohmann::detail::json_sax_dom_callback_parser<nlohmann::basic_json<>, nlohmann::detail::iterator_input_adapter<const char *>>::handle_value<nlohmann::detail::value_t>' requested here
[build]   551 |         auto val = handle_value(BasicJsonType::value_t::object, true);
[build]       |                    ^
[build] C:\Users\pperv\code\unnamed_rpg\vendor\json\include\nlohmann/detail/input/parser.hpp(199,56): note: in instantiation of member function 'nlohmann::detail::json_sax_dom_callback_parser<nlohmann::basic_json<>, nlohmann::detail::iterator_input_adapter<const char *>>::start_object' requested here
[build]   199 |                         if (JSON_HEDLEY_UNLIKELY(!sax->start_object(detail::unknown_size())))
[build]       |                                                        ^
[build] C:\Users\pperv\code\unnamed_rpg\vendor\json\include\nlohmann/thirdparty/hedley/hedley.hpp(1360,94): note: expanded from macro 'JSON_HEDLEY_UNLIKELY'
[build]  1360 | #  define JSON_HEDLEY_UNLIKELY(expr)                    __builtin_expect                 (!!(expr),    0                  )
[build]       |                                                                                              ^
[build] C:\Users\pperv\code\unnamed_rpg\vendor\json\include\nlohmann/detail/input/parser.hpp(100,13): note: in instantiation of function template specialization 'nlohmann::detail::parser<nlohmann::basic_json<>, nlohmann::detail::iterator_input_adapter<const char *>>::sax_parse_internal<nlohmann::detail::json_sax_dom_callback_parser<nlohmann::basic_json<>, nlohmann::detail::iterator_input_adapter<const char *>>>' requested here
[build]   100 |             sax_parse_internal(&sdp);
[build]       |             ^
[build] C:\Users\pperv\code\unnamed_rpg\vendor\json\include\nlohmann/json.hpp(4112,148): note: in instantiation of member function 'nlohmann::detail::parser<nlohmann::basic_json<>, nlohmann::detail::iterator_input_adapter<const char *>>::parse' requested here
[build]  4112 |         parser(detail::input_adapter(std::move(first), std::move(last)), std::move(cb), allow_exceptions, ignore_comments, ignore_trailing_commas).parse(true, result); // cppcheck-suppress[accessMoved]
[build]       |                                                                                                                                                    ^
[build] C:\Users\pperv\code\unnamed_rpg\vendor\json\include\nlohmann/json.hpp(5294,28): note: in instantiation of function template specialization 'nlohmann::basic_json<>::parse<const char *, const char *, 0>' requested here
[build]  5294 |     return nlohmann::json::parse(s, s + n);
[build]       |                            ^
[build] In file included from C:\Users\pperv\code\unnamed_rpg\vendor\json-schema-validator\src\string-format-check.cpp:1:
[build] In file included from C:\Users\pperv\code\unnamed_rpg\vendor\json-schema-validator\src\nlohmann/json-schema.hpp:24:
[build] In file included from C:\Users\pperv\code\unnamed_rpg\vendor\json\include\nlohmann/json.hpp:55:
[build] C:\Users\pperv\code\unnamed_rpg\vendor\json\include\nlohmann/detail/iterators/iter_impl.hpp(336,18): warning: enumeration type in nested name specifier is incompatible with C++98 [-Wc++98-compat]
[build]   336 |             case value_t::array:
[build]       |                  ^
[build] C:\Users\pperv\code\unnamed_rpg\vendor\json\include\nlohmann/detail/iterators/iter_impl.hpp(342,18): warning: enumeration type in nested name specifier is incompatible with C++98 [-Wc++98-compat]
[build]   342 |             case value_t::null:
[build]       |                  ^
[build] C:\Users\pperv\code\unnamed_rpg\vendor\json\include\nlohmann/detail/iterators/iter_impl.hpp(343,18): warning: enumeration type in nested name specifier is incompatible with C++98 [-Wc++98-compat]
[build]   343 |             case value_t::string:
[build]       |                  ^
[build] C:\Users\pperv\code\unnamed_rpg\vendor\json\include\nlohmann/detail/iterators/iter_impl.hpp(344,18): warning: enumeration type in nested name specifier is incompatible with C++98 [-Wc++98-compat]
[build]   344 |             case value_t::boolean:
[build]       |                  ^
[build] C:\Users\pperv\code\unnamed_rpg\vendor\json\include\nlohmann/detail/iterators/iter_impl.hpp(345,18): warning: enumeration type in nested name specifier is incompatible with C++98 [-Wc++98-compat]
[build]   345 |             case value_t::number_integer:
[build]       |                  ^
[build] C:\Users\pperv\code\unnamed_rpg\vendor\json\include\nlohmann/detail/iterators/iter_impl.hpp(346,18): warning: enumeration type in nested name specifier is incompatible with C++98 [-Wc++98-compat]
[build]   346 |             case value_t::number_unsigned:
[build]       |                  ^
[build] C:\Users\pperv\code\unnamed_rpg\vendor\json\include\nlohmann/detail/iterators/iter_impl.hpp(347,18): warning: enumeration type in nested name specifier is incompatible with C++98 [-Wc++98-compat]
[build]   347 |             case value_t::number_float:
[build]       |                  ^
[build] C:\Users\pperv\code\unnamed_rpg\vendor\json\include\nlohmann/detail/iterators/iter_impl.hpp(348,18): warning: enumeration type in nested name specifier is incompatible with C++98 [-Wc++98-compat]
[build]   348 |             case value_t::binary:
[build]       |                  ^
[build] C:\Users\pperv\code\unnamed_rpg\vendor\json\include\nlohmann/detail/iterators/iter_impl.hpp(349,18): warning: enumeration type in nested name specifier is incompatible with C++98 [-Wc++98-compat]
[build]   349 |             case value_t::discarded:
[build]       |                  ^
[build] C:\Users\pperv\code\unnamed_rpg\vendor\json\include\nlohmann/detail/iterators/iter_impl.hpp(350,13): warning: default label in switch which covers all enumeration values [-Wcovered-switch-default]
[build]   350 |             default:
[build]       |             ^
[build] In file included from C:\Users\pperv\code\unnamed_rpg\vendor\json-schema-validator\src\string-format-check.cpp:1:
[build] In file included from C:\Users\pperv\code\unnamed_rpg\vendor\json-schema-validator\src\nlohmann/json-schema.hpp:24:
[build] C:\Users\pperv\code\unnamed_rpg\vendor\json\include\nlohmann/json.hpp(2527,43): warning: 'decltype' type specifier is incompatible with C++98 [-Wc++98-compat]
[build]  2527 |                     std::allocator_traits<decltype(alloc)>::destroy(alloc, m_data.m_value.string);
[build]       |                                           ^
[build] C:\Users\pperv\code\unnamed_rpg\vendor\json\include\nlohmann/json.hpp(2528,43): warning: 'decltype' type specifier is incompatible with C++98 [-Wc++98-compat]
[build]  2528 |                     std::allocator_traits<decltype(alloc)>::deallocate(alloc, m_data.m_value.string, 1);
[build]       |                                           ^
[build] C:\Users\pperv\code\unnamed_rpg\vendor\json\include\nlohmann/json.hpp(2529,45): warning: 'nullptr' is incompatible with C++98 [-Wc++98-compat]
[build]  2529 |                     m_data.m_value.string = nullptr;
[build]       |                                             ^
[build] C:\Users\pperv\code\unnamed_rpg\vendor\json\include\nlohmann/json.hpp(2534,43): warning: 'decltype' type specifier is incompatible with C++98 [-Wc++98-compat]
[build]  2534 |                     std::allocator_traits<decltype(alloc)>::destroy(alloc, m_data.m_value.binary);
[build]       |                                           ^
[build] C:\Users\pperv\code\unnamed_rpg\vendor\json\include\nlohmann/json.hpp(2535,43): warning: 'decltype' type specifier is incompatible with C++98 [-Wc++98-compat]
[build]  2535 |                     std::allocator_traits<decltype(alloc)>::deallocate(alloc, m_data.m_value.binary, 1);
[build]       |                                           ^
[build] C:\Users\pperv\code\unnamed_rpg\vendor\json\include\nlohmann/json.hpp(2536,45): warning: 'nullptr' is incompatible with C++98 [-Wc++98-compat]
[build]  2536 |                     m_data.m_value.binary = nullptr;
[build]       |                                             ^
[build] C:\Users\pperv\code\unnamed_rpg\vendor\json\include\nlohmann/json.hpp(2512,18): warning: enumeration type in nested name specifier is incompatible with C++98 [-Wc++98-compat]
[build]  2512 |             case value_t::boolean:
[build]       |                  ^
[build] C:\Users\pperv\code\unnamed_rpg\vendor\json\include\nlohmann/detail/input/json_sax.hpp(819,24): note: in instantiation of function template specialization 'nlohmann::basic_json<>::erase<nlohmann::detail::iter_impl<nlohmann::basic_json<>>, 0>' requested here
[build]   819 |                 parent.erase(it);
[build]       |                        ^
[build] C:\Users\pperv\code\unnamed_rpg\vendor\json\include\nlohmann/detail/input/json_sax.hpp(874,21): note: in instantiation of member function 'nlohmann::detail::json_sax_dom_callback_parser<nlohmann::basic_json<>, nlohmann::detail::iterator_input_adapter<const char *>>::remove_discarded_value' requested here
[build]   874 |                     remove_discarded_value(*ref_stack.back());
[build]       |                     ^
[build] C:\Users\pperv\code\unnamed_rpg\vendor\json\include\nlohmann/detail/input/json_sax.hpp(551,20): note: in instantiation of function template specialization 'nlohmann::detail::json_sax_dom_callback_parser<nlohmann::basic_json<>, nlohmann::detail::iterator_input_adapter<const char *>>::handle_value<nlohmann::detail::value_t>' requested here
[build]   551 |         auto val = handle_value(BasicJsonType::value_t::object, true);
[build]       |                    ^
[build] C:\Users\pperv\code\unnamed_rpg\vendor\json\include\nlohmann/detail/input/parser.hpp(199,56): note: in instantiation of member function 'nlohmann::detail::json_sax_dom_callback_parser<nlohmann::basic_json<>, nlohmann::detail::iterator_input_adapter<const char *>>::start_object' requested here
[build]   199 |                         if (JSON_HEDLEY_UNLIKELY(!sax->start_object(detail::unknown_size())))
[build]       |                                                        ^
[build] C:\Users\pperv\code\unnamed_rpg\vendor\json\include\nlohmann/thirdparty/hedley/hedley.hpp(1360,94): note: expanded from macro 'JSON_HEDLEY_UNLIKELY'
[build]  1360 | #  define JSON_HEDLEY_UNLIKELY(expr)                    __builtin_expect                 (!!(expr),    0                  )
[build]       |                                                                                              ^
[build] C:\Users\pperv\code\unnamed_rpg\vendor\json\include\nlohmann/detail/input/parser.hpp(100,13): note: in instantiation of function template specialization 'nlohmann::detail::parser<nlohmann::basic_json<>, nlohmann::detail::iterator_input_adapter<const char *>>::sax_parse_internal<nlohmann::detail::json_sax_dom_callback_parser<nlohmann::basic_json<>, nlohmann::detail::iterator_input_adapter<const char *>>>' requested here
[build]   100 |             sax_parse_internal(&sdp);
[build]       |             ^
[build] C:\Users\pperv\code\unnamed_rpg\vendor\json\include\nlohmann/json.hpp(4112,148): note: in instantiation of member function 'nlohmann::detail::parser<nlohmann::basic_json<>, nlohmann::detail::iterator_input_adapter<const char *>>::parse' requested here
[build]  4112 |         parser(detail::input_adapter(std::move(first), std::move(last)), std::move(cb), allow_exceptions, ignore_comments, ignore_trailing_commas).parse(true, result); // cppcheck-suppress[accessMoved]
[build]       |                                                                                                                                                    ^
[build] C:\Users\pperv\code\unnamed_rpg\vendor\json\include\nlohmann/json.hpp(5294,28): note: in instantiation of function template specialization 'nlohmann::basic_json<>::parse<const char *, const char *, 0>' requested here
[build]  5294 |     return nlohmann::json::parse(s, s + n);
[build]       |                            ^
[build] C:\Users\pperv\code\unnamed_rpg\vendor\json\include\nlohmann/json.hpp(2513,18): warning: enumeration type in nested name specifier is incompatible with C++98 [-Wc++98-compat]
[build]  2513 |             case value_t::number_float:
[build]       |                  ^
[build] C:\Users\pperv\code\unnamed_rpg\vendor\json\include\nlohmann/json.hpp(2514,18): warning: enumeration type in nested name specifier is incompatible with C++98 [-Wc++98-compat]
[build]  2514 |             case value_t::number_integer:
[build]       |                  ^
[build] C:\Users\pperv\code\unnamed_rpg\vendor\json\include\nlohmann/json.hpp(2515,18): warning: enumeration type in nested name specifier is incompatible with C++98 [-Wc++98-compat]
[build]  2515 |             case value_t::number_unsigned:
[build]       |                  ^
[build] C:\Users\pperv\code\unnamed_rpg\vendor\json\include\nlohmann/json.hpp(2516,18): warning: enumeration type in nested name specifier is incompatible with C++98 [-Wc++98-compat]
[build]  2516 |             case value_t::string:
[build]       |                  ^
[build] C:\Users\pperv\code\unnamed_rpg\vendor\json\include\nlohmann/json.hpp(2517,18): warning: enumeration type in nested name specifier is incompatible with C++98 [-Wc++98-compat]
[build]  2517 |             case value_t::binary:
[build]       |                  ^
[build] C:\Users\pperv\code\unnamed_rpg\vendor\json\include\nlohmann/json.hpp(1439,33): warning: enumeration type in nested name specifier is incompatible with C++98 [-Wc++98-compat]
[build]  1439 |         return m_data.m_type == value_t::string;
[build]       |                                 ^
[build] C:\Users\pperv\code\unnamed_rpg\vendor\json\include\nlohmann/json.hpp(2524,21): note: in instantiation of member function 'nlohmann::basic_json<>::is_string' requested here
[build]  2524 |                 if (is_string())
[build]       |                     ^
[build] C:\Users\pperv\code\unnamed_rpg\vendor\json\include\nlohmann/detail/input/json_sax.hpp(819,24): note: in instantiation of function template specialization 'nlohmann::basic_json<>::erase<nlohmann::detail::iter_impl<nlohmann::basic_json<>>, 0>' requested here
[build]   819 |                 parent.erase(it);
[build]       |                        ^
[build] C:\Users\pperv\code\unnamed_rpg\vendor\json\include\nlohmann/detail/input/json_sax.hpp(874,21): note: in instantiation of member function 'nlohmann::detail::json_sax_dom_callback_parser<nlohmann::basic_json<>, nlohmann::detail::iterator_input_adapter<const char *>>::remove_discarded_value' requested here
[build]   874 |                     remove_discarded_value(*ref_stack.back());
[build]       |                     ^
[build] C:\Users\pperv\code\unnamed_rpg\vendor\json\include\nlohmann/detail/input/json_sax.hpp(551,20): note: in instantiation of function template specialization 'nlohmann::detail::json_sax_dom_callback_parser<nlohmann::basic_json<>, nlohmann::detail::iterator_input_adapter<const char *>>::handle_value<nlohmann::detail::value_t>' requested here
[build]   551 |         auto val = handle_value(BasicJsonType::value_t::object, true);
[build]       |                    ^
[build] C:\Users\pperv\code\unnamed_rpg\vendor\json\include\nlohmann/detail/input/parser.hpp(199,56): note: in instantiation of member function 'nlohmann::detail::json_sax_dom_callback_parser<nlohmann::basic_json<>, nlohmann::detail::iterator_input_adapter<const char *>>::start_object' requested here
[build]   199 |                         if (JSON_HEDLEY_UNLIKELY(!sax->start_object(detail::unknown_size())))
[build]       |                                                        ^
[build] C:\Users\pperv\code\unnamed_rpg\vendor\json\include\nlohmann/thirdparty/hedley/hedley.hpp(1360,94): note: expanded from macro 'JSON_HEDLEY_UNLIKELY'
[build]  1360 | #  define JSON_HEDLEY_UNLIKELY(expr)                    __builtin_expect                 (!!(expr),    0                  )
[build]       |                                                                                              ^
[build] C:\Users\pperv\code\unnamed_rpg\vendor\json\include\nlohmann/detail/input/parser.hpp(100,13): note: in instantiation of function template specialization 'nlohmann::detail::parser<nlohmann::basic_json<>, nlohmann::detail::iterator_input_adapter<const char *>>::sax_parse_internal<nlohmann::detail::json_sax_dom_callback_parser<nlohmann::basic_json<>, nlohmann::detail::iterator_input_adapter<const char *>>>' requested here
[build]   100 |             sax_parse_internal(&sdp);
[build]       |             ^
[build] C:\Users\pperv\code\unnamed_rpg\vendor\json\include\nlohmann/json.hpp(4112,148): note: in instantiation of member function 'nlohmann::detail::parser<nlohmann::basic_json<>, nlohmann::detail::iterator_input_adapter<const char *>>::parse' requested here
[build]  4112 |         parser(detail::input_adapter(std::move(first), std::move(last)), std::move(cb), allow_exceptions, ignore_comments, ignore_trailing_commas).parse(true, result); // cppcheck-suppress[accessMoved]
[build]       |                                                                                                                                                    ^
[build] C:\Users\pperv\code\unnamed_rpg\vendor\json\include\nlohmann/json.hpp(5294,28): note: in instantiation of function template specialization 'nlohmann::basic_json<>::parse<const char *, const char *, 0>' requested here
[build]  5294 |     return nlohmann::json::parse(s, s + n);
[build]       |                            ^
[build] C:\Users\pperv\code\unnamed_rpg\vendor\json\include\nlohmann/json.hpp(1446,33): warning: enumeration type in nested name specifier is incompatible with C++98 [-Wc++98-compat]
[build]  1446 |         return m_data.m_type == value_t::binary;
[build]       |                                 ^
[build] C:\Users\pperv\code\unnamed_rpg\vendor\json\include\nlohmann/json.hpp(2531,26): note: in instantiation of member function 'nlohmann::basic_json<>::is_binary' requested here
[build]  2531 |                 else if (is_binary())
[build]       |                          ^
[build] C:\Users\pperv\code\unnamed_rpg\vendor\json\include\nlohmann/detail/input/json_sax.hpp(819,24): note: in instantiation of function template specialization 'nlohmann::basic_json<>::erase<nlohmann::detail::iter_impl<nlohmann::basic_json<>>, 0>' requested here
[build]   819 |                 parent.erase(it);
[build]       |                        ^
[build] C:\Users\pperv\code\unnamed_rpg\vendor\json\include\nlohmann/detail/input/json_sax.hpp(874,21): note: in instantiation of member function 'nlohmann::detail::json_sax_dom_callback_parser<nlohmann::basic_json<>, nlohmann::detail::iterator_input_adapter<const char *>>::remove_discarded_value' requested here
[build]   874 |                     remove_discarded_value(*ref_stack.back());
[build]       |                     ^
[build] C:\Users\pperv\code\unnamed_rpg\vendor\json\include\nlohmann/detail/input/json_sax.hpp(551,20): note: in instantiation of function template specialization 'nlohmann::detail::json_sax_dom_callback_parser<nlohmann::basic_json<>, nlohmann::detail::iterator_input_adapter<const char *>>::handle_value<nlohmann::detail::value_t>' requested here
[build]   551 |         auto val = handle_value(BasicJsonType::value_t::object, true);
[build]       |                    ^
[build] C:\Users\pperv\code\unnamed_rpg\vendor\json\include\nlohmann/detail/input/parser.hpp(199,56): note: in instantiation of member function 'nlohmann::detail::json_sax_dom_callback_parser<nlohmann::basic_json<>, nlohmann::detail::iterator_input_adapter<const char *>>::start_object' requested here
[build]   199 |                         if (JSON_HEDLEY_UNLIKELY(!sax->start_object(detail::unknown_size())))
[build]       |                                                        ^
[build] C:\Users\pperv\code\unnamed_rpg\vendor\json\include\nlohmann/thirdparty/hedley/hedley.hpp(1360,94): note: expanded from macro 'JSON_HEDLEY_UNLIKELY'
[build]  1360 | #  define JSON_HEDLEY_UNLIKELY(expr)                    __builtin_expect                 (!!(expr),    0                  )
[build]       |                                                                                              ^
[build] C:\Users\pperv\code\unnamed_rpg\vendor\json\include\nlohmann/detail/input/parser.hpp(100,13): note: in instantiation of function template specialization 'nlohmann::detail::parser<nlohmann::basic_json<>, nlohmann::detail::iterator_input_adapter<const char *>>::sax_parse_internal<nlohmann::detail::json_sax_dom_callback_parser<nlohmann::basic_json<>, nlohmann::detail::iterator_input_adapter<const char *>>>' requested here
[build]   100 |             sax_parse_internal(&sdp);
[build]       |             ^
[build] C:\Users\pperv\code\unnamed_rpg\vendor\json\include\nlohmann/json.hpp(4112,148): note: in instantiation of member function 'nlohmann::detail::parser<nlohmann::basic_json<>, nlohmann::detail::iterator_input_adapter<const char *>>::parse' requested here
[build]  4112 |         parser(detail::input_adapter(std::move(first), std::move(last)), std::move(cb), allow_exceptions, ignore_comments, ignore_trailing_commas).parse(true, result); // cppcheck-suppress[accessMoved]
[build]       |                                                                                                                                                    ^
[build] C:\Users\pperv\code\unnamed_rpg\vendor\json\include\nlohmann/json.hpp(5294,28): note: in instantiation of function template specialization 'nlohmann::basic_json<>::parse<const char *, const char *, 0>' requested here
[build]  5294 |     return nlohmann::json::parse(s, s + n);
[build]       |                            ^
[build] C:\Users\pperv\code\unnamed_rpg\vendor\json\include\nlohmann/json.hpp(2539,33): warning: enumeration type in nested name specifier is incompatible with C++98 [-Wc++98-compat]
[build]  2539 |                 m_data.m_type = value_t::null;
[build]       |                                 ^
[build] C:\Users\pperv\code\unnamed_rpg\vendor\json\include\nlohmann/detail/input/json_sax.hpp(819,24): note: in instantiation of function template specialization 'nlohmann::basic_json<>::erase<nlohmann::detail::iter_impl<nlohmann::basic_json<>>, 0>' requested here
[build]   819 |                 parent.erase(it);
[build]       |                        ^
[build] C:\Users\pperv\code\unnamed_rpg\vendor\json\include\nlohmann/detail/input/json_sax.hpp(874,21): note: in instantiation of member function 'nlohmann::detail::json_sax_dom_callback_parser<nlohmann::basic_json<>, nlohmann::detail::iterator_input_adapter<const char *>>::remove_discarded_value' requested here
[build]   874 |                     remove_discarded_value(*ref_stack.back());
[build]       |                     ^
[build] C:\Users\pperv\code\unnamed_rpg\vendor\json\include\nlohmann/detail/input/json_sax.hpp(551,20): note: in instantiation of function template specialization 'nlohmann::detail::json_sax_dom_callback_parser<nlohmann::basic_json<>, nlohmann::detail::iterator_input_adapter<const char *>>::handle_value<nlohmann::detail::value_t>' requested here
[build]   551 |         auto val = handle_value(BasicJsonType::value_t::object, true);
[build]       |                    ^
[build] C:\Users\pperv\code\unnamed_rpg\vendor\json\include\nlohmann/detail/input/parser.hpp(199,56): note: in instantiation of member function 'nlohmann::detail::json_sax_dom_callback_parser<nlohmann::basic_json<>, nlohmann::detail::iterator_input_adapter<const char *>>::start_object' requested here
[build]   199 |                         if (JSON_HEDLEY_UNLIKELY(!sax->start_object(detail::unknown_size())))
[build]       |                                                        ^
[build] C:\Users\pperv\code\unnamed_rpg\vendor\json\include\nlohmann/thirdparty/hedley/hedley.hpp(1360,94): note: expanded from macro 'JSON_HEDLEY_UNLIKELY'
[build]  1360 | #  define JSON_HEDLEY_UNLIKELY(expr)                    __builtin_expect                 (!!(expr),    0                  )
[build]       |                                                                                              ^
[build] C:\Users\pperv\code\unnamed_rpg\vendor\json\include\nlohmann/detail/input/parser.hpp(100,13): note: in instantiation of function template specialization 'nlohmann::detail::parser<nlohmann::basic_json<>, nlohmann::detail::iterator_input_adapter<const char *>>::sax_parse_internal<nlohmann::detail::json_sax_dom_callback_parser<nlohmann::basic_json<>, nlohmann::detail::iterator_input_adapter<const char *>>>' requested here
[build]   100 |             sax_parse_internal(&sdp);
[build]       |             ^
[build] C:\Users\pperv\code\unnamed_rpg\vendor\json\include\nlohmann/json.hpp(4112,148): note: in instantiation of member function 'nlohmann::detail::parser<nlohmann::basic_json<>, nlohmann::detail::iterator_input_adapter<const char *>>::parse' requested here
[build]  4112 |         parser(detail::input_adapter(std::move(first), std::move(last)), std::move(cb), allow_exceptions, ignore_comments, ignore_trailing_commas).parse(true, result); // cppcheck-suppress[accessMoved]
[build]       |                                                                                                                                                    ^
[build] C:\Users\pperv\code\unnamed_rpg\vendor\json\include\nlohmann/json.hpp(5294,28): note: in instantiation of function template specialization 'nlohmann::basic_json<>::parse<const char *, const char *, 0>' requested here
[build]  5294 |     return nlohmann::json::parse(s, s + n);
[build]       |                            ^
[build] C:\Users\pperv\code\unnamed_rpg\vendor\json\include\nlohmann/json.hpp(2544,18): warning: enumeration type in nested name specifier is incompatible with C++98 [-Wc++98-compat]
[build]  2544 |             case value_t::object:
[build]       |                  ^
[build] C:\Users\pperv\code\unnamed_rpg\vendor\json\include\nlohmann/json.hpp(2550,18): warning: enumeration type in nested name specifier is incompatible with C++98 [-Wc++98-compat]
[build]  2550 |             case value_t::array:
[build]       |                  ^
[build] C:\Users\pperv\code\unnamed_rpg\vendor\json\include\nlohmann/json.hpp(2556,18): warning: enumeration type in nested name specifier is incompatible with C++98 [-Wc++98-compat]
[build]  2556 |             case value_t::null:
[build]       |                  ^
[build] C:\Users\pperv\code\unnamed_rpg\vendor\json\include\nlohmann/json.hpp(2557,18): warning: enumeration type in nested name specifier is incompatible with C++98 [-Wc++98-compat]
[build]  2557 |             case value_t::discarded:
[build]       |                  ^
[build] C:\Users\pperv\code\unnamed_rpg\vendor\json\include\nlohmann/json.hpp(2558,13): warning: default label in switch which covers all enumeration values [-Wcovered-switch-default]
[build]  2558 |             default:
[build]       |             ^
[build] C:\Users\pperv\code\unnamed_rpg\vendor\json\include\nlohmann/json.hpp(4247,18): warning: enumeration type in nested name specifier is incompatible with C++98 [-Wc++98-compat]
[build]  4247 |             case value_t::null:
[build]       |                  ^
[build] C:\Users\pperv\code\unnamed_rpg\vendor\json\include\nlohmann/json.hpp(2559,95): note: in instantiation of member function 'nlohmann::basic_json<>::type_name' requested here
[build]  2559 |                 JSON_THROW(type_error::create(307, detail::concat("cannot use erase() with ", type_name()), this));
[build]       |                                                                                               ^
[build] C:\Users\pperv\code\unnamed_rpg\vendor\json\include\nlohmann/detail/macro_scope.hpp(198,41): note: expanded from macro 'JSON_THROW'
[build]   198 |     #define JSON_THROW(exception) throw exception
[build]       |                                         ^
[build] C:\Users\pperv\code\unnamed_rpg\vendor\json\include\nlohmann/detail/input/json_sax.hpp(819,24): note: in instantiation of function template specialization 'nlohmann::basic_json<>::erase<nlohmann::detail::iter_impl<nlohmann::basic_json<>>, 0>' requested here
[build]   819 |                 parent.erase(it);
[build]       |                        ^
[build] C:\Users\pperv\code\unnamed_rpg\vendor\json\include\nlohmann/detail/input/json_sax.hpp(874,21): note: in instantiation of member function 'nlohmann::detail::json_sax_dom_callback_parser<nlohmann::basic_json<>, nlohmann::detail::iterator_input_adapter<const char *>>::remove_discarded_value' requested here
[build]   874 |                     remove_discarded_value(*ref_stack.back());
[build]       |                     ^
[build] C:\Users\pperv\code\unnamed_rpg\vendor\json\include\nlohmann/detail/input/json_sax.hpp(551,20): note: in instantiation of function template specialization 'nlohmann::detail::json_sax_dom_callback_parser<nlohmann::basic_json<>, nlohmann::detail::iterator_input_adapter<const char *>>::handle_value<nlohmann::detail::value_t>' requested here
[build]   551 |         auto val = handle_value(BasicJsonType::value_t::object, true);
[build]       |                    ^
[build] C:\Users\pperv\code\unnamed_rpg\vendor\json\include\nlohmann/detail/input/parser.hpp(199,56): note: in instantiation of member function 'nlohmann::detail::json_sax_dom_callback_parser<nlohmann::basic_json<>, nlohmann::detail::iterator_input_adapter<const char *>>::start_object' requested here
[build]   199 |                         if (JSON_HEDLEY_UNLIKELY(!sax->start_object(detail::unknown_size())))
[build]       |                                                        ^
[build] C:\Users\pperv\code\unnamed_rpg\vendor\json\include\nlohmann/thirdparty/hedley/hedley.hpp(1360,94): note: expanded from macro 'JSON_HEDLEY_UNLIKELY'
[build]  1360 | #  define JSON_HEDLEY_UNLIKELY(expr)                    __builtin_expect                 (!!(expr),    0                  )
[build]       |                                                                                              ^
[build] C:\Users\pperv\code\unnamed_rpg\vendor\json\include\nlohmann/detail/input/parser.hpp(100,13): note: in instantiation of function template specialization 'nlohmann::detail::parser<nlohmann::basic_json<>, nlohmann::detail::iterator_input_adapter<const char *>>::sax_parse_internal<nlohmann::detail::json_sax_dom_callback_parser<nlohmann::basic_json<>, nlohmann::detail::iterator_input_adapter<const char *>>>' requested here
[build]   100 |             sax_parse_internal(&sdp);
[build]       |             ^
[build] C:\Users\pperv\code\unnamed_rpg\vendor\json\include\nlohmann/json.hpp(4112,148): note: in instantiation of member function 'nlohmann::detail::parser<nlohmann::basic_json<>, nlohmann::detail::iterator_input_adapter<const char *>>::parse' requested here
[build]  4112 |         parser(detail::input_adapter(std::move(first), std::move(last)), std::move(cb), allow_exceptions, ignore_comments, ignore_trailing_commas).parse(true, result); // cppcheck-suppress[accessMoved]
[build]       |                                                                                                                                                    ^
[build] C:\Users\pperv\code\unnamed_rpg\vendor\json\include\nlohmann/json.hpp(5294,28): note: in instantiation of function template specialization 'nlohmann::basic_json<>::parse<const char *, const char *, 0>' requested here
[build]  5294 |     return nlohmann::json::parse(s, s + n);
[build]       |                            ^
[build] C:\Users\pperv\code\unnamed_rpg\vendor\json\include\nlohmann/json.hpp(4249,18): warning: enumeration type in nested name specifier is incompatible with C++98 [-Wc++98-compat]
[build]  4249 |             case value_t::object:
[build]       |                  ^
[build] C:\Users\pperv\code\unnamed_rpg\vendor\json\include\nlohmann/json.hpp(4251,18): warning: enumeration type in nested name specifier is incompatible with C++98 [-Wc++98-compat]
[build]  4251 |             case value_t::array:
[build]       |                  ^
[build] C:\Users\pperv\code\unnamed_rpg\vendor\json\include\nlohmann/json.hpp(4253,18): warning: enumeration type in nested name specifier is incompatible with C++98 [-Wc++98-compat]
[build]  4253 |             case value_t::string:
[build]       |                  ^
[build] C:\Users\pperv\code\unnamed_rpg\vendor\json\include\nlohmann/json.hpp(4255,18): warning: enumeration type in nested name specifier is incompatible with C++98 [-Wc++98-compat]
[build]  4255 |             case value_t::boolean:
[build]       |                  ^
[build] C:\Users\pperv\code\unnamed_rpg\vendor\json\include\nlohmann/json.hpp(4257,18): warning: enumeration type in nested name specifier is incompatible with C++98 [-Wc++98-compat]
[build]  4257 |             case value_t::binary:
[build]       |                  ^
[build] C:\Users\pperv\code\unnamed_rpg\vendor\json\include\nlohmann/json.hpp(4259,18): warning: enumeration type in nested name specifier is incompatible with C++98 [-Wc++98-compat]
[build]  4259 |             case value_t::discarded:
[build]       |                  ^
[build] C:\Users\pperv\code\unnamed_rpg\vendor\json\include\nlohmann/json.hpp(4261,18): warning: enumeration type in nested name specifier is incompatible with C++98 [-Wc++98-compat]
[build]  4261 |             case value_t::number_integer:
[build]       |                  ^
[build] C:\Users\pperv\code\unnamed_rpg\vendor\json\include\nlohmann/json.hpp(4262,18): warning: enumeration type in nested name specifier is incompatible with C++98 [-Wc++98-compat]
[build]  4262 |             case value_t::number_unsigned:
[build]       |                  ^
[build] C:\Users\pperv\code\unnamed_rpg\vendor\json\include\nlohmann/json.hpp(4263,18): warning: enumeration type in nested name specifier is incompatible with C++98 [-Wc++98-compat]
[build]  4263 |             case value_t::number_float:
[build]       |                  ^
[build] C:\Users\pperv\code\unnamed_rpg\vendor\json\include\nlohmann/json.hpp(4265,13): warning: default label in switch which covers all enumeration values [-Wcovered-switch-default]
[build]  4265 |             default:
[build]       |             ^
[build] In file included from C:\Users\pperv\code\unnamed_rpg\vendor\json-schema-validator\src\string-format-check.cpp:1:
[build] In file included from C:\Users\pperv\code\unnamed_rpg\vendor\json-schema-validator\src\nlohmann/json-schema.hpp:24:
[build] In file included from C:\Users\pperv\code\unnamed_rpg\vendor\json\include\nlohmann/json.hpp:44:
[build] In file included from C:\Users\pperv\code\unnamed_rpg\vendor\json\include\nlohmann/adl_serializer.hpp:14:
[build] In file included from C:\Users\pperv\code\unnamed_rpg\vendor\json\include\nlohmann/detail/conversions/from_json.hpp:24:
[build] C:\Users\pperv\code\unnamed_rpg\vendor\json\include\nlohmann/detail/exceptions.hpp(244,16): warning: generalized initializer lists are incompatible with C++98 [-Wc++98-compat]
[build]   244 |         return {id_, w.c_str()};
[build]       |                ^~~~~~~~~~~~~~~~
[build] C:\Users\pperv\code\unnamed_rpg\vendor\json\include\nlohmann/detail/exceptions.hpp(244,16): warning: constructor call from initializer list is incompatible with C++98 [-Wc++98-compat]
[build]   244 |         return {id_, w.c_str()};
[build]       |                ^~~~~~~~~~~~~~~~
[build] C:\Users\pperv\code\unnamed_rpg\vendor\json\include\nlohmann/detail/input/json_sax.hpp(819,24): note: in instantiation of function template specialization 'nlohmann::basic_json<>::erase<nlohmann::detail::iter_impl<nlohmann::basic_json<>>, 0>' requested here
[build]   819 |                 parent.erase(it);
[build]       |                        ^
[build] C:\Users\pperv\code\unnamed_rpg\vendor\json\include\nlohmann/detail/input/json_sax.hpp(874,21): note: in instantiation of member function 'nlohmann::detail::json_sax_dom_callback_parser<nlohmann::basic_json<>, nlohmann::detail::iterator_input_adapter<const char *>>::remove_discarded_value' requested here
[build]   874 |                     remove_discarded_value(*ref_stack.back());
[build]       |                     ^
[build] C:\Users\pperv\code\unnamed_rpg\vendor\json\include\nlohmann/detail/input/json_sax.hpp(551,20): note: in instantiation of function template specialization 'nlohmann::detail::json_sax_dom_callback_parser<nlohmann::basic_json<>, nlohmann::detail::iterator_input_adapter<const char *>>::handle_value<nlohmann::detail::value_t>' requested here
[build]   551 |         auto val = handle_value(BasicJsonType::value_t::object, true);
[build]       |                    ^
[build] C:\Users\pperv\code\unnamed_rpg\vendor\json\include\nlohmann/detail/input/parser.hpp(199,56): note: in instantiation of member function 'nlohmann::detail::json_sax_dom_callback_parser<nlohmann::basic_json<>, nlohmann::detail::iterator_input_adapter<const char *>>::start_object' requested here
[build]   199 |                         if (JSON_HEDLEY_UNLIKELY(!sax->start_object(detail::unknown_size())))
[build]       |                                                        ^
[build] C:\Users\pperv\code\unnamed_rpg\vendor\json\include\nlohmann/thirdparty/hedley/hedley.hpp(1360,94): note: expanded from macro 'JSON_HEDLEY_UNLIKELY'
[build]  1360 | #  define JSON_HEDLEY_UNLIKELY(expr)                    __builtin_expect                 (!!(expr),    0                  )
[build]       |                                                                                              ^
[build] C:\Users\pperv\code\unnamed_rpg\vendor\json\include\nlohmann/detail/input/parser.hpp(100,13): note: in instantiation of function template specialization 'nlohmann::detail::parser<nlohmann::basic_json<>, nlohmann::detail::iterator_input_adapter<const char *>>::sax_parse_internal<nlohmann::detail::json_sax_dom_callback_parser<nlohmann::basic_json<>, nlohmann::detail::iterator_input_adapter<const char *>>>' requested here
[build]   100 |             sax_parse_internal(&sdp);
[build]       |             ^
[build] C:\Users\pperv\code\unnamed_rpg\vendor\json\include\nlohmann/json.hpp(4112,148): note: in instantiation of member function 'nlohmann::detail::parser<nlohmann::basic_json<>, nlohmann::detail::iterator_input_adapter<const char *>>::parse' requested here
[build]  4112 |         parser(detail::input_adapter(std::move(first), std::move(last)), std::move(cb), allow_exceptions, ignore_comments, ignore_trailing_commas).parse(true, result); // cppcheck-suppress[accessMoved]
[build]       |                                                                                                                                                    ^
[build] C:\Users\pperv\code\unnamed_rpg\vendor\json\include\nlohmann/json.hpp(5294,28): note: in instantiation of function template specialization 'nlohmann::basic_json<>::parse<const char *, const char *, 0>' requested here
[build]  5294 |     return nlohmann::json::parse(s, s + n);
[build]       |                            ^
[build] In file included from C:\Users\pperv\code\unnamed_rpg\vendor\json-schema-validator\src\string-format-check.cpp:1:
[build] In file included from C:\Users\pperv\code\unnamed_rpg\vendor\json-schema-validator\src\nlohmann/json-schema.hpp:24:
[build] In file included from C:\Users\pperv\code\unnamed_rpg\vendor\json\include\nlohmann/json.hpp:44:
[build] In file included from C:\Users\pperv\code\unnamed_rpg\vendor\json\include\nlohmann/adl_serializer.hpp:14:
[build] In file included from C:\Users\pperv\code\unnamed_rpg\vendor\json\include\nlohmann/detail/conversions/from_json.hpp:24:
[build] C:\Users\pperv\code\unnamed_rpg\vendor\json\include\nlohmann/detail/exceptions.hpp(244,16): warning: constructor call from initializer list is incompatible with C++98 [-Wc++98-compat]
[build]   244 |         return {id_, w.c_str()};
[build]       |                ^~~~~~~~~~~~~~~~
[build] C:\Users\pperv\code\unnamed_rpg\vendor\json\include\nlohmann/json.hpp(2559,40): note: in instantiation of function template specialization 'nlohmann::detail::type_error::create<nlohmann::basic_json<> *, 0>' requested here
[build]  2559 |                 JSON_THROW(type_error::create(307, detail::concat("cannot use erase() with ", type_name()), this));
[build]       |                                        ^
[build] C:\Users\pperv\code\unnamed_rpg\vendor\json\include\nlohmann/detail/macro_scope.hpp(198,41): note: expanded from macro 'JSON_THROW'
[build]   198 |     #define JSON_THROW(exception) throw exception
[build]       |                                         ^
[build] C:\Users\pperv\code\unnamed_rpg\vendor\json\include\nlohmann/detail/input/json_sax.hpp(819,24): note: in instantiation of function template specialization 'nlohmann::basic_json<>::erase<nlohmann::detail::iter_impl<nlohmann::basic_json<>>, 0>' requested here
[build]   819 |                 parent.erase(it);
[build]       |                        ^
[build] C:\Users\pperv\code\unnamed_rpg\vendor\json\include\nlohmann/detail/input/json_sax.hpp(874,21): note: in instantiation of member function 'nlohmann::detail::json_sax_dom_callback_parser<nlohmann::basic_json<>, nlohmann::detail::iterator_input_adapter<const char *>>::remove_discarded_value' requested here
[build]   874 |                     remove_discarded_value(*ref_stack.back());
[build]       |                     ^
[build] C:\Users\pperv\code\unnamed_rpg\vendor\json\include\nlohmann/detail/input/json_sax.hpp(551,20): note: in instantiation of function template specialization 'nlohmann::detail::json_sax_dom_callback_parser<nlohmann::basic_json<>, nlohmann::detail::iterator_input_adapter<const char *>>::handle_value<nlohmann::detail::value_t>' requested here
[build]   551 |         auto val = handle_value(BasicJsonType::value_t::object, true);
[build]       |                    ^
[build] C:\Users\pperv\code\unnamed_rpg\vendor\json\include\nlohmann/detail/input/parser.hpp(199,56): note: in instantiation of member function 'nlohmann::detail::json_sax_dom_callback_parser<nlohmann::basic_json<>, nlohmann::detail::iterator_input_adapter<const char *>>::start_object' requested here
[build]   199 |                         if (JSON_HEDLEY_UNLIKELY(!sax->start_object(detail::unknown_size())))
[build]       |                                                        ^
[build] C:\Users\pperv\code\unnamed_rpg\vendor\json\include\nlohmann/thirdparty/hedley/hedley.hpp(1360,94): note: expanded from macro 'JSON_HEDLEY_UNLIKELY'
[build]  1360 | #  define JSON_HEDLEY_UNLIKELY(expr)                    __builtin_expect                 (!!(expr),    0                  )
[build]       |                                                                                              ^
[build] C:\Users\pperv\code\unnamed_rpg\vendor\json\include\nlohmann/detail/input/parser.hpp(100,13): note: in instantiation of function template specialization 'nlohmann::detail::parser<nlohmann::basic_json<>, nlohmann::detail::iterator_input_adapter<const char *>>::sax_parse_internal<nlohmann::detail::json_sax_dom_callback_parser<nlohmann::basic_json<>, nlohmann::detail::iterator_input_adapter<const char *>>>' requested here
[build]   100 |             sax_parse_internal(&sdp);
[build]       |             ^
[build] C:\Users\pperv\code\unnamed_rpg\vendor\json\include\nlohmann/json.hpp(4112,148): note: in instantiation of member function 'nlohmann::detail::parser<nlohmann::basic_json<>, nlohmann::detail::iterator_input_adapter<const char *>>::parse' requested here
[build]  4112 |         parser(detail::input_adapter(std::move(first), std::move(last)), std::move(cb), allow_exceptions, ignore_comments, ignore_trailing_commas).parse(true, result); // cppcheck-suppress[accessMoved]
[build]       |                                                                                                                                                    ^
[build] C:\Users\pperv\code\unnamed_rpg\vendor\json\include\nlohmann/json.hpp(5294,28): note: in instantiation of function template specialization 'nlohmann::basic_json<>::parse<const char *, const char *, 0>' requested here
[build]  5294 |     return nlohmann::json::parse(s, s + n);
[build]       |                            ^
[build] C:\Users\pperv\code\unnamed_rpg\vendor\json\include\nlohmann/json.hpp(3059,18): warning: enumeration type in nested name specifier is incompatible with C++98 [-Wc++98-compat]
[build]  3059 |             case value_t::array:
[build]       |                  ^
[build] C:\Users\pperv\code\unnamed_rpg\vendor\json\include\nlohmann/detail/input/json_sax.hpp(569,95): note: in instantiation of member function 'nlohmann::basic_json<>::max_size' requested here
[build]   569 |             if (JSON_HEDLEY_UNLIKELY(len != detail::unknown_size() && len > ref_stack.back()->max_size()))
[build]       |                                                                                               ^
[build] C:\Users\pperv\code\unnamed_rpg\vendor\json\include\nlohmann/thirdparty/hedley/hedley.hpp(1360,94): note: expanded from macro 'JSON_HEDLEY_UNLIKELY'
[build]  1360 | #  define JSON_HEDLEY_UNLIKELY(expr)                    __builtin_expect                 (!!(expr),    0                  )
[build]       |                                                                                              ^
[build] C:\Users\pperv\code\unnamed_rpg\vendor\json\include\nlohmann/detail/input/parser.hpp(199,56): note: in instantiation of member function 'nlohmann::detail::json_sax_dom_callback_parser<nlohmann::basic_json<>, nlohmann::detail::iterator_input_adapter<const char *>>::start_object' requested here
[build]   199 |                         if (JSON_HEDLEY_UNLIKELY(!sax->start_object(detail::unknown_size())))
[build]       |                                                        ^
[build] C:\Users\pperv\code\unnamed_rpg\vendor\json\include\nlohmann/thirdparty/hedley/hedley.hpp(1360,94): note: expanded from macro 'JSON_HEDLEY_UNLIKELY'
[build]  1360 | #  define JSON_HEDLEY_UNLIKELY(expr)                    __builtin_expect                 (!!(expr),    0                  )
[build]       |                                                                                              ^
[build] C:\Users\pperv\code\unnamed_rpg\vendor\json\include\nlohmann/detail/input/parser.hpp(100,13): note: in instantiation of function template specialization 'nlohmann::detail::parser<nlohmann::basic_json<>, nlohmann::detail::iterator_input_adapter<const char *>>::sax_parse_internal<nlohmann::detail::json_sax_dom_callback_parser<nlohmann::basic_json<>, nlohmann::detail::iterator_input_adapter<const char *>>>' requested here
[build]   100 |             sax_parse_internal(&sdp);
[build]       |             ^
[build] C:\Users\pperv\code\unnamed_rpg\vendor\json\include\nlohmann/json.hpp(4112,148): note: in instantiation of member function 'nlohmann::detail::parser<nlohmann::basic_json<>, nlohmann::detail::iterator_input_adapter<const char *>>::parse' requested here
[build]  4112 |         parser(detail::input_adapter(std::move(first), std::move(last)), std::move(cb), allow_exceptions, ignore_comments, ignore_trailing_commas).parse(true, result); // cppcheck-suppress[accessMoved]
[build]       |                                                                                                                                                    ^
[build] C:\Users\pperv\code\unnamed_rpg\vendor\json\include\nlohmann/json.hpp(5294,28): note: in instantiation of function template specialization 'nlohmann::basic_json<>::parse<const char *, const char *, 0>' requested here
[build]  5294 |     return nlohmann::json::parse(s, s + n);
[build]       |                            ^
[build] C:\Users\pperv\code\unnamed_rpg\vendor\json\include\nlohmann/json.hpp(3065,18): warning: enumeration type in nested name specifier is incompatible with C++98 [-Wc++98-compat]
[build]  3065 |             case value_t::object:
[build]       |                  ^
[build] C:\Users\pperv\code\unnamed_rpg\vendor\json\include\nlohmann/json.hpp(3071,18): warning: enumeration type in nested name specifier is incompatible with C++98 [-Wc++98-compat]
[build]  3071 |             case value_t::null:
[build]       |                  ^
[build] C:\Users\pperv\code\unnamed_rpg\vendor\json\include\nlohmann/json.hpp(3072,18): warning: enumeration type in nested name specifier is incompatible with C++98 [-Wc++98-compat]
[build]  3072 |             case value_t::string:
[build]       |                  ^
[build] C:\Users\pperv\code\unnamed_rpg\vendor\json\include\nlohmann/json.hpp(3073,18): warning: enumeration type in nested name specifier is incompatible with C++98 [-Wc++98-compat]
[build]  3073 |             case value_t::boolean:
[build]       |                  ^
[build] C:\Users\pperv\code\unnamed_rpg\vendor\json\include\nlohmann/json.hpp(3074,18): warning: enumeration type in nested name specifier is incompatible with C++98 [-Wc++98-compat]
[build]  3074 |             case value_t::number_integer:
[build]       |                  ^
[build] C:\Users\pperv\code\unnamed_rpg\vendor\json\include\nlohmann/json.hpp(3075,18): warning: enumeration type in nested name specifier is incompatible with C++98 [-Wc++98-compat]
[build]  3075 |             case value_t::number_unsigned:
[build]       |                  ^
[build] C:\Users\pperv\code\unnamed_rpg\vendor\json\include\nlohmann/json.hpp(3076,18): warning: enumeration type in nested name specifier is incompatible with C++98 [-Wc++98-compat]
[build]  3076 |             case value_t::number_float:
[build]       |                  ^
[build] C:\Users\pperv\code\unnamed_rpg\vendor\json\include\nlohmann/json.hpp(3077,18): warning: enumeration type in nested name specifier is incompatible with C++98 [-Wc++98-compat]
[build]  3077 |             case value_t::binary:
[build]       |                  ^
[build] C:\Users\pperv\code\unnamed_rpg\vendor\json\include\nlohmann/json.hpp(3078,18): warning: enumeration type in nested name specifier is incompatible with C++98 [-Wc++98-compat]
[build]  3078 |             case value_t::discarded:
[build]       |                  ^
[build] C:\Users\pperv\code\unnamed_rpg\vendor\json\include\nlohmann/json.hpp(3079,13): warning: default label in switch which covers all enumeration values [-Wcovered-switch-default]
[build]  3079 |             default:
[build]       |             ^
[build] C:\Users\pperv\code\unnamed_rpg\vendor\json\include\nlohmann/json.hpp(3020,18): warning: enumeration type in nested name specifier is incompatible with C++98 [-Wc++98-compat]
[build]  3020 |             case value_t::null:
[build]       |                  ^
[build] C:\Users\pperv\code\unnamed_rpg\vendor\json\include\nlohmann/json.hpp(3082,24): note: in instantiation of member function 'nlohmann::basic_json<>::size' requested here
[build]  3082 |                 return size();
[build]       |                        ^
[build] C:\Users\pperv\code\unnamed_rpg\vendor\json\include\nlohmann/detail/input/json_sax.hpp(569,95): note: in instantiation of member function 'nlohmann::basic_json<>::max_size' requested here
[build]   569 |             if (JSON_HEDLEY_UNLIKELY(len != detail::unknown_size() && len > ref_stack.back()->max_size()))
[build]       |                                                                                               ^
[build] C:\Users\pperv\code\unnamed_rpg\vendor\json\include\nlohmann/thirdparty/hedley/hedley.hpp(1360,94): note: expanded from macro 'JSON_HEDLEY_UNLIKELY'
[build]  1360 | #  define JSON_HEDLEY_UNLIKELY(expr)                    __builtin_expect                 (!!(expr),    0                  )
[build]       |                                                                                              ^
[build] C:\Users\pperv\code\unnamed_rpg\vendor\json\include\nlohmann/detail/input/parser.hpp(199,56): note: in instantiation of member function 'nlohmann::detail::json_sax_dom_callback_parser<nlohmann::basic_json<>, nlohmann::detail::iterator_input_adapter<const char *>>::start_object' requested here
[build]   199 |                         if (JSON_HEDLEY_UNLIKELY(!sax->start_object(detail::unknown_size())))
[build]       |                                                        ^
[build] C:\Users\pperv\code\unnamed_rpg\vendor\json\include\nlohmann/thirdparty/hedley/hedley.hpp(1360,94): note: expanded from macro 'JSON_HEDLEY_UNLIKELY'
[build]  1360 | #  define JSON_HEDLEY_UNLIKELY(expr)                    __builtin_expect                 (!!(expr),    0                  )
[build]       |                                                                                              ^
[build] C:\Users\pperv\code\unnamed_rpg\vendor\json\include\nlohmann/detail/input/parser.hpp(100,13): note: in instantiation of function template specialization 'nlohmann::detail::parser<nlohmann::basic_json<>, nlohmann::detail::iterator_input_adapter<const char *>>::sax_parse_internal<nlohmann::detail::json_sax_dom_callback_parser<nlohmann::basic_json<>, nlohmann::detail::iterator_input_adapter<const char *>>>' requested here
[build]   100 |             sax_parse_internal(&sdp);
[build]       |             ^
[build] C:\Users\pperv\code\unnamed_rpg\vendor\json\include\nlohmann/json.hpp(4112,148): note: in instantiation of member function 'nlohmann::detail::parser<nlohmann::basic_json<>, nlohmann::detail::iterator_input_adapter<const char *>>::parse' requested here
[build]  4112 |         parser(detail::input_adapter(std::move(first), std::move(last)), std::move(cb), allow_exceptions, ignore_comments, ignore_trailing_commas).parse(true, result); // cppcheck-suppress[accessMoved]
[build]       |                                                                                                                                                    ^
[build] C:\Users\pperv\code\unnamed_rpg\vendor\json\include\nlohmann/json.hpp(5294,28): note: in instantiation of function template specialization 'nlohmann::basic_json<>::parse<const char *, const char *, 0>' requested here
[build]  5294 |     return nlohmann::json::parse(s, s + n);
[build]       |                            ^
[build] C:\Users\pperv\code\unnamed_rpg\vendor\json\include\nlohmann/json.hpp(3026,18): warning: enumeration type in nested name specifier is incompatible with C++98 [-Wc++98-compat]
[build]  3026 |             case value_t::array:
[build]       |                  ^
[build] C:\Users\pperv\code\unnamed_rpg\vendor\json\include\nlohmann/json.hpp(3032,18): warning: enumeration type in nested name specifier is incompatible with C++98 [-Wc++98-compat]
[build]  3032 |             case value_t::object:
[build]       |                  ^
[build] C:\Users\pperv\code\unnamed_rpg\vendor\json\include\nlohmann/json.hpp(3038,18): warning: enumeration type in nested name specifier is incompatible with C++98 [-Wc++98-compat]
[build]  3038 |             case value_t::string:
[build]       |                  ^
[build] C:\Users\pperv\code\unnamed_rpg\vendor\json\include\nlohmann/json.hpp(3039,18): warning: enumeration type in nested name specifier is incompatible with C++98 [-Wc++98-compat]
[build]  3039 |             case value_t::boolean:
[build]       |                  ^
[build] C:\Users\pperv\code\unnamed_rpg\vendor\json\include\nlohmann/json.hpp(3040,18): warning: enumeration type in nested name specifier is incompatible with C++98 [-Wc++98-compat]
[build]  3040 |             case value_t::number_integer:
[build]       |                  ^
[build] C:\Users\pperv\code\unnamed_rpg\vendor\json\include\nlohmann/json.hpp(3041,18): warning: enumeration type in nested name specifier is incompatible with C++98 [-Wc++98-compat]
[build]  3041 |             case value_t::number_unsigned:
[build]       |                  ^
[build] C:\Users\pperv\code\unnamed_rpg\vendor\json\include\nlohmann/json.hpp(3042,18): warning: enumeration type in nested name specifier is incompatible with C++98 [-Wc++98-compat]
[build]  3042 |             case value_t::number_float:
[build]       |                  ^
[build] C:\Users\pperv\code\unnamed_rpg\vendor\json\include\nlohmann/json.hpp(3043,18): warning: enumeration type in nested name specifier is incompatible with C++98 [-Wc++98-compat]
[build]  3043 |             case value_t::binary:
[build]       |                  ^
[build] C:\Users\pperv\code\unnamed_rpg\vendor\json\include\nlohmann/json.hpp(3044,18): warning: enumeration type in nested name specifier is incompatible with C++98 [-Wc++98-compat]
[build]  3044 |             case value_t::discarded:
[build]       |                  ^
[build] C:\Users\pperv\code\unnamed_rpg\vendor\json\include\nlohmann/json.hpp(3045,13): warning: default label in switch which covers all enumeration values [-Wcovered-switch-default]
[build]  3045 |             default:
[build]       |             ^
[build] In file included from C:\Users\pperv\code\unnamed_rpg\vendor\json-schema-validator\src\string-format-check.cpp:1:
[build] In file included from C:\Users\pperv\code\unnamed_rpg\vendor\json-schema-validator\src\nlohmann/json-schema.hpp:24:
[build] In file included from C:\Users\pperv\code\unnamed_rpg\vendor\json\include\nlohmann/json.hpp:44:
[build] In file included from C:\Users\pperv\code\unnamed_rpg\vendor\json\include\nlohmann/adl_serializer.hpp:14:
[build] In file included from C:\Users\pperv\code\unnamed_rpg\vendor\json\include\nlohmann/detail/conversions/from_json.hpp:24:
[build] C:\Users\pperv\code\unnamed_rpg\vendor\json\include\nlohmann/detail/exceptions.hpp(261,16): warning: generalized initializer lists are incompatible with C++98 [-Wc++98-compat]
[build]   261 |         return {id_, w.c_str()};
[build]       |                ^~~~~~~~~~~~~~~~
[build] C:\Users\pperv\code\unnamed_rpg\vendor\json\include\nlohmann/detail/exceptions.hpp(261,16): warning: constructor call from initializer list is incompatible with C++98 [-Wc++98-compat]
[build]   261 |         return {id_, w.c_str()};
[build]       |                ^~~~~~~~~~~~~~~~
[build] C:\Users\pperv\code\unnamed_rpg\vendor\json\include\nlohmann/detail/input/parser.hpp(199,56): note: in instantiation of member function 'nlohmann::detail::json_sax_dom_callback_parser<nlohmann::basic_json<>, nlohmann::detail::iterator_input_adapter<const char *>>::start_object' requested here
[build]   199 |                         if (JSON_HEDLEY_UNLIKELY(!sax->start_object(detail::unknown_size())))
[build]       |                                                        ^
[build] C:\Users\pperv\code\unnamed_rpg\vendor\json\include\nlohmann/thirdparty/hedley/hedley.hpp(1360,94): note: expanded from macro 'JSON_HEDLEY_UNLIKELY'
[build]  1360 | #  define JSON_HEDLEY_UNLIKELY(expr)                    __builtin_expect                 (!!(expr),    0                  )
[build]       |                                                                                              ^
[build] C:\Users\pperv\code\unnamed_rpg\vendor\json\include\nlohmann/detail/input/parser.hpp(100,13): note: in instantiation of function template specialization 'nlohmann::detail::parser<nlohmann::basic_json<>, nlohmann::detail::iterator_input_adapter<const char *>>::sax_parse_internal<nlohmann::detail::json_sax_dom_callback_parser<nlohmann::basic_json<>, nlohmann::detail::iterator_input_adapter<const char *>>>' requested here
[build]   100 |             sax_parse_internal(&sdp);
[build]       |             ^
[build] C:\Users\pperv\code\unnamed_rpg\vendor\json\include\nlohmann/json.hpp(4112,148): note: in instantiation of member function 'nlohmann::detail::parser<nlohmann::basic_json<>, nlohmann::detail::iterator_input_adapter<const char *>>::parse' requested here
[build]  4112 |         parser(detail::input_adapter(std::move(first), std::move(last)), std::move(cb), allow_exceptions, ignore_comments, ignore_trailing_commas).parse(true, result); // cppcheck-suppress[accessMoved]
[build]       |                                                                                                                                                    ^
[build] C:\Users\pperv\code\unnamed_rpg\vendor\json\include\nlohmann/json.hpp(5294,28): note: in instantiation of function template specialization 'nlohmann::basic_json<>::parse<const char *, const char *, 0>' requested here
[build]  5294 |     return nlohmann::json::parse(s, s + n);
[build]       |                            ^
[build] In file included from C:\Users\pperv\code\unnamed_rpg\vendor\json-schema-validator\src\string-format-check.cpp:1:
[build] In file included from C:\Users\pperv\code\unnamed_rpg\vendor\json-schema-validator\src\nlohmann/json-schema.hpp:24:
[build] In file included from C:\Users\pperv\code\unnamed_rpg\vendor\json\include\nlohmann/json.hpp:44:
[build] In file included from C:\Users\pperv\code\unnamed_rpg\vendor\json\include\nlohmann/adl_serializer.hpp:14:
[build] In file included from C:\Users\pperv\code\unnamed_rpg\vendor\json\include\nlohmann/detail/conversions/from_json.hpp:24:
[build] C:\Users\pperv\code\unnamed_rpg\vendor\json\include\nlohmann/detail/exceptions.hpp(261,16): warning: constructor call from initializer list is incompatible with C++98 [-Wc++98-compat]
[build]   261 |         return {id_, w.c_str()};
[build]       |                ^~~~~~~~~~~~~~~~
[build] C:\Users\pperv\code\unnamed_rpg\vendor\json\include\nlohmann/detail/input/json_sax.hpp(571,42): note: in instantiation of function template specialization 'nlohmann::detail::out_of_range::create<nlohmann::basic_json<> *, 0>' requested here
[build]   571 |                 JSON_THROW(out_of_range::create(408, concat("excessive object size: ", std::to_string(len)), ref_stack.back()));
[build]       |                                          ^
[build] C:\Users\pperv\code\unnamed_rpg\vendor\json\include\nlohmann/detail/macro_scope.hpp(198,41): note: expanded from macro 'JSON_THROW'
[build]   198 |     #define JSON_THROW(exception) throw exception
[build]       |                                         ^
[build] C:\Users\pperv\code\unnamed_rpg\vendor\json\include\nlohmann/detail/input/parser.hpp(199,56): note: in instantiation of member function 'nlohmann::detail::json_sax_dom_callback_parser<nlohmann::basic_json<>, nlohmann::detail::iterator_input_adapter<const char *>>::start_object' requested here
[build]   199 |                         if (JSON_HEDLEY_UNLIKELY(!sax->start_object(detail::unknown_size())))
[build]       |                                                        ^
[build] C:\Users\pperv\code\unnamed_rpg\vendor\json\include\nlohmann/thirdparty/hedley/hedley.hpp(1360,94): note: expanded from macro 'JSON_HEDLEY_UNLIKELY'
[build]  1360 | #  define JSON_HEDLEY_UNLIKELY(expr)                    __builtin_expect                 (!!(expr),    0                  )
[build]       |                                                                                              ^
[build] C:\Users\pperv\code\unnamed_rpg\vendor\json\include\nlohmann/detail/input/parser.hpp(100,13): note: in instantiation of function template specialization 'nlohmann::detail::parser<nlohmann::basic_json<>, nlohmann::detail::iterator_input_adapter<const char *>>::sax_parse_internal<nlohmann::detail::json_sax_dom_callback_parser<nlohmann::basic_json<>, nlohmann::detail::iterator_input_adapter<const char *>>>' requested here
[build]   100 |             sax_parse_internal(&sdp);
[build]       |             ^
[build] C:\Users\pperv\code\unnamed_rpg\vendor\json\include\nlohmann/json.hpp(4112,148): note: in instantiation of member function 'nlohmann::detail::parser<nlohmann::basic_json<>, nlohmann::detail::iterator_input_adapter<const char *>>::parse' requested here
[build]  4112 |         parser(detail::input_adapter(std::move(first), std::move(last)), std::move(cb), allow_exceptions, ignore_comments, ignore_trailing_commas).parse(true, result); // cppcheck-suppress[accessMoved]
[build]       |                                                                                                                                                    ^
[build] C:\Users\pperv\code\unnamed_rpg\vendor\json\include\nlohmann/json.hpp(5294,28): note: in instantiation of function template specialization 'nlohmann::basic_json<>::parse<const char *, const char *, 0>' requested here
[build]  5294 |     return nlohmann::json::parse(s, s + n);
[build]       |                            ^
[build] In file included from C:\Users\pperv\code\unnamed_rpg\vendor\json-schema-validator\src\string-format-check.cpp:1:
[build] In file included from C:\Users\pperv\code\unnamed_rpg\vendor\json-schema-validator\src\nlohmann/json-schema.hpp:24:
[build] In file included from C:\Users\pperv\code\unnamed_rpg\vendor\json\include\nlohmann/json.hpp:50:
[build] In file included from C:\Users\pperv\code\unnamed_rpg\vendor\json\include\nlohmann/detail/input/binary_reader.hpp:29:
[build] C:\Users\pperv\code\unnamed_rpg\vendor\json\include\nlohmann/detail/input/json_sax.hpp(598,67): warning: enumeration type in nested name specifier is incompatible with C++98 [-Wc++98-compat]
[build]   598 |             if (!callback(static_cast<int>(ref_stack.size()) - 1, parse_event_t::object_end, *ref_stack.back()))
[build]       |                                                                   ^
[build] C:\Users\pperv\code\unnamed_rpg\vendor\json\include\nlohmann/detail/input/parser.hpp(207,60): note: in instantiation of member function 'nlohmann::detail::json_sax_dom_callback_parser<nlohmann::basic_json<>, nlohmann::detail::iterator_input_adapter<const char *>>::end_object' requested here
[build]   207 |                             if (JSON_HEDLEY_UNLIKELY(!sax->end_object()))
[build]       |                                                            ^
[build] C:\Users\pperv\code\unnamed_rpg\vendor\json\include\nlohmann/thirdparty/hedley/hedley.hpp(1360,94): note: expanded from macro 'JSON_HEDLEY_UNLIKELY'
[build]  1360 | #  define JSON_HEDLEY_UNLIKELY(expr)                    __builtin_expect                 (!!(expr),    0                  )
[build]       |                                                                                              ^
[build] C:\Users\pperv\code\unnamed_rpg\vendor\json\include\nlohmann/detail/input/parser.hpp(100,13): note: in instantiation of function template specialization 'nlohmann::detail::parser<nlohmann::basic_json<>, nlohmann::detail::iterator_input_adapter<const char *>>::sax_parse_internal<nlohmann::detail::json_sax_dom_callback_parser<nlohmann::basic_json<>, nlohmann::detail::iterator_input_adapter<const char *>>>' requested here
[build]   100 |             sax_parse_internal(&sdp);
[build]       |             ^
[build] C:\Users\pperv\code\unnamed_rpg\vendor\json\include\nlohmann/json.hpp(4112,148): note: in instantiation of member function 'nlohmann::detail::parser<nlohmann::basic_json<>, nlohmann::detail::iterator_input_adapter<const char *>>::parse' requested here
[build]  4112 |         parser(detail::input_adapter(std::move(first), std::move(last)), std::move(cb), allow_exceptions, ignore_comments, ignore_trailing_commas).parse(true, result); // cppcheck-suppress[accessMoved]
[build]       |                                                                                                                                                    ^
[build] C:\Users\pperv\code\unnamed_rpg\vendor\json\include\nlohmann/json.hpp(5294,28): note: in instantiation of function template specialization 'nlohmann::basic_json<>::parse<const char *, const char *, 0>' requested here
[build]  5294 |     return nlohmann::json::parse(s, s + n);
[build]       |                            ^
[build] C:\Users\pperv\code\unnamed_rpg\vendor\json\include\nlohmann/json.hpp(4306,19): warning: constructor call from initializer list is incompatible with C++98 [-Wc++98-compat]
[build]  4306 |     data m_data = {}; // NOLINT(readability-redundant-member-init)
[build]       |                   ^~
[build] C:\Users\pperv\code\unnamed_rpg\vendor\json\include\nlohmann/json.hpp(1192,5): note: in instantiation of default member initializer 'nlohmann::basic_json<>::m_data' requested here
[build]  1192 |     basic_json(const basic_json& other)
[build]       |     ^
[build] C:\Users\pperv\code\unnamed_rpg\vendor\json\include\nlohmann/detail/input/json_sax.hpp(601,37): note: in instantiation of member function 'nlohmann::basic_json<>::basic_json' requested here
[build]   601 |                 *ref_stack.back() = discarded;
[build]       |                                     ^
[build] C:\Users\pperv\code\unnamed_rpg\vendor\json\include\nlohmann/detail/input/parser.hpp(207,60): note: in instantiation of member function 'nlohmann::detail::json_sax_dom_callback_parser<nlohmann::basic_json<>, nlohmann::detail::iterator_input_adapter<const char *>>::end_object' requested here
[build]   207 |                             if (JSON_HEDLEY_UNLIKELY(!sax->end_object()))
[build]       |                                                            ^
[build] C:\Users\pperv\code\unnamed_rpg\vendor\json\include\nlohmann/thirdparty/hedley/hedley.hpp(1360,94): note: expanded from macro 'JSON_HEDLEY_UNLIKELY'
[build]  1360 | #  define JSON_HEDLEY_UNLIKELY(expr)                    __builtin_expect                 (!!(expr),    0                  )
[build]       |                                                                                              ^
[build] C:\Users\pperv\code\unnamed_rpg\vendor\json\include\nlohmann/detail/input/parser.hpp(100,13): note: in instantiation of function template specialization 'nlohmann::detail::parser<nlohmann::basic_json<>, nlohmann::detail::iterator_input_adapter<const char *>>::sax_parse_internal<nlohmann::detail::json_sax_dom_callback_parser<nlohmann::basic_json<>, nlohmann::detail::iterator_input_adapter<const char *>>>' requested here
[build]   100 |             sax_parse_internal(&sdp);
[build]       |             ^
[build] C:\Users\pperv\code\unnamed_rpg\vendor\json\include\nlohmann/json.hpp(4112,148): note: in instantiation of member function 'nlohmann::detail::parser<nlohmann::basic_json<>, nlohmann::detail::iterator_input_adapter<const char *>>::parse' requested here
[build]  4112 |         parser(detail::input_adapter(std::move(first), std::move(last)), std::move(cb), allow_exceptions, ignore_comments, ignore_trailing_commas).parse(true, result); // cppcheck-suppress[accessMoved]
[build]       |                                                                                                                                                    ^
[build] C:\Users\pperv\code\unnamed_rpg\vendor\json\include\nlohmann/json.hpp(5294,28): note: in instantiation of function template specialization 'nlohmann::basic_json<>::parse<const char *, const char *, 0>' requested here
[build]  5294 |     return nlohmann::json::parse(s, s + n);
[build]       |                            ^
[build] C:\Users\pperv\code\unnamed_rpg\vendor\json\include\nlohmann/json.hpp(4278,26): warning: enumeration type in nested name specifier is incompatible with C++98 [-Wc++98-compat]
[build]  4278 |         value_t m_type = value_t::null;
[build]       |                          ^
[build] C:\Users\pperv\code\unnamed_rpg\vendor\json\include\nlohmann/json.hpp(4294,9): note: in instantiation of default member initializer 'nlohmann::basic_json<>::data::m_type' requested here
[build]  4294 |         data() noexcept = default;
[build]       |         ^
[build] C:\Users\pperv\code\unnamed_rpg\vendor\json\include\nlohmann/json.hpp(4306,19): note: in defaulted default constructor for 'nlohmann::basic_json<>::data' first required here
[build]  4306 |     data m_data = {}; // NOLINT(readability-redundant-member-init)
[build]       |                   ^
[build] C:\Users\pperv\code\unnamed_rpg\vendor\json\include\nlohmann/json.hpp(1192,5): note: in instantiation of default member initializer 'nlohmann::basic_json<>::m_data' requested here
[build]  1192 |     basic_json(const basic_json& other)
[build]       |     ^
[build] C:\Users\pperv\code\unnamed_rpg\vendor\json\include\nlohmann/detail/input/json_sax.hpp(601,37): note: in instantiation of member function 'nlohmann::basic_json<>::basic_json' requested here
[build]   601 |                 *ref_stack.back() = discarded;
[build]       |                                     ^
[build] C:\Users\pperv\code\unnamed_rpg\vendor\json\include\nlohmann/detail/input/parser.hpp(207,60): note: in instantiation of member function 'nlohmann::detail::json_sax_dom_callback_parser<nlohmann::basic_json<>, nlohmann::detail::iterator_input_adapter<const char *>>::end_object' requested here
[build]   207 |                             if (JSON_HEDLEY_UNLIKELY(!sax->end_object()))
[build]       |                                                            ^
[build] C:\Users\pperv\code\unnamed_rpg\vendor\json\include\nlohmann/thirdparty/hedley/hedley.hpp(1360,94): note: expanded from macro 'JSON_HEDLEY_UNLIKELY'
[build]  1360 | #  define JSON_HEDLEY_UNLIKELY(expr)                    __builtin_expect                 (!!(expr),    0                  )
[build]       |                                                                                              ^
[build] C:\Users\pperv\code\unnamed_rpg\vendor\json\include\nlohmann/detail/input/parser.hpp(100,13): note: in instantiation of function template specialization 'nlohmann::detail::parser<nlohmann::basic_json<>, nlohmann::detail::iterator_input_adapter<const char *>>::sax_parse_internal<nlohmann::detail::json_sax_dom_callback_parser<nlohmann::basic_json<>, nlohmann::detail::iterator_input_adapter<const char *>>>' requested here
[build]   100 |             sax_parse_internal(&sdp);
[build]       |             ^
[build] C:\Users\pperv\code\unnamed_rpg\vendor\json\include\nlohmann/json.hpp(4112,148): note: in instantiation of member function 'nlohmann::detail::parser<nlohmann::basic_json<>, nlohmann::detail::iterator_input_adapter<const char *>>::parse' requested here
[build]  4112 |         parser(detail::input_adapter(std::move(first), std::move(last)), std::move(cb), allow_exceptions, ignore_comments, ignore_trailing_commas).parse(true, result); // cppcheck-suppress[accessMoved]
[build]       |                                                                                                                                                    ^
[build] C:\Users\pperv\code\unnamed_rpg\vendor\json\include\nlohmann/json.hpp(5294,28): note: in instantiation of function template specialization 'nlohmann::basic_json<>::parse<const char *, const char *, 0>' requested here
[build]  5294 |     return nlohmann::json::parse(s, s + n);
[build]       |                            ^
[build] C:\Users\pperv\code\unnamed_rpg\vendor\json\include\nlohmann/json.hpp(4281,30): warning: constructor call from initializer list is incompatible with C++98 [-Wc++98-compat]
[build]  4281 |         json_value m_value = {};
[build]       |                              ^~
[build] C:\Users\pperv\code\unnamed_rpg\vendor\json\include\nlohmann/json.hpp(4294,9): note: in instantiation of default member initializer 'nlohmann::basic_json<>::data::m_value' requested here
[build]  4294 |         data() noexcept = default;
[build]       |         ^
[build] C:\Users\pperv\code\unnamed_rpg\vendor\json\include\nlohmann/json.hpp(4306,19): note: in defaulted default constructor for 'nlohmann::basic_json<>::data' first required here
[build]  4306 |     data m_data = {}; // NOLINT(readability-redundant-member-init)
[build]       |                   ^
[build] C:\Users\pperv\code\unnamed_rpg\vendor\json\include\nlohmann/json.hpp(1192,5): note: in instantiation of default member initializer 'nlohmann::basic_json<>::m_data' requested here
[build]  1192 |     basic_json(const basic_json& other)
[build]       |     ^
[build] C:\Users\pperv\code\unnamed_rpg\vendor\json\include\nlohmann/detail/input/json_sax.hpp(601,37): note: in instantiation of member function 'nlohmann::basic_json<>::basic_json' requested here
[build]   601 |                 *ref_stack.back() = discarded;
[build]       |                                     ^
[build] C:\Users\pperv\code\unnamed_rpg\vendor\json\include\nlohmann/detail/input/parser.hpp(207,60): note: in instantiation of member function 'nlohmann::detail::json_sax_dom_callback_parser<nlohmann::basic_json<>, nlohmann::detail::iterator_input_adapter<const char *>>::end_object' requested here
[build]   207 |                             if (JSON_HEDLEY_UNLIKELY(!sax->end_object()))
[build]       |                                                            ^
[build] C:\Users\pperv\code\unnamed_rpg\vendor\json\include\nlohmann/thirdparty/hedley/hedley.hpp(1360,94): note: expanded from macro 'JSON_HEDLEY_UNLIKELY'
[build]  1360 | #  define JSON_HEDLEY_UNLIKELY(expr)                    __builtin_expect                 (!!(expr),    0                  )
[build]       |                                                                                              ^
[build] C:\Users\pperv\code\unnamed_rpg\vendor\json\include\nlohmann/detail/input/parser.hpp(100,13): note: in instantiation of function template specialization 'nlohmann::detail::parser<nlohmann::basic_json<>, nlohmann::detail::iterator_input_adapter<const char *>>::sax_parse_internal<nlohmann::detail::json_sax_dom_callback_parser<nlohmann::basic_json<>, nlohmann::detail::iterator_input_adapter<const char *>>>' requested here
[build]   100 |             sax_parse_internal(&sdp);
[build]       |             ^
[build] C:\Users\pperv\code\unnamed_rpg\vendor\json\include\nlohmann/json.hpp(4112,148): note: in instantiation of member function 'nlohmann::detail::parser<nlohmann::basic_json<>, nlohmann::detail::iterator_input_adapter<const char *>>::parse' requested here
[build]  4112 |         parser(detail::input_adapter(std::move(first), std::move(last)), std::move(cb), allow_exceptions, ignore_comments, ignore_trailing_commas).parse(true, result); // cppcheck-suppress[accessMoved]
[build]       |                                                                                                                                                    ^
[build] C:\Users\pperv\code\unnamed_rpg\vendor\json\include\nlohmann/json.hpp(5294,28): note: in instantiation of function template specialization 'nlohmann::basic_json<>::parse<const char *, const char *, 0>' requested here
[build]  5294 |     return nlohmann::json::parse(s, s + n);
[build]       |                            ^
[build] C:\Users\pperv\code\unnamed_rpg\vendor\json\include\nlohmann/json.hpp(1205,18): warning: enumeration type in nested name specifier is incompatible with C++98 [-Wc++98-compat]
[build]  1205 |             case value_t::object:
[build]       |                  ^
[build] C:\Users\pperv\code\unnamed_rpg\vendor\json\include\nlohmann/detail/input/json_sax.hpp(601,37): note: in instantiation of member function 'nlohmann::basic_json<>::basic_json' requested here
[build]   601 |                 *ref_stack.back() = discarded;
[build]       |                                     ^
[build] C:\Users\pperv\code\unnamed_rpg\vendor\json\include\nlohmann/detail/input/parser.hpp(207,60): note: in instantiation of member function 'nlohmann::detail::json_sax_dom_callback_parser<nlohmann::basic_json<>, nlohmann::detail::iterator_input_adapter<const char *>>::end_object' requested here
[build]   207 |                             if (JSON_HEDLEY_UNLIKELY(!sax->end_object()))
[build]       |                                                            ^
[build] C:\Users\pperv\code\unnamed_rpg\vendor\json\include\nlohmann/thirdparty/hedley/hedley.hpp(1360,94): note: expanded from macro 'JSON_HEDLEY_UNLIKELY'
[build]  1360 | #  define JSON_HEDLEY_UNLIKELY(expr)                    __builtin_expect                 (!!(expr),    0                  )
[build]       |                                                                                              ^
[build] C:\Users\pperv\code\unnamed_rpg\vendor\json\include\nlohmann/detail/input/parser.hpp(100,13): note: in instantiation of function template specialization 'nlohmann::detail::parser<nlohmann::basic_json<>, nlohmann::detail::iterator_input_adapter<const char *>>::sax_parse_internal<nlohmann::detail::json_sax_dom_callback_parser<nlohmann::basic_json<>, nlohmann::detail::iterator_input_adapter<const char *>>>' requested here
[build]   100 |             sax_parse_internal(&sdp);
[build]       |             ^
[build] C:\Users\pperv\code\unnamed_rpg\vendor\json\include\nlohmann/json.hpp(4112,148): note: in instantiation of member function 'nlohmann::detail::parser<nlohmann::basic_json<>, nlohmann::detail::iterator_input_adapter<const char *>>::parse' requested here
[build]  4112 |         parser(detail::input_adapter(std::move(first), std::move(last)), std::move(cb), allow_exceptions, ignore_comments, ignore_trailing_commas).parse(true, result); // cppcheck-suppress[accessMoved]
[build]       |                                                                                                                                                    ^
[build] C:\Users\pperv\code\unnamed_rpg\vendor\json\include\nlohmann/json.hpp(5294,28): note: in instantiation of function template specialization 'nlohmann::basic_json<>::parse<const char *, const char *, 0>' requested here
[build]  5294 |     return nlohmann::json::parse(s, s + n);
[build]       |                            ^
[build] C:\Users\pperv\code\unnamed_rpg\vendor\json\include\nlohmann/json.hpp(1211,18): warning: enumeration type in nested name specifier is incompatible with C++98 [-Wc++98-compat]
[build]  1211 |             case value_t::array:
[build]       |                  ^
[build] C:\Users\pperv\code\unnamed_rpg\vendor\json\include\nlohmann/json.hpp(1217,18): warning: enumeration type in nested name specifier is incompatible with C++98 [-Wc++98-compat]
[build]  1217 |             case value_t::string:
[build]       |                  ^
[build] C:\Users\pperv\code\unnamed_rpg\vendor\json\include\nlohmann/json.hpp(1223,18): warning: enumeration type in nested name specifier is incompatible with C++98 [-Wc++98-compat]
[build]  1223 |             case value_t::boolean:
[build]       |                  ^
[build] C:\Users\pperv\code\unnamed_rpg\vendor\json\include\nlohmann/json.hpp(1229,18): warning: enumeration type in nested name specifier is incompatible with C++98 [-Wc++98-compat]
[build]  1229 |             case value_t::number_integer:
[build]       |                  ^
[build] C:\Users\pperv\code\unnamed_rpg\vendor\json\include\nlohmann/json.hpp(1235,18): warning: enumeration type in nested name specifier is incompatible with C++98 [-Wc++98-compat]
[build]  1235 |             case value_t::number_unsigned:
[build]       |                  ^
[build] C:\Users\pperv\code\unnamed_rpg\vendor\json\include\nlohmann/json.hpp(1241,18): warning: enumeration type in nested name specifier is incompatible with C++98 [-Wc++98-compat]
[build]  1241 |             case value_t::number_float:
[build]       |                  ^
[build] C:\Users\pperv\code\unnamed_rpg\vendor\json\include\nlohmann/json.hpp(1247,18): warning: enumeration type in nested name specifier is incompatible with C++98 [-Wc++98-compat]
[build]  1247 |             case value_t::binary:
[build]       |                  ^
[build] C:\Users\pperv\code\unnamed_rpg\vendor\json\include\nlohmann/json.hpp(1253,18): warning: enumeration type in nested name specifier is incompatible with C++98 [-Wc++98-compat]
[build]  1253 |             case value_t::null:
[build]       |                  ^
[build] C:\Users\pperv\code\unnamed_rpg\vendor\json\include\nlohmann/json.hpp(1254,18): warning: enumeration type in nested name specifier is incompatible with C++98 [-Wc++98-compat]
[build]  1254 |             case value_t::discarded:
[build]       |                  ^
[build] C:\Users\pperv\code\unnamed_rpg\vendor\json\include\nlohmann/json.hpp(1255,13): warning: default label in switch which covers all enumeration values [-Wcovered-switch-default]
[build]  1255 |             default:
[build]       |             ^
[build] C:\Users\pperv\code\unnamed_rpg\vendor\json\include\nlohmann/json.hpp(420,28): warning: local type '(lambda at C:\Users\pperv\code\unnamed_rpg\vendor\json\include\nlohmann\json.hpp:416:24)' as template argument is incompatible with C++98 [-Wc++98-compat-local-type-template-args]
[build]   420 |         std::unique_ptr<T, decltype(deleter)> obj(AllocatorTraits::allocate(alloc, 1), deleter);
[build]       |                            ^~~~~~~~~~~~~~~~~
[build] C:\Users\pperv\code\unnamed_rpg\vendor\json\include\nlohmann/json.hpp(564,52): note: in instantiation of function template specialization 'nlohmann::basic_json<>::create<std::map<std::basic_string<char>, nlohmann::basic_json<>, std::less<void>>, const std::map<std::basic_string<char>, nlohmann::basic_json<>, std::less<void>> &>' requested here
[build]   564 |         json_value(const object_t& value) : object(create<object_t>(value)) {}
[build]       |                                                    ^
[build] C:\Users\pperv\code\unnamed_rpg\vendor\json\include\nlohmann/json.hpp(1207,34): note: in instantiation of member function 'nlohmann::basic_json<>::json_value::json_value' requested here
[build]  1207 |                 m_data.m_value = *other.m_data.m_value.object;
[build]       |                                  ^
[build] C:\Users\pperv\code\unnamed_rpg\vendor\json\include\nlohmann/detail/input/json_sax.hpp(601,37): note: in instantiation of member function 'nlohmann::basic_json<>::basic_json' requested here
[build]   601 |                 *ref_stack.back() = discarded;
[build]       |                                     ^
[build] C:\Users\pperv\code\unnamed_rpg\vendor\json\include\nlohmann/detail/input/parser.hpp(207,60): note: in instantiation of member function 'nlohmann::detail::json_sax_dom_callback_parser<nlohmann::basic_json<>, nlohmann::detail::iterator_input_adapter<const char *>>::end_object' requested here
[build]   207 |                             if (JSON_HEDLEY_UNLIKELY(!sax->end_object()))
[build]       |                                                            ^
[build] C:\Users\pperv\code\unnamed_rpg\vendor\json\include\nlohmann/thirdparty/hedley/hedley.hpp(1360,94): note: expanded from macro 'JSON_HEDLEY_UNLIKELY'
[build]  1360 | #  define JSON_HEDLEY_UNLIKELY(expr)                    __builtin_expect                 (!!(expr),    0                  )
[build]       |                                                                                              ^
[build] C:\Users\pperv\code\unnamed_rpg\vendor\json\include\nlohmann/detail/input/parser.hpp(100,13): note: in instantiation of function template specialization 'nlohmann::detail::parser<nlohmann::basic_json<>, nlohmann::detail::iterator_input_adapter<const char *>>::sax_parse_internal<nlohmann::detail::json_sax_dom_callback_parser<nlohmann::basic_json<>, nlohmann::detail::iterator_input_adapter<const char *>>>' requested here
[build]   100 |             sax_parse_internal(&sdp);
[build]       |             ^
[build] C:\Users\pperv\code\unnamed_rpg\vendor\json\include\nlohmann/json.hpp(4112,148): note: in instantiation of member function 'nlohmann::detail::parser<nlohmann::basic_json<>, nlohmann::detail::iterator_input_adapter<const char *>>::parse' requested here
[build]  4112 |         parser(detail::input_adapter(std::move(first), std::move(last)), std::move(cb), allow_exceptions, ignore_comments, ignore_trailing_commas).parse(true, result); // cppcheck-suppress[accessMoved]
[build]       |                                                                                                                                                    ^
[build] C:\Users\pperv\code\unnamed_rpg\vendor\json\include\nlohmann/json.hpp(5294,28): note: in instantiation of function template specialization 'nlohmann::basic_json<>::parse<const char *, const char *, 0>' requested here
[build]  5294 |     return nlohmann::json::parse(s, s + n);
[build]       |                            ^
[build] C:\Users\pperv\code\unnamed_rpg\vendor\json\include\nlohmann/json.hpp(420,28): warning: local type '(lambda at C:\Users\pperv\code\unnamed_rpg\vendor\json\include\nlohmann\json.hpp:416:24)' as template argument is incompatible with C++98 [-Wc++98-compat-local-type-template-args]
[build]   420 |         std::unique_ptr<T, decltype(deleter)> obj(AllocatorTraits::allocate(alloc, 1), deleter);
[build]       |                            ^~~~~~~~~~~~~~~~~
[build] C:\Users\pperv\code\unnamed_rpg\vendor\json\include\nlohmann/json.hpp(570,50): note: in instantiation of function template specialization 'nlohmann::basic_json<>::create<std::vector<nlohmann::basic_json<>>, const std::vector<nlohmann::basic_json<>> &>' requested here
[build]   570 |         json_value(const array_t& value) : array(create<array_t>(value)) {}
[build]       |                                                  ^
[build] C:\Users\pperv\code\unnamed_rpg\vendor\json\include\nlohmann/json.hpp(1213,34): note: in instantiation of member function 'nlohmann::basic_json<>::json_value::json_value' requested here
[build]  1213 |                 m_data.m_value = *other.m_data.m_value.array;
[build]       |                                  ^
[build] C:\Users\pperv\code\unnamed_rpg\vendor\json\include\nlohmann/detail/input/json_sax.hpp(601,37): note: in instantiation of member function 'nlohmann::basic_json<>::basic_json' requested here
[build]   601 |                 *ref_stack.back() = discarded;
[build]       |                                     ^
[build] C:\Users\pperv\code\unnamed_rpg\vendor\json\include\nlohmann/detail/input/parser.hpp(207,60): note: in instantiation of member function 'nlohmann::detail::json_sax_dom_callback_parser<nlohmann::basic_json<>, nlohmann::detail::iterator_input_adapter<const char *>>::end_object' requested here
[build]   207 |                             if (JSON_HEDLEY_UNLIKELY(!sax->end_object()))
[build]       |                                                            ^
[build] C:\Users\pperv\code\unnamed_rpg\vendor\json\include\nlohmann/thirdparty/hedley/hedley.hpp(1360,94): note: expanded from macro 'JSON_HEDLEY_UNLIKELY'
[build]  1360 | #  define JSON_HEDLEY_UNLIKELY(expr)                    __builtin_expect                 (!!(expr),    0                  )
[build]       |                                                                                              ^
[build] C:\Users\pperv\code\unnamed_rpg\vendor\json\include\nlohmann/detail/input/parser.hpp(100,13): note: in instantiation of function template specialization 'nlohmann::detail::parser<nlohmann::basic_json<>, nlohmann::detail::iterator_input_adapter<const char *>>::sax_parse_internal<nlohmann::detail::json_sax_dom_callback_parser<nlohmann::basic_json<>, nlohmann::detail::iterator_input_adapter<const char *>>>' requested here
[build]   100 |             sax_parse_internal(&sdp);
[build]       |             ^
[build] C:\Users\pperv\code\unnamed_rpg\vendor\json\include\nlohmann/json.hpp(4112,148): note: in instantiation of member function 'nlohmann::detail::parser<nlohmann::basic_json<>, nlohmann::detail::iterator_input_adapter<const char *>>::parse' requested here
[build]  4112 |         parser(detail::input_adapter(std::move(first), std::move(last)), std::move(cb), allow_exceptions, ignore_comments, ignore_trailing_commas).parse(true, result); // cppcheck-suppress[accessMoved]
[build]       |                                                                                                                                                    ^
[build] C:\Users\pperv\code\unnamed_rpg\vendor\json\include\nlohmann/json.hpp(5294,28): note: in instantiation of function template specialization 'nlohmann::basic_json<>::parse<const char *, const char *, 0>' requested here
[build]  5294 |     return nlohmann::json::parse(s, s + n);
[build]       |                            ^
[build] C:\Users\pperv\code\unnamed_rpg\vendor\json\include\nlohmann/json.hpp(420,28): warning: local type '(lambda at C:\Users\pperv\code\unnamed_rpg\vendor\json\include\nlohmann\json.hpp:416:24)' as template argument is incompatible with C++98 [-Wc++98-compat-local-type-template-args]
[build]   420 |         std::unique_ptr<T, decltype(deleter)> obj(AllocatorTraits::allocate(alloc, 1), deleter);
[build]       |                            ^~~~~~~~~~~~~~~~~
[build] C:\Users\pperv\code\unnamed_rpg\vendor\json\include\nlohmann/json.hpp(558,52): note: in instantiation of function template specialization 'nlohmann::basic_json<>::create<std::basic_string<char>, const std::basic_string<char> &>' requested here
[build]   558 |         json_value(const string_t& value) : string(create<string_t>(value)) {}
[build]       |                                                    ^
[build] C:\Users\pperv\code\unnamed_rpg\vendor\json\include\nlohmann/json.hpp(1219,34): note: in instantiation of member function 'nlohmann::basic_json<>::json_value::json_value' requested here
[build]  1219 |                 m_data.m_value = *other.m_data.m_value.string;
[build]       |                                  ^
[build] C:\Users\pperv\code\unnamed_rpg\vendor\json\include\nlohmann/detail/input/json_sax.hpp(601,37): note: in instantiation of member function 'nlohmann::basic_json<>::basic_json' requested here
[build]   601 |                 *ref_stack.back() = discarded;
[build]       |                                     ^
[build] C:\Users\pperv\code\unnamed_rpg\vendor\json\include\nlohmann/detail/input/parser.hpp(207,60): note: in instantiation of member function 'nlohmann::detail::json_sax_dom_callback_parser<nlohmann::basic_json<>, nlohmann::detail::iterator_input_adapter<const char *>>::end_object' requested here
[build]   207 |                             if (JSON_HEDLEY_UNLIKELY(!sax->end_object()))
[build]       |                                                            ^
[build] C:\Users\pperv\code\unnamed_rpg\vendor\json\include\nlohmann/thirdparty/hedley/hedley.hpp(1360,94): note: expanded from macro 'JSON_HEDLEY_UNLIKELY'
[build]  1360 | #  define JSON_HEDLEY_UNLIKELY(expr)                    __builtin_expect                 (!!(expr),    0                  )
[build]       |                                                                                              ^
[build] C:\Users\pperv\code\unnamed_rpg\vendor\json\include\nlohmann/detail/input/parser.hpp(100,13): note: in instantiation of function template specialization 'nlohmann::detail::parser<nlohmann::basic_json<>, nlohmann::detail::iterator_input_adapter<const char *>>::sax_parse_internal<nlohmann::detail::json_sax_dom_callback_parser<nlohmann::basic_json<>, nlohmann::detail::iterator_input_adapter<const char *>>>' requested here
[build]   100 |             sax_parse_internal(&sdp);
[build]       |             ^
[build] C:\Users\pperv\code\unnamed_rpg\vendor\json\include\nlohmann/json.hpp(4112,148): note: in instantiation of member function 'nlohmann::detail::parser<nlohmann::basic_json<>, nlohmann::detail::iterator_input_adapter<const char *>>::parse' requested here
[build]  4112 |         parser(detail::input_adapter(std::move(first), std::move(last)), std::move(cb), allow_exceptions, ignore_comments, ignore_trailing_commas).parse(true, result); // cppcheck-suppress[accessMoved]
[build]       |                                                                                                                                                    ^
[build] C:\Users\pperv\code\unnamed_rpg\vendor\json\include\nlohmann/json.hpp(5294,28): note: in instantiation of function template specialization 'nlohmann::basic_json<>::parse<const char *, const char *, 0>' requested here
[build]  5294 |     return nlohmann::json::parse(s, s + n);
[build]       |                            ^
[build] C:\Users\pperv\code\unnamed_rpg\vendor\json\include\nlohmann/json.hpp(420,28): warning: local type '(lambda at C:\Users\pperv\code\unnamed_rpg\vendor\json\include\nlohmann\json.hpp:416:24)' as template argument is incompatible with C++98 [-Wc++98-compat-local-type-template-args]
[build]   420 |         std::unique_ptr<T, decltype(deleter)> obj(AllocatorTraits::allocate(alloc, 1), deleter);
[build]       |                            ^~~~~~~~~~~~~~~~~
[build] C:\Users\pperv\code\unnamed_rpg\vendor\json\include\nlohmann/json.hpp(582,52): note: in instantiation of function template specialization 'nlohmann::basic_json<>::create<nlohmann::byte_container_with_subtype<std::vector<unsigned char>>, const nlohmann::byte_container_with_subtype<std::vector<unsigned char>> &>' requested here
[build]   582 |         json_value(const binary_t& value) : binary(create<binary_t>(value)) {}
[build]       |                                                    ^
[build] C:\Users\pperv\code\unnamed_rpg\vendor\json\include\nlohmann/json.hpp(1249,34): note: in instantiation of member function 'nlohmann::basic_json<>::json_value::json_value' requested here
[build]  1249 |                 m_data.m_value = *other.m_data.m_value.binary;
[build]       |                                  ^
[build] C:\Users\pperv\code\unnamed_rpg\vendor\json\include\nlohmann/detail/input/json_sax.hpp(601,37): note: in instantiation of member function 'nlohmann::basic_json<>::basic_json' requested here
[build]   601 |                 *ref_stack.back() = discarded;
[build]       |                                     ^
[build] C:\Users\pperv\code\unnamed_rpg\vendor\json\include\nlohmann/detail/input/parser.hpp(207,60): note: in instantiation of member function 'nlohmann::detail::json_sax_dom_callback_parser<nlohmann::basic_json<>, nlohmann::detail::iterator_input_adapter<const char *>>::end_object' requested here
[build]   207 |                             if (JSON_HEDLEY_UNLIKELY(!sax->end_object()))
[build]       |                                                            ^
[build] C:\Users\pperv\code\unnamed_rpg\vendor\json\include\nlohmann/thirdparty/hedley/hedley.hpp(1360,94): note: expanded from macro 'JSON_HEDLEY_UNLIKELY'
[build]  1360 | #  define JSON_HEDLEY_UNLIKELY(expr)                    __builtin_expect                 (!!(expr),    0                  )
[build]       |                                                                                              ^
[build] C:\Users\pperv\code\unnamed_rpg\vendor\json\include\nlohmann/detail/input/parser.hpp(100,13): note: in instantiation of function template specialization 'nlohmann::detail::parser<nlohmann::basic_json<>, nlohmann::detail::iterator_input_adapter<const char *>>::sax_parse_internal<nlohmann::detail::json_sax_dom_callback_parser<nlohmann::basic_json<>, nlohmann::detail::iterator_input_adapter<const char *>>>' requested here
[build]   100 |             sax_parse_internal(&sdp);
[build]       |             ^
[build] C:\Users\pperv\code\unnamed_rpg\vendor\json\include\nlohmann/json.hpp(4112,148): note: in instantiation of member function 'nlohmann::detail::parser<nlohmann::basic_json<>, nlohmann::detail::iterator_input_adapter<const char *>>::parse' requested here
[build]  4112 |         parser(detail::input_adapter(std::move(first), std::move(last)), std::move(cb), allow_exceptions, ignore_comments, ignore_trailing_commas).parse(true, result); // cppcheck-suppress[accessMoved]
[build]       |                                                                                                                                                    ^
[build] C:\Users\pperv\code\unnamed_rpg\vendor\json\include\nlohmann/json.hpp(5294,28): note: in instantiation of function template specialization 'nlohmann::basic_json<>::parse<const char *, const char *, 0>' requested here
[build]  5294 |     return nlohmann::json::parse(s, s + n);
[build]       |                            ^
[build] In file included from C:\Users\pperv\code\unnamed_rpg\vendor\json-schema-validator\src\string-format-check.cpp:1:
[build] In file included from C:\Users\pperv\code\unnamed_rpg\vendor\json-schema-validator\src\nlohmann/json-schema.hpp:24:
[build] In file included from C:\Users\pperv\code\unnamed_rpg\vendor\json\include\nlohmann/json.hpp:50:
[build] In file included from C:\Users\pperv\code\unnamed_rpg\vendor\json\include\nlohmann/detail/input/binary_reader.hpp:29:
[build] C:\Users\pperv\code\unnamed_rpg\vendor\json\include\nlohmann/detail/input/json_sax.hpp(582,72): warning: enumeration type in nested name specifier is incompatible with C++98 [-Wc++98-compat]
[build]   582 |         const bool keep = callback(static_cast<int>(ref_stack.size()), parse_event_t::key, k);
[build]       |                                                                        ^
[build] C:\Users\pperv\code\unnamed_rpg\vendor\json\include\nlohmann/detail/input/parser.hpp(221,56): note: in instantiation of member function 'nlohmann::detail::json_sax_dom_callback_parser<nlohmann::basic_json<>, nlohmann::detail::iterator_input_adapter<const char *>>::key' requested here
[build]   221 |                         if (JSON_HEDLEY_UNLIKELY(!sax->key(m_lexer.get_string())))
[build]       |                                                        ^
[build] C:\Users\pperv\code\unnamed_rpg\vendor\json\include\nlohmann/thirdparty/hedley/hedley.hpp(1360,94): note: expanded from macro 'JSON_HEDLEY_UNLIKELY'
[build]  1360 | #  define JSON_HEDLEY_UNLIKELY(expr)                    __builtin_expect                 (!!(expr),    0                  )
[build]       |                                                                                              ^
[build] C:\Users\pperv\code\unnamed_rpg\vendor\json\include\nlohmann/detail/input/parser.hpp(100,13): note: in instantiation of function template specialization 'nlohmann::detail::parser<nlohmann::basic_json<>, nlohmann::detail::iterator_input_adapter<const char *>>::sax_parse_internal<nlohmann::detail::json_sax_dom_callback_parser<nlohmann::basic_json<>, nlohmann::detail::iterator_input_adapter<const char *>>>' requested here
[build]   100 |             sax_parse_internal(&sdp);
[build]       |             ^
[build] C:\Users\pperv\code\unnamed_rpg\vendor\json\include\nlohmann/json.hpp(4112,148): note: in instantiation of member function 'nlohmann::detail::parser<nlohmann::basic_json<>, nlohmann::detail::iterator_input_adapter<const char *>>::parse' requested here
[build]  4112 |         parser(detail::input_adapter(std::move(first), std::move(last)), std::move(cb), allow_exceptions, ignore_comments, ignore_trailing_commas).parse(true, result); // cppcheck-suppress[accessMoved]
[build]       |                                                                                                                                                    ^
[build] C:\Users\pperv\code\unnamed_rpg\vendor\json\include\nlohmann/json.hpp(5294,28): note: in instantiation of function template specialization 'nlohmann::basic_json<>::parse<const char *, const char *, 0>' requested here
[build]  5294 |     return nlohmann::json::parse(s, s + n);
[build]       |                            ^
[build] In file included from C:\Users\pperv\code\unnamed_rpg\vendor\json-schema-validator\src\string-format-check.cpp:1:
[build] In file included from C:\Users\pperv\code\unnamed_rpg\vendor\json-schema-validator\src\nlohmann/json-schema.hpp:24:
[build] In file included from C:\Users\pperv\code\unnamed_rpg\vendor\json\include\nlohmann/json.hpp:44:
[build] In file included from C:\Users\pperv\code\unnamed_rpg\vendor\json\include\nlohmann/adl_serializer.hpp:15:
[build] C:\Users\pperv\code\unnamed_rpg\vendor\json\include\nlohmann/detail/conversions/to_json.hpp(327,26): warning: enumeration type in nested name specifier is incompatible with C++98 [-Wc++98-compat]
[build]   327 |     external_constructor<value_t::string>::construct(j, s);
[build]       |                          ^
[build] C:\Users\pperv\code\unnamed_rpg\vendor\json\include\nlohmann/adl_serializer.hpp(51,9): note: in instantiation of function template specialization 'nlohmann::detail::to_json_fn::operator()<nlohmann::basic_json<>, std::basic_string<char> &>' requested here
[build]    51 |         ::nlohmann::to_json(j, std::forward<TargetType>(val));
[build]       |         ^
[build] C:\Users\pperv\code\unnamed_rpg\vendor\json\include\nlohmann/json.hpp(872,28): note: in instantiation of function template specialization 'nlohmann::adl_serializer<std::basic_string<char>>::to_json<nlohmann::basic_json<>, std::basic_string<char> &>' requested here
[build]   872 |         JSONSerializer<U>::to_json(*this, std::forward<CompatibleType>(val));
[build]       |                            ^
[build] C:\Users\pperv\code\unnamed_rpg\vendor\json\include\nlohmann/detail/input/json_sax.hpp(579,27): note: in instantiation of function template specialization 'nlohmann::basic_json<>::basic_json<std::basic_string<char> &, std::basic_string<char>, 0>' requested here
[build]   579 |         BasicJsonType k = BasicJsonType(val);
[build]       |                           ^
[build] C:\Users\pperv\code\unnamed_rpg\vendor\json\include\nlohmann/detail/input/parser.hpp(221,56): note: in instantiation of member function 'nlohmann::detail::json_sax_dom_callback_parser<nlohmann::basic_json<>, nlohmann::detail::iterator_input_adapter<const char *>>::key' requested here
[build]   221 |                         if (JSON_HEDLEY_UNLIKELY(!sax->key(m_lexer.get_string())))
[build]       |                                                        ^
[build] C:\Users\pperv\code\unnamed_rpg\vendor\json\include\nlohmann/thirdparty/hedley/hedley.hpp(1360,94): note: expanded from macro 'JSON_HEDLEY_UNLIKELY'
[build]  1360 | #  define JSON_HEDLEY_UNLIKELY(expr)                    __builtin_expect                 (!!(expr),    0                  )
[build]       |                                                                                              ^
[build] C:\Users\pperv\code\unnamed_rpg\vendor\json\include\nlohmann/detail/input/parser.hpp(100,13): note: in instantiation of function template specialization 'nlohmann::detail::parser<nlohmann::basic_json<>, nlohmann::detail::iterator_input_adapter<const char *>>::sax_parse_internal<nlohmann::detail::json_sax_dom_callback_parser<nlohmann::basic_json<>, nlohmann::detail::iterator_input_adapter<const char *>>>' requested here
[build]   100 |             sax_parse_internal(&sdp);
[build]       |             ^
[build] C:\Users\pperv\code\unnamed_rpg\vendor\json\include\nlohmann/json.hpp(4112,148): note: in instantiation of member function 'nlohmann::detail::parser<nlohmann::basic_json<>, nlohmann::detail::iterator_input_adapter<const char *>>::parse' requested here
[build]  4112 |         parser(detail::input_adapter(std::move(first), std::move(last)), std::move(cb), allow_exceptions, ignore_comments, ignore_trailing_commas).parse(true, result); // cppcheck-suppress[accessMoved]
[build]       |                                                                                                                                                    ^
[build] C:\Users\pperv\code\unnamed_rpg\vendor\json\include\nlohmann/json.hpp(5294,28): note: in instantiation of function template specialization 'nlohmann::basic_json<>::parse<const char *, const char *, 0>' requested here
[build]  5294 |     return nlohmann::json::parse(s, s + n);
[build]       |                            ^
[build] In file included from C:\Users\pperv\code\unnamed_rpg\vendor\json-schema-validator\src\string-format-check.cpp:1:
[build] In file included from C:\Users\pperv\code\unnamed_rpg\vendor\json-schema-validator\src\nlohmann/json-schema.hpp:24:
[build] In file included from C:\Users\pperv\code\unnamed_rpg\vendor\json\include\nlohmann/json.hpp:44:
[build] In file included from C:\Users\pperv\code\unnamed_rpg\vendor\json\include\nlohmann/adl_serializer.hpp:15:
[build] C:\Users\pperv\code\unnamed_rpg\vendor\json\include\nlohmann/detail/conversions/to_json.hpp(69,27): warning: enumeration type in nested name specifier is incompatible with C++98 [-Wc++98-compat]
[build]    69 |         j.m_data.m_type = value_t::string;
[build]       |                           ^
[build] C:\Users\pperv\code\unnamed_rpg\vendor\json\include\nlohmann/detail/conversions/to_json.hpp(516,16): note: in instantiation of function template specialization 'nlohmann::detail::to_json<nlohmann::basic_json<>, std::basic_string<char>, 0>' requested here
[build]   516 |         return to_json(j, std::forward<T>(val));
[build]       |                ^
[build] C:\Users\pperv\code\unnamed_rpg\vendor\json\include\nlohmann/adl_serializer.hpp(51,9): note: in instantiation of function template specialization 'nlohmann::detail::to_json_fn::operator()<nlohmann::basic_json<>, std::basic_string<char> &>' requested here
[build]    51 |         ::nlohmann::to_json(j, std::forward<TargetType>(val));
[build]       |         ^
[build] C:\Users\pperv\code\unnamed_rpg\vendor\json\include\nlohmann/json.hpp(872,28): note: in instantiation of function template specialization 'nlohmann::adl_serializer<std::basic_string<char>>::to_json<nlohmann::basic_json<>, std::basic_string<char> &>' requested here
[build]   872 |         JSONSerializer<U>::to_json(*this, std::forward<CompatibleType>(val));
[build]       |                            ^
[build] C:\Users\pperv\code\unnamed_rpg\vendor\json\include\nlohmann/detail/input/json_sax.hpp(579,27): note: in instantiation of function template specialization 'nlohmann::basic_json<>::basic_json<std::basic_string<char> &, std::basic_string<char>, 0>' requested here
[build]   579 |         BasicJsonType k = BasicJsonType(val);
[build]       |                           ^
[build] C:\Users\pperv\code\unnamed_rpg\vendor\json\include\nlohmann/detail/input/parser.hpp(221,56): note: in instantiation of member function 'nlohmann::detail::json_sax_dom_callback_parser<nlohmann::basic_json<>, nlohmann::detail::iterator_input_adapter<const char *>>::key' requested here
[build]   221 |                         if (JSON_HEDLEY_UNLIKELY(!sax->key(m_lexer.get_string())))
[build]       |                                                        ^
[build] C:\Users\pperv\code\unnamed_rpg\vendor\json\include\nlohmann/thirdparty/hedley/hedley.hpp(1360,94): note: expanded from macro 'JSON_HEDLEY_UNLIKELY'
[build]  1360 | #  define JSON_HEDLEY_UNLIKELY(expr)                    __builtin_expect                 (!!(expr),    0                  )
[build]       |                                                                                              ^
[build] C:\Users\pperv\code\unnamed_rpg\vendor\json\include\nlohmann/detail/input/parser.hpp(100,13): note: in instantiation of function template specialization 'nlohmann::detail::parser<nlohmann::basic_json<>, nlohmann::detail::iterator_input_adapter<const char *>>::sax_parse_internal<nlohmann::detail::json_sax_dom_callback_parser<nlohmann::basic_json<>, nlohmann::detail::iterator_input_adapter<const char *>>>' requested here
[build]   100 |             sax_parse_internal(&sdp);
[build]       |             ^
[build] C:\Users\pperv\code\unnamed_rpg\vendor\json\include\nlohmann/json.hpp(4112,148): note: in instantiation of member function 'nlohmann::detail::parser<nlohmann::basic_json<>, nlohmann::detail::iterator_input_adapter<const char *>>::parse' requested here
[build]  4112 |         parser(detail::input_adapter(std::move(first), std::move(last)), std::move(cb), allow_exceptions, ignore_comments, ignore_trailing_commas).parse(true, result); // cppcheck-suppress[accessMoved]
[build]       |                                                                                                                                                    ^
[build] C:\Users\pperv\code\unnamed_rpg\vendor\json\include\nlohmann/json.hpp(5294,28): note: in instantiation of function template specialization 'nlohmann::basic_json<>::parse<const char *, const char *, 0>' requested here
[build]  5294 |     return nlohmann::json::parse(s, s + n);
[build]       |                            ^
[build] In file included from C:\Users\pperv\code\unnamed_rpg\vendor\json-schema-validator\src\string-format-check.cpp:1:
[build] In file included from C:\Users\pperv\code\unnamed_rpg\vendor\json-schema-validator\src\nlohmann/json-schema.hpp:24:
[build] In file included from C:\Users\pperv\code\unnamed_rpg\vendor\json\include\nlohmann/json.hpp:44:
[build] In file included from C:\Users\pperv\code\unnamed_rpg\vendor\json\include\nlohmann/adl_serializer.hpp:15:
[build] C:\Users\pperv\code\unnamed_rpg\vendor\json\include\nlohmann/detail/conversions/to_json.hpp(69,27): warning: enumeration type in nested name specifier is incompatible with C++98 [-Wc++98-compat]
[build]    69 |         j.m_data.m_type = value_t::string;
[build]       |                           ^
[build] C:\Users\pperv\code\unnamed_rpg\vendor\json\include\nlohmann/detail/conversions/to_json.hpp(327,44): note: in instantiation of function template specialization 'nlohmann::detail::external_constructor<nlohmann::detail::value_t::string>::construct<nlohmann::basic_json<>>' requested here
[build]   327 |     external_constructor<value_t::string>::construct(j, s);
[build]       |                                            ^
[build] C:\Users\pperv\code\unnamed_rpg\vendor\json\include\nlohmann/detail/conversions/to_json.hpp(516,16): note: in instantiation of function template specialization 'nlohmann::detail::to_json<nlohmann::basic_json<>, std::basic_string<char>, 0>' requested here
[build]   516 |         return to_json(j, std::forward<T>(val));
[build]       |                ^
[build] C:\Users\pperv\code\unnamed_rpg\vendor\json\include\nlohmann/adl_serializer.hpp(51,9): note: in instantiation of function template specialization 'nlohmann::detail::to_json_fn::operator()<nlohmann::basic_json<>, std::basic_string<char> &>' requested here
[build]    51 |         ::nlohmann::to_json(j, std::forward<TargetType>(val));
[build]       |         ^
[build] C:\Users\pperv\code\unnamed_rpg\vendor\json\include\nlohmann/json.hpp(872,28): note: in instantiation of function template specialization 'nlohmann::adl_serializer<std::basic_string<char>>::to_json<nlohmann::basic_json<>, std::basic_string<char> &>' requested here
[build]   872 |         JSONSerializer<U>::to_json(*this, std::forward<CompatibleType>(val));
[build]       |                            ^
[build] C:\Users\pperv\code\unnamed_rpg\vendor\json\include\nlohmann/detail/input/json_sax.hpp(579,27): note: in instantiation of function template specialization 'nlohmann::basic_json<>::basic_json<std::basic_string<char> &, std::basic_string<char>, 0>' requested here
[build]   579 |         BasicJsonType k = BasicJsonType(val);
[build]       |                           ^
[build] C:\Users\pperv\code\unnamed_rpg\vendor\json\include\nlohmann/detail/input/parser.hpp(221,56): note: in instantiation of member function 'nlohmann::detail::json_sax_dom_callback_parser<nlohmann::basic_json<>, nlohmann::detail::iterator_input_adapter<const char *>>::key' requested here
[build]   221 |                         if (JSON_HEDLEY_UNLIKELY(!sax->key(m_lexer.get_string())))
[build]       |                                                        ^
[build] C:\Users\pperv\code\unnamed_rpg\vendor\json\include\nlohmann/thirdparty/hedley/hedley.hpp(1360,94): note: expanded from macro 'JSON_HEDLEY_UNLIKELY'
[build]  1360 | #  define JSON_HEDLEY_UNLIKELY(expr)                    __builtin_expect                 (!!(expr),    0                  )
[build]       |                                                                                              ^
[build] C:\Users\pperv\code\unnamed_rpg\vendor\json\include\nlohmann/detail/input/parser.hpp(100,13): note: in instantiation of function template specialization 'nlohmann::detail::parser<nlohmann::basic_json<>, nlohmann::detail::iterator_input_adapter<const char *>>::sax_parse_internal<nlohmann::detail::json_sax_dom_callback_parser<nlohmann::basic_json<>, nlohmann::detail::iterator_input_adapter<const char *>>>' requested here
[build]   100 |             sax_parse_internal(&sdp);
[build]       |             ^
[build] C:\Users\pperv\code\unnamed_rpg\vendor\json\include\nlohmann/json.hpp(4112,148): note: in instantiation of member function 'nlohmann::detail::parser<nlohmann::basic_json<>, nlohmann::detail::iterator_input_adapter<const char *>>::parse' requested here
[build]  4112 |         parser(detail::input_adapter(std::move(first), std::move(last)), std::move(cb), allow_exceptions, ignore_comments, ignore_trailing_commas).parse(true, result); // cppcheck-suppress[accessMoved]
[build]       |                                                                                                                                                    ^
[build] C:\Users\pperv\code\unnamed_rpg\vendor\json\include\nlohmann/json.hpp(5294,28): note: in instantiation of function template specialization 'nlohmann::basic_json<>::parse<const char *, const char *, 0>' requested here
[build]  5294 |     return nlohmann::json::parse(s, s + n);
[build]       |                            ^
[build] In file included from C:\Users\pperv\code\unnamed_rpg\vendor\json-schema-validator\src\string-format-check.cpp:1:
[build] In file included from C:\Users\pperv\code\unnamed_rpg\vendor\json-schema-validator\src\nlohmann/json-schema.hpp:24:
[build] In file included from C:\Users\pperv\code\unnamed_rpg\vendor\json\include\nlohmann/json.hpp:50:
[build] In file included from C:\Users\pperv\code\unnamed_rpg\vendor\json\include\nlohmann/detail/input/binary_reader.hpp:29:
[build] C:\Users\pperv\code\unnamed_rpg\vendor\json\include\nlohmann/detail/input/json_sax.hpp(642,9): warning: 'auto' type specifier is incompatible with C++98 [-Wc++98-compat]
[build]   642 |         auto val = handle_value(BasicJsonType::value_t::array, true);
[build]       |         ^~~~
[build] C:\Users\pperv\code\unnamed_rpg\vendor\json\include\nlohmann/detail/input/parser.hpp(100,13): note: in instantiation of function template specialization 'nlohmann::detail::parser<nlohmann::basic_json<>, nlohmann::detail::iterator_input_adapter<const char *>>::sax_parse_internal<nlohmann::detail::json_sax_dom_callback_parser<nlohmann::basic_json<>, nlohmann::detail::iterator_input_adapter<const char *>>>' requested here
[build]   100 |             sax_parse_internal(&sdp);
[build]       |             ^
[build] C:\Users\pperv\code\unnamed_rpg\vendor\json\include\nlohmann/json.hpp(4112,148): note: in instantiation of member function 'nlohmann::detail::parser<nlohmann::basic_json<>, nlohmann::detail::iterator_input_adapter<const char *>>::parse' requested here
[build]  4112 |         parser(detail::input_adapter(std::move(first), std::move(last)), std::move(cb), allow_exceptions, ignore_comments, ignore_trailing_commas).parse(true, result); // cppcheck-suppress[accessMoved]
[build]       |                                                                                                                                                    ^
[build] C:\Users\pperv\code\unnamed_rpg\vendor\json\include\nlohmann/json.hpp(5294,28): note: in instantiation of function template specialization 'nlohmann::basic_json<>::parse<const char *, const char *, 0>' requested here
[build]  5294 |     return nlohmann::json::parse(s, s + n);
[build]       |                            ^
[build] In file included from C:\Users\pperv\code\unnamed_rpg\vendor\json-schema-validator\src\string-format-check.cpp:1:
[build] In file included from C:\Users\pperv\code\unnamed_rpg\vendor\json-schema-validator\src\nlohmann/json-schema.hpp:24:
[build] In file included from C:\Users\pperv\code\unnamed_rpg\vendor\json\include\nlohmann/json.hpp:50:
[build] In file included from C:\Users\pperv\code\unnamed_rpg\vendor\json\include\nlohmann/detail/input/binary_reader.hpp:29:
[build] C:\Users\pperv\code\unnamed_rpg\vendor\json\include\nlohmann/detail/input/json_sax.hpp(639,72): warning: enumeration type in nested name specifier is incompatible with C++98 [-Wc++98-compat]
[build]   639 |         const bool keep = callback(static_cast<int>(ref_stack.size()), parse_event_t::array_start, discarded);
[build]       |                                                                        ^
[build] C:\Users\pperv\code\unnamed_rpg\vendor\json\include\nlohmann/detail/input/parser.hpp(244,56): note: in instantiation of member function 'nlohmann::detail::json_sax_dom_callback_parser<nlohmann::basic_json<>, nlohmann::detail::iterator_input_adapter<const char *>>::start_array' requested here
[build]   244 |                         if (JSON_HEDLEY_UNLIKELY(!sax->start_array(detail::unknown_size())))
[build]       |                                                        ^
[build] C:\Users\pperv\code\unnamed_rpg\vendor\json\include\nlohmann/thirdparty/hedley/hedley.hpp(1360,94): note: expanded from macro 'JSON_HEDLEY_UNLIKELY'
[build]  1360 | #  define JSON_HEDLEY_UNLIKELY(expr)                    __builtin_expect                 (!!(expr),    0                  )
[build]       |                                                                                              ^
[build] C:\Users\pperv\code\unnamed_rpg\vendor\json\include\nlohmann/detail/input/parser.hpp(100,13): note: in instantiation of function template specialization 'nlohmann::detail::parser<nlohmann::basic_json<>, nlohmann::detail::iterator_input_adapter<const char *>>::sax_parse_internal<nlohmann::detail::json_sax_dom_callback_parser<nlohmann::basic_json<>, nlohmann::detail::iterator_input_adapter<const char *>>>' requested here
[build]   100 |             sax_parse_internal(&sdp);
[build]       |             ^
[build] C:\Users\pperv\code\unnamed_rpg\vendor\json\include\nlohmann/json.hpp(4112,148): note: in instantiation of member function 'nlohmann::detail::parser<nlohmann::basic_json<>, nlohmann::detail::iterator_input_adapter<const char *>>::parse' requested here
[build]  4112 |         parser(detail::input_adapter(std::move(first), std::move(last)), std::move(cb), allow_exceptions, ignore_comments, ignore_trailing_commas).parse(true, result); // cppcheck-suppress[accessMoved]
[build]       |                                                                                                                                                    ^
[build] C:\Users\pperv\code\unnamed_rpg\vendor\json\include\nlohmann/json.hpp(5294,28): note: in instantiation of function template specialization 'nlohmann::basic_json<>::parse<const char *, const char *, 0>' requested here
[build]  5294 |     return nlohmann::json::parse(s, s + n);
[build]       |                            ^
[build] In file included from C:\Users\pperv\code\unnamed_rpg\vendor\json-schema-validator\src\string-format-check.cpp:1:
[build] In file included from C:\Users\pperv\code\unnamed_rpg\vendor\json-schema-validator\src\nlohmann/json-schema.hpp:24:
[build] In file included from C:\Users\pperv\code\unnamed_rpg\vendor\json\include\nlohmann/json.hpp:50:
[build] In file included from C:\Users\pperv\code\unnamed_rpg\vendor\json\include\nlohmann/detail/input/binary_reader.hpp:29:
[build] C:\Users\pperv\code\unnamed_rpg\vendor\json\include\nlohmann/detail/input/json_sax.hpp(672,49): warning: 'nullptr' is incompatible with C++98 [-Wc++98-compat]
[build]   672 |         const bool stored = ref_stack.back() != nullptr;
[build]       |                                                 ^
[build] C:\Users\pperv\code\unnamed_rpg\vendor\json\include\nlohmann/detail/input/json_sax.hpp(676,69): warning: enumeration type in nested name specifier is incompatible with C++98 [-Wc++98-compat]
[build]   676 |             keep = callback(static_cast<int>(ref_stack.size()) - 1, parse_event_t::array_end, *ref_stack.back());
[build]       |                                                                     ^
[build] C:\Users\pperv\code\unnamed_rpg\vendor\json\include\nlohmann/detail/input/parser.hpp(252,60): note: in instantiation of member function 'nlohmann::detail::json_sax_dom_callback_parser<nlohmann::basic_json<>, nlohmann::detail::iterator_input_adapter<const char *>>::end_array' requested here
[build]   252 |                             if (JSON_HEDLEY_UNLIKELY(!sax->end_array()))
[build]       |                                                            ^
[build] C:\Users\pperv\code\unnamed_rpg\vendor\json\include\nlohmann/thirdparty/hedley/hedley.hpp(1360,94): note: expanded from macro 'JSON_HEDLEY_UNLIKELY'
[build]  1360 | #  define JSON_HEDLEY_UNLIKELY(expr)                    __builtin_expect                 (!!(expr),    0                  )
[build]       |                                                                                              ^
[build] C:\Users\pperv\code\unnamed_rpg\vendor\json\include\nlohmann/detail/input/parser.hpp(100,13): note: in instantiation of function template specialization 'nlohmann::detail::parser<nlohmann::basic_json<>, nlohmann::detail::iterator_input_adapter<const char *>>::sax_parse_internal<nlohmann::detail::json_sax_dom_callback_parser<nlohmann::basic_json<>, nlohmann::detail::iterator_input_adapter<const char *>>>' requested here
[build]   100 |             sax_parse_internal(&sdp);
[build]       |             ^
[build] C:\Users\pperv\code\unnamed_rpg\vendor\json\include\nlohmann/json.hpp(4112,148): note: in instantiation of member function 'nlohmann::detail::parser<nlohmann::basic_json<>, nlohmann::detail::iterator_input_adapter<const char *>>::parse' requested here
[build]  4112 |         parser(detail::input_adapter(std::move(first), std::move(last)), std::move(cb), allow_exceptions, ignore_comments, ignore_trailing_commas).parse(true, result); // cppcheck-suppress[accessMoved]
[build]       |                                                                                                                                                    ^
[build] C:\Users\pperv\code\unnamed_rpg\vendor\json\include\nlohmann/json.hpp(5294,28): note: in instantiation of function template specialization 'nlohmann::basic_json<>::parse<const char *, const char *, 0>' requested here
[build]  5294 |     return nlohmann::json::parse(s, s + n);
[build]       |                            ^
[build] In file included from C:\Users\pperv\code\unnamed_rpg\vendor\json-schema-validator\src\string-format-check.cpp:1:
[build] In file included from C:\Users\pperv\code\unnamed_rpg\vendor\json-schema-validator\src\nlohmann/json-schema.hpp:24:
[build] In file included from C:\Users\pperv\code\unnamed_rpg\vendor\json\include\nlohmann/json.hpp:44:
[build] In file included from C:\Users\pperv\code\unnamed_rpg\vendor\json\include\nlohmann/adl_serializer.hpp:14:
[build] In file included from C:\Users\pperv\code\unnamed_rpg\vendor\json\include\nlohmann/detail/conversions/from_json.hpp:24:
[build] C:\Users\pperv\code\unnamed_rpg\vendor\json\include\nlohmann/detail/exceptions.hpp(261,16): warning: constructor call from initializer list is incompatible with C++98 [-Wc++98-compat]
[build]   261 |         return {id_, w.c_str()};
[build]       |                ^~~~~~~~~~~~~~~~
[build] C:\Users\pperv\code\unnamed_rpg\vendor\json\include\nlohmann/detail/input/parser.hpp(274,67): note: in instantiation of function template specialization 'nlohmann::detail::out_of_range::create<std::nullptr_t, 0>' requested here
[build]   274 |                                                     out_of_range::create(406, concat("number overflow parsing '", m_lexer.get_token_string(), '\''), nullptr));
[build]       |                                                                   ^
[build] C:\Users\pperv\code\unnamed_rpg\vendor\json\include\nlohmann/detail/input/parser.hpp(100,13): note: in instantiation of function template specialization 'nlohmann::detail::parser<nlohmann::basic_json<>, nlohmann::detail::iterator_input_adapter<const char *>>::sax_parse_internal<nlohmann::detail::json_sax_dom_callback_parser<nlohmann::basic_json<>, nlohmann::detail::iterator_input_adapter<const char *>>>' requested here
[build]   100 |             sax_parse_internal(&sdp);
[build]       |             ^
[build] C:\Users\pperv\code\unnamed_rpg\vendor\json\include\nlohmann/json.hpp(4112,148): note: in instantiation of member function 'nlohmann::detail::parser<nlohmann::basic_json<>, nlohmann::detail::iterator_input_adapter<const char *>>::parse' requested here
[build]  4112 |         parser(detail::input_adapter(std::move(first), std::move(last)), std::move(cb), allow_exceptions, ignore_comments, ignore_trailing_commas).parse(true, result); // cppcheck-suppress[accessMoved]
[build]       |                                                                                                                                                    ^
[build] C:\Users\pperv\code\unnamed_rpg\vendor\json\include\nlohmann/json.hpp(5294,28): note: in instantiation of function template specialization 'nlohmann::basic_json<>::parse<const char *, const char *, 0>' requested here
[build]  5294 |     return nlohmann::json::parse(s, s + n);
[build]       |                            ^
[build] In file included from C:\Users\pperv\code\unnamed_rpg\vendor\json-schema-validator\src\string-format-check.cpp:1:
[build] In file included from C:\Users\pperv\code\unnamed_rpg\vendor\json-schema-validator\src\nlohmann/json-schema.hpp:24:
[build] In file included from C:\Users\pperv\code\unnamed_rpg\vendor\json\include\nlohmann/json.hpp:50:
[build] In file included from C:\Users\pperv\code\unnamed_rpg\vendor\json\include\nlohmann/detail/input/binary_reader.hpp:29:
[build] C:\Users\pperv\code\unnamed_rpg\vendor\json\include\nlohmann/detail/input/json_sax.hpp(849,20): warning: constructor call from initializer list is incompatible with C++98 [-Wc++98-compat]
[build]   849 |             return {false, nullptr};
[build]       |                    ^~~~~~~~~~~~~~~~
[build] C:\Users\pperv\code\unnamed_rpg\vendor\json\include\nlohmann/detail/input/json_sax.hpp(529,9): note: in instantiation of function template specialization 'nlohmann::detail::json_sax_dom_callback_parser<nlohmann::basic_json<>, nlohmann::detail::iterator_input_adapter<const char *>>::handle_value<double &>' requested here
[build]   529 |         handle_value(val);
[build]       |         ^
[build] C:\Users\pperv\code\unnamed_rpg\vendor\json\include\nlohmann/detail/input/parser.hpp(277,56): note: in instantiation of member function 'nlohmann::detail::json_sax_dom_callback_parser<nlohmann::basic_json<>, nlohmann::detail::iterator_input_adapter<const char *>>::number_float' requested here
[build]   277 |                         if (JSON_HEDLEY_UNLIKELY(!sax->number_float(res, m_lexer.get_string())))
[build]       |                                                        ^
[build] C:\Users\pperv\code\unnamed_rpg\vendor\json\include\nlohmann/thirdparty/hedley/hedley.hpp(1360,94): note: expanded from macro 'JSON_HEDLEY_UNLIKELY'
[build]  1360 | #  define JSON_HEDLEY_UNLIKELY(expr)                    __builtin_expect                 (!!(expr),    0                  )
[build]       |                                                                                              ^
[build] C:\Users\pperv\code\unnamed_rpg\vendor\json\include\nlohmann/detail/input/parser.hpp(100,13): note: in instantiation of function template specialization 'nlohmann::detail::parser<nlohmann::basic_json<>, nlohmann::detail::iterator_input_adapter<const char *>>::sax_parse_internal<nlohmann::detail::json_sax_dom_callback_parser<nlohmann::basic_json<>, nlohmann::detail::iterator_input_adapter<const char *>>>' requested here
[build]   100 |             sax_parse_internal(&sdp);
[build]       |             ^
[build] C:\Users\pperv\code\unnamed_rpg\vendor\json\include\nlohmann/json.hpp(4112,148): note: in instantiation of member function 'nlohmann::detail::parser<nlohmann::basic_json<>, nlohmann::detail::iterator_input_adapter<const char *>>::parse' requested here
[build]  4112 |         parser(detail::input_adapter(std::move(first), std::move(last)), std::move(cb), allow_exceptions, ignore_comments, ignore_trailing_commas).parse(true, result); // cppcheck-suppress[accessMoved]
[build]       |                                                                                                                                                    ^
[build] C:\Users\pperv\code\unnamed_rpg\vendor\json\include\nlohmann/json.hpp(5294,28): note: in instantiation of function template specialization 'nlohmann::basic_json<>::parse<const char *, const char *, 0>' requested here
[build]  5294 |     return nlohmann::json::parse(s, s + n);
[build]       |                            ^
[build] In file included from C:\Users\pperv\code\unnamed_rpg\vendor\json-schema-validator\src\string-format-check.cpp:1:
[build] In file included from C:\Users\pperv\code\unnamed_rpg\vendor\json-schema-validator\src\nlohmann/json-schema.hpp:24:
[build] In file included from C:\Users\pperv\code\unnamed_rpg\vendor\json\include\nlohmann/json.hpp:50:
[build] In file included from C:\Users\pperv\code\unnamed_rpg\vendor\json\include\nlohmann/detail/input/binary_reader.hpp:29:
[build] C:\Users\pperv\code\unnamed_rpg\vendor\json\include\nlohmann/detail/input/json_sax.hpp(860,89): warning: enumeration type in nested name specifier is incompatible with C++98 [-Wc++98-compat]
[build]   860 |         const bool keep = skip_callback || callback(static_cast<int>(ref_stack.size()), parse_event_t::value, value);
[build]       |                                                                                         ^
[build] C:\Users\pperv\code\unnamed_rpg\vendor\json\include\nlohmann/detail/input/json_sax.hpp(877,20): warning: constructor call from initializer list is incompatible with C++98 [-Wc++98-compat]
[build]   877 |             return {false, nullptr};
[build]       |                    ^~~~~~~~~~~~~~~~
[build] C:\Users\pperv\code\unnamed_rpg\vendor\json\include\nlohmann/detail/input/json_sax.hpp(883,20): warning: constructor call from initializer list is incompatible with C++98 [-Wc++98-compat]
[build]   883 |             return {true, & root};
[build]       |                    ^~~~~~~~~~~~~~
[build] C:\Users\pperv\code\unnamed_rpg\vendor\json\include\nlohmann/detail/input/json_sax.hpp(890,20): warning: constructor call from initializer list is incompatible with C++98 [-Wc++98-compat]
[build]   890 |             return {false, nullptr};
[build]       |                    ^~~~~~~~~~~~~~~~
[build] C:\Users\pperv\code\unnamed_rpg\vendor\json\include\nlohmann/detail/input/json_sax.hpp(900,20): warning: constructor call from initializer list is incompatible with C++98 [-Wc++98-compat]
[build]   900 |             return {true, & (ref_stack.back()->m_data.m_value.array->back())};
[build]       |                    ^~~~~~~~~~~~~~~~~~~~~~~~~~~~~~~~~~~~~~~~~~~~~~~~~~~~~~~~~~
[build] C:\Users\pperv\code\unnamed_rpg\vendor\json\include\nlohmann/detail/input/json_sax.hpp(912,20): warning: constructor call from initializer list is incompatible with C++98 [-Wc++98-compat]
[build]   912 |             return {false, nullptr};
[build]       |                    ^~~~~~~~~~~~~~~~
[build] C:\Users\pperv\code\unnamed_rpg\vendor\json\include\nlohmann/detail/input/json_sax.hpp(917,16): warning: constructor call from initializer list is incompatible with C++98 [-Wc++98-compat]
[build]   917 |         return {true, object_element};
[build]       |                ^~~~~~~~~~~~~~~~~~~~~~
[build] In file included from C:\Users\pperv\code\unnamed_rpg\vendor\json-schema-validator\src\string-format-check.cpp:1:
[build] In file included from C:\Users\pperv\code\unnamed_rpg\vendor\json-schema-validator\src\nlohmann/json-schema.hpp:24:
[build] In file included from C:\Users\pperv\code\unnamed_rpg\vendor\json\include\nlohmann/json.hpp:44:
[build] In file included from C:\Users\pperv\code\unnamed_rpg\vendor\json\include\nlohmann/adl_serializer.hpp:15:
[build] C:\Users\pperv\code\unnamed_rpg\vendor\json\include\nlohmann/detail/conversions/to_json.hpp(340,26): warning: enumeration type in nested name specifier is incompatible with C++98 [-Wc++98-compat]
[build]   340 |     external_constructor<value_t::number_float>::construct(j, static_cast<typename BasicJsonType::number_float_t>(val));
[build]       |                          ^
[build] C:\Users\pperv\code\unnamed_rpg\vendor\json\include\nlohmann/adl_serializer.hpp(51,9): note: in instantiation of function template specialization 'nlohmann::detail::to_json_fn::operator()<nlohmann::basic_json<>, double &>' requested here
[build]    51 |         ::nlohmann::to_json(j, std::forward<TargetType>(val));
[build]       |         ^
[build] C:\Users\pperv\code\unnamed_rpg\vendor\json\include\nlohmann/json.hpp(872,28): note: in instantiation of function template specialization 'nlohmann::adl_serializer<double>::to_json<nlohmann::basic_json<>, double &>' requested here
[build]   872 |         JSONSerializer<U>::to_json(*this, std::forward<CompatibleType>(val));
[build]       |                            ^
[build] C:\Users\pperv\code\unnamed_rpg\vendor\json\include\nlohmann/detail/input/json_sax.hpp(853,22): note: in instantiation of function template specialization 'nlohmann::basic_json<>::basic_json<double &, double, 0>' requested here
[build]   853 |         auto value = BasicJsonType(std::forward<Value>(v));
[build]       |                      ^
[build] C:\Users\pperv\code\unnamed_rpg\vendor\json\include\nlohmann/detail/input/json_sax.hpp(529,9): note: in instantiation of function template specialization 'nlohmann::detail::json_sax_dom_callback_parser<nlohmann::basic_json<>, nlohmann::detail::iterator_input_adapter<const char *>>::handle_value<double &>' requested here
[build]   529 |         handle_value(val);
[build]       |         ^
[build] C:\Users\pperv\code\unnamed_rpg\vendor\json\include\nlohmann/detail/input/parser.hpp(277,56): note: in instantiation of member function 'nlohmann::detail::json_sax_dom_callback_parser<nlohmann::basic_json<>, nlohmann::detail::iterator_input_adapter<const char *>>::number_float' requested here
[build]   277 |                         if (JSON_HEDLEY_UNLIKELY(!sax->number_float(res, m_lexer.get_string())))
[build]       |                                                        ^
[build] C:\Users\pperv\code\unnamed_rpg\vendor\json\include\nlohmann/thirdparty/hedley/hedley.hpp(1360,94): note: expanded from macro 'JSON_HEDLEY_UNLIKELY'
[build]  1360 | #  define JSON_HEDLEY_UNLIKELY(expr)                    __builtin_expect                 (!!(expr),    0                  )
[build]       |                                                                                              ^
[build] C:\Users\pperv\code\unnamed_rpg\vendor\json\include\nlohmann/detail/input/parser.hpp(100,13): note: in instantiation of function template specialization 'nlohmann::detail::parser<nlohmann::basic_json<>, nlohmann::detail::iterator_input_adapter<const char *>>::sax_parse_internal<nlohmann::detail::json_sax_dom_callback_parser<nlohmann::basic_json<>, nlohmann::detail::iterator_input_adapter<const char *>>>' requested here
[build]   100 |             sax_parse_internal(&sdp);
[build]       |             ^
[build] C:\Users\pperv\code\unnamed_rpg\vendor\json\include\nlohmann/json.hpp(4112,148): note: in instantiation of member function 'nlohmann::detail::parser<nlohmann::basic_json<>, nlohmann::detail::iterator_input_adapter<const char *>>::parse' requested here
[build]  4112 |         parser(detail::input_adapter(std::move(first), std::move(last)), std::move(cb), allow_exceptions, ignore_comments, ignore_trailing_commas).parse(true, result); // cppcheck-suppress[accessMoved]
[build]       |                                                                                                                                                    ^
[build] C:\Users\pperv\code\unnamed_rpg\vendor\json\include\nlohmann/json.hpp(5294,28): note: in instantiation of function template specialization 'nlohmann::basic_json<>::parse<const char *, const char *, 0>' requested here
[build]  5294 |     return nlohmann::json::parse(s, s + n);
[build]       |                            ^
[build] In file included from C:\Users\pperv\code\unnamed_rpg\vendor\json-schema-validator\src\string-format-check.cpp:1:
[build] In file included from C:\Users\pperv\code\unnamed_rpg\vendor\json-schema-validator\src\nlohmann/json-schema.hpp:24:
[build] In file included from C:\Users\pperv\code\unnamed_rpg\vendor\json\include\nlohmann/json.hpp:44:
[build] In file included from C:\Users\pperv\code\unnamed_rpg\vendor\json\include\nlohmann/adl_serializer.hpp:15:
[build] C:\Users\pperv\code\unnamed_rpg\vendor\json\include\nlohmann/detail/conversions/to_json.hpp(124,27): warning: enumeration type in nested name specifier is incompatible with C++98 [-Wc++98-compat]
[build]   124 |         j.m_data.m_type = value_t::number_float;
[build]       |                           ^
[build] C:\Users\pperv\code\unnamed_rpg\vendor\json\include\nlohmann/detail/conversions/to_json.hpp(516,16): note: in instantiation of function template specialization 'nlohmann::detail::to_json<nlohmann::basic_json<>, double, 0>' requested here
[build]   516 |         return to_json(j, std::forward<T>(val));
[build]       |                ^
[build] C:\Users\pperv\code\unnamed_rpg\vendor\json\include\nlohmann/adl_serializer.hpp(51,9): note: in instantiation of function template specialization 'nlohmann::detail::to_json_fn::operator()<nlohmann::basic_json<>, double &>' requested here
[build]    51 |         ::nlohmann::to_json(j, std::forward<TargetType>(val));
[build]       |         ^
[build] C:\Users\pperv\code\unnamed_rpg\vendor\json\include\nlohmann/json.hpp(872,28): note: in instantiation of function template specialization 'nlohmann::adl_serializer<double>::to_json<nlohmann::basic_json<>, double &>' requested here
[build]   872 |         JSONSerializer<U>::to_json(*this, std::forward<CompatibleType>(val));
[build]       |                            ^
[build] C:\Users\pperv\code\unnamed_rpg\vendor\json\include\nlohmann/detail/input/json_sax.hpp(853,22): note: in instantiation of function template specialization 'nlohmann::basic_json<>::basic_json<double &, double, 0>' requested here
[build]   853 |         auto value = BasicJsonType(std::forward<Value>(v));
[build]       |                      ^
[build] C:\Users\pperv\code\unnamed_rpg\vendor\json\include\nlohmann/detail/input/json_sax.hpp(529,9): note: in instantiation of function template specialization 'nlohmann::detail::json_sax_dom_callback_parser<nlohmann::basic_json<>, nlohmann::detail::iterator_input_adapter<const char *>>::handle_value<double &>' requested here
[build]   529 |         handle_value(val);
[build]       |         ^
[build] C:\Users\pperv\code\unnamed_rpg\vendor\json\include\nlohmann/detail/input/parser.hpp(277,56): note: in instantiation of member function 'nlohmann::detail::json_sax_dom_callback_parser<nlohmann::basic_json<>, nlohmann::detail::iterator_input_adapter<const char *>>::number_float' requested here
[build]   277 |                         if (JSON_HEDLEY_UNLIKELY(!sax->number_float(res, m_lexer.get_string())))
[build]       |                                                        ^
[build] C:\Users\pperv\code\unnamed_rpg\vendor\json\include\nlohmann/thirdparty/hedley/hedley.hpp(1360,94): note: expanded from macro 'JSON_HEDLEY_UNLIKELY'
[build]  1360 | #  define JSON_HEDLEY_UNLIKELY(expr)                    __builtin_expect                 (!!(expr),    0                  )
[build]       |                                                                                              ^
[build] C:\Users\pperv\code\unnamed_rpg\vendor\json\include\nlohmann/detail/input/parser.hpp(100,13): note: in instantiation of function template specialization 'nlohmann::detail::parser<nlohmann::basic_json<>, nlohmann::detail::iterator_input_adapter<const char *>>::sax_parse_internal<nlohmann::detail::json_sax_dom_callback_parser<nlohmann::basic_json<>, nlohmann::detail::iterator_input_adapter<const char *>>>' requested here
[build]   100 |             sax_parse_internal(&sdp);
[build]       |             ^
[build] C:\Users\pperv\code\unnamed_rpg\vendor\json\include\nlohmann/json.hpp(4112,148): note: in instantiation of member function 'nlohmann::detail::parser<nlohmann::basic_json<>, nlohmann::detail::iterator_input_adapter<const char *>>::parse' requested here
[build]  4112 |         parser(detail::input_adapter(std::move(first), std::move(last)), std::move(cb), allow_exceptions, ignore_comments, ignore_trailing_commas).parse(true, result); // cppcheck-suppress[accessMoved]
[build]       |                                                                                                                                                    ^
[build] C:\Users\pperv\code\unnamed_rpg\vendor\json\include\nlohmann/json.hpp(5294,28): note: in instantiation of function template specialization 'nlohmann::basic_json<>::parse<const char *, const char *, 0>' requested here
[build]  5294 |     return nlohmann::json::parse(s, s + n);
[build]       |                            ^
[build] In file included from C:\Users\pperv\code\unnamed_rpg\vendor\json-schema-validator\src\string-format-check.cpp:1:
[build] In file included from C:\Users\pperv\code\unnamed_rpg\vendor\json-schema-validator\src\nlohmann/json-schema.hpp:24:
[build] In file included from C:\Users\pperv\code\unnamed_rpg\vendor\json\include\nlohmann/json.hpp:44:
[build] In file included from C:\Users\pperv\code\unnamed_rpg\vendor\json\include\nlohmann/adl_serializer.hpp:15:
[build] C:\Users\pperv\code\unnamed_rpg\vendor\json\include\nlohmann/detail/conversions/to_json.hpp(124,27): warning: enumeration type in nested name specifier is incompatible with C++98 [-Wc++98-compat]
[build]   124 |         j.m_data.m_type = value_t::number_float;
[build]       |                           ^
[build] C:\Users\pperv\code\unnamed_rpg\vendor\json\include\nlohmann/detail/conversions/to_json.hpp(340,50): note: in instantiation of function template specialization 'nlohmann::detail::external_constructor<nlohmann::detail::value_t::number_float>::construct<nlohmann::basic_json<>>' requested here
[build]   340 |     external_constructor<value_t::number_float>::construct(j, static_cast<typename BasicJsonType::number_float_t>(val));
[build]       |                                                  ^
[build] C:\Users\pperv\code\unnamed_rpg\vendor\json\include\nlohmann/detail/conversions/to_json.hpp(516,16): note: in instantiation of function template specialization 'nlohmann::detail::to_json<nlohmann::basic_json<>, double, 0>' requested here
[build]   516 |         return to_json(j, std::forward<T>(val));
[build]       |                ^
[build] C:\Users\pperv\code\unnamed_rpg\vendor\json\include\nlohmann/adl_serializer.hpp(51,9): note: in instantiation of function template specialization 'nlohmann::detail::to_json_fn::operator()<nlohmann::basic_json<>, double &>' requested here
[build]    51 |         ::nlohmann::to_json(j, std::forward<TargetType>(val));
[build]       |         ^
[build] C:\Users\pperv\code\unnamed_rpg\vendor\json\include\nlohmann/json.hpp(872,28): note: in instantiation of function template specialization 'nlohmann::adl_serializer<double>::to_json<nlohmann::basic_json<>, double &>' requested here
[build]   872 |         JSONSerializer<U>::to_json(*this, std::forward<CompatibleType>(val));
[build]       |                            ^
[build] C:\Users\pperv\code\unnamed_rpg\vendor\json\include\nlohmann/detail/input/json_sax.hpp(853,22): note: in instantiation of function template specialization 'nlohmann::basic_json<>::basic_json<double &, double, 0>' requested here
[build]   853 |         auto value = BasicJsonType(std::forward<Value>(v));
[build]       |                      ^
[build] C:\Users\pperv\code\unnamed_rpg\vendor\json\include\nlohmann/detail/input/json_sax.hpp(529,9): note: in instantiation of function template specialization 'nlohmann::detail::json_sax_dom_callback_parser<nlohmann::basic_json<>, nlohmann::detail::iterator_input_adapter<const char *>>::handle_value<double &>' requested here
[build]   529 |         handle_value(val);
[build]       |         ^
[build] C:\Users\pperv\code\unnamed_rpg\vendor\json\include\nlohmann/detail/input/parser.hpp(277,56): note: in instantiation of member function 'nlohmann::detail::json_sax_dom_callback_parser<nlohmann::basic_json<>, nlohmann::detail::iterator_input_adapter<const char *>>::number_float' requested here
[build]   277 |                         if (JSON_HEDLEY_UNLIKELY(!sax->number_float(res, m_lexer.get_string())))
[build]       |                                                        ^
[build] C:\Users\pperv\code\unnamed_rpg\vendor\json\include\nlohmann/thirdparty/hedley/hedley.hpp(1360,94): note: expanded from macro 'JSON_HEDLEY_UNLIKELY'
[build]  1360 | #  define JSON_HEDLEY_UNLIKELY(expr)                    __builtin_expect                 (!!(expr),    0                  )
[build]       |                                                                                              ^
[build] C:\Users\pperv\code\unnamed_rpg\vendor\json\include\nlohmann/detail/input/parser.hpp(100,13): note: in instantiation of function template specialization 'nlohmann::detail::parser<nlohmann::basic_json<>, nlohmann::detail::iterator_input_adapter<const char *>>::sax_parse_internal<nlohmann::detail::json_sax_dom_callback_parser<nlohmann::basic_json<>, nlohmann::detail::iterator_input_adapter<const char *>>>' requested here
[build]   100 |             sax_parse_internal(&sdp);
[build]       |             ^
[build] C:\Users\pperv\code\unnamed_rpg\vendor\json\include\nlohmann/json.hpp(4112,148): note: in instantiation of member function 'nlohmann::detail::parser<nlohmann::basic_json<>, nlohmann::detail::iterator_input_adapter<const char *>>::parse' requested here
[build]  4112 |         parser(detail::input_adapter(std::move(first), std::move(last)), std::move(cb), allow_exceptions, ignore_comments, ignore_trailing_commas).parse(true, result); // cppcheck-suppress[accessMoved]
[build]       |                                                                                                                                                    ^
[build] C:\Users\pperv\code\unnamed_rpg\vendor\json\include\nlohmann/json.hpp(5294,28): note: in instantiation of function template specialization 'nlohmann::basic_json<>::parse<const char *, const char *, 0>' requested here
[build]  5294 |     return nlohmann::json::parse(s, s + n);
[build]       |                            ^
[build] In file included from C:\Users\pperv\code\unnamed_rpg\vendor\json-schema-validator\src\string-format-check.cpp:1:
[build] In file included from C:\Users\pperv\code\unnamed_rpg\vendor\json-schema-validator\src\nlohmann/json-schema.hpp:24:
[build] In file included from C:\Users\pperv\code\unnamed_rpg\vendor\json\include\nlohmann/json.hpp:50:
[build] In file included from C:\Users\pperv\code\unnamed_rpg\vendor\json\include\nlohmann/detail/input/binary_reader.hpp:29:
[build] C:\Users\pperv\code\unnamed_rpg\vendor\json\include\nlohmann/detail/input/json_sax.hpp(849,20): warning: constructor call from initializer list is incompatible with C++98 [-Wc++98-compat]
[build]   849 |             return {false, nullptr};
[build]       |                    ^~~~~~~~~~~~~~~~
[build] C:\Users\pperv\code\unnamed_rpg\vendor\json\include\nlohmann/detail/input/json_sax.hpp(511,9): note: in instantiation of function template specialization 'nlohmann::detail::json_sax_dom_callback_parser<nlohmann::basic_json<>, nlohmann::detail::iterator_input_adapter<const char *>>::handle_value<bool &>' requested here
[build]   511 |         handle_value(val);
[build]       |         ^
[build] C:\Users\pperv\code\unnamed_rpg\vendor\json\include\nlohmann/detail/input/parser.hpp(287,56): note: in instantiation of member function 'nlohmann::detail::json_sax_dom_callback_parser<nlohmann::basic_json<>, nlohmann::detail::iterator_input_adapter<const char *>>::boolean' requested here
[build]   287 |                         if (JSON_HEDLEY_UNLIKELY(!sax->boolean(false)))
[build]       |                                                        ^
[build] C:\Users\pperv\code\unnamed_rpg\vendor\json\include\nlohmann/thirdparty/hedley/hedley.hpp(1360,94): note: expanded from macro 'JSON_HEDLEY_UNLIKELY'
[build]  1360 | #  define JSON_HEDLEY_UNLIKELY(expr)                    __builtin_expect                 (!!(expr),    0                  )
[build]       |                                                                                              ^
[build] C:\Users\pperv\code\unnamed_rpg\vendor\json\include\nlohmann/detail/input/parser.hpp(100,13): note: in instantiation of function template specialization 'nlohmann::detail::parser<nlohmann::basic_json<>, nlohmann::detail::iterator_input_adapter<const char *>>::sax_parse_internal<nlohmann::detail::json_sax_dom_callback_parser<nlohmann::basic_json<>, nlohmann::detail::iterator_input_adapter<const char *>>>' requested here
[build]   100 |             sax_parse_internal(&sdp);
[build]       |             ^
[build] C:\Users\pperv\code\unnamed_rpg\vendor\json\include\nlohmann/json.hpp(4112,148): note: in instantiation of member function 'nlohmann::detail::parser<nlohmann::basic_json<>, nlohmann::detail::iterator_input_adapter<const char *>>::parse' requested here
[build]  4112 |         parser(detail::input_adapter(std::move(first), std::move(last)), std::move(cb), allow_exceptions, ignore_comments, ignore_trailing_commas).parse(true, result); // cppcheck-suppress[accessMoved]
[build]       |                                                                                                                                                    ^
[build] C:\Users\pperv\code\unnamed_rpg\vendor\json\include\nlohmann/json.hpp(5294,28): note: in instantiation of function template specialization 'nlohmann::basic_json<>::parse<const char *, const char *, 0>' requested here
[build]  5294 |     return nlohmann::json::parse(s, s + n);
[build]       |                            ^
[build] In file included from C:\Users\pperv\code\unnamed_rpg\vendor\json-schema-validator\src\string-format-check.cpp:1:
[build] In file included from C:\Users\pperv\code\unnamed_rpg\vendor\json-schema-validator\src\nlohmann/json-schema.hpp:24:
[build] In file included from C:\Users\pperv\code\unnamed_rpg\vendor\json\include\nlohmann/json.hpp:50:
[build] In file included from C:\Users\pperv\code\unnamed_rpg\vendor\json\include\nlohmann/detail/input/binary_reader.hpp:29:
[build] C:\Users\pperv\code\unnamed_rpg\vendor\json\include\nlohmann/detail/input/json_sax.hpp(860,89): warning: enumeration type in nested name specifier is incompatible with C++98 [-Wc++98-compat]
[build]   860 |         const bool keep = skip_callback || callback(static_cast<int>(ref_stack.size()), parse_event_t::value, value);
[build]       |                                                                                         ^
[build] C:\Users\pperv\code\unnamed_rpg\vendor\json\include\nlohmann/detail/input/json_sax.hpp(877,20): warning: constructor call from initializer list is incompatible with C++98 [-Wc++98-compat]
[build]   877 |             return {false, nullptr};
[build]       |                    ^~~~~~~~~~~~~~~~
[build] C:\Users\pperv\code\unnamed_rpg\vendor\json\include\nlohmann/detail/input/json_sax.hpp(883,20): warning: constructor call from initializer list is incompatible with C++98 [-Wc++98-compat]
[build]   883 |             return {true, & root};
[build]       |                    ^~~~~~~~~~~~~~
[build] C:\Users\pperv\code\unnamed_rpg\vendor\json\include\nlohmann/detail/input/json_sax.hpp(890,20): warning: constructor call from initializer list is incompatible with C++98 [-Wc++98-compat]
[build]   890 |             return {false, nullptr};
[build]       |                    ^~~~~~~~~~~~~~~~
[build] C:\Users\pperv\code\unnamed_rpg\vendor\json\include\nlohmann/detail/input/json_sax.hpp(900,20): warning: constructor call from initializer list is incompatible with C++98 [-Wc++98-compat]
[build]   900 |             return {true, & (ref_stack.back()->m_data.m_value.array->back())};
[build]       |                    ^~~~~~~~~~~~~~~~~~~~~~~~~~~~~~~~~~~~~~~~~~~~~~~~~~~~~~~~~~
[build] C:\Users\pperv\code\unnamed_rpg\vendor\json\include\nlohmann/detail/input/json_sax.hpp(912,20): warning: constructor call from initializer list is incompatible with C++98 [-Wc++98-compat]
[build]   912 |             return {false, nullptr};
[build]       |                    ^~~~~~~~~~~~~~~~
[build] C:\Users\pperv\code\unnamed_rpg\vendor\json\include\nlohmann/detail/input/json_sax.hpp(917,16): warning: constructor call from initializer list is incompatible with C++98 [-Wc++98-compat]
[build]   917 |         return {true, object_element};
[build]       |                ^~~~~~~~~~~~~~~~~~~~~~
[build] In file included from C:\Users\pperv\code\unnamed_rpg\vendor\json-schema-validator\src\string-format-check.cpp:1:
[build] In file included from C:\Users\pperv\code\unnamed_rpg\vendor\json-schema-validator\src\nlohmann/json-schema.hpp:24:
[build] In file included from C:\Users\pperv\code\unnamed_rpg\vendor\json\include\nlohmann/json.hpp:44:
[build] In file included from C:\Users\pperv\code\unnamed_rpg\vendor\json\include\nlohmann/adl_serializer.hpp:15:
[build] C:\Users\pperv\code\unnamed_rpg\vendor\json\include\nlohmann/detail/conversions/to_json.hpp(307,26): warning: enumeration type in nested name specifier is incompatible with C++98 [-Wc++98-compat]
[build]   307 |     external_constructor<value_t::boolean>::construct(j, b);
[build]       |                          ^
[build] C:\Users\pperv\code\unnamed_rpg\vendor\json\include\nlohmann/adl_serializer.hpp(51,9): note: in instantiation of function template specialization 'nlohmann::detail::to_json_fn::operator()<nlohmann::basic_json<>, bool &>' requested here
[build]    51 |         ::nlohmann::to_json(j, std::forward<TargetType>(val));
[build]       |         ^
[build] C:\Users\pperv\code\unnamed_rpg\vendor\json\include\nlohmann/json.hpp(872,28): note: in instantiation of function template specialization 'nlohmann::adl_serializer<bool>::to_json<nlohmann::basic_json<>, bool &>' requested here
[build]   872 |         JSONSerializer<U>::to_json(*this, std::forward<CompatibleType>(val));
[build]       |                            ^
[build] C:\Users\pperv\code\unnamed_rpg\vendor\json\include\nlohmann/detail/input/json_sax.hpp(853,22): note: in instantiation of function template specialization 'nlohmann::basic_json<>::basic_json<bool &, bool, 0>' requested here
[build]   853 |         auto value = BasicJsonType(std::forward<Value>(v));
[build]       |                      ^
[build] C:\Users\pperv\code\unnamed_rpg\vendor\json\include\nlohmann/detail/input/json_sax.hpp(511,9): note: in instantiation of function template specialization 'nlohmann::detail::json_sax_dom_callback_parser<nlohmann::basic_json<>, nlohmann::detail::iterator_input_adapter<const char *>>::handle_value<bool &>' requested here
[build]   511 |         handle_value(val);
[build]       |         ^
[build] C:\Users\pperv\code\unnamed_rpg\vendor\json\include\nlohmann/detail/input/parser.hpp(287,56): note: in instantiation of member function 'nlohmann::detail::json_sax_dom_callback_parser<nlohmann::basic_json<>, nlohmann::detail::iterator_input_adapter<const char *>>::boolean' requested here
[build]   287 |                         if (JSON_HEDLEY_UNLIKELY(!sax->boolean(false)))
[build]       |                                                        ^
[build] C:\Users\pperv\code\unnamed_rpg\vendor\json\include\nlohmann/thirdparty/hedley/hedley.hpp(1360,94): note: expanded from macro 'JSON_HEDLEY_UNLIKELY'
[build]  1360 | #  define JSON_HEDLEY_UNLIKELY(expr)                    __builtin_expect                 (!!(expr),    0                  )
[build]       |                                                                                              ^
[build] C:\Users\pperv\code\unnamed_rpg\vendor\json\include\nlohmann/detail/input/parser.hpp(100,13): note: in instantiation of function template specialization 'nlohmann::detail::parser<nlohmann::basic_json<>, nlohmann::detail::iterator_input_adapter<const char *>>::sax_parse_internal<nlohmann::detail::json_sax_dom_callback_parser<nlohmann::basic_json<>, nlohmann::detail::iterator_input_adapter<const char *>>>' requested here
[build]   100 |             sax_parse_internal(&sdp);
[build]       |             ^
[build] C:\Users\pperv\code\unnamed_rpg\vendor\json\include\nlohmann/json.hpp(4112,148): note: in instantiation of member function 'nlohmann::detail::parser<nlohmann::basic_json<>, nlohmann::detail::iterator_input_adapter<const char *>>::parse' requested here
[build]  4112 |         parser(detail::input_adapter(std::move(first), std::move(last)), std::move(cb), allow_exceptions, ignore_comments, ignore_trailing_commas).parse(true, result); // cppcheck-suppress[accessMoved]
[build]       |                                                                                                                                                    ^
[build] C:\Users\pperv\code\unnamed_rpg\vendor\json\include\nlohmann/json.hpp(5294,28): note: in instantiation of function template specialization 'nlohmann::basic_json<>::parse<const char *, const char *, 0>' requested here
[build]  5294 |     return nlohmann::json::parse(s, s + n);
[build]       |                            ^
[build] In file included from C:\Users\pperv\code\unnamed_rpg\vendor\json-schema-validator\src\string-format-check.cpp:1:
[build] In file included from C:\Users\pperv\code\unnamed_rpg\vendor\json-schema-validator\src\nlohmann/json-schema.hpp:24:
[build] In file included from C:\Users\pperv\code\unnamed_rpg\vendor\json\include\nlohmann/json.hpp:44:
[build] In file included from C:\Users\pperv\code\unnamed_rpg\vendor\json\include\nlohmann/adl_serializer.hpp:15:
[build] C:\Users\pperv\code\unnamed_rpg\vendor\json\include\nlohmann/detail/conversions/to_json.hpp(56,27): warning: enumeration type in nested name specifier is incompatible with C++98 [-Wc++98-compat]
[build]    56 |         j.m_data.m_type = value_t::boolean;
[build]       |                           ^
[build] C:\Users\pperv\code\unnamed_rpg\vendor\json\include\nlohmann/detail/conversions/to_json.hpp(516,16): note: in instantiation of function template specialization 'nlohmann::detail::to_json<nlohmann::basic_json<>, bool, 0>' requested here
[build]   516 |         return to_json(j, std::forward<T>(val));
[build]       |                ^
[build] C:\Users\pperv\code\unnamed_rpg\vendor\json\include\nlohmann/adl_serializer.hpp(51,9): note: in instantiation of function template specialization 'nlohmann::detail::to_json_fn::operator()<nlohmann::basic_json<>, bool &>' requested here
[build]    51 |         ::nlohmann::to_json(j, std::forward<TargetType>(val));
[build]       |         ^
[build] C:\Users\pperv\code\unnamed_rpg\vendor\json\include\nlohmann/json.hpp(872,28): note: in instantiation of function template specialization 'nlohmann::adl_serializer<bool>::to_json<nlohmann::basic_json<>, bool &>' requested here
[build]   872 |         JSONSerializer<U>::to_json(*this, std::forward<CompatibleType>(val));
[build]       |                            ^
[build] C:\Users\pperv\code\unnamed_rpg\vendor\json\include\nlohmann/detail/input/json_sax.hpp(853,22): note: in instantiation of function template specialization 'nlohmann::basic_json<>::basic_json<bool &, bool, 0>' requested here
[build]   853 |         auto value = BasicJsonType(std::forward<Value>(v));
[build]       |                      ^
[build] C:\Users\pperv\code\unnamed_rpg\vendor\json\include\nlohmann/detail/input/json_sax.hpp(511,9): note: in instantiation of function template specialization 'nlohmann::detail::json_sax_dom_callback_parser<nlohmann::basic_json<>, nlohmann::detail::iterator_input_adapter<const char *>>::handle_value<bool &>' requested here
[build]   511 |         handle_value(val);
[build]       |         ^
[build] C:\Users\pperv\code\unnamed_rpg\vendor\json\include\nlohmann/detail/input/parser.hpp(287,56): note: in instantiation of member function 'nlohmann::detail::json_sax_dom_callback_parser<nlohmann::basic_json<>, nlohmann::detail::iterator_input_adapter<const char *>>::boolean' requested here
[build]   287 |                         if (JSON_HEDLEY_UNLIKELY(!sax->boolean(false)))
[build]       |                                                        ^
[build] C:\Users\pperv\code\unnamed_rpg\vendor\json\include\nlohmann/thirdparty/hedley/hedley.hpp(1360,94): note: expanded from macro 'JSON_HEDLEY_UNLIKELY'
[build]  1360 | #  define JSON_HEDLEY_UNLIKELY(expr)                    __builtin_expect                 (!!(expr),    0                  )
[build]       |                                                                                              ^
[build] C:\Users\pperv\code\unnamed_rpg\vendor\json\include\nlohmann/detail/input/parser.hpp(100,13): note: in instantiation of function template specialization 'nlohmann::detail::parser<nlohmann::basic_json<>, nlohmann::detail::iterator_input_adapter<const char *>>::sax_parse_internal<nlohmann::detail::json_sax_dom_callback_parser<nlohmann::basic_json<>, nlohmann::detail::iterator_input_adapter<const char *>>>' requested here
[build]   100 |             sax_parse_internal(&sdp);
[build]       |             ^
[build] C:\Users\pperv\code\unnamed_rpg\vendor\json\include\nlohmann/json.hpp(4112,148): note: in instantiation of member function 'nlohmann::detail::parser<nlohmann::basic_json<>, nlohmann::detail::iterator_input_adapter<const char *>>::parse' requested here
[build]  4112 |         parser(detail::input_adapter(std::move(first), std::move(last)), std::move(cb), allow_exceptions, ignore_comments, ignore_trailing_commas).parse(true, result); // cppcheck-suppress[accessMoved]
[build]       |                                                                                                                                                    ^
[build] C:\Users\pperv\code\unnamed_rpg\vendor\json\include\nlohmann/json.hpp(5294,28): note: in instantiation of function template specialization 'nlohmann::basic_json<>::parse<const char *, const char *, 0>' requested here
[build]  5294 |     return nlohmann::json::parse(s, s + n);
[build]       |                            ^
[build] In file included from C:\Users\pperv\code\unnamed_rpg\vendor\json-schema-validator\src\string-format-check.cpp:1:
[build] In file included from C:\Users\pperv\code\unnamed_rpg\vendor\json-schema-validator\src\nlohmann/json-schema.hpp:24:
[build] In file included from C:\Users\pperv\code\unnamed_rpg\vendor\json\include\nlohmann/json.hpp:44:
[build] In file included from C:\Users\pperv\code\unnamed_rpg\vendor\json\include\nlohmann/adl_serializer.hpp:15:
[build] C:\Users\pperv\code\unnamed_rpg\vendor\json\include\nlohmann/detail/conversions/to_json.hpp(56,27): warning: enumeration type in nested name specifier is incompatible with C++98 [-Wc++98-compat]
[build]    56 |         j.m_data.m_type = value_t::boolean;
[build]       |                           ^
[build] C:\Users\pperv\code\unnamed_rpg\vendor\json\include\nlohmann/detail/conversions/to_json.hpp(307,45): note: in instantiation of function template specialization 'nlohmann::detail::external_constructor<nlohmann::detail::value_t::boolean>::construct<nlohmann::basic_json<>>' requested here
[build]   307 |     external_constructor<value_t::boolean>::construct(j, b);
[build]       |                                             ^
[build] C:\Users\pperv\code\unnamed_rpg\vendor\json\include\nlohmann/detail/conversions/to_json.hpp(516,16): note: in instantiation of function template specialization 'nlohmann::detail::to_json<nlohmann::basic_json<>, bool, 0>' requested here
[build]   516 |         return to_json(j, std::forward<T>(val));
[build]       |                ^
[build] C:\Users\pperv\code\unnamed_rpg\vendor\json\include\nlohmann/adl_serializer.hpp(51,9): note: in instantiation of function template specialization 'nlohmann::detail::to_json_fn::operator()<nlohmann::basic_json<>, bool &>' requested here
[build]    51 |         ::nlohmann::to_json(j, std::forward<TargetType>(val));
[build]       |         ^
[build] C:\Users\pperv\code\unnamed_rpg\vendor\json\include\nlohmann/json.hpp(872,28): note: in instantiation of function template specialization 'nlohmann::adl_serializer<bool>::to_json<nlohmann::basic_json<>, bool &>' requested here
[build]   872 |         JSONSerializer<U>::to_json(*this, std::forward<CompatibleType>(val));
[build]       |                            ^
[build] C:\Users\pperv\code\unnamed_rpg\vendor\json\include\nlohmann/detail/input/json_sax.hpp(853,22): note: in instantiation of function template specialization 'nlohmann::basic_json<>::basic_json<bool &, bool, 0>' requested here
[build]   853 |         auto value = BasicJsonType(std::forward<Value>(v));
[build]       |                      ^
[build] C:\Users\pperv\code\unnamed_rpg\vendor\json\include\nlohmann/detail/input/json_sax.hpp(511,9): note: in instantiation of function template specialization 'nlohmann::detail::json_sax_dom_callback_parser<nlohmann::basic_json<>, nlohmann::detail::iterator_input_adapter<const char *>>::handle_value<bool &>' requested here
[build]   511 |         handle_value(val);
[build]       |         ^
[build] C:\Users\pperv\code\unnamed_rpg\vendor\json\include\nlohmann/detail/input/parser.hpp(287,56): note: in instantiation of member function 'nlohmann::detail::json_sax_dom_callback_parser<nlohmann::basic_json<>, nlohmann::detail::iterator_input_adapter<const char *>>::boolean' requested here
[build]   287 |                         if (JSON_HEDLEY_UNLIKELY(!sax->boolean(false)))
[build]       |                                                        ^
[build] C:\Users\pperv\code\unnamed_rpg\vendor\json\include\nlohmann/thirdparty/hedley/hedley.hpp(1360,94): note: expanded from macro 'JSON_HEDLEY_UNLIKELY'
[build]  1360 | #  define JSON_HEDLEY_UNLIKELY(expr)                    __builtin_expect                 (!!(expr),    0                  )
[build]       |                                                                                              ^
[build] C:\Users\pperv\code\unnamed_rpg\vendor\json\include\nlohmann/detail/input/parser.hpp(100,13): note: in instantiation of function template specialization 'nlohmann::detail::parser<nlohmann::basic_json<>, nlohmann::detail::iterator_input_adapter<const char *>>::sax_parse_internal<nlohmann::detail::json_sax_dom_callback_parser<nlohmann::basic_json<>, nlohmann::detail::iterator_input_adapter<const char *>>>' requested here
[build]   100 |             sax_parse_internal(&sdp);
[build]       |             ^
[build] C:\Users\pperv\code\unnamed_rpg\vendor\json\include\nlohmann/json.hpp(4112,148): note: in instantiation of member function 'nlohmann::detail::parser<nlohmann::basic_json<>, nlohmann::detail::iterator_input_adapter<const char *>>::parse' requested here
[build]  4112 |         parser(detail::input_adapter(std::move(first), std::move(last)), std::move(cb), allow_exceptions, ignore_comments, ignore_trailing_commas).parse(true, result); // cppcheck-suppress[accessMoved]
[build]       |                                                                                                                                                    ^
[build] C:\Users\pperv\code\unnamed_rpg\vendor\json\include\nlohmann/json.hpp(5294,28): note: in instantiation of function template specialization 'nlohmann::basic_json<>::parse<const char *, const char *, 0>' requested here
[build]  5294 |     return nlohmann::json::parse(s, s + n);
[build]       |                            ^
[build] In file included from C:\Users\pperv\code\unnamed_rpg\vendor\json-schema-validator\src\string-format-check.cpp:1:
[build] In file included from C:\Users\pperv\code\unnamed_rpg\vendor\json-schema-validator\src\nlohmann/json-schema.hpp:24:
[build] In file included from C:\Users\pperv\code\unnamed_rpg\vendor\json\include\nlohmann/json.hpp:50:
[build] In file included from C:\Users\pperv\code\unnamed_rpg\vendor\json\include\nlohmann/detail/input/binary_reader.hpp:29:
[build] C:\Users\pperv\code\unnamed_rpg\vendor\json\include\nlohmann/detail/input/json_sax.hpp(505,22): warning: 'nullptr' is incompatible with C++98 [-Wc++98-compat]
[build]   505 |         handle_value(nullptr);
[build]       |                      ^
[build] C:\Users\pperv\code\unnamed_rpg\vendor\json\include\nlohmann/detail/input/json_sax.hpp(849,20): warning: constructor call from initializer list is incompatible with C++98 [-Wc++98-compat]
[build]   849 |             return {false, nullptr};
[build]       |                    ^~~~~~~~~~~~~~~~
[build] C:\Users\pperv\code\unnamed_rpg\vendor\json\include\nlohmann/detail/input/json_sax.hpp(505,9): note: in instantiation of function template specialization 'nlohmann::detail::json_sax_dom_callback_parser<nlohmann::basic_json<>, nlohmann::detail::iterator_input_adapter<const char *>>::handle_value<std::nullptr_t>' requested here
[build]   505 |         handle_value(nullptr);
[build]       |         ^
[build] C:\Users\pperv\code\unnamed_rpg\vendor\json\include\nlohmann/detail/input/parser.hpp(296,56): note: in instantiation of member function 'nlohmann::detail::json_sax_dom_callback_parser<nlohmann::basic_json<>, nlohmann::detail::iterator_input_adapter<const char *>>::null' requested here
[build]   296 |                         if (JSON_HEDLEY_UNLIKELY(!sax->null()))
[build]       |                                                        ^
[build] C:\Users\pperv\code\unnamed_rpg\vendor\json\include\nlohmann/thirdparty/hedley/hedley.hpp(1360,94): note: expanded from macro 'JSON_HEDLEY_UNLIKELY'
[build]  1360 | #  define JSON_HEDLEY_UNLIKELY(expr)                    __builtin_expect                 (!!(expr),    0                  )
[build]       |                                                                                              ^
[build] C:\Users\pperv\code\unnamed_rpg\vendor\json\include\nlohmann/detail/input/parser.hpp(100,13): note: in instantiation of function template specialization 'nlohmann::detail::parser<nlohmann::basic_json<>, nlohmann::detail::iterator_input_adapter<const char *>>::sax_parse_internal<nlohmann::detail::json_sax_dom_callback_parser<nlohmann::basic_json<>, nlohmann::detail::iterator_input_adapter<const char *>>>' requested here
[build]   100 |             sax_parse_internal(&sdp);
[build]       |             ^
[build] C:\Users\pperv\code\unnamed_rpg\vendor\json\include\nlohmann/json.hpp(4112,148): note: in instantiation of member function 'nlohmann::detail::parser<nlohmann::basic_json<>, nlohmann::detail::iterator_input_adapter<const char *>>::parse' requested here
[build]  4112 |         parser(detail::input_adapter(std::move(first), std::move(last)), std::move(cb), allow_exceptions, ignore_comments, ignore_trailing_commas).parse(true, result); // cppcheck-suppress[accessMoved]
[build]       |                                                                                                                                                    ^
[build] C:\Users\pperv\code\unnamed_rpg\vendor\json\include\nlohmann/json.hpp(5294,28): note: in instantiation of function template specialization 'nlohmann::basic_json<>::parse<const char *, const char *, 0>' requested here
[build]  5294 |     return nlohmann::json::parse(s, s + n);
[build]       |                            ^
[build] In file included from C:\Users\pperv\code\unnamed_rpg\vendor\json-schema-validator\src\string-format-check.cpp:1:
[build] In file included from C:\Users\pperv\code\unnamed_rpg\vendor\json-schema-validator\src\nlohmann/json-schema.hpp:24:
[build] In file included from C:\Users\pperv\code\unnamed_rpg\vendor\json\include\nlohmann/json.hpp:50:
[build] In file included from C:\Users\pperv\code\unnamed_rpg\vendor\json\include\nlohmann/detail/input/binary_reader.hpp:29:
[build] C:\Users\pperv\code\unnamed_rpg\vendor\json\include\nlohmann/detail/input/json_sax.hpp(860,89): warning: enumeration type in nested name specifier is incompatible with C++98 [-Wc++98-compat]
[build]   860 |         const bool keep = skip_callback || callback(static_cast<int>(ref_stack.size()), parse_event_t::value, value);
[build]       |                                                                                         ^
[build] C:\Users\pperv\code\unnamed_rpg\vendor\json\include\nlohmann/detail/input/json_sax.hpp(877,20): warning: constructor call from initializer list is incompatible with C++98 [-Wc++98-compat]
[build]   877 |             return {false, nullptr};
[build]       |                    ^~~~~~~~~~~~~~~~
[build] C:\Users\pperv\code\unnamed_rpg\vendor\json\include\nlohmann/detail/input/json_sax.hpp(883,20): warning: constructor call from initializer list is incompatible with C++98 [-Wc++98-compat]
[build]   883 |             return {true, & root};
[build]       |                    ^~~~~~~~~~~~~~
[build] C:\Users\pperv\code\unnamed_rpg\vendor\json\include\nlohmann/detail/input/json_sax.hpp(890,20): warning: constructor call from initializer list is incompatible with C++98 [-Wc++98-compat]
[build]   890 |             return {false, nullptr};
[build]       |                    ^~~~~~~~~~~~~~~~
[build] C:\Users\pperv\code\unnamed_rpg\vendor\json\include\nlohmann/detail/input/json_sax.hpp(900,20): warning: constructor call from initializer list is incompatible with C++98 [-Wc++98-compat]
[build]   900 |             return {true, & (ref_stack.back()->m_data.m_value.array->back())};
[build]       |                    ^~~~~~~~~~~~~~~~~~~~~~~~~~~~~~~~~~~~~~~~~~~~~~~~~~~~~~~~~~
[build] C:\Users\pperv\code\unnamed_rpg\vendor\json\include\nlohmann/detail/input/json_sax.hpp(912,20): warning: constructor call from initializer list is incompatible with C++98 [-Wc++98-compat]
[build]   912 |             return {false, nullptr};
[build]       |                    ^~~~~~~~~~~~~~~~
[build] C:\Users\pperv\code\unnamed_rpg\vendor\json\include\nlohmann/detail/input/json_sax.hpp(917,16): warning: constructor call from initializer list is incompatible with C++98 [-Wc++98-compat]
[build]   917 |         return {true, object_element};
[build]       |                ^~~~~~~~~~~~~~~~~~~~~~
[build] C:\Users\pperv\code\unnamed_rpg\vendor\json\include\nlohmann/detail/input/json_sax.hpp(849,20): warning: constructor call from initializer list is incompatible with C++98 [-Wc++98-compat]
[build]   849 |             return {false, nullptr};
[build]       |                    ^~~~~~~~~~~~~~~~
[build] C:\Users\pperv\code\unnamed_rpg\vendor\json\include\nlohmann/detail/input/json_sax.hpp(517,9): note: in instantiation of function template specialization 'nlohmann::detail::json_sax_dom_callback_parser<nlohmann::basic_json<>, nlohmann::detail::iterator_input_adapter<const char *>>::handle_value<long long &>' requested here
[build]   517 |         handle_value(val);
[build]       |         ^
[build] C:\Users\pperv\code\unnamed_rpg\vendor\json\include\nlohmann/detail/input/parser.hpp(314,56): note: in instantiation of member function 'nlohmann::detail::json_sax_dom_callback_parser<nlohmann::basic_json<>, nlohmann::detail::iterator_input_adapter<const char *>>::number_integer' requested here
[build]   314 |                         if (JSON_HEDLEY_UNLIKELY(!sax->number_integer(m_lexer.get_number_integer())))
[build]       |                                                        ^
[build] C:\Users\pperv\code\unnamed_rpg\vendor\json\include\nlohmann/thirdparty/hedley/hedley.hpp(1360,94): note: expanded from macro 'JSON_HEDLEY_UNLIKELY'
[build]  1360 | #  define JSON_HEDLEY_UNLIKELY(expr)                    __builtin_expect                 (!!(expr),    0                  )
[build]       |                                                                                              ^
[build] C:\Users\pperv\code\unnamed_rpg\vendor\json\include\nlohmann/detail/input/parser.hpp(100,13): note: in instantiation of function template specialization 'nlohmann::detail::parser<nlohmann::basic_json<>, nlohmann::detail::iterator_input_adapter<const char *>>::sax_parse_internal<nlohmann::detail::json_sax_dom_callback_parser<nlohmann::basic_json<>, nlohmann::detail::iterator_input_adapter<const char *>>>' requested here
[build]   100 |             sax_parse_internal(&sdp);
[build]       |             ^
[build] C:\Users\pperv\code\unnamed_rpg\vendor\json\include\nlohmann/json.hpp(4112,148): note: in instantiation of member function 'nlohmann::detail::parser<nlohmann::basic_json<>, nlohmann::detail::iterator_input_adapter<const char *>>::parse' requested here
[build]  4112 |         parser(detail::input_adapter(std::move(first), std::move(last)), std::move(cb), allow_exceptions, ignore_comments, ignore_trailing_commas).parse(true, result); // cppcheck-suppress[accessMoved]
[build]       |                                                                                                                                                    ^
[build] C:\Users\pperv\code\unnamed_rpg\vendor\json\include\nlohmann/json.hpp(5294,28): note: in instantiation of function template specialization 'nlohmann::basic_json<>::parse<const char *, const char *, 0>' requested here
[build]  5294 |     return nlohmann::json::parse(s, s + n);
[build]       |                            ^
[build] In file included from C:\Users\pperv\code\unnamed_rpg\vendor\json-schema-validator\src\string-format-check.cpp:1:
[build] In file included from C:\Users\pperv\code\unnamed_rpg\vendor\json-schema-validator\src\nlohmann/json-schema.hpp:24:
[build] In file included from C:\Users\pperv\code\unnamed_rpg\vendor\json\include\nlohmann/json.hpp:50:
[build] In file included from C:\Users\pperv\code\unnamed_rpg\vendor\json\include\nlohmann/detail/input/binary_reader.hpp:29:
[build] C:\Users\pperv\code\unnamed_rpg\vendor\json\include\nlohmann/detail/input/json_sax.hpp(860,89): warning: enumeration type in nested name specifier is incompatible with C++98 [-Wc++98-compat]
[build]   860 |         const bool keep = skip_callback || callback(static_cast<int>(ref_stack.size()), parse_event_t::value, value);
[build]       |                                                                                         ^
[build] C:\Users\pperv\code\unnamed_rpg\vendor\json\include\nlohmann/detail/input/json_sax.hpp(877,20): warning: constructor call from initializer list is incompatible with C++98 [-Wc++98-compat]
[build]   877 |             return {false, nullptr};
[build]       |                    ^~~~~~~~~~~~~~~~
[build] C:\Users\pperv\code\unnamed_rpg\vendor\json\include\nlohmann/detail/input/json_sax.hpp(883,20): warning: constructor call from initializer list is incompatible with C++98 [-Wc++98-compat]
[build]   883 |             return {true, & root};
[build]       |                    ^~~~~~~~~~~~~~
[build] C:\Users\pperv\code\unnamed_rpg\vendor\json\include\nlohmann/detail/input/json_sax.hpp(890,20): warning: constructor call from initializer list is incompatible with C++98 [-Wc++98-compat]
[build]   890 |             return {false, nullptr};
[build]       |                    ^~~~~~~~~~~~~~~~
[build] C:\Users\pperv\code\unnamed_rpg\vendor\json\include\nlohmann/detail/input/json_sax.hpp(900,20): warning: constructor call from initializer list is incompatible with C++98 [-Wc++98-compat]
[build]   900 |             return {true, & (ref_stack.back()->m_data.m_value.array->back())};
[build]       |                    ^~~~~~~~~~~~~~~~~~~~~~~~~~~~~~~~~~~~~~~~~~~~~~~~~~~~~~~~~~
[build] C:\Users\pperv\code\unnamed_rpg\vendor\json\include\nlohmann/detail/input/json_sax.hpp(912,20): warning: constructor call from initializer list is incompatible with C++98 [-Wc++98-compat]
[build]   912 |             return {false, nullptr};
[build]       |                    ^~~~~~~~~~~~~~~~
[build] C:\Users\pperv\code\unnamed_rpg\vendor\json\include\nlohmann/detail/input/json_sax.hpp(917,16): warning: constructor call from initializer list is incompatible with C++98 [-Wc++98-compat]
[build]   917 |         return {true, object_element};
[build]       |                ^~~~~~~~~~~~~~~~~~~~~~
[build] In file included from C:\Users\pperv\code\unnamed_rpg\vendor\json-schema-validator\src\string-format-check.cpp:1:
[build] In file included from C:\Users\pperv\code\unnamed_rpg\vendor\json-schema-validator\src\nlohmann/json-schema.hpp:24:
[build] In file included from C:\Users\pperv\code\unnamed_rpg\vendor\json\include\nlohmann/json.hpp:44:
[build] In file included from C:\Users\pperv\code\unnamed_rpg\vendor\json\include\nlohmann/adl_serializer.hpp:15:
[build] C:\Users\pperv\code\unnamed_rpg\vendor\json\include\nlohmann/detail/conversions/to_json.hpp(354,26): warning: enumeration type in nested name specifier is incompatible with C++98 [-Wc++98-compat]
[build]   354 |     external_constructor<value_t::number_integer>::construct(j, static_cast<typename BasicJsonType::number_integer_t>(val));
[build]       |                          ^
[build] C:\Users\pperv\code\unnamed_rpg\vendor\json\include\nlohmann/adl_serializer.hpp(51,9): note: in instantiation of function template specialization 'nlohmann::detail::to_json_fn::operator()<nlohmann::basic_json<>, long long &>' requested here
[build]    51 |         ::nlohmann::to_json(j, std::forward<TargetType>(val));
[build]       |         ^
[build] C:\Users\pperv\code\unnamed_rpg\vendor\json\include\nlohmann/json.hpp(872,28): note: in instantiation of function template specialization 'nlohmann::adl_serializer<long long>::to_json<nlohmann::basic_json<>, long long &>' requested here
[build]   872 |         JSONSerializer<U>::to_json(*this, std::forward<CompatibleType>(val));
[build]       |                            ^
[build] C:\Users\pperv\code\unnamed_rpg\vendor\json\include\nlohmann/detail/input/json_sax.hpp(853,22): note: in instantiation of function template specialization 'nlohmann::basic_json<>::basic_json<long long &, long long, 0>' requested here
[build]   853 |         auto value = BasicJsonType(std::forward<Value>(v));
[build]       |                      ^
[build] C:\Users\pperv\code\unnamed_rpg\vendor\json\include\nlohmann/detail/input/json_sax.hpp(517,9): note: in instantiation of function template specialization 'nlohmann::detail::json_sax_dom_callback_parser<nlohmann::basic_json<>, nlohmann::detail::iterator_input_adapter<const char *>>::handle_value<long long &>' requested here
[build]   517 |         handle_value(val);
[build]       |         ^
[build] C:\Users\pperv\code\unnamed_rpg\vendor\json\include\nlohmann/detail/input/parser.hpp(314,56): note: in instantiation of member function 'nlohmann::detail::json_sax_dom_callback_parser<nlohmann::basic_json<>, nlohmann::detail::iterator_input_adapter<const char *>>::number_integer' requested here
[build]   314 |                         if (JSON_HEDLEY_UNLIKELY(!sax->number_integer(m_lexer.get_number_integer())))
[build]       |                                                        ^
[build] C:\Users\pperv\code\unnamed_rpg\vendor\json\include\nlohmann/thirdparty/hedley/hedley.hpp(1360,94): note: expanded from macro 'JSON_HEDLEY_UNLIKELY'
[build]  1360 | #  define JSON_HEDLEY_UNLIKELY(expr)                    __builtin_expect                 (!!(expr),    0                  )
[build]       |                                                                                              ^
[build] C:\Users\pperv\code\unnamed_rpg\vendor\json\include\nlohmann/detail/input/parser.hpp(100,13): note: in instantiation of function template specialization 'nlohmann::detail::parser<nlohmann::basic_json<>, nlohmann::detail::iterator_input_adapter<const char *>>::sax_parse_internal<nlohmann::detail::json_sax_dom_callback_parser<nlohmann::basic_json<>, nlohmann::detail::iterator_input_adapter<const char *>>>' requested here
[build]   100 |             sax_parse_internal(&sdp);
[build]       |             ^
[build] C:\Users\pperv\code\unnamed_rpg\vendor\json\include\nlohmann/json.hpp(4112,148): note: in instantiation of member function 'nlohmann::detail::parser<nlohmann::basic_json<>, nlohmann::detail::iterator_input_adapter<const char *>>::parse' requested here
[build]  4112 |         parser(detail::input_adapter(std::move(first), std::move(last)), std::move(cb), allow_exceptions, ignore_comments, ignore_trailing_commas).parse(true, result); // cppcheck-suppress[accessMoved]
[build]       |                                                                                                                                                    ^
[build] C:\Users\pperv\code\unnamed_rpg\vendor\json\include\nlohmann/json.hpp(5294,28): note: in instantiation of function template specialization 'nlohmann::basic_json<>::parse<const char *, const char *, 0>' requested here
[build]  5294 |     return nlohmann::json::parse(s, s + n);
[build]       |                            ^
[build] In file included from C:\Users\pperv\code\unnamed_rpg\vendor\json-schema-validator\src\string-format-check.cpp:1:
[build] In file included from C:\Users\pperv\code\unnamed_rpg\vendor\json-schema-validator\src\nlohmann/json-schema.hpp:24:
[build] In file included from C:\Users\pperv\code\unnamed_rpg\vendor\json\include\nlohmann/json.hpp:44:
[build] In file included from C:\Users\pperv\code\unnamed_rpg\vendor\json\include\nlohmann/adl_serializer.hpp:15:
[build] C:\Users\pperv\code\unnamed_rpg\vendor\json\include\nlohmann/detail/conversions/to_json.hpp(150,27): warning: enumeration type in nested name specifier is incompatible with C++98 [-Wc++98-compat]
[build]   150 |         j.m_data.m_type = value_t::number_integer;
[build]       |                           ^
[build] C:\Users\pperv\code\unnamed_rpg\vendor\json\include\nlohmann/detail/conversions/to_json.hpp(516,16): note: in instantiation of function template specialization 'nlohmann::detail::to_json<nlohmann::basic_json<>, long long, 0>' requested here
[build]   516 |         return to_json(j, std::forward<T>(val));
[build]       |                ^
[build] C:\Users\pperv\code\unnamed_rpg\vendor\json\include\nlohmann/adl_serializer.hpp(51,9): note: in instantiation of function template specialization 'nlohmann::detail::to_json_fn::operator()<nlohmann::basic_json<>, long long &>' requested here
[build]    51 |         ::nlohmann::to_json(j, std::forward<TargetType>(val));
[build]       |         ^
[build] C:\Users\pperv\code\unnamed_rpg\vendor\json\include\nlohmann/json.hpp(872,28): note: in instantiation of function template specialization 'nlohmann::adl_serializer<long long>::to_json<nlohmann::basic_json<>, long long &>' requested here
[build]   872 |         JSONSerializer<U>::to_json(*this, std::forward<CompatibleType>(val));
[build]       |                            ^
[build] C:\Users\pperv\code\unnamed_rpg\vendor\json\include\nlohmann/detail/input/json_sax.hpp(853,22): note: in instantiation of function template specialization 'nlohmann::basic_json<>::basic_json<long long &, long long, 0>' requested here
[build]   853 |         auto value = BasicJsonType(std::forward<Value>(v));
[build]       |                      ^
[build] C:\Users\pperv\code\unnamed_rpg\vendor\json\include\nlohmann/detail/input/json_sax.hpp(517,9): note: in instantiation of function template specialization 'nlohmann::detail::json_sax_dom_callback_parser<nlohmann::basic_json<>, nlohmann::detail::iterator_input_adapter<const char *>>::handle_value<long long &>' requested here
[build]   517 |         handle_value(val);
[build]       |         ^
[build] C:\Users\pperv\code\unnamed_rpg\vendor\json\include\nlohmann/detail/input/parser.hpp(314,56): note: in instantiation of member function 'nlohmann::detail::json_sax_dom_callback_parser<nlohmann::basic_json<>, nlohmann::detail::iterator_input_adapter<const char *>>::number_integer' requested here
[build]   314 |                         if (JSON_HEDLEY_UNLIKELY(!sax->number_integer(m_lexer.get_number_integer())))
[build]       |                                                        ^
[build] C:\Users\pperv\code\unnamed_rpg\vendor\json\include\nlohmann/thirdparty/hedley/hedley.hpp(1360,94): note: expanded from macro 'JSON_HEDLEY_UNLIKELY'
[build]  1360 | #  define JSON_HEDLEY_UNLIKELY(expr)                    __builtin_expect                 (!!(expr),    0                  )
[build]       |                                                                                              ^
[build] C:\Users\pperv\code\unnamed_rpg\vendor\json\include\nlohmann/detail/input/parser.hpp(100,13): note: in instantiation of function template specialization 'nlohmann::detail::parser<nlohmann::basic_json<>, nlohmann::detail::iterator_input_adapter<const char *>>::sax_parse_internal<nlohmann::detail::json_sax_dom_callback_parser<nlohmann::basic_json<>, nlohmann::detail::iterator_input_adapter<const char *>>>' requested here
[build]   100 |             sax_parse_internal(&sdp);
[build]       |             ^
[build] C:\Users\pperv\code\unnamed_rpg\vendor\json\include\nlohmann/json.hpp(4112,148): note: in instantiation of member function 'nlohmann::detail::parser<nlohmann::basic_json<>, nlohmann::detail::iterator_input_adapter<const char *>>::parse' requested here
[build]  4112 |         parser(detail::input_adapter(std::move(first), std::move(last)), std::move(cb), allow_exceptions, ignore_comments, ignore_trailing_commas).parse(true, result); // cppcheck-suppress[accessMoved]
[build]       |                                                                                                                                                    ^
[build] C:\Users\pperv\code\unnamed_rpg\vendor\json\include\nlohmann/json.hpp(5294,28): note: in instantiation of function template specialization 'nlohmann::basic_json<>::parse<const char *, const char *, 0>' requested here
[build]  5294 |     return nlohmann::json::parse(s, s + n);
[build]       |                            ^
[build] In file included from C:\Users\pperv\code\unnamed_rpg\vendor\json-schema-validator\src\string-format-check.cpp:1:
[build] In file included from C:\Users\pperv\code\unnamed_rpg\vendor\json-schema-validator\src\nlohmann/json-schema.hpp:24:
[build] In file included from C:\Users\pperv\code\unnamed_rpg\vendor\json\include\nlohmann/json.hpp:44:
[build] In file included from C:\Users\pperv\code\unnamed_rpg\vendor\json\include\nlohmann/adl_serializer.hpp:15:
[build] C:\Users\pperv\code\unnamed_rpg\vendor\json\include\nlohmann/detail/conversions/to_json.hpp(150,27): warning: enumeration type in nested name specifier is incompatible with C++98 [-Wc++98-compat]
[build]   150 |         j.m_data.m_type = value_t::number_integer;
[build]       |                           ^
[build] C:\Users\pperv\code\unnamed_rpg\vendor\json\include\nlohmann/detail/conversions/to_json.hpp(354,52): note: in instantiation of function template specialization 'nlohmann::detail::external_constructor<nlohmann::detail::value_t::number_integer>::construct<nlohmann::basic_json<>>' requested here
[build]   354 |     external_constructor<value_t::number_integer>::construct(j, static_cast<typename BasicJsonType::number_integer_t>(val));
[build]       |                                                    ^
[build] C:\Users\pperv\code\unnamed_rpg\vendor\json\include\nlohmann/detail/conversions/to_json.hpp(516,16): note: in instantiation of function template specialization 'nlohmann::detail::to_json<nlohmann::basic_json<>, long long, 0>' requested here
[build]   516 |         return to_json(j, std::forward<T>(val));
[build]       |                ^
[build] C:\Users\pperv\code\unnamed_rpg\vendor\json\include\nlohmann/adl_serializer.hpp(51,9): note: in instantiation of function template specialization 'nlohmann::detail::to_json_fn::operator()<nlohmann::basic_json<>, long long &>' requested here
[build]    51 |         ::nlohmann::to_json(j, std::forward<TargetType>(val));
[build]       |         ^
[build] C:\Users\pperv\code\unnamed_rpg\vendor\json\include\nlohmann/json.hpp(872,28): note: in instantiation of function template specialization 'nlohmann::adl_serializer<long long>::to_json<nlohmann::basic_json<>, long long &>' requested here
[build]   872 |         JSONSerializer<U>::to_json(*this, std::forward<CompatibleType>(val));
[build]       |                            ^
[build] C:\Users\pperv\code\unnamed_rpg\vendor\json\include\nlohmann/detail/input/json_sax.hpp(853,22): note: in instantiation of function template specialization 'nlohmann::basic_json<>::basic_json<long long &, long long, 0>' requested here
[build]   853 |         auto value = BasicJsonType(std::forward<Value>(v));
[build]       |                      ^
[build] C:\Users\pperv\code\unnamed_rpg\vendor\json\include\nlohmann/detail/input/json_sax.hpp(517,9): note: in instantiation of function template specialization 'nlohmann::detail::json_sax_dom_callback_parser<nlohmann::basic_json<>, nlohmann::detail::iterator_input_adapter<const char *>>::handle_value<long long &>' requested here
[build]   517 |         handle_value(val);
[build]       |         ^
[build] C:\Users\pperv\code\unnamed_rpg\vendor\json\include\nlohmann/detail/input/parser.hpp(314,56): note: in instantiation of member function 'nlohmann::detail::json_sax_dom_callback_parser<nlohmann::basic_json<>, nlohmann::detail::iterator_input_adapter<const char *>>::number_integer' requested here
[build]   314 |                         if (JSON_HEDLEY_UNLIKELY(!sax->number_integer(m_lexer.get_number_integer())))
[build]       |                                                        ^
[build] C:\Users\pperv\code\unnamed_rpg\vendor\json\include\nlohmann/thirdparty/hedley/hedley.hpp(1360,94): note: expanded from macro 'JSON_HEDLEY_UNLIKELY'
[build]  1360 | #  define JSON_HEDLEY_UNLIKELY(expr)                    __builtin_expect                 (!!(expr),    0                  )
[build]       |                                                                                              ^
[build] C:\Users\pperv\code\unnamed_rpg\vendor\json\include\nlohmann/detail/input/parser.hpp(100,13): note: in instantiation of function template specialization 'nlohmann::detail::parser<nlohmann::basic_json<>, nlohmann::detail::iterator_input_adapter<const char *>>::sax_parse_internal<nlohmann::detail::json_sax_dom_callback_parser<nlohmann::basic_json<>, nlohmann::detail::iterator_input_adapter<const char *>>>' requested here
[build]   100 |             sax_parse_internal(&sdp);
[build]       |             ^
[build] C:\Users\pperv\code\unnamed_rpg\vendor\json\include\nlohmann/json.hpp(4112,148): note: in instantiation of member function 'nlohmann::detail::parser<nlohmann::basic_json<>, nlohmann::detail::iterator_input_adapter<const char *>>::parse' requested here
[build]  4112 |         parser(detail::input_adapter(std::move(first), std::move(last)), std::move(cb), allow_exceptions, ignore_comments, ignore_trailing_commas).parse(true, result); // cppcheck-suppress[accessMoved]
[build]       |                                                                                                                                                    ^
[build] C:\Users\pperv\code\unnamed_rpg\vendor\json\include\nlohmann/json.hpp(5294,28): note: in instantiation of function template specialization 'nlohmann::basic_json<>::parse<const char *, const char *, 0>' requested here
[build]  5294 |     return nlohmann::json::parse(s, s + n);
[build]       |                            ^
[build] In file included from C:\Users\pperv\code\unnamed_rpg\vendor\json-schema-validator\src\string-format-check.cpp:1:
[build] In file included from C:\Users\pperv\code\unnamed_rpg\vendor\json-schema-validator\src\nlohmann/json-schema.hpp:24:
[build] In file included from C:\Users\pperv\code\unnamed_rpg\vendor\json\include\nlohmann/json.hpp:50:
[build] In file included from C:\Users\pperv\code\unnamed_rpg\vendor\json\include\nlohmann/detail/input/binary_reader.hpp:29:
[build] C:\Users\pperv\code\unnamed_rpg\vendor\json\include\nlohmann/detail/input/json_sax.hpp(849,20): warning: constructor call from initializer list is incompatible with C++98 [-Wc++98-compat]
[build]   849 |             return {false, nullptr};
[build]       |                    ^~~~~~~~~~~~~~~~
[build] C:\Users\pperv\code\unnamed_rpg\vendor\json\include\nlohmann/detail/input/json_sax.hpp(535,9): note: in instantiation of function template specialization 'nlohmann::detail::json_sax_dom_callback_parser<nlohmann::basic_json<>, nlohmann::detail::iterator_input_adapter<const char *>>::handle_value<std::basic_string<char> &>' requested here
[build]   535 |         handle_value(val);
[build]       |         ^
[build] C:\Users\pperv\code\unnamed_rpg\vendor\json\include\nlohmann/detail/input/parser.hpp(323,56): note: in instantiation of member function 'nlohmann::detail::json_sax_dom_callback_parser<nlohmann::basic_json<>, nlohmann::detail::iterator_input_adapter<const char *>>::string' requested here
[build]   323 |                         if (JSON_HEDLEY_UNLIKELY(!sax->string(m_lexer.get_string())))
[build]       |                                                        ^
[build] C:\Users\pperv\code\unnamed_rpg\vendor\json\include\nlohmann/thirdparty/hedley/hedley.hpp(1360,94): note: expanded from macro 'JSON_HEDLEY_UNLIKELY'
[build]  1360 | #  define JSON_HEDLEY_UNLIKELY(expr)                    __builtin_expect                 (!!(expr),    0                  )
[build]       |                                                                                              ^
[build] C:\Users\pperv\code\unnamed_rpg\vendor\json\include\nlohmann/detail/input/parser.hpp(100,13): note: in instantiation of function template specialization 'nlohmann::detail::parser<nlohmann::basic_json<>, nlohmann::detail::iterator_input_adapter<const char *>>::sax_parse_internal<nlohmann::detail::json_sax_dom_callback_parser<nlohmann::basic_json<>, nlohmann::detail::iterator_input_adapter<const char *>>>' requested here
[build]   100 |             sax_parse_internal(&sdp);
[build]       |             ^
[build] C:\Users\pperv\code\unnamed_rpg\vendor\json\include\nlohmann/json.hpp(4112,148): note: in instantiation of member function 'nlohmann::detail::parser<nlohmann::basic_json<>, nlohmann::detail::iterator_input_adapter<const char *>>::parse' requested here
[build]  4112 |         parser(detail::input_adapter(std::move(first), std::move(last)), std::move(cb), allow_exceptions, ignore_comments, ignore_trailing_commas).parse(true, result); // cppcheck-suppress[accessMoved]
[build]       |                                                                                                                                                    ^
[build] C:\Users\pperv\code\unnamed_rpg\vendor\json\include\nlohmann/json.hpp(5294,28): note: in instantiation of function template specialization 'nlohmann::basic_json<>::parse<const char *, const char *, 0>' requested here
[build]  5294 |     return nlohmann::json::parse(s, s + n);
[build]       |                            ^
[build] In file included from C:\Users\pperv\code\unnamed_rpg\vendor\json-schema-validator\src\string-format-check.cpp:1:
[build] In file included from C:\Users\pperv\code\unnamed_rpg\vendor\json-schema-validator\src\nlohmann/json-schema.hpp:24:
[build] In file included from C:\Users\pperv\code\unnamed_rpg\vendor\json\include\nlohmann/json.hpp:50:
[build] In file included from C:\Users\pperv\code\unnamed_rpg\vendor\json\include\nlohmann/detail/input/binary_reader.hpp:29:
[build] C:\Users\pperv\code\unnamed_rpg\vendor\json\include\nlohmann/detail/input/json_sax.hpp(860,89): warning: enumeration type in nested name specifier is incompatible with C++98 [-Wc++98-compat]
[build]   860 |         const bool keep = skip_callback || callback(static_cast<int>(ref_stack.size()), parse_event_t::value, value);
[build]       |                                                                                         ^
[build] C:\Users\pperv\code\unnamed_rpg\vendor\json\include\nlohmann/detail/input/json_sax.hpp(877,20): warning: constructor call from initializer list is incompatible with C++98 [-Wc++98-compat]
[build]   877 |             return {false, nullptr};
[build]       |                    ^~~~~~~~~~~~~~~~
[build] C:\Users\pperv\code\unnamed_rpg\vendor\json\include\nlohmann/detail/input/json_sax.hpp(883,20): warning: constructor call from initializer list is incompatible with C++98 [-Wc++98-compat]
[build]   883 |             return {true, & root};
[build]       |                    ^~~~~~~~~~~~~~
[build] C:\Users\pperv\code\unnamed_rpg\vendor\json\include\nlohmann/detail/input/json_sax.hpp(890,20): warning: constructor call from initializer list is incompatible with C++98 [-Wc++98-compat]
[build]   890 |             return {false, nullptr};
[build]       |                    ^~~~~~~~~~~~~~~~
[build] C:\Users\pperv\code\unnamed_rpg\vendor\json\include\nlohmann/detail/input/json_sax.hpp(900,20): warning: constructor call from initializer list is incompatible with C++98 [-Wc++98-compat]
[build]   900 |             return {true, & (ref_stack.back()->m_data.m_value.array->back())};
[build]       |                    ^~~~~~~~~~~~~~~~~~~~~~~~~~~~~~~~~~~~~~~~~~~~~~~~~~~~~~~~~~
[build] C:\Users\pperv\code\unnamed_rpg\vendor\json\include\nlohmann/detail/input/json_sax.hpp(912,20): warning: constructor call from initializer list is incompatible with C++98 [-Wc++98-compat]
[build]   912 |             return {false, nullptr};
[build]       |                    ^~~~~~~~~~~~~~~~
[build] C:\Users\pperv\code\unnamed_rpg\vendor\json\include\nlohmann/detail/input/json_sax.hpp(917,16): warning: constructor call from initializer list is incompatible with C++98 [-Wc++98-compat]
[build]   917 |         return {true, object_element};
[build]       |                ^~~~~~~~~~~~~~~~~~~~~~
[build] C:\Users\pperv\code\unnamed_rpg\vendor\json\include\nlohmann/detail/input/json_sax.hpp(849,20): warning: constructor call from initializer list is incompatible with C++98 [-Wc++98-compat]
[build]   849 |             return {false, nullptr};
[build]       |                    ^~~~~~~~~~~~~~~~
[build] C:\Users\pperv\code\unnamed_rpg\vendor\json\include\nlohmann/detail/input/json_sax.hpp(523,9): note: in instantiation of function template specialization 'nlohmann::detail::json_sax_dom_callback_parser<nlohmann::basic_json<>, nlohmann::detail::iterator_input_adapter<const char *>>::handle_value<unsigned long long &>' requested here
[build]   523 |         handle_value(val);
[build]       |         ^
[build] C:\Users\pperv\code\unnamed_rpg\vendor\json\include\nlohmann/detail/input/parser.hpp(332,56): note: in instantiation of member function 'nlohmann::detail::json_sax_dom_callback_parser<nlohmann::basic_json<>, nlohmann::detail::iterator_input_adapter<const char *>>::number_unsigned' requested here
[build]   332 |                         if (JSON_HEDLEY_UNLIKELY(!sax->number_unsigned(m_lexer.get_number_unsigned())))
[build]       |                                                        ^
[build] C:\Users\pperv\code\unnamed_rpg\vendor\json\include\nlohmann/thirdparty/hedley/hedley.hpp(1360,94): note: expanded from macro 'JSON_HEDLEY_UNLIKELY'
[build]  1360 | #  define JSON_HEDLEY_UNLIKELY(expr)                    __builtin_expect                 (!!(expr),    0                  )
[build]       |                                                                                              ^
[build] C:\Users\pperv\code\unnamed_rpg\vendor\json\include\nlohmann/detail/input/parser.hpp(100,13): note: in instantiation of function template specialization 'nlohmann::detail::parser<nlohmann::basic_json<>, nlohmann::detail::iterator_input_adapter<const char *>>::sax_parse_internal<nlohmann::detail::json_sax_dom_callback_parser<nlohmann::basic_json<>, nlohmann::detail::iterator_input_adapter<const char *>>>' requested here
[build]   100 |             sax_parse_internal(&sdp);
[build]       |             ^
[build] C:\Users\pperv\code\unnamed_rpg\vendor\json\include\nlohmann/json.hpp(4112,148): note: in instantiation of member function 'nlohmann::detail::parser<nlohmann::basic_json<>, nlohmann::detail::iterator_input_adapter<const char *>>::parse' requested here
[build]  4112 |         parser(detail::input_adapter(std::move(first), std::move(last)), std::move(cb), allow_exceptions, ignore_comments, ignore_trailing_commas).parse(true, result); // cppcheck-suppress[accessMoved]
[build]       |                                                                                                                                                    ^
[build] C:\Users\pperv\code\unnamed_rpg\vendor\json\include\nlohmann/json.hpp(5294,28): note: in instantiation of function template specialization 'nlohmann::basic_json<>::parse<const char *, const char *, 0>' requested here
[build]  5294 |     return nlohmann::json::parse(s, s + n);
[build]       |                            ^
[build] In file included from C:\Users\pperv\code\unnamed_rpg\vendor\json-schema-validator\src\string-format-check.cpp:1:
[build] In file included from C:\Users\pperv\code\unnamed_rpg\vendor\json-schema-validator\src\nlohmann/json-schema.hpp:24:
[build] In file included from C:\Users\pperv\code\unnamed_rpg\vendor\json\include\nlohmann/json.hpp:50:
[build] In file included from C:\Users\pperv\code\unnamed_rpg\vendor\json\include\nlohmann/detail/input/binary_reader.hpp:29:
[build] C:\Users\pperv\code\unnamed_rpg\vendor\json\include\nlohmann/detail/input/json_sax.hpp(860,89): warning: enumeration type in nested name specifier is incompatible with C++98 [-Wc++98-compat]
[build]   860 |         const bool keep = skip_callback || callback(static_cast<int>(ref_stack.size()), parse_event_t::value, value);
[build]       |                                                                                         ^
[build] C:\Users\pperv\code\unnamed_rpg\vendor\json\include\nlohmann/detail/input/json_sax.hpp(877,20): warning: constructor call from initializer list is incompatible with C++98 [-Wc++98-compat]
[build]   877 |             return {false, nullptr};
[build]       |                    ^~~~~~~~~~~~~~~~
[build] C:\Users\pperv\code\unnamed_rpg\vendor\json\include\nlohmann/detail/input/json_sax.hpp(883,20): warning: constructor call from initializer list is incompatible with C++98 [-Wc++98-compat]
[build]   883 |             return {true, & root};
[build]       |                    ^~~~~~~~~~~~~~
[build] C:\Users\pperv\code\unnamed_rpg\vendor\json\include\nlohmann/detail/input/json_sax.hpp(890,20): warning: constructor call from initializer list is incompatible with C++98 [-Wc++98-compat]
[build]   890 |             return {false, nullptr};
[build]       |                    ^~~~~~~~~~~~~~~~
[build] C:\Users\pperv\code\unnamed_rpg\vendor\json\include\nlohmann/detail/input/json_sax.hpp(900,20): warning: constructor call from initializer list is incompatible with C++98 [-Wc++98-compat]
[build]   900 |             return {true, & (ref_stack.back()->m_data.m_value.array->back())};
[build]       |                    ^~~~~~~~~~~~~~~~~~~~~~~~~~~~~~~~~~~~~~~~~~~~~~~~~~~~~~~~~~
[build] C:\Users\pperv\code\unnamed_rpg\vendor\json\include\nlohmann/detail/input/json_sax.hpp(912,20): warning: constructor call from initializer list is incompatible with C++98 [-Wc++98-compat]
[build]   912 |             return {false, nullptr};
[build]       |                    ^~~~~~~~~~~~~~~~
[build] C:\Users\pperv\code\unnamed_rpg\vendor\json\include\nlohmann/detail/input/json_sax.hpp(917,16): warning: constructor call from initializer list is incompatible with C++98 [-Wc++98-compat]
[build]   917 |         return {true, object_element};
[build]       |                ^~~~~~~~~~~~~~~~~~~~~~
[build] In file included from C:\Users\pperv\code\unnamed_rpg\vendor\json-schema-validator\src\string-format-check.cpp:1:
[build] In file included from C:\Users\pperv\code\unnamed_rpg\vendor\json-schema-validator\src\nlohmann/json-schema.hpp:24:
[build] In file included from C:\Users\pperv\code\unnamed_rpg\vendor\json\include\nlohmann/json.hpp:44:
[build] In file included from C:\Users\pperv\code\unnamed_rpg\vendor\json\include\nlohmann/adl_serializer.hpp:15:
[build] C:\Users\pperv\code\unnamed_rpg\vendor\json\include\nlohmann/detail/conversions/to_json.hpp(347,26): warning: enumeration type in nested name specifier is incompatible with C++98 [-Wc++98-compat]
[build]   347 |     external_constructor<value_t::number_unsigned>::construct(j, static_cast<typename BasicJsonType::number_unsigned_t>(val));
[build]       |                          ^
[build] C:\Users\pperv\code\unnamed_rpg\vendor\json\include\nlohmann/adl_serializer.hpp(51,9): note: in instantiation of function template specialization 'nlohmann::detail::to_json_fn::operator()<nlohmann::basic_json<>, unsigned long long &>' requested here
[build]    51 |         ::nlohmann::to_json(j, std::forward<TargetType>(val));
[build]       |         ^
[build] C:\Users\pperv\code\unnamed_rpg\vendor\json\include\nlohmann/json.hpp(872,28): note: in instantiation of function template specialization 'nlohmann::adl_serializer<unsigned long long>::to_json<nlohmann::basic_json<>, unsigned long long &>' requested here
[build]   872 |         JSONSerializer<U>::to_json(*this, std::forward<CompatibleType>(val));
[build]       |                            ^
[build] C:\Users\pperv\code\unnamed_rpg\vendor\json\include\nlohmann/detail/input/json_sax.hpp(853,22): note: in instantiation of function template specialization 'nlohmann::basic_json<>::basic_json<unsigned long long &, unsigned long long, 0>' requested here
[build]   853 |         auto value = BasicJsonType(std::forward<Value>(v));
[build]       |                      ^
[build] C:\Users\pperv\code\unnamed_rpg\vendor\json\include\nlohmann/detail/input/json_sax.hpp(523,9): note: in instantiation of function template specialization 'nlohmann::detail::json_sax_dom_callback_parser<nlohmann::basic_json<>, nlohmann::detail::iterator_input_adapter<const char *>>::handle_value<unsigned long long &>' requested here
[build]   523 |         handle_value(val);
[build]       |         ^
[build] C:\Users\pperv\code\unnamed_rpg\vendor\json\include\nlohmann/detail/input/parser.hpp(332,56): note: in instantiation of member function 'nlohmann::detail::json_sax_dom_callback_parser<nlohmann::basic_json<>, nlohmann::detail::iterator_input_adapter<const char *>>::number_unsigned' requested here
[build]   332 |                         if (JSON_HEDLEY_UNLIKELY(!sax->number_unsigned(m_lexer.get_number_unsigned())))
[build]       |                                                        ^
[build] C:\Users\pperv\code\unnamed_rpg\vendor\json\include\nlohmann/thirdparty/hedley/hedley.hpp(1360,94): note: expanded from macro 'JSON_HEDLEY_UNLIKELY'
[build]  1360 | #  define JSON_HEDLEY_UNLIKELY(expr)                    __builtin_expect                 (!!(expr),    0                  )
[build]       |                                                                                              ^
[build] C:\Users\pperv\code\unnamed_rpg\vendor\json\include\nlohmann/detail/input/parser.hpp(100,13): note: in instantiation of function template specialization 'nlohmann::detail::parser<nlohmann::basic_json<>, nlohmann::detail::iterator_input_adapter<const char *>>::sax_parse_internal<nlohmann::detail::json_sax_dom_callback_parser<nlohmann::basic_json<>, nlohmann::detail::iterator_input_adapter<const char *>>>' requested here
[build]   100 |             sax_parse_internal(&sdp);
[build]       |             ^
[build] C:\Users\pperv\code\unnamed_rpg\vendor\json\include\nlohmann/json.hpp(4112,148): note: in instantiation of member function 'nlohmann::detail::parser<nlohmann::basic_json<>, nlohmann::detail::iterator_input_adapter<const char *>>::parse' requested here
[build]  4112 |         parser(detail::input_adapter(std::move(first), std::move(last)), std::move(cb), allow_exceptions, ignore_comments, ignore_trailing_commas).parse(true, result); // cppcheck-suppress[accessMoved]
[build]       |                                                                                                                                                    ^
[build] C:\Users\pperv\code\unnamed_rpg\vendor\json\include\nlohmann/json.hpp(5294,28): note: in instantiation of function template specialization 'nlohmann::basic_json<>::parse<const char *, const char *, 0>' requested here
[build]  5294 |     return nlohmann::json::parse(s, s + n);
[build]       |                            ^
[build] In file included from C:\Users\pperv\code\unnamed_rpg\vendor\json-schema-validator\src\string-format-check.cpp:1:
[build] In file included from C:\Users\pperv\code\unnamed_rpg\vendor\json-schema-validator\src\nlohmann/json-schema.hpp:24:
[build] In file included from C:\Users\pperv\code\unnamed_rpg\vendor\json\include\nlohmann/json.hpp:44:
[build] In file included from C:\Users\pperv\code\unnamed_rpg\vendor\json\include\nlohmann/adl_serializer.hpp:15:
[build] C:\Users\pperv\code\unnamed_rpg\vendor\json\include\nlohmann/detail/conversions/to_json.hpp(137,27): warning: enumeration type in nested name specifier is incompatible with C++98 [-Wc++98-compat]
[build]   137 |         j.m_data.m_type = value_t::number_unsigned;
[build]       |                           ^
[build] C:\Users\pperv\code\unnamed_rpg\vendor\json\include\nlohmann/detail/conversions/to_json.hpp(516,16): note: in instantiation of function template specialization 'nlohmann::detail::to_json<nlohmann::basic_json<>, unsigned long long, 0>' requested here
[build]   516 |         return to_json(j, std::forward<T>(val));
[build]       |                ^
[build] C:\Users\pperv\code\unnamed_rpg\vendor\json\include\nlohmann/adl_serializer.hpp(51,9): note: in instantiation of function template specialization 'nlohmann::detail::to_json_fn::operator()<nlohmann::basic_json<>, unsigned long long &>' requested here
[build]    51 |         ::nlohmann::to_json(j, std::forward<TargetType>(val));
[build]       |         ^
[build] C:\Users\pperv\code\unnamed_rpg\vendor\json\include\nlohmann/json.hpp(872,28): note: in instantiation of function template specialization 'nlohmann::adl_serializer<unsigned long long>::to_json<nlohmann::basic_json<>, unsigned long long &>' requested here
[build]   872 |         JSONSerializer<U>::to_json(*this, std::forward<CompatibleType>(val));
[build]       |                            ^
[build] C:\Users\pperv\code\unnamed_rpg\vendor\json\include\nlohmann/detail/input/json_sax.hpp(853,22): note: in instantiation of function template specialization 'nlohmann::basic_json<>::basic_json<unsigned long long &, unsigned long long, 0>' requested here
[build]   853 |         auto value = BasicJsonType(std::forward<Value>(v));
[build]       |                      ^
[build] C:\Users\pperv\code\unnamed_rpg\vendor\json\include\nlohmann/detail/input/json_sax.hpp(523,9): note: in instantiation of function template specialization 'nlohmann::detail::json_sax_dom_callback_parser<nlohmann::basic_json<>, nlohmann::detail::iterator_input_adapter<const char *>>::handle_value<unsigned long long &>' requested here
[build]   523 |         handle_value(val);
[build]       |         ^
[build] C:\Users\pperv\code\unnamed_rpg\vendor\json\include\nlohmann/detail/input/parser.hpp(332,56): note: in instantiation of member function 'nlohmann::detail::json_sax_dom_callback_parser<nlohmann::basic_json<>, nlohmann::detail::iterator_input_adapter<const char *>>::number_unsigned' requested here
[build]   332 |                         if (JSON_HEDLEY_UNLIKELY(!sax->number_unsigned(m_lexer.get_number_unsigned())))
[build]       |                                                        ^
[build] C:\Users\pperv\code\unnamed_rpg\vendor\json\include\nlohmann/thirdparty/hedley/hedley.hpp(1360,94): note: expanded from macro 'JSON_HEDLEY_UNLIKELY'
[build]  1360 | #  define JSON_HEDLEY_UNLIKELY(expr)                    __builtin_expect                 (!!(expr),    0                  )
[build]       |                                                                                              ^
[build] C:\Users\pperv\code\unnamed_rpg\vendor\json\include\nlohmann/detail/input/parser.hpp(100,13): note: in instantiation of function template specialization 'nlohmann::detail::parser<nlohmann::basic_json<>, nlohmann::detail::iterator_input_adapter<const char *>>::sax_parse_internal<nlohmann::detail::json_sax_dom_callback_parser<nlohmann::basic_json<>, nlohmann::detail::iterator_input_adapter<const char *>>>' requested here
[build]   100 |             sax_parse_internal(&sdp);
[build]       |             ^
[build] C:\Users\pperv\code\unnamed_rpg\vendor\json\include\nlohmann/json.hpp(4112,148): note: in instantiation of member function 'nlohmann::detail::parser<nlohmann::basic_json<>, nlohmann::detail::iterator_input_adapter<const char *>>::parse' requested here
[build]  4112 |         parser(detail::input_adapter(std::move(first), std::move(last)), std::move(cb), allow_exceptions, ignore_comments, ignore_trailing_commas).parse(true, result); // cppcheck-suppress[accessMoved]
[build]       |                                                                                                                                                    ^
[build] C:\Users\pperv\code\unnamed_rpg\vendor\json\include\nlohmann/json.hpp(5294,28): note: in instantiation of function template specialization 'nlohmann::basic_json<>::parse<const char *, const char *, 0>' requested here
[build]  5294 |     return nlohmann::json::parse(s, s + n);
[build]       |                            ^
[build] In file included from C:\Users\pperv\code\unnamed_rpg\vendor\json-schema-validator\src\string-format-check.cpp:1:
[build] In file included from C:\Users\pperv\code\unnamed_rpg\vendor\json-schema-validator\src\nlohmann/json-schema.hpp:24:
[build] In file included from C:\Users\pperv\code\unnamed_rpg\vendor\json\include\nlohmann/json.hpp:44:
[build] In file included from C:\Users\pperv\code\unnamed_rpg\vendor\json\include\nlohmann/adl_serializer.hpp:15:
[build] C:\Users\pperv\code\unnamed_rpg\vendor\json\include\nlohmann/detail/conversions/to_json.hpp(137,27): warning: enumeration type in nested name specifier is incompatible with C++98 [-Wc++98-compat]
[build]   137 |         j.m_data.m_type = value_t::number_unsigned;
[build]       |                           ^
[build] C:\Users\pperv\code\unnamed_rpg\vendor\json\include\nlohmann/detail/conversions/to_json.hpp(347,53): note: in instantiation of function template specialization 'nlohmann::detail::external_constructor<nlohmann::detail::value_t::number_unsigned>::construct<nlohmann::basic_json<>>' requested here
[build]   347 |     external_constructor<value_t::number_unsigned>::construct(j, static_cast<typename BasicJsonType::number_unsigned_t>(val));
[build]       |                                                     ^
[build] C:\Users\pperv\code\unnamed_rpg\vendor\json\include\nlohmann/detail/conversions/to_json.hpp(516,16): note: in instantiation of function template specialization 'nlohmann::detail::to_json<nlohmann::basic_json<>, unsigned long long, 0>' requested here
[build]   516 |         return to_json(j, std::forward<T>(val));
[build]       |                ^
[build] C:\Users\pperv\code\unnamed_rpg\vendor\json\include\nlohmann/adl_serializer.hpp(51,9): note: in instantiation of function template specialization 'nlohmann::detail::to_json_fn::operator()<nlohmann::basic_json<>, unsigned long long &>' requested here
[build]    51 |         ::nlohmann::to_json(j, std::forward<TargetType>(val));
[build]       |         ^
[build] C:\Users\pperv\code\unnamed_rpg\vendor\json\include\nlohmann/json.hpp(872,28): note: in instantiation of function template specialization 'nlohmann::adl_serializer<unsigned long long>::to_json<nlohmann::basic_json<>, unsigned long long &>' requested here
[build]   872 |         JSONSerializer<U>::to_json(*this, std::forward<CompatibleType>(val));
[build]       |                            ^
[build] C:\Users\pperv\code\unnamed_rpg\vendor\json\include\nlohmann/detail/input/json_sax.hpp(853,22): note: in instantiation of function template specialization 'nlohmann::basic_json<>::basic_json<unsigned long long &, unsigned long long, 0>' requested here
[build]   853 |         auto value = BasicJsonType(std::forward<Value>(v));
[build]       |                      ^
[build] C:\Users\pperv\code\unnamed_rpg\vendor\json\include\nlohmann/detail/input/json_sax.hpp(523,9): note: in instantiation of function template specialization 'nlohmann::detail::json_sax_dom_callback_parser<nlohmann::basic_json<>, nlohmann::detail::iterator_input_adapter<const char *>>::handle_value<unsigned long long &>' requested here
[build]   523 |         handle_value(val);
[build]       |         ^
[build] C:\Users\pperv\code\unnamed_rpg\vendor\json\include\nlohmann/detail/input/parser.hpp(332,56): note: in instantiation of member function 'nlohmann::detail::json_sax_dom_callback_parser<nlohmann::basic_json<>, nlohmann::detail::iterator_input_adapter<const char *>>::number_unsigned' requested here
[build]   332 |                         if (JSON_HEDLEY_UNLIKELY(!sax->number_unsigned(m_lexer.get_number_unsigned())))
[build]       |                                                        ^
[build] C:\Users\pperv\code\unnamed_rpg\vendor\json\include\nlohmann/thirdparty/hedley/hedley.hpp(1360,94): note: expanded from macro 'JSON_HEDLEY_UNLIKELY'
[build]  1360 | #  define JSON_HEDLEY_UNLIKELY(expr)                    __builtin_expect                 (!!(expr),    0                  )
[build]       |                                                                                              ^
[build] C:\Users\pperv\code\unnamed_rpg\vendor\json\include\nlohmann/detail/input/parser.hpp(100,13): note: in instantiation of function template specialization 'nlohmann::detail::parser<nlohmann::basic_json<>, nlohmann::detail::iterator_input_adapter<const char *>>::sax_parse_internal<nlohmann::detail::json_sax_dom_callback_parser<nlohmann::basic_json<>, nlohmann::detail::iterator_input_adapter<const char *>>>' requested here
[build]   100 |             sax_parse_internal(&sdp);
[build]       |             ^
[build] C:\Users\pperv\code\unnamed_rpg\vendor\json\include\nlohmann/json.hpp(4112,148): note: in instantiation of member function 'nlohmann::detail::parser<nlohmann::basic_json<>, nlohmann::detail::iterator_input_adapter<const char *>>::parse' requested here
[build]  4112 |         parser(detail::input_adapter(std::move(first), std::move(last)), std::move(cb), allow_exceptions, ignore_comments, ignore_trailing_commas).parse(true, result); // cppcheck-suppress[accessMoved]
[build]       |                                                                                                                                                    ^
[build] C:\Users\pperv\code\unnamed_rpg\vendor\json\include\nlohmann/json.hpp(5294,28): note: in instantiation of function template specialization 'nlohmann::basic_json<>::parse<const char *, const char *, 0>' requested here
[build]  5294 |     return nlohmann::json::parse(s, s + n);
[build]       |                            ^
[build] In file included from C:\Users\pperv\code\unnamed_rpg\vendor\json-schema-validator\src\string-format-check.cpp:1:
[build] In file included from C:\Users\pperv\code\unnamed_rpg\vendor\json-schema-validator\src\nlohmann/json-schema.hpp:24:
[build] In file included from C:\Users\pperv\code\unnamed_rpg\vendor\json\include\nlohmann/json.hpp:50:
[build] In file included from C:\Users\pperv\code\unnamed_rpg\vendor\json\include\nlohmann/detail/input/binary_reader.hpp:29:
[build] In file included from C:\Users\pperv\code\unnamed_rpg\vendor\json\include\nlohmann/detail/input/json_sax.hpp:18:
[build] C:\Users\pperv\code\unnamed_rpg\vendor\json\include\nlohmann/detail/input/lexer.hpp(1563,130): warning: generalized initializer lists are incompatible with C++98 [-Wc++98-compat]
[build]  1563 |         const std::vector<char_type>& chars = collect_token_chars(reconstructed, std::integral_constant<bool, lazy_token_string> {});
[build]       |                                                                                                                                  ^
[build] C:\Users\pperv\code\unnamed_rpg\vendor\json\include\nlohmann/detail/input/lexer.hpp(1567,20): warning: 'auto' type specifier is incompatible with C++98 [-Wc++98-compat]
[build]  1567 |         for (const auto c : chars)
[build]       |                    ^~~~
[build] C:\Users\pperv\code\unnamed_rpg\vendor\json\include\nlohmann/json.hpp(4112,148): note: in instantiation of member function 'nlohmann::detail::parser<nlohmann::basic_json<>, nlohmann::detail::iterator_input_adapter<const char *>>::parse' requested here
[build]  4112 |         parser(detail::input_adapter(std::move(first), std::move(last)), std::move(cb), allow_exceptions, ignore_comments, ignore_trailing_commas).parse(true, result); // cppcheck-suppress[accessMoved]
[build]       |                                                                                                                                                    ^
[build] C:\Users\pperv\code\unnamed_rpg\vendor\json\include\nlohmann/json.hpp(5294,28): note: in instantiation of function template specialization 'nlohmann::basic_json<>::parse<const char *, const char *, 0>' requested here
[build]  5294 |     return nlohmann::json::parse(s, s + n);
[build]       |                            ^
[build] In file included from C:\Users\pperv\code\unnamed_rpg\vendor\json-schema-validator\src\string-format-check.cpp:1:
[build] In file included from C:\Users\pperv\code\unnamed_rpg\vendor\json-schema-validator\src\nlohmann/json-schema.hpp:24:
[build] In file included from C:\Users\pperv\code\unnamed_rpg\vendor\json\include\nlohmann/json.hpp:50:
[build] In file included from C:\Users\pperv\code\unnamed_rpg\vendor\json\include\nlohmann/detail/input/binary_reader.hpp:29:
[build] In file included from C:\Users\pperv\code\unnamed_rpg\vendor\json\include\nlohmann/detail/input/json_sax.hpp:18:
[build] C:\Users\pperv\code\unnamed_rpg\vendor\json\include\nlohmann/detail/input/lexer.hpp(1567,27): warning: range-based for loop is incompatible with C++98 [-Wc++98-compat]
[build]  1567 |         for (const auto c : chars)
[build]       |                           ^
[build] C:\Users\pperv\code\unnamed_rpg\vendor\json\include\nlohmann/detail/input/lexer.hpp(1572,39): warning: generalized initializer lists are incompatible with C++98 [-Wc++98-compat]
[build]  1572 |                 std::array<char, 9> cs{{}};
[build]       |                                       ^
[build] In file included from C:\Users\pperv\code\unnamed_rpg\vendor\json-schema-validator\src\string-format-check.cpp:1:
[build] In file included from C:\Users\pperv\code\unnamed_rpg\vendor\json-schema-validator\src\nlohmann/json-schema.hpp:24:
[build] In file included from C:\Users\pperv\code\unnamed_rpg\vendor\json\include\nlohmann/json.hpp:50:
[build] In file included from C:\Users\pperv\code\unnamed_rpg\vendor\json\include\nlohmann/detail/input/binary_reader.hpp:28:
[build] C:\Users\pperv\code\unnamed_rpg\vendor\json\include\nlohmann/detail/input/input_adapters.hpp(204,15): warning: 'auto' type specifier is incompatible with C++98 [-Wc++98-compat]
[build]   204 |         const auto from = std::next(begin, static_cast<typename std::iterator_traits<IteratorType>::difference_type>(first_index));
[build]       |               ^~~~
[build] C:\Users\pperv\code\unnamed_rpg\vendor\json\include\nlohmann/detail/input/lexer.hpp(1563,47): note: in instantiation of member function 'nlohmann::detail::lexer<nlohmann::basic_json<>, nlohmann::detail::iterator_input_adapter<const char *>>::collect_token_chars' requested here
[build]  1563 |         const std::vector<char_type>& chars = collect_token_chars(reconstructed, std::integral_constant<bool, lazy_token_string> {});
[build]       |                                               ^
[build] C:\Users\pperv\code\unnamed_rpg\vendor\json\include\nlohmann/detail/input/parser.hpp(106,41): note: in instantiation of member function 'nlohmann::detail::lexer<nlohmann::basic_json<>, nlohmann::detail::iterator_input_adapter<const char *>>::get_token_string' requested here
[build]   106 |                                 m_lexer.get_token_string(),
[build]       |                                         ^
[build] C:\Users\pperv\code\unnamed_rpg\vendor\json\include\nlohmann/json.hpp(4112,148): note: in instantiation of member function 'nlohmann::detail::parser<nlohmann::basic_json<>, nlohmann::detail::iterator_input_adapter<const char *>>::parse' requested here
[build]  4112 |         parser(detail::input_adapter(std::move(first), std::move(last)), std::move(cb), allow_exceptions, ignore_comments, ignore_trailing_commas).parse(true, result); // cppcheck-suppress[accessMoved]
[build]       |                                                                                                                                                    ^
[build] C:\Users\pperv\code\unnamed_rpg\vendor\json\include\nlohmann/json.hpp(5294,28): note: in instantiation of function template specialization 'nlohmann::basic_json<>::parse<const char *, const char *, 0>' requested here
[build]  5294 |     return nlohmann::json::parse(s, s + n);
[build]       |                            ^
[build] In file included from C:\Users\pperv\code\unnamed_rpg\vendor\json-schema-validator\src\string-format-check.cpp:1:
[build] In file included from C:\Users\pperv\code\unnamed_rpg\vendor\json-schema-validator\src\nlohmann/json-schema.hpp:24:
[build] In file included from C:\Users\pperv\code\unnamed_rpg\vendor\json\include\nlohmann/json.hpp:50:
[build] In file included from C:\Users\pperv\code\unnamed_rpg\vendor\json\include\nlohmann/detail/input/binary_reader.hpp:28:
[build] C:\Users\pperv\code\unnamed_rpg\vendor\json\include\nlohmann/detail/input/input_adapters.hpp(205,15): warning: 'auto' type specifier is incompatible with C++98 [-Wc++98-compat]
[build]   205 |         const auto to = std::next(begin, static_cast<typename std::iterator_traits<IteratorType>::difference_type>(last_index));
[build]       |               ^~~~
[build] In file included from C:\Users\pperv\code\unnamed_rpg\vendor\json-schema-validator\src\string-format-check.cpp:1:
[build] In file included from C:\Users\pperv\code\unnamed_rpg\vendor\json-schema-validator\src\nlohmann/json-schema.hpp:24:
[build] In file included from C:\Users\pperv\code\unnamed_rpg\vendor\json\include\nlohmann/json.hpp:53:
[build] C:\Users\pperv\code\unnamed_rpg\vendor\json\include\nlohmann/detail/input/parser.hpp(504,27): warning: enumeration type in nested name specifier is incompatible with C++98 [-Wc++98-compat]
[build]   504 |         if (last_token == token_type::parse_error)
[build]       |                           ^
[build] C:\Users\pperv\code\unnamed_rpg\vendor\json\include\nlohmann/detail/input/parser.hpp(108,53): note: in instantiation of member function 'nlohmann::detail::parser<nlohmann::basic_json<>, nlohmann::detail::iterator_input_adapter<const char *>>::exception_message' requested here
[build]   108 |                                                     exception_message(token_type::end_of_input, "value"), nullptr));
[build]       |                                                     ^
[build] C:\Users\pperv\code\unnamed_rpg\vendor\json\include\nlohmann/json.hpp(4112,148): note: in instantiation of member function 'nlohmann::detail::parser<nlohmann::basic_json<>, nlohmann::detail::iterator_input_adapter<const char *>>::parse' requested here
[build]  4112 |         parser(detail::input_adapter(std::move(first), std::move(last)), std::move(cb), allow_exceptions, ignore_comments, ignore_trailing_commas).parse(true, result); // cppcheck-suppress[accessMoved]
[build]       |                                                                                                                                                    ^
[build] C:\Users\pperv\code\unnamed_rpg\vendor\json\include\nlohmann/json.hpp(5294,28): note: in instantiation of function template specialization 'nlohmann::basic_json<>::parse<const char *, const char *, 0>' requested here
[build]  5294 |     return nlohmann::json::parse(s, s + n);
[build]       |                            ^
[build] In file included from C:\Users\pperv\code\unnamed_rpg\vendor\json-schema-validator\src\string-format-check.cpp:1:
[build] In file included from C:\Users\pperv\code\unnamed_rpg\vendor\json-schema-validator\src\nlohmann/json-schema.hpp:24:
[build] In file included from C:\Users\pperv\code\unnamed_rpg\vendor\json\include\nlohmann/json.hpp:53:
[build] C:\Users\pperv\code\unnamed_rpg\vendor\json\include\nlohmann/detail/input/parser.hpp(514,25): warning: enumeration type in nested name specifier is incompatible with C++98 [-Wc++98-compat]
[build]   514 |         if (expected != token_type::uninitialized)
[build]       |                         ^
[build] In file included from C:\Users\pperv\code\unnamed_rpg\vendor\json-schema-validator\src\string-format-check.cpp:1:
[build] In file included from C:\Users\pperv\code\unnamed_rpg\vendor\json-schema-validator\src\nlohmann/json-schema.hpp:24:
[build] In file included from C:\Users\pperv\code\unnamed_rpg\vendor\json\include\nlohmann/json.hpp:50:
[build] In file included from C:\Users\pperv\code\unnamed_rpg\vendor\json\include\nlohmann/detail/input/binary_reader.hpp:29:
[build] In file included from C:\Users\pperv\code\unnamed_rpg\vendor\json\include\nlohmann/detail/input/json_sax.hpp:18:
[build] C:\Users\pperv\code\unnamed_rpg\vendor\json\include\nlohmann/detail/input/lexer.hpp(67,18): warning: enumeration type in nested name specifier is incompatible with C++98 [-Wc++98-compat]
[build]    67 |             case token_type::uninitialized:
[build]       |                  ^
[build] C:\Users\pperv\code\unnamed_rpg\vendor\json\include\nlohmann/detail/input/lexer.hpp(69,18): warning: enumeration type in nested name specifier is incompatible with C++98 [-Wc++98-compat]
[build]    69 |             case token_type::literal_true:
[build]       |                  ^
[build] C:\Users\pperv\code\unnamed_rpg\vendor\json\include\nlohmann/detail/input/lexer.hpp(71,18): warning: enumeration type in nested name specifier is incompatible with C++98 [-Wc++98-compat]
[build]    71 |             case token_type::literal_false:
[build]       |                  ^
[build] C:\Users\pperv\code\unnamed_rpg\vendor\json\include\nlohmann/detail/input/lexer.hpp(73,18): warning: enumeration type in nested name specifier is incompatible with C++98 [-Wc++98-compat]
[build]    73 |             case token_type::literal_null:
[build]       |                  ^
[build] C:\Users\pperv\code\unnamed_rpg\vendor\json\include\nlohmann/detail/input/lexer.hpp(75,18): warning: enumeration type in nested name specifier is incompatible with C++98 [-Wc++98-compat]
[build]    75 |             case token_type::value_string:
[build]       |                  ^
[build] C:\Users\pperv\code\unnamed_rpg\vendor\json\include\nlohmann/detail/input/lexer.hpp(77,18): warning: enumeration type in nested name specifier is incompatible with C++98 [-Wc++98-compat]
[build]    77 |             case token_type::value_unsigned:
[build]       |                  ^
[build] C:\Users\pperv\code\unnamed_rpg\vendor\json\include\nlohmann/detail/input/lexer.hpp(78,18): warning: enumeration type in nested name specifier is incompatible with C++98 [-Wc++98-compat]
[build]    78 |             case token_type::value_integer:
[build]       |                  ^
[build] C:\Users\pperv\code\unnamed_rpg\vendor\json\include\nlohmann/detail/input/lexer.hpp(79,18): warning: enumeration type in nested name specifier is incompatible with C++98 [-Wc++98-compat]
[build]    79 |             case token_type::value_float:
[build]       |                  ^
[build] C:\Users\pperv\code\unnamed_rpg\vendor\json\include\nlohmann/detail/input/lexer.hpp(81,18): warning: enumeration type in nested name specifier is incompatible with C++98 [-Wc++98-compat]
[build]    81 |             case token_type::begin_array:
[build]       |                  ^
[build] C:\Users\pperv\code\unnamed_rpg\vendor\json\include\nlohmann/detail/input/lexer.hpp(83,18): warning: enumeration type in nested name specifier is incompatible with C++98 [-Wc++98-compat]
[build]    83 |             case token_type::begin_object:
[build]       |                  ^
[build] C:\Users\pperv\code\unnamed_rpg\vendor\json\include\nlohmann/detail/input/lexer.hpp(85,18): warning: enumeration type in nested name specifier is incompatible with C++98 [-Wc++98-compat]
[build]    85 |             case token_type::end_array:
[build]       |                  ^
[build] C:\Users\pperv\code\unnamed_rpg\vendor\json\include\nlohmann/detail/input/lexer.hpp(87,18): warning: enumeration type in nested name specifier is incompatible with C++98 [-Wc++98-compat]
[build]    87 |             case token_type::end_object:
[build]       |                  ^
[build] C:\Users\pperv\code\unnamed_rpg\vendor\json\include\nlohmann/detail/input/lexer.hpp(89,18): warning: enumeration type in nested name specifier is incompatible with C++98 [-Wc++98-compat]
[build]    89 |             case token_type::name_separator:
[build]       |                  ^
[build] C:\Users\pperv\code\unnamed_rpg\vendor\json\include\nlohmann/detail/input/lexer.hpp(91,18): warning: enumeration type in nested name specifier is incompatible with C++98 [-Wc++98-compat]
[build]    91 |             case token_type::value_separator:
[build]       |                  ^
[build] C:\Users\pperv\code\unnamed_rpg\vendor\json\include\nlohmann/detail/input/lexer.hpp(93,18): warning: enumeration type in nested name specifier is incompatible with C++98 [-Wc++98-compat]
[build]    93 |             case token_type::parse_error:
[build]       |                  ^
[build] C:\Users\pperv\code\unnamed_rpg\vendor\json\include\nlohmann/detail/input/lexer.hpp(95,18): warning: enumeration type in nested name specifier is incompatible with C++98 [-Wc++98-compat]
[build]    95 |             case token_type::end_of_input:
[build]       |                  ^
[build] C:\Users\pperv\code\unnamed_rpg\vendor\json\include\nlohmann/detail/input/lexer.hpp(97,18): warning: enumeration type in nested name specifier is incompatible with C++98 [-Wc++98-compat]
[build]    97 |             case token_type::literal_or_value:
[build]       |                  ^
[build] C:\Users\pperv\code\unnamed_rpg\vendor\json\include\nlohmann/detail/input/lexer.hpp(67,18): warning: enumeration type in nested name specifier is incompatible with C++98 [-Wc++98-compat]
[build]    67 |             case token_type::uninitialized:
[build]       |                  ^
[build] C:\Users\pperv\code\unnamed_rpg\vendor\json\include\nlohmann/detail/input/parser.hpp(511,57): note: in instantiation of member function 'nlohmann::detail::lexer_base<nlohmann::basic_json<>>::token_type_name' requested here
[build]   511 |             error_msg += concat("unexpected ", lexer_t::token_type_name(last_token));
[build]       |                                                         ^
[build] C:\Users\pperv\code\unnamed_rpg\vendor\json\include\nlohmann/detail/input/parser.hpp(108,53): note: in instantiation of member function 'nlohmann::detail::parser<nlohmann::basic_json<>, nlohmann::detail::iterator_input_adapter<const char *>>::exception_message' requested here
[build]   108 |                                                     exception_message(token_type::end_of_input, "value"), nullptr));
[build]       |                                                     ^
[build] C:\Users\pperv\code\unnamed_rpg\vendor\json\include\nlohmann/json.hpp(4112,148): note: in instantiation of member function 'nlohmann::detail::parser<nlohmann::basic_json<>, nlohmann::detail::iterator_input_adapter<const char *>>::parse' requested here
[build]  4112 |         parser(detail::input_adapter(std::move(first), std::move(last)), std::move(cb), allow_exceptions, ignore_comments, ignore_trailing_commas).parse(true, result); // cppcheck-suppress[accessMoved]
[build]       |                                                                                                                                                    ^
[build] C:\Users\pperv\code\unnamed_rpg\vendor\json\include\nlohmann/json.hpp(5294,28): note: in instantiation of function template specialization 'nlohmann::basic_json<>::parse<const char *, const char *, 0>' requested here
[build]  5294 |     return nlohmann::json::parse(s, s + n);
[build]       |                            ^
[build] In file included from C:\Users\pperv\code\unnamed_rpg\vendor\json-schema-validator\src\string-format-check.cpp:1:
[build] In file included from C:\Users\pperv\code\unnamed_rpg\vendor\json-schema-validator\src\nlohmann/json-schema.hpp:24:
[build] In file included from C:\Users\pperv\code\unnamed_rpg\vendor\json\include\nlohmann/json.hpp:50:
[build] In file included from C:\Users\pperv\code\unnamed_rpg\vendor\json\include\nlohmann/detail/input/binary_reader.hpp:29:
[build] In file included from C:\Users\pperv\code\unnamed_rpg\vendor\json\include\nlohmann/detail/input/json_sax.hpp:18:
[build] C:\Users\pperv\code\unnamed_rpg\vendor\json\include\nlohmann/detail/input/lexer.hpp(69,18): warning: enumeration type in nested name specifier is incompatible with C++98 [-Wc++98-compat]
[build]    69 |             case token_type::literal_true:
[build]       |                  ^
[build] C:\Users\pperv\code\unnamed_rpg\vendor\json\include\nlohmann/detail/input/lexer.hpp(71,18): warning: enumeration type in nested name specifier is incompatible with C++98 [-Wc++98-compat]
[build]    71 |             case token_type::literal_false:
[build]       |                  ^
[build] C:\Users\pperv\code\unnamed_rpg\vendor\json\include\nlohmann/detail/input/lexer.hpp(73,18): warning: enumeration type in nested name specifier is incompatible with C++98 [-Wc++98-compat]
[build]    73 |             case token_type::literal_null:
[build]       |                  ^
[build] C:\Users\pperv\code\unnamed_rpg\vendor\json\include\nlohmann/detail/input/lexer.hpp(75,18): warning: enumeration type in nested name specifier is incompatible with C++98 [-Wc++98-compat]
[build]    75 |             case token_type::value_string:
[build]       |                  ^
[build] C:\Users\pperv\code\unnamed_rpg\vendor\json\include\nlohmann/detail/input/lexer.hpp(77,18): warning: enumeration type in nested name specifier is incompatible with C++98 [-Wc++98-compat]
[build]    77 |             case token_type::value_unsigned:
[build]       |                  ^
[build] C:\Users\pperv\code\unnamed_rpg\vendor\json\include\nlohmann/detail/input/lexer.hpp(78,18): warning: enumeration type in nested name specifier is incompatible with C++98 [-Wc++98-compat]
[build]    78 |             case token_type::value_integer:
[build]       |                  ^
[build] C:\Users\pperv\code\unnamed_rpg\vendor\json\include\nlohmann/detail/input/lexer.hpp(79,18): warning: enumeration type in nested name specifier is incompatible with C++98 [-Wc++98-compat]
[build]    79 |             case token_type::value_float:
[build]       |                  ^
[build] C:\Users\pperv\code\unnamed_rpg\vendor\json\include\nlohmann/detail/input/lexer.hpp(81,18): warning: enumeration type in nested name specifier is incompatible with C++98 [-Wc++98-compat]
[build]    81 |             case token_type::begin_array:
[build]       |                  ^
[build] C:\Users\pperv\code\unnamed_rpg\vendor\json\include\nlohmann/detail/input/lexer.hpp(83,18): warning: enumeration type in nested name specifier is incompatible with C++98 [-Wc++98-compat]
[build]    83 |             case token_type::begin_object:
[build]       |                  ^
[build] C:\Users\pperv\code\unnamed_rpg\vendor\json\include\nlohmann/detail/input/lexer.hpp(85,18): warning: enumeration type in nested name specifier is incompatible with C++98 [-Wc++98-compat]
[build]    85 |             case token_type::end_array:
[build]       |                  ^
[build] C:\Users\pperv\code\unnamed_rpg\vendor\json\include\nlohmann/detail/input/lexer.hpp(87,18): warning: enumeration type in nested name specifier is incompatible with C++98 [-Wc++98-compat]
[build]    87 |             case token_type::end_object:
[build]       |                  ^
[build] C:\Users\pperv\code\unnamed_rpg\vendor\json\include\nlohmann/detail/input/lexer.hpp(89,18): warning: enumeration type in nested name specifier is incompatible with C++98 [-Wc++98-compat]
[build]    89 |             case token_type::name_separator:
[build]       |                  ^
[build] C:\Users\pperv\code\unnamed_rpg\vendor\json\include\nlohmann/detail/input/lexer.hpp(91,18): warning: enumeration type in nested name specifier is incompatible with C++98 [-Wc++98-compat]
[build]    91 |             case token_type::value_separator:
[build]       |                  ^
[build] C:\Users\pperv\code\unnamed_rpg\vendor\json\include\nlohmann/detail/input/lexer.hpp(93,18): warning: enumeration type in nested name specifier is incompatible with C++98 [-Wc++98-compat]
[build]    93 |             case token_type::parse_error:
[build]       |                  ^
[build] C:\Users\pperv\code\unnamed_rpg\vendor\json\include\nlohmann/detail/input/lexer.hpp(95,18): warning: enumeration type in nested name specifier is incompatible with C++98 [-Wc++98-compat]
[build]    95 |             case token_type::end_of_input:
[build]       |                  ^
[build] C:\Users\pperv\code\unnamed_rpg\vendor\json\include\nlohmann/detail/input/lexer.hpp(97,18): warning: enumeration type in nested name specifier is incompatible with C++98 [-Wc++98-compat]
[build]    97 |             case token_type::literal_or_value:
[build]       |                  ^
[build] C:\Users\pperv\code\unnamed_rpg\vendor\json\include\nlohmann/detail/input/lexer.hpp(100,13): warning: default label in switch which covers all enumeration values [-Wcovered-switch-default]
[build]   100 |             default: // catch non-enum values
[build]       |             ^
[build] In file included from C:\Users\pperv\code\unnamed_rpg\vendor\json-schema-validator\src\string-format-check.cpp:1:
[build] In file included from C:\Users\pperv\code\unnamed_rpg\vendor\json-schema-validator\src\nlohmann/json-schema.hpp:24:
[build] In file included from C:\Users\pperv\code\unnamed_rpg\vendor\json\include\nlohmann/json.hpp:44:
[build] In file included from C:\Users\pperv\code\unnamed_rpg\vendor\json\include\nlohmann/adl_serializer.hpp:14:
[build] In file included from C:\Users\pperv\code\unnamed_rpg\vendor\json\include\nlohmann/detail/conversions/from_json.hpp:24:
[build] C:\Users\pperv\code\unnamed_rpg\vendor\json\include\nlohmann/detail/exceptions.hpp(183,16): warning: generalized initializer lists are incompatible with C++98 [-Wc++98-compat]
[build]   183 |         return {id_, pos.chars_read_total, w.c_str()};
[build]       |                ^~~~~~~~~~~~~~~~~~~~~~~~~~~~~~~~~~~~~~
[build] C:\Users\pperv\code\unnamed_rpg\vendor\json\include\nlohmann/detail/exceptions.hpp(183,16): warning: constructor call from initializer list is incompatible with C++98 [-Wc++98-compat]
[build]   183 |         return {id_, pos.chars_read_total, w.c_str()};
[build]       |                ^~~~~~~~~~~~~~~~~~~~~~~~~~~~~~~~~~~~~~
[build] C:\Users\pperv\code\unnamed_rpg\vendor\json\include\nlohmann/json.hpp(4112,148): note: in instantiation of member function 'nlohmann::detail::parser<nlohmann::basic_json<>, nlohmann::detail::iterator_input_adapter<const char *>>::parse' requested here
[build]  4112 |         parser(detail::input_adapter(std::move(first), std::move(last)), std::move(cb), allow_exceptions, ignore_comments, ignore_trailing_commas).parse(true, result); // cppcheck-suppress[accessMoved]
[build]       |                                                                                                                                                    ^
[build] C:\Users\pperv\code\unnamed_rpg\vendor\json\include\nlohmann/json.hpp(5294,28): note: in instantiation of function template specialization 'nlohmann::basic_json<>::parse<const char *, const char *, 0>' requested here
[build]  5294 |     return nlohmann::json::parse(s, s + n);
[build]       |                            ^
[build] In file included from C:\Users\pperv\code\unnamed_rpg\vendor\json-schema-validator\src\string-format-check.cpp:1:
[build] In file included from C:\Users\pperv\code\unnamed_rpg\vendor\json-schema-validator\src\nlohmann/json-schema.hpp:24:
[build] In file included from C:\Users\pperv\code\unnamed_rpg\vendor\json\include\nlohmann/json.hpp:44:
[build] In file included from C:\Users\pperv\code\unnamed_rpg\vendor\json\include\nlohmann/adl_serializer.hpp:14:
[build] In file included from C:\Users\pperv\code\unnamed_rpg\vendor\json\include\nlohmann/detail/conversions/from_json.hpp:24:
[build] C:\Users\pperv\code\unnamed_rpg\vendor\json\include\nlohmann/detail/exceptions.hpp(183,16): warning: constructor call from initializer list is incompatible with C++98 [-Wc++98-compat]
[build]   183 |         return {id_, pos.chars_read_total, w.c_str()};
[build]       |                ^~~~~~~~~~~~~~~~~~~~~~~~~~~~~~~~~~~~~~
[build] C:\Users\pperv\code\unnamed_rpg\vendor\json\include\nlohmann/detail/input/parser.hpp(107,46): note: in instantiation of function template specialization 'nlohmann::detail::parse_error::create<std::nullptr_t, 0>' requested here
[build]   107 |                                 parse_error::create(101, m_lexer.get_position(),
[build]       |                                              ^
[build] C:\Users\pperv\code\unnamed_rpg\vendor\json\include\nlohmann/json.hpp(4112,148): note: in instantiation of member function 'nlohmann::detail::parser<nlohmann::basic_json<>, nlohmann::detail::iterator_input_adapter<const char *>>::parse' requested here
[build]  4112 |         parser(detail::input_adapter(std::move(first), std::move(last)), std::move(cb), allow_exceptions, ignore_comments, ignore_trailing_commas).parse(true, result); // cppcheck-suppress[accessMoved]
[build]       |                                                                                                                                                    ^
[build] C:\Users\pperv\code\unnamed_rpg\vendor\json\include\nlohmann/json.hpp(5294,28): note: in instantiation of function template specialization 'nlohmann::basic_json<>::parse<const char *, const char *, 0>' requested here
[build]  5294 |     return nlohmann::json::parse(s, s + n);
[build]       |                            ^
[build] In file included from C:\Users\pperv\code\unnamed_rpg\vendor\json-schema-validator\src\string-format-check.cpp:1:
[build] In file included from C:\Users\pperv\code\unnamed_rpg\vendor\json-schema-validator\src\nlohmann/json-schema.hpp:24:
[build] In file included from C:\Users\pperv\code\unnamed_rpg\vendor\json\include\nlohmann/json.hpp:50:
[build] In file included from C:\Users\pperv\code\unnamed_rpg\vendor\json\include\nlohmann/detail/input/binary_reader.hpp:29:
[build] C:\Users\pperv\code\unnamed_rpg\vendor\json\include\nlohmann/detail/input/json_sax.hpp(463,43): warning: constructor call from initializer list is incompatible with C++98 [-Wc++98-compat]
[build]   463 |     std::vector<BasicJsonType*> ref_stack {};
[build]       |                                           ^~
[build] C:\Users\pperv\code\unnamed_rpg\vendor\json\include\nlohmann/detail/input/json_sax.hpp(182,14): note: in instantiation of default member initializer 'nlohmann::detail::json_sax_dom_parser<nlohmann::basic_json<>, nlohmann::detail::iterator_input_adapter<const char *>>::ref_stack' requested here
[build]   182 |     explicit json_sax_dom_parser(BasicJsonType& r, const bool allow_exceptions_ = true, lexer_t* lexer_ = nullptr)
[build]       |              ^
[build] C:\Users\pperv\code\unnamed_rpg\vendor\json\include\nlohmann/detail/input/parser.hpp(127,66): note: in instantiation of member function 'nlohmann::detail::json_sax_dom_parser<nlohmann::basic_json<>, nlohmann::detail::iterator_input_adapter<const char *>>::json_sax_dom_parser' requested here
[build]   127 |             json_sax_dom_parser<BasicJsonType, InputAdapterType> sdp(result, allow_exceptions, &m_lexer);
[build]       |                                                                  ^
[build] C:\Users\pperv\code\unnamed_rpg\vendor\json\include\nlohmann/json.hpp(4112,148): note: in instantiation of member function 'nlohmann::detail::parser<nlohmann::basic_json<>, nlohmann::detail::iterator_input_adapter<const char *>>::parse' requested here
[build]  4112 |         parser(detail::input_adapter(std::move(first), std::move(last)), std::move(cb), allow_exceptions, ignore_comments, ignore_trailing_commas).parse(true, result); // cppcheck-suppress[accessMoved]
[build]       |                                                                                                                                                    ^
[build] C:\Users\pperv\code\unnamed_rpg\vendor\json\include\nlohmann/json.hpp(5294,28): note: in instantiation of function template specialization 'nlohmann::basic_json<>::parse<const char *, const char *, 0>' requested here
[build]  5294 |     return nlohmann::json::parse(s, s + n);
[build]       |                            ^
[build] In file included from C:\Users\pperv\code\unnamed_rpg\vendor\json-schema-validator\src\string-format-check.cpp:1:
[build] In file included from C:\Users\pperv\code\unnamed_rpg\vendor\json-schema-validator\src\nlohmann/json-schema.hpp:24:
[build] In file included from C:\Users\pperv\code\unnamed_rpg\vendor\json\include\nlohmann/json.hpp:53:
[build] C:\Users\pperv\code\unnamed_rpg\vendor\json\include\nlohmann/detail/input/parser.hpp(197,26): warning: enumeration type in nested name specifier is incompatible with C++98 [-Wc++98-compat]
[build]   197 |                     case token_type::begin_object:
[build]       |                          ^
[build] C:\Users\pperv\code\unnamed_rpg\vendor\json\include\nlohmann/detail/input/parser.hpp(128,13): note: in instantiation of function template specialization 'nlohmann::detail::parser<nlohmann::basic_json<>, nlohmann::detail::iterator_input_adapter<const char *>>::sax_parse_internal<nlohmann::detail::json_sax_dom_parser<nlohmann::basic_json<>, nlohmann::detail::iterator_input_adapter<const char *>>>' requested here
[build]   128 |             sax_parse_internal(&sdp);
[build]       |             ^
[build] C:\Users\pperv\code\unnamed_rpg\vendor\json\include\nlohmann/json.hpp(4112,148): note: in instantiation of member function 'nlohmann::detail::parser<nlohmann::basic_json<>, nlohmann::detail::iterator_input_adapter<const char *>>::parse' requested here
[build]  4112 |         parser(detail::input_adapter(std::move(first), std::move(last)), std::move(cb), allow_exceptions, ignore_comments, ignore_trailing_commas).parse(true, result); // cppcheck-suppress[accessMoved]
[build]       |                                                                                                                                                    ^
[build] C:\Users\pperv\code\unnamed_rpg\vendor\json\include\nlohmann/json.hpp(5294,28): note: in instantiation of function template specialization 'nlohmann::basic_json<>::parse<const char *, const char *, 0>' requested here
[build]  5294 |     return nlohmann::json::parse(s, s + n);
[build]       |                            ^
[build] In file included from C:\Users\pperv\code\unnamed_rpg\vendor\json-schema-validator\src\string-format-check.cpp:1:
[build] In file included from C:\Users\pperv\code\unnamed_rpg\vendor\json-schema-validator\src\nlohmann/json-schema.hpp:24:
[build] In file included from C:\Users\pperv\code\unnamed_rpg\vendor\json\include\nlohmann/json.hpp:53:
[build] C:\Users\pperv\code\unnamed_rpg\vendor\json\include\nlohmann/detail/input/parser.hpp(205,44): warning: enumeration type in nested name specifier is incompatible with C++98 [-Wc++98-compat]
[build]   205 |                         if (get_token() == token_type::end_object)
[build]       |                                            ^
[build] C:\Users\pperv\code\unnamed_rpg\vendor\json\include\nlohmann/detail/input/parser.hpp(215,64): warning: enumeration type in nested name specifier is incompatible with C++98 [-Wc++98-compat]
[build]   215 |                         if (JSON_HEDLEY_UNLIKELY(last_token != token_type::value_string))
[build]       |                                                                ^
[build] C:\Users\pperv\code\unnamed_rpg\vendor\json\include\nlohmann/detail/input/parser.hpp(219,120): warning: enumeration type in nested name specifier is incompatible with C++98 [-Wc++98-compat]
[build]   219 |                                                     parse_error::create(101, m_lexer.get_position(), exception_message(token_type::value_string, "object key"), nullptr));
[build]       |                                                                                                                        ^
[build] C:\Users\pperv\code\unnamed_rpg\vendor\json\include\nlohmann/detail/input/parser.hpp(227,65): warning: enumeration type in nested name specifier is incompatible with C++98 [-Wc++98-compat]
[build]   227 |                         if (JSON_HEDLEY_UNLIKELY(get_token() != token_type::name_separator))
[build]       |                                                                 ^
[build] C:\Users\pperv\code\unnamed_rpg\vendor\json\include\nlohmann/detail/input/parser.hpp(231,120): warning: enumeration type in nested name specifier is incompatible with C++98 [-Wc++98-compat]
[build]   231 |                                                     parse_error::create(101, m_lexer.get_position(), exception_message(token_type::name_separator, "object separator"), nullptr));
[build]       |                                                                                                                        ^
[build] C:\Users\pperv\code\unnamed_rpg\vendor\json\include\nlohmann/detail/input/parser.hpp(242,26): warning: enumeration type in nested name specifier is incompatible with C++98 [-Wc++98-compat]
[build]   242 |                     case token_type::begin_array:
[build]       |                          ^
[build] C:\Users\pperv\code\unnamed_rpg\vendor\json\include\nlohmann/detail/input/parser.hpp(250,44): warning: enumeration type in nested name specifier is incompatible with C++98 [-Wc++98-compat]
[build]   250 |                         if (get_token() == token_type::end_array)
[build]       |                                            ^
[build] C:\Users\pperv\code\unnamed_rpg\vendor\json\include\nlohmann/detail/input/parser.hpp(266,26): warning: enumeration type in nested name specifier is incompatible with C++98 [-Wc++98-compat]
[build]   266 |                     case token_type::value_float:
[build]       |                          ^
[build] C:\Users\pperv\code\unnamed_rpg\vendor\json\include\nlohmann/detail/input/parser.hpp(285,26): warning: enumeration type in nested name specifier is incompatible with C++98 [-Wc++98-compat]
[build]   285 |                     case token_type::literal_false:
[build]       |                          ^
[build] C:\Users\pperv\code\unnamed_rpg\vendor\json\include\nlohmann/detail/input/parser.hpp(294,26): warning: enumeration type in nested name specifier is incompatible with C++98 [-Wc++98-compat]
[build]   294 |                     case token_type::literal_null:
[build]       |                          ^
[build] C:\Users\pperv\code\unnamed_rpg\vendor\json\include\nlohmann/detail/input/parser.hpp(303,26): warning: enumeration type in nested name specifier is incompatible with C++98 [-Wc++98-compat]
[build]   303 |                     case token_type::literal_true:
[build]       |                          ^
[build] C:\Users\pperv\code\unnamed_rpg\vendor\json\include\nlohmann/detail/input/parser.hpp(312,26): warning: enumeration type in nested name specifier is incompatible with C++98 [-Wc++98-compat]
[build]   312 |                     case token_type::value_integer:
[build]       |                          ^
[build] C:\Users\pperv\code\unnamed_rpg\vendor\json\include\nlohmann/detail/input/parser.hpp(321,26): warning: enumeration type in nested name specifier is incompatible with C++98 [-Wc++98-compat]
[build]   321 |                     case token_type::value_string:
[build]       |                          ^
[build] C:\Users\pperv\code\unnamed_rpg\vendor\json\include\nlohmann/detail/input/parser.hpp(330,26): warning: enumeration type in nested name specifier is incompatible with C++98 [-Wc++98-compat]
[build]   330 |                     case token_type::value_unsigned:
[build]       |                          ^
[build] C:\Users\pperv\code\unnamed_rpg\vendor\json\include\nlohmann/detail/input/parser.hpp(339,26): warning: enumeration type in nested name specifier is incompatible with C++98 [-Wc++98-compat]
[build]   339 |                     case token_type::parse_error:
[build]       |                          ^
[build] C:\Users\pperv\code\unnamed_rpg\vendor\json\include\nlohmann/detail/input/parser.hpp(344,116): warning: enumeration type in nested name specifier is incompatible with C++98 [-Wc++98-compat]
[build]   344 |                                                 parse_error::create(101, m_lexer.get_position(), exception_message(token_type::uninitialized, "value"), nullptr));
[build]       |                                                                                                                    ^
[build] C:\Users\pperv\code\unnamed_rpg\vendor\json\include\nlohmann/detail/input/parser.hpp(346,26): warning: enumeration type in nested name specifier is incompatible with C++98 [-Wc++98-compat]
[build]   346 |                     case token_type::end_of_input:
[build]       |                          ^
[build] C:\Users\pperv\code\unnamed_rpg\vendor\json\include\nlohmann/detail/input/parser.hpp(358,116): warning: enumeration type in nested name specifier is incompatible with C++98 [-Wc++98-compat]
[build]   358 |                                                 parse_error::create(101, m_lexer.get_position(), exception_message(token_type::literal_or_value, "value"), nullptr));
[build]       |                                                                                                                    ^
[build] C:\Users\pperv\code\unnamed_rpg\vendor\json\include\nlohmann/detail/input/parser.hpp(360,26): warning: enumeration type in nested name specifier is incompatible with C++98 [-Wc++98-compat]
[build]   360 |                     case token_type::uninitialized:
[build]       |                          ^
[build] C:\Users\pperv\code\unnamed_rpg\vendor\json\include\nlohmann/detail/input/parser.hpp(361,26): warning: enumeration type in nested name specifier is incompatible with C++98 [-Wc++98-compat]
[build]   361 |                     case token_type::end_array:
[build]       |                          ^
[build] C:\Users\pperv\code\unnamed_rpg\vendor\json\include\nlohmann/detail/input/parser.hpp(362,26): warning: enumeration type in nested name specifier is incompatible with C++98 [-Wc++98-compat]
[build]   362 |                     case token_type::end_object:
[build]       |                          ^
[build] C:\Users\pperv\code\unnamed_rpg\vendor\json\include\nlohmann/detail/input/parser.hpp(363,26): warning: enumeration type in nested name specifier is incompatible with C++98 [-Wc++98-compat]
[build]   363 |                     case token_type::name_separator:
[build]       |                          ^
[build] C:\Users\pperv\code\unnamed_rpg\vendor\json\include\nlohmann/detail/input/parser.hpp(364,26): warning: enumeration type in nested name specifier is incompatible with C++98 [-Wc++98-compat]
[build]   364 |                     case token_type::value_separator:
[build]       |                          ^
[build] C:\Users\pperv\code\unnamed_rpg\vendor\json\include\nlohmann/detail/input/parser.hpp(365,26): warning: enumeration type in nested name specifier is incompatible with C++98 [-Wc++98-compat]
[build]   365 |                     case token_type::literal_or_value:
[build]       |                          ^
[build] C:\Users\pperv\code\unnamed_rpg\vendor\json\include\nlohmann/detail/input/parser.hpp(370,116): warning: enumeration type in nested name specifier is incompatible with C++98 [-Wc++98-compat]
[build]   370 |                                                 parse_error::create(101, m_lexer.get_position(), exception_message(token_type::literal_or_value, "value"), nullptr));
[build]       |                                                                                                                    ^
[build] C:\Users\pperv\code\unnamed_rpg\vendor\json\include\nlohmann/detail/input/parser.hpp(366,21): warning: default label in switch which covers all enumeration values [-Wcovered-switch-default]
[build]   366 |                     default: // the last token was unexpected
[build]       |                     ^
[build] C:\Users\pperv\code\unnamed_rpg\vendor\json\include\nlohmann/detail/input/parser.hpp(390,36): warning: enumeration type in nested name specifier is incompatible with C++98 [-Wc++98-compat]
[build]   390 |                 if (get_token() == token_type::value_separator)
[build]       |                                    ^
[build] C:\Users\pperv\code\unnamed_rpg\vendor\json\include\nlohmann/detail/input/parser.hpp(396,67): warning: enumeration type in nested name specifier is incompatible with C++98 [-Wc++98-compat]
[build]   396 |                     if (!(ignore_trailing_commas && last_token == token_type::end_array))
[build]       |                                                                   ^
[build] C:\Users\pperv\code\unnamed_rpg\vendor\json\include\nlohmann/detail/input/parser.hpp(403,54): warning: enumeration type in nested name specifier is incompatible with C++98 [-Wc++98-compat]
[build]   403 |                 if (JSON_HEDLEY_LIKELY(last_token == token_type::end_array))
[build]       |                                                      ^
[build] C:\Users\pperv\code\unnamed_rpg\vendor\json\include\nlohmann/detail/input/parser.hpp(422,108): warning: enumeration type in nested name specifier is incompatible with C++98 [-Wc++98-compat]
[build]   422 |                                         parse_error::create(101, m_lexer.get_position(), exception_message(token_type::end_array, "array"), nullptr));
[build]       |                                                                                                            ^
[build] C:\Users\pperv\code\unnamed_rpg\vendor\json\include\nlohmann/detail/input/parser.hpp(429,32): warning: enumeration type in nested name specifier is incompatible with C++98 [-Wc++98-compat]
[build]   429 |             if (get_token() == token_type::value_separator)
[build]       |                                ^
[build] C:\Users\pperv\code\unnamed_rpg\vendor\json\include\nlohmann/detail/input/parser.hpp(434,63): warning: enumeration type in nested name specifier is incompatible with C++98 [-Wc++98-compat]
[build]   434 |                 if (!(ignore_trailing_commas && last_token == token_type::end_object))
[build]       |                                                               ^
[build] C:\Users\pperv\code\unnamed_rpg\vendor\json\include\nlohmann/detail/input/parser.hpp(437,60): warning: enumeration type in nested name specifier is incompatible with C++98 [-Wc++98-compat]
[build]   437 |                     if (JSON_HEDLEY_UNLIKELY(last_token != token_type::value_string))
[build]       |                                                            ^
[build] C:\Users\pperv\code\unnamed_rpg\vendor\json\include\nlohmann/detail/input/parser.hpp(441,116): warning: enumeration type in nested name specifier is incompatible with C++98 [-Wc++98-compat]
[build]   441 |                                                 parse_error::create(101, m_lexer.get_position(), exception_message(token_type::value_string, "object key"), nullptr));
[build]       |                                                                                                                    ^
[build] C:\Users\pperv\code\unnamed_rpg\vendor\json\include\nlohmann/detail/input/parser.hpp(450,61): warning: enumeration type in nested name specifier is incompatible with C++98 [-Wc++98-compat]
[build]   450 |                     if (JSON_HEDLEY_UNLIKELY(get_token() != token_type::name_separator))
[build]       |                                                             ^
[build] C:\Users\pperv\code\unnamed_rpg\vendor\json\include\nlohmann/detail/input/parser.hpp(454,116): warning: enumeration type in nested name specifier is incompatible with C++98 [-Wc++98-compat]
[build]   454 |                                                 parse_error::create(101, m_lexer.get_position(), exception_message(token_type::name_separator, "object separator"), nullptr));
[build]       |                                                                                                                    ^
[build] C:\Users\pperv\code\unnamed_rpg\vendor\json\include\nlohmann/detail/input/parser.hpp(464,50): warning: enumeration type in nested name specifier is incompatible with C++98 [-Wc++98-compat]
[build]   464 |             if (JSON_HEDLEY_LIKELY(last_token == token_type::end_object))
[build]       |                                                  ^
[build] C:\Users\pperv\code\unnamed_rpg\vendor\json\include\nlohmann/detail/input/parser.hpp(483,104): warning: enumeration type in nested name specifier is incompatible with C++98 [-Wc++98-compat]
[build]   483 |                                     parse_error::create(101, m_lexer.get_position(), exception_message(token_type::end_object, "object"), nullptr));
[build]       |                                                                                                        ^
[build] In file included from C:\Users\pperv\code\unnamed_rpg\vendor\json-schema-validator\src\string-format-check.cpp:1:
[build] In file included from C:\Users\pperv\code\unnamed_rpg\vendor\json-schema-validator\src\nlohmann/json-schema.hpp:24:
[build] In file included from C:\Users\pperv\code\unnamed_rpg\vendor\json\include\nlohmann/json.hpp:50:
[build] In file included from C:\Users\pperv\code\unnamed_rpg\vendor\json\include\nlohmann/detail/input/binary_reader.hpp:29:
[build] C:\Users\pperv\code\unnamed_rpg\vendor\json\include\nlohmann/detail/input/json_sax.hpp(195,22): warning: 'nullptr' is incompatible with C++98 [-Wc++98-compat]
[build]   195 |         handle_value(nullptr);
[build]       |                      ^
[build] In file included from C:\Users\pperv\code\unnamed_rpg\vendor\json-schema-validator\src\string-format-check.cpp:1:
[build] In file included from C:\Users\pperv\code\unnamed_rpg\vendor\json-schema-validator\src\nlohmann/json-schema.hpp:24:
[build] C:\Users\pperv\code\unnamed_rpg\vendor\json\include\nlohmann/json.hpp(1278,30): warning: generalized initializer lists are incompatible with C++98 [-Wc++98-compat]
[build]  1278 |         other.m_data.m_value = {};
[build]       |                              ^ ~~
[build] C:\Users\pperv\code\unnamed_rpg\vendor\json\include\nlohmann/json.hpp(1277,31): warning: enumeration type in nested name specifier is incompatible with C++98 [-Wc++98-compat]
[build]  1277 |         other.m_data.m_type = value_t::null;
[build]       |                               ^
[build] C:\Users\pperv\code\unnamed_rpg\vendor\json\include\nlohmann/json.hpp(5294,12): note: in instantiation of member function 'nlohmann::basic_json<>::basic_json' requested here
[build]  5294 |     return nlohmann::json::parse(s, s + n);
[build]       |            ^
[build] C:\Users\pperv\code\unnamed_rpg\vendor\json\include\nlohmann/json.hpp(1278,32): warning: constructor call from initializer list is incompatible with C++98 [-Wc++98-compat]
[build]  1278 |         other.m_data.m_value = {};
[build]       |                                ^~
[build] In file included from C:\Users\pperv\code\unnamed_rpg\vendor\json-schema-validator\src\string-format-check.cpp:1:
[build] In file included from C:\Users\pperv\code\unnamed_rpg\vendor\json-schema-validator\src\nlohmann/json-schema.hpp:24:
[build] In file included from C:\Users\pperv\code\unnamed_rpg\vendor\json\include\nlohmann/json.hpp:60:
[build] C:\Users\pperv\code\unnamed_rpg\vendor\json\include\nlohmann/detail/json_pointer.hpp(805,156): warning: 'nullptr' is incompatible with C++98 [-Wc++98-compat]
[build]   805 |             JSON_THROW(detail::parse_error::create(107, 1, detail::concat("JSON pointer must be empty or begin with '/' - was: '", reference_string, "'"), nullptr));
[build]       |                                                                                                                                                            ^
[build] C:\Users\pperv\code\unnamed_rpg\vendor\json\include\nlohmann/detail/json_pointer.hpp(826,13): warning: 'auto' type specifier is incompatible with C++98 [-Wc++98-compat]
[build]   826 |             auto reference_token = reference_string.substr(start, slash - start);
[build]       |             ^~~~
[build] C:\Users\pperv\code\unnamed_rpg\vendor\json\include\nlohmann/json.hpp(5316,12): note: in instantiation of member function 'nlohmann::json_pointer<std::basic_string<char>>::json_pointer' requested here
[build]  5316 |     return nlohmann::json::json_pointer(std::string(s, n));
[build]       |            ^
[build] In file included from C:\Users\pperv\code\unnamed_rpg\vendor\json-schema-validator\src\string-format-check.cpp:1:
[build] In file included from C:\Users\pperv\code\unnamed_rpg\vendor\json-schema-validator\src\nlohmann/json-schema.hpp:24:
[build] In file included from C:\Users\pperv\code\unnamed_rpg\vendor\json\include\nlohmann/json.hpp:60:
[build] C:\Users\pperv\code\unnamed_rpg\vendor\json\include\nlohmann/detail/json_pointer.hpp(840,125): warning: 'nullptr' is incompatible with C++98 [-Wc++98-compat]
[build]   840 |                     JSON_THROW(detail::parse_error::create(108, 0, "escape character '~' must be followed with '0' or '1'", nullptr));
[build]       |                                                                                                                             ^
[build] In file included from C:\Users\pperv\code\unnamed_rpg\vendor\json-schema-validator\src\string-format-check.cpp:1:
[build] In file included from C:\Users\pperv\code\unnamed_rpg\vendor\json-schema-validator\src\nlohmann/json-schema.hpp:24:
[build] In file included from C:\Users\pperv\code\unnamed_rpg\vendor\json\include\nlohmann/json.hpp:44:
[build] In file included from C:\Users\pperv\code\unnamed_rpg\vendor\json\include\nlohmann/adl_serializer.hpp:14:
[build] In file included from C:\Users\pperv\code\unnamed_rpg\vendor\json\include\nlohmann/detail/conversions/from_json.hpp:24:
[build] In file included from C:\Users\pperv\code\unnamed_rpg\vendor\json\include\nlohmann/detail/exceptions.hpp:21:
[build] C:\Users\pperv\code\unnamed_rpg\vendor\json\include\nlohmann/detail/string_escape.hpp(67,36): warning: generalized initializer lists are incompatible with C++98 [-Wc++98-compat]
[build]    67 |     replace_substring(s, StringType{"~1"}, StringType{"/"});
[build]       |                                    ^
[build] C:\Users\pperv\code\unnamed_rpg\vendor\json\include\nlohmann/detail/string_escape.hpp(67,54): warning: generalized initializer lists are incompatible with C++98 [-Wc++98-compat]
[build]    67 |     replace_substring(s, StringType{"~1"}, StringType{"/"});
[build]       |                                                      ^
[build] C:\Users\pperv\code\unnamed_rpg\vendor\json\include\nlohmann/detail/string_escape.hpp(68,36): warning: generalized initializer lists are incompatible with C++98 [-Wc++98-compat]
[build]    68 |     replace_substring(s, StringType{"~0"}, StringType{"~"});
[build]       |                                    ^
[build] C:\Users\pperv\code\unnamed_rpg\vendor\json\include\nlohmann/detail/string_escape.hpp(68,54): warning: generalized initializer lists are incompatible with C++98 [-Wc++98-compat]
[build]    68 |     replace_substring(s, StringType{"~0"}, StringType{"~"});
[build]       |                                                      ^
[build] C:\Users\pperv\code\unnamed_rpg\vendor\json\include\nlohmann/detail/string_escape.hpp(67,36): warning: constructor call from initializer list is incompatible with C++98 [-Wc++98-compat]
[build]    67 |     replace_substring(s, StringType{"~1"}, StringType{"/"});
[build]       |                                    ^~~~~~
[build] C:\Users\pperv\code\unnamed_rpg\vendor\json\include\nlohmann/detail/json_pointer.hpp(845,21): note: in instantiation of function template specialization 'nlohmann::detail::unescape<std::basic_string<char>>' requested here
[build]   845 |             detail::unescape(reference_token);
[build]       |                     ^
[build] C:\Users\pperv\code\unnamed_rpg\vendor\json\include\nlohmann/detail/json_pointer.hpp(63,28): note: in instantiation of member function 'nlohmann::json_pointer<std::basic_string<char>>::split' requested here
[build]    63 |         : reference_tokens(split(s))
[build]       |                            ^
[build] C:\Users\pperv\code\unnamed_rpg\vendor\json\include\nlohmann/json.hpp(5316,12): note: in instantiation of member function 'nlohmann::json_pointer<std::basic_string<char>>::json_pointer' requested here
[build]  5316 |     return nlohmann::json::json_pointer(std::string(s, n));
[build]       |            ^
[build] In file included from C:\Users\pperv\code\unnamed_rpg\vendor\json-schema-validator\src\string-format-check.cpp:1:
[build] In file included from C:\Users\pperv\code\unnamed_rpg\vendor\json-schema-validator\src\nlohmann/json-schema.hpp:24:
[build] In file included from C:\Users\pperv\code\unnamed_rpg\vendor\json\include\nlohmann/json.hpp:44:
[build] In file included from C:\Users\pperv\code\unnamed_rpg\vendor\json\include\nlohmann/adl_serializer.hpp:14:
[build] In file included from C:\Users\pperv\code\unnamed_rpg\vendor\json\include\nlohmann/detail/conversions/from_json.hpp:24:
[build] In file included from C:\Users\pperv\code\unnamed_rpg\vendor\json\include\nlohmann/detail/exceptions.hpp:21:
[build] C:\Users\pperv\code\unnamed_rpg\vendor\json\include\nlohmann/detail/string_escape.hpp(67,54): warning: constructor call from initializer list is incompatible with C++98 [-Wc++98-compat]
[build]    67 |     replace_substring(s, StringType{"~1"}, StringType{"/"});
[build]       |                                                      ^~~~~
[build] C:\Users\pperv\code\unnamed_rpg\vendor\json\include\nlohmann/detail/string_escape.hpp(68,36): warning: constructor call from initializer list is incompatible with C++98 [-Wc++98-compat]
[build]    68 |     replace_substring(s, StringType{"~0"}, StringType{"~"});
[build]       |                                    ^~~~~~
[build] C:\Users\pperv\code\unnamed_rpg\vendor\json\include\nlohmann/detail/string_escape.hpp(68,54): warning: constructor call from initializer list is incompatible with C++98 [-Wc++98-compat]
[build]    68 |     replace_substring(s, StringType{"~0"}, StringType{"~"});
[build]       |                                                      ^~~~~
[build] C:\Users\pperv\code\unnamed_rpg\vendor\json\include\nlohmann/detail/string_escape.hpp(35,10): warning: 'auto' type specifier is incompatible with C++98 [-Wc++98-compat]
[build]    35 |     for (auto pos = s.find(f);                // find the first occurrence of f
[build]       |          ^~~~
[build] In file included from C:\Users\pperv\code\unnamed_rpg\vendor\json-schema-validator\src\string-format-check.cpp:1:
[build] In file included from C:\Users\pperv\code\unnamed_rpg\vendor\json-schema-validator\src\nlohmann/json-schema.hpp:24:
[build] In file included from C:\Users\pperv\code\unnamed_rpg\vendor\json\include\nlohmann/json.hpp:60:
[build] C:\Users\pperv\code\unnamed_rpg\vendor\json\include\nlohmann/detail/json_pointer.hpp(71,40): warning: generalized initializer lists are incompatible with C++98 [-Wc++98-compat]
[build]    71 |                                string_t{},
[build]       |                                        ^
[build] C:\Users\pperv\code\unnamed_rpg\vendor\json\include\nlohmann/detail/json_pointer.hpp(72,32): warning: lambda expressions are incompatible with C++98 [-Wc++98-compat]
[build]    72 |                                [](const string_t& a, const string_t& b)
[build]       |                                ^
[build] C:\Users\pperv\code\unnamed_rpg\vendor\json\include\nlohmann/detail/json_pointer.hpp(71,40): warning: constructor call from initializer list is incompatible with C++98 [-Wc++98-compat]
[build]    71 |                                string_t{},
[build]       |                                        ^~
[build] C:\Users\pperv\code\unnamed_rpg\vendor\json-schema-validator\src\nlohmann/json-schema.hpp(64,103): note: in instantiation of member function 'nlohmann::json_pointer<std::basic_string<char>>::to_string' requested here
[build]    64 |                 return std::make_tuple(urn_, scheme_, authority_, path_, identifier_ != "" ? identifier_ : pointer_.to_string());
[build]       |                                                                                                                     ^
[build] In file included from C:\Users\pperv\code\unnamed_rpg\vendor\json-schema-validator\src\string-format-check.cpp:1:
[build] In file included from C:\Users\pperv\code\unnamed_rpg\vendor\json-schema-validator\src\nlohmann/json-schema.hpp:24:
[build] In file included from C:\Users\pperv\code\unnamed_rpg\vendor\json\include\nlohmann/json.hpp:60:
[build] C:\Users\pperv\code\unnamed_rpg\vendor\json\include\nlohmann/detail/json_pointer.hpp(70,16): warning: local type '(lambda at C:\Users\pperv\code\unnamed_rpg\vendor\json\include\nlohmann\detail\json_pointer.hpp:72:32)' as template argument is incompatible with C++98 [-Wc++98-compat-local-type-template-args]
[build]    70 |         return std::accumulate(reference_tokens.begin(), reference_tokens.end(),
[build]       |                ^~~
[build] C:\Users\pperv\code\unnamed_rpg\vendor\json\include\nlohmann/detail/json_pointer.hpp(70,16): note: while substituting deduced template arguments into function template 'accumulate' [with _InIt = const_iterator, _Ty = string_t, _Fn = (lambda at C:\Users\pperv\code\unnamed_rpg\vendor\json\include\nlohmann\detail\json_pointer.hpp:72:32)]
[build] C:\Users\pperv\code\unnamed_rpg\vendor\json-schema-validator\src\nlohmann/json-schema.hpp(64,103): note: in instantiation of member function 'nlohmann::json_pointer<std::basic_string<char>>::to_string' requested here
[build]    64 |                 return std::make_tuple(urn_, scheme_, authority_, path_, identifier_ != "" ? identifier_ : pointer_.to_string());
[build]       |                                                                                                                     ^
[build] In file included from C:\Users\pperv\code\unnamed_rpg\vendor\json-schema-validator\src\string-format-check.cpp:1:
[build] In file included from C:\Users\pperv\code\unnamed_rpg\vendor\json-schema-validator\src\nlohmann/json-schema.hpp:24:
[build] In file included from C:\Users\pperv\code\unnamed_rpg\vendor\json\include\nlohmann/json.hpp:44:
[build] In file included from C:\Users\pperv\code\unnamed_rpg\vendor\json\include\nlohmann/adl_serializer.hpp:14:
[build] In file included from C:\Users\pperv\code\unnamed_rpg\vendor\json\include\nlohmann/detail/conversions/from_json.hpp:24:
[build] In file included from C:\Users\pperv\code\unnamed_rpg\vendor\json\include\nlohmann/detail/exceptions.hpp:21:
[build] C:\Users\pperv\code\unnamed_rpg\vendor\json\include\nlohmann/detail/string_escape.hpp(52,36): warning: generalized initializer lists are incompatible with C++98 [-Wc++98-compat]
[build]    52 |     replace_substring(s, StringType{"~"}, StringType{"~0"});
[build]       |                                    ^
[build] C:\Users\pperv\code\unnamed_rpg\vendor\json\include\nlohmann/detail/string_escape.hpp(52,53): warning: generalized initializer lists are incompatible with C++98 [-Wc++98-compat]
[build]    52 |     replace_substring(s, StringType{"~"}, StringType{"~0"});
[build]       |                                                     ^
[build] C:\Users\pperv\code\unnamed_rpg\vendor\json\include\nlohmann/detail/string_escape.hpp(53,36): warning: generalized initializer lists are incompatible with C++98 [-Wc++98-compat]
[build]    53 |     replace_substring(s, StringType{"/"}, StringType{"~1"});
[build]       |                                    ^
[build] C:\Users\pperv\code\unnamed_rpg\vendor\json\include\nlohmann/detail/string_escape.hpp(53,53): warning: generalized initializer lists are incompatible with C++98 [-Wc++98-compat]
[build]    53 |     replace_substring(s, StringType{"/"}, StringType{"~1"});
[build]       |                                                     ^
[build] C:\Users\pperv\code\unnamed_rpg\vendor\json\include\nlohmann/detail/string_escape.hpp(52,36): warning: constructor call from initializer list is incompatible with C++98 [-Wc++98-compat]
[build]    52 |     replace_substring(s, StringType{"~"}, StringType{"~0"});
[build]       |                                    ^~~~~
[build] C:\Users\pperv\code\unnamed_rpg\vendor\json\include\nlohmann/detail/json_pointer.hpp(74,51): note: in instantiation of function template specialization 'nlohmann::detail::escape<std::basic_string<char>>' requested here
[build]    74 |             return detail::concat(a, '/', detail::escape(b));
[build]       |                                                   ^
[build] C:\Users\pperv\code\unnamed_rpg\vendor\json-schema-validator\src\nlohmann/json-schema.hpp(64,103): note: in instantiation of member function 'nlohmann::json_pointer<std::basic_string<char>>::to_string' requested here
[build]    64 |                 return std::make_tuple(urn_, scheme_, authority_, path_, identifier_ != "" ? identifier_ : pointer_.to_string());
[build]       |                                                                                                                     ^
[build] In file included from C:\Users\pperv\code\unnamed_rpg\vendor\json-schema-validator\src\string-format-check.cpp:1:
[build] In file included from C:\Users\pperv\code\unnamed_rpg\vendor\json-schema-validator\src\nlohmann/json-schema.hpp:24:
[build] In file included from C:\Users\pperv\code\unnamed_rpg\vendor\json\include\nlohmann/json.hpp:44:
[build] In file included from C:\Users\pperv\code\unnamed_rpg\vendor\json\include\nlohmann/adl_serializer.hpp:14:
[build] In file included from C:\Users\pperv\code\unnamed_rpg\vendor\json\include\nlohmann/detail/conversions/from_json.hpp:24:
[build] In file included from C:\Users\pperv\code\unnamed_rpg\vendor\json\include\nlohmann/detail/exceptions.hpp:21:
[build] C:\Users\pperv\code\unnamed_rpg\vendor\json\include\nlohmann/detail/string_escape.hpp(52,53): warning: constructor call from initializer list is incompatible with C++98 [-Wc++98-compat]
[build]    52 |     replace_substring(s, StringType{"~"}, StringType{"~0"});
[build]       |                                                     ^~~~~~
[build] C:\Users\pperv\code\unnamed_rpg\vendor\json\include\nlohmann/detail/string_escape.hpp(53,36): warning: constructor call from initializer list is incompatible with C++98 [-Wc++98-compat]
[build]    53 |     replace_substring(s, StringType{"/"}, StringType{"~1"});
[build]       |                                    ^~~~~
[build] C:\Users\pperv\code\unnamed_rpg\vendor\json\include\nlohmann/detail/string_escape.hpp(53,53): warning: constructor call from initializer list is incompatible with C++98 [-Wc++98-compat]
[build]    53 |     replace_substring(s, StringType{"/"}, StringType{"~1"});
[build]       |                                                     ^~~~~~
[build] In file included from C:\Users\pperv\code\unnamed_rpg\vendor\json-schema-validator\src\string-format-check.cpp:1:
[build] In file included from C:\Users\pperv\code\unnamed_rpg\vendor\json-schema-validator\src\nlohmann/json-schema.hpp:24:
[build] In file included from C:\Users\pperv\code\unnamed_rpg\vendor\json\include\nlohmann/json.hpp:44:
[build] In file included from C:\Users\pperv\code\unnamed_rpg\vendor\json\include\nlohmann/adl_serializer.hpp:14:
[build] In file included from C:\Users\pperv\code\unnamed_rpg\vendor\json\include\nlohmann/detail/conversions/from_json.hpp:24:
[build] In file included from C:\Users\pperv\code\unnamed_rpg\vendor\json\include\nlohmann/detail/exceptions.hpp:26:
[build] C:\Users\pperv\code\unnamed_rpg\vendor\json\include\nlohmann/detail/string_concat.hpp(43,12): warning: function 'strlen' is unsafe [-Wunsafe-buffer-usage-in-libc-call]
[build]    43 |     return ::strlen(cstr) + concat_length(rest...);
[build]       |            ^~~~~~~~~~~~~~
[build] C:\Users\pperv\code\unnamed_rpg\vendor\json\include\nlohmann/detail/string_concat.hpp(43,12): warning: function 'strlen' is unsafe [-Wunsafe-buffer-usage-in-libc-call]
[build]    43 |     return ::strlen(cstr) + concat_length(rest...);
[build]       |            ^~~~~~~~~~~~~~
[build] C:\Users\pperv\code\unnamed_rpg\vendor\json\include\nlohmann/detail/string_concat.hpp(43,12): warning: function 'strlen' is unsafe [-Wunsafe-buffer-usage-in-libc-call]
[build]    43 |     return ::strlen(cstr) + concat_length(rest...);
[build]       |            ^~~~~~~~~~~~~~
[build] C:\Users\pperv\code\unnamed_rpg\vendor\json\include\nlohmann/detail/string_concat.hpp(43,12): warning: function 'strlen' is unsafe [-Wunsafe-buffer-usage-in-libc-call]
[build]    43 |     return ::strlen(cstr) + concat_length(rest...);
[build]       |            ^~~~~~~~~~~~~~
[build] C:\Users\pperv\code\unnamed_rpg\vendor\json\include\nlohmann/detail/string_concat.hpp(43,12): warning: function 'strlen' is unsafe [-Wunsafe-buffer-usage-in-libc-call]
[build]    43 |     return ::strlen(cstr) + concat_length(rest...);
[build]       |            ^~~~~~~~~~~~~~
[build] C:\Users\pperv\code\unnamed_rpg\vendor\json\include\nlohmann/detail/string_concat.hpp(43,12): warning: function 'strlen' is unsafe [-Wunsafe-buffer-usage-in-libc-call]
[build]    43 |     return ::strlen(cstr) + concat_length(rest...);
[build]       |            ^~~~~~~~~~~~~~
[build] C:\Users\pperv\code\unnamed_rpg\vendor\json\include\nlohmann/detail/string_concat.hpp(43,12): warning: function 'strlen' is unsafe [-Wunsafe-buffer-usage-in-libc-call]
[build]    43 |     return ::strlen(cstr) + concat_length(rest...);
[build]       |            ^~~~~~~~~~~~~~
[build] C:\Users\pperv\code\unnamed_rpg\vendor\json\include\nlohmann/detail/string_concat.hpp(43,12): warning: function 'strlen' is unsafe [-Wunsafe-buffer-usage-in-libc-call]
[build]    43 |     return ::strlen(cstr) + concat_length(rest...);
[build]       |            ^~~~~~~~~~~~~~
[build] C:\Users\pperv\code\unnamed_rpg\vendor\json\include\nlohmann/detail/string_concat.hpp(43,12): warning: function 'strlen' is unsafe [-Wunsafe-buffer-usage-in-libc-call]
[build]    43 |     return ::strlen(cstr) + concat_length(rest...);
[build]       |            ^~~~~~~~~~~~~~
[build] C:\Users\pperv\code\unnamed_rpg\vendor\json\include\nlohmann/detail/string_concat.hpp(43,12): warning: function 'strlen' is unsafe [-Wunsafe-buffer-usage-in-libc-call]
[build]    43 |     return ::strlen(cstr) + concat_length(rest...);
[build]       |            ^~~~~~~~~~~~~~
[build] In file included from C:\Users\pperv\code\unnamed_rpg\vendor\json-schema-validator\src\string-format-check.cpp:1:
[build] In file included from C:\Users\pperv\code\unnamed_rpg\vendor\json-schema-validator\src\nlohmann/json-schema.hpp:24:
[build] In file included from C:\Users\pperv\code\unnamed_rpg\vendor\json\include\nlohmann/json.hpp:50:
[build] In file included from C:\Users\pperv\code\unnamed_rpg\vendor\json\include\nlohmann/detail/input/binary_reader.hpp:29:
[build] In file included from C:\Users\pperv\code\unnamed_rpg\vendor\json\include\nlohmann/detail/input/json_sax.hpp:18:
[build] C:\Users\pperv\code\unnamed_rpg\vendor\json\include\nlohmann/detail/input/lexer.hpp(251,68): warning: unsafe pointer arithmetic [-Wunsafe-buffer-usage]
[build]   251 |         for (auto range = ranges.begin(); range != ranges.end(); ++range)
[build]       |                                                                    ^~~~~
[build] C:\Users\pperv\code\unnamed_rpg\vendor\json\include\nlohmann/detail/input/lexer.hpp(254,72): warning: unsafe pointer arithmetic [-Wunsafe-buffer-usage]
[build]   254 |             if (JSON_HEDLEY_LIKELY(*range <= current && current <= *(++range))) // NOLINT(bugprone-inc-dec-in-conditions)
[build]       |                                                                        ^~~~~
[build] C:\Users\pperv\code\unnamed_rpg\vendor\json\include\nlohmann/detail/input/lexer.hpp(953,13): warning: function 'strtod' is unsafe [-Wunsafe-buffer-usage-in-libc-call]
[build]   953 |         f = std::strtod(str, endptr);
[build]       |             ^~~~~~~~~~~~~~~~~~~~~~~~
[build] C:\Users\pperv\code\unnamed_rpg\vendor\json\include\nlohmann/detail/input/lexer.hpp(1288,28): warning: function 'strtoull' is unsafe [-Wunsafe-buffer-usage-in-libc-call]
[build]  1288 |             const auto x = std::strtoull(token_buffer.data(), &endptr, 10);
[build]       |                            ^~~~~~~~~~~~~~~~~~~~~~~~~~~~~~~~~~~~~~~~~~~~~~~
[build] C:\Users\pperv\code\unnamed_rpg\vendor\json\include\nlohmann/detail/input/lexer.hpp(1291,48): warning: unsafe pointer arithmetic [-Wunsafe-buffer-usage]
[build]  1291 |             JSON_ASSERT(endptr == token_buffer.data() + token_buffer.size());
[build]       |                                   ~~~~~~~~~~~~~^~~~~~
[build] C:\Users\pperv\code\unnamed_rpg\vendor\json\include\nlohmann/detail/macro_scope.hpp(233,35): note: expanded from macro 'JSON_ASSERT'
[build]   233 |     #define JSON_ASSERT(x) assert(x)
[build]       |                                   ^
[build] C:\Program Files (x86)\Windows Kits\10\include\10.0.26100.0\ucrt\assert.h(40,17): note: expanded from macro 'assert'
[build]    40 |             (!!(expression)) ||                                                               \
[build]       |                 ^~~~~~~~~~
[build] In file included from C:\Users\pperv\code\unnamed_rpg\vendor\json-schema-validator\src\string-format-check.cpp:1:
[build] In file included from C:\Users\pperv\code\unnamed_rpg\vendor\json-schema-validator\src\nlohmann/json-schema.hpp:24:
[build] In file included from C:\Users\pperv\code\unnamed_rpg\vendor\json\include\nlohmann/json.hpp:50:
[build] In file included from C:\Users\pperv\code\unnamed_rpg\vendor\json\include\nlohmann/detail/input/binary_reader.hpp:29:
[build] In file included from C:\Users\pperv\code\unnamed_rpg\vendor\json\include\nlohmann/detail/input/json_sax.hpp:18:
[build] C:\Users\pperv\code\unnamed_rpg\vendor\json\include\nlohmann/detail/input/lexer.hpp(1304,28): warning: function 'strtoll' is unsafe [-Wunsafe-buffer-usage-in-libc-call]
[build]  1304 |             const auto x = std::strtoll(token_buffer.data(), &endptr, 10);
[build]       |                            ^~~~~~~~~~~~~~~~~~~~~~~~~~~~~~~~~~~~~~~~~~~~~~
[build] C:\Users\pperv\code\unnamed_rpg\vendor\json\include\nlohmann/detail/input/lexer.hpp(1307,48): warning: unsafe pointer arithmetic [-Wunsafe-buffer-usage]
[build]  1307 |             JSON_ASSERT(endptr == token_buffer.data() + token_buffer.size());
[build]       |                                   ~~~~~~~~~~~~~^~~~~~
[build] C:\Users\pperv\code\unnamed_rpg\vendor\json\include\nlohmann/detail/macro_scope.hpp(233,35): note: expanded from macro 'JSON_ASSERT'
[build]   233 |     #define JSON_ASSERT(x) assert(x)
[build]       |                                   ^
[build] C:\Program Files (x86)\Windows Kits\10\include\10.0.26100.0\ucrt\assert.h(40,17): note: expanded from macro 'assert'
[build]    40 |             (!!(expression)) ||                                                               \
[build]       |                 ^~~~~~~~~~
[build] In file included from C:\Users\pperv\code\unnamed_rpg\vendor\json-schema-validator\src\string-format-check.cpp:1:
[build] In file included from C:\Users\pperv\code\unnamed_rpg\vendor\json-schema-validator\src\nlohmann/json-schema.hpp:24:
[build] In file included from C:\Users\pperv\code\unnamed_rpg\vendor\json\include\nlohmann/json.hpp:50:
[build] In file included from C:\Users\pperv\code\unnamed_rpg\vendor\json\include\nlohmann/detail/input/binary_reader.hpp:29:
[build] In file included from C:\Users\pperv\code\unnamed_rpg\vendor\json\include\nlohmann/detail/input/json_sax.hpp:18:
[build] C:\Users\pperv\code\unnamed_rpg\vendor\json\include\nlohmann/detail/input/lexer.hpp(1324,44): warning: unsafe pointer arithmetic [-Wunsafe-buffer-usage]
[build]  1324 |         JSON_ASSERT(endptr == token_buffer.data() + token_buffer.size());
[build]       |                               ~~~~~~~~~~~~~^~~~~~
[build] C:\Users\pperv\code\unnamed_rpg\vendor\json\include\nlohmann/detail/macro_scope.hpp(233,35): note: expanded from macro 'JSON_ASSERT'
[build]   233 |     #define JSON_ASSERT(x) assert(x)
[build]       |                                   ^
[build] C:\Program Files (x86)\Windows Kits\10\include\10.0.26100.0\ucrt\assert.h(40,17): note: expanded from macro 'assert'
[build]    40 |             (!!(expression)) ||                                                               \
[build]       |                 ^~~~~~~~~~
[build] In file included from C:\Users\pperv\code\unnamed_rpg\vendor\json-schema-validator\src\string-format-check.cpp:1:
[build] In file included from C:\Users\pperv\code\unnamed_rpg\vendor\json-schema-validator\src\nlohmann/json-schema.hpp:24:
[build] In file included from C:\Users\pperv\code\unnamed_rpg\vendor\json\include\nlohmann/json.hpp:50:
[build] In file included from C:\Users\pperv\code\unnamed_rpg\vendor\json\include\nlohmann/detail/input/binary_reader.hpp:29:
[build] In file included from C:\Users\pperv\code\unnamed_rpg\vendor\json\include\nlohmann/detail/input/json_sax.hpp:18:
[build] C:\Users\pperv\code\unnamed_rpg\vendor\json\include\nlohmann/detail/input/lexer.hpp(1341,85): warning: unsafe buffer access [-Wunsafe-buffer-usage]
[build]  1341 |             if (JSON_HEDLEY_UNLIKELY(char_traits<char_type>::to_char_type(get()) != literal_text[i]))
[build]       |                                                                                     ^~~~~~~~~~~~
[build] In file included from C:\Users\pperv\code\unnamed_rpg\vendor\json-schema-validator\src\string-format-check.cpp:1:
[build] In file included from C:\Users\pperv\code\unnamed_rpg\vendor\json-schema-validator\src\nlohmann/json-schema.hpp:24:
[build] In file included from C:\Users\pperv\code\unnamed_rpg\vendor\json\include\nlohmann/json.hpp:70:
[build] In file included from C:\Users\pperv\code\unnamed_rpg\vendor\json\include\nlohmann/detail/output/serializer.hpp:25:
[build] C:\Users\pperv\code\unnamed_rpg\vendor\json\include\nlohmann/detail/conversions/to_chars.hpp(577,21): warning: unsafe buffer access [-Wunsafe-buffer-usage]
[build]   577 |         JSON_ASSERT(buf[len - 1] != '0');
[build]       |                     ^~~
[build] C:\Users\pperv\code\unnamed_rpg\vendor\json\include\nlohmann/detail/conversions/to_chars.hpp(578,9): warning: unsafe buffer access [-Wunsafe-buffer-usage]
[build]   578 |         buf[len - 1]--;
[build]       |         ^~~
[build] C:\Users\pperv\code\unnamed_rpg\vendor\json\include\nlohmann/detail/conversions/to_chars.hpp(664,9): warning: unsafe buffer access [-Wunsafe-buffer-usage]
[build]   664 |         buffer[length++] = static_cast<char>('0' + d); // buffer := buffer * 10 + d
[build]       |         ^~~~~~
[build] C:\Users\pperv\code\unnamed_rpg\vendor\json\include\nlohmann/detail/conversions/to_chars.hpp(771,9): warning: unsafe buffer access [-Wunsafe-buffer-usage]
[build]   771 |         buffer[length++] = static_cast<char>('0' + d); // buffer := buffer * 10 + d
[build]       |         ^~~~~~
[build] C:\Users\pperv\code\unnamed_rpg\vendor\json\include\nlohmann/detail/conversions/to_chars.hpp(936,10): warning: unsafe pointer arithmetic [-Wunsafe-buffer-usage]
[build]   936 |         *buf++ = '-';
[build]       |          ^~~
[build] C:\Users\pperv\code\unnamed_rpg\vendor\json\include\nlohmann/detail/conversions/to_chars.hpp(940,10): warning: unsafe pointer arithmetic [-Wunsafe-buffer-usage]
[build]   940 |         *buf++ = '+';
[build]       |          ^~~
[build] C:\Users\pperv\code\unnamed_rpg\vendor\json\include\nlohmann/detail/conversions/to_chars.hpp(948,10): warning: unsafe pointer arithmetic [-Wunsafe-buffer-usage]
[build]   948 |         *buf++ = '0';
[build]       |          ^~~
[build] C:\Users\pperv\code\unnamed_rpg\vendor\json\include\nlohmann/detail/conversions/to_chars.hpp(949,10): warning: unsafe pointer arithmetic [-Wunsafe-buffer-usage]
[build]   949 |         *buf++ = static_cast<char>('0' + k);
[build]       |          ^~~
[build] C:\Users\pperv\code\unnamed_rpg\vendor\json\include\nlohmann/detail/conversions/to_chars.hpp(953,10): warning: unsafe pointer arithmetic [-Wunsafe-buffer-usage]
[build]   953 |         *buf++ = static_cast<char>('0' + (k / 10));
[build]       |          ^~~
[build] C:\Users\pperv\code\unnamed_rpg\vendor\json\include\nlohmann/detail/conversions/to_chars.hpp(955,10): warning: unsafe pointer arithmetic [-Wunsafe-buffer-usage]
[build]   955 |         *buf++ = static_cast<char>('0' + k);
[build]       |          ^~~
[build] C:\Users\pperv\code\unnamed_rpg\vendor\json\include\nlohmann/detail/conversions/to_chars.hpp(959,10): warning: unsafe pointer arithmetic [-Wunsafe-buffer-usage]
[build]   959 |         *buf++ = static_cast<char>('0' + (k / 100));
[build]       |          ^~~
[build] C:\Users\pperv\code\unnamed_rpg\vendor\json\include\nlohmann/detail/conversions/to_chars.hpp(961,10): warning: unsafe pointer arithmetic [-Wunsafe-buffer-usage]
[build]   961 |         *buf++ = static_cast<char>('0' + (k / 10));
[build]       |          ^~~
[build] C:\Users\pperv\code\unnamed_rpg\vendor\json\include\nlohmann/detail/conversions/to_chars.hpp(963,10): warning: unsafe pointer arithmetic [-Wunsafe-buffer-usage]
[build]   963 |         *buf++ = static_cast<char>('0' + k);
[build]       |          ^~~
[build] C:\Users\pperv\code\unnamed_rpg\vendor\json\include\nlohmann/detail/conversions/to_chars.hpp(998,9): warning: function 'memset' is unsafe [-Wunsafe-buffer-usage-in-libc-call]
[build]   998 |         std::memset(buf + k, '0', static_cast<size_t>(n) - static_cast<size_t>(k));
[build]       |         ^~~~~~~~~~~~~~~~~~~~~~~~~~~~~~~~~~~~~~~~~~~~~~~~~~~~~~~~~~~~~~~~~~~~~~~~~~
[build] C:\Users\pperv\code\unnamed_rpg\vendor\json\include\nlohmann/detail/conversions/to_chars.hpp(998,21): warning: unsafe pointer arithmetic [-Wunsafe-buffer-usage]
[build]   998 |         std::memset(buf + k, '0', static_cast<size_t>(n) - static_cast<size_t>(k));
[build]       |                     ^~~
[build] C:\Users\pperv\code\unnamed_rpg\vendor\json\include\nlohmann/detail/conversions/to_chars.hpp(1000,9): warning: unsafe buffer access [-Wunsafe-buffer-usage]
[build]  1000 |         buf[n + 0] = '.';
[build]       |         ^~~
[build] C:\Users\pperv\code\unnamed_rpg\vendor\json\include\nlohmann/detail/conversions/to_chars.hpp(1001,9): warning: unsafe buffer access [-Wunsafe-buffer-usage]
[build]  1001 |         buf[n + 1] = '0';
[build]       |         ^~~
[build] C:\Users\pperv\code\unnamed_rpg\vendor\json\include\nlohmann/detail/conversions/to_chars.hpp(1002,16): warning: unsafe pointer arithmetic [-Wunsafe-buffer-usage]
[build]  1002 |         return buf + (static_cast<size_t>(n) + 2);
[build]       |                ^~~
[build] C:\Users\pperv\code\unnamed_rpg\vendor\json\include\nlohmann/detail/conversions/to_chars.hpp(1012,9): warning: function 'memmove' is unsafe [-Wunsafe-buffer-usage-in-libc-call]
[build]  1012 |         std::memmove(buf + (static_cast<size_t>(n) + 1), buf + n, static_cast<size_t>(k) - static_cast<size_t>(n));
[build]       |         ^~~~~~~~~~~~~~~~~~~~~~~~~~~~~~~~~~~~~~~~~~~~~~~~~~~~~~~~~~~~~~~~~~~~~~~~~~~~~~~~~~~~~~~~~~~~~~~~~~~~~~~~~~
[build] C:\Users\pperv\code\unnamed_rpg\vendor\json\include\nlohmann/detail/conversions/to_chars.hpp(1012,22): warning: unsafe pointer arithmetic [-Wunsafe-buffer-usage]
[build]  1012 |         std::memmove(buf + (static_cast<size_t>(n) + 1), buf + n, static_cast<size_t>(k) - static_cast<size_t>(n));
[build]       |                      ^~~
[build] C:\Users\pperv\code\unnamed_rpg\vendor\json\include\nlohmann/detail/conversions/to_chars.hpp(1012,58): warning: unsafe pointer arithmetic [-Wunsafe-buffer-usage]
[build]  1012 |         std::memmove(buf + (static_cast<size_t>(n) + 1), buf + n, static_cast<size_t>(k) - static_cast<size_t>(n));
[build]       |                                                          ^~~
[build] C:\Users\pperv\code\unnamed_rpg\vendor\json\include\nlohmann/detail/conversions/to_chars.hpp(1013,9): warning: unsafe buffer access [-Wunsafe-buffer-usage]
[build]  1013 |         buf[n] = '.';
[build]       |         ^~~
[build] C:\Users\pperv\code\unnamed_rpg\vendor\json\include\nlohmann/detail/conversions/to_chars.hpp(1014,16): warning: unsafe pointer arithmetic [-Wunsafe-buffer-usage]
[build]  1014 |         return buf + (static_cast<size_t>(k) + 1U);
[build]       |                ^~~
[build] C:\Users\pperv\code\unnamed_rpg\vendor\json\include\nlohmann/detail/conversions/to_chars.hpp(1022,9): warning: function 'memmove' is unsafe [-Wunsafe-buffer-usage-in-libc-call]
[build]  1022 |         std::memmove(buf + (2 + static_cast<size_t>(-n)), buf, static_cast<size_t>(k));
[build]       |         ^~~~~~~~~~~~~~~~~~~~~~~~~~~~~~~~~~~~~~~~~~~~~~~~~~~~~~~~~~~~~~~~~~~~~~~~~~~~~~
[build] C:\Users\pperv\code\unnamed_rpg\vendor\json\include\nlohmann/detail/conversions/to_chars.hpp(1022,22): warning: unsafe pointer arithmetic [-Wunsafe-buffer-usage]
[build]  1022 |         std::memmove(buf + (2 + static_cast<size_t>(-n)), buf, static_cast<size_t>(k));
[build]       |                      ^~~
[build] C:\Users\pperv\code\unnamed_rpg\vendor\json\include\nlohmann/detail/conversions/to_chars.hpp(1024,9): warning: unsafe buffer access [-Wunsafe-buffer-usage]
[build]  1024 |         buf[1] = '.';
[build]       |         ^~~
[build] C:\Users\pperv\code\unnamed_rpg\vendor\json\include\nlohmann/detail/conversions/to_chars.hpp(1025,9): warning: function 'memset' is unsafe [-Wunsafe-buffer-usage-in-libc-call]
[build]  1025 |         std::memset(buf + 2, '0', static_cast<size_t>(-n));
[build]       |         ^~~~~~~~~~~~~~~~~~~~~~~~~~~~~~~~~~~~~~~~~~~~~~~~~~
[build] C:\Users\pperv\code\unnamed_rpg\vendor\json\include\nlohmann/detail/conversions/to_chars.hpp(1025,21): warning: unsafe pointer arithmetic [-Wunsafe-buffer-usage]
[build]  1025 |         std::memset(buf + 2, '0', static_cast<size_t>(-n));
[build]       |                     ^~~
[build] C:\Users\pperv\code\unnamed_rpg\vendor\json\include\nlohmann/detail/conversions/to_chars.hpp(1026,16): warning: unsafe pointer arithmetic [-Wunsafe-buffer-usage]
[build]  1026 |         return buf + (2U + static_cast<size_t>(-n) + static_cast<size_t>(k));
[build]       |                ^~~
[build] C:\Users\pperv\code\unnamed_rpg\vendor\json\include\nlohmann/detail/conversions/to_chars.hpp(1034,9): warning: unsafe pointer arithmetic [-Wunsafe-buffer-usage]
[build]  1034 |         buf += 1;
[build]       |         ^~~
[build] C:\Users\pperv\code\unnamed_rpg\vendor\json\include\nlohmann/detail/conversions/to_chars.hpp(1041,9): warning: function 'memmove' is unsafe [-Wunsafe-buffer-usage-in-libc-call]
[build]  1041 |         std::memmove(buf + 2, buf + 1, static_cast<size_t>(k) - 1);
[build]       |         ^~~~~~~~~~~~~~~~~~~~~~~~~~~~~~~~~~~~~~~~~~~~~~~~~~~~~~~~~~
[build] C:\Users\pperv\code\unnamed_rpg\vendor\json\include\nlohmann/detail/conversions/to_chars.hpp(1041,22): warning: unsafe pointer arithmetic [-Wunsafe-buffer-usage]
[build]  1041 |         std::memmove(buf + 2, buf + 1, static_cast<size_t>(k) - 1);
[build]       |                      ^~~
[build] C:\Users\pperv\code\unnamed_rpg\vendor\json\include\nlohmann/detail/conversions/to_chars.hpp(1041,31): warning: unsafe pointer arithmetic [-Wunsafe-buffer-usage]
[build]  1041 |         std::memmove(buf + 2, buf + 1, static_cast<size_t>(k) - 1);
[build]       |                               ^~~
[build] C:\Users\pperv\code\unnamed_rpg\vendor\json\include\nlohmann/detail/conversions/to_chars.hpp(1042,9): warning: unsafe buffer access [-Wunsafe-buffer-usage]
[build]  1042 |         buf[1] = '.';
[build]       |         ^~~
[build] C:\Users\pperv\code\unnamed_rpg\vendor\json\include\nlohmann/detail/conversions/to_chars.hpp(1043,9): warning: unsafe pointer arithmetic [-Wunsafe-buffer-usage]
[build]  1043 |         buf += 1 + static_cast<size_t>(k);
[build]       |         ^~~
[build] C:\Users\pperv\code\unnamed_rpg\vendor\json\include\nlohmann/detail/conversions/to_chars.hpp(1046,6): warning: unsafe pointer arithmetic [-Wunsafe-buffer-usage]
[build]  1046 |     *buf++ = 'e';
[build]       |      ^~~
[build] In file included from C:\Users\pperv\code\unnamed_rpg\vendor\json-schema-validator\src\string-format-check.cpp:1:
[build] In file included from C:\Users\pperv\code\unnamed_rpg\vendor\json-schema-validator\src\nlohmann/json-schema.hpp:24:
[build] C:\Users\pperv\code\unnamed_rpg\vendor\json\include\nlohmann/json.hpp(5294,37): warning: unsafe pointer arithmetic [-Wunsafe-buffer-usage]
[build]  5294 |     return nlohmann::json::parse(s, s + n);
[build]       |                                     ^
[build] 2767 warnings generated.
[build] [18/19  89% :: 17.559] Building CXX object vendor\json-schema-validator\CMakeFiles\nlohmann_json_schema_validator.dir\src\json-patch.cpp.obj
[build] In file included from C:\Users\pperv\code\unnamed_rpg\vendor\json-schema-validator\src\json-patch.cpp:1:
[build] In file included from C:\Users\pperv\code\unnamed_rpg\vendor\json-schema-validator\src\json-patch.hpp:3:
[build] In file included from C:\Users\pperv\code\unnamed_rpg\vendor\json\include\nlohmann/json.hpp:44:
[build] In file included from C:\Users\pperv\code\unnamed_rpg\vendor\json\include\nlohmann/adl_serializer.hpp:14:
[build] In file included from C:\Users\pperv\code\unnamed_rpg\vendor\json\include\nlohmann/detail/conversions/from_json.hpp:24:
[build] In file included from C:\Users\pperv\code\unnamed_rpg\vendor\json\include\nlohmann/detail/exceptions.hpp:20:
[build] In file included from C:\Users\pperv\code\unnamed_rpg\vendor\json\include\nlohmann/detail/value_t.hpp:16:
[build] In file included from C:\Users\pperv\code\unnamed_rpg\vendor\json\include\nlohmann/detail/macro_scope.hpp:12:
[build] In file included from C:\Users\pperv\code\unnamed_rpg\vendor\json\include\nlohmann/detail/meta/detected.hpp:13:
[build] C:\Users\pperv\code\unnamed_rpg\vendor\json\include\nlohmann/detail/meta/void_t.hpp(13,1): warning: empty macro arguments are incompatible with C++98 [-Wc++98-compat-pedantic]
[build]    13 | NLOHMANN_JSON_NAMESPACE_BEGIN
[build]       | ^
[build] C:\Users\pperv\code\unnamed_rpg\vendor\json\include\nlohmann/detail/abi_macros.hpp(102,17): note: expanded from macro 'NLOHMANN_JSON_NAMESPACE_BEGIN'
[build]   102 |                 NLOHMANN_JSON_ABI_TAGS,              \
[build]       |                 ^
[build] C:\Users\pperv\code\unnamed_rpg\vendor\json\include\nlohmann/detail/abi_macros.hpp(65,5): note: expanded from macro 'NLOHMANN_JSON_ABI_TAGS'
[build]    65 |     NLOHMANN_JSON_ABI_TAGS_CONCAT(                                   \
[build]       |     ^
[build] C:\Users\pperv\code\unnamed_rpg\vendor\json\include\nlohmann/detail/abi_macros.hpp(62,39): note: expanded from macro 'NLOHMANN_JSON_ABI_TAGS_CONCAT'
[build]    62 |     NLOHMANN_JSON_ABI_TAGS_CONCAT_EX(a, b, c)
[build]       |                                       ^
[build] In file included from C:\Users\pperv\code\unnamed_rpg\vendor\json-schema-validator\src\json-patch.cpp:1:
[build] In file included from C:\Users\pperv\code\unnamed_rpg\vendor\json-schema-validator\src\json-patch.hpp:3:
[build] In file included from C:\Users\pperv\code\unnamed_rpg\vendor\json\include\nlohmann/json.hpp:44:
[build] In file included from C:\Users\pperv\code\unnamed_rpg\vendor\json\include\nlohmann/adl_serializer.hpp:14:
[build] In file included from C:\Users\pperv\code\unnamed_rpg\vendor\json\include\nlohmann/detail/conversions/from_json.hpp:24:
[build] In file included from C:\Users\pperv\code\unnamed_rpg\vendor\json\include\nlohmann/detail/exceptions.hpp:20:
[build] In file included from C:\Users\pperv\code\unnamed_rpg\vendor\json\include\nlohmann/detail/value_t.hpp:16:
[build] In file included from C:\Users\pperv\code\unnamed_rpg\vendor\json\include\nlohmann/detail/macro_scope.hpp:12:
[build] In file included from C:\Users\pperv\code\unnamed_rpg\vendor\json\include\nlohmann/detail/meta/detected.hpp:13:
[build] C:\Users\pperv\code\unnamed_rpg\vendor\json\include\nlohmann/detail/meta/void_t.hpp(13,1): warning: empty macro arguments are incompatible with C++98 [-Wc++98-compat-pedantic]
[build] C:\Users\pperv\code\unnamed_rpg\vendor\json\include\nlohmann/detail/abi_macros.hpp(102,17): note: expanded from macro 'NLOHMANN_JSON_NAMESPACE_BEGIN'
[build]   102 |                 NLOHMANN_JSON_ABI_TAGS,              \
[build]       |                 ^
[build] C:\Users\pperv\code\unnamed_rpg\vendor\json\include\nlohmann/detail/abi_macros.hpp(65,5): note: expanded from macro 'NLOHMANN_JSON_ABI_TAGS'
[build]    65 |     NLOHMANN_JSON_ABI_TAGS_CONCAT(                                   \
[build]       |     ^
[build] C:\Users\pperv\code\unnamed_rpg\vendor\json\include\nlohmann/detail/abi_macros.hpp(62,42): note: expanded from macro 'NLOHMANN_JSON_ABI_TAGS_CONCAT'
[build]    62 |     NLOHMANN_JSON_ABI_TAGS_CONCAT_EX(a, b, c)
[build]       |                                          ^
[build] In file included from C:\Users\pperv\code\unnamed_rpg\vendor\json-schema-validator\src\json-patch.cpp:1:
[build] In file included from C:\Users\pperv\code\unnamed_rpg\vendor\json-schema-validator\src\json-patch.hpp:3:
[build] In file included from C:\Users\pperv\code\unnamed_rpg\vendor\json\include\nlohmann/json.hpp:44:
[build] In file included from C:\Users\pperv\code\unnamed_rpg\vendor\json\include\nlohmann/adl_serializer.hpp:14:
[build] In file included from C:\Users\pperv\code\unnamed_rpg\vendor\json\include\nlohmann/detail/conversions/from_json.hpp:24:
[build] In file included from C:\Users\pperv\code\unnamed_rpg\vendor\json\include\nlohmann/detail/exceptions.hpp:20:
[build] In file included from C:\Users\pperv\code\unnamed_rpg\vendor\json\include\nlohmann/detail/value_t.hpp:16:
[build] In file included from C:\Users\pperv\code\unnamed_rpg\vendor\json\include\nlohmann/detail/macro_scope.hpp:12:
[build] In file included from C:\Users\pperv\code\unnamed_rpg\vendor\json\include\nlohmann/detail/meta/detected.hpp:13:
[build] C:\Users\pperv\code\unnamed_rpg\vendor\json\include\nlohmann/detail/meta/void_t.hpp(13,1): warning: empty macro arguments are incompatible with C++98 [-Wc++98-compat-pedantic]
[build] C:\Users\pperv\code\unnamed_rpg\vendor\json\include\nlohmann/detail/abi_macros.hpp(102,17): note: expanded from macro 'NLOHMANN_JSON_NAMESPACE_BEGIN'
[build]   102 |                 NLOHMANN_JSON_ABI_TAGS,              \
[build]       |                 ^
[build] C:\Users\pperv\code\unnamed_rpg\vendor\json\include\nlohmann/detail/abi_macros.hpp(65,5): note: expanded from macro 'NLOHMANN_JSON_ABI_TAGS'
[build]    65 |     NLOHMANN_JSON_ABI_TAGS_CONCAT(                                   \
[build]       |     ^
[build] C:\Users\pperv\code\unnamed_rpg\vendor\json\include\nlohmann/detail/abi_macros.hpp(62,45): note: expanded from macro 'NLOHMANN_JSON_ABI_TAGS_CONCAT'
[build]    62 |     NLOHMANN_JSON_ABI_TAGS_CONCAT_EX(a, b, c)
[build]       |                                             ^
[build] In file included from C:\Users\pperv\code\unnamed_rpg\vendor\json-schema-validator\src\json-patch.cpp:1:
[build] In file included from C:\Users\pperv\code\unnamed_rpg\vendor\json-schema-validator\src\json-patch.hpp:3:
[build] In file included from C:\Users\pperv\code\unnamed_rpg\vendor\json\include\nlohmann/json.hpp:44:
[build] In file included from C:\Users\pperv\code\unnamed_rpg\vendor\json\include\nlohmann/adl_serializer.hpp:14:
[build] In file included from C:\Users\pperv\code\unnamed_rpg\vendor\json\include\nlohmann/detail/conversions/from_json.hpp:24:
[build] In file included from C:\Users\pperv\code\unnamed_rpg\vendor\json\include\nlohmann/detail/exceptions.hpp:20:
[build] In file included from C:\Users\pperv\code\unnamed_rpg\vendor\json\include\nlohmann/detail/value_t.hpp:16:
[build] In file included from C:\Users\pperv\code\unnamed_rpg\vendor\json\include\nlohmann/detail/macro_scope.hpp:12:
[build] In file included from C:\Users\pperv\code\unnamed_rpg\vendor\json\include\nlohmann/detail/meta/detected.hpp:13:
[build] C:\Users\pperv\code\unnamed_rpg\vendor\json\include\nlohmann/detail/meta/void_t.hpp(13,1): warning: inline namespaces are incompatible with C++98 [-Wc++98-compat]
[build] C:\Users\pperv\code\unnamed_rpg\vendor\json\include\nlohmann/detail/abi_macros.hpp(101,5): note: expanded from macro 'NLOHMANN_JSON_NAMESPACE_BEGIN'
[build]   101 |     inline namespace NLOHMANN_JSON_NAMESPACE_CONCAT( \
[build]       |     ^
[build] In file included from C:\Users\pperv\code\unnamed_rpg\vendor\json-schema-validator\src\json-patch.cpp:1:
[build] In file included from C:\Users\pperv\code\unnamed_rpg\vendor\json-schema-validator\src\json-patch.hpp:3:
[build] In file included from C:\Users\pperv\code\unnamed_rpg\vendor\json\include\nlohmann/json.hpp:44:
[build] In file included from C:\Users\pperv\code\unnamed_rpg\vendor\json\include\nlohmann/adl_serializer.hpp:14:
[build] In file included from C:\Users\pperv\code\unnamed_rpg\vendor\json\include\nlohmann/detail/conversions/from_json.hpp:24:
[build] In file included from C:\Users\pperv\code\unnamed_rpg\vendor\json\include\nlohmann/detail/exceptions.hpp:20:
[build] In file included from C:\Users\pperv\code\unnamed_rpg\vendor\json\include\nlohmann/detail/value_t.hpp:16:
[build] In file included from C:\Users\pperv\code\unnamed_rpg\vendor\json\include\nlohmann/detail/macro_scope.hpp:12:
[build] In file included from C:\Users\pperv\code\unnamed_rpg\vendor\json\include\nlohmann/detail/meta/detected.hpp:13:
[build] C:\Users\pperv\code\unnamed_rpg\vendor\json\include\nlohmann/detail/meta/void_t.hpp(17,19): warning: variadic templates are incompatible with C++98 [-Wc++98-compat]
[build]    17 | template<typename ...Ts> struct make_void
[build]       |                   ^
[build] C:\Users\pperv\code\unnamed_rpg\vendor\json\include\nlohmann/detail/meta/void_t.hpp(19,18): warning: alias declarations are incompatible with C++98 [-Wc++98-compat]
[build]    19 |     using type = void;
[build]       |                  ^
[build] C:\Users\pperv\code\unnamed_rpg\vendor\json\include\nlohmann/detail/meta/void_t.hpp(21,19): warning: variadic templates are incompatible with C++98 [-Wc++98-compat]
[build]    21 | template<typename ...Ts> using void_t = typename make_void<Ts...>::type;
[build]       |                   ^
[build] C:\Users\pperv\code\unnamed_rpg\vendor\json\include\nlohmann/detail/meta/void_t.hpp(21,41): warning: alias declarations are incompatible with C++98 [-Wc++98-compat]
[build]    21 | template<typename ...Ts> using void_t = typename make_void<Ts...>::type;
[build]       |                                         ^
[build] In file included from C:\Users\pperv\code\unnamed_rpg\vendor\json-schema-validator\src\json-patch.cpp:1:
[build] In file included from C:\Users\pperv\code\unnamed_rpg\vendor\json-schema-validator\src\json-patch.hpp:3:
[build] In file included from C:\Users\pperv\code\unnamed_rpg\vendor\json\include\nlohmann/json.hpp:44:
[build] In file included from C:\Users\pperv\code\unnamed_rpg\vendor\json\include\nlohmann/adl_serializer.hpp:14:
[build] In file included from C:\Users\pperv\code\unnamed_rpg\vendor\json\include\nlohmann/detail/conversions/from_json.hpp:24:
[build] In file included from C:\Users\pperv\code\unnamed_rpg\vendor\json\include\nlohmann/detail/exceptions.hpp:20:
[build] In file included from C:\Users\pperv\code\unnamed_rpg\vendor\json\include\nlohmann/detail/value_t.hpp:16:
[build] In file included from C:\Users\pperv\code\unnamed_rpg\vendor\json\include\nlohmann/detail/macro_scope.hpp:12:
[build] C:\Users\pperv\code\unnamed_rpg\vendor\json\include\nlohmann/detail/meta/detected.hpp(15,1): warning: empty macro arguments are incompatible with C++98 [-Wc++98-compat-pedantic]
[build]    15 | NLOHMANN_JSON_NAMESPACE_BEGIN
[build]       | ^
[build] C:\Users\pperv\code\unnamed_rpg\vendor\json\include\nlohmann/detail/abi_macros.hpp(102,17): note: expanded from macro 'NLOHMANN_JSON_NAMESPACE_BEGIN'
[build]   102 |                 NLOHMANN_JSON_ABI_TAGS,              \
[build]       |                 ^
[build] C:\Users\pperv\code\unnamed_rpg\vendor\json\include\nlohmann/detail/abi_macros.hpp(65,5): note: expanded from macro 'NLOHMANN_JSON_ABI_TAGS'
[build]    65 |     NLOHMANN_JSON_ABI_TAGS_CONCAT(                                   \
[build]       |     ^
[build] C:\Users\pperv\code\unnamed_rpg\vendor\json\include\nlohmann/detail/abi_macros.hpp(62,39): note: expanded from macro 'NLOHMANN_JSON_ABI_TAGS_CONCAT'
[build]    62 |     NLOHMANN_JSON_ABI_TAGS_CONCAT_EX(a, b, c)
[build]       |                                       ^
[build] In file included from C:\Users\pperv\code\unnamed_rpg\vendor\json-schema-validator\src\json-patch.cpp:1:
[build] In file included from C:\Users\pperv\code\unnamed_rpg\vendor\json-schema-validator\src\json-patch.hpp:3:
[build] In file included from C:\Users\pperv\code\unnamed_rpg\vendor\json\include\nlohmann/json.hpp:44:
[build] In file included from C:\Users\pperv\code\unnamed_rpg\vendor\json\include\nlohmann/adl_serializer.hpp:14:
[build] In file included from C:\Users\pperv\code\unnamed_rpg\vendor\json\include\nlohmann/detail/conversions/from_json.hpp:24:
[build] In file included from C:\Users\pperv\code\unnamed_rpg\vendor\json\include\nlohmann/detail/exceptions.hpp:20:
[build] In file included from C:\Users\pperv\code\unnamed_rpg\vendor\json\include\nlohmann/detail/value_t.hpp:16:
[build] In file included from C:\Users\pperv\code\unnamed_rpg\vendor\json\include\nlohmann/detail/macro_scope.hpp:12:
[build] C:\Users\pperv\code\unnamed_rpg\vendor\json\include\nlohmann/detail/meta/detected.hpp(15,1): warning: empty macro arguments are incompatible with C++98 [-Wc++98-compat-pedantic]
[build] C:\Users\pperv\code\unnamed_rpg\vendor\json\include\nlohmann/detail/abi_macros.hpp(102,17): note: expanded from macro 'NLOHMANN_JSON_NAMESPACE_BEGIN'
[build]   102 |                 NLOHMANN_JSON_ABI_TAGS,              \
[build]       |                 ^
[build] C:\Users\pperv\code\unnamed_rpg\vendor\json\include\nlohmann/detail/abi_macros.hpp(65,5): note: expanded from macro 'NLOHMANN_JSON_ABI_TAGS'
[build]    65 |     NLOHMANN_JSON_ABI_TAGS_CONCAT(                                   \
[build]       |     ^
[build] C:\Users\pperv\code\unnamed_rpg\vendor\json\include\nlohmann/detail/abi_macros.hpp(62,42): note: expanded from macro 'NLOHMANN_JSON_ABI_TAGS_CONCAT'
[build]    62 |     NLOHMANN_JSON_ABI_TAGS_CONCAT_EX(a, b, c)
[build]       |                                          ^
[build] In file included from C:\Users\pperv\code\unnamed_rpg\vendor\json-schema-validator\src\json-patch.cpp:1:
[build] In file included from C:\Users\pperv\code\unnamed_rpg\vendor\json-schema-validator\src\json-patch.hpp:3:
[build] In file included from C:\Users\pperv\code\unnamed_rpg\vendor\json\include\nlohmann/json.hpp:44:
[build] In file included from C:\Users\pperv\code\unnamed_rpg\vendor\json\include\nlohmann/adl_serializer.hpp:14:
[build] In file included from C:\Users\pperv\code\unnamed_rpg\vendor\json\include\nlohmann/detail/conversions/from_json.hpp:24:
[build] In file included from C:\Users\pperv\code\unnamed_rpg\vendor\json\include\nlohmann/detail/exceptions.hpp:20:
[build] In file included from C:\Users\pperv\code\unnamed_rpg\vendor\json\include\nlohmann/detail/value_t.hpp:16:
[build] In file included from C:\Users\pperv\code\unnamed_rpg\vendor\json\include\nlohmann/detail/macro_scope.hpp:12:
[build] C:\Users\pperv\code\unnamed_rpg\vendor\json\include\nlohmann/detail/meta/detected.hpp(15,1): warning: empty macro arguments are incompatible with C++98 [-Wc++98-compat-pedantic]
[build] C:\Users\pperv\code\unnamed_rpg\vendor\json\include\nlohmann/detail/abi_macros.hpp(102,17): note: expanded from macro 'NLOHMANN_JSON_NAMESPACE_BEGIN'
[build]   102 |                 NLOHMANN_JSON_ABI_TAGS,              \
[build]       |                 ^
[build] C:\Users\pperv\code\unnamed_rpg\vendor\json\include\nlohmann/detail/abi_macros.hpp(65,5): note: expanded from macro 'NLOHMANN_JSON_ABI_TAGS'
[build]    65 |     NLOHMANN_JSON_ABI_TAGS_CONCAT(                                   \
[build]       |     ^
[build] C:\Users\pperv\code\unnamed_rpg\vendor\json\include\nlohmann/detail/abi_macros.hpp(62,45): note: expanded from macro 'NLOHMANN_JSON_ABI_TAGS_CONCAT'
[build]    62 |     NLOHMANN_JSON_ABI_TAGS_CONCAT_EX(a, b, c)
[build]       |                                             ^
[build] In file included from C:\Users\pperv\code\unnamed_rpg\vendor\json-schema-validator\src\json-patch.cpp:1:
[build] In file included from C:\Users\pperv\code\unnamed_rpg\vendor\json-schema-validator\src\json-patch.hpp:3:
[build] In file included from C:\Users\pperv\code\unnamed_rpg\vendor\json\include\nlohmann/json.hpp:44:
[build] In file included from C:\Users\pperv\code\unnamed_rpg\vendor\json\include\nlohmann/adl_serializer.hpp:14:
[build] In file included from C:\Users\pperv\code\unnamed_rpg\vendor\json\include\nlohmann/detail/conversions/from_json.hpp:24:
[build] In file included from C:\Users\pperv\code\unnamed_rpg\vendor\json\include\nlohmann/detail/exceptions.hpp:20:
[build] In file included from C:\Users\pperv\code\unnamed_rpg\vendor\json\include\nlohmann/detail/value_t.hpp:16:
[build] In file included from C:\Users\pperv\code\unnamed_rpg\vendor\json\include\nlohmann/detail/macro_scope.hpp:12:
[build] C:\Users\pperv\code\unnamed_rpg\vendor\json\include\nlohmann/detail/meta/detected.hpp(15,1): warning: inline namespaces are incompatible with C++98 [-Wc++98-compat]
[build] C:\Users\pperv\code\unnamed_rpg\vendor\json\include\nlohmann/detail/abi_macros.hpp(101,5): note: expanded from macro 'NLOHMANN_JSON_NAMESPACE_BEGIN'
[build]   101 |     inline namespace NLOHMANN_JSON_NAMESPACE_CONCAT( \
[build]       |     ^
[build] In file included from C:\Users\pperv\code\unnamed_rpg\vendor\json-schema-validator\src\json-patch.cpp:1:
[build] In file included from C:\Users\pperv\code\unnamed_rpg\vendor\json-schema-validator\src\json-patch.hpp:3:
[build] In file included from C:\Users\pperv\code\unnamed_rpg\vendor\json\include\nlohmann/json.hpp:44:
[build] In file included from C:\Users\pperv\code\unnamed_rpg\vendor\json\include\nlohmann/adl_serializer.hpp:14:
[build] In file included from C:\Users\pperv\code\unnamed_rpg\vendor\json\include\nlohmann/detail/conversions/from_json.hpp:24:
[build] In file included from C:\Users\pperv\code\unnamed_rpg\vendor\json\include\nlohmann/detail/exceptions.hpp:20:
[build] In file included from C:\Users\pperv\code\unnamed_rpg\vendor\json\include\nlohmann/detail/value_t.hpp:16:
[build] In file included from C:\Users\pperv\code\unnamed_rpg\vendor\json\include\nlohmann/detail/macro_scope.hpp:12:
[build] C:\Users\pperv\code\unnamed_rpg\vendor\json\include\nlohmann/detail/meta/detected.hpp(22,18): warning: deleted function definitions are incompatible with C++98 [-Wc++98-compat]
[build]    22 |     nonesuch() = delete;
[build]       |                  ^
[build] C:\Users\pperv\code\unnamed_rpg\vendor\json\include\nlohmann/detail/meta/detected.hpp(23,19): warning: deleted function definitions are incompatible with C++98 [-Wc++98-compat]
[build]    23 |     ~nonesuch() = delete;
[build]       |                   ^
[build] C:\Users\pperv\code\unnamed_rpg\vendor\json\include\nlohmann/detail/meta/detected.hpp(24,33): warning: deleted function definitions are incompatible with C++98 [-Wc++98-compat]
[build]    24 |     nonesuch(nonesuch const&) = delete;
[build]       |                                 ^
[build] C:\Users\pperv\code\unnamed_rpg\vendor\json\include\nlohmann/detail/meta/detected.hpp(25,28): warning: rvalue references are incompatible with C++98 [-Wc++98-compat]
[build]    25 |     nonesuch(nonesuch const&&) = delete;
[build]       |                            ^
[build] C:\Users\pperv\code\unnamed_rpg\vendor\json\include\nlohmann/detail/meta/detected.hpp(25,34): warning: deleted function definitions are incompatible with C++98 [-Wc++98-compat]
[build]    25 |     nonesuch(nonesuch const&&) = delete;
[build]       |                                  ^
[build] C:\Users\pperv\code\unnamed_rpg\vendor\json\include\nlohmann/detail/meta/detected.hpp(26,39): warning: deleted function definitions are incompatible with C++98 [-Wc++98-compat]
[build]    26 |     void operator=(nonesuch const&) = delete;
[build]       |                                       ^
[build] C:\Users\pperv\code\unnamed_rpg\vendor\json\include\nlohmann/detail/meta/detected.hpp(27,28): warning: rvalue references are incompatible with C++98 [-Wc++98-compat]
[build]    27 |     void operator=(nonesuch&&) = delete;
[build]       |                            ^
[build] C:\Users\pperv\code\unnamed_rpg\vendor\json\include\nlohmann/detail/meta/detected.hpp(27,34): warning: deleted function definitions are incompatible with C++98 [-Wc++98-compat]
[build]    27 |     void operator=(nonesuch&&) = delete;
[build]       |                                  ^
[build] C:\Users\pperv\code\unnamed_rpg\vendor\json\include\nlohmann/detail/meta/detected.hpp(32,24): warning: variadic templates are incompatible with C++98 [-Wc++98-compat]
[build]    32 |          template<class...> class Op,
[build]       |                        ^
[build] C:\Users\pperv\code\unnamed_rpg\vendor\json\include\nlohmann/detail/meta/detected.hpp(33,15): warning: variadic templates are incompatible with C++98 [-Wc++98-compat]
[build]    33 |          class... Args>
[build]       |               ^
[build] C:\Users\pperv\code\unnamed_rpg\vendor\json\include\nlohmann/detail/meta/detected.hpp(36,21): warning: alias declarations are incompatible with C++98 [-Wc++98-compat]
[build]    36 |     using value_t = std::false_type;
[build]       |                     ^
[build] C:\Users\pperv\code\unnamed_rpg\vendor\json\include\nlohmann/detail/meta/detected.hpp(37,18): warning: alias declarations are incompatible with C++98 [-Wc++98-compat]
[build]    37 |     using type = Default;
[build]       |                  ^
[build] C:\Users\pperv\code\unnamed_rpg\vendor\json\include\nlohmann/detail/meta/detected.hpp(40,39): warning: variadic templates are incompatible with C++98 [-Wc++98-compat]
[build]    40 | template<class Default, template<class...> class Op, class... Args>
[build]       |                                       ^
[build] C:\Users\pperv\code\unnamed_rpg\vendor\json\include\nlohmann/detail/meta/detected.hpp(40,59): warning: variadic templates are incompatible with C++98 [-Wc++98-compat]
[build]    40 | template<class Default, template<class...> class Op, class... Args>
[build]       |                                                           ^
[build] C:\Users\pperv\code\unnamed_rpg\vendor\json\include\nlohmann/detail/meta/detected.hpp(41,43): warning: consecutive right angle brackets are incompatible with C++98 (use '> >') [-Wc++98-compat]
[build]    41 | struct detector<Default, void_t<Op<Args...>>, Op, Args...>
[build]       |                                           ^~
[build]       |                                           > >
[build] C:\Users\pperv\code\unnamed_rpg\vendor\json\include\nlohmann/detail/meta/detected.hpp(43,21): warning: alias declarations are incompatible with C++98 [-Wc++98-compat]
[build]    43 |     using value_t = std::true_type;
[build]       |                     ^
[build] C:\Users\pperv\code\unnamed_rpg\vendor\json\include\nlohmann/detail/meta/detected.hpp(44,18): warning: alias declarations are incompatible with C++98 [-Wc++98-compat]
[build]    44 |     using type = Op<Args...>;
[build]       |                  ^
[build] C:\Users\pperv\code\unnamed_rpg\vendor\json\include\nlohmann/detail/meta/detected.hpp(47,24): warning: variadic templates are incompatible with C++98 [-Wc++98-compat]
[build]    47 | template<template<class...> class Op, class... Args>
[build]       |                        ^
[build] C:\Users\pperv\code\unnamed_rpg\vendor\json\include\nlohmann/detail/meta/detected.hpp(47,44): warning: variadic templates are incompatible with C++98 [-Wc++98-compat]
[build]    47 | template<template<class...> class Op, class... Args>
[build]       |                                            ^
[build] C:\Users\pperv\code\unnamed_rpg\vendor\json\include\nlohmann/detail/meta/detected.hpp(48,21): warning: alias declarations are incompatible with C++98 [-Wc++98-compat]
[build]    48 | using is_detected = typename detector<nonesuch, void, Op, Args...>::value_t;
[build]       |                     ^
[build] C:\Users\pperv\code\unnamed_rpg\vendor\json\include\nlohmann/detail/meta/detected.hpp(50,24): warning: variadic templates are incompatible with C++98 [-Wc++98-compat]
[build]    50 | template<template<class...> class Op, class... Args>
[build]       |                        ^
[build] C:\Users\pperv\code\unnamed_rpg\vendor\json\include\nlohmann/detail/meta/detected.hpp(50,44): warning: variadic templates are incompatible with C++98 [-Wc++98-compat]
[build]    50 | template<template<class...> class Op, class... Args>
[build]       |                                            ^
[build] C:\Users\pperv\code\unnamed_rpg\vendor\json\include\nlohmann/detail/meta/detected.hpp(53,24): warning: variadic templates are incompatible with C++98 [-Wc++98-compat]
[build]    53 | template<template<class...> class Op, class... Args>
[build]       |                        ^
[build] C:\Users\pperv\code\unnamed_rpg\vendor\json\include\nlohmann/detail/meta/detected.hpp(53,44): warning: variadic templates are incompatible with C++98 [-Wc++98-compat]
[build]    53 | template<template<class...> class Op, class... Args>
[build]       |                                            ^
[build] C:\Users\pperv\code\unnamed_rpg\vendor\json\include\nlohmann/detail/meta/detected.hpp(54,20): warning: alias declarations are incompatible with C++98 [-Wc++98-compat]
[build]    54 | using detected_t = typename detector<nonesuch, void, Op, Args...>::type;
[build]       |                    ^
[build] C:\Users\pperv\code\unnamed_rpg\vendor\json\include\nlohmann/detail/meta/detected.hpp(56,39): warning: variadic templates are incompatible with C++98 [-Wc++98-compat]
[build]    56 | template<class Default, template<class...> class Op, class... Args>
[build]       |                                       ^
[build] C:\Users\pperv\code\unnamed_rpg\vendor\json\include\nlohmann/detail/meta/detected.hpp(56,59): warning: variadic templates are incompatible with C++98 [-Wc++98-compat]
[build]    56 | template<class Default, template<class...> class Op, class... Args>
[build]       |                                                           ^
[build] C:\Users\pperv\code\unnamed_rpg\vendor\json\include\nlohmann/detail/meta/detected.hpp(57,21): warning: alias declarations are incompatible with C++98 [-Wc++98-compat]
[build]    57 | using detected_or = detector<Default, void, Op, Args...>;
[build]       |                     ^
[build] C:\Users\pperv\code\unnamed_rpg\vendor\json\include\nlohmann/detail/meta/detected.hpp(59,39): warning: variadic templates are incompatible with C++98 [-Wc++98-compat]
[build]    59 | template<class Default, template<class...> class Op, class... Args>
[build]       |                                       ^
[build] C:\Users\pperv\code\unnamed_rpg\vendor\json\include\nlohmann/detail/meta/detected.hpp(59,59): warning: variadic templates are incompatible with C++98 [-Wc++98-compat]
[build]    59 | template<class Default, template<class...> class Op, class... Args>
[build]       |                                                           ^
[build] C:\Users\pperv\code\unnamed_rpg\vendor\json\include\nlohmann/detail/meta/detected.hpp(60,23): warning: alias declarations are incompatible with C++98 [-Wc++98-compat]
[build]    60 | using detected_or_t = typename detected_or<Default, Op, Args...>::type;
[build]       |                       ^
[build] C:\Users\pperv\code\unnamed_rpg\vendor\json\include\nlohmann/detail/meta/detected.hpp(62,40): warning: variadic templates are incompatible with C++98 [-Wc++98-compat]
[build]    62 | template<class Expected, template<class...> class Op, class... Args>
[build]       |                                        ^
[build] C:\Users\pperv\code\unnamed_rpg\vendor\json\include\nlohmann/detail/meta/detected.hpp(62,60): warning: variadic templates are incompatible with C++98 [-Wc++98-compat]
[build]    62 | template<class Expected, template<class...> class Op, class... Args>
[build]       |                                                            ^
[build] C:\Users\pperv\code\unnamed_rpg\vendor\json\include\nlohmann/detail/meta/detected.hpp(63,27): warning: alias declarations are incompatible with C++98 [-Wc++98-compat]
[build]    63 | using is_detected_exact = std::is_same<Expected, detected_t<Op, Args...>>;
[build]       |                           ^
[build] C:\Users\pperv\code\unnamed_rpg\vendor\json\include\nlohmann/detail/meta/detected.hpp(63,72): warning: consecutive right angle brackets are incompatible with C++98 (use '> >') [-Wc++98-compat]
[build]    63 | using is_detected_exact = std::is_same<Expected, detected_t<Op, Args...>>;
[build]       |                                                                        ^~
[build]       |                                                                        > >
[build] C:\Users\pperv\code\unnamed_rpg\vendor\json\include\nlohmann/detail/meta/detected.hpp(65,34): warning: variadic templates are incompatible with C++98 [-Wc++98-compat]
[build]    65 | template<class To, template<class...> class Op, class... Args>
[build]       |                                  ^
[build] C:\Users\pperv\code\unnamed_rpg\vendor\json\include\nlohmann/detail/meta/detected.hpp(65,54): warning: variadic templates are incompatible with C++98 [-Wc++98-compat]
[build]    65 | template<class To, template<class...> class Op, class... Args>
[build]       |                                                      ^
[build] C:\Users\pperv\code\unnamed_rpg\vendor\json\include\nlohmann/detail/meta/detected.hpp(67,5): warning: alias declarations are incompatible with C++98 [-Wc++98-compat]
[build]    67 |     std::is_convertible<detected_t<Op, Args...>, To>;
[build]       |     ^
[build] In file included from C:\Users\pperv\code\unnamed_rpg\vendor\json-schema-validator\src\json-patch.cpp:1:
[build] In file included from C:\Users\pperv\code\unnamed_rpg\vendor\json-schema-validator\src\json-patch.hpp:3:
[build] In file included from C:\Users\pperv\code\unnamed_rpg\vendor\json\include\nlohmann/json.hpp:44:
[build] In file included from C:\Users\pperv\code\unnamed_rpg\vendor\json\include\nlohmann/adl_serializer.hpp:14:
[build] In file included from C:\Users\pperv\code\unnamed_rpg\vendor\json\include\nlohmann/detail/conversions/from_json.hpp:24:
[build] In file included from C:\Users\pperv\code\unnamed_rpg\vendor\json\include\nlohmann/detail/exceptions.hpp:20:
[build] In file included from C:\Users\pperv\code\unnamed_rpg\vendor\json\include\nlohmann/detail/value_t.hpp:16:
[build] C:\Users\pperv\code\unnamed_rpg\vendor\json\include\nlohmann/detail/macro_scope.hpp(248,49): warning: variadic macros are incompatible with C++98 [-Wc++98-compat-pedantic]
[build]   248 | #define NLOHMANN_JSON_SERIALIZE_ENUM(ENUM_TYPE, ...)                                            \
[build]       |                                                 ^
[build] C:\Users\pperv\code\unnamed_rpg\vendor\json\include\nlohmann/detail/macro_scope.hpp(301,56): warning: variadic macros are incompatible with C++98 [-Wc++98-compat-pedantic]
[build]   301 | #define NLOHMANN_JSON_SERIALIZE_ENUM_STRICT(ENUM_TYPE, ...)                                     \
[build]       |                                                        ^
[build] C:\Users\pperv\code\unnamed_rpg\vendor\json\include\nlohmann/detail/macro_scope.hpp(354,349): warning: variadic macros are incompatible with C++98 [-Wc++98-compat-pedantic]
[build]   354 | #define NLOHMANN_JSON_GET_MACRO(_1, _2, _3, _4, _5, _6, _7, _8, _9, _10, _11, _12, _13, _14, _15, _16, _17, _18, _19, _20, _21, _22, _23, _24, _25, _26, _27, _28, _29, _30, _31, _32, _33, _34, _35, _36, _37, _38, _39, _40, _41, _42, _43, _44, _45, _46, _47, _48, _49, _50, _51, _52, _53, _54, _55, _56, _57, _58, _59, _60, _61, _62, _63, _64, NAME,...) NAME
[build]       |                                                                                                                                                                                                                                                                                                                                                             ^
[build] C:\Users\pperv\code\unnamed_rpg\vendor\json\include\nlohmann/detail/macro_scope.hpp(355,29): warning: variadic macros are incompatible with C++98 [-Wc++98-compat-pedantic]
[build]   355 | #define NLOHMANN_JSON_PASTE(...) NLOHMANN_JSON_EXPAND(NLOHMANN_JSON_GET_MACRO(__VA_ARGS__, \
[build]       |                             ^
[build] C:\Users\pperv\code\unnamed_rpg\vendor\json\include\nlohmann/detail/macro_scope.hpp(483,36): warning: variadic macros are incompatible with C++98 [-Wc++98-compat-pedantic]
[build]   483 | #define NLOHMANN_JSON_DOUBLE_PASTE(...) NLOHMANN_JSON_EXPAND(NLOHMANN_JSON_GET_MACRO(__VA_ARGS__, \
[build]       |                                    ^
[build] C:\Users\pperv\code\unnamed_rpg\vendor\json\include\nlohmann/detail/macro_scope.hpp(588,43): warning: variadic macros are incompatible with C++98 [-Wc++98-compat-pedantic]
[build]   588 | #define NLOHMANN_JSON_BASIC_TYPE_TEMPLATE(...) template<typename BasicJsonType, nlohmann::detail::enable_if_t<nlohmann::detail::is_basic_json<BasicJsonType>::value, int> = 0> __VA_ARGS__
[build]       |                                           ^
[build] C:\Users\pperv\code\unnamed_rpg\vendor\json\include\nlohmann/detail/macro_scope.hpp(596,46): warning: variadic macros are incompatible with C++98 [-Wc++98-compat-pedantic]
[build]   596 | #define NLOHMANN_DEFINE_TYPE_INTRUSIVE(Type, ...)  \
[build]       |                                              ^
[build] C:\Users\pperv\code\unnamed_rpg\vendor\json\include\nlohmann/detail/macro_scope.hpp(600,57): warning: variadic macros are incompatible with C++98 [-Wc++98-compat-pedantic]
[build]   600 | #define NLOHMANN_DEFINE_TYPE_INTRUSIVE_WITH_NAMES(Type, ...)  \
[build]       |                                                         ^
[build] C:\Users\pperv\code\unnamed_rpg\vendor\json\include\nlohmann/detail/macro_scope.hpp(610,59): warning: variadic macros are incompatible with C++98 [-Wc++98-compat-pedantic]
[build]   610 | #define NLOHMANN_DEFINE_TYPE_INTRUSIVE_WITH_DEFAULT(Type, ...)  \
[build]       |                                                           ^
[build] C:\Users\pperv\code\unnamed_rpg\vendor\json\include\nlohmann/detail/macro_scope.hpp(614,70): warning: variadic macros are incompatible with C++98 [-Wc++98-compat-pedantic]
[build]   614 | #define NLOHMANN_DEFINE_TYPE_INTRUSIVE_WITH_DEFAULT_WITH_NAMES(Type, ...)  \
[build]       |                                                                      ^
[build] C:\Users\pperv\code\unnamed_rpg\vendor\json\include\nlohmann/detail/macro_scope.hpp(624,61): warning: variadic macros are incompatible with C++98 [-Wc++98-compat-pedantic]
[build]   624 | #define NLOHMANN_DEFINE_TYPE_INTRUSIVE_ONLY_SERIALIZE(Type, ...)  \
[build]       |                                                             ^
[build] C:\Users\pperv\code\unnamed_rpg\vendor\json\include\nlohmann/detail/macro_scope.hpp(627,72): warning: variadic macros are incompatible with C++98 [-Wc++98-compat-pedantic]
[build]   627 | #define NLOHMANN_DEFINE_TYPE_INTRUSIVE_ONLY_SERIALIZE_WITH_NAMES(Type, ...)  \
[build]       |                                                                        ^
[build] C:\Users\pperv\code\unnamed_rpg\vendor\json\include\nlohmann/detail/macro_scope.hpp(636,50): warning: variadic macros are incompatible with C++98 [-Wc++98-compat-pedantic]
[build]   636 | #define NLOHMANN_DEFINE_TYPE_NON_INTRUSIVE(Type, ...)  \
[build]       |                                                  ^
[build] C:\Users\pperv\code\unnamed_rpg\vendor\json\include\nlohmann/detail/macro_scope.hpp(640,61): warning: variadic macros are incompatible with C++98 [-Wc++98-compat-pedantic]
[build]   640 | #define NLOHMANN_DEFINE_TYPE_NON_INTRUSIVE_WITH_NAMES(Type, ...)  \
[build]       |                                                             ^
[build] C:\Users\pperv\code\unnamed_rpg\vendor\json\include\nlohmann/detail/macro_scope.hpp(650,63): warning: variadic macros are incompatible with C++98 [-Wc++98-compat-pedantic]
[build]   650 | #define NLOHMANN_DEFINE_TYPE_NON_INTRUSIVE_WITH_DEFAULT(Type, ...)  \
[build]       |                                                               ^
[build] C:\Users\pperv\code\unnamed_rpg\vendor\json\include\nlohmann/detail/macro_scope.hpp(654,74): warning: variadic macros are incompatible with C++98 [-Wc++98-compat-pedantic]
[build]   654 | #define NLOHMANN_DEFINE_TYPE_NON_INTRUSIVE_WITH_DEFAULT_WITH_NAMES(Type, ...)  \
[build]       |                                                                          ^
[build] C:\Users\pperv\code\unnamed_rpg\vendor\json\include\nlohmann/detail/macro_scope.hpp(664,65): warning: variadic macros are incompatible with C++98 [-Wc++98-compat-pedantic]
[build]   664 | #define NLOHMANN_DEFINE_TYPE_NON_INTRUSIVE_ONLY_SERIALIZE(Type, ...)  \
[build]       |                                                                 ^
[build] C:\Users\pperv\code\unnamed_rpg\vendor\json\include\nlohmann/detail/macro_scope.hpp(667,76): warning: variadic macros are incompatible with C++98 [-Wc++98-compat-pedantic]
[build]   667 | #define NLOHMANN_DEFINE_TYPE_NON_INTRUSIVE_ONLY_SERIALIZE_WITH_NAMES(Type, ...)  \
[build]       |                                                                            ^
[build] C:\Users\pperv\code\unnamed_rpg\vendor\json\include\nlohmann/detail/macro_scope.hpp(676,64): warning: variadic macros are incompatible with C++98 [-Wc++98-compat-pedantic]
[build]   676 | #define NLOHMANN_DEFINE_DERIVED_TYPE_INTRUSIVE(Type, BaseType, ...)  \
[build]       |                                                                ^
[build] C:\Users\pperv\code\unnamed_rpg\vendor\json\include\nlohmann/detail/macro_scope.hpp(680,75): warning: variadic macros are incompatible with C++98 [-Wc++98-compat-pedantic]
[build]   680 | #define NLOHMANN_DEFINE_DERIVED_TYPE_INTRUSIVE_WITH_NAMES(Type, BaseType, ...)  \
[build]       |                                                                           ^
[build] C:\Users\pperv\code\unnamed_rpg\vendor\json\include\nlohmann/detail/macro_scope.hpp(690,77): warning: variadic macros are incompatible with C++98 [-Wc++98-compat-pedantic]
[build]   690 | #define NLOHMANN_DEFINE_DERIVED_TYPE_INTRUSIVE_WITH_DEFAULT(Type, BaseType, ...)  \
[build]       |                                                                             ^
[build] C:\Users\pperv\code\unnamed_rpg\vendor\json\include\nlohmann/detail/macro_scope.hpp(694,88): warning: variadic macros are incompatible with C++98 [-Wc++98-compat-pedantic]
[build]   694 | #define NLOHMANN_DEFINE_DERIVED_TYPE_INTRUSIVE_WITH_DEFAULT_WITH_NAMES(Type, BaseType, ...)  \
[build]       |                                                                                        ^
[build] C:\Users\pperv\code\unnamed_rpg\vendor\json\include\nlohmann/detail/macro_scope.hpp(704,79): warning: variadic macros are incompatible with C++98 [-Wc++98-compat-pedantic]
[build]   704 | #define NLOHMANN_DEFINE_DERIVED_TYPE_INTRUSIVE_ONLY_SERIALIZE(Type, BaseType, ...)  \
[build]       |                                                                               ^
[build] C:\Users\pperv\code\unnamed_rpg\vendor\json\include\nlohmann/detail/macro_scope.hpp(707,90): warning: variadic macros are incompatible with C++98 [-Wc++98-compat-pedantic]
[build]   707 | #define NLOHMANN_DEFINE_DERIVED_TYPE_INTRUSIVE_ONLY_SERIALIZE_WITH_NAMES(Type, BaseType, ...)  \
[build]       |                                                                                          ^
[build] C:\Users\pperv\code\unnamed_rpg\vendor\json\include\nlohmann/detail/macro_scope.hpp(717,68): warning: variadic macros are incompatible with C++98 [-Wc++98-compat-pedantic]
[build]   717 | #define NLOHMANN_DEFINE_DERIVED_TYPE_NON_INTRUSIVE(Type, BaseType, ...)  \
[build]       |                                                                    ^
[build] C:\Users\pperv\code\unnamed_rpg\vendor\json\include\nlohmann/detail/macro_scope.hpp(721,79): warning: variadic macros are incompatible with C++98 [-Wc++98-compat-pedantic]
[build]   721 | #define NLOHMANN_DEFINE_DERIVED_TYPE_NON_INTRUSIVE_WITH_NAMES(Type, BaseType, ...)  \
[build]       |                                                                               ^
[build] C:\Users\pperv\code\unnamed_rpg\vendor\json\include\nlohmann/detail/macro_scope.hpp(731,81): warning: variadic macros are incompatible with C++98 [-Wc++98-compat-pedantic]
[build]   731 | #define NLOHMANN_DEFINE_DERIVED_TYPE_NON_INTRUSIVE_WITH_DEFAULT(Type, BaseType, ...)  \
[build]       |                                                                                 ^
[build] C:\Users\pperv\code\unnamed_rpg\vendor\json\include\nlohmann/detail/macro_scope.hpp(735,92): warning: variadic macros are incompatible with C++98 [-Wc++98-compat-pedantic]
[build]   735 | #define NLOHMANN_DEFINE_DERIVED_TYPE_NON_INTRUSIVE_WITH_DEFAULT_WITH_NAMES(Type, BaseType, ...)  \
[build]       |                                                                                            ^
[build] C:\Users\pperv\code\unnamed_rpg\vendor\json\include\nlohmann/detail/macro_scope.hpp(745,83): warning: variadic macros are incompatible with C++98 [-Wc++98-compat-pedantic]
[build]   745 | #define NLOHMANN_DEFINE_DERIVED_TYPE_NON_INTRUSIVE_ONLY_SERIALIZE(Type, BaseType, ...)  \
[build]       |                                                                                   ^
[build] C:\Users\pperv\code\unnamed_rpg\vendor\json\include\nlohmann/detail/macro_scope.hpp(748,94): warning: variadic macros are incompatible with C++98 [-Wc++98-compat-pedantic]
[build]   748 | #define NLOHMANN_DEFINE_DERIVED_TYPE_NON_INTRUSIVE_ONLY_SERIALIZE_WITH_NAMES(Type, BaseType, ...)  \
[build]       |                                                                                              ^
[build] In file included from C:\Users\pperv\code\unnamed_rpg\vendor\json-schema-validator\src\json-patch.cpp:1:
[build] In file included from C:\Users\pperv\code\unnamed_rpg\vendor\json-schema-validator\src\json-patch.hpp:3:
[build] In file included from C:\Users\pperv\code\unnamed_rpg\vendor\json\include\nlohmann/json.hpp:44:
[build] In file included from C:\Users\pperv\code\unnamed_rpg\vendor\json\include\nlohmann/adl_serializer.hpp:14:
[build] In file included from C:\Users\pperv\code\unnamed_rpg\vendor\json\include\nlohmann/detail/conversions/from_json.hpp:24:
[build] In file included from C:\Users\pperv\code\unnamed_rpg\vendor\json\include\nlohmann/detail/exceptions.hpp:20:
[build] C:\Users\pperv\code\unnamed_rpg\vendor\json\include\nlohmann/detail/value_t.hpp(21,1): warning: empty macro arguments are incompatible with C++98 [-Wc++98-compat-pedantic]
[build]    21 | NLOHMANN_JSON_NAMESPACE_BEGIN
[build]       | ^
[build] C:\Users\pperv\code\unnamed_rpg\vendor\json\include\nlohmann/detail/abi_macros.hpp(102,17): note: expanded from macro 'NLOHMANN_JSON_NAMESPACE_BEGIN'
[build]   102 |                 NLOHMANN_JSON_ABI_TAGS,              \
[build]       |                 ^
[build] C:\Users\pperv\code\unnamed_rpg\vendor\json\include\nlohmann/detail/abi_macros.hpp(65,5): note: expanded from macro 'NLOHMANN_JSON_ABI_TAGS'
[build]    65 |     NLOHMANN_JSON_ABI_TAGS_CONCAT(                                   \
[build]       |     ^
[build] C:\Users\pperv\code\unnamed_rpg\vendor\json\include\nlohmann/detail/abi_macros.hpp(62,39): note: expanded from macro 'NLOHMANN_JSON_ABI_TAGS_CONCAT'
[build]    62 |     NLOHMANN_JSON_ABI_TAGS_CONCAT_EX(a, b, c)
[build]       |                                       ^
[build] In file included from C:\Users\pperv\code\unnamed_rpg\vendor\json-schema-validator\src\json-patch.cpp:1:
[build] In file included from C:\Users\pperv\code\unnamed_rpg\vendor\json-schema-validator\src\json-patch.hpp:3:
[build] In file included from C:\Users\pperv\code\unnamed_rpg\vendor\json\include\nlohmann/json.hpp:44:
[build] In file included from C:\Users\pperv\code\unnamed_rpg\vendor\json\include\nlohmann/adl_serializer.hpp:14:
[build] In file included from C:\Users\pperv\code\unnamed_rpg\vendor\json\include\nlohmann/detail/conversions/from_json.hpp:24:
[build] In file included from C:\Users\pperv\code\unnamed_rpg\vendor\json\include\nlohmann/detail/exceptions.hpp:20:
[build] C:\Users\pperv\code\unnamed_rpg\vendor\json\include\nlohmann/detail/value_t.hpp(21,1): warning: empty macro arguments are incompatible with C++98 [-Wc++98-compat-pedantic]
[build] C:\Users\pperv\code\unnamed_rpg\vendor\json\include\nlohmann/detail/abi_macros.hpp(102,17): note: expanded from macro 'NLOHMANN_JSON_NAMESPACE_BEGIN'
[build]   102 |                 NLOHMANN_JSON_ABI_TAGS,              \
[build]       |                 ^
[build] C:\Users\pperv\code\unnamed_rpg\vendor\json\include\nlohmann/detail/abi_macros.hpp(65,5): note: expanded from macro 'NLOHMANN_JSON_ABI_TAGS'
[build]    65 |     NLOHMANN_JSON_ABI_TAGS_CONCAT(                                   \
[build]       |     ^
[build] C:\Users\pperv\code\unnamed_rpg\vendor\json\include\nlohmann/detail/abi_macros.hpp(62,42): note: expanded from macro 'NLOHMANN_JSON_ABI_TAGS_CONCAT'
[build]    62 |     NLOHMANN_JSON_ABI_TAGS_CONCAT_EX(a, b, c)
[build]       |                                          ^
[build] In file included from C:\Users\pperv\code\unnamed_rpg\vendor\json-schema-validator\src\json-patch.cpp:1:
[build] In file included from C:\Users\pperv\code\unnamed_rpg\vendor\json-schema-validator\src\json-patch.hpp:3:
[build] In file included from C:\Users\pperv\code\unnamed_rpg\vendor\json\include\nlohmann/json.hpp:44:
[build] In file included from C:\Users\pperv\code\unnamed_rpg\vendor\json\include\nlohmann/adl_serializer.hpp:14:
[build] In file included from C:\Users\pperv\code\unnamed_rpg\vendor\json\include\nlohmann/detail/conversions/from_json.hpp:24:
[build] In file included from C:\Users\pperv\code\unnamed_rpg\vendor\json\include\nlohmann/detail/exceptions.hpp:20:
[build] C:\Users\pperv\code\unnamed_rpg\vendor\json\include\nlohmann/detail/value_t.hpp(21,1): warning: empty macro arguments are incompatible with C++98 [-Wc++98-compat-pedantic]
[build] C:\Users\pperv\code\unnamed_rpg\vendor\json\include\nlohmann/detail/abi_macros.hpp(102,17): note: expanded from macro 'NLOHMANN_JSON_NAMESPACE_BEGIN'
[build]   102 |                 NLOHMANN_JSON_ABI_TAGS,              \
[build]       |                 ^
[build] C:\Users\pperv\code\unnamed_rpg\vendor\json\include\nlohmann/detail/abi_macros.hpp(65,5): note: expanded from macro 'NLOHMANN_JSON_ABI_TAGS'
[build]    65 |     NLOHMANN_JSON_ABI_TAGS_CONCAT(                                   \
[build]       |     ^
[build] C:\Users\pperv\code\unnamed_rpg\vendor\json\include\nlohmann/detail/abi_macros.hpp(62,45): note: expanded from macro 'NLOHMANN_JSON_ABI_TAGS_CONCAT'
[build]    62 |     NLOHMANN_JSON_ABI_TAGS_CONCAT_EX(a, b, c)
[build]       |                                             ^
[build] In file included from C:\Users\pperv\code\unnamed_rpg\vendor\json-schema-validator\src\json-patch.cpp:1:
[build] In file included from C:\Users\pperv\code\unnamed_rpg\vendor\json-schema-validator\src\json-patch.hpp:3:
[build] In file included from C:\Users\pperv\code\unnamed_rpg\vendor\json\include\nlohmann/json.hpp:44:
[build] In file included from C:\Users\pperv\code\unnamed_rpg\vendor\json\include\nlohmann/adl_serializer.hpp:14:
[build] In file included from C:\Users\pperv\code\unnamed_rpg\vendor\json\include\nlohmann/detail/conversions/from_json.hpp:24:
[build] In file included from C:\Users\pperv\code\unnamed_rpg\vendor\json\include\nlohmann/detail/exceptions.hpp:20:
[build] C:\Users\pperv\code\unnamed_rpg\vendor\json\include\nlohmann/detail/value_t.hpp(21,1): warning: inline namespaces are incompatible with C++98 [-Wc++98-compat]
[build] C:\Users\pperv\code\unnamed_rpg\vendor\json\include\nlohmann/detail/abi_macros.hpp(101,5): note: expanded from macro 'NLOHMANN_JSON_NAMESPACE_BEGIN'
[build]   101 |     inline namespace NLOHMANN_JSON_NAMESPACE_CONCAT( \
[build]       |     ^
[build] In file included from C:\Users\pperv\code\unnamed_rpg\vendor\json-schema-validator\src\json-patch.cpp:1:
[build] In file included from C:\Users\pperv\code\unnamed_rpg\vendor\json-schema-validator\src\json-patch.hpp:3:
[build] In file included from C:\Users\pperv\code\unnamed_rpg\vendor\json\include\nlohmann/json.hpp:44:
[build] In file included from C:\Users\pperv\code\unnamed_rpg\vendor\json\include\nlohmann/adl_serializer.hpp:14:
[build] In file included from C:\Users\pperv\code\unnamed_rpg\vendor\json\include\nlohmann/detail/conversions/from_json.hpp:24:
[build] In file included from C:\Users\pperv\code\unnamed_rpg\vendor\json\include\nlohmann/detail/exceptions.hpp:20:
[build] C:\Users\pperv\code\unnamed_rpg\vendor\json\include\nlohmann/detail/value_t.hpp(53,6): warning: scoped enumerations are incompatible with C++98 [-Wc++98-compat]
[build]    53 | enum class value_t : std::uint8_t
[build]       |      ^
[build] C:\Users\pperv\code\unnamed_rpg\vendor\json\include\nlohmann/detail/value_t.hpp(53,20): warning: enumeration types with a fixed underlying type are incompatible with C++98 [-Wc++98-compat]
[build]    53 | enum class value_t : std::uint8_t
[build]       |                    ^~~~~~~~~~~~~~
[build] C:\Users\pperv\code\unnamed_rpg\vendor\json\include\nlohmann/detail/value_t.hpp(83,65): warning: noexcept specifications are incompatible with C++98 [-Wc++98-compat]
[build]    83 |     inline bool operator<(const value_t lhs, const value_t rhs) noexcept
[build]       |                                                                 ^
[build] C:\Users\pperv\code\unnamed_rpg\vendor\json\include\nlohmann/detail/value_t.hpp(86,12): warning: 'constexpr' specifier is incompatible with C++98 [-Wc++98-compat]
[build]    86 |     static constexpr std::array<std::uint8_t, 9> order = {{
[build]       |            ^
[build] C:\Users\pperv\code\unnamed_rpg\vendor\json\include\nlohmann/detail/value_t.hpp(93,11): warning: 'auto' type specifier is incompatible with C++98 [-Wc++98-compat]
[build]    93 |     const auto l_index = static_cast<std::size_t>(lhs);
[build]       |           ^~~~
[build] C:\Users\pperv\code\unnamed_rpg\vendor\json\include\nlohmann/detail/value_t.hpp(94,11): warning: 'auto' type specifier is incompatible with C++98 [-Wc++98-compat]
[build]    94 |     const auto r_index = static_cast<std::size_t>(rhs);
[build]       |           ^~~~
[build] In file included from C:\Users\pperv\code\unnamed_rpg\vendor\json-schema-validator\src\json-patch.cpp:1:
[build] In file included from C:\Users\pperv\code\unnamed_rpg\vendor\json-schema-validator\src\json-patch.hpp:3:
[build] In file included from C:\Users\pperv\code\unnamed_rpg\vendor\json\include\nlohmann/json.hpp:44:
[build] In file included from C:\Users\pperv\code\unnamed_rpg\vendor\json\include\nlohmann/adl_serializer.hpp:14:
[build] In file included from C:\Users\pperv\code\unnamed_rpg\vendor\json\include\nlohmann/detail/conversions/from_json.hpp:24:
[build] In file included from C:\Users\pperv\code\unnamed_rpg\vendor\json\include\nlohmann/detail/exceptions.hpp:21:
[build] C:\Users\pperv\code\unnamed_rpg\vendor\json\include\nlohmann/detail/string_escape.hpp(13,1): warning: empty macro arguments are incompatible with C++98 [-Wc++98-compat-pedantic]
[build]    13 | NLOHMANN_JSON_NAMESPACE_BEGIN
[build]       | ^
[build] C:\Users\pperv\code\unnamed_rpg\vendor\json\include\nlohmann/detail/abi_macros.hpp(102,17): note: expanded from macro 'NLOHMANN_JSON_NAMESPACE_BEGIN'
[build]   102 |                 NLOHMANN_JSON_ABI_TAGS,              \
[build]       |                 ^
[build] C:\Users\pperv\code\unnamed_rpg\vendor\json\include\nlohmann/detail/abi_macros.hpp(65,5): note: expanded from macro 'NLOHMANN_JSON_ABI_TAGS'
[build]    65 |     NLOHMANN_JSON_ABI_TAGS_CONCAT(                                   \
[build]       |     ^
[build] C:\Users\pperv\code\unnamed_rpg\vendor\json\include\nlohmann/detail/abi_macros.hpp(62,39): note: expanded from macro 'NLOHMANN_JSON_ABI_TAGS_CONCAT'
[build]    62 |     NLOHMANN_JSON_ABI_TAGS_CONCAT_EX(a, b, c)
[build]       |                                       ^
[build] In file included from C:\Users\pperv\code\unnamed_rpg\vendor\json-schema-validator\src\json-patch.cpp:1:
[build] In file included from C:\Users\pperv\code\unnamed_rpg\vendor\json-schema-validator\src\json-patch.hpp:3:
[build] In file included from C:\Users\pperv\code\unnamed_rpg\vendor\json\include\nlohmann/json.hpp:44:
[build] In file included from C:\Users\pperv\code\unnamed_rpg\vendor\json\include\nlohmann/adl_serializer.hpp:14:
[build] In file included from C:\Users\pperv\code\unnamed_rpg\vendor\json\include\nlohmann/detail/conversions/from_json.hpp:24:
[build] In file included from C:\Users\pperv\code\unnamed_rpg\vendor\json\include\nlohmann/detail/exceptions.hpp:21:
[build] C:\Users\pperv\code\unnamed_rpg\vendor\json\include\nlohmann/detail/string_escape.hpp(13,1): warning: empty macro arguments are incompatible with C++98 [-Wc++98-compat-pedantic]
[build] C:\Users\pperv\code\unnamed_rpg\vendor\json\include\nlohmann/detail/abi_macros.hpp(102,17): note: expanded from macro 'NLOHMANN_JSON_NAMESPACE_BEGIN'
[build]   102 |                 NLOHMANN_JSON_ABI_TAGS,              \
[build]       |                 ^
[build] C:\Users\pperv\code\unnamed_rpg\vendor\json\include\nlohmann/detail/abi_macros.hpp(65,5): note: expanded from macro 'NLOHMANN_JSON_ABI_TAGS'
[build]    65 |     NLOHMANN_JSON_ABI_TAGS_CONCAT(                                   \
[build]       |     ^
[build] C:\Users\pperv\code\unnamed_rpg\vendor\json\include\nlohmann/detail/abi_macros.hpp(62,42): note: expanded from macro 'NLOHMANN_JSON_ABI_TAGS_CONCAT'
[build]    62 |     NLOHMANN_JSON_ABI_TAGS_CONCAT_EX(a, b, c)
[build]       |                                          ^
[build] In file included from C:\Users\pperv\code\unnamed_rpg\vendor\json-schema-validator\src\json-patch.cpp:1:
[build] In file included from C:\Users\pperv\code\unnamed_rpg\vendor\json-schema-validator\src\json-patch.hpp:3:
[build] In file included from C:\Users\pperv\code\unnamed_rpg\vendor\json\include\nlohmann/json.hpp:44:
[build] In file included from C:\Users\pperv\code\unnamed_rpg\vendor\json\include\nlohmann/adl_serializer.hpp:14:
[build] In file included from C:\Users\pperv\code\unnamed_rpg\vendor\json\include\nlohmann/detail/conversions/from_json.hpp:24:
[build] In file included from C:\Users\pperv\code\unnamed_rpg\vendor\json\include\nlohmann/detail/exceptions.hpp:21:
[build] C:\Users\pperv\code\unnamed_rpg\vendor\json\include\nlohmann/detail/string_escape.hpp(13,1): warning: empty macro arguments are incompatible with C++98 [-Wc++98-compat-pedantic]
[build] C:\Users\pperv\code\unnamed_rpg\vendor\json\include\nlohmann/detail/abi_macros.hpp(102,17): note: expanded from macro 'NLOHMANN_JSON_NAMESPACE_BEGIN'
[build]   102 |                 NLOHMANN_JSON_ABI_TAGS,              \
[build]       |                 ^
[build] C:\Users\pperv\code\unnamed_rpg\vendor\json\include\nlohmann/detail/abi_macros.hpp(65,5): note: expanded from macro 'NLOHMANN_JSON_ABI_TAGS'
[build]    65 |     NLOHMANN_JSON_ABI_TAGS_CONCAT(                                   \
[build]       |     ^
[build] C:\Users\pperv\code\unnamed_rpg\vendor\json\include\nlohmann/detail/abi_macros.hpp(62,45): note: expanded from macro 'NLOHMANN_JSON_ABI_TAGS_CONCAT'
[build]    62 |     NLOHMANN_JSON_ABI_TAGS_CONCAT_EX(a, b, c)
[build]       |                                             ^
[build] In file included from C:\Users\pperv\code\unnamed_rpg\vendor\json-schema-validator\src\json-patch.cpp:1:
[build] In file included from C:\Users\pperv\code\unnamed_rpg\vendor\json-schema-validator\src\json-patch.hpp:3:
[build] In file included from C:\Users\pperv\code\unnamed_rpg\vendor\json\include\nlohmann/json.hpp:44:
[build] In file included from C:\Users\pperv\code\unnamed_rpg\vendor\json\include\nlohmann/adl_serializer.hpp:14:
[build] In file included from C:\Users\pperv\code\unnamed_rpg\vendor\json\include\nlohmann/detail/conversions/from_json.hpp:24:
[build] In file included from C:\Users\pperv\code\unnamed_rpg\vendor\json\include\nlohmann/detail/exceptions.hpp:21:
[build] C:\Users\pperv\code\unnamed_rpg\vendor\json\include\nlohmann/detail/string_escape.hpp(13,1): warning: inline namespaces are incompatible with C++98 [-Wc++98-compat]
[build] C:\Users\pperv\code\unnamed_rpg\vendor\json\include\nlohmann/detail/abi_macros.hpp(101,5): note: expanded from macro 'NLOHMANN_JSON_NAMESPACE_BEGIN'
[build]   101 |     inline namespace NLOHMANN_JSON_NAMESPACE_CONCAT( \
[build]       |     ^
[build] In file included from C:\Users\pperv\code\unnamed_rpg\vendor\json-schema-validator\src\json-patch.cpp:1:
[build] In file included from C:\Users\pperv\code\unnamed_rpg\vendor\json-schema-validator\src\json-patch.hpp:3:
[build] In file included from C:\Users\pperv\code\unnamed_rpg\vendor\json\include\nlohmann/json.hpp:44:
[build] In file included from C:\Users\pperv\code\unnamed_rpg\vendor\json\include\nlohmann/adl_serializer.hpp:14:
[build] In file included from C:\Users\pperv\code\unnamed_rpg\vendor\json\include\nlohmann/detail/conversions/from_json.hpp:24:
[build] In file included from C:\Users\pperv\code\unnamed_rpg\vendor\json\include\nlohmann/detail/exceptions.hpp:22:
[build] C:\Users\pperv\code\unnamed_rpg\vendor\json\include\nlohmann/detail/input/position_t.hpp(15,1): warning: empty macro arguments are incompatible with C++98 [-Wc++98-compat-pedantic]
[build]    15 | NLOHMANN_JSON_NAMESPACE_BEGIN
[build]       | ^
[build] C:\Users\pperv\code\unnamed_rpg\vendor\json\include\nlohmann/detail/abi_macros.hpp(102,17): note: expanded from macro 'NLOHMANN_JSON_NAMESPACE_BEGIN'
[build]   102 |                 NLOHMANN_JSON_ABI_TAGS,              \
[build]       |                 ^
[build] C:\Users\pperv\code\unnamed_rpg\vendor\json\include\nlohmann/detail/abi_macros.hpp(65,5): note: expanded from macro 'NLOHMANN_JSON_ABI_TAGS'
[build]    65 |     NLOHMANN_JSON_ABI_TAGS_CONCAT(                                   \
[build]       |     ^
[build] C:\Users\pperv\code\unnamed_rpg\vendor\json\include\nlohmann/detail/abi_macros.hpp(62,39): note: expanded from macro 'NLOHMANN_JSON_ABI_TAGS_CONCAT'
[build]    62 |     NLOHMANN_JSON_ABI_TAGS_CONCAT_EX(a, b, c)
[build]       |                                       ^
[build] In file included from C:\Users\pperv\code\unnamed_rpg\vendor\json-schema-validator\src\json-patch.cpp:1:
[build] In file included from C:\Users\pperv\code\unnamed_rpg\vendor\json-schema-validator\src\json-patch.hpp:3:
[build] In file included from C:\Users\pperv\code\unnamed_rpg\vendor\json\include\nlohmann/json.hpp:44:
[build] In file included from C:\Users\pperv\code\unnamed_rpg\vendor\json\include\nlohmann/adl_serializer.hpp:14:
[build] In file included from C:\Users\pperv\code\unnamed_rpg\vendor\json\include\nlohmann/detail/conversions/from_json.hpp:24:
[build] In file included from C:\Users\pperv\code\unnamed_rpg\vendor\json\include\nlohmann/detail/exceptions.hpp:22:
[build] C:\Users\pperv\code\unnamed_rpg\vendor\json\include\nlohmann/detail/input/position_t.hpp(15,1): warning: empty macro arguments are incompatible with C++98 [-Wc++98-compat-pedantic]
[build] C:\Users\pperv\code\unnamed_rpg\vendor\json\include\nlohmann/detail/abi_macros.hpp(102,17): note: expanded from macro 'NLOHMANN_JSON_NAMESPACE_BEGIN'
[build]   102 |                 NLOHMANN_JSON_ABI_TAGS,              \
[build]       |                 ^
[build] C:\Users\pperv\code\unnamed_rpg\vendor\json\include\nlohmann/detail/abi_macros.hpp(65,5): note: expanded from macro 'NLOHMANN_JSON_ABI_TAGS'
[build]    65 |     NLOHMANN_JSON_ABI_TAGS_CONCAT(                                   \
[build]       |     ^
[build] C:\Users\pperv\code\unnamed_rpg\vendor\json\include\nlohmann/detail/abi_macros.hpp(62,42): note: expanded from macro 'NLOHMANN_JSON_ABI_TAGS_CONCAT'
[build]    62 |     NLOHMANN_JSON_ABI_TAGS_CONCAT_EX(a, b, c)
[build]       |                                          ^
[build] In file included from C:\Users\pperv\code\unnamed_rpg\vendor\json-schema-validator\src\json-patch.cpp:1:
[build] In file included from C:\Users\pperv\code\unnamed_rpg\vendor\json-schema-validator\src\json-patch.hpp:3:
[build] In file included from C:\Users\pperv\code\unnamed_rpg\vendor\json\include\nlohmann/json.hpp:44:
[build] In file included from C:\Users\pperv\code\unnamed_rpg\vendor\json\include\nlohmann/adl_serializer.hpp:14:
[build] In file included from C:\Users\pperv\code\unnamed_rpg\vendor\json\include\nlohmann/detail/conversions/from_json.hpp:24:
[build] In file included from C:\Users\pperv\code\unnamed_rpg\vendor\json\include\nlohmann/detail/exceptions.hpp:22:
[build] C:\Users\pperv\code\unnamed_rpg\vendor\json\include\nlohmann/detail/input/position_t.hpp(15,1): warning: empty macro arguments are incompatible with C++98 [-Wc++98-compat-pedantic]
[build] C:\Users\pperv\code\unnamed_rpg\vendor\json\include\nlohmann/detail/abi_macros.hpp(102,17): note: expanded from macro 'NLOHMANN_JSON_NAMESPACE_BEGIN'
[build]   102 |                 NLOHMANN_JSON_ABI_TAGS,              \
[build]       |                 ^
[build] C:\Users\pperv\code\unnamed_rpg\vendor\json\include\nlohmann/detail/abi_macros.hpp(65,5): note: expanded from macro 'NLOHMANN_JSON_ABI_TAGS'
[build]    65 |     NLOHMANN_JSON_ABI_TAGS_CONCAT(                                   \
[build]       |     ^
[build] C:\Users\pperv\code\unnamed_rpg\vendor\json\include\nlohmann/detail/abi_macros.hpp(62,45): note: expanded from macro 'NLOHMANN_JSON_ABI_TAGS_CONCAT'
[build]    62 |     NLOHMANN_JSON_ABI_TAGS_CONCAT_EX(a, b, c)
[build]       |                                             ^
[build] In file included from C:\Users\pperv\code\unnamed_rpg\vendor\json-schema-validator\src\json-patch.cpp:1:
[build] In file included from C:\Users\pperv\code\unnamed_rpg\vendor\json-schema-validator\src\json-patch.hpp:3:
[build] In file included from C:\Users\pperv\code\unnamed_rpg\vendor\json\include\nlohmann/json.hpp:44:
[build] In file included from C:\Users\pperv\code\unnamed_rpg\vendor\json\include\nlohmann/adl_serializer.hpp:14:
[build] In file included from C:\Users\pperv\code\unnamed_rpg\vendor\json\include\nlohmann/detail/conversions/from_json.hpp:24:
[build] In file included from C:\Users\pperv\code\unnamed_rpg\vendor\json\include\nlohmann/detail/exceptions.hpp:22:
[build] C:\Users\pperv\code\unnamed_rpg\vendor\json\include\nlohmann/detail/input/position_t.hpp(15,1): warning: inline namespaces are incompatible with C++98 [-Wc++98-compat]
[build] C:\Users\pperv\code\unnamed_rpg\vendor\json\include\nlohmann/detail/abi_macros.hpp(101,5): note: expanded from macro 'NLOHMANN_JSON_NAMESPACE_BEGIN'
[build]   101 |     inline namespace NLOHMANN_JSON_NAMESPACE_CONCAT( \
[build]       |     ^
[build] In file included from C:\Users\pperv\code\unnamed_rpg\vendor\json-schema-validator\src\json-patch.cpp:1:
[build] In file included from C:\Users\pperv\code\unnamed_rpg\vendor\json-schema-validator\src\json-patch.hpp:3:
[build] In file included from C:\Users\pperv\code\unnamed_rpg\vendor\json\include\nlohmann/json.hpp:44:
[build] In file included from C:\Users\pperv\code\unnamed_rpg\vendor\json\include\nlohmann/adl_serializer.hpp:14:
[build] In file included from C:\Users\pperv\code\unnamed_rpg\vendor\json\include\nlohmann/detail/conversions/from_json.hpp:24:
[build] In file included from C:\Users\pperv\code\unnamed_rpg\vendor\json\include\nlohmann/detail/exceptions.hpp:22:
[build] C:\Users\pperv\code\unnamed_rpg\vendor\json\include\nlohmann/detail/input/position_t.hpp(23,34): warning: default member initializer for non-static data members is incompatible with C++98 [-Wc++98-compat]
[build]    23 |     std::size_t chars_read_total = 0;
[build]       |                                  ^
[build] C:\Users\pperv\code\unnamed_rpg\vendor\json\include\nlohmann/detail/input/position_t.hpp(25,41): warning: default member initializer for non-static data members is incompatible with C++98 [-Wc++98-compat]
[build]    25 |     std::size_t chars_read_current_line = 0;
[build]       |                                         ^
[build] C:\Users\pperv\code\unnamed_rpg\vendor\json\include\nlohmann/detail/input/position_t.hpp(27,28): warning: default member initializer for non-static data members is incompatible with C++98 [-Wc++98-compat]
[build]    27 |     std::size_t lines_read = 0;
[build]       |                            ^
[build] C:\Users\pperv\code\unnamed_rpg\vendor\json\include\nlohmann/detail/input/position_t.hpp(30,5): warning: 'constexpr' specifier is incompatible with C++98 [-Wc++98-compat]
[build]    30 |     constexpr operator size_t() const
[build]       |     ^
[build] In file included from C:\Users\pperv\code\unnamed_rpg\vendor\json-schema-validator\src\json-patch.cpp:1:
[build] In file included from C:\Users\pperv\code\unnamed_rpg\vendor\json-schema-validator\src\json-patch.hpp:3:
[build] In file included from C:\Users\pperv\code\unnamed_rpg\vendor\json\include\nlohmann/json.hpp:44:
[build] In file included from C:\Users\pperv\code\unnamed_rpg\vendor\json\include\nlohmann/adl_serializer.hpp:14:
[build] In file included from C:\Users\pperv\code\unnamed_rpg\vendor\json\include\nlohmann/detail/conversions/from_json.hpp:24:
[build] In file included from C:\Users\pperv\code\unnamed_rpg\vendor\json\include\nlohmann/detail/exceptions.hpp:24:
[build] C:\Users\pperv\code\unnamed_rpg\vendor\json\include\nlohmann/detail/meta/cpp_future.hpp(19,1): warning: empty macro arguments are incompatible with C++98 [-Wc++98-compat-pedantic]
[build]    19 | NLOHMANN_JSON_NAMESPACE_BEGIN
[build]       | ^
[build] C:\Users\pperv\code\unnamed_rpg\vendor\json\include\nlohmann/detail/abi_macros.hpp(102,17): note: expanded from macro 'NLOHMANN_JSON_NAMESPACE_BEGIN'
[build]   102 |                 NLOHMANN_JSON_ABI_TAGS,              \
[build]       |                 ^
[build] C:\Users\pperv\code\unnamed_rpg\vendor\json\include\nlohmann/detail/abi_macros.hpp(65,5): note: expanded from macro 'NLOHMANN_JSON_ABI_TAGS'
[build]    65 |     NLOHMANN_JSON_ABI_TAGS_CONCAT(                                   \
[build]       |     ^
[build] C:\Users\pperv\code\unnamed_rpg\vendor\json\include\nlohmann/detail/abi_macros.hpp(62,39): note: expanded from macro 'NLOHMANN_JSON_ABI_TAGS_CONCAT'
[build]    62 |     NLOHMANN_JSON_ABI_TAGS_CONCAT_EX(a, b, c)
[build]       |                                       ^
[build] In file included from C:\Users\pperv\code\unnamed_rpg\vendor\json-schema-validator\src\json-patch.cpp:1:
[build] In file included from C:\Users\pperv\code\unnamed_rpg\vendor\json-schema-validator\src\json-patch.hpp:3:
[build] In file included from C:\Users\pperv\code\unnamed_rpg\vendor\json\include\nlohmann/json.hpp:44:
[build] In file included from C:\Users\pperv\code\unnamed_rpg\vendor\json\include\nlohmann/adl_serializer.hpp:14:
[build] In file included from C:\Users\pperv\code\unnamed_rpg\vendor\json\include\nlohmann/detail/conversions/from_json.hpp:24:
[build] In file included from C:\Users\pperv\code\unnamed_rpg\vendor\json\include\nlohmann/detail/exceptions.hpp:24:
[build] C:\Users\pperv\code\unnamed_rpg\vendor\json\include\nlohmann/detail/meta/cpp_future.hpp(19,1): warning: empty macro arguments are incompatible with C++98 [-Wc++98-compat-pedantic]
[build] C:\Users\pperv\code\unnamed_rpg\vendor\json\include\nlohmann/detail/abi_macros.hpp(102,17): note: expanded from macro 'NLOHMANN_JSON_NAMESPACE_BEGIN'
[build]   102 |                 NLOHMANN_JSON_ABI_TAGS,              \
[build]       |                 ^
[build] C:\Users\pperv\code\unnamed_rpg\vendor\json\include\nlohmann/detail/abi_macros.hpp(65,5): note: expanded from macro 'NLOHMANN_JSON_ABI_TAGS'
[build]    65 |     NLOHMANN_JSON_ABI_TAGS_CONCAT(                                   \
[build]       |     ^
[build] C:\Users\pperv\code\unnamed_rpg\vendor\json\include\nlohmann/detail/abi_macros.hpp(62,42): note: expanded from macro 'NLOHMANN_JSON_ABI_TAGS_CONCAT'
[build]    62 |     NLOHMANN_JSON_ABI_TAGS_CONCAT_EX(a, b, c)
[build]       |                                          ^
[build] In file included from C:\Users\pperv\code\unnamed_rpg\vendor\json-schema-validator\src\json-patch.cpp:1:
[build] In file included from C:\Users\pperv\code\unnamed_rpg\vendor\json-schema-validator\src\json-patch.hpp:3:
[build] In file included from C:\Users\pperv\code\unnamed_rpg\vendor\json\include\nlohmann/json.hpp:44:
[build] In file included from C:\Users\pperv\code\unnamed_rpg\vendor\json\include\nlohmann/adl_serializer.hpp:14:
[build] In file included from C:\Users\pperv\code\unnamed_rpg\vendor\json\include\nlohmann/detail/conversions/from_json.hpp:24:
[build] In file included from C:\Users\pperv\code\unnamed_rpg\vendor\json\include\nlohmann/detail/exceptions.hpp:24:
[build] C:\Users\pperv\code\unnamed_rpg\vendor\json\include\nlohmann/detail/meta/cpp_future.hpp(19,1): warning: empty macro arguments are incompatible with C++98 [-Wc++98-compat-pedantic]
[build] C:\Users\pperv\code\unnamed_rpg\vendor\json\include\nlohmann/detail/abi_macros.hpp(102,17): note: expanded from macro 'NLOHMANN_JSON_NAMESPACE_BEGIN'
[build]   102 |                 NLOHMANN_JSON_ABI_TAGS,              \
[build]       |                 ^
[build] C:\Users\pperv\code\unnamed_rpg\vendor\json\include\nlohmann/detail/abi_macros.hpp(65,5): note: expanded from macro 'NLOHMANN_JSON_ABI_TAGS'
[build]    65 |     NLOHMANN_JSON_ABI_TAGS_CONCAT(                                   \
[build]       |     ^
[build] C:\Users\pperv\code\unnamed_rpg\vendor\json\include\nlohmann/detail/abi_macros.hpp(62,45): note: expanded from macro 'NLOHMANN_JSON_ABI_TAGS_CONCAT'
[build]    62 |     NLOHMANN_JSON_ABI_TAGS_CONCAT_EX(a, b, c)
[build]       |                                             ^
[build] In file included from C:\Users\pperv\code\unnamed_rpg\vendor\json-schema-validator\src\json-patch.cpp:1:
[build] In file included from C:\Users\pperv\code\unnamed_rpg\vendor\json-schema-validator\src\json-patch.hpp:3:
[build] In file included from C:\Users\pperv\code\unnamed_rpg\vendor\json\include\nlohmann/json.hpp:44:
[build] In file included from C:\Users\pperv\code\unnamed_rpg\vendor\json\include\nlohmann/adl_serializer.hpp:14:
[build] In file included from C:\Users\pperv\code\unnamed_rpg\vendor\json\include\nlohmann/detail/conversions/from_json.hpp:24:
[build] In file included from C:\Users\pperv\code\unnamed_rpg\vendor\json\include\nlohmann/detail/exceptions.hpp:24:
[build] C:\Users\pperv\code\unnamed_rpg\vendor\json\include\nlohmann/detail/meta/cpp_future.hpp(19,1): warning: inline namespaces are incompatible with C++98 [-Wc++98-compat]
[build] C:\Users\pperv\code\unnamed_rpg\vendor\json\include\nlohmann/detail/abi_macros.hpp(101,5): note: expanded from macro 'NLOHMANN_JSON_NAMESPACE_BEGIN'
[build]   101 |     inline namespace NLOHMANN_JSON_NAMESPACE_CONCAT( \
[build]       |     ^
[build] In file included from C:\Users\pperv\code\unnamed_rpg\vendor\json-schema-validator\src\json-patch.cpp:1:
[build] In file included from C:\Users\pperv\code\unnamed_rpg\vendor\json-schema-validator\src\json-patch.hpp:3:
[build] In file included from C:\Users\pperv\code\unnamed_rpg\vendor\json\include\nlohmann/json.hpp:44:
[build] In file included from C:\Users\pperv\code\unnamed_rpg\vendor\json\include\nlohmann/adl_serializer.hpp:14:
[build] In file included from C:\Users\pperv\code\unnamed_rpg\vendor\json\include\nlohmann/detail/conversions/from_json.hpp:24:
[build] In file included from C:\Users\pperv\code\unnamed_rpg\vendor\json\include\nlohmann/detail/exceptions.hpp:24:
[build] C:\Users\pperv\code\unnamed_rpg\vendor\json\include\nlohmann/detail/meta/cpp_future.hpp(24,19): warning: alias declarations are incompatible with C++98 [-Wc++98-compat]
[build]    24 | using uncvref_t = typename std::remove_cv<typename std::remove_reference<T>::type>::type;
[build]       |                   ^
[build] C:\Users\pperv\code\unnamed_rpg\vendor\json\include\nlohmann/detail/meta/cpp_future.hpp(156,33): warning: 'constexpr' specifier is incompatible with C++98 [-Wc++98-compat]
[build]   156 |     static JSON_INLINE_VARIABLE constexpr T value{};
[build]       |                                 ^
[build] C:\Users\pperv\code\unnamed_rpg\vendor\json\include\nlohmann/detail/meta/cpp_future.hpp(161,5): warning: 'constexpr' specifier is incompatible with C++98 [-Wc++98-compat]
[build]   161 |     constexpr T static_const<T>::value;
[build]       |     ^
[build] C:\Users\pperv\code\unnamed_rpg\vendor\json\include\nlohmann/detail/meta/cpp_future.hpp(161,34): warning: out-of-line definition of constexpr static data member is redundant in C++17 and is deprecated [-Wdeprecated-redundant-constexpr-static-def]
[build]   161 |     constexpr T static_const<T>::value;
[build]       |                                  ^
[build] C:\Users\pperv\code\unnamed_rpg\vendor\json\include\nlohmann/detail/meta/cpp_future.hpp(164,30): warning: variadic templates are incompatible with C++98 [-Wc++98-compat]
[build]   164 | template<typename T, typename... Args>
[build]       |                              ^
[build] C:\Users\pperv\code\unnamed_rpg\vendor\json\include\nlohmann/detail/meta/cpp_future.hpp(165,1): warning: 'constexpr' specifier is incompatible with C++98 [-Wc++98-compat]
[build]   165 | constexpr std::array<T, sizeof...(Args)> make_array(Args&& ... args)
[build]       | ^
[build] C:\Users\pperv\code\unnamed_rpg\vendor\json\include\nlohmann/detail/meta/cpp_future.hpp(165,57): warning: rvalue references are incompatible with C++98 [-Wc++98-compat]
[build]   165 | constexpr std::array<T, sizeof...(Args)> make_array(Args&& ... args)
[build]       |                                                         ^
[build] C:\Users\pperv\code\unnamed_rpg\vendor\json\include\nlohmann/detail/meta/cpp_future.hpp(167,43): warning: generalized initializer lists are incompatible with C++98 [-Wc++98-compat]
[build]   167 |     return std::array<T, sizeof...(Args)> {{static_cast<T>(std::forward<Args>(args))...}};
[build]       |                                           ^
[build] In file included from C:\Users\pperv\code\unnamed_rpg\vendor\json-schema-validator\src\json-patch.cpp:1:
[build] In file included from C:\Users\pperv\code\unnamed_rpg\vendor\json-schema-validator\src\json-patch.hpp:3:
[build] In file included from C:\Users\pperv\code\unnamed_rpg\vendor\json\include\nlohmann/json.hpp:44:
[build] In file included from C:\Users\pperv\code\unnamed_rpg\vendor\json\include\nlohmann/adl_serializer.hpp:14:
[build] In file included from C:\Users\pperv\code\unnamed_rpg\vendor\json\include\nlohmann/detail/conversions/from_json.hpp:24:
[build] In file included from C:\Users\pperv\code\unnamed_rpg\vendor\json\include\nlohmann/detail/exceptions.hpp:25:
[build] In file included from C:\Users\pperv\code\unnamed_rpg\vendor\json\include\nlohmann/detail/meta/type_traits.hpp:20:
[build] C:\Users\pperv\code\unnamed_rpg\vendor\json\include\nlohmann/detail/iterators/iterator_traits.hpp(17,1): warning: empty macro arguments are incompatible with C++98 [-Wc++98-compat-pedantic]
[build]    17 | NLOHMANN_JSON_NAMESPACE_BEGIN
[build]       | ^
[build] C:\Users\pperv\code\unnamed_rpg\vendor\json\include\nlohmann/detail/abi_macros.hpp(102,17): note: expanded from macro 'NLOHMANN_JSON_NAMESPACE_BEGIN'
[build]   102 |                 NLOHMANN_JSON_ABI_TAGS,              \
[build]       |                 ^
[build] C:\Users\pperv\code\unnamed_rpg\vendor\json\include\nlohmann/detail/abi_macros.hpp(65,5): note: expanded from macro 'NLOHMANN_JSON_ABI_TAGS'
[build]    65 |     NLOHMANN_JSON_ABI_TAGS_CONCAT(                                   \
[build]       |     ^
[build] C:\Users\pperv\code\unnamed_rpg\vendor\json\include\nlohmann/detail/abi_macros.hpp(62,39): note: expanded from macro 'NLOHMANN_JSON_ABI_TAGS_CONCAT'
[build]    62 |     NLOHMANN_JSON_ABI_TAGS_CONCAT_EX(a, b, c)
[build]       |                                       ^
[build] In file included from C:\Users\pperv\code\unnamed_rpg\vendor\json-schema-validator\src\json-patch.cpp:1:
[build] In file included from C:\Users\pperv\code\unnamed_rpg\vendor\json-schema-validator\src\json-patch.hpp:3:
[build] In file included from C:\Users\pperv\code\unnamed_rpg\vendor\json\include\nlohmann/json.hpp:44:
[build] In file included from C:\Users\pperv\code\unnamed_rpg\vendor\json\include\nlohmann/adl_serializer.hpp:14:
[build] In file included from C:\Users\pperv\code\unnamed_rpg\vendor\json\include\nlohmann/detail/conversions/from_json.hpp:24:
[build] In file included from C:\Users\pperv\code\unnamed_rpg\vendor\json\include\nlohmann/detail/exceptions.hpp:25:
[build] In file included from C:\Users\pperv\code\unnamed_rpg\vendor\json\include\nlohmann/detail/meta/type_traits.hpp:20:
[build] C:\Users\pperv\code\unnamed_rpg\vendor\json\include\nlohmann/detail/iterators/iterator_traits.hpp(17,1): warning: empty macro arguments are incompatible with C++98 [-Wc++98-compat-pedantic]
[build] C:\Users\pperv\code\unnamed_rpg\vendor\json\include\nlohmann/detail/abi_macros.hpp(102,17): note: expanded from macro 'NLOHMANN_JSON_NAMESPACE_BEGIN'
[build]   102 |                 NLOHMANN_JSON_ABI_TAGS,              \
[build]       |                 ^
[build] C:\Users\pperv\code\unnamed_rpg\vendor\json\include\nlohmann/detail/abi_macros.hpp(65,5): note: expanded from macro 'NLOHMANN_JSON_ABI_TAGS'
[build]    65 |     NLOHMANN_JSON_ABI_TAGS_CONCAT(                                   \
[build]       |     ^
[build] C:\Users\pperv\code\unnamed_rpg\vendor\json\include\nlohmann/detail/abi_macros.hpp(62,42): note: expanded from macro 'NLOHMANN_JSON_ABI_TAGS_CONCAT'
[build]    62 |     NLOHMANN_JSON_ABI_TAGS_CONCAT_EX(a, b, c)
[build]       |                                          ^
[build] In file included from C:\Users\pperv\code\unnamed_rpg\vendor\json-schema-validator\src\json-patch.cpp:1:
[build] In file included from C:\Users\pperv\code\unnamed_rpg\vendor\json-schema-validator\src\json-patch.hpp:3:
[build] In file included from C:\Users\pperv\code\unnamed_rpg\vendor\json\include\nlohmann/json.hpp:44:
[build] In file included from C:\Users\pperv\code\unnamed_rpg\vendor\json\include\nlohmann/adl_serializer.hpp:14:
[build] In file included from C:\Users\pperv\code\unnamed_rpg\vendor\json\include\nlohmann/detail/conversions/from_json.hpp:24:
[build] In file included from C:\Users\pperv\code\unnamed_rpg\vendor\json\include\nlohmann/detail/exceptions.hpp:25:
[build] In file included from C:\Users\pperv\code\unnamed_rpg\vendor\json\include\nlohmann/detail/meta/type_traits.hpp:20:
[build] C:\Users\pperv\code\unnamed_rpg\vendor\json\include\nlohmann/detail/iterators/iterator_traits.hpp(17,1): warning: empty macro arguments are incompatible with C++98 [-Wc++98-compat-pedantic]
[build] C:\Users\pperv\code\unnamed_rpg\vendor\json\include\nlohmann/detail/abi_macros.hpp(102,17): note: expanded from macro 'NLOHMANN_JSON_NAMESPACE_BEGIN'
[build]   102 |                 NLOHMANN_JSON_ABI_TAGS,              \
[build]       |                 ^
[build] C:\Users\pperv\code\unnamed_rpg\vendor\json\include\nlohmann/detail/abi_macros.hpp(65,5): note: expanded from macro 'NLOHMANN_JSON_ABI_TAGS'
[build]    65 |     NLOHMANN_JSON_ABI_TAGS_CONCAT(                                   \
[build]       |     ^
[build] C:\Users\pperv\code\unnamed_rpg\vendor\json\include\nlohmann/detail/abi_macros.hpp(62,45): note: expanded from macro 'NLOHMANN_JSON_ABI_TAGS_CONCAT'
[build]    62 |     NLOHMANN_JSON_ABI_TAGS_CONCAT_EX(a, b, c)
[build]       |                                             ^
[build] In file included from C:\Users\pperv\code\unnamed_rpg\vendor\json-schema-validator\src\json-patch.cpp:1:
[build] In file included from C:\Users\pperv\code\unnamed_rpg\vendor\json-schema-validator\src\json-patch.hpp:3:
[build] In file included from C:\Users\pperv\code\unnamed_rpg\vendor\json\include\nlohmann/json.hpp:44:
[build] In file included from C:\Users\pperv\code\unnamed_rpg\vendor\json\include\nlohmann/adl_serializer.hpp:14:
[build] In file included from C:\Users\pperv\code\unnamed_rpg\vendor\json\include\nlohmann/detail/conversions/from_json.hpp:24:
[build] In file included from C:\Users\pperv\code\unnamed_rpg\vendor\json\include\nlohmann/detail/exceptions.hpp:25:
[build] In file included from C:\Users\pperv\code\unnamed_rpg\vendor\json\include\nlohmann/detail/meta/type_traits.hpp:20:
[build] C:\Users\pperv\code\unnamed_rpg\vendor\json\include\nlohmann/detail/iterators/iterator_traits.hpp(17,1): warning: inline namespaces are incompatible with C++98 [-Wc++98-compat]
[build] C:\Users\pperv\code\unnamed_rpg\vendor\json\include\nlohmann/detail/abi_macros.hpp(101,5): note: expanded from macro 'NLOHMANN_JSON_NAMESPACE_BEGIN'
[build]   101 |     inline namespace NLOHMANN_JSON_NAMESPACE_CONCAT( \
[build]       |     ^
[build] In file included from C:\Users\pperv\code\unnamed_rpg\vendor\json-schema-validator\src\json-patch.cpp:1:
[build] In file included from C:\Users\pperv\code\unnamed_rpg\vendor\json-schema-validator\src\json-patch.hpp:3:
[build] In file included from C:\Users\pperv\code\unnamed_rpg\vendor\json\include\nlohmann/json.hpp:44:
[build] In file included from C:\Users\pperv\code\unnamed_rpg\vendor\json\include\nlohmann/adl_serializer.hpp:14:
[build] In file included from C:\Users\pperv\code\unnamed_rpg\vendor\json\include\nlohmann/detail/conversions/from_json.hpp:24:
[build] In file included from C:\Users\pperv\code\unnamed_rpg\vendor\json\include\nlohmann/detail/exceptions.hpp:25:
[build] In file included from C:\Users\pperv\code\unnamed_rpg\vendor\json\include\nlohmann/detail/meta/type_traits.hpp:20:
[build] C:\Users\pperv\code\unnamed_rpg\vendor\json\include\nlohmann/detail/iterators/iterator_traits.hpp(28,60): warning: consecutive right angle brackets are incompatible with C++98 (use '> >') [-Wc++98-compat]
[build]    28 |     typename It::reference, typename It::iterator_category >>
[build]       |                                                            ^~
[build]       |                                                            > >
[build] C:\Users\pperv\code\unnamed_rpg\vendor\json\include\nlohmann/detail/iterators/iterator_traits.hpp(30,29): warning: alias declarations are incompatible with C++98 [-Wc++98-compat]
[build]    30 |     using difference_type = typename It::difference_type;
[build]       |                             ^
[build] C:\Users\pperv\code\unnamed_rpg\vendor\json\include\nlohmann/detail/iterators/iterator_traits.hpp(31,24): warning: alias declarations are incompatible with C++98 [-Wc++98-compat]
[build]    31 |     using value_type = typename It::value_type;
[build]       |                        ^
[build] C:\Users\pperv\code\unnamed_rpg\vendor\json\include\nlohmann/detail/iterators/iterator_traits.hpp(32,21): warning: alias declarations are incompatible with C++98 [-Wc++98-compat]
[build]    32 |     using pointer = typename It::pointer;
[build]       |                     ^
[build] C:\Users\pperv\code\unnamed_rpg\vendor\json\include\nlohmann/detail/iterators/iterator_traits.hpp(33,23): warning: alias declarations are incompatible with C++98 [-Wc++98-compat]
[build]    33 |     using reference = typename It::reference;
[build]       |                       ^
[build] C:\Users\pperv\code\unnamed_rpg\vendor\json\include\nlohmann/detail/iterators/iterator_traits.hpp(34,31): warning: alias declarations are incompatible with C++98 [-Wc++98-compat]
[build]    34 |     using iterator_category = typename It::iterator_category;
[build]       |                               ^
[build] C:\Users\pperv\code\unnamed_rpg\vendor\json\include\nlohmann/detail/iterators/iterator_traits.hpp(45,70): warning: consecutive right angle brackets are incompatible with C++98 (use '> >') [-Wc++98-compat]
[build]    45 | struct iterator_traits < T, enable_if_t < !std::is_pointer<T>::value >>
[build]       |                                                                      ^~
[build]       |                                                                      > >
[build] C:\Users\pperv\code\unnamed_rpg\vendor\json\include\nlohmann/detail/iterators/iterator_traits.hpp(51,64): warning: consecutive right angle brackets are incompatible with C++98 (use '> >') [-Wc++98-compat]
[build]    51 | struct iterator_traits<T*, enable_if_t<std::is_object<T>::value>>
[build]       |                                                                ^~
[build]       |                                                                > >
[build] C:\Users\pperv\code\unnamed_rpg\vendor\json\include\nlohmann/detail/iterators/iterator_traits.hpp(53,31): warning: alias declarations are incompatible with C++98 [-Wc++98-compat]
[build]    53 |     using iterator_category = std::random_access_iterator_tag;
[build]       |                               ^
[build] C:\Users\pperv\code\unnamed_rpg\vendor\json\include\nlohmann/detail/iterators/iterator_traits.hpp(54,24): warning: alias declarations are incompatible with C++98 [-Wc++98-compat]
[build]    54 |     using value_type = T;
[build]       |                        ^
[build] C:\Users\pperv\code\unnamed_rpg\vendor\json\include\nlohmann/detail/iterators/iterator_traits.hpp(55,29): warning: alias declarations are incompatible with C++98 [-Wc++98-compat]
[build]    55 |     using difference_type = ptrdiff_t;
[build]       |                             ^
[build] C:\Users\pperv\code\unnamed_rpg\vendor\json\include\nlohmann/detail/iterators/iterator_traits.hpp(56,21): warning: alias declarations are incompatible with C++98 [-Wc++98-compat]
[build]    56 |     using pointer = T*;
[build]       |                     ^
[build] C:\Users\pperv\code\unnamed_rpg\vendor\json\include\nlohmann/detail/iterators/iterator_traits.hpp(57,23): warning: alias declarations are incompatible with C++98 [-Wc++98-compat]
[build]    57 |     using reference = T&;
[build]       |                       ^
[build] In file included from C:\Users\pperv\code\unnamed_rpg\vendor\json-schema-validator\src\json-patch.cpp:1:
[build] In file included from C:\Users\pperv\code\unnamed_rpg\vendor\json-schema-validator\src\json-patch.hpp:3:
[build] In file included from C:\Users\pperv\code\unnamed_rpg\vendor\json\include\nlohmann/json.hpp:44:
[build] In file included from C:\Users\pperv\code\unnamed_rpg\vendor\json\include\nlohmann/adl_serializer.hpp:14:
[build] In file included from C:\Users\pperv\code\unnamed_rpg\vendor\json\include\nlohmann/detail/conversions/from_json.hpp:24:
[build] In file included from C:\Users\pperv\code\unnamed_rpg\vendor\json\include\nlohmann/detail/exceptions.hpp:25:
[build] In file included from C:\Users\pperv\code\unnamed_rpg\vendor\json\include\nlohmann/detail/meta/type_traits.hpp:25:
[build] C:\Users\pperv\code\unnamed_rpg\vendor\json\include\nlohmann/detail/meta/call_std/begin.hpp(13,1): warning: empty macro arguments are incompatible with C++98 [-Wc++98-compat-pedantic]
[build]    13 | NLOHMANN_JSON_NAMESPACE_BEGIN
[build]       | ^
[build] C:\Users\pperv\code\unnamed_rpg\vendor\json\include\nlohmann/detail/abi_macros.hpp(102,17): note: expanded from macro 'NLOHMANN_JSON_NAMESPACE_BEGIN'
[build]   102 |                 NLOHMANN_JSON_ABI_TAGS,              \
[build]       |                 ^
[build] C:\Users\pperv\code\unnamed_rpg\vendor\json\include\nlohmann/detail/abi_macros.hpp(65,5): note: expanded from macro 'NLOHMANN_JSON_ABI_TAGS'
[build]    65 |     NLOHMANN_JSON_ABI_TAGS_CONCAT(                                   \
[build]       |     ^
[build] C:\Users\pperv\code\unnamed_rpg\vendor\json\include\nlohmann/detail/abi_macros.hpp(62,39): note: expanded from macro 'NLOHMANN_JSON_ABI_TAGS_CONCAT'
[build]    62 |     NLOHMANN_JSON_ABI_TAGS_CONCAT_EX(a, b, c)
[build]       |                                       ^
[build] In file included from C:\Users\pperv\code\unnamed_rpg\vendor\json-schema-validator\src\json-patch.cpp:1:
[build] In file included from C:\Users\pperv\code\unnamed_rpg\vendor\json-schema-validator\src\json-patch.hpp:3:
[build] In file included from C:\Users\pperv\code\unnamed_rpg\vendor\json\include\nlohmann/json.hpp:44:
[build] In file included from C:\Users\pperv\code\unnamed_rpg\vendor\json\include\nlohmann/adl_serializer.hpp:14:
[build] In file included from C:\Users\pperv\code\unnamed_rpg\vendor\json\include\nlohmann/detail/conversions/from_json.hpp:24:
[build] In file included from C:\Users\pperv\code\unnamed_rpg\vendor\json\include\nlohmann/detail/exceptions.hpp:25:
[build] In file included from C:\Users\pperv\code\unnamed_rpg\vendor\json\include\nlohmann/detail/meta/type_traits.hpp:25:
[build] C:\Users\pperv\code\unnamed_rpg\vendor\json\include\nlohmann/detail/meta/call_std/begin.hpp(13,1): warning: empty macro arguments are incompatible with C++98 [-Wc++98-compat-pedantic]
[build] C:\Users\pperv\code\unnamed_rpg\vendor\json\include\nlohmann/detail/abi_macros.hpp(102,17): note: expanded from macro 'NLOHMANN_JSON_NAMESPACE_BEGIN'
[build]   102 |                 NLOHMANN_JSON_ABI_TAGS,              \
[build]       |                 ^
[build] C:\Users\pperv\code\unnamed_rpg\vendor\json\include\nlohmann/detail/abi_macros.hpp(65,5): note: expanded from macro 'NLOHMANN_JSON_ABI_TAGS'
[build]    65 |     NLOHMANN_JSON_ABI_TAGS_CONCAT(                                   \
[build]       |     ^
[build] C:\Users\pperv\code\unnamed_rpg\vendor\json\include\nlohmann/detail/abi_macros.hpp(62,42): note: expanded from macro 'NLOHMANN_JSON_ABI_TAGS_CONCAT'
[build]    62 |     NLOHMANN_JSON_ABI_TAGS_CONCAT_EX(a, b, c)
[build]       |                                          ^
[build] In file included from C:\Users\pperv\code\unnamed_rpg\vendor\json-schema-validator\src\json-patch.cpp:1:
[build] In file included from C:\Users\pperv\code\unnamed_rpg\vendor\json-schema-validator\src\json-patch.hpp:3:
[build] In file included from C:\Users\pperv\code\unnamed_rpg\vendor\json\include\nlohmann/json.hpp:44:
[build] In file included from C:\Users\pperv\code\unnamed_rpg\vendor\json\include\nlohmann/adl_serializer.hpp:14:
[build] In file included from C:\Users\pperv\code\unnamed_rpg\vendor\json\include\nlohmann/detail/conversions/from_json.hpp:24:
[build] In file included from C:\Users\pperv\code\unnamed_rpg\vendor\json\include\nlohmann/detail/exceptions.hpp:25:
[build] In file included from C:\Users\pperv\code\unnamed_rpg\vendor\json\include\nlohmann/detail/meta/type_traits.hpp:25:
[build] C:\Users\pperv\code\unnamed_rpg\vendor\json\include\nlohmann/detail/meta/call_std/begin.hpp(13,1): warning: empty macro arguments are incompatible with C++98 [-Wc++98-compat-pedantic]
[build] C:\Users\pperv\code\unnamed_rpg\vendor\json\include\nlohmann/detail/abi_macros.hpp(102,17): note: expanded from macro 'NLOHMANN_JSON_NAMESPACE_BEGIN'
[build]   102 |                 NLOHMANN_JSON_ABI_TAGS,              \
[build]       |                 ^
[build] C:\Users\pperv\code\unnamed_rpg\vendor\json\include\nlohmann/detail/abi_macros.hpp(65,5): note: expanded from macro 'NLOHMANN_JSON_ABI_TAGS'
[build]    65 |     NLOHMANN_JSON_ABI_TAGS_CONCAT(                                   \
[build]       |     ^
[build] C:\Users\pperv\code\unnamed_rpg\vendor\json\include\nlohmann/detail/abi_macros.hpp(62,45): note: expanded from macro 'NLOHMANN_JSON_ABI_TAGS_CONCAT'
[build]    62 |     NLOHMANN_JSON_ABI_TAGS_CONCAT_EX(a, b, c)
[build]       |                                             ^
[build] In file included from C:\Users\pperv\code\unnamed_rpg\vendor\json-schema-validator\src\json-patch.cpp:1:
[build] In file included from C:\Users\pperv\code\unnamed_rpg\vendor\json-schema-validator\src\json-patch.hpp:3:
[build] In file included from C:\Users\pperv\code\unnamed_rpg\vendor\json\include\nlohmann/json.hpp:44:
[build] In file included from C:\Users\pperv\code\unnamed_rpg\vendor\json\include\nlohmann/adl_serializer.hpp:14:
[build] In file included from C:\Users\pperv\code\unnamed_rpg\vendor\json\include\nlohmann/detail/conversions/from_json.hpp:24:
[build] In file included from C:\Users\pperv\code\unnamed_rpg\vendor\json\include\nlohmann/detail/exceptions.hpp:25:
[build] In file included from C:\Users\pperv\code\unnamed_rpg\vendor\json\include\nlohmann/detail/meta/type_traits.hpp:25:
[build] C:\Users\pperv\code\unnamed_rpg\vendor\json\include\nlohmann/detail/meta/call_std/begin.hpp(13,1): warning: inline namespaces are incompatible with C++98 [-Wc++98-compat]
[build] C:\Users\pperv\code\unnamed_rpg\vendor\json\include\nlohmann/detail/abi_macros.hpp(101,5): note: expanded from macro 'NLOHMANN_JSON_NAMESPACE_BEGIN'
[build]   101 |     inline namespace NLOHMANN_JSON_NAMESPACE_CONCAT( \
[build]       |     ^
[build] In file included from C:\Users\pperv\code\unnamed_rpg\vendor\json-schema-validator\src\json-patch.cpp:1:
[build] In file included from C:\Users\pperv\code\unnamed_rpg\vendor\json-schema-validator\src\json-patch.hpp:3:
[build] In file included from C:\Users\pperv\code\unnamed_rpg\vendor\json\include\nlohmann/json.hpp:44:
[build] In file included from C:\Users\pperv\code\unnamed_rpg\vendor\json\include\nlohmann/adl_serializer.hpp:14:
[build] In file included from C:\Users\pperv\code\unnamed_rpg\vendor\json\include\nlohmann/detail/conversions/from_json.hpp:24:
[build] In file included from C:\Users\pperv\code\unnamed_rpg\vendor\json\include\nlohmann/detail/exceptions.hpp:25:
[build] In file included from C:\Users\pperv\code\unnamed_rpg\vendor\json\include\nlohmann/detail/meta/type_traits.hpp:25:
[build] C:\Users\pperv\code\unnamed_rpg\vendor\json\include\nlohmann/detail/meta/call_std/begin.hpp(15,1): warning: variadic templates are incompatible with C++98 [-Wc++98-compat]
[build]    15 | NLOHMANN_CAN_CALL_STD_FUNC_IMPL(begin);
[build]       | ^
[build] C:\Users\pperv\code\unnamed_rpg\vendor\json\include\nlohmann/detail/macro_scope.hpp(761,22): note: expanded from macro 'NLOHMANN_CAN_CALL_STD_FUNC_IMPL'
[build]   761 |     template<typename... T>                                                       \
[build]       |                      ^
[build] In file included from C:\Users\pperv\code\unnamed_rpg\vendor\json-schema-validator\src\json-patch.cpp:1:
[build] In file included from C:\Users\pperv\code\unnamed_rpg\vendor\json-schema-validator\src\json-patch.hpp:3:
[build] In file included from C:\Users\pperv\code\unnamed_rpg\vendor\json\include\nlohmann/json.hpp:44:
[build] In file included from C:\Users\pperv\code\unnamed_rpg\vendor\json\include\nlohmann/adl_serializer.hpp:14:
[build] In file included from C:\Users\pperv\code\unnamed_rpg\vendor\json\include\nlohmann/detail/conversions/from_json.hpp:24:
[build] In file included from C:\Users\pperv\code\unnamed_rpg\vendor\json\include\nlohmann/detail/exceptions.hpp:25:
[build] In file included from C:\Users\pperv\code\unnamed_rpg\vendor\json\include\nlohmann/detail/meta/type_traits.hpp:25:
[build] C:\Users\pperv\code\unnamed_rpg\vendor\json\include\nlohmann/detail/meta/call_std/begin.hpp(15,1): warning: alias declarations are incompatible with C++98 [-Wc++98-compat]
[build] C:\Users\pperv\code\unnamed_rpg\vendor\json\include\nlohmann/detail/macro_scope.hpp(762,34): note: expanded from macro 'NLOHMANN_CAN_CALL_STD_FUNC_IMPL'
[build]   762 |     using result_of_##std_name = decltype(std_name(std::declval<T>()...));        \
[build]       |                                  ^
[build] In file included from C:\Users\pperv\code\unnamed_rpg\vendor\json-schema-validator\src\json-patch.cpp:1:
[build] In file included from C:\Users\pperv\code\unnamed_rpg\vendor\json-schema-validator\src\json-patch.hpp:3:
[build] In file included from C:\Users\pperv\code\unnamed_rpg\vendor\json\include\nlohmann/json.hpp:44:
[build] In file included from C:\Users\pperv\code\unnamed_rpg\vendor\json\include\nlohmann/adl_serializer.hpp:14:
[build] In file included from C:\Users\pperv\code\unnamed_rpg\vendor\json\include\nlohmann/detail/conversions/from_json.hpp:24:
[build] In file included from C:\Users\pperv\code\unnamed_rpg\vendor\json\include\nlohmann/detail/exceptions.hpp:25:
[build] In file included from C:\Users\pperv\code\unnamed_rpg\vendor\json\include\nlohmann/detail/meta/type_traits.hpp:25:
[build] C:\Users\pperv\code\unnamed_rpg\vendor\json\include\nlohmann/detail/meta/call_std/begin.hpp(15,1): warning: 'decltype' type specifier is incompatible with C++98 [-Wc++98-compat]
[build] C:\Users\pperv\code\unnamed_rpg\vendor\json\include\nlohmann/detail/macro_scope.hpp(762,34): note: expanded from macro 'NLOHMANN_CAN_CALL_STD_FUNC_IMPL'
[build]   762 |     using result_of_##std_name = decltype(std_name(std::declval<T>()...));        \
[build]       |                                  ^
[build] In file included from C:\Users\pperv\code\unnamed_rpg\vendor\json-schema-validator\src\json-patch.cpp:1:
[build] In file included from C:\Users\pperv\code\unnamed_rpg\vendor\json-schema-validator\src\json-patch.hpp:3:
[build] In file included from C:\Users\pperv\code\unnamed_rpg\vendor\json\include\nlohmann/json.hpp:44:
[build] In file included from C:\Users\pperv\code\unnamed_rpg\vendor\json\include\nlohmann/adl_serializer.hpp:14:
[build] In file included from C:\Users\pperv\code\unnamed_rpg\vendor\json\include\nlohmann/detail/conversions/from_json.hpp:24:
[build] In file included from C:\Users\pperv\code\unnamed_rpg\vendor\json\include\nlohmann/detail/exceptions.hpp:25:
[build] In file included from C:\Users\pperv\code\unnamed_rpg\vendor\json\include\nlohmann/detail/meta/type_traits.hpp:25:
[build] C:\Users\pperv\code\unnamed_rpg\vendor\json\include\nlohmann/detail/meta/call_std/begin.hpp(15,1): warning: variadic templates are incompatible with C++98 [-Wc++98-compat]
[build] C:\Users\pperv\code\unnamed_rpg\vendor\json\include\nlohmann/detail/macro_scope.hpp(770,22): note: expanded from macro 'NLOHMANN_CAN_CALL_STD_FUNC_IMPL'
[build]   770 |     template<typename... T>                                                       \
[build]       |                      ^
[build] In file included from C:\Users\pperv\code\unnamed_rpg\vendor\json-schema-validator\src\json-patch.cpp:1:
[build] In file included from C:\Users\pperv\code\unnamed_rpg\vendor\json-schema-validator\src\json-patch.hpp:3:
[build] In file included from C:\Users\pperv\code\unnamed_rpg\vendor\json\include\nlohmann/json.hpp:44:
[build] In file included from C:\Users\pperv\code\unnamed_rpg\vendor\json\include\nlohmann/adl_serializer.hpp:14:
[build] In file included from C:\Users\pperv\code\unnamed_rpg\vendor\json\include\nlohmann/detail/conversions/from_json.hpp:24:
[build] In file included from C:\Users\pperv\code\unnamed_rpg\vendor\json\include\nlohmann/detail/exceptions.hpp:25:
[build] In file included from C:\Users\pperv\code\unnamed_rpg\vendor\json\include\nlohmann/detail/meta/type_traits.hpp:25:
[build] C:\Users\pperv\code\unnamed_rpg\vendor\json\include\nlohmann/detail/meta/call_std/begin.hpp(15,1): warning: rvalue references are incompatible with C++98 [-Wc++98-compat]
[build] C:\Users\pperv\code\unnamed_rpg\vendor\json\include\nlohmann/detail/macro_scope.hpp(771,30): note: expanded from macro 'NLOHMANN_CAN_CALL_STD_FUNC_IMPL'
[build]   771 |     std_name##_tag std_name(T&&...);                                              \
[build]       |                              ^
[build] In file included from C:\Users\pperv\code\unnamed_rpg\vendor\json-schema-validator\src\json-patch.cpp:1:
[build] In file included from C:\Users\pperv\code\unnamed_rpg\vendor\json-schema-validator\src\json-patch.hpp:3:
[build] In file included from C:\Users\pperv\code\unnamed_rpg\vendor\json\include\nlohmann/json.hpp:44:
[build] In file included from C:\Users\pperv\code\unnamed_rpg\vendor\json\include\nlohmann/adl_serializer.hpp:14:
[build] In file included from C:\Users\pperv\code\unnamed_rpg\vendor\json\include\nlohmann/detail/conversions/from_json.hpp:24:
[build] In file included from C:\Users\pperv\code\unnamed_rpg\vendor\json\include\nlohmann/detail/exceptions.hpp:25:
[build] In file included from C:\Users\pperv\code\unnamed_rpg\vendor\json\include\nlohmann/detail/meta/type_traits.hpp:25:
[build] C:\Users\pperv\code\unnamed_rpg\vendor\json\include\nlohmann/detail/meta/call_std/begin.hpp(15,1): warning: variadic templates are incompatible with C++98 [-Wc++98-compat]
[build] C:\Users\pperv\code\unnamed_rpg\vendor\json\include\nlohmann/detail/macro_scope.hpp(773,22): note: expanded from macro 'NLOHMANN_CAN_CALL_STD_FUNC_IMPL'
[build]   773 |     template<typename... T>                                                       \
[build]       |                      ^
[build] In file included from C:\Users\pperv\code\unnamed_rpg\vendor\json-schema-validator\src\json-patch.cpp:1:
[build] In file included from C:\Users\pperv\code\unnamed_rpg\vendor\json-schema-validator\src\json-patch.hpp:3:
[build] In file included from C:\Users\pperv\code\unnamed_rpg\vendor\json\include\nlohmann/json.hpp:44:
[build] In file included from C:\Users\pperv\code\unnamed_rpg\vendor\json\include\nlohmann/adl_serializer.hpp:14:
[build] In file included from C:\Users\pperv\code\unnamed_rpg\vendor\json\include\nlohmann/detail/conversions/from_json.hpp:24:
[build] In file included from C:\Users\pperv\code\unnamed_rpg\vendor\json\include\nlohmann/detail/exceptions.hpp:25:
[build] In file included from C:\Users\pperv\code\unnamed_rpg\vendor\json\include\nlohmann/detail/meta/type_traits.hpp:25:
[build] C:\Users\pperv\code\unnamed_rpg\vendor\json\include\nlohmann/detail/meta/call_std/begin.hpp(15,1): warning: alias declarations are incompatible with C++98 [-Wc++98-compat]
[build] C:\Users\pperv\code\unnamed_rpg\vendor\json\include\nlohmann/detail/macro_scope.hpp(774,34): note: expanded from macro 'NLOHMANN_CAN_CALL_STD_FUNC_IMPL'
[build]   774 |     using result_of_##std_name = decltype(std_name(std::declval<T>()...));        \
[build]       |                                  ^
[build] In file included from C:\Users\pperv\code\unnamed_rpg\vendor\json-schema-validator\src\json-patch.cpp:1:
[build] In file included from C:\Users\pperv\code\unnamed_rpg\vendor\json-schema-validator\src\json-patch.hpp:3:
[build] In file included from C:\Users\pperv\code\unnamed_rpg\vendor\json\include\nlohmann/json.hpp:44:
[build] In file included from C:\Users\pperv\code\unnamed_rpg\vendor\json\include\nlohmann/adl_serializer.hpp:14:
[build] In file included from C:\Users\pperv\code\unnamed_rpg\vendor\json\include\nlohmann/detail/conversions/from_json.hpp:24:
[build] In file included from C:\Users\pperv\code\unnamed_rpg\vendor\json\include\nlohmann/detail/exceptions.hpp:25:
[build] In file included from C:\Users\pperv\code\unnamed_rpg\vendor\json\include\nlohmann/detail/meta/type_traits.hpp:25:
[build] C:\Users\pperv\code\unnamed_rpg\vendor\json\include\nlohmann/detail/meta/call_std/begin.hpp(15,1): warning: 'decltype' type specifier is incompatible with C++98 [-Wc++98-compat]
[build] C:\Users\pperv\code\unnamed_rpg\vendor\json\include\nlohmann/detail/macro_scope.hpp(774,34): note: expanded from macro 'NLOHMANN_CAN_CALL_STD_FUNC_IMPL'
[build]   774 |     using result_of_##std_name = decltype(std_name(std::declval<T>()...));        \
[build]       |                                  ^
[build] In file included from C:\Users\pperv\code\unnamed_rpg\vendor\json-schema-validator\src\json-patch.cpp:1:
[build] In file included from C:\Users\pperv\code\unnamed_rpg\vendor\json-schema-validator\src\json-patch.hpp:3:
[build] In file included from C:\Users\pperv\code\unnamed_rpg\vendor\json\include\nlohmann/json.hpp:44:
[build] In file included from C:\Users\pperv\code\unnamed_rpg\vendor\json\include\nlohmann/adl_serializer.hpp:14:
[build] In file included from C:\Users\pperv\code\unnamed_rpg\vendor\json\include\nlohmann/detail/conversions/from_json.hpp:24:
[build] In file included from C:\Users\pperv\code\unnamed_rpg\vendor\json\include\nlohmann/detail/exceptions.hpp:25:
[build] In file included from C:\Users\pperv\code\unnamed_rpg\vendor\json\include\nlohmann/detail/meta/type_traits.hpp:25:
[build] C:\Users\pperv\code\unnamed_rpg\vendor\json\include\nlohmann/detail/meta/call_std/begin.hpp(15,1): warning: variadic templates are incompatible with C++98 [-Wc++98-compat]
[build] C:\Users\pperv\code\unnamed_rpg\vendor\json\include\nlohmann/detail/macro_scope.hpp(776,22): note: expanded from macro 'NLOHMANN_CAN_CALL_STD_FUNC_IMPL'
[build]   776 |     template<typename... T>                                                       \
[build]       |                      ^
[build] In file included from C:\Users\pperv\code\unnamed_rpg\vendor\json-schema-validator\src\json-patch.cpp:1:
[build] In file included from C:\Users\pperv\code\unnamed_rpg\vendor\json-schema-validator\src\json-patch.hpp:3:
[build] In file included from C:\Users\pperv\code\unnamed_rpg\vendor\json\include\nlohmann/json.hpp:44:
[build] In file included from C:\Users\pperv\code\unnamed_rpg\vendor\json\include\nlohmann/adl_serializer.hpp:14:
[build] In file included from C:\Users\pperv\code\unnamed_rpg\vendor\json\include\nlohmann/detail/conversions/from_json.hpp:24:
[build] In file included from C:\Users\pperv\code\unnamed_rpg\vendor\json\include\nlohmann/detail/exceptions.hpp:25:
[build] In file included from C:\Users\pperv\code\unnamed_rpg\vendor\json\include\nlohmann/detail/meta/type_traits.hpp:25:
[build] C:\Users\pperv\code\unnamed_rpg\vendor\json\include\nlohmann/detail/meta/call_std/begin.hpp(15,1): warning: 'constexpr' specifier is incompatible with C++98 [-Wc++98-compat]
[build] C:\Users\pperv\code\unnamed_rpg\vendor\json\include\nlohmann/detail/macro_scope.hpp(779,16): note: expanded from macro 'NLOHMANN_CAN_CALL_STD_FUNC_IMPL'
[build]   779 |         static constexpr auto const value = ::nlohmann::detail::                  \
[build]       |                ^
[build] In file included from C:\Users\pperv\code\unnamed_rpg\vendor\json-schema-validator\src\json-patch.cpp:1:
[build] In file included from C:\Users\pperv\code\unnamed_rpg\vendor\json-schema-validator\src\json-patch.hpp:3:
[build] In file included from C:\Users\pperv\code\unnamed_rpg\vendor\json\include\nlohmann/json.hpp:44:
[build] In file included from C:\Users\pperv\code\unnamed_rpg\vendor\json\include\nlohmann/adl_serializer.hpp:14:
[build] In file included from C:\Users\pperv\code\unnamed_rpg\vendor\json\include\nlohmann/detail/conversions/from_json.hpp:24:
[build] In file included from C:\Users\pperv\code\unnamed_rpg\vendor\json\include\nlohmann/detail/exceptions.hpp:25:
[build] In file included from C:\Users\pperv\code\unnamed_rpg\vendor\json\include\nlohmann/detail/meta/type_traits.hpp:25:
[build] C:\Users\pperv\code\unnamed_rpg\vendor\json\include\nlohmann/detail/meta/call_std/begin.hpp(15,1): warning: 'auto' type specifier is incompatible with C++98 [-Wc++98-compat]
[build]    15 | NLOHMANN_CAN_CALL_STD_FUNC_IMPL(begin);
[build]       | ^~~~~~~~~~~~~~~~~~~~~~~~~~~~~~~~~~~~~~
[build] C:\Users\pperv\code\unnamed_rpg\vendor\json\include\nlohmann/detail/macro_scope.hpp(779,26): note: expanded from macro 'NLOHMANN_CAN_CALL_STD_FUNC_IMPL'
[build]   779 |         static constexpr auto const value = ::nlohmann::detail::                  \
[build]       |                          ^~~~
[build] In file included from C:\Users\pperv\code\unnamed_rpg\vendor\json-schema-validator\src\json-patch.cpp:1:
[build] In file included from C:\Users\pperv\code\unnamed_rpg\vendor\json-schema-validator\src\json-patch.hpp:3:
[build] In file included from C:\Users\pperv\code\unnamed_rpg\vendor\json\include\nlohmann/json.hpp:44:
[build] In file included from C:\Users\pperv\code\unnamed_rpg\vendor\json\include\nlohmann/adl_serializer.hpp:14:
[build] In file included from C:\Users\pperv\code\unnamed_rpg\vendor\json\include\nlohmann/detail/conversions/from_json.hpp:24:
[build] In file included from C:\Users\pperv\code\unnamed_rpg\vendor\json\include\nlohmann/detail/exceptions.hpp:25:
[build] In file included from C:\Users\pperv\code\unnamed_rpg\vendor\json\include\nlohmann/detail/meta/type_traits.hpp:25:
[build] C:\Users\pperv\code\unnamed_rpg\vendor\json\include\nlohmann/detail/meta/call_std/begin.hpp(15,1): warning: variadic templates are incompatible with C++98 [-Wc++98-compat]
[build] C:\Users\pperv\code\unnamed_rpg\vendor\json\include\nlohmann/detail/macro_scope.hpp(784,22): note: expanded from macro 'NLOHMANN_CAN_CALL_STD_FUNC_IMPL'
[build]   784 |     template<typename... T>                                                       \
[build]       |                      ^
[build] In file included from C:\Users\pperv\code\unnamed_rpg\vendor\json-schema-validator\src\json-patch.cpp:1:
[build] In file included from C:\Users\pperv\code\unnamed_rpg\vendor\json-schema-validator\src\json-patch.hpp:3:
[build] In file included from C:\Users\pperv\code\unnamed_rpg\vendor\json\include\nlohmann/json.hpp:44:
[build] In file included from C:\Users\pperv\code\unnamed_rpg\vendor\json\include\nlohmann/adl_serializer.hpp:14:
[build] In file included from C:\Users\pperv\code\unnamed_rpg\vendor\json\include\nlohmann/detail/conversions/from_json.hpp:24:
[build] In file included from C:\Users\pperv\code\unnamed_rpg\vendor\json\include\nlohmann/detail/exceptions.hpp:25:
[build] In file included from C:\Users\pperv\code\unnamed_rpg\vendor\json\include\nlohmann/detail/meta/type_traits.hpp:26:
[build] C:\Users\pperv\code\unnamed_rpg\vendor\json\include\nlohmann/detail/meta/call_std/end.hpp(13,1): warning: empty macro arguments are incompatible with C++98 [-Wc++98-compat-pedantic]
[build]    13 | NLOHMANN_JSON_NAMESPACE_BEGIN
[build]       | ^
[build] C:\Users\pperv\code\unnamed_rpg\vendor\json\include\nlohmann/detail/abi_macros.hpp(102,17): note: expanded from macro 'NLOHMANN_JSON_NAMESPACE_BEGIN'
[build]   102 |                 NLOHMANN_JSON_ABI_TAGS,              \
[build]       |                 ^
[build] C:\Users\pperv\code\unnamed_rpg\vendor\json\include\nlohmann/detail/abi_macros.hpp(65,5): note: expanded from macro 'NLOHMANN_JSON_ABI_TAGS'
[build]    65 |     NLOHMANN_JSON_ABI_TAGS_CONCAT(                                   \
[build]       |     ^
[build] C:\Users\pperv\code\unnamed_rpg\vendor\json\include\nlohmann/detail/abi_macros.hpp(62,39): note: expanded from macro 'NLOHMANN_JSON_ABI_TAGS_CONCAT'
[build]    62 |     NLOHMANN_JSON_ABI_TAGS_CONCAT_EX(a, b, c)
[build]       |                                       ^
[build] In file included from C:\Users\pperv\code\unnamed_rpg\vendor\json-schema-validator\src\json-patch.cpp:1:
[build] In file included from C:\Users\pperv\code\unnamed_rpg\vendor\json-schema-validator\src\json-patch.hpp:3:
[build] In file included from C:\Users\pperv\code\unnamed_rpg\vendor\json\include\nlohmann/json.hpp:44:
[build] In file included from C:\Users\pperv\code\unnamed_rpg\vendor\json\include\nlohmann/adl_serializer.hpp:14:
[build] In file included from C:\Users\pperv\code\unnamed_rpg\vendor\json\include\nlohmann/detail/conversions/from_json.hpp:24:
[build] In file included from C:\Users\pperv\code\unnamed_rpg\vendor\json\include\nlohmann/detail/exceptions.hpp:25:
[build] In file included from C:\Users\pperv\code\unnamed_rpg\vendor\json\include\nlohmann/detail/meta/type_traits.hpp:26:
[build] C:\Users\pperv\code\unnamed_rpg\vendor\json\include\nlohmann/detail/meta/call_std/end.hpp(13,1): warning: empty macro arguments are incompatible with C++98 [-Wc++98-compat-pedantic]
[build] C:\Users\pperv\code\unnamed_rpg\vendor\json\include\nlohmann/detail/abi_macros.hpp(102,17): note: expanded from macro 'NLOHMANN_JSON_NAMESPACE_BEGIN'
[build]   102 |                 NLOHMANN_JSON_ABI_TAGS,              \
[build]       |                 ^
[build] C:\Users\pperv\code\unnamed_rpg\vendor\json\include\nlohmann/detail/abi_macros.hpp(65,5): note: expanded from macro 'NLOHMANN_JSON_ABI_TAGS'
[build]    65 |     NLOHMANN_JSON_ABI_TAGS_CONCAT(                                   \
[build]       |     ^
[build] C:\Users\pperv\code\unnamed_rpg\vendor\json\include\nlohmann/detail/abi_macros.hpp(62,42): note: expanded from macro 'NLOHMANN_JSON_ABI_TAGS_CONCAT'
[build]    62 |     NLOHMANN_JSON_ABI_TAGS_CONCAT_EX(a, b, c)
[build]       |                                          ^
[build] In file included from C:\Users\pperv\code\unnamed_rpg\vendor\json-schema-validator\src\json-patch.cpp:1:
[build] In file included from C:\Users\pperv\code\unnamed_rpg\vendor\json-schema-validator\src\json-patch.hpp:3:
[build] In file included from C:\Users\pperv\code\unnamed_rpg\vendor\json\include\nlohmann/json.hpp:44:
[build] In file included from C:\Users\pperv\code\unnamed_rpg\vendor\json\include\nlohmann/adl_serializer.hpp:14:
[build] In file included from C:\Users\pperv\code\unnamed_rpg\vendor\json\include\nlohmann/detail/conversions/from_json.hpp:24:
[build] In file included from C:\Users\pperv\code\unnamed_rpg\vendor\json\include\nlohmann/detail/exceptions.hpp:25:
[build] In file included from C:\Users\pperv\code\unnamed_rpg\vendor\json\include\nlohmann/detail/meta/type_traits.hpp:26:
[build] C:\Users\pperv\code\unnamed_rpg\vendor\json\include\nlohmann/detail/meta/call_std/end.hpp(13,1): warning: empty macro arguments are incompatible with C++98 [-Wc++98-compat-pedantic]
[build] C:\Users\pperv\code\unnamed_rpg\vendor\json\include\nlohmann/detail/abi_macros.hpp(102,17): note: expanded from macro 'NLOHMANN_JSON_NAMESPACE_BEGIN'
[build]   102 |                 NLOHMANN_JSON_ABI_TAGS,              \
[build]       |                 ^
[build] C:\Users\pperv\code\unnamed_rpg\vendor\json\include\nlohmann/detail/abi_macros.hpp(65,5): note: expanded from macro 'NLOHMANN_JSON_ABI_TAGS'
[build]    65 |     NLOHMANN_JSON_ABI_TAGS_CONCAT(                                   \
[build]       |     ^
[build] C:\Users\pperv\code\unnamed_rpg\vendor\json\include\nlohmann/detail/abi_macros.hpp(62,45): note: expanded from macro 'NLOHMANN_JSON_ABI_TAGS_CONCAT'
[build]    62 |     NLOHMANN_JSON_ABI_TAGS_CONCAT_EX(a, b, c)
[build]       |                                             ^
[build] In file included from C:\Users\pperv\code\unnamed_rpg\vendor\json-schema-validator\src\json-patch.cpp:1:
[build] In file included from C:\Users\pperv\code\unnamed_rpg\vendor\json-schema-validator\src\json-patch.hpp:3:
[build] In file included from C:\Users\pperv\code\unnamed_rpg\vendor\json\include\nlohmann/json.hpp:44:
[build] In file included from C:\Users\pperv\code\unnamed_rpg\vendor\json\include\nlohmann/adl_serializer.hpp:14:
[build] In file included from C:\Users\pperv\code\unnamed_rpg\vendor\json\include\nlohmann/detail/conversions/from_json.hpp:24:
[build] In file included from C:\Users\pperv\code\unnamed_rpg\vendor\json\include\nlohmann/detail/exceptions.hpp:25:
[build] In file included from C:\Users\pperv\code\unnamed_rpg\vendor\json\include\nlohmann/detail/meta/type_traits.hpp:26:
[build] C:\Users\pperv\code\unnamed_rpg\vendor\json\include\nlohmann/detail/meta/call_std/end.hpp(13,1): warning: inline namespaces are incompatible with C++98 [-Wc++98-compat]
[build] C:\Users\pperv\code\unnamed_rpg\vendor\json\include\nlohmann/detail/abi_macros.hpp(101,5): note: expanded from macro 'NLOHMANN_JSON_NAMESPACE_BEGIN'
[build]   101 |     inline namespace NLOHMANN_JSON_NAMESPACE_CONCAT( \
[build]       |     ^
[build] In file included from C:\Users\pperv\code\unnamed_rpg\vendor\json-schema-validator\src\json-patch.cpp:1:
[build] In file included from C:\Users\pperv\code\unnamed_rpg\vendor\json-schema-validator\src\json-patch.hpp:3:
[build] In file included from C:\Users\pperv\code\unnamed_rpg\vendor\json\include\nlohmann/json.hpp:44:
[build] In file included from C:\Users\pperv\code\unnamed_rpg\vendor\json\include\nlohmann/adl_serializer.hpp:14:
[build] In file included from C:\Users\pperv\code\unnamed_rpg\vendor\json\include\nlohmann/detail/conversions/from_json.hpp:24:
[build] In file included from C:\Users\pperv\code\unnamed_rpg\vendor\json\include\nlohmann/detail/exceptions.hpp:25:
[build] In file included from C:\Users\pperv\code\unnamed_rpg\vendor\json\include\nlohmann/detail/meta/type_traits.hpp:26:
[build] C:\Users\pperv\code\unnamed_rpg\vendor\json\include\nlohmann/detail/meta/call_std/end.hpp(15,1): warning: variadic templates are incompatible with C++98 [-Wc++98-compat]
[build]    15 | NLOHMANN_CAN_CALL_STD_FUNC_IMPL(end);
[build]       | ^
[build] C:\Users\pperv\code\unnamed_rpg\vendor\json\include\nlohmann/detail/macro_scope.hpp(761,22): note: expanded from macro 'NLOHMANN_CAN_CALL_STD_FUNC_IMPL'
[build]   761 |     template<typename... T>                                                       \
[build]       |                      ^
[build] In file included from C:\Users\pperv\code\unnamed_rpg\vendor\json-schema-validator\src\json-patch.cpp:1:
[build] In file included from C:\Users\pperv\code\unnamed_rpg\vendor\json-schema-validator\src\json-patch.hpp:3:
[build] In file included from C:\Users\pperv\code\unnamed_rpg\vendor\json\include\nlohmann/json.hpp:44:
[build] In file included from C:\Users\pperv\code\unnamed_rpg\vendor\json\include\nlohmann/adl_serializer.hpp:14:
[build] In file included from C:\Users\pperv\code\unnamed_rpg\vendor\json\include\nlohmann/detail/conversions/from_json.hpp:24:
[build] In file included from C:\Users\pperv\code\unnamed_rpg\vendor\json\include\nlohmann/detail/exceptions.hpp:25:
[build] In file included from C:\Users\pperv\code\unnamed_rpg\vendor\json\include\nlohmann/detail/meta/type_traits.hpp:26:
[build] C:\Users\pperv\code\unnamed_rpg\vendor\json\include\nlohmann/detail/meta/call_std/end.hpp(15,1): warning: alias declarations are incompatible with C++98 [-Wc++98-compat]
[build] C:\Users\pperv\code\unnamed_rpg\vendor\json\include\nlohmann/detail/macro_scope.hpp(762,34): note: expanded from macro 'NLOHMANN_CAN_CALL_STD_FUNC_IMPL'
[build]   762 |     using result_of_##std_name = decltype(std_name(std::declval<T>()...));        \
[build]       |                                  ^
[build] In file included from C:\Users\pperv\code\unnamed_rpg\vendor\json-schema-validator\src\json-patch.cpp:1:
[build] In file included from C:\Users\pperv\code\unnamed_rpg\vendor\json-schema-validator\src\json-patch.hpp:3:
[build] In file included from C:\Users\pperv\code\unnamed_rpg\vendor\json\include\nlohmann/json.hpp:44:
[build] In file included from C:\Users\pperv\code\unnamed_rpg\vendor\json\include\nlohmann/adl_serializer.hpp:14:
[build] In file included from C:\Users\pperv\code\unnamed_rpg\vendor\json\include\nlohmann/detail/conversions/from_json.hpp:24:
[build] In file included from C:\Users\pperv\code\unnamed_rpg\vendor\json\include\nlohmann/detail/exceptions.hpp:25:
[build] In file included from C:\Users\pperv\code\unnamed_rpg\vendor\json\include\nlohmann/detail/meta/type_traits.hpp:26:
[build] C:\Users\pperv\code\unnamed_rpg\vendor\json\include\nlohmann/detail/meta/call_std/end.hpp(15,1): warning: 'decltype' type specifier is incompatible with C++98 [-Wc++98-compat]
[build] C:\Users\pperv\code\unnamed_rpg\vendor\json\include\nlohmann/detail/macro_scope.hpp(762,34): note: expanded from macro 'NLOHMANN_CAN_CALL_STD_FUNC_IMPL'
[build]   762 |     using result_of_##std_name = decltype(std_name(std::declval<T>()...));        \
[build]       |                                  ^
[build] In file included from C:\Users\pperv\code\unnamed_rpg\vendor\json-schema-validator\src\json-patch.cpp:1:
[build] In file included from C:\Users\pperv\code\unnamed_rpg\vendor\json-schema-validator\src\json-patch.hpp:3:
[build] In file included from C:\Users\pperv\code\unnamed_rpg\vendor\json\include\nlohmann/json.hpp:44:
[build] In file included from C:\Users\pperv\code\unnamed_rpg\vendor\json\include\nlohmann/adl_serializer.hpp:14:
[build] In file included from C:\Users\pperv\code\unnamed_rpg\vendor\json\include\nlohmann/detail/conversions/from_json.hpp:24:
[build] In file included from C:\Users\pperv\code\unnamed_rpg\vendor\json\include\nlohmann/detail/exceptions.hpp:25:
[build] In file included from C:\Users\pperv\code\unnamed_rpg\vendor\json\include\nlohmann/detail/meta/type_traits.hpp:26:
[build] C:\Users\pperv\code\unnamed_rpg\vendor\json\include\nlohmann/detail/meta/call_std/end.hpp(15,1): warning: variadic templates are incompatible with C++98 [-Wc++98-compat]
[build] C:\Users\pperv\code\unnamed_rpg\vendor\json\include\nlohmann/detail/macro_scope.hpp(770,22): note: expanded from macro 'NLOHMANN_CAN_CALL_STD_FUNC_IMPL'
[build]   770 |     template<typename... T>                                                       \
[build]       |                      ^
[build] In file included from C:\Users\pperv\code\unnamed_rpg\vendor\json-schema-validator\src\json-patch.cpp:1:
[build] In file included from C:\Users\pperv\code\unnamed_rpg\vendor\json-schema-validator\src\json-patch.hpp:3:
[build] In file included from C:\Users\pperv\code\unnamed_rpg\vendor\json\include\nlohmann/json.hpp:44:
[build] In file included from C:\Users\pperv\code\unnamed_rpg\vendor\json\include\nlohmann/adl_serializer.hpp:14:
[build] In file included from C:\Users\pperv\code\unnamed_rpg\vendor\json\include\nlohmann/detail/conversions/from_json.hpp:24:
[build] In file included from C:\Users\pperv\code\unnamed_rpg\vendor\json\include\nlohmann/detail/exceptions.hpp:25:
[build] In file included from C:\Users\pperv\code\unnamed_rpg\vendor\json\include\nlohmann/detail/meta/type_traits.hpp:26:
[build] C:\Users\pperv\code\unnamed_rpg\vendor\json\include\nlohmann/detail/meta/call_std/end.hpp(15,1): warning: rvalue references are incompatible with C++98 [-Wc++98-compat]
[build] C:\Users\pperv\code\unnamed_rpg\vendor\json\include\nlohmann/detail/macro_scope.hpp(771,30): note: expanded from macro 'NLOHMANN_CAN_CALL_STD_FUNC_IMPL'
[build]   771 |     std_name##_tag std_name(T&&...);                                              \
[build]       |                              ^
[build] In file included from C:\Users\pperv\code\unnamed_rpg\vendor\json-schema-validator\src\json-patch.cpp:1:
[build] In file included from C:\Users\pperv\code\unnamed_rpg\vendor\json-schema-validator\src\json-patch.hpp:3:
[build] In file included from C:\Users\pperv\code\unnamed_rpg\vendor\json\include\nlohmann/json.hpp:44:
[build] In file included from C:\Users\pperv\code\unnamed_rpg\vendor\json\include\nlohmann/adl_serializer.hpp:14:
[build] In file included from C:\Users\pperv\code\unnamed_rpg\vendor\json\include\nlohmann/detail/conversions/from_json.hpp:24:
[build] In file included from C:\Users\pperv\code\unnamed_rpg\vendor\json\include\nlohmann/detail/exceptions.hpp:25:
[build] In file included from C:\Users\pperv\code\unnamed_rpg\vendor\json\include\nlohmann/detail/meta/type_traits.hpp:26:
[build] C:\Users\pperv\code\unnamed_rpg\vendor\json\include\nlohmann/detail/meta/call_std/end.hpp(15,1): warning: variadic templates are incompatible with C++98 [-Wc++98-compat]
[build] C:\Users\pperv\code\unnamed_rpg\vendor\json\include\nlohmann/detail/macro_scope.hpp(773,22): note: expanded from macro 'NLOHMANN_CAN_CALL_STD_FUNC_IMPL'
[build]   773 |     template<typename... T>                                                       \
[build]       |                      ^
[build] In file included from C:\Users\pperv\code\unnamed_rpg\vendor\json-schema-validator\src\json-patch.cpp:1:
[build] In file included from C:\Users\pperv\code\unnamed_rpg\vendor\json-schema-validator\src\json-patch.hpp:3:
[build] In file included from C:\Users\pperv\code\unnamed_rpg\vendor\json\include\nlohmann/json.hpp:44:
[build] In file included from C:\Users\pperv\code\unnamed_rpg\vendor\json\include\nlohmann/adl_serializer.hpp:14:
[build] In file included from C:\Users\pperv\code\unnamed_rpg\vendor\json\include\nlohmann/detail/conversions/from_json.hpp:24:
[build] In file included from C:\Users\pperv\code\unnamed_rpg\vendor\json\include\nlohmann/detail/exceptions.hpp:25:
[build] In file included from C:\Users\pperv\code\unnamed_rpg\vendor\json\include\nlohmann/detail/meta/type_traits.hpp:26:
[build] C:\Users\pperv\code\unnamed_rpg\vendor\json\include\nlohmann/detail/meta/call_std/end.hpp(15,1): warning: alias declarations are incompatible with C++98 [-Wc++98-compat]
[build] C:\Users\pperv\code\unnamed_rpg\vendor\json\include\nlohmann/detail/macro_scope.hpp(774,34): note: expanded from macro 'NLOHMANN_CAN_CALL_STD_FUNC_IMPL'
[build]   774 |     using result_of_##std_name = decltype(std_name(std::declval<T>()...));        \
[build]       |                                  ^
[build] In file included from C:\Users\pperv\code\unnamed_rpg\vendor\json-schema-validator\src\json-patch.cpp:1:
[build] In file included from C:\Users\pperv\code\unnamed_rpg\vendor\json-schema-validator\src\json-patch.hpp:3:
[build] In file included from C:\Users\pperv\code\unnamed_rpg\vendor\json\include\nlohmann/json.hpp:44:
[build] In file included from C:\Users\pperv\code\unnamed_rpg\vendor\json\include\nlohmann/adl_serializer.hpp:14:
[build] In file included from C:\Users\pperv\code\unnamed_rpg\vendor\json\include\nlohmann/detail/conversions/from_json.hpp:24:
[build] In file included from C:\Users\pperv\code\unnamed_rpg\vendor\json\include\nlohmann/detail/exceptions.hpp:25:
[build] In file included from C:\Users\pperv\code\unnamed_rpg\vendor\json\include\nlohmann/detail/meta/type_traits.hpp:26:
[build] C:\Users\pperv\code\unnamed_rpg\vendor\json\include\nlohmann/detail/meta/call_std/end.hpp(15,1): warning: 'decltype' type specifier is incompatible with C++98 [-Wc++98-compat]
[build] C:\Users\pperv\code\unnamed_rpg\vendor\json\include\nlohmann/detail/macro_scope.hpp(774,34): note: expanded from macro 'NLOHMANN_CAN_CALL_STD_FUNC_IMPL'
[build]   774 |     using result_of_##std_name = decltype(std_name(std::declval<T>()...));        \
[build]       |                                  ^
[build] In file included from C:\Users\pperv\code\unnamed_rpg\vendor\json-schema-validator\src\json-patch.cpp:1:
[build] In file included from C:\Users\pperv\code\unnamed_rpg\vendor\json-schema-validator\src\json-patch.hpp:3:
[build] In file included from C:\Users\pperv\code\unnamed_rpg\vendor\json\include\nlohmann/json.hpp:44:
[build] In file included from C:\Users\pperv\code\unnamed_rpg\vendor\json\include\nlohmann/adl_serializer.hpp:14:
[build] In file included from C:\Users\pperv\code\unnamed_rpg\vendor\json\include\nlohmann/detail/conversions/from_json.hpp:24:
[build] In file included from C:\Users\pperv\code\unnamed_rpg\vendor\json\include\nlohmann/detail/exceptions.hpp:25:
[build] In file included from C:\Users\pperv\code\unnamed_rpg\vendor\json\include\nlohmann/detail/meta/type_traits.hpp:26:
[build] C:\Users\pperv\code\unnamed_rpg\vendor\json\include\nlohmann/detail/meta/call_std/end.hpp(15,1): warning: variadic templates are incompatible with C++98 [-Wc++98-compat]
[build] C:\Users\pperv\code\unnamed_rpg\vendor\json\include\nlohmann/detail/macro_scope.hpp(776,22): note: expanded from macro 'NLOHMANN_CAN_CALL_STD_FUNC_IMPL'
[build]   776 |     template<typename... T>                                                       \
[build]       |                      ^
[build] In file included from C:\Users\pperv\code\unnamed_rpg\vendor\json-schema-validator\src\json-patch.cpp:1:
[build] In file included from C:\Users\pperv\code\unnamed_rpg\vendor\json-schema-validator\src\json-patch.hpp:3:
[build] In file included from C:\Users\pperv\code\unnamed_rpg\vendor\json\include\nlohmann/json.hpp:44:
[build] In file included from C:\Users\pperv\code\unnamed_rpg\vendor\json\include\nlohmann/adl_serializer.hpp:14:
[build] In file included from C:\Users\pperv\code\unnamed_rpg\vendor\json\include\nlohmann/detail/conversions/from_json.hpp:24:
[build] In file included from C:\Users\pperv\code\unnamed_rpg\vendor\json\include\nlohmann/detail/exceptions.hpp:25:
[build] In file included from C:\Users\pperv\code\unnamed_rpg\vendor\json\include\nlohmann/detail/meta/type_traits.hpp:26:
[build] C:\Users\pperv\code\unnamed_rpg\vendor\json\include\nlohmann/detail/meta/call_std/end.hpp(15,1): warning: 'constexpr' specifier is incompatible with C++98 [-Wc++98-compat]
[build] C:\Users\pperv\code\unnamed_rpg\vendor\json\include\nlohmann/detail/macro_scope.hpp(779,16): note: expanded from macro 'NLOHMANN_CAN_CALL_STD_FUNC_IMPL'
[build]   779 |         static constexpr auto const value = ::nlohmann::detail::                  \
[build]       |                ^
[build] In file included from C:\Users\pperv\code\unnamed_rpg\vendor\json-schema-validator\src\json-patch.cpp:1:
[build] In file included from C:\Users\pperv\code\unnamed_rpg\vendor\json-schema-validator\src\json-patch.hpp:3:
[build] In file included from C:\Users\pperv\code\unnamed_rpg\vendor\json\include\nlohmann/json.hpp:44:
[build] In file included from C:\Users\pperv\code\unnamed_rpg\vendor\json\include\nlohmann/adl_serializer.hpp:14:
[build] In file included from C:\Users\pperv\code\unnamed_rpg\vendor\json\include\nlohmann/detail/conversions/from_json.hpp:24:
[build] In file included from C:\Users\pperv\code\unnamed_rpg\vendor\json\include\nlohmann/detail/exceptions.hpp:25:
[build] In file included from C:\Users\pperv\code\unnamed_rpg\vendor\json\include\nlohmann/detail/meta/type_traits.hpp:26:
[build] C:\Users\pperv\code\unnamed_rpg\vendor\json\include\nlohmann/detail/meta/call_std/end.hpp(15,1): warning: 'auto' type specifier is incompatible with C++98 [-Wc++98-compat]
[build]    15 | NLOHMANN_CAN_CALL_STD_FUNC_IMPL(end);
[build]       | ^~~~~~~~~~~~~~~~~~~~~~~~~~~~~~~~~~~~
[build] C:\Users\pperv\code\unnamed_rpg\vendor\json\include\nlohmann/detail/macro_scope.hpp(779,26): note: expanded from macro 'NLOHMANN_CAN_CALL_STD_FUNC_IMPL'
[build]   779 |         static constexpr auto const value = ::nlohmann::detail::                  \
[build]       |                          ^~~~
[build] In file included from C:\Users\pperv\code\unnamed_rpg\vendor\json-schema-validator\src\json-patch.cpp:1:
[build] In file included from C:\Users\pperv\code\unnamed_rpg\vendor\json-schema-validator\src\json-patch.hpp:3:
[build] In file included from C:\Users\pperv\code\unnamed_rpg\vendor\json\include\nlohmann/json.hpp:44:
[build] In file included from C:\Users\pperv\code\unnamed_rpg\vendor\json\include\nlohmann/adl_serializer.hpp:14:
[build] In file included from C:\Users\pperv\code\unnamed_rpg\vendor\json\include\nlohmann/detail/conversions/from_json.hpp:24:
[build] In file included from C:\Users\pperv\code\unnamed_rpg\vendor\json\include\nlohmann/detail/exceptions.hpp:25:
[build] In file included from C:\Users\pperv\code\unnamed_rpg\vendor\json\include\nlohmann/detail/meta/type_traits.hpp:26:
[build] C:\Users\pperv\code\unnamed_rpg\vendor\json\include\nlohmann/detail/meta/call_std/end.hpp(15,1): warning: variadic templates are incompatible with C++98 [-Wc++98-compat]
[build] C:\Users\pperv\code\unnamed_rpg\vendor\json\include\nlohmann/detail/macro_scope.hpp(784,22): note: expanded from macro 'NLOHMANN_CAN_CALL_STD_FUNC_IMPL'
[build]   784 |     template<typename... T>                                                       \
[build]       |                      ^
[build] In file included from C:\Users\pperv\code\unnamed_rpg\vendor\json-schema-validator\src\json-patch.cpp:1:
[build] In file included from C:\Users\pperv\code\unnamed_rpg\vendor\json-schema-validator\src\json-patch.hpp:3:
[build] In file included from C:\Users\pperv\code\unnamed_rpg\vendor\json\include\nlohmann/json.hpp:44:
[build] In file included from C:\Users\pperv\code\unnamed_rpg\vendor\json\include\nlohmann/adl_serializer.hpp:14:
[build] In file included from C:\Users\pperv\code\unnamed_rpg\vendor\json\include\nlohmann/detail/conversions/from_json.hpp:24:
[build] In file included from C:\Users\pperv\code\unnamed_rpg\vendor\json\include\nlohmann/detail/exceptions.hpp:25:
[build] In file included from C:\Users\pperv\code\unnamed_rpg\vendor\json\include\nlohmann/detail/meta/type_traits.hpp:29:
[build] C:\Users\pperv\code\unnamed_rpg\vendor\json\include\nlohmann/json_fwd.hpp(25,1): warning: empty macro arguments are incompatible with C++98 [-Wc++98-compat-pedantic]
[build]    25 | NLOHMANN_JSON_NAMESPACE_BEGIN
[build]       | ^
[build] C:\Users\pperv\code\unnamed_rpg\vendor\json\include\nlohmann/detail/abi_macros.hpp(102,17): note: expanded from macro 'NLOHMANN_JSON_NAMESPACE_BEGIN'
[build]   102 |                 NLOHMANN_JSON_ABI_TAGS,              \
[build]       |                 ^
[build] C:\Users\pperv\code\unnamed_rpg\vendor\json\include\nlohmann/detail/abi_macros.hpp(65,5): note: expanded from macro 'NLOHMANN_JSON_ABI_TAGS'
[build]    65 |     NLOHMANN_JSON_ABI_TAGS_CONCAT(                                   \
[build]       |     ^
[build] C:\Users\pperv\code\unnamed_rpg\vendor\json\include\nlohmann/detail/abi_macros.hpp(62,39): note: expanded from macro 'NLOHMANN_JSON_ABI_TAGS_CONCAT'
[build]    62 |     NLOHMANN_JSON_ABI_TAGS_CONCAT_EX(a, b, c)
[build]       |                                       ^
[build] In file included from C:\Users\pperv\code\unnamed_rpg\vendor\json-schema-validator\src\json-patch.cpp:1:
[build] In file included from C:\Users\pperv\code\unnamed_rpg\vendor\json-schema-validator\src\json-patch.hpp:3:
[build] In file included from C:\Users\pperv\code\unnamed_rpg\vendor\json\include\nlohmann/json.hpp:44:
[build] In file included from C:\Users\pperv\code\unnamed_rpg\vendor\json\include\nlohmann/adl_serializer.hpp:14:
[build] In file included from C:\Users\pperv\code\unnamed_rpg\vendor\json\include\nlohmann/detail/conversions/from_json.hpp:24:
[build] In file included from C:\Users\pperv\code\unnamed_rpg\vendor\json\include\nlohmann/detail/exceptions.hpp:25:
[build] In file included from C:\Users\pperv\code\unnamed_rpg\vendor\json\include\nlohmann/detail/meta/type_traits.hpp:29:
[build] C:\Users\pperv\code\unnamed_rpg\vendor\json\include\nlohmann/json_fwd.hpp(25,1): warning: empty macro arguments are incompatible with C++98 [-Wc++98-compat-pedantic]
[build] C:\Users\pperv\code\unnamed_rpg\vendor\json\include\nlohmann/detail/abi_macros.hpp(102,17): note: expanded from macro 'NLOHMANN_JSON_NAMESPACE_BEGIN'
[build]   102 |                 NLOHMANN_JSON_ABI_TAGS,              \
[build]       |                 ^
[build] C:\Users\pperv\code\unnamed_rpg\vendor\json\include\nlohmann/detail/abi_macros.hpp(65,5): note: expanded from macro 'NLOHMANN_JSON_ABI_TAGS'
[build]    65 |     NLOHMANN_JSON_ABI_TAGS_CONCAT(                                   \
[build]       |     ^
[build] C:\Users\pperv\code\unnamed_rpg\vendor\json\include\nlohmann/detail/abi_macros.hpp(62,42): note: expanded from macro 'NLOHMANN_JSON_ABI_TAGS_CONCAT'
[build]    62 |     NLOHMANN_JSON_ABI_TAGS_CONCAT_EX(a, b, c)
[build]       |                                          ^
[build] In file included from C:\Users\pperv\code\unnamed_rpg\vendor\json-schema-validator\src\json-patch.cpp:1:
[build] In file included from C:\Users\pperv\code\unnamed_rpg\vendor\json-schema-validator\src\json-patch.hpp:3:
[build] In file included from C:\Users\pperv\code\unnamed_rpg\vendor\json\include\nlohmann/json.hpp:44:
[build] In file included from C:\Users\pperv\code\unnamed_rpg\vendor\json\include\nlohmann/adl_serializer.hpp:14:
[build] In file included from C:\Users\pperv\code\unnamed_rpg\vendor\json\include\nlohmann/detail/conversions/from_json.hpp:24:
[build] In file included from C:\Users\pperv\code\unnamed_rpg\vendor\json\include\nlohmann/detail/exceptions.hpp:25:
[build] In file included from C:\Users\pperv\code\unnamed_rpg\vendor\json\include\nlohmann/detail/meta/type_traits.hpp:29:
[build] C:\Users\pperv\code\unnamed_rpg\vendor\json\include\nlohmann/json_fwd.hpp(25,1): warning: empty macro arguments are incompatible with C++98 [-Wc++98-compat-pedantic]
[build] C:\Users\pperv\code\unnamed_rpg\vendor\json\include\nlohmann/detail/abi_macros.hpp(102,17): note: expanded from macro 'NLOHMANN_JSON_NAMESPACE_BEGIN'
[build]   102 |                 NLOHMANN_JSON_ABI_TAGS,              \
[build]       |                 ^
[build] C:\Users\pperv\code\unnamed_rpg\vendor\json\include\nlohmann/detail/abi_macros.hpp(65,5): note: expanded from macro 'NLOHMANN_JSON_ABI_TAGS'
[build]    65 |     NLOHMANN_JSON_ABI_TAGS_CONCAT(                                   \
[build]       |     ^
[build] C:\Users\pperv\code\unnamed_rpg\vendor\json\include\nlohmann/detail/abi_macros.hpp(62,45): note: expanded from macro 'NLOHMANN_JSON_ABI_TAGS_CONCAT'
[build]    62 |     NLOHMANN_JSON_ABI_TAGS_CONCAT_EX(a, b, c)
[build]       |                                             ^
[build] In file included from C:\Users\pperv\code\unnamed_rpg\vendor\json-schema-validator\src\json-patch.cpp:1:
[build] In file included from C:\Users\pperv\code\unnamed_rpg\vendor\json-schema-validator\src\json-patch.hpp:3:
[build] In file included from C:\Users\pperv\code\unnamed_rpg\vendor\json\include\nlohmann/json.hpp:44:
[build] In file included from C:\Users\pperv\code\unnamed_rpg\vendor\json\include\nlohmann/adl_serializer.hpp:14:
[build] In file included from C:\Users\pperv\code\unnamed_rpg\vendor\json\include\nlohmann/detail/conversions/from_json.hpp:24:
[build] In file included from C:\Users\pperv\code\unnamed_rpg\vendor\json\include\nlohmann/detail/exceptions.hpp:25:
[build] In file included from C:\Users\pperv\code\unnamed_rpg\vendor\json\include\nlohmann/detail/meta/type_traits.hpp:29:
[build] C:\Users\pperv\code\unnamed_rpg\vendor\json\include\nlohmann/json_fwd.hpp(25,1): warning: inline namespaces are incompatible with C++98 [-Wc++98-compat]
[build] C:\Users\pperv\code\unnamed_rpg\vendor\json\include\nlohmann/detail/abi_macros.hpp(101,5): note: expanded from macro 'NLOHMANN_JSON_NAMESPACE_BEGIN'
[build]   101 |     inline namespace NLOHMANN_JSON_NAMESPACE_CONCAT( \
[build]       |     ^
[build] In file included from C:\Users\pperv\code\unnamed_rpg\vendor\json-schema-validator\src\json-patch.cpp:1:
[build] In file included from C:\Users\pperv\code\unnamed_rpg\vendor\json-schema-validator\src\json-patch.hpp:3:
[build] In file included from C:\Users\pperv\code\unnamed_rpg\vendor\json\include\nlohmann/json.hpp:44:
[build] In file included from C:\Users\pperv\code\unnamed_rpg\vendor\json\include\nlohmann/adl_serializer.hpp:14:
[build] In file included from C:\Users\pperv\code\unnamed_rpg\vendor\json\include\nlohmann/detail/conversions/from_json.hpp:24:
[build] In file included from C:\Users\pperv\code\unnamed_rpg\vendor\json\include\nlohmann/detail/exceptions.hpp:25:
[build] In file included from C:\Users\pperv\code\unnamed_rpg\vendor\json\include\nlohmann/detail/meta/type_traits.hpp:29:
[build] C:\Users\pperv\code\unnamed_rpg\vendor\json\include\nlohmann/json_fwd.hpp(39,51): warning: variadic templates are incompatible with C++98 [-Wc++98-compat]
[build]    39 | template<template<typename U, typename V, typename... Args> class ObjectType =
[build]       |                                                   ^
[build] C:\Users\pperv\code\unnamed_rpg\vendor\json\include\nlohmann/json_fwd.hpp(41,39): warning: variadic templates are incompatible with C++98 [-Wc++98-compat]
[build]    41 |          template<typename U, typename... Args> class ArrayType = std::vector,
[build]       |                                       ^
[build] C:\Users\pperv\code\unnamed_rpg\vendor\json\include\nlohmann/json_fwd.hpp(62,14): warning: alias declarations are incompatible with C++98 [-Wc++98-compat]
[build]    62 | using json = basic_json<>;
[build]       |              ^
[build] C:\Users\pperv\code\unnamed_rpg\vendor\json\include\nlohmann/json_fwd.hpp(71,22): warning: alias declarations are incompatible with C++98 [-Wc++98-compat]
[build]    71 | using ordered_json = basic_json<nlohmann::ordered_map>;
[build]       |                      ^
[build] In file included from C:\Users\pperv\code\unnamed_rpg\vendor\json-schema-validator\src\json-patch.cpp:1:
[build] In file included from C:\Users\pperv\code\unnamed_rpg\vendor\json-schema-validator\src\json-patch.hpp:3:
[build] In file included from C:\Users\pperv\code\unnamed_rpg\vendor\json\include\nlohmann/json.hpp:44:
[build] In file included from C:\Users\pperv\code\unnamed_rpg\vendor\json\include\nlohmann/adl_serializer.hpp:14:
[build] In file included from C:\Users\pperv\code\unnamed_rpg\vendor\json\include\nlohmann/detail/conversions/from_json.hpp:24:
[build] In file included from C:\Users\pperv\code\unnamed_rpg\vendor\json\include\nlohmann/detail/exceptions.hpp:25:
[build] C:\Users\pperv\code\unnamed_rpg\vendor\json\include\nlohmann/detail/meta/type_traits.hpp(31,1): warning: empty macro arguments are incompatible with C++98 [-Wc++98-compat-pedantic]
[build]    31 | NLOHMANN_JSON_NAMESPACE_BEGIN
[build]       | ^
[build] C:\Users\pperv\code\unnamed_rpg\vendor\json\include\nlohmann/detail/abi_macros.hpp(102,17): note: expanded from macro 'NLOHMANN_JSON_NAMESPACE_BEGIN'
[build]   102 |                 NLOHMANN_JSON_ABI_TAGS,              \
[build]       |                 ^
[build] C:\Users\pperv\code\unnamed_rpg\vendor\json\include\nlohmann/detail/abi_macros.hpp(65,5): note: expanded from macro 'NLOHMANN_JSON_ABI_TAGS'
[build]    65 |     NLOHMANN_JSON_ABI_TAGS_CONCAT(                                   \
[build]       |     ^
[build] C:\Users\pperv\code\unnamed_rpg\vendor\json\include\nlohmann/detail/abi_macros.hpp(62,39): note: expanded from macro 'NLOHMANN_JSON_ABI_TAGS_CONCAT'
[build]    62 |     NLOHMANN_JSON_ABI_TAGS_CONCAT_EX(a, b, c)
[build]       |                                       ^
[build] In file included from C:\Users\pperv\code\unnamed_rpg\vendor\json-schema-validator\src\json-patch.cpp:1:
[build] In file included from C:\Users\pperv\code\unnamed_rpg\vendor\json-schema-validator\src\json-patch.hpp:3:
[build] In file included from C:\Users\pperv\code\unnamed_rpg\vendor\json\include\nlohmann/json.hpp:44:
[build] In file included from C:\Users\pperv\code\unnamed_rpg\vendor\json\include\nlohmann/adl_serializer.hpp:14:
[build] In file included from C:\Users\pperv\code\unnamed_rpg\vendor\json\include\nlohmann/detail/conversions/from_json.hpp:24:
[build] In file included from C:\Users\pperv\code\unnamed_rpg\vendor\json\include\nlohmann/detail/exceptions.hpp:25:
[build] C:\Users\pperv\code\unnamed_rpg\vendor\json\include\nlohmann/detail/meta/type_traits.hpp(31,1): warning: empty macro arguments are incompatible with C++98 [-Wc++98-compat-pedantic]
[build] C:\Users\pperv\code\unnamed_rpg\vendor\json\include\nlohmann/detail/abi_macros.hpp(102,17): note: expanded from macro 'NLOHMANN_JSON_NAMESPACE_BEGIN'
[build]   102 |                 NLOHMANN_JSON_ABI_TAGS,              \
[build]       |                 ^
[build] C:\Users\pperv\code\unnamed_rpg\vendor\json\include\nlohmann/detail/abi_macros.hpp(65,5): note: expanded from macro 'NLOHMANN_JSON_ABI_TAGS'
[build]    65 |     NLOHMANN_JSON_ABI_TAGS_CONCAT(                                   \
[build]       |     ^
[build] C:\Users\pperv\code\unnamed_rpg\vendor\json\include\nlohmann/detail/abi_macros.hpp(62,42): note: expanded from macro 'NLOHMANN_JSON_ABI_TAGS_CONCAT'
[build]    62 |     NLOHMANN_JSON_ABI_TAGS_CONCAT_EX(a, b, c)
[build]       |                                          ^
[build] In file included from C:\Users\pperv\code\unnamed_rpg\vendor\json-schema-validator\src\json-patch.cpp:1:
[build] In file included from C:\Users\pperv\code\unnamed_rpg\vendor\json-schema-validator\src\json-patch.hpp:3:
[build] In file included from C:\Users\pperv\code\unnamed_rpg\vendor\json\include\nlohmann/json.hpp:44:
[build] In file included from C:\Users\pperv\code\unnamed_rpg\vendor\json\include\nlohmann/adl_serializer.hpp:14:
[build] In file included from C:\Users\pperv\code\unnamed_rpg\vendor\json\include\nlohmann/detail/conversions/from_json.hpp:24:
[build] In file included from C:\Users\pperv\code\unnamed_rpg\vendor\json\include\nlohmann/detail/exceptions.hpp:25:
[build] C:\Users\pperv\code\unnamed_rpg\vendor\json\include\nlohmann/detail/meta/type_traits.hpp(31,1): warning: empty macro arguments are incompatible with C++98 [-Wc++98-compat-pedantic]
[build] C:\Users\pperv\code\unnamed_rpg\vendor\json\include\nlohmann/detail/abi_macros.hpp(102,17): note: expanded from macro 'NLOHMANN_JSON_NAMESPACE_BEGIN'
[build]   102 |                 NLOHMANN_JSON_ABI_TAGS,              \
[build]       |                 ^
[build] C:\Users\pperv\code\unnamed_rpg\vendor\json\include\nlohmann/detail/abi_macros.hpp(65,5): note: expanded from macro 'NLOHMANN_JSON_ABI_TAGS'
[build]    65 |     NLOHMANN_JSON_ABI_TAGS_CONCAT(                                   \
[build]       |     ^
[build] C:\Users\pperv\code\unnamed_rpg\vendor\json\include\nlohmann/detail/abi_macros.hpp(62,45): note: expanded from macro 'NLOHMANN_JSON_ABI_TAGS_CONCAT'
[build]    62 |     NLOHMANN_JSON_ABI_TAGS_CONCAT_EX(a, b, c)
[build]       |                                             ^
[build] In file included from C:\Users\pperv\code\unnamed_rpg\vendor\json-schema-validator\src\json-patch.cpp:1:
[build] In file included from C:\Users\pperv\code\unnamed_rpg\vendor\json-schema-validator\src\json-patch.hpp:3:
[build] In file included from C:\Users\pperv\code\unnamed_rpg\vendor\json\include\nlohmann/json.hpp:44:
[build] In file included from C:\Users\pperv\code\unnamed_rpg\vendor\json\include\nlohmann/adl_serializer.hpp:14:
[build] In file included from C:\Users\pperv\code\unnamed_rpg\vendor\json\include\nlohmann/detail/conversions/from_json.hpp:24:
[build] In file included from C:\Users\pperv\code\unnamed_rpg\vendor\json\include\nlohmann/detail/exceptions.hpp:25:
[build] C:\Users\pperv\code\unnamed_rpg\vendor\json\include\nlohmann/detail/meta/type_traits.hpp(31,1): warning: inline namespaces are incompatible with C++98 [-Wc++98-compat]
[build] C:\Users\pperv\code\unnamed_rpg\vendor\json\include\nlohmann/detail/abi_macros.hpp(101,5): note: expanded from macro 'NLOHMANN_JSON_NAMESPACE_BEGIN'
[build]   101 |     inline namespace NLOHMANN_JSON_NAMESPACE_CONCAT( \
[build]       |     ^
[build] In file included from C:\Users\pperv\code\unnamed_rpg\vendor\json-schema-validator\src\json-patch.cpp:1:
[build] In file included from C:\Users\pperv\code\unnamed_rpg\vendor\json-schema-validator\src\json-patch.hpp:3:
[build] In file included from C:\Users\pperv\code\unnamed_rpg\vendor\json\include\nlohmann/json.hpp:44:
[build] In file included from C:\Users\pperv\code\unnamed_rpg\vendor\json\include\nlohmann/adl_serializer.hpp:14:
[build] In file included from C:\Users\pperv\code\unnamed_rpg\vendor\json\include\nlohmann/detail/conversions/from_json.hpp:24:
[build] In file included from C:\Users\pperv\code\unnamed_rpg\vendor\json\include\nlohmann/detail/exceptions.hpp:25:
[build] C:\Users\pperv\code\unnamed_rpg\vendor\json\include\nlohmann/detail/meta/type_traits.hpp(58,1): warning: variadic templates are incompatible with C++98 [-Wc++98-compat]
[build]    58 | NLOHMANN_BASIC_JSON_TPL_DECLARATION
[build]       | ^
[build] C:\Users\pperv\code\unnamed_rpg\vendor\json\include\nlohmann/detail/macro_scope.hpp(337,51): note: expanded from macro 'NLOHMANN_BASIC_JSON_TPL_DECLARATION'
[build]   337 |     template<template<typename, typename, typename...> class ObjectType,   \
[build]       |                                                   ^
[build] In file included from C:\Users\pperv\code\unnamed_rpg\vendor\json-schema-validator\src\json-patch.cpp:1:
[build] In file included from C:\Users\pperv\code\unnamed_rpg\vendor\json-schema-validator\src\json-patch.hpp:3:
[build] In file included from C:\Users\pperv\code\unnamed_rpg\vendor\json\include\nlohmann/json.hpp:44:
[build] In file included from C:\Users\pperv\code\unnamed_rpg\vendor\json\include\nlohmann/adl_serializer.hpp:14:
[build] In file included from C:\Users\pperv\code\unnamed_rpg\vendor\json\include\nlohmann/detail/conversions/from_json.hpp:24:
[build] In file included from C:\Users\pperv\code\unnamed_rpg\vendor\json\include\nlohmann/detail/exceptions.hpp:25:
[build] C:\Users\pperv\code\unnamed_rpg\vendor\json\include\nlohmann/detail/meta/type_traits.hpp(58,1): warning: variadic templates are incompatible with C++98 [-Wc++98-compat]
[build] C:\Users\pperv\code\unnamed_rpg\vendor\json\include\nlohmann/detail/macro_scope.hpp(338,41): note: expanded from macro 'NLOHMANN_BASIC_JSON_TPL_DECLARATION'
[build]   338 |              template<typename, typename...> class ArrayType,              \
[build]       |                                         ^
[build] In file included from C:\Users\pperv\code\unnamed_rpg\vendor\json-schema-validator\src\json-patch.cpp:1:
[build] In file included from C:\Users\pperv\code\unnamed_rpg\vendor\json-schema-validator\src\json-patch.hpp:3:
[build] In file included from C:\Users\pperv\code\unnamed_rpg\vendor\json\include\nlohmann/json.hpp:44:
[build] In file included from C:\Users\pperv\code\unnamed_rpg\vendor\json\include\nlohmann/adl_serializer.hpp:14:
[build] In file included from C:\Users\pperv\code\unnamed_rpg\vendor\json\include\nlohmann/detail/conversions/from_json.hpp:24:
[build] In file included from C:\Users\pperv\code\unnamed_rpg\vendor\json\include\nlohmann/detail/exceptions.hpp:25:
[build] C:\Users\pperv\code\unnamed_rpg\vendor\json\include\nlohmann/detail/meta/type_traits.hpp(82,30): warning: consecutive right angle brackets are incompatible with C++98 (use '> >') [-Wc++98-compat]
[build]    82 | struct is_json_ref<json_ref<T>> : std::true_type {};
[build]       |                              ^~
[build]       |                              > >
[build] C:\Users\pperv\code\unnamed_rpg\vendor\json\include\nlohmann/detail/meta/type_traits.hpp(89,23): warning: alias declarations are incompatible with C++98 [-Wc++98-compat]
[build]    89 | using mapped_type_t = typename T::mapped_type;
[build]       |                       ^
[build] C:\Users\pperv\code\unnamed_rpg\vendor\json\include\nlohmann/detail/meta/type_traits.hpp(92,20): warning: alias declarations are incompatible with C++98 [-Wc++98-compat]
[build]    92 | using key_type_t = typename T::key_type;
[build]       |                    ^
[build] C:\Users\pperv\code\unnamed_rpg\vendor\json\include\nlohmann/detail/meta/type_traits.hpp(95,22): warning: alias declarations are incompatible with C++98 [-Wc++98-compat]
[build]    95 | using value_type_t = typename T::value_type;
[build]       |                      ^
[build] C:\Users\pperv\code\unnamed_rpg\vendor\json\include\nlohmann/detail/meta/type_traits.hpp(98,27): warning: alias declarations are incompatible with C++98 [-Wc++98-compat]
[build]    98 | using difference_type_t = typename T::difference_type;
[build]       |                           ^
[build] C:\Users\pperv\code\unnamed_rpg\vendor\json\include\nlohmann/detail/meta/type_traits.hpp(101,19): warning: alias declarations are incompatible with C++98 [-Wc++98-compat]
[build]   101 | using pointer_t = typename T::pointer;
[build]       |                   ^
[build] C:\Users\pperv\code\unnamed_rpg\vendor\json\include\nlohmann/detail/meta/type_traits.hpp(104,21): warning: alias declarations are incompatible with C++98 [-Wc++98-compat]
[build]   104 | using reference_t = typename T::reference;
[build]       |                     ^
[build] C:\Users\pperv\code\unnamed_rpg\vendor\json\include\nlohmann/detail/meta/type_traits.hpp(107,29): warning: alias declarations are incompatible with C++98 [-Wc++98-compat]
[build]   107 | using iterator_category_t = typename T::iterator_category;
[build]       |                             ^
[build] C:\Users\pperv\code\unnamed_rpg\vendor\json\include\nlohmann/detail/meta/type_traits.hpp(109,30): warning: variadic templates are incompatible with C++98 [-Wc++98-compat]
[build]   109 | template<typename T, typename... Args>
[build]       |                              ^
[build] C:\Users\pperv\code\unnamed_rpg\vendor\json\include\nlohmann/detail/meta/type_traits.hpp(110,26): warning: alias declarations are incompatible with C++98 [-Wc++98-compat]
[build]   110 | using to_json_function = decltype(T::to_json(std::declval<Args>()...));
[build]       |                          ^
[build] C:\Users\pperv\code\unnamed_rpg\vendor\json\include\nlohmann/detail/meta/type_traits.hpp(110,26): warning: 'decltype' type specifier is incompatible with C++98 [-Wc++98-compat]
[build] C:\Users\pperv\code\unnamed_rpg\vendor\json\include\nlohmann/detail/meta/type_traits.hpp(112,30): warning: variadic templates are incompatible with C++98 [-Wc++98-compat]
[build]   112 | template<typename T, typename... Args>
[build]       |                              ^
[build] C:\Users\pperv\code\unnamed_rpg\vendor\json\include\nlohmann/detail/meta/type_traits.hpp(113,28): warning: alias declarations are incompatible with C++98 [-Wc++98-compat]
[build]   113 | using from_json_function = decltype(T::from_json(std::declval<Args>()...));
[build]       |                            ^
[build] C:\Users\pperv\code\unnamed_rpg\vendor\json\include\nlohmann/detail/meta/type_traits.hpp(113,28): warning: 'decltype' type specifier is incompatible with C++98 [-Wc++98-compat]
[build] C:\Users\pperv\code\unnamed_rpg\vendor\json\include\nlohmann/detail/meta/type_traits.hpp(116,31): warning: alias declarations are incompatible with C++98 [-Wc++98-compat]
[build]   116 | using get_template_function = decltype(std::declval<T>().template get<U>());
[build]       |                               ^
[build] C:\Users\pperv\code\unnamed_rpg\vendor\json\include\nlohmann/detail/meta/type_traits.hpp(116,31): warning: 'decltype' type specifier is incompatible with C++98 [-Wc++98-compat]
[build] C:\Users\pperv\code\unnamed_rpg\vendor\json\include\nlohmann/detail/meta/type_traits.hpp(129,12): warning: 'constexpr' specifier is incompatible with C++98 [-Wc++98-compat]
[build]   129 |     static constexpr bool value = is_detected<get_template_function, const BasicJsonType&, T>::value;
[build]       |            ^
[build] C:\Users\pperv\code\unnamed_rpg\vendor\json\include\nlohmann/detail/meta/type_traits.hpp(133,81): warning: consecutive right angle brackets are incompatible with C++98 (use '> >') [-Wc++98-compat]
[build]   133 | struct has_from_json < BasicJsonType, T, enable_if_t < !is_basic_json<T>::value >>
[build]       |                                                                                 ^~
[build]       |                                                                                 > >
[build] C:\Users\pperv\code\unnamed_rpg\vendor\json\include\nlohmann/detail/meta/type_traits.hpp(135,24): warning: alias declarations are incompatible with C++98 [-Wc++98-compat]
[build]   135 |     using serializer = typename BasicJsonType::template json_serializer<T, void>;
[build]       |                        ^
[build] C:\Users\pperv\code\unnamed_rpg\vendor\json\include\nlohmann/detail/meta/type_traits.hpp(137,12): warning: 'constexpr' specifier is incompatible with C++98 [-Wc++98-compat]
[build]   137 |     static constexpr bool value =
[build]       |            ^
[build] C:\Users\pperv\code\unnamed_rpg\vendor\json\include\nlohmann/detail/meta/type_traits.hpp(148,93): warning: consecutive right angle brackets are incompatible with C++98 (use '> >') [-Wc++98-compat]
[build]   148 | struct has_non_default_from_json < BasicJsonType, T, enable_if_t < !is_basic_json<T>::value >>
[build]       |                                                                                             ^~
[build]       |                                                                                             > >
[build] C:\Users\pperv\code\unnamed_rpg\vendor\json\include\nlohmann/detail/meta/type_traits.hpp(150,24): warning: alias declarations are incompatible with C++98 [-Wc++98-compat]
[build]   150 |     using serializer = typename BasicJsonType::template json_serializer<T, void>;
[build]       |                        ^
[build] C:\Users\pperv\code\unnamed_rpg\vendor\json\include\nlohmann/detail/meta/type_traits.hpp(152,12): warning: 'constexpr' specifier is incompatible with C++98 [-Wc++98-compat]
[build]   152 |     static constexpr bool value =
[build]       |            ^
[build] C:\Users\pperv\code\unnamed_rpg\vendor\json\include\nlohmann/detail/meta/type_traits.hpp(163,79): warning: consecutive right angle brackets are incompatible with C++98 (use '> >') [-Wc++98-compat]
[build]   163 | struct has_to_json < BasicJsonType, T, enable_if_t < !is_basic_json<T>::value >>
[build]       |                                                                               ^~
[build]       |                                                                               > >
[build] C:\Users\pperv\code\unnamed_rpg\vendor\json\include\nlohmann/detail/meta/type_traits.hpp(165,24): warning: alias declarations are incompatible with C++98 [-Wc++98-compat]
[build]   165 |     using serializer = typename BasicJsonType::template json_serializer<T, void>;
[build]       |                        ^
[build] C:\Users\pperv\code\unnamed_rpg\vendor\json\include\nlohmann/detail/meta/type_traits.hpp(167,12): warning: 'constexpr' specifier is incompatible with C++98 [-Wc++98-compat]
[build]   167 |     static constexpr bool value =
[build]       |            ^
[build] C:\Users\pperv\code\unnamed_rpg\vendor\json\include\nlohmann/detail/meta/type_traits.hpp(173,28): warning: alias declarations are incompatible with C++98 [-Wc++98-compat]
[build]   173 | using detect_key_compare = typename T::key_compare;
[build]       |                            ^
[build] C:\Users\pperv\code\unnamed_rpg\vendor\json\include\nlohmann/detail/meta/type_traits.hpp(182,22): warning: alias declarations are incompatible with C++98 [-Wc++98-compat]
[build]   182 |     using object_t = typename BasicJsonType::object_t;
[build]       |                      ^
[build] C:\Users\pperv\code\unnamed_rpg\vendor\json\include\nlohmann/detail/meta/type_traits.hpp(183,33): warning: alias declarations are incompatible with C++98 [-Wc++98-compat]
[build]   183 |     using object_comparator_t = typename BasicJsonType::default_object_comparator_t;
[build]       |                                 ^
[build] C:\Users\pperv\code\unnamed_rpg\vendor\json\include\nlohmann/detail/meta/type_traits.hpp(184,18): warning: alias declarations are incompatible with C++98 [-Wc++98-compat]
[build]   184 |     using type = typename std::conditional < has_key_compare<object_t>::value,
[build]       |                  ^
[build] C:\Users\pperv\code\unnamed_rpg\vendor\json\include\nlohmann/detail/meta/type_traits.hpp(189,36): warning: alias declarations are incompatible with C++98 [-Wc++98-compat]
[build]   189 | using actual_object_comparator_t = typename actual_object_comparator<BasicJsonType>::type;
[build]       |                                    ^
[build] C:\Users\pperv\code\unnamed_rpg\vendor\json\include\nlohmann/detail/meta/type_traits.hpp(204,23): warning: alias declarations are incompatible with C++98 [-Wc++98-compat]
[build]   204 |     using char_type = unsigned char;
[build]       |                       ^
[build] C:\Users\pperv\code\unnamed_rpg\vendor\json\include\nlohmann/detail/meta/type_traits.hpp(205,22): warning: alias declarations are incompatible with C++98 [-Wc++98-compat]
[build]   205 |     using int_type = uint64_t;
[build]       |                      ^
[build] C:\Users\pperv\code\unnamed_rpg\vendor\json\include\nlohmann/detail/meta/type_traits.hpp(209,5): warning: noexcept specifications are incompatible with C++98 [-Wc++98-compat]
[build]   209 |     {
[build]       |     ^
[build] C:\Users\pperv\code\unnamed_rpg\vendor\json\include\nlohmann/detail/meta/type_traits.hpp(214,5): warning: noexcept specifications are incompatible with C++98 [-Wc++98-compat]
[build]   214 |     {
[build]       |     ^
[build] C:\Users\pperv\code\unnamed_rpg\vendor\json\include\nlohmann/detail/meta/type_traits.hpp(218,12): warning: 'constexpr' specifier is incompatible with C++98 [-Wc++98-compat]
[build]   218 |     static constexpr int_type eof() noexcept
[build]       |            ^
[build] C:\Users\pperv\code\unnamed_rpg\vendor\json\include\nlohmann/detail/meta/type_traits.hpp(219,5): warning: noexcept specifications are incompatible with C++98 [-Wc++98-compat]
[build]   219 |     {
[build]       |     ^
[build] C:\Users\pperv\code\unnamed_rpg\vendor\json\include\nlohmann/detail/meta/type_traits.hpp(228,23): warning: alias declarations are incompatible with C++98 [-Wc++98-compat]
[build]   228 |     using char_type = signed char;
[build]       |                       ^
[build] C:\Users\pperv\code\unnamed_rpg\vendor\json\include\nlohmann/detail/meta/type_traits.hpp(229,22): warning: alias declarations are incompatible with C++98 [-Wc++98-compat]
[build]   229 |     using int_type = uint64_t;
[build]       |                      ^
[build] C:\Users\pperv\code\unnamed_rpg\vendor\json\include\nlohmann/detail/meta/type_traits.hpp(233,5): warning: noexcept specifications are incompatible with C++98 [-Wc++98-compat]
[build]   233 |     {
[build]       |     ^
[build] C:\Users\pperv\code\unnamed_rpg\vendor\json\include\nlohmann/detail/meta/type_traits.hpp(240,5): warning: noexcept specifications are incompatible with C++98 [-Wc++98-compat]
[build]   240 |     {
[build]       |     ^
[build] C:\Users\pperv\code\unnamed_rpg\vendor\json\include\nlohmann/detail/meta/type_traits.hpp(244,12): warning: 'constexpr' specifier is incompatible with C++98 [-Wc++98-compat]
[build]   244 |     static constexpr int_type eof() noexcept
[build]       |            ^
[build] C:\Users\pperv\code\unnamed_rpg\vendor\json\include\nlohmann/detail/meta/type_traits.hpp(245,5): warning: noexcept specifications are incompatible with C++98 [-Wc++98-compat]
[build]   245 |     {
[build]       |     ^
[build] C:\Users\pperv\code\unnamed_rpg\vendor\json\include\nlohmann/detail/meta/type_traits.hpp(279,15): warning: variadic templates are incompatible with C++98 [-Wc++98-compat]
[build]   279 | template<class...> struct conjunction : std::true_type { };
[build]       |               ^
[build] C:\Users\pperv\code\unnamed_rpg\vendor\json\include\nlohmann/detail/meta/type_traits.hpp(281,24): warning: variadic templates are incompatible with C++98 [-Wc++98-compat]
[build]   281 | template<class B, class... Bn>
[build]       |                        ^
[build] C:\Users\pperv\code\unnamed_rpg\vendor\json\include\nlohmann/detail/meta/type_traits.hpp(295,49): warning: consecutive right angle brackets are incompatible with C++98 (use '> >') [-Wc++98-compat]
[build]   295 | struct is_default_constructible<std::pair<T1, T2>>
[build]       |                                                 ^~
[build]       |                                                 > >
[build] C:\Users\pperv\code\unnamed_rpg\vendor\json\include\nlohmann/detail/meta/type_traits.hpp(296,76): warning: consecutive right angle brackets are incompatible with C++98 (use '> >') [-Wc++98-compat]
[build]   296 |     : conjunction<is_default_constructible<T1>, is_default_constructible<T2>> {};
[build]       |                                                                            ^~
[build]       |                                                                            > >
[build] C:\Users\pperv\code\unnamed_rpg\vendor\json\include\nlohmann/detail/meta/type_traits.hpp(299,55): warning: consecutive right angle brackets are incompatible with C++98 (use '> >') [-Wc++98-compat]
[build]   299 | struct is_default_constructible<const std::pair<T1, T2>>
[build]       |                                                       ^~
[build]       |                                                       > >
[build] C:\Users\pperv\code\unnamed_rpg\vendor\json\include\nlohmann/detail/meta/type_traits.hpp(300,76): warning: consecutive right angle brackets are incompatible with C++98 (use '> >') [-Wc++98-compat]
[build]   300 |     : conjunction<is_default_constructible<T1>, is_default_constructible<T2>> {};
[build]       |                                                                            ^~
[build]       |                                                                            > >
[build] C:\Users\pperv\code\unnamed_rpg\vendor\json\include\nlohmann/detail/meta/type_traits.hpp(302,19): warning: variadic templates are incompatible with C++98 [-Wc++98-compat]
[build]   302 | template <typename... Ts>
[build]       |                   ^
[build] C:\Users\pperv\code\unnamed_rpg\vendor\json\include\nlohmann/detail/meta/type_traits.hpp(303,49): warning: consecutive right angle brackets are incompatible with C++98 (use '> >') [-Wc++98-compat]
[build]   303 | struct is_default_constructible<std::tuple<Ts...>>
[build]       |                                                 ^~
[build]       |                                                 > >
[build] C:\Users\pperv\code\unnamed_rpg\vendor\json\include\nlohmann/detail/meta/type_traits.hpp(306,19): warning: variadic templates are incompatible with C++98 [-Wc++98-compat]
[build]   306 | template <typename... Ts>
[build]       |                   ^
[build] C:\Users\pperv\code\unnamed_rpg\vendor\json\include\nlohmann/detail/meta/type_traits.hpp(307,55): warning: consecutive right angle brackets are incompatible with C++98 (use '> >') [-Wc++98-compat]
[build]   307 | struct is_default_constructible<const std::tuple<Ts...>>
[build]       |                                                       ^~
[build]       |                                                       > >
[build] C:\Users\pperv\code\unnamed_rpg\vendor\json\include\nlohmann/detail/meta/type_traits.hpp(310,31): warning: variadic templates are incompatible with C++98 [-Wc++98-compat]
[build]   310 | template <typename T, typename... Args>
[build]       |                               ^
[build] C:\Users\pperv\code\unnamed_rpg\vendor\json\include\nlohmann/detail/meta/type_traits.hpp(314,41): warning: consecutive right angle brackets are incompatible with C++98 (use '> >') [-Wc++98-compat]
[build]   314 | struct is_constructible<std::pair<T1, T2>> : is_default_constructible<std::pair<T1, T2>> {};
[build]       |                                         ^~
[build]       |                                         > >
[build] C:\Users\pperv\code\unnamed_rpg\vendor\json\include\nlohmann/detail/meta/type_traits.hpp(314,87): warning: consecutive right angle brackets are incompatible with C++98 (use '> >') [-Wc++98-compat]
[build]   314 | struct is_constructible<std::pair<T1, T2>> : is_default_constructible<std::pair<T1, T2>> {};
[build]       |                                                                                       ^~
[build]       |                                                                                       > >
[build] C:\Users\pperv\code\unnamed_rpg\vendor\json\include\nlohmann/detail/meta/type_traits.hpp(317,47): warning: consecutive right angle brackets are incompatible with C++98 (use '> >') [-Wc++98-compat]
[build]   317 | struct is_constructible<const std::pair<T1, T2>> : is_default_constructible<const std::pair<T1, T2>> {};
[build]       |                                               ^~
[build]       |                                               > >
[build] C:\Users\pperv\code\unnamed_rpg\vendor\json\include\nlohmann/detail/meta/type_traits.hpp(317,99): warning: consecutive right angle brackets are incompatible with C++98 (use '> >') [-Wc++98-compat]
[build]   317 | struct is_constructible<const std::pair<T1, T2>> : is_default_constructible<const std::pair<T1, T2>> {};
[build]       |                                                                                                   ^~
[build]       |                                                                                                   > >
[build] C:\Users\pperv\code\unnamed_rpg\vendor\json\include\nlohmann/detail/meta/type_traits.hpp(319,19): warning: variadic templates are incompatible with C++98 [-Wc++98-compat]
[build]   319 | template <typename... Ts>
[build]       |                   ^
[build] C:\Users\pperv\code\unnamed_rpg\vendor\json\include\nlohmann/detail/meta/type_traits.hpp(320,41): warning: consecutive right angle brackets are incompatible with C++98 (use '> >') [-Wc++98-compat]
[build]   320 | struct is_constructible<std::tuple<Ts...>> : is_default_constructible<std::tuple<Ts...>> {};
[build]       |                                         ^~
[build]       |                                         > >
[build] C:\Users\pperv\code\unnamed_rpg\vendor\json\include\nlohmann/detail/meta/type_traits.hpp(320,87): warning: consecutive right angle brackets are incompatible with C++98 (use '> >') [-Wc++98-compat]
[build]   320 | struct is_constructible<std::tuple<Ts...>> : is_default_constructible<std::tuple<Ts...>> {};
[build]       |                                                                                       ^~
[build]       |                                                                                       > >
[build] C:\Users\pperv\code\unnamed_rpg\vendor\json\include\nlohmann/detail/meta/type_traits.hpp(322,19): warning: variadic templates are incompatible with C++98 [-Wc++98-compat]
[build]   322 | template <typename... Ts>
[build]       |                   ^
[build] C:\Users\pperv\code\unnamed_rpg\vendor\json\include\nlohmann/detail/meta/type_traits.hpp(323,47): warning: consecutive right angle brackets are incompatible with C++98 (use '> >') [-Wc++98-compat]
[build]   323 | struct is_constructible<const std::tuple<Ts...>> : is_default_constructible<const std::tuple<Ts...>> {};
[build]       |                                               ^~
[build]       |                                               > >
[build] C:\Users\pperv\code\unnamed_rpg\vendor\json\include\nlohmann/detail/meta/type_traits.hpp(323,99): warning: consecutive right angle brackets are incompatible with C++98 (use '> >') [-Wc++98-compat]
[build]   323 | struct is_constructible<const std::tuple<Ts...>> : is_default_constructible<const std::tuple<Ts...>> {};
[build]       |                                                                                                   ^~
[build]       |                                                                                                   > >
[build] C:\Users\pperv\code\unnamed_rpg\vendor\json\include\nlohmann/detail/meta/type_traits.hpp(329,44): warning: consecutive right angle brackets are incompatible with C++98 (use '> >') [-Wc++98-compat]
[build]   329 | struct is_iterator_traits<iterator_traits<T>>
[build]       |                                            ^~
[build]       |                                            > >
[build] C:\Users\pperv\code\unnamed_rpg\vendor\json\include\nlohmann/detail/meta/type_traits.hpp(332,20): warning: alias declarations are incompatible with C++98 [-Wc++98-compat]
[build]   332 |     using traits = iterator_traits<T>;
[build]       |                    ^
[build] C:\Users\pperv\code\unnamed_rpg\vendor\json\include\nlohmann/detail/meta/type_traits.hpp(335,12): warning: 'constexpr' specifier is incompatible with C++98 [-Wc++98-compat]
[build]   335 |     static constexpr auto value =
[build]       |            ^
[build] C:\Users\pperv\code\unnamed_rpg\vendor\json\include\nlohmann/detail/meta/type_traits.hpp(335,22): warning: 'auto' type specifier is incompatible with C++98 [-Wc++98-compat]
[build]   335 |     static constexpr auto value =
[build]       |                      ^~~~
[build] C:\Users\pperv\code\unnamed_rpg\vendor\json\include\nlohmann/detail/meta/type_traits.hpp(347,19): warning: alias declarations are incompatible with C++98 [-Wc++98-compat]
[build]   347 |     using t_ref = typename std::add_lvalue_reference<T>::type;
[build]       |                   ^
[build] C:\Users\pperv\code\unnamed_rpg\vendor\json\include\nlohmann/detail/meta/type_traits.hpp(349,22): warning: alias declarations are incompatible with C++98 [-Wc++98-compat]
[build]   349 |     using iterator = detected_t<result_of_begin, t_ref>;
[build]       |                      ^
[build] C:\Users\pperv\code\unnamed_rpg\vendor\json\include\nlohmann/detail/meta/type_traits.hpp(350,22): warning: alias declarations are incompatible with C++98 [-Wc++98-compat]
[build]   350 |     using sentinel = detected_t<result_of_end, t_ref>;
[build]       |                      ^
[build] C:\Users\pperv\code\unnamed_rpg\vendor\json\include\nlohmann/detail/meta/type_traits.hpp(355,12): warning: 'constexpr' specifier is incompatible with C++98 [-Wc++98-compat]
[build]   355 |     static constexpr auto is_iterator_begin =
[build]       |            ^
[build] C:\Users\pperv\code\unnamed_rpg\vendor\json\include\nlohmann/detail/meta/type_traits.hpp(355,22): warning: 'auto' type specifier is incompatible with C++98 [-Wc++98-compat]
[build]   355 |     static constexpr auto is_iterator_begin =
[build]       |                      ^~~~
[build] C:\Users\pperv\code\unnamed_rpg\vendor\json\include\nlohmann/detail/meta/type_traits.hpp(356,52): warning: consecutive right angle brackets are incompatible with C++98 (use '> >') [-Wc++98-compat]
[build]   356 |         is_iterator_traits<iterator_traits<iterator>>::value;
[build]       |                                                    ^~
[build]       |                                                    > >
[build] C:\Users\pperv\code\unnamed_rpg\vendor\json\include\nlohmann/detail/meta/type_traits.hpp(359,12): warning: 'constexpr' specifier is incompatible with C++98 [-Wc++98-compat]
[build]   359 |     static constexpr bool value = !std::is_same<iterator, nonesuch>::value && !std::is_same<sentinel, nonesuch>::value && is_iterator_begin;
[build]       |            ^
[build] C:\Users\pperv\code\unnamed_rpg\vendor\json\include\nlohmann/detail/meta/type_traits.hpp(363,20): warning: alias declarations are incompatible with C++98 [-Wc++98-compat]
[build]   363 | using iterator_t = enable_if_t<is_range<R>::value, result_of_begin<decltype(std::declval<R&>())>>;
[build]       |                    ^
[build] C:\Users\pperv\code\unnamed_rpg\vendor\json\include\nlohmann/detail/meta/type_traits.hpp(363,68): warning: 'decltype' type specifier is incompatible with C++98 [-Wc++98-compat]
[build]   363 | using iterator_t = enable_if_t<is_range<R>::value, result_of_begin<decltype(std::declval<R&>())>>;
[build]       |                                                                    ^
[build] C:\Users\pperv\code\unnamed_rpg\vendor\json\include\nlohmann/detail/meta/type_traits.hpp(363,96): warning: consecutive right angle brackets are incompatible with C++98 (use '> >') [-Wc++98-compat]
[build]   363 | using iterator_t = enable_if_t<is_range<R>::value, result_of_begin<decltype(std::declval<R&>())>>;
[build]       |                                                                                                ^~
[build]       |                                                                                                > >
[build] C:\Users\pperv\code\unnamed_rpg\vendor\json\include\nlohmann/detail/meta/type_traits.hpp(366,23): warning: alias declarations are incompatible with C++98 [-Wc++98-compat]
[build]   366 | using range_value_t = value_type_t<iterator_traits<iterator_t<T>>>;
[build]       |                       ^
[build] C:\Users\pperv\code\unnamed_rpg\vendor\json\include\nlohmann/detail/meta/type_traits.hpp(366,64): warning: consecutive right angle brackets are incompatible with C++98 (use '> >') [-Wc++98-compat]
[build]   366 | using range_value_t = value_type_t<iterator_traits<iterator_t<T>>>;
[build]       |                                                                ^~
[build]       |                                                                > > 
[build] C:\Users\pperv\code\unnamed_rpg\vendor\json\include\nlohmann/detail/meta/type_traits.hpp(376,28): warning: 'decltype' type specifier is incompatible with C++98 [-Wc++98-compat]
[build]   376 | struct is_complete_type<T, decltype(void(sizeof(T)))> : std::true_type {};
[build]       |                            ^
[build] C:\Users\pperv\code\unnamed_rpg\vendor\json\include\nlohmann/detail/meta/type_traits.hpp(386,58): warning: consecutive right angle brackets are incompatible with C++98 (use '> >') [-Wc++98-compat]
[build]   386 |     is_detected<key_type_t, CompatibleObjectType>::value >>
[build]       |                                                          ^~
[build]       |                                                          > >
[build] C:\Users\pperv\code\unnamed_rpg\vendor\json\include\nlohmann/detail/meta/type_traits.hpp(388,22): warning: alias declarations are incompatible with C++98 [-Wc++98-compat]
[build]   388 |     using object_t = typename BasicJsonType::object_t;
[build]       |                      ^
[build] C:\Users\pperv\code\unnamed_rpg\vendor\json\include\nlohmann/detail/meta/type_traits.hpp(391,12): warning: 'constexpr' specifier is incompatible with C++98 [-Wc++98-compat]
[build]   391 |     static constexpr bool value =
[build]       |            ^
[build] C:\Users\pperv\code\unnamed_rpg\vendor\json\include\nlohmann/detail/meta/type_traits.hpp(410,61): warning: consecutive right angle brackets are incompatible with C++98 (use '> >') [-Wc++98-compat]
[build]   410 |     is_detected<key_type_t, ConstructibleObjectType>::value >>
[build]       |                                                             ^~
[build]       |                                                             > >
[build] C:\Users\pperv\code\unnamed_rpg\vendor\json\include\nlohmann/detail/meta/type_traits.hpp(412,22): warning: alias declarations are incompatible with C++98 [-Wc++98-compat]
[build]   412 |     using object_t = typename BasicJsonType::object_t;
[build]       |                      ^
[build] C:\Users\pperv\code\unnamed_rpg\vendor\json\include\nlohmann/detail/meta/type_traits.hpp(414,12): warning: 'constexpr' specifier is incompatible with C++98 [-Wc++98-compat]
[build]   414 |     static constexpr bool value =
[build]       |            ^
[build] C:\Users\pperv\code\unnamed_rpg\vendor\json\include\nlohmann/detail/meta/type_traits.hpp(438,12): warning: 'constexpr' specifier is incompatible with C++98 [-Wc++98-compat]
[build]   438 |     static constexpr auto value =
[build]       |            ^
[build] C:\Users\pperv\code\unnamed_rpg\vendor\json\include\nlohmann/detail/meta/type_traits.hpp(438,22): warning: 'auto' type specifier is incompatible with C++98 [-Wc++98-compat]
[build]   438 |     static constexpr auto value =
[build]       |                      ^~~~
[build] C:\Users\pperv\code\unnamed_rpg\vendor\json\include\nlohmann/detail/meta/type_traits.hpp(449,28): warning: alias declarations are incompatible with C++98 [-Wc++98-compat]
[build]   449 |     using laundered_type = ConstructibleStringType;
[build]       |                            ^
[build] C:\Users\pperv\code\unnamed_rpg\vendor\json\include\nlohmann/detail/meta/type_traits.hpp(452,12): warning: 'constexpr' specifier is incompatible with C++98 [-Wc++98-compat]
[build]   452 |     static constexpr auto value =
[build]       |            ^
[build] C:\Users\pperv\code\unnamed_rpg\vendor\json\include\nlohmann/detail/meta/type_traits.hpp(452,22): warning: 'auto' type specifier is incompatible with C++98 [-Wc++98-compat]
[build]   452 |     static constexpr auto value =
[build]       |                      ^~~~
[build] C:\Users\pperv\code\unnamed_rpg\vendor\json\include\nlohmann/detail/meta/type_traits.hpp(456,38): warning: consecutive right angle brackets are incompatible with C++98 (use '> >') [-Wc++98-compat]
[build]   456 |         value_type_t, laundered_type >>::value;
[build]       |                                      ^~
[build]       |                                      > >
[build] C:\Users\pperv\code\unnamed_rpg\vendor\json\include\nlohmann/detail/meta/type_traits.hpp(467,70): warning: consecutive right angle brackets are incompatible with C++98 (use '> >') [-Wc++98-compat]
[build]   467 | template<typename T> struct is_iteration_proxy_type<iteration_proxy<T>>       : std::true_type {};
[build]       |                                                                      ^~
[build]       |                                                                      > >
[build] C:\Users\pperv\code\unnamed_rpg\vendor\json\include\nlohmann/detail/meta/type_traits.hpp(468,76): warning: consecutive right angle brackets are incompatible with C++98 (use '> >') [-Wc++98-compat]
[build]   468 | template<typename T> struct is_iteration_proxy_type<iteration_proxy_value<T>> : std::true_type {};
[build]       |                                                                            ^~
[build]       |                                                                            > >
[build] C:\Users\pperv\code\unnamed_rpg\vendor\json\include\nlohmann/detail/meta/type_traits.hpp(512,82): warning: consecutive right angle brackets are incompatible with C++98 (use '> >') [-Wc++98-compat]
[build]   512 |     is_iterator_traits<iterator_traits<detected_t<iterator_t, CompatibleArrayType>>>::value&&
[build]       |                                                                                  ^~
[build]       |                                                                                  > > 
[build] C:\Users\pperv\code\unnamed_rpg\vendor\json\include\nlohmann/detail/meta/type_traits.hpp(515,85): warning: consecutive right angle brackets are incompatible with C++98 (use '> >') [-Wc++98-compat]
[build]   515 |     !std::is_same<CompatibleArrayType, detected_t<range_value_t, CompatibleArrayType>>::value
[build]       |                                                                                     ^~
[build]       |                                                                                     > >
[build] C:\Users\pperv\code\unnamed_rpg\vendor\json\include\nlohmann/detail/meta/type_traits.hpp(523,13): warning: consecutive right angle brackets are incompatible with C++98 (use '> >') [-Wc++98-compat]
[build]   523 |             >>
[build]       |             ^~
[build]       |             > >
[build] C:\Users\pperv\code\unnamed_rpg\vendor\json\include\nlohmann/detail/meta/type_traits.hpp(525,12): warning: 'constexpr' specifier is incompatible with C++98 [-Wc++98-compat]
[build]   525 |     static constexpr bool value =
[build]       |            ^
[build] C:\Users\pperv\code\unnamed_rpg\vendor\json\include\nlohmann/detail/meta/type_traits.hpp(527,42): warning: consecutive right angle brackets are incompatible with C++98 (use '> >') [-Wc++98-compat]
[build]   527 |         range_value_t<CompatibleArrayType>>::value;
[build]       |                                          ^~
[build]       |                                          > >
[build] C:\Users\pperv\code\unnamed_rpg\vendor\json\include\nlohmann/detail/meta/type_traits.hpp(558,48): warning: consecutive right angle brackets are incompatible with C++98 (use '> >') [-Wc++98-compat]
[build]   558 |     typename BasicJsonType::value_type>::value >>
[build]       |                                                ^~
[build]       |                                                > >
[build] C:\Users\pperv\code\unnamed_rpg\vendor\json\include\nlohmann/detail/meta/type_traits.hpp(571,81): warning: consecutive right angle brackets are incompatible with C++98 (use '> >') [-Wc++98-compat]
[build]   571 | is_iterator_traits<iterator_traits<detected_t<iterator_t, ConstructibleArrayType>>>::value&&
[build]       |                                                                                 ^~
[build]       |                                                                                 > > 
[build] C:\Users\pperv\code\unnamed_rpg\vendor\json\include\nlohmann/detail/meta/type_traits.hpp(575,87): warning: consecutive right angle brackets are incompatible with C++98 (use '> >') [-Wc++98-compat]
[build]   575 | !std::is_same<ConstructibleArrayType, detected_t<range_value_t, ConstructibleArrayType>>::value&&
[build]       |                                                                                       ^~
[build]       |                                                                                       > >
[build] C:\Users\pperv\code\unnamed_rpg\vendor\json\include\nlohmann/detail/meta/type_traits.hpp(577,50): warning: consecutive right angle brackets are incompatible with C++98 (use '> >') [-Wc++98-compat]
[build]   577 | detected_t<range_value_t, ConstructibleArrayType >>::value >>
[build]       |                                                  ^~
[build]       |                                                  > >
[build] C:\Users\pperv\code\unnamed_rpg\vendor\json\include\nlohmann/detail/meta/type_traits.hpp(577,60): warning: consecutive right angle brackets are incompatible with C++98 (use '> >') [-Wc++98-compat]
[build]   577 | detected_t<range_value_t, ConstructibleArrayType >>::value >>
[build]       |                                                            ^~
[build]       |                                                            > >
[build] C:\Users\pperv\code\unnamed_rpg\vendor\json\include\nlohmann/detail/meta/type_traits.hpp(579,24): warning: alias declarations are incompatible with C++98 [-Wc++98-compat]
[build]   579 |     using value_type = range_value_t<ConstructibleArrayType>;
[build]       |                        ^
[build] C:\Users\pperv\code\unnamed_rpg\vendor\json\include\nlohmann/detail/meta/type_traits.hpp(581,12): warning: 'constexpr' specifier is incompatible with C++98 [-Wc++98-compat]
[build]   581 |     static constexpr bool value =
[build]       |            ^
[build] C:\Users\pperv\code\unnamed_rpg\vendor\json\include\nlohmann/detail/meta/type_traits.hpp(604,61): warning: consecutive right angle brackets are incompatible with C++98 (use '> >') [-Wc++98-compat]
[build]   604 |     !std::is_same<bool, CompatibleNumberIntegerType>::value >>
[build]       |                                                             ^~
[build]       |                                                             > >
[build] C:\Users\pperv\code\unnamed_rpg\vendor\json\include\nlohmann/detail/meta/type_traits.hpp(607,24): warning: alias declarations are incompatible with C++98 [-Wc++98-compat]
[build]   607 |     using RealLimits = std::numeric_limits<RealIntegerType>;
[build]       |                        ^
[build] C:\Users\pperv\code\unnamed_rpg\vendor\json\include\nlohmann/detail/meta/type_traits.hpp(608,30): warning: alias declarations are incompatible with C++98 [-Wc++98-compat]
[build]   608 |     using CompatibleLimits = std::numeric_limits<CompatibleNumberIntegerType>;
[build]       |                              ^
[build] C:\Users\pperv\code\unnamed_rpg\vendor\json\include\nlohmann/detail/meta/type_traits.hpp(610,12): warning: 'constexpr' specifier is incompatible with C++98 [-Wc++98-compat]
[build]   610 |     static constexpr auto value =
[build]       |            ^
[build] C:\Users\pperv\code\unnamed_rpg\vendor\json\include\nlohmann/detail/meta/type_traits.hpp(610,22): warning: 'auto' type specifier is incompatible with C++98 [-Wc++98-compat]
[build]   610 |     static constexpr auto value =
[build]       |                      ^~~~
[build] C:\Users\pperv\code\unnamed_rpg\vendor\json\include\nlohmann/detail/meta/type_traits.hpp(628,57): warning: consecutive right angle brackets are incompatible with C++98 (use '> >') [-Wc++98-compat]
[build]   628 |     enable_if_t<is_complete_type<CompatibleType>::value >>
[build]       |                                                         ^~
[build]       |                                                         > >
[build] C:\Users\pperv\code\unnamed_rpg\vendor\json\include\nlohmann/detail/meta/type_traits.hpp(630,12): warning: 'constexpr' specifier is incompatible with C++98 [-Wc++98-compat]
[build]   630 |     static constexpr bool value =
[build]       |            ^
[build] C:\Users\pperv\code\unnamed_rpg\vendor\json\include\nlohmann/detail/meta/type_traits.hpp(641,12): warning: 'constexpr' specifier is incompatible with C++98 [-Wc++98-compat]
[build]   641 |     static constexpr bool value =
[build]       |            ^
[build] C:\Users\pperv\code\unnamed_rpg\vendor\json\include\nlohmann/detail/meta/type_traits.hpp(643,97): warning: consecutive right angle brackets are incompatible with C++98 (use '> >') [-Wc++98-compat]
[build]   643 |         !std::is_same<typename BasicJsonType::binary_t::container_type, std::vector<std::uint8_t>>::value;
[build]       |                                                                                                 ^~
[build]       |                                                                                                 > >
[build] C:\Users\pperv\code\unnamed_rpg\vendor\json\include\nlohmann/detail/meta/type_traits.hpp(649,22): warning: alias declarations are incompatible with C++98 [-Wc++98-compat]
[build]   649 |     using JsonType = uncvref_t<BasicJsonType>;
[build]       |                      ^
[build] C:\Users\pperv\code\unnamed_rpg\vendor\json\include\nlohmann/detail/meta/type_traits.hpp(650,20): warning: alias declarations are incompatible with C++98 [-Wc++98-compat]
[build]   650 |     using CVType = typename std::remove_reference<CompatibleReferenceType>::type;
[build]       |                    ^
[build] C:\Users\pperv\code\unnamed_rpg\vendor\json\include\nlohmann/detail/meta/type_traits.hpp(651,18): warning: alias declarations are incompatible with C++98 [-Wc++98-compat]
[build]   651 |     using Type = typename std::remove_cv<CVType>::type;
[build]       |                  ^
[build] C:\Users\pperv\code\unnamed_rpg\vendor\json\include\nlohmann/detail/meta/type_traits.hpp(652,5): warning: 'constexpr' specifier is incompatible with C++98 [-Wc++98-compat]
[build]   652 |     constexpr static bool value = std::is_reference<CompatibleReferenceType>::value &&
[build]       |     ^
[build] C:\Users\pperv\code\unnamed_rpg\vendor\json\include\nlohmann/detail/meta/type_traits.hpp(671,31): warning: variadic templates are incompatible with C++98 [-Wc++98-compat]
[build]   671 | template<typename T1, typename... Args>
[build]       |                               ^
[build] C:\Users\pperv\code\unnamed_rpg\vendor\json\include\nlohmann/detail/meta/type_traits.hpp(672,53): warning: consecutive right angle brackets are incompatible with C++98 (use '> >') [-Wc++98-compat]
[build]   672 | struct is_constructible_tuple<T1, std::tuple<Args...>> : conjunction<is_constructible<T1, Args>...> {};
[build]       |                                                     ^~
[build]       |                                                     > >
[build] C:\Users\pperv\code\unnamed_rpg\vendor\json\include\nlohmann/detail/meta/type_traits.hpp(685,28): warning: variadic templates are incompatible with C++98 [-Wc++98-compat]
[build]   685 | template<template <typename...> class Primary, typename T>
[build]       |                            ^
[build] C:\Users\pperv\code\unnamed_rpg\vendor\json\include\nlohmann/detail/meta/type_traits.hpp(688,28): warning: variadic templates are incompatible with C++98 [-Wc++98-compat]
[build]   688 | template<template <typename...> class Primary, typename... Args>
[build]       |                            ^
[build] C:\Users\pperv\code\unnamed_rpg\vendor\json\include\nlohmann/detail/meta/type_traits.hpp(688,56): warning: variadic templates are incompatible with C++98 [-Wc++98-compat]
[build]   688 | template<template <typename...> class Primary, typename... Args>
[build]       |                                                        ^
[build] C:\Users\pperv\code\unnamed_rpg\vendor\json\include\nlohmann/detail/meta/type_traits.hpp(689,53): warning: consecutive right angle brackets are incompatible with C++98 (use '> >') [-Wc++98-compat]
[build]   689 | struct is_specialization_of<Primary, Primary<Args...>> : std::true_type {};
[build]       |                                                     ^~
[build]       |                                                     > >
[build] C:\Users\pperv\code\unnamed_rpg\vendor\json\include\nlohmann/detail/meta/type_traits.hpp(692,25): warning: alias declarations are incompatible with C++98 [-Wc++98-compat]
[build]   692 | using is_json_pointer = is_specialization_of<::nlohmann::json_pointer, uncvref_t<T>>;
[build]       |                         ^
[build] C:\Users\pperv\code\unnamed_rpg\vendor\json\include\nlohmann/detail/meta/type_traits.hpp(692,45): warning: '<::' is treated as digraph '<:' (aka '[') followed by ':' in C++98 [-Wc++98-compat]
[build]   692 | using is_json_pointer = is_specialization_of<::nlohmann::json_pointer, uncvref_t<T>>;
[build]       |                                             ^
[build] C:\Users\pperv\code\unnamed_rpg\vendor\json\include\nlohmann/detail/meta/type_traits.hpp(692,83): warning: consecutive right angle brackets are incompatible with C++98 (use '> >') [-Wc++98-compat]
[build]   692 | using is_json_pointer = is_specialization_of<::nlohmann::json_pointer, uncvref_t<T>>;
[build]       |                                                                                   ^~
[build]       |                                                                                   > >
[build] C:\Users\pperv\code\unnamed_rpg\vendor\json\include\nlohmann/detail/meta/type_traits.hpp(699,56): warning: consecutive right angle brackets are incompatible with C++98 (use '> >') [-Wc++98-compat]
[build]   699 | struct is_json_pointer_of<A, ::nlohmann::json_pointer<A>> : std::true_type {};
[build]       |                                                        ^~
[build]       |                                                        > >
[build] C:\Users\pperv\code\unnamed_rpg\vendor\json\include\nlohmann/detail/meta/type_traits.hpp(712,24): warning: 'decltype' type specifier is incompatible with C++98 [-Wc++98-compat]
[build]   712 | std::is_constructible <decltype(std::declval<Compare>()(std::declval<A>(), std::declval<B>()))>::value
[build]       |                        ^
[build] C:\Users\pperv\code\unnamed_rpg\vendor\json\include\nlohmann/detail/meta/type_traits.hpp(713,27): warning: 'decltype' type specifier is incompatible with C++98 [-Wc++98-compat]
[build]   713 | && std::is_constructible <decltype(std::declval<Compare>()(std::declval<B>(), std::declval<A>()))>::value
[build]       |                           ^
[build] C:\Users\pperv\code\unnamed_rpg\vendor\json\include\nlohmann/detail/meta/type_traits.hpp(714,1): warning: consecutive right angle brackets are incompatible with C++98 (use '> >') [-Wc++98-compat]
[build]   714 | >> : std::true_type {};
[build]       | ^~
[build]       | > >
[build] C:\Users\pperv\code\unnamed_rpg\vendor\json\include\nlohmann/detail/meta/type_traits.hpp(734,31): warning: alias declarations are incompatible with C++98 [-Wc++98-compat]
[build]   734 | using detect_is_transparent = typename T::is_transparent;
[build]       |                               ^
[build] C:\Users\pperv\code\unnamed_rpg\vendor\json\include\nlohmann/detail/meta/type_traits.hpp(739,109): warning: consecutive right angle brackets are incompatible with C++98 (use '> >') [-Wc++98-compat]
[build]   739 |          bool ExcludeObjectKeyType = RequireTransparentComparator, typename KeyType = uncvref_t<KeyTypeCVRef>>
[build]       |                                                                                                             ^~
[build]       |                                                                                                             > >
[build] C:\Users\pperv\code\unnamed_rpg\vendor\json\include\nlohmann/detail/meta/type_traits.hpp(740,31): warning: alias declarations are incompatible with C++98 [-Wc++98-compat]
[build]   740 | using is_usable_as_key_type = typename std::conditional <
[build]       |                               ^
[build] C:\Users\pperv\code\unnamed_rpg\vendor\json\include\nlohmann/detail/meta/type_traits.hpp(757,109): warning: consecutive right angle brackets are incompatible with C++98 (use '> >') [-Wc++98-compat]
[build]   757 |          bool ExcludeObjectKeyType = RequireTransparentComparator, typename KeyType = uncvref_t<KeyTypeCVRef>>
[build]       |                                                                                                             ^~
[build]       |                                                                                                             > >
[build] C:\Users\pperv\code\unnamed_rpg\vendor\json\include\nlohmann/detail/meta/type_traits.hpp(758,42): warning: alias declarations are incompatible with C++98 [-Wc++98-compat]
[build]   758 | using is_usable_as_basic_json_key_type = typename std::conditional <
[build]       |                                          ^
[build] C:\Users\pperv\code\unnamed_rpg\vendor\json\include\nlohmann/detail/meta/type_traits.hpp(770,36): warning: alias declarations are incompatible with C++98 [-Wc++98-compat]
[build]   770 | using detect_erase_with_key_type = decltype(std::declval<ObjectType&>().erase(std::declval<KeyType>()));
[build]       |                                    ^
[build] C:\Users\pperv\code\unnamed_rpg\vendor\json\include\nlohmann/detail/meta/type_traits.hpp(770,36): warning: 'decltype' type specifier is incompatible with C++98 [-Wc++98-compat]
[build] C:\Users\pperv\code\unnamed_rpg\vendor\json\include\nlohmann/detail/meta/type_traits.hpp(774,33): warning: alias declarations are incompatible with C++98 [-Wc++98-compat]
[build]   774 | using has_erase_with_key_type = typename std::conditional <
[build]       |                                 ^
[build] C:\Users\pperv\code\unnamed_rpg\vendor\json\include\nlohmann/detail/meta/type_traits.hpp(786,17): warning: alias declarations are incompatible with C++98 [-Wc++98-compat]
[build]   786 |     using one = char;
[build]       |                 ^
[build] C:\Users\pperv\code\unnamed_rpg\vendor\json\include\nlohmann/detail/meta/type_traits.hpp(793,44): warning: 'decltype' type specifier is incompatible with C++98 [-Wc++98-compat]
[build]   793 |     template <typename C> static one test( decltype(&C::capacity) ) ;
[build]       |                                            ^
[build] C:\Users\pperv\code\unnamed_rpg\vendor\json\include\nlohmann/detail/meta/type_traits.hpp(796,35): warning: 'nullptr' is incompatible with C++98 [-Wc++98-compat]
[build]   796 |     enum { value = sizeof(test<T>(nullptr)) == sizeof(char) }; // NOLINT(cppcoreguidelines-pro-type-vararg,hicpp-vararg,cppcoreguidelines-use-enum-class)
[build]       |                                   ^
[build] C:\Users\pperv\code\unnamed_rpg\vendor\json\include\nlohmann/detail/meta/type_traits.hpp(800,84): warning: default template arguments for a function template are incompatible with C++98 [-Wc++98-compat]
[build]   800 | template < typename T, typename U, enable_if_t < !std::is_same<T, U>::value, int > = 0 >
[build]       |                                                                                    ^ ~
[build] C:\Users\pperv\code\unnamed_rpg\vendor\json\include\nlohmann/detail/meta/type_traits.hpp(806,78): warning: default template arguments for a function template are incompatible with C++98 [-Wc++98-compat]
[build]   806 | template<typename T, typename U, enable_if_t<std::is_same<T, U>::value, int> = 0>
[build]       |                                                                              ^ ~
[build] C:\Users\pperv\code\unnamed_rpg\vendor\json\include\nlohmann/detail/meta/type_traits.hpp(812,18): warning: variadic templates are incompatible with C++98 [-Wc++98-compat]
[build]   812 | template<typename... Types>
[build]       |                  ^
[build] C:\Users\pperv\code\unnamed_rpg\vendor\json\include\nlohmann/detail/meta/type_traits.hpp(813,22): warning: alias declarations are incompatible with C++98 [-Wc++98-compat]
[build]   813 | using all_integral = conjunction<std::is_integral<Types>...>;
[build]       |                      ^
[build] C:\Users\pperv\code\unnamed_rpg\vendor\json\include\nlohmann/detail/meta/type_traits.hpp(815,18): warning: variadic templates are incompatible with C++98 [-Wc++98-compat]
[build]   815 | template<typename... Types>
[build]       |                  ^
[build] C:\Users\pperv\code\unnamed_rpg\vendor\json\include\nlohmann/detail/meta/type_traits.hpp(816,20): warning: alias declarations are incompatible with C++98 [-Wc++98-compat]
[build]   816 | using all_signed = conjunction<std::is_signed<Types>...>;
[build]       |                    ^
[build] C:\Users\pperv\code\unnamed_rpg\vendor\json\include\nlohmann/detail/meta/type_traits.hpp(818,18): warning: variadic templates are incompatible with C++98 [-Wc++98-compat]
[build]   818 | template<typename... Types>
[build]       |                  ^
[build] C:\Users\pperv\code\unnamed_rpg\vendor\json\include\nlohmann/detail/meta/type_traits.hpp(819,22): warning: alias declarations are incompatible with C++98 [-Wc++98-compat]
[build]   819 | using all_unsigned = conjunction<std::is_unsigned<Types>...>;
[build]       |                      ^
[build] C:\Users\pperv\code\unnamed_rpg\vendor\json\include\nlohmann/detail/meta/type_traits.hpp(822,18): warning: variadic templates are incompatible with C++98 [-Wc++98-compat]
[build]   822 | template<typename... Types>
[build]       |                  ^
[build] C:\Users\pperv\code\unnamed_rpg\vendor\json\include\nlohmann/detail/meta/type_traits.hpp(823,19): warning: alias declarations are incompatible with C++98 [-Wc++98-compat]
[build]   823 | using same_sign = std::integral_constant < bool,
[build]       |                   ^
[build] C:\Users\pperv\code\unnamed_rpg\vendor\json\include\nlohmann/detail/meta/type_traits.hpp(827,28): warning: alias declarations are incompatible with C++98 [-Wc++98-compat]
[build]   827 | using never_out_of_range = std::integral_constant < bool,
[build]       |                            ^
[build] C:\Users\pperv\code\unnamed_rpg\vendor\json\include\nlohmann/detail/meta/type_traits.hpp(839,12): warning: 'constexpr' specifier is incompatible with C++98 [-Wc++98-compat]
[build]   839 |     static constexpr bool test(T val)
[build]       |            ^
[build] C:\Users\pperv\code\unnamed_rpg\vendor\json\include\nlohmann/detail/meta/type_traits.hpp(841,28): warning: alias declarations are incompatible with C++98 [-Wc++98-compat]
[build]   841 |         using CommonType = typename std::common_type<OfType, T>::type;
[build]       |                            ^
[build] C:\Users\pperv\code\unnamed_rpg\vendor\json\include\nlohmann/detail/meta/type_traits.hpp(849,12): warning: 'constexpr' specifier is incompatible with C++98 [-Wc++98-compat]
[build]   849 |     static constexpr bool test(T val)
[build]       |            ^
[build] C:\Users\pperv\code\unnamed_rpg\vendor\json\include\nlohmann/detail/meta/type_traits.hpp(851,28): warning: alias declarations are incompatible with C++98 [-Wc++98-compat]
[build]   851 |         using CommonType = typename std::common_type<OfType, T>::type;
[build]       |                            ^
[build] C:\Users\pperv\code\unnamed_rpg\vendor\json\include\nlohmann/detail/meta/type_traits.hpp(859,12): warning: 'constexpr' specifier is incompatible with C++98 [-Wc++98-compat]
[build]   859 |     static constexpr bool test(T val)
[build]       |            ^
[build] C:\Users\pperv\code\unnamed_rpg\vendor\json\include\nlohmann/detail/meta/type_traits.hpp(861,28): warning: alias declarations are incompatible with C++98 [-Wc++98-compat]
[build]   861 |         using CommonType = typename std::common_type<OfType, T>::type;
[build]       |                            ^
[build] C:\Users\pperv\code\unnamed_rpg\vendor\json\include\nlohmann/detail/meta/type_traits.hpp(869,12): warning: 'constexpr' specifier is incompatible with C++98 [-Wc++98-compat]
[build]   869 |     static constexpr bool test(T val)
[build]       |            ^
[build] C:\Users\pperv\code\unnamed_rpg\vendor\json\include\nlohmann/detail/meta/type_traits.hpp(871,28): warning: alias declarations are incompatible with C++98 [-Wc++98-compat]
[build]   871 |         using CommonType = typename std::common_type<OfType, T>::type;
[build]       |                            ^
[build] C:\Users\pperv\code\unnamed_rpg\vendor\json\include\nlohmann/detail/meta/type_traits.hpp(879,71): warning: consecutive right angle brackets are incompatible with C++98 (use '> >') [-Wc++98-compat]
[build]   879 |          typename = detail::enable_if_t<all_integral<OfType, T>::value>>
[build]       |                                                                       ^~
[build]       |                                                                       > >
[build] C:\Users\pperv\code\unnamed_rpg\vendor\json\include\nlohmann/detail/meta/type_traits.hpp(885,12): warning: 'constexpr' specifier is incompatible with C++98 [-Wc++98-compat]
[build]   885 |     static constexpr bool test(T val)
[build]       |            ^
[build] C:\Users\pperv\code\unnamed_rpg\vendor\json\include\nlohmann/detail/meta/type_traits.hpp(894,12): warning: 'constexpr' specifier is incompatible with C++98 [-Wc++98-compat]
[build]   894 |     static constexpr bool test(T /*val*/)
[build]       |            ^
[build] C:\Users\pperv\code\unnamed_rpg\vendor\json\include\nlohmann/detail/meta/type_traits.hpp(901,1): warning: 'constexpr' specifier is incompatible with C++98 [-Wc++98-compat]
[build]   901 | constexpr bool value_in_range_of(T val)
[build]       | ^
[build] C:\Users\pperv\code\unnamed_rpg\vendor\json\include\nlohmann/detail/meta/type_traits.hpp(907,23): warning: alias declarations are incompatible with C++98 [-Wc++98-compat]
[build]   907 | using bool_constant = std::integral_constant<bool, Value>;
[build]       |                       ^
[build] C:\Users\pperv\code\unnamed_rpg\vendor\json\include\nlohmann/detail/meta/type_traits.hpp(917,1): warning: 'constexpr' specifier is incompatible with C++98 [-Wc++98-compat]
[build]   917 | constexpr bool is_c_string()
[build]       | ^
[build] C:\Users\pperv\code\unnamed_rpg\vendor\json\include\nlohmann/detail/meta/type_traits.hpp(919,20): warning: alias declarations are incompatible with C++98 [-Wc++98-compat]
[build]   919 |     using TUnExt = typename std::remove_extent<T>::type;
[build]       |                    ^
[build] C:\Users\pperv\code\unnamed_rpg\vendor\json\include\nlohmann/detail/meta/type_traits.hpp(920,22): warning: alias declarations are incompatible with C++98 [-Wc++98-compat]
[build]   920 |     using TUnCVExt = typename std::remove_cv<TUnExt>::type;
[build]       |                      ^
[build] C:\Users\pperv\code\unnamed_rpg\vendor\json\include\nlohmann/detail/meta/type_traits.hpp(921,20): warning: alias declarations are incompatible with C++98 [-Wc++98-compat]
[build]   921 |     using TUnPtr = typename std::remove_pointer<T>::type;
[build]       |                    ^
[build] C:\Users\pperv\code\unnamed_rpg\vendor\json\include\nlohmann/detail/meta/type_traits.hpp(922,22): warning: alias declarations are incompatible with C++98 [-Wc++98-compat]
[build]   922 |     using TUnCVPtr = typename std::remove_cv<TUnPtr>::type;
[build]       |                      ^
[build] C:\Users\pperv\code\unnamed_rpg\vendor\json\include\nlohmann/detail/meta/type_traits.hpp(935,29): warning: alias declarations are incompatible with C++98 [-Wc++98-compat]
[build]   935 | using is_c_string_uncvref = is_c_string<uncvref_t<T>>;
[build]       |                             ^
[build] C:\Users\pperv\code\unnamed_rpg\vendor\json\include\nlohmann/detail/meta/type_traits.hpp(935,52): warning: consecutive right angle brackets are incompatible with C++98 (use '> >') [-Wc++98-compat]
[build]   935 | using is_c_string_uncvref = is_c_string<uncvref_t<T>>;
[build]       |                                                    ^~
[build]       |                                                    > >
[build] C:\Users\pperv\code\unnamed_rpg\vendor\json\include\nlohmann/detail/meta/type_traits.hpp(945,1): warning: 'constexpr' specifier is incompatible with C++98 [-Wc++98-compat]
[build]   945 | constexpr bool is_transparent()
[build]       | ^
[build] In file included from C:\Users\pperv\code\unnamed_rpg\vendor\json-schema-validator\src\json-patch.cpp:1:
[build] In file included from C:\Users\pperv\code\unnamed_rpg\vendor\json-schema-validator\src\json-patch.hpp:3:
[build] In file included from C:\Users\pperv\code\unnamed_rpg\vendor\json\include\nlohmann/json.hpp:44:
[build] In file included from C:\Users\pperv\code\unnamed_rpg\vendor\json\include\nlohmann/adl_serializer.hpp:14:
[build] In file included from C:\Users\pperv\code\unnamed_rpg\vendor\json\include\nlohmann/detail/conversions/from_json.hpp:24:
[build] In file included from C:\Users\pperv\code\unnamed_rpg\vendor\json\include\nlohmann/detail/exceptions.hpp:26:
[build] C:\Users\pperv\code\unnamed_rpg\vendor\json\include\nlohmann/detail/string_concat.hpp(18,1): warning: empty macro arguments are incompatible with C++98 [-Wc++98-compat-pedantic]
[build]    18 | NLOHMANN_JSON_NAMESPACE_BEGIN
[build]       | ^
[build] C:\Users\pperv\code\unnamed_rpg\vendor\json\include\nlohmann/detail/abi_macros.hpp(102,17): note: expanded from macro 'NLOHMANN_JSON_NAMESPACE_BEGIN'
[build]   102 |                 NLOHMANN_JSON_ABI_TAGS,              \
[build]       |                 ^
[build] C:\Users\pperv\code\unnamed_rpg\vendor\json\include\nlohmann/detail/abi_macros.hpp(65,5): note: expanded from macro 'NLOHMANN_JSON_ABI_TAGS'
[build]    65 |     NLOHMANN_JSON_ABI_TAGS_CONCAT(                                   \
[build]       |     ^
[build] C:\Users\pperv\code\unnamed_rpg\vendor\json\include\nlohmann/detail/abi_macros.hpp(62,39): note: expanded from macro 'NLOHMANN_JSON_ABI_TAGS_CONCAT'
[build]    62 |     NLOHMANN_JSON_ABI_TAGS_CONCAT_EX(a, b, c)
[build]       |                                       ^
[build] In file included from C:\Users\pperv\code\unnamed_rpg\vendor\json-schema-validator\src\json-patch.cpp:1:
[build] In file included from C:\Users\pperv\code\unnamed_rpg\vendor\json-schema-validator\src\json-patch.hpp:3:
[build] In file included from C:\Users\pperv\code\unnamed_rpg\vendor\json\include\nlohmann/json.hpp:44:
[build] In file included from C:\Users\pperv\code\unnamed_rpg\vendor\json\include\nlohmann/adl_serializer.hpp:14:
[build] In file included from C:\Users\pperv\code\unnamed_rpg\vendor\json\include\nlohmann/detail/conversions/from_json.hpp:24:
[build] In file included from C:\Users\pperv\code\unnamed_rpg\vendor\json\include\nlohmann/detail/exceptions.hpp:26:
[build] C:\Users\pperv\code\unnamed_rpg\vendor\json\include\nlohmann/detail/string_concat.hpp(18,1): warning: empty macro arguments are incompatible with C++98 [-Wc++98-compat-pedantic]
[build] C:\Users\pperv\code\unnamed_rpg\vendor\json\include\nlohmann/detail/abi_macros.hpp(102,17): note: expanded from macro 'NLOHMANN_JSON_NAMESPACE_BEGIN'
[build]   102 |                 NLOHMANN_JSON_ABI_TAGS,              \
[build]       |                 ^
[build] C:\Users\pperv\code\unnamed_rpg\vendor\json\include\nlohmann/detail/abi_macros.hpp(65,5): note: expanded from macro 'NLOHMANN_JSON_ABI_TAGS'
[build]    65 |     NLOHMANN_JSON_ABI_TAGS_CONCAT(                                   \
[build]       |     ^
[build] C:\Users\pperv\code\unnamed_rpg\vendor\json\include\nlohmann/detail/abi_macros.hpp(62,42): note: expanded from macro 'NLOHMANN_JSON_ABI_TAGS_CONCAT'
[build]    62 |     NLOHMANN_JSON_ABI_TAGS_CONCAT_EX(a, b, c)
[build]       |                                          ^
[build] In file included from C:\Users\pperv\code\unnamed_rpg\vendor\json-schema-validator\src\json-patch.cpp:1:
[build] In file included from C:\Users\pperv\code\unnamed_rpg\vendor\json-schema-validator\src\json-patch.hpp:3:
[build] In file included from C:\Users\pperv\code\unnamed_rpg\vendor\json\include\nlohmann/json.hpp:44:
[build] In file included from C:\Users\pperv\code\unnamed_rpg\vendor\json\include\nlohmann/adl_serializer.hpp:14:
[build] In file included from C:\Users\pperv\code\unnamed_rpg\vendor\json\include\nlohmann/detail/conversions/from_json.hpp:24:
[build] In file included from C:\Users\pperv\code\unnamed_rpg\vendor\json\include\nlohmann/detail/exceptions.hpp:26:
[build] C:\Users\pperv\code\unnamed_rpg\vendor\json\include\nlohmann/detail/string_concat.hpp(18,1): warning: empty macro arguments are incompatible with C++98 [-Wc++98-compat-pedantic]
[build] C:\Users\pperv\code\unnamed_rpg\vendor\json\include\nlohmann/detail/abi_macros.hpp(102,17): note: expanded from macro 'NLOHMANN_JSON_NAMESPACE_BEGIN'
[build]   102 |                 NLOHMANN_JSON_ABI_TAGS,              \
[build]       |                 ^
[build] C:\Users\pperv\code\unnamed_rpg\vendor\json\include\nlohmann/detail/abi_macros.hpp(65,5): note: expanded from macro 'NLOHMANN_JSON_ABI_TAGS'
[build]    65 |     NLOHMANN_JSON_ABI_TAGS_CONCAT(                                   \
[build]       |     ^
[build] C:\Users\pperv\code\unnamed_rpg\vendor\json\include\nlohmann/detail/abi_macros.hpp(62,45): note: expanded from macro 'NLOHMANN_JSON_ABI_TAGS_CONCAT'
[build]    62 |     NLOHMANN_JSON_ABI_TAGS_CONCAT_EX(a, b, c)
[build]       |                                             ^
[build] In file included from C:\Users\pperv\code\unnamed_rpg\vendor\json-schema-validator\src\json-patch.cpp:1:
[build] In file included from C:\Users\pperv\code\unnamed_rpg\vendor\json-schema-validator\src\json-patch.hpp:3:
[build] In file included from C:\Users\pperv\code\unnamed_rpg\vendor\json\include\nlohmann/json.hpp:44:
[build] In file included from C:\Users\pperv\code\unnamed_rpg\vendor\json\include\nlohmann/adl_serializer.hpp:14:
[build] In file included from C:\Users\pperv\code\unnamed_rpg\vendor\json\include\nlohmann/detail/conversions/from_json.hpp:24:
[build] In file included from C:\Users\pperv\code\unnamed_rpg\vendor\json\include\nlohmann/detail/exceptions.hpp:26:
[build] C:\Users\pperv\code\unnamed_rpg\vendor\json\include\nlohmann/detail/string_concat.hpp(18,1): warning: inline namespaces are incompatible with C++98 [-Wc++98-compat]
[build] C:\Users\pperv\code\unnamed_rpg\vendor\json\include\nlohmann/detail/abi_macros.hpp(101,5): note: expanded from macro 'NLOHMANN_JSON_NAMESPACE_BEGIN'
[build]   101 |     inline namespace NLOHMANN_JSON_NAMESPACE_CONCAT( \
[build]       |     ^
[build] In file included from C:\Users\pperv\code\unnamed_rpg\vendor\json-schema-validator\src\json-patch.cpp:1:
[build] In file included from C:\Users\pperv\code\unnamed_rpg\vendor\json-schema-validator\src\json-patch.hpp:3:
[build] In file included from C:\Users\pperv\code\unnamed_rpg\vendor\json\include\nlohmann/json.hpp:44:
[build] In file included from C:\Users\pperv\code\unnamed_rpg\vendor\json\include\nlohmann/adl_serializer.hpp:14:
[build] In file included from C:\Users\pperv\code\unnamed_rpg\vendor\json\include\nlohmann/detail/conversions/from_json.hpp:24:
[build] In file included from C:\Users\pperv\code\unnamed_rpg\vendor\json\include\nlohmann/detail/exceptions.hpp:26:
[build] C:\Users\pperv\code\unnamed_rpg\vendor\json\include\nlohmann/detail/string_concat.hpp(27,18): warning: variadic templates are incompatible with C++98 [-Wc++98-compat]
[build]    27 | template<typename... Args>
[build]       |                  ^
[build] C:\Users\pperv\code\unnamed_rpg\vendor\json\include\nlohmann/detail/string_concat.hpp(30,39): warning: variadic templates are incompatible with C++98 [-Wc++98-compat]
[build]    30 | template<typename StringType, typename... Args>
[build]       |                                       ^
[build] C:\Users\pperv\code\unnamed_rpg\vendor\json\include\nlohmann/detail/string_concat.hpp(33,18): warning: variadic templates are incompatible with C++98 [-Wc++98-compat]
[build]    33 | template<typename... Args>
[build]       |                  ^
[build] C:\Users\pperv\code\unnamed_rpg\vendor\json\include\nlohmann/detail/string_concat.hpp(39,18): warning: variadic templates are incompatible with C++98 [-Wc++98-compat]
[build]    39 | template<typename... Args>
[build]       |                  ^
[build] C:\Users\pperv\code\unnamed_rpg\vendor\json\include\nlohmann/detail/string_concat.hpp(46,39): warning: variadic templates are incompatible with C++98 [-Wc++98-compat]
[build]    46 | template<typename StringType, typename... Args>
[build]       |                                       ^
[build] C:\Users\pperv\code\unnamed_rpg\vendor\json\include\nlohmann/detail/string_concat.hpp(57,27): warning: alias declarations are incompatible with C++98 [-Wc++98-compat]
[build]    57 | using string_can_append = decltype(std::declval<StringType&>().append(std::declval < Arg && > ()));
[build]       |                           ^
[build] C:\Users\pperv\code\unnamed_rpg\vendor\json\include\nlohmann/detail/string_concat.hpp(57,27): warning: 'decltype' type specifier is incompatible with C++98 [-Wc++98-compat]
[build] C:\Users\pperv\code\unnamed_rpg\vendor\json\include\nlohmann/detail/string_concat.hpp(57,90): warning: rvalue references are incompatible with C++98 [-Wc++98-compat]
[build]    57 | using string_can_append = decltype(std::declval<StringType&>().append(std::declval < Arg && > ()));
[build]       |                                                                                          ^
[build] C:\Users\pperv\code\unnamed_rpg\vendor\json\include\nlohmann/detail/string_concat.hpp(60,34): warning: alias declarations are incompatible with C++98 [-Wc++98-compat]
[build]    60 | using detect_string_can_append = is_detected<string_can_append, StringType, Arg>;
[build]       |                                  ^
[build] C:\Users\pperv\code\unnamed_rpg\vendor\json\include\nlohmann/detail/string_concat.hpp(63,30): warning: alias declarations are incompatible with C++98 [-Wc++98-compat]
[build]    63 | using string_can_append_op = decltype(std::declval<StringType&>() += std::declval < Arg && > ());
[build]       |                              ^
[build] C:\Users\pperv\code\unnamed_rpg\vendor\json\include\nlohmann/detail/string_concat.hpp(63,30): warning: 'decltype' type specifier is incompatible with C++98 [-Wc++98-compat]
[build] C:\Users\pperv\code\unnamed_rpg\vendor\json\include\nlohmann/detail/string_concat.hpp(63,89): warning: rvalue references are incompatible with C++98 [-Wc++98-compat]
[build]    63 | using string_can_append_op = decltype(std::declval<StringType&>() += std::declval < Arg && > ());
[build]       |                                                                                         ^
[build] C:\Users\pperv\code\unnamed_rpg\vendor\json\include\nlohmann/detail/string_concat.hpp(66,37): warning: alias declarations are incompatible with C++98 [-Wc++98-compat]
[build]    66 | using detect_string_can_append_op = is_detected<string_can_append_op, StringType, Arg>;
[build]       |                                     ^
[build] C:\Users\pperv\code\unnamed_rpg\vendor\json\include\nlohmann/detail/string_concat.hpp(69,32): warning: alias declarations are incompatible with C++98 [-Wc++98-compat]
[build]    69 | using string_can_append_iter = decltype(std::declval<StringType&>().append(std::declval<const Arg&>().begin(), std::declval<const Arg&>().end()));
[build]       |                                ^
[build] C:\Users\pperv\code\unnamed_rpg\vendor\json\include\nlohmann/detail/string_concat.hpp(69,32): warning: 'decltype' type specifier is incompatible with C++98 [-Wc++98-compat]
[build] C:\Users\pperv\code\unnamed_rpg\vendor\json\include\nlohmann/detail/string_concat.hpp(72,39): warning: alias declarations are incompatible with C++98 [-Wc++98-compat]
[build]    72 | using detect_string_can_append_iter = is_detected<string_can_append_iter, StringType, Arg>;
[build]       |                                       ^
[build] C:\Users\pperv\code\unnamed_rpg\vendor\json\include\nlohmann/detail/string_concat.hpp(75,32): warning: alias declarations are incompatible with C++98 [-Wc++98-compat]
[build]    75 | using string_can_append_data = decltype(std::declval<StringType&>().append(std::declval<const Arg&>().data(), std::declval<const Arg&>().size()));
[build]       |                                ^
[build] C:\Users\pperv\code\unnamed_rpg\vendor\json\include\nlohmann/detail/string_concat.hpp(75,32): warning: 'decltype' type specifier is incompatible with C++98 [-Wc++98-compat]
[build] C:\Users\pperv\code\unnamed_rpg\vendor\json\include\nlohmann/detail/string_concat.hpp(78,39): warning: alias declarations are incompatible with C++98 [-Wc++98-compat]
[build]    78 | using detect_string_can_append_data = is_detected<string_can_append_data, StringType, Arg>;
[build]       |                                       ^
[build] C:\Users\pperv\code\unnamed_rpg\vendor\json\include\nlohmann/detail/string_concat.hpp(80,58): warning: variadic templates are incompatible with C++98 [-Wc++98-compat]
[build]    80 | template < typename OutStringType, typename Arg, typename... Args,
[build]       |                                                          ^
[build] C:\Users\pperv\code\unnamed_rpg\vendor\json\include\nlohmann/detail/string_concat.hpp(83,49): warning: rvalue references are incompatible with C++98 [-Wc++98-compat]
[build]    83 | inline void concat_into(OutStringType& out, Arg && arg, Args && ... rest);
[build]       |                                                 ^
[build] C:\Users\pperv\code\unnamed_rpg\vendor\json\include\nlohmann/detail/string_concat.hpp(83,62): warning: rvalue references are incompatible with C++98 [-Wc++98-compat]
[build]    83 | inline void concat_into(OutStringType& out, Arg && arg, Args && ... rest);
[build]       |                                                              ^
[build] C:\Users\pperv\code\unnamed_rpg\vendor\json\include\nlohmann/detail/string_concat.hpp(82,91): warning: default template arguments for a function template are incompatible with C++98 [-Wc++98-compat]
[build]    82 |                          && detect_string_can_append_op<OutStringType, Arg>::value, int > = 0 >
[build]       |                                                                                           ^ ~
[build] C:\Users\pperv\code\unnamed_rpg\vendor\json\include\nlohmann/detail/string_concat.hpp(85,58): warning: variadic templates are incompatible with C++98 [-Wc++98-compat]
[build]    85 | template < typename OutStringType, typename Arg, typename... Args,
[build]       |                                                          ^
[build] C:\Users\pperv\code\unnamed_rpg\vendor\json\include\nlohmann/detail/string_concat.hpp(89,66): warning: rvalue references are incompatible with C++98 [-Wc++98-compat]
[build]    89 | inline void concat_into(OutStringType& out, const Arg& arg, Args && ... rest);
[build]       |                                                                  ^
[build] C:\Users\pperv\code\unnamed_rpg\vendor\json\include\nlohmann/detail/string_concat.hpp(88,93): warning: default template arguments for a function template are incompatible with C++98 [-Wc++98-compat]
[build]    88 |                          && detect_string_can_append_iter<OutStringType, Arg>::value, int > = 0 >
[build]       |                                                                                             ^ ~
[build] C:\Users\pperv\code\unnamed_rpg\vendor\json\include\nlohmann/detail/string_concat.hpp(91,58): warning: variadic templates are incompatible with C++98 [-Wc++98-compat]
[build]    91 | template < typename OutStringType, typename Arg, typename... Args,
[build]       |                                                          ^
[build] C:\Users\pperv\code\unnamed_rpg\vendor\json\include\nlohmann/detail/string_concat.hpp(96,66): warning: rvalue references are incompatible with C++98 [-Wc++98-compat]
[build]    96 | inline void concat_into(OutStringType& out, const Arg& arg, Args && ... rest);
[build]       |                                                                  ^
[build] C:\Users\pperv\code\unnamed_rpg\vendor\json\include\nlohmann/detail/string_concat.hpp(95,93): warning: default template arguments for a function template are incompatible with C++98 [-Wc++98-compat]
[build]    95 |                          && detect_string_can_append_data<OutStringType, Arg>::value, int > = 0 >
[build]       |                                                                                             ^ ~
[build] C:\Users\pperv\code\unnamed_rpg\vendor\json\include\nlohmann/detail/string_concat.hpp(98,56): warning: variadic templates are incompatible with C++98 [-Wc++98-compat]
[build]    98 | template<typename OutStringType, typename Arg, typename... Args,
[build]       |                                                        ^
[build] C:\Users\pperv\code\unnamed_rpg\vendor\json\include\nlohmann/detail/string_concat.hpp(100,49): warning: rvalue references are incompatible with C++98 [-Wc++98-compat]
[build]   100 | inline void concat_into(OutStringType& out, Arg && arg, Args && ... rest)
[build]       |                                                 ^
[build] C:\Users\pperv\code\unnamed_rpg\vendor\json\include\nlohmann/detail/string_concat.hpp(100,62): warning: rvalue references are incompatible with C++98 [-Wc++98-compat]
[build]   100 | inline void concat_into(OutStringType& out, Arg && arg, Args && ... rest)
[build]       |                                                              ^
[build] C:\Users\pperv\code\unnamed_rpg\vendor\json\include\nlohmann/detail/string_concat.hpp(99,80): warning: default template arguments for a function template are incompatible with C++98 [-Wc++98-compat]
[build]    99 |          enable_if_t<detect_string_can_append<OutStringType, Arg>::value, int> = 0>
[build]       |                                                                                ^ ~
[build] C:\Users\pperv\code\unnamed_rpg\vendor\json\include\nlohmann/detail/string_concat.hpp(106,58): warning: variadic templates are incompatible with C++98 [-Wc++98-compat]
[build]   106 | template < typename OutStringType, typename Arg, typename... Args,
[build]       |                                                          ^
[build] C:\Users\pperv\code\unnamed_rpg\vendor\json\include\nlohmann/detail/string_concat.hpp(109,48): warning: rvalue references are incompatible with C++98 [-Wc++98-compat]
[build]   109 | inline void concat_into(OutStringType& out, Arg&& arg, Args&& ... rest)
[build]       |                                                ^
[build] C:\Users\pperv\code\unnamed_rpg\vendor\json\include\nlohmann/detail/string_concat.hpp(109,60): warning: rvalue references are incompatible with C++98 [-Wc++98-compat]
[build]   109 | inline void concat_into(OutStringType& out, Arg&& arg, Args&& ... rest)
[build]       |                                                            ^
[build] C:\Users\pperv\code\unnamed_rpg\vendor\json\include\nlohmann/detail/string_concat.hpp(115,58): warning: variadic templates are incompatible with C++98 [-Wc++98-compat]
[build]   115 | template < typename OutStringType, typename Arg, typename... Args,
[build]       |                                                          ^
[build] C:\Users\pperv\code\unnamed_rpg\vendor\json\include\nlohmann/detail/string_concat.hpp(119,65): warning: rvalue references are incompatible with C++98 [-Wc++98-compat]
[build]   119 | inline void concat_into(OutStringType& out, const Arg& arg, Args&& ... rest)
[build]       |                                                                 ^
[build] C:\Users\pperv\code\unnamed_rpg\vendor\json\include\nlohmann/detail/string_concat.hpp(125,58): warning: variadic templates are incompatible with C++98 [-Wc++98-compat]
[build]   125 | template < typename OutStringType, typename Arg, typename... Args,
[build]       |                                                          ^
[build] C:\Users\pperv\code\unnamed_rpg\vendor\json\include\nlohmann/detail/string_concat.hpp(130,65): warning: rvalue references are incompatible with C++98 [-Wc++98-compat]
[build]   130 | inline void concat_into(OutStringType& out, const Arg& arg, Args&& ... rest)
[build]       |                                                                 ^
[build] C:\Users\pperv\code\unnamed_rpg\vendor\json\include\nlohmann/detail/string_concat.hpp(136,56): warning: variadic templates are incompatible with C++98 [-Wc++98-compat]
[build]   136 | template<typename OutStringType = std::string, typename... Args>
[build]       |                                                        ^
[build] C:\Users\pperv\code\unnamed_rpg\vendor\json\include\nlohmann/detail/string_concat.hpp(137,34): warning: rvalue references are incompatible with C++98 [-Wc++98-compat]
[build]   137 | inline OutStringType concat(Args && ... args)
[build]       |                                  ^
[build] C:\Users\pperv\code\unnamed_rpg\vendor\json\include\nlohmann/detail/string_concat.hpp(136,19): warning: default template arguments for a function template are incompatible with C++98 [-Wc++98-compat]
[build]   136 | template<typename OutStringType = std::string, typename... Args>
[build]       |                   ^               ~~~~~~~~~~~
[build] In file included from C:\Users\pperv\code\unnamed_rpg\vendor\json-schema-validator\src\json-patch.cpp:1:
[build] In file included from C:\Users\pperv\code\unnamed_rpg\vendor\json-schema-validator\src\json-patch.hpp:3:
[build] In file included from C:\Users\pperv\code\unnamed_rpg\vendor\json\include\nlohmann/json.hpp:44:
[build] In file included from C:\Users\pperv\code\unnamed_rpg\vendor\json\include\nlohmann/adl_serializer.hpp:14:
[build] In file included from C:\Users\pperv\code\unnamed_rpg\vendor\json\include\nlohmann/detail/conversions/from_json.hpp:24:
[build] C:\Users\pperv\code\unnamed_rpg\vendor\json\include\nlohmann/detail/exceptions.hpp(40,1): warning: empty macro arguments are incompatible with C++98 [-Wc++98-compat-pedantic]
[build]    40 | NLOHMANN_JSON_NAMESPACE_BEGIN
[build]       | ^
[build] C:\Users\pperv\code\unnamed_rpg\vendor\json\include\nlohmann/detail/abi_macros.hpp(102,17): note: expanded from macro 'NLOHMANN_JSON_NAMESPACE_BEGIN'
[build]   102 |                 NLOHMANN_JSON_ABI_TAGS,              \
[build]       |                 ^
[build] C:\Users\pperv\code\unnamed_rpg\vendor\json\include\nlohmann/detail/abi_macros.hpp(65,5): note: expanded from macro 'NLOHMANN_JSON_ABI_TAGS'
[build]    65 |     NLOHMANN_JSON_ABI_TAGS_CONCAT(                                   \
[build]       |     ^
[build] C:\Users\pperv\code\unnamed_rpg\vendor\json\include\nlohmann/detail/abi_macros.hpp(62,39): note: expanded from macro 'NLOHMANN_JSON_ABI_TAGS_CONCAT'
[build]    62 |     NLOHMANN_JSON_ABI_TAGS_CONCAT_EX(a, b, c)
[build]       |                                       ^
[build] In file included from C:\Users\pperv\code\unnamed_rpg\vendor\json-schema-validator\src\json-patch.cpp:1:
[build] In file included from C:\Users\pperv\code\unnamed_rpg\vendor\json-schema-validator\src\json-patch.hpp:3:
[build] In file included from C:\Users\pperv\code\unnamed_rpg\vendor\json\include\nlohmann/json.hpp:44:
[build] In file included from C:\Users\pperv\code\unnamed_rpg\vendor\json\include\nlohmann/adl_serializer.hpp:14:
[build] In file included from C:\Users\pperv\code\unnamed_rpg\vendor\json\include\nlohmann/detail/conversions/from_json.hpp:24:
[build] C:\Users\pperv\code\unnamed_rpg\vendor\json\include\nlohmann/detail/exceptions.hpp(40,1): warning: empty macro arguments are incompatible with C++98 [-Wc++98-compat-pedantic]
[build] C:\Users\pperv\code\unnamed_rpg\vendor\json\include\nlohmann/detail/abi_macros.hpp(102,17): note: expanded from macro 'NLOHMANN_JSON_NAMESPACE_BEGIN'
[build]   102 |                 NLOHMANN_JSON_ABI_TAGS,              \
[build]       |                 ^
[build] C:\Users\pperv\code\unnamed_rpg\vendor\json\include\nlohmann/detail/abi_macros.hpp(65,5): note: expanded from macro 'NLOHMANN_JSON_ABI_TAGS'
[build]    65 |     NLOHMANN_JSON_ABI_TAGS_CONCAT(                                   \
[build]       |     ^
[build] C:\Users\pperv\code\unnamed_rpg\vendor\json\include\nlohmann/detail/abi_macros.hpp(62,42): note: expanded from macro 'NLOHMANN_JSON_ABI_TAGS_CONCAT'
[build]    62 |     NLOHMANN_JSON_ABI_TAGS_CONCAT_EX(a, b, c)
[build]       |                                          ^
[build] In file included from C:\Users\pperv\code\unnamed_rpg\vendor\json-schema-validator\src\json-patch.cpp:1:
[build] In file included from C:\Users\pperv\code\unnamed_rpg\vendor\json-schema-validator\src\json-patch.hpp:3:
[build] In file included from C:\Users\pperv\code\unnamed_rpg\vendor\json\include\nlohmann/json.hpp:44:
[build] In file included from C:\Users\pperv\code\unnamed_rpg\vendor\json\include\nlohmann/adl_serializer.hpp:14:
[build] In file included from C:\Users\pperv\code\unnamed_rpg\vendor\json\include\nlohmann/detail/conversions/from_json.hpp:24:
[build] C:\Users\pperv\code\unnamed_rpg\vendor\json\include\nlohmann/detail/exceptions.hpp(40,1): warning: empty macro arguments are incompatible with C++98 [-Wc++98-compat-pedantic]
[build] C:\Users\pperv\code\unnamed_rpg\vendor\json\include\nlohmann/detail/abi_macros.hpp(102,17): note: expanded from macro 'NLOHMANN_JSON_NAMESPACE_BEGIN'
[build]   102 |                 NLOHMANN_JSON_ABI_TAGS,              \
[build]       |                 ^
[build] C:\Users\pperv\code\unnamed_rpg\vendor\json\include\nlohmann/detail/abi_macros.hpp(65,5): note: expanded from macro 'NLOHMANN_JSON_ABI_TAGS'
[build]    65 |     NLOHMANN_JSON_ABI_TAGS_CONCAT(                                   \
[build]       |     ^
[build] C:\Users\pperv\code\unnamed_rpg\vendor\json\include\nlohmann/detail/abi_macros.hpp(62,45): note: expanded from macro 'NLOHMANN_JSON_ABI_TAGS_CONCAT'
[build]    62 |     NLOHMANN_JSON_ABI_TAGS_CONCAT_EX(a, b, c)
[build]       |                                             ^
[build] In file included from C:\Users\pperv\code\unnamed_rpg\vendor\json-schema-validator\src\json-patch.cpp:1:
[build] In file included from C:\Users\pperv\code\unnamed_rpg\vendor\json-schema-validator\src\json-patch.hpp:3:
[build] In file included from C:\Users\pperv\code\unnamed_rpg\vendor\json\include\nlohmann/json.hpp:44:
[build] In file included from C:\Users\pperv\code\unnamed_rpg\vendor\json\include\nlohmann/adl_serializer.hpp:14:
[build] In file included from C:\Users\pperv\code\unnamed_rpg\vendor\json\include\nlohmann/detail/conversions/from_json.hpp:24:
[build] C:\Users\pperv\code\unnamed_rpg\vendor\json\include\nlohmann/detail/exceptions.hpp(40,1): warning: inline namespaces are incompatible with C++98 [-Wc++98-compat]
[build] C:\Users\pperv\code\unnamed_rpg\vendor\json\include\nlohmann/detail/abi_macros.hpp(101,5): note: expanded from macro 'NLOHMANN_JSON_NAMESPACE_BEGIN'
[build]   101 |     inline namespace NLOHMANN_JSON_NAMESPACE_CONCAT( \
[build]       |     ^
[build] In file included from C:\Users\pperv\code\unnamed_rpg\vendor\json-schema-validator\src\json-patch.cpp:1:
[build] In file included from C:\Users\pperv\code\unnamed_rpg\vendor\json-schema-validator\src\json-patch.hpp:3:
[build] In file included from C:\Users\pperv\code\unnamed_rpg\vendor\json\include\nlohmann/json.hpp:44:
[build] In file included from C:\Users\pperv\code\unnamed_rpg\vendor\json\include\nlohmann/adl_serializer.hpp:14:
[build] In file included from C:\Users\pperv\code\unnamed_rpg\vendor\json\include\nlohmann/detail/conversions/from_json.hpp:24:
[build] C:\Users\pperv\code\unnamed_rpg\vendor\json\include\nlohmann/detail/exceptions.hpp(54,39): warning: noexcept specifications are incompatible with C++98 [-Wc++98-compat]
[build]    54 |     const char* what() const noexcept override
[build]       |                                       ^
[build] C:\Users\pperv\code\unnamed_rpg\vendor\json\include\nlohmann/detail/exceptions.hpp(54,39): warning: 'override' keyword is incompatible with C++98 [-Wc++98-compat]
[build] C:\Users\pperv\code\unnamed_rpg\vendor\json\include\nlohmann/detail/exceptions.hpp(178,106): warning: default template arguments for a function template are incompatible with C++98 [-Wc++98-compat]
[build]   178 |     template<typename BasicJsonContext, enable_if_t<is_basic_json_context<BasicJsonContext>::value, int> = 0>
[build]       |                                                                                                          ^ ~
[build] C:\Users\pperv\code\unnamed_rpg\vendor\json\include\nlohmann/detail/exceptions.hpp(186,106): warning: default template arguments for a function template are incompatible with C++98 [-Wc++98-compat]
[build]   186 |     template<typename BasicJsonContext, enable_if_t<is_basic_json_context<BasicJsonContext>::value, int> = 0>
[build]       |                                                                                                          ^ ~
[build] C:\Users\pperv\code\unnamed_rpg\vendor\json\include\nlohmann/detail/exceptions.hpp(143,24): warning: padding class 'nlohmann::detail::exception' with 4 bytes to align 'm' [-Wpadded]
[build]   143 |     std::runtime_error m;
[build]       |                        ^
[build] C:\Users\pperv\code\unnamed_rpg\vendor\json\include\nlohmann/detail/exceptions.hpp(222,106): warning: default template arguments for a function template are incompatible with C++98 [-Wc++98-compat]
[build]   222 |     template<typename BasicJsonContext, enable_if_t<is_basic_json_context<BasicJsonContext>::value, int> = 0>
[build]       |                                                                                                          ^ ~
[build] C:\Users\pperv\code\unnamed_rpg\vendor\json\include\nlohmann/detail/exceptions.hpp(240,106): warning: default template arguments for a function template are incompatible with C++98 [-Wc++98-compat]
[build]   240 |     template<typename BasicJsonContext, enable_if_t<is_basic_json_context<BasicJsonContext>::value, int> = 0>
[build]       |                                                                                                          ^ ~
[build] C:\Users\pperv\code\unnamed_rpg\vendor\json\include\nlohmann/detail/exceptions.hpp(257,106): warning: default template arguments for a function template are incompatible with C++98 [-Wc++98-compat]
[build]   257 |     template<typename BasicJsonContext, enable_if_t<is_basic_json_context<BasicJsonContext>::value, int> = 0>
[build]       |                                                                                                          ^ ~
[build] C:\Users\pperv\code\unnamed_rpg\vendor\json\include\nlohmann/detail/exceptions.hpp(274,106): warning: default template arguments for a function template are incompatible with C++98 [-Wc++98-compat]
[build]   274 |     template<typename BasicJsonContext, enable_if_t<is_basic_json_context<BasicJsonContext>::value, int> = 0>
[build]       |                                                                                                          ^ ~
[build] In file included from C:\Users\pperv\code\unnamed_rpg\vendor\json-schema-validator\src\json-patch.cpp:1:
[build] In file included from C:\Users\pperv\code\unnamed_rpg\vendor\json-schema-validator\src\json-patch.hpp:3:
[build] In file included from C:\Users\pperv\code\unnamed_rpg\vendor\json\include\nlohmann/json.hpp:44:
[build] In file included from C:\Users\pperv\code\unnamed_rpg\vendor\json\include\nlohmann/adl_serializer.hpp:14:
[build] In file included from C:\Users\pperv\code\unnamed_rpg\vendor\json\include\nlohmann/detail/conversions/from_json.hpp:27:
[build] C:\Users\pperv\code\unnamed_rpg\vendor\json\include\nlohmann/detail/meta/identity_tag.hpp(13,1): warning: empty macro arguments are incompatible with C++98 [-Wc++98-compat-pedantic]
[build]    13 | NLOHMANN_JSON_NAMESPACE_BEGIN
[build]       | ^
[build] C:\Users\pperv\code\unnamed_rpg\vendor\json\include\nlohmann/detail/abi_macros.hpp(102,17): note: expanded from macro 'NLOHMANN_JSON_NAMESPACE_BEGIN'
[build]   102 |                 NLOHMANN_JSON_ABI_TAGS,              \
[build]       |                 ^
[build] C:\Users\pperv\code\unnamed_rpg\vendor\json\include\nlohmann/detail/abi_macros.hpp(65,5): note: expanded from macro 'NLOHMANN_JSON_ABI_TAGS'
[build]    65 |     NLOHMANN_JSON_ABI_TAGS_CONCAT(                                   \
[build]       |     ^
[build] C:\Users\pperv\code\unnamed_rpg\vendor\json\include\nlohmann/detail/abi_macros.hpp(62,39): note: expanded from macro 'NLOHMANN_JSON_ABI_TAGS_CONCAT'
[build]    62 |     NLOHMANN_JSON_ABI_TAGS_CONCAT_EX(a, b, c)
[build]       |                                       ^
[build] In file included from C:\Users\pperv\code\unnamed_rpg\vendor\json-schema-validator\src\json-patch.cpp:1:
[build] In file included from C:\Users\pperv\code\unnamed_rpg\vendor\json-schema-validator\src\json-patch.hpp:3:
[build] In file included from C:\Users\pperv\code\unnamed_rpg\vendor\json\include\nlohmann/json.hpp:44:
[build] In file included from C:\Users\pperv\code\unnamed_rpg\vendor\json\include\nlohmann/adl_serializer.hpp:14:
[build] In file included from C:\Users\pperv\code\unnamed_rpg\vendor\json\include\nlohmann/detail/conversions/from_json.hpp:27:
[build] C:\Users\pperv\code\unnamed_rpg\vendor\json\include\nlohmann/detail/meta/identity_tag.hpp(13,1): warning: empty macro arguments are incompatible with C++98 [-Wc++98-compat-pedantic]
[build] C:\Users\pperv\code\unnamed_rpg\vendor\json\include\nlohmann/detail/abi_macros.hpp(102,17): note: expanded from macro 'NLOHMANN_JSON_NAMESPACE_BEGIN'
[build]   102 |                 NLOHMANN_JSON_ABI_TAGS,              \
[build]       |                 ^
[build] C:\Users\pperv\code\unnamed_rpg\vendor\json\include\nlohmann/detail/abi_macros.hpp(65,5): note: expanded from macro 'NLOHMANN_JSON_ABI_TAGS'
[build]    65 |     NLOHMANN_JSON_ABI_TAGS_CONCAT(                                   \
[build]       |     ^
[build] C:\Users\pperv\code\unnamed_rpg\vendor\json\include\nlohmann/detail/abi_macros.hpp(62,42): note: expanded from macro 'NLOHMANN_JSON_ABI_TAGS_CONCAT'
[build]    62 |     NLOHMANN_JSON_ABI_TAGS_CONCAT_EX(a, b, c)
[build]       |                                          ^
[build] In file included from C:\Users\pperv\code\unnamed_rpg\vendor\json-schema-validator\src\json-patch.cpp:1:
[build] In file included from C:\Users\pperv\code\unnamed_rpg\vendor\json-schema-validator\src\json-patch.hpp:3:
[build] In file included from C:\Users\pperv\code\unnamed_rpg\vendor\json\include\nlohmann/json.hpp:44:
[build] In file included from C:\Users\pperv\code\unnamed_rpg\vendor\json\include\nlohmann/adl_serializer.hpp:14:
[build] In file included from C:\Users\pperv\code\unnamed_rpg\vendor\json\include\nlohmann/detail/conversions/from_json.hpp:27:
[build] C:\Users\pperv\code\unnamed_rpg\vendor\json\include\nlohmann/detail/meta/identity_tag.hpp(13,1): warning: empty macro arguments are incompatible with C++98 [-Wc++98-compat-pedantic]
[build] C:\Users\pperv\code\unnamed_rpg\vendor\json\include\nlohmann/detail/abi_macros.hpp(102,17): note: expanded from macro 'NLOHMANN_JSON_NAMESPACE_BEGIN'
[build]   102 |                 NLOHMANN_JSON_ABI_TAGS,              \
[build]       |                 ^
[build] C:\Users\pperv\code\unnamed_rpg\vendor\json\include\nlohmann/detail/abi_macros.hpp(65,5): note: expanded from macro 'NLOHMANN_JSON_ABI_TAGS'
[build]    65 |     NLOHMANN_JSON_ABI_TAGS_CONCAT(                                   \
[build]       |     ^
[build] C:\Users\pperv\code\unnamed_rpg\vendor\json\include\nlohmann/detail/abi_macros.hpp(62,45): note: expanded from macro 'NLOHMANN_JSON_ABI_TAGS_CONCAT'
[build]    62 |     NLOHMANN_JSON_ABI_TAGS_CONCAT_EX(a, b, c)
[build]       |                                             ^
[build] In file included from C:\Users\pperv\code\unnamed_rpg\vendor\json-schema-validator\src\json-patch.cpp:1:
[build] In file included from C:\Users\pperv\code\unnamed_rpg\vendor\json-schema-validator\src\json-patch.hpp:3:
[build] In file included from C:\Users\pperv\code\unnamed_rpg\vendor\json\include\nlohmann/json.hpp:44:
[build] In file included from C:\Users\pperv\code\unnamed_rpg\vendor\json\include\nlohmann/adl_serializer.hpp:14:
[build] In file included from C:\Users\pperv\code\unnamed_rpg\vendor\json\include\nlohmann/detail/conversions/from_json.hpp:27:
[build] C:\Users\pperv\code\unnamed_rpg\vendor\json\include\nlohmann/detail/meta/identity_tag.hpp(13,1): warning: inline namespaces are incompatible with C++98 [-Wc++98-compat]
[build] C:\Users\pperv\code\unnamed_rpg\vendor\json\include\nlohmann/detail/abi_macros.hpp(101,5): note: expanded from macro 'NLOHMANN_JSON_NAMESPACE_BEGIN'
[build]   101 |     inline namespace NLOHMANN_JSON_NAMESPACE_CONCAT( \
[build]       |     ^
[build] In file included from C:\Users\pperv\code\unnamed_rpg\vendor\json-schema-validator\src\json-patch.cpp:1:
[build] In file included from C:\Users\pperv\code\unnamed_rpg\vendor\json-schema-validator\src\json-patch.hpp:3:
[build] In file included from C:\Users\pperv\code\unnamed_rpg\vendor\json\include\nlohmann/json.hpp:44:
[build] In file included from C:\Users\pperv\code\unnamed_rpg\vendor\json\include\nlohmann/adl_serializer.hpp:14:
[build] In file included from C:\Users\pperv\code\unnamed_rpg\vendor\json\include\nlohmann/detail/conversions/from_json.hpp:30:
[build] C:\Users\pperv\code\unnamed_rpg\vendor\json\include\nlohmann/detail/meta/logic.hpp(5,1): warning: empty macro arguments are incompatible with C++98 [-Wc++98-compat-pedantic]
[build]     5 | NLOHMANN_JSON_NAMESPACE_BEGIN
[build]       | ^
[build] C:\Users\pperv\code\unnamed_rpg\vendor\json\include\nlohmann/detail/abi_macros.hpp(102,17): note: expanded from macro 'NLOHMANN_JSON_NAMESPACE_BEGIN'
[build]   102 |                 NLOHMANN_JSON_ABI_TAGS,              \
[build]       |                 ^
[build] C:\Users\pperv\code\unnamed_rpg\vendor\json\include\nlohmann/detail/abi_macros.hpp(65,5): note: expanded from macro 'NLOHMANN_JSON_ABI_TAGS'
[build]    65 |     NLOHMANN_JSON_ABI_TAGS_CONCAT(                                   \
[build]       |     ^
[build] C:\Users\pperv\code\unnamed_rpg\vendor\json\include\nlohmann/detail/abi_macros.hpp(62,39): note: expanded from macro 'NLOHMANN_JSON_ABI_TAGS_CONCAT'
[build]    62 |     NLOHMANN_JSON_ABI_TAGS_CONCAT_EX(a, b, c)
[build]       |                                       ^
[build] In file included from C:\Users\pperv\code\unnamed_rpg\vendor\json-schema-validator\src\json-patch.cpp:1:
[build] In file included from C:\Users\pperv\code\unnamed_rpg\vendor\json-schema-validator\src\json-patch.hpp:3:
[build] In file included from C:\Users\pperv\code\unnamed_rpg\vendor\json\include\nlohmann/json.hpp:44:
[build] In file included from C:\Users\pperv\code\unnamed_rpg\vendor\json\include\nlohmann/adl_serializer.hpp:14:
[build] In file included from C:\Users\pperv\code\unnamed_rpg\vendor\json\include\nlohmann/detail/conversions/from_json.hpp:30:
[build] C:\Users\pperv\code\unnamed_rpg\vendor\json\include\nlohmann/detail/meta/logic.hpp(5,1): warning: empty macro arguments are incompatible with C++98 [-Wc++98-compat-pedantic]
[build] C:\Users\pperv\code\unnamed_rpg\vendor\json\include\nlohmann/detail/abi_macros.hpp(102,17): note: expanded from macro 'NLOHMANN_JSON_NAMESPACE_BEGIN'
[build]   102 |                 NLOHMANN_JSON_ABI_TAGS,              \
[build]       |                 ^
[build] C:\Users\pperv\code\unnamed_rpg\vendor\json\include\nlohmann/detail/abi_macros.hpp(65,5): note: expanded from macro 'NLOHMANN_JSON_ABI_TAGS'
[build]    65 |     NLOHMANN_JSON_ABI_TAGS_CONCAT(                                   \
[build]       |     ^
[build] C:\Users\pperv\code\unnamed_rpg\vendor\json\include\nlohmann/detail/abi_macros.hpp(62,42): note: expanded from macro 'NLOHMANN_JSON_ABI_TAGS_CONCAT'
[build]    62 |     NLOHMANN_JSON_ABI_TAGS_CONCAT_EX(a, b, c)
[build]       |                                          ^
[build] In file included from C:\Users\pperv\code\unnamed_rpg\vendor\json-schema-validator\src\json-patch.cpp:1:
[build] In file included from C:\Users\pperv\code\unnamed_rpg\vendor\json-schema-validator\src\json-patch.hpp:3:
[build] In file included from C:\Users\pperv\code\unnamed_rpg\vendor\json\include\nlohmann/json.hpp:44:
[build] In file included from C:\Users\pperv\code\unnamed_rpg\vendor\json\include\nlohmann/adl_serializer.hpp:14:
[build] In file included from C:\Users\pperv\code\unnamed_rpg\vendor\json\include\nlohmann/detail/conversions/from_json.hpp:30:
[build] C:\Users\pperv\code\unnamed_rpg\vendor\json\include\nlohmann/detail/meta/logic.hpp(5,1): warning: empty macro arguments are incompatible with C++98 [-Wc++98-compat-pedantic]
[build] C:\Users\pperv\code\unnamed_rpg\vendor\json\include\nlohmann/detail/abi_macros.hpp(102,17): note: expanded from macro 'NLOHMANN_JSON_NAMESPACE_BEGIN'
[build]   102 |                 NLOHMANN_JSON_ABI_TAGS,              \
[build]       |                 ^
[build] C:\Users\pperv\code\unnamed_rpg\vendor\json\include\nlohmann/detail/abi_macros.hpp(65,5): note: expanded from macro 'NLOHMANN_JSON_ABI_TAGS'
[build]    65 |     NLOHMANN_JSON_ABI_TAGS_CONCAT(                                   \
[build]       |     ^
[build] C:\Users\pperv\code\unnamed_rpg\vendor\json\include\nlohmann/detail/abi_macros.hpp(62,45): note: expanded from macro 'NLOHMANN_JSON_ABI_TAGS_CONCAT'
[build]    62 |     NLOHMANN_JSON_ABI_TAGS_CONCAT_EX(a, b, c)
[build]       |                                             ^
[build] In file included from C:\Users\pperv\code\unnamed_rpg\vendor\json-schema-validator\src\json-patch.cpp:1:
[build] In file included from C:\Users\pperv\code\unnamed_rpg\vendor\json-schema-validator\src\json-patch.hpp:3:
[build] In file included from C:\Users\pperv\code\unnamed_rpg\vendor\json\include\nlohmann/json.hpp:44:
[build] In file included from C:\Users\pperv\code\unnamed_rpg\vendor\json\include\nlohmann/adl_serializer.hpp:14:
[build] In file included from C:\Users\pperv\code\unnamed_rpg\vendor\json\include\nlohmann/detail/conversions/from_json.hpp:30:
[build] C:\Users\pperv\code\unnamed_rpg\vendor\json\include\nlohmann/detail/meta/logic.hpp(5,1): warning: inline namespaces are incompatible with C++98 [-Wc++98-compat]
[build] C:\Users\pperv\code\unnamed_rpg\vendor\json\include\nlohmann/detail/abi_macros.hpp(101,5): note: expanded from macro 'NLOHMANN_JSON_NAMESPACE_BEGIN'
[build]   101 |     inline namespace NLOHMANN_JSON_NAMESPACE_CONCAT( \
[build]       |     ^
[build] In file included from C:\Users\pperv\code\unnamed_rpg\vendor\json-schema-validator\src\json-patch.cpp:1:
[build] In file included from C:\Users\pperv\code\unnamed_rpg\vendor\json-schema-validator\src\json-patch.hpp:3:
[build] In file included from C:\Users\pperv\code\unnamed_rpg\vendor\json\include\nlohmann/json.hpp:44:
[build] In file included from C:\Users\pperv\code\unnamed_rpg\vendor\json\include\nlohmann/adl_serializer.hpp:14:
[build] In file included from C:\Users\pperv\code\unnamed_rpg\vendor\json\include\nlohmann/detail/conversions/from_json.hpp:30:
[build] C:\Users\pperv\code\unnamed_rpg\vendor\json\include\nlohmann/detail/meta/logic.hpp(18,14): warning: variadic templates are incompatible with C++98 [-Wc++98-compat]
[build]    18 | template<bool... Booleans>
[build]       |              ^
[build] C:\Users\pperv\code\unnamed_rpg\vendor\json\include\nlohmann/detail/meta/logic.hpp(21,14): warning: variadic templates are incompatible with C++98 [-Wc++98-compat]
[build]    21 | template<bool... Booleans>
[build]       |              ^
[build] C:\Users\pperv\code\unnamed_rpg\vendor\json\include\nlohmann/detail/meta/logic.hpp(24,14): warning: variadic templates are incompatible with C++98 [-Wc++98-compat]
[build]    24 | template<bool... Booleans>
[build]       |              ^
[build] C:\Users\pperv\code\unnamed_rpg\vendor\json\include\nlohmann/detail/meta/logic.hpp(27,14): warning: variadic templates are incompatible with C++98 [-Wc++98-compat]
[build]    27 | template<bool... Booleans>
[build]       |              ^
[build] C:\Users\pperv\code\unnamed_rpg\vendor\json\include\nlohmann/detail/meta/logic.hpp(30,14): warning: variadic templates are incompatible with C++98 [-Wc++98-compat]
[build]    30 | template<bool... Booleans>
[build]       |              ^
[build] C:\Users\pperv\code\unnamed_rpg\vendor\json\include\nlohmann/detail/meta/logic.hpp(33,14): warning: variadic templates are incompatible with C++98 [-Wc++98-compat]
[build]    33 | template<bool... Booleans>
[build]       |              ^
[build] C:\Users\pperv\code\unnamed_rpg\vendor\json\include\nlohmann/detail/meta/logic.hpp(41,15): warning: variadic templates are incompatible with C++98 [-Wc++98-compat]
[build]    41 | template<class... Booleans>
[build]       |               ^
[build] C:\Users\pperv\code\unnamed_rpg\vendor\json\include\nlohmann/detail/meta/logic.hpp(44,14): warning: variadic templates are incompatible with C++98 [-Wc++98-compat]
[build]    44 | template<bool... Booleans>
[build]       |              ^
[build] C:\Users\pperv\code\unnamed_rpg\vendor\json\include\nlohmann/detail/meta/logic.hpp(47,15): warning: variadic templates are incompatible with C++98 [-Wc++98-compat]
[build]    47 | template<class... Booleans>
[build]       |               ^
[build] C:\Users\pperv\code\unnamed_rpg\vendor\json\include\nlohmann/detail/meta/logic.hpp(50,14): warning: variadic templates are incompatible with C++98 [-Wc++98-compat]
[build]    50 | template<bool... Booleans>
[build]       |              ^
[build] In file included from C:\Users\pperv\code\unnamed_rpg\vendor\json-schema-validator\src\json-patch.cpp:1:
[build] In file included from C:\Users\pperv\code\unnamed_rpg\vendor\json-schema-validator\src\json-patch.hpp:3:
[build] In file included from C:\Users\pperv\code\unnamed_rpg\vendor\json\include\nlohmann/json.hpp:44:
[build] In file included from C:\Users\pperv\code\unnamed_rpg\vendor\json\include\nlohmann/adl_serializer.hpp:14:
[build] C:\Users\pperv\code\unnamed_rpg\vendor\json\include\nlohmann/detail/conversions/from_json.hpp(43,1): warning: empty macro arguments are incompatible with C++98 [-Wc++98-compat-pedantic]
[build]    43 | NLOHMANN_JSON_NAMESPACE_BEGIN
[build]       | ^
[build] C:\Users\pperv\code\unnamed_rpg\vendor\json\include\nlohmann/detail/abi_macros.hpp(102,17): note: expanded from macro 'NLOHMANN_JSON_NAMESPACE_BEGIN'
[build]   102 |                 NLOHMANN_JSON_ABI_TAGS,              \
[build]       |                 ^
[build] C:\Users\pperv\code\unnamed_rpg\vendor\json\include\nlohmann/detail/abi_macros.hpp(65,5): note: expanded from macro 'NLOHMANN_JSON_ABI_TAGS'
[build]    65 |     NLOHMANN_JSON_ABI_TAGS_CONCAT(                                   \
[build]       |     ^
[build] C:\Users\pperv\code\unnamed_rpg\vendor\json\include\nlohmann/detail/abi_macros.hpp(62,39): note: expanded from macro 'NLOHMANN_JSON_ABI_TAGS_CONCAT'
[build]    62 |     NLOHMANN_JSON_ABI_TAGS_CONCAT_EX(a, b, c)
[build]       |                                       ^
[build] In file included from C:\Users\pperv\code\unnamed_rpg\vendor\json-schema-validator\src\json-patch.cpp:1:
[build] In file included from C:\Users\pperv\code\unnamed_rpg\vendor\json-schema-validator\src\json-patch.hpp:3:
[build] In file included from C:\Users\pperv\code\unnamed_rpg\vendor\json\include\nlohmann/json.hpp:44:
[build] In file included from C:\Users\pperv\code\unnamed_rpg\vendor\json\include\nlohmann/adl_serializer.hpp:14:
[build] C:\Users\pperv\code\unnamed_rpg\vendor\json\include\nlohmann/detail/conversions/from_json.hpp(43,1): warning: empty macro arguments are incompatible with C++98 [-Wc++98-compat-pedantic]
[build] C:\Users\pperv\code\unnamed_rpg\vendor\json\include\nlohmann/detail/abi_macros.hpp(102,17): note: expanded from macro 'NLOHMANN_JSON_NAMESPACE_BEGIN'
[build]   102 |                 NLOHMANN_JSON_ABI_TAGS,              \
[build]       |                 ^
[build] C:\Users\pperv\code\unnamed_rpg\vendor\json\include\nlohmann/detail/abi_macros.hpp(65,5): note: expanded from macro 'NLOHMANN_JSON_ABI_TAGS'
[build]    65 |     NLOHMANN_JSON_ABI_TAGS_CONCAT(                                   \
[build]       |     ^
[build] C:\Users\pperv\code\unnamed_rpg\vendor\json\include\nlohmann/detail/abi_macros.hpp(62,42): note: expanded from macro 'NLOHMANN_JSON_ABI_TAGS_CONCAT'
[build]    62 |     NLOHMANN_JSON_ABI_TAGS_CONCAT_EX(a, b, c)
[build]       |                                          ^
[build] In file included from C:\Users\pperv\code\unnamed_rpg\vendor\json-schema-validator\src\json-patch.cpp:1:
[build] In file included from C:\Users\pperv\code\unnamed_rpg\vendor\json-schema-validator\src\json-patch.hpp:3:
[build] In file included from C:\Users\pperv\code\unnamed_rpg\vendor\json\include\nlohmann/json.hpp:44:
[build] In file included from C:\Users\pperv\code\unnamed_rpg\vendor\json\include\nlohmann/adl_serializer.hpp:14:
[build] C:\Users\pperv\code\unnamed_rpg\vendor\json\include\nlohmann/detail/conversions/from_json.hpp(43,1): warning: empty macro arguments are incompatible with C++98 [-Wc++98-compat-pedantic]
[build] C:\Users\pperv\code\unnamed_rpg\vendor\json\include\nlohmann/detail/abi_macros.hpp(102,17): note: expanded from macro 'NLOHMANN_JSON_NAMESPACE_BEGIN'
[build]   102 |                 NLOHMANN_JSON_ABI_TAGS,              \
[build]       |                 ^
[build] C:\Users\pperv\code\unnamed_rpg\vendor\json\include\nlohmann/detail/abi_macros.hpp(65,5): note: expanded from macro 'NLOHMANN_JSON_ABI_TAGS'
[build]    65 |     NLOHMANN_JSON_ABI_TAGS_CONCAT(                                   \
[build]       |     ^
[build] C:\Users\pperv\code\unnamed_rpg\vendor\json\include\nlohmann/detail/abi_macros.hpp(62,45): note: expanded from macro 'NLOHMANN_JSON_ABI_TAGS_CONCAT'
[build]    62 |     NLOHMANN_JSON_ABI_TAGS_CONCAT_EX(a, b, c)
[build]       |                                             ^
[build] In file included from C:\Users\pperv\code\unnamed_rpg\vendor\json-schema-validator\src\json-patch.cpp:1:
[build] In file included from C:\Users\pperv\code\unnamed_rpg\vendor\json-schema-validator\src\json-patch.hpp:3:
[build] In file included from C:\Users\pperv\code\unnamed_rpg\vendor\json\include\nlohmann/json.hpp:44:
[build] In file included from C:\Users\pperv\code\unnamed_rpg\vendor\json\include\nlohmann/adl_serializer.hpp:14:
[build] C:\Users\pperv\code\unnamed_rpg\vendor\json\include\nlohmann/detail/conversions/from_json.hpp(43,1): warning: inline namespaces are incompatible with C++98 [-Wc++98-compat]
[build] C:\Users\pperv\code\unnamed_rpg\vendor\json\include\nlohmann/detail/abi_macros.hpp(101,5): note: expanded from macro 'NLOHMANN_JSON_NAMESPACE_BEGIN'
[build]   101 |     inline namespace NLOHMANN_JSON_NAMESPACE_CONCAT( \
[build]       |     ^
[build] In file included from C:\Users\pperv\code\unnamed_rpg\vendor\json-schema-validator\src\json-patch.cpp:1:
[build] In file included from C:\Users\pperv\code\unnamed_rpg\vendor\json-schema-validator\src\json-patch.hpp:3:
[build] In file included from C:\Users\pperv\code\unnamed_rpg\vendor\json\include\nlohmann/json.hpp:44:
[build] In file included from C:\Users\pperv\code\unnamed_rpg\vendor\json\include\nlohmann/adl_serializer.hpp:14:
[build] C:\Users\pperv\code\unnamed_rpg\vendor\json\include\nlohmann/detail/conversions/from_json.hpp(77,32): warning: default template arguments for a function template are incompatible with C++98 [-Wc++98-compat]
[build]    77 |                          int > = 0 >
[build]       |                                ^ ~
[build] C:\Users\pperv\code\unnamed_rpg\vendor\json\include\nlohmann/detail/conversions/from_json.hpp(136,51): warning: default template arguments for a function template are incompatible with C++98 [-Wc++98-compat]
[build]   136 |         && !is_json_ref<StringType>::value, int > = 0 >
[build]       |                                                   ^ ~
[build] C:\Users\pperv\code\unnamed_rpg\vendor\json\include\nlohmann/detail/conversions/from_json.hpp(167,58): warning: default template arguments for a function template are incompatible with C++98 [-Wc++98-compat]
[build]   167 |          enable_if_t<std::is_enum<EnumType>::value, int> = 0>
[build]       |                                                          ^ ~
[build] C:\Users\pperv\code\unnamed_rpg\vendor\json\include\nlohmann/detail/conversions/from_json.hpp(178,64): warning: default template arguments for a function template are incompatible with C++98 [-Wc++98-compat]
[build]   178 |          enable_if_t<is_getable<BasicJsonType, T>::value, int> = 0>
[build]       |                                                                ^ ~
[build] C:\Users\pperv\code\unnamed_rpg\vendor\json\include\nlohmann/detail/conversions/from_json.hpp(195,64): warning: default template arguments for a function template are incompatible with C++98 [-Wc++98-compat]
[build]   195 |          enable_if_t<is_getable<BasicJsonType, T>::value, int> = 0>
[build]       |                                                                ^ ~
[build] C:\Users\pperv\code\unnamed_rpg\vendor\json\include\nlohmann/detail/conversions/from_json.hpp(212,1): warning: trailing return types are incompatible with C++98 [-Wc++98-compat]
[build]   212 | -> decltype(j.template get<T>(), void())
[build]       | ^
[build] C:\Users\pperv\code\unnamed_rpg\vendor\json\include\nlohmann/detail/conversions/from_json.hpp(212,4): warning: 'decltype' type specifier is incompatible with C++98 [-Wc++98-compat]
[build]   212 | -> decltype(j.template get<T>(), void())
[build]       |    ^
[build] C:\Users\pperv\code\unnamed_rpg\vendor\json\include\nlohmann/detail/conversions/from_json.hpp(222,1): warning: trailing return types are incompatible with C++98 [-Wc++98-compat]
[build]   222 | -> decltype(j.template get<T>(), void())
[build]       | ^
[build] C:\Users\pperv\code\unnamed_rpg\vendor\json\include\nlohmann/detail/conversions/from_json.hpp(222,4): warning: 'decltype' type specifier is incompatible with C++98 [-Wc++98-compat]
[build]   222 | -> decltype(j.template get<T>(), void())
[build]       |    ^
[build] C:\Users\pperv\code\unnamed_rpg\vendor\json\include\nlohmann/detail/conversions/from_json.hpp(235,1): warning: trailing return types are incompatible with C++98 [-Wc++98-compat]
[build]   235 | -> decltype(j.template get<T>(), void())
[build]       | ^
[build] C:\Users\pperv\code\unnamed_rpg\vendor\json\include\nlohmann/detail/conversions/from_json.hpp(235,4): warning: 'decltype' type specifier is incompatible with C++98 [-Wc++98-compat]
[build]   235 | -> decltype(j.template get<T>(), void())
[build]       |    ^
[build] C:\Users\pperv\code\unnamed_rpg\vendor\json\include\nlohmann/detail/conversions/from_json.hpp(251,1): warning: trailing return types are incompatible with C++98 [-Wc++98-compat]
[build]   251 | -> decltype(j.template get<T>(), void())
[build]       | ^
[build] C:\Users\pperv\code\unnamed_rpg\vendor\json\include\nlohmann/detail/conversions/from_json.hpp(251,4): warning: 'decltype' type specifier is incompatible with C++98 [-Wc++98-compat]
[build]   251 | -> decltype(j.template get<T>(), void())
[build]       |    ^
[build] C:\Users\pperv\code\unnamed_rpg\vendor\json\include\nlohmann/detail/conversions/from_json.hpp(277,1): warning: trailing return types are incompatible with C++98 [-Wc++98-compat]
[build]   277 | -> decltype(j.template get<T>(), void())
[build]       | ^
[build] C:\Users\pperv\code\unnamed_rpg\vendor\json\include\nlohmann/detail/conversions/from_json.hpp(277,4): warning: 'decltype' type specifier is incompatible with C++98 [-Wc++98-compat]
[build]   277 | -> decltype(j.template get<T>(), void())
[build]       |    ^
[build] C:\Users\pperv\code\unnamed_rpg\vendor\json\include\nlohmann/detail/conversions/from_json.hpp(290,1): warning: trailing return types are incompatible with C++98 [-Wc++98-compat]
[build]   290 | -> decltype(
[build]       | ^
[build] C:\Users\pperv\code\unnamed_rpg\vendor\json\include\nlohmann/detail/conversions/from_json.hpp(290,4): warning: 'decltype' type specifier is incompatible with C++98 [-Wc++98-compat]
[build]   290 | -> decltype(
[build]       |    ^
[build] C:\Users\pperv\code\unnamed_rpg\vendor\json\include\nlohmann/detail/conversions/from_json.hpp(288,19): warning: default template arguments for a function template are incompatible with C++98 [-Wc++98-compat]
[build]   288 |              int> = 0>
[build]       |                   ^ ~
[build] C:\Users\pperv\code\unnamed_rpg\vendor\json\include\nlohmann/detail/conversions/from_json.hpp(312,19): warning: default template arguments for a function template are incompatible with C++98 [-Wc++98-compat]
[build]   312 |              int> = 0>
[build]       |                   ^ ~
[build] C:\Users\pperv\code\unnamed_rpg\vendor\json\include\nlohmann/detail/conversions/from_json.hpp(340,1): warning: trailing return types are incompatible with C++98 [-Wc++98-compat]
[build]   340 | -> decltype(from_json_array_impl(j, arr, priority_tag<3> {}),
[build]       | ^
[build] C:\Users\pperv\code\unnamed_rpg\vendor\json\include\nlohmann/detail/conversions/from_json.hpp(340,4): warning: 'decltype' type specifier is incompatible with C++98 [-Wc++98-compat]
[build]   340 | -> decltype(from_json_array_impl(j, arr, priority_tag<3> {}),
[build]       |    ^
[build] C:\Users\pperv\code\unnamed_rpg\vendor\json\include\nlohmann/detail/conversions/from_json.hpp(340,58): warning: generalized initializer lists are incompatible with C++98 [-Wc++98-compat]
[build]   340 | -> decltype(from_json_array_impl(j, arr, priority_tag<3> {}),
[build]       |                                                          ^
[build] C:\Users\pperv\code\unnamed_rpg\vendor\json\include\nlohmann/detail/conversions/from_json.hpp(340,58): warning: constructor call from initializer list is incompatible with C++98 [-Wc++98-compat]
[build]   340 | -> decltype(from_json_array_impl(j, arr, priority_tag<3> {}),
[build]       |                                                          ^~
[build] C:\Users\pperv\code\unnamed_rpg\vendor\json\include\nlohmann/detail/conversions/from_json.hpp(338,22): warning: default template arguments for a function template are incompatible with C++98 [-Wc++98-compat]
[build]   338 |                int > = 0 >
[build]       |                      ^ ~
[build] C:\Users\pperv\code\unnamed_rpg\vendor\json\include\nlohmann/detail/conversions/from_json.hpp(352,59): warning: variadic templates are incompatible with C++98 [-Wc++98-compat]
[build]   352 | template < typename BasicJsonType, typename T, std::size_t... Idx >
[build]       |                                                           ^
[build] C:\Users\pperv\code\unnamed_rpg\vendor\json\include\nlohmann/detail/conversions/from_json.hpp(353,73): warning: rvalue references are incompatible with C++98 [-Wc++98-compat]
[build]   353 | std::array<T, sizeof...(Idx)> from_json_inplace_array_impl(BasicJsonType&& j,
[build]       |                                                                         ^
[build] C:\Users\pperv\code\unnamed_rpg\vendor\json\include\nlohmann/detail/conversions/from_json.hpp(354,63): warning: consecutive right angle brackets are incompatible with C++98 (use '> >') [-Wc++98-compat]
[build]   354 |                      identity_tag<std::array<T, sizeof...(Idx)>> /*unused*/, index_sequence<Idx...> /*unused*/)
[build]       |                                                               ^~
[build]       |                                                               > >
[build] C:\Users\pperv\code\unnamed_rpg\vendor\json\include\nlohmann/detail/conversions/from_json.hpp(360,29): warning: rvalue references are incompatible with C++98 [-Wc++98-compat]
[build]   360 | auto from_json(BasicJsonType&& j, identity_tag<std::array<T, N>> tag)
[build]       |                             ^
[build] C:\Users\pperv\code\unnamed_rpg\vendor\json\include\nlohmann/detail/conversions/from_json.hpp(360,63): warning: consecutive right angle brackets are incompatible with C++98 (use '> >') [-Wc++98-compat]
[build]   360 | auto from_json(BasicJsonType&& j, identity_tag<std::array<T, N>> tag)
[build]       |                                                               ^~
[build]       |                                                               > >
[build] C:\Users\pperv\code\unnamed_rpg\vendor\json\include\nlohmann/detail/conversions/from_json.hpp(361,1): warning: trailing return types are incompatible with C++98 [-Wc++98-compat]
[build]   361 | -> decltype(from_json_inplace_array_impl(std::forward<BasicJsonType>(j), tag, make_index_sequence<N> {}))
[build]       | ^
[build] C:\Users\pperv\code\unnamed_rpg\vendor\json\include\nlohmann/detail/conversions/from_json.hpp(361,4): warning: 'decltype' type specifier is incompatible with C++98 [-Wc++98-compat]
[build]   361 | -> decltype(from_json_inplace_array_impl(std::forward<BasicJsonType>(j), tag, make_index_sequence<N> {}))
[build]       |    ^
[build] C:\Users\pperv\code\unnamed_rpg\vendor\json\include\nlohmann/detail/conversions/from_json.hpp(361,102): warning: generalized initializer lists are incompatible with C++98 [-Wc++98-compat]
[build]   361 | -> decltype(from_json_inplace_array_impl(std::forward<BasicJsonType>(j), tag, make_index_sequence<N> {}))
[build]       |                                                                                                      ^
[build] C:\Users\pperv\code\unnamed_rpg\vendor\json\include\nlohmann/detail/conversions/from_json.hpp(384,32): warning: default template arguments for a function template are incompatible with C++98 [-Wc++98-compat]
[build]   384 |                          int > = 0 >
[build]       |                                ^ ~
[build] C:\Users\pperv\code\unnamed_rpg\vendor\json\include\nlohmann/detail/conversions/from_json.hpp(402,104): warning: default template arguments for a function template are incompatible with C++98 [-Wc++98-compat]
[build]   402 |          enable_if_t<is_constructible_object_type<BasicJsonType, ConstructibleObjectType>::value, int> = 0>
[build]       |                                                                                                        ^ ~
[build] C:\Users\pperv\code\unnamed_rpg\vendor\json\include\nlohmann/detail/conversions/from_json.hpp(430,22): warning: default template arguments for a function template are incompatible with C++98 [-Wc++98-compat]
[build]   430 |                int > = 0 >
[build]       |                      ^ ~
[build] C:\Users\pperv\code\unnamed_rpg\vendor\json\include\nlohmann/detail/conversions/from_json.hpp(468,63): warning: rvalue references are incompatible with C++98 [-Wc++98-compat]
[build]   468 | detail::uncvref_t<Type> from_json_tuple_get_impl(BasicJsonType&& j, detail::identity_tag<Type> /*unused*/, detail::priority_tag<0> /*unused*/)
[build]       |                                                               ^
[build] C:\Users\pperv\code\unnamed_rpg\vendor\json\include\nlohmann/detail/conversions/from_json.hpp(475,45): warning: rvalue references are incompatible with C++98 [-Wc++98-compat]
[build]   475 | Type from_json_tuple_get_impl(BasicJsonType && j, detail::identity_tag<Type> /*unused*/, detail::priority_tag<1> /*unused*/)
[build]       |                                             ^
[build] C:\Users\pperv\code\unnamed_rpg\vendor\json\include\nlohmann/detail/conversions/from_json.hpp(474,101): warning: default template arguments for a function template are incompatible with C++98 [-Wc++98-compat]
[build]   474 |          detail::enable_if_t<detail::is_compatible_reference_type<BasicJsonType, Type>::value, int> = 0>
[build]       |                                                                                                     ^ ~
[build] C:\Users\pperv\code\unnamed_rpg\vendor\json\include\nlohmann/detail/conversions/from_json.hpp(481,63): warning: consecutive right angle brackets are incompatible with C++98 (use '> >') [-Wc++98-compat]
[build]   481 |          detail::enable_if_t<std::is_arithmetic<uncvref_t<Type>>::value, int> = 0>
[build]       |                                                               ^~
[build]       |                                                               > >
[build] C:\Users\pperv\code\unnamed_rpg\vendor\json\include\nlohmann/detail/conversions/from_json.hpp(482,64): warning: rvalue references are incompatible with C++98 [-Wc++98-compat]
[build]   482 | detail::uncvref_t<Type> from_json_tuple_get_impl(BasicJsonType && j, detail::identity_tag<Type> /*unused*/, detail::priority_tag<2> /*unused*/)
[build]       |                                                                ^
[build] C:\Users\pperv\code\unnamed_rpg\vendor\json\include\nlohmann/detail/conversions/from_json.hpp(481,79): warning: default template arguments for a function template are incompatible with C++98 [-Wc++98-compat]
[build]   481 |          detail::enable_if_t<std::is_arithmetic<uncvref_t<Type>>::value, int> = 0>
[build]       |                                                                               ^ ~
[build] C:\Users\pperv\code\unnamed_rpg\vendor\json\include\nlohmann/detail/conversions/from_json.hpp(487,65): warning: variadic templates are incompatible with C++98 [-Wc++98-compat]
[build]   487 | template<std::size_t PTagValue, typename BasicJsonType, typename... Types>
[build]       |                                                                 ^
[build] C:\Users\pperv\code\unnamed_rpg\vendor\json\include\nlohmann/detail/conversions/from_json.hpp(488,20): warning: alias declarations are incompatible with C++98 [-Wc++98-compat]
[build]   488 | using tuple_type = std::tuple < decltype(from_json_tuple_get_impl(std::declval<BasicJsonType>(), detail::identity_tag<Types> {}, detail::priority_tag<PTagValue> {}))... >;
[build]       |                    ^
[build] C:\Users\pperv\code\unnamed_rpg\vendor\json\include\nlohmann/detail/conversions/from_json.hpp(488,33): warning: 'decltype' type specifier is incompatible with C++98 [-Wc++98-compat]
[build]   488 | using tuple_type = std::tuple < decltype(from_json_tuple_get_impl(std::declval<BasicJsonType>(), detail::identity_tag<Types> {}, detail::priority_tag<PTagValue> {}))... >;
[build]       |                                 ^
[build] C:\Users\pperv\code\unnamed_rpg\vendor\json\include\nlohmann/detail/conversions/from_json.hpp(488,126): warning: generalized initializer lists are incompatible with C++98 [-Wc++98-compat]
[build]   488 | using tuple_type = std::tuple < decltype(from_json_tuple_get_impl(std::declval<BasicJsonType>(), detail::identity_tag<Types> {}, detail::priority_tag<PTagValue> {}))... >;
[build]       |                                                                                                                              ^
[build] C:\Users\pperv\code\unnamed_rpg\vendor\json\include\nlohmann/detail/conversions/from_json.hpp(488,162): warning: generalized initializer lists are incompatible with C++98 [-Wc++98-compat]
[build]   488 | using tuple_type = std::tuple < decltype(from_json_tuple_get_impl(std::declval<BasicJsonType>(), detail::identity_tag<Types> {}, detail::priority_tag<PTagValue> {}))... >;
[build]       |                                                                                                                                                                  ^
[build] C:\Users\pperv\code\unnamed_rpg\vendor\json\include\nlohmann/detail/conversions/from_json.hpp(490,41): warning: variadic templates are incompatible with C++98 [-Wc++98-compat]
[build]   490 | template<std::size_t PTagValue, typename... Args, typename BasicJsonType, std::size_t... Idx>
[build]       |                                         ^
[build] C:\Users\pperv\code\unnamed_rpg\vendor\json\include\nlohmann/detail/conversions/from_json.hpp(490,86): warning: variadic templates are incompatible with C++98 [-Wc++98-compat]
[build]   490 | template<std::size_t PTagValue, typename... Args, typename BasicJsonType, std::size_t... Idx>
[build]       |                                                                                      ^
[build] C:\Users\pperv\code\unnamed_rpg\vendor\json\include\nlohmann/detail/conversions/from_json.hpp(491,86): warning: rvalue references are incompatible with C++98 [-Wc++98-compat]
[build]   491 | tuple_type<PTagValue, BasicJsonType, Args...> from_json_tuple_impl_base(BasicJsonType&& j, index_sequence<Idx...> /*unused*/)
[build]       |                                                                                      ^
[build] C:\Users\pperv\code\unnamed_rpg\vendor\json\include\nlohmann/detail/conversions/from_json.hpp(503,53): warning: rvalue references are incompatible with C++98 [-Wc++98-compat]
[build]   503 | std::pair<A1, A2> from_json_tuple_impl(BasicJsonType&& j, identity_tag<std::pair<A1, A2>> /*unused*/, priority_tag<0> /*unused*/)
[build]       |                                                     ^
[build] C:\Users\pperv\code\unnamed_rpg\vendor\json\include\nlohmann/detail/conversions/from_json.hpp(503,88): warning: consecutive right angle brackets are incompatible with C++98 (use '> >') [-Wc++98-compat]
[build]   503 | std::pair<A1, A2> from_json_tuple_impl(BasicJsonType&& j, identity_tag<std::pair<A1, A2>> /*unused*/, priority_tag<0> /*unused*/)
[build]       |                                                                                        ^~
[build]       |                                                                                        > >
[build] C:\Users\pperv\code\unnamed_rpg\vendor\json\include\nlohmann/detail/conversions/from_json.hpp(510,47): warning: rvalue references are incompatible with C++98 [-Wc++98-compat]
[build]   510 | inline void from_json_tuple_impl(BasicJsonType&& j, std::pair<A1, A2>& p, priority_tag<1> /*unused*/)
[build]       |                                               ^
[build] C:\Users\pperv\code\unnamed_rpg\vendor\json\include\nlohmann/detail/conversions/from_json.hpp(515,42): warning: variadic templates are incompatible with C++98 [-Wc++98-compat]
[build]   515 | template<typename BasicJsonType, typename... Args>
[build]       |                                          ^
[build] C:\Users\pperv\code\unnamed_rpg\vendor\json\include\nlohmann/detail/conversions/from_json.hpp(516,55): warning: rvalue references are incompatible with C++98 [-Wc++98-compat]
[build]   516 | std::tuple<Args...> from_json_tuple_impl(BasicJsonType&& j, identity_tag<std::tuple<Args...>> /*unused*/, priority_tag<2> /*unused*/)
[build]       |                                                       ^
[build] C:\Users\pperv\code\unnamed_rpg\vendor\json\include\nlohmann/detail/conversions/from_json.hpp(516,92): warning: consecutive right angle brackets are incompatible with C++98 (use '> >') [-Wc++98-compat]
[build]   516 | std::tuple<Args...> from_json_tuple_impl(BasicJsonType&& j, identity_tag<std::tuple<Args...>> /*unused*/, priority_tag<2> /*unused*/)
[build]       |                                                                                            ^~
[build]       |                                                                                            > >
[build] C:\Users\pperv\code\unnamed_rpg\vendor\json\include\nlohmann/detail/conversions/from_json.hpp(523,42): warning: variadic templates are incompatible with C++98 [-Wc++98-compat]
[build]   523 | template<typename BasicJsonType, typename... Args>
[build]       |                                          ^
[build] C:\Users\pperv\code\unnamed_rpg\vendor\json\include\nlohmann/detail/conversions/from_json.hpp(524,47): warning: rvalue references are incompatible with C++98 [-Wc++98-compat]
[build]   524 | inline void from_json_tuple_impl(BasicJsonType&& j, std::tuple<Args...>& t, priority_tag<3> /*unused*/)
[build]       |                                               ^
[build] C:\Users\pperv\code\unnamed_rpg\vendor\json\include\nlohmann/detail/conversions/from_json.hpp(530,29): warning: rvalue references are incompatible with C++98 [-Wc++98-compat]
[build]   530 | auto from_json(BasicJsonType&& j, TupleRelated&& t)
[build]       |                             ^
[build] C:\Users\pperv\code\unnamed_rpg\vendor\json\include\nlohmann/detail/conversions/from_json.hpp(530,47): warning: rvalue references are incompatible with C++98 [-Wc++98-compat]
[build]   530 | auto from_json(BasicJsonType&& j, TupleRelated&& t)
[build]       |                                               ^
[build] C:\Users\pperv\code\unnamed_rpg\vendor\json\include\nlohmann/detail/conversions/from_json.hpp(531,1): warning: trailing return types are incompatible with C++98 [-Wc++98-compat]
[build]   531 | -> decltype(from_json_tuple_impl(std::forward<BasicJsonType>(j), std::forward<TupleRelated>(t), priority_tag<3> {}))
[build]       | ^
[build] C:\Users\pperv\code\unnamed_rpg\vendor\json\include\nlohmann/detail/conversions/from_json.hpp(531,4): warning: 'decltype' type specifier is incompatible with C++98 [-Wc++98-compat]
[build]   531 | -> decltype(from_json_tuple_impl(std::forward<BasicJsonType>(j), std::forward<TupleRelated>(t), priority_tag<3> {}))
[build]       |    ^
[build] C:\Users\pperv\code\unnamed_rpg\vendor\json\include\nlohmann/detail/conversions/from_json.hpp(531,113): warning: generalized initializer lists are incompatible with C++98 [-Wc++98-compat]
[build]   531 | -> decltype(from_json_tuple_impl(std::forward<BasicJsonType>(j), std::forward<TupleRelated>(t), priority_tag<3> {}))
[build]       |                                                                                                                 ^
[build] C:\Users\pperv\code\unnamed_rpg\vendor\json\include\nlohmann/detail/conversions/from_json.hpp(531,113): warning: constructor call from initializer list is incompatible with C++98 [-Wc++98-compat]
[build]   531 | -> decltype(from_json_tuple_impl(std::forward<BasicJsonType>(j), std::forward<TupleRelated>(t), priority_tag<3> {}))
[build]       |                                                                                                                 ^~
[build] C:\Users\pperv\code\unnamed_rpg\vendor\json\include\nlohmann/detail/conversions/from_json.hpp(543,88): warning: consecutive right angle brackets are incompatible with C++98 (use '> >') [-Wc++98-compat]
[build]   543 |                                         typename BasicJsonType::string_t, Key >::value >>
[build]       |                                                                                        ^~
[build]       |                                                                                        > >
[build] C:\Users\pperv\code\unnamed_rpg\vendor\json\include\nlohmann/detail/conversions/from_json.hpp(542,21): warning: default template arguments for a function template are incompatible with C++98 [-Wc++98-compat]
[build]   542 |            typename = enable_if_t < !std::is_constructible <
[build]       |                     ^ ~~~~~~~~~~~~~~~~~~~~~~~~~~~~~~~~~~~~~~
[build]   543 |                                         typename BasicJsonType::string_t, Key >::value >>
[build]       |                                         ~~~~~~~~~~~~~~~~~~~~~~~~~~~~~~~~~~~~~~~~~~~~~~~~
[build] C:\Users\pperv\code\unnamed_rpg\vendor\json\include\nlohmann/detail/conversions/from_json.hpp(563,88): warning: consecutive right angle brackets are incompatible with C++98 (use '> >') [-Wc++98-compat]
[build]   563 |                                         typename BasicJsonType::string_t, Key >::value >>
[build]       |                                                                                        ^~
[build]       |                                                                                        > >
[build] C:\Users\pperv\code\unnamed_rpg\vendor\json\include\nlohmann/detail/conversions/from_json.hpp(562,21): warning: default template arguments for a function template are incompatible with C++98 [-Wc++98-compat]
[build]   562 |            typename = enable_if_t < !std::is_constructible <
[build]       |                     ^ ~~~~~~~~~~~~~~~~~~~~~~~~~~~~~~~~~~~~~~
[build]   563 |                                         typename BasicJsonType::string_t, Key >::value >>
[build]       |                                         ~~~~~~~~~~~~~~~~~~~~~~~~~~~~~~~~~~~~~~~~~~~~~~~~
[build] C:\Users\pperv\code\unnamed_rpg\vendor\json\include\nlohmann/detail/conversions/from_json.hpp(609,46): warning: rvalue references are incompatible with C++98 [-Wc++98-compat]
[build]   609 |     auto operator()(const BasicJsonType& j, T&& val) const
[build]       |                                              ^
[build] C:\Users\pperv\code\unnamed_rpg\vendor\json\include\nlohmann/detail/conversions/from_json.hpp(611,5): warning: trailing return types are incompatible with C++98 [-Wc++98-compat]
[build]   611 |     -> decltype(from_json(j, std::forward<T>(val)))
[build]       |     ^
[build] C:\Users\pperv\code\unnamed_rpg\vendor\json\include\nlohmann/detail/conversions/from_json.hpp(611,8): warning: 'decltype' type specifier is incompatible with C++98 [-Wc++98-compat]
[build]   611 |     -> decltype(from_json(j, std::forward<T>(val)))
[build]       |        ^
[build] C:\Users\pperv\code\unnamed_rpg\vendor\json\include\nlohmann/detail/conversions/from_json.hpp(610,5): warning: noexcept specifications are incompatible with C++98 [-Wc++98-compat]
[build]   610 |     noexcept(noexcept(from_json(j, std::forward<T>(val))))
[build]       |     ^
[build] C:\Users\pperv\code\unnamed_rpg\vendor\json\include\nlohmann/detail/conversions/from_json.hpp(610,14): warning: noexcept expressions are incompatible with C++98 [-Wc++98-compat]
[build]   610 |     noexcept(noexcept(from_json(j, std::forward<T>(val))))
[build]       |              ^
[build] C:\Users\pperv\code\unnamed_rpg\vendor\json\include\nlohmann/detail/conversions/from_json.hpp(626,22): warning: 'constexpr' specifier is incompatible with C++98 [-Wc++98-compat]
[build]   626 | JSON_INLINE_VARIABLE constexpr const auto& from_json = // NOLINT(misc-definitions-in-headers)
[build]       |                      ^
[build] C:\Users\pperv\code\unnamed_rpg\vendor\json\include\nlohmann/detail/conversions/from_json.hpp(626,38): warning: 'auto' type specifier is incompatible with C++98 [-Wc++98-compat]
[build]   626 | JSON_INLINE_VARIABLE constexpr const auto& from_json = // NOLINT(misc-definitions-in-headers)
[build]       |                                      ^~~~
[build] In file included from C:\Users\pperv\code\unnamed_rpg\vendor\json-schema-validator\src\json-patch.cpp:1:
[build] In file included from C:\Users\pperv\code\unnamed_rpg\vendor\json-schema-validator\src\json-patch.hpp:3:
[build] In file included from C:\Users\pperv\code\unnamed_rpg\vendor\json\include\nlohmann/json.hpp:44:
[build] In file included from C:\Users\pperv\code\unnamed_rpg\vendor\json\include\nlohmann/adl_serializer.hpp:15:
[build] In file included from C:\Users\pperv\code\unnamed_rpg\vendor\json\include\nlohmann/detail/conversions/to_json.hpp:26:
[build] In file included from C:\Users\pperv\code\unnamed_rpg\vendor\json\include\nlohmann/detail/iterators/iteration_proxy.hpp:22:
[build] C:\Users\pperv\code\unnamed_rpg\vendor\json\include\nlohmann/detail/string_utils.hpp(16,1): warning: empty macro arguments are incompatible with C++98 [-Wc++98-compat-pedantic]
[build]    16 | NLOHMANN_JSON_NAMESPACE_BEGIN
[build]       | ^
[build] C:\Users\pperv\code\unnamed_rpg\vendor\json\include\nlohmann/detail/abi_macros.hpp(102,17): note: expanded from macro 'NLOHMANN_JSON_NAMESPACE_BEGIN'
[build]   102 |                 NLOHMANN_JSON_ABI_TAGS,              \
[build]       |                 ^
[build] C:\Users\pperv\code\unnamed_rpg\vendor\json\include\nlohmann/detail/abi_macros.hpp(65,5): note: expanded from macro 'NLOHMANN_JSON_ABI_TAGS'
[build]    65 |     NLOHMANN_JSON_ABI_TAGS_CONCAT(                                   \
[build]       |     ^
[build] C:\Users\pperv\code\unnamed_rpg\vendor\json\include\nlohmann/detail/abi_macros.hpp(62,39): note: expanded from macro 'NLOHMANN_JSON_ABI_TAGS_CONCAT'
[build]    62 |     NLOHMANN_JSON_ABI_TAGS_CONCAT_EX(a, b, c)
[build]       |                                       ^
[build] In file included from C:\Users\pperv\code\unnamed_rpg\vendor\json-schema-validator\src\json-patch.cpp:1:
[build] In file included from C:\Users\pperv\code\unnamed_rpg\vendor\json-schema-validator\src\json-patch.hpp:3:
[build] In file included from C:\Users\pperv\code\unnamed_rpg\vendor\json\include\nlohmann/json.hpp:44:
[build] In file included from C:\Users\pperv\code\unnamed_rpg\vendor\json\include\nlohmann/adl_serializer.hpp:15:
[build] In file included from C:\Users\pperv\code\unnamed_rpg\vendor\json\include\nlohmann/detail/conversions/to_json.hpp:26:
[build] In file included from C:\Users\pperv\code\unnamed_rpg\vendor\json\include\nlohmann/detail/iterators/iteration_proxy.hpp:22:
[build] C:\Users\pperv\code\unnamed_rpg\vendor\json\include\nlohmann/detail/string_utils.hpp(16,1): warning: empty macro arguments are incompatible with C++98 [-Wc++98-compat-pedantic]
[build] C:\Users\pperv\code\unnamed_rpg\vendor\json\include\nlohmann/detail/abi_macros.hpp(102,17): note: expanded from macro 'NLOHMANN_JSON_NAMESPACE_BEGIN'
[build]   102 |                 NLOHMANN_JSON_ABI_TAGS,              \
[build]       |                 ^
[build] C:\Users\pperv\code\unnamed_rpg\vendor\json\include\nlohmann/detail/abi_macros.hpp(65,5): note: expanded from macro 'NLOHMANN_JSON_ABI_TAGS'
[build]    65 |     NLOHMANN_JSON_ABI_TAGS_CONCAT(                                   \
[build]       |     ^
[build] C:\Users\pperv\code\unnamed_rpg\vendor\json\include\nlohmann/detail/abi_macros.hpp(62,42): note: expanded from macro 'NLOHMANN_JSON_ABI_TAGS_CONCAT'
[build]    62 |     NLOHMANN_JSON_ABI_TAGS_CONCAT_EX(a, b, c)
[build]       |                                          ^
[build] In file included from C:\Users\pperv\code\unnamed_rpg\vendor\json-schema-validator\src\json-patch.cpp:1:
[build] In file included from C:\Users\pperv\code\unnamed_rpg\vendor\json-schema-validator\src\json-patch.hpp:3:
[build] In file included from C:\Users\pperv\code\unnamed_rpg\vendor\json\include\nlohmann/json.hpp:44:
[build] In file included from C:\Users\pperv\code\unnamed_rpg\vendor\json\include\nlohmann/adl_serializer.hpp:15:
[build] In file included from C:\Users\pperv\code\unnamed_rpg\vendor\json\include\nlohmann/detail/conversions/to_json.hpp:26:
[build] In file included from C:\Users\pperv\code\unnamed_rpg\vendor\json\include\nlohmann/detail/iterators/iteration_proxy.hpp:22:
[build] C:\Users\pperv\code\unnamed_rpg\vendor\json\include\nlohmann/detail/string_utils.hpp(16,1): warning: empty macro arguments are incompatible with C++98 [-Wc++98-compat-pedantic]
[build] C:\Users\pperv\code\unnamed_rpg\vendor\json\include\nlohmann/detail/abi_macros.hpp(102,17): note: expanded from macro 'NLOHMANN_JSON_NAMESPACE_BEGIN'
[build]   102 |                 NLOHMANN_JSON_ABI_TAGS,              \
[build]       |                 ^
[build] C:\Users\pperv\code\unnamed_rpg\vendor\json\include\nlohmann/detail/abi_macros.hpp(65,5): note: expanded from macro 'NLOHMANN_JSON_ABI_TAGS'
[build]    65 |     NLOHMANN_JSON_ABI_TAGS_CONCAT(                                   \
[build]       |     ^
[build] C:\Users\pperv\code\unnamed_rpg\vendor\json\include\nlohmann/detail/abi_macros.hpp(62,45): note: expanded from macro 'NLOHMANN_JSON_ABI_TAGS_CONCAT'
[build]    62 |     NLOHMANN_JSON_ABI_TAGS_CONCAT_EX(a, b, c)
[build]       |                                             ^
[build] In file included from C:\Users\pperv\code\unnamed_rpg\vendor\json-schema-validator\src\json-patch.cpp:1:
[build] In file included from C:\Users\pperv\code\unnamed_rpg\vendor\json-schema-validator\src\json-patch.hpp:3:
[build] In file included from C:\Users\pperv\code\unnamed_rpg\vendor\json\include\nlohmann/json.hpp:44:
[build] In file included from C:\Users\pperv\code\unnamed_rpg\vendor\json\include\nlohmann/adl_serializer.hpp:15:
[build] In file included from C:\Users\pperv\code\unnamed_rpg\vendor\json\include\nlohmann/detail/conversions/to_json.hpp:26:
[build] In file included from C:\Users\pperv\code\unnamed_rpg\vendor\json\include\nlohmann/detail/iterators/iteration_proxy.hpp:22:
[build] C:\Users\pperv\code\unnamed_rpg\vendor\json\include\nlohmann/detail/string_utils.hpp(16,1): warning: inline namespaces are incompatible with C++98 [-Wc++98-compat]
[build] C:\Users\pperv\code\unnamed_rpg\vendor\json\include\nlohmann/detail/abi_macros.hpp(101,5): note: expanded from macro 'NLOHMANN_JSON_NAMESPACE_BEGIN'
[build]   101 |     inline namespace NLOHMANN_JSON_NAMESPACE_CONCAT( \
[build]       |     ^
[build] In file included from C:\Users\pperv\code\unnamed_rpg\vendor\json-schema-validator\src\json-patch.cpp:1:
[build] In file included from C:\Users\pperv\code\unnamed_rpg\vendor\json-schema-validator\src\json-patch.hpp:3:
[build] In file included from C:\Users\pperv\code\unnamed_rpg\vendor\json\include\nlohmann/json.hpp:44:
[build] In file included from C:\Users\pperv\code\unnamed_rpg\vendor\json\include\nlohmann/adl_serializer.hpp:15:
[build] In file included from C:\Users\pperv\code\unnamed_rpg\vendor\json\include\nlohmann/detail/conversions/to_json.hpp:26:
[build] C:\Users\pperv\code\unnamed_rpg\vendor\json\include\nlohmann/detail/iterators/iteration_proxy.hpp(25,1): warning: empty macro arguments are incompatible with C++98 [-Wc++98-compat-pedantic]
[build]    25 | NLOHMANN_JSON_NAMESPACE_BEGIN
[build]       | ^
[build] C:\Users\pperv\code\unnamed_rpg\vendor\json\include\nlohmann/detail/abi_macros.hpp(102,17): note: expanded from macro 'NLOHMANN_JSON_NAMESPACE_BEGIN'
[build]   102 |                 NLOHMANN_JSON_ABI_TAGS,              \
[build]       |                 ^
[build] C:\Users\pperv\code\unnamed_rpg\vendor\json\include\nlohmann/detail/abi_macros.hpp(65,5): note: expanded from macro 'NLOHMANN_JSON_ABI_TAGS'
[build]    65 |     NLOHMANN_JSON_ABI_TAGS_CONCAT(                                   \
[build]       |     ^
[build] C:\Users\pperv\code\unnamed_rpg\vendor\json\include\nlohmann/detail/abi_macros.hpp(62,39): note: expanded from macro 'NLOHMANN_JSON_ABI_TAGS_CONCAT'
[build]    62 |     NLOHMANN_JSON_ABI_TAGS_CONCAT_EX(a, b, c)
[build]       |                                       ^
[build] In file included from C:\Users\pperv\code\unnamed_rpg\vendor\json-schema-validator\src\json-patch.cpp:1:
[build] In file included from C:\Users\pperv\code\unnamed_rpg\vendor\json-schema-validator\src\json-patch.hpp:3:
[build] In file included from C:\Users\pperv\code\unnamed_rpg\vendor\json\include\nlohmann/json.hpp:44:
[build] In file included from C:\Users\pperv\code\unnamed_rpg\vendor\json\include\nlohmann/adl_serializer.hpp:15:
[build] In file included from C:\Users\pperv\code\unnamed_rpg\vendor\json\include\nlohmann/detail/conversions/to_json.hpp:26:
[build] C:\Users\pperv\code\unnamed_rpg\vendor\json\include\nlohmann/detail/iterators/iteration_proxy.hpp(25,1): warning: empty macro arguments are incompatible with C++98 [-Wc++98-compat-pedantic]
[build] C:\Users\pperv\code\unnamed_rpg\vendor\json\include\nlohmann/detail/abi_macros.hpp(102,17): note: expanded from macro 'NLOHMANN_JSON_NAMESPACE_BEGIN'
[build]   102 |                 NLOHMANN_JSON_ABI_TAGS,              \
[build]       |                 ^
[build] C:\Users\pperv\code\unnamed_rpg\vendor\json\include\nlohmann/detail/abi_macros.hpp(65,5): note: expanded from macro 'NLOHMANN_JSON_ABI_TAGS'
[build]    65 |     NLOHMANN_JSON_ABI_TAGS_CONCAT(                                   \
[build]       |     ^
[build] C:\Users\pperv\code\unnamed_rpg\vendor\json\include\nlohmann/detail/abi_macros.hpp(62,42): note: expanded from macro 'NLOHMANN_JSON_ABI_TAGS_CONCAT'
[build]    62 |     NLOHMANN_JSON_ABI_TAGS_CONCAT_EX(a, b, c)
[build]       |                                          ^
[build] In file included from C:\Users\pperv\code\unnamed_rpg\vendor\json-schema-validator\src\json-patch.cpp:1:
[build] In file included from C:\Users\pperv\code\unnamed_rpg\vendor\json-schema-validator\src\json-patch.hpp:3:
[build] In file included from C:\Users\pperv\code\unnamed_rpg\vendor\json\include\nlohmann/json.hpp:44:
[build] In file included from C:\Users\pperv\code\unnamed_rpg\vendor\json\include\nlohmann/adl_serializer.hpp:15:
[build] In file included from C:\Users\pperv\code\unnamed_rpg\vendor\json\include\nlohmann/detail/conversions/to_json.hpp:26:
[build] C:\Users\pperv\code\unnamed_rpg\vendor\json\include\nlohmann/detail/iterators/iteration_proxy.hpp(25,1): warning: empty macro arguments are incompatible with C++98 [-Wc++98-compat-pedantic]
[build] C:\Users\pperv\code\unnamed_rpg\vendor\json\include\nlohmann/detail/abi_macros.hpp(102,17): note: expanded from macro 'NLOHMANN_JSON_NAMESPACE_BEGIN'
[build]   102 |                 NLOHMANN_JSON_ABI_TAGS,              \
[build]       |                 ^
[build] C:\Users\pperv\code\unnamed_rpg\vendor\json\include\nlohmann/detail/abi_macros.hpp(65,5): note: expanded from macro 'NLOHMANN_JSON_ABI_TAGS'
[build]    65 |     NLOHMANN_JSON_ABI_TAGS_CONCAT(                                   \
[build]       |     ^
[build] C:\Users\pperv\code\unnamed_rpg\vendor\json\include\nlohmann/detail/abi_macros.hpp(62,45): note: expanded from macro 'NLOHMANN_JSON_ABI_TAGS_CONCAT'
[build]    62 |     NLOHMANN_JSON_ABI_TAGS_CONCAT_EX(a, b, c)
[build]       |                                             ^
[build] In file included from C:\Users\pperv\code\unnamed_rpg\vendor\json-schema-validator\src\json-patch.cpp:1:
[build] In file included from C:\Users\pperv\code\unnamed_rpg\vendor\json-schema-validator\src\json-patch.hpp:3:
[build] In file included from C:\Users\pperv\code\unnamed_rpg\vendor\json\include\nlohmann/json.hpp:44:
[build] In file included from C:\Users\pperv\code\unnamed_rpg\vendor\json\include\nlohmann/adl_serializer.hpp:15:
[build] In file included from C:\Users\pperv\code\unnamed_rpg\vendor\json\include\nlohmann/detail/conversions/to_json.hpp:26:
[build] C:\Users\pperv\code\unnamed_rpg\vendor\json\include\nlohmann/detail/iterators/iteration_proxy.hpp(25,1): warning: inline namespaces are incompatible with C++98 [-Wc++98-compat]
[build] C:\Users\pperv\code\unnamed_rpg\vendor\json\include\nlohmann/detail/abi_macros.hpp(101,5): note: expanded from macro 'NLOHMANN_JSON_NAMESPACE_BEGIN'
[build]   101 |     inline namespace NLOHMANN_JSON_NAMESPACE_CONCAT( \
[build]       |     ^
[build] In file included from C:\Users\pperv\code\unnamed_rpg\vendor\json-schema-validator\src\json-patch.cpp:1:
[build] In file included from C:\Users\pperv\code\unnamed_rpg\vendor\json-schema-validator\src\json-patch.hpp:3:
[build] In file included from C:\Users\pperv\code\unnamed_rpg\vendor\json\include\nlohmann/json.hpp:44:
[build] In file included from C:\Users\pperv\code\unnamed_rpg\vendor\json\include\nlohmann/adl_serializer.hpp:15:
[build] In file included from C:\Users\pperv\code\unnamed_rpg\vendor\json\include\nlohmann/detail/conversions/to_json.hpp:26:
[build] C:\Users\pperv\code\unnamed_rpg\vendor\json\include\nlohmann/detail/iterators/iteration_proxy.hpp(32,29): warning: alias declarations are incompatible with C++98 [-Wc++98-compat]
[build]    32 |     using difference_type = std::ptrdiff_t;
[build]       |                             ^
[build] C:\Users\pperv\code\unnamed_rpg\vendor\json\include\nlohmann/detail/iterators/iteration_proxy.hpp(33,24): warning: alias declarations are incompatible with C++98 [-Wc++98-compat]
[build]    33 |     using value_type = iteration_proxy_value;
[build]       |                        ^
[build] C:\Users\pperv\code\unnamed_rpg\vendor\json\include\nlohmann/detail/iterators/iteration_proxy.hpp(34,21): warning: alias declarations are incompatible with C++98 [-Wc++98-compat]
[build]    34 |     using pointer = value_type *;
[build]       |                     ^
[build] C:\Users\pperv\code\unnamed_rpg\vendor\json\include\nlohmann/detail/iterators/iteration_proxy.hpp(35,23): warning: alias declarations are incompatible with C++98 [-Wc++98-compat]
[build]    35 |     using reference = value_type &;
[build]       |                       ^
[build] C:\Users\pperv\code\unnamed_rpg\vendor\json\include\nlohmann/detail/iterators/iteration_proxy.hpp(36,31): warning: alias declarations are incompatible with C++98 [-Wc++98-compat]
[build]    36 |     using iterator_category = std::forward_iterator_tag;
[build]       |                               ^
[build] C:\Users\pperv\code\unnamed_rpg\vendor\json\include\nlohmann/detail/iterators/iteration_proxy.hpp(37,25): warning: alias declarations are incompatible with C++98 [-Wc++98-compat]
[build]    37 |     using string_type = typename std::remove_cv< typename std::remove_reference<decltype( std::declval<IteratorType>().key() ) >::type >::type;
[build]       |                         ^
[build] C:\Users\pperv\code\unnamed_rpg\vendor\json\include\nlohmann/detail/iterators/iteration_proxy.hpp(37,81): warning: 'decltype' type specifier is incompatible with C++98 [-Wc++98-compat]
[build]    37 |     using string_type = typename std::remove_cv< typename std::remove_reference<decltype( std::declval<IteratorType>().key() ) >::type >::type;
[build]       |                                                                                 ^
[build] C:\Users\pperv\code\unnamed_rpg\vendor\json\include\nlohmann/detail/iterators/iteration_proxy.hpp(41,24): warning: default member initializer for non-static data members is incompatible with C++98 [-Wc++98-compat]
[build]    41 |     IteratorType anchor{};
[build]       |                        ^
[build] C:\Users\pperv\code\unnamed_rpg\vendor\json\include\nlohmann/detail/iterators/iteration_proxy.hpp(43,29): warning: default member initializer for non-static data members is incompatible with C++98 [-Wc++98-compat]
[build]    43 |     std::size_t array_index = 0;
[build]       |                             ^
[build] C:\Users\pperv\code\unnamed_rpg\vendor\json\include\nlohmann/detail/iterators/iteration_proxy.hpp(45,42): warning: default member initializer for non-static data members is incompatible with C++98 [-Wc++98-compat]
[build]    45 |     mutable std::size_t array_index_last = 0;
[build]       |                                          ^
[build] C:\Users\pperv\code\unnamed_rpg\vendor\json\include\nlohmann/detail/iterators/iteration_proxy.hpp(47,41): warning: default member initializer for non-static data members is incompatible with C++98 [-Wc++98-compat]
[build]    47 |     mutable string_type array_index_str = "0";
[build]       |                                         ^
[build] C:\Users\pperv\code\unnamed_rpg\vendor\json\include\nlohmann/detail/iterators/iteration_proxy.hpp(49,26): warning: default member initializer for non-static data members is incompatible with C++98 [-Wc++98-compat]
[build]    49 |     string_type empty_str{};
[build]       |                          ^
[build] C:\Users\pperv\code\unnamed_rpg\vendor\json\include\nlohmann/detail/iterators/iteration_proxy.hpp(52,40): warning: defaulted function definitions are incompatible with C++98 [-Wc++98-compat]
[build]    52 |     explicit iteration_proxy_value() = default;
[build]       |                                        ^
[build] C:\Users\pperv\code\unnamed_rpg\vendor\json\include\nlohmann/detail/iterators/iteration_proxy.hpp(60,59): warning: defaulted function definitions are incompatible with C++98 [-Wc++98-compat]
[build]    60 |     iteration_proxy_value(iteration_proxy_value const&) = default;
[build]       |                                                           ^
[build] C:\Users\pperv\code\unnamed_rpg\vendor\json\include\nlohmann/detail/iterators/iteration_proxy.hpp(61,70): warning: defaulted function definitions are incompatible with C++98 [-Wc++98-compat]
[build]    61 |     iteration_proxy_value& operator=(iteration_proxy_value const&) = default;
[build]       |                                                                      ^
[build] C:\Users\pperv\code\unnamed_rpg\vendor\json\include\nlohmann/detail/iterators/iteration_proxy.hpp(63,48): warning: rvalue references are incompatible with C++98 [-Wc++98-compat]
[build]    63 |     iteration_proxy_value(iteration_proxy_value&&)
[build]       |                                                ^
[build] C:\Users\pperv\code\unnamed_rpg\vendor\json\include\nlohmann/detail/iterators/iteration_proxy.hpp(65,75): warning: defaulted function definitions are incompatible with C++98 [-Wc++98-compat]
[build]    65 |              && std::is_nothrow_move_constructible<string_type>::value) = default; // NOLINT(hicpp-noexcept-move,performance-noexcept-move-constructor,cppcoreguidelines-noexcept-move-operations)
[build]       |                                                                           ^
[build] C:\Users\pperv\code\unnamed_rpg\vendor\json\include\nlohmann/detail/iterators/iteration_proxy.hpp(66,59): warning: rvalue references are incompatible with C++98 [-Wc++98-compat]
[build]    66 |     iteration_proxy_value& operator=(iteration_proxy_value&&)
[build]       |                                                           ^
[build] C:\Users\pperv\code\unnamed_rpg\vendor\json\include\nlohmann/detail/iterators/iteration_proxy.hpp(68,72): warning: defaulted function definitions are incompatible with C++98 [-Wc++98-compat]
[build]    68 |              && std::is_nothrow_move_assignable<string_type>::value) = default; // NOLINT(hicpp-noexcept-move,performance-noexcept-move-constructor,cppcoreguidelines-noexcept-move-operations)
[build]       |                                                                        ^
[build] C:\Users\pperv\code\unnamed_rpg\vendor\json\include\nlohmann/detail/iterators/iteration_proxy.hpp(69,32): warning: defaulted function definitions are incompatible with C++98 [-Wc++98-compat]
[build]    69 |     ~iteration_proxy_value() = default;
[build]       |                                ^
[build] C:\Users\pperv\code\unnamed_rpg\vendor\json\include\nlohmann/detail/iterators/iteration_proxy.hpp(86,42): warning: reference qualifiers on functions are incompatible with C++98 [-Wc++98-compat]
[build]    86 |     iteration_proxy_value operator++(int)& // NOLINT(cert-dcl21-cpp)
[build]       |                                          ^
[build] C:\Users\pperv\code\unnamed_rpg\vendor\json\include\nlohmann/detail/iterators/iteration_proxy.hpp(54,5): warning: noexcept specifications are incompatible with C++98 [-Wc++98-compat]
[build]    54 |     noexcept(std::is_nothrow_move_constructible<IteratorType>::value
[build]       |     ^
[build] C:\Users\pperv\code\unnamed_rpg\vendor\json\include\nlohmann/detail/iterators/iteration_proxy.hpp(64,5): warning: noexcept specifications are incompatible with C++98 [-Wc++98-compat]
[build]    64 |     noexcept(std::is_nothrow_move_constructible<IteratorType>::value
[build]       |     ^
[build] C:\Users\pperv\code\unnamed_rpg\vendor\json\include\nlohmann/detail/iterators/iteration_proxy.hpp(67,5): warning: noexcept specifications are incompatible with C++98 [-Wc++98-compat]
[build]    67 |     noexcept(std::is_nothrow_move_assignable<IteratorType>::value
[build]       |     ^
[build] C:\Users\pperv\code\unnamed_rpg\vendor\json\include\nlohmann/detail/iterators/iteration_proxy.hpp(154,46): warning: default member initializer for non-static data members is incompatible with C++98 [-Wc++98-compat]
[build]   154 |     typename IteratorType::pointer container = nullptr;
[build]       |                                              ^
[build] C:\Users\pperv\code\unnamed_rpg\vendor\json\include\nlohmann/detail/iterators/iteration_proxy.hpp(157,34): warning: defaulted function definitions are incompatible with C++98 [-Wc++98-compat]
[build]   157 |     explicit iteration_proxy() = default;
[build]       |                                  ^
[build] C:\Users\pperv\code\unnamed_rpg\vendor\json\include\nlohmann/detail/iterators/iteration_proxy.hpp(161,9): warning: noexcept specifications are incompatible with C++98 [-Wc++98-compat]
[build]   161 |         : container(&cont) {}
[build]       |         ^
[build] C:\Users\pperv\code\unnamed_rpg\vendor\json\include\nlohmann/detail/iterators/iteration_proxy.hpp(163,47): warning: defaulted function definitions are incompatible with C++98 [-Wc++98-compat]
[build]   163 |     iteration_proxy(iteration_proxy const&) = default;
[build]       |                                               ^
[build] C:\Users\pperv\code\unnamed_rpg\vendor\json\include\nlohmann/detail/iterators/iteration_proxy.hpp(164,58): warning: defaulted function definitions are incompatible with C++98 [-Wc++98-compat]
[build]   164 |     iteration_proxy& operator=(iteration_proxy const&) = default;
[build]       |                                                          ^
[build] C:\Users\pperv\code\unnamed_rpg\vendor\json\include\nlohmann/detail/iterators/iteration_proxy.hpp(165,36): warning: rvalue references are incompatible with C++98 [-Wc++98-compat]
[build]   165 |     iteration_proxy(iteration_proxy&&) noexcept = default;
[build]       |                                    ^
[build] C:\Users\pperv\code\unnamed_rpg\vendor\json\include\nlohmann/detail/iterators/iteration_proxy.hpp(165,49): warning: noexcept specifications are incompatible with C++98 [-Wc++98-compat]
[build]   165 |     iteration_proxy(iteration_proxy&&) noexcept = default;
[build]       |                                                 ^
[build] C:\Users\pperv\code\unnamed_rpg\vendor\json\include\nlohmann/detail/iterators/iteration_proxy.hpp(165,51): warning: defaulted function definitions are incompatible with C++98 [-Wc++98-compat]
[build]   165 |     iteration_proxy(iteration_proxy&&) noexcept = default;
[build]       |                                                   ^
[build] C:\Users\pperv\code\unnamed_rpg\vendor\json\include\nlohmann/detail/iterators/iteration_proxy.hpp(166,47): warning: rvalue references are incompatible with C++98 [-Wc++98-compat]
[build]   166 |     iteration_proxy& operator=(iteration_proxy&&) noexcept = default;
[build]       |                                               ^
[build] C:\Users\pperv\code\unnamed_rpg\vendor\json\include\nlohmann/detail/iterators/iteration_proxy.hpp(166,60): warning: noexcept specifications are incompatible with C++98 [-Wc++98-compat]
[build]   166 |     iteration_proxy& operator=(iteration_proxy&&) noexcept = default;
[build]       |                                                            ^
[build] C:\Users\pperv\code\unnamed_rpg\vendor\json\include\nlohmann/detail/iterators/iteration_proxy.hpp(166,62): warning: defaulted function definitions are incompatible with C++98 [-Wc++98-compat]
[build]   166 |     iteration_proxy& operator=(iteration_proxy&&) noexcept = default;
[build]       |                                                              ^
[build] C:\Users\pperv\code\unnamed_rpg\vendor\json\include\nlohmann/detail/iterators/iteration_proxy.hpp(167,26): warning: defaulted function definitions are incompatible with C++98 [-Wc++98-compat]
[build]   167 |     ~iteration_proxy() = default;
[build]       |                          ^
[build] C:\Users\pperv\code\unnamed_rpg\vendor\json\include\nlohmann/detail/iterators/iteration_proxy.hpp(171,5): warning: noexcept specifications are incompatible with C++98 [-Wc++98-compat]
[build]   171 |     {
[build]       |     ^
[build] C:\Users\pperv\code\unnamed_rpg\vendor\json\include\nlohmann/detail/iterators/iteration_proxy.hpp(177,5): warning: noexcept specifications are incompatible with C++98 [-Wc++98-compat]
[build]   177 |     {
[build]       |     ^
[build] C:\Users\pperv\code\unnamed_rpg\vendor\json\include\nlohmann/detail/iterators/iteration_proxy.hpp(154,48): warning: 'nullptr' is incompatible with C++98 [-Wc++98-compat]
[build]   154 |     typename IteratorType::pointer container = nullptr;
[build]       |                                                ^
[build] C:\Users\pperv\code\unnamed_rpg\vendor\json\include\nlohmann/detail/iterators/iteration_proxy.hpp(186,74): warning: trailing return types are incompatible with C++98 [-Wc++98-compat]
[build]   186 | auto get(const nlohmann::detail::iteration_proxy_value<IteratorType>& i) -> decltype(i.key())
[build]       |                                                                          ^
[build] C:\Users\pperv\code\unnamed_rpg\vendor\json\include\nlohmann/detail/iterators/iteration_proxy.hpp(186,77): warning: 'decltype' type specifier is incompatible with C++98 [-Wc++98-compat]
[build]   186 | auto get(const nlohmann::detail::iteration_proxy_value<IteratorType>& i) -> decltype(i.key())
[build]       |                                                                             ^
[build] C:\Users\pperv\code\unnamed_rpg\vendor\json\include\nlohmann/detail/iterators/iteration_proxy.hpp(185,73): warning: default template arguments for a function template are incompatible with C++98 [-Wc++98-compat]
[build]   185 | template<std::size_t N, typename IteratorType, enable_if_t<N == 0, int> = 0>
[build]       |                                                                         ^ ~
[build] C:\Users\pperv\code\unnamed_rpg\vendor\json\include\nlohmann/detail/iterators/iteration_proxy.hpp(194,74): warning: trailing return types are incompatible with C++98 [-Wc++98-compat]
[build]   194 | auto get(const nlohmann::detail::iteration_proxy_value<IteratorType>& i) -> decltype(i.value())
[build]       |                                                                          ^
[build] C:\Users\pperv\code\unnamed_rpg\vendor\json\include\nlohmann/detail/iterators/iteration_proxy.hpp(194,77): warning: 'decltype' type specifier is incompatible with C++98 [-Wc++98-compat]
[build]   194 | auto get(const nlohmann::detail::iteration_proxy_value<IteratorType>& i) -> decltype(i.value())
[build]       |                                                                             ^
[build] C:\Users\pperv\code\unnamed_rpg\vendor\json\include\nlohmann/detail/iterators/iteration_proxy.hpp(193,73): warning: default template arguments for a function template are incompatible with C++98 [-Wc++98-compat]
[build]   193 | template<std::size_t N, typename IteratorType, enable_if_t<N == 1, int> = 0>
[build]       |                                                                         ^ ~
[build] C:\Users\pperv\code\unnamed_rpg\vendor\json\include\nlohmann/detail/iterators/iteration_proxy.hpp(215,17): warning: '<::' is treated as digraph '<:' (aka '[') followed by ':' in C++98 [-Wc++98-compat]
[build]   215 | class tuple_size<::nlohmann::detail::iteration_proxy_value<IteratorType>> // NOLINT(cert-dcl58-cpp)
[build]       |                 ^
[build] C:\Users\pperv\code\unnamed_rpg\vendor\json\include\nlohmann/detail/iterators/iteration_proxy.hpp(215,72): warning: consecutive right angle brackets are incompatible with C++98 (use '> >') [-Wc++98-compat]
[build]   215 | class tuple_size<::nlohmann::detail::iteration_proxy_value<IteratorType>> // NOLINT(cert-dcl58-cpp)
[build]       |                                                                        ^~
[build]       |                                                                        > >
[build] C:\Users\pperv\code\unnamed_rpg\vendor\json\include\nlohmann/detail/iterators/iteration_proxy.hpp(219,79): warning: consecutive right angle brackets are incompatible with C++98 (use '> >') [-Wc++98-compat]
[build]   219 | class tuple_element<N, ::nlohmann::detail::iteration_proxy_value<IteratorType >> // NOLINT(cert-dcl58-cpp)
[build]       |                                                                               ^~
[build]       |                                                                               > >
[build] C:\Users\pperv\code\unnamed_rpg\vendor\json\include\nlohmann/detail/iterators/iteration_proxy.hpp(222,18): warning: alias declarations are incompatible with C++98 [-Wc++98-compat]
[build]   222 |     using type = decltype(
[build]       |                  ^
[build] C:\Users\pperv\code\unnamed_rpg\vendor\json\include\nlohmann/detail/iterators/iteration_proxy.hpp(222,18): warning: 'decltype' type specifier is incompatible with C++98 [-Wc++98-compat]
[build] C:\Users\pperv\code\unnamed_rpg\vendor\json\include\nlohmann/detail/iterators/iteration_proxy.hpp(224,84): warning: consecutive right angle brackets are incompatible with C++98 (use '> >') [-Wc++98-compat]
[build]   224 |                             ::nlohmann::detail::iteration_proxy_value<IteratorType >> ()));
[build]       |                                                                                    ^~
[build]       |                                                                                    > >
[build] In file included from C:\Users\pperv\code\unnamed_rpg\vendor\json-schema-validator\src\json-patch.cpp:1:
[build] In file included from C:\Users\pperv\code\unnamed_rpg\vendor\json-schema-validator\src\json-patch.hpp:3:
[build] In file included from C:\Users\pperv\code\unnamed_rpg\vendor\json\include\nlohmann/json.hpp:44:
[build] In file included from C:\Users\pperv\code\unnamed_rpg\vendor\json\include\nlohmann/adl_serializer.hpp:15:
[build] C:\Users\pperv\code\unnamed_rpg\vendor\json\include\nlohmann/detail/conversions/to_json.hpp(32,1): warning: empty macro arguments are incompatible with C++98 [-Wc++98-compat-pedantic]
[build]    32 | NLOHMANN_JSON_NAMESPACE_BEGIN
[build]       | ^
[build] C:\Users\pperv\code\unnamed_rpg\vendor\json\include\nlohmann/detail/abi_macros.hpp(102,17): note: expanded from macro 'NLOHMANN_JSON_NAMESPACE_BEGIN'
[build]   102 |                 NLOHMANN_JSON_ABI_TAGS,              \
[build]       |                 ^
[build] C:\Users\pperv\code\unnamed_rpg\vendor\json\include\nlohmann/detail/abi_macros.hpp(65,5): note: expanded from macro 'NLOHMANN_JSON_ABI_TAGS'
[build]    65 |     NLOHMANN_JSON_ABI_TAGS_CONCAT(                                   \
[build]       |     ^
[build] C:\Users\pperv\code\unnamed_rpg\vendor\json\include\nlohmann/detail/abi_macros.hpp(62,39): note: expanded from macro 'NLOHMANN_JSON_ABI_TAGS_CONCAT'
[build]    62 |     NLOHMANN_JSON_ABI_TAGS_CONCAT_EX(a, b, c)
[build]       |                                       ^
[build] In file included from C:\Users\pperv\code\unnamed_rpg\vendor\json-schema-validator\src\json-patch.cpp:1:
[build] In file included from C:\Users\pperv\code\unnamed_rpg\vendor\json-schema-validator\src\json-patch.hpp:3:
[build] In file included from C:\Users\pperv\code\unnamed_rpg\vendor\json\include\nlohmann/json.hpp:44:
[build] In file included from C:\Users\pperv\code\unnamed_rpg\vendor\json\include\nlohmann/adl_serializer.hpp:15:
[build] C:\Users\pperv\code\unnamed_rpg\vendor\json\include\nlohmann/detail/conversions/to_json.hpp(32,1): warning: empty macro arguments are incompatible with C++98 [-Wc++98-compat-pedantic]
[build] C:\Users\pperv\code\unnamed_rpg\vendor\json\include\nlohmann/detail/abi_macros.hpp(102,17): note: expanded from macro 'NLOHMANN_JSON_NAMESPACE_BEGIN'
[build]   102 |                 NLOHMANN_JSON_ABI_TAGS,              \
[build]       |                 ^
[build] C:\Users\pperv\code\unnamed_rpg\vendor\json\include\nlohmann/detail/abi_macros.hpp(65,5): note: expanded from macro 'NLOHMANN_JSON_ABI_TAGS'
[build]    65 |     NLOHMANN_JSON_ABI_TAGS_CONCAT(                                   \
[build]       |     ^
[build] C:\Users\pperv\code\unnamed_rpg\vendor\json\include\nlohmann/detail/abi_macros.hpp(62,42): note: expanded from macro 'NLOHMANN_JSON_ABI_TAGS_CONCAT'
[build]    62 |     NLOHMANN_JSON_ABI_TAGS_CONCAT_EX(a, b, c)
[build]       |                                          ^
[build] In file included from C:\Users\pperv\code\unnamed_rpg\vendor\json-schema-validator\src\json-patch.cpp:1:
[build] In file included from C:\Users\pperv\code\unnamed_rpg\vendor\json-schema-validator\src\json-patch.hpp:3:
[build] In file included from C:\Users\pperv\code\unnamed_rpg\vendor\json\include\nlohmann/json.hpp:44:
[build] In file included from C:\Users\pperv\code\unnamed_rpg\vendor\json\include\nlohmann/adl_serializer.hpp:15:
[build] C:\Users\pperv\code\unnamed_rpg\vendor\json\include\nlohmann/detail/conversions/to_json.hpp(32,1): warning: empty macro arguments are incompatible with C++98 [-Wc++98-compat-pedantic]
[build] C:\Users\pperv\code\unnamed_rpg\vendor\json\include\nlohmann/detail/abi_macros.hpp(102,17): note: expanded from macro 'NLOHMANN_JSON_NAMESPACE_BEGIN'
[build]   102 |                 NLOHMANN_JSON_ABI_TAGS,              \
[build]       |                 ^
[build] C:\Users\pperv\code\unnamed_rpg\vendor\json\include\nlohmann/detail/abi_macros.hpp(65,5): note: expanded from macro 'NLOHMANN_JSON_ABI_TAGS'
[build]    65 |     NLOHMANN_JSON_ABI_TAGS_CONCAT(                                   \
[build]       |     ^
[build] C:\Users\pperv\code\unnamed_rpg\vendor\json\include\nlohmann/detail/abi_macros.hpp(62,45): note: expanded from macro 'NLOHMANN_JSON_ABI_TAGS_CONCAT'
[build]    62 |     NLOHMANN_JSON_ABI_TAGS_CONCAT_EX(a, b, c)
[build]       |                                             ^
[build] In file included from C:\Users\pperv\code\unnamed_rpg\vendor\json-schema-validator\src\json-patch.cpp:1:
[build] In file included from C:\Users\pperv\code\unnamed_rpg\vendor\json-schema-validator\src\json-patch.hpp:3:
[build] In file included from C:\Users\pperv\code\unnamed_rpg\vendor\json\include\nlohmann/json.hpp:44:
[build] In file included from C:\Users\pperv\code\unnamed_rpg\vendor\json\include\nlohmann/adl_serializer.hpp:15:
[build] C:\Users\pperv\code\unnamed_rpg\vendor\json\include\nlohmann/detail/conversions/to_json.hpp(32,1): warning: inline namespaces are incompatible with C++98 [-Wc++98-compat]
[build] C:\Users\pperv\code\unnamed_rpg\vendor\json\include\nlohmann/detail/abi_macros.hpp(101,5): note: expanded from macro 'NLOHMANN_JSON_NAMESPACE_BEGIN'
[build]   101 |     inline namespace NLOHMANN_JSON_NAMESPACE_CONCAT( \
[build]       |     ^
[build] In file included from C:\Users\pperv\code\unnamed_rpg\vendor\json-schema-validator\src\json-patch.cpp:1:
[build] In file included from C:\Users\pperv\code\unnamed_rpg\vendor\json-schema-validator\src\json-patch.hpp:3:
[build] In file included from C:\Users\pperv\code\unnamed_rpg\vendor\json\include\nlohmann/json.hpp:44:
[build] In file included from C:\Users\pperv\code\unnamed_rpg\vendor\json\include\nlohmann/adl_serializer.hpp:15:
[build] C:\Users\pperv\code\unnamed_rpg\vendor\json\include\nlohmann/detail/conversions/to_json.hpp(50,29): warning: enumeration type in nested name specifier is incompatible with C++98 [-Wc++98-compat]
[build]    50 | struct external_constructor<value_t::boolean>
[build]       |                             ^
[build] C:\Users\pperv\code\unnamed_rpg\vendor\json\include\nlohmann/detail/conversions/to_json.hpp(54,5): warning: noexcept specifications are incompatible with C++98 [-Wc++98-compat]
[build]    54 |     {
[build]       |     ^
[build] C:\Users\pperv\code\unnamed_rpg\vendor\json\include\nlohmann/detail/conversions/to_json.hpp(63,29): warning: enumeration type in nested name specifier is incompatible with C++98 [-Wc++98-compat]
[build]    63 | struct external_constructor<value_t::string>
[build]       |                             ^
[build] C:\Users\pperv\code\unnamed_rpg\vendor\json\include\nlohmann/detail/conversions/to_json.hpp(75,77): warning: rvalue references are incompatible with C++98 [-Wc++98-compat]
[build]    75 |     static void construct(BasicJsonType& j, typename BasicJsonType::string_t&& s)
[build]       |                                                                             ^
[build] C:\Users\pperv\code\unnamed_rpg\vendor\json\include\nlohmann/detail/conversions/to_json.hpp(85,36): warning: default template arguments for a function template are incompatible with C++98 [-Wc++98-compat]
[build]    85 |                              int > = 0 >
[build]       |                                    ^ ~
[build] C:\Users\pperv\code\unnamed_rpg\vendor\json\include\nlohmann/detail/conversions/to_json.hpp(96,29): warning: enumeration type in nested name specifier is incompatible with C++98 [-Wc++98-compat]
[build]    96 | struct external_constructor<value_t::binary>
[build]       |                             ^
[build] C:\Users\pperv\code\unnamed_rpg\vendor\json\include\nlohmann/detail/conversions/to_json.hpp(108,77): warning: rvalue references are incompatible with C++98 [-Wc++98-compat]
[build]   108 |     static void construct(BasicJsonType& j, typename BasicJsonType::binary_t&& b)
[build]       |                                                                             ^
[build] C:\Users\pperv\code\unnamed_rpg\vendor\json\include\nlohmann/detail/conversions/to_json.hpp(118,29): warning: enumeration type in nested name specifier is incompatible with C++98 [-Wc++98-compat]
[build]   118 | struct external_constructor<value_t::number_float>
[build]       |                             ^
[build] C:\Users\pperv\code\unnamed_rpg\vendor\json\include\nlohmann/detail/conversions/to_json.hpp(122,5): warning: noexcept specifications are incompatible with C++98 [-Wc++98-compat]
[build]   122 |     {
[build]       |     ^
[build] C:\Users\pperv\code\unnamed_rpg\vendor\json\include\nlohmann/detail/conversions/to_json.hpp(131,29): warning: enumeration type in nested name specifier is incompatible with C++98 [-Wc++98-compat]
[build]   131 | struct external_constructor<value_t::number_unsigned>
[build]       |                             ^
[build] C:\Users\pperv\code\unnamed_rpg\vendor\json\include\nlohmann/detail/conversions/to_json.hpp(135,5): warning: noexcept specifications are incompatible with C++98 [-Wc++98-compat]
[build]   135 |     {
[build]       |     ^
[build] C:\Users\pperv\code\unnamed_rpg\vendor\json\include\nlohmann/detail/conversions/to_json.hpp(144,29): warning: enumeration type in nested name specifier is incompatible with C++98 [-Wc++98-compat]
[build]   144 | struct external_constructor<value_t::number_integer>
[build]       |                             ^
[build] C:\Users\pperv\code\unnamed_rpg\vendor\json\include\nlohmann/detail/conversions/to_json.hpp(148,5): warning: noexcept specifications are incompatible with C++98 [-Wc++98-compat]
[build]   148 |     {
[build]       |     ^
[build] C:\Users\pperv\code\unnamed_rpg\vendor\json\include\nlohmann/detail/conversions/to_json.hpp(157,29): warning: enumeration type in nested name specifier is incompatible with C++98 [-Wc++98-compat]
[build]   157 | struct external_constructor<value_t::array>
[build]       |                             ^
[build] C:\Users\pperv\code\unnamed_rpg\vendor\json\include\nlohmann/detail/conversions/to_json.hpp(170,76): warning: rvalue references are incompatible with C++98 [-Wc++98-compat]
[build]   170 |     static void construct(BasicJsonType& j, typename BasicJsonType::array_t&& arr)
[build]       |                                                                            ^
[build] C:\Users\pperv\code\unnamed_rpg\vendor\json\include\nlohmann/detail/conversions/to_json.hpp(184,38): warning: default template arguments for a function template are incompatible with C++98 [-Wc++98-compat]
[build]   184 |                              , int > = 0 >
[build]       |                                      ^ ~
[build] C:\Users\pperv\code\unnamed_rpg\vendor\json\include\nlohmann/detail/conversions/to_json.hpp(213,77): warning: default template arguments for a function template are incompatible with C++98 [-Wc++98-compat]
[build]   213 |              enable_if_t<std::is_convertible<T, BasicJsonType>::value, int> = 0>
[build]       |                                                                             ^ ~
[build] C:\Users\pperv\code\unnamed_rpg\vendor\json\include\nlohmann/detail/conversions/to_json.hpp(246,29): warning: enumeration type in nested name specifier is incompatible with C++98 [-Wc++98-compat]
[build]   246 | struct external_constructor<value_t::object>
[build]       |                             ^
[build] C:\Users\pperv\code\unnamed_rpg\vendor\json\include\nlohmann/detail/conversions/to_json.hpp(259,77): warning: rvalue references are incompatible with C++98 [-Wc++98-compat]
[build]   259 |     static void construct(BasicJsonType& j, typename BasicJsonType::object_t&& obj)
[build]       |                                                                             ^
[build] C:\Users\pperv\code\unnamed_rpg\vendor\json\include\nlohmann/detail/conversions/to_json.hpp(269,114): warning: default template arguments for a function template are incompatible with C++98 [-Wc++98-compat]
[build]   269 |                enable_if_t < !std::is_same<CompatibleObjectType, typename BasicJsonType::object_t>::value, int > = 0 >
[build]       |                                                                                                                  ^ ~
[build] C:\Users\pperv\code\unnamed_rpg\vendor\json\include\nlohmann/detail/conversions/to_json.hpp(305,44): warning: noexcept specifications are incompatible with C++98 [-Wc++98-compat]
[build]   305 | inline void to_json(BasicJsonType& j, T b) noexcept
[build]       |                                            ^
[build] C:\Users\pperv\code\unnamed_rpg\vendor\json\include\nlohmann/detail/conversions/to_json.hpp(304,86): warning: default template arguments for a function template are incompatible with C++98 [-Wc++98-compat]
[build]   304 |          enable_if_t<std::is_same<T, typename BasicJsonType::boolean_t>::value, int> = 0>
[build]       |                                                                                      ^ ~
[build] C:\Users\pperv\code\unnamed_rpg\vendor\json\include\nlohmann/detail/conversions/to_json.hpp(318,57): warning: noexcept specifications are incompatible with C++98 [-Wc++98-compat]
[build]   318 | inline void to_json(BasicJsonType& j, const BoolRef& b) noexcept
[build]       |                                                         ^
[build] C:\Users\pperv\code\unnamed_rpg\vendor\json\include\nlohmann/detail/conversions/to_json.hpp(317,104): warning: default template arguments for a function template are incompatible with C++98 [-Wc++98-compat]
[build]   317 |                && std::is_convertible<const BoolRef&, typename BasicJsonType::boolean_t>::value, int > = 0 >
[build]       |                                                                                                        ^ ~
[build] C:\Users\pperv\code\unnamed_rpg\vendor\json\include\nlohmann/detail/conversions/to_json.hpp(324,109): warning: default template arguments for a function template are incompatible with C++98 [-Wc++98-compat]
[build]   324 |          enable_if_t<std::is_constructible<typename BasicJsonType::string_t, CompatibleString>::value, int> = 0>
[build]       |                                                                                                             ^ ~
[build] C:\Users\pperv\code\unnamed_rpg\vendor\json\include\nlohmann/detail/conversions/to_json.hpp(331,71): warning: rvalue references are incompatible with C++98 [-Wc++98-compat]
[build]   331 | inline void to_json(BasicJsonType& j, typename BasicJsonType::string_t&& s)
[build]       |                                                                       ^
[build] C:\Users\pperv\code\unnamed_rpg\vendor\json\include\nlohmann/detail/conversions/to_json.hpp(338,54): warning: noexcept specifications are incompatible with C++98 [-Wc++98-compat]
[build]   338 | inline void to_json(BasicJsonType& j, FloatType val) noexcept
[build]       |                                                      ^
[build] C:\Users\pperv\code\unnamed_rpg\vendor\json\include\nlohmann/detail/conversions/to_json.hpp(337,69): warning: default template arguments for a function template are incompatible with C++98 [-Wc++98-compat]
[build]   337 |          enable_if_t<std::is_floating_point<FloatType>::value, int> = 0>
[build]       |                                                                     ^ ~
[build] C:\Users\pperv\code\unnamed_rpg\vendor\json\include\nlohmann/detail/conversions/to_json.hpp(345,73): warning: noexcept specifications are incompatible with C++98 [-Wc++98-compat]
[build]   345 | inline void to_json(BasicJsonType& j, CompatibleNumberUnsignedType val) noexcept
[build]       |                                                                         ^
[build] C:\Users\pperv\code\unnamed_rpg\vendor\json\include\nlohmann/detail/conversions/to_json.hpp(344,135): warning: default template arguments for a function template are incompatible with C++98 [-Wc++98-compat]
[build]   344 |          enable_if_t<is_compatible_integer_type<typename BasicJsonType::number_unsigned_t, CompatibleNumberUnsignedType>::value, int> = 0>
[build]       |                                                                                                                                       ^ ~
[build] C:\Users\pperv\code\unnamed_rpg\vendor\json\include\nlohmann/detail/conversions/to_json.hpp(352,72): warning: noexcept specifications are incompatible with C++98 [-Wc++98-compat]
[build]   352 | inline void to_json(BasicJsonType& j, CompatibleNumberIntegerType val) noexcept
[build]       |                                                                        ^
[build] C:\Users\pperv\code\unnamed_rpg\vendor\json\include\nlohmann/detail/conversions/to_json.hpp(351,133): warning: default template arguments for a function template are incompatible with C++98 [-Wc++98-compat]
[build]   351 |          enable_if_t<is_compatible_integer_type<typename BasicJsonType::number_integer_t, CompatibleNumberIntegerType>::value, int> = 0>
[build]       |                                                                                                                                     ^ ~
[build] C:\Users\pperv\code\unnamed_rpg\vendor\json\include\nlohmann/detail/conversions/to_json.hpp(360,51): warning: noexcept specifications are incompatible with C++98 [-Wc++98-compat]
[build]   360 | inline void to_json(BasicJsonType& j, EnumType e) noexcept
[build]       |                                                   ^
[build] C:\Users\pperv\code\unnamed_rpg\vendor\json\include\nlohmann/detail/conversions/to_json.hpp(359,58): warning: default template arguments for a function template are incompatible with C++98 [-Wc++98-compat]
[build]   359 |          enable_if_t<std::is_enum<EnumType>::value, int> = 0>
[build]       |                                                          ^ ~
[build] C:\Users\pperv\code\unnamed_rpg\vendor\json\include\nlohmann/detail/conversions/to_json.hpp(386,32): warning: default template arguments for a function template are incompatible with C++98 [-Wc++98-compat]
[build]   386 |                          int > = 0 >
[build]       |                                ^ ~
[build] C:\Users\pperv\code\unnamed_rpg\vendor\json\include\nlohmann/detail/conversions/to_json.hpp(412,32): warning: default template arguments for a function template are incompatible with C++98 [-Wc++98-compat]
[build]   412 |                          int > = 0 >
[build]       |                                ^ ~
[build] C:\Users\pperv\code\unnamed_rpg\vendor\json\include\nlohmann/detail/conversions/to_json.hpp(419,73): warning: default template arguments for a function template are incompatible with C++98 [-Wc++98-compat]
[build]   419 |          enable_if_t<std::is_convertible<T, BasicJsonType>::value, int> = 0>
[build]       |                                                                         ^ ~
[build] C:\Users\pperv\code\unnamed_rpg\vendor\json\include\nlohmann/detail/conversions/to_json.hpp(426,70): warning: rvalue references are incompatible with C++98 [-Wc++98-compat]
[build]   426 | inline void to_json(BasicJsonType& j, typename BasicJsonType::array_t&& arr)
[build]       |                                                                      ^
[build] C:\Users\pperv\code\unnamed_rpg\vendor\json\include\nlohmann/detail/conversions/to_json.hpp(432,149): warning: default template arguments for a function template are incompatible with C++98 [-Wc++98-compat]
[build]   432 |            enable_if_t < is_compatible_object_type<BasicJsonType, CompatibleObjectType>::value&& !is_basic_json<CompatibleObjectType>::value, int > = 0 >
[build]       |                                                                                                                                                     ^ ~
[build] C:\Users\pperv\code\unnamed_rpg\vendor\json\include\nlohmann/detail/conversions/to_json.hpp(439,71): warning: rvalue references are incompatible with C++98 [-Wc++98-compat]
[build]   439 | inline void to_json(BasicJsonType& j, typename BasicJsonType::object_t&& obj)
[build]       |                                                                       ^
[build] C:\Users\pperv\code\unnamed_rpg\vendor\json\include\nlohmann/detail/conversions/to_json.hpp(448,25): warning: default template arguments for a function template are incompatible with C++98 [-Wc++98-compat]
[build]   448 |                   int > = 0 >
[build]       |                         ^ ~
[build] C:\Users\pperv\code\unnamed_rpg\vendor\json\include\nlohmann/detail/conversions/to_json.hpp(454,181): warning: default template arguments for a function template are incompatible with C++98 [-Wc++98-compat]
[build]   454 | template < typename BasicJsonType, typename T1, typename T2, enable_if_t < std::is_constructible<BasicJsonType, T1>::value&& std::is_constructible<BasicJsonType, T2>::value, int > = 0 >
[build]       |                                                                                                                                                                                     ^ ~
[build] C:\Users\pperv\code\unnamed_rpg\vendor\json\include\nlohmann/detail/conversions/to_json.hpp(462,92): warning: consecutive right angle brackets are incompatible with C++98 (use '> >') [-Wc++98-compat]
[build]   462 |          enable_if_t<std::is_same<T, iteration_proxy_value<typename BasicJsonType::iterator>>::value, int> = 0>
[build]       |                                                                                            ^~
[build]       |                                                                                            > >
[build] C:\Users\pperv\code\unnamed_rpg\vendor\json\include\nlohmann/detail/conversions/to_json.hpp(462,108): warning: default template arguments for a function template are incompatible with C++98 [-Wc++98-compat]
[build]   462 |          enable_if_t<std::is_same<T, iteration_proxy_value<typename BasicJsonType::iterator>>::value, int> = 0>
[build]       |                                                                                                            ^ ~
[build] C:\Users\pperv\code\unnamed_rpg\vendor\json\include\nlohmann/detail/conversions/to_json.hpp(468,61): warning: variadic templates are incompatible with C++98 [-Wc++98-compat]
[build]   468 | template<typename BasicJsonType, typename Tuple, std::size_t... Idx>
[build]       |                                                             ^
[build] C:\Users\pperv\code\unnamed_rpg\vendor\json\include\nlohmann/detail/conversions/to_json.hpp(481,113): warning: default template arguments for a function template are incompatible with C++98 [-Wc++98-compat]
[build]   481 | template<typename BasicJsonType, typename T, enable_if_t<is_constructible_tuple<BasicJsonType, T>::value, int > = 0>
[build]       |                                                                                                                 ^ ~
[build] C:\Users\pperv\code\unnamed_rpg\vendor\json\include\nlohmann/detail/conversions/to_json.hpp(513,40): warning: rvalue references are incompatible with C++98 [-Wc++98-compat]
[build]   513 |     auto operator()(BasicJsonType& j, T&& val) const noexcept(noexcept(to_json(j, std::forward<T>(val))))
[build]       |                                        ^
[build] C:\Users\pperv\code\unnamed_rpg\vendor\json\include\nlohmann/detail/conversions/to_json.hpp(514,5): warning: trailing return types are incompatible with C++98 [-Wc++98-compat]
[build]   514 |     -> decltype(to_json(j, std::forward<T>(val)), void())
[build]       |     ^
[build] C:\Users\pperv\code\unnamed_rpg\vendor\json\include\nlohmann/detail/conversions/to_json.hpp(514,8): warning: 'decltype' type specifier is incompatible with C++98 [-Wc++98-compat]
[build]   514 |     -> decltype(to_json(j, std::forward<T>(val)), void())
[build]       |        ^
[build] C:\Users\pperv\code\unnamed_rpg\vendor\json\include\nlohmann/detail/conversions/to_json.hpp(513,54): warning: noexcept specifications are incompatible with C++98 [-Wc++98-compat]
[build]   513 |     auto operator()(BasicJsonType& j, T&& val) const noexcept(noexcept(to_json(j, std::forward<T>(val))))
[build]       |                                                      ^
[build] C:\Users\pperv\code\unnamed_rpg\vendor\json\include\nlohmann/detail/conversions/to_json.hpp(513,63): warning: noexcept expressions are incompatible with C++98 [-Wc++98-compat]
[build]   513 |     auto operator()(BasicJsonType& j, T&& val) const noexcept(noexcept(to_json(j, std::forward<T>(val))))
[build]       |                                                               ^
[build] C:\Users\pperv\code\unnamed_rpg\vendor\json\include\nlohmann/detail/conversions/to_json.hpp(528,22): warning: 'constexpr' specifier is incompatible with C++98 [-Wc++98-compat]
[build]   528 | JSON_INLINE_VARIABLE constexpr const auto& to_json = // NOLINT(misc-definitions-in-headers)
[build]       |                      ^
[build] C:\Users\pperv\code\unnamed_rpg\vendor\json\include\nlohmann/detail/conversions/to_json.hpp(528,38): warning: 'auto' type specifier is incompatible with C++98 [-Wc++98-compat]
[build]   528 | JSON_INLINE_VARIABLE constexpr const auto& to_json = // NOLINT(misc-definitions-in-headers)
[build]       |                                      ^~~~
[build] In file included from C:\Users\pperv\code\unnamed_rpg\vendor\json-schema-validator\src\json-patch.cpp:1:
[build] In file included from C:\Users\pperv\code\unnamed_rpg\vendor\json-schema-validator\src\json-patch.hpp:3:
[build] In file included from C:\Users\pperv\code\unnamed_rpg\vendor\json\include\nlohmann/json.hpp:44:
[build] C:\Users\pperv\code\unnamed_rpg\vendor\json\include\nlohmann/adl_serializer.hpp(18,1): warning: empty macro arguments are incompatible with C++98 [-Wc++98-compat-pedantic]
[build]    18 | NLOHMANN_JSON_NAMESPACE_BEGIN
[build]       | ^
[build] C:\Users\pperv\code\unnamed_rpg\vendor\json\include\nlohmann/detail/abi_macros.hpp(102,17): note: expanded from macro 'NLOHMANN_JSON_NAMESPACE_BEGIN'
[build]   102 |                 NLOHMANN_JSON_ABI_TAGS,              \
[build]       |                 ^
[build] C:\Users\pperv\code\unnamed_rpg\vendor\json\include\nlohmann/detail/abi_macros.hpp(65,5): note: expanded from macro 'NLOHMANN_JSON_ABI_TAGS'
[build]    65 |     NLOHMANN_JSON_ABI_TAGS_CONCAT(                                   \
[build]       |     ^
[build] C:\Users\pperv\code\unnamed_rpg\vendor\json\include\nlohmann/detail/abi_macros.hpp(62,39): note: expanded from macro 'NLOHMANN_JSON_ABI_TAGS_CONCAT'
[build]    62 |     NLOHMANN_JSON_ABI_TAGS_CONCAT_EX(a, b, c)
[build]       |                                       ^
[build] In file included from C:\Users\pperv\code\unnamed_rpg\vendor\json-schema-validator\src\json-patch.cpp:1:
[build] In file included from C:\Users\pperv\code\unnamed_rpg\vendor\json-schema-validator\src\json-patch.hpp:3:
[build] In file included from C:\Users\pperv\code\unnamed_rpg\vendor\json\include\nlohmann/json.hpp:44:
[build] C:\Users\pperv\code\unnamed_rpg\vendor\json\include\nlohmann/adl_serializer.hpp(18,1): warning: empty macro arguments are incompatible with C++98 [-Wc++98-compat-pedantic]
[build] C:\Users\pperv\code\unnamed_rpg\vendor\json\include\nlohmann/detail/abi_macros.hpp(102,17): note: expanded from macro 'NLOHMANN_JSON_NAMESPACE_BEGIN'
[build]   102 |                 NLOHMANN_JSON_ABI_TAGS,              \
[build]       |                 ^
[build] C:\Users\pperv\code\unnamed_rpg\vendor\json\include\nlohmann/detail/abi_macros.hpp(65,5): note: expanded from macro 'NLOHMANN_JSON_ABI_TAGS'
[build]    65 |     NLOHMANN_JSON_ABI_TAGS_CONCAT(                                   \
[build]       |     ^
[build] C:\Users\pperv\code\unnamed_rpg\vendor\json\include\nlohmann/detail/abi_macros.hpp(62,42): note: expanded from macro 'NLOHMANN_JSON_ABI_TAGS_CONCAT'
[build]    62 |     NLOHMANN_JSON_ABI_TAGS_CONCAT_EX(a, b, c)
[build]       |                                          ^
[build] In file included from C:\Users\pperv\code\unnamed_rpg\vendor\json-schema-validator\src\json-patch.cpp:1:
[build] In file included from C:\Users\pperv\code\unnamed_rpg\vendor\json-schema-validator\src\json-patch.hpp:3:
[build] In file included from C:\Users\pperv\code\unnamed_rpg\vendor\json\include\nlohmann/json.hpp:44:
[build] C:\Users\pperv\code\unnamed_rpg\vendor\json\include\nlohmann/adl_serializer.hpp(18,1): warning: empty macro arguments are incompatible with C++98 [-Wc++98-compat-pedantic]
[build] C:\Users\pperv\code\unnamed_rpg\vendor\json\include\nlohmann/detail/abi_macros.hpp(102,17): note: expanded from macro 'NLOHMANN_JSON_NAMESPACE_BEGIN'
[build]   102 |                 NLOHMANN_JSON_ABI_TAGS,              \
[build]       |                 ^
[build] C:\Users\pperv\code\unnamed_rpg\vendor\json\include\nlohmann/detail/abi_macros.hpp(65,5): note: expanded from macro 'NLOHMANN_JSON_ABI_TAGS'
[build]    65 |     NLOHMANN_JSON_ABI_TAGS_CONCAT(                                   \
[build]       |     ^
[build] C:\Users\pperv\code\unnamed_rpg\vendor\json\include\nlohmann/detail/abi_macros.hpp(62,45): note: expanded from macro 'NLOHMANN_JSON_ABI_TAGS_CONCAT'
[build]    62 |     NLOHMANN_JSON_ABI_TAGS_CONCAT_EX(a, b, c)
[build]       |                                             ^
[build] In file included from C:\Users\pperv\code\unnamed_rpg\vendor\json-schema-validator\src\json-patch.cpp:1:
[build] In file included from C:\Users\pperv\code\unnamed_rpg\vendor\json-schema-validator\src\json-patch.hpp:3:
[build] In file included from C:\Users\pperv\code\unnamed_rpg\vendor\json\include\nlohmann/json.hpp:44:
[build] C:\Users\pperv\code\unnamed_rpg\vendor\json\include\nlohmann/adl_serializer.hpp(18,1): warning: inline namespaces are incompatible with C++98 [-Wc++98-compat]
[build] C:\Users\pperv\code\unnamed_rpg\vendor\json\include\nlohmann/detail/abi_macros.hpp(101,5): note: expanded from macro 'NLOHMANN_JSON_NAMESPACE_BEGIN'
[build]   101 |     inline namespace NLOHMANN_JSON_NAMESPACE_CONCAT( \
[build]       |     ^
[build] In file included from C:\Users\pperv\code\unnamed_rpg\vendor\json-schema-validator\src\json-patch.cpp:1:
[build] In file included from C:\Users\pperv\code\unnamed_rpg\vendor\json-schema-validator\src\json-patch.hpp:3:
[build] In file included from C:\Users\pperv\code\unnamed_rpg\vendor\json\include\nlohmann/json.hpp:44:
[build] C:\Users\pperv\code\unnamed_rpg\vendor\json\include\nlohmann/adl_serializer.hpp(27,41): warning: rvalue references are incompatible with C++98 [-Wc++98-compat]
[build]    27 |     static auto from_json(BasicJsonType && j, TargetType& val) noexcept(
[build]       |                                         ^
[build] C:\Users\pperv\code\unnamed_rpg\vendor\json\include\nlohmann/adl_serializer.hpp(29,5): warning: trailing return types are incompatible with C++98 [-Wc++98-compat]
[build]    29 |     -> decltype(::nlohmann::from_json(std::forward<BasicJsonType>(j), val), void())
[build]       |     ^
[build] C:\Users\pperv\code\unnamed_rpg\vendor\json\include\nlohmann/adl_serializer.hpp(29,8): warning: 'decltype' type specifier is incompatible with C++98 [-Wc++98-compat]
[build]    29 |     -> decltype(::nlohmann::from_json(std::forward<BasicJsonType>(j), val), void())
[build]       |        ^
[build] C:\Users\pperv\code\unnamed_rpg\vendor\json\include\nlohmann/adl_serializer.hpp(26,47): warning: default template arguments for a function template are incompatible with C++98 [-Wc++98-compat]
[build]    26 |     template<typename BasicJsonType, typename TargetType = ValueType>
[build]       |                                               ^            ~~~~~~~~~
[build] C:\Users\pperv\code\unnamed_rpg\vendor\json\include\nlohmann/adl_serializer.hpp(37,41): warning: rvalue references are incompatible with C++98 [-Wc++98-compat]
[build]    37 |     static auto from_json(BasicJsonType && j) noexcept(
[build]       |                                         ^
[build] C:\Users\pperv\code\unnamed_rpg\vendor\json\include\nlohmann/adl_serializer.hpp(39,5): warning: trailing return types are incompatible with C++98 [-Wc++98-compat]
[build]    39 |     -> decltype(::nlohmann::from_json(std::forward<BasicJsonType>(j), detail::identity_tag<TargetType> {}))
[build]       |     ^
[build] C:\Users\pperv\code\unnamed_rpg\vendor\json\include\nlohmann/adl_serializer.hpp(39,8): warning: 'decltype' type specifier is incompatible with C++98 [-Wc++98-compat]
[build]    39 |     -> decltype(::nlohmann::from_json(std::forward<BasicJsonType>(j), detail::identity_tag<TargetType> {}))
[build]       |        ^
[build] C:\Users\pperv\code\unnamed_rpg\vendor\json\include\nlohmann/adl_serializer.hpp(39,104): warning: generalized initializer lists are incompatible with C++98 [-Wc++98-compat]
[build]    39 |     -> decltype(::nlohmann::from_json(std::forward<BasicJsonType>(j), detail::identity_tag<TargetType> {}))
[build]       |                                                                                                        ^
[build] C:\Users\pperv\code\unnamed_rpg\vendor\json\include\nlohmann/adl_serializer.hpp(36,47): warning: default template arguments for a function template are incompatible with C++98 [-Wc++98-compat]
[build]    36 |     template<typename BasicJsonType, typename TargetType = ValueType>
[build]       |                                               ^            ~~~~~~~~~
[build] C:\Users\pperv\code\unnamed_rpg\vendor\json\include\nlohmann/adl_serializer.hpp(47,54): warning: rvalue references are incompatible with C++98 [-Wc++98-compat]
[build]    47 |     static auto to_json(BasicJsonType& j, TargetType && val) noexcept(
[build]       |                                                      ^
[build] C:\Users\pperv\code\unnamed_rpg\vendor\json\include\nlohmann/adl_serializer.hpp(49,5): warning: trailing return types are incompatible with C++98 [-Wc++98-compat]
[build]    49 |     -> decltype(::nlohmann::to_json(j, std::forward<TargetType>(val)), void())
[build]       |     ^
[build] C:\Users\pperv\code\unnamed_rpg\vendor\json\include\nlohmann/adl_serializer.hpp(49,8): warning: 'decltype' type specifier is incompatible with C++98 [-Wc++98-compat]
[build]    49 |     -> decltype(::nlohmann::to_json(j, std::forward<TargetType>(val)), void())
[build]       |        ^
[build] C:\Users\pperv\code\unnamed_rpg\vendor\json\include\nlohmann/adl_serializer.hpp(46,47): warning: default template arguments for a function template are incompatible with C++98 [-Wc++98-compat]
[build]    46 |     template<typename BasicJsonType, typename TargetType = ValueType>
[build]       |                                               ^            ~~~~~~~~~
[build] C:\Users\pperv\code\unnamed_rpg\vendor\json\include\nlohmann/adl_serializer.hpp(27,64): warning: noexcept specifications are incompatible with C++98 [-Wc++98-compat]
[build]    27 |     static auto from_json(BasicJsonType && j, TargetType& val) noexcept(
[build]       |                                                                ^
[build] C:\Users\pperv\code\unnamed_rpg\vendor\json\include\nlohmann/adl_serializer.hpp(28,9): warning: noexcept expressions are incompatible with C++98 [-Wc++98-compat]
[build]    28 |         noexcept(::nlohmann::from_json(std::forward<BasicJsonType>(j), val)))
[build]       |         ^
[build] C:\Users\pperv\code\unnamed_rpg\vendor\json\include\nlohmann/adl_serializer.hpp(37,47): warning: noexcept specifications are incompatible with C++98 [-Wc++98-compat]
[build]    37 |     static auto from_json(BasicJsonType && j) noexcept(
[build]       |                                               ^
[build] C:\Users\pperv\code\unnamed_rpg\vendor\json\include\nlohmann/adl_serializer.hpp(38,5): warning: noexcept expressions are incompatible with C++98 [-Wc++98-compat]
[build]    38 |     noexcept(::nlohmann::from_json(std::forward<BasicJsonType>(j), detail::identity_tag<TargetType> {})))
[build]       |     ^
[build] C:\Users\pperv\code\unnamed_rpg\vendor\json\include\nlohmann/adl_serializer.hpp(38,101): warning: generalized initializer lists are incompatible with C++98 [-Wc++98-compat]
[build]    38 |     noexcept(::nlohmann::from_json(std::forward<BasicJsonType>(j), detail::identity_tag<TargetType> {})))
[build]       |                                                                                                     ^
[build] C:\Users\pperv\code\unnamed_rpg\vendor\json\include\nlohmann/adl_serializer.hpp(47,62): warning: noexcept specifications are incompatible with C++98 [-Wc++98-compat]
[build]    47 |     static auto to_json(BasicJsonType& j, TargetType && val) noexcept(
[build]       |                                                              ^
[build] C:\Users\pperv\code\unnamed_rpg\vendor\json\include\nlohmann/adl_serializer.hpp(48,9): warning: noexcept expressions are incompatible with C++98 [-Wc++98-compat]
[build]    48 |         noexcept(::nlohmann::to_json(j, std::forward<TargetType>(val))))
[build]       |         ^
[build] In file included from C:\Users\pperv\code\unnamed_rpg\vendor\json-schema-validator\src\json-patch.cpp:1:
[build] In file included from C:\Users\pperv\code\unnamed_rpg\vendor\json-schema-validator\src\json-patch.hpp:3:
[build] In file included from C:\Users\pperv\code\unnamed_rpg\vendor\json\include\nlohmann/json.hpp:45:
[build] C:\Users\pperv\code\unnamed_rpg\vendor\json\include\nlohmann/byte_container_with_subtype.hpp(17,1): warning: empty macro arguments are incompatible with C++98 [-Wc++98-compat-pedantic]
[build]    17 | NLOHMANN_JSON_NAMESPACE_BEGIN
[build]       | ^
[build] C:\Users\pperv\code\unnamed_rpg\vendor\json\include\nlohmann/detail/abi_macros.hpp(102,17): note: expanded from macro 'NLOHMANN_JSON_NAMESPACE_BEGIN'
[build]   102 |                 NLOHMANN_JSON_ABI_TAGS,              \
[build]       |                 ^
[build] C:\Users\pperv\code\unnamed_rpg\vendor\json\include\nlohmann/detail/abi_macros.hpp(65,5): note: expanded from macro 'NLOHMANN_JSON_ABI_TAGS'
[build]    65 |     NLOHMANN_JSON_ABI_TAGS_CONCAT(                                   \
[build]       |     ^
[build] C:\Users\pperv\code\unnamed_rpg\vendor\json\include\nlohmann/detail/abi_macros.hpp(62,39): note: expanded from macro 'NLOHMANN_JSON_ABI_TAGS_CONCAT'
[build]    62 |     NLOHMANN_JSON_ABI_TAGS_CONCAT_EX(a, b, c)
[build]       |                                       ^
[build] In file included from C:\Users\pperv\code\unnamed_rpg\vendor\json-schema-validator\src\json-patch.cpp:1:
[build] In file included from C:\Users\pperv\code\unnamed_rpg\vendor\json-schema-validator\src\json-patch.hpp:3:
[build] In file included from C:\Users\pperv\code\unnamed_rpg\vendor\json\include\nlohmann/json.hpp:45:
[build] C:\Users\pperv\code\unnamed_rpg\vendor\json\include\nlohmann/byte_container_with_subtype.hpp(17,1): warning: empty macro arguments are incompatible with C++98 [-Wc++98-compat-pedantic]
[build] C:\Users\pperv\code\unnamed_rpg\vendor\json\include\nlohmann/detail/abi_macros.hpp(102,17): note: expanded from macro 'NLOHMANN_JSON_NAMESPACE_BEGIN'
[build]   102 |                 NLOHMANN_JSON_ABI_TAGS,              \
[build]       |                 ^
[build] C:\Users\pperv\code\unnamed_rpg\vendor\json\include\nlohmann/detail/abi_macros.hpp(65,5): note: expanded from macro 'NLOHMANN_JSON_ABI_TAGS'
[build]    65 |     NLOHMANN_JSON_ABI_TAGS_CONCAT(                                   \
[build]       |     ^
[build] C:\Users\pperv\code\unnamed_rpg\vendor\json\include\nlohmann/detail/abi_macros.hpp(62,42): note: expanded from macro 'NLOHMANN_JSON_ABI_TAGS_CONCAT'
[build]    62 |     NLOHMANN_JSON_ABI_TAGS_CONCAT_EX(a, b, c)
[build]       |                                          ^
[build] In file included from C:\Users\pperv\code\unnamed_rpg\vendor\json-schema-validator\src\json-patch.cpp:1:
[build] In file included from C:\Users\pperv\code\unnamed_rpg\vendor\json-schema-validator\src\json-patch.hpp:3:
[build] In file included from C:\Users\pperv\code\unnamed_rpg\vendor\json\include\nlohmann/json.hpp:45:
[build] C:\Users\pperv\code\unnamed_rpg\vendor\json\include\nlohmann/byte_container_with_subtype.hpp(17,1): warning: empty macro arguments are incompatible with C++98 [-Wc++98-compat-pedantic]
[build] C:\Users\pperv\code\unnamed_rpg\vendor\json\include\nlohmann/detail/abi_macros.hpp(102,17): note: expanded from macro 'NLOHMANN_JSON_NAMESPACE_BEGIN'
[build]   102 |                 NLOHMANN_JSON_ABI_TAGS,              \
[build]       |                 ^
[build] C:\Users\pperv\code\unnamed_rpg\vendor\json\include\nlohmann/detail/abi_macros.hpp(65,5): note: expanded from macro 'NLOHMANN_JSON_ABI_TAGS'
[build]    65 |     NLOHMANN_JSON_ABI_TAGS_CONCAT(                                   \
[build]       |     ^
[build] C:\Users\pperv\code\unnamed_rpg\vendor\json\include\nlohmann/detail/abi_macros.hpp(62,45): note: expanded from macro 'NLOHMANN_JSON_ABI_TAGS_CONCAT'
[build]    62 |     NLOHMANN_JSON_ABI_TAGS_CONCAT_EX(a, b, c)
[build]       |                                             ^
[build] In file included from C:\Users\pperv\code\unnamed_rpg\vendor\json-schema-validator\src\json-patch.cpp:1:
[build] In file included from C:\Users\pperv\code\unnamed_rpg\vendor\json-schema-validator\src\json-patch.hpp:3:
[build] In file included from C:\Users\pperv\code\unnamed_rpg\vendor\json\include\nlohmann/json.hpp:45:
[build] C:\Users\pperv\code\unnamed_rpg\vendor\json\include\nlohmann/byte_container_with_subtype.hpp(17,1): warning: inline namespaces are incompatible with C++98 [-Wc++98-compat]
[build] C:\Users\pperv\code\unnamed_rpg\vendor\json\include\nlohmann/detail/abi_macros.hpp(101,5): note: expanded from macro 'NLOHMANN_JSON_NAMESPACE_BEGIN'
[build]   101 |     inline namespace NLOHMANN_JSON_NAMESPACE_CONCAT( \
[build]       |     ^
[build] In file included from C:\Users\pperv\code\unnamed_rpg\vendor\json-schema-validator\src\json-patch.cpp:1:
[build] In file included from C:\Users\pperv\code\unnamed_rpg\vendor\json-schema-validator\src\json-patch.hpp:3:
[build] In file included from C:\Users\pperv\code\unnamed_rpg\vendor\json\include\nlohmann/json.hpp:45:
[build] C:\Users\pperv\code\unnamed_rpg\vendor\json\include\nlohmann/byte_container_with_subtype.hpp(25,28): warning: alias declarations are incompatible with C++98 [-Wc++98-compat]
[build]    25 |     using container_type = BinaryType;
[build]       |                            ^
[build] C:\Users\pperv\code\unnamed_rpg\vendor\json\include\nlohmann/byte_container_with_subtype.hpp(26,26): warning: alias declarations are incompatible with C++98 [-Wc++98-compat]
[build]    26 |     using subtype_type = std::uint64_t;
[build]       |                          ^
[build] C:\Users\pperv\code\unnamed_rpg\vendor\json\include\nlohmann/byte_container_with_subtype.hpp(39,47): warning: rvalue references are incompatible with C++98 [-Wc++98-compat]
[build]    39 |     byte_container_with_subtype(container_type&& b) noexcept(noexcept(container_type(std::move(b))))
[build]       |                                               ^
[build] C:\Users\pperv\code\unnamed_rpg\vendor\json\include\nlohmann/byte_container_with_subtype.hpp(51,47): warning: rvalue references are incompatible with C++98 [-Wc++98-compat]
[build]    51 |     byte_container_with_subtype(container_type&& b, subtype_type subtype_) noexcept(noexcept(container_type(std::move(b))))
[build]       |                                               ^
[build] C:\Users\pperv\code\unnamed_rpg\vendor\json\include\nlohmann/byte_container_with_subtype.hpp(71,5): warning: noexcept specifications are incompatible with C++98 [-Wc++98-compat]
[build]    71 |     {
[build]       |     ^
[build] C:\Users\pperv\code\unnamed_rpg\vendor\json\include\nlohmann/byte_container_with_subtype.hpp(78,5): warning: 'constexpr' specifier is incompatible with C++98 [-Wc++98-compat]
[build]    78 |     constexpr subtype_type subtype() const noexcept
[build]       |     ^
[build] C:\Users\pperv\code\unnamed_rpg\vendor\json\include\nlohmann/byte_container_with_subtype.hpp(79,5): warning: noexcept specifications are incompatible with C++98 [-Wc++98-compat]
[build]    79 |     {
[build]       |     ^
[build] C:\Users\pperv\code\unnamed_rpg\vendor\json\include\nlohmann/byte_container_with_subtype.hpp(85,5): warning: 'constexpr' specifier is incompatible with C++98 [-Wc++98-compat]
[build]    85 |     constexpr bool has_subtype() const noexcept
[build]       |     ^
[build] C:\Users\pperv\code\unnamed_rpg\vendor\json\include\nlohmann/byte_container_with_subtype.hpp(86,5): warning: noexcept specifications are incompatible with C++98 [-Wc++98-compat]
[build]    86 |     {
[build]       |     ^
[build] C:\Users\pperv\code\unnamed_rpg\vendor\json\include\nlohmann/byte_container_with_subtype.hpp(93,5): warning: noexcept specifications are incompatible with C++98 [-Wc++98-compat]
[build]    93 |     {
[build]       |     ^
[build] C:\Users\pperv\code\unnamed_rpg\vendor\json\include\nlohmann/byte_container_with_subtype.hpp(99,28): warning: default member initializer for non-static data members is incompatible with C++98 [-Wc++98-compat]
[build]    99 |     subtype_type m_subtype = 0;
[build]       |                            ^
[build] C:\Users\pperv\code\unnamed_rpg\vendor\json\include\nlohmann/byte_container_with_subtype.hpp(100,24): warning: default member initializer for non-static data members is incompatible with C++98 [-Wc++98-compat]
[build]   100 |     bool m_has_subtype = false;
[build]       |                        ^
[build] C:\Users\pperv\code\unnamed_rpg\vendor\json\include\nlohmann/byte_container_with_subtype.hpp(29,35): warning: noexcept specifications are incompatible with C++98 [-Wc++98-compat]
[build]    29 |     byte_container_with_subtype() noexcept(noexcept(container_type()))
[build]       |                                   ^
[build] C:\Users\pperv\code\unnamed_rpg\vendor\json\include\nlohmann/byte_container_with_subtype.hpp(29,44): warning: noexcept expressions are incompatible with C++98 [-Wc++98-compat]
[build]    29 |     byte_container_with_subtype() noexcept(noexcept(container_type()))
[build]       |                                            ^
[build] C:\Users\pperv\code\unnamed_rpg\vendor\json\include\nlohmann/byte_container_with_subtype.hpp(34,58): warning: noexcept specifications are incompatible with C++98 [-Wc++98-compat]
[build]    34 |     byte_container_with_subtype(const container_type& b) noexcept(noexcept(container_type(b)))
[build]       |                                                          ^
[build] C:\Users\pperv\code\unnamed_rpg\vendor\json\include\nlohmann/byte_container_with_subtype.hpp(34,67): warning: noexcept expressions are incompatible with C++98 [-Wc++98-compat]
[build]    34 |     byte_container_with_subtype(const container_type& b) noexcept(noexcept(container_type(b)))
[build]       |                                                                   ^
[build] C:\Users\pperv\code\unnamed_rpg\vendor\json\include\nlohmann/byte_container_with_subtype.hpp(39,53): warning: noexcept specifications are incompatible with C++98 [-Wc++98-compat]
[build]    39 |     byte_container_with_subtype(container_type&& b) noexcept(noexcept(container_type(std::move(b))))
[build]       |                                                     ^
[build] C:\Users\pperv\code\unnamed_rpg\vendor\json\include\nlohmann/byte_container_with_subtype.hpp(39,62): warning: noexcept expressions are incompatible with C++98 [-Wc++98-compat]
[build]    39 |     byte_container_with_subtype(container_type&& b) noexcept(noexcept(container_type(std::move(b))))
[build]       |                                                              ^
[build] C:\Users\pperv\code\unnamed_rpg\vendor\json\include\nlohmann/byte_container_with_subtype.hpp(44,81): warning: noexcept specifications are incompatible with C++98 [-Wc++98-compat]
[build]    44 |     byte_container_with_subtype(const container_type& b, subtype_type subtype_) noexcept(noexcept(container_type(b)))
[build]       |                                                                                 ^
[build] C:\Users\pperv\code\unnamed_rpg\vendor\json\include\nlohmann/byte_container_with_subtype.hpp(44,90): warning: noexcept expressions are incompatible with C++98 [-Wc++98-compat]
[build]    44 |     byte_container_with_subtype(const container_type& b, subtype_type subtype_) noexcept(noexcept(container_type(b)))
[build]       |                                                                                          ^
[build] C:\Users\pperv\code\unnamed_rpg\vendor\json\include\nlohmann/byte_container_with_subtype.hpp(51,76): warning: noexcept specifications are incompatible with C++98 [-Wc++98-compat]
[build]    51 |     byte_container_with_subtype(container_type&& b, subtype_type subtype_) noexcept(noexcept(container_type(std::move(b))))
[build]       |                                                                            ^
[build] C:\Users\pperv\code\unnamed_rpg\vendor\json\include\nlohmann/byte_container_with_subtype.hpp(51,85): warning: noexcept expressions are incompatible with C++98 [-Wc++98-compat]
[build]    51 |     byte_container_with_subtype(container_type&& b, subtype_type subtype_) noexcept(noexcept(container_type(std::move(b))))
[build]       |                                                                                     ^
[build] In file included from C:\Users\pperv\code\unnamed_rpg\vendor\json-schema-validator\src\json-patch.cpp:1:
[build] In file included from C:\Users\pperv\code\unnamed_rpg\vendor\json-schema-validator\src\json-patch.hpp:3:
[build] In file included from C:\Users\pperv\code\unnamed_rpg\vendor\json\include\nlohmann/json.hpp:49:
[build] C:\Users\pperv\code\unnamed_rpg\vendor\json\include\nlohmann/detail/hash.hpp(18,1): warning: empty macro arguments are incompatible with C++98 [-Wc++98-compat-pedantic]
[build]    18 | NLOHMANN_JSON_NAMESPACE_BEGIN
[build]       | ^
[build] C:\Users\pperv\code\unnamed_rpg\vendor\json\include\nlohmann/detail/abi_macros.hpp(102,17): note: expanded from macro 'NLOHMANN_JSON_NAMESPACE_BEGIN'
[build]   102 |                 NLOHMANN_JSON_ABI_TAGS,              \
[build]       |                 ^
[build] C:\Users\pperv\code\unnamed_rpg\vendor\json\include\nlohmann/detail/abi_macros.hpp(65,5): note: expanded from macro 'NLOHMANN_JSON_ABI_TAGS'
[build]    65 |     NLOHMANN_JSON_ABI_TAGS_CONCAT(                                   \
[build]       |     ^
[build] C:\Users\pperv\code\unnamed_rpg\vendor\json\include\nlohmann/detail/abi_macros.hpp(62,39): note: expanded from macro 'NLOHMANN_JSON_ABI_TAGS_CONCAT'
[build]    62 |     NLOHMANN_JSON_ABI_TAGS_CONCAT_EX(a, b, c)
[build]       |                                       ^
[build] In file included from C:\Users\pperv\code\unnamed_rpg\vendor\json-schema-validator\src\json-patch.cpp:1:
[build] In file included from C:\Users\pperv\code\unnamed_rpg\vendor\json-schema-validator\src\json-patch.hpp:3:
[build] In file included from C:\Users\pperv\code\unnamed_rpg\vendor\json\include\nlohmann/json.hpp:49:
[build] C:\Users\pperv\code\unnamed_rpg\vendor\json\include\nlohmann/detail/hash.hpp(18,1): warning: empty macro arguments are incompatible with C++98 [-Wc++98-compat-pedantic]
[build] C:\Users\pperv\code\unnamed_rpg\vendor\json\include\nlohmann/detail/abi_macros.hpp(102,17): note: expanded from macro 'NLOHMANN_JSON_NAMESPACE_BEGIN'
[build]   102 |                 NLOHMANN_JSON_ABI_TAGS,              \
[build]       |                 ^
[build] C:\Users\pperv\code\unnamed_rpg\vendor\json\include\nlohmann/detail/abi_macros.hpp(65,5): note: expanded from macro 'NLOHMANN_JSON_ABI_TAGS'
[build]    65 |     NLOHMANN_JSON_ABI_TAGS_CONCAT(                                   \
[build]       |     ^
[build] C:\Users\pperv\code\unnamed_rpg\vendor\json\include\nlohmann/detail/abi_macros.hpp(62,42): note: expanded from macro 'NLOHMANN_JSON_ABI_TAGS_CONCAT'
[build]    62 |     NLOHMANN_JSON_ABI_TAGS_CONCAT_EX(a, b, c)
[build]       |                                          ^
[build] In file included from C:\Users\pperv\code\unnamed_rpg\vendor\json-schema-validator\src\json-patch.cpp:1:
[build] In file included from C:\Users\pperv\code\unnamed_rpg\vendor\json-schema-validator\src\json-patch.hpp:3:
[build] In file included from C:\Users\pperv\code\unnamed_rpg\vendor\json\include\nlohmann/json.hpp:49:
[build] C:\Users\pperv\code\unnamed_rpg\vendor\json\include\nlohmann/detail/hash.hpp(18,1): warning: empty macro arguments are incompatible with C++98 [-Wc++98-compat-pedantic]
[build] C:\Users\pperv\code\unnamed_rpg\vendor\json\include\nlohmann/detail/abi_macros.hpp(102,17): note: expanded from macro 'NLOHMANN_JSON_NAMESPACE_BEGIN'
[build]   102 |                 NLOHMANN_JSON_ABI_TAGS,              \
[build]       |                 ^
[build] C:\Users\pperv\code\unnamed_rpg\vendor\json\include\nlohmann/detail/abi_macros.hpp(65,5): note: expanded from macro 'NLOHMANN_JSON_ABI_TAGS'
[build]    65 |     NLOHMANN_JSON_ABI_TAGS_CONCAT(                                   \
[build]       |     ^
[build] C:\Users\pperv\code\unnamed_rpg\vendor\json\include\nlohmann/detail/abi_macros.hpp(62,45): note: expanded from macro 'NLOHMANN_JSON_ABI_TAGS_CONCAT'
[build]    62 |     NLOHMANN_JSON_ABI_TAGS_CONCAT_EX(a, b, c)
[build]       |                                             ^
[build] In file included from C:\Users\pperv\code\unnamed_rpg\vendor\json-schema-validator\src\json-patch.cpp:1:
[build] In file included from C:\Users\pperv\code\unnamed_rpg\vendor\json-schema-validator\src\json-patch.hpp:3:
[build] In file included from C:\Users\pperv\code\unnamed_rpg\vendor\json\include\nlohmann/json.hpp:49:
[build] C:\Users\pperv\code\unnamed_rpg\vendor\json\include\nlohmann/detail/hash.hpp(18,1): warning: inline namespaces are incompatible with C++98 [-Wc++98-compat]
[build] C:\Users\pperv\code\unnamed_rpg\vendor\json\include\nlohmann/detail/abi_macros.hpp(101,5): note: expanded from macro 'NLOHMANN_JSON_NAMESPACE_BEGIN'
[build]   101 |     inline namespace NLOHMANN_JSON_NAMESPACE_CONCAT( \
[build]       |     ^
[build] In file included from C:\Users\pperv\code\unnamed_rpg\vendor\json-schema-validator\src\json-patch.cpp:1:
[build] In file included from C:\Users\pperv\code\unnamed_rpg\vendor\json-schema-validator\src\json-patch.hpp:3:
[build] In file included from C:\Users\pperv\code\unnamed_rpg\vendor\json\include\nlohmann/json.hpp:49:
[build] C:\Users\pperv\code\unnamed_rpg\vendor\json\include\nlohmann/detail/hash.hpp(23,61): warning: noexcept specifications are incompatible with C++98 [-Wc++98-compat]
[build]    23 | inline std::size_t combine(std::size_t seed, std::size_t h) noexcept
[build]       |                                                             ^
[build] In file included from C:\Users\pperv\code\unnamed_rpg\vendor\json-schema-validator\src\json-patch.cpp:1:
[build] In file included from C:\Users\pperv\code\unnamed_rpg\vendor\json-schema-validator\src\json-patch.hpp:3:
[build] In file included from C:\Users\pperv\code\unnamed_rpg\vendor\json\include\nlohmann/json.hpp:50:
[build] In file included from C:\Users\pperv\code\unnamed_rpg\vendor\json\include\nlohmann/detail/input/binary_reader.hpp:28:
[build] C:\Users\pperv\code\unnamed_rpg\vendor\json\include\nlohmann/detail/input/input_adapters.hpp(32,1): warning: empty macro arguments are incompatible with C++98 [-Wc++98-compat-pedantic]
[build]    32 | NLOHMANN_JSON_NAMESPACE_BEGIN
[build]       | ^
[build] C:\Users\pperv\code\unnamed_rpg\vendor\json\include\nlohmann/detail/abi_macros.hpp(102,17): note: expanded from macro 'NLOHMANN_JSON_NAMESPACE_BEGIN'
[build]   102 |                 NLOHMANN_JSON_ABI_TAGS,              \
[build]       |                 ^
[build] C:\Users\pperv\code\unnamed_rpg\vendor\json\include\nlohmann/detail/abi_macros.hpp(65,5): note: expanded from macro 'NLOHMANN_JSON_ABI_TAGS'
[build]    65 |     NLOHMANN_JSON_ABI_TAGS_CONCAT(                                   \
[build]       |     ^
[build] C:\Users\pperv\code\unnamed_rpg\vendor\json\include\nlohmann/detail/abi_macros.hpp(62,39): note: expanded from macro 'NLOHMANN_JSON_ABI_TAGS_CONCAT'
[build]    62 |     NLOHMANN_JSON_ABI_TAGS_CONCAT_EX(a, b, c)
[build]       |                                       ^
[build] In file included from C:\Users\pperv\code\unnamed_rpg\vendor\json-schema-validator\src\json-patch.cpp:1:
[build] In file included from C:\Users\pperv\code\unnamed_rpg\vendor\json-schema-validator\src\json-patch.hpp:3:
[build] In file included from C:\Users\pperv\code\unnamed_rpg\vendor\json\include\nlohmann/json.hpp:50:
[build] In file included from C:\Users\pperv\code\unnamed_rpg\vendor\json\include\nlohmann/detail/input/binary_reader.hpp:28:
[build] C:\Users\pperv\code\unnamed_rpg\vendor\json\include\nlohmann/detail/input/input_adapters.hpp(32,1): warning: empty macro arguments are incompatible with C++98 [-Wc++98-compat-pedantic]
[build] C:\Users\pperv\code\unnamed_rpg\vendor\json\include\nlohmann/detail/abi_macros.hpp(102,17): note: expanded from macro 'NLOHMANN_JSON_NAMESPACE_BEGIN'
[build]   102 |                 NLOHMANN_JSON_ABI_TAGS,              \
[build]       |                 ^
[build] C:\Users\pperv\code\unnamed_rpg\vendor\json\include\nlohmann/detail/abi_macros.hpp(65,5): note: expanded from macro 'NLOHMANN_JSON_ABI_TAGS'
[build]    65 |     NLOHMANN_JSON_ABI_TAGS_CONCAT(                                   \
[build]       |     ^
[build] C:\Users\pperv\code\unnamed_rpg\vendor\json\include\nlohmann/detail/abi_macros.hpp(62,42): note: expanded from macro 'NLOHMANN_JSON_ABI_TAGS_CONCAT'
[build]    62 |     NLOHMANN_JSON_ABI_TAGS_CONCAT_EX(a, b, c)
[build]       |                                          ^
[build] In file included from C:\Users\pperv\code\unnamed_rpg\vendor\json-schema-validator\src\json-patch.cpp:1:
[build] In file included from C:\Users\pperv\code\unnamed_rpg\vendor\json-schema-validator\src\json-patch.hpp:3:
[build] In file included from C:\Users\pperv\code\unnamed_rpg\vendor\json\include\nlohmann/json.hpp:50:
[build] In file included from C:\Users\pperv\code\unnamed_rpg\vendor\json\include\nlohmann/detail/input/binary_reader.hpp:28:
[build] C:\Users\pperv\code\unnamed_rpg\vendor\json\include\nlohmann/detail/input/input_adapters.hpp(32,1): warning: empty macro arguments are incompatible with C++98 [-Wc++98-compat-pedantic]
[build] C:\Users\pperv\code\unnamed_rpg\vendor\json\include\nlohmann/detail/abi_macros.hpp(102,17): note: expanded from macro 'NLOHMANN_JSON_NAMESPACE_BEGIN'
[build]   102 |                 NLOHMANN_JSON_ABI_TAGS,              \
[build]       |                 ^
[build] C:\Users\pperv\code\unnamed_rpg\vendor\json\include\nlohmann/detail/abi_macros.hpp(65,5): note: expanded from macro 'NLOHMANN_JSON_ABI_TAGS'
[build]    65 |     NLOHMANN_JSON_ABI_TAGS_CONCAT(                                   \
[build]       |     ^
[build] C:\Users\pperv\code\unnamed_rpg\vendor\json\include\nlohmann/detail/abi_macros.hpp(62,45): note: expanded from macro 'NLOHMANN_JSON_ABI_TAGS_CONCAT'
[build]    62 |     NLOHMANN_JSON_ABI_TAGS_CONCAT_EX(a, b, c)
[build]       |                                             ^
[build] In file included from C:\Users\pperv\code\unnamed_rpg\vendor\json-schema-validator\src\json-patch.cpp:1:
[build] In file included from C:\Users\pperv\code\unnamed_rpg\vendor\json-schema-validator\src\json-patch.hpp:3:
[build] In file included from C:\Users\pperv\code\unnamed_rpg\vendor\json\include\nlohmann/json.hpp:50:
[build] In file included from C:\Users\pperv\code\unnamed_rpg\vendor\json\include\nlohmann/detail/input/binary_reader.hpp:28:
[build] C:\Users\pperv\code\unnamed_rpg\vendor\json\include\nlohmann/detail/input/input_adapters.hpp(32,1): warning: inline namespaces are incompatible with C++98 [-Wc++98-compat]
[build] C:\Users\pperv\code\unnamed_rpg\vendor\json\include\nlohmann/detail/abi_macros.hpp(101,5): note: expanded from macro 'NLOHMANN_JSON_NAMESPACE_BEGIN'
[build]   101 |     inline namespace NLOHMANN_JSON_NAMESPACE_CONCAT( \
[build]       |     ^
[build] In file included from C:\Users\pperv\code\unnamed_rpg\vendor\json-schema-validator\src\json-patch.cpp:1:
[build] In file included from C:\Users\pperv\code\unnamed_rpg\vendor\json-schema-validator\src\json-patch.hpp:3:
[build] In file included from C:\Users\pperv\code\unnamed_rpg\vendor\json\include\nlohmann/json.hpp:50:
[build] In file included from C:\Users\pperv\code\unnamed_rpg\vendor\json\include\nlohmann/detail/input/binary_reader.hpp:28:
[build] C:\Users\pperv\code\unnamed_rpg\vendor\json\include\nlohmann/detail/input/input_adapters.hpp(37,6): warning: scoped enumerations are incompatible with C++98 [-Wc++98-compat]
[build]    37 | enum class input_format_t { json, cbor, msgpack, ubjson, bson, bjdata };
[build]       |      ^
[build] C:\Users\pperv\code\unnamed_rpg\vendor\json\include\nlohmann/detail/input/input_adapters.hpp(51,23): warning: alias declarations are incompatible with C++98 [-Wc++98-compat]
[build]    51 |     using char_type = char;
[build]       |                       ^
[build] C:\Users\pperv\code\unnamed_rpg\vendor\json\include\nlohmann/detail/input/input_adapters.hpp(55,9): warning: noexcept specifications are incompatible with C++98 [-Wc++98-compat]
[build]    55 |         : m_file(f)
[build]       |         ^
[build] C:\Users\pperv\code\unnamed_rpg\vendor\json\include\nlohmann/detail/input/input_adapters.hpp(61,53): warning: deleted function definitions are incompatible with C++98 [-Wc++98-compat]
[build]    61 |     file_input_adapter(const file_input_adapter&) = delete;
[build]       |                                                     ^
[build] C:\Users\pperv\code\unnamed_rpg\vendor\json\include\nlohmann/detail/input/input_adapters.hpp(62,42): warning: rvalue references are incompatible with C++98 [-Wc++98-compat]
[build]    62 |     file_input_adapter(file_input_adapter&&) noexcept = default;
[build]       |                                          ^
[build] C:\Users\pperv\code\unnamed_rpg\vendor\json\include\nlohmann/detail/input/input_adapters.hpp(62,55): warning: noexcept specifications are incompatible with C++98 [-Wc++98-compat]
[build]    62 |     file_input_adapter(file_input_adapter&&) noexcept = default;
[build]       |                                                       ^
[build] C:\Users\pperv\code\unnamed_rpg\vendor\json\include\nlohmann/detail/input/input_adapters.hpp(62,57): warning: defaulted function definitions are incompatible with C++98 [-Wc++98-compat]
[build]    62 |     file_input_adapter(file_input_adapter&&) noexcept = default;
[build]       |                                                         ^
[build] C:\Users\pperv\code\unnamed_rpg\vendor\json\include\nlohmann/detail/input/input_adapters.hpp(63,64): warning: deleted function definitions are incompatible with C++98 [-Wc++98-compat]
[build]    63 |     file_input_adapter& operator=(const file_input_adapter&) = delete;
[build]       |                                                                ^
[build] C:\Users\pperv\code\unnamed_rpg\vendor\json\include\nlohmann/detail/input/input_adapters.hpp(64,53): warning: rvalue references are incompatible with C++98 [-Wc++98-compat]
[build]    64 |     file_input_adapter& operator=(file_input_adapter&&) = delete;
[build]       |                                                     ^
[build] C:\Users\pperv\code\unnamed_rpg\vendor\json\include\nlohmann/detail/input/input_adapters.hpp(64,59): warning: deleted function definitions are incompatible with C++98 [-Wc++98-compat]
[build]    64 |     file_input_adapter& operator=(file_input_adapter&&) = delete;
[build]       |                                                           ^
[build] C:\Users\pperv\code\unnamed_rpg\vendor\json\include\nlohmann/detail/input/input_adapters.hpp(65,29): warning: defaulted function definitions are incompatible with C++98 [-Wc++98-compat]
[build]    65 |     ~file_input_adapter() = default;
[build]       |                             ^
[build] C:\Users\pperv\code\unnamed_rpg\vendor\json\include\nlohmann/detail/input/input_adapters.hpp(68,5): warning: noexcept specifications are incompatible with C++98 [-Wc++98-compat]
[build]    68 |     {
[build]       |     ^
[build] C:\Users\pperv\code\unnamed_rpg\vendor\json\include\nlohmann/detail/input/input_adapters.hpp(57,31): warning: 'nullptr' is incompatible with C++98 [-Wc++98-compat]
[build]    57 |         JSON_ASSERT(m_file != nullptr);
[build]       |                               ^
[build] C:\Users\pperv\code\unnamed_rpg\vendor\json\include\nlohmann/detail/input/input_adapters.hpp(96,23): warning: alias declarations are incompatible with C++98 [-Wc++98-compat]
[build]    96 |     using char_type = char;
[build]       |                       ^
[build] C:\Users\pperv\code\unnamed_rpg\vendor\json\include\nlohmann/detail/input/input_adapters.hpp(113,57): warning: deleted function definitions are incompatible with C++98 [-Wc++98-compat]
[build]   113 |     input_stream_adapter(const input_stream_adapter&) = delete;
[build]       |                                                         ^
[build] C:\Users\pperv\code\unnamed_rpg\vendor\json\include\nlohmann/detail/input/input_adapters.hpp(114,62): warning: deleted function definitions are incompatible with C++98 [-Wc++98-compat]
[build]   114 |     input_stream_adapter& operator=(input_stream_adapter&) = delete;
[build]       |                                                              ^
[build] C:\Users\pperv\code\unnamed_rpg\vendor\json\include\nlohmann/detail/input/input_adapters.hpp(115,57): warning: rvalue references are incompatible with C++98 [-Wc++98-compat]
[build]   115 |     input_stream_adapter& operator=(input_stream_adapter&&) = delete;
[build]       |                                                         ^
[build] C:\Users\pperv\code\unnamed_rpg\vendor\json\include\nlohmann/detail/input/input_adapters.hpp(115,63): warning: deleted function definitions are incompatible with C++98 [-Wc++98-compat]
[build]   115 |     input_stream_adapter& operator=(input_stream_adapter&&) = delete;
[build]       |                                                               ^
[build] C:\Users\pperv\code\unnamed_rpg\vendor\json\include\nlohmann/detail/input/input_adapters.hpp(117,46): warning: rvalue references are incompatible with C++98 [-Wc++98-compat]
[build]   117 |     input_stream_adapter(input_stream_adapter&& rhs) noexcept
[build]       |                                              ^
[build] C:\Users\pperv\code\unnamed_rpg\vendor\json\include\nlohmann/detail/input/input_adapters.hpp(118,9): warning: noexcept specifications are incompatible with C++98 [-Wc++98-compat]
[build]   118 |         : is(rhs.is), sb(rhs.sb)
[build]       |         ^
[build] C:\Users\pperv\code\unnamed_rpg\vendor\json\include\nlohmann/detail/input/input_adapters.hpp(151,22): warning: default member initializer for non-static data members is incompatible with C++98 [-Wc++98-compat]
[build]   151 |     std::istream* is = nullptr;
[build]       |                      ^
[build] C:\Users\pperv\code\unnamed_rpg\vendor\json\include\nlohmann/detail/input/input_adapters.hpp(152,24): warning: default member initializer for non-static data members is incompatible with C++98 [-Wc++98-compat]
[build]   152 |     std::streambuf* sb = nullptr;
[build]       |                        ^
[build] C:\Users\pperv\code\unnamed_rpg\vendor\json\include\nlohmann/detail/input/input_adapters.hpp(151,24): warning: 'nullptr' is incompatible with C++98 [-Wc++98-compat]
[build]   151 |     std::istream* is = nullptr;
[build]       |                        ^
[build] C:\Users\pperv\code\unnamed_rpg\vendor\json\include\nlohmann/detail/input/input_adapters.hpp(152,26): warning: 'nullptr' is incompatible with C++98 [-Wc++98-compat]
[build]   152 |     std::streambuf* sb = nullptr;
[build]       |                          ^
[build] C:\Users\pperv\code\unnamed_rpg\vendor\json\include\nlohmann/detail/input/input_adapters.hpp(102,19): warning: 'nullptr' is incompatible with C++98 [-Wc++98-compat]
[build]   102 |         if (is != nullptr)
[build]       |                   ^
[build] C:\Users\pperv\code\unnamed_rpg\vendor\json\include\nlohmann/detail/input/input_adapters.hpp(120,18): warning: 'nullptr' is incompatible with C++98 [-Wc++98-compat]
[build]   120 |         rhs.is = nullptr;
[build]       |                  ^
[build] C:\Users\pperv\code\unnamed_rpg\vendor\json\include\nlohmann/detail/input/input_adapters.hpp(121,18): warning: 'nullptr' is incompatible with C++98 [-Wc++98-compat]
[build]   121 |         rhs.sb = nullptr;
[build]       |                  ^
[build] C:\Users\pperv\code\unnamed_rpg\vendor\json\include\nlohmann/detail/input/input_adapters.hpp(129,9): warning: 'auto' type specifier is incompatible with C++98 [-Wc++98-compat]
[build]   129 |         auto res = sb->sbumpc();
[build]       |         ^~~~
[build] C:\Users\pperv\code\unnamed_rpg\vendor\json\include\nlohmann/detail/input/input_adapters.hpp(164,23): warning: alias declarations are incompatible with C++98 [-Wc++98-compat]
[build]   164 |     using char_type = typename std::iterator_traits<IteratorType>::value_type;
[build]       |                       ^
[build] C:\Users\pperv\code\unnamed_rpg\vendor\json\include\nlohmann/detail/input/input_adapters.hpp(172,12): warning: 'constexpr' specifier is incompatible with C++98 [-Wc++98-compat]
[build]   172 |     static constexpr bool supports_seek =
[build]       |            ^
[build] C:\Users\pperv\code\unnamed_rpg\vendor\json\include\nlohmann/detail/input/input_adapters.hpp(226,12): warning: 'constexpr' specifier is incompatible with C++98 [-Wc++98-compat]
[build]   226 |     static constexpr bool iterator_is_contiguous =
[build]       |            ^
[build] C:\Users\pperv\code\unnamed_rpg\vendor\json\include\nlohmann/detail/input/input_adapters.hpp(440,23): warning: alias declarations are incompatible with C++98 [-Wc++98-compat]
[build]   440 |     using char_type = char;
[build]       |                       ^
[build] C:\Users\pperv\code\unnamed_rpg\vendor\json\include\nlohmann/detail/input/input_adapters.hpp(446,5): warning: noexcept specifications are incompatible with C++98 [-Wc++98-compat]
[build]   446 |     {
[build]       |     ^
[build] C:\Users\pperv\code\unnamed_rpg\vendor\json\include\nlohmann/detail/input/input_adapters.hpp(479,64): warning: default member initializer for non-static data members is incompatible with C++98 [-Wc++98-compat]
[build]   479 |     std::array<std::char_traits<char>::int_type, 4> utf8_bytes = {{0, 0, 0, 0}};
[build]       |                                                                ^
[build] C:\Users\pperv\code\unnamed_rpg\vendor\json\include\nlohmann/detail/input/input_adapters.hpp(482,34): warning: default member initializer for non-static data members is incompatible with C++98 [-Wc++98-compat]
[build]   482 |     std::size_t utf8_bytes_index = 0;
[build]       |                                  ^
[build] C:\Users\pperv\code\unnamed_rpg\vendor\json\include\nlohmann/detail/input/input_adapters.hpp(484,35): warning: default member initializer for non-static data members is incompatible with C++98 [-Wc++98-compat]
[build]   484 |     std::size_t utf8_bytes_filled = 0;
[build]       |                                   ^
[build] C:\Users\pperv\code\unnamed_rpg\vendor\json\include\nlohmann/detail/input/input_adapters.hpp(490,27): warning: alias declarations are incompatible with C++98 [-Wc++98-compat]
[build]   490 |     using iterator_type = IteratorType;
[build]       |                           ^
[build] C:\Users\pperv\code\unnamed_rpg\vendor\json\include\nlohmann/detail/input/input_adapters.hpp(491,27): warning: alias declarations are incompatible with C++98 [-Wc++98-compat]
[build]   491 |     using sentinel_type = SentinelType;
[build]       |                           ^
[build] C:\Users\pperv\code\unnamed_rpg\vendor\json\include\nlohmann/detail/input/input_adapters.hpp(492,23): warning: alias declarations are incompatible with C++98 [-Wc++98-compat]
[build]   492 |     using char_type = typename std::iterator_traits<iterator_type>::value_type;
[build]       |                       ^
[build] C:\Users\pperv\code\unnamed_rpg\vendor\json\include\nlohmann/detail/input/input_adapters.hpp(493,26): warning: alias declarations are incompatible with C++98 [-Wc++98-compat]
[build]   493 |     using adapter_type = iterator_input_adapter<iterator_type, sentinel_type>;
[build]       |                          ^
[build] C:\Users\pperv\code\unnamed_rpg\vendor\json\include\nlohmann/detail/input/input_adapters.hpp(507,17): warning: 'decltype' type specifier is incompatible with C++98 [-Wc++98-compat]
[build]   507 |        void_t < decltype(std::declval<IteratorType>() != std::declval<SentinelType>()) >>
[build]       |                 ^
[build] C:\Users\pperv\code\unnamed_rpg\vendor\json\include\nlohmann/detail/input/input_adapters.hpp(507,88): warning: consecutive right angle brackets are incompatible with C++98 (use '> >') [-Wc++98-compat]
[build]   507 |        void_t < decltype(std::declval<IteratorType>() != std::declval<SentinelType>()) >>
[build]       |                                                                                        ^~
[build]       |                                                                                        > >
[build] C:\Users\pperv\code\unnamed_rpg\vendor\json\include\nlohmann/detail/input/input_adapters.hpp(516,17): warning: 'decltype' type specifier is incompatible with C++98 [-Wc++98-compat]
[build]   516 |        void_t < decltype(std::declval<SentinelType>() != std::declval<IteratorType>()) >>
[build]       |                 ^
[build] C:\Users\pperv\code\unnamed_rpg\vendor\json\include\nlohmann/detail/input/input_adapters.hpp(516,88): warning: consecutive right angle brackets are incompatible with C++98 (use '> >') [-Wc++98-compat]
[build]   516 |        void_t < decltype(std::declval<SentinelType>() != std::declval<IteratorType>()) >>
[build]       |                                                                                        ^~
[build]       |                                                                                        > >
[build] C:\Users\pperv\code\unnamed_rpg\vendor\json\include\nlohmann/detail/input/input_adapters.hpp(538,24): warning: alias declarations are incompatible with C++98 [-Wc++98-compat]
[build]   538 |     using value_type = typename std::iterator_traits<T>::value_type;
[build]       |                        ^
[build] C:\Users\pperv\code\unnamed_rpg\vendor\json\include\nlohmann/detail/input/input_adapters.hpp(546,124): warning: consecutive right angle brackets are incompatible with C++98 (use '> >') [-Wc++98-compat]
[build]   546 | struct iterator_input_adapter_factory<IteratorType, SentinelType, enable_if_t<is_iterator_of_multibyte<IteratorType>::value>>
[build]       |                                                                                                                            ^~
[build]       |                                                                                                                            > >
[build] C:\Users\pperv\code\unnamed_rpg\vendor\json\include\nlohmann/detail/input/input_adapters.hpp(548,27): warning: alias declarations are incompatible with C++98 [-Wc++98-compat]
[build]   548 |     using iterator_type = IteratorType;
[build]       |                           ^
[build] C:\Users\pperv\code\unnamed_rpg\vendor\json\include\nlohmann/detail/input/input_adapters.hpp(549,27): warning: alias declarations are incompatible with C++98 [-Wc++98-compat]
[build]   549 |     using sentinel_type = SentinelType;
[build]       |                           ^
[build] C:\Users\pperv\code\unnamed_rpg\vendor\json\include\nlohmann/detail/input/input_adapters.hpp(550,23): warning: alias declarations are incompatible with C++98 [-Wc++98-compat]
[build]   550 |     using char_type = typename std::iterator_traits<iterator_type>::value_type;
[build]       |                       ^
[build] C:\Users\pperv\code\unnamed_rpg\vendor\json\include\nlohmann/detail/input/input_adapters.hpp(551,31): warning: alias declarations are incompatible with C++98 [-Wc++98-compat]
[build]   551 |     using base_adapter_type = iterator_input_adapter<iterator_type, sentinel_type>;
[build]       |                               ^
[build] C:\Users\pperv\code\unnamed_rpg\vendor\json\include\nlohmann/detail/input/input_adapters.hpp(552,26): warning: alias declarations are incompatible with C++98 [-Wc++98-compat]
[build]   552 |     using adapter_type = wide_string_input_adapter<base_adapter_type, char_type>;
[build]       |                          ^
[build] C:\Users\pperv\code\unnamed_rpg\vendor\json\include\nlohmann/detail/input/input_adapters.hpp(564,44): warning: default template arguments for a function template are incompatible with C++98 [-Wc++98-compat]
[build]   564 | template < typename IteratorType, typename SentinelType = IteratorType,
[build]       |                                            ^              ~~~~~~~~~~~~
[build] C:\Users\pperv\code\unnamed_rpg\vendor\json\include\nlohmann/detail/input/input_adapters.hpp(565,21): warning: default template arguments for a function template are incompatible with C++98 [-Wc++98-compat]
[build]   565 |            typename = typename std::enable_if <
[build]       |                     ^ ~~~~~~~~~~~~~~~~~~~~~~~~~
[build]   566 |                can_compare_ne<IteratorType, SentinelType>::value >::type >
[build]       |                ~~~~~~~~~~~~~~~~~~~~~~~~~~~~~~~~~~~~~~~~~~~~~~~~~~~~~~~~~
[build] C:\Users\pperv\code\unnamed_rpg\vendor\json\include\nlohmann/detail/input/input_adapters.hpp(588,15): warning: 'decltype' type specifier is incompatible with C++98 [-Wc++98-compat]
[build]   588 |        void_t<decltype(begin(std::declval<ContainerType>()), end(std::declval<ContainerType>()))>>
[build]       |               ^
[build] C:\Users\pperv\code\unnamed_rpg\vendor\json\include\nlohmann/detail/input/input_adapters.hpp(588,97): warning: consecutive right angle brackets are incompatible with C++98 (use '> >') [-Wc++98-compat]
[build]   588 |        void_t<decltype(begin(std::declval<ContainerType>()), end(std::declval<ContainerType>()))>>
[build]       |                                                                                                 ^~
[build]       |                                                                                                 > >
[build] C:\Users\pperv\code\unnamed_rpg\vendor\json\include\nlohmann/detail/input/input_adapters.hpp(590,33): warning: alias declarations are incompatible with C++98 [-Wc++98-compat]
[build]   590 |            using adapter_type = decltype(input_adapter(begin(std::declval<ContainerType>()), end(std::declval<ContainerType>())));
[build]       |                                 ^
[build] C:\Users\pperv\code\unnamed_rpg\vendor\json\include\nlohmann/detail/input/input_adapters.hpp(590,33): warning: 'decltype' type specifier is incompatible with C++98 [-Wc++98-compat]
[build] C:\Users\pperv\code\unnamed_rpg\vendor\json\include\nlohmann/detail/input/input_adapters.hpp(592,52): warning: rvalue references are incompatible with C++98 [-Wc++98-compat]
[build]   592 |            static adapter_type create(ContainerType&& container)
[build]       |                                                    ^
[build] C:\Users\pperv\code\unnamed_rpg\vendor\json\include\nlohmann/detail/input/input_adapters.hpp(601,136): warning: rvalue references are incompatible with C++98 [-Wc++98-compat]
[build]   601 | typename container_input_adapter_factory_impl::container_input_adapter_factory<ContainerType>::adapter_type input_adapter(ContainerType&& container)
[build]       |                                                                                                                                        ^
[build] C:\Users\pperv\code\unnamed_rpg\vendor\json\include\nlohmann/detail/input/input_adapters.hpp(607,35): warning: alias declarations are incompatible with C++98 [-Wc++98-compat]
[build]   607 | using string_input_adapter_type = decltype(input_adapter(std::declval<std::string>()));
[build]       |                                   ^
[build] C:\Users\pperv\code\unnamed_rpg\vendor\json\include\nlohmann/detail/input/input_adapters.hpp(607,35): warning: 'decltype' type specifier is incompatible with C++98 [-Wc++98-compat]
[build] C:\Users\pperv\code\unnamed_rpg\vendor\json\include\nlohmann/detail/input/input_adapters.hpp(613,17): warning: 'nullptr' is incompatible with C++98 [-Wc++98-compat]
[build]   613 |     if (file == nullptr)
[build]       |                 ^
[build] C:\Users\pperv\code\unnamed_rpg\vendor\json\include\nlohmann/detail/input/input_adapters.hpp(615,153): warning: 'nullptr' is incompatible with C++98 [-Wc++98-compat]
[build]   615 |         JSON_THROW(parse_error::create(101, 0, "attempting to parse an empty input; check that your input string or stream contains the expected JSON", nullptr));
[build]       |                                                                                                                                                         ^
[build] C:\Users\pperv\code\unnamed_rpg\vendor\json\include\nlohmann/detail/input/input_adapters.hpp(625,55): warning: rvalue references are incompatible with C++98 [-Wc++98-compat]
[build]   625 | inline input_stream_adapter input_adapter(std::istream&& stream)
[build]       |                                                       ^
[build] C:\Users\pperv\code\unnamed_rpg\vendor\json\include\nlohmann/detail/input/input_adapters.hpp(631,40): warning: alias declarations are incompatible with C++98 [-Wc++98-compat]
[build]   631 | using contiguous_bytes_input_adapter = decltype(input_adapter(std::declval<const char*>(), std::declval<const char*>()));
[build]       |                                        ^
[build] C:\Users\pperv\code\unnamed_rpg\vendor\json\include\nlohmann/detail/input/input_adapters.hpp(631,40): warning: 'decltype' type specifier is incompatible with C++98 [-Wc++98-compat]
[build] C:\Users\pperv\code\unnamed_rpg\vendor\json\include\nlohmann/detail/input/input_adapters.hpp(640,28): warning: default template arguments for a function template are incompatible with C++98 [-Wc++98-compat]
[build]   640 |                int >::type = 0 >
[build]       |                            ^ ~
[build] C:\Users\pperv\code\unnamed_rpg\vendor\json\include\nlohmann/detail/input/input_adapters.hpp(653,35): warning: trailing return types are incompatible with C++98 [-Wc++98-compat]
[build]   653 | auto input_adapter(T (&array)[N]) -> decltype(input_adapter(array, array + N)) // NOLINT(cppcoreguidelines-avoid-c-arrays,hicpp-avoid-c-arrays,modernize-avoid-c-arrays)
[build]       |                                   ^
[build] C:\Users\pperv\code\unnamed_rpg\vendor\json\include\nlohmann/detail/input/input_adapters.hpp(653,38): warning: 'decltype' type specifier is incompatible with C++98 [-Wc++98-compat]
[build]   653 | auto input_adapter(T (&array)[N]) -> decltype(input_adapter(array, array + N)) // NOLINT(cppcoreguidelines-avoid-c-arrays,hicpp-avoid-c-arrays,modernize-avoid-c-arrays)
[build]       |                                      ^
[build] C:\Users\pperv\code\unnamed_rpg\vendor\json\include\nlohmann/detail/input/input_adapters.hpp(669,32): warning: default template arguments for a function template are incompatible with C++98 [-Wc++98-compat]
[build]   669 |                    int >::type = 0 >
[build]       |                                ^ ~
[build] C:\Users\pperv\code\unnamed_rpg\vendor\json\include\nlohmann/detail/input/input_adapters.hpp(676,29): warning: default template arguments for a function template are incompatible with C++98 [-Wc++98-compat]
[build]   676 |                  int>::type = 0>
[build]       |                             ^ ~
[build] C:\Users\pperv\code\unnamed_rpg\vendor\json\include\nlohmann/detail/input/input_adapters.hpp(680,35): warning: rvalue references are incompatible with C++98 [-Wc++98-compat]
[build]   680 |     contiguous_bytes_input_adapter&& get()
[build]       |                                   ^
[build] In file included from C:\Users\pperv\code\unnamed_rpg\vendor\json-schema-validator\src\json-patch.cpp:1:
[build] In file included from C:\Users\pperv\code\unnamed_rpg\vendor\json-schema-validator\src\json-patch.hpp:3:
[build] In file included from C:\Users\pperv\code\unnamed_rpg\vendor\json\include\nlohmann/json.hpp:50:
[build] In file included from C:\Users\pperv\code\unnamed_rpg\vendor\json\include\nlohmann/detail/input/binary_reader.hpp:29:
[build] In file included from C:\Users\pperv\code\unnamed_rpg\vendor\json\include\nlohmann/detail/input/json_sax.hpp:18:
[build] C:\Users\pperv\code\unnamed_rpg\vendor\json\include\nlohmann/detail/input/lexer.hpp(26,1): warning: empty macro arguments are incompatible with C++98 [-Wc++98-compat-pedantic]
[build]    26 | NLOHMANN_JSON_NAMESPACE_BEGIN
[build]       | ^
[build] C:\Users\pperv\code\unnamed_rpg\vendor\json\include\nlohmann/detail/abi_macros.hpp(102,17): note: expanded from macro 'NLOHMANN_JSON_NAMESPACE_BEGIN'
[build]   102 |                 NLOHMANN_JSON_ABI_TAGS,              \
[build]       |                 ^
[build] C:\Users\pperv\code\unnamed_rpg\vendor\json\include\nlohmann/detail/abi_macros.hpp(65,5): note: expanded from macro 'NLOHMANN_JSON_ABI_TAGS'
[build]    65 |     NLOHMANN_JSON_ABI_TAGS_CONCAT(                                   \
[build]       |     ^
[build] C:\Users\pperv\code\unnamed_rpg\vendor\json\include\nlohmann/detail/abi_macros.hpp(62,39): note: expanded from macro 'NLOHMANN_JSON_ABI_TAGS_CONCAT'
[build]    62 |     NLOHMANN_JSON_ABI_TAGS_CONCAT_EX(a, b, c)
[build]       |                                       ^
[build] In file included from C:\Users\pperv\code\unnamed_rpg\vendor\json-schema-validator\src\json-patch.cpp:1:
[build] In file included from C:\Users\pperv\code\unnamed_rpg\vendor\json-schema-validator\src\json-patch.hpp:3:
[build] In file included from C:\Users\pperv\code\unnamed_rpg\vendor\json\include\nlohmann/json.hpp:50:
[build] In file included from C:\Users\pperv\code\unnamed_rpg\vendor\json\include\nlohmann/detail/input/binary_reader.hpp:29:
[build] In file included from C:\Users\pperv\code\unnamed_rpg\vendor\json\include\nlohmann/detail/input/json_sax.hpp:18:
[build] C:\Users\pperv\code\unnamed_rpg\vendor\json\include\nlohmann/detail/input/lexer.hpp(26,1): warning: empty macro arguments are incompatible with C++98 [-Wc++98-compat-pedantic]
[build] C:\Users\pperv\code\unnamed_rpg\vendor\json\include\nlohmann/detail/abi_macros.hpp(102,17): note: expanded from macro 'NLOHMANN_JSON_NAMESPACE_BEGIN'
[build]   102 |                 NLOHMANN_JSON_ABI_TAGS,              \
[build]       |                 ^
[build] C:\Users\pperv\code\unnamed_rpg\vendor\json\include\nlohmann/detail/abi_macros.hpp(65,5): note: expanded from macro 'NLOHMANN_JSON_ABI_TAGS'
[build]    65 |     NLOHMANN_JSON_ABI_TAGS_CONCAT(                                   \
[build]       |     ^
[build] C:\Users\pperv\code\unnamed_rpg\vendor\json\include\nlohmann/detail/abi_macros.hpp(62,42): note: expanded from macro 'NLOHMANN_JSON_ABI_TAGS_CONCAT'
[build]    62 |     NLOHMANN_JSON_ABI_TAGS_CONCAT_EX(a, b, c)
[build]       |                                          ^
[build] In file included from C:\Users\pperv\code\unnamed_rpg\vendor\json-schema-validator\src\json-patch.cpp:1:
[build] In file included from C:\Users\pperv\code\unnamed_rpg\vendor\json-schema-validator\src\json-patch.hpp:3:
[build] In file included from C:\Users\pperv\code\unnamed_rpg\vendor\json\include\nlohmann/json.hpp:50:
[build] In file included from C:\Users\pperv\code\unnamed_rpg\vendor\json\include\nlohmann/detail/input/binary_reader.hpp:29:
[build] In file included from C:\Users\pperv\code\unnamed_rpg\vendor\json\include\nlohmann/detail/input/json_sax.hpp:18:
[build] C:\Users\pperv\code\unnamed_rpg\vendor\json\include\nlohmann/detail/input/lexer.hpp(26,1): warning: empty macro arguments are incompatible with C++98 [-Wc++98-compat-pedantic]
[build] C:\Users\pperv\code\unnamed_rpg\vendor\json\include\nlohmann/detail/abi_macros.hpp(102,17): note: expanded from macro 'NLOHMANN_JSON_NAMESPACE_BEGIN'
[build]   102 |                 NLOHMANN_JSON_ABI_TAGS,              \
[build]       |                 ^
[build] C:\Users\pperv\code\unnamed_rpg\vendor\json\include\nlohmann/detail/abi_macros.hpp(65,5): note: expanded from macro 'NLOHMANN_JSON_ABI_TAGS'
[build]    65 |     NLOHMANN_JSON_ABI_TAGS_CONCAT(                                   \
[build]       |     ^
[build] C:\Users\pperv\code\unnamed_rpg\vendor\json\include\nlohmann/detail/abi_macros.hpp(62,45): note: expanded from macro 'NLOHMANN_JSON_ABI_TAGS_CONCAT'
[build]    62 |     NLOHMANN_JSON_ABI_TAGS_CONCAT_EX(a, b, c)
[build]       |                                             ^
[build] In file included from C:\Users\pperv\code\unnamed_rpg\vendor\json-schema-validator\src\json-patch.cpp:1:
[build] In file included from C:\Users\pperv\code\unnamed_rpg\vendor\json-schema-validator\src\json-patch.hpp:3:
[build] In file included from C:\Users\pperv\code\unnamed_rpg\vendor\json\include\nlohmann/json.hpp:50:
[build] In file included from C:\Users\pperv\code\unnamed_rpg\vendor\json\include\nlohmann/detail/input/binary_reader.hpp:29:
[build] In file included from C:\Users\pperv\code\unnamed_rpg\vendor\json\include\nlohmann/detail/input/json_sax.hpp:18:
[build] C:\Users\pperv\code\unnamed_rpg\vendor\json\include\nlohmann/detail/input/lexer.hpp(26,1): warning: inline namespaces are incompatible with C++98 [-Wc++98-compat]
[build] C:\Users\pperv\code\unnamed_rpg\vendor\json\include\nlohmann/detail/abi_macros.hpp(101,5): note: expanded from macro 'NLOHMANN_JSON_NAMESPACE_BEGIN'
[build]   101 |     inline namespace NLOHMANN_JSON_NAMESPACE_CONCAT( \
[build]       |     ^
[build] In file included from C:\Users\pperv\code\unnamed_rpg\vendor\json-schema-validator\src\json-patch.cpp:1:
[build] In file included from C:\Users\pperv\code\unnamed_rpg\vendor\json-schema-validator\src\json-patch.hpp:3:
[build] In file included from C:\Users\pperv\code\unnamed_rpg\vendor\json\include\nlohmann/json.hpp:50:
[build] In file included from C:\Users\pperv\code\unnamed_rpg\vendor\json\include\nlohmann/detail/input/binary_reader.hpp:29:
[build] In file included from C:\Users\pperv\code\unnamed_rpg\vendor\json\include\nlohmann/detail/input/json_sax.hpp:18:
[build] C:\Users\pperv\code\unnamed_rpg\vendor\json\include\nlohmann/detail/input/lexer.hpp(39,10): warning: scoped enumerations are incompatible with C++98 [-Wc++98-compat]
[build]    39 |     enum class token_type
[build]       |          ^
[build] C:\Users\pperv\code\unnamed_rpg\vendor\json\include\nlohmann/detail/input/lexer.hpp(64,5): warning: noexcept specifications are incompatible with C++98 [-Wc++98-compat]
[build]    64 |     {
[build]       |     ^
[build] C:\Users\pperv\code\unnamed_rpg\vendor\json\include\nlohmann/detail/input/lexer.hpp(114,30): warning: alias declarations are incompatible with C++98 [-Wc++98-compat]
[build]   114 | using detect_supports_seek = decltype(InputAdapterType::supports_seek);
[build]       |                              ^
[build] C:\Users\pperv\code\unnamed_rpg\vendor\json\include\nlohmann/detail/input/lexer.hpp(114,30): warning: 'decltype' type specifier is incompatible with C++98 [-Wc++98-compat]
[build] C:\Users\pperv\code\unnamed_rpg\vendor\json\include\nlohmann/detail/input/lexer.hpp(117,1): warning: 'constexpr' specifier is incompatible with C++98 [-Wc++98-compat]
[build]   117 | constexpr bool input_adapter_supports_seek(std::true_type /*detected*/)
[build]       | ^
[build] C:\Users\pperv\code\unnamed_rpg\vendor\json\include\nlohmann/detail/input/lexer.hpp(123,1): warning: 'constexpr' specifier is incompatible with C++98 [-Wc++98-compat]
[build]   123 | constexpr bool input_adapter_supports_seek(std::false_type /*detected*/)
[build]       | ^
[build] C:\Users\pperv\code\unnamed_rpg\vendor\json\include\nlohmann/detail/input/lexer.hpp(136,30): warning: alias declarations are incompatible with C++98 [-Wc++98-compat]
[build]   136 |     using number_integer_t = typename BasicJsonType::number_integer_t;
[build]       |                              ^
[build] C:\Users\pperv\code\unnamed_rpg\vendor\json\include\nlohmann/detail/input/lexer.hpp(137,31): warning: alias declarations are incompatible with C++98 [-Wc++98-compat]
[build]   137 |     using number_unsigned_t = typename BasicJsonType::number_unsigned_t;
[build]       |                               ^
[build] C:\Users\pperv\code\unnamed_rpg\vendor\json\include\nlohmann/detail/input/lexer.hpp(138,28): warning: alias declarations are incompatible with C++98 [-Wc++98-compat]
[build]   138 |     using number_float_t = typename BasicJsonType::number_float_t;
[build]       |                            ^
[build] C:\Users\pperv\code\unnamed_rpg\vendor\json\include\nlohmann/detail/input/lexer.hpp(139,22): warning: alias declarations are incompatible with C++98 [-Wc++98-compat]
[build]   139 |     using string_t = typename BasicJsonType::string_t;
[build]       |                      ^
[build] C:\Users\pperv\code\unnamed_rpg\vendor\json\include\nlohmann/detail/input/lexer.hpp(140,23): warning: alias declarations are incompatible with C++98 [-Wc++98-compat]
[build]   140 |     using char_type = typename InputAdapterType::char_type;
[build]       |                       ^
[build] C:\Users\pperv\code\unnamed_rpg\vendor\json\include\nlohmann/detail/input/lexer.hpp(141,27): warning: alias declarations are incompatible with C++98 [-Wc++98-compat]
[build]   141 |     using char_int_type = typename char_traits<char_type>::int_type;
[build]       |                           ^
[build] C:\Users\pperv\code\unnamed_rpg\vendor\json\include\nlohmann/detail/input/lexer.hpp(146,12): warning: 'constexpr' specifier is incompatible with C++98 [-Wc++98-compat]
[build]   146 |     static constexpr bool lazy_token_string =
[build]       |            ^
[build] C:\Users\pperv\code\unnamed_rpg\vendor\json\include\nlohmann/detail/input/lexer.hpp(147,107): warning: generalized initializer lists are incompatible with C++98 [-Wc++98-compat]
[build]   147 |         input_adapter_supports_seek<InputAdapterType>(is_detected<detect_supports_seek, InputAdapterType> {});
[build]       |                                                                                                           ^
[build] C:\Users\pperv\code\unnamed_rpg\vendor\json\include\nlohmann/detail/input/lexer.hpp(150,24): warning: alias declarations are incompatible with C++98 [-Wc++98-compat]
[build]   150 |     using token_type = typename lexer_base<BasicJsonType>::token_type;
[build]       |                        ^
[build] C:\Users\pperv\code\unnamed_rpg\vendor\json\include\nlohmann/detail/input/lexer.hpp(152,36): warning: rvalue references are incompatible with C++98 [-Wc++98-compat]
[build]   152 |     explicit lexer(InputAdapterType&& adapter, bool ignore_comments_ = false) noexcept
[build]       |                                    ^
[build] C:\Users\pperv\code\unnamed_rpg\vendor\json\include\nlohmann/detail/input/lexer.hpp(153,9): warning: noexcept specifications are incompatible with C++98 [-Wc++98-compat]
[build]   153 |         : ia(std::move(adapter))
[build]       |         ^
[build] C:\Users\pperv\code\unnamed_rpg\vendor\json\include\nlohmann/detail/input/lexer.hpp(159,27): warning: deleted function definitions are incompatible with C++98 [-Wc++98-compat]
[build]   159 |     lexer(const lexer&) = delete;
[build]       |                           ^
[build] C:\Users\pperv\code\unnamed_rpg\vendor\json\include\nlohmann/detail/input/lexer.hpp(160,16): warning: rvalue references are incompatible with C++98 [-Wc++98-compat]
[build]   160 |     lexer(lexer&&) = default; // NOLINT(hicpp-noexcept-move,performance-noexcept-move-constructor)
[build]       |                ^
[build] C:\Users\pperv\code\unnamed_rpg\vendor\json\include\nlohmann/detail/input/lexer.hpp(160,22): warning: defaulted function definitions are incompatible with C++98 [-Wc++98-compat]
[build]   160 |     lexer(lexer&&) = default; // NOLINT(hicpp-noexcept-move,performance-noexcept-move-constructor)
[build]       |                      ^
[build] C:\Users\pperv\code\unnamed_rpg\vendor\json\include\nlohmann/detail/input/lexer.hpp(161,32): warning: deleted function definitions are incompatible with C++98 [-Wc++98-compat]
[build]   161 |     lexer& operator=(lexer&) = delete;
[build]       |                                ^
[build] C:\Users\pperv\code\unnamed_rpg\vendor\json\include\nlohmann/detail/input/lexer.hpp(162,27): warning: rvalue references are incompatible with C++98 [-Wc++98-compat]
[build]   162 |     lexer& operator=(lexer&&) = default; // NOLINT(hicpp-noexcept-move,performance-noexcept-move-constructor)
[build]       |                           ^
[build] C:\Users\pperv\code\unnamed_rpg\vendor\json\include\nlohmann/detail/input/lexer.hpp(162,33): warning: defaulted function definitions are incompatible with C++98 [-Wc++98-compat]
[build]   162 |     lexer& operator=(lexer&&) = default; // NOLINT(hicpp-noexcept-move,performance-noexcept-move-constructor)
[build]       |                                 ^
[build] C:\Users\pperv\code\unnamed_rpg\vendor\json\include\nlohmann/detail/input/lexer.hpp(163,16): warning: defaulted function definitions are incompatible with C++98 [-Wc++98-compat]
[build]   163 |     ~lexer() = default;
[build]       |                ^
[build] C:\Users\pperv\code\unnamed_rpg\vendor\json\include\nlohmann/detail/input/lexer.hpp(173,5): warning: noexcept specifications are incompatible with C++98 [-Wc++98-compat]
[build]   173 |     {
[build]       |     ^
[build] C:\Users\pperv\code\unnamed_rpg\vendor\json\include\nlohmann/detail/input/lexer.hpp(946,5): warning: noexcept specifications are incompatible with C++98 [-Wc++98-compat]
[build]   946 |     {
[build]       |     ^
[build] C:\Users\pperv\code\unnamed_rpg\vendor\json\include\nlohmann/detail/input/lexer.hpp(952,5): warning: noexcept specifications are incompatible with C++98 [-Wc++98-compat]
[build]   952 |     {
[build]       |     ^
[build] C:\Users\pperv\code\unnamed_rpg\vendor\json\include\nlohmann/detail/input/lexer.hpp(958,5): warning: noexcept specifications are incompatible with C++98 [-Wc++98-compat]
[build]   958 |     {
[build]       |     ^
[build] C:\Users\pperv\code\unnamed_rpg\vendor\json\include\nlohmann/detail/input/lexer.hpp(1356,5): warning: noexcept specifications are incompatible with C++98 [-Wc++98-compat]
[build]  1356 |     {
[build]       |     ^
[build] C:\Users\pperv\code\unnamed_rpg\vendor\json\include\nlohmann/detail/input/lexer.hpp(1372,5): warning: noexcept specifications are incompatible with C++98 [-Wc++98-compat]
[build]  1372 |     {
[build]       |     ^
[build] C:\Users\pperv\code\unnamed_rpg\vendor\json\include\nlohmann/detail/input/lexer.hpp(1379,5): warning: noexcept specifications are incompatible with C++98 [-Wc++98-compat]
[build]  1379 |     {
[build]       |     ^
[build] C:\Users\pperv\code\unnamed_rpg\vendor\json\include\nlohmann/detail/input/lexer.hpp(1423,63): warning: noexcept specifications are incompatible with C++98 [-Wc++98-compat]
[build]  1423 |     void capture_char(std::true_type /*lazy*/) const noexcept {}
[build]       |                                                               ^
[build] C:\Users\pperv\code\unnamed_rpg\vendor\json\include\nlohmann/detail/input/lexer.hpp(1465,65): warning: noexcept specifications are incompatible with C++98 [-Wc++98-compat]
[build]  1465 |     void uncapture_char(std::true_type /*lazy*/) const noexcept {}
[build]       |                                                                 ^
[build] C:\Users\pperv\code\unnamed_rpg\vendor\json\include\nlohmann/detail/input/lexer.hpp(1489,5): warning: 'constexpr' specifier is incompatible with C++98 [-Wc++98-compat]
[build]  1489 |     constexpr number_integer_t get_number_integer() const noexcept
[build]       |     ^
[build] C:\Users\pperv\code\unnamed_rpg\vendor\json\include\nlohmann/detail/input/lexer.hpp(1490,5): warning: noexcept specifications are incompatible with C++98 [-Wc++98-compat]
[build]  1490 |     {
[build]       |     ^
[build] C:\Users\pperv\code\unnamed_rpg\vendor\json\include\nlohmann/detail/input/lexer.hpp(1495,5): warning: 'constexpr' specifier is incompatible with C++98 [-Wc++98-compat]
[build]  1495 |     constexpr number_unsigned_t get_number_unsigned() const noexcept
[build]       |     ^
[build] C:\Users\pperv\code\unnamed_rpg\vendor\json\include\nlohmann/detail/input/lexer.hpp(1496,5): warning: noexcept specifications are incompatible with C++98 [-Wc++98-compat]
[build]  1496 |     {
[build]       |     ^
[build] C:\Users\pperv\code\unnamed_rpg\vendor\json\include\nlohmann/detail/input/lexer.hpp(1501,5): warning: 'constexpr' specifier is incompatible with C++98 [-Wc++98-compat]
[build]  1501 |     constexpr number_float_t get_number_float() const noexcept
[build]       |     ^
[build] C:\Users\pperv\code\unnamed_rpg\vendor\json\include\nlohmann/detail/input/lexer.hpp(1502,5): warning: noexcept specifications are incompatible with C++98 [-Wc++98-compat]
[build]  1502 |     {
[build]       |     ^
[build] C:\Users\pperv\code\unnamed_rpg\vendor\json\include\nlohmann/detail/input/lexer.hpp(1522,5): warning: 'constexpr' specifier is incompatible with C++98 [-Wc++98-compat]
[build]  1522 |     constexpr position_t get_position() const noexcept
[build]       |     ^
[build] C:\Users\pperv\code\unnamed_rpg\vendor\json\include\nlohmann/detail/input/lexer.hpp(1523,5): warning: noexcept specifications are incompatible with C++98 [-Wc++98-compat]
[build]  1523 |     {
[build]       |     ^
[build] C:\Users\pperv\code\unnamed_rpg\vendor\json\include\nlohmann/detail/input/lexer.hpp(1588,5): warning: 'constexpr' specifier is incompatible with C++98 [-Wc++98-compat]
[build]  1588 |     constexpr const char* get_error_message() const noexcept
[build]       |     ^
[build] C:\Users\pperv\code\unnamed_rpg\vendor\json\include\nlohmann/detail/input/lexer.hpp(1589,5): warning: noexcept specifications are incompatible with C++98 [-Wc++98-compat]
[build]  1589 |     {
[build]       |     ^
[build] C:\Users\pperv\code\unnamed_rpg\vendor\json\include\nlohmann/detail/input/lexer.hpp(1717,32): warning: default member initializer for non-static data members is incompatible with C++98 [-Wc++98-compat]
[build]  1717 |     const bool ignore_comments = false;
[build]       |                                ^
[build] C:\Users\pperv\code\unnamed_rpg\vendor\json\include\nlohmann/detail/input/lexer.hpp(1720,27): warning: default member initializer for non-static data members is incompatible with C++98 [-Wc++98-compat]
[build]  1720 |     char_int_type current = char_traits<char_type>::eof();
[build]       |                           ^
[build] C:\Users\pperv\code\unnamed_rpg\vendor\json\include\nlohmann/detail/input/lexer.hpp(1723,21): warning: default member initializer for non-static data members is incompatible with C++98 [-Wc++98-compat]
[build]  1723 |     bool next_unget = false;
[build]       |                     ^
[build] C:\Users\pperv\code\unnamed_rpg\vendor\json\include\nlohmann/detail/input/lexer.hpp(1726,25): warning: default member initializer for non-static data members is incompatible with C++98 [-Wc++98-compat]
[build]  1726 |     position_t position {};
[build]       |                         ^
[build] C:\Users\pperv\code\unnamed_rpg\vendor\json\include\nlohmann/detail/input/lexer.hpp(1730,41): warning: default member initializer for non-static data members is incompatible with C++98 [-Wc++98-compat]
[build]  1730 |     std::vector<char_type> token_string {};
[build]       |                                         ^
[build] C:\Users\pperv\code\unnamed_rpg\vendor\json\include\nlohmann/detail/input/lexer.hpp(1734,36): warning: default member initializer for non-static data members is incompatible with C++98 [-Wc++98-compat]
[build]  1734 |     std::size_t token_string_start = 0;
[build]       |                                    ^
[build] C:\Users\pperv\code\unnamed_rpg\vendor\json\include\nlohmann/detail/input/lexer.hpp(1743,27): warning: default member initializer for non-static data members is incompatible with C++98 [-Wc++98-compat]
[build]  1743 |     string_t token_buffer {};
[build]       |                           ^
[build] C:\Users\pperv\code\unnamed_rpg\vendor\json\include\nlohmann/detail/input/lexer.hpp(1746,31): warning: default member initializer for non-static data members is incompatible with C++98 [-Wc++98-compat]
[build]  1746 |     const char* error_message = "";
[build]       |                               ^
[build] C:\Users\pperv\code\unnamed_rpg\vendor\json\include\nlohmann/detail/input/lexer.hpp(1749,36): warning: default member initializer for non-static data members is incompatible with C++98 [-Wc++98-compat]
[build]  1749 |     number_integer_t value_integer = 0;
[build]       |                                    ^
[build] C:\Users\pperv\code\unnamed_rpg\vendor\json\include\nlohmann/detail/input/lexer.hpp(1750,38): warning: default member initializer for non-static data members is incompatible with C++98 [-Wc++98-compat]
[build]  1750 |     number_unsigned_t value_unsigned = 0;
[build]       |                                      ^
[build] C:\Users\pperv\code\unnamed_rpg\vendor\json\include\nlohmann/detail/input/lexer.hpp(1751,32): warning: default member initializer for non-static data members is incompatible with C++98 [-Wc++98-compat]
[build]  1751 |     number_float_t value_float = 0;
[build]       |                                ^
[build] C:\Users\pperv\code\unnamed_rpg\vendor\json\include\nlohmann/detail/input/lexer.hpp(1754,44): warning: default member initializer for non-static data members is incompatible with C++98 [-Wc++98-compat]
[build]  1754 |     const char_int_type decimal_point_char = '.';
[build]       |                                            ^
[build] C:\Users\pperv\code\unnamed_rpg\vendor\json\include\nlohmann/detail/input/lexer.hpp(1756,40): warning: default member initializer for non-static data members is incompatible with C++98 [-Wc++98-compat]
[build]  1756 |     std::size_t decimal_point_position = std::string::npos;
[build]       |                                        ^
[build] In file included from C:\Users\pperv\code\unnamed_rpg\vendor\json-schema-validator\src\json-patch.cpp:1:
[build] In file included from C:\Users\pperv\code\unnamed_rpg\vendor\json-schema-validator\src\json-patch.hpp:3:
[build] In file included from C:\Users\pperv\code\unnamed_rpg\vendor\json\include\nlohmann/json.hpp:50:
[build] In file included from C:\Users\pperv\code\unnamed_rpg\vendor\json\include\nlohmann/detail/input/binary_reader.hpp:29:
[build] C:\Users\pperv\code\unnamed_rpg\vendor\json\include\nlohmann/detail/input/json_sax.hpp(21,1): warning: empty macro arguments are incompatible with C++98 [-Wc++98-compat-pedantic]
[build]    21 | NLOHMANN_JSON_NAMESPACE_BEGIN
[build]       | ^
[build] C:\Users\pperv\code\unnamed_rpg\vendor\json\include\nlohmann/detail/abi_macros.hpp(102,17): note: expanded from macro 'NLOHMANN_JSON_NAMESPACE_BEGIN'
[build]   102 |                 NLOHMANN_JSON_ABI_TAGS,              \
[build]       |                 ^
[build] C:\Users\pperv\code\unnamed_rpg\vendor\json\include\nlohmann/detail/abi_macros.hpp(65,5): note: expanded from macro 'NLOHMANN_JSON_ABI_TAGS'
[build]    65 |     NLOHMANN_JSON_ABI_TAGS_CONCAT(                                   \
[build]       |     ^
[build] C:\Users\pperv\code\unnamed_rpg\vendor\json\include\nlohmann/detail/abi_macros.hpp(62,39): note: expanded from macro 'NLOHMANN_JSON_ABI_TAGS_CONCAT'
[build]    62 |     NLOHMANN_JSON_ABI_TAGS_CONCAT_EX(a, b, c)
[build]       |                                       ^
[build] In file included from C:\Users\pperv\code\unnamed_rpg\vendor\json-schema-validator\src\json-patch.cpp:1:
[build] In file included from C:\Users\pperv\code\unnamed_rpg\vendor\json-schema-validator\src\json-patch.hpp:3:
[build] In file included from C:\Users\pperv\code\unnamed_rpg\vendor\json\include\nlohmann/json.hpp:50:
[build] In file included from C:\Users\pperv\code\unnamed_rpg\vendor\json\include\nlohmann/detail/input/binary_reader.hpp:29:
[build] C:\Users\pperv\code\unnamed_rpg\vendor\json\include\nlohmann/detail/input/json_sax.hpp(21,1): warning: empty macro arguments are incompatible with C++98 [-Wc++98-compat-pedantic]
[build] C:\Users\pperv\code\unnamed_rpg\vendor\json\include\nlohmann/detail/abi_macros.hpp(102,17): note: expanded from macro 'NLOHMANN_JSON_NAMESPACE_BEGIN'
[build]   102 |                 NLOHMANN_JSON_ABI_TAGS,              \
[build]       |                 ^
[build] C:\Users\pperv\code\unnamed_rpg\vendor\json\include\nlohmann/detail/abi_macros.hpp(65,5): note: expanded from macro 'NLOHMANN_JSON_ABI_TAGS'
[build]    65 |     NLOHMANN_JSON_ABI_TAGS_CONCAT(                                   \
[build]       |     ^
[build] C:\Users\pperv\code\unnamed_rpg\vendor\json\include\nlohmann/detail/abi_macros.hpp(62,42): note: expanded from macro 'NLOHMANN_JSON_ABI_TAGS_CONCAT'
[build]    62 |     NLOHMANN_JSON_ABI_TAGS_CONCAT_EX(a, b, c)
[build]       |                                          ^
[build] In file included from C:\Users\pperv\code\unnamed_rpg\vendor\json-schema-validator\src\json-patch.cpp:1:
[build] In file included from C:\Users\pperv\code\unnamed_rpg\vendor\json-schema-validator\src\json-patch.hpp:3:
[build] In file included from C:\Users\pperv\code\unnamed_rpg\vendor\json\include\nlohmann/json.hpp:50:
[build] In file included from C:\Users\pperv\code\unnamed_rpg\vendor\json\include\nlohmann/detail/input/binary_reader.hpp:29:
[build] C:\Users\pperv\code\unnamed_rpg\vendor\json\include\nlohmann/detail/input/json_sax.hpp(21,1): warning: empty macro arguments are incompatible with C++98 [-Wc++98-compat-pedantic]
[build] C:\Users\pperv\code\unnamed_rpg\vendor\json\include\nlohmann/detail/abi_macros.hpp(102,17): note: expanded from macro 'NLOHMANN_JSON_NAMESPACE_BEGIN'
[build]   102 |                 NLOHMANN_JSON_ABI_TAGS,              \
[build]       |                 ^
[build] C:\Users\pperv\code\unnamed_rpg\vendor\json\include\nlohmann/detail/abi_macros.hpp(65,5): note: expanded from macro 'NLOHMANN_JSON_ABI_TAGS'
[build]    65 |     NLOHMANN_JSON_ABI_TAGS_CONCAT(                                   \
[build]       |     ^
[build] C:\Users\pperv\code\unnamed_rpg\vendor\json\include\nlohmann/detail/abi_macros.hpp(62,45): note: expanded from macro 'NLOHMANN_JSON_ABI_TAGS_CONCAT'
[build]    62 |     NLOHMANN_JSON_ABI_TAGS_CONCAT_EX(a, b, c)
[build]       |                                             ^
[build] In file included from C:\Users\pperv\code\unnamed_rpg\vendor\json-schema-validator\src\json-patch.cpp:1:
[build] In file included from C:\Users\pperv\code\unnamed_rpg\vendor\json-schema-validator\src\json-patch.hpp:3:
[build] In file included from C:\Users\pperv\code\unnamed_rpg\vendor\json\include\nlohmann/json.hpp:50:
[build] In file included from C:\Users\pperv\code\unnamed_rpg\vendor\json\include\nlohmann/detail/input/binary_reader.hpp:29:
[build] C:\Users\pperv\code\unnamed_rpg\vendor\json\include\nlohmann/detail/input/json_sax.hpp(21,1): warning: inline namespaces are incompatible with C++98 [-Wc++98-compat]
[build] C:\Users\pperv\code\unnamed_rpg\vendor\json\include\nlohmann/detail/abi_macros.hpp(101,5): note: expanded from macro 'NLOHMANN_JSON_NAMESPACE_BEGIN'
[build]   101 |     inline namespace NLOHMANN_JSON_NAMESPACE_CONCAT( \
[build]       |     ^
[build] In file included from C:\Users\pperv\code\unnamed_rpg\vendor\json-schema-validator\src\json-patch.cpp:1:
[build] In file included from C:\Users\pperv\code\unnamed_rpg\vendor\json-schema-validator\src\json-patch.hpp:3:
[build] In file included from C:\Users\pperv\code\unnamed_rpg\vendor\json\include\nlohmann/json.hpp:50:
[build] In file included from C:\Users\pperv\code\unnamed_rpg\vendor\json\include\nlohmann/detail/input/binary_reader.hpp:29:
[build] C:\Users\pperv\code\unnamed_rpg\vendor\json\include\nlohmann/detail/input/json_sax.hpp(34,30): warning: alias declarations are incompatible with C++98 [-Wc++98-compat]
[build]    34 |     using number_integer_t = typename BasicJsonType::number_integer_t;
[build]       |                              ^
[build] C:\Users\pperv\code\unnamed_rpg\vendor\json\include\nlohmann/detail/input/json_sax.hpp(35,31): warning: alias declarations are incompatible with C++98 [-Wc++98-compat]
[build]    35 |     using number_unsigned_t = typename BasicJsonType::number_unsigned_t;
[build]       |                               ^
[build] C:\Users\pperv\code\unnamed_rpg\vendor\json\include\nlohmann/detail/input/json_sax.hpp(36,28): warning: alias declarations are incompatible with C++98 [-Wc++98-compat]
[build]    36 |     using number_float_t = typename BasicJsonType::number_float_t;
[build]       |                            ^
[build] C:\Users\pperv\code\unnamed_rpg\vendor\json\include\nlohmann/detail/input/json_sax.hpp(37,22): warning: alias declarations are incompatible with C++98 [-Wc++98-compat]
[build]    37 |     using string_t = typename BasicJsonType::string_t;
[build]       |                      ^
[build] C:\Users\pperv\code\unnamed_rpg\vendor\json\include\nlohmann/detail/input/json_sax.hpp(38,22): warning: alias declarations are incompatible with C++98 [-Wc++98-compat]
[build]    38 |     using binary_t = typename BasicJsonType::binary_t;
[build]       |                      ^
[build] C:\Users\pperv\code\unnamed_rpg\vendor\json\include\nlohmann/detail/input/json_sax.hpp(138,18): warning: defaulted function definitions are incompatible with C++98 [-Wc++98-compat]
[build]   138 |     json_sax() = default;
[build]       |                  ^
[build] C:\Users\pperv\code\unnamed_rpg\vendor\json\include\nlohmann/detail/input/json_sax.hpp(139,33): warning: defaulted function definitions are incompatible with C++98 [-Wc++98-compat]
[build]   139 |     json_sax(const json_sax&) = default;
[build]       |                                 ^
[build] C:\Users\pperv\code\unnamed_rpg\vendor\json\include\nlohmann/detail/input/json_sax.hpp(140,22): warning: rvalue references are incompatible with C++98 [-Wc++98-compat]
[build]   140 |     json_sax(json_sax&&) noexcept = default;
[build]       |                      ^
[build] C:\Users\pperv\code\unnamed_rpg\vendor\json\include\nlohmann/detail/input/json_sax.hpp(140,35): warning: noexcept specifications are incompatible with C++98 [-Wc++98-compat]
[build]   140 |     json_sax(json_sax&&) noexcept = default;
[build]       |                                   ^
[build] C:\Users\pperv\code\unnamed_rpg\vendor\json\include\nlohmann/detail/input/json_sax.hpp(140,37): warning: defaulted function definitions are incompatible with C++98 [-Wc++98-compat]
[build]   140 |     json_sax(json_sax&&) noexcept = default;
[build]       |                                     ^
[build] C:\Users\pperv\code\unnamed_rpg\vendor\json\include\nlohmann/detail/input/json_sax.hpp(141,44): warning: defaulted function definitions are incompatible with C++98 [-Wc++98-compat]
[build]   141 |     json_sax& operator=(const json_sax&) = default;
[build]       |                                            ^
[build] C:\Users\pperv\code\unnamed_rpg\vendor\json\include\nlohmann/detail/input/json_sax.hpp(142,33): warning: rvalue references are incompatible with C++98 [-Wc++98-compat]
[build]   142 |     json_sax& operator=(json_sax&&) noexcept = default;
[build]       |                                 ^
[build] C:\Users\pperv\code\unnamed_rpg\vendor\json\include\nlohmann/detail/input/json_sax.hpp(142,46): warning: noexcept specifications are incompatible with C++98 [-Wc++98-compat]
[build]   142 |     json_sax& operator=(json_sax&&) noexcept = default;
[build]       |                                              ^
[build] C:\Users\pperv\code\unnamed_rpg\vendor\json\include\nlohmann/detail/input/json_sax.hpp(142,48): warning: defaulted function definitions are incompatible with C++98 [-Wc++98-compat]
[build]   142 |     json_sax& operator=(json_sax&&) noexcept = default;
[build]       |                                                ^
[build] C:\Users\pperv\code\unnamed_rpg\vendor\json\include\nlohmann/detail/input/json_sax.hpp(143,27): warning: defaulted function definitions are incompatible with C++98 [-Wc++98-compat]
[build]   143 |     virtual ~json_sax() = default;
[build]       |                           ^
[build] C:\Users\pperv\code\unnamed_rpg\vendor\json\include\nlohmann/detail/input/json_sax.hpp(148,1): warning: 'constexpr' specifier is incompatible with C++98 [-Wc++98-compat]
[build]   148 | constexpr std::size_t unknown_size()
[build]       | ^
[build] C:\Users\pperv\code\unnamed_rpg\vendor\json\include\nlohmann/detail/input/json_sax.hpp(170,30): warning: alias declarations are incompatible with C++98 [-Wc++98-compat]
[build]   170 |     using number_integer_t = typename BasicJsonType::number_integer_t;
[build]       |                              ^
[build] C:\Users\pperv\code\unnamed_rpg\vendor\json\include\nlohmann/detail/input/json_sax.hpp(171,31): warning: alias declarations are incompatible with C++98 [-Wc++98-compat]
[build]   171 |     using number_unsigned_t = typename BasicJsonType::number_unsigned_t;
[build]       |                               ^
[build] C:\Users\pperv\code\unnamed_rpg\vendor\json\include\nlohmann/detail/input/json_sax.hpp(172,28): warning: alias declarations are incompatible with C++98 [-Wc++98-compat]
[build]   172 |     using number_float_t = typename BasicJsonType::number_float_t;
[build]       |                            ^
[build] C:\Users\pperv\code\unnamed_rpg\vendor\json\include\nlohmann/detail/input/json_sax.hpp(173,22): warning: alias declarations are incompatible with C++98 [-Wc++98-compat]
[build]   173 |     using string_t = typename BasicJsonType::string_t;
[build]       |                      ^
[build] C:\Users\pperv\code\unnamed_rpg\vendor\json\include\nlohmann/detail/input/json_sax.hpp(174,22): warning: alias declarations are incompatible with C++98 [-Wc++98-compat]
[build]   174 |     using binary_t = typename BasicJsonType::binary_t;
[build]       |                      ^
[build] C:\Users\pperv\code\unnamed_rpg\vendor\json\include\nlohmann/detail/input/json_sax.hpp(175,21): warning: alias declarations are incompatible with C++98 [-Wc++98-compat]
[build]   175 |     using lexer_t = lexer<BasicJsonType, InputAdapterType>;
[build]       |                     ^
[build] C:\Users\pperv\code\unnamed_rpg\vendor\json\include\nlohmann/detail/input/json_sax.hpp(187,55): warning: deleted function definitions are incompatible with C++98 [-Wc++98-compat]
[build]   187 |     json_sax_dom_parser(const json_sax_dom_parser&) = delete;
[build]       |                                                       ^
[build] C:\Users\pperv\code\unnamed_rpg\vendor\json\include\nlohmann/detail/input/json_sax.hpp(188,44): warning: rvalue references are incompatible with C++98 [-Wc++98-compat]
[build]   188 |     json_sax_dom_parser(json_sax_dom_parser&&) = default; // NOLINT(hicpp-noexcept-move,performance-noexcept-move-constructor)
[build]       |                                            ^
[build] C:\Users\pperv\code\unnamed_rpg\vendor\json\include\nlohmann/detail/input/json_sax.hpp(188,50): warning: defaulted function definitions are incompatible with C++98 [-Wc++98-compat]
[build]   188 |     json_sax_dom_parser(json_sax_dom_parser&&) = default; // NOLINT(hicpp-noexcept-move,performance-noexcept-move-constructor)
[build]       |                                                  ^
[build] C:\Users\pperv\code\unnamed_rpg\vendor\json\include\nlohmann/detail/input/json_sax.hpp(189,66): warning: deleted function definitions are incompatible with C++98 [-Wc++98-compat]
[build]   189 |     json_sax_dom_parser& operator=(const json_sax_dom_parser&) = delete;
[build]       |                                                                  ^
[build] C:\Users\pperv\code\unnamed_rpg\vendor\json\include\nlohmann/detail/input/json_sax.hpp(190,55): warning: rvalue references are incompatible with C++98 [-Wc++98-compat]
[build]   190 |     json_sax_dom_parser& operator=(json_sax_dom_parser&&) = default; // NOLINT(hicpp-noexcept-move,performance-noexcept-move-constructor)
[build]       |                                                       ^
[build] C:\Users\pperv\code\unnamed_rpg\vendor\json\include\nlohmann/detail/input/json_sax.hpp(190,61): warning: defaulted function definitions are incompatible with C++98 [-Wc++98-compat]
[build]   190 |     json_sax_dom_parser& operator=(json_sax_dom_parser&&) = default; // NOLINT(hicpp-noexcept-move,performance-noexcept-move-constructor)
[build]       |                                                             ^
[build] C:\Users\pperv\code\unnamed_rpg\vendor\json\include\nlohmann/detail/input/json_sax.hpp(191,30): warning: defaulted function definitions are incompatible with C++98 [-Wc++98-compat]
[build]   191 |     ~json_sax_dom_parser() = default;
[build]       |                              ^
[build] C:\Users\pperv\code\unnamed_rpg\vendor\json\include\nlohmann/detail/input/json_sax.hpp(338,5): warning: 'constexpr' specifier is incompatible with C++98 [-Wc++98-compat]
[build]   338 |     constexpr bool is_errored() const
[build]       |     ^
[build] C:\Users\pperv\code\unnamed_rpg\vendor\json\include\nlohmann/detail/input/json_sax.hpp(423,38): warning: rvalue references are incompatible with C++98 [-Wc++98-compat]
[build]   423 |     BasicJsonType* handle_value(Value&& v)
[build]       |                                      ^
[build] C:\Users\pperv\code\unnamed_rpg\vendor\json\include\nlohmann/detail/input/json_sax.hpp(463,43): warning: default member initializer for non-static data members is incompatible with C++98 [-Wc++98-compat]
[build]   463 |     std::vector<BasicJsonType*> ref_stack {};
[build]       |                                           ^
[build] C:\Users\pperv\code\unnamed_rpg\vendor\json\include\nlohmann/detail/input/json_sax.hpp(465,35): warning: default member initializer for non-static data members is incompatible with C++98 [-Wc++98-compat]
[build]   465 |     BasicJsonType* object_element = nullptr;
[build]       |                                   ^
[build] C:\Users\pperv\code\unnamed_rpg\vendor\json\include\nlohmann/detail/input/json_sax.hpp(467,18): warning: default member initializer for non-static data members is incompatible with C++98 [-Wc++98-compat]
[build]   467 |     bool errored = false;
[build]       |                  ^
[build] C:\Users\pperv\code\unnamed_rpg\vendor\json\include\nlohmann/detail/input/json_sax.hpp(469,33): warning: default member initializer for non-static data members is incompatible with C++98 [-Wc++98-compat]
[build]   469 |     const bool allow_exceptions = true;
[build]       |                                 ^
[build] C:\Users\pperv\code\unnamed_rpg\vendor\json\include\nlohmann/detail/input/json_sax.hpp(471,26): warning: default member initializer for non-static data members is incompatible with C++98 [-Wc++98-compat]
[build]   471 |     lexer_t* m_lexer_ref = nullptr;
[build]       |                          ^
[build] C:\Users\pperv\code\unnamed_rpg\vendor\json\include\nlohmann/detail/input/json_sax.hpp(182,107): warning: 'nullptr' is incompatible with C++98 [-Wc++98-compat]
[build]   182 |     explicit json_sax_dom_parser(BasicJsonType& r, const bool allow_exceptions_ = true, lexer_t* lexer_ = nullptr)
[build]       |                                                                                                           ^
[build] C:\Users\pperv\code\unnamed_rpg\vendor\json\include\nlohmann/detail/input/json_sax.hpp(465,37): warning: 'nullptr' is incompatible with C++98 [-Wc++98-compat]
[build]   465 |     BasicJsonType* object_element = nullptr;
[build]       |                                     ^
[build] C:\Users\pperv\code\unnamed_rpg\vendor\json\include\nlohmann/detail/input/json_sax.hpp(471,28): warning: 'nullptr' is incompatible with C++98 [-Wc++98-compat]
[build]   471 |     lexer_t* m_lexer_ref = nullptr;
[build]       |                            ^
[build] C:\Users\pperv\code\unnamed_rpg\vendor\json\include\nlohmann/detail/input/json_sax.hpp(478,30): warning: alias declarations are incompatible with C++98 [-Wc++98-compat]
[build]   478 |     using number_integer_t = typename BasicJsonType::number_integer_t;
[build]       |                              ^
[build] C:\Users\pperv\code\unnamed_rpg\vendor\json\include\nlohmann/detail/input/json_sax.hpp(479,31): warning: alias declarations are incompatible with C++98 [-Wc++98-compat]
[build]   479 |     using number_unsigned_t = typename BasicJsonType::number_unsigned_t;
[build]       |                               ^
[build] C:\Users\pperv\code\unnamed_rpg\vendor\json\include\nlohmann/detail/input/json_sax.hpp(480,28): warning: alias declarations are incompatible with C++98 [-Wc++98-compat]
[build]   480 |     using number_float_t = typename BasicJsonType::number_float_t;
[build]       |                            ^
[build] C:\Users\pperv\code\unnamed_rpg\vendor\json\include\nlohmann/detail/input/json_sax.hpp(481,22): warning: alias declarations are incompatible with C++98 [-Wc++98-compat]
[build]   481 |     using string_t = typename BasicJsonType::string_t;
[build]       |                      ^
[build] C:\Users\pperv\code\unnamed_rpg\vendor\json\include\nlohmann/detail/input/json_sax.hpp(482,22): warning: alias declarations are incompatible with C++98 [-Wc++98-compat]
[build]   482 |     using binary_t = typename BasicJsonType::binary_t;
[build]       |                      ^
[build] C:\Users\pperv\code\unnamed_rpg\vendor\json\include\nlohmann/detail/input/json_sax.hpp(483,31): warning: alias declarations are incompatible with C++98 [-Wc++98-compat]
[build]   483 |     using parser_callback_t = typename BasicJsonType::parser_callback_t;
[build]       |                               ^
[build] C:\Users\pperv\code\unnamed_rpg\vendor\json\include\nlohmann/detail/input/json_sax.hpp(484,27): warning: alias declarations are incompatible with C++98 [-Wc++98-compat]
[build]   484 |     using parse_event_t = typename BasicJsonType::parse_event_t;
[build]       |                           ^
[build] C:\Users\pperv\code\unnamed_rpg\vendor\json\include\nlohmann/detail/input/json_sax.hpp(485,21): warning: alias declarations are incompatible with C++98 [-Wc++98-compat]
[build]   485 |     using lexer_t = lexer<BasicJsonType, InputAdapterType>;
[build]       |                     ^
[build] C:\Users\pperv\code\unnamed_rpg\vendor\json\include\nlohmann/detail/input/json_sax.hpp(497,73): warning: deleted function definitions are incompatible with C++98 [-Wc++98-compat]
[build]   497 |     json_sax_dom_callback_parser(const json_sax_dom_callback_parser&) = delete;
[build]       |                                                                         ^
[build] C:\Users\pperv\code\unnamed_rpg\vendor\json\include\nlohmann/detail/input/json_sax.hpp(498,62): warning: rvalue references are incompatible with C++98 [-Wc++98-compat]
[build]   498 |     json_sax_dom_callback_parser(json_sax_dom_callback_parser&&) = default; // NOLINT(hicpp-noexcept-move,performance-noexcept-move-constructor)
[build]       |                                                              ^
[build] C:\Users\pperv\code\unnamed_rpg\vendor\json\include\nlohmann/detail/input/json_sax.hpp(498,68): warning: defaulted function definitions are incompatible with C++98 [-Wc++98-compat]
[build]   498 |     json_sax_dom_callback_parser(json_sax_dom_callback_parser&&) = default; // NOLINT(hicpp-noexcept-move,performance-noexcept-move-constructor)
[build]       |                                                                    ^
[build] C:\Users\pperv\code\unnamed_rpg\vendor\json\include\nlohmann/detail/input/json_sax.hpp(499,84): warning: deleted function definitions are incompatible with C++98 [-Wc++98-compat]
[build]   499 |     json_sax_dom_callback_parser& operator=(const json_sax_dom_callback_parser&) = delete;
[build]       |                                                                                    ^
[build] C:\Users\pperv\code\unnamed_rpg\vendor\json\include\nlohmann/detail/input/json_sax.hpp(500,73): warning: rvalue references are incompatible with C++98 [-Wc++98-compat]
[build]   500 |     json_sax_dom_callback_parser& operator=(json_sax_dom_callback_parser&&) = default; // NOLINT(hicpp-noexcept-move,performance-noexcept-move-constructor)
[build]       |                                                                         ^
[build] C:\Users\pperv\code\unnamed_rpg\vendor\json\include\nlohmann/detail/input/json_sax.hpp(500,79): warning: defaulted function definitions are incompatible with C++98 [-Wc++98-compat]
[build]   500 |     json_sax_dom_callback_parser& operator=(json_sax_dom_callback_parser&&) = default; // NOLINT(hicpp-noexcept-move,performance-noexcept-move-constructor)
[build]       |                                                                               ^
[build] C:\Users\pperv\code\unnamed_rpg\vendor\json\include\nlohmann/detail/input/json_sax.hpp(501,39): warning: defaulted function definitions are incompatible with C++98 [-Wc++98-compat]
[build]   501 |     ~json_sax_dom_callback_parser() = default;
[build]       |                                       ^
[build] C:\Users\pperv\code\unnamed_rpg\vendor\json\include\nlohmann/detail/input/json_sax.hpp(739,5): warning: 'constexpr' specifier is incompatible with C++98 [-Wc++98-compat]
[build]   739 |     constexpr bool is_errored() const
[build]       |     ^
[build] C:\Users\pperv\code\unnamed_rpg\vendor\json\include\nlohmann/detail/input/json_sax.hpp(841,55): warning: rvalue references are incompatible with C++98 [-Wc++98-compat]
[build]   841 |     std::pair<bool, BasicJsonType*> handle_value(Value&& v, const bool skip_callback = false)
[build]       |                                                       ^
[build] C:\Users\pperv\code\unnamed_rpg\vendor\json\include\nlohmann/detail/input/json_sax.hpp(923,43): warning: default member initializer for non-static data members is incompatible with C++98 [-Wc++98-compat]
[build]   923 |     std::vector<BasicJsonType*> ref_stack {};
[build]       |                                           ^
[build] C:\Users\pperv\code\unnamed_rpg\vendor\json\include\nlohmann/detail/input/json_sax.hpp(925,34): warning: default member initializer for non-static data members is incompatible with C++98 [-Wc++98-compat]
[build]   925 |     std::vector<bool> keep_stack {}; // NOLINT(readability-redundant-member-init)
[build]       |                                  ^
[build] C:\Users\pperv\code\unnamed_rpg\vendor\json\include\nlohmann/detail/input/json_sax.hpp(927,38): warning: default member initializer for non-static data members is incompatible with C++98 [-Wc++98-compat]
[build]   927 |     std::vector<bool> key_keep_stack {}; // NOLINT(readability-redundant-member-init)
[build]       |                                      ^
[build] C:\Users\pperv\code\unnamed_rpg\vendor\json\include\nlohmann/detail/input/json_sax.hpp(929,35): warning: default member initializer for non-static data members is incompatible with C++98 [-Wc++98-compat]
[build]   929 |     BasicJsonType* object_element = nullptr;
[build]       |                                   ^
[build] C:\Users\pperv\code\unnamed_rpg\vendor\json\include\nlohmann/detail/input/json_sax.hpp(931,18): warning: default member initializer for non-static data members is incompatible with C++98 [-Wc++98-compat]
[build]   931 |     bool errored = false;
[build]       |                  ^
[build] C:\Users\pperv\code\unnamed_rpg\vendor\json\include\nlohmann/detail/input/json_sax.hpp(933,38): warning: default member initializer for non-static data members is incompatible with C++98 [-Wc++98-compat]
[build]   933 |     const parser_callback_t callback = nullptr;
[build]       |                                      ^
[build] C:\Users\pperv\code\unnamed_rpg\vendor\json\include\nlohmann/detail/input/json_sax.hpp(935,33): warning: default member initializer for non-static data members is incompatible with C++98 [-Wc++98-compat]
[build]   935 |     const bool allow_exceptions = true;
[build]       |                                 ^
[build] C:\Users\pperv\code\unnamed_rpg\vendor\json\include\nlohmann/detail/input/json_sax.hpp(937,29): warning: default member initializer for non-static data members is incompatible with C++98 [-Wc++98-compat]
[build]   937 |     BasicJsonType discarded = BasicJsonType::value_t::discarded;
[build]       |                             ^
[build] C:\Users\pperv\code\unnamed_rpg\vendor\json\include\nlohmann/detail/input/json_sax.hpp(939,26): warning: default member initializer for non-static data members is incompatible with C++98 [-Wc++98-compat]
[build]   939 |     lexer_t* m_lexer_ref = nullptr;
[build]       |                          ^
[build] C:\Users\pperv\code\unnamed_rpg\vendor\json\include\nlohmann/detail/input/json_sax.hpp(490,52): warning: 'nullptr' is incompatible with C++98 [-Wc++98-compat]
[build]   490 |                                  lexer_t* lexer_ = nullptr)
[build]       |                                                    ^
[build] C:\Users\pperv\code\unnamed_rpg\vendor\json\include\nlohmann/detail/input/json_sax.hpp(925,34): warning: constructor call from initializer list is incompatible with C++98 [-Wc++98-compat]
[build]   925 |     std::vector<bool> keep_stack {}; // NOLINT(readability-redundant-member-init)
[build]       |                                  ^~
[build] C:\Users\pperv\code\unnamed_rpg\vendor\json\include\nlohmann/detail/input/json_sax.hpp(927,38): warning: constructor call from initializer list is incompatible with C++98 [-Wc++98-compat]
[build]   927 |     std::vector<bool> key_keep_stack {}; // NOLINT(readability-redundant-member-init)
[build]       |                                      ^~
[build] C:\Users\pperv\code\unnamed_rpg\vendor\json\include\nlohmann/detail/input/json_sax.hpp(929,37): warning: 'nullptr' is incompatible with C++98 [-Wc++98-compat]
[build]   929 |     BasicJsonType* object_element = nullptr;
[build]       |                                     ^
[build] C:\Users\pperv\code\unnamed_rpg\vendor\json\include\nlohmann/detail/input/json_sax.hpp(933,40): warning: 'nullptr' is incompatible with C++98 [-Wc++98-compat]
[build]   933 |     const parser_callback_t callback = nullptr;
[build]       |                                        ^
[build] C:\Users\pperv\code\unnamed_rpg\vendor\json\include\nlohmann/detail/input/json_sax.hpp(939,28): warning: 'nullptr' is incompatible with C++98 [-Wc++98-compat]
[build]   939 |     lexer_t* m_lexer_ref = nullptr;
[build]       |                            ^
[build] C:\Users\pperv\code\unnamed_rpg\vendor\json\include\nlohmann/detail/input/json_sax.hpp(946,30): warning: alias declarations are incompatible with C++98 [-Wc++98-compat]
[build]   946 |     using number_integer_t = typename BasicJsonType::number_integer_t;
[build]       |                              ^
[build] C:\Users\pperv\code\unnamed_rpg\vendor\json\include\nlohmann/detail/input/json_sax.hpp(947,31): warning: alias declarations are incompatible with C++98 [-Wc++98-compat]
[build]   947 |     using number_unsigned_t = typename BasicJsonType::number_unsigned_t;
[build]       |                               ^
[build] C:\Users\pperv\code\unnamed_rpg\vendor\json\include\nlohmann/detail/input/json_sax.hpp(948,28): warning: alias declarations are incompatible with C++98 [-Wc++98-compat]
[build]   948 |     using number_float_t = typename BasicJsonType::number_float_t;
[build]       |                            ^
[build] C:\Users\pperv\code\unnamed_rpg\vendor\json\include\nlohmann/detail/input/json_sax.hpp(949,22): warning: alias declarations are incompatible with C++98 [-Wc++98-compat]
[build]   949 |     using string_t = typename BasicJsonType::string_t;
[build]       |                      ^
[build] C:\Users\pperv\code\unnamed_rpg\vendor\json\include\nlohmann/detail/input/json_sax.hpp(950,22): warning: alias declarations are incompatible with C++98 [-Wc++98-compat]
[build]   950 |     using binary_t = typename BasicJsonType::binary_t;
[build]       |                      ^
[build] In file included from C:\Users\pperv\code\unnamed_rpg\vendor\json-schema-validator\src\json-patch.cpp:1:
[build] In file included from C:\Users\pperv\code\unnamed_rpg\vendor\json-schema-validator\src\json-patch.hpp:3:
[build] In file included from C:\Users\pperv\code\unnamed_rpg\vendor\json\include\nlohmann/json.hpp:50:
[build] In file included from C:\Users\pperv\code\unnamed_rpg\vendor\json\include\nlohmann/detail/input/binary_reader.hpp:32:
[build] C:\Users\pperv\code\unnamed_rpg\vendor\json\include\nlohmann/detail/meta/is_sax.hpp(19,1): warning: empty macro arguments are incompatible with C++98 [-Wc++98-compat-pedantic]
[build]    19 | NLOHMANN_JSON_NAMESPACE_BEGIN
[build]       | ^
[build] C:\Users\pperv\code\unnamed_rpg\vendor\json\include\nlohmann/detail/abi_macros.hpp(102,17): note: expanded from macro 'NLOHMANN_JSON_NAMESPACE_BEGIN'
[build]   102 |                 NLOHMANN_JSON_ABI_TAGS,              \
[build]       |                 ^
[build] C:\Users\pperv\code\unnamed_rpg\vendor\json\include\nlohmann/detail/abi_macros.hpp(65,5): note: expanded from macro 'NLOHMANN_JSON_ABI_TAGS'
[build]    65 |     NLOHMANN_JSON_ABI_TAGS_CONCAT(                                   \
[build]       |     ^
[build] C:\Users\pperv\code\unnamed_rpg\vendor\json\include\nlohmann/detail/abi_macros.hpp(62,39): note: expanded from macro 'NLOHMANN_JSON_ABI_TAGS_CONCAT'
[build]    62 |     NLOHMANN_JSON_ABI_TAGS_CONCAT_EX(a, b, c)
[build]       |                                       ^
[build] In file included from C:\Users\pperv\code\unnamed_rpg\vendor\json-schema-validator\src\json-patch.cpp:1:
[build] In file included from C:\Users\pperv\code\unnamed_rpg\vendor\json-schema-validator\src\json-patch.hpp:3:
[build] In file included from C:\Users\pperv\code\unnamed_rpg\vendor\json\include\nlohmann/json.hpp:50:
[build] In file included from C:\Users\pperv\code\unnamed_rpg\vendor\json\include\nlohmann/detail/input/binary_reader.hpp:32:
[build] C:\Users\pperv\code\unnamed_rpg\vendor\json\include\nlohmann/detail/meta/is_sax.hpp(19,1): warning: empty macro arguments are incompatible with C++98 [-Wc++98-compat-pedantic]
[build] C:\Users\pperv\code\unnamed_rpg\vendor\json\include\nlohmann/detail/abi_macros.hpp(102,17): note: expanded from macro 'NLOHMANN_JSON_NAMESPACE_BEGIN'
[build]   102 |                 NLOHMANN_JSON_ABI_TAGS,              \
[build]       |                 ^
[build] C:\Users\pperv\code\unnamed_rpg\vendor\json\include\nlohmann/detail/abi_macros.hpp(65,5): note: expanded from macro 'NLOHMANN_JSON_ABI_TAGS'
[build]    65 |     NLOHMANN_JSON_ABI_TAGS_CONCAT(                                   \
[build]       |     ^
[build] C:\Users\pperv\code\unnamed_rpg\vendor\json\include\nlohmann/detail/abi_macros.hpp(62,42): note: expanded from macro 'NLOHMANN_JSON_ABI_TAGS_CONCAT'
[build]    62 |     NLOHMANN_JSON_ABI_TAGS_CONCAT_EX(a, b, c)
[build]       |                                          ^
[build] In file included from C:\Users\pperv\code\unnamed_rpg\vendor\json-schema-validator\src\json-patch.cpp:1:
[build] In file included from C:\Users\pperv\code\unnamed_rpg\vendor\json-schema-validator\src\json-patch.hpp:3:
[build] In file included from C:\Users\pperv\code\unnamed_rpg\vendor\json\include\nlohmann/json.hpp:50:
[build] In file included from C:\Users\pperv\code\unnamed_rpg\vendor\json\include\nlohmann/detail/input/binary_reader.hpp:32:
[build] C:\Users\pperv\code\unnamed_rpg\vendor\json\include\nlohmann/detail/meta/is_sax.hpp(19,1): warning: empty macro arguments are incompatible with C++98 [-Wc++98-compat-pedantic]
[build] C:\Users\pperv\code\unnamed_rpg\vendor\json\include\nlohmann/detail/abi_macros.hpp(102,17): note: expanded from macro 'NLOHMANN_JSON_NAMESPACE_BEGIN'
[build]   102 |                 NLOHMANN_JSON_ABI_TAGS,              \
[build]       |                 ^
[build] C:\Users\pperv\code\unnamed_rpg\vendor\json\include\nlohmann/detail/abi_macros.hpp(65,5): note: expanded from macro 'NLOHMANN_JSON_ABI_TAGS'
[build]    65 |     NLOHMANN_JSON_ABI_TAGS_CONCAT(                                   \
[build]       |     ^
[build] C:\Users\pperv\code\unnamed_rpg\vendor\json\include\nlohmann/detail/abi_macros.hpp(62,45): note: expanded from macro 'NLOHMANN_JSON_ABI_TAGS_CONCAT'
[build]    62 |     NLOHMANN_JSON_ABI_TAGS_CONCAT_EX(a, b, c)
[build]       |                                             ^
[build] In file included from C:\Users\pperv\code\unnamed_rpg\vendor\json-schema-validator\src\json-patch.cpp:1:
[build] In file included from C:\Users\pperv\code\unnamed_rpg\vendor\json-schema-validator\src\json-patch.hpp:3:
[build] In file included from C:\Users\pperv\code\unnamed_rpg\vendor\json\include\nlohmann/json.hpp:50:
[build] In file included from C:\Users\pperv\code\unnamed_rpg\vendor\json\include\nlohmann/detail/input/binary_reader.hpp:32:
[build] C:\Users\pperv\code\unnamed_rpg\vendor\json\include\nlohmann/detail/meta/is_sax.hpp(19,1): warning: inline namespaces are incompatible with C++98 [-Wc++98-compat]
[build] C:\Users\pperv\code\unnamed_rpg\vendor\json\include\nlohmann/detail/abi_macros.hpp(101,5): note: expanded from macro 'NLOHMANN_JSON_NAMESPACE_BEGIN'
[build]   101 |     inline namespace NLOHMANN_JSON_NAMESPACE_CONCAT( \
[build]       |     ^
[build] In file included from C:\Users\pperv\code\unnamed_rpg\vendor\json-schema-validator\src\json-patch.cpp:1:
[build] In file included from C:\Users\pperv\code\unnamed_rpg\vendor\json-schema-validator\src\json-patch.hpp:3:
[build] In file included from C:\Users\pperv\code\unnamed_rpg\vendor\json\include\nlohmann/json.hpp:50:
[build] In file included from C:\Users\pperv\code\unnamed_rpg\vendor\json\include\nlohmann/detail/input/binary_reader.hpp:32:
[build] C:\Users\pperv\code\unnamed_rpg\vendor\json\include\nlohmann/detail/meta/is_sax.hpp(24,25): warning: alias declarations are incompatible with C++98 [-Wc++98-compat]
[build]    24 | using null_function_t = decltype(std::declval<T&>().null());
[build]       |                         ^
[build] C:\Users\pperv\code\unnamed_rpg\vendor\json\include\nlohmann/detail/meta/is_sax.hpp(24,25): warning: 'decltype' type specifier is incompatible with C++98 [-Wc++98-compat]
[build] C:\Users\pperv\code\unnamed_rpg\vendor\json\include\nlohmann/detail/meta/is_sax.hpp(28,5): warning: alias declarations are incompatible with C++98 [-Wc++98-compat]
[build]    28 |     decltype(std::declval<T&>().boolean(std::declval<bool>()));
[build]       |     ^
[build] C:\Users\pperv\code\unnamed_rpg\vendor\json\include\nlohmann/detail/meta/is_sax.hpp(28,5): warning: 'decltype' type specifier is incompatible with C++98 [-Wc++98-compat]
[build] C:\Users\pperv\code\unnamed_rpg\vendor\json\include\nlohmann/detail/meta/is_sax.hpp(32,5): warning: alias declarations are incompatible with C++98 [-Wc++98-compat]
[build]    32 |     decltype(std::declval<T&>().number_integer(std::declval<Integer>()));
[build]       |     ^
[build] C:\Users\pperv\code\unnamed_rpg\vendor\json\include\nlohmann/detail/meta/is_sax.hpp(32,5): warning: 'decltype' type specifier is incompatible with C++98 [-Wc++98-compat]
[build] C:\Users\pperv\code\unnamed_rpg\vendor\json\include\nlohmann/detail/meta/is_sax.hpp(36,5): warning: alias declarations are incompatible with C++98 [-Wc++98-compat]
[build]    36 |     decltype(std::declval<T&>().number_unsigned(std::declval<Unsigned>()));
[build]       |     ^
[build] C:\Users\pperv\code\unnamed_rpg\vendor\json\include\nlohmann/detail/meta/is_sax.hpp(36,5): warning: 'decltype' type specifier is incompatible with C++98 [-Wc++98-compat]
[build] C:\Users\pperv\code\unnamed_rpg\vendor\json\include\nlohmann/detail/meta/is_sax.hpp(39,33): warning: alias declarations are incompatible with C++98 [-Wc++98-compat]
[build]    39 | using number_float_function_t = decltype(std::declval<T&>().number_float(
[build]       |                                 ^
[build] C:\Users\pperv\code\unnamed_rpg\vendor\json\include\nlohmann/detail/meta/is_sax.hpp(39,33): warning: 'decltype' type specifier is incompatible with C++98 [-Wc++98-compat]
[build] C:\Users\pperv\code\unnamed_rpg\vendor\json\include\nlohmann/detail/meta/is_sax.hpp(44,5): warning: alias declarations are incompatible with C++98 [-Wc++98-compat]
[build]    44 |     decltype(std::declval<T&>().string(std::declval<String&>()));
[build]       |     ^
[build] C:\Users\pperv\code\unnamed_rpg\vendor\json\include\nlohmann/detail/meta/is_sax.hpp(44,5): warning: 'decltype' type specifier is incompatible with C++98 [-Wc++98-compat]
[build] C:\Users\pperv\code\unnamed_rpg\vendor\json\include\nlohmann/detail/meta/is_sax.hpp(48,5): warning: alias declarations are incompatible with C++98 [-Wc++98-compat]
[build]    48 |     decltype(std::declval<T&>().binary(std::declval<Binary&>()));
[build]       |     ^
[build] C:\Users\pperv\code\unnamed_rpg\vendor\json\include\nlohmann/detail/meta/is_sax.hpp(48,5): warning: 'decltype' type specifier is incompatible with C++98 [-Wc++98-compat]
[build] C:\Users\pperv\code\unnamed_rpg\vendor\json\include\nlohmann/detail/meta/is_sax.hpp(52,5): warning: alias declarations are incompatible with C++98 [-Wc++98-compat]
[build]    52 |     decltype(std::declval<T&>().start_object(std::declval<std::size_t>()));
[build]       |     ^
[build] C:\Users\pperv\code\unnamed_rpg\vendor\json\include\nlohmann/detail/meta/is_sax.hpp(52,5): warning: 'decltype' type specifier is incompatible with C++98 [-Wc++98-compat]
[build] C:\Users\pperv\code\unnamed_rpg\vendor\json\include\nlohmann/detail/meta/is_sax.hpp(56,5): warning: alias declarations are incompatible with C++98 [-Wc++98-compat]
[build]    56 |     decltype(std::declval<T&>().key(std::declval<String&>()));
[build]       |     ^
[build] C:\Users\pperv\code\unnamed_rpg\vendor\json\include\nlohmann/detail/meta/is_sax.hpp(56,5): warning: 'decltype' type specifier is incompatible with C++98 [-Wc++98-compat]
[build] C:\Users\pperv\code\unnamed_rpg\vendor\json\include\nlohmann/detail/meta/is_sax.hpp(59,31): warning: alias declarations are incompatible with C++98 [-Wc++98-compat]
[build]    59 | using end_object_function_t = decltype(std::declval<T&>().end_object());
[build]       |                               ^
[build] C:\Users\pperv\code\unnamed_rpg\vendor\json\include\nlohmann/detail/meta/is_sax.hpp(59,31): warning: 'decltype' type specifier is incompatible with C++98 [-Wc++98-compat]
[build] C:\Users\pperv\code\unnamed_rpg\vendor\json\include\nlohmann/detail/meta/is_sax.hpp(63,5): warning: alias declarations are incompatible with C++98 [-Wc++98-compat]
[build]    63 |     decltype(std::declval<T&>().start_array(std::declval<std::size_t>()));
[build]       |     ^
[build] C:\Users\pperv\code\unnamed_rpg\vendor\json\include\nlohmann/detail/meta/is_sax.hpp(63,5): warning: 'decltype' type specifier is incompatible with C++98 [-Wc++98-compat]
[build] C:\Users\pperv\code\unnamed_rpg\vendor\json\include\nlohmann/detail/meta/is_sax.hpp(66,30): warning: alias declarations are incompatible with C++98 [-Wc++98-compat]
[build]    66 | using end_array_function_t = decltype(std::declval<T&>().end_array());
[build]       |                              ^
[build] C:\Users\pperv\code\unnamed_rpg\vendor\json\include\nlohmann/detail/meta/is_sax.hpp(66,30): warning: 'decltype' type specifier is incompatible with C++98 [-Wc++98-compat]
[build] C:\Users\pperv\code\unnamed_rpg\vendor\json\include\nlohmann/detail/meta/is_sax.hpp(69,32): warning: alias declarations are incompatible with C++98 [-Wc++98-compat]
[build]    69 | using parse_error_function_t = decltype(std::declval<T&>().parse_error(
[build]       |                                ^
[build] C:\Users\pperv\code\unnamed_rpg\vendor\json\include\nlohmann/detail/meta/is_sax.hpp(69,32): warning: 'decltype' type specifier is incompatible with C++98 [-Wc++98-compat]
[build] C:\Users\pperv\code\unnamed_rpg\vendor\json\include\nlohmann/detail/meta/is_sax.hpp(77,5): warning: 'static_assert' declarations are incompatible with C++98 [-Wc++98-compat]
[build]    77 |     static_assert(is_basic_json<BasicJsonType>::value,
[build]       |     ^
[build] C:\Users\pperv\code\unnamed_rpg\vendor\json\include\nlohmann/detail/meta/is_sax.hpp(80,30): warning: alias declarations are incompatible with C++98 [-Wc++98-compat]
[build]    80 |     using number_integer_t = typename BasicJsonType::number_integer_t;
[build]       |                              ^
[build] C:\Users\pperv\code\unnamed_rpg\vendor\json\include\nlohmann/detail/meta/is_sax.hpp(81,31): warning: alias declarations are incompatible with C++98 [-Wc++98-compat]
[build]    81 |     using number_unsigned_t = typename BasicJsonType::number_unsigned_t;
[build]       |                               ^
[build] C:\Users\pperv\code\unnamed_rpg\vendor\json\include\nlohmann/detail/meta/is_sax.hpp(82,28): warning: alias declarations are incompatible with C++98 [-Wc++98-compat]
[build]    82 |     using number_float_t = typename BasicJsonType::number_float_t;
[build]       |                            ^
[build] C:\Users\pperv\code\unnamed_rpg\vendor\json\include\nlohmann/detail/meta/is_sax.hpp(83,22): warning: alias declarations are incompatible with C++98 [-Wc++98-compat]
[build]    83 |     using string_t = typename BasicJsonType::string_t;
[build]       |                      ^
[build] C:\Users\pperv\code\unnamed_rpg\vendor\json\include\nlohmann/detail/meta/is_sax.hpp(84,22): warning: alias declarations are incompatible with C++98 [-Wc++98-compat]
[build]    84 |     using binary_t = typename BasicJsonType::binary_t;
[build]       |                      ^
[build] C:\Users\pperv\code\unnamed_rpg\vendor\json\include\nlohmann/detail/meta/is_sax.hpp(85,25): warning: alias declarations are incompatible with C++98 [-Wc++98-compat]
[build]    85 |     using exception_t = typename BasicJsonType::exception;
[build]       |                         ^
[build] C:\Users\pperv\code\unnamed_rpg\vendor\json\include\nlohmann/detail/meta/is_sax.hpp(88,12): warning: 'constexpr' specifier is incompatible with C++98 [-Wc++98-compat]
[build]    88 |     static constexpr bool value =
[build]       |            ^
[build] C:\Users\pperv\code\unnamed_rpg\vendor\json\include\nlohmann/detail/meta/is_sax.hpp(108,5): warning: 'static_assert' declarations are incompatible with C++98 [-Wc++98-compat]
[build]   108 |     static_assert(is_basic_json<BasicJsonType>::value,
[build]       |     ^
[build] C:\Users\pperv\code\unnamed_rpg\vendor\json\include\nlohmann/detail/meta/is_sax.hpp(111,30): warning: alias declarations are incompatible with C++98 [-Wc++98-compat]
[build]   111 |     using number_integer_t = typename BasicJsonType::number_integer_t;
[build]       |                              ^
[build] C:\Users\pperv\code\unnamed_rpg\vendor\json\include\nlohmann/detail/meta/is_sax.hpp(112,31): warning: alias declarations are incompatible with C++98 [-Wc++98-compat]
[build]   112 |     using number_unsigned_t = typename BasicJsonType::number_unsigned_t;
[build]       |                               ^
[build] C:\Users\pperv\code\unnamed_rpg\vendor\json\include\nlohmann/detail/meta/is_sax.hpp(113,28): warning: alias declarations are incompatible with C++98 [-Wc++98-compat]
[build]   113 |     using number_float_t = typename BasicJsonType::number_float_t;
[build]       |                            ^
[build] C:\Users\pperv\code\unnamed_rpg\vendor\json\include\nlohmann/detail/meta/is_sax.hpp(114,22): warning: alias declarations are incompatible with C++98 [-Wc++98-compat]
[build]   114 |     using string_t = typename BasicJsonType::string_t;
[build]       |                      ^
[build] C:\Users\pperv\code\unnamed_rpg\vendor\json\include\nlohmann/detail/meta/is_sax.hpp(115,22): warning: alias declarations are incompatible with C++98 [-Wc++98-compat]
[build]   115 |     using binary_t = typename BasicJsonType::binary_t;
[build]       |                      ^
[build] C:\Users\pperv\code\unnamed_rpg\vendor\json\include\nlohmann/detail/meta/is_sax.hpp(116,25): warning: alias declarations are incompatible with C++98 [-Wc++98-compat]
[build]   116 |     using exception_t = typename BasicJsonType::exception;
[build]       |                         ^
[build] C:\Users\pperv\code\unnamed_rpg\vendor\json\include\nlohmann/detail/meta/is_sax.hpp(119,5): warning: 'static_assert' declarations are incompatible with C++98 [-Wc++98-compat]
[build]   119 |     static_assert(is_detected_exact<bool, null_function_t, SAX>::value,
[build]       |     ^
[build] C:\Users\pperv\code\unnamed_rpg\vendor\json\include\nlohmann/detail/meta/is_sax.hpp(121,5): warning: 'static_assert' declarations are incompatible with C++98 [-Wc++98-compat]
[build]   121 |     static_assert(is_detected_exact<bool, boolean_function_t, SAX>::value,
[build]       |     ^
[build] C:\Users\pperv\code\unnamed_rpg\vendor\json\include\nlohmann/detail/meta/is_sax.hpp(123,5): warning: 'static_assert' declarations are incompatible with C++98 [-Wc++98-compat]
[build]   123 |     static_assert(is_detected_exact<bool, boolean_function_t, SAX>::value,
[build]       |     ^
[build] C:\Users\pperv\code\unnamed_rpg\vendor\json\include\nlohmann/detail/meta/is_sax.hpp(125,5): warning: 'static_assert' declarations are incompatible with C++98 [-Wc++98-compat]
[build]   125 |     static_assert(
[build]       |     ^
[build] C:\Users\pperv\code\unnamed_rpg\vendor\json\include\nlohmann/detail/meta/is_sax.hpp(129,5): warning: 'static_assert' declarations are incompatible with C++98 [-Wc++98-compat]
[build]   129 |     static_assert(
[build]       |     ^
[build] C:\Users\pperv\code\unnamed_rpg\vendor\json\include\nlohmann/detail/meta/is_sax.hpp(133,5): warning: 'static_assert' declarations are incompatible with C++98 [-Wc++98-compat]
[build]   133 |     static_assert(is_detected_exact<bool, number_float_function_t, SAX,
[build]       |     ^
[build] C:\Users\pperv\code\unnamed_rpg\vendor\json\include\nlohmann/detail/meta/is_sax.hpp(136,5): warning: 'static_assert' declarations are incompatible with C++98 [-Wc++98-compat]
[build]   136 |     static_assert(
[build]       |     ^
[build] C:\Users\pperv\code\unnamed_rpg\vendor\json\include\nlohmann/detail/meta/is_sax.hpp(139,5): warning: 'static_assert' declarations are incompatible with C++98 [-Wc++98-compat]
[build]   139 |     static_assert(
[build]       |     ^
[build] C:\Users\pperv\code\unnamed_rpg\vendor\json\include\nlohmann/detail/meta/is_sax.hpp(142,5): warning: 'static_assert' declarations are incompatible with C++98 [-Wc++98-compat]
[build]   142 |     static_assert(is_detected_exact<bool, start_object_function_t, SAX>::value,
[build]       |     ^
[build] C:\Users\pperv\code\unnamed_rpg\vendor\json\include\nlohmann/detail/meta/is_sax.hpp(144,5): warning: 'static_assert' declarations are incompatible with C++98 [-Wc++98-compat]
[build]   144 |     static_assert(is_detected_exact<bool, key_function_t, SAX, string_t>::value,
[build]       |     ^
[build] C:\Users\pperv\code\unnamed_rpg\vendor\json\include\nlohmann/detail/meta/is_sax.hpp(146,5): warning: 'static_assert' declarations are incompatible with C++98 [-Wc++98-compat]
[build]   146 |     static_assert(is_detected_exact<bool, end_object_function_t, SAX>::value,
[build]       |     ^
[build] C:\Users\pperv\code\unnamed_rpg\vendor\json\include\nlohmann/detail/meta/is_sax.hpp(148,5): warning: 'static_assert' declarations are incompatible with C++98 [-Wc++98-compat]
[build]   148 |     static_assert(is_detected_exact<bool, start_array_function_t, SAX>::value,
[build]       |     ^
[build] C:\Users\pperv\code\unnamed_rpg\vendor\json\include\nlohmann/detail/meta/is_sax.hpp(150,5): warning: 'static_assert' declarations are incompatible with C++98 [-Wc++98-compat]
[build]   150 |     static_assert(is_detected_exact<bool, end_array_function_t, SAX>::value,
[build]       |     ^
[build] C:\Users\pperv\code\unnamed_rpg\vendor\json\include\nlohmann/detail/meta/is_sax.hpp(152,5): warning: 'static_assert' declarations are incompatible with C++98 [-Wc++98-compat]
[build]   152 |     static_assert(
[build]       |     ^
[build] In file included from C:\Users\pperv\code\unnamed_rpg\vendor\json-schema-validator\src\json-patch.cpp:1:
[build] In file included from C:\Users\pperv\code\unnamed_rpg\vendor\json-schema-validator\src\json-patch.hpp:3:
[build] In file included from C:\Users\pperv\code\unnamed_rpg\vendor\json\include\nlohmann/json.hpp:50:
[build] C:\Users\pperv\code\unnamed_rpg\vendor\json\include\nlohmann/detail/input/binary_reader.hpp(37,1): warning: empty macro arguments are incompatible with C++98 [-Wc++98-compat-pedantic]
[build]    37 | NLOHMANN_JSON_NAMESPACE_BEGIN
[build]       | ^
[build] C:\Users\pperv\code\unnamed_rpg\vendor\json\include\nlohmann/detail/abi_macros.hpp(102,17): note: expanded from macro 'NLOHMANN_JSON_NAMESPACE_BEGIN'
[build]   102 |                 NLOHMANN_JSON_ABI_TAGS,              \
[build]       |                 ^
[build] C:\Users\pperv\code\unnamed_rpg\vendor\json\include\nlohmann/detail/abi_macros.hpp(65,5): note: expanded from macro 'NLOHMANN_JSON_ABI_TAGS'
[build]    65 |     NLOHMANN_JSON_ABI_TAGS_CONCAT(                                   \
[build]       |     ^
[build] C:\Users\pperv\code\unnamed_rpg\vendor\json\include\nlohmann/detail/abi_macros.hpp(62,39): note: expanded from macro 'NLOHMANN_JSON_ABI_TAGS_CONCAT'
[build]    62 |     NLOHMANN_JSON_ABI_TAGS_CONCAT_EX(a, b, c)
[build]       |                                       ^
[build] In file included from C:\Users\pperv\code\unnamed_rpg\vendor\json-schema-validator\src\json-patch.cpp:1:
[build] In file included from C:\Users\pperv\code\unnamed_rpg\vendor\json-schema-validator\src\json-patch.hpp:3:
[build] In file included from C:\Users\pperv\code\unnamed_rpg\vendor\json\include\nlohmann/json.hpp:50:
[build] C:\Users\pperv\code\unnamed_rpg\vendor\json\include\nlohmann/detail/input/binary_reader.hpp(37,1): warning: empty macro arguments are incompatible with C++98 [-Wc++98-compat-pedantic]
[build] C:\Users\pperv\code\unnamed_rpg\vendor\json\include\nlohmann/detail/abi_macros.hpp(102,17): note: expanded from macro 'NLOHMANN_JSON_NAMESPACE_BEGIN'
[build]   102 |                 NLOHMANN_JSON_ABI_TAGS,              \
[build]       |                 ^
[build] C:\Users\pperv\code\unnamed_rpg\vendor\json\include\nlohmann/detail/abi_macros.hpp(65,5): note: expanded from macro 'NLOHMANN_JSON_ABI_TAGS'
[build]    65 |     NLOHMANN_JSON_ABI_TAGS_CONCAT(                                   \
[build]       |     ^
[build] C:\Users\pperv\code\unnamed_rpg\vendor\json\include\nlohmann/detail/abi_macros.hpp(62,42): note: expanded from macro 'NLOHMANN_JSON_ABI_TAGS_CONCAT'
[build]    62 |     NLOHMANN_JSON_ABI_TAGS_CONCAT_EX(a, b, c)
[build]       |                                          ^
[build] In file included from C:\Users\pperv\code\unnamed_rpg\vendor\json-schema-validator\src\json-patch.cpp:1:
[build] In file included from C:\Users\pperv\code\unnamed_rpg\vendor\json-schema-validator\src\json-patch.hpp:3:
[build] In file included from C:\Users\pperv\code\unnamed_rpg\vendor\json\include\nlohmann/json.hpp:50:
[build] C:\Users\pperv\code\unnamed_rpg\vendor\json\include\nlohmann/detail/input/binary_reader.hpp(37,1): warning: empty macro arguments are incompatible with C++98 [-Wc++98-compat-pedantic]
[build] C:\Users\pperv\code\unnamed_rpg\vendor\json\include\nlohmann/detail/abi_macros.hpp(102,17): note: expanded from macro 'NLOHMANN_JSON_NAMESPACE_BEGIN'
[build]   102 |                 NLOHMANN_JSON_ABI_TAGS,              \
[build]       |                 ^
[build] C:\Users\pperv\code\unnamed_rpg\vendor\json\include\nlohmann/detail/abi_macros.hpp(65,5): note: expanded from macro 'NLOHMANN_JSON_ABI_TAGS'
[build]    65 |     NLOHMANN_JSON_ABI_TAGS_CONCAT(                                   \
[build]       |     ^
[build] C:\Users\pperv\code\unnamed_rpg\vendor\json\include\nlohmann/detail/abi_macros.hpp(62,45): note: expanded from macro 'NLOHMANN_JSON_ABI_TAGS_CONCAT'
[build]    62 |     NLOHMANN_JSON_ABI_TAGS_CONCAT_EX(a, b, c)
[build]       |                                             ^
[build] In file included from C:\Users\pperv\code\unnamed_rpg\vendor\json-schema-validator\src\json-patch.cpp:1:
[build] In file included from C:\Users\pperv\code\unnamed_rpg\vendor\json-schema-validator\src\json-patch.hpp:3:
[build] In file included from C:\Users\pperv\code\unnamed_rpg\vendor\json\include\nlohmann/json.hpp:50:
[build] C:\Users\pperv\code\unnamed_rpg\vendor\json\include\nlohmann/detail/input/binary_reader.hpp(37,1): warning: inline namespaces are incompatible with C++98 [-Wc++98-compat]
[build] C:\Users\pperv\code\unnamed_rpg\vendor\json\include\nlohmann/detail/abi_macros.hpp(101,5): note: expanded from macro 'NLOHMANN_JSON_NAMESPACE_BEGIN'
[build]   101 |     inline namespace NLOHMANN_JSON_NAMESPACE_CONCAT( \
[build]       |     ^
[build] In file included from C:\Users\pperv\code\unnamed_rpg\vendor\json-schema-validator\src\json-patch.cpp:1:
[build] In file included from C:\Users\pperv\code\unnamed_rpg\vendor\json-schema-validator\src\json-patch.hpp:3:
[build] In file included from C:\Users\pperv\code\unnamed_rpg\vendor\json\include\nlohmann/json.hpp:50:
[build] C:\Users\pperv\code\unnamed_rpg\vendor\json\include\nlohmann/detail/input/binary_reader.hpp(42,6): warning: scoped enumerations are incompatible with C++98 [-Wc++98-compat]
[build]    42 | enum class cbor_tag_handler_t
[build]       |      ^
[build] C:\Users\pperv\code\unnamed_rpg\vendor\json\include\nlohmann/detail/input/binary_reader.hpp(56,44): warning: noexcept specifications are incompatible with C++98 [-Wc++98-compat]
[build]    56 | inline bool little_endianness(int num = 1) noexcept
[build]       |                                            ^
[build] C:\Users\pperv\code\unnamed_rpg\vendor\json\include\nlohmann/detail/input/binary_reader.hpp(68,127): warning: consecutive right angle brackets are incompatible with C++98 (use '> >') [-Wc++98-compat]
[build]    68 | template<typename BasicJsonType, typename InputAdapterType, typename SAX = json_sax_dom_parser<BasicJsonType, InputAdapterType>>
[build]       |                                                                                                                               ^~
[build]       |                                                                                                                               > >
[build] C:\Users\pperv\code\unnamed_rpg\vendor\json\include\nlohmann/detail/input/binary_reader.hpp(71,30): warning: alias declarations are incompatible with C++98 [-Wc++98-compat]
[build]    71 |     using number_integer_t = typename BasicJsonType::number_integer_t;
[build]       |                              ^
[build] C:\Users\pperv\code\unnamed_rpg\vendor\json\include\nlohmann/detail/input/binary_reader.hpp(72,31): warning: alias declarations are incompatible with C++98 [-Wc++98-compat]
[build]    72 |     using number_unsigned_t = typename BasicJsonType::number_unsigned_t;
[build]       |                               ^
[build] C:\Users\pperv\code\unnamed_rpg\vendor\json\include\nlohmann/detail/input/binary_reader.hpp(73,28): warning: alias declarations are incompatible with C++98 [-Wc++98-compat]
[build]    73 |     using number_float_t = typename BasicJsonType::number_float_t;
[build]       |                            ^
[build] C:\Users\pperv\code\unnamed_rpg\vendor\json\include\nlohmann/detail/input/binary_reader.hpp(74,22): warning: alias declarations are incompatible with C++98 [-Wc++98-compat]
[build]    74 |     using string_t = typename BasicJsonType::string_t;
[build]       |                      ^
[build] C:\Users\pperv\code\unnamed_rpg\vendor\json\include\nlohmann/detail/input/binary_reader.hpp(75,22): warning: alias declarations are incompatible with C++98 [-Wc++98-compat]
[build]    75 |     using binary_t = typename BasicJsonType::binary_t;
[build]       |                      ^
[build] C:\Users\pperv\code\unnamed_rpg\vendor\json\include\nlohmann/detail/input/binary_reader.hpp(76,24): warning: alias declarations are incompatible with C++98 [-Wc++98-compat]
[build]    76 |     using json_sax_t = SAX;
[build]       |                        ^
[build] C:\Users\pperv\code\unnamed_rpg\vendor\json\include\nlohmann/detail/input/binary_reader.hpp(77,23): warning: alias declarations are incompatible with C++98 [-Wc++98-compat]
[build]    77 |     using char_type = typename InputAdapterType::char_type;
[build]       |                       ^
[build] C:\Users\pperv\code\unnamed_rpg\vendor\json\include\nlohmann/detail/input/binary_reader.hpp(78,27): warning: alias declarations are incompatible with C++98 [-Wc++98-compat]
[build]    78 |     using char_int_type = typename char_traits<char_type>::int_type;
[build]       |                           ^
[build] C:\Users\pperv\code\unnamed_rpg\vendor\json\include\nlohmann/detail/input/binary_reader.hpp(86,44): warning: rvalue references are incompatible with C++98 [-Wc++98-compat]
[build]    86 |     explicit binary_reader(InputAdapterType&& adapter, const input_format_t format = input_format_t::json) noexcept : ia(std::move(adapter)), input_format(format)
[build]       |                                            ^
[build] C:\Users\pperv\code\unnamed_rpg\vendor\json\include\nlohmann/detail/input/binary_reader.hpp(86,117): warning: noexcept specifications are incompatible with C++98 [-Wc++98-compat]
[build]    86 |     explicit binary_reader(InputAdapterType&& adapter, const input_format_t format = input_format_t::json) noexcept : ia(std::move(adapter)), input_format(format)
[build]       |                                                                                                                     ^
[build] C:\Users\pperv\code\unnamed_rpg\vendor\json\include\nlohmann/detail/input/binary_reader.hpp(92,43): warning: deleted function definitions are incompatible with C++98 [-Wc++98-compat]
[build]    92 |     binary_reader(const binary_reader&) = delete;
[build]       |                                           ^
[build] C:\Users\pperv\code\unnamed_rpg\vendor\json\include\nlohmann/detail/input/binary_reader.hpp(93,32): warning: rvalue references are incompatible with C++98 [-Wc++98-compat]
[build]    93 |     binary_reader(binary_reader&&) = default; // NOLINT(hicpp-noexcept-move,performance-noexcept-move-constructor)
[build]       |                                ^
[build] C:\Users\pperv\code\unnamed_rpg\vendor\json\include\nlohmann/detail/input/binary_reader.hpp(93,38): warning: defaulted function definitions are incompatible with C++98 [-Wc++98-compat]
[build]    93 |     binary_reader(binary_reader&&) = default; // NOLINT(hicpp-noexcept-move,performance-noexcept-move-constructor)
[build]       |                                      ^
[build] C:\Users\pperv\code\unnamed_rpg\vendor\json\include\nlohmann/detail/input/binary_reader.hpp(94,54): warning: deleted function definitions are incompatible with C++98 [-Wc++98-compat]
[build]    94 |     binary_reader& operator=(const binary_reader&) = delete;
[build]       |                                                      ^
[build] C:\Users\pperv\code\unnamed_rpg\vendor\json\include\nlohmann/detail/input/binary_reader.hpp(95,43): warning: rvalue references are incompatible with C++98 [-Wc++98-compat]
[build]    95 |     binary_reader& operator=(binary_reader&&) = default; // NOLINT(hicpp-noexcept-move,performance-noexcept-move-constructor)
[build]       |                                           ^
[build] C:\Users\pperv\code\unnamed_rpg\vendor\json\include\nlohmann/detail/input/binary_reader.hpp(95,49): warning: defaulted function definitions are incompatible with C++98 [-Wc++98-compat]
[build]    95 |     binary_reader& operator=(binary_reader&&) = default; // NOLINT(hicpp-noexcept-move,performance-noexcept-move-constructor)
[build]       |                                                 ^
[build] C:\Users\pperv\code\unnamed_rpg\vendor\json\include\nlohmann/detail/input/binary_reader.hpp(96,24): warning: defaulted function definitions are incompatible with C++98 [-Wc++98-compat]
[build]    96 |     ~binary_reader() = default;
[build]       |                        ^
[build] C:\Users\pperv\code\unnamed_rpg\vendor\json\include\nlohmann/detail/input/binary_reader.hpp(3022,40): warning: default template arguments for a function template are incompatible with C++98 [-Wc++98-compat]
[build]  3022 |     template<typename NumberType, bool InputIsLittleEndian = false>
[build]       |                                        ^                     ~~~~~
[build] C:\Users\pperv\code\unnamed_rpg\vendor\json\include\nlohmann/detail/input/binary_reader.hpp(3210,33): warning: 'constexpr' specifier is incompatible with C++98 [-Wc++98-compat]
[build]  3210 |     static JSON_INLINE_VARIABLE constexpr std::size_t npos = detail::unknown_size();
[build]       |                                 ^
[build] C:\Users\pperv\code\unnamed_rpg\vendor\json\include\nlohmann/detail/input/binary_reader.hpp(3216,27): warning: default member initializer for non-static data members is incompatible with C++98 [-Wc++98-compat]
[build]  3216 |     char_int_type current = char_traits<char_type>::eof();
[build]       |                           ^
[build] C:\Users\pperv\code\unnamed_rpg\vendor\json\include\nlohmann/detail/input/binary_reader.hpp(3219,28): warning: default member initializer for non-static data members is incompatible with C++98 [-Wc++98-compat]
[build]  3219 |     std::size_t chars_read = 0;
[build]       |                            ^
[build] C:\Users\pperv\code\unnamed_rpg\vendor\json\include\nlohmann/detail/input/binary_reader.hpp(3222,33): warning: default member initializer for non-static data members is incompatible with C++98 [-Wc++98-compat]
[build]  3222 |     const bool is_little_endian = little_endianness();
[build]       |                                 ^
[build] C:\Users\pperv\code\unnamed_rpg\vendor\json\include\nlohmann/detail/input/binary_reader.hpp(3225,39): warning: default member initializer for non-static data members is incompatible with C++98 [-Wc++98-compat]
[build]  3225 |     const input_format_t input_format = input_format_t::json;
[build]       |                                       ^
[build] C:\Users\pperv\code\unnamed_rpg\vendor\json\include\nlohmann/detail/input/binary_reader.hpp(3228,21): warning: default member initializer for non-static data members is incompatible with C++98 [-Wc++98-compat]
[build]  3228 |     json_sax_t* sax = nullptr;
[build]       |                     ^
[build] C:\Users\pperv\code\unnamed_rpg\vendor\json\include\nlohmann/detail/input/binary_reader.hpp(3252,11): warning: 'decltype' type specifier is incompatible with C++98 [-Wc++98-compat]
[build]  3252 |     const decltype(JSON_BINARY_READER_MAKE_BJD_OPTIMIZED_TYPE_MARKERS_) bjd_optimized_type_markers =
[build]       |           ^
[build] C:\Users\pperv\code\unnamed_rpg\vendor\json\include\nlohmann/detail/input/binary_reader.hpp(3252,100): warning: default member initializer for non-static data members is incompatible with C++98 [-Wc++98-compat]
[build]  3252 |     const decltype(JSON_BINARY_READER_MAKE_BJD_OPTIMIZED_TYPE_MARKERS_) bjd_optimized_type_markers =
[build]       |                                                                                                    ^
[build] C:\Users\pperv\code\unnamed_rpg\vendor\json\include\nlohmann/detail/input/binary_reader.hpp(3255,22): warning: alias declarations are incompatible with C++98 [-Wc++98-compat]
[build]  3255 |     using bjd_type = std::pair<char_int_type, string_t>;
[build]       |                      ^
[build] C:\Users\pperv\code\unnamed_rpg\vendor\json\include\nlohmann/detail/input/binary_reader.hpp(3257,11): warning: 'decltype' type specifier is incompatible with C++98 [-Wc++98-compat]
[build]  3257 |     const decltype(JSON_BINARY_READER_MAKE_BJD_TYPES_MAP_) bjd_types_map =
[build]       |           ^
[build] C:\Users\pperv\code\unnamed_rpg\vendor\json\include\nlohmann/detail/input/binary_reader.hpp(3257,20): warning: generalized initializer lists are incompatible with C++98 [-Wc++98-compat]
[build]  3257 |     const decltype(JSON_BINARY_READER_MAKE_BJD_TYPES_MAP_) bjd_types_map =
[build]       |                    ^
[build] C:\Users\pperv\code\unnamed_rpg\vendor\json\include\nlohmann/detail/input/binary_reader.hpp(3236,13): note: expanded from macro 'JSON_BINARY_READER_MAKE_BJD_TYPES_MAP_'
[build]  3236 |     bjd_type{'B', "byte"},                     \
[build]       |             ^
[build] C:\Users\pperv\code\unnamed_rpg\vendor\json\include\nlohmann/detail/input/binary_reader.hpp(3257,20): warning: generalized initializer lists are incompatible with C++98 [-Wc++98-compat]
[build] C:\Users\pperv\code\unnamed_rpg\vendor\json\include\nlohmann/detail/input/binary_reader.hpp(3237,13): note: expanded from macro 'JSON_BINARY_READER_MAKE_BJD_TYPES_MAP_'
[build]  3237 |     bjd_type{'C', "char"},                     \
[build]       |             ^
[build] C:\Users\pperv\code\unnamed_rpg\vendor\json\include\nlohmann/detail/input/binary_reader.hpp(3257,20): warning: generalized initializer lists are incompatible with C++98 [-Wc++98-compat]
[build] C:\Users\pperv\code\unnamed_rpg\vendor\json\include\nlohmann/detail/input/binary_reader.hpp(3238,13): note: expanded from macro 'JSON_BINARY_READER_MAKE_BJD_TYPES_MAP_'
[build]  3238 |     bjd_type{'D', "double"},                   \
[build]       |             ^
[build] C:\Users\pperv\code\unnamed_rpg\vendor\json\include\nlohmann/detail/input/binary_reader.hpp(3257,20): warning: generalized initializer lists are incompatible with C++98 [-Wc++98-compat]
[build] C:\Users\pperv\code\unnamed_rpg\vendor\json\include\nlohmann/detail/input/binary_reader.hpp(3239,13): note: expanded from macro 'JSON_BINARY_READER_MAKE_BJD_TYPES_MAP_'
[build]  3239 |     bjd_type{'I', "int16"},                    \
[build]       |             ^
[build] C:\Users\pperv\code\unnamed_rpg\vendor\json\include\nlohmann/detail/input/binary_reader.hpp(3257,20): warning: generalized initializer lists are incompatible with C++98 [-Wc++98-compat]
[build] C:\Users\pperv\code\unnamed_rpg\vendor\json\include\nlohmann/detail/input/binary_reader.hpp(3240,13): note: expanded from macro 'JSON_BINARY_READER_MAKE_BJD_TYPES_MAP_'
[build]  3240 |     bjd_type{'L', "int64"},                    \
[build]       |             ^
[build] C:\Users\pperv\code\unnamed_rpg\vendor\json\include\nlohmann/detail/input/binary_reader.hpp(3257,20): warning: generalized initializer lists are incompatible with C++98 [-Wc++98-compat]
[build] C:\Users\pperv\code\unnamed_rpg\vendor\json\include\nlohmann/detail/input/binary_reader.hpp(3241,13): note: expanded from macro 'JSON_BINARY_READER_MAKE_BJD_TYPES_MAP_'
[build]  3241 |     bjd_type{'M', "uint64"},                   \
[build]       |             ^
[build] C:\Users\pperv\code\unnamed_rpg\vendor\json\include\nlohmann/detail/input/binary_reader.hpp(3257,20): warning: generalized initializer lists are incompatible with C++98 [-Wc++98-compat]
[build] C:\Users\pperv\code\unnamed_rpg\vendor\json\include\nlohmann/detail/input/binary_reader.hpp(3242,13): note: expanded from macro 'JSON_BINARY_READER_MAKE_BJD_TYPES_MAP_'
[build]  3242 |     bjd_type{'U', "uint8"},                    \
[build]       |             ^
[build] C:\Users\pperv\code\unnamed_rpg\vendor\json\include\nlohmann/detail/input/binary_reader.hpp(3257,20): warning: generalized initializer lists are incompatible with C++98 [-Wc++98-compat]
[build] C:\Users\pperv\code\unnamed_rpg\vendor\json\include\nlohmann/detail/input/binary_reader.hpp(3243,13): note: expanded from macro 'JSON_BINARY_READER_MAKE_BJD_TYPES_MAP_'
[build]  3243 |     bjd_type{'d', "single"},                   \
[build]       |             ^
[build] C:\Users\pperv\code\unnamed_rpg\vendor\json\include\nlohmann/detail/input/binary_reader.hpp(3257,20): warning: generalized initializer lists are incompatible with C++98 [-Wc++98-compat]
[build] C:\Users\pperv\code\unnamed_rpg\vendor\json\include\nlohmann/detail/input/binary_reader.hpp(3244,13): note: expanded from macro 'JSON_BINARY_READER_MAKE_BJD_TYPES_MAP_'
[build]  3244 |     bjd_type{'i', "int8"},                     \
[build]       |             ^
[build] C:\Users\pperv\code\unnamed_rpg\vendor\json\include\nlohmann/detail/input/binary_reader.hpp(3257,20): warning: generalized initializer lists are incompatible with C++98 [-Wc++98-compat]
[build] C:\Users\pperv\code\unnamed_rpg\vendor\json\include\nlohmann/detail/input/binary_reader.hpp(3245,13): note: expanded from macro 'JSON_BINARY_READER_MAKE_BJD_TYPES_MAP_'
[build]  3245 |     bjd_type{'l', "int32"},                    \
[build]       |             ^
[build] C:\Users\pperv\code\unnamed_rpg\vendor\json\include\nlohmann/detail/input/binary_reader.hpp(3257,20): warning: generalized initializer lists are incompatible with C++98 [-Wc++98-compat]
[build] C:\Users\pperv\code\unnamed_rpg\vendor\json\include\nlohmann/detail/input/binary_reader.hpp(3246,13): note: expanded from macro 'JSON_BINARY_READER_MAKE_BJD_TYPES_MAP_'
[build]  3246 |     bjd_type{'m', "uint32"},                   \
[build]       |             ^
[build] C:\Users\pperv\code\unnamed_rpg\vendor\json\include\nlohmann/detail/input/binary_reader.hpp(3257,20): warning: generalized initializer lists are incompatible with C++98 [-Wc++98-compat]
[build] C:\Users\pperv\code\unnamed_rpg\vendor\json\include\nlohmann/detail/input/binary_reader.hpp(3247,13): note: expanded from macro 'JSON_BINARY_READER_MAKE_BJD_TYPES_MAP_'
[build]  3247 |     bjd_type{'u', "uint16"})
[build]       |             ^
[build] C:\Users\pperv\code\unnamed_rpg\vendor\json\include\nlohmann/detail/input/binary_reader.hpp(3257,74): warning: default member initializer for non-static data members is incompatible with C++98 [-Wc++98-compat]
[build]  3257 |     const decltype(JSON_BINARY_READER_MAKE_BJD_TYPES_MAP_) bjd_types_map =
[build]       |                                                                          ^
[build] C:\Users\pperv\code\unnamed_rpg\vendor\json\include\nlohmann/detail/input/binary_reader.hpp(86,86): warning: enumeration type in nested name specifier is incompatible with C++98 [-Wc++98-compat]
[build]    86 |     explicit binary_reader(InputAdapterType&& adapter, const input_format_t format = input_format_t::json) noexcept : ia(std::move(adapter)), input_format(format)
[build]       |                                                                                      ^
[build] C:\Users\pperv\code\unnamed_rpg\vendor\json\include\nlohmann/detail/input/binary_reader.hpp(110,59): warning: enumeration type in nested name specifier is incompatible with C++98 [-Wc++98-compat]
[build]   110 |                    const cbor_tag_handler_t tag_handler = cbor_tag_handler_t::error)
[build]       |                                                           ^
[build] C:\Users\pperv\code\unnamed_rpg\vendor\json\include\nlohmann/detail/input/binary_reader.hpp(3225,41): warning: enumeration type in nested name specifier is incompatible with C++98 [-Wc++98-compat]
[build]  3225 |     const input_format_t input_format = input_format_t::json;
[build]       |                                         ^
[build] C:\Users\pperv\code\unnamed_rpg\vendor\json\include\nlohmann/detail/input/binary_reader.hpp(3228,23): warning: 'nullptr' is incompatible with C++98 [-Wc++98-compat]
[build]  3228 |     json_sax_t* sax = nullptr;
[build]       |                       ^
[build] C:\Users\pperv\code\unnamed_rpg\vendor\json\include\nlohmann/detail/input/binary_reader.hpp(3258,9): warning: generalized initializer lists are incompatible with C++98 [-Wc++98-compat]
[build]  3258 |         JSON_BINARY_READER_MAKE_BJD_TYPES_MAP_;
[build]       |         ^
[build] C:\Users\pperv\code\unnamed_rpg\vendor\json\include\nlohmann/detail/input/binary_reader.hpp(3236,13): note: expanded from macro 'JSON_BINARY_READER_MAKE_BJD_TYPES_MAP_'
[build]  3236 |     bjd_type{'B', "byte"},                     \
[build]       |             ^
[build] C:\Users\pperv\code\unnamed_rpg\vendor\json\include\nlohmann/detail/input/binary_reader.hpp(3258,9): warning: generalized initializer lists are incompatible with C++98 [-Wc++98-compat]
[build] C:\Users\pperv\code\unnamed_rpg\vendor\json\include\nlohmann/detail/input/binary_reader.hpp(3237,13): note: expanded from macro 'JSON_BINARY_READER_MAKE_BJD_TYPES_MAP_'
[build]  3237 |     bjd_type{'C', "char"},                     \
[build]       |             ^
[build] C:\Users\pperv\code\unnamed_rpg\vendor\json\include\nlohmann/detail/input/binary_reader.hpp(3258,9): warning: generalized initializer lists are incompatible with C++98 [-Wc++98-compat]
[build] C:\Users\pperv\code\unnamed_rpg\vendor\json\include\nlohmann/detail/input/binary_reader.hpp(3238,13): note: expanded from macro 'JSON_BINARY_READER_MAKE_BJD_TYPES_MAP_'
[build]  3238 |     bjd_type{'D', "double"},                   \
[build]       |             ^
[build] C:\Users\pperv\code\unnamed_rpg\vendor\json\include\nlohmann/detail/input/binary_reader.hpp(3258,9): warning: generalized initializer lists are incompatible with C++98 [-Wc++98-compat]
[build] C:\Users\pperv\code\unnamed_rpg\vendor\json\include\nlohmann/detail/input/binary_reader.hpp(3239,13): note: expanded from macro 'JSON_BINARY_READER_MAKE_BJD_TYPES_MAP_'
[build]  3239 |     bjd_type{'I', "int16"},                    \
[build]       |             ^
[build] C:\Users\pperv\code\unnamed_rpg\vendor\json\include\nlohmann/detail/input/binary_reader.hpp(3258,9): warning: generalized initializer lists are incompatible with C++98 [-Wc++98-compat]
[build] C:\Users\pperv\code\unnamed_rpg\vendor\json\include\nlohmann/detail/input/binary_reader.hpp(3240,13): note: expanded from macro 'JSON_BINARY_READER_MAKE_BJD_TYPES_MAP_'
[build]  3240 |     bjd_type{'L', "int64"},                    \
[build]       |             ^
[build] C:\Users\pperv\code\unnamed_rpg\vendor\json\include\nlohmann/detail/input/binary_reader.hpp(3258,9): warning: generalized initializer lists are incompatible with C++98 [-Wc++98-compat]
[build] C:\Users\pperv\code\unnamed_rpg\vendor\json\include\nlohmann/detail/input/binary_reader.hpp(3241,13): note: expanded from macro 'JSON_BINARY_READER_MAKE_BJD_TYPES_MAP_'
[build]  3241 |     bjd_type{'M', "uint64"},                   \
[build]       |             ^
[build] C:\Users\pperv\code\unnamed_rpg\vendor\json\include\nlohmann/detail/input/binary_reader.hpp(3258,9): warning: generalized initializer lists are incompatible with C++98 [-Wc++98-compat]
[build] C:\Users\pperv\code\unnamed_rpg\vendor\json\include\nlohmann/detail/input/binary_reader.hpp(3242,13): note: expanded from macro 'JSON_BINARY_READER_MAKE_BJD_TYPES_MAP_'
[build]  3242 |     bjd_type{'U', "uint8"},                    \
[build]       |             ^
[build] C:\Users\pperv\code\unnamed_rpg\vendor\json\include\nlohmann/detail/input/binary_reader.hpp(3258,9): warning: generalized initializer lists are incompatible with C++98 [-Wc++98-compat]
[build] C:\Users\pperv\code\unnamed_rpg\vendor\json\include\nlohmann/detail/input/binary_reader.hpp(3243,13): note: expanded from macro 'JSON_BINARY_READER_MAKE_BJD_TYPES_MAP_'
[build]  3243 |     bjd_type{'d', "single"},                   \
[build]       |             ^
[build] C:\Users\pperv\code\unnamed_rpg\vendor\json\include\nlohmann/detail/input/binary_reader.hpp(3258,9): warning: generalized initializer lists are incompatible with C++98 [-Wc++98-compat]
[build] C:\Users\pperv\code\unnamed_rpg\vendor\json\include\nlohmann/detail/input/binary_reader.hpp(3244,13): note: expanded from macro 'JSON_BINARY_READER_MAKE_BJD_TYPES_MAP_'
[build]  3244 |     bjd_type{'i', "int8"},                     \
[build]       |             ^
[build] C:\Users\pperv\code\unnamed_rpg\vendor\json\include\nlohmann/detail/input/binary_reader.hpp(3258,9): warning: generalized initializer lists are incompatible with C++98 [-Wc++98-compat]
[build] C:\Users\pperv\code\unnamed_rpg\vendor\json\include\nlohmann/detail/input/binary_reader.hpp(3245,13): note: expanded from macro 'JSON_BINARY_READER_MAKE_BJD_TYPES_MAP_'
[build]  3245 |     bjd_type{'l', "int32"},                    \
[build]       |             ^
[build] C:\Users\pperv\code\unnamed_rpg\vendor\json\include\nlohmann/detail/input/binary_reader.hpp(3258,9): warning: generalized initializer lists are incompatible with C++98 [-Wc++98-compat]
[build] C:\Users\pperv\code\unnamed_rpg\vendor\json\include\nlohmann/detail/input/binary_reader.hpp(3246,13): note: expanded from macro 'JSON_BINARY_READER_MAKE_BJD_TYPES_MAP_'
[build]  3246 |     bjd_type{'m', "uint32"},                   \
[build]       |             ^
[build] C:\Users\pperv\code\unnamed_rpg\vendor\json\include\nlohmann/detail/input/binary_reader.hpp(3258,9): warning: generalized initializer lists are incompatible with C++98 [-Wc++98-compat]
[build] C:\Users\pperv\code\unnamed_rpg\vendor\json\include\nlohmann/detail/input/binary_reader.hpp(3247,13): note: expanded from macro 'JSON_BINARY_READER_MAKE_BJD_TYPES_MAP_'
[build]  3247 |     bjd_type{'u', "uint16"})
[build]       |             ^
[build] C:\Users\pperv\code\unnamed_rpg\vendor\json\include\nlohmann/detail/input/binary_reader.hpp(3266,5): warning: 'constexpr' specifier is incompatible with C++98 [-Wc++98-compat]
[build]  3266 |     constexpr std::size_t binary_reader<BasicJsonType, InputAdapterType, SAX>::npos;
[build]       |     ^
[build] C:\Users\pperv\code\unnamed_rpg\vendor\json\include\nlohmann/detail/input/binary_reader.hpp(3266,80): warning: out-of-line definition of constexpr static data member is redundant in C++17 and is deprecated [-Wdeprecated-redundant-constexpr-static-def]
[build]  3266 |     constexpr std::size_t binary_reader<BasicJsonType, InputAdapterType, SAX>::npos;
[build]       |                                                                                ^
[build] In file included from C:\Users\pperv\code\unnamed_rpg\vendor\json-schema-validator\src\json-patch.cpp:1:
[build] In file included from C:\Users\pperv\code\unnamed_rpg\vendor\json-schema-validator\src\json-patch.hpp:3:
[build] In file included from C:\Users\pperv\code\unnamed_rpg\vendor\json\include\nlohmann/json.hpp:53:
[build] C:\Users\pperv\code\unnamed_rpg\vendor\json\include\nlohmann/detail/input/parser.hpp(27,1): warning: empty macro arguments are incompatible with C++98 [-Wc++98-compat-pedantic]
[build]    27 | NLOHMANN_JSON_NAMESPACE_BEGIN
[build]       | ^
[build] C:\Users\pperv\code\unnamed_rpg\vendor\json\include\nlohmann/detail/abi_macros.hpp(102,17): note: expanded from macro 'NLOHMANN_JSON_NAMESPACE_BEGIN'
[build]   102 |                 NLOHMANN_JSON_ABI_TAGS,              \
[build]       |                 ^
[build] C:\Users\pperv\code\unnamed_rpg\vendor\json\include\nlohmann/detail/abi_macros.hpp(65,5): note: expanded from macro 'NLOHMANN_JSON_ABI_TAGS'
[build]    65 |     NLOHMANN_JSON_ABI_TAGS_CONCAT(                                   \
[build]       |     ^
[build] C:\Users\pperv\code\unnamed_rpg\vendor\json\include\nlohmann/detail/abi_macros.hpp(62,39): note: expanded from macro 'NLOHMANN_JSON_ABI_TAGS_CONCAT'
[build]    62 |     NLOHMANN_JSON_ABI_TAGS_CONCAT_EX(a, b, c)
[build]       |                                       ^
[build] In file included from C:\Users\pperv\code\unnamed_rpg\vendor\json-schema-validator\src\json-patch.cpp:1:
[build] In file included from C:\Users\pperv\code\unnamed_rpg\vendor\json-schema-validator\src\json-patch.hpp:3:
[build] In file included from C:\Users\pperv\code\unnamed_rpg\vendor\json\include\nlohmann/json.hpp:53:
[build] C:\Users\pperv\code\unnamed_rpg\vendor\json\include\nlohmann/detail/input/parser.hpp(27,1): warning: empty macro arguments are incompatible with C++98 [-Wc++98-compat-pedantic]
[build] C:\Users\pperv\code\unnamed_rpg\vendor\json\include\nlohmann/detail/abi_macros.hpp(102,17): note: expanded from macro 'NLOHMANN_JSON_NAMESPACE_BEGIN'
[build]   102 |                 NLOHMANN_JSON_ABI_TAGS,              \
[build]       |                 ^
[build] C:\Users\pperv\code\unnamed_rpg\vendor\json\include\nlohmann/detail/abi_macros.hpp(65,5): note: expanded from macro 'NLOHMANN_JSON_ABI_TAGS'
[build]    65 |     NLOHMANN_JSON_ABI_TAGS_CONCAT(                                   \
[build]       |     ^
[build] C:\Users\pperv\code\unnamed_rpg\vendor\json\include\nlohmann/detail/abi_macros.hpp(62,42): note: expanded from macro 'NLOHMANN_JSON_ABI_TAGS_CONCAT'
[build]    62 |     NLOHMANN_JSON_ABI_TAGS_CONCAT_EX(a, b, c)
[build]       |                                          ^
[build] In file included from C:\Users\pperv\code\unnamed_rpg\vendor\json-schema-validator\src\json-patch.cpp:1:
[build] In file included from C:\Users\pperv\code\unnamed_rpg\vendor\json-schema-validator\src\json-patch.hpp:3:
[build] In file included from C:\Users\pperv\code\unnamed_rpg\vendor\json\include\nlohmann/json.hpp:53:
[build] C:\Users\pperv\code\unnamed_rpg\vendor\json\include\nlohmann/detail/input/parser.hpp(27,1): warning: empty macro arguments are incompatible with C++98 [-Wc++98-compat-pedantic]
[build] C:\Users\pperv\code\unnamed_rpg\vendor\json\include\nlohmann/detail/abi_macros.hpp(102,17): note: expanded from macro 'NLOHMANN_JSON_NAMESPACE_BEGIN'
[build]   102 |                 NLOHMANN_JSON_ABI_TAGS,              \
[build]       |                 ^
[build] C:\Users\pperv\code\unnamed_rpg\vendor\json\include\nlohmann/detail/abi_macros.hpp(65,5): note: expanded from macro 'NLOHMANN_JSON_ABI_TAGS'
[build]    65 |     NLOHMANN_JSON_ABI_TAGS_CONCAT(                                   \
[build]       |     ^
[build] C:\Users\pperv\code\unnamed_rpg\vendor\json\include\nlohmann/detail/abi_macros.hpp(62,45): note: expanded from macro 'NLOHMANN_JSON_ABI_TAGS_CONCAT'
[build]    62 |     NLOHMANN_JSON_ABI_TAGS_CONCAT_EX(a, b, c)
[build]       |                                             ^
[build] In file included from C:\Users\pperv\code\unnamed_rpg\vendor\json-schema-validator\src\json-patch.cpp:1:
[build] In file included from C:\Users\pperv\code\unnamed_rpg\vendor\json-schema-validator\src\json-patch.hpp:3:
[build] In file included from C:\Users\pperv\code\unnamed_rpg\vendor\json\include\nlohmann/json.hpp:53:
[build] C:\Users\pperv\code\unnamed_rpg\vendor\json\include\nlohmann/detail/input/parser.hpp(27,1): warning: inline namespaces are incompatible with C++98 [-Wc++98-compat]
[build] C:\Users\pperv\code\unnamed_rpg\vendor\json\include\nlohmann/detail/abi_macros.hpp(101,5): note: expanded from macro 'NLOHMANN_JSON_NAMESPACE_BEGIN'
[build]   101 |     inline namespace NLOHMANN_JSON_NAMESPACE_CONCAT( \
[build]       |     ^
[build] In file included from C:\Users\pperv\code\unnamed_rpg\vendor\json-schema-validator\src\json-patch.cpp:1:
[build] In file included from C:\Users\pperv\code\unnamed_rpg\vendor\json-schema-validator\src\json-patch.hpp:3:
[build] In file included from C:\Users\pperv\code\unnamed_rpg\vendor\json\include\nlohmann/json.hpp:53:
[build] C:\Users\pperv\code\unnamed_rpg\vendor\json\include\nlohmann/detail/input/parser.hpp(34,6): warning: scoped enumerations are incompatible with C++98 [-Wc++98-compat]
[build]    34 | enum class parse_event_t : std::uint8_t
[build]       |      ^
[build] C:\Users\pperv\code\unnamed_rpg\vendor\json\include\nlohmann/detail/input/parser.hpp(34,26): warning: enumeration types with a fixed underlying type are incompatible with C++98 [-Wc++98-compat]
[build]    34 | enum class parse_event_t : std::uint8_t
[build]       |                          ^~~~~~~~~~~~~~
[build] C:\Users\pperv\code\unnamed_rpg\vendor\json\include\nlohmann/detail/input/parser.hpp(52,5): warning: alias declarations are incompatible with C++98 [-Wc++98-compat]
[build]    52 |     std::function<bool(int /*depth*/, parse_event_t /*event*/, BasicJsonType& /*parsed*/)>;
[build]       |     ^
[build] C:\Users\pperv\code\unnamed_rpg\vendor\json\include\nlohmann/detail/input/parser.hpp(62,30): warning: alias declarations are incompatible with C++98 [-Wc++98-compat]
[build]    62 |     using number_integer_t = typename BasicJsonType::number_integer_t;
[build]       |                              ^
[build] C:\Users\pperv\code\unnamed_rpg\vendor\json\include\nlohmann/detail/input/parser.hpp(63,31): warning: alias declarations are incompatible with C++98 [-Wc++98-compat]
[build]    63 |     using number_unsigned_t = typename BasicJsonType::number_unsigned_t;
[build]       |                               ^
[build] C:\Users\pperv\code\unnamed_rpg\vendor\json\include\nlohmann/detail/input/parser.hpp(64,28): warning: alias declarations are incompatible with C++98 [-Wc++98-compat]
[build]    64 |     using number_float_t = typename BasicJsonType::number_float_t;
[build]       |                            ^
[build] C:\Users\pperv\code\unnamed_rpg\vendor\json\include\nlohmann/detail/input/parser.hpp(65,22): warning: alias declarations are incompatible with C++98 [-Wc++98-compat]
[build]    65 |     using string_t = typename BasicJsonType::string_t;
[build]       |                      ^
[build] C:\Users\pperv\code\unnamed_rpg\vendor\json\include\nlohmann/detail/input/parser.hpp(66,21): warning: alias declarations are incompatible with C++98 [-Wc++98-compat]
[build]    66 |     using lexer_t = lexer<BasicJsonType, InputAdapterType>;
[build]       |                     ^
[build] C:\Users\pperv\code\unnamed_rpg\vendor\json\include\nlohmann/detail/input/parser.hpp(67,24): warning: alias declarations are incompatible with C++98 [-Wc++98-compat]
[build]    67 |     using token_type = typename lexer_t::token_type;
[build]       |                        ^
[build] C:\Users\pperv\code\unnamed_rpg\vendor\json\include\nlohmann/detail/input/parser.hpp(71,37): warning: rvalue references are incompatible with C++98 [-Wc++98-compat]
[build]    71 |     explicit parser(InputAdapterType&& adapter,
[build]       |                                     ^
[build] C:\Users\pperv\code\unnamed_rpg\vendor\json\include\nlohmann/detail/input/parser.hpp(524,53): warning: default member initializer for non-static data members is incompatible with C++98 [-Wc++98-compat]
[build]   524 |     const parser_callback_t<BasicJsonType> callback = nullptr;
[build]       |                                                     ^
[build] C:\Users\pperv\code\unnamed_rpg\vendor\json\include\nlohmann/detail/input/parser.hpp(526,27): warning: default member initializer for non-static data members is incompatible with C++98 [-Wc++98-compat]
[build]   526 |     token_type last_token = token_type::uninitialized;
[build]       |                           ^
[build] C:\Users\pperv\code\unnamed_rpg\vendor\json\include\nlohmann/detail/input/parser.hpp(530,33): warning: default member initializer for non-static data members is incompatible with C++98 [-Wc++98-compat]
[build]   530 |     const bool allow_exceptions = true;
[build]       |                                 ^
[build] C:\Users\pperv\code\unnamed_rpg\vendor\json\include\nlohmann/detail/input/parser.hpp(532,39): warning: default member initializer for non-static data members is incompatible with C++98 [-Wc++98-compat]
[build]   532 |     const bool ignore_trailing_commas = false;
[build]       |                                       ^
[build] C:\Users\pperv\code\unnamed_rpg\vendor\json\include\nlohmann/detail/input/parser.hpp(72,59): warning: 'nullptr' is incompatible with C++98 [-Wc++98-compat]
[build]    72 |                     parser_callback_t<BasicJsonType> cb = nullptr,
[build]       |                                                           ^
[build] C:\Users\pperv\code\unnamed_rpg\vendor\json\include\nlohmann/detail/input/parser.hpp(524,55): warning: 'nullptr' is incompatible with C++98 [-Wc++98-compat]
[build]   524 |     const parser_callback_t<BasicJsonType> callback = nullptr;
[build]       |                                                       ^
[build] In file included from C:\Users\pperv\code\unnamed_rpg\vendor\json-schema-validator\src\json-patch.cpp:1:
[build] In file included from C:\Users\pperv\code\unnamed_rpg\vendor\json-schema-validator\src\json-patch.hpp:3:
[build] In file included from C:\Users\pperv\code\unnamed_rpg\vendor\json\include\nlohmann/json.hpp:54:
[build] In file included from C:\Users\pperv\code\unnamed_rpg\vendor\json\include\nlohmann/detail/iterators/internal_iterator.hpp:12:
[build] C:\Users\pperv\code\unnamed_rpg\vendor\json\include\nlohmann/detail/iterators/primitive_iterator.hpp(16,1): warning: empty macro arguments are incompatible with C++98 [-Wc++98-compat-pedantic]
[build]    16 | NLOHMANN_JSON_NAMESPACE_BEGIN
[build]       | ^
[build] C:\Users\pperv\code\unnamed_rpg\vendor\json\include\nlohmann/detail/abi_macros.hpp(102,17): note: expanded from macro 'NLOHMANN_JSON_NAMESPACE_BEGIN'
[build]   102 |                 NLOHMANN_JSON_ABI_TAGS,              \
[build]       |                 ^
[build] C:\Users\pperv\code\unnamed_rpg\vendor\json\include\nlohmann/detail/abi_macros.hpp(65,5): note: expanded from macro 'NLOHMANN_JSON_ABI_TAGS'
[build]    65 |     NLOHMANN_JSON_ABI_TAGS_CONCAT(                                   \
[build]       |     ^
[build] C:\Users\pperv\code\unnamed_rpg\vendor\json\include\nlohmann/detail/abi_macros.hpp(62,39): note: expanded from macro 'NLOHMANN_JSON_ABI_TAGS_CONCAT'
[build]    62 |     NLOHMANN_JSON_ABI_TAGS_CONCAT_EX(a, b, c)
[build]       |                                       ^
[build] In file included from C:\Users\pperv\code\unnamed_rpg\vendor\json-schema-validator\src\json-patch.cpp:1:
[build] In file included from C:\Users\pperv\code\unnamed_rpg\vendor\json-schema-validator\src\json-patch.hpp:3:
[build] In file included from C:\Users\pperv\code\unnamed_rpg\vendor\json\include\nlohmann/json.hpp:54:
[build] In file included from C:\Users\pperv\code\unnamed_rpg\vendor\json\include\nlohmann/detail/iterators/internal_iterator.hpp:12:
[build] C:\Users\pperv\code\unnamed_rpg\vendor\json\include\nlohmann/detail/iterators/primitive_iterator.hpp(16,1): warning: empty macro arguments are incompatible with C++98 [-Wc++98-compat-pedantic]
[build] C:\Users\pperv\code\unnamed_rpg\vendor\json\include\nlohmann/detail/abi_macros.hpp(102,17): note: expanded from macro 'NLOHMANN_JSON_NAMESPACE_BEGIN'
[build]   102 |                 NLOHMANN_JSON_ABI_TAGS,              \
[build]       |                 ^
[build] C:\Users\pperv\code\unnamed_rpg\vendor\json\include\nlohmann/detail/abi_macros.hpp(65,5): note: expanded from macro 'NLOHMANN_JSON_ABI_TAGS'
[build]    65 |     NLOHMANN_JSON_ABI_TAGS_CONCAT(                                   \
[build]       |     ^
[build] C:\Users\pperv\code\unnamed_rpg\vendor\json\include\nlohmann/detail/abi_macros.hpp(62,42): note: expanded from macro 'NLOHMANN_JSON_ABI_TAGS_CONCAT'
[build]    62 |     NLOHMANN_JSON_ABI_TAGS_CONCAT_EX(a, b, c)
[build]       |                                          ^
[build] In file included from C:\Users\pperv\code\unnamed_rpg\vendor\json-schema-validator\src\json-patch.cpp:1:
[build] In file included from C:\Users\pperv\code\unnamed_rpg\vendor\json-schema-validator\src\json-patch.hpp:3:
[build] In file included from C:\Users\pperv\code\unnamed_rpg\vendor\json\include\nlohmann/json.hpp:54:
[build] In file included from C:\Users\pperv\code\unnamed_rpg\vendor\json\include\nlohmann/detail/iterators/internal_iterator.hpp:12:
[build] C:\Users\pperv\code\unnamed_rpg\vendor\json\include\nlohmann/detail/iterators/primitive_iterator.hpp(16,1): warning: empty macro arguments are incompatible with C++98 [-Wc++98-compat-pedantic]
[build] C:\Users\pperv\code\unnamed_rpg\vendor\json\include\nlohmann/detail/abi_macros.hpp(102,17): note: expanded from macro 'NLOHMANN_JSON_NAMESPACE_BEGIN'
[build]   102 |                 NLOHMANN_JSON_ABI_TAGS,              \
[build]       |                 ^
[build] C:\Users\pperv\code\unnamed_rpg\vendor\json\include\nlohmann/detail/abi_macros.hpp(65,5): note: expanded from macro 'NLOHMANN_JSON_ABI_TAGS'
[build]    65 |     NLOHMANN_JSON_ABI_TAGS_CONCAT(                                   \
[build]       |     ^
[build] C:\Users\pperv\code\unnamed_rpg\vendor\json\include\nlohmann/detail/abi_macros.hpp(62,45): note: expanded from macro 'NLOHMANN_JSON_ABI_TAGS_CONCAT'
[build]    62 |     NLOHMANN_JSON_ABI_TAGS_CONCAT_EX(a, b, c)
[build]       |                                             ^
[build] In file included from C:\Users\pperv\code\unnamed_rpg\vendor\json-schema-validator\src\json-patch.cpp:1:
[build] In file included from C:\Users\pperv\code\unnamed_rpg\vendor\json-schema-validator\src\json-patch.hpp:3:
[build] In file included from C:\Users\pperv\code\unnamed_rpg\vendor\json\include\nlohmann/json.hpp:54:
[build] In file included from C:\Users\pperv\code\unnamed_rpg\vendor\json\include\nlohmann/detail/iterators/internal_iterator.hpp:12:
[build] C:\Users\pperv\code\unnamed_rpg\vendor\json\include\nlohmann/detail/iterators/primitive_iterator.hpp(16,1): warning: inline namespaces are incompatible with C++98 [-Wc++98-compat]
[build] C:\Users\pperv\code\unnamed_rpg\vendor\json\include\nlohmann/detail/abi_macros.hpp(101,5): note: expanded from macro 'NLOHMANN_JSON_NAMESPACE_BEGIN'
[build]   101 |     inline namespace NLOHMANN_JSON_NAMESPACE_CONCAT( \
[build]       |     ^
[build] In file included from C:\Users\pperv\code\unnamed_rpg\vendor\json-schema-validator\src\json-patch.cpp:1:
[build] In file included from C:\Users\pperv\code\unnamed_rpg\vendor\json-schema-validator\src\json-patch.hpp:3:
[build] In file included from C:\Users\pperv\code\unnamed_rpg\vendor\json\include\nlohmann/json.hpp:54:
[build] In file included from C:\Users\pperv\code\unnamed_rpg\vendor\json\include\nlohmann/detail/iterators/internal_iterator.hpp:12:
[build] C:\Users\pperv\code\unnamed_rpg\vendor\json\include\nlohmann/detail/iterators/primitive_iterator.hpp(32,29): warning: alias declarations are incompatible with C++98 [-Wc++98-compat]
[build]    32 |     using difference_type = std::ptrdiff_t;
[build]       |                             ^
[build] C:\Users\pperv\code\unnamed_rpg\vendor\json\include\nlohmann/detail/iterators/primitive_iterator.hpp(33,12): warning: 'constexpr' specifier is incompatible with C++98 [-Wc++98-compat]
[build]    33 |     static constexpr difference_type begin_value = 0;
[build]       |            ^
[build] C:\Users\pperv\code\unnamed_rpg\vendor\json\include\nlohmann/detail/iterators/primitive_iterator.hpp(34,12): warning: 'constexpr' specifier is incompatible with C++98 [-Wc++98-compat]
[build]    34 |     static constexpr difference_type end_value = begin_value + 1;
[build]       |            ^
[build] C:\Users\pperv\code\unnamed_rpg\vendor\json\include\nlohmann/detail/iterators/primitive_iterator.hpp(38,26): warning: default member initializer for non-static data members is incompatible with C++98 [-Wc++98-compat]
[build]    38 |     difference_type m_it = (std::numeric_limits<std::ptrdiff_t>::min)();
[build]       |                          ^
[build] C:\Users\pperv\code\unnamed_rpg\vendor\json\include\nlohmann/detail/iterators/primitive_iterator.hpp(41,5): warning: 'constexpr' specifier is incompatible with C++98 [-Wc++98-compat]
[build]    41 |     constexpr difference_type get_value() const noexcept
[build]       |     ^
[build] C:\Users\pperv\code\unnamed_rpg\vendor\json\include\nlohmann/detail/iterators/primitive_iterator.hpp(42,5): warning: noexcept specifications are incompatible with C++98 [-Wc++98-compat]
[build]    42 |     {
[build]       |     ^
[build] C:\Users\pperv\code\unnamed_rpg\vendor\json\include\nlohmann/detail/iterators/primitive_iterator.hpp(48,5): warning: noexcept specifications are incompatible with C++98 [-Wc++98-compat]
[build]    48 |     {
[build]       |     ^
[build] C:\Users\pperv\code\unnamed_rpg\vendor\json\include\nlohmann/detail/iterators/primitive_iterator.hpp(54,5): warning: noexcept specifications are incompatible with C++98 [-Wc++98-compat]
[build]    54 |     {
[build]       |     ^
[build] C:\Users\pperv\code\unnamed_rpg\vendor\json\include\nlohmann/detail/iterators/primitive_iterator.hpp(59,5): warning: 'constexpr' specifier is incompatible with C++98 [-Wc++98-compat]
[build]    59 |     constexpr bool is_begin() const noexcept
[build]       |     ^
[build] C:\Users\pperv\code\unnamed_rpg\vendor\json\include\nlohmann/detail/iterators/primitive_iterator.hpp(60,5): warning: noexcept specifications are incompatible with C++98 [-Wc++98-compat]
[build]    60 |     {
[build]       |     ^
[build] C:\Users\pperv\code\unnamed_rpg\vendor\json\include\nlohmann/detail/iterators/primitive_iterator.hpp(65,5): warning: 'constexpr' specifier is incompatible with C++98 [-Wc++98-compat]
[build]    65 |     constexpr bool is_end() const noexcept
[build]       |     ^
[build] C:\Users\pperv\code\unnamed_rpg\vendor\json\include\nlohmann/detail/iterators/primitive_iterator.hpp(66,5): warning: noexcept specifications are incompatible with C++98 [-Wc++98-compat]
[build]    66 |     {
[build]       |     ^
[build] C:\Users\pperv\code\unnamed_rpg\vendor\json\include\nlohmann/detail/iterators/primitive_iterator.hpp(70,12): warning: 'constexpr' specifier is incompatible with C++98 [-Wc++98-compat]
[build]    70 |     friend constexpr bool operator==(primitive_iterator_t lhs, primitive_iterator_t rhs) noexcept
[build]       |            ^
[build] C:\Users\pperv\code\unnamed_rpg\vendor\json\include\nlohmann/detail/iterators/primitive_iterator.hpp(71,5): warning: noexcept specifications are incompatible with C++98 [-Wc++98-compat]
[build]    71 |     {
[build]       |     ^
[build] C:\Users\pperv\code\unnamed_rpg\vendor\json\include\nlohmann/detail/iterators/primitive_iterator.hpp(75,12): warning: 'constexpr' specifier is incompatible with C++98 [-Wc++98-compat]
[build]    75 |     friend constexpr bool operator<(primitive_iterator_t lhs, primitive_iterator_t rhs) noexcept
[build]       |            ^
[build] C:\Users\pperv\code\unnamed_rpg\vendor\json\include\nlohmann/detail/iterators/primitive_iterator.hpp(76,5): warning: noexcept specifications are incompatible with C++98 [-Wc++98-compat]
[build]    76 |     {
[build]       |     ^
[build] C:\Users\pperv\code\unnamed_rpg\vendor\json\include\nlohmann/detail/iterators/primitive_iterator.hpp(81,5): warning: noexcept specifications are incompatible with C++98 [-Wc++98-compat]
[build]    81 |     {
[build]       |     ^
[build] C:\Users\pperv\code\unnamed_rpg\vendor\json\include\nlohmann/detail/iterators/primitive_iterator.hpp(87,12): warning: 'constexpr' specifier is incompatible with C++98 [-Wc++98-compat]
[build]    87 |     friend constexpr difference_type operator-(primitive_iterator_t lhs, primitive_iterator_t rhs) noexcept
[build]       |            ^
[build] C:\Users\pperv\code\unnamed_rpg\vendor\json\include\nlohmann/detail/iterators/primitive_iterator.hpp(88,5): warning: noexcept specifications are incompatible with C++98 [-Wc++98-compat]
[build]    88 |     {
[build]       |     ^
[build] C:\Users\pperv\code\unnamed_rpg\vendor\json\include\nlohmann/detail/iterators/primitive_iterator.hpp(93,5): warning: noexcept specifications are incompatible with C++98 [-Wc++98-compat]
[build]    93 |     {
[build]       |     ^
[build] C:\Users\pperv\code\unnamed_rpg\vendor\json\include\nlohmann/detail/iterators/primitive_iterator.hpp(98,41): warning: reference qualifiers on functions are incompatible with C++98 [-Wc++98-compat]
[build]    98 |     primitive_iterator_t operator++(int)& noexcept // NOLINT(cert-dcl21-cpp)
[build]       |                                         ^
[build] C:\Users\pperv\code\unnamed_rpg\vendor\json\include\nlohmann/detail/iterators/primitive_iterator.hpp(99,5): warning: noexcept specifications are incompatible with C++98 [-Wc++98-compat]
[build]    99 |     {
[build]       |     ^
[build] C:\Users\pperv\code\unnamed_rpg\vendor\json\include\nlohmann/detail/iterators/primitive_iterator.hpp(106,5): warning: noexcept specifications are incompatible with C++98 [-Wc++98-compat]
[build]   106 |     {
[build]       |     ^
[build] C:\Users\pperv\code\unnamed_rpg\vendor\json\include\nlohmann/detail/iterators/primitive_iterator.hpp(111,41): warning: reference qualifiers on functions are incompatible with C++98 [-Wc++98-compat]
[build]   111 |     primitive_iterator_t operator--(int)& noexcept // NOLINT(cert-dcl21-cpp)
[build]       |                                         ^
[build] C:\Users\pperv\code\unnamed_rpg\vendor\json\include\nlohmann/detail/iterators/primitive_iterator.hpp(112,5): warning: noexcept specifications are incompatible with C++98 [-Wc++98-compat]
[build]   112 |     {
[build]       |     ^
[build] C:\Users\pperv\code\unnamed_rpg\vendor\json\include\nlohmann/detail/iterators/primitive_iterator.hpp(119,5): warning: noexcept specifications are incompatible with C++98 [-Wc++98-compat]
[build]   119 |     {
[build]       |     ^
[build] C:\Users\pperv\code\unnamed_rpg\vendor\json\include\nlohmann/detail/iterators/primitive_iterator.hpp(125,5): warning: noexcept specifications are incompatible with C++98 [-Wc++98-compat]
[build]   125 |     {
[build]       |     ^
[build] C:\Users\pperv\code\unnamed_rpg\vendor\json\include\nlohmann/detail/iterators/primitive_iterator.hpp(82,9): warning: 'auto' type specifier is incompatible with C++98 [-Wc++98-compat]
[build]    82 |         auto result = *this;
[build]       |         ^~~~
[build] C:\Users\pperv\code\unnamed_rpg\vendor\json\include\nlohmann/detail/iterators/primitive_iterator.hpp(100,9): warning: 'auto' type specifier is incompatible with C++98 [-Wc++98-compat]
[build]   100 |         auto result = *this;
[build]       |         ^~~~
[build] C:\Users\pperv\code\unnamed_rpg\vendor\json\include\nlohmann/detail/iterators/primitive_iterator.hpp(113,9): warning: 'auto' type specifier is incompatible with C++98 [-Wc++98-compat]
[build]   113 |         auto result = *this;
[build]       |         ^~~~
[build] In file included from C:\Users\pperv\code\unnamed_rpg\vendor\json-schema-validator\src\json-patch.cpp:1:
[build] In file included from C:\Users\pperv\code\unnamed_rpg\vendor\json-schema-validator\src\json-patch.hpp:3:
[build] In file included from C:\Users\pperv\code\unnamed_rpg\vendor\json\include\nlohmann/json.hpp:54:
[build] C:\Users\pperv\code\unnamed_rpg\vendor\json\include\nlohmann/detail/iterators/internal_iterator.hpp(14,1): warning: empty macro arguments are incompatible with C++98 [-Wc++98-compat-pedantic]
[build]    14 | NLOHMANN_JSON_NAMESPACE_BEGIN
[build]       | ^
[build] C:\Users\pperv\code\unnamed_rpg\vendor\json\include\nlohmann/detail/abi_macros.hpp(102,17): note: expanded from macro 'NLOHMANN_JSON_NAMESPACE_BEGIN'
[build]   102 |                 NLOHMANN_JSON_ABI_TAGS,              \
[build]       |                 ^
[build] C:\Users\pperv\code\unnamed_rpg\vendor\json\include\nlohmann/detail/abi_macros.hpp(65,5): note: expanded from macro 'NLOHMANN_JSON_ABI_TAGS'
[build]    65 |     NLOHMANN_JSON_ABI_TAGS_CONCAT(                                   \
[build]       |     ^
[build] C:\Users\pperv\code\unnamed_rpg\vendor\json\include\nlohmann/detail/abi_macros.hpp(62,39): note: expanded from macro 'NLOHMANN_JSON_ABI_TAGS_CONCAT'
[build]    62 |     NLOHMANN_JSON_ABI_TAGS_CONCAT_EX(a, b, c)
[build]       |                                       ^
[build] In file included from C:\Users\pperv\code\unnamed_rpg\vendor\json-schema-validator\src\json-patch.cpp:1:
[build] In file included from C:\Users\pperv\code\unnamed_rpg\vendor\json-schema-validator\src\json-patch.hpp:3:
[build] In file included from C:\Users\pperv\code\unnamed_rpg\vendor\json\include\nlohmann/json.hpp:54:
[build] C:\Users\pperv\code\unnamed_rpg\vendor\json\include\nlohmann/detail/iterators/internal_iterator.hpp(14,1): warning: empty macro arguments are incompatible with C++98 [-Wc++98-compat-pedantic]
[build] C:\Users\pperv\code\unnamed_rpg\vendor\json\include\nlohmann/detail/abi_macros.hpp(102,17): note: expanded from macro 'NLOHMANN_JSON_NAMESPACE_BEGIN'
[build]   102 |                 NLOHMANN_JSON_ABI_TAGS,              \
[build]       |                 ^
[build] C:\Users\pperv\code\unnamed_rpg\vendor\json\include\nlohmann/detail/abi_macros.hpp(65,5): note: expanded from macro 'NLOHMANN_JSON_ABI_TAGS'
[build]    65 |     NLOHMANN_JSON_ABI_TAGS_CONCAT(                                   \
[build]       |     ^
[build] C:\Users\pperv\code\unnamed_rpg\vendor\json\include\nlohmann/detail/abi_macros.hpp(62,42): note: expanded from macro 'NLOHMANN_JSON_ABI_TAGS_CONCAT'
[build]    62 |     NLOHMANN_JSON_ABI_TAGS_CONCAT_EX(a, b, c)
[build]       |                                          ^
[build] In file included from C:\Users\pperv\code\unnamed_rpg\vendor\json-schema-validator\src\json-patch.cpp:1:
[build] In file included from C:\Users\pperv\code\unnamed_rpg\vendor\json-schema-validator\src\json-patch.hpp:3:
[build] In file included from C:\Users\pperv\code\unnamed_rpg\vendor\json\include\nlohmann/json.hpp:54:
[build] C:\Users\pperv\code\unnamed_rpg\vendor\json\include\nlohmann/detail/iterators/internal_iterator.hpp(14,1): warning: empty macro arguments are incompatible with C++98 [-Wc++98-compat-pedantic]
[build] C:\Users\pperv\code\unnamed_rpg\vendor\json\include\nlohmann/detail/abi_macros.hpp(102,17): note: expanded from macro 'NLOHMANN_JSON_NAMESPACE_BEGIN'
[build]   102 |                 NLOHMANN_JSON_ABI_TAGS,              \
[build]       |                 ^
[build] C:\Users\pperv\code\unnamed_rpg\vendor\json\include\nlohmann/detail/abi_macros.hpp(65,5): note: expanded from macro 'NLOHMANN_JSON_ABI_TAGS'
[build]    65 |     NLOHMANN_JSON_ABI_TAGS_CONCAT(                                   \
[build]       |     ^
[build] C:\Users\pperv\code\unnamed_rpg\vendor\json\include\nlohmann/detail/abi_macros.hpp(62,45): note: expanded from macro 'NLOHMANN_JSON_ABI_TAGS_CONCAT'
[build]    62 |     NLOHMANN_JSON_ABI_TAGS_CONCAT_EX(a, b, c)
[build]       |                                             ^
[build] In file included from C:\Users\pperv\code\unnamed_rpg\vendor\json-schema-validator\src\json-patch.cpp:1:
[build] In file included from C:\Users\pperv\code\unnamed_rpg\vendor\json-schema-validator\src\json-patch.hpp:3:
[build] In file included from C:\Users\pperv\code\unnamed_rpg\vendor\json\include\nlohmann/json.hpp:54:
[build] C:\Users\pperv\code\unnamed_rpg\vendor\json\include\nlohmann/detail/iterators/internal_iterator.hpp(14,1): warning: inline namespaces are incompatible with C++98 [-Wc++98-compat]
[build] C:\Users\pperv\code\unnamed_rpg\vendor\json\include\nlohmann/detail/abi_macros.hpp(101,5): note: expanded from macro 'NLOHMANN_JSON_NAMESPACE_BEGIN'
[build]   101 |     inline namespace NLOHMANN_JSON_NAMESPACE_CONCAT( \
[build]       |     ^
[build] In file included from C:\Users\pperv\code\unnamed_rpg\vendor\json-schema-validator\src\json-patch.cpp:1:
[build] In file included from C:\Users\pperv\code\unnamed_rpg\vendor\json-schema-validator\src\json-patch.hpp:3:
[build] In file included from C:\Users\pperv\code\unnamed_rpg\vendor\json\include\nlohmann/json.hpp:54:
[build] C:\Users\pperv\code\unnamed_rpg\vendor\json\include\nlohmann/detail/iterators/internal_iterator.hpp(27,64): warning: default member initializer for non-static data members is incompatible with C++98 [-Wc++98-compat]
[build]    27 |     typename BasicJsonType::object_t::iterator object_iterator {};
[build]       |                                                                ^
[build] C:\Users\pperv\code\unnamed_rpg\vendor\json\include\nlohmann/detail/iterators/internal_iterator.hpp(29,62): warning: default member initializer for non-static data members is incompatible with C++98 [-Wc++98-compat]
[build]    29 |     typename BasicJsonType::array_t::iterator array_iterator {};
[build]       |                                                              ^
[build] C:\Users\pperv\code\unnamed_rpg\vendor\json\include\nlohmann/detail/iterators/internal_iterator.hpp(31,45): warning: default member initializer for non-static data members is incompatible with C++98 [-Wc++98-compat]
[build]    31 |     primitive_iterator_t primitive_iterator {};
[build]       |                                             ^
[build] C:\Users\pperv\code\unnamed_rpg\vendor\json\include\nlohmann/detail/iterators/internal_iterator.hpp(31,45): warning: constructor call from initializer list is incompatible with C++98 [-Wc++98-compat]
[build]    31 |     primitive_iterator_t primitive_iterator {};
[build]       |                                             ^~
[build] In file included from C:\Users\pperv\code\unnamed_rpg\vendor\json-schema-validator\src\json-patch.cpp:1:
[build] In file included from C:\Users\pperv\code\unnamed_rpg\vendor\json-schema-validator\src\json-patch.hpp:3:
[build] In file included from C:\Users\pperv\code\unnamed_rpg\vendor\json\include\nlohmann/json.hpp:55:
[build] C:\Users\pperv\code\unnamed_rpg\vendor\json\include\nlohmann/detail/iterators/iter_impl.hpp(22,1): warning: empty macro arguments are incompatible with C++98 [-Wc++98-compat-pedantic]
[build]    22 | NLOHMANN_JSON_NAMESPACE_BEGIN
[build]       | ^
[build] C:\Users\pperv\code\unnamed_rpg\vendor\json\include\nlohmann/detail/abi_macros.hpp(102,17): note: expanded from macro 'NLOHMANN_JSON_NAMESPACE_BEGIN'
[build]   102 |                 NLOHMANN_JSON_ABI_TAGS,              \
[build]       |                 ^
[build] C:\Users\pperv\code\unnamed_rpg\vendor\json\include\nlohmann/detail/abi_macros.hpp(65,5): note: expanded from macro 'NLOHMANN_JSON_ABI_TAGS'
[build]    65 |     NLOHMANN_JSON_ABI_TAGS_CONCAT(                                   \
[build]       |     ^
[build] C:\Users\pperv\code\unnamed_rpg\vendor\json\include\nlohmann/detail/abi_macros.hpp(62,39): note: expanded from macro 'NLOHMANN_JSON_ABI_TAGS_CONCAT'
[build]    62 |     NLOHMANN_JSON_ABI_TAGS_CONCAT_EX(a, b, c)
[build]       |                                       ^
[build] In file included from C:\Users\pperv\code\unnamed_rpg\vendor\json-schema-validator\src\json-patch.cpp:1:
[build] In file included from C:\Users\pperv\code\unnamed_rpg\vendor\json-schema-validator\src\json-patch.hpp:3:
[build] In file included from C:\Users\pperv\code\unnamed_rpg\vendor\json\include\nlohmann/json.hpp:55:
[build] C:\Users\pperv\code\unnamed_rpg\vendor\json\include\nlohmann/detail/iterators/iter_impl.hpp(22,1): warning: empty macro arguments are incompatible with C++98 [-Wc++98-compat-pedantic]
[build] C:\Users\pperv\code\unnamed_rpg\vendor\json\include\nlohmann/detail/abi_macros.hpp(102,17): note: expanded from macro 'NLOHMANN_JSON_NAMESPACE_BEGIN'
[build]   102 |                 NLOHMANN_JSON_ABI_TAGS,              \
[build]       |                 ^
[build] C:\Users\pperv\code\unnamed_rpg\vendor\json\include\nlohmann/detail/abi_macros.hpp(65,5): note: expanded from macro 'NLOHMANN_JSON_ABI_TAGS'
[build]    65 |     NLOHMANN_JSON_ABI_TAGS_CONCAT(                                   \
[build]       |     ^
[build] C:\Users\pperv\code\unnamed_rpg\vendor\json\include\nlohmann/detail/abi_macros.hpp(62,42): note: expanded from macro 'NLOHMANN_JSON_ABI_TAGS_CONCAT'
[build]    62 |     NLOHMANN_JSON_ABI_TAGS_CONCAT_EX(a, b, c)
[build]       |                                          ^
[build] In file included from C:\Users\pperv\code\unnamed_rpg\vendor\json-schema-validator\src\json-patch.cpp:1:
[build] In file included from C:\Users\pperv\code\unnamed_rpg\vendor\json-schema-validator\src\json-patch.hpp:3:
[build] In file included from C:\Users\pperv\code\unnamed_rpg\vendor\json\include\nlohmann/json.hpp:55:
[build] C:\Users\pperv\code\unnamed_rpg\vendor\json\include\nlohmann/detail/iterators/iter_impl.hpp(22,1): warning: empty macro arguments are incompatible with C++98 [-Wc++98-compat-pedantic]
[build] C:\Users\pperv\code\unnamed_rpg\vendor\json\include\nlohmann/detail/abi_macros.hpp(102,17): note: expanded from macro 'NLOHMANN_JSON_NAMESPACE_BEGIN'
[build]   102 |                 NLOHMANN_JSON_ABI_TAGS,              \
[build]       |                 ^
[build] C:\Users\pperv\code\unnamed_rpg\vendor\json\include\nlohmann/detail/abi_macros.hpp(65,5): note: expanded from macro 'NLOHMANN_JSON_ABI_TAGS'
[build]    65 |     NLOHMANN_JSON_ABI_TAGS_CONCAT(                                   \
[build]       |     ^
[build] C:\Users\pperv\code\unnamed_rpg\vendor\json\include\nlohmann/detail/abi_macros.hpp(62,45): note: expanded from macro 'NLOHMANN_JSON_ABI_TAGS_CONCAT'
[build]    62 |     NLOHMANN_JSON_ABI_TAGS_CONCAT_EX(a, b, c)
[build]       |                                             ^
[build] In file included from C:\Users\pperv\code\unnamed_rpg\vendor\json-schema-validator\src\json-patch.cpp:1:
[build] In file included from C:\Users\pperv\code\unnamed_rpg\vendor\json-schema-validator\src\json-patch.hpp:3:
[build] In file included from C:\Users\pperv\code\unnamed_rpg\vendor\json\include\nlohmann/json.hpp:55:
[build] C:\Users\pperv\code\unnamed_rpg\vendor\json\include\nlohmann/detail/iterators/iter_impl.hpp(22,1): warning: inline namespaces are incompatible with C++98 [-Wc++98-compat]
[build] C:\Users\pperv\code\unnamed_rpg\vendor\json\include\nlohmann/detail/abi_macros.hpp(101,5): note: expanded from macro 'NLOHMANN_JSON_NAMESPACE_BEGIN'
[build]   101 |     inline namespace NLOHMANN_JSON_NAMESPACE_CONCAT( \
[build]       |     ^
[build] In file included from C:\Users\pperv\code\unnamed_rpg\vendor\json-schema-validator\src\json-patch.cpp:1:
[build] In file included from C:\Users\pperv\code\unnamed_rpg\vendor\json-schema-validator\src\json-patch.hpp:3:
[build] In file included from C:\Users\pperv\code\unnamed_rpg\vendor\json\include\nlohmann/json.hpp:55:
[build] C:\Users\pperv\code\unnamed_rpg\vendor\json\include\nlohmann/detail/iterators/iter_impl.hpp(50,29): warning: alias declarations are incompatible with C++98 [-Wc++98-compat]
[build]    50 |     using other_iter_impl = iter_impl<typename std::conditional<std::is_const<BasicJsonType>::value, typename std::remove_const<BasicJsonType>::type, const BasicJsonType>::type>;
[build]       |                             ^
[build] C:\Users\pperv\code\unnamed_rpg\vendor\json\include\nlohmann/detail/iterators/iter_impl.hpp(52,5): warning: non-class friend type 'other_iter_impl' (aka 'iter_impl<typename std::conditional<std::is_const<BasicJsonType>::value, typename std::remove_const<BasicJsonType>::type, const BasicJsonType>::type>') is incompatible with C++98 [-Wc++98-compat]
[build]    52 |     friend other_iter_impl;
[build]       |     ^~~~~~~~~~~~~~~~~~~~~~
[build] C:\Users\pperv\code\unnamed_rpg\vendor\json\include\nlohmann/detail/iterators/iter_impl.hpp(53,5): warning: non-class friend type 'BasicJsonType' is incompatible with C++98 [-Wc++98-compat]
[build]    53 |     friend BasicJsonType;
[build]       |     ^~~~~~~~~~~~~~~~~~~~
[build] C:\Users\pperv\code\unnamed_rpg\vendor\json\include\nlohmann/detail/iterators/iter_impl.hpp(54,5): warning: non-class friend type 'iteration_proxy<iter_impl<BasicJsonType>>' is incompatible with C++98 [-Wc++98-compat]
[build]    54 |     friend iteration_proxy<iter_impl>;
[build]       |     ^~~~~~~~~~~~~~~~~~~~~~~~~~~~~~~~~
[build] C:\Users\pperv\code\unnamed_rpg\vendor\json\include\nlohmann/detail/iterators/iter_impl.hpp(55,5): warning: non-class friend type 'iteration_proxy_value<iter_impl<BasicJsonType>>' is incompatible with C++98 [-Wc++98-compat]
[build]    55 |     friend iteration_proxy_value<iter_impl>;
[build]       |     ^~~~~~~~~~~~~~~~~~~~~~~~~~~~~~~~~~~~~~~
[build] C:\Users\pperv\code\unnamed_rpg\vendor\json\include\nlohmann/detail/iterators/iter_impl.hpp(57,22): warning: alias declarations are incompatible with C++98 [-Wc++98-compat]
[build]    57 |     using object_t = typename BasicJsonType::object_t;
[build]       |                      ^
[build] C:\Users\pperv\code\unnamed_rpg\vendor\json\include\nlohmann/detail/iterators/iter_impl.hpp(58,21): warning: alias declarations are incompatible with C++98 [-Wc++98-compat]
[build]    58 |     using array_t = typename BasicJsonType::array_t;
[build]       |                     ^
[build] C:\Users\pperv\code\unnamed_rpg\vendor\json\include\nlohmann/detail/iterators/iter_impl.hpp(60,5): warning: 'static_assert' declarations are incompatible with C++98 [-Wc++98-compat]
[build]    60 |     static_assert(is_basic_json<typename std::remove_const<BasicJsonType>::type>::value,
[build]       |     ^
[build] C:\Users\pperv\code\unnamed_rpg\vendor\json\include\nlohmann/detail/iterators/iter_impl.hpp(63,5): warning: 'static_assert' declarations are incompatible with C++98 [-Wc++98-compat]
[build]    63 |     static_assert(std::is_base_of<std::bidirectional_iterator_tag, std::bidirectional_iterator_tag>::value
[build]       |     ^
[build] C:\Users\pperv\code\unnamed_rpg\vendor\json\include\nlohmann/detail/iterators/iter_impl.hpp(73,31): warning: alias declarations are incompatible with C++98 [-Wc++98-compat]
[build]    73 |     using iterator_category = std::bidirectional_iterator_tag;
[build]       |                               ^
[build] C:\Users\pperv\code\unnamed_rpg\vendor\json\include\nlohmann/detail/iterators/iter_impl.hpp(76,24): warning: alias declarations are incompatible with C++98 [-Wc++98-compat]
[build]    76 |     using value_type = typename BasicJsonType::value_type;
[build]       |                        ^
[build] C:\Users\pperv\code\unnamed_rpg\vendor\json\include\nlohmann/detail/iterators/iter_impl.hpp(78,29): warning: alias declarations are incompatible with C++98 [-Wc++98-compat]
[build]    78 |     using difference_type = typename BasicJsonType::difference_type;
[build]       |                             ^
[build] C:\Users\pperv\code\unnamed_rpg\vendor\json\include\nlohmann/detail/iterators/iter_impl.hpp(80,21): warning: alias declarations are incompatible with C++98 [-Wc++98-compat]
[build]    80 |     using pointer = typename std::conditional<std::is_const<BasicJsonType>::value,
[build]       |                     ^
[build] C:\Users\pperv\code\unnamed_rpg\vendor\json\include\nlohmann/detail/iterators/iter_impl.hpp(85,9): warning: alias declarations are incompatible with C++98 [-Wc++98-compat]
[build]    85 |         typename std::conditional<std::is_const<BasicJsonType>::value,
[build]       |         ^
[build] C:\Users\pperv\code\unnamed_rpg\vendor\json\include\nlohmann/detail/iterators/iter_impl.hpp(89,19): warning: defaulted function definitions are incompatible with C++98 [-Wc++98-compat]
[build]    89 |     iter_impl() = default;
[build]       |                   ^
[build] C:\Users\pperv\code\unnamed_rpg\vendor\json\include\nlohmann/detail/iterators/iter_impl.hpp(90,20): warning: defaulted function definitions are incompatible with C++98 [-Wc++98-compat]
[build]    90 |     ~iter_impl() = default;
[build]       |                    ^
[build] C:\Users\pperv\code\unnamed_rpg\vendor\json\include\nlohmann/detail/iterators/iter_impl.hpp(91,24): warning: rvalue references are incompatible with C++98 [-Wc++98-compat]
[build]    91 |     iter_impl(iter_impl&&) noexcept = default;
[build]       |                        ^
[build] C:\Users\pperv\code\unnamed_rpg\vendor\json\include\nlohmann/detail/iterators/iter_impl.hpp(91,37): warning: noexcept specifications are incompatible with C++98 [-Wc++98-compat]
[build]    91 |     iter_impl(iter_impl&&) noexcept = default;
[build]       |                                     ^
[build] C:\Users\pperv\code\unnamed_rpg\vendor\json\include\nlohmann/detail/iterators/iter_impl.hpp(91,39): warning: defaulted function definitions are incompatible with C++98 [-Wc++98-compat]
[build]    91 |     iter_impl(iter_impl&&) noexcept = default;
[build]       |                                       ^
[build] C:\Users\pperv\code\unnamed_rpg\vendor\json\include\nlohmann/detail/iterators/iter_impl.hpp(92,35): warning: rvalue references are incompatible with C++98 [-Wc++98-compat]
[build]    92 |     iter_impl& operator=(iter_impl&&) noexcept = default;
[build]       |                                   ^
[build] C:\Users\pperv\code\unnamed_rpg\vendor\json\include\nlohmann/detail/iterators/iter_impl.hpp(92,48): warning: noexcept specifications are incompatible with C++98 [-Wc++98-compat]
[build]    92 |     iter_impl& operator=(iter_impl&&) noexcept = default;
[build]       |                                                ^
[build] C:\Users\pperv\code\unnamed_rpg\vendor\json\include\nlohmann/detail/iterators/iter_impl.hpp(92,50): warning: defaulted function definitions are incompatible with C++98 [-Wc++98-compat]
[build]    92 |     iter_impl& operator=(iter_impl&&) noexcept = default;
[build]       |                                                  ^
[build] C:\Users\pperv\code\unnamed_rpg\vendor\json\include\nlohmann/detail/iterators/iter_impl.hpp(100,49): warning: noexcept specifications are incompatible with C++98 [-Wc++98-compat]
[build]   100 |     explicit iter_impl(pointer object) noexcept : m_object(object)
[build]       |                                                 ^
[build] C:\Users\pperv\code\unnamed_rpg\vendor\json\include\nlohmann/detail/iterators/iter_impl.hpp(151,9): warning: noexcept specifications are incompatible with C++98 [-Wc++98-compat]
[build]   151 |         : m_object(other.m_object), m_it(other.m_it)
[build]       |         ^
[build] C:\Users\pperv\code\unnamed_rpg\vendor\json\include\nlohmann/detail/iterators/iter_impl.hpp(161,5): warning: noexcept specifications are incompatible with C++98 [-Wc++98-compat]
[build]   161 |     {
[build]       |     ^
[build] C:\Users\pperv\code\unnamed_rpg\vendor\json\include\nlohmann/detail/iterators/iter_impl.hpp(176,9): warning: noexcept specifications are incompatible with C++98 [-Wc++98-compat]
[build]   176 |         : m_object(other.m_object), m_it(other.m_it)
[build]       |         ^
[build] C:\Users\pperv\code\unnamed_rpg\vendor\json\include\nlohmann/detail/iterators/iter_impl.hpp(186,5): warning: noexcept specifications are incompatible with C++98 [-Wc++98-compat]
[build]   186 |     {
[build]       |     ^
[build] C:\Users\pperv\code\unnamed_rpg\vendor\json\include\nlohmann/detail/iterators/iter_impl.hpp(198,5): warning: noexcept specifications are incompatible with C++98 [-Wc++98-compat]
[build]   198 |     {
[build]       |     ^
[build] C:\Users\pperv\code\unnamed_rpg\vendor\json\include\nlohmann/detail/iterators/iter_impl.hpp(242,5): warning: noexcept specifications are incompatible with C++98 [-Wc++98-compat]
[build]   242 |     {
[build]       |     ^
[build] C:\Users\pperv\code\unnamed_rpg\vendor\json\include\nlohmann/detail/iterators/iter_impl.hpp(366,30): warning: reference qualifiers on functions are incompatible with C++98 [-Wc++98-compat]
[build]   366 |     iter_impl operator++(int)& // NOLINT(cert-dcl21-cpp)
[build]       |                              ^
[build] C:\Users\pperv\code\unnamed_rpg\vendor\json\include\nlohmann/detail/iterators/iter_impl.hpp(417,30): warning: reference qualifiers on functions are incompatible with C++98 [-Wc++98-compat]
[build]   417 |     iter_impl operator--(int)& // NOLINT(cert-dcl21-cpp)
[build]       |                              ^
[build] C:\Users\pperv\code\unnamed_rpg\vendor\json\include\nlohmann/detail/iterators/iter_impl.hpp(468,170): warning: 'nullptr' is incompatible with C++98 [-Wc++98-compat]
[build]   468 |     template < typename IterImpl, detail::enable_if_t < (std::is_same<IterImpl, iter_impl>::value || std::is_same<IterImpl, other_iter_impl>::value), std::nullptr_t > = nullptr >
[build]       |                                                                                                                                                                          ^
[build] C:\Users\pperv\code\unnamed_rpg\vendor\json\include\nlohmann/detail/iterators/iter_impl.hpp(468,168): warning: default template arguments for a function template are incompatible with C++98 [-Wc++98-compat]
[build]   468 |     template < typename IterImpl, detail::enable_if_t < (std::is_same<IterImpl, iter_impl>::value || std::is_same<IterImpl, other_iter_impl>::value), std::nullptr_t > = nullptr >
[build]       |                                                                                                                                                                        ^ ~~~~~~~
[build] C:\Users\pperv\code\unnamed_rpg\vendor\json\include\nlohmann/detail/iterators/iter_impl.hpp(508,170): warning: 'nullptr' is incompatible with C++98 [-Wc++98-compat]
[build]   508 |     template < typename IterImpl, detail::enable_if_t < (std::is_same<IterImpl, iter_impl>::value || std::is_same<IterImpl, other_iter_impl>::value), std::nullptr_t > = nullptr >
[build]       |                                                                                                                                                                          ^
[build] C:\Users\pperv\code\unnamed_rpg\vendor\json\include\nlohmann/detail/iterators/iter_impl.hpp(508,168): warning: default template arguments for a function template are incompatible with C++98 [-Wc++98-compat]
[build]   508 |     template < typename IterImpl, detail::enable_if_t < (std::is_same<IterImpl, iter_impl>::value || std::is_same<IterImpl, other_iter_impl>::value), std::nullptr_t > = nullptr >
[build]       |                                                                                                                                                                        ^ ~~~~~~~
[build] C:\Users\pperv\code\unnamed_rpg\vendor\json\include\nlohmann/detail/iterators/iter_impl.hpp(754,22): warning: default member initializer for non-static data members is incompatible with C++98 [-Wc++98-compat]
[build]   754 |     pointer m_object = nullptr;
[build]       |                      ^
[build] C:\Users\pperv\code\unnamed_rpg\vendor\json\include\nlohmann/detail/iterators/iter_impl.hpp(756,77): warning: default member initializer for non-static data members is incompatible with C++98 [-Wc++98-compat]
[build]   756 |     internal_iterator<typename std::remove_const<BasicJsonType>::type> m_it {};
[build]       |                                                                             ^
[build] C:\Users\pperv\code\unnamed_rpg\vendor\json\include\nlohmann/detail/iterators/iter_impl.hpp(754,24): warning: 'nullptr' is incompatible with C++98 [-Wc++98-compat]
[build]   754 |     pointer m_object = nullptr;
[build]       |                        ^
[build] In file included from C:\Users\pperv\code\unnamed_rpg\vendor\json-schema-validator\src\json-patch.cpp:1:
[build] In file included from C:\Users\pperv\code\unnamed_rpg\vendor\json-schema-validator\src\json-patch.hpp:3:
[build] In file included from C:\Users\pperv\code\unnamed_rpg\vendor\json\include\nlohmann/json.hpp:57:
[build] C:\Users\pperv\code\unnamed_rpg\vendor\json\include\nlohmann/detail/iterators/json_reverse_iterator.hpp(17,1): warning: empty macro arguments are incompatible with C++98 [-Wc++98-compat-pedantic]
[build]    17 | NLOHMANN_JSON_NAMESPACE_BEGIN
[build]       | ^
[build] C:\Users\pperv\code\unnamed_rpg\vendor\json\include\nlohmann/detail/abi_macros.hpp(102,17): note: expanded from macro 'NLOHMANN_JSON_NAMESPACE_BEGIN'
[build]   102 |                 NLOHMANN_JSON_ABI_TAGS,              \
[build]       |                 ^
[build] C:\Users\pperv\code\unnamed_rpg\vendor\json\include\nlohmann/detail/abi_macros.hpp(65,5): note: expanded from macro 'NLOHMANN_JSON_ABI_TAGS'
[build]    65 |     NLOHMANN_JSON_ABI_TAGS_CONCAT(                                   \
[build]       |     ^
[build] C:\Users\pperv\code\unnamed_rpg\vendor\json\include\nlohmann/detail/abi_macros.hpp(62,39): note: expanded from macro 'NLOHMANN_JSON_ABI_TAGS_CONCAT'
[build]    62 |     NLOHMANN_JSON_ABI_TAGS_CONCAT_EX(a, b, c)
[build]       |                                       ^
[build] In file included from C:\Users\pperv\code\unnamed_rpg\vendor\json-schema-validator\src\json-patch.cpp:1:
[build] In file included from C:\Users\pperv\code\unnamed_rpg\vendor\json-schema-validator\src\json-patch.hpp:3:
[build] In file included from C:\Users\pperv\code\unnamed_rpg\vendor\json\include\nlohmann/json.hpp:57:
[build] C:\Users\pperv\code\unnamed_rpg\vendor\json\include\nlohmann/detail/iterators/json_reverse_iterator.hpp(17,1): warning: empty macro arguments are incompatible with C++98 [-Wc++98-compat-pedantic]
[build] C:\Users\pperv\code\unnamed_rpg\vendor\json\include\nlohmann/detail/abi_macros.hpp(102,17): note: expanded from macro 'NLOHMANN_JSON_NAMESPACE_BEGIN'
[build]   102 |                 NLOHMANN_JSON_ABI_TAGS,              \
[build]       |                 ^
[build] C:\Users\pperv\code\unnamed_rpg\vendor\json\include\nlohmann/detail/abi_macros.hpp(65,5): note: expanded from macro 'NLOHMANN_JSON_ABI_TAGS'
[build]    65 |     NLOHMANN_JSON_ABI_TAGS_CONCAT(                                   \
[build]       |     ^
[build] C:\Users\pperv\code\unnamed_rpg\vendor\json\include\nlohmann/detail/abi_macros.hpp(62,42): note: expanded from macro 'NLOHMANN_JSON_ABI_TAGS_CONCAT'
[build]    62 |     NLOHMANN_JSON_ABI_TAGS_CONCAT_EX(a, b, c)
[build]       |                                          ^
[build] In file included from C:\Users\pperv\code\unnamed_rpg\vendor\json-schema-validator\src\json-patch.cpp:1:
[build] In file included from C:\Users\pperv\code\unnamed_rpg\vendor\json-schema-validator\src\json-patch.hpp:3:
[build] In file included from C:\Users\pperv\code\unnamed_rpg\vendor\json\include\nlohmann/json.hpp:57:
[build] C:\Users\pperv\code\unnamed_rpg\vendor\json\include\nlohmann/detail/iterators/json_reverse_iterator.hpp(17,1): warning: empty macro arguments are incompatible with C++98 [-Wc++98-compat-pedantic]
[build] C:\Users\pperv\code\unnamed_rpg\vendor\json\include\nlohmann/detail/abi_macros.hpp(102,17): note: expanded from macro 'NLOHMANN_JSON_NAMESPACE_BEGIN'
[build]   102 |                 NLOHMANN_JSON_ABI_TAGS,              \
[build]       |                 ^
[build] C:\Users\pperv\code\unnamed_rpg\vendor\json\include\nlohmann/detail/abi_macros.hpp(65,5): note: expanded from macro 'NLOHMANN_JSON_ABI_TAGS'
[build]    65 |     NLOHMANN_JSON_ABI_TAGS_CONCAT(                                   \
[build]       |     ^
[build] C:\Users\pperv\code\unnamed_rpg\vendor\json\include\nlohmann/detail/abi_macros.hpp(62,45): note: expanded from macro 'NLOHMANN_JSON_ABI_TAGS_CONCAT'
[build]    62 |     NLOHMANN_JSON_ABI_TAGS_CONCAT_EX(a, b, c)
[build]       |                                             ^
[build] In file included from C:\Users\pperv\code\unnamed_rpg\vendor\json-schema-validator\src\json-patch.cpp:1:
[build] In file included from C:\Users\pperv\code\unnamed_rpg\vendor\json-schema-validator\src\json-patch.hpp:3:
[build] In file included from C:\Users\pperv\code\unnamed_rpg\vendor\json\include\nlohmann/json.hpp:57:
[build] C:\Users\pperv\code\unnamed_rpg\vendor\json\include\nlohmann/detail/iterators/json_reverse_iterator.hpp(17,1): warning: inline namespaces are incompatible with C++98 [-Wc++98-compat]
[build] C:\Users\pperv\code\unnamed_rpg\vendor\json\include\nlohmann/detail/abi_macros.hpp(101,5): note: expanded from macro 'NLOHMANN_JSON_NAMESPACE_BEGIN'
[build]   101 |     inline namespace NLOHMANN_JSON_NAMESPACE_CONCAT( \
[build]       |     ^
[build] In file included from C:\Users\pperv\code\unnamed_rpg\vendor\json-schema-validator\src\json-patch.cpp:1:
[build] In file included from C:\Users\pperv\code\unnamed_rpg\vendor\json-schema-validator\src\json-patch.hpp:3:
[build] In file included from C:\Users\pperv\code\unnamed_rpg\vendor\json\include\nlohmann/json.hpp:57:
[build] C:\Users\pperv\code\unnamed_rpg\vendor\json\include\nlohmann/detail/iterators/json_reverse_iterator.hpp(47,29): warning: alias declarations are incompatible with C++98 [-Wc++98-compat]
[build]    47 |     using difference_type = std::ptrdiff_t;
[build]       |                             ^
[build] C:\Users\pperv\code\unnamed_rpg\vendor\json\include\nlohmann/detail/iterators/json_reverse_iterator.hpp(49,27): warning: alias declarations are incompatible with C++98 [-Wc++98-compat]
[build]    49 |     using base_iterator = std::reverse_iterator<Base>;
[build]       |                           ^
[build] C:\Users\pperv\code\unnamed_rpg\vendor\json\include\nlohmann/detail/iterators/json_reverse_iterator.hpp(51,23): warning: alias declarations are incompatible with C++98 [-Wc++98-compat]
[build]    51 |     using reference = typename Base::reference;
[build]       |                       ^
[build] C:\Users\pperv\code\unnamed_rpg\vendor\json\include\nlohmann/detail/iterators/json_reverse_iterator.hpp(55,9): warning: noexcept specifications are incompatible with C++98 [-Wc++98-compat]
[build]    55 |         : base_iterator(it) {}
[build]       |         ^
[build] C:\Users\pperv\code\unnamed_rpg\vendor\json\include\nlohmann/detail/iterators/json_reverse_iterator.hpp(58,70): warning: noexcept specifications are incompatible with C++98 [-Wc++98-compat]
[build]    58 |     explicit json_reverse_iterator(const base_iterator& it) noexcept : base_iterator(it) {}
[build]       |                                                                      ^
[build] C:\Users\pperv\code\unnamed_rpg\vendor\json\include\nlohmann/detail/iterators/json_reverse_iterator.hpp(61,42): warning: reference qualifiers on functions are incompatible with C++98 [-Wc++98-compat]
[build]    61 |     json_reverse_iterator operator++(int)& // NOLINT(cert-dcl21-cpp)
[build]       |                                          ^
[build] C:\Users\pperv\code\unnamed_rpg\vendor\json\include\nlohmann/detail/iterators/json_reverse_iterator.hpp(73,42): warning: reference qualifiers on functions are incompatible with C++98 [-Wc++98-compat]
[build]    73 |     json_reverse_iterator operator--(int)& // NOLINT(cert-dcl21-cpp)
[build]       |                                          ^
[build] C:\Users\pperv\code\unnamed_rpg\vendor\json\include\nlohmann/detail/iterators/json_reverse_iterator.hpp(115,22): warning: trailing return types are incompatible with C++98 [-Wc++98-compat]
[build]   115 |     auto key() const -> decltype(std::declval<Base>().key())
[build]       |                      ^
[build] C:\Users\pperv\code\unnamed_rpg\vendor\json\include\nlohmann/detail/iterators/json_reverse_iterator.hpp(115,25): warning: 'decltype' type specifier is incompatible with C++98 [-Wc++98-compat]
[build]   115 |     auto key() const -> decltype(std::declval<Base>().key())
[build]       |                         ^
[build] In file included from C:\Users\pperv\code\unnamed_rpg\vendor\json-schema-validator\src\json-patch.cpp:1:
[build] In file included from C:\Users\pperv\code\unnamed_rpg\vendor\json-schema-validator\src\json-patch.hpp:3:
[build] In file included from C:\Users\pperv\code\unnamed_rpg\vendor\json\include\nlohmann/json.hpp:59:
[build] C:\Users\pperv\code\unnamed_rpg\vendor\json\include\nlohmann/detail/json_custom_base_class.hpp(15,1): warning: empty macro arguments are incompatible with C++98 [-Wc++98-compat-pedantic]
[build]    15 | NLOHMANN_JSON_NAMESPACE_BEGIN
[build]       | ^
[build] C:\Users\pperv\code\unnamed_rpg\vendor\json\include\nlohmann/detail/abi_macros.hpp(102,17): note: expanded from macro 'NLOHMANN_JSON_NAMESPACE_BEGIN'
[build]   102 |                 NLOHMANN_JSON_ABI_TAGS,              \
[build]       |                 ^
[build] C:\Users\pperv\code\unnamed_rpg\vendor\json\include\nlohmann/detail/abi_macros.hpp(65,5): note: expanded from macro 'NLOHMANN_JSON_ABI_TAGS'
[build]    65 |     NLOHMANN_JSON_ABI_TAGS_CONCAT(                                   \
[build]       |     ^
[build] C:\Users\pperv\code\unnamed_rpg\vendor\json\include\nlohmann/detail/abi_macros.hpp(62,39): note: expanded from macro 'NLOHMANN_JSON_ABI_TAGS_CONCAT'
[build]    62 |     NLOHMANN_JSON_ABI_TAGS_CONCAT_EX(a, b, c)
[build]       |                                       ^
[build] In file included from C:\Users\pperv\code\unnamed_rpg\vendor\json-schema-validator\src\json-patch.cpp:1:
[build] In file included from C:\Users\pperv\code\unnamed_rpg\vendor\json-schema-validator\src\json-patch.hpp:3:
[build] In file included from C:\Users\pperv\code\unnamed_rpg\vendor\json\include\nlohmann/json.hpp:59:
[build] C:\Users\pperv\code\unnamed_rpg\vendor\json\include\nlohmann/detail/json_custom_base_class.hpp(15,1): warning: empty macro arguments are incompatible with C++98 [-Wc++98-compat-pedantic]
[build] C:\Users\pperv\code\unnamed_rpg\vendor\json\include\nlohmann/detail/abi_macros.hpp(102,17): note: expanded from macro 'NLOHMANN_JSON_NAMESPACE_BEGIN'
[build]   102 |                 NLOHMANN_JSON_ABI_TAGS,              \
[build]       |                 ^
[build] C:\Users\pperv\code\unnamed_rpg\vendor\json\include\nlohmann/detail/abi_macros.hpp(65,5): note: expanded from macro 'NLOHMANN_JSON_ABI_TAGS'
[build]    65 |     NLOHMANN_JSON_ABI_TAGS_CONCAT(                                   \
[build]       |     ^
[build] C:\Users\pperv\code\unnamed_rpg\vendor\json\include\nlohmann/detail/abi_macros.hpp(62,42): note: expanded from macro 'NLOHMANN_JSON_ABI_TAGS_CONCAT'
[build]    62 |     NLOHMANN_JSON_ABI_TAGS_CONCAT_EX(a, b, c)
[build]       |                                          ^
[build] In file included from C:\Users\pperv\code\unnamed_rpg\vendor\json-schema-validator\src\json-patch.cpp:1:
[build] In file included from C:\Users\pperv\code\unnamed_rpg\vendor\json-schema-validator\src\json-patch.hpp:3:
[build] In file included from C:\Users\pperv\code\unnamed_rpg\vendor\json\include\nlohmann/json.hpp:59:
[build] C:\Users\pperv\code\unnamed_rpg\vendor\json\include\nlohmann/detail/json_custom_base_class.hpp(15,1): warning: empty macro arguments are incompatible with C++98 [-Wc++98-compat-pedantic]
[build] C:\Users\pperv\code\unnamed_rpg\vendor\json\include\nlohmann/detail/abi_macros.hpp(102,17): note: expanded from macro 'NLOHMANN_JSON_NAMESPACE_BEGIN'
[build]   102 |                 NLOHMANN_JSON_ABI_TAGS,              \
[build]       |                 ^
[build] C:\Users\pperv\code\unnamed_rpg\vendor\json\include\nlohmann/detail/abi_macros.hpp(65,5): note: expanded from macro 'NLOHMANN_JSON_ABI_TAGS'
[build]    65 |     NLOHMANN_JSON_ABI_TAGS_CONCAT(                                   \
[build]       |     ^
[build] C:\Users\pperv\code\unnamed_rpg\vendor\json\include\nlohmann/detail/abi_macros.hpp(62,45): note: expanded from macro 'NLOHMANN_JSON_ABI_TAGS_CONCAT'
[build]    62 |     NLOHMANN_JSON_ABI_TAGS_CONCAT_EX(a, b, c)
[build]       |                                             ^
[build] In file included from C:\Users\pperv\code\unnamed_rpg\vendor\json-schema-validator\src\json-patch.cpp:1:
[build] In file included from C:\Users\pperv\code\unnamed_rpg\vendor\json-schema-validator\src\json-patch.hpp:3:
[build] In file included from C:\Users\pperv\code\unnamed_rpg\vendor\json\include\nlohmann/json.hpp:59:
[build] C:\Users\pperv\code\unnamed_rpg\vendor\json\include\nlohmann/detail/json_custom_base_class.hpp(15,1): warning: inline namespaces are incompatible with C++98 [-Wc++98-compat]
[build] C:\Users\pperv\code\unnamed_rpg\vendor\json\include\nlohmann/detail/abi_macros.hpp(101,5): note: expanded from macro 'NLOHMANN_JSON_NAMESPACE_BEGIN'
[build]   101 |     inline namespace NLOHMANN_JSON_NAMESPACE_CONCAT( \
[build]       |     ^
[build] In file included from C:\Users\pperv\code\unnamed_rpg\vendor\json-schema-validator\src\json-patch.cpp:1:
[build] In file included from C:\Users\pperv\code\unnamed_rpg\vendor\json-schema-validator\src\json-patch.hpp:3:
[build] In file included from C:\Users\pperv\code\unnamed_rpg\vendor\json\include\nlohmann/json.hpp:59:
[build] C:\Users\pperv\code\unnamed_rpg\vendor\json\include\nlohmann/detail/json_custom_base_class.hpp(44,25): warning: alias declarations are incompatible with C++98 [-Wc++98-compat]
[build]    44 | using json_base_class = typename std::conditional <
[build]       |                         ^
[build] In file included from C:\Users\pperv\code\unnamed_rpg\vendor\json-schema-validator\src\json-patch.cpp:1:
[build] In file included from C:\Users\pperv\code\unnamed_rpg\vendor\json-schema-validator\src\json-patch.hpp:3:
[build] In file included from C:\Users\pperv\code\unnamed_rpg\vendor\json\include\nlohmann/json.hpp:60:
[build] C:\Users\pperv\code\unnamed_rpg\vendor\json\include\nlohmann/detail/json_pointer.hpp(30,1): warning: empty macro arguments are incompatible with C++98 [-Wc++98-compat-pedantic]
[build]    30 | NLOHMANN_JSON_NAMESPACE_BEGIN
[build]       | ^
[build] C:\Users\pperv\code\unnamed_rpg\vendor\json\include\nlohmann/detail/abi_macros.hpp(102,17): note: expanded from macro 'NLOHMANN_JSON_NAMESPACE_BEGIN'
[build]   102 |                 NLOHMANN_JSON_ABI_TAGS,              \
[build]       |                 ^
[build] C:\Users\pperv\code\unnamed_rpg\vendor\json\include\nlohmann/detail/abi_macros.hpp(65,5): note: expanded from macro 'NLOHMANN_JSON_ABI_TAGS'
[build]    65 |     NLOHMANN_JSON_ABI_TAGS_CONCAT(                                   \
[build]       |     ^
[build] C:\Users\pperv\code\unnamed_rpg\vendor\json\include\nlohmann/detail/abi_macros.hpp(62,39): note: expanded from macro 'NLOHMANN_JSON_ABI_TAGS_CONCAT'
[build]    62 |     NLOHMANN_JSON_ABI_TAGS_CONCAT_EX(a, b, c)
[build]       |                                       ^
[build] In file included from C:\Users\pperv\code\unnamed_rpg\vendor\json-schema-validator\src\json-patch.cpp:1:
[build] In file included from C:\Users\pperv\code\unnamed_rpg\vendor\json-schema-validator\src\json-patch.hpp:3:
[build] In file included from C:\Users\pperv\code\unnamed_rpg\vendor\json\include\nlohmann/json.hpp:60:
[build] C:\Users\pperv\code\unnamed_rpg\vendor\json\include\nlohmann/detail/json_pointer.hpp(30,1): warning: empty macro arguments are incompatible with C++98 [-Wc++98-compat-pedantic]
[build] C:\Users\pperv\code\unnamed_rpg\vendor\json\include\nlohmann/detail/abi_macros.hpp(102,17): note: expanded from macro 'NLOHMANN_JSON_NAMESPACE_BEGIN'
[build]   102 |                 NLOHMANN_JSON_ABI_TAGS,              \
[build]       |                 ^
[build] C:\Users\pperv\code\unnamed_rpg\vendor\json\include\nlohmann/detail/abi_macros.hpp(65,5): note: expanded from macro 'NLOHMANN_JSON_ABI_TAGS'
[build]    65 |     NLOHMANN_JSON_ABI_TAGS_CONCAT(                                   \
[build]       |     ^
[build] C:\Users\pperv\code\unnamed_rpg\vendor\json\include\nlohmann/detail/abi_macros.hpp(62,42): note: expanded from macro 'NLOHMANN_JSON_ABI_TAGS_CONCAT'
[build]    62 |     NLOHMANN_JSON_ABI_TAGS_CONCAT_EX(a, b, c)
[build]       |                                          ^
[build] In file included from C:\Users\pperv\code\unnamed_rpg\vendor\json-schema-validator\src\json-patch.cpp:1:
[build] In file included from C:\Users\pperv\code\unnamed_rpg\vendor\json-schema-validator\src\json-patch.hpp:3:
[build] In file included from C:\Users\pperv\code\unnamed_rpg\vendor\json\include\nlohmann/json.hpp:60:
[build] C:\Users\pperv\code\unnamed_rpg\vendor\json\include\nlohmann/detail/json_pointer.hpp(30,1): warning: empty macro arguments are incompatible with C++98 [-Wc++98-compat-pedantic]
[build] C:\Users\pperv\code\unnamed_rpg\vendor\json\include\nlohmann/detail/abi_macros.hpp(102,17): note: expanded from macro 'NLOHMANN_JSON_NAMESPACE_BEGIN'
[build]   102 |                 NLOHMANN_JSON_ABI_TAGS,              \
[build]       |                 ^
[build] C:\Users\pperv\code\unnamed_rpg\vendor\json\include\nlohmann/detail/abi_macros.hpp(65,5): note: expanded from macro 'NLOHMANN_JSON_ABI_TAGS'
[build]    65 |     NLOHMANN_JSON_ABI_TAGS_CONCAT(                                   \
[build]       |     ^
[build] C:\Users\pperv\code\unnamed_rpg\vendor\json\include\nlohmann/detail/abi_macros.hpp(62,45): note: expanded from macro 'NLOHMANN_JSON_ABI_TAGS_CONCAT'
[build]    62 |     NLOHMANN_JSON_ABI_TAGS_CONCAT_EX(a, b, c)
[build]       |                                             ^
[build] In file included from C:\Users\pperv\code\unnamed_rpg\vendor\json-schema-validator\src\json-patch.cpp:1:
[build] In file included from C:\Users\pperv\code\unnamed_rpg\vendor\json-schema-validator\src\json-patch.hpp:3:
[build] In file included from C:\Users\pperv\code\unnamed_rpg\vendor\json\include\nlohmann/json.hpp:60:
[build] C:\Users\pperv\code\unnamed_rpg\vendor\json\include\nlohmann/detail/json_pointer.hpp(30,1): warning: inline namespaces are incompatible with C++98 [-Wc++98-compat]
[build] C:\Users\pperv\code\unnamed_rpg\vendor\json\include\nlohmann/detail/abi_macros.hpp(101,5): note: expanded from macro 'NLOHMANN_JSON_NAMESPACE_BEGIN'
[build]   101 |     inline namespace NLOHMANN_JSON_NAMESPACE_CONCAT( \
[build]       |     ^
[build] In file included from C:\Users\pperv\code\unnamed_rpg\vendor\json-schema-validator\src\json-patch.cpp:1:
[build] In file included from C:\Users\pperv\code\unnamed_rpg\vendor\json-schema-validator\src\json-patch.hpp:3:
[build] In file included from C:\Users\pperv\code\unnamed_rpg\vendor\json\include\nlohmann/json.hpp:60:
[build] C:\Users\pperv\code\unnamed_rpg\vendor\json\include\nlohmann/detail/json_pointer.hpp(38,5): warning: variadic templates are incompatible with C++98 [-Wc++98-compat]
[build]    38 |     NLOHMANN_BASIC_JSON_TPL_DECLARATION
[build]       |     ^
[build] C:\Users\pperv\code\unnamed_rpg\vendor\json\include\nlohmann/detail/macro_scope.hpp(337,51): note: expanded from macro 'NLOHMANN_BASIC_JSON_TPL_DECLARATION'
[build]   337 |     template<template<typename, typename, typename...> class ObjectType,   \
[build]       |                                                   ^
[build] In file included from C:\Users\pperv\code\unnamed_rpg\vendor\json-schema-validator\src\json-patch.cpp:1:
[build] In file included from C:\Users\pperv\code\unnamed_rpg\vendor\json-schema-validator\src\json-patch.hpp:3:
[build] In file included from C:\Users\pperv\code\unnamed_rpg\vendor\json\include\nlohmann/json.hpp:60:
[build] C:\Users\pperv\code\unnamed_rpg\vendor\json\include\nlohmann/detail/json_pointer.hpp(38,5): warning: variadic templates are incompatible with C++98 [-Wc++98-compat]
[build] C:\Users\pperv\code\unnamed_rpg\vendor\json\include\nlohmann/detail/macro_scope.hpp(338,41): note: expanded from macro 'NLOHMANN_BASIC_JSON_TPL_DECLARATION'
[build]   338 |              template<typename, typename...> class ArrayType,              \
[build]       |                                         ^
[build] In file included from C:\Users\pperv\code\unnamed_rpg\vendor\json-schema-validator\src\json-patch.cpp:1:
[build] In file included from C:\Users\pperv\code\unnamed_rpg\vendor\json-schema-validator\src\json-patch.hpp:3:
[build] In file included from C:\Users\pperv\code\unnamed_rpg\vendor\json\include\nlohmann/json.hpp:60:
[build] C:\Users\pperv\code\unnamed_rpg\vendor\json\include\nlohmann/detail/json_pointer.hpp(47,22): warning: alias declarations are incompatible with C++98 [-Wc++98-compat]
[build]    47 |         using type = T;
[build]       |                      ^
[build] C:\Users\pperv\code\unnamed_rpg\vendor\json\include\nlohmann/detail/json_pointer.hpp(50,5): warning: variadic templates are incompatible with C++98 [-Wc++98-compat]
[build]    50 |     NLOHMANN_BASIC_JSON_TPL_DECLARATION
[build]       |     ^
[build] C:\Users\pperv\code\unnamed_rpg\vendor\json\include\nlohmann/detail/macro_scope.hpp(337,51): note: expanded from macro 'NLOHMANN_BASIC_JSON_TPL_DECLARATION'
[build]   337 |     template<template<typename, typename, typename...> class ObjectType,   \
[build]       |                                                   ^
[build] In file included from C:\Users\pperv\code\unnamed_rpg\vendor\json-schema-validator\src\json-patch.cpp:1:
[build] In file included from C:\Users\pperv\code\unnamed_rpg\vendor\json-schema-validator\src\json-patch.hpp:3:
[build] In file included from C:\Users\pperv\code\unnamed_rpg\vendor\json\include\nlohmann/json.hpp:60:
[build] C:\Users\pperv\code\unnamed_rpg\vendor\json\include\nlohmann/detail/json_pointer.hpp(50,5): warning: variadic templates are incompatible with C++98 [-Wc++98-compat]
[build] C:\Users\pperv\code\unnamed_rpg\vendor\json\include\nlohmann/detail/macro_scope.hpp(338,41): note: expanded from macro 'NLOHMANN_BASIC_JSON_TPL_DECLARATION'
[build]   338 |              template<typename, typename...> class ArrayType,              \
[build]       |                                         ^
[build] In file included from C:\Users\pperv\code\unnamed_rpg\vendor\json-schema-validator\src\json-patch.cpp:1:
[build] In file included from C:\Users\pperv\code\unnamed_rpg\vendor\json-schema-validator\src\json-patch.hpp:3:
[build] In file included from C:\Users\pperv\code\unnamed_rpg\vendor\json\include\nlohmann/json.hpp:60:
[build] C:\Users\pperv\code\unnamed_rpg\vendor\json\include\nlohmann/detail/json_pointer.hpp(53,22): warning: alias declarations are incompatible with C++98 [-Wc++98-compat]
[build]    53 |         using type = StringType;
[build]       |                      ^
[build] C:\Users\pperv\code\unnamed_rpg\vendor\json\include\nlohmann/detail/json_pointer.hpp(58,22): warning: alias declarations are incompatible with C++98 [-Wc++98-compat]
[build]    58 |     using string_t = typename string_t_helper<RefStringType>::type;
[build]       |                      ^
[build] C:\Users\pperv\code\unnamed_rpg\vendor\json\include\nlohmann/detail/json_pointer.hpp(190,29): warning: rvalue references are incompatible with C++98 [-Wc++98-compat]
[build]   190 |     void push_front(string_t&& token)
[build]       |                             ^
[build] C:\Users\pperv\code\unnamed_rpg\vendor\json\include\nlohmann/detail/json_pointer.hpp(228,28): warning: rvalue references are incompatible with C++98 [-Wc++98-compat]
[build]   228 |     void push_back(string_t&& token)
[build]       |                            ^
[build] C:\Users\pperv\code\unnamed_rpg\vendor\json\include\nlohmann/detail/json_pointer.hpp(236,5): warning: noexcept specifications are incompatible with C++98 [-Wc++98-compat]
[build]   236 |     {
[build]       |     ^
[build] C:\Users\pperv\code\unnamed_rpg\vendor\json\include\nlohmann/detail/json_pointer.hpp(961,43): warning: reference qualifiers on functions are incompatible with C++98 [-Wc++98-compat]
[build]   961 |     json_pointer<string_t> convert() const&
[build]       |                                           ^
[build] C:\Users\pperv\code\unnamed_rpg\vendor\json\include\nlohmann/detail/json_pointer.hpp(968,37): warning: reference qualifiers on functions are incompatible with C++98 [-Wc++98-compat]
[build]   968 |     json_pointer<string_t> convert()&&
[build]       |                                     ^
[build] C:\Users\pperv\code\unnamed_rpg\vendor\json\include\nlohmann/detail/json_pointer.hpp(1005,79): warning: noexcept specifications are incompatible with C++98 [-Wc++98-compat]
[build]  1005 |                            const json_pointer<RefStringTypeRhs>& rhs) noexcept;
[build]       |                                                                               ^
[build] C:\Users\pperv\code\unnamed_rpg\vendor\json\include\nlohmann/detail/json_pointer.hpp(1026,79): warning: noexcept specifications are incompatible with C++98 [-Wc++98-compat]
[build]  1026 |                            const json_pointer<RefStringTypeRhs>& rhs) noexcept;
[build]       |                                                                               ^
[build] C:\Users\pperv\code\unnamed_rpg\vendor\json\include\nlohmann/detail/json_pointer.hpp(1046,78): warning: noexcept specifications are incompatible with C++98 [-Wc++98-compat]
[build]  1046 |                           const json_pointer<RefStringTypeRhs>& rhs) noexcept;
[build]       |                                                                              ^
[build] C:\Users\pperv\code\unnamed_rpg\vendor\json\include\nlohmann/detail/json_pointer.hpp(1058,67): warning: noexcept specifications are incompatible with C++98 [-Wc++98-compat]
[build]  1058 |                        const json_pointer<RefStringTypeRhs>& rhs) noexcept
[build]       |                                                                   ^
[build] C:\Users\pperv\code\unnamed_rpg\vendor\json\include\nlohmann/detail/json_pointer.hpp(1064,19): warning: default template arguments for a function template are incompatible with C++98 [-Wc++98-compat]
[build]  1064 |          typename StringType = typename json_pointer<RefStringTypeLhs>::string_t>
[build]       |                   ^            ~~~~~~~~~~~~~~~~~~~~~~~~~~~~~~~~~~~~~~~~~~~~~~~~~
[build] C:\Users\pperv\code\unnamed_rpg\vendor\json\include\nlohmann/detail/json_pointer.hpp(1073,19): warning: default template arguments for a function template are incompatible with C++98 [-Wc++98-compat]
[build]  1073 |          typename StringType = typename json_pointer<RefStringTypeRhs>::string_t>
[build]       |                   ^            ~~~~~~~~~~~~~~~~~~~~~~~~~~~~~~~~~~~~~~~~~~~~~~~~~
[build] C:\Users\pperv\code\unnamed_rpg\vendor\json\include\nlohmann/detail/json_pointer.hpp(1083,67): warning: noexcept specifications are incompatible with C++98 [-Wc++98-compat]
[build]  1083 |                        const json_pointer<RefStringTypeRhs>& rhs) noexcept
[build]       |                                                                   ^
[build] C:\Users\pperv\code\unnamed_rpg\vendor\json\include\nlohmann/detail/json_pointer.hpp(1089,19): warning: default template arguments for a function template are incompatible with C++98 [-Wc++98-compat]
[build]  1089 |          typename StringType = typename json_pointer<RefStringTypeLhs>::string_t>
[build]       |                   ^            ~~~~~~~~~~~~~~~~~~~~~~~~~~~~~~~~~~~~~~~~~~~~~~~~~
[build] C:\Users\pperv\code\unnamed_rpg\vendor\json\include\nlohmann/detail/json_pointer.hpp(1098,19): warning: default template arguments for a function template are incompatible with C++98 [-Wc++98-compat]
[build]  1098 |          typename StringType = typename json_pointer<RefStringTypeRhs>::string_t>
[build]       |                   ^            ~~~~~~~~~~~~~~~~~~~~~~~~~~~~~~~~~~~~~~~~~~~~~~~~~
[build] C:\Users\pperv\code\unnamed_rpg\vendor\json\include\nlohmann/detail/json_pointer.hpp(1108,66): warning: noexcept specifications are incompatible with C++98 [-Wc++98-compat]
[build]  1108 |                       const json_pointer<RefStringTypeRhs>& rhs) noexcept
[build]       |                                                                  ^
[build] In file included from C:\Users\pperv\code\unnamed_rpg\vendor\json-schema-validator\src\json-patch.cpp:1:
[build] In file included from C:\Users\pperv\code\unnamed_rpg\vendor\json-schema-validator\src\json-patch.hpp:3:
[build] In file included from C:\Users\pperv\code\unnamed_rpg\vendor\json\include\nlohmann/json.hpp:61:
[build] C:\Users\pperv\code\unnamed_rpg\vendor\json\include\nlohmann/detail/json_ref.hpp(17,1): warning: empty macro arguments are incompatible with C++98 [-Wc++98-compat-pedantic]
[build]    17 | NLOHMANN_JSON_NAMESPACE_BEGIN
[build]       | ^
[build] C:\Users\pperv\code\unnamed_rpg\vendor\json\include\nlohmann/detail/abi_macros.hpp(102,17): note: expanded from macro 'NLOHMANN_JSON_NAMESPACE_BEGIN'
[build]   102 |                 NLOHMANN_JSON_ABI_TAGS,              \
[build]       |                 ^
[build] C:\Users\pperv\code\unnamed_rpg\vendor\json\include\nlohmann/detail/abi_macros.hpp(65,5): note: expanded from macro 'NLOHMANN_JSON_ABI_TAGS'
[build]    65 |     NLOHMANN_JSON_ABI_TAGS_CONCAT(                                   \
[build]       |     ^
[build] C:\Users\pperv\code\unnamed_rpg\vendor\json\include\nlohmann/detail/abi_macros.hpp(62,39): note: expanded from macro 'NLOHMANN_JSON_ABI_TAGS_CONCAT'
[build]    62 |     NLOHMANN_JSON_ABI_TAGS_CONCAT_EX(a, b, c)
[build]       |                                       ^
[build] In file included from C:\Users\pperv\code\unnamed_rpg\vendor\json-schema-validator\src\json-patch.cpp:1:
[build] In file included from C:\Users\pperv\code\unnamed_rpg\vendor\json-schema-validator\src\json-patch.hpp:3:
[build] In file included from C:\Users\pperv\code\unnamed_rpg\vendor\json\include\nlohmann/json.hpp:61:
[build] C:\Users\pperv\code\unnamed_rpg\vendor\json\include\nlohmann/detail/json_ref.hpp(17,1): warning: empty macro arguments are incompatible with C++98 [-Wc++98-compat-pedantic]
[build] C:\Users\pperv\code\unnamed_rpg\vendor\json\include\nlohmann/detail/abi_macros.hpp(102,17): note: expanded from macro 'NLOHMANN_JSON_NAMESPACE_BEGIN'
[build]   102 |                 NLOHMANN_JSON_ABI_TAGS,              \
[build]       |                 ^
[build] C:\Users\pperv\code\unnamed_rpg\vendor\json\include\nlohmann/detail/abi_macros.hpp(65,5): note: expanded from macro 'NLOHMANN_JSON_ABI_TAGS'
[build]    65 |     NLOHMANN_JSON_ABI_TAGS_CONCAT(                                   \
[build]       |     ^
[build] C:\Users\pperv\code\unnamed_rpg\vendor\json\include\nlohmann/detail/abi_macros.hpp(62,42): note: expanded from macro 'NLOHMANN_JSON_ABI_TAGS_CONCAT'
[build]    62 |     NLOHMANN_JSON_ABI_TAGS_CONCAT_EX(a, b, c)
[build]       |                                          ^
[build] In file included from C:\Users\pperv\code\unnamed_rpg\vendor\json-schema-validator\src\json-patch.cpp:1:
[build] In file included from C:\Users\pperv\code\unnamed_rpg\vendor\json-schema-validator\src\json-patch.hpp:3:
[build] In file included from C:\Users\pperv\code\unnamed_rpg\vendor\json\include\nlohmann/json.hpp:61:
[build] C:\Users\pperv\code\unnamed_rpg\vendor\json\include\nlohmann/detail/json_ref.hpp(17,1): warning: empty macro arguments are incompatible with C++98 [-Wc++98-compat-pedantic]
[build] C:\Users\pperv\code\unnamed_rpg\vendor\json\include\nlohmann/detail/abi_macros.hpp(102,17): note: expanded from macro 'NLOHMANN_JSON_NAMESPACE_BEGIN'
[build]   102 |                 NLOHMANN_JSON_ABI_TAGS,              \
[build]       |                 ^
[build] C:\Users\pperv\code\unnamed_rpg\vendor\json\include\nlohmann/detail/abi_macros.hpp(65,5): note: expanded from macro 'NLOHMANN_JSON_ABI_TAGS'
[build]    65 |     NLOHMANN_JSON_ABI_TAGS_CONCAT(                                   \
[build]       |     ^
[build] C:\Users\pperv\code\unnamed_rpg\vendor\json\include\nlohmann/detail/abi_macros.hpp(62,45): note: expanded from macro 'NLOHMANN_JSON_ABI_TAGS_CONCAT'
[build]    62 |     NLOHMANN_JSON_ABI_TAGS_CONCAT_EX(a, b, c)
[build]       |                                             ^
[build] In file included from C:\Users\pperv\code\unnamed_rpg\vendor\json-schema-validator\src\json-patch.cpp:1:
[build] In file included from C:\Users\pperv\code\unnamed_rpg\vendor\json-schema-validator\src\json-patch.hpp:3:
[build] In file included from C:\Users\pperv\code\unnamed_rpg\vendor\json\include\nlohmann/json.hpp:61:
[build] C:\Users\pperv\code\unnamed_rpg\vendor\json\include\nlohmann/detail/json_ref.hpp(17,1): warning: inline namespaces are incompatible with C++98 [-Wc++98-compat]
[build] C:\Users\pperv\code\unnamed_rpg\vendor\json\include\nlohmann/detail/abi_macros.hpp(101,5): note: expanded from macro 'NLOHMANN_JSON_NAMESPACE_BEGIN'
[build]   101 |     inline namespace NLOHMANN_JSON_NAMESPACE_CONCAT( \
[build]       |     ^
[build] In file included from C:\Users\pperv\code\unnamed_rpg\vendor\json-schema-validator\src\json-patch.cpp:1:
[build] In file included from C:\Users\pperv\code\unnamed_rpg\vendor\json-schema-validator\src\json-patch.hpp:3:
[build] In file included from C:\Users\pperv\code\unnamed_rpg\vendor\json\include\nlohmann/json.hpp:61:
[build] C:\Users\pperv\code\unnamed_rpg\vendor\json\include\nlohmann/detail/json_ref.hpp(25,24): warning: alias declarations are incompatible with C++98 [-Wc++98-compat]
[build]    25 |     using value_type = BasicJsonType;
[build]       |                        ^
[build] C:\Users\pperv\code\unnamed_rpg\vendor\json\include\nlohmann/detail/json_ref.hpp(27,24): warning: rvalue references are incompatible with C++98 [-Wc++98-compat]
[build]    27 |     json_ref(value_type&& value)
[build]       |                        ^
[build] C:\Users\pperv\code\unnamed_rpg\vendor\json\include\nlohmann/detail/json_ref.hpp(40,14): warning: variadic templates are incompatible with C++98 [-Wc++98-compat]
[build]    40 |         class... Args,
[build]       |              ^
[build] C:\Users\pperv\code\unnamed_rpg\vendor\json\include\nlohmann/detail/json_ref.hpp(42,19): warning: rvalue references are incompatible with C++98 [-Wc++98-compat]
[build]    42 |     json_ref(Args && ... args)
[build]       |                   ^
[build] C:\Users\pperv\code\unnamed_rpg\vendor\json\include\nlohmann/detail/json_ref.hpp(41,77): warning: default template arguments for a function template are incompatible with C++98 [-Wc++98-compat]
[build]    41 |         enable_if_t<std::is_constructible<value_type, Args...>::value, int> = 0 >
[build]       |                                                                             ^ ~
[build] C:\Users\pperv\code\unnamed_rpg\vendor\json\include\nlohmann/detail/json_ref.hpp(47,22): warning: rvalue references are incompatible with C++98 [-Wc++98-compat]
[build]    47 |     json_ref(json_ref&&) noexcept = default;
[build]       |                      ^
[build] C:\Users\pperv\code\unnamed_rpg\vendor\json\include\nlohmann/detail/json_ref.hpp(47,35): warning: noexcept specifications are incompatible with C++98 [-Wc++98-compat]
[build]    47 |     json_ref(json_ref&&) noexcept = default;
[build]       |                                   ^
[build] C:\Users\pperv\code\unnamed_rpg\vendor\json\include\nlohmann/detail/json_ref.hpp(47,37): warning: defaulted function definitions are incompatible with C++98 [-Wc++98-compat]
[build]    47 |     json_ref(json_ref&&) noexcept = default;
[build]       |                                     ^
[build] C:\Users\pperv\code\unnamed_rpg\vendor\json\include\nlohmann/detail/json_ref.hpp(48,33): warning: deleted function definitions are incompatible with C++98 [-Wc++98-compat]
[build]    48 |     json_ref(const json_ref&) = delete;
[build]       |                                 ^
[build] C:\Users\pperv\code\unnamed_rpg\vendor\json\include\nlohmann/detail/json_ref.hpp(49,44): warning: deleted function definitions are incompatible with C++98 [-Wc++98-compat]
[build]    49 |     json_ref& operator=(const json_ref&) = delete;
[build]       |                                            ^
[build] C:\Users\pperv\code\unnamed_rpg\vendor\json\include\nlohmann/detail/json_ref.hpp(50,33): warning: rvalue references are incompatible with C++98 [-Wc++98-compat]
[build]    50 |     json_ref& operator=(json_ref&&) = delete;
[build]       |                                 ^
[build] C:\Users\pperv\code\unnamed_rpg\vendor\json\include\nlohmann/detail/json_ref.hpp(50,39): warning: deleted function definitions are incompatible with C++98 [-Wc++98-compat]
[build]    50 |     json_ref& operator=(json_ref&&) = delete;
[build]       |                                       ^
[build] C:\Users\pperv\code\unnamed_rpg\vendor\json\include\nlohmann/detail/json_ref.hpp(51,19): warning: defaulted function definitions are incompatible with C++98 [-Wc++98-compat]
[build]    51 |     ~json_ref() = default;
[build]       |                   ^
[build] C:\Users\pperv\code\unnamed_rpg\vendor\json\include\nlohmann/detail/json_ref.hpp(73,36): warning: default member initializer for non-static data members is incompatible with C++98 [-Wc++98-compat]
[build]    73 |     mutable value_type owned_value = nullptr;
[build]       |                                    ^
[build] C:\Users\pperv\code\unnamed_rpg\vendor\json\include\nlohmann/detail/json_ref.hpp(74,33): warning: default member initializer for non-static data members is incompatible with C++98 [-Wc++98-compat]
[build]    74 |     value_type const* value_ref = nullptr;
[build]       |                                 ^
[build] C:\Users\pperv\code\unnamed_rpg\vendor\json\include\nlohmann/detail/json_ref.hpp(73,38): warning: 'nullptr' is incompatible with C++98 [-Wc++98-compat]
[build]    73 |     mutable value_type owned_value = nullptr;
[build]       |                                      ^
[build] C:\Users\pperv\code\unnamed_rpg\vendor\json\include\nlohmann/detail/json_ref.hpp(74,35): warning: 'nullptr' is incompatible with C++98 [-Wc++98-compat]
[build]    74 |     value_type const* value_ref = nullptr;
[build]       |                                   ^
[build] In file included from C:\Users\pperv\code\unnamed_rpg\vendor\json-schema-validator\src\json-patch.cpp:1:
[build] In file included from C:\Users\pperv\code\unnamed_rpg\vendor\json-schema-validator\src\json-patch.hpp:3:
[build] In file included from C:\Users\pperv\code\unnamed_rpg\vendor\json\include\nlohmann/json.hpp:68:
[build] In file included from C:\Users\pperv\code\unnamed_rpg\vendor\json\include\nlohmann/detail/output/binary_writer.hpp:24:
[build] C:\Users\pperv\code\unnamed_rpg\vendor\json\include\nlohmann/detail/output/output_adapters.hpp(25,1): warning: empty macro arguments are incompatible with C++98 [-Wc++98-compat-pedantic]
[build]    25 | NLOHMANN_JSON_NAMESPACE_BEGIN
[build]       | ^
[build] C:\Users\pperv\code\unnamed_rpg\vendor\json\include\nlohmann/detail/abi_macros.hpp(102,17): note: expanded from macro 'NLOHMANN_JSON_NAMESPACE_BEGIN'
[build]   102 |                 NLOHMANN_JSON_ABI_TAGS,              \
[build]       |                 ^
[build] C:\Users\pperv\code\unnamed_rpg\vendor\json\include\nlohmann/detail/abi_macros.hpp(65,5): note: expanded from macro 'NLOHMANN_JSON_ABI_TAGS'
[build]    65 |     NLOHMANN_JSON_ABI_TAGS_CONCAT(                                   \
[build]       |     ^
[build] C:\Users\pperv\code\unnamed_rpg\vendor\json\include\nlohmann/detail/abi_macros.hpp(62,39): note: expanded from macro 'NLOHMANN_JSON_ABI_TAGS_CONCAT'
[build]    62 |     NLOHMANN_JSON_ABI_TAGS_CONCAT_EX(a, b, c)
[build]       |                                       ^
[build] In file included from C:\Users\pperv\code\unnamed_rpg\vendor\json-schema-validator\src\json-patch.cpp:1:
[build] In file included from C:\Users\pperv\code\unnamed_rpg\vendor\json-schema-validator\src\json-patch.hpp:3:
[build] In file included from C:\Users\pperv\code\unnamed_rpg\vendor\json\include\nlohmann/json.hpp:68:
[build] In file included from C:\Users\pperv\code\unnamed_rpg\vendor\json\include\nlohmann/detail/output/binary_writer.hpp:24:
[build] C:\Users\pperv\code\unnamed_rpg\vendor\json\include\nlohmann/detail/output/output_adapters.hpp(25,1): warning: empty macro arguments are incompatible with C++98 [-Wc++98-compat-pedantic]
[build] C:\Users\pperv\code\unnamed_rpg\vendor\json\include\nlohmann/detail/abi_macros.hpp(102,17): note: expanded from macro 'NLOHMANN_JSON_NAMESPACE_BEGIN'
[build]   102 |                 NLOHMANN_JSON_ABI_TAGS,              \
[build]       |                 ^
[build] C:\Users\pperv\code\unnamed_rpg\vendor\json\include\nlohmann/detail/abi_macros.hpp(65,5): note: expanded from macro 'NLOHMANN_JSON_ABI_TAGS'
[build]    65 |     NLOHMANN_JSON_ABI_TAGS_CONCAT(                                   \
[build]       |     ^
[build] C:\Users\pperv\code\unnamed_rpg\vendor\json\include\nlohmann/detail/abi_macros.hpp(62,42): note: expanded from macro 'NLOHMANN_JSON_ABI_TAGS_CONCAT'
[build]    62 |     NLOHMANN_JSON_ABI_TAGS_CONCAT_EX(a, b, c)
[build]       |                                          ^
[build] In file included from C:\Users\pperv\code\unnamed_rpg\vendor\json-schema-validator\src\json-patch.cpp:1:
[build] In file included from C:\Users\pperv\code\unnamed_rpg\vendor\json-schema-validator\src\json-patch.hpp:3:
[build] In file included from C:\Users\pperv\code\unnamed_rpg\vendor\json\include\nlohmann/json.hpp:68:
[build] In file included from C:\Users\pperv\code\unnamed_rpg\vendor\json\include\nlohmann/detail/output/binary_writer.hpp:24:
[build] C:\Users\pperv\code\unnamed_rpg\vendor\json\include\nlohmann/detail/output/output_adapters.hpp(25,1): warning: empty macro arguments are incompatible with C++98 [-Wc++98-compat-pedantic]
[build] C:\Users\pperv\code\unnamed_rpg\vendor\json\include\nlohmann/detail/abi_macros.hpp(102,17): note: expanded from macro 'NLOHMANN_JSON_NAMESPACE_BEGIN'
[build]   102 |                 NLOHMANN_JSON_ABI_TAGS,              \
[build]       |                 ^
[build] C:\Users\pperv\code\unnamed_rpg\vendor\json\include\nlohmann/detail/abi_macros.hpp(65,5): note: expanded from macro 'NLOHMANN_JSON_ABI_TAGS'
[build]    65 |     NLOHMANN_JSON_ABI_TAGS_CONCAT(                                   \
[build]       |     ^
[build] C:\Users\pperv\code\unnamed_rpg\vendor\json\include\nlohmann/detail/abi_macros.hpp(62,45): note: expanded from macro 'NLOHMANN_JSON_ABI_TAGS_CONCAT'
[build]    62 |     NLOHMANN_JSON_ABI_TAGS_CONCAT_EX(a, b, c)
[build]       |                                             ^
[build] In file included from C:\Users\pperv\code\unnamed_rpg\vendor\json-schema-validator\src\json-patch.cpp:1:
[build] In file included from C:\Users\pperv\code\unnamed_rpg\vendor\json-schema-validator\src\json-patch.hpp:3:
[build] In file included from C:\Users\pperv\code\unnamed_rpg\vendor\json\include\nlohmann/json.hpp:68:
[build] In file included from C:\Users\pperv\code\unnamed_rpg\vendor\json\include\nlohmann/detail/output/binary_writer.hpp:24:
[build] C:\Users\pperv\code\unnamed_rpg\vendor\json\include\nlohmann/detail/output/output_adapters.hpp(25,1): warning: inline namespaces are incompatible with C++98 [-Wc++98-compat]
[build] C:\Users\pperv\code\unnamed_rpg\vendor\json\include\nlohmann/detail/abi_macros.hpp(101,5): note: expanded from macro 'NLOHMANN_JSON_NAMESPACE_BEGIN'
[build]   101 |     inline namespace NLOHMANN_JSON_NAMESPACE_CONCAT( \
[build]       |     ^
[build] In file included from C:\Users\pperv\code\unnamed_rpg\vendor\json-schema-validator\src\json-patch.cpp:1:
[build] In file included from C:\Users\pperv\code\unnamed_rpg\vendor\json-schema-validator\src\json-patch.hpp:3:
[build] In file included from C:\Users\pperv\code\unnamed_rpg\vendor\json\include\nlohmann/json.hpp:68:
[build] In file included from C:\Users\pperv\code\unnamed_rpg\vendor\json\include\nlohmann/detail/output/binary_writer.hpp:24:
[build] C:\Users\pperv\code\unnamed_rpg\vendor\json\include\nlohmann/detail/output/output_adapters.hpp(34,42): warning: defaulted function definitions are incompatible with C++98 [-Wc++98-compat]
[build]    34 |     virtual ~output_adapter_protocol() = default;
[build]       |                                          ^
[build] C:\Users\pperv\code\unnamed_rpg\vendor\json\include\nlohmann/detail/output/output_adapters.hpp(36,33): warning: defaulted function definitions are incompatible with C++98 [-Wc++98-compat]
[build]    36 |     output_adapter_protocol() = default;
[build]       |                                 ^
[build] C:\Users\pperv\code\unnamed_rpg\vendor\json\include\nlohmann/detail/output/output_adapters.hpp(37,63): warning: defaulted function definitions are incompatible with C++98 [-Wc++98-compat]
[build]    37 |     output_adapter_protocol(const output_adapter_protocol&) = default;
[build]       |                                                               ^
[build] C:\Users\pperv\code\unnamed_rpg\vendor\json\include\nlohmann/detail/output/output_adapters.hpp(38,52): warning: rvalue references are incompatible with C++98 [-Wc++98-compat]
[build]    38 |     output_adapter_protocol(output_adapter_protocol&&) noexcept = default;
[build]       |                                                    ^
[build] C:\Users\pperv\code\unnamed_rpg\vendor\json\include\nlohmann/detail/output/output_adapters.hpp(38,65): warning: noexcept specifications are incompatible with C++98 [-Wc++98-compat]
[build]    38 |     output_adapter_protocol(output_adapter_protocol&&) noexcept = default;
[build]       |                                                                 ^
[build] C:\Users\pperv\code\unnamed_rpg\vendor\json\include\nlohmann/detail/output/output_adapters.hpp(38,67): warning: defaulted function definitions are incompatible with C++98 [-Wc++98-compat]
[build]    38 |     output_adapter_protocol(output_adapter_protocol&&) noexcept = default;
[build]       |                                                                   ^
[build] C:\Users\pperv\code\unnamed_rpg\vendor\json\include\nlohmann/detail/output/output_adapters.hpp(39,74): warning: defaulted function definitions are incompatible with C++98 [-Wc++98-compat]
[build]    39 |     output_adapter_protocol& operator=(const output_adapter_protocol&) = default;
[build]       |                                                                          ^
[build] C:\Users\pperv\code\unnamed_rpg\vendor\json\include\nlohmann/detail/output/output_adapters.hpp(40,63): warning: rvalue references are incompatible with C++98 [-Wc++98-compat]
[build]    40 |     output_adapter_protocol& operator=(output_adapter_protocol&&) noexcept = default;
[build]       |                                                               ^
[build] C:\Users\pperv\code\unnamed_rpg\vendor\json\include\nlohmann/detail/output/output_adapters.hpp(40,76): warning: noexcept specifications are incompatible with C++98 [-Wc++98-compat]
[build]    40 |     output_adapter_protocol& operator=(output_adapter_protocol&&) noexcept = default;
[build]       |                                                                            ^
[build] C:\Users\pperv\code\unnamed_rpg\vendor\json\include\nlohmann/detail/output/output_adapters.hpp(40,78): warning: defaulted function definitions are incompatible with C++98 [-Wc++98-compat]
[build]    40 |     output_adapter_protocol& operator=(output_adapter_protocol&&) noexcept = default;
[build]       |                                                                              ^
[build] C:\Users\pperv\code\unnamed_rpg\vendor\json\include\nlohmann/detail/output/output_adapters.hpp(45,26): warning: alias declarations are incompatible with C++98 [-Wc++98-compat]
[build]    45 | using output_adapter_t = std::shared_ptr<output_adapter_protocol<CharType>>;
[build]       |                          ^
[build] C:\Users\pperv\code\unnamed_rpg\vendor\json\include\nlohmann/detail/output/output_adapters.hpp(45,74): warning: consecutive right angle brackets are incompatible with C++98 (use '> >') [-Wc++98-compat]
[build]    45 | using output_adapter_t = std::shared_ptr<output_adapter_protocol<CharType>>;
[build]       |                                                                          ^~
[build]       |                                                                          > >
[build] C:\Users\pperv\code\unnamed_rpg\vendor\json\include\nlohmann/detail/output/output_adapters.hpp(48,77): warning: consecutive right angle brackets are incompatible with C++98 (use '> >') [-Wc++98-compat]
[build]    48 | template<typename CharType, typename AllocatorType = std::allocator<CharType>>
[build]       |                                                                             ^~
[build]       |                                                                             > >
[build] C:\Users\pperv\code\unnamed_rpg\vendor\json\include\nlohmann/detail/output/output_adapters.hpp(53,9): warning: noexcept specifications are incompatible with C++98 [-Wc++98-compat]
[build]    53 |         : v(vec)
[build]       |         ^
[build] C:\Users\pperv\code\unnamed_rpg\vendor\json\include\nlohmann/detail/output/output_adapters.hpp(56,38): warning: 'override' keyword is incompatible with C++98 [-Wc++98-compat]
[build]    56 |     void write_character(CharType c) override
[build]       |                                      ^
[build] C:\Users\pperv\code\unnamed_rpg\vendor\json\include\nlohmann/detail/output/output_adapters.hpp(62,66): warning: 'override' keyword is incompatible with C++98 [-Wc++98-compat]
[build]    62 |     void write_characters(const CharType* s, std::size_t length) override
[build]       |                                                                  ^
[build] C:\Users\pperv\code\unnamed_rpg\vendor\json\include\nlohmann/detail/output/output_adapters.hpp(78,9): warning: noexcept specifications are incompatible with C++98 [-Wc++98-compat]
[build]    78 |         : stream(s)
[build]       |         ^
[build] C:\Users\pperv\code\unnamed_rpg\vendor\json\include\nlohmann/detail/output/output_adapters.hpp(81,38): warning: 'override' keyword is incompatible with C++98 [-Wc++98-compat]
[build]    81 |     void write_character(CharType c) override
[build]       |                                      ^
[build] C:\Users\pperv\code\unnamed_rpg\vendor\json\include\nlohmann/detail/output/output_adapters.hpp(87,66): warning: 'override' keyword is incompatible with C++98 [-Wc++98-compat]
[build]    87 |     void write_characters(const CharType* s, std::size_t length) override
[build]       |                                                                  ^
[build] C:\Users\pperv\code\unnamed_rpg\vendor\json\include\nlohmann/detail/output/output_adapters.hpp(98,77): warning: consecutive right angle brackets are incompatible with C++98 (use '> >') [-Wc++98-compat]
[build]    98 | template<typename CharType, typename StringType = std::basic_string<CharType>>
[build]       |                                                                             ^~
[build]       |                                                                             > >
[build] C:\Users\pperv\code\unnamed_rpg\vendor\json\include\nlohmann/detail/output/output_adapters.hpp(103,9): warning: noexcept specifications are incompatible with C++98 [-Wc++98-compat]
[build]   103 |         : str(s)
[build]       |         ^
[build] C:\Users\pperv\code\unnamed_rpg\vendor\json\include\nlohmann/detail/output/output_adapters.hpp(106,38): warning: 'override' keyword is incompatible with C++98 [-Wc++98-compat]
[build]   106 |     void write_character(CharType c) override
[build]       |                                      ^
[build] C:\Users\pperv\code\unnamed_rpg\vendor\json\include\nlohmann/detail/output/output_adapters.hpp(112,66): warning: 'override' keyword is incompatible with C++98 [-Wc++98-compat]
[build]   112 |     void write_characters(const CharType* s, std::size_t length) override
[build]       |                                                                  ^
[build] C:\Users\pperv\code\unnamed_rpg\vendor\json\include\nlohmann/detail/output/output_adapters.hpp(121,77): warning: consecutive right angle brackets are incompatible with C++98 (use '> >') [-Wc++98-compat]
[build]   121 | template<typename CharType, typename StringType = std::basic_string<CharType>>
[build]       |                                                                             ^~
[build]       |                                                                             > >
[build] C:\Users\pperv\code\unnamed_rpg\vendor\json\include\nlohmann/detail/output/output_adapters.hpp(125,62): warning: consecutive right angle brackets are incompatible with C++98 (use '> >') [-Wc++98-compat]
[build]   125 |     template<typename AllocatorType = std::allocator<CharType>>
[build]       |                                                              ^~
[build]       |                                                              > >
[build] C:\Users\pperv\code\unnamed_rpg\vendor\json\include\nlohmann/detail/output/output_adapters.hpp(125,23): warning: default template arguments for a function template are incompatible with C++98 [-Wc++98-compat]
[build]   125 |     template<typename AllocatorType = std::allocator<CharType>>
[build]       |                       ^               ~~~~~~~~~~~~~~~~~~~~~~~~
[build] C:\Users\pperv\code\unnamed_rpg\vendor\json\include\nlohmann/detail/output/output_adapters.hpp(143,35): warning: default member initializer for non-static data members is incompatible with C++98 [-Wc++98-compat]
[build]   143 |     output_adapter_t<CharType> oa = nullptr;
[build]       |                                   ^
[build] C:\Users\pperv\code\unnamed_rpg\vendor\json\include\nlohmann/detail/output/output_adapters.hpp(143,37): warning: 'nullptr' is incompatible with C++98 [-Wc++98-compat]
[build]   143 |     output_adapter_t<CharType> oa = nullptr;
[build]       |                                     ^
[build] In file included from C:\Users\pperv\code\unnamed_rpg\vendor\json-schema-validator\src\json-patch.cpp:1:
[build] In file included from C:\Users\pperv\code\unnamed_rpg\vendor\json-schema-validator\src\json-patch.hpp:3:
[build] In file included from C:\Users\pperv\code\unnamed_rpg\vendor\json\include\nlohmann/json.hpp:68:
[build] C:\Users\pperv\code\unnamed_rpg\vendor\json\include\nlohmann/detail/output/binary_writer.hpp(27,1): warning: empty macro arguments are incompatible with C++98 [-Wc++98-compat-pedantic]
[build]    27 | NLOHMANN_JSON_NAMESPACE_BEGIN
[build]       | ^
[build] C:\Users\pperv\code\unnamed_rpg\vendor\json\include\nlohmann/detail/abi_macros.hpp(102,17): note: expanded from macro 'NLOHMANN_JSON_NAMESPACE_BEGIN'
[build]   102 |                 NLOHMANN_JSON_ABI_TAGS,              \
[build]       |                 ^
[build] C:\Users\pperv\code\unnamed_rpg\vendor\json\include\nlohmann/detail/abi_macros.hpp(65,5): note: expanded from macro 'NLOHMANN_JSON_ABI_TAGS'
[build]    65 |     NLOHMANN_JSON_ABI_TAGS_CONCAT(                                   \
[build]       |     ^
[build] C:\Users\pperv\code\unnamed_rpg\vendor\json\include\nlohmann/detail/abi_macros.hpp(62,39): note: expanded from macro 'NLOHMANN_JSON_ABI_TAGS_CONCAT'
[build]    62 |     NLOHMANN_JSON_ABI_TAGS_CONCAT_EX(a, b, c)
[build]       |                                       ^
[build] In file included from C:\Users\pperv\code\unnamed_rpg\vendor\json-schema-validator\src\json-patch.cpp:1:
[build] In file included from C:\Users\pperv\code\unnamed_rpg\vendor\json-schema-validator\src\json-patch.hpp:3:
[build] In file included from C:\Users\pperv\code\unnamed_rpg\vendor\json\include\nlohmann/json.hpp:68:
[build] C:\Users\pperv\code\unnamed_rpg\vendor\json\include\nlohmann/detail/output/binary_writer.hpp(27,1): warning: empty macro arguments are incompatible with C++98 [-Wc++98-compat-pedantic]
[build] C:\Users\pperv\code\unnamed_rpg\vendor\json\include\nlohmann/detail/abi_macros.hpp(102,17): note: expanded from macro 'NLOHMANN_JSON_NAMESPACE_BEGIN'
[build]   102 |                 NLOHMANN_JSON_ABI_TAGS,              \
[build]       |                 ^
[build] C:\Users\pperv\code\unnamed_rpg\vendor\json\include\nlohmann/detail/abi_macros.hpp(65,5): note: expanded from macro 'NLOHMANN_JSON_ABI_TAGS'
[build]    65 |     NLOHMANN_JSON_ABI_TAGS_CONCAT(                                   \
[build]       |     ^
[build] C:\Users\pperv\code\unnamed_rpg\vendor\json\include\nlohmann/detail/abi_macros.hpp(62,42): note: expanded from macro 'NLOHMANN_JSON_ABI_TAGS_CONCAT'
[build]    62 |     NLOHMANN_JSON_ABI_TAGS_CONCAT_EX(a, b, c)
[build]       |                                          ^
[build] In file included from C:\Users\pperv\code\unnamed_rpg\vendor\json-schema-validator\src\json-patch.cpp:1:
[build] In file included from C:\Users\pperv\code\unnamed_rpg\vendor\json-schema-validator\src\json-patch.hpp:3:
[build] In file included from C:\Users\pperv\code\unnamed_rpg\vendor\json\include\nlohmann/json.hpp:68:
[build] C:\Users\pperv\code\unnamed_rpg\vendor\json\include\nlohmann/detail/output/binary_writer.hpp(27,1): warning: empty macro arguments are incompatible with C++98 [-Wc++98-compat-pedantic]
[build] C:\Users\pperv\code\unnamed_rpg\vendor\json\include\nlohmann/detail/abi_macros.hpp(102,17): note: expanded from macro 'NLOHMANN_JSON_NAMESPACE_BEGIN'
[build]   102 |                 NLOHMANN_JSON_ABI_TAGS,              \
[build]       |                 ^
[build] C:\Users\pperv\code\unnamed_rpg\vendor\json\include\nlohmann/detail/abi_macros.hpp(65,5): note: expanded from macro 'NLOHMANN_JSON_ABI_TAGS'
[build]    65 |     NLOHMANN_JSON_ABI_TAGS_CONCAT(                                   \
[build]       |     ^
[build] C:\Users\pperv\code\unnamed_rpg\vendor\json\include\nlohmann/detail/abi_macros.hpp(62,45): note: expanded from macro 'NLOHMANN_JSON_ABI_TAGS_CONCAT'
[build]    62 |     NLOHMANN_JSON_ABI_TAGS_CONCAT_EX(a, b, c)
[build]       |                                             ^
[build] In file included from C:\Users\pperv\code\unnamed_rpg\vendor\json-schema-validator\src\json-patch.cpp:1:
[build] In file included from C:\Users\pperv\code\unnamed_rpg\vendor\json-schema-validator\src\json-patch.hpp:3:
[build] In file included from C:\Users\pperv\code\unnamed_rpg\vendor\json\include\nlohmann/json.hpp:68:
[build] C:\Users\pperv\code\unnamed_rpg\vendor\json\include\nlohmann/detail/output/binary_writer.hpp(27,1): warning: inline namespaces are incompatible with C++98 [-Wc++98-compat]
[build] C:\Users\pperv\code\unnamed_rpg\vendor\json\include\nlohmann/detail/abi_macros.hpp(101,5): note: expanded from macro 'NLOHMANN_JSON_NAMESPACE_BEGIN'
[build]   101 |     inline namespace NLOHMANN_JSON_NAMESPACE_CONCAT( \
[build]       |     ^
[build] In file included from C:\Users\pperv\code\unnamed_rpg\vendor\json-schema-validator\src\json-patch.cpp:1:
[build] In file included from C:\Users\pperv\code\unnamed_rpg\vendor\json-schema-validator\src\json-patch.hpp:3:
[build] In file included from C:\Users\pperv\code\unnamed_rpg\vendor\json\include\nlohmann/json.hpp:68:
[build] C:\Users\pperv\code\unnamed_rpg\vendor\json\include\nlohmann/detail/output/binary_writer.hpp(32,6): warning: scoped enumerations are incompatible with C++98 [-Wc++98-compat]
[build]    32 | enum class bjdata_version_t
[build]       |      ^
[build] C:\Users\pperv\code\unnamed_rpg\vendor\json\include\nlohmann/detail/output/binary_writer.hpp(35,11): warning: commas at the end of enumerator lists are incompatible with C++98 [-Wc++98-compat-pedantic]
[build]    35 |     draft3,
[build]       |           ^
[build] C:\Users\pperv\code\unnamed_rpg\vendor\json\include\nlohmann/detail/output/binary_writer.hpp(48,22): warning: alias declarations are incompatible with C++98 [-Wc++98-compat]
[build]    48 |     using string_t = typename BasicJsonType::string_t;
[build]       |                      ^
[build] C:\Users\pperv\code\unnamed_rpg\vendor\json\include\nlohmann/detail/output/binary_writer.hpp(49,22): warning: alias declarations are incompatible with C++98 [-Wc++98-compat]
[build]    49 |     using binary_t = typename BasicJsonType::binary_t;
[build]       |                      ^
[build] C:\Users\pperv\code\unnamed_rpg\vendor\json\include\nlohmann/detail/output/binary_writer.hpp(50,28): warning: alias declarations are incompatible with C++98 [-Wc++98-compat]
[build]    50 |     using number_float_t = typename BasicJsonType::number_float_t;
[build]       |                            ^
[build] C:\Users\pperv\code\unnamed_rpg\vendor\json\include\nlohmann/detail/output/binary_writer.hpp(1099,12): warning: 'constexpr' specifier is incompatible with C++98 [-Wc++98-compat]
[build]  1099 |     static constexpr std::size_t calc_bson_unsigned_size(const std::uint64_t value) noexcept
[build]       |            ^
[build] C:\Users\pperv\code\unnamed_rpg\vendor\json\include\nlohmann/detail/output/binary_writer.hpp(1100,5): warning: noexcept specifications are incompatible with C++98 [-Wc++98-compat]
[build]  1100 |     {
[build]       |     ^
[build] C:\Users\pperv\code\unnamed_rpg\vendor\json\include\nlohmann/detail/output/binary_writer.hpp(1325,12): warning: 'constexpr' specifier is incompatible with C++98 [-Wc++98-compat]
[build]  1325 |     static constexpr CharType get_cbor_float_prefix(float /*unused*/)
[build]       |            ^
[build] C:\Users\pperv\code\unnamed_rpg\vendor\json\include\nlohmann/detail/output/binary_writer.hpp(1330,12): warning: 'constexpr' specifier is incompatible with C++98 [-Wc++98-compat]
[build]  1330 |     static constexpr CharType get_cbor_float_prefix(double /*unused*/)
[build]       |            ^
[build] C:\Users\pperv\code\unnamed_rpg\vendor\json\include\nlohmann/detail/output/binary_writer.hpp(1339,12): warning: 'constexpr' specifier is incompatible with C++98 [-Wc++98-compat]
[build]  1339 |     static constexpr CharType get_msgpack_float_prefix(float /*unused*/)
[build]       |            ^
[build] C:\Users\pperv\code\unnamed_rpg\vendor\json\include\nlohmann/detail/output/binary_writer.hpp(1344,12): warning: 'constexpr' specifier is incompatible with C++98 [-Wc++98-compat]
[build]  1344 |     static constexpr CharType get_msgpack_float_prefix(double /*unused*/)
[build]       |            ^
[build] C:\Users\pperv\code\unnamed_rpg\vendor\json\include\nlohmann/detail/output/binary_writer.hpp(1355,72): warning: default template arguments for a function template are incompatible with C++98 [-Wc++98-compat]
[build]  1355 |                  std::is_floating_point<NumberType>::value, int>::type = 0>
[build]       |                                                                        ^ ~
[build] C:\Users\pperv\code\unnamed_rpg\vendor\json\include\nlohmann/detail/output/binary_writer.hpp(1369,66): warning: default template arguments for a function template are incompatible with C++98 [-Wc++98-compat]
[build]  1369 |                  std::is_unsigned<NumberType>::value, int>::type = 0>
[build]       |                                                                  ^ ~
[build] C:\Users\pperv\code\unnamed_rpg\vendor\json\include\nlohmann/detail/output/binary_writer.hpp(1457,76): warning: default template arguments for a function template are incompatible with C++98 [-Wc++98-compat]
[build]  1457 |                    !std::is_floating_point<NumberType>::value, int >::type = 0 >
[build]       |                                                                            ^ ~
[build] C:\Users\pperv\code\unnamed_rpg\vendor\json\include\nlohmann/detail/output/binary_writer.hpp(1540,5): warning: noexcept specifications are incompatible with C++98 [-Wc++98-compat]
[build]  1540 |     {
[build]       |     ^
[build] C:\Users\pperv\code\unnamed_rpg\vendor\json\include\nlohmann/detail/output/binary_writer.hpp(1640,12): warning: 'constexpr' specifier is incompatible with C++98 [-Wc++98-compat]
[build]  1640 |     static constexpr CharType get_ubjson_float_prefix(float /*unused*/)
[build]       |            ^
[build] C:\Users\pperv\code\unnamed_rpg\vendor\json\include\nlohmann/detail/output/binary_writer.hpp(1645,12): warning: 'constexpr' specifier is incompatible with C++98 [-Wc++98-compat]
[build]  1645 |     static constexpr CharType get_ubjson_float_prefix(double /*unused*/)
[build]       |            ^
[build] C:\Users\pperv\code\unnamed_rpg\vendor\json\include\nlohmann/detail/output/binary_writer.hpp(1874,92): warning: 'nullptr' is incompatible with C++98 [-Wc++98-compat]
[build]  1874 |                enable_if_t < std::is_signed<C>::value && std::is_signed<char>::value > * = nullptr >
[build]       |                                                                                            ^
[build] C:\Users\pperv\code\unnamed_rpg\vendor\json\include\nlohmann/detail/output/binary_writer.hpp(1875,12): warning: 'constexpr' specifier is incompatible with C++98 [-Wc++98-compat]
[build]  1875 |     static constexpr CharType to_char_type(std::uint8_t x) noexcept
[build]       |            ^
[build] C:\Users\pperv\code\unnamed_rpg\vendor\json\include\nlohmann/detail/output/binary_writer.hpp(1876,5): warning: noexcept specifications are incompatible with C++98 [-Wc++98-compat]
[build]  1876 |     {
[build]       |     ^
[build] C:\Users\pperv\code\unnamed_rpg\vendor\json\include\nlohmann/detail/output/binary_writer.hpp(1873,25): warning: default template arguments for a function template are incompatible with C++98 [-Wc++98-compat]
[build]  1873 |     template < typename C = CharType,
[build]       |                         ^   ~~~~~~~~
[build] C:\Users\pperv\code\unnamed_rpg\vendor\json\include\nlohmann/detail/output/binary_writer.hpp(1874,90): warning: default template arguments for a function template are incompatible with C++98 [-Wc++98-compat]
[build]  1874 |                enable_if_t < std::is_signed<C>::value && std::is_signed<char>::value > * = nullptr >
[build]       |                                                                                          ^ ~~~~~~~
[build] C:\Users\pperv\code\unnamed_rpg\vendor\json\include\nlohmann/detail/output/binary_writer.hpp(1881,94): warning: 'nullptr' is incompatible with C++98 [-Wc++98-compat]
[build]  1881 |                enable_if_t < std::is_signed<C>::value && std::is_unsigned<char>::value > * = nullptr >
[build]       |                                                                                              ^
[build] C:\Users\pperv\code\unnamed_rpg\vendor\json\include\nlohmann/detail/output/binary_writer.hpp(1883,5): warning: noexcept specifications are incompatible with C++98 [-Wc++98-compat]
[build]  1883 |     {
[build]       |     ^
[build] C:\Users\pperv\code\unnamed_rpg\vendor\json\include\nlohmann/detail/output/binary_writer.hpp(1880,25): warning: default template arguments for a function template are incompatible with C++98 [-Wc++98-compat]
[build]  1880 |     template < typename C = CharType,
[build]       |                         ^   ~~~~~~~~
[build] C:\Users\pperv\code\unnamed_rpg\vendor\json\include\nlohmann/detail/output/binary_writer.hpp(1881,92): warning: default template arguments for a function template are incompatible with C++98 [-Wc++98-compat]
[build]  1881 |                enable_if_t < std::is_signed<C>::value && std::is_unsigned<char>::value > * = nullptr >
[build]       |                                                                                            ^ ~~~~~~~
[build] C:\Users\pperv\code\unnamed_rpg\vendor\json\include\nlohmann/detail/output/binary_writer.hpp(1905,57): warning: 'nullptr' is incompatible with C++98 [-Wc++98-compat]
[build]  1905 |              enable_if_t<std::is_unsigned<C>::value>* = nullptr>
[build]       |                                                         ^
[build] C:\Users\pperv\code\unnamed_rpg\vendor\json\include\nlohmann/detail/output/binary_writer.hpp(1906,12): warning: 'constexpr' specifier is incompatible with C++98 [-Wc++98-compat]
[build]  1906 |     static constexpr CharType to_char_type(std::uint8_t x) noexcept
[build]       |            ^
[build] C:\Users\pperv\code\unnamed_rpg\vendor\json\include\nlohmann/detail/output/binary_writer.hpp(1907,5): warning: noexcept specifications are incompatible with C++98 [-Wc++98-compat]
[build]  1907 |     {
[build]       |     ^
[build] C:\Users\pperv\code\unnamed_rpg\vendor\json\include\nlohmann/detail/output/binary_writer.hpp(1904,23): warning: default template arguments for a function template are incompatible with C++98 [-Wc++98-compat]
[build]  1904 |     template<typename C = CharType,
[build]       |                       ^   ~~~~~~~~
[build] C:\Users\pperv\code\unnamed_rpg\vendor\json\include\nlohmann/detail/output/binary_writer.hpp(1905,55): warning: default template arguments for a function template are incompatible with C++98 [-Wc++98-compat]
[build]  1905 |              enable_if_t<std::is_unsigned<C>::value>* = nullptr>
[build]       |                                                       ^ ~~~~~~~
[build] C:\Users\pperv\code\unnamed_rpg\vendor\json\include\nlohmann/detail/output/binary_writer.hpp(1916,26): warning: 'nullptr' is incompatible with C++98 [-Wc++98-compat]
[build]  1916 |                    > * = nullptr >
[build]       |                          ^
[build] C:\Users\pperv\code\unnamed_rpg\vendor\json\include\nlohmann/detail/output/binary_writer.hpp(1917,12): warning: 'constexpr' specifier is incompatible with C++98 [-Wc++98-compat]
[build]  1917 |     static constexpr CharType to_char_type(InputCharType x) noexcept
[build]       |            ^
[build] C:\Users\pperv\code\unnamed_rpg\vendor\json\include\nlohmann/detail/output/binary_writer.hpp(1918,5): warning: noexcept specifications are incompatible with C++98 [-Wc++98-compat]
[build]  1918 |     {
[build]       |     ^
[build] C:\Users\pperv\code\unnamed_rpg\vendor\json\include\nlohmann/detail/output/binary_writer.hpp(1911,49): warning: default template arguments for a function template are incompatible with C++98 [-Wc++98-compat]
[build]  1911 |     template < typename InputCharType, typename C = CharType,
[build]       |                                                 ^   ~~~~~~~~
[build] C:\Users\pperv\code\unnamed_rpg\vendor\json\include\nlohmann/detail/output/binary_writer.hpp(1916,24): warning: default template arguments for a function template are incompatible with C++98 [-Wc++98-compat]
[build]  1916 |                    > * = nullptr >
[build]       |                        ^ ~~~~~~~
[build] C:\Users\pperv\code\unnamed_rpg\vendor\json\include\nlohmann/detail/output/binary_writer.hpp(1924,33): warning: default member initializer for non-static data members is incompatible with C++98 [-Wc++98-compat]
[build]  1924 |     const bool is_little_endian = little_endianness();
[build]       |                                 ^
[build] C:\Users\pperv\code\unnamed_rpg\vendor\json\include\nlohmann/detail/output/binary_writer.hpp(1927,35): warning: default member initializer for non-static data members is incompatible with C++98 [-Wc++98-compat]
[build]  1927 |     output_adapter_t<CharType> oa = nullptr;
[build]       |                                   ^
[build] C:\Users\pperv\code\unnamed_rpg\vendor\json\include\nlohmann/detail/output/binary_writer.hpp(749,94): warning: enumeration type in nested name specifier is incompatible with C++98 [-Wc++98-compat]
[build]   749 |                       const bool use_bjdata = false, const bjdata_version_t bjdata_version = bjdata_version_t::draft2)
[build]       |                                                                                              ^
[build] C:\Users\pperv\code\unnamed_rpg\vendor\json\include\nlohmann/detail/output/binary_writer.hpp(1927,37): warning: 'nullptr' is incompatible with C++98 [-Wc++98-compat]
[build]  1927 |     output_adapter_t<CharType> oa = nullptr;
[build]       |                                     ^
[build] In file included from C:\Users\pperv\code\unnamed_rpg\vendor\json-schema-validator\src\json-patch.cpp:1:
[build] In file included from C:\Users\pperv\code\unnamed_rpg\vendor\json-schema-validator\src\json-patch.hpp:3:
[build] In file included from C:\Users\pperv\code\unnamed_rpg\vendor\json\include\nlohmann/json.hpp:70:
[build] In file included from C:\Users\pperv\code\unnamed_rpg\vendor\json\include\nlohmann/detail/output/serializer.hpp:25:
[build] C:\Users\pperv\code\unnamed_rpg\vendor\json\include\nlohmann/detail/conversions/to_chars.hpp(21,1): warning: empty macro arguments are incompatible with C++98 [-Wc++98-compat-pedantic]
[build]    21 | NLOHMANN_JSON_NAMESPACE_BEGIN
[build]       | ^
[build] C:\Users\pperv\code\unnamed_rpg\vendor\json\include\nlohmann/detail/abi_macros.hpp(102,17): note: expanded from macro 'NLOHMANN_JSON_NAMESPACE_BEGIN'
[build]   102 |                 NLOHMANN_JSON_ABI_TAGS,              \
[build]       |                 ^
[build] C:\Users\pperv\code\unnamed_rpg\vendor\json\include\nlohmann/detail/abi_macros.hpp(65,5): note: expanded from macro 'NLOHMANN_JSON_ABI_TAGS'
[build]    65 |     NLOHMANN_JSON_ABI_TAGS_CONCAT(                                   \
[build]       |     ^
[build] C:\Users\pperv\code\unnamed_rpg\vendor\json\include\nlohmann/detail/abi_macros.hpp(62,39): note: expanded from macro 'NLOHMANN_JSON_ABI_TAGS_CONCAT'
[build]    62 |     NLOHMANN_JSON_ABI_TAGS_CONCAT_EX(a, b, c)
[build]       |                                       ^
[build] In file included from C:\Users\pperv\code\unnamed_rpg\vendor\json-schema-validator\src\json-patch.cpp:1:
[build] In file included from C:\Users\pperv\code\unnamed_rpg\vendor\json-schema-validator\src\json-patch.hpp:3:
[build] In file included from C:\Users\pperv\code\unnamed_rpg\vendor\json\include\nlohmann/json.hpp:70:
[build] In file included from C:\Users\pperv\code\unnamed_rpg\vendor\json\include\nlohmann/detail/output/serializer.hpp:25:
[build] C:\Users\pperv\code\unnamed_rpg\vendor\json\include\nlohmann/detail/conversions/to_chars.hpp(21,1): warning: empty macro arguments are incompatible with C++98 [-Wc++98-compat-pedantic]
[build] C:\Users\pperv\code\unnamed_rpg\vendor\json\include\nlohmann/detail/abi_macros.hpp(102,17): note: expanded from macro 'NLOHMANN_JSON_NAMESPACE_BEGIN'
[build]   102 |                 NLOHMANN_JSON_ABI_TAGS,              \
[build]       |                 ^
[build] C:\Users\pperv\code\unnamed_rpg\vendor\json\include\nlohmann/detail/abi_macros.hpp(65,5): note: expanded from macro 'NLOHMANN_JSON_ABI_TAGS'
[build]    65 |     NLOHMANN_JSON_ABI_TAGS_CONCAT(                                   \
[build]       |     ^
[build] C:\Users\pperv\code\unnamed_rpg\vendor\json\include\nlohmann/detail/abi_macros.hpp(62,42): note: expanded from macro 'NLOHMANN_JSON_ABI_TAGS_CONCAT'
[build]    62 |     NLOHMANN_JSON_ABI_TAGS_CONCAT_EX(a, b, c)
[build]       |                                          ^
[build] In file included from C:\Users\pperv\code\unnamed_rpg\vendor\json-schema-validator\src\json-patch.cpp:1:
[build] In file included from C:\Users\pperv\code\unnamed_rpg\vendor\json-schema-validator\src\json-patch.hpp:3:
[build] In file included from C:\Users\pperv\code\unnamed_rpg\vendor\json\include\nlohmann/json.hpp:70:
[build] In file included from C:\Users\pperv\code\unnamed_rpg\vendor\json\include\nlohmann/detail/output/serializer.hpp:25:
[build] C:\Users\pperv\code\unnamed_rpg\vendor\json\include\nlohmann/detail/conversions/to_chars.hpp(21,1): warning: empty macro arguments are incompatible with C++98 [-Wc++98-compat-pedantic]
[build] C:\Users\pperv\code\unnamed_rpg\vendor\json\include\nlohmann/detail/abi_macros.hpp(102,17): note: expanded from macro 'NLOHMANN_JSON_NAMESPACE_BEGIN'
[build]   102 |                 NLOHMANN_JSON_ABI_TAGS,              \
[build]       |                 ^
[build] C:\Users\pperv\code\unnamed_rpg\vendor\json\include\nlohmann/detail/abi_macros.hpp(65,5): note: expanded from macro 'NLOHMANN_JSON_ABI_TAGS'
[build]    65 |     NLOHMANN_JSON_ABI_TAGS_CONCAT(                                   \
[build]       |     ^
[build] C:\Users\pperv\code\unnamed_rpg\vendor\json\include\nlohmann/detail/abi_macros.hpp(62,45): note: expanded from macro 'NLOHMANN_JSON_ABI_TAGS_CONCAT'
[build]    62 |     NLOHMANN_JSON_ABI_TAGS_CONCAT_EX(a, b, c)
[build]       |                                             ^
[build] In file included from C:\Users\pperv\code\unnamed_rpg\vendor\json-schema-validator\src\json-patch.cpp:1:
[build] In file included from C:\Users\pperv\code\unnamed_rpg\vendor\json-schema-validator\src\json-patch.hpp:3:
[build] In file included from C:\Users\pperv\code\unnamed_rpg\vendor\json\include\nlohmann/json.hpp:70:
[build] In file included from C:\Users\pperv\code\unnamed_rpg\vendor\json\include\nlohmann/detail/output/serializer.hpp:25:
[build] C:\Users\pperv\code\unnamed_rpg\vendor\json\include\nlohmann/detail/conversions/to_chars.hpp(21,1): warning: inline namespaces are incompatible with C++98 [-Wc++98-compat]
[build] C:\Users\pperv\code\unnamed_rpg\vendor\json\include\nlohmann/detail/abi_macros.hpp(101,5): note: expanded from macro 'NLOHMANN_JSON_NAMESPACE_BEGIN'
[build]   101 |     inline namespace NLOHMANN_JSON_NAMESPACE_CONCAT( \
[build]       |     ^
[build] In file included from C:\Users\pperv\code\unnamed_rpg\vendor\json-schema-validator\src\json-patch.cpp:1:
[build] In file included from C:\Users\pperv\code\unnamed_rpg\vendor\json-schema-validator\src\json-patch.hpp:3:
[build] In file included from C:\Users\pperv\code\unnamed_rpg\vendor\json\include\nlohmann/json.hpp:70:
[build] In file included from C:\Users\pperv\code\unnamed_rpg\vendor\json\include\nlohmann/detail/output/serializer.hpp:25:
[build] C:\Users\pperv\code\unnamed_rpg\vendor\json\include\nlohmann/detail/conversions/to_chars.hpp(59,12): warning: 'constexpr' specifier is incompatible with C++98 [-Wc++98-compat]
[build]    59 |     static constexpr int kPrecision = 64; // = q
[build]       |            ^
[build] C:\Users\pperv\code\unnamed_rpg\vendor\json\include\nlohmann/detail/conversions/to_chars.hpp(61,21): warning: default member initializer for non-static data members is incompatible with C++98 [-Wc++98-compat]
[build]    61 |     std::uint64_t f = 0;
[build]       |                     ^
[build] C:\Users\pperv\code\unnamed_rpg\vendor\json\include\nlohmann/detail/conversions/to_chars.hpp(62,11): warning: default member initializer for non-static data members is incompatible with C++98 [-Wc++98-compat]
[build]    62 |     int e = 0;
[build]       |           ^
[build] C:\Users\pperv\code\unnamed_rpg\vendor\json\include\nlohmann/detail/conversions/to_chars.hpp(64,5): warning: 'constexpr' specifier is incompatible with C++98 [-Wc++98-compat]
[build]    64 |     constexpr diyfp(std::uint64_t f_, int e_) noexcept : f(f_), e(e_) {}
[build]       |     ^
[build] C:\Users\pperv\code\unnamed_rpg\vendor\json\include\nlohmann/detail/conversions/to_chars.hpp(64,56): warning: noexcept specifications are incompatible with C++98 [-Wc++98-compat]
[build]    64 |     constexpr diyfp(std::uint64_t f_, int e_) noexcept : f(f_), e(e_) {}
[build]       |                                                        ^
[build] C:\Users\pperv\code\unnamed_rpg\vendor\json\include\nlohmann/detail/conversions/to_chars.hpp(71,5): warning: noexcept specifications are incompatible with C++98 [-Wc++98-compat]
[build]    71 |     {
[build]       |     ^
[build] C:\Users\pperv\code\unnamed_rpg\vendor\json\include\nlohmann/detail/conversions/to_chars.hpp(83,5): warning: noexcept specifications are incompatible with C++98 [-Wc++98-compat]
[build]    83 |     {
[build]       |     ^
[build] C:\Users\pperv\code\unnamed_rpg\vendor\json\include\nlohmann/detail/conversions/to_chars.hpp(148,5): warning: noexcept specifications are incompatible with C++98 [-Wc++98-compat]
[build]   148 |     {
[build]       |     ^
[build] C:\Users\pperv\code\unnamed_rpg\vendor\json\include\nlohmann/detail/conversions/to_chars.hpp(165,5): warning: noexcept specifications are incompatible with C++98 [-Wc++98-compat]
[build]   165 |     {
[build]       |     ^
[build] C:\Users\pperv\code\unnamed_rpg\vendor\json\include\nlohmann/detail/conversions/to_chars.hpp(57,8): warning: padding size of 'nlohmann::detail::dtoa_impl::diyfp' with 4 bytes to alignment boundary [-Wpadded]
[build]    57 | struct diyfp // f * 2^e
[build]       |        ^
[build] C:\Users\pperv\code\unnamed_rpg\vendor\json\include\nlohmann/detail/conversions/to_chars.hpp(75,16): warning: generalized initializer lists are incompatible with C++98 [-Wc++98-compat]
[build]    75 |         return {x.f - y.f, x.e};
[build]       |                ^~~~~~~~~~~~~~~~
[build] C:\Users\pperv\code\unnamed_rpg\vendor\json\include\nlohmann/detail/conversions/to_chars.hpp(75,16): warning: constructor call from initializer list is incompatible with C++98 [-Wc++98-compat]
[build]    75 |         return {x.f - y.f, x.e};
[build]       |                ^~~~~~~~~~~~~~~~
[build] C:\Users\pperv\code\unnamed_rpg\vendor\json\include\nlohmann/detail/conversions/to_chars.hpp(84,9): warning: 'static_assert' declarations are incompatible with C++98 [-Wc++98-compat]
[build]    84 |         static_assert(kPrecision == 64, "internal error");
[build]       |         ^
[build] C:\Users\pperv\code\unnamed_rpg\vendor\json\include\nlohmann/detail/conversions/to_chars.hpp(136,27): warning: generalized initializer lists are incompatible with C++98 [-Wc++98-compat]
[build]   136 |         Q += std::uint64_t{1} << (64u - 32u - 1u); // round, ties up
[build]       |                           ^
[build] C:\Users\pperv\code\unnamed_rpg\vendor\json\include\nlohmann/detail/conversions/to_chars.hpp(140,16): warning: generalized initializer lists are incompatible with C++98 [-Wc++98-compat]
[build]   140 |         return {h, x.e + y.e + 64};
[build]       |                ^~~~~~~~~~~~~~~~~~~
[build] C:\Users\pperv\code\unnamed_rpg\vendor\json\include\nlohmann/detail/conversions/to_chars.hpp(140,16): warning: constructor call from initializer list is incompatible with C++98 [-Wc++98-compat]
[build]   140 |         return {h, x.e + y.e + 64};
[build]       |                ^~~~~~~~~~~~~~~~~~~
[build] C:\Users\pperv\code\unnamed_rpg\vendor\json\include\nlohmann/detail/conversions/to_chars.hpp(171,16): warning: generalized initializer lists are incompatible with C++98 [-Wc++98-compat]
[build]   171 |         return {x.f << delta, target_exponent};
[build]       |                ^~~~~~~~~~~~~~~~~~~~~~~~~~~~~~~
[build] C:\Users\pperv\code\unnamed_rpg\vendor\json\include\nlohmann/detail/conversions/to_chars.hpp(171,16): warning: constructor call from initializer list is incompatible with C++98 [-Wc++98-compat]
[build]   171 |         return {x.f << delta, target_exponent};
[build]       |                ^~~~~~~~~~~~~~~~~~~~~~~~~~~~~~~
[build] C:\Users\pperv\code\unnamed_rpg\vendor\json\include\nlohmann/detail/conversions/to_chars.hpp(311,1): warning: 'constexpr' specifier is incompatible with C++98 [-Wc++98-compat]
[build]   311 | constexpr int kAlpha = -60;
[build]       | ^
[build] C:\Users\pperv\code\unnamed_rpg\vendor\json\include\nlohmann/detail/conversions/to_chars.hpp(312,1): warning: 'constexpr' specifier is incompatible with C++98 [-Wc++98-compat]
[build]   312 | constexpr int kGamma = -32;
[build]       | ^
[build] C:\Users\pperv\code\unnamed_rpg\vendor\json\include\nlohmann/detail/conversions/to_chars.hpp(380,5): warning: 'constexpr' specifier is incompatible with C++98 [-Wc++98-compat]
[build]   380 |     constexpr int kCachedPowersMinDecExp = -300;
[build]       |     ^
[build] C:\Users\pperv\code\unnamed_rpg\vendor\json\include\nlohmann/detail/conversions/to_chars.hpp(381,5): warning: 'constexpr' specifier is incompatible with C++98 [-Wc++98-compat]
[build]   381 |     constexpr int kCachedPowersDecStep = 8;
[build]       |     ^
[build] C:\Users\pperv\code\unnamed_rpg\vendor\json\include\nlohmann/detail/conversions/to_chars.hpp(383,12): warning: 'constexpr' specifier is incompatible with C++98 [-Wc++98-compat]
[build]   383 |     static constexpr std::array<cached_power, 79> kCachedPowers =
[build]       |            ^
[build] C:\Users\pperv\code\unnamed_rpg\vendor\json\include\nlohmann/detail/conversions/to_chars.hpp(386,15): warning: 'long long' is incompatible with C++98 [-Wc++98-compat-pedantic]
[build]   386 |             { 0xAB70FE17C79AC6CA, -1060, -300 },
[build]       |               ^
[build] C:\Users\pperv\code\unnamed_rpg\vendor\json\include\nlohmann/detail/conversions/to_chars.hpp(387,15): warning: 'long long' is incompatible with C++98 [-Wc++98-compat-pedantic]
[build]   387 |             { 0xFF77B1FCBEBCDC4F, -1034, -292 },
[build]       |               ^
[build] C:\Users\pperv\code\unnamed_rpg\vendor\json\include\nlohmann/detail/conversions/to_chars.hpp(388,15): warning: 'long long' is incompatible with C++98 [-Wc++98-compat-pedantic]
[build]   388 |             { 0xBE5691EF416BD60C, -1007, -284 },
[build]       |               ^
[build] C:\Users\pperv\code\unnamed_rpg\vendor\json\include\nlohmann/detail/conversions/to_chars.hpp(389,15): warning: 'long long' is incompatible with C++98 [-Wc++98-compat-pedantic]
[build]   389 |             { 0x8DD01FAD907FFC3C,  -980, -276 },
[build]       |               ^
[build] C:\Users\pperv\code\unnamed_rpg\vendor\json\include\nlohmann/detail/conversions/to_chars.hpp(390,15): warning: 'long long' is incompatible with C++98 [-Wc++98-compat-pedantic]
[build]   390 |             { 0xD3515C2831559A83,  -954, -268 },
[build]       |               ^
[build] C:\Users\pperv\code\unnamed_rpg\vendor\json\include\nlohmann/detail/conversions/to_chars.hpp(391,15): warning: 'long long' is incompatible with C++98 [-Wc++98-compat-pedantic]
[build]   391 |             { 0x9D71AC8FADA6C9B5,  -927, -260 },
[build]       |               ^
[build] C:\Users\pperv\code\unnamed_rpg\vendor\json\include\nlohmann/detail/conversions/to_chars.hpp(392,15): warning: 'long long' is incompatible with C++98 [-Wc++98-compat-pedantic]
[build]   392 |             { 0xEA9C227723EE8BCB,  -901, -252 },
[build]       |               ^
[build] C:\Users\pperv\code\unnamed_rpg\vendor\json\include\nlohmann/detail/conversions/to_chars.hpp(393,15): warning: 'long long' is incompatible with C++98 [-Wc++98-compat-pedantic]
[build]   393 |             { 0xAECC49914078536D,  -874, -244 },
[build]       |               ^
[build] C:\Users\pperv\code\unnamed_rpg\vendor\json\include\nlohmann/detail/conversions/to_chars.hpp(394,15): warning: 'long long' is incompatible with C++98 [-Wc++98-compat-pedantic]
[build]   394 |             { 0x823C12795DB6CE57,  -847, -236 },
[build]       |               ^
[build] C:\Users\pperv\code\unnamed_rpg\vendor\json\include\nlohmann/detail/conversions/to_chars.hpp(395,15): warning: 'long long' is incompatible with C++98 [-Wc++98-compat-pedantic]
[build]   395 |             { 0xC21094364DFB5637,  -821, -228 },
[build]       |               ^
[build] C:\Users\pperv\code\unnamed_rpg\vendor\json\include\nlohmann/detail/conversions/to_chars.hpp(396,15): warning: 'long long' is incompatible with C++98 [-Wc++98-compat-pedantic]
[build]   396 |             { 0x9096EA6F3848984F,  -794, -220 },
[build]       |               ^
[build] C:\Users\pperv\code\unnamed_rpg\vendor\json\include\nlohmann/detail/conversions/to_chars.hpp(397,15): warning: 'long long' is incompatible with C++98 [-Wc++98-compat-pedantic]
[build]   397 |             { 0xD77485CB25823AC7,  -768, -212 },
[build]       |               ^
[build] C:\Users\pperv\code\unnamed_rpg\vendor\json\include\nlohmann/detail/conversions/to_chars.hpp(398,15): warning: 'long long' is incompatible with C++98 [-Wc++98-compat-pedantic]
[build]   398 |             { 0xA086CFCD97BF97F4,  -741, -204 },
[build]       |               ^
[build] C:\Users\pperv\code\unnamed_rpg\vendor\json\include\nlohmann/detail/conversions/to_chars.hpp(399,15): warning: 'long long' is incompatible with C++98 [-Wc++98-compat-pedantic]
[build]   399 |             { 0xEF340A98172AACE5,  -715, -196 },
[build]       |               ^
[build] C:\Users\pperv\code\unnamed_rpg\vendor\json\include\nlohmann/detail/conversions/to_chars.hpp(400,15): warning: 'long long' is incompatible with C++98 [-Wc++98-compat-pedantic]
[build]   400 |             { 0xB23867FB2A35B28E,  -688, -188 },
[build]       |               ^
[build] C:\Users\pperv\code\unnamed_rpg\vendor\json\include\nlohmann/detail/conversions/to_chars.hpp(401,15): warning: 'long long' is incompatible with C++98 [-Wc++98-compat-pedantic]
[build]   401 |             { 0x84C8D4DFD2C63F3B,  -661, -180 },
[build]       |               ^
[build] C:\Users\pperv\code\unnamed_rpg\vendor\json\include\nlohmann/detail/conversions/to_chars.hpp(402,15): warning: 'long long' is incompatible with C++98 [-Wc++98-compat-pedantic]
[build]   402 |             { 0xC5DD44271AD3CDBA,  -635, -172 },
[build]       |               ^
[build] C:\Users\pperv\code\unnamed_rpg\vendor\json\include\nlohmann/detail/conversions/to_chars.hpp(403,15): warning: 'long long' is incompatible with C++98 [-Wc++98-compat-pedantic]
[build]   403 |             { 0x936B9FCEBB25C996,  -608, -164 },
[build]       |               ^
[build] C:\Users\pperv\code\unnamed_rpg\vendor\json\include\nlohmann/detail/conversions/to_chars.hpp(404,15): warning: 'long long' is incompatible with C++98 [-Wc++98-compat-pedantic]
[build]   404 |             { 0xDBAC6C247D62A584,  -582, -156 },
[build]       |               ^
[build] C:\Users\pperv\code\unnamed_rpg\vendor\json\include\nlohmann/detail/conversions/to_chars.hpp(405,15): warning: 'long long' is incompatible with C++98 [-Wc++98-compat-pedantic]
[build]   405 |             { 0xA3AB66580D5FDAF6,  -555, -148 },
[build]       |               ^
[build] C:\Users\pperv\code\unnamed_rpg\vendor\json\include\nlohmann/detail/conversions/to_chars.hpp(406,15): warning: 'long long' is incompatible with C++98 [-Wc++98-compat-pedantic]
[build]   406 |             { 0xF3E2F893DEC3F126,  -529, -140 },
[build]       |               ^
[build] C:\Users\pperv\code\unnamed_rpg\vendor\json\include\nlohmann/detail/conversions/to_chars.hpp(407,15): warning: 'long long' is incompatible with C++98 [-Wc++98-compat-pedantic]
[build]   407 |             { 0xB5B5ADA8AAFF80B8,  -502, -132 },
[build]       |               ^
[build] C:\Users\pperv\code\unnamed_rpg\vendor\json\include\nlohmann/detail/conversions/to_chars.hpp(408,15): warning: 'long long' is incompatible with C++98 [-Wc++98-compat-pedantic]
[build]   408 |             { 0x87625F056C7C4A8B,  -475, -124 },
[build]       |               ^
[build] C:\Users\pperv\code\unnamed_rpg\vendor\json\include\nlohmann/detail/conversions/to_chars.hpp(409,15): warning: 'long long' is incompatible with C++98 [-Wc++98-compat-pedantic]
[build]   409 |             { 0xC9BCFF6034C13053,  -449, -116 },
[build]       |               ^
[build] C:\Users\pperv\code\unnamed_rpg\vendor\json\include\nlohmann/detail/conversions/to_chars.hpp(410,15): warning: 'long long' is incompatible with C++98 [-Wc++98-compat-pedantic]
[build]   410 |             { 0x964E858C91BA2655,  -422, -108 },
[build]       |               ^
[build] C:\Users\pperv\code\unnamed_rpg\vendor\json\include\nlohmann/detail/conversions/to_chars.hpp(411,15): warning: 'long long' is incompatible with C++98 [-Wc++98-compat-pedantic]
[build]   411 |             { 0xDFF9772470297EBD,  -396, -100 },
[build]       |               ^
[build] C:\Users\pperv\code\unnamed_rpg\vendor\json\include\nlohmann/detail/conversions/to_chars.hpp(412,15): warning: 'long long' is incompatible with C++98 [-Wc++98-compat-pedantic]
[build]   412 |             { 0xA6DFBD9FB8E5B88F,  -369,  -92 },
[build]       |               ^
[build] C:\Users\pperv\code\unnamed_rpg\vendor\json\include\nlohmann/detail/conversions/to_chars.hpp(413,15): warning: 'long long' is incompatible with C++98 [-Wc++98-compat-pedantic]
[build]   413 |             { 0xF8A95FCF88747D94,  -343,  -84 },
[build]       |               ^
[build] C:\Users\pperv\code\unnamed_rpg\vendor\json\include\nlohmann/detail/conversions/to_chars.hpp(414,15): warning: 'long long' is incompatible with C++98 [-Wc++98-compat-pedantic]
[build]   414 |             { 0xB94470938FA89BCF,  -316,  -76 },
[build]       |               ^
[build] C:\Users\pperv\code\unnamed_rpg\vendor\json\include\nlohmann/detail/conversions/to_chars.hpp(415,15): warning: 'long long' is incompatible with C++98 [-Wc++98-compat-pedantic]
[build]   415 |             { 0x8A08F0F8BF0F156B,  -289,  -68 },
[build]       |               ^
[build] C:\Users\pperv\code\unnamed_rpg\vendor\json\include\nlohmann/detail/conversions/to_chars.hpp(416,15): warning: 'long long' is incompatible with C++98 [-Wc++98-compat-pedantic]
[build]   416 |             { 0xCDB02555653131B6,  -263,  -60 },
[build]       |               ^
[build] C:\Users\pperv\code\unnamed_rpg\vendor\json\include\nlohmann/detail/conversions/to_chars.hpp(417,15): warning: 'long long' is incompatible with C++98 [-Wc++98-compat-pedantic]
[build]   417 |             { 0x993FE2C6D07B7FAC,  -236,  -52 },
[build]       |               ^
[build] C:\Users\pperv\code\unnamed_rpg\vendor\json\include\nlohmann/detail/conversions/to_chars.hpp(418,15): warning: 'long long' is incompatible with C++98 [-Wc++98-compat-pedantic]
[build]   418 |             { 0xE45C10C42A2B3B06,  -210,  -44 },
[build]       |               ^
[build] C:\Users\pperv\code\unnamed_rpg\vendor\json\include\nlohmann/detail/conversions/to_chars.hpp(419,15): warning: 'long long' is incompatible with C++98 [-Wc++98-compat-pedantic]
[build]   419 |             { 0xAA242499697392D3,  -183,  -36 },
[build]       |               ^
[build] C:\Users\pperv\code\unnamed_rpg\vendor\json\include\nlohmann/detail/conversions/to_chars.hpp(420,15): warning: 'long long' is incompatible with C++98 [-Wc++98-compat-pedantic]
[build]   420 |             { 0xFD87B5F28300CA0E,  -157,  -28 },
[build]       |               ^
[build] C:\Users\pperv\code\unnamed_rpg\vendor\json\include\nlohmann/detail/conversions/to_chars.hpp(421,15): warning: 'long long' is incompatible with C++98 [-Wc++98-compat-pedantic]
[build]   421 |             { 0xBCE5086492111AEB,  -130,  -20 },
[build]       |               ^
[build] C:\Users\pperv\code\unnamed_rpg\vendor\json\include\nlohmann/detail/conversions/to_chars.hpp(422,15): warning: 'long long' is incompatible with C++98 [-Wc++98-compat-pedantic]
[build]   422 |             { 0x8CBCCC096F5088CC,  -103,  -12 },
[build]       |               ^
[build] C:\Users\pperv\code\unnamed_rpg\vendor\json\include\nlohmann/detail/conversions/to_chars.hpp(423,15): warning: 'long long' is incompatible with C++98 [-Wc++98-compat-pedantic]
[build]   423 |             { 0xD1B71758E219652C,   -77,   -4 },
[build]       |               ^
[build] C:\Users\pperv\code\unnamed_rpg\vendor\json\include\nlohmann/detail/conversions/to_chars.hpp(424,15): warning: 'long long' is incompatible with C++98 [-Wc++98-compat-pedantic]
[build]   424 |             { 0x9C40000000000000,   -50,    4 },
[build]       |               ^
[build] C:\Users\pperv\code\unnamed_rpg\vendor\json\include\nlohmann/detail/conversions/to_chars.hpp(425,15): warning: 'long long' is incompatible with C++98 [-Wc++98-compat-pedantic]
[build]   425 |             { 0xE8D4A51000000000,   -24,   12 },
[build]       |               ^
[build] C:\Users\pperv\code\unnamed_rpg\vendor\json\include\nlohmann/detail/conversions/to_chars.hpp(426,15): warning: 'long long' is incompatible with C++98 [-Wc++98-compat-pedantic]
[build]   426 |             { 0xAD78EBC5AC620000,     3,   20 },
[build]       |               ^
[build] C:\Users\pperv\code\unnamed_rpg\vendor\json\include\nlohmann/detail/conversions/to_chars.hpp(427,15): warning: 'long long' is incompatible with C++98 [-Wc++98-compat-pedantic]
[build]   427 |             { 0x813F3978F8940984,    30,   28 },
[build]       |               ^
[build] C:\Users\pperv\code\unnamed_rpg\vendor\json\include\nlohmann/detail/conversions/to_chars.hpp(428,15): warning: 'long long' is incompatible with C++98 [-Wc++98-compat-pedantic]
[build]   428 |             { 0xC097CE7BC90715B3,    56,   36 },
[build]       |               ^
[build] C:\Users\pperv\code\unnamed_rpg\vendor\json\include\nlohmann/detail/conversions/to_chars.hpp(429,15): warning: 'long long' is incompatible with C++98 [-Wc++98-compat-pedantic]
[build]   429 |             { 0x8F7E32CE7BEA5C70,    83,   44 },
[build]       |               ^
[build] C:\Users\pperv\code\unnamed_rpg\vendor\json\include\nlohmann/detail/conversions/to_chars.hpp(430,15): warning: 'long long' is incompatible with C++98 [-Wc++98-compat-pedantic]
[build]   430 |             { 0xD5D238A4ABE98068,   109,   52 },
[build]       |               ^
[build] C:\Users\pperv\code\unnamed_rpg\vendor\json\include\nlohmann/detail/conversions/to_chars.hpp(431,15): warning: 'long long' is incompatible with C++98 [-Wc++98-compat-pedantic]
[build]   431 |             { 0x9F4F2726179A2245,   136,   60 },
[build]       |               ^
[build] C:\Users\pperv\code\unnamed_rpg\vendor\json\include\nlohmann/detail/conversions/to_chars.hpp(432,15): warning: 'long long' is incompatible with C++98 [-Wc++98-compat-pedantic]
[build]   432 |             { 0xED63A231D4C4FB27,   162,   68 },
[build]       |               ^
[build] C:\Users\pperv\code\unnamed_rpg\vendor\json\include\nlohmann/detail/conversions/to_chars.hpp(433,15): warning: 'long long' is incompatible with C++98 [-Wc++98-compat-pedantic]
[build]   433 |             { 0xB0DE65388CC8ADA8,   189,   76 },
[build]       |               ^
[build] C:\Users\pperv\code\unnamed_rpg\vendor\json\include\nlohmann/detail/conversions/to_chars.hpp(434,15): warning: 'long long' is incompatible with C++98 [-Wc++98-compat-pedantic]
[build]   434 |             { 0x83C7088E1AAB65DB,   216,   84 },
[build]       |               ^
[build] C:\Users\pperv\code\unnamed_rpg\vendor\json\include\nlohmann/detail/conversions/to_chars.hpp(435,15): warning: 'long long' is incompatible with C++98 [-Wc++98-compat-pedantic]
[build]   435 |             { 0xC45D1DF942711D9A,   242,   92 },
[build]       |               ^
[build] C:\Users\pperv\code\unnamed_rpg\vendor\json\include\nlohmann/detail/conversions/to_chars.hpp(436,15): warning: 'long long' is incompatible with C++98 [-Wc++98-compat-pedantic]
[build]   436 |             { 0x924D692CA61BE758,   269,  100 },
[build]       |               ^
[build] C:\Users\pperv\code\unnamed_rpg\vendor\json\include\nlohmann/detail/conversions/to_chars.hpp(437,15): warning: 'long long' is incompatible with C++98 [-Wc++98-compat-pedantic]
[build]   437 |             { 0xDA01EE641A708DEA,   295,  108 },
[build]       |               ^
[build] C:\Users\pperv\code\unnamed_rpg\vendor\json\include\nlohmann/detail/conversions/to_chars.hpp(438,15): warning: 'long long' is incompatible with C++98 [-Wc++98-compat-pedantic]
[build]   438 |             { 0xA26DA3999AEF774A,   322,  116 },
[build]       |               ^
[build] C:\Users\pperv\code\unnamed_rpg\vendor\json\include\nlohmann/detail/conversions/to_chars.hpp(439,15): warning: 'long long' is incompatible with C++98 [-Wc++98-compat-pedantic]
[build]   439 |             { 0xF209787BB47D6B85,   348,  124 },
[build]       |               ^
[build] C:\Users\pperv\code\unnamed_rpg\vendor\json\include\nlohmann/detail/conversions/to_chars.hpp(440,15): warning: 'long long' is incompatible with C++98 [-Wc++98-compat-pedantic]
[build]   440 |             { 0xB454E4A179DD1877,   375,  132 },
[build]       |               ^
[build] C:\Users\pperv\code\unnamed_rpg\vendor\json\include\nlohmann/detail/conversions/to_chars.hpp(441,15): warning: 'long long' is incompatible with C++98 [-Wc++98-compat-pedantic]
[build]   441 |             { 0x865B86925B9BC5C2,   402,  140 },
[build]       |               ^
[build] C:\Users\pperv\code\unnamed_rpg\vendor\json\include\nlohmann/detail/conversions/to_chars.hpp(442,15): warning: 'long long' is incompatible with C++98 [-Wc++98-compat-pedantic]
[build]   442 |             { 0xC83553C5C8965D3D,   428,  148 },
[build]       |               ^
[build] C:\Users\pperv\code\unnamed_rpg\vendor\json\include\nlohmann/detail/conversions/to_chars.hpp(443,15): warning: 'long long' is incompatible with C++98 [-Wc++98-compat-pedantic]
[build]   443 |             { 0x952AB45CFA97A0B3,   455,  156 },
[build]       |               ^
[build] C:\Users\pperv\code\unnamed_rpg\vendor\json\include\nlohmann/detail/conversions/to_chars.hpp(444,15): warning: 'long long' is incompatible with C++98 [-Wc++98-compat-pedantic]
[build]   444 |             { 0xDE469FBD99A05FE3,   481,  164 },
[build]       |               ^
[build] C:\Users\pperv\code\unnamed_rpg\vendor\json\include\nlohmann/detail/conversions/to_chars.hpp(445,15): warning: 'long long' is incompatible with C++98 [-Wc++98-compat-pedantic]
[build]   445 |             { 0xA59BC234DB398C25,   508,  172 },
[build]       |               ^
[build] C:\Users\pperv\code\unnamed_rpg\vendor\json\include\nlohmann/detail/conversions/to_chars.hpp(446,15): warning: 'long long' is incompatible with C++98 [-Wc++98-compat-pedantic]
[build]   446 |             { 0xF6C69A72A3989F5C,   534,  180 },
[build]       |               ^
[build] C:\Users\pperv\code\unnamed_rpg\vendor\json\include\nlohmann/detail/conversions/to_chars.hpp(447,15): warning: 'long long' is incompatible with C++98 [-Wc++98-compat-pedantic]
[build]   447 |             { 0xB7DCBF5354E9BECE,   561,  188 },
[build]       |               ^
[build] C:\Users\pperv\code\unnamed_rpg\vendor\json\include\nlohmann/detail/conversions/to_chars.hpp(448,15): warning: 'long long' is incompatible with C++98 [-Wc++98-compat-pedantic]
[build]   448 |             { 0x88FCF317F22241E2,   588,  196 },
[build]       |               ^
[build] C:\Users\pperv\code\unnamed_rpg\vendor\json\include\nlohmann/detail/conversions/to_chars.hpp(449,15): warning: 'long long' is incompatible with C++98 [-Wc++98-compat-pedantic]
[build]   449 |             { 0xCC20CE9BD35C78A5,   614,  204 },
[build]       |               ^
[build] C:\Users\pperv\code\unnamed_rpg\vendor\json\include\nlohmann/detail/conversions/to_chars.hpp(450,15): warning: 'long long' is incompatible with C++98 [-Wc++98-compat-pedantic]
[build]   450 |             { 0x98165AF37B2153DF,   641,  212 },
[build]       |               ^
[build] C:\Users\pperv\code\unnamed_rpg\vendor\json\include\nlohmann/detail/conversions/to_chars.hpp(451,15): warning: 'long long' is incompatible with C++98 [-Wc++98-compat-pedantic]
[build]   451 |             { 0xE2A0B5DC971F303A,   667,  220 },
[build]       |               ^
[build] C:\Users\pperv\code\unnamed_rpg\vendor\json\include\nlohmann/detail/conversions/to_chars.hpp(452,15): warning: 'long long' is incompatible with C++98 [-Wc++98-compat-pedantic]
[build]   452 |             { 0xA8D9D1535CE3B396,   694,  228 },
[build]       |               ^
[build] C:\Users\pperv\code\unnamed_rpg\vendor\json\include\nlohmann/detail/conversions/to_chars.hpp(453,15): warning: 'long long' is incompatible with C++98 [-Wc++98-compat-pedantic]
[build]   453 |             { 0xFB9B7CD9A4A7443C,   720,  236 },
[build]       |               ^
[build] C:\Users\pperv\code\unnamed_rpg\vendor\json\include\nlohmann/detail/conversions/to_chars.hpp(454,15): warning: 'long long' is incompatible with C++98 [-Wc++98-compat-pedantic]
[build]   454 |             { 0xBB764C4CA7A44410,   747,  244 },
[build]       |               ^
[build] C:\Users\pperv\code\unnamed_rpg\vendor\json\include\nlohmann/detail/conversions/to_chars.hpp(455,15): warning: 'long long' is incompatible with C++98 [-Wc++98-compat-pedantic]
[build]   455 |             { 0x8BAB8EEFB6409C1A,   774,  252 },
[build]       |               ^
[build] C:\Users\pperv\code\unnamed_rpg\vendor\json\include\nlohmann/detail/conversions/to_chars.hpp(456,15): warning: 'long long' is incompatible with C++98 [-Wc++98-compat-pedantic]
[build]   456 |             { 0xD01FEF10A657842C,   800,  260 },
[build]       |               ^
[build] C:\Users\pperv\code\unnamed_rpg\vendor\json\include\nlohmann/detail/conversions/to_chars.hpp(457,15): warning: 'long long' is incompatible with C++98 [-Wc++98-compat-pedantic]
[build]   457 |             { 0x9B10A4E5E9913129,   827,  268 },
[build]       |               ^
[build] C:\Users\pperv\code\unnamed_rpg\vendor\json\include\nlohmann/detail/conversions/to_chars.hpp(458,15): warning: 'long long' is incompatible with C++98 [-Wc++98-compat-pedantic]
[build]   458 |             { 0xE7109BFBA19C0C9D,   853,  276 },
[build]       |               ^
[build] C:\Users\pperv\code\unnamed_rpg\vendor\json\include\nlohmann/detail/conversions/to_chars.hpp(459,15): warning: 'long long' is incompatible with C++98 [-Wc++98-compat-pedantic]
[build]   459 |             { 0xAC2820D9623BF429,   880,  284 },
[build]       |               ^
[build] C:\Users\pperv\code\unnamed_rpg\vendor\json\include\nlohmann/detail/conversions/to_chars.hpp(460,15): warning: 'long long' is incompatible with C++98 [-Wc++98-compat-pedantic]
[build]   460 |             { 0x80444B5E7AA7CF85,   907,  292 },
[build]       |               ^
[build] C:\Users\pperv\code\unnamed_rpg\vendor\json\include\nlohmann/detail/conversions/to_chars.hpp(461,15): warning: 'long long' is incompatible with C++98 [-Wc++98-compat-pedantic]
[build]   461 |             { 0xBF21E44003ACDD2D,   933,  300 },
[build]       |               ^
[build] C:\Users\pperv\code\unnamed_rpg\vendor\json\include\nlohmann/detail/conversions/to_chars.hpp(462,15): warning: 'long long' is incompatible with C++98 [-Wc++98-compat-pedantic]
[build]   462 |             { 0x8E679C2F5E44FF8F,   960,  308 },
[build]       |               ^
[build] C:\Users\pperv\code\unnamed_rpg\vendor\json\include\nlohmann/detail/conversions/to_chars.hpp(463,15): warning: 'long long' is incompatible with C++98 [-Wc++98-compat-pedantic]
[build]   463 |             { 0xD433179D9C8CB841,   986,  316 },
[build]       |               ^
[build] C:\Users\pperv\code\unnamed_rpg\vendor\json\include\nlohmann/detail/conversions/to_chars.hpp(464,15): warning: 'long long' is incompatible with C++98 [-Wc++98-compat-pedantic]
[build]   464 |             { 0x9E19DB92B4E31BA9,  1013,  324 },
[build]       |               ^
[build] C:\Users\pperv\code\unnamed_rpg\vendor\json\include\nlohmann/detail/conversions/to_chars.hpp(590,5): warning: 'static_assert' declarations are incompatible with C++98 [-Wc++98-compat]
[build]   590 |     static_assert(kAlpha >= -60, "internal error");
[build]       |     ^
[build] C:\Users\pperv\code\unnamed_rpg\vendor\json\include\nlohmann/detail/conversions/to_chars.hpp(591,5): warning: 'static_assert' declarations are incompatible with C++98 [-Wc++98-compat]
[build]   591 |     static_assert(kGamma <= -32, "internal error");
[build]       |     ^
[build] C:\Users\pperv\code\unnamed_rpg\vendor\json\include\nlohmann/detail/conversions/to_chars.hpp(618,34): warning: generalized initializer lists are incompatible with C++98 [-Wc++98-compat]
[build]   618 |     const diyfp one(std::uint64_t{1} << -M_plus.e, M_plus.e);
[build]       |                                  ^
[build] C:\Users\pperv\code\unnamed_rpg\vendor\json\include\nlohmann/detail/conversions/to_chars.hpp(620,5): warning: 'auto' type specifier is incompatible with C++98 [-Wc++98-compat]
[build]   620 |     auto p1 = static_cast<std::uint32_t>(M_plus.f >> -one.e); // p1 = f div 2^-e (Since -e >= 32, p1 fits into a 32-bit int.)
[build]       |     ^~~~
[build] C:\Users\pperv\code\unnamed_rpg\vendor\json\include\nlohmann/detail/conversions/to_chars.hpp(629,24): warning: generalized initializer lists are incompatible with C++98 [-Wc++98-compat]
[build]   629 |     std::uint32_t pow10{};
[build]       |                        ^
[build] C:\Users\pperv\code\unnamed_rpg\vendor\json\include\nlohmann/detail/conversions/to_chars.hpp(629,24): warning: scalar initialized from empty initializer list is incompatible with C++98 [-Wc++98-compat]
[build]   629 |     std::uint32_t pow10{};
[build]       |                        ^~
[build] C:\Users\pperv\code\unnamed_rpg\vendor\json\include\nlohmann/detail/conversions/to_chars.hpp(683,50): warning: generalized initializer lists are incompatible with C++98 [-Wc++98-compat]
[build]   683 |         const std::uint64_t rest = (std::uint64_t{p1} << -one.e) + p2;
[build]       |                                                  ^
[build] C:\Users\pperv\code\unnamed_rpg\vendor\json\include\nlohmann/detail/conversions/to_chars.hpp(699,54): warning: generalized initializer lists are incompatible with C++98 [-Wc++98-compat]
[build]   699 |             const std::uint64_t ten_n = std::uint64_t{pow10} << -one.e;
[build]       |                                                      ^
[build] C:\Users\pperv\code\unnamed_rpg\vendor\json\include\nlohmann/detail/conversions/to_chars.hpp(943,5): warning: 'auto' type specifier is incompatible with C++98 [-Wc++98-compat]
[build]   943 |     auto k = static_cast<std::uint32_t>(e);
[build]       |     ^~~~
[build] In file included from C:\Users\pperv\code\unnamed_rpg\vendor\json-schema-validator\src\json-patch.cpp:1:
[build] In file included from C:\Users\pperv\code\unnamed_rpg\vendor\json-schema-validator\src\json-patch.hpp:3:
[build] In file included from C:\Users\pperv\code\unnamed_rpg\vendor\json\include\nlohmann/json.hpp:70:
[build] C:\Users\pperv\code\unnamed_rpg\vendor\json\include\nlohmann/detail/output/serializer.hpp(34,1): warning: empty macro arguments are incompatible with C++98 [-Wc++98-compat-pedantic]
[build]    34 | NLOHMANN_JSON_NAMESPACE_BEGIN
[build]       | ^
[build] C:\Users\pperv\code\unnamed_rpg\vendor\json\include\nlohmann/detail/abi_macros.hpp(102,17): note: expanded from macro 'NLOHMANN_JSON_NAMESPACE_BEGIN'
[build]   102 |                 NLOHMANN_JSON_ABI_TAGS,              \
[build]       |                 ^
[build] C:\Users\pperv\code\unnamed_rpg\vendor\json\include\nlohmann/detail/abi_macros.hpp(65,5): note: expanded from macro 'NLOHMANN_JSON_ABI_TAGS'
[build]    65 |     NLOHMANN_JSON_ABI_TAGS_CONCAT(                                   \
[build]       |     ^
[build] C:\Users\pperv\code\unnamed_rpg\vendor\json\include\nlohmann/detail/abi_macros.hpp(62,39): note: expanded from macro 'NLOHMANN_JSON_ABI_TAGS_CONCAT'
[build]    62 |     NLOHMANN_JSON_ABI_TAGS_CONCAT_EX(a, b, c)
[build]       |                                       ^
[build] In file included from C:\Users\pperv\code\unnamed_rpg\vendor\json-schema-validator\src\json-patch.cpp:1:
[build] In file included from C:\Users\pperv\code\unnamed_rpg\vendor\json-schema-validator\src\json-patch.hpp:3:
[build] In file included from C:\Users\pperv\code\unnamed_rpg\vendor\json\include\nlohmann/json.hpp:70:
[build] C:\Users\pperv\code\unnamed_rpg\vendor\json\include\nlohmann/detail/output/serializer.hpp(34,1): warning: empty macro arguments are incompatible with C++98 [-Wc++98-compat-pedantic]
[build] C:\Users\pperv\code\unnamed_rpg\vendor\json\include\nlohmann/detail/abi_macros.hpp(102,17): note: expanded from macro 'NLOHMANN_JSON_NAMESPACE_BEGIN'
[build]   102 |                 NLOHMANN_JSON_ABI_TAGS,              \
[build]       |                 ^
[build] C:\Users\pperv\code\unnamed_rpg\vendor\json\include\nlohmann/detail/abi_macros.hpp(65,5): note: expanded from macro 'NLOHMANN_JSON_ABI_TAGS'
[build]    65 |     NLOHMANN_JSON_ABI_TAGS_CONCAT(                                   \
[build]       |     ^
[build] C:\Users\pperv\code\unnamed_rpg\vendor\json\include\nlohmann/detail/abi_macros.hpp(62,42): note: expanded from macro 'NLOHMANN_JSON_ABI_TAGS_CONCAT'
[build]    62 |     NLOHMANN_JSON_ABI_TAGS_CONCAT_EX(a, b, c)
[build]       |                                          ^
[build] In file included from C:\Users\pperv\code\unnamed_rpg\vendor\json-schema-validator\src\json-patch.cpp:1:
[build] In file included from C:\Users\pperv\code\unnamed_rpg\vendor\json-schema-validator\src\json-patch.hpp:3:
[build] In file included from C:\Users\pperv\code\unnamed_rpg\vendor\json\include\nlohmann/json.hpp:70:
[build] C:\Users\pperv\code\unnamed_rpg\vendor\json\include\nlohmann/detail/output/serializer.hpp(34,1): warning: empty macro arguments are incompatible with C++98 [-Wc++98-compat-pedantic]
[build] C:\Users\pperv\code\unnamed_rpg\vendor\json\include\nlohmann/detail/abi_macros.hpp(102,17): note: expanded from macro 'NLOHMANN_JSON_NAMESPACE_BEGIN'
[build]   102 |                 NLOHMANN_JSON_ABI_TAGS,              \
[build]       |                 ^
[build] C:\Users\pperv\code\unnamed_rpg\vendor\json\include\nlohmann/detail/abi_macros.hpp(65,5): note: expanded from macro 'NLOHMANN_JSON_ABI_TAGS'
[build]    65 |     NLOHMANN_JSON_ABI_TAGS_CONCAT(                                   \
[build]       |     ^
[build] C:\Users\pperv\code\unnamed_rpg\vendor\json\include\nlohmann/detail/abi_macros.hpp(62,45): note: expanded from macro 'NLOHMANN_JSON_ABI_TAGS_CONCAT'
[build]    62 |     NLOHMANN_JSON_ABI_TAGS_CONCAT_EX(a, b, c)
[build]       |                                             ^
[build] In file included from C:\Users\pperv\code\unnamed_rpg\vendor\json-schema-validator\src\json-patch.cpp:1:
[build] In file included from C:\Users\pperv\code\unnamed_rpg\vendor\json-schema-validator\src\json-patch.hpp:3:
[build] In file included from C:\Users\pperv\code\unnamed_rpg\vendor\json\include\nlohmann/json.hpp:70:
[build] C:\Users\pperv\code\unnamed_rpg\vendor\json\include\nlohmann/detail/output/serializer.hpp(34,1): warning: inline namespaces are incompatible with C++98 [-Wc++98-compat]
[build] C:\Users\pperv\code\unnamed_rpg\vendor\json\include\nlohmann/detail/abi_macros.hpp(101,5): note: expanded from macro 'NLOHMANN_JSON_NAMESPACE_BEGIN'
[build]   101 |     inline namespace NLOHMANN_JSON_NAMESPACE_CONCAT( \
[build]       |     ^
[build] In file included from C:\Users\pperv\code\unnamed_rpg\vendor\json-schema-validator\src\json-patch.cpp:1:
[build] In file included from C:\Users\pperv\code\unnamed_rpg\vendor\json-schema-validator\src\json-patch.hpp:3:
[build] In file included from C:\Users\pperv\code\unnamed_rpg\vendor\json\include\nlohmann/json.hpp:70:
[build] C:\Users\pperv\code\unnamed_rpg\vendor\json\include\nlohmann/detail/output/serializer.hpp(43,6): warning: scoped enumerations are incompatible with C++98 [-Wc++98-compat]
[build]    43 | enum class error_handler_t
[build]       |      ^
[build] C:\Users\pperv\code\unnamed_rpg\vendor\json\include\nlohmann/detail/output/serializer.hpp(53,22): warning: alias declarations are incompatible with C++98 [-Wc++98-compat]
[build]    53 |     using string_t = typename BasicJsonType::string_t;
[build]       |                      ^
[build] C:\Users\pperv\code\unnamed_rpg\vendor\json\include\nlohmann/detail/output/serializer.hpp(54,28): warning: alias declarations are incompatible with C++98 [-Wc++98-compat]
[build]    54 |     using number_float_t = typename BasicJsonType::number_float_t;
[build]       |                            ^
[build] C:\Users\pperv\code\unnamed_rpg\vendor\json\include\nlohmann/detail/output/serializer.hpp(55,30): warning: alias declarations are incompatible with C++98 [-Wc++98-compat]
[build]    55 |     using number_integer_t = typename BasicJsonType::number_integer_t;
[build]       |                              ^
[build] C:\Users\pperv\code\unnamed_rpg\vendor\json\include\nlohmann/detail/output/serializer.hpp(56,31): warning: alias declarations are incompatible with C++98 [-Wc++98-compat]
[build]    56 |     using number_unsigned_t = typename BasicJsonType::number_unsigned_t;
[build]       |                               ^
[build] C:\Users\pperv\code\unnamed_rpg\vendor\json\include\nlohmann/detail/output/serializer.hpp(57,27): warning: alias declarations are incompatible with C++98 [-Wc++98-compat]
[build]    57 |     using binary_char_t = typename BasicJsonType::binary_t::value_type;
[build]       |                           ^
[build] C:\Users\pperv\code\unnamed_rpg\vendor\json\include\nlohmann/detail/output/serializer.hpp(58,12): warning: 'constexpr' specifier is incompatible with C++98 [-Wc++98-compat]
[build]    58 |     static constexpr std::uint8_t UTF8_ACCEPT = 0;
[build]       |            ^
[build] C:\Users\pperv\code\unnamed_rpg\vendor\json\include\nlohmann/detail/output/serializer.hpp(59,12): warning: 'constexpr' specifier is incompatible with C++98 [-Wc++98-compat]
[build]    59 |     static constexpr std::uint8_t UTF8_REJECT = 1;
[build]       |            ^
[build] C:\Users\pperv\code\unnamed_rpg\vendor\json\include\nlohmann/detail/output/serializer.hpp(79,37): warning: deleted function definitions are incompatible with C++98 [-Wc++98-compat]
[build]    79 |     serializer(const serializer&) = delete;
[build]       |                                     ^
[build] C:\Users\pperv\code\unnamed_rpg\vendor\json\include\nlohmann/detail/output/serializer.hpp(80,48): warning: deleted function definitions are incompatible with C++98 [-Wc++98-compat]
[build]    80 |     serializer& operator=(const serializer&) = delete;
[build]       |                                                ^
[build] C:\Users\pperv\code\unnamed_rpg\vendor\json\include\nlohmann/detail/output/serializer.hpp(81,26): warning: rvalue references are incompatible with C++98 [-Wc++98-compat]
[build]    81 |     serializer(serializer&&) = delete;
[build]       |                          ^
[build] C:\Users\pperv\code\unnamed_rpg\vendor\json\include\nlohmann/detail/output/serializer.hpp(81,32): warning: deleted function definitions are incompatible with C++98 [-Wc++98-compat]
[build]    81 |     serializer(serializer&&) = delete;
[build]       |                                ^
[build] C:\Users\pperv\code\unnamed_rpg\vendor\json\include\nlohmann/detail/output/serializer.hpp(82,37): warning: rvalue references are incompatible with C++98 [-Wc++98-compat]
[build]    82 |     serializer& operator=(serializer&&) = delete;
[build]       |                                     ^
[build] C:\Users\pperv\code\unnamed_rpg\vendor\json\include\nlohmann/detail/output/serializer.hpp(82,43): warning: deleted function definitions are incompatible with C++98 [-Wc++98-compat]
[build]    82 |     serializer& operator=(serializer&&) = delete;
[build]       |                                           ^
[build] C:\Users\pperv\code\unnamed_rpg\vendor\json\include\nlohmann/detail/output/serializer.hpp(83,21): warning: defaulted function definitions are incompatible with C++98 [-Wc++98-compat]
[build]    83 |     ~serializer() = default;
[build]       |                     ^
[build] C:\Users\pperv\code\unnamed_rpg\vendor\json\include\nlohmann/detail/output/serializer.hpp(641,5): warning: noexcept specifications are incompatible with C++98 [-Wc++98-compat]
[build]   641 |     {
[build]       |     ^
[build] C:\Users\pperv\code\unnamed_rpg\vendor\json\include\nlohmann/detail/output/serializer.hpp(694,5): warning: noexcept specifications are incompatible with C++98 [-Wc++98-compat]
[build]   694 |     {
[build]       |     ^
[build] C:\Users\pperv\code\unnamed_rpg\vendor\json\include\nlohmann/detail/output/serializer.hpp(707,88): warning: default template arguments for a function template are incompatible with C++98 [-Wc++98-compat]
[build]   707 |     template <typename NumberType, enable_if_t<std::is_signed<NumberType>::value, int> = 0>
[build]       |                                                                                        ^ ~
[build] C:\Users\pperv\code\unnamed_rpg\vendor\json\include\nlohmann/detail/output/serializer.hpp(713,93): warning: default template arguments for a function template are incompatible with C++98 [-Wc++98-compat]
[build]   713 |     template < typename NumberType, enable_if_t <std::is_unsigned<NumberType>::value, int > = 0 >
[build]       |                                                                                             ^ ~
[build] C:\Users\pperv\code\unnamed_rpg\vendor\json\include\nlohmann/detail/output/serializer.hpp(733,26): warning: default template arguments for a function template are incompatible with C++98 [-Wc++98-compat]
[build]   733 |                    int > = 0 >
[build]       |                          ^ ~
[build] C:\Users\pperv\code\unnamed_rpg\vendor\json\include\nlohmann/detail/output/serializer.hpp(934,5): warning: noexcept specifications are incompatible with C++98 [-Wc++98-compat]
[build]   934 |     {
[build]       |     ^
[build] C:\Users\pperv\code\unnamed_rpg\vendor\json\include\nlohmann/detail/output/serializer.hpp(989,5): warning: noexcept specifications are incompatible with C++98 [-Wc++98-compat]
[build]   989 |     {
[build]       |     ^
[build] C:\Users\pperv\code\unnamed_rpg\vendor\json\include\nlohmann/detail/output/serializer.hpp(996,30): warning: default member initializer for non-static data members is incompatible with C++98 [-Wc++98-compat]
[build]   996 |     output_adapter_t<char> o = nullptr;
[build]       |                              ^
[build] C:\Users\pperv\code\unnamed_rpg\vendor\json\include\nlohmann/detail/output/serializer.hpp(999,39): warning: default member initializer for non-static data members is incompatible with C++98 [-Wc++98-compat]
[build]   999 |     std::array<char, 64> number_buffer{{}};
[build]       |                                       ^
[build] C:\Users\pperv\code\unnamed_rpg\vendor\json\include\nlohmann/detail/output/serializer.hpp(1002,27): warning: default member initializer for non-static data members is incompatible with C++98 [-Wc++98-compat]
[build]  1002 |     const std::lconv* loc = nullptr;
[build]       |                           ^
[build] C:\Users\pperv\code\unnamed_rpg\vendor\json\include\nlohmann/detail/output/serializer.hpp(1004,30): warning: default member initializer for non-static data members is incompatible with C++98 [-Wc++98-compat]
[build]  1004 |     const char thousands_sep = '\0';
[build]       |                              ^
[build] C:\Users\pperv\code\unnamed_rpg\vendor\json\include\nlohmann/detail/output/serializer.hpp(1006,30): warning: default member initializer for non-static data members is incompatible with C++98 [-Wc++98-compat]
[build]  1006 |     const char decimal_point = '\0';
[build]       |                              ^
[build] C:\Users\pperv\code\unnamed_rpg\vendor\json\include\nlohmann/detail/output/serializer.hpp(1009,40): warning: default member initializer for non-static data members is incompatible with C++98 [-Wc++98-compat]
[build]  1009 |     std::array<char, 512> string_buffer{{}};
[build]       |                                        ^
[build] C:\Users\pperv\code\unnamed_rpg\vendor\json\include\nlohmann/detail/output/serializer.hpp(68,49): warning: enumeration type in nested name specifier is incompatible with C++98 [-Wc++98-compat]
[build]    68 |                error_handler_t error_handler_ = error_handler_t::strict)
[build]       |                                                 ^
[build] C:\Users\pperv\code\unnamed_rpg\vendor\json\include\nlohmann/detail/output/serializer.hpp(996,32): warning: 'nullptr' is incompatible with C++98 [-Wc++98-compat]
[build]   996 |     output_adapter_t<char> o = nullptr;
[build]       |                                ^
[build] C:\Users\pperv\code\unnamed_rpg\vendor\json\include\nlohmann/detail/output/serializer.hpp(1002,29): warning: 'nullptr' is incompatible with C++98 [-Wc++98-compat]
[build]  1002 |     const std::lconv* loc = nullptr;
[build]       |                             ^
[build] In file included from C:\Users\pperv\code\unnamed_rpg\vendor\json-schema-validator\src\json-patch.cpp:1:
[build] In file included from C:\Users\pperv\code\unnamed_rpg\vendor\json-schema-validator\src\json-patch.hpp:3:
[build] In file included from C:\Users\pperv\code\unnamed_rpg\vendor\json\include\nlohmann/json.hpp:73:
[build] C:\Users\pperv\code\unnamed_rpg\vendor\json\include\nlohmann/ordered_map.hpp(23,1): warning: empty macro arguments are incompatible with C++98 [-Wc++98-compat-pedantic]
[build]    23 | NLOHMANN_JSON_NAMESPACE_BEGIN
[build]       | ^
[build] C:\Users\pperv\code\unnamed_rpg\vendor\json\include\nlohmann/detail/abi_macros.hpp(102,17): note: expanded from macro 'NLOHMANN_JSON_NAMESPACE_BEGIN'
[build]   102 |                 NLOHMANN_JSON_ABI_TAGS,              \
[build]       |                 ^
[build] C:\Users\pperv\code\unnamed_rpg\vendor\json\include\nlohmann/detail/abi_macros.hpp(65,5): note: expanded from macro 'NLOHMANN_JSON_ABI_TAGS'
[build]    65 |     NLOHMANN_JSON_ABI_TAGS_CONCAT(                                   \
[build]       |     ^
[build] C:\Users\pperv\code\unnamed_rpg\vendor\json\include\nlohmann/detail/abi_macros.hpp(62,39): note: expanded from macro 'NLOHMANN_JSON_ABI_TAGS_CONCAT'
[build]    62 |     NLOHMANN_JSON_ABI_TAGS_CONCAT_EX(a, b, c)
[build]       |                                       ^
[build] In file included from C:\Users\pperv\code\unnamed_rpg\vendor\json-schema-validator\src\json-patch.cpp:1:
[build] In file included from C:\Users\pperv\code\unnamed_rpg\vendor\json-schema-validator\src\json-patch.hpp:3:
[build] In file included from C:\Users\pperv\code\unnamed_rpg\vendor\json\include\nlohmann/json.hpp:73:
[build] C:\Users\pperv\code\unnamed_rpg\vendor\json\include\nlohmann/ordered_map.hpp(23,1): warning: empty macro arguments are incompatible with C++98 [-Wc++98-compat-pedantic]
[build] C:\Users\pperv\code\unnamed_rpg\vendor\json\include\nlohmann/detail/abi_macros.hpp(102,17): note: expanded from macro 'NLOHMANN_JSON_NAMESPACE_BEGIN'
[build]   102 |                 NLOHMANN_JSON_ABI_TAGS,              \
[build]       |                 ^
[build] C:\Users\pperv\code\unnamed_rpg\vendor\json\include\nlohmann/detail/abi_macros.hpp(65,5): note: expanded from macro 'NLOHMANN_JSON_ABI_TAGS'
[build]    65 |     NLOHMANN_JSON_ABI_TAGS_CONCAT(                                   \
[build]       |     ^
[build] C:\Users\pperv\code\unnamed_rpg\vendor\json\include\nlohmann/detail/abi_macros.hpp(62,42): note: expanded from macro 'NLOHMANN_JSON_ABI_TAGS_CONCAT'
[build]    62 |     NLOHMANN_JSON_ABI_TAGS_CONCAT_EX(a, b, c)
[build]       |                                          ^
[build] In file included from C:\Users\pperv\code\unnamed_rpg\vendor\json-schema-validator\src\json-patch.cpp:1:
[build] In file included from C:\Users\pperv\code\unnamed_rpg\vendor\json-schema-validator\src\json-patch.hpp:3:
[build] In file included from C:\Users\pperv\code\unnamed_rpg\vendor\json\include\nlohmann/json.hpp:73:
[build] C:\Users\pperv\code\unnamed_rpg\vendor\json\include\nlohmann/ordered_map.hpp(23,1): warning: empty macro arguments are incompatible with C++98 [-Wc++98-compat-pedantic]
[build] C:\Users\pperv\code\unnamed_rpg\vendor\json\include\nlohmann/detail/abi_macros.hpp(102,17): note: expanded from macro 'NLOHMANN_JSON_NAMESPACE_BEGIN'
[build]   102 |                 NLOHMANN_JSON_ABI_TAGS,              \
[build]       |                 ^
[build] C:\Users\pperv\code\unnamed_rpg\vendor\json\include\nlohmann/detail/abi_macros.hpp(65,5): note: expanded from macro 'NLOHMANN_JSON_ABI_TAGS'
[build]    65 |     NLOHMANN_JSON_ABI_TAGS_CONCAT(                                   \
[build]       |     ^
[build] C:\Users\pperv\code\unnamed_rpg\vendor\json\include\nlohmann/detail/abi_macros.hpp(62,45): note: expanded from macro 'NLOHMANN_JSON_ABI_TAGS_CONCAT'
[build]    62 |     NLOHMANN_JSON_ABI_TAGS_CONCAT_EX(a, b, c)
[build]       |                                             ^
[build] In file included from C:\Users\pperv\code\unnamed_rpg\vendor\json-schema-validator\src\json-patch.cpp:1:
[build] In file included from C:\Users\pperv\code\unnamed_rpg\vendor\json-schema-validator\src\json-patch.hpp:3:
[build] In file included from C:\Users\pperv\code\unnamed_rpg\vendor\json\include\nlohmann/json.hpp:73:
[build] C:\Users\pperv\code\unnamed_rpg\vendor\json\include\nlohmann/ordered_map.hpp(23,1): warning: inline namespaces are incompatible with C++98 [-Wc++98-compat]
[build] C:\Users\pperv\code\unnamed_rpg\vendor\json\include\nlohmann/detail/abi_macros.hpp(101,5): note: expanded from macro 'NLOHMANN_JSON_NAMESPACE_BEGIN'
[build]   101 |     inline namespace NLOHMANN_JSON_NAMESPACE_CONCAT( \
[build]       |     ^
[build] In file included from C:\Users\pperv\code\unnamed_rpg\vendor\json-schema-validator\src\json-patch.cpp:1:
[build] In file included from C:\Users\pperv\code\unnamed_rpg\vendor\json-schema-validator\src\json-patch.hpp:3:
[build] In file included from C:\Users\pperv\code\unnamed_rpg\vendor\json\include\nlohmann/json.hpp:73:
[build] C:\Users\pperv\code\unnamed_rpg\vendor\json\include\nlohmann/ordered_map.hpp(28,66): warning: consecutive right angle brackets are incompatible with C++98 (use '> >') [-Wc++98-compat]
[build]    28 |           class Allocator = std::allocator<std::pair<const Key, T>>>
[build]       |                                                                  ^~
[build]       |                                                                  > > 
[build] C:\Users\pperv\code\unnamed_rpg\vendor\json\include\nlohmann/ordered_map.hpp(31,22): warning: alias declarations are incompatible with C++98 [-Wc++98-compat]
[build]    31 |     using key_type = Key;
[build]       |                      ^
[build] C:\Users\pperv\code\unnamed_rpg\vendor\json\include\nlohmann/ordered_map.hpp(32,25): warning: alias declarations are incompatible with C++98 [-Wc++98-compat]
[build]    32 |     using mapped_type = T;
[build]       |                         ^
[build] C:\Users\pperv\code\unnamed_rpg\vendor\json\include\nlohmann/ordered_map.hpp(33,23): warning: alias declarations are incompatible with C++98 [-Wc++98-compat]
[build]    33 |     using Container = std::vector<std::pair<const Key, T>, Allocator>;
[build]       |                       ^
[build] C:\Users\pperv\code\unnamed_rpg\vendor\json\include\nlohmann/ordered_map.hpp(34,22): warning: alias declarations are incompatible with C++98 [-Wc++98-compat]
[build]    34 |     using iterator = typename Container::iterator;
[build]       |                      ^
[build] C:\Users\pperv\code\unnamed_rpg\vendor\json\include\nlohmann/ordered_map.hpp(35,28): warning: alias declarations are incompatible with C++98 [-Wc++98-compat]
[build]    35 |     using const_iterator = typename Container::const_iterator;
[build]       |                            ^
[build] C:\Users\pperv\code\unnamed_rpg\vendor\json\include\nlohmann/ordered_map.hpp(36,23): warning: alias declarations are incompatible with C++98 [-Wc++98-compat]
[build]    36 |     using size_type = typename Container::size_type;
[build]       |                       ^
[build] C:\Users\pperv\code\unnamed_rpg\vendor\json\include\nlohmann/ordered_map.hpp(37,24): warning: alias declarations are incompatible with C++98 [-Wc++98-compat]
[build]    37 |     using value_type = typename Container::value_type;
[build]       |                        ^
[build] C:\Users\pperv\code\unnamed_rpg\vendor\json\include\nlohmann/ordered_map.hpp(39,25): warning: alias declarations are incompatible with C++98 [-Wc++98-compat]
[build]    39 |     using key_compare = std::equal_to<>;
[build]       |                         ^
[build] C:\Users\pperv\code\unnamed_rpg\vendor\json\include\nlohmann/ordered_map.hpp(53,39): warning: defaulted function definitions are incompatible with C++98 [-Wc++98-compat]
[build]    53 |     ordered_map(const ordered_map&) = default;
[build]       |                                       ^
[build] C:\Users\pperv\code\unnamed_rpg\vendor\json\include\nlohmann/ordered_map.hpp(54,28): warning: rvalue references are incompatible with C++98 [-Wc++98-compat]
[build]    54 |     ordered_map(ordered_map&&) noexcept(std::is_nothrow_move_constructible<Container>::value) = default;
[build]       |                            ^
[build] C:\Users\pperv\code\unnamed_rpg\vendor\json\include\nlohmann/ordered_map.hpp(54,97): warning: defaulted function definitions are incompatible with C++98 [-Wc++98-compat]
[build]    54 |     ordered_map(ordered_map&&) noexcept(std::is_nothrow_move_constructible<Container>::value) = default;
[build]       |                                                                                                 ^
[build] C:\Users\pperv\code\unnamed_rpg\vendor\json\include\nlohmann/ordered_map.hpp(55,22): warning: defaulted function definitions are incompatible with C++98 [-Wc++98-compat]
[build]    55 |     ~ordered_map() = default;
[build]       |                      ^
[build] C:\Users\pperv\code\unnamed_rpg\vendor\json\include\nlohmann/ordered_map.hpp(67,39): warning: rvalue references are incompatible with C++98 [-Wc++98-compat]
[build]    67 |     ordered_map& operator=(ordered_map&& other) noexcept(std::is_nothrow_move_assignable<Container>::value)
[build]       |                                       ^
[build] C:\Users\pperv\code\unnamed_rpg\vendor\json\include\nlohmann/ordered_map.hpp(73,61): warning: rvalue references are incompatible with C++98 [-Wc++98-compat]
[build]    73 |     std::pair<iterator, bool> emplace(const key_type& key, T&& t)
[build]       |                                                             ^
[build] C:\Users\pperv\code\unnamed_rpg\vendor\json\include\nlohmann/ordered_map.hpp(88,47): warning: rvalue references are incompatible with C++98 [-Wc++98-compat]
[build]    88 |     std::pair<iterator, bool> emplace(KeyType && key, T && t)
[build]       |                                               ^
[build] C:\Users\pperv\code\unnamed_rpg\vendor\json\include\nlohmann/ordered_map.hpp(88,57): warning: rvalue references are incompatible with C++98 [-Wc++98-compat]
[build]    88 |     std::pair<iterator, bool> emplace(KeyType && key, T && t)
[build]       |                                                         ^
[build] C:\Users\pperv\code\unnamed_rpg\vendor\json\include\nlohmann/ordered_map.hpp(87,93): warning: default template arguments for a function template are incompatible with C++98 [-Wc++98-compat]
[build]    87 |                  detail::is_usable_as_key_type<key_compare, key_type, KeyType>::value, int> = 0>
[build]       |                                                                                             ^ ~
[build] C:\Users\pperv\code\unnamed_rpg\vendor\json\include\nlohmann/ordered_map.hpp(108,28): warning: rvalue references are incompatible with C++98 [-Wc++98-compat]
[build]   108 |     T & operator[](KeyType && key)
[build]       |                            ^
[build] C:\Users\pperv\code\unnamed_rpg\vendor\json\include\nlohmann/ordered_map.hpp(107,93): warning: default template arguments for a function template are incompatible with C++98 [-Wc++98-compat]
[build]   107 |                  detail::is_usable_as_key_type<key_compare, key_type, KeyType>::value, int> = 0>
[build]       |                                                                                             ^ ~
[build] C:\Users\pperv\code\unnamed_rpg\vendor\json\include\nlohmann/ordered_map.hpp(120,34): warning: rvalue references are incompatible with C++98 [-Wc++98-compat]
[build]   120 |     const T & operator[](KeyType && key) const
[build]       |                                  ^
[build] C:\Users\pperv\code\unnamed_rpg\vendor\json\include\nlohmann/ordered_map.hpp(119,93): warning: default template arguments for a function template are incompatible with C++98 [-Wc++98-compat]
[build]   119 |                  detail::is_usable_as_key_type<key_compare, key_type, KeyType>::value, int> = 0>
[build]       |                                                                                             ^ ~
[build] C:\Users\pperv\code\unnamed_rpg\vendor\json\include\nlohmann/ordered_map.hpp(140,20): warning: rvalue references are incompatible with C++98 [-Wc++98-compat]
[build]   140 |     T & at(KeyType && key) // NOLINT(cppcoreguidelines-missing-std-forward)
[build]       |                    ^
[build] C:\Users\pperv\code\unnamed_rpg\vendor\json\include\nlohmann/ordered_map.hpp(139,93): warning: default template arguments for a function template are incompatible with C++98 [-Wc++98-compat]
[build]   139 |                  detail::is_usable_as_key_type<key_compare, key_type, KeyType>::value, int> = 0>
[build]       |                                                                                             ^ ~
[build] C:\Users\pperv\code\unnamed_rpg\vendor\json\include\nlohmann/ordered_map.hpp(168,26): warning: rvalue references are incompatible with C++98 [-Wc++98-compat]
[build]   168 |     const T & at(KeyType && key) const // NOLINT(cppcoreguidelines-missing-std-forward)
[build]       |                          ^
[build] C:\Users\pperv\code\unnamed_rpg\vendor\json\include\nlohmann/ordered_map.hpp(167,93): warning: default template arguments for a function template are incompatible with C++98 [-Wc++98-compat]
[build]   167 |                  detail::is_usable_as_key_type<key_compare, key_type, KeyType>::value, int> = 0>
[build]       |                                                                                             ^ ~
[build] C:\Users\pperv\code\unnamed_rpg\vendor\json\include\nlohmann/ordered_map.hpp(202,29): warning: rvalue references are incompatible with C++98 [-Wc++98-compat]
[build]   202 |     size_type erase(KeyType && key) // NOLINT(cppcoreguidelines-missing-std-forward)
[build]       |                             ^
[build] C:\Users\pperv\code\unnamed_rpg\vendor\json\include\nlohmann/ordered_map.hpp(201,93): warning: default template arguments for a function template are incompatible with C++98 [-Wc++98-compat]
[build]   201 |                  detail::is_usable_as_key_type<key_compare, key_type, KeyType>::value, int> = 0>
[build]       |                                                                                             ^ ~
[build] C:\Users\pperv\code\unnamed_rpg\vendor\json\include\nlohmann/ordered_map.hpp(293,29): warning: rvalue references are incompatible with C++98 [-Wc++98-compat]
[build]   293 |     size_type count(KeyType && key) const // NOLINT(cppcoreguidelines-missing-std-forward)
[build]       |                             ^
[build] C:\Users\pperv\code\unnamed_rpg\vendor\json\include\nlohmann/ordered_map.hpp(292,93): warning: default template arguments for a function template are incompatible with C++98 [-Wc++98-compat]
[build]   292 |                  detail::is_usable_as_key_type<key_compare, key_type, KeyType>::value, int> = 0>
[build]       |                                                                                             ^ ~
[build] C:\Users\pperv\code\unnamed_rpg\vendor\json\include\nlohmann/ordered_map.hpp(319,27): warning: rvalue references are incompatible with C++98 [-Wc++98-compat]
[build]   319 |     iterator find(KeyType && key) // NOLINT(cppcoreguidelines-missing-std-forward)
[build]       |                           ^
[build] C:\Users\pperv\code\unnamed_rpg\vendor\json\include\nlohmann/ordered_map.hpp(318,93): warning: default template arguments for a function template are incompatible with C++98 [-Wc++98-compat]
[build]   318 |                  detail::is_usable_as_key_type<key_compare, key_type, KeyType>::value, int> = 0>
[build]       |                                                                                             ^ ~
[build] C:\Users\pperv\code\unnamed_rpg\vendor\json\include\nlohmann/ordered_map.hpp(345,33): warning: rvalue references are incompatible with C++98 [-Wc++98-compat]
[build]   345 |     const_iterator find(KeyType && key) const // NOLINT(cppcoreguidelines-missing-std-forward)
[build]       |                                 ^
[build] C:\Users\pperv\code\unnamed_rpg\vendor\json\include\nlohmann/ordered_map.hpp(344,93): warning: default template arguments for a function template are incompatible with C++98 [-Wc++98-compat]
[build]   344 |                  detail::is_usable_as_key_type<key_compare, key_type, KeyType>::value, int> = 0>
[build]       |                                                                                             ^ ~
[build] C:\Users\pperv\code\unnamed_rpg\vendor\json\include\nlohmann/ordered_map.hpp(357,49): warning: rvalue references are incompatible with C++98 [-Wc++98-compat]
[build]   357 |     std::pair<iterator, bool> insert( value_type&& value )
[build]       |                                                 ^
[build] C:\Users\pperv\code\unnamed_rpg\vendor\json\include\nlohmann/ordered_map.hpp(376,32): warning: alias declarations are incompatible with C++98 [-Wc++98-compat]
[build]   376 |     using require_input_iter = typename std::enable_if<std::is_convertible<typename std::iterator_traits<InputIt>::iterator_category,
[build]       |                                ^
[build] C:\Users\pperv\code\unnamed_rpg\vendor\json\include\nlohmann/ordered_map.hpp(379,69): warning: consecutive right angle brackets are incompatible with C++98 (use '> >') [-Wc++98-compat]
[build]   379 |     template<typename InputIt, typename = require_input_iter<InputIt>>
[build]       |                                                                     ^~
[build]       |                                                                     > >
[build] C:\Users\pperv\code\unnamed_rpg\vendor\json\include\nlohmann/ordered_map.hpp(379,41): warning: default template arguments for a function template are incompatible with C++98 [-Wc++98-compat]
[build]   379 |     template<typename InputIt, typename = require_input_iter<InputIt>>
[build]       |                                         ^ ~~~~~~~~~~~~~~~~~~~~~~~~~~~
[build] C:\Users\pperv\code\unnamed_rpg\vendor\json\include\nlohmann/ordered_map.hpp(389,50): warning: default member initializer for non-static data members is incompatible with C++98 [-Wc++98-compat]
[build]   389 |     JSON_NO_UNIQUE_ADDRESS key_compare m_compare = key_compare();
[build]       |                                                  ^
[build] C:\Users\pperv\code\unnamed_rpg\vendor\json\include\nlohmann/ordered_map.hpp(46,19): warning: noexcept specifications are incompatible with C++98 [-Wc++98-compat]
[build]    46 |     ordered_map() noexcept(noexcept(Container())) : Container{} {}
[build]       |                   ^
[build] C:\Users\pperv\code\unnamed_rpg\vendor\json\include\nlohmann/ordered_map.hpp(46,28): warning: noexcept expressions are incompatible with C++98 [-Wc++98-compat]
[build]    46 |     ordered_map() noexcept(noexcept(Container())) : Container{} {}
[build]       |                            ^
[build] C:\Users\pperv\code\unnamed_rpg\vendor\json\include\nlohmann/ordered_map.hpp(47,50): warning: noexcept specifications are incompatible with C++98 [-Wc++98-compat]
[build]    47 |     explicit ordered_map(const Allocator& alloc) noexcept(noexcept(Container(alloc))) : Container{alloc} {}
[build]       |                                                  ^
[build] C:\Users\pperv\code\unnamed_rpg\vendor\json\include\nlohmann/ordered_map.hpp(47,59): warning: noexcept expressions are incompatible with C++98 [-Wc++98-compat]
[build]    47 |     explicit ordered_map(const Allocator& alloc) noexcept(noexcept(Container(alloc))) : Container{alloc} {}
[build]       |                                                           ^
[build] C:\Users\pperv\code\unnamed_rpg\vendor\json\include\nlohmann/ordered_map.hpp(54,32): warning: noexcept specifications are incompatible with C++98 [-Wc++98-compat]
[build]    54 |     ordered_map(ordered_map&&) noexcept(std::is_nothrow_move_constructible<Container>::value) = default;
[build]       |                                ^
[build] C:\Users\pperv\code\unnamed_rpg\vendor\json\include\nlohmann/ordered_map.hpp(67,49): warning: noexcept specifications are incompatible with C++98 [-Wc++98-compat]
[build]    67 |     ordered_map& operator=(ordered_map&& other) noexcept(std::is_nothrow_move_assignable<Container>::value)
[build]       |                                                 ^
[build] In file included from C:\Users\pperv\code\unnamed_rpg\vendor\json-schema-validator\src\json-patch.cpp:1:
[build] In file included from C:\Users\pperv\code\unnamed_rpg\vendor\json-schema-validator\src\json-patch.hpp:3:
[build] C:\Users\pperv\code\unnamed_rpg\vendor\json\include\nlohmann/json.hpp(91,1): warning: empty macro arguments are incompatible with C++98 [-Wc++98-compat-pedantic]
[build]    91 | NLOHMANN_JSON_NAMESPACE_BEGIN
[build]       | ^
[build] C:\Users\pperv\code\unnamed_rpg\vendor\json\include\nlohmann/detail/abi_macros.hpp(102,17): note: expanded from macro 'NLOHMANN_JSON_NAMESPACE_BEGIN'
[build]   102 |                 NLOHMANN_JSON_ABI_TAGS,              \
[build]       |                 ^
[build] C:\Users\pperv\code\unnamed_rpg\vendor\json\include\nlohmann/detail/abi_macros.hpp(65,5): note: expanded from macro 'NLOHMANN_JSON_ABI_TAGS'
[build]    65 |     NLOHMANN_JSON_ABI_TAGS_CONCAT(                                   \
[build]       |     ^
[build] C:\Users\pperv\code\unnamed_rpg\vendor\json\include\nlohmann/detail/abi_macros.hpp(62,39): note: expanded from macro 'NLOHMANN_JSON_ABI_TAGS_CONCAT'
[build]    62 |     NLOHMANN_JSON_ABI_TAGS_CONCAT_EX(a, b, c)
[build]       |                                       ^
[build] In file included from C:\Users\pperv\code\unnamed_rpg\vendor\json-schema-validator\src\json-patch.cpp:1:
[build] In file included from C:\Users\pperv\code\unnamed_rpg\vendor\json-schema-validator\src\json-patch.hpp:3:
[build] C:\Users\pperv\code\unnamed_rpg\vendor\json\include\nlohmann/json.hpp(91,1): warning: empty macro arguments are incompatible with C++98 [-Wc++98-compat-pedantic]
[build] C:\Users\pperv\code\unnamed_rpg\vendor\json\include\nlohmann/detail/abi_macros.hpp(102,17): note: expanded from macro 'NLOHMANN_JSON_NAMESPACE_BEGIN'
[build]   102 |                 NLOHMANN_JSON_ABI_TAGS,              \
[build]       |                 ^
[build] C:\Users\pperv\code\unnamed_rpg\vendor\json\include\nlohmann/detail/abi_macros.hpp(65,5): note: expanded from macro 'NLOHMANN_JSON_ABI_TAGS'
[build]    65 |     NLOHMANN_JSON_ABI_TAGS_CONCAT(                                   \
[build]       |     ^
[build] C:\Users\pperv\code\unnamed_rpg\vendor\json\include\nlohmann/detail/abi_macros.hpp(62,42): note: expanded from macro 'NLOHMANN_JSON_ABI_TAGS_CONCAT'
[build]    62 |     NLOHMANN_JSON_ABI_TAGS_CONCAT_EX(a, b, c)
[build]       |                                          ^
[build] In file included from C:\Users\pperv\code\unnamed_rpg\vendor\json-schema-validator\src\json-patch.cpp:1:
[build] In file included from C:\Users\pperv\code\unnamed_rpg\vendor\json-schema-validator\src\json-patch.hpp:3:
[build] C:\Users\pperv\code\unnamed_rpg\vendor\json\include\nlohmann/json.hpp(91,1): warning: empty macro arguments are incompatible with C++98 [-Wc++98-compat-pedantic]
[build] C:\Users\pperv\code\unnamed_rpg\vendor\json\include\nlohmann/detail/abi_macros.hpp(102,17): note: expanded from macro 'NLOHMANN_JSON_NAMESPACE_BEGIN'
[build]   102 |                 NLOHMANN_JSON_ABI_TAGS,              \
[build]       |                 ^
[build] C:\Users\pperv\code\unnamed_rpg\vendor\json\include\nlohmann/detail/abi_macros.hpp(65,5): note: expanded from macro 'NLOHMANN_JSON_ABI_TAGS'
[build]    65 |     NLOHMANN_JSON_ABI_TAGS_CONCAT(                                   \
[build]       |     ^
[build] C:\Users\pperv\code\unnamed_rpg\vendor\json\include\nlohmann/detail/abi_macros.hpp(62,45): note: expanded from macro 'NLOHMANN_JSON_ABI_TAGS_CONCAT'
[build]    62 |     NLOHMANN_JSON_ABI_TAGS_CONCAT_EX(a, b, c)
[build]       |                                             ^
[build] In file included from C:\Users\pperv\code\unnamed_rpg\vendor\json-schema-validator\src\json-patch.cpp:1:
[build] In file included from C:\Users\pperv\code\unnamed_rpg\vendor\json-schema-validator\src\json-patch.hpp:3:
[build] C:\Users\pperv\code\unnamed_rpg\vendor\json\include\nlohmann/json.hpp(91,1): warning: inline namespaces are incompatible with C++98 [-Wc++98-compat]
[build] C:\Users\pperv\code\unnamed_rpg\vendor\json\include\nlohmann/detail/abi_macros.hpp(101,5): note: expanded from macro 'NLOHMANN_JSON_NAMESPACE_BEGIN'
[build]   101 |     inline namespace NLOHMANN_JSON_NAMESPACE_CONCAT( \
[build]       |     ^
[build] In file included from C:\Users\pperv\code\unnamed_rpg\vendor\json-schema-validator\src\json-patch.cpp:1:
[build] In file included from C:\Users\pperv\code\unnamed_rpg\vendor\json-schema-validator\src\json-patch.hpp:3:
[build] C:\Users\pperv\code\unnamed_rpg\vendor\json\include\nlohmann/json.hpp(126,1): warning: variadic templates are incompatible with C++98 [-Wc++98-compat]
[build]   126 | NLOHMANN_BASIC_JSON_TPL_DECLARATION
[build]       | ^
[build] C:\Users\pperv\code\unnamed_rpg\vendor\json\include\nlohmann/detail/macro_scope.hpp(337,51): note: expanded from macro 'NLOHMANN_BASIC_JSON_TPL_DECLARATION'
[build]   337 |     template<template<typename, typename, typename...> class ObjectType,   \
[build]       |                                                   ^
[build] In file included from C:\Users\pperv\code\unnamed_rpg\vendor\json-schema-validator\src\json-patch.cpp:1:
[build] In file included from C:\Users\pperv\code\unnamed_rpg\vendor\json-schema-validator\src\json-patch.hpp:3:
[build] C:\Users\pperv\code\unnamed_rpg\vendor\json\include\nlohmann/json.hpp(126,1): warning: variadic templates are incompatible with C++98 [-Wc++98-compat]
[build] C:\Users\pperv\code\unnamed_rpg\vendor\json\include\nlohmann/detail/macro_scope.hpp(338,41): note: expanded from macro 'NLOHMANN_BASIC_JSON_TPL_DECLARATION'
[build]   338 |              template<typename, typename...> class ArrayType,              \
[build]       |                                         ^
[build] In file included from C:\Users\pperv\code\unnamed_rpg\vendor\json-schema-validator\src\json-patch.cpp:1:
[build] In file included from C:\Users\pperv\code\unnamed_rpg\vendor\json-schema-validator\src\json-patch.hpp:3:
[build] C:\Users\pperv\code\unnamed_rpg\vendor\json\include\nlohmann/json.hpp(140,5): warning: non-class friend type '::nlohmann::detail::serializer<basic_json<ObjectType, ArrayType, StringType, BooleanType, NumberIntegerType, NumberUnsignedType, NumberFloatType, AllocatorType, JSONSerializer, BinaryType, CustomBaseClass>>' is incompatible with C++98 [-Wc++98-compat]
[build]   140 |     friend ::nlohmann::detail::serializer<basic_json>;
[build]       |     ^~~~~~~~~~~~~~~~~~~~~~~~~~~~~~~~~~~~~~~~~~~~~~~~~
[build] C:\Users\pperv\code\unnamed_rpg\vendor\json\include\nlohmann/json.hpp(154,26): warning: alias declarations are incompatible with C++98 [-Wc++98-compat]
[build]   154 |     using basic_json_t = NLOHMANN_BASIC_JSON_TPL;
[build]       |                          ^
[build] C:\Users\pperv\code\unnamed_rpg\vendor\json\include\nlohmann/detail/macro_scope.hpp(347,5): note: expanded from macro 'NLOHMANN_BASIC_JSON_TPL'
[build]   347 |     basic_json<ObjectType, ArrayType, StringType, BooleanType,             \
[build]       |     ^
[build] In file included from C:\Users\pperv\code\unnamed_rpg\vendor\json-schema-validator\src\json-patch.cpp:1:
[build] In file included from C:\Users\pperv\code\unnamed_rpg\vendor\json-schema-validator\src\json-patch.hpp:3:
[build] C:\Users\pperv\code\unnamed_rpg\vendor\json\include\nlohmann/json.hpp(155,31): warning: alias declarations are incompatible with C++98 [-Wc++98-compat]
[build]   155 |     using json_base_class_t = ::nlohmann::detail::json_base_class<CustomBaseClass>;
[build]       |                               ^
[build] C:\Users\pperv\code\unnamed_rpg\vendor\json\include\nlohmann/json.hpp(159,19): warning: alias declarations are incompatible with C++98 [-Wc++98-compat]
[build]   159 |     using lexer = ::nlohmann::detail::lexer_base<basic_json>;
[build]       |                   ^
[build] C:\Users\pperv\code\unnamed_rpg\vendor\json\include\nlohmann/json.hpp(175,34): warning: alias declarations are incompatible with C++98 [-Wc++98-compat]
[build]   175 |     using primitive_iterator_t = ::nlohmann::detail::primitive_iterator_t;
[build]       |                                  ^
[build] C:\Users\pperv\code\unnamed_rpg\vendor\json\include\nlohmann/json.hpp(177,31): warning: alias declarations are incompatible with C++98 [-Wc++98-compat]
[build]   177 |     using internal_iterator = ::nlohmann::detail::internal_iterator<BasicJsonType>;
[build]       |                               ^
[build] C:\Users\pperv\code\unnamed_rpg\vendor\json\include\nlohmann/json.hpp(179,23): warning: alias declarations are incompatible with C++98 [-Wc++98-compat]
[build]   179 |     using iter_impl = ::nlohmann::detail::iter_impl<BasicJsonType>;
[build]       |                       ^
[build] C:\Users\pperv\code\unnamed_rpg\vendor\json\include\nlohmann/json.hpp(181,29): warning: alias declarations are incompatible with C++98 [-Wc++98-compat]
[build]   181 |     using iteration_proxy = ::nlohmann::detail::iteration_proxy<Iterator>;
[build]       |                             ^
[build] C:\Users\pperv\code\unnamed_rpg\vendor\json\include\nlohmann/json.hpp(182,59): warning: alias declarations are incompatible with C++98 [-Wc++98-compat]
[build]   182 |     template<typename Base> using json_reverse_iterator = ::nlohmann::detail::json_reverse_iterator<Base>;
[build]       |                                                           ^
[build] C:\Users\pperv\code\unnamed_rpg\vendor\json\include\nlohmann/json.hpp(185,30): warning: alias declarations are incompatible with C++98 [-Wc++98-compat]
[build]   185 |     using output_adapter_t = ::nlohmann::detail::output_adapter_t<CharType>;
[build]       |                              ^
[build] C:\Users\pperv\code\unnamed_rpg\vendor\json\include\nlohmann/json.hpp(188,27): warning: alias declarations are incompatible with C++98 [-Wc++98-compat]
[build]   188 |     using binary_reader = ::nlohmann::detail::binary_reader<basic_json, InputType>;
[build]       |                           ^
[build] C:\Users\pperv\code\unnamed_rpg\vendor\json\include\nlohmann/json.hpp(189,55): warning: alias declarations are incompatible with C++98 [-Wc++98-compat]
[build]   189 |     template<typename CharType> using binary_writer = ::nlohmann::detail::binary_writer<basic_json, CharType>;
[build]       |                                                       ^
[build] C:\Users\pperv\code\unnamed_rpg\vendor\json\include\nlohmann/json.hpp(192,24): warning: alias declarations are incompatible with C++98 [-Wc++98-compat]
[build]   192 |     using serializer = ::nlohmann::detail::serializer<basic_json>;
[build]       |                        ^
[build] C:\Users\pperv\code\unnamed_rpg\vendor\json\include\nlohmann/json.hpp(195,21): warning: alias declarations are incompatible with C++98 [-Wc++98-compat]
[build]   195 |     using value_t = detail::value_t;
[build]       |                     ^
[build] C:\Users\pperv\code\unnamed_rpg\vendor\json\include\nlohmann/json.hpp(197,26): warning: alias declarations are incompatible with C++98 [-Wc++98-compat]
[build]   197 |     using json_pointer = ::nlohmann::json_pointer<StringType>;
[build]       |                          ^
[build] C:\Users\pperv\code\unnamed_rpg\vendor\json\include\nlohmann/json.hpp(199,29): warning: alias declarations are incompatible with C++98 [-Wc++98-compat]
[build]   199 |     using json_serializer = JSONSerializer<T, SFINAE>;
[build]       |                             ^
[build] C:\Users\pperv\code\unnamed_rpg\vendor\json\include\nlohmann/json.hpp(201,29): warning: alias declarations are incompatible with C++98 [-Wc++98-compat]
[build]   201 |     using error_handler_t = detail::error_handler_t;
[build]       |                             ^
[build] C:\Users\pperv\code\unnamed_rpg\vendor\json\include\nlohmann/json.hpp(203,32): warning: alias declarations are incompatible with C++98 [-Wc++98-compat]
[build]   203 |     using cbor_tag_handler_t = detail::cbor_tag_handler_t;
[build]       |                                ^
[build] C:\Users\pperv\code\unnamed_rpg\vendor\json\include\nlohmann/json.hpp(205,30): warning: alias declarations are incompatible with C++98 [-Wc++98-compat]
[build]   205 |     using bjdata_version_t = detail::bjdata_version_t;
[build]       |                              ^
[build] C:\Users\pperv\code\unnamed_rpg\vendor\json\include\nlohmann/json.hpp(207,32): warning: alias declarations are incompatible with C++98 [-Wc++98-compat]
[build]   207 |     using initializer_list_t = std::initializer_list<detail::json_ref<basic_json>>;
[build]       |                                ^
[build] C:\Users\pperv\code\unnamed_rpg\vendor\json\include\nlohmann/json.hpp(207,81): warning: consecutive right angle brackets are incompatible with C++98 (use '> >') [-Wc++98-compat]
[build]   207 |     using initializer_list_t = std::initializer_list<detail::json_ref<basic_json>>;
[build]       |                                                                                 ^~
[build]       |                                                                                 > >
[build] C:\Users\pperv\code\unnamed_rpg\vendor\json\include\nlohmann/json.hpp(209,28): warning: alias declarations are incompatible with C++98 [-Wc++98-compat]
[build]   209 |     using input_format_t = detail::input_format_t;
[build]       |                            ^
[build] C:\Users\pperv\code\unnamed_rpg\vendor\json\include\nlohmann/json.hpp(211,24): warning: alias declarations are incompatible with C++98 [-Wc++98-compat]
[build]   211 |     using json_sax_t = json_sax<basic_json>;
[build]       |                        ^
[build] C:\Users\pperv\code\unnamed_rpg\vendor\json\include\nlohmann/json.hpp(221,23): warning: alias declarations are incompatible with C++98 [-Wc++98-compat]
[build]   221 |     using exception = detail::exception;
[build]       |                       ^
[build] C:\Users\pperv\code\unnamed_rpg\vendor\json\include\nlohmann/json.hpp(222,25): warning: alias declarations are incompatible with C++98 [-Wc++98-compat]
[build]   222 |     using parse_error = detail::parse_error;
[build]       |                         ^
[build] C:\Users\pperv\code\unnamed_rpg\vendor\json\include\nlohmann/json.hpp(223,30): warning: alias declarations are incompatible with C++98 [-Wc++98-compat]
[build]   223 |     using invalid_iterator = detail::invalid_iterator;
[build]       |                              ^
[build] C:\Users\pperv\code\unnamed_rpg\vendor\json\include\nlohmann/json.hpp(224,24): warning: alias declarations are incompatible with C++98 [-Wc++98-compat]
[build]   224 |     using type_error = detail::type_error;
[build]       |                        ^
[build] C:\Users\pperv\code\unnamed_rpg\vendor\json\include\nlohmann/json.hpp(225,26): warning: alias declarations are incompatible with C++98 [-Wc++98-compat]
[build]   225 |     using out_of_range = detail::out_of_range;
[build]       |                          ^
[build] C:\Users\pperv\code\unnamed_rpg\vendor\json\include\nlohmann/json.hpp(226,25): warning: alias declarations are incompatible with C++98 [-Wc++98-compat]
[build]   226 |     using other_error = detail::other_error;
[build]       |                         ^
[build] C:\Users\pperv\code\unnamed_rpg\vendor\json\include\nlohmann/json.hpp(240,24): warning: alias declarations are incompatible with C++98 [-Wc++98-compat]
[build]   240 |     using value_type = basic_json;
[build]       |                        ^
[build] C:\Users\pperv\code\unnamed_rpg\vendor\json\include\nlohmann/json.hpp(243,23): warning: alias declarations are incompatible with C++98 [-Wc++98-compat]
[build]   243 |     using reference = value_type&;
[build]       |                       ^
[build] C:\Users\pperv\code\unnamed_rpg\vendor\json\include\nlohmann/json.hpp(245,29): warning: alias declarations are incompatible with C++98 [-Wc++98-compat]
[build]   245 |     using const_reference = const value_type&;
[build]       |                             ^
[build] C:\Users\pperv\code\unnamed_rpg\vendor\json\include\nlohmann/json.hpp(248,29): warning: alias declarations are incompatible with C++98 [-Wc++98-compat]
[build]   248 |     using difference_type = std::ptrdiff_t;
[build]       |                             ^
[build] C:\Users\pperv\code\unnamed_rpg\vendor\json\include\nlohmann/json.hpp(250,23): warning: alias declarations are incompatible with C++98 [-Wc++98-compat]
[build]   250 |     using size_type = std::size_t;
[build]       |                       ^
[build] C:\Users\pperv\code\unnamed_rpg\vendor\json\include\nlohmann/json.hpp(253,28): warning: alias declarations are incompatible with C++98 [-Wc++98-compat]
[build]   253 |     using allocator_type = AllocatorType<basic_json>;
[build]       |                            ^
[build] C:\Users\pperv\code\unnamed_rpg\vendor\json\include\nlohmann/json.hpp(256,21): warning: alias declarations are incompatible with C++98 [-Wc++98-compat]
[build]   256 |     using pointer = typename std::allocator_traits<allocator_type>::pointer;
[build]       |                     ^
[build] C:\Users\pperv\code\unnamed_rpg\vendor\json\include\nlohmann/json.hpp(258,27): warning: alias declarations are incompatible with C++98 [-Wc++98-compat]
[build]   258 |     using const_pointer = typename std::allocator_traits<allocator_type>::const_pointer;
[build]       |                           ^
[build] C:\Users\pperv\code\unnamed_rpg\vendor\json\include\nlohmann/json.hpp(261,22): warning: alias declarations are incompatible with C++98 [-Wc++98-compat]
[build]   261 |     using iterator = iter_impl<basic_json>;
[build]       |                      ^
[build] C:\Users\pperv\code\unnamed_rpg\vendor\json\include\nlohmann/json.hpp(263,28): warning: alias declarations are incompatible with C++98 [-Wc++98-compat]
[build]   263 |     using const_iterator = iter_impl<const basic_json>;
[build]       |                            ^
[build] C:\Users\pperv\code\unnamed_rpg\vendor\json\include\nlohmann/json.hpp(265,30): warning: alias declarations are incompatible with C++98 [-Wc++98-compat]
[build]   265 |     using reverse_iterator = json_reverse_iterator<typename basic_json::iterator>;
[build]       |                              ^
[build] C:\Users\pperv\code\unnamed_rpg\vendor\json\include\nlohmann/json.hpp(267,36): warning: alias declarations are incompatible with C++98 [-Wc++98-compat]
[build]   267 |     using const_reverse_iterator = json_reverse_iterator<typename basic_json::const_iterator>;
[build]       |                                    ^
[build] C:\Users\pperv\code\unnamed_rpg\vendor\json\include\nlohmann/json.hpp(359,41): warning: alias declarations are incompatible with C++98 [-Wc++98-compat]
[build]   359 |     using default_object_comparator_t = std::less<>;
[build]       |                                         ^
[build] C:\Users\pperv\code\unnamed_rpg\vendor\json\include\nlohmann/json.hpp(366,22): warning: alias declarations are incompatible with C++98 [-Wc++98-compat]
[build]   366 |     using object_t = ObjectType<StringType,
[build]       |                      ^
[build] C:\Users\pperv\code\unnamed_rpg\vendor\json\include\nlohmann/json.hpp(370,21): warning: consecutive right angle brackets are incompatible with C++98 (use '> >') [-Wc++98-compat]
[build]   370 |           basic_json>>>;
[build]       |                     ^~
[build]       |                     > > 
[build] C:\Users\pperv\code\unnamed_rpg\vendor\json\include\nlohmann/json.hpp(374,21): warning: alias declarations are incompatible with C++98 [-Wc++98-compat]
[build]   374 |     using array_t = ArrayType<basic_json, AllocatorType<basic_json>>;
[build]       |                     ^
[build] C:\Users\pperv\code\unnamed_rpg\vendor\json\include\nlohmann/json.hpp(374,67): warning: consecutive right angle brackets are incompatible with C++98 (use '> >') [-Wc++98-compat]
[build]   374 |     using array_t = ArrayType<basic_json, AllocatorType<basic_json>>;
[build]       |                                                                   ^~
[build]       |                                                                   > >
[build] C:\Users\pperv\code\unnamed_rpg\vendor\json\include\nlohmann/json.hpp(378,22): warning: alias declarations are incompatible with C++98 [-Wc++98-compat]
[build]   378 |     using string_t = StringType;
[build]       |                      ^
[build] C:\Users\pperv\code\unnamed_rpg\vendor\json\include\nlohmann/json.hpp(382,23): warning: alias declarations are incompatible with C++98 [-Wc++98-compat]
[build]   382 |     using boolean_t = BooleanType;
[build]       |                       ^
[build] C:\Users\pperv\code\unnamed_rpg\vendor\json\include\nlohmann/json.hpp(386,30): warning: alias declarations are incompatible with C++98 [-Wc++98-compat]
[build]   386 |     using number_integer_t = NumberIntegerType;
[build]       |                              ^
[build] C:\Users\pperv\code\unnamed_rpg\vendor\json\include\nlohmann/json.hpp(390,31): warning: alias declarations are incompatible with C++98 [-Wc++98-compat]
[build]   390 |     using number_unsigned_t = NumberUnsignedType;
[build]       |                               ^
[build] C:\Users\pperv\code\unnamed_rpg\vendor\json\include\nlohmann/json.hpp(394,28): warning: alias declarations are incompatible with C++98 [-Wc++98-compat]
[build]   394 |     using number_float_t = NumberFloatType;
[build]       |                            ^
[build] C:\Users\pperv\code\unnamed_rpg\vendor\json\include\nlohmann/json.hpp(398,22): warning: alias declarations are incompatible with C++98 [-Wc++98-compat]
[build]   398 |     using binary_t = nlohmann::byte_container_with_subtype<BinaryType>;
[build]       |                      ^
[build] C:\Users\pperv\code\unnamed_rpg\vendor\json\include\nlohmann/json.hpp(402,33): warning: alias declarations are incompatible with C++98 [-Wc++98-compat]
[build]   402 |     using object_comparator_t = detail::actual_object_comparator_t<basic_json>;
[build]       |                                 ^
[build] C:\Users\pperv\code\unnamed_rpg\vendor\json\include\nlohmann/json.hpp(409,34): warning: variadic templates are incompatible with C++98 [-Wc++98-compat]
[build]   409 |     template<typename T, typename... Args>
[build]       |                                  ^
[build] C:\Users\pperv\code\unnamed_rpg\vendor\json\include\nlohmann/json.hpp(411,26): warning: rvalue references are incompatible with C++98 [-Wc++98-compat]
[build]   411 |     static T* create(Args&& ... args)
[build]       |                          ^
[build] C:\Users\pperv\code\unnamed_rpg\vendor\json\include\nlohmann/json.hpp(476,24): warning: defaulted function definitions are incompatible with C++98 [-Wc++98-compat]
[build]   476 |         json_value() = default;
[build]       |                        ^
[build] C:\Users\pperv\code\unnamed_rpg\vendor\json\include\nlohmann/json.hpp(478,42): warning: noexcept specifications are incompatible with C++98 [-Wc++98-compat]
[build]   478 |         json_value(boolean_t v) noexcept : boolean(v) {}
[build]       |                                          ^
[build] C:\Users\pperv\code\unnamed_rpg\vendor\json\include\nlohmann/json.hpp(480,49): warning: noexcept specifications are incompatible with C++98 [-Wc++98-compat]
[build]   480 |         json_value(number_integer_t v) noexcept : number_integer(v) {}
[build]       |                                                 ^
[build] C:\Users\pperv\code\unnamed_rpg\vendor\json\include\nlohmann/json.hpp(482,50): warning: noexcept specifications are incompatible with C++98 [-Wc++98-compat]
[build]   482 |         json_value(number_unsigned_t v) noexcept : number_unsigned(v) {}
[build]       |                                                  ^
[build] C:\Users\pperv\code\unnamed_rpg\vendor\json\include\nlohmann/json.hpp(484,47): warning: noexcept specifications are incompatible with C++98 [-Wc++98-compat]
[build]   484 |         json_value(number_float_t v) noexcept : number_float(v) {}
[build]       |                                               ^
[build] C:\Users\pperv\code\unnamed_rpg\vendor\json\include\nlohmann/json.hpp(561,28): warning: rvalue references are incompatible with C++98 [-Wc++98-compat]
[build]   561 |         json_value(string_t&& value) : string(create<string_t>(std::move(value))) {}
[build]       |                            ^
[build] C:\Users\pperv\code\unnamed_rpg\vendor\json\include\nlohmann/json.hpp(567,28): warning: rvalue references are incompatible with C++98 [-Wc++98-compat]
[build]   567 |         json_value(object_t&& value) : object(create<object_t>(std::move(value))) {}
[build]       |                            ^
[build] C:\Users\pperv\code\unnamed_rpg\vendor\json\include\nlohmann/json.hpp(573,27): warning: rvalue references are incompatible with C++98 [-Wc++98-compat]
[build]   573 |         json_value(array_t&& value) : array(create<array_t>(std::move(value))) {}
[build]       |                           ^
[build] C:\Users\pperv\code\unnamed_rpg\vendor\json\include\nlohmann/json.hpp(579,53): warning: rvalue references are incompatible with C++98 [-Wc++98-compat]
[build]   579 |         json_value(typename binary_t::container_type&& value) : binary(create<binary_t>(std::move(value))) {}
[build]       |                                                     ^
[build] C:\Users\pperv\code\unnamed_rpg\vendor\json\include\nlohmann/json.hpp(585,28): warning: rvalue references are incompatible with C++98 [-Wc++98-compat]
[build]   585 |         json_value(binary_t&& value) : binary(create<binary_t>(std::move(value))) {}
[build]       |                            ^
[build] C:\Users\pperv\code\unnamed_rpg\vendor\json\include\nlohmann/json.hpp(716,5): warning: noexcept specifications are incompatible with C++98 [-Wc++98-compat]
[build]   716 |     {
[build]       |     ^
[build] C:\Users\pperv\code\unnamed_rpg\vendor\json\include\nlohmann/json.hpp(831,27): warning: alias declarations are incompatible with C++98 [-Wc++98-compat]
[build]   831 |     using parse_event_t = detail::parse_event_t;
[build]       |                           ^
[build] C:\Users\pperv\code\unnamed_rpg\vendor\json\include\nlohmann/json.hpp(835,31): warning: alias declarations are incompatible with C++98 [-Wc++98-compat]
[build]   835 |     using parser_callback_t = detail::parser_callback_t<basic_json>;
[build]       |                               ^
[build] C:\Users\pperv\code\unnamed_rpg\vendor\json\include\nlohmann/json.hpp(857,9): warning: noexcept specifications are incompatible with C++98 [-Wc++98-compat]
[build]   857 |         : basic_json(value_t::null)
[build]       |         ^
[build] C:\Users\pperv\code\unnamed_rpg\vendor\json\include\nlohmann/json.hpp(868,31): warning: rvalue references are incompatible with C++98 [-Wc++98-compat]
[build]   868 |     basic_json(CompatibleType && val) noexcept(noexcept( // NOLINT(bugprone-forwarding-reference-overload,bugprone-exception-escape)
[build]       |                               ^
[build] C:\Users\pperv\code\unnamed_rpg\vendor\json\include\nlohmann/json.hpp(865,25): warning: default template arguments for a function template are incompatible with C++98 [-Wc++98-compat]
[build]   865 |                typename U = detail::uncvref_t<CompatibleType>,
[build]       |                         ^   ~~~~~~~~~~~~~~~~~~~~~~~~~~~~~~~~~
[build] C:\Users\pperv\code\unnamed_rpg\vendor\json\include\nlohmann/json.hpp(867,114): warning: default template arguments for a function template are incompatible with C++98 [-Wc++98-compat]
[build]   867 |                    !detail::is_basic_json<U>::value && detail::is_compatible_type<basic_json_t, U>::value, int > = 0 >
[build]       |                                                                                                                  ^ ~
[build] C:\Users\pperv\code\unnamed_rpg\vendor\json\include\nlohmann/json.hpp(881,121): warning: default template arguments for a function template are incompatible with C++98 [-Wc++98-compat]
[build]   881 |                    detail::is_basic_json<BasicJsonType>::value&& !std::is_same<basic_json, BasicJsonType>::value, int > = 0 >
[build]       |                                                                                                                         ^ ~
[build] C:\Users\pperv\code\unnamed_rpg\vendor\json\include\nlohmann/json.hpp(1030,63): warning: rvalue references are incompatible with C++98 [-Wc++98-compat]
[build]  1030 |     static basic_json binary(typename binary_t::container_type&& init)
[build]       |                                                               ^
[build] C:\Users\pperv\code\unnamed_rpg\vendor\json\include\nlohmann/json.hpp(1041,63): warning: rvalue references are incompatible with C++98 [-Wc++98-compat]
[build]  1041 |     static basic_json binary(typename binary_t::container_type&& init, typename binary_t::subtype_type subtype)
[build]       |                                                               ^
[build] C:\Users\pperv\code\unnamed_rpg\vendor\json\include\nlohmann/json.hpp(1078,101): warning: default template arguments for a function template are incompatible with C++98 [-Wc++98-compat]
[build]  1078 |                    std::is_same<InputIT, typename basic_json_t::const_iterator>::value, int >::type = 0 >
[build]       |                                                                                                     ^ ~
[build] C:\Users\pperv\code\unnamed_rpg\vendor\json\include\nlohmann/json.hpp(1187,87): warning: consecutive right angle brackets are incompatible with C++98 (use '> >') [-Wc++98-compat]
[build]  1187 |                                  std::is_same<typename JsonRef::value_type, basic_json>>::value, int> = 0 >
[build]       |                                                                                       ^~
[build]       |                                                                                       > >
[build] C:\Users\pperv\code\unnamed_rpg\vendor\json\include\nlohmann/json.hpp(1187,103): warning: default template arguments for a function template are incompatible with C++98 [-Wc++98-compat]
[build]  1187 |                                  std::is_same<typename JsonRef::value_type, basic_json>>::value, int> = 0 >
[build]       |                                                                                                       ^ ~
[build] C:\Users\pperv\code\unnamed_rpg\vendor\json\include\nlohmann/json.hpp(1265,26): warning: rvalue references are incompatible with C++98 [-Wc++98-compat]
[build]  1265 |     basic_json(basic_json&& other) noexcept
[build]       |                          ^
[build] C:\Users\pperv\code\unnamed_rpg\vendor\json\include\nlohmann/json.hpp(1266,9): warning: noexcept specifications are incompatible with C++98 [-Wc++98-compat]
[build]  1266 |         : json_base_class_t(std::forward<json_base_class_t>(other)),
[build]       |         ^
[build] C:\Users\pperv\code\unnamed_rpg\vendor\json\include\nlohmann/json.hpp(1321,5): warning: noexcept specifications are incompatible with C++98 [-Wc++98-compat]
[build]  1321 |     {
[build]       |     ^
[build] C:\Users\pperv\code\unnamed_rpg\vendor\json\include\nlohmann/json.hpp(1360,5): warning: 'constexpr' specifier is incompatible with C++98 [-Wc++98-compat]
[build]  1360 |     constexpr value_t type() const noexcept
[build]       |     ^
[build] C:\Users\pperv\code\unnamed_rpg\vendor\json\include\nlohmann/json.hpp(1361,5): warning: noexcept specifications are incompatible with C++98 [-Wc++98-compat]
[build]  1361 |     {
[build]       |     ^
[build] C:\Users\pperv\code\unnamed_rpg\vendor\json\include\nlohmann/json.hpp(1367,5): warning: 'constexpr' specifier is incompatible with C++98 [-Wc++98-compat]
[build]  1367 |     constexpr bool is_primitive() const noexcept
[build]       |     ^
[build] C:\Users\pperv\code\unnamed_rpg\vendor\json\include\nlohmann/json.hpp(1368,5): warning: noexcept specifications are incompatible with C++98 [-Wc++98-compat]
[build]  1368 |     {
[build]       |     ^
[build] C:\Users\pperv\code\unnamed_rpg\vendor\json\include\nlohmann/json.hpp(1374,5): warning: 'constexpr' specifier is incompatible with C++98 [-Wc++98-compat]
[build]  1374 |     constexpr bool is_structured() const noexcept
[build]       |     ^
[build] C:\Users\pperv\code\unnamed_rpg\vendor\json\include\nlohmann/json.hpp(1375,5): warning: noexcept specifications are incompatible with C++98 [-Wc++98-compat]
[build]  1375 |     {
[build]       |     ^
[build] C:\Users\pperv\code\unnamed_rpg\vendor\json\include\nlohmann/json.hpp(1381,5): warning: 'constexpr' specifier is incompatible with C++98 [-Wc++98-compat]
[build]  1381 |     constexpr bool is_null() const noexcept
[build]       |     ^
[build] C:\Users\pperv\code\unnamed_rpg\vendor\json\include\nlohmann/json.hpp(1382,5): warning: noexcept specifications are incompatible with C++98 [-Wc++98-compat]
[build]  1382 |     {
[build]       |     ^
[build] C:\Users\pperv\code\unnamed_rpg\vendor\json\include\nlohmann/json.hpp(1388,5): warning: 'constexpr' specifier is incompatible with C++98 [-Wc++98-compat]
[build]  1388 |     constexpr bool is_boolean() const noexcept
[build]       |     ^
[build] C:\Users\pperv\code\unnamed_rpg\vendor\json\include\nlohmann/json.hpp(1389,5): warning: noexcept specifications are incompatible with C++98 [-Wc++98-compat]
[build]  1389 |     {
[build]       |     ^
[build] C:\Users\pperv\code\unnamed_rpg\vendor\json\include\nlohmann/json.hpp(1395,5): warning: 'constexpr' specifier is incompatible with C++98 [-Wc++98-compat]
[build]  1395 |     constexpr bool is_number() const noexcept
[build]       |     ^
[build] C:\Users\pperv\code\unnamed_rpg\vendor\json\include\nlohmann/json.hpp(1396,5): warning: noexcept specifications are incompatible with C++98 [-Wc++98-compat]
[build]  1396 |     {
[build]       |     ^
[build] C:\Users\pperv\code\unnamed_rpg\vendor\json\include\nlohmann/json.hpp(1402,5): warning: 'constexpr' specifier is incompatible with C++98 [-Wc++98-compat]
[build]  1402 |     constexpr bool is_number_integer() const noexcept
[build]       |     ^
[build] C:\Users\pperv\code\unnamed_rpg\vendor\json\include\nlohmann/json.hpp(1403,5): warning: noexcept specifications are incompatible with C++98 [-Wc++98-compat]
[build]  1403 |     {
[build]       |     ^
[build] C:\Users\pperv\code\unnamed_rpg\vendor\json\include\nlohmann/json.hpp(1409,5): warning: 'constexpr' specifier is incompatible with C++98 [-Wc++98-compat]
[build]  1409 |     constexpr bool is_number_unsigned() const noexcept
[build]       |     ^
[build] C:\Users\pperv\code\unnamed_rpg\vendor\json\include\nlohmann/json.hpp(1410,5): warning: noexcept specifications are incompatible with C++98 [-Wc++98-compat]
[build]  1410 |     {
[build]       |     ^
[build] C:\Users\pperv\code\unnamed_rpg\vendor\json\include\nlohmann/json.hpp(1416,5): warning: 'constexpr' specifier is incompatible with C++98 [-Wc++98-compat]
[build]  1416 |     constexpr bool is_number_float() const noexcept
[build]       |     ^
[build] C:\Users\pperv\code\unnamed_rpg\vendor\json\include\nlohmann/json.hpp(1417,5): warning: noexcept specifications are incompatible with C++98 [-Wc++98-compat]
[build]  1417 |     {
[build]       |     ^
[build] C:\Users\pperv\code\unnamed_rpg\vendor\json\include\nlohmann/json.hpp(1423,5): warning: 'constexpr' specifier is incompatible with C++98 [-Wc++98-compat]
[build]  1423 |     constexpr bool is_object() const noexcept
[build]       |     ^
[build] C:\Users\pperv\code\unnamed_rpg\vendor\json\include\nlohmann/json.hpp(1424,5): warning: noexcept specifications are incompatible with C++98 [-Wc++98-compat]
[build]  1424 |     {
[build]       |     ^
[build] C:\Users\pperv\code\unnamed_rpg\vendor\json\include\nlohmann/json.hpp(1430,5): warning: 'constexpr' specifier is incompatible with C++98 [-Wc++98-compat]
[build]  1430 |     constexpr bool is_array() const noexcept
[build]       |     ^
[build] C:\Users\pperv\code\unnamed_rpg\vendor\json\include\nlohmann/json.hpp(1431,5): warning: noexcept specifications are incompatible with C++98 [-Wc++98-compat]
[build]  1431 |     {
[build]       |     ^
[build] C:\Users\pperv\code\unnamed_rpg\vendor\json\include\nlohmann/json.hpp(1437,5): warning: 'constexpr' specifier is incompatible with C++98 [-Wc++98-compat]
[build]  1437 |     constexpr bool is_string() const noexcept
[build]       |     ^
[build] C:\Users\pperv\code\unnamed_rpg\vendor\json\include\nlohmann/json.hpp(1438,5): warning: noexcept specifications are incompatible with C++98 [-Wc++98-compat]
[build]  1438 |     {
[build]       |     ^
[build] C:\Users\pperv\code\unnamed_rpg\vendor\json\include\nlohmann/json.hpp(1444,5): warning: 'constexpr' specifier is incompatible with C++98 [-Wc++98-compat]
[build]  1444 |     constexpr bool is_binary() const noexcept
[build]       |     ^
[build] C:\Users\pperv\code\unnamed_rpg\vendor\json\include\nlohmann/json.hpp(1445,5): warning: noexcept specifications are incompatible with C++98 [-Wc++98-compat]
[build]  1445 |     {
[build]       |     ^
[build] C:\Users\pperv\code\unnamed_rpg\vendor\json\include\nlohmann/json.hpp(1451,5): warning: 'constexpr' specifier is incompatible with C++98 [-Wc++98-compat]
[build]  1451 |     constexpr bool is_discarded() const noexcept
[build]       |     ^
[build] C:\Users\pperv\code\unnamed_rpg\vendor\json\include\nlohmann/json.hpp(1452,5): warning: noexcept specifications are incompatible with C++98 [-Wc++98-compat]
[build]  1452 |     {
[build]       |     ^
[build] C:\Users\pperv\code\unnamed_rpg\vendor\json\include\nlohmann/json.hpp(1458,5): warning: 'constexpr' specifier is incompatible with C++98 [-Wc++98-compat]
[build]  1458 |     constexpr operator value_t() const noexcept
[build]       |     ^
[build] C:\Users\pperv\code\unnamed_rpg\vendor\json\include\nlohmann/json.hpp(1459,5): warning: noexcept specifications are incompatible with C++98 [-Wc++98-compat]
[build]  1459 |     {
[build]       |     ^
[build] C:\Users\pperv\code\unnamed_rpg\vendor\json\include\nlohmann/json.hpp(1483,5): warning: noexcept specifications are incompatible with C++98 [-Wc++98-compat]
[build]  1483 |     {
[build]       |     ^
[build] C:\Users\pperv\code\unnamed_rpg\vendor\json\include\nlohmann/json.hpp(1488,5): warning: 'constexpr' specifier is incompatible with C++98 [-Wc++98-compat]
[build]  1488 |     constexpr const object_t* get_impl_ptr(const object_t* /*unused*/) const noexcept
[build]       |     ^
[build] C:\Users\pperv\code\unnamed_rpg\vendor\json\include\nlohmann/json.hpp(1489,5): warning: noexcept specifications are incompatible with C++98 [-Wc++98-compat]
[build]  1489 |     {
[build]       |     ^
[build] C:\Users\pperv\code\unnamed_rpg\vendor\json\include\nlohmann/json.hpp(1495,5): warning: noexcept specifications are incompatible with C++98 [-Wc++98-compat]
[build]  1495 |     {
[build]       |     ^
[build] C:\Users\pperv\code\unnamed_rpg\vendor\json\include\nlohmann/json.hpp(1500,5): warning: 'constexpr' specifier is incompatible with C++98 [-Wc++98-compat]
[build]  1500 |     constexpr const array_t* get_impl_ptr(const array_t* /*unused*/) const noexcept
[build]       |     ^
[build] C:\Users\pperv\code\unnamed_rpg\vendor\json\include\nlohmann/json.hpp(1501,5): warning: noexcept specifications are incompatible with C++98 [-Wc++98-compat]
[build]  1501 |     {
[build]       |     ^
[build] C:\Users\pperv\code\unnamed_rpg\vendor\json\include\nlohmann/json.hpp(1507,5): warning: noexcept specifications are incompatible with C++98 [-Wc++98-compat]
[build]  1507 |     {
[build]       |     ^
[build] C:\Users\pperv\code\unnamed_rpg\vendor\json\include\nlohmann/json.hpp(1512,5): warning: 'constexpr' specifier is incompatible with C++98 [-Wc++98-compat]
[build]  1512 |     constexpr const string_t* get_impl_ptr(const string_t* /*unused*/) const noexcept
[build]       |     ^
[build] C:\Users\pperv\code\unnamed_rpg\vendor\json\include\nlohmann/json.hpp(1513,5): warning: noexcept specifications are incompatible with C++98 [-Wc++98-compat]
[build]  1513 |     {
[build]       |     ^
[build] C:\Users\pperv\code\unnamed_rpg\vendor\json\include\nlohmann/json.hpp(1519,5): warning: noexcept specifications are incompatible with C++98 [-Wc++98-compat]
[build]  1519 |     {
[build]       |     ^
[build] C:\Users\pperv\code\unnamed_rpg\vendor\json\include\nlohmann/json.hpp(1524,5): warning: 'constexpr' specifier is incompatible with C++98 [-Wc++98-compat]
[build]  1524 |     constexpr const boolean_t* get_impl_ptr(const boolean_t* /*unused*/) const noexcept
[build]       |     ^
[build] C:\Users\pperv\code\unnamed_rpg\vendor\json\include\nlohmann/json.hpp(1525,5): warning: noexcept specifications are incompatible with C++98 [-Wc++98-compat]
[build]  1525 |     {
[build]       |     ^
[build] C:\Users\pperv\code\unnamed_rpg\vendor\json\include\nlohmann/json.hpp(1531,5): warning: noexcept specifications are incompatible with C++98 [-Wc++98-compat]
[build]  1531 |     {
[build]       |     ^
[build] C:\Users\pperv\code\unnamed_rpg\vendor\json\include\nlohmann/json.hpp(1536,5): warning: 'constexpr' specifier is incompatible with C++98 [-Wc++98-compat]
[build]  1536 |     constexpr const number_integer_t* get_impl_ptr(const number_integer_t* /*unused*/) const noexcept
[build]       |     ^
[build] C:\Users\pperv\code\unnamed_rpg\vendor\json\include\nlohmann/json.hpp(1537,5): warning: noexcept specifications are incompatible with C++98 [-Wc++98-compat]
[build]  1537 |     {
[build]       |     ^
[build] C:\Users\pperv\code\unnamed_rpg\vendor\json\include\nlohmann/json.hpp(1543,5): warning: noexcept specifications are incompatible with C++98 [-Wc++98-compat]
[build]  1543 |     {
[build]       |     ^
[build] C:\Users\pperv\code\unnamed_rpg\vendor\json\include\nlohmann/json.hpp(1548,5): warning: 'constexpr' specifier is incompatible with C++98 [-Wc++98-compat]
[build]  1548 |     constexpr const number_unsigned_t* get_impl_ptr(const number_unsigned_t* /*unused*/) const noexcept
[build]       |     ^
[build] C:\Users\pperv\code\unnamed_rpg\vendor\json\include\nlohmann/json.hpp(1549,5): warning: noexcept specifications are incompatible with C++98 [-Wc++98-compat]
[build]  1549 |     {
[build]       |     ^
[build] C:\Users\pperv\code\unnamed_rpg\vendor\json\include\nlohmann/json.hpp(1555,5): warning: noexcept specifications are incompatible with C++98 [-Wc++98-compat]
[build]  1555 |     {
[build]       |     ^
[build] C:\Users\pperv\code\unnamed_rpg\vendor\json\include\nlohmann/json.hpp(1560,5): warning: 'constexpr' specifier is incompatible with C++98 [-Wc++98-compat]
[build]  1560 |     constexpr const number_float_t* get_impl_ptr(const number_float_t* /*unused*/) const noexcept
[build]       |     ^
[build] C:\Users\pperv\code\unnamed_rpg\vendor\json\include\nlohmann/json.hpp(1561,5): warning: noexcept specifications are incompatible with C++98 [-Wc++98-compat]
[build]  1561 |     {
[build]       |     ^
[build] C:\Users\pperv\code\unnamed_rpg\vendor\json\include\nlohmann/json.hpp(1567,5): warning: noexcept specifications are incompatible with C++98 [-Wc++98-compat]
[build]  1567 |     {
[build]       |     ^
[build] C:\Users\pperv\code\unnamed_rpg\vendor\json\include\nlohmann/json.hpp(1572,5): warning: 'constexpr' specifier is incompatible with C++98 [-Wc++98-compat]
[build]  1572 |     constexpr const binary_t* get_impl_ptr(const binary_t* /*unused*/) const noexcept
[build]       |     ^
[build] C:\Users\pperv\code\unnamed_rpg\vendor\json\include\nlohmann/json.hpp(1573,5): warning: noexcept specifications are incompatible with C++98 [-Wc++98-compat]
[build]  1573 |     {
[build]       |     ^
[build] C:\Users\pperv\code\unnamed_rpg\vendor\json\include\nlohmann/json.hpp(1611,29): warning: noexcept specifications are incompatible with C++98 [-Wc++98-compat]
[build]  1611 |     auto get_ptr() noexcept -> decltype(std::declval<basic_json_t&>().get_impl_ptr(std::declval<PointerType>()))
[build]       |                             ^
[build] C:\Users\pperv\code\unnamed_rpg\vendor\json\include\nlohmann/json.hpp(1611,29): warning: trailing return types are incompatible with C++98 [-Wc++98-compat]
[build] C:\Users\pperv\code\unnamed_rpg\vendor\json\include\nlohmann/json.hpp(1611,32): warning: 'decltype' type specifier is incompatible with C++98 [-Wc++98-compat]
[build]  1611 |     auto get_ptr() noexcept -> decltype(std::declval<basic_json_t&>().get_impl_ptr(std::declval<PointerType>()))
[build]       |                                ^
[build] C:\Users\pperv\code\unnamed_rpg\vendor\json\include\nlohmann/json.hpp(1610,66): warning: default template arguments for a function template are incompatible with C++98 [-Wc++98-compat]
[build]  1610 |                  std::is_pointer<PointerType>::value, int>::type = 0>
[build]       |                                                                  ^ ~
[build] C:\Users\pperv\code\unnamed_rpg\vendor\json\include\nlohmann/json.hpp(1622,5): warning: 'constexpr' specifier is incompatible with C++98 [-Wc++98-compat]
[build]  1622 |     constexpr auto get_ptr() const noexcept -> decltype(std::declval<const basic_json_t&>().get_impl_ptr(std::declval<PointerType>()))
[build]       |     ^
[build] C:\Users\pperv\code\unnamed_rpg\vendor\json\include\nlohmann/json.hpp(1622,45): warning: noexcept specifications are incompatible with C++98 [-Wc++98-compat]
[build]  1622 |     constexpr auto get_ptr() const noexcept -> decltype(std::declval<const basic_json_t&>().get_impl_ptr(std::declval<PointerType>()))
[build]       |                                             ^
[build] C:\Users\pperv\code\unnamed_rpg\vendor\json\include\nlohmann/json.hpp(1622,45): warning: trailing return types are incompatible with C++98 [-Wc++98-compat]
[build] C:\Users\pperv\code\unnamed_rpg\vendor\json\include\nlohmann/json.hpp(1622,48): warning: 'decltype' type specifier is incompatible with C++98 [-Wc++98-compat]
[build]  1622 |     constexpr auto get_ptr() const noexcept -> decltype(std::declval<const basic_json_t&>().get_impl_ptr(std::declval<PointerType>()))
[build]       |                                                ^
[build] C:\Users\pperv\code\unnamed_rpg\vendor\json\include\nlohmann/json.hpp(1621,103): warning: default template arguments for a function template are incompatible with C++98 [-Wc++98-compat]
[build]  1621 |                    std::is_const<typename std::remove_pointer<PointerType>::type>::value, int >::type = 0 >
[build]       |                                                                                                       ^ ~
[build] C:\Users\pperv\code\unnamed_rpg\vendor\json\include\nlohmann/json.hpp(1671,26): warning: default template arguments for a function template are incompatible with C++98 [-Wc++98-compat]
[build]  1671 |                    int > = 0 >
[build]       |                          ^ ~
[build] C:\Users\pperv\code\unnamed_rpg\vendor\json\include\nlohmann/json.hpp(1713,26): warning: default template arguments for a function template are incompatible with C++98 [-Wc++98-compat]
[build]  1713 |                    int > = 0 >
[build]       |                          ^ ~
[build] C:\Users\pperv\code\unnamed_rpg\vendor\json\include\nlohmann/json.hpp(1738,26): warning: default template arguments for a function template are incompatible with C++98 [-Wc++98-compat]
[build]  1738 |                    int > = 0 >
[build]       |                          ^ ~
[build] C:\Users\pperv\code\unnamed_rpg\vendor\json\include\nlohmann/json.hpp(1761,23): warning: default template arguments for a function template are incompatible with C++98 [-Wc++98-compat]
[build]  1761 |                  int> = 0>
[build]       |                       ^ ~
[build] C:\Users\pperv\code\unnamed_rpg\vendor\json\include\nlohmann/json.hpp(1775,5): warning: 'constexpr' specifier is incompatible with C++98 [-Wc++98-compat]
[build]  1775 |     constexpr auto get_impl(detail::priority_tag<4> /*unused*/) const noexcept
[build]       |     ^
[build] C:\Users\pperv\code\unnamed_rpg\vendor\json\include\nlohmann/json.hpp(1776,5): warning: noexcept specifications are incompatible with C++98 [-Wc++98-compat]
[build]  1776 |     -> decltype(std::declval<const basic_json_t&>().template get_ptr<PointerType>())
[build]       |     ^
[build] C:\Users\pperv\code\unnamed_rpg\vendor\json\include\nlohmann/json.hpp(1776,5): warning: trailing return types are incompatible with C++98 [-Wc++98-compat]
[build] C:\Users\pperv\code\unnamed_rpg\vendor\json\include\nlohmann/json.hpp(1776,8): warning: 'decltype' type specifier is incompatible with C++98 [-Wc++98-compat]
[build]  1776 |     -> decltype(std::declval<const basic_json_t&>().template get_ptr<PointerType>())
[build]       |        ^
[build] C:\Users\pperv\code\unnamed_rpg\vendor\json\include\nlohmann/json.hpp(1774,23): warning: default template arguments for a function template are incompatible with C++98 [-Wc++98-compat]
[build]  1774 |                  int> = 0>
[build]       |                       ^ ~
[build] C:\Users\pperv\code\unnamed_rpg\vendor\json\include\nlohmann/json.hpp(1806,88): warning: consecutive right angle brackets are incompatible with C++98 (use '> >') [-Wc++98-compat]
[build]  1806 |     template < typename ValueTypeCV, typename ValueType = detail::uncvref_t<ValueTypeCV>>
[build]       |                                                                                        ^~
[build]       |                                                                                        > >
[build] C:\Users\pperv\code\unnamed_rpg\vendor\json\include\nlohmann/json.hpp(1808,5): warning: 'constexpr' specifier is incompatible with C++98 [-Wc++98-compat]
[build]  1808 |     constexpr
[build]       |     ^
[build] C:\Users\pperv\code\unnamed_rpg\vendor\json\include\nlohmann/json.hpp(1812,5): warning: trailing return types are incompatible with C++98 [-Wc++98-compat]
[build]  1812 |     -> decltype(std::declval<const basic_json_t&>().template get_impl<ValueType>(detail::priority_tag<4> {}))
[build]       |     ^
[build] C:\Users\pperv\code\unnamed_rpg\vendor\json\include\nlohmann/json.hpp(1812,8): warning: 'decltype' type specifier is incompatible with C++98 [-Wc++98-compat]
[build]  1812 |     -> decltype(std::declval<const basic_json_t&>().template get_impl<ValueType>(detail::priority_tag<4> {}))
[build]       |        ^
[build] C:\Users\pperv\code\unnamed_rpg\vendor\json\include\nlohmann/json.hpp(1812,106): warning: generalized initializer lists are incompatible with C++98 [-Wc++98-compat]
[build]  1812 |     -> decltype(std::declval<const basic_json_t&>().template get_impl<ValueType>(detail::priority_tag<4> {}))
[build]       |                                                                                                          ^
[build] C:\Users\pperv\code\unnamed_rpg\vendor\json\include\nlohmann/json.hpp(1812,106): warning: constructor call from initializer list is incompatible with C++98 [-Wc++98-compat]
[build]  1812 |     -> decltype(std::declval<const basic_json_t&>().template get_impl<ValueType>(detail::priority_tag<4> {}))
[build]       |                                                                                                          ^~
[build] C:\Users\pperv\code\unnamed_rpg\vendor\json\include\nlohmann/json.hpp(1806,47): warning: default template arguments for a function template are incompatible with C++98 [-Wc++98-compat]
[build]  1806 |     template < typename ValueTypeCV, typename ValueType = detail::uncvref_t<ValueTypeCV>>
[build]       |                                               ^           ~~~~~~~~~~~~~~~~~~~~~~~~~~~~~~
[build] C:\Users\pperv\code\unnamed_rpg\vendor\json\include\nlohmann/json.hpp(1851,25): warning: noexcept specifications are incompatible with C++98 [-Wc++98-compat]
[build]  1851 |     auto get() noexcept -> decltype(std::declval<basic_json_t&>().template get_ptr<PointerType>())
[build]       |                         ^
[build] C:\Users\pperv\code\unnamed_rpg\vendor\json\include\nlohmann/json.hpp(1851,25): warning: trailing return types are incompatible with C++98 [-Wc++98-compat]
[build] C:\Users\pperv\code\unnamed_rpg\vendor\json\include\nlohmann/json.hpp(1851,28): warning: 'decltype' type specifier is incompatible with C++98 [-Wc++98-compat]
[build]  1851 |     auto get() noexcept -> decltype(std::declval<basic_json_t&>().template get_ptr<PointerType>())
[build]       |                            ^
[build] C:\Users\pperv\code\unnamed_rpg\vendor\json\include\nlohmann/json.hpp(1850,66): warning: default template arguments for a function template are incompatible with C++98 [-Wc++98-compat]
[build]  1850 |                  std::is_pointer<PointerType>::value, int>::type = 0>
[build]       |                                                                  ^ ~
[build] C:\Users\pperv\code\unnamed_rpg\vendor\json\include\nlohmann/json.hpp(1863,26): warning: default template arguments for a function template are incompatible with C++98 [-Wc++98-compat]
[build]  1863 |                    int > = 0 >
[build]       |                          ^ ~
[build] C:\Users\pperv\code\unnamed_rpg\vendor\json\include\nlohmann/json.hpp(1876,23): warning: default template arguments for a function template are incompatible with C++98 [-Wc++98-compat]
[build]  1876 |                  int> = 0>
[build]       |                       ^ ~
[build] C:\Users\pperv\code\unnamed_rpg\vendor\json\include\nlohmann/json.hpp(1885,18): warning: default template arguments for a function template are incompatible with C++98 [-Wc++98-compat]
[build]  1885 |         typename Array = T (&)[N], // NOLINT(cppcoreguidelines-avoid-c-arrays,hicpp-avoid-c-arrays,modernize-avoid-c-arrays)
[build]       |                  ^       ~~~~~~~~
[build] C:\Users\pperv\code\unnamed_rpg\vendor\json\include\nlohmann/json.hpp(1887,70): warning: default template arguments for a function template are incompatible with C++98 [-Wc++98-compat]
[build]  1887 |             detail::has_from_json<basic_json_t, Array>::value, int > = 0 >
[build]       |                                                                      ^ ~
[build] C:\Users\pperv\code\unnamed_rpg\vendor\json\include\nlohmann/json.hpp(1899,70): warning: default template arguments for a function template are incompatible with C++98 [-Wc++98-compat]
[build]  1899 |                  std::is_reference<ReferenceType>::value, int>::type = 0>
[build]       |                                                                      ^ ~
[build] C:\Users\pperv\code\unnamed_rpg\vendor\json\include\nlohmann/json.hpp(1910,107): warning: default template arguments for a function template are incompatible with C++98 [-Wc++98-compat]
[build]  1910 |                    std::is_const<typename std::remove_reference<ReferenceType>::type>::value, int >::type = 0 >
[build]       |                                                                                                           ^ ~
[build] C:\Users\pperv\code\unnamed_rpg\vendor\json\include\nlohmann/json.hpp(1948,66): warning: consecutive right angle brackets are incompatible with C++98 (use '> >') [-Wc++98-compat]
[build]  1948 |                        detail::negation<std::is_pointer<ValueType>>,
[build]       |                                                                  ^~
[build]       |                                                                  > >
[build] C:\Users\pperv\code\unnamed_rpg\vendor\json\include\nlohmann/json.hpp(1949,79): warning: consecutive right angle brackets are incompatible with C++98 (use '> >') [-Wc++98-compat]
[build]  1949 |                        detail::negation<std::is_same<ValueType, std::nullptr_t>>,
[build]       |                                                                               ^~
[build]       |                                                                               > >
[build] C:\Users\pperv\code\unnamed_rpg\vendor\json\include\nlohmann/json.hpp(1950,92): warning: consecutive right angle brackets are incompatible with C++98 (use '> >') [-Wc++98-compat]
[build]  1950 |                        detail::negation<std::is_same<ValueType, detail::json_ref<basic_json>>>,
[build]       |                                                                                            ^~
[build]       |                                                                                            > > 
[build] C:\Users\pperv\code\unnamed_rpg\vendor\json\include\nlohmann/json.hpp(1951,111): warning: consecutive right angle brackets are incompatible with C++98 (use '> >') [-Wc++98-compat]
[build]  1951 |                                         detail::negation<std::is_same<ValueType, typename string_t::value_type>>,
[build]       |                                                                                                               ^~
[build]       |                                                                                                               > >
[build] C:\Users\pperv\code\unnamed_rpg\vendor\json\include\nlohmann/json.hpp(1952,89): warning: consecutive right angle brackets are incompatible with C++98 (use '> >') [-Wc++98-compat]
[build]  1952 |                                         detail::negation<detail::is_basic_json<ValueType>>,
[build]       |                                                                                         ^~
[build]       |                                                                                         > >
[build] C:\Users\pperv\code\unnamed_rpg\vendor\json\include\nlohmann/json.hpp(1953,133): warning: consecutive right angle brackets are incompatible with C++98 (use '> >') [-Wc++98-compat]
[build]  1953 |                                         detail::negation<std::is_same<ValueType, std::initializer_list<typename string_t::value_type>>>,
[build]       |                                                                                                                                     ^~
[build]       |                                                                                                                                     > > 
[build] C:\Users\pperv\code\unnamed_rpg\vendor\json\include\nlohmann/json.hpp(1966,71): warning: default template arguments for a function template are incompatible with C++98 [-Wc++98-compat]
[build]  1966 |                                                 >::value, int >::type = 0 >
[build]       |                                                                       ^ ~
[build] C:\Users\pperv\code\unnamed_rpg\vendor\json\include\nlohmann/json.hpp(2075,26): warning: rvalue references are incompatible with C++98 [-Wc++98-compat]
[build]  2075 |     reference at(KeyType && key)
[build]       |                          ^
[build] C:\Users\pperv\code\unnamed_rpg\vendor\json\include\nlohmann/json.hpp(2074,95): warning: default template arguments for a function template are incompatible with C++98 [-Wc++98-compat]
[build]  2074 |                  detail::is_usable_as_basic_json_key_type<basic_json_t, KeyType>::value, int> = 0>
[build]       |                                                                                               ^ ~
[build] C:\Users\pperv\code\unnamed_rpg\vendor\json\include\nlohmann/json.hpp(2113,32): warning: rvalue references are incompatible with C++98 [-Wc++98-compat]
[build]  2113 |     const_reference at(KeyType && key) const
[build]       |                                ^
[build] C:\Users\pperv\code\unnamed_rpg\vendor\json\include\nlohmann/json.hpp(2112,95): warning: default template arguments for a function template are incompatible with C++98 [-Wc++98-compat]
[build]  2112 |                  detail::is_usable_as_basic_json_key_type<basic_json_t, KeyType>::value, int> = 0>
[build]       |                                                                                               ^ ~
[build] C:\Users\pperv\code\unnamed_rpg\vendor\json\include\nlohmann/json.hpp(2243,34): warning: rvalue references are incompatible with C++98 [-Wc++98-compat]
[build]  2243 |     reference operator[](KeyType && key)
[build]       |                                  ^
[build] C:\Users\pperv\code\unnamed_rpg\vendor\json\include\nlohmann/json.hpp(2242,96): warning: default template arguments for a function template are incompatible with C++98 [-Wc++98-compat]
[build]  2242 |                  detail::is_usable_as_basic_json_key_type<basic_json_t, KeyType>::value, int > = 0 >
[build]       |                                                                                                ^ ~
[build] C:\Users\pperv\code\unnamed_rpg\vendor\json\include\nlohmann/json.hpp(2267,40): warning: rvalue references are incompatible with C++98 [-Wc++98-compat]
[build]  2267 |     const_reference operator[](KeyType && key) const
[build]       |                                        ^
[build] C:\Users\pperv\code\unnamed_rpg\vendor\json\include\nlohmann/json.hpp(2266,96): warning: default template arguments for a function template are incompatible with C++98 [-Wc++98-compat]
[build]  2266 |                  detail::is_usable_as_basic_json_key_type<basic_json_t, KeyType>::value, int > = 0 >
[build]       |                                                                                                ^ ~
[build] C:\Users\pperv\code\unnamed_rpg\vendor\json\include\nlohmann/json.hpp(2282,43): warning: alias declarations are incompatible with C++98 [-Wc++98-compat]
[build]  2282 |     using is_comparable_with_object_key = detail::is_comparable <
[build]       |                                           ^
[build] C:\Users\pperv\code\unnamed_rpg\vendor\json\include\nlohmann/json.hpp(2286,31): warning: alias declarations are incompatible with C++98 [-Wc++98-compat]
[build]  2286 |     using value_return_type = std::conditional <
[build]       |                               ^
[build] C:\Users\pperv\code\unnamed_rpg\vendor\json\include\nlohmann/json.hpp(2296,73): warning: consecutive right angle brackets are incompatible with C++98 (use '> >') [-Wc++98-compat]
[build]  2296 |                    && !std::is_same<value_t, detail::uncvref_t<ValueType>>::value, int > = 0 >
[build]       |                                                                         ^~
[build]       |                                                                         > >
[build] C:\Users\pperv\code\unnamed_rpg\vendor\json\include\nlohmann/json.hpp(2296,90): warning: default template arguments for a function template are incompatible with C++98 [-Wc++98-compat]
[build]  2296 |                    && !std::is_same<value_t, detail::uncvref_t<ValueType>>::value, int > = 0 >
[build]       |                                                                                          ^ ~
[build] C:\Users\pperv\code\unnamed_rpg\vendor\json\include\nlohmann/json.hpp(2321,73): warning: consecutive right angle brackets are incompatible with C++98 (use '> >') [-Wc++98-compat]
[build]  2321 |                    && !std::is_same<value_t, detail::uncvref_t<ValueType>>::value, int > = 0 >
[build]       |                                                                         ^~
[build]       |                                                                         > >
[build] C:\Users\pperv\code\unnamed_rpg\vendor\json\include\nlohmann/json.hpp(2322,72): warning: rvalue references are incompatible with C++98 [-Wc++98-compat]
[build]  2322 |     ReturnType value(const typename object_t::key_type& key, ValueType && default_value) const
[build]       |                                                                        ^
[build] C:\Users\pperv\code\unnamed_rpg\vendor\json\include\nlohmann/json.hpp(2317,39): warning: default template arguments for a function template are incompatible with C++98 [-Wc++98-compat]
[build]  2317 |     template < class ValueType, class ReturnType = typename value_return_type<ValueType>::type,
[build]       |                                       ^            ~~~~~~~~~~~~~~~~~~~~~~~~~~~~~~~~~~~~~~~~~~~
[build] C:\Users\pperv\code\unnamed_rpg\vendor\json\include\nlohmann/json.hpp(2321,90): warning: default template arguments for a function template are incompatible with C++98 [-Wc++98-compat]
[build]  2321 |                    && !std::is_same<value_t, detail::uncvref_t<ValueType>>::value, int > = 0 >
[build]       |                                                                                          ^ ~
[build] C:\Users\pperv\code\unnamed_rpg\vendor\json\include\nlohmann/json.hpp(2347,73): warning: consecutive right angle brackets are incompatible with C++98 (use '> >') [-Wc++98-compat]
[build]  2347 |                    && !std::is_same<value_t, detail::uncvref_t<ValueType>>::value, int > = 0 >
[build]       |                                                                         ^~
[build]       |                                                                         > >
[build] C:\Users\pperv\code\unnamed_rpg\vendor\json\include\nlohmann/json.hpp(2348,29): warning: rvalue references are incompatible with C++98 [-Wc++98-compat]
[build]  2348 |     ValueType value(KeyType && key, const ValueType& default_value) const
[build]       |                             ^
[build] C:\Users\pperv\code\unnamed_rpg\vendor\json\include\nlohmann/json.hpp(2347,90): warning: default template arguments for a function template are incompatible with C++98 [-Wc++98-compat]
[build]  2347 |                    && !std::is_same<value_t, detail::uncvref_t<ValueType>>::value, int > = 0 >
[build]       |                                                                                          ^ ~
[build] C:\Users\pperv\code\unnamed_rpg\vendor\json\include\nlohmann/json.hpp(2374,73): warning: consecutive right angle brackets are incompatible with C++98 (use '> >') [-Wc++98-compat]
[build]  2374 |                    && !std::is_same<value_t, detail::uncvref_t<ValueType>>::value, int > = 0 >
[build]       |                                                                         ^~
[build]       |                                                                         > >
[build] C:\Users\pperv\code\unnamed_rpg\vendor\json\include\nlohmann/json.hpp(2375,30): warning: rvalue references are incompatible with C++98 [-Wc++98-compat]
[build]  2375 |     ReturnType value(KeyType && key, ValueType && default_value) const
[build]       |                              ^
[build] C:\Users\pperv\code\unnamed_rpg\vendor\json\include\nlohmann/json.hpp(2375,48): warning: rvalue references are incompatible with C++98 [-Wc++98-compat]
[build]  2375 |     ReturnType value(KeyType && key, ValueType && default_value) const
[build]       |                                                ^
[build] C:\Users\pperv\code\unnamed_rpg\vendor\json\include\nlohmann/json.hpp(2368,54): warning: default template arguments for a function template are incompatible with C++98 [-Wc++98-compat]
[build]  2368 |     template < class ValueType, class KeyType, class ReturnType = typename value_return_type<ValueType>::type,
[build]       |                                                      ^            ~~~~~~~~~~~~~~~~~~~~~~~~~~~~~~~~~~~~~~~~~~~
[build] C:\Users\pperv\code\unnamed_rpg\vendor\json\include\nlohmann/json.hpp(2374,90): warning: default template arguments for a function template are incompatible with C++98 [-Wc++98-compat]
[build]  2374 |                    && !std::is_same<value_t, detail::uncvref_t<ValueType>>::value, int > = 0 >
[build]       |                                                                                          ^ ~
[build] C:\Users\pperv\code\unnamed_rpg\vendor\json\include\nlohmann/json.hpp(2397,73): warning: consecutive right angle brackets are incompatible with C++98 (use '> >') [-Wc++98-compat]
[build]  2397 |                    && !std::is_same<value_t, detail::uncvref_t<ValueType>>::value, int > = 0 >
[build]       |                                                                         ^~
[build]       |                                                                         > >
[build] C:\Users\pperv\code\unnamed_rpg\vendor\json\include\nlohmann/json.hpp(2397,90): warning: default template arguments for a function template are incompatible with C++98 [-Wc++98-compat]
[build]  2397 |                    && !std::is_same<value_t, detail::uncvref_t<ValueType>>::value, int > = 0 >
[build]       |                                                                                          ^ ~
[build] C:\Users\pperv\code\unnamed_rpg\vendor\json\include\nlohmann/json.hpp(2422,73): warning: consecutive right angle brackets are incompatible with C++98 (use '> >') [-Wc++98-compat]
[build]  2422 |                    && !std::is_same<value_t, detail::uncvref_t<ValueType>>::value, int > = 0 >
[build]       |                                                                         ^~
[build]       |                                                                         > >
[build] C:\Users\pperv\code\unnamed_rpg\vendor\json\include\nlohmann/json.hpp(2423,57): warning: rvalue references are incompatible with C++98 [-Wc++98-compat]
[build]  2423 |     ReturnType value(const json_pointer& ptr, ValueType && default_value) const
[build]       |                                                         ^
[build] C:\Users\pperv\code\unnamed_rpg\vendor\json\include\nlohmann/json.hpp(2419,39): warning: default template arguments for a function template are incompatible with C++98 [-Wc++98-compat]
[build]  2419 |     template < class ValueType, class ReturnType = typename value_return_type<ValueType>::type,
[build]       |                                       ^            ~~~~~~~~~~~~~~~~~~~~~~~~~~~~~~~~~~~~~~~~~~~
[build] C:\Users\pperv\code\unnamed_rpg\vendor\json\include\nlohmann/json.hpp(2422,90): warning: default template arguments for a function template are incompatible with C++98 [-Wc++98-compat]
[build]  2422 |                    && !std::is_same<value_t, detail::uncvref_t<ValueType>>::value, int > = 0 >
[build]       |                                                                                          ^ ~
[build] C:\Users\pperv\code\unnamed_rpg\vendor\json\include\nlohmann/json.hpp(2445,73): warning: consecutive right angle brackets are incompatible with C++98 (use '> >') [-Wc++98-compat]
[build]  2445 |                    && !std::is_same<value_t, detail::uncvref_t<ValueType>>::value, int > = 0 >
[build]       |                                                                         ^~
[build]       |                                                                         > >
[build] C:\Users\pperv\code\unnamed_rpg\vendor\json\include\nlohmann/json.hpp(2445,90): warning: default template arguments for a function template are incompatible with C++98 [-Wc++98-compat]
[build]  2445 |                    && !std::is_same<value_t, detail::uncvref_t<ValueType>>::value, int > = 0 >
[build]       |                                                                                          ^ ~
[build] C:\Users\pperv\code\unnamed_rpg\vendor\json\include\nlohmann/json.hpp(2456,73): warning: consecutive right angle brackets are incompatible with C++98 (use '> >') [-Wc++98-compat]
[build]  2456 |                    && !std::is_same<value_t, detail::uncvref_t<ValueType>>::value, int > = 0 >
[build]       |                                                                         ^~
[build]       |                                                                         > >
[build] C:\Users\pperv\code\unnamed_rpg\vendor\json\include\nlohmann/json.hpp(2458,84): warning: rvalue references are incompatible with C++98 [-Wc++98-compat]
[build]  2458 |     ReturnType value(const ::nlohmann::json_pointer<BasicJsonType>& ptr, ValueType && default_value) const
[build]       |                                                                                    ^
[build] C:\Users\pperv\code\unnamed_rpg\vendor\json\include\nlohmann/json.hpp(2452,60): warning: default template arguments for a function template are incompatible with C++98 [-Wc++98-compat]
[build]  2452 |     template < class ValueType, class BasicJsonType, class ReturnType = typename value_return_type<ValueType>::type,
[build]       |                                                            ^            ~~~~~~~~~~~~~~~~~~~~~~~~~~~~~~~~~~~~~~~~~~~
[build] C:\Users\pperv\code\unnamed_rpg\vendor\json\include\nlohmann/json.hpp(2456,90): warning: default template arguments for a function template are incompatible with C++98 [-Wc++98-compat]
[build]  2456 |                    && !std::is_same<value_t, detail::uncvref_t<ValueType>>::value, int > = 0 >
[build]       |                                                                                          ^ ~
[build] C:\Users\pperv\code\unnamed_rpg\vendor\json\include\nlohmann/json.hpp(2499,100): warning: default template arguments for a function template are incompatible with C++98 [-Wc++98-compat]
[build]  2499 |                    std::is_same<IteratorType, typename basic_json_t::const_iterator>::value, int > = 0 >
[build]       |                                                                                                    ^ ~
[build] C:\Users\pperv\code\unnamed_rpg\vendor\json\include\nlohmann/json.hpp(2569,100): warning: default template arguments for a function template are incompatible with C++98 [-Wc++98-compat]
[build]  2569 |                    std::is_same<IteratorType, typename basic_json_t::const_iterator>::value, int > = 0 >
[build]       |                                                                                                    ^ ~
[build] C:\Users\pperv\code\unnamed_rpg\vendor\json\include\nlohmann/json.hpp(2641,38): warning: rvalue references are incompatible with C++98 [-Wc++98-compat]
[build]  2641 |     size_type erase_internal(KeyType && key)
[build]       |                                      ^
[build] C:\Users\pperv\code\unnamed_rpg\vendor\json\include\nlohmann/json.hpp(2640,89): warning: default template arguments for a function template are incompatible with C++98 [-Wc++98-compat]
[build]  2640 |                    detail::has_erase_with_key_type<basic_json_t, KeyType>::value, int > = 0 >
[build]       |                                                                                         ^ ~
[build] C:\Users\pperv\code\unnamed_rpg\vendor\json\include\nlohmann/json.hpp(2654,38): warning: rvalue references are incompatible with C++98 [-Wc++98-compat]
[build]  2654 |     size_type erase_internal(KeyType && key)
[build]       |                                      ^
[build] C:\Users\pperv\code\unnamed_rpg\vendor\json\include\nlohmann/json.hpp(2653,90): warning: default template arguments for a function template are incompatible with C++98 [-Wc++98-compat]
[build]  2653 |                    !detail::has_erase_with_key_type<basic_json_t, KeyType>::value, int > = 0 >
[build]       |                                                                                          ^ ~
[build] C:\Users\pperv\code\unnamed_rpg\vendor\json\include\nlohmann/json.hpp(2686,29): warning: rvalue references are incompatible with C++98 [-Wc++98-compat]
[build]  2686 |     size_type erase(KeyType && key)
[build]       |                             ^
[build] C:\Users\pperv\code\unnamed_rpg\vendor\json\include\nlohmann/json.hpp(2685,95): warning: default template arguments for a function template are incompatible with C++98 [-Wc++98-compat]
[build]  2685 |                  detail::is_usable_as_basic_json_key_type<basic_json_t, KeyType>::value, int> = 0>
[build]       |                                                                                               ^ ~
[build] C:\Users\pperv\code\unnamed_rpg\vendor\json\include\nlohmann/json.hpp(2752,27): warning: rvalue references are incompatible with C++98 [-Wc++98-compat]
[build]  2752 |     iterator find(KeyType && key)
[build]       |                           ^
[build] C:\Users\pperv\code\unnamed_rpg\vendor\json\include\nlohmann/json.hpp(2751,95): warning: default template arguments for a function template are incompatible with C++98 [-Wc++98-compat]
[build]  2751 |                  detail::is_usable_as_basic_json_key_type<basic_json_t, KeyType>::value, int> = 0>
[build]       |                                                                                               ^ ~
[build] C:\Users\pperv\code\unnamed_rpg\vendor\json\include\nlohmann/json.hpp(2768,33): warning: rvalue references are incompatible with C++98 [-Wc++98-compat]
[build]  2768 |     const_iterator find(KeyType && key) const
[build]       |                                 ^
[build] C:\Users\pperv\code\unnamed_rpg\vendor\json\include\nlohmann/json.hpp(2767,95): warning: default template arguments for a function template are incompatible with C++98 [-Wc++98-compat]
[build]  2767 |                  detail::is_usable_as_basic_json_key_type<basic_json_t, KeyType>::value, int> = 0>
[build]       |                                                                                               ^ ~
[build] C:\Users\pperv\code\unnamed_rpg\vendor\json\include\nlohmann/json.hpp(2792,29): warning: rvalue references are incompatible with C++98 [-Wc++98-compat]
[build]  2792 |     size_type count(KeyType && key) const
[build]       |                             ^
[build] C:\Users\pperv\code\unnamed_rpg\vendor\json\include\nlohmann/json.hpp(2791,95): warning: default template arguments for a function template are incompatible with C++98 [-Wc++98-compat]
[build]  2791 |                  detail::is_usable_as_basic_json_key_type<basic_json_t, KeyType>::value, int> = 0>
[build]       |                                                                                               ^ ~
[build] C:\Users\pperv\code\unnamed_rpg\vendor\json\include\nlohmann/json.hpp(2809,27): warning: rvalue references are incompatible with C++98 [-Wc++98-compat]
[build]  2809 |     bool contains(KeyType && key) const
[build]       |                           ^
[build] C:\Users\pperv\code\unnamed_rpg\vendor\json\include\nlohmann/json.hpp(2808,95): warning: default template arguments for a function template are incompatible with C++98 [-Wc++98-compat]
[build]  2808 |                  detail::is_usable_as_basic_json_key_type<basic_json_t, KeyType>::value, int> = 0>
[build]       |                                                                                               ^ ~
[build] C:\Users\pperv\code\unnamed_rpg\vendor\json\include\nlohmann/json.hpp(2821,108): warning: default template arguments for a function template are incompatible with C++98 [-Wc++98-compat]
[build]  2821 |     template<typename BasicJsonType, detail::enable_if_t<detail::is_basic_json<BasicJsonType>::value, int> = 0>
[build]       |                                                                                                            ^ ~
[build] C:\Users\pperv\code\unnamed_rpg\vendor\json\include\nlohmann/json.hpp(2840,5): warning: noexcept specifications are incompatible with C++98 [-Wc++98-compat]
[build]  2840 |     {
[build]       |     ^
[build] C:\Users\pperv\code\unnamed_rpg\vendor\json\include\nlohmann/json.hpp(2849,5): warning: noexcept specifications are incompatible with C++98 [-Wc++98-compat]
[build]  2849 |     {
[build]       |     ^
[build] C:\Users\pperv\code\unnamed_rpg\vendor\json\include\nlohmann/json.hpp(2856,5): warning: noexcept specifications are incompatible with C++98 [-Wc++98-compat]
[build]  2856 |     {
[build]       |     ^
[build] C:\Users\pperv\code\unnamed_rpg\vendor\json\include\nlohmann/json.hpp(2865,5): warning: noexcept specifications are incompatible with C++98 [-Wc++98-compat]
[build]  2865 |     {
[build]       |     ^
[build] C:\Users\pperv\code\unnamed_rpg\vendor\json\include\nlohmann/json.hpp(2874,5): warning: noexcept specifications are incompatible with C++98 [-Wc++98-compat]
[build]  2874 |     {
[build]       |     ^
[build] C:\Users\pperv\code\unnamed_rpg\vendor\json\include\nlohmann/json.hpp(2881,5): warning: noexcept specifications are incompatible with C++98 [-Wc++98-compat]
[build]  2881 |     {
[build]       |     ^
[build] C:\Users\pperv\code\unnamed_rpg\vendor\json\include\nlohmann/json.hpp(2890,5): warning: noexcept specifications are incompatible with C++98 [-Wc++98-compat]
[build]  2890 |     {
[build]       |     ^
[build] C:\Users\pperv\code\unnamed_rpg\vendor\json\include\nlohmann/json.hpp(2897,5): warning: noexcept specifications are incompatible with C++98 [-Wc++98-compat]
[build]  2897 |     {
[build]       |     ^
[build] C:\Users\pperv\code\unnamed_rpg\vendor\json\include\nlohmann/json.hpp(2904,5): warning: noexcept specifications are incompatible with C++98 [-Wc++98-compat]
[build]  2904 |     {
[build]       |     ^
[build] C:\Users\pperv\code\unnamed_rpg\vendor\json\include\nlohmann/json.hpp(2911,5): warning: noexcept specifications are incompatible with C++98 [-Wc++98-compat]
[build]  2911 |     {
[build]       |     ^
[build] C:\Users\pperv\code\unnamed_rpg\vendor\json\include\nlohmann/json.hpp(2918,5): warning: noexcept specifications are incompatible with C++98 [-Wc++98-compat]
[build]  2918 |     {
[build]       |     ^
[build] C:\Users\pperv\code\unnamed_rpg\vendor\json\include\nlohmann/json.hpp(2925,5): warning: noexcept specifications are incompatible with C++98 [-Wc++98-compat]
[build]  2925 |     {
[build]       |     ^
[build] C:\Users\pperv\code\unnamed_rpg\vendor\json\include\nlohmann/json.hpp(2937,5): warning: noexcept specifications are incompatible with C++98 [-Wc++98-compat]
[build]  2937 |     {
[build]       |     ^
[build] C:\Users\pperv\code\unnamed_rpg\vendor\json\include\nlohmann/json.hpp(2948,5): warning: noexcept specifications are incompatible with C++98 [-Wc++98-compat]
[build]  2948 |     {
[build]       |     ^
[build] C:\Users\pperv\code\unnamed_rpg\vendor\json\include\nlohmann/json.hpp(2955,5): warning: noexcept specifications are incompatible with C++98 [-Wc++98-compat]
[build]  2955 |     {
[build]       |     ^
[build] C:\Users\pperv\code\unnamed_rpg\vendor\json\include\nlohmann/json.hpp(2962,5): warning: noexcept specifications are incompatible with C++98 [-Wc++98-compat]
[build]  2962 |     {
[build]       |     ^
[build] C:\Users\pperv\code\unnamed_rpg\vendor\json\include\nlohmann/json.hpp(2978,5): warning: noexcept specifications are incompatible with C++98 [-Wc++98-compat]
[build]  2978 |     {
[build]       |     ^
[build] C:\Users\pperv\code\unnamed_rpg\vendor\json\include\nlohmann/json.hpp(3017,5): warning: noexcept specifications are incompatible with C++98 [-Wc++98-compat]
[build]  3017 |     {
[build]       |     ^
[build] C:\Users\pperv\code\unnamed_rpg\vendor\json\include\nlohmann/json.hpp(3056,5): warning: noexcept specifications are incompatible with C++98 [-Wc++98-compat]
[build]  3056 |     {
[build]       |     ^
[build] C:\Users\pperv\code\unnamed_rpg\vendor\json\include\nlohmann/json.hpp(3099,5): warning: noexcept specifications are incompatible with C++98 [-Wc++98-compat]
[build]  3099 |     {
[build]       |     ^
[build] C:\Users\pperv\code\unnamed_rpg\vendor\json\include\nlohmann/json.hpp(3159,30): warning: rvalue references are incompatible with C++98 [-Wc++98-compat]
[build]  3159 |     void push_back(basic_json&& val)
[build]       |                              ^
[build] C:\Users\pperv\code\unnamed_rpg\vendor\json\include\nlohmann/json.hpp(3184,36): warning: rvalue references are incompatible with C++98 [-Wc++98-compat]
[build]  3184 |     reference operator+=(basic_json&& val)
[build]       |                                    ^
[build] C:\Users\pperv\code\unnamed_rpg\vendor\json\include\nlohmann/json.hpp(3279,19): warning: variadic templates are incompatible with C++98 [-Wc++98-compat]
[build]  3279 |     template<class... Args>
[build]       |                   ^
[build] C:\Users\pperv\code\unnamed_rpg\vendor\json\include\nlohmann/json.hpp(3280,32): warning: rvalue references are incompatible with C++98 [-Wc++98-compat]
[build]  3280 |     reference emplace_back(Args&& ... args)
[build]       |                                ^
[build] C:\Users\pperv\code\unnamed_rpg\vendor\json\include\nlohmann/json.hpp(3304,19): warning: variadic templates are incompatible with C++98 [-Wc++98-compat]
[build]  3304 |     template<class... Args>
[build]       |                   ^
[build] C:\Users\pperv\code\unnamed_rpg\vendor\json\include\nlohmann/json.hpp(3305,43): warning: rvalue references are incompatible with C++98 [-Wc++98-compat]
[build]  3305 |     std::pair<iterator, bool> emplace(Args&& ... args)
[build]       |                                           ^
[build] C:\Users\pperv\code\unnamed_rpg\vendor\json\include\nlohmann/json.hpp(3336,22): warning: variadic templates are incompatible with C++98 [-Wc++98-compat]
[build]  3336 |     template<typename... Args>
[build]       |                      ^
[build] C:\Users\pperv\code\unnamed_rpg\vendor\json\include\nlohmann/json.hpp(3337,54): warning: rvalue references are incompatible with C++98 [-Wc++98-compat]
[build]  3337 |     iterator insert_iterator(const_iterator pos, Args&& ... args) // NOLINT(performance-unnecessary-value-param)
[build]       |                                                      ^
[build] C:\Users\pperv\code\unnamed_rpg\vendor\json\include\nlohmann/json.hpp(3376,51): warning: rvalue references are incompatible with C++98 [-Wc++98-compat]
[build]  3376 |     iterator insert(const_iterator pos, basic_json&& val) // NOLINT(performance-unnecessary-value-param)
[build]       |                                                   ^
[build] C:\Users\pperv\code\unnamed_rpg\vendor\json\include\nlohmann/json.hpp(3746,5): warning: noexcept specifications are incompatible with C++98 [-Wc++98-compat]
[build]  3746 |     {
[build]       |     ^
[build] C:\Users\pperv\code\unnamed_rpg\vendor\json\include\nlohmann/json.hpp(3762,5): warning: noexcept specifications are incompatible with C++98 [-Wc++98-compat]
[build]  3762 |     {
[build]       |     ^
[build] C:\Users\pperv\code\unnamed_rpg\vendor\json\include\nlohmann/json.hpp(3864,5): warning: noexcept specifications are incompatible with C++98 [-Wc++98-compat]
[build]  3864 |     {
[build]       |     ^
[build] C:\Users\pperv\code\unnamed_rpg\vendor\json\include\nlohmann/json.hpp(3880,5): warning: noexcept specifications are incompatible with C++98 [-Wc++98-compat]
[build]  3880 |     {
[build]       |     ^
[build] C:\Users\pperv\code\unnamed_rpg\vendor\json\include\nlohmann/json.hpp(3878,64): warning: default template arguments for a function template are incompatible with C++98 [-Wc++98-compat]
[build]  3878 |                  std::is_scalar<ScalarType>::value, int>::type = 0>
[build]       |                                                                ^ ~
[build] C:\Users\pperv\code\unnamed_rpg\vendor\json\include\nlohmann/json.hpp(3889,5): warning: noexcept specifications are incompatible with C++98 [-Wc++98-compat]
[build]  3889 |     {
[build]       |     ^
[build] C:\Users\pperv\code\unnamed_rpg\vendor\json\include\nlohmann/json.hpp(3887,64): warning: default template arguments for a function template are incompatible with C++98 [-Wc++98-compat]
[build]  3887 |                  std::is_scalar<ScalarType>::value, int>::type = 0>
[build]       |                                                                ^ ~
[build] C:\Users\pperv\code\unnamed_rpg\vendor\json\include\nlohmann/json.hpp(3896,5): warning: noexcept specifications are incompatible with C++98 [-Wc++98-compat]
[build]  3896 |     {
[build]       |     ^
[build] C:\Users\pperv\code\unnamed_rpg\vendor\json\include\nlohmann/json.hpp(3905,5): warning: noexcept specifications are incompatible with C++98 [-Wc++98-compat]
[build]  3905 |     {
[build]       |     ^
[build] C:\Users\pperv\code\unnamed_rpg\vendor\json\include\nlohmann/json.hpp(3903,64): warning: default template arguments for a function template are incompatible with C++98 [-Wc++98-compat]
[build]  3903 |                  std::is_scalar<ScalarType>::value, int>::type = 0>
[build]       |                                                                ^ ~
[build] C:\Users\pperv\code\unnamed_rpg\vendor\json\include\nlohmann/json.hpp(3914,5): warning: noexcept specifications are incompatible with C++98 [-Wc++98-compat]
[build]  3914 |     {
[build]       |     ^
[build] C:\Users\pperv\code\unnamed_rpg\vendor\json\include\nlohmann/json.hpp(3912,64): warning: default template arguments for a function template are incompatible with C++98 [-Wc++98-compat]
[build]  3912 |                  std::is_scalar<ScalarType>::value, int>::type = 0>
[build]       |                                                                ^ ~
[build] C:\Users\pperv\code\unnamed_rpg\vendor\json\include\nlohmann/json.hpp(3921,5): warning: noexcept specifications are incompatible with C++98 [-Wc++98-compat]
[build]  3921 |     {
[build]       |     ^
[build] C:\Users\pperv\code\unnamed_rpg\vendor\json\include\nlohmann/json.hpp(3933,5): warning: noexcept specifications are incompatible with C++98 [-Wc++98-compat]
[build]  3933 |     {
[build]       |     ^
[build] C:\Users\pperv\code\unnamed_rpg\vendor\json\include\nlohmann/json.hpp(3931,64): warning: default template arguments for a function template are incompatible with C++98 [-Wc++98-compat]
[build]  3931 |                  std::is_scalar<ScalarType>::value, int>::type = 0>
[build]       |                                                                ^ ~
[build] C:\Users\pperv\code\unnamed_rpg\vendor\json\include\nlohmann/json.hpp(3942,5): warning: noexcept specifications are incompatible with C++98 [-Wc++98-compat]
[build]  3942 |     {
[build]       |     ^
[build] C:\Users\pperv\code\unnamed_rpg\vendor\json\include\nlohmann/json.hpp(3940,64): warning: default template arguments for a function template are incompatible with C++98 [-Wc++98-compat]
[build]  3940 |                  std::is_scalar<ScalarType>::value, int>::type = 0>
[build]       |                                                                ^ ~
[build] C:\Users\pperv\code\unnamed_rpg\vendor\json\include\nlohmann/json.hpp(3949,5): warning: noexcept specifications are incompatible with C++98 [-Wc++98-compat]
[build]  3949 |     {
[build]       |     ^
[build] C:\Users\pperv\code\unnamed_rpg\vendor\json\include\nlohmann/json.hpp(3962,5): warning: noexcept specifications are incompatible with C++98 [-Wc++98-compat]
[build]  3962 |     {
[build]       |     ^
[build] C:\Users\pperv\code\unnamed_rpg\vendor\json\include\nlohmann/json.hpp(3960,64): warning: default template arguments for a function template are incompatible with C++98 [-Wc++98-compat]
[build]  3960 |                  std::is_scalar<ScalarType>::value, int>::type = 0>
[build]       |                                                                ^ ~
[build] C:\Users\pperv\code\unnamed_rpg\vendor\json\include\nlohmann/json.hpp(3971,5): warning: noexcept specifications are incompatible with C++98 [-Wc++98-compat]
[build]  3971 |     {
[build]       |     ^
[build] C:\Users\pperv\code\unnamed_rpg\vendor\json\include\nlohmann/json.hpp(3969,64): warning: default template arguments for a function template are incompatible with C++98 [-Wc++98-compat]
[build]  3969 |                  std::is_scalar<ScalarType>::value, int>::type = 0>
[build]       |                                                                ^ ~
[build] C:\Users\pperv\code\unnamed_rpg\vendor\json\include\nlohmann/json.hpp(3978,5): warning: noexcept specifications are incompatible with C++98 [-Wc++98-compat]
[build]  3978 |     {
[build]       |     ^
[build] C:\Users\pperv\code\unnamed_rpg\vendor\json\include\nlohmann/json.hpp(3992,5): warning: noexcept specifications are incompatible with C++98 [-Wc++98-compat]
[build]  3992 |     {
[build]       |     ^
[build] C:\Users\pperv\code\unnamed_rpg\vendor\json\include\nlohmann/json.hpp(3990,64): warning: default template arguments for a function template are incompatible with C++98 [-Wc++98-compat]
[build]  3990 |                  std::is_scalar<ScalarType>::value, int>::type = 0>
[build]       |                                                                ^ ~
[build] C:\Users\pperv\code\unnamed_rpg\vendor\json\include\nlohmann/json.hpp(4001,5): warning: noexcept specifications are incompatible with C++98 [-Wc++98-compat]
[build]  4001 |     {
[build]       |     ^
[build] C:\Users\pperv\code\unnamed_rpg\vendor\json\include\nlohmann/json.hpp(3999,64): warning: default template arguments for a function template are incompatible with C++98 [-Wc++98-compat]
[build]  3999 |                  std::is_scalar<ScalarType>::value, int>::type = 0>
[build]       |                                                                ^ ~
[build] C:\Users\pperv\code\unnamed_rpg\vendor\json\include\nlohmann/json.hpp(4008,5): warning: noexcept specifications are incompatible with C++98 [-Wc++98-compat]
[build]  4008 |     {
[build]       |     ^
[build] C:\Users\pperv\code\unnamed_rpg\vendor\json\include\nlohmann/json.hpp(4021,5): warning: noexcept specifications are incompatible with C++98 [-Wc++98-compat]
[build]  4021 |     {
[build]       |     ^
[build] C:\Users\pperv\code\unnamed_rpg\vendor\json\include\nlohmann/json.hpp(4019,64): warning: default template arguments for a function template are incompatible with C++98 [-Wc++98-compat]
[build]  4019 |                  std::is_scalar<ScalarType>::value, int>::type = 0>
[build]       |                                                                ^ ~
[build] C:\Users\pperv\code\unnamed_rpg\vendor\json\include\nlohmann/json.hpp(4030,5): warning: noexcept specifications are incompatible with C++98 [-Wc++98-compat]
[build]  4030 |     {
[build]       |     ^
[build] C:\Users\pperv\code\unnamed_rpg\vendor\json\include\nlohmann/json.hpp(4028,64): warning: default template arguments for a function template are incompatible with C++98 [-Wc++98-compat]
[build]  4028 |                  std::is_scalar<ScalarType>::value, int>::type = 0>
[build]       |                                                                ^ ~
[build] C:\Users\pperv\code\unnamed_rpg\vendor\json\include\nlohmann/json.hpp(4088,38): warning: rvalue references are incompatible with C++98 [-Wc++98-compat]
[build]  4088 |     static basic_json parse(InputType&& i,
[build]       |                                      ^
[build] C:\Users\pperv\code\unnamed_rpg\vendor\json\include\nlohmann/json.hpp(4101,46): warning: default template arguments for a function template are incompatible with C++98 [-Wc++98-compat]
[build]  4101 |     template<typename IteratorType, typename SentinelType = IteratorType,
[build]       |                                              ^              ~~~~~~~~~~~~
[build] C:\Users\pperv\code\unnamed_rpg\vendor\json\include\nlohmann/json.hpp(4102,98): warning: default template arguments for a function template are incompatible with C++98 [-Wc++98-compat]
[build]  4102 |              detail::enable_if_t<detail::can_compare_ne<IteratorType, SentinelType>::value, int> = 0>
[build]       |                                                                                                  ^ ~
[build] C:\Users\pperv\code\unnamed_rpg\vendor\json\include\nlohmann/json.hpp(4118,55): warning: rvalue references are incompatible with C++98 [-Wc++98-compat]
[build]  4118 |     static basic_json parse(detail::span_input_adapter&& i,
[build]       |                                                       ^
[build] C:\Users\pperv\code\unnamed_rpg\vendor\json\include\nlohmann/json.hpp(4132,33): warning: rvalue references are incompatible with C++98 [-Wc++98-compat]
[build]  4132 |     static bool accept(InputType&& i,
[build]       |                                 ^
[build] C:\Users\pperv\code\unnamed_rpg\vendor\json\include\nlohmann/json.hpp(4141,46): warning: default template arguments for a function template are incompatible with C++98 [-Wc++98-compat]
[build]  4141 |     template<typename IteratorType, typename SentinelType = IteratorType,
[build]       |                                              ^              ~~~~~~~~~~~~
[build] C:\Users\pperv\code\unnamed_rpg\vendor\json\include\nlohmann/json.hpp(4142,98): warning: default template arguments for a function template are incompatible with C++98 [-Wc++98-compat]
[build]  4142 |              detail::enable_if_t<detail::can_compare_ne<IteratorType, SentinelType>::value, int> = 0>
[build]       |                                                                                                  ^ ~
[build] C:\Users\pperv\code\unnamed_rpg\vendor\json\include\nlohmann/json.hpp(4152,50): warning: rvalue references are incompatible with C++98 [-Wc++98-compat]
[build]  4152 |     static bool accept(detail::span_input_adapter&& i,
[build]       |                                                  ^
[build] C:\Users\pperv\code\unnamed_rpg\vendor\json\include\nlohmann/json.hpp(4163,36): warning: rvalue references are incompatible with C++98 [-Wc++98-compat]
[build]  4163 |     static bool sax_parse(InputType&& i, SAX* sax,
[build]       |                                    ^
[build] C:\Users\pperv\code\unnamed_rpg\vendor\json\include\nlohmann/json.hpp(4177,51): warning: default template arguments for a function template are incompatible with C++98 [-Wc++98-compat]
[build]  4177 |     template<class IteratorType, class SAX, class SentinelType = IteratorType,
[build]       |                                                   ^              ~~~~~~~~~~~~
[build] C:\Users\pperv\code\unnamed_rpg\vendor\json\include\nlohmann/json.hpp(4178,98): warning: default template arguments for a function template are incompatible with C++98 [-Wc++98-compat]
[build]  4178 |              detail::enable_if_t<detail::can_compare_ne<IteratorType, SentinelType>::value, int> = 0>
[build]       |                                                                                                  ^ ~
[build] C:\Users\pperv\code\unnamed_rpg\vendor\json\include\nlohmann/json.hpp(4200,53): warning: rvalue references are incompatible with C++98 [-Wc++98-compat]
[build]  4200 |     static bool sax_parse(detail::span_input_adapter&& i, SAX* sax,
[build]       |                                                     ^
[build] C:\Users\pperv\code\unnamed_rpg\vendor\json\include\nlohmann/json.hpp(4244,5): warning: noexcept specifications are incompatible with C++98 [-Wc++98-compat]
[build]  4244 |     {
[build]       |     ^
[build] C:\Users\pperv\code\unnamed_rpg\vendor\json\include\nlohmann/json.hpp(4278,24): warning: default member initializer for non-static data members is incompatible with C++98 [-Wc++98-compat]
[build]  4278 |         value_t m_type = value_t::null;
[build]       |                        ^
[build] C:\Users\pperv\code\unnamed_rpg\vendor\json\include\nlohmann/json.hpp(4281,28): warning: default member initializer for non-static data members is incompatible with C++98 [-Wc++98-compat]
[build]  4281 |         json_value m_value = {};
[build]       |                            ^
[build] C:\Users\pperv\code\unnamed_rpg\vendor\json\include\nlohmann/json.hpp(4294,25): warning: noexcept specifications are incompatible with C++98 [-Wc++98-compat]
[build]  4294 |         data() noexcept = default;
[build]       |                         ^
[build] C:\Users\pperv\code\unnamed_rpg\vendor\json\include\nlohmann/json.hpp(4294,27): warning: defaulted function definitions are incompatible with C++98 [-Wc++98-compat]
[build]  4294 |         data() noexcept = default;
[build]       |                           ^
[build] C:\Users\pperv\code\unnamed_rpg\vendor\json\include\nlohmann/json.hpp(4295,18): warning: rvalue references are incompatible with C++98 [-Wc++98-compat]
[build]  4295 |         data(data&&) noexcept = default;
[build]       |                  ^
[build] C:\Users\pperv\code\unnamed_rpg\vendor\json\include\nlohmann/json.hpp(4295,31): warning: noexcept specifications are incompatible with C++98 [-Wc++98-compat]
[build]  4295 |         data(data&&) noexcept = default;
[build]       |                               ^
[build] C:\Users\pperv\code\unnamed_rpg\vendor\json\include\nlohmann/json.hpp(4295,33): warning: defaulted function definitions are incompatible with C++98 [-Wc++98-compat]
[build]  4295 |         data(data&&) noexcept = default;
[build]       |                                 ^
[build] C:\Users\pperv\code\unnamed_rpg\vendor\json\include\nlohmann/json.hpp(4296,36): warning: noexcept specifications are incompatible with C++98 [-Wc++98-compat]
[build]  4296 |         data(const data&) noexcept = delete;
[build]       |                                    ^
[build] C:\Users\pperv\code\unnamed_rpg\vendor\json\include\nlohmann/json.hpp(4296,38): warning: deleted function definitions are incompatible with C++98 [-Wc++98-compat]
[build]  4296 |         data(const data&) noexcept = delete;
[build]       |                                      ^
[build] C:\Users\pperv\code\unnamed_rpg\vendor\json\include\nlohmann/json.hpp(4297,29): warning: rvalue references are incompatible with C++98 [-Wc++98-compat]
[build]  4297 |         data& operator=(data&&) noexcept = delete;
[build]       |                             ^
[build] C:\Users\pperv\code\unnamed_rpg\vendor\json\include\nlohmann/json.hpp(4297,42): warning: noexcept specifications are incompatible with C++98 [-Wc++98-compat]
[build]  4297 |         data& operator=(data&&) noexcept = delete;
[build]       |                                          ^
[build] C:\Users\pperv\code\unnamed_rpg\vendor\json\include\nlohmann/json.hpp(4297,44): warning: deleted function definitions are incompatible with C++98 [-Wc++98-compat]
[build]  4297 |         data& operator=(data&&) noexcept = delete;
[build]       |                                            ^
[build] C:\Users\pperv\code\unnamed_rpg\vendor\json\include\nlohmann/json.hpp(4298,47): warning: noexcept specifications are incompatible with C++98 [-Wc++98-compat]
[build]  4298 |         data& operator=(const data&) noexcept = delete;
[build]       |                                               ^
[build] C:\Users\pperv\code\unnamed_rpg\vendor\json\include\nlohmann/json.hpp(4298,49): warning: deleted function definitions are incompatible with C++98 [-Wc++98-compat]
[build]  4298 |         data& operator=(const data&) noexcept = delete;
[build]       |                                                 ^
[build] C:\Users\pperv\code\unnamed_rpg\vendor\json\include\nlohmann/json.hpp(4301,9): warning: noexcept specifications are incompatible with C++98 [-Wc++98-compat]
[build]  4301 |         {
[build]       |         ^
[build] C:\Users\pperv\code\unnamed_rpg\vendor\json\include\nlohmann/json.hpp(4306,17): warning: default member initializer for non-static data members is incompatible with C++98 [-Wc++98-compat]
[build]  4306 |     data m_data = {}; // NOLINT(readability-redundant-member-init)
[build]       |                 ^
[build] C:\Users\pperv\code\unnamed_rpg\vendor\json\include\nlohmann/json.hpp(4468,42): warning: rvalue references are incompatible with C++98 [-Wc++98-compat]
[build]  4468 |     static basic_json from_cbor(InputType&& i,
[build]       |                                          ^
[build] C:\Users\pperv\code\unnamed_rpg\vendor\json\include\nlohmann/json.hpp(4482,46): warning: default template arguments for a function template are incompatible with C++98 [-Wc++98-compat]
[build]  4482 |     template<typename IteratorType, typename SentinelType = IteratorType,
[build]       |                                              ^              ~~~~~~~~~~~~
[build] C:\Users\pperv\code\unnamed_rpg\vendor\json\include\nlohmann/json.hpp(4483,98): warning: default template arguments for a function template are incompatible with C++98 [-Wc++98-compat]
[build]  4483 |              detail::enable_if_t<detail::can_compare_ne<IteratorType, SentinelType>::value, int> = 0>
[build]       |                                                                                                  ^ ~
[build] C:\Users\pperv\code\unnamed_rpg\vendor\json\include\nlohmann/json.hpp(4510,59): warning: rvalue references are incompatible with C++98 [-Wc++98-compat]
[build]  4510 |     static basic_json from_cbor(detail::span_input_adapter&& i,
[build]       |                                                           ^
[build] C:\Users\pperv\code\unnamed_rpg\vendor\json\include\nlohmann/json.hpp(4527,45): warning: rvalue references are incompatible with C++98 [-Wc++98-compat]
[build]  4527 |     static basic_json from_msgpack(InputType&& i,
[build]       |                                             ^
[build] C:\Users\pperv\code\unnamed_rpg\vendor\json\include\nlohmann/json.hpp(4540,46): warning: default template arguments for a function template are incompatible with C++98 [-Wc++98-compat]
[build]  4540 |     template<typename IteratorType, typename SentinelType = IteratorType,
[build]       |                                              ^              ~~~~~~~~~~~~
[build] C:\Users\pperv\code\unnamed_rpg\vendor\json\include\nlohmann/json.hpp(4541,98): warning: default template arguments for a function template are incompatible with C++98 [-Wc++98-compat]
[build]  4541 |              detail::enable_if_t<detail::can_compare_ne<IteratorType, SentinelType>::value, int> = 0>
[build]       |                                                                                                  ^ ~
[build] C:\Users\pperv\code\unnamed_rpg\vendor\json\include\nlohmann/json.hpp(4566,62): warning: rvalue references are incompatible with C++98 [-Wc++98-compat]
[build]  4566 |     static basic_json from_msgpack(detail::span_input_adapter&& i,
[build]       |                                                              ^
[build] C:\Users\pperv\code\unnamed_rpg\vendor\json\include\nlohmann/json.hpp(4582,44): warning: rvalue references are incompatible with C++98 [-Wc++98-compat]
[build]  4582 |     static basic_json from_ubjson(InputType&& i,
[build]       |                                            ^
[build] C:\Users\pperv\code\unnamed_rpg\vendor\json\include\nlohmann/json.hpp(4595,46): warning: default template arguments for a function template are incompatible with C++98 [-Wc++98-compat]
[build]  4595 |     template<typename IteratorType, typename SentinelType = IteratorType,
[build]       |                                              ^              ~~~~~~~~~~~~
[build] C:\Users\pperv\code\unnamed_rpg\vendor\json\include\nlohmann/json.hpp(4596,98): warning: default template arguments for a function template are incompatible with C++98 [-Wc++98-compat]
[build]  4596 |              detail::enable_if_t<detail::can_compare_ne<IteratorType, SentinelType>::value, int> = 0>
[build]       |                                                                                                  ^ ~
[build] C:\Users\pperv\code\unnamed_rpg\vendor\json\include\nlohmann/json.hpp(4621,61): warning: rvalue references are incompatible with C++98 [-Wc++98-compat]
[build]  4621 |     static basic_json from_ubjson(detail::span_input_adapter&& i,
[build]       |                                                             ^
[build] C:\Users\pperv\code\unnamed_rpg\vendor\json\include\nlohmann/json.hpp(4637,44): warning: rvalue references are incompatible with C++98 [-Wc++98-compat]
[build]  4637 |     static basic_json from_bjdata(InputType&& i,
[build]       |                                            ^
[build] C:\Users\pperv\code\unnamed_rpg\vendor\json\include\nlohmann/json.hpp(4650,46): warning: default template arguments for a function template are incompatible with C++98 [-Wc++98-compat]
[build]  4650 |     template<typename IteratorType, typename SentinelType = IteratorType,
[build]       |                                              ^              ~~~~~~~~~~~~
[build] C:\Users\pperv\code\unnamed_rpg\vendor\json\include\nlohmann/json.hpp(4651,98): warning: default template arguments for a function template are incompatible with C++98 [-Wc++98-compat]
[build]  4651 |              detail::enable_if_t<detail::can_compare_ne<IteratorType, SentinelType>::value, int> = 0>
[build]       |                                                                                                  ^ ~
[build] C:\Users\pperv\code\unnamed_rpg\vendor\json\include\nlohmann/json.hpp(4668,42): warning: rvalue references are incompatible with C++98 [-Wc++98-compat]
[build]  4668 |     static basic_json from_bson(InputType&& i,
[build]       |                                          ^
[build] C:\Users\pperv\code\unnamed_rpg\vendor\json\include\nlohmann/json.hpp(4681,46): warning: default template arguments for a function template are incompatible with C++98 [-Wc++98-compat]
[build]  4681 |     template<typename IteratorType, typename SentinelType = IteratorType,
[build]       |                                              ^              ~~~~~~~~~~~~
[build] C:\Users\pperv\code\unnamed_rpg\vendor\json\include\nlohmann/json.hpp(4682,98): warning: default template arguments for a function template are incompatible with C++98 [-Wc++98-compat]
[build]  4682 |              detail::enable_if_t<detail::can_compare_ne<IteratorType, SentinelType>::value, int> = 0>
[build]       |                                                                                                  ^ ~
[build] C:\Users\pperv\code\unnamed_rpg\vendor\json\include\nlohmann/json.hpp(4707,59): warning: rvalue references are incompatible with C++98 [-Wc++98-compat]
[build]  4707 |     static basic_json from_bson(detail::span_input_adapter&& i,
[build]       |                                                           ^
[build] C:\Users\pperv\code\unnamed_rpg\vendor\json\include\nlohmann/json.hpp(4734,108): warning: default template arguments for a function template are incompatible with C++98 [-Wc++98-compat]
[build]  4734 |     template<typename BasicJsonType, detail::enable_if_t<detail::is_basic_json<BasicJsonType>::value, int> = 0>
[build]       |                                                                                                            ^ ~
[build] C:\Users\pperv\code\unnamed_rpg\vendor\json\include\nlohmann/json.hpp(4748,108): warning: default template arguments for a function template are incompatible with C++98 [-Wc++98-compat]
[build]  4748 |     template<typename BasicJsonType, detail::enable_if_t<detail::is_basic_json<BasicJsonType>::value, int> = 0>
[build]       |                                                                                                            ^ ~
[build] C:\Users\pperv\code\unnamed_rpg\vendor\json\include\nlohmann/json.hpp(4762,108): warning: default template arguments for a function template are incompatible with C++98 [-Wc++98-compat]
[build]  4762 |     template<typename BasicJsonType, detail::enable_if_t<detail::is_basic_json<BasicJsonType>::value, int> = 0>
[build]       |                                                                                                            ^ ~
[build] C:\Users\pperv\code\unnamed_rpg\vendor\json\include\nlohmann/json.hpp(4776,108): warning: default template arguments for a function template are incompatible with C++98 [-Wc++98-compat]
[build]  4776 |     template<typename BasicJsonType, detail::enable_if_t<detail::is_basic_json<BasicJsonType>::value, int> = 0>
[build]       |                                                                                                            ^ ~
[build] C:\Users\pperv\code\unnamed_rpg\vendor\json\include\nlohmann/json.hpp(164,51): warning: 'nullptr' is incompatible with C++98 [-Wc++98-compat]
[build]   164 |         detail::parser_callback_t<basic_json>cb = nullptr,
[build]       |                                                   ^
[build] C:\Users\pperv\code\unnamed_rpg\vendor\json\include\nlohmann/json.hpp(856,33): warning: 'nullptr' is incompatible with C++98 [-Wc++98-compat]
[build]   856 |     basic_json(std::nullptr_t = nullptr) noexcept // NOLINT(bugprone-exception-escape)
[build]       |                                 ^
[build] C:\Users\pperv\code\unnamed_rpg\vendor\json\include\nlohmann/json.hpp(868,39): warning: noexcept specifications are incompatible with C++98 [-Wc++98-compat]
[build]   868 |     basic_json(CompatibleType && val) noexcept(noexcept( // NOLINT(bugprone-forwarding-reference-overload,bugprone-exception-escape)
[build]       |                                       ^
[build] C:\Users\pperv\code\unnamed_rpg\vendor\json\include\nlohmann/json.hpp(868,48): warning: noexcept expressions are incompatible with C++98 [-Wc++98-compat]
[build]   868 |     basic_json(CompatibleType && val) noexcept(noexcept( // NOLINT(bugprone-forwarding-reference-overload,bugprone-exception-escape)
[build]       |                                                ^
[build] C:\Users\pperv\code\unnamed_rpg\vendor\json\include\nlohmann/json.hpp(1052,55): warning: generalized initializer lists are incompatible with C++98 [-Wc++98-compat]
[build]  1052 |     static basic_json array(initializer_list_t init = {})
[build]       |                                                       ^
[build] C:\Users\pperv\code\unnamed_rpg\vendor\json\include\nlohmann/json.hpp(1060,56): warning: generalized initializer lists are incompatible with C++98 [-Wc++98-compat]
[build]  1060 |     static basic_json object(initializer_list_t init = {})
[build]       |                                                        ^
[build] C:\Users\pperv\code\unnamed_rpg\vendor\json\include\nlohmann/json.hpp(1291,45): warning: noexcept specifications are incompatible with C++98 [-Wc++98-compat]
[build]  1291 |     basic_json& operator=(basic_json other) noexcept ( // NOLINT(cppcoreguidelines-c-copy-assignment-signature,misc-unconventional-assign-operator)
[build]       |                                             ^
[build] C:\Users\pperv\code\unnamed_rpg\vendor\json\include\nlohmann/json.hpp(1672,66): warning: noexcept specifications are incompatible with C++98 [-Wc++98-compat]
[build]  1672 |     ValueType get_impl(detail::priority_tag<0> /*unused*/) const noexcept(noexcept(
[build]       |                                                                  ^
[build] C:\Users\pperv\code\unnamed_rpg\vendor\json\include\nlohmann/json.hpp(1672,75): warning: noexcept expressions are incompatible with C++98 [-Wc++98-compat]
[build]  1672 |     ValueType get_impl(detail::priority_tag<0> /*unused*/) const noexcept(noexcept(
[build]       |                                                                           ^
[build] C:\Users\pperv\code\unnamed_rpg\vendor\json\include\nlohmann/json.hpp(1714,66): warning: noexcept specifications are incompatible with C++98 [-Wc++98-compat]
[build]  1714 |     ValueType get_impl(detail::priority_tag<1> /*unused*/) const noexcept(noexcept(
[build]       |                                                                  ^
[build] C:\Users\pperv\code\unnamed_rpg\vendor\json\include\nlohmann/json.hpp(1714,75): warning: noexcept expressions are incompatible with C++98 [-Wc++98-compat]
[build]  1714 |     ValueType get_impl(detail::priority_tag<1> /*unused*/) const noexcept(noexcept(
[build]       |                                                                           ^
[build] C:\Users\pperv\code\unnamed_rpg\vendor\json\include\nlohmann/json.hpp(1810,22): warning: noexcept specifications are incompatible with C++98 [-Wc++98-compat]
[build]  1810 |     auto get() const noexcept(
[build]       |                      ^
[build] C:\Users\pperv\code\unnamed_rpg\vendor\json\include\nlohmann/json.hpp(1811,5): warning: noexcept expressions are incompatible with C++98 [-Wc++98-compat]
[build]  1811 |     noexcept(std::declval<const basic_json_t&>().template get_impl<ValueType>(detail::priority_tag<4> {})))
[build]       |     ^
[build] C:\Users\pperv\code\unnamed_rpg\vendor\json\include\nlohmann/json.hpp(1811,103): warning: generalized initializer lists are incompatible with C++98 [-Wc++98-compat]
[build]  1811 |     noexcept(std::declval<const basic_json_t&>().template get_impl<ValueType>(detail::priority_tag<4> {})))
[build]       |                                                                                                       ^
[build] C:\Users\pperv\code\unnamed_rpg\vendor\json\include\nlohmann/json.hpp(1811,103): warning: constructor call from initializer list is incompatible with C++98 [-Wc++98-compat]
[build]  1811 |     noexcept(std::declval<const basic_json_t&>().template get_impl<ValueType>(detail::priority_tag<4> {})))
[build]       |                                                                                                       ^~
[build] C:\Users\pperv\code\unnamed_rpg\vendor\json\include\nlohmann/json.hpp(1864,44): warning: noexcept specifications are incompatible with C++98 [-Wc++98-compat]
[build]  1864 |     ValueType & get_to(ValueType& v) const noexcept(noexcept(
[build]       |                                            ^
[build] C:\Users\pperv\code\unnamed_rpg\vendor\json\include\nlohmann/json.hpp(1864,53): warning: noexcept expressions are incompatible with C++98 [-Wc++98-compat]
[build]  1864 |     ValueType & get_to(ValueType& v) const noexcept(noexcept(
[build]       |                                                     ^
[build] C:\Users\pperv\code\unnamed_rpg\vendor\json\include\nlohmann/json.hpp(1889,5): warning: noexcept specifications are incompatible with C++98 [-Wc++98-compat]
[build]  1889 |     noexcept(noexcept(JSONSerializer<Array>::from_json(
[build]       |     ^
[build] C:\Users\pperv\code\unnamed_rpg\vendor\json\include\nlohmann/json.hpp(1889,14): warning: noexcept expressions are incompatible with C++98 [-Wc++98-compat]
[build]  1889 |     noexcept(noexcept(JSONSerializer<Array>::from_json(
[build]       |              ^
[build] C:\Users\pperv\code\unnamed_rpg\vendor\json\include\nlohmann/json.hpp(3540,32): warning: noexcept specifications are incompatible with C++98 [-Wc++98-compat]
[build]  3540 |     void swap(reference other) noexcept (
[build]       |                                ^
[build] C:\Users\pperv\code\unnamed_rpg\vendor\json\include\nlohmann/json.hpp(3557,55): warning: noexcept specifications are incompatible with C++98 [-Wc++98-compat]
[build]  3557 |     friend void swap(reference left, reference right) noexcept (
[build]       |                                                       ^
[build] C:\Users\pperv\code\unnamed_rpg\vendor\json\include\nlohmann/json.hpp(4089,52): warning: 'nullptr' is incompatible with C++98 [-Wc++98-compat]
[build]  4089 |                             parser_callback_t cb = nullptr,
[build]       |                                                    ^
[build] C:\Users\pperv\code\unnamed_rpg\vendor\json\include\nlohmann/json.hpp(4106,52): warning: 'nullptr' is incompatible with C++98 [-Wc++98-compat]
[build]  4106 |                             parser_callback_t cb = nullptr,
[build]       |                                                    ^
[build] C:\Users\pperv\code\unnamed_rpg\vendor\json\include\nlohmann/json.hpp(4119,52): warning: 'nullptr' is incompatible with C++98 [-Wc++98-compat]
[build]  4119 |                             parser_callback_t cb = nullptr,
[build]       |                                                    ^
[build] C:\Users\pperv\code\unnamed_rpg\vendor\json\include\nlohmann/json.hpp(1490,54): warning: 'nullptr' is incompatible with C++98 [-Wc++98-compat]
[build]  1490 |         return is_object() ? m_data.m_value.object : nullptr;
[build]       |                                                      ^
[build] C:\Users\pperv\code\unnamed_rpg\vendor\json\include\nlohmann/json.hpp(1502,52): warning: 'nullptr' is incompatible with C++98 [-Wc++98-compat]
[build]  1502 |         return is_array() ? m_data.m_value.array : nullptr;
[build]       |                                                    ^
[build] C:\Users\pperv\code\unnamed_rpg\vendor\json\include\nlohmann/json.hpp(1514,54): warning: 'nullptr' is incompatible with C++98 [-Wc++98-compat]
[build]  1514 |         return is_string() ? m_data.m_value.string : nullptr;
[build]       |                                                      ^
[build] C:\Users\pperv\code\unnamed_rpg\vendor\json\include\nlohmann/json.hpp(1526,57): warning: 'nullptr' is incompatible with C++98 [-Wc++98-compat]
[build]  1526 |         return is_boolean() ? &m_data.m_value.boolean : nullptr;
[build]       |                                                         ^
[build] C:\Users\pperv\code\unnamed_rpg\vendor\json\include\nlohmann/json.hpp(1538,92): warning: 'nullptr' is incompatible with C++98 [-Wc++98-compat]
[build]  1538 |         return m_data.m_type == value_t::number_integer ? &m_data.m_value.number_integer : nullptr;
[build]       |                                                                                            ^
[build] C:\Users\pperv\code\unnamed_rpg\vendor\json\include\nlohmann/json.hpp(1550,73): warning: 'nullptr' is incompatible with C++98 [-Wc++98-compat]
[build]  1550 |         return is_number_unsigned() ? &m_data.m_value.number_unsigned : nullptr;
[build]       |                                                                         ^
[build] C:\Users\pperv\code\unnamed_rpg\vendor\json\include\nlohmann/json.hpp(1562,67): warning: 'nullptr' is incompatible with C++98 [-Wc++98-compat]
[build]  1562 |         return is_number_float() ? &m_data.m_value.number_float : nullptr;
[build]       |                                                                   ^
[build] C:\Users\pperv\code\unnamed_rpg\vendor\json\include\nlohmann/json.hpp(1574,54): warning: 'nullptr' is incompatible with C++98 [-Wc++98-compat]
[build]  1574 |         return is_binary() ? m_data.m_value.binary : nullptr;
[build]       |                                                      ^
[build] C:\Users\pperv\code\unnamed_rpg\vendor\json\include\nlohmann/json.hpp(1625,54): warning: 'nullptr' is incompatible with C++98 [-Wc++98-compat]
[build]  1625 |         return get_impl_ptr(static_cast<PointerType>(nullptr));
[build]       |                                                      ^
[build] C:\Users\pperv\code\unnamed_rpg\vendor\json\include\nlohmann/json.hpp(1817,9): warning: 'static_assert' declarations are incompatible with C++98 [-Wc++98-compat]
[build]  1817 |         static_assert(!std::is_reference<ValueTypeCV>::value,
[build]       |         ^
[build] C:\Users\pperv\code\unnamed_rpg\vendor\json\include\nlohmann/json.hpp(1819,60): warning: generalized initializer lists are incompatible with C++98 [-Wc++98-compat]
[build]  1819 |         return get_impl<ValueType>(detail::priority_tag<4> {});
[build]       |                                                            ^
[build] C:\Users\pperv\code\unnamed_rpg\vendor\json\include\nlohmann/json.hpp(1819,60): warning: constructor call from initializer list is incompatible with C++98 [-Wc++98-compat]
[build]  1819 |         return get_impl<ValueType>(detail::priority_tag<4> {});
[build]       |                                                            ^~
[build] C:\Users\pperv\code\unnamed_rpg\vendor\json\include\nlohmann/json.hpp(5265,1): warning: variadic templates are incompatible with C++98 [-Wc++98-compat]
[build]  5265 | NLOHMANN_BASIC_JSON_TPL_DECLARATION
[build]       | ^
[build] C:\Users\pperv\code\unnamed_rpg\vendor\json\include\nlohmann/detail/macro_scope.hpp(337,51): note: expanded from macro 'NLOHMANN_BASIC_JSON_TPL_DECLARATION'
[build]   337 |     template<template<typename, typename, typename...> class ObjectType,   \
[build]       |                                                   ^
[build] In file included from C:\Users\pperv\code\unnamed_rpg\vendor\json-schema-validator\src\json-patch.cpp:1:
[build] In file included from C:\Users\pperv\code\unnamed_rpg\vendor\json-schema-validator\src\json-patch.hpp:3:
[build] C:\Users\pperv\code\unnamed_rpg\vendor\json\include\nlohmann/json.hpp(5265,1): warning: variadic templates are incompatible with C++98 [-Wc++98-compat]
[build] C:\Users\pperv\code\unnamed_rpg\vendor\json\include\nlohmann/detail/macro_scope.hpp(338,41): note: expanded from macro 'NLOHMANN_BASIC_JSON_TPL_DECLARATION'
[build]   338 |              template<typename, typename...> class ArrayType,              \
[build]       |                                         ^
[build] In file included from C:\Users\pperv\code\unnamed_rpg\vendor\json-schema-validator\src\json-patch.cpp:1:
[build] In file included from C:\Users\pperv\code\unnamed_rpg\vendor\json-schema-validator\src\json-patch.hpp:3:
[build] C:\Users\pperv\code\unnamed_rpg\vendor\json\include\nlohmann/json.hpp(5273,1): warning: variadic templates are incompatible with C++98 [-Wc++98-compat]
[build]  5273 | NLOHMANN_BASIC_JSON_TPL_DECLARATION
[build]       | ^
[build] C:\Users\pperv\code\unnamed_rpg\vendor\json\include\nlohmann/detail/macro_scope.hpp(337,51): note: expanded from macro 'NLOHMANN_BASIC_JSON_TPL_DECLARATION'
[build]   337 |     template<template<typename, typename, typename...> class ObjectType,   \
[build]       |                                                   ^
[build] In file included from C:\Users\pperv\code\unnamed_rpg\vendor\json-schema-validator\src\json-patch.cpp:1:
[build] In file included from C:\Users\pperv\code\unnamed_rpg\vendor\json-schema-validator\src\json-patch.hpp:3:
[build] C:\Users\pperv\code\unnamed_rpg\vendor\json\include\nlohmann/json.hpp(5273,1): warning: variadic templates are incompatible with C++98 [-Wc++98-compat]
[build] C:\Users\pperv\code\unnamed_rpg\vendor\json\include\nlohmann/detail/macro_scope.hpp(338,41): note: expanded from macro 'NLOHMANN_BASIC_JSON_TPL_DECLARATION'
[build]   338 |              template<typename, typename...> class ArrayType,              \
[build]       |                                         ^
[build] In file included from C:\Users\pperv\code\unnamed_rpg\vendor\json-schema-validator\src\json-patch.cpp:1:
[build] In file included from C:\Users\pperv\code\unnamed_rpg\vendor\json-schema-validator\src\json-patch.hpp:3:
[build] C:\Users\pperv\code\unnamed_rpg\vendor\json\include\nlohmann/json.hpp(5279,1): warning: inline namespaces are incompatible with C++98 [-Wc++98-compat]
[build]  5279 | inline namespace literals
[build]       | ^
[build] C:\Users\pperv\code\unnamed_rpg\vendor\json\include\nlohmann/json.hpp(5281,1): warning: inline namespaces are incompatible with C++98 [-Wc++98-compat]
[build]  5281 | inline namespace json_literals
[build]       | ^
[build] C:\Users\pperv\code\unnamed_rpg\vendor\json\include\nlohmann/json.hpp(5288,35): warning: literal operators are incompatible with C++98 [-Wc++98-compat]
[build]  5288 |     inline nlohmann::json operator""_json(const char* s, std::size_t n)
[build]       |                                   ^
[build] C:\Users\pperv\code\unnamed_rpg\vendor\json\include\nlohmann/json.hpp(4281,20): warning: padding struct 'nlohmann::basic_json<>::data' with 7 bytes to align 'm_value' [-Wpadded]
[build]  4281 |         json_value m_value = {};
[build]       |                    ^
[build] C:\Users\pperv\code\unnamed_rpg\vendor\json\include\nlohmann/json.hpp(5310,49): warning: literal operators are incompatible with C++98 [-Wc++98-compat]
[build]  5310 |     inline nlohmann::json::json_pointer operator""_json_pointer(const char* s, std::size_t n)
[build]       |                                                 ^
[build] C:\Users\pperv\code\unnamed_rpg\vendor\json\include\nlohmann/json.hpp(5339,1): warning: variadic templates are incompatible with C++98 [-Wc++98-compat]
[build]  5339 | NLOHMANN_BASIC_JSON_TPL_DECLARATION
[build]       | ^
[build] C:\Users\pperv\code\unnamed_rpg\vendor\json\include\nlohmann/detail/macro_scope.hpp(337,51): note: expanded from macro 'NLOHMANN_BASIC_JSON_TPL_DECLARATION'
[build]   337 |     template<template<typename, typename, typename...> class ObjectType,   \
[build]       |                                                   ^
[build] In file included from C:\Users\pperv\code\unnamed_rpg\vendor\json-schema-validator\src\json-patch.cpp:1:
[build] In file included from C:\Users\pperv\code\unnamed_rpg\vendor\json-schema-validator\src\json-patch.hpp:3:
[build] C:\Users\pperv\code\unnamed_rpg\vendor\json\include\nlohmann/json.hpp(5339,1): warning: variadic templates are incompatible with C++98 [-Wc++98-compat]
[build] C:\Users\pperv\code\unnamed_rpg\vendor\json\include\nlohmann/detail/macro_scope.hpp(338,41): note: expanded from macro 'NLOHMANN_BASIC_JSON_TPL_DECLARATION'
[build]   338 |              template<typename, typename...> class ArrayType,              \
[build]       |                                         ^
[build] In file included from C:\Users\pperv\code\unnamed_rpg\vendor\json-schema-validator\src\json-patch.cpp:1:
[build] In file included from C:\Users\pperv\code\unnamed_rpg\vendor\json-schema-validator\src\json-patch.hpp:3:
[build] C:\Users\pperv\code\unnamed_rpg\vendor\json\include\nlohmann/json.hpp(5358,5): warning: noexcept specifications are incompatible with C++98 [-Wc++98-compat]
[build]  5358 |     {
[build]       |     ^
[build] C:\Users\pperv\code\unnamed_rpg\vendor\json\include\nlohmann/json.hpp(5372,1): warning: variadic templates are incompatible with C++98 [-Wc++98-compat]
[build]  5372 | NLOHMANN_BASIC_JSON_TPL_DECLARATION
[build]       | ^
[build] C:\Users\pperv\code\unnamed_rpg\vendor\json\include\nlohmann/detail/macro_scope.hpp(337,51): note: expanded from macro 'NLOHMANN_BASIC_JSON_TPL_DECLARATION'
[build]   337 |     template<template<typename, typename, typename...> class ObjectType,   \
[build]       |                                                   ^
[build] In file included from C:\Users\pperv\code\unnamed_rpg\vendor\json-schema-validator\src\json-patch.cpp:1:
[build] In file included from C:\Users\pperv\code\unnamed_rpg\vendor\json-schema-validator\src\json-patch.hpp:3:
[build] C:\Users\pperv\code\unnamed_rpg\vendor\json\include\nlohmann/json.hpp(5372,1): warning: variadic templates are incompatible with C++98 [-Wc++98-compat]
[build] C:\Users\pperv\code\unnamed_rpg\vendor\json\include\nlohmann/detail/macro_scope.hpp(338,41): note: expanded from macro 'NLOHMANN_BASIC_JSON_TPL_DECLARATION'
[build]   338 |              template<typename, typename...> class ArrayType,              \
[build]       |                                         ^
[build] In file included from C:\Users\pperv\code\unnamed_rpg\vendor\json-schema-validator\src\json-patch.cpp:1:
[build] In file included from C:\Users\pperv\code\unnamed_rpg\vendor\json-schema-validator\src\json-patch.hpp:3:
[build] C:\Users\pperv\code\unnamed_rpg\vendor\json\include\nlohmann/json.hpp(5373,96): warning: noexcept specifications are incompatible with C++98 [-Wc++98-compat]
[build]  5373 | inline void swap(nlohmann::NLOHMANN_BASIC_JSON_TPL& j1, nlohmann::NLOHMANN_BASIC_JSON_TPL& j2) noexcept(  // NOLINT(readability-inconsistent-declaration-parameter-name, cert-dcl58-cpp)
[build]       |                                                                                                ^
[build] C:\Users\pperv\code\unnamed_rpg\vendor\json\include\nlohmann/json.hpp(5464,58): warning: literal operators are incompatible with C++98 [-Wc++98-compat]
[build]  5464 |         using nlohmann::literals::json_literals::operator""_json; // NOLINT(misc-unused-using-decls,google-global-names-in-headers)
[build]       |                                                          ^
[build] C:\Users\pperv\code\unnamed_rpg\vendor\json\include\nlohmann/json.hpp(5465,58): warning: literal operators are incompatible with C++98 [-Wc++98-compat]
[build]  5465 |         using nlohmann::literals::json_literals::operator""_json_pointer; //NOLINT(misc-unused-using-decls,google-global-names-in-headers)
[build]       |                                                          ^
[build] In file included from C:\Users\pperv\code\unnamed_rpg\vendor\json-schema-validator\src\json-patch.cpp:1:
[build] C:\Users\pperv\code\unnamed_rpg\vendor\json-schema-validator\src\json-patch.hpp(14,43): warning: noexcept specifications are incompatible with C++98 [-Wc++98-compat]
[build]    14 |         inline const char *what() const noexcept override final { return ex_.c_str(); }
[build]       |                                                  ^
[build] C:\Users\pperv\code\unnamed_rpg\vendor\json-schema-validator\src\json-patch.hpp(14,43): warning: 'override' keyword is incompatible with C++98 [-Wc++98-compat]
[build] C:\Users\pperv\code\unnamed_rpg\vendor\json-schema-validator\src\json-patch.hpp(14,52): warning: 'final' keyword is incompatible with C++98 [-Wc++98-compat]
[build]    14 |         inline const char *what() const noexcept override final { return ex_.c_str(); }
[build]       |                                                           ^
[build] C:\Users\pperv\code\unnamed_rpg\vendor\json-schema-validator\src\json-patch.hpp(12,11): warning: generalized initializer lists are incompatible with C++98 [-Wc++98-compat]
[build]    12 |             : ex_{std::move(msg)} {}
[build]       |                  ^
[build] C:\Users\pperv\code\unnamed_rpg\vendor\json-schema-validator\src\json-patch.hpp(12,11): warning: constructor call from initializer list is incompatible with C++98 [-Wc++98-compat]
[build]    12 |             : ex_{std::move(msg)} {}
[build]       |                  ^~~~~~~~~~~~~~~~
[build] C:\Users\pperv\code\unnamed_rpg\vendor\json-schema-validator\src\json-patch.hpp(23,17): warning: defaulted function definitions are incompatible with C++98 [-Wc++98-compat]
[build]    23 |         json_patch() = default;
[build]       |                        ^
[build] C:\Users\pperv\code\unnamed_rpg\vendor\json-schema-validator\src\json-patch.hpp(24,18): warning: rvalue references are incompatible with C++98 [-Wc++98-compat]
[build]    24 |         json_patch(json &&patch);
[build]       |                         ^
[build] C:\Users\pperv\code\unnamed_rpg\vendor\json-schema-validator\src\json-patch.hpp(37,10): warning: default member initializer for non-static data members is incompatible with C++98 [-Wc++98-compat]
[build]    37 |         json j_ = nlohmann::json::array();
[build]       |                 ^
[build] In file included from C:\Users\pperv\code\unnamed_rpg\vendor\json-schema-validator\src\json-patch.cpp:1:
[build] In file included from C:\Users\pperv\code\unnamed_rpg\vendor\json-schema-validator\src\json-patch.hpp:3:
[build] C:\Users\pperv\code\unnamed_rpg\vendor\json\include\nlohmann/json.hpp(1052,55): warning: constructor call from initializer list is incompatible with C++98 [-Wc++98-compat]
[build]  1052 |     static basic_json array(initializer_list_t init = {})
[build]       |                                                       ^~
[build] C:\Users\pperv\code\unnamed_rpg\vendor\json-schema-validator\src\json-patch.hpp(37,12): note: in instantiation of default function argument expression for 'array<std::map, std::vector, std::basic_string<char>, bool, long long, unsigned long long, double, std::allocator, nlohmann::adl_serializer, std::vector<unsigned char>, void>' required here
[build]    37 |         json j_ = nlohmann::json::array();
[build]       |                   ^
[build] In file included from C:\Users\pperv\code\unnamed_rpg\vendor\json-schema-validator\src\json-patch.cpp:3:
[build] C:\Users\pperv\code\unnamed_rpg\vendor\json-schema-validator\src\nlohmann/json-schema.hpp(10,9): warning: macro name is a reserved identifier [-Wreserved-macro-identifier]
[build]    10 | #define NLOHMANN_JSON_SCHEMA_HPP__
[build]       |         ^
[build] C:\Users\pperv\code\unnamed_rpg\vendor\json-schema-validator\src\nlohmann/json-schema.hpp(147,13): warning: default member initializer for non-static data members is incompatible with C++98 [-Wc++98-compat]
[build]   147 |         bool error_{false};
[build]       |                    ^
[build] C:\Users\pperv\code\unnamed_rpg\vendor\json-schema-validator\src\nlohmann/json-schema.hpp(150,109): warning: 'override' keyword is incompatible with C++98 [-Wc++98-compat]
[build]   150 |         void error(const json::json_pointer & /*ptr*/, const json & /*instance*/, const std::string & /*message*/) override
[build]       |                                                                                                                    ^
[build] C:\Users\pperv\code\unnamed_rpg\vendor\json-schema-validator\src\nlohmann/json-schema.hpp(174,22): warning: rvalue references are incompatible with C++98 [-Wc++98-compat]
[build]   174 |         json_validator(json &&, schema_loader = nullptr, format_checker = nullptr, content_checker = nullptr);
[build]       |                             ^
[build] C:\Users\pperv\code\unnamed_rpg\vendor\json-schema-validator\src\nlohmann/json-schema.hpp(176,32): warning: rvalue references are incompatible with C++98 [-Wc++98-compat]
[build]   176 |         json_validator(json_validator &&);
[build]       |                                       ^
[build] C:\Users\pperv\code\unnamed_rpg\vendor\json-schema-validator\src\nlohmann/json-schema.hpp(177,43): warning: rvalue references are incompatible with C++98 [-Wc++98-compat]
[build]   177 |         json_validator &operator=(json_validator &&);
[build]       |                                                  ^
[build] C:\Users\pperv\code\unnamed_rpg\vendor\json-schema-validator\src\nlohmann/json-schema.hpp(179,43): warning: deleted function definitions are incompatible with C++98 [-Wc++98-compat]
[build]   179 |         json_validator(json_validator const &) = delete;
[build]       |                                                  ^
[build] C:\Users\pperv\code\unnamed_rpg\vendor\json-schema-validator\src\nlohmann/json-schema.hpp(180,54): warning: deleted function definitions are incompatible with C++98 [-Wc++98-compat]
[build]   180 |         json_validator &operator=(json_validator const &) = delete;
[build]       |                                                             ^
[build] C:\Users\pperv\code\unnamed_rpg\vendor\json-schema-validator\src\nlohmann/json-schema.hpp(186,28): warning: rvalue references are incompatible with C++98 [-Wc++98-compat]
[build]   186 |         void set_root_schema(json &&);
[build]       |                                   ^
[build] C:\Users\pperv\code\unnamed_rpg\vendor\json-schema-validator\src\nlohmann/json-schema.hpp(171,33): warning: 'nullptr' is incompatible with C++98 [-Wc++98-compat]
[build]   171 |         json_validator(schema_loader = nullptr, format_checker = nullptr, content_checker = nullptr);
[build]       |                                        ^
[build] C:\Users\pperv\code\unnamed_rpg\vendor\json-schema-validator\src\nlohmann/json-schema.hpp(171,59): warning: 'nullptr' is incompatible with C++98 [-Wc++98-compat]
[build]   171 |         json_validator(schema_loader = nullptr, format_checker = nullptr, content_checker = nullptr);
[build]       |                                                                  ^
[build] C:\Users\pperv\code\unnamed_rpg\vendor\json-schema-validator\src\nlohmann/json-schema.hpp(171,86): warning: 'nullptr' is incompatible with C++98 [-Wc++98-compat]
[build]   171 |         json_validator(schema_loader = nullptr, format_checker = nullptr, content_checker = nullptr);
[build]       |                                                                                             ^
[build] C:\Users\pperv\code\unnamed_rpg\vendor\json-schema-validator\src\nlohmann/json-schema.hpp(173,47): warning: 'nullptr' is incompatible with C++98 [-Wc++98-compat]
[build]   173 |         json_validator(const json &, schema_loader = nullptr, format_checker = nullptr, content_checker = nullptr);
[build]       |                                                      ^
[build] C:\Users\pperv\code\unnamed_rpg\vendor\json-schema-validator\src\nlohmann/json-schema.hpp(173,73): warning: 'nullptr' is incompatible with C++98 [-Wc++98-compat]
[build]   173 |         json_validator(const json &, schema_loader = nullptr, format_checker = nullptr, content_checker = nullptr);
[build]       |                                                                                ^
[build] C:\Users\pperv\code\unnamed_rpg\vendor\json-schema-validator\src\nlohmann/json-schema.hpp(173,100): warning: 'nullptr' is incompatible with C++98 [-Wc++98-compat]
[build]   173 |         json_validator(const json &, schema_loader = nullptr, format_checker = nullptr, content_checker = nullptr);
[build]       |                                                                                                           ^
[build] C:\Users\pperv\code\unnamed_rpg\vendor\json-schema-validator\src\nlohmann/json-schema.hpp(174,42): warning: 'nullptr' is incompatible with C++98 [-Wc++98-compat]
[build]   174 |         json_validator(json &&, schema_loader = nullptr, format_checker = nullptr, content_checker = nullptr);
[build]       |                                                 ^
[build] C:\Users\pperv\code\unnamed_rpg\vendor\json-schema-validator\src\nlohmann/json-schema.hpp(174,68): warning: 'nullptr' is incompatible with C++98 [-Wc++98-compat]
[build]   174 |         json_validator(json &&, schema_loader = nullptr, format_checker = nullptr, content_checker = nullptr);
[build]       |                                                                           ^
[build] C:\Users\pperv\code\unnamed_rpg\vendor\json-schema-validator\src\nlohmann/json-schema.hpp(174,95): warning: 'nullptr' is incompatible with C++98 [-Wc++98-compat]
[build]   174 |         json_validator(json &&, schema_loader = nullptr, format_checker = nullptr, content_checker = nullptr);
[build]       |                                                                                                      ^
[build] C:\Users\pperv\code\unnamed_rpg\vendor\json-schema-validator\src\json-patch.cpp(10,37): warning: raw string literals are incompatible with C++98 [-Wc++98-compat]
[build]    10 | const nlohmann::json patch_schema = R"patch({
[build]       |                                     ^
[build] C:\Users\pperv\code\unnamed_rpg\vendor\json-schema-validator\src\json-patch.cpp(10,22): warning: declaration requires an exit-time destructor [-Wexit-time-destructors]
[build]    10 | const nlohmann::json patch_schema = R"patch({
[build]       |                      ^
[build] C:\Users\pperv\code\unnamed_rpg\vendor\json-schema-validator\src\json-patch.cpp(10,22): warning: declaration requires a global destructor [-Wglobal-constructors]
[build] C:\Users\pperv\code\unnamed_rpg\vendor\json-schema-validator\src\json-patch.cpp(74,29): warning: rvalue references are incompatible with C++98 [-Wc++98-compat]
[build]    74 | json_patch::json_patch(json &&patch)
[build]       |                             ^
[build] C:\Users\pperv\code\unnamed_rpg\vendor\json-schema-validator\src\json-patch.cpp(88,19): warning: generalized initializer lists are incompatible with C++98 [-Wc++98-compat]
[build]    88 |         j_.push_back(json{{"op", "add"}, {"path", ptr.to_string()}, {"value", std::move(value)}});
[build]       |                          ^
[build] C:\Users\pperv\code\unnamed_rpg\vendor\json-schema-validator\src\json-patch.cpp(88,20): warning: initialization of initializer_list object is incompatible with C++98 [-Wc++98-compat]
[build]    88 |         j_.push_back(json{{"op", "add"}, {"path", ptr.to_string()}, {"value", std::move(value)}});
[build]       |                           ^~~~~~~~~~~~~
[build] C:\Users\pperv\code\unnamed_rpg\vendor\json-schema-validator\src\json-patch.cpp(88,35): warning: initialization of initializer_list object is incompatible with C++98 [-Wc++98-compat]
[build]    88 |         j_.push_back(json{{"op", "add"}, {"path", ptr.to_string()}, {"value", std::move(value)}});
[build]       |                                          ^~~~~~~~~~~~~~~~~~~~~~~~~
[build] C:\Users\pperv\code\unnamed_rpg\vendor\json-schema-validator\src\json-patch.cpp(88,62): warning: initialization of initializer_list object is incompatible with C++98 [-Wc++98-compat]
[build]    88 |         j_.push_back(json{{"op", "add"}, {"path", ptr.to_string()}, {"value", std::move(value)}});
[build]       |                                                                     ^~~~~~~~~~~~~~~~~~~~~~~~~~~
[build] C:\Users\pperv\code\unnamed_rpg\vendor\json-schema-validator\src\json-patch.cpp(88,19): warning: initialization of initializer_list object is incompatible with C++98 [-Wc++98-compat]
[build]    88 |         j_.push_back(json{{"op", "add"}, {"path", ptr.to_string()}, {"value", std::move(value)}});
[build]       |                          ^~~~~~~~~~~~~~~~~~~~~~~~~~~~~~~~~~~~~~~~~~~~~~~~~~~~~~~~~~~~~~~~~~~~~~~
[build] In file included from C:\Users\pperv\code\unnamed_rpg\vendor\json-schema-validator\src\json-patch.cpp:1:
[build] In file included from C:\Users\pperv\code\unnamed_rpg\vendor\json-schema-validator\src\json-patch.hpp:3:
[build] C:\Users\pperv\code\unnamed_rpg\vendor\json\include\nlohmann/json.hpp(942,38): warning: enumeration type in nested name specifier is incompatible with C++98 [-Wc++98-compat]
[build]   942 |                value_t manual_type = value_t::array)
[build]       |                                      ^
[build] C:\Users\pperv\code\unnamed_rpg\vendor\json-schema-validator\src\json-patch.cpp(88,15): note: in instantiation of default function argument expression for 'basic_json<std::map, std::vector, std::basic_string<char>, bool, long long, unsigned long long, double, std::allocator, nlohmann::adl_serializer, std::vector<unsigned char>, void>' required here
[build]    88 |         j_.push_back(json{{"op", "add"}, {"path", ptr.to_string()}, {"value", std::move(value)}});
[build]       |                      ^
[build] C:\Users\pperv\code\unnamed_rpg\vendor\json-schema-validator\src\json-patch.cpp(94,19): warning: generalized initializer lists are incompatible with C++98 [-Wc++98-compat]
[build]    94 |         j_.push_back(json{{"op", "replace"}, {"path", ptr.to_string()}, {"value", std::move(value)}});
[build]       |                          ^
[build] C:\Users\pperv\code\unnamed_rpg\vendor\json-schema-validator\src\json-patch.cpp(94,20): warning: initialization of initializer_list object is incompatible with C++98 [-Wc++98-compat]
[build]    94 |         j_.push_back(json{{"op", "replace"}, {"path", ptr.to_string()}, {"value", std::move(value)}});
[build]       |                           ^~~~~~~~~~~~~~~~~
[build] C:\Users\pperv\code\unnamed_rpg\vendor\json-schema-validator\src\json-patch.cpp(94,39): warning: initialization of initializer_list object is incompatible with C++98 [-Wc++98-compat]
[build]    94 |         j_.push_back(json{{"op", "replace"}, {"path", ptr.to_string()}, {"value", std::move(value)}});
[build]       |                                              ^~~~~~~~~~~~~~~~~~~~~~~~~
[build] C:\Users\pperv\code\unnamed_rpg\vendor\json-schema-validator\src\json-patch.cpp(94,66): warning: initialization of initializer_list object is incompatible with C++98 [-Wc++98-compat]
[build]    94 |         j_.push_back(json{{"op", "replace"}, {"path", ptr.to_string()}, {"value", std::move(value)}});
[build]       |                                                                         ^~~~~~~~~~~~~~~~~~~~~~~~~~~
[build] C:\Users\pperv\code\unnamed_rpg\vendor\json-schema-validator\src\json-patch.cpp(94,19): warning: initialization of initializer_list object is incompatible with C++98 [-Wc++98-compat]
[build]    94 |         j_.push_back(json{{"op", "replace"}, {"path", ptr.to_string()}, {"value", std::move(value)}});
[build]       |                          ^~~~~~~~~~~~~~~~~~~~~~~~~~~~~~~~~~~~~~~~~~~~~~~~~~~~~~~~~~~~~~~~~~~~~~~~~~~
[build] C:\Users\pperv\code\unnamed_rpg\vendor\json-schema-validator\src\json-patch.cpp(100,19): warning: generalized initializer lists are incompatible with C++98 [-Wc++98-compat]
[build]   100 |         j_.push_back(json{{"op", "remove"}, {"path", ptr.to_string()}});
[build]       |                          ^
[build] C:\Users\pperv\code\unnamed_rpg\vendor\json-schema-validator\src\json-patch.cpp(100,20): warning: initialization of initializer_list object is incompatible with C++98 [-Wc++98-compat]
[build]   100 |         j_.push_back(json{{"op", "remove"}, {"path", ptr.to_string()}});
[build]       |                           ^~~~~~~~~~~~~~~~
[build] C:\Users\pperv\code\unnamed_rpg\vendor\json-schema-validator\src\json-patch.cpp(100,38): warning: initialization of initializer_list object is incompatible with C++98 [-Wc++98-compat]
[build]   100 |         j_.push_back(json{{"op", "remove"}, {"path", ptr.to_string()}});
[build]       |                                             ^~~~~~~~~~~~~~~~~~~~~~~~~
[build] C:\Users\pperv\code\unnamed_rpg\vendor\json-schema-validator\src\json-patch.cpp(100,19): warning: initialization of initializer_list object is incompatible with C++98 [-Wc++98-compat]
[build]   100 |         j_.push_back(json{{"op", "remove"}, {"path", ptr.to_string()}});
[build]       |                          ^~~~~~~~~~~~~~~~~~~~~~~~~~~~~~~~~~~~~~~~~~~~~
[build] C:\Users\pperv\code\unnamed_rpg\vendor\json-schema-validator\src\json-patch.cpp(107,47): warning: declaration requires an exit-time destructor [-Wexit-time-destructors]
[build]   107 |         static nlohmann::json_schema::json_validator patch_validator(patch_schema);
[build]       |                                                      ^
[build] C:\Users\pperv\code\unnamed_rpg\vendor\json-schema-validator\src\json-patch.cpp(111,7): warning: 'auto' type specifier is incompatible with C++98 [-Wc++98-compat]
[build]   111 |         for (auto const &op : patch)
[build]       |              ^~~~
[build] C:\Users\pperv\code\unnamed_rpg\vendor\json-schema-validator\src\json-patch.cpp(111,22): warning: range-based for loop is incompatible with C++98 [-Wc++98-compat]
[build]   111 |         for (auto const &op : patch)
[build]       |                             ^
[build] In file included from C:\Users\pperv\code\unnamed_rpg\vendor\json-schema-validator\src\json-patch.cpp:1:
[build] In file included from C:\Users\pperv\code\unnamed_rpg\vendor\json-schema-validator\src\json-patch.hpp:3:
[build] In file included from C:\Users\pperv\code\unnamed_rpg\vendor\json\include\nlohmann/json.hpp:55:
[build] C:\Users\pperv\code\unnamed_rpg\vendor\json\include\nlohmann/detail/iterators/iter_impl.hpp(508,170): warning: use of null pointer as non-type template argument is incompatible with C++98 [-Wc++98-compat]
[build]   508 |     template < typename IterImpl, detail::enable_if_t < (std::is_same<IterImpl, iter_impl>::value || std::is_same<IterImpl, other_iter_impl>::value), std::nullptr_t > = nullptr >
[build]       |                                                                                                                                                                          ^
[build] C:\Users\pperv\code\unnamed_rpg\vendor\json-schema-validator\src\json-patch.cpp(111,22): note: while substituting deduced template arguments into function template 'operator!=' [with IterImpl = const_iterator, $1 = (no value)]
[build]   111 |         for (auto const &op : patch)
[build]       |                             ^
[build] In file included from C:\Users\pperv\code\unnamed_rpg\vendor\json-schema-validator\src\json-patch.cpp:1:
[build] In file included from C:\Users\pperv\code\unnamed_rpg\vendor\json-schema-validator\src\json-patch.hpp:3:
[build] In file included from C:\Users\pperv\code\unnamed_rpg\vendor\json\include\nlohmann/json.hpp:44:
[build] In file included from C:\Users\pperv\code\unnamed_rpg\vendor\json\include\nlohmann/adl_serializer.hpp:14:
[build] In file included from C:\Users\pperv\code\unnamed_rpg\vendor\json\include\nlohmann/detail/conversions/from_json.hpp:24:
[build] C:\Users\pperv\code\unnamed_rpg\vendor\json\include\nlohmann/detail/exceptions.hpp(192,16): warning: generalized initializer lists are incompatible with C++98 [-Wc++98-compat]
[build]   192 |         return {id_, byte_, w.c_str()};
[build]       |                ^~~~~~~~~~~~~~~~~~~~~~~
[build] C:\Users\pperv\code\unnamed_rpg\vendor\json\include\nlohmann/detail/exceptions.hpp(192,16): warning: constructor call from initializer list is incompatible with C++98 [-Wc++98-compat]
[build]   192 |         return {id_, byte_, w.c_str()};
[build]       |                ^~~~~~~~~~~~~~~~~~~~~~~
[build] C:\Users\pperv\code\unnamed_rpg\vendor\json\include\nlohmann/detail/exceptions.hpp(192,16): warning: constructor call from initializer list is incompatible with C++98 [-Wc++98-compat]
[build]   192 |         return {id_, byte_, w.c_str()};
[build]       |                ^~~~~~~~~~~~~~~~~~~~~~~
[build] C:\Users\pperv\code\unnamed_rpg\vendor\json\include\nlohmann/detail/input/input_adapters.hpp(615,33): note: in instantiation of function template specialization 'nlohmann::detail::parse_error::create<std::nullptr_t, 0>' requested here
[build]   615 |         JSON_THROW(parse_error::create(101, 0, "attempting to parse an empty input; check that your input string or stream contains the expected JSON", nullptr));
[build]       |                                 ^
[build] C:\Users\pperv\code\unnamed_rpg\vendor\json\include\nlohmann/detail/macro_scope.hpp(198,41): note: expanded from macro 'JSON_THROW'
[build]   198 |     #define JSON_THROW(exception) throw exception
[build]       |                                         ^
[build] In file included from C:\Users\pperv\code\unnamed_rpg\vendor\json-schema-validator\src\json-patch.cpp:1:
[build] In file included from C:\Users\pperv\code\unnamed_rpg\vendor\json-schema-validator\src\json-patch.hpp:3:
[build] In file included from C:\Users\pperv\code\unnamed_rpg\vendor\json\include\nlohmann/json.hpp:50:
[build] In file included from C:\Users\pperv\code\unnamed_rpg\vendor\json\include\nlohmann/detail/input/binary_reader.hpp:29:
[build] In file included from C:\Users\pperv\code\unnamed_rpg\vendor\json\include\nlohmann/detail/input/json_sax.hpp:18:
[build] C:\Users\pperv\code\unnamed_rpg\vendor\json\include\nlohmann/detail/input/lexer.hpp(1720,19): warning: padding class 'nlohmann::detail::lexer<nlohmann::basic_json<>, nlohmann::detail::iterator_input_adapter<const char *>>' with 3 bytes to align 'current' [-Wpadded]
[build]  1720 |     char_int_type current = char_traits<char_type>::eof();
[build]       |                   ^
[build] C:\Users\pperv\code\unnamed_rpg\vendor\json\include\nlohmann/detail/input/lexer.hpp(1726,16): warning: padding class 'nlohmann::detail::lexer<nlohmann::basic_json<>, nlohmann::detail::iterator_input_adapter<const char *>>' with 7 bytes to align 'position' [-Wpadded]
[build]  1726 |     position_t position {};
[build]       |                ^
[build] C:\Users\pperv\code\unnamed_rpg\vendor\json\include\nlohmann/detail/input/lexer.hpp(1756,17): warning: padding class 'nlohmann::detail::lexer<nlohmann::basic_json<>, nlohmann::detail::iterator_input_adapter<const char *>>' with 4 bytes to align 'decimal_point_position' [-Wpadded]
[build]  1756 |     std::size_t decimal_point_position = std::string::npos;
[build]       |                 ^
[build] In file included from C:\Users\pperv\code\unnamed_rpg\vendor\json-schema-validator\src\json-patch.cpp:1:
[build] In file included from C:\Users\pperv\code\unnamed_rpg\vendor\json-schema-validator\src\json-patch.hpp:3:
[build] In file included from C:\Users\pperv\code\unnamed_rpg\vendor\json\include\nlohmann/json.hpp:53:
[build] C:\Users\pperv\code\unnamed_rpg\vendor\json\include\nlohmann/detail/input/parser.hpp(528,13): warning: padding class 'nlohmann::detail::parser<nlohmann::basic_json<>, nlohmann::detail::iterator_input_adapter<const char *>>' with 4 bytes to align 'm_lexer' [-Wpadded]
[build]   528 |     lexer_t m_lexer;
[build]       |             ^
[build] C:\Users\pperv\code\unnamed_rpg\vendor\json\include\nlohmann/detail/input/parser.hpp(60,7): warning: padding size of 'nlohmann::detail::parser<nlohmann::basic_json<>, nlohmann::detail::iterator_input_adapter<const char *>>' with 6 bytes to alignment boundary [-Wpadded]
[build]    60 | class parser
[build]       |       ^
[build] In file included from C:\Users\pperv\code\unnamed_rpg\vendor\json-schema-validator\src\json-patch.cpp:1:
[build] In file included from C:\Users\pperv\code\unnamed_rpg\vendor\json-schema-validator\src\json-patch.hpp:3:
[build] C:\Users\pperv\code\unnamed_rpg\vendor\json\include\nlohmann/json.hpp(857,22): warning: enumeration type in nested name specifier is incompatible with C++98 [-Wc++98-compat]
[build]   857 |         : basic_json(value_t::null)
[build]       |                      ^
[build] C:\Users\pperv\code\unnamed_rpg\vendor\json\include\nlohmann/json.hpp(4111,20): note: in instantiation of member function 'nlohmann::basic_json<>::basic_json' requested here
[build]  4111 |         basic_json result;
[build]       |                    ^
[build] C:\Users\pperv\code\unnamed_rpg\vendor\json\include\nlohmann/json.hpp(5294,28): note: in instantiation of function template specialization 'nlohmann::basic_json<>::parse<const char *, const char *, 0>' requested here
[build]  5294 |     return nlohmann::json::parse(s, s + n);
[build]       |                            ^
[build] C:\Users\pperv\code\unnamed_rpg\vendor\json\include\nlohmann/json.hpp(857,11): warning: delegating constructors are incompatible with C++98 [-Wc++98-compat]
[build]   857 |         : basic_json(value_t::null)
[build]       |           ^
[build] C:\Users\pperv\code\unnamed_rpg\vendor\json\include\nlohmann/json.hpp(540,30): warning: 'nullptr' is incompatible with C++98 [-Wc++98-compat]
[build]   540 |                     object = nullptr;  // silence warning, see #821
[build]       |                              ^
[build] C:\Users\pperv\code\unnamed_rpg\vendor\json\include\nlohmann/json.hpp(547,30): warning: 'nullptr' is incompatible with C++98 [-Wc++98-compat]
[build]   547 |                     object = nullptr;  // silence warning, see #821
[build]       |                              ^
[build] C:\Users\pperv\code\unnamed_rpg\vendor\json\include\nlohmann/json.hpp(550,112): warning: 'nullptr' is incompatible with C++98 [-Wc++98-compat]
[build]   550 |                         JSON_THROW(other_error::create(500, "961c151d2e87f2686a955a9be24d316f1362bf21 3.12.0", nullptr)); // LCOV_EXCL_LINE
[build]       |                                                                                                                ^
[build] C:\Users\pperv\code\unnamed_rpg\vendor\json\include\nlohmann/json.hpp(545,17): warning: default label in switch which covers all enumeration values [-Wcovered-switch-default]
[build]   545 |                 default:
[build]       |                 ^
[build] C:\Users\pperv\code\unnamed_rpg\vendor\json\include\nlohmann/json.hpp(849,11): note: in instantiation of member function 'nlohmann::basic_json<>::data::data' requested here
[build]   849 |         : m_data(v)
[build]       |           ^
[build] C:\Users\pperv\code\unnamed_rpg\vendor\json\include\nlohmann/json.hpp(857,11): note: in instantiation of member function 'nlohmann::basic_json<>::basic_json' requested here
[build]   857 |         : basic_json(value_t::null)
[build]       |           ^
[build] C:\Users\pperv\code\unnamed_rpg\vendor\json\include\nlohmann/json.hpp(4111,20): note: in instantiation of member function 'nlohmann::basic_json<>::basic_json' requested here
[build]  4111 |         basic_json result;
[build]       |                    ^
[build] C:\Users\pperv\code\unnamed_rpg\vendor\json\include\nlohmann/json.hpp(5294,28): note: in instantiation of function template specialization 'nlohmann::basic_json<>::parse<const char *, const char *, 0>' requested here
[build]  5294 |     return nlohmann::json::parse(s, s + n);
[build]       |                            ^
[build] C:\Users\pperv\code\unnamed_rpg\vendor\json\include\nlohmann/json.hpp(490,22): warning: enumeration type in nested name specifier is incompatible with C++98 [-Wc++98-compat]
[build]   490 |                 case value_t::object:
[build]       |                      ^
[build] C:\Users\pperv\code\unnamed_rpg\vendor\json\include\nlohmann/json.hpp(4284,26): note: in instantiation of member function 'nlohmann::basic_json<>::json_value::json_value' requested here
[build]  4284 |             : m_type(v), m_value(v)
[build]       |                          ^
[build] C:\Users\pperv\code\unnamed_rpg\vendor\json\include\nlohmann/json.hpp(849,11): note: in instantiation of member function 'nlohmann::basic_json<>::data::data' requested here
[build]   849 |         : m_data(v)
[build]       |           ^
[build] C:\Users\pperv\code\unnamed_rpg\vendor\json\include\nlohmann/json.hpp(857,11): note: in instantiation of member function 'nlohmann::basic_json<>::basic_json' requested here
[build]   857 |         : basic_json(value_t::null)
[build]       |           ^
[build] C:\Users\pperv\code\unnamed_rpg\vendor\json\include\nlohmann/json.hpp(4111,20): note: in instantiation of member function 'nlohmann::basic_json<>::basic_json' requested here
[build]  4111 |         basic_json result;
[build]       |                    ^
[build] C:\Users\pperv\code\unnamed_rpg\vendor\json\include\nlohmann/json.hpp(5294,28): note: in instantiation of function template specialization 'nlohmann::basic_json<>::parse<const char *, const char *, 0>' requested here
[build]  5294 |     return nlohmann::json::parse(s, s + n);
[build]       |                            ^
[build] C:\Users\pperv\code\unnamed_rpg\vendor\json\include\nlohmann/json.hpp(496,22): warning: enumeration type in nested name specifier is incompatible with C++98 [-Wc++98-compat]
[build]   496 |                 case value_t::array:
[build]       |                      ^
[build] C:\Users\pperv\code\unnamed_rpg\vendor\json\include\nlohmann/json.hpp(502,22): warning: enumeration type in nested name specifier is incompatible with C++98 [-Wc++98-compat]
[build]   502 |                 case value_t::string:
[build]       |                      ^
[build] C:\Users\pperv\code\unnamed_rpg\vendor\json\include\nlohmann/json.hpp(508,22): warning: enumeration type in nested name specifier is incompatible with C++98 [-Wc++98-compat]
[build]   508 |                 case value_t::binary:
[build]       |                      ^
[build] C:\Users\pperv\code\unnamed_rpg\vendor\json\include\nlohmann/json.hpp(514,22): warning: enumeration type in nested name specifier is incompatible with C++98 [-Wc++98-compat]
[build]   514 |                 case value_t::boolean:
[build]       |                      ^
[build] C:\Users\pperv\code\unnamed_rpg\vendor\json\include\nlohmann/json.hpp(520,22): warning: enumeration type in nested name specifier is incompatible with C++98 [-Wc++98-compat]
[build]   520 |                 case value_t::number_integer:
[build]       |                      ^
[build] C:\Users\pperv\code\unnamed_rpg\vendor\json\include\nlohmann/json.hpp(526,22): warning: enumeration type in nested name specifier is incompatible with C++98 [-Wc++98-compat]
[build]   526 |                 case value_t::number_unsigned:
[build]       |                      ^
[build] C:\Users\pperv\code\unnamed_rpg\vendor\json\include\nlohmann/json.hpp(532,22): warning: enumeration type in nested name specifier is incompatible with C++98 [-Wc++98-compat]
[build]   532 |                 case value_t::number_float:
[build]       |                      ^
[build] C:\Users\pperv\code\unnamed_rpg\vendor\json\include\nlohmann/json.hpp(538,22): warning: enumeration type in nested name specifier is incompatible with C++98 [-Wc++98-compat]
[build]   538 |                 case value_t::null:
[build]       |                      ^
[build] C:\Users\pperv\code\unnamed_rpg\vendor\json\include\nlohmann/json.hpp(544,22): warning: enumeration type in nested name specifier is incompatible with C++98 [-Wc++98-compat]
[build]   544 |                 case value_t::discarded:
[build]       |                      ^
[build] C:\Users\pperv\code\unnamed_rpg\vendor\json\include\nlohmann/json.hpp(548,51): warning: enumeration type in nested name specifier is incompatible with C++98 [-Wc++98-compat]
[build]   548 |                     if (JSON_HEDLEY_UNLIKELY(t == value_t::null))
[build]       |                                                   ^
[build] C:\Users\pperv\code\unnamed_rpg\vendor\json\include\nlohmann/json.hpp(545,17): warning: default label in switch which covers all enumeration values [-Wcovered-switch-default]
[build]   545 |                 default:
[build]       |                 ^
[build] C:\Users\pperv\code\unnamed_rpg\vendor\json\include\nlohmann/json.hpp(414,33): warning: alias declarations are incompatible with C++98 [-Wc++98-compat]
[build]   414 |         using AllocatorTraits = std::allocator_traits<AllocatorType<T>>;
[build]       |                                 ^
[build] C:\Users\pperv\code\unnamed_rpg\vendor\json\include\nlohmann/json.hpp(414,70): warning: consecutive right angle brackets are incompatible with C++98 (use '> >') [-Wc++98-compat]
[build]   414 |         using AllocatorTraits = std::allocator_traits<AllocatorType<T>>;
[build]       |                                                                      ^~
[build]       |                                                                      > >
[build] C:\Users\pperv\code\unnamed_rpg\vendor\json\include\nlohmann/json.hpp(416,9): warning: 'auto' type specifier is incompatible with C++98 [-Wc++98-compat]
[build]   416 |         auto deleter = [&](T * obj)
[build]       |         ^~~~
[build] C:\Users\pperv\code\unnamed_rpg\vendor\json\include\nlohmann/json.hpp(416,24): warning: lambda expressions are incompatible with C++98 [-Wc++98-compat]
[build]   416 |         auto deleter = [&](T * obj)
[build]       |                        ^
[build] C:\Users\pperv\code\unnamed_rpg\vendor\json\include\nlohmann/json.hpp(420,28): warning: 'decltype' type specifier is incompatible with C++98 [-Wc++98-compat]
[build]   420 |         std::unique_ptr<T, decltype(deleter)> obj(AllocatorTraits::allocate(alloc, 1), deleter);
[build]       |                            ^
[build] C:\Users\pperv\code\unnamed_rpg\vendor\json\include\nlohmann/json.hpp(420,28): warning: local type '(lambda at C:\Users\pperv\code\unnamed_rpg\vendor\json\include\nlohmann\json.hpp:416:24)' as template argument is incompatible with C++98 [-Wc++98-compat-local-type-template-args]
[build]   420 |         std::unique_ptr<T, decltype(deleter)> obj(AllocatorTraits::allocate(alloc, 1), deleter);
[build]       |                            ^~~~~~~~~~~~~~~~~
[build] C:\Users\pperv\code\unnamed_rpg\vendor\json\include\nlohmann/json.hpp(492,30): note: in instantiation of function template specialization 'nlohmann::basic_json<>::create<std::map<std::basic_string<char>, nlohmann::basic_json<>, std::less<void>>>' requested here
[build]   492 |                     object = create<object_t>();
[build]       |                              ^
[build] C:\Users\pperv\code\unnamed_rpg\vendor\json\include\nlohmann/json.hpp(4284,26): note: in instantiation of member function 'nlohmann::basic_json<>::json_value::json_value' requested here
[build]  4284 |             : m_type(v), m_value(v)
[build]       |                          ^
[build] C:\Users\pperv\code\unnamed_rpg\vendor\json\include\nlohmann/json.hpp(849,11): note: in instantiation of member function 'nlohmann::basic_json<>::data::data' requested here
[build]   849 |         : m_data(v)
[build]       |           ^
[build] C:\Users\pperv\code\unnamed_rpg\vendor\json\include\nlohmann/json.hpp(857,11): note: in instantiation of member function 'nlohmann::basic_json<>::basic_json' requested here
[build]   857 |         : basic_json(value_t::null)
[build]       |           ^
[build] C:\Users\pperv\code\unnamed_rpg\vendor\json\include\nlohmann/json.hpp(4111,20): note: in instantiation of member function 'nlohmann::basic_json<>::basic_json' requested here
[build]  4111 |         basic_json result;
[build]       |                    ^
[build] C:\Users\pperv\code\unnamed_rpg\vendor\json\include\nlohmann/json.hpp(5294,28): note: in instantiation of function template specialization 'nlohmann::basic_json<>::parse<const char *, const char *, 0>' requested here
[build]  5294 |     return nlohmann::json::parse(s, s + n);
[build]       |                            ^
[build] C:\Users\pperv\code\unnamed_rpg\vendor\json\include\nlohmann/json.hpp(420,28): warning: local type '(lambda at C:\Users\pperv\code\unnamed_rpg\vendor\json\include\nlohmann\json.hpp:416:24)' as template argument is incompatible with C++98 [-Wc++98-compat-local-type-template-args]
[build]   420 |         std::unique_ptr<T, decltype(deleter)> obj(AllocatorTraits::allocate(alloc, 1), deleter);
[build]       |                            ^~~~~~~~~~~~~~~~~
[build] C:\Users\pperv\code\unnamed_rpg\vendor\json\include\nlohmann/json.hpp(498,29): note: in instantiation of function template specialization 'nlohmann::basic_json<>::create<std::vector<nlohmann::basic_json<>>>' requested here
[build]   498 |                     array = create<array_t>();
[build]       |                             ^
[build] C:\Users\pperv\code\unnamed_rpg\vendor\json\include\nlohmann/json.hpp(4284,26): note: in instantiation of member function 'nlohmann::basic_json<>::json_value::json_value' requested here
[build]  4284 |             : m_type(v), m_value(v)
[build]       |                          ^
[build] C:\Users\pperv\code\unnamed_rpg\vendor\json\include\nlohmann/json.hpp(849,11): note: in instantiation of member function 'nlohmann::basic_json<>::data::data' requested here
[build]   849 |         : m_data(v)
[build]       |           ^
[build] C:\Users\pperv\code\unnamed_rpg\vendor\json\include\nlohmann/json.hpp(857,11): note: in instantiation of member function 'nlohmann::basic_json<>::basic_json' requested here
[build]   857 |         : basic_json(value_t::null)
[build]       |           ^
[build] C:\Users\pperv\code\unnamed_rpg\vendor\json\include\nlohmann/json.hpp(4111,20): note: in instantiation of member function 'nlohmann::basic_json<>::basic_json' requested here
[build]  4111 |         basic_json result;
[build]       |                    ^
[build] C:\Users\pperv\code\unnamed_rpg\vendor\json\include\nlohmann/json.hpp(5294,28): note: in instantiation of function template specialization 'nlohmann::basic_json<>::parse<const char *, const char *, 0>' requested here
[build]  5294 |     return nlohmann::json::parse(s, s + n);
[build]       |                            ^
[build] C:\Users\pperv\code\unnamed_rpg\vendor\json\include\nlohmann/json.hpp(420,28): warning: local type '(lambda at C:\Users\pperv\code\unnamed_rpg\vendor\json\include\nlohmann\json.hpp:416:24)' as template argument is incompatible with C++98 [-Wc++98-compat-local-type-template-args]
[build]   420 |         std::unique_ptr<T, decltype(deleter)> obj(AllocatorTraits::allocate(alloc, 1), deleter);
[build]       |                            ^~~~~~~~~~~~~~~~~
[build] C:\Users\pperv\code\unnamed_rpg\vendor\json\include\nlohmann/json.hpp(504,30): note: in instantiation of function template specialization 'nlohmann::basic_json<>::create<std::basic_string<char>, const char (&)[1]>' requested here
[build]   504 |                     string = create<string_t>("");
[build]       |                              ^
[build] C:\Users\pperv\code\unnamed_rpg\vendor\json\include\nlohmann/json.hpp(4284,26): note: in instantiation of member function 'nlohmann::basic_json<>::json_value::json_value' requested here
[build]  4284 |             : m_type(v), m_value(v)
[build]       |                          ^
[build] C:\Users\pperv\code\unnamed_rpg\vendor\json\include\nlohmann/json.hpp(849,11): note: in instantiation of member function 'nlohmann::basic_json<>::data::data' requested here
[build]   849 |         : m_data(v)
[build]       |           ^
[build] C:\Users\pperv\code\unnamed_rpg\vendor\json\include\nlohmann/json.hpp(857,11): note: in instantiation of member function 'nlohmann::basic_json<>::basic_json' requested here
[build]   857 |         : basic_json(value_t::null)
[build]       |           ^
[build] C:\Users\pperv\code\unnamed_rpg\vendor\json\include\nlohmann/json.hpp(4111,20): note: in instantiation of member function 'nlohmann::basic_json<>::basic_json' requested here
[build]  4111 |         basic_json result;
[build]       |                    ^
[build] C:\Users\pperv\code\unnamed_rpg\vendor\json\include\nlohmann/json.hpp(5294,28): note: in instantiation of function template specialization 'nlohmann::basic_json<>::parse<const char *, const char *, 0>' requested here
[build]  5294 |     return nlohmann::json::parse(s, s + n);
[build]       |                            ^
[build] In file included from C:\Users\pperv\code\unnamed_rpg\vendor\json-schema-validator\src\json-patch.cpp:1:
[build] In file included from C:\Users\pperv\code\unnamed_rpg\vendor\json-schema-validator\src\json-patch.hpp:3:
[build] In file included from C:\Users\pperv\code\unnamed_rpg\vendor\json\include\nlohmann/json.hpp:45:
[build] C:\Users\pperv\code\unnamed_rpg\vendor\json\include\nlohmann/byte_container_with_subtype.hpp(22,7): warning: padding size of 'nlohmann::byte_container_with_subtype<std::vector<unsigned char>>' with 7 bytes to alignment boundary [-Wpadded]
[build]    22 | class byte_container_with_subtype : public BinaryType
[build]       |       ^
[build] In file included from C:\Users\pperv\code\unnamed_rpg\vendor\json-schema-validator\src\json-patch.cpp:1:
[build] In file included from C:\Users\pperv\code\unnamed_rpg\vendor\json-schema-validator\src\json-patch.hpp:3:
[build] C:\Users\pperv\code\unnamed_rpg\vendor\json\include\nlohmann/json.hpp(420,28): warning: local type '(lambda at C:\Users\pperv\code\unnamed_rpg\vendor\json\include\nlohmann\json.hpp:416:24)' as template argument is incompatible with C++98 [-Wc++98-compat-local-type-template-args]
[build]   420 |         std::unique_ptr<T, decltype(deleter)> obj(AllocatorTraits::allocate(alloc, 1), deleter);
[build]       |                            ^~~~~~~~~~~~~~~~~
[build] C:\Users\pperv\code\unnamed_rpg\vendor\json\include\nlohmann/json.hpp(510,30): note: in instantiation of function template specialization 'nlohmann::basic_json<>::create<nlohmann::byte_container_with_subtype<std::vector<unsigned char>>>' requested here
[build]   510 |                     binary = create<binary_t>();
[build]       |                              ^
[build] C:\Users\pperv\code\unnamed_rpg\vendor\json\include\nlohmann/json.hpp(4284,26): note: in instantiation of member function 'nlohmann::basic_json<>::json_value::json_value' requested here
[build]  4284 |             : m_type(v), m_value(v)
[build]       |                          ^
[build] C:\Users\pperv\code\unnamed_rpg\vendor\json\include\nlohmann/json.hpp(849,11): note: in instantiation of member function 'nlohmann::basic_json<>::data::data' requested here
[build]   849 |         : m_data(v)
[build]       |           ^
[build] C:\Users\pperv\code\unnamed_rpg\vendor\json\include\nlohmann/json.hpp(857,11): note: in instantiation of member function 'nlohmann::basic_json<>::basic_json' requested here
[build]   857 |         : basic_json(value_t::null)
[build]       |           ^
[build] C:\Users\pperv\code\unnamed_rpg\vendor\json\include\nlohmann/json.hpp(4111,20): note: in instantiation of member function 'nlohmann::basic_json<>::basic_json' requested here
[build]  4111 |         basic_json result;
[build]       |                    ^
[build] C:\Users\pperv\code\unnamed_rpg\vendor\json\include\nlohmann/json.hpp(5294,28): note: in instantiation of function template specialization 'nlohmann::basic_json<>::parse<const char *, const char *, 0>' requested here
[build]  5294 |     return nlohmann::json::parse(s, s + n);
[build]       |                            ^
[build] In file included from C:\Users\pperv\code\unnamed_rpg\vendor\json-schema-validator\src\json-patch.cpp:1:
[build] In file included from C:\Users\pperv\code\unnamed_rpg\vendor\json-schema-validator\src\json-patch.hpp:3:
[build] In file included from C:\Users\pperv\code\unnamed_rpg\vendor\json\include\nlohmann/json.hpp:44:
[build] In file included from C:\Users\pperv\code\unnamed_rpg\vendor\json\include\nlohmann/adl_serializer.hpp:14:
[build] In file included from C:\Users\pperv\code\unnamed_rpg\vendor\json\include\nlohmann/detail/conversions/from_json.hpp:24:
[build] C:\Users\pperv\code\unnamed_rpg\vendor\json\include\nlohmann/detail/exceptions.hpp(278,16): warning: generalized initializer lists are incompatible with C++98 [-Wc++98-compat]
[build]   278 |         return {id_, w.c_str()};
[build]       |                ^~~~~~~~~~~~~~~~
[build] C:\Users\pperv\code\unnamed_rpg\vendor\json\include\nlohmann/detail/exceptions.hpp(278,16): warning: constructor call from initializer list is incompatible with C++98 [-Wc++98-compat]
[build]   278 |         return {id_, w.c_str()};
[build]       |                ^~~~~~~~~~~~~~~~
[build] C:\Users\pperv\code\unnamed_rpg\vendor\json\include\nlohmann/json.hpp(4284,26): note: in instantiation of member function 'nlohmann::basic_json<>::json_value::json_value' requested here
[build]  4284 |             : m_type(v), m_value(v)
[build]       |                          ^
[build] C:\Users\pperv\code\unnamed_rpg\vendor\json\include\nlohmann/json.hpp(849,11): note: in instantiation of member function 'nlohmann::basic_json<>::data::data' requested here
[build]   849 |         : m_data(v)
[build]       |           ^
[build] C:\Users\pperv\code\unnamed_rpg\vendor\json\include\nlohmann/json.hpp(857,11): note: in instantiation of member function 'nlohmann::basic_json<>::basic_json' requested here
[build]   857 |         : basic_json(value_t::null)
[build]       |           ^
[build] C:\Users\pperv\code\unnamed_rpg\vendor\json\include\nlohmann/json.hpp(4111,20): note: in instantiation of member function 'nlohmann::basic_json<>::basic_json' requested here
[build]  4111 |         basic_json result;
[build]       |                    ^
[build] C:\Users\pperv\code\unnamed_rpg\vendor\json\include\nlohmann/json.hpp(5294,28): note: in instantiation of function template specialization 'nlohmann::basic_json<>::parse<const char *, const char *, 0>' requested here
[build]  5294 |     return nlohmann::json::parse(s, s + n);
[build]       |                            ^
[build] In file included from C:\Users\pperv\code\unnamed_rpg\vendor\json-schema-validator\src\json-patch.cpp:1:
[build] In file included from C:\Users\pperv\code\unnamed_rpg\vendor\json-schema-validator\src\json-patch.hpp:3:
[build] In file included from C:\Users\pperv\code\unnamed_rpg\vendor\json\include\nlohmann/json.hpp:44:
[build] In file included from C:\Users\pperv\code\unnamed_rpg\vendor\json\include\nlohmann/adl_serializer.hpp:14:
[build] In file included from C:\Users\pperv\code\unnamed_rpg\vendor\json\include\nlohmann/detail/conversions/from_json.hpp:24:
[build] C:\Users\pperv\code\unnamed_rpg\vendor\json\include\nlohmann/detail/exceptions.hpp(278,16): warning: constructor call from initializer list is incompatible with C++98 [-Wc++98-compat]
[build]   278 |         return {id_, w.c_str()};
[build]       |                ^~~~~~~~~~~~~~~~
[build] C:\Users\pperv\code\unnamed_rpg\vendor\json\include\nlohmann/json.hpp(550,49): note: in instantiation of function template specialization 'nlohmann::detail::other_error::create<std::nullptr_t, 0>' requested here
[build]   550 |                         JSON_THROW(other_error::create(500, "961c151d2e87f2686a955a9be24d316f1362bf21 3.12.0", nullptr)); // LCOV_EXCL_LINE
[build]       |                                                 ^
[build] C:\Users\pperv\code\unnamed_rpg\vendor\json\include\nlohmann/detail/macro_scope.hpp(198,41): note: expanded from macro 'JSON_THROW'
[build]   198 |     #define JSON_THROW(exception) throw exception
[build]       |                                         ^
[build] C:\Users\pperv\code\unnamed_rpg\vendor\json\include\nlohmann/json.hpp(4284,26): note: in instantiation of member function 'nlohmann::basic_json<>::json_value::json_value' requested here
[build]  4284 |             : m_type(v), m_value(v)
[build]       |                          ^
[build] C:\Users\pperv\code\unnamed_rpg\vendor\json\include\nlohmann/json.hpp(849,11): note: in instantiation of member function 'nlohmann::basic_json<>::data::data' requested here
[build]   849 |         : m_data(v)
[build]       |           ^
[build] C:\Users\pperv\code\unnamed_rpg\vendor\json\include\nlohmann/json.hpp(857,11): note: in instantiation of member function 'nlohmann::basic_json<>::basic_json' requested here
[build]   857 |         : basic_json(value_t::null)
[build]       |           ^
[build] C:\Users\pperv\code\unnamed_rpg\vendor\json\include\nlohmann/json.hpp(4111,20): note: in instantiation of member function 'nlohmann::basic_json<>::basic_json' requested here
[build]  4111 |         basic_json result;
[build]       |                    ^
[build] C:\Users\pperv\code\unnamed_rpg\vendor\json\include\nlohmann/json.hpp(5294,28): note: in instantiation of function template specialization 'nlohmann::basic_json<>::parse<const char *, const char *, 0>' requested here
[build]  5294 |     return nlohmann::json::parse(s, s + n);
[build]       |                            ^
[build] C:\Users\pperv\code\unnamed_rpg\vendor\json\include\nlohmann/json.hpp(590,52): warning: 'nullptr' is incompatible with C++98 [-Wc++98-compat]
[build]   590 |                 (t == value_t::object && object == nullptr) ||
[build]       |                                                    ^
[build] C:\Users\pperv\code\unnamed_rpg\vendor\json\include\nlohmann/json.hpp(591,50): warning: 'nullptr' is incompatible with C++98 [-Wc++98-compat]
[build]   591 |                 (t == value_t::array && array == nullptr) ||
[build]       |                                                  ^
[build] C:\Users\pperv\code\unnamed_rpg\vendor\json\include\nlohmann/json.hpp(592,52): warning: 'nullptr' is incompatible with C++98 [-Wc++98-compat]
[build]   592 |                 (t == value_t::string && string == nullptr) ||
[build]       |                                                    ^
[build] C:\Users\pperv\code\unnamed_rpg\vendor\json\include\nlohmann/json.hpp(593,52): warning: 'nullptr' is incompatible with C++98 [-Wc++98-compat]
[build]   593 |                 (t == value_t::binary && binary == nullptr)
[build]       |                                                    ^
[build] C:\Users\pperv\code\unnamed_rpg\vendor\json\include\nlohmann/json.hpp(613,30): warning: rvalue references are incompatible with C++98 [-Wc++98-compat]
[build]   613 |                     for (auto&& it : *object)
[build]       |                              ^
[build] C:\Users\pperv\code\unnamed_rpg\vendor\json\include\nlohmann/json.hpp(613,26): warning: 'auto' type specifier is incompatible with C++98 [-Wc++98-compat]
[build]   613 |                     for (auto&& it : *object)
[build]       |                          ^~~~
[build] C:\Users\pperv\code\unnamed_rpg\vendor\json\include\nlohmann/json.hpp(848,5): note: in instantiation of member function 'nlohmann::basic_json<>::data::~data' requested here
[build]   848 |     basic_json(const value_t v)
[build]       |     ^
[build] C:\Users\pperv\code\unnamed_rpg\vendor\json\include\nlohmann/json.hpp(857,11): note: in instantiation of member function 'nlohmann::basic_json<>::basic_json' requested here
[build]   857 |         : basic_json(value_t::null)
[build]       |           ^
[build] C:\Users\pperv\code\unnamed_rpg\vendor\json\include\nlohmann/json.hpp(4111,20): note: in instantiation of member function 'nlohmann::basic_json<>::basic_json' requested here
[build]  4111 |         basic_json result;
[build]       |                    ^
[build] C:\Users\pperv\code\unnamed_rpg\vendor\json\include\nlohmann/json.hpp(5294,28): note: in instantiation of function template specialization 'nlohmann::basic_json<>::parse<const char *, const char *, 0>' requested here
[build]  5294 |     return nlohmann::json::parse(s, s + n);
[build]       |                            ^
[build] C:\Users\pperv\code\unnamed_rpg\vendor\json\include\nlohmann/json.hpp(613,36): warning: range-based for loop is incompatible with C++98 [-Wc++98-compat]
[build]   613 |                     for (auto&& it : *object)
[build]       |                                    ^
[build] C:\Users\pperv\code\unnamed_rpg\vendor\json\include\nlohmann/json.hpp(635,34): warning: rvalue references are incompatible with C++98 [-Wc++98-compat]
[build]   635 |                         for (auto&& it : *current_item.m_data.m_value.object)
[build]       |                                  ^
[build] C:\Users\pperv\code\unnamed_rpg\vendor\json\include\nlohmann/json.hpp(635,30): warning: 'auto' type specifier is incompatible with C++98 [-Wc++98-compat]
[build]   635 |                         for (auto&& it : *current_item.m_data.m_value.object)
[build]       |                              ^~~~
[build] C:\Users\pperv\code\unnamed_rpg\vendor\json\include\nlohmann/json.hpp(635,40): warning: range-based for loop is incompatible with C++98 [-Wc++98-compat]
[build]   635 |                         for (auto&& it : *current_item.m_data.m_value.object)
[build]       |                                        ^
[build] C:\Users\pperv\code\unnamed_rpg\vendor\json\include\nlohmann/json.hpp(653,43): warning: 'decltype' type specifier is incompatible with C++98 [-Wc++98-compat]
[build]   653 |                     std::allocator_traits<decltype(alloc)>::destroy(alloc, object);
[build]       |                                           ^
[build] C:\Users\pperv\code\unnamed_rpg\vendor\json\include\nlohmann/json.hpp(654,43): warning: 'decltype' type specifier is incompatible with C++98 [-Wc++98-compat]
[build]   654 |                     std::allocator_traits<decltype(alloc)>::deallocate(alloc, object, 1);
[build]       |                                           ^
[build] C:\Users\pperv\code\unnamed_rpg\vendor\json\include\nlohmann/json.hpp(661,43): warning: 'decltype' type specifier is incompatible with C++98 [-Wc++98-compat]
[build]   661 |                     std::allocator_traits<decltype(alloc)>::destroy(alloc, array);
[build]       |                                           ^
[build] C:\Users\pperv\code\unnamed_rpg\vendor\json\include\nlohmann/json.hpp(662,43): warning: 'decltype' type specifier is incompatible with C++98 [-Wc++98-compat]
[build]   662 |                     std::allocator_traits<decltype(alloc)>::deallocate(alloc, array, 1);
[build]       |                                           ^
[build] C:\Users\pperv\code\unnamed_rpg\vendor\json\include\nlohmann/json.hpp(669,43): warning: 'decltype' type specifier is incompatible with C++98 [-Wc++98-compat]
[build]   669 |                     std::allocator_traits<decltype(alloc)>::destroy(alloc, string);
[build]       |                                           ^
[build] C:\Users\pperv\code\unnamed_rpg\vendor\json\include\nlohmann/json.hpp(670,43): warning: 'decltype' type specifier is incompatible with C++98 [-Wc++98-compat]
[build]   670 |                     std::allocator_traits<decltype(alloc)>::deallocate(alloc, string, 1);
[build]       |                                           ^
[build] C:\Users\pperv\code\unnamed_rpg\vendor\json\include\nlohmann/json.hpp(677,43): warning: 'decltype' type specifier is incompatible with C++98 [-Wc++98-compat]
[build]   677 |                     std::allocator_traits<decltype(alloc)>::destroy(alloc, binary);
[build]       |                                           ^
[build] C:\Users\pperv\code\unnamed_rpg\vendor\json\include\nlohmann/json.hpp(678,43): warning: 'decltype' type specifier is incompatible with C++98 [-Wc++98-compat]
[build]   678 |                     std::allocator_traits<decltype(alloc)>::deallocate(alloc, binary, 1);
[build]       |                                           ^
[build] C:\Users\pperv\code\unnamed_rpg\vendor\json\include\nlohmann/json.hpp(688,17): warning: default label in switch which covers all enumeration values [-Wcovered-switch-default]
[build]   688 |                 default:
[build]       |                 ^
[build] C:\Users\pperv\code\unnamed_rpg\vendor\json\include\nlohmann/json.hpp(590,23): warning: enumeration type in nested name specifier is incompatible with C++98 [-Wc++98-compat]
[build]   590 |                 (t == value_t::object && object == nullptr) ||
[build]       |                       ^
[build] C:\Users\pperv\code\unnamed_rpg\vendor\json\include\nlohmann/json.hpp(4302,21): note: in instantiation of member function 'nlohmann::basic_json<>::json_value::destroy' requested here
[build]  4302 |             m_value.destroy(m_type);
[build]       |                     ^
[build] C:\Users\pperv\code\unnamed_rpg\vendor\json\include\nlohmann/json.hpp(848,5): note: in instantiation of member function 'nlohmann::basic_json<>::data::~data' requested here
[build]   848 |     basic_json(const value_t v)
[build]       |     ^
[build] C:\Users\pperv\code\unnamed_rpg\vendor\json\include\nlohmann/json.hpp(857,11): note: in instantiation of member function 'nlohmann::basic_json<>::basic_json' requested here
[build]   857 |         : basic_json(value_t::null)
[build]       |           ^
[build] C:\Users\pperv\code\unnamed_rpg\vendor\json\include\nlohmann/json.hpp(4111,20): note: in instantiation of member function 'nlohmann::basic_json<>::basic_json' requested here
[build]  4111 |         basic_json result;
[build]       |                    ^
[build] C:\Users\pperv\code\unnamed_rpg\vendor\json\include\nlohmann/json.hpp(5294,28): note: in instantiation of function template specialization 'nlohmann::basic_json<>::parse<const char *, const char *, 0>' requested here
[build]  5294 |     return nlohmann::json::parse(s, s + n);
[build]       |                            ^
[build] C:\Users\pperv\code\unnamed_rpg\vendor\json\include\nlohmann/json.hpp(591,23): warning: enumeration type in nested name specifier is incompatible with C++98 [-Wc++98-compat]
[build]   591 |                 (t == value_t::array && array == nullptr) ||
[build]       |                       ^
[build] C:\Users\pperv\code\unnamed_rpg\vendor\json\include\nlohmann/json.hpp(592,23): warning: enumeration type in nested name specifier is incompatible with C++98 [-Wc++98-compat]
[build]   592 |                 (t == value_t::string && string == nullptr) ||
[build]       |                       ^
[build] C:\Users\pperv\code\unnamed_rpg\vendor\json\include\nlohmann/json.hpp(593,23): warning: enumeration type in nested name specifier is incompatible with C++98 [-Wc++98-compat]
[build]   593 |                 (t == value_t::binary && binary == nullptr)
[build]       |                       ^
[build] C:\Users\pperv\code\unnamed_rpg\vendor\json\include\nlohmann/json.hpp(599,22): warning: enumeration type in nested name specifier is incompatible with C++98 [-Wc++98-compat]
[build]   599 |             if (t == value_t::array || t == value_t::object)
[build]       |                      ^
[build] C:\Users\pperv\code\unnamed_rpg\vendor\json\include\nlohmann/json.hpp(599,45): warning: enumeration type in nested name specifier is incompatible with C++98 [-Wc++98-compat]
[build]   599 |             if (t == value_t::array || t == value_t::object)
[build]       |                                             ^
[build] C:\Users\pperv\code\unnamed_rpg\vendor\json\include\nlohmann/json.hpp(605,26): warning: enumeration type in nested name specifier is incompatible with C++98 [-Wc++98-compat]
[build]   605 |                 if (t == value_t::array)
[build]       |                          ^
[build] C:\Users\pperv\code\unnamed_rpg\vendor\json\include\nlohmann/json.hpp(1432,33): warning: enumeration type in nested name specifier is incompatible with C++98 [-Wc++98-compat]
[build]  1432 |         return m_data.m_type == value_t::array;
[build]       |                                 ^
[build] C:\Users\pperv\code\unnamed_rpg\vendor\json\include\nlohmann/json.hpp(627,38): note: in instantiation of member function 'nlohmann::basic_json<>::is_array' requested here
[build]   627 |                     if (current_item.is_array())
[build]       |                                      ^
[build] C:\Users\pperv\code\unnamed_rpg\vendor\json\include\nlohmann/json.hpp(4302,21): note: in instantiation of member function 'nlohmann::basic_json<>::json_value::destroy' requested here
[build]  4302 |             m_value.destroy(m_type);
[build]       |                     ^
[build] C:\Users\pperv\code\unnamed_rpg\vendor\json\include\nlohmann/json.hpp(848,5): note: in instantiation of member function 'nlohmann::basic_json<>::data::~data' requested here
[build]   848 |     basic_json(const value_t v)
[build]       |     ^
[build] C:\Users\pperv\code\unnamed_rpg\vendor\json\include\nlohmann/json.hpp(857,11): note: in instantiation of member function 'nlohmann::basic_json<>::basic_json' requested here
[build]   857 |         : basic_json(value_t::null)
[build]       |           ^
[build] C:\Users\pperv\code\unnamed_rpg\vendor\json\include\nlohmann/json.hpp(4111,20): note: in instantiation of member function 'nlohmann::basic_json<>::basic_json' requested here
[build]  4111 |         basic_json result;
[build]       |                    ^
[build] C:\Users\pperv\code\unnamed_rpg\vendor\json\include\nlohmann/json.hpp(5294,28): note: in instantiation of function template specialization 'nlohmann::basic_json<>::parse<const char *, const char *, 0>' requested here
[build]  5294 |     return nlohmann::json::parse(s, s + n);
[build]       |                            ^
[build] C:\Users\pperv\code\unnamed_rpg\vendor\json\include\nlohmann/json.hpp(1425,33): warning: enumeration type in nested name specifier is incompatible with C++98 [-Wc++98-compat]
[build]  1425 |         return m_data.m_type == value_t::object;
[build]       |                                 ^
[build] C:\Users\pperv\code\unnamed_rpg\vendor\json\include\nlohmann/json.hpp(633,43): note: in instantiation of member function 'nlohmann::basic_json<>::is_object' requested here
[build]   633 |                     else if (current_item.is_object())
[build]       |                                           ^
[build] C:\Users\pperv\code\unnamed_rpg\vendor\json\include\nlohmann/json.hpp(4302,21): note: in instantiation of member function 'nlohmann::basic_json<>::json_value::destroy' requested here
[build]  4302 |             m_value.destroy(m_type);
[build]       |                     ^
[build] C:\Users\pperv\code\unnamed_rpg\vendor\json\include\nlohmann/json.hpp(848,5): note: in instantiation of member function 'nlohmann::basic_json<>::data::~data' requested here
[build]   848 |     basic_json(const value_t v)
[build]       |     ^
[build] C:\Users\pperv\code\unnamed_rpg\vendor\json\include\nlohmann/json.hpp(857,11): note: in instantiation of member function 'nlohmann::basic_json<>::basic_json' requested here
[build]   857 |         : basic_json(value_t::null)
[build]       |           ^
[build] C:\Users\pperv\code\unnamed_rpg\vendor\json\include\nlohmann/json.hpp(4111,20): note: in instantiation of member function 'nlohmann::basic_json<>::basic_json' requested here
[build]  4111 |         basic_json result;
[build]       |                    ^
[build] C:\Users\pperv\code\unnamed_rpg\vendor\json\include\nlohmann/json.hpp(5294,28): note: in instantiation of function template specialization 'nlohmann::basic_json<>::parse<const char *, const char *, 0>' requested here
[build]  5294 |     return nlohmann::json::parse(s, s + n);
[build]       |                            ^
[build] C:\Users\pperv\code\unnamed_rpg\vendor\json\include\nlohmann/json.hpp(650,22): warning: enumeration type in nested name specifier is incompatible with C++98 [-Wc++98-compat]
[build]   650 |                 case value_t::object:
[build]       |                      ^
[build] C:\Users\pperv\code\unnamed_rpg\vendor\json\include\nlohmann/json.hpp(4302,21): note: in instantiation of member function 'nlohmann::basic_json<>::json_value::destroy' requested here
[build]  4302 |             m_value.destroy(m_type);
[build]       |                     ^
[build] C:\Users\pperv\code\unnamed_rpg\vendor\json\include\nlohmann/json.hpp(848,5): note: in instantiation of member function 'nlohmann::basic_json<>::data::~data' requested here
[build]   848 |     basic_json(const value_t v)
[build]       |     ^
[build] C:\Users\pperv\code\unnamed_rpg\vendor\json\include\nlohmann/json.hpp(857,11): note: in instantiation of member function 'nlohmann::basic_json<>::basic_json' requested here
[build]   857 |         : basic_json(value_t::null)
[build]       |           ^
[build] C:\Users\pperv\code\unnamed_rpg\vendor\json\include\nlohmann/json.hpp(4111,20): note: in instantiation of member function 'nlohmann::basic_json<>::basic_json' requested here
[build]  4111 |         basic_json result;
[build]       |                    ^
[build] C:\Users\pperv\code\unnamed_rpg\vendor\json\include\nlohmann/json.hpp(5294,28): note: in instantiation of function template specialization 'nlohmann::basic_json<>::parse<const char *, const char *, 0>' requested here
[build]  5294 |     return nlohmann::json::parse(s, s + n);
[build]       |                            ^
[build] C:\Users\pperv\code\unnamed_rpg\vendor\json\include\nlohmann/json.hpp(658,22): warning: enumeration type in nested name specifier is incompatible with C++98 [-Wc++98-compat]
[build]   658 |                 case value_t::array:
[build]       |                      ^
[build] C:\Users\pperv\code\unnamed_rpg\vendor\json\include\nlohmann/json.hpp(666,22): warning: enumeration type in nested name specifier is incompatible with C++98 [-Wc++98-compat]
[build]   666 |                 case value_t::string:
[build]       |                      ^
[build] C:\Users\pperv\code\unnamed_rpg\vendor\json\include\nlohmann/json.hpp(674,22): warning: enumeration type in nested name specifier is incompatible with C++98 [-Wc++98-compat]
[build]   674 |                 case value_t::binary:
[build]       |                      ^
[build] C:\Users\pperv\code\unnamed_rpg\vendor\json\include\nlohmann/json.hpp(682,22): warning: enumeration type in nested name specifier is incompatible with C++98 [-Wc++98-compat]
[build]   682 |                 case value_t::null:
[build]       |                      ^
[build] C:\Users\pperv\code\unnamed_rpg\vendor\json\include\nlohmann/json.hpp(683,22): warning: enumeration type in nested name specifier is incompatible with C++98 [-Wc++98-compat]
[build]   683 |                 case value_t::boolean:
[build]       |                      ^
[build] C:\Users\pperv\code\unnamed_rpg\vendor\json\include\nlohmann/json.hpp(684,22): warning: enumeration type in nested name specifier is incompatible with C++98 [-Wc++98-compat]
[build]   684 |                 case value_t::number_integer:
[build]       |                      ^
[build] C:\Users\pperv\code\unnamed_rpg\vendor\json\include\nlohmann/json.hpp(685,22): warning: enumeration type in nested name specifier is incompatible with C++98 [-Wc++98-compat]
[build]   685 |                 case value_t::number_unsigned:
[build]       |                      ^
[build] C:\Users\pperv\code\unnamed_rpg\vendor\json\include\nlohmann/json.hpp(686,22): warning: enumeration type in nested name specifier is incompatible with C++98 [-Wc++98-compat]
[build]   686 |                 case value_t::number_float:
[build]       |                      ^
[build] C:\Users\pperv\code\unnamed_rpg\vendor\json\include\nlohmann/json.hpp(687,22): warning: enumeration type in nested name specifier is incompatible with C++98 [-Wc++98-compat]
[build]   687 |                 case value_t::discarded:
[build]       |                      ^
[build] C:\Users\pperv\code\unnamed_rpg\vendor\json\include\nlohmann/json.hpp(688,17): warning: default label in switch which covers all enumeration values [-Wcovered-switch-default]
[build]   688 |                 default:
[build]       |                 ^
[build] C:\Users\pperv\code\unnamed_rpg\vendor\json\include\nlohmann/json.hpp(717,82): warning: 'nullptr' is incompatible with C++98 [-Wc++98-compat]
[build]   717 |         JSON_ASSERT(m_data.m_type != value_t::object || m_data.m_value.object != nullptr);
[build]       |                                                                                  ^
[build] C:\Users\pperv\code\unnamed_rpg\vendor\json\include\nlohmann/json.hpp(718,80): warning: 'nullptr' is incompatible with C++98 [-Wc++98-compat]
[build]   718 |         JSON_ASSERT(m_data.m_type != value_t::array || m_data.m_value.array != nullptr);
[build]       |                                                                                ^
[build] C:\Users\pperv\code\unnamed_rpg\vendor\json\include\nlohmann/json.hpp(719,82): warning: 'nullptr' is incompatible with C++98 [-Wc++98-compat]
[build]   719 |         JSON_ASSERT(m_data.m_type != value_t::string || m_data.m_value.string != nullptr);
[build]       |                                                                                  ^
[build] C:\Users\pperv\code\unnamed_rpg\vendor\json\include\nlohmann/json.hpp(720,82): warning: 'nullptr' is incompatible with C++98 [-Wc++98-compat]
[build]   720 |         JSON_ASSERT(m_data.m_type != value_t::binary || m_data.m_value.binary != nullptr);
[build]       |                                                                                  ^
[build] C:\Users\pperv\code\unnamed_rpg\vendor\json\include\nlohmann/json.hpp(717,38): warning: enumeration type in nested name specifier is incompatible with C++98 [-Wc++98-compat]
[build]   717 |         JSON_ASSERT(m_data.m_type != value_t::object || m_data.m_value.object != nullptr);
[build]       |                                      ^
[build] C:\Users\pperv\code\unnamed_rpg\vendor\json\include\nlohmann/json.hpp(859,9): note: in instantiation of member function 'nlohmann::basic_json<>::assert_invariant' requested here
[build]   859 |         assert_invariant();
[build]       |         ^
[build] C:\Users\pperv\code\unnamed_rpg\vendor\json\include\nlohmann/json.hpp(4111,20): note: in instantiation of member function 'nlohmann::basic_json<>::basic_json' requested here
[build]  4111 |         basic_json result;
[build]       |                    ^
[build] C:\Users\pperv\code\unnamed_rpg\vendor\json\include\nlohmann/json.hpp(5294,28): note: in instantiation of function template specialization 'nlohmann::basic_json<>::parse<const char *, const char *, 0>' requested here
[build]  5294 |     return nlohmann::json::parse(s, s + n);
[build]       |                            ^
[build] C:\Users\pperv\code\unnamed_rpg\vendor\json\include\nlohmann/json.hpp(718,38): warning: enumeration type in nested name specifier is incompatible with C++98 [-Wc++98-compat]
[build]   718 |         JSON_ASSERT(m_data.m_type != value_t::array || m_data.m_value.array != nullptr);
[build]       |                                      ^
[build] C:\Users\pperv\code\unnamed_rpg\vendor\json\include\nlohmann/json.hpp(719,38): warning: enumeration type in nested name specifier is incompatible with C++98 [-Wc++98-compat]
[build]   719 |         JSON_ASSERT(m_data.m_type != value_t::string || m_data.m_value.string != nullptr);
[build]       |                                      ^
[build] C:\Users\pperv\code\unnamed_rpg\vendor\json\include\nlohmann/json.hpp(720,38): warning: enumeration type in nested name specifier is incompatible with C++98 [-Wc++98-compat]
[build]   720 |         JSON_ASSERT(m_data.m_type != value_t::binary || m_data.m_value.binary != nullptr);
[build]       |                                      ^
[build] In file included from C:\Users\pperv\code\unnamed_rpg\vendor\json-schema-validator\src\json-patch.cpp:1:
[build] In file included from C:\Users\pperv\code\unnamed_rpg\vendor\json-schema-validator\src\json-patch.hpp:3:
[build] In file included from C:\Users\pperv\code\unnamed_rpg\vendor\json\include\nlohmann/json.hpp:50:
[build] In file included from C:\Users\pperv\code\unnamed_rpg\vendor\json\include\nlohmann/detail/input/binary_reader.hpp:28:
[build] C:\Users\pperv\code\unnamed_rpg\vendor\json\include\nlohmann/detail/input/input_adapters.hpp(569,26): warning: alias declarations are incompatible with C++98 [-Wc++98-compat]
[build]   569 |     using factory_type = iterator_input_adapter_factory<IteratorType, SentinelType>;
[build]       |                          ^
[build] In file included from C:\Users\pperv\code\unnamed_rpg\vendor\json-schema-validator\src\json-patch.cpp:1:
[build] In file included from C:\Users\pperv\code\unnamed_rpg\vendor\json-schema-validator\src\json-patch.hpp:3:
[build] In file included from C:\Users\pperv\code\unnamed_rpg\vendor\json\include\nlohmann/json.hpp:53:
[build] C:\Users\pperv\code\unnamed_rpg\vendor\json\include\nlohmann/detail/input/parser.hpp(526,29): warning: enumeration type in nested name specifier is incompatible with C++98 [-Wc++98-compat]
[build]   526 |     token_type last_token = token_type::uninitialized;
[build]       |                             ^
[build] C:\Users\pperv\code\unnamed_rpg\vendor\json\include\nlohmann/detail/input/parser.hpp(71,14): note: in instantiation of default member initializer 'nlohmann::detail::parser<nlohmann::basic_json<>, nlohmann::detail::iterator_input_adapter<const char *>>::last_token' requested here
[build]    71 |     explicit parser(InputAdapterType&& adapter,
[build]       |              ^
[build] C:\Users\pperv\code\unnamed_rpg\vendor\json\include\nlohmann/json.hpp(170,16): note: in instantiation of member function 'nlohmann::detail::parser<nlohmann::basic_json<>, nlohmann::detail::iterator_input_adapter<const char *>>::parser' requested here
[build]   170 |         return ::nlohmann::detail::parser<basic_json, InputAdapterType>(std::move(adapter),
[build]       |                ^
[build] C:\Users\pperv\code\unnamed_rpg\vendor\json\include\nlohmann/json.hpp(4112,9): note: in instantiation of function template specialization 'nlohmann::basic_json<>::parser<nlohmann::detail::iterator_input_adapter<const char *>>' requested here
[build]  4112 |         parser(detail::input_adapter(std::move(first), std::move(last)), std::move(cb), allow_exceptions, ignore_comments, ignore_trailing_commas).parse(true, result); // cppcheck-suppress[accessMoved]
[build]       |         ^
[build] C:\Users\pperv\code\unnamed_rpg\vendor\json\include\nlohmann/json.hpp(5294,28): note: in instantiation of function template specialization 'nlohmann::basic_json<>::parse<const char *, const char *, 0>' requested here
[build]  5294 |     return nlohmann::json::parse(s, s + n);
[build]       |                            ^
[build] In file included from C:\Users\pperv\code\unnamed_rpg\vendor\json-schema-validator\src\json-patch.cpp:1:
[build] In file included from C:\Users\pperv\code\unnamed_rpg\vendor\json-schema-validator\src\json-patch.hpp:3:
[build] In file included from C:\Users\pperv\code\unnamed_rpg\vendor\json\include\nlohmann/json.hpp:50:
[build] In file included from C:\Users\pperv\code\unnamed_rpg\vendor\json\include\nlohmann/detail/input/binary_reader.hpp:29:
[build] In file included from C:\Users\pperv\code\unnamed_rpg\vendor\json\include\nlohmann/detail/input/json_sax.hpp:18:
[build] C:\Users\pperv\code\unnamed_rpg\vendor\json\include\nlohmann/detail/input/lexer.hpp(1730,41): warning: constructor call from initializer list is incompatible with C++98 [-Wc++98-compat]
[build]  1730 |     std::vector<char_type> token_string {};
[build]       |                                         ^~
[build] C:\Users\pperv\code\unnamed_rpg\vendor\json\include\nlohmann/detail/input/lexer.hpp(152,14): note: in instantiation of default member initializer 'nlohmann::detail::lexer<nlohmann::basic_json<>, nlohmann::detail::iterator_input_adapter<const char *>>::token_string' requested here
[build]   152 |     explicit lexer(InputAdapterType&& adapter, bool ignore_comments_ = false) noexcept
[build]       |              ^
[build] C:\Users\pperv\code\unnamed_rpg\vendor\json\include\nlohmann/detail/input/parser.hpp(77,11): note: in instantiation of member function 'nlohmann::detail::lexer<nlohmann::basic_json<>, nlohmann::detail::iterator_input_adapter<const char *>>::lexer' requested here
[build]    77 |         , m_lexer(std::move(adapter), ignore_comments)
[build]       |           ^
[build] C:\Users\pperv\code\unnamed_rpg\vendor\json\include\nlohmann/json.hpp(170,16): note: in instantiation of member function 'nlohmann::detail::parser<nlohmann::basic_json<>, nlohmann::detail::iterator_input_adapter<const char *>>::parser' requested here
[build]   170 |         return ::nlohmann::detail::parser<basic_json, InputAdapterType>(std::move(adapter),
[build]       |                ^
[build] C:\Users\pperv\code\unnamed_rpg\vendor\json\include\nlohmann/json.hpp(4112,9): note: in instantiation of function template specialization 'nlohmann::basic_json<>::parser<nlohmann::detail::iterator_input_adapter<const char *>>' requested here
[build]  4112 |         parser(detail::input_adapter(std::move(first), std::move(last)), std::move(cb), allow_exceptions, ignore_comments, ignore_trailing_commas).parse(true, result); // cppcheck-suppress[accessMoved]
[build]       |         ^
[build] C:\Users\pperv\code\unnamed_rpg\vendor\json\include\nlohmann/json.hpp(5294,28): note: in instantiation of function template specialization 'nlohmann::basic_json<>::parse<const char *, const char *, 0>' requested here
[build]  5294 |     return nlohmann::json::parse(s, s + n);
[build]       |                            ^
[build] In file included from C:\Users\pperv\code\unnamed_rpg\vendor\json-schema-validator\src\json-patch.cpp:1:
[build] In file included from C:\Users\pperv\code\unnamed_rpg\vendor\json-schema-validator\src\json-patch.hpp:3:
[build] In file included from C:\Users\pperv\code\unnamed_rpg\vendor\json\include\nlohmann/json.hpp:50:
[build] In file included from C:\Users\pperv\code\unnamed_rpg\vendor\json\include\nlohmann/detail/input/binary_reader.hpp:29:
[build] In file included from C:\Users\pperv\code\unnamed_rpg\vendor\json\include\nlohmann/detail/input/json_sax.hpp:18:
[build] C:\Users\pperv\code\unnamed_rpg\vendor\json\include\nlohmann/detail/input/lexer.hpp(1743,27): warning: constructor call from initializer list is incompatible with C++98 [-Wc++98-compat]
[build]  1743 |     string_t token_buffer {};
[build]       |                           ^~
[build] C:\Users\pperv\code\unnamed_rpg\vendor\json\include\nlohmann/detail/input/lexer.hpp(152,14): note: in instantiation of default member initializer 'nlohmann::detail::lexer<nlohmann::basic_json<>, nlohmann::detail::iterator_input_adapter<const char *>>::token_buffer' requested here
[build]   152 |     explicit lexer(InputAdapterType&& adapter, bool ignore_comments_ = false) noexcept
[build]       |              ^
[build] C:\Users\pperv\code\unnamed_rpg\vendor\json\include\nlohmann/detail/input/parser.hpp(77,11): note: in instantiation of member function 'nlohmann::detail::lexer<nlohmann::basic_json<>, nlohmann::detail::iterator_input_adapter<const char *>>::lexer' requested here
[build]    77 |         , m_lexer(std::move(adapter), ignore_comments)
[build]       |           ^
[build] C:\Users\pperv\code\unnamed_rpg\vendor\json\include\nlohmann/json.hpp(170,16): note: in instantiation of member function 'nlohmann::detail::parser<nlohmann::basic_json<>, nlohmann::detail::iterator_input_adapter<const char *>>::parser' requested here
[build]   170 |         return ::nlohmann::detail::parser<basic_json, InputAdapterType>(std::move(adapter),
[build]       |                ^
[build] C:\Users\pperv\code\unnamed_rpg\vendor\json\include\nlohmann/json.hpp(4112,9): note: in instantiation of function template specialization 'nlohmann::basic_json<>::parser<nlohmann::detail::iterator_input_adapter<const char *>>' requested here
[build]  4112 |         parser(detail::input_adapter(std::move(first), std::move(last)), std::move(cb), allow_exceptions, ignore_comments, ignore_trailing_commas).parse(true, result); // cppcheck-suppress[accessMoved]
[build]       |         ^
[build] C:\Users\pperv\code\unnamed_rpg\vendor\json\include\nlohmann/json.hpp(5294,28): note: in instantiation of function template specialization 'nlohmann::basic_json<>::parse<const char *, const char *, 0>' requested here
[build]  5294 |     return nlohmann::json::parse(s, s + n);
[build]       |                            ^
[build] In file included from C:\Users\pperv\code\unnamed_rpg\vendor\json-schema-validator\src\json-patch.cpp:1:
[build] In file included from C:\Users\pperv\code\unnamed_rpg\vendor\json-schema-validator\src\json-patch.hpp:3:
[build] In file included from C:\Users\pperv\code\unnamed_rpg\vendor\json\include\nlohmann/json.hpp:50:
[build] In file included from C:\Users\pperv\code\unnamed_rpg\vendor\json\include\nlohmann/detail/input/binary_reader.hpp:29:
[build] In file included from C:\Users\pperv\code\unnamed_rpg\vendor\json\include\nlohmann/detail/input/json_sax.hpp:18:
[build] C:\Users\pperv\code\unnamed_rpg\vendor\json\include\nlohmann/detail/input/lexer.hpp(174,15): warning: 'auto' type specifier is incompatible with C++98 [-Wc++98-compat]
[build]   174 |         const auto* loc = localeconv();
[build]       |               ^~~~
[build] C:\Users\pperv\code\unnamed_rpg\vendor\json\include\nlohmann/detail/input/parser.hpp(77,11): note: in instantiation of member function 'nlohmann::detail::lexer<nlohmann::basic_json<>, nlohmann::detail::iterator_input_adapter<const char *>>::lexer' requested here
[build]    77 |         , m_lexer(std::move(adapter), ignore_comments)
[build]       |           ^
[build] C:\Users\pperv\code\unnamed_rpg\vendor\json\include\nlohmann/json.hpp(170,16): note: in instantiation of member function 'nlohmann::detail::parser<nlohmann::basic_json<>, nlohmann::detail::iterator_input_adapter<const char *>>::parser' requested here
[build]   170 |         return ::nlohmann::detail::parser<basic_json, InputAdapterType>(std::move(adapter),
[build]       |                ^
[build] C:\Users\pperv\code\unnamed_rpg\vendor\json\include\nlohmann/json.hpp(4112,9): note: in instantiation of function template specialization 'nlohmann::basic_json<>::parser<nlohmann::detail::iterator_input_adapter<const char *>>' requested here
[build]  4112 |         parser(detail::input_adapter(std::move(first), std::move(last)), std::move(cb), allow_exceptions, ignore_comments, ignore_trailing_commas).parse(true, result); // cppcheck-suppress[accessMoved]
[build]       |         ^
[build] C:\Users\pperv\code\unnamed_rpg\vendor\json\include\nlohmann/json.hpp(5294,28): note: in instantiation of function template specialization 'nlohmann::basic_json<>::parse<const char *, const char *, 0>' requested here
[build]  5294 |     return nlohmann::json::parse(s, s + n);
[build]       |                            ^
[build] In file included from C:\Users\pperv\code\unnamed_rpg\vendor\json-schema-validator\src\json-patch.cpp:1:
[build] In file included from C:\Users\pperv\code\unnamed_rpg\vendor\json-schema-validator\src\json-patch.hpp:3:
[build] In file included from C:\Users\pperv\code\unnamed_rpg\vendor\json\include\nlohmann/json.hpp:50:
[build] In file included from C:\Users\pperv\code\unnamed_rpg\vendor\json\include\nlohmann/detail/input/binary_reader.hpp:29:
[build] In file included from C:\Users\pperv\code\unnamed_rpg\vendor\json\include\nlohmann/detail/input/json_sax.hpp:18:
[build] C:\Users\pperv\code\unnamed_rpg\vendor\json\include\nlohmann/detail/input/lexer.hpp(175,28): warning: 'nullptr' is incompatible with C++98 [-Wc++98-compat]
[build]   175 |         JSON_ASSERT(loc != nullptr);
[build]       |                            ^
[build] C:\Users\pperv\code\unnamed_rpg\vendor\json\include\nlohmann/detail/input/lexer.hpp(176,39): warning: 'nullptr' is incompatible with C++98 [-Wc++98-compat]
[build]   176 |         return (loc->decimal_point == nullptr) ? '.' : *(loc->decimal_point);
[build]       |                                       ^
[build] C:\Users\pperv\code\unnamed_rpg\vendor\json\include\nlohmann/detail/input/lexer.hpp(1630,20): warning: enumeration type in nested name specifier is incompatible with C++98 [-Wc++98-compat]
[build]  1630 |             return token_type::parse_error;
[build]       |                    ^
[build] C:\Users\pperv\code\unnamed_rpg\vendor\json\include\nlohmann/detail/input/parser.hpp(490,37): note: in instantiation of member function 'nlohmann::detail::lexer<nlohmann::basic_json<>, nlohmann::detail::iterator_input_adapter<const char *>>::scan' requested here
[build]   490 |         return last_token = m_lexer.scan();
[build]       |                                     ^
[build] C:\Users\pperv\code\unnamed_rpg\vendor\json\include\nlohmann/detail/input/parser.hpp(82,9): note: in instantiation of member function 'nlohmann::detail::parser<nlohmann::basic_json<>, nlohmann::detail::iterator_input_adapter<const char *>>::get_token' requested here
[build]    82 |         get_token();
[build]       |         ^
[build] C:\Users\pperv\code\unnamed_rpg\vendor\json\include\nlohmann/json.hpp(170,16): note: in instantiation of member function 'nlohmann::detail::parser<nlohmann::basic_json<>, nlohmann::detail::iterator_input_adapter<const char *>>::parser' requested here
[build]   170 |         return ::nlohmann::detail::parser<basic_json, InputAdapterType>(std::move(adapter),
[build]       |                ^
[build] C:\Users\pperv\code\unnamed_rpg\vendor\json\include\nlohmann/json.hpp(4112,9): note: in instantiation of function template specialization 'nlohmann::basic_json<>::parser<nlohmann::detail::iterator_input_adapter<const char *>>' requested here
[build]  4112 |         parser(detail::input_adapter(std::move(first), std::move(last)), std::move(cb), allow_exceptions, ignore_comments, ignore_trailing_commas).parse(true, result); // cppcheck-suppress[accessMoved]
[build]       |         ^
[build] C:\Users\pperv\code\unnamed_rpg\vendor\json\include\nlohmann/json.hpp(5294,28): note: in instantiation of function template specialization 'nlohmann::basic_json<>::parse<const char *, const char *, 0>' requested here
[build]  5294 |     return nlohmann::json::parse(s, s + n);
[build]       |                            ^
[build] In file included from C:\Users\pperv\code\unnamed_rpg\vendor\json-schema-validator\src\json-patch.cpp:1:
[build] In file included from C:\Users\pperv\code\unnamed_rpg\vendor\json-schema-validator\src\json-patch.hpp:3:
[build] In file included from C:\Users\pperv\code\unnamed_rpg\vendor\json\include\nlohmann/json.hpp:50:
[build] In file included from C:\Users\pperv\code\unnamed_rpg\vendor\json\include\nlohmann/detail/input/binary_reader.hpp:29:
[build] In file included from C:\Users\pperv\code\unnamed_rpg\vendor\json\include\nlohmann/detail/input/json_sax.hpp:18:
[build] C:\Users\pperv\code\unnamed_rpg\vendor\json\include\nlohmann/detail/input/lexer.hpp(1641,24): warning: enumeration type in nested name specifier is incompatible with C++98 [-Wc++98-compat]
[build]  1641 |                 return token_type::parse_error;
[build]       |                        ^
[build] C:\Users\pperv\code\unnamed_rpg\vendor\json\include\nlohmann/detail/input/lexer.hpp(1652,24): warning: enumeration type in nested name specifier is incompatible with C++98 [-Wc++98-compat]
[build]  1652 |                 return token_type::begin_array;
[build]       |                        ^
[build] C:\Users\pperv\code\unnamed_rpg\vendor\json\include\nlohmann/detail/input/lexer.hpp(1654,24): warning: enumeration type in nested name specifier is incompatible with C++98 [-Wc++98-compat]
[build]  1654 |                 return token_type::end_array;
[build]       |                        ^
[build] C:\Users\pperv\code\unnamed_rpg\vendor\json\include\nlohmann/detail/input/lexer.hpp(1656,24): warning: enumeration type in nested name specifier is incompatible with C++98 [-Wc++98-compat]
[build]  1656 |                 return token_type::begin_object;
[build]       |                        ^
[build] C:\Users\pperv\code\unnamed_rpg\vendor\json\include\nlohmann/detail/input/lexer.hpp(1658,24): warning: enumeration type in nested name specifier is incompatible with C++98 [-Wc++98-compat]
[build]  1658 |                 return token_type::end_object;
[build]       |                        ^
[build] C:\Users\pperv\code\unnamed_rpg\vendor\json\include\nlohmann/detail/input/lexer.hpp(1660,24): warning: enumeration type in nested name specifier is incompatible with C++98 [-Wc++98-compat]
[build]  1660 |                 return token_type::name_separator;
[build]       |                        ^
[build] C:\Users\pperv\code\unnamed_rpg\vendor\json\include\nlohmann/detail/input/lexer.hpp(1662,24): warning: enumeration type in nested name specifier is incompatible with C++98 [-Wc++98-compat]
[build]  1662 |                 return token_type::value_separator;
[build]       |                        ^
[build] C:\Users\pperv\code\unnamed_rpg\vendor\json\include\nlohmann/detail/input/lexer.hpp(1668,79): warning: enumeration type in nested name specifier is incompatible with C++98 [-Wc++98-compat]
[build]  1668 |                 return scan_literal(true_literal.data(), true_literal.size(), token_type::literal_true);
[build]       |                                                                               ^
[build] C:\Users\pperv\code\unnamed_rpg\vendor\json\include\nlohmann/detail/input/lexer.hpp(1673,81): warning: enumeration type in nested name specifier is incompatible with C++98 [-Wc++98-compat]
[build]  1673 |                 return scan_literal(false_literal.data(), false_literal.size(), token_type::literal_false);
[build]       |                                                                                 ^
[build] C:\Users\pperv\code\unnamed_rpg\vendor\json\include\nlohmann/detail/input/lexer.hpp(1678,79): warning: enumeration type in nested name specifier is incompatible with C++98 [-Wc++98-compat]
[build]  1678 |                 return scan_literal(null_literal.data(), null_literal.size(), token_type::literal_null);
[build]       |                                                                               ^
[build] C:\Users\pperv\code\unnamed_rpg\vendor\json\include\nlohmann/detail/input/lexer.hpp(1703,24): warning: enumeration type in nested name specifier is incompatible with C++98 [-Wc++98-compat]
[build]  1703 |                 return token_type::end_of_input;
[build]       |                        ^
[build] C:\Users\pperv\code\unnamed_rpg\vendor\json\include\nlohmann/detail/input/lexer.hpp(1708,24): warning: enumeration type in nested name specifier is incompatible with C++98 [-Wc++98-compat]
[build]  1708 |                 return token_type::parse_error;
[build]       |                        ^
[build] C:\Users\pperv\code\unnamed_rpg\vendor\json\include\nlohmann/detail/input/lexer.hpp(1411,70): warning: generalized initializer lists are incompatible with C++98 [-Wc++98-compat]
[build]  1411 |         capture_char(std::integral_constant<bool, lazy_token_string> {});
[build]       |                                                                      ^
[build] In file included from C:\Users\pperv\code\unnamed_rpg\vendor\json-schema-validator\src\json-patch.cpp:1:
[build] In file included from C:\Users\pperv\code\unnamed_rpg\vendor\json-schema-validator\src\json-patch.hpp:3:
[build] In file included from C:\Users\pperv\code\unnamed_rpg\vendor\json\include\nlohmann/json.hpp:50:
[build] In file included from C:\Users\pperv\code\unnamed_rpg\vendor\json\include\nlohmann/detail/input/binary_reader.hpp:28:
[build] C:\Users\pperv\code\unnamed_rpg\vendor\json\include\nlohmann/detail/input/input_adapters.hpp(185,13): warning: 'auto' type specifier is incompatible with C++98 [-Wc++98-compat]
[build]   185 |             auto result = char_traits<char_type>::to_int_type(*current);
[build]       |             ^~~~
[build] C:\Users\pperv\code\unnamed_rpg\vendor\json\include\nlohmann/detail/input/lexer.hpp(1603,13): note: in instantiation of member function 'nlohmann::detail::lexer<nlohmann::basic_json<>, nlohmann::detail::iterator_input_adapter<const char *>>::get' requested here
[build]  1603 |         if (get() == 0xEF)
[build]       |             ^
[build] C:\Users\pperv\code\unnamed_rpg\vendor\json\include\nlohmann/detail/input/lexer.hpp(1627,48): note: in instantiation of member function 'nlohmann::detail::lexer<nlohmann::basic_json<>, nlohmann::detail::iterator_input_adapter<const char *>>::skip_bom' requested here
[build]  1627 |         if (position.chars_read_total == 0 && !skip_bom())
[build]       |                                                ^
[build] C:\Users\pperv\code\unnamed_rpg\vendor\json\include\nlohmann/detail/input/parser.hpp(490,37): note: in instantiation of member function 'nlohmann::detail::lexer<nlohmann::basic_json<>, nlohmann::detail::iterator_input_adapter<const char *>>::scan' requested here
[build]   490 |         return last_token = m_lexer.scan();
[build]       |                                     ^
[build] C:\Users\pperv\code\unnamed_rpg\vendor\json\include\nlohmann/detail/input/parser.hpp(82,9): note: in instantiation of member function 'nlohmann::detail::parser<nlohmann::basic_json<>, nlohmann::detail::iterator_input_adapter<const char *>>::get_token' requested here
[build]    82 |         get_token();
[build]       |         ^
[build] C:\Users\pperv\code\unnamed_rpg\vendor\json\include\nlohmann/json.hpp(170,16): note: in instantiation of member function 'nlohmann::detail::parser<nlohmann::basic_json<>, nlohmann::detail::iterator_input_adapter<const char *>>::parser' requested here
[build]   170 |         return ::nlohmann::detail::parser<basic_json, InputAdapterType>(std::move(adapter),
[build]       |                ^
[build] C:\Users\pperv\code\unnamed_rpg\vendor\json\include\nlohmann/json.hpp(4112,9): note: in instantiation of function template specialization 'nlohmann::basic_json<>::parser<nlohmann::detail::iterator_input_adapter<const char *>>' requested here
[build]  4112 |         parser(detail::input_adapter(std::move(first), std::move(last)), std::move(cb), allow_exceptions, ignore_comments, ignore_trailing_commas).parse(true, result); // cppcheck-suppress[accessMoved]
[build]       |         ^
[build] C:\Users\pperv\code\unnamed_rpg\vendor\json\include\nlohmann/json.hpp(5294,28): note: in instantiation of function template specialization 'nlohmann::basic_json<>::parse<const char *, const char *, 0>' requested here
[build]  5294 |     return nlohmann::json::parse(s, s + n);
[build]       |                            ^
[build] In file included from C:\Users\pperv\code\unnamed_rpg\vendor\json-schema-validator\src\json-patch.cpp:1:
[build] In file included from C:\Users\pperv\code\unnamed_rpg\vendor\json-schema-validator\src\json-patch.hpp:3:
[build] In file included from C:\Users\pperv\code\unnamed_rpg\vendor\json\include\nlohmann/json.hpp:50:
[build] In file included from C:\Users\pperv\code\unnamed_rpg\vendor\json\include\nlohmann/detail/input/binary_reader.hpp:29:
[build] In file included from C:\Users\pperv\code\unnamed_rpg\vendor\json\include\nlohmann/detail/input/json_sax.hpp:18:
[build] C:\Users\pperv\code\unnamed_rpg\vendor\json\include\nlohmann/detail/input/lexer.hpp(1461,72): warning: generalized initializer lists are incompatible with C++98 [-Wc++98-compat]
[build]  1461 |         uncapture_char(std::integral_constant<bool, lazy_token_string> {});
[build]       |                                                                        ^
[build] C:\Users\pperv\code\unnamed_rpg\vendor\json\include\nlohmann/detail/input/lexer.hpp(1344,24): warning: enumeration type in nested name specifier is incompatible with C++98 [-Wc++98-compat]
[build]  1344 |                 return token_type::parse_error;
[build]       |                        ^
[build] C:\Users\pperv\code\unnamed_rpg\vendor\json\include\nlohmann/detail/input/lexer.hpp(1668,24): note: in instantiation of member function 'nlohmann::detail::lexer<nlohmann::basic_json<>, nlohmann::detail::iterator_input_adapter<const char *>>::scan_literal' requested here
[build]  1668 |                 return scan_literal(true_literal.data(), true_literal.size(), token_type::literal_true);
[build]       |                        ^
[build] C:\Users\pperv\code\unnamed_rpg\vendor\json\include\nlohmann/detail/input/parser.hpp(490,37): note: in instantiation of member function 'nlohmann::detail::lexer<nlohmann::basic_json<>, nlohmann::detail::iterator_input_adapter<const char *>>::scan' requested here
[build]   490 |         return last_token = m_lexer.scan();
[build]       |                                     ^
[build] C:\Users\pperv\code\unnamed_rpg\vendor\json\include\nlohmann/detail/input/parser.hpp(82,9): note: in instantiation of member function 'nlohmann::detail::parser<nlohmann::basic_json<>, nlohmann::detail::iterator_input_adapter<const char *>>::get_token' requested here
[build]    82 |         get_token();
[build]       |         ^
[build] C:\Users\pperv\code\unnamed_rpg\vendor\json\include\nlohmann/json.hpp(170,16): note: in instantiation of member function 'nlohmann::detail::parser<nlohmann::basic_json<>, nlohmann::detail::iterator_input_adapter<const char *>>::parser' requested here
[build]   170 |         return ::nlohmann::detail::parser<basic_json, InputAdapterType>(std::move(adapter),
[build]       |                ^
[build] C:\Users\pperv\code\unnamed_rpg\vendor\json\include\nlohmann/json.hpp(4112,9): note: in instantiation of function template specialization 'nlohmann::basic_json<>::parser<nlohmann::detail::iterator_input_adapter<const char *>>' requested here
[build]  4112 |         parser(detail::input_adapter(std::move(first), std::move(last)), std::move(cb), allow_exceptions, ignore_comments, ignore_trailing_commas).parse(true, result); // cppcheck-suppress[accessMoved]
[build]       |         ^
[build] C:\Users\pperv\code\unnamed_rpg\vendor\json\include\nlohmann/json.hpp(5294,28): note: in instantiation of function template specialization 'nlohmann::basic_json<>::parse<const char *, const char *, 0>' requested here
[build]  5294 |     return nlohmann::json::parse(s, s + n);
[build]       |                            ^
[build] In file included from C:\Users\pperv\code\unnamed_rpg\vendor\json-schema-validator\src\json-patch.cpp:1:
[build] In file included from C:\Users\pperv\code\unnamed_rpg\vendor\json-schema-validator\src\json-patch.hpp:3:
[build] In file included from C:\Users\pperv\code\unnamed_rpg\vendor\json\include\nlohmann/json.hpp:50:
[build] In file included from C:\Users\pperv\code\unnamed_rpg\vendor\json\include\nlohmann/detail/input/binary_reader.hpp:29:
[build] In file included from C:\Users\pperv\code\unnamed_rpg\vendor\json\include\nlohmann/detail/input/json_sax.hpp:18:
[build] C:\Users\pperv\code\unnamed_rpg\vendor\json\include\nlohmann/detail/input/lexer.hpp(776,66): warning: generalized initializer lists are incompatible with C++98 [-Wc++98-compat]
[build]   776 |                     if (JSON_HEDLEY_UNLIKELY(!next_byte_in_range({0x80, 0xBF})))
[build]       |                                                                  ^
[build] C:\Users\pperv\code\unnamed_rpg\vendor\json\include\nlohmann/detail/input/lexer.hpp(786,67): warning: generalized initializer lists are incompatible with C++98 [-Wc++98-compat]
[build]   786 |                     if (JSON_HEDLEY_UNLIKELY(!(next_byte_in_range({0xA0, 0xBF, 0x80, 0xBF}))))
[build]       |                                                                   ^
[build] C:\Users\pperv\code\unnamed_rpg\vendor\json\include\nlohmann/detail/input/lexer.hpp(810,67): warning: generalized initializer lists are incompatible with C++98 [-Wc++98-compat]
[build]   810 |                     if (JSON_HEDLEY_UNLIKELY(!(next_byte_in_range({0x80, 0xBF, 0x80, 0xBF}))))
[build]       |                                                                   ^
[build] C:\Users\pperv\code\unnamed_rpg\vendor\json\include\nlohmann/detail/input/lexer.hpp(820,67): warning: generalized initializer lists are incompatible with C++98 [-Wc++98-compat]
[build]   820 |                     if (JSON_HEDLEY_UNLIKELY(!(next_byte_in_range({0x80, 0x9F, 0x80, 0xBF}))))
[build]       |                                                                   ^
[build] C:\Users\pperv\code\unnamed_rpg\vendor\json\include\nlohmann/detail/input/lexer.hpp(830,67): warning: generalized initializer lists are incompatible with C++98 [-Wc++98-compat]
[build]   830 |                     if (JSON_HEDLEY_UNLIKELY(!(next_byte_in_range({0x90, 0xBF, 0x80, 0xBF, 0x80, 0xBF}))))
[build]       |                                                                   ^
[build] C:\Users\pperv\code\unnamed_rpg\vendor\json\include\nlohmann/detail/input/lexer.hpp(842,67): warning: generalized initializer lists are incompatible with C++98 [-Wc++98-compat]
[build]   842 |                     if (JSON_HEDLEY_UNLIKELY(!(next_byte_in_range({0x80, 0xBF, 0x80, 0xBF, 0x80, 0xBF}))))
[build]       |                                                                   ^
[build] C:\Users\pperv\code\unnamed_rpg\vendor\json\include\nlohmann/detail/input/lexer.hpp(852,67): warning: generalized initializer lists are incompatible with C++98 [-Wc++98-compat]
[build]   852 |                     if (JSON_HEDLEY_UNLIKELY(!(next_byte_in_range({0x80, 0x8F, 0x80, 0xBF, 0x80, 0xBF}))))
[build]       |                                                                   ^
[build] C:\Users\pperv\code\unnamed_rpg\vendor\json\include\nlohmann/detail/input/lexer.hpp(300,28): warning: enumeration type in nested name specifier is incompatible with C++98 [-Wc++98-compat]
[build]   300 |                     return token_type::parse_error;
[build]       |                            ^
[build] C:\Users\pperv\code\unnamed_rpg\vendor\json\include\nlohmann/detail/input/lexer.hpp(1683,24): note: in instantiation of member function 'nlohmann::detail::lexer<nlohmann::basic_json<>, nlohmann::detail::iterator_input_adapter<const char *>>::scan_string' requested here
[build]  1683 |                 return scan_string();
[build]       |                        ^
[build] C:\Users\pperv\code\unnamed_rpg\vendor\json\include\nlohmann/detail/input/parser.hpp(490,37): note: in instantiation of member function 'nlohmann::detail::lexer<nlohmann::basic_json<>, nlohmann::detail::iterator_input_adapter<const char *>>::scan' requested here
[build]   490 |         return last_token = m_lexer.scan();
[build]       |                                     ^
[build] C:\Users\pperv\code\unnamed_rpg\vendor\json\include\nlohmann/detail/input/parser.hpp(82,9): note: in instantiation of member function 'nlohmann::detail::parser<nlohmann::basic_json<>, nlohmann::detail::iterator_input_adapter<const char *>>::get_token' requested here
[build]    82 |         get_token();
[build]       |         ^
[build] C:\Users\pperv\code\unnamed_rpg\vendor\json\include\nlohmann/json.hpp(170,16): note: in instantiation of member function 'nlohmann::detail::parser<nlohmann::basic_json<>, nlohmann::detail::iterator_input_adapter<const char *>>::parser' requested here
[build]   170 |         return ::nlohmann::detail::parser<basic_json, InputAdapterType>(std::move(adapter),
[build]       |                ^
[build] C:\Users\pperv\code\unnamed_rpg\vendor\json\include\nlohmann/json.hpp(4112,9): note: in instantiation of function template specialization 'nlohmann::basic_json<>::parser<nlohmann::detail::iterator_input_adapter<const char *>>' requested here
[build]  4112 |         parser(detail::input_adapter(std::move(first), std::move(last)), std::move(cb), allow_exceptions, ignore_comments, ignore_trailing_commas).parse(true, result); // cppcheck-suppress[accessMoved]
[build]       |         ^
[build] C:\Users\pperv\code\unnamed_rpg\vendor\json\include\nlohmann/json.hpp(5294,28): note: in instantiation of function template specialization 'nlohmann::basic_json<>::parse<const char *, const char *, 0>' requested here
[build]  5294 |     return nlohmann::json::parse(s, s + n);
[build]       |                            ^
[build] In file included from C:\Users\pperv\code\unnamed_rpg\vendor\json-schema-validator\src\json-patch.cpp:1:
[build] In file included from C:\Users\pperv\code\unnamed_rpg\vendor\json-schema-validator\src\json-patch.hpp:3:
[build] In file included from C:\Users\pperv\code\unnamed_rpg\vendor\json\include\nlohmann/json.hpp:50:
[build] In file included from C:\Users\pperv\code\unnamed_rpg\vendor\json\include\nlohmann/detail/input/binary_reader.hpp:29:
[build] In file included from C:\Users\pperv\code\unnamed_rpg\vendor\json\include\nlohmann/detail/input/json_sax.hpp:18:
[build] C:\Users\pperv\code\unnamed_rpg\vendor\json\include\nlohmann/detail/input/lexer.hpp(306,28): warning: enumeration type in nested name specifier is incompatible with C++98 [-Wc++98-compat]
[build]   306 |                     return token_type::value_string;
[build]       |                            ^
[build] C:\Users\pperv\code\unnamed_rpg\vendor\json\include\nlohmann/detail/input/lexer.hpp(356,40): warning: enumeration type in nested name specifier is incompatible with C++98 [-Wc++98-compat]
[build]   356 |                                 return token_type::parse_error;
[build]       |                                        ^
[build] C:\Users\pperv\code\unnamed_rpg\vendor\json\include\nlohmann/detail/input/lexer.hpp(370,48): warning: enumeration type in nested name specifier is incompatible with C++98 [-Wc++98-compat]
[build]   370 |                                         return token_type::parse_error;
[build]       |                                                ^
[build] C:\Users\pperv\code\unnamed_rpg\vendor\json\include\nlohmann/detail/input/lexer.hpp(390,48): warning: enumeration type in nested name specifier is incompatible with C++98 [-Wc++98-compat]
[build]   390 |                                         return token_type::parse_error;
[build]       |                                                ^
[build] C:\Users\pperv\code\unnamed_rpg\vendor\json\include\nlohmann/detail/input/lexer.hpp(396,44): warning: enumeration type in nested name specifier is incompatible with C++98 [-Wc++98-compat]
[build]   396 |                                     return token_type::parse_error;
[build]       |                                            ^
[build] C:\Users\pperv\code\unnamed_rpg\vendor\json\include\nlohmann/detail/input/lexer.hpp(404,44): warning: enumeration type in nested name specifier is incompatible with C++98 [-Wc++98-compat]
[build]   404 |                                     return token_type::parse_error;
[build]       |                                            ^
[build] C:\Users\pperv\code\unnamed_rpg\vendor\json\include\nlohmann/detail/input/lexer.hpp(445,36): warning: enumeration type in nested name specifier is incompatible with C++98 [-Wc++98-compat]
[build]   445 |                             return token_type::parse_error;
[build]       |                                    ^
[build] C:\Users\pperv\code\unnamed_rpg\vendor\json\include\nlohmann/detail/input/lexer.hpp(455,28): warning: enumeration type in nested name specifier is incompatible with C++98 [-Wc++98-compat]
[build]   455 |                     return token_type::parse_error;
[build]       |                            ^
[build] C:\Users\pperv\code\unnamed_rpg\vendor\json\include\nlohmann/detail/input/lexer.hpp(461,28): warning: enumeration type in nested name specifier is incompatible with C++98 [-Wc++98-compat]
[build]   461 |                     return token_type::parse_error;
[build]       |                            ^
[build] C:\Users\pperv\code\unnamed_rpg\vendor\json\include\nlohmann/detail/input/lexer.hpp(467,28): warning: enumeration type in nested name specifier is incompatible with C++98 [-Wc++98-compat]
[build]   467 |                     return token_type::parse_error;
[build]       |                            ^
[build] C:\Users\pperv\code\unnamed_rpg\vendor\json\include\nlohmann/detail/input/lexer.hpp(473,28): warning: enumeration type in nested name specifier is incompatible with C++98 [-Wc++98-compat]
[build]   473 |                     return token_type::parse_error;
[build]       |                            ^
[build] C:\Users\pperv\code\unnamed_rpg\vendor\json\include\nlohmann/detail/input/lexer.hpp(479,28): warning: enumeration type in nested name specifier is incompatible with C++98 [-Wc++98-compat]
[build]   479 |                     return token_type::parse_error;
[build]       |                            ^
[build] C:\Users\pperv\code\unnamed_rpg\vendor\json\include\nlohmann/detail/input/lexer.hpp(485,28): warning: enumeration type in nested name specifier is incompatible with C++98 [-Wc++98-compat]
[build]   485 |                     return token_type::parse_error;
[build]       |                            ^
[build] C:\Users\pperv\code\unnamed_rpg\vendor\json\include\nlohmann/detail/input/lexer.hpp(491,28): warning: enumeration type in nested name specifier is incompatible with C++98 [-Wc++98-compat]
[build]   491 |                     return token_type::parse_error;
[build]       |                            ^
[build] C:\Users\pperv\code\unnamed_rpg\vendor\json\include\nlohmann/detail/input/lexer.hpp(497,28): warning: enumeration type in nested name specifier is incompatible with C++98 [-Wc++98-compat]
[build]   497 |                     return token_type::parse_error;
[build]       |                            ^
[build] C:\Users\pperv\code\unnamed_rpg\vendor\json\include\nlohmann/detail/input/lexer.hpp(503,28): warning: enumeration type in nested name specifier is incompatible with C++98 [-Wc++98-compat]
[build]   503 |                     return token_type::parse_error;
[build]       |                            ^
[build] C:\Users\pperv\code\unnamed_rpg\vendor\json\include\nlohmann/detail/input/lexer.hpp(509,28): warning: enumeration type in nested name specifier is incompatible with C++98 [-Wc++98-compat]
[build]   509 |                     return token_type::parse_error;
[build]       |                            ^
[build] C:\Users\pperv\code\unnamed_rpg\vendor\json\include\nlohmann/detail/input/lexer.hpp(515,28): warning: enumeration type in nested name specifier is incompatible with C++98 [-Wc++98-compat]
[build]   515 |                     return token_type::parse_error;
[build]       |                            ^
[build] C:\Users\pperv\code\unnamed_rpg\vendor\json\include\nlohmann/detail/input/lexer.hpp(521,28): warning: enumeration type in nested name specifier is incompatible with C++98 [-Wc++98-compat]
[build]   521 |                     return token_type::parse_error;
[build]       |                            ^
[build] C:\Users\pperv\code\unnamed_rpg\vendor\json\include\nlohmann/detail/input/lexer.hpp(527,28): warning: enumeration type in nested name specifier is incompatible with C++98 [-Wc++98-compat]
[build]   527 |                     return token_type::parse_error;
[build]       |                            ^
[build] C:\Users\pperv\code\unnamed_rpg\vendor\json\include\nlohmann/detail/input/lexer.hpp(533,28): warning: enumeration type in nested name specifier is incompatible with C++98 [-Wc++98-compat]
[build]   533 |                     return token_type::parse_error;
[build]       |                            ^
[build] C:\Users\pperv\code\unnamed_rpg\vendor\json\include\nlohmann/detail/input/lexer.hpp(539,28): warning: enumeration type in nested name specifier is incompatible with C++98 [-Wc++98-compat]
[build]   539 |                     return token_type::parse_error;
[build]       |                            ^
[build] C:\Users\pperv\code\unnamed_rpg\vendor\json\include\nlohmann/detail/input/lexer.hpp(545,28): warning: enumeration type in nested name specifier is incompatible with C++98 [-Wc++98-compat]
[build]   545 |                     return token_type::parse_error;
[build]       |                            ^
[build] C:\Users\pperv\code\unnamed_rpg\vendor\json\include\nlohmann/detail/input/lexer.hpp(551,28): warning: enumeration type in nested name specifier is incompatible with C++98 [-Wc++98-compat]
[build]   551 |                     return token_type::parse_error;
[build]       |                            ^
[build] C:\Users\pperv\code\unnamed_rpg\vendor\json\include\nlohmann/detail/input/lexer.hpp(557,28): warning: enumeration type in nested name specifier is incompatible with C++98 [-Wc++98-compat]
[build]   557 |                     return token_type::parse_error;
[build]       |                            ^
[build] C:\Users\pperv\code\unnamed_rpg\vendor\json\include\nlohmann/detail/input/lexer.hpp(563,28): warning: enumeration type in nested name specifier is incompatible with C++98 [-Wc++98-compat]
[build]   563 |                     return token_type::parse_error;
[build]       |                            ^
[build] C:\Users\pperv\code\unnamed_rpg\vendor\json\include\nlohmann/detail/input/lexer.hpp(569,28): warning: enumeration type in nested name specifier is incompatible with C++98 [-Wc++98-compat]
[build]   569 |                     return token_type::parse_error;
[build]       |                            ^
[build] C:\Users\pperv\code\unnamed_rpg\vendor\json\include\nlohmann/detail/input/lexer.hpp(575,28): warning: enumeration type in nested name specifier is incompatible with C++98 [-Wc++98-compat]
[build]   575 |                     return token_type::parse_error;
[build]       |                            ^
[build] C:\Users\pperv\code\unnamed_rpg\vendor\json\include\nlohmann/detail/input/lexer.hpp(581,28): warning: enumeration type in nested name specifier is incompatible with C++98 [-Wc++98-compat]
[build]   581 |                     return token_type::parse_error;
[build]       |                            ^
[build] C:\Users\pperv\code\unnamed_rpg\vendor\json\include\nlohmann/detail/input/lexer.hpp(587,28): warning: enumeration type in nested name specifier is incompatible with C++98 [-Wc++98-compat]
[build]   587 |                     return token_type::parse_error;
[build]       |                            ^
[build] C:\Users\pperv\code\unnamed_rpg\vendor\json\include\nlohmann/detail/input/lexer.hpp(593,28): warning: enumeration type in nested name specifier is incompatible with C++98 [-Wc++98-compat]
[build]   593 |                     return token_type::parse_error;
[build]       |                            ^
[build] C:\Users\pperv\code\unnamed_rpg\vendor\json\include\nlohmann/detail/input/lexer.hpp(599,28): warning: enumeration type in nested name specifier is incompatible with C++98 [-Wc++98-compat]
[build]   599 |                     return token_type::parse_error;
[build]       |                            ^
[build] C:\Users\pperv\code\unnamed_rpg\vendor\json\include\nlohmann/detail/input/lexer.hpp(605,28): warning: enumeration type in nested name specifier is incompatible with C++98 [-Wc++98-compat]
[build]   605 |                     return token_type::parse_error;
[build]       |                            ^
[build] C:\Users\pperv\code\unnamed_rpg\vendor\json\include\nlohmann/detail/input/lexer.hpp(611,28): warning: enumeration type in nested name specifier is incompatible with C++98 [-Wc++98-compat]
[build]   611 |                     return token_type::parse_error;
[build]       |                            ^
[build] C:\Users\pperv\code\unnamed_rpg\vendor\json\include\nlohmann/detail/input/lexer.hpp(617,28): warning: enumeration type in nested name specifier is incompatible with C++98 [-Wc++98-compat]
[build]   617 |                     return token_type::parse_error;
[build]       |                            ^
[build] C:\Users\pperv\code\unnamed_rpg\vendor\json\include\nlohmann/detail/input/lexer.hpp(623,28): warning: enumeration type in nested name specifier is incompatible with C++98 [-Wc++98-compat]
[build]   623 |                     return token_type::parse_error;
[build]       |                            ^
[build] C:\Users\pperv\code\unnamed_rpg\vendor\json\include\nlohmann/detail/input/lexer.hpp(629,28): warning: enumeration type in nested name specifier is incompatible with C++98 [-Wc++98-compat]
[build]   629 |                     return token_type::parse_error;
[build]       |                            ^
[build] C:\Users\pperv\code\unnamed_rpg\vendor\json\include\nlohmann/detail/input/lexer.hpp(635,28): warning: enumeration type in nested name specifier is incompatible with C++98 [-Wc++98-compat]
[build]   635 |                     return token_type::parse_error;
[build]       |                            ^
[build] C:\Users\pperv\code\unnamed_rpg\vendor\json\include\nlohmann/detail/input/lexer.hpp(641,28): warning: enumeration type in nested name specifier is incompatible with C++98 [-Wc++98-compat]
[build]   641 |                     return token_type::parse_error;
[build]       |                            ^
[build] C:\Users\pperv\code\unnamed_rpg\vendor\json\include\nlohmann/detail/input/lexer.hpp(776,66): warning: initialization of initializer_list object is incompatible with C++98 [-Wc++98-compat]
[build]   776 |                     if (JSON_HEDLEY_UNLIKELY(!next_byte_in_range({0x80, 0xBF})))
[build]       |                                                                  ^~~~~~~~~~~~
[build] C:\Users\pperv\code\unnamed_rpg\vendor\json\include\nlohmann/thirdparty/hedley/hedley.hpp(1360,94): note: expanded from macro 'JSON_HEDLEY_UNLIKELY'
[build]  1360 | #  define JSON_HEDLEY_UNLIKELY(expr)                    __builtin_expect                 (!!(expr),    0                  )
[build]       |                                                                                              ^~~~
[build] In file included from C:\Users\pperv\code\unnamed_rpg\vendor\json-schema-validator\src\json-patch.cpp:1:
[build] In file included from C:\Users\pperv\code\unnamed_rpg\vendor\json-schema-validator\src\json-patch.hpp:3:
[build] In file included from C:\Users\pperv\code\unnamed_rpg\vendor\json\include\nlohmann/json.hpp:50:
[build] In file included from C:\Users\pperv\code\unnamed_rpg\vendor\json\include\nlohmann/detail/input/binary_reader.hpp:29:
[build] In file included from C:\Users\pperv\code\unnamed_rpg\vendor\json\include\nlohmann/detail/input/json_sax.hpp:18:
[build] C:\Users\pperv\code\unnamed_rpg\vendor\json\include\nlohmann/detail/input/lexer.hpp(778,32): warning: enumeration type in nested name specifier is incompatible with C++98 [-Wc++98-compat]
[build]   778 |                         return token_type::parse_error;
[build]       |                                ^
[build] C:\Users\pperv\code\unnamed_rpg\vendor\json\include\nlohmann/detail/input/lexer.hpp(786,67): warning: initialization of initializer_list object is incompatible with C++98 [-Wc++98-compat]
[build]   786 |                     if (JSON_HEDLEY_UNLIKELY(!(next_byte_in_range({0xA0, 0xBF, 0x80, 0xBF}))))
[build]       |                                                                   ^~~~~~~~~~~~~~~~~~~~~~~~
[build] C:\Users\pperv\code\unnamed_rpg\vendor\json\include\nlohmann/thirdparty/hedley/hedley.hpp(1360,94): note: expanded from macro 'JSON_HEDLEY_UNLIKELY'
[build]  1360 | #  define JSON_HEDLEY_UNLIKELY(expr)                    __builtin_expect                 (!!(expr),    0                  )
[build]       |                                                                                              ^~~~
[build] In file included from C:\Users\pperv\code\unnamed_rpg\vendor\json-schema-validator\src\json-patch.cpp:1:
[build] In file included from C:\Users\pperv\code\unnamed_rpg\vendor\json-schema-validator\src\json-patch.hpp:3:
[build] In file included from C:\Users\pperv\code\unnamed_rpg\vendor\json\include\nlohmann/json.hpp:50:
[build] In file included from C:\Users\pperv\code\unnamed_rpg\vendor\json\include\nlohmann/detail/input/binary_reader.hpp:29:
[build] In file included from C:\Users\pperv\code\unnamed_rpg\vendor\json\include\nlohmann/detail/input/json_sax.hpp:18:
[build] C:\Users\pperv\code\unnamed_rpg\vendor\json\include\nlohmann/detail/input/lexer.hpp(788,32): warning: enumeration type in nested name specifier is incompatible with C++98 [-Wc++98-compat]
[build]   788 |                         return token_type::parse_error;
[build]       |                                ^
[build] C:\Users\pperv\code\unnamed_rpg\vendor\json\include\nlohmann/detail/input/lexer.hpp(810,67): warning: initialization of initializer_list object is incompatible with C++98 [-Wc++98-compat]
[build]   810 |                     if (JSON_HEDLEY_UNLIKELY(!(next_byte_in_range({0x80, 0xBF, 0x80, 0xBF}))))
[build]       |                                                                   ^~~~~~~~~~~~~~~~~~~~~~~~
[build] C:\Users\pperv\code\unnamed_rpg\vendor\json\include\nlohmann/thirdparty/hedley/hedley.hpp(1360,94): note: expanded from macro 'JSON_HEDLEY_UNLIKELY'
[build]  1360 | #  define JSON_HEDLEY_UNLIKELY(expr)                    __builtin_expect                 (!!(expr),    0                  )
[build]       |                                                                                              ^~~~
[build] In file included from C:\Users\pperv\code\unnamed_rpg\vendor\json-schema-validator\src\json-patch.cpp:1:
[build] In file included from C:\Users\pperv\code\unnamed_rpg\vendor\json-schema-validator\src\json-patch.hpp:3:
[build] In file included from C:\Users\pperv\code\unnamed_rpg\vendor\json\include\nlohmann/json.hpp:50:
[build] In file included from C:\Users\pperv\code\unnamed_rpg\vendor\json\include\nlohmann/detail/input/binary_reader.hpp:29:
[build] In file included from C:\Users\pperv\code\unnamed_rpg\vendor\json\include\nlohmann/detail/input/json_sax.hpp:18:
[build] C:\Users\pperv\code\unnamed_rpg\vendor\json\include\nlohmann/detail/input/lexer.hpp(812,32): warning: enumeration type in nested name specifier is incompatible with C++98 [-Wc++98-compat]
[build]   812 |                         return token_type::parse_error;
[build]       |                                ^
[build] C:\Users\pperv\code\unnamed_rpg\vendor\json\include\nlohmann/detail/input/lexer.hpp(820,67): warning: initialization of initializer_list object is incompatible with C++98 [-Wc++98-compat]
[build]   820 |                     if (JSON_HEDLEY_UNLIKELY(!(next_byte_in_range({0x80, 0x9F, 0x80, 0xBF}))))
[build]       |                                                                   ^~~~~~~~~~~~~~~~~~~~~~~~
[build] C:\Users\pperv\code\unnamed_rpg\vendor\json\include\nlohmann/thirdparty/hedley/hedley.hpp(1360,94): note: expanded from macro 'JSON_HEDLEY_UNLIKELY'
[build]  1360 | #  define JSON_HEDLEY_UNLIKELY(expr)                    __builtin_expect                 (!!(expr),    0                  )
[build]       |                                                                                              ^~~~
[build] In file included from C:\Users\pperv\code\unnamed_rpg\vendor\json-schema-validator\src\json-patch.cpp:1:
[build] In file included from C:\Users\pperv\code\unnamed_rpg\vendor\json-schema-validator\src\json-patch.hpp:3:
[build] In file included from C:\Users\pperv\code\unnamed_rpg\vendor\json\include\nlohmann/json.hpp:50:
[build] In file included from C:\Users\pperv\code\unnamed_rpg\vendor\json\include\nlohmann/detail/input/binary_reader.hpp:29:
[build] In file included from C:\Users\pperv\code\unnamed_rpg\vendor\json\include\nlohmann/detail/input/json_sax.hpp:18:
[build] C:\Users\pperv\code\unnamed_rpg\vendor\json\include\nlohmann/detail/input/lexer.hpp(822,32): warning: enumeration type in nested name specifier is incompatible with C++98 [-Wc++98-compat]
[build]   822 |                         return token_type::parse_error;
[build]       |                                ^
[build] C:\Users\pperv\code\unnamed_rpg\vendor\json\include\nlohmann/detail/input/lexer.hpp(830,67): warning: initialization of initializer_list object is incompatible with C++98 [-Wc++98-compat]
[build]   830 |                     if (JSON_HEDLEY_UNLIKELY(!(next_byte_in_range({0x90, 0xBF, 0x80, 0xBF, 0x80, 0xBF}))))
[build]       |                                                                   ^~~~~~~~~~~~~~~~~~~~~~~~~~~~~~~~~~~~
[build] C:\Users\pperv\code\unnamed_rpg\vendor\json\include\nlohmann/thirdparty/hedley/hedley.hpp(1360,94): note: expanded from macro 'JSON_HEDLEY_UNLIKELY'
[build]  1360 | #  define JSON_HEDLEY_UNLIKELY(expr)                    __builtin_expect                 (!!(expr),    0                  )
[build]       |                                                                                              ^~~~
[build] In file included from C:\Users\pperv\code\unnamed_rpg\vendor\json-schema-validator\src\json-patch.cpp:1:
[build] In file included from C:\Users\pperv\code\unnamed_rpg\vendor\json-schema-validator\src\json-patch.hpp:3:
[build] In file included from C:\Users\pperv\code\unnamed_rpg\vendor\json\include\nlohmann/json.hpp:50:
[build] In file included from C:\Users\pperv\code\unnamed_rpg\vendor\json\include\nlohmann/detail/input/binary_reader.hpp:29:
[build] In file included from C:\Users\pperv\code\unnamed_rpg\vendor\json\include\nlohmann/detail/input/json_sax.hpp:18:
[build] C:\Users\pperv\code\unnamed_rpg\vendor\json\include\nlohmann/detail/input/lexer.hpp(832,32): warning: enumeration type in nested name specifier is incompatible with C++98 [-Wc++98-compat]
[build]   832 |                         return token_type::parse_error;
[build]       |                                ^
[build] C:\Users\pperv\code\unnamed_rpg\vendor\json\include\nlohmann/detail/input/lexer.hpp(842,67): warning: initialization of initializer_list object is incompatible with C++98 [-Wc++98-compat]
[build]   842 |                     if (JSON_HEDLEY_UNLIKELY(!(next_byte_in_range({0x80, 0xBF, 0x80, 0xBF, 0x80, 0xBF}))))
[build]       |                                                                   ^~~~~~~~~~~~~~~~~~~~~~~~~~~~~~~~~~~~
[build] C:\Users\pperv\code\unnamed_rpg\vendor\json\include\nlohmann/thirdparty/hedley/hedley.hpp(1360,94): note: expanded from macro 'JSON_HEDLEY_UNLIKELY'
[build]  1360 | #  define JSON_HEDLEY_UNLIKELY(expr)                    __builtin_expect                 (!!(expr),    0                  )
[build]       |                                                                                              ^~~~
[build] In file included from C:\Users\pperv\code\unnamed_rpg\vendor\json-schema-validator\src\json-patch.cpp:1:
[build] In file included from C:\Users\pperv\code\unnamed_rpg\vendor\json-schema-validator\src\json-patch.hpp:3:
[build] In file included from C:\Users\pperv\code\unnamed_rpg\vendor\json\include\nlohmann/json.hpp:50:
[build] In file included from C:\Users\pperv\code\unnamed_rpg\vendor\json\include\nlohmann/detail/input/binary_reader.hpp:29:
[build] In file included from C:\Users\pperv\code\unnamed_rpg\vendor\json\include\nlohmann/detail/input/json_sax.hpp:18:
[build] C:\Users\pperv\code\unnamed_rpg\vendor\json\include\nlohmann/detail/input/lexer.hpp(844,32): warning: enumeration type in nested name specifier is incompatible with C++98 [-Wc++98-compat]
[build]   844 |                         return token_type::parse_error;
[build]       |                                ^
[build] C:\Users\pperv\code\unnamed_rpg\vendor\json\include\nlohmann/detail/input/lexer.hpp(852,67): warning: initialization of initializer_list object is incompatible with C++98 [-Wc++98-compat]
[build]   852 |                     if (JSON_HEDLEY_UNLIKELY(!(next_byte_in_range({0x80, 0x8F, 0x80, 0xBF, 0x80, 0xBF}))))
[build]       |                                                                   ^~~~~~~~~~~~~~~~~~~~~~~~~~~~~~~~~~~~
[build] C:\Users\pperv\code\unnamed_rpg\vendor\json\include\nlohmann/thirdparty/hedley/hedley.hpp(1360,94): note: expanded from macro 'JSON_HEDLEY_UNLIKELY'
[build]  1360 | #  define JSON_HEDLEY_UNLIKELY(expr)                    __builtin_expect                 (!!(expr),    0                  )
[build]       |                                                                                              ^~~~
[build] In file included from C:\Users\pperv\code\unnamed_rpg\vendor\json-schema-validator\src\json-patch.cpp:1:
[build] In file included from C:\Users\pperv\code\unnamed_rpg\vendor\json-schema-validator\src\json-patch.hpp:3:
[build] In file included from C:\Users\pperv\code\unnamed_rpg\vendor\json\include\nlohmann/json.hpp:50:
[build] In file included from C:\Users\pperv\code\unnamed_rpg\vendor\json\include\nlohmann/detail/input/binary_reader.hpp:29:
[build] In file included from C:\Users\pperv\code\unnamed_rpg\vendor\json\include\nlohmann/detail/input/json_sax.hpp:18:
[build] C:\Users\pperv\code\unnamed_rpg\vendor\json\include\nlohmann/detail/input/lexer.hpp(854,32): warning: enumeration type in nested name specifier is incompatible with C++98 [-Wc++98-compat]
[build]   854 |                         return token_type::parse_error;
[build]       |                                ^
[build] C:\Users\pperv\code\unnamed_rpg\vendor\json\include\nlohmann/detail/input/lexer.hpp(863,28): warning: enumeration type in nested name specifier is incompatible with C++98 [-Wc++98-compat]
[build]   863 |                     return token_type::parse_error;
[build]       |                            ^
[build] C:\Users\pperv\code\unnamed_rpg\vendor\json\include\nlohmann/detail/input/lexer.hpp(1365,74): warning: generalized initializer lists are incompatible with C++98 [-Wc++98-compat]
[build]  1365 |         note_token_start(std::integral_constant<bool, lazy_token_string> {});
[build]       |                                                                          ^
[build] C:\Users\pperv\code\unnamed_rpg\vendor\json\include\nlohmann/detail/input/lexer.hpp(204,15): warning: 'auto' type specifier is incompatible with C++98 [-Wc++98-compat]
[build]   204 |         const auto factors = { 12u, 8u, 4u, 0u };
[build]       |               ^~~~
[build] C:\Users\pperv\code\unnamed_rpg\vendor\json\include\nlohmann/detail/input/lexer.hpp(204,30): warning: initialization of initializer_list object is incompatible with C++98 [-Wc++98-compat]
[build]   204 |         const auto factors = { 12u, 8u, 4u, 0u };
[build]       |                              ^~~~~~~~~~~~~~~~~~~
[build] C:\Users\pperv\code\unnamed_rpg\vendor\json\include\nlohmann/detail/input/lexer.hpp(205,20): warning: 'auto' type specifier is incompatible with C++98 [-Wc++98-compat]
[build]   205 |         for (const auto factor : factors)
[build]       |                    ^~~~
[build] C:\Users\pperv\code\unnamed_rpg\vendor\json\include\nlohmann/detail/input/lexer.hpp(205,32): warning: range-based for loop is incompatible with C++98 [-Wc++98-compat]
[build]   205 |         for (const auto factor : factors)
[build]       |                                ^
[build] C:\Users\pperv\code\unnamed_rpg\vendor\json\include\nlohmann/detail/input/lexer.hpp(204,30): warning: initialization of initializer_list object is incompatible with C++98 [-Wc++98-compat]
[build]   204 |         const auto factors = { 12u, 8u, 4u, 0u };
[build]       |                              ^~~~~~~~~~~~~~~~~~~
[build] C:\Users\pperv\code\unnamed_rpg\vendor\json\include\nlohmann/detail/input/lexer.hpp(350,52): note: in instantiation of member function 'nlohmann::detail::lexer<nlohmann::basic_json<>, nlohmann::detail::iterator_input_adapter<const char *>>::get_codepoint' requested here
[build]   350 |                             const int codepoint1 = get_codepoint();
[build]       |                                                    ^
[build] C:\Users\pperv\code\unnamed_rpg\vendor\json\include\nlohmann/detail/input/lexer.hpp(1683,24): note: in instantiation of member function 'nlohmann::detail::lexer<nlohmann::basic_json<>, nlohmann::detail::iterator_input_adapter<const char *>>::scan_string' requested here
[build]  1683 |                 return scan_string();
[build]       |                        ^
[build] C:\Users\pperv\code\unnamed_rpg\vendor\json\include\nlohmann/detail/input/parser.hpp(490,37): note: in instantiation of member function 'nlohmann::detail::lexer<nlohmann::basic_json<>, nlohmann::detail::iterator_input_adapter<const char *>>::scan' requested here
[build]   490 |         return last_token = m_lexer.scan();
[build]       |                                     ^
[build] C:\Users\pperv\code\unnamed_rpg\vendor\json\include\nlohmann/detail/input/parser.hpp(82,9): note: in instantiation of member function 'nlohmann::detail::parser<nlohmann::basic_json<>, nlohmann::detail::iterator_input_adapter<const char *>>::get_token' requested here
[build]    82 |         get_token();
[build]       |         ^
[build] C:\Users\pperv\code\unnamed_rpg\vendor\json\include\nlohmann/json.hpp(170,16): note: in instantiation of member function 'nlohmann::detail::parser<nlohmann::basic_json<>, nlohmann::detail::iterator_input_adapter<const char *>>::parser' requested here
[build]   170 |         return ::nlohmann::detail::parser<basic_json, InputAdapterType>(std::move(adapter),
[build]       |                ^
[build] C:\Users\pperv\code\unnamed_rpg\vendor\json\include\nlohmann/json.hpp(4112,9): note: in instantiation of function template specialization 'nlohmann::basic_json<>::parser<nlohmann::detail::iterator_input_adapter<const char *>>' requested here
[build]  4112 |         parser(detail::input_adapter(std::move(first), std::move(last)), std::move(cb), allow_exceptions, ignore_comments, ignore_trailing_commas).parse(true, result); // cppcheck-suppress[accessMoved]
[build]       |         ^
[build] C:\Users\pperv\code\unnamed_rpg\vendor\json\include\nlohmann/json.hpp(5294,28): note: in instantiation of function template specialization 'nlohmann::basic_json<>::parse<const char *, const char *, 0>' requested here
[build]  5294 |     return nlohmann::json::parse(s, s + n);
[build]       |                            ^
[build] In file included from C:\Users\pperv\code\unnamed_rpg\vendor\json-schema-validator\src\json-patch.cpp:1:
[build] In file included from C:\Users\pperv\code\unnamed_rpg\vendor\json-schema-validator\src\json-patch.hpp:3:
[build] In file included from C:\Users\pperv\code\unnamed_rpg\vendor\json\include\nlohmann/json.hpp:50:
[build] In file included from C:\Users\pperv\code\unnamed_rpg\vendor\json\include\nlohmann/detail/input/binary_reader.hpp:29:
[build] In file included from C:\Users\pperv\code\unnamed_rpg\vendor\json\include\nlohmann/detail/input/json_sax.hpp:18:
[build] C:\Users\pperv\code\unnamed_rpg\vendor\json\include\nlohmann/detail/input/lexer.hpp(251,14): warning: 'auto' type specifier is incompatible with C++98 [-Wc++98-compat]
[build]   251 |         for (auto range = ranges.begin(); range != ranges.end(); ++range)
[build]       |              ^~~~
[build] C:\Users\pperv\code\unnamed_rpg\vendor\json\include\nlohmann/detail/input/lexer.hpp(1683,24): note: in instantiation of member function 'nlohmann::detail::lexer<nlohmann::basic_json<>, nlohmann::detail::iterator_input_adapter<const char *>>::scan_string' requested here
[build]  1683 |                 return scan_string();
[build]       |                        ^
[build] C:\Users\pperv\code\unnamed_rpg\vendor\json\include\nlohmann/detail/input/parser.hpp(490,37): note: in instantiation of member function 'nlohmann::detail::lexer<nlohmann::basic_json<>, nlohmann::detail::iterator_input_adapter<const char *>>::scan' requested here
[build]   490 |         return last_token = m_lexer.scan();
[build]       |                                     ^
[build] C:\Users\pperv\code\unnamed_rpg\vendor\json\include\nlohmann/detail/input/parser.hpp(82,9): note: in instantiation of member function 'nlohmann::detail::parser<nlohmann::basic_json<>, nlohmann::detail::iterator_input_adapter<const char *>>::get_token' requested here
[build]    82 |         get_token();
[build]       |         ^
[build] C:\Users\pperv\code\unnamed_rpg\vendor\json\include\nlohmann/json.hpp(170,16): note: in instantiation of member function 'nlohmann::detail::parser<nlohmann::basic_json<>, nlohmann::detail::iterator_input_adapter<const char *>>::parser' requested here
[build]   170 |         return ::nlohmann::detail::parser<basic_json, InputAdapterType>(std::move(adapter),
[build]       |                ^
[build] C:\Users\pperv\code\unnamed_rpg\vendor\json\include\nlohmann/json.hpp(4112,9): note: in instantiation of function template specialization 'nlohmann::basic_json<>::parser<nlohmann::detail::iterator_input_adapter<const char *>>' requested here
[build]  4112 |         parser(detail::input_adapter(std::move(first), std::move(last)), std::move(cb), allow_exceptions, ignore_comments, ignore_trailing_commas).parse(true, result); // cppcheck-suppress[accessMoved]
[build]       |         ^
[build] C:\Users\pperv\code\unnamed_rpg\vendor\json\include\nlohmann/json.hpp(5294,28): note: in instantiation of function template specialization 'nlohmann::basic_json<>::parse<const char *, const char *, 0>' requested here
[build]  5294 |     return nlohmann::json::parse(s, s + n);
[build]       |                            ^
[build] In file included from C:\Users\pperv\code\unnamed_rpg\vendor\json-schema-validator\src\json-patch.cpp:1:
[build] In file included from C:\Users\pperv\code\unnamed_rpg\vendor\json-schema-validator\src\json-patch.hpp:3:
[build] In file included from C:\Users\pperv\code\unnamed_rpg\vendor\json\include\nlohmann/json.hpp:50:
[build] In file included from C:\Users\pperv\code\unnamed_rpg\vendor\json\include\nlohmann/detail/input/binary_reader.hpp:29:
[build] In file included from C:\Users\pperv\code\unnamed_rpg\vendor\json\include\nlohmann/detail/input/json_sax.hpp:18:
[build] C:\Users\pperv\code\unnamed_rpg\vendor\json\include\nlohmann/detail/input/lexer.hpp(1282,24): warning: 'nullptr' is incompatible with C++98 [-Wc++98-compat]
[build]  1282 |         char* endptr = nullptr; // NOLINT(misc-const-correctness,cppcoreguidelines-pro-type-vararg,hicpp-vararg)
[build]       |                        ^
[build] C:\Users\pperv\code\unnamed_rpg\vendor\json\include\nlohmann/detail/input/lexer.hpp(1288,19): warning: 'auto' type specifier is incompatible with C++98 [-Wc++98-compat]
[build]  1288 |             const auto x = std::strtoull(token_buffer.data(), &endptr, 10);
[build]       |                   ^~~~
[build] C:\Users\pperv\code\unnamed_rpg\vendor\json\include\nlohmann/detail/input/parser.hpp(490,37): note: in instantiation of member function 'nlohmann::detail::lexer<nlohmann::basic_json<>, nlohmann::detail::iterator_input_adapter<const char *>>::scan' requested here
[build]   490 |         return last_token = m_lexer.scan();
[build]       |                                     ^
[build] C:\Users\pperv\code\unnamed_rpg\vendor\json\include\nlohmann/detail/input/parser.hpp(82,9): note: in instantiation of member function 'nlohmann::detail::parser<nlohmann::basic_json<>, nlohmann::detail::iterator_input_adapter<const char *>>::get_token' requested here
[build]    82 |         get_token();
[build]       |         ^
[build] C:\Users\pperv\code\unnamed_rpg\vendor\json\include\nlohmann/json.hpp(170,16): note: in instantiation of member function 'nlohmann::detail::parser<nlohmann::basic_json<>, nlohmann::detail::iterator_input_adapter<const char *>>::parser' requested here
[build]   170 |         return ::nlohmann::detail::parser<basic_json, InputAdapterType>(std::move(adapter),
[build]       |                ^
[build] C:\Users\pperv\code\unnamed_rpg\vendor\json\include\nlohmann/json.hpp(4112,9): note: in instantiation of function template specialization 'nlohmann::basic_json<>::parser<nlohmann::detail::iterator_input_adapter<const char *>>' requested here
[build]  4112 |         parser(detail::input_adapter(std::move(first), std::move(last)), std::move(cb), allow_exceptions, ignore_comments, ignore_trailing_commas).parse(true, result); // cppcheck-suppress[accessMoved]
[build]       |         ^
[build] C:\Users\pperv\code\unnamed_rpg\vendor\json\include\nlohmann/json.hpp(5294,28): note: in instantiation of function template specialization 'nlohmann::basic_json<>::parse<const char *, const char *, 0>' requested here
[build]  5294 |     return nlohmann::json::parse(s, s + n);
[build]       |                            ^
[build] In file included from C:\Users\pperv\code\unnamed_rpg\vendor\json-schema-validator\src\json-patch.cpp:1:
[build] In file included from C:\Users\pperv\code\unnamed_rpg\vendor\json-schema-validator\src\json-patch.hpp:3:
[build] In file included from C:\Users\pperv\code\unnamed_rpg\vendor\json\include\nlohmann/json.hpp:50:
[build] In file included from C:\Users\pperv\code\unnamed_rpg\vendor\json\include\nlohmann/detail/input/binary_reader.hpp:29:
[build] In file included from C:\Users\pperv\code\unnamed_rpg\vendor\json\include\nlohmann/detail/input/json_sax.hpp:18:
[build] C:\Users\pperv\code\unnamed_rpg\vendor\json\include\nlohmann/detail/input/lexer.hpp(1304,19): warning: 'auto' type specifier is incompatible with C++98 [-Wc++98-compat]
[build]  1304 |             const auto x = std::strtoll(token_buffer.data(), &endptr, 10);
[build]       |                   ^~~~
[build] C:\Users\pperv\code\unnamed_rpg\vendor\json\include\nlohmann/detail/input/lexer.hpp(1009,34): warning: enumeration type in nested name specifier is incompatible with C++98 [-Wc++98-compat]
[build]  1009 |         token_type number_type = token_type::value_unsigned;
[build]       |                                  ^
[build] C:\Users\pperv\code\unnamed_rpg\vendor\json\include\nlohmann/detail/input/lexer.hpp(1697,24): note: in instantiation of member function 'nlohmann::detail::lexer<nlohmann::basic_json<>, nlohmann::detail::iterator_input_adapter<const char *>>::scan_number' requested here
[build]  1697 |                 return scan_number();
[build]       |                        ^
[build] C:\Users\pperv\code\unnamed_rpg\vendor\json\include\nlohmann/detail/input/parser.hpp(490,37): note: in instantiation of member function 'nlohmann::detail::lexer<nlohmann::basic_json<>, nlohmann::detail::iterator_input_adapter<const char *>>::scan' requested here
[build]   490 |         return last_token = m_lexer.scan();
[build]       |                                     ^
[build] C:\Users\pperv\code\unnamed_rpg\vendor\json\include\nlohmann/detail/input/parser.hpp(82,9): note: in instantiation of member function 'nlohmann::detail::parser<nlohmann::basic_json<>, nlohmann::detail::iterator_input_adapter<const char *>>::get_token' requested here
[build]    82 |         get_token();
[build]       |         ^
[build] C:\Users\pperv\code\unnamed_rpg\vendor\json\include\nlohmann/json.hpp(170,16): note: in instantiation of member function 'nlohmann::detail::parser<nlohmann::basic_json<>, nlohmann::detail::iterator_input_adapter<const char *>>::parser' requested here
[build]   170 |         return ::nlohmann::detail::parser<basic_json, InputAdapterType>(std::move(adapter),
[build]       |                ^
[build] C:\Users\pperv\code\unnamed_rpg\vendor\json\include\nlohmann/json.hpp(4112,9): note: in instantiation of function template specialization 'nlohmann::basic_json<>::parser<nlohmann::detail::iterator_input_adapter<const char *>>' requested here
[build]  4112 |         parser(detail::input_adapter(std::move(first), std::move(last)), std::move(cb), allow_exceptions, ignore_comments, ignore_trailing_commas).parse(true, result); // cppcheck-suppress[accessMoved]
[build]       |         ^
[build] C:\Users\pperv\code\unnamed_rpg\vendor\json\include\nlohmann/json.hpp(5294,28): note: in instantiation of function template specialization 'nlohmann::basic_json<>::parse<const char *, const char *, 0>' requested here
[build]  5294 |     return nlohmann::json::parse(s, s + n);
[build]       |                            ^
[build] In file included from C:\Users\pperv\code\unnamed_rpg\vendor\json-schema-validator\src\json-patch.cpp:1:
[build] In file included from C:\Users\pperv\code\unnamed_rpg\vendor\json-schema-validator\src\json-patch.hpp:3:
[build] In file included from C:\Users\pperv\code\unnamed_rpg\vendor\json\include\nlohmann/json.hpp:50:
[build] In file included from C:\Users\pperv\code\unnamed_rpg\vendor\json\include\nlohmann/detail/input/binary_reader.hpp:29:
[build] In file included from C:\Users\pperv\code\unnamed_rpg\vendor\json\include\nlohmann/detail/input/json_sax.hpp:18:
[build] C:\Users\pperv\code\unnamed_rpg\vendor\json\include\nlohmann/detail/input/lexer.hpp(1047,23): warning: enumeration type in nested name specifier is incompatible with C++98 [-Wc++98-compat]
[build]  1047 |         number_type = token_type::value_integer;
[build]       |                       ^
[build] C:\Users\pperv\code\unnamed_rpg\vendor\json\include\nlohmann/detail/input/lexer.hpp(1073,24): warning: enumeration type in nested name specifier is incompatible with C++98 [-Wc++98-compat]
[build]  1073 |                 return token_type::parse_error;
[build]       |                        ^
[build] C:\Users\pperv\code\unnamed_rpg\vendor\json\include\nlohmann/detail/input/lexer.hpp(1138,23): warning: enumeration type in nested name specifier is incompatible with C++98 [-Wc++98-compat]
[build]  1138 |         number_type = token_type::value_float;
[build]       |                       ^
[build] C:\Users\pperv\code\unnamed_rpg\vendor\json\include\nlohmann/detail/input/lexer.hpp(1159,24): warning: enumeration type in nested name specifier is incompatible with C++98 [-Wc++98-compat]
[build]  1159 |                 return token_type::parse_error;
[build]       |                        ^
[build] C:\Users\pperv\code\unnamed_rpg\vendor\json\include\nlohmann/detail/input/lexer.hpp(1195,23): warning: enumeration type in nested name specifier is incompatible with C++98 [-Wc++98-compat]
[build]  1195 |         number_type = token_type::value_float;
[build]       |                       ^
[build] C:\Users\pperv\code\unnamed_rpg\vendor\json\include\nlohmann/detail/input/lexer.hpp(1224,24): warning: enumeration type in nested name specifier is incompatible with C++98 [-Wc++98-compat]
[build]  1224 |                 return token_type::parse_error;
[build]       |                        ^
[build] C:\Users\pperv\code\unnamed_rpg\vendor\json\include\nlohmann/detail/input/lexer.hpp(1250,24): warning: enumeration type in nested name specifier is incompatible with C++98 [-Wc++98-compat]
[build]  1250 |                 return token_type::parse_error;
[build]       |                        ^
[build] C:\Users\pperv\code\unnamed_rpg\vendor\json\include\nlohmann/detail/input/lexer.hpp(1286,28): warning: enumeration type in nested name specifier is incompatible with C++98 [-Wc++98-compat]
[build]  1286 |         if (number_type == token_type::value_unsigned)
[build]       |                            ^
[build] C:\Users\pperv\code\unnamed_rpg\vendor\json\include\nlohmann/detail/input/lexer.hpp(1298,28): warning: enumeration type in nested name specifier is incompatible with C++98 [-Wc++98-compat]
[build]  1298 |                     return token_type::value_unsigned;
[build]       |                            ^
[build] C:\Users\pperv\code\unnamed_rpg\vendor\json\include\nlohmann/detail/input/lexer.hpp(1302,33): warning: enumeration type in nested name specifier is incompatible with C++98 [-Wc++98-compat]
[build]  1302 |         else if (number_type == token_type::value_integer)
[build]       |                                 ^
[build] C:\Users\pperv\code\unnamed_rpg\vendor\json\include\nlohmann/detail/input/lexer.hpp(1314,28): warning: enumeration type in nested name specifier is incompatible with C++98 [-Wc++98-compat]
[build]  1314 |                     return token_type::value_integer;
[build]       |                            ^
[build] C:\Users\pperv\code\unnamed_rpg\vendor\json\include\nlohmann/detail/input/lexer.hpp(1326,16): warning: enumeration type in nested name specifier is incompatible with C++98 [-Wc++98-compat]
[build]  1326 |         return token_type::value_float;
[build]       |                ^
[build] In file included from C:\Users\pperv\code\unnamed_rpg\vendor\json-schema-validator\src\json-patch.cpp:1:
[build] In file included from C:\Users\pperv\code\unnamed_rpg\vendor\json-schema-validator\src\json-patch.hpp:3:
[build] In file included from C:\Users\pperv\code\unnamed_rpg\vendor\json\include\nlohmann/json.hpp:53:
[build] C:\Users\pperv\code\unnamed_rpg\vendor\json\include\nlohmann/detail/input/parser.hpp(108,107): warning: 'nullptr' is incompatible with C++98 [-Wc++98-compat]
[build]   108 |                                                     exception_message(token_type::end_of_input, "value"), nullptr));
[build]       |                                                                                                           ^
[build] C:\Users\pperv\code\unnamed_rpg\vendor\json\include\nlohmann/detail/input/parser.hpp(114,26): warning: enumeration type in nested name specifier is incompatible with C++98 [-Wc++98-compat]
[build]   114 |                 result = value_t::discarded;
[build]       |                          ^
[build] C:\Users\pperv\code\unnamed_rpg\vendor\json\include\nlohmann/json.hpp(5294,28): note: in instantiation of function template specialization 'nlohmann::basic_json<>::parse<const char *, const char *, 0>' requested here
[build]  5294 |     return nlohmann::json::parse(s, s + n);
[build]       |                            ^
[build] In file included from C:\Users\pperv\code\unnamed_rpg\vendor\json-schema-validator\src\json-patch.cpp:1:
[build] In file included from C:\Users\pperv\code\unnamed_rpg\vendor\json-schema-validator\src\json-patch.hpp:3:
[build] In file included from C:\Users\pperv\code\unnamed_rpg\vendor\json\include\nlohmann/json.hpp:53:
[build] C:\Users\pperv\code\unnamed_rpg\vendor\json\include\nlohmann/detail/input/parser.hpp(122,26): warning: 'nullptr' is incompatible with C++98 [-Wc++98-compat]
[build]   122 |                 result = nullptr;
[build]       |                          ^
[build] C:\Users\pperv\code\unnamed_rpg\vendor\json\include\nlohmann/detail/input/parser.hpp(135,136): warning: 'nullptr' is incompatible with C++98 [-Wc++98-compat]
[build]   135 |                                 parse_error::create(101, m_lexer.get_position(), exception_message(token_type::end_of_input, "value"), nullptr));
[build]       |                                                                                                                                        ^
[build] C:\Users\pperv\code\unnamed_rpg\vendor\json\include\nlohmann/detail/input/parser.hpp(141,26): warning: enumeration type in nested name specifier is incompatible with C++98 [-Wc++98-compat]
[build]   141 |                 result = value_t::discarded;
[build]       |                          ^
[build] In file included from C:\Users\pperv\code\unnamed_rpg\vendor\json-schema-validator\src\json-patch.cpp:1:
[build] In file included from C:\Users\pperv\code\unnamed_rpg\vendor\json-schema-validator\src\json-patch.hpp:3:
[build] In file included from C:\Users\pperv\code\unnamed_rpg\vendor\json\include\nlohmann/json.hpp:50:
[build] In file included from C:\Users\pperv\code\unnamed_rpg\vendor\json\include\nlohmann/detail/input/binary_reader.hpp:29:
[build] C:\Users\pperv\code\unnamed_rpg\vendor\json\include\nlohmann/detail/input/json_sax.hpp(933,29): warning: padding class 'nlohmann::detail::json_sax_dom_callback_parser<nlohmann::basic_json<>, nlohmann::detail::iterator_input_adapter<const char *>>' with 7 bytes to align 'callback' [-Wpadded]
[build]   933 |     const parser_callback_t callback = nullptr;
[build]       |                             ^
[build] C:\Users\pperv\code\unnamed_rpg\vendor\json\include\nlohmann/detail/input/json_sax.hpp(937,19): warning: padding class 'nlohmann::detail::json_sax_dom_callback_parser<nlohmann::basic_json<>, nlohmann::detail::iterator_input_adapter<const char *>>' with 7 bytes to align 'discarded' [-Wpadded]
[build]   937 |     BasicJsonType discarded = BasicJsonType::value_t::discarded;
[build]       |                   ^
[build] In file included from C:\Users\pperv\code\unnamed_rpg\vendor\json-schema-validator\src\json-patch.cpp:1:
[build] In file included from C:\Users\pperv\code\unnamed_rpg\vendor\json-schema-validator\src\json-patch.hpp:3:
[build] In file included from C:\Users\pperv\code\unnamed_rpg\vendor\json\include\nlohmann/json.hpp:53:
[build] C:\Users\pperv\code\unnamed_rpg\vendor\json\include\nlohmann/detail/input/parser.hpp(103,43): warning: enumeration type in nested name specifier is incompatible with C++98 [-Wc++98-compat]
[build]   103 |             if (strict && (get_token() != token_type::end_of_input))
[build]       |                                           ^
[build] C:\Users\pperv\code\unnamed_rpg\vendor\json\include\nlohmann/json.hpp(4112,148): note: in instantiation of member function 'nlohmann::detail::parser<nlohmann::basic_json<>, nlohmann::detail::iterator_input_adapter<const char *>>::parse' requested here
[build]  4112 |         parser(detail::input_adapter(std::move(first), std::move(last)), std::move(cb), allow_exceptions, ignore_comments, ignore_trailing_commas).parse(true, result); // cppcheck-suppress[accessMoved]
[build]       |                                                                                                                                                    ^
[build] C:\Users\pperv\code\unnamed_rpg\vendor\json\include\nlohmann/json.hpp(5294,28): note: in instantiation of function template specialization 'nlohmann::basic_json<>::parse<const char *, const char *, 0>' requested here
[build]  5294 |     return nlohmann::json::parse(s, s + n);
[build]       |                            ^
[build] In file included from C:\Users\pperv\code\unnamed_rpg\vendor\json-schema-validator\src\json-patch.cpp:1:
[build] In file included from C:\Users\pperv\code\unnamed_rpg\vendor\json-schema-validator\src\json-patch.hpp:3:
[build] In file included from C:\Users\pperv\code\unnamed_rpg\vendor\json\include\nlohmann/json.hpp:53:
[build] C:\Users\pperv\code\unnamed_rpg\vendor\json\include\nlohmann/detail/input/parser.hpp(108,71): warning: enumeration type in nested name specifier is incompatible with C++98 [-Wc++98-compat]
[build]   108 |                                                     exception_message(token_type::end_of_input, "value"), nullptr));
[build]       |                                                                       ^
[build] C:\Users\pperv\code\unnamed_rpg\vendor\json\include\nlohmann/detail/input/parser.hpp(114,26): warning: enumeration type in nested name specifier is incompatible with C++98 [-Wc++98-compat]
[build]   114 |                 result = value_t::discarded;
[build]       |                          ^
[build] In file included from C:\Users\pperv\code\unnamed_rpg\vendor\json-schema-validator\src\json-patch.cpp:1:
[build] In file included from C:\Users\pperv\code\unnamed_rpg\vendor\json-schema-validator\src\json-patch.hpp:3:
[build] C:\Users\pperv\code\unnamed_rpg\vendor\json\include\nlohmann/json.hpp(1453,33): warning: enumeration type in nested name specifier is incompatible with C++98 [-Wc++98-compat]
[build]  1453 |         return m_data.m_type == value_t::discarded;
[build]       |                                 ^
[build] C:\Users\pperv\code\unnamed_rpg\vendor\json\include\nlohmann/detail/input/parser.hpp(120,24): note: in instantiation of member function 'nlohmann::basic_json<>::is_discarded' requested here
[build]   120 |             if (result.is_discarded())
[build]       |                        ^
[build] C:\Users\pperv\code\unnamed_rpg\vendor\json\include\nlohmann/json.hpp(4112,148): note: in instantiation of member function 'nlohmann::detail::parser<nlohmann::basic_json<>, nlohmann::detail::iterator_input_adapter<const char *>>::parse' requested here
[build]  4112 |         parser(detail::input_adapter(std::move(first), std::move(last)), std::move(cb), allow_exceptions, ignore_comments, ignore_trailing_commas).parse(true, result); // cppcheck-suppress[accessMoved]
[build]       |                                                                                                                                                    ^
[build] C:\Users\pperv\code\unnamed_rpg\vendor\json\include\nlohmann/json.hpp(5294,28): note: in instantiation of function template specialization 'nlohmann::basic_json<>::parse<const char *, const char *, 0>' requested here
[build]  5294 |     return nlohmann::json::parse(s, s + n);
[build]       |                            ^
[build] In file included from C:\Users\pperv\code\unnamed_rpg\vendor\json-schema-validator\src\json-patch.cpp:1:
[build] In file included from C:\Users\pperv\code\unnamed_rpg\vendor\json-schema-validator\src\json-patch.hpp:3:
[build] In file included from C:\Users\pperv\code\unnamed_rpg\vendor\json\include\nlohmann/json.hpp:50:
[build] In file included from C:\Users\pperv\code\unnamed_rpg\vendor\json\include\nlohmann/detail/input/binary_reader.hpp:29:
[build] C:\Users\pperv\code\unnamed_rpg\vendor\json\include\nlohmann/detail/input/json_sax.hpp(471,14): warning: padding class 'nlohmann::detail::json_sax_dom_parser<nlohmann::basic_json<>, nlohmann::detail::iterator_input_adapter<const char *>>' with 6 bytes to align 'm_lexer_ref' [-Wpadded]
[build]   471 |     lexer_t* m_lexer_ref = nullptr;
[build]       |              ^
[build] In file included from C:\Users\pperv\code\unnamed_rpg\vendor\json-schema-validator\src\json-patch.cpp:1:
[build] In file included from C:\Users\pperv\code\unnamed_rpg\vendor\json-schema-validator\src\json-patch.hpp:3:
[build] In file included from C:\Users\pperv\code\unnamed_rpg\vendor\json\include\nlohmann/json.hpp:53:
[build] C:\Users\pperv\code\unnamed_rpg\vendor\json\include\nlohmann/detail/input/parser.hpp(131,43): warning: enumeration type in nested name specifier is incompatible with C++98 [-Wc++98-compat]
[build]   131 |             if (strict && (get_token() != token_type::end_of_input))
[build]       |                                           ^
[build] C:\Users\pperv\code\unnamed_rpg\vendor\json\include\nlohmann/json.hpp(4112,148): note: in instantiation of member function 'nlohmann::detail::parser<nlohmann::basic_json<>, nlohmann::detail::iterator_input_adapter<const char *>>::parse' requested here
[build]  4112 |         parser(detail::input_adapter(std::move(first), std::move(last)), std::move(cb), allow_exceptions, ignore_comments, ignore_trailing_commas).parse(true, result); // cppcheck-suppress[accessMoved]
[build]       |                                                                                                                                                    ^
[build] C:\Users\pperv\code\unnamed_rpg\vendor\json\include\nlohmann/json.hpp(5294,28): note: in instantiation of function template specialization 'nlohmann::basic_json<>::parse<const char *, const char *, 0>' requested here
[build]  5294 |     return nlohmann::json::parse(s, s + n);
[build]       |                            ^
[build] In file included from C:\Users\pperv\code\unnamed_rpg\vendor\json-schema-validator\src\json-patch.cpp:1:
[build] In file included from C:\Users\pperv\code\unnamed_rpg\vendor\json-schema-validator\src\json-patch.hpp:3:
[build] In file included from C:\Users\pperv\code\unnamed_rpg\vendor\json\include\nlohmann/json.hpp:53:
[build] C:\Users\pperv\code\unnamed_rpg\vendor\json\include\nlohmann/detail/input/parser.hpp(135,100): warning: enumeration type in nested name specifier is incompatible with C++98 [-Wc++98-compat]
[build]   135 |                                 parse_error::create(101, m_lexer.get_position(), exception_message(token_type::end_of_input, "value"), nullptr));
[build]       |                                                                                                    ^
[build] C:\Users\pperv\code\unnamed_rpg\vendor\json\include\nlohmann/detail/input/parser.hpp(141,26): warning: enumeration type in nested name specifier is incompatible with C++98 [-Wc++98-compat]
[build]   141 |                 result = value_t::discarded;
[build]       |                          ^
[build] In file included from C:\Users\pperv\code\unnamed_rpg\vendor\json-schema-validator\src\json-patch.cpp:1:
[build] In file included from C:\Users\pperv\code\unnamed_rpg\vendor\json-schema-validator\src\json-patch.hpp:3:
[build] In file included from C:\Users\pperv\code\unnamed_rpg\vendor\json\include\nlohmann/json.hpp:50:
[build] In file included from C:\Users\pperv\code\unnamed_rpg\vendor\json\include\nlohmann/detail/input/binary_reader.hpp:29:
[build] C:\Users\pperv\code\unnamed_rpg\vendor\json\include\nlohmann/detail/input/json_sax.hpp(923,43): warning: constructor call from initializer list is incompatible with C++98 [-Wc++98-compat]
[build]   923 |     std::vector<BasicJsonType*> ref_stack {};
[build]       |                                           ^~
[build] C:\Users\pperv\code\unnamed_rpg\vendor\json\include\nlohmann/detail/input/json_sax.hpp(487,5): note: in instantiation of default member initializer 'nlohmann::detail::json_sax_dom_callback_parser<nlohmann::basic_json<>, nlohmann::detail::iterator_input_adapter<const char *>>::ref_stack' requested here
[build]   487 |     json_sax_dom_callback_parser(BasicJsonType& r,
[build]       |     ^
[build] C:\Users\pperv\code\unnamed_rpg\vendor\json\include\nlohmann/detail/input/parser.hpp(99,75): note: in instantiation of member function 'nlohmann::detail::json_sax_dom_callback_parser<nlohmann::basic_json<>, nlohmann::detail::iterator_input_adapter<const char *>>::json_sax_dom_callback_parser' requested here
[build]    99 |             json_sax_dom_callback_parser<BasicJsonType, InputAdapterType> sdp(result, callback, allow_exceptions, &m_lexer);
[build]       |                                                                           ^
[build] C:\Users\pperv\code\unnamed_rpg\vendor\json\include\nlohmann/json.hpp(4112,148): note: in instantiation of member function 'nlohmann::detail::parser<nlohmann::basic_json<>, nlohmann::detail::iterator_input_adapter<const char *>>::parse' requested here
[build]  4112 |         parser(detail::input_adapter(std::move(first), std::move(last)), std::move(cb), allow_exceptions, ignore_comments, ignore_trailing_commas).parse(true, result); // cppcheck-suppress[accessMoved]
[build]       |                                                                                                                                                    ^
[build] C:\Users\pperv\code\unnamed_rpg\vendor\json\include\nlohmann/json.hpp(5294,28): note: in instantiation of function template specialization 'nlohmann::basic_json<>::parse<const char *, const char *, 0>' requested here
[build]  5294 |     return nlohmann::json::parse(s, s + n);
[build]       |                            ^
[build] In file included from C:\Users\pperv\code\unnamed_rpg\vendor\json-schema-validator\src\json-patch.cpp:1:
[build] In file included from C:\Users\pperv\code\unnamed_rpg\vendor\json-schema-validator\src\json-patch.hpp:3:
[build] In file included from C:\Users\pperv\code\unnamed_rpg\vendor\json\include\nlohmann/json.hpp:50:
[build] In file included from C:\Users\pperv\code\unnamed_rpg\vendor\json\include\nlohmann/detail/input/binary_reader.hpp:29:
[build] C:\Users\pperv\code\unnamed_rpg\vendor\json\include\nlohmann/detail/input/json_sax.hpp(925,34): warning: constructor call from initializer list is incompatible with C++98 [-Wc++98-compat]
[build]   925 |     std::vector<bool> keep_stack {}; // NOLINT(readability-redundant-member-init)
[build]       |                                  ^~
[build] C:\Users\pperv\code\unnamed_rpg\vendor\json\include\nlohmann/detail/input/json_sax.hpp(487,5): note: in instantiation of default member initializer 'nlohmann::detail::json_sax_dom_callback_parser<nlohmann::basic_json<>, nlohmann::detail::iterator_input_adapter<const char *>>::keep_stack' requested here
[build]   487 |     json_sax_dom_callback_parser(BasicJsonType& r,
[build]       |     ^
[build] C:\Users\pperv\code\unnamed_rpg\vendor\json\include\nlohmann/detail/input/parser.hpp(99,75): note: in instantiation of member function 'nlohmann::detail::json_sax_dom_callback_parser<nlohmann::basic_json<>, nlohmann::detail::iterator_input_adapter<const char *>>::json_sax_dom_callback_parser' requested here
[build]    99 |             json_sax_dom_callback_parser<BasicJsonType, InputAdapterType> sdp(result, callback, allow_exceptions, &m_lexer);
[build]       |                                                                           ^
[build] C:\Users\pperv\code\unnamed_rpg\vendor\json\include\nlohmann/json.hpp(4112,148): note: in instantiation of member function 'nlohmann::detail::parser<nlohmann::basic_json<>, nlohmann::detail::iterator_input_adapter<const char *>>::parse' requested here
[build]  4112 |         parser(detail::input_adapter(std::move(first), std::move(last)), std::move(cb), allow_exceptions, ignore_comments, ignore_trailing_commas).parse(true, result); // cppcheck-suppress[accessMoved]
[build]       |                                                                                                                                                    ^
[build] C:\Users\pperv\code\unnamed_rpg\vendor\json\include\nlohmann/json.hpp(5294,28): note: in instantiation of function template specialization 'nlohmann::basic_json<>::parse<const char *, const char *, 0>' requested here
[build]  5294 |     return nlohmann::json::parse(s, s + n);
[build]       |                            ^
[build] In file included from C:\Users\pperv\code\unnamed_rpg\vendor\json-schema-validator\src\json-patch.cpp:1:
[build] In file included from C:\Users\pperv\code\unnamed_rpg\vendor\json-schema-validator\src\json-patch.hpp:3:
[build] In file included from C:\Users\pperv\code\unnamed_rpg\vendor\json\include\nlohmann/json.hpp:50:
[build] In file included from C:\Users\pperv\code\unnamed_rpg\vendor\json\include\nlohmann/detail/input/binary_reader.hpp:29:
[build] C:\Users\pperv\code\unnamed_rpg\vendor\json\include\nlohmann/detail/input/json_sax.hpp(927,38): warning: constructor call from initializer list is incompatible with C++98 [-Wc++98-compat]
[build]   927 |     std::vector<bool> key_keep_stack {}; // NOLINT(readability-redundant-member-init)
[build]       |                                      ^~
[build] C:\Users\pperv\code\unnamed_rpg\vendor\json\include\nlohmann/detail/input/json_sax.hpp(487,5): note: in instantiation of default member initializer 'nlohmann::detail::json_sax_dom_callback_parser<nlohmann::basic_json<>, nlohmann::detail::iterator_input_adapter<const char *>>::key_keep_stack' requested here
[build]   487 |     json_sax_dom_callback_parser(BasicJsonType& r,
[build]       |     ^
[build] C:\Users\pperv\code\unnamed_rpg\vendor\json\include\nlohmann/detail/input/parser.hpp(99,75): note: in instantiation of member function 'nlohmann::detail::json_sax_dom_callback_parser<nlohmann::basic_json<>, nlohmann::detail::iterator_input_adapter<const char *>>::json_sax_dom_callback_parser' requested here
[build]    99 |             json_sax_dom_callback_parser<BasicJsonType, InputAdapterType> sdp(result, callback, allow_exceptions, &m_lexer);
[build]       |                                                                           ^
[build] C:\Users\pperv\code\unnamed_rpg\vendor\json\include\nlohmann/json.hpp(4112,148): note: in instantiation of member function 'nlohmann::detail::parser<nlohmann::basic_json<>, nlohmann::detail::iterator_input_adapter<const char *>>::parse' requested here
[build]  4112 |         parser(detail::input_adapter(std::move(first), std::move(last)), std::move(cb), allow_exceptions, ignore_comments, ignore_trailing_commas).parse(true, result); // cppcheck-suppress[accessMoved]
[build]       |                                                                                                                                                    ^
[build] C:\Users\pperv\code\unnamed_rpg\vendor\json\include\nlohmann/json.hpp(5294,28): note: in instantiation of function template specialization 'nlohmann::basic_json<>::parse<const char *, const char *, 0>' requested here
[build]  5294 |     return nlohmann::json::parse(s, s + n);
[build]       |                            ^
[build] In file included from C:\Users\pperv\code\unnamed_rpg\vendor\json-schema-validator\src\json-patch.cpp:1:
[build] In file included from C:\Users\pperv\code\unnamed_rpg\vendor\json-schema-validator\src\json-patch.hpp:3:
[build] In file included from C:\Users\pperv\code\unnamed_rpg\vendor\json\include\nlohmann/json.hpp:53:
[build] C:\Users\pperv\code\unnamed_rpg\vendor\json\include\nlohmann/detail/input/parser.hpp(219,161): warning: 'nullptr' is incompatible with C++98 [-Wc++98-compat]
[build]   219 |                                                     parse_error::create(101, m_lexer.get_position(), exception_message(token_type::value_string, "object key"), nullptr));
[build]       |                                                                                                                                                                 ^
[build] C:\Users\pperv\code\unnamed_rpg\vendor\json\include\nlohmann/detail/input/parser.hpp(231,169): warning: 'nullptr' is incompatible with C++98 [-Wc++98-compat]
[build]   231 |                                                     parse_error::create(101, m_lexer.get_position(), exception_message(token_type::name_separator, "object separator"), nullptr));
[build]       |                                                                                                                                                                         ^
[build] C:\Users\pperv\code\unnamed_rpg\vendor\json\include\nlohmann/detail/input/parser.hpp(268,31): warning: 'auto' type specifier is incompatible with C++98 [-Wc++98-compat]
[build]   268 |                         const auto res = m_lexer.get_number_float();
[build]       |                               ^~~~
[build] C:\Users\pperv\code\unnamed_rpg\vendor\json\include\nlohmann/json.hpp(4112,148): note: in instantiation of member function 'nlohmann::detail::parser<nlohmann::basic_json<>, nlohmann::detail::iterator_input_adapter<const char *>>::parse' requested here
[build]  4112 |         parser(detail::input_adapter(std::move(first), std::move(last)), std::move(cb), allow_exceptions, ignore_comments, ignore_trailing_commas).parse(true, result); // cppcheck-suppress[accessMoved]
[build]       |                                                                                                                                                    ^
[build] C:\Users\pperv\code\unnamed_rpg\vendor\json\include\nlohmann/json.hpp(5294,28): note: in instantiation of function template specialization 'nlohmann::basic_json<>::parse<const char *, const char *, 0>' requested here
[build]  5294 |     return nlohmann::json::parse(s, s + n);
[build]       |                            ^
[build] In file included from C:\Users\pperv\code\unnamed_rpg\vendor\json-schema-validator\src\json-patch.cpp:1:
[build] In file included from C:\Users\pperv\code\unnamed_rpg\vendor\json-schema-validator\src\json-patch.hpp:3:
[build] In file included from C:\Users\pperv\code\unnamed_rpg\vendor\json\include\nlohmann/json.hpp:53:
[build] C:\Users\pperv\code\unnamed_rpg\vendor\json\include\nlohmann/detail/input/parser.hpp(274,150): warning: 'nullptr' is incompatible with C++98 [-Wc++98-compat]
[build]   274 |                                                     out_of_range::create(406, concat("number overflow parsing '", m_lexer.get_token_string(), '\''), nullptr));
[build]       |                                                                                                                                                      ^
[build] C:\Users\pperv\code\unnamed_rpg\vendor\json\include\nlohmann/detail/input/parser.hpp(344,153): warning: 'nullptr' is incompatible with C++98 [-Wc++98-compat]
[build]   344 |                                                 parse_error::create(101, m_lexer.get_position(), exception_message(token_type::uninitialized, "value"), nullptr));
[build]       |                                                                                                                                                         ^
[build] C:\Users\pperv\code\unnamed_rpg\vendor\json\include\nlohmann/detail/input/parser.hpp(353,166): warning: 'nullptr' is incompatible with C++98 [-Wc++98-compat]
[build]   353 |                                                             "attempting to parse an empty input; check that your input string or stream contains the expected JSON", nullptr));
[build]       |                                                                                                                                                                      ^
[build] C:\Users\pperv\code\unnamed_rpg\vendor\json\include\nlohmann/detail/input/parser.hpp(358,156): warning: 'nullptr' is incompatible with C++98 [-Wc++98-compat]
[build]   358 |                                                 parse_error::create(101, m_lexer.get_position(), exception_message(token_type::literal_or_value, "value"), nullptr));
[build]       |                                                                                                                                                            ^
[build] C:\Users\pperv\code\unnamed_rpg\vendor\json\include\nlohmann/detail/input/parser.hpp(370,156): warning: 'nullptr' is incompatible with C++98 [-Wc++98-compat]
[build]   370 |                                                 parse_error::create(101, m_lexer.get_position(), exception_message(token_type::literal_or_value, "value"), nullptr));
[build]       |                                                                                                                                                            ^
[build] C:\Users\pperv\code\unnamed_rpg\vendor\json\include\nlohmann/detail/input/parser.hpp(422,141): warning: 'nullptr' is incompatible with C++98 [-Wc++98-compat]
[build]   422 |                                         parse_error::create(101, m_lexer.get_position(), exception_message(token_type::end_array, "array"), nullptr));
[build]       |                                                                                                                                             ^
[build] C:\Users\pperv\code\unnamed_rpg\vendor\json\include\nlohmann/detail/input/parser.hpp(441,157): warning: 'nullptr' is incompatible with C++98 [-Wc++98-compat]
[build]   441 |                                                 parse_error::create(101, m_lexer.get_position(), exception_message(token_type::value_string, "object key"), nullptr));
[build]       |                                                                                                                                                             ^
[build] C:\Users\pperv\code\unnamed_rpg\vendor\json\include\nlohmann/detail/input/parser.hpp(454,165): warning: 'nullptr' is incompatible with C++98 [-Wc++98-compat]
[build]   454 |                                                 parse_error::create(101, m_lexer.get_position(), exception_message(token_type::name_separator, "object separator"), nullptr));
[build]       |                                                                                                                                                                     ^
[build] C:\Users\pperv\code\unnamed_rpg\vendor\json\include\nlohmann/detail/input/parser.hpp(483,139): warning: 'nullptr' is incompatible with C++98 [-Wc++98-compat]
[build]   483 |                                     parse_error::create(101, m_lexer.get_position(), exception_message(token_type::end_object, "object"), nullptr));
[build]       |                                                                                                                                           ^
[build] C:\Users\pperv\code\unnamed_rpg\vendor\json\include\nlohmann/detail/input/parser.hpp(197,26): warning: enumeration type in nested name specifier is incompatible with C++98 [-Wc++98-compat]
[build]   197 |                     case token_type::begin_object:
[build]       |                          ^
[build] C:\Users\pperv\code\unnamed_rpg\vendor\json\include\nlohmann/detail/input/parser.hpp(100,13): note: in instantiation of function template specialization 'nlohmann::detail::parser<nlohmann::basic_json<>, nlohmann::detail::iterator_input_adapter<const char *>>::sax_parse_internal<nlohmann::detail::json_sax_dom_callback_parser<nlohmann::basic_json<>, nlohmann::detail::iterator_input_adapter<const char *>>>' requested here
[build]   100 |             sax_parse_internal(&sdp);
[build]       |             ^
[build] C:\Users\pperv\code\unnamed_rpg\vendor\json\include\nlohmann/json.hpp(4112,148): note: in instantiation of member function 'nlohmann::detail::parser<nlohmann::basic_json<>, nlohmann::detail::iterator_input_adapter<const char *>>::parse' requested here
[build]  4112 |         parser(detail::input_adapter(std::move(first), std::move(last)), std::move(cb), allow_exceptions, ignore_comments, ignore_trailing_commas).parse(true, result); // cppcheck-suppress[accessMoved]
[build]       |                                                                                                                                                    ^
[build] C:\Users\pperv\code\unnamed_rpg\vendor\json\include\nlohmann/json.hpp(5294,28): note: in instantiation of function template specialization 'nlohmann::basic_json<>::parse<const char *, const char *, 0>' requested here
[build]  5294 |     return nlohmann::json::parse(s, s + n);
[build]       |                            ^
[build] In file included from C:\Users\pperv\code\unnamed_rpg\vendor\json-schema-validator\src\json-patch.cpp:1:
[build] In file included from C:\Users\pperv\code\unnamed_rpg\vendor\json-schema-validator\src\json-patch.hpp:3:
[build] In file included from C:\Users\pperv\code\unnamed_rpg\vendor\json\include\nlohmann/json.hpp:53:
[build] C:\Users\pperv\code\unnamed_rpg\vendor\json\include\nlohmann/detail/input/parser.hpp(205,44): warning: enumeration type in nested name specifier is incompatible with C++98 [-Wc++98-compat]
[build]   205 |                         if (get_token() == token_type::end_object)
[build]       |                                            ^
[build] C:\Users\pperv\code\unnamed_rpg\vendor\json\include\nlohmann/detail/input/parser.hpp(215,64): warning: enumeration type in nested name specifier is incompatible with C++98 [-Wc++98-compat]
[build]   215 |                         if (JSON_HEDLEY_UNLIKELY(last_token != token_type::value_string))
[build]       |                                                                ^
[build] C:\Users\pperv\code\unnamed_rpg\vendor\json\include\nlohmann/detail/input/parser.hpp(219,120): warning: enumeration type in nested name specifier is incompatible with C++98 [-Wc++98-compat]
[build]   219 |                                                     parse_error::create(101, m_lexer.get_position(), exception_message(token_type::value_string, "object key"), nullptr));
[build]       |                                                                                                                        ^
[build] C:\Users\pperv\code\unnamed_rpg\vendor\json\include\nlohmann/detail/input/parser.hpp(227,65): warning: enumeration type in nested name specifier is incompatible with C++98 [-Wc++98-compat]
[build]   227 |                         if (JSON_HEDLEY_UNLIKELY(get_token() != token_type::name_separator))
[build]       |                                                                 ^
[build] C:\Users\pperv\code\unnamed_rpg\vendor\json\include\nlohmann/detail/input/parser.hpp(231,120): warning: enumeration type in nested name specifier is incompatible with C++98 [-Wc++98-compat]
[build]   231 |                                                     parse_error::create(101, m_lexer.get_position(), exception_message(token_type::name_separator, "object separator"), nullptr));
[build]       |                                                                                                                        ^
[build] C:\Users\pperv\code\unnamed_rpg\vendor\json\include\nlohmann/detail/input/parser.hpp(242,26): warning: enumeration type in nested name specifier is incompatible with C++98 [-Wc++98-compat]
[build]   242 |                     case token_type::begin_array:
[build]       |                          ^
[build] C:\Users\pperv\code\unnamed_rpg\vendor\json\include\nlohmann/detail/input/parser.hpp(250,44): warning: enumeration type in nested name specifier is incompatible with C++98 [-Wc++98-compat]
[build]   250 |                         if (get_token() == token_type::end_array)
[build]       |                                            ^
[build] C:\Users\pperv\code\unnamed_rpg\vendor\json\include\nlohmann/detail/input/parser.hpp(266,26): warning: enumeration type in nested name specifier is incompatible with C++98 [-Wc++98-compat]
[build]   266 |                     case token_type::value_float:
[build]       |                          ^
[build] C:\Users\pperv\code\unnamed_rpg\vendor\json\include\nlohmann/detail/input/parser.hpp(285,26): warning: enumeration type in nested name specifier is incompatible with C++98 [-Wc++98-compat]
[build]   285 |                     case token_type::literal_false:
[build]       |                          ^
[build] C:\Users\pperv\code\unnamed_rpg\vendor\json\include\nlohmann/detail/input/parser.hpp(294,26): warning: enumeration type in nested name specifier is incompatible with C++98 [-Wc++98-compat]
[build]   294 |                     case token_type::literal_null:
[build]       |                          ^
[build] C:\Users\pperv\code\unnamed_rpg\vendor\json\include\nlohmann/detail/input/parser.hpp(303,26): warning: enumeration type in nested name specifier is incompatible with C++98 [-Wc++98-compat]
[build]   303 |                     case token_type::literal_true:
[build]       |                          ^
[build] C:\Users\pperv\code\unnamed_rpg\vendor\json\include\nlohmann/detail/input/parser.hpp(312,26): warning: enumeration type in nested name specifier is incompatible with C++98 [-Wc++98-compat]
[build]   312 |                     case token_type::value_integer:
[build]       |                          ^
[build] C:\Users\pperv\code\unnamed_rpg\vendor\json\include\nlohmann/detail/input/parser.hpp(321,26): warning: enumeration type in nested name specifier is incompatible with C++98 [-Wc++98-compat]
[build]   321 |                     case token_type::value_string:
[build]       |                          ^
[build] C:\Users\pperv\code\unnamed_rpg\vendor\json\include\nlohmann/detail/input/parser.hpp(330,26): warning: enumeration type in nested name specifier is incompatible with C++98 [-Wc++98-compat]
[build]   330 |                     case token_type::value_unsigned:
[build]       |                          ^
[build] C:\Users\pperv\code\unnamed_rpg\vendor\json\include\nlohmann/detail/input/parser.hpp(339,26): warning: enumeration type in nested name specifier is incompatible with C++98 [-Wc++98-compat]
[build]   339 |                     case token_type::parse_error:
[build]       |                          ^
[build] C:\Users\pperv\code\unnamed_rpg\vendor\json\include\nlohmann/detail/input/parser.hpp(344,116): warning: enumeration type in nested name specifier is incompatible with C++98 [-Wc++98-compat]
[build]   344 |                                                 parse_error::create(101, m_lexer.get_position(), exception_message(token_type::uninitialized, "value"), nullptr));
[build]       |                                                                                                                    ^
[build] C:\Users\pperv\code\unnamed_rpg\vendor\json\include\nlohmann/detail/input/parser.hpp(346,26): warning: enumeration type in nested name specifier is incompatible with C++98 [-Wc++98-compat]
[build]   346 |                     case token_type::end_of_input:
[build]       |                          ^
[build] C:\Users\pperv\code\unnamed_rpg\vendor\json\include\nlohmann/detail/input/parser.hpp(358,116): warning: enumeration type in nested name specifier is incompatible with C++98 [-Wc++98-compat]
[build]   358 |                                                 parse_error::create(101, m_lexer.get_position(), exception_message(token_type::literal_or_value, "value"), nullptr));
[build]       |                                                                                                                    ^
[build] C:\Users\pperv\code\unnamed_rpg\vendor\json\include\nlohmann/detail/input/parser.hpp(360,26): warning: enumeration type in nested name specifier is incompatible with C++98 [-Wc++98-compat]
[build]   360 |                     case token_type::uninitialized:
[build]       |                          ^
[build] C:\Users\pperv\code\unnamed_rpg\vendor\json\include\nlohmann/detail/input/parser.hpp(361,26): warning: enumeration type in nested name specifier is incompatible with C++98 [-Wc++98-compat]
[build]   361 |                     case token_type::end_array:
[build]       |                          ^
[build] C:\Users\pperv\code\unnamed_rpg\vendor\json\include\nlohmann/detail/input/parser.hpp(362,26): warning: enumeration type in nested name specifier is incompatible with C++98 [-Wc++98-compat]
[build]   362 |                     case token_type::end_object:
[build]       |                          ^
[build] C:\Users\pperv\code\unnamed_rpg\vendor\json\include\nlohmann/detail/input/parser.hpp(363,26): warning: enumeration type in nested name specifier is incompatible with C++98 [-Wc++98-compat]
[build]   363 |                     case token_type::name_separator:
[build]       |                          ^
[build] C:\Users\pperv\code\unnamed_rpg\vendor\json\include\nlohmann/detail/input/parser.hpp(364,26): warning: enumeration type in nested name specifier is incompatible with C++98 [-Wc++98-compat]
[build]   364 |                     case token_type::value_separator:
[build]       |                          ^
[build] C:\Users\pperv\code\unnamed_rpg\vendor\json\include\nlohmann/detail/input/parser.hpp(365,26): warning: enumeration type in nested name specifier is incompatible with C++98 [-Wc++98-compat]
[build]   365 |                     case token_type::literal_or_value:
[build]       |                          ^
[build] C:\Users\pperv\code\unnamed_rpg\vendor\json\include\nlohmann/detail/input/parser.hpp(370,116): warning: enumeration type in nested name specifier is incompatible with C++98 [-Wc++98-compat]
[build]   370 |                                                 parse_error::create(101, m_lexer.get_position(), exception_message(token_type::literal_or_value, "value"), nullptr));
[build]       |                                                                                                                    ^
[build] C:\Users\pperv\code\unnamed_rpg\vendor\json\include\nlohmann/detail/input/parser.hpp(366,21): warning: default label in switch which covers all enumeration values [-Wcovered-switch-default]
[build]   366 |                     default: // the last token was unexpected
[build]       |                     ^
[build] C:\Users\pperv\code\unnamed_rpg\vendor\json\include\nlohmann/detail/input/parser.hpp(390,36): warning: enumeration type in nested name specifier is incompatible with C++98 [-Wc++98-compat]
[build]   390 |                 if (get_token() == token_type::value_separator)
[build]       |                                    ^
[build] C:\Users\pperv\code\unnamed_rpg\vendor\json\include\nlohmann/detail/input/parser.hpp(396,67): warning: enumeration type in nested name specifier is incompatible with C++98 [-Wc++98-compat]
[build]   396 |                     if (!(ignore_trailing_commas && last_token == token_type::end_array))
[build]       |                                                                   ^
[build] C:\Users\pperv\code\unnamed_rpg\vendor\json\include\nlohmann/detail/input/parser.hpp(403,54): warning: enumeration type in nested name specifier is incompatible with C++98 [-Wc++98-compat]
[build]   403 |                 if (JSON_HEDLEY_LIKELY(last_token == token_type::end_array))
[build]       |                                                      ^
[build] C:\Users\pperv\code\unnamed_rpg\vendor\json\include\nlohmann/detail/input/parser.hpp(422,108): warning: enumeration type in nested name specifier is incompatible with C++98 [-Wc++98-compat]
[build]   422 |                                         parse_error::create(101, m_lexer.get_position(), exception_message(token_type::end_array, "array"), nullptr));
[build]       |                                                                                                            ^
[build] C:\Users\pperv\code\unnamed_rpg\vendor\json\include\nlohmann/detail/input/parser.hpp(429,32): warning: enumeration type in nested name specifier is incompatible with C++98 [-Wc++98-compat]
[build]   429 |             if (get_token() == token_type::value_separator)
[build]       |                                ^
[build] C:\Users\pperv\code\unnamed_rpg\vendor\json\include\nlohmann/detail/input/parser.hpp(434,63): warning: enumeration type in nested name specifier is incompatible with C++98 [-Wc++98-compat]
[build]   434 |                 if (!(ignore_trailing_commas && last_token == token_type::end_object))
[build]       |                                                               ^
[build] C:\Users\pperv\code\unnamed_rpg\vendor\json\include\nlohmann/detail/input/parser.hpp(437,60): warning: enumeration type in nested name specifier is incompatible with C++98 [-Wc++98-compat]
[build]   437 |                     if (JSON_HEDLEY_UNLIKELY(last_token != token_type::value_string))
[build]       |                                                            ^
[build] C:\Users\pperv\code\unnamed_rpg\vendor\json\include\nlohmann/detail/input/parser.hpp(441,116): warning: enumeration type in nested name specifier is incompatible with C++98 [-Wc++98-compat]
[build]   441 |                                                 parse_error::create(101, m_lexer.get_position(), exception_message(token_type::value_string, "object key"), nullptr));
[build]       |                                                                                                                    ^
[build] C:\Users\pperv\code\unnamed_rpg\vendor\json\include\nlohmann/detail/input/parser.hpp(450,61): warning: enumeration type in nested name specifier is incompatible with C++98 [-Wc++98-compat]
[build]   450 |                     if (JSON_HEDLEY_UNLIKELY(get_token() != token_type::name_separator))
[build]       |                                                             ^
[build] C:\Users\pperv\code\unnamed_rpg\vendor\json\include\nlohmann/detail/input/parser.hpp(454,116): warning: enumeration type in nested name specifier is incompatible with C++98 [-Wc++98-compat]
[build]   454 |                                                 parse_error::create(101, m_lexer.get_position(), exception_message(token_type::name_separator, "object separator"), nullptr));
[build]       |                                                                                                                    ^
[build] C:\Users\pperv\code\unnamed_rpg\vendor\json\include\nlohmann/detail/input/parser.hpp(464,50): warning: enumeration type in nested name specifier is incompatible with C++98 [-Wc++98-compat]
[build]   464 |             if (JSON_HEDLEY_LIKELY(last_token == token_type::end_object))
[build]       |                                                  ^
[build] C:\Users\pperv\code\unnamed_rpg\vendor\json\include\nlohmann/detail/input/parser.hpp(483,104): warning: enumeration type in nested name specifier is incompatible with C++98 [-Wc++98-compat]
[build]   483 |                                     parse_error::create(101, m_lexer.get_position(), exception_message(token_type::end_object, "object"), nullptr));
[build]       |                                                                                                        ^
[build] In file included from C:\Users\pperv\code\unnamed_rpg\vendor\json-schema-validator\src\json-patch.cpp:1:
[build] In file included from C:\Users\pperv\code\unnamed_rpg\vendor\json-schema-validator\src\json-patch.hpp:3:
[build] In file included from C:\Users\pperv\code\unnamed_rpg\vendor\json\include\nlohmann/json.hpp:50:
[build] In file included from C:\Users\pperv\code\unnamed_rpg\vendor\json\include\nlohmann/detail/input/binary_reader.hpp:29:
[build] C:\Users\pperv\code\unnamed_rpg\vendor\json\include\nlohmann/detail/input/json_sax.hpp(551,9): warning: 'auto' type specifier is incompatible with C++98 [-Wc++98-compat]
[build]   551 |         auto val = handle_value(BasicJsonType::value_t::object, true);
[build]       |         ^~~~
[build] C:\Users\pperv\code\unnamed_rpg\vendor\json\include\nlohmann/detail/input/json_sax.hpp(548,72): warning: enumeration type in nested name specifier is incompatible with C++98 [-Wc++98-compat]
[build]   548 |         const bool keep = callback(static_cast<int>(ref_stack.size()), parse_event_t::object_start, discarded);
[build]       |                                                                        ^
[build] C:\Users\pperv\code\unnamed_rpg\vendor\json\include\nlohmann/detail/input/parser.hpp(199,56): note: in instantiation of member function 'nlohmann::detail::json_sax_dom_callback_parser<nlohmann::basic_json<>, nlohmann::detail::iterator_input_adapter<const char *>>::start_object' requested here
[build]   199 |                         if (JSON_HEDLEY_UNLIKELY(!sax->start_object(detail::unknown_size())))
[build]       |                                                        ^
[build] C:\Users\pperv\code\unnamed_rpg\vendor\json\include\nlohmann/thirdparty/hedley/hedley.hpp(1360,94): note: expanded from macro 'JSON_HEDLEY_UNLIKELY'
[build]  1360 | #  define JSON_HEDLEY_UNLIKELY(expr)                    __builtin_expect                 (!!(expr),    0                  )
[build]       |                                                                                              ^
[build] C:\Users\pperv\code\unnamed_rpg\vendor\json\include\nlohmann/detail/input/parser.hpp(100,13): note: in instantiation of function template specialization 'nlohmann::detail::parser<nlohmann::basic_json<>, nlohmann::detail::iterator_input_adapter<const char *>>::sax_parse_internal<nlohmann::detail::json_sax_dom_callback_parser<nlohmann::basic_json<>, nlohmann::detail::iterator_input_adapter<const char *>>>' requested here
[build]   100 |             sax_parse_internal(&sdp);
[build]       |             ^
[build] C:\Users\pperv\code\unnamed_rpg\vendor\json\include\nlohmann/json.hpp(4112,148): note: in instantiation of member function 'nlohmann::detail::parser<nlohmann::basic_json<>, nlohmann::detail::iterator_input_adapter<const char *>>::parse' requested here
[build]  4112 |         parser(detail::input_adapter(std::move(first), std::move(last)), std::move(cb), allow_exceptions, ignore_comments, ignore_trailing_commas).parse(true, result); // cppcheck-suppress[accessMoved]
[build]       |                                                                                                                                                    ^
[build] C:\Users\pperv\code\unnamed_rpg\vendor\json\include\nlohmann/json.hpp(5294,28): note: in instantiation of function template specialization 'nlohmann::basic_json<>::parse<const char *, const char *, 0>' requested here
[build]  5294 |     return nlohmann::json::parse(s, s + n);
[build]       |                            ^
[build] In file included from C:\Users\pperv\code\unnamed_rpg\vendor\json-schema-validator\src\json-patch.cpp:1:
[build] In file included from C:\Users\pperv\code\unnamed_rpg\vendor\json-schema-validator\src\json-patch.hpp:3:
[build] In file included from C:\Users\pperv\code\unnamed_rpg\vendor\json\include\nlohmann/json.hpp:50:
[build] In file included from C:\Users\pperv\code\unnamed_rpg\vendor\json\include\nlohmann/detail/input/binary_reader.hpp:29:
[build] C:\Users\pperv\code\unnamed_rpg\vendor\json\include\nlohmann/detail/input/json_sax.hpp(849,28): warning: 'nullptr' is incompatible with C++98 [-Wc++98-compat]
[build]   849 |             return {false, nullptr};
[build]       |                            ^
[build] C:\Users\pperv\code\unnamed_rpg\vendor\json\include\nlohmann/detail/input/json_sax.hpp(849,20): warning: generalized initializer lists are incompatible with C++98 [-Wc++98-compat]
[build]   849 |             return {false, nullptr};
[build]       |                    ^~~~~~~~~~~~~~~~
[build] C:\Users\pperv\code\unnamed_rpg\vendor\json\include\nlohmann/detail/input/json_sax.hpp(853,9): warning: 'auto' type specifier is incompatible with C++98 [-Wc++98-compat]
[build]   853 |         auto value = BasicJsonType(std::forward<Value>(v));
[build]       |         ^~~~
[build] C:\Users\pperv\code\unnamed_rpg\vendor\json\include\nlohmann/detail/input/json_sax.hpp(877,28): warning: 'nullptr' is incompatible with C++98 [-Wc++98-compat]
[build]   877 |             return {false, nullptr};
[build]       |                            ^
[build] C:\Users\pperv\code\unnamed_rpg\vendor\json\include\nlohmann/detail/input/json_sax.hpp(877,20): warning: generalized initializer lists are incompatible with C++98 [-Wc++98-compat]
[build]   877 |             return {false, nullptr};
[build]       |                    ^~~~~~~~~~~~~~~~
[build] C:\Users\pperv\code\unnamed_rpg\vendor\json\include\nlohmann/detail/input/json_sax.hpp(883,20): warning: generalized initializer lists are incompatible with C++98 [-Wc++98-compat]
[build]   883 |             return {true, & root};
[build]       |                    ^~~~~~~~~~~~~~
[build] C:\Users\pperv\code\unnamed_rpg\vendor\json\include\nlohmann/detail/input/json_sax.hpp(890,28): warning: 'nullptr' is incompatible with C++98 [-Wc++98-compat]
[build]   890 |             return {false, nullptr};
[build]       |                            ^
[build] C:\Users\pperv\code\unnamed_rpg\vendor\json\include\nlohmann/detail/input/json_sax.hpp(890,20): warning: generalized initializer lists are incompatible with C++98 [-Wc++98-compat]
[build]   890 |             return {false, nullptr};
[build]       |                    ^~~~~~~~~~~~~~~~
[build] C:\Users\pperv\code\unnamed_rpg\vendor\json\include\nlohmann/detail/input/json_sax.hpp(900,20): warning: generalized initializer lists are incompatible with C++98 [-Wc++98-compat]
[build]   900 |             return {true, & (ref_stack.back()->m_data.m_value.array->back())};
[build]       |                    ^~~~~~~~~~~~~~~~~~~~~~~~~~~~~~~~~~~~~~~~~~~~~~~~~~~~~~~~~~
[build] C:\Users\pperv\code\unnamed_rpg\vendor\json\include\nlohmann/detail/input/json_sax.hpp(912,28): warning: 'nullptr' is incompatible with C++98 [-Wc++98-compat]
[build]   912 |             return {false, nullptr};
[build]       |                            ^
[build] C:\Users\pperv\code\unnamed_rpg\vendor\json\include\nlohmann/detail/input/json_sax.hpp(912,20): warning: generalized initializer lists are incompatible with C++98 [-Wc++98-compat]
[build]   912 |             return {false, nullptr};
[build]       |                    ^~~~~~~~~~~~~~~~
[build] C:\Users\pperv\code\unnamed_rpg\vendor\json\include\nlohmann/detail/input/json_sax.hpp(917,16): warning: generalized initializer lists are incompatible with C++98 [-Wc++98-compat]
[build]   917 |         return {true, object_element};
[build]       |                ^~~~~~~~~~~~~~~~~~~~~~
[build] C:\Users\pperv\code\unnamed_rpg\vendor\json\include\nlohmann/detail/input/json_sax.hpp(849,20): warning: constructor call from initializer list is incompatible with C++98 [-Wc++98-compat]
[build]   849 |             return {false, nullptr};
[build]       |                    ^~~~~~~~~~~~~~~~
[build] C:\Users\pperv\code\unnamed_rpg\vendor\json\include\nlohmann/detail/input/json_sax.hpp(551,20): note: in instantiation of function template specialization 'nlohmann::detail::json_sax_dom_callback_parser<nlohmann::basic_json<>, nlohmann::detail::iterator_input_adapter<const char *>>::handle_value<nlohmann::detail::value_t>' requested here
[build]   551 |         auto val = handle_value(BasicJsonType::value_t::object, true);
[build]       |                    ^
[build] C:\Users\pperv\code\unnamed_rpg\vendor\json\include\nlohmann/detail/input/parser.hpp(199,56): note: in instantiation of member function 'nlohmann::detail::json_sax_dom_callback_parser<nlohmann::basic_json<>, nlohmann::detail::iterator_input_adapter<const char *>>::start_object' requested here
[build]   199 |                         if (JSON_HEDLEY_UNLIKELY(!sax->start_object(detail::unknown_size())))
[build]       |                                                        ^
[build] C:\Users\pperv\code\unnamed_rpg\vendor\json\include\nlohmann/thirdparty/hedley/hedley.hpp(1360,94): note: expanded from macro 'JSON_HEDLEY_UNLIKELY'
[build]  1360 | #  define JSON_HEDLEY_UNLIKELY(expr)                    __builtin_expect                 (!!(expr),    0                  )
[build]       |                                                                                              ^
[build] C:\Users\pperv\code\unnamed_rpg\vendor\json\include\nlohmann/detail/input/parser.hpp(100,13): note: in instantiation of function template specialization 'nlohmann::detail::parser<nlohmann::basic_json<>, nlohmann::detail::iterator_input_adapter<const char *>>::sax_parse_internal<nlohmann::detail::json_sax_dom_callback_parser<nlohmann::basic_json<>, nlohmann::detail::iterator_input_adapter<const char *>>>' requested here
[build]   100 |             sax_parse_internal(&sdp);
[build]       |             ^
[build] C:\Users\pperv\code\unnamed_rpg\vendor\json\include\nlohmann/json.hpp(4112,148): note: in instantiation of member function 'nlohmann::detail::parser<nlohmann::basic_json<>, nlohmann::detail::iterator_input_adapter<const char *>>::parse' requested here
[build]  4112 |         parser(detail::input_adapter(std::move(first), std::move(last)), std::move(cb), allow_exceptions, ignore_comments, ignore_trailing_commas).parse(true, result); // cppcheck-suppress[accessMoved]
[build]       |                                                                                                                                                    ^
[build] C:\Users\pperv\code\unnamed_rpg\vendor\json\include\nlohmann/json.hpp(5294,28): note: in instantiation of function template specialization 'nlohmann::basic_json<>::parse<const char *, const char *, 0>' requested here
[build]  5294 |     return nlohmann::json::parse(s, s + n);
[build]       |                            ^
[build] In file included from C:\Users\pperv\code\unnamed_rpg\vendor\json-schema-validator\src\json-patch.cpp:1:
[build] In file included from C:\Users\pperv\code\unnamed_rpg\vendor\json-schema-validator\src\json-patch.hpp:3:
[build] In file included from C:\Users\pperv\code\unnamed_rpg\vendor\json\include\nlohmann/json.hpp:50:
[build] In file included from C:\Users\pperv\code\unnamed_rpg\vendor\json\include\nlohmann/detail/input/binary_reader.hpp:29:
[build] C:\Users\pperv\code\unnamed_rpg\vendor\json\include\nlohmann/detail/input/json_sax.hpp(860,89): warning: enumeration type in nested name specifier is incompatible with C++98 [-Wc++98-compat]
[build]   860 |         const bool keep = skip_callback || callback(static_cast<int>(ref_stack.size()), parse_event_t::value, value);
[build]       |                                                                                         ^
[build] C:\Users\pperv\code\unnamed_rpg\vendor\json\include\nlohmann/detail/input/json_sax.hpp(551,20): note: in instantiation of function template specialization 'nlohmann::detail::json_sax_dom_callback_parser<nlohmann::basic_json<>, nlohmann::detail::iterator_input_adapter<const char *>>::handle_value<nlohmann::detail::value_t>' requested here
[build]   551 |         auto val = handle_value(BasicJsonType::value_t::object, true);
[build]       |                    ^
[build] C:\Users\pperv\code\unnamed_rpg\vendor\json\include\nlohmann/detail/input/parser.hpp(199,56): note: in instantiation of member function 'nlohmann::detail::json_sax_dom_callback_parser<nlohmann::basic_json<>, nlohmann::detail::iterator_input_adapter<const char *>>::start_object' requested here
[build]   199 |                         if (JSON_HEDLEY_UNLIKELY(!sax->start_object(detail::unknown_size())))
[build]       |                                                        ^
[build] C:\Users\pperv\code\unnamed_rpg\vendor\json\include\nlohmann/thirdparty/hedley/hedley.hpp(1360,94): note: expanded from macro 'JSON_HEDLEY_UNLIKELY'
[build]  1360 | #  define JSON_HEDLEY_UNLIKELY(expr)                    __builtin_expect                 (!!(expr),    0                  )
[build]       |                                                                                              ^
[build] C:\Users\pperv\code\unnamed_rpg\vendor\json\include\nlohmann/detail/input/parser.hpp(100,13): note: in instantiation of function template specialization 'nlohmann::detail::parser<nlohmann::basic_json<>, nlohmann::detail::iterator_input_adapter<const char *>>::sax_parse_internal<nlohmann::detail::json_sax_dom_callback_parser<nlohmann::basic_json<>, nlohmann::detail::iterator_input_adapter<const char *>>>' requested here
[build]   100 |             sax_parse_internal(&sdp);
[build]       |             ^
[build] C:\Users\pperv\code\unnamed_rpg\vendor\json\include\nlohmann/json.hpp(4112,148): note: in instantiation of member function 'nlohmann::detail::parser<nlohmann::basic_json<>, nlohmann::detail::iterator_input_adapter<const char *>>::parse' requested here
[build]  4112 |         parser(detail::input_adapter(std::move(first), std::move(last)), std::move(cb), allow_exceptions, ignore_comments, ignore_trailing_commas).parse(true, result); // cppcheck-suppress[accessMoved]
[build]       |                                                                                                                                                    ^
[build] C:\Users\pperv\code\unnamed_rpg\vendor\json\include\nlohmann/json.hpp(5294,28): note: in instantiation of function template specialization 'nlohmann::basic_json<>::parse<const char *, const char *, 0>' requested here
[build]  5294 |     return nlohmann::json::parse(s, s + n);
[build]       |                            ^
[build] In file included from C:\Users\pperv\code\unnamed_rpg\vendor\json-schema-validator\src\json-patch.cpp:1:
[build] In file included from C:\Users\pperv\code\unnamed_rpg\vendor\json-schema-validator\src\json-patch.hpp:3:
[build] In file included from C:\Users\pperv\code\unnamed_rpg\vendor\json\include\nlohmann/json.hpp:50:
[build] In file included from C:\Users\pperv\code\unnamed_rpg\vendor\json\include\nlohmann/detail/input/binary_reader.hpp:29:
[build] C:\Users\pperv\code\unnamed_rpg\vendor\json\include\nlohmann/detail/input/json_sax.hpp(877,20): warning: constructor call from initializer list is incompatible with C++98 [-Wc++98-compat]
[build]   877 |             return {false, nullptr};
[build]       |                    ^~~~~~~~~~~~~~~~
[build] C:\Users\pperv\code\unnamed_rpg\vendor\json\include\nlohmann/detail/input/json_sax.hpp(883,20): warning: constructor call from initializer list is incompatible with C++98 [-Wc++98-compat]
[build]   883 |             return {true, & root};
[build]       |                    ^~~~~~~~~~~~~~
[build] C:\Users\pperv\code\unnamed_rpg\vendor\json\include\nlohmann/detail/input/json_sax.hpp(890,20): warning: constructor call from initializer list is incompatible with C++98 [-Wc++98-compat]
[build]   890 |             return {false, nullptr};
[build]       |                    ^~~~~~~~~~~~~~~~
[build] C:\Users\pperv\code\unnamed_rpg\vendor\json\include\nlohmann/detail/input/json_sax.hpp(900,20): warning: constructor call from initializer list is incompatible with C++98 [-Wc++98-compat]
[build]   900 |             return {true, & (ref_stack.back()->m_data.m_value.array->back())};
[build]       |                    ^~~~~~~~~~~~~~~~~~~~~~~~~~~~~~~~~~~~~~~~~~~~~~~~~~~~~~~~~~
[build] C:\Users\pperv\code\unnamed_rpg\vendor\json\include\nlohmann/detail/input/json_sax.hpp(912,20): warning: constructor call from initializer list is incompatible with C++98 [-Wc++98-compat]
[build]   912 |             return {false, nullptr};
[build]       |                    ^~~~~~~~~~~~~~~~
[build] C:\Users\pperv\code\unnamed_rpg\vendor\json\include\nlohmann/detail/input/json_sax.hpp(917,16): warning: constructor call from initializer list is incompatible with C++98 [-Wc++98-compat]
[build]   917 |         return {true, object_element};
[build]       |                ^~~~~~~~~~~~~~~~~~~~~~
[build] C:\Users\pperv\code\unnamed_rpg\vendor\json\include\nlohmann/detail/input/json_sax.hpp(815,14): warning: 'auto' type specifier is incompatible with C++98 [-Wc++98-compat]
[build]   815 |         for (auto it = parent.begin(); it != parent.end(); ++it)
[build]       |              ^~~~
[build] In file included from C:\Users\pperv\code\unnamed_rpg\vendor\json-schema-validator\src\json-patch.cpp:1:
[build] In file included from C:\Users\pperv\code\unnamed_rpg\vendor\json-schema-validator\src\json-patch.hpp:3:
[build] In file included from C:\Users\pperv\code\unnamed_rpg\vendor\json\include\nlohmann/json.hpp:55:
[build] C:\Users\pperv\code\unnamed_rpg\vendor\json\include\nlohmann/detail/iterators/iter_impl.hpp(508,170): warning: use of null pointer as non-type template argument is incompatible with C++98 [-Wc++98-compat]
[build]   508 |     template < typename IterImpl, detail::enable_if_t < (std::is_same<IterImpl, iter_impl>::value || std::is_same<IterImpl, other_iter_impl>::value), std::nullptr_t > = nullptr >
[build]       |                                                                                                                                                                          ^
[build] C:\Users\pperv\code\unnamed_rpg\vendor\json\include\nlohmann/detail/input/json_sax.hpp(815,43): note: while substituting deduced template arguments into function template 'operator!=' [with IterImpl = iterator, $1 = (no value)]
[build]   815 |         for (auto it = parent.begin(); it != parent.end(); ++it)
[build]       |                                           ^
[build] C:\Users\pperv\code\unnamed_rpg\vendor\json\include\nlohmann/detail/input/json_sax.hpp(874,21): note: in instantiation of member function 'nlohmann::detail::json_sax_dom_callback_parser<nlohmann::basic_json<>, nlohmann::detail::iterator_input_adapter<const char *>>::remove_discarded_value' requested here
[build]   874 |                     remove_discarded_value(*ref_stack.back());
[build]       |                     ^
[build] C:\Users\pperv\code\unnamed_rpg\vendor\json\include\nlohmann/detail/input/json_sax.hpp(551,20): note: in instantiation of function template specialization 'nlohmann::detail::json_sax_dom_callback_parser<nlohmann::basic_json<>, nlohmann::detail::iterator_input_adapter<const char *>>::handle_value<nlohmann::detail::value_t>' requested here
[build]   551 |         auto val = handle_value(BasicJsonType::value_t::object, true);
[build]       |                    ^
[build] C:\Users\pperv\code\unnamed_rpg\vendor\json\include\nlohmann/detail/input/parser.hpp(199,56): note: in instantiation of member function 'nlohmann::detail::json_sax_dom_callback_parser<nlohmann::basic_json<>, nlohmann::detail::iterator_input_adapter<const char *>>::start_object' requested here
[build]   199 |                         if (JSON_HEDLEY_UNLIKELY(!sax->start_object(detail::unknown_size())))
[build]       |                                                        ^
[build] C:\Users\pperv\code\unnamed_rpg\vendor\json\include\nlohmann/thirdparty/hedley/hedley.hpp(1360,94): note: expanded from macro 'JSON_HEDLEY_UNLIKELY'
[build]  1360 | #  define JSON_HEDLEY_UNLIKELY(expr)                    __builtin_expect                 (!!(expr),    0                  )
[build]       |                                                                                              ^
[build] C:\Users\pperv\code\unnamed_rpg\vendor\json\include\nlohmann/detail/input/parser.hpp(100,13): note: in instantiation of function template specialization 'nlohmann::detail::parser<nlohmann::basic_json<>, nlohmann::detail::iterator_input_adapter<const char *>>::sax_parse_internal<nlohmann::detail::json_sax_dom_callback_parser<nlohmann::basic_json<>, nlohmann::detail::iterator_input_adapter<const char *>>>' requested here
[build]   100 |             sax_parse_internal(&sdp);
[build]       |             ^
[build] C:\Users\pperv\code\unnamed_rpg\vendor\json\include\nlohmann/json.hpp(4112,148): note: in instantiation of member function 'nlohmann::detail::parser<nlohmann::basic_json<>, nlohmann::detail::iterator_input_adapter<const char *>>::parse' requested here
[build]  4112 |         parser(detail::input_adapter(std::move(first), std::move(last)), std::move(cb), allow_exceptions, ignore_comments, ignore_trailing_commas).parse(true, result); // cppcheck-suppress[accessMoved]
[build]       |                                                                                                                                                    ^
[build] C:\Users\pperv\code\unnamed_rpg\vendor\json\include\nlohmann/json.hpp(5294,28): note: in instantiation of function template specialization 'nlohmann::basic_json<>::parse<const char *, const char *, 0>' requested here
[build]  5294 |     return nlohmann::json::parse(s, s + n);
[build]       |                            ^
[build] In file included from C:\Users\pperv\code\unnamed_rpg\vendor\json-schema-validator\src\json-patch.cpp:1:
[build] In file included from C:\Users\pperv\code\unnamed_rpg\vendor\json-schema-validator\src\json-patch.hpp:3:
[build] In file included from C:\Users\pperv\code\unnamed_rpg\vendor\json\include\nlohmann/json.hpp:55:
[build] C:\Users\pperv\code\unnamed_rpg\vendor\json\include\nlohmann/detail/iterators/iter_impl.hpp(102,33): warning: 'nullptr' is incompatible with C++98 [-Wc++98-compat]
[build]   102 |         JSON_ASSERT(m_object != nullptr);
[build]       |                                 ^
[build] C:\Users\pperv\code\unnamed_rpg\vendor\json\include\nlohmann/detail/iterators/iter_impl.hpp(106,18): warning: enumeration type in nested name specifier is incompatible with C++98 [-Wc++98-compat]
[build]   106 |             case value_t::object:
[build]       |                  ^
[build] C:\Users\pperv\code\unnamed_rpg\vendor\json\include\nlohmann/detail/input/json_sax.hpp(815,31): note: in instantiation of member function 'nlohmann::basic_json<>::begin' requested here
[build]   815 |         for (auto it = parent.begin(); it != parent.end(); ++it)
[build]       |                               ^
[build] C:\Users\pperv\code\unnamed_rpg\vendor\json\include\nlohmann/detail/input/json_sax.hpp(874,21): note: in instantiation of member function 'nlohmann::detail::json_sax_dom_callback_parser<nlohmann::basic_json<>, nlohmann::detail::iterator_input_adapter<const char *>>::remove_discarded_value' requested here
[build]   874 |                     remove_discarded_value(*ref_stack.back());
[build]       |                     ^
[build] C:\Users\pperv\code\unnamed_rpg\vendor\json\include\nlohmann/detail/input/json_sax.hpp(551,20): note: in instantiation of function template specialization 'nlohmann::detail::json_sax_dom_callback_parser<nlohmann::basic_json<>, nlohmann::detail::iterator_input_adapter<const char *>>::handle_value<nlohmann::detail::value_t>' requested here
[build]   551 |         auto val = handle_value(BasicJsonType::value_t::object, true);
[build]       |                    ^
[build] C:\Users\pperv\code\unnamed_rpg\vendor\json\include\nlohmann/detail/input/parser.hpp(199,56): note: in instantiation of member function 'nlohmann::detail::json_sax_dom_callback_parser<nlohmann::basic_json<>, nlohmann::detail::iterator_input_adapter<const char *>>::start_object' requested here
[build]   199 |                         if (JSON_HEDLEY_UNLIKELY(!sax->start_object(detail::unknown_size())))
[build]       |                                                        ^
[build] C:\Users\pperv\code\unnamed_rpg\vendor\json\include\nlohmann/thirdparty/hedley/hedley.hpp(1360,94): note: expanded from macro 'JSON_HEDLEY_UNLIKELY'
[build]  1360 | #  define JSON_HEDLEY_UNLIKELY(expr)                    __builtin_expect                 (!!(expr),    0                  )
[build]       |                                                                                              ^
[build] C:\Users\pperv\code\unnamed_rpg\vendor\json\include\nlohmann/detail/input/parser.hpp(100,13): note: in instantiation of function template specialization 'nlohmann::detail::parser<nlohmann::basic_json<>, nlohmann::detail::iterator_input_adapter<const char *>>::sax_parse_internal<nlohmann::detail::json_sax_dom_callback_parser<nlohmann::basic_json<>, nlohmann::detail::iterator_input_adapter<const char *>>>' requested here
[build]   100 |             sax_parse_internal(&sdp);
[build]       |             ^
[build] C:\Users\pperv\code\unnamed_rpg\vendor\json\include\nlohmann/json.hpp(4112,148): note: in instantiation of member function 'nlohmann::detail::parser<nlohmann::basic_json<>, nlohmann::detail::iterator_input_adapter<const char *>>::parse' requested here
[build]  4112 |         parser(detail::input_adapter(std::move(first), std::move(last)), std::move(cb), allow_exceptions, ignore_comments, ignore_trailing_commas).parse(true, result); // cppcheck-suppress[accessMoved]
[build]       |                                                                                                                                                    ^
[build] C:\Users\pperv\code\unnamed_rpg\vendor\json\include\nlohmann/json.hpp(5294,28): note: in instantiation of function template specialization 'nlohmann::basic_json<>::parse<const char *, const char *, 0>' requested here
[build]  5294 |     return nlohmann::json::parse(s, s + n);
[build]       |                            ^
[build] In file included from C:\Users\pperv\code\unnamed_rpg\vendor\json-schema-validator\src\json-patch.cpp:1:
[build] In file included from C:\Users\pperv\code\unnamed_rpg\vendor\json-schema-validator\src\json-patch.hpp:3:
[build] In file included from C:\Users\pperv\code\unnamed_rpg\vendor\json\include\nlohmann/json.hpp:55:
[build] C:\Users\pperv\code\unnamed_rpg\vendor\json\include\nlohmann/detail/iterators/iter_impl.hpp(112,18): warning: enumeration type in nested name specifier is incompatible with C++98 [-Wc++98-compat]
[build]   112 |             case value_t::array:
[build]       |                  ^
[build] C:\Users\pperv\code\unnamed_rpg\vendor\json\include\nlohmann/detail/iterators/iter_impl.hpp(118,18): warning: enumeration type in nested name specifier is incompatible with C++98 [-Wc++98-compat]
[build]   118 |             case value_t::null:
[build]       |                  ^
[build] C:\Users\pperv\code\unnamed_rpg\vendor\json\include\nlohmann/detail/iterators/iter_impl.hpp(119,18): warning: enumeration type in nested name specifier is incompatible with C++98 [-Wc++98-compat]
[build]   119 |             case value_t::string:
[build]       |                  ^
[build] C:\Users\pperv\code\unnamed_rpg\vendor\json\include\nlohmann/detail/iterators/iter_impl.hpp(120,18): warning: enumeration type in nested name specifier is incompatible with C++98 [-Wc++98-compat]
[build]   120 |             case value_t::boolean:
[build]       |                  ^
[build] C:\Users\pperv\code\unnamed_rpg\vendor\json\include\nlohmann/detail/iterators/iter_impl.hpp(121,18): warning: enumeration type in nested name specifier is incompatible with C++98 [-Wc++98-compat]
[build]   121 |             case value_t::number_integer:
[build]       |                  ^
[build] C:\Users\pperv\code\unnamed_rpg\vendor\json\include\nlohmann/detail/iterators/iter_impl.hpp(122,18): warning: enumeration type in nested name specifier is incompatible with C++98 [-Wc++98-compat]
[build]   122 |             case value_t::number_unsigned:
[build]       |                  ^
[build] C:\Users\pperv\code\unnamed_rpg\vendor\json\include\nlohmann/detail/iterators/iter_impl.hpp(123,18): warning: enumeration type in nested name specifier is incompatible with C++98 [-Wc++98-compat]
[build]   123 |             case value_t::number_float:
[build]       |                  ^
[build] C:\Users\pperv\code\unnamed_rpg\vendor\json\include\nlohmann/detail/iterators/iter_impl.hpp(124,18): warning: enumeration type in nested name specifier is incompatible with C++98 [-Wc++98-compat]
[build]   124 |             case value_t::binary:
[build]       |                  ^
[build] C:\Users\pperv\code\unnamed_rpg\vendor\json\include\nlohmann/detail/iterators/iter_impl.hpp(125,18): warning: enumeration type in nested name specifier is incompatible with C++98 [-Wc++98-compat]
[build]   125 |             case value_t::discarded:
[build]       |                  ^
[build] In file included from C:\Users\pperv\code\unnamed_rpg\vendor\json-schema-validator\src\json-patch.cpp:1:
[build] In file included from C:\Users\pperv\code\unnamed_rpg\vendor\json-schema-validator\src\json-patch.hpp:3:
[build] In file included from C:\Users\pperv\code\unnamed_rpg\vendor\json\include\nlohmann/json.hpp:54:
[build] C:\Users\pperv\code\unnamed_rpg\vendor\json\include\nlohmann/detail/iterators/internal_iterator.hpp(27,64): warning: constructor call from initializer list is incompatible with C++98 [-Wc++98-compat]
[build]    27 |     typename BasicJsonType::object_t::iterator object_iterator {};
[build]       |                                                                ^~
[build] C:\Users\pperv\code\unnamed_rpg\vendor\json\include\nlohmann/detail/iterators/iter_impl.hpp(756,78): note: in instantiation of default member initializer 'nlohmann::detail::internal_iterator<nlohmann::basic_json<>>::object_iterator' requested here
[build]   756 |     internal_iterator<typename std::remove_const<BasicJsonType>::type> m_it {};
[build]       |                                                                              ^
[build] C:\Users\pperv\code\unnamed_rpg\vendor\json\include\nlohmann/detail/iterators/iter_impl.hpp(100,14): note: in instantiation of default member initializer 'nlohmann::detail::iter_impl<nlohmann::basic_json<>>::m_it' requested here
[build]   100 |     explicit iter_impl(pointer object) noexcept : m_object(object)
[build]       |              ^
[build] C:\Users\pperv\code\unnamed_rpg\vendor\json\include\nlohmann/json.hpp(2841,18): note: in instantiation of member function 'nlohmann::detail::iter_impl<nlohmann::basic_json<>>::iter_impl' requested here
[build]  2841 |         iterator result(this);
[build]       |                  ^
[build] C:\Users\pperv\code\unnamed_rpg\vendor\json\include\nlohmann/detail/input/json_sax.hpp(815,31): note: in instantiation of member function 'nlohmann::basic_json<>::begin' requested here
[build]   815 |         for (auto it = parent.begin(); it != parent.end(); ++it)
[build]       |                               ^
[build] C:\Users\pperv\code\unnamed_rpg\vendor\json\include\nlohmann/detail/input/json_sax.hpp(874,21): note: in instantiation of member function 'nlohmann::detail::json_sax_dom_callback_parser<nlohmann::basic_json<>, nlohmann::detail::iterator_input_adapter<const char *>>::remove_discarded_value' requested here
[build]   874 |                     remove_discarded_value(*ref_stack.back());
[build]       |                     ^
[build] C:\Users\pperv\code\unnamed_rpg\vendor\json\include\nlohmann/detail/input/json_sax.hpp(551,20): note: in instantiation of function template specialization 'nlohmann::detail::json_sax_dom_callback_parser<nlohmann::basic_json<>, nlohmann::detail::iterator_input_adapter<const char *>>::handle_value<nlohmann::detail::value_t>' requested here
[build]   551 |         auto val = handle_value(BasicJsonType::value_t::object, true);
[build]       |                    ^
[build] C:\Users\pperv\code\unnamed_rpg\vendor\json\include\nlohmann/detail/input/parser.hpp(199,56): note: in instantiation of member function 'nlohmann::detail::json_sax_dom_callback_parser<nlohmann::basic_json<>, nlohmann::detail::iterator_input_adapter<const char *>>::start_object' requested here
[build]   199 |                         if (JSON_HEDLEY_UNLIKELY(!sax->start_object(detail::unknown_size())))
[build]       |                                                        ^
[build] C:\Users\pperv\code\unnamed_rpg\vendor\json\include\nlohmann/thirdparty/hedley/hedley.hpp(1360,94): note: expanded from macro 'JSON_HEDLEY_UNLIKELY'
[build]  1360 | #  define JSON_HEDLEY_UNLIKELY(expr)                    __builtin_expect                 (!!(expr),    0                  )
[build]       |                                                                                              ^
[build] C:\Users\pperv\code\unnamed_rpg\vendor\json\include\nlohmann/detail/input/parser.hpp(100,13): note: in instantiation of function template specialization 'nlohmann::detail::parser<nlohmann::basic_json<>, nlohmann::detail::iterator_input_adapter<const char *>>::sax_parse_internal<nlohmann::detail::json_sax_dom_callback_parser<nlohmann::basic_json<>, nlohmann::detail::iterator_input_adapter<const char *>>>' requested here
[build]   100 |             sax_parse_internal(&sdp);
[build]       |             ^
[build] C:\Users\pperv\code\unnamed_rpg\vendor\json\include\nlohmann/json.hpp(4112,148): note: in instantiation of member function 'nlohmann::detail::parser<nlohmann::basic_json<>, nlohmann::detail::iterator_input_adapter<const char *>>::parse' requested here
[build]  4112 |         parser(detail::input_adapter(std::move(first), std::move(last)), std::move(cb), allow_exceptions, ignore_comments, ignore_trailing_commas).parse(true, result); // cppcheck-suppress[accessMoved]
[build]       |                                                                                                                                                    ^
[build] C:\Users\pperv\code\unnamed_rpg\vendor\json\include\nlohmann/json.hpp(5294,28): note: in instantiation of function template specialization 'nlohmann::basic_json<>::parse<const char *, const char *, 0>' requested here
[build]  5294 |     return nlohmann::json::parse(s, s + n);
[build]       |                            ^
[build] In file included from C:\Users\pperv\code\unnamed_rpg\vendor\json-schema-validator\src\json-patch.cpp:1:
[build] In file included from C:\Users\pperv\code\unnamed_rpg\vendor\json-schema-validator\src\json-patch.hpp:3:
[build] In file included from C:\Users\pperv\code\unnamed_rpg\vendor\json\include\nlohmann/json.hpp:54:
[build] C:\Users\pperv\code\unnamed_rpg\vendor\json\include\nlohmann/detail/iterators/internal_iterator.hpp(29,62): warning: constructor call from initializer list is incompatible with C++98 [-Wc++98-compat]
[build]    29 |     typename BasicJsonType::array_t::iterator array_iterator {};
[build]       |                                                              ^~
[build] C:\Users\pperv\code\unnamed_rpg\vendor\json\include\nlohmann/detail/iterators/iter_impl.hpp(756,78): note: in instantiation of default member initializer 'nlohmann::detail::internal_iterator<nlohmann::basic_json<>>::array_iterator' requested here
[build]   756 |     internal_iterator<typename std::remove_const<BasicJsonType>::type> m_it {};
[build]       |                                                                              ^
[build] C:\Users\pperv\code\unnamed_rpg\vendor\json\include\nlohmann/detail/iterators/iter_impl.hpp(100,14): note: in instantiation of default member initializer 'nlohmann::detail::iter_impl<nlohmann::basic_json<>>::m_it' requested here
[build]   100 |     explicit iter_impl(pointer object) noexcept : m_object(object)
[build]       |              ^
[build] C:\Users\pperv\code\unnamed_rpg\vendor\json\include\nlohmann/json.hpp(2841,18): note: in instantiation of member function 'nlohmann::detail::iter_impl<nlohmann::basic_json<>>::iter_impl' requested here
[build]  2841 |         iterator result(this);
[build]       |                  ^
[build] C:\Users\pperv\code\unnamed_rpg\vendor\json\include\nlohmann/detail/input/json_sax.hpp(815,31): note: in instantiation of member function 'nlohmann::basic_json<>::begin' requested here
[build]   815 |         for (auto it = parent.begin(); it != parent.end(); ++it)
[build]       |                               ^
[build] C:\Users\pperv\code\unnamed_rpg\vendor\json\include\nlohmann/detail/input/json_sax.hpp(874,21): note: in instantiation of member function 'nlohmann::detail::json_sax_dom_callback_parser<nlohmann::basic_json<>, nlohmann::detail::iterator_input_adapter<const char *>>::remove_discarded_value' requested here
[build]   874 |                     remove_discarded_value(*ref_stack.back());
[build]       |                     ^
[build] C:\Users\pperv\code\unnamed_rpg\vendor\json\include\nlohmann/detail/input/json_sax.hpp(551,20): note: in instantiation of function template specialization 'nlohmann::detail::json_sax_dom_callback_parser<nlohmann::basic_json<>, nlohmann::detail::iterator_input_adapter<const char *>>::handle_value<nlohmann::detail::value_t>' requested here
[build]   551 |         auto val = handle_value(BasicJsonType::value_t::object, true);
[build]       |                    ^
[build] C:\Users\pperv\code\unnamed_rpg\vendor\json\include\nlohmann/detail/input/parser.hpp(199,56): note: in instantiation of member function 'nlohmann::detail::json_sax_dom_callback_parser<nlohmann::basic_json<>, nlohmann::detail::iterator_input_adapter<const char *>>::start_object' requested here
[build]   199 |                         if (JSON_HEDLEY_UNLIKELY(!sax->start_object(detail::unknown_size())))
[build]       |                                                        ^
[build] C:\Users\pperv\code\unnamed_rpg\vendor\json\include\nlohmann/thirdparty/hedley/hedley.hpp(1360,94): note: expanded from macro 'JSON_HEDLEY_UNLIKELY'
[build]  1360 | #  define JSON_HEDLEY_UNLIKELY(expr)                    __builtin_expect                 (!!(expr),    0                  )
[build]       |                                                                                              ^
[build] C:\Users\pperv\code\unnamed_rpg\vendor\json\include\nlohmann/detail/input/parser.hpp(100,13): note: in instantiation of function template specialization 'nlohmann::detail::parser<nlohmann::basic_json<>, nlohmann::detail::iterator_input_adapter<const char *>>::sax_parse_internal<nlohmann::detail::json_sax_dom_callback_parser<nlohmann::basic_json<>, nlohmann::detail::iterator_input_adapter<const char *>>>' requested here
[build]   100 |             sax_parse_internal(&sdp);
[build]       |             ^
[build] C:\Users\pperv\code\unnamed_rpg\vendor\json\include\nlohmann/json.hpp(4112,148): note: in instantiation of member function 'nlohmann::detail::parser<nlohmann::basic_json<>, nlohmann::detail::iterator_input_adapter<const char *>>::parse' requested here
[build]  4112 |         parser(detail::input_adapter(std::move(first), std::move(last)), std::move(cb), allow_exceptions, ignore_comments, ignore_trailing_commas).parse(true, result); // cppcheck-suppress[accessMoved]
[build]       |                                                                                                                                                    ^
[build] C:\Users\pperv\code\unnamed_rpg\vendor\json\include\nlohmann/json.hpp(5294,28): note: in instantiation of function template specialization 'nlohmann::basic_json<>::parse<const char *, const char *, 0>' requested here
[build]  5294 |     return nlohmann::json::parse(s, s + n);
[build]       |                            ^
[build] In file included from C:\Users\pperv\code\unnamed_rpg\vendor\json-schema-validator\src\json-patch.cpp:1:
[build] In file included from C:\Users\pperv\code\unnamed_rpg\vendor\json-schema-validator\src\json-patch.hpp:3:
[build] In file included from C:\Users\pperv\code\unnamed_rpg\vendor\json\include\nlohmann/json.hpp:54:
[build] C:\Users\pperv\code\unnamed_rpg\vendor\json\include\nlohmann/detail/iterators/internal_iterator.hpp(31,45): warning: constructor call from initializer list is incompatible with C++98 [-Wc++98-compat]
[build]    31 |     primitive_iterator_t primitive_iterator {};
[build]       |                                             ^~
[build] C:\Users\pperv\code\unnamed_rpg\vendor\json\include\nlohmann/detail/iterators/iter_impl.hpp(756,78): note: in instantiation of default member initializer 'nlohmann::detail::internal_iterator<nlohmann::basic_json<>>::primitive_iterator' requested here
[build]   756 |     internal_iterator<typename std::remove_const<BasicJsonType>::type> m_it {};
[build]       |                                                                              ^
[build] C:\Users\pperv\code\unnamed_rpg\vendor\json\include\nlohmann/detail/iterators/iter_impl.hpp(100,14): note: in instantiation of default member initializer 'nlohmann::detail::iter_impl<nlohmann::basic_json<>>::m_it' requested here
[build]   100 |     explicit iter_impl(pointer object) noexcept : m_object(object)
[build]       |              ^
[build] C:\Users\pperv\code\unnamed_rpg\vendor\json\include\nlohmann/json.hpp(2841,18): note: in instantiation of member function 'nlohmann::detail::iter_impl<nlohmann::basic_json<>>::iter_impl' requested here
[build]  2841 |         iterator result(this);
[build]       |                  ^
[build] C:\Users\pperv\code\unnamed_rpg\vendor\json\include\nlohmann/detail/input/json_sax.hpp(815,31): note: in instantiation of member function 'nlohmann::basic_json<>::begin' requested here
[build]   815 |         for (auto it = parent.begin(); it != parent.end(); ++it)
[build]       |                               ^
[build] C:\Users\pperv\code\unnamed_rpg\vendor\json\include\nlohmann/detail/input/json_sax.hpp(874,21): note: in instantiation of member function 'nlohmann::detail::json_sax_dom_callback_parser<nlohmann::basic_json<>, nlohmann::detail::iterator_input_adapter<const char *>>::remove_discarded_value' requested here
[build]   874 |                     remove_discarded_value(*ref_stack.back());
[build]       |                     ^
[build] C:\Users\pperv\code\unnamed_rpg\vendor\json\include\nlohmann/detail/input/json_sax.hpp(551,20): note: in instantiation of function template specialization 'nlohmann::detail::json_sax_dom_callback_parser<nlohmann::basic_json<>, nlohmann::detail::iterator_input_adapter<const char *>>::handle_value<nlohmann::detail::value_t>' requested here
[build]   551 |         auto val = handle_value(BasicJsonType::value_t::object, true);
[build]       |                    ^
[build] C:\Users\pperv\code\unnamed_rpg\vendor\json\include\nlohmann/detail/input/parser.hpp(199,56): note: in instantiation of member function 'nlohmann::detail::json_sax_dom_callback_parser<nlohmann::basic_json<>, nlohmann::detail::iterator_input_adapter<const char *>>::start_object' requested here
[build]   199 |                         if (JSON_HEDLEY_UNLIKELY(!sax->start_object(detail::unknown_size())))
[build]       |                                                        ^
[build] C:\Users\pperv\code\unnamed_rpg\vendor\json\include\nlohmann/thirdparty/hedley/hedley.hpp(1360,94): note: expanded from macro 'JSON_HEDLEY_UNLIKELY'
[build]  1360 | #  define JSON_HEDLEY_UNLIKELY(expr)                    __builtin_expect                 (!!(expr),    0                  )
[build]       |                                                                                              ^
[build] C:\Users\pperv\code\unnamed_rpg\vendor\json\include\nlohmann/detail/input/parser.hpp(100,13): note: in instantiation of function template specialization 'nlohmann::detail::parser<nlohmann::basic_json<>, nlohmann::detail::iterator_input_adapter<const char *>>::sax_parse_internal<nlohmann::detail::json_sax_dom_callback_parser<nlohmann::basic_json<>, nlohmann::detail::iterator_input_adapter<const char *>>>' requested here
[build]   100 |             sax_parse_internal(&sdp);
[build]       |             ^
[build] C:\Users\pperv\code\unnamed_rpg\vendor\json\include\nlohmann/json.hpp(4112,148): note: in instantiation of member function 'nlohmann::detail::parser<nlohmann::basic_json<>, nlohmann::detail::iterator_input_adapter<const char *>>::parse' requested here
[build]  4112 |         parser(detail::input_adapter(std::move(first), std::move(last)), std::move(cb), allow_exceptions, ignore_comments, ignore_trailing_commas).parse(true, result); // cppcheck-suppress[accessMoved]
[build]       |                                                                                                                                                    ^
[build] C:\Users\pperv\code\unnamed_rpg\vendor\json\include\nlohmann/json.hpp(5294,28): note: in instantiation of function template specialization 'nlohmann::basic_json<>::parse<const char *, const char *, 0>' requested here
[build]  5294 |     return nlohmann::json::parse(s, s + n);
[build]       |                            ^
[build] In file included from C:\Users\pperv\code\unnamed_rpg\vendor\json-schema-validator\src\json-patch.cpp:1:
[build] In file included from C:\Users\pperv\code\unnamed_rpg\vendor\json-schema-validator\src\json-patch.hpp:3:
[build] In file included from C:\Users\pperv\code\unnamed_rpg\vendor\json\include\nlohmann/json.hpp:55:
[build] C:\Users\pperv\code\unnamed_rpg\vendor\json\include\nlohmann/detail/iterators/iter_impl.hpp(106,18): warning: enumeration type in nested name specifier is incompatible with C++98 [-Wc++98-compat]
[build]   106 |             case value_t::object:
[build]       |                  ^
[build] C:\Users\pperv\code\unnamed_rpg\vendor\json\include\nlohmann/json.hpp(2841,18): note: in instantiation of member function 'nlohmann::detail::iter_impl<nlohmann::basic_json<>>::iter_impl' requested here
[build]  2841 |         iterator result(this);
[build]       |                  ^
[build] C:\Users\pperv\code\unnamed_rpg\vendor\json\include\nlohmann/detail/input/json_sax.hpp(815,31): note: in instantiation of member function 'nlohmann::basic_json<>::begin' requested here
[build]   815 |         for (auto it = parent.begin(); it != parent.end(); ++it)
[build]       |                               ^
[build] C:\Users\pperv\code\unnamed_rpg\vendor\json\include\nlohmann/detail/input/json_sax.hpp(874,21): note: in instantiation of member function 'nlohmann::detail::json_sax_dom_callback_parser<nlohmann::basic_json<>, nlohmann::detail::iterator_input_adapter<const char *>>::remove_discarded_value' requested here
[build]   874 |                     remove_discarded_value(*ref_stack.back());
[build]       |                     ^
[build] C:\Users\pperv\code\unnamed_rpg\vendor\json\include\nlohmann/detail/input/json_sax.hpp(551,20): note: in instantiation of function template specialization 'nlohmann::detail::json_sax_dom_callback_parser<nlohmann::basic_json<>, nlohmann::detail::iterator_input_adapter<const char *>>::handle_value<nlohmann::detail::value_t>' requested here
[build]   551 |         auto val = handle_value(BasicJsonType::value_t::object, true);
[build]       |                    ^
[build] C:\Users\pperv\code\unnamed_rpg\vendor\json\include\nlohmann/detail/input/parser.hpp(199,56): note: in instantiation of member function 'nlohmann::detail::json_sax_dom_callback_parser<nlohmann::basic_json<>, nlohmann::detail::iterator_input_adapter<const char *>>::start_object' requested here
[build]   199 |                         if (JSON_HEDLEY_UNLIKELY(!sax->start_object(detail::unknown_size())))
[build]       |                                                        ^
[build] C:\Users\pperv\code\unnamed_rpg\vendor\json\include\nlohmann/thirdparty/hedley/hedley.hpp(1360,94): note: expanded from macro 'JSON_HEDLEY_UNLIKELY'
[build]  1360 | #  define JSON_HEDLEY_UNLIKELY(expr)                    __builtin_expect                 (!!(expr),    0                  )
[build]       |                                                                                              ^
[build] C:\Users\pperv\code\unnamed_rpg\vendor\json\include\nlohmann/detail/input/parser.hpp(100,13): note: in instantiation of function template specialization 'nlohmann::detail::parser<nlohmann::basic_json<>, nlohmann::detail::iterator_input_adapter<const char *>>::sax_parse_internal<nlohmann::detail::json_sax_dom_callback_parser<nlohmann::basic_json<>, nlohmann::detail::iterator_input_adapter<const char *>>>' requested here
[build]   100 |             sax_parse_internal(&sdp);
[build]       |             ^
[build] C:\Users\pperv\code\unnamed_rpg\vendor\json\include\nlohmann/json.hpp(4112,148): note: in instantiation of member function 'nlohmann::detail::parser<nlohmann::basic_json<>, nlohmann::detail::iterator_input_adapter<const char *>>::parse' requested here
[build]  4112 |         parser(detail::input_adapter(std::move(first), std::move(last)), std::move(cb), allow_exceptions, ignore_comments, ignore_trailing_commas).parse(true, result); // cppcheck-suppress[accessMoved]
[build]       |                                                                                                                                                    ^
[build] C:\Users\pperv\code\unnamed_rpg\vendor\json\include\nlohmann/json.hpp(5294,28): note: in instantiation of function template specialization 'nlohmann::basic_json<>::parse<const char *, const char *, 0>' requested here
[build]  5294 |     return nlohmann::json::parse(s, s + n);
[build]       |                            ^
[build] In file included from C:\Users\pperv\code\unnamed_rpg\vendor\json-schema-validator\src\json-patch.cpp:1:
[build] In file included from C:\Users\pperv\code\unnamed_rpg\vendor\json-schema-validator\src\json-patch.hpp:3:
[build] In file included from C:\Users\pperv\code\unnamed_rpg\vendor\json\include\nlohmann/json.hpp:55:
[build] C:\Users\pperv\code\unnamed_rpg\vendor\json\include\nlohmann/detail/iterators/iter_impl.hpp(112,18): warning: enumeration type in nested name specifier is incompatible with C++98 [-Wc++98-compat]
[build]   112 |             case value_t::array:
[build]       |                  ^
[build] C:\Users\pperv\code\unnamed_rpg\vendor\json\include\nlohmann/detail/iterators/iter_impl.hpp(118,18): warning: enumeration type in nested name specifier is incompatible with C++98 [-Wc++98-compat]
[build]   118 |             case value_t::null:
[build]       |                  ^
[build] C:\Users\pperv\code\unnamed_rpg\vendor\json\include\nlohmann/detail/iterators/iter_impl.hpp(119,18): warning: enumeration type in nested name specifier is incompatible with C++98 [-Wc++98-compat]
[build]   119 |             case value_t::string:
[build]       |                  ^
[build] C:\Users\pperv\code\unnamed_rpg\vendor\json\include\nlohmann/detail/iterators/iter_impl.hpp(120,18): warning: enumeration type in nested name specifier is incompatible with C++98 [-Wc++98-compat]
[build]   120 |             case value_t::boolean:
[build]       |                  ^
[build] C:\Users\pperv\code\unnamed_rpg\vendor\json\include\nlohmann/detail/iterators/iter_impl.hpp(121,18): warning: enumeration type in nested name specifier is incompatible with C++98 [-Wc++98-compat]
[build]   121 |             case value_t::number_integer:
[build]       |                  ^
[build] C:\Users\pperv\code\unnamed_rpg\vendor\json\include\nlohmann/detail/iterators/iter_impl.hpp(122,18): warning: enumeration type in nested name specifier is incompatible with C++98 [-Wc++98-compat]
[build]   122 |             case value_t::number_unsigned:
[build]       |                  ^
[build] C:\Users\pperv\code\unnamed_rpg\vendor\json\include\nlohmann/detail/iterators/iter_impl.hpp(123,18): warning: enumeration type in nested name specifier is incompatible with C++98 [-Wc++98-compat]
[build]   123 |             case value_t::number_float:
[build]       |                  ^
[build] C:\Users\pperv\code\unnamed_rpg\vendor\json\include\nlohmann/detail/iterators/iter_impl.hpp(124,18): warning: enumeration type in nested name specifier is incompatible with C++98 [-Wc++98-compat]
[build]   124 |             case value_t::binary:
[build]       |                  ^
[build] C:\Users\pperv\code\unnamed_rpg\vendor\json\include\nlohmann/detail/iterators/iter_impl.hpp(125,18): warning: enumeration type in nested name specifier is incompatible with C++98 [-Wc++98-compat]
[build]   125 |             case value_t::discarded:
[build]       |                  ^
[build] C:\Users\pperv\code\unnamed_rpg\vendor\json\include\nlohmann/detail/iterators/iter_impl.hpp(126,13): warning: default label in switch which covers all enumeration values [-Wcovered-switch-default]
[build]   126 |             default:
[build]       |             ^
[build] C:\Users\pperv\code\unnamed_rpg\vendor\json\include\nlohmann/detail/iterators/iter_impl.hpp(199,33): warning: 'nullptr' is incompatible with C++98 [-Wc++98-compat]
[build]   199 |         JSON_ASSERT(m_object != nullptr);
[build]       |                                 ^
[build] C:\Users\pperv\code\unnamed_rpg\vendor\json\include\nlohmann/detail/iterators/iter_impl.hpp(203,18): warning: enumeration type in nested name specifier is incompatible with C++98 [-Wc++98-compat]
[build]   203 |             case value_t::object:
[build]       |                  ^
[build] C:\Users\pperv\code\unnamed_rpg\vendor\json\include\nlohmann/detail/input/json_sax.hpp(815,31): note: in instantiation of member function 'nlohmann::basic_json<>::begin' requested here
[build]   815 |         for (auto it = parent.begin(); it != parent.end(); ++it)
[build]       |                               ^
[build] C:\Users\pperv\code\unnamed_rpg\vendor\json\include\nlohmann/detail/input/json_sax.hpp(874,21): note: in instantiation of member function 'nlohmann::detail::json_sax_dom_callback_parser<nlohmann::basic_json<>, nlohmann::detail::iterator_input_adapter<const char *>>::remove_discarded_value' requested here
[build]   874 |                     remove_discarded_value(*ref_stack.back());
[build]       |                     ^
[build] C:\Users\pperv\code\unnamed_rpg\vendor\json\include\nlohmann/detail/input/json_sax.hpp(551,20): note: in instantiation of function template specialization 'nlohmann::detail::json_sax_dom_callback_parser<nlohmann::basic_json<>, nlohmann::detail::iterator_input_adapter<const char *>>::handle_value<nlohmann::detail::value_t>' requested here
[build]   551 |         auto val = handle_value(BasicJsonType::value_t::object, true);
[build]       |                    ^
[build] C:\Users\pperv\code\unnamed_rpg\vendor\json\include\nlohmann/detail/input/parser.hpp(199,56): note: in instantiation of member function 'nlohmann::detail::json_sax_dom_callback_parser<nlohmann::basic_json<>, nlohmann::detail::iterator_input_adapter<const char *>>::start_object' requested here
[build]   199 |                         if (JSON_HEDLEY_UNLIKELY(!sax->start_object(detail::unknown_size())))
[build]       |                                                        ^
[build] C:\Users\pperv\code\unnamed_rpg\vendor\json\include\nlohmann/thirdparty/hedley/hedley.hpp(1360,94): note: expanded from macro 'JSON_HEDLEY_UNLIKELY'
[build]  1360 | #  define JSON_HEDLEY_UNLIKELY(expr)                    __builtin_expect                 (!!(expr),    0                  )
[build]       |                                                                                              ^
[build] C:\Users\pperv\code\unnamed_rpg\vendor\json\include\nlohmann/detail/input/parser.hpp(100,13): note: in instantiation of function template specialization 'nlohmann::detail::parser<nlohmann::basic_json<>, nlohmann::detail::iterator_input_adapter<const char *>>::sax_parse_internal<nlohmann::detail::json_sax_dom_callback_parser<nlohmann::basic_json<>, nlohmann::detail::iterator_input_adapter<const char *>>>' requested here
[build]   100 |             sax_parse_internal(&sdp);
[build]       |             ^
[build] C:\Users\pperv\code\unnamed_rpg\vendor\json\include\nlohmann/json.hpp(4112,148): note: in instantiation of member function 'nlohmann::detail::parser<nlohmann::basic_json<>, nlohmann::detail::iterator_input_adapter<const char *>>::parse' requested here
[build]  4112 |         parser(detail::input_adapter(std::move(first), std::move(last)), std::move(cb), allow_exceptions, ignore_comments, ignore_trailing_commas).parse(true, result); // cppcheck-suppress[accessMoved]
[build]       |                                                                                                                                                    ^
[build] C:\Users\pperv\code\unnamed_rpg\vendor\json\include\nlohmann/json.hpp(5294,28): note: in instantiation of function template specialization 'nlohmann::basic_json<>::parse<const char *, const char *, 0>' requested here
[build]  5294 |     return nlohmann::json::parse(s, s + n);
[build]       |                            ^
[build] In file included from C:\Users\pperv\code\unnamed_rpg\vendor\json-schema-validator\src\json-patch.cpp:1:
[build] In file included from C:\Users\pperv\code\unnamed_rpg\vendor\json-schema-validator\src\json-patch.hpp:3:
[build] In file included from C:\Users\pperv\code\unnamed_rpg\vendor\json\include\nlohmann/json.hpp:55:
[build] C:\Users\pperv\code\unnamed_rpg\vendor\json\include\nlohmann/detail/iterators/iter_impl.hpp(209,18): warning: enumeration type in nested name specifier is incompatible with C++98 [-Wc++98-compat]
[build]   209 |             case value_t::array:
[build]       |                  ^
[build] C:\Users\pperv\code\unnamed_rpg\vendor\json\include\nlohmann/detail/iterators/iter_impl.hpp(215,18): warning: enumeration type in nested name specifier is incompatible with C++98 [-Wc++98-compat]
[build]   215 |             case value_t::null:
[build]       |                  ^
[build] C:\Users\pperv\code\unnamed_rpg\vendor\json\include\nlohmann/detail/iterators/iter_impl.hpp(222,18): warning: enumeration type in nested name specifier is incompatible with C++98 [-Wc++98-compat]
[build]   222 |             case value_t::string:
[build]       |                  ^
[build] C:\Users\pperv\code\unnamed_rpg\vendor\json\include\nlohmann/detail/iterators/iter_impl.hpp(223,18): warning: enumeration type in nested name specifier is incompatible with C++98 [-Wc++98-compat]
[build]   223 |             case value_t::boolean:
[build]       |                  ^
[build] C:\Users\pperv\code\unnamed_rpg\vendor\json\include\nlohmann/detail/iterators/iter_impl.hpp(224,18): warning: enumeration type in nested name specifier is incompatible with C++98 [-Wc++98-compat]
[build]   224 |             case value_t::number_integer:
[build]       |                  ^
[build] C:\Users\pperv\code\unnamed_rpg\vendor\json\include\nlohmann/detail/iterators/iter_impl.hpp(225,18): warning: enumeration type in nested name specifier is incompatible with C++98 [-Wc++98-compat]
[build]   225 |             case value_t::number_unsigned:
[build]       |                  ^
[build] C:\Users\pperv\code\unnamed_rpg\vendor\json\include\nlohmann/detail/iterators/iter_impl.hpp(226,18): warning: enumeration type in nested name specifier is incompatible with C++98 [-Wc++98-compat]
[build]   226 |             case value_t::number_float:
[build]       |                  ^
[build] C:\Users\pperv\code\unnamed_rpg\vendor\json\include\nlohmann/detail/iterators/iter_impl.hpp(227,18): warning: enumeration type in nested name specifier is incompatible with C++98 [-Wc++98-compat]
[build]   227 |             case value_t::binary:
[build]       |                  ^
[build] C:\Users\pperv\code\unnamed_rpg\vendor\json\include\nlohmann/detail/iterators/iter_impl.hpp(228,18): warning: enumeration type in nested name specifier is incompatible with C++98 [-Wc++98-compat]
[build]   228 |             case value_t::discarded:
[build]       |                  ^
[build] C:\Users\pperv\code\unnamed_rpg\vendor\json\include\nlohmann/detail/iterators/iter_impl.hpp(203,18): warning: enumeration type in nested name specifier is incompatible with C++98 [-Wc++98-compat]
[build]   203 |             case value_t::object:
[build]       |                  ^
[build] C:\Users\pperv\code\unnamed_rpg\vendor\json\include\nlohmann/json.hpp(2842,16): note: in instantiation of member function 'nlohmann::detail::iter_impl<nlohmann::basic_json<>>::set_begin' requested here
[build]  2842 |         result.set_begin();
[build]       |                ^
[build] C:\Users\pperv\code\unnamed_rpg\vendor\json\include\nlohmann/detail/input/json_sax.hpp(815,31): note: in instantiation of member function 'nlohmann::basic_json<>::begin' requested here
[build]   815 |         for (auto it = parent.begin(); it != parent.end(); ++it)
[build]       |                               ^
[build] C:\Users\pperv\code\unnamed_rpg\vendor\json\include\nlohmann/detail/input/json_sax.hpp(874,21): note: in instantiation of member function 'nlohmann::detail::json_sax_dom_callback_parser<nlohmann::basic_json<>, nlohmann::detail::iterator_input_adapter<const char *>>::remove_discarded_value' requested here
[build]   874 |                     remove_discarded_value(*ref_stack.back());
[build]       |                     ^
[build] C:\Users\pperv\code\unnamed_rpg\vendor\json\include\nlohmann/detail/input/json_sax.hpp(551,20): note: in instantiation of function template specialization 'nlohmann::detail::json_sax_dom_callback_parser<nlohmann::basic_json<>, nlohmann::detail::iterator_input_adapter<const char *>>::handle_value<nlohmann::detail::value_t>' requested here
[build]   551 |         auto val = handle_value(BasicJsonType::value_t::object, true);
[build]       |                    ^
[build] C:\Users\pperv\code\unnamed_rpg\vendor\json\include\nlohmann/detail/input/parser.hpp(199,56): note: in instantiation of member function 'nlohmann::detail::json_sax_dom_callback_parser<nlohmann::basic_json<>, nlohmann::detail::iterator_input_adapter<const char *>>::start_object' requested here
[build]   199 |                         if (JSON_HEDLEY_UNLIKELY(!sax->start_object(detail::unknown_size())))
[build]       |                                                        ^
[build] C:\Users\pperv\code\unnamed_rpg\vendor\json\include\nlohmann/thirdparty/hedley/hedley.hpp(1360,94): note: expanded from macro 'JSON_HEDLEY_UNLIKELY'
[build]  1360 | #  define JSON_HEDLEY_UNLIKELY(expr)                    __builtin_expect                 (!!(expr),    0                  )
[build]       |                                                                                              ^
[build] C:\Users\pperv\code\unnamed_rpg\vendor\json\include\nlohmann/detail/input/parser.hpp(100,13): note: in instantiation of function template specialization 'nlohmann::detail::parser<nlohmann::basic_json<>, nlohmann::detail::iterator_input_adapter<const char *>>::sax_parse_internal<nlohmann::detail::json_sax_dom_callback_parser<nlohmann::basic_json<>, nlohmann::detail::iterator_input_adapter<const char *>>>' requested here
[build]   100 |             sax_parse_internal(&sdp);
[build]       |             ^
[build] C:\Users\pperv\code\unnamed_rpg\vendor\json\include\nlohmann/json.hpp(4112,148): note: in instantiation of member function 'nlohmann::detail::parser<nlohmann::basic_json<>, nlohmann::detail::iterator_input_adapter<const char *>>::parse' requested here
[build]  4112 |         parser(detail::input_adapter(std::move(first), std::move(last)), std::move(cb), allow_exceptions, ignore_comments, ignore_trailing_commas).parse(true, result); // cppcheck-suppress[accessMoved]
[build]       |                                                                                                                                                    ^
[build] C:\Users\pperv\code\unnamed_rpg\vendor\json\include\nlohmann/json.hpp(5294,28): note: in instantiation of function template specialization 'nlohmann::basic_json<>::parse<const char *, const char *, 0>' requested here
[build]  5294 |     return nlohmann::json::parse(s, s + n);
[build]       |                            ^
[build] In file included from C:\Users\pperv\code\unnamed_rpg\vendor\json-schema-validator\src\json-patch.cpp:1:
[build] In file included from C:\Users\pperv\code\unnamed_rpg\vendor\json-schema-validator\src\json-patch.hpp:3:
[build] In file included from C:\Users\pperv\code\unnamed_rpg\vendor\json\include\nlohmann/json.hpp:55:
[build] C:\Users\pperv\code\unnamed_rpg\vendor\json\include\nlohmann/detail/iterators/iter_impl.hpp(209,18): warning: enumeration type in nested name specifier is incompatible with C++98 [-Wc++98-compat]
[build]   209 |             case value_t::array:
[build]       |                  ^
[build] C:\Users\pperv\code\unnamed_rpg\vendor\json\include\nlohmann/detail/iterators/iter_impl.hpp(215,18): warning: enumeration type in nested name specifier is incompatible with C++98 [-Wc++98-compat]
[build]   215 |             case value_t::null:
[build]       |                  ^
[build] C:\Users\pperv\code\unnamed_rpg\vendor\json\include\nlohmann/detail/iterators/iter_impl.hpp(222,18): warning: enumeration type in nested name specifier is incompatible with C++98 [-Wc++98-compat]
[build]   222 |             case value_t::string:
[build]       |                  ^
[build] C:\Users\pperv\code\unnamed_rpg\vendor\json\include\nlohmann/detail/iterators/iter_impl.hpp(223,18): warning: enumeration type in nested name specifier is incompatible with C++98 [-Wc++98-compat]
[build]   223 |             case value_t::boolean:
[build]       |                  ^
[build] C:\Users\pperv\code\unnamed_rpg\vendor\json\include\nlohmann/detail/iterators/iter_impl.hpp(224,18): warning: enumeration type in nested name specifier is incompatible with C++98 [-Wc++98-compat]
[build]   224 |             case value_t::number_integer:
[build]       |                  ^
[build] C:\Users\pperv\code\unnamed_rpg\vendor\json\include\nlohmann/detail/iterators/iter_impl.hpp(225,18): warning: enumeration type in nested name specifier is incompatible with C++98 [-Wc++98-compat]
[build]   225 |             case value_t::number_unsigned:
[build]       |                  ^
[build] C:\Users\pperv\code\unnamed_rpg\vendor\json\include\nlohmann/detail/iterators/iter_impl.hpp(226,18): warning: enumeration type in nested name specifier is incompatible with C++98 [-Wc++98-compat]
[build]   226 |             case value_t::number_float:
[build]       |                  ^
[build] C:\Users\pperv\code\unnamed_rpg\vendor\json\include\nlohmann/detail/iterators/iter_impl.hpp(227,18): warning: enumeration type in nested name specifier is incompatible with C++98 [-Wc++98-compat]
[build]   227 |             case value_t::binary:
[build]       |                  ^
[build] C:\Users\pperv\code\unnamed_rpg\vendor\json\include\nlohmann/detail/iterators/iter_impl.hpp(228,18): warning: enumeration type in nested name specifier is incompatible with C++98 [-Wc++98-compat]
[build]   228 |             case value_t::discarded:
[build]       |                  ^
[build] C:\Users\pperv\code\unnamed_rpg\vendor\json\include\nlohmann/detail/iterators/iter_impl.hpp(229,13): warning: default label in switch which covers all enumeration values [-Wcovered-switch-default]
[build]   229 |             default:
[build]       |             ^
[build] C:\Users\pperv\code\unnamed_rpg\vendor\json\include\nlohmann/detail/iterators/iter_impl.hpp(243,33): warning: 'nullptr' is incompatible with C++98 [-Wc++98-compat]
[build]   243 |         JSON_ASSERT(m_object != nullptr);
[build]       |                                 ^
[build] C:\Users\pperv\code\unnamed_rpg\vendor\json\include\nlohmann/detail/iterators/iter_impl.hpp(247,18): warning: enumeration type in nested name specifier is incompatible with C++98 [-Wc++98-compat]
[build]   247 |             case value_t::object:
[build]       |                  ^
[build] C:\Users\pperv\code\unnamed_rpg\vendor\json\include\nlohmann/detail/input/json_sax.hpp(815,53): note: in instantiation of member function 'nlohmann::basic_json<>::end' requested here
[build]   815 |         for (auto it = parent.begin(); it != parent.end(); ++it)
[build]       |                                                     ^
[build] C:\Users\pperv\code\unnamed_rpg\vendor\json\include\nlohmann/detail/input/json_sax.hpp(874,21): note: in instantiation of member function 'nlohmann::detail::json_sax_dom_callback_parser<nlohmann::basic_json<>, nlohmann::detail::iterator_input_adapter<const char *>>::remove_discarded_value' requested here
[build]   874 |                     remove_discarded_value(*ref_stack.back());
[build]       |                     ^
[build] C:\Users\pperv\code\unnamed_rpg\vendor\json\include\nlohmann/detail/input/json_sax.hpp(551,20): note: in instantiation of function template specialization 'nlohmann::detail::json_sax_dom_callback_parser<nlohmann::basic_json<>, nlohmann::detail::iterator_input_adapter<const char *>>::handle_value<nlohmann::detail::value_t>' requested here
[build]   551 |         auto val = handle_value(BasicJsonType::value_t::object, true);
[build]       |                    ^
[build] C:\Users\pperv\code\unnamed_rpg\vendor\json\include\nlohmann/detail/input/parser.hpp(199,56): note: in instantiation of member function 'nlohmann::detail::json_sax_dom_callback_parser<nlohmann::basic_json<>, nlohmann::detail::iterator_input_adapter<const char *>>::start_object' requested here
[build]   199 |                         if (JSON_HEDLEY_UNLIKELY(!sax->start_object(detail::unknown_size())))
[build]       |                                                        ^
[build] C:\Users\pperv\code\unnamed_rpg\vendor\json\include\nlohmann/thirdparty/hedley/hedley.hpp(1360,94): note: expanded from macro 'JSON_HEDLEY_UNLIKELY'
[build]  1360 | #  define JSON_HEDLEY_UNLIKELY(expr)                    __builtin_expect                 (!!(expr),    0                  )
[build]       |                                                                                              ^
[build] C:\Users\pperv\code\unnamed_rpg\vendor\json\include\nlohmann/detail/input/parser.hpp(100,13): note: in instantiation of function template specialization 'nlohmann::detail::parser<nlohmann::basic_json<>, nlohmann::detail::iterator_input_adapter<const char *>>::sax_parse_internal<nlohmann::detail::json_sax_dom_callback_parser<nlohmann::basic_json<>, nlohmann::detail::iterator_input_adapter<const char *>>>' requested here
[build]   100 |             sax_parse_internal(&sdp);
[build]       |             ^
[build] C:\Users\pperv\code\unnamed_rpg\vendor\json\include\nlohmann/json.hpp(4112,148): note: in instantiation of member function 'nlohmann::detail::parser<nlohmann::basic_json<>, nlohmann::detail::iterator_input_adapter<const char *>>::parse' requested here
[build]  4112 |         parser(detail::input_adapter(std::move(first), std::move(last)), std::move(cb), allow_exceptions, ignore_comments, ignore_trailing_commas).parse(true, result); // cppcheck-suppress[accessMoved]
[build]       |                                                                                                                                                    ^
[build] C:\Users\pperv\code\unnamed_rpg\vendor\json\include\nlohmann/json.hpp(5294,28): note: in instantiation of function template specialization 'nlohmann::basic_json<>::parse<const char *, const char *, 0>' requested here
[build]  5294 |     return nlohmann::json::parse(s, s + n);
[build]       |                            ^
[build] In file included from C:\Users\pperv\code\unnamed_rpg\vendor\json-schema-validator\src\json-patch.cpp:1:
[build] In file included from C:\Users\pperv\code\unnamed_rpg\vendor\json-schema-validator\src\json-patch.hpp:3:
[build] In file included from C:\Users\pperv\code\unnamed_rpg\vendor\json\include\nlohmann/json.hpp:55:
[build] C:\Users\pperv\code\unnamed_rpg\vendor\json\include\nlohmann/detail/iterators/iter_impl.hpp(253,18): warning: enumeration type in nested name specifier is incompatible with C++98 [-Wc++98-compat]
[build]   253 |             case value_t::array:
[build]       |                  ^
[build] C:\Users\pperv\code\unnamed_rpg\vendor\json\include\nlohmann/detail/iterators/iter_impl.hpp(259,18): warning: enumeration type in nested name specifier is incompatible with C++98 [-Wc++98-compat]
[build]   259 |             case value_t::null:
[build]       |                  ^
[build] C:\Users\pperv\code\unnamed_rpg\vendor\json\include\nlohmann/detail/iterators/iter_impl.hpp(260,18): warning: enumeration type in nested name specifier is incompatible with C++98 [-Wc++98-compat]
[build]   260 |             case value_t::string:
[build]       |                  ^
[build] C:\Users\pperv\code\unnamed_rpg\vendor\json\include\nlohmann/detail/iterators/iter_impl.hpp(261,18): warning: enumeration type in nested name specifier is incompatible with C++98 [-Wc++98-compat]
[build]   261 |             case value_t::boolean:
[build]       |                  ^
[build] C:\Users\pperv\code\unnamed_rpg\vendor\json\include\nlohmann/detail/iterators/iter_impl.hpp(262,18): warning: enumeration type in nested name specifier is incompatible with C++98 [-Wc++98-compat]
[build]   262 |             case value_t::number_integer:
[build]       |                  ^
[build] C:\Users\pperv\code\unnamed_rpg\vendor\json\include\nlohmann/detail/iterators/iter_impl.hpp(263,18): warning: enumeration type in nested name specifier is incompatible with C++98 [-Wc++98-compat]
[build]   263 |             case value_t::number_unsigned:
[build]       |                  ^
[build] C:\Users\pperv\code\unnamed_rpg\vendor\json\include\nlohmann/detail/iterators/iter_impl.hpp(264,18): warning: enumeration type in nested name specifier is incompatible with C++98 [-Wc++98-compat]
[build]   264 |             case value_t::number_float:
[build]       |                  ^
[build] C:\Users\pperv\code\unnamed_rpg\vendor\json\include\nlohmann/detail/iterators/iter_impl.hpp(265,18): warning: enumeration type in nested name specifier is incompatible with C++98 [-Wc++98-compat]
[build]   265 |             case value_t::binary:
[build]       |                  ^
[build] C:\Users\pperv\code\unnamed_rpg\vendor\json\include\nlohmann/detail/iterators/iter_impl.hpp(266,18): warning: enumeration type in nested name specifier is incompatible with C++98 [-Wc++98-compat]
[build]   266 |             case value_t::discarded:
[build]       |                  ^
[build] C:\Users\pperv\code\unnamed_rpg\vendor\json\include\nlohmann/detail/iterators/iter_impl.hpp(247,18): warning: enumeration type in nested name specifier is incompatible with C++98 [-Wc++98-compat]
[build]   247 |             case value_t::object:
[build]       |                  ^
[build] C:\Users\pperv\code\unnamed_rpg\vendor\json\include\nlohmann/json.hpp(2867,16): note: in instantiation of member function 'nlohmann::detail::iter_impl<nlohmann::basic_json<>>::set_end' requested here
[build]  2867 |         result.set_end();
[build]       |                ^
[build] C:\Users\pperv\code\unnamed_rpg\vendor\json\include\nlohmann/detail/input/json_sax.hpp(815,53): note: in instantiation of member function 'nlohmann::basic_json<>::end' requested here
[build]   815 |         for (auto it = parent.begin(); it != parent.end(); ++it)
[build]       |                                                     ^
[build] C:\Users\pperv\code\unnamed_rpg\vendor\json\include\nlohmann/detail/input/json_sax.hpp(874,21): note: in instantiation of member function 'nlohmann::detail::json_sax_dom_callback_parser<nlohmann::basic_json<>, nlohmann::detail::iterator_input_adapter<const char *>>::remove_discarded_value' requested here
[build]   874 |                     remove_discarded_value(*ref_stack.back());
[build]       |                     ^
[build] C:\Users\pperv\code\unnamed_rpg\vendor\json\include\nlohmann/detail/input/json_sax.hpp(551,20): note: in instantiation of function template specialization 'nlohmann::detail::json_sax_dom_callback_parser<nlohmann::basic_json<>, nlohmann::detail::iterator_input_adapter<const char *>>::handle_value<nlohmann::detail::value_t>' requested here
[build]   551 |         auto val = handle_value(BasicJsonType::value_t::object, true);
[build]       |                    ^
[build] C:\Users\pperv\code\unnamed_rpg\vendor\json\include\nlohmann/detail/input/parser.hpp(199,56): note: in instantiation of member function 'nlohmann::detail::json_sax_dom_callback_parser<nlohmann::basic_json<>, nlohmann::detail::iterator_input_adapter<const char *>>::start_object' requested here
[build]   199 |                         if (JSON_HEDLEY_UNLIKELY(!sax->start_object(detail::unknown_size())))
[build]       |                                                        ^
[build] C:\Users\pperv\code\unnamed_rpg\vendor\json\include\nlohmann/thirdparty/hedley/hedley.hpp(1360,94): note: expanded from macro 'JSON_HEDLEY_UNLIKELY'
[build]  1360 | #  define JSON_HEDLEY_UNLIKELY(expr)                    __builtin_expect                 (!!(expr),    0                  )
[build]       |                                                                                              ^
[build] C:\Users\pperv\code\unnamed_rpg\vendor\json\include\nlohmann/detail/input/parser.hpp(100,13): note: in instantiation of function template specialization 'nlohmann::detail::parser<nlohmann::basic_json<>, nlohmann::detail::iterator_input_adapter<const char *>>::sax_parse_internal<nlohmann::detail::json_sax_dom_callback_parser<nlohmann::basic_json<>, nlohmann::detail::iterator_input_adapter<const char *>>>' requested here
[build]   100 |             sax_parse_internal(&sdp);
[build]       |             ^
[build] C:\Users\pperv\code\unnamed_rpg\vendor\json\include\nlohmann/json.hpp(4112,148): note: in instantiation of member function 'nlohmann::detail::parser<nlohmann::basic_json<>, nlohmann::detail::iterator_input_adapter<const char *>>::parse' requested here
[build]  4112 |         parser(detail::input_adapter(std::move(first), std::move(last)), std::move(cb), allow_exceptions, ignore_comments, ignore_trailing_commas).parse(true, result); // cppcheck-suppress[accessMoved]
[build]       |                                                                                                                                                    ^
[build] C:\Users\pperv\code\unnamed_rpg\vendor\json\include\nlohmann/json.hpp(5294,28): note: in instantiation of function template specialization 'nlohmann::basic_json<>::parse<const char *, const char *, 0>' requested here
[build]  5294 |     return nlohmann::json::parse(s, s + n);
[build]       |                            ^
[build] In file included from C:\Users\pperv\code\unnamed_rpg\vendor\json-schema-validator\src\json-patch.cpp:1:
[build] In file included from C:\Users\pperv\code\unnamed_rpg\vendor\json-schema-validator\src\json-patch.hpp:3:
[build] In file included from C:\Users\pperv\code\unnamed_rpg\vendor\json\include\nlohmann/json.hpp:55:
[build] C:\Users\pperv\code\unnamed_rpg\vendor\json\include\nlohmann/detail/iterators/iter_impl.hpp(253,18): warning: enumeration type in nested name specifier is incompatible with C++98 [-Wc++98-compat]
[build]   253 |             case value_t::array:
[build]       |                  ^
[build] C:\Users\pperv\code\unnamed_rpg\vendor\json\include\nlohmann/detail/iterators/iter_impl.hpp(259,18): warning: enumeration type in nested name specifier is incompatible with C++98 [-Wc++98-compat]
[build]   259 |             case value_t::null:
[build]       |                  ^
[build] C:\Users\pperv\code\unnamed_rpg\vendor\json\include\nlohmann/detail/iterators/iter_impl.hpp(260,18): warning: enumeration type in nested name specifier is incompatible with C++98 [-Wc++98-compat]
[build]   260 |             case value_t::string:
[build]       |                  ^
[build] C:\Users\pperv\code\unnamed_rpg\vendor\json\include\nlohmann/detail/iterators/iter_impl.hpp(261,18): warning: enumeration type in nested name specifier is incompatible with C++98 [-Wc++98-compat]
[build]   261 |             case value_t::boolean:
[build]       |                  ^
[build] C:\Users\pperv\code\unnamed_rpg\vendor\json\include\nlohmann/detail/iterators/iter_impl.hpp(262,18): warning: enumeration type in nested name specifier is incompatible with C++98 [-Wc++98-compat]
[build]   262 |             case value_t::number_integer:
[build]       |                  ^
[build] C:\Users\pperv\code\unnamed_rpg\vendor\json\include\nlohmann/detail/iterators/iter_impl.hpp(263,18): warning: enumeration type in nested name specifier is incompatible with C++98 [-Wc++98-compat]
[build]   263 |             case value_t::number_unsigned:
[build]       |                  ^
[build] C:\Users\pperv\code\unnamed_rpg\vendor\json\include\nlohmann/detail/iterators/iter_impl.hpp(264,18): warning: enumeration type in nested name specifier is incompatible with C++98 [-Wc++98-compat]
[build]   264 |             case value_t::number_float:
[build]       |                  ^
[build] C:\Users\pperv\code\unnamed_rpg\vendor\json\include\nlohmann/detail/iterators/iter_impl.hpp(265,18): warning: enumeration type in nested name specifier is incompatible with C++98 [-Wc++98-compat]
[build]   265 |             case value_t::binary:
[build]       |                  ^
[build] C:\Users\pperv\code\unnamed_rpg\vendor\json\include\nlohmann/detail/iterators/iter_impl.hpp(266,18): warning: enumeration type in nested name specifier is incompatible with C++98 [-Wc++98-compat]
[build]   266 |             case value_t::discarded:
[build]       |                  ^
[build] C:\Users\pperv\code\unnamed_rpg\vendor\json\include\nlohmann/detail/iterators/iter_impl.hpp(267,13): warning: default label in switch which covers all enumeration values [-Wcovered-switch-default]
[build]   267 |             default:
[build]       |             ^
[build] C:\Users\pperv\code\unnamed_rpg\vendor\json\include\nlohmann/detail/iterators/iter_impl.hpp(468,170): warning: use of null pointer as non-type template argument is incompatible with C++98 [-Wc++98-compat]
[build]   468 |     template < typename IterImpl, detail::enable_if_t < (std::is_same<IterImpl, iter_impl>::value || std::is_same<IterImpl, other_iter_impl>::value), std::nullptr_t > = nullptr >
[build]       |                                                                                                                                                                          ^
[build] C:\Users\pperv\code\unnamed_rpg\vendor\json\include\nlohmann/detail/iterators/iter_impl.hpp(511,17): note: while substituting deduced template arguments into function template 'operator==' [with IterImpl = nlohmann::detail::iter_impl<nlohmann::basic_json<>>, $1 = (no value)]
[build]   511 |         return !operator==(other);
[build]       |                 ^
[build] C:\Users\pperv\code\unnamed_rpg\vendor\json\include\nlohmann/detail/input/json_sax.hpp(815,43): note: in instantiation of function template specialization 'nlohmann::detail::iter_impl<nlohmann::basic_json<>>::operator!=<nlohmann::detail::iter_impl<nlohmann::basic_json<>>, nullptr>' requested here
[build]   815 |         for (auto it = parent.begin(); it != parent.end(); ++it)
[build]       |                                           ^
[build] C:\Users\pperv\code\unnamed_rpg\vendor\json\include\nlohmann/detail/input/json_sax.hpp(874,21): note: in instantiation of member function 'nlohmann::detail::json_sax_dom_callback_parser<nlohmann::basic_json<>, nlohmann::detail::iterator_input_adapter<const char *>>::remove_discarded_value' requested here
[build]   874 |                     remove_discarded_value(*ref_stack.back());
[build]       |                     ^
[build] C:\Users\pperv\code\unnamed_rpg\vendor\json\include\nlohmann/detail/input/json_sax.hpp(551,20): note: in instantiation of function template specialization 'nlohmann::detail::json_sax_dom_callback_parser<nlohmann::basic_json<>, nlohmann::detail::iterator_input_adapter<const char *>>::handle_value<nlohmann::detail::value_t>' requested here
[build]   551 |         auto val = handle_value(BasicJsonType::value_t::object, true);
[build]       |                    ^
[build] C:\Users\pperv\code\unnamed_rpg\vendor\json\include\nlohmann/detail/input/parser.hpp(199,56): note: in instantiation of member function 'nlohmann::detail::json_sax_dom_callback_parser<nlohmann::basic_json<>, nlohmann::detail::iterator_input_adapter<const char *>>::start_object' requested here
[build]   199 |                         if (JSON_HEDLEY_UNLIKELY(!sax->start_object(detail::unknown_size())))
[build]       |                                                        ^
[build] C:\Users\pperv\code\unnamed_rpg\vendor\json\include\nlohmann/thirdparty/hedley/hedley.hpp(1360,94): note: expanded from macro 'JSON_HEDLEY_UNLIKELY'
[build]  1360 | #  define JSON_HEDLEY_UNLIKELY(expr)                    __builtin_expect                 (!!(expr),    0                  )
[build]       |                                                                                              ^
[build] C:\Users\pperv\code\unnamed_rpg\vendor\json\include\nlohmann/detail/input/parser.hpp(100,13): note: in instantiation of function template specialization 'nlohmann::detail::parser<nlohmann::basic_json<>, nlohmann::detail::iterator_input_adapter<const char *>>::sax_parse_internal<nlohmann::detail::json_sax_dom_callback_parser<nlohmann::basic_json<>, nlohmann::detail::iterator_input_adapter<const char *>>>' requested here
[build]   100 |             sax_parse_internal(&sdp);
[build]       |             ^
[build] C:\Users\pperv\code\unnamed_rpg\vendor\json\include\nlohmann/json.hpp(4112,148): note: in instantiation of member function 'nlohmann::detail::parser<nlohmann::basic_json<>, nlohmann::detail::iterator_input_adapter<const char *>>::parse' requested here
[build]  4112 |         parser(detail::input_adapter(std::move(first), std::move(last)), std::move(cb), allow_exceptions, ignore_comments, ignore_trailing_commas).parse(true, result); // cppcheck-suppress[accessMoved]
[build]       |                                                                                                                                                    ^
[build] C:\Users\pperv\code\unnamed_rpg\vendor\json\include\nlohmann/json.hpp(5294,28): note: in instantiation of function template specialization 'nlohmann::basic_json<>::parse<const char *, const char *, 0>' requested here
[build]  5294 |     return nlohmann::json::parse(s, s + n);
[build]       |                            ^
[build] In file included from C:\Users\pperv\code\unnamed_rpg\vendor\json-schema-validator\src\json-patch.cpp:1:
[build] In file included from C:\Users\pperv\code\unnamed_rpg\vendor\json-schema-validator\src\json-patch.hpp:3:
[build] In file included from C:\Users\pperv\code\unnamed_rpg\vendor\json\include\nlohmann/json.hpp:55:
[build] C:\Users\pperv\code\unnamed_rpg\vendor\json\include\nlohmann/detail/iterators/iter_impl.hpp(478,25): warning: 'nullptr' is incompatible with C++98 [-Wc++98-compat]
[build]   478 |         if (m_object == nullptr)
[build]       |                         ^
[build] C:\Users\pperv\code\unnamed_rpg\vendor\json\include\nlohmann/detail/iterators/iter_impl.hpp(485,18): warning: enumeration type in nested name specifier is incompatible with C++98 [-Wc++98-compat]
[build]   485 |             case value_t::object:
[build]       |                  ^
[build] C:\Users\pperv\code\unnamed_rpg\vendor\json\include\nlohmann/detail/input/json_sax.hpp(815,43): note: in instantiation of function template specialization 'nlohmann::detail::iter_impl<nlohmann::basic_json<>>::operator!=<nlohmann::detail::iter_impl<nlohmann::basic_json<>>, nullptr>' requested here
[build]   815 |         for (auto it = parent.begin(); it != parent.end(); ++it)
[build]       |                                           ^
[build] C:\Users\pperv\code\unnamed_rpg\vendor\json\include\nlohmann/detail/input/json_sax.hpp(874,21): note: in instantiation of member function 'nlohmann::detail::json_sax_dom_callback_parser<nlohmann::basic_json<>, nlohmann::detail::iterator_input_adapter<const char *>>::remove_discarded_value' requested here
[build]   874 |                     remove_discarded_value(*ref_stack.back());
[build]       |                     ^
[build] C:\Users\pperv\code\unnamed_rpg\vendor\json\include\nlohmann/detail/input/json_sax.hpp(551,20): note: in instantiation of function template specialization 'nlohmann::detail::json_sax_dom_callback_parser<nlohmann::basic_json<>, nlohmann::detail::iterator_input_adapter<const char *>>::handle_value<nlohmann::detail::value_t>' requested here
[build]   551 |         auto val = handle_value(BasicJsonType::value_t::object, true);
[build]       |                    ^
[build] C:\Users\pperv\code\unnamed_rpg\vendor\json\include\nlohmann/detail/input/parser.hpp(199,56): note: in instantiation of member function 'nlohmann::detail::json_sax_dom_callback_parser<nlohmann::basic_json<>, nlohmann::detail::iterator_input_adapter<const char *>>::start_object' requested here
[build]   199 |                         if (JSON_HEDLEY_UNLIKELY(!sax->start_object(detail::unknown_size())))
[build]       |                                                        ^
[build] C:\Users\pperv\code\unnamed_rpg\vendor\json\include\nlohmann/thirdparty/hedley/hedley.hpp(1360,94): note: expanded from macro 'JSON_HEDLEY_UNLIKELY'
[build]  1360 | #  define JSON_HEDLEY_UNLIKELY(expr)                    __builtin_expect                 (!!(expr),    0                  )
[build]       |                                                                                              ^
[build] C:\Users\pperv\code\unnamed_rpg\vendor\json\include\nlohmann/detail/input/parser.hpp(100,13): note: in instantiation of function template specialization 'nlohmann::detail::parser<nlohmann::basic_json<>, nlohmann::detail::iterator_input_adapter<const char *>>::sax_parse_internal<nlohmann::detail::json_sax_dom_callback_parser<nlohmann::basic_json<>, nlohmann::detail::iterator_input_adapter<const char *>>>' requested here
[build]   100 |             sax_parse_internal(&sdp);
[build]       |             ^
[build] C:\Users\pperv\code\unnamed_rpg\vendor\json\include\nlohmann/json.hpp(4112,148): note: in instantiation of member function 'nlohmann::detail::parser<nlohmann::basic_json<>, nlohmann::detail::iterator_input_adapter<const char *>>::parse' requested here
[build]  4112 |         parser(detail::input_adapter(std::move(first), std::move(last)), std::move(cb), allow_exceptions, ignore_comments, ignore_trailing_commas).parse(true, result); // cppcheck-suppress[accessMoved]
[build]       |                                                                                                                                                    ^
[build] C:\Users\pperv\code\unnamed_rpg\vendor\json\include\nlohmann/json.hpp(5294,28): note: in instantiation of function template specialization 'nlohmann::basic_json<>::parse<const char *, const char *, 0>' requested here
[build]  5294 |     return nlohmann::json::parse(s, s + n);
[build]       |                            ^
[build] In file included from C:\Users\pperv\code\unnamed_rpg\vendor\json-schema-validator\src\json-patch.cpp:1:
[build] In file included from C:\Users\pperv\code\unnamed_rpg\vendor\json-schema-validator\src\json-patch.hpp:3:
[build] In file included from C:\Users\pperv\code\unnamed_rpg\vendor\json\include\nlohmann/json.hpp:55:
[build] C:\Users\pperv\code\unnamed_rpg\vendor\json\include\nlohmann/detail/iterators/iter_impl.hpp(488,18): warning: enumeration type in nested name specifier is incompatible with C++98 [-Wc++98-compat]
[build]   488 |             case value_t::array:
[build]       |                  ^
[build] C:\Users\pperv\code\unnamed_rpg\vendor\json\include\nlohmann/detail/iterators/iter_impl.hpp(491,18): warning: enumeration type in nested name specifier is incompatible with C++98 [-Wc++98-compat]
[build]   491 |             case value_t::null:
[build]       |                  ^
[build] C:\Users\pperv\code\unnamed_rpg\vendor\json\include\nlohmann/detail/iterators/iter_impl.hpp(492,18): warning: enumeration type in nested name specifier is incompatible with C++98 [-Wc++98-compat]
[build]   492 |             case value_t::string:
[build]       |                  ^
[build] C:\Users\pperv\code\unnamed_rpg\vendor\json\include\nlohmann/detail/iterators/iter_impl.hpp(493,18): warning: enumeration type in nested name specifier is incompatible with C++98 [-Wc++98-compat]
[build]   493 |             case value_t::boolean:
[build]       |                  ^
[build] C:\Users\pperv\code\unnamed_rpg\vendor\json\include\nlohmann/detail/iterators/iter_impl.hpp(494,18): warning: enumeration type in nested name specifier is incompatible with C++98 [-Wc++98-compat]
[build]   494 |             case value_t::number_integer:
[build]       |                  ^
[build] C:\Users\pperv\code\unnamed_rpg\vendor\json\include\nlohmann/detail/iterators/iter_impl.hpp(495,18): warning: enumeration type in nested name specifier is incompatible with C++98 [-Wc++98-compat]
[build]   495 |             case value_t::number_unsigned:
[build]       |                  ^
[build] C:\Users\pperv\code\unnamed_rpg\vendor\json\include\nlohmann/detail/iterators/iter_impl.hpp(496,18): warning: enumeration type in nested name specifier is incompatible with C++98 [-Wc++98-compat]
[build]   496 |             case value_t::number_float:
[build]       |                  ^
[build] C:\Users\pperv\code\unnamed_rpg\vendor\json\include\nlohmann/detail/iterators/iter_impl.hpp(497,18): warning: enumeration type in nested name specifier is incompatible with C++98 [-Wc++98-compat]
[build]   497 |             case value_t::binary:
[build]       |                  ^
[build] C:\Users\pperv\code\unnamed_rpg\vendor\json\include\nlohmann/detail/iterators/iter_impl.hpp(498,18): warning: enumeration type in nested name specifier is incompatible with C++98 [-Wc++98-compat]
[build]   498 |             case value_t::discarded:
[build]       |                  ^
[build] C:\Users\pperv\code\unnamed_rpg\vendor\json\include\nlohmann/detail/iterators/iter_impl.hpp(485,18): warning: enumeration type in nested name specifier is incompatible with C++98 [-Wc++98-compat]
[build]   485 |             case value_t::object:
[build]       |                  ^
[build] C:\Users\pperv\code\unnamed_rpg\vendor\json\include\nlohmann/detail/iterators/iter_impl.hpp(511,17): note: in instantiation of function template specialization 'nlohmann::detail::iter_impl<nlohmann::basic_json<>>::operator==<nlohmann::detail::iter_impl<nlohmann::basic_json<>>, nullptr>' requested here
[build]   511 |         return !operator==(other);
[build]       |                 ^
[build] C:\Users\pperv\code\unnamed_rpg\vendor\json\include\nlohmann/detail/input/json_sax.hpp(815,43): note: in instantiation of function template specialization 'nlohmann::detail::iter_impl<nlohmann::basic_json<>>::operator!=<nlohmann::detail::iter_impl<nlohmann::basic_json<>>, nullptr>' requested here
[build]   815 |         for (auto it = parent.begin(); it != parent.end(); ++it)
[build]       |                                           ^
[build] C:\Users\pperv\code\unnamed_rpg\vendor\json\include\nlohmann/detail/input/json_sax.hpp(874,21): note: in instantiation of member function 'nlohmann::detail::json_sax_dom_callback_parser<nlohmann::basic_json<>, nlohmann::detail::iterator_input_adapter<const char *>>::remove_discarded_value' requested here
[build]   874 |                     remove_discarded_value(*ref_stack.back());
[build]       |                     ^
[build] C:\Users\pperv\code\unnamed_rpg\vendor\json\include\nlohmann/detail/input/json_sax.hpp(551,20): note: in instantiation of function template specialization 'nlohmann::detail::json_sax_dom_callback_parser<nlohmann::basic_json<>, nlohmann::detail::iterator_input_adapter<const char *>>::handle_value<nlohmann::detail::value_t>' requested here
[build]   551 |         auto val = handle_value(BasicJsonType::value_t::object, true);
[build]       |                    ^
[build] C:\Users\pperv\code\unnamed_rpg\vendor\json\include\nlohmann/detail/input/parser.hpp(199,56): note: in instantiation of member function 'nlohmann::detail::json_sax_dom_callback_parser<nlohmann::basic_json<>, nlohmann::detail::iterator_input_adapter<const char *>>::start_object' requested here
[build]   199 |                         if (JSON_HEDLEY_UNLIKELY(!sax->start_object(detail::unknown_size())))
[build]       |                                                        ^
[build] C:\Users\pperv\code\unnamed_rpg\vendor\json\include\nlohmann/thirdparty/hedley/hedley.hpp(1360,94): note: expanded from macro 'JSON_HEDLEY_UNLIKELY'
[build]  1360 | #  define JSON_HEDLEY_UNLIKELY(expr)                    __builtin_expect                 (!!(expr),    0                  )
[build]       |                                                                                              ^
[build] C:\Users\pperv\code\unnamed_rpg\vendor\json\include\nlohmann/detail/input/parser.hpp(100,13): note: in instantiation of function template specialization 'nlohmann::detail::parser<nlohmann::basic_json<>, nlohmann::detail::iterator_input_adapter<const char *>>::sax_parse_internal<nlohmann::detail::json_sax_dom_callback_parser<nlohmann::basic_json<>, nlohmann::detail::iterator_input_adapter<const char *>>>' requested here
[build]   100 |             sax_parse_internal(&sdp);
[build]       |             ^
[build] C:\Users\pperv\code\unnamed_rpg\vendor\json\include\nlohmann/json.hpp(4112,148): note: in instantiation of member function 'nlohmann::detail::parser<nlohmann::basic_json<>, nlohmann::detail::iterator_input_adapter<const char *>>::parse' requested here
[build]  4112 |         parser(detail::input_adapter(std::move(first), std::move(last)), std::move(cb), allow_exceptions, ignore_comments, ignore_trailing_commas).parse(true, result); // cppcheck-suppress[accessMoved]
[build]       |                                                                                                                                                    ^
[build] C:\Users\pperv\code\unnamed_rpg\vendor\json\include\nlohmann/json.hpp(5294,28): note: in instantiation of function template specialization 'nlohmann::basic_json<>::parse<const char *, const char *, 0>' requested here
[build]  5294 |     return nlohmann::json::parse(s, s + n);
[build]       |                            ^
[build] In file included from C:\Users\pperv\code\unnamed_rpg\vendor\json-schema-validator\src\json-patch.cpp:1:
[build] In file included from C:\Users\pperv\code\unnamed_rpg\vendor\json-schema-validator\src\json-patch.hpp:3:
[build] In file included from C:\Users\pperv\code\unnamed_rpg\vendor\json\include\nlohmann/json.hpp:55:
[build] C:\Users\pperv\code\unnamed_rpg\vendor\json\include\nlohmann/detail/iterators/iter_impl.hpp(488,18): warning: enumeration type in nested name specifier is incompatible with C++98 [-Wc++98-compat]
[build]   488 |             case value_t::array:
[build]       |                  ^
[build] C:\Users\pperv\code\unnamed_rpg\vendor\json\include\nlohmann/detail/iterators/iter_impl.hpp(491,18): warning: enumeration type in nested name specifier is incompatible with C++98 [-Wc++98-compat]
[build]   491 |             case value_t::null:
[build]       |                  ^
[build] C:\Users\pperv\code\unnamed_rpg\vendor\json\include\nlohmann/detail/iterators/iter_impl.hpp(492,18): warning: enumeration type in nested name specifier is incompatible with C++98 [-Wc++98-compat]
[build]   492 |             case value_t::string:
[build]       |                  ^
[build] C:\Users\pperv\code\unnamed_rpg\vendor\json\include\nlohmann/detail/iterators/iter_impl.hpp(493,18): warning: enumeration type in nested name specifier is incompatible with C++98 [-Wc++98-compat]
[build]   493 |             case value_t::boolean:
[build]       |                  ^
[build] C:\Users\pperv\code\unnamed_rpg\vendor\json\include\nlohmann/detail/iterators/iter_impl.hpp(494,18): warning: enumeration type in nested name specifier is incompatible with C++98 [-Wc++98-compat]
[build]   494 |             case value_t::number_integer:
[build]       |                  ^
[build] C:\Users\pperv\code\unnamed_rpg\vendor\json\include\nlohmann/detail/iterators/iter_impl.hpp(495,18): warning: enumeration type in nested name specifier is incompatible with C++98 [-Wc++98-compat]
[build]   495 |             case value_t::number_unsigned:
[build]       |                  ^
[build] C:\Users\pperv\code\unnamed_rpg\vendor\json\include\nlohmann/detail/iterators/iter_impl.hpp(496,18): warning: enumeration type in nested name specifier is incompatible with C++98 [-Wc++98-compat]
[build]   496 |             case value_t::number_float:
[build]       |                  ^
[build] C:\Users\pperv\code\unnamed_rpg\vendor\json\include\nlohmann/detail/iterators/iter_impl.hpp(497,18): warning: enumeration type in nested name specifier is incompatible with C++98 [-Wc++98-compat]
[build]   497 |             case value_t::binary:
[build]       |                  ^
[build] C:\Users\pperv\code\unnamed_rpg\vendor\json\include\nlohmann/detail/iterators/iter_impl.hpp(498,18): warning: enumeration type in nested name specifier is incompatible with C++98 [-Wc++98-compat]
[build]   498 |             case value_t::discarded:
[build]       |                  ^
[build] C:\Users\pperv\code\unnamed_rpg\vendor\json\include\nlohmann/detail/iterators/iter_impl.hpp(499,13): warning: default label in switch which covers all enumeration values [-Wcovered-switch-default]
[build]   499 |             default:
[build]       |             ^
[build] In file included from C:\Users\pperv\code\unnamed_rpg\vendor\json-schema-validator\src\json-patch.cpp:1:
[build] In file included from C:\Users\pperv\code\unnamed_rpg\vendor\json-schema-validator\src\json-patch.hpp:3:
[build] In file included from C:\Users\pperv\code\unnamed_rpg\vendor\json\include\nlohmann/json.hpp:44:
[build] In file included from C:\Users\pperv\code\unnamed_rpg\vendor\json\include\nlohmann/adl_serializer.hpp:14:
[build] In file included from C:\Users\pperv\code\unnamed_rpg\vendor\json\include\nlohmann/detail/conversions/from_json.hpp:24:
[build] C:\Users\pperv\code\unnamed_rpg\vendor\json\include\nlohmann/detail/exceptions.hpp(226,16): warning: generalized initializer lists are incompatible with C++98 [-Wc++98-compat]
[build]   226 |         return {id_, w.c_str()};
[build]       |                ^~~~~~~~~~~~~~~~
[build] C:\Users\pperv\code\unnamed_rpg\vendor\json\include\nlohmann/detail/exceptions.hpp(226,16): warning: constructor call from initializer list is incompatible with C++98 [-Wc++98-compat]
[build]   226 |         return {id_, w.c_str()};
[build]       |                ^~~~~~~~~~~~~~~~
[build] C:\Users\pperv\code\unnamed_rpg\vendor\json\include\nlohmann/detail/exceptions.hpp(226,16): warning: constructor call from initializer list is incompatible with C++98 [-Wc++98-compat]
[build]   226 |         return {id_, w.c_str()};
[build]       |                ^~~~~~~~~~~~~~~~
[build] C:\Users\pperv\code\unnamed_rpg\vendor\json\include\nlohmann/detail/iterators/iter_impl.hpp(474,42): note: in instantiation of function template specialization 'nlohmann::detail::invalid_iterator::create<nlohmann::basic_json<> *, 0>' requested here
[build]   474 |             JSON_THROW(invalid_iterator::create(212, "cannot compare iterators of different containers", m_object));
[build]       |                                          ^
[build] C:\Users\pperv\code\unnamed_rpg\vendor\json\include\nlohmann/detail/macro_scope.hpp(198,41): note: expanded from macro 'JSON_THROW'
[build]   198 |     #define JSON_THROW(exception) throw exception
[build]       |                                         ^
[build] C:\Users\pperv\code\unnamed_rpg\vendor\json\include\nlohmann/detail/iterators/iter_impl.hpp(511,17): note: in instantiation of function template specialization 'nlohmann::detail::iter_impl<nlohmann::basic_json<>>::operator==<nlohmann::detail::iter_impl<nlohmann::basic_json<>>, nullptr>' requested here
[build]   511 |         return !operator==(other);
[build]       |                 ^
[build] C:\Users\pperv\code\unnamed_rpg\vendor\json\include\nlohmann/detail/input/json_sax.hpp(815,43): note: in instantiation of function template specialization 'nlohmann::detail::iter_impl<nlohmann::basic_json<>>::operator!=<nlohmann::detail::iter_impl<nlohmann::basic_json<>>, nullptr>' requested here
[build]   815 |         for (auto it = parent.begin(); it != parent.end(); ++it)
[build]       |                                           ^
[build] C:\Users\pperv\code\unnamed_rpg\vendor\json\include\nlohmann/detail/input/json_sax.hpp(874,21): note: in instantiation of member function 'nlohmann::detail::json_sax_dom_callback_parser<nlohmann::basic_json<>, nlohmann::detail::iterator_input_adapter<const char *>>::remove_discarded_value' requested here
[build]   874 |                     remove_discarded_value(*ref_stack.back());
[build]       |                     ^
[build] C:\Users\pperv\code\unnamed_rpg\vendor\json\include\nlohmann/detail/input/json_sax.hpp(551,20): note: in instantiation of function template specialization 'nlohmann::detail::json_sax_dom_callback_parser<nlohmann::basic_json<>, nlohmann::detail::iterator_input_adapter<const char *>>::handle_value<nlohmann::detail::value_t>' requested here
[build]   551 |         auto val = handle_value(BasicJsonType::value_t::object, true);
[build]       |                    ^
[build] C:\Users\pperv\code\unnamed_rpg\vendor\json\include\nlohmann/detail/input/parser.hpp(199,56): note: in instantiation of member function 'nlohmann::detail::json_sax_dom_callback_parser<nlohmann::basic_json<>, nlohmann::detail::iterator_input_adapter<const char *>>::start_object' requested here
[build]   199 |                         if (JSON_HEDLEY_UNLIKELY(!sax->start_object(detail::unknown_size())))
[build]       |                                                        ^
[build] C:\Users\pperv\code\unnamed_rpg\vendor\json\include\nlohmann/thirdparty/hedley/hedley.hpp(1360,94): note: expanded from macro 'JSON_HEDLEY_UNLIKELY'
[build]  1360 | #  define JSON_HEDLEY_UNLIKELY(expr)                    __builtin_expect                 (!!(expr),    0                  )
[build]       |                                                                                              ^
[build] C:\Users\pperv\code\unnamed_rpg\vendor\json\include\nlohmann/detail/input/parser.hpp(100,13): note: in instantiation of function template specialization 'nlohmann::detail::parser<nlohmann::basic_json<>, nlohmann::detail::iterator_input_adapter<const char *>>::sax_parse_internal<nlohmann::detail::json_sax_dom_callback_parser<nlohmann::basic_json<>, nlohmann::detail::iterator_input_adapter<const char *>>>' requested here
[build]   100 |             sax_parse_internal(&sdp);
[build]       |             ^
[build] C:\Users\pperv\code\unnamed_rpg\vendor\json\include\nlohmann/json.hpp(4112,148): note: in instantiation of member function 'nlohmann::detail::parser<nlohmann::basic_json<>, nlohmann::detail::iterator_input_adapter<const char *>>::parse' requested here
[build]  4112 |         parser(detail::input_adapter(std::move(first), std::move(last)), std::move(cb), allow_exceptions, ignore_comments, ignore_trailing_commas).parse(true, result); // cppcheck-suppress[accessMoved]
[build]       |                                                                                                                                                    ^
[build] C:\Users\pperv\code\unnamed_rpg\vendor\json\include\nlohmann/json.hpp(5294,28): note: in instantiation of function template specialization 'nlohmann::basic_json<>::parse<const char *, const char *, 0>' requested here
[build]  5294 |     return nlohmann::json::parse(s, s + n);
[build]       |                            ^
[build] In file included from C:\Users\pperv\code\unnamed_rpg\vendor\json-schema-validator\src\json-patch.cpp:1:
[build] In file included from C:\Users\pperv\code\unnamed_rpg\vendor\json-schema-validator\src\json-patch.hpp:3:
[build] In file included from C:\Users\pperv\code\unnamed_rpg\vendor\json\include\nlohmann/json.hpp:55:
[build] C:\Users\pperv\code\unnamed_rpg\vendor\json\include\nlohmann/detail/iterators/iter_impl.hpp(379,33): warning: 'nullptr' is incompatible with C++98 [-Wc++98-compat]
[build]   379 |         JSON_ASSERT(m_object != nullptr);
[build]       |                                 ^
[build] C:\Users\pperv\code\unnamed_rpg\vendor\json\include\nlohmann/detail/iterators/iter_impl.hpp(383,18): warning: enumeration type in nested name specifier is incompatible with C++98 [-Wc++98-compat]
[build]   383 |             case value_t::object:
[build]       |                  ^
[build] C:\Users\pperv\code\unnamed_rpg\vendor\json\include\nlohmann/detail/input/json_sax.hpp(874,21): note: in instantiation of member function 'nlohmann::detail::json_sax_dom_callback_parser<nlohmann::basic_json<>, nlohmann::detail::iterator_input_adapter<const char *>>::remove_discarded_value' requested here
[build]   874 |                     remove_discarded_value(*ref_stack.back());
[build]       |                     ^
[build] C:\Users\pperv\code\unnamed_rpg\vendor\json\include\nlohmann/detail/input/json_sax.hpp(551,20): note: in instantiation of function template specialization 'nlohmann::detail::json_sax_dom_callback_parser<nlohmann::basic_json<>, nlohmann::detail::iterator_input_adapter<const char *>>::handle_value<nlohmann::detail::value_t>' requested here
[build]   551 |         auto val = handle_value(BasicJsonType::value_t::object, true);
[build]       |                    ^
[build] C:\Users\pperv\code\unnamed_rpg\vendor\json\include\nlohmann/detail/input/parser.hpp(199,56): note: in instantiation of member function 'nlohmann::detail::json_sax_dom_callback_parser<nlohmann::basic_json<>, nlohmann::detail::iterator_input_adapter<const char *>>::start_object' requested here
[build]   199 |                         if (JSON_HEDLEY_UNLIKELY(!sax->start_object(detail::unknown_size())))
[build]       |                                                        ^
[build] C:\Users\pperv\code\unnamed_rpg\vendor\json\include\nlohmann/thirdparty/hedley/hedley.hpp(1360,94): note: expanded from macro 'JSON_HEDLEY_UNLIKELY'
[build]  1360 | #  define JSON_HEDLEY_UNLIKELY(expr)                    __builtin_expect                 (!!(expr),    0                  )
[build]       |                                                                                              ^
[build] C:\Users\pperv\code\unnamed_rpg\vendor\json\include\nlohmann/detail/input/parser.hpp(100,13): note: in instantiation of function template specialization 'nlohmann::detail::parser<nlohmann::basic_json<>, nlohmann::detail::iterator_input_adapter<const char *>>::sax_parse_internal<nlohmann::detail::json_sax_dom_callback_parser<nlohmann::basic_json<>, nlohmann::detail::iterator_input_adapter<const char *>>>' requested here
[build]   100 |             sax_parse_internal(&sdp);
[build]       |             ^
[build] C:\Users\pperv\code\unnamed_rpg\vendor\json\include\nlohmann/json.hpp(4112,148): note: in instantiation of member function 'nlohmann::detail::parser<nlohmann::basic_json<>, nlohmann::detail::iterator_input_adapter<const char *>>::parse' requested here
[build]  4112 |         parser(detail::input_adapter(std::move(first), std::move(last)), std::move(cb), allow_exceptions, ignore_comments, ignore_trailing_commas).parse(true, result); // cppcheck-suppress[accessMoved]
[build]       |                                                                                                                                                    ^
[build] C:\Users\pperv\code\unnamed_rpg\vendor\json\include\nlohmann/json.hpp(5294,28): note: in instantiation of function template specialization 'nlohmann::basic_json<>::parse<const char *, const char *, 0>' requested here
[build]  5294 |     return nlohmann::json::parse(s, s + n);
[build]       |                            ^
[build] In file included from C:\Users\pperv\code\unnamed_rpg\vendor\json-schema-validator\src\json-patch.cpp:1:
[build] In file included from C:\Users\pperv\code\unnamed_rpg\vendor\json-schema-validator\src\json-patch.hpp:3:
[build] In file included from C:\Users\pperv\code\unnamed_rpg\vendor\json\include\nlohmann/json.hpp:55:
[build] C:\Users\pperv\code\unnamed_rpg\vendor\json\include\nlohmann/detail/iterators/iter_impl.hpp(389,18): warning: enumeration type in nested name specifier is incompatible with C++98 [-Wc++98-compat]
[build]   389 |             case value_t::array:
[build]       |                  ^
[build] C:\Users\pperv\code\unnamed_rpg\vendor\json\include\nlohmann/detail/iterators/iter_impl.hpp(395,18): warning: enumeration type in nested name specifier is incompatible with C++98 [-Wc++98-compat]
[build]   395 |             case value_t::null:
[build]       |                  ^
[build] C:\Users\pperv\code\unnamed_rpg\vendor\json\include\nlohmann/detail/iterators/iter_impl.hpp(396,18): warning: enumeration type in nested name specifier is incompatible with C++98 [-Wc++98-compat]
[build]   396 |             case value_t::string:
[build]       |                  ^
[build] C:\Users\pperv\code\unnamed_rpg\vendor\json\include\nlohmann/detail/iterators/iter_impl.hpp(397,18): warning: enumeration type in nested name specifier is incompatible with C++98 [-Wc++98-compat]
[build]   397 |             case value_t::boolean:
[build]       |                  ^
[build] C:\Users\pperv\code\unnamed_rpg\vendor\json\include\nlohmann/detail/iterators/iter_impl.hpp(398,18): warning: enumeration type in nested name specifier is incompatible with C++98 [-Wc++98-compat]
[build]   398 |             case value_t::number_integer:
[build]       |                  ^
[build] C:\Users\pperv\code\unnamed_rpg\vendor\json\include\nlohmann/detail/iterators/iter_impl.hpp(399,18): warning: enumeration type in nested name specifier is incompatible with C++98 [-Wc++98-compat]
[build]   399 |             case value_t::number_unsigned:
[build]       |                  ^
[build] C:\Users\pperv\code\unnamed_rpg\vendor\json\include\nlohmann/detail/iterators/iter_impl.hpp(400,18): warning: enumeration type in nested name specifier is incompatible with C++98 [-Wc++98-compat]
[build]   400 |             case value_t::number_float:
[build]       |                  ^
[build] C:\Users\pperv\code\unnamed_rpg\vendor\json\include\nlohmann/detail/iterators/iter_impl.hpp(401,18): warning: enumeration type in nested name specifier is incompatible with C++98 [-Wc++98-compat]
[build]   401 |             case value_t::binary:
[build]       |                  ^
[build] C:\Users\pperv\code\unnamed_rpg\vendor\json\include\nlohmann/detail/iterators/iter_impl.hpp(402,18): warning: enumeration type in nested name specifier is incompatible with C++98 [-Wc++98-compat]
[build]   402 |             case value_t::discarded:
[build]       |                  ^
[build] C:\Users\pperv\code\unnamed_rpg\vendor\json\include\nlohmann/detail/iterators/iter_impl.hpp(383,18): warning: enumeration type in nested name specifier is incompatible with C++98 [-Wc++98-compat]
[build]   383 |             case value_t::object:
[build]       |                  ^
[build] C:\Users\pperv\code\unnamed_rpg\vendor\json\include\nlohmann/detail/input/json_sax.hpp(815,60): note: in instantiation of member function 'nlohmann::detail::iter_impl<nlohmann::basic_json<>>::operator++' requested here
[build]   815 |         for (auto it = parent.begin(); it != parent.end(); ++it)
[build]       |                                                            ^
[build] C:\Users\pperv\code\unnamed_rpg\vendor\json\include\nlohmann/detail/input/json_sax.hpp(874,21): note: in instantiation of member function 'nlohmann::detail::json_sax_dom_callback_parser<nlohmann::basic_json<>, nlohmann::detail::iterator_input_adapter<const char *>>::remove_discarded_value' requested here
[build]   874 |                     remove_discarded_value(*ref_stack.back());
[build]       |                     ^
[build] C:\Users\pperv\code\unnamed_rpg\vendor\json\include\nlohmann/detail/input/json_sax.hpp(551,20): note: in instantiation of function template specialization 'nlohmann::detail::json_sax_dom_callback_parser<nlohmann::basic_json<>, nlohmann::detail::iterator_input_adapter<const char *>>::handle_value<nlohmann::detail::value_t>' requested here
[build]   551 |         auto val = handle_value(BasicJsonType::value_t::object, true);
[build]       |                    ^
[build] C:\Users\pperv\code\unnamed_rpg\vendor\json\include\nlohmann/detail/input/parser.hpp(199,56): note: in instantiation of member function 'nlohmann::detail::json_sax_dom_callback_parser<nlohmann::basic_json<>, nlohmann::detail::iterator_input_adapter<const char *>>::start_object' requested here
[build]   199 |                         if (JSON_HEDLEY_UNLIKELY(!sax->start_object(detail::unknown_size())))
[build]       |                                                        ^
[build] C:\Users\pperv\code\unnamed_rpg\vendor\json\include\nlohmann/thirdparty/hedley/hedley.hpp(1360,94): note: expanded from macro 'JSON_HEDLEY_UNLIKELY'
[build]  1360 | #  define JSON_HEDLEY_UNLIKELY(expr)                    __builtin_expect                 (!!(expr),    0                  )
[build]       |                                                                                              ^
[build] C:\Users\pperv\code\unnamed_rpg\vendor\json\include\nlohmann/detail/input/parser.hpp(100,13): note: in instantiation of function template specialization 'nlohmann::detail::parser<nlohmann::basic_json<>, nlohmann::detail::iterator_input_adapter<const char *>>::sax_parse_internal<nlohmann::detail::json_sax_dom_callback_parser<nlohmann::basic_json<>, nlohmann::detail::iterator_input_adapter<const char *>>>' requested here
[build]   100 |             sax_parse_internal(&sdp);
[build]       |             ^
[build] C:\Users\pperv\code\unnamed_rpg\vendor\json\include\nlohmann/json.hpp(4112,148): note: in instantiation of member function 'nlohmann::detail::parser<nlohmann::basic_json<>, nlohmann::detail::iterator_input_adapter<const char *>>::parse' requested here
[build]  4112 |         parser(detail::input_adapter(std::move(first), std::move(last)), std::move(cb), allow_exceptions, ignore_comments, ignore_trailing_commas).parse(true, result); // cppcheck-suppress[accessMoved]
[build]       |                                                                                                                                                    ^
[build] C:\Users\pperv\code\unnamed_rpg\vendor\json\include\nlohmann/json.hpp(5294,28): note: in instantiation of function template specialization 'nlohmann::basic_json<>::parse<const char *, const char *, 0>' requested here
[build]  5294 |     return nlohmann::json::parse(s, s + n);
[build]       |                            ^
[build] In file included from C:\Users\pperv\code\unnamed_rpg\vendor\json-schema-validator\src\json-patch.cpp:1:
[build] In file included from C:\Users\pperv\code\unnamed_rpg\vendor\json-schema-validator\src\json-patch.hpp:3:
[build] In file included from C:\Users\pperv\code\unnamed_rpg\vendor\json\include\nlohmann/json.hpp:55:
[build] C:\Users\pperv\code\unnamed_rpg\vendor\json\include\nlohmann/detail/iterators/iter_impl.hpp(389,18): warning: enumeration type in nested name specifier is incompatible with C++98 [-Wc++98-compat]
[build]   389 |             case value_t::array:
[build]       |                  ^
[build] C:\Users\pperv\code\unnamed_rpg\vendor\json\include\nlohmann/detail/iterators/iter_impl.hpp(395,18): warning: enumeration type in nested name specifier is incompatible with C++98 [-Wc++98-compat]
[build]   395 |             case value_t::null:
[build]       |                  ^
[build] C:\Users\pperv\code\unnamed_rpg\vendor\json\include\nlohmann/detail/iterators/iter_impl.hpp(396,18): warning: enumeration type in nested name specifier is incompatible with C++98 [-Wc++98-compat]
[build]   396 |             case value_t::string:
[build]       |                  ^
[build] C:\Users\pperv\code\unnamed_rpg\vendor\json\include\nlohmann/detail/iterators/iter_impl.hpp(397,18): warning: enumeration type in nested name specifier is incompatible with C++98 [-Wc++98-compat]
[build]   397 |             case value_t::boolean:
[build]       |                  ^
[build] C:\Users\pperv\code\unnamed_rpg\vendor\json\include\nlohmann/detail/iterators/iter_impl.hpp(398,18): warning: enumeration type in nested name specifier is incompatible with C++98 [-Wc++98-compat]
[build]   398 |             case value_t::number_integer:
[build]       |                  ^
[build] C:\Users\pperv\code\unnamed_rpg\vendor\json\include\nlohmann/detail/iterators/iter_impl.hpp(399,18): warning: enumeration type in nested name specifier is incompatible with C++98 [-Wc++98-compat]
[build]   399 |             case value_t::number_unsigned:
[build]       |                  ^
[build] C:\Users\pperv\code\unnamed_rpg\vendor\json\include\nlohmann/detail/iterators/iter_impl.hpp(400,18): warning: enumeration type in nested name specifier is incompatible with C++98 [-Wc++98-compat]
[build]   400 |             case value_t::number_float:
[build]       |                  ^
[build] C:\Users\pperv\code\unnamed_rpg\vendor\json\include\nlohmann/detail/iterators/iter_impl.hpp(401,18): warning: enumeration type in nested name specifier is incompatible with C++98 [-Wc++98-compat]
[build]   401 |             case value_t::binary:
[build]       |                  ^
[build] C:\Users\pperv\code\unnamed_rpg\vendor\json\include\nlohmann/detail/iterators/iter_impl.hpp(402,18): warning: enumeration type in nested name specifier is incompatible with C++98 [-Wc++98-compat]
[build]   402 |             case value_t::discarded:
[build]       |                  ^
[build] C:\Users\pperv\code\unnamed_rpg\vendor\json\include\nlohmann/detail/iterators/iter_impl.hpp(403,13): warning: default label in switch which covers all enumeration values [-Wcovered-switch-default]
[build]   403 |             default:
[build]       |             ^
[build] C:\Users\pperv\code\unnamed_rpg\vendor\json\include\nlohmann/detail/iterators/iter_impl.hpp(326,33): warning: 'nullptr' is incompatible with C++98 [-Wc++98-compat]
[build]   326 |         JSON_ASSERT(m_object != nullptr);
[build]       |                                 ^
[build] C:\Users\pperv\code\unnamed_rpg\vendor\json\include\nlohmann/detail/iterators/iter_impl.hpp(330,18): warning: enumeration type in nested name specifier is incompatible with C++98 [-Wc++98-compat]
[build]   330 |             case value_t::object:
[build]       |                  ^
[build] C:\Users\pperv\code\unnamed_rpg\vendor\json\include\nlohmann/detail/input/json_sax.hpp(874,21): note: in instantiation of member function 'nlohmann::detail::json_sax_dom_callback_parser<nlohmann::basic_json<>, nlohmann::detail::iterator_input_adapter<const char *>>::remove_discarded_value' requested here
[build]   874 |                     remove_discarded_value(*ref_stack.back());
[build]       |                     ^
[build] C:\Users\pperv\code\unnamed_rpg\vendor\json\include\nlohmann/detail/input/json_sax.hpp(551,20): note: in instantiation of function template specialization 'nlohmann::detail::json_sax_dom_callback_parser<nlohmann::basic_json<>, nlohmann::detail::iterator_input_adapter<const char *>>::handle_value<nlohmann::detail::value_t>' requested here
[build]   551 |         auto val = handle_value(BasicJsonType::value_t::object, true);
[build]       |                    ^
[build] C:\Users\pperv\code\unnamed_rpg\vendor\json\include\nlohmann/detail/input/parser.hpp(199,56): note: in instantiation of member function 'nlohmann::detail::json_sax_dom_callback_parser<nlohmann::basic_json<>, nlohmann::detail::iterator_input_adapter<const char *>>::start_object' requested here
[build]   199 |                         if (JSON_HEDLEY_UNLIKELY(!sax->start_object(detail::unknown_size())))
[build]       |                                                        ^
[build] C:\Users\pperv\code\unnamed_rpg\vendor\json\include\nlohmann/thirdparty/hedley/hedley.hpp(1360,94): note: expanded from macro 'JSON_HEDLEY_UNLIKELY'
[build]  1360 | #  define JSON_HEDLEY_UNLIKELY(expr)                    __builtin_expect                 (!!(expr),    0                  )
[build]       |                                                                                              ^
[build] C:\Users\pperv\code\unnamed_rpg\vendor\json\include\nlohmann/detail/input/parser.hpp(100,13): note: in instantiation of function template specialization 'nlohmann::detail::parser<nlohmann::basic_json<>, nlohmann::detail::iterator_input_adapter<const char *>>::sax_parse_internal<nlohmann::detail::json_sax_dom_callback_parser<nlohmann::basic_json<>, nlohmann::detail::iterator_input_adapter<const char *>>>' requested here
[build]   100 |             sax_parse_internal(&sdp);
[build]       |             ^
[build] C:\Users\pperv\code\unnamed_rpg\vendor\json\include\nlohmann/json.hpp(4112,148): note: in instantiation of member function 'nlohmann::detail::parser<nlohmann::basic_json<>, nlohmann::detail::iterator_input_adapter<const char *>>::parse' requested here
[build]  4112 |         parser(detail::input_adapter(std::move(first), std::move(last)), std::move(cb), allow_exceptions, ignore_comments, ignore_trailing_commas).parse(true, result); // cppcheck-suppress[accessMoved]
[build]       |                                                                                                                                                    ^
[build] C:\Users\pperv\code\unnamed_rpg\vendor\json\include\nlohmann/json.hpp(5294,28): note: in instantiation of function template specialization 'nlohmann::basic_json<>::parse<const char *, const char *, 0>' requested here
[build]  5294 |     return nlohmann::json::parse(s, s + n);
[build]       |                            ^
[build] In file included from C:\Users\pperv\code\unnamed_rpg\vendor\json-schema-validator\src\json-patch.cpp:1:
[build] In file included from C:\Users\pperv\code\unnamed_rpg\vendor\json-schema-validator\src\json-patch.hpp:3:
[build] In file included from C:\Users\pperv\code\unnamed_rpg\vendor\json\include\nlohmann/json.hpp:55:
[build] C:\Users\pperv\code\unnamed_rpg\vendor\json\include\nlohmann/detail/iterators/iter_impl.hpp(336,18): warning: enumeration type in nested name specifier is incompatible with C++98 [-Wc++98-compat]
[build]   336 |             case value_t::array:
[build]       |                  ^
[build] C:\Users\pperv\code\unnamed_rpg\vendor\json\include\nlohmann/detail/iterators/iter_impl.hpp(342,18): warning: enumeration type in nested name specifier is incompatible with C++98 [-Wc++98-compat]
[build]   342 |             case value_t::null:
[build]       |                  ^
[build] C:\Users\pperv\code\unnamed_rpg\vendor\json\include\nlohmann/detail/iterators/iter_impl.hpp(343,18): warning: enumeration type in nested name specifier is incompatible with C++98 [-Wc++98-compat]
[build]   343 |             case value_t::string:
[build]       |                  ^
[build] C:\Users\pperv\code\unnamed_rpg\vendor\json\include\nlohmann/detail/iterators/iter_impl.hpp(344,18): warning: enumeration type in nested name specifier is incompatible with C++98 [-Wc++98-compat]
[build]   344 |             case value_t::boolean:
[build]       |                  ^
[build] C:\Users\pperv\code\unnamed_rpg\vendor\json\include\nlohmann/detail/iterators/iter_impl.hpp(345,18): warning: enumeration type in nested name specifier is incompatible with C++98 [-Wc++98-compat]
[build]   345 |             case value_t::number_integer:
[build]       |                  ^
[build] C:\Users\pperv\code\unnamed_rpg\vendor\json\include\nlohmann/detail/iterators/iter_impl.hpp(346,18): warning: enumeration type in nested name specifier is incompatible with C++98 [-Wc++98-compat]
[build]   346 |             case value_t::number_unsigned:
[build]       |                  ^
[build] C:\Users\pperv\code\unnamed_rpg\vendor\json\include\nlohmann/detail/iterators/iter_impl.hpp(347,18): warning: enumeration type in nested name specifier is incompatible with C++98 [-Wc++98-compat]
[build]   347 |             case value_t::number_float:
[build]       |                  ^
[build] C:\Users\pperv\code\unnamed_rpg\vendor\json\include\nlohmann/detail/iterators/iter_impl.hpp(348,18): warning: enumeration type in nested name specifier is incompatible with C++98 [-Wc++98-compat]
[build]   348 |             case value_t::binary:
[build]       |                  ^
[build] C:\Users\pperv\code\unnamed_rpg\vendor\json\include\nlohmann/detail/iterators/iter_impl.hpp(349,18): warning: enumeration type in nested name specifier is incompatible with C++98 [-Wc++98-compat]
[build]   349 |             case value_t::discarded:
[build]       |                  ^
[build] C:\Users\pperv\code\unnamed_rpg\vendor\json\include\nlohmann/detail/iterators/iter_impl.hpp(330,18): warning: enumeration type in nested name specifier is incompatible with C++98 [-Wc++98-compat]
[build]   330 |             case value_t::object:
[build]       |                  ^
[build] C:\Users\pperv\code\unnamed_rpg\vendor\json\include\nlohmann/detail/input/json_sax.hpp(817,19): note: in instantiation of member function 'nlohmann::detail::iter_impl<nlohmann::basic_json<>>::operator->' requested here
[build]   817 |             if (it->is_discarded())
[build]       |                   ^
[build] C:\Users\pperv\code\unnamed_rpg\vendor\json\include\nlohmann/detail/input/json_sax.hpp(874,21): note: in instantiation of member function 'nlohmann::detail::json_sax_dom_callback_parser<nlohmann::basic_json<>, nlohmann::detail::iterator_input_adapter<const char *>>::remove_discarded_value' requested here
[build]   874 |                     remove_discarded_value(*ref_stack.back());
[build]       |                     ^
[build] C:\Users\pperv\code\unnamed_rpg\vendor\json\include\nlohmann/detail/input/json_sax.hpp(551,20): note: in instantiation of function template specialization 'nlohmann::detail::json_sax_dom_callback_parser<nlohmann::basic_json<>, nlohmann::detail::iterator_input_adapter<const char *>>::handle_value<nlohmann::detail::value_t>' requested here
[build]   551 |         auto val = handle_value(BasicJsonType::value_t::object, true);
[build]       |                    ^
[build] C:\Users\pperv\code\unnamed_rpg\vendor\json\include\nlohmann/detail/input/parser.hpp(199,56): note: in instantiation of member function 'nlohmann::detail::json_sax_dom_callback_parser<nlohmann::basic_json<>, nlohmann::detail::iterator_input_adapter<const char *>>::start_object' requested here
[build]   199 |                         if (JSON_HEDLEY_UNLIKELY(!sax->start_object(detail::unknown_size())))
[build]       |                                                        ^
[build] C:\Users\pperv\code\unnamed_rpg\vendor\json\include\nlohmann/thirdparty/hedley/hedley.hpp(1360,94): note: expanded from macro 'JSON_HEDLEY_UNLIKELY'
[build]  1360 | #  define JSON_HEDLEY_UNLIKELY(expr)                    __builtin_expect                 (!!(expr),    0                  )
[build]       |                                                                                              ^
[build] C:\Users\pperv\code\unnamed_rpg\vendor\json\include\nlohmann/detail/input/parser.hpp(100,13): note: in instantiation of function template specialization 'nlohmann::detail::parser<nlohmann::basic_json<>, nlohmann::detail::iterator_input_adapter<const char *>>::sax_parse_internal<nlohmann::detail::json_sax_dom_callback_parser<nlohmann::basic_json<>, nlohmann::detail::iterator_input_adapter<const char *>>>' requested here
[build]   100 |             sax_parse_internal(&sdp);
[build]       |             ^
[build] C:\Users\pperv\code\unnamed_rpg\vendor\json\include\nlohmann/json.hpp(4112,148): note: in instantiation of member function 'nlohmann::detail::parser<nlohmann::basic_json<>, nlohmann::detail::iterator_input_adapter<const char *>>::parse' requested here
[build]  4112 |         parser(detail::input_adapter(std::move(first), std::move(last)), std::move(cb), allow_exceptions, ignore_comments, ignore_trailing_commas).parse(true, result); // cppcheck-suppress[accessMoved]
[build]       |                                                                                                                                                    ^
[build] C:\Users\pperv\code\unnamed_rpg\vendor\json\include\nlohmann/json.hpp(5294,28): note: in instantiation of function template specialization 'nlohmann::basic_json<>::parse<const char *, const char *, 0>' requested here
[build]  5294 |     return nlohmann::json::parse(s, s + n);
[build]       |                            ^
[build] In file included from C:\Users\pperv\code\unnamed_rpg\vendor\json-schema-validator\src\json-patch.cpp:1:
[build] In file included from C:\Users\pperv\code\unnamed_rpg\vendor\json-schema-validator\src\json-patch.hpp:3:
[build] In file included from C:\Users\pperv\code\unnamed_rpg\vendor\json\include\nlohmann/json.hpp:55:
[build] C:\Users\pperv\code\unnamed_rpg\vendor\json\include\nlohmann/detail/iterators/iter_impl.hpp(336,18): warning: enumeration type in nested name specifier is incompatible with C++98 [-Wc++98-compat]
[build]   336 |             case value_t::array:
[build]       |                  ^
[build] C:\Users\pperv\code\unnamed_rpg\vendor\json\include\nlohmann/detail/iterators/iter_impl.hpp(342,18): warning: enumeration type in nested name specifier is incompatible with C++98 [-Wc++98-compat]
[build]   342 |             case value_t::null:
[build]       |                  ^
[build] C:\Users\pperv\code\unnamed_rpg\vendor\json\include\nlohmann/detail/iterators/iter_impl.hpp(343,18): warning: enumeration type in nested name specifier is incompatible with C++98 [-Wc++98-compat]
[build]   343 |             case value_t::string:
[build]       |                  ^
[build] C:\Users\pperv\code\unnamed_rpg\vendor\json\include\nlohmann/detail/iterators/iter_impl.hpp(344,18): warning: enumeration type in nested name specifier is incompatible with C++98 [-Wc++98-compat]
[build]   344 |             case value_t::boolean:
[build]       |                  ^
[build] C:\Users\pperv\code\unnamed_rpg\vendor\json\include\nlohmann/detail/iterators/iter_impl.hpp(345,18): warning: enumeration type in nested name specifier is incompatible with C++98 [-Wc++98-compat]
[build]   345 |             case value_t::number_integer:
[build]       |                  ^
[build] C:\Users\pperv\code\unnamed_rpg\vendor\json\include\nlohmann/detail/iterators/iter_impl.hpp(346,18): warning: enumeration type in nested name specifier is incompatible with C++98 [-Wc++98-compat]
[build]   346 |             case value_t::number_unsigned:
[build]       |                  ^
[build] C:\Users\pperv\code\unnamed_rpg\vendor\json\include\nlohmann/detail/iterators/iter_impl.hpp(347,18): warning: enumeration type in nested name specifier is incompatible with C++98 [-Wc++98-compat]
[build]   347 |             case value_t::number_float:
[build]       |                  ^
[build] C:\Users\pperv\code\unnamed_rpg\vendor\json\include\nlohmann/detail/iterators/iter_impl.hpp(348,18): warning: enumeration type in nested name specifier is incompatible with C++98 [-Wc++98-compat]
[build]   348 |             case value_t::binary:
[build]       |                  ^
[build] C:\Users\pperv\code\unnamed_rpg\vendor\json\include\nlohmann/detail/iterators/iter_impl.hpp(349,18): warning: enumeration type in nested name specifier is incompatible with C++98 [-Wc++98-compat]
[build]   349 |             case value_t::discarded:
[build]       |                  ^
[build] C:\Users\pperv\code\unnamed_rpg\vendor\json\include\nlohmann/detail/iterators/iter_impl.hpp(350,13): warning: default label in switch which covers all enumeration values [-Wcovered-switch-default]
[build]   350 |             default:
[build]       |             ^
[build] In file included from C:\Users\pperv\code\unnamed_rpg\vendor\json-schema-validator\src\json-patch.cpp:1:
[build] In file included from C:\Users\pperv\code\unnamed_rpg\vendor\json-schema-validator\src\json-patch.hpp:3:
[build] C:\Users\pperv\code\unnamed_rpg\vendor\json\include\nlohmann/json.hpp(2527,43): warning: 'decltype' type specifier is incompatible with C++98 [-Wc++98-compat]
[build]  2527 |                     std::allocator_traits<decltype(alloc)>::destroy(alloc, m_data.m_value.string);
[build]       |                                           ^
[build] C:\Users\pperv\code\unnamed_rpg\vendor\json\include\nlohmann/json.hpp(2528,43): warning: 'decltype' type specifier is incompatible with C++98 [-Wc++98-compat]
[build]  2528 |                     std::allocator_traits<decltype(alloc)>::deallocate(alloc, m_data.m_value.string, 1);
[build]       |                                           ^
[build] C:\Users\pperv\code\unnamed_rpg\vendor\json\include\nlohmann/json.hpp(2529,45): warning: 'nullptr' is incompatible with C++98 [-Wc++98-compat]
[build]  2529 |                     m_data.m_value.string = nullptr;
[build]       |                                             ^
[build] C:\Users\pperv\code\unnamed_rpg\vendor\json\include\nlohmann/json.hpp(2534,43): warning: 'decltype' type specifier is incompatible with C++98 [-Wc++98-compat]
[build]  2534 |                     std::allocator_traits<decltype(alloc)>::destroy(alloc, m_data.m_value.binary);
[build]       |                                           ^
[build] C:\Users\pperv\code\unnamed_rpg\vendor\json\include\nlohmann/json.hpp(2535,43): warning: 'decltype' type specifier is incompatible with C++98 [-Wc++98-compat]
[build]  2535 |                     std::allocator_traits<decltype(alloc)>::deallocate(alloc, m_data.m_value.binary, 1);
[build]       |                                           ^
[build] C:\Users\pperv\code\unnamed_rpg\vendor\json\include\nlohmann/json.hpp(2536,45): warning: 'nullptr' is incompatible with C++98 [-Wc++98-compat]
[build]  2536 |                     m_data.m_value.binary = nullptr;
[build]       |                                             ^
[build] C:\Users\pperv\code\unnamed_rpg\vendor\json\include\nlohmann/json.hpp(2512,18): warning: enumeration type in nested name specifier is incompatible with C++98 [-Wc++98-compat]
[build]  2512 |             case value_t::boolean:
[build]       |                  ^
[build] C:\Users\pperv\code\unnamed_rpg\vendor\json\include\nlohmann/detail/input/json_sax.hpp(819,24): note: in instantiation of function template specialization 'nlohmann::basic_json<>::erase<nlohmann::detail::iter_impl<nlohmann::basic_json<>>, 0>' requested here
[build]   819 |                 parent.erase(it);
[build]       |                        ^
[build] C:\Users\pperv\code\unnamed_rpg\vendor\json\include\nlohmann/detail/input/json_sax.hpp(874,21): note: in instantiation of member function 'nlohmann::detail::json_sax_dom_callback_parser<nlohmann::basic_json<>, nlohmann::detail::iterator_input_adapter<const char *>>::remove_discarded_value' requested here
[build]   874 |                     remove_discarded_value(*ref_stack.back());
[build]       |                     ^
[build] C:\Users\pperv\code\unnamed_rpg\vendor\json\include\nlohmann/detail/input/json_sax.hpp(551,20): note: in instantiation of function template specialization 'nlohmann::detail::json_sax_dom_callback_parser<nlohmann::basic_json<>, nlohmann::detail::iterator_input_adapter<const char *>>::handle_value<nlohmann::detail::value_t>' requested here
[build]   551 |         auto val = handle_value(BasicJsonType::value_t::object, true);
[build]       |                    ^
[build] C:\Users\pperv\code\unnamed_rpg\vendor\json\include\nlohmann/detail/input/parser.hpp(199,56): note: in instantiation of member function 'nlohmann::detail::json_sax_dom_callback_parser<nlohmann::basic_json<>, nlohmann::detail::iterator_input_adapter<const char *>>::start_object' requested here
[build]   199 |                         if (JSON_HEDLEY_UNLIKELY(!sax->start_object(detail::unknown_size())))
[build]       |                                                        ^
[build] C:\Users\pperv\code\unnamed_rpg\vendor\json\include\nlohmann/thirdparty/hedley/hedley.hpp(1360,94): note: expanded from macro 'JSON_HEDLEY_UNLIKELY'
[build]  1360 | #  define JSON_HEDLEY_UNLIKELY(expr)                    __builtin_expect                 (!!(expr),    0                  )
[build]       |                                                                                              ^
[build] C:\Users\pperv\code\unnamed_rpg\vendor\json\include\nlohmann/detail/input/parser.hpp(100,13): note: in instantiation of function template specialization 'nlohmann::detail::parser<nlohmann::basic_json<>, nlohmann::detail::iterator_input_adapter<const char *>>::sax_parse_internal<nlohmann::detail::json_sax_dom_callback_parser<nlohmann::basic_json<>, nlohmann::detail::iterator_input_adapter<const char *>>>' requested here
[build]   100 |             sax_parse_internal(&sdp);
[build]       |             ^
[build] C:\Users\pperv\code\unnamed_rpg\vendor\json\include\nlohmann/json.hpp(4112,148): note: in instantiation of member function 'nlohmann::detail::parser<nlohmann::basic_json<>, nlohmann::detail::iterator_input_adapter<const char *>>::parse' requested here
[build]  4112 |         parser(detail::input_adapter(std::move(first), std::move(last)), std::move(cb), allow_exceptions, ignore_comments, ignore_trailing_commas).parse(true, result); // cppcheck-suppress[accessMoved]
[build]       |                                                                                                                                                    ^
[build] C:\Users\pperv\code\unnamed_rpg\vendor\json\include\nlohmann/json.hpp(5294,28): note: in instantiation of function template specialization 'nlohmann::basic_json<>::parse<const char *, const char *, 0>' requested here
[build]  5294 |     return nlohmann::json::parse(s, s + n);
[build]       |                            ^
[build] C:\Users\pperv\code\unnamed_rpg\vendor\json\include\nlohmann/json.hpp(2513,18): warning: enumeration type in nested name specifier is incompatible with C++98 [-Wc++98-compat]
[build]  2513 |             case value_t::number_float:
[build]       |                  ^
[build] C:\Users\pperv\code\unnamed_rpg\vendor\json\include\nlohmann/json.hpp(2514,18): warning: enumeration type in nested name specifier is incompatible with C++98 [-Wc++98-compat]
[build]  2514 |             case value_t::number_integer:
[build]       |                  ^
[build] C:\Users\pperv\code\unnamed_rpg\vendor\json\include\nlohmann/json.hpp(2515,18): warning: enumeration type in nested name specifier is incompatible with C++98 [-Wc++98-compat]
[build]  2515 |             case value_t::number_unsigned:
[build]       |                  ^
[build] C:\Users\pperv\code\unnamed_rpg\vendor\json\include\nlohmann/json.hpp(2516,18): warning: enumeration type in nested name specifier is incompatible with C++98 [-Wc++98-compat]
[build]  2516 |             case value_t::string:
[build]       |                  ^
[build] C:\Users\pperv\code\unnamed_rpg\vendor\json\include\nlohmann/json.hpp(2517,18): warning: enumeration type in nested name specifier is incompatible with C++98 [-Wc++98-compat]
[build]  2517 |             case value_t::binary:
[build]       |                  ^
[build] C:\Users\pperv\code\unnamed_rpg\vendor\json\include\nlohmann/json.hpp(1439,33): warning: enumeration type in nested name specifier is incompatible with C++98 [-Wc++98-compat]
[build]  1439 |         return m_data.m_type == value_t::string;
[build]       |                                 ^
[build] C:\Users\pperv\code\unnamed_rpg\vendor\json\include\nlohmann/json.hpp(2524,21): note: in instantiation of member function 'nlohmann::basic_json<>::is_string' requested here
[build]  2524 |                 if (is_string())
[build]       |                     ^
[build] C:\Users\pperv\code\unnamed_rpg\vendor\json\include\nlohmann/detail/input/json_sax.hpp(819,24): note: in instantiation of function template specialization 'nlohmann::basic_json<>::erase<nlohmann::detail::iter_impl<nlohmann::basic_json<>>, 0>' requested here
[build]   819 |                 parent.erase(it);
[build]       |                        ^
[build] C:\Users\pperv\code\unnamed_rpg\vendor\json\include\nlohmann/detail/input/json_sax.hpp(874,21): note: in instantiation of member function 'nlohmann::detail::json_sax_dom_callback_parser<nlohmann::basic_json<>, nlohmann::detail::iterator_input_adapter<const char *>>::remove_discarded_value' requested here
[build]   874 |                     remove_discarded_value(*ref_stack.back());
[build]       |                     ^
[build] C:\Users\pperv\code\unnamed_rpg\vendor\json\include\nlohmann/detail/input/json_sax.hpp(551,20): note: in instantiation of function template specialization 'nlohmann::detail::json_sax_dom_callback_parser<nlohmann::basic_json<>, nlohmann::detail::iterator_input_adapter<const char *>>::handle_value<nlohmann::detail::value_t>' requested here
[build]   551 |         auto val = handle_value(BasicJsonType::value_t::object, true);
[build]       |                    ^
[build] C:\Users\pperv\code\unnamed_rpg\vendor\json\include\nlohmann/detail/input/parser.hpp(199,56): note: in instantiation of member function 'nlohmann::detail::json_sax_dom_callback_parser<nlohmann::basic_json<>, nlohmann::detail::iterator_input_adapter<const char *>>::start_object' requested here
[build]   199 |                         if (JSON_HEDLEY_UNLIKELY(!sax->start_object(detail::unknown_size())))
[build]       |                                                        ^
[build] C:\Users\pperv\code\unnamed_rpg\vendor\json\include\nlohmann/thirdparty/hedley/hedley.hpp(1360,94): note: expanded from macro 'JSON_HEDLEY_UNLIKELY'
[build]  1360 | #  define JSON_HEDLEY_UNLIKELY(expr)                    __builtin_expect                 (!!(expr),    0                  )
[build]       |                                                                                              ^
[build] C:\Users\pperv\code\unnamed_rpg\vendor\json\include\nlohmann/detail/input/parser.hpp(100,13): note: in instantiation of function template specialization 'nlohmann::detail::parser<nlohmann::basic_json<>, nlohmann::detail::iterator_input_adapter<const char *>>::sax_parse_internal<nlohmann::detail::json_sax_dom_callback_parser<nlohmann::basic_json<>, nlohmann::detail::iterator_input_adapter<const char *>>>' requested here
[build]   100 |             sax_parse_internal(&sdp);
[build]       |             ^
[build] C:\Users\pperv\code\unnamed_rpg\vendor\json\include\nlohmann/json.hpp(4112,148): note: in instantiation of member function 'nlohmann::detail::parser<nlohmann::basic_json<>, nlohmann::detail::iterator_input_adapter<const char *>>::parse' requested here
[build]  4112 |         parser(detail::input_adapter(std::move(first), std::move(last)), std::move(cb), allow_exceptions, ignore_comments, ignore_trailing_commas).parse(true, result); // cppcheck-suppress[accessMoved]
[build]       |                                                                                                                                                    ^
[build] C:\Users\pperv\code\unnamed_rpg\vendor\json\include\nlohmann/json.hpp(5294,28): note: in instantiation of function template specialization 'nlohmann::basic_json<>::parse<const char *, const char *, 0>' requested here
[build]  5294 |     return nlohmann::json::parse(s, s + n);
[build]       |                            ^
[build] C:\Users\pperv\code\unnamed_rpg\vendor\json\include\nlohmann/json.hpp(1446,33): warning: enumeration type in nested name specifier is incompatible with C++98 [-Wc++98-compat]
[build]  1446 |         return m_data.m_type == value_t::binary;
[build]       |                                 ^
[build] C:\Users\pperv\code\unnamed_rpg\vendor\json\include\nlohmann/json.hpp(2531,26): note: in instantiation of member function 'nlohmann::basic_json<>::is_binary' requested here
[build]  2531 |                 else if (is_binary())
[build]       |                          ^
[build] C:\Users\pperv\code\unnamed_rpg\vendor\json\include\nlohmann/detail/input/json_sax.hpp(819,24): note: in instantiation of function template specialization 'nlohmann::basic_json<>::erase<nlohmann::detail::iter_impl<nlohmann::basic_json<>>, 0>' requested here
[build]   819 |                 parent.erase(it);
[build]       |                        ^
[build] C:\Users\pperv\code\unnamed_rpg\vendor\json\include\nlohmann/detail/input/json_sax.hpp(874,21): note: in instantiation of member function 'nlohmann::detail::json_sax_dom_callback_parser<nlohmann::basic_json<>, nlohmann::detail::iterator_input_adapter<const char *>>::remove_discarded_value' requested here
[build]   874 |                     remove_discarded_value(*ref_stack.back());
[build]       |                     ^
[build] C:\Users\pperv\code\unnamed_rpg\vendor\json\include\nlohmann/detail/input/json_sax.hpp(551,20): note: in instantiation of function template specialization 'nlohmann::detail::json_sax_dom_callback_parser<nlohmann::basic_json<>, nlohmann::detail::iterator_input_adapter<const char *>>::handle_value<nlohmann::detail::value_t>' requested here
[build]   551 |         auto val = handle_value(BasicJsonType::value_t::object, true);
[build]       |                    ^
[build] C:\Users\pperv\code\unnamed_rpg\vendor\json\include\nlohmann/detail/input/parser.hpp(199,56): note: in instantiation of member function 'nlohmann::detail::json_sax_dom_callback_parser<nlohmann::basic_json<>, nlohmann::detail::iterator_input_adapter<const char *>>::start_object' requested here
[build]   199 |                         if (JSON_HEDLEY_UNLIKELY(!sax->start_object(detail::unknown_size())))
[build]       |                                                        ^
[build] C:\Users\pperv\code\unnamed_rpg\vendor\json\include\nlohmann/thirdparty/hedley/hedley.hpp(1360,94): note: expanded from macro 'JSON_HEDLEY_UNLIKELY'
[build]  1360 | #  define JSON_HEDLEY_UNLIKELY(expr)                    __builtin_expect                 (!!(expr),    0                  )
[build]       |                                                                                              ^
[build] C:\Users\pperv\code\unnamed_rpg\vendor\json\include\nlohmann/detail/input/parser.hpp(100,13): note: in instantiation of function template specialization 'nlohmann::detail::parser<nlohmann::basic_json<>, nlohmann::detail::iterator_input_adapter<const char *>>::sax_parse_internal<nlohmann::detail::json_sax_dom_callback_parser<nlohmann::basic_json<>, nlohmann::detail::iterator_input_adapter<const char *>>>' requested here
[build]   100 |             sax_parse_internal(&sdp);
[build]       |             ^
[build] C:\Users\pperv\code\unnamed_rpg\vendor\json\include\nlohmann/json.hpp(4112,148): note: in instantiation of member function 'nlohmann::detail::parser<nlohmann::basic_json<>, nlohmann::detail::iterator_input_adapter<const char *>>::parse' requested here
[build]  4112 |         parser(detail::input_adapter(std::move(first), std::move(last)), std::move(cb), allow_exceptions, ignore_comments, ignore_trailing_commas).parse(true, result); // cppcheck-suppress[accessMoved]
[build]       |                                                                                                                                                    ^
[build] C:\Users\pperv\code\unnamed_rpg\vendor\json\include\nlohmann/json.hpp(5294,28): note: in instantiation of function template specialization 'nlohmann::basic_json<>::parse<const char *, const char *, 0>' requested here
[build]  5294 |     return nlohmann::json::parse(s, s + n);
[build]       |                            ^
[build] C:\Users\pperv\code\unnamed_rpg\vendor\json\include\nlohmann/json.hpp(2539,33): warning: enumeration type in nested name specifier is incompatible with C++98 [-Wc++98-compat]
[build]  2539 |                 m_data.m_type = value_t::null;
[build]       |                                 ^
[build] C:\Users\pperv\code\unnamed_rpg\vendor\json\include\nlohmann/detail/input/json_sax.hpp(819,24): note: in instantiation of function template specialization 'nlohmann::basic_json<>::erase<nlohmann::detail::iter_impl<nlohmann::basic_json<>>, 0>' requested here
[build]   819 |                 parent.erase(it);
[build]       |                        ^
[build] C:\Users\pperv\code\unnamed_rpg\vendor\json\include\nlohmann/detail/input/json_sax.hpp(874,21): note: in instantiation of member function 'nlohmann::detail::json_sax_dom_callback_parser<nlohmann::basic_json<>, nlohmann::detail::iterator_input_adapter<const char *>>::remove_discarded_value' requested here
[build]   874 |                     remove_discarded_value(*ref_stack.back());
[build]       |                     ^
[build] C:\Users\pperv\code\unnamed_rpg\vendor\json\include\nlohmann/detail/input/json_sax.hpp(551,20): note: in instantiation of function template specialization 'nlohmann::detail::json_sax_dom_callback_parser<nlohmann::basic_json<>, nlohmann::detail::iterator_input_adapter<const char *>>::handle_value<nlohmann::detail::value_t>' requested here
[build]   551 |         auto val = handle_value(BasicJsonType::value_t::object, true);
[build]       |                    ^
[build] C:\Users\pperv\code\unnamed_rpg\vendor\json\include\nlohmann/detail/input/parser.hpp(199,56): note: in instantiation of member function 'nlohmann::detail::json_sax_dom_callback_parser<nlohmann::basic_json<>, nlohmann::detail::iterator_input_adapter<const char *>>::start_object' requested here
[build]   199 |                         if (JSON_HEDLEY_UNLIKELY(!sax->start_object(detail::unknown_size())))
[build]       |                                                        ^
[build] C:\Users\pperv\code\unnamed_rpg\vendor\json\include\nlohmann/thirdparty/hedley/hedley.hpp(1360,94): note: expanded from macro 'JSON_HEDLEY_UNLIKELY'
[build]  1360 | #  define JSON_HEDLEY_UNLIKELY(expr)                    __builtin_expect                 (!!(expr),    0                  )
[build]       |                                                                                              ^
[build] C:\Users\pperv\code\unnamed_rpg\vendor\json\include\nlohmann/detail/input/parser.hpp(100,13): note: in instantiation of function template specialization 'nlohmann::detail::parser<nlohmann::basic_json<>, nlohmann::detail::iterator_input_adapter<const char *>>::sax_parse_internal<nlohmann::detail::json_sax_dom_callback_parser<nlohmann::basic_json<>, nlohmann::detail::iterator_input_adapter<const char *>>>' requested here
[build]   100 |             sax_parse_internal(&sdp);
[build]       |             ^
[build] C:\Users\pperv\code\unnamed_rpg\vendor\json\include\nlohmann/json.hpp(4112,148): note: in instantiation of member function 'nlohmann::detail::parser<nlohmann::basic_json<>, nlohmann::detail::iterator_input_adapter<const char *>>::parse' requested here
[build]  4112 |         parser(detail::input_adapter(std::move(first), std::move(last)), std::move(cb), allow_exceptions, ignore_comments, ignore_trailing_commas).parse(true, result); // cppcheck-suppress[accessMoved]
[build]       |                                                                                                                                                    ^
[build] C:\Users\pperv\code\unnamed_rpg\vendor\json\include\nlohmann/json.hpp(5294,28): note: in instantiation of function template specialization 'nlohmann::basic_json<>::parse<const char *, const char *, 0>' requested here
[build]  5294 |     return nlohmann::json::parse(s, s + n);
[build]       |                            ^
[build] C:\Users\pperv\code\unnamed_rpg\vendor\json\include\nlohmann/json.hpp(2544,18): warning: enumeration type in nested name specifier is incompatible with C++98 [-Wc++98-compat]
[build]  2544 |             case value_t::object:
[build]       |                  ^
[build] C:\Users\pperv\code\unnamed_rpg\vendor\json\include\nlohmann/json.hpp(2550,18): warning: enumeration type in nested name specifier is incompatible with C++98 [-Wc++98-compat]
[build]  2550 |             case value_t::array:
[build]       |                  ^
[build] C:\Users\pperv\code\unnamed_rpg\vendor\json\include\nlohmann/json.hpp(2556,18): warning: enumeration type in nested name specifier is incompatible with C++98 [-Wc++98-compat]
[build]  2556 |             case value_t::null:
[build]       |                  ^
[build] C:\Users\pperv\code\unnamed_rpg\vendor\json\include\nlohmann/json.hpp(2557,18): warning: enumeration type in nested name specifier is incompatible with C++98 [-Wc++98-compat]
[build]  2557 |             case value_t::discarded:
[build]       |                  ^
[build] C:\Users\pperv\code\unnamed_rpg\vendor\json\include\nlohmann/json.hpp(2558,13): warning: default label in switch which covers all enumeration values [-Wcovered-switch-default]
[build]  2558 |             default:
[build]       |             ^
[build] C:\Users\pperv\code\unnamed_rpg\vendor\json\include\nlohmann/json.hpp(4247,18): warning: enumeration type in nested name specifier is incompatible with C++98 [-Wc++98-compat]
[build]  4247 |             case value_t::null:
[build]       |                  ^
[build] C:\Users\pperv\code\unnamed_rpg\vendor\json\include\nlohmann/json.hpp(2559,95): note: in instantiation of member function 'nlohmann::basic_json<>::type_name' requested here
[build]  2559 |                 JSON_THROW(type_error::create(307, detail::concat("cannot use erase() with ", type_name()), this));
[build]       |                                                                                               ^
[build] C:\Users\pperv\code\unnamed_rpg\vendor\json\include\nlohmann/detail/macro_scope.hpp(198,41): note: expanded from macro 'JSON_THROW'
[build]   198 |     #define JSON_THROW(exception) throw exception
[build]       |                                         ^
[build] C:\Users\pperv\code\unnamed_rpg\vendor\json\include\nlohmann/detail/input/json_sax.hpp(819,24): note: in instantiation of function template specialization 'nlohmann::basic_json<>::erase<nlohmann::detail::iter_impl<nlohmann::basic_json<>>, 0>' requested here
[build]   819 |                 parent.erase(it);
[build]       |                        ^
[build] C:\Users\pperv\code\unnamed_rpg\vendor\json\include\nlohmann/detail/input/json_sax.hpp(874,21): note: in instantiation of member function 'nlohmann::detail::json_sax_dom_callback_parser<nlohmann::basic_json<>, nlohmann::detail::iterator_input_adapter<const char *>>::remove_discarded_value' requested here
[build]   874 |                     remove_discarded_value(*ref_stack.back());
[build]       |                     ^
[build] C:\Users\pperv\code\unnamed_rpg\vendor\json\include\nlohmann/detail/input/json_sax.hpp(551,20): note: in instantiation of function template specialization 'nlohmann::detail::json_sax_dom_callback_parser<nlohmann::basic_json<>, nlohmann::detail::iterator_input_adapter<const char *>>::handle_value<nlohmann::detail::value_t>' requested here
[build]   551 |         auto val = handle_value(BasicJsonType::value_t::object, true);
[build]       |                    ^
[build] C:\Users\pperv\code\unnamed_rpg\vendor\json\include\nlohmann/detail/input/parser.hpp(199,56): note: in instantiation of member function 'nlohmann::detail::json_sax_dom_callback_parser<nlohmann::basic_json<>, nlohmann::detail::iterator_input_adapter<const char *>>::start_object' requested here
[build]   199 |                         if (JSON_HEDLEY_UNLIKELY(!sax->start_object(detail::unknown_size())))
[build]       |                                                        ^
[build] C:\Users\pperv\code\unnamed_rpg\vendor\json\include\nlohmann/thirdparty/hedley/hedley.hpp(1360,94): note: expanded from macro 'JSON_HEDLEY_UNLIKELY'
[build]  1360 | #  define JSON_HEDLEY_UNLIKELY(expr)                    __builtin_expect                 (!!(expr),    0                  )
[build]       |                                                                                              ^
[build] C:\Users\pperv\code\unnamed_rpg\vendor\json\include\nlohmann/detail/input/parser.hpp(100,13): note: in instantiation of function template specialization 'nlohmann::detail::parser<nlohmann::basic_json<>, nlohmann::detail::iterator_input_adapter<const char *>>::sax_parse_internal<nlohmann::detail::json_sax_dom_callback_parser<nlohmann::basic_json<>, nlohmann::detail::iterator_input_adapter<const char *>>>' requested here
[build]   100 |             sax_parse_internal(&sdp);
[build]       |             ^
[build] C:\Users\pperv\code\unnamed_rpg\vendor\json\include\nlohmann/json.hpp(4112,148): note: in instantiation of member function 'nlohmann::detail::parser<nlohmann::basic_json<>, nlohmann::detail::iterator_input_adapter<const char *>>::parse' requested here
[build]  4112 |         parser(detail::input_adapter(std::move(first), std::move(last)), std::move(cb), allow_exceptions, ignore_comments, ignore_trailing_commas).parse(true, result); // cppcheck-suppress[accessMoved]
[build]       |                                                                                                                                                    ^
[build] C:\Users\pperv\code\unnamed_rpg\vendor\json\include\nlohmann/json.hpp(5294,28): note: in instantiation of function template specialization 'nlohmann::basic_json<>::parse<const char *, const char *, 0>' requested here
[build]  5294 |     return nlohmann::json::parse(s, s + n);
[build]       |                            ^
[build] C:\Users\pperv\code\unnamed_rpg\vendor\json\include\nlohmann/json.hpp(4249,18): warning: enumeration type in nested name specifier is incompatible with C++98 [-Wc++98-compat]
[build]  4249 |             case value_t::object:
[build]       |                  ^
[build] C:\Users\pperv\code\unnamed_rpg\vendor\json\include\nlohmann/json.hpp(4251,18): warning: enumeration type in nested name specifier is incompatible with C++98 [-Wc++98-compat]
[build]  4251 |             case value_t::array:
[build]       |                  ^
[build] C:\Users\pperv\code\unnamed_rpg\vendor\json\include\nlohmann/json.hpp(4253,18): warning: enumeration type in nested name specifier is incompatible with C++98 [-Wc++98-compat]
[build]  4253 |             case value_t::string:
[build]       |                  ^
[build] C:\Users\pperv\code\unnamed_rpg\vendor\json\include\nlohmann/json.hpp(4255,18): warning: enumeration type in nested name specifier is incompatible with C++98 [-Wc++98-compat]
[build]  4255 |             case value_t::boolean:
[build]       |                  ^
[build] C:\Users\pperv\code\unnamed_rpg\vendor\json\include\nlohmann/json.hpp(4257,18): warning: enumeration type in nested name specifier is incompatible with C++98 [-Wc++98-compat]
[build]  4257 |             case value_t::binary:
[build]       |                  ^
[build] C:\Users\pperv\code\unnamed_rpg\vendor\json\include\nlohmann/json.hpp(4259,18): warning: enumeration type in nested name specifier is incompatible with C++98 [-Wc++98-compat]
[build]  4259 |             case value_t::discarded:
[build]       |                  ^
[build] C:\Users\pperv\code\unnamed_rpg\vendor\json\include\nlohmann/json.hpp(4261,18): warning: enumeration type in nested name specifier is incompatible with C++98 [-Wc++98-compat]
[build]  4261 |             case value_t::number_integer:
[build]       |                  ^
[build] C:\Users\pperv\code\unnamed_rpg\vendor\json\include\nlohmann/json.hpp(4262,18): warning: enumeration type in nested name specifier is incompatible with C++98 [-Wc++98-compat]
[build]  4262 |             case value_t::number_unsigned:
[build]       |                  ^
[build] C:\Users\pperv\code\unnamed_rpg\vendor\json\include\nlohmann/json.hpp(4263,18): warning: enumeration type in nested name specifier is incompatible with C++98 [-Wc++98-compat]
[build]  4263 |             case value_t::number_float:
[build]       |                  ^
[build] C:\Users\pperv\code\unnamed_rpg\vendor\json\include\nlohmann/json.hpp(4265,13): warning: default label in switch which covers all enumeration values [-Wcovered-switch-default]
[build]  4265 |             default:
[build]       |             ^
[build] In file included from C:\Users\pperv\code\unnamed_rpg\vendor\json-schema-validator\src\json-patch.cpp:1:
[build] In file included from C:\Users\pperv\code\unnamed_rpg\vendor\json-schema-validator\src\json-patch.hpp:3:
[build] In file included from C:\Users\pperv\code\unnamed_rpg\vendor\json\include\nlohmann/json.hpp:44:
[build] In file included from C:\Users\pperv\code\unnamed_rpg\vendor\json\include\nlohmann/adl_serializer.hpp:14:
[build] In file included from C:\Users\pperv\code\unnamed_rpg\vendor\json\include\nlohmann/detail/conversions/from_json.hpp:24:
[build] C:\Users\pperv\code\unnamed_rpg\vendor\json\include\nlohmann/detail/exceptions.hpp(244,16): warning: generalized initializer lists are incompatible with C++98 [-Wc++98-compat]
[build]   244 |         return {id_, w.c_str()};
[build]       |                ^~~~~~~~~~~~~~~~
[build] C:\Users\pperv\code\unnamed_rpg\vendor\json\include\nlohmann/detail/exceptions.hpp(244,16): warning: constructor call from initializer list is incompatible with C++98 [-Wc++98-compat]
[build]   244 |         return {id_, w.c_str()};
[build]       |                ^~~~~~~~~~~~~~~~
[build] C:\Users\pperv\code\unnamed_rpg\vendor\json\include\nlohmann/detail/input/json_sax.hpp(819,24): note: in instantiation of function template specialization 'nlohmann::basic_json<>::erase<nlohmann::detail::iter_impl<nlohmann::basic_json<>>, 0>' requested here
[build]   819 |                 parent.erase(it);
[build]       |                        ^
[build] C:\Users\pperv\code\unnamed_rpg\vendor\json\include\nlohmann/detail/input/json_sax.hpp(874,21): note: in instantiation of member function 'nlohmann::detail::json_sax_dom_callback_parser<nlohmann::basic_json<>, nlohmann::detail::iterator_input_adapter<const char *>>::remove_discarded_value' requested here
[build]   874 |                     remove_discarded_value(*ref_stack.back());
[build]       |                     ^
[build] C:\Users\pperv\code\unnamed_rpg\vendor\json\include\nlohmann/detail/input/json_sax.hpp(551,20): note: in instantiation of function template specialization 'nlohmann::detail::json_sax_dom_callback_parser<nlohmann::basic_json<>, nlohmann::detail::iterator_input_adapter<const char *>>::handle_value<nlohmann::detail::value_t>' requested here
[build]   551 |         auto val = handle_value(BasicJsonType::value_t::object, true);
[build]       |                    ^
[build] C:\Users\pperv\code\unnamed_rpg\vendor\json\include\nlohmann/detail/input/parser.hpp(199,56): note: in instantiation of member function 'nlohmann::detail::json_sax_dom_callback_parser<nlohmann::basic_json<>, nlohmann::detail::iterator_input_adapter<const char *>>::start_object' requested here
[build]   199 |                         if (JSON_HEDLEY_UNLIKELY(!sax->start_object(detail::unknown_size())))
[build]       |                                                        ^
[build] C:\Users\pperv\code\unnamed_rpg\vendor\json\include\nlohmann/thirdparty/hedley/hedley.hpp(1360,94): note: expanded from macro 'JSON_HEDLEY_UNLIKELY'
[build]  1360 | #  define JSON_HEDLEY_UNLIKELY(expr)                    __builtin_expect                 (!!(expr),    0                  )
[build]       |                                                                                              ^
[build] C:\Users\pperv\code\unnamed_rpg\vendor\json\include\nlohmann/detail/input/parser.hpp(100,13): note: in instantiation of function template specialization 'nlohmann::detail::parser<nlohmann::basic_json<>, nlohmann::detail::iterator_input_adapter<const char *>>::sax_parse_internal<nlohmann::detail::json_sax_dom_callback_parser<nlohmann::basic_json<>, nlohmann::detail::iterator_input_adapter<const char *>>>' requested here
[build]   100 |             sax_parse_internal(&sdp);
[build]       |             ^
[build] C:\Users\pperv\code\unnamed_rpg\vendor\json\include\nlohmann/json.hpp(4112,148): note: in instantiation of member function 'nlohmann::detail::parser<nlohmann::basic_json<>, nlohmann::detail::iterator_input_adapter<const char *>>::parse' requested here
[build]  4112 |         parser(detail::input_adapter(std::move(first), std::move(last)), std::move(cb), allow_exceptions, ignore_comments, ignore_trailing_commas).parse(true, result); // cppcheck-suppress[accessMoved]
[build]       |                                                                                                                                                    ^
[build] C:\Users\pperv\code\unnamed_rpg\vendor\json\include\nlohmann/json.hpp(5294,28): note: in instantiation of function template specialization 'nlohmann::basic_json<>::parse<const char *, const char *, 0>' requested here
[build]  5294 |     return nlohmann::json::parse(s, s + n);
[build]       |                            ^
[build] In file included from C:\Users\pperv\code\unnamed_rpg\vendor\json-schema-validator\src\json-patch.cpp:1:
[build] In file included from C:\Users\pperv\code\unnamed_rpg\vendor\json-schema-validator\src\json-patch.hpp:3:
[build] In file included from C:\Users\pperv\code\unnamed_rpg\vendor\json\include\nlohmann/json.hpp:44:
[build] In file included from C:\Users\pperv\code\unnamed_rpg\vendor\json\include\nlohmann/adl_serializer.hpp:14:
[build] In file included from C:\Users\pperv\code\unnamed_rpg\vendor\json\include\nlohmann/detail/conversions/from_json.hpp:24:
[build] C:\Users\pperv\code\unnamed_rpg\vendor\json\include\nlohmann/detail/exceptions.hpp(244,16): warning: constructor call from initializer list is incompatible with C++98 [-Wc++98-compat]
[build]   244 |         return {id_, w.c_str()};
[build]       |                ^~~~~~~~~~~~~~~~
[build] C:\Users\pperv\code\unnamed_rpg\vendor\json\include\nlohmann/json.hpp(2559,40): note: in instantiation of function template specialization 'nlohmann::detail::type_error::create<nlohmann::basic_json<> *, 0>' requested here
[build]  2559 |                 JSON_THROW(type_error::create(307, detail::concat("cannot use erase() with ", type_name()), this));
[build]       |                                        ^
[build] C:\Users\pperv\code\unnamed_rpg\vendor\json\include\nlohmann/detail/macro_scope.hpp(198,41): note: expanded from macro 'JSON_THROW'
[build]   198 |     #define JSON_THROW(exception) throw exception
[build]       |                                         ^
[build] C:\Users\pperv\code\unnamed_rpg\vendor\json\include\nlohmann/detail/input/json_sax.hpp(819,24): note: in instantiation of function template specialization 'nlohmann::basic_json<>::erase<nlohmann::detail::iter_impl<nlohmann::basic_json<>>, 0>' requested here
[build]   819 |                 parent.erase(it);
[build]       |                        ^
[build] C:\Users\pperv\code\unnamed_rpg\vendor\json\include\nlohmann/detail/input/json_sax.hpp(874,21): note: in instantiation of member function 'nlohmann::detail::json_sax_dom_callback_parser<nlohmann::basic_json<>, nlohmann::detail::iterator_input_adapter<const char *>>::remove_discarded_value' requested here
[build]   874 |                     remove_discarded_value(*ref_stack.back());
[build]       |                     ^
[build] C:\Users\pperv\code\unnamed_rpg\vendor\json\include\nlohmann/detail/input/json_sax.hpp(551,20): note: in instantiation of function template specialization 'nlohmann::detail::json_sax_dom_callback_parser<nlohmann::basic_json<>, nlohmann::detail::iterator_input_adapter<const char *>>::handle_value<nlohmann::detail::value_t>' requested here
[build]   551 |         auto val = handle_value(BasicJsonType::value_t::object, true);
[build]       |                    ^
[build] C:\Users\pperv\code\unnamed_rpg\vendor\json\include\nlohmann/detail/input/parser.hpp(199,56): note: in instantiation of member function 'nlohmann::detail::json_sax_dom_callback_parser<nlohmann::basic_json<>, nlohmann::detail::iterator_input_adapter<const char *>>::start_object' requested here
[build]   199 |                         if (JSON_HEDLEY_UNLIKELY(!sax->start_object(detail::unknown_size())))
[build]       |                                                        ^
[build] C:\Users\pperv\code\unnamed_rpg\vendor\json\include\nlohmann/thirdparty/hedley/hedley.hpp(1360,94): note: expanded from macro 'JSON_HEDLEY_UNLIKELY'
[build]  1360 | #  define JSON_HEDLEY_UNLIKELY(expr)                    __builtin_expect                 (!!(expr),    0                  )
[build]       |                                                                                              ^
[build] C:\Users\pperv\code\unnamed_rpg\vendor\json\include\nlohmann/detail/input/parser.hpp(100,13): note: in instantiation of function template specialization 'nlohmann::detail::parser<nlohmann::basic_json<>, nlohmann::detail::iterator_input_adapter<const char *>>::sax_parse_internal<nlohmann::detail::json_sax_dom_callback_parser<nlohmann::basic_json<>, nlohmann::detail::iterator_input_adapter<const char *>>>' requested here
[build]   100 |             sax_parse_internal(&sdp);
[build]       |             ^
[build] C:\Users\pperv\code\unnamed_rpg\vendor\json\include\nlohmann/json.hpp(4112,148): note: in instantiation of member function 'nlohmann::detail::parser<nlohmann::basic_json<>, nlohmann::detail::iterator_input_adapter<const char *>>::parse' requested here
[build]  4112 |         parser(detail::input_adapter(std::move(first), std::move(last)), std::move(cb), allow_exceptions, ignore_comments, ignore_trailing_commas).parse(true, result); // cppcheck-suppress[accessMoved]
[build]       |                                                                                                                                                    ^
[build] C:\Users\pperv\code\unnamed_rpg\vendor\json\include\nlohmann/json.hpp(5294,28): note: in instantiation of function template specialization 'nlohmann::basic_json<>::parse<const char *, const char *, 0>' requested here
[build]  5294 |     return nlohmann::json::parse(s, s + n);
[build]       |                            ^
[build] C:\Users\pperv\code\unnamed_rpg\vendor\json\include\nlohmann/json.hpp(3059,18): warning: enumeration type in nested name specifier is incompatible with C++98 [-Wc++98-compat]
[build]  3059 |             case value_t::array:
[build]       |                  ^
[build] C:\Users\pperv\code\unnamed_rpg\vendor\json\include\nlohmann/detail/input/json_sax.hpp(569,95): note: in instantiation of member function 'nlohmann::basic_json<>::max_size' requested here
[build]   569 |             if (JSON_HEDLEY_UNLIKELY(len != detail::unknown_size() && len > ref_stack.back()->max_size()))
[build]       |                                                                                               ^
[build] C:\Users\pperv\code\unnamed_rpg\vendor\json\include\nlohmann/thirdparty/hedley/hedley.hpp(1360,94): note: expanded from macro 'JSON_HEDLEY_UNLIKELY'
[build]  1360 | #  define JSON_HEDLEY_UNLIKELY(expr)                    __builtin_expect                 (!!(expr),    0                  )
[build]       |                                                                                              ^
[build] C:\Users\pperv\code\unnamed_rpg\vendor\json\include\nlohmann/detail/input/parser.hpp(199,56): note: in instantiation of member function 'nlohmann::detail::json_sax_dom_callback_parser<nlohmann::basic_json<>, nlohmann::detail::iterator_input_adapter<const char *>>::start_object' requested here
[build]   199 |                         if (JSON_HEDLEY_UNLIKELY(!sax->start_object(detail::unknown_size())))
[build]       |                                                        ^
[build] C:\Users\pperv\code\unnamed_rpg\vendor\json\include\nlohmann/thirdparty/hedley/hedley.hpp(1360,94): note: expanded from macro 'JSON_HEDLEY_UNLIKELY'
[build]  1360 | #  define JSON_HEDLEY_UNLIKELY(expr)                    __builtin_expect                 (!!(expr),    0                  )
[build]       |                                                                                              ^
[build] C:\Users\pperv\code\unnamed_rpg\vendor\json\include\nlohmann/detail/input/parser.hpp(100,13): note: in instantiation of function template specialization 'nlohmann::detail::parser<nlohmann::basic_json<>, nlohmann::detail::iterator_input_adapter<const char *>>::sax_parse_internal<nlohmann::detail::json_sax_dom_callback_parser<nlohmann::basic_json<>, nlohmann::detail::iterator_input_adapter<const char *>>>' requested here
[build]   100 |             sax_parse_internal(&sdp);
[build]       |             ^
[build] C:\Users\pperv\code\unnamed_rpg\vendor\json\include\nlohmann/json.hpp(4112,148): note: in instantiation of member function 'nlohmann::detail::parser<nlohmann::basic_json<>, nlohmann::detail::iterator_input_adapter<const char *>>::parse' requested here
[build]  4112 |         parser(detail::input_adapter(std::move(first), std::move(last)), std::move(cb), allow_exceptions, ignore_comments, ignore_trailing_commas).parse(true, result); // cppcheck-suppress[accessMoved]
[build]       |                                                                                                                                                    ^
[build] C:\Users\pperv\code\unnamed_rpg\vendor\json\include\nlohmann/json.hpp(5294,28): note: in instantiation of function template specialization 'nlohmann::basic_json<>::parse<const char *, const char *, 0>' requested here
[build]  5294 |     return nlohmann::json::parse(s, s + n);
[build]       |                            ^
[build] C:\Users\pperv\code\unnamed_rpg\vendor\json\include\nlohmann/json.hpp(3065,18): warning: enumeration type in nested name specifier is incompatible with C++98 [-Wc++98-compat]
[build]  3065 |             case value_t::object:
[build]       |                  ^
[build] C:\Users\pperv\code\unnamed_rpg\vendor\json\include\nlohmann/json.hpp(3071,18): warning: enumeration type in nested name specifier is incompatible with C++98 [-Wc++98-compat]
[build]  3071 |             case value_t::null:
[build]       |                  ^
[build] C:\Users\pperv\code\unnamed_rpg\vendor\json\include\nlohmann/json.hpp(3072,18): warning: enumeration type in nested name specifier is incompatible with C++98 [-Wc++98-compat]
[build]  3072 |             case value_t::string:
[build]       |                  ^
[build] C:\Users\pperv\code\unnamed_rpg\vendor\json\include\nlohmann/json.hpp(3073,18): warning: enumeration type in nested name specifier is incompatible with C++98 [-Wc++98-compat]
[build]  3073 |             case value_t::boolean:
[build]       |                  ^
[build] C:\Users\pperv\code\unnamed_rpg\vendor\json\include\nlohmann/json.hpp(3074,18): warning: enumeration type in nested name specifier is incompatible with C++98 [-Wc++98-compat]
[build]  3074 |             case value_t::number_integer:
[build]       |                  ^
[build] C:\Users\pperv\code\unnamed_rpg\vendor\json\include\nlohmann/json.hpp(3075,18): warning: enumeration type in nested name specifier is incompatible with C++98 [-Wc++98-compat]
[build]  3075 |             case value_t::number_unsigned:
[build]       |                  ^
[build] C:\Users\pperv\code\unnamed_rpg\vendor\json\include\nlohmann/json.hpp(3076,18): warning: enumeration type in nested name specifier is incompatible with C++98 [-Wc++98-compat]
[build]  3076 |             case value_t::number_float:
[build]       |                  ^
[build] C:\Users\pperv\code\unnamed_rpg\vendor\json\include\nlohmann/json.hpp(3077,18): warning: enumeration type in nested name specifier is incompatible with C++98 [-Wc++98-compat]
[build]  3077 |             case value_t::binary:
[build]       |                  ^
[build] C:\Users\pperv\code\unnamed_rpg\vendor\json\include\nlohmann/json.hpp(3078,18): warning: enumeration type in nested name specifier is incompatible with C++98 [-Wc++98-compat]
[build]  3078 |             case value_t::discarded:
[build]       |                  ^
[build] C:\Users\pperv\code\unnamed_rpg\vendor\json\include\nlohmann/json.hpp(3079,13): warning: default label in switch which covers all enumeration values [-Wcovered-switch-default]
[build]  3079 |             default:
[build]       |             ^
[build] C:\Users\pperv\code\unnamed_rpg\vendor\json\include\nlohmann/json.hpp(3020,18): warning: enumeration type in nested name specifier is incompatible with C++98 [-Wc++98-compat]
[build]  3020 |             case value_t::null:
[build]       |                  ^
[build] C:\Users\pperv\code\unnamed_rpg\vendor\json\include\nlohmann/json.hpp(3082,24): note: in instantiation of member function 'nlohmann::basic_json<>::size' requested here
[build]  3082 |                 return size();
[build]       |                        ^
[build] C:\Users\pperv\code\unnamed_rpg\vendor\json\include\nlohmann/detail/input/json_sax.hpp(569,95): note: in instantiation of member function 'nlohmann::basic_json<>::max_size' requested here
[build]   569 |             if (JSON_HEDLEY_UNLIKELY(len != detail::unknown_size() && len > ref_stack.back()->max_size()))
[build]       |                                                                                               ^
[build] C:\Users\pperv\code\unnamed_rpg\vendor\json\include\nlohmann/thirdparty/hedley/hedley.hpp(1360,94): note: expanded from macro 'JSON_HEDLEY_UNLIKELY'
[build]  1360 | #  define JSON_HEDLEY_UNLIKELY(expr)                    __builtin_expect                 (!!(expr),    0                  )
[build]       |                                                                                              ^
[build] C:\Users\pperv\code\unnamed_rpg\vendor\json\include\nlohmann/detail/input/parser.hpp(199,56): note: in instantiation of member function 'nlohmann::detail::json_sax_dom_callback_parser<nlohmann::basic_json<>, nlohmann::detail::iterator_input_adapter<const char *>>::start_object' requested here
[build]   199 |                         if (JSON_HEDLEY_UNLIKELY(!sax->start_object(detail::unknown_size())))
[build]       |                                                        ^
[build] C:\Users\pperv\code\unnamed_rpg\vendor\json\include\nlohmann/thirdparty/hedley/hedley.hpp(1360,94): note: expanded from macro 'JSON_HEDLEY_UNLIKELY'
[build]  1360 | #  define JSON_HEDLEY_UNLIKELY(expr)                    __builtin_expect                 (!!(expr),    0                  )
[build]       |                                                                                              ^
[build] C:\Users\pperv\code\unnamed_rpg\vendor\json\include\nlohmann/detail/input/parser.hpp(100,13): note: in instantiation of function template specialization 'nlohmann::detail::parser<nlohmann::basic_json<>, nlohmann::detail::iterator_input_adapter<const char *>>::sax_parse_internal<nlohmann::detail::json_sax_dom_callback_parser<nlohmann::basic_json<>, nlohmann::detail::iterator_input_adapter<const char *>>>' requested here
[build]   100 |             sax_parse_internal(&sdp);
[build]       |             ^
[build] C:\Users\pperv\code\unnamed_rpg\vendor\json\include\nlohmann/json.hpp(4112,148): note: in instantiation of member function 'nlohmann::detail::parser<nlohmann::basic_json<>, nlohmann::detail::iterator_input_adapter<const char *>>::parse' requested here
[build]  4112 |         parser(detail::input_adapter(std::move(first), std::move(last)), std::move(cb), allow_exceptions, ignore_comments, ignore_trailing_commas).parse(true, result); // cppcheck-suppress[accessMoved]
[build]       |                                                                                                                                                    ^
[build] C:\Users\pperv\code\unnamed_rpg\vendor\json\include\nlohmann/json.hpp(5294,28): note: in instantiation of function template specialization 'nlohmann::basic_json<>::parse<const char *, const char *, 0>' requested here
[build]  5294 |     return nlohmann::json::parse(s, s + n);
[build]       |                            ^
[build] C:\Users\pperv\code\unnamed_rpg\vendor\json\include\nlohmann/json.hpp(3026,18): warning: enumeration type in nested name specifier is incompatible with C++98 [-Wc++98-compat]
[build]  3026 |             case value_t::array:
[build]       |                  ^
[build] C:\Users\pperv\code\unnamed_rpg\vendor\json\include\nlohmann/json.hpp(3032,18): warning: enumeration type in nested name specifier is incompatible with C++98 [-Wc++98-compat]
[build]  3032 |             case value_t::object:
[build]       |                  ^
[build] C:\Users\pperv\code\unnamed_rpg\vendor\json\include\nlohmann/json.hpp(3038,18): warning: enumeration type in nested name specifier is incompatible with C++98 [-Wc++98-compat]
[build]  3038 |             case value_t::string:
[build]       |                  ^
[build] C:\Users\pperv\code\unnamed_rpg\vendor\json\include\nlohmann/json.hpp(3039,18): warning: enumeration type in nested name specifier is incompatible with C++98 [-Wc++98-compat]
[build]  3039 |             case value_t::boolean:
[build]       |                  ^
[build] C:\Users\pperv\code\unnamed_rpg\vendor\json\include\nlohmann/json.hpp(3040,18): warning: enumeration type in nested name specifier is incompatible with C++98 [-Wc++98-compat]
[build]  3040 |             case value_t::number_integer:
[build]       |                  ^
[build] C:\Users\pperv\code\unnamed_rpg\vendor\json\include\nlohmann/json.hpp(3041,18): warning: enumeration type in nested name specifier is incompatible with C++98 [-Wc++98-compat]
[build]  3041 |             case value_t::number_unsigned:
[build]       |                  ^
[build] C:\Users\pperv\code\unnamed_rpg\vendor\json\include\nlohmann/json.hpp(3042,18): warning: enumeration type in nested name specifier is incompatible with C++98 [-Wc++98-compat]
[build]  3042 |             case value_t::number_float:
[build]       |                  ^
[build] C:\Users\pperv\code\unnamed_rpg\vendor\json\include\nlohmann/json.hpp(3043,18): warning: enumeration type in nested name specifier is incompatible with C++98 [-Wc++98-compat]
[build]  3043 |             case value_t::binary:
[build]       |                  ^
[build] C:\Users\pperv\code\unnamed_rpg\vendor\json\include\nlohmann/json.hpp(3044,18): warning: enumeration type in nested name specifier is incompatible with C++98 [-Wc++98-compat]
[build]  3044 |             case value_t::discarded:
[build]       |                  ^
[build] C:\Users\pperv\code\unnamed_rpg\vendor\json\include\nlohmann/json.hpp(3045,13): warning: default label in switch which covers all enumeration values [-Wcovered-switch-default]
[build]  3045 |             default:
[build]       |             ^
[build] In file included from C:\Users\pperv\code\unnamed_rpg\vendor\json-schema-validator\src\json-patch.cpp:1:
[build] In file included from C:\Users\pperv\code\unnamed_rpg\vendor\json-schema-validator\src\json-patch.hpp:3:
[build] In file included from C:\Users\pperv\code\unnamed_rpg\vendor\json\include\nlohmann/json.hpp:44:
[build] In file included from C:\Users\pperv\code\unnamed_rpg\vendor\json\include\nlohmann/adl_serializer.hpp:14:
[build] In file included from C:\Users\pperv\code\unnamed_rpg\vendor\json\include\nlohmann/detail/conversions/from_json.hpp:24:
[build] C:\Users\pperv\code\unnamed_rpg\vendor\json\include\nlohmann/detail/exceptions.hpp(261,16): warning: generalized initializer lists are incompatible with C++98 [-Wc++98-compat]
[build]   261 |         return {id_, w.c_str()};
[build]       |                ^~~~~~~~~~~~~~~~
[build] C:\Users\pperv\code\unnamed_rpg\vendor\json\include\nlohmann/detail/exceptions.hpp(261,16): warning: constructor call from initializer list is incompatible with C++98 [-Wc++98-compat]
[build]   261 |         return {id_, w.c_str()};
[build]       |                ^~~~~~~~~~~~~~~~
[build] C:\Users\pperv\code\unnamed_rpg\vendor\json\include\nlohmann/detail/input/parser.hpp(199,56): note: in instantiation of member function 'nlohmann::detail::json_sax_dom_callback_parser<nlohmann::basic_json<>, nlohmann::detail::iterator_input_adapter<const char *>>::start_object' requested here
[build]   199 |                         if (JSON_HEDLEY_UNLIKELY(!sax->start_object(detail::unknown_size())))
[build]       |                                                        ^
[build] C:\Users\pperv\code\unnamed_rpg\vendor\json\include\nlohmann/thirdparty/hedley/hedley.hpp(1360,94): note: expanded from macro 'JSON_HEDLEY_UNLIKELY'
[build]  1360 | #  define JSON_HEDLEY_UNLIKELY(expr)                    __builtin_expect                 (!!(expr),    0                  )
[build]       |                                                                                              ^
[build] C:\Users\pperv\code\unnamed_rpg\vendor\json\include\nlohmann/detail/input/parser.hpp(100,13): note: in instantiation of function template specialization 'nlohmann::detail::parser<nlohmann::basic_json<>, nlohmann::detail::iterator_input_adapter<const char *>>::sax_parse_internal<nlohmann::detail::json_sax_dom_callback_parser<nlohmann::basic_json<>, nlohmann::detail::iterator_input_adapter<const char *>>>' requested here
[build]   100 |             sax_parse_internal(&sdp);
[build]       |             ^
[build] C:\Users\pperv\code\unnamed_rpg\vendor\json\include\nlohmann/json.hpp(4112,148): note: in instantiation of member function 'nlohmann::detail::parser<nlohmann::basic_json<>, nlohmann::detail::iterator_input_adapter<const char *>>::parse' requested here
[build]  4112 |         parser(detail::input_adapter(std::move(first), std::move(last)), std::move(cb), allow_exceptions, ignore_comments, ignore_trailing_commas).parse(true, result); // cppcheck-suppress[accessMoved]
[build]       |                                                                                                                                                    ^
[build] C:\Users\pperv\code\unnamed_rpg\vendor\json\include\nlohmann/json.hpp(5294,28): note: in instantiation of function template specialization 'nlohmann::basic_json<>::parse<const char *, const char *, 0>' requested here
[build]  5294 |     return nlohmann::json::parse(s, s + n);
[build]       |                            ^
[build] In file included from C:\Users\pperv\code\unnamed_rpg\vendor\json-schema-validator\src\json-patch.cpp:1:
[build] In file included from C:\Users\pperv\code\unnamed_rpg\vendor\json-schema-validator\src\json-patch.hpp:3:
[build] In file included from C:\Users\pperv\code\unnamed_rpg\vendor\json\include\nlohmann/json.hpp:44:
[build] In file included from C:\Users\pperv\code\unnamed_rpg\vendor\json\include\nlohmann/adl_serializer.hpp:14:
[build] In file included from C:\Users\pperv\code\unnamed_rpg\vendor\json\include\nlohmann/detail/conversions/from_json.hpp:24:
[build] C:\Users\pperv\code\unnamed_rpg\vendor\json\include\nlohmann/detail/exceptions.hpp(261,16): warning: constructor call from initializer list is incompatible with C++98 [-Wc++98-compat]
[build]   261 |         return {id_, w.c_str()};
[build]       |                ^~~~~~~~~~~~~~~~
[build] C:\Users\pperv\code\unnamed_rpg\vendor\json\include\nlohmann/detail/input/json_sax.hpp(571,42): note: in instantiation of function template specialization 'nlohmann::detail::out_of_range::create<nlohmann::basic_json<> *, 0>' requested here
[build]   571 |                 JSON_THROW(out_of_range::create(408, concat("excessive object size: ", std::to_string(len)), ref_stack.back()));
[build]       |                                          ^
[build] C:\Users\pperv\code\unnamed_rpg\vendor\json\include\nlohmann/detail/macro_scope.hpp(198,41): note: expanded from macro 'JSON_THROW'
[build]   198 |     #define JSON_THROW(exception) throw exception
[build]       |                                         ^
[build] C:\Users\pperv\code\unnamed_rpg\vendor\json\include\nlohmann/detail/input/parser.hpp(199,56): note: in instantiation of member function 'nlohmann::detail::json_sax_dom_callback_parser<nlohmann::basic_json<>, nlohmann::detail::iterator_input_adapter<const char *>>::start_object' requested here
[build]   199 |                         if (JSON_HEDLEY_UNLIKELY(!sax->start_object(detail::unknown_size())))
[build]       |                                                        ^
[build] C:\Users\pperv\code\unnamed_rpg\vendor\json\include\nlohmann/thirdparty/hedley/hedley.hpp(1360,94): note: expanded from macro 'JSON_HEDLEY_UNLIKELY'
[build]  1360 | #  define JSON_HEDLEY_UNLIKELY(expr)                    __builtin_expect                 (!!(expr),    0                  )
[build]       |                                                                                              ^
[build] C:\Users\pperv\code\unnamed_rpg\vendor\json\include\nlohmann/detail/input/parser.hpp(100,13): note: in instantiation of function template specialization 'nlohmann::detail::parser<nlohmann::basic_json<>, nlohmann::detail::iterator_input_adapter<const char *>>::sax_parse_internal<nlohmann::detail::json_sax_dom_callback_parser<nlohmann::basic_json<>, nlohmann::detail::iterator_input_adapter<const char *>>>' requested here
[build]   100 |             sax_parse_internal(&sdp);
[build]       |             ^
[build] C:\Users\pperv\code\unnamed_rpg\vendor\json\include\nlohmann/json.hpp(4112,148): note: in instantiation of member function 'nlohmann::detail::parser<nlohmann::basic_json<>, nlohmann::detail::iterator_input_adapter<const char *>>::parse' requested here
[build]  4112 |         parser(detail::input_adapter(std::move(first), std::move(last)), std::move(cb), allow_exceptions, ignore_comments, ignore_trailing_commas).parse(true, result); // cppcheck-suppress[accessMoved]
[build]       |                                                                                                                                                    ^
[build] C:\Users\pperv\code\unnamed_rpg\vendor\json\include\nlohmann/json.hpp(5294,28): note: in instantiation of function template specialization 'nlohmann::basic_json<>::parse<const char *, const char *, 0>' requested here
[build]  5294 |     return nlohmann::json::parse(s, s + n);
[build]       |                            ^
[build] In file included from C:\Users\pperv\code\unnamed_rpg\vendor\json-schema-validator\src\json-patch.cpp:1:
[build] In file included from C:\Users\pperv\code\unnamed_rpg\vendor\json-schema-validator\src\json-patch.hpp:3:
[build] In file included from C:\Users\pperv\code\unnamed_rpg\vendor\json\include\nlohmann/json.hpp:50:
[build] In file included from C:\Users\pperv\code\unnamed_rpg\vendor\json\include\nlohmann/detail/input/binary_reader.hpp:29:
[build] C:\Users\pperv\code\unnamed_rpg\vendor\json\include\nlohmann/detail/input/json_sax.hpp(598,67): warning: enumeration type in nested name specifier is incompatible with C++98 [-Wc++98-compat]
[build]   598 |             if (!callback(static_cast<int>(ref_stack.size()) - 1, parse_event_t::object_end, *ref_stack.back()))
[build]       |                                                                   ^
[build] C:\Users\pperv\code\unnamed_rpg\vendor\json\include\nlohmann/detail/input/parser.hpp(207,60): note: in instantiation of member function 'nlohmann::detail::json_sax_dom_callback_parser<nlohmann::basic_json<>, nlohmann::detail::iterator_input_adapter<const char *>>::end_object' requested here
[build]   207 |                             if (JSON_HEDLEY_UNLIKELY(!sax->end_object()))
[build]       |                                                            ^
[build] C:\Users\pperv\code\unnamed_rpg\vendor\json\include\nlohmann/thirdparty/hedley/hedley.hpp(1360,94): note: expanded from macro 'JSON_HEDLEY_UNLIKELY'
[build]  1360 | #  define JSON_HEDLEY_UNLIKELY(expr)                    __builtin_expect                 (!!(expr),    0                  )
[build]       |                                                                                              ^
[build] C:\Users\pperv\code\unnamed_rpg\vendor\json\include\nlohmann/detail/input/parser.hpp(100,13): note: in instantiation of function template specialization 'nlohmann::detail::parser<nlohmann::basic_json<>, nlohmann::detail::iterator_input_adapter<const char *>>::sax_parse_internal<nlohmann::detail::json_sax_dom_callback_parser<nlohmann::basic_json<>, nlohmann::detail::iterator_input_adapter<const char *>>>' requested here
[build]   100 |             sax_parse_internal(&sdp);
[build]       |             ^
[build] C:\Users\pperv\code\unnamed_rpg\vendor\json\include\nlohmann/json.hpp(4112,148): note: in instantiation of member function 'nlohmann::detail::parser<nlohmann::basic_json<>, nlohmann::detail::iterator_input_adapter<const char *>>::parse' requested here
[build]  4112 |         parser(detail::input_adapter(std::move(first), std::move(last)), std::move(cb), allow_exceptions, ignore_comments, ignore_trailing_commas).parse(true, result); // cppcheck-suppress[accessMoved]
[build]       |                                                                                                                                                    ^
[build] C:\Users\pperv\code\unnamed_rpg\vendor\json\include\nlohmann/json.hpp(5294,28): note: in instantiation of function template specialization 'nlohmann::basic_json<>::parse<const char *, const char *, 0>' requested here
[build]  5294 |     return nlohmann::json::parse(s, s + n);
[build]       |                            ^
[build] In file included from C:\Users\pperv\code\unnamed_rpg\vendor\json-schema-validator\src\json-patch.cpp:1:
[build] In file included from C:\Users\pperv\code\unnamed_rpg\vendor\json-schema-validator\src\json-patch.hpp:3:
[build] In file included from C:\Users\pperv\code\unnamed_rpg\vendor\json\include\nlohmann/json.hpp:50:
[build] In file included from C:\Users\pperv\code\unnamed_rpg\vendor\json\include\nlohmann/detail/input/binary_reader.hpp:29:
[build] C:\Users\pperv\code\unnamed_rpg\vendor\json\include\nlohmann/detail/input/json_sax.hpp(582,72): warning: enumeration type in nested name specifier is incompatible with C++98 [-Wc++98-compat]
[build]   582 |         const bool keep = callback(static_cast<int>(ref_stack.size()), parse_event_t::key, k);
[build]       |                                                                        ^
[build] C:\Users\pperv\code\unnamed_rpg\vendor\json\include\nlohmann/detail/input/parser.hpp(221,56): note: in instantiation of member function 'nlohmann::detail::json_sax_dom_callback_parser<nlohmann::basic_json<>, nlohmann::detail::iterator_input_adapter<const char *>>::key' requested here
[build]   221 |                         if (JSON_HEDLEY_UNLIKELY(!sax->key(m_lexer.get_string())))
[build]       |                                                        ^
[build] C:\Users\pperv\code\unnamed_rpg\vendor\json\include\nlohmann/thirdparty/hedley/hedley.hpp(1360,94): note: expanded from macro 'JSON_HEDLEY_UNLIKELY'
[build]  1360 | #  define JSON_HEDLEY_UNLIKELY(expr)                    __builtin_expect                 (!!(expr),    0                  )
[build]       |                                                                                              ^
[build] C:\Users\pperv\code\unnamed_rpg\vendor\json\include\nlohmann/detail/input/parser.hpp(100,13): note: in instantiation of function template specialization 'nlohmann::detail::parser<nlohmann::basic_json<>, nlohmann::detail::iterator_input_adapter<const char *>>::sax_parse_internal<nlohmann::detail::json_sax_dom_callback_parser<nlohmann::basic_json<>, nlohmann::detail::iterator_input_adapter<const char *>>>' requested here
[build]   100 |             sax_parse_internal(&sdp);
[build]       |             ^
[build] C:\Users\pperv\code\unnamed_rpg\vendor\json\include\nlohmann/json.hpp(4112,148): note: in instantiation of member function 'nlohmann::detail::parser<nlohmann::basic_json<>, nlohmann::detail::iterator_input_adapter<const char *>>::parse' requested here
[build]  4112 |         parser(detail::input_adapter(std::move(first), std::move(last)), std::move(cb), allow_exceptions, ignore_comments, ignore_trailing_commas).parse(true, result); // cppcheck-suppress[accessMoved]
[build]       |                                                                                                                                                    ^
[build] C:\Users\pperv\code\unnamed_rpg\vendor\json\include\nlohmann/json.hpp(5294,28): note: in instantiation of function template specialization 'nlohmann::basic_json<>::parse<const char *, const char *, 0>' requested here
[build]  5294 |     return nlohmann::json::parse(s, s + n);
[build]       |                            ^
[build] C:\Users\pperv\code\unnamed_rpg\vendor\json\include\nlohmann/json.hpp(4306,19): warning: constructor call from initializer list is incompatible with C++98 [-Wc++98-compat]
[build]  4306 |     data m_data = {}; // NOLINT(readability-redundant-member-init)
[build]       |                   ^~
[build] C:\Users\pperv\code\unnamed_rpg\vendor\json\include\nlohmann/json.hpp(868,5): note: in instantiation of default member initializer 'nlohmann::basic_json<>::m_data' requested here
[build]   868 |     basic_json(CompatibleType && val) noexcept(noexcept( // NOLINT(bugprone-forwarding-reference-overload,bugprone-exception-escape)
[build]       |     ^
[build] C:\Users\pperv\code\unnamed_rpg\vendor\json\include\nlohmann/detail/input/json_sax.hpp(579,27): note: in instantiation of function template specialization 'nlohmann::basic_json<>::basic_json<std::basic_string<char> &, std::basic_string<char>, 0>' requested here
[build]   579 |         BasicJsonType k = BasicJsonType(val);
[build]       |                           ^
[build] C:\Users\pperv\code\unnamed_rpg\vendor\json\include\nlohmann/detail/input/parser.hpp(221,56): note: in instantiation of member function 'nlohmann::detail::json_sax_dom_callback_parser<nlohmann::basic_json<>, nlohmann::detail::iterator_input_adapter<const char *>>::key' requested here
[build]   221 |                         if (JSON_HEDLEY_UNLIKELY(!sax->key(m_lexer.get_string())))
[build]       |                                                        ^
[build] C:\Users\pperv\code\unnamed_rpg\vendor\json\include\nlohmann/thirdparty/hedley/hedley.hpp(1360,94): note: expanded from macro 'JSON_HEDLEY_UNLIKELY'
[build]  1360 | #  define JSON_HEDLEY_UNLIKELY(expr)                    __builtin_expect                 (!!(expr),    0                  )
[build]       |                                                                                              ^
[build] C:\Users\pperv\code\unnamed_rpg\vendor\json\include\nlohmann/detail/input/parser.hpp(100,13): note: in instantiation of function template specialization 'nlohmann::detail::parser<nlohmann::basic_json<>, nlohmann::detail::iterator_input_adapter<const char *>>::sax_parse_internal<nlohmann::detail::json_sax_dom_callback_parser<nlohmann::basic_json<>, nlohmann::detail::iterator_input_adapter<const char *>>>' requested here
[build]   100 |             sax_parse_internal(&sdp);
[build]       |             ^
[build] C:\Users\pperv\code\unnamed_rpg\vendor\json\include\nlohmann/json.hpp(4112,148): note: in instantiation of member function 'nlohmann::detail::parser<nlohmann::basic_json<>, nlohmann::detail::iterator_input_adapter<const char *>>::parse' requested here
[build]  4112 |         parser(detail::input_adapter(std::move(first), std::move(last)), std::move(cb), allow_exceptions, ignore_comments, ignore_trailing_commas).parse(true, result); // cppcheck-suppress[accessMoved]
[build]       |                                                                                                                                                    ^
[build] C:\Users\pperv\code\unnamed_rpg\vendor\json\include\nlohmann/json.hpp(5294,28): note: in instantiation of function template specialization 'nlohmann::basic_json<>::parse<const char *, const char *, 0>' requested here
[build]  5294 |     return nlohmann::json::parse(s, s + n);
[build]       |                            ^
[build] C:\Users\pperv\code\unnamed_rpg\vendor\json\include\nlohmann/json.hpp(4278,26): warning: enumeration type in nested name specifier is incompatible with C++98 [-Wc++98-compat]
[build]  4278 |         value_t m_type = value_t::null;
[build]       |                          ^
[build] C:\Users\pperv\code\unnamed_rpg\vendor\json\include\nlohmann/json.hpp(4294,9): note: in instantiation of default member initializer 'nlohmann::basic_json<>::data::m_type' requested here
[build]  4294 |         data() noexcept = default;
[build]       |         ^
[build] C:\Users\pperv\code\unnamed_rpg\vendor\json\include\nlohmann/json.hpp(4306,19): note: in defaulted default constructor for 'nlohmann::basic_json<>::data' first required here
[build]  4306 |     data m_data = {}; // NOLINT(readability-redundant-member-init)
[build]       |                   ^
[build] C:\Users\pperv\code\unnamed_rpg\vendor\json\include\nlohmann/json.hpp(868,5): note: in instantiation of default member initializer 'nlohmann::basic_json<>::m_data' requested here
[build]   868 |     basic_json(CompatibleType && val) noexcept(noexcept( // NOLINT(bugprone-forwarding-reference-overload,bugprone-exception-escape)
[build]       |     ^
[build] C:\Users\pperv\code\unnamed_rpg\vendor\json\include\nlohmann/detail/input/json_sax.hpp(579,27): note: in instantiation of function template specialization 'nlohmann::basic_json<>::basic_json<std::basic_string<char> &, std::basic_string<char>, 0>' requested here
[build]   579 |         BasicJsonType k = BasicJsonType(val);
[build]       |                           ^
[build] C:\Users\pperv\code\unnamed_rpg\vendor\json\include\nlohmann/detail/input/parser.hpp(221,56): note: in instantiation of member function 'nlohmann::detail::json_sax_dom_callback_parser<nlohmann::basic_json<>, nlohmann::detail::iterator_input_adapter<const char *>>::key' requested here
[build]   221 |                         if (JSON_HEDLEY_UNLIKELY(!sax->key(m_lexer.get_string())))
[build]       |                                                        ^
[build] C:\Users\pperv\code\unnamed_rpg\vendor\json\include\nlohmann/thirdparty/hedley/hedley.hpp(1360,94): note: expanded from macro 'JSON_HEDLEY_UNLIKELY'
[build]  1360 | #  define JSON_HEDLEY_UNLIKELY(expr)                    __builtin_expect                 (!!(expr),    0                  )
[build]       |                                                                                              ^
[build] C:\Users\pperv\code\unnamed_rpg\vendor\json\include\nlohmann/detail/input/parser.hpp(100,13): note: in instantiation of function template specialization 'nlohmann::detail::parser<nlohmann::basic_json<>, nlohmann::detail::iterator_input_adapter<const char *>>::sax_parse_internal<nlohmann::detail::json_sax_dom_callback_parser<nlohmann::basic_json<>, nlohmann::detail::iterator_input_adapter<const char *>>>' requested here
[build]   100 |             sax_parse_internal(&sdp);
[build]       |             ^
[build] C:\Users\pperv\code\unnamed_rpg\vendor\json\include\nlohmann/json.hpp(4112,148): note: in instantiation of member function 'nlohmann::detail::parser<nlohmann::basic_json<>, nlohmann::detail::iterator_input_adapter<const char *>>::parse' requested here
[build]  4112 |         parser(detail::input_adapter(std::move(first), std::move(last)), std::move(cb), allow_exceptions, ignore_comments, ignore_trailing_commas).parse(true, result); // cppcheck-suppress[accessMoved]
[build]       |                                                                                                                                                    ^
[build] C:\Users\pperv\code\unnamed_rpg\vendor\json\include\nlohmann/json.hpp(5294,28): note: in instantiation of function template specialization 'nlohmann::basic_json<>::parse<const char *, const char *, 0>' requested here
[build]  5294 |     return nlohmann::json::parse(s, s + n);
[build]       |                            ^
[build] C:\Users\pperv\code\unnamed_rpg\vendor\json\include\nlohmann/json.hpp(4281,30): warning: constructor call from initializer list is incompatible with C++98 [-Wc++98-compat]
[build]  4281 |         json_value m_value = {};
[build]       |                              ^~
[build] C:\Users\pperv\code\unnamed_rpg\vendor\json\include\nlohmann/json.hpp(4294,9): note: in instantiation of default member initializer 'nlohmann::basic_json<>::data::m_value' requested here
[build]  4294 |         data() noexcept = default;
[build]       |         ^
[build] C:\Users\pperv\code\unnamed_rpg\vendor\json\include\nlohmann/json.hpp(4306,19): note: in defaulted default constructor for 'nlohmann::basic_json<>::data' first required here
[build]  4306 |     data m_data = {}; // NOLINT(readability-redundant-member-init)
[build]       |                   ^
[build] C:\Users\pperv\code\unnamed_rpg\vendor\json\include\nlohmann/json.hpp(868,5): note: in instantiation of default member initializer 'nlohmann::basic_json<>::m_data' requested here
[build]   868 |     basic_json(CompatibleType && val) noexcept(noexcept( // NOLINT(bugprone-forwarding-reference-overload,bugprone-exception-escape)
[build]       |     ^
[build] C:\Users\pperv\code\unnamed_rpg\vendor\json\include\nlohmann/detail/input/json_sax.hpp(579,27): note: in instantiation of function template specialization 'nlohmann::basic_json<>::basic_json<std::basic_string<char> &, std::basic_string<char>, 0>' requested here
[build]   579 |         BasicJsonType k = BasicJsonType(val);
[build]       |                           ^
[build] C:\Users\pperv\code\unnamed_rpg\vendor\json\include\nlohmann/detail/input/parser.hpp(221,56): note: in instantiation of member function 'nlohmann::detail::json_sax_dom_callback_parser<nlohmann::basic_json<>, nlohmann::detail::iterator_input_adapter<const char *>>::key' requested here
[build]   221 |                         if (JSON_HEDLEY_UNLIKELY(!sax->key(m_lexer.get_string())))
[build]       |                                                        ^
[build] C:\Users\pperv\code\unnamed_rpg\vendor\json\include\nlohmann/thirdparty/hedley/hedley.hpp(1360,94): note: expanded from macro 'JSON_HEDLEY_UNLIKELY'
[build]  1360 | #  define JSON_HEDLEY_UNLIKELY(expr)                    __builtin_expect                 (!!(expr),    0                  )
[build]       |                                                                                              ^
[build] C:\Users\pperv\code\unnamed_rpg\vendor\json\include\nlohmann/detail/input/parser.hpp(100,13): note: in instantiation of function template specialization 'nlohmann::detail::parser<nlohmann::basic_json<>, nlohmann::detail::iterator_input_adapter<const char *>>::sax_parse_internal<nlohmann::detail::json_sax_dom_callback_parser<nlohmann::basic_json<>, nlohmann::detail::iterator_input_adapter<const char *>>>' requested here
[build]   100 |             sax_parse_internal(&sdp);
[build]       |             ^
[build] C:\Users\pperv\code\unnamed_rpg\vendor\json\include\nlohmann/json.hpp(4112,148): note: in instantiation of member function 'nlohmann::detail::parser<nlohmann::basic_json<>, nlohmann::detail::iterator_input_adapter<const char *>>::parse' requested here
[build]  4112 |         parser(detail::input_adapter(std::move(first), std::move(last)), std::move(cb), allow_exceptions, ignore_comments, ignore_trailing_commas).parse(true, result); // cppcheck-suppress[accessMoved]
[build]       |                                                                                                                                                    ^
[build] C:\Users\pperv\code\unnamed_rpg\vendor\json\include\nlohmann/json.hpp(5294,28): note: in instantiation of function template specialization 'nlohmann::basic_json<>::parse<const char *, const char *, 0>' requested here
[build]  5294 |     return nlohmann::json::parse(s, s + n);
[build]       |                            ^
[build] In file included from C:\Users\pperv\code\unnamed_rpg\vendor\json-schema-validator\src\json-patch.cpp:1:
[build] In file included from C:\Users\pperv\code\unnamed_rpg\vendor\json-schema-validator\src\json-patch.hpp:3:
[build] In file included from C:\Users\pperv\code\unnamed_rpg\vendor\json\include\nlohmann/json.hpp:44:
[build] In file included from C:\Users\pperv\code\unnamed_rpg\vendor\json\include\nlohmann/adl_serializer.hpp:15:
[build] C:\Users\pperv\code\unnamed_rpg\vendor\json\include\nlohmann/detail/conversions/to_json.hpp(327,26): warning: enumeration type in nested name specifier is incompatible with C++98 [-Wc++98-compat]
[build]   327 |     external_constructor<value_t::string>::construct(j, s);
[build]       |                          ^
[build] C:\Users\pperv\code\unnamed_rpg\vendor\json\include\nlohmann/adl_serializer.hpp(51,9): note: in instantiation of function template specialization 'nlohmann::detail::to_json_fn::operator()<nlohmann::basic_json<>, std::basic_string<char> &>' requested here
[build]    51 |         ::nlohmann::to_json(j, std::forward<TargetType>(val));
[build]       |         ^
[build] C:\Users\pperv\code\unnamed_rpg\vendor\json\include\nlohmann/json.hpp(872,28): note: in instantiation of function template specialization 'nlohmann::adl_serializer<std::basic_string<char>>::to_json<nlohmann::basic_json<>, std::basic_string<char> &>' requested here
[build]   872 |         JSONSerializer<U>::to_json(*this, std::forward<CompatibleType>(val));
[build]       |                            ^
[build] C:\Users\pperv\code\unnamed_rpg\vendor\json\include\nlohmann/detail/input/json_sax.hpp(579,27): note: in instantiation of function template specialization 'nlohmann::basic_json<>::basic_json<std::basic_string<char> &, std::basic_string<char>, 0>' requested here
[build]   579 |         BasicJsonType k = BasicJsonType(val);
[build]       |                           ^
[build] C:\Users\pperv\code\unnamed_rpg\vendor\json\include\nlohmann/detail/input/parser.hpp(221,56): note: in instantiation of member function 'nlohmann::detail::json_sax_dom_callback_parser<nlohmann::basic_json<>, nlohmann::detail::iterator_input_adapter<const char *>>::key' requested here
[build]   221 |                         if (JSON_HEDLEY_UNLIKELY(!sax->key(m_lexer.get_string())))
[build]       |                                                        ^
[build] C:\Users\pperv\code\unnamed_rpg\vendor\json\include\nlohmann/thirdparty/hedley/hedley.hpp(1360,94): note: expanded from macro 'JSON_HEDLEY_UNLIKELY'
[build]  1360 | #  define JSON_HEDLEY_UNLIKELY(expr)                    __builtin_expect                 (!!(expr),    0                  )
[build]       |                                                                                              ^
[build] C:\Users\pperv\code\unnamed_rpg\vendor\json\include\nlohmann/detail/input/parser.hpp(100,13): note: in instantiation of function template specialization 'nlohmann::detail::parser<nlohmann::basic_json<>, nlohmann::detail::iterator_input_adapter<const char *>>::sax_parse_internal<nlohmann::detail::json_sax_dom_callback_parser<nlohmann::basic_json<>, nlohmann::detail::iterator_input_adapter<const char *>>>' requested here
[build]   100 |             sax_parse_internal(&sdp);
[build]       |             ^
[build] C:\Users\pperv\code\unnamed_rpg\vendor\json\include\nlohmann/json.hpp(4112,148): note: in instantiation of member function 'nlohmann::detail::parser<nlohmann::basic_json<>, nlohmann::detail::iterator_input_adapter<const char *>>::parse' requested here
[build]  4112 |         parser(detail::input_adapter(std::move(first), std::move(last)), std::move(cb), allow_exceptions, ignore_comments, ignore_trailing_commas).parse(true, result); // cppcheck-suppress[accessMoved]
[build]       |                                                                                                                                                    ^
[build] C:\Users\pperv\code\unnamed_rpg\vendor\json\include\nlohmann/json.hpp(5294,28): note: in instantiation of function template specialization 'nlohmann::basic_json<>::parse<const char *, const char *, 0>' requested here
[build]  5294 |     return nlohmann::json::parse(s, s + n);
[build]       |                            ^
[build] In file included from C:\Users\pperv\code\unnamed_rpg\vendor\json-schema-validator\src\json-patch.cpp:1:
[build] In file included from C:\Users\pperv\code\unnamed_rpg\vendor\json-schema-validator\src\json-patch.hpp:3:
[build] In file included from C:\Users\pperv\code\unnamed_rpg\vendor\json\include\nlohmann/json.hpp:44:
[build] In file included from C:\Users\pperv\code\unnamed_rpg\vendor\json\include\nlohmann/adl_serializer.hpp:15:
[build] C:\Users\pperv\code\unnamed_rpg\vendor\json\include\nlohmann/detail/conversions/to_json.hpp(69,27): warning: enumeration type in nested name specifier is incompatible with C++98 [-Wc++98-compat]
[build]    69 |         j.m_data.m_type = value_t::string;
[build]       |                           ^
[build] C:\Users\pperv\code\unnamed_rpg\vendor\json\include\nlohmann/detail/conversions/to_json.hpp(516,16): note: in instantiation of function template specialization 'nlohmann::detail::to_json<nlohmann::basic_json<>, std::basic_string<char>, 0>' requested here
[build]   516 |         return to_json(j, std::forward<T>(val));
[build]       |                ^
[build] C:\Users\pperv\code\unnamed_rpg\vendor\json\include\nlohmann/adl_serializer.hpp(51,9): note: in instantiation of function template specialization 'nlohmann::detail::to_json_fn::operator()<nlohmann::basic_json<>, std::basic_string<char> &>' requested here
[build]    51 |         ::nlohmann::to_json(j, std::forward<TargetType>(val));
[build]       |         ^
[build] C:\Users\pperv\code\unnamed_rpg\vendor\json\include\nlohmann/json.hpp(872,28): note: in instantiation of function template specialization 'nlohmann::adl_serializer<std::basic_string<char>>::to_json<nlohmann::basic_json<>, std::basic_string<char> &>' requested here
[build]   872 |         JSONSerializer<U>::to_json(*this, std::forward<CompatibleType>(val));
[build]       |                            ^
[build] C:\Users\pperv\code\unnamed_rpg\vendor\json\include\nlohmann/detail/input/json_sax.hpp(579,27): note: in instantiation of function template specialization 'nlohmann::basic_json<>::basic_json<std::basic_string<char> &, std::basic_string<char>, 0>' requested here
[build]   579 |         BasicJsonType k = BasicJsonType(val);
[build]       |                           ^
[build] C:\Users\pperv\code\unnamed_rpg\vendor\json\include\nlohmann/detail/input/parser.hpp(221,56): note: in instantiation of member function 'nlohmann::detail::json_sax_dom_callback_parser<nlohmann::basic_json<>, nlohmann::detail::iterator_input_adapter<const char *>>::key' requested here
[build]   221 |                         if (JSON_HEDLEY_UNLIKELY(!sax->key(m_lexer.get_string())))
[build]       |                                                        ^
[build] C:\Users\pperv\code\unnamed_rpg\vendor\json\include\nlohmann/thirdparty/hedley/hedley.hpp(1360,94): note: expanded from macro 'JSON_HEDLEY_UNLIKELY'
[build]  1360 | #  define JSON_HEDLEY_UNLIKELY(expr)                    __builtin_expect                 (!!(expr),    0                  )
[build]       |                                                                                              ^
[build] C:\Users\pperv\code\unnamed_rpg\vendor\json\include\nlohmann/detail/input/parser.hpp(100,13): note: in instantiation of function template specialization 'nlohmann::detail::parser<nlohmann::basic_json<>, nlohmann::detail::iterator_input_adapter<const char *>>::sax_parse_internal<nlohmann::detail::json_sax_dom_callback_parser<nlohmann::basic_json<>, nlohmann::detail::iterator_input_adapter<const char *>>>' requested here
[build]   100 |             sax_parse_internal(&sdp);
[build]       |             ^
[build] C:\Users\pperv\code\unnamed_rpg\vendor\json\include\nlohmann/json.hpp(4112,148): note: in instantiation of member function 'nlohmann::detail::parser<nlohmann::basic_json<>, nlohmann::detail::iterator_input_adapter<const char *>>::parse' requested here
[build]  4112 |         parser(detail::input_adapter(std::move(first), std::move(last)), std::move(cb), allow_exceptions, ignore_comments, ignore_trailing_commas).parse(true, result); // cppcheck-suppress[accessMoved]
[build]       |                                                                                                                                                    ^
[build] C:\Users\pperv\code\unnamed_rpg\vendor\json\include\nlohmann/json.hpp(5294,28): note: in instantiation of function template specialization 'nlohmann::basic_json<>::parse<const char *, const char *, 0>' requested here
[build]  5294 |     return nlohmann::json::parse(s, s + n);
[build]       |                            ^
[build] In file included from C:\Users\pperv\code\unnamed_rpg\vendor\json-schema-validator\src\json-patch.cpp:1:
[build] In file included from C:\Users\pperv\code\unnamed_rpg\vendor\json-schema-validator\src\json-patch.hpp:3:
[build] In file included from C:\Users\pperv\code\unnamed_rpg\vendor\json\include\nlohmann/json.hpp:44:
[build] In file included from C:\Users\pperv\code\unnamed_rpg\vendor\json\include\nlohmann/adl_serializer.hpp:15:
[build] C:\Users\pperv\code\unnamed_rpg\vendor\json\include\nlohmann/detail/conversions/to_json.hpp(69,27): warning: enumeration type in nested name specifier is incompatible with C++98 [-Wc++98-compat]
[build]    69 |         j.m_data.m_type = value_t::string;
[build]       |                           ^
[build] C:\Users\pperv\code\unnamed_rpg\vendor\json\include\nlohmann/detail/conversions/to_json.hpp(327,44): note: in instantiation of function template specialization 'nlohmann::detail::external_constructor<nlohmann::detail::value_t::string>::construct<nlohmann::basic_json<>>' requested here
[build]   327 |     external_constructor<value_t::string>::construct(j, s);
[build]       |                                            ^
[build] C:\Users\pperv\code\unnamed_rpg\vendor\json\include\nlohmann/detail/conversions/to_json.hpp(516,16): note: in instantiation of function template specialization 'nlohmann::detail::to_json<nlohmann::basic_json<>, std::basic_string<char>, 0>' requested here
[build]   516 |         return to_json(j, std::forward<T>(val));
[build]       |                ^
[build] C:\Users\pperv\code\unnamed_rpg\vendor\json\include\nlohmann/adl_serializer.hpp(51,9): note: in instantiation of function template specialization 'nlohmann::detail::to_json_fn::operator()<nlohmann::basic_json<>, std::basic_string<char> &>' requested here
[build]    51 |         ::nlohmann::to_json(j, std::forward<TargetType>(val));
[build]       |         ^
[build] C:\Users\pperv\code\unnamed_rpg\vendor\json\include\nlohmann/json.hpp(872,28): note: in instantiation of function template specialization 'nlohmann::adl_serializer<std::basic_string<char>>::to_json<nlohmann::basic_json<>, std::basic_string<char> &>' requested here
[build]   872 |         JSONSerializer<U>::to_json(*this, std::forward<CompatibleType>(val));
[build]       |                            ^
[build] C:\Users\pperv\code\unnamed_rpg\vendor\json\include\nlohmann/detail/input/json_sax.hpp(579,27): note: in instantiation of function template specialization 'nlohmann::basic_json<>::basic_json<std::basic_string<char> &, std::basic_string<char>, 0>' requested here
[build]   579 |         BasicJsonType k = BasicJsonType(val);
[build]       |                           ^
[build] C:\Users\pperv\code\unnamed_rpg\vendor\json\include\nlohmann/detail/input/parser.hpp(221,56): note: in instantiation of member function 'nlohmann::detail::json_sax_dom_callback_parser<nlohmann::basic_json<>, nlohmann::detail::iterator_input_adapter<const char *>>::key' requested here
[build]   221 |                         if (JSON_HEDLEY_UNLIKELY(!sax->key(m_lexer.get_string())))
[build]       |                                                        ^
[build] C:\Users\pperv\code\unnamed_rpg\vendor\json\include\nlohmann/thirdparty/hedley/hedley.hpp(1360,94): note: expanded from macro 'JSON_HEDLEY_UNLIKELY'
[build]  1360 | #  define JSON_HEDLEY_UNLIKELY(expr)                    __builtin_expect                 (!!(expr),    0                  )
[build]       |                                                                                              ^
[build] C:\Users\pperv\code\unnamed_rpg\vendor\json\include\nlohmann/detail/input/parser.hpp(100,13): note: in instantiation of function template specialization 'nlohmann::detail::parser<nlohmann::basic_json<>, nlohmann::detail::iterator_input_adapter<const char *>>::sax_parse_internal<nlohmann::detail::json_sax_dom_callback_parser<nlohmann::basic_json<>, nlohmann::detail::iterator_input_adapter<const char *>>>' requested here
[build]   100 |             sax_parse_internal(&sdp);
[build]       |             ^
[build] C:\Users\pperv\code\unnamed_rpg\vendor\json\include\nlohmann/json.hpp(4112,148): note: in instantiation of member function 'nlohmann::detail::parser<nlohmann::basic_json<>, nlohmann::detail::iterator_input_adapter<const char *>>::parse' requested here
[build]  4112 |         parser(detail::input_adapter(std::move(first), std::move(last)), std::move(cb), allow_exceptions, ignore_comments, ignore_trailing_commas).parse(true, result); // cppcheck-suppress[accessMoved]
[build]       |                                                                                                                                                    ^
[build] C:\Users\pperv\code\unnamed_rpg\vendor\json\include\nlohmann/json.hpp(5294,28): note: in instantiation of function template specialization 'nlohmann::basic_json<>::parse<const char *, const char *, 0>' requested here
[build]  5294 |     return nlohmann::json::parse(s, s + n);
[build]       |                            ^
[build] C:\Users\pperv\code\unnamed_rpg\vendor\json\include\nlohmann/json.hpp(420,28): warning: local type '(lambda at C:\Users\pperv\code\unnamed_rpg\vendor\json\include\nlohmann\json.hpp:416:24)' as template argument is incompatible with C++98 [-Wc++98-compat-local-type-template-args]
[build]   420 |         std::unique_ptr<T, decltype(deleter)> obj(AllocatorTraits::allocate(alloc, 1), deleter);
[build]       |                            ^~~~~~~~~~~~~~~~~
[build] C:\Users\pperv\code\unnamed_rpg\vendor\json\include\nlohmann/json.hpp(558,52): note: in instantiation of function template specialization 'nlohmann::basic_json<>::create<std::basic_string<char>, const std::basic_string<char> &>' requested here
[build]   558 |         json_value(const string_t& value) : string(create<string_t>(value)) {}
[build]       |                                                    ^
[build] C:\Users\pperv\code\unnamed_rpg\vendor\json\include\nlohmann/detail/conversions/to_json.hpp(70,28): note: in instantiation of member function 'nlohmann::basic_json<>::json_value::json_value' requested here
[build]    70 |         j.m_data.m_value = s;
[build]       |                            ^
[build] C:\Users\pperv\code\unnamed_rpg\vendor\json\include\nlohmann/detail/conversions/to_json.hpp(327,44): note: in instantiation of function template specialization 'nlohmann::detail::external_constructor<nlohmann::detail::value_t::string>::construct<nlohmann::basic_json<>>' requested here
[build]   327 |     external_constructor<value_t::string>::construct(j, s);
[build]       |                                            ^
[build] C:\Users\pperv\code\unnamed_rpg\vendor\json\include\nlohmann/detail/conversions/to_json.hpp(516,16): note: in instantiation of function template specialization 'nlohmann::detail::to_json<nlohmann::basic_json<>, std::basic_string<char>, 0>' requested here
[build]   516 |         return to_json(j, std::forward<T>(val));
[build]       |                ^
[build] C:\Users\pperv\code\unnamed_rpg\vendor\json\include\nlohmann/adl_serializer.hpp(51,9): note: in instantiation of function template specialization 'nlohmann::detail::to_json_fn::operator()<nlohmann::basic_json<>, std::basic_string<char> &>' requested here
[build]    51 |         ::nlohmann::to_json(j, std::forward<TargetType>(val));
[build]       |         ^
[build] C:\Users\pperv\code\unnamed_rpg\vendor\json\include\nlohmann/json.hpp(872,28): note: (skipping 1 context in backtrace; use -ftemplate-backtrace-limit=0 to see all)
[build]   872 |         JSONSerializer<U>::to_json(*this, std::forward<CompatibleType>(val));
[build]       |                            ^
[build] C:\Users\pperv\code\unnamed_rpg\vendor\json\include\nlohmann/detail/input/json_sax.hpp(579,27): note: in instantiation of function template specialization 'nlohmann::basic_json<>::basic_json<std::basic_string<char> &, std::basic_string<char>, 0>' requested here
[build]   579 |         BasicJsonType k = BasicJsonType(val);
[build]       |                           ^
[build] C:\Users\pperv\code\unnamed_rpg\vendor\json\include\nlohmann/detail/input/parser.hpp(221,56): note: in instantiation of member function 'nlohmann::detail::json_sax_dom_callback_parser<nlohmann::basic_json<>, nlohmann::detail::iterator_input_adapter<const char *>>::key' requested here
[build]   221 |                         if (JSON_HEDLEY_UNLIKELY(!sax->key(m_lexer.get_string())))
[build]       |                                                        ^
[build] C:\Users\pperv\code\unnamed_rpg\vendor\json\include\nlohmann/thirdparty/hedley/hedley.hpp(1360,94): note: expanded from macro 'JSON_HEDLEY_UNLIKELY'
[build]  1360 | #  define JSON_HEDLEY_UNLIKELY(expr)                    __builtin_expect                 (!!(expr),    0                  )
[build]       |                                                                                              ^
[build] C:\Users\pperv\code\unnamed_rpg\vendor\json\include\nlohmann/detail/input/parser.hpp(100,13): note: in instantiation of function template specialization 'nlohmann::detail::parser<nlohmann::basic_json<>, nlohmann::detail::iterator_input_adapter<const char *>>::sax_parse_internal<nlohmann::detail::json_sax_dom_callback_parser<nlohmann::basic_json<>, nlohmann::detail::iterator_input_adapter<const char *>>>' requested here
[build]   100 |             sax_parse_internal(&sdp);
[build]       |             ^
[build] C:\Users\pperv\code\unnamed_rpg\vendor\json\include\nlohmann/json.hpp(4112,148): note: in instantiation of member function 'nlohmann::detail::parser<nlohmann::basic_json<>, nlohmann::detail::iterator_input_adapter<const char *>>::parse' requested here
[build]  4112 |         parser(detail::input_adapter(std::move(first), std::move(last)), std::move(cb), allow_exceptions, ignore_comments, ignore_trailing_commas).parse(true, result); // cppcheck-suppress[accessMoved]
[build]       |                                                                                                                                                    ^
[build] C:\Users\pperv\code\unnamed_rpg\vendor\json\include\nlohmann/json.hpp(5294,28): note: in instantiation of function template specialization 'nlohmann::basic_json<>::parse<const char *, const char *, 0>' requested here
[build]  5294 |     return nlohmann::json::parse(s, s + n);
[build]       |                            ^
[build] In file included from C:\Users\pperv\code\unnamed_rpg\vendor\json-schema-validator\src\json-patch.cpp:1:
[build] In file included from C:\Users\pperv\code\unnamed_rpg\vendor\json-schema-validator\src\json-patch.hpp:3:
[build] In file included from C:\Users\pperv\code\unnamed_rpg\vendor\json\include\nlohmann/json.hpp:50:
[build] In file included from C:\Users\pperv\code\unnamed_rpg\vendor\json\include\nlohmann/detail/input/binary_reader.hpp:29:
[build] C:\Users\pperv\code\unnamed_rpg\vendor\json\include\nlohmann/detail/input/json_sax.hpp(642,9): warning: 'auto' type specifier is incompatible with C++98 [-Wc++98-compat]
[build]   642 |         auto val = handle_value(BasicJsonType::value_t::array, true);
[build]       |         ^~~~
[build] C:\Users\pperv\code\unnamed_rpg\vendor\json\include\nlohmann/detail/input/parser.hpp(100,13): note: in instantiation of function template specialization 'nlohmann::detail::parser<nlohmann::basic_json<>, nlohmann::detail::iterator_input_adapter<const char *>>::sax_parse_internal<nlohmann::detail::json_sax_dom_callback_parser<nlohmann::basic_json<>, nlohmann::detail::iterator_input_adapter<const char *>>>' requested here
[build]   100 |             sax_parse_internal(&sdp);
[build]       |             ^
[build] C:\Users\pperv\code\unnamed_rpg\vendor\json\include\nlohmann/json.hpp(4112,148): note: in instantiation of member function 'nlohmann::detail::parser<nlohmann::basic_json<>, nlohmann::detail::iterator_input_adapter<const char *>>::parse' requested here
[build]  4112 |         parser(detail::input_adapter(std::move(first), std::move(last)), std::move(cb), allow_exceptions, ignore_comments, ignore_trailing_commas).parse(true, result); // cppcheck-suppress[accessMoved]
[build]       |                                                                                                                                                    ^
[build] C:\Users\pperv\code\unnamed_rpg\vendor\json\include\nlohmann/json.hpp(5294,28): note: in instantiation of function template specialization 'nlohmann::basic_json<>::parse<const char *, const char *, 0>' requested here
[build]  5294 |     return nlohmann::json::parse(s, s + n);
[build]       |                            ^
[build] In file included from C:\Users\pperv\code\unnamed_rpg\vendor\json-schema-validator\src\json-patch.cpp:1:
[build] In file included from C:\Users\pperv\code\unnamed_rpg\vendor\json-schema-validator\src\json-patch.hpp:3:
[build] In file included from C:\Users\pperv\code\unnamed_rpg\vendor\json\include\nlohmann/json.hpp:50:
[build] In file included from C:\Users\pperv\code\unnamed_rpg\vendor\json\include\nlohmann/detail/input/binary_reader.hpp:29:
[build] C:\Users\pperv\code\unnamed_rpg\vendor\json\include\nlohmann/detail/input/json_sax.hpp(639,72): warning: enumeration type in nested name specifier is incompatible with C++98 [-Wc++98-compat]
[build]   639 |         const bool keep = callback(static_cast<int>(ref_stack.size()), parse_event_t::array_start, discarded);
[build]       |                                                                        ^
[build] C:\Users\pperv\code\unnamed_rpg\vendor\json\include\nlohmann/detail/input/parser.hpp(244,56): note: in instantiation of member function 'nlohmann::detail::json_sax_dom_callback_parser<nlohmann::basic_json<>, nlohmann::detail::iterator_input_adapter<const char *>>::start_array' requested here
[build]   244 |                         if (JSON_HEDLEY_UNLIKELY(!sax->start_array(detail::unknown_size())))
[build]       |                                                        ^
[build] C:\Users\pperv\code\unnamed_rpg\vendor\json\include\nlohmann/thirdparty/hedley/hedley.hpp(1360,94): note: expanded from macro 'JSON_HEDLEY_UNLIKELY'
[build]  1360 | #  define JSON_HEDLEY_UNLIKELY(expr)                    __builtin_expect                 (!!(expr),    0                  )
[build]       |                                                                                              ^
[build] C:\Users\pperv\code\unnamed_rpg\vendor\json\include\nlohmann/detail/input/parser.hpp(100,13): note: in instantiation of function template specialization 'nlohmann::detail::parser<nlohmann::basic_json<>, nlohmann::detail::iterator_input_adapter<const char *>>::sax_parse_internal<nlohmann::detail::json_sax_dom_callback_parser<nlohmann::basic_json<>, nlohmann::detail::iterator_input_adapter<const char *>>>' requested here
[build]   100 |             sax_parse_internal(&sdp);
[build]       |             ^
[build] C:\Users\pperv\code\unnamed_rpg\vendor\json\include\nlohmann/json.hpp(4112,148): note: in instantiation of member function 'nlohmann::detail::parser<nlohmann::basic_json<>, nlohmann::detail::iterator_input_adapter<const char *>>::parse' requested here
[build]  4112 |         parser(detail::input_adapter(std::move(first), std::move(last)), std::move(cb), allow_exceptions, ignore_comments, ignore_trailing_commas).parse(true, result); // cppcheck-suppress[accessMoved]
[build]       |                                                                                                                                                    ^
[build] C:\Users\pperv\code\unnamed_rpg\vendor\json\include\nlohmann/json.hpp(5294,28): note: in instantiation of function template specialization 'nlohmann::basic_json<>::parse<const char *, const char *, 0>' requested here
[build]  5294 |     return nlohmann::json::parse(s, s + n);
[build]       |                            ^
[build] In file included from C:\Users\pperv\code\unnamed_rpg\vendor\json-schema-validator\src\json-patch.cpp:1:
[build] In file included from C:\Users\pperv\code\unnamed_rpg\vendor\json-schema-validator\src\json-patch.hpp:3:
[build] In file included from C:\Users\pperv\code\unnamed_rpg\vendor\json\include\nlohmann/json.hpp:50:
[build] In file included from C:\Users\pperv\code\unnamed_rpg\vendor\json\include\nlohmann/detail/input/binary_reader.hpp:29:
[build] C:\Users\pperv\code\unnamed_rpg\vendor\json\include\nlohmann/detail/input/json_sax.hpp(672,49): warning: 'nullptr' is incompatible with C++98 [-Wc++98-compat]
[build]   672 |         const bool stored = ref_stack.back() != nullptr;
[build]       |                                                 ^
[build] C:\Users\pperv\code\unnamed_rpg\vendor\json\include\nlohmann/detail/input/json_sax.hpp(676,69): warning: enumeration type in nested name specifier is incompatible with C++98 [-Wc++98-compat]
[build]   676 |             keep = callback(static_cast<int>(ref_stack.size()) - 1, parse_event_t::array_end, *ref_stack.back());
[build]       |                                                                     ^
[build] C:\Users\pperv\code\unnamed_rpg\vendor\json\include\nlohmann/detail/input/parser.hpp(252,60): note: in instantiation of member function 'nlohmann::detail::json_sax_dom_callback_parser<nlohmann::basic_json<>, nlohmann::detail::iterator_input_adapter<const char *>>::end_array' requested here
[build]   252 |                             if (JSON_HEDLEY_UNLIKELY(!sax->end_array()))
[build]       |                                                            ^
[build] C:\Users\pperv\code\unnamed_rpg\vendor\json\include\nlohmann/thirdparty/hedley/hedley.hpp(1360,94): note: expanded from macro 'JSON_HEDLEY_UNLIKELY'
[build]  1360 | #  define JSON_HEDLEY_UNLIKELY(expr)                    __builtin_expect                 (!!(expr),    0                  )
[build]       |                                                                                              ^
[build] C:\Users\pperv\code\unnamed_rpg\vendor\json\include\nlohmann/detail/input/parser.hpp(100,13): note: in instantiation of function template specialization 'nlohmann::detail::parser<nlohmann::basic_json<>, nlohmann::detail::iterator_input_adapter<const char *>>::sax_parse_internal<nlohmann::detail::json_sax_dom_callback_parser<nlohmann::basic_json<>, nlohmann::detail::iterator_input_adapter<const char *>>>' requested here
[build]   100 |             sax_parse_internal(&sdp);
[build]       |             ^
[build] C:\Users\pperv\code\unnamed_rpg\vendor\json\include\nlohmann/json.hpp(4112,148): note: in instantiation of member function 'nlohmann::detail::parser<nlohmann::basic_json<>, nlohmann::detail::iterator_input_adapter<const char *>>::parse' requested here
[build]  4112 |         parser(detail::input_adapter(std::move(first), std::move(last)), std::move(cb), allow_exceptions, ignore_comments, ignore_trailing_commas).parse(true, result); // cppcheck-suppress[accessMoved]
[build]       |                                                                                                                                                    ^
[build] C:\Users\pperv\code\unnamed_rpg\vendor\json\include\nlohmann/json.hpp(5294,28): note: in instantiation of function template specialization 'nlohmann::basic_json<>::parse<const char *, const char *, 0>' requested here
[build]  5294 |     return nlohmann::json::parse(s, s + n);
[build]       |                            ^
[build] In file included from C:\Users\pperv\code\unnamed_rpg\vendor\json-schema-validator\src\json-patch.cpp:1:
[build] In file included from C:\Users\pperv\code\unnamed_rpg\vendor\json-schema-validator\src\json-patch.hpp:3:
[build] In file included from C:\Users\pperv\code\unnamed_rpg\vendor\json\include\nlohmann/json.hpp:44:
[build] In file included from C:\Users\pperv\code\unnamed_rpg\vendor\json\include\nlohmann/adl_serializer.hpp:14:
[build] In file included from C:\Users\pperv\code\unnamed_rpg\vendor\json\include\nlohmann/detail/conversions/from_json.hpp:24:
[build] C:\Users\pperv\code\unnamed_rpg\vendor\json\include\nlohmann/detail/exceptions.hpp(261,16): warning: constructor call from initializer list is incompatible with C++98 [-Wc++98-compat]
[build]   261 |         return {id_, w.c_str()};
[build]       |                ^~~~~~~~~~~~~~~~
[build] C:\Users\pperv\code\unnamed_rpg\vendor\json\include\nlohmann/detail/input/parser.hpp(274,67): note: in instantiation of function template specialization 'nlohmann::detail::out_of_range::create<std::nullptr_t, 0>' requested here
[build]   274 |                                                     out_of_range::create(406, concat("number overflow parsing '", m_lexer.get_token_string(), '\''), nullptr));
[build]       |                                                                   ^
[build] C:\Users\pperv\code\unnamed_rpg\vendor\json\include\nlohmann/detail/input/parser.hpp(100,13): note: in instantiation of function template specialization 'nlohmann::detail::parser<nlohmann::basic_json<>, nlohmann::detail::iterator_input_adapter<const char *>>::sax_parse_internal<nlohmann::detail::json_sax_dom_callback_parser<nlohmann::basic_json<>, nlohmann::detail::iterator_input_adapter<const char *>>>' requested here
[build]   100 |             sax_parse_internal(&sdp);
[build]       |             ^
[build] C:\Users\pperv\code\unnamed_rpg\vendor\json\include\nlohmann/json.hpp(4112,148): note: in instantiation of member function 'nlohmann::detail::parser<nlohmann::basic_json<>, nlohmann::detail::iterator_input_adapter<const char *>>::parse' requested here
[build]  4112 |         parser(detail::input_adapter(std::move(first), std::move(last)), std::move(cb), allow_exceptions, ignore_comments, ignore_trailing_commas).parse(true, result); // cppcheck-suppress[accessMoved]
[build]       |                                                                                                                                                    ^
[build] C:\Users\pperv\code\unnamed_rpg\vendor\json\include\nlohmann/json.hpp(5294,28): note: in instantiation of function template specialization 'nlohmann::basic_json<>::parse<const char *, const char *, 0>' requested here
[build]  5294 |     return nlohmann::json::parse(s, s + n);
[build]       |                            ^
[build] In file included from C:\Users\pperv\code\unnamed_rpg\vendor\json-schema-validator\src\json-patch.cpp:1:
[build] In file included from C:\Users\pperv\code\unnamed_rpg\vendor\json-schema-validator\src\json-patch.hpp:3:
[build] In file included from C:\Users\pperv\code\unnamed_rpg\vendor\json\include\nlohmann/json.hpp:50:
[build] In file included from C:\Users\pperv\code\unnamed_rpg\vendor\json\include\nlohmann/detail/input/binary_reader.hpp:29:
[build] C:\Users\pperv\code\unnamed_rpg\vendor\json\include\nlohmann/detail/input/json_sax.hpp(849,20): warning: constructor call from initializer list is incompatible with C++98 [-Wc++98-compat]
[build]   849 |             return {false, nullptr};
[build]       |                    ^~~~~~~~~~~~~~~~
[build] C:\Users\pperv\code\unnamed_rpg\vendor\json\include\nlohmann/detail/input/json_sax.hpp(529,9): note: in instantiation of function template specialization 'nlohmann::detail::json_sax_dom_callback_parser<nlohmann::basic_json<>, nlohmann::detail::iterator_input_adapter<const char *>>::handle_value<double &>' requested here
[build]   529 |         handle_value(val);
[build]       |         ^
[build] C:\Users\pperv\code\unnamed_rpg\vendor\json\include\nlohmann/detail/input/parser.hpp(277,56): note: in instantiation of member function 'nlohmann::detail::json_sax_dom_callback_parser<nlohmann::basic_json<>, nlohmann::detail::iterator_input_adapter<const char *>>::number_float' requested here
[build]   277 |                         if (JSON_HEDLEY_UNLIKELY(!sax->number_float(res, m_lexer.get_string())))
[build]       |                                                        ^
[build] C:\Users\pperv\code\unnamed_rpg\vendor\json\include\nlohmann/thirdparty/hedley/hedley.hpp(1360,94): note: expanded from macro 'JSON_HEDLEY_UNLIKELY'
[build]  1360 | #  define JSON_HEDLEY_UNLIKELY(expr)                    __builtin_expect                 (!!(expr),    0                  )
[build]       |                                                                                              ^
[build] C:\Users\pperv\code\unnamed_rpg\vendor\json\include\nlohmann/detail/input/parser.hpp(100,13): note: in instantiation of function template specialization 'nlohmann::detail::parser<nlohmann::basic_json<>, nlohmann::detail::iterator_input_adapter<const char *>>::sax_parse_internal<nlohmann::detail::json_sax_dom_callback_parser<nlohmann::basic_json<>, nlohmann::detail::iterator_input_adapter<const char *>>>' requested here
[build]   100 |             sax_parse_internal(&sdp);
[build]       |             ^
[build] C:\Users\pperv\code\unnamed_rpg\vendor\json\include\nlohmann/json.hpp(4112,148): note: in instantiation of member function 'nlohmann::detail::parser<nlohmann::basic_json<>, nlohmann::detail::iterator_input_adapter<const char *>>::parse' requested here
[build]  4112 |         parser(detail::input_adapter(std::move(first), std::move(last)), std::move(cb), allow_exceptions, ignore_comments, ignore_trailing_commas).parse(true, result); // cppcheck-suppress[accessMoved]
[build]       |                                                                                                                                                    ^
[build] C:\Users\pperv\code\unnamed_rpg\vendor\json\include\nlohmann/json.hpp(5294,28): note: in instantiation of function template specialization 'nlohmann::basic_json<>::parse<const char *, const char *, 0>' requested here
[build]  5294 |     return nlohmann::json::parse(s, s + n);
[build]       |                            ^
[build] In file included from C:\Users\pperv\code\unnamed_rpg\vendor\json-schema-validator\src\json-patch.cpp:1:
[build] In file included from C:\Users\pperv\code\unnamed_rpg\vendor\json-schema-validator\src\json-patch.hpp:3:
[build] In file included from C:\Users\pperv\code\unnamed_rpg\vendor\json\include\nlohmann/json.hpp:50:
[build] In file included from C:\Users\pperv\code\unnamed_rpg\vendor\json\include\nlohmann/detail/input/binary_reader.hpp:29:
[build] C:\Users\pperv\code\unnamed_rpg\vendor\json\include\nlohmann/detail/input/json_sax.hpp(860,89): warning: enumeration type in nested name specifier is incompatible with C++98 [-Wc++98-compat]
[build]   860 |         const bool keep = skip_callback || callback(static_cast<int>(ref_stack.size()), parse_event_t::value, value);
[build]       |                                                                                         ^
[build] C:\Users\pperv\code\unnamed_rpg\vendor\json\include\nlohmann/detail/input/json_sax.hpp(877,20): warning: constructor call from initializer list is incompatible with C++98 [-Wc++98-compat]
[build]   877 |             return {false, nullptr};
[build]       |                    ^~~~~~~~~~~~~~~~
[build] C:\Users\pperv\code\unnamed_rpg\vendor\json\include\nlohmann/detail/input/json_sax.hpp(883,20): warning: constructor call from initializer list is incompatible with C++98 [-Wc++98-compat]
[build]   883 |             return {true, & root};
[build]       |                    ^~~~~~~~~~~~~~
[build] C:\Users\pperv\code\unnamed_rpg\vendor\json\include\nlohmann/detail/input/json_sax.hpp(890,20): warning: constructor call from initializer list is incompatible with C++98 [-Wc++98-compat]
[build]   890 |             return {false, nullptr};
[build]       |                    ^~~~~~~~~~~~~~~~
[build] C:\Users\pperv\code\unnamed_rpg\vendor\json\include\nlohmann/detail/input/json_sax.hpp(900,20): warning: constructor call from initializer list is incompatible with C++98 [-Wc++98-compat]
[build]   900 |             return {true, & (ref_stack.back()->m_data.m_value.array->back())};
[build]       |                    ^~~~~~~~~~~~~~~~~~~~~~~~~~~~~~~~~~~~~~~~~~~~~~~~~~~~~~~~~~
[build] C:\Users\pperv\code\unnamed_rpg\vendor\json\include\nlohmann/detail/input/json_sax.hpp(912,20): warning: constructor call from initializer list is incompatible with C++98 [-Wc++98-compat]
[build]   912 |             return {false, nullptr};
[build]       |                    ^~~~~~~~~~~~~~~~
[build] C:\Users\pperv\code\unnamed_rpg\vendor\json\include\nlohmann/detail/input/json_sax.hpp(917,16): warning: constructor call from initializer list is incompatible with C++98 [-Wc++98-compat]
[build]   917 |         return {true, object_element};
[build]       |                ^~~~~~~~~~~~~~~~~~~~~~
[build] In file included from C:\Users\pperv\code\unnamed_rpg\vendor\json-schema-validator\src\json-patch.cpp:1:
[build] In file included from C:\Users\pperv\code\unnamed_rpg\vendor\json-schema-validator\src\json-patch.hpp:3:
[build] In file included from C:\Users\pperv\code\unnamed_rpg\vendor\json\include\nlohmann/json.hpp:44:
[build] In file included from C:\Users\pperv\code\unnamed_rpg\vendor\json\include\nlohmann/adl_serializer.hpp:15:
[build] C:\Users\pperv\code\unnamed_rpg\vendor\json\include\nlohmann/detail/conversions/to_json.hpp(340,26): warning: enumeration type in nested name specifier is incompatible with C++98 [-Wc++98-compat]
[build]   340 |     external_constructor<value_t::number_float>::construct(j, static_cast<typename BasicJsonType::number_float_t>(val));
[build]       |                          ^
[build] C:\Users\pperv\code\unnamed_rpg\vendor\json\include\nlohmann/adl_serializer.hpp(51,9): note: in instantiation of function template specialization 'nlohmann::detail::to_json_fn::operator()<nlohmann::basic_json<>, double &>' requested here
[build]    51 |         ::nlohmann::to_json(j, std::forward<TargetType>(val));
[build]       |         ^
[build] C:\Users\pperv\code\unnamed_rpg\vendor\json\include\nlohmann/json.hpp(872,28): note: in instantiation of function template specialization 'nlohmann::adl_serializer<double>::to_json<nlohmann::basic_json<>, double &>' requested here
[build]   872 |         JSONSerializer<U>::to_json(*this, std::forward<CompatibleType>(val));
[build]       |                            ^
[build] C:\Users\pperv\code\unnamed_rpg\vendor\json\include\nlohmann/detail/input/json_sax.hpp(853,22): note: in instantiation of function template specialization 'nlohmann::basic_json<>::basic_json<double &, double, 0>' requested here
[build]   853 |         auto value = BasicJsonType(std::forward<Value>(v));
[build]       |                      ^
[build] C:\Users\pperv\code\unnamed_rpg\vendor\json\include\nlohmann/detail/input/json_sax.hpp(529,9): note: in instantiation of function template specialization 'nlohmann::detail::json_sax_dom_callback_parser<nlohmann::basic_json<>, nlohmann::detail::iterator_input_adapter<const char *>>::handle_value<double &>' requested here
[build]   529 |         handle_value(val);
[build]       |         ^
[build] C:\Users\pperv\code\unnamed_rpg\vendor\json\include\nlohmann/detail/input/parser.hpp(277,56): note: in instantiation of member function 'nlohmann::detail::json_sax_dom_callback_parser<nlohmann::basic_json<>, nlohmann::detail::iterator_input_adapter<const char *>>::number_float' requested here
[build]   277 |                         if (JSON_HEDLEY_UNLIKELY(!sax->number_float(res, m_lexer.get_string())))
[build]       |                                                        ^
[build] C:\Users\pperv\code\unnamed_rpg\vendor\json\include\nlohmann/thirdparty/hedley/hedley.hpp(1360,94): note: expanded from macro 'JSON_HEDLEY_UNLIKELY'
[build]  1360 | #  define JSON_HEDLEY_UNLIKELY(expr)                    __builtin_expect                 (!!(expr),    0                  )
[build]       |                                                                                              ^
[build] C:\Users\pperv\code\unnamed_rpg\vendor\json\include\nlohmann/detail/input/parser.hpp(100,13): note: in instantiation of function template specialization 'nlohmann::detail::parser<nlohmann::basic_json<>, nlohmann::detail::iterator_input_adapter<const char *>>::sax_parse_internal<nlohmann::detail::json_sax_dom_callback_parser<nlohmann::basic_json<>, nlohmann::detail::iterator_input_adapter<const char *>>>' requested here
[build]   100 |             sax_parse_internal(&sdp);
[build]       |             ^
[build] C:\Users\pperv\code\unnamed_rpg\vendor\json\include\nlohmann/json.hpp(4112,148): note: in instantiation of member function 'nlohmann::detail::parser<nlohmann::basic_json<>, nlohmann::detail::iterator_input_adapter<const char *>>::parse' requested here
[build]  4112 |         parser(detail::input_adapter(std::move(first), std::move(last)), std::move(cb), allow_exceptions, ignore_comments, ignore_trailing_commas).parse(true, result); // cppcheck-suppress[accessMoved]
[build]       |                                                                                                                                                    ^
[build] C:\Users\pperv\code\unnamed_rpg\vendor\json\include\nlohmann/json.hpp(5294,28): note: in instantiation of function template specialization 'nlohmann::basic_json<>::parse<const char *, const char *, 0>' requested here
[build]  5294 |     return nlohmann::json::parse(s, s + n);
[build]       |                            ^
[build] In file included from C:\Users\pperv\code\unnamed_rpg\vendor\json-schema-validator\src\json-patch.cpp:1:
[build] In file included from C:\Users\pperv\code\unnamed_rpg\vendor\json-schema-validator\src\json-patch.hpp:3:
[build] In file included from C:\Users\pperv\code\unnamed_rpg\vendor\json\include\nlohmann/json.hpp:44:
[build] In file included from C:\Users\pperv\code\unnamed_rpg\vendor\json\include\nlohmann/adl_serializer.hpp:15:
[build] C:\Users\pperv\code\unnamed_rpg\vendor\json\include\nlohmann/detail/conversions/to_json.hpp(124,27): warning: enumeration type in nested name specifier is incompatible with C++98 [-Wc++98-compat]
[build]   124 |         j.m_data.m_type = value_t::number_float;
[build]       |                           ^
[build] C:\Users\pperv\code\unnamed_rpg\vendor\json\include\nlohmann/detail/conversions/to_json.hpp(516,16): note: in instantiation of function template specialization 'nlohmann::detail::to_json<nlohmann::basic_json<>, double, 0>' requested here
[build]   516 |         return to_json(j, std::forward<T>(val));
[build]       |                ^
[build] C:\Users\pperv\code\unnamed_rpg\vendor\json\include\nlohmann/adl_serializer.hpp(51,9): note: in instantiation of function template specialization 'nlohmann::detail::to_json_fn::operator()<nlohmann::basic_json<>, double &>' requested here
[build]    51 |         ::nlohmann::to_json(j, std::forward<TargetType>(val));
[build]       |         ^
[build] C:\Users\pperv\code\unnamed_rpg\vendor\json\include\nlohmann/json.hpp(872,28): note: in instantiation of function template specialization 'nlohmann::adl_serializer<double>::to_json<nlohmann::basic_json<>, double &>' requested here
[build]   872 |         JSONSerializer<U>::to_json(*this, std::forward<CompatibleType>(val));
[build]       |                            ^
[build] C:\Users\pperv\code\unnamed_rpg\vendor\json\include\nlohmann/detail/input/json_sax.hpp(853,22): note: in instantiation of function template specialization 'nlohmann::basic_json<>::basic_json<double &, double, 0>' requested here
[build]   853 |         auto value = BasicJsonType(std::forward<Value>(v));
[build]       |                      ^
[build] C:\Users\pperv\code\unnamed_rpg\vendor\json\include\nlohmann/detail/input/json_sax.hpp(529,9): note: in instantiation of function template specialization 'nlohmann::detail::json_sax_dom_callback_parser<nlohmann::basic_json<>, nlohmann::detail::iterator_input_adapter<const char *>>::handle_value<double &>' requested here
[build]   529 |         handle_value(val);
[build]       |         ^
[build] C:\Users\pperv\code\unnamed_rpg\vendor\json\include\nlohmann/detail/input/parser.hpp(277,56): note: in instantiation of member function 'nlohmann::detail::json_sax_dom_callback_parser<nlohmann::basic_json<>, nlohmann::detail::iterator_input_adapter<const char *>>::number_float' requested here
[build]   277 |                         if (JSON_HEDLEY_UNLIKELY(!sax->number_float(res, m_lexer.get_string())))
[build]       |                                                        ^
[build] C:\Users\pperv\code\unnamed_rpg\vendor\json\include\nlohmann/thirdparty/hedley/hedley.hpp(1360,94): note: expanded from macro 'JSON_HEDLEY_UNLIKELY'
[build]  1360 | #  define JSON_HEDLEY_UNLIKELY(expr)                    __builtin_expect                 (!!(expr),    0                  )
[build]       |                                                                                              ^
[build] C:\Users\pperv\code\unnamed_rpg\vendor\json\include\nlohmann/detail/input/parser.hpp(100,13): note: in instantiation of function template specialization 'nlohmann::detail::parser<nlohmann::basic_json<>, nlohmann::detail::iterator_input_adapter<const char *>>::sax_parse_internal<nlohmann::detail::json_sax_dom_callback_parser<nlohmann::basic_json<>, nlohmann::detail::iterator_input_adapter<const char *>>>' requested here
[build]   100 |             sax_parse_internal(&sdp);
[build]       |             ^
[build] C:\Users\pperv\code\unnamed_rpg\vendor\json\include\nlohmann/json.hpp(4112,148): note: in instantiation of member function 'nlohmann::detail::parser<nlohmann::basic_json<>, nlohmann::detail::iterator_input_adapter<const char *>>::parse' requested here
[build]  4112 |         parser(detail::input_adapter(std::move(first), std::move(last)), std::move(cb), allow_exceptions, ignore_comments, ignore_trailing_commas).parse(true, result); // cppcheck-suppress[accessMoved]
[build]       |                                                                                                                                                    ^
[build] C:\Users\pperv\code\unnamed_rpg\vendor\json\include\nlohmann/json.hpp(5294,28): note: in instantiation of function template specialization 'nlohmann::basic_json<>::parse<const char *, const char *, 0>' requested here
[build]  5294 |     return nlohmann::json::parse(s, s + n);
[build]       |                            ^
[build] In file included from C:\Users\pperv\code\unnamed_rpg\vendor\json-schema-validator\src\json-patch.cpp:1:
[build] In file included from C:\Users\pperv\code\unnamed_rpg\vendor\json-schema-validator\src\json-patch.hpp:3:
[build] In file included from C:\Users\pperv\code\unnamed_rpg\vendor\json\include\nlohmann/json.hpp:44:
[build] In file included from C:\Users\pperv\code\unnamed_rpg\vendor\json\include\nlohmann/adl_serializer.hpp:15:
[build] C:\Users\pperv\code\unnamed_rpg\vendor\json\include\nlohmann/detail/conversions/to_json.hpp(124,27): warning: enumeration type in nested name specifier is incompatible with C++98 [-Wc++98-compat]
[build]   124 |         j.m_data.m_type = value_t::number_float;
[build]       |                           ^
[build] C:\Users\pperv\code\unnamed_rpg\vendor\json\include\nlohmann/detail/conversions/to_json.hpp(340,50): note: in instantiation of function template specialization 'nlohmann::detail::external_constructor<nlohmann::detail::value_t::number_float>::construct<nlohmann::basic_json<>>' requested here
[build]   340 |     external_constructor<value_t::number_float>::construct(j, static_cast<typename BasicJsonType::number_float_t>(val));
[build]       |                                                  ^
[build] C:\Users\pperv\code\unnamed_rpg\vendor\json\include\nlohmann/detail/conversions/to_json.hpp(516,16): note: in instantiation of function template specialization 'nlohmann::detail::to_json<nlohmann::basic_json<>, double, 0>' requested here
[build]   516 |         return to_json(j, std::forward<T>(val));
[build]       |                ^
[build] C:\Users\pperv\code\unnamed_rpg\vendor\json\include\nlohmann/adl_serializer.hpp(51,9): note: in instantiation of function template specialization 'nlohmann::detail::to_json_fn::operator()<nlohmann::basic_json<>, double &>' requested here
[build]    51 |         ::nlohmann::to_json(j, std::forward<TargetType>(val));
[build]       |         ^
[build] C:\Users\pperv\code\unnamed_rpg\vendor\json\include\nlohmann/json.hpp(872,28): note: in instantiation of function template specialization 'nlohmann::adl_serializer<double>::to_json<nlohmann::basic_json<>, double &>' requested here
[build]   872 |         JSONSerializer<U>::to_json(*this, std::forward<CompatibleType>(val));
[build]       |                            ^
[build] C:\Users\pperv\code\unnamed_rpg\vendor\json\include\nlohmann/detail/input/json_sax.hpp(853,22): note: in instantiation of function template specialization 'nlohmann::basic_json<>::basic_json<double &, double, 0>' requested here
[build]   853 |         auto value = BasicJsonType(std::forward<Value>(v));
[build]       |                      ^
[build] C:\Users\pperv\code\unnamed_rpg\vendor\json\include\nlohmann/detail/input/json_sax.hpp(529,9): note: in instantiation of function template specialization 'nlohmann::detail::json_sax_dom_callback_parser<nlohmann::basic_json<>, nlohmann::detail::iterator_input_adapter<const char *>>::handle_value<double &>' requested here
[build]   529 |         handle_value(val);
[build]       |         ^
[build] C:\Users\pperv\code\unnamed_rpg\vendor\json\include\nlohmann/detail/input/parser.hpp(277,56): note: in instantiation of member function 'nlohmann::detail::json_sax_dom_callback_parser<nlohmann::basic_json<>, nlohmann::detail::iterator_input_adapter<const char *>>::number_float' requested here
[build]   277 |                         if (JSON_HEDLEY_UNLIKELY(!sax->number_float(res, m_lexer.get_string())))
[build]       |                                                        ^
[build] C:\Users\pperv\code\unnamed_rpg\vendor\json\include\nlohmann/thirdparty/hedley/hedley.hpp(1360,94): note: expanded from macro 'JSON_HEDLEY_UNLIKELY'
[build]  1360 | #  define JSON_HEDLEY_UNLIKELY(expr)                    __builtin_expect                 (!!(expr),    0                  )
[build]       |                                                                                              ^
[build] C:\Users\pperv\code\unnamed_rpg\vendor\json\include\nlohmann/detail/input/parser.hpp(100,13): note: in instantiation of function template specialization 'nlohmann::detail::parser<nlohmann::basic_json<>, nlohmann::detail::iterator_input_adapter<const char *>>::sax_parse_internal<nlohmann::detail::json_sax_dom_callback_parser<nlohmann::basic_json<>, nlohmann::detail::iterator_input_adapter<const char *>>>' requested here
[build]   100 |             sax_parse_internal(&sdp);
[build]       |             ^
[build] C:\Users\pperv\code\unnamed_rpg\vendor\json\include\nlohmann/json.hpp(4112,148): note: in instantiation of member function 'nlohmann::detail::parser<nlohmann::basic_json<>, nlohmann::detail::iterator_input_adapter<const char *>>::parse' requested here
[build]  4112 |         parser(detail::input_adapter(std::move(first), std::move(last)), std::move(cb), allow_exceptions, ignore_comments, ignore_trailing_commas).parse(true, result); // cppcheck-suppress[accessMoved]
[build]       |                                                                                                                                                    ^
[build] C:\Users\pperv\code\unnamed_rpg\vendor\json\include\nlohmann/json.hpp(5294,28): note: in instantiation of function template specialization 'nlohmann::basic_json<>::parse<const char *, const char *, 0>' requested here
[build]  5294 |     return nlohmann::json::parse(s, s + n);
[build]       |                            ^
[build] In file included from C:\Users\pperv\code\unnamed_rpg\vendor\json-schema-validator\src\json-patch.cpp:1:
[build] In file included from C:\Users\pperv\code\unnamed_rpg\vendor\json-schema-validator\src\json-patch.hpp:3:
[build] In file included from C:\Users\pperv\code\unnamed_rpg\vendor\json\include\nlohmann/json.hpp:50:
[build] In file included from C:\Users\pperv\code\unnamed_rpg\vendor\json\include\nlohmann/detail/input/binary_reader.hpp:29:
[build] C:\Users\pperv\code\unnamed_rpg\vendor\json\include\nlohmann/detail/input/json_sax.hpp(849,20): warning: constructor call from initializer list is incompatible with C++98 [-Wc++98-compat]
[build]   849 |             return {false, nullptr};
[build]       |                    ^~~~~~~~~~~~~~~~
[build] C:\Users\pperv\code\unnamed_rpg\vendor\json\include\nlohmann/detail/input/json_sax.hpp(511,9): note: in instantiation of function template specialization 'nlohmann::detail::json_sax_dom_callback_parser<nlohmann::basic_json<>, nlohmann::detail::iterator_input_adapter<const char *>>::handle_value<bool &>' requested here
[build]   511 |         handle_value(val);
[build]       |         ^
[build] C:\Users\pperv\code\unnamed_rpg\vendor\json\include\nlohmann/detail/input/parser.hpp(287,56): note: in instantiation of member function 'nlohmann::detail::json_sax_dom_callback_parser<nlohmann::basic_json<>, nlohmann::detail::iterator_input_adapter<const char *>>::boolean' requested here
[build]   287 |                         if (JSON_HEDLEY_UNLIKELY(!sax->boolean(false)))
[build]       |                                                        ^
[build] C:\Users\pperv\code\unnamed_rpg\vendor\json\include\nlohmann/thirdparty/hedley/hedley.hpp(1360,94): note: expanded from macro 'JSON_HEDLEY_UNLIKELY'
[build]  1360 | #  define JSON_HEDLEY_UNLIKELY(expr)                    __builtin_expect                 (!!(expr),    0                  )
[build]       |                                                                                              ^
[build] C:\Users\pperv\code\unnamed_rpg\vendor\json\include\nlohmann/detail/input/parser.hpp(100,13): note: in instantiation of function template specialization 'nlohmann::detail::parser<nlohmann::basic_json<>, nlohmann::detail::iterator_input_adapter<const char *>>::sax_parse_internal<nlohmann::detail::json_sax_dom_callback_parser<nlohmann::basic_json<>, nlohmann::detail::iterator_input_adapter<const char *>>>' requested here
[build]   100 |             sax_parse_internal(&sdp);
[build]       |             ^
[build] C:\Users\pperv\code\unnamed_rpg\vendor\json\include\nlohmann/json.hpp(4112,148): note: in instantiation of member function 'nlohmann::detail::parser<nlohmann::basic_json<>, nlohmann::detail::iterator_input_adapter<const char *>>::parse' requested here
[build]  4112 |         parser(detail::input_adapter(std::move(first), std::move(last)), std::move(cb), allow_exceptions, ignore_comments, ignore_trailing_commas).parse(true, result); // cppcheck-suppress[accessMoved]
[build]       |                                                                                                                                                    ^
[build] C:\Users\pperv\code\unnamed_rpg\vendor\json\include\nlohmann/json.hpp(5294,28): note: in instantiation of function template specialization 'nlohmann::basic_json<>::parse<const char *, const char *, 0>' requested here
[build]  5294 |     return nlohmann::json::parse(s, s + n);
[build]       |                            ^
[build] In file included from C:\Users\pperv\code\unnamed_rpg\vendor\json-schema-validator\src\json-patch.cpp:1:
[build] In file included from C:\Users\pperv\code\unnamed_rpg\vendor\json-schema-validator\src\json-patch.hpp:3:
[build] In file included from C:\Users\pperv\code\unnamed_rpg\vendor\json\include\nlohmann/json.hpp:50:
[build] In file included from C:\Users\pperv\code\unnamed_rpg\vendor\json\include\nlohmann/detail/input/binary_reader.hpp:29:
[build] C:\Users\pperv\code\unnamed_rpg\vendor\json\include\nlohmann/detail/input/json_sax.hpp(860,89): warning: enumeration type in nested name specifier is incompatible with C++98 [-Wc++98-compat]
[build]   860 |         const bool keep = skip_callback || callback(static_cast<int>(ref_stack.size()), parse_event_t::value, value);
[build]       |                                                                                         ^
[build] C:\Users\pperv\code\unnamed_rpg\vendor\json\include\nlohmann/detail/input/json_sax.hpp(877,20): warning: constructor call from initializer list is incompatible with C++98 [-Wc++98-compat]
[build]   877 |             return {false, nullptr};
[build]       |                    ^~~~~~~~~~~~~~~~
[build] C:\Users\pperv\code\unnamed_rpg\vendor\json\include\nlohmann/detail/input/json_sax.hpp(883,20): warning: constructor call from initializer list is incompatible with C++98 [-Wc++98-compat]
[build]   883 |             return {true, & root};
[build]       |                    ^~~~~~~~~~~~~~
[build] C:\Users\pperv\code\unnamed_rpg\vendor\json\include\nlohmann/detail/input/json_sax.hpp(890,20): warning: constructor call from initializer list is incompatible with C++98 [-Wc++98-compat]
[build]   890 |             return {false, nullptr};
[build]       |                    ^~~~~~~~~~~~~~~~
[build] C:\Users\pperv\code\unnamed_rpg\vendor\json\include\nlohmann/detail/input/json_sax.hpp(900,20): warning: constructor call from initializer list is incompatible with C++98 [-Wc++98-compat]
[build]   900 |             return {true, & (ref_stack.back()->m_data.m_value.array->back())};
[build]       |                    ^~~~~~~~~~~~~~~~~~~~~~~~~~~~~~~~~~~~~~~~~~~~~~~~~~~~~~~~~~
[build] C:\Users\pperv\code\unnamed_rpg\vendor\json\include\nlohmann/detail/input/json_sax.hpp(912,20): warning: constructor call from initializer list is incompatible with C++98 [-Wc++98-compat]
[build]   912 |             return {false, nullptr};
[build]       |                    ^~~~~~~~~~~~~~~~
[build] C:\Users\pperv\code\unnamed_rpg\vendor\json\include\nlohmann/detail/input/json_sax.hpp(917,16): warning: constructor call from initializer list is incompatible with C++98 [-Wc++98-compat]
[build]   917 |         return {true, object_element};
[build]       |                ^~~~~~~~~~~~~~~~~~~~~~
[build] In file included from C:\Users\pperv\code\unnamed_rpg\vendor\json-schema-validator\src\json-patch.cpp:1:
[build] In file included from C:\Users\pperv\code\unnamed_rpg\vendor\json-schema-validator\src\json-patch.hpp:3:
[build] In file included from C:\Users\pperv\code\unnamed_rpg\vendor\json\include\nlohmann/json.hpp:44:
[build] In file included from C:\Users\pperv\code\unnamed_rpg\vendor\json\include\nlohmann/adl_serializer.hpp:15:
[build] C:\Users\pperv\code\unnamed_rpg\vendor\json\include\nlohmann/detail/conversions/to_json.hpp(307,26): warning: enumeration type in nested name specifier is incompatible with C++98 [-Wc++98-compat]
[build]   307 |     external_constructor<value_t::boolean>::construct(j, b);
[build]       |                          ^
[build] C:\Users\pperv\code\unnamed_rpg\vendor\json\include\nlohmann/adl_serializer.hpp(51,9): note: in instantiation of function template specialization 'nlohmann::detail::to_json_fn::operator()<nlohmann::basic_json<>, bool &>' requested here
[build]    51 |         ::nlohmann::to_json(j, std::forward<TargetType>(val));
[build]       |         ^
[build] C:\Users\pperv\code\unnamed_rpg\vendor\json\include\nlohmann/json.hpp(872,28): note: in instantiation of function template specialization 'nlohmann::adl_serializer<bool>::to_json<nlohmann::basic_json<>, bool &>' requested here
[build]   872 |         JSONSerializer<U>::to_json(*this, std::forward<CompatibleType>(val));
[build]       |                            ^
[build] C:\Users\pperv\code\unnamed_rpg\vendor\json\include\nlohmann/detail/input/json_sax.hpp(853,22): note: in instantiation of function template specialization 'nlohmann::basic_json<>::basic_json<bool &, bool, 0>' requested here
[build]   853 |         auto value = BasicJsonType(std::forward<Value>(v));
[build]       |                      ^
[build] C:\Users\pperv\code\unnamed_rpg\vendor\json\include\nlohmann/detail/input/json_sax.hpp(511,9): note: in instantiation of function template specialization 'nlohmann::detail::json_sax_dom_callback_parser<nlohmann::basic_json<>, nlohmann::detail::iterator_input_adapter<const char *>>::handle_value<bool &>' requested here
[build]   511 |         handle_value(val);
[build]       |         ^
[build] C:\Users\pperv\code\unnamed_rpg\vendor\json\include\nlohmann/detail/input/parser.hpp(287,56): note: in instantiation of member function 'nlohmann::detail::json_sax_dom_callback_parser<nlohmann::basic_json<>, nlohmann::detail::iterator_input_adapter<const char *>>::boolean' requested here
[build]   287 |                         if (JSON_HEDLEY_UNLIKELY(!sax->boolean(false)))
[build]       |                                                        ^
[build] C:\Users\pperv\code\unnamed_rpg\vendor\json\include\nlohmann/thirdparty/hedley/hedley.hpp(1360,94): note: expanded from macro 'JSON_HEDLEY_UNLIKELY'
[build]  1360 | #  define JSON_HEDLEY_UNLIKELY(expr)                    __builtin_expect                 (!!(expr),    0                  )
[build]       |                                                                                              ^
[build] C:\Users\pperv\code\unnamed_rpg\vendor\json\include\nlohmann/detail/input/parser.hpp(100,13): note: in instantiation of function template specialization 'nlohmann::detail::parser<nlohmann::basic_json<>, nlohmann::detail::iterator_input_adapter<const char *>>::sax_parse_internal<nlohmann::detail::json_sax_dom_callback_parser<nlohmann::basic_json<>, nlohmann::detail::iterator_input_adapter<const char *>>>' requested here
[build]   100 |             sax_parse_internal(&sdp);
[build]       |             ^
[build] C:\Users\pperv\code\unnamed_rpg\vendor\json\include\nlohmann/json.hpp(4112,148): note: in instantiation of member function 'nlohmann::detail::parser<nlohmann::basic_json<>, nlohmann::detail::iterator_input_adapter<const char *>>::parse' requested here
[build]  4112 |         parser(detail::input_adapter(std::move(first), std::move(last)), std::move(cb), allow_exceptions, ignore_comments, ignore_trailing_commas).parse(true, result); // cppcheck-suppress[accessMoved]
[build]       |                                                                                                                                                    ^
[build] C:\Users\pperv\code\unnamed_rpg\vendor\json\include\nlohmann/json.hpp(5294,28): note: in instantiation of function template specialization 'nlohmann::basic_json<>::parse<const char *, const char *, 0>' requested here
[build]  5294 |     return nlohmann::json::parse(s, s + n);
[build]       |                            ^
[build] In file included from C:\Users\pperv\code\unnamed_rpg\vendor\json-schema-validator\src\json-patch.cpp:1:
[build] In file included from C:\Users\pperv\code\unnamed_rpg\vendor\json-schema-validator\src\json-patch.hpp:3:
[build] In file included from C:\Users\pperv\code\unnamed_rpg\vendor\json\include\nlohmann/json.hpp:44:
[build] In file included from C:\Users\pperv\code\unnamed_rpg\vendor\json\include\nlohmann/adl_serializer.hpp:15:
[build] C:\Users\pperv\code\unnamed_rpg\vendor\json\include\nlohmann/detail/conversions/to_json.hpp(56,27): warning: enumeration type in nested name specifier is incompatible with C++98 [-Wc++98-compat]
[build]    56 |         j.m_data.m_type = value_t::boolean;
[build]       |                           ^
[build] C:\Users\pperv\code\unnamed_rpg\vendor\json\include\nlohmann/detail/conversions/to_json.hpp(516,16): note: in instantiation of function template specialization 'nlohmann::detail::to_json<nlohmann::basic_json<>, bool, 0>' requested here
[build]   516 |         return to_json(j, std::forward<T>(val));
[build]       |                ^
[build] C:\Users\pperv\code\unnamed_rpg\vendor\json\include\nlohmann/adl_serializer.hpp(51,9): note: in instantiation of function template specialization 'nlohmann::detail::to_json_fn::operator()<nlohmann::basic_json<>, bool &>' requested here
[build]    51 |         ::nlohmann::to_json(j, std::forward<TargetType>(val));
[build]       |         ^
[build] C:\Users\pperv\code\unnamed_rpg\vendor\json\include\nlohmann/json.hpp(872,28): note: in instantiation of function template specialization 'nlohmann::adl_serializer<bool>::to_json<nlohmann::basic_json<>, bool &>' requested here
[build]   872 |         JSONSerializer<U>::to_json(*this, std::forward<CompatibleType>(val));
[build]       |                            ^
[build] C:\Users\pperv\code\unnamed_rpg\vendor\json\include\nlohmann/detail/input/json_sax.hpp(853,22): note: in instantiation of function template specialization 'nlohmann::basic_json<>::basic_json<bool &, bool, 0>' requested here
[build]   853 |         auto value = BasicJsonType(std::forward<Value>(v));
[build]       |                      ^
[build] C:\Users\pperv\code\unnamed_rpg\vendor\json\include\nlohmann/detail/input/json_sax.hpp(511,9): note: in instantiation of function template specialization 'nlohmann::detail::json_sax_dom_callback_parser<nlohmann::basic_json<>, nlohmann::detail::iterator_input_adapter<const char *>>::handle_value<bool &>' requested here
[build]   511 |         handle_value(val);
[build]       |         ^
[build] C:\Users\pperv\code\unnamed_rpg\vendor\json\include\nlohmann/detail/input/parser.hpp(287,56): note: in instantiation of member function 'nlohmann::detail::json_sax_dom_callback_parser<nlohmann::basic_json<>, nlohmann::detail::iterator_input_adapter<const char *>>::boolean' requested here
[build]   287 |                         if (JSON_HEDLEY_UNLIKELY(!sax->boolean(false)))
[build]       |                                                        ^
[build] C:\Users\pperv\code\unnamed_rpg\vendor\json\include\nlohmann/thirdparty/hedley/hedley.hpp(1360,94): note: expanded from macro 'JSON_HEDLEY_UNLIKELY'
[build]  1360 | #  define JSON_HEDLEY_UNLIKELY(expr)                    __builtin_expect                 (!!(expr),    0                  )
[build]       |                                                                                              ^
[build] C:\Users\pperv\code\unnamed_rpg\vendor\json\include\nlohmann/detail/input/parser.hpp(100,13): note: in instantiation of function template specialization 'nlohmann::detail::parser<nlohmann::basic_json<>, nlohmann::detail::iterator_input_adapter<const char *>>::sax_parse_internal<nlohmann::detail::json_sax_dom_callback_parser<nlohmann::basic_json<>, nlohmann::detail::iterator_input_adapter<const char *>>>' requested here
[build]   100 |             sax_parse_internal(&sdp);
[build]       |             ^
[build] C:\Users\pperv\code\unnamed_rpg\vendor\json\include\nlohmann/json.hpp(4112,148): note: in instantiation of member function 'nlohmann::detail::parser<nlohmann::basic_json<>, nlohmann::detail::iterator_input_adapter<const char *>>::parse' requested here
[build]  4112 |         parser(detail::input_adapter(std::move(first), std::move(last)), std::move(cb), allow_exceptions, ignore_comments, ignore_trailing_commas).parse(true, result); // cppcheck-suppress[accessMoved]
[build]       |                                                                                                                                                    ^
[build] C:\Users\pperv\code\unnamed_rpg\vendor\json\include\nlohmann/json.hpp(5294,28): note: in instantiation of function template specialization 'nlohmann::basic_json<>::parse<const char *, const char *, 0>' requested here
[build]  5294 |     return nlohmann::json::parse(s, s + n);
[build]       |                            ^
[build] In file included from C:\Users\pperv\code\unnamed_rpg\vendor\json-schema-validator\src\json-patch.cpp:1:
[build] In file included from C:\Users\pperv\code\unnamed_rpg\vendor\json-schema-validator\src\json-patch.hpp:3:
[build] In file included from C:\Users\pperv\code\unnamed_rpg\vendor\json\include\nlohmann/json.hpp:44:
[build] In file included from C:\Users\pperv\code\unnamed_rpg\vendor\json\include\nlohmann/adl_serializer.hpp:15:
[build] C:\Users\pperv\code\unnamed_rpg\vendor\json\include\nlohmann/detail/conversions/to_json.hpp(56,27): warning: enumeration type in nested name specifier is incompatible with C++98 [-Wc++98-compat]
[build]    56 |         j.m_data.m_type = value_t::boolean;
[build]       |                           ^
[build] C:\Users\pperv\code\unnamed_rpg\vendor\json\include\nlohmann/detail/conversions/to_json.hpp(307,45): note: in instantiation of function template specialization 'nlohmann::detail::external_constructor<nlohmann::detail::value_t::boolean>::construct<nlohmann::basic_json<>>' requested here
[build]   307 |     external_constructor<value_t::boolean>::construct(j, b);
[build]       |                                             ^
[build] C:\Users\pperv\code\unnamed_rpg\vendor\json\include\nlohmann/detail/conversions/to_json.hpp(516,16): note: in instantiation of function template specialization 'nlohmann::detail::to_json<nlohmann::basic_json<>, bool, 0>' requested here
[build]   516 |         return to_json(j, std::forward<T>(val));
[build]       |                ^
[build] C:\Users\pperv\code\unnamed_rpg\vendor\json\include\nlohmann/adl_serializer.hpp(51,9): note: in instantiation of function template specialization 'nlohmann::detail::to_json_fn::operator()<nlohmann::basic_json<>, bool &>' requested here
[build]    51 |         ::nlohmann::to_json(j, std::forward<TargetType>(val));
[build]       |         ^
[build] C:\Users\pperv\code\unnamed_rpg\vendor\json\include\nlohmann/json.hpp(872,28): note: in instantiation of function template specialization 'nlohmann::adl_serializer<bool>::to_json<nlohmann::basic_json<>, bool &>' requested here
[build]   872 |         JSONSerializer<U>::to_json(*this, std::forward<CompatibleType>(val));
[build]       |                            ^
[build] C:\Users\pperv\code\unnamed_rpg\vendor\json\include\nlohmann/detail/input/json_sax.hpp(853,22): note: in instantiation of function template specialization 'nlohmann::basic_json<>::basic_json<bool &, bool, 0>' requested here
[build]   853 |         auto value = BasicJsonType(std::forward<Value>(v));
[build]       |                      ^
[build] C:\Users\pperv\code\unnamed_rpg\vendor\json\include\nlohmann/detail/input/json_sax.hpp(511,9): note: in instantiation of function template specialization 'nlohmann::detail::json_sax_dom_callback_parser<nlohmann::basic_json<>, nlohmann::detail::iterator_input_adapter<const char *>>::handle_value<bool &>' requested here
[build]   511 |         handle_value(val);
[build]       |         ^
[build] C:\Users\pperv\code\unnamed_rpg\vendor\json\include\nlohmann/detail/input/parser.hpp(287,56): note: in instantiation of member function 'nlohmann::detail::json_sax_dom_callback_parser<nlohmann::basic_json<>, nlohmann::detail::iterator_input_adapter<const char *>>::boolean' requested here
[build]   287 |                         if (JSON_HEDLEY_UNLIKELY(!sax->boolean(false)))
[build]       |                                                        ^
[build] C:\Users\pperv\code\unnamed_rpg\vendor\json\include\nlohmann/thirdparty/hedley/hedley.hpp(1360,94): note: expanded from macro 'JSON_HEDLEY_UNLIKELY'
[build]  1360 | #  define JSON_HEDLEY_UNLIKELY(expr)                    __builtin_expect                 (!!(expr),    0                  )
[build]       |                                                                                              ^
[build] C:\Users\pperv\code\unnamed_rpg\vendor\json\include\nlohmann/detail/input/parser.hpp(100,13): note: in instantiation of function template specialization 'nlohmann::detail::parser<nlohmann::basic_json<>, nlohmann::detail::iterator_input_adapter<const char *>>::sax_parse_internal<nlohmann::detail::json_sax_dom_callback_parser<nlohmann::basic_json<>, nlohmann::detail::iterator_input_adapter<const char *>>>' requested here
[build]   100 |             sax_parse_internal(&sdp);
[build]       |             ^
[build] C:\Users\pperv\code\unnamed_rpg\vendor\json\include\nlohmann/json.hpp(4112,148): note: in instantiation of member function 'nlohmann::detail::parser<nlohmann::basic_json<>, nlohmann::detail::iterator_input_adapter<const char *>>::parse' requested here
[build]  4112 |         parser(detail::input_adapter(std::move(first), std::move(last)), std::move(cb), allow_exceptions, ignore_comments, ignore_trailing_commas).parse(true, result); // cppcheck-suppress[accessMoved]
[build]       |                                                                                                                                                    ^
[build] C:\Users\pperv\code\unnamed_rpg\vendor\json\include\nlohmann/json.hpp(5294,28): note: in instantiation of function template specialization 'nlohmann::basic_json<>::parse<const char *, const char *, 0>' requested here
[build]  5294 |     return nlohmann::json::parse(s, s + n);
[build]       |                            ^
[build] In file included from C:\Users\pperv\code\unnamed_rpg\vendor\json-schema-validator\src\json-patch.cpp:1:
[build] In file included from C:\Users\pperv\code\unnamed_rpg\vendor\json-schema-validator\src\json-patch.hpp:3:
[build] In file included from C:\Users\pperv\code\unnamed_rpg\vendor\json\include\nlohmann/json.hpp:50:
[build] In file included from C:\Users\pperv\code\unnamed_rpg\vendor\json\include\nlohmann/detail/input/binary_reader.hpp:29:
[build] C:\Users\pperv\code\unnamed_rpg\vendor\json\include\nlohmann/detail/input/json_sax.hpp(505,22): warning: 'nullptr' is incompatible with C++98 [-Wc++98-compat]
[build]   505 |         handle_value(nullptr);
[build]       |                      ^
[build] C:\Users\pperv\code\unnamed_rpg\vendor\json\include\nlohmann/detail/input/json_sax.hpp(849,20): warning: constructor call from initializer list is incompatible with C++98 [-Wc++98-compat]
[build]   849 |             return {false, nullptr};
[build]       |                    ^~~~~~~~~~~~~~~~
[build] C:\Users\pperv\code\unnamed_rpg\vendor\json\include\nlohmann/detail/input/json_sax.hpp(505,9): note: in instantiation of function template specialization 'nlohmann::detail::json_sax_dom_callback_parser<nlohmann::basic_json<>, nlohmann::detail::iterator_input_adapter<const char *>>::handle_value<std::nullptr_t>' requested here
[build]   505 |         handle_value(nullptr);
[build]       |         ^
[build] C:\Users\pperv\code\unnamed_rpg\vendor\json\include\nlohmann/detail/input/parser.hpp(296,56): note: in instantiation of member function 'nlohmann::detail::json_sax_dom_callback_parser<nlohmann::basic_json<>, nlohmann::detail::iterator_input_adapter<const char *>>::null' requested here
[build]   296 |                         if (JSON_HEDLEY_UNLIKELY(!sax->null()))
[build]       |                                                        ^
[build] C:\Users\pperv\code\unnamed_rpg\vendor\json\include\nlohmann/thirdparty/hedley/hedley.hpp(1360,94): note: expanded from macro 'JSON_HEDLEY_UNLIKELY'
[build]  1360 | #  define JSON_HEDLEY_UNLIKELY(expr)                    __builtin_expect                 (!!(expr),    0                  )
[build]       |                                                                                              ^
[build] C:\Users\pperv\code\unnamed_rpg\vendor\json\include\nlohmann/detail/input/parser.hpp(100,13): note: in instantiation of function template specialization 'nlohmann::detail::parser<nlohmann::basic_json<>, nlohmann::detail::iterator_input_adapter<const char *>>::sax_parse_internal<nlohmann::detail::json_sax_dom_callback_parser<nlohmann::basic_json<>, nlohmann::detail::iterator_input_adapter<const char *>>>' requested here
[build]   100 |             sax_parse_internal(&sdp);
[build]       |             ^
[build] C:\Users\pperv\code\unnamed_rpg\vendor\json\include\nlohmann/json.hpp(4112,148): note: in instantiation of member function 'nlohmann::detail::parser<nlohmann::basic_json<>, nlohmann::detail::iterator_input_adapter<const char *>>::parse' requested here
[build]  4112 |         parser(detail::input_adapter(std::move(first), std::move(last)), std::move(cb), allow_exceptions, ignore_comments, ignore_trailing_commas).parse(true, result); // cppcheck-suppress[accessMoved]
[build]       |                                                                                                                                                    ^
[build] C:\Users\pperv\code\unnamed_rpg\vendor\json\include\nlohmann/json.hpp(5294,28): note: in instantiation of function template specialization 'nlohmann::basic_json<>::parse<const char *, const char *, 0>' requested here
[build]  5294 |     return nlohmann::json::parse(s, s + n);
[build]       |                            ^
[build] In file included from C:\Users\pperv\code\unnamed_rpg\vendor\json-schema-validator\src\json-patch.cpp:1:
[build] In file included from C:\Users\pperv\code\unnamed_rpg\vendor\json-schema-validator\src\json-patch.hpp:3:
[build] In file included from C:\Users\pperv\code\unnamed_rpg\vendor\json\include\nlohmann/json.hpp:50:
[build] In file included from C:\Users\pperv\code\unnamed_rpg\vendor\json\include\nlohmann/detail/input/binary_reader.hpp:29:
[build] C:\Users\pperv\code\unnamed_rpg\vendor\json\include\nlohmann/detail/input/json_sax.hpp(860,89): warning: enumeration type in nested name specifier is incompatible with C++98 [-Wc++98-compat]
[build]   860 |         const bool keep = skip_callback || callback(static_cast<int>(ref_stack.size()), parse_event_t::value, value);
[build]       |                                                                                         ^
[build] C:\Users\pperv\code\unnamed_rpg\vendor\json\include\nlohmann/detail/input/json_sax.hpp(877,20): warning: constructor call from initializer list is incompatible with C++98 [-Wc++98-compat]
[build]   877 |             return {false, nullptr};
[build]       |                    ^~~~~~~~~~~~~~~~
[build] C:\Users\pperv\code\unnamed_rpg\vendor\json\include\nlohmann/detail/input/json_sax.hpp(883,20): warning: constructor call from initializer list is incompatible with C++98 [-Wc++98-compat]
[build]   883 |             return {true, & root};
[build]       |                    ^~~~~~~~~~~~~~
[build] C:\Users\pperv\code\unnamed_rpg\vendor\json\include\nlohmann/detail/input/json_sax.hpp(890,20): warning: constructor call from initializer list is incompatible with C++98 [-Wc++98-compat]
[build]   890 |             return {false, nullptr};
[build]       |                    ^~~~~~~~~~~~~~~~
[build] C:\Users\pperv\code\unnamed_rpg\vendor\json\include\nlohmann/detail/input/json_sax.hpp(900,20): warning: constructor call from initializer list is incompatible with C++98 [-Wc++98-compat]
[build]   900 |             return {true, & (ref_stack.back()->m_data.m_value.array->back())};
[build]       |                    ^~~~~~~~~~~~~~~~~~~~~~~~~~~~~~~~~~~~~~~~~~~~~~~~~~~~~~~~~~
[build] C:\Users\pperv\code\unnamed_rpg\vendor\json\include\nlohmann/detail/input/json_sax.hpp(912,20): warning: constructor call from initializer list is incompatible with C++98 [-Wc++98-compat]
[build]   912 |             return {false, nullptr};
[build]       |                    ^~~~~~~~~~~~~~~~
[build] C:\Users\pperv\code\unnamed_rpg\vendor\json\include\nlohmann/detail/input/json_sax.hpp(917,16): warning: constructor call from initializer list is incompatible with C++98 [-Wc++98-compat]
[build]   917 |         return {true, object_element};
[build]       |                ^~~~~~~~~~~~~~~~~~~~~~
[build] C:\Users\pperv\code\unnamed_rpg\vendor\json\include\nlohmann/detail/input/json_sax.hpp(849,20): warning: constructor call from initializer list is incompatible with C++98 [-Wc++98-compat]
[build]   849 |             return {false, nullptr};
[build]       |                    ^~~~~~~~~~~~~~~~
[build] C:\Users\pperv\code\unnamed_rpg\vendor\json\include\nlohmann/detail/input/json_sax.hpp(517,9): note: in instantiation of function template specialization 'nlohmann::detail::json_sax_dom_callback_parser<nlohmann::basic_json<>, nlohmann::detail::iterator_input_adapter<const char *>>::handle_value<long long &>' requested here
[build]   517 |         handle_value(val);
[build]       |         ^
[build] C:\Users\pperv\code\unnamed_rpg\vendor\json\include\nlohmann/detail/input/parser.hpp(314,56): note: in instantiation of member function 'nlohmann::detail::json_sax_dom_callback_parser<nlohmann::basic_json<>, nlohmann::detail::iterator_input_adapter<const char *>>::number_integer' requested here
[build]   314 |                         if (JSON_HEDLEY_UNLIKELY(!sax->number_integer(m_lexer.get_number_integer())))
[build]       |                                                        ^
[build] C:\Users\pperv\code\unnamed_rpg\vendor\json\include\nlohmann/thirdparty/hedley/hedley.hpp(1360,94): note: expanded from macro 'JSON_HEDLEY_UNLIKELY'
[build]  1360 | #  define JSON_HEDLEY_UNLIKELY(expr)                    __builtin_expect                 (!!(expr),    0                  )
[build]       |                                                                                              ^
[build] C:\Users\pperv\code\unnamed_rpg\vendor\json\include\nlohmann/detail/input/parser.hpp(100,13): note: in instantiation of function template specialization 'nlohmann::detail::parser<nlohmann::basic_json<>, nlohmann::detail::iterator_input_adapter<const char *>>::sax_parse_internal<nlohmann::detail::json_sax_dom_callback_parser<nlohmann::basic_json<>, nlohmann::detail::iterator_input_adapter<const char *>>>' requested here
[build]   100 |             sax_parse_internal(&sdp);
[build]       |             ^
[build] C:\Users\pperv\code\unnamed_rpg\vendor\json\include\nlohmann/json.hpp(4112,148): note: in instantiation of member function 'nlohmann::detail::parser<nlohmann::basic_json<>, nlohmann::detail::iterator_input_adapter<const char *>>::parse' requested here
[build]  4112 |         parser(detail::input_adapter(std::move(first), std::move(last)), std::move(cb), allow_exceptions, ignore_comments, ignore_trailing_commas).parse(true, result); // cppcheck-suppress[accessMoved]
[build]       |                                                                                                                                                    ^
[build] C:\Users\pperv\code\unnamed_rpg\vendor\json\include\nlohmann/json.hpp(5294,28): note: in instantiation of function template specialization 'nlohmann::basic_json<>::parse<const char *, const char *, 0>' requested here
[build]  5294 |     return nlohmann::json::parse(s, s + n);
[build]       |                            ^
[build] In file included from C:\Users\pperv\code\unnamed_rpg\vendor\json-schema-validator\src\json-patch.cpp:1:
[build] In file included from C:\Users\pperv\code\unnamed_rpg\vendor\json-schema-validator\src\json-patch.hpp:3:
[build] In file included from C:\Users\pperv\code\unnamed_rpg\vendor\json\include\nlohmann/json.hpp:50:
[build] In file included from C:\Users\pperv\code\unnamed_rpg\vendor\json\include\nlohmann/detail/input/binary_reader.hpp:29:
[build] C:\Users\pperv\code\unnamed_rpg\vendor\json\include\nlohmann/detail/input/json_sax.hpp(860,89): warning: enumeration type in nested name specifier is incompatible with C++98 [-Wc++98-compat]
[build]   860 |         const bool keep = skip_callback || callback(static_cast<int>(ref_stack.size()), parse_event_t::value, value);
[build]       |                                                                                         ^
[build] C:\Users\pperv\code\unnamed_rpg\vendor\json\include\nlohmann/detail/input/json_sax.hpp(877,20): warning: constructor call from initializer list is incompatible with C++98 [-Wc++98-compat]
[build]   877 |             return {false, nullptr};
[build]       |                    ^~~~~~~~~~~~~~~~
[build] C:\Users\pperv\code\unnamed_rpg\vendor\json\include\nlohmann/detail/input/json_sax.hpp(883,20): warning: constructor call from initializer list is incompatible with C++98 [-Wc++98-compat]
[build]   883 |             return {true, & root};
[build]       |                    ^~~~~~~~~~~~~~
[build] C:\Users\pperv\code\unnamed_rpg\vendor\json\include\nlohmann/detail/input/json_sax.hpp(890,20): warning: constructor call from initializer list is incompatible with C++98 [-Wc++98-compat]
[build]   890 |             return {false, nullptr};
[build]       |                    ^~~~~~~~~~~~~~~~
[build] C:\Users\pperv\code\unnamed_rpg\vendor\json\include\nlohmann/detail/input/json_sax.hpp(900,20): warning: constructor call from initializer list is incompatible with C++98 [-Wc++98-compat]
[build]   900 |             return {true, & (ref_stack.back()->m_data.m_value.array->back())};
[build]       |                    ^~~~~~~~~~~~~~~~~~~~~~~~~~~~~~~~~~~~~~~~~~~~~~~~~~~~~~~~~~
[build] C:\Users\pperv\code\unnamed_rpg\vendor\json\include\nlohmann/detail/input/json_sax.hpp(912,20): warning: constructor call from initializer list is incompatible with C++98 [-Wc++98-compat]
[build]   912 |             return {false, nullptr};
[build]       |                    ^~~~~~~~~~~~~~~~
[build] C:\Users\pperv\code\unnamed_rpg\vendor\json\include\nlohmann/detail/input/json_sax.hpp(917,16): warning: constructor call from initializer list is incompatible with C++98 [-Wc++98-compat]
[build]   917 |         return {true, object_element};
[build]       |                ^~~~~~~~~~~~~~~~~~~~~~
[build] In file included from C:\Users\pperv\code\unnamed_rpg\vendor\json-schema-validator\src\json-patch.cpp:1:
[build] In file included from C:\Users\pperv\code\unnamed_rpg\vendor\json-schema-validator\src\json-patch.hpp:3:
[build] In file included from C:\Users\pperv\code\unnamed_rpg\vendor\json\include\nlohmann/json.hpp:44:
[build] In file included from C:\Users\pperv\code\unnamed_rpg\vendor\json\include\nlohmann/adl_serializer.hpp:15:
[build] C:\Users\pperv\code\unnamed_rpg\vendor\json\include\nlohmann/detail/conversions/to_json.hpp(354,26): warning: enumeration type in nested name specifier is incompatible with C++98 [-Wc++98-compat]
[build]   354 |     external_constructor<value_t::number_integer>::construct(j, static_cast<typename BasicJsonType::number_integer_t>(val));
[build]       |                          ^
[build] C:\Users\pperv\code\unnamed_rpg\vendor\json\include\nlohmann/adl_serializer.hpp(51,9): note: in instantiation of function template specialization 'nlohmann::detail::to_json_fn::operator()<nlohmann::basic_json<>, long long &>' requested here
[build]    51 |         ::nlohmann::to_json(j, std::forward<TargetType>(val));
[build]       |         ^
[build] C:\Users\pperv\code\unnamed_rpg\vendor\json\include\nlohmann/json.hpp(872,28): note: in instantiation of function template specialization 'nlohmann::adl_serializer<long long>::to_json<nlohmann::basic_json<>, long long &>' requested here
[build]   872 |         JSONSerializer<U>::to_json(*this, std::forward<CompatibleType>(val));
[build]       |                            ^
[build] C:\Users\pperv\code\unnamed_rpg\vendor\json\include\nlohmann/detail/input/json_sax.hpp(853,22): note: in instantiation of function template specialization 'nlohmann::basic_json<>::basic_json<long long &, long long, 0>' requested here
[build]   853 |         auto value = BasicJsonType(std::forward<Value>(v));
[build]       |                      ^
[build] C:\Users\pperv\code\unnamed_rpg\vendor\json\include\nlohmann/detail/input/json_sax.hpp(517,9): note: in instantiation of function template specialization 'nlohmann::detail::json_sax_dom_callback_parser<nlohmann::basic_json<>, nlohmann::detail::iterator_input_adapter<const char *>>::handle_value<long long &>' requested here
[build]   517 |         handle_value(val);
[build]       |         ^
[build] C:\Users\pperv\code\unnamed_rpg\vendor\json\include\nlohmann/detail/input/parser.hpp(314,56): note: in instantiation of member function 'nlohmann::detail::json_sax_dom_callback_parser<nlohmann::basic_json<>, nlohmann::detail::iterator_input_adapter<const char *>>::number_integer' requested here
[build]   314 |                         if (JSON_HEDLEY_UNLIKELY(!sax->number_integer(m_lexer.get_number_integer())))
[build]       |                                                        ^
[build] C:\Users\pperv\code\unnamed_rpg\vendor\json\include\nlohmann/thirdparty/hedley/hedley.hpp(1360,94): note: expanded from macro 'JSON_HEDLEY_UNLIKELY'
[build]  1360 | #  define JSON_HEDLEY_UNLIKELY(expr)                    __builtin_expect                 (!!(expr),    0                  )
[build]       |                                                                                              ^
[build] C:\Users\pperv\code\unnamed_rpg\vendor\json\include\nlohmann/detail/input/parser.hpp(100,13): note: in instantiation of function template specialization 'nlohmann::detail::parser<nlohmann::basic_json<>, nlohmann::detail::iterator_input_adapter<const char *>>::sax_parse_internal<nlohmann::detail::json_sax_dom_callback_parser<nlohmann::basic_json<>, nlohmann::detail::iterator_input_adapter<const char *>>>' requested here
[build]   100 |             sax_parse_internal(&sdp);
[build]       |             ^
[build] C:\Users\pperv\code\unnamed_rpg\vendor\json\include\nlohmann/json.hpp(4112,148): note: in instantiation of member function 'nlohmann::detail::parser<nlohmann::basic_json<>, nlohmann::detail::iterator_input_adapter<const char *>>::parse' requested here
[build]  4112 |         parser(detail::input_adapter(std::move(first), std::move(last)), std::move(cb), allow_exceptions, ignore_comments, ignore_trailing_commas).parse(true, result); // cppcheck-suppress[accessMoved]
[build]       |                                                                                                                                                    ^
[build] C:\Users\pperv\code\unnamed_rpg\vendor\json\include\nlohmann/json.hpp(5294,28): note: in instantiation of function template specialization 'nlohmann::basic_json<>::parse<const char *, const char *, 0>' requested here
[build]  5294 |     return nlohmann::json::parse(s, s + n);
[build]       |                            ^
[build] In file included from C:\Users\pperv\code\unnamed_rpg\vendor\json-schema-validator\src\json-patch.cpp:1:
[build] In file included from C:\Users\pperv\code\unnamed_rpg\vendor\json-schema-validator\src\json-patch.hpp:3:
[build] In file included from C:\Users\pperv\code\unnamed_rpg\vendor\json\include\nlohmann/json.hpp:44:
[build] In file included from C:\Users\pperv\code\unnamed_rpg\vendor\json\include\nlohmann/adl_serializer.hpp:15:
[build] C:\Users\pperv\code\unnamed_rpg\vendor\json\include\nlohmann/detail/conversions/to_json.hpp(150,27): warning: enumeration type in nested name specifier is incompatible with C++98 [-Wc++98-compat]
[build]   150 |         j.m_data.m_type = value_t::number_integer;
[build]       |                           ^
[build] C:\Users\pperv\code\unnamed_rpg\vendor\json\include\nlohmann/detail/conversions/to_json.hpp(516,16): note: in instantiation of function template specialization 'nlohmann::detail::to_json<nlohmann::basic_json<>, long long, 0>' requested here
[build]   516 |         return to_json(j, std::forward<T>(val));
[build]       |                ^
[build] C:\Users\pperv\code\unnamed_rpg\vendor\json\include\nlohmann/adl_serializer.hpp(51,9): note: in instantiation of function template specialization 'nlohmann::detail::to_json_fn::operator()<nlohmann::basic_json<>, long long &>' requested here
[build]    51 |         ::nlohmann::to_json(j, std::forward<TargetType>(val));
[build]       |         ^
[build] C:\Users\pperv\code\unnamed_rpg\vendor\json\include\nlohmann/json.hpp(872,28): note: in instantiation of function template specialization 'nlohmann::adl_serializer<long long>::to_json<nlohmann::basic_json<>, long long &>' requested here
[build]   872 |         JSONSerializer<U>::to_json(*this, std::forward<CompatibleType>(val));
[build]       |                            ^
[build] C:\Users\pperv\code\unnamed_rpg\vendor\json\include\nlohmann/detail/input/json_sax.hpp(853,22): note: in instantiation of function template specialization 'nlohmann::basic_json<>::basic_json<long long &, long long, 0>' requested here
[build]   853 |         auto value = BasicJsonType(std::forward<Value>(v));
[build]       |                      ^
[build] C:\Users\pperv\code\unnamed_rpg\vendor\json\include\nlohmann/detail/input/json_sax.hpp(517,9): note: in instantiation of function template specialization 'nlohmann::detail::json_sax_dom_callback_parser<nlohmann::basic_json<>, nlohmann::detail::iterator_input_adapter<const char *>>::handle_value<long long &>' requested here
[build]   517 |         handle_value(val);
[build]       |         ^
[build] C:\Users\pperv\code\unnamed_rpg\vendor\json\include\nlohmann/detail/input/parser.hpp(314,56): note: in instantiation of member function 'nlohmann::detail::json_sax_dom_callback_parser<nlohmann::basic_json<>, nlohmann::detail::iterator_input_adapter<const char *>>::number_integer' requested here
[build]   314 |                         if (JSON_HEDLEY_UNLIKELY(!sax->number_integer(m_lexer.get_number_integer())))
[build]       |                                                        ^
[build] C:\Users\pperv\code\unnamed_rpg\vendor\json\include\nlohmann/thirdparty/hedley/hedley.hpp(1360,94): note: expanded from macro 'JSON_HEDLEY_UNLIKELY'
[build]  1360 | #  define JSON_HEDLEY_UNLIKELY(expr)                    __builtin_expect                 (!!(expr),    0                  )
[build]       |                                                                                              ^
[build] C:\Users\pperv\code\unnamed_rpg\vendor\json\include\nlohmann/detail/input/parser.hpp(100,13): note: in instantiation of function template specialization 'nlohmann::detail::parser<nlohmann::basic_json<>, nlohmann::detail::iterator_input_adapter<const char *>>::sax_parse_internal<nlohmann::detail::json_sax_dom_callback_parser<nlohmann::basic_json<>, nlohmann::detail::iterator_input_adapter<const char *>>>' requested here
[build]   100 |             sax_parse_internal(&sdp);
[build]       |             ^
[build] C:\Users\pperv\code\unnamed_rpg\vendor\json\include\nlohmann/json.hpp(4112,148): note: in instantiation of member function 'nlohmann::detail::parser<nlohmann::basic_json<>, nlohmann::detail::iterator_input_adapter<const char *>>::parse' requested here
[build]  4112 |         parser(detail::input_adapter(std::move(first), std::move(last)), std::move(cb), allow_exceptions, ignore_comments, ignore_trailing_commas).parse(true, result); // cppcheck-suppress[accessMoved]
[build]       |                                                                                                                                                    ^
[build] C:\Users\pperv\code\unnamed_rpg\vendor\json\include\nlohmann/json.hpp(5294,28): note: in instantiation of function template specialization 'nlohmann::basic_json<>::parse<const char *, const char *, 0>' requested here
[build]  5294 |     return nlohmann::json::parse(s, s + n);
[build]       |                            ^
[build] In file included from C:\Users\pperv\code\unnamed_rpg\vendor\json-schema-validator\src\json-patch.cpp:1:
[build] In file included from C:\Users\pperv\code\unnamed_rpg\vendor\json-schema-validator\src\json-patch.hpp:3:
[build] In file included from C:\Users\pperv\code\unnamed_rpg\vendor\json\include\nlohmann/json.hpp:44:
[build] In file included from C:\Users\pperv\code\unnamed_rpg\vendor\json\include\nlohmann/adl_serializer.hpp:15:
[build] C:\Users\pperv\code\unnamed_rpg\vendor\json\include\nlohmann/detail/conversions/to_json.hpp(150,27): warning: enumeration type in nested name specifier is incompatible with C++98 [-Wc++98-compat]
[build]   150 |         j.m_data.m_type = value_t::number_integer;
[build]       |                           ^
[build] C:\Users\pperv\code\unnamed_rpg\vendor\json\include\nlohmann/detail/conversions/to_json.hpp(354,52): note: in instantiation of function template specialization 'nlohmann::detail::external_constructor<nlohmann::detail::value_t::number_integer>::construct<nlohmann::basic_json<>>' requested here
[build]   354 |     external_constructor<value_t::number_integer>::construct(j, static_cast<typename BasicJsonType::number_integer_t>(val));
[build]       |                                                    ^
[build] C:\Users\pperv\code\unnamed_rpg\vendor\json\include\nlohmann/detail/conversions/to_json.hpp(516,16): note: in instantiation of function template specialization 'nlohmann::detail::to_json<nlohmann::basic_json<>, long long, 0>' requested here
[build]   516 |         return to_json(j, std::forward<T>(val));
[build]       |                ^
[build] C:\Users\pperv\code\unnamed_rpg\vendor\json\include\nlohmann/adl_serializer.hpp(51,9): note: in instantiation of function template specialization 'nlohmann::detail::to_json_fn::operator()<nlohmann::basic_json<>, long long &>' requested here
[build]    51 |         ::nlohmann::to_json(j, std::forward<TargetType>(val));
[build]       |         ^
[build] C:\Users\pperv\code\unnamed_rpg\vendor\json\include\nlohmann/json.hpp(872,28): note: in instantiation of function template specialization 'nlohmann::adl_serializer<long long>::to_json<nlohmann::basic_json<>, long long &>' requested here
[build]   872 |         JSONSerializer<U>::to_json(*this, std::forward<CompatibleType>(val));
[build]       |                            ^
[build] C:\Users\pperv\code\unnamed_rpg\vendor\json\include\nlohmann/detail/input/json_sax.hpp(853,22): note: in instantiation of function template specialization 'nlohmann::basic_json<>::basic_json<long long &, long long, 0>' requested here
[build]   853 |         auto value = BasicJsonType(std::forward<Value>(v));
[build]       |                      ^
[build] C:\Users\pperv\code\unnamed_rpg\vendor\json\include\nlohmann/detail/input/json_sax.hpp(517,9): note: in instantiation of function template specialization 'nlohmann::detail::json_sax_dom_callback_parser<nlohmann::basic_json<>, nlohmann::detail::iterator_input_adapter<const char *>>::handle_value<long long &>' requested here
[build]   517 |         handle_value(val);
[build]       |         ^
[build] C:\Users\pperv\code\unnamed_rpg\vendor\json\include\nlohmann/detail/input/parser.hpp(314,56): note: in instantiation of member function 'nlohmann::detail::json_sax_dom_callback_parser<nlohmann::basic_json<>, nlohmann::detail::iterator_input_adapter<const char *>>::number_integer' requested here
[build]   314 |                         if (JSON_HEDLEY_UNLIKELY(!sax->number_integer(m_lexer.get_number_integer())))
[build]       |                                                        ^
[build] C:\Users\pperv\code\unnamed_rpg\vendor\json\include\nlohmann/thirdparty/hedley/hedley.hpp(1360,94): note: expanded from macro 'JSON_HEDLEY_UNLIKELY'
[build]  1360 | #  define JSON_HEDLEY_UNLIKELY(expr)                    __builtin_expect                 (!!(expr),    0                  )
[build]       |                                                                                              ^
[build] C:\Users\pperv\code\unnamed_rpg\vendor\json\include\nlohmann/detail/input/parser.hpp(100,13): note: in instantiation of function template specialization 'nlohmann::detail::parser<nlohmann::basic_json<>, nlohmann::detail::iterator_input_adapter<const char *>>::sax_parse_internal<nlohmann::detail::json_sax_dom_callback_parser<nlohmann::basic_json<>, nlohmann::detail::iterator_input_adapter<const char *>>>' requested here
[build]   100 |             sax_parse_internal(&sdp);
[build]       |             ^
[build] C:\Users\pperv\code\unnamed_rpg\vendor\json\include\nlohmann/json.hpp(4112,148): note: in instantiation of member function 'nlohmann::detail::parser<nlohmann::basic_json<>, nlohmann::detail::iterator_input_adapter<const char *>>::parse' requested here
[build]  4112 |         parser(detail::input_adapter(std::move(first), std::move(last)), std::move(cb), allow_exceptions, ignore_comments, ignore_trailing_commas).parse(true, result); // cppcheck-suppress[accessMoved]
[build]       |                                                                                                                                                    ^
[build] C:\Users\pperv\code\unnamed_rpg\vendor\json\include\nlohmann/json.hpp(5294,28): note: in instantiation of function template specialization 'nlohmann::basic_json<>::parse<const char *, const char *, 0>' requested here
[build]  5294 |     return nlohmann::json::parse(s, s + n);
[build]       |                            ^
[build] In file included from C:\Users\pperv\code\unnamed_rpg\vendor\json-schema-validator\src\json-patch.cpp:1:
[build] In file included from C:\Users\pperv\code\unnamed_rpg\vendor\json-schema-validator\src\json-patch.hpp:3:
[build] In file included from C:\Users\pperv\code\unnamed_rpg\vendor\json\include\nlohmann/json.hpp:50:
[build] In file included from C:\Users\pperv\code\unnamed_rpg\vendor\json\include\nlohmann/detail/input/binary_reader.hpp:29:
[build] C:\Users\pperv\code\unnamed_rpg\vendor\json\include\nlohmann/detail/input/json_sax.hpp(849,20): warning: constructor call from initializer list is incompatible with C++98 [-Wc++98-compat]
[build]   849 |             return {false, nullptr};
[build]       |                    ^~~~~~~~~~~~~~~~
[build] C:\Users\pperv\code\unnamed_rpg\vendor\json\include\nlohmann/detail/input/json_sax.hpp(535,9): note: in instantiation of function template specialization 'nlohmann::detail::json_sax_dom_callback_parser<nlohmann::basic_json<>, nlohmann::detail::iterator_input_adapter<const char *>>::handle_value<std::basic_string<char> &>' requested here
[build]   535 |         handle_value(val);
[build]       |         ^
[build] C:\Users\pperv\code\unnamed_rpg\vendor\json\include\nlohmann/detail/input/parser.hpp(323,56): note: in instantiation of member function 'nlohmann::detail::json_sax_dom_callback_parser<nlohmann::basic_json<>, nlohmann::detail::iterator_input_adapter<const char *>>::string' requested here
[build]   323 |                         if (JSON_HEDLEY_UNLIKELY(!sax->string(m_lexer.get_string())))
[build]       |                                                        ^
[build] C:\Users\pperv\code\unnamed_rpg\vendor\json\include\nlohmann/thirdparty/hedley/hedley.hpp(1360,94): note: expanded from macro 'JSON_HEDLEY_UNLIKELY'
[build]  1360 | #  define JSON_HEDLEY_UNLIKELY(expr)                    __builtin_expect                 (!!(expr),    0                  )
[build]       |                                                                                              ^
[build] C:\Users\pperv\code\unnamed_rpg\vendor\json\include\nlohmann/detail/input/parser.hpp(100,13): note: in instantiation of function template specialization 'nlohmann::detail::parser<nlohmann::basic_json<>, nlohmann::detail::iterator_input_adapter<const char *>>::sax_parse_internal<nlohmann::detail::json_sax_dom_callback_parser<nlohmann::basic_json<>, nlohmann::detail::iterator_input_adapter<const char *>>>' requested here
[build]   100 |             sax_parse_internal(&sdp);
[build]       |             ^
[build] C:\Users\pperv\code\unnamed_rpg\vendor\json\include\nlohmann/json.hpp(4112,148): note: in instantiation of member function 'nlohmann::detail::parser<nlohmann::basic_json<>, nlohmann::detail::iterator_input_adapter<const char *>>::parse' requested here
[build]  4112 |         parser(detail::input_adapter(std::move(first), std::move(last)), std::move(cb), allow_exceptions, ignore_comments, ignore_trailing_commas).parse(true, result); // cppcheck-suppress[accessMoved]
[build]       |                                                                                                                                                    ^
[build] C:\Users\pperv\code\unnamed_rpg\vendor\json\include\nlohmann/json.hpp(5294,28): note: in instantiation of function template specialization 'nlohmann::basic_json<>::parse<const char *, const char *, 0>' requested here
[build]  5294 |     return nlohmann::json::parse(s, s + n);
[build]       |                            ^
[build] In file included from C:\Users\pperv\code\unnamed_rpg\vendor\json-schema-validator\src\json-patch.cpp:1:
[build] In file included from C:\Users\pperv\code\unnamed_rpg\vendor\json-schema-validator\src\json-patch.hpp:3:
[build] In file included from C:\Users\pperv\code\unnamed_rpg\vendor\json\include\nlohmann/json.hpp:50:
[build] In file included from C:\Users\pperv\code\unnamed_rpg\vendor\json\include\nlohmann/detail/input/binary_reader.hpp:29:
[build] C:\Users\pperv\code\unnamed_rpg\vendor\json\include\nlohmann/detail/input/json_sax.hpp(860,89): warning: enumeration type in nested name specifier is incompatible with C++98 [-Wc++98-compat]
[build]   860 |         const bool keep = skip_callback || callback(static_cast<int>(ref_stack.size()), parse_event_t::value, value);
[build]       |                                                                                         ^
[build] C:\Users\pperv\code\unnamed_rpg\vendor\json\include\nlohmann/detail/input/json_sax.hpp(877,20): warning: constructor call from initializer list is incompatible with C++98 [-Wc++98-compat]
[build]   877 |             return {false, nullptr};
[build]       |                    ^~~~~~~~~~~~~~~~
[build] C:\Users\pperv\code\unnamed_rpg\vendor\json\include\nlohmann/detail/input/json_sax.hpp(883,20): warning: constructor call from initializer list is incompatible with C++98 [-Wc++98-compat]
[build]   883 |             return {true, & root};
[build]       |                    ^~~~~~~~~~~~~~
[build] C:\Users\pperv\code\unnamed_rpg\vendor\json\include\nlohmann/detail/input/json_sax.hpp(890,20): warning: constructor call from initializer list is incompatible with C++98 [-Wc++98-compat]
[build]   890 |             return {false, nullptr};
[build]       |                    ^~~~~~~~~~~~~~~~
[build] C:\Users\pperv\code\unnamed_rpg\vendor\json\include\nlohmann/detail/input/json_sax.hpp(900,20): warning: constructor call from initializer list is incompatible with C++98 [-Wc++98-compat]
[build]   900 |             return {true, & (ref_stack.back()->m_data.m_value.array->back())};
[build]       |                    ^~~~~~~~~~~~~~~~~~~~~~~~~~~~~~~~~~~~~~~~~~~~~~~~~~~~~~~~~~
[build] C:\Users\pperv\code\unnamed_rpg\vendor\json\include\nlohmann/detail/input/json_sax.hpp(912,20): warning: constructor call from initializer list is incompatible with C++98 [-Wc++98-compat]
[build]   912 |             return {false, nullptr};
[build]       |                    ^~~~~~~~~~~~~~~~
[build] C:\Users\pperv\code\unnamed_rpg\vendor\json\include\nlohmann/detail/input/json_sax.hpp(917,16): warning: constructor call from initializer list is incompatible with C++98 [-Wc++98-compat]
[build]   917 |         return {true, object_element};
[build]       |                ^~~~~~~~~~~~~~~~~~~~~~
[build] C:\Users\pperv\code\unnamed_rpg\vendor\json\include\nlohmann/detail/input/json_sax.hpp(849,20): warning: constructor call from initializer list is incompatible with C++98 [-Wc++98-compat]
[build]   849 |             return {false, nullptr};
[build]       |                    ^~~~~~~~~~~~~~~~
[build] C:\Users\pperv\code\unnamed_rpg\vendor\json\include\nlohmann/detail/input/json_sax.hpp(523,9): note: in instantiation of function template specialization 'nlohmann::detail::json_sax_dom_callback_parser<nlohmann::basic_json<>, nlohmann::detail::iterator_input_adapter<const char *>>::handle_value<unsigned long long &>' requested here
[build]   523 |         handle_value(val);
[build]       |         ^
[build] C:\Users\pperv\code\unnamed_rpg\vendor\json\include\nlohmann/detail/input/parser.hpp(332,56): note: in instantiation of member function 'nlohmann::detail::json_sax_dom_callback_parser<nlohmann::basic_json<>, nlohmann::detail::iterator_input_adapter<const char *>>::number_unsigned' requested here
[build]   332 |                         if (JSON_HEDLEY_UNLIKELY(!sax->number_unsigned(m_lexer.get_number_unsigned())))
[build]       |                                                        ^
[build] C:\Users\pperv\code\unnamed_rpg\vendor\json\include\nlohmann/thirdparty/hedley/hedley.hpp(1360,94): note: expanded from macro 'JSON_HEDLEY_UNLIKELY'
[build]  1360 | #  define JSON_HEDLEY_UNLIKELY(expr)                    __builtin_expect                 (!!(expr),    0                  )
[build]       |                                                                                              ^
[build] C:\Users\pperv\code\unnamed_rpg\vendor\json\include\nlohmann/detail/input/parser.hpp(100,13): note: in instantiation of function template specialization 'nlohmann::detail::parser<nlohmann::basic_json<>, nlohmann::detail::iterator_input_adapter<const char *>>::sax_parse_internal<nlohmann::detail::json_sax_dom_callback_parser<nlohmann::basic_json<>, nlohmann::detail::iterator_input_adapter<const char *>>>' requested here
[build]   100 |             sax_parse_internal(&sdp);
[build]       |             ^
[build] C:\Users\pperv\code\unnamed_rpg\vendor\json\include\nlohmann/json.hpp(4112,148): note: in instantiation of member function 'nlohmann::detail::parser<nlohmann::basic_json<>, nlohmann::detail::iterator_input_adapter<const char *>>::parse' requested here
[build]  4112 |         parser(detail::input_adapter(std::move(first), std::move(last)), std::move(cb), allow_exceptions, ignore_comments, ignore_trailing_commas).parse(true, result); // cppcheck-suppress[accessMoved]
[build]       |                                                                                                                                                    ^
[build] C:\Users\pperv\code\unnamed_rpg\vendor\json\include\nlohmann/json.hpp(5294,28): note: in instantiation of function template specialization 'nlohmann::basic_json<>::parse<const char *, const char *, 0>' requested here
[build]  5294 |     return nlohmann::json::parse(s, s + n);
[build]       |                            ^
[build] In file included from C:\Users\pperv\code\unnamed_rpg\vendor\json-schema-validator\src\json-patch.cpp:1:
[build] In file included from C:\Users\pperv\code\unnamed_rpg\vendor\json-schema-validator\src\json-patch.hpp:3:
[build] In file included from C:\Users\pperv\code\unnamed_rpg\vendor\json\include\nlohmann/json.hpp:50:
[build] In file included from C:\Users\pperv\code\unnamed_rpg\vendor\json\include\nlohmann/detail/input/binary_reader.hpp:29:
[build] C:\Users\pperv\code\unnamed_rpg\vendor\json\include\nlohmann/detail/input/json_sax.hpp(860,89): warning: enumeration type in nested name specifier is incompatible with C++98 [-Wc++98-compat]
[build]   860 |         const bool keep = skip_callback || callback(static_cast<int>(ref_stack.size()), parse_event_t::value, value);
[build]       |                                                                                         ^
[build] C:\Users\pperv\code\unnamed_rpg\vendor\json\include\nlohmann/detail/input/json_sax.hpp(877,20): warning: constructor call from initializer list is incompatible with C++98 [-Wc++98-compat]
[build]   877 |             return {false, nullptr};
[build]       |                    ^~~~~~~~~~~~~~~~
[build] C:\Users\pperv\code\unnamed_rpg\vendor\json\include\nlohmann/detail/input/json_sax.hpp(883,20): warning: constructor call from initializer list is incompatible with C++98 [-Wc++98-compat]
[build]   883 |             return {true, & root};
[build]       |                    ^~~~~~~~~~~~~~
[build] C:\Users\pperv\code\unnamed_rpg\vendor\json\include\nlohmann/detail/input/json_sax.hpp(890,20): warning: constructor call from initializer list is incompatible with C++98 [-Wc++98-compat]
[build]   890 |             return {false, nullptr};
[build]       |                    ^~~~~~~~~~~~~~~~
[build] C:\Users\pperv\code\unnamed_rpg\vendor\json\include\nlohmann/detail/input/json_sax.hpp(900,20): warning: constructor call from initializer list is incompatible with C++98 [-Wc++98-compat]
[build]   900 |             return {true, & (ref_stack.back()->m_data.m_value.array->back())};
[build]       |                    ^~~~~~~~~~~~~~~~~~~~~~~~~~~~~~~~~~~~~~~~~~~~~~~~~~~~~~~~~~
[build] C:\Users\pperv\code\unnamed_rpg\vendor\json\include\nlohmann/detail/input/json_sax.hpp(912,20): warning: constructor call from initializer list is incompatible with C++98 [-Wc++98-compat]
[build]   912 |             return {false, nullptr};
[build]       |                    ^~~~~~~~~~~~~~~~
[build] C:\Users\pperv\code\unnamed_rpg\vendor\json\include\nlohmann/detail/input/json_sax.hpp(917,16): warning: constructor call from initializer list is incompatible with C++98 [-Wc++98-compat]
[build]   917 |         return {true, object_element};
[build]       |                ^~~~~~~~~~~~~~~~~~~~~~
[build] In file included from C:\Users\pperv\code\unnamed_rpg\vendor\json-schema-validator\src\json-patch.cpp:1:
[build] In file included from C:\Users\pperv\code\unnamed_rpg\vendor\json-schema-validator\src\json-patch.hpp:3:
[build] In file included from C:\Users\pperv\code\unnamed_rpg\vendor\json\include\nlohmann/json.hpp:44:
[build] In file included from C:\Users\pperv\code\unnamed_rpg\vendor\json\include\nlohmann/adl_serializer.hpp:15:
[build] C:\Users\pperv\code\unnamed_rpg\vendor\json\include\nlohmann/detail/conversions/to_json.hpp(347,26): warning: enumeration type in nested name specifier is incompatible with C++98 [-Wc++98-compat]
[build]   347 |     external_constructor<value_t::number_unsigned>::construct(j, static_cast<typename BasicJsonType::number_unsigned_t>(val));
[build]       |                          ^
[build] C:\Users\pperv\code\unnamed_rpg\vendor\json\include\nlohmann/adl_serializer.hpp(51,9): note: in instantiation of function template specialization 'nlohmann::detail::to_json_fn::operator()<nlohmann::basic_json<>, unsigned long long &>' requested here
[build]    51 |         ::nlohmann::to_json(j, std::forward<TargetType>(val));
[build]       |         ^
[build] C:\Users\pperv\code\unnamed_rpg\vendor\json\include\nlohmann/json.hpp(872,28): note: in instantiation of function template specialization 'nlohmann::adl_serializer<unsigned long long>::to_json<nlohmann::basic_json<>, unsigned long long &>' requested here
[build]   872 |         JSONSerializer<U>::to_json(*this, std::forward<CompatibleType>(val));
[build]       |                            ^
[build] C:\Users\pperv\code\unnamed_rpg\vendor\json\include\nlohmann/detail/input/json_sax.hpp(853,22): note: in instantiation of function template specialization 'nlohmann::basic_json<>::basic_json<unsigned long long &, unsigned long long, 0>' requested here
[build]   853 |         auto value = BasicJsonType(std::forward<Value>(v));
[build]       |                      ^
[build] C:\Users\pperv\code\unnamed_rpg\vendor\json\include\nlohmann/detail/input/json_sax.hpp(523,9): note: in instantiation of function template specialization 'nlohmann::detail::json_sax_dom_callback_parser<nlohmann::basic_json<>, nlohmann::detail::iterator_input_adapter<const char *>>::handle_value<unsigned long long &>' requested here
[build]   523 |         handle_value(val);
[build]       |         ^
[build] C:\Users\pperv\code\unnamed_rpg\vendor\json\include\nlohmann/detail/input/parser.hpp(332,56): note: in instantiation of member function 'nlohmann::detail::json_sax_dom_callback_parser<nlohmann::basic_json<>, nlohmann::detail::iterator_input_adapter<const char *>>::number_unsigned' requested here
[build]   332 |                         if (JSON_HEDLEY_UNLIKELY(!sax->number_unsigned(m_lexer.get_number_unsigned())))
[build]       |                                                        ^
[build] C:\Users\pperv\code\unnamed_rpg\vendor\json\include\nlohmann/thirdparty/hedley/hedley.hpp(1360,94): note: expanded from macro 'JSON_HEDLEY_UNLIKELY'
[build]  1360 | #  define JSON_HEDLEY_UNLIKELY(expr)                    __builtin_expect                 (!!(expr),    0                  )
[build]       |                                                                                              ^
[build] C:\Users\pperv\code\unnamed_rpg\vendor\json\include\nlohmann/detail/input/parser.hpp(100,13): note: in instantiation of function template specialization 'nlohmann::detail::parser<nlohmann::basic_json<>, nlohmann::detail::iterator_input_adapter<const char *>>::sax_parse_internal<nlohmann::detail::json_sax_dom_callback_parser<nlohmann::basic_json<>, nlohmann::detail::iterator_input_adapter<const char *>>>' requested here
[build]   100 |             sax_parse_internal(&sdp);
[build]       |             ^
[build] C:\Users\pperv\code\unnamed_rpg\vendor\json\include\nlohmann/json.hpp(4112,148): note: in instantiation of member function 'nlohmann::detail::parser<nlohmann::basic_json<>, nlohmann::detail::iterator_input_adapter<const char *>>::parse' requested here
[build]  4112 |         parser(detail::input_adapter(std::move(first), std::move(last)), std::move(cb), allow_exceptions, ignore_comments, ignore_trailing_commas).parse(true, result); // cppcheck-suppress[accessMoved]
[build]       |                                                                                                                                                    ^
[build] C:\Users\pperv\code\unnamed_rpg\vendor\json\include\nlohmann/json.hpp(5294,28): note: in instantiation of function template specialization 'nlohmann::basic_json<>::parse<const char *, const char *, 0>' requested here
[build]  5294 |     return nlohmann::json::parse(s, s + n);
[build]       |                            ^
[build] In file included from C:\Users\pperv\code\unnamed_rpg\vendor\json-schema-validator\src\json-patch.cpp:1:
[build] In file included from C:\Users\pperv\code\unnamed_rpg\vendor\json-schema-validator\src\json-patch.hpp:3:
[build] In file included from C:\Users\pperv\code\unnamed_rpg\vendor\json\include\nlohmann/json.hpp:44:
[build] In file included from C:\Users\pperv\code\unnamed_rpg\vendor\json\include\nlohmann/adl_serializer.hpp:15:
[build] C:\Users\pperv\code\unnamed_rpg\vendor\json\include\nlohmann/detail/conversions/to_json.hpp(137,27): warning: enumeration type in nested name specifier is incompatible with C++98 [-Wc++98-compat]
[build]   137 |         j.m_data.m_type = value_t::number_unsigned;
[build]       |                           ^
[build] C:\Users\pperv\code\unnamed_rpg\vendor\json\include\nlohmann/detail/conversions/to_json.hpp(516,16): note: in instantiation of function template specialization 'nlohmann::detail::to_json<nlohmann::basic_json<>, unsigned long long, 0>' requested here
[build]   516 |         return to_json(j, std::forward<T>(val));
[build]       |                ^
[build] C:\Users\pperv\code\unnamed_rpg\vendor\json\include\nlohmann/adl_serializer.hpp(51,9): note: in instantiation of function template specialization 'nlohmann::detail::to_json_fn::operator()<nlohmann::basic_json<>, unsigned long long &>' requested here
[build]    51 |         ::nlohmann::to_json(j, std::forward<TargetType>(val));
[build]       |         ^
[build] C:\Users\pperv\code\unnamed_rpg\vendor\json\include\nlohmann/json.hpp(872,28): note: in instantiation of function template specialization 'nlohmann::adl_serializer<unsigned long long>::to_json<nlohmann::basic_json<>, unsigned long long &>' requested here
[build]   872 |         JSONSerializer<U>::to_json(*this, std::forward<CompatibleType>(val));
[build]       |                            ^
[build] C:\Users\pperv\code\unnamed_rpg\vendor\json\include\nlohmann/detail/input/json_sax.hpp(853,22): note: in instantiation of function template specialization 'nlohmann::basic_json<>::basic_json<unsigned long long &, unsigned long long, 0>' requested here
[build]   853 |         auto value = BasicJsonType(std::forward<Value>(v));
[build]       |                      ^
[build] C:\Users\pperv\code\unnamed_rpg\vendor\json\include\nlohmann/detail/input/json_sax.hpp(523,9): note: in instantiation of function template specialization 'nlohmann::detail::json_sax_dom_callback_parser<nlohmann::basic_json<>, nlohmann::detail::iterator_input_adapter<const char *>>::handle_value<unsigned long long &>' requested here
[build]   523 |         handle_value(val);
[build]       |         ^
[build] C:\Users\pperv\code\unnamed_rpg\vendor\json\include\nlohmann/detail/input/parser.hpp(332,56): note: in instantiation of member function 'nlohmann::detail::json_sax_dom_callback_parser<nlohmann::basic_json<>, nlohmann::detail::iterator_input_adapter<const char *>>::number_unsigned' requested here
[build]   332 |                         if (JSON_HEDLEY_UNLIKELY(!sax->number_unsigned(m_lexer.get_number_unsigned())))
[build]       |                                                        ^
[build] C:\Users\pperv\code\unnamed_rpg\vendor\json\include\nlohmann/thirdparty/hedley/hedley.hpp(1360,94): note: expanded from macro 'JSON_HEDLEY_UNLIKELY'
[build]  1360 | #  define JSON_HEDLEY_UNLIKELY(expr)                    __builtin_expect                 (!!(expr),    0                  )
[build]       |                                                                                              ^
[build] C:\Users\pperv\code\unnamed_rpg\vendor\json\include\nlohmann/detail/input/parser.hpp(100,13): note: in instantiation of function template specialization 'nlohmann::detail::parser<nlohmann::basic_json<>, nlohmann::detail::iterator_input_adapter<const char *>>::sax_parse_internal<nlohmann::detail::json_sax_dom_callback_parser<nlohmann::basic_json<>, nlohmann::detail::iterator_input_adapter<const char *>>>' requested here
[build]   100 |             sax_parse_internal(&sdp);
[build]       |             ^
[build] C:\Users\pperv\code\unnamed_rpg\vendor\json\include\nlohmann/json.hpp(4112,148): note: in instantiation of member function 'nlohmann::detail::parser<nlohmann::basic_json<>, nlohmann::detail::iterator_input_adapter<const char *>>::parse' requested here
[build]  4112 |         parser(detail::input_adapter(std::move(first), std::move(last)), std::move(cb), allow_exceptions, ignore_comments, ignore_trailing_commas).parse(true, result); // cppcheck-suppress[accessMoved]
[build]       |                                                                                                                                                    ^
[build] C:\Users\pperv\code\unnamed_rpg\vendor\json\include\nlohmann/json.hpp(5294,28): note: in instantiation of function template specialization 'nlohmann::basic_json<>::parse<const char *, const char *, 0>' requested here
[build]  5294 |     return nlohmann::json::parse(s, s + n);
[build]       |                            ^
[build] In file included from C:\Users\pperv\code\unnamed_rpg\vendor\json-schema-validator\src\json-patch.cpp:1:
[build] In file included from C:\Users\pperv\code\unnamed_rpg\vendor\json-schema-validator\src\json-patch.hpp:3:
[build] In file included from C:\Users\pperv\code\unnamed_rpg\vendor\json\include\nlohmann/json.hpp:44:
[build] In file included from C:\Users\pperv\code\unnamed_rpg\vendor\json\include\nlohmann/adl_serializer.hpp:15:
[build] C:\Users\pperv\code\unnamed_rpg\vendor\json\include\nlohmann/detail/conversions/to_json.hpp(137,27): warning: enumeration type in nested name specifier is incompatible with C++98 [-Wc++98-compat]
[build]   137 |         j.m_data.m_type = value_t::number_unsigned;
[build]       |                           ^
[build] C:\Users\pperv\code\unnamed_rpg\vendor\json\include\nlohmann/detail/conversions/to_json.hpp(347,53): note: in instantiation of function template specialization 'nlohmann::detail::external_constructor<nlohmann::detail::value_t::number_unsigned>::construct<nlohmann::basic_json<>>' requested here
[build]   347 |     external_constructor<value_t::number_unsigned>::construct(j, static_cast<typename BasicJsonType::number_unsigned_t>(val));
[build]       |                                                     ^
[build] C:\Users\pperv\code\unnamed_rpg\vendor\json\include\nlohmann/detail/conversions/to_json.hpp(516,16): note: in instantiation of function template specialization 'nlohmann::detail::to_json<nlohmann::basic_json<>, unsigned long long, 0>' requested here
[build]   516 |         return to_json(j, std::forward<T>(val));
[build]       |                ^
[build] C:\Users\pperv\code\unnamed_rpg\vendor\json\include\nlohmann/adl_serializer.hpp(51,9): note: in instantiation of function template specialization 'nlohmann::detail::to_json_fn::operator()<nlohmann::basic_json<>, unsigned long long &>' requested here
[build]    51 |         ::nlohmann::to_json(j, std::forward<TargetType>(val));
[build]       |         ^
[build] C:\Users\pperv\code\unnamed_rpg\vendor\json\include\nlohmann/json.hpp(872,28): note: in instantiation of function template specialization 'nlohmann::adl_serializer<unsigned long long>::to_json<nlohmann::basic_json<>, unsigned long long &>' requested here
[build]   872 |         JSONSerializer<U>::to_json(*this, std::forward<CompatibleType>(val));
[build]       |                            ^
[build] C:\Users\pperv\code\unnamed_rpg\vendor\json\include\nlohmann/detail/input/json_sax.hpp(853,22): note: in instantiation of function template specialization 'nlohmann::basic_json<>::basic_json<unsigned long long &, unsigned long long, 0>' requested here
[build]   853 |         auto value = BasicJsonType(std::forward<Value>(v));
[build]       |                      ^
[build] C:\Users\pperv\code\unnamed_rpg\vendor\json\include\nlohmann/detail/input/json_sax.hpp(523,9): note: in instantiation of function template specialization 'nlohmann::detail::json_sax_dom_callback_parser<nlohmann::basic_json<>, nlohmann::detail::iterator_input_adapter<const char *>>::handle_value<unsigned long long &>' requested here
[build]   523 |         handle_value(val);
[build]       |         ^
[build] C:\Users\pperv\code\unnamed_rpg\vendor\json\include\nlohmann/detail/input/parser.hpp(332,56): note: in instantiation of member function 'nlohmann::detail::json_sax_dom_callback_parser<nlohmann::basic_json<>, nlohmann::detail::iterator_input_adapter<const char *>>::number_unsigned' requested here
[build]   332 |                         if (JSON_HEDLEY_UNLIKELY(!sax->number_unsigned(m_lexer.get_number_unsigned())))
[build]       |                                                        ^
[build] C:\Users\pperv\code\unnamed_rpg\vendor\json\include\nlohmann/thirdparty/hedley/hedley.hpp(1360,94): note: expanded from macro 'JSON_HEDLEY_UNLIKELY'
[build]  1360 | #  define JSON_HEDLEY_UNLIKELY(expr)                    __builtin_expect                 (!!(expr),    0                  )
[build]       |                                                                                              ^
[build] C:\Users\pperv\code\unnamed_rpg\vendor\json\include\nlohmann/detail/input/parser.hpp(100,13): note: in instantiation of function template specialization 'nlohmann::detail::parser<nlohmann::basic_json<>, nlohmann::detail::iterator_input_adapter<const char *>>::sax_parse_internal<nlohmann::detail::json_sax_dom_callback_parser<nlohmann::basic_json<>, nlohmann::detail::iterator_input_adapter<const char *>>>' requested here
[build]   100 |             sax_parse_internal(&sdp);
[build]       |             ^
[build] C:\Users\pperv\code\unnamed_rpg\vendor\json\include\nlohmann/json.hpp(4112,148): note: in instantiation of member function 'nlohmann::detail::parser<nlohmann::basic_json<>, nlohmann::detail::iterator_input_adapter<const char *>>::parse' requested here
[build]  4112 |         parser(detail::input_adapter(std::move(first), std::move(last)), std::move(cb), allow_exceptions, ignore_comments, ignore_trailing_commas).parse(true, result); // cppcheck-suppress[accessMoved]
[build]       |                                                                                                                                                    ^
[build] C:\Users\pperv\code\unnamed_rpg\vendor\json\include\nlohmann/json.hpp(5294,28): note: in instantiation of function template specialization 'nlohmann::basic_json<>::parse<const char *, const char *, 0>' requested here
[build]  5294 |     return nlohmann::json::parse(s, s + n);
[build]       |                            ^
[build] In file included from C:\Users\pperv\code\unnamed_rpg\vendor\json-schema-validator\src\json-patch.cpp:1:
[build] In file included from C:\Users\pperv\code\unnamed_rpg\vendor\json-schema-validator\src\json-patch.hpp:3:
[build] In file included from C:\Users\pperv\code\unnamed_rpg\vendor\json\include\nlohmann/json.hpp:50:
[build] In file included from C:\Users\pperv\code\unnamed_rpg\vendor\json\include\nlohmann/detail/input/binary_reader.hpp:29:
[build] In file included from C:\Users\pperv\code\unnamed_rpg\vendor\json\include\nlohmann/detail/input/json_sax.hpp:18:
[build] C:\Users\pperv\code\unnamed_rpg\vendor\json\include\nlohmann/detail/input/lexer.hpp(1563,130): warning: generalized initializer lists are incompatible with C++98 [-Wc++98-compat]
[build]  1563 |         const std::vector<char_type>& chars = collect_token_chars(reconstructed, std::integral_constant<bool, lazy_token_string> {});
[build]       |                                                                                                                                  ^
[build] C:\Users\pperv\code\unnamed_rpg\vendor\json\include\nlohmann/detail/input/lexer.hpp(1567,20): warning: 'auto' type specifier is incompatible with C++98 [-Wc++98-compat]
[build]  1567 |         for (const auto c : chars)
[build]       |                    ^~~~
[build] C:\Users\pperv\code\unnamed_rpg\vendor\json\include\nlohmann/json.hpp(4112,148): note: in instantiation of member function 'nlohmann::detail::parser<nlohmann::basic_json<>, nlohmann::detail::iterator_input_adapter<const char *>>::parse' requested here
[build]  4112 |         parser(detail::input_adapter(std::move(first), std::move(last)), std::move(cb), allow_exceptions, ignore_comments, ignore_trailing_commas).parse(true, result); // cppcheck-suppress[accessMoved]
[build]       |                                                                                                                                                    ^
[build] C:\Users\pperv\code\unnamed_rpg\vendor\json\include\nlohmann/json.hpp(5294,28): note: in instantiation of function template specialization 'nlohmann::basic_json<>::parse<const char *, const char *, 0>' requested here
[build]  5294 |     return nlohmann::json::parse(s, s + n);
[build]       |                            ^
[build] In file included from C:\Users\pperv\code\unnamed_rpg\vendor\json-schema-validator\src\json-patch.cpp:1:
[build] In file included from C:\Users\pperv\code\unnamed_rpg\vendor\json-schema-validator\src\json-patch.hpp:3:
[build] In file included from C:\Users\pperv\code\unnamed_rpg\vendor\json\include\nlohmann/json.hpp:50:
[build] In file included from C:\Users\pperv\code\unnamed_rpg\vendor\json\include\nlohmann/detail/input/binary_reader.hpp:29:
[build] In file included from C:\Users\pperv\code\unnamed_rpg\vendor\json\include\nlohmann/detail/input/json_sax.hpp:18:
[build] C:\Users\pperv\code\unnamed_rpg\vendor\json\include\nlohmann/detail/input/lexer.hpp(1567,27): warning: range-based for loop is incompatible with C++98 [-Wc++98-compat]
[build]  1567 |         for (const auto c : chars)
[build]       |                           ^
[build] C:\Users\pperv\code\unnamed_rpg\vendor\json\include\nlohmann/detail/input/lexer.hpp(1572,39): warning: generalized initializer lists are incompatible with C++98 [-Wc++98-compat]
[build]  1572 |                 std::array<char, 9> cs{{}};
[build]       |                                       ^
[build] In file included from C:\Users\pperv\code\unnamed_rpg\vendor\json-schema-validator\src\json-patch.cpp:1:
[build] In file included from C:\Users\pperv\code\unnamed_rpg\vendor\json-schema-validator\src\json-patch.hpp:3:
[build] In file included from C:\Users\pperv\code\unnamed_rpg\vendor\json\include\nlohmann/json.hpp:50:
[build] In file included from C:\Users\pperv\code\unnamed_rpg\vendor\json\include\nlohmann/detail/input/binary_reader.hpp:28:
[build] C:\Users\pperv\code\unnamed_rpg\vendor\json\include\nlohmann/detail/input/input_adapters.hpp(204,15): warning: 'auto' type specifier is incompatible with C++98 [-Wc++98-compat]
[build]   204 |         const auto from = std::next(begin, static_cast<typename std::iterator_traits<IteratorType>::difference_type>(first_index));
[build]       |               ^~~~
[build] C:\Users\pperv\code\unnamed_rpg\vendor\json\include\nlohmann/detail/input/lexer.hpp(1563,47): note: in instantiation of member function 'nlohmann::detail::lexer<nlohmann::basic_json<>, nlohmann::detail::iterator_input_adapter<const char *>>::collect_token_chars' requested here
[build]  1563 |         const std::vector<char_type>& chars = collect_token_chars(reconstructed, std::integral_constant<bool, lazy_token_string> {});
[build]       |                                               ^
[build] C:\Users\pperv\code\unnamed_rpg\vendor\json\include\nlohmann/detail/input/parser.hpp(106,41): note: in instantiation of member function 'nlohmann::detail::lexer<nlohmann::basic_json<>, nlohmann::detail::iterator_input_adapter<const char *>>::get_token_string' requested here
[build]   106 |                                 m_lexer.get_token_string(),
[build]       |                                         ^
[build] C:\Users\pperv\code\unnamed_rpg\vendor\json\include\nlohmann/json.hpp(4112,148): note: in instantiation of member function 'nlohmann::detail::parser<nlohmann::basic_json<>, nlohmann::detail::iterator_input_adapter<const char *>>::parse' requested here
[build]  4112 |         parser(detail::input_adapter(std::move(first), std::move(last)), std::move(cb), allow_exceptions, ignore_comments, ignore_trailing_commas).parse(true, result); // cppcheck-suppress[accessMoved]
[build]       |                                                                                                                                                    ^
[build] C:\Users\pperv\code\unnamed_rpg\vendor\json\include\nlohmann/json.hpp(5294,28): note: in instantiation of function template specialization 'nlohmann::basic_json<>::parse<const char *, const char *, 0>' requested here
[build]  5294 |     return nlohmann::json::parse(s, s + n);
[build]       |                            ^
[build] In file included from C:\Users\pperv\code\unnamed_rpg\vendor\json-schema-validator\src\json-patch.cpp:1:
[build] In file included from C:\Users\pperv\code\unnamed_rpg\vendor\json-schema-validator\src\json-patch.hpp:3:
[build] In file included from C:\Users\pperv\code\unnamed_rpg\vendor\json\include\nlohmann/json.hpp:50:
[build] In file included from C:\Users\pperv\code\unnamed_rpg\vendor\json\include\nlohmann/detail/input/binary_reader.hpp:28:
[build] C:\Users\pperv\code\unnamed_rpg\vendor\json\include\nlohmann/detail/input/input_adapters.hpp(205,15): warning: 'auto' type specifier is incompatible with C++98 [-Wc++98-compat]
[build]   205 |         const auto to = std::next(begin, static_cast<typename std::iterator_traits<IteratorType>::difference_type>(last_index));
[build]       |               ^~~~
[build] In file included from C:\Users\pperv\code\unnamed_rpg\vendor\json-schema-validator\src\json-patch.cpp:1:
[build] In file included from C:\Users\pperv\code\unnamed_rpg\vendor\json-schema-validator\src\json-patch.hpp:3:
[build] In file included from C:\Users\pperv\code\unnamed_rpg\vendor\json\include\nlohmann/json.hpp:53:
[build] C:\Users\pperv\code\unnamed_rpg\vendor\json\include\nlohmann/detail/input/parser.hpp(504,27): warning: enumeration type in nested name specifier is incompatible with C++98 [-Wc++98-compat]
[build]   504 |         if (last_token == token_type::parse_error)
[build]       |                           ^
[build] C:\Users\pperv\code\unnamed_rpg\vendor\json\include\nlohmann/detail/input/parser.hpp(108,53): note: in instantiation of member function 'nlohmann::detail::parser<nlohmann::basic_json<>, nlohmann::detail::iterator_input_adapter<const char *>>::exception_message' requested here
[build]   108 |                                                     exception_message(token_type::end_of_input, "value"), nullptr));
[build]       |                                                     ^
[build] C:\Users\pperv\code\unnamed_rpg\vendor\json\include\nlohmann/json.hpp(4112,148): note: in instantiation of member function 'nlohmann::detail::parser<nlohmann::basic_json<>, nlohmann::detail::iterator_input_adapter<const char *>>::parse' requested here
[build]  4112 |         parser(detail::input_adapter(std::move(first), std::move(last)), std::move(cb), allow_exceptions, ignore_comments, ignore_trailing_commas).parse(true, result); // cppcheck-suppress[accessMoved]
[build]       |                                                                                                                                                    ^
[build] C:\Users\pperv\code\unnamed_rpg\vendor\json\include\nlohmann/json.hpp(5294,28): note: in instantiation of function template specialization 'nlohmann::basic_json<>::parse<const char *, const char *, 0>' requested here
[build]  5294 |     return nlohmann::json::parse(s, s + n);
[build]       |                            ^
[build] In file included from C:\Users\pperv\code\unnamed_rpg\vendor\json-schema-validator\src\json-patch.cpp:1:
[build] In file included from C:\Users\pperv\code\unnamed_rpg\vendor\json-schema-validator\src\json-patch.hpp:3:
[build] In file included from C:\Users\pperv\code\unnamed_rpg\vendor\json\include\nlohmann/json.hpp:53:
[build] C:\Users\pperv\code\unnamed_rpg\vendor\json\include\nlohmann/detail/input/parser.hpp(514,25): warning: enumeration type in nested name specifier is incompatible with C++98 [-Wc++98-compat]
[build]   514 |         if (expected != token_type::uninitialized)
[build]       |                         ^
[build] In file included from C:\Users\pperv\code\unnamed_rpg\vendor\json-schema-validator\src\json-patch.cpp:1:
[build] In file included from C:\Users\pperv\code\unnamed_rpg\vendor\json-schema-validator\src\json-patch.hpp:3:
[build] In file included from C:\Users\pperv\code\unnamed_rpg\vendor\json\include\nlohmann/json.hpp:50:
[build] In file included from C:\Users\pperv\code\unnamed_rpg\vendor\json\include\nlohmann/detail/input/binary_reader.hpp:29:
[build] In file included from C:\Users\pperv\code\unnamed_rpg\vendor\json\include\nlohmann/detail/input/json_sax.hpp:18:
[build] C:\Users\pperv\code\unnamed_rpg\vendor\json\include\nlohmann/detail/input/lexer.hpp(67,18): warning: enumeration type in nested name specifier is incompatible with C++98 [-Wc++98-compat]
[build]    67 |             case token_type::uninitialized:
[build]       |                  ^
[build] C:\Users\pperv\code\unnamed_rpg\vendor\json\include\nlohmann/detail/input/lexer.hpp(69,18): warning: enumeration type in nested name specifier is incompatible with C++98 [-Wc++98-compat]
[build]    69 |             case token_type::literal_true:
[build]       |                  ^
[build] C:\Users\pperv\code\unnamed_rpg\vendor\json\include\nlohmann/detail/input/lexer.hpp(71,18): warning: enumeration type in nested name specifier is incompatible with C++98 [-Wc++98-compat]
[build]    71 |             case token_type::literal_false:
[build]       |                  ^
[build] C:\Users\pperv\code\unnamed_rpg\vendor\json\include\nlohmann/detail/input/lexer.hpp(73,18): warning: enumeration type in nested name specifier is incompatible with C++98 [-Wc++98-compat]
[build]    73 |             case token_type::literal_null:
[build]       |                  ^
[build] C:\Users\pperv\code\unnamed_rpg\vendor\json\include\nlohmann/detail/input/lexer.hpp(75,18): warning: enumeration type in nested name specifier is incompatible with C++98 [-Wc++98-compat]
[build]    75 |             case token_type::value_string:
[build]       |                  ^
[build] C:\Users\pperv\code\unnamed_rpg\vendor\json\include\nlohmann/detail/input/lexer.hpp(77,18): warning: enumeration type in nested name specifier is incompatible with C++98 [-Wc++98-compat]
[build]    77 |             case token_type::value_unsigned:
[build]       |                  ^
[build] C:\Users\pperv\code\unnamed_rpg\vendor\json\include\nlohmann/detail/input/lexer.hpp(78,18): warning: enumeration type in nested name specifier is incompatible with C++98 [-Wc++98-compat]
[build]    78 |             case token_type::value_integer:
[build]       |                  ^
[build] C:\Users\pperv\code\unnamed_rpg\vendor\json\include\nlohmann/detail/input/lexer.hpp(79,18): warning: enumeration type in nested name specifier is incompatible with C++98 [-Wc++98-compat]
[build]    79 |             case token_type::value_float:
[build]       |                  ^
[build] C:\Users\pperv\code\unnamed_rpg\vendor\json\include\nlohmann/detail/input/lexer.hpp(81,18): warning: enumeration type in nested name specifier is incompatible with C++98 [-Wc++98-compat]
[build]    81 |             case token_type::begin_array:
[build]       |                  ^
[build] C:\Users\pperv\code\unnamed_rpg\vendor\json\include\nlohmann/detail/input/lexer.hpp(83,18): warning: enumeration type in nested name specifier is incompatible with C++98 [-Wc++98-compat]
[build]    83 |             case token_type::begin_object:
[build]       |                  ^
[build] C:\Users\pperv\code\unnamed_rpg\vendor\json\include\nlohmann/detail/input/lexer.hpp(85,18): warning: enumeration type in nested name specifier is incompatible with C++98 [-Wc++98-compat]
[build]    85 |             case token_type::end_array:
[build]       |                  ^
[build] C:\Users\pperv\code\unnamed_rpg\vendor\json\include\nlohmann/detail/input/lexer.hpp(87,18): warning: enumeration type in nested name specifier is incompatible with C++98 [-Wc++98-compat]
[build]    87 |             case token_type::end_object:
[build]       |                  ^
[build] C:\Users\pperv\code\unnamed_rpg\vendor\json\include\nlohmann/detail/input/lexer.hpp(89,18): warning: enumeration type in nested name specifier is incompatible with C++98 [-Wc++98-compat]
[build]    89 |             case token_type::name_separator:
[build]       |                  ^
[build] C:\Users\pperv\code\unnamed_rpg\vendor\json\include\nlohmann/detail/input/lexer.hpp(91,18): warning: enumeration type in nested name specifier is incompatible with C++98 [-Wc++98-compat]
[build]    91 |             case token_type::value_separator:
[build]       |                  ^
[build] C:\Users\pperv\code\unnamed_rpg\vendor\json\include\nlohmann/detail/input/lexer.hpp(93,18): warning: enumeration type in nested name specifier is incompatible with C++98 [-Wc++98-compat]
[build]    93 |             case token_type::parse_error:
[build]       |                  ^
[build] C:\Users\pperv\code\unnamed_rpg\vendor\json\include\nlohmann/detail/input/lexer.hpp(95,18): warning: enumeration type in nested name specifier is incompatible with C++98 [-Wc++98-compat]
[build]    95 |             case token_type::end_of_input:
[build]       |                  ^
[build] C:\Users\pperv\code\unnamed_rpg\vendor\json\include\nlohmann/detail/input/lexer.hpp(97,18): warning: enumeration type in nested name specifier is incompatible with C++98 [-Wc++98-compat]
[build]    97 |             case token_type::literal_or_value:
[build]       |                  ^
[build] C:\Users\pperv\code\unnamed_rpg\vendor\json\include\nlohmann/detail/input/lexer.hpp(67,18): warning: enumeration type in nested name specifier is incompatible with C++98 [-Wc++98-compat]
[build]    67 |             case token_type::uninitialized:
[build]       |                  ^
[build] C:\Users\pperv\code\unnamed_rpg\vendor\json\include\nlohmann/detail/input/parser.hpp(511,57): note: in instantiation of member function 'nlohmann::detail::lexer_base<nlohmann::basic_json<>>::token_type_name' requested here
[build]   511 |             error_msg += concat("unexpected ", lexer_t::token_type_name(last_token));
[build]       |                                                         ^
[build] C:\Users\pperv\code\unnamed_rpg\vendor\json\include\nlohmann/detail/input/parser.hpp(108,53): note: in instantiation of member function 'nlohmann::detail::parser<nlohmann::basic_json<>, nlohmann::detail::iterator_input_adapter<const char *>>::exception_message' requested here
[build]   108 |                                                     exception_message(token_type::end_of_input, "value"), nullptr));
[build]       |                                                     ^
[build] C:\Users\pperv\code\unnamed_rpg\vendor\json\include\nlohmann/json.hpp(4112,148): note: in instantiation of member function 'nlohmann::detail::parser<nlohmann::basic_json<>, nlohmann::detail::iterator_input_adapter<const char *>>::parse' requested here
[build]  4112 |         parser(detail::input_adapter(std::move(first), std::move(last)), std::move(cb), allow_exceptions, ignore_comments, ignore_trailing_commas).parse(true, result); // cppcheck-suppress[accessMoved]
[build]       |                                                                                                                                                    ^
[build] C:\Users\pperv\code\unnamed_rpg\vendor\json\include\nlohmann/json.hpp(5294,28): note: in instantiation of function template specialization 'nlohmann::basic_json<>::parse<const char *, const char *, 0>' requested here
[build]  5294 |     return nlohmann::json::parse(s, s + n);
[build]       |                            ^
[build] In file included from C:\Users\pperv\code\unnamed_rpg\vendor\json-schema-validator\src\json-patch.cpp:1:
[build] In file included from C:\Users\pperv\code\unnamed_rpg\vendor\json-schema-validator\src\json-patch.hpp:3:
[build] In file included from C:\Users\pperv\code\unnamed_rpg\vendor\json\include\nlohmann/json.hpp:50:
[build] In file included from C:\Users\pperv\code\unnamed_rpg\vendor\json\include\nlohmann/detail/input/binary_reader.hpp:29:
[build] In file included from C:\Users\pperv\code\unnamed_rpg\vendor\json\include\nlohmann/detail/input/json_sax.hpp:18:
[build] C:\Users\pperv\code\unnamed_rpg\vendor\json\include\nlohmann/detail/input/lexer.hpp(69,18): warning: enumeration type in nested name specifier is incompatible with C++98 [-Wc++98-compat]
[build]    69 |             case token_type::literal_true:
[build]       |                  ^
[build] C:\Users\pperv\code\unnamed_rpg\vendor\json\include\nlohmann/detail/input/lexer.hpp(71,18): warning: enumeration type in nested name specifier is incompatible with C++98 [-Wc++98-compat]
[build]    71 |             case token_type::literal_false:
[build]       |                  ^
[build] C:\Users\pperv\code\unnamed_rpg\vendor\json\include\nlohmann/detail/input/lexer.hpp(73,18): warning: enumeration type in nested name specifier is incompatible with C++98 [-Wc++98-compat]
[build]    73 |             case token_type::literal_null:
[build]       |                  ^
[build] C:\Users\pperv\code\unnamed_rpg\vendor\json\include\nlohmann/detail/input/lexer.hpp(75,18): warning: enumeration type in nested name specifier is incompatible with C++98 [-Wc++98-compat]
[build]    75 |             case token_type::value_string:
[build]       |                  ^
[build] C:\Users\pperv\code\unnamed_rpg\vendor\json\include\nlohmann/detail/input/lexer.hpp(77,18): warning: enumeration type in nested name specifier is incompatible with C++98 [-Wc++98-compat]
[build]    77 |             case token_type::value_unsigned:
[build]       |                  ^
[build] C:\Users\pperv\code\unnamed_rpg\vendor\json\include\nlohmann/detail/input/lexer.hpp(78,18): warning: enumeration type in nested name specifier is incompatible with C++98 [-Wc++98-compat]
[build]    78 |             case token_type::value_integer:
[build]       |                  ^
[build] C:\Users\pperv\code\unnamed_rpg\vendor\json\include\nlohmann/detail/input/lexer.hpp(79,18): warning: enumeration type in nested name specifier is incompatible with C++98 [-Wc++98-compat]
[build]    79 |             case token_type::value_float:
[build]       |                  ^
[build] C:\Users\pperv\code\unnamed_rpg\vendor\json\include\nlohmann/detail/input/lexer.hpp(81,18): warning: enumeration type in nested name specifier is incompatible with C++98 [-Wc++98-compat]
[build]    81 |             case token_type::begin_array:
[build]       |                  ^
[build] C:\Users\pperv\code\unnamed_rpg\vendor\json\include\nlohmann/detail/input/lexer.hpp(83,18): warning: enumeration type in nested name specifier is incompatible with C++98 [-Wc++98-compat]
[build]    83 |             case token_type::begin_object:
[build]       |                  ^
[build] C:\Users\pperv\code\unnamed_rpg\vendor\json\include\nlohmann/detail/input/lexer.hpp(85,18): warning: enumeration type in nested name specifier is incompatible with C++98 [-Wc++98-compat]
[build]    85 |             case token_type::end_array:
[build]       |                  ^
[build] C:\Users\pperv\code\unnamed_rpg\vendor\json\include\nlohmann/detail/input/lexer.hpp(87,18): warning: enumeration type in nested name specifier is incompatible with C++98 [-Wc++98-compat]
[build]    87 |             case token_type::end_object:
[build]       |                  ^
[build] C:\Users\pperv\code\unnamed_rpg\vendor\json\include\nlohmann/detail/input/lexer.hpp(89,18): warning: enumeration type in nested name specifier is incompatible with C++98 [-Wc++98-compat]
[build]    89 |             case token_type::name_separator:
[build]       |                  ^
[build] C:\Users\pperv\code\unnamed_rpg\vendor\json\include\nlohmann/detail/input/lexer.hpp(91,18): warning: enumeration type in nested name specifier is incompatible with C++98 [-Wc++98-compat]
[build]    91 |             case token_type::value_separator:
[build]       |                  ^
[build] C:\Users\pperv\code\unnamed_rpg\vendor\json\include\nlohmann/detail/input/lexer.hpp(93,18): warning: enumeration type in nested name specifier is incompatible with C++98 [-Wc++98-compat]
[build]    93 |             case token_type::parse_error:
[build]       |                  ^
[build] C:\Users\pperv\code\unnamed_rpg\vendor\json\include\nlohmann/detail/input/lexer.hpp(95,18): warning: enumeration type in nested name specifier is incompatible with C++98 [-Wc++98-compat]
[build]    95 |             case token_type::end_of_input:
[build]       |                  ^
[build] C:\Users\pperv\code\unnamed_rpg\vendor\json\include\nlohmann/detail/input/lexer.hpp(97,18): warning: enumeration type in nested name specifier is incompatible with C++98 [-Wc++98-compat]
[build]    97 |             case token_type::literal_or_value:
[build]       |                  ^
[build] C:\Users\pperv\code\unnamed_rpg\vendor\json\include\nlohmann/detail/input/lexer.hpp(100,13): warning: default label in switch which covers all enumeration values [-Wcovered-switch-default]
[build]   100 |             default: // catch non-enum values
[build]       |             ^
[build] In file included from C:\Users\pperv\code\unnamed_rpg\vendor\json-schema-validator\src\json-patch.cpp:1:
[build] In file included from C:\Users\pperv\code\unnamed_rpg\vendor\json-schema-validator\src\json-patch.hpp:3:
[build] In file included from C:\Users\pperv\code\unnamed_rpg\vendor\json\include\nlohmann/json.hpp:44:
[build] In file included from C:\Users\pperv\code\unnamed_rpg\vendor\json\include\nlohmann/adl_serializer.hpp:14:
[build] In file included from C:\Users\pperv\code\unnamed_rpg\vendor\json\include\nlohmann/detail/conversions/from_json.hpp:24:
[build] C:\Users\pperv\code\unnamed_rpg\vendor\json\include\nlohmann/detail/exceptions.hpp(183,16): warning: generalized initializer lists are incompatible with C++98 [-Wc++98-compat]
[build]   183 |         return {id_, pos.chars_read_total, w.c_str()};
[build]       |                ^~~~~~~~~~~~~~~~~~~~~~~~~~~~~~~~~~~~~~
[build] C:\Users\pperv\code\unnamed_rpg\vendor\json\include\nlohmann/detail/exceptions.hpp(183,16): warning: constructor call from initializer list is incompatible with C++98 [-Wc++98-compat]
[build]   183 |         return {id_, pos.chars_read_total, w.c_str()};
[build]       |                ^~~~~~~~~~~~~~~~~~~~~~~~~~~~~~~~~~~~~~
[build] C:\Users\pperv\code\unnamed_rpg\vendor\json\include\nlohmann/json.hpp(4112,148): note: in instantiation of member function 'nlohmann::detail::parser<nlohmann::basic_json<>, nlohmann::detail::iterator_input_adapter<const char *>>::parse' requested here
[build]  4112 |         parser(detail::input_adapter(std::move(first), std::move(last)), std::move(cb), allow_exceptions, ignore_comments, ignore_trailing_commas).parse(true, result); // cppcheck-suppress[accessMoved]
[build]       |                                                                                                                                                    ^
[build] C:\Users\pperv\code\unnamed_rpg\vendor\json\include\nlohmann/json.hpp(5294,28): note: in instantiation of function template specialization 'nlohmann::basic_json<>::parse<const char *, const char *, 0>' requested here
[build]  5294 |     return nlohmann::json::parse(s, s + n);
[build]       |                            ^
[build] In file included from C:\Users\pperv\code\unnamed_rpg\vendor\json-schema-validator\src\json-patch.cpp:1:
[build] In file included from C:\Users\pperv\code\unnamed_rpg\vendor\json-schema-validator\src\json-patch.hpp:3:
[build] In file included from C:\Users\pperv\code\unnamed_rpg\vendor\json\include\nlohmann/json.hpp:44:
[build] In file included from C:\Users\pperv\code\unnamed_rpg\vendor\json\include\nlohmann/adl_serializer.hpp:14:
[build] In file included from C:\Users\pperv\code\unnamed_rpg\vendor\json\include\nlohmann/detail/conversions/from_json.hpp:24:
[build] C:\Users\pperv\code\unnamed_rpg\vendor\json\include\nlohmann/detail/exceptions.hpp(183,16): warning: constructor call from initializer list is incompatible with C++98 [-Wc++98-compat]
[build]   183 |         return {id_, pos.chars_read_total, w.c_str()};
[build]       |                ^~~~~~~~~~~~~~~~~~~~~~~~~~~~~~~~~~~~~~
[build] C:\Users\pperv\code\unnamed_rpg\vendor\json\include\nlohmann/detail/input/parser.hpp(107,46): note: in instantiation of function template specialization 'nlohmann::detail::parse_error::create<std::nullptr_t, 0>' requested here
[build]   107 |                                 parse_error::create(101, m_lexer.get_position(),
[build]       |                                              ^
[build] C:\Users\pperv\code\unnamed_rpg\vendor\json\include\nlohmann/json.hpp(4112,148): note: in instantiation of member function 'nlohmann::detail::parser<nlohmann::basic_json<>, nlohmann::detail::iterator_input_adapter<const char *>>::parse' requested here
[build]  4112 |         parser(detail::input_adapter(std::move(first), std::move(last)), std::move(cb), allow_exceptions, ignore_comments, ignore_trailing_commas).parse(true, result); // cppcheck-suppress[accessMoved]
[build]       |                                                                                                                                                    ^
[build] C:\Users\pperv\code\unnamed_rpg\vendor\json\include\nlohmann/json.hpp(5294,28): note: in instantiation of function template specialization 'nlohmann::basic_json<>::parse<const char *, const char *, 0>' requested here
[build]  5294 |     return nlohmann::json::parse(s, s + n);
[build]       |                            ^
[build] In file included from C:\Users\pperv\code\unnamed_rpg\vendor\json-schema-validator\src\json-patch.cpp:1:
[build] In file included from C:\Users\pperv\code\unnamed_rpg\vendor\json-schema-validator\src\json-patch.hpp:3:
[build] In file included from C:\Users\pperv\code\unnamed_rpg\vendor\json\include\nlohmann/json.hpp:50:
[build] In file included from C:\Users\pperv\code\unnamed_rpg\vendor\json\include\nlohmann/detail/input/binary_reader.hpp:29:
[build] C:\Users\pperv\code\unnamed_rpg\vendor\json\include\nlohmann/detail/input/json_sax.hpp(463,43): warning: constructor call from initializer list is incompatible with C++98 [-Wc++98-compat]
[build]   463 |     std::vector<BasicJsonType*> ref_stack {};
[build]       |                                           ^~
[build] C:\Users\pperv\code\unnamed_rpg\vendor\json\include\nlohmann/detail/input/json_sax.hpp(182,14): note: in instantiation of default member initializer 'nlohmann::detail::json_sax_dom_parser<nlohmann::basic_json<>, nlohmann::detail::iterator_input_adapter<const char *>>::ref_stack' requested here
[build]   182 |     explicit json_sax_dom_parser(BasicJsonType& r, const bool allow_exceptions_ = true, lexer_t* lexer_ = nullptr)
[build]       |              ^
[build] C:\Users\pperv\code\unnamed_rpg\vendor\json\include\nlohmann/detail/input/parser.hpp(127,66): note: in instantiation of member function 'nlohmann::detail::json_sax_dom_parser<nlohmann::basic_json<>, nlohmann::detail::iterator_input_adapter<const char *>>::json_sax_dom_parser' requested here
[build]   127 |             json_sax_dom_parser<BasicJsonType, InputAdapterType> sdp(result, allow_exceptions, &m_lexer);
[build]       |                                                                  ^
[build] C:\Users\pperv\code\unnamed_rpg\vendor\json\include\nlohmann/json.hpp(4112,148): note: in instantiation of member function 'nlohmann::detail::parser<nlohmann::basic_json<>, nlohmann::detail::iterator_input_adapter<const char *>>::parse' requested here
[build]  4112 |         parser(detail::input_adapter(std::move(first), std::move(last)), std::move(cb), allow_exceptions, ignore_comments, ignore_trailing_commas).parse(true, result); // cppcheck-suppress[accessMoved]
[build]       |                                                                                                                                                    ^
[build] C:\Users\pperv\code\unnamed_rpg\vendor\json\include\nlohmann/json.hpp(5294,28): note: in instantiation of function template specialization 'nlohmann::basic_json<>::parse<const char *, const char *, 0>' requested here
[build]  5294 |     return nlohmann::json::parse(s, s + n);
[build]       |                            ^
[build] In file included from C:\Users\pperv\code\unnamed_rpg\vendor\json-schema-validator\src\json-patch.cpp:1:
[build] In file included from C:\Users\pperv\code\unnamed_rpg\vendor\json-schema-validator\src\json-patch.hpp:3:
[build] In file included from C:\Users\pperv\code\unnamed_rpg\vendor\json\include\nlohmann/json.hpp:53:
[build] C:\Users\pperv\code\unnamed_rpg\vendor\json\include\nlohmann/detail/input/parser.hpp(197,26): warning: enumeration type in nested name specifier is incompatible with C++98 [-Wc++98-compat]
[build]   197 |                     case token_type::begin_object:
[build]       |                          ^
[build] C:\Users\pperv\code\unnamed_rpg\vendor\json\include\nlohmann/detail/input/parser.hpp(128,13): note: in instantiation of function template specialization 'nlohmann::detail::parser<nlohmann::basic_json<>, nlohmann::detail::iterator_input_adapter<const char *>>::sax_parse_internal<nlohmann::detail::json_sax_dom_parser<nlohmann::basic_json<>, nlohmann::detail::iterator_input_adapter<const char *>>>' requested here
[build]   128 |             sax_parse_internal(&sdp);
[build]       |             ^
[build] C:\Users\pperv\code\unnamed_rpg\vendor\json\include\nlohmann/json.hpp(4112,148): note: in instantiation of member function 'nlohmann::detail::parser<nlohmann::basic_json<>, nlohmann::detail::iterator_input_adapter<const char *>>::parse' requested here
[build]  4112 |         parser(detail::input_adapter(std::move(first), std::move(last)), std::move(cb), allow_exceptions, ignore_comments, ignore_trailing_commas).parse(true, result); // cppcheck-suppress[accessMoved]
[build]       |                                                                                                                                                    ^
[build] C:\Users\pperv\code\unnamed_rpg\vendor\json\include\nlohmann/json.hpp(5294,28): note: in instantiation of function template specialization 'nlohmann::basic_json<>::parse<const char *, const char *, 0>' requested here
[build]  5294 |     return nlohmann::json::parse(s, s + n);
[build]       |                            ^
[build] In file included from C:\Users\pperv\code\unnamed_rpg\vendor\json-schema-validator\src\json-patch.cpp:1:
[build] In file included from C:\Users\pperv\code\unnamed_rpg\vendor\json-schema-validator\src\json-patch.hpp:3:
[build] In file included from C:\Users\pperv\code\unnamed_rpg\vendor\json\include\nlohmann/json.hpp:53:
[build] C:\Users\pperv\code\unnamed_rpg\vendor\json\include\nlohmann/detail/input/parser.hpp(205,44): warning: enumeration type in nested name specifier is incompatible with C++98 [-Wc++98-compat]
[build]   205 |                         if (get_token() == token_type::end_object)
[build]       |                                            ^
[build] C:\Users\pperv\code\unnamed_rpg\vendor\json\include\nlohmann/detail/input/parser.hpp(215,64): warning: enumeration type in nested name specifier is incompatible with C++98 [-Wc++98-compat]
[build]   215 |                         if (JSON_HEDLEY_UNLIKELY(last_token != token_type::value_string))
[build]       |                                                                ^
[build] C:\Users\pperv\code\unnamed_rpg\vendor\json\include\nlohmann/detail/input/parser.hpp(219,120): warning: enumeration type in nested name specifier is incompatible with C++98 [-Wc++98-compat]
[build]   219 |                                                     parse_error::create(101, m_lexer.get_position(), exception_message(token_type::value_string, "object key"), nullptr));
[build]       |                                                                                                                        ^
[build] C:\Users\pperv\code\unnamed_rpg\vendor\json\include\nlohmann/detail/input/parser.hpp(227,65): warning: enumeration type in nested name specifier is incompatible with C++98 [-Wc++98-compat]
[build]   227 |                         if (JSON_HEDLEY_UNLIKELY(get_token() != token_type::name_separator))
[build]       |                                                                 ^
[build] C:\Users\pperv\code\unnamed_rpg\vendor\json\include\nlohmann/detail/input/parser.hpp(231,120): warning: enumeration type in nested name specifier is incompatible with C++98 [-Wc++98-compat]
[build]   231 |                                                     parse_error::create(101, m_lexer.get_position(), exception_message(token_type::name_separator, "object separator"), nullptr));
[build]       |                                                                                                                        ^
[build] C:\Users\pperv\code\unnamed_rpg\vendor\json\include\nlohmann/detail/input/parser.hpp(242,26): warning: enumeration type in nested name specifier is incompatible with C++98 [-Wc++98-compat]
[build]   242 |                     case token_type::begin_array:
[build]       |                          ^
[build] C:\Users\pperv\code\unnamed_rpg\vendor\json\include\nlohmann/detail/input/parser.hpp(250,44): warning: enumeration type in nested name specifier is incompatible with C++98 [-Wc++98-compat]
[build]   250 |                         if (get_token() == token_type::end_array)
[build]       |                                            ^
[build] C:\Users\pperv\code\unnamed_rpg\vendor\json\include\nlohmann/detail/input/parser.hpp(266,26): warning: enumeration type in nested name specifier is incompatible with C++98 [-Wc++98-compat]
[build]   266 |                     case token_type::value_float:
[build]       |                          ^
[build] C:\Users\pperv\code\unnamed_rpg\vendor\json\include\nlohmann/detail/input/parser.hpp(285,26): warning: enumeration type in nested name specifier is incompatible with C++98 [-Wc++98-compat]
[build]   285 |                     case token_type::literal_false:
[build]       |                          ^
[build] C:\Users\pperv\code\unnamed_rpg\vendor\json\include\nlohmann/detail/input/parser.hpp(294,26): warning: enumeration type in nested name specifier is incompatible with C++98 [-Wc++98-compat]
[build]   294 |                     case token_type::literal_null:
[build]       |                          ^
[build] C:\Users\pperv\code\unnamed_rpg\vendor\json\include\nlohmann/detail/input/parser.hpp(303,26): warning: enumeration type in nested name specifier is incompatible with C++98 [-Wc++98-compat]
[build]   303 |                     case token_type::literal_true:
[build]       |                          ^
[build] C:\Users\pperv\code\unnamed_rpg\vendor\json\include\nlohmann/detail/input/parser.hpp(312,26): warning: enumeration type in nested name specifier is incompatible with C++98 [-Wc++98-compat]
[build]   312 |                     case token_type::value_integer:
[build]       |                          ^
[build] C:\Users\pperv\code\unnamed_rpg\vendor\json\include\nlohmann/detail/input/parser.hpp(321,26): warning: enumeration type in nested name specifier is incompatible with C++98 [-Wc++98-compat]
[build]   321 |                     case token_type::value_string:
[build]       |                          ^
[build] C:\Users\pperv\code\unnamed_rpg\vendor\json\include\nlohmann/detail/input/parser.hpp(330,26): warning: enumeration type in nested name specifier is incompatible with C++98 [-Wc++98-compat]
[build]   330 |                     case token_type::value_unsigned:
[build]       |                          ^
[build] C:\Users\pperv\code\unnamed_rpg\vendor\json\include\nlohmann/detail/input/parser.hpp(339,26): warning: enumeration type in nested name specifier is incompatible with C++98 [-Wc++98-compat]
[build]   339 |                     case token_type::parse_error:
[build]       |                          ^
[build] C:\Users\pperv\code\unnamed_rpg\vendor\json\include\nlohmann/detail/input/parser.hpp(344,116): warning: enumeration type in nested name specifier is incompatible with C++98 [-Wc++98-compat]
[build]   344 |                                                 parse_error::create(101, m_lexer.get_position(), exception_message(token_type::uninitialized, "value"), nullptr));
[build]       |                                                                                                                    ^
[build] C:\Users\pperv\code\unnamed_rpg\vendor\json\include\nlohmann/detail/input/parser.hpp(346,26): warning: enumeration type in nested name specifier is incompatible with C++98 [-Wc++98-compat]
[build]   346 |                     case token_type::end_of_input:
[build]       |                          ^
[build] C:\Users\pperv\code\unnamed_rpg\vendor\json\include\nlohmann/detail/input/parser.hpp(358,116): warning: enumeration type in nested name specifier is incompatible with C++98 [-Wc++98-compat]
[build]   358 |                                                 parse_error::create(101, m_lexer.get_position(), exception_message(token_type::literal_or_value, "value"), nullptr));
[build]       |                                                                                                                    ^
[build] C:\Users\pperv\code\unnamed_rpg\vendor\json\include\nlohmann/detail/input/parser.hpp(360,26): warning: enumeration type in nested name specifier is incompatible with C++98 [-Wc++98-compat]
[build]   360 |                     case token_type::uninitialized:
[build]       |                          ^
[build] C:\Users\pperv\code\unnamed_rpg\vendor\json\include\nlohmann/detail/input/parser.hpp(361,26): warning: enumeration type in nested name specifier is incompatible with C++98 [-Wc++98-compat]
[build]   361 |                     case token_type::end_array:
[build]       |                          ^
[build] C:\Users\pperv\code\unnamed_rpg\vendor\json\include\nlohmann/detail/input/parser.hpp(362,26): warning: enumeration type in nested name specifier is incompatible with C++98 [-Wc++98-compat]
[build]   362 |                     case token_type::end_object:
[build]       |                          ^
[build] C:\Users\pperv\code\unnamed_rpg\vendor\json\include\nlohmann/detail/input/parser.hpp(363,26): warning: enumeration type in nested name specifier is incompatible with C++98 [-Wc++98-compat]
[build]   363 |                     case token_type::name_separator:
[build]       |                          ^
[build] C:\Users\pperv\code\unnamed_rpg\vendor\json\include\nlohmann/detail/input/parser.hpp(364,26): warning: enumeration type in nested name specifier is incompatible with C++98 [-Wc++98-compat]
[build]   364 |                     case token_type::value_separator:
[build]       |                          ^
[build] C:\Users\pperv\code\unnamed_rpg\vendor\json\include\nlohmann/detail/input/parser.hpp(365,26): warning: enumeration type in nested name specifier is incompatible with C++98 [-Wc++98-compat]
[build]   365 |                     case token_type::literal_or_value:
[build]       |                          ^
[build] C:\Users\pperv\code\unnamed_rpg\vendor\json\include\nlohmann/detail/input/parser.hpp(370,116): warning: enumeration type in nested name specifier is incompatible with C++98 [-Wc++98-compat]
[build]   370 |                                                 parse_error::create(101, m_lexer.get_position(), exception_message(token_type::literal_or_value, "value"), nullptr));
[build]       |                                                                                                                    ^
[build] C:\Users\pperv\code\unnamed_rpg\vendor\json\include\nlohmann/detail/input/parser.hpp(366,21): warning: default label in switch which covers all enumeration values [-Wcovered-switch-default]
[build]   366 |                     default: // the last token was unexpected
[build]       |                     ^
[build] C:\Users\pperv\code\unnamed_rpg\vendor\json\include\nlohmann/detail/input/parser.hpp(390,36): warning: enumeration type in nested name specifier is incompatible with C++98 [-Wc++98-compat]
[build]   390 |                 if (get_token() == token_type::value_separator)
[build]       |                                    ^
[build] C:\Users\pperv\code\unnamed_rpg\vendor\json\include\nlohmann/detail/input/parser.hpp(396,67): warning: enumeration type in nested name specifier is incompatible with C++98 [-Wc++98-compat]
[build]   396 |                     if (!(ignore_trailing_commas && last_token == token_type::end_array))
[build]       |                                                                   ^
[build] C:\Users\pperv\code\unnamed_rpg\vendor\json\include\nlohmann/detail/input/parser.hpp(403,54): warning: enumeration type in nested name specifier is incompatible with C++98 [-Wc++98-compat]
[build]   403 |                 if (JSON_HEDLEY_LIKELY(last_token == token_type::end_array))
[build]       |                                                      ^
[build] C:\Users\pperv\code\unnamed_rpg\vendor\json\include\nlohmann/detail/input/parser.hpp(422,108): warning: enumeration type in nested name specifier is incompatible with C++98 [-Wc++98-compat]
[build]   422 |                                         parse_error::create(101, m_lexer.get_position(), exception_message(token_type::end_array, "array"), nullptr));
[build]       |                                                                                                            ^
[build] C:\Users\pperv\code\unnamed_rpg\vendor\json\include\nlohmann/detail/input/parser.hpp(429,32): warning: enumeration type in nested name specifier is incompatible with C++98 [-Wc++98-compat]
[build]   429 |             if (get_token() == token_type::value_separator)
[build]       |                                ^
[build] C:\Users\pperv\code\unnamed_rpg\vendor\json\include\nlohmann/detail/input/parser.hpp(434,63): warning: enumeration type in nested name specifier is incompatible with C++98 [-Wc++98-compat]
[build]   434 |                 if (!(ignore_trailing_commas && last_token == token_type::end_object))
[build]       |                                                               ^
[build] C:\Users\pperv\code\unnamed_rpg\vendor\json\include\nlohmann/detail/input/parser.hpp(437,60): warning: enumeration type in nested name specifier is incompatible with C++98 [-Wc++98-compat]
[build]   437 |                     if (JSON_HEDLEY_UNLIKELY(last_token != token_type::value_string))
[build]       |                                                            ^
[build] C:\Users\pperv\code\unnamed_rpg\vendor\json\include\nlohmann/detail/input/parser.hpp(441,116): warning: enumeration type in nested name specifier is incompatible with C++98 [-Wc++98-compat]
[build]   441 |                                                 parse_error::create(101, m_lexer.get_position(), exception_message(token_type::value_string, "object key"), nullptr));
[build]       |                                                                                                                    ^
[build] C:\Users\pperv\code\unnamed_rpg\vendor\json\include\nlohmann/detail/input/parser.hpp(450,61): warning: enumeration type in nested name specifier is incompatible with C++98 [-Wc++98-compat]
[build]   450 |                     if (JSON_HEDLEY_UNLIKELY(get_token() != token_type::name_separator))
[build]       |                                                             ^
[build] C:\Users\pperv\code\unnamed_rpg\vendor\json\include\nlohmann/detail/input/parser.hpp(454,116): warning: enumeration type in nested name specifier is incompatible with C++98 [-Wc++98-compat]
[build]   454 |                                                 parse_error::create(101, m_lexer.get_position(), exception_message(token_type::name_separator, "object separator"), nullptr));
[build]       |                                                                                                                    ^
[build] C:\Users\pperv\code\unnamed_rpg\vendor\json\include\nlohmann/detail/input/parser.hpp(464,50): warning: enumeration type in nested name specifier is incompatible with C++98 [-Wc++98-compat]
[build]   464 |             if (JSON_HEDLEY_LIKELY(last_token == token_type::end_object))
[build]       |                                                  ^
[build] C:\Users\pperv\code\unnamed_rpg\vendor\json\include\nlohmann/detail/input/parser.hpp(483,104): warning: enumeration type in nested name specifier is incompatible with C++98 [-Wc++98-compat]
[build]   483 |                                     parse_error::create(101, m_lexer.get_position(), exception_message(token_type::end_object, "object"), nullptr));
[build]       |                                                                                                        ^
[build] In file included from C:\Users\pperv\code\unnamed_rpg\vendor\json-schema-validator\src\json-patch.cpp:1:
[build] In file included from C:\Users\pperv\code\unnamed_rpg\vendor\json-schema-validator\src\json-patch.hpp:3:
[build] In file included from C:\Users\pperv\code\unnamed_rpg\vendor\json\include\nlohmann/json.hpp:50:
[build] In file included from C:\Users\pperv\code\unnamed_rpg\vendor\json\include\nlohmann/detail/input/binary_reader.hpp:29:
[build] C:\Users\pperv\code\unnamed_rpg\vendor\json\include\nlohmann/detail/input/json_sax.hpp(195,22): warning: 'nullptr' is incompatible with C++98 [-Wc++98-compat]
[build]   195 |         handle_value(nullptr);
[build]       |                      ^
[build] In file included from C:\Users\pperv\code\unnamed_rpg\vendor\json-schema-validator\src\json-patch.cpp:1:
[build] In file included from C:\Users\pperv\code\unnamed_rpg\vendor\json-schema-validator\src\json-patch.hpp:3:
[build] C:\Users\pperv\code\unnamed_rpg\vendor\json\include\nlohmann/json.hpp(1278,30): warning: generalized initializer lists are incompatible with C++98 [-Wc++98-compat]
[build]  1278 |         other.m_data.m_value = {};
[build]       |                              ^ ~~
[build] C:\Users\pperv\code\unnamed_rpg\vendor\json\include\nlohmann/json.hpp(1277,31): warning: enumeration type in nested name specifier is incompatible with C++98 [-Wc++98-compat]
[build]  1277 |         other.m_data.m_type = value_t::null;
[build]       |                               ^
[build] C:\Users\pperv\code\unnamed_rpg\vendor\json\include\nlohmann/json.hpp(5294,12): note: in instantiation of member function 'nlohmann::basic_json<>::basic_json' requested here
[build]  5294 |     return nlohmann::json::parse(s, s + n);
[build]       |            ^
[build] C:\Users\pperv\code\unnamed_rpg\vendor\json\include\nlohmann/json.hpp(1278,32): warning: constructor call from initializer list is incompatible with C++98 [-Wc++98-compat]
[build]  1278 |         other.m_data.m_value = {};
[build]       |                                ^~
[build] In file included from C:\Users\pperv\code\unnamed_rpg\vendor\json-schema-validator\src\json-patch.cpp:1:
[build] In file included from C:\Users\pperv\code\unnamed_rpg\vendor\json-schema-validator\src\json-patch.hpp:3:
[build] In file included from C:\Users\pperv\code\unnamed_rpg\vendor\json\include\nlohmann/json.hpp:60:
[build] C:\Users\pperv\code\unnamed_rpg\vendor\json\include\nlohmann/detail/json_pointer.hpp(805,156): warning: 'nullptr' is incompatible with C++98 [-Wc++98-compat]
[build]   805 |             JSON_THROW(detail::parse_error::create(107, 1, detail::concat("JSON pointer must be empty or begin with '/' - was: '", reference_string, "'"), nullptr));
[build]       |                                                                                                                                                            ^
[build] C:\Users\pperv\code\unnamed_rpg\vendor\json\include\nlohmann/detail/json_pointer.hpp(826,13): warning: 'auto' type specifier is incompatible with C++98 [-Wc++98-compat]
[build]   826 |             auto reference_token = reference_string.substr(start, slash - start);
[build]       |             ^~~~
[build] C:\Users\pperv\code\unnamed_rpg\vendor\json\include\nlohmann/json.hpp(5316,12): note: in instantiation of member function 'nlohmann::json_pointer<std::basic_string<char>>::json_pointer' requested here
[build]  5316 |     return nlohmann::json::json_pointer(std::string(s, n));
[build]       |            ^
[build] In file included from C:\Users\pperv\code\unnamed_rpg\vendor\json-schema-validator\src\json-patch.cpp:1:
[build] In file included from C:\Users\pperv\code\unnamed_rpg\vendor\json-schema-validator\src\json-patch.hpp:3:
[build] In file included from C:\Users\pperv\code\unnamed_rpg\vendor\json\include\nlohmann/json.hpp:60:
[build] C:\Users\pperv\code\unnamed_rpg\vendor\json\include\nlohmann/detail/json_pointer.hpp(840,125): warning: 'nullptr' is incompatible with C++98 [-Wc++98-compat]
[build]   840 |                     JSON_THROW(detail::parse_error::create(108, 0, "escape character '~' must be followed with '0' or '1'", nullptr));
[build]       |                                                                                                                             ^
[build] In file included from C:\Users\pperv\code\unnamed_rpg\vendor\json-schema-validator\src\json-patch.cpp:1:
[build] In file included from C:\Users\pperv\code\unnamed_rpg\vendor\json-schema-validator\src\json-patch.hpp:3:
[build] In file included from C:\Users\pperv\code\unnamed_rpg\vendor\json\include\nlohmann/json.hpp:44:
[build] In file included from C:\Users\pperv\code\unnamed_rpg\vendor\json\include\nlohmann/adl_serializer.hpp:14:
[build] In file included from C:\Users\pperv\code\unnamed_rpg\vendor\json\include\nlohmann/detail/conversions/from_json.hpp:24:
[build] In file included from C:\Users\pperv\code\unnamed_rpg\vendor\json\include\nlohmann/detail/exceptions.hpp:21:
[build] C:\Users\pperv\code\unnamed_rpg\vendor\json\include\nlohmann/detail/string_escape.hpp(67,36): warning: generalized initializer lists are incompatible with C++98 [-Wc++98-compat]
[build]    67 |     replace_substring(s, StringType{"~1"}, StringType{"/"});
[build]       |                                    ^
[build] C:\Users\pperv\code\unnamed_rpg\vendor\json\include\nlohmann/detail/string_escape.hpp(67,54): warning: generalized initializer lists are incompatible with C++98 [-Wc++98-compat]
[build]    67 |     replace_substring(s, StringType{"~1"}, StringType{"/"});
[build]       |                                                      ^
[build] C:\Users\pperv\code\unnamed_rpg\vendor\json\include\nlohmann/detail/string_escape.hpp(68,36): warning: generalized initializer lists are incompatible with C++98 [-Wc++98-compat]
[build]    68 |     replace_substring(s, StringType{"~0"}, StringType{"~"});
[build]       |                                    ^
[build] C:\Users\pperv\code\unnamed_rpg\vendor\json\include\nlohmann/detail/string_escape.hpp(68,54): warning: generalized initializer lists are incompatible with C++98 [-Wc++98-compat]
[build]    68 |     replace_substring(s, StringType{"~0"}, StringType{"~"});
[build]       |                                                      ^
[build] C:\Users\pperv\code\unnamed_rpg\vendor\json\include\nlohmann/detail/string_escape.hpp(67,36): warning: constructor call from initializer list is incompatible with C++98 [-Wc++98-compat]
[build]    67 |     replace_substring(s, StringType{"~1"}, StringType{"/"});
[build]       |                                    ^~~~~~
[build] C:\Users\pperv\code\unnamed_rpg\vendor\json\include\nlohmann/detail/json_pointer.hpp(845,21): note: in instantiation of function template specialization 'nlohmann::detail::unescape<std::basic_string<char>>' requested here
[build]   845 |             detail::unescape(reference_token);
[build]       |                     ^
[build] C:\Users\pperv\code\unnamed_rpg\vendor\json\include\nlohmann/detail/json_pointer.hpp(63,28): note: in instantiation of member function 'nlohmann::json_pointer<std::basic_string<char>>::split' requested here
[build]    63 |         : reference_tokens(split(s))
[build]       |                            ^
[build] C:\Users\pperv\code\unnamed_rpg\vendor\json\include\nlohmann/json.hpp(5316,12): note: in instantiation of member function 'nlohmann::json_pointer<std::basic_string<char>>::json_pointer' requested here
[build]  5316 |     return nlohmann::json::json_pointer(std::string(s, n));
[build]       |            ^
[build] In file included from C:\Users\pperv\code\unnamed_rpg\vendor\json-schema-validator\src\json-patch.cpp:1:
[build] In file included from C:\Users\pperv\code\unnamed_rpg\vendor\json-schema-validator\src\json-patch.hpp:3:
[build] In file included from C:\Users\pperv\code\unnamed_rpg\vendor\json\include\nlohmann/json.hpp:44:
[build] In file included from C:\Users\pperv\code\unnamed_rpg\vendor\json\include\nlohmann/adl_serializer.hpp:14:
[build] In file included from C:\Users\pperv\code\unnamed_rpg\vendor\json\include\nlohmann/detail/conversions/from_json.hpp:24:
[build] In file included from C:\Users\pperv\code\unnamed_rpg\vendor\json\include\nlohmann/detail/exceptions.hpp:21:
[build] C:\Users\pperv\code\unnamed_rpg\vendor\json\include\nlohmann/detail/string_escape.hpp(67,54): warning: constructor call from initializer list is incompatible with C++98 [-Wc++98-compat]
[build]    67 |     replace_substring(s, StringType{"~1"}, StringType{"/"});
[build]       |                                                      ^~~~~
[build] C:\Users\pperv\code\unnamed_rpg\vendor\json\include\nlohmann/detail/string_escape.hpp(68,36): warning: constructor call from initializer list is incompatible with C++98 [-Wc++98-compat]
[build]    68 |     replace_substring(s, StringType{"~0"}, StringType{"~"});
[build]       |                                    ^~~~~~
[build] C:\Users\pperv\code\unnamed_rpg\vendor\json\include\nlohmann/detail/string_escape.hpp(68,54): warning: constructor call from initializer list is incompatible with C++98 [-Wc++98-compat]
[build]    68 |     replace_substring(s, StringType{"~0"}, StringType{"~"});
[build]       |                                                      ^~~~~
[build] C:\Users\pperv\code\unnamed_rpg\vendor\json\include\nlohmann/detail/string_escape.hpp(35,10): warning: 'auto' type specifier is incompatible with C++98 [-Wc++98-compat]
[build]    35 |     for (auto pos = s.find(f);                // find the first occurrence of f
[build]       |          ^~~~
[build] In file included from C:\Users\pperv\code\unnamed_rpg\vendor\json-schema-validator\src\json-patch.cpp:1:
[build] In file included from C:\Users\pperv\code\unnamed_rpg\vendor\json-schema-validator\src\json-patch.hpp:3:
[build] C:\Users\pperv\code\unnamed_rpg\vendor\json\include\nlohmann/json.hpp(1205,18): warning: enumeration type in nested name specifier is incompatible with C++98 [-Wc++98-compat]
[build]  1205 |             case value_t::object:
[build]       |                  ^
[build] C:\Users\pperv\code\unnamed_rpg\vendor\json-schema-validator\src\json-patch.hpp(34,33): note: in instantiation of member function 'nlohmann::basic_json<>::basic_json' requested here
[build]    34 |         operator json() const { return j_; }
[build]       |                                        ^
[build] In file included from C:\Users\pperv\code\unnamed_rpg\vendor\json-schema-validator\src\json-patch.cpp:1:
[build] In file included from C:\Users\pperv\code\unnamed_rpg\vendor\json-schema-validator\src\json-patch.hpp:3:
[build] C:\Users\pperv\code\unnamed_rpg\vendor\json\include\nlohmann/json.hpp(1211,18): warning: enumeration type in nested name specifier is incompatible with C++98 [-Wc++98-compat]
[build]  1211 |             case value_t::array:
[build]       |                  ^
[build] C:\Users\pperv\code\unnamed_rpg\vendor\json\include\nlohmann/json.hpp(1217,18): warning: enumeration type in nested name specifier is incompatible with C++98 [-Wc++98-compat]
[build]  1217 |             case value_t::string:
[build]       |                  ^
[build] C:\Users\pperv\code\unnamed_rpg\vendor\json\include\nlohmann/json.hpp(1223,18): warning: enumeration type in nested name specifier is incompatible with C++98 [-Wc++98-compat]
[build]  1223 |             case value_t::boolean:
[build]       |                  ^
[build] C:\Users\pperv\code\unnamed_rpg\vendor\json\include\nlohmann/json.hpp(1229,18): warning: enumeration type in nested name specifier is incompatible with C++98 [-Wc++98-compat]
[build]  1229 |             case value_t::number_integer:
[build]       |                  ^
[build] C:\Users\pperv\code\unnamed_rpg\vendor\json\include\nlohmann/json.hpp(1235,18): warning: enumeration type in nested name specifier is incompatible with C++98 [-Wc++98-compat]
[build]  1235 |             case value_t::number_unsigned:
[build]       |                  ^
[build] C:\Users\pperv\code\unnamed_rpg\vendor\json\include\nlohmann/json.hpp(1241,18): warning: enumeration type in nested name specifier is incompatible with C++98 [-Wc++98-compat]
[build]  1241 |             case value_t::number_float:
[build]       |                  ^
[build] C:\Users\pperv\code\unnamed_rpg\vendor\json\include\nlohmann/json.hpp(1247,18): warning: enumeration type in nested name specifier is incompatible with C++98 [-Wc++98-compat]
[build]  1247 |             case value_t::binary:
[build]       |                  ^
[build] C:\Users\pperv\code\unnamed_rpg\vendor\json\include\nlohmann/json.hpp(1253,18): warning: enumeration type in nested name specifier is incompatible with C++98 [-Wc++98-compat]
[build]  1253 |             case value_t::null:
[build]       |                  ^
[build] C:\Users\pperv\code\unnamed_rpg\vendor\json\include\nlohmann/json.hpp(1254,18): warning: enumeration type in nested name specifier is incompatible with C++98 [-Wc++98-compat]
[build]  1254 |             case value_t::discarded:
[build]       |                  ^
[build] C:\Users\pperv\code\unnamed_rpg\vendor\json\include\nlohmann/json.hpp(1255,13): warning: default label in switch which covers all enumeration values [-Wcovered-switch-default]
[build]  1255 |             default:
[build]       |             ^
[build] C:\Users\pperv\code\unnamed_rpg\vendor\json\include\nlohmann/json.hpp(420,28): warning: local type '(lambda at C:\Users\pperv\code\unnamed_rpg\vendor\json\include\nlohmann\json.hpp:416:24)' as template argument is incompatible with C++98 [-Wc++98-compat-local-type-template-args]
[build]   420 |         std::unique_ptr<T, decltype(deleter)> obj(AllocatorTraits::allocate(alloc, 1), deleter);
[build]       |                            ^~~~~~~~~~~~~~~~~
[build] C:\Users\pperv\code\unnamed_rpg\vendor\json\include\nlohmann/json.hpp(564,52): note: in instantiation of function template specialization 'nlohmann::basic_json<>::create<std::map<std::basic_string<char>, nlohmann::basic_json<>, std::less<void>>, const std::map<std::basic_string<char>, nlohmann::basic_json<>, std::less<void>> &>' requested here
[build]   564 |         json_value(const object_t& value) : object(create<object_t>(value)) {}
[build]       |                                                    ^
[build] C:\Users\pperv\code\unnamed_rpg\vendor\json\include\nlohmann/json.hpp(1207,34): note: in instantiation of member function 'nlohmann::basic_json<>::json_value::json_value' requested here
[build]  1207 |                 m_data.m_value = *other.m_data.m_value.object;
[build]       |                                  ^
[build] C:\Users\pperv\code\unnamed_rpg\vendor\json-schema-validator\src\json-patch.hpp(34,33): note: in instantiation of member function 'nlohmann::basic_json<>::basic_json' requested here
[build]    34 |         operator json() const { return j_; }
[build]       |                                        ^
[build] In file included from C:\Users\pperv\code\unnamed_rpg\vendor\json-schema-validator\src\json-patch.cpp:1:
[build] In file included from C:\Users\pperv\code\unnamed_rpg\vendor\json-schema-validator\src\json-patch.hpp:3:
[build] C:\Users\pperv\code\unnamed_rpg\vendor\json\include\nlohmann/json.hpp(420,28): warning: local type '(lambda at C:\Users\pperv\code\unnamed_rpg\vendor\json\include\nlohmann\json.hpp:416:24)' as template argument is incompatible with C++98 [-Wc++98-compat-local-type-template-args]
[build]   420 |         std::unique_ptr<T, decltype(deleter)> obj(AllocatorTraits::allocate(alloc, 1), deleter);
[build]       |                            ^~~~~~~~~~~~~~~~~
[build] C:\Users\pperv\code\unnamed_rpg\vendor\json\include\nlohmann/json.hpp(570,50): note: in instantiation of function template specialization 'nlohmann::basic_json<>::create<std::vector<nlohmann::basic_json<>>, const std::vector<nlohmann::basic_json<>> &>' requested here
[build]   570 |         json_value(const array_t& value) : array(create<array_t>(value)) {}
[build]       |                                                  ^
[build] C:\Users\pperv\code\unnamed_rpg\vendor\json\include\nlohmann/json.hpp(1213,34): note: in instantiation of member function 'nlohmann::basic_json<>::json_value::json_value' requested here
[build]  1213 |                 m_data.m_value = *other.m_data.m_value.array;
[build]       |                                  ^
[build] C:\Users\pperv\code\unnamed_rpg\vendor\json-schema-validator\src\json-patch.hpp(34,33): note: in instantiation of member function 'nlohmann::basic_json<>::basic_json' requested here
[build]    34 |         operator json() const { return j_; }
[build]       |                                        ^
[build] In file included from C:\Users\pperv\code\unnamed_rpg\vendor\json-schema-validator\src\json-patch.cpp:1:
[build] In file included from C:\Users\pperv\code\unnamed_rpg\vendor\json-schema-validator\src\json-patch.hpp:3:
[build] C:\Users\pperv\code\unnamed_rpg\vendor\json\include\nlohmann/json.hpp(420,28): warning: local type '(lambda at C:\Users\pperv\code\unnamed_rpg\vendor\json\include\nlohmann\json.hpp:416:24)' as template argument is incompatible with C++98 [-Wc++98-compat-local-type-template-args]
[build]   420 |         std::unique_ptr<T, decltype(deleter)> obj(AllocatorTraits::allocate(alloc, 1), deleter);
[build]       |                            ^~~~~~~~~~~~~~~~~
[build] C:\Users\pperv\code\unnamed_rpg\vendor\json\include\nlohmann/json.hpp(582,52): note: in instantiation of function template specialization 'nlohmann::basic_json<>::create<nlohmann::byte_container_with_subtype<std::vector<unsigned char>>, const nlohmann::byte_container_with_subtype<std::vector<unsigned char>> &>' requested here
[build]   582 |         json_value(const binary_t& value) : binary(create<binary_t>(value)) {}
[build]       |                                                    ^
[build] C:\Users\pperv\code\unnamed_rpg\vendor\json\include\nlohmann/json.hpp(1249,34): note: in instantiation of member function 'nlohmann::basic_json<>::json_value::json_value' requested here
[build]  1249 |                 m_data.m_value = *other.m_data.m_value.binary;
[build]       |                                  ^
[build] C:\Users\pperv\code\unnamed_rpg\vendor\json-schema-validator\src\json-patch.hpp(34,33): note: in instantiation of member function 'nlohmann::basic_json<>::basic_json' requested here
[build]    34 |         operator json() const { return j_; }
[build]       |                                        ^
[build] In file included from C:\Users\pperv\code\unnamed_rpg\vendor\json-schema-validator\src\json-patch.cpp:1:
[build] In file included from C:\Users\pperv\code\unnamed_rpg\vendor\json-schema-validator\src\json-patch.hpp:3:
[build] In file included from C:\Users\pperv\code\unnamed_rpg\vendor\json\include\nlohmann/json.hpp:60:
[build] C:\Users\pperv\code\unnamed_rpg\vendor\json\include\nlohmann/detail/json_pointer.hpp(71,40): warning: generalized initializer lists are incompatible with C++98 [-Wc++98-compat]
[build]    71 |                                string_t{},
[build]       |                                        ^
[build] C:\Users\pperv\code\unnamed_rpg\vendor\json\include\nlohmann/detail/json_pointer.hpp(72,32): warning: lambda expressions are incompatible with C++98 [-Wc++98-compat]
[build]    72 |                                [](const string_t& a, const string_t& b)
[build]       |                                ^
[build] C:\Users\pperv\code\unnamed_rpg\vendor\json\include\nlohmann/detail/json_pointer.hpp(71,40): warning: constructor call from initializer list is incompatible with C++98 [-Wc++98-compat]
[build]    71 |                                string_t{},
[build]       |                                        ^~
[build] C:\Users\pperv\code\unnamed_rpg\vendor\json-schema-validator\src\nlohmann/json-schema.hpp(64,103): note: in instantiation of member function 'nlohmann::json_pointer<std::basic_string<char>>::to_string' requested here
[build]    64 |                 return std::make_tuple(urn_, scheme_, authority_, path_, identifier_ != "" ? identifier_ : pointer_.to_string());
[build]       |                                                                                                                     ^
[build] In file included from C:\Users\pperv\code\unnamed_rpg\vendor\json-schema-validator\src\json-patch.cpp:1:
[build] In file included from C:\Users\pperv\code\unnamed_rpg\vendor\json-schema-validator\src\json-patch.hpp:3:
[build] In file included from C:\Users\pperv\code\unnamed_rpg\vendor\json\include\nlohmann/json.hpp:60:
[build] C:\Users\pperv\code\unnamed_rpg\vendor\json\include\nlohmann/detail/json_pointer.hpp(70,16): warning: local type '(lambda at C:\Users\pperv\code\unnamed_rpg\vendor\json\include\nlohmann\detail\json_pointer.hpp:72:32)' as template argument is incompatible with C++98 [-Wc++98-compat-local-type-template-args]
[build]    70 |         return std::accumulate(reference_tokens.begin(), reference_tokens.end(),
[build]       |                ^~~
[build] C:\Users\pperv\code\unnamed_rpg\vendor\json\include\nlohmann/detail/json_pointer.hpp(70,16): note: while substituting deduced template arguments into function template 'accumulate' [with _InIt = const_iterator, _Ty = string_t, _Fn = (lambda at C:\Users\pperv\code\unnamed_rpg\vendor\json\include\nlohmann\detail\json_pointer.hpp:72:32)]
[build] C:\Users\pperv\code\unnamed_rpg\vendor\json-schema-validator\src\nlohmann/json-schema.hpp(64,103): note: in instantiation of member function 'nlohmann::json_pointer<std::basic_string<char>>::to_string' requested here
[build]    64 |                 return std::make_tuple(urn_, scheme_, authority_, path_, identifier_ != "" ? identifier_ : pointer_.to_string());
[build]       |                                                                                                                     ^
[build] In file included from C:\Users\pperv\code\unnamed_rpg\vendor\json-schema-validator\src\json-patch.cpp:1:
[build] In file included from C:\Users\pperv\code\unnamed_rpg\vendor\json-schema-validator\src\json-patch.hpp:3:
[build] In file included from C:\Users\pperv\code\unnamed_rpg\vendor\json\include\nlohmann/json.hpp:44:
[build] In file included from C:\Users\pperv\code\unnamed_rpg\vendor\json\include\nlohmann/adl_serializer.hpp:14:
[build] In file included from C:\Users\pperv\code\unnamed_rpg\vendor\json\include\nlohmann/detail/conversions/from_json.hpp:24:
[build] In file included from C:\Users\pperv\code\unnamed_rpg\vendor\json\include\nlohmann/detail/exceptions.hpp:21:
[build] C:\Users\pperv\code\unnamed_rpg\vendor\json\include\nlohmann/detail/string_escape.hpp(52,36): warning: generalized initializer lists are incompatible with C++98 [-Wc++98-compat]
[build]    52 |     replace_substring(s, StringType{"~"}, StringType{"~0"});
[build]       |                                    ^
[build] C:\Users\pperv\code\unnamed_rpg\vendor\json\include\nlohmann/detail/string_escape.hpp(52,53): warning: generalized initializer lists are incompatible with C++98 [-Wc++98-compat]
[build]    52 |     replace_substring(s, StringType{"~"}, StringType{"~0"});
[build]       |                                                     ^
[build] C:\Users\pperv\code\unnamed_rpg\vendor\json\include\nlohmann/detail/string_escape.hpp(53,36): warning: generalized initializer lists are incompatible with C++98 [-Wc++98-compat]
[build]    53 |     replace_substring(s, StringType{"/"}, StringType{"~1"});
[build]       |                                    ^
[build] C:\Users\pperv\code\unnamed_rpg\vendor\json\include\nlohmann/detail/string_escape.hpp(53,53): warning: generalized initializer lists are incompatible with C++98 [-Wc++98-compat]
[build]    53 |     replace_substring(s, StringType{"/"}, StringType{"~1"});
[build]       |                                                     ^
[build] C:\Users\pperv\code\unnamed_rpg\vendor\json\include\nlohmann/detail/string_escape.hpp(52,36): warning: constructor call from initializer list is incompatible with C++98 [-Wc++98-compat]
[build]    52 |     replace_substring(s, StringType{"~"}, StringType{"~0"});
[build]       |                                    ^~~~~
[build] C:\Users\pperv\code\unnamed_rpg\vendor\json\include\nlohmann/detail/json_pointer.hpp(74,51): note: in instantiation of function template specialization 'nlohmann::detail::escape<std::basic_string<char>>' requested here
[build]    74 |             return detail::concat(a, '/', detail::escape(b));
[build]       |                                                   ^
[build] C:\Users\pperv\code\unnamed_rpg\vendor\json-schema-validator\src\nlohmann/json-schema.hpp(64,103): note: in instantiation of member function 'nlohmann::json_pointer<std::basic_string<char>>::to_string' requested here
[build]    64 |                 return std::make_tuple(urn_, scheme_, authority_, path_, identifier_ != "" ? identifier_ : pointer_.to_string());
[build]       |                                                                                                                     ^
[build] In file included from C:\Users\pperv\code\unnamed_rpg\vendor\json-schema-validator\src\json-patch.cpp:1:
[build] In file included from C:\Users\pperv\code\unnamed_rpg\vendor\json-schema-validator\src\json-patch.hpp:3:
[build] In file included from C:\Users\pperv\code\unnamed_rpg\vendor\json\include\nlohmann/json.hpp:44:
[build] In file included from C:\Users\pperv\code\unnamed_rpg\vendor\json\include\nlohmann/adl_serializer.hpp:14:
[build] In file included from C:\Users\pperv\code\unnamed_rpg\vendor\json\include\nlohmann/detail/conversions/from_json.hpp:24:
[build] In file included from C:\Users\pperv\code\unnamed_rpg\vendor\json\include\nlohmann/detail/exceptions.hpp:21:
[build] C:\Users\pperv\code\unnamed_rpg\vendor\json\include\nlohmann/detail/string_escape.hpp(52,53): warning: constructor call from initializer list is incompatible with C++98 [-Wc++98-compat]
[build]    52 |     replace_substring(s, StringType{"~"}, StringType{"~0"});
[build]       |                                                     ^~~~~~
[build] C:\Users\pperv\code\unnamed_rpg\vendor\json\include\nlohmann/detail/string_escape.hpp(53,36): warning: constructor call from initializer list is incompatible with C++98 [-Wc++98-compat]
[build]    53 |     replace_substring(s, StringType{"/"}, StringType{"~1"});
[build]       |                                    ^~~~~
[build] C:\Users\pperv\code\unnamed_rpg\vendor\json\include\nlohmann/detail/string_escape.hpp(53,53): warning: constructor call from initializer list is incompatible with C++98 [-Wc++98-compat]
[build]    53 |     replace_substring(s, StringType{"/"}, StringType{"~1"});
[build]       |                                                     ^~~~~~
[build] In file included from C:\Users\pperv\code\unnamed_rpg\vendor\json-schema-validator\src\json-patch.cpp:1:
[build] In file included from C:\Users\pperv\code\unnamed_rpg\vendor\json-schema-validator\src\json-patch.hpp:3:
[build] In file included from C:\Users\pperv\code\unnamed_rpg\vendor\json\include\nlohmann/json.hpp:44:
[build] In file included from C:\Users\pperv\code\unnamed_rpg\vendor\json\include\nlohmann/adl_serializer.hpp:15:
[build] C:\Users\pperv\code\unnamed_rpg\vendor\json\include\nlohmann/detail/conversions/to_json.hpp(89,27): warning: enumeration type in nested name specifier is incompatible with C++98 [-Wc++98-compat]
[build]    89 |         j.m_data.m_type = value_t::string;
[build]       |                           ^
[build] C:\Users\pperv\code\unnamed_rpg\vendor\json\include\nlohmann/detail/conversions/to_json.hpp(516,16): note: in instantiation of function template specialization 'nlohmann::detail::to_json<nlohmann::basic_json<>, char[3], 0>' requested here
[build]   516 |         return to_json(j, std::forward<T>(val));
[build]       |                ^
[build] C:\Users\pperv\code\unnamed_rpg\vendor\json\include\nlohmann/adl_serializer.hpp(51,9): note: in instantiation of function template specialization 'nlohmann::detail::to_json_fn::operator()<nlohmann::basic_json<>, const char (&)[3]>' requested here
[build]    51 |         ::nlohmann::to_json(j, std::forward<TargetType>(val));
[build]       |         ^
[build] C:\Users\pperv\code\unnamed_rpg\vendor\json\include\nlohmann/json.hpp(872,28): note: in instantiation of function template specialization 'nlohmann::adl_serializer<char[3]>::to_json<nlohmann::basic_json<>, const char (&)[3]>' requested here
[build]   872 |         JSONSerializer<U>::to_json(*this, std::forward<CompatibleType>(val));
[build]       |                            ^
[build] C:\Users\pperv\code\unnamed_rpg\vendor\json\include\nlohmann/detail/json_ref.hpp(43,11): note: in instantiation of function template specialization 'nlohmann::basic_json<>::basic_json<const char (&)[3], char[3], 0>' requested here
[build]    43 |         : owned_value(std::forward<Args>(args)...)
[build]       |           ^
[build] C:\Users\pperv\code\unnamed_rpg\vendor\json-schema-validator\src\json-patch.cpp(88,21): note: in instantiation of function template specialization 'nlohmann::detail::json_ref<nlohmann::basic_json<>>::json_ref<const char (&)[3], 0>' requested here
[build]    88 |         j_.push_back(json{{"op", "add"}, {"path", ptr.to_string()}, {"value", std::move(value)}});
[build]       |                            ^
[build] In file included from C:\Users\pperv\code\unnamed_rpg\vendor\json-schema-validator\src\json-patch.cpp:1:
[build] In file included from C:\Users\pperv\code\unnamed_rpg\vendor\json-schema-validator\src\json-patch.hpp:3:
[build] In file included from C:\Users\pperv\code\unnamed_rpg\vendor\json\include\nlohmann/json.hpp:44:
[build] In file included from C:\Users\pperv\code\unnamed_rpg\vendor\json\include\nlohmann/adl_serializer.hpp:15:
[build] C:\Users\pperv\code\unnamed_rpg\vendor\json\include\nlohmann/detail/conversions/to_json.hpp(89,27): warning: enumeration type in nested name specifier is incompatible with C++98 [-Wc++98-compat]
[build]    89 |         j.m_data.m_type = value_t::string;
[build]       |                           ^
[build] C:\Users\pperv\code\unnamed_rpg\vendor\json\include\nlohmann/detail/conversions/to_json.hpp(327,44): note: in instantiation of function template specialization 'nlohmann::detail::external_constructor<nlohmann::detail::value_t::string>::construct<nlohmann::basic_json<>, char[3], 0>' requested here
[build]   327 |     external_constructor<value_t::string>::construct(j, s);
[build]       |                                            ^
[build] C:\Users\pperv\code\unnamed_rpg\vendor\json\include\nlohmann/detail/conversions/to_json.hpp(516,16): note: in instantiation of function template specialization 'nlohmann::detail::to_json<nlohmann::basic_json<>, char[3], 0>' requested here
[build]   516 |         return to_json(j, std::forward<T>(val));
[build]       |                ^
[build] C:\Users\pperv\code\unnamed_rpg\vendor\json\include\nlohmann/adl_serializer.hpp(51,9): note: in instantiation of function template specialization 'nlohmann::detail::to_json_fn::operator()<nlohmann::basic_json<>, const char (&)[3]>' requested here
[build]    51 |         ::nlohmann::to_json(j, std::forward<TargetType>(val));
[build]       |         ^
[build] C:\Users\pperv\code\unnamed_rpg\vendor\json\include\nlohmann/json.hpp(872,28): note: in instantiation of function template specialization 'nlohmann::adl_serializer<char[3]>::to_json<nlohmann::basic_json<>, const char (&)[3]>' requested here
[build]   872 |         JSONSerializer<U>::to_json(*this, std::forward<CompatibleType>(val));
[build]       |                            ^
[build] C:\Users\pperv\code\unnamed_rpg\vendor\json\include\nlohmann/detail/json_ref.hpp(43,11): note: in instantiation of function template specialization 'nlohmann::basic_json<>::basic_json<const char (&)[3], char[3], 0>' requested here
[build]    43 |         : owned_value(std::forward<Args>(args)...)
[build]       |           ^
[build] C:\Users\pperv\code\unnamed_rpg\vendor\json-schema-validator\src\json-patch.cpp(88,21): note: in instantiation of function template specialization 'nlohmann::detail::json_ref<nlohmann::basic_json<>>::json_ref<const char (&)[3], 0>' requested here
[build]    88 |         j_.push_back(json{{"op", "add"}, {"path", ptr.to_string()}, {"value", std::move(value)}});
[build]       |                            ^
[build] In file included from C:\Users\pperv\code\unnamed_rpg\vendor\json-schema-validator\src\json-patch.cpp:1:
[build] In file included from C:\Users\pperv\code\unnamed_rpg\vendor\json-schema-validator\src\json-patch.hpp:3:
[build] C:\Users\pperv\code\unnamed_rpg\vendor\json\include\nlohmann/json.hpp(420,28): warning: local type '(lambda at C:\Users\pperv\code\unnamed_rpg\vendor\json\include\nlohmann\json.hpp:416:24)' as template argument is incompatible with C++98 [-Wc++98-compat-local-type-template-args]
[build]   420 |         std::unique_ptr<T, decltype(deleter)> obj(AllocatorTraits::allocate(alloc, 1), deleter);
[build]       |                            ^~~~~~~~~~~~~~~~~
[build] C:\Users\pperv\code\unnamed_rpg\vendor\json\include\nlohmann/detail/conversions/to_json.hpp(90,46): note: in instantiation of function template specialization 'nlohmann::basic_json<>::create<std::basic_string<char>, const char (&)[3]>' requested here
[build]    90 |         j.m_data.m_value.string = j.template create<typename BasicJsonType::string_t>(str);
[build]       |                                              ^
[build] C:\Users\pperv\code\unnamed_rpg\vendor\json\include\nlohmann/detail/conversions/to_json.hpp(327,44): note: in instantiation of function template specialization 'nlohmann::detail::external_constructor<nlohmann::detail::value_t::string>::construct<nlohmann::basic_json<>, char[3], 0>' requested here
[build]   327 |     external_constructor<value_t::string>::construct(j, s);
[build]       |                                            ^
[build] C:\Users\pperv\code\unnamed_rpg\vendor\json\include\nlohmann/detail/conversions/to_json.hpp(516,16): note: in instantiation of function template specialization 'nlohmann::detail::to_json<nlohmann::basic_json<>, char[3], 0>' requested here
[build]   516 |         return to_json(j, std::forward<T>(val));
[build]       |                ^
[build] C:\Users\pperv\code\unnamed_rpg\vendor\json\include\nlohmann/adl_serializer.hpp(51,9): note: in instantiation of function template specialization 'nlohmann::detail::to_json_fn::operator()<nlohmann::basic_json<>, const char (&)[3]>' requested here
[build]    51 |         ::nlohmann::to_json(j, std::forward<TargetType>(val));
[build]       |         ^
[build] C:\Users\pperv\code\unnamed_rpg\vendor\json\include\nlohmann/json.hpp(872,28): note: in instantiation of function template specialization 'nlohmann::adl_serializer<char[3]>::to_json<nlohmann::basic_json<>, const char (&)[3]>' requested here
[build]   872 |         JSONSerializer<U>::to_json(*this, std::forward<CompatibleType>(val));
[build]       |                            ^
[build] C:\Users\pperv\code\unnamed_rpg\vendor\json\include\nlohmann/detail/json_ref.hpp(43,11): note: in instantiation of function template specialization 'nlohmann::basic_json<>::basic_json<const char (&)[3], char[3], 0>' requested here
[build]    43 |         : owned_value(std::forward<Args>(args)...)
[build]       |           ^
[build] C:\Users\pperv\code\unnamed_rpg\vendor\json-schema-validator\src\json-patch.cpp(88,21): note: in instantiation of function template specialization 'nlohmann::detail::json_ref<nlohmann::basic_json<>>::json_ref<const char (&)[3], 0>' requested here
[build]    88 |         j_.push_back(json{{"op", "add"}, {"path", ptr.to_string()}, {"value", std::move(value)}});
[build]       |                            ^
[build] In file included from C:\Users\pperv\code\unnamed_rpg\vendor\json-schema-validator\src\json-patch.cpp:1:
[build] In file included from C:\Users\pperv\code\unnamed_rpg\vendor\json-schema-validator\src\json-patch.hpp:3:
[build] In file included from C:\Users\pperv\code\unnamed_rpg\vendor\json\include\nlohmann/json.hpp:44:
[build] In file included from C:\Users\pperv\code\unnamed_rpg\vendor\json\include\nlohmann/adl_serializer.hpp:15:
[build] C:\Users\pperv\code\unnamed_rpg\vendor\json\include\nlohmann/detail/conversions/to_json.hpp(89,27): warning: enumeration type in nested name specifier is incompatible with C++98 [-Wc++98-compat]
[build]    89 |         j.m_data.m_type = value_t::string;
[build]       |                           ^
[build] C:\Users\pperv\code\unnamed_rpg\vendor\json\include\nlohmann/detail/conversions/to_json.hpp(327,44): note: in instantiation of function template specialization 'nlohmann::detail::external_constructor<nlohmann::detail::value_t::string>::construct<nlohmann::basic_json<>, char[4], 0>' requested here
[build]   327 |     external_constructor<value_t::string>::construct(j, s);
[build]       |                                            ^
[build] C:\Users\pperv\code\unnamed_rpg\vendor\json\include\nlohmann/detail/conversions/to_json.hpp(516,16): note: in instantiation of function template specialization 'nlohmann::detail::to_json<nlohmann::basic_json<>, char[4], 0>' requested here
[build]   516 |         return to_json(j, std::forward<T>(val));
[build]       |                ^
[build] C:\Users\pperv\code\unnamed_rpg\vendor\json\include\nlohmann/adl_serializer.hpp(51,9): note: in instantiation of function template specialization 'nlohmann::detail::to_json_fn::operator()<nlohmann::basic_json<>, const char (&)[4]>' requested here
[build]    51 |         ::nlohmann::to_json(j, std::forward<TargetType>(val));
[build]       |         ^
[build] C:\Users\pperv\code\unnamed_rpg\vendor\json\include\nlohmann/json.hpp(872,28): note: in instantiation of function template specialization 'nlohmann::adl_serializer<char[4]>::to_json<nlohmann::basic_json<>, const char (&)[4]>' requested here
[build]   872 |         JSONSerializer<U>::to_json(*this, std::forward<CompatibleType>(val));
[build]       |                            ^
[build] C:\Users\pperv\code\unnamed_rpg\vendor\json\include\nlohmann/detail/json_ref.hpp(43,11): note: in instantiation of function template specialization 'nlohmann::basic_json<>::basic_json<const char (&)[4], char[4], 0>' requested here
[build]    43 |         : owned_value(std::forward<Args>(args)...)
[build]       |           ^
[build] C:\Users\pperv\code\unnamed_rpg\vendor\json-schema-validator\src\json-patch.cpp(88,27): note: in instantiation of function template specialization 'nlohmann::detail::json_ref<nlohmann::basic_json<>>::json_ref<const char (&)[4], 0>' requested here
[build]    88 |         j_.push_back(json{{"op", "add"}, {"path", ptr.to_string()}, {"value", std::move(value)}});
[build]       |                                  ^
[build] In file included from C:\Users\pperv\code\unnamed_rpg\vendor\json-schema-validator\src\json-patch.cpp:1:
[build] In file included from C:\Users\pperv\code\unnamed_rpg\vendor\json-schema-validator\src\json-patch.hpp:3:
[build] C:\Users\pperv\code\unnamed_rpg\vendor\json\include\nlohmann/json.hpp(420,28): warning: local type '(lambda at C:\Users\pperv\code\unnamed_rpg\vendor\json\include\nlohmann\json.hpp:416:24)' as template argument is incompatible with C++98 [-Wc++98-compat-local-type-template-args]
[build]   420 |         std::unique_ptr<T, decltype(deleter)> obj(AllocatorTraits::allocate(alloc, 1), deleter);
[build]       |                            ^~~~~~~~~~~~~~~~~
[build] C:\Users\pperv\code\unnamed_rpg\vendor\json\include\nlohmann/detail/conversions/to_json.hpp(90,46): note: in instantiation of function template specialization 'nlohmann::basic_json<>::create<std::basic_string<char>, const char (&)[4]>' requested here
[build]    90 |         j.m_data.m_value.string = j.template create<typename BasicJsonType::string_t>(str);
[build]       |                                              ^
[build] C:\Users\pperv\code\unnamed_rpg\vendor\json\include\nlohmann/detail/conversions/to_json.hpp(327,44): note: in instantiation of function template specialization 'nlohmann::detail::external_constructor<nlohmann::detail::value_t::string>::construct<nlohmann::basic_json<>, char[4], 0>' requested here
[build]   327 |     external_constructor<value_t::string>::construct(j, s);
[build]       |                                            ^
[build] C:\Users\pperv\code\unnamed_rpg\vendor\json\include\nlohmann/detail/conversions/to_json.hpp(516,16): note: in instantiation of function template specialization 'nlohmann::detail::to_json<nlohmann::basic_json<>, char[4], 0>' requested here
[build]   516 |         return to_json(j, std::forward<T>(val));
[build]       |                ^
[build] C:\Users\pperv\code\unnamed_rpg\vendor\json\include\nlohmann/adl_serializer.hpp(51,9): note: in instantiation of function template specialization 'nlohmann::detail::to_json_fn::operator()<nlohmann::basic_json<>, const char (&)[4]>' requested here
[build]    51 |         ::nlohmann::to_json(j, std::forward<TargetType>(val));
[build]       |         ^
[build] C:\Users\pperv\code\unnamed_rpg\vendor\json\include\nlohmann/json.hpp(872,28): note: in instantiation of function template specialization 'nlohmann::adl_serializer<char[4]>::to_json<nlohmann::basic_json<>, const char (&)[4]>' requested here
[build]   872 |         JSONSerializer<U>::to_json(*this, std::forward<CompatibleType>(val));
[build]       |                            ^
[build] C:\Users\pperv\code\unnamed_rpg\vendor\json\include\nlohmann/detail/json_ref.hpp(43,11): note: in instantiation of function template specialization 'nlohmann::basic_json<>::basic_json<const char (&)[4], char[4], 0>' requested here
[build]    43 |         : owned_value(std::forward<Args>(args)...)
[build]       |           ^
[build] C:\Users\pperv\code\unnamed_rpg\vendor\json-schema-validator\src\json-patch.cpp(88,27): note: in instantiation of function template specialization 'nlohmann::detail::json_ref<nlohmann::basic_json<>>::json_ref<const char (&)[4], 0>' requested here
[build]    88 |         j_.push_back(json{{"op", "add"}, {"path", ptr.to_string()}, {"value", std::move(value)}});
[build]       |                                  ^
[build] In file included from C:\Users\pperv\code\unnamed_rpg\vendor\json-schema-validator\src\json-patch.cpp:1:
[build] In file included from C:\Users\pperv\code\unnamed_rpg\vendor\json-schema-validator\src\json-patch.hpp:3:
[build] In file included from C:\Users\pperv\code\unnamed_rpg\vendor\json\include\nlohmann/json.hpp:44:
[build] In file included from C:\Users\pperv\code\unnamed_rpg\vendor\json\include\nlohmann/adl_serializer.hpp:15:
[build] C:\Users\pperv\code\unnamed_rpg\vendor\json\include\nlohmann/detail/conversions/to_json.hpp(89,27): warning: enumeration type in nested name specifier is incompatible with C++98 [-Wc++98-compat]
[build]    89 |         j.m_data.m_type = value_t::string;
[build]       |                           ^
[build] C:\Users\pperv\code\unnamed_rpg\vendor\json\include\nlohmann/detail/conversions/to_json.hpp(327,44): note: in instantiation of function template specialization 'nlohmann::detail::external_constructor<nlohmann::detail::value_t::string>::construct<nlohmann::basic_json<>, char[5], 0>' requested here
[build]   327 |     external_constructor<value_t::string>::construct(j, s);
[build]       |                                            ^
[build] C:\Users\pperv\code\unnamed_rpg\vendor\json\include\nlohmann/detail/conversions/to_json.hpp(516,16): note: in instantiation of function template specialization 'nlohmann::detail::to_json<nlohmann::basic_json<>, char[5], 0>' requested here
[build]   516 |         return to_json(j, std::forward<T>(val));
[build]       |                ^
[build] C:\Users\pperv\code\unnamed_rpg\vendor\json\include\nlohmann/adl_serializer.hpp(51,9): note: in instantiation of function template specialization 'nlohmann::detail::to_json_fn::operator()<nlohmann::basic_json<>, const char (&)[5]>' requested here
[build]    51 |         ::nlohmann::to_json(j, std::forward<TargetType>(val));
[build]       |         ^
[build] C:\Users\pperv\code\unnamed_rpg\vendor\json\include\nlohmann/json.hpp(872,28): note: in instantiation of function template specialization 'nlohmann::adl_serializer<char[5]>::to_json<nlohmann::basic_json<>, const char (&)[5]>' requested here
[build]   872 |         JSONSerializer<U>::to_json(*this, std::forward<CompatibleType>(val));
[build]       |                            ^
[build] C:\Users\pperv\code\unnamed_rpg\vendor\json\include\nlohmann/detail/json_ref.hpp(43,11): note: in instantiation of function template specialization 'nlohmann::basic_json<>::basic_json<const char (&)[5], char[5], 0>' requested here
[build]    43 |         : owned_value(std::forward<Args>(args)...)
[build]       |           ^
[build] C:\Users\pperv\code\unnamed_rpg\vendor\json-schema-validator\src\json-patch.cpp(88,36): note: in instantiation of function template specialization 'nlohmann::detail::json_ref<nlohmann::basic_json<>>::json_ref<const char (&)[5], 0>' requested here
[build]    88 |         j_.push_back(json{{"op", "add"}, {"path", ptr.to_string()}, {"value", std::move(value)}});
[build]       |                                           ^
[build] In file included from C:\Users\pperv\code\unnamed_rpg\vendor\json-schema-validator\src\json-patch.cpp:1:
[build] In file included from C:\Users\pperv\code\unnamed_rpg\vendor\json-schema-validator\src\json-patch.hpp:3:
[build] C:\Users\pperv\code\unnamed_rpg\vendor\json\include\nlohmann/json.hpp(420,28): warning: local type '(lambda at C:\Users\pperv\code\unnamed_rpg\vendor\json\include\nlohmann\json.hpp:416:24)' as template argument is incompatible with C++98 [-Wc++98-compat-local-type-template-args]
[build]   420 |         std::unique_ptr<T, decltype(deleter)> obj(AllocatorTraits::allocate(alloc, 1), deleter);
[build]       |                            ^~~~~~~~~~~~~~~~~
[build] C:\Users\pperv\code\unnamed_rpg\vendor\json\include\nlohmann/detail/conversions/to_json.hpp(90,46): note: in instantiation of function template specialization 'nlohmann::basic_json<>::create<std::basic_string<char>, const char (&)[5]>' requested here
[build]    90 |         j.m_data.m_value.string = j.template create<typename BasicJsonType::string_t>(str);
[build]       |                                              ^
[build] C:\Users\pperv\code\unnamed_rpg\vendor\json\include\nlohmann/detail/conversions/to_json.hpp(327,44): note: in instantiation of function template specialization 'nlohmann::detail::external_constructor<nlohmann::detail::value_t::string>::construct<nlohmann::basic_json<>, char[5], 0>' requested here
[build]   327 |     external_constructor<value_t::string>::construct(j, s);
[build]       |                                            ^
[build] C:\Users\pperv\code\unnamed_rpg\vendor\json\include\nlohmann/detail/conversions/to_json.hpp(516,16): note: in instantiation of function template specialization 'nlohmann::detail::to_json<nlohmann::basic_json<>, char[5], 0>' requested here
[build]   516 |         return to_json(j, std::forward<T>(val));
[build]       |                ^
[build] C:\Users\pperv\code\unnamed_rpg\vendor\json\include\nlohmann/adl_serializer.hpp(51,9): note: in instantiation of function template specialization 'nlohmann::detail::to_json_fn::operator()<nlohmann::basic_json<>, const char (&)[5]>' requested here
[build]    51 |         ::nlohmann::to_json(j, std::forward<TargetType>(val));
[build]       |         ^
[build] C:\Users\pperv\code\unnamed_rpg\vendor\json\include\nlohmann/json.hpp(872,28): note: in instantiation of function template specialization 'nlohmann::adl_serializer<char[5]>::to_json<nlohmann::basic_json<>, const char (&)[5]>' requested here
[build]   872 |         JSONSerializer<U>::to_json(*this, std::forward<CompatibleType>(val));
[build]       |                            ^
[build] C:\Users\pperv\code\unnamed_rpg\vendor\json\include\nlohmann/detail/json_ref.hpp(43,11): note: in instantiation of function template specialization 'nlohmann::basic_json<>::basic_json<const char (&)[5], char[5], 0>' requested here
[build]    43 |         : owned_value(std::forward<Args>(args)...)
[build]       |           ^
[build] C:\Users\pperv\code\unnamed_rpg\vendor\json-schema-validator\src\json-patch.cpp(88,36): note: in instantiation of function template specialization 'nlohmann::detail::json_ref<nlohmann::basic_json<>>::json_ref<const char (&)[5], 0>' requested here
[build]    88 |         j_.push_back(json{{"op", "add"}, {"path", ptr.to_string()}, {"value", std::move(value)}});
[build]       |                                           ^
[build] In file included from C:\Users\pperv\code\unnamed_rpg\vendor\json-schema-validator\src\json-patch.cpp:1:
[build] In file included from C:\Users\pperv\code\unnamed_rpg\vendor\json-schema-validator\src\json-patch.hpp:3:
[build] In file included from C:\Users\pperv\code\unnamed_rpg\vendor\json\include\nlohmann/json.hpp:44:
[build] In file included from C:\Users\pperv\code\unnamed_rpg\vendor\json\include\nlohmann/adl_serializer.hpp:15:
[build] C:\Users\pperv\code\unnamed_rpg\vendor\json\include\nlohmann/detail/conversions/to_json.hpp(333,26): warning: enumeration type in nested name specifier is incompatible with C++98 [-Wc++98-compat]
[build]   333 |     external_constructor<value_t::string>::construct(j, std::move(s));
[build]       |                          ^
[build] C:\Users\pperv\code\unnamed_rpg\vendor\json\include\nlohmann/adl_serializer.hpp(51,9): note: in instantiation of function template specialization 'nlohmann::detail::to_json_fn::operator()<nlohmann::basic_json<>, std::basic_string<char>>' requested here
[build]    51 |         ::nlohmann::to_json(j, std::forward<TargetType>(val));
[build]       |         ^
[build] C:\Users\pperv\code\unnamed_rpg\vendor\json\include\nlohmann/json.hpp(872,28): note: in instantiation of function template specialization 'nlohmann::adl_serializer<std::basic_string<char>>::to_json<nlohmann::basic_json<>, std::basic_string<char>>' requested here
[build]   872 |         JSONSerializer<U>::to_json(*this, std::forward<CompatibleType>(val));
[build]       |                            ^
[build] C:\Users\pperv\code\unnamed_rpg\vendor\json\include\nlohmann/detail/json_ref.hpp(43,11): note: in instantiation of function template specialization 'nlohmann::basic_json<>::basic_json<std::basic_string<char>, std::basic_string<char>, 0>' requested here
[build]    43 |         : owned_value(std::forward<Args>(args)...)
[build]       |           ^
[build] C:\Users\pperv\code\unnamed_rpg\vendor\json-schema-validator\src\json-patch.cpp(88,44): note: in instantiation of function template specialization 'nlohmann::detail::json_ref<nlohmann::basic_json<>>::json_ref<std::basic_string<char>, 0>' requested here
[build]    88 |         j_.push_back(json{{"op", "add"}, {"path", ptr.to_string()}, {"value", std::move(value)}});
[build]       |                                                   ^
[build] In file included from C:\Users\pperv\code\unnamed_rpg\vendor\json-schema-validator\src\json-patch.cpp:1:
[build] In file included from C:\Users\pperv\code\unnamed_rpg\vendor\json-schema-validator\src\json-patch.hpp:3:
[build] In file included from C:\Users\pperv\code\unnamed_rpg\vendor\json\include\nlohmann/json.hpp:44:
[build] In file included from C:\Users\pperv\code\unnamed_rpg\vendor\json\include\nlohmann/adl_serializer.hpp:15:
[build] C:\Users\pperv\code\unnamed_rpg\vendor\json\include\nlohmann/detail/conversions/to_json.hpp(78,27): warning: enumeration type in nested name specifier is incompatible with C++98 [-Wc++98-compat]
[build]    78 |         j.m_data.m_type = value_t::string;
[build]       |                           ^
[build] C:\Users\pperv\code\unnamed_rpg\vendor\json\include\nlohmann/detail/conversions/to_json.hpp(516,16): note: in instantiation of function template specialization 'nlohmann::detail::to_json<nlohmann::basic_json<>>' requested here
[build]   516 |         return to_json(j, std::forward<T>(val));
[build]       |                ^
[build] C:\Users\pperv\code\unnamed_rpg\vendor\json\include\nlohmann/adl_serializer.hpp(51,9): note: in instantiation of function template specialization 'nlohmann::detail::to_json_fn::operator()<nlohmann::basic_json<>, std::basic_string<char>>' requested here
[build]    51 |         ::nlohmann::to_json(j, std::forward<TargetType>(val));
[build]       |         ^
[build] C:\Users\pperv\code\unnamed_rpg\vendor\json\include\nlohmann/json.hpp(872,28): note: in instantiation of function template specialization 'nlohmann::adl_serializer<std::basic_string<char>>::to_json<nlohmann::basic_json<>, std::basic_string<char>>' requested here
[build]   872 |         JSONSerializer<U>::to_json(*this, std::forward<CompatibleType>(val));
[build]       |                            ^
[build] C:\Users\pperv\code\unnamed_rpg\vendor\json\include\nlohmann/detail/json_ref.hpp(43,11): note: in instantiation of function template specialization 'nlohmann::basic_json<>::basic_json<std::basic_string<char>, std::basic_string<char>, 0>' requested here
[build]    43 |         : owned_value(std::forward<Args>(args)...)
[build]       |           ^
[build] C:\Users\pperv\code\unnamed_rpg\vendor\json-schema-validator\src\json-patch.cpp(88,44): note: in instantiation of function template specialization 'nlohmann::detail::json_ref<nlohmann::basic_json<>>::json_ref<std::basic_string<char>, 0>' requested here
[build]    88 |         j_.push_back(json{{"op", "add"}, {"path", ptr.to_string()}, {"value", std::move(value)}});
[build]       |                                                   ^
[build] In file included from C:\Users\pperv\code\unnamed_rpg\vendor\json-schema-validator\src\json-patch.cpp:1:
[build] In file included from C:\Users\pperv\code\unnamed_rpg\vendor\json-schema-validator\src\json-patch.hpp:3:
[build] In file included from C:\Users\pperv\code\unnamed_rpg\vendor\json\include\nlohmann/json.hpp:44:
[build] In file included from C:\Users\pperv\code\unnamed_rpg\vendor\json\include\nlohmann/adl_serializer.hpp:15:
[build] C:\Users\pperv\code\unnamed_rpg\vendor\json\include\nlohmann/detail/conversions/to_json.hpp(78,27): warning: enumeration type in nested name specifier is incompatible with C++98 [-Wc++98-compat]
[build]    78 |         j.m_data.m_type = value_t::string;
[build]       |                           ^
[build] C:\Users\pperv\code\unnamed_rpg\vendor\json\include\nlohmann/detail/conversions/to_json.hpp(333,44): note: in instantiation of function template specialization 'nlohmann::detail::external_constructor<nlohmann::detail::value_t::string>::construct<nlohmann::basic_json<>>' requested here
[build]   333 |     external_constructor<value_t::string>::construct(j, std::move(s));
[build]       |                                            ^
[build] C:\Users\pperv\code\unnamed_rpg\vendor\json\include\nlohmann/detail/conversions/to_json.hpp(516,16): note: in instantiation of function template specialization 'nlohmann::detail::to_json<nlohmann::basic_json<>>' requested here
[build]   516 |         return to_json(j, std::forward<T>(val));
[build]       |                ^
[build] C:\Users\pperv\code\unnamed_rpg\vendor\json\include\nlohmann/adl_serializer.hpp(51,9): note: in instantiation of function template specialization 'nlohmann::detail::to_json_fn::operator()<nlohmann::basic_json<>, std::basic_string<char>>' requested here
[build]    51 |         ::nlohmann::to_json(j, std::forward<TargetType>(val));
[build]       |         ^
[build] C:\Users\pperv\code\unnamed_rpg\vendor\json\include\nlohmann/json.hpp(872,28): note: in instantiation of function template specialization 'nlohmann::adl_serializer<std::basic_string<char>>::to_json<nlohmann::basic_json<>, std::basic_string<char>>' requested here
[build]   872 |         JSONSerializer<U>::to_json(*this, std::forward<CompatibleType>(val));
[build]       |                            ^
[build] C:\Users\pperv\code\unnamed_rpg\vendor\json\include\nlohmann/detail/json_ref.hpp(43,11): note: in instantiation of function template specialization 'nlohmann::basic_json<>::basic_json<std::basic_string<char>, std::basic_string<char>, 0>' requested here
[build]    43 |         : owned_value(std::forward<Args>(args)...)
[build]       |           ^
[build] C:\Users\pperv\code\unnamed_rpg\vendor\json-schema-validator\src\json-patch.cpp(88,44): note: in instantiation of function template specialization 'nlohmann::detail::json_ref<nlohmann::basic_json<>>::json_ref<std::basic_string<char>, 0>' requested here
[build]    88 |         j_.push_back(json{{"op", "add"}, {"path", ptr.to_string()}, {"value", std::move(value)}});
[build]       |                                                   ^
[build] In file included from C:\Users\pperv\code\unnamed_rpg\vendor\json-schema-validator\src\json-patch.cpp:1:
[build] In file included from C:\Users\pperv\code\unnamed_rpg\vendor\json-schema-validator\src\json-patch.hpp:3:
[build] C:\Users\pperv\code\unnamed_rpg\vendor\json\include\nlohmann/json.hpp(420,28): warning: local type '(lambda at C:\Users\pperv\code\unnamed_rpg\vendor\json\include\nlohmann\json.hpp:416:24)' as template argument is incompatible with C++98 [-Wc++98-compat-local-type-template-args]
[build]   420 |         std::unique_ptr<T, decltype(deleter)> obj(AllocatorTraits::allocate(alloc, 1), deleter);
[build]       |                            ^~~~~~~~~~~~~~~~~
[build] C:\Users\pperv\code\unnamed_rpg\vendor\json\include\nlohmann/json.hpp(561,47): note: in instantiation of function template specialization 'nlohmann::basic_json<>::create<std::basic_string<char>, std::basic_string<char>>' requested here
[build]   561 |         json_value(string_t&& value) : string(create<string_t>(std::move(value))) {}
[build]       |                                               ^
[build] C:\Users\pperv\code\unnamed_rpg\vendor\json\include\nlohmann/detail/conversions/to_json.hpp(79,28): note: in instantiation of member function 'nlohmann::basic_json<>::json_value::json_value' requested here
[build]    79 |         j.m_data.m_value = std::move(s);
[build]       |                            ^
[build] C:\Users\pperv\code\unnamed_rpg\vendor\json\include\nlohmann/detail/conversions/to_json.hpp(333,44): note: in instantiation of function template specialization 'nlohmann::detail::external_constructor<nlohmann::detail::value_t::string>::construct<nlohmann::basic_json<>>' requested here
[build]   333 |     external_constructor<value_t::string>::construct(j, std::move(s));
[build]       |                                            ^
[build] C:\Users\pperv\code\unnamed_rpg\vendor\json\include\nlohmann/detail/conversions/to_json.hpp(516,16): note: in instantiation of function template specialization 'nlohmann::detail::to_json<nlohmann::basic_json<>>' requested here
[build]   516 |         return to_json(j, std::forward<T>(val));
[build]       |                ^
[build] C:\Users\pperv\code\unnamed_rpg\vendor\json\include\nlohmann/adl_serializer.hpp(51,9): note: in instantiation of function template specialization 'nlohmann::detail::to_json_fn::operator()<nlohmann::basic_json<>, std::basic_string<char>>' requested here
[build]    51 |         ::nlohmann::to_json(j, std::forward<TargetType>(val));
[build]       |         ^
[build] C:\Users\pperv\code\unnamed_rpg\vendor\json\include\nlohmann/json.hpp(872,28): note: in instantiation of function template specialization 'nlohmann::adl_serializer<std::basic_string<char>>::to_json<nlohmann::basic_json<>, std::basic_string<char>>' requested here
[build]   872 |         JSONSerializer<U>::to_json(*this, std::forward<CompatibleType>(val));
[build]       |                            ^
[build] C:\Users\pperv\code\unnamed_rpg\vendor\json\include\nlohmann/detail/json_ref.hpp(43,11): note: in instantiation of function template specialization 'nlohmann::basic_json<>::basic_json<std::basic_string<char>, std::basic_string<char>, 0>' requested here
[build]    43 |         : owned_value(std::forward<Args>(args)...)
[build]       |           ^
[build] C:\Users\pperv\code\unnamed_rpg\vendor\json-schema-validator\src\json-patch.cpp(88,44): note: in instantiation of function template specialization 'nlohmann::detail::json_ref<nlohmann::basic_json<>>::json_ref<std::basic_string<char>, 0>' requested here
[build]    88 |         j_.push_back(json{{"op", "add"}, {"path", ptr.to_string()}, {"value", std::move(value)}});
[build]       |                                                   ^
[build] In file included from C:\Users\pperv\code\unnamed_rpg\vendor\json-schema-validator\src\json-patch.cpp:1:
[build] In file included from C:\Users\pperv\code\unnamed_rpg\vendor\json-schema-validator\src\json-patch.hpp:3:
[build] In file included from C:\Users\pperv\code\unnamed_rpg\vendor\json\include\nlohmann/json.hpp:44:
[build] In file included from C:\Users\pperv\code\unnamed_rpg\vendor\json\include\nlohmann/adl_serializer.hpp:15:
[build] C:\Users\pperv\code\unnamed_rpg\vendor\json\include\nlohmann/detail/conversions/to_json.hpp(89,27): warning: enumeration type in nested name specifier is incompatible with C++98 [-Wc++98-compat]
[build]    89 |         j.m_data.m_type = value_t::string;
[build]       |                           ^
[build] C:\Users\pperv\code\unnamed_rpg\vendor\json\include\nlohmann/detail/conversions/to_json.hpp(327,44): note: in instantiation of function template specialization 'nlohmann::detail::external_constructor<nlohmann::detail::value_t::string>::construct<nlohmann::basic_json<>, char[6], 0>' requested here
[build]   327 |     external_constructor<value_t::string>::construct(j, s);
[build]       |                                            ^
[build] C:\Users\pperv\code\unnamed_rpg\vendor\json\include\nlohmann/detail/conversions/to_json.hpp(516,16): note: in instantiation of function template specialization 'nlohmann::detail::to_json<nlohmann::basic_json<>, char[6], 0>' requested here
[build]   516 |         return to_json(j, std::forward<T>(val));
[build]       |                ^
[build] C:\Users\pperv\code\unnamed_rpg\vendor\json\include\nlohmann/adl_serializer.hpp(51,9): note: in instantiation of function template specialization 'nlohmann::detail::to_json_fn::operator()<nlohmann::basic_json<>, const char (&)[6]>' requested here
[build]    51 |         ::nlohmann::to_json(j, std::forward<TargetType>(val));
[build]       |         ^
[build] C:\Users\pperv\code\unnamed_rpg\vendor\json\include\nlohmann/json.hpp(872,28): note: in instantiation of function template specialization 'nlohmann::adl_serializer<char[6]>::to_json<nlohmann::basic_json<>, const char (&)[6]>' requested here
[build]   872 |         JSONSerializer<U>::to_json(*this, std::forward<CompatibleType>(val));
[build]       |                            ^
[build] C:\Users\pperv\code\unnamed_rpg\vendor\json\include\nlohmann/detail/json_ref.hpp(43,11): note: in instantiation of function template specialization 'nlohmann::basic_json<>::basic_json<const char (&)[6], char[6], 0>' requested here
[build]    43 |         : owned_value(std::forward<Args>(args)...)
[build]       |           ^
[build] C:\Users\pperv\code\unnamed_rpg\vendor\json-schema-validator\src\json-patch.cpp(88,63): note: in instantiation of function template specialization 'nlohmann::detail::json_ref<nlohmann::basic_json<>>::json_ref<const char (&)[6], 0>' requested here
[build]    88 |         j_.push_back(json{{"op", "add"}, {"path", ptr.to_string()}, {"value", std::move(value)}});
[build]       |                                                                      ^
[build] In file included from C:\Users\pperv\code\unnamed_rpg\vendor\json-schema-validator\src\json-patch.cpp:1:
[build] In file included from C:\Users\pperv\code\unnamed_rpg\vendor\json-schema-validator\src\json-patch.hpp:3:
[build] C:\Users\pperv\code\unnamed_rpg\vendor\json\include\nlohmann/json.hpp(420,28): warning: local type '(lambda at C:\Users\pperv\code\unnamed_rpg\vendor\json\include\nlohmann\json.hpp:416:24)' as template argument is incompatible with C++98 [-Wc++98-compat-local-type-template-args]
[build]   420 |         std::unique_ptr<T, decltype(deleter)> obj(AllocatorTraits::allocate(alloc, 1), deleter);
[build]       |                            ^~~~~~~~~~~~~~~~~
[build] C:\Users\pperv\code\unnamed_rpg\vendor\json\include\nlohmann/detail/conversions/to_json.hpp(90,46): note: in instantiation of function template specialization 'nlohmann::basic_json<>::create<std::basic_string<char>, const char (&)[6]>' requested here
[build]    90 |         j.m_data.m_value.string = j.template create<typename BasicJsonType::string_t>(str);
[build]       |                                              ^
[build] C:\Users\pperv\code\unnamed_rpg\vendor\json\include\nlohmann/detail/conversions/to_json.hpp(327,44): note: in instantiation of function template specialization 'nlohmann::detail::external_constructor<nlohmann::detail::value_t::string>::construct<nlohmann::basic_json<>, char[6], 0>' requested here
[build]   327 |     external_constructor<value_t::string>::construct(j, s);
[build]       |                                            ^
[build] C:\Users\pperv\code\unnamed_rpg\vendor\json\include\nlohmann/detail/conversions/to_json.hpp(516,16): note: in instantiation of function template specialization 'nlohmann::detail::to_json<nlohmann::basic_json<>, char[6], 0>' requested here
[build]   516 |         return to_json(j, std::forward<T>(val));
[build]       |                ^
[build] C:\Users\pperv\code\unnamed_rpg\vendor\json\include\nlohmann/adl_serializer.hpp(51,9): note: in instantiation of function template specialization 'nlohmann::detail::to_json_fn::operator()<nlohmann::basic_json<>, const char (&)[6]>' requested here
[build]    51 |         ::nlohmann::to_json(j, std::forward<TargetType>(val));
[build]       |         ^
[build] C:\Users\pperv\code\unnamed_rpg\vendor\json\include\nlohmann/json.hpp(872,28): note: in instantiation of function template specialization 'nlohmann::adl_serializer<char[6]>::to_json<nlohmann::basic_json<>, const char (&)[6]>' requested here
[build]   872 |         JSONSerializer<U>::to_json(*this, std::forward<CompatibleType>(val));
[build]       |                            ^
[build] C:\Users\pperv\code\unnamed_rpg\vendor\json\include\nlohmann/detail/json_ref.hpp(43,11): note: in instantiation of function template specialization 'nlohmann::basic_json<>::basic_json<const char (&)[6], char[6], 0>' requested here
[build]    43 |         : owned_value(std::forward<Args>(args)...)
[build]       |           ^
[build] C:\Users\pperv\code\unnamed_rpg\vendor\json-schema-validator\src\json-patch.cpp(88,63): note: in instantiation of function template specialization 'nlohmann::detail::json_ref<nlohmann::basic_json<>>::json_ref<const char (&)[6], 0>' requested here
[build]    88 |         j_.push_back(json{{"op", "add"}, {"path", ptr.to_string()}, {"value", std::move(value)}});
[build]       |                                                                      ^
[build] In file included from C:\Users\pperv\code\unnamed_rpg\vendor\json-schema-validator\src\json-patch.cpp:1:
[build] In file included from C:\Users\pperv\code\unnamed_rpg\vendor\json-schema-validator\src\json-patch.hpp:3:
[build] C:\Users\pperv\code\unnamed_rpg\vendor\json\include\nlohmann/json.hpp(947,41): warning: lambda expressions are incompatible with C++98 [-Wc++98-compat]
[build]   947 |                                         [](const detail::json_ref<basic_json>& element_ref)
[build]       |                                         ^
[build] C:\Users\pperv\code\unnamed_rpg\vendor\json\include\nlohmann/json.hpp(967,98): warning: 'nullptr' is incompatible with C++98 [-Wc++98-compat]
[build]   967 |                 JSON_THROW(type_error::create(301, "cannot create object from initializer list", nullptr));
[build]       |                                                                                                  ^
[build] C:\Users\pperv\code\unnamed_rpg\vendor\json\include\nlohmann/json.hpp(977,18): warning: 'auto' type specifier is incompatible with C++98 [-Wc++98-compat]
[build]   977 |             for (auto& element_ref : init)
[build]       |                  ^~~~
[build] C:\Users\pperv\code\unnamed_rpg\vendor\json\include\nlohmann/json.hpp(977,36): warning: range-based for loop is incompatible with C++98 [-Wc++98-compat]
[build]   977 |             for (auto& element_ref : init)
[build]       |                                    ^
[build] C:\Users\pperv\code\unnamed_rpg\vendor\json\include\nlohmann/json.hpp(979,17): warning: 'auto' type specifier is incompatible with C++98 [-Wc++98-compat]
[build]   979 |                 auto element = element_ref.moved_or_copied();
[build]       |                 ^~~~
[build] C:\Users\pperv\code\unnamed_rpg\vendor\json\include\nlohmann/json.hpp(946,29): warning: local type '(lambda at C:\Users\pperv\code\unnamed_rpg\vendor\json\include\nlohmann\json.hpp:947:41)' as template argument is incompatible with C++98 [-Wc++98-compat-local-type-template-args]
[build]   946 |         bool is_an_object = std::all_of(init.begin(), init.end(),
[build]       |                             ^~~
[build] C:\Users\pperv\code\unnamed_rpg\vendor\json\include\nlohmann/json.hpp(946,29): note: while substituting deduced template arguments into function template 'all_of' [with _InIt = const nlohmann::detail::json_ref<nlohmann::basic_json<>> *, _Pr = (lambda at C:\Users\pperv\code\unnamed_rpg\vendor\json\include\nlohmann\json.hpp:947:41)]
[build] C:\Users\pperv\code\unnamed_rpg\vendor\json-schema-validator\src\json-patch.cpp(88,15): note: in instantiation of member function 'nlohmann::basic_json<>::basic_json' requested here
[build]    88 |         j_.push_back(json{{"op", "add"}, {"path", ptr.to_string()}, {"value", std::move(value)}});
[build]       |                      ^
[build] In file included from C:\Users\pperv\code\unnamed_rpg\vendor\json-schema-validator\src\json-patch.cpp:1:
[build] In file included from C:\Users\pperv\code\unnamed_rpg\vendor\json-schema-validator\src\json-patch.hpp:3:
[build] C:\Users\pperv\code\unnamed_rpg\vendor\json\include\nlohmann/json.hpp(959,32): warning: enumeration type in nested name specifier is incompatible with C++98 [-Wc++98-compat]
[build]   959 |             if (manual_type == value_t::array)
[build]       |                                ^
[build] C:\Users\pperv\code\unnamed_rpg\vendor\json-schema-validator\src\json-patch.cpp(88,15): note: in instantiation of member function 'nlohmann::basic_json<>::basic_json' requested here
[build]    88 |         j_.push_back(json{{"op", "add"}, {"path", ptr.to_string()}, {"value", std::move(value)}});
[build]       |                      ^
[build] In file included from C:\Users\pperv\code\unnamed_rpg\vendor\json-schema-validator\src\json-patch.cpp:1:
[build] In file included from C:\Users\pperv\code\unnamed_rpg\vendor\json-schema-validator\src\json-patch.hpp:3:
[build] C:\Users\pperv\code\unnamed_rpg\vendor\json\include\nlohmann/json.hpp(965,53): warning: enumeration type in nested name specifier is incompatible with C++98 [-Wc++98-compat]
[build]   965 |             if (JSON_HEDLEY_UNLIKELY(manual_type == value_t::object && !is_an_object))
[build]       |                                                     ^
[build] C:\Users\pperv\code\unnamed_rpg\vendor\json\include\nlohmann/json.hpp(974,29): warning: enumeration type in nested name specifier is incompatible with C++98 [-Wc++98-compat]
[build]   974 |             m_data.m_type = value_t::object;
[build]       |                             ^
[build] C:\Users\pperv\code\unnamed_rpg\vendor\json\include\nlohmann/json.hpp(975,30): warning: enumeration type in nested name specifier is incompatible with C++98 [-Wc++98-compat]
[build]   975 |             m_data.m_value = value_t::object;
[build]       |                              ^
[build] C:\Users\pperv\code\unnamed_rpg\vendor\json\include\nlohmann/json.hpp(997,29): warning: enumeration type in nested name specifier is incompatible with C++98 [-Wc++98-compat]
[build]   997 |             m_data.m_type = value_t::array;
[build]       |                             ^
[build] In file included from C:\Users\pperv\code\unnamed_rpg\vendor\json-schema-validator\src\json-patch.cpp:1:
[build] In file included from C:\Users\pperv\code\unnamed_rpg\vendor\json-schema-validator\src\json-patch.hpp:3:
[build] In file included from C:\Users\pperv\code\unnamed_rpg\vendor\json\include\nlohmann/json.hpp:44:
[build] In file included from C:\Users\pperv\code\unnamed_rpg\vendor\json\include\nlohmann/adl_serializer.hpp:14:
[build] In file included from C:\Users\pperv\code\unnamed_rpg\vendor\json\include\nlohmann/detail/conversions/from_json.hpp:24:
[build] C:\Users\pperv\code\unnamed_rpg\vendor\json\include\nlohmann/detail/exceptions.hpp(244,16): warning: constructor call from initializer list is incompatible with C++98 [-Wc++98-compat]
[build]   244 |         return {id_, w.c_str()};
[build]       |                ^~~~~~~~~~~~~~~~
[build] C:\Users\pperv\code\unnamed_rpg\vendor\json\include\nlohmann/json.hpp(2185,32): note: in instantiation of function template specialization 'nlohmann::detail::type_error::create<const nlohmann::basic_json<> *, 0>' requested here
[build]  2185 |         JSON_THROW(type_error::create(305, detail::concat("cannot use operator[] with a numeric argument with ", type_name()), this));
[build]       |                                ^
[build] C:\Users\pperv\code\unnamed_rpg\vendor\json\include\nlohmann/detail/macro_scope.hpp(198,41): note: expanded from macro 'JSON_THROW'
[build]   198 |     #define JSON_THROW(exception) throw exception
[build]       |                                         ^
[build] C:\Users\pperv\code\unnamed_rpg\vendor\json\include\nlohmann/json.hpp(952,75): note: in instantiation of member function 'nlohmann::basic_json<>::operator[]' requested here
[build]   952 |             return element_ref->is_array() && element_ref->size() == 2 && (*element_ref)[static_cast<size_type>(0)].is_string();
[build]       |                                                                           ^
[build] C:\Users\pperv\code\unnamed_rpg\vendor\json-schema-validator\src\json-patch.cpp(88,15): note: in instantiation of member function 'nlohmann::basic_json<>::basic_json' requested here
[build]    88 |         j_.push_back(json{{"op", "add"}, {"path", ptr.to_string()}, {"value", std::move(value)}});
[build]       |                      ^
[build] In file included from C:\Users\pperv\code\unnamed_rpg\vendor\json-schema-validator\src\json-patch.cpp:1:
[build] In file included from C:\Users\pperv\code\unnamed_rpg\vendor\json-schema-validator\src\json-patch.hpp:3:
[build] In file included from C:\Users\pperv\code\unnamed_rpg\vendor\json\include\nlohmann/json.hpp:44:
[build] In file included from C:\Users\pperv\code\unnamed_rpg\vendor\json\include\nlohmann/adl_serializer.hpp:14:
[build] In file included from C:\Users\pperv\code\unnamed_rpg\vendor\json\include\nlohmann/detail/conversions/from_json.hpp:24:
[build] C:\Users\pperv\code\unnamed_rpg\vendor\json\include\nlohmann/detail/exceptions.hpp(244,16): warning: constructor call from initializer list is incompatible with C++98 [-Wc++98-compat]
[build]   244 |         return {id_, w.c_str()};
[build]       |                ^~~~~~~~~~~~~~~~
[build] C:\Users\pperv\code\unnamed_rpg\vendor\json\include\nlohmann/json.hpp(967,40): note: in instantiation of function template specialization 'nlohmann::detail::type_error::create<std::nullptr_t, 0>' requested here
[build]   967 |                 JSON_THROW(type_error::create(301, "cannot create object from initializer list", nullptr));
[build]       |                                        ^
[build] C:\Users\pperv\code\unnamed_rpg\vendor\json\include\nlohmann/detail/macro_scope.hpp(198,41): note: expanded from macro 'JSON_THROW'
[build]   198 |     #define JSON_THROW(exception) throw exception
[build]       |                                         ^
[build] C:\Users\pperv\code\unnamed_rpg\vendor\json-schema-validator\src\json-patch.cpp(88,15): note: in instantiation of member function 'nlohmann::basic_json<>::basic_json' requested here
[build]    88 |         j_.push_back(json{{"op", "add"}, {"path", ptr.to_string()}, {"value", std::move(value)}});
[build]       |                      ^
[build] In file included from C:\Users\pperv\code\unnamed_rpg\vendor\json-schema-validator\src\json-patch.cpp:1:
[build] In file included from C:\Users\pperv\code\unnamed_rpg\vendor\json-schema-validator\src\json-patch.hpp:3:
[build] In file included from C:\Users\pperv\code\unnamed_rpg\vendor\json\include\nlohmann/json.hpp:61:
[build] C:\Users\pperv\code\unnamed_rpg\vendor\json\include\nlohmann/detail/json_ref.hpp(55,26): warning: 'nullptr' is incompatible with C++98 [-Wc++98-compat]
[build]    55 |         if (value_ref == nullptr)
[build]       |                          ^
[build] In file included from C:\Users\pperv\code\unnamed_rpg\vendor\json-schema-validator\src\json-patch.cpp:1:
[build] In file included from C:\Users\pperv\code\unnamed_rpg\vendor\json-schema-validator\src\json-patch.hpp:3:
[build] C:\Users\pperv\code\unnamed_rpg\vendor\json\include\nlohmann/json.hpp(420,28): warning: local type '(lambda at C:\Users\pperv\code\unnamed_rpg\vendor\json\include\nlohmann\json.hpp:416:24)' as template argument is incompatible with C++98 [-Wc++98-compat-local-type-template-args]
[build]   420 |         std::unique_ptr<T, decltype(deleter)> obj(AllocatorTraits::allocate(alloc, 1), deleter);
[build]       |                            ^~~~~~~~~~~~~~~~~
[build] C:\Users\pperv\code\unnamed_rpg\vendor\json\include\nlohmann/json.hpp(998,36): note: in instantiation of function template specialization 'nlohmann::basic_json<>::create<std::vector<nlohmann::basic_json<>>, const nlohmann::detail::json_ref<nlohmann::basic_json<>> *, const nlohmann::detail::json_ref<nlohmann::basic_json<>> *>' requested here
[build]   998 |             m_data.m_value.array = create<array_t>(init.begin(), init.end());
[build]       |                                    ^
[build] C:\Users\pperv\code\unnamed_rpg\vendor\json-schema-validator\src\json-patch.cpp(88,15): note: in instantiation of member function 'nlohmann::basic_json<>::basic_json' requested here
[build]    88 |         j_.push_back(json{{"op", "add"}, {"path", ptr.to_string()}, {"value", std::move(value)}});
[build]       |                      ^
[build] In file included from C:\Users\pperv\code\unnamed_rpg\vendor\json-schema-validator\src\json-patch.cpp:1:
[build] In file included from C:\Users\pperv\code\unnamed_rpg\vendor\json-schema-validator\src\json-patch.hpp:3:
[build] C:\Users\pperv\code\unnamed_rpg\vendor\json\include\nlohmann/json.hpp(1188,38): warning: delegating constructors are incompatible with C++98 [-Wc++98-compat]
[build]  1188 |     basic_json(const JsonRef& ref) : basic_json(ref.moved_or_copied()) {}
[build]       |                                      ^
[build] C:\Program Files\Microsoft Visual Studio\18\Community\VC\Tools\MSVC\14.51.36231\include\xmemory(732,76): note: in instantiation of function template specialization 'nlohmann::basic_json<>::basic_json<nlohmann::detail::json_ref<nlohmann::basic_json<>>, 0>' requested here
[build]   732 |         ::new (const_cast<void*>(static_cast<const volatile void*>(_Ptr))) _Objty(_STD forward<_Types>(_Args)...);
[build]       |                                                                            ^
[build] C:\Program Files\Microsoft Visual Studio\18\Community\VC\Tools\MSVC\14.51.36231\include\xmemory(1868,35): note: in instantiation of function template specialization 'std::_Default_allocator_traits<std::allocator<nlohmann::basic_json<>>>::construct<nlohmann::basic_json<>, const nlohmann::detail::json_ref<nlohmann::basic_json<>> &>' requested here
[build]  1868 |         allocator_traits<_Alloc>::construct(_Al, _STD _Unfancy(_Last), _STD forward<_Types>(_Vals)...);
[build]       |                                   ^
[build] C:\Program Files\Microsoft Visual Studio\18\Community\VC\Tools\MSVC\14.51.36231\include\xmemory(1926,18): note: in instantiation of function template specialization 'std::_Uninitialized_backout_al<std::allocator<nlohmann::basic_json<>>>::_Emplace_back<const nlohmann::detail::json_ref<nlohmann::basic_json<>> &>' requested here
[build]  1926 |         _Backout._Emplace_back(*_UFirst);
[build]       |                  ^
[build] C:\Program Files\Microsoft Visual Studio\18\Community\VC\Tools\MSVC\14.51.36231\include\vector(2128,41): note: in instantiation of function template specialization 'std::_Uninitialized_copy<const nlohmann::detail::json_ref<nlohmann::basic_json<>> *, const nlohmann::detail::json_ref<nlohmann::basic_json<>> *, std::allocator<nlohmann::basic_json<>>>' requested here
[build]  2128 |                 _My_data._Mylast = _STD _Uninitialized_copy(_STD forward<_Valty>(_Val)..., _My_data._Myfirst, _Al);
[build]       |                                         ^
[build] C:\Program Files\Microsoft Visual Studio\18\Community\VC\Tools\MSVC\14.51.36231\include\vector(702,13): note: in instantiation of function template specialization 'std::vector<nlohmann::basic_json<>>::_Construct_n<const nlohmann::detail::json_ref<nlohmann::basic_json<>> *, const nlohmann::detail::json_ref<nlohmann::basic_json<>> *>' requested here
[build]   702 |             _Construct_n(_Count, _STD move(_UFirst), _STD move(_ULast));
[build]       |             ^
[build] C:\Program Files\Microsoft Visual Studio\18\Community\VC\Tools\MSVC\14.51.36231\include\xmemory(732,76): note: in instantiation of function template specialization 'std::vector<nlohmann::basic_json<>>::vector<const nlohmann::detail::json_ref<nlohmann::basic_json<>> *, 0>' requested here
[build]   732 |         ::new (const_cast<void*>(static_cast<const volatile void*>(_Ptr))) _Objty(_STD forward<_Types>(_Args)...);
[build]       |                                                                            ^
[build] C:\Users\pperv\code\unnamed_rpg\vendor\json\include\nlohmann/json.hpp(421,26): note: in instantiation of function template specialization 'std::_Default_allocator_traits<std::allocator<std::vector<nlohmann::basic_json<>>>>::construct<std::vector<nlohmann::basic_json<>>, const nlohmann::detail::json_ref<nlohmann::basic_json<>> *, const nlohmann::detail::json_ref<nlohmann::basic_json<>> *>' requested here
[build]   421 |         AllocatorTraits::construct(alloc, obj.get(), std::forward<Args>(args)...);
[build]       |                          ^
[build] C:\Users\pperv\code\unnamed_rpg\vendor\json\include\nlohmann/json.hpp(998,36): note: in instantiation of function template specialization 'nlohmann::basic_json<>::create<std::vector<nlohmann::basic_json<>>, const nlohmann::detail::json_ref<nlohmann::basic_json<>> *, const nlohmann::detail::json_ref<nlohmann::basic_json<>> *>' requested here
[build]   998 |             m_data.m_value.array = create<array_t>(init.begin(), init.end());
[build]       |                                    ^
[build] C:\Users\pperv\code\unnamed_rpg\vendor\json-schema-validator\src\json-patch.cpp(88,15): note: in instantiation of member function 'nlohmann::basic_json<>::basic_json' requested here
[build]    88 |         j_.push_back(json{{"op", "add"}, {"path", ptr.to_string()}, {"value", std::move(value)}});
[build]       |                      ^
[build] In file included from C:\Users\pperv\code\unnamed_rpg\vendor\json-schema-validator\src\json-patch.cpp:1:
[build] In file included from C:\Users\pperv\code\unnamed_rpg\vendor\json-schema-validator\src\json-patch.hpp:3:
[build] C:\Users\pperv\code\unnamed_rpg\vendor\json\include\nlohmann/json.hpp(3176,15): warning: 'auto' type specifier is incompatible with C++98 [-Wc++98-compat]
[build]  3176 |         const auto old_capacity = m_data.m_value.array->capacity();
[build]       |               ^~~~
[build] C:\Users\pperv\code\unnamed_rpg\vendor\json\include\nlohmann/json.hpp(1383,33): warning: enumeration type in nested name specifier is incompatible with C++98 [-Wc++98-compat]
[build]  1383 |         return m_data.m_type == value_t::null;
[build]       |                                 ^
[build] C:\Users\pperv\code\unnamed_rpg\vendor\json\include\nlohmann/json.hpp(3162,36): note: in instantiation of member function 'nlohmann::basic_json<>::is_null' requested here
[build]  3162 |         if (JSON_HEDLEY_UNLIKELY(!(is_null() || is_array())))
[build]       |                                    ^
[build] C:\Users\pperv\code\unnamed_rpg\vendor\json\include\nlohmann/thirdparty/hedley/hedley.hpp(1360,94): note: expanded from macro 'JSON_HEDLEY_UNLIKELY'
[build]  1360 | #  define JSON_HEDLEY_UNLIKELY(expr)                    __builtin_expect                 (!!(expr),    0                  )
[build]       |                                                                                              ^
[build] C:\Users\pperv\code\unnamed_rpg\vendor\json-schema-validator\src\json-patch.cpp(88,5): note: in instantiation of member function 'nlohmann::basic_json<>::push_back' requested here
[build]    88 |         j_.push_back(json{{"op", "add"}, {"path", ptr.to_string()}, {"value", std::move(value)}});
[build]       |            ^
[build] In file included from C:\Users\pperv\code\unnamed_rpg\vendor\json-schema-validator\src\json-patch.cpp:1:
[build] In file included from C:\Users\pperv\code\unnamed_rpg\vendor\json-schema-validator\src\json-patch.hpp:3:
[build] C:\Users\pperv\code\unnamed_rpg\vendor\json\include\nlohmann/json.hpp(3170,29): warning: enumeration type in nested name specifier is incompatible with C++98 [-Wc++98-compat]
[build]  3170 |             m_data.m_type = value_t::array;
[build]       |                             ^
[build] C:\Users\pperv\code\unnamed_rpg\vendor\json-schema-validator\src\json-patch.cpp(88,5): note: in instantiation of member function 'nlohmann::basic_json<>::push_back' requested here
[build]    88 |         j_.push_back(json{{"op", "add"}, {"path", ptr.to_string()}, {"value", std::move(value)}});
[build]       |            ^
[build] In file included from C:\Users\pperv\code\unnamed_rpg\vendor\json-schema-validator\src\json-patch.cpp:1:
[build] In file included from C:\Users\pperv\code\unnamed_rpg\vendor\json-schema-validator\src\json-patch.hpp:3:
[build] C:\Users\pperv\code\unnamed_rpg\vendor\json\include\nlohmann/json.hpp(3171,30): warning: enumeration type in nested name specifier is incompatible with C++98 [-Wc++98-compat]
[build]  3171 |             m_data.m_value = value_t::array;
[build]       |                              ^
[build] In file included from C:\Users\pperv\code\unnamed_rpg\vendor\json-schema-validator\src\json-patch.cpp:1:
[build] In file included from C:\Users\pperv\code\unnamed_rpg\vendor\json-schema-validator\src\json-patch.hpp:3:
[build] In file included from C:\Users\pperv\code\unnamed_rpg\vendor\json\include\nlohmann/json.hpp:44:
[build] In file included from C:\Users\pperv\code\unnamed_rpg\vendor\json\include\nlohmann/adl_serializer.hpp:15:
[build] C:\Users\pperv\code\unnamed_rpg\vendor\json\include\nlohmann/detail/conversions/to_json.hpp(89,27): warning: enumeration type in nested name specifier is incompatible with C++98 [-Wc++98-compat]
[build]    89 |         j.m_data.m_type = value_t::string;
[build]       |                           ^
[build] C:\Users\pperv\code\unnamed_rpg\vendor\json\include\nlohmann/detail/conversions/to_json.hpp(327,44): note: in instantiation of function template specialization 'nlohmann::detail::external_constructor<nlohmann::detail::value_t::string>::construct<nlohmann::basic_json<>, char[8], 0>' requested here
[build]   327 |     external_constructor<value_t::string>::construct(j, s);
[build]       |                                            ^
[build] C:\Users\pperv\code\unnamed_rpg\vendor\json\include\nlohmann/detail/conversions/to_json.hpp(516,16): note: in instantiation of function template specialization 'nlohmann::detail::to_json<nlohmann::basic_json<>, char[8], 0>' requested here
[build]   516 |         return to_json(j, std::forward<T>(val));
[build]       |                ^
[build] C:\Users\pperv\code\unnamed_rpg\vendor\json\include\nlohmann/adl_serializer.hpp(51,9): note: in instantiation of function template specialization 'nlohmann::detail::to_json_fn::operator()<nlohmann::basic_json<>, const char (&)[8]>' requested here
[build]    51 |         ::nlohmann::to_json(j, std::forward<TargetType>(val));
[build]       |         ^
[build] C:\Users\pperv\code\unnamed_rpg\vendor\json\include\nlohmann/json.hpp(872,28): note: in instantiation of function template specialization 'nlohmann::adl_serializer<char[8]>::to_json<nlohmann::basic_json<>, const char (&)[8]>' requested here
[build]   872 |         JSONSerializer<U>::to_json(*this, std::forward<CompatibleType>(val));
[build]       |                            ^
[build] C:\Users\pperv\code\unnamed_rpg\vendor\json\include\nlohmann/detail/json_ref.hpp(43,11): note: in instantiation of function template specialization 'nlohmann::basic_json<>::basic_json<const char (&)[8], char[8], 0>' requested here
[build]    43 |         : owned_value(std::forward<Args>(args)...)
[build]       |           ^
[build] C:\Users\pperv\code\unnamed_rpg\vendor\json-schema-validator\src\json-patch.cpp(94,27): note: in instantiation of function template specialization 'nlohmann::detail::json_ref<nlohmann::basic_json<>>::json_ref<const char (&)[8], 0>' requested here
[build]    94 |         j_.push_back(json{{"op", "replace"}, {"path", ptr.to_string()}, {"value", std::move(value)}});
[build]       |                                  ^
[build] In file included from C:\Users\pperv\code\unnamed_rpg\vendor\json-schema-validator\src\json-patch.cpp:1:
[build] In file included from C:\Users\pperv\code\unnamed_rpg\vendor\json-schema-validator\src\json-patch.hpp:3:
[build] C:\Users\pperv\code\unnamed_rpg\vendor\json\include\nlohmann/json.hpp(420,28): warning: local type '(lambda at C:\Users\pperv\code\unnamed_rpg\vendor\json\include\nlohmann\json.hpp:416:24)' as template argument is incompatible with C++98 [-Wc++98-compat-local-type-template-args]
[build]   420 |         std::unique_ptr<T, decltype(deleter)> obj(AllocatorTraits::allocate(alloc, 1), deleter);
[build]       |                            ^~~~~~~~~~~~~~~~~
[build] C:\Users\pperv\code\unnamed_rpg\vendor\json\include\nlohmann/detail/conversions/to_json.hpp(90,46): note: in instantiation of function template specialization 'nlohmann::basic_json<>::create<std::basic_string<char>, const char (&)[8]>' requested here
[build]    90 |         j.m_data.m_value.string = j.template create<typename BasicJsonType::string_t>(str);
[build]       |                                              ^
[build] C:\Users\pperv\code\unnamed_rpg\vendor\json\include\nlohmann/detail/conversions/to_json.hpp(327,44): note: in instantiation of function template specialization 'nlohmann::detail::external_constructor<nlohmann::detail::value_t::string>::construct<nlohmann::basic_json<>, char[8], 0>' requested here
[build]   327 |     external_constructor<value_t::string>::construct(j, s);
[build]       |                                            ^
[build] C:\Users\pperv\code\unnamed_rpg\vendor\json\include\nlohmann/detail/conversions/to_json.hpp(516,16): note: in instantiation of function template specialization 'nlohmann::detail::to_json<nlohmann::basic_json<>, char[8], 0>' requested here
[build]   516 |         return to_json(j, std::forward<T>(val));
[build]       |                ^
[build] C:\Users\pperv\code\unnamed_rpg\vendor\json\include\nlohmann/adl_serializer.hpp(51,9): note: in instantiation of function template specialization 'nlohmann::detail::to_json_fn::operator()<nlohmann::basic_json<>, const char (&)[8]>' requested here
[build]    51 |         ::nlohmann::to_json(j, std::forward<TargetType>(val));
[build]       |         ^
[build] C:\Users\pperv\code\unnamed_rpg\vendor\json\include\nlohmann/json.hpp(872,28): note: in instantiation of function template specialization 'nlohmann::adl_serializer<char[8]>::to_json<nlohmann::basic_json<>, const char (&)[8]>' requested here
[build]   872 |         JSONSerializer<U>::to_json(*this, std::forward<CompatibleType>(val));
[build]       |                            ^
[build] C:\Users\pperv\code\unnamed_rpg\vendor\json\include\nlohmann/detail/json_ref.hpp(43,11): note: in instantiation of function template specialization 'nlohmann::basic_json<>::basic_json<const char (&)[8], char[8], 0>' requested here
[build]    43 |         : owned_value(std::forward<Args>(args)...)
[build]       |           ^
[build] C:\Users\pperv\code\unnamed_rpg\vendor\json-schema-validator\src\json-patch.cpp(94,27): note: in instantiation of function template specialization 'nlohmann::detail::json_ref<nlohmann::basic_json<>>::json_ref<const char (&)[8], 0>' requested here
[build]    94 |         j_.push_back(json{{"op", "replace"}, {"path", ptr.to_string()}, {"value", std::move(value)}});
[build]       |                                  ^
[build] In file included from C:\Users\pperv\code\unnamed_rpg\vendor\json-schema-validator\src\json-patch.cpp:1:
[build] In file included from C:\Users\pperv\code\unnamed_rpg\vendor\json-schema-validator\src\json-patch.hpp:3:
[build] In file included from C:\Users\pperv\code\unnamed_rpg\vendor\json\include\nlohmann/json.hpp:44:
[build] In file included from C:\Users\pperv\code\unnamed_rpg\vendor\json\include\nlohmann/adl_serializer.hpp:15:
[build] C:\Users\pperv\code\unnamed_rpg\vendor\json\include\nlohmann/detail/conversions/to_json.hpp(89,27): warning: enumeration type in nested name specifier is incompatible with C++98 [-Wc++98-compat]
[build]    89 |         j.m_data.m_type = value_t::string;
[build]       |                           ^
[build] C:\Users\pperv\code\unnamed_rpg\vendor\json\include\nlohmann/detail/conversions/to_json.hpp(327,44): note: in instantiation of function template specialization 'nlohmann::detail::external_constructor<nlohmann::detail::value_t::string>::construct<nlohmann::basic_json<>, char[7], 0>' requested here
[build]   327 |     external_constructor<value_t::string>::construct(j, s);
[build]       |                                            ^
[build] C:\Users\pperv\code\unnamed_rpg\vendor\json\include\nlohmann/detail/conversions/to_json.hpp(516,16): note: in instantiation of function template specialization 'nlohmann::detail::to_json<nlohmann::basic_json<>, char[7], 0>' requested here
[build]   516 |         return to_json(j, std::forward<T>(val));
[build]       |                ^
[build] C:\Users\pperv\code\unnamed_rpg\vendor\json\include\nlohmann/adl_serializer.hpp(51,9): note: in instantiation of function template specialization 'nlohmann::detail::to_json_fn::operator()<nlohmann::basic_json<>, const char (&)[7]>' requested here
[build]    51 |         ::nlohmann::to_json(j, std::forward<TargetType>(val));
[build]       |         ^
[build] C:\Users\pperv\code\unnamed_rpg\vendor\json\include\nlohmann/json.hpp(872,28): note: in instantiation of function template specialization 'nlohmann::adl_serializer<char[7]>::to_json<nlohmann::basic_json<>, const char (&)[7]>' requested here
[build]   872 |         JSONSerializer<U>::to_json(*this, std::forward<CompatibleType>(val));
[build]       |                            ^
[build] C:\Users\pperv\code\unnamed_rpg\vendor\json\include\nlohmann/detail/json_ref.hpp(43,11): note: in instantiation of function template specialization 'nlohmann::basic_json<>::basic_json<const char (&)[7], char[7], 0>' requested here
[build]    43 |         : owned_value(std::forward<Args>(args)...)
[build]       |           ^
[build] C:\Users\pperv\code\unnamed_rpg\vendor\json-schema-validator\src\json-patch.cpp(100,27): note: in instantiation of function template specialization 'nlohmann::detail::json_ref<nlohmann::basic_json<>>::json_ref<const char (&)[7], 0>' requested here
[build]   100 |         j_.push_back(json{{"op", "remove"}, {"path", ptr.to_string()}});
[build]       |                                  ^
[build] In file included from C:\Users\pperv\code\unnamed_rpg\vendor\json-schema-validator\src\json-patch.cpp:1:
[build] In file included from C:\Users\pperv\code\unnamed_rpg\vendor\json-schema-validator\src\json-patch.hpp:3:
[build] C:\Users\pperv\code\unnamed_rpg\vendor\json\include\nlohmann/json.hpp(420,28): warning: local type '(lambda at C:\Users\pperv\code\unnamed_rpg\vendor\json\include\nlohmann\json.hpp:416:24)' as template argument is incompatible with C++98 [-Wc++98-compat-local-type-template-args]
[build]   420 |         std::unique_ptr<T, decltype(deleter)> obj(AllocatorTraits::allocate(alloc, 1), deleter);
[build]       |                            ^~~~~~~~~~~~~~~~~
[build] C:\Users\pperv\code\unnamed_rpg\vendor\json\include\nlohmann/detail/conversions/to_json.hpp(90,46): note: in instantiation of function template specialization 'nlohmann::basic_json<>::create<std::basic_string<char>, const char (&)[7]>' requested here
[build]    90 |         j.m_data.m_value.string = j.template create<typename BasicJsonType::string_t>(str);
[build]       |                                              ^
[build] C:\Users\pperv\code\unnamed_rpg\vendor\json\include\nlohmann/detail/conversions/to_json.hpp(327,44): note: in instantiation of function template specialization 'nlohmann::detail::external_constructor<nlohmann::detail::value_t::string>::construct<nlohmann::basic_json<>, char[7], 0>' requested here
[build]   327 |     external_constructor<value_t::string>::construct(j, s);
[build]       |                                            ^
[build] C:\Users\pperv\code\unnamed_rpg\vendor\json\include\nlohmann/detail/conversions/to_json.hpp(516,16): note: in instantiation of function template specialization 'nlohmann::detail::to_json<nlohmann::basic_json<>, char[7], 0>' requested here
[build]   516 |         return to_json(j, std::forward<T>(val));
[build]       |                ^
[build] C:\Users\pperv\code\unnamed_rpg\vendor\json\include\nlohmann/adl_serializer.hpp(51,9): note: in instantiation of function template specialization 'nlohmann::detail::to_json_fn::operator()<nlohmann::basic_json<>, const char (&)[7]>' requested here
[build]    51 |         ::nlohmann::to_json(j, std::forward<TargetType>(val));
[build]       |         ^
[build] C:\Users\pperv\code\unnamed_rpg\vendor\json\include\nlohmann/json.hpp(872,28): note: in instantiation of function template specialization 'nlohmann::adl_serializer<char[7]>::to_json<nlohmann::basic_json<>, const char (&)[7]>' requested here
[build]   872 |         JSONSerializer<U>::to_json(*this, std::forward<CompatibleType>(val));
[build]       |                            ^
[build] C:\Users\pperv\code\unnamed_rpg\vendor\json\include\nlohmann/detail/json_ref.hpp(43,11): note: in instantiation of function template specialization 'nlohmann::basic_json<>::basic_json<const char (&)[7], char[7], 0>' requested here
[build]    43 |         : owned_value(std::forward<Args>(args)...)
[build]       |           ^
[build] C:\Users\pperv\code\unnamed_rpg\vendor\json-schema-validator\src\json-patch.cpp(100,27): note: in instantiation of function template specialization 'nlohmann::detail::json_ref<nlohmann::basic_json<>>::json_ref<const char (&)[7], 0>' requested here
[build]   100 |         j_.push_back(json{{"op", "remove"}, {"path", ptr.to_string()}});
[build]       |                                  ^
[build] In file included from C:\Users\pperv\code\unnamed_rpg\vendor\json-schema-validator\src\json-patch.cpp:1:
[build] In file included from C:\Users\pperv\code\unnamed_rpg\vendor\json-schema-validator\src\json-patch.hpp:3:
[build] In file included from C:\Users\pperv\code\unnamed_rpg\vendor\json\include\nlohmann/json.hpp:55:
[build] C:\Users\pperv\code\unnamed_rpg\vendor\json\include\nlohmann/detail/iterators/iter_impl.hpp(106,18): warning: enumeration type in nested name specifier is incompatible with C++98 [-Wc++98-compat]
[build]   106 |             case value_t::object:
[build]       |                  ^
[build] C:\Users\pperv\code\unnamed_rpg\vendor\json\include\nlohmann/json.hpp(2857,24): note: in instantiation of member function 'nlohmann::detail::iter_impl<const nlohmann::basic_json<>>::iter_impl' requested here
[build]  2857 |         const_iterator result(this);
[build]       |                        ^
[build] C:\Users\pperv\code\unnamed_rpg\vendor\json\include\nlohmann/json.hpp(2850,16): note: in instantiation of member function 'nlohmann::basic_json<>::cbegin' requested here
[build]  2850 |         return cbegin();
[build]       |                ^
[build] C:\Users\pperv\code\unnamed_rpg\vendor\json-schema-validator\src\json-patch.cpp(111,22): note: in instantiation of member function 'nlohmann::basic_json<>::begin' requested here
[build]   111 |         for (auto const &op : patch)
[build]       |                             ^
[build] In file included from C:\Users\pperv\code\unnamed_rpg\vendor\json-schema-validator\src\json-patch.cpp:1:
[build] In file included from C:\Users\pperv\code\unnamed_rpg\vendor\json-schema-validator\src\json-patch.hpp:3:
[build] In file included from C:\Users\pperv\code\unnamed_rpg\vendor\json\include\nlohmann/json.hpp:55:
[build] C:\Users\pperv\code\unnamed_rpg\vendor\json\include\nlohmann/detail/iterators/iter_impl.hpp(112,18): warning: enumeration type in nested name specifier is incompatible with C++98 [-Wc++98-compat]
[build]   112 |             case value_t::array:
[build]       |                  ^
[build] C:\Users\pperv\code\unnamed_rpg\vendor\json\include\nlohmann/detail/iterators/iter_impl.hpp(118,18): warning: enumeration type in nested name specifier is incompatible with C++98 [-Wc++98-compat]
[build]   118 |             case value_t::null:
[build]       |                  ^
[build] C:\Users\pperv\code\unnamed_rpg\vendor\json\include\nlohmann/detail/iterators/iter_impl.hpp(119,18): warning: enumeration type in nested name specifier is incompatible with C++98 [-Wc++98-compat]
[build]   119 |             case value_t::string:
[build]       |                  ^
[build] C:\Users\pperv\code\unnamed_rpg\vendor\json\include\nlohmann/detail/iterators/iter_impl.hpp(120,18): warning: enumeration type in nested name specifier is incompatible with C++98 [-Wc++98-compat]
[build]   120 |             case value_t::boolean:
[build]       |                  ^
[build] C:\Users\pperv\code\unnamed_rpg\vendor\json\include\nlohmann/detail/iterators/iter_impl.hpp(121,18): warning: enumeration type in nested name specifier is incompatible with C++98 [-Wc++98-compat]
[build]   121 |             case value_t::number_integer:
[build]       |                  ^
[build] C:\Users\pperv\code\unnamed_rpg\vendor\json\include\nlohmann/detail/iterators/iter_impl.hpp(122,18): warning: enumeration type in nested name specifier is incompatible with C++98 [-Wc++98-compat]
[build]   122 |             case value_t::number_unsigned:
[build]       |                  ^
[build] C:\Users\pperv\code\unnamed_rpg\vendor\json\include\nlohmann/detail/iterators/iter_impl.hpp(123,18): warning: enumeration type in nested name specifier is incompatible with C++98 [-Wc++98-compat]
[build]   123 |             case value_t::number_float:
[build]       |                  ^
[build] C:\Users\pperv\code\unnamed_rpg\vendor\json\include\nlohmann/detail/iterators/iter_impl.hpp(124,18): warning: enumeration type in nested name specifier is incompatible with C++98 [-Wc++98-compat]
[build]   124 |             case value_t::binary:
[build]       |                  ^
[build] C:\Users\pperv\code\unnamed_rpg\vendor\json\include\nlohmann/detail/iterators/iter_impl.hpp(125,18): warning: enumeration type in nested name specifier is incompatible with C++98 [-Wc++98-compat]
[build]   125 |             case value_t::discarded:
[build]       |                  ^
[build] C:\Users\pperv\code\unnamed_rpg\vendor\json\include\nlohmann/detail/iterators/iter_impl.hpp(126,13): warning: default label in switch which covers all enumeration values [-Wcovered-switch-default]
[build]   126 |             default:
[build]       |             ^
[build] C:\Users\pperv\code\unnamed_rpg\vendor\json\include\nlohmann/detail/iterators/iter_impl.hpp(203,18): warning: enumeration type in nested name specifier is incompatible with C++98 [-Wc++98-compat]
[build]   203 |             case value_t::object:
[build]       |                  ^
[build] C:\Users\pperv\code\unnamed_rpg\vendor\json\include\nlohmann/json.hpp(2858,16): note: in instantiation of member function 'nlohmann::detail::iter_impl<const nlohmann::basic_json<>>::set_begin' requested here
[build]  2858 |         result.set_begin();
[build]       |                ^
[build] C:\Users\pperv\code\unnamed_rpg\vendor\json\include\nlohmann/json.hpp(2850,16): note: in instantiation of member function 'nlohmann::basic_json<>::cbegin' requested here
[build]  2850 |         return cbegin();
[build]       |                ^
[build] C:\Users\pperv\code\unnamed_rpg\vendor\json-schema-validator\src\json-patch.cpp(111,22): note: in instantiation of member function 'nlohmann::basic_json<>::begin' requested here
[build]   111 |         for (auto const &op : patch)
[build]       |                             ^
[build] In file included from C:\Users\pperv\code\unnamed_rpg\vendor\json-schema-validator\src\json-patch.cpp:1:
[build] In file included from C:\Users\pperv\code\unnamed_rpg\vendor\json-schema-validator\src\json-patch.hpp:3:
[build] In file included from C:\Users\pperv\code\unnamed_rpg\vendor\json\include\nlohmann/json.hpp:55:
[build] C:\Users\pperv\code\unnamed_rpg\vendor\json\include\nlohmann/detail/iterators/iter_impl.hpp(209,18): warning: enumeration type in nested name specifier is incompatible with C++98 [-Wc++98-compat]
[build]   209 |             case value_t::array:
[build]       |                  ^
[build] C:\Users\pperv\code\unnamed_rpg\vendor\json\include\nlohmann/detail/iterators/iter_impl.hpp(215,18): warning: enumeration type in nested name specifier is incompatible with C++98 [-Wc++98-compat]
[build]   215 |             case value_t::null:
[build]       |                  ^
[build] C:\Users\pperv\code\unnamed_rpg\vendor\json\include\nlohmann/detail/iterators/iter_impl.hpp(222,18): warning: enumeration type in nested name specifier is incompatible with C++98 [-Wc++98-compat]
[build]   222 |             case value_t::string:
[build]       |                  ^
[build] C:\Users\pperv\code\unnamed_rpg\vendor\json\include\nlohmann/detail/iterators/iter_impl.hpp(223,18): warning: enumeration type in nested name specifier is incompatible with C++98 [-Wc++98-compat]
[build]   223 |             case value_t::boolean:
[build]       |                  ^
[build] C:\Users\pperv\code\unnamed_rpg\vendor\json\include\nlohmann/detail/iterators/iter_impl.hpp(224,18): warning: enumeration type in nested name specifier is incompatible with C++98 [-Wc++98-compat]
[build]   224 |             case value_t::number_integer:
[build]       |                  ^
[build] C:\Users\pperv\code\unnamed_rpg\vendor\json\include\nlohmann/detail/iterators/iter_impl.hpp(225,18): warning: enumeration type in nested name specifier is incompatible with C++98 [-Wc++98-compat]
[build]   225 |             case value_t::number_unsigned:
[build]       |                  ^
[build] C:\Users\pperv\code\unnamed_rpg\vendor\json\include\nlohmann/detail/iterators/iter_impl.hpp(226,18): warning: enumeration type in nested name specifier is incompatible with C++98 [-Wc++98-compat]
[build]   226 |             case value_t::number_float:
[build]       |                  ^
[build] C:\Users\pperv\code\unnamed_rpg\vendor\json\include\nlohmann/detail/iterators/iter_impl.hpp(227,18): warning: enumeration type in nested name specifier is incompatible with C++98 [-Wc++98-compat]
[build]   227 |             case value_t::binary:
[build]       |                  ^
[build] C:\Users\pperv\code\unnamed_rpg\vendor\json\include\nlohmann/detail/iterators/iter_impl.hpp(228,18): warning: enumeration type in nested name specifier is incompatible with C++98 [-Wc++98-compat]
[build]   228 |             case value_t::discarded:
[build]       |                  ^
[build] C:\Users\pperv\code\unnamed_rpg\vendor\json\include\nlohmann/detail/iterators/iter_impl.hpp(229,13): warning: default label in switch which covers all enumeration values [-Wcovered-switch-default]
[build]   229 |             default:
[build]       |             ^
[build] C:\Users\pperv\code\unnamed_rpg\vendor\json\include\nlohmann/detail/iterators/iter_impl.hpp(247,18): warning: enumeration type in nested name specifier is incompatible with C++98 [-Wc++98-compat]
[build]   247 |             case value_t::object:
[build]       |                  ^
[build] C:\Users\pperv\code\unnamed_rpg\vendor\json\include\nlohmann/json.hpp(2883,16): note: in instantiation of member function 'nlohmann::detail::iter_impl<const nlohmann::basic_json<>>::set_end' requested here
[build]  2883 |         result.set_end();
[build]       |                ^
[build] C:\Users\pperv\code\unnamed_rpg\vendor\json\include\nlohmann/json.hpp(2875,16): note: in instantiation of member function 'nlohmann::basic_json<>::cend' requested here
[build]  2875 |         return cend();
[build]       |                ^
[build] C:\Users\pperv\code\unnamed_rpg\vendor\json-schema-validator\src\json-patch.cpp(111,22): note: in instantiation of member function 'nlohmann::basic_json<>::end' requested here
[build]   111 |         for (auto const &op : patch)
[build]       |                             ^
[build] In file included from C:\Users\pperv\code\unnamed_rpg\vendor\json-schema-validator\src\json-patch.cpp:1:
[build] In file included from C:\Users\pperv\code\unnamed_rpg\vendor\json-schema-validator\src\json-patch.hpp:3:
[build] In file included from C:\Users\pperv\code\unnamed_rpg\vendor\json\include\nlohmann/json.hpp:55:
[build] C:\Users\pperv\code\unnamed_rpg\vendor\json\include\nlohmann/detail/iterators/iter_impl.hpp(253,18): warning: enumeration type in nested name specifier is incompatible with C++98 [-Wc++98-compat]
[build]   253 |             case value_t::array:
[build]       |                  ^
[build] C:\Users\pperv\code\unnamed_rpg\vendor\json\include\nlohmann/detail/iterators/iter_impl.hpp(259,18): warning: enumeration type in nested name specifier is incompatible with C++98 [-Wc++98-compat]
[build]   259 |             case value_t::null:
[build]       |                  ^
[build] C:\Users\pperv\code\unnamed_rpg\vendor\json\include\nlohmann/detail/iterators/iter_impl.hpp(260,18): warning: enumeration type in nested name specifier is incompatible with C++98 [-Wc++98-compat]
[build]   260 |             case value_t::string:
[build]       |                  ^
[build] C:\Users\pperv\code\unnamed_rpg\vendor\json\include\nlohmann/detail/iterators/iter_impl.hpp(261,18): warning: enumeration type in nested name specifier is incompatible with C++98 [-Wc++98-compat]
[build]   261 |             case value_t::boolean:
[build]       |                  ^
[build] C:\Users\pperv\code\unnamed_rpg\vendor\json\include\nlohmann/detail/iterators/iter_impl.hpp(262,18): warning: enumeration type in nested name specifier is incompatible with C++98 [-Wc++98-compat]
[build]   262 |             case value_t::number_integer:
[build]       |                  ^
[build] C:\Users\pperv\code\unnamed_rpg\vendor\json\include\nlohmann/detail/iterators/iter_impl.hpp(263,18): warning: enumeration type in nested name specifier is incompatible with C++98 [-Wc++98-compat]
[build]   263 |             case value_t::number_unsigned:
[build]       |                  ^
[build] C:\Users\pperv\code\unnamed_rpg\vendor\json\include\nlohmann/detail/iterators/iter_impl.hpp(264,18): warning: enumeration type in nested name specifier is incompatible with C++98 [-Wc++98-compat]
[build]   264 |             case value_t::number_float:
[build]       |                  ^
[build] C:\Users\pperv\code\unnamed_rpg\vendor\json\include\nlohmann/detail/iterators/iter_impl.hpp(265,18): warning: enumeration type in nested name specifier is incompatible with C++98 [-Wc++98-compat]
[build]   265 |             case value_t::binary:
[build]       |                  ^
[build] C:\Users\pperv\code\unnamed_rpg\vendor\json\include\nlohmann/detail/iterators/iter_impl.hpp(266,18): warning: enumeration type in nested name specifier is incompatible with C++98 [-Wc++98-compat]
[build]   266 |             case value_t::discarded:
[build]       |                  ^
[build] C:\Users\pperv\code\unnamed_rpg\vendor\json\include\nlohmann/detail/iterators/iter_impl.hpp(267,13): warning: default label in switch which covers all enumeration values [-Wcovered-switch-default]
[build]   267 |             default:
[build]       |             ^
[build] C:\Users\pperv\code\unnamed_rpg\vendor\json\include\nlohmann/detail/iterators/iter_impl.hpp(468,170): warning: use of null pointer as non-type template argument is incompatible with C++98 [-Wc++98-compat]
[build]   468 |     template < typename IterImpl, detail::enable_if_t < (std::is_same<IterImpl, iter_impl>::value || std::is_same<IterImpl, other_iter_impl>::value), std::nullptr_t > = nullptr >
[build]       |                                                                                                                                                                          ^
[build] C:\Users\pperv\code\unnamed_rpg\vendor\json\include\nlohmann/detail/iterators/iter_impl.hpp(511,17): note: while substituting deduced template arguments into function template 'operator==' [with IterImpl = nlohmann::detail::iter_impl<const nlohmann::basic_json<>>, $1 = (no value)]
[build]   511 |         return !operator==(other);
[build]       |                 ^
[build] C:\Users\pperv\code\unnamed_rpg\vendor\json-schema-validator\src\json-patch.cpp(111,22): note: in instantiation of function template specialization 'nlohmann::detail::iter_impl<const nlohmann::basic_json<>>::operator!=<nlohmann::detail::iter_impl<const nlohmann::basic_json<>>, nullptr>' requested here
[build]   111 |         for (auto const &op : patch)
[build]       |                             ^
[build] In file included from C:\Users\pperv\code\unnamed_rpg\vendor\json-schema-validator\src\json-patch.cpp:1:
[build] In file included from C:\Users\pperv\code\unnamed_rpg\vendor\json-schema-validator\src\json-patch.hpp:3:
[build] In file included from C:\Users\pperv\code\unnamed_rpg\vendor\json\include\nlohmann/json.hpp:55:
[build] C:\Users\pperv\code\unnamed_rpg\vendor\json\include\nlohmann/detail/iterators/iter_impl.hpp(485,18): warning: enumeration type in nested name specifier is incompatible with C++98 [-Wc++98-compat]
[build]   485 |             case value_t::object:
[build]       |                  ^
[build] C:\Users\pperv\code\unnamed_rpg\vendor\json\include\nlohmann/detail/iterators/iter_impl.hpp(511,17): note: in instantiation of function template specialization 'nlohmann::detail::iter_impl<const nlohmann::basic_json<>>::operator==<nlohmann::detail::iter_impl<const nlohmann::basic_json<>>, nullptr>' requested here
[build]   511 |         return !operator==(other);
[build]       |                 ^
[build] C:\Users\pperv\code\unnamed_rpg\vendor\json-schema-validator\src\json-patch.cpp(111,22): note: in instantiation of function template specialization 'nlohmann::detail::iter_impl<const nlohmann::basic_json<>>::operator!=<nlohmann::detail::iter_impl<const nlohmann::basic_json<>>, nullptr>' requested here
[build]   111 |         for (auto const &op : patch)
[build]       |                             ^
[build] In file included from C:\Users\pperv\code\unnamed_rpg\vendor\json-schema-validator\src\json-patch.cpp:1:
[build] In file included from C:\Users\pperv\code\unnamed_rpg\vendor\json-schema-validator\src\json-patch.hpp:3:
[build] In file included from C:\Users\pperv\code\unnamed_rpg\vendor\json\include\nlohmann/json.hpp:55:
[build] C:\Users\pperv\code\unnamed_rpg\vendor\json\include\nlohmann/detail/iterators/iter_impl.hpp(488,18): warning: enumeration type in nested name specifier is incompatible with C++98 [-Wc++98-compat]
[build]   488 |             case value_t::array:
[build]       |                  ^
[build] C:\Users\pperv\code\unnamed_rpg\vendor\json\include\nlohmann/detail/iterators/iter_impl.hpp(491,18): warning: enumeration type in nested name specifier is incompatible with C++98 [-Wc++98-compat]
[build]   491 |             case value_t::null:
[build]       |                  ^
[build] C:\Users\pperv\code\unnamed_rpg\vendor\json\include\nlohmann/detail/iterators/iter_impl.hpp(492,18): warning: enumeration type in nested name specifier is incompatible with C++98 [-Wc++98-compat]
[build]   492 |             case value_t::string:
[build]       |                  ^
[build] C:\Users\pperv\code\unnamed_rpg\vendor\json\include\nlohmann/detail/iterators/iter_impl.hpp(493,18): warning: enumeration type in nested name specifier is incompatible with C++98 [-Wc++98-compat]
[build]   493 |             case value_t::boolean:
[build]       |                  ^
[build] C:\Users\pperv\code\unnamed_rpg\vendor\json\include\nlohmann/detail/iterators/iter_impl.hpp(494,18): warning: enumeration type in nested name specifier is incompatible with C++98 [-Wc++98-compat]
[build]   494 |             case value_t::number_integer:
[build]       |                  ^
[build] C:\Users\pperv\code\unnamed_rpg\vendor\json\include\nlohmann/detail/iterators/iter_impl.hpp(495,18): warning: enumeration type in nested name specifier is incompatible with C++98 [-Wc++98-compat]
[build]   495 |             case value_t::number_unsigned:
[build]       |                  ^
[build] C:\Users\pperv\code\unnamed_rpg\vendor\json\include\nlohmann/detail/iterators/iter_impl.hpp(496,18): warning: enumeration type in nested name specifier is incompatible with C++98 [-Wc++98-compat]
[build]   496 |             case value_t::number_float:
[build]       |                  ^
[build] C:\Users\pperv\code\unnamed_rpg\vendor\json\include\nlohmann/detail/iterators/iter_impl.hpp(497,18): warning: enumeration type in nested name specifier is incompatible with C++98 [-Wc++98-compat]
[build]   497 |             case value_t::binary:
[build]       |                  ^
[build] C:\Users\pperv\code\unnamed_rpg\vendor\json\include\nlohmann/detail/iterators/iter_impl.hpp(498,18): warning: enumeration type in nested name specifier is incompatible with C++98 [-Wc++98-compat]
[build]   498 |             case value_t::discarded:
[build]       |                  ^
[build] C:\Users\pperv\code\unnamed_rpg\vendor\json\include\nlohmann/detail/iterators/iter_impl.hpp(499,13): warning: default label in switch which covers all enumeration values [-Wcovered-switch-default]
[build]   499 |             default:
[build]       |             ^
[build] In file included from C:\Users\pperv\code\unnamed_rpg\vendor\json-schema-validator\src\json-patch.cpp:1:
[build] In file included from C:\Users\pperv\code\unnamed_rpg\vendor\json-schema-validator\src\json-patch.hpp:3:
[build] In file included from C:\Users\pperv\code\unnamed_rpg\vendor\json\include\nlohmann/json.hpp:44:
[build] In file included from C:\Users\pperv\code\unnamed_rpg\vendor\json\include\nlohmann/adl_serializer.hpp:14:
[build] In file included from C:\Users\pperv\code\unnamed_rpg\vendor\json\include\nlohmann/detail/conversions/from_json.hpp:24:
[build] C:\Users\pperv\code\unnamed_rpg\vendor\json\include\nlohmann/detail/exceptions.hpp(226,16): warning: constructor call from initializer list is incompatible with C++98 [-Wc++98-compat]
[build]   226 |         return {id_, w.c_str()};
[build]       |                ^~~~~~~~~~~~~~~~
[build] C:\Users\pperv\code\unnamed_rpg\vendor\json\include\nlohmann/detail/iterators/iter_impl.hpp(474,42): note: in instantiation of function template specialization 'nlohmann::detail::invalid_iterator::create<const nlohmann::basic_json<> *, 0>' requested here
[build]   474 |             JSON_THROW(invalid_iterator::create(212, "cannot compare iterators of different containers", m_object));
[build]       |                                          ^
[build] C:\Users\pperv\code\unnamed_rpg\vendor\json\include\nlohmann/detail/macro_scope.hpp(198,41): note: expanded from macro 'JSON_THROW'
[build]   198 |     #define JSON_THROW(exception) throw exception
[build]       |                                         ^
[build] C:\Users\pperv\code\unnamed_rpg\vendor\json\include\nlohmann/detail/iterators/iter_impl.hpp(511,17): note: in instantiation of function template specialization 'nlohmann::detail::iter_impl<const nlohmann::basic_json<>>::operator==<nlohmann::detail::iter_impl<const nlohmann::basic_json<>>, nullptr>' requested here
[build]   511 |         return !operator==(other);
[build]       |                 ^
[build] C:\Users\pperv\code\unnamed_rpg\vendor\json-schema-validator\src\json-patch.cpp(111,22): note: in instantiation of function template specialization 'nlohmann::detail::iter_impl<const nlohmann::basic_json<>>::operator!=<nlohmann::detail::iter_impl<const nlohmann::basic_json<>>, nullptr>' requested here
[build]   111 |         for (auto const &op : patch)
[build]       |                             ^
[build] In file included from C:\Users\pperv\code\unnamed_rpg\vendor\json-schema-validator\src\json-patch.cpp:1:
[build] In file included from C:\Users\pperv\code\unnamed_rpg\vendor\json-schema-validator\src\json-patch.hpp:3:
[build] In file included from C:\Users\pperv\code\unnamed_rpg\vendor\json\include\nlohmann/json.hpp:55:
[build] C:\Users\pperv\code\unnamed_rpg\vendor\json\include\nlohmann/detail/iterators/iter_impl.hpp(383,18): warning: enumeration type in nested name specifier is incompatible with C++98 [-Wc++98-compat]
[build]   383 |             case value_t::object:
[build]       |                  ^
[build] C:\Users\pperv\code\unnamed_rpg\vendor\json-schema-validator\src\json-patch.cpp(111,22): note: in instantiation of member function 'nlohmann::detail::iter_impl<const nlohmann::basic_json<>>::operator++' requested here
[build]   111 |         for (auto const &op : patch)
[build]       |                             ^
[build] In file included from C:\Users\pperv\code\unnamed_rpg\vendor\json-schema-validator\src\json-patch.cpp:1:
[build] In file included from C:\Users\pperv\code\unnamed_rpg\vendor\json-schema-validator\src\json-patch.hpp:3:
[build] In file included from C:\Users\pperv\code\unnamed_rpg\vendor\json\include\nlohmann/json.hpp:55:
[build] C:\Users\pperv\code\unnamed_rpg\vendor\json\include\nlohmann/detail/iterators/iter_impl.hpp(389,18): warning: enumeration type in nested name specifier is incompatible with C++98 [-Wc++98-compat]
[build]   389 |             case value_t::array:
[build]       |                  ^
[build] C:\Users\pperv\code\unnamed_rpg\vendor\json\include\nlohmann/detail/iterators/iter_impl.hpp(395,18): warning: enumeration type in nested name specifier is incompatible with C++98 [-Wc++98-compat]
[build]   395 |             case value_t::null:
[build]       |                  ^
[build] C:\Users\pperv\code\unnamed_rpg\vendor\json\include\nlohmann/detail/iterators/iter_impl.hpp(396,18): warning: enumeration type in nested name specifier is incompatible with C++98 [-Wc++98-compat]
[build]   396 |             case value_t::string:
[build]       |                  ^
[build] C:\Users\pperv\code\unnamed_rpg\vendor\json\include\nlohmann/detail/iterators/iter_impl.hpp(397,18): warning: enumeration type in nested name specifier is incompatible with C++98 [-Wc++98-compat]
[build]   397 |             case value_t::boolean:
[build]       |                  ^
[build] C:\Users\pperv\code\unnamed_rpg\vendor\json\include\nlohmann/detail/iterators/iter_impl.hpp(398,18): warning: enumeration type in nested name specifier is incompatible with C++98 [-Wc++98-compat]
[build]   398 |             case value_t::number_integer:
[build]       |                  ^
[build] C:\Users\pperv\code\unnamed_rpg\vendor\json\include\nlohmann/detail/iterators/iter_impl.hpp(399,18): warning: enumeration type in nested name specifier is incompatible with C++98 [-Wc++98-compat]
[build]   399 |             case value_t::number_unsigned:
[build]       |                  ^
[build] C:\Users\pperv\code\unnamed_rpg\vendor\json\include\nlohmann/detail/iterators/iter_impl.hpp(400,18): warning: enumeration type in nested name specifier is incompatible with C++98 [-Wc++98-compat]
[build]   400 |             case value_t::number_float:
[build]       |                  ^
[build] C:\Users\pperv\code\unnamed_rpg\vendor\json\include\nlohmann/detail/iterators/iter_impl.hpp(401,18): warning: enumeration type in nested name specifier is incompatible with C++98 [-Wc++98-compat]
[build]   401 |             case value_t::binary:
[build]       |                  ^
[build] C:\Users\pperv\code\unnamed_rpg\vendor\json\include\nlohmann/detail/iterators/iter_impl.hpp(402,18): warning: enumeration type in nested name specifier is incompatible with C++98 [-Wc++98-compat]
[build]   402 |             case value_t::discarded:
[build]       |                  ^
[build] C:\Users\pperv\code\unnamed_rpg\vendor\json\include\nlohmann/detail/iterators/iter_impl.hpp(403,13): warning: default label in switch which covers all enumeration values [-Wcovered-switch-default]
[build]   403 |             default:
[build]       |             ^
[build] C:\Users\pperv\code\unnamed_rpg\vendor\json\include\nlohmann/detail/iterators/iter_impl.hpp(282,33): warning: 'nullptr' is incompatible with C++98 [-Wc++98-compat]
[build]   282 |         JSON_ASSERT(m_object != nullptr);
[build]       |                                 ^
[build] C:\Users\pperv\code\unnamed_rpg\vendor\json\include\nlohmann/detail/iterators/iter_impl.hpp(286,18): warning: enumeration type in nested name specifier is incompatible with C++98 [-Wc++98-compat]
[build]   286 |             case value_t::object:
[build]       |                  ^
[build] C:\Users\pperv\code\unnamed_rpg\vendor\json\include\nlohmann/detail/iterators/iter_impl.hpp(292,18): warning: enumeration type in nested name specifier is incompatible with C++98 [-Wc++98-compat]
[build]   292 |             case value_t::array:
[build]       |                  ^
[build] C:\Users\pperv\code\unnamed_rpg\vendor\json\include\nlohmann/detail/iterators/iter_impl.hpp(298,18): warning: enumeration type in nested name specifier is incompatible with C++98 [-Wc++98-compat]
[build]   298 |             case value_t::null:
[build]       |                  ^
[build] C:\Users\pperv\code\unnamed_rpg\vendor\json\include\nlohmann/detail/iterators/iter_impl.hpp(301,18): warning: enumeration type in nested name specifier is incompatible with C++98 [-Wc++98-compat]
[build]   301 |             case value_t::string:
[build]       |                  ^
[build] C:\Users\pperv\code\unnamed_rpg\vendor\json\include\nlohmann/detail/iterators/iter_impl.hpp(302,18): warning: enumeration type in nested name specifier is incompatible with C++98 [-Wc++98-compat]
[build]   302 |             case value_t::boolean:
[build]       |                  ^
[build] C:\Users\pperv\code\unnamed_rpg\vendor\json\include\nlohmann/detail/iterators/iter_impl.hpp(303,18): warning: enumeration type in nested name specifier is incompatible with C++98 [-Wc++98-compat]
[build]   303 |             case value_t::number_integer:
[build]       |                  ^
[build] C:\Users\pperv\code\unnamed_rpg\vendor\json\include\nlohmann/detail/iterators/iter_impl.hpp(304,18): warning: enumeration type in nested name specifier is incompatible with C++98 [-Wc++98-compat]
[build]   304 |             case value_t::number_unsigned:
[build]       |                  ^
[build] C:\Users\pperv\code\unnamed_rpg\vendor\json\include\nlohmann/detail/iterators/iter_impl.hpp(305,18): warning: enumeration type in nested name specifier is incompatible with C++98 [-Wc++98-compat]
[build]   305 |             case value_t::number_float:
[build]       |                  ^
[build] C:\Users\pperv\code\unnamed_rpg\vendor\json\include\nlohmann/detail/iterators/iter_impl.hpp(306,18): warning: enumeration type in nested name specifier is incompatible with C++98 [-Wc++98-compat]
[build]   306 |             case value_t::binary:
[build]       |                  ^
[build] C:\Users\pperv\code\unnamed_rpg\vendor\json\include\nlohmann/detail/iterators/iter_impl.hpp(307,18): warning: enumeration type in nested name specifier is incompatible with C++98 [-Wc++98-compat]
[build]   307 |             case value_t::discarded:
[build]       |                  ^
[build] C:\Users\pperv\code\unnamed_rpg\vendor\json\include\nlohmann/detail/iterators/iter_impl.hpp(286,18): warning: enumeration type in nested name specifier is incompatible with C++98 [-Wc++98-compat]
[build]   286 |             case value_t::object:
[build]       |                  ^
[build] C:\Users\pperv\code\unnamed_rpg\vendor\json-schema-validator\src\json-patch.cpp(111,22): note: in instantiation of member function 'nlohmann::detail::iter_impl<const nlohmann::basic_json<>>::operator*' requested here
[build]   111 |         for (auto const &op : patch)
[build]       |                             ^
[build] In file included from C:\Users\pperv\code\unnamed_rpg\vendor\json-schema-validator\src\json-patch.cpp:1:
[build] In file included from C:\Users\pperv\code\unnamed_rpg\vendor\json-schema-validator\src\json-patch.hpp:3:
[build] In file included from C:\Users\pperv\code\unnamed_rpg\vendor\json\include\nlohmann/json.hpp:55:
[build] C:\Users\pperv\code\unnamed_rpg\vendor\json\include\nlohmann/detail/iterators/iter_impl.hpp(292,18): warning: enumeration type in nested name specifier is incompatible with C++98 [-Wc++98-compat]
[build]   292 |             case value_t::array:
[build]       |                  ^
[build] C:\Users\pperv\code\unnamed_rpg\vendor\json\include\nlohmann/detail/iterators/iter_impl.hpp(298,18): warning: enumeration type in nested name specifier is incompatible with C++98 [-Wc++98-compat]
[build]   298 |             case value_t::null:
[build]       |                  ^
[build] C:\Users\pperv\code\unnamed_rpg\vendor\json\include\nlohmann/detail/iterators/iter_impl.hpp(301,18): warning: enumeration type in nested name specifier is incompatible with C++98 [-Wc++98-compat]
[build]   301 |             case value_t::string:
[build]       |                  ^
[build] C:\Users\pperv\code\unnamed_rpg\vendor\json\include\nlohmann/detail/iterators/iter_impl.hpp(302,18): warning: enumeration type in nested name specifier is incompatible with C++98 [-Wc++98-compat]
[build]   302 |             case value_t::boolean:
[build]       |                  ^
[build] C:\Users\pperv\code\unnamed_rpg\vendor\json\include\nlohmann/detail/iterators/iter_impl.hpp(303,18): warning: enumeration type in nested name specifier is incompatible with C++98 [-Wc++98-compat]
[build]   303 |             case value_t::number_integer:
[build]       |                  ^
[build] C:\Users\pperv\code\unnamed_rpg\vendor\json\include\nlohmann/detail/iterators/iter_impl.hpp(304,18): warning: enumeration type in nested name specifier is incompatible with C++98 [-Wc++98-compat]
[build]   304 |             case value_t::number_unsigned:
[build]       |                  ^
[build] C:\Users\pperv\code\unnamed_rpg\vendor\json\include\nlohmann/detail/iterators/iter_impl.hpp(305,18): warning: enumeration type in nested name specifier is incompatible with C++98 [-Wc++98-compat]
[build]   305 |             case value_t::number_float:
[build]       |                  ^
[build] C:\Users\pperv\code\unnamed_rpg\vendor\json\include\nlohmann/detail/iterators/iter_impl.hpp(306,18): warning: enumeration type in nested name specifier is incompatible with C++98 [-Wc++98-compat]
[build]   306 |             case value_t::binary:
[build]       |                  ^
[build] C:\Users\pperv\code\unnamed_rpg\vendor\json\include\nlohmann/detail/iterators/iter_impl.hpp(307,18): warning: enumeration type in nested name specifier is incompatible with C++98 [-Wc++98-compat]
[build]   307 |             case value_t::discarded:
[build]       |                  ^
[build] C:\Users\pperv\code\unnamed_rpg\vendor\json\include\nlohmann/detail/iterators/iter_impl.hpp(308,13): warning: default label in switch which covers all enumeration values [-Wcovered-switch-default]
[build]   308 |             default:
[build]       |             ^
[build] In file included from C:\Users\pperv\code\unnamed_rpg\vendor\json-schema-validator\src\json-patch.cpp:1:
[build] In file included from C:\Users\pperv\code\unnamed_rpg\vendor\json-schema-validator\src\json-patch.hpp:3:
[build] C:\Users\pperv\code\unnamed_rpg\vendor\json\include\nlohmann/json.hpp(2217,13): warning: 'auto' type specifier is incompatible with C++98 [-Wc++98-compat]
[build]  2217 |             auto it = m_data.m_value.object->find(key);
[build]       |             ^~~~
[build] C:\Users\pperv\code\unnamed_rpg\vendor\json-schema-validator\src\json-patch.cpp(112,24): note: in instantiation of function template specialization 'nlohmann::basic_json<>::operator[]<const char>' requested here
[build]   112 |                 json::json_pointer(op["path"].get<std::string>());
[build]       |                                      ^
[build] In file included from C:\Users\pperv\code\unnamed_rpg\vendor\json-schema-validator\src\json-patch.cpp:1:
[build] In file included from C:\Users\pperv\code\unnamed_rpg\vendor\json-schema-validator\src\json-patch.hpp:3:
[build] C:\Users\pperv\code\unnamed_rpg\vendor\json\include\nlohmann/json.hpp(1675,9): warning: 'auto' type specifier is incompatible with C++98 [-Wc++98-compat]
[build]  1675 |         auto ret = ValueType();
[build]       |         ^~~~
[build] In file included from C:\Users\pperv\code\unnamed_rpg\vendor\json-schema-validator\src\json-patch.cpp:1:
[build] In file included from C:\Users\pperv\code\unnamed_rpg\vendor\json-schema-validator\src\json-patch.hpp:3:
[build] In file included from C:\Users\pperv\code\unnamed_rpg\vendor\json\include\nlohmann/json.hpp:44:
[build] In file included from C:\Users\pperv\code\unnamed_rpg\vendor\json\include\nlohmann/adl_serializer.hpp:14:
[build] In file included from C:\Users\pperv\code\unnamed_rpg\vendor\json\include\nlohmann/detail/conversions/from_json.hpp:24:
[build] In file included from C:\Users\pperv\code\unnamed_rpg\vendor\json\include\nlohmann/detail/exceptions.hpp:26:
[build] C:\Users\pperv\code\unnamed_rpg\vendor\json\include\nlohmann/detail/string_concat.hpp(43,12): warning: function 'strlen' is unsafe [-Wunsafe-buffer-usage-in-libc-call]
[build]    43 |     return ::strlen(cstr) + concat_length(rest...);
[build]       |            ^~~~~~~~~~~~~~
[build] C:\Users\pperv\code\unnamed_rpg\vendor\json\include\nlohmann/detail/string_concat.hpp(43,12): warning: function 'strlen' is unsafe [-Wunsafe-buffer-usage-in-libc-call]
[build]    43 |     return ::strlen(cstr) + concat_length(rest...);
[build]       |            ^~~~~~~~~~~~~~
[build] C:\Users\pperv\code\unnamed_rpg\vendor\json\include\nlohmann/detail/string_concat.hpp(43,12): warning: function 'strlen' is unsafe [-Wunsafe-buffer-usage-in-libc-call]
[build]    43 |     return ::strlen(cstr) + concat_length(rest...);
[build]       |            ^~~~~~~~~~~~~~
[build] C:\Users\pperv\code\unnamed_rpg\vendor\json\include\nlohmann/detail/string_concat.hpp(43,12): warning: function 'strlen' is unsafe [-Wunsafe-buffer-usage-in-libc-call]
[build]    43 |     return ::strlen(cstr) + concat_length(rest...);
[build]       |            ^~~~~~~~~~~~~~
[build] C:\Users\pperv\code\unnamed_rpg\vendor\json\include\nlohmann/detail/string_concat.hpp(43,12): warning: function 'strlen' is unsafe [-Wunsafe-buffer-usage-in-libc-call]
[build]    43 |     return ::strlen(cstr) + concat_length(rest...);
[build]       |            ^~~~~~~~~~~~~~
[build] C:\Users\pperv\code\unnamed_rpg\vendor\json\include\nlohmann/detail/string_concat.hpp(43,12): warning: function 'strlen' is unsafe [-Wunsafe-buffer-usage-in-libc-call]
[build]    43 |     return ::strlen(cstr) + concat_length(rest...);
[build]       |            ^~~~~~~~~~~~~~
[build] C:\Users\pperv\code\unnamed_rpg\vendor\json\include\nlohmann/detail/string_concat.hpp(43,12): warning: function 'strlen' is unsafe [-Wunsafe-buffer-usage-in-libc-call]
[build]    43 |     return ::strlen(cstr) + concat_length(rest...);
[build]       |            ^~~~~~~~~~~~~~
[build] C:\Users\pperv\code\unnamed_rpg\vendor\json\include\nlohmann/detail/string_concat.hpp(43,12): warning: function 'strlen' is unsafe [-Wunsafe-buffer-usage-in-libc-call]
[build]    43 |     return ::strlen(cstr) + concat_length(rest...);
[build]       |            ^~~~~~~~~~~~~~
[build] C:\Users\pperv\code\unnamed_rpg\vendor\json\include\nlohmann/detail/string_concat.hpp(43,12): warning: function 'strlen' is unsafe [-Wunsafe-buffer-usage-in-libc-call]
[build]    43 |     return ::strlen(cstr) + concat_length(rest...);
[build]       |            ^~~~~~~~~~~~~~
[build] C:\Users\pperv\code\unnamed_rpg\vendor\json\include\nlohmann/detail/string_concat.hpp(43,12): warning: function 'strlen' is unsafe [-Wunsafe-buffer-usage-in-libc-call]
[build]    43 |     return ::strlen(cstr) + concat_length(rest...);
[build]       |            ^~~~~~~~~~~~~~
[build] In file included from C:\Users\pperv\code\unnamed_rpg\vendor\json-schema-validator\src\json-patch.cpp:1:
[build] In file included from C:\Users\pperv\code\unnamed_rpg\vendor\json-schema-validator\src\json-patch.hpp:3:
[build] In file included from C:\Users\pperv\code\unnamed_rpg\vendor\json\include\nlohmann/json.hpp:50:
[build] In file included from C:\Users\pperv\code\unnamed_rpg\vendor\json\include\nlohmann/detail/input/binary_reader.hpp:29:
[build] In file included from C:\Users\pperv\code\unnamed_rpg\vendor\json\include\nlohmann/detail/input/json_sax.hpp:18:
[build] C:\Users\pperv\code\unnamed_rpg\vendor\json\include\nlohmann/detail/input/lexer.hpp(251,68): warning: unsafe pointer arithmetic [-Wunsafe-buffer-usage]
[build]   251 |         for (auto range = ranges.begin(); range != ranges.end(); ++range)
[build]       |                                                                    ^~~~~
[build] C:\Users\pperv\code\unnamed_rpg\vendor\json\include\nlohmann/detail/input/lexer.hpp(254,72): warning: unsafe pointer arithmetic [-Wunsafe-buffer-usage]
[build]   254 |             if (JSON_HEDLEY_LIKELY(*range <= current && current <= *(++range))) // NOLINT(bugprone-inc-dec-in-conditions)
[build]       |                                                                        ^~~~~
[build] C:\Users\pperv\code\unnamed_rpg\vendor\json\include\nlohmann/detail/input/lexer.hpp(953,13): warning: function 'strtod' is unsafe [-Wunsafe-buffer-usage-in-libc-call]
[build]   953 |         f = std::strtod(str, endptr);
[build]       |             ^~~~~~~~~~~~~~~~~~~~~~~~
[build] C:\Users\pperv\code\unnamed_rpg\vendor\json\include\nlohmann/detail/input/lexer.hpp(1288,28): warning: function 'strtoull' is unsafe [-Wunsafe-buffer-usage-in-libc-call]
[build]  1288 |             const auto x = std::strtoull(token_buffer.data(), &endptr, 10);
[build]       |                            ^~~~~~~~~~~~~~~~~~~~~~~~~~~~~~~~~~~~~~~~~~~~~~~
[build] C:\Users\pperv\code\unnamed_rpg\vendor\json\include\nlohmann/detail/input/lexer.hpp(1291,48): warning: unsafe pointer arithmetic [-Wunsafe-buffer-usage]
[build]  1291 |             JSON_ASSERT(endptr == token_buffer.data() + token_buffer.size());
[build]       |                                   ~~~~~~~~~~~~~^~~~~~
[build] C:\Users\pperv\code\unnamed_rpg\vendor\json\include\nlohmann/detail/macro_scope.hpp(233,35): note: expanded from macro 'JSON_ASSERT'
[build]   233 |     #define JSON_ASSERT(x) assert(x)
[build]       |                                   ^
[build] C:\Program Files (x86)\Windows Kits\10\include\10.0.26100.0\ucrt\assert.h(40,17): note: expanded from macro 'assert'
[build]    40 |             (!!(expression)) ||                                                               \
[build]       |                 ^~~~~~~~~~
[build] In file included from C:\Users\pperv\code\unnamed_rpg\vendor\json-schema-validator\src\json-patch.cpp:1:
[build] In file included from C:\Users\pperv\code\unnamed_rpg\vendor\json-schema-validator\src\json-patch.hpp:3:
[build] In file included from C:\Users\pperv\code\unnamed_rpg\vendor\json\include\nlohmann/json.hpp:50:
[build] In file included from C:\Users\pperv\code\unnamed_rpg\vendor\json\include\nlohmann/detail/input/binary_reader.hpp:29:
[build] In file included from C:\Users\pperv\code\unnamed_rpg\vendor\json\include\nlohmann/detail/input/json_sax.hpp:18:
[build] C:\Users\pperv\code\unnamed_rpg\vendor\json\include\nlohmann/detail/input/lexer.hpp(1304,28): warning: function 'strtoll' is unsafe [-Wunsafe-buffer-usage-in-libc-call]
[build]  1304 |             const auto x = std::strtoll(token_buffer.data(), &endptr, 10);
[build]       |                            ^~~~~~~~~~~~~~~~~~~~~~~~~~~~~~~~~~~~~~~~~~~~~~
[build] C:\Users\pperv\code\unnamed_rpg\vendor\json\include\nlohmann/detail/input/lexer.hpp(1307,48): warning: unsafe pointer arithmetic [-Wunsafe-buffer-usage]
[build]  1307 |             JSON_ASSERT(endptr == token_buffer.data() + token_buffer.size());
[build]       |                                   ~~~~~~~~~~~~~^~~~~~
[build] C:\Users\pperv\code\unnamed_rpg\vendor\json\include\nlohmann/detail/macro_scope.hpp(233,35): note: expanded from macro 'JSON_ASSERT'
[build]   233 |     #define JSON_ASSERT(x) assert(x)
[build]       |                                   ^
[build] C:\Program Files (x86)\Windows Kits\10\include\10.0.26100.0\ucrt\assert.h(40,17): note: expanded from macro 'assert'
[build]    40 |             (!!(expression)) ||                                                               \
[build]       |                 ^~~~~~~~~~
[build] In file included from C:\Users\pperv\code\unnamed_rpg\vendor\json-schema-validator\src\json-patch.cpp:1:
[build] In file included from C:\Users\pperv\code\unnamed_rpg\vendor\json-schema-validator\src\json-patch.hpp:3:
[build] In file included from C:\Users\pperv\code\unnamed_rpg\vendor\json\include\nlohmann/json.hpp:50:
[build] In file included from C:\Users\pperv\code\unnamed_rpg\vendor\json\include\nlohmann/detail/input/binary_reader.hpp:29:
[build] In file included from C:\Users\pperv\code\unnamed_rpg\vendor\json\include\nlohmann/detail/input/json_sax.hpp:18:
[build] C:\Users\pperv\code\unnamed_rpg\vendor\json\include\nlohmann/detail/input/lexer.hpp(1324,44): warning: unsafe pointer arithmetic [-Wunsafe-buffer-usage]
[build]  1324 |         JSON_ASSERT(endptr == token_buffer.data() + token_buffer.size());
[build]       |                               ~~~~~~~~~~~~~^~~~~~
[build] C:\Users\pperv\code\unnamed_rpg\vendor\json\include\nlohmann/detail/macro_scope.hpp(233,35): note: expanded from macro 'JSON_ASSERT'
[build]   233 |     #define JSON_ASSERT(x) assert(x)
[build]       |                                   ^
[build] C:\Program Files (x86)\Windows Kits\10\include\10.0.26100.0\ucrt\assert.h(40,17): note: expanded from macro 'assert'
[build]    40 |             (!!(expression)) ||                                                               \
[build]       |                 ^~~~~~~~~~
[build] In file included from C:\Users\pperv\code\unnamed_rpg\vendor\json-schema-validator\src\json-patch.cpp:1:
[build] In file included from C:\Users\pperv\code\unnamed_rpg\vendor\json-schema-validator\src\json-patch.hpp:3:
[build] In file included from C:\Users\pperv\code\unnamed_rpg\vendor\json\include\nlohmann/json.hpp:50:
[build] In file included from C:\Users\pperv\code\unnamed_rpg\vendor\json\include\nlohmann/detail/input/binary_reader.hpp:29:
[build] In file included from C:\Users\pperv\code\unnamed_rpg\vendor\json\include\nlohmann/detail/input/json_sax.hpp:18:
[build] C:\Users\pperv\code\unnamed_rpg\vendor\json\include\nlohmann/detail/input/lexer.hpp(1341,85): warning: unsafe buffer access [-Wunsafe-buffer-usage]
[build]  1341 |             if (JSON_HEDLEY_UNLIKELY(char_traits<char_type>::to_char_type(get()) != literal_text[i]))
[build]       |                                                                                     ^~~~~~~~~~~~
[build] In file included from C:\Users\pperv\code\unnamed_rpg\vendor\json-schema-validator\src\json-patch.cpp:1:
[build] In file included from C:\Users\pperv\code\unnamed_rpg\vendor\json-schema-validator\src\json-patch.hpp:3:
[build] In file included from C:\Users\pperv\code\unnamed_rpg\vendor\json\include\nlohmann/json.hpp:70:
[build] In file included from C:\Users\pperv\code\unnamed_rpg\vendor\json\include\nlohmann/detail/output/serializer.hpp:25:
[build] C:\Users\pperv\code\unnamed_rpg\vendor\json\include\nlohmann/detail/conversions/to_chars.hpp(577,21): warning: unsafe buffer access [-Wunsafe-buffer-usage]
[build]   577 |         JSON_ASSERT(buf[len - 1] != '0');
[build]       |                     ^~~
[build] C:\Users\pperv\code\unnamed_rpg\vendor\json\include\nlohmann/detail/conversions/to_chars.hpp(578,9): warning: unsafe buffer access [-Wunsafe-buffer-usage]
[build]   578 |         buf[len - 1]--;
[build]       |         ^~~
[build] C:\Users\pperv\code\unnamed_rpg\vendor\json\include\nlohmann/detail/conversions/to_chars.hpp(664,9): warning: unsafe buffer access [-Wunsafe-buffer-usage]
[build]   664 |         buffer[length++] = static_cast<char>('0' + d); // buffer := buffer * 10 + d
[build]       |         ^~~~~~
[build] C:\Users\pperv\code\unnamed_rpg\vendor\json\include\nlohmann/detail/conversions/to_chars.hpp(771,9): warning: unsafe buffer access [-Wunsafe-buffer-usage]
[build]   771 |         buffer[length++] = static_cast<char>('0' + d); // buffer := buffer * 10 + d
[build]       |         ^~~~~~
[build] C:\Users\pperv\code\unnamed_rpg\vendor\json\include\nlohmann/detail/conversions/to_chars.hpp(936,10): warning: unsafe pointer arithmetic [-Wunsafe-buffer-usage]
[build]   936 |         *buf++ = '-';
[build]       |          ^~~
[build] C:\Users\pperv\code\unnamed_rpg\vendor\json\include\nlohmann/detail/conversions/to_chars.hpp(940,10): warning: unsafe pointer arithmetic [-Wunsafe-buffer-usage]
[build]   940 |         *buf++ = '+';
[build]       |          ^~~
[build] C:\Users\pperv\code\unnamed_rpg\vendor\json\include\nlohmann/detail/conversions/to_chars.hpp(948,10): warning: unsafe pointer arithmetic [-Wunsafe-buffer-usage]
[build]   948 |         *buf++ = '0';
[build]       |          ^~~
[build] C:\Users\pperv\code\unnamed_rpg\vendor\json\include\nlohmann/detail/conversions/to_chars.hpp(949,10): warning: unsafe pointer arithmetic [-Wunsafe-buffer-usage]
[build]   949 |         *buf++ = static_cast<char>('0' + k);
[build]       |          ^~~
[build] C:\Users\pperv\code\unnamed_rpg\vendor\json\include\nlohmann/detail/conversions/to_chars.hpp(953,10): warning: unsafe pointer arithmetic [-Wunsafe-buffer-usage]
[build]   953 |         *buf++ = static_cast<char>('0' + (k / 10));
[build]       |          ^~~
[build] C:\Users\pperv\code\unnamed_rpg\vendor\json\include\nlohmann/detail/conversions/to_chars.hpp(955,10): warning: unsafe pointer arithmetic [-Wunsafe-buffer-usage]
[build]   955 |         *buf++ = static_cast<char>('0' + k);
[build]       |          ^~~
[build] C:\Users\pperv\code\unnamed_rpg\vendor\json\include\nlohmann/detail/conversions/to_chars.hpp(959,10): warning: unsafe pointer arithmetic [-Wunsafe-buffer-usage]
[build]   959 |         *buf++ = static_cast<char>('0' + (k / 100));
[build]       |          ^~~
[build] C:\Users\pperv\code\unnamed_rpg\vendor\json\include\nlohmann/detail/conversions/to_chars.hpp(961,10): warning: unsafe pointer arithmetic [-Wunsafe-buffer-usage]
[build]   961 |         *buf++ = static_cast<char>('0' + (k / 10));
[build]       |          ^~~
[build] C:\Users\pperv\code\unnamed_rpg\vendor\json\include\nlohmann/detail/conversions/to_chars.hpp(963,10): warning: unsafe pointer arithmetic [-Wunsafe-buffer-usage]
[build]   963 |         *buf++ = static_cast<char>('0' + k);
[build]       |          ^~~
[build] C:\Users\pperv\code\unnamed_rpg\vendor\json\include\nlohmann/detail/conversions/to_chars.hpp(998,9): warning: function 'memset' is unsafe [-Wunsafe-buffer-usage-in-libc-call]
[build]   998 |         std::memset(buf + k, '0', static_cast<size_t>(n) - static_cast<size_t>(k));
[build]       |         ^~~~~~~~~~~~~~~~~~~~~~~~~~~~~~~~~~~~~~~~~~~~~~~~~~~~~~~~~~~~~~~~~~~~~~~~~~
[build] C:\Users\pperv\code\unnamed_rpg\vendor\json\include\nlohmann/detail/conversions/to_chars.hpp(998,21): warning: unsafe pointer arithmetic [-Wunsafe-buffer-usage]
[build]   998 |         std::memset(buf + k, '0', static_cast<size_t>(n) - static_cast<size_t>(k));
[build]       |                     ^~~
[build] C:\Users\pperv\code\unnamed_rpg\vendor\json\include\nlohmann/detail/conversions/to_chars.hpp(1000,9): warning: unsafe buffer access [-Wunsafe-buffer-usage]
[build]  1000 |         buf[n + 0] = '.';
[build]       |         ^~~
[build] C:\Users\pperv\code\unnamed_rpg\vendor\json\include\nlohmann/detail/conversions/to_chars.hpp(1001,9): warning: unsafe buffer access [-Wunsafe-buffer-usage]
[build]  1001 |         buf[n + 1] = '0';
[build]       |         ^~~
[build] C:\Users\pperv\code\unnamed_rpg\vendor\json\include\nlohmann/detail/conversions/to_chars.hpp(1002,16): warning: unsafe pointer arithmetic [-Wunsafe-buffer-usage]
[build]  1002 |         return buf + (static_cast<size_t>(n) + 2);
[build]       |                ^~~
[build] C:\Users\pperv\code\unnamed_rpg\vendor\json\include\nlohmann/detail/conversions/to_chars.hpp(1012,9): warning: function 'memmove' is unsafe [-Wunsafe-buffer-usage-in-libc-call]
[build]  1012 |         std::memmove(buf + (static_cast<size_t>(n) + 1), buf + n, static_cast<size_t>(k) - static_cast<size_t>(n));
[build]       |         ^~~~~~~~~~~~~~~~~~~~~~~~~~~~~~~~~~~~~~~~~~~~~~~~~~~~~~~~~~~~~~~~~~~~~~~~~~~~~~~~~~~~~~~~~~~~~~~~~~~~~~~~~~
[build] C:\Users\pperv\code\unnamed_rpg\vendor\json\include\nlohmann/detail/conversions/to_chars.hpp(1012,22): warning: unsafe pointer arithmetic [-Wunsafe-buffer-usage]
[build]  1012 |         std::memmove(buf + (static_cast<size_t>(n) + 1), buf + n, static_cast<size_t>(k) - static_cast<size_t>(n));
[build]       |                      ^~~
[build] C:\Users\pperv\code\unnamed_rpg\vendor\json\include\nlohmann/detail/conversions/to_chars.hpp(1012,58): warning: unsafe pointer arithmetic [-Wunsafe-buffer-usage]
[build]  1012 |         std::memmove(buf + (static_cast<size_t>(n) + 1), buf + n, static_cast<size_t>(k) - static_cast<size_t>(n));
[build]       |                                                          ^~~
[build] C:\Users\pperv\code\unnamed_rpg\vendor\json\include\nlohmann/detail/conversions/to_chars.hpp(1013,9): warning: unsafe buffer access [-Wunsafe-buffer-usage]
[build]  1013 |         buf[n] = '.';
[build]       |         ^~~
[build] C:\Users\pperv\code\unnamed_rpg\vendor\json\include\nlohmann/detail/conversions/to_chars.hpp(1014,16): warning: unsafe pointer arithmetic [-Wunsafe-buffer-usage]
[build]  1014 |         return buf + (static_cast<size_t>(k) + 1U);
[build]       |                ^~~
[build] C:\Users\pperv\code\unnamed_rpg\vendor\json\include\nlohmann/detail/conversions/to_chars.hpp(1022,9): warning: function 'memmove' is unsafe [-Wunsafe-buffer-usage-in-libc-call]
[build]  1022 |         std::memmove(buf + (2 + static_cast<size_t>(-n)), buf, static_cast<size_t>(k));
[build]       |         ^~~~~~~~~~~~~~~~~~~~~~~~~~~~~~~~~~~~~~~~~~~~~~~~~~~~~~~~~~~~~~~~~~~~~~~~~~~~~~
[build] C:\Users\pperv\code\unnamed_rpg\vendor\json\include\nlohmann/detail/conversions/to_chars.hpp(1022,22): warning: unsafe pointer arithmetic [-Wunsafe-buffer-usage]
[build]  1022 |         std::memmove(buf + (2 + static_cast<size_t>(-n)), buf, static_cast<size_t>(k));
[build]       |                      ^~~
[build] C:\Users\pperv\code\unnamed_rpg\vendor\json\include\nlohmann/detail/conversions/to_chars.hpp(1024,9): warning: unsafe buffer access [-Wunsafe-buffer-usage]
[build]  1024 |         buf[1] = '.';
[build]       |         ^~~
[build] C:\Users\pperv\code\unnamed_rpg\vendor\json\include\nlohmann/detail/conversions/to_chars.hpp(1025,9): warning: function 'memset' is unsafe [-Wunsafe-buffer-usage-in-libc-call]
[build]  1025 |         std::memset(buf + 2, '0', static_cast<size_t>(-n));
[build]       |         ^~~~~~~~~~~~~~~~~~~~~~~~~~~~~~~~~~~~~~~~~~~~~~~~~~
[build] C:\Users\pperv\code\unnamed_rpg\vendor\json\include\nlohmann/detail/conversions/to_chars.hpp(1025,21): warning: unsafe pointer arithmetic [-Wunsafe-buffer-usage]
[build]  1025 |         std::memset(buf + 2, '0', static_cast<size_t>(-n));
[build]       |                     ^~~
[build] C:\Users\pperv\code\unnamed_rpg\vendor\json\include\nlohmann/detail/conversions/to_chars.hpp(1026,16): warning: unsafe pointer arithmetic [-Wunsafe-buffer-usage]
[build]  1026 |         return buf + (2U + static_cast<size_t>(-n) + static_cast<size_t>(k));
[build]       |                ^~~
[build] C:\Users\pperv\code\unnamed_rpg\vendor\json\include\nlohmann/detail/conversions/to_chars.hpp(1034,9): warning: unsafe pointer arithmetic [-Wunsafe-buffer-usage]
[build]  1034 |         buf += 1;
[build]       |         ^~~
[build] C:\Users\pperv\code\unnamed_rpg\vendor\json\include\nlohmann/detail/conversions/to_chars.hpp(1041,9): warning: function 'memmove' is unsafe [-Wunsafe-buffer-usage-in-libc-call]
[build]  1041 |         std::memmove(buf + 2, buf + 1, static_cast<size_t>(k) - 1);
[build]       |         ^~~~~~~~~~~~~~~~~~~~~~~~~~~~~~~~~~~~~~~~~~~~~~~~~~~~~~~~~~
[build] C:\Users\pperv\code\unnamed_rpg\vendor\json\include\nlohmann/detail/conversions/to_chars.hpp(1041,22): warning: unsafe pointer arithmetic [-Wunsafe-buffer-usage]
[build]  1041 |         std::memmove(buf + 2, buf + 1, static_cast<size_t>(k) - 1);
[build]       |                      ^~~
[build] C:\Users\pperv\code\unnamed_rpg\vendor\json\include\nlohmann/detail/conversions/to_chars.hpp(1041,31): warning: unsafe pointer arithmetic [-Wunsafe-buffer-usage]
[build]  1041 |         std::memmove(buf + 2, buf + 1, static_cast<size_t>(k) - 1);
[build]       |                               ^~~
[build] C:\Users\pperv\code\unnamed_rpg\vendor\json\include\nlohmann/detail/conversions/to_chars.hpp(1042,9): warning: unsafe buffer access [-Wunsafe-buffer-usage]
[build]  1042 |         buf[1] = '.';
[build]       |         ^~~
[build] C:\Users\pperv\code\unnamed_rpg\vendor\json\include\nlohmann/detail/conversions/to_chars.hpp(1043,9): warning: unsafe pointer arithmetic [-Wunsafe-buffer-usage]
[build]  1043 |         buf += 1 + static_cast<size_t>(k);
[build]       |         ^~~
[build] C:\Users\pperv\code\unnamed_rpg\vendor\json\include\nlohmann/detail/conversions/to_chars.hpp(1046,6): warning: unsafe pointer arithmetic [-Wunsafe-buffer-usage]
[build]  1046 |     *buf++ = 'e';
[build]       |      ^~~
[build] In file included from C:\Users\pperv\code\unnamed_rpg\vendor\json-schema-validator\src\json-patch.cpp:1:
[build] In file included from C:\Users\pperv\code\unnamed_rpg\vendor\json-schema-validator\src\json-patch.hpp:3:
[build] C:\Users\pperv\code\unnamed_rpg\vendor\json\include\nlohmann/json.hpp(5294,37): warning: unsafe pointer arithmetic [-Wunsafe-buffer-usage]
[build]  5294 |     return nlohmann::json::parse(s, s + n);
[build]       |                                     ^
[build] 2780 warnings generated.
[build] [18/19  94% :: 23.724] Building CXX object vendor\json-schema-validator\CMakeFiles\nlohmann_json_schema_validator.dir\src\json-validator.cpp.obj
[build] In file included from C:\Users\pperv\code\unnamed_rpg\vendor\json-schema-validator\src\json-validator.cpp:9:
[build] C:\Users\pperv\code\unnamed_rpg\vendor\json-schema-validator\src\nlohmann/json-schema.hpp(10,9): warning: macro name is a reserved identifier [-Wreserved-macro-identifier]
[build]    10 | #define NLOHMANN_JSON_SCHEMA_HPP__
[build]       |         ^
[build] In file included from C:\Users\pperv\code\unnamed_rpg\vendor\json-schema-validator\src\json-validator.cpp:9:
[build] In file included from C:\Users\pperv\code\unnamed_rpg\vendor\json-schema-validator\src\nlohmann/json-schema.hpp:24:
[build] In file included from C:\Users\pperv\code\unnamed_rpg\vendor\json\include\nlohmann/json.hpp:44:
[build] In file included from C:\Users\pperv\code\unnamed_rpg\vendor\json\include\nlohmann/adl_serializer.hpp:14:
[build] In file included from C:\Users\pperv\code\unnamed_rpg\vendor\json\include\nlohmann/detail/conversions/from_json.hpp:24:
[build] In file included from C:\Users\pperv\code\unnamed_rpg\vendor\json\include\nlohmann/detail/exceptions.hpp:20:
[build] In file included from C:\Users\pperv\code\unnamed_rpg\vendor\json\include\nlohmann/detail/value_t.hpp:16:
[build] In file included from C:\Users\pperv\code\unnamed_rpg\vendor\json\include\nlohmann/detail/macro_scope.hpp:12:
[build] In file included from C:\Users\pperv\code\unnamed_rpg\vendor\json\include\nlohmann/detail/meta/detected.hpp:13:
[build] C:\Users\pperv\code\unnamed_rpg\vendor\json\include\nlohmann/detail/meta/void_t.hpp(13,1): warning: empty macro arguments are incompatible with C++98 [-Wc++98-compat-pedantic]
[build]    13 | NLOHMANN_JSON_NAMESPACE_BEGIN
[build]       | ^
[build] C:\Users\pperv\code\unnamed_rpg\vendor\json\include\nlohmann/detail/abi_macros.hpp(102,17): note: expanded from macro 'NLOHMANN_JSON_NAMESPACE_BEGIN'
[build]   102 |                 NLOHMANN_JSON_ABI_TAGS,              \
[build]       |                 ^
[build] C:\Users\pperv\code\unnamed_rpg\vendor\json\include\nlohmann/detail/abi_macros.hpp(65,5): note: expanded from macro 'NLOHMANN_JSON_ABI_TAGS'
[build]    65 |     NLOHMANN_JSON_ABI_TAGS_CONCAT(                                   \
[build]       |     ^
[build] C:\Users\pperv\code\unnamed_rpg\vendor\json\include\nlohmann/detail/abi_macros.hpp(62,39): note: expanded from macro 'NLOHMANN_JSON_ABI_TAGS_CONCAT'
[build]    62 |     NLOHMANN_JSON_ABI_TAGS_CONCAT_EX(a, b, c)
[build]       |                                       ^
[build] In file included from C:\Users\pperv\code\unnamed_rpg\vendor\json-schema-validator\src\json-validator.cpp:9:
[build] In file included from C:\Users\pperv\code\unnamed_rpg\vendor\json-schema-validator\src\nlohmann/json-schema.hpp:24:
[build] In file included from C:\Users\pperv\code\unnamed_rpg\vendor\json\include\nlohmann/json.hpp:44:
[build] In file included from C:\Users\pperv\code\unnamed_rpg\vendor\json\include\nlohmann/adl_serializer.hpp:14:
[build] In file included from C:\Users\pperv\code\unnamed_rpg\vendor\json\include\nlohmann/detail/conversions/from_json.hpp:24:
[build] In file included from C:\Users\pperv\code\unnamed_rpg\vendor\json\include\nlohmann/detail/exceptions.hpp:20:
[build] In file included from C:\Users\pperv\code\unnamed_rpg\vendor\json\include\nlohmann/detail/value_t.hpp:16:
[build] In file included from C:\Users\pperv\code\unnamed_rpg\vendor\json\include\nlohmann/detail/macro_scope.hpp:12:
[build] In file included from C:\Users\pperv\code\unnamed_rpg\vendor\json\include\nlohmann/detail/meta/detected.hpp:13:
[build] C:\Users\pperv\code\unnamed_rpg\vendor\json\include\nlohmann/detail/meta/void_t.hpp(13,1): warning: empty macro arguments are incompatible with C++98 [-Wc++98-compat-pedantic]
[build] C:\Users\pperv\code\unnamed_rpg\vendor\json\include\nlohmann/detail/abi_macros.hpp(102,17): note: expanded from macro 'NLOHMANN_JSON_NAMESPACE_BEGIN'
[build]   102 |                 NLOHMANN_JSON_ABI_TAGS,              \
[build]       |                 ^
[build] C:\Users\pperv\code\unnamed_rpg\vendor\json\include\nlohmann/detail/abi_macros.hpp(65,5): note: expanded from macro 'NLOHMANN_JSON_ABI_TAGS'
[build]    65 |     NLOHMANN_JSON_ABI_TAGS_CONCAT(                                   \
[build]       |     ^
[build] C:\Users\pperv\code\unnamed_rpg\vendor\json\include\nlohmann/detail/abi_macros.hpp(62,42): note: expanded from macro 'NLOHMANN_JSON_ABI_TAGS_CONCAT'
[build]    62 |     NLOHMANN_JSON_ABI_TAGS_CONCAT_EX(a, b, c)
[build]       |                                          ^
[build] In file included from C:\Users\pperv\code\unnamed_rpg\vendor\json-schema-validator\src\json-validator.cpp:9:
[build] In file included from C:\Users\pperv\code\unnamed_rpg\vendor\json-schema-validator\src\nlohmann/json-schema.hpp:24:
[build] In file included from C:\Users\pperv\code\unnamed_rpg\vendor\json\include\nlohmann/json.hpp:44:
[build] In file included from C:\Users\pperv\code\unnamed_rpg\vendor\json\include\nlohmann/adl_serializer.hpp:14:
[build] In file included from C:\Users\pperv\code\unnamed_rpg\vendor\json\include\nlohmann/detail/conversions/from_json.hpp:24:
[build] In file included from C:\Users\pperv\code\unnamed_rpg\vendor\json\include\nlohmann/detail/exceptions.hpp:20:
[build] In file included from C:\Users\pperv\code\unnamed_rpg\vendor\json\include\nlohmann/detail/value_t.hpp:16:
[build] In file included from C:\Users\pperv\code\unnamed_rpg\vendor\json\include\nlohmann/detail/macro_scope.hpp:12:
[build] In file included from C:\Users\pperv\code\unnamed_rpg\vendor\json\include\nlohmann/detail/meta/detected.hpp:13:
[build] C:\Users\pperv\code\unnamed_rpg\vendor\json\include\nlohmann/detail/meta/void_t.hpp(13,1): warning: empty macro arguments are incompatible with C++98 [-Wc++98-compat-pedantic]
[build] C:\Users\pperv\code\unnamed_rpg\vendor\json\include\nlohmann/detail/abi_macros.hpp(102,17): note: expanded from macro 'NLOHMANN_JSON_NAMESPACE_BEGIN'
[build]   102 |                 NLOHMANN_JSON_ABI_TAGS,              \
[build]       |                 ^
[build] C:\Users\pperv\code\unnamed_rpg\vendor\json\include\nlohmann/detail/abi_macros.hpp(65,5): note: expanded from macro 'NLOHMANN_JSON_ABI_TAGS'
[build]    65 |     NLOHMANN_JSON_ABI_TAGS_CONCAT(                                   \
[build]       |     ^
[build] C:\Users\pperv\code\unnamed_rpg\vendor\json\include\nlohmann/detail/abi_macros.hpp(62,45): note: expanded from macro 'NLOHMANN_JSON_ABI_TAGS_CONCAT'
[build]    62 |     NLOHMANN_JSON_ABI_TAGS_CONCAT_EX(a, b, c)
[build]       |                                             ^
[build] In file included from C:\Users\pperv\code\unnamed_rpg\vendor\json-schema-validator\src\json-validator.cpp:9:
[build] In file included from C:\Users\pperv\code\unnamed_rpg\vendor\json-schema-validator\src\nlohmann/json-schema.hpp:24:
[build] In file included from C:\Users\pperv\code\unnamed_rpg\vendor\json\include\nlohmann/json.hpp:44:
[build] In file included from C:\Users\pperv\code\unnamed_rpg\vendor\json\include\nlohmann/adl_serializer.hpp:14:
[build] In file included from C:\Users\pperv\code\unnamed_rpg\vendor\json\include\nlohmann/detail/conversions/from_json.hpp:24:
[build] In file included from C:\Users\pperv\code\unnamed_rpg\vendor\json\include\nlohmann/detail/exceptions.hpp:20:
[build] In file included from C:\Users\pperv\code\unnamed_rpg\vendor\json\include\nlohmann/detail/value_t.hpp:16:
[build] In file included from C:\Users\pperv\code\unnamed_rpg\vendor\json\include\nlohmann/detail/macro_scope.hpp:12:
[build] In file included from C:\Users\pperv\code\unnamed_rpg\vendor\json\include\nlohmann/detail/meta/detected.hpp:13:
[build] C:\Users\pperv\code\unnamed_rpg\vendor\json\include\nlohmann/detail/meta/void_t.hpp(13,1): warning: inline namespaces are incompatible with C++98 [-Wc++98-compat]
[build] C:\Users\pperv\code\unnamed_rpg\vendor\json\include\nlohmann/detail/abi_macros.hpp(101,5): note: expanded from macro 'NLOHMANN_JSON_NAMESPACE_BEGIN'
[build]   101 |     inline namespace NLOHMANN_JSON_NAMESPACE_CONCAT( \
[build]       |     ^
[build] In file included from C:\Users\pperv\code\unnamed_rpg\vendor\json-schema-validator\src\json-validator.cpp:9:
[build] In file included from C:\Users\pperv\code\unnamed_rpg\vendor\json-schema-validator\src\nlohmann/json-schema.hpp:24:
[build] In file included from C:\Users\pperv\code\unnamed_rpg\vendor\json\include\nlohmann/json.hpp:44:
[build] In file included from C:\Users\pperv\code\unnamed_rpg\vendor\json\include\nlohmann/adl_serializer.hpp:14:
[build] In file included from C:\Users\pperv\code\unnamed_rpg\vendor\json\include\nlohmann/detail/conversions/from_json.hpp:24:
[build] In file included from C:\Users\pperv\code\unnamed_rpg\vendor\json\include\nlohmann/detail/exceptions.hpp:20:
[build] In file included from C:\Users\pperv\code\unnamed_rpg\vendor\json\include\nlohmann/detail/value_t.hpp:16:
[build] In file included from C:\Users\pperv\code\unnamed_rpg\vendor\json\include\nlohmann/detail/macro_scope.hpp:12:
[build] In file included from C:\Users\pperv\code\unnamed_rpg\vendor\json\include\nlohmann/detail/meta/detected.hpp:13:
[build] C:\Users\pperv\code\unnamed_rpg\vendor\json\include\nlohmann/detail/meta/void_t.hpp(17,19): warning: variadic templates are incompatible with C++98 [-Wc++98-compat]
[build]    17 | template<typename ...Ts> struct make_void
[build]       |                   ^
[build] C:\Users\pperv\code\unnamed_rpg\vendor\json\include\nlohmann/detail/meta/void_t.hpp(19,18): warning: alias declarations are incompatible with C++98 [-Wc++98-compat]
[build]    19 |     using type = void;
[build]       |                  ^
[build] C:\Users\pperv\code\unnamed_rpg\vendor\json\include\nlohmann/detail/meta/void_t.hpp(21,19): warning: variadic templates are incompatible with C++98 [-Wc++98-compat]
[build]    21 | template<typename ...Ts> using void_t = typename make_void<Ts...>::type;
[build]       |                   ^
[build] C:\Users\pperv\code\unnamed_rpg\vendor\json\include\nlohmann/detail/meta/void_t.hpp(21,41): warning: alias declarations are incompatible with C++98 [-Wc++98-compat]
[build]    21 | template<typename ...Ts> using void_t = typename make_void<Ts...>::type;
[build]       |                                         ^
[build] In file included from C:\Users\pperv\code\unnamed_rpg\vendor\json-schema-validator\src\json-validator.cpp:9:
[build] In file included from C:\Users\pperv\code\unnamed_rpg\vendor\json-schema-validator\src\nlohmann/json-schema.hpp:24:
[build] In file included from C:\Users\pperv\code\unnamed_rpg\vendor\json\include\nlohmann/json.hpp:44:
[build] In file included from C:\Users\pperv\code\unnamed_rpg\vendor\json\include\nlohmann/adl_serializer.hpp:14:
[build] In file included from C:\Users\pperv\code\unnamed_rpg\vendor\json\include\nlohmann/detail/conversions/from_json.hpp:24:
[build] In file included from C:\Users\pperv\code\unnamed_rpg\vendor\json\include\nlohmann/detail/exceptions.hpp:20:
[build] In file included from C:\Users\pperv\code\unnamed_rpg\vendor\json\include\nlohmann/detail/value_t.hpp:16:
[build] In file included from C:\Users\pperv\code\unnamed_rpg\vendor\json\include\nlohmann/detail/macro_scope.hpp:12:
[build] C:\Users\pperv\code\unnamed_rpg\vendor\json\include\nlohmann/detail/meta/detected.hpp(15,1): warning: empty macro arguments are incompatible with C++98 [-Wc++98-compat-pedantic]
[build]    15 | NLOHMANN_JSON_NAMESPACE_BEGIN
[build]       | ^
[build] C:\Users\pperv\code\unnamed_rpg\vendor\json\include\nlohmann/detail/abi_macros.hpp(102,17): note: expanded from macro 'NLOHMANN_JSON_NAMESPACE_BEGIN'
[build]   102 |                 NLOHMANN_JSON_ABI_TAGS,              \
[build]       |                 ^
[build] C:\Users\pperv\code\unnamed_rpg\vendor\json\include\nlohmann/detail/abi_macros.hpp(65,5): note: expanded from macro 'NLOHMANN_JSON_ABI_TAGS'
[build]    65 |     NLOHMANN_JSON_ABI_TAGS_CONCAT(                                   \
[build]       |     ^
[build] C:\Users\pperv\code\unnamed_rpg\vendor\json\include\nlohmann/detail/abi_macros.hpp(62,39): note: expanded from macro 'NLOHMANN_JSON_ABI_TAGS_CONCAT'
[build]    62 |     NLOHMANN_JSON_ABI_TAGS_CONCAT_EX(a, b, c)
[build]       |                                       ^
[build] In file included from C:\Users\pperv\code\unnamed_rpg\vendor\json-schema-validator\src\json-validator.cpp:9:
[build] In file included from C:\Users\pperv\code\unnamed_rpg\vendor\json-schema-validator\src\nlohmann/json-schema.hpp:24:
[build] In file included from C:\Users\pperv\code\unnamed_rpg\vendor\json\include\nlohmann/json.hpp:44:
[build] In file included from C:\Users\pperv\code\unnamed_rpg\vendor\json\include\nlohmann/adl_serializer.hpp:14:
[build] In file included from C:\Users\pperv\code\unnamed_rpg\vendor\json\include\nlohmann/detail/conversions/from_json.hpp:24:
[build] In file included from C:\Users\pperv\code\unnamed_rpg\vendor\json\include\nlohmann/detail/exceptions.hpp:20:
[build] In file included from C:\Users\pperv\code\unnamed_rpg\vendor\json\include\nlohmann/detail/value_t.hpp:16:
[build] In file included from C:\Users\pperv\code\unnamed_rpg\vendor\json\include\nlohmann/detail/macro_scope.hpp:12:
[build] C:\Users\pperv\code\unnamed_rpg\vendor\json\include\nlohmann/detail/meta/detected.hpp(15,1): warning: empty macro arguments are incompatible with C++98 [-Wc++98-compat-pedantic]
[build] C:\Users\pperv\code\unnamed_rpg\vendor\json\include\nlohmann/detail/abi_macros.hpp(102,17): note: expanded from macro 'NLOHMANN_JSON_NAMESPACE_BEGIN'
[build]   102 |                 NLOHMANN_JSON_ABI_TAGS,              \
[build]       |                 ^
[build] C:\Users\pperv\code\unnamed_rpg\vendor\json\include\nlohmann/detail/abi_macros.hpp(65,5): note: expanded from macro 'NLOHMANN_JSON_ABI_TAGS'
[build]    65 |     NLOHMANN_JSON_ABI_TAGS_CONCAT(                                   \
[build]       |     ^
[build] C:\Users\pperv\code\unnamed_rpg\vendor\json\include\nlohmann/detail/abi_macros.hpp(62,42): note: expanded from macro 'NLOHMANN_JSON_ABI_TAGS_CONCAT'
[build]    62 |     NLOHMANN_JSON_ABI_TAGS_CONCAT_EX(a, b, c)
[build]       |                                          ^
[build] In file included from C:\Users\pperv\code\unnamed_rpg\vendor\json-schema-validator\src\json-validator.cpp:9:
[build] In file included from C:\Users\pperv\code\unnamed_rpg\vendor\json-schema-validator\src\nlohmann/json-schema.hpp:24:
[build] In file included from C:\Users\pperv\code\unnamed_rpg\vendor\json\include\nlohmann/json.hpp:44:
[build] In file included from C:\Users\pperv\code\unnamed_rpg\vendor\json\include\nlohmann/adl_serializer.hpp:14:
[build] In file included from C:\Users\pperv\code\unnamed_rpg\vendor\json\include\nlohmann/detail/conversions/from_json.hpp:24:
[build] In file included from C:\Users\pperv\code\unnamed_rpg\vendor\json\include\nlohmann/detail/exceptions.hpp:20:
[build] In file included from C:\Users\pperv\code\unnamed_rpg\vendor\json\include\nlohmann/detail/value_t.hpp:16:
[build] In file included from C:\Users\pperv\code\unnamed_rpg\vendor\json\include\nlohmann/detail/macro_scope.hpp:12:
[build] C:\Users\pperv\code\unnamed_rpg\vendor\json\include\nlohmann/detail/meta/detected.hpp(15,1): warning: empty macro arguments are incompatible with C++98 [-Wc++98-compat-pedantic]
[build] C:\Users\pperv\code\unnamed_rpg\vendor\json\include\nlohmann/detail/abi_macros.hpp(102,17): note: expanded from macro 'NLOHMANN_JSON_NAMESPACE_BEGIN'
[build]   102 |                 NLOHMANN_JSON_ABI_TAGS,              \
[build]       |                 ^
[build] C:\Users\pperv\code\unnamed_rpg\vendor\json\include\nlohmann/detail/abi_macros.hpp(65,5): note: expanded from macro 'NLOHMANN_JSON_ABI_TAGS'
[build]    65 |     NLOHMANN_JSON_ABI_TAGS_CONCAT(                                   \
[build]       |     ^
[build] C:\Users\pperv\code\unnamed_rpg\vendor\json\include\nlohmann/detail/abi_macros.hpp(62,45): note: expanded from macro 'NLOHMANN_JSON_ABI_TAGS_CONCAT'
[build]    62 |     NLOHMANN_JSON_ABI_TAGS_CONCAT_EX(a, b, c)
[build]       |                                             ^
[build] In file included from C:\Users\pperv\code\unnamed_rpg\vendor\json-schema-validator\src\json-validator.cpp:9:
[build] In file included from C:\Users\pperv\code\unnamed_rpg\vendor\json-schema-validator\src\nlohmann/json-schema.hpp:24:
[build] In file included from C:\Users\pperv\code\unnamed_rpg\vendor\json\include\nlohmann/json.hpp:44:
[build] In file included from C:\Users\pperv\code\unnamed_rpg\vendor\json\include\nlohmann/adl_serializer.hpp:14:
[build] In file included from C:\Users\pperv\code\unnamed_rpg\vendor\json\include\nlohmann/detail/conversions/from_json.hpp:24:
[build] In file included from C:\Users\pperv\code\unnamed_rpg\vendor\json\include\nlohmann/detail/exceptions.hpp:20:
[build] In file included from C:\Users\pperv\code\unnamed_rpg\vendor\json\include\nlohmann/detail/value_t.hpp:16:
[build] In file included from C:\Users\pperv\code\unnamed_rpg\vendor\json\include\nlohmann/detail/macro_scope.hpp:12:
[build] C:\Users\pperv\code\unnamed_rpg\vendor\json\include\nlohmann/detail/meta/detected.hpp(15,1): warning: inline namespaces are incompatible with C++98 [-Wc++98-compat]
[build] C:\Users\pperv\code\unnamed_rpg\vendor\json\include\nlohmann/detail/abi_macros.hpp(101,5): note: expanded from macro 'NLOHMANN_JSON_NAMESPACE_BEGIN'
[build]   101 |     inline namespace NLOHMANN_JSON_NAMESPACE_CONCAT( \
[build]       |     ^
[build] In file included from C:\Users\pperv\code\unnamed_rpg\vendor\json-schema-validator\src\json-validator.cpp:9:
[build] In file included from C:\Users\pperv\code\unnamed_rpg\vendor\json-schema-validator\src\nlohmann/json-schema.hpp:24:
[build] In file included from C:\Users\pperv\code\unnamed_rpg\vendor\json\include\nlohmann/json.hpp:44:
[build] In file included from C:\Users\pperv\code\unnamed_rpg\vendor\json\include\nlohmann/adl_serializer.hpp:14:
[build] In file included from C:\Users\pperv\code\unnamed_rpg\vendor\json\include\nlohmann/detail/conversions/from_json.hpp:24:
[build] In file included from C:\Users\pperv\code\unnamed_rpg\vendor\json\include\nlohmann/detail/exceptions.hpp:20:
[build] In file included from C:\Users\pperv\code\unnamed_rpg\vendor\json\include\nlohmann/detail/value_t.hpp:16:
[build] In file included from C:\Users\pperv\code\unnamed_rpg\vendor\json\include\nlohmann/detail/macro_scope.hpp:12:
[build] C:\Users\pperv\code\unnamed_rpg\vendor\json\include\nlohmann/detail/meta/detected.hpp(22,18): warning: deleted function definitions are incompatible with C++98 [-Wc++98-compat]
[build]    22 |     nonesuch() = delete;
[build]       |                  ^
[build] C:\Users\pperv\code\unnamed_rpg\vendor\json\include\nlohmann/detail/meta/detected.hpp(23,19): warning: deleted function definitions are incompatible with C++98 [-Wc++98-compat]
[build]    23 |     ~nonesuch() = delete;
[build]       |                   ^
[build] C:\Users\pperv\code\unnamed_rpg\vendor\json\include\nlohmann/detail/meta/detected.hpp(24,33): warning: deleted function definitions are incompatible with C++98 [-Wc++98-compat]
[build]    24 |     nonesuch(nonesuch const&) = delete;
[build]       |                                 ^
[build] C:\Users\pperv\code\unnamed_rpg\vendor\json\include\nlohmann/detail/meta/detected.hpp(25,28): warning: rvalue references are incompatible with C++98 [-Wc++98-compat]
[build]    25 |     nonesuch(nonesuch const&&) = delete;
[build]       |                            ^
[build] C:\Users\pperv\code\unnamed_rpg\vendor\json\include\nlohmann/detail/meta/detected.hpp(25,34): warning: deleted function definitions are incompatible with C++98 [-Wc++98-compat]
[build]    25 |     nonesuch(nonesuch const&&) = delete;
[build]       |                                  ^
[build] C:\Users\pperv\code\unnamed_rpg\vendor\json\include\nlohmann/detail/meta/detected.hpp(26,39): warning: deleted function definitions are incompatible with C++98 [-Wc++98-compat]
[build]    26 |     void operator=(nonesuch const&) = delete;
[build]       |                                       ^
[build] C:\Users\pperv\code\unnamed_rpg\vendor\json\include\nlohmann/detail/meta/detected.hpp(27,28): warning: rvalue references are incompatible with C++98 [-Wc++98-compat]
[build]    27 |     void operator=(nonesuch&&) = delete;
[build]       |                            ^
[build] C:\Users\pperv\code\unnamed_rpg\vendor\json\include\nlohmann/detail/meta/detected.hpp(27,34): warning: deleted function definitions are incompatible with C++98 [-Wc++98-compat]
[build]    27 |     void operator=(nonesuch&&) = delete;
[build]       |                                  ^
[build] C:\Users\pperv\code\unnamed_rpg\vendor\json\include\nlohmann/detail/meta/detected.hpp(32,24): warning: variadic templates are incompatible with C++98 [-Wc++98-compat]
[build]    32 |          template<class...> class Op,
[build]       |                        ^
[build] C:\Users\pperv\code\unnamed_rpg\vendor\json\include\nlohmann/detail/meta/detected.hpp(33,15): warning: variadic templates are incompatible with C++98 [-Wc++98-compat]
[build]    33 |          class... Args>
[build]       |               ^
[build] C:\Users\pperv\code\unnamed_rpg\vendor\json\include\nlohmann/detail/meta/detected.hpp(36,21): warning: alias declarations are incompatible with C++98 [-Wc++98-compat]
[build]    36 |     using value_t = std::false_type;
[build]       |                     ^
[build] C:\Users\pperv\code\unnamed_rpg\vendor\json\include\nlohmann/detail/meta/detected.hpp(37,18): warning: alias declarations are incompatible with C++98 [-Wc++98-compat]
[build]    37 |     using type = Default;
[build]       |                  ^
[build] C:\Users\pperv\code\unnamed_rpg\vendor\json\include\nlohmann/detail/meta/detected.hpp(40,39): warning: variadic templates are incompatible with C++98 [-Wc++98-compat]
[build]    40 | template<class Default, template<class...> class Op, class... Args>
[build]       |                                       ^
[build] C:\Users\pperv\code\unnamed_rpg\vendor\json\include\nlohmann/detail/meta/detected.hpp(40,59): warning: variadic templates are incompatible with C++98 [-Wc++98-compat]
[build]    40 | template<class Default, template<class...> class Op, class... Args>
[build]       |                                                           ^
[build] C:\Users\pperv\code\unnamed_rpg\vendor\json\include\nlohmann/detail/meta/detected.hpp(41,43): warning: consecutive right angle brackets are incompatible with C++98 (use '> >') [-Wc++98-compat]
[build]    41 | struct detector<Default, void_t<Op<Args...>>, Op, Args...>
[build]       |                                           ^~
[build]       |                                           > >
[build] C:\Users\pperv\code\unnamed_rpg\vendor\json\include\nlohmann/detail/meta/detected.hpp(43,21): warning: alias declarations are incompatible with C++98 [-Wc++98-compat]
[build]    43 |     using value_t = std::true_type;
[build]       |                     ^
[build] C:\Users\pperv\code\unnamed_rpg\vendor\json\include\nlohmann/detail/meta/detected.hpp(44,18): warning: alias declarations are incompatible with C++98 [-Wc++98-compat]
[build]    44 |     using type = Op<Args...>;
[build]       |                  ^
[build] C:\Users\pperv\code\unnamed_rpg\vendor\json\include\nlohmann/detail/meta/detected.hpp(47,24): warning: variadic templates are incompatible with C++98 [-Wc++98-compat]
[build]    47 | template<template<class...> class Op, class... Args>
[build]       |                        ^
[build] C:\Users\pperv\code\unnamed_rpg\vendor\json\include\nlohmann/detail/meta/detected.hpp(47,44): warning: variadic templates are incompatible with C++98 [-Wc++98-compat]
[build]    47 | template<template<class...> class Op, class... Args>
[build]       |                                            ^
[build] C:\Users\pperv\code\unnamed_rpg\vendor\json\include\nlohmann/detail/meta/detected.hpp(48,21): warning: alias declarations are incompatible with C++98 [-Wc++98-compat]
[build]    48 | using is_detected = typename detector<nonesuch, void, Op, Args...>::value_t;
[build]       |                     ^
[build] C:\Users\pperv\code\unnamed_rpg\vendor\json\include\nlohmann/detail/meta/detected.hpp(50,24): warning: variadic templates are incompatible with C++98 [-Wc++98-compat]
[build]    50 | template<template<class...> class Op, class... Args>
[build]       |                        ^
[build] C:\Users\pperv\code\unnamed_rpg\vendor\json\include\nlohmann/detail/meta/detected.hpp(50,44): warning: variadic templates are incompatible with C++98 [-Wc++98-compat]
[build]    50 | template<template<class...> class Op, class... Args>
[build]       |                                            ^
[build] C:\Users\pperv\code\unnamed_rpg\vendor\json\include\nlohmann/detail/meta/detected.hpp(53,24): warning: variadic templates are incompatible with C++98 [-Wc++98-compat]
[build]    53 | template<template<class...> class Op, class... Args>
[build]       |                        ^
[build] C:\Users\pperv\code\unnamed_rpg\vendor\json\include\nlohmann/detail/meta/detected.hpp(53,44): warning: variadic templates are incompatible with C++98 [-Wc++98-compat]
[build]    53 | template<template<class...> class Op, class... Args>
[build]       |                                            ^
[build] C:\Users\pperv\code\unnamed_rpg\vendor\json\include\nlohmann/detail/meta/detected.hpp(54,20): warning: alias declarations are incompatible with C++98 [-Wc++98-compat]
[build]    54 | using detected_t = typename detector<nonesuch, void, Op, Args...>::type;
[build]       |                    ^
[build] C:\Users\pperv\code\unnamed_rpg\vendor\json\include\nlohmann/detail/meta/detected.hpp(56,39): warning: variadic templates are incompatible with C++98 [-Wc++98-compat]
[build]    56 | template<class Default, template<class...> class Op, class... Args>
[build]       |                                       ^
[build] C:\Users\pperv\code\unnamed_rpg\vendor\json\include\nlohmann/detail/meta/detected.hpp(56,59): warning: variadic templates are incompatible with C++98 [-Wc++98-compat]
[build]    56 | template<class Default, template<class...> class Op, class... Args>
[build]       |                                                           ^
[build] C:\Users\pperv\code\unnamed_rpg\vendor\json\include\nlohmann/detail/meta/detected.hpp(57,21): warning: alias declarations are incompatible with C++98 [-Wc++98-compat]
[build]    57 | using detected_or = detector<Default, void, Op, Args...>;
[build]       |                     ^
[build] C:\Users\pperv\code\unnamed_rpg\vendor\json\include\nlohmann/detail/meta/detected.hpp(59,39): warning: variadic templates are incompatible with C++98 [-Wc++98-compat]
[build]    59 | template<class Default, template<class...> class Op, class... Args>
[build]       |                                       ^
[build] C:\Users\pperv\code\unnamed_rpg\vendor\json\include\nlohmann/detail/meta/detected.hpp(59,59): warning: variadic templates are incompatible with C++98 [-Wc++98-compat]
[build]    59 | template<class Default, template<class...> class Op, class... Args>
[build]       |                                                           ^
[build] C:\Users\pperv\code\unnamed_rpg\vendor\json\include\nlohmann/detail/meta/detected.hpp(60,23): warning: alias declarations are incompatible with C++98 [-Wc++98-compat]
[build]    60 | using detected_or_t = typename detected_or<Default, Op, Args...>::type;
[build]       |                       ^
[build] C:\Users\pperv\code\unnamed_rpg\vendor\json\include\nlohmann/detail/meta/detected.hpp(62,40): warning: variadic templates are incompatible with C++98 [-Wc++98-compat]
[build]    62 | template<class Expected, template<class...> class Op, class... Args>
[build]       |                                        ^
[build] C:\Users\pperv\code\unnamed_rpg\vendor\json\include\nlohmann/detail/meta/detected.hpp(62,60): warning: variadic templates are incompatible with C++98 [-Wc++98-compat]
[build]    62 | template<class Expected, template<class...> class Op, class... Args>
[build]       |                                                            ^
[build] C:\Users\pperv\code\unnamed_rpg\vendor\json\include\nlohmann/detail/meta/detected.hpp(63,27): warning: alias declarations are incompatible with C++98 [-Wc++98-compat]
[build]    63 | using is_detected_exact = std::is_same<Expected, detected_t<Op, Args...>>;
[build]       |                           ^
[build] C:\Users\pperv\code\unnamed_rpg\vendor\json\include\nlohmann/detail/meta/detected.hpp(63,72): warning: consecutive right angle brackets are incompatible with C++98 (use '> >') [-Wc++98-compat]
[build]    63 | using is_detected_exact = std::is_same<Expected, detected_t<Op, Args...>>;
[build]       |                                                                        ^~
[build]       |                                                                        > >
[build] C:\Users\pperv\code\unnamed_rpg\vendor\json\include\nlohmann/detail/meta/detected.hpp(65,34): warning: variadic templates are incompatible with C++98 [-Wc++98-compat]
[build]    65 | template<class To, template<class...> class Op, class... Args>
[build]       |                                  ^
[build] C:\Users\pperv\code\unnamed_rpg\vendor\json\include\nlohmann/detail/meta/detected.hpp(65,54): warning: variadic templates are incompatible with C++98 [-Wc++98-compat]
[build]    65 | template<class To, template<class...> class Op, class... Args>
[build]       |                                                      ^
[build] C:\Users\pperv\code\unnamed_rpg\vendor\json\include\nlohmann/detail/meta/detected.hpp(67,5): warning: alias declarations are incompatible with C++98 [-Wc++98-compat]
[build]    67 |     std::is_convertible<detected_t<Op, Args...>, To>;
[build]       |     ^
[build] In file included from C:\Users\pperv\code\unnamed_rpg\vendor\json-schema-validator\src\json-validator.cpp:9:
[build] In file included from C:\Users\pperv\code\unnamed_rpg\vendor\json-schema-validator\src\nlohmann/json-schema.hpp:24:
[build] In file included from C:\Users\pperv\code\unnamed_rpg\vendor\json\include\nlohmann/json.hpp:44:
[build] In file included from C:\Users\pperv\code\unnamed_rpg\vendor\json\include\nlohmann/adl_serializer.hpp:14:
[build] In file included from C:\Users\pperv\code\unnamed_rpg\vendor\json\include\nlohmann/detail/conversions/from_json.hpp:24:
[build] In file included from C:\Users\pperv\code\unnamed_rpg\vendor\json\include\nlohmann/detail/exceptions.hpp:20:
[build] In file included from C:\Users\pperv\code\unnamed_rpg\vendor\json\include\nlohmann/detail/value_t.hpp:16:
[build] C:\Users\pperv\code\unnamed_rpg\vendor\json\include\nlohmann/detail/macro_scope.hpp(248,49): warning: variadic macros are incompatible with C++98 [-Wc++98-compat-pedantic]
[build]   248 | #define NLOHMANN_JSON_SERIALIZE_ENUM(ENUM_TYPE, ...)                                            \
[build]       |                                                 ^
[build] C:\Users\pperv\code\unnamed_rpg\vendor\json\include\nlohmann/detail/macro_scope.hpp(301,56): warning: variadic macros are incompatible with C++98 [-Wc++98-compat-pedantic]
[build]   301 | #define NLOHMANN_JSON_SERIALIZE_ENUM_STRICT(ENUM_TYPE, ...)                                     \
[build]       |                                                        ^
[build] C:\Users\pperv\code\unnamed_rpg\vendor\json\include\nlohmann/detail/macro_scope.hpp(354,349): warning: variadic macros are incompatible with C++98 [-Wc++98-compat-pedantic]
[build]   354 | #define NLOHMANN_JSON_GET_MACRO(_1, _2, _3, _4, _5, _6, _7, _8, _9, _10, _11, _12, _13, _14, _15, _16, _17, _18, _19, _20, _21, _22, _23, _24, _25, _26, _27, _28, _29, _30, _31, _32, _33, _34, _35, _36, _37, _38, _39, _40, _41, _42, _43, _44, _45, _46, _47, _48, _49, _50, _51, _52, _53, _54, _55, _56, _57, _58, _59, _60, _61, _62, _63, _64, NAME,...) NAME
[build]       |                                                                                                                                                                                                                                                                                                                                                             ^
[build] C:\Users\pperv\code\unnamed_rpg\vendor\json\include\nlohmann/detail/macro_scope.hpp(355,29): warning: variadic macros are incompatible with C++98 [-Wc++98-compat-pedantic]
[build]   355 | #define NLOHMANN_JSON_PASTE(...) NLOHMANN_JSON_EXPAND(NLOHMANN_JSON_GET_MACRO(__VA_ARGS__, \
[build]       |                             ^
[build] C:\Users\pperv\code\unnamed_rpg\vendor\json\include\nlohmann/detail/macro_scope.hpp(483,36): warning: variadic macros are incompatible with C++98 [-Wc++98-compat-pedantic]
[build]   483 | #define NLOHMANN_JSON_DOUBLE_PASTE(...) NLOHMANN_JSON_EXPAND(NLOHMANN_JSON_GET_MACRO(__VA_ARGS__, \
[build]       |                                    ^
[build] C:\Users\pperv\code\unnamed_rpg\vendor\json\include\nlohmann/detail/macro_scope.hpp(588,43): warning: variadic macros are incompatible with C++98 [-Wc++98-compat-pedantic]
[build]   588 | #define NLOHMANN_JSON_BASIC_TYPE_TEMPLATE(...) template<typename BasicJsonType, nlohmann::detail::enable_if_t<nlohmann::detail::is_basic_json<BasicJsonType>::value, int> = 0> __VA_ARGS__
[build]       |                                           ^
[build] C:\Users\pperv\code\unnamed_rpg\vendor\json\include\nlohmann/detail/macro_scope.hpp(596,46): warning: variadic macros are incompatible with C++98 [-Wc++98-compat-pedantic]
[build]   596 | #define NLOHMANN_DEFINE_TYPE_INTRUSIVE(Type, ...)  \
[build]       |                                              ^
[build] C:\Users\pperv\code\unnamed_rpg\vendor\json\include\nlohmann/detail/macro_scope.hpp(600,57): warning: variadic macros are incompatible with C++98 [-Wc++98-compat-pedantic]
[build]   600 | #define NLOHMANN_DEFINE_TYPE_INTRUSIVE_WITH_NAMES(Type, ...)  \
[build]       |                                                         ^
[build] C:\Users\pperv\code\unnamed_rpg\vendor\json\include\nlohmann/detail/macro_scope.hpp(610,59): warning: variadic macros are incompatible with C++98 [-Wc++98-compat-pedantic]
[build]   610 | #define NLOHMANN_DEFINE_TYPE_INTRUSIVE_WITH_DEFAULT(Type, ...)  \
[build]       |                                                           ^
[build] C:\Users\pperv\code\unnamed_rpg\vendor\json\include\nlohmann/detail/macro_scope.hpp(614,70): warning: variadic macros are incompatible with C++98 [-Wc++98-compat-pedantic]
[build]   614 | #define NLOHMANN_DEFINE_TYPE_INTRUSIVE_WITH_DEFAULT_WITH_NAMES(Type, ...)  \
[build]       |                                                                      ^
[build] C:\Users\pperv\code\unnamed_rpg\vendor\json\include\nlohmann/detail/macro_scope.hpp(624,61): warning: variadic macros are incompatible with C++98 [-Wc++98-compat-pedantic]
[build]   624 | #define NLOHMANN_DEFINE_TYPE_INTRUSIVE_ONLY_SERIALIZE(Type, ...)  \
[build]       |                                                             ^
[build] C:\Users\pperv\code\unnamed_rpg\vendor\json\include\nlohmann/detail/macro_scope.hpp(627,72): warning: variadic macros are incompatible with C++98 [-Wc++98-compat-pedantic]
[build]   627 | #define NLOHMANN_DEFINE_TYPE_INTRUSIVE_ONLY_SERIALIZE_WITH_NAMES(Type, ...)  \
[build]       |                                                                        ^
[build] C:\Users\pperv\code\unnamed_rpg\vendor\json\include\nlohmann/detail/macro_scope.hpp(636,50): warning: variadic macros are incompatible with C++98 [-Wc++98-compat-pedantic]
[build]   636 | #define NLOHMANN_DEFINE_TYPE_NON_INTRUSIVE(Type, ...)  \
[build]       |                                                  ^
[build] C:\Users\pperv\code\unnamed_rpg\vendor\json\include\nlohmann/detail/macro_scope.hpp(640,61): warning: variadic macros are incompatible with C++98 [-Wc++98-compat-pedantic]
[build]   640 | #define NLOHMANN_DEFINE_TYPE_NON_INTRUSIVE_WITH_NAMES(Type, ...)  \
[build]       |                                                             ^
[build] C:\Users\pperv\code\unnamed_rpg\vendor\json\include\nlohmann/detail/macro_scope.hpp(650,63): warning: variadic macros are incompatible with C++98 [-Wc++98-compat-pedantic]
[build]   650 | #define NLOHMANN_DEFINE_TYPE_NON_INTRUSIVE_WITH_DEFAULT(Type, ...)  \
[build]       |                                                               ^
[build] C:\Users\pperv\code\unnamed_rpg\vendor\json\include\nlohmann/detail/macro_scope.hpp(654,74): warning: variadic macros are incompatible with C++98 [-Wc++98-compat-pedantic]
[build]   654 | #define NLOHMANN_DEFINE_TYPE_NON_INTRUSIVE_WITH_DEFAULT_WITH_NAMES(Type, ...)  \
[build]       |                                                                          ^
[build] C:\Users\pperv\code\unnamed_rpg\vendor\json\include\nlohmann/detail/macro_scope.hpp(664,65): warning: variadic macros are incompatible with C++98 [-Wc++98-compat-pedantic]
[build]   664 | #define NLOHMANN_DEFINE_TYPE_NON_INTRUSIVE_ONLY_SERIALIZE(Type, ...)  \
[build]       |                                                                 ^
[build] C:\Users\pperv\code\unnamed_rpg\vendor\json\include\nlohmann/detail/macro_scope.hpp(667,76): warning: variadic macros are incompatible with C++98 [-Wc++98-compat-pedantic]
[build]   667 | #define NLOHMANN_DEFINE_TYPE_NON_INTRUSIVE_ONLY_SERIALIZE_WITH_NAMES(Type, ...)  \
[build]       |                                                                            ^
[build] C:\Users\pperv\code\unnamed_rpg\vendor\json\include\nlohmann/detail/macro_scope.hpp(676,64): warning: variadic macros are incompatible with C++98 [-Wc++98-compat-pedantic]
[build]   676 | #define NLOHMANN_DEFINE_DERIVED_TYPE_INTRUSIVE(Type, BaseType, ...)  \
[build]       |                                                                ^
[build] C:\Users\pperv\code\unnamed_rpg\vendor\json\include\nlohmann/detail/macro_scope.hpp(680,75): warning: variadic macros are incompatible with C++98 [-Wc++98-compat-pedantic]
[build]   680 | #define NLOHMANN_DEFINE_DERIVED_TYPE_INTRUSIVE_WITH_NAMES(Type, BaseType, ...)  \
[build]       |                                                                           ^
[build] C:\Users\pperv\code\unnamed_rpg\vendor\json\include\nlohmann/detail/macro_scope.hpp(690,77): warning: variadic macros are incompatible with C++98 [-Wc++98-compat-pedantic]
[build]   690 | #define NLOHMANN_DEFINE_DERIVED_TYPE_INTRUSIVE_WITH_DEFAULT(Type, BaseType, ...)  \
[build]       |                                                                             ^
[build] C:\Users\pperv\code\unnamed_rpg\vendor\json\include\nlohmann/detail/macro_scope.hpp(694,88): warning: variadic macros are incompatible with C++98 [-Wc++98-compat-pedantic]
[build]   694 | #define NLOHMANN_DEFINE_DERIVED_TYPE_INTRUSIVE_WITH_DEFAULT_WITH_NAMES(Type, BaseType, ...)  \
[build]       |                                                                                        ^
[build] C:\Users\pperv\code\unnamed_rpg\vendor\json\include\nlohmann/detail/macro_scope.hpp(704,79): warning: variadic macros are incompatible with C++98 [-Wc++98-compat-pedantic]
[build]   704 | #define NLOHMANN_DEFINE_DERIVED_TYPE_INTRUSIVE_ONLY_SERIALIZE(Type, BaseType, ...)  \
[build]       |                                                                               ^
[build] C:\Users\pperv\code\unnamed_rpg\vendor\json\include\nlohmann/detail/macro_scope.hpp(707,90): warning: variadic macros are incompatible with C++98 [-Wc++98-compat-pedantic]
[build]   707 | #define NLOHMANN_DEFINE_DERIVED_TYPE_INTRUSIVE_ONLY_SERIALIZE_WITH_NAMES(Type, BaseType, ...)  \
[build]       |                                                                                          ^
[build] C:\Users\pperv\code\unnamed_rpg\vendor\json\include\nlohmann/detail/macro_scope.hpp(717,68): warning: variadic macros are incompatible with C++98 [-Wc++98-compat-pedantic]
[build]   717 | #define NLOHMANN_DEFINE_DERIVED_TYPE_NON_INTRUSIVE(Type, BaseType, ...)  \
[build]       |                                                                    ^
[build] C:\Users\pperv\code\unnamed_rpg\vendor\json\include\nlohmann/detail/macro_scope.hpp(721,79): warning: variadic macros are incompatible with C++98 [-Wc++98-compat-pedantic]
[build]   721 | #define NLOHMANN_DEFINE_DERIVED_TYPE_NON_INTRUSIVE_WITH_NAMES(Type, BaseType, ...)  \
[build]       |                                                                               ^
[build] C:\Users\pperv\code\unnamed_rpg\vendor\json\include\nlohmann/detail/macro_scope.hpp(731,81): warning: variadic macros are incompatible with C++98 [-Wc++98-compat-pedantic]
[build]   731 | #define NLOHMANN_DEFINE_DERIVED_TYPE_NON_INTRUSIVE_WITH_DEFAULT(Type, BaseType, ...)  \
[build]       |                                                                                 ^
[build] C:\Users\pperv\code\unnamed_rpg\vendor\json\include\nlohmann/detail/macro_scope.hpp(735,92): warning: variadic macros are incompatible with C++98 [-Wc++98-compat-pedantic]
[build]   735 | #define NLOHMANN_DEFINE_DERIVED_TYPE_NON_INTRUSIVE_WITH_DEFAULT_WITH_NAMES(Type, BaseType, ...)  \
[build]       |                                                                                            ^
[build] C:\Users\pperv\code\unnamed_rpg\vendor\json\include\nlohmann/detail/macro_scope.hpp(745,83): warning: variadic macros are incompatible with C++98 [-Wc++98-compat-pedantic]
[build]   745 | #define NLOHMANN_DEFINE_DERIVED_TYPE_NON_INTRUSIVE_ONLY_SERIALIZE(Type, BaseType, ...)  \
[build]       |                                                                                   ^
[build] C:\Users\pperv\code\unnamed_rpg\vendor\json\include\nlohmann/detail/macro_scope.hpp(748,94): warning: variadic macros are incompatible with C++98 [-Wc++98-compat-pedantic]
[build]   748 | #define NLOHMANN_DEFINE_DERIVED_TYPE_NON_INTRUSIVE_ONLY_SERIALIZE_WITH_NAMES(Type, BaseType, ...)  \
[build]       |                                                                                              ^
[build] In file included from C:\Users\pperv\code\unnamed_rpg\vendor\json-schema-validator\src\json-validator.cpp:9:
[build] In file included from C:\Users\pperv\code\unnamed_rpg\vendor\json-schema-validator\src\nlohmann/json-schema.hpp:24:
[build] In file included from C:\Users\pperv\code\unnamed_rpg\vendor\json\include\nlohmann/json.hpp:44:
[build] In file included from C:\Users\pperv\code\unnamed_rpg\vendor\json\include\nlohmann/adl_serializer.hpp:14:
[build] In file included from C:\Users\pperv\code\unnamed_rpg\vendor\json\include\nlohmann/detail/conversions/from_json.hpp:24:
[build] In file included from C:\Users\pperv\code\unnamed_rpg\vendor\json\include\nlohmann/detail/exceptions.hpp:20:
[build] C:\Users\pperv\code\unnamed_rpg\vendor\json\include\nlohmann/detail/value_t.hpp(21,1): warning: empty macro arguments are incompatible with C++98 [-Wc++98-compat-pedantic]
[build]    21 | NLOHMANN_JSON_NAMESPACE_BEGIN
[build]       | ^
[build] C:\Users\pperv\code\unnamed_rpg\vendor\json\include\nlohmann/detail/abi_macros.hpp(102,17): note: expanded from macro 'NLOHMANN_JSON_NAMESPACE_BEGIN'
[build]   102 |                 NLOHMANN_JSON_ABI_TAGS,              \
[build]       |                 ^
[build] C:\Users\pperv\code\unnamed_rpg\vendor\json\include\nlohmann/detail/abi_macros.hpp(65,5): note: expanded from macro 'NLOHMANN_JSON_ABI_TAGS'
[build]    65 |     NLOHMANN_JSON_ABI_TAGS_CONCAT(                                   \
[build]       |     ^
[build] C:\Users\pperv\code\unnamed_rpg\vendor\json\include\nlohmann/detail/abi_macros.hpp(62,39): note: expanded from macro 'NLOHMANN_JSON_ABI_TAGS_CONCAT'
[build]    62 |     NLOHMANN_JSON_ABI_TAGS_CONCAT_EX(a, b, c)
[build]       |                                       ^
[build] In file included from C:\Users\pperv\code\unnamed_rpg\vendor\json-schema-validator\src\json-validator.cpp:9:
[build] In file included from C:\Users\pperv\code\unnamed_rpg\vendor\json-schema-validator\src\nlohmann/json-schema.hpp:24:
[build] In file included from C:\Users\pperv\code\unnamed_rpg\vendor\json\include\nlohmann/json.hpp:44:
[build] In file included from C:\Users\pperv\code\unnamed_rpg\vendor\json\include\nlohmann/adl_serializer.hpp:14:
[build] In file included from C:\Users\pperv\code\unnamed_rpg\vendor\json\include\nlohmann/detail/conversions/from_json.hpp:24:
[build] In file included from C:\Users\pperv\code\unnamed_rpg\vendor\json\include\nlohmann/detail/exceptions.hpp:20:
[build] C:\Users\pperv\code\unnamed_rpg\vendor\json\include\nlohmann/detail/value_t.hpp(21,1): warning: empty macro arguments are incompatible with C++98 [-Wc++98-compat-pedantic]
[build] C:\Users\pperv\code\unnamed_rpg\vendor\json\include\nlohmann/detail/abi_macros.hpp(102,17): note: expanded from macro 'NLOHMANN_JSON_NAMESPACE_BEGIN'
[build]   102 |                 NLOHMANN_JSON_ABI_TAGS,              \
[build]       |                 ^
[build] C:\Users\pperv\code\unnamed_rpg\vendor\json\include\nlohmann/detail/abi_macros.hpp(65,5): note: expanded from macro 'NLOHMANN_JSON_ABI_TAGS'
[build]    65 |     NLOHMANN_JSON_ABI_TAGS_CONCAT(                                   \
[build]       |     ^
[build] C:\Users\pperv\code\unnamed_rpg\vendor\json\include\nlohmann/detail/abi_macros.hpp(62,42): note: expanded from macro 'NLOHMANN_JSON_ABI_TAGS_CONCAT'
[build]    62 |     NLOHMANN_JSON_ABI_TAGS_CONCAT_EX(a, b, c)
[build]       |                                          ^
[build] In file included from C:\Users\pperv\code\unnamed_rpg\vendor\json-schema-validator\src\json-validator.cpp:9:
[build] In file included from C:\Users\pperv\code\unnamed_rpg\vendor\json-schema-validator\src\nlohmann/json-schema.hpp:24:
[build] In file included from C:\Users\pperv\code\unnamed_rpg\vendor\json\include\nlohmann/json.hpp:44:
[build] In file included from C:\Users\pperv\code\unnamed_rpg\vendor\json\include\nlohmann/adl_serializer.hpp:14:
[build] In file included from C:\Users\pperv\code\unnamed_rpg\vendor\json\include\nlohmann/detail/conversions/from_json.hpp:24:
[build] In file included from C:\Users\pperv\code\unnamed_rpg\vendor\json\include\nlohmann/detail/exceptions.hpp:20:
[build] C:\Users\pperv\code\unnamed_rpg\vendor\json\include\nlohmann/detail/value_t.hpp(21,1): warning: empty macro arguments are incompatible with C++98 [-Wc++98-compat-pedantic]
[build] C:\Users\pperv\code\unnamed_rpg\vendor\json\include\nlohmann/detail/abi_macros.hpp(102,17): note: expanded from macro 'NLOHMANN_JSON_NAMESPACE_BEGIN'
[build]   102 |                 NLOHMANN_JSON_ABI_TAGS,              \
[build]       |                 ^
[build] C:\Users\pperv\code\unnamed_rpg\vendor\json\include\nlohmann/detail/abi_macros.hpp(65,5): note: expanded from macro 'NLOHMANN_JSON_ABI_TAGS'
[build]    65 |     NLOHMANN_JSON_ABI_TAGS_CONCAT(                                   \
[build]       |     ^
[build] C:\Users\pperv\code\unnamed_rpg\vendor\json\include\nlohmann/detail/abi_macros.hpp(62,45): note: expanded from macro 'NLOHMANN_JSON_ABI_TAGS_CONCAT'
[build]    62 |     NLOHMANN_JSON_ABI_TAGS_CONCAT_EX(a, b, c)
[build]       |                                             ^
[build] In file included from C:\Users\pperv\code\unnamed_rpg\vendor\json-schema-validator\src\json-validator.cpp:9:
[build] In file included from C:\Users\pperv\code\unnamed_rpg\vendor\json-schema-validator\src\nlohmann/json-schema.hpp:24:
[build] In file included from C:\Users\pperv\code\unnamed_rpg\vendor\json\include\nlohmann/json.hpp:44:
[build] In file included from C:\Users\pperv\code\unnamed_rpg\vendor\json\include\nlohmann/adl_serializer.hpp:14:
[build] In file included from C:\Users\pperv\code\unnamed_rpg\vendor\json\include\nlohmann/detail/conversions/from_json.hpp:24:
[build] In file included from C:\Users\pperv\code\unnamed_rpg\vendor\json\include\nlohmann/detail/exceptions.hpp:20:
[build] C:\Users\pperv\code\unnamed_rpg\vendor\json\include\nlohmann/detail/value_t.hpp(21,1): warning: inline namespaces are incompatible with C++98 [-Wc++98-compat]
[build] C:\Users\pperv\code\unnamed_rpg\vendor\json\include\nlohmann/detail/abi_macros.hpp(101,5): note: expanded from macro 'NLOHMANN_JSON_NAMESPACE_BEGIN'
[build]   101 |     inline namespace NLOHMANN_JSON_NAMESPACE_CONCAT( \
[build]       |     ^
[build] In file included from C:\Users\pperv\code\unnamed_rpg\vendor\json-schema-validator\src\json-validator.cpp:9:
[build] In file included from C:\Users\pperv\code\unnamed_rpg\vendor\json-schema-validator\src\nlohmann/json-schema.hpp:24:
[build] In file included from C:\Users\pperv\code\unnamed_rpg\vendor\json\include\nlohmann/json.hpp:44:
[build] In file included from C:\Users\pperv\code\unnamed_rpg\vendor\json\include\nlohmann/adl_serializer.hpp:14:
[build] In file included from C:\Users\pperv\code\unnamed_rpg\vendor\json\include\nlohmann/detail/conversions/from_json.hpp:24:
[build] In file included from C:\Users\pperv\code\unnamed_rpg\vendor\json\include\nlohmann/detail/exceptions.hpp:20:
[build] C:\Users\pperv\code\unnamed_rpg\vendor\json\include\nlohmann/detail/value_t.hpp(53,6): warning: scoped enumerations are incompatible with C++98 [-Wc++98-compat]
[build]    53 | enum class value_t : std::uint8_t
[build]       |      ^
[build] C:\Users\pperv\code\unnamed_rpg\vendor\json\include\nlohmann/detail/value_t.hpp(53,20): warning: enumeration types with a fixed underlying type are incompatible with C++98 [-Wc++98-compat]
[build]    53 | enum class value_t : std::uint8_t
[build]       |                    ^~~~~~~~~~~~~~
[build] C:\Users\pperv\code\unnamed_rpg\vendor\json\include\nlohmann/detail/value_t.hpp(83,65): warning: noexcept specifications are incompatible with C++98 [-Wc++98-compat]
[build]    83 |     inline bool operator<(const value_t lhs, const value_t rhs) noexcept
[build]       |                                                                 ^
[build] C:\Users\pperv\code\unnamed_rpg\vendor\json\include\nlohmann/detail/value_t.hpp(86,12): warning: 'constexpr' specifier is incompatible with C++98 [-Wc++98-compat]
[build]    86 |     static constexpr std::array<std::uint8_t, 9> order = {{
[build]       |            ^
[build] C:\Users\pperv\code\unnamed_rpg\vendor\json\include\nlohmann/detail/value_t.hpp(93,11): warning: 'auto' type specifier is incompatible with C++98 [-Wc++98-compat]
[build]    93 |     const auto l_index = static_cast<std::size_t>(lhs);
[build]       |           ^~~~
[build] C:\Users\pperv\code\unnamed_rpg\vendor\json\include\nlohmann/detail/value_t.hpp(94,11): warning: 'auto' type specifier is incompatible with C++98 [-Wc++98-compat]
[build]    94 |     const auto r_index = static_cast<std::size_t>(rhs);
[build]       |           ^~~~
[build] In file included from C:\Users\pperv\code\unnamed_rpg\vendor\json-schema-validator\src\json-validator.cpp:9:
[build] In file included from C:\Users\pperv\code\unnamed_rpg\vendor\json-schema-validator\src\nlohmann/json-schema.hpp:24:
[build] In file included from C:\Users\pperv\code\unnamed_rpg\vendor\json\include\nlohmann/json.hpp:44:
[build] In file included from C:\Users\pperv\code\unnamed_rpg\vendor\json\include\nlohmann/adl_serializer.hpp:14:
[build] In file included from C:\Users\pperv\code\unnamed_rpg\vendor\json\include\nlohmann/detail/conversions/from_json.hpp:24:
[build] In file included from C:\Users\pperv\code\unnamed_rpg\vendor\json\include\nlohmann/detail/exceptions.hpp:21:
[build] C:\Users\pperv\code\unnamed_rpg\vendor\json\include\nlohmann/detail/string_escape.hpp(13,1): warning: empty macro arguments are incompatible with C++98 [-Wc++98-compat-pedantic]
[build]    13 | NLOHMANN_JSON_NAMESPACE_BEGIN
[build]       | ^
[build] C:\Users\pperv\code\unnamed_rpg\vendor\json\include\nlohmann/detail/abi_macros.hpp(102,17): note: expanded from macro 'NLOHMANN_JSON_NAMESPACE_BEGIN'
[build]   102 |                 NLOHMANN_JSON_ABI_TAGS,              \
[build]       |                 ^
[build] C:\Users\pperv\code\unnamed_rpg\vendor\json\include\nlohmann/detail/abi_macros.hpp(65,5): note: expanded from macro 'NLOHMANN_JSON_ABI_TAGS'
[build]    65 |     NLOHMANN_JSON_ABI_TAGS_CONCAT(                                   \
[build]       |     ^
[build] C:\Users\pperv\code\unnamed_rpg\vendor\json\include\nlohmann/detail/abi_macros.hpp(62,39): note: expanded from macro 'NLOHMANN_JSON_ABI_TAGS_CONCAT'
[build]    62 |     NLOHMANN_JSON_ABI_TAGS_CONCAT_EX(a, b, c)
[build]       |                                       ^
[build] In file included from C:\Users\pperv\code\unnamed_rpg\vendor\json-schema-validator\src\json-validator.cpp:9:
[build] In file included from C:\Users\pperv\code\unnamed_rpg\vendor\json-schema-validator\src\nlohmann/json-schema.hpp:24:
[build] In file included from C:\Users\pperv\code\unnamed_rpg\vendor\json\include\nlohmann/json.hpp:44:
[build] In file included from C:\Users\pperv\code\unnamed_rpg\vendor\json\include\nlohmann/adl_serializer.hpp:14:
[build] In file included from C:\Users\pperv\code\unnamed_rpg\vendor\json\include\nlohmann/detail/conversions/from_json.hpp:24:
[build] In file included from C:\Users\pperv\code\unnamed_rpg\vendor\json\include\nlohmann/detail/exceptions.hpp:21:
[build] C:\Users\pperv\code\unnamed_rpg\vendor\json\include\nlohmann/detail/string_escape.hpp(13,1): warning: empty macro arguments are incompatible with C++98 [-Wc++98-compat-pedantic]
[build] C:\Users\pperv\code\unnamed_rpg\vendor\json\include\nlohmann/detail/abi_macros.hpp(102,17): note: expanded from macro 'NLOHMANN_JSON_NAMESPACE_BEGIN'
[build]   102 |                 NLOHMANN_JSON_ABI_TAGS,              \
[build]       |                 ^
[build] C:\Users\pperv\code\unnamed_rpg\vendor\json\include\nlohmann/detail/abi_macros.hpp(65,5): note: expanded from macro 'NLOHMANN_JSON_ABI_TAGS'
[build]    65 |     NLOHMANN_JSON_ABI_TAGS_CONCAT(                                   \
[build]       |     ^
[build] C:\Users\pperv\code\unnamed_rpg\vendor\json\include\nlohmann/detail/abi_macros.hpp(62,42): note: expanded from macro 'NLOHMANN_JSON_ABI_TAGS_CONCAT'
[build]    62 |     NLOHMANN_JSON_ABI_TAGS_CONCAT_EX(a, b, c)
[build]       |                                          ^
[build] In file included from C:\Users\pperv\code\unnamed_rpg\vendor\json-schema-validator\src\json-validator.cpp:9:
[build] In file included from C:\Users\pperv\code\unnamed_rpg\vendor\json-schema-validator\src\nlohmann/json-schema.hpp:24:
[build] In file included from C:\Users\pperv\code\unnamed_rpg\vendor\json\include\nlohmann/json.hpp:44:
[build] In file included from C:\Users\pperv\code\unnamed_rpg\vendor\json\include\nlohmann/adl_serializer.hpp:14:
[build] In file included from C:\Users\pperv\code\unnamed_rpg\vendor\json\include\nlohmann/detail/conversions/from_json.hpp:24:
[build] In file included from C:\Users\pperv\code\unnamed_rpg\vendor\json\include\nlohmann/detail/exceptions.hpp:21:
[build] C:\Users\pperv\code\unnamed_rpg\vendor\json\include\nlohmann/detail/string_escape.hpp(13,1): warning: empty macro arguments are incompatible with C++98 [-Wc++98-compat-pedantic]
[build] C:\Users\pperv\code\unnamed_rpg\vendor\json\include\nlohmann/detail/abi_macros.hpp(102,17): note: expanded from macro 'NLOHMANN_JSON_NAMESPACE_BEGIN'
[build]   102 |                 NLOHMANN_JSON_ABI_TAGS,              \
[build]       |                 ^
[build] C:\Users\pperv\code\unnamed_rpg\vendor\json\include\nlohmann/detail/abi_macros.hpp(65,5): note: expanded from macro 'NLOHMANN_JSON_ABI_TAGS'
[build]    65 |     NLOHMANN_JSON_ABI_TAGS_CONCAT(                                   \
[build]       |     ^
[build] C:\Users\pperv\code\unnamed_rpg\vendor\json\include\nlohmann/detail/abi_macros.hpp(62,45): note: expanded from macro 'NLOHMANN_JSON_ABI_TAGS_CONCAT'
[build]    62 |     NLOHMANN_JSON_ABI_TAGS_CONCAT_EX(a, b, c)
[build]       |                                             ^
[build] In file included from C:\Users\pperv\code\unnamed_rpg\vendor\json-schema-validator\src\json-validator.cpp:9:
[build] In file included from C:\Users\pperv\code\unnamed_rpg\vendor\json-schema-validator\src\nlohmann/json-schema.hpp:24:
[build] In file included from C:\Users\pperv\code\unnamed_rpg\vendor\json\include\nlohmann/json.hpp:44:
[build] In file included from C:\Users\pperv\code\unnamed_rpg\vendor\json\include\nlohmann/adl_serializer.hpp:14:
[build] In file included from C:\Users\pperv\code\unnamed_rpg\vendor\json\include\nlohmann/detail/conversions/from_json.hpp:24:
[build] In file included from C:\Users\pperv\code\unnamed_rpg\vendor\json\include\nlohmann/detail/exceptions.hpp:21:
[build] C:\Users\pperv\code\unnamed_rpg\vendor\json\include\nlohmann/detail/string_escape.hpp(13,1): warning: inline namespaces are incompatible with C++98 [-Wc++98-compat]
[build] C:\Users\pperv\code\unnamed_rpg\vendor\json\include\nlohmann/detail/abi_macros.hpp(101,5): note: expanded from macro 'NLOHMANN_JSON_NAMESPACE_BEGIN'
[build]   101 |     inline namespace NLOHMANN_JSON_NAMESPACE_CONCAT( \
[build]       |     ^
[build] In file included from C:\Users\pperv\code\unnamed_rpg\vendor\json-schema-validator\src\json-validator.cpp:9:
[build] In file included from C:\Users\pperv\code\unnamed_rpg\vendor\json-schema-validator\src\nlohmann/json-schema.hpp:24:
[build] In file included from C:\Users\pperv\code\unnamed_rpg\vendor\json\include\nlohmann/json.hpp:44:
[build] In file included from C:\Users\pperv\code\unnamed_rpg\vendor\json\include\nlohmann/adl_serializer.hpp:14:
[build] In file included from C:\Users\pperv\code\unnamed_rpg\vendor\json\include\nlohmann/detail/conversions/from_json.hpp:24:
[build] In file included from C:\Users\pperv\code\unnamed_rpg\vendor\json\include\nlohmann/detail/exceptions.hpp:22:
[build] C:\Users\pperv\code\unnamed_rpg\vendor\json\include\nlohmann/detail/input/position_t.hpp(15,1): warning: empty macro arguments are incompatible with C++98 [-Wc++98-compat-pedantic]
[build]    15 | NLOHMANN_JSON_NAMESPACE_BEGIN
[build]       | ^
[build] C:\Users\pperv\code\unnamed_rpg\vendor\json\include\nlohmann/detail/abi_macros.hpp(102,17): note: expanded from macro 'NLOHMANN_JSON_NAMESPACE_BEGIN'
[build]   102 |                 NLOHMANN_JSON_ABI_TAGS,              \
[build]       |                 ^
[build] C:\Users\pperv\code\unnamed_rpg\vendor\json\include\nlohmann/detail/abi_macros.hpp(65,5): note: expanded from macro 'NLOHMANN_JSON_ABI_TAGS'
[build]    65 |     NLOHMANN_JSON_ABI_TAGS_CONCAT(                                   \
[build]       |     ^
[build] C:\Users\pperv\code\unnamed_rpg\vendor\json\include\nlohmann/detail/abi_macros.hpp(62,39): note: expanded from macro 'NLOHMANN_JSON_ABI_TAGS_CONCAT'
[build]    62 |     NLOHMANN_JSON_ABI_TAGS_CONCAT_EX(a, b, c)
[build]       |                                       ^
[build] In file included from C:\Users\pperv\code\unnamed_rpg\vendor\json-schema-validator\src\json-validator.cpp:9:
[build] In file included from C:\Users\pperv\code\unnamed_rpg\vendor\json-schema-validator\src\nlohmann/json-schema.hpp:24:
[build] In file included from C:\Users\pperv\code\unnamed_rpg\vendor\json\include\nlohmann/json.hpp:44:
[build] In file included from C:\Users\pperv\code\unnamed_rpg\vendor\json\include\nlohmann/adl_serializer.hpp:14:
[build] In file included from C:\Users\pperv\code\unnamed_rpg\vendor\json\include\nlohmann/detail/conversions/from_json.hpp:24:
[build] In file included from C:\Users\pperv\code\unnamed_rpg\vendor\json\include\nlohmann/detail/exceptions.hpp:22:
[build] C:\Users\pperv\code\unnamed_rpg\vendor\json\include\nlohmann/detail/input/position_t.hpp(15,1): warning: empty macro arguments are incompatible with C++98 [-Wc++98-compat-pedantic]
[build] C:\Users\pperv\code\unnamed_rpg\vendor\json\include\nlohmann/detail/abi_macros.hpp(102,17): note: expanded from macro 'NLOHMANN_JSON_NAMESPACE_BEGIN'
[build]   102 |                 NLOHMANN_JSON_ABI_TAGS,              \
[build]       |                 ^
[build] C:\Users\pperv\code\unnamed_rpg\vendor\json\include\nlohmann/detail/abi_macros.hpp(65,5): note: expanded from macro 'NLOHMANN_JSON_ABI_TAGS'
[build]    65 |     NLOHMANN_JSON_ABI_TAGS_CONCAT(                                   \
[build]       |     ^
[build] C:\Users\pperv\code\unnamed_rpg\vendor\json\include\nlohmann/detail/abi_macros.hpp(62,42): note: expanded from macro 'NLOHMANN_JSON_ABI_TAGS_CONCAT'
[build]    62 |     NLOHMANN_JSON_ABI_TAGS_CONCAT_EX(a, b, c)
[build]       |                                          ^
[build] In file included from C:\Users\pperv\code\unnamed_rpg\vendor\json-schema-validator\src\json-validator.cpp:9:
[build] In file included from C:\Users\pperv\code\unnamed_rpg\vendor\json-schema-validator\src\nlohmann/json-schema.hpp:24:
[build] In file included from C:\Users\pperv\code\unnamed_rpg\vendor\json\include\nlohmann/json.hpp:44:
[build] In file included from C:\Users\pperv\code\unnamed_rpg\vendor\json\include\nlohmann/adl_serializer.hpp:14:
[build] In file included from C:\Users\pperv\code\unnamed_rpg\vendor\json\include\nlohmann/detail/conversions/from_json.hpp:24:
[build] In file included from C:\Users\pperv\code\unnamed_rpg\vendor\json\include\nlohmann/detail/exceptions.hpp:22:
[build] C:\Users\pperv\code\unnamed_rpg\vendor\json\include\nlohmann/detail/input/position_t.hpp(15,1): warning: empty macro arguments are incompatible with C++98 [-Wc++98-compat-pedantic]
[build] C:\Users\pperv\code\unnamed_rpg\vendor\json\include\nlohmann/detail/abi_macros.hpp(102,17): note: expanded from macro 'NLOHMANN_JSON_NAMESPACE_BEGIN'
[build]   102 |                 NLOHMANN_JSON_ABI_TAGS,              \
[build]       |                 ^
[build] C:\Users\pperv\code\unnamed_rpg\vendor\json\include\nlohmann/detail/abi_macros.hpp(65,5): note: expanded from macro 'NLOHMANN_JSON_ABI_TAGS'
[build]    65 |     NLOHMANN_JSON_ABI_TAGS_CONCAT(                                   \
[build]       |     ^
[build] C:\Users\pperv\code\unnamed_rpg\vendor\json\include\nlohmann/detail/abi_macros.hpp(62,45): note: expanded from macro 'NLOHMANN_JSON_ABI_TAGS_CONCAT'
[build]    62 |     NLOHMANN_JSON_ABI_TAGS_CONCAT_EX(a, b, c)
[build]       |                                             ^
[build] In file included from C:\Users\pperv\code\unnamed_rpg\vendor\json-schema-validator\src\json-validator.cpp:9:
[build] In file included from C:\Users\pperv\code\unnamed_rpg\vendor\json-schema-validator\src\nlohmann/json-schema.hpp:24:
[build] In file included from C:\Users\pperv\code\unnamed_rpg\vendor\json\include\nlohmann/json.hpp:44:
[build] In file included from C:\Users\pperv\code\unnamed_rpg\vendor\json\include\nlohmann/adl_serializer.hpp:14:
[build] In file included from C:\Users\pperv\code\unnamed_rpg\vendor\json\include\nlohmann/detail/conversions/from_json.hpp:24:
[build] In file included from C:\Users\pperv\code\unnamed_rpg\vendor\json\include\nlohmann/detail/exceptions.hpp:22:
[build] C:\Users\pperv\code\unnamed_rpg\vendor\json\include\nlohmann/detail/input/position_t.hpp(15,1): warning: inline namespaces are incompatible with C++98 [-Wc++98-compat]
[build] C:\Users\pperv\code\unnamed_rpg\vendor\json\include\nlohmann/detail/abi_macros.hpp(101,5): note: expanded from macro 'NLOHMANN_JSON_NAMESPACE_BEGIN'
[build]   101 |     inline namespace NLOHMANN_JSON_NAMESPACE_CONCAT( \
[build]       |     ^
[build] In file included from C:\Users\pperv\code\unnamed_rpg\vendor\json-schema-validator\src\json-validator.cpp:9:
[build] In file included from C:\Users\pperv\code\unnamed_rpg\vendor\json-schema-validator\src\nlohmann/json-schema.hpp:24:
[build] In file included from C:\Users\pperv\code\unnamed_rpg\vendor\json\include\nlohmann/json.hpp:44:
[build] In file included from C:\Users\pperv\code\unnamed_rpg\vendor\json\include\nlohmann/adl_serializer.hpp:14:
[build] In file included from C:\Users\pperv\code\unnamed_rpg\vendor\json\include\nlohmann/detail/conversions/from_json.hpp:24:
[build] In file included from C:\Users\pperv\code\unnamed_rpg\vendor\json\include\nlohmann/detail/exceptions.hpp:22:
[build] C:\Users\pperv\code\unnamed_rpg\vendor\json\include\nlohmann/detail/input/position_t.hpp(23,34): warning: default member initializer for non-static data members is incompatible with C++98 [-Wc++98-compat]
[build]    23 |     std::size_t chars_read_total = 0;
[build]       |                                  ^
[build] C:\Users\pperv\code\unnamed_rpg\vendor\json\include\nlohmann/detail/input/position_t.hpp(25,41): warning: default member initializer for non-static data members is incompatible with C++98 [-Wc++98-compat]
[build]    25 |     std::size_t chars_read_current_line = 0;
[build]       |                                         ^
[build] C:\Users\pperv\code\unnamed_rpg\vendor\json\include\nlohmann/detail/input/position_t.hpp(27,28): warning: default member initializer for non-static data members is incompatible with C++98 [-Wc++98-compat]
[build]    27 |     std::size_t lines_read = 0;
[build]       |                            ^
[build] C:\Users\pperv\code\unnamed_rpg\vendor\json\include\nlohmann/detail/input/position_t.hpp(30,5): warning: 'constexpr' specifier is incompatible with C++98 [-Wc++98-compat]
[build]    30 |     constexpr operator size_t() const
[build]       |     ^
[build] In file included from C:\Users\pperv\code\unnamed_rpg\vendor\json-schema-validator\src\json-validator.cpp:9:
[build] In file included from C:\Users\pperv\code\unnamed_rpg\vendor\json-schema-validator\src\nlohmann/json-schema.hpp:24:
[build] In file included from C:\Users\pperv\code\unnamed_rpg\vendor\json\include\nlohmann/json.hpp:44:
[build] In file included from C:\Users\pperv\code\unnamed_rpg\vendor\json\include\nlohmann/adl_serializer.hpp:14:
[build] In file included from C:\Users\pperv\code\unnamed_rpg\vendor\json\include\nlohmann/detail/conversions/from_json.hpp:24:
[build] In file included from C:\Users\pperv\code\unnamed_rpg\vendor\json\include\nlohmann/detail/exceptions.hpp:24:
[build] C:\Users\pperv\code\unnamed_rpg\vendor\json\include\nlohmann/detail/meta/cpp_future.hpp(19,1): warning: empty macro arguments are incompatible with C++98 [-Wc++98-compat-pedantic]
[build]    19 | NLOHMANN_JSON_NAMESPACE_BEGIN
[build]       | ^
[build] C:\Users\pperv\code\unnamed_rpg\vendor\json\include\nlohmann/detail/abi_macros.hpp(102,17): note: expanded from macro 'NLOHMANN_JSON_NAMESPACE_BEGIN'
[build]   102 |                 NLOHMANN_JSON_ABI_TAGS,              \
[build]       |                 ^
[build] C:\Users\pperv\code\unnamed_rpg\vendor\json\include\nlohmann/detail/abi_macros.hpp(65,5): note: expanded from macro 'NLOHMANN_JSON_ABI_TAGS'
[build]    65 |     NLOHMANN_JSON_ABI_TAGS_CONCAT(                                   \
[build]       |     ^
[build] C:\Users\pperv\code\unnamed_rpg\vendor\json\include\nlohmann/detail/abi_macros.hpp(62,39): note: expanded from macro 'NLOHMANN_JSON_ABI_TAGS_CONCAT'
[build]    62 |     NLOHMANN_JSON_ABI_TAGS_CONCAT_EX(a, b, c)
[build]       |                                       ^
[build] In file included from C:\Users\pperv\code\unnamed_rpg\vendor\json-schema-validator\src\json-validator.cpp:9:
[build] In file included from C:\Users\pperv\code\unnamed_rpg\vendor\json-schema-validator\src\nlohmann/json-schema.hpp:24:
[build] In file included from C:\Users\pperv\code\unnamed_rpg\vendor\json\include\nlohmann/json.hpp:44:
[build] In file included from C:\Users\pperv\code\unnamed_rpg\vendor\json\include\nlohmann/adl_serializer.hpp:14:
[build] In file included from C:\Users\pperv\code\unnamed_rpg\vendor\json\include\nlohmann/detail/conversions/from_json.hpp:24:
[build] In file included from C:\Users\pperv\code\unnamed_rpg\vendor\json\include\nlohmann/detail/exceptions.hpp:24:
[build] C:\Users\pperv\code\unnamed_rpg\vendor\json\include\nlohmann/detail/meta/cpp_future.hpp(19,1): warning: empty macro arguments are incompatible with C++98 [-Wc++98-compat-pedantic]
[build] C:\Users\pperv\code\unnamed_rpg\vendor\json\include\nlohmann/detail/abi_macros.hpp(102,17): note: expanded from macro 'NLOHMANN_JSON_NAMESPACE_BEGIN'
[build]   102 |                 NLOHMANN_JSON_ABI_TAGS,              \
[build]       |                 ^
[build] C:\Users\pperv\code\unnamed_rpg\vendor\json\include\nlohmann/detail/abi_macros.hpp(65,5): note: expanded from macro 'NLOHMANN_JSON_ABI_TAGS'
[build]    65 |     NLOHMANN_JSON_ABI_TAGS_CONCAT(                                   \
[build]       |     ^
[build] C:\Users\pperv\code\unnamed_rpg\vendor\json\include\nlohmann/detail/abi_macros.hpp(62,42): note: expanded from macro 'NLOHMANN_JSON_ABI_TAGS_CONCAT'
[build]    62 |     NLOHMANN_JSON_ABI_TAGS_CONCAT_EX(a, b, c)
[build]       |                                          ^
[build] In file included from C:\Users\pperv\code\unnamed_rpg\vendor\json-schema-validator\src\json-validator.cpp:9:
[build] In file included from C:\Users\pperv\code\unnamed_rpg\vendor\json-schema-validator\src\nlohmann/json-schema.hpp:24:
[build] In file included from C:\Users\pperv\code\unnamed_rpg\vendor\json\include\nlohmann/json.hpp:44:
[build] In file included from C:\Users\pperv\code\unnamed_rpg\vendor\json\include\nlohmann/adl_serializer.hpp:14:
[build] In file included from C:\Users\pperv\code\unnamed_rpg\vendor\json\include\nlohmann/detail/conversions/from_json.hpp:24:
[build] In file included from C:\Users\pperv\code\unnamed_rpg\vendor\json\include\nlohmann/detail/exceptions.hpp:24:
[build] C:\Users\pperv\code\unnamed_rpg\vendor\json\include\nlohmann/detail/meta/cpp_future.hpp(19,1): warning: empty macro arguments are incompatible with C++98 [-Wc++98-compat-pedantic]
[build] C:\Users\pperv\code\unnamed_rpg\vendor\json\include\nlohmann/detail/abi_macros.hpp(102,17): note: expanded from macro 'NLOHMANN_JSON_NAMESPACE_BEGIN'
[build]   102 |                 NLOHMANN_JSON_ABI_TAGS,              \
[build]       |                 ^
[build] C:\Users\pperv\code\unnamed_rpg\vendor\json\include\nlohmann/detail/abi_macros.hpp(65,5): note: expanded from macro 'NLOHMANN_JSON_ABI_TAGS'
[build]    65 |     NLOHMANN_JSON_ABI_TAGS_CONCAT(                                   \
[build]       |     ^
[build] C:\Users\pperv\code\unnamed_rpg\vendor\json\include\nlohmann/detail/abi_macros.hpp(62,45): note: expanded from macro 'NLOHMANN_JSON_ABI_TAGS_CONCAT'
[build]    62 |     NLOHMANN_JSON_ABI_TAGS_CONCAT_EX(a, b, c)
[build]       |                                             ^
[build] In file included from C:\Users\pperv\code\unnamed_rpg\vendor\json-schema-validator\src\json-validator.cpp:9:
[build] In file included from C:\Users\pperv\code\unnamed_rpg\vendor\json-schema-validator\src\nlohmann/json-schema.hpp:24:
[build] In file included from C:\Users\pperv\code\unnamed_rpg\vendor\json\include\nlohmann/json.hpp:44:
[build] In file included from C:\Users\pperv\code\unnamed_rpg\vendor\json\include\nlohmann/adl_serializer.hpp:14:
[build] In file included from C:\Users\pperv\code\unnamed_rpg\vendor\json\include\nlohmann/detail/conversions/from_json.hpp:24:
[build] In file included from C:\Users\pperv\code\unnamed_rpg\vendor\json\include\nlohmann/detail/exceptions.hpp:24:
[build] C:\Users\pperv\code\unnamed_rpg\vendor\json\include\nlohmann/detail/meta/cpp_future.hpp(19,1): warning: inline namespaces are incompatible with C++98 [-Wc++98-compat]
[build] C:\Users\pperv\code\unnamed_rpg\vendor\json\include\nlohmann/detail/abi_macros.hpp(101,5): note: expanded from macro 'NLOHMANN_JSON_NAMESPACE_BEGIN'
[build]   101 |     inline namespace NLOHMANN_JSON_NAMESPACE_CONCAT( \
[build]       |     ^
[build] In file included from C:\Users\pperv\code\unnamed_rpg\vendor\json-schema-validator\src\json-validator.cpp:9:
[build] In file included from C:\Users\pperv\code\unnamed_rpg\vendor\json-schema-validator\src\nlohmann/json-schema.hpp:24:
[build] In file included from C:\Users\pperv\code\unnamed_rpg\vendor\json\include\nlohmann/json.hpp:44:
[build] In file included from C:\Users\pperv\code\unnamed_rpg\vendor\json\include\nlohmann/adl_serializer.hpp:14:
[build] In file included from C:\Users\pperv\code\unnamed_rpg\vendor\json\include\nlohmann/detail/conversions/from_json.hpp:24:
[build] In file included from C:\Users\pperv\code\unnamed_rpg\vendor\json\include\nlohmann/detail/exceptions.hpp:24:
[build] C:\Users\pperv\code\unnamed_rpg\vendor\json\include\nlohmann/detail/meta/cpp_future.hpp(24,19): warning: alias declarations are incompatible with C++98 [-Wc++98-compat]
[build]    24 | using uncvref_t = typename std::remove_cv<typename std::remove_reference<T>::type>::type;
[build]       |                   ^
[build] C:\Users\pperv\code\unnamed_rpg\vendor\json\include\nlohmann/detail/meta/cpp_future.hpp(156,33): warning: 'constexpr' specifier is incompatible with C++98 [-Wc++98-compat]
[build]   156 |     static JSON_INLINE_VARIABLE constexpr T value{};
[build]       |                                 ^
[build] C:\Users\pperv\code\unnamed_rpg\vendor\json\include\nlohmann/detail/meta/cpp_future.hpp(161,5): warning: 'constexpr' specifier is incompatible with C++98 [-Wc++98-compat]
[build]   161 |     constexpr T static_const<T>::value;
[build]       |     ^
[build] C:\Users\pperv\code\unnamed_rpg\vendor\json\include\nlohmann/detail/meta/cpp_future.hpp(161,34): warning: out-of-line definition of constexpr static data member is redundant in C++17 and is deprecated [-Wdeprecated-redundant-constexpr-static-def]
[build]   161 |     constexpr T static_const<T>::value;
[build]       |                                  ^
[build] C:\Users\pperv\code\unnamed_rpg\vendor\json\include\nlohmann/detail/meta/cpp_future.hpp(164,30): warning: variadic templates are incompatible with C++98 [-Wc++98-compat]
[build]   164 | template<typename T, typename... Args>
[build]       |                              ^
[build] C:\Users\pperv\code\unnamed_rpg\vendor\json\include\nlohmann/detail/meta/cpp_future.hpp(165,1): warning: 'constexpr' specifier is incompatible with C++98 [-Wc++98-compat]
[build]   165 | constexpr std::array<T, sizeof...(Args)> make_array(Args&& ... args)
[build]       | ^
[build] C:\Users\pperv\code\unnamed_rpg\vendor\json\include\nlohmann/detail/meta/cpp_future.hpp(165,57): warning: rvalue references are incompatible with C++98 [-Wc++98-compat]
[build]   165 | constexpr std::array<T, sizeof...(Args)> make_array(Args&& ... args)
[build]       |                                                         ^
[build] C:\Users\pperv\code\unnamed_rpg\vendor\json\include\nlohmann/detail/meta/cpp_future.hpp(167,43): warning: generalized initializer lists are incompatible with C++98 [-Wc++98-compat]
[build]   167 |     return std::array<T, sizeof...(Args)> {{static_cast<T>(std::forward<Args>(args))...}};
[build]       |                                           ^
[build] In file included from C:\Users\pperv\code\unnamed_rpg\vendor\json-schema-validator\src\json-validator.cpp:9:
[build] In file included from C:\Users\pperv\code\unnamed_rpg\vendor\json-schema-validator\src\nlohmann/json-schema.hpp:24:
[build] In file included from C:\Users\pperv\code\unnamed_rpg\vendor\json\include\nlohmann/json.hpp:44:
[build] In file included from C:\Users\pperv\code\unnamed_rpg\vendor\json\include\nlohmann/adl_serializer.hpp:14:
[build] In file included from C:\Users\pperv\code\unnamed_rpg\vendor\json\include\nlohmann/detail/conversions/from_json.hpp:24:
[build] In file included from C:\Users\pperv\code\unnamed_rpg\vendor\json\include\nlohmann/detail/exceptions.hpp:25:
[build] In file included from C:\Users\pperv\code\unnamed_rpg\vendor\json\include\nlohmann/detail/meta/type_traits.hpp:20:
[build] C:\Users\pperv\code\unnamed_rpg\vendor\json\include\nlohmann/detail/iterators/iterator_traits.hpp(17,1): warning: empty macro arguments are incompatible with C++98 [-Wc++98-compat-pedantic]
[build]    17 | NLOHMANN_JSON_NAMESPACE_BEGIN
[build]       | ^
[build] C:\Users\pperv\code\unnamed_rpg\vendor\json\include\nlohmann/detail/abi_macros.hpp(102,17): note: expanded from macro 'NLOHMANN_JSON_NAMESPACE_BEGIN'
[build]   102 |                 NLOHMANN_JSON_ABI_TAGS,              \
[build]       |                 ^
[build] C:\Users\pperv\code\unnamed_rpg\vendor\json\include\nlohmann/detail/abi_macros.hpp(65,5): note: expanded from macro 'NLOHMANN_JSON_ABI_TAGS'
[build]    65 |     NLOHMANN_JSON_ABI_TAGS_CONCAT(                                   \
[build]       |     ^
[build] C:\Users\pperv\code\unnamed_rpg\vendor\json\include\nlohmann/detail/abi_macros.hpp(62,39): note: expanded from macro 'NLOHMANN_JSON_ABI_TAGS_CONCAT'
[build]    62 |     NLOHMANN_JSON_ABI_TAGS_CONCAT_EX(a, b, c)
[build]       |                                       ^
[build] In file included from C:\Users\pperv\code\unnamed_rpg\vendor\json-schema-validator\src\json-validator.cpp:9:
[build] In file included from C:\Users\pperv\code\unnamed_rpg\vendor\json-schema-validator\src\nlohmann/json-schema.hpp:24:
[build] In file included from C:\Users\pperv\code\unnamed_rpg\vendor\json\include\nlohmann/json.hpp:44:
[build] In file included from C:\Users\pperv\code\unnamed_rpg\vendor\json\include\nlohmann/adl_serializer.hpp:14:
[build] In file included from C:\Users\pperv\code\unnamed_rpg\vendor\json\include\nlohmann/detail/conversions/from_json.hpp:24:
[build] In file included from C:\Users\pperv\code\unnamed_rpg\vendor\json\include\nlohmann/detail/exceptions.hpp:25:
[build] In file included from C:\Users\pperv\code\unnamed_rpg\vendor\json\include\nlohmann/detail/meta/type_traits.hpp:20:
[build] C:\Users\pperv\code\unnamed_rpg\vendor\json\include\nlohmann/detail/iterators/iterator_traits.hpp(17,1): warning: empty macro arguments are incompatible with C++98 [-Wc++98-compat-pedantic]
[build] C:\Users\pperv\code\unnamed_rpg\vendor\json\include\nlohmann/detail/abi_macros.hpp(102,17): note: expanded from macro 'NLOHMANN_JSON_NAMESPACE_BEGIN'
[build]   102 |                 NLOHMANN_JSON_ABI_TAGS,              \
[build]       |                 ^
[build] C:\Users\pperv\code\unnamed_rpg\vendor\json\include\nlohmann/detail/abi_macros.hpp(65,5): note: expanded from macro 'NLOHMANN_JSON_ABI_TAGS'
[build]    65 |     NLOHMANN_JSON_ABI_TAGS_CONCAT(                                   \
[build]       |     ^
[build] C:\Users\pperv\code\unnamed_rpg\vendor\json\include\nlohmann/detail/abi_macros.hpp(62,42): note: expanded from macro 'NLOHMANN_JSON_ABI_TAGS_CONCAT'
[build]    62 |     NLOHMANN_JSON_ABI_TAGS_CONCAT_EX(a, b, c)
[build]       |                                          ^
[build] In file included from C:\Users\pperv\code\unnamed_rpg\vendor\json-schema-validator\src\json-validator.cpp:9:
[build] In file included from C:\Users\pperv\code\unnamed_rpg\vendor\json-schema-validator\src\nlohmann/json-schema.hpp:24:
[build] In file included from C:\Users\pperv\code\unnamed_rpg\vendor\json\include\nlohmann/json.hpp:44:
[build] In file included from C:\Users\pperv\code\unnamed_rpg\vendor\json\include\nlohmann/adl_serializer.hpp:14:
[build] In file included from C:\Users\pperv\code\unnamed_rpg\vendor\json\include\nlohmann/detail/conversions/from_json.hpp:24:
[build] In file included from C:\Users\pperv\code\unnamed_rpg\vendor\json\include\nlohmann/detail/exceptions.hpp:25:
[build] In file included from C:\Users\pperv\code\unnamed_rpg\vendor\json\include\nlohmann/detail/meta/type_traits.hpp:20:
[build] C:\Users\pperv\code\unnamed_rpg\vendor\json\include\nlohmann/detail/iterators/iterator_traits.hpp(17,1): warning: empty macro arguments are incompatible with C++98 [-Wc++98-compat-pedantic]
[build] C:\Users\pperv\code\unnamed_rpg\vendor\json\include\nlohmann/detail/abi_macros.hpp(102,17): note: expanded from macro 'NLOHMANN_JSON_NAMESPACE_BEGIN'
[build]   102 |                 NLOHMANN_JSON_ABI_TAGS,              \
[build]       |                 ^
[build] C:\Users\pperv\code\unnamed_rpg\vendor\json\include\nlohmann/detail/abi_macros.hpp(65,5): note: expanded from macro 'NLOHMANN_JSON_ABI_TAGS'
[build]    65 |     NLOHMANN_JSON_ABI_TAGS_CONCAT(                                   \
[build]       |     ^
[build] C:\Users\pperv\code\unnamed_rpg\vendor\json\include\nlohmann/detail/abi_macros.hpp(62,45): note: expanded from macro 'NLOHMANN_JSON_ABI_TAGS_CONCAT'
[build]    62 |     NLOHMANN_JSON_ABI_TAGS_CONCAT_EX(a, b, c)
[build]       |                                             ^
[build] In file included from C:\Users\pperv\code\unnamed_rpg\vendor\json-schema-validator\src\json-validator.cpp:9:
[build] In file included from C:\Users\pperv\code\unnamed_rpg\vendor\json-schema-validator\src\nlohmann/json-schema.hpp:24:
[build] In file included from C:\Users\pperv\code\unnamed_rpg\vendor\json\include\nlohmann/json.hpp:44:
[build] In file included from C:\Users\pperv\code\unnamed_rpg\vendor\json\include\nlohmann/adl_serializer.hpp:14:
[build] In file included from C:\Users\pperv\code\unnamed_rpg\vendor\json\include\nlohmann/detail/conversions/from_json.hpp:24:
[build] In file included from C:\Users\pperv\code\unnamed_rpg\vendor\json\include\nlohmann/detail/exceptions.hpp:25:
[build] In file included from C:\Users\pperv\code\unnamed_rpg\vendor\json\include\nlohmann/detail/meta/type_traits.hpp:20:
[build] C:\Users\pperv\code\unnamed_rpg\vendor\json\include\nlohmann/detail/iterators/iterator_traits.hpp(17,1): warning: inline namespaces are incompatible with C++98 [-Wc++98-compat]
[build] C:\Users\pperv\code\unnamed_rpg\vendor\json\include\nlohmann/detail/abi_macros.hpp(101,5): note: expanded from macro 'NLOHMANN_JSON_NAMESPACE_BEGIN'
[build]   101 |     inline namespace NLOHMANN_JSON_NAMESPACE_CONCAT( \
[build]       |     ^
[build] In file included from C:\Users\pperv\code\unnamed_rpg\vendor\json-schema-validator\src\json-validator.cpp:9:
[build] In file included from C:\Users\pperv\code\unnamed_rpg\vendor\json-schema-validator\src\nlohmann/json-schema.hpp:24:
[build] In file included from C:\Users\pperv\code\unnamed_rpg\vendor\json\include\nlohmann/json.hpp:44:
[build] In file included from C:\Users\pperv\code\unnamed_rpg\vendor\json\include\nlohmann/adl_serializer.hpp:14:
[build] In file included from C:\Users\pperv\code\unnamed_rpg\vendor\json\include\nlohmann/detail/conversions/from_json.hpp:24:
[build] In file included from C:\Users\pperv\code\unnamed_rpg\vendor\json\include\nlohmann/detail/exceptions.hpp:25:
[build] In file included from C:\Users\pperv\code\unnamed_rpg\vendor\json\include\nlohmann/detail/meta/type_traits.hpp:20:
[build] C:\Users\pperv\code\unnamed_rpg\vendor\json\include\nlohmann/detail/iterators/iterator_traits.hpp(28,60): warning: consecutive right angle brackets are incompatible with C++98 (use '> >') [-Wc++98-compat]
[build]    28 |     typename It::reference, typename It::iterator_category >>
[build]       |                                                            ^~
[build]       |                                                            > >
[build] C:\Users\pperv\code\unnamed_rpg\vendor\json\include\nlohmann/detail/iterators/iterator_traits.hpp(30,29): warning: alias declarations are incompatible with C++98 [-Wc++98-compat]
[build]    30 |     using difference_type = typename It::difference_type;
[build]       |                             ^
[build] C:\Users\pperv\code\unnamed_rpg\vendor\json\include\nlohmann/detail/iterators/iterator_traits.hpp(31,24): warning: alias declarations are incompatible with C++98 [-Wc++98-compat]
[build]    31 |     using value_type = typename It::value_type;
[build]       |                        ^
[build] C:\Users\pperv\code\unnamed_rpg\vendor\json\include\nlohmann/detail/iterators/iterator_traits.hpp(32,21): warning: alias declarations are incompatible with C++98 [-Wc++98-compat]
[build]    32 |     using pointer = typename It::pointer;
[build]       |                     ^
[build] C:\Users\pperv\code\unnamed_rpg\vendor\json\include\nlohmann/detail/iterators/iterator_traits.hpp(33,23): warning: alias declarations are incompatible with C++98 [-Wc++98-compat]
[build]    33 |     using reference = typename It::reference;
[build]       |                       ^
[build] C:\Users\pperv\code\unnamed_rpg\vendor\json\include\nlohmann/detail/iterators/iterator_traits.hpp(34,31): warning: alias declarations are incompatible with C++98 [-Wc++98-compat]
[build]    34 |     using iterator_category = typename It::iterator_category;
[build]       |                               ^
[build] C:\Users\pperv\code\unnamed_rpg\vendor\json\include\nlohmann/detail/iterators/iterator_traits.hpp(45,70): warning: consecutive right angle brackets are incompatible with C++98 (use '> >') [-Wc++98-compat]
[build]    45 | struct iterator_traits < T, enable_if_t < !std::is_pointer<T>::value >>
[build]       |                                                                      ^~
[build]       |                                                                      > >
[build] C:\Users\pperv\code\unnamed_rpg\vendor\json\include\nlohmann/detail/iterators/iterator_traits.hpp(51,64): warning: consecutive right angle brackets are incompatible with C++98 (use '> >') [-Wc++98-compat]
[build]    51 | struct iterator_traits<T*, enable_if_t<std::is_object<T>::value>>
[build]       |                                                                ^~
[build]       |                                                                > >
[build] C:\Users\pperv\code\unnamed_rpg\vendor\json\include\nlohmann/detail/iterators/iterator_traits.hpp(53,31): warning: alias declarations are incompatible with C++98 [-Wc++98-compat]
[build]    53 |     using iterator_category = std::random_access_iterator_tag;
[build]       |                               ^
[build] C:\Users\pperv\code\unnamed_rpg\vendor\json\include\nlohmann/detail/iterators/iterator_traits.hpp(54,24): warning: alias declarations are incompatible with C++98 [-Wc++98-compat]
[build]    54 |     using value_type = T;
[build]       |                        ^
[build] C:\Users\pperv\code\unnamed_rpg\vendor\json\include\nlohmann/detail/iterators/iterator_traits.hpp(55,29): warning: alias declarations are incompatible with C++98 [-Wc++98-compat]
[build]    55 |     using difference_type = ptrdiff_t;
[build]       |                             ^
[build] C:\Users\pperv\code\unnamed_rpg\vendor\json\include\nlohmann/detail/iterators/iterator_traits.hpp(56,21): warning: alias declarations are incompatible with C++98 [-Wc++98-compat]
[build]    56 |     using pointer = T*;
[build]       |                     ^
[build] C:\Users\pperv\code\unnamed_rpg\vendor\json\include\nlohmann/detail/iterators/iterator_traits.hpp(57,23): warning: alias declarations are incompatible with C++98 [-Wc++98-compat]
[build]    57 |     using reference = T&;
[build]       |                       ^
[build] In file included from C:\Users\pperv\code\unnamed_rpg\vendor\json-schema-validator\src\json-validator.cpp:9:
[build] In file included from C:\Users\pperv\code\unnamed_rpg\vendor\json-schema-validator\src\nlohmann/json-schema.hpp:24:
[build] In file included from C:\Users\pperv\code\unnamed_rpg\vendor\json\include\nlohmann/json.hpp:44:
[build] In file included from C:\Users\pperv\code\unnamed_rpg\vendor\json\include\nlohmann/adl_serializer.hpp:14:
[build] In file included from C:\Users\pperv\code\unnamed_rpg\vendor\json\include\nlohmann/detail/conversions/from_json.hpp:24:
[build] In file included from C:\Users\pperv\code\unnamed_rpg\vendor\json\include\nlohmann/detail/exceptions.hpp:25:
[build] In file included from C:\Users\pperv\code\unnamed_rpg\vendor\json\include\nlohmann/detail/meta/type_traits.hpp:25:
[build] C:\Users\pperv\code\unnamed_rpg\vendor\json\include\nlohmann/detail/meta/call_std/begin.hpp(13,1): warning: empty macro arguments are incompatible with C++98 [-Wc++98-compat-pedantic]
[build]    13 | NLOHMANN_JSON_NAMESPACE_BEGIN
[build]       | ^
[build] C:\Users\pperv\code\unnamed_rpg\vendor\json\include\nlohmann/detail/abi_macros.hpp(102,17): note: expanded from macro 'NLOHMANN_JSON_NAMESPACE_BEGIN'
[build]   102 |                 NLOHMANN_JSON_ABI_TAGS,              \
[build]       |                 ^
[build] C:\Users\pperv\code\unnamed_rpg\vendor\json\include\nlohmann/detail/abi_macros.hpp(65,5): note: expanded from macro 'NLOHMANN_JSON_ABI_TAGS'
[build]    65 |     NLOHMANN_JSON_ABI_TAGS_CONCAT(                                   \
[build]       |     ^
[build] C:\Users\pperv\code\unnamed_rpg\vendor\json\include\nlohmann/detail/abi_macros.hpp(62,39): note: expanded from macro 'NLOHMANN_JSON_ABI_TAGS_CONCAT'
[build]    62 |     NLOHMANN_JSON_ABI_TAGS_CONCAT_EX(a, b, c)
[build]       |                                       ^
[build] In file included from C:\Users\pperv\code\unnamed_rpg\vendor\json-schema-validator\src\json-validator.cpp:9:
[build] In file included from C:\Users\pperv\code\unnamed_rpg\vendor\json-schema-validator\src\nlohmann/json-schema.hpp:24:
[build] In file included from C:\Users\pperv\code\unnamed_rpg\vendor\json\include\nlohmann/json.hpp:44:
[build] In file included from C:\Users\pperv\code\unnamed_rpg\vendor\json\include\nlohmann/adl_serializer.hpp:14:
[build] In file included from C:\Users\pperv\code\unnamed_rpg\vendor\json\include\nlohmann/detail/conversions/from_json.hpp:24:
[build] In file included from C:\Users\pperv\code\unnamed_rpg\vendor\json\include\nlohmann/detail/exceptions.hpp:25:
[build] In file included from C:\Users\pperv\code\unnamed_rpg\vendor\json\include\nlohmann/detail/meta/type_traits.hpp:25:
[build] C:\Users\pperv\code\unnamed_rpg\vendor\json\include\nlohmann/detail/meta/call_std/begin.hpp(13,1): warning: empty macro arguments are incompatible with C++98 [-Wc++98-compat-pedantic]
[build] C:\Users\pperv\code\unnamed_rpg\vendor\json\include\nlohmann/detail/abi_macros.hpp(102,17): note: expanded from macro 'NLOHMANN_JSON_NAMESPACE_BEGIN'
[build]   102 |                 NLOHMANN_JSON_ABI_TAGS,              \
[build]       |                 ^
[build] C:\Users\pperv\code\unnamed_rpg\vendor\json\include\nlohmann/detail/abi_macros.hpp(65,5): note: expanded from macro 'NLOHMANN_JSON_ABI_TAGS'
[build]    65 |     NLOHMANN_JSON_ABI_TAGS_CONCAT(                                   \
[build]       |     ^
[build] C:\Users\pperv\code\unnamed_rpg\vendor\json\include\nlohmann/detail/abi_macros.hpp(62,42): note: expanded from macro 'NLOHMANN_JSON_ABI_TAGS_CONCAT'
[build]    62 |     NLOHMANN_JSON_ABI_TAGS_CONCAT_EX(a, b, c)
[build]       |                                          ^
[build] In file included from C:\Users\pperv\code\unnamed_rpg\vendor\json-schema-validator\src\json-validator.cpp:9:
[build] In file included from C:\Users\pperv\code\unnamed_rpg\vendor\json-schema-validator\src\nlohmann/json-schema.hpp:24:
[build] In file included from C:\Users\pperv\code\unnamed_rpg\vendor\json\include\nlohmann/json.hpp:44:
[build] In file included from C:\Users\pperv\code\unnamed_rpg\vendor\json\include\nlohmann/adl_serializer.hpp:14:
[build] In file included from C:\Users\pperv\code\unnamed_rpg\vendor\json\include\nlohmann/detail/conversions/from_json.hpp:24:
[build] In file included from C:\Users\pperv\code\unnamed_rpg\vendor\json\include\nlohmann/detail/exceptions.hpp:25:
[build] In file included from C:\Users\pperv\code\unnamed_rpg\vendor\json\include\nlohmann/detail/meta/type_traits.hpp:25:
[build] C:\Users\pperv\code\unnamed_rpg\vendor\json\include\nlohmann/detail/meta/call_std/begin.hpp(13,1): warning: empty macro arguments are incompatible with C++98 [-Wc++98-compat-pedantic]
[build] C:\Users\pperv\code\unnamed_rpg\vendor\json\include\nlohmann/detail/abi_macros.hpp(102,17): note: expanded from macro 'NLOHMANN_JSON_NAMESPACE_BEGIN'
[build]   102 |                 NLOHMANN_JSON_ABI_TAGS,              \
[build]       |                 ^
[build] C:\Users\pperv\code\unnamed_rpg\vendor\json\include\nlohmann/detail/abi_macros.hpp(65,5): note: expanded from macro 'NLOHMANN_JSON_ABI_TAGS'
[build]    65 |     NLOHMANN_JSON_ABI_TAGS_CONCAT(                                   \
[build]       |     ^
[build] C:\Users\pperv\code\unnamed_rpg\vendor\json\include\nlohmann/detail/abi_macros.hpp(62,45): note: expanded from macro 'NLOHMANN_JSON_ABI_TAGS_CONCAT'
[build]    62 |     NLOHMANN_JSON_ABI_TAGS_CONCAT_EX(a, b, c)
[build]       |                                             ^
[build] In file included from C:\Users\pperv\code\unnamed_rpg\vendor\json-schema-validator\src\json-validator.cpp:9:
[build] In file included from C:\Users\pperv\code\unnamed_rpg\vendor\json-schema-validator\src\nlohmann/json-schema.hpp:24:
[build] In file included from C:\Users\pperv\code\unnamed_rpg\vendor\json\include\nlohmann/json.hpp:44:
[build] In file included from C:\Users\pperv\code\unnamed_rpg\vendor\json\include\nlohmann/adl_serializer.hpp:14:
[build] In file included from C:\Users\pperv\code\unnamed_rpg\vendor\json\include\nlohmann/detail/conversions/from_json.hpp:24:
[build] In file included from C:\Users\pperv\code\unnamed_rpg\vendor\json\include\nlohmann/detail/exceptions.hpp:25:
[build] In file included from C:\Users\pperv\code\unnamed_rpg\vendor\json\include\nlohmann/detail/meta/type_traits.hpp:25:
[build] C:\Users\pperv\code\unnamed_rpg\vendor\json\include\nlohmann/detail/meta/call_std/begin.hpp(13,1): warning: inline namespaces are incompatible with C++98 [-Wc++98-compat]
[build] C:\Users\pperv\code\unnamed_rpg\vendor\json\include\nlohmann/detail/abi_macros.hpp(101,5): note: expanded from macro 'NLOHMANN_JSON_NAMESPACE_BEGIN'
[build]   101 |     inline namespace NLOHMANN_JSON_NAMESPACE_CONCAT( \
[build]       |     ^
[build] In file included from C:\Users\pperv\code\unnamed_rpg\vendor\json-schema-validator\src\json-validator.cpp:9:
[build] In file included from C:\Users\pperv\code\unnamed_rpg\vendor\json-schema-validator\src\nlohmann/json-schema.hpp:24:
[build] In file included from C:\Users\pperv\code\unnamed_rpg\vendor\json\include\nlohmann/json.hpp:44:
[build] In file included from C:\Users\pperv\code\unnamed_rpg\vendor\json\include\nlohmann/adl_serializer.hpp:14:
[build] In file included from C:\Users\pperv\code\unnamed_rpg\vendor\json\include\nlohmann/detail/conversions/from_json.hpp:24:
[build] In file included from C:\Users\pperv\code\unnamed_rpg\vendor\json\include\nlohmann/detail/exceptions.hpp:25:
[build] In file included from C:\Users\pperv\code\unnamed_rpg\vendor\json\include\nlohmann/detail/meta/type_traits.hpp:25:
[build] C:\Users\pperv\code\unnamed_rpg\vendor\json\include\nlohmann/detail/meta/call_std/begin.hpp(15,1): warning: variadic templates are incompatible with C++98 [-Wc++98-compat]
[build]    15 | NLOHMANN_CAN_CALL_STD_FUNC_IMPL(begin);
[build]       | ^
[build] C:\Users\pperv\code\unnamed_rpg\vendor\json\include\nlohmann/detail/macro_scope.hpp(761,22): note: expanded from macro 'NLOHMANN_CAN_CALL_STD_FUNC_IMPL'
[build]   761 |     template<typename... T>                                                       \
[build]       |                      ^
[build] In file included from C:\Users\pperv\code\unnamed_rpg\vendor\json-schema-validator\src\json-validator.cpp:9:
[build] In file included from C:\Users\pperv\code\unnamed_rpg\vendor\json-schema-validator\src\nlohmann/json-schema.hpp:24:
[build] In file included from C:\Users\pperv\code\unnamed_rpg\vendor\json\include\nlohmann/json.hpp:44:
[build] In file included from C:\Users\pperv\code\unnamed_rpg\vendor\json\include\nlohmann/adl_serializer.hpp:14:
[build] In file included from C:\Users\pperv\code\unnamed_rpg\vendor\json\include\nlohmann/detail/conversions/from_json.hpp:24:
[build] In file included from C:\Users\pperv\code\unnamed_rpg\vendor\json\include\nlohmann/detail/exceptions.hpp:25:
[build] In file included from C:\Users\pperv\code\unnamed_rpg\vendor\json\include\nlohmann/detail/meta/type_traits.hpp:25:
[build] C:\Users\pperv\code\unnamed_rpg\vendor\json\include\nlohmann/detail/meta/call_std/begin.hpp(15,1): warning: alias declarations are incompatible with C++98 [-Wc++98-compat]
[build] C:\Users\pperv\code\unnamed_rpg\vendor\json\include\nlohmann/detail/macro_scope.hpp(762,34): note: expanded from macro 'NLOHMANN_CAN_CALL_STD_FUNC_IMPL'
[build]   762 |     using result_of_##std_name = decltype(std_name(std::declval<T>()...));        \
[build]       |                                  ^
[build] In file included from C:\Users\pperv\code\unnamed_rpg\vendor\json-schema-validator\src\json-validator.cpp:9:
[build] In file included from C:\Users\pperv\code\unnamed_rpg\vendor\json-schema-validator\src\nlohmann/json-schema.hpp:24:
[build] In file included from C:\Users\pperv\code\unnamed_rpg\vendor\json\include\nlohmann/json.hpp:44:
[build] In file included from C:\Users\pperv\code\unnamed_rpg\vendor\json\include\nlohmann/adl_serializer.hpp:14:
[build] In file included from C:\Users\pperv\code\unnamed_rpg\vendor\json\include\nlohmann/detail/conversions/from_json.hpp:24:
[build] In file included from C:\Users\pperv\code\unnamed_rpg\vendor\json\include\nlohmann/detail/exceptions.hpp:25:
[build] In file included from C:\Users\pperv\code\unnamed_rpg\vendor\json\include\nlohmann/detail/meta/type_traits.hpp:25:
[build] C:\Users\pperv\code\unnamed_rpg\vendor\json\include\nlohmann/detail/meta/call_std/begin.hpp(15,1): warning: 'decltype' type specifier is incompatible with C++98 [-Wc++98-compat]
[build] C:\Users\pperv\code\unnamed_rpg\vendor\json\include\nlohmann/detail/macro_scope.hpp(762,34): note: expanded from macro 'NLOHMANN_CAN_CALL_STD_FUNC_IMPL'
[build]   762 |     using result_of_##std_name = decltype(std_name(std::declval<T>()...));        \
[build]       |                                  ^
[build] In file included from C:\Users\pperv\code\unnamed_rpg\vendor\json-schema-validator\src\json-validator.cpp:9:
[build] In file included from C:\Users\pperv\code\unnamed_rpg\vendor\json-schema-validator\src\nlohmann/json-schema.hpp:24:
[build] In file included from C:\Users\pperv\code\unnamed_rpg\vendor\json\include\nlohmann/json.hpp:44:
[build] In file included from C:\Users\pperv\code\unnamed_rpg\vendor\json\include\nlohmann/adl_serializer.hpp:14:
[build] In file included from C:\Users\pperv\code\unnamed_rpg\vendor\json\include\nlohmann/detail/conversions/from_json.hpp:24:
[build] In file included from C:\Users\pperv\code\unnamed_rpg\vendor\json\include\nlohmann/detail/exceptions.hpp:25:
[build] In file included from C:\Users\pperv\code\unnamed_rpg\vendor\json\include\nlohmann/detail/meta/type_traits.hpp:25:
[build] C:\Users\pperv\code\unnamed_rpg\vendor\json\include\nlohmann/detail/meta/call_std/begin.hpp(15,1): warning: variadic templates are incompatible with C++98 [-Wc++98-compat]
[build] C:\Users\pperv\code\unnamed_rpg\vendor\json\include\nlohmann/detail/macro_scope.hpp(770,22): note: expanded from macro 'NLOHMANN_CAN_CALL_STD_FUNC_IMPL'
[build]   770 |     template<typename... T>                                                       \
[build]       |                      ^
[build] In file included from C:\Users\pperv\code\unnamed_rpg\vendor\json-schema-validator\src\json-validator.cpp:9:
[build] In file included from C:\Users\pperv\code\unnamed_rpg\vendor\json-schema-validator\src\nlohmann/json-schema.hpp:24:
[build] In file included from C:\Users\pperv\code\unnamed_rpg\vendor\json\include\nlohmann/json.hpp:44:
[build] In file included from C:\Users\pperv\code\unnamed_rpg\vendor\json\include\nlohmann/adl_serializer.hpp:14:
[build] In file included from C:\Users\pperv\code\unnamed_rpg\vendor\json\include\nlohmann/detail/conversions/from_json.hpp:24:
[build] In file included from C:\Users\pperv\code\unnamed_rpg\vendor\json\include\nlohmann/detail/exceptions.hpp:25:
[build] In file included from C:\Users\pperv\code\unnamed_rpg\vendor\json\include\nlohmann/detail/meta/type_traits.hpp:25:
[build] C:\Users\pperv\code\unnamed_rpg\vendor\json\include\nlohmann/detail/meta/call_std/begin.hpp(15,1): warning: rvalue references are incompatible with C++98 [-Wc++98-compat]
[build] C:\Users\pperv\code\unnamed_rpg\vendor\json\include\nlohmann/detail/macro_scope.hpp(771,30): note: expanded from macro 'NLOHMANN_CAN_CALL_STD_FUNC_IMPL'
[build]   771 |     std_name##_tag std_name(T&&...);                                              \
[build]       |                              ^
[build] In file included from C:\Users\pperv\code\unnamed_rpg\vendor\json-schema-validator\src\json-validator.cpp:9:
[build] In file included from C:\Users\pperv\code\unnamed_rpg\vendor\json-schema-validator\src\nlohmann/json-schema.hpp:24:
[build] In file included from C:\Users\pperv\code\unnamed_rpg\vendor\json\include\nlohmann/json.hpp:44:
[build] In file included from C:\Users\pperv\code\unnamed_rpg\vendor\json\include\nlohmann/adl_serializer.hpp:14:
[build] In file included from C:\Users\pperv\code\unnamed_rpg\vendor\json\include\nlohmann/detail/conversions/from_json.hpp:24:
[build] In file included from C:\Users\pperv\code\unnamed_rpg\vendor\json\include\nlohmann/detail/exceptions.hpp:25:
[build] In file included from C:\Users\pperv\code\unnamed_rpg\vendor\json\include\nlohmann/detail/meta/type_traits.hpp:25:
[build] C:\Users\pperv\code\unnamed_rpg\vendor\json\include\nlohmann/detail/meta/call_std/begin.hpp(15,1): warning: variadic templates are incompatible with C++98 [-Wc++98-compat]
[build] C:\Users\pperv\code\unnamed_rpg\vendor\json\include\nlohmann/detail/macro_scope.hpp(773,22): note: expanded from macro 'NLOHMANN_CAN_CALL_STD_FUNC_IMPL'
[build]   773 |     template<typename... T>                                                       \
[build]       |                      ^
[build] In file included from C:\Users\pperv\code\unnamed_rpg\vendor\json-schema-validator\src\json-validator.cpp:9:
[build] In file included from C:\Users\pperv\code\unnamed_rpg\vendor\json-schema-validator\src\nlohmann/json-schema.hpp:24:
[build] In file included from C:\Users\pperv\code\unnamed_rpg\vendor\json\include\nlohmann/json.hpp:44:
[build] In file included from C:\Users\pperv\code\unnamed_rpg\vendor\json\include\nlohmann/adl_serializer.hpp:14:
[build] In file included from C:\Users\pperv\code\unnamed_rpg\vendor\json\include\nlohmann/detail/conversions/from_json.hpp:24:
[build] In file included from C:\Users\pperv\code\unnamed_rpg\vendor\json\include\nlohmann/detail/exceptions.hpp:25:
[build] In file included from C:\Users\pperv\code\unnamed_rpg\vendor\json\include\nlohmann/detail/meta/type_traits.hpp:25:
[build] C:\Users\pperv\code\unnamed_rpg\vendor\json\include\nlohmann/detail/meta/call_std/begin.hpp(15,1): warning: alias declarations are incompatible with C++98 [-Wc++98-compat]
[build] C:\Users\pperv\code\unnamed_rpg\vendor\json\include\nlohmann/detail/macro_scope.hpp(774,34): note: expanded from macro 'NLOHMANN_CAN_CALL_STD_FUNC_IMPL'
[build]   774 |     using result_of_##std_name = decltype(std_name(std::declval<T>()...));        \
[build]       |                                  ^
[build] In file included from C:\Users\pperv\code\unnamed_rpg\vendor\json-schema-validator\src\json-validator.cpp:9:
[build] In file included from C:\Users\pperv\code\unnamed_rpg\vendor\json-schema-validator\src\nlohmann/json-schema.hpp:24:
[build] In file included from C:\Users\pperv\code\unnamed_rpg\vendor\json\include\nlohmann/json.hpp:44:
[build] In file included from C:\Users\pperv\code\unnamed_rpg\vendor\json\include\nlohmann/adl_serializer.hpp:14:
[build] In file included from C:\Users\pperv\code\unnamed_rpg\vendor\json\include\nlohmann/detail/conversions/from_json.hpp:24:
[build] In file included from C:\Users\pperv\code\unnamed_rpg\vendor\json\include\nlohmann/detail/exceptions.hpp:25:
[build] In file included from C:\Users\pperv\code\unnamed_rpg\vendor\json\include\nlohmann/detail/meta/type_traits.hpp:25:
[build] C:\Users\pperv\code\unnamed_rpg\vendor\json\include\nlohmann/detail/meta/call_std/begin.hpp(15,1): warning: 'decltype' type specifier is incompatible with C++98 [-Wc++98-compat]
[build] C:\Users\pperv\code\unnamed_rpg\vendor\json\include\nlohmann/detail/macro_scope.hpp(774,34): note: expanded from macro 'NLOHMANN_CAN_CALL_STD_FUNC_IMPL'
[build]   774 |     using result_of_##std_name = decltype(std_name(std::declval<T>()...));        \
[build]       |                                  ^
[build] In file included from C:\Users\pperv\code\unnamed_rpg\vendor\json-schema-validator\src\json-validator.cpp:9:
[build] In file included from C:\Users\pperv\code\unnamed_rpg\vendor\json-schema-validator\src\nlohmann/json-schema.hpp:24:
[build] In file included from C:\Users\pperv\code\unnamed_rpg\vendor\json\include\nlohmann/json.hpp:44:
[build] In file included from C:\Users\pperv\code\unnamed_rpg\vendor\json\include\nlohmann/adl_serializer.hpp:14:
[build] In file included from C:\Users\pperv\code\unnamed_rpg\vendor\json\include\nlohmann/detail/conversions/from_json.hpp:24:
[build] In file included from C:\Users\pperv\code\unnamed_rpg\vendor\json\include\nlohmann/detail/exceptions.hpp:25:
[build] In file included from C:\Users\pperv\code\unnamed_rpg\vendor\json\include\nlohmann/detail/meta/type_traits.hpp:25:
[build] C:\Users\pperv\code\unnamed_rpg\vendor\json\include\nlohmann/detail/meta/call_std/begin.hpp(15,1): warning: variadic templates are incompatible with C++98 [-Wc++98-compat]
[build] C:\Users\pperv\code\unnamed_rpg\vendor\json\include\nlohmann/detail/macro_scope.hpp(776,22): note: expanded from macro 'NLOHMANN_CAN_CALL_STD_FUNC_IMPL'
[build]   776 |     template<typename... T>                                                       \
[build]       |                      ^
[build] In file included from C:\Users\pperv\code\unnamed_rpg\vendor\json-schema-validator\src\json-validator.cpp:9:
[build] In file included from C:\Users\pperv\code\unnamed_rpg\vendor\json-schema-validator\src\nlohmann/json-schema.hpp:24:
[build] In file included from C:\Users\pperv\code\unnamed_rpg\vendor\json\include\nlohmann/json.hpp:44:
[build] In file included from C:\Users\pperv\code\unnamed_rpg\vendor\json\include\nlohmann/adl_serializer.hpp:14:
[build] In file included from C:\Users\pperv\code\unnamed_rpg\vendor\json\include\nlohmann/detail/conversions/from_json.hpp:24:
[build] In file included from C:\Users\pperv\code\unnamed_rpg\vendor\json\include\nlohmann/detail/exceptions.hpp:25:
[build] In file included from C:\Users\pperv\code\unnamed_rpg\vendor\json\include\nlohmann/detail/meta/type_traits.hpp:25:
[build] C:\Users\pperv\code\unnamed_rpg\vendor\json\include\nlohmann/detail/meta/call_std/begin.hpp(15,1): warning: 'constexpr' specifier is incompatible with C++98 [-Wc++98-compat]
[build] C:\Users\pperv\code\unnamed_rpg\vendor\json\include\nlohmann/detail/macro_scope.hpp(779,16): note: expanded from macro 'NLOHMANN_CAN_CALL_STD_FUNC_IMPL'
[build]   779 |         static constexpr auto const value = ::nlohmann::detail::                  \
[build]       |                ^
[build] In file included from C:\Users\pperv\code\unnamed_rpg\vendor\json-schema-validator\src\json-validator.cpp:9:
[build] In file included from C:\Users\pperv\code\unnamed_rpg\vendor\json-schema-validator\src\nlohmann/json-schema.hpp:24:
[build] In file included from C:\Users\pperv\code\unnamed_rpg\vendor\json\include\nlohmann/json.hpp:44:
[build] In file included from C:\Users\pperv\code\unnamed_rpg\vendor\json\include\nlohmann/adl_serializer.hpp:14:
[build] In file included from C:\Users\pperv\code\unnamed_rpg\vendor\json\include\nlohmann/detail/conversions/from_json.hpp:24:
[build] In file included from C:\Users\pperv\code\unnamed_rpg\vendor\json\include\nlohmann/detail/exceptions.hpp:25:
[build] In file included from C:\Users\pperv\code\unnamed_rpg\vendor\json\include\nlohmann/detail/meta/type_traits.hpp:25:
[build] C:\Users\pperv\code\unnamed_rpg\vendor\json\include\nlohmann/detail/meta/call_std/begin.hpp(15,1): warning: 'auto' type specifier is incompatible with C++98 [-Wc++98-compat]
[build]    15 | NLOHMANN_CAN_CALL_STD_FUNC_IMPL(begin);
[build]       | ^~~~~~~~~~~~~~~~~~~~~~~~~~~~~~~~~~~~~~
[build] C:\Users\pperv\code\unnamed_rpg\vendor\json\include\nlohmann/detail/macro_scope.hpp(779,26): note: expanded from macro 'NLOHMANN_CAN_CALL_STD_FUNC_IMPL'
[build]   779 |         static constexpr auto const value = ::nlohmann::detail::                  \
[build]       |                          ^~~~
[build] In file included from C:\Users\pperv\code\unnamed_rpg\vendor\json-schema-validator\src\json-validator.cpp:9:
[build] In file included from C:\Users\pperv\code\unnamed_rpg\vendor\json-schema-validator\src\nlohmann/json-schema.hpp:24:
[build] In file included from C:\Users\pperv\code\unnamed_rpg\vendor\json\include\nlohmann/json.hpp:44:
[build] In file included from C:\Users\pperv\code\unnamed_rpg\vendor\json\include\nlohmann/adl_serializer.hpp:14:
[build] In file included from C:\Users\pperv\code\unnamed_rpg\vendor\json\include\nlohmann/detail/conversions/from_json.hpp:24:
[build] In file included from C:\Users\pperv\code\unnamed_rpg\vendor\json\include\nlohmann/detail/exceptions.hpp:25:
[build] In file included from C:\Users\pperv\code\unnamed_rpg\vendor\json\include\nlohmann/detail/meta/type_traits.hpp:25:
[build] C:\Users\pperv\code\unnamed_rpg\vendor\json\include\nlohmann/detail/meta/call_std/begin.hpp(15,1): warning: variadic templates are incompatible with C++98 [-Wc++98-compat]
[build] C:\Users\pperv\code\unnamed_rpg\vendor\json\include\nlohmann/detail/macro_scope.hpp(784,22): note: expanded from macro 'NLOHMANN_CAN_CALL_STD_FUNC_IMPL'
[build]   784 |     template<typename... T>                                                       \
[build]       |                      ^
[build] In file included from C:\Users\pperv\code\unnamed_rpg\vendor\json-schema-validator\src\json-validator.cpp:9:
[build] In file included from C:\Users\pperv\code\unnamed_rpg\vendor\json-schema-validator\src\nlohmann/json-schema.hpp:24:
[build] In file included from C:\Users\pperv\code\unnamed_rpg\vendor\json\include\nlohmann/json.hpp:44:
[build] In file included from C:\Users\pperv\code\unnamed_rpg\vendor\json\include\nlohmann/adl_serializer.hpp:14:
[build] In file included from C:\Users\pperv\code\unnamed_rpg\vendor\json\include\nlohmann/detail/conversions/from_json.hpp:24:
[build] In file included from C:\Users\pperv\code\unnamed_rpg\vendor\json\include\nlohmann/detail/exceptions.hpp:25:
[build] In file included from C:\Users\pperv\code\unnamed_rpg\vendor\json\include\nlohmann/detail/meta/type_traits.hpp:26:
[build] C:\Users\pperv\code\unnamed_rpg\vendor\json\include\nlohmann/detail/meta/call_std/end.hpp(13,1): warning: empty macro arguments are incompatible with C++98 [-Wc++98-compat-pedantic]
[build]    13 | NLOHMANN_JSON_NAMESPACE_BEGIN
[build]       | ^
[build] C:\Users\pperv\code\unnamed_rpg\vendor\json\include\nlohmann/detail/abi_macros.hpp(102,17): note: expanded from macro 'NLOHMANN_JSON_NAMESPACE_BEGIN'
[build]   102 |                 NLOHMANN_JSON_ABI_TAGS,              \
[build]       |                 ^
[build] C:\Users\pperv\code\unnamed_rpg\vendor\json\include\nlohmann/detail/abi_macros.hpp(65,5): note: expanded from macro 'NLOHMANN_JSON_ABI_TAGS'
[build]    65 |     NLOHMANN_JSON_ABI_TAGS_CONCAT(                                   \
[build]       |     ^
[build] C:\Users\pperv\code\unnamed_rpg\vendor\json\include\nlohmann/detail/abi_macros.hpp(62,39): note: expanded from macro 'NLOHMANN_JSON_ABI_TAGS_CONCAT'
[build]    62 |     NLOHMANN_JSON_ABI_TAGS_CONCAT_EX(a, b, c)
[build]       |                                       ^
[build] In file included from C:\Users\pperv\code\unnamed_rpg\vendor\json-schema-validator\src\json-validator.cpp:9:
[build] In file included from C:\Users\pperv\code\unnamed_rpg\vendor\json-schema-validator\src\nlohmann/json-schema.hpp:24:
[build] In file included from C:\Users\pperv\code\unnamed_rpg\vendor\json\include\nlohmann/json.hpp:44:
[build] In file included from C:\Users\pperv\code\unnamed_rpg\vendor\json\include\nlohmann/adl_serializer.hpp:14:
[build] In file included from C:\Users\pperv\code\unnamed_rpg\vendor\json\include\nlohmann/detail/conversions/from_json.hpp:24:
[build] In file included from C:\Users\pperv\code\unnamed_rpg\vendor\json\include\nlohmann/detail/exceptions.hpp:25:
[build] In file included from C:\Users\pperv\code\unnamed_rpg\vendor\json\include\nlohmann/detail/meta/type_traits.hpp:26:
[build] C:\Users\pperv\code\unnamed_rpg\vendor\json\include\nlohmann/detail/meta/call_std/end.hpp(13,1): warning: empty macro arguments are incompatible with C++98 [-Wc++98-compat-pedantic]
[build] C:\Users\pperv\code\unnamed_rpg\vendor\json\include\nlohmann/detail/abi_macros.hpp(102,17): note: expanded from macro 'NLOHMANN_JSON_NAMESPACE_BEGIN'
[build]   102 |                 NLOHMANN_JSON_ABI_TAGS,              \
[build]       |                 ^
[build] C:\Users\pperv\code\unnamed_rpg\vendor\json\include\nlohmann/detail/abi_macros.hpp(65,5): note: expanded from macro 'NLOHMANN_JSON_ABI_TAGS'
[build]    65 |     NLOHMANN_JSON_ABI_TAGS_CONCAT(                                   \
[build]       |     ^
[build] C:\Users\pperv\code\unnamed_rpg\vendor\json\include\nlohmann/detail/abi_macros.hpp(62,42): note: expanded from macro 'NLOHMANN_JSON_ABI_TAGS_CONCAT'
[build]    62 |     NLOHMANN_JSON_ABI_TAGS_CONCAT_EX(a, b, c)
[build]       |                                          ^
[build] In file included from C:\Users\pperv\code\unnamed_rpg\vendor\json-schema-validator\src\json-validator.cpp:9:
[build] In file included from C:\Users\pperv\code\unnamed_rpg\vendor\json-schema-validator\src\nlohmann/json-schema.hpp:24:
[build] In file included from C:\Users\pperv\code\unnamed_rpg\vendor\json\include\nlohmann/json.hpp:44:
[build] In file included from C:\Users\pperv\code\unnamed_rpg\vendor\json\include\nlohmann/adl_serializer.hpp:14:
[build] In file included from C:\Users\pperv\code\unnamed_rpg\vendor\json\include\nlohmann/detail/conversions/from_json.hpp:24:
[build] In file included from C:\Users\pperv\code\unnamed_rpg\vendor\json\include\nlohmann/detail/exceptions.hpp:25:
[build] In file included from C:\Users\pperv\code\unnamed_rpg\vendor\json\include\nlohmann/detail/meta/type_traits.hpp:26:
[build] C:\Users\pperv\code\unnamed_rpg\vendor\json\include\nlohmann/detail/meta/call_std/end.hpp(13,1): warning: empty macro arguments are incompatible with C++98 [-Wc++98-compat-pedantic]
[build] C:\Users\pperv\code\unnamed_rpg\vendor\json\include\nlohmann/detail/abi_macros.hpp(102,17): note: expanded from macro 'NLOHMANN_JSON_NAMESPACE_BEGIN'
[build]   102 |                 NLOHMANN_JSON_ABI_TAGS,              \
[build]       |                 ^
[build] C:\Users\pperv\code\unnamed_rpg\vendor\json\include\nlohmann/detail/abi_macros.hpp(65,5): note: expanded from macro 'NLOHMANN_JSON_ABI_TAGS'
[build]    65 |     NLOHMANN_JSON_ABI_TAGS_CONCAT(                                   \
[build]       |     ^
[build] C:\Users\pperv\code\unnamed_rpg\vendor\json\include\nlohmann/detail/abi_macros.hpp(62,45): note: expanded from macro 'NLOHMANN_JSON_ABI_TAGS_CONCAT'
[build]    62 |     NLOHMANN_JSON_ABI_TAGS_CONCAT_EX(a, b, c)
[build]       |                                             ^
[build] In file included from C:\Users\pperv\code\unnamed_rpg\vendor\json-schema-validator\src\json-validator.cpp:9:
[build] In file included from C:\Users\pperv\code\unnamed_rpg\vendor\json-schema-validator\src\nlohmann/json-schema.hpp:24:
[build] In file included from C:\Users\pperv\code\unnamed_rpg\vendor\json\include\nlohmann/json.hpp:44:
[build] In file included from C:\Users\pperv\code\unnamed_rpg\vendor\json\include\nlohmann/adl_serializer.hpp:14:
[build] In file included from C:\Users\pperv\code\unnamed_rpg\vendor\json\include\nlohmann/detail/conversions/from_json.hpp:24:
[build] In file included from C:\Users\pperv\code\unnamed_rpg\vendor\json\include\nlohmann/detail/exceptions.hpp:25:
[build] In file included from C:\Users\pperv\code\unnamed_rpg\vendor\json\include\nlohmann/detail/meta/type_traits.hpp:26:
[build] C:\Users\pperv\code\unnamed_rpg\vendor\json\include\nlohmann/detail/meta/call_std/end.hpp(13,1): warning: inline namespaces are incompatible with C++98 [-Wc++98-compat]
[build] C:\Users\pperv\code\unnamed_rpg\vendor\json\include\nlohmann/detail/abi_macros.hpp(101,5): note: expanded from macro 'NLOHMANN_JSON_NAMESPACE_BEGIN'
[build]   101 |     inline namespace NLOHMANN_JSON_NAMESPACE_CONCAT( \
[build]       |     ^
[build] In file included from C:\Users\pperv\code\unnamed_rpg\vendor\json-schema-validator\src\json-validator.cpp:9:
[build] In file included from C:\Users\pperv\code\unnamed_rpg\vendor\json-schema-validator\src\nlohmann/json-schema.hpp:24:
[build] In file included from C:\Users\pperv\code\unnamed_rpg\vendor\json\include\nlohmann/json.hpp:44:
[build] In file included from C:\Users\pperv\code\unnamed_rpg\vendor\json\include\nlohmann/adl_serializer.hpp:14:
[build] In file included from C:\Users\pperv\code\unnamed_rpg\vendor\json\include\nlohmann/detail/conversions/from_json.hpp:24:
[build] In file included from C:\Users\pperv\code\unnamed_rpg\vendor\json\include\nlohmann/detail/exceptions.hpp:25:
[build] In file included from C:\Users\pperv\code\unnamed_rpg\vendor\json\include\nlohmann/detail/meta/type_traits.hpp:26:
[build] C:\Users\pperv\code\unnamed_rpg\vendor\json\include\nlohmann/detail/meta/call_std/end.hpp(15,1): warning: variadic templates are incompatible with C++98 [-Wc++98-compat]
[build]    15 | NLOHMANN_CAN_CALL_STD_FUNC_IMPL(end);
[build]       | ^
[build] C:\Users\pperv\code\unnamed_rpg\vendor\json\include\nlohmann/detail/macro_scope.hpp(761,22): note: expanded from macro 'NLOHMANN_CAN_CALL_STD_FUNC_IMPL'
[build]   761 |     template<typename... T>                                                       \
[build]       |                      ^
[build] In file included from C:\Users\pperv\code\unnamed_rpg\vendor\json-schema-validator\src\json-validator.cpp:9:
[build] In file included from C:\Users\pperv\code\unnamed_rpg\vendor\json-schema-validator\src\nlohmann/json-schema.hpp:24:
[build] In file included from C:\Users\pperv\code\unnamed_rpg\vendor\json\include\nlohmann/json.hpp:44:
[build] In file included from C:\Users\pperv\code\unnamed_rpg\vendor\json\include\nlohmann/adl_serializer.hpp:14:
[build] In file included from C:\Users\pperv\code\unnamed_rpg\vendor\json\include\nlohmann/detail/conversions/from_json.hpp:24:
[build] In file included from C:\Users\pperv\code\unnamed_rpg\vendor\json\include\nlohmann/detail/exceptions.hpp:25:
[build] In file included from C:\Users\pperv\code\unnamed_rpg\vendor\json\include\nlohmann/detail/meta/type_traits.hpp:26:
[build] C:\Users\pperv\code\unnamed_rpg\vendor\json\include\nlohmann/detail/meta/call_std/end.hpp(15,1): warning: alias declarations are incompatible with C++98 [-Wc++98-compat]
[build] C:\Users\pperv\code\unnamed_rpg\vendor\json\include\nlohmann/detail/macro_scope.hpp(762,34): note: expanded from macro 'NLOHMANN_CAN_CALL_STD_FUNC_IMPL'
[build]   762 |     using result_of_##std_name = decltype(std_name(std::declval<T>()...));        \
[build]       |                                  ^
[build] In file included from C:\Users\pperv\code\unnamed_rpg\vendor\json-schema-validator\src\json-validator.cpp:9:
[build] In file included from C:\Users\pperv\code\unnamed_rpg\vendor\json-schema-validator\src\nlohmann/json-schema.hpp:24:
[build] In file included from C:\Users\pperv\code\unnamed_rpg\vendor\json\include\nlohmann/json.hpp:44:
[build] In file included from C:\Users\pperv\code\unnamed_rpg\vendor\json\include\nlohmann/adl_serializer.hpp:14:
[build] In file included from C:\Users\pperv\code\unnamed_rpg\vendor\json\include\nlohmann/detail/conversions/from_json.hpp:24:
[build] In file included from C:\Users\pperv\code\unnamed_rpg\vendor\json\include\nlohmann/detail/exceptions.hpp:25:
[build] In file included from C:\Users\pperv\code\unnamed_rpg\vendor\json\include\nlohmann/detail/meta/type_traits.hpp:26:
[build] C:\Users\pperv\code\unnamed_rpg\vendor\json\include\nlohmann/detail/meta/call_std/end.hpp(15,1): warning: 'decltype' type specifier is incompatible with C++98 [-Wc++98-compat]
[build] C:\Users\pperv\code\unnamed_rpg\vendor\json\include\nlohmann/detail/macro_scope.hpp(762,34): note: expanded from macro 'NLOHMANN_CAN_CALL_STD_FUNC_IMPL'
[build]   762 |     using result_of_##std_name = decltype(std_name(std::declval<T>()...));        \
[build]       |                                  ^
[build] In file included from C:\Users\pperv\code\unnamed_rpg\vendor\json-schema-validator\src\json-validator.cpp:9:
[build] In file included from C:\Users\pperv\code\unnamed_rpg\vendor\json-schema-validator\src\nlohmann/json-schema.hpp:24:
[build] In file included from C:\Users\pperv\code\unnamed_rpg\vendor\json\include\nlohmann/json.hpp:44:
[build] In file included from C:\Users\pperv\code\unnamed_rpg\vendor\json\include\nlohmann/adl_serializer.hpp:14:
[build] In file included from C:\Users\pperv\code\unnamed_rpg\vendor\json\include\nlohmann/detail/conversions/from_json.hpp:24:
[build] In file included from C:\Users\pperv\code\unnamed_rpg\vendor\json\include\nlohmann/detail/exceptions.hpp:25:
[build] In file included from C:\Users\pperv\code\unnamed_rpg\vendor\json\include\nlohmann/detail/meta/type_traits.hpp:26:
[build] C:\Users\pperv\code\unnamed_rpg\vendor\json\include\nlohmann/detail/meta/call_std/end.hpp(15,1): warning: variadic templates are incompatible with C++98 [-Wc++98-compat]
[build] C:\Users\pperv\code\unnamed_rpg\vendor\json\include\nlohmann/detail/macro_scope.hpp(770,22): note: expanded from macro 'NLOHMANN_CAN_CALL_STD_FUNC_IMPL'
[build]   770 |     template<typename... T>                                                       \
[build]       |                      ^
[build] In file included from C:\Users\pperv\code\unnamed_rpg\vendor\json-schema-validator\src\json-validator.cpp:9:
[build] In file included from C:\Users\pperv\code\unnamed_rpg\vendor\json-schema-validator\src\nlohmann/json-schema.hpp:24:
[build] In file included from C:\Users\pperv\code\unnamed_rpg\vendor\json\include\nlohmann/json.hpp:44:
[build] In file included from C:\Users\pperv\code\unnamed_rpg\vendor\json\include\nlohmann/adl_serializer.hpp:14:
[build] In file included from C:\Users\pperv\code\unnamed_rpg\vendor\json\include\nlohmann/detail/conversions/from_json.hpp:24:
[build] In file included from C:\Users\pperv\code\unnamed_rpg\vendor\json\include\nlohmann/detail/exceptions.hpp:25:
[build] In file included from C:\Users\pperv\code\unnamed_rpg\vendor\json\include\nlohmann/detail/meta/type_traits.hpp:26:
[build] C:\Users\pperv\code\unnamed_rpg\vendor\json\include\nlohmann/detail/meta/call_std/end.hpp(15,1): warning: rvalue references are incompatible with C++98 [-Wc++98-compat]
[build] C:\Users\pperv\code\unnamed_rpg\vendor\json\include\nlohmann/detail/macro_scope.hpp(771,30): note: expanded from macro 'NLOHMANN_CAN_CALL_STD_FUNC_IMPL'
[build]   771 |     std_name##_tag std_name(T&&...);                                              \
[build]       |                              ^
[build] In file included from C:\Users\pperv\code\unnamed_rpg\vendor\json-schema-validator\src\json-validator.cpp:9:
[build] In file included from C:\Users\pperv\code\unnamed_rpg\vendor\json-schema-validator\src\nlohmann/json-schema.hpp:24:
[build] In file included from C:\Users\pperv\code\unnamed_rpg\vendor\json\include\nlohmann/json.hpp:44:
[build] In file included from C:\Users\pperv\code\unnamed_rpg\vendor\json\include\nlohmann/adl_serializer.hpp:14:
[build] In file included from C:\Users\pperv\code\unnamed_rpg\vendor\json\include\nlohmann/detail/conversions/from_json.hpp:24:
[build] In file included from C:\Users\pperv\code\unnamed_rpg\vendor\json\include\nlohmann/detail/exceptions.hpp:25:
[build] In file included from C:\Users\pperv\code\unnamed_rpg\vendor\json\include\nlohmann/detail/meta/type_traits.hpp:26:
[build] C:\Users\pperv\code\unnamed_rpg\vendor\json\include\nlohmann/detail/meta/call_std/end.hpp(15,1): warning: variadic templates are incompatible with C++98 [-Wc++98-compat]
[build] C:\Users\pperv\code\unnamed_rpg\vendor\json\include\nlohmann/detail/macro_scope.hpp(773,22): note: expanded from macro 'NLOHMANN_CAN_CALL_STD_FUNC_IMPL'
[build]   773 |     template<typename... T>                                                       \
[build]       |                      ^
[build] In file included from C:\Users\pperv\code\unnamed_rpg\vendor\json-schema-validator\src\json-validator.cpp:9:
[build] In file included from C:\Users\pperv\code\unnamed_rpg\vendor\json-schema-validator\src\nlohmann/json-schema.hpp:24:
[build] In file included from C:\Users\pperv\code\unnamed_rpg\vendor\json\include\nlohmann/json.hpp:44:
[build] In file included from C:\Users\pperv\code\unnamed_rpg\vendor\json\include\nlohmann/adl_serializer.hpp:14:
[build] In file included from C:\Users\pperv\code\unnamed_rpg\vendor\json\include\nlohmann/detail/conversions/from_json.hpp:24:
[build] In file included from C:\Users\pperv\code\unnamed_rpg\vendor\json\include\nlohmann/detail/exceptions.hpp:25:
[build] In file included from C:\Users\pperv\code\unnamed_rpg\vendor\json\include\nlohmann/detail/meta/type_traits.hpp:26:
[build] C:\Users\pperv\code\unnamed_rpg\vendor\json\include\nlohmann/detail/meta/call_std/end.hpp(15,1): warning: alias declarations are incompatible with C++98 [-Wc++98-compat]
[build] C:\Users\pperv\code\unnamed_rpg\vendor\json\include\nlohmann/detail/macro_scope.hpp(774,34): note: expanded from macro 'NLOHMANN_CAN_CALL_STD_FUNC_IMPL'
[build]   774 |     using result_of_##std_name = decltype(std_name(std::declval<T>()...));        \
[build]       |                                  ^
[build] In file included from C:\Users\pperv\code\unnamed_rpg\vendor\json-schema-validator\src\json-validator.cpp:9:
[build] In file included from C:\Users\pperv\code\unnamed_rpg\vendor\json-schema-validator\src\nlohmann/json-schema.hpp:24:
[build] In file included from C:\Users\pperv\code\unnamed_rpg\vendor\json\include\nlohmann/json.hpp:44:
[build] In file included from C:\Users\pperv\code\unnamed_rpg\vendor\json\include\nlohmann/adl_serializer.hpp:14:
[build] In file included from C:\Users\pperv\code\unnamed_rpg\vendor\json\include\nlohmann/detail/conversions/from_json.hpp:24:
[build] In file included from C:\Users\pperv\code\unnamed_rpg\vendor\json\include\nlohmann/detail/exceptions.hpp:25:
[build] In file included from C:\Users\pperv\code\unnamed_rpg\vendor\json\include\nlohmann/detail/meta/type_traits.hpp:26:
[build] C:\Users\pperv\code\unnamed_rpg\vendor\json\include\nlohmann/detail/meta/call_std/end.hpp(15,1): warning: 'decltype' type specifier is incompatible with C++98 [-Wc++98-compat]
[build] C:\Users\pperv\code\unnamed_rpg\vendor\json\include\nlohmann/detail/macro_scope.hpp(774,34): note: expanded from macro 'NLOHMANN_CAN_CALL_STD_FUNC_IMPL'
[build]   774 |     using result_of_##std_name = decltype(std_name(std::declval<T>()...));        \
[build]       |                                  ^
[build] In file included from C:\Users\pperv\code\unnamed_rpg\vendor\json-schema-validator\src\json-validator.cpp:9:
[build] In file included from C:\Users\pperv\code\unnamed_rpg\vendor\json-schema-validator\src\nlohmann/json-schema.hpp:24:
[build] In file included from C:\Users\pperv\code\unnamed_rpg\vendor\json\include\nlohmann/json.hpp:44:
[build] In file included from C:\Users\pperv\code\unnamed_rpg\vendor\json\include\nlohmann/adl_serializer.hpp:14:
[build] In file included from C:\Users\pperv\code\unnamed_rpg\vendor\json\include\nlohmann/detail/conversions/from_json.hpp:24:
[build] In file included from C:\Users\pperv\code\unnamed_rpg\vendor\json\include\nlohmann/detail/exceptions.hpp:25:
[build] In file included from C:\Users\pperv\code\unnamed_rpg\vendor\json\include\nlohmann/detail/meta/type_traits.hpp:26:
[build] C:\Users\pperv\code\unnamed_rpg\vendor\json\include\nlohmann/detail/meta/call_std/end.hpp(15,1): warning: variadic templates are incompatible with C++98 [-Wc++98-compat]
[build] C:\Users\pperv\code\unnamed_rpg\vendor\json\include\nlohmann/detail/macro_scope.hpp(776,22): note: expanded from macro 'NLOHMANN_CAN_CALL_STD_FUNC_IMPL'
[build]   776 |     template<typename... T>                                                       \
[build]       |                      ^
[build] In file included from C:\Users\pperv\code\unnamed_rpg\vendor\json-schema-validator\src\json-validator.cpp:9:
[build] In file included from C:\Users\pperv\code\unnamed_rpg\vendor\json-schema-validator\src\nlohmann/json-schema.hpp:24:
[build] In file included from C:\Users\pperv\code\unnamed_rpg\vendor\json\include\nlohmann/json.hpp:44:
[build] In file included from C:\Users\pperv\code\unnamed_rpg\vendor\json\include\nlohmann/adl_serializer.hpp:14:
[build] In file included from C:\Users\pperv\code\unnamed_rpg\vendor\json\include\nlohmann/detail/conversions/from_json.hpp:24:
[build] In file included from C:\Users\pperv\code\unnamed_rpg\vendor\json\include\nlohmann/detail/exceptions.hpp:25:
[build] In file included from C:\Users\pperv\code\unnamed_rpg\vendor\json\include\nlohmann/detail/meta/type_traits.hpp:26:
[build] C:\Users\pperv\code\unnamed_rpg\vendor\json\include\nlohmann/detail/meta/call_std/end.hpp(15,1): warning: 'constexpr' specifier is incompatible with C++98 [-Wc++98-compat]
[build] C:\Users\pperv\code\unnamed_rpg\vendor\json\include\nlohmann/detail/macro_scope.hpp(779,16): note: expanded from macro 'NLOHMANN_CAN_CALL_STD_FUNC_IMPL'
[build]   779 |         static constexpr auto const value = ::nlohmann::detail::                  \
[build]       |                ^
[build] In file included from C:\Users\pperv\code\unnamed_rpg\vendor\json-schema-validator\src\json-validator.cpp:9:
[build] In file included from C:\Users\pperv\code\unnamed_rpg\vendor\json-schema-validator\src\nlohmann/json-schema.hpp:24:
[build] In file included from C:\Users\pperv\code\unnamed_rpg\vendor\json\include\nlohmann/json.hpp:44:
[build] In file included from C:\Users\pperv\code\unnamed_rpg\vendor\json\include\nlohmann/adl_serializer.hpp:14:
[build] In file included from C:\Users\pperv\code\unnamed_rpg\vendor\json\include\nlohmann/detail/conversions/from_json.hpp:24:
[build] In file included from C:\Users\pperv\code\unnamed_rpg\vendor\json\include\nlohmann/detail/exceptions.hpp:25:
[build] In file included from C:\Users\pperv\code\unnamed_rpg\vendor\json\include\nlohmann/detail/meta/type_traits.hpp:26:
[build] C:\Users\pperv\code\unnamed_rpg\vendor\json\include\nlohmann/detail/meta/call_std/end.hpp(15,1): warning: 'auto' type specifier is incompatible with C++98 [-Wc++98-compat]
[build]    15 | NLOHMANN_CAN_CALL_STD_FUNC_IMPL(end);
[build]       | ^~~~~~~~~~~~~~~~~~~~~~~~~~~~~~~~~~~~
[build] C:\Users\pperv\code\unnamed_rpg\vendor\json\include\nlohmann/detail/macro_scope.hpp(779,26): note: expanded from macro 'NLOHMANN_CAN_CALL_STD_FUNC_IMPL'
[build]   779 |         static constexpr auto const value = ::nlohmann::detail::                  \
[build]       |                          ^~~~
[build] In file included from C:\Users\pperv\code\unnamed_rpg\vendor\json-schema-validator\src\json-validator.cpp:9:
[build] In file included from C:\Users\pperv\code\unnamed_rpg\vendor\json-schema-validator\src\nlohmann/json-schema.hpp:24:
[build] In file included from C:\Users\pperv\code\unnamed_rpg\vendor\json\include\nlohmann/json.hpp:44:
[build] In file included from C:\Users\pperv\code\unnamed_rpg\vendor\json\include\nlohmann/adl_serializer.hpp:14:
[build] In file included from C:\Users\pperv\code\unnamed_rpg\vendor\json\include\nlohmann/detail/conversions/from_json.hpp:24:
[build] In file included from C:\Users\pperv\code\unnamed_rpg\vendor\json\include\nlohmann/detail/exceptions.hpp:25:
[build] In file included from C:\Users\pperv\code\unnamed_rpg\vendor\json\include\nlohmann/detail/meta/type_traits.hpp:26:
[build] C:\Users\pperv\code\unnamed_rpg\vendor\json\include\nlohmann/detail/meta/call_std/end.hpp(15,1): warning: variadic templates are incompatible with C++98 [-Wc++98-compat]
[build] C:\Users\pperv\code\unnamed_rpg\vendor\json\include\nlohmann/detail/macro_scope.hpp(784,22): note: expanded from macro 'NLOHMANN_CAN_CALL_STD_FUNC_IMPL'
[build]   784 |     template<typename... T>                                                       \
[build]       |                      ^
[build] In file included from C:\Users\pperv\code\unnamed_rpg\vendor\json-schema-validator\src\json-validator.cpp:9:
[build] In file included from C:\Users\pperv\code\unnamed_rpg\vendor\json-schema-validator\src\nlohmann/json-schema.hpp:24:
[build] In file included from C:\Users\pperv\code\unnamed_rpg\vendor\json\include\nlohmann/json.hpp:44:
[build] In file included from C:\Users\pperv\code\unnamed_rpg\vendor\json\include\nlohmann/adl_serializer.hpp:14:
[build] In file included from C:\Users\pperv\code\unnamed_rpg\vendor\json\include\nlohmann/detail/conversions/from_json.hpp:24:
[build] In file included from C:\Users\pperv\code\unnamed_rpg\vendor\json\include\nlohmann/detail/exceptions.hpp:25:
[build] In file included from C:\Users\pperv\code\unnamed_rpg\vendor\json\include\nlohmann/detail/meta/type_traits.hpp:29:
[build] C:\Users\pperv\code\unnamed_rpg\vendor\json\include\nlohmann/json_fwd.hpp(25,1): warning: empty macro arguments are incompatible with C++98 [-Wc++98-compat-pedantic]
[build]    25 | NLOHMANN_JSON_NAMESPACE_BEGIN
[build]       | ^
[build] C:\Users\pperv\code\unnamed_rpg\vendor\json\include\nlohmann/detail/abi_macros.hpp(102,17): note: expanded from macro 'NLOHMANN_JSON_NAMESPACE_BEGIN'
[build]   102 |                 NLOHMANN_JSON_ABI_TAGS,              \
[build]       |                 ^
[build] C:\Users\pperv\code\unnamed_rpg\vendor\json\include\nlohmann/detail/abi_macros.hpp(65,5): note: expanded from macro 'NLOHMANN_JSON_ABI_TAGS'
[build]    65 |     NLOHMANN_JSON_ABI_TAGS_CONCAT(                                   \
[build]       |     ^
[build] C:\Users\pperv\code\unnamed_rpg\vendor\json\include\nlohmann/detail/abi_macros.hpp(62,39): note: expanded from macro 'NLOHMANN_JSON_ABI_TAGS_CONCAT'
[build]    62 |     NLOHMANN_JSON_ABI_TAGS_CONCAT_EX(a, b, c)
[build]       |                                       ^
[build] In file included from C:\Users\pperv\code\unnamed_rpg\vendor\json-schema-validator\src\json-validator.cpp:9:
[build] In file included from C:\Users\pperv\code\unnamed_rpg\vendor\json-schema-validator\src\nlohmann/json-schema.hpp:24:
[build] In file included from C:\Users\pperv\code\unnamed_rpg\vendor\json\include\nlohmann/json.hpp:44:
[build] In file included from C:\Users\pperv\code\unnamed_rpg\vendor\json\include\nlohmann/adl_serializer.hpp:14:
[build] In file included from C:\Users\pperv\code\unnamed_rpg\vendor\json\include\nlohmann/detail/conversions/from_json.hpp:24:
[build] In file included from C:\Users\pperv\code\unnamed_rpg\vendor\json\include\nlohmann/detail/exceptions.hpp:25:
[build] In file included from C:\Users\pperv\code\unnamed_rpg\vendor\json\include\nlohmann/detail/meta/type_traits.hpp:29:
[build] C:\Users\pperv\code\unnamed_rpg\vendor\json\include\nlohmann/json_fwd.hpp(25,1): warning: empty macro arguments are incompatible with C++98 [-Wc++98-compat-pedantic]
[build] C:\Users\pperv\code\unnamed_rpg\vendor\json\include\nlohmann/detail/abi_macros.hpp(102,17): note: expanded from macro 'NLOHMANN_JSON_NAMESPACE_BEGIN'
[build]   102 |                 NLOHMANN_JSON_ABI_TAGS,              \
[build]       |                 ^
[build] C:\Users\pperv\code\unnamed_rpg\vendor\json\include\nlohmann/detail/abi_macros.hpp(65,5): note: expanded from macro 'NLOHMANN_JSON_ABI_TAGS'
[build]    65 |     NLOHMANN_JSON_ABI_TAGS_CONCAT(                                   \
[build]       |     ^
[build] C:\Users\pperv\code\unnamed_rpg\vendor\json\include\nlohmann/detail/abi_macros.hpp(62,42): note: expanded from macro 'NLOHMANN_JSON_ABI_TAGS_CONCAT'
[build]    62 |     NLOHMANN_JSON_ABI_TAGS_CONCAT_EX(a, b, c)
[build]       |                                          ^
[build] In file included from C:\Users\pperv\code\unnamed_rpg\vendor\json-schema-validator\src\json-validator.cpp:9:
[build] In file included from C:\Users\pperv\code\unnamed_rpg\vendor\json-schema-validator\src\nlohmann/json-schema.hpp:24:
[build] In file included from C:\Users\pperv\code\unnamed_rpg\vendor\json\include\nlohmann/json.hpp:44:
[build] In file included from C:\Users\pperv\code\unnamed_rpg\vendor\json\include\nlohmann/adl_serializer.hpp:14:
[build] In file included from C:\Users\pperv\code\unnamed_rpg\vendor\json\include\nlohmann/detail/conversions/from_json.hpp:24:
[build] In file included from C:\Users\pperv\code\unnamed_rpg\vendor\json\include\nlohmann/detail/exceptions.hpp:25:
[build] In file included from C:\Users\pperv\code\unnamed_rpg\vendor\json\include\nlohmann/detail/meta/type_traits.hpp:29:
[build] C:\Users\pperv\code\unnamed_rpg\vendor\json\include\nlohmann/json_fwd.hpp(25,1): warning: empty macro arguments are incompatible with C++98 [-Wc++98-compat-pedantic]
[build] C:\Users\pperv\code\unnamed_rpg\vendor\json\include\nlohmann/detail/abi_macros.hpp(102,17): note: expanded from macro 'NLOHMANN_JSON_NAMESPACE_BEGIN'
[build]   102 |                 NLOHMANN_JSON_ABI_TAGS,              \
[build]       |                 ^
[build] C:\Users\pperv\code\unnamed_rpg\vendor\json\include\nlohmann/detail/abi_macros.hpp(65,5): note: expanded from macro 'NLOHMANN_JSON_ABI_TAGS'
[build]    65 |     NLOHMANN_JSON_ABI_TAGS_CONCAT(                                   \
[build]       |     ^
[build] C:\Users\pperv\code\unnamed_rpg\vendor\json\include\nlohmann/detail/abi_macros.hpp(62,45): note: expanded from macro 'NLOHMANN_JSON_ABI_TAGS_CONCAT'
[build]    62 |     NLOHMANN_JSON_ABI_TAGS_CONCAT_EX(a, b, c)
[build]       |                                             ^
[build] In file included from C:\Users\pperv\code\unnamed_rpg\vendor\json-schema-validator\src\json-validator.cpp:9:
[build] In file included from C:\Users\pperv\code\unnamed_rpg\vendor\json-schema-validator\src\nlohmann/json-schema.hpp:24:
[build] In file included from C:\Users\pperv\code\unnamed_rpg\vendor\json\include\nlohmann/json.hpp:44:
[build] In file included from C:\Users\pperv\code\unnamed_rpg\vendor\json\include\nlohmann/adl_serializer.hpp:14:
[build] In file included from C:\Users\pperv\code\unnamed_rpg\vendor\json\include\nlohmann/detail/conversions/from_json.hpp:24:
[build] In file included from C:\Users\pperv\code\unnamed_rpg\vendor\json\include\nlohmann/detail/exceptions.hpp:25:
[build] In file included from C:\Users\pperv\code\unnamed_rpg\vendor\json\include\nlohmann/detail/meta/type_traits.hpp:29:
[build] C:\Users\pperv\code\unnamed_rpg\vendor\json\include\nlohmann/json_fwd.hpp(25,1): warning: inline namespaces are incompatible with C++98 [-Wc++98-compat]
[build] C:\Users\pperv\code\unnamed_rpg\vendor\json\include\nlohmann/detail/abi_macros.hpp(101,5): note: expanded from macro 'NLOHMANN_JSON_NAMESPACE_BEGIN'
[build]   101 |     inline namespace NLOHMANN_JSON_NAMESPACE_CONCAT( \
[build]       |     ^
[build] In file included from C:\Users\pperv\code\unnamed_rpg\vendor\json-schema-validator\src\json-validator.cpp:9:
[build] In file included from C:\Users\pperv\code\unnamed_rpg\vendor\json-schema-validator\src\nlohmann/json-schema.hpp:24:
[build] In file included from C:\Users\pperv\code\unnamed_rpg\vendor\json\include\nlohmann/json.hpp:44:
[build] In file included from C:\Users\pperv\code\unnamed_rpg\vendor\json\include\nlohmann/adl_serializer.hpp:14:
[build] In file included from C:\Users\pperv\code\unnamed_rpg\vendor\json\include\nlohmann/detail/conversions/from_json.hpp:24:
[build] In file included from C:\Users\pperv\code\unnamed_rpg\vendor\json\include\nlohmann/detail/exceptions.hpp:25:
[build] In file included from C:\Users\pperv\code\unnamed_rpg\vendor\json\include\nlohmann/detail/meta/type_traits.hpp:29:
[build] C:\Users\pperv\code\unnamed_rpg\vendor\json\include\nlohmann/json_fwd.hpp(39,51): warning: variadic templates are incompatible with C++98 [-Wc++98-compat]
[build]    39 | template<template<typename U, typename V, typename... Args> class ObjectType =
[build]       |                                                   ^
[build] C:\Users\pperv\code\unnamed_rpg\vendor\json\include\nlohmann/json_fwd.hpp(41,39): warning: variadic templates are incompatible with C++98 [-Wc++98-compat]
[build]    41 |          template<typename U, typename... Args> class ArrayType = std::vector,
[build]       |                                       ^
[build] C:\Users\pperv\code\unnamed_rpg\vendor\json\include\nlohmann/json_fwd.hpp(62,14): warning: alias declarations are incompatible with C++98 [-Wc++98-compat]
[build]    62 | using json = basic_json<>;
[build]       |              ^
[build] C:\Users\pperv\code\unnamed_rpg\vendor\json\include\nlohmann/json_fwd.hpp(71,22): warning: alias declarations are incompatible with C++98 [-Wc++98-compat]
[build]    71 | using ordered_json = basic_json<nlohmann::ordered_map>;
[build]       |                      ^
[build] In file included from C:\Users\pperv\code\unnamed_rpg\vendor\json-schema-validator\src\json-validator.cpp:9:
[build] In file included from C:\Users\pperv\code\unnamed_rpg\vendor\json-schema-validator\src\nlohmann/json-schema.hpp:24:
[build] In file included from C:\Users\pperv\code\unnamed_rpg\vendor\json\include\nlohmann/json.hpp:44:
[build] In file included from C:\Users\pperv\code\unnamed_rpg\vendor\json\include\nlohmann/adl_serializer.hpp:14:
[build] In file included from C:\Users\pperv\code\unnamed_rpg\vendor\json\include\nlohmann/detail/conversions/from_json.hpp:24:
[build] In file included from C:\Users\pperv\code\unnamed_rpg\vendor\json\include\nlohmann/detail/exceptions.hpp:25:
[build] C:\Users\pperv\code\unnamed_rpg\vendor\json\include\nlohmann/detail/meta/type_traits.hpp(31,1): warning: empty macro arguments are incompatible with C++98 [-Wc++98-compat-pedantic]
[build]    31 | NLOHMANN_JSON_NAMESPACE_BEGIN
[build]       | ^
[build] C:\Users\pperv\code\unnamed_rpg\vendor\json\include\nlohmann/detail/abi_macros.hpp(102,17): note: expanded from macro 'NLOHMANN_JSON_NAMESPACE_BEGIN'
[build]   102 |                 NLOHMANN_JSON_ABI_TAGS,              \
[build]       |                 ^
[build] C:\Users\pperv\code\unnamed_rpg\vendor\json\include\nlohmann/detail/abi_macros.hpp(65,5): note: expanded from macro 'NLOHMANN_JSON_ABI_TAGS'
[build]    65 |     NLOHMANN_JSON_ABI_TAGS_CONCAT(                                   \
[build]       |     ^
[build] C:\Users\pperv\code\unnamed_rpg\vendor\json\include\nlohmann/detail/abi_macros.hpp(62,39): note: expanded from macro 'NLOHMANN_JSON_ABI_TAGS_CONCAT'
[build]    62 |     NLOHMANN_JSON_ABI_TAGS_CONCAT_EX(a, b, c)
[build]       |                                       ^
[build] In file included from C:\Users\pperv\code\unnamed_rpg\vendor\json-schema-validator\src\json-validator.cpp:9:
[build] In file included from C:\Users\pperv\code\unnamed_rpg\vendor\json-schema-validator\src\nlohmann/json-schema.hpp:24:
[build] In file included from C:\Users\pperv\code\unnamed_rpg\vendor\json\include\nlohmann/json.hpp:44:
[build] In file included from C:\Users\pperv\code\unnamed_rpg\vendor\json\include\nlohmann/adl_serializer.hpp:14:
[build] In file included from C:\Users\pperv\code\unnamed_rpg\vendor\json\include\nlohmann/detail/conversions/from_json.hpp:24:
[build] In file included from C:\Users\pperv\code\unnamed_rpg\vendor\json\include\nlohmann/detail/exceptions.hpp:25:
[build] C:\Users\pperv\code\unnamed_rpg\vendor\json\include\nlohmann/detail/meta/type_traits.hpp(31,1): warning: empty macro arguments are incompatible with C++98 [-Wc++98-compat-pedantic]
[build] C:\Users\pperv\code\unnamed_rpg\vendor\json\include\nlohmann/detail/abi_macros.hpp(102,17): note: expanded from macro 'NLOHMANN_JSON_NAMESPACE_BEGIN'
[build]   102 |                 NLOHMANN_JSON_ABI_TAGS,              \
[build]       |                 ^
[build] C:\Users\pperv\code\unnamed_rpg\vendor\json\include\nlohmann/detail/abi_macros.hpp(65,5): note: expanded from macro 'NLOHMANN_JSON_ABI_TAGS'
[build]    65 |     NLOHMANN_JSON_ABI_TAGS_CONCAT(                                   \
[build]       |     ^
[build] C:\Users\pperv\code\unnamed_rpg\vendor\json\include\nlohmann/detail/abi_macros.hpp(62,42): note: expanded from macro 'NLOHMANN_JSON_ABI_TAGS_CONCAT'
[build]    62 |     NLOHMANN_JSON_ABI_TAGS_CONCAT_EX(a, b, c)
[build]       |                                          ^
[build] In file included from C:\Users\pperv\code\unnamed_rpg\vendor\json-schema-validator\src\json-validator.cpp:9:
[build] In file included from C:\Users\pperv\code\unnamed_rpg\vendor\json-schema-validator\src\nlohmann/json-schema.hpp:24:
[build] In file included from C:\Users\pperv\code\unnamed_rpg\vendor\json\include\nlohmann/json.hpp:44:
[build] In file included from C:\Users\pperv\code\unnamed_rpg\vendor\json\include\nlohmann/adl_serializer.hpp:14:
[build] In file included from C:\Users\pperv\code\unnamed_rpg\vendor\json\include\nlohmann/detail/conversions/from_json.hpp:24:
[build] In file included from C:\Users\pperv\code\unnamed_rpg\vendor\json\include\nlohmann/detail/exceptions.hpp:25:
[build] C:\Users\pperv\code\unnamed_rpg\vendor\json\include\nlohmann/detail/meta/type_traits.hpp(31,1): warning: empty macro arguments are incompatible with C++98 [-Wc++98-compat-pedantic]
[build] C:\Users\pperv\code\unnamed_rpg\vendor\json\include\nlohmann/detail/abi_macros.hpp(102,17): note: expanded from macro 'NLOHMANN_JSON_NAMESPACE_BEGIN'
[build]   102 |                 NLOHMANN_JSON_ABI_TAGS,              \
[build]       |                 ^
[build] C:\Users\pperv\code\unnamed_rpg\vendor\json\include\nlohmann/detail/abi_macros.hpp(65,5): note: expanded from macro 'NLOHMANN_JSON_ABI_TAGS'
[build]    65 |     NLOHMANN_JSON_ABI_TAGS_CONCAT(                                   \
[build]       |     ^
[build] C:\Users\pperv\code\unnamed_rpg\vendor\json\include\nlohmann/detail/abi_macros.hpp(62,45): note: expanded from macro 'NLOHMANN_JSON_ABI_TAGS_CONCAT'
[build]    62 |     NLOHMANN_JSON_ABI_TAGS_CONCAT_EX(a, b, c)
[build]       |                                             ^
[build] In file included from C:\Users\pperv\code\unnamed_rpg\vendor\json-schema-validator\src\json-validator.cpp:9:
[build] In file included from C:\Users\pperv\code\unnamed_rpg\vendor\json-schema-validator\src\nlohmann/json-schema.hpp:24:
[build] In file included from C:\Users\pperv\code\unnamed_rpg\vendor\json\include\nlohmann/json.hpp:44:
[build] In file included from C:\Users\pperv\code\unnamed_rpg\vendor\json\include\nlohmann/adl_serializer.hpp:14:
[build] In file included from C:\Users\pperv\code\unnamed_rpg\vendor\json\include\nlohmann/detail/conversions/from_json.hpp:24:
[build] In file included from C:\Users\pperv\code\unnamed_rpg\vendor\json\include\nlohmann/detail/exceptions.hpp:25:
[build] C:\Users\pperv\code\unnamed_rpg\vendor\json\include\nlohmann/detail/meta/type_traits.hpp(31,1): warning: inline namespaces are incompatible with C++98 [-Wc++98-compat]
[build] C:\Users\pperv\code\unnamed_rpg\vendor\json\include\nlohmann/detail/abi_macros.hpp(101,5): note: expanded from macro 'NLOHMANN_JSON_NAMESPACE_BEGIN'
[build]   101 |     inline namespace NLOHMANN_JSON_NAMESPACE_CONCAT( \
[build]       |     ^
[build] In file included from C:\Users\pperv\code\unnamed_rpg\vendor\json-schema-validator\src\json-validator.cpp:9:
[build] In file included from C:\Users\pperv\code\unnamed_rpg\vendor\json-schema-validator\src\nlohmann/json-schema.hpp:24:
[build] In file included from C:\Users\pperv\code\unnamed_rpg\vendor\json\include\nlohmann/json.hpp:44:
[build] In file included from C:\Users\pperv\code\unnamed_rpg\vendor\json\include\nlohmann/adl_serializer.hpp:14:
[build] In file included from C:\Users\pperv\code\unnamed_rpg\vendor\json\include\nlohmann/detail/conversions/from_json.hpp:24:
[build] In file included from C:\Users\pperv\code\unnamed_rpg\vendor\json\include\nlohmann/detail/exceptions.hpp:25:
[build] C:\Users\pperv\code\unnamed_rpg\vendor\json\include\nlohmann/detail/meta/type_traits.hpp(58,1): warning: variadic templates are incompatible with C++98 [-Wc++98-compat]
[build]    58 | NLOHMANN_BASIC_JSON_TPL_DECLARATION
[build]       | ^
[build] C:\Users\pperv\code\unnamed_rpg\vendor\json\include\nlohmann/detail/macro_scope.hpp(337,51): note: expanded from macro 'NLOHMANN_BASIC_JSON_TPL_DECLARATION'
[build]   337 |     template<template<typename, typename, typename...> class ObjectType,   \
[build]       |                                                   ^
[build] In file included from C:\Users\pperv\code\unnamed_rpg\vendor\json-schema-validator\src\json-validator.cpp:9:
[build] In file included from C:\Users\pperv\code\unnamed_rpg\vendor\json-schema-validator\src\nlohmann/json-schema.hpp:24:
[build] In file included from C:\Users\pperv\code\unnamed_rpg\vendor\json\include\nlohmann/json.hpp:44:
[build] In file included from C:\Users\pperv\code\unnamed_rpg\vendor\json\include\nlohmann/adl_serializer.hpp:14:
[build] In file included from C:\Users\pperv\code\unnamed_rpg\vendor\json\include\nlohmann/detail/conversions/from_json.hpp:24:
[build] In file included from C:\Users\pperv\code\unnamed_rpg\vendor\json\include\nlohmann/detail/exceptions.hpp:25:
[build] C:\Users\pperv\code\unnamed_rpg\vendor\json\include\nlohmann/detail/meta/type_traits.hpp(58,1): warning: variadic templates are incompatible with C++98 [-Wc++98-compat]
[build] C:\Users\pperv\code\unnamed_rpg\vendor\json\include\nlohmann/detail/macro_scope.hpp(338,41): note: expanded from macro 'NLOHMANN_BASIC_JSON_TPL_DECLARATION'
[build]   338 |              template<typename, typename...> class ArrayType,              \
[build]       |                                         ^
[build] In file included from C:\Users\pperv\code\unnamed_rpg\vendor\json-schema-validator\src\json-validator.cpp:9:
[build] In file included from C:\Users\pperv\code\unnamed_rpg\vendor\json-schema-validator\src\nlohmann/json-schema.hpp:24:
[build] In file included from C:\Users\pperv\code\unnamed_rpg\vendor\json\include\nlohmann/json.hpp:44:
[build] In file included from C:\Users\pperv\code\unnamed_rpg\vendor\json\include\nlohmann/adl_serializer.hpp:14:
[build] In file included from C:\Users\pperv\code\unnamed_rpg\vendor\json\include\nlohmann/detail/conversions/from_json.hpp:24:
[build] In file included from C:\Users\pperv\code\unnamed_rpg\vendor\json\include\nlohmann/detail/exceptions.hpp:25:
[build] C:\Users\pperv\code\unnamed_rpg\vendor\json\include\nlohmann/detail/meta/type_traits.hpp(82,30): warning: consecutive right angle brackets are incompatible with C++98 (use '> >') [-Wc++98-compat]
[build]    82 | struct is_json_ref<json_ref<T>> : std::true_type {};
[build]       |                              ^~
[build]       |                              > >
[build] C:\Users\pperv\code\unnamed_rpg\vendor\json\include\nlohmann/detail/meta/type_traits.hpp(89,23): warning: alias declarations are incompatible with C++98 [-Wc++98-compat]
[build]    89 | using mapped_type_t = typename T::mapped_type;
[build]       |                       ^
[build] C:\Users\pperv\code\unnamed_rpg\vendor\json\include\nlohmann/detail/meta/type_traits.hpp(92,20): warning: alias declarations are incompatible with C++98 [-Wc++98-compat]
[build]    92 | using key_type_t = typename T::key_type;
[build]       |                    ^
[build] C:\Users\pperv\code\unnamed_rpg\vendor\json\include\nlohmann/detail/meta/type_traits.hpp(95,22): warning: alias declarations are incompatible with C++98 [-Wc++98-compat]
[build]    95 | using value_type_t = typename T::value_type;
[build]       |                      ^
[build] C:\Users\pperv\code\unnamed_rpg\vendor\json\include\nlohmann/detail/meta/type_traits.hpp(98,27): warning: alias declarations are incompatible with C++98 [-Wc++98-compat]
[build]    98 | using difference_type_t = typename T::difference_type;
[build]       |                           ^
[build] C:\Users\pperv\code\unnamed_rpg\vendor\json\include\nlohmann/detail/meta/type_traits.hpp(101,19): warning: alias declarations are incompatible with C++98 [-Wc++98-compat]
[build]   101 | using pointer_t = typename T::pointer;
[build]       |                   ^
[build] C:\Users\pperv\code\unnamed_rpg\vendor\json\include\nlohmann/detail/meta/type_traits.hpp(104,21): warning: alias declarations are incompatible with C++98 [-Wc++98-compat]
[build]   104 | using reference_t = typename T::reference;
[build]       |                     ^
[build] C:\Users\pperv\code\unnamed_rpg\vendor\json\include\nlohmann/detail/meta/type_traits.hpp(107,29): warning: alias declarations are incompatible with C++98 [-Wc++98-compat]
[build]   107 | using iterator_category_t = typename T::iterator_category;
[build]       |                             ^
[build] C:\Users\pperv\code\unnamed_rpg\vendor\json\include\nlohmann/detail/meta/type_traits.hpp(109,30): warning: variadic templates are incompatible with C++98 [-Wc++98-compat]
[build]   109 | template<typename T, typename... Args>
[build]       |                              ^
[build] C:\Users\pperv\code\unnamed_rpg\vendor\json\include\nlohmann/detail/meta/type_traits.hpp(110,26): warning: alias declarations are incompatible with C++98 [-Wc++98-compat]
[build]   110 | using to_json_function = decltype(T::to_json(std::declval<Args>()...));
[build]       |                          ^
[build] C:\Users\pperv\code\unnamed_rpg\vendor\json\include\nlohmann/detail/meta/type_traits.hpp(110,26): warning: 'decltype' type specifier is incompatible with C++98 [-Wc++98-compat]
[build] C:\Users\pperv\code\unnamed_rpg\vendor\json\include\nlohmann/detail/meta/type_traits.hpp(112,30): warning: variadic templates are incompatible with C++98 [-Wc++98-compat]
[build]   112 | template<typename T, typename... Args>
[build]       |                              ^
[build] C:\Users\pperv\code\unnamed_rpg\vendor\json\include\nlohmann/detail/meta/type_traits.hpp(113,28): warning: alias declarations are incompatible with C++98 [-Wc++98-compat]
[build]   113 | using from_json_function = decltype(T::from_json(std::declval<Args>()...));
[build]       |                            ^
[build] C:\Users\pperv\code\unnamed_rpg\vendor\json\include\nlohmann/detail/meta/type_traits.hpp(113,28): warning: 'decltype' type specifier is incompatible with C++98 [-Wc++98-compat]
[build] C:\Users\pperv\code\unnamed_rpg\vendor\json\include\nlohmann/detail/meta/type_traits.hpp(116,31): warning: alias declarations are incompatible with C++98 [-Wc++98-compat]
[build]   116 | using get_template_function = decltype(std::declval<T>().template get<U>());
[build]       |                               ^
[build] C:\Users\pperv\code\unnamed_rpg\vendor\json\include\nlohmann/detail/meta/type_traits.hpp(116,31): warning: 'decltype' type specifier is incompatible with C++98 [-Wc++98-compat]
[build] C:\Users\pperv\code\unnamed_rpg\vendor\json\include\nlohmann/detail/meta/type_traits.hpp(129,12): warning: 'constexpr' specifier is incompatible with C++98 [-Wc++98-compat]
[build]   129 |     static constexpr bool value = is_detected<get_template_function, const BasicJsonType&, T>::value;
[build]       |            ^
[build] C:\Users\pperv\code\unnamed_rpg\vendor\json\include\nlohmann/detail/meta/type_traits.hpp(133,81): warning: consecutive right angle brackets are incompatible with C++98 (use '> >') [-Wc++98-compat]
[build]   133 | struct has_from_json < BasicJsonType, T, enable_if_t < !is_basic_json<T>::value >>
[build]       |                                                                                 ^~
[build]       |                                                                                 > >
[build] C:\Users\pperv\code\unnamed_rpg\vendor\json\include\nlohmann/detail/meta/type_traits.hpp(135,24): warning: alias declarations are incompatible with C++98 [-Wc++98-compat]
[build]   135 |     using serializer = typename BasicJsonType::template json_serializer<T, void>;
[build]       |                        ^
[build] C:\Users\pperv\code\unnamed_rpg\vendor\json\include\nlohmann/detail/meta/type_traits.hpp(137,12): warning: 'constexpr' specifier is incompatible with C++98 [-Wc++98-compat]
[build]   137 |     static constexpr bool value =
[build]       |            ^
[build] C:\Users\pperv\code\unnamed_rpg\vendor\json\include\nlohmann/detail/meta/type_traits.hpp(148,93): warning: consecutive right angle brackets are incompatible with C++98 (use '> >') [-Wc++98-compat]
[build]   148 | struct has_non_default_from_json < BasicJsonType, T, enable_if_t < !is_basic_json<T>::value >>
[build]       |                                                                                             ^~
[build]       |                                                                                             > >
[build] C:\Users\pperv\code\unnamed_rpg\vendor\json\include\nlohmann/detail/meta/type_traits.hpp(150,24): warning: alias declarations are incompatible with C++98 [-Wc++98-compat]
[build]   150 |     using serializer = typename BasicJsonType::template json_serializer<T, void>;
[build]       |                        ^
[build] C:\Users\pperv\code\unnamed_rpg\vendor\json\include\nlohmann/detail/meta/type_traits.hpp(152,12): warning: 'constexpr' specifier is incompatible with C++98 [-Wc++98-compat]
[build]   152 |     static constexpr bool value =
[build]       |            ^
[build] C:\Users\pperv\code\unnamed_rpg\vendor\json\include\nlohmann/detail/meta/type_traits.hpp(163,79): warning: consecutive right angle brackets are incompatible with C++98 (use '> >') [-Wc++98-compat]
[build]   163 | struct has_to_json < BasicJsonType, T, enable_if_t < !is_basic_json<T>::value >>
[build]       |                                                                               ^~
[build]       |                                                                               > >
[build] C:\Users\pperv\code\unnamed_rpg\vendor\json\include\nlohmann/detail/meta/type_traits.hpp(165,24): warning: alias declarations are incompatible with C++98 [-Wc++98-compat]
[build]   165 |     using serializer = typename BasicJsonType::template json_serializer<T, void>;
[build]       |                        ^
[build] C:\Users\pperv\code\unnamed_rpg\vendor\json\include\nlohmann/detail/meta/type_traits.hpp(167,12): warning: 'constexpr' specifier is incompatible with C++98 [-Wc++98-compat]
[build]   167 |     static constexpr bool value =
[build]       |            ^
[build] C:\Users\pperv\code\unnamed_rpg\vendor\json\include\nlohmann/detail/meta/type_traits.hpp(173,28): warning: alias declarations are incompatible with C++98 [-Wc++98-compat]
[build]   173 | using detect_key_compare = typename T::key_compare;
[build]       |                            ^
[build] C:\Users\pperv\code\unnamed_rpg\vendor\json\include\nlohmann/detail/meta/type_traits.hpp(182,22): warning: alias declarations are incompatible with C++98 [-Wc++98-compat]
[build]   182 |     using object_t = typename BasicJsonType::object_t;
[build]       |                      ^
[build] C:\Users\pperv\code\unnamed_rpg\vendor\json\include\nlohmann/detail/meta/type_traits.hpp(183,33): warning: alias declarations are incompatible with C++98 [-Wc++98-compat]
[build]   183 |     using object_comparator_t = typename BasicJsonType::default_object_comparator_t;
[build]       |                                 ^
[build] C:\Users\pperv\code\unnamed_rpg\vendor\json\include\nlohmann/detail/meta/type_traits.hpp(184,18): warning: alias declarations are incompatible with C++98 [-Wc++98-compat]
[build]   184 |     using type = typename std::conditional < has_key_compare<object_t>::value,
[build]       |                  ^
[build] C:\Users\pperv\code\unnamed_rpg\vendor\json\include\nlohmann/detail/meta/type_traits.hpp(189,36): warning: alias declarations are incompatible with C++98 [-Wc++98-compat]
[build]   189 | using actual_object_comparator_t = typename actual_object_comparator<BasicJsonType>::type;
[build]       |                                    ^
[build] C:\Users\pperv\code\unnamed_rpg\vendor\json\include\nlohmann/detail/meta/type_traits.hpp(204,23): warning: alias declarations are incompatible with C++98 [-Wc++98-compat]
[build]   204 |     using char_type = unsigned char;
[build]       |                       ^
[build] C:\Users\pperv\code\unnamed_rpg\vendor\json\include\nlohmann/detail/meta/type_traits.hpp(205,22): warning: alias declarations are incompatible with C++98 [-Wc++98-compat]
[build]   205 |     using int_type = uint64_t;
[build]       |                      ^
[build] C:\Users\pperv\code\unnamed_rpg\vendor\json\include\nlohmann/detail/meta/type_traits.hpp(209,5): warning: noexcept specifications are incompatible with C++98 [-Wc++98-compat]
[build]   209 |     {
[build]       |     ^
[build] C:\Users\pperv\code\unnamed_rpg\vendor\json\include\nlohmann/detail/meta/type_traits.hpp(214,5): warning: noexcept specifications are incompatible with C++98 [-Wc++98-compat]
[build]   214 |     {
[build]       |     ^
[build] C:\Users\pperv\code\unnamed_rpg\vendor\json\include\nlohmann/detail/meta/type_traits.hpp(218,12): warning: 'constexpr' specifier is incompatible with C++98 [-Wc++98-compat]
[build]   218 |     static constexpr int_type eof() noexcept
[build]       |            ^
[build] C:\Users\pperv\code\unnamed_rpg\vendor\json\include\nlohmann/detail/meta/type_traits.hpp(219,5): warning: noexcept specifications are incompatible with C++98 [-Wc++98-compat]
[build]   219 |     {
[build]       |     ^
[build] C:\Users\pperv\code\unnamed_rpg\vendor\json\include\nlohmann/detail/meta/type_traits.hpp(228,23): warning: alias declarations are incompatible with C++98 [-Wc++98-compat]
[build]   228 |     using char_type = signed char;
[build]       |                       ^
[build] C:\Users\pperv\code\unnamed_rpg\vendor\json\include\nlohmann/detail/meta/type_traits.hpp(229,22): warning: alias declarations are incompatible with C++98 [-Wc++98-compat]
[build]   229 |     using int_type = uint64_t;
[build]       |                      ^
[build] C:\Users\pperv\code\unnamed_rpg\vendor\json\include\nlohmann/detail/meta/type_traits.hpp(233,5): warning: noexcept specifications are incompatible with C++98 [-Wc++98-compat]
[build]   233 |     {
[build]       |     ^
[build] C:\Users\pperv\code\unnamed_rpg\vendor\json\include\nlohmann/detail/meta/type_traits.hpp(240,5): warning: noexcept specifications are incompatible with C++98 [-Wc++98-compat]
[build]   240 |     {
[build]       |     ^
[build] C:\Users\pperv\code\unnamed_rpg\vendor\json\include\nlohmann/detail/meta/type_traits.hpp(244,12): warning: 'constexpr' specifier is incompatible with C++98 [-Wc++98-compat]
[build]   244 |     static constexpr int_type eof() noexcept
[build]       |            ^
[build] C:\Users\pperv\code\unnamed_rpg\vendor\json\include\nlohmann/detail/meta/type_traits.hpp(245,5): warning: noexcept specifications are incompatible with C++98 [-Wc++98-compat]
[build]   245 |     {
[build]       |     ^
[build] C:\Users\pperv\code\unnamed_rpg\vendor\json\include\nlohmann/detail/meta/type_traits.hpp(279,15): warning: variadic templates are incompatible with C++98 [-Wc++98-compat]
[build]   279 | template<class...> struct conjunction : std::true_type { };
[build]       |               ^
[build] C:\Users\pperv\code\unnamed_rpg\vendor\json\include\nlohmann/detail/meta/type_traits.hpp(281,24): warning: variadic templates are incompatible with C++98 [-Wc++98-compat]
[build]   281 | template<class B, class... Bn>
[build]       |                        ^
[build] C:\Users\pperv\code\unnamed_rpg\vendor\json\include\nlohmann/detail/meta/type_traits.hpp(295,49): warning: consecutive right angle brackets are incompatible with C++98 (use '> >') [-Wc++98-compat]
[build]   295 | struct is_default_constructible<std::pair<T1, T2>>
[build]       |                                                 ^~
[build]       |                                                 > >
[build] C:\Users\pperv\code\unnamed_rpg\vendor\json\include\nlohmann/detail/meta/type_traits.hpp(296,76): warning: consecutive right angle brackets are incompatible with C++98 (use '> >') [-Wc++98-compat]
[build]   296 |     : conjunction<is_default_constructible<T1>, is_default_constructible<T2>> {};
[build]       |                                                                            ^~
[build]       |                                                                            > >
[build] C:\Users\pperv\code\unnamed_rpg\vendor\json\include\nlohmann/detail/meta/type_traits.hpp(299,55): warning: consecutive right angle brackets are incompatible with C++98 (use '> >') [-Wc++98-compat]
[build]   299 | struct is_default_constructible<const std::pair<T1, T2>>
[build]       |                                                       ^~
[build]       |                                                       > >
[build] C:\Users\pperv\code\unnamed_rpg\vendor\json\include\nlohmann/detail/meta/type_traits.hpp(300,76): warning: consecutive right angle brackets are incompatible with C++98 (use '> >') [-Wc++98-compat]
[build]   300 |     : conjunction<is_default_constructible<T1>, is_default_constructible<T2>> {};
[build]       |                                                                            ^~
[build]       |                                                                            > >
[build] C:\Users\pperv\code\unnamed_rpg\vendor\json\include\nlohmann/detail/meta/type_traits.hpp(302,19): warning: variadic templates are incompatible with C++98 [-Wc++98-compat]
[build]   302 | template <typename... Ts>
[build]       |                   ^
[build] C:\Users\pperv\code\unnamed_rpg\vendor\json\include\nlohmann/detail/meta/type_traits.hpp(303,49): warning: consecutive right angle brackets are incompatible with C++98 (use '> >') [-Wc++98-compat]
[build]   303 | struct is_default_constructible<std::tuple<Ts...>>
[build]       |                                                 ^~
[build]       |                                                 > >
[build] C:\Users\pperv\code\unnamed_rpg\vendor\json\include\nlohmann/detail/meta/type_traits.hpp(306,19): warning: variadic templates are incompatible with C++98 [-Wc++98-compat]
[build]   306 | template <typename... Ts>
[build]       |                   ^
[build] C:\Users\pperv\code\unnamed_rpg\vendor\json\include\nlohmann/detail/meta/type_traits.hpp(307,55): warning: consecutive right angle brackets are incompatible with C++98 (use '> >') [-Wc++98-compat]
[build]   307 | struct is_default_constructible<const std::tuple<Ts...>>
[build]       |                                                       ^~
[build]       |                                                       > >
[build] C:\Users\pperv\code\unnamed_rpg\vendor\json\include\nlohmann/detail/meta/type_traits.hpp(310,31): warning: variadic templates are incompatible with C++98 [-Wc++98-compat]
[build]   310 | template <typename T, typename... Args>
[build]       |                               ^
[build] C:\Users\pperv\code\unnamed_rpg\vendor\json\include\nlohmann/detail/meta/type_traits.hpp(314,41): warning: consecutive right angle brackets are incompatible with C++98 (use '> >') [-Wc++98-compat]
[build]   314 | struct is_constructible<std::pair<T1, T2>> : is_default_constructible<std::pair<T1, T2>> {};
[build]       |                                         ^~
[build]       |                                         > >
[build] C:\Users\pperv\code\unnamed_rpg\vendor\json\include\nlohmann/detail/meta/type_traits.hpp(314,87): warning: consecutive right angle brackets are incompatible with C++98 (use '> >') [-Wc++98-compat]
[build]   314 | struct is_constructible<std::pair<T1, T2>> : is_default_constructible<std::pair<T1, T2>> {};
[build]       |                                                                                       ^~
[build]       |                                                                                       > >
[build] C:\Users\pperv\code\unnamed_rpg\vendor\json\include\nlohmann/detail/meta/type_traits.hpp(317,47): warning: consecutive right angle brackets are incompatible with C++98 (use '> >') [-Wc++98-compat]
[build]   317 | struct is_constructible<const std::pair<T1, T2>> : is_default_constructible<const std::pair<T1, T2>> {};
[build]       |                                               ^~
[build]       |                                               > >
[build] C:\Users\pperv\code\unnamed_rpg\vendor\json\include\nlohmann/detail/meta/type_traits.hpp(317,99): warning: consecutive right angle brackets are incompatible with C++98 (use '> >') [-Wc++98-compat]
[build]   317 | struct is_constructible<const std::pair<T1, T2>> : is_default_constructible<const std::pair<T1, T2>> {};
[build]       |                                                                                                   ^~
[build]       |                                                                                                   > >
[build] C:\Users\pperv\code\unnamed_rpg\vendor\json\include\nlohmann/detail/meta/type_traits.hpp(319,19): warning: variadic templates are incompatible with C++98 [-Wc++98-compat]
[build]   319 | template <typename... Ts>
[build]       |                   ^
[build] C:\Users\pperv\code\unnamed_rpg\vendor\json\include\nlohmann/detail/meta/type_traits.hpp(320,41): warning: consecutive right angle brackets are incompatible with C++98 (use '> >') [-Wc++98-compat]
[build]   320 | struct is_constructible<std::tuple<Ts...>> : is_default_constructible<std::tuple<Ts...>> {};
[build]       |                                         ^~
[build]       |                                         > >
[build] C:\Users\pperv\code\unnamed_rpg\vendor\json\include\nlohmann/detail/meta/type_traits.hpp(320,87): warning: consecutive right angle brackets are incompatible with C++98 (use '> >') [-Wc++98-compat]
[build]   320 | struct is_constructible<std::tuple<Ts...>> : is_default_constructible<std::tuple<Ts...>> {};
[build]       |                                                                                       ^~
[build]       |                                                                                       > >
[build] C:\Users\pperv\code\unnamed_rpg\vendor\json\include\nlohmann/detail/meta/type_traits.hpp(322,19): warning: variadic templates are incompatible with C++98 [-Wc++98-compat]
[build]   322 | template <typename... Ts>
[build]       |                   ^
[build] C:\Users\pperv\code\unnamed_rpg\vendor\json\include\nlohmann/detail/meta/type_traits.hpp(323,47): warning: consecutive right angle brackets are incompatible with C++98 (use '> >') [-Wc++98-compat]
[build]   323 | struct is_constructible<const std::tuple<Ts...>> : is_default_constructible<const std::tuple<Ts...>> {};
[build]       |                                               ^~
[build]       |                                               > >
[build] C:\Users\pperv\code\unnamed_rpg\vendor\json\include\nlohmann/detail/meta/type_traits.hpp(323,99): warning: consecutive right angle brackets are incompatible with C++98 (use '> >') [-Wc++98-compat]
[build]   323 | struct is_constructible<const std::tuple<Ts...>> : is_default_constructible<const std::tuple<Ts...>> {};
[build]       |                                                                                                   ^~
[build]       |                                                                                                   > >
[build] C:\Users\pperv\code\unnamed_rpg\vendor\json\include\nlohmann/detail/meta/type_traits.hpp(329,44): warning: consecutive right angle brackets are incompatible with C++98 (use '> >') [-Wc++98-compat]
[build]   329 | struct is_iterator_traits<iterator_traits<T>>
[build]       |                                            ^~
[build]       |                                            > >
[build] C:\Users\pperv\code\unnamed_rpg\vendor\json\include\nlohmann/detail/meta/type_traits.hpp(332,20): warning: alias declarations are incompatible with C++98 [-Wc++98-compat]
[build]   332 |     using traits = iterator_traits<T>;
[build]       |                    ^
[build] C:\Users\pperv\code\unnamed_rpg\vendor\json\include\nlohmann/detail/meta/type_traits.hpp(335,12): warning: 'constexpr' specifier is incompatible with C++98 [-Wc++98-compat]
[build]   335 |     static constexpr auto value =
[build]       |            ^
[build] C:\Users\pperv\code\unnamed_rpg\vendor\json\include\nlohmann/detail/meta/type_traits.hpp(335,22): warning: 'auto' type specifier is incompatible with C++98 [-Wc++98-compat]
[build]   335 |     static constexpr auto value =
[build]       |                      ^~~~
[build] C:\Users\pperv\code\unnamed_rpg\vendor\json\include\nlohmann/detail/meta/type_traits.hpp(347,19): warning: alias declarations are incompatible with C++98 [-Wc++98-compat]
[build]   347 |     using t_ref = typename std::add_lvalue_reference<T>::type;
[build]       |                   ^
[build] C:\Users\pperv\code\unnamed_rpg\vendor\json\include\nlohmann/detail/meta/type_traits.hpp(349,22): warning: alias declarations are incompatible with C++98 [-Wc++98-compat]
[build]   349 |     using iterator = detected_t<result_of_begin, t_ref>;
[build]       |                      ^
[build] C:\Users\pperv\code\unnamed_rpg\vendor\json\include\nlohmann/detail/meta/type_traits.hpp(350,22): warning: alias declarations are incompatible with C++98 [-Wc++98-compat]
[build]   350 |     using sentinel = detected_t<result_of_end, t_ref>;
[build]       |                      ^
[build] C:\Users\pperv\code\unnamed_rpg\vendor\json\include\nlohmann/detail/meta/type_traits.hpp(355,12): warning: 'constexpr' specifier is incompatible with C++98 [-Wc++98-compat]
[build]   355 |     static constexpr auto is_iterator_begin =
[build]       |            ^
[build] C:\Users\pperv\code\unnamed_rpg\vendor\json\include\nlohmann/detail/meta/type_traits.hpp(355,22): warning: 'auto' type specifier is incompatible with C++98 [-Wc++98-compat]
[build]   355 |     static constexpr auto is_iterator_begin =
[build]       |                      ^~~~
[build] C:\Users\pperv\code\unnamed_rpg\vendor\json\include\nlohmann/detail/meta/type_traits.hpp(356,52): warning: consecutive right angle brackets are incompatible with C++98 (use '> >') [-Wc++98-compat]
[build]   356 |         is_iterator_traits<iterator_traits<iterator>>::value;
[build]       |                                                    ^~
[build]       |                                                    > >
[build] C:\Users\pperv\code\unnamed_rpg\vendor\json\include\nlohmann/detail/meta/type_traits.hpp(359,12): warning: 'constexpr' specifier is incompatible with C++98 [-Wc++98-compat]
[build]   359 |     static constexpr bool value = !std::is_same<iterator, nonesuch>::value && !std::is_same<sentinel, nonesuch>::value && is_iterator_begin;
[build]       |            ^
[build] C:\Users\pperv\code\unnamed_rpg\vendor\json\include\nlohmann/detail/meta/type_traits.hpp(363,20): warning: alias declarations are incompatible with C++98 [-Wc++98-compat]
[build]   363 | using iterator_t = enable_if_t<is_range<R>::value, result_of_begin<decltype(std::declval<R&>())>>;
[build]       |                    ^
[build] C:\Users\pperv\code\unnamed_rpg\vendor\json\include\nlohmann/detail/meta/type_traits.hpp(363,68): warning: 'decltype' type specifier is incompatible with C++98 [-Wc++98-compat]
[build]   363 | using iterator_t = enable_if_t<is_range<R>::value, result_of_begin<decltype(std::declval<R&>())>>;
[build]       |                                                                    ^
[build] C:\Users\pperv\code\unnamed_rpg\vendor\json\include\nlohmann/detail/meta/type_traits.hpp(363,96): warning: consecutive right angle brackets are incompatible with C++98 (use '> >') [-Wc++98-compat]
[build]   363 | using iterator_t = enable_if_t<is_range<R>::value, result_of_begin<decltype(std::declval<R&>())>>;
[build]       |                                                                                                ^~
[build]       |                                                                                                > >
[build] C:\Users\pperv\code\unnamed_rpg\vendor\json\include\nlohmann/detail/meta/type_traits.hpp(366,23): warning: alias declarations are incompatible with C++98 [-Wc++98-compat]
[build]   366 | using range_value_t = value_type_t<iterator_traits<iterator_t<T>>>;
[build]       |                       ^
[build] C:\Users\pperv\code\unnamed_rpg\vendor\json\include\nlohmann/detail/meta/type_traits.hpp(366,64): warning: consecutive right angle brackets are incompatible with C++98 (use '> >') [-Wc++98-compat]
[build]   366 | using range_value_t = value_type_t<iterator_traits<iterator_t<T>>>;
[build]       |                                                                ^~
[build]       |                                                                > > 
[build] C:\Users\pperv\code\unnamed_rpg\vendor\json\include\nlohmann/detail/meta/type_traits.hpp(376,28): warning: 'decltype' type specifier is incompatible with C++98 [-Wc++98-compat]
[build]   376 | struct is_complete_type<T, decltype(void(sizeof(T)))> : std::true_type {};
[build]       |                            ^
[build] C:\Users\pperv\code\unnamed_rpg\vendor\json\include\nlohmann/detail/meta/type_traits.hpp(386,58): warning: consecutive right angle brackets are incompatible with C++98 (use '> >') [-Wc++98-compat]
[build]   386 |     is_detected<key_type_t, CompatibleObjectType>::value >>
[build]       |                                                          ^~
[build]       |                                                          > >
[build] C:\Users\pperv\code\unnamed_rpg\vendor\json\include\nlohmann/detail/meta/type_traits.hpp(388,22): warning: alias declarations are incompatible with C++98 [-Wc++98-compat]
[build]   388 |     using object_t = typename BasicJsonType::object_t;
[build]       |                      ^
[build] C:\Users\pperv\code\unnamed_rpg\vendor\json\include\nlohmann/detail/meta/type_traits.hpp(391,12): warning: 'constexpr' specifier is incompatible with C++98 [-Wc++98-compat]
[build]   391 |     static constexpr bool value =
[build]       |            ^
[build] C:\Users\pperv\code\unnamed_rpg\vendor\json\include\nlohmann/detail/meta/type_traits.hpp(410,61): warning: consecutive right angle brackets are incompatible with C++98 (use '> >') [-Wc++98-compat]
[build]   410 |     is_detected<key_type_t, ConstructibleObjectType>::value >>
[build]       |                                                             ^~
[build]       |                                                             > >
[build] C:\Users\pperv\code\unnamed_rpg\vendor\json\include\nlohmann/detail/meta/type_traits.hpp(412,22): warning: alias declarations are incompatible with C++98 [-Wc++98-compat]
[build]   412 |     using object_t = typename BasicJsonType::object_t;
[build]       |                      ^
[build] C:\Users\pperv\code\unnamed_rpg\vendor\json\include\nlohmann/detail/meta/type_traits.hpp(414,12): warning: 'constexpr' specifier is incompatible with C++98 [-Wc++98-compat]
[build]   414 |     static constexpr bool value =
[build]       |            ^
[build] C:\Users\pperv\code\unnamed_rpg\vendor\json\include\nlohmann/detail/meta/type_traits.hpp(438,12): warning: 'constexpr' specifier is incompatible with C++98 [-Wc++98-compat]
[build]   438 |     static constexpr auto value =
[build]       |            ^
[build] C:\Users\pperv\code\unnamed_rpg\vendor\json\include\nlohmann/detail/meta/type_traits.hpp(438,22): warning: 'auto' type specifier is incompatible with C++98 [-Wc++98-compat]
[build]   438 |     static constexpr auto value =
[build]       |                      ^~~~
[build] C:\Users\pperv\code\unnamed_rpg\vendor\json\include\nlohmann/detail/meta/type_traits.hpp(449,28): warning: alias declarations are incompatible with C++98 [-Wc++98-compat]
[build]   449 |     using laundered_type = ConstructibleStringType;
[build]       |                            ^
[build] C:\Users\pperv\code\unnamed_rpg\vendor\json\include\nlohmann/detail/meta/type_traits.hpp(452,12): warning: 'constexpr' specifier is incompatible with C++98 [-Wc++98-compat]
[build]   452 |     static constexpr auto value =
[build]       |            ^
[build] C:\Users\pperv\code\unnamed_rpg\vendor\json\include\nlohmann/detail/meta/type_traits.hpp(452,22): warning: 'auto' type specifier is incompatible with C++98 [-Wc++98-compat]
[build]   452 |     static constexpr auto value =
[build]       |                      ^~~~
[build] C:\Users\pperv\code\unnamed_rpg\vendor\json\include\nlohmann/detail/meta/type_traits.hpp(456,38): warning: consecutive right angle brackets are incompatible with C++98 (use '> >') [-Wc++98-compat]
[build]   456 |         value_type_t, laundered_type >>::value;
[build]       |                                      ^~
[build]       |                                      > >
[build] C:\Users\pperv\code\unnamed_rpg\vendor\json\include\nlohmann/detail/meta/type_traits.hpp(467,70): warning: consecutive right angle brackets are incompatible with C++98 (use '> >') [-Wc++98-compat]
[build]   467 | template<typename T> struct is_iteration_proxy_type<iteration_proxy<T>>       : std::true_type {};
[build]       |                                                                      ^~
[build]       |                                                                      > >
[build] C:\Users\pperv\code\unnamed_rpg\vendor\json\include\nlohmann/detail/meta/type_traits.hpp(468,76): warning: consecutive right angle brackets are incompatible with C++98 (use '> >') [-Wc++98-compat]
[build]   468 | template<typename T> struct is_iteration_proxy_type<iteration_proxy_value<T>> : std::true_type {};
[build]       |                                                                            ^~
[build]       |                                                                            > >
[build] C:\Users\pperv\code\unnamed_rpg\vendor\json\include\nlohmann/detail/meta/type_traits.hpp(512,82): warning: consecutive right angle brackets are incompatible with C++98 (use '> >') [-Wc++98-compat]
[build]   512 |     is_iterator_traits<iterator_traits<detected_t<iterator_t, CompatibleArrayType>>>::value&&
[build]       |                                                                                  ^~
[build]       |                                                                                  > > 
[build] C:\Users\pperv\code\unnamed_rpg\vendor\json\include\nlohmann/detail/meta/type_traits.hpp(515,85): warning: consecutive right angle brackets are incompatible with C++98 (use '> >') [-Wc++98-compat]
[build]   515 |     !std::is_same<CompatibleArrayType, detected_t<range_value_t, CompatibleArrayType>>::value
[build]       |                                                                                     ^~
[build]       |                                                                                     > >
[build] C:\Users\pperv\code\unnamed_rpg\vendor\json\include\nlohmann/detail/meta/type_traits.hpp(523,13): warning: consecutive right angle brackets are incompatible with C++98 (use '> >') [-Wc++98-compat]
[build]   523 |             >>
[build]       |             ^~
[build]       |             > >
[build] C:\Users\pperv\code\unnamed_rpg\vendor\json\include\nlohmann/detail/meta/type_traits.hpp(525,12): warning: 'constexpr' specifier is incompatible with C++98 [-Wc++98-compat]
[build]   525 |     static constexpr bool value =
[build]       |            ^
[build] C:\Users\pperv\code\unnamed_rpg\vendor\json\include\nlohmann/detail/meta/type_traits.hpp(527,42): warning: consecutive right angle brackets are incompatible with C++98 (use '> >') [-Wc++98-compat]
[build]   527 |         range_value_t<CompatibleArrayType>>::value;
[build]       |                                          ^~
[build]       |                                          > >
[build] C:\Users\pperv\code\unnamed_rpg\vendor\json\include\nlohmann/detail/meta/type_traits.hpp(558,48): warning: consecutive right angle brackets are incompatible with C++98 (use '> >') [-Wc++98-compat]
[build]   558 |     typename BasicJsonType::value_type>::value >>
[build]       |                                                ^~
[build]       |                                                > >
[build] C:\Users\pperv\code\unnamed_rpg\vendor\json\include\nlohmann/detail/meta/type_traits.hpp(571,81): warning: consecutive right angle brackets are incompatible with C++98 (use '> >') [-Wc++98-compat]
[build]   571 | is_iterator_traits<iterator_traits<detected_t<iterator_t, ConstructibleArrayType>>>::value&&
[build]       |                                                                                 ^~
[build]       |                                                                                 > > 
[build] C:\Users\pperv\code\unnamed_rpg\vendor\json\include\nlohmann/detail/meta/type_traits.hpp(575,87): warning: consecutive right angle brackets are incompatible with C++98 (use '> >') [-Wc++98-compat]
[build]   575 | !std::is_same<ConstructibleArrayType, detected_t<range_value_t, ConstructibleArrayType>>::value&&
[build]       |                                                                                       ^~
[build]       |                                                                                       > >
[build] C:\Users\pperv\code\unnamed_rpg\vendor\json\include\nlohmann/detail/meta/type_traits.hpp(577,50): warning: consecutive right angle brackets are incompatible with C++98 (use '> >') [-Wc++98-compat]
[build]   577 | detected_t<range_value_t, ConstructibleArrayType >>::value >>
[build]       |                                                  ^~
[build]       |                                                  > >
[build] C:\Users\pperv\code\unnamed_rpg\vendor\json\include\nlohmann/detail/meta/type_traits.hpp(577,60): warning: consecutive right angle brackets are incompatible with C++98 (use '> >') [-Wc++98-compat]
[build]   577 | detected_t<range_value_t, ConstructibleArrayType >>::value >>
[build]       |                                                            ^~
[build]       |                                                            > >
[build] C:\Users\pperv\code\unnamed_rpg\vendor\json\include\nlohmann/detail/meta/type_traits.hpp(579,24): warning: alias declarations are incompatible with C++98 [-Wc++98-compat]
[build]   579 |     using value_type = range_value_t<ConstructibleArrayType>;
[build]       |                        ^
[build] C:\Users\pperv\code\unnamed_rpg\vendor\json\include\nlohmann/detail/meta/type_traits.hpp(581,12): warning: 'constexpr' specifier is incompatible with C++98 [-Wc++98-compat]
[build]   581 |     static constexpr bool value =
[build]       |            ^
[build] C:\Users\pperv\code\unnamed_rpg\vendor\json\include\nlohmann/detail/meta/type_traits.hpp(604,61): warning: consecutive right angle brackets are incompatible with C++98 (use '> >') [-Wc++98-compat]
[build]   604 |     !std::is_same<bool, CompatibleNumberIntegerType>::value >>
[build]       |                                                             ^~
[build]       |                                                             > >
[build] C:\Users\pperv\code\unnamed_rpg\vendor\json\include\nlohmann/detail/meta/type_traits.hpp(607,24): warning: alias declarations are incompatible with C++98 [-Wc++98-compat]
[build]   607 |     using RealLimits = std::numeric_limits<RealIntegerType>;
[build]       |                        ^
[build] C:\Users\pperv\code\unnamed_rpg\vendor\json\include\nlohmann/detail/meta/type_traits.hpp(608,30): warning: alias declarations are incompatible with C++98 [-Wc++98-compat]
[build]   608 |     using CompatibleLimits = std::numeric_limits<CompatibleNumberIntegerType>;
[build]       |                              ^
[build] C:\Users\pperv\code\unnamed_rpg\vendor\json\include\nlohmann/detail/meta/type_traits.hpp(610,12): warning: 'constexpr' specifier is incompatible with C++98 [-Wc++98-compat]
[build]   610 |     static constexpr auto value =
[build]       |            ^
[build] C:\Users\pperv\code\unnamed_rpg\vendor\json\include\nlohmann/detail/meta/type_traits.hpp(610,22): warning: 'auto' type specifier is incompatible with C++98 [-Wc++98-compat]
[build]   610 |     static constexpr auto value =
[build]       |                      ^~~~
[build] C:\Users\pperv\code\unnamed_rpg\vendor\json\include\nlohmann/detail/meta/type_traits.hpp(628,57): warning: consecutive right angle brackets are incompatible with C++98 (use '> >') [-Wc++98-compat]
[build]   628 |     enable_if_t<is_complete_type<CompatibleType>::value >>
[build]       |                                                         ^~
[build]       |                                                         > >
[build] C:\Users\pperv\code\unnamed_rpg\vendor\json\include\nlohmann/detail/meta/type_traits.hpp(630,12): warning: 'constexpr' specifier is incompatible with C++98 [-Wc++98-compat]
[build]   630 |     static constexpr bool value =
[build]       |            ^
[build] C:\Users\pperv\code\unnamed_rpg\vendor\json\include\nlohmann/detail/meta/type_traits.hpp(641,12): warning: 'constexpr' specifier is incompatible with C++98 [-Wc++98-compat]
[build]   641 |     static constexpr bool value =
[build]       |            ^
[build] C:\Users\pperv\code\unnamed_rpg\vendor\json\include\nlohmann/detail/meta/type_traits.hpp(643,97): warning: consecutive right angle brackets are incompatible with C++98 (use '> >') [-Wc++98-compat]
[build]   643 |         !std::is_same<typename BasicJsonType::binary_t::container_type, std::vector<std::uint8_t>>::value;
[build]       |                                                                                                 ^~
[build]       |                                                                                                 > >
[build] C:\Users\pperv\code\unnamed_rpg\vendor\json\include\nlohmann/detail/meta/type_traits.hpp(649,22): warning: alias declarations are incompatible with C++98 [-Wc++98-compat]
[build]   649 |     using JsonType = uncvref_t<BasicJsonType>;
[build]       |                      ^
[build] C:\Users\pperv\code\unnamed_rpg\vendor\json\include\nlohmann/detail/meta/type_traits.hpp(650,20): warning: alias declarations are incompatible with C++98 [-Wc++98-compat]
[build]   650 |     using CVType = typename std::remove_reference<CompatibleReferenceType>::type;
[build]       |                    ^
[build] C:\Users\pperv\code\unnamed_rpg\vendor\json\include\nlohmann/detail/meta/type_traits.hpp(651,18): warning: alias declarations are incompatible with C++98 [-Wc++98-compat]
[build]   651 |     using Type = typename std::remove_cv<CVType>::type;
[build]       |                  ^
[build] C:\Users\pperv\code\unnamed_rpg\vendor\json\include\nlohmann/detail/meta/type_traits.hpp(652,5): warning: 'constexpr' specifier is incompatible with C++98 [-Wc++98-compat]
[build]   652 |     constexpr static bool value = std::is_reference<CompatibleReferenceType>::value &&
[build]       |     ^
[build] C:\Users\pperv\code\unnamed_rpg\vendor\json\include\nlohmann/detail/meta/type_traits.hpp(671,31): warning: variadic templates are incompatible with C++98 [-Wc++98-compat]
[build]   671 | template<typename T1, typename... Args>
[build]       |                               ^
[build] C:\Users\pperv\code\unnamed_rpg\vendor\json\include\nlohmann/detail/meta/type_traits.hpp(672,53): warning: consecutive right angle brackets are incompatible with C++98 (use '> >') [-Wc++98-compat]
[build]   672 | struct is_constructible_tuple<T1, std::tuple<Args...>> : conjunction<is_constructible<T1, Args>...> {};
[build]       |                                                     ^~
[build]       |                                                     > >
[build] C:\Users\pperv\code\unnamed_rpg\vendor\json\include\nlohmann/detail/meta/type_traits.hpp(685,28): warning: variadic templates are incompatible with C++98 [-Wc++98-compat]
[build]   685 | template<template <typename...> class Primary, typename T>
[build]       |                            ^
[build] C:\Users\pperv\code\unnamed_rpg\vendor\json\include\nlohmann/detail/meta/type_traits.hpp(688,28): warning: variadic templates are incompatible with C++98 [-Wc++98-compat]
[build]   688 | template<template <typename...> class Primary, typename... Args>
[build]       |                            ^
[build] C:\Users\pperv\code\unnamed_rpg\vendor\json\include\nlohmann/detail/meta/type_traits.hpp(688,56): warning: variadic templates are incompatible with C++98 [-Wc++98-compat]
[build]   688 | template<template <typename...> class Primary, typename... Args>
[build]       |                                                        ^
[build] C:\Users\pperv\code\unnamed_rpg\vendor\json\include\nlohmann/detail/meta/type_traits.hpp(689,53): warning: consecutive right angle brackets are incompatible with C++98 (use '> >') [-Wc++98-compat]
[build]   689 | struct is_specialization_of<Primary, Primary<Args...>> : std::true_type {};
[build]       |                                                     ^~
[build]       |                                                     > >
[build] C:\Users\pperv\code\unnamed_rpg\vendor\json\include\nlohmann/detail/meta/type_traits.hpp(692,25): warning: alias declarations are incompatible with C++98 [-Wc++98-compat]
[build]   692 | using is_json_pointer = is_specialization_of<::nlohmann::json_pointer, uncvref_t<T>>;
[build]       |                         ^
[build] C:\Users\pperv\code\unnamed_rpg\vendor\json\include\nlohmann/detail/meta/type_traits.hpp(692,45): warning: '<::' is treated as digraph '<:' (aka '[') followed by ':' in C++98 [-Wc++98-compat]
[build]   692 | using is_json_pointer = is_specialization_of<::nlohmann::json_pointer, uncvref_t<T>>;
[build]       |                                             ^
[build] C:\Users\pperv\code\unnamed_rpg\vendor\json\include\nlohmann/detail/meta/type_traits.hpp(692,83): warning: consecutive right angle brackets are incompatible with C++98 (use '> >') [-Wc++98-compat]
[build]   692 | using is_json_pointer = is_specialization_of<::nlohmann::json_pointer, uncvref_t<T>>;
[build]       |                                                                                   ^~
[build]       |                                                                                   > >
[build] C:\Users\pperv\code\unnamed_rpg\vendor\json\include\nlohmann/detail/meta/type_traits.hpp(699,56): warning: consecutive right angle brackets are incompatible with C++98 (use '> >') [-Wc++98-compat]
[build]   699 | struct is_json_pointer_of<A, ::nlohmann::json_pointer<A>> : std::true_type {};
[build]       |                                                        ^~
[build]       |                                                        > >
[build] C:\Users\pperv\code\unnamed_rpg\vendor\json\include\nlohmann/detail/meta/type_traits.hpp(712,24): warning: 'decltype' type specifier is incompatible with C++98 [-Wc++98-compat]
[build]   712 | std::is_constructible <decltype(std::declval<Compare>()(std::declval<A>(), std::declval<B>()))>::value
[build]       |                        ^
[build] C:\Users\pperv\code\unnamed_rpg\vendor\json\include\nlohmann/detail/meta/type_traits.hpp(713,27): warning: 'decltype' type specifier is incompatible with C++98 [-Wc++98-compat]
[build]   713 | && std::is_constructible <decltype(std::declval<Compare>()(std::declval<B>(), std::declval<A>()))>::value
[build]       |                           ^
[build] C:\Users\pperv\code\unnamed_rpg\vendor\json\include\nlohmann/detail/meta/type_traits.hpp(714,1): warning: consecutive right angle brackets are incompatible with C++98 (use '> >') [-Wc++98-compat]
[build]   714 | >> : std::true_type {};
[build]       | ^~
[build]       | > >
[build] C:\Users\pperv\code\unnamed_rpg\vendor\json\include\nlohmann/detail/meta/type_traits.hpp(734,31): warning: alias declarations are incompatible with C++98 [-Wc++98-compat]
[build]   734 | using detect_is_transparent = typename T::is_transparent;
[build]       |                               ^
[build] C:\Users\pperv\code\unnamed_rpg\vendor\json\include\nlohmann/detail/meta/type_traits.hpp(739,109): warning: consecutive right angle brackets are incompatible with C++98 (use '> >') [-Wc++98-compat]
[build]   739 |          bool ExcludeObjectKeyType = RequireTransparentComparator, typename KeyType = uncvref_t<KeyTypeCVRef>>
[build]       |                                                                                                             ^~
[build]       |                                                                                                             > >
[build] C:\Users\pperv\code\unnamed_rpg\vendor\json\include\nlohmann/detail/meta/type_traits.hpp(740,31): warning: alias declarations are incompatible with C++98 [-Wc++98-compat]
[build]   740 | using is_usable_as_key_type = typename std::conditional <
[build]       |                               ^
[build] C:\Users\pperv\code\unnamed_rpg\vendor\json\include\nlohmann/detail/meta/type_traits.hpp(757,109): warning: consecutive right angle brackets are incompatible with C++98 (use '> >') [-Wc++98-compat]
[build]   757 |          bool ExcludeObjectKeyType = RequireTransparentComparator, typename KeyType = uncvref_t<KeyTypeCVRef>>
[build]       |                                                                                                             ^~
[build]       |                                                                                                             > >
[build] C:\Users\pperv\code\unnamed_rpg\vendor\json\include\nlohmann/detail/meta/type_traits.hpp(758,42): warning: alias declarations are incompatible with C++98 [-Wc++98-compat]
[build]   758 | using is_usable_as_basic_json_key_type = typename std::conditional <
[build]       |                                          ^
[build] C:\Users\pperv\code\unnamed_rpg\vendor\json\include\nlohmann/detail/meta/type_traits.hpp(770,36): warning: alias declarations are incompatible with C++98 [-Wc++98-compat]
[build]   770 | using detect_erase_with_key_type = decltype(std::declval<ObjectType&>().erase(std::declval<KeyType>()));
[build]       |                                    ^
[build] C:\Users\pperv\code\unnamed_rpg\vendor\json\include\nlohmann/detail/meta/type_traits.hpp(770,36): warning: 'decltype' type specifier is incompatible with C++98 [-Wc++98-compat]
[build] C:\Users\pperv\code\unnamed_rpg\vendor\json\include\nlohmann/detail/meta/type_traits.hpp(774,33): warning: alias declarations are incompatible with C++98 [-Wc++98-compat]
[build]   774 | using has_erase_with_key_type = typename std::conditional <
[build]       |                                 ^
[build] C:\Users\pperv\code\unnamed_rpg\vendor\json\include\nlohmann/detail/meta/type_traits.hpp(786,17): warning: alias declarations are incompatible with C++98 [-Wc++98-compat]
[build]   786 |     using one = char;
[build]       |                 ^
[build] C:\Users\pperv\code\unnamed_rpg\vendor\json\include\nlohmann/detail/meta/type_traits.hpp(793,44): warning: 'decltype' type specifier is incompatible with C++98 [-Wc++98-compat]
[build]   793 |     template <typename C> static one test( decltype(&C::capacity) ) ;
[build]       |                                            ^
[build] C:\Users\pperv\code\unnamed_rpg\vendor\json\include\nlohmann/detail/meta/type_traits.hpp(796,35): warning: 'nullptr' is incompatible with C++98 [-Wc++98-compat]
[build]   796 |     enum { value = sizeof(test<T>(nullptr)) == sizeof(char) }; // NOLINT(cppcoreguidelines-pro-type-vararg,hicpp-vararg,cppcoreguidelines-use-enum-class)
[build]       |                                   ^
[build] C:\Users\pperv\code\unnamed_rpg\vendor\json\include\nlohmann/detail/meta/type_traits.hpp(800,84): warning: default template arguments for a function template are incompatible with C++98 [-Wc++98-compat]
[build]   800 | template < typename T, typename U, enable_if_t < !std::is_same<T, U>::value, int > = 0 >
[build]       |                                                                                    ^ ~
[build] C:\Users\pperv\code\unnamed_rpg\vendor\json\include\nlohmann/detail/meta/type_traits.hpp(806,78): warning: default template arguments for a function template are incompatible with C++98 [-Wc++98-compat]
[build]   806 | template<typename T, typename U, enable_if_t<std::is_same<T, U>::value, int> = 0>
[build]       |                                                                              ^ ~
[build] C:\Users\pperv\code\unnamed_rpg\vendor\json\include\nlohmann/detail/meta/type_traits.hpp(812,18): warning: variadic templates are incompatible with C++98 [-Wc++98-compat]
[build]   812 | template<typename... Types>
[build]       |                  ^
[build] C:\Users\pperv\code\unnamed_rpg\vendor\json\include\nlohmann/detail/meta/type_traits.hpp(813,22): warning: alias declarations are incompatible with C++98 [-Wc++98-compat]
[build]   813 | using all_integral = conjunction<std::is_integral<Types>...>;
[build]       |                      ^
[build] C:\Users\pperv\code\unnamed_rpg\vendor\json\include\nlohmann/detail/meta/type_traits.hpp(815,18): warning: variadic templates are incompatible with C++98 [-Wc++98-compat]
[build]   815 | template<typename... Types>
[build]       |                  ^
[build] C:\Users\pperv\code\unnamed_rpg\vendor\json\include\nlohmann/detail/meta/type_traits.hpp(816,20): warning: alias declarations are incompatible with C++98 [-Wc++98-compat]
[build]   816 | using all_signed = conjunction<std::is_signed<Types>...>;
[build]       |                    ^
[build] C:\Users\pperv\code\unnamed_rpg\vendor\json\include\nlohmann/detail/meta/type_traits.hpp(818,18): warning: variadic templates are incompatible with C++98 [-Wc++98-compat]
[build]   818 | template<typename... Types>
[build]       |                  ^
[build] C:\Users\pperv\code\unnamed_rpg\vendor\json\include\nlohmann/detail/meta/type_traits.hpp(819,22): warning: alias declarations are incompatible with C++98 [-Wc++98-compat]
[build]   819 | using all_unsigned = conjunction<std::is_unsigned<Types>...>;
[build]       |                      ^
[build] C:\Users\pperv\code\unnamed_rpg\vendor\json\include\nlohmann/detail/meta/type_traits.hpp(822,18): warning: variadic templates are incompatible with C++98 [-Wc++98-compat]
[build]   822 | template<typename... Types>
[build]       |                  ^
[build] C:\Users\pperv\code\unnamed_rpg\vendor\json\include\nlohmann/detail/meta/type_traits.hpp(823,19): warning: alias declarations are incompatible with C++98 [-Wc++98-compat]
[build]   823 | using same_sign = std::integral_constant < bool,
[build]       |                   ^
[build] C:\Users\pperv\code\unnamed_rpg\vendor\json\include\nlohmann/detail/meta/type_traits.hpp(827,28): warning: alias declarations are incompatible with C++98 [-Wc++98-compat]
[build]   827 | using never_out_of_range = std::integral_constant < bool,
[build]       |                            ^
[build] C:\Users\pperv\code\unnamed_rpg\vendor\json\include\nlohmann/detail/meta/type_traits.hpp(839,12): warning: 'constexpr' specifier is incompatible with C++98 [-Wc++98-compat]
[build]   839 |     static constexpr bool test(T val)
[build]       |            ^
[build] C:\Users\pperv\code\unnamed_rpg\vendor\json\include\nlohmann/detail/meta/type_traits.hpp(841,28): warning: alias declarations are incompatible with C++98 [-Wc++98-compat]
[build]   841 |         using CommonType = typename std::common_type<OfType, T>::type;
[build]       |                            ^
[build] C:\Users\pperv\code\unnamed_rpg\vendor\json\include\nlohmann/detail/meta/type_traits.hpp(849,12): warning: 'constexpr' specifier is incompatible with C++98 [-Wc++98-compat]
[build]   849 |     static constexpr bool test(T val)
[build]       |            ^
[build] C:\Users\pperv\code\unnamed_rpg\vendor\json\include\nlohmann/detail/meta/type_traits.hpp(851,28): warning: alias declarations are incompatible with C++98 [-Wc++98-compat]
[build]   851 |         using CommonType = typename std::common_type<OfType, T>::type;
[build]       |                            ^
[build] C:\Users\pperv\code\unnamed_rpg\vendor\json\include\nlohmann/detail/meta/type_traits.hpp(859,12): warning: 'constexpr' specifier is incompatible with C++98 [-Wc++98-compat]
[build]   859 |     static constexpr bool test(T val)
[build]       |            ^
[build] C:\Users\pperv\code\unnamed_rpg\vendor\json\include\nlohmann/detail/meta/type_traits.hpp(861,28): warning: alias declarations are incompatible with C++98 [-Wc++98-compat]
[build]   861 |         using CommonType = typename std::common_type<OfType, T>::type;
[build]       |                            ^
[build] C:\Users\pperv\code\unnamed_rpg\vendor\json\include\nlohmann/detail/meta/type_traits.hpp(869,12): warning: 'constexpr' specifier is incompatible with C++98 [-Wc++98-compat]
[build]   869 |     static constexpr bool test(T val)
[build]       |            ^
[build] C:\Users\pperv\code\unnamed_rpg\vendor\json\include\nlohmann/detail/meta/type_traits.hpp(871,28): warning: alias declarations are incompatible with C++98 [-Wc++98-compat]
[build]   871 |         using CommonType = typename std::common_type<OfType, T>::type;
[build]       |                            ^
[build] C:\Users\pperv\code\unnamed_rpg\vendor\json\include\nlohmann/detail/meta/type_traits.hpp(879,71): warning: consecutive right angle brackets are incompatible with C++98 (use '> >') [-Wc++98-compat]
[build]   879 |          typename = detail::enable_if_t<all_integral<OfType, T>::value>>
[build]       |                                                                       ^~
[build]       |                                                                       > >
[build] C:\Users\pperv\code\unnamed_rpg\vendor\json\include\nlohmann/detail/meta/type_traits.hpp(885,12): warning: 'constexpr' specifier is incompatible with C++98 [-Wc++98-compat]
[build]   885 |     static constexpr bool test(T val)
[build]       |            ^
[build] C:\Users\pperv\code\unnamed_rpg\vendor\json\include\nlohmann/detail/meta/type_traits.hpp(894,12): warning: 'constexpr' specifier is incompatible with C++98 [-Wc++98-compat]
[build]   894 |     static constexpr bool test(T /*val*/)
[build]       |            ^
[build] C:\Users\pperv\code\unnamed_rpg\vendor\json\include\nlohmann/detail/meta/type_traits.hpp(901,1): warning: 'constexpr' specifier is incompatible with C++98 [-Wc++98-compat]
[build]   901 | constexpr bool value_in_range_of(T val)
[build]       | ^
[build] C:\Users\pperv\code\unnamed_rpg\vendor\json\include\nlohmann/detail/meta/type_traits.hpp(907,23): warning: alias declarations are incompatible with C++98 [-Wc++98-compat]
[build]   907 | using bool_constant = std::integral_constant<bool, Value>;
[build]       |                       ^
[build] C:\Users\pperv\code\unnamed_rpg\vendor\json\include\nlohmann/detail/meta/type_traits.hpp(917,1): warning: 'constexpr' specifier is incompatible with C++98 [-Wc++98-compat]
[build]   917 | constexpr bool is_c_string()
[build]       | ^
[build] C:\Users\pperv\code\unnamed_rpg\vendor\json\include\nlohmann/detail/meta/type_traits.hpp(919,20): warning: alias declarations are incompatible with C++98 [-Wc++98-compat]
[build]   919 |     using TUnExt = typename std::remove_extent<T>::type;
[build]       |                    ^
[build] C:\Users\pperv\code\unnamed_rpg\vendor\json\include\nlohmann/detail/meta/type_traits.hpp(920,22): warning: alias declarations are incompatible with C++98 [-Wc++98-compat]
[build]   920 |     using TUnCVExt = typename std::remove_cv<TUnExt>::type;
[build]       |                      ^
[build] C:\Users\pperv\code\unnamed_rpg\vendor\json\include\nlohmann/detail/meta/type_traits.hpp(921,20): warning: alias declarations are incompatible with C++98 [-Wc++98-compat]
[build]   921 |     using TUnPtr = typename std::remove_pointer<T>::type;
[build]       |                    ^
[build] C:\Users\pperv\code\unnamed_rpg\vendor\json\include\nlohmann/detail/meta/type_traits.hpp(922,22): warning: alias declarations are incompatible with C++98 [-Wc++98-compat]
[build]   922 |     using TUnCVPtr = typename std::remove_cv<TUnPtr>::type;
[build]       |                      ^
[build] C:\Users\pperv\code\unnamed_rpg\vendor\json\include\nlohmann/detail/meta/type_traits.hpp(935,29): warning: alias declarations are incompatible with C++98 [-Wc++98-compat]
[build]   935 | using is_c_string_uncvref = is_c_string<uncvref_t<T>>;
[build]       |                             ^
[build] C:\Users\pperv\code\unnamed_rpg\vendor\json\include\nlohmann/detail/meta/type_traits.hpp(935,52): warning: consecutive right angle brackets are incompatible with C++98 (use '> >') [-Wc++98-compat]
[build]   935 | using is_c_string_uncvref = is_c_string<uncvref_t<T>>;
[build]       |                                                    ^~
[build]       |                                                    > >
[build] C:\Users\pperv\code\unnamed_rpg\vendor\json\include\nlohmann/detail/meta/type_traits.hpp(945,1): warning: 'constexpr' specifier is incompatible with C++98 [-Wc++98-compat]
[build]   945 | constexpr bool is_transparent()
[build]       | ^
[build] In file included from C:\Users\pperv\code\unnamed_rpg\vendor\json-schema-validator\src\json-validator.cpp:9:
[build] In file included from C:\Users\pperv\code\unnamed_rpg\vendor\json-schema-validator\src\nlohmann/json-schema.hpp:24:
[build] In file included from C:\Users\pperv\code\unnamed_rpg\vendor\json\include\nlohmann/json.hpp:44:
[build] In file included from C:\Users\pperv\code\unnamed_rpg\vendor\json\include\nlohmann/adl_serializer.hpp:14:
[build] In file included from C:\Users\pperv\code\unnamed_rpg\vendor\json\include\nlohmann/detail/conversions/from_json.hpp:24:
[build] In file included from C:\Users\pperv\code\unnamed_rpg\vendor\json\include\nlohmann/detail/exceptions.hpp:26:
[build] C:\Users\pperv\code\unnamed_rpg\vendor\json\include\nlohmann/detail/string_concat.hpp(18,1): warning: empty macro arguments are incompatible with C++98 [-Wc++98-compat-pedantic]
[build]    18 | NLOHMANN_JSON_NAMESPACE_BEGIN
[build]       | ^
[build] C:\Users\pperv\code\unnamed_rpg\vendor\json\include\nlohmann/detail/abi_macros.hpp(102,17): note: expanded from macro 'NLOHMANN_JSON_NAMESPACE_BEGIN'
[build]   102 |                 NLOHMANN_JSON_ABI_TAGS,              \
[build]       |                 ^
[build] C:\Users\pperv\code\unnamed_rpg\vendor\json\include\nlohmann/detail/abi_macros.hpp(65,5): note: expanded from macro 'NLOHMANN_JSON_ABI_TAGS'
[build]    65 |     NLOHMANN_JSON_ABI_TAGS_CONCAT(                                   \
[build]       |     ^
[build] C:\Users\pperv\code\unnamed_rpg\vendor\json\include\nlohmann/detail/abi_macros.hpp(62,39): note: expanded from macro 'NLOHMANN_JSON_ABI_TAGS_CONCAT'
[build]    62 |     NLOHMANN_JSON_ABI_TAGS_CONCAT_EX(a, b, c)
[build]       |                                       ^
[build] In file included from C:\Users\pperv\code\unnamed_rpg\vendor\json-schema-validator\src\json-validator.cpp:9:
[build] In file included from C:\Users\pperv\code\unnamed_rpg\vendor\json-schema-validator\src\nlohmann/json-schema.hpp:24:
[build] In file included from C:\Users\pperv\code\unnamed_rpg\vendor\json\include\nlohmann/json.hpp:44:
[build] In file included from C:\Users\pperv\code\unnamed_rpg\vendor\json\include\nlohmann/adl_serializer.hpp:14:
[build] In file included from C:\Users\pperv\code\unnamed_rpg\vendor\json\include\nlohmann/detail/conversions/from_json.hpp:24:
[build] In file included from C:\Users\pperv\code\unnamed_rpg\vendor\json\include\nlohmann/detail/exceptions.hpp:26:
[build] C:\Users\pperv\code\unnamed_rpg\vendor\json\include\nlohmann/detail/string_concat.hpp(18,1): warning: empty macro arguments are incompatible with C++98 [-Wc++98-compat-pedantic]
[build] C:\Users\pperv\code\unnamed_rpg\vendor\json\include\nlohmann/detail/abi_macros.hpp(102,17): note: expanded from macro 'NLOHMANN_JSON_NAMESPACE_BEGIN'
[build]   102 |                 NLOHMANN_JSON_ABI_TAGS,              \
[build]       |                 ^
[build] C:\Users\pperv\code\unnamed_rpg\vendor\json\include\nlohmann/detail/abi_macros.hpp(65,5): note: expanded from macro 'NLOHMANN_JSON_ABI_TAGS'
[build]    65 |     NLOHMANN_JSON_ABI_TAGS_CONCAT(                                   \
[build]       |     ^
[build] C:\Users\pperv\code\unnamed_rpg\vendor\json\include\nlohmann/detail/abi_macros.hpp(62,42): note: expanded from macro 'NLOHMANN_JSON_ABI_TAGS_CONCAT'
[build]    62 |     NLOHMANN_JSON_ABI_TAGS_CONCAT_EX(a, b, c)
[build]       |                                          ^
[build] In file included from C:\Users\pperv\code\unnamed_rpg\vendor\json-schema-validator\src\json-validator.cpp:9:
[build] In file included from C:\Users\pperv\code\unnamed_rpg\vendor\json-schema-validator\src\nlohmann/json-schema.hpp:24:
[build] In file included from C:\Users\pperv\code\unnamed_rpg\vendor\json\include\nlohmann/json.hpp:44:
[build] In file included from C:\Users\pperv\code\unnamed_rpg\vendor\json\include\nlohmann/adl_serializer.hpp:14:
[build] In file included from C:\Users\pperv\code\unnamed_rpg\vendor\json\include\nlohmann/detail/conversions/from_json.hpp:24:
[build] In file included from C:\Users\pperv\code\unnamed_rpg\vendor\json\include\nlohmann/detail/exceptions.hpp:26:
[build] C:\Users\pperv\code\unnamed_rpg\vendor\json\include\nlohmann/detail/string_concat.hpp(18,1): warning: empty macro arguments are incompatible with C++98 [-Wc++98-compat-pedantic]
[build] C:\Users\pperv\code\unnamed_rpg\vendor\json\include\nlohmann/detail/abi_macros.hpp(102,17): note: expanded from macro 'NLOHMANN_JSON_NAMESPACE_BEGIN'
[build]   102 |                 NLOHMANN_JSON_ABI_TAGS,              \
[build]       |                 ^
[build] C:\Users\pperv\code\unnamed_rpg\vendor\json\include\nlohmann/detail/abi_macros.hpp(65,5): note: expanded from macro 'NLOHMANN_JSON_ABI_TAGS'
[build]    65 |     NLOHMANN_JSON_ABI_TAGS_CONCAT(                                   \
[build]       |     ^
[build] C:\Users\pperv\code\unnamed_rpg\vendor\json\include\nlohmann/detail/abi_macros.hpp(62,45): note: expanded from macro 'NLOHMANN_JSON_ABI_TAGS_CONCAT'
[build]    62 |     NLOHMANN_JSON_ABI_TAGS_CONCAT_EX(a, b, c)
[build]       |                                             ^
[build] In file included from C:\Users\pperv\code\unnamed_rpg\vendor\json-schema-validator\src\json-validator.cpp:9:
[build] In file included from C:\Users\pperv\code\unnamed_rpg\vendor\json-schema-validator\src\nlohmann/json-schema.hpp:24:
[build] In file included from C:\Users\pperv\code\unnamed_rpg\vendor\json\include\nlohmann/json.hpp:44:
[build] In file included from C:\Users\pperv\code\unnamed_rpg\vendor\json\include\nlohmann/adl_serializer.hpp:14:
[build] In file included from C:\Users\pperv\code\unnamed_rpg\vendor\json\include\nlohmann/detail/conversions/from_json.hpp:24:
[build] In file included from C:\Users\pperv\code\unnamed_rpg\vendor\json\include\nlohmann/detail/exceptions.hpp:26:
[build] C:\Users\pperv\code\unnamed_rpg\vendor\json\include\nlohmann/detail/string_concat.hpp(18,1): warning: inline namespaces are incompatible with C++98 [-Wc++98-compat]
[build] C:\Users\pperv\code\unnamed_rpg\vendor\json\include\nlohmann/detail/abi_macros.hpp(101,5): note: expanded from macro 'NLOHMANN_JSON_NAMESPACE_BEGIN'
[build]   101 |     inline namespace NLOHMANN_JSON_NAMESPACE_CONCAT( \
[build]       |     ^
[build] In file included from C:\Users\pperv\code\unnamed_rpg\vendor\json-schema-validator\src\json-validator.cpp:9:
[build] In file included from C:\Users\pperv\code\unnamed_rpg\vendor\json-schema-validator\src\nlohmann/json-schema.hpp:24:
[build] In file included from C:\Users\pperv\code\unnamed_rpg\vendor\json\include\nlohmann/json.hpp:44:
[build] In file included from C:\Users\pperv\code\unnamed_rpg\vendor\json\include\nlohmann/adl_serializer.hpp:14:
[build] In file included from C:\Users\pperv\code\unnamed_rpg\vendor\json\include\nlohmann/detail/conversions/from_json.hpp:24:
[build] In file included from C:\Users\pperv\code\unnamed_rpg\vendor\json\include\nlohmann/detail/exceptions.hpp:26:
[build] C:\Users\pperv\code\unnamed_rpg\vendor\json\include\nlohmann/detail/string_concat.hpp(27,18): warning: variadic templates are incompatible with C++98 [-Wc++98-compat]
[build]    27 | template<typename... Args>
[build]       |                  ^
[build] C:\Users\pperv\code\unnamed_rpg\vendor\json\include\nlohmann/detail/string_concat.hpp(30,39): warning: variadic templates are incompatible with C++98 [-Wc++98-compat]
[build]    30 | template<typename StringType, typename... Args>
[build]       |                                       ^
[build] C:\Users\pperv\code\unnamed_rpg\vendor\json\include\nlohmann/detail/string_concat.hpp(33,18): warning: variadic templates are incompatible with C++98 [-Wc++98-compat]
[build]    33 | template<typename... Args>
[build]       |                  ^
[build] C:\Users\pperv\code\unnamed_rpg\vendor\json\include\nlohmann/detail/string_concat.hpp(39,18): warning: variadic templates are incompatible with C++98 [-Wc++98-compat]
[build]    39 | template<typename... Args>
[build]       |                  ^
[build] C:\Users\pperv\code\unnamed_rpg\vendor\json\include\nlohmann/detail/string_concat.hpp(46,39): warning: variadic templates are incompatible with C++98 [-Wc++98-compat]
[build]    46 | template<typename StringType, typename... Args>
[build]       |                                       ^
[build] C:\Users\pperv\code\unnamed_rpg\vendor\json\include\nlohmann/detail/string_concat.hpp(57,27): warning: alias declarations are incompatible with C++98 [-Wc++98-compat]
[build]    57 | using string_can_append = decltype(std::declval<StringType&>().append(std::declval < Arg && > ()));
[build]       |                           ^
[build] C:\Users\pperv\code\unnamed_rpg\vendor\json\include\nlohmann/detail/string_concat.hpp(57,27): warning: 'decltype' type specifier is incompatible with C++98 [-Wc++98-compat]
[build] C:\Users\pperv\code\unnamed_rpg\vendor\json\include\nlohmann/detail/string_concat.hpp(57,90): warning: rvalue references are incompatible with C++98 [-Wc++98-compat]
[build]    57 | using string_can_append = decltype(std::declval<StringType&>().append(std::declval < Arg && > ()));
[build]       |                                                                                          ^
[build] C:\Users\pperv\code\unnamed_rpg\vendor\json\include\nlohmann/detail/string_concat.hpp(60,34): warning: alias declarations are incompatible with C++98 [-Wc++98-compat]
[build]    60 | using detect_string_can_append = is_detected<string_can_append, StringType, Arg>;
[build]       |                                  ^
[build] C:\Users\pperv\code\unnamed_rpg\vendor\json\include\nlohmann/detail/string_concat.hpp(63,30): warning: alias declarations are incompatible with C++98 [-Wc++98-compat]
[build]    63 | using string_can_append_op = decltype(std::declval<StringType&>() += std::declval < Arg && > ());
[build]       |                              ^
[build] C:\Users\pperv\code\unnamed_rpg\vendor\json\include\nlohmann/detail/string_concat.hpp(63,30): warning: 'decltype' type specifier is incompatible with C++98 [-Wc++98-compat]
[build] C:\Users\pperv\code\unnamed_rpg\vendor\json\include\nlohmann/detail/string_concat.hpp(63,89): warning: rvalue references are incompatible with C++98 [-Wc++98-compat]
[build]    63 | using string_can_append_op = decltype(std::declval<StringType&>() += std::declval < Arg && > ());
[build]       |                                                                                         ^
[build] C:\Users\pperv\code\unnamed_rpg\vendor\json\include\nlohmann/detail/string_concat.hpp(66,37): warning: alias declarations are incompatible with C++98 [-Wc++98-compat]
[build]    66 | using detect_string_can_append_op = is_detected<string_can_append_op, StringType, Arg>;
[build]       |                                     ^
[build] C:\Users\pperv\code\unnamed_rpg\vendor\json\include\nlohmann/detail/string_concat.hpp(69,32): warning: alias declarations are incompatible with C++98 [-Wc++98-compat]
[build]    69 | using string_can_append_iter = decltype(std::declval<StringType&>().append(std::declval<const Arg&>().begin(), std::declval<const Arg&>().end()));
[build]       |                                ^
[build] C:\Users\pperv\code\unnamed_rpg\vendor\json\include\nlohmann/detail/string_concat.hpp(69,32): warning: 'decltype' type specifier is incompatible with C++98 [-Wc++98-compat]
[build] C:\Users\pperv\code\unnamed_rpg\vendor\json\include\nlohmann/detail/string_concat.hpp(72,39): warning: alias declarations are incompatible with C++98 [-Wc++98-compat]
[build]    72 | using detect_string_can_append_iter = is_detected<string_can_append_iter, StringType, Arg>;
[build]       |                                       ^
[build] C:\Users\pperv\code\unnamed_rpg\vendor\json\include\nlohmann/detail/string_concat.hpp(75,32): warning: alias declarations are incompatible with C++98 [-Wc++98-compat]
[build]    75 | using string_can_append_data = decltype(std::declval<StringType&>().append(std::declval<const Arg&>().data(), std::declval<const Arg&>().size()));
[build]       |                                ^
[build] C:\Users\pperv\code\unnamed_rpg\vendor\json\include\nlohmann/detail/string_concat.hpp(75,32): warning: 'decltype' type specifier is incompatible with C++98 [-Wc++98-compat]
[build] C:\Users\pperv\code\unnamed_rpg\vendor\json\include\nlohmann/detail/string_concat.hpp(78,39): warning: alias declarations are incompatible with C++98 [-Wc++98-compat]
[build]    78 | using detect_string_can_append_data = is_detected<string_can_append_data, StringType, Arg>;
[build]       |                                       ^
[build] C:\Users\pperv\code\unnamed_rpg\vendor\json\include\nlohmann/detail/string_concat.hpp(80,58): warning: variadic templates are incompatible with C++98 [-Wc++98-compat]
[build]    80 | template < typename OutStringType, typename Arg, typename... Args,
[build]       |                                                          ^
[build] C:\Users\pperv\code\unnamed_rpg\vendor\json\include\nlohmann/detail/string_concat.hpp(83,49): warning: rvalue references are incompatible with C++98 [-Wc++98-compat]
[build]    83 | inline void concat_into(OutStringType& out, Arg && arg, Args && ... rest);
[build]       |                                                 ^
[build] C:\Users\pperv\code\unnamed_rpg\vendor\json\include\nlohmann/detail/string_concat.hpp(83,62): warning: rvalue references are incompatible with C++98 [-Wc++98-compat]
[build]    83 | inline void concat_into(OutStringType& out, Arg && arg, Args && ... rest);
[build]       |                                                              ^
[build] C:\Users\pperv\code\unnamed_rpg\vendor\json\include\nlohmann/detail/string_concat.hpp(82,91): warning: default template arguments for a function template are incompatible with C++98 [-Wc++98-compat]
[build]    82 |                          && detect_string_can_append_op<OutStringType, Arg>::value, int > = 0 >
[build]       |                                                                                           ^ ~
[build] C:\Users\pperv\code\unnamed_rpg\vendor\json\include\nlohmann/detail/string_concat.hpp(85,58): warning: variadic templates are incompatible with C++98 [-Wc++98-compat]
[build]    85 | template < typename OutStringType, typename Arg, typename... Args,
[build]       |                                                          ^
[build] C:\Users\pperv\code\unnamed_rpg\vendor\json\include\nlohmann/detail/string_concat.hpp(89,66): warning: rvalue references are incompatible with C++98 [-Wc++98-compat]
[build]    89 | inline void concat_into(OutStringType& out, const Arg& arg, Args && ... rest);
[build]       |                                                                  ^
[build] C:\Users\pperv\code\unnamed_rpg\vendor\json\include\nlohmann/detail/string_concat.hpp(88,93): warning: default template arguments for a function template are incompatible with C++98 [-Wc++98-compat]
[build]    88 |                          && detect_string_can_append_iter<OutStringType, Arg>::value, int > = 0 >
[build]       |                                                                                             ^ ~
[build] C:\Users\pperv\code\unnamed_rpg\vendor\json\include\nlohmann/detail/string_concat.hpp(91,58): warning: variadic templates are incompatible with C++98 [-Wc++98-compat]
[build]    91 | template < typename OutStringType, typename Arg, typename... Args,
[build]       |                                                          ^
[build] C:\Users\pperv\code\unnamed_rpg\vendor\json\include\nlohmann/detail/string_concat.hpp(96,66): warning: rvalue references are incompatible with C++98 [-Wc++98-compat]
[build]    96 | inline void concat_into(OutStringType& out, const Arg& arg, Args && ... rest);
[build]       |                                                                  ^
[build] C:\Users\pperv\code\unnamed_rpg\vendor\json\include\nlohmann/detail/string_concat.hpp(95,93): warning: default template arguments for a function template are incompatible with C++98 [-Wc++98-compat]
[build]    95 |                          && detect_string_can_append_data<OutStringType, Arg>::value, int > = 0 >
[build]       |                                                                                             ^ ~
[build] C:\Users\pperv\code\unnamed_rpg\vendor\json\include\nlohmann/detail/string_concat.hpp(98,56): warning: variadic templates are incompatible with C++98 [-Wc++98-compat]
[build]    98 | template<typename OutStringType, typename Arg, typename... Args,
[build]       |                                                        ^
[build] C:\Users\pperv\code\unnamed_rpg\vendor\json\include\nlohmann/detail/string_concat.hpp(100,49): warning: rvalue references are incompatible with C++98 [-Wc++98-compat]
[build]   100 | inline void concat_into(OutStringType& out, Arg && arg, Args && ... rest)
[build]       |                                                 ^
[build] C:\Users\pperv\code\unnamed_rpg\vendor\json\include\nlohmann/detail/string_concat.hpp(100,62): warning: rvalue references are incompatible with C++98 [-Wc++98-compat]
[build]   100 | inline void concat_into(OutStringType& out, Arg && arg, Args && ... rest)
[build]       |                                                              ^
[build] C:\Users\pperv\code\unnamed_rpg\vendor\json\include\nlohmann/detail/string_concat.hpp(99,80): warning: default template arguments for a function template are incompatible with C++98 [-Wc++98-compat]
[build]    99 |          enable_if_t<detect_string_can_append<OutStringType, Arg>::value, int> = 0>
[build]       |                                                                                ^ ~
[build] C:\Users\pperv\code\unnamed_rpg\vendor\json\include\nlohmann/detail/string_concat.hpp(106,58): warning: variadic templates are incompatible with C++98 [-Wc++98-compat]
[build]   106 | template < typename OutStringType, typename Arg, typename... Args,
[build]       |                                                          ^
[build] C:\Users\pperv\code\unnamed_rpg\vendor\json\include\nlohmann/detail/string_concat.hpp(109,48): warning: rvalue references are incompatible with C++98 [-Wc++98-compat]
[build]   109 | inline void concat_into(OutStringType& out, Arg&& arg, Args&& ... rest)
[build]       |                                                ^
[build] C:\Users\pperv\code\unnamed_rpg\vendor\json\include\nlohmann/detail/string_concat.hpp(109,60): warning: rvalue references are incompatible with C++98 [-Wc++98-compat]
[build]   109 | inline void concat_into(OutStringType& out, Arg&& arg, Args&& ... rest)
[build]       |                                                            ^
[build] C:\Users\pperv\code\unnamed_rpg\vendor\json\include\nlohmann/detail/string_concat.hpp(115,58): warning: variadic templates are incompatible with C++98 [-Wc++98-compat]
[build]   115 | template < typename OutStringType, typename Arg, typename... Args,
[build]       |                                                          ^
[build] C:\Users\pperv\code\unnamed_rpg\vendor\json\include\nlohmann/detail/string_concat.hpp(119,65): warning: rvalue references are incompatible with C++98 [-Wc++98-compat]
[build]   119 | inline void concat_into(OutStringType& out, const Arg& arg, Args&& ... rest)
[build]       |                                                                 ^
[build] C:\Users\pperv\code\unnamed_rpg\vendor\json\include\nlohmann/detail/string_concat.hpp(125,58): warning: variadic templates are incompatible with C++98 [-Wc++98-compat]
[build]   125 | template < typename OutStringType, typename Arg, typename... Args,
[build]       |                                                          ^
[build] C:\Users\pperv\code\unnamed_rpg\vendor\json\include\nlohmann/detail/string_concat.hpp(130,65): warning: rvalue references are incompatible with C++98 [-Wc++98-compat]
[build]   130 | inline void concat_into(OutStringType& out, const Arg& arg, Args&& ... rest)
[build]       |                                                                 ^
[build] C:\Users\pperv\code\unnamed_rpg\vendor\json\include\nlohmann/detail/string_concat.hpp(136,56): warning: variadic templates are incompatible with C++98 [-Wc++98-compat]
[build]   136 | template<typename OutStringType = std::string, typename... Args>
[build]       |                                                        ^
[build] C:\Users\pperv\code\unnamed_rpg\vendor\json\include\nlohmann/detail/string_concat.hpp(137,34): warning: rvalue references are incompatible with C++98 [-Wc++98-compat]
[build]   137 | inline OutStringType concat(Args && ... args)
[build]       |                                  ^
[build] C:\Users\pperv\code\unnamed_rpg\vendor\json\include\nlohmann/detail/string_concat.hpp(136,19): warning: default template arguments for a function template are incompatible with C++98 [-Wc++98-compat]
[build]   136 | template<typename OutStringType = std::string, typename... Args>
[build]       |                   ^               ~~~~~~~~~~~
[build] In file included from C:\Users\pperv\code\unnamed_rpg\vendor\json-schema-validator\src\json-validator.cpp:9:
[build] In file included from C:\Users\pperv\code\unnamed_rpg\vendor\json-schema-validator\src\nlohmann/json-schema.hpp:24:
[build] In file included from C:\Users\pperv\code\unnamed_rpg\vendor\json\include\nlohmann/json.hpp:44:
[build] In file included from C:\Users\pperv\code\unnamed_rpg\vendor\json\include\nlohmann/adl_serializer.hpp:14:
[build] In file included from C:\Users\pperv\code\unnamed_rpg\vendor\json\include\nlohmann/detail/conversions/from_json.hpp:24:
[build] C:\Users\pperv\code\unnamed_rpg\vendor\json\include\nlohmann/detail/exceptions.hpp(40,1): warning: empty macro arguments are incompatible with C++98 [-Wc++98-compat-pedantic]
[build]    40 | NLOHMANN_JSON_NAMESPACE_BEGIN
[build]       | ^
[build] C:\Users\pperv\code\unnamed_rpg\vendor\json\include\nlohmann/detail/abi_macros.hpp(102,17): note: expanded from macro 'NLOHMANN_JSON_NAMESPACE_BEGIN'
[build]   102 |                 NLOHMANN_JSON_ABI_TAGS,              \
[build]       |                 ^
[build] C:\Users\pperv\code\unnamed_rpg\vendor\json\include\nlohmann/detail/abi_macros.hpp(65,5): note: expanded from macro 'NLOHMANN_JSON_ABI_TAGS'
[build]    65 |     NLOHMANN_JSON_ABI_TAGS_CONCAT(                                   \
[build]       |     ^
[build] C:\Users\pperv\code\unnamed_rpg\vendor\json\include\nlohmann/detail/abi_macros.hpp(62,39): note: expanded from macro 'NLOHMANN_JSON_ABI_TAGS_CONCAT'
[build]    62 |     NLOHMANN_JSON_ABI_TAGS_CONCAT_EX(a, b, c)
[build]       |                                       ^
[build] In file included from C:\Users\pperv\code\unnamed_rpg\vendor\json-schema-validator\src\json-validator.cpp:9:
[build] In file included from C:\Users\pperv\code\unnamed_rpg\vendor\json-schema-validator\src\nlohmann/json-schema.hpp:24:
[build] In file included from C:\Users\pperv\code\unnamed_rpg\vendor\json\include\nlohmann/json.hpp:44:
[build] In file included from C:\Users\pperv\code\unnamed_rpg\vendor\json\include\nlohmann/adl_serializer.hpp:14:
[build] In file included from C:\Users\pperv\code\unnamed_rpg\vendor\json\include\nlohmann/detail/conversions/from_json.hpp:24:
[build] C:\Users\pperv\code\unnamed_rpg\vendor\json\include\nlohmann/detail/exceptions.hpp(40,1): warning: empty macro arguments are incompatible with C++98 [-Wc++98-compat-pedantic]
[build] C:\Users\pperv\code\unnamed_rpg\vendor\json\include\nlohmann/detail/abi_macros.hpp(102,17): note: expanded from macro 'NLOHMANN_JSON_NAMESPACE_BEGIN'
[build]   102 |                 NLOHMANN_JSON_ABI_TAGS,              \
[build]       |                 ^
[build] C:\Users\pperv\code\unnamed_rpg\vendor\json\include\nlohmann/detail/abi_macros.hpp(65,5): note: expanded from macro 'NLOHMANN_JSON_ABI_TAGS'
[build]    65 |     NLOHMANN_JSON_ABI_TAGS_CONCAT(                                   \
[build]       |     ^
[build] C:\Users\pperv\code\unnamed_rpg\vendor\json\include\nlohmann/detail/abi_macros.hpp(62,42): note: expanded from macro 'NLOHMANN_JSON_ABI_TAGS_CONCAT'
[build]    62 |     NLOHMANN_JSON_ABI_TAGS_CONCAT_EX(a, b, c)
[build]       |                                          ^
[build] In file included from C:\Users\pperv\code\unnamed_rpg\vendor\json-schema-validator\src\json-validator.cpp:9:
[build] In file included from C:\Users\pperv\code\unnamed_rpg\vendor\json-schema-validator\src\nlohmann/json-schema.hpp:24:
[build] In file included from C:\Users\pperv\code\unnamed_rpg\vendor\json\include\nlohmann/json.hpp:44:
[build] In file included from C:\Users\pperv\code\unnamed_rpg\vendor\json\include\nlohmann/adl_serializer.hpp:14:
[build] In file included from C:\Users\pperv\code\unnamed_rpg\vendor\json\include\nlohmann/detail/conversions/from_json.hpp:24:
[build] C:\Users\pperv\code\unnamed_rpg\vendor\json\include\nlohmann/detail/exceptions.hpp(40,1): warning: empty macro arguments are incompatible with C++98 [-Wc++98-compat-pedantic]
[build] C:\Users\pperv\code\unnamed_rpg\vendor\json\include\nlohmann/detail/abi_macros.hpp(102,17): note: expanded from macro 'NLOHMANN_JSON_NAMESPACE_BEGIN'
[build]   102 |                 NLOHMANN_JSON_ABI_TAGS,              \
[build]       |                 ^
[build] C:\Users\pperv\code\unnamed_rpg\vendor\json\include\nlohmann/detail/abi_macros.hpp(65,5): note: expanded from macro 'NLOHMANN_JSON_ABI_TAGS'
[build]    65 |     NLOHMANN_JSON_ABI_TAGS_CONCAT(                                   \
[build]       |     ^
[build] C:\Users\pperv\code\unnamed_rpg\vendor\json\include\nlohmann/detail/abi_macros.hpp(62,45): note: expanded from macro 'NLOHMANN_JSON_ABI_TAGS_CONCAT'
[build]    62 |     NLOHMANN_JSON_ABI_TAGS_CONCAT_EX(a, b, c)
[build]       |                                             ^
[build] In file included from C:\Users\pperv\code\unnamed_rpg\vendor\json-schema-validator\src\json-validator.cpp:9:
[build] In file included from C:\Users\pperv\code\unnamed_rpg\vendor\json-schema-validator\src\nlohmann/json-schema.hpp:24:
[build] In file included from C:\Users\pperv\code\unnamed_rpg\vendor\json\include\nlohmann/json.hpp:44:
[build] In file included from C:\Users\pperv\code\unnamed_rpg\vendor\json\include\nlohmann/adl_serializer.hpp:14:
[build] In file included from C:\Users\pperv\code\unnamed_rpg\vendor\json\include\nlohmann/detail/conversions/from_json.hpp:24:
[build] C:\Users\pperv\code\unnamed_rpg\vendor\json\include\nlohmann/detail/exceptions.hpp(40,1): warning: inline namespaces are incompatible with C++98 [-Wc++98-compat]
[build] C:\Users\pperv\code\unnamed_rpg\vendor\json\include\nlohmann/detail/abi_macros.hpp(101,5): note: expanded from macro 'NLOHMANN_JSON_NAMESPACE_BEGIN'
[build]   101 |     inline namespace NLOHMANN_JSON_NAMESPACE_CONCAT( \
[build]       |     ^
[build] In file included from C:\Users\pperv\code\unnamed_rpg\vendor\json-schema-validator\src\json-validator.cpp:9:
[build] In file included from C:\Users\pperv\code\unnamed_rpg\vendor\json-schema-validator\src\nlohmann/json-schema.hpp:24:
[build] In file included from C:\Users\pperv\code\unnamed_rpg\vendor\json\include\nlohmann/json.hpp:44:
[build] In file included from C:\Users\pperv\code\unnamed_rpg\vendor\json\include\nlohmann/adl_serializer.hpp:14:
[build] In file included from C:\Users\pperv\code\unnamed_rpg\vendor\json\include\nlohmann/detail/conversions/from_json.hpp:24:
[build] C:\Users\pperv\code\unnamed_rpg\vendor\json\include\nlohmann/detail/exceptions.hpp(54,39): warning: noexcept specifications are incompatible with C++98 [-Wc++98-compat]
[build]    54 |     const char* what() const noexcept override
[build]       |                                       ^
[build] C:\Users\pperv\code\unnamed_rpg\vendor\json\include\nlohmann/detail/exceptions.hpp(54,39): warning: 'override' keyword is incompatible with C++98 [-Wc++98-compat]
[build] C:\Users\pperv\code\unnamed_rpg\vendor\json\include\nlohmann/detail/exceptions.hpp(178,106): warning: default template arguments for a function template are incompatible with C++98 [-Wc++98-compat]
[build]   178 |     template<typename BasicJsonContext, enable_if_t<is_basic_json_context<BasicJsonContext>::value, int> = 0>
[build]       |                                                                                                          ^ ~
[build] C:\Users\pperv\code\unnamed_rpg\vendor\json\include\nlohmann/detail/exceptions.hpp(186,106): warning: default template arguments for a function template are incompatible with C++98 [-Wc++98-compat]
[build]   186 |     template<typename BasicJsonContext, enable_if_t<is_basic_json_context<BasicJsonContext>::value, int> = 0>
[build]       |                                                                                                          ^ ~
[build] C:\Users\pperv\code\unnamed_rpg\vendor\json\include\nlohmann/detail/exceptions.hpp(143,24): warning: padding class 'nlohmann::detail::exception' with 4 bytes to align 'm' [-Wpadded]
[build]   143 |     std::runtime_error m;
[build]       |                        ^
[build] C:\Users\pperv\code\unnamed_rpg\vendor\json\include\nlohmann/detail/exceptions.hpp(222,106): warning: default template arguments for a function template are incompatible with C++98 [-Wc++98-compat]
[build]   222 |     template<typename BasicJsonContext, enable_if_t<is_basic_json_context<BasicJsonContext>::value, int> = 0>
[build]       |                                                                                                          ^ ~
[build] C:\Users\pperv\code\unnamed_rpg\vendor\json\include\nlohmann/detail/exceptions.hpp(240,106): warning: default template arguments for a function template are incompatible with C++98 [-Wc++98-compat]
[build]   240 |     template<typename BasicJsonContext, enable_if_t<is_basic_json_context<BasicJsonContext>::value, int> = 0>
[build]       |                                                                                                          ^ ~
[build] C:\Users\pperv\code\unnamed_rpg\vendor\json\include\nlohmann/detail/exceptions.hpp(257,106): warning: default template arguments for a function template are incompatible with C++98 [-Wc++98-compat]
[build]   257 |     template<typename BasicJsonContext, enable_if_t<is_basic_json_context<BasicJsonContext>::value, int> = 0>
[build]       |                                                                                                          ^ ~
[build] C:\Users\pperv\code\unnamed_rpg\vendor\json\include\nlohmann/detail/exceptions.hpp(274,106): warning: default template arguments for a function template are incompatible with C++98 [-Wc++98-compat]
[build]   274 |     template<typename BasicJsonContext, enable_if_t<is_basic_json_context<BasicJsonContext>::value, int> = 0>
[build]       |                                                                                                          ^ ~
[build] In file included from C:\Users\pperv\code\unnamed_rpg\vendor\json-schema-validator\src\json-validator.cpp:9:
[build] In file included from C:\Users\pperv\code\unnamed_rpg\vendor\json-schema-validator\src\nlohmann/json-schema.hpp:24:
[build] In file included from C:\Users\pperv\code\unnamed_rpg\vendor\json\include\nlohmann/json.hpp:44:
[build] In file included from C:\Users\pperv\code\unnamed_rpg\vendor\json\include\nlohmann/adl_serializer.hpp:14:
[build] In file included from C:\Users\pperv\code\unnamed_rpg\vendor\json\include\nlohmann/detail/conversions/from_json.hpp:27:
[build] C:\Users\pperv\code\unnamed_rpg\vendor\json\include\nlohmann/detail/meta/identity_tag.hpp(13,1): warning: empty macro arguments are incompatible with C++98 [-Wc++98-compat-pedantic]
[build]    13 | NLOHMANN_JSON_NAMESPACE_BEGIN
[build]       | ^
[build] C:\Users\pperv\code\unnamed_rpg\vendor\json\include\nlohmann/detail/abi_macros.hpp(102,17): note: expanded from macro 'NLOHMANN_JSON_NAMESPACE_BEGIN'
[build]   102 |                 NLOHMANN_JSON_ABI_TAGS,              \
[build]       |                 ^
[build] C:\Users\pperv\code\unnamed_rpg\vendor\json\include\nlohmann/detail/abi_macros.hpp(65,5): note: expanded from macro 'NLOHMANN_JSON_ABI_TAGS'
[build]    65 |     NLOHMANN_JSON_ABI_TAGS_CONCAT(                                   \
[build]       |     ^
[build] C:\Users\pperv\code\unnamed_rpg\vendor\json\include\nlohmann/detail/abi_macros.hpp(62,39): note: expanded from macro 'NLOHMANN_JSON_ABI_TAGS_CONCAT'
[build]    62 |     NLOHMANN_JSON_ABI_TAGS_CONCAT_EX(a, b, c)
[build]       |                                       ^
[build] In file included from C:\Users\pperv\code\unnamed_rpg\vendor\json-schema-validator\src\json-validator.cpp:9:
[build] In file included from C:\Users\pperv\code\unnamed_rpg\vendor\json-schema-validator\src\nlohmann/json-schema.hpp:24:
[build] In file included from C:\Users\pperv\code\unnamed_rpg\vendor\json\include\nlohmann/json.hpp:44:
[build] In file included from C:\Users\pperv\code\unnamed_rpg\vendor\json\include\nlohmann/adl_serializer.hpp:14:
[build] In file included from C:\Users\pperv\code\unnamed_rpg\vendor\json\include\nlohmann/detail/conversions/from_json.hpp:27:
[build] C:\Users\pperv\code\unnamed_rpg\vendor\json\include\nlohmann/detail/meta/identity_tag.hpp(13,1): warning: empty macro arguments are incompatible with C++98 [-Wc++98-compat-pedantic]
[build] C:\Users\pperv\code\unnamed_rpg\vendor\json\include\nlohmann/detail/abi_macros.hpp(102,17): note: expanded from macro 'NLOHMANN_JSON_NAMESPACE_BEGIN'
[build]   102 |                 NLOHMANN_JSON_ABI_TAGS,              \
[build]       |                 ^
[build] C:\Users\pperv\code\unnamed_rpg\vendor\json\include\nlohmann/detail/abi_macros.hpp(65,5): note: expanded from macro 'NLOHMANN_JSON_ABI_TAGS'
[build]    65 |     NLOHMANN_JSON_ABI_TAGS_CONCAT(                                   \
[build]       |     ^
[build] C:\Users\pperv\code\unnamed_rpg\vendor\json\include\nlohmann/detail/abi_macros.hpp(62,42): note: expanded from macro 'NLOHMANN_JSON_ABI_TAGS_CONCAT'
[build]    62 |     NLOHMANN_JSON_ABI_TAGS_CONCAT_EX(a, b, c)
[build]       |                                          ^
[build] In file included from C:\Users\pperv\code\unnamed_rpg\vendor\json-schema-validator\src\json-validator.cpp:9:
[build] In file included from C:\Users\pperv\code\unnamed_rpg\vendor\json-schema-validator\src\nlohmann/json-schema.hpp:24:
[build] In file included from C:\Users\pperv\code\unnamed_rpg\vendor\json\include\nlohmann/json.hpp:44:
[build] In file included from C:\Users\pperv\code\unnamed_rpg\vendor\json\include\nlohmann/adl_serializer.hpp:14:
[build] In file included from C:\Users\pperv\code\unnamed_rpg\vendor\json\include\nlohmann/detail/conversions/from_json.hpp:27:
[build] C:\Users\pperv\code\unnamed_rpg\vendor\json\include\nlohmann/detail/meta/identity_tag.hpp(13,1): warning: empty macro arguments are incompatible with C++98 [-Wc++98-compat-pedantic]
[build] C:\Users\pperv\code\unnamed_rpg\vendor\json\include\nlohmann/detail/abi_macros.hpp(102,17): note: expanded from macro 'NLOHMANN_JSON_NAMESPACE_BEGIN'
[build]   102 |                 NLOHMANN_JSON_ABI_TAGS,              \
[build]       |                 ^
[build] C:\Users\pperv\code\unnamed_rpg\vendor\json\include\nlohmann/detail/abi_macros.hpp(65,5): note: expanded from macro 'NLOHMANN_JSON_ABI_TAGS'
[build]    65 |     NLOHMANN_JSON_ABI_TAGS_CONCAT(                                   \
[build]       |     ^
[build] C:\Users\pperv\code\unnamed_rpg\vendor\json\include\nlohmann/detail/abi_macros.hpp(62,45): note: expanded from macro 'NLOHMANN_JSON_ABI_TAGS_CONCAT'
[build]    62 |     NLOHMANN_JSON_ABI_TAGS_CONCAT_EX(a, b, c)
[build]       |                                             ^
[build] In file included from C:\Users\pperv\code\unnamed_rpg\vendor\json-schema-validator\src\json-validator.cpp:9:
[build] In file included from C:\Users\pperv\code\unnamed_rpg\vendor\json-schema-validator\src\nlohmann/json-schema.hpp:24:
[build] In file included from C:\Users\pperv\code\unnamed_rpg\vendor\json\include\nlohmann/json.hpp:44:
[build] In file included from C:\Users\pperv\code\unnamed_rpg\vendor\json\include\nlohmann/adl_serializer.hpp:14:
[build] In file included from C:\Users\pperv\code\unnamed_rpg\vendor\json\include\nlohmann/detail/conversions/from_json.hpp:27:
[build] C:\Users\pperv\code\unnamed_rpg\vendor\json\include\nlohmann/detail/meta/identity_tag.hpp(13,1): warning: inline namespaces are incompatible with C++98 [-Wc++98-compat]
[build] C:\Users\pperv\code\unnamed_rpg\vendor\json\include\nlohmann/detail/abi_macros.hpp(101,5): note: expanded from macro 'NLOHMANN_JSON_NAMESPACE_BEGIN'
[build]   101 |     inline namespace NLOHMANN_JSON_NAMESPACE_CONCAT( \
[build]       |     ^
[build] In file included from C:\Users\pperv\code\unnamed_rpg\vendor\json-schema-validator\src\json-validator.cpp:9:
[build] In file included from C:\Users\pperv\code\unnamed_rpg\vendor\json-schema-validator\src\nlohmann/json-schema.hpp:24:
[build] In file included from C:\Users\pperv\code\unnamed_rpg\vendor\json\include\nlohmann/json.hpp:44:
[build] In file included from C:\Users\pperv\code\unnamed_rpg\vendor\json\include\nlohmann/adl_serializer.hpp:14:
[build] In file included from C:\Users\pperv\code\unnamed_rpg\vendor\json\include\nlohmann/detail/conversions/from_json.hpp:30:
[build] C:\Users\pperv\code\unnamed_rpg\vendor\json\include\nlohmann/detail/meta/logic.hpp(5,1): warning: empty macro arguments are incompatible with C++98 [-Wc++98-compat-pedantic]
[build]     5 | NLOHMANN_JSON_NAMESPACE_BEGIN
[build]       | ^
[build] C:\Users\pperv\code\unnamed_rpg\vendor\json\include\nlohmann/detail/abi_macros.hpp(102,17): note: expanded from macro 'NLOHMANN_JSON_NAMESPACE_BEGIN'
[build]   102 |                 NLOHMANN_JSON_ABI_TAGS,              \
[build]       |                 ^
[build] C:\Users\pperv\code\unnamed_rpg\vendor\json\include\nlohmann/detail/abi_macros.hpp(65,5): note: expanded from macro 'NLOHMANN_JSON_ABI_TAGS'
[build]    65 |     NLOHMANN_JSON_ABI_TAGS_CONCAT(                                   \
[build]       |     ^
[build] C:\Users\pperv\code\unnamed_rpg\vendor\json\include\nlohmann/detail/abi_macros.hpp(62,39): note: expanded from macro 'NLOHMANN_JSON_ABI_TAGS_CONCAT'
[build]    62 |     NLOHMANN_JSON_ABI_TAGS_CONCAT_EX(a, b, c)
[build]       |                                       ^
[build] In file included from C:\Users\pperv\code\unnamed_rpg\vendor\json-schema-validator\src\json-validator.cpp:9:
[build] In file included from C:\Users\pperv\code\unnamed_rpg\vendor\json-schema-validator\src\nlohmann/json-schema.hpp:24:
[build] In file included from C:\Users\pperv\code\unnamed_rpg\vendor\json\include\nlohmann/json.hpp:44:
[build] In file included from C:\Users\pperv\code\unnamed_rpg\vendor\json\include\nlohmann/adl_serializer.hpp:14:
[build] In file included from C:\Users\pperv\code\unnamed_rpg\vendor\json\include\nlohmann/detail/conversions/from_json.hpp:30:
[build] C:\Users\pperv\code\unnamed_rpg\vendor\json\include\nlohmann/detail/meta/logic.hpp(5,1): warning: empty macro arguments are incompatible with C++98 [-Wc++98-compat-pedantic]
[build] C:\Users\pperv\code\unnamed_rpg\vendor\json\include\nlohmann/detail/abi_macros.hpp(102,17): note: expanded from macro 'NLOHMANN_JSON_NAMESPACE_BEGIN'
[build]   102 |                 NLOHMANN_JSON_ABI_TAGS,              \
[build]       |                 ^
[build] C:\Users\pperv\code\unnamed_rpg\vendor\json\include\nlohmann/detail/abi_macros.hpp(65,5): note: expanded from macro 'NLOHMANN_JSON_ABI_TAGS'
[build]    65 |     NLOHMANN_JSON_ABI_TAGS_CONCAT(                                   \
[build]       |     ^
[build] C:\Users\pperv\code\unnamed_rpg\vendor\json\include\nlohmann/detail/abi_macros.hpp(62,42): note: expanded from macro 'NLOHMANN_JSON_ABI_TAGS_CONCAT'
[build]    62 |     NLOHMANN_JSON_ABI_TAGS_CONCAT_EX(a, b, c)
[build]       |                                          ^
[build] In file included from C:\Users\pperv\code\unnamed_rpg\vendor\json-schema-validator\src\json-validator.cpp:9:
[build] In file included from C:\Users\pperv\code\unnamed_rpg\vendor\json-schema-validator\src\nlohmann/json-schema.hpp:24:
[build] In file included from C:\Users\pperv\code\unnamed_rpg\vendor\json\include\nlohmann/json.hpp:44:
[build] In file included from C:\Users\pperv\code\unnamed_rpg\vendor\json\include\nlohmann/adl_serializer.hpp:14:
[build] In file included from C:\Users\pperv\code\unnamed_rpg\vendor\json\include\nlohmann/detail/conversions/from_json.hpp:30:
[build] C:\Users\pperv\code\unnamed_rpg\vendor\json\include\nlohmann/detail/meta/logic.hpp(5,1): warning: empty macro arguments are incompatible with C++98 [-Wc++98-compat-pedantic]
[build] C:\Users\pperv\code\unnamed_rpg\vendor\json\include\nlohmann/detail/abi_macros.hpp(102,17): note: expanded from macro 'NLOHMANN_JSON_NAMESPACE_BEGIN'
[build]   102 |                 NLOHMANN_JSON_ABI_TAGS,              \
[build]       |                 ^
[build] C:\Users\pperv\code\unnamed_rpg\vendor\json\include\nlohmann/detail/abi_macros.hpp(65,5): note: expanded from macro 'NLOHMANN_JSON_ABI_TAGS'
[build]    65 |     NLOHMANN_JSON_ABI_TAGS_CONCAT(                                   \
[build]       |     ^
[build] C:\Users\pperv\code\unnamed_rpg\vendor\json\include\nlohmann/detail/abi_macros.hpp(62,45): note: expanded from macro 'NLOHMANN_JSON_ABI_TAGS_CONCAT'
[build]    62 |     NLOHMANN_JSON_ABI_TAGS_CONCAT_EX(a, b, c)
[build]       |                                             ^
[build] In file included from C:\Users\pperv\code\unnamed_rpg\vendor\json-schema-validator\src\json-validator.cpp:9:
[build] In file included from C:\Users\pperv\code\unnamed_rpg\vendor\json-schema-validator\src\nlohmann/json-schema.hpp:24:
[build] In file included from C:\Users\pperv\code\unnamed_rpg\vendor\json\include\nlohmann/json.hpp:44:
[build] In file included from C:\Users\pperv\code\unnamed_rpg\vendor\json\include\nlohmann/adl_serializer.hpp:14:
[build] In file included from C:\Users\pperv\code\unnamed_rpg\vendor\json\include\nlohmann/detail/conversions/from_json.hpp:30:
[build] C:\Users\pperv\code\unnamed_rpg\vendor\json\include\nlohmann/detail/meta/logic.hpp(5,1): warning: inline namespaces are incompatible with C++98 [-Wc++98-compat]
[build] C:\Users\pperv\code\unnamed_rpg\vendor\json\include\nlohmann/detail/abi_macros.hpp(101,5): note: expanded from macro 'NLOHMANN_JSON_NAMESPACE_BEGIN'
[build]   101 |     inline namespace NLOHMANN_JSON_NAMESPACE_CONCAT( \
[build]       |     ^
[build] In file included from C:\Users\pperv\code\unnamed_rpg\vendor\json-schema-validator\src\json-validator.cpp:9:
[build] In file included from C:\Users\pperv\code\unnamed_rpg\vendor\json-schema-validator\src\nlohmann/json-schema.hpp:24:
[build] In file included from C:\Users\pperv\code\unnamed_rpg\vendor\json\include\nlohmann/json.hpp:44:
[build] In file included from C:\Users\pperv\code\unnamed_rpg\vendor\json\include\nlohmann/adl_serializer.hpp:14:
[build] In file included from C:\Users\pperv\code\unnamed_rpg\vendor\json\include\nlohmann/detail/conversions/from_json.hpp:30:
[build] C:\Users\pperv\code\unnamed_rpg\vendor\json\include\nlohmann/detail/meta/logic.hpp(18,14): warning: variadic templates are incompatible with C++98 [-Wc++98-compat]
[build]    18 | template<bool... Booleans>
[build]       |              ^
[build] C:\Users\pperv\code\unnamed_rpg\vendor\json\include\nlohmann/detail/meta/logic.hpp(21,14): warning: variadic templates are incompatible with C++98 [-Wc++98-compat]
[build]    21 | template<bool... Booleans>
[build]       |              ^
[build] C:\Users\pperv\code\unnamed_rpg\vendor\json\include\nlohmann/detail/meta/logic.hpp(24,14): warning: variadic templates are incompatible with C++98 [-Wc++98-compat]
[build]    24 | template<bool... Booleans>
[build]       |              ^
[build] C:\Users\pperv\code\unnamed_rpg\vendor\json\include\nlohmann/detail/meta/logic.hpp(27,14): warning: variadic templates are incompatible with C++98 [-Wc++98-compat]
[build]    27 | template<bool... Booleans>
[build]       |              ^
[build] C:\Users\pperv\code\unnamed_rpg\vendor\json\include\nlohmann/detail/meta/logic.hpp(30,14): warning: variadic templates are incompatible with C++98 [-Wc++98-compat]
[build]    30 | template<bool... Booleans>
[build]       |              ^
[build] C:\Users\pperv\code\unnamed_rpg\vendor\json\include\nlohmann/detail/meta/logic.hpp(33,14): warning: variadic templates are incompatible with C++98 [-Wc++98-compat]
[build]    33 | template<bool... Booleans>
[build]       |              ^
[build] C:\Users\pperv\code\unnamed_rpg\vendor\json\include\nlohmann/detail/meta/logic.hpp(41,15): warning: variadic templates are incompatible with C++98 [-Wc++98-compat]
[build]    41 | template<class... Booleans>
[build]       |               ^
[build] C:\Users\pperv\code\unnamed_rpg\vendor\json\include\nlohmann/detail/meta/logic.hpp(44,14): warning: variadic templates are incompatible with C++98 [-Wc++98-compat]
[build]    44 | template<bool... Booleans>
[build]       |              ^
[build] C:\Users\pperv\code\unnamed_rpg\vendor\json\include\nlohmann/detail/meta/logic.hpp(47,15): warning: variadic templates are incompatible with C++98 [-Wc++98-compat]
[build]    47 | template<class... Booleans>
[build]       |               ^
[build] C:\Users\pperv\code\unnamed_rpg\vendor\json\include\nlohmann/detail/meta/logic.hpp(50,14): warning: variadic templates are incompatible with C++98 [-Wc++98-compat]
[build]    50 | template<bool... Booleans>
[build]       |              ^
[build] In file included from C:\Users\pperv\code\unnamed_rpg\vendor\json-schema-validator\src\json-validator.cpp:9:
[build] In file included from C:\Users\pperv\code\unnamed_rpg\vendor\json-schema-validator\src\nlohmann/json-schema.hpp:24:
[build] In file included from C:\Users\pperv\code\unnamed_rpg\vendor\json\include\nlohmann/json.hpp:44:
[build] In file included from C:\Users\pperv\code\unnamed_rpg\vendor\json\include\nlohmann/adl_serializer.hpp:14:
[build] C:\Users\pperv\code\unnamed_rpg\vendor\json\include\nlohmann/detail/conversions/from_json.hpp(43,1): warning: empty macro arguments are incompatible with C++98 [-Wc++98-compat-pedantic]
[build]    43 | NLOHMANN_JSON_NAMESPACE_BEGIN
[build]       | ^
[build] C:\Users\pperv\code\unnamed_rpg\vendor\json\include\nlohmann/detail/abi_macros.hpp(102,17): note: expanded from macro 'NLOHMANN_JSON_NAMESPACE_BEGIN'
[build]   102 |                 NLOHMANN_JSON_ABI_TAGS,              \
[build]       |                 ^
[build] C:\Users\pperv\code\unnamed_rpg\vendor\json\include\nlohmann/detail/abi_macros.hpp(65,5): note: expanded from macro 'NLOHMANN_JSON_ABI_TAGS'
[build]    65 |     NLOHMANN_JSON_ABI_TAGS_CONCAT(                                   \
[build]       |     ^
[build] C:\Users\pperv\code\unnamed_rpg\vendor\json\include\nlohmann/detail/abi_macros.hpp(62,39): note: expanded from macro 'NLOHMANN_JSON_ABI_TAGS_CONCAT'
[build]    62 |     NLOHMANN_JSON_ABI_TAGS_CONCAT_EX(a, b, c)
[build]       |                                       ^
[build] In file included from C:\Users\pperv\code\unnamed_rpg\vendor\json-schema-validator\src\json-validator.cpp:9:
[build] In file included from C:\Users\pperv\code\unnamed_rpg\vendor\json-schema-validator\src\nlohmann/json-schema.hpp:24:
[build] In file included from C:\Users\pperv\code\unnamed_rpg\vendor\json\include\nlohmann/json.hpp:44:
[build] In file included from C:\Users\pperv\code\unnamed_rpg\vendor\json\include\nlohmann/adl_serializer.hpp:14:
[build] C:\Users\pperv\code\unnamed_rpg\vendor\json\include\nlohmann/detail/conversions/from_json.hpp(43,1): warning: empty macro arguments are incompatible with C++98 [-Wc++98-compat-pedantic]
[build] C:\Users\pperv\code\unnamed_rpg\vendor\json\include\nlohmann/detail/abi_macros.hpp(102,17): note: expanded from macro 'NLOHMANN_JSON_NAMESPACE_BEGIN'
[build]   102 |                 NLOHMANN_JSON_ABI_TAGS,              \
[build]       |                 ^
[build] C:\Users\pperv\code\unnamed_rpg\vendor\json\include\nlohmann/detail/abi_macros.hpp(65,5): note: expanded from macro 'NLOHMANN_JSON_ABI_TAGS'
[build]    65 |     NLOHMANN_JSON_ABI_TAGS_CONCAT(                                   \
[build]       |     ^
[build] C:\Users\pperv\code\unnamed_rpg\vendor\json\include\nlohmann/detail/abi_macros.hpp(62,42): note: expanded from macro 'NLOHMANN_JSON_ABI_TAGS_CONCAT'
[build]    62 |     NLOHMANN_JSON_ABI_TAGS_CONCAT_EX(a, b, c)
[build]       |                                          ^
[build] In file included from C:\Users\pperv\code\unnamed_rpg\vendor\json-schema-validator\src\json-validator.cpp:9:
[build] In file included from C:\Users\pperv\code\unnamed_rpg\vendor\json-schema-validator\src\nlohmann/json-schema.hpp:24:
[build] In file included from C:\Users\pperv\code\unnamed_rpg\vendor\json\include\nlohmann/json.hpp:44:
[build] In file included from C:\Users\pperv\code\unnamed_rpg\vendor\json\include\nlohmann/adl_serializer.hpp:14:
[build] C:\Users\pperv\code\unnamed_rpg\vendor\json\include\nlohmann/detail/conversions/from_json.hpp(43,1): warning: empty macro arguments are incompatible with C++98 [-Wc++98-compat-pedantic]
[build] C:\Users\pperv\code\unnamed_rpg\vendor\json\include\nlohmann/detail/abi_macros.hpp(102,17): note: expanded from macro 'NLOHMANN_JSON_NAMESPACE_BEGIN'
[build]   102 |                 NLOHMANN_JSON_ABI_TAGS,              \
[build]       |                 ^
[build] C:\Users\pperv\code\unnamed_rpg\vendor\json\include\nlohmann/detail/abi_macros.hpp(65,5): note: expanded from macro 'NLOHMANN_JSON_ABI_TAGS'
[build]    65 |     NLOHMANN_JSON_ABI_TAGS_CONCAT(                                   \
[build]       |     ^
[build] C:\Users\pperv\code\unnamed_rpg\vendor\json\include\nlohmann/detail/abi_macros.hpp(62,45): note: expanded from macro 'NLOHMANN_JSON_ABI_TAGS_CONCAT'
[build]    62 |     NLOHMANN_JSON_ABI_TAGS_CONCAT_EX(a, b, c)
[build]       |                                             ^
[build] In file included from C:\Users\pperv\code\unnamed_rpg\vendor\json-schema-validator\src\json-validator.cpp:9:
[build] In file included from C:\Users\pperv\code\unnamed_rpg\vendor\json-schema-validator\src\nlohmann/json-schema.hpp:24:
[build] In file included from C:\Users\pperv\code\unnamed_rpg\vendor\json\include\nlohmann/json.hpp:44:
[build] In file included from C:\Users\pperv\code\unnamed_rpg\vendor\json\include\nlohmann/adl_serializer.hpp:14:
[build] C:\Users\pperv\code\unnamed_rpg\vendor\json\include\nlohmann/detail/conversions/from_json.hpp(43,1): warning: inline namespaces are incompatible with C++98 [-Wc++98-compat]
[build] C:\Users\pperv\code\unnamed_rpg\vendor\json\include\nlohmann/detail/abi_macros.hpp(101,5): note: expanded from macro 'NLOHMANN_JSON_NAMESPACE_BEGIN'
[build]   101 |     inline namespace NLOHMANN_JSON_NAMESPACE_CONCAT( \
[build]       |     ^
[build] In file included from C:\Users\pperv\code\unnamed_rpg\vendor\json-schema-validator\src\json-validator.cpp:9:
[build] In file included from C:\Users\pperv\code\unnamed_rpg\vendor\json-schema-validator\src\nlohmann/json-schema.hpp:24:
[build] In file included from C:\Users\pperv\code\unnamed_rpg\vendor\json\include\nlohmann/json.hpp:44:
[build] In file included from C:\Users\pperv\code\unnamed_rpg\vendor\json\include\nlohmann/adl_serializer.hpp:14:
[build] C:\Users\pperv\code\unnamed_rpg\vendor\json\include\nlohmann/detail/conversions/from_json.hpp(77,32): warning: default template arguments for a function template are incompatible with C++98 [-Wc++98-compat]
[build]    77 |                          int > = 0 >
[build]       |                                ^ ~
[build] C:\Users\pperv\code\unnamed_rpg\vendor\json\include\nlohmann/detail/conversions/from_json.hpp(136,51): warning: default template arguments for a function template are incompatible with C++98 [-Wc++98-compat]
[build]   136 |         && !is_json_ref<StringType>::value, int > = 0 >
[build]       |                                                   ^ ~
[build] C:\Users\pperv\code\unnamed_rpg\vendor\json\include\nlohmann/detail/conversions/from_json.hpp(167,58): warning: default template arguments for a function template are incompatible with C++98 [-Wc++98-compat]
[build]   167 |          enable_if_t<std::is_enum<EnumType>::value, int> = 0>
[build]       |                                                          ^ ~
[build] C:\Users\pperv\code\unnamed_rpg\vendor\json\include\nlohmann/detail/conversions/from_json.hpp(178,64): warning: default template arguments for a function template are incompatible with C++98 [-Wc++98-compat]
[build]   178 |          enable_if_t<is_getable<BasicJsonType, T>::value, int> = 0>
[build]       |                                                                ^ ~
[build] C:\Users\pperv\code\unnamed_rpg\vendor\json\include\nlohmann/detail/conversions/from_json.hpp(195,64): warning: default template arguments for a function template are incompatible with C++98 [-Wc++98-compat]
[build]   195 |          enable_if_t<is_getable<BasicJsonType, T>::value, int> = 0>
[build]       |                                                                ^ ~
[build] C:\Users\pperv\code\unnamed_rpg\vendor\json\include\nlohmann/detail/conversions/from_json.hpp(212,1): warning: trailing return types are incompatible with C++98 [-Wc++98-compat]
[build]   212 | -> decltype(j.template get<T>(), void())
[build]       | ^
[build] C:\Users\pperv\code\unnamed_rpg\vendor\json\include\nlohmann/detail/conversions/from_json.hpp(212,4): warning: 'decltype' type specifier is incompatible with C++98 [-Wc++98-compat]
[build]   212 | -> decltype(j.template get<T>(), void())
[build]       |    ^
[build] C:\Users\pperv\code\unnamed_rpg\vendor\json\include\nlohmann/detail/conversions/from_json.hpp(222,1): warning: trailing return types are incompatible with C++98 [-Wc++98-compat]
[build]   222 | -> decltype(j.template get<T>(), void())
[build]       | ^
[build] C:\Users\pperv\code\unnamed_rpg\vendor\json\include\nlohmann/detail/conversions/from_json.hpp(222,4): warning: 'decltype' type specifier is incompatible with C++98 [-Wc++98-compat]
[build]   222 | -> decltype(j.template get<T>(), void())
[build]       |    ^
[build] C:\Users\pperv\code\unnamed_rpg\vendor\json\include\nlohmann/detail/conversions/from_json.hpp(235,1): warning: trailing return types are incompatible with C++98 [-Wc++98-compat]
[build]   235 | -> decltype(j.template get<T>(), void())
[build]       | ^
[build] C:\Users\pperv\code\unnamed_rpg\vendor\json\include\nlohmann/detail/conversions/from_json.hpp(235,4): warning: 'decltype' type specifier is incompatible with C++98 [-Wc++98-compat]
[build]   235 | -> decltype(j.template get<T>(), void())
[build]       |    ^
[build] C:\Users\pperv\code\unnamed_rpg\vendor\json\include\nlohmann/detail/conversions/from_json.hpp(251,1): warning: trailing return types are incompatible with C++98 [-Wc++98-compat]
[build]   251 | -> decltype(j.template get<T>(), void())
[build]       | ^
[build] C:\Users\pperv\code\unnamed_rpg\vendor\json\include\nlohmann/detail/conversions/from_json.hpp(251,4): warning: 'decltype' type specifier is incompatible with C++98 [-Wc++98-compat]
[build]   251 | -> decltype(j.template get<T>(), void())
[build]       |    ^
[build] C:\Users\pperv\code\unnamed_rpg\vendor\json\include\nlohmann/detail/conversions/from_json.hpp(277,1): warning: trailing return types are incompatible with C++98 [-Wc++98-compat]
[build]   277 | -> decltype(j.template get<T>(), void())
[build]       | ^
[build] C:\Users\pperv\code\unnamed_rpg\vendor\json\include\nlohmann/detail/conversions/from_json.hpp(277,4): warning: 'decltype' type specifier is incompatible with C++98 [-Wc++98-compat]
[build]   277 | -> decltype(j.template get<T>(), void())
[build]       |    ^
[build] C:\Users\pperv\code\unnamed_rpg\vendor\json\include\nlohmann/detail/conversions/from_json.hpp(290,1): warning: trailing return types are incompatible with C++98 [-Wc++98-compat]
[build]   290 | -> decltype(
[build]       | ^
[build] C:\Users\pperv\code\unnamed_rpg\vendor\json\include\nlohmann/detail/conversions/from_json.hpp(290,4): warning: 'decltype' type specifier is incompatible with C++98 [-Wc++98-compat]
[build]   290 | -> decltype(
[build]       |    ^
[build] C:\Users\pperv\code\unnamed_rpg\vendor\json\include\nlohmann/detail/conversions/from_json.hpp(288,19): warning: default template arguments for a function template are incompatible with C++98 [-Wc++98-compat]
[build]   288 |              int> = 0>
[build]       |                   ^ ~
[build] C:\Users\pperv\code\unnamed_rpg\vendor\json\include\nlohmann/detail/conversions/from_json.hpp(312,19): warning: default template arguments for a function template are incompatible with C++98 [-Wc++98-compat]
[build]   312 |              int> = 0>
[build]       |                   ^ ~
[build] C:\Users\pperv\code\unnamed_rpg\vendor\json\include\nlohmann/detail/conversions/from_json.hpp(340,1): warning: trailing return types are incompatible with C++98 [-Wc++98-compat]
[build]   340 | -> decltype(from_json_array_impl(j, arr, priority_tag<3> {}),
[build]       | ^
[build] C:\Users\pperv\code\unnamed_rpg\vendor\json\include\nlohmann/detail/conversions/from_json.hpp(340,4): warning: 'decltype' type specifier is incompatible with C++98 [-Wc++98-compat]
[build]   340 | -> decltype(from_json_array_impl(j, arr, priority_tag<3> {}),
[build]       |    ^
[build] C:\Users\pperv\code\unnamed_rpg\vendor\json\include\nlohmann/detail/conversions/from_json.hpp(340,58): warning: generalized initializer lists are incompatible with C++98 [-Wc++98-compat]
[build]   340 | -> decltype(from_json_array_impl(j, arr, priority_tag<3> {}),
[build]       |                                                          ^
[build] C:\Users\pperv\code\unnamed_rpg\vendor\json\include\nlohmann/detail/conversions/from_json.hpp(340,58): warning: constructor call from initializer list is incompatible with C++98 [-Wc++98-compat]
[build]   340 | -> decltype(from_json_array_impl(j, arr, priority_tag<3> {}),
[build]       |                                                          ^~
[build] C:\Users\pperv\code\unnamed_rpg\vendor\json\include\nlohmann/detail/conversions/from_json.hpp(338,22): warning: default template arguments for a function template are incompatible with C++98 [-Wc++98-compat]
[build]   338 |                int > = 0 >
[build]       |                      ^ ~
[build] C:\Users\pperv\code\unnamed_rpg\vendor\json\include\nlohmann/detail/conversions/from_json.hpp(352,59): warning: variadic templates are incompatible with C++98 [-Wc++98-compat]
[build]   352 | template < typename BasicJsonType, typename T, std::size_t... Idx >
[build]       |                                                           ^
[build] C:\Users\pperv\code\unnamed_rpg\vendor\json\include\nlohmann/detail/conversions/from_json.hpp(353,73): warning: rvalue references are incompatible with C++98 [-Wc++98-compat]
[build]   353 | std::array<T, sizeof...(Idx)> from_json_inplace_array_impl(BasicJsonType&& j,
[build]       |                                                                         ^
[build] C:\Users\pperv\code\unnamed_rpg\vendor\json\include\nlohmann/detail/conversions/from_json.hpp(354,63): warning: consecutive right angle brackets are incompatible with C++98 (use '> >') [-Wc++98-compat]
[build]   354 |                      identity_tag<std::array<T, sizeof...(Idx)>> /*unused*/, index_sequence<Idx...> /*unused*/)
[build]       |                                                               ^~
[build]       |                                                               > >
[build] C:\Users\pperv\code\unnamed_rpg\vendor\json\include\nlohmann/detail/conversions/from_json.hpp(360,29): warning: rvalue references are incompatible with C++98 [-Wc++98-compat]
[build]   360 | auto from_json(BasicJsonType&& j, identity_tag<std::array<T, N>> tag)
[build]       |                             ^
[build] C:\Users\pperv\code\unnamed_rpg\vendor\json\include\nlohmann/detail/conversions/from_json.hpp(360,63): warning: consecutive right angle brackets are incompatible with C++98 (use '> >') [-Wc++98-compat]
[build]   360 | auto from_json(BasicJsonType&& j, identity_tag<std::array<T, N>> tag)
[build]       |                                                               ^~
[build]       |                                                               > >
[build] C:\Users\pperv\code\unnamed_rpg\vendor\json\include\nlohmann/detail/conversions/from_json.hpp(361,1): warning: trailing return types are incompatible with C++98 [-Wc++98-compat]
[build]   361 | -> decltype(from_json_inplace_array_impl(std::forward<BasicJsonType>(j), tag, make_index_sequence<N> {}))
[build]       | ^
[build] C:\Users\pperv\code\unnamed_rpg\vendor\json\include\nlohmann/detail/conversions/from_json.hpp(361,4): warning: 'decltype' type specifier is incompatible with C++98 [-Wc++98-compat]
[build]   361 | -> decltype(from_json_inplace_array_impl(std::forward<BasicJsonType>(j), tag, make_index_sequence<N> {}))
[build]       |    ^
[build] C:\Users\pperv\code\unnamed_rpg\vendor\json\include\nlohmann/detail/conversions/from_json.hpp(361,102): warning: generalized initializer lists are incompatible with C++98 [-Wc++98-compat]
[build]   361 | -> decltype(from_json_inplace_array_impl(std::forward<BasicJsonType>(j), tag, make_index_sequence<N> {}))
[build]       |                                                                                                      ^
[build] C:\Users\pperv\code\unnamed_rpg\vendor\json\include\nlohmann/detail/conversions/from_json.hpp(384,32): warning: default template arguments for a function template are incompatible with C++98 [-Wc++98-compat]
[build]   384 |                          int > = 0 >
[build]       |                                ^ ~
[build] C:\Users\pperv\code\unnamed_rpg\vendor\json\include\nlohmann/detail/conversions/from_json.hpp(402,104): warning: default template arguments for a function template are incompatible with C++98 [-Wc++98-compat]
[build]   402 |          enable_if_t<is_constructible_object_type<BasicJsonType, ConstructibleObjectType>::value, int> = 0>
[build]       |                                                                                                        ^ ~
[build] C:\Users\pperv\code\unnamed_rpg\vendor\json\include\nlohmann/detail/conversions/from_json.hpp(430,22): warning: default template arguments for a function template are incompatible with C++98 [-Wc++98-compat]
[build]   430 |                int > = 0 >
[build]       |                      ^ ~
[build] C:\Users\pperv\code\unnamed_rpg\vendor\json\include\nlohmann/detail/conversions/from_json.hpp(468,63): warning: rvalue references are incompatible with C++98 [-Wc++98-compat]
[build]   468 | detail::uncvref_t<Type> from_json_tuple_get_impl(BasicJsonType&& j, detail::identity_tag<Type> /*unused*/, detail::priority_tag<0> /*unused*/)
[build]       |                                                               ^
[build] C:\Users\pperv\code\unnamed_rpg\vendor\json\include\nlohmann/detail/conversions/from_json.hpp(475,45): warning: rvalue references are incompatible with C++98 [-Wc++98-compat]
[build]   475 | Type from_json_tuple_get_impl(BasicJsonType && j, detail::identity_tag<Type> /*unused*/, detail::priority_tag<1> /*unused*/)
[build]       |                                             ^
[build] C:\Users\pperv\code\unnamed_rpg\vendor\json\include\nlohmann/detail/conversions/from_json.hpp(474,101): warning: default template arguments for a function template are incompatible with C++98 [-Wc++98-compat]
[build]   474 |          detail::enable_if_t<detail::is_compatible_reference_type<BasicJsonType, Type>::value, int> = 0>
[build]       |                                                                                                     ^ ~
[build] C:\Users\pperv\code\unnamed_rpg\vendor\json\include\nlohmann/detail/conversions/from_json.hpp(481,63): warning: consecutive right angle brackets are incompatible with C++98 (use '> >') [-Wc++98-compat]
[build]   481 |          detail::enable_if_t<std::is_arithmetic<uncvref_t<Type>>::value, int> = 0>
[build]       |                                                               ^~
[build]       |                                                               > >
[build] C:\Users\pperv\code\unnamed_rpg\vendor\json\include\nlohmann/detail/conversions/from_json.hpp(482,64): warning: rvalue references are incompatible with C++98 [-Wc++98-compat]
[build]   482 | detail::uncvref_t<Type> from_json_tuple_get_impl(BasicJsonType && j, detail::identity_tag<Type> /*unused*/, detail::priority_tag<2> /*unused*/)
[build]       |                                                                ^
[build] C:\Users\pperv\code\unnamed_rpg\vendor\json\include\nlohmann/detail/conversions/from_json.hpp(481,79): warning: default template arguments for a function template are incompatible with C++98 [-Wc++98-compat]
[build]   481 |          detail::enable_if_t<std::is_arithmetic<uncvref_t<Type>>::value, int> = 0>
[build]       |                                                                               ^ ~
[build] C:\Users\pperv\code\unnamed_rpg\vendor\json\include\nlohmann/detail/conversions/from_json.hpp(487,65): warning: variadic templates are incompatible with C++98 [-Wc++98-compat]
[build]   487 | template<std::size_t PTagValue, typename BasicJsonType, typename... Types>
[build]       |                                                                 ^
[build] C:\Users\pperv\code\unnamed_rpg\vendor\json\include\nlohmann/detail/conversions/from_json.hpp(488,20): warning: alias declarations are incompatible with C++98 [-Wc++98-compat]
[build]   488 | using tuple_type = std::tuple < decltype(from_json_tuple_get_impl(std::declval<BasicJsonType>(), detail::identity_tag<Types> {}, detail::priority_tag<PTagValue> {}))... >;
[build]       |                    ^
[build] C:\Users\pperv\code\unnamed_rpg\vendor\json\include\nlohmann/detail/conversions/from_json.hpp(488,33): warning: 'decltype' type specifier is incompatible with C++98 [-Wc++98-compat]
[build]   488 | using tuple_type = std::tuple < decltype(from_json_tuple_get_impl(std::declval<BasicJsonType>(), detail::identity_tag<Types> {}, detail::priority_tag<PTagValue> {}))... >;
[build]       |                                 ^
[build] C:\Users\pperv\code\unnamed_rpg\vendor\json\include\nlohmann/detail/conversions/from_json.hpp(488,126): warning: generalized initializer lists are incompatible with C++98 [-Wc++98-compat]
[build]   488 | using tuple_type = std::tuple < decltype(from_json_tuple_get_impl(std::declval<BasicJsonType>(), detail::identity_tag<Types> {}, detail::priority_tag<PTagValue> {}))... >;
[build]       |                                                                                                                              ^
[build] C:\Users\pperv\code\unnamed_rpg\vendor\json\include\nlohmann/detail/conversions/from_json.hpp(488,162): warning: generalized initializer lists are incompatible with C++98 [-Wc++98-compat]
[build]   488 | using tuple_type = std::tuple < decltype(from_json_tuple_get_impl(std::declval<BasicJsonType>(), detail::identity_tag<Types> {}, detail::priority_tag<PTagValue> {}))... >;
[build]       |                                                                                                                                                                  ^
[build] C:\Users\pperv\code\unnamed_rpg\vendor\json\include\nlohmann/detail/conversions/from_json.hpp(490,41): warning: variadic templates are incompatible with C++98 [-Wc++98-compat]
[build]   490 | template<std::size_t PTagValue, typename... Args, typename BasicJsonType, std::size_t... Idx>
[build]       |                                         ^
[build] C:\Users\pperv\code\unnamed_rpg\vendor\json\include\nlohmann/detail/conversions/from_json.hpp(490,86): warning: variadic templates are incompatible with C++98 [-Wc++98-compat]
[build]   490 | template<std::size_t PTagValue, typename... Args, typename BasicJsonType, std::size_t... Idx>
[build]       |                                                                                      ^
[build] C:\Users\pperv\code\unnamed_rpg\vendor\json\include\nlohmann/detail/conversions/from_json.hpp(491,86): warning: rvalue references are incompatible with C++98 [-Wc++98-compat]
[build]   491 | tuple_type<PTagValue, BasicJsonType, Args...> from_json_tuple_impl_base(BasicJsonType&& j, index_sequence<Idx...> /*unused*/)
[build]       |                                                                                      ^
[build] C:\Users\pperv\code\unnamed_rpg\vendor\json\include\nlohmann/detail/conversions/from_json.hpp(503,53): warning: rvalue references are incompatible with C++98 [-Wc++98-compat]
[build]   503 | std::pair<A1, A2> from_json_tuple_impl(BasicJsonType&& j, identity_tag<std::pair<A1, A2>> /*unused*/, priority_tag<0> /*unused*/)
[build]       |                                                     ^
[build] C:\Users\pperv\code\unnamed_rpg\vendor\json\include\nlohmann/detail/conversions/from_json.hpp(503,88): warning: consecutive right angle brackets are incompatible with C++98 (use '> >') [-Wc++98-compat]
[build]   503 | std::pair<A1, A2> from_json_tuple_impl(BasicJsonType&& j, identity_tag<std::pair<A1, A2>> /*unused*/, priority_tag<0> /*unused*/)
[build]       |                                                                                        ^~
[build]       |                                                                                        > >
[build] C:\Users\pperv\code\unnamed_rpg\vendor\json\include\nlohmann/detail/conversions/from_json.hpp(510,47): warning: rvalue references are incompatible with C++98 [-Wc++98-compat]
[build]   510 | inline void from_json_tuple_impl(BasicJsonType&& j, std::pair<A1, A2>& p, priority_tag<1> /*unused*/)
[build]       |                                               ^
[build] C:\Users\pperv\code\unnamed_rpg\vendor\json\include\nlohmann/detail/conversions/from_json.hpp(515,42): warning: variadic templates are incompatible with C++98 [-Wc++98-compat]
[build]   515 | template<typename BasicJsonType, typename... Args>
[build]       |                                          ^
[build] C:\Users\pperv\code\unnamed_rpg\vendor\json\include\nlohmann/detail/conversions/from_json.hpp(516,55): warning: rvalue references are incompatible with C++98 [-Wc++98-compat]
[build]   516 | std::tuple<Args...> from_json_tuple_impl(BasicJsonType&& j, identity_tag<std::tuple<Args...>> /*unused*/, priority_tag<2> /*unused*/)
[build]       |                                                       ^
[build] C:\Users\pperv\code\unnamed_rpg\vendor\json\include\nlohmann/detail/conversions/from_json.hpp(516,92): warning: consecutive right angle brackets are incompatible with C++98 (use '> >') [-Wc++98-compat]
[build]   516 | std::tuple<Args...> from_json_tuple_impl(BasicJsonType&& j, identity_tag<std::tuple<Args...>> /*unused*/, priority_tag<2> /*unused*/)
[build]       |                                                                                            ^~
[build]       |                                                                                            > >
[build] C:\Users\pperv\code\unnamed_rpg\vendor\json\include\nlohmann/detail/conversions/from_json.hpp(523,42): warning: variadic templates are incompatible with C++98 [-Wc++98-compat]
[build]   523 | template<typename BasicJsonType, typename... Args>
[build]       |                                          ^
[build] C:\Users\pperv\code\unnamed_rpg\vendor\json\include\nlohmann/detail/conversions/from_json.hpp(524,47): warning: rvalue references are incompatible with C++98 [-Wc++98-compat]
[build]   524 | inline void from_json_tuple_impl(BasicJsonType&& j, std::tuple<Args...>& t, priority_tag<3> /*unused*/)
[build]       |                                               ^
[build] C:\Users\pperv\code\unnamed_rpg\vendor\json\include\nlohmann/detail/conversions/from_json.hpp(530,29): warning: rvalue references are incompatible with C++98 [-Wc++98-compat]
[build]   530 | auto from_json(BasicJsonType&& j, TupleRelated&& t)
[build]       |                             ^
[build] C:\Users\pperv\code\unnamed_rpg\vendor\json\include\nlohmann/detail/conversions/from_json.hpp(530,47): warning: rvalue references are incompatible with C++98 [-Wc++98-compat]
[build]   530 | auto from_json(BasicJsonType&& j, TupleRelated&& t)
[build]       |                                               ^
[build] C:\Users\pperv\code\unnamed_rpg\vendor\json\include\nlohmann/detail/conversions/from_json.hpp(531,1): warning: trailing return types are incompatible with C++98 [-Wc++98-compat]
[build]   531 | -> decltype(from_json_tuple_impl(std::forward<BasicJsonType>(j), std::forward<TupleRelated>(t), priority_tag<3> {}))
[build]       | ^
[build] C:\Users\pperv\code\unnamed_rpg\vendor\json\include\nlohmann/detail/conversions/from_json.hpp(531,4): warning: 'decltype' type specifier is incompatible with C++98 [-Wc++98-compat]
[build]   531 | -> decltype(from_json_tuple_impl(std::forward<BasicJsonType>(j), std::forward<TupleRelated>(t), priority_tag<3> {}))
[build]       |    ^
[build] C:\Users\pperv\code\unnamed_rpg\vendor\json\include\nlohmann/detail/conversions/from_json.hpp(531,113): warning: generalized initializer lists are incompatible with C++98 [-Wc++98-compat]
[build]   531 | -> decltype(from_json_tuple_impl(std::forward<BasicJsonType>(j), std::forward<TupleRelated>(t), priority_tag<3> {}))
[build]       |                                                                                                                 ^
[build] C:\Users\pperv\code\unnamed_rpg\vendor\json\include\nlohmann/detail/conversions/from_json.hpp(531,113): warning: constructor call from initializer list is incompatible with C++98 [-Wc++98-compat]
[build]   531 | -> decltype(from_json_tuple_impl(std::forward<BasicJsonType>(j), std::forward<TupleRelated>(t), priority_tag<3> {}))
[build]       |                                                                                                                 ^~
[build] C:\Users\pperv\code\unnamed_rpg\vendor\json\include\nlohmann/detail/conversions/from_json.hpp(543,88): warning: consecutive right angle brackets are incompatible with C++98 (use '> >') [-Wc++98-compat]
[build]   543 |                                         typename BasicJsonType::string_t, Key >::value >>
[build]       |                                                                                        ^~
[build]       |                                                                                        > >
[build] C:\Users\pperv\code\unnamed_rpg\vendor\json\include\nlohmann/detail/conversions/from_json.hpp(542,21): warning: default template arguments for a function template are incompatible with C++98 [-Wc++98-compat]
[build]   542 |            typename = enable_if_t < !std::is_constructible <
[build]       |                     ^ ~~~~~~~~~~~~~~~~~~~~~~~~~~~~~~~~~~~~~~
[build]   543 |                                         typename BasicJsonType::string_t, Key >::value >>
[build]       |                                         ~~~~~~~~~~~~~~~~~~~~~~~~~~~~~~~~~~~~~~~~~~~~~~~~
[build] C:\Users\pperv\code\unnamed_rpg\vendor\json\include\nlohmann/detail/conversions/from_json.hpp(563,88): warning: consecutive right angle brackets are incompatible with C++98 (use '> >') [-Wc++98-compat]
[build]   563 |                                         typename BasicJsonType::string_t, Key >::value >>
[build]       |                                                                                        ^~
[build]       |                                                                                        > >
[build] C:\Users\pperv\code\unnamed_rpg\vendor\json\include\nlohmann/detail/conversions/from_json.hpp(562,21): warning: default template arguments for a function template are incompatible with C++98 [-Wc++98-compat]
[build]   562 |            typename = enable_if_t < !std::is_constructible <
[build]       |                     ^ ~~~~~~~~~~~~~~~~~~~~~~~~~~~~~~~~~~~~~~
[build]   563 |                                         typename BasicJsonType::string_t, Key >::value >>
[build]       |                                         ~~~~~~~~~~~~~~~~~~~~~~~~~~~~~~~~~~~~~~~~~~~~~~~~
[build] C:\Users\pperv\code\unnamed_rpg\vendor\json\include\nlohmann/detail/conversions/from_json.hpp(609,46): warning: rvalue references are incompatible with C++98 [-Wc++98-compat]
[build]   609 |     auto operator()(const BasicJsonType& j, T&& val) const
[build]       |                                              ^
[build] C:\Users\pperv\code\unnamed_rpg\vendor\json\include\nlohmann/detail/conversions/from_json.hpp(611,5): warning: trailing return types are incompatible with C++98 [-Wc++98-compat]
[build]   611 |     -> decltype(from_json(j, std::forward<T>(val)))
[build]       |     ^
[build] C:\Users\pperv\code\unnamed_rpg\vendor\json\include\nlohmann/detail/conversions/from_json.hpp(611,8): warning: 'decltype' type specifier is incompatible with C++98 [-Wc++98-compat]
[build]   611 |     -> decltype(from_json(j, std::forward<T>(val)))
[build]       |        ^
[build] C:\Users\pperv\code\unnamed_rpg\vendor\json\include\nlohmann/detail/conversions/from_json.hpp(610,5): warning: noexcept specifications are incompatible with C++98 [-Wc++98-compat]
[build]   610 |     noexcept(noexcept(from_json(j, std::forward<T>(val))))
[build]       |     ^
[build] C:\Users\pperv\code\unnamed_rpg\vendor\json\include\nlohmann/detail/conversions/from_json.hpp(610,14): warning: noexcept expressions are incompatible with C++98 [-Wc++98-compat]
[build]   610 |     noexcept(noexcept(from_json(j, std::forward<T>(val))))
[build]       |              ^
[build] C:\Users\pperv\code\unnamed_rpg\vendor\json\include\nlohmann/detail/conversions/from_json.hpp(626,22): warning: 'constexpr' specifier is incompatible with C++98 [-Wc++98-compat]
[build]   626 | JSON_INLINE_VARIABLE constexpr const auto& from_json = // NOLINT(misc-definitions-in-headers)
[build]       |                      ^
[build] C:\Users\pperv\code\unnamed_rpg\vendor\json\include\nlohmann/detail/conversions/from_json.hpp(626,38): warning: 'auto' type specifier is incompatible with C++98 [-Wc++98-compat]
[build]   626 | JSON_INLINE_VARIABLE constexpr const auto& from_json = // NOLINT(misc-definitions-in-headers)
[build]       |                                      ^~~~
[build] In file included from C:\Users\pperv\code\unnamed_rpg\vendor\json-schema-validator\src\json-validator.cpp:9:
[build] In file included from C:\Users\pperv\code\unnamed_rpg\vendor\json-schema-validator\src\nlohmann/json-schema.hpp:24:
[build] In file included from C:\Users\pperv\code\unnamed_rpg\vendor\json\include\nlohmann/json.hpp:44:
[build] In file included from C:\Users\pperv\code\unnamed_rpg\vendor\json\include\nlohmann/adl_serializer.hpp:15:
[build] In file included from C:\Users\pperv\code\unnamed_rpg\vendor\json\include\nlohmann/detail/conversions/to_json.hpp:26:
[build] In file included from C:\Users\pperv\code\unnamed_rpg\vendor\json\include\nlohmann/detail/iterators/iteration_proxy.hpp:22:
[build] C:\Users\pperv\code\unnamed_rpg\vendor\json\include\nlohmann/detail/string_utils.hpp(16,1): warning: empty macro arguments are incompatible with C++98 [-Wc++98-compat-pedantic]
[build]    16 | NLOHMANN_JSON_NAMESPACE_BEGIN
[build]       | ^
[build] C:\Users\pperv\code\unnamed_rpg\vendor\json\include\nlohmann/detail/abi_macros.hpp(102,17): note: expanded from macro 'NLOHMANN_JSON_NAMESPACE_BEGIN'
[build]   102 |                 NLOHMANN_JSON_ABI_TAGS,              \
[build]       |                 ^
[build] C:\Users\pperv\code\unnamed_rpg\vendor\json\include\nlohmann/detail/abi_macros.hpp(65,5): note: expanded from macro 'NLOHMANN_JSON_ABI_TAGS'
[build]    65 |     NLOHMANN_JSON_ABI_TAGS_CONCAT(                                   \
[build]       |     ^
[build] C:\Users\pperv\code\unnamed_rpg\vendor\json\include\nlohmann/detail/abi_macros.hpp(62,39): note: expanded from macro 'NLOHMANN_JSON_ABI_TAGS_CONCAT'
[build]    62 |     NLOHMANN_JSON_ABI_TAGS_CONCAT_EX(a, b, c)
[build]       |                                       ^
[build] In file included from C:\Users\pperv\code\unnamed_rpg\vendor\json-schema-validator\src\json-validator.cpp:9:
[build] In file included from C:\Users\pperv\code\unnamed_rpg\vendor\json-schema-validator\src\nlohmann/json-schema.hpp:24:
[build] In file included from C:\Users\pperv\code\unnamed_rpg\vendor\json\include\nlohmann/json.hpp:44:
[build] In file included from C:\Users\pperv\code\unnamed_rpg\vendor\json\include\nlohmann/adl_serializer.hpp:15:
[build] In file included from C:\Users\pperv\code\unnamed_rpg\vendor\json\include\nlohmann/detail/conversions/to_json.hpp:26:
[build] In file included from C:\Users\pperv\code\unnamed_rpg\vendor\json\include\nlohmann/detail/iterators/iteration_proxy.hpp:22:
[build] C:\Users\pperv\code\unnamed_rpg\vendor\json\include\nlohmann/detail/string_utils.hpp(16,1): warning: empty macro arguments are incompatible with C++98 [-Wc++98-compat-pedantic]
[build] C:\Users\pperv\code\unnamed_rpg\vendor\json\include\nlohmann/detail/abi_macros.hpp(102,17): note: expanded from macro 'NLOHMANN_JSON_NAMESPACE_BEGIN'
[build]   102 |                 NLOHMANN_JSON_ABI_TAGS,              \
[build]       |                 ^
[build] C:\Users\pperv\code\unnamed_rpg\vendor\json\include\nlohmann/detail/abi_macros.hpp(65,5): note: expanded from macro 'NLOHMANN_JSON_ABI_TAGS'
[build]    65 |     NLOHMANN_JSON_ABI_TAGS_CONCAT(                                   \
[build]       |     ^
[build] C:\Users\pperv\code\unnamed_rpg\vendor\json\include\nlohmann/detail/abi_macros.hpp(62,42): note: expanded from macro 'NLOHMANN_JSON_ABI_TAGS_CONCAT'
[build]    62 |     NLOHMANN_JSON_ABI_TAGS_CONCAT_EX(a, b, c)
[build]       |                                          ^
[build] In file included from C:\Users\pperv\code\unnamed_rpg\vendor\json-schema-validator\src\json-validator.cpp:9:
[build] In file included from C:\Users\pperv\code\unnamed_rpg\vendor\json-schema-validator\src\nlohmann/json-schema.hpp:24:
[build] In file included from C:\Users\pperv\code\unnamed_rpg\vendor\json\include\nlohmann/json.hpp:44:
[build] In file included from C:\Users\pperv\code\unnamed_rpg\vendor\json\include\nlohmann/adl_serializer.hpp:15:
[build] In file included from C:\Users\pperv\code\unnamed_rpg\vendor\json\include\nlohmann/detail/conversions/to_json.hpp:26:
[build] In file included from C:\Users\pperv\code\unnamed_rpg\vendor\json\include\nlohmann/detail/iterators/iteration_proxy.hpp:22:
[build] C:\Users\pperv\code\unnamed_rpg\vendor\json\include\nlohmann/detail/string_utils.hpp(16,1): warning: empty macro arguments are incompatible with C++98 [-Wc++98-compat-pedantic]
[build] C:\Users\pperv\code\unnamed_rpg\vendor\json\include\nlohmann/detail/abi_macros.hpp(102,17): note: expanded from macro 'NLOHMANN_JSON_NAMESPACE_BEGIN'
[build]   102 |                 NLOHMANN_JSON_ABI_TAGS,              \
[build]       |                 ^
[build] C:\Users\pperv\code\unnamed_rpg\vendor\json\include\nlohmann/detail/abi_macros.hpp(65,5): note: expanded from macro 'NLOHMANN_JSON_ABI_TAGS'
[build]    65 |     NLOHMANN_JSON_ABI_TAGS_CONCAT(                                   \
[build]       |     ^
[build] C:\Users\pperv\code\unnamed_rpg\vendor\json\include\nlohmann/detail/abi_macros.hpp(62,45): note: expanded from macro 'NLOHMANN_JSON_ABI_TAGS_CONCAT'
[build]    62 |     NLOHMANN_JSON_ABI_TAGS_CONCAT_EX(a, b, c)
[build]       |                                             ^
[build] In file included from C:\Users\pperv\code\unnamed_rpg\vendor\json-schema-validator\src\json-validator.cpp:9:
[build] In file included from C:\Users\pperv\code\unnamed_rpg\vendor\json-schema-validator\src\nlohmann/json-schema.hpp:24:
[build] In file included from C:\Users\pperv\code\unnamed_rpg\vendor\json\include\nlohmann/json.hpp:44:
[build] In file included from C:\Users\pperv\code\unnamed_rpg\vendor\json\include\nlohmann/adl_serializer.hpp:15:
[build] In file included from C:\Users\pperv\code\unnamed_rpg\vendor\json\include\nlohmann/detail/conversions/to_json.hpp:26:
[build] In file included from C:\Users\pperv\code\unnamed_rpg\vendor\json\include\nlohmann/detail/iterators/iteration_proxy.hpp:22:
[build] C:\Users\pperv\code\unnamed_rpg\vendor\json\include\nlohmann/detail/string_utils.hpp(16,1): warning: inline namespaces are incompatible with C++98 [-Wc++98-compat]
[build] C:\Users\pperv\code\unnamed_rpg\vendor\json\include\nlohmann/detail/abi_macros.hpp(101,5): note: expanded from macro 'NLOHMANN_JSON_NAMESPACE_BEGIN'
[build]   101 |     inline namespace NLOHMANN_JSON_NAMESPACE_CONCAT( \
[build]       |     ^
[build] In file included from C:\Users\pperv\code\unnamed_rpg\vendor\json-schema-validator\src\json-validator.cpp:9:
[build] In file included from C:\Users\pperv\code\unnamed_rpg\vendor\json-schema-validator\src\nlohmann/json-schema.hpp:24:
[build] In file included from C:\Users\pperv\code\unnamed_rpg\vendor\json\include\nlohmann/json.hpp:44:
[build] In file included from C:\Users\pperv\code\unnamed_rpg\vendor\json\include\nlohmann/adl_serializer.hpp:15:
[build] In file included from C:\Users\pperv\code\unnamed_rpg\vendor\json\include\nlohmann/detail/conversions/to_json.hpp:26:
[build] C:\Users\pperv\code\unnamed_rpg\vendor\json\include\nlohmann/detail/iterators/iteration_proxy.hpp(25,1): warning: empty macro arguments are incompatible with C++98 [-Wc++98-compat-pedantic]
[build]    25 | NLOHMANN_JSON_NAMESPACE_BEGIN
[build]       | ^
[build] C:\Users\pperv\code\unnamed_rpg\vendor\json\include\nlohmann/detail/abi_macros.hpp(102,17): note: expanded from macro 'NLOHMANN_JSON_NAMESPACE_BEGIN'
[build]   102 |                 NLOHMANN_JSON_ABI_TAGS,              \
[build]       |                 ^
[build] C:\Users\pperv\code\unnamed_rpg\vendor\json\include\nlohmann/detail/abi_macros.hpp(65,5): note: expanded from macro 'NLOHMANN_JSON_ABI_TAGS'
[build]    65 |     NLOHMANN_JSON_ABI_TAGS_CONCAT(                                   \
[build]       |     ^
[build] C:\Users\pperv\code\unnamed_rpg\vendor\json\include\nlohmann/detail/abi_macros.hpp(62,39): note: expanded from macro 'NLOHMANN_JSON_ABI_TAGS_CONCAT'
[build]    62 |     NLOHMANN_JSON_ABI_TAGS_CONCAT_EX(a, b, c)
[build]       |                                       ^
[build] In file included from C:\Users\pperv\code\unnamed_rpg\vendor\json-schema-validator\src\json-validator.cpp:9:
[build] In file included from C:\Users\pperv\code\unnamed_rpg\vendor\json-schema-validator\src\nlohmann/json-schema.hpp:24:
[build] In file included from C:\Users\pperv\code\unnamed_rpg\vendor\json\include\nlohmann/json.hpp:44:
[build] In file included from C:\Users\pperv\code\unnamed_rpg\vendor\json\include\nlohmann/adl_serializer.hpp:15:
[build] In file included from C:\Users\pperv\code\unnamed_rpg\vendor\json\include\nlohmann/detail/conversions/to_json.hpp:26:
[build] C:\Users\pperv\code\unnamed_rpg\vendor\json\include\nlohmann/detail/iterators/iteration_proxy.hpp(25,1): warning: empty macro arguments are incompatible with C++98 [-Wc++98-compat-pedantic]
[build] C:\Users\pperv\code\unnamed_rpg\vendor\json\include\nlohmann/detail/abi_macros.hpp(102,17): note: expanded from macro 'NLOHMANN_JSON_NAMESPACE_BEGIN'
[build]   102 |                 NLOHMANN_JSON_ABI_TAGS,              \
[build]       |                 ^
[build] C:\Users\pperv\code\unnamed_rpg\vendor\json\include\nlohmann/detail/abi_macros.hpp(65,5): note: expanded from macro 'NLOHMANN_JSON_ABI_TAGS'
[build]    65 |     NLOHMANN_JSON_ABI_TAGS_CONCAT(                                   \
[build]       |     ^
[build] C:\Users\pperv\code\unnamed_rpg\vendor\json\include\nlohmann/detail/abi_macros.hpp(62,42): note: expanded from macro 'NLOHMANN_JSON_ABI_TAGS_CONCAT'
[build]    62 |     NLOHMANN_JSON_ABI_TAGS_CONCAT_EX(a, b, c)
[build]       |                                          ^
[build] In file included from C:\Users\pperv\code\unnamed_rpg\vendor\json-schema-validator\src\json-validator.cpp:9:
[build] In file included from C:\Users\pperv\code\unnamed_rpg\vendor\json-schema-validator\src\nlohmann/json-schema.hpp:24:
[build] In file included from C:\Users\pperv\code\unnamed_rpg\vendor\json\include\nlohmann/json.hpp:44:
[build] In file included from C:\Users\pperv\code\unnamed_rpg\vendor\json\include\nlohmann/adl_serializer.hpp:15:
[build] In file included from C:\Users\pperv\code\unnamed_rpg\vendor\json\include\nlohmann/detail/conversions/to_json.hpp:26:
[build] C:\Users\pperv\code\unnamed_rpg\vendor\json\include\nlohmann/detail/iterators/iteration_proxy.hpp(25,1): warning: empty macro arguments are incompatible with C++98 [-Wc++98-compat-pedantic]
[build] C:\Users\pperv\code\unnamed_rpg\vendor\json\include\nlohmann/detail/abi_macros.hpp(102,17): note: expanded from macro 'NLOHMANN_JSON_NAMESPACE_BEGIN'
[build]   102 |                 NLOHMANN_JSON_ABI_TAGS,              \
[build]       |                 ^
[build] C:\Users\pperv\code\unnamed_rpg\vendor\json\include\nlohmann/detail/abi_macros.hpp(65,5): note: expanded from macro 'NLOHMANN_JSON_ABI_TAGS'
[build]    65 |     NLOHMANN_JSON_ABI_TAGS_CONCAT(                                   \
[build]       |     ^
[build] C:\Users\pperv\code\unnamed_rpg\vendor\json\include\nlohmann/detail/abi_macros.hpp(62,45): note: expanded from macro 'NLOHMANN_JSON_ABI_TAGS_CONCAT'
[build]    62 |     NLOHMANN_JSON_ABI_TAGS_CONCAT_EX(a, b, c)
[build]       |                                             ^
[build] In file included from C:\Users\pperv\code\unnamed_rpg\vendor\json-schema-validator\src\json-validator.cpp:9:
[build] In file included from C:\Users\pperv\code\unnamed_rpg\vendor\json-schema-validator\src\nlohmann/json-schema.hpp:24:
[build] In file included from C:\Users\pperv\code\unnamed_rpg\vendor\json\include\nlohmann/json.hpp:44:
[build] In file included from C:\Users\pperv\code\unnamed_rpg\vendor\json\include\nlohmann/adl_serializer.hpp:15:
[build] In file included from C:\Users\pperv\code\unnamed_rpg\vendor\json\include\nlohmann/detail/conversions/to_json.hpp:26:
[build] C:\Users\pperv\code\unnamed_rpg\vendor\json\include\nlohmann/detail/iterators/iteration_proxy.hpp(25,1): warning: inline namespaces are incompatible with C++98 [-Wc++98-compat]
[build] C:\Users\pperv\code\unnamed_rpg\vendor\json\include\nlohmann/detail/abi_macros.hpp(101,5): note: expanded from macro 'NLOHMANN_JSON_NAMESPACE_BEGIN'
[build]   101 |     inline namespace NLOHMANN_JSON_NAMESPACE_CONCAT( \
[build]       |     ^
[build] In file included from C:\Users\pperv\code\unnamed_rpg\vendor\json-schema-validator\src\json-validator.cpp:9:
[build] In file included from C:\Users\pperv\code\unnamed_rpg\vendor\json-schema-validator\src\nlohmann/json-schema.hpp:24:
[build] In file included from C:\Users\pperv\code\unnamed_rpg\vendor\json\include\nlohmann/json.hpp:44:
[build] In file included from C:\Users\pperv\code\unnamed_rpg\vendor\json\include\nlohmann/adl_serializer.hpp:15:
[build] In file included from C:\Users\pperv\code\unnamed_rpg\vendor\json\include\nlohmann/detail/conversions/to_json.hpp:26:
[build] C:\Users\pperv\code\unnamed_rpg\vendor\json\include\nlohmann/detail/iterators/iteration_proxy.hpp(32,29): warning: alias declarations are incompatible with C++98 [-Wc++98-compat]
[build]    32 |     using difference_type = std::ptrdiff_t;
[build]       |                             ^
[build] C:\Users\pperv\code\unnamed_rpg\vendor\json\include\nlohmann/detail/iterators/iteration_proxy.hpp(33,24): warning: alias declarations are incompatible with C++98 [-Wc++98-compat]
[build]    33 |     using value_type = iteration_proxy_value;
[build]       |                        ^
[build] C:\Users\pperv\code\unnamed_rpg\vendor\json\include\nlohmann/detail/iterators/iteration_proxy.hpp(34,21): warning: alias declarations are incompatible with C++98 [-Wc++98-compat]
[build]    34 |     using pointer = value_type *;
[build]       |                     ^
[build] C:\Users\pperv\code\unnamed_rpg\vendor\json\include\nlohmann/detail/iterators/iteration_proxy.hpp(35,23): warning: alias declarations are incompatible with C++98 [-Wc++98-compat]
[build]    35 |     using reference = value_type &;
[build]       |                       ^
[build] C:\Users\pperv\code\unnamed_rpg\vendor\json\include\nlohmann/detail/iterators/iteration_proxy.hpp(36,31): warning: alias declarations are incompatible with C++98 [-Wc++98-compat]
[build]    36 |     using iterator_category = std::forward_iterator_tag;
[build]       |                               ^
[build] C:\Users\pperv\code\unnamed_rpg\vendor\json\include\nlohmann/detail/iterators/iteration_proxy.hpp(37,25): warning: alias declarations are incompatible with C++98 [-Wc++98-compat]
[build]    37 |     using string_type = typename std::remove_cv< typename std::remove_reference<decltype( std::declval<IteratorType>().key() ) >::type >::type;
[build]       |                         ^
[build] C:\Users\pperv\code\unnamed_rpg\vendor\json\include\nlohmann/detail/iterators/iteration_proxy.hpp(37,81): warning: 'decltype' type specifier is incompatible with C++98 [-Wc++98-compat]
[build]    37 |     using string_type = typename std::remove_cv< typename std::remove_reference<decltype( std::declval<IteratorType>().key() ) >::type >::type;
[build]       |                                                                                 ^
[build] C:\Users\pperv\code\unnamed_rpg\vendor\json\include\nlohmann/detail/iterators/iteration_proxy.hpp(41,24): warning: default member initializer for non-static data members is incompatible with C++98 [-Wc++98-compat]
[build]    41 |     IteratorType anchor{};
[build]       |                        ^
[build] C:\Users\pperv\code\unnamed_rpg\vendor\json\include\nlohmann/detail/iterators/iteration_proxy.hpp(43,29): warning: default member initializer for non-static data members is incompatible with C++98 [-Wc++98-compat]
[build]    43 |     std::size_t array_index = 0;
[build]       |                             ^
[build] C:\Users\pperv\code\unnamed_rpg\vendor\json\include\nlohmann/detail/iterators/iteration_proxy.hpp(45,42): warning: default member initializer for non-static data members is incompatible with C++98 [-Wc++98-compat]
[build]    45 |     mutable std::size_t array_index_last = 0;
[build]       |                                          ^
[build] C:\Users\pperv\code\unnamed_rpg\vendor\json\include\nlohmann/detail/iterators/iteration_proxy.hpp(47,41): warning: default member initializer for non-static data members is incompatible with C++98 [-Wc++98-compat]
[build]    47 |     mutable string_type array_index_str = "0";
[build]       |                                         ^
[build] C:\Users\pperv\code\unnamed_rpg\vendor\json\include\nlohmann/detail/iterators/iteration_proxy.hpp(49,26): warning: default member initializer for non-static data members is incompatible with C++98 [-Wc++98-compat]
[build]    49 |     string_type empty_str{};
[build]       |                          ^
[build] C:\Users\pperv\code\unnamed_rpg\vendor\json\include\nlohmann/detail/iterators/iteration_proxy.hpp(52,40): warning: defaulted function definitions are incompatible with C++98 [-Wc++98-compat]
[build]    52 |     explicit iteration_proxy_value() = default;
[build]       |                                        ^
[build] C:\Users\pperv\code\unnamed_rpg\vendor\json\include\nlohmann/detail/iterators/iteration_proxy.hpp(60,59): warning: defaulted function definitions are incompatible with C++98 [-Wc++98-compat]
[build]    60 |     iteration_proxy_value(iteration_proxy_value const&) = default;
[build]       |                                                           ^
[build] C:\Users\pperv\code\unnamed_rpg\vendor\json\include\nlohmann/detail/iterators/iteration_proxy.hpp(61,70): warning: defaulted function definitions are incompatible with C++98 [-Wc++98-compat]
[build]    61 |     iteration_proxy_value& operator=(iteration_proxy_value const&) = default;
[build]       |                                                                      ^
[build] C:\Users\pperv\code\unnamed_rpg\vendor\json\include\nlohmann/detail/iterators/iteration_proxy.hpp(63,48): warning: rvalue references are incompatible with C++98 [-Wc++98-compat]
[build]    63 |     iteration_proxy_value(iteration_proxy_value&&)
[build]       |                                                ^
[build] C:\Users\pperv\code\unnamed_rpg\vendor\json\include\nlohmann/detail/iterators/iteration_proxy.hpp(65,75): warning: defaulted function definitions are incompatible with C++98 [-Wc++98-compat]
[build]    65 |              && std::is_nothrow_move_constructible<string_type>::value) = default; // NOLINT(hicpp-noexcept-move,performance-noexcept-move-constructor,cppcoreguidelines-noexcept-move-operations)
[build]       |                                                                           ^
[build] C:\Users\pperv\code\unnamed_rpg\vendor\json\include\nlohmann/detail/iterators/iteration_proxy.hpp(66,59): warning: rvalue references are incompatible with C++98 [-Wc++98-compat]
[build]    66 |     iteration_proxy_value& operator=(iteration_proxy_value&&)
[build]       |                                                           ^
[build] C:\Users\pperv\code\unnamed_rpg\vendor\json\include\nlohmann/detail/iterators/iteration_proxy.hpp(68,72): warning: defaulted function definitions are incompatible with C++98 [-Wc++98-compat]
[build]    68 |              && std::is_nothrow_move_assignable<string_type>::value) = default; // NOLINT(hicpp-noexcept-move,performance-noexcept-move-constructor,cppcoreguidelines-noexcept-move-operations)
[build]       |                                                                        ^
[build] C:\Users\pperv\code\unnamed_rpg\vendor\json\include\nlohmann/detail/iterators/iteration_proxy.hpp(69,32): warning: defaulted function definitions are incompatible with C++98 [-Wc++98-compat]
[build]    69 |     ~iteration_proxy_value() = default;
[build]       |                                ^
[build] C:\Users\pperv\code\unnamed_rpg\vendor\json\include\nlohmann/detail/iterators/iteration_proxy.hpp(86,42): warning: reference qualifiers on functions are incompatible with C++98 [-Wc++98-compat]
[build]    86 |     iteration_proxy_value operator++(int)& // NOLINT(cert-dcl21-cpp)
[build]       |                                          ^
[build] C:\Users\pperv\code\unnamed_rpg\vendor\json\include\nlohmann/detail/iterators/iteration_proxy.hpp(54,5): warning: noexcept specifications are incompatible with C++98 [-Wc++98-compat]
[build]    54 |     noexcept(std::is_nothrow_move_constructible<IteratorType>::value
[build]       |     ^
[build] C:\Users\pperv\code\unnamed_rpg\vendor\json\include\nlohmann/detail/iterators/iteration_proxy.hpp(64,5): warning: noexcept specifications are incompatible with C++98 [-Wc++98-compat]
[build]    64 |     noexcept(std::is_nothrow_move_constructible<IteratorType>::value
[build]       |     ^
[build] C:\Users\pperv\code\unnamed_rpg\vendor\json\include\nlohmann/detail/iterators/iteration_proxy.hpp(67,5): warning: noexcept specifications are incompatible with C++98 [-Wc++98-compat]
[build]    67 |     noexcept(std::is_nothrow_move_assignable<IteratorType>::value
[build]       |     ^
[build] C:\Users\pperv\code\unnamed_rpg\vendor\json\include\nlohmann/detail/iterators/iteration_proxy.hpp(154,46): warning: default member initializer for non-static data members is incompatible with C++98 [-Wc++98-compat]
[build]   154 |     typename IteratorType::pointer container = nullptr;
[build]       |                                              ^
[build] C:\Users\pperv\code\unnamed_rpg\vendor\json\include\nlohmann/detail/iterators/iteration_proxy.hpp(157,34): warning: defaulted function definitions are incompatible with C++98 [-Wc++98-compat]
[build]   157 |     explicit iteration_proxy() = default;
[build]       |                                  ^
[build] C:\Users\pperv\code\unnamed_rpg\vendor\json\include\nlohmann/detail/iterators/iteration_proxy.hpp(161,9): warning: noexcept specifications are incompatible with C++98 [-Wc++98-compat]
[build]   161 |         : container(&cont) {}
[build]       |         ^
[build] C:\Users\pperv\code\unnamed_rpg\vendor\json\include\nlohmann/detail/iterators/iteration_proxy.hpp(163,47): warning: defaulted function definitions are incompatible with C++98 [-Wc++98-compat]
[build]   163 |     iteration_proxy(iteration_proxy const&) = default;
[build]       |                                               ^
[build] C:\Users\pperv\code\unnamed_rpg\vendor\json\include\nlohmann/detail/iterators/iteration_proxy.hpp(164,58): warning: defaulted function definitions are incompatible with C++98 [-Wc++98-compat]
[build]   164 |     iteration_proxy& operator=(iteration_proxy const&) = default;
[build]       |                                                          ^
[build] C:\Users\pperv\code\unnamed_rpg\vendor\json\include\nlohmann/detail/iterators/iteration_proxy.hpp(165,36): warning: rvalue references are incompatible with C++98 [-Wc++98-compat]
[build]   165 |     iteration_proxy(iteration_proxy&&) noexcept = default;
[build]       |                                    ^
[build] C:\Users\pperv\code\unnamed_rpg\vendor\json\include\nlohmann/detail/iterators/iteration_proxy.hpp(165,49): warning: noexcept specifications are incompatible with C++98 [-Wc++98-compat]
[build]   165 |     iteration_proxy(iteration_proxy&&) noexcept = default;
[build]       |                                                 ^
[build] C:\Users\pperv\code\unnamed_rpg\vendor\json\include\nlohmann/detail/iterators/iteration_proxy.hpp(165,51): warning: defaulted function definitions are incompatible with C++98 [-Wc++98-compat]
[build]   165 |     iteration_proxy(iteration_proxy&&) noexcept = default;
[build]       |                                                   ^
[build] C:\Users\pperv\code\unnamed_rpg\vendor\json\include\nlohmann/detail/iterators/iteration_proxy.hpp(166,47): warning: rvalue references are incompatible with C++98 [-Wc++98-compat]
[build]   166 |     iteration_proxy& operator=(iteration_proxy&&) noexcept = default;
[build]       |                                               ^
[build] C:\Users\pperv\code\unnamed_rpg\vendor\json\include\nlohmann/detail/iterators/iteration_proxy.hpp(166,60): warning: noexcept specifications are incompatible with C++98 [-Wc++98-compat]
[build]   166 |     iteration_proxy& operator=(iteration_proxy&&) noexcept = default;
[build]       |                                                            ^
[build] C:\Users\pperv\code\unnamed_rpg\vendor\json\include\nlohmann/detail/iterators/iteration_proxy.hpp(166,62): warning: defaulted function definitions are incompatible with C++98 [-Wc++98-compat]
[build]   166 |     iteration_proxy& operator=(iteration_proxy&&) noexcept = default;
[build]       |                                                              ^
[build] C:\Users\pperv\code\unnamed_rpg\vendor\json\include\nlohmann/detail/iterators/iteration_proxy.hpp(167,26): warning: defaulted function definitions are incompatible with C++98 [-Wc++98-compat]
[build]   167 |     ~iteration_proxy() = default;
[build]       |                          ^
[build] C:\Users\pperv\code\unnamed_rpg\vendor\json\include\nlohmann/detail/iterators/iteration_proxy.hpp(171,5): warning: noexcept specifications are incompatible with C++98 [-Wc++98-compat]
[build]   171 |     {
[build]       |     ^
[build] C:\Users\pperv\code\unnamed_rpg\vendor\json\include\nlohmann/detail/iterators/iteration_proxy.hpp(177,5): warning: noexcept specifications are incompatible with C++98 [-Wc++98-compat]
[build]   177 |     {
[build]       |     ^
[build] C:\Users\pperv\code\unnamed_rpg\vendor\json\include\nlohmann/detail/iterators/iteration_proxy.hpp(154,48): warning: 'nullptr' is incompatible with C++98 [-Wc++98-compat]
[build]   154 |     typename IteratorType::pointer container = nullptr;
[build]       |                                                ^
[build] C:\Users\pperv\code\unnamed_rpg\vendor\json\include\nlohmann/detail/iterators/iteration_proxy.hpp(186,74): warning: trailing return types are incompatible with C++98 [-Wc++98-compat]
[build]   186 | auto get(const nlohmann::detail::iteration_proxy_value<IteratorType>& i) -> decltype(i.key())
[build]       |                                                                          ^
[build] C:\Users\pperv\code\unnamed_rpg\vendor\json\include\nlohmann/detail/iterators/iteration_proxy.hpp(186,77): warning: 'decltype' type specifier is incompatible with C++98 [-Wc++98-compat]
[build]   186 | auto get(const nlohmann::detail::iteration_proxy_value<IteratorType>& i) -> decltype(i.key())
[build]       |                                                                             ^
[build] C:\Users\pperv\code\unnamed_rpg\vendor\json\include\nlohmann/detail/iterators/iteration_proxy.hpp(185,73): warning: default template arguments for a function template are incompatible with C++98 [-Wc++98-compat]
[build]   185 | template<std::size_t N, typename IteratorType, enable_if_t<N == 0, int> = 0>
[build]       |                                                                         ^ ~
[build] C:\Users\pperv\code\unnamed_rpg\vendor\json\include\nlohmann/detail/iterators/iteration_proxy.hpp(194,74): warning: trailing return types are incompatible with C++98 [-Wc++98-compat]
[build]   194 | auto get(const nlohmann::detail::iteration_proxy_value<IteratorType>& i) -> decltype(i.value())
[build]       |                                                                          ^
[build] C:\Users\pperv\code\unnamed_rpg\vendor\json\include\nlohmann/detail/iterators/iteration_proxy.hpp(194,77): warning: 'decltype' type specifier is incompatible with C++98 [-Wc++98-compat]
[build]   194 | auto get(const nlohmann::detail::iteration_proxy_value<IteratorType>& i) -> decltype(i.value())
[build]       |                                                                             ^
[build] C:\Users\pperv\code\unnamed_rpg\vendor\json\include\nlohmann/detail/iterators/iteration_proxy.hpp(193,73): warning: default template arguments for a function template are incompatible with C++98 [-Wc++98-compat]
[build]   193 | template<std::size_t N, typename IteratorType, enable_if_t<N == 1, int> = 0>
[build]       |                                                                         ^ ~
[build] C:\Users\pperv\code\unnamed_rpg\vendor\json\include\nlohmann/detail/iterators/iteration_proxy.hpp(215,17): warning: '<::' is treated as digraph '<:' (aka '[') followed by ':' in C++98 [-Wc++98-compat]
[build]   215 | class tuple_size<::nlohmann::detail::iteration_proxy_value<IteratorType>> // NOLINT(cert-dcl58-cpp)
[build]       |                 ^
[build] C:\Users\pperv\code\unnamed_rpg\vendor\json\include\nlohmann/detail/iterators/iteration_proxy.hpp(215,72): warning: consecutive right angle brackets are incompatible with C++98 (use '> >') [-Wc++98-compat]
[build]   215 | class tuple_size<::nlohmann::detail::iteration_proxy_value<IteratorType>> // NOLINT(cert-dcl58-cpp)
[build]       |                                                                        ^~
[build]       |                                                                        > >
[build] C:\Users\pperv\code\unnamed_rpg\vendor\json\include\nlohmann/detail/iterators/iteration_proxy.hpp(219,79): warning: consecutive right angle brackets are incompatible with C++98 (use '> >') [-Wc++98-compat]
[build]   219 | class tuple_element<N, ::nlohmann::detail::iteration_proxy_value<IteratorType >> // NOLINT(cert-dcl58-cpp)
[build]       |                                                                               ^~
[build]       |                                                                               > >
[build] C:\Users\pperv\code\unnamed_rpg\vendor\json\include\nlohmann/detail/iterators/iteration_proxy.hpp(222,18): warning: alias declarations are incompatible with C++98 [-Wc++98-compat]
[build]   222 |     using type = decltype(
[build]       |                  ^
[build] C:\Users\pperv\code\unnamed_rpg\vendor\json\include\nlohmann/detail/iterators/iteration_proxy.hpp(222,18): warning: 'decltype' type specifier is incompatible with C++98 [-Wc++98-compat]
[build] C:\Users\pperv\code\unnamed_rpg\vendor\json\include\nlohmann/detail/iterators/iteration_proxy.hpp(224,84): warning: consecutive right angle brackets are incompatible with C++98 (use '> >') [-Wc++98-compat]
[build]   224 |                             ::nlohmann::detail::iteration_proxy_value<IteratorType >> ()));
[build]       |                                                                                    ^~
[build]       |                                                                                    > >
[build] In file included from C:\Users\pperv\code\unnamed_rpg\vendor\json-schema-validator\src\json-validator.cpp:9:
[build] In file included from C:\Users\pperv\code\unnamed_rpg\vendor\json-schema-validator\src\nlohmann/json-schema.hpp:24:
[build] In file included from C:\Users\pperv\code\unnamed_rpg\vendor\json\include\nlohmann/json.hpp:44:
[build] In file included from C:\Users\pperv\code\unnamed_rpg\vendor\json\include\nlohmann/adl_serializer.hpp:15:
[build] C:\Users\pperv\code\unnamed_rpg\vendor\json\include\nlohmann/detail/conversions/to_json.hpp(32,1): warning: empty macro arguments are incompatible with C++98 [-Wc++98-compat-pedantic]
[build]    32 | NLOHMANN_JSON_NAMESPACE_BEGIN
[build]       | ^
[build] C:\Users\pperv\code\unnamed_rpg\vendor\json\include\nlohmann/detail/abi_macros.hpp(102,17): note: expanded from macro 'NLOHMANN_JSON_NAMESPACE_BEGIN'
[build]   102 |                 NLOHMANN_JSON_ABI_TAGS,              \
[build]       |                 ^
[build] C:\Users\pperv\code\unnamed_rpg\vendor\json\include\nlohmann/detail/abi_macros.hpp(65,5): note: expanded from macro 'NLOHMANN_JSON_ABI_TAGS'
[build]    65 |     NLOHMANN_JSON_ABI_TAGS_CONCAT(                                   \
[build]       |     ^
[build] C:\Users\pperv\code\unnamed_rpg\vendor\json\include\nlohmann/detail/abi_macros.hpp(62,39): note: expanded from macro 'NLOHMANN_JSON_ABI_TAGS_CONCAT'
[build]    62 |     NLOHMANN_JSON_ABI_TAGS_CONCAT_EX(a, b, c)
[build]       |                                       ^
[build] In file included from C:\Users\pperv\code\unnamed_rpg\vendor\json-schema-validator\src\json-validator.cpp:9:
[build] In file included from C:\Users\pperv\code\unnamed_rpg\vendor\json-schema-validator\src\nlohmann/json-schema.hpp:24:
[build] In file included from C:\Users\pperv\code\unnamed_rpg\vendor\json\include\nlohmann/json.hpp:44:
[build] In file included from C:\Users\pperv\code\unnamed_rpg\vendor\json\include\nlohmann/adl_serializer.hpp:15:
[build] C:\Users\pperv\code\unnamed_rpg\vendor\json\include\nlohmann/detail/conversions/to_json.hpp(32,1): warning: empty macro arguments are incompatible with C++98 [-Wc++98-compat-pedantic]
[build] C:\Users\pperv\code\unnamed_rpg\vendor\json\include\nlohmann/detail/abi_macros.hpp(102,17): note: expanded from macro 'NLOHMANN_JSON_NAMESPACE_BEGIN'
[build]   102 |                 NLOHMANN_JSON_ABI_TAGS,              \
[build]       |                 ^
[build] C:\Users\pperv\code\unnamed_rpg\vendor\json\include\nlohmann/detail/abi_macros.hpp(65,5): note: expanded from macro 'NLOHMANN_JSON_ABI_TAGS'
[build]    65 |     NLOHMANN_JSON_ABI_TAGS_CONCAT(                                   \
[build]       |     ^
[build] C:\Users\pperv\code\unnamed_rpg\vendor\json\include\nlohmann/detail/abi_macros.hpp(62,42): note: expanded from macro 'NLOHMANN_JSON_ABI_TAGS_CONCAT'
[build]    62 |     NLOHMANN_JSON_ABI_TAGS_CONCAT_EX(a, b, c)
[build]       |                                          ^
[build] In file included from C:\Users\pperv\code\unnamed_rpg\vendor\json-schema-validator\src\json-validator.cpp:9:
[build] In file included from C:\Users\pperv\code\unnamed_rpg\vendor\json-schema-validator\src\nlohmann/json-schema.hpp:24:
[build] In file included from C:\Users\pperv\code\unnamed_rpg\vendor\json\include\nlohmann/json.hpp:44:
[build] In file included from C:\Users\pperv\code\unnamed_rpg\vendor\json\include\nlohmann/adl_serializer.hpp:15:
[build] C:\Users\pperv\code\unnamed_rpg\vendor\json\include\nlohmann/detail/conversions/to_json.hpp(32,1): warning: empty macro arguments are incompatible with C++98 [-Wc++98-compat-pedantic]
[build] C:\Users\pperv\code\unnamed_rpg\vendor\json\include\nlohmann/detail/abi_macros.hpp(102,17): note: expanded from macro 'NLOHMANN_JSON_NAMESPACE_BEGIN'
[build]   102 |                 NLOHMANN_JSON_ABI_TAGS,              \
[build]       |                 ^
[build] C:\Users\pperv\code\unnamed_rpg\vendor\json\include\nlohmann/detail/abi_macros.hpp(65,5): note: expanded from macro 'NLOHMANN_JSON_ABI_TAGS'
[build]    65 |     NLOHMANN_JSON_ABI_TAGS_CONCAT(                                   \
[build]       |     ^
[build] C:\Users\pperv\code\unnamed_rpg\vendor\json\include\nlohmann/detail/abi_macros.hpp(62,45): note: expanded from macro 'NLOHMANN_JSON_ABI_TAGS_CONCAT'
[build]    62 |     NLOHMANN_JSON_ABI_TAGS_CONCAT_EX(a, b, c)
[build]       |                                             ^
[build] In file included from C:\Users\pperv\code\unnamed_rpg\vendor\json-schema-validator\src\json-validator.cpp:9:
[build] In file included from C:\Users\pperv\code\unnamed_rpg\vendor\json-schema-validator\src\nlohmann/json-schema.hpp:24:
[build] In file included from C:\Users\pperv\code\unnamed_rpg\vendor\json\include\nlohmann/json.hpp:44:
[build] In file included from C:\Users\pperv\code\unnamed_rpg\vendor\json\include\nlohmann/adl_serializer.hpp:15:
[build] C:\Users\pperv\code\unnamed_rpg\vendor\json\include\nlohmann/detail/conversions/to_json.hpp(32,1): warning: inline namespaces are incompatible with C++98 [-Wc++98-compat]
[build] C:\Users\pperv\code\unnamed_rpg\vendor\json\include\nlohmann/detail/abi_macros.hpp(101,5): note: expanded from macro 'NLOHMANN_JSON_NAMESPACE_BEGIN'
[build]   101 |     inline namespace NLOHMANN_JSON_NAMESPACE_CONCAT( \
[build]       |     ^
[build] In file included from C:\Users\pperv\code\unnamed_rpg\vendor\json-schema-validator\src\json-validator.cpp:9:
[build] In file included from C:\Users\pperv\code\unnamed_rpg\vendor\json-schema-validator\src\nlohmann/json-schema.hpp:24:
[build] In file included from C:\Users\pperv\code\unnamed_rpg\vendor\json\include\nlohmann/json.hpp:44:
[build] In file included from C:\Users\pperv\code\unnamed_rpg\vendor\json\include\nlohmann/adl_serializer.hpp:15:
[build] C:\Users\pperv\code\unnamed_rpg\vendor\json\include\nlohmann/detail/conversions/to_json.hpp(50,29): warning: enumeration type in nested name specifier is incompatible with C++98 [-Wc++98-compat]
[build]    50 | struct external_constructor<value_t::boolean>
[build]       |                             ^
[build] C:\Users\pperv\code\unnamed_rpg\vendor\json\include\nlohmann/detail/conversions/to_json.hpp(54,5): warning: noexcept specifications are incompatible with C++98 [-Wc++98-compat]
[build]    54 |     {
[build]       |     ^
[build] C:\Users\pperv\code\unnamed_rpg\vendor\json\include\nlohmann/detail/conversions/to_json.hpp(63,29): warning: enumeration type in nested name specifier is incompatible with C++98 [-Wc++98-compat]
[build]    63 | struct external_constructor<value_t::string>
[build]       |                             ^
[build] C:\Users\pperv\code\unnamed_rpg\vendor\json\include\nlohmann/detail/conversions/to_json.hpp(75,77): warning: rvalue references are incompatible with C++98 [-Wc++98-compat]
[build]    75 |     static void construct(BasicJsonType& j, typename BasicJsonType::string_t&& s)
[build]       |                                                                             ^
[build] C:\Users\pperv\code\unnamed_rpg\vendor\json\include\nlohmann/detail/conversions/to_json.hpp(85,36): warning: default template arguments for a function template are incompatible with C++98 [-Wc++98-compat]
[build]    85 |                              int > = 0 >
[build]       |                                    ^ ~
[build] C:\Users\pperv\code\unnamed_rpg\vendor\json\include\nlohmann/detail/conversions/to_json.hpp(96,29): warning: enumeration type in nested name specifier is incompatible with C++98 [-Wc++98-compat]
[build]    96 | struct external_constructor<value_t::binary>
[build]       |                             ^
[build] C:\Users\pperv\code\unnamed_rpg\vendor\json\include\nlohmann/detail/conversions/to_json.hpp(108,77): warning: rvalue references are incompatible with C++98 [-Wc++98-compat]
[build]   108 |     static void construct(BasicJsonType& j, typename BasicJsonType::binary_t&& b)
[build]       |                                                                             ^
[build] C:\Users\pperv\code\unnamed_rpg\vendor\json\include\nlohmann/detail/conversions/to_json.hpp(118,29): warning: enumeration type in nested name specifier is incompatible with C++98 [-Wc++98-compat]
[build]   118 | struct external_constructor<value_t::number_float>
[build]       |                             ^
[build] C:\Users\pperv\code\unnamed_rpg\vendor\json\include\nlohmann/detail/conversions/to_json.hpp(122,5): warning: noexcept specifications are incompatible with C++98 [-Wc++98-compat]
[build]   122 |     {
[build]       |     ^
[build] C:\Users\pperv\code\unnamed_rpg\vendor\json\include\nlohmann/detail/conversions/to_json.hpp(131,29): warning: enumeration type in nested name specifier is incompatible with C++98 [-Wc++98-compat]
[build]   131 | struct external_constructor<value_t::number_unsigned>
[build]       |                             ^
[build] C:\Users\pperv\code\unnamed_rpg\vendor\json\include\nlohmann/detail/conversions/to_json.hpp(135,5): warning: noexcept specifications are incompatible with C++98 [-Wc++98-compat]
[build]   135 |     {
[build]       |     ^
[build] C:\Users\pperv\code\unnamed_rpg\vendor\json\include\nlohmann/detail/conversions/to_json.hpp(144,29): warning: enumeration type in nested name specifier is incompatible with C++98 [-Wc++98-compat]
[build]   144 | struct external_constructor<value_t::number_integer>
[build]       |                             ^
[build] C:\Users\pperv\code\unnamed_rpg\vendor\json\include\nlohmann/detail/conversions/to_json.hpp(148,5): warning: noexcept specifications are incompatible with C++98 [-Wc++98-compat]
[build]   148 |     {
[build]       |     ^
[build] C:\Users\pperv\code\unnamed_rpg\vendor\json\include\nlohmann/detail/conversions/to_json.hpp(157,29): warning: enumeration type in nested name specifier is incompatible with C++98 [-Wc++98-compat]
[build]   157 | struct external_constructor<value_t::array>
[build]       |                             ^
[build] C:\Users\pperv\code\unnamed_rpg\vendor\json\include\nlohmann/detail/conversions/to_json.hpp(170,76): warning: rvalue references are incompatible with C++98 [-Wc++98-compat]
[build]   170 |     static void construct(BasicJsonType& j, typename BasicJsonType::array_t&& arr)
[build]       |                                                                            ^
[build] C:\Users\pperv\code\unnamed_rpg\vendor\json\include\nlohmann/detail/conversions/to_json.hpp(184,38): warning: default template arguments for a function template are incompatible with C++98 [-Wc++98-compat]
[build]   184 |                              , int > = 0 >
[build]       |                                      ^ ~
[build] C:\Users\pperv\code\unnamed_rpg\vendor\json\include\nlohmann/detail/conversions/to_json.hpp(213,77): warning: default template arguments for a function template are incompatible with C++98 [-Wc++98-compat]
[build]   213 |              enable_if_t<std::is_convertible<T, BasicJsonType>::value, int> = 0>
[build]       |                                                                             ^ ~
[build] C:\Users\pperv\code\unnamed_rpg\vendor\json\include\nlohmann/detail/conversions/to_json.hpp(246,29): warning: enumeration type in nested name specifier is incompatible with C++98 [-Wc++98-compat]
[build]   246 | struct external_constructor<value_t::object>
[build]       |                             ^
[build] C:\Users\pperv\code\unnamed_rpg\vendor\json\include\nlohmann/detail/conversions/to_json.hpp(259,77): warning: rvalue references are incompatible with C++98 [-Wc++98-compat]
[build]   259 |     static void construct(BasicJsonType& j, typename BasicJsonType::object_t&& obj)
[build]       |                                                                             ^
[build] C:\Users\pperv\code\unnamed_rpg\vendor\json\include\nlohmann/detail/conversions/to_json.hpp(269,114): warning: default template arguments for a function template are incompatible with C++98 [-Wc++98-compat]
[build]   269 |                enable_if_t < !std::is_same<CompatibleObjectType, typename BasicJsonType::object_t>::value, int > = 0 >
[build]       |                                                                                                                  ^ ~
[build] C:\Users\pperv\code\unnamed_rpg\vendor\json\include\nlohmann/detail/conversions/to_json.hpp(305,44): warning: noexcept specifications are incompatible with C++98 [-Wc++98-compat]
[build]   305 | inline void to_json(BasicJsonType& j, T b) noexcept
[build]       |                                            ^
[build] C:\Users\pperv\code\unnamed_rpg\vendor\json\include\nlohmann/detail/conversions/to_json.hpp(304,86): warning: default template arguments for a function template are incompatible with C++98 [-Wc++98-compat]
[build]   304 |          enable_if_t<std::is_same<T, typename BasicJsonType::boolean_t>::value, int> = 0>
[build]       |                                                                                      ^ ~
[build] C:\Users\pperv\code\unnamed_rpg\vendor\json\include\nlohmann/detail/conversions/to_json.hpp(318,57): warning: noexcept specifications are incompatible with C++98 [-Wc++98-compat]
[build]   318 | inline void to_json(BasicJsonType& j, const BoolRef& b) noexcept
[build]       |                                                         ^
[build] C:\Users\pperv\code\unnamed_rpg\vendor\json\include\nlohmann/detail/conversions/to_json.hpp(317,104): warning: default template arguments for a function template are incompatible with C++98 [-Wc++98-compat]
[build]   317 |                && std::is_convertible<const BoolRef&, typename BasicJsonType::boolean_t>::value, int > = 0 >
[build]       |                                                                                                        ^ ~
[build] C:\Users\pperv\code\unnamed_rpg\vendor\json\include\nlohmann/detail/conversions/to_json.hpp(324,109): warning: default template arguments for a function template are incompatible with C++98 [-Wc++98-compat]
[build]   324 |          enable_if_t<std::is_constructible<typename BasicJsonType::string_t, CompatibleString>::value, int> = 0>
[build]       |                                                                                                             ^ ~
[build] C:\Users\pperv\code\unnamed_rpg\vendor\json\include\nlohmann/detail/conversions/to_json.hpp(331,71): warning: rvalue references are incompatible with C++98 [-Wc++98-compat]
[build]   331 | inline void to_json(BasicJsonType& j, typename BasicJsonType::string_t&& s)
[build]       |                                                                       ^
[build] C:\Users\pperv\code\unnamed_rpg\vendor\json\include\nlohmann/detail/conversions/to_json.hpp(338,54): warning: noexcept specifications are incompatible with C++98 [-Wc++98-compat]
[build]   338 | inline void to_json(BasicJsonType& j, FloatType val) noexcept
[build]       |                                                      ^
[build] C:\Users\pperv\code\unnamed_rpg\vendor\json\include\nlohmann/detail/conversions/to_json.hpp(337,69): warning: default template arguments for a function template are incompatible with C++98 [-Wc++98-compat]
[build]   337 |          enable_if_t<std::is_floating_point<FloatType>::value, int> = 0>
[build]       |                                                                     ^ ~
[build] C:\Users\pperv\code\unnamed_rpg\vendor\json\include\nlohmann/detail/conversions/to_json.hpp(345,73): warning: noexcept specifications are incompatible with C++98 [-Wc++98-compat]
[build]   345 | inline void to_json(BasicJsonType& j, CompatibleNumberUnsignedType val) noexcept
[build]       |                                                                         ^
[build] C:\Users\pperv\code\unnamed_rpg\vendor\json\include\nlohmann/detail/conversions/to_json.hpp(344,135): warning: default template arguments for a function template are incompatible with C++98 [-Wc++98-compat]
[build]   344 |          enable_if_t<is_compatible_integer_type<typename BasicJsonType::number_unsigned_t, CompatibleNumberUnsignedType>::value, int> = 0>
[build]       |                                                                                                                                       ^ ~
[build] C:\Users\pperv\code\unnamed_rpg\vendor\json\include\nlohmann/detail/conversions/to_json.hpp(352,72): warning: noexcept specifications are incompatible with C++98 [-Wc++98-compat]
[build]   352 | inline void to_json(BasicJsonType& j, CompatibleNumberIntegerType val) noexcept
[build]       |                                                                        ^
[build] C:\Users\pperv\code\unnamed_rpg\vendor\json\include\nlohmann/detail/conversions/to_json.hpp(351,133): warning: default template arguments for a function template are incompatible with C++98 [-Wc++98-compat]
[build]   351 |          enable_if_t<is_compatible_integer_type<typename BasicJsonType::number_integer_t, CompatibleNumberIntegerType>::value, int> = 0>
[build]       |                                                                                                                                     ^ ~
[build] C:\Users\pperv\code\unnamed_rpg\vendor\json\include\nlohmann/detail/conversions/to_json.hpp(360,51): warning: noexcept specifications are incompatible with C++98 [-Wc++98-compat]
[build]   360 | inline void to_json(BasicJsonType& j, EnumType e) noexcept
[build]       |                                                   ^
[build] C:\Users\pperv\code\unnamed_rpg\vendor\json\include\nlohmann/detail/conversions/to_json.hpp(359,58): warning: default template arguments for a function template are incompatible with C++98 [-Wc++98-compat]
[build]   359 |          enable_if_t<std::is_enum<EnumType>::value, int> = 0>
[build]       |                                                          ^ ~
[build] C:\Users\pperv\code\unnamed_rpg\vendor\json\include\nlohmann/detail/conversions/to_json.hpp(386,32): warning: default template arguments for a function template are incompatible with C++98 [-Wc++98-compat]
[build]   386 |                          int > = 0 >
[build]       |                                ^ ~
[build] C:\Users\pperv\code\unnamed_rpg\vendor\json\include\nlohmann/detail/conversions/to_json.hpp(412,32): warning: default template arguments for a function template are incompatible with C++98 [-Wc++98-compat]
[build]   412 |                          int > = 0 >
[build]       |                                ^ ~
[build] C:\Users\pperv\code\unnamed_rpg\vendor\json\include\nlohmann/detail/conversions/to_json.hpp(419,73): warning: default template arguments for a function template are incompatible with C++98 [-Wc++98-compat]
[build]   419 |          enable_if_t<std::is_convertible<T, BasicJsonType>::value, int> = 0>
[build]       |                                                                         ^ ~
[build] C:\Users\pperv\code\unnamed_rpg\vendor\json\include\nlohmann/detail/conversions/to_json.hpp(426,70): warning: rvalue references are incompatible with C++98 [-Wc++98-compat]
[build]   426 | inline void to_json(BasicJsonType& j, typename BasicJsonType::array_t&& arr)
[build]       |                                                                      ^
[build] C:\Users\pperv\code\unnamed_rpg\vendor\json\include\nlohmann/detail/conversions/to_json.hpp(432,149): warning: default template arguments for a function template are incompatible with C++98 [-Wc++98-compat]
[build]   432 |            enable_if_t < is_compatible_object_type<BasicJsonType, CompatibleObjectType>::value&& !is_basic_json<CompatibleObjectType>::value, int > = 0 >
[build]       |                                                                                                                                                     ^ ~
[build] C:\Users\pperv\code\unnamed_rpg\vendor\json\include\nlohmann/detail/conversions/to_json.hpp(439,71): warning: rvalue references are incompatible with C++98 [-Wc++98-compat]
[build]   439 | inline void to_json(BasicJsonType& j, typename BasicJsonType::object_t&& obj)
[build]       |                                                                       ^
[build] C:\Users\pperv\code\unnamed_rpg\vendor\json\include\nlohmann/detail/conversions/to_json.hpp(448,25): warning: default template arguments for a function template are incompatible with C++98 [-Wc++98-compat]
[build]   448 |                   int > = 0 >
[build]       |                         ^ ~
[build] C:\Users\pperv\code\unnamed_rpg\vendor\json\include\nlohmann/detail/conversions/to_json.hpp(454,181): warning: default template arguments for a function template are incompatible with C++98 [-Wc++98-compat]
[build]   454 | template < typename BasicJsonType, typename T1, typename T2, enable_if_t < std::is_constructible<BasicJsonType, T1>::value&& std::is_constructible<BasicJsonType, T2>::value, int > = 0 >
[build]       |                                                                                                                                                                                     ^ ~
[build] C:\Users\pperv\code\unnamed_rpg\vendor\json\include\nlohmann/detail/conversions/to_json.hpp(462,92): warning: consecutive right angle brackets are incompatible with C++98 (use '> >') [-Wc++98-compat]
[build]   462 |          enable_if_t<std::is_same<T, iteration_proxy_value<typename BasicJsonType::iterator>>::value, int> = 0>
[build]       |                                                                                            ^~
[build]       |                                                                                            > >
[build] C:\Users\pperv\code\unnamed_rpg\vendor\json\include\nlohmann/detail/conversions/to_json.hpp(462,108): warning: default template arguments for a function template are incompatible with C++98 [-Wc++98-compat]
[build]   462 |          enable_if_t<std::is_same<T, iteration_proxy_value<typename BasicJsonType::iterator>>::value, int> = 0>
[build]       |                                                                                                            ^ ~
[build] C:\Users\pperv\code\unnamed_rpg\vendor\json\include\nlohmann/detail/conversions/to_json.hpp(468,61): warning: variadic templates are incompatible with C++98 [-Wc++98-compat]
[build]   468 | template<typename BasicJsonType, typename Tuple, std::size_t... Idx>
[build]       |                                                             ^
[build] C:\Users\pperv\code\unnamed_rpg\vendor\json\include\nlohmann/detail/conversions/to_json.hpp(481,113): warning: default template arguments for a function template are incompatible with C++98 [-Wc++98-compat]
[build]   481 | template<typename BasicJsonType, typename T, enable_if_t<is_constructible_tuple<BasicJsonType, T>::value, int > = 0>
[build]       |                                                                                                                 ^ ~
[build] C:\Users\pperv\code\unnamed_rpg\vendor\json\include\nlohmann/detail/conversions/to_json.hpp(513,40): warning: rvalue references are incompatible with C++98 [-Wc++98-compat]
[build]   513 |     auto operator()(BasicJsonType& j, T&& val) const noexcept(noexcept(to_json(j, std::forward<T>(val))))
[build]       |                                        ^
[build] C:\Users\pperv\code\unnamed_rpg\vendor\json\include\nlohmann/detail/conversions/to_json.hpp(514,5): warning: trailing return types are incompatible with C++98 [-Wc++98-compat]
[build]   514 |     -> decltype(to_json(j, std::forward<T>(val)), void())
[build]       |     ^
[build] C:\Users\pperv\code\unnamed_rpg\vendor\json\include\nlohmann/detail/conversions/to_json.hpp(514,8): warning: 'decltype' type specifier is incompatible with C++98 [-Wc++98-compat]
[build]   514 |     -> decltype(to_json(j, std::forward<T>(val)), void())
[build]       |        ^
[build] C:\Users\pperv\code\unnamed_rpg\vendor\json\include\nlohmann/detail/conversions/to_json.hpp(513,54): warning: noexcept specifications are incompatible with C++98 [-Wc++98-compat]
[build]   513 |     auto operator()(BasicJsonType& j, T&& val) const noexcept(noexcept(to_json(j, std::forward<T>(val))))
[build]       |                                                      ^
[build] C:\Users\pperv\code\unnamed_rpg\vendor\json\include\nlohmann/detail/conversions/to_json.hpp(513,63): warning: noexcept expressions are incompatible with C++98 [-Wc++98-compat]
[build]   513 |     auto operator()(BasicJsonType& j, T&& val) const noexcept(noexcept(to_json(j, std::forward<T>(val))))
[build]       |                                                               ^
[build] C:\Users\pperv\code\unnamed_rpg\vendor\json\include\nlohmann/detail/conversions/to_json.hpp(528,22): warning: 'constexpr' specifier is incompatible with C++98 [-Wc++98-compat]
[build]   528 | JSON_INLINE_VARIABLE constexpr const auto& to_json = // NOLINT(misc-definitions-in-headers)
[build]       |                      ^
[build] C:\Users\pperv\code\unnamed_rpg\vendor\json\include\nlohmann/detail/conversions/to_json.hpp(528,38): warning: 'auto' type specifier is incompatible with C++98 [-Wc++98-compat]
[build]   528 | JSON_INLINE_VARIABLE constexpr const auto& to_json = // NOLINT(misc-definitions-in-headers)
[build]       |                                      ^~~~
[build] In file included from C:\Users\pperv\code\unnamed_rpg\vendor\json-schema-validator\src\json-validator.cpp:9:
[build] In file included from C:\Users\pperv\code\unnamed_rpg\vendor\json-schema-validator\src\nlohmann/json-schema.hpp:24:
[build] In file included from C:\Users\pperv\code\unnamed_rpg\vendor\json\include\nlohmann/json.hpp:44:
[build] C:\Users\pperv\code\unnamed_rpg\vendor\json\include\nlohmann/adl_serializer.hpp(18,1): warning: empty macro arguments are incompatible with C++98 [-Wc++98-compat-pedantic]
[build]    18 | NLOHMANN_JSON_NAMESPACE_BEGIN
[build]       | ^
[build] C:\Users\pperv\code\unnamed_rpg\vendor\json\include\nlohmann/detail/abi_macros.hpp(102,17): note: expanded from macro 'NLOHMANN_JSON_NAMESPACE_BEGIN'
[build]   102 |                 NLOHMANN_JSON_ABI_TAGS,              \
[build]       |                 ^
[build] C:\Users\pperv\code\unnamed_rpg\vendor\json\include\nlohmann/detail/abi_macros.hpp(65,5): note: expanded from macro 'NLOHMANN_JSON_ABI_TAGS'
[build]    65 |     NLOHMANN_JSON_ABI_TAGS_CONCAT(                                   \
[build]       |     ^
[build] C:\Users\pperv\code\unnamed_rpg\vendor\json\include\nlohmann/detail/abi_macros.hpp(62,39): note: expanded from macro 'NLOHMANN_JSON_ABI_TAGS_CONCAT'
[build]    62 |     NLOHMANN_JSON_ABI_TAGS_CONCAT_EX(a, b, c)
[build]       |                                       ^
[build] In file included from C:\Users\pperv\code\unnamed_rpg\vendor\json-schema-validator\src\json-validator.cpp:9:
[build] In file included from C:\Users\pperv\code\unnamed_rpg\vendor\json-schema-validator\src\nlohmann/json-schema.hpp:24:
[build] In file included from C:\Users\pperv\code\unnamed_rpg\vendor\json\include\nlohmann/json.hpp:44:
[build] C:\Users\pperv\code\unnamed_rpg\vendor\json\include\nlohmann/adl_serializer.hpp(18,1): warning: empty macro arguments are incompatible with C++98 [-Wc++98-compat-pedantic]
[build] C:\Users\pperv\code\unnamed_rpg\vendor\json\include\nlohmann/detail/abi_macros.hpp(102,17): note: expanded from macro 'NLOHMANN_JSON_NAMESPACE_BEGIN'
[build]   102 |                 NLOHMANN_JSON_ABI_TAGS,              \
[build]       |                 ^
[build] C:\Users\pperv\code\unnamed_rpg\vendor\json\include\nlohmann/detail/abi_macros.hpp(65,5): note: expanded from macro 'NLOHMANN_JSON_ABI_TAGS'
[build]    65 |     NLOHMANN_JSON_ABI_TAGS_CONCAT(                                   \
[build]       |     ^
[build] C:\Users\pperv\code\unnamed_rpg\vendor\json\include\nlohmann/detail/abi_macros.hpp(62,42): note: expanded from macro 'NLOHMANN_JSON_ABI_TAGS_CONCAT'
[build]    62 |     NLOHMANN_JSON_ABI_TAGS_CONCAT_EX(a, b, c)
[build]       |                                          ^
[build] In file included from C:\Users\pperv\code\unnamed_rpg\vendor\json-schema-validator\src\json-validator.cpp:9:
[build] In file included from C:\Users\pperv\code\unnamed_rpg\vendor\json-schema-validator\src\nlohmann/json-schema.hpp:24:
[build] In file included from C:\Users\pperv\code\unnamed_rpg\vendor\json\include\nlohmann/json.hpp:44:
[build] C:\Users\pperv\code\unnamed_rpg\vendor\json\include\nlohmann/adl_serializer.hpp(18,1): warning: empty macro arguments are incompatible with C++98 [-Wc++98-compat-pedantic]
[build] C:\Users\pperv\code\unnamed_rpg\vendor\json\include\nlohmann/detail/abi_macros.hpp(102,17): note: expanded from macro 'NLOHMANN_JSON_NAMESPACE_BEGIN'
[build]   102 |                 NLOHMANN_JSON_ABI_TAGS,              \
[build]       |                 ^
[build] C:\Users\pperv\code\unnamed_rpg\vendor\json\include\nlohmann/detail/abi_macros.hpp(65,5): note: expanded from macro 'NLOHMANN_JSON_ABI_TAGS'
[build]    65 |     NLOHMANN_JSON_ABI_TAGS_CONCAT(                                   \
[build]       |     ^
[build] C:\Users\pperv\code\unnamed_rpg\vendor\json\include\nlohmann/detail/abi_macros.hpp(62,45): note: expanded from macro 'NLOHMANN_JSON_ABI_TAGS_CONCAT'
[build]    62 |     NLOHMANN_JSON_ABI_TAGS_CONCAT_EX(a, b, c)
[build]       |                                             ^
[build] In file included from C:\Users\pperv\code\unnamed_rpg\vendor\json-schema-validator\src\json-validator.cpp:9:
[build] In file included from C:\Users\pperv\code\unnamed_rpg\vendor\json-schema-validator\src\nlohmann/json-schema.hpp:24:
[build] In file included from C:\Users\pperv\code\unnamed_rpg\vendor\json\include\nlohmann/json.hpp:44:
[build] C:\Users\pperv\code\unnamed_rpg\vendor\json\include\nlohmann/adl_serializer.hpp(18,1): warning: inline namespaces are incompatible with C++98 [-Wc++98-compat]
[build] C:\Users\pperv\code\unnamed_rpg\vendor\json\include\nlohmann/detail/abi_macros.hpp(101,5): note: expanded from macro 'NLOHMANN_JSON_NAMESPACE_BEGIN'
[build]   101 |     inline namespace NLOHMANN_JSON_NAMESPACE_CONCAT( \
[build]       |     ^
[build] In file included from C:\Users\pperv\code\unnamed_rpg\vendor\json-schema-validator\src\json-validator.cpp:9:
[build] In file included from C:\Users\pperv\code\unnamed_rpg\vendor\json-schema-validator\src\nlohmann/json-schema.hpp:24:
[build] In file included from C:\Users\pperv\code\unnamed_rpg\vendor\json\include\nlohmann/json.hpp:44:
[build] C:\Users\pperv\code\unnamed_rpg\vendor\json\include\nlohmann/adl_serializer.hpp(27,41): warning: rvalue references are incompatible with C++98 [-Wc++98-compat]
[build]    27 |     static auto from_json(BasicJsonType && j, TargetType& val) noexcept(
[build]       |                                         ^
[build] C:\Users\pperv\code\unnamed_rpg\vendor\json\include\nlohmann/adl_serializer.hpp(29,5): warning: trailing return types are incompatible with C++98 [-Wc++98-compat]
[build]    29 |     -> decltype(::nlohmann::from_json(std::forward<BasicJsonType>(j), val), void())
[build]       |     ^
[build] C:\Users\pperv\code\unnamed_rpg\vendor\json\include\nlohmann/adl_serializer.hpp(29,8): warning: 'decltype' type specifier is incompatible with C++98 [-Wc++98-compat]
[build]    29 |     -> decltype(::nlohmann::from_json(std::forward<BasicJsonType>(j), val), void())
[build]       |        ^
[build] C:\Users\pperv\code\unnamed_rpg\vendor\json\include\nlohmann/adl_serializer.hpp(26,47): warning: default template arguments for a function template are incompatible with C++98 [-Wc++98-compat]
[build]    26 |     template<typename BasicJsonType, typename TargetType = ValueType>
[build]       |                                               ^            ~~~~~~~~~
[build] C:\Users\pperv\code\unnamed_rpg\vendor\json\include\nlohmann/adl_serializer.hpp(37,41): warning: rvalue references are incompatible with C++98 [-Wc++98-compat]
[build]    37 |     static auto from_json(BasicJsonType && j) noexcept(
[build]       |                                         ^
[build] C:\Users\pperv\code\unnamed_rpg\vendor\json\include\nlohmann/adl_serializer.hpp(39,5): warning: trailing return types are incompatible with C++98 [-Wc++98-compat]
[build]    39 |     -> decltype(::nlohmann::from_json(std::forward<BasicJsonType>(j), detail::identity_tag<TargetType> {}))
[build]       |     ^
[build] C:\Users\pperv\code\unnamed_rpg\vendor\json\include\nlohmann/adl_serializer.hpp(39,8): warning: 'decltype' type specifier is incompatible with C++98 [-Wc++98-compat]
[build]    39 |     -> decltype(::nlohmann::from_json(std::forward<BasicJsonType>(j), detail::identity_tag<TargetType> {}))
[build]       |        ^
[build] C:\Users\pperv\code\unnamed_rpg\vendor\json\include\nlohmann/adl_serializer.hpp(39,104): warning: generalized initializer lists are incompatible with C++98 [-Wc++98-compat]
[build]    39 |     -> decltype(::nlohmann::from_json(std::forward<BasicJsonType>(j), detail::identity_tag<TargetType> {}))
[build]       |                                                                                                        ^
[build] C:\Users\pperv\code\unnamed_rpg\vendor\json\include\nlohmann/adl_serializer.hpp(36,47): warning: default template arguments for a function template are incompatible with C++98 [-Wc++98-compat]
[build]    36 |     template<typename BasicJsonType, typename TargetType = ValueType>
[build]       |                                               ^            ~~~~~~~~~
[build] C:\Users\pperv\code\unnamed_rpg\vendor\json\include\nlohmann/adl_serializer.hpp(47,54): warning: rvalue references are incompatible with C++98 [-Wc++98-compat]
[build]    47 |     static auto to_json(BasicJsonType& j, TargetType && val) noexcept(
[build]       |                                                      ^
[build] C:\Users\pperv\code\unnamed_rpg\vendor\json\include\nlohmann/adl_serializer.hpp(49,5): warning: trailing return types are incompatible with C++98 [-Wc++98-compat]
[build]    49 |     -> decltype(::nlohmann::to_json(j, std::forward<TargetType>(val)), void())
[build]       |     ^
[build] C:\Users\pperv\code\unnamed_rpg\vendor\json\include\nlohmann/adl_serializer.hpp(49,8): warning: 'decltype' type specifier is incompatible with C++98 [-Wc++98-compat]
[build]    49 |     -> decltype(::nlohmann::to_json(j, std::forward<TargetType>(val)), void())
[build]       |        ^
[build] C:\Users\pperv\code\unnamed_rpg\vendor\json\include\nlohmann/adl_serializer.hpp(46,47): warning: default template arguments for a function template are incompatible with C++98 [-Wc++98-compat]
[build]    46 |     template<typename BasicJsonType, typename TargetType = ValueType>
[build]       |                                               ^            ~~~~~~~~~
[build] C:\Users\pperv\code\unnamed_rpg\vendor\json\include\nlohmann/adl_serializer.hpp(27,64): warning: noexcept specifications are incompatible with C++98 [-Wc++98-compat]
[build]    27 |     static auto from_json(BasicJsonType && j, TargetType& val) noexcept(
[build]       |                                                                ^
[build] C:\Users\pperv\code\unnamed_rpg\vendor\json\include\nlohmann/adl_serializer.hpp(28,9): warning: noexcept expressions are incompatible with C++98 [-Wc++98-compat]
[build]    28 |         noexcept(::nlohmann::from_json(std::forward<BasicJsonType>(j), val)))
[build]       |         ^
[build] C:\Users\pperv\code\unnamed_rpg\vendor\json\include\nlohmann/adl_serializer.hpp(37,47): warning: noexcept specifications are incompatible with C++98 [-Wc++98-compat]
[build]    37 |     static auto from_json(BasicJsonType && j) noexcept(
[build]       |                                               ^
[build] C:\Users\pperv\code\unnamed_rpg\vendor\json\include\nlohmann/adl_serializer.hpp(38,5): warning: noexcept expressions are incompatible with C++98 [-Wc++98-compat]
[build]    38 |     noexcept(::nlohmann::from_json(std::forward<BasicJsonType>(j), detail::identity_tag<TargetType> {})))
[build]       |     ^
[build] C:\Users\pperv\code\unnamed_rpg\vendor\json\include\nlohmann/adl_serializer.hpp(38,101): warning: generalized initializer lists are incompatible with C++98 [-Wc++98-compat]
[build]    38 |     noexcept(::nlohmann::from_json(std::forward<BasicJsonType>(j), detail::identity_tag<TargetType> {})))
[build]       |                                                                                                     ^
[build] C:\Users\pperv\code\unnamed_rpg\vendor\json\include\nlohmann/adl_serializer.hpp(47,62): warning: noexcept specifications are incompatible with C++98 [-Wc++98-compat]
[build]    47 |     static auto to_json(BasicJsonType& j, TargetType && val) noexcept(
[build]       |                                                              ^
[build] C:\Users\pperv\code\unnamed_rpg\vendor\json\include\nlohmann/adl_serializer.hpp(48,9): warning: noexcept expressions are incompatible with C++98 [-Wc++98-compat]
[build]    48 |         noexcept(::nlohmann::to_json(j, std::forward<TargetType>(val))))
[build]       |         ^
[build] In file included from C:\Users\pperv\code\unnamed_rpg\vendor\json-schema-validator\src\json-validator.cpp:9:
[build] In file included from C:\Users\pperv\code\unnamed_rpg\vendor\json-schema-validator\src\nlohmann/json-schema.hpp:24:
[build] In file included from C:\Users\pperv\code\unnamed_rpg\vendor\json\include\nlohmann/json.hpp:45:
[build] C:\Users\pperv\code\unnamed_rpg\vendor\json\include\nlohmann/byte_container_with_subtype.hpp(17,1): warning: empty macro arguments are incompatible with C++98 [-Wc++98-compat-pedantic]
[build]    17 | NLOHMANN_JSON_NAMESPACE_BEGIN
[build]       | ^
[build] C:\Users\pperv\code\unnamed_rpg\vendor\json\include\nlohmann/detail/abi_macros.hpp(102,17): note: expanded from macro 'NLOHMANN_JSON_NAMESPACE_BEGIN'
[build]   102 |                 NLOHMANN_JSON_ABI_TAGS,              \
[build]       |                 ^
[build] C:\Users\pperv\code\unnamed_rpg\vendor\json\include\nlohmann/detail/abi_macros.hpp(65,5): note: expanded from macro 'NLOHMANN_JSON_ABI_TAGS'
[build]    65 |     NLOHMANN_JSON_ABI_TAGS_CONCAT(                                   \
[build]       |     ^
[build] C:\Users\pperv\code\unnamed_rpg\vendor\json\include\nlohmann/detail/abi_macros.hpp(62,39): note: expanded from macro 'NLOHMANN_JSON_ABI_TAGS_CONCAT'
[build]    62 |     NLOHMANN_JSON_ABI_TAGS_CONCAT_EX(a, b, c)
[build]       |                                       ^
[build] In file included from C:\Users\pperv\code\unnamed_rpg\vendor\json-schema-validator\src\json-validator.cpp:9:
[build] In file included from C:\Users\pperv\code\unnamed_rpg\vendor\json-schema-validator\src\nlohmann/json-schema.hpp:24:
[build] In file included from C:\Users\pperv\code\unnamed_rpg\vendor\json\include\nlohmann/json.hpp:45:
[build] C:\Users\pperv\code\unnamed_rpg\vendor\json\include\nlohmann/byte_container_with_subtype.hpp(17,1): warning: empty macro arguments are incompatible with C++98 [-Wc++98-compat-pedantic]
[build] C:\Users\pperv\code\unnamed_rpg\vendor\json\include\nlohmann/detail/abi_macros.hpp(102,17): note: expanded from macro 'NLOHMANN_JSON_NAMESPACE_BEGIN'
[build]   102 |                 NLOHMANN_JSON_ABI_TAGS,              \
[build]       |                 ^
[build] C:\Users\pperv\code\unnamed_rpg\vendor\json\include\nlohmann/detail/abi_macros.hpp(65,5): note: expanded from macro 'NLOHMANN_JSON_ABI_TAGS'
[build]    65 |     NLOHMANN_JSON_ABI_TAGS_CONCAT(                                   \
[build]       |     ^
[build] C:\Users\pperv\code\unnamed_rpg\vendor\json\include\nlohmann/detail/abi_macros.hpp(62,42): note: expanded from macro 'NLOHMANN_JSON_ABI_TAGS_CONCAT'
[build]    62 |     NLOHMANN_JSON_ABI_TAGS_CONCAT_EX(a, b, c)
[build]       |                                          ^
[build] In file included from C:\Users\pperv\code\unnamed_rpg\vendor\json-schema-validator\src\json-validator.cpp:9:
[build] In file included from C:\Users\pperv\code\unnamed_rpg\vendor\json-schema-validator\src\nlohmann/json-schema.hpp:24:
[build] In file included from C:\Users\pperv\code\unnamed_rpg\vendor\json\include\nlohmann/json.hpp:45:
[build] C:\Users\pperv\code\unnamed_rpg\vendor\json\include\nlohmann/byte_container_with_subtype.hpp(17,1): warning: empty macro arguments are incompatible with C++98 [-Wc++98-compat-pedantic]
[build] C:\Users\pperv\code\unnamed_rpg\vendor\json\include\nlohmann/detail/abi_macros.hpp(102,17): note: expanded from macro 'NLOHMANN_JSON_NAMESPACE_BEGIN'
[build]   102 |                 NLOHMANN_JSON_ABI_TAGS,              \
[build]       |                 ^
[build] C:\Users\pperv\code\unnamed_rpg\vendor\json\include\nlohmann/detail/abi_macros.hpp(65,5): note: expanded from macro 'NLOHMANN_JSON_ABI_TAGS'
[build]    65 |     NLOHMANN_JSON_ABI_TAGS_CONCAT(                                   \
[build]       |     ^
[build] C:\Users\pperv\code\unnamed_rpg\vendor\json\include\nlohmann/detail/abi_macros.hpp(62,45): note: expanded from macro 'NLOHMANN_JSON_ABI_TAGS_CONCAT'
[build]    62 |     NLOHMANN_JSON_ABI_TAGS_CONCAT_EX(a, b, c)
[build]       |                                             ^
[build] In file included from C:\Users\pperv\code\unnamed_rpg\vendor\json-schema-validator\src\json-validator.cpp:9:
[build] In file included from C:\Users\pperv\code\unnamed_rpg\vendor\json-schema-validator\src\nlohmann/json-schema.hpp:24:
[build] In file included from C:\Users\pperv\code\unnamed_rpg\vendor\json\include\nlohmann/json.hpp:45:
[build] C:\Users\pperv\code\unnamed_rpg\vendor\json\include\nlohmann/byte_container_with_subtype.hpp(17,1): warning: inline namespaces are incompatible with C++98 [-Wc++98-compat]
[build] C:\Users\pperv\code\unnamed_rpg\vendor\json\include\nlohmann/detail/abi_macros.hpp(101,5): note: expanded from macro 'NLOHMANN_JSON_NAMESPACE_BEGIN'
[build]   101 |     inline namespace NLOHMANN_JSON_NAMESPACE_CONCAT( \
[build]       |     ^
[build] In file included from C:\Users\pperv\code\unnamed_rpg\vendor\json-schema-validator\src\json-validator.cpp:9:
[build] In file included from C:\Users\pperv\code\unnamed_rpg\vendor\json-schema-validator\src\nlohmann/json-schema.hpp:24:
[build] In file included from C:\Users\pperv\code\unnamed_rpg\vendor\json\include\nlohmann/json.hpp:45:
[build] C:\Users\pperv\code\unnamed_rpg\vendor\json\include\nlohmann/byte_container_with_subtype.hpp(25,28): warning: alias declarations are incompatible with C++98 [-Wc++98-compat]
[build]    25 |     using container_type = BinaryType;
[build]       |                            ^
[build] C:\Users\pperv\code\unnamed_rpg\vendor\json\include\nlohmann/byte_container_with_subtype.hpp(26,26): warning: alias declarations are incompatible with C++98 [-Wc++98-compat]
[build]    26 |     using subtype_type = std::uint64_t;
[build]       |                          ^
[build] C:\Users\pperv\code\unnamed_rpg\vendor\json\include\nlohmann/byte_container_with_subtype.hpp(39,47): warning: rvalue references are incompatible with C++98 [-Wc++98-compat]
[build]    39 |     byte_container_with_subtype(container_type&& b) noexcept(noexcept(container_type(std::move(b))))
[build]       |                                               ^
[build] C:\Users\pperv\code\unnamed_rpg\vendor\json\include\nlohmann/byte_container_with_subtype.hpp(51,47): warning: rvalue references are incompatible with C++98 [-Wc++98-compat]
[build]    51 |     byte_container_with_subtype(container_type&& b, subtype_type subtype_) noexcept(noexcept(container_type(std::move(b))))
[build]       |                                               ^
[build] C:\Users\pperv\code\unnamed_rpg\vendor\json\include\nlohmann/byte_container_with_subtype.hpp(71,5): warning: noexcept specifications are incompatible with C++98 [-Wc++98-compat]
[build]    71 |     {
[build]       |     ^
[build] C:\Users\pperv\code\unnamed_rpg\vendor\json\include\nlohmann/byte_container_with_subtype.hpp(78,5): warning: 'constexpr' specifier is incompatible with C++98 [-Wc++98-compat]
[build]    78 |     constexpr subtype_type subtype() const noexcept
[build]       |     ^
[build] C:\Users\pperv\code\unnamed_rpg\vendor\json\include\nlohmann/byte_container_with_subtype.hpp(79,5): warning: noexcept specifications are incompatible with C++98 [-Wc++98-compat]
[build]    79 |     {
[build]       |     ^
[build] C:\Users\pperv\code\unnamed_rpg\vendor\json\include\nlohmann/byte_container_with_subtype.hpp(85,5): warning: 'constexpr' specifier is incompatible with C++98 [-Wc++98-compat]
[build]    85 |     constexpr bool has_subtype() const noexcept
[build]       |     ^
[build] C:\Users\pperv\code\unnamed_rpg\vendor\json\include\nlohmann/byte_container_with_subtype.hpp(86,5): warning: noexcept specifications are incompatible with C++98 [-Wc++98-compat]
[build]    86 |     {
[build]       |     ^
[build] C:\Users\pperv\code\unnamed_rpg\vendor\json\include\nlohmann/byte_container_with_subtype.hpp(93,5): warning: noexcept specifications are incompatible with C++98 [-Wc++98-compat]
[build]    93 |     {
[build]       |     ^
[build] C:\Users\pperv\code\unnamed_rpg\vendor\json\include\nlohmann/byte_container_with_subtype.hpp(99,28): warning: default member initializer for non-static data members is incompatible with C++98 [-Wc++98-compat]
[build]    99 |     subtype_type m_subtype = 0;
[build]       |                            ^
[build] C:\Users\pperv\code\unnamed_rpg\vendor\json\include\nlohmann/byte_container_with_subtype.hpp(100,24): warning: default member initializer for non-static data members is incompatible with C++98 [-Wc++98-compat]
[build]   100 |     bool m_has_subtype = false;
[build]       |                        ^
[build] C:\Users\pperv\code\unnamed_rpg\vendor\json\include\nlohmann/byte_container_with_subtype.hpp(29,35): warning: noexcept specifications are incompatible with C++98 [-Wc++98-compat]
[build]    29 |     byte_container_with_subtype() noexcept(noexcept(container_type()))
[build]       |                                   ^
[build] C:\Users\pperv\code\unnamed_rpg\vendor\json\include\nlohmann/byte_container_with_subtype.hpp(29,44): warning: noexcept expressions are incompatible with C++98 [-Wc++98-compat]
[build]    29 |     byte_container_with_subtype() noexcept(noexcept(container_type()))
[build]       |                                            ^
[build] C:\Users\pperv\code\unnamed_rpg\vendor\json\include\nlohmann/byte_container_with_subtype.hpp(34,58): warning: noexcept specifications are incompatible with C++98 [-Wc++98-compat]
[build]    34 |     byte_container_with_subtype(const container_type& b) noexcept(noexcept(container_type(b)))
[build]       |                                                          ^
[build] C:\Users\pperv\code\unnamed_rpg\vendor\json\include\nlohmann/byte_container_with_subtype.hpp(34,67): warning: noexcept expressions are incompatible with C++98 [-Wc++98-compat]
[build]    34 |     byte_container_with_subtype(const container_type& b) noexcept(noexcept(container_type(b)))
[build]       |                                                                   ^
[build] C:\Users\pperv\code\unnamed_rpg\vendor\json\include\nlohmann/byte_container_with_subtype.hpp(39,53): warning: noexcept specifications are incompatible with C++98 [-Wc++98-compat]
[build]    39 |     byte_container_with_subtype(container_type&& b) noexcept(noexcept(container_type(std::move(b))))
[build]       |                                                     ^
[build] C:\Users\pperv\code\unnamed_rpg\vendor\json\include\nlohmann/byte_container_with_subtype.hpp(39,62): warning: noexcept expressions are incompatible with C++98 [-Wc++98-compat]
[build]    39 |     byte_container_with_subtype(container_type&& b) noexcept(noexcept(container_type(std::move(b))))
[build]       |                                                              ^
[build] C:\Users\pperv\code\unnamed_rpg\vendor\json\include\nlohmann/byte_container_with_subtype.hpp(44,81): warning: noexcept specifications are incompatible with C++98 [-Wc++98-compat]
[build]    44 |     byte_container_with_subtype(const container_type& b, subtype_type subtype_) noexcept(noexcept(container_type(b)))
[build]       |                                                                                 ^
[build] C:\Users\pperv\code\unnamed_rpg\vendor\json\include\nlohmann/byte_container_with_subtype.hpp(44,90): warning: noexcept expressions are incompatible with C++98 [-Wc++98-compat]
[build]    44 |     byte_container_with_subtype(const container_type& b, subtype_type subtype_) noexcept(noexcept(container_type(b)))
[build]       |                                                                                          ^
[build] C:\Users\pperv\code\unnamed_rpg\vendor\json\include\nlohmann/byte_container_with_subtype.hpp(51,76): warning: noexcept specifications are incompatible with C++98 [-Wc++98-compat]
[build]    51 |     byte_container_with_subtype(container_type&& b, subtype_type subtype_) noexcept(noexcept(container_type(std::move(b))))
[build]       |                                                                            ^
[build] C:\Users\pperv\code\unnamed_rpg\vendor\json\include\nlohmann/byte_container_with_subtype.hpp(51,85): warning: noexcept expressions are incompatible with C++98 [-Wc++98-compat]
[build]    51 |     byte_container_with_subtype(container_type&& b, subtype_type subtype_) noexcept(noexcept(container_type(std::move(b))))
[build]       |                                                                                     ^
[build] In file included from C:\Users\pperv\code\unnamed_rpg\vendor\json-schema-validator\src\json-validator.cpp:9:
[build] In file included from C:\Users\pperv\code\unnamed_rpg\vendor\json-schema-validator\src\nlohmann/json-schema.hpp:24:
[build] In file included from C:\Users\pperv\code\unnamed_rpg\vendor\json\include\nlohmann/json.hpp:49:
[build] C:\Users\pperv\code\unnamed_rpg\vendor\json\include\nlohmann/detail/hash.hpp(18,1): warning: empty macro arguments are incompatible with C++98 [-Wc++98-compat-pedantic]
[build]    18 | NLOHMANN_JSON_NAMESPACE_BEGIN
[build]       | ^
[build] C:\Users\pperv\code\unnamed_rpg\vendor\json\include\nlohmann/detail/abi_macros.hpp(102,17): note: expanded from macro 'NLOHMANN_JSON_NAMESPACE_BEGIN'
[build]   102 |                 NLOHMANN_JSON_ABI_TAGS,              \
[build]       |                 ^
[build] C:\Users\pperv\code\unnamed_rpg\vendor\json\include\nlohmann/detail/abi_macros.hpp(65,5): note: expanded from macro 'NLOHMANN_JSON_ABI_TAGS'
[build]    65 |     NLOHMANN_JSON_ABI_TAGS_CONCAT(                                   \
[build]       |     ^
[build] C:\Users\pperv\code\unnamed_rpg\vendor\json\include\nlohmann/detail/abi_macros.hpp(62,39): note: expanded from macro 'NLOHMANN_JSON_ABI_TAGS_CONCAT'
[build]    62 |     NLOHMANN_JSON_ABI_TAGS_CONCAT_EX(a, b, c)
[build]       |                                       ^
[build] In file included from C:\Users\pperv\code\unnamed_rpg\vendor\json-schema-validator\src\json-validator.cpp:9:
[build] In file included from C:\Users\pperv\code\unnamed_rpg\vendor\json-schema-validator\src\nlohmann/json-schema.hpp:24:
[build] In file included from C:\Users\pperv\code\unnamed_rpg\vendor\json\include\nlohmann/json.hpp:49:
[build] C:\Users\pperv\code\unnamed_rpg\vendor\json\include\nlohmann/detail/hash.hpp(18,1): warning: empty macro arguments are incompatible with C++98 [-Wc++98-compat-pedantic]
[build] C:\Users\pperv\code\unnamed_rpg\vendor\json\include\nlohmann/detail/abi_macros.hpp(102,17): note: expanded from macro 'NLOHMANN_JSON_NAMESPACE_BEGIN'
[build]   102 |                 NLOHMANN_JSON_ABI_TAGS,              \
[build]       |                 ^
[build] C:\Users\pperv\code\unnamed_rpg\vendor\json\include\nlohmann/detail/abi_macros.hpp(65,5): note: expanded from macro 'NLOHMANN_JSON_ABI_TAGS'
[build]    65 |     NLOHMANN_JSON_ABI_TAGS_CONCAT(                                   \
[build]       |     ^
[build] C:\Users\pperv\code\unnamed_rpg\vendor\json\include\nlohmann/detail/abi_macros.hpp(62,42): note: expanded from macro 'NLOHMANN_JSON_ABI_TAGS_CONCAT'
[build]    62 |     NLOHMANN_JSON_ABI_TAGS_CONCAT_EX(a, b, c)
[build]       |                                          ^
[build] In file included from C:\Users\pperv\code\unnamed_rpg\vendor\json-schema-validator\src\json-validator.cpp:9:
[build] In file included from C:\Users\pperv\code\unnamed_rpg\vendor\json-schema-validator\src\nlohmann/json-schema.hpp:24:
[build] In file included from C:\Users\pperv\code\unnamed_rpg\vendor\json\include\nlohmann/json.hpp:49:
[build] C:\Users\pperv\code\unnamed_rpg\vendor\json\include\nlohmann/detail/hash.hpp(18,1): warning: empty macro arguments are incompatible with C++98 [-Wc++98-compat-pedantic]
[build] C:\Users\pperv\code\unnamed_rpg\vendor\json\include\nlohmann/detail/abi_macros.hpp(102,17): note: expanded from macro 'NLOHMANN_JSON_NAMESPACE_BEGIN'
[build]   102 |                 NLOHMANN_JSON_ABI_TAGS,              \
[build]       |                 ^
[build] C:\Users\pperv\code\unnamed_rpg\vendor\json\include\nlohmann/detail/abi_macros.hpp(65,5): note: expanded from macro 'NLOHMANN_JSON_ABI_TAGS'
[build]    65 |     NLOHMANN_JSON_ABI_TAGS_CONCAT(                                   \
[build]       |     ^
[build] C:\Users\pperv\code\unnamed_rpg\vendor\json\include\nlohmann/detail/abi_macros.hpp(62,45): note: expanded from macro 'NLOHMANN_JSON_ABI_TAGS_CONCAT'
[build]    62 |     NLOHMANN_JSON_ABI_TAGS_CONCAT_EX(a, b, c)
[build]       |                                             ^
[build] In file included from C:\Users\pperv\code\unnamed_rpg\vendor\json-schema-validator\src\json-validator.cpp:9:
[build] In file included from C:\Users\pperv\code\unnamed_rpg\vendor\json-schema-validator\src\nlohmann/json-schema.hpp:24:
[build] In file included from C:\Users\pperv\code\unnamed_rpg\vendor\json\include\nlohmann/json.hpp:49:
[build] C:\Users\pperv\code\unnamed_rpg\vendor\json\include\nlohmann/detail/hash.hpp(18,1): warning: inline namespaces are incompatible with C++98 [-Wc++98-compat]
[build] C:\Users\pperv\code\unnamed_rpg\vendor\json\include\nlohmann/detail/abi_macros.hpp(101,5): note: expanded from macro 'NLOHMANN_JSON_NAMESPACE_BEGIN'
[build]   101 |     inline namespace NLOHMANN_JSON_NAMESPACE_CONCAT( \
[build]       |     ^
[build] In file included from C:\Users\pperv\code\unnamed_rpg\vendor\json-schema-validator\src\json-validator.cpp:9:
[build] In file included from C:\Users\pperv\code\unnamed_rpg\vendor\json-schema-validator\src\nlohmann/json-schema.hpp:24:
[build] In file included from C:\Users\pperv\code\unnamed_rpg\vendor\json\include\nlohmann/json.hpp:49:
[build] C:\Users\pperv\code\unnamed_rpg\vendor\json\include\nlohmann/detail/hash.hpp(23,61): warning: noexcept specifications are incompatible with C++98 [-Wc++98-compat]
[build]    23 | inline std::size_t combine(std::size_t seed, std::size_t h) noexcept
[build]       |                                                             ^
[build] In file included from C:\Users\pperv\code\unnamed_rpg\vendor\json-schema-validator\src\json-validator.cpp:9:
[build] In file included from C:\Users\pperv\code\unnamed_rpg\vendor\json-schema-validator\src\nlohmann/json-schema.hpp:24:
[build] In file included from C:\Users\pperv\code\unnamed_rpg\vendor\json\include\nlohmann/json.hpp:50:
[build] In file included from C:\Users\pperv\code\unnamed_rpg\vendor\json\include\nlohmann/detail/input/binary_reader.hpp:28:
[build] C:\Users\pperv\code\unnamed_rpg\vendor\json\include\nlohmann/detail/input/input_adapters.hpp(32,1): warning: empty macro arguments are incompatible with C++98 [-Wc++98-compat-pedantic]
[build]    32 | NLOHMANN_JSON_NAMESPACE_BEGIN
[build]       | ^
[build] C:\Users\pperv\code\unnamed_rpg\vendor\json\include\nlohmann/detail/abi_macros.hpp(102,17): note: expanded from macro 'NLOHMANN_JSON_NAMESPACE_BEGIN'
[build]   102 |                 NLOHMANN_JSON_ABI_TAGS,              \
[build]       |                 ^
[build] C:\Users\pperv\code\unnamed_rpg\vendor\json\include\nlohmann/detail/abi_macros.hpp(65,5): note: expanded from macro 'NLOHMANN_JSON_ABI_TAGS'
[build]    65 |     NLOHMANN_JSON_ABI_TAGS_CONCAT(                                   \
[build]       |     ^
[build] C:\Users\pperv\code\unnamed_rpg\vendor\json\include\nlohmann/detail/abi_macros.hpp(62,39): note: expanded from macro 'NLOHMANN_JSON_ABI_TAGS_CONCAT'
[build]    62 |     NLOHMANN_JSON_ABI_TAGS_CONCAT_EX(a, b, c)
[build]       |                                       ^
[build] In file included from C:\Users\pperv\code\unnamed_rpg\vendor\json-schema-validator\src\json-validator.cpp:9:
[build] In file included from C:\Users\pperv\code\unnamed_rpg\vendor\json-schema-validator\src\nlohmann/json-schema.hpp:24:
[build] In file included from C:\Users\pperv\code\unnamed_rpg\vendor\json\include\nlohmann/json.hpp:50:
[build] In file included from C:\Users\pperv\code\unnamed_rpg\vendor\json\include\nlohmann/detail/input/binary_reader.hpp:28:
[build] C:\Users\pperv\code\unnamed_rpg\vendor\json\include\nlohmann/detail/input/input_adapters.hpp(32,1): warning: empty macro arguments are incompatible with C++98 [-Wc++98-compat-pedantic]
[build] C:\Users\pperv\code\unnamed_rpg\vendor\json\include\nlohmann/detail/abi_macros.hpp(102,17): note: expanded from macro 'NLOHMANN_JSON_NAMESPACE_BEGIN'
[build]   102 |                 NLOHMANN_JSON_ABI_TAGS,              \
[build]       |                 ^
[build] C:\Users\pperv\code\unnamed_rpg\vendor\json\include\nlohmann/detail/abi_macros.hpp(65,5): note: expanded from macro 'NLOHMANN_JSON_ABI_TAGS'
[build]    65 |     NLOHMANN_JSON_ABI_TAGS_CONCAT(                                   \
[build]       |     ^
[build] C:\Users\pperv\code\unnamed_rpg\vendor\json\include\nlohmann/detail/abi_macros.hpp(62,42): note: expanded from macro 'NLOHMANN_JSON_ABI_TAGS_CONCAT'
[build]    62 |     NLOHMANN_JSON_ABI_TAGS_CONCAT_EX(a, b, c)
[build]       |                                          ^
[build] In file included from C:\Users\pperv\code\unnamed_rpg\vendor\json-schema-validator\src\json-validator.cpp:9:
[build] In file included from C:\Users\pperv\code\unnamed_rpg\vendor\json-schema-validator\src\nlohmann/json-schema.hpp:24:
[build] In file included from C:\Users\pperv\code\unnamed_rpg\vendor\json\include\nlohmann/json.hpp:50:
[build] In file included from C:\Users\pperv\code\unnamed_rpg\vendor\json\include\nlohmann/detail/input/binary_reader.hpp:28:
[build] C:\Users\pperv\code\unnamed_rpg\vendor\json\include\nlohmann/detail/input/input_adapters.hpp(32,1): warning: empty macro arguments are incompatible with C++98 [-Wc++98-compat-pedantic]
[build] C:\Users\pperv\code\unnamed_rpg\vendor\json\include\nlohmann/detail/abi_macros.hpp(102,17): note: expanded from macro 'NLOHMANN_JSON_NAMESPACE_BEGIN'
[build]   102 |                 NLOHMANN_JSON_ABI_TAGS,              \
[build]       |                 ^
[build] C:\Users\pperv\code\unnamed_rpg\vendor\json\include\nlohmann/detail/abi_macros.hpp(65,5): note: expanded from macro 'NLOHMANN_JSON_ABI_TAGS'
[build]    65 |     NLOHMANN_JSON_ABI_TAGS_CONCAT(                                   \
[build]       |     ^
[build] C:\Users\pperv\code\unnamed_rpg\vendor\json\include\nlohmann/detail/abi_macros.hpp(62,45): note: expanded from macro 'NLOHMANN_JSON_ABI_TAGS_CONCAT'
[build]    62 |     NLOHMANN_JSON_ABI_TAGS_CONCAT_EX(a, b, c)
[build]       |                                             ^
[build] In file included from C:\Users\pperv\code\unnamed_rpg\vendor\json-schema-validator\src\json-validator.cpp:9:
[build] In file included from C:\Users\pperv\code\unnamed_rpg\vendor\json-schema-validator\src\nlohmann/json-schema.hpp:24:
[build] In file included from C:\Users\pperv\code\unnamed_rpg\vendor\json\include\nlohmann/json.hpp:50:
[build] In file included from C:\Users\pperv\code\unnamed_rpg\vendor\json\include\nlohmann/detail/input/binary_reader.hpp:28:
[build] C:\Users\pperv\code\unnamed_rpg\vendor\json\include\nlohmann/detail/input/input_adapters.hpp(32,1): warning: inline namespaces are incompatible with C++98 [-Wc++98-compat]
[build] C:\Users\pperv\code\unnamed_rpg\vendor\json\include\nlohmann/detail/abi_macros.hpp(101,5): note: expanded from macro 'NLOHMANN_JSON_NAMESPACE_BEGIN'
[build]   101 |     inline namespace NLOHMANN_JSON_NAMESPACE_CONCAT( \
[build]       |     ^
[build] In file included from C:\Users\pperv\code\unnamed_rpg\vendor\json-schema-validator\src\json-validator.cpp:9:
[build] In file included from C:\Users\pperv\code\unnamed_rpg\vendor\json-schema-validator\src\nlohmann/json-schema.hpp:24:
[build] In file included from C:\Users\pperv\code\unnamed_rpg\vendor\json\include\nlohmann/json.hpp:50:
[build] In file included from C:\Users\pperv\code\unnamed_rpg\vendor\json\include\nlohmann/detail/input/binary_reader.hpp:28:
[build] C:\Users\pperv\code\unnamed_rpg\vendor\json\include\nlohmann/detail/input/input_adapters.hpp(37,6): warning: scoped enumerations are incompatible with C++98 [-Wc++98-compat]
[build]    37 | enum class input_format_t { json, cbor, msgpack, ubjson, bson, bjdata };
[build]       |      ^
[build] C:\Users\pperv\code\unnamed_rpg\vendor\json\include\nlohmann/detail/input/input_adapters.hpp(51,23): warning: alias declarations are incompatible with C++98 [-Wc++98-compat]
[build]    51 |     using char_type = char;
[build]       |                       ^
[build] C:\Users\pperv\code\unnamed_rpg\vendor\json\include\nlohmann/detail/input/input_adapters.hpp(55,9): warning: noexcept specifications are incompatible with C++98 [-Wc++98-compat]
[build]    55 |         : m_file(f)
[build]       |         ^
[build] C:\Users\pperv\code\unnamed_rpg\vendor\json\include\nlohmann/detail/input/input_adapters.hpp(61,53): warning: deleted function definitions are incompatible with C++98 [-Wc++98-compat]
[build]    61 |     file_input_adapter(const file_input_adapter&) = delete;
[build]       |                                                     ^
[build] C:\Users\pperv\code\unnamed_rpg\vendor\json\include\nlohmann/detail/input/input_adapters.hpp(62,42): warning: rvalue references are incompatible with C++98 [-Wc++98-compat]
[build]    62 |     file_input_adapter(file_input_adapter&&) noexcept = default;
[build]       |                                          ^
[build] C:\Users\pperv\code\unnamed_rpg\vendor\json\include\nlohmann/detail/input/input_adapters.hpp(62,55): warning: noexcept specifications are incompatible with C++98 [-Wc++98-compat]
[build]    62 |     file_input_adapter(file_input_adapter&&) noexcept = default;
[build]       |                                                       ^
[build] C:\Users\pperv\code\unnamed_rpg\vendor\json\include\nlohmann/detail/input/input_adapters.hpp(62,57): warning: defaulted function definitions are incompatible with C++98 [-Wc++98-compat]
[build]    62 |     file_input_adapter(file_input_adapter&&) noexcept = default;
[build]       |                                                         ^
[build] C:\Users\pperv\code\unnamed_rpg\vendor\json\include\nlohmann/detail/input/input_adapters.hpp(63,64): warning: deleted function definitions are incompatible with C++98 [-Wc++98-compat]
[build]    63 |     file_input_adapter& operator=(const file_input_adapter&) = delete;
[build]       |                                                                ^
[build] C:\Users\pperv\code\unnamed_rpg\vendor\json\include\nlohmann/detail/input/input_adapters.hpp(64,53): warning: rvalue references are incompatible with C++98 [-Wc++98-compat]
[build]    64 |     file_input_adapter& operator=(file_input_adapter&&) = delete;
[build]       |                                                     ^
[build] C:\Users\pperv\code\unnamed_rpg\vendor\json\include\nlohmann/detail/input/input_adapters.hpp(64,59): warning: deleted function definitions are incompatible with C++98 [-Wc++98-compat]
[build]    64 |     file_input_adapter& operator=(file_input_adapter&&) = delete;
[build]       |                                                           ^
[build] C:\Users\pperv\code\unnamed_rpg\vendor\json\include\nlohmann/detail/input/input_adapters.hpp(65,29): warning: defaulted function definitions are incompatible with C++98 [-Wc++98-compat]
[build]    65 |     ~file_input_adapter() = default;
[build]       |                             ^
[build] C:\Users\pperv\code\unnamed_rpg\vendor\json\include\nlohmann/detail/input/input_adapters.hpp(68,5): warning: noexcept specifications are incompatible with C++98 [-Wc++98-compat]
[build]    68 |     {
[build]       |     ^
[build] C:\Users\pperv\code\unnamed_rpg\vendor\json\include\nlohmann/detail/input/input_adapters.hpp(57,31): warning: 'nullptr' is incompatible with C++98 [-Wc++98-compat]
[build]    57 |         JSON_ASSERT(m_file != nullptr);
[build]       |                               ^
[build] C:\Users\pperv\code\unnamed_rpg\vendor\json\include\nlohmann/detail/input/input_adapters.hpp(96,23): warning: alias declarations are incompatible with C++98 [-Wc++98-compat]
[build]    96 |     using char_type = char;
[build]       |                       ^
[build] C:\Users\pperv\code\unnamed_rpg\vendor\json\include\nlohmann/detail/input/input_adapters.hpp(113,57): warning: deleted function definitions are incompatible with C++98 [-Wc++98-compat]
[build]   113 |     input_stream_adapter(const input_stream_adapter&) = delete;
[build]       |                                                         ^
[build] C:\Users\pperv\code\unnamed_rpg\vendor\json\include\nlohmann/detail/input/input_adapters.hpp(114,62): warning: deleted function definitions are incompatible with C++98 [-Wc++98-compat]
[build]   114 |     input_stream_adapter& operator=(input_stream_adapter&) = delete;
[build]       |                                                              ^
[build] C:\Users\pperv\code\unnamed_rpg\vendor\json\include\nlohmann/detail/input/input_adapters.hpp(115,57): warning: rvalue references are incompatible with C++98 [-Wc++98-compat]
[build]   115 |     input_stream_adapter& operator=(input_stream_adapter&&) = delete;
[build]       |                                                         ^
[build] C:\Users\pperv\code\unnamed_rpg\vendor\json\include\nlohmann/detail/input/input_adapters.hpp(115,63): warning: deleted function definitions are incompatible with C++98 [-Wc++98-compat]
[build]   115 |     input_stream_adapter& operator=(input_stream_adapter&&) = delete;
[build]       |                                                               ^
[build] C:\Users\pperv\code\unnamed_rpg\vendor\json\include\nlohmann/detail/input/input_adapters.hpp(117,46): warning: rvalue references are incompatible with C++98 [-Wc++98-compat]
[build]   117 |     input_stream_adapter(input_stream_adapter&& rhs) noexcept
[build]       |                                              ^
[build] C:\Users\pperv\code\unnamed_rpg\vendor\json\include\nlohmann/detail/input/input_adapters.hpp(118,9): warning: noexcept specifications are incompatible with C++98 [-Wc++98-compat]
[build]   118 |         : is(rhs.is), sb(rhs.sb)
[build]       |         ^
[build] C:\Users\pperv\code\unnamed_rpg\vendor\json\include\nlohmann/detail/input/input_adapters.hpp(151,22): warning: default member initializer for non-static data members is incompatible with C++98 [-Wc++98-compat]
[build]   151 |     std::istream* is = nullptr;
[build]       |                      ^
[build] C:\Users\pperv\code\unnamed_rpg\vendor\json\include\nlohmann/detail/input/input_adapters.hpp(152,24): warning: default member initializer for non-static data members is incompatible with C++98 [-Wc++98-compat]
[build]   152 |     std::streambuf* sb = nullptr;
[build]       |                        ^
[build] C:\Users\pperv\code\unnamed_rpg\vendor\json\include\nlohmann/detail/input/input_adapters.hpp(151,24): warning: 'nullptr' is incompatible with C++98 [-Wc++98-compat]
[build]   151 |     std::istream* is = nullptr;
[build]       |                        ^
[build] C:\Users\pperv\code\unnamed_rpg\vendor\json\include\nlohmann/detail/input/input_adapters.hpp(152,26): warning: 'nullptr' is incompatible with C++98 [-Wc++98-compat]
[build]   152 |     std::streambuf* sb = nullptr;
[build]       |                          ^
[build] C:\Users\pperv\code\unnamed_rpg\vendor\json\include\nlohmann/detail/input/input_adapters.hpp(102,19): warning: 'nullptr' is incompatible with C++98 [-Wc++98-compat]
[build]   102 |         if (is != nullptr)
[build]       |                   ^
[build] C:\Users\pperv\code\unnamed_rpg\vendor\json\include\nlohmann/detail/input/input_adapters.hpp(120,18): warning: 'nullptr' is incompatible with C++98 [-Wc++98-compat]
[build]   120 |         rhs.is = nullptr;
[build]       |                  ^
[build] C:\Users\pperv\code\unnamed_rpg\vendor\json\include\nlohmann/detail/input/input_adapters.hpp(121,18): warning: 'nullptr' is incompatible with C++98 [-Wc++98-compat]
[build]   121 |         rhs.sb = nullptr;
[build]       |                  ^
[build] C:\Users\pperv\code\unnamed_rpg\vendor\json\include\nlohmann/detail/input/input_adapters.hpp(129,9): warning: 'auto' type specifier is incompatible with C++98 [-Wc++98-compat]
[build]   129 |         auto res = sb->sbumpc();
[build]       |         ^~~~
[build] C:\Users\pperv\code\unnamed_rpg\vendor\json\include\nlohmann/detail/input/input_adapters.hpp(164,23): warning: alias declarations are incompatible with C++98 [-Wc++98-compat]
[build]   164 |     using char_type = typename std::iterator_traits<IteratorType>::value_type;
[build]       |                       ^
[build] C:\Users\pperv\code\unnamed_rpg\vendor\json\include\nlohmann/detail/input/input_adapters.hpp(172,12): warning: 'constexpr' specifier is incompatible with C++98 [-Wc++98-compat]
[build]   172 |     static constexpr bool supports_seek =
[build]       |            ^
[build] C:\Users\pperv\code\unnamed_rpg\vendor\json\include\nlohmann/detail/input/input_adapters.hpp(226,12): warning: 'constexpr' specifier is incompatible with C++98 [-Wc++98-compat]
[build]   226 |     static constexpr bool iterator_is_contiguous =
[build]       |            ^
[build] C:\Users\pperv\code\unnamed_rpg\vendor\json\include\nlohmann/detail/input/input_adapters.hpp(440,23): warning: alias declarations are incompatible with C++98 [-Wc++98-compat]
[build]   440 |     using char_type = char;
[build]       |                       ^
[build] C:\Users\pperv\code\unnamed_rpg\vendor\json\include\nlohmann/detail/input/input_adapters.hpp(446,5): warning: noexcept specifications are incompatible with C++98 [-Wc++98-compat]
[build]   446 |     {
[build]       |     ^
[build] C:\Users\pperv\code\unnamed_rpg\vendor\json\include\nlohmann/detail/input/input_adapters.hpp(479,64): warning: default member initializer for non-static data members is incompatible with C++98 [-Wc++98-compat]
[build]   479 |     std::array<std::char_traits<char>::int_type, 4> utf8_bytes = {{0, 0, 0, 0}};
[build]       |                                                                ^
[build] C:\Users\pperv\code\unnamed_rpg\vendor\json\include\nlohmann/detail/input/input_adapters.hpp(482,34): warning: default member initializer for non-static data members is incompatible with C++98 [-Wc++98-compat]
[build]   482 |     std::size_t utf8_bytes_index = 0;
[build]       |                                  ^
[build] C:\Users\pperv\code\unnamed_rpg\vendor\json\include\nlohmann/detail/input/input_adapters.hpp(484,35): warning: default member initializer for non-static data members is incompatible with C++98 [-Wc++98-compat]
[build]   484 |     std::size_t utf8_bytes_filled = 0;
[build]       |                                   ^
[build] C:\Users\pperv\code\unnamed_rpg\vendor\json\include\nlohmann/detail/input/input_adapters.hpp(490,27): warning: alias declarations are incompatible with C++98 [-Wc++98-compat]
[build]   490 |     using iterator_type = IteratorType;
[build]       |                           ^
[build] C:\Users\pperv\code\unnamed_rpg\vendor\json\include\nlohmann/detail/input/input_adapters.hpp(491,27): warning: alias declarations are incompatible with C++98 [-Wc++98-compat]
[build]   491 |     using sentinel_type = SentinelType;
[build]       |                           ^
[build] C:\Users\pperv\code\unnamed_rpg\vendor\json\include\nlohmann/detail/input/input_adapters.hpp(492,23): warning: alias declarations are incompatible with C++98 [-Wc++98-compat]
[build]   492 |     using char_type = typename std::iterator_traits<iterator_type>::value_type;
[build]       |                       ^
[build] C:\Users\pperv\code\unnamed_rpg\vendor\json\include\nlohmann/detail/input/input_adapters.hpp(493,26): warning: alias declarations are incompatible with C++98 [-Wc++98-compat]
[build]   493 |     using adapter_type = iterator_input_adapter<iterator_type, sentinel_type>;
[build]       |                          ^
[build] C:\Users\pperv\code\unnamed_rpg\vendor\json\include\nlohmann/detail/input/input_adapters.hpp(507,17): warning: 'decltype' type specifier is incompatible with C++98 [-Wc++98-compat]
[build]   507 |        void_t < decltype(std::declval<IteratorType>() != std::declval<SentinelType>()) >>
[build]       |                 ^
[build] C:\Users\pperv\code\unnamed_rpg\vendor\json\include\nlohmann/detail/input/input_adapters.hpp(507,88): warning: consecutive right angle brackets are incompatible with C++98 (use '> >') [-Wc++98-compat]
[build]   507 |        void_t < decltype(std::declval<IteratorType>() != std::declval<SentinelType>()) >>
[build]       |                                                                                        ^~
[build]       |                                                                                        > >
[build] C:\Users\pperv\code\unnamed_rpg\vendor\json\include\nlohmann/detail/input/input_adapters.hpp(516,17): warning: 'decltype' type specifier is incompatible with C++98 [-Wc++98-compat]
[build]   516 |        void_t < decltype(std::declval<SentinelType>() != std::declval<IteratorType>()) >>
[build]       |                 ^
[build] C:\Users\pperv\code\unnamed_rpg\vendor\json\include\nlohmann/detail/input/input_adapters.hpp(516,88): warning: consecutive right angle brackets are incompatible with C++98 (use '> >') [-Wc++98-compat]
[build]   516 |        void_t < decltype(std::declval<SentinelType>() != std::declval<IteratorType>()) >>
[build]       |                                                                                        ^~
[build]       |                                                                                        > >
[build] C:\Users\pperv\code\unnamed_rpg\vendor\json\include\nlohmann/detail/input/input_adapters.hpp(538,24): warning: alias declarations are incompatible with C++98 [-Wc++98-compat]
[build]   538 |     using value_type = typename std::iterator_traits<T>::value_type;
[build]       |                        ^
[build] C:\Users\pperv\code\unnamed_rpg\vendor\json\include\nlohmann/detail/input/input_adapters.hpp(546,124): warning: consecutive right angle brackets are incompatible with C++98 (use '> >') [-Wc++98-compat]
[build]   546 | struct iterator_input_adapter_factory<IteratorType, SentinelType, enable_if_t<is_iterator_of_multibyte<IteratorType>::value>>
[build]       |                                                                                                                            ^~
[build]       |                                                                                                                            > >
[build] C:\Users\pperv\code\unnamed_rpg\vendor\json\include\nlohmann/detail/input/input_adapters.hpp(548,27): warning: alias declarations are incompatible with C++98 [-Wc++98-compat]
[build]   548 |     using iterator_type = IteratorType;
[build]       |                           ^
[build] C:\Users\pperv\code\unnamed_rpg\vendor\json\include\nlohmann/detail/input/input_adapters.hpp(549,27): warning: alias declarations are incompatible with C++98 [-Wc++98-compat]
[build]   549 |     using sentinel_type = SentinelType;
[build]       |                           ^
[build] C:\Users\pperv\code\unnamed_rpg\vendor\json\include\nlohmann/detail/input/input_adapters.hpp(550,23): warning: alias declarations are incompatible with C++98 [-Wc++98-compat]
[build]   550 |     using char_type = typename std::iterator_traits<iterator_type>::value_type;
[build]       |                       ^
[build] C:\Users\pperv\code\unnamed_rpg\vendor\json\include\nlohmann/detail/input/input_adapters.hpp(551,31): warning: alias declarations are incompatible with C++98 [-Wc++98-compat]
[build]   551 |     using base_adapter_type = iterator_input_adapter<iterator_type, sentinel_type>;
[build]       |                               ^
[build] C:\Users\pperv\code\unnamed_rpg\vendor\json\include\nlohmann/detail/input/input_adapters.hpp(552,26): warning: alias declarations are incompatible with C++98 [-Wc++98-compat]
[build]   552 |     using adapter_type = wide_string_input_adapter<base_adapter_type, char_type>;
[build]       |                          ^
[build] C:\Users\pperv\code\unnamed_rpg\vendor\json\include\nlohmann/detail/input/input_adapters.hpp(564,44): warning: default template arguments for a function template are incompatible with C++98 [-Wc++98-compat]
[build]   564 | template < typename IteratorType, typename SentinelType = IteratorType,
[build]       |                                            ^              ~~~~~~~~~~~~
[build] C:\Users\pperv\code\unnamed_rpg\vendor\json\include\nlohmann/detail/input/input_adapters.hpp(565,21): warning: default template arguments for a function template are incompatible with C++98 [-Wc++98-compat]
[build]   565 |            typename = typename std::enable_if <
[build]       |                     ^ ~~~~~~~~~~~~~~~~~~~~~~~~~
[build]   566 |                can_compare_ne<IteratorType, SentinelType>::value >::type >
[build]       |                ~~~~~~~~~~~~~~~~~~~~~~~~~~~~~~~~~~~~~~~~~~~~~~~~~~~~~~~~~
[build] C:\Users\pperv\code\unnamed_rpg\vendor\json\include\nlohmann/detail/input/input_adapters.hpp(588,15): warning: 'decltype' type specifier is incompatible with C++98 [-Wc++98-compat]
[build]   588 |        void_t<decltype(begin(std::declval<ContainerType>()), end(std::declval<ContainerType>()))>>
[build]       |               ^
[build] C:\Users\pperv\code\unnamed_rpg\vendor\json\include\nlohmann/detail/input/input_adapters.hpp(588,97): warning: consecutive right angle brackets are incompatible with C++98 (use '> >') [-Wc++98-compat]
[build]   588 |        void_t<decltype(begin(std::declval<ContainerType>()), end(std::declval<ContainerType>()))>>
[build]       |                                                                                                 ^~
[build]       |                                                                                                 > >
[build] C:\Users\pperv\code\unnamed_rpg\vendor\json\include\nlohmann/detail/input/input_adapters.hpp(590,33): warning: alias declarations are incompatible with C++98 [-Wc++98-compat]
[build]   590 |            using adapter_type = decltype(input_adapter(begin(std::declval<ContainerType>()), end(std::declval<ContainerType>())));
[build]       |                                 ^
[build] C:\Users\pperv\code\unnamed_rpg\vendor\json\include\nlohmann/detail/input/input_adapters.hpp(590,33): warning: 'decltype' type specifier is incompatible with C++98 [-Wc++98-compat]
[build] C:\Users\pperv\code\unnamed_rpg\vendor\json\include\nlohmann/detail/input/input_adapters.hpp(592,52): warning: rvalue references are incompatible with C++98 [-Wc++98-compat]
[build]   592 |            static adapter_type create(ContainerType&& container)
[build]       |                                                    ^
[build] C:\Users\pperv\code\unnamed_rpg\vendor\json\include\nlohmann/detail/input/input_adapters.hpp(601,136): warning: rvalue references are incompatible with C++98 [-Wc++98-compat]
[build]   601 | typename container_input_adapter_factory_impl::container_input_adapter_factory<ContainerType>::adapter_type input_adapter(ContainerType&& container)
[build]       |                                                                                                                                        ^
[build] C:\Users\pperv\code\unnamed_rpg\vendor\json\include\nlohmann/detail/input/input_adapters.hpp(607,35): warning: alias declarations are incompatible with C++98 [-Wc++98-compat]
[build]   607 | using string_input_adapter_type = decltype(input_adapter(std::declval<std::string>()));
[build]       |                                   ^
[build] C:\Users\pperv\code\unnamed_rpg\vendor\json\include\nlohmann/detail/input/input_adapters.hpp(607,35): warning: 'decltype' type specifier is incompatible with C++98 [-Wc++98-compat]
[build] C:\Users\pperv\code\unnamed_rpg\vendor\json\include\nlohmann/detail/input/input_adapters.hpp(613,17): warning: 'nullptr' is incompatible with C++98 [-Wc++98-compat]
[build]   613 |     if (file == nullptr)
[build]       |                 ^
[build] C:\Users\pperv\code\unnamed_rpg\vendor\json\include\nlohmann/detail/input/input_adapters.hpp(615,153): warning: 'nullptr' is incompatible with C++98 [-Wc++98-compat]
[build]   615 |         JSON_THROW(parse_error::create(101, 0, "attempting to parse an empty input; check that your input string or stream contains the expected JSON", nullptr));
[build]       |                                                                                                                                                         ^
[build] C:\Users\pperv\code\unnamed_rpg\vendor\json\include\nlohmann/detail/input/input_adapters.hpp(625,55): warning: rvalue references are incompatible with C++98 [-Wc++98-compat]
[build]   625 | inline input_stream_adapter input_adapter(std::istream&& stream)
[build]       |                                                       ^
[build] C:\Users\pperv\code\unnamed_rpg\vendor\json\include\nlohmann/detail/input/input_adapters.hpp(631,40): warning: alias declarations are incompatible with C++98 [-Wc++98-compat]
[build]   631 | using contiguous_bytes_input_adapter = decltype(input_adapter(std::declval<const char*>(), std::declval<const char*>()));
[build]       |                                        ^
[build] C:\Users\pperv\code\unnamed_rpg\vendor\json\include\nlohmann/detail/input/input_adapters.hpp(631,40): warning: 'decltype' type specifier is incompatible with C++98 [-Wc++98-compat]
[build] C:\Users\pperv\code\unnamed_rpg\vendor\json\include\nlohmann/detail/input/input_adapters.hpp(640,28): warning: default template arguments for a function template are incompatible with C++98 [-Wc++98-compat]
[build]   640 |                int >::type = 0 >
[build]       |                            ^ ~
[build] C:\Users\pperv\code\unnamed_rpg\vendor\json\include\nlohmann/detail/input/input_adapters.hpp(653,35): warning: trailing return types are incompatible with C++98 [-Wc++98-compat]
[build]   653 | auto input_adapter(T (&array)[N]) -> decltype(input_adapter(array, array + N)) // NOLINT(cppcoreguidelines-avoid-c-arrays,hicpp-avoid-c-arrays,modernize-avoid-c-arrays)
[build]       |                                   ^
[build] C:\Users\pperv\code\unnamed_rpg\vendor\json\include\nlohmann/detail/input/input_adapters.hpp(653,38): warning: 'decltype' type specifier is incompatible with C++98 [-Wc++98-compat]
[build]   653 | auto input_adapter(T (&array)[N]) -> decltype(input_adapter(array, array + N)) // NOLINT(cppcoreguidelines-avoid-c-arrays,hicpp-avoid-c-arrays,modernize-avoid-c-arrays)
[build]       |                                      ^
[build] C:\Users\pperv\code\unnamed_rpg\vendor\json\include\nlohmann/detail/input/input_adapters.hpp(669,32): warning: default template arguments for a function template are incompatible with C++98 [-Wc++98-compat]
[build]   669 |                    int >::type = 0 >
[build]       |                                ^ ~
[build] C:\Users\pperv\code\unnamed_rpg\vendor\json\include\nlohmann/detail/input/input_adapters.hpp(676,29): warning: default template arguments for a function template are incompatible with C++98 [-Wc++98-compat]
[build]   676 |                  int>::type = 0>
[build]       |                             ^ ~
[build] C:\Users\pperv\code\unnamed_rpg\vendor\json\include\nlohmann/detail/input/input_adapters.hpp(680,35): warning: rvalue references are incompatible with C++98 [-Wc++98-compat]
[build]   680 |     contiguous_bytes_input_adapter&& get()
[build]       |                                   ^
[build] In file included from C:\Users\pperv\code\unnamed_rpg\vendor\json-schema-validator\src\json-validator.cpp:9:
[build] In file included from C:\Users\pperv\code\unnamed_rpg\vendor\json-schema-validator\src\nlohmann/json-schema.hpp:24:
[build] In file included from C:\Users\pperv\code\unnamed_rpg\vendor\json\include\nlohmann/json.hpp:50:
[build] In file included from C:\Users\pperv\code\unnamed_rpg\vendor\json\include\nlohmann/detail/input/binary_reader.hpp:29:
[build] In file included from C:\Users\pperv\code\unnamed_rpg\vendor\json\include\nlohmann/detail/input/json_sax.hpp:18:
[build] C:\Users\pperv\code\unnamed_rpg\vendor\json\include\nlohmann/detail/input/lexer.hpp(26,1): warning: empty macro arguments are incompatible with C++98 [-Wc++98-compat-pedantic]
[build]    26 | NLOHMANN_JSON_NAMESPACE_BEGIN
[build]       | ^
[build] C:\Users\pperv\code\unnamed_rpg\vendor\json\include\nlohmann/detail/abi_macros.hpp(102,17): note: expanded from macro 'NLOHMANN_JSON_NAMESPACE_BEGIN'
[build]   102 |                 NLOHMANN_JSON_ABI_TAGS,              \
[build]       |                 ^
[build] C:\Users\pperv\code\unnamed_rpg\vendor\json\include\nlohmann/detail/abi_macros.hpp(65,5): note: expanded from macro 'NLOHMANN_JSON_ABI_TAGS'
[build]    65 |     NLOHMANN_JSON_ABI_TAGS_CONCAT(                                   \
[build]       |     ^
[build] C:\Users\pperv\code\unnamed_rpg\vendor\json\include\nlohmann/detail/abi_macros.hpp(62,39): note: expanded from macro 'NLOHMANN_JSON_ABI_TAGS_CONCAT'
[build]    62 |     NLOHMANN_JSON_ABI_TAGS_CONCAT_EX(a, b, c)
[build]       |                                       ^
[build] In file included from C:\Users\pperv\code\unnamed_rpg\vendor\json-schema-validator\src\json-validator.cpp:9:
[build] In file included from C:\Users\pperv\code\unnamed_rpg\vendor\json-schema-validator\src\nlohmann/json-schema.hpp:24:
[build] In file included from C:\Users\pperv\code\unnamed_rpg\vendor\json\include\nlohmann/json.hpp:50:
[build] In file included from C:\Users\pperv\code\unnamed_rpg\vendor\json\include\nlohmann/detail/input/binary_reader.hpp:29:
[build] In file included from C:\Users\pperv\code\unnamed_rpg\vendor\json\include\nlohmann/detail/input/json_sax.hpp:18:
[build] C:\Users\pperv\code\unnamed_rpg\vendor\json\include\nlohmann/detail/input/lexer.hpp(26,1): warning: empty macro arguments are incompatible with C++98 [-Wc++98-compat-pedantic]
[build] C:\Users\pperv\code\unnamed_rpg\vendor\json\include\nlohmann/detail/abi_macros.hpp(102,17): note: expanded from macro 'NLOHMANN_JSON_NAMESPACE_BEGIN'
[build]   102 |                 NLOHMANN_JSON_ABI_TAGS,              \
[build]       |                 ^
[build] C:\Users\pperv\code\unnamed_rpg\vendor\json\include\nlohmann/detail/abi_macros.hpp(65,5): note: expanded from macro 'NLOHMANN_JSON_ABI_TAGS'
[build]    65 |     NLOHMANN_JSON_ABI_TAGS_CONCAT(                                   \
[build]       |     ^
[build] C:\Users\pperv\code\unnamed_rpg\vendor\json\include\nlohmann/detail/abi_macros.hpp(62,42): note: expanded from macro 'NLOHMANN_JSON_ABI_TAGS_CONCAT'
[build]    62 |     NLOHMANN_JSON_ABI_TAGS_CONCAT_EX(a, b, c)
[build]       |                                          ^
[build] In file included from C:\Users\pperv\code\unnamed_rpg\vendor\json-schema-validator\src\json-validator.cpp:9:
[build] In file included from C:\Users\pperv\code\unnamed_rpg\vendor\json-schema-validator\src\nlohmann/json-schema.hpp:24:
[build] In file included from C:\Users\pperv\code\unnamed_rpg\vendor\json\include\nlohmann/json.hpp:50:
[build] In file included from C:\Users\pperv\code\unnamed_rpg\vendor\json\include\nlohmann/detail/input/binary_reader.hpp:29:
[build] In file included from C:\Users\pperv\code\unnamed_rpg\vendor\json\include\nlohmann/detail/input/json_sax.hpp:18:
[build] C:\Users\pperv\code\unnamed_rpg\vendor\json\include\nlohmann/detail/input/lexer.hpp(26,1): warning: empty macro arguments are incompatible with C++98 [-Wc++98-compat-pedantic]
[build] C:\Users\pperv\code\unnamed_rpg\vendor\json\include\nlohmann/detail/abi_macros.hpp(102,17): note: expanded from macro 'NLOHMANN_JSON_NAMESPACE_BEGIN'
[build]   102 |                 NLOHMANN_JSON_ABI_TAGS,              \
[build]       |                 ^
[build] C:\Users\pperv\code\unnamed_rpg\vendor\json\include\nlohmann/detail/abi_macros.hpp(65,5): note: expanded from macro 'NLOHMANN_JSON_ABI_TAGS'
[build]    65 |     NLOHMANN_JSON_ABI_TAGS_CONCAT(                                   \
[build]       |     ^
[build] C:\Users\pperv\code\unnamed_rpg\vendor\json\include\nlohmann/detail/abi_macros.hpp(62,45): note: expanded from macro 'NLOHMANN_JSON_ABI_TAGS_CONCAT'
[build]    62 |     NLOHMANN_JSON_ABI_TAGS_CONCAT_EX(a, b, c)
[build]       |                                             ^
[build] In file included from C:\Users\pperv\code\unnamed_rpg\vendor\json-schema-validator\src\json-validator.cpp:9:
[build] In file included from C:\Users\pperv\code\unnamed_rpg\vendor\json-schema-validator\src\nlohmann/json-schema.hpp:24:
[build] In file included from C:\Users\pperv\code\unnamed_rpg\vendor\json\include\nlohmann/json.hpp:50:
[build] In file included from C:\Users\pperv\code\unnamed_rpg\vendor\json\include\nlohmann/detail/input/binary_reader.hpp:29:
[build] In file included from C:\Users\pperv\code\unnamed_rpg\vendor\json\include\nlohmann/detail/input/json_sax.hpp:18:
[build] C:\Users\pperv\code\unnamed_rpg\vendor\json\include\nlohmann/detail/input/lexer.hpp(26,1): warning: inline namespaces are incompatible with C++98 [-Wc++98-compat]
[build] C:\Users\pperv\code\unnamed_rpg\vendor\json\include\nlohmann/detail/abi_macros.hpp(101,5): note: expanded from macro 'NLOHMANN_JSON_NAMESPACE_BEGIN'
[build]   101 |     inline namespace NLOHMANN_JSON_NAMESPACE_CONCAT( \
[build]       |     ^
[build] In file included from C:\Users\pperv\code\unnamed_rpg\vendor\json-schema-validator\src\json-validator.cpp:9:
[build] In file included from C:\Users\pperv\code\unnamed_rpg\vendor\json-schema-validator\src\nlohmann/json-schema.hpp:24:
[build] In file included from C:\Users\pperv\code\unnamed_rpg\vendor\json\include\nlohmann/json.hpp:50:
[build] In file included from C:\Users\pperv\code\unnamed_rpg\vendor\json\include\nlohmann/detail/input/binary_reader.hpp:29:
[build] In file included from C:\Users\pperv\code\unnamed_rpg\vendor\json\include\nlohmann/detail/input/json_sax.hpp:18:
[build] C:\Users\pperv\code\unnamed_rpg\vendor\json\include\nlohmann/detail/input/lexer.hpp(39,10): warning: scoped enumerations are incompatible with C++98 [-Wc++98-compat]
[build]    39 |     enum class token_type
[build]       |          ^
[build] C:\Users\pperv\code\unnamed_rpg\vendor\json\include\nlohmann/detail/input/lexer.hpp(64,5): warning: noexcept specifications are incompatible with C++98 [-Wc++98-compat]
[build]    64 |     {
[build]       |     ^
[build] C:\Users\pperv\code\unnamed_rpg\vendor\json\include\nlohmann/detail/input/lexer.hpp(114,30): warning: alias declarations are incompatible with C++98 [-Wc++98-compat]
[build]   114 | using detect_supports_seek = decltype(InputAdapterType::supports_seek);
[build]       |                              ^
[build] C:\Users\pperv\code\unnamed_rpg\vendor\json\include\nlohmann/detail/input/lexer.hpp(114,30): warning: 'decltype' type specifier is incompatible with C++98 [-Wc++98-compat]
[build] C:\Users\pperv\code\unnamed_rpg\vendor\json\include\nlohmann/detail/input/lexer.hpp(117,1): warning: 'constexpr' specifier is incompatible with C++98 [-Wc++98-compat]
[build]   117 | constexpr bool input_adapter_supports_seek(std::true_type /*detected*/)
[build]       | ^
[build] C:\Users\pperv\code\unnamed_rpg\vendor\json\include\nlohmann/detail/input/lexer.hpp(123,1): warning: 'constexpr' specifier is incompatible with C++98 [-Wc++98-compat]
[build]   123 | constexpr bool input_adapter_supports_seek(std::false_type /*detected*/)
[build]       | ^
[build] C:\Users\pperv\code\unnamed_rpg\vendor\json\include\nlohmann/detail/input/lexer.hpp(136,30): warning: alias declarations are incompatible with C++98 [-Wc++98-compat]
[build]   136 |     using number_integer_t = typename BasicJsonType::number_integer_t;
[build]       |                              ^
[build] C:\Users\pperv\code\unnamed_rpg\vendor\json\include\nlohmann/detail/input/lexer.hpp(137,31): warning: alias declarations are incompatible with C++98 [-Wc++98-compat]
[build]   137 |     using number_unsigned_t = typename BasicJsonType::number_unsigned_t;
[build]       |                               ^
[build] C:\Users\pperv\code\unnamed_rpg\vendor\json\include\nlohmann/detail/input/lexer.hpp(138,28): warning: alias declarations are incompatible with C++98 [-Wc++98-compat]
[build]   138 |     using number_float_t = typename BasicJsonType::number_float_t;
[build]       |                            ^
[build] C:\Users\pperv\code\unnamed_rpg\vendor\json\include\nlohmann/detail/input/lexer.hpp(139,22): warning: alias declarations are incompatible with C++98 [-Wc++98-compat]
[build]   139 |     using string_t = typename BasicJsonType::string_t;
[build]       |                      ^
[build] C:\Users\pperv\code\unnamed_rpg\vendor\json\include\nlohmann/detail/input/lexer.hpp(140,23): warning: alias declarations are incompatible with C++98 [-Wc++98-compat]
[build]   140 |     using char_type = typename InputAdapterType::char_type;
[build]       |                       ^
[build] C:\Users\pperv\code\unnamed_rpg\vendor\json\include\nlohmann/detail/input/lexer.hpp(141,27): warning: alias declarations are incompatible with C++98 [-Wc++98-compat]
[build]   141 |     using char_int_type = typename char_traits<char_type>::int_type;
[build]       |                           ^
[build] C:\Users\pperv\code\unnamed_rpg\vendor\json\include\nlohmann/detail/input/lexer.hpp(146,12): warning: 'constexpr' specifier is incompatible with C++98 [-Wc++98-compat]
[build]   146 |     static constexpr bool lazy_token_string =
[build]       |            ^
[build] C:\Users\pperv\code\unnamed_rpg\vendor\json\include\nlohmann/detail/input/lexer.hpp(147,107): warning: generalized initializer lists are incompatible with C++98 [-Wc++98-compat]
[build]   147 |         input_adapter_supports_seek<InputAdapterType>(is_detected<detect_supports_seek, InputAdapterType> {});
[build]       |                                                                                                           ^
[build] C:\Users\pperv\code\unnamed_rpg\vendor\json\include\nlohmann/detail/input/lexer.hpp(150,24): warning: alias declarations are incompatible with C++98 [-Wc++98-compat]
[build]   150 |     using token_type = typename lexer_base<BasicJsonType>::token_type;
[build]       |                        ^
[build] C:\Users\pperv\code\unnamed_rpg\vendor\json\include\nlohmann/detail/input/lexer.hpp(152,36): warning: rvalue references are incompatible with C++98 [-Wc++98-compat]
[build]   152 |     explicit lexer(InputAdapterType&& adapter, bool ignore_comments_ = false) noexcept
[build]       |                                    ^
[build] C:\Users\pperv\code\unnamed_rpg\vendor\json\include\nlohmann/detail/input/lexer.hpp(153,9): warning: noexcept specifications are incompatible with C++98 [-Wc++98-compat]
[build]   153 |         : ia(std::move(adapter))
[build]       |         ^
[build] C:\Users\pperv\code\unnamed_rpg\vendor\json\include\nlohmann/detail/input/lexer.hpp(159,27): warning: deleted function definitions are incompatible with C++98 [-Wc++98-compat]
[build]   159 |     lexer(const lexer&) = delete;
[build]       |                           ^
[build] C:\Users\pperv\code\unnamed_rpg\vendor\json\include\nlohmann/detail/input/lexer.hpp(160,16): warning: rvalue references are incompatible with C++98 [-Wc++98-compat]
[build]   160 |     lexer(lexer&&) = default; // NOLINT(hicpp-noexcept-move,performance-noexcept-move-constructor)
[build]       |                ^
[build] C:\Users\pperv\code\unnamed_rpg\vendor\json\include\nlohmann/detail/input/lexer.hpp(160,22): warning: defaulted function definitions are incompatible with C++98 [-Wc++98-compat]
[build]   160 |     lexer(lexer&&) = default; // NOLINT(hicpp-noexcept-move,performance-noexcept-move-constructor)
[build]       |                      ^
[build] C:\Users\pperv\code\unnamed_rpg\vendor\json\include\nlohmann/detail/input/lexer.hpp(161,32): warning: deleted function definitions are incompatible with C++98 [-Wc++98-compat]
[build]   161 |     lexer& operator=(lexer&) = delete;
[build]       |                                ^
[build] C:\Users\pperv\code\unnamed_rpg\vendor\json\include\nlohmann/detail/input/lexer.hpp(162,27): warning: rvalue references are incompatible with C++98 [-Wc++98-compat]
[build]   162 |     lexer& operator=(lexer&&) = default; // NOLINT(hicpp-noexcept-move,performance-noexcept-move-constructor)
[build]       |                           ^
[build] C:\Users\pperv\code\unnamed_rpg\vendor\json\include\nlohmann/detail/input/lexer.hpp(162,33): warning: defaulted function definitions are incompatible with C++98 [-Wc++98-compat]
[build]   162 |     lexer& operator=(lexer&&) = default; // NOLINT(hicpp-noexcept-move,performance-noexcept-move-constructor)
[build]       |                                 ^
[build] C:\Users\pperv\code\unnamed_rpg\vendor\json\include\nlohmann/detail/input/lexer.hpp(163,16): warning: defaulted function definitions are incompatible with C++98 [-Wc++98-compat]
[build]   163 |     ~lexer() = default;
[build]       |                ^
[build] C:\Users\pperv\code\unnamed_rpg\vendor\json\include\nlohmann/detail/input/lexer.hpp(173,5): warning: noexcept specifications are incompatible with C++98 [-Wc++98-compat]
[build]   173 |     {
[build]       |     ^
[build] C:\Users\pperv\code\unnamed_rpg\vendor\json\include\nlohmann/detail/input/lexer.hpp(946,5): warning: noexcept specifications are incompatible with C++98 [-Wc++98-compat]
[build]   946 |     {
[build]       |     ^
[build] C:\Users\pperv\code\unnamed_rpg\vendor\json\include\nlohmann/detail/input/lexer.hpp(952,5): warning: noexcept specifications are incompatible with C++98 [-Wc++98-compat]
[build]   952 |     {
[build]       |     ^
[build] C:\Users\pperv\code\unnamed_rpg\vendor\json\include\nlohmann/detail/input/lexer.hpp(958,5): warning: noexcept specifications are incompatible with C++98 [-Wc++98-compat]
[build]   958 |     {
[build]       |     ^
[build] C:\Users\pperv\code\unnamed_rpg\vendor\json\include\nlohmann/detail/input/lexer.hpp(1356,5): warning: noexcept specifications are incompatible with C++98 [-Wc++98-compat]
[build]  1356 |     {
[build]       |     ^
[build] C:\Users\pperv\code\unnamed_rpg\vendor\json\include\nlohmann/detail/input/lexer.hpp(1372,5): warning: noexcept specifications are incompatible with C++98 [-Wc++98-compat]
[build]  1372 |     {
[build]       |     ^
[build] C:\Users\pperv\code\unnamed_rpg\vendor\json\include\nlohmann/detail/input/lexer.hpp(1379,5): warning: noexcept specifications are incompatible with C++98 [-Wc++98-compat]
[build]  1379 |     {
[build]       |     ^
[build] C:\Users\pperv\code\unnamed_rpg\vendor\json\include\nlohmann/detail/input/lexer.hpp(1423,63): warning: noexcept specifications are incompatible with C++98 [-Wc++98-compat]
[build]  1423 |     void capture_char(std::true_type /*lazy*/) const noexcept {}
[build]       |                                                               ^
[build] C:\Users\pperv\code\unnamed_rpg\vendor\json\include\nlohmann/detail/input/lexer.hpp(1465,65): warning: noexcept specifications are incompatible with C++98 [-Wc++98-compat]
[build]  1465 |     void uncapture_char(std::true_type /*lazy*/) const noexcept {}
[build]       |                                                                 ^
[build] C:\Users\pperv\code\unnamed_rpg\vendor\json\include\nlohmann/detail/input/lexer.hpp(1489,5): warning: 'constexpr' specifier is incompatible with C++98 [-Wc++98-compat]
[build]  1489 |     constexpr number_integer_t get_number_integer() const noexcept
[build]       |     ^
[build] C:\Users\pperv\code\unnamed_rpg\vendor\json\include\nlohmann/detail/input/lexer.hpp(1490,5): warning: noexcept specifications are incompatible with C++98 [-Wc++98-compat]
[build]  1490 |     {
[build]       |     ^
[build] C:\Users\pperv\code\unnamed_rpg\vendor\json\include\nlohmann/detail/input/lexer.hpp(1495,5): warning: 'constexpr' specifier is incompatible with C++98 [-Wc++98-compat]
[build]  1495 |     constexpr number_unsigned_t get_number_unsigned() const noexcept
[build]       |     ^
[build] C:\Users\pperv\code\unnamed_rpg\vendor\json\include\nlohmann/detail/input/lexer.hpp(1496,5): warning: noexcept specifications are incompatible with C++98 [-Wc++98-compat]
[build]  1496 |     {
[build]       |     ^
[build] C:\Users\pperv\code\unnamed_rpg\vendor\json\include\nlohmann/detail/input/lexer.hpp(1501,5): warning: 'constexpr' specifier is incompatible with C++98 [-Wc++98-compat]
[build]  1501 |     constexpr number_float_t get_number_float() const noexcept
[build]       |     ^
[build] C:\Users\pperv\code\unnamed_rpg\vendor\json\include\nlohmann/detail/input/lexer.hpp(1502,5): warning: noexcept specifications are incompatible with C++98 [-Wc++98-compat]
[build]  1502 |     {
[build]       |     ^
[build] C:\Users\pperv\code\unnamed_rpg\vendor\json\include\nlohmann/detail/input/lexer.hpp(1522,5): warning: 'constexpr' specifier is incompatible with C++98 [-Wc++98-compat]
[build]  1522 |     constexpr position_t get_position() const noexcept
[build]       |     ^
[build] C:\Users\pperv\code\unnamed_rpg\vendor\json\include\nlohmann/detail/input/lexer.hpp(1523,5): warning: noexcept specifications are incompatible with C++98 [-Wc++98-compat]
[build]  1523 |     {
[build]       |     ^
[build] C:\Users\pperv\code\unnamed_rpg\vendor\json\include\nlohmann/detail/input/lexer.hpp(1588,5): warning: 'constexpr' specifier is incompatible with C++98 [-Wc++98-compat]
[build]  1588 |     constexpr const char* get_error_message() const noexcept
[build]       |     ^
[build] C:\Users\pperv\code\unnamed_rpg\vendor\json\include\nlohmann/detail/input/lexer.hpp(1589,5): warning: noexcept specifications are incompatible with C++98 [-Wc++98-compat]
[build]  1589 |     {
[build]       |     ^
[build] C:\Users\pperv\code\unnamed_rpg\vendor\json\include\nlohmann/detail/input/lexer.hpp(1717,32): warning: default member initializer for non-static data members is incompatible with C++98 [-Wc++98-compat]
[build]  1717 |     const bool ignore_comments = false;
[build]       |                                ^
[build] C:\Users\pperv\code\unnamed_rpg\vendor\json\include\nlohmann/detail/input/lexer.hpp(1720,27): warning: default member initializer for non-static data members is incompatible with C++98 [-Wc++98-compat]
[build]  1720 |     char_int_type current = char_traits<char_type>::eof();
[build]       |                           ^
[build] C:\Users\pperv\code\unnamed_rpg\vendor\json\include\nlohmann/detail/input/lexer.hpp(1723,21): warning: default member initializer for non-static data members is incompatible with C++98 [-Wc++98-compat]
[build]  1723 |     bool next_unget = false;
[build]       |                     ^
[build] C:\Users\pperv\code\unnamed_rpg\vendor\json\include\nlohmann/detail/input/lexer.hpp(1726,25): warning: default member initializer for non-static data members is incompatible with C++98 [-Wc++98-compat]
[build]  1726 |     position_t position {};
[build]       |                         ^
[build] C:\Users\pperv\code\unnamed_rpg\vendor\json\include\nlohmann/detail/input/lexer.hpp(1730,41): warning: default member initializer for non-static data members is incompatible with C++98 [-Wc++98-compat]
[build]  1730 |     std::vector<char_type> token_string {};
[build]       |                                         ^
[build] C:\Users\pperv\code\unnamed_rpg\vendor\json\include\nlohmann/detail/input/lexer.hpp(1734,36): warning: default member initializer for non-static data members is incompatible with C++98 [-Wc++98-compat]
[build]  1734 |     std::size_t token_string_start = 0;
[build]       |                                    ^
[build] C:\Users\pperv\code\unnamed_rpg\vendor\json\include\nlohmann/detail/input/lexer.hpp(1743,27): warning: default member initializer for non-static data members is incompatible with C++98 [-Wc++98-compat]
[build]  1743 |     string_t token_buffer {};
[build]       |                           ^
[build] C:\Users\pperv\code\unnamed_rpg\vendor\json\include\nlohmann/detail/input/lexer.hpp(1746,31): warning: default member initializer for non-static data members is incompatible with C++98 [-Wc++98-compat]
[build]  1746 |     const char* error_message = "";
[build]       |                               ^
[build] C:\Users\pperv\code\unnamed_rpg\vendor\json\include\nlohmann/detail/input/lexer.hpp(1749,36): warning: default member initializer for non-static data members is incompatible with C++98 [-Wc++98-compat]
[build]  1749 |     number_integer_t value_integer = 0;
[build]       |                                    ^
[build] C:\Users\pperv\code\unnamed_rpg\vendor\json\include\nlohmann/detail/input/lexer.hpp(1750,38): warning: default member initializer for non-static data members is incompatible with C++98 [-Wc++98-compat]
[build]  1750 |     number_unsigned_t value_unsigned = 0;
[build]       |                                      ^
[build] C:\Users\pperv\code\unnamed_rpg\vendor\json\include\nlohmann/detail/input/lexer.hpp(1751,32): warning: default member initializer for non-static data members is incompatible with C++98 [-Wc++98-compat]
[build]  1751 |     number_float_t value_float = 0;
[build]       |                                ^
[build] C:\Users\pperv\code\unnamed_rpg\vendor\json\include\nlohmann/detail/input/lexer.hpp(1754,44): warning: default member initializer for non-static data members is incompatible with C++98 [-Wc++98-compat]
[build]  1754 |     const char_int_type decimal_point_char = '.';
[build]       |                                            ^
[build] C:\Users\pperv\code\unnamed_rpg\vendor\json\include\nlohmann/detail/input/lexer.hpp(1756,40): warning: default member initializer for non-static data members is incompatible with C++98 [-Wc++98-compat]
[build]  1756 |     std::size_t decimal_point_position = std::string::npos;
[build]       |                                        ^
[build] In file included from C:\Users\pperv\code\unnamed_rpg\vendor\json-schema-validator\src\json-validator.cpp:9:
[build] In file included from C:\Users\pperv\code\unnamed_rpg\vendor\json-schema-validator\src\nlohmann/json-schema.hpp:24:
[build] In file included from C:\Users\pperv\code\unnamed_rpg\vendor\json\include\nlohmann/json.hpp:50:
[build] In file included from C:\Users\pperv\code\unnamed_rpg\vendor\json\include\nlohmann/detail/input/binary_reader.hpp:29:
[build] C:\Users\pperv\code\unnamed_rpg\vendor\json\include\nlohmann/detail/input/json_sax.hpp(21,1): warning: empty macro arguments are incompatible with C++98 [-Wc++98-compat-pedantic]
[build]    21 | NLOHMANN_JSON_NAMESPACE_BEGIN
[build]       | ^
[build] C:\Users\pperv\code\unnamed_rpg\vendor\json\include\nlohmann/detail/abi_macros.hpp(102,17): note: expanded from macro 'NLOHMANN_JSON_NAMESPACE_BEGIN'
[build]   102 |                 NLOHMANN_JSON_ABI_TAGS,              \
[build]       |                 ^
[build] C:\Users\pperv\code\unnamed_rpg\vendor\json\include\nlohmann/detail/abi_macros.hpp(65,5): note: expanded from macro 'NLOHMANN_JSON_ABI_TAGS'
[build]    65 |     NLOHMANN_JSON_ABI_TAGS_CONCAT(                                   \
[build]       |     ^
[build] C:\Users\pperv\code\unnamed_rpg\vendor\json\include\nlohmann/detail/abi_macros.hpp(62,39): note: expanded from macro 'NLOHMANN_JSON_ABI_TAGS_CONCAT'
[build]    62 |     NLOHMANN_JSON_ABI_TAGS_CONCAT_EX(a, b, c)
[build]       |                                       ^
[build] In file included from C:\Users\pperv\code\unnamed_rpg\vendor\json-schema-validator\src\json-validator.cpp:9:
[build] In file included from C:\Users\pperv\code\unnamed_rpg\vendor\json-schema-validator\src\nlohmann/json-schema.hpp:24:
[build] In file included from C:\Users\pperv\code\unnamed_rpg\vendor\json\include\nlohmann/json.hpp:50:
[build] In file included from C:\Users\pperv\code\unnamed_rpg\vendor\json\include\nlohmann/detail/input/binary_reader.hpp:29:
[build] C:\Users\pperv\code\unnamed_rpg\vendor\json\include\nlohmann/detail/input/json_sax.hpp(21,1): warning: empty macro arguments are incompatible with C++98 [-Wc++98-compat-pedantic]
[build] C:\Users\pperv\code\unnamed_rpg\vendor\json\include\nlohmann/detail/abi_macros.hpp(102,17): note: expanded from macro 'NLOHMANN_JSON_NAMESPACE_BEGIN'
[build]   102 |                 NLOHMANN_JSON_ABI_TAGS,              \
[build]       |                 ^
[build] C:\Users\pperv\code\unnamed_rpg\vendor\json\include\nlohmann/detail/abi_macros.hpp(65,5): note: expanded from macro 'NLOHMANN_JSON_ABI_TAGS'
[build]    65 |     NLOHMANN_JSON_ABI_TAGS_CONCAT(                                   \
[build]       |     ^
[build] C:\Users\pperv\code\unnamed_rpg\vendor\json\include\nlohmann/detail/abi_macros.hpp(62,42): note: expanded from macro 'NLOHMANN_JSON_ABI_TAGS_CONCAT'
[build]    62 |     NLOHMANN_JSON_ABI_TAGS_CONCAT_EX(a, b, c)
[build]       |                                          ^
[build] In file included from C:\Users\pperv\code\unnamed_rpg\vendor\json-schema-validator\src\json-validator.cpp:9:
[build] In file included from C:\Users\pperv\code\unnamed_rpg\vendor\json-schema-validator\src\nlohmann/json-schema.hpp:24:
[build] In file included from C:\Users\pperv\code\unnamed_rpg\vendor\json\include\nlohmann/json.hpp:50:
[build] In file included from C:\Users\pperv\code\unnamed_rpg\vendor\json\include\nlohmann/detail/input/binary_reader.hpp:29:
[build] C:\Users\pperv\code\unnamed_rpg\vendor\json\include\nlohmann/detail/input/json_sax.hpp(21,1): warning: empty macro arguments are incompatible with C++98 [-Wc++98-compat-pedantic]
[build] C:\Users\pperv\code\unnamed_rpg\vendor\json\include\nlohmann/detail/abi_macros.hpp(102,17): note: expanded from macro 'NLOHMANN_JSON_NAMESPACE_BEGIN'
[build]   102 |                 NLOHMANN_JSON_ABI_TAGS,              \
[build]       |                 ^
[build] C:\Users\pperv\code\unnamed_rpg\vendor\json\include\nlohmann/detail/abi_macros.hpp(65,5): note: expanded from macro 'NLOHMANN_JSON_ABI_TAGS'
[build]    65 |     NLOHMANN_JSON_ABI_TAGS_CONCAT(                                   \
[build]       |     ^
[build] C:\Users\pperv\code\unnamed_rpg\vendor\json\include\nlohmann/detail/abi_macros.hpp(62,45): note: expanded from macro 'NLOHMANN_JSON_ABI_TAGS_CONCAT'
[build]    62 |     NLOHMANN_JSON_ABI_TAGS_CONCAT_EX(a, b, c)
[build]       |                                             ^
[build] In file included from C:\Users\pperv\code\unnamed_rpg\vendor\json-schema-validator\src\json-validator.cpp:9:
[build] In file included from C:\Users\pperv\code\unnamed_rpg\vendor\json-schema-validator\src\nlohmann/json-schema.hpp:24:
[build] In file included from C:\Users\pperv\code\unnamed_rpg\vendor\json\include\nlohmann/json.hpp:50:
[build] In file included from C:\Users\pperv\code\unnamed_rpg\vendor\json\include\nlohmann/detail/input/binary_reader.hpp:29:
[build] C:\Users\pperv\code\unnamed_rpg\vendor\json\include\nlohmann/detail/input/json_sax.hpp(21,1): warning: inline namespaces are incompatible with C++98 [-Wc++98-compat]
[build] C:\Users\pperv\code\unnamed_rpg\vendor\json\include\nlohmann/detail/abi_macros.hpp(101,5): note: expanded from macro 'NLOHMANN_JSON_NAMESPACE_BEGIN'
[build]   101 |     inline namespace NLOHMANN_JSON_NAMESPACE_CONCAT( \
[build]       |     ^
[build] In file included from C:\Users\pperv\code\unnamed_rpg\vendor\json-schema-validator\src\json-validator.cpp:9:
[build] In file included from C:\Users\pperv\code\unnamed_rpg\vendor\json-schema-validator\src\nlohmann/json-schema.hpp:24:
[build] In file included from C:\Users\pperv\code\unnamed_rpg\vendor\json\include\nlohmann/json.hpp:50:
[build] In file included from C:\Users\pperv\code\unnamed_rpg\vendor\json\include\nlohmann/detail/input/binary_reader.hpp:29:
[build] C:\Users\pperv\code\unnamed_rpg\vendor\json\include\nlohmann/detail/input/json_sax.hpp(34,30): warning: alias declarations are incompatible with C++98 [-Wc++98-compat]
[build]    34 |     using number_integer_t = typename BasicJsonType::number_integer_t;
[build]       |                              ^
[build] C:\Users\pperv\code\unnamed_rpg\vendor\json\include\nlohmann/detail/input/json_sax.hpp(35,31): warning: alias declarations are incompatible with C++98 [-Wc++98-compat]
[build]    35 |     using number_unsigned_t = typename BasicJsonType::number_unsigned_t;
[build]       |                               ^
[build] C:\Users\pperv\code\unnamed_rpg\vendor\json\include\nlohmann/detail/input/json_sax.hpp(36,28): warning: alias declarations are incompatible with C++98 [-Wc++98-compat]
[build]    36 |     using number_float_t = typename BasicJsonType::number_float_t;
[build]       |                            ^
[build] C:\Users\pperv\code\unnamed_rpg\vendor\json\include\nlohmann/detail/input/json_sax.hpp(37,22): warning: alias declarations are incompatible with C++98 [-Wc++98-compat]
[build]    37 |     using string_t = typename BasicJsonType::string_t;
[build]       |                      ^
[build] C:\Users\pperv\code\unnamed_rpg\vendor\json\include\nlohmann/detail/input/json_sax.hpp(38,22): warning: alias declarations are incompatible with C++98 [-Wc++98-compat]
[build]    38 |     using binary_t = typename BasicJsonType::binary_t;
[build]       |                      ^
[build] C:\Users\pperv\code\unnamed_rpg\vendor\json\include\nlohmann/detail/input/json_sax.hpp(138,18): warning: defaulted function definitions are incompatible with C++98 [-Wc++98-compat]
[build]   138 |     json_sax() = default;
[build]       |                  ^
[build] C:\Users\pperv\code\unnamed_rpg\vendor\json\include\nlohmann/detail/input/json_sax.hpp(139,33): warning: defaulted function definitions are incompatible with C++98 [-Wc++98-compat]
[build]   139 |     json_sax(const json_sax&) = default;
[build]       |                                 ^
[build] C:\Users\pperv\code\unnamed_rpg\vendor\json\include\nlohmann/detail/input/json_sax.hpp(140,22): warning: rvalue references are incompatible with C++98 [-Wc++98-compat]
[build]   140 |     json_sax(json_sax&&) noexcept = default;
[build]       |                      ^
[build] C:\Users\pperv\code\unnamed_rpg\vendor\json\include\nlohmann/detail/input/json_sax.hpp(140,35): warning: noexcept specifications are incompatible with C++98 [-Wc++98-compat]
[build]   140 |     json_sax(json_sax&&) noexcept = default;
[build]       |                                   ^
[build] C:\Users\pperv\code\unnamed_rpg\vendor\json\include\nlohmann/detail/input/json_sax.hpp(140,37): warning: defaulted function definitions are incompatible with C++98 [-Wc++98-compat]
[build]   140 |     json_sax(json_sax&&) noexcept = default;
[build]       |                                     ^
[build] C:\Users\pperv\code\unnamed_rpg\vendor\json\include\nlohmann/detail/input/json_sax.hpp(141,44): warning: defaulted function definitions are incompatible with C++98 [-Wc++98-compat]
[build]   141 |     json_sax& operator=(const json_sax&) = default;
[build]       |                                            ^
[build] C:\Users\pperv\code\unnamed_rpg\vendor\json\include\nlohmann/detail/input/json_sax.hpp(142,33): warning: rvalue references are incompatible with C++98 [-Wc++98-compat]
[build]   142 |     json_sax& operator=(json_sax&&) noexcept = default;
[build]       |                                 ^
[build] C:\Users\pperv\code\unnamed_rpg\vendor\json\include\nlohmann/detail/input/json_sax.hpp(142,46): warning: noexcept specifications are incompatible with C++98 [-Wc++98-compat]
[build]   142 |     json_sax& operator=(json_sax&&) noexcept = default;
[build]       |                                              ^
[build] C:\Users\pperv\code\unnamed_rpg\vendor\json\include\nlohmann/detail/input/json_sax.hpp(142,48): warning: defaulted function definitions are incompatible with C++98 [-Wc++98-compat]
[build]   142 |     json_sax& operator=(json_sax&&) noexcept = default;
[build]       |                                                ^
[build] C:\Users\pperv\code\unnamed_rpg\vendor\json\include\nlohmann/detail/input/json_sax.hpp(143,27): warning: defaulted function definitions are incompatible with C++98 [-Wc++98-compat]
[build]   143 |     virtual ~json_sax() = default;
[build]       |                           ^
[build] C:\Users\pperv\code\unnamed_rpg\vendor\json\include\nlohmann/detail/input/json_sax.hpp(148,1): warning: 'constexpr' specifier is incompatible with C++98 [-Wc++98-compat]
[build]   148 | constexpr std::size_t unknown_size()
[build]       | ^
[build] C:\Users\pperv\code\unnamed_rpg\vendor\json\include\nlohmann/detail/input/json_sax.hpp(170,30): warning: alias declarations are incompatible with C++98 [-Wc++98-compat]
[build]   170 |     using number_integer_t = typename BasicJsonType::number_integer_t;
[build]       |                              ^
[build] C:\Users\pperv\code\unnamed_rpg\vendor\json\include\nlohmann/detail/input/json_sax.hpp(171,31): warning: alias declarations are incompatible with C++98 [-Wc++98-compat]
[build]   171 |     using number_unsigned_t = typename BasicJsonType::number_unsigned_t;
[build]       |                               ^
[build] C:\Users\pperv\code\unnamed_rpg\vendor\json\include\nlohmann/detail/input/json_sax.hpp(172,28): warning: alias declarations are incompatible with C++98 [-Wc++98-compat]
[build]   172 |     using number_float_t = typename BasicJsonType::number_float_t;
[build]       |                            ^
[build] C:\Users\pperv\code\unnamed_rpg\vendor\json\include\nlohmann/detail/input/json_sax.hpp(173,22): warning: alias declarations are incompatible with C++98 [-Wc++98-compat]
[build]   173 |     using string_t = typename BasicJsonType::string_t;
[build]       |                      ^
[build] C:\Users\pperv\code\unnamed_rpg\vendor\json\include\nlohmann/detail/input/json_sax.hpp(174,22): warning: alias declarations are incompatible with C++98 [-Wc++98-compat]
[build]   174 |     using binary_t = typename BasicJsonType::binary_t;
[build]       |                      ^
[build] C:\Users\pperv\code\unnamed_rpg\vendor\json\include\nlohmann/detail/input/json_sax.hpp(175,21): warning: alias declarations are incompatible with C++98 [-Wc++98-compat]
[build]   175 |     using lexer_t = lexer<BasicJsonType, InputAdapterType>;
[build]       |                     ^
[build] C:\Users\pperv\code\unnamed_rpg\vendor\json\include\nlohmann/detail/input/json_sax.hpp(187,55): warning: deleted function definitions are incompatible with C++98 [-Wc++98-compat]
[build]   187 |     json_sax_dom_parser(const json_sax_dom_parser&) = delete;
[build]       |                                                       ^
[build] C:\Users\pperv\code\unnamed_rpg\vendor\json\include\nlohmann/detail/input/json_sax.hpp(188,44): warning: rvalue references are incompatible with C++98 [-Wc++98-compat]
[build]   188 |     json_sax_dom_parser(json_sax_dom_parser&&) = default; // NOLINT(hicpp-noexcept-move,performance-noexcept-move-constructor)
[build]       |                                            ^
[build] C:\Users\pperv\code\unnamed_rpg\vendor\json\include\nlohmann/detail/input/json_sax.hpp(188,50): warning: defaulted function definitions are incompatible with C++98 [-Wc++98-compat]
[build]   188 |     json_sax_dom_parser(json_sax_dom_parser&&) = default; // NOLINT(hicpp-noexcept-move,performance-noexcept-move-constructor)
[build]       |                                                  ^
[build] C:\Users\pperv\code\unnamed_rpg\vendor\json\include\nlohmann/detail/input/json_sax.hpp(189,66): warning: deleted function definitions are incompatible with C++98 [-Wc++98-compat]
[build]   189 |     json_sax_dom_parser& operator=(const json_sax_dom_parser&) = delete;
[build]       |                                                                  ^
[build] C:\Users\pperv\code\unnamed_rpg\vendor\json\include\nlohmann/detail/input/json_sax.hpp(190,55): warning: rvalue references are incompatible with C++98 [-Wc++98-compat]
[build]   190 |     json_sax_dom_parser& operator=(json_sax_dom_parser&&) = default; // NOLINT(hicpp-noexcept-move,performance-noexcept-move-constructor)
[build]       |                                                       ^
[build] C:\Users\pperv\code\unnamed_rpg\vendor\json\include\nlohmann/detail/input/json_sax.hpp(190,61): warning: defaulted function definitions are incompatible with C++98 [-Wc++98-compat]
[build]   190 |     json_sax_dom_parser& operator=(json_sax_dom_parser&&) = default; // NOLINT(hicpp-noexcept-move,performance-noexcept-move-constructor)
[build]       |                                                             ^
[build] C:\Users\pperv\code\unnamed_rpg\vendor\json\include\nlohmann/detail/input/json_sax.hpp(191,30): warning: defaulted function definitions are incompatible with C++98 [-Wc++98-compat]
[build]   191 |     ~json_sax_dom_parser() = default;
[build]       |                              ^
[build] C:\Users\pperv\code\unnamed_rpg\vendor\json\include\nlohmann/detail/input/json_sax.hpp(338,5): warning: 'constexpr' specifier is incompatible with C++98 [-Wc++98-compat]
[build]   338 |     constexpr bool is_errored() const
[build]       |     ^
[build] C:\Users\pperv\code\unnamed_rpg\vendor\json\include\nlohmann/detail/input/json_sax.hpp(423,38): warning: rvalue references are incompatible with C++98 [-Wc++98-compat]
[build]   423 |     BasicJsonType* handle_value(Value&& v)
[build]       |                                      ^
[build] C:\Users\pperv\code\unnamed_rpg\vendor\json\include\nlohmann/detail/input/json_sax.hpp(463,43): warning: default member initializer for non-static data members is incompatible with C++98 [-Wc++98-compat]
[build]   463 |     std::vector<BasicJsonType*> ref_stack {};
[build]       |                                           ^
[build] C:\Users\pperv\code\unnamed_rpg\vendor\json\include\nlohmann/detail/input/json_sax.hpp(465,35): warning: default member initializer for non-static data members is incompatible with C++98 [-Wc++98-compat]
[build]   465 |     BasicJsonType* object_element = nullptr;
[build]       |                                   ^
[build] C:\Users\pperv\code\unnamed_rpg\vendor\json\include\nlohmann/detail/input/json_sax.hpp(467,18): warning: default member initializer for non-static data members is incompatible with C++98 [-Wc++98-compat]
[build]   467 |     bool errored = false;
[build]       |                  ^
[build] C:\Users\pperv\code\unnamed_rpg\vendor\json\include\nlohmann/detail/input/json_sax.hpp(469,33): warning: default member initializer for non-static data members is incompatible with C++98 [-Wc++98-compat]
[build]   469 |     const bool allow_exceptions = true;
[build]       |                                 ^
[build] C:\Users\pperv\code\unnamed_rpg\vendor\json\include\nlohmann/detail/input/json_sax.hpp(471,26): warning: default member initializer for non-static data members is incompatible with C++98 [-Wc++98-compat]
[build]   471 |     lexer_t* m_lexer_ref = nullptr;
[build]       |                          ^
[build] C:\Users\pperv\code\unnamed_rpg\vendor\json\include\nlohmann/detail/input/json_sax.hpp(182,107): warning: 'nullptr' is incompatible with C++98 [-Wc++98-compat]
[build]   182 |     explicit json_sax_dom_parser(BasicJsonType& r, const bool allow_exceptions_ = true, lexer_t* lexer_ = nullptr)
[build]       |                                                                                                           ^
[build] C:\Users\pperv\code\unnamed_rpg\vendor\json\include\nlohmann/detail/input/json_sax.hpp(465,37): warning: 'nullptr' is incompatible with C++98 [-Wc++98-compat]
[build]   465 |     BasicJsonType* object_element = nullptr;
[build]       |                                     ^
[build] C:\Users\pperv\code\unnamed_rpg\vendor\json\include\nlohmann/detail/input/json_sax.hpp(471,28): warning: 'nullptr' is incompatible with C++98 [-Wc++98-compat]
[build]   471 |     lexer_t* m_lexer_ref = nullptr;
[build]       |                            ^
[build] C:\Users\pperv\code\unnamed_rpg\vendor\json\include\nlohmann/detail/input/json_sax.hpp(478,30): warning: alias declarations are incompatible with C++98 [-Wc++98-compat]
[build]   478 |     using number_integer_t = typename BasicJsonType::number_integer_t;
[build]       |                              ^
[build] C:\Users\pperv\code\unnamed_rpg\vendor\json\include\nlohmann/detail/input/json_sax.hpp(479,31): warning: alias declarations are incompatible with C++98 [-Wc++98-compat]
[build]   479 |     using number_unsigned_t = typename BasicJsonType::number_unsigned_t;
[build]       |                               ^
[build] C:\Users\pperv\code\unnamed_rpg\vendor\json\include\nlohmann/detail/input/json_sax.hpp(480,28): warning: alias declarations are incompatible with C++98 [-Wc++98-compat]
[build]   480 |     using number_float_t = typename BasicJsonType::number_float_t;
[build]       |                            ^
[build] C:\Users\pperv\code\unnamed_rpg\vendor\json\include\nlohmann/detail/input/json_sax.hpp(481,22): warning: alias declarations are incompatible with C++98 [-Wc++98-compat]
[build]   481 |     using string_t = typename BasicJsonType::string_t;
[build]       |                      ^
[build] C:\Users\pperv\code\unnamed_rpg\vendor\json\include\nlohmann/detail/input/json_sax.hpp(482,22): warning: alias declarations are incompatible with C++98 [-Wc++98-compat]
[build]   482 |     using binary_t = typename BasicJsonType::binary_t;
[build]       |                      ^
[build] C:\Users\pperv\code\unnamed_rpg\vendor\json\include\nlohmann/detail/input/json_sax.hpp(483,31): warning: alias declarations are incompatible with C++98 [-Wc++98-compat]
[build]   483 |     using parser_callback_t = typename BasicJsonType::parser_callback_t;
[build]       |                               ^
[build] C:\Users\pperv\code\unnamed_rpg\vendor\json\include\nlohmann/detail/input/json_sax.hpp(484,27): warning: alias declarations are incompatible with C++98 [-Wc++98-compat]
[build]   484 |     using parse_event_t = typename BasicJsonType::parse_event_t;
[build]       |                           ^
[build] C:\Users\pperv\code\unnamed_rpg\vendor\json\include\nlohmann/detail/input/json_sax.hpp(485,21): warning: alias declarations are incompatible with C++98 [-Wc++98-compat]
[build]   485 |     using lexer_t = lexer<BasicJsonType, InputAdapterType>;
[build]       |                     ^
[build] C:\Users\pperv\code\unnamed_rpg\vendor\json\include\nlohmann/detail/input/json_sax.hpp(497,73): warning: deleted function definitions are incompatible with C++98 [-Wc++98-compat]
[build]   497 |     json_sax_dom_callback_parser(const json_sax_dom_callback_parser&) = delete;
[build]       |                                                                         ^
[build] C:\Users\pperv\code\unnamed_rpg\vendor\json\include\nlohmann/detail/input/json_sax.hpp(498,62): warning: rvalue references are incompatible with C++98 [-Wc++98-compat]
[build]   498 |     json_sax_dom_callback_parser(json_sax_dom_callback_parser&&) = default; // NOLINT(hicpp-noexcept-move,performance-noexcept-move-constructor)
[build]       |                                                              ^
[build] C:\Users\pperv\code\unnamed_rpg\vendor\json\include\nlohmann/detail/input/json_sax.hpp(498,68): warning: defaulted function definitions are incompatible with C++98 [-Wc++98-compat]
[build]   498 |     json_sax_dom_callback_parser(json_sax_dom_callback_parser&&) = default; // NOLINT(hicpp-noexcept-move,performance-noexcept-move-constructor)
[build]       |                                                                    ^
[build] C:\Users\pperv\code\unnamed_rpg\vendor\json\include\nlohmann/detail/input/json_sax.hpp(499,84): warning: deleted function definitions are incompatible with C++98 [-Wc++98-compat]
[build]   499 |     json_sax_dom_callback_parser& operator=(const json_sax_dom_callback_parser&) = delete;
[build]       |                                                                                    ^
[build] C:\Users\pperv\code\unnamed_rpg\vendor\json\include\nlohmann/detail/input/json_sax.hpp(500,73): warning: rvalue references are incompatible with C++98 [-Wc++98-compat]
[build]   500 |     json_sax_dom_callback_parser& operator=(json_sax_dom_callback_parser&&) = default; // NOLINT(hicpp-noexcept-move,performance-noexcept-move-constructor)
[build]       |                                                                         ^
[build] C:\Users\pperv\code\unnamed_rpg\vendor\json\include\nlohmann/detail/input/json_sax.hpp(500,79): warning: defaulted function definitions are incompatible with C++98 [-Wc++98-compat]
[build]   500 |     json_sax_dom_callback_parser& operator=(json_sax_dom_callback_parser&&) = default; // NOLINT(hicpp-noexcept-move,performance-noexcept-move-constructor)
[build]       |                                                                               ^
[build] C:\Users\pperv\code\unnamed_rpg\vendor\json\include\nlohmann/detail/input/json_sax.hpp(501,39): warning: defaulted function definitions are incompatible with C++98 [-Wc++98-compat]
[build]   501 |     ~json_sax_dom_callback_parser() = default;
[build]       |                                       ^
[build] C:\Users\pperv\code\unnamed_rpg\vendor\json\include\nlohmann/detail/input/json_sax.hpp(739,5): warning: 'constexpr' specifier is incompatible with C++98 [-Wc++98-compat]
[build]   739 |     constexpr bool is_errored() const
[build]       |     ^
[build] C:\Users\pperv\code\unnamed_rpg\vendor\json\include\nlohmann/detail/input/json_sax.hpp(841,55): warning: rvalue references are incompatible with C++98 [-Wc++98-compat]
[build]   841 |     std::pair<bool, BasicJsonType*> handle_value(Value&& v, const bool skip_callback = false)
[build]       |                                                       ^
[build] C:\Users\pperv\code\unnamed_rpg\vendor\json\include\nlohmann/detail/input/json_sax.hpp(923,43): warning: default member initializer for non-static data members is incompatible with C++98 [-Wc++98-compat]
[build]   923 |     std::vector<BasicJsonType*> ref_stack {};
[build]       |                                           ^
[build] C:\Users\pperv\code\unnamed_rpg\vendor\json\include\nlohmann/detail/input/json_sax.hpp(925,34): warning: default member initializer for non-static data members is incompatible with C++98 [-Wc++98-compat]
[build]   925 |     std::vector<bool> keep_stack {}; // NOLINT(readability-redundant-member-init)
[build]       |                                  ^
[build] C:\Users\pperv\code\unnamed_rpg\vendor\json\include\nlohmann/detail/input/json_sax.hpp(927,38): warning: default member initializer for non-static data members is incompatible with C++98 [-Wc++98-compat]
[build]   927 |     std::vector<bool> key_keep_stack {}; // NOLINT(readability-redundant-member-init)
[build]       |                                      ^
[build] C:\Users\pperv\code\unnamed_rpg\vendor\json\include\nlohmann/detail/input/json_sax.hpp(929,35): warning: default member initializer for non-static data members is incompatible with C++98 [-Wc++98-compat]
[build]   929 |     BasicJsonType* object_element = nullptr;
[build]       |                                   ^
[build] C:\Users\pperv\code\unnamed_rpg\vendor\json\include\nlohmann/detail/input/json_sax.hpp(931,18): warning: default member initializer for non-static data members is incompatible with C++98 [-Wc++98-compat]
[build]   931 |     bool errored = false;
[build]       |                  ^
[build] C:\Users\pperv\code\unnamed_rpg\vendor\json\include\nlohmann/detail/input/json_sax.hpp(933,38): warning: default member initializer for non-static data members is incompatible with C++98 [-Wc++98-compat]
[build]   933 |     const parser_callback_t callback = nullptr;
[build]       |                                      ^
[build] C:\Users\pperv\code\unnamed_rpg\vendor\json\include\nlohmann/detail/input/json_sax.hpp(935,33): warning: default member initializer for non-static data members is incompatible with C++98 [-Wc++98-compat]
[build]   935 |     const bool allow_exceptions = true;
[build]       |                                 ^
[build] C:\Users\pperv\code\unnamed_rpg\vendor\json\include\nlohmann/detail/input/json_sax.hpp(937,29): warning: default member initializer for non-static data members is incompatible with C++98 [-Wc++98-compat]
[build]   937 |     BasicJsonType discarded = BasicJsonType::value_t::discarded;
[build]       |                             ^
[build] C:\Users\pperv\code\unnamed_rpg\vendor\json\include\nlohmann/detail/input/json_sax.hpp(939,26): warning: default member initializer for non-static data members is incompatible with C++98 [-Wc++98-compat]
[build]   939 |     lexer_t* m_lexer_ref = nullptr;
[build]       |                          ^
[build] C:\Users\pperv\code\unnamed_rpg\vendor\json\include\nlohmann/detail/input/json_sax.hpp(490,52): warning: 'nullptr' is incompatible with C++98 [-Wc++98-compat]
[build]   490 |                                  lexer_t* lexer_ = nullptr)
[build]       |                                                    ^
[build] C:\Users\pperv\code\unnamed_rpg\vendor\json\include\nlohmann/detail/input/json_sax.hpp(925,34): warning: constructor call from initializer list is incompatible with C++98 [-Wc++98-compat]
[build]   925 |     std::vector<bool> keep_stack {}; // NOLINT(readability-redundant-member-init)
[build]       |                                  ^~
[build] C:\Users\pperv\code\unnamed_rpg\vendor\json\include\nlohmann/detail/input/json_sax.hpp(927,38): warning: constructor call from initializer list is incompatible with C++98 [-Wc++98-compat]
[build]   927 |     std::vector<bool> key_keep_stack {}; // NOLINT(readability-redundant-member-init)
[build]       |                                      ^~
[build] C:\Users\pperv\code\unnamed_rpg\vendor\json\include\nlohmann/detail/input/json_sax.hpp(929,37): warning: 'nullptr' is incompatible with C++98 [-Wc++98-compat]
[build]   929 |     BasicJsonType* object_element = nullptr;
[build]       |                                     ^
[build] C:\Users\pperv\code\unnamed_rpg\vendor\json\include\nlohmann/detail/input/json_sax.hpp(933,40): warning: 'nullptr' is incompatible with C++98 [-Wc++98-compat]
[build]   933 |     const parser_callback_t callback = nullptr;
[build]       |                                        ^
[build] C:\Users\pperv\code\unnamed_rpg\vendor\json\include\nlohmann/detail/input/json_sax.hpp(939,28): warning: 'nullptr' is incompatible with C++98 [-Wc++98-compat]
[build]   939 |     lexer_t* m_lexer_ref = nullptr;
[build]       |                            ^
[build] C:\Users\pperv\code\unnamed_rpg\vendor\json\include\nlohmann/detail/input/json_sax.hpp(946,30): warning: alias declarations are incompatible with C++98 [-Wc++98-compat]
[build]   946 |     using number_integer_t = typename BasicJsonType::number_integer_t;
[build]       |                              ^
[build] C:\Users\pperv\code\unnamed_rpg\vendor\json\include\nlohmann/detail/input/json_sax.hpp(947,31): warning: alias declarations are incompatible with C++98 [-Wc++98-compat]
[build]   947 |     using number_unsigned_t = typename BasicJsonType::number_unsigned_t;
[build]       |                               ^
[build] C:\Users\pperv\code\unnamed_rpg\vendor\json\include\nlohmann/detail/input/json_sax.hpp(948,28): warning: alias declarations are incompatible with C++98 [-Wc++98-compat]
[build]   948 |     using number_float_t = typename BasicJsonType::number_float_t;
[build]       |                            ^
[build] C:\Users\pperv\code\unnamed_rpg\vendor\json\include\nlohmann/detail/input/json_sax.hpp(949,22): warning: alias declarations are incompatible with C++98 [-Wc++98-compat]
[build]   949 |     using string_t = typename BasicJsonType::string_t;
[build]       |                      ^
[build] C:\Users\pperv\code\unnamed_rpg\vendor\json\include\nlohmann/detail/input/json_sax.hpp(950,22): warning: alias declarations are incompatible with C++98 [-Wc++98-compat]
[build]   950 |     using binary_t = typename BasicJsonType::binary_t;
[build]       |                      ^
[build] In file included from C:\Users\pperv\code\unnamed_rpg\vendor\json-schema-validator\src\json-validator.cpp:9:
[build] In file included from C:\Users\pperv\code\unnamed_rpg\vendor\json-schema-validator\src\nlohmann/json-schema.hpp:24:
[build] In file included from C:\Users\pperv\code\unnamed_rpg\vendor\json\include\nlohmann/json.hpp:50:
[build] In file included from C:\Users\pperv\code\unnamed_rpg\vendor\json\include\nlohmann/detail/input/binary_reader.hpp:32:
[build] C:\Users\pperv\code\unnamed_rpg\vendor\json\include\nlohmann/detail/meta/is_sax.hpp(19,1): warning: empty macro arguments are incompatible with C++98 [-Wc++98-compat-pedantic]
[build]    19 | NLOHMANN_JSON_NAMESPACE_BEGIN
[build]       | ^
[build] C:\Users\pperv\code\unnamed_rpg\vendor\json\include\nlohmann/detail/abi_macros.hpp(102,17): note: expanded from macro 'NLOHMANN_JSON_NAMESPACE_BEGIN'
[build]   102 |                 NLOHMANN_JSON_ABI_TAGS,              \
[build]       |                 ^
[build] C:\Users\pperv\code\unnamed_rpg\vendor\json\include\nlohmann/detail/abi_macros.hpp(65,5): note: expanded from macro 'NLOHMANN_JSON_ABI_TAGS'
[build]    65 |     NLOHMANN_JSON_ABI_TAGS_CONCAT(                                   \
[build]       |     ^
[build] C:\Users\pperv\code\unnamed_rpg\vendor\json\include\nlohmann/detail/abi_macros.hpp(62,39): note: expanded from macro 'NLOHMANN_JSON_ABI_TAGS_CONCAT'
[build]    62 |     NLOHMANN_JSON_ABI_TAGS_CONCAT_EX(a, b, c)
[build]       |                                       ^
[build] In file included from C:\Users\pperv\code\unnamed_rpg\vendor\json-schema-validator\src\json-validator.cpp:9:
[build] In file included from C:\Users\pperv\code\unnamed_rpg\vendor\json-schema-validator\src\nlohmann/json-schema.hpp:24:
[build] In file included from C:\Users\pperv\code\unnamed_rpg\vendor\json\include\nlohmann/json.hpp:50:
[build] In file included from C:\Users\pperv\code\unnamed_rpg\vendor\json\include\nlohmann/detail/input/binary_reader.hpp:32:
[build] C:\Users\pperv\code\unnamed_rpg\vendor\json\include\nlohmann/detail/meta/is_sax.hpp(19,1): warning: empty macro arguments are incompatible with C++98 [-Wc++98-compat-pedantic]
[build] C:\Users\pperv\code\unnamed_rpg\vendor\json\include\nlohmann/detail/abi_macros.hpp(102,17): note: expanded from macro 'NLOHMANN_JSON_NAMESPACE_BEGIN'
[build]   102 |                 NLOHMANN_JSON_ABI_TAGS,              \
[build]       |                 ^
[build] C:\Users\pperv\code\unnamed_rpg\vendor\json\include\nlohmann/detail/abi_macros.hpp(65,5): note: expanded from macro 'NLOHMANN_JSON_ABI_TAGS'
[build]    65 |     NLOHMANN_JSON_ABI_TAGS_CONCAT(                                   \
[build]       |     ^
[build] C:\Users\pperv\code\unnamed_rpg\vendor\json\include\nlohmann/detail/abi_macros.hpp(62,42): note: expanded from macro 'NLOHMANN_JSON_ABI_TAGS_CONCAT'
[build]    62 |     NLOHMANN_JSON_ABI_TAGS_CONCAT_EX(a, b, c)
[build]       |                                          ^
[build] In file included from C:\Users\pperv\code\unnamed_rpg\vendor\json-schema-validator\src\json-validator.cpp:9:
[build] In file included from C:\Users\pperv\code\unnamed_rpg\vendor\json-schema-validator\src\nlohmann/json-schema.hpp:24:
[build] In file included from C:\Users\pperv\code\unnamed_rpg\vendor\json\include\nlohmann/json.hpp:50:
[build] In file included from C:\Users\pperv\code\unnamed_rpg\vendor\json\include\nlohmann/detail/input/binary_reader.hpp:32:
[build] C:\Users\pperv\code\unnamed_rpg\vendor\json\include\nlohmann/detail/meta/is_sax.hpp(19,1): warning: empty macro arguments are incompatible with C++98 [-Wc++98-compat-pedantic]
[build] C:\Users\pperv\code\unnamed_rpg\vendor\json\include\nlohmann/detail/abi_macros.hpp(102,17): note: expanded from macro 'NLOHMANN_JSON_NAMESPACE_BEGIN'
[build]   102 |                 NLOHMANN_JSON_ABI_TAGS,              \
[build]       |                 ^
[build] C:\Users\pperv\code\unnamed_rpg\vendor\json\include\nlohmann/detail/abi_macros.hpp(65,5): note: expanded from macro 'NLOHMANN_JSON_ABI_TAGS'
[build]    65 |     NLOHMANN_JSON_ABI_TAGS_CONCAT(                                   \
[build]       |     ^
[build] C:\Users\pperv\code\unnamed_rpg\vendor\json\include\nlohmann/detail/abi_macros.hpp(62,45): note: expanded from macro 'NLOHMANN_JSON_ABI_TAGS_CONCAT'
[build]    62 |     NLOHMANN_JSON_ABI_TAGS_CONCAT_EX(a, b, c)
[build]       |                                             ^
[build] In file included from C:\Users\pperv\code\unnamed_rpg\vendor\json-schema-validator\src\json-validator.cpp:9:
[build] In file included from C:\Users\pperv\code\unnamed_rpg\vendor\json-schema-validator\src\nlohmann/json-schema.hpp:24:
[build] In file included from C:\Users\pperv\code\unnamed_rpg\vendor\json\include\nlohmann/json.hpp:50:
[build] In file included from C:\Users\pperv\code\unnamed_rpg\vendor\json\include\nlohmann/detail/input/binary_reader.hpp:32:
[build] C:\Users\pperv\code\unnamed_rpg\vendor\json\include\nlohmann/detail/meta/is_sax.hpp(19,1): warning: inline namespaces are incompatible with C++98 [-Wc++98-compat]
[build] C:\Users\pperv\code\unnamed_rpg\vendor\json\include\nlohmann/detail/abi_macros.hpp(101,5): note: expanded from macro 'NLOHMANN_JSON_NAMESPACE_BEGIN'
[build]   101 |     inline namespace NLOHMANN_JSON_NAMESPACE_CONCAT( \
[build]       |     ^
[build] In file included from C:\Users\pperv\code\unnamed_rpg\vendor\json-schema-validator\src\json-validator.cpp:9:
[build] In file included from C:\Users\pperv\code\unnamed_rpg\vendor\json-schema-validator\src\nlohmann/json-schema.hpp:24:
[build] In file included from C:\Users\pperv\code\unnamed_rpg\vendor\json\include\nlohmann/json.hpp:50:
[build] In file included from C:\Users\pperv\code\unnamed_rpg\vendor\json\include\nlohmann/detail/input/binary_reader.hpp:32:
[build] C:\Users\pperv\code\unnamed_rpg\vendor\json\include\nlohmann/detail/meta/is_sax.hpp(24,25): warning: alias declarations are incompatible with C++98 [-Wc++98-compat]
[build]    24 | using null_function_t = decltype(std::declval<T&>().null());
[build]       |                         ^
[build] C:\Users\pperv\code\unnamed_rpg\vendor\json\include\nlohmann/detail/meta/is_sax.hpp(24,25): warning: 'decltype' type specifier is incompatible with C++98 [-Wc++98-compat]
[build] C:\Users\pperv\code\unnamed_rpg\vendor\json\include\nlohmann/detail/meta/is_sax.hpp(28,5): warning: alias declarations are incompatible with C++98 [-Wc++98-compat]
[build]    28 |     decltype(std::declval<T&>().boolean(std::declval<bool>()));
[build]       |     ^
[build] C:\Users\pperv\code\unnamed_rpg\vendor\json\include\nlohmann/detail/meta/is_sax.hpp(28,5): warning: 'decltype' type specifier is incompatible with C++98 [-Wc++98-compat]
[build] C:\Users\pperv\code\unnamed_rpg\vendor\json\include\nlohmann/detail/meta/is_sax.hpp(32,5): warning: alias declarations are incompatible with C++98 [-Wc++98-compat]
[build]    32 |     decltype(std::declval<T&>().number_integer(std::declval<Integer>()));
[build]       |     ^
[build] C:\Users\pperv\code\unnamed_rpg\vendor\json\include\nlohmann/detail/meta/is_sax.hpp(32,5): warning: 'decltype' type specifier is incompatible with C++98 [-Wc++98-compat]
[build] C:\Users\pperv\code\unnamed_rpg\vendor\json\include\nlohmann/detail/meta/is_sax.hpp(36,5): warning: alias declarations are incompatible with C++98 [-Wc++98-compat]
[build]    36 |     decltype(std::declval<T&>().number_unsigned(std::declval<Unsigned>()));
[build]       |     ^
[build] C:\Users\pperv\code\unnamed_rpg\vendor\json\include\nlohmann/detail/meta/is_sax.hpp(36,5): warning: 'decltype' type specifier is incompatible with C++98 [-Wc++98-compat]
[build] C:\Users\pperv\code\unnamed_rpg\vendor\json\include\nlohmann/detail/meta/is_sax.hpp(39,33): warning: alias declarations are incompatible with C++98 [-Wc++98-compat]
[build]    39 | using number_float_function_t = decltype(std::declval<T&>().number_float(
[build]       |                                 ^
[build] C:\Users\pperv\code\unnamed_rpg\vendor\json\include\nlohmann/detail/meta/is_sax.hpp(39,33): warning: 'decltype' type specifier is incompatible with C++98 [-Wc++98-compat]
[build] C:\Users\pperv\code\unnamed_rpg\vendor\json\include\nlohmann/detail/meta/is_sax.hpp(44,5): warning: alias declarations are incompatible with C++98 [-Wc++98-compat]
[build]    44 |     decltype(std::declval<T&>().string(std::declval<String&>()));
[build]       |     ^
[build] C:\Users\pperv\code\unnamed_rpg\vendor\json\include\nlohmann/detail/meta/is_sax.hpp(44,5): warning: 'decltype' type specifier is incompatible with C++98 [-Wc++98-compat]
[build] C:\Users\pperv\code\unnamed_rpg\vendor\json\include\nlohmann/detail/meta/is_sax.hpp(48,5): warning: alias declarations are incompatible with C++98 [-Wc++98-compat]
[build]    48 |     decltype(std::declval<T&>().binary(std::declval<Binary&>()));
[build]       |     ^
[build] C:\Users\pperv\code\unnamed_rpg\vendor\json\include\nlohmann/detail/meta/is_sax.hpp(48,5): warning: 'decltype' type specifier is incompatible with C++98 [-Wc++98-compat]
[build] C:\Users\pperv\code\unnamed_rpg\vendor\json\include\nlohmann/detail/meta/is_sax.hpp(52,5): warning: alias declarations are incompatible with C++98 [-Wc++98-compat]
[build]    52 |     decltype(std::declval<T&>().start_object(std::declval<std::size_t>()));
[build]       |     ^
[build] C:\Users\pperv\code\unnamed_rpg\vendor\json\include\nlohmann/detail/meta/is_sax.hpp(52,5): warning: 'decltype' type specifier is incompatible with C++98 [-Wc++98-compat]
[build] C:\Users\pperv\code\unnamed_rpg\vendor\json\include\nlohmann/detail/meta/is_sax.hpp(56,5): warning: alias declarations are incompatible with C++98 [-Wc++98-compat]
[build]    56 |     decltype(std::declval<T&>().key(std::declval<String&>()));
[build]       |     ^
[build] C:\Users\pperv\code\unnamed_rpg\vendor\json\include\nlohmann/detail/meta/is_sax.hpp(56,5): warning: 'decltype' type specifier is incompatible with C++98 [-Wc++98-compat]
[build] C:\Users\pperv\code\unnamed_rpg\vendor\json\include\nlohmann/detail/meta/is_sax.hpp(59,31): warning: alias declarations are incompatible with C++98 [-Wc++98-compat]
[build]    59 | using end_object_function_t = decltype(std::declval<T&>().end_object());
[build]       |                               ^
[build] C:\Users\pperv\code\unnamed_rpg\vendor\json\include\nlohmann/detail/meta/is_sax.hpp(59,31): warning: 'decltype' type specifier is incompatible with C++98 [-Wc++98-compat]
[build] C:\Users\pperv\code\unnamed_rpg\vendor\json\include\nlohmann/detail/meta/is_sax.hpp(63,5): warning: alias declarations are incompatible with C++98 [-Wc++98-compat]
[build]    63 |     decltype(std::declval<T&>().start_array(std::declval<std::size_t>()));
[build]       |     ^
[build] C:\Users\pperv\code\unnamed_rpg\vendor\json\include\nlohmann/detail/meta/is_sax.hpp(63,5): warning: 'decltype' type specifier is incompatible with C++98 [-Wc++98-compat]
[build] C:\Users\pperv\code\unnamed_rpg\vendor\json\include\nlohmann/detail/meta/is_sax.hpp(66,30): warning: alias declarations are incompatible with C++98 [-Wc++98-compat]
[build]    66 | using end_array_function_t = decltype(std::declval<T&>().end_array());
[build]       |                              ^
[build] C:\Users\pperv\code\unnamed_rpg\vendor\json\include\nlohmann/detail/meta/is_sax.hpp(66,30): warning: 'decltype' type specifier is incompatible with C++98 [-Wc++98-compat]
[build] C:\Users\pperv\code\unnamed_rpg\vendor\json\include\nlohmann/detail/meta/is_sax.hpp(69,32): warning: alias declarations are incompatible with C++98 [-Wc++98-compat]
[build]    69 | using parse_error_function_t = decltype(std::declval<T&>().parse_error(
[build]       |                                ^
[build] C:\Users\pperv\code\unnamed_rpg\vendor\json\include\nlohmann/detail/meta/is_sax.hpp(69,32): warning: 'decltype' type specifier is incompatible with C++98 [-Wc++98-compat]
[build] C:\Users\pperv\code\unnamed_rpg\vendor\json\include\nlohmann/detail/meta/is_sax.hpp(77,5): warning: 'static_assert' declarations are incompatible with C++98 [-Wc++98-compat]
[build]    77 |     static_assert(is_basic_json<BasicJsonType>::value,
[build]       |     ^
[build] C:\Users\pperv\code\unnamed_rpg\vendor\json\include\nlohmann/detail/meta/is_sax.hpp(80,30): warning: alias declarations are incompatible with C++98 [-Wc++98-compat]
[build]    80 |     using number_integer_t = typename BasicJsonType::number_integer_t;
[build]       |                              ^
[build] C:\Users\pperv\code\unnamed_rpg\vendor\json\include\nlohmann/detail/meta/is_sax.hpp(81,31): warning: alias declarations are incompatible with C++98 [-Wc++98-compat]
[build]    81 |     using number_unsigned_t = typename BasicJsonType::number_unsigned_t;
[build]       |                               ^
[build] C:\Users\pperv\code\unnamed_rpg\vendor\json\include\nlohmann/detail/meta/is_sax.hpp(82,28): warning: alias declarations are incompatible with C++98 [-Wc++98-compat]
[build]    82 |     using number_float_t = typename BasicJsonType::number_float_t;
[build]       |                            ^
[build] C:\Users\pperv\code\unnamed_rpg\vendor\json\include\nlohmann/detail/meta/is_sax.hpp(83,22): warning: alias declarations are incompatible with C++98 [-Wc++98-compat]
[build]    83 |     using string_t = typename BasicJsonType::string_t;
[build]       |                      ^
[build] C:\Users\pperv\code\unnamed_rpg\vendor\json\include\nlohmann/detail/meta/is_sax.hpp(84,22): warning: alias declarations are incompatible with C++98 [-Wc++98-compat]
[build]    84 |     using binary_t = typename BasicJsonType::binary_t;
[build]       |                      ^
[build] C:\Users\pperv\code\unnamed_rpg\vendor\json\include\nlohmann/detail/meta/is_sax.hpp(85,25): warning: alias declarations are incompatible with C++98 [-Wc++98-compat]
[build]    85 |     using exception_t = typename BasicJsonType::exception;
[build]       |                         ^
[build] C:\Users\pperv\code\unnamed_rpg\vendor\json\include\nlohmann/detail/meta/is_sax.hpp(88,12): warning: 'constexpr' specifier is incompatible with C++98 [-Wc++98-compat]
[build]    88 |     static constexpr bool value =
[build]       |            ^
[build] C:\Users\pperv\code\unnamed_rpg\vendor\json\include\nlohmann/detail/meta/is_sax.hpp(108,5): warning: 'static_assert' declarations are incompatible with C++98 [-Wc++98-compat]
[build]   108 |     static_assert(is_basic_json<BasicJsonType>::value,
[build]       |     ^
[build] C:\Users\pperv\code\unnamed_rpg\vendor\json\include\nlohmann/detail/meta/is_sax.hpp(111,30): warning: alias declarations are incompatible with C++98 [-Wc++98-compat]
[build]   111 |     using number_integer_t = typename BasicJsonType::number_integer_t;
[build]       |                              ^
[build] C:\Users\pperv\code\unnamed_rpg\vendor\json\include\nlohmann/detail/meta/is_sax.hpp(112,31): warning: alias declarations are incompatible with C++98 [-Wc++98-compat]
[build]   112 |     using number_unsigned_t = typename BasicJsonType::number_unsigned_t;
[build]       |                               ^
[build] C:\Users\pperv\code\unnamed_rpg\vendor\json\include\nlohmann/detail/meta/is_sax.hpp(113,28): warning: alias declarations are incompatible with C++98 [-Wc++98-compat]
[build]   113 |     using number_float_t = typename BasicJsonType::number_float_t;
[build]       |                            ^
[build] C:\Users\pperv\code\unnamed_rpg\vendor\json\include\nlohmann/detail/meta/is_sax.hpp(114,22): warning: alias declarations are incompatible with C++98 [-Wc++98-compat]
[build]   114 |     using string_t = typename BasicJsonType::string_t;
[build]       |                      ^
[build] C:\Users\pperv\code\unnamed_rpg\vendor\json\include\nlohmann/detail/meta/is_sax.hpp(115,22): warning: alias declarations are incompatible with C++98 [-Wc++98-compat]
[build]   115 |     using binary_t = typename BasicJsonType::binary_t;
[build]       |                      ^
[build] C:\Users\pperv\code\unnamed_rpg\vendor\json\include\nlohmann/detail/meta/is_sax.hpp(116,25): warning: alias declarations are incompatible with C++98 [-Wc++98-compat]
[build]   116 |     using exception_t = typename BasicJsonType::exception;
[build]       |                         ^
[build] C:\Users\pperv\code\unnamed_rpg\vendor\json\include\nlohmann/detail/meta/is_sax.hpp(119,5): warning: 'static_assert' declarations are incompatible with C++98 [-Wc++98-compat]
[build]   119 |     static_assert(is_detected_exact<bool, null_function_t, SAX>::value,
[build]       |     ^
[build] C:\Users\pperv\code\unnamed_rpg\vendor\json\include\nlohmann/detail/meta/is_sax.hpp(121,5): warning: 'static_assert' declarations are incompatible with C++98 [-Wc++98-compat]
[build]   121 |     static_assert(is_detected_exact<bool, boolean_function_t, SAX>::value,
[build]       |     ^
[build] C:\Users\pperv\code\unnamed_rpg\vendor\json\include\nlohmann/detail/meta/is_sax.hpp(123,5): warning: 'static_assert' declarations are incompatible with C++98 [-Wc++98-compat]
[build]   123 |     static_assert(is_detected_exact<bool, boolean_function_t, SAX>::value,
[build]       |     ^
[build] C:\Users\pperv\code\unnamed_rpg\vendor\json\include\nlohmann/detail/meta/is_sax.hpp(125,5): warning: 'static_assert' declarations are incompatible with C++98 [-Wc++98-compat]
[build]   125 |     static_assert(
[build]       |     ^
[build] C:\Users\pperv\code\unnamed_rpg\vendor\json\include\nlohmann/detail/meta/is_sax.hpp(129,5): warning: 'static_assert' declarations are incompatible with C++98 [-Wc++98-compat]
[build]   129 |     static_assert(
[build]       |     ^
[build] C:\Users\pperv\code\unnamed_rpg\vendor\json\include\nlohmann/detail/meta/is_sax.hpp(133,5): warning: 'static_assert' declarations are incompatible with C++98 [-Wc++98-compat]
[build]   133 |     static_assert(is_detected_exact<bool, number_float_function_t, SAX,
[build]       |     ^
[build] C:\Users\pperv\code\unnamed_rpg\vendor\json\include\nlohmann/detail/meta/is_sax.hpp(136,5): warning: 'static_assert' declarations are incompatible with C++98 [-Wc++98-compat]
[build]   136 |     static_assert(
[build]       |     ^
[build] C:\Users\pperv\code\unnamed_rpg\vendor\json\include\nlohmann/detail/meta/is_sax.hpp(139,5): warning: 'static_assert' declarations are incompatible with C++98 [-Wc++98-compat]
[build]   139 |     static_assert(
[build]       |     ^
[build] C:\Users\pperv\code\unnamed_rpg\vendor\json\include\nlohmann/detail/meta/is_sax.hpp(142,5): warning: 'static_assert' declarations are incompatible with C++98 [-Wc++98-compat]
[build]   142 |     static_assert(is_detected_exact<bool, start_object_function_t, SAX>::value,
[build]       |     ^
[build] C:\Users\pperv\code\unnamed_rpg\vendor\json\include\nlohmann/detail/meta/is_sax.hpp(144,5): warning: 'static_assert' declarations are incompatible with C++98 [-Wc++98-compat]
[build]   144 |     static_assert(is_detected_exact<bool, key_function_t, SAX, string_t>::value,
[build]       |     ^
[build] C:\Users\pperv\code\unnamed_rpg\vendor\json\include\nlohmann/detail/meta/is_sax.hpp(146,5): warning: 'static_assert' declarations are incompatible with C++98 [-Wc++98-compat]
[build]   146 |     static_assert(is_detected_exact<bool, end_object_function_t, SAX>::value,
[build]       |     ^
[build] C:\Users\pperv\code\unnamed_rpg\vendor\json\include\nlohmann/detail/meta/is_sax.hpp(148,5): warning: 'static_assert' declarations are incompatible with C++98 [-Wc++98-compat]
[build]   148 |     static_assert(is_detected_exact<bool, start_array_function_t, SAX>::value,
[build]       |     ^
[build] C:\Users\pperv\code\unnamed_rpg\vendor\json\include\nlohmann/detail/meta/is_sax.hpp(150,5): warning: 'static_assert' declarations are incompatible with C++98 [-Wc++98-compat]
[build]   150 |     static_assert(is_detected_exact<bool, end_array_function_t, SAX>::value,
[build]       |     ^
[build] C:\Users\pperv\code\unnamed_rpg\vendor\json\include\nlohmann/detail/meta/is_sax.hpp(152,5): warning: 'static_assert' declarations are incompatible with C++98 [-Wc++98-compat]
[build]   152 |     static_assert(
[build]       |     ^
[build] In file included from C:\Users\pperv\code\unnamed_rpg\vendor\json-schema-validator\src\json-validator.cpp:9:
[build] In file included from C:\Users\pperv\code\unnamed_rpg\vendor\json-schema-validator\src\nlohmann/json-schema.hpp:24:
[build] In file included from C:\Users\pperv\code\unnamed_rpg\vendor\json\include\nlohmann/json.hpp:50:
[build] C:\Users\pperv\code\unnamed_rpg\vendor\json\include\nlohmann/detail/input/binary_reader.hpp(37,1): warning: empty macro arguments are incompatible with C++98 [-Wc++98-compat-pedantic]
[build]    37 | NLOHMANN_JSON_NAMESPACE_BEGIN
[build]       | ^
[build] C:\Users\pperv\code\unnamed_rpg\vendor\json\include\nlohmann/detail/abi_macros.hpp(102,17): note: expanded from macro 'NLOHMANN_JSON_NAMESPACE_BEGIN'
[build]   102 |                 NLOHMANN_JSON_ABI_TAGS,              \
[build]       |                 ^
[build] C:\Users\pperv\code\unnamed_rpg\vendor\json\include\nlohmann/detail/abi_macros.hpp(65,5): note: expanded from macro 'NLOHMANN_JSON_ABI_TAGS'
[build]    65 |     NLOHMANN_JSON_ABI_TAGS_CONCAT(                                   \
[build]       |     ^
[build] C:\Users\pperv\code\unnamed_rpg\vendor\json\include\nlohmann/detail/abi_macros.hpp(62,39): note: expanded from macro 'NLOHMANN_JSON_ABI_TAGS_CONCAT'
[build]    62 |     NLOHMANN_JSON_ABI_TAGS_CONCAT_EX(a, b, c)
[build]       |                                       ^
[build] In file included from C:\Users\pperv\code\unnamed_rpg\vendor\json-schema-validator\src\json-validator.cpp:9:
[build] In file included from C:\Users\pperv\code\unnamed_rpg\vendor\json-schema-validator\src\nlohmann/json-schema.hpp:24:
[build] In file included from C:\Users\pperv\code\unnamed_rpg\vendor\json\include\nlohmann/json.hpp:50:
[build] C:\Users\pperv\code\unnamed_rpg\vendor\json\include\nlohmann/detail/input/binary_reader.hpp(37,1): warning: empty macro arguments are incompatible with C++98 [-Wc++98-compat-pedantic]
[build] C:\Users\pperv\code\unnamed_rpg\vendor\json\include\nlohmann/detail/abi_macros.hpp(102,17): note: expanded from macro 'NLOHMANN_JSON_NAMESPACE_BEGIN'
[build]   102 |                 NLOHMANN_JSON_ABI_TAGS,              \
[build]       |                 ^
[build] C:\Users\pperv\code\unnamed_rpg\vendor\json\include\nlohmann/detail/abi_macros.hpp(65,5): note: expanded from macro 'NLOHMANN_JSON_ABI_TAGS'
[build]    65 |     NLOHMANN_JSON_ABI_TAGS_CONCAT(                                   \
[build]       |     ^
[build] C:\Users\pperv\code\unnamed_rpg\vendor\json\include\nlohmann/detail/abi_macros.hpp(62,42): note: expanded from macro 'NLOHMANN_JSON_ABI_TAGS_CONCAT'
[build]    62 |     NLOHMANN_JSON_ABI_TAGS_CONCAT_EX(a, b, c)
[build]       |                                          ^
[build] In file included from C:\Users\pperv\code\unnamed_rpg\vendor\json-schema-validator\src\json-validator.cpp:9:
[build] In file included from C:\Users\pperv\code\unnamed_rpg\vendor\json-schema-validator\src\nlohmann/json-schema.hpp:24:
[build] In file included from C:\Users\pperv\code\unnamed_rpg\vendor\json\include\nlohmann/json.hpp:50:
[build] C:\Users\pperv\code\unnamed_rpg\vendor\json\include\nlohmann/detail/input/binary_reader.hpp(37,1): warning: empty macro arguments are incompatible with C++98 [-Wc++98-compat-pedantic]
[build] C:\Users\pperv\code\unnamed_rpg\vendor\json\include\nlohmann/detail/abi_macros.hpp(102,17): note: expanded from macro 'NLOHMANN_JSON_NAMESPACE_BEGIN'
[build]   102 |                 NLOHMANN_JSON_ABI_TAGS,              \
[build]       |                 ^
[build] C:\Users\pperv\code\unnamed_rpg\vendor\json\include\nlohmann/detail/abi_macros.hpp(65,5): note: expanded from macro 'NLOHMANN_JSON_ABI_TAGS'
[build]    65 |     NLOHMANN_JSON_ABI_TAGS_CONCAT(                                   \
[build]       |     ^
[build] C:\Users\pperv\code\unnamed_rpg\vendor\json\include\nlohmann/detail/abi_macros.hpp(62,45): note: expanded from macro 'NLOHMANN_JSON_ABI_TAGS_CONCAT'
[build]    62 |     NLOHMANN_JSON_ABI_TAGS_CONCAT_EX(a, b, c)
[build]       |                                             ^
[build] In file included from C:\Users\pperv\code\unnamed_rpg\vendor\json-schema-validator\src\json-validator.cpp:9:
[build] In file included from C:\Users\pperv\code\unnamed_rpg\vendor\json-schema-validator\src\nlohmann/json-schema.hpp:24:
[build] In file included from C:\Users\pperv\code\unnamed_rpg\vendor\json\include\nlohmann/json.hpp:50:
[build] C:\Users\pperv\code\unnamed_rpg\vendor\json\include\nlohmann/detail/input/binary_reader.hpp(37,1): warning: inline namespaces are incompatible with C++98 [-Wc++98-compat]
[build] C:\Users\pperv\code\unnamed_rpg\vendor\json\include\nlohmann/detail/abi_macros.hpp(101,5): note: expanded from macro 'NLOHMANN_JSON_NAMESPACE_BEGIN'
[build]   101 |     inline namespace NLOHMANN_JSON_NAMESPACE_CONCAT( \
[build]       |     ^
[build] In file included from C:\Users\pperv\code\unnamed_rpg\vendor\json-schema-validator\src\json-validator.cpp:9:
[build] In file included from C:\Users\pperv\code\unnamed_rpg\vendor\json-schema-validator\src\nlohmann/json-schema.hpp:24:
[build] In file included from C:\Users\pperv\code\unnamed_rpg\vendor\json\include\nlohmann/json.hpp:50:
[build] C:\Users\pperv\code\unnamed_rpg\vendor\json\include\nlohmann/detail/input/binary_reader.hpp(42,6): warning: scoped enumerations are incompatible with C++98 [-Wc++98-compat]
[build]    42 | enum class cbor_tag_handler_t
[build]       |      ^
[build] C:\Users\pperv\code\unnamed_rpg\vendor\json\include\nlohmann/detail/input/binary_reader.hpp(56,44): warning: noexcept specifications are incompatible with C++98 [-Wc++98-compat]
[build]    56 | inline bool little_endianness(int num = 1) noexcept
[build]       |                                            ^
[build] C:\Users\pperv\code\unnamed_rpg\vendor\json\include\nlohmann/detail/input/binary_reader.hpp(68,127): warning: consecutive right angle brackets are incompatible with C++98 (use '> >') [-Wc++98-compat]
[build]    68 | template<typename BasicJsonType, typename InputAdapterType, typename SAX = json_sax_dom_parser<BasicJsonType, InputAdapterType>>
[build]       |                                                                                                                               ^~
[build]       |                                                                                                                               > >
[build] C:\Users\pperv\code\unnamed_rpg\vendor\json\include\nlohmann/detail/input/binary_reader.hpp(71,30): warning: alias declarations are incompatible with C++98 [-Wc++98-compat]
[build]    71 |     using number_integer_t = typename BasicJsonType::number_integer_t;
[build]       |                              ^
[build] C:\Users\pperv\code\unnamed_rpg\vendor\json\include\nlohmann/detail/input/binary_reader.hpp(72,31): warning: alias declarations are incompatible with C++98 [-Wc++98-compat]
[build]    72 |     using number_unsigned_t = typename BasicJsonType::number_unsigned_t;
[build]       |                               ^
[build] C:\Users\pperv\code\unnamed_rpg\vendor\json\include\nlohmann/detail/input/binary_reader.hpp(73,28): warning: alias declarations are incompatible with C++98 [-Wc++98-compat]
[build]    73 |     using number_float_t = typename BasicJsonType::number_float_t;
[build]       |                            ^
[build] C:\Users\pperv\code\unnamed_rpg\vendor\json\include\nlohmann/detail/input/binary_reader.hpp(74,22): warning: alias declarations are incompatible with C++98 [-Wc++98-compat]
[build]    74 |     using string_t = typename BasicJsonType::string_t;
[build]       |                      ^
[build] C:\Users\pperv\code\unnamed_rpg\vendor\json\include\nlohmann/detail/input/binary_reader.hpp(75,22): warning: alias declarations are incompatible with C++98 [-Wc++98-compat]
[build]    75 |     using binary_t = typename BasicJsonType::binary_t;
[build]       |                      ^
[build] C:\Users\pperv\code\unnamed_rpg\vendor\json\include\nlohmann/detail/input/binary_reader.hpp(76,24): warning: alias declarations are incompatible with C++98 [-Wc++98-compat]
[build]    76 |     using json_sax_t = SAX;
[build]       |                        ^
[build] C:\Users\pperv\code\unnamed_rpg\vendor\json\include\nlohmann/detail/input/binary_reader.hpp(77,23): warning: alias declarations are incompatible with C++98 [-Wc++98-compat]
[build]    77 |     using char_type = typename InputAdapterType::char_type;
[build]       |                       ^
[build] C:\Users\pperv\code\unnamed_rpg\vendor\json\include\nlohmann/detail/input/binary_reader.hpp(78,27): warning: alias declarations are incompatible with C++98 [-Wc++98-compat]
[build]    78 |     using char_int_type = typename char_traits<char_type>::int_type;
[build]       |                           ^
[build] C:\Users\pperv\code\unnamed_rpg\vendor\json\include\nlohmann/detail/input/binary_reader.hpp(86,44): warning: rvalue references are incompatible with C++98 [-Wc++98-compat]
[build]    86 |     explicit binary_reader(InputAdapterType&& adapter, const input_format_t format = input_format_t::json) noexcept : ia(std::move(adapter)), input_format(format)
[build]       |                                            ^
[build] C:\Users\pperv\code\unnamed_rpg\vendor\json\include\nlohmann/detail/input/binary_reader.hpp(86,117): warning: noexcept specifications are incompatible with C++98 [-Wc++98-compat]
[build]    86 |     explicit binary_reader(InputAdapterType&& adapter, const input_format_t format = input_format_t::json) noexcept : ia(std::move(adapter)), input_format(format)
[build]       |                                                                                                                     ^
[build] C:\Users\pperv\code\unnamed_rpg\vendor\json\include\nlohmann/detail/input/binary_reader.hpp(92,43): warning: deleted function definitions are incompatible with C++98 [-Wc++98-compat]
[build]    92 |     binary_reader(const binary_reader&) = delete;
[build]       |                                           ^
[build] C:\Users\pperv\code\unnamed_rpg\vendor\json\include\nlohmann/detail/input/binary_reader.hpp(93,32): warning: rvalue references are incompatible with C++98 [-Wc++98-compat]
[build]    93 |     binary_reader(binary_reader&&) = default; // NOLINT(hicpp-noexcept-move,performance-noexcept-move-constructor)
[build]       |                                ^
[build] C:\Users\pperv\code\unnamed_rpg\vendor\json\include\nlohmann/detail/input/binary_reader.hpp(93,38): warning: defaulted function definitions are incompatible with C++98 [-Wc++98-compat]
[build]    93 |     binary_reader(binary_reader&&) = default; // NOLINT(hicpp-noexcept-move,performance-noexcept-move-constructor)
[build]       |                                      ^
[build] C:\Users\pperv\code\unnamed_rpg\vendor\json\include\nlohmann/detail/input/binary_reader.hpp(94,54): warning: deleted function definitions are incompatible with C++98 [-Wc++98-compat]
[build]    94 |     binary_reader& operator=(const binary_reader&) = delete;
[build]       |                                                      ^
[build] C:\Users\pperv\code\unnamed_rpg\vendor\json\include\nlohmann/detail/input/binary_reader.hpp(95,43): warning: rvalue references are incompatible with C++98 [-Wc++98-compat]
[build]    95 |     binary_reader& operator=(binary_reader&&) = default; // NOLINT(hicpp-noexcept-move,performance-noexcept-move-constructor)
[build]       |                                           ^
[build] C:\Users\pperv\code\unnamed_rpg\vendor\json\include\nlohmann/detail/input/binary_reader.hpp(95,49): warning: defaulted function definitions are incompatible with C++98 [-Wc++98-compat]
[build]    95 |     binary_reader& operator=(binary_reader&&) = default; // NOLINT(hicpp-noexcept-move,performance-noexcept-move-constructor)
[build]       |                                                 ^
[build] C:\Users\pperv\code\unnamed_rpg\vendor\json\include\nlohmann/detail/input/binary_reader.hpp(96,24): warning: defaulted function definitions are incompatible with C++98 [-Wc++98-compat]
[build]    96 |     ~binary_reader() = default;
[build]       |                        ^
[build] C:\Users\pperv\code\unnamed_rpg\vendor\json\include\nlohmann/detail/input/binary_reader.hpp(3022,40): warning: default template arguments for a function template are incompatible with C++98 [-Wc++98-compat]
[build]  3022 |     template<typename NumberType, bool InputIsLittleEndian = false>
[build]       |                                        ^                     ~~~~~
[build] C:\Users\pperv\code\unnamed_rpg\vendor\json\include\nlohmann/detail/input/binary_reader.hpp(3210,33): warning: 'constexpr' specifier is incompatible with C++98 [-Wc++98-compat]
[build]  3210 |     static JSON_INLINE_VARIABLE constexpr std::size_t npos = detail::unknown_size();
[build]       |                                 ^
[build] C:\Users\pperv\code\unnamed_rpg\vendor\json\include\nlohmann/detail/input/binary_reader.hpp(3216,27): warning: default member initializer for non-static data members is incompatible with C++98 [-Wc++98-compat]
[build]  3216 |     char_int_type current = char_traits<char_type>::eof();
[build]       |                           ^
[build] C:\Users\pperv\code\unnamed_rpg\vendor\json\include\nlohmann/detail/input/binary_reader.hpp(3219,28): warning: default member initializer for non-static data members is incompatible with C++98 [-Wc++98-compat]
[build]  3219 |     std::size_t chars_read = 0;
[build]       |                            ^
[build] C:\Users\pperv\code\unnamed_rpg\vendor\json\include\nlohmann/detail/input/binary_reader.hpp(3222,33): warning: default member initializer for non-static data members is incompatible with C++98 [-Wc++98-compat]
[build]  3222 |     const bool is_little_endian = little_endianness();
[build]       |                                 ^
[build] C:\Users\pperv\code\unnamed_rpg\vendor\json\include\nlohmann/detail/input/binary_reader.hpp(3225,39): warning: default member initializer for non-static data members is incompatible with C++98 [-Wc++98-compat]
[build]  3225 |     const input_format_t input_format = input_format_t::json;
[build]       |                                       ^
[build] C:\Users\pperv\code\unnamed_rpg\vendor\json\include\nlohmann/detail/input/binary_reader.hpp(3228,21): warning: default member initializer for non-static data members is incompatible with C++98 [-Wc++98-compat]
[build]  3228 |     json_sax_t* sax = nullptr;
[build]       |                     ^
[build] C:\Users\pperv\code\unnamed_rpg\vendor\json\include\nlohmann/detail/input/binary_reader.hpp(3252,11): warning: 'decltype' type specifier is incompatible with C++98 [-Wc++98-compat]
[build]  3252 |     const decltype(JSON_BINARY_READER_MAKE_BJD_OPTIMIZED_TYPE_MARKERS_) bjd_optimized_type_markers =
[build]       |           ^
[build] C:\Users\pperv\code\unnamed_rpg\vendor\json\include\nlohmann/detail/input/binary_reader.hpp(3252,100): warning: default member initializer for non-static data members is incompatible with C++98 [-Wc++98-compat]
[build]  3252 |     const decltype(JSON_BINARY_READER_MAKE_BJD_OPTIMIZED_TYPE_MARKERS_) bjd_optimized_type_markers =
[build]       |                                                                                                    ^
[build] C:\Users\pperv\code\unnamed_rpg\vendor\json\include\nlohmann/detail/input/binary_reader.hpp(3255,22): warning: alias declarations are incompatible with C++98 [-Wc++98-compat]
[build]  3255 |     using bjd_type = std::pair<char_int_type, string_t>;
[build]       |                      ^
[build] C:\Users\pperv\code\unnamed_rpg\vendor\json\include\nlohmann/detail/input/binary_reader.hpp(3257,11): warning: 'decltype' type specifier is incompatible with C++98 [-Wc++98-compat]
[build]  3257 |     const decltype(JSON_BINARY_READER_MAKE_BJD_TYPES_MAP_) bjd_types_map =
[build]       |           ^
[build] C:\Users\pperv\code\unnamed_rpg\vendor\json\include\nlohmann/detail/input/binary_reader.hpp(3257,20): warning: generalized initializer lists are incompatible with C++98 [-Wc++98-compat]
[build]  3257 |     const decltype(JSON_BINARY_READER_MAKE_BJD_TYPES_MAP_) bjd_types_map =
[build]       |                    ^
[build] C:\Users\pperv\code\unnamed_rpg\vendor\json\include\nlohmann/detail/input/binary_reader.hpp(3236,13): note: expanded from macro 'JSON_BINARY_READER_MAKE_BJD_TYPES_MAP_'
[build]  3236 |     bjd_type{'B', "byte"},                     \
[build]       |             ^
[build] C:\Users\pperv\code\unnamed_rpg\vendor\json\include\nlohmann/detail/input/binary_reader.hpp(3257,20): warning: generalized initializer lists are incompatible with C++98 [-Wc++98-compat]
[build] C:\Users\pperv\code\unnamed_rpg\vendor\json\include\nlohmann/detail/input/binary_reader.hpp(3237,13): note: expanded from macro 'JSON_BINARY_READER_MAKE_BJD_TYPES_MAP_'
[build]  3237 |     bjd_type{'C', "char"},                     \
[build]       |             ^
[build] C:\Users\pperv\code\unnamed_rpg\vendor\json\include\nlohmann/detail/input/binary_reader.hpp(3257,20): warning: generalized initializer lists are incompatible with C++98 [-Wc++98-compat]
[build] C:\Users\pperv\code\unnamed_rpg\vendor\json\include\nlohmann/detail/input/binary_reader.hpp(3238,13): note: expanded from macro 'JSON_BINARY_READER_MAKE_BJD_TYPES_MAP_'
[build]  3238 |     bjd_type{'D', "double"},                   \
[build]       |             ^
[build] C:\Users\pperv\code\unnamed_rpg\vendor\json\include\nlohmann/detail/input/binary_reader.hpp(3257,20): warning: generalized initializer lists are incompatible with C++98 [-Wc++98-compat]
[build] C:\Users\pperv\code\unnamed_rpg\vendor\json\include\nlohmann/detail/input/binary_reader.hpp(3239,13): note: expanded from macro 'JSON_BINARY_READER_MAKE_BJD_TYPES_MAP_'
[build]  3239 |     bjd_type{'I', "int16"},                    \
[build]       |             ^
[build] C:\Users\pperv\code\unnamed_rpg\vendor\json\include\nlohmann/detail/input/binary_reader.hpp(3257,20): warning: generalized initializer lists are incompatible with C++98 [-Wc++98-compat]
[build] C:\Users\pperv\code\unnamed_rpg\vendor\json\include\nlohmann/detail/input/binary_reader.hpp(3240,13): note: expanded from macro 'JSON_BINARY_READER_MAKE_BJD_TYPES_MAP_'
[build]  3240 |     bjd_type{'L', "int64"},                    \
[build]       |             ^
[build] C:\Users\pperv\code\unnamed_rpg\vendor\json\include\nlohmann/detail/input/binary_reader.hpp(3257,20): warning: generalized initializer lists are incompatible with C++98 [-Wc++98-compat]
[build] C:\Users\pperv\code\unnamed_rpg\vendor\json\include\nlohmann/detail/input/binary_reader.hpp(3241,13): note: expanded from macro 'JSON_BINARY_READER_MAKE_BJD_TYPES_MAP_'
[build]  3241 |     bjd_type{'M', "uint64"},                   \
[build]       |             ^
[build] C:\Users\pperv\code\unnamed_rpg\vendor\json\include\nlohmann/detail/input/binary_reader.hpp(3257,20): warning: generalized initializer lists are incompatible with C++98 [-Wc++98-compat]
[build] C:\Users\pperv\code\unnamed_rpg\vendor\json\include\nlohmann/detail/input/binary_reader.hpp(3242,13): note: expanded from macro 'JSON_BINARY_READER_MAKE_BJD_TYPES_MAP_'
[build]  3242 |     bjd_type{'U', "uint8"},                    \
[build]       |             ^
[build] C:\Users\pperv\code\unnamed_rpg\vendor\json\include\nlohmann/detail/input/binary_reader.hpp(3257,20): warning: generalized initializer lists are incompatible with C++98 [-Wc++98-compat]
[build] C:\Users\pperv\code\unnamed_rpg\vendor\json\include\nlohmann/detail/input/binary_reader.hpp(3243,13): note: expanded from macro 'JSON_BINARY_READER_MAKE_BJD_TYPES_MAP_'
[build]  3243 |     bjd_type{'d', "single"},                   \
[build]       |             ^
[build] C:\Users\pperv\code\unnamed_rpg\vendor\json\include\nlohmann/detail/input/binary_reader.hpp(3257,20): warning: generalized initializer lists are incompatible with C++98 [-Wc++98-compat]
[build] C:\Users\pperv\code\unnamed_rpg\vendor\json\include\nlohmann/detail/input/binary_reader.hpp(3244,13): note: expanded from macro 'JSON_BINARY_READER_MAKE_BJD_TYPES_MAP_'
[build]  3244 |     bjd_type{'i', "int8"},                     \
[build]       |             ^
[build] C:\Users\pperv\code\unnamed_rpg\vendor\json\include\nlohmann/detail/input/binary_reader.hpp(3257,20): warning: generalized initializer lists are incompatible with C++98 [-Wc++98-compat]
[build] C:\Users\pperv\code\unnamed_rpg\vendor\json\include\nlohmann/detail/input/binary_reader.hpp(3245,13): note: expanded from macro 'JSON_BINARY_READER_MAKE_BJD_TYPES_MAP_'
[build]  3245 |     bjd_type{'l', "int32"},                    \
[build]       |             ^
[build] C:\Users\pperv\code\unnamed_rpg\vendor\json\include\nlohmann/detail/input/binary_reader.hpp(3257,20): warning: generalized initializer lists are incompatible with C++98 [-Wc++98-compat]
[build] C:\Users\pperv\code\unnamed_rpg\vendor\json\include\nlohmann/detail/input/binary_reader.hpp(3246,13): note: expanded from macro 'JSON_BINARY_READER_MAKE_BJD_TYPES_MAP_'
[build]  3246 |     bjd_type{'m', "uint32"},                   \
[build]       |             ^
[build] C:\Users\pperv\code\unnamed_rpg\vendor\json\include\nlohmann/detail/input/binary_reader.hpp(3257,20): warning: generalized initializer lists are incompatible with C++98 [-Wc++98-compat]
[build] C:\Users\pperv\code\unnamed_rpg\vendor\json\include\nlohmann/detail/input/binary_reader.hpp(3247,13): note: expanded from macro 'JSON_BINARY_READER_MAKE_BJD_TYPES_MAP_'
[build]  3247 |     bjd_type{'u', "uint16"})
[build]       |             ^
[build] C:\Users\pperv\code\unnamed_rpg\vendor\json\include\nlohmann/detail/input/binary_reader.hpp(3257,74): warning: default member initializer for non-static data members is incompatible with C++98 [-Wc++98-compat]
[build]  3257 |     const decltype(JSON_BINARY_READER_MAKE_BJD_TYPES_MAP_) bjd_types_map =
[build]       |                                                                          ^
[build] C:\Users\pperv\code\unnamed_rpg\vendor\json\include\nlohmann/detail/input/binary_reader.hpp(86,86): warning: enumeration type in nested name specifier is incompatible with C++98 [-Wc++98-compat]
[build]    86 |     explicit binary_reader(InputAdapterType&& adapter, const input_format_t format = input_format_t::json) noexcept : ia(std::move(adapter)), input_format(format)
[build]       |                                                                                      ^
[build] C:\Users\pperv\code\unnamed_rpg\vendor\json\include\nlohmann/detail/input/binary_reader.hpp(110,59): warning: enumeration type in nested name specifier is incompatible with C++98 [-Wc++98-compat]
[build]   110 |                    const cbor_tag_handler_t tag_handler = cbor_tag_handler_t::error)
[build]       |                                                           ^
[build] C:\Users\pperv\code\unnamed_rpg\vendor\json\include\nlohmann/detail/input/binary_reader.hpp(3225,41): warning: enumeration type in nested name specifier is incompatible with C++98 [-Wc++98-compat]
[build]  3225 |     const input_format_t input_format = input_format_t::json;
[build]       |                                         ^
[build] C:\Users\pperv\code\unnamed_rpg\vendor\json\include\nlohmann/detail/input/binary_reader.hpp(3228,23): warning: 'nullptr' is incompatible with C++98 [-Wc++98-compat]
[build]  3228 |     json_sax_t* sax = nullptr;
[build]       |                       ^
[build] C:\Users\pperv\code\unnamed_rpg\vendor\json\include\nlohmann/detail/input/binary_reader.hpp(3258,9): warning: generalized initializer lists are incompatible with C++98 [-Wc++98-compat]
[build]  3258 |         JSON_BINARY_READER_MAKE_BJD_TYPES_MAP_;
[build]       |         ^
[build] C:\Users\pperv\code\unnamed_rpg\vendor\json\include\nlohmann/detail/input/binary_reader.hpp(3236,13): note: expanded from macro 'JSON_BINARY_READER_MAKE_BJD_TYPES_MAP_'
[build]  3236 |     bjd_type{'B', "byte"},                     \
[build]       |             ^
[build] C:\Users\pperv\code\unnamed_rpg\vendor\json\include\nlohmann/detail/input/binary_reader.hpp(3258,9): warning: generalized initializer lists are incompatible with C++98 [-Wc++98-compat]
[build] C:\Users\pperv\code\unnamed_rpg\vendor\json\include\nlohmann/detail/input/binary_reader.hpp(3237,13): note: expanded from macro 'JSON_BINARY_READER_MAKE_BJD_TYPES_MAP_'
[build]  3237 |     bjd_type{'C', "char"},                     \
[build]       |             ^
[build] C:\Users\pperv\code\unnamed_rpg\vendor\json\include\nlohmann/detail/input/binary_reader.hpp(3258,9): warning: generalized initializer lists are incompatible with C++98 [-Wc++98-compat]
[build] C:\Users\pperv\code\unnamed_rpg\vendor\json\include\nlohmann/detail/input/binary_reader.hpp(3238,13): note: expanded from macro 'JSON_BINARY_READER_MAKE_BJD_TYPES_MAP_'
[build]  3238 |     bjd_type{'D', "double"},                   \
[build]       |             ^
[build] C:\Users\pperv\code\unnamed_rpg\vendor\json\include\nlohmann/detail/input/binary_reader.hpp(3258,9): warning: generalized initializer lists are incompatible with C++98 [-Wc++98-compat]
[build] C:\Users\pperv\code\unnamed_rpg\vendor\json\include\nlohmann/detail/input/binary_reader.hpp(3239,13): note: expanded from macro 'JSON_BINARY_READER_MAKE_BJD_TYPES_MAP_'
[build]  3239 |     bjd_type{'I', "int16"},                    \
[build]       |             ^
[build] C:\Users\pperv\code\unnamed_rpg\vendor\json\include\nlohmann/detail/input/binary_reader.hpp(3258,9): warning: generalized initializer lists are incompatible with C++98 [-Wc++98-compat]
[build] C:\Users\pperv\code\unnamed_rpg\vendor\json\include\nlohmann/detail/input/binary_reader.hpp(3240,13): note: expanded from macro 'JSON_BINARY_READER_MAKE_BJD_TYPES_MAP_'
[build]  3240 |     bjd_type{'L', "int64"},                    \
[build]       |             ^
[build] C:\Users\pperv\code\unnamed_rpg\vendor\json\include\nlohmann/detail/input/binary_reader.hpp(3258,9): warning: generalized initializer lists are incompatible with C++98 [-Wc++98-compat]
[build] C:\Users\pperv\code\unnamed_rpg\vendor\json\include\nlohmann/detail/input/binary_reader.hpp(3241,13): note: expanded from macro 'JSON_BINARY_READER_MAKE_BJD_TYPES_MAP_'
[build]  3241 |     bjd_type{'M', "uint64"},                   \
[build]       |             ^
[build] C:\Users\pperv\code\unnamed_rpg\vendor\json\include\nlohmann/detail/input/binary_reader.hpp(3258,9): warning: generalized initializer lists are incompatible with C++98 [-Wc++98-compat]
[build] C:\Users\pperv\code\unnamed_rpg\vendor\json\include\nlohmann/detail/input/binary_reader.hpp(3242,13): note: expanded from macro 'JSON_BINARY_READER_MAKE_BJD_TYPES_MAP_'
[build]  3242 |     bjd_type{'U', "uint8"},                    \
[build]       |             ^
[build] C:\Users\pperv\code\unnamed_rpg\vendor\json\include\nlohmann/detail/input/binary_reader.hpp(3258,9): warning: generalized initializer lists are incompatible with C++98 [-Wc++98-compat]
[build] C:\Users\pperv\code\unnamed_rpg\vendor\json\include\nlohmann/detail/input/binary_reader.hpp(3243,13): note: expanded from macro 'JSON_BINARY_READER_MAKE_BJD_TYPES_MAP_'
[build]  3243 |     bjd_type{'d', "single"},                   \
[build]       |             ^
[build] C:\Users\pperv\code\unnamed_rpg\vendor\json\include\nlohmann/detail/input/binary_reader.hpp(3258,9): warning: generalized initializer lists are incompatible with C++98 [-Wc++98-compat]
[build] C:\Users\pperv\code\unnamed_rpg\vendor\json\include\nlohmann/detail/input/binary_reader.hpp(3244,13): note: expanded from macro 'JSON_BINARY_READER_MAKE_BJD_TYPES_MAP_'
[build]  3244 |     bjd_type{'i', "int8"},                     \
[build]       |             ^
[build] C:\Users\pperv\code\unnamed_rpg\vendor\json\include\nlohmann/detail/input/binary_reader.hpp(3258,9): warning: generalized initializer lists are incompatible with C++98 [-Wc++98-compat]
[build] C:\Users\pperv\code\unnamed_rpg\vendor\json\include\nlohmann/detail/input/binary_reader.hpp(3245,13): note: expanded from macro 'JSON_BINARY_READER_MAKE_BJD_TYPES_MAP_'
[build]  3245 |     bjd_type{'l', "int32"},                    \
[build]       |             ^
[build] C:\Users\pperv\code\unnamed_rpg\vendor\json\include\nlohmann/detail/input/binary_reader.hpp(3258,9): warning: generalized initializer lists are incompatible with C++98 [-Wc++98-compat]
[build] C:\Users\pperv\code\unnamed_rpg\vendor\json\include\nlohmann/detail/input/binary_reader.hpp(3246,13): note: expanded from macro 'JSON_BINARY_READER_MAKE_BJD_TYPES_MAP_'
[build]  3246 |     bjd_type{'m', "uint32"},                   \
[build]       |             ^
[build] C:\Users\pperv\code\unnamed_rpg\vendor\json\include\nlohmann/detail/input/binary_reader.hpp(3258,9): warning: generalized initializer lists are incompatible with C++98 [-Wc++98-compat]
[build] C:\Users\pperv\code\unnamed_rpg\vendor\json\include\nlohmann/detail/input/binary_reader.hpp(3247,13): note: expanded from macro 'JSON_BINARY_READER_MAKE_BJD_TYPES_MAP_'
[build]  3247 |     bjd_type{'u', "uint16"})
[build]       |             ^
[build] C:\Users\pperv\code\unnamed_rpg\vendor\json\include\nlohmann/detail/input/binary_reader.hpp(3266,5): warning: 'constexpr' specifier is incompatible with C++98 [-Wc++98-compat]
[build]  3266 |     constexpr std::size_t binary_reader<BasicJsonType, InputAdapterType, SAX>::npos;
[build]       |     ^
[build] C:\Users\pperv\code\unnamed_rpg\vendor\json\include\nlohmann/detail/input/binary_reader.hpp(3266,80): warning: out-of-line definition of constexpr static data member is redundant in C++17 and is deprecated [-Wdeprecated-redundant-constexpr-static-def]
[build]  3266 |     constexpr std::size_t binary_reader<BasicJsonType, InputAdapterType, SAX>::npos;
[build]       |                                                                                ^
[build] In file included from C:\Users\pperv\code\unnamed_rpg\vendor\json-schema-validator\src\json-validator.cpp:9:
[build] In file included from C:\Users\pperv\code\unnamed_rpg\vendor\json-schema-validator\src\nlohmann/json-schema.hpp:24:
[build] In file included from C:\Users\pperv\code\unnamed_rpg\vendor\json\include\nlohmann/json.hpp:53:
[build] C:\Users\pperv\code\unnamed_rpg\vendor\json\include\nlohmann/detail/input/parser.hpp(27,1): warning: empty macro arguments are incompatible with C++98 [-Wc++98-compat-pedantic]
[build]    27 | NLOHMANN_JSON_NAMESPACE_BEGIN
[build]       | ^
[build] C:\Users\pperv\code\unnamed_rpg\vendor\json\include\nlohmann/detail/abi_macros.hpp(102,17): note: expanded from macro 'NLOHMANN_JSON_NAMESPACE_BEGIN'
[build]   102 |                 NLOHMANN_JSON_ABI_TAGS,              \
[build]       |                 ^
[build] C:\Users\pperv\code\unnamed_rpg\vendor\json\include\nlohmann/detail/abi_macros.hpp(65,5): note: expanded from macro 'NLOHMANN_JSON_ABI_TAGS'
[build]    65 |     NLOHMANN_JSON_ABI_TAGS_CONCAT(                                   \
[build]       |     ^
[build] C:\Users\pperv\code\unnamed_rpg\vendor\json\include\nlohmann/detail/abi_macros.hpp(62,39): note: expanded from macro 'NLOHMANN_JSON_ABI_TAGS_CONCAT'
[build]    62 |     NLOHMANN_JSON_ABI_TAGS_CONCAT_EX(a, b, c)
[build]       |                                       ^
[build] In file included from C:\Users\pperv\code\unnamed_rpg\vendor\json-schema-validator\src\json-validator.cpp:9:
[build] In file included from C:\Users\pperv\code\unnamed_rpg\vendor\json-schema-validator\src\nlohmann/json-schema.hpp:24:
[build] In file included from C:\Users\pperv\code\unnamed_rpg\vendor\json\include\nlohmann/json.hpp:53:
[build] C:\Users\pperv\code\unnamed_rpg\vendor\json\include\nlohmann/detail/input/parser.hpp(27,1): warning: empty macro arguments are incompatible with C++98 [-Wc++98-compat-pedantic]
[build] C:\Users\pperv\code\unnamed_rpg\vendor\json\include\nlohmann/detail/abi_macros.hpp(102,17): note: expanded from macro 'NLOHMANN_JSON_NAMESPACE_BEGIN'
[build]   102 |                 NLOHMANN_JSON_ABI_TAGS,              \
[build]       |                 ^
[build] C:\Users\pperv\code\unnamed_rpg\vendor\json\include\nlohmann/detail/abi_macros.hpp(65,5): note: expanded from macro 'NLOHMANN_JSON_ABI_TAGS'
[build]    65 |     NLOHMANN_JSON_ABI_TAGS_CONCAT(                                   \
[build]       |     ^
[build] C:\Users\pperv\code\unnamed_rpg\vendor\json\include\nlohmann/detail/abi_macros.hpp(62,42): note: expanded from macro 'NLOHMANN_JSON_ABI_TAGS_CONCAT'
[build]    62 |     NLOHMANN_JSON_ABI_TAGS_CONCAT_EX(a, b, c)
[build]       |                                          ^
[build] In file included from C:\Users\pperv\code\unnamed_rpg\vendor\json-schema-validator\src\json-validator.cpp:9:
[build] In file included from C:\Users\pperv\code\unnamed_rpg\vendor\json-schema-validator\src\nlohmann/json-schema.hpp:24:
[build] In file included from C:\Users\pperv\code\unnamed_rpg\vendor\json\include\nlohmann/json.hpp:53:
[build] C:\Users\pperv\code\unnamed_rpg\vendor\json\include\nlohmann/detail/input/parser.hpp(27,1): warning: empty macro arguments are incompatible with C++98 [-Wc++98-compat-pedantic]
[build] C:\Users\pperv\code\unnamed_rpg\vendor\json\include\nlohmann/detail/abi_macros.hpp(102,17): note: expanded from macro 'NLOHMANN_JSON_NAMESPACE_BEGIN'
[build]   102 |                 NLOHMANN_JSON_ABI_TAGS,              \
[build]       |                 ^
[build] C:\Users\pperv\code\unnamed_rpg\vendor\json\include\nlohmann/detail/abi_macros.hpp(65,5): note: expanded from macro 'NLOHMANN_JSON_ABI_TAGS'
[build]    65 |     NLOHMANN_JSON_ABI_TAGS_CONCAT(                                   \
[build]       |     ^
[build] C:\Users\pperv\code\unnamed_rpg\vendor\json\include\nlohmann/detail/abi_macros.hpp(62,45): note: expanded from macro 'NLOHMANN_JSON_ABI_TAGS_CONCAT'
[build]    62 |     NLOHMANN_JSON_ABI_TAGS_CONCAT_EX(a, b, c)
[build]       |                                             ^
[build] In file included from C:\Users\pperv\code\unnamed_rpg\vendor\json-schema-validator\src\json-validator.cpp:9:
[build] In file included from C:\Users\pperv\code\unnamed_rpg\vendor\json-schema-validator\src\nlohmann/json-schema.hpp:24:
[build] In file included from C:\Users\pperv\code\unnamed_rpg\vendor\json\include\nlohmann/json.hpp:53:
[build] C:\Users\pperv\code\unnamed_rpg\vendor\json\include\nlohmann/detail/input/parser.hpp(27,1): warning: inline namespaces are incompatible with C++98 [-Wc++98-compat]
[build] C:\Users\pperv\code\unnamed_rpg\vendor\json\include\nlohmann/detail/abi_macros.hpp(101,5): note: expanded from macro 'NLOHMANN_JSON_NAMESPACE_BEGIN'
[build]   101 |     inline namespace NLOHMANN_JSON_NAMESPACE_CONCAT( \
[build]       |     ^
[build] In file included from C:\Users\pperv\code\unnamed_rpg\vendor\json-schema-validator\src\json-validator.cpp:9:
[build] In file included from C:\Users\pperv\code\unnamed_rpg\vendor\json-schema-validator\src\nlohmann/json-schema.hpp:24:
[build] In file included from C:\Users\pperv\code\unnamed_rpg\vendor\json\include\nlohmann/json.hpp:53:
[build] C:\Users\pperv\code\unnamed_rpg\vendor\json\include\nlohmann/detail/input/parser.hpp(34,6): warning: scoped enumerations are incompatible with C++98 [-Wc++98-compat]
[build]    34 | enum class parse_event_t : std::uint8_t
[build]       |      ^
[build] C:\Users\pperv\code\unnamed_rpg\vendor\json\include\nlohmann/detail/input/parser.hpp(34,26): warning: enumeration types with a fixed underlying type are incompatible with C++98 [-Wc++98-compat]
[build]    34 | enum class parse_event_t : std::uint8_t
[build]       |                          ^~~~~~~~~~~~~~
[build] C:\Users\pperv\code\unnamed_rpg\vendor\json\include\nlohmann/detail/input/parser.hpp(52,5): warning: alias declarations are incompatible with C++98 [-Wc++98-compat]
[build]    52 |     std::function<bool(int /*depth*/, parse_event_t /*event*/, BasicJsonType& /*parsed*/)>;
[build]       |     ^
[build] C:\Users\pperv\code\unnamed_rpg\vendor\json\include\nlohmann/detail/input/parser.hpp(62,30): warning: alias declarations are incompatible with C++98 [-Wc++98-compat]
[build]    62 |     using number_integer_t = typename BasicJsonType::number_integer_t;
[build]       |                              ^
[build] C:\Users\pperv\code\unnamed_rpg\vendor\json\include\nlohmann/detail/input/parser.hpp(63,31): warning: alias declarations are incompatible with C++98 [-Wc++98-compat]
[build]    63 |     using number_unsigned_t = typename BasicJsonType::number_unsigned_t;
[build]       |                               ^
[build] C:\Users\pperv\code\unnamed_rpg\vendor\json\include\nlohmann/detail/input/parser.hpp(64,28): warning: alias declarations are incompatible with C++98 [-Wc++98-compat]
[build]    64 |     using number_float_t = typename BasicJsonType::number_float_t;
[build]       |                            ^
[build] C:\Users\pperv\code\unnamed_rpg\vendor\json\include\nlohmann/detail/input/parser.hpp(65,22): warning: alias declarations are incompatible with C++98 [-Wc++98-compat]
[build]    65 |     using string_t = typename BasicJsonType::string_t;
[build]       |                      ^
[build] C:\Users\pperv\code\unnamed_rpg\vendor\json\include\nlohmann/detail/input/parser.hpp(66,21): warning: alias declarations are incompatible with C++98 [-Wc++98-compat]
[build]    66 |     using lexer_t = lexer<BasicJsonType, InputAdapterType>;
[build]       |                     ^
[build] C:\Users\pperv\code\unnamed_rpg\vendor\json\include\nlohmann/detail/input/parser.hpp(67,24): warning: alias declarations are incompatible with C++98 [-Wc++98-compat]
[build]    67 |     using token_type = typename lexer_t::token_type;
[build]       |                        ^
[build] C:\Users\pperv\code\unnamed_rpg\vendor\json\include\nlohmann/detail/input/parser.hpp(71,37): warning: rvalue references are incompatible with C++98 [-Wc++98-compat]
[build]    71 |     explicit parser(InputAdapterType&& adapter,
[build]       |                                     ^
[build] C:\Users\pperv\code\unnamed_rpg\vendor\json\include\nlohmann/detail/input/parser.hpp(524,53): warning: default member initializer for non-static data members is incompatible with C++98 [-Wc++98-compat]
[build]   524 |     const parser_callback_t<BasicJsonType> callback = nullptr;
[build]       |                                                     ^
[build] C:\Users\pperv\code\unnamed_rpg\vendor\json\include\nlohmann/detail/input/parser.hpp(526,27): warning: default member initializer for non-static data members is incompatible with C++98 [-Wc++98-compat]
[build]   526 |     token_type last_token = token_type::uninitialized;
[build]       |                           ^
[build] C:\Users\pperv\code\unnamed_rpg\vendor\json\include\nlohmann/detail/input/parser.hpp(530,33): warning: default member initializer for non-static data members is incompatible with C++98 [-Wc++98-compat]
[build]   530 |     const bool allow_exceptions = true;
[build]       |                                 ^
[build] C:\Users\pperv\code\unnamed_rpg\vendor\json\include\nlohmann/detail/input/parser.hpp(532,39): warning: default member initializer for non-static data members is incompatible with C++98 [-Wc++98-compat]
[build]   532 |     const bool ignore_trailing_commas = false;
[build]       |                                       ^
[build] C:\Users\pperv\code\unnamed_rpg\vendor\json\include\nlohmann/detail/input/parser.hpp(72,59): warning: 'nullptr' is incompatible with C++98 [-Wc++98-compat]
[build]    72 |                     parser_callback_t<BasicJsonType> cb = nullptr,
[build]       |                                                           ^
[build] C:\Users\pperv\code\unnamed_rpg\vendor\json\include\nlohmann/detail/input/parser.hpp(524,55): warning: 'nullptr' is incompatible with C++98 [-Wc++98-compat]
[build]   524 |     const parser_callback_t<BasicJsonType> callback = nullptr;
[build]       |                                                       ^
[build] In file included from C:\Users\pperv\code\unnamed_rpg\vendor\json-schema-validator\src\json-validator.cpp:9:
[build] In file included from C:\Users\pperv\code\unnamed_rpg\vendor\json-schema-validator\src\nlohmann/json-schema.hpp:24:
[build] In file included from C:\Users\pperv\code\unnamed_rpg\vendor\json\include\nlohmann/json.hpp:54:
[build] In file included from C:\Users\pperv\code\unnamed_rpg\vendor\json\include\nlohmann/detail/iterators/internal_iterator.hpp:12:
[build] C:\Users\pperv\code\unnamed_rpg\vendor\json\include\nlohmann/detail/iterators/primitive_iterator.hpp(16,1): warning: empty macro arguments are incompatible with C++98 [-Wc++98-compat-pedantic]
[build]    16 | NLOHMANN_JSON_NAMESPACE_BEGIN
[build]       | ^
[build] C:\Users\pperv\code\unnamed_rpg\vendor\json\include\nlohmann/detail/abi_macros.hpp(102,17): note: expanded from macro 'NLOHMANN_JSON_NAMESPACE_BEGIN'
[build]   102 |                 NLOHMANN_JSON_ABI_TAGS,              \
[build]       |                 ^
[build] C:\Users\pperv\code\unnamed_rpg\vendor\json\include\nlohmann/detail/abi_macros.hpp(65,5): note: expanded from macro 'NLOHMANN_JSON_ABI_TAGS'
[build]    65 |     NLOHMANN_JSON_ABI_TAGS_CONCAT(                                   \
[build]       |     ^
[build] C:\Users\pperv\code\unnamed_rpg\vendor\json\include\nlohmann/detail/abi_macros.hpp(62,39): note: expanded from macro 'NLOHMANN_JSON_ABI_TAGS_CONCAT'
[build]    62 |     NLOHMANN_JSON_ABI_TAGS_CONCAT_EX(a, b, c)
[build]       |                                       ^
[build] In file included from C:\Users\pperv\code\unnamed_rpg\vendor\json-schema-validator\src\json-validator.cpp:9:
[build] In file included from C:\Users\pperv\code\unnamed_rpg\vendor\json-schema-validator\src\nlohmann/json-schema.hpp:24:
[build] In file included from C:\Users\pperv\code\unnamed_rpg\vendor\json\include\nlohmann/json.hpp:54:
[build] In file included from C:\Users\pperv\code\unnamed_rpg\vendor\json\include\nlohmann/detail/iterators/internal_iterator.hpp:12:
[build] C:\Users\pperv\code\unnamed_rpg\vendor\json\include\nlohmann/detail/iterators/primitive_iterator.hpp(16,1): warning: empty macro arguments are incompatible with C++98 [-Wc++98-compat-pedantic]
[build] C:\Users\pperv\code\unnamed_rpg\vendor\json\include\nlohmann/detail/abi_macros.hpp(102,17): note: expanded from macro 'NLOHMANN_JSON_NAMESPACE_BEGIN'
[build]   102 |                 NLOHMANN_JSON_ABI_TAGS,              \
[build]       |                 ^
[build] C:\Users\pperv\code\unnamed_rpg\vendor\json\include\nlohmann/detail/abi_macros.hpp(65,5): note: expanded from macro 'NLOHMANN_JSON_ABI_TAGS'
[build]    65 |     NLOHMANN_JSON_ABI_TAGS_CONCAT(                                   \
[build]       |     ^
[build] C:\Users\pperv\code\unnamed_rpg\vendor\json\include\nlohmann/detail/abi_macros.hpp(62,42): note: expanded from macro 'NLOHMANN_JSON_ABI_TAGS_CONCAT'
[build]    62 |     NLOHMANN_JSON_ABI_TAGS_CONCAT_EX(a, b, c)
[build]       |                                          ^
[build] In file included from C:\Users\pperv\code\unnamed_rpg\vendor\json-schema-validator\src\json-validator.cpp:9:
[build] In file included from C:\Users\pperv\code\unnamed_rpg\vendor\json-schema-validator\src\nlohmann/json-schema.hpp:24:
[build] In file included from C:\Users\pperv\code\unnamed_rpg\vendor\json\include\nlohmann/json.hpp:54:
[build] In file included from C:\Users\pperv\code\unnamed_rpg\vendor\json\include\nlohmann/detail/iterators/internal_iterator.hpp:12:
[build] C:\Users\pperv\code\unnamed_rpg\vendor\json\include\nlohmann/detail/iterators/primitive_iterator.hpp(16,1): warning: empty macro arguments are incompatible with C++98 [-Wc++98-compat-pedantic]
[build] C:\Users\pperv\code\unnamed_rpg\vendor\json\include\nlohmann/detail/abi_macros.hpp(102,17): note: expanded from macro 'NLOHMANN_JSON_NAMESPACE_BEGIN'
[build]   102 |                 NLOHMANN_JSON_ABI_TAGS,              \
[build]       |                 ^
[build] C:\Users\pperv\code\unnamed_rpg\vendor\json\include\nlohmann/detail/abi_macros.hpp(65,5): note: expanded from macro 'NLOHMANN_JSON_ABI_TAGS'
[build]    65 |     NLOHMANN_JSON_ABI_TAGS_CONCAT(                                   \
[build]       |     ^
[build] C:\Users\pperv\code\unnamed_rpg\vendor\json\include\nlohmann/detail/abi_macros.hpp(62,45): note: expanded from macro 'NLOHMANN_JSON_ABI_TAGS_CONCAT'
[build]    62 |     NLOHMANN_JSON_ABI_TAGS_CONCAT_EX(a, b, c)
[build]       |                                             ^
[build] In file included from C:\Users\pperv\code\unnamed_rpg\vendor\json-schema-validator\src\json-validator.cpp:9:
[build] In file included from C:\Users\pperv\code\unnamed_rpg\vendor\json-schema-validator\src\nlohmann/json-schema.hpp:24:
[build] In file included from C:\Users\pperv\code\unnamed_rpg\vendor\json\include\nlohmann/json.hpp:54:
[build] In file included from C:\Users\pperv\code\unnamed_rpg\vendor\json\include\nlohmann/detail/iterators/internal_iterator.hpp:12:
[build] C:\Users\pperv\code\unnamed_rpg\vendor\json\include\nlohmann/detail/iterators/primitive_iterator.hpp(16,1): warning: inline namespaces are incompatible with C++98 [-Wc++98-compat]
[build] C:\Users\pperv\code\unnamed_rpg\vendor\json\include\nlohmann/detail/abi_macros.hpp(101,5): note: expanded from macro 'NLOHMANN_JSON_NAMESPACE_BEGIN'
[build]   101 |     inline namespace NLOHMANN_JSON_NAMESPACE_CONCAT( \
[build]       |     ^
[build] In file included from C:\Users\pperv\code\unnamed_rpg\vendor\json-schema-validator\src\json-validator.cpp:9:
[build] In file included from C:\Users\pperv\code\unnamed_rpg\vendor\json-schema-validator\src\nlohmann/json-schema.hpp:24:
[build] In file included from C:\Users\pperv\code\unnamed_rpg\vendor\json\include\nlohmann/json.hpp:54:
[build] In file included from C:\Users\pperv\code\unnamed_rpg\vendor\json\include\nlohmann/detail/iterators/internal_iterator.hpp:12:
[build] C:\Users\pperv\code\unnamed_rpg\vendor\json\include\nlohmann/detail/iterators/primitive_iterator.hpp(32,29): warning: alias declarations are incompatible with C++98 [-Wc++98-compat]
[build]    32 |     using difference_type = std::ptrdiff_t;
[build]       |                             ^
[build] C:\Users\pperv\code\unnamed_rpg\vendor\json\include\nlohmann/detail/iterators/primitive_iterator.hpp(33,12): warning: 'constexpr' specifier is incompatible with C++98 [-Wc++98-compat]
[build]    33 |     static constexpr difference_type begin_value = 0;
[build]       |            ^
[build] C:\Users\pperv\code\unnamed_rpg\vendor\json\include\nlohmann/detail/iterators/primitive_iterator.hpp(34,12): warning: 'constexpr' specifier is incompatible with C++98 [-Wc++98-compat]
[build]    34 |     static constexpr difference_type end_value = begin_value + 1;
[build]       |            ^
[build] C:\Users\pperv\code\unnamed_rpg\vendor\json\include\nlohmann/detail/iterators/primitive_iterator.hpp(38,26): warning: default member initializer for non-static data members is incompatible with C++98 [-Wc++98-compat]
[build]    38 |     difference_type m_it = (std::numeric_limits<std::ptrdiff_t>::min)();
[build]       |                          ^
[build] C:\Users\pperv\code\unnamed_rpg\vendor\json\include\nlohmann/detail/iterators/primitive_iterator.hpp(41,5): warning: 'constexpr' specifier is incompatible with C++98 [-Wc++98-compat]
[build]    41 |     constexpr difference_type get_value() const noexcept
[build]       |     ^
[build] C:\Users\pperv\code\unnamed_rpg\vendor\json\include\nlohmann/detail/iterators/primitive_iterator.hpp(42,5): warning: noexcept specifications are incompatible with C++98 [-Wc++98-compat]
[build]    42 |     {
[build]       |     ^
[build] C:\Users\pperv\code\unnamed_rpg\vendor\json\include\nlohmann/detail/iterators/primitive_iterator.hpp(48,5): warning: noexcept specifications are incompatible with C++98 [-Wc++98-compat]
[build]    48 |     {
[build]       |     ^
[build] C:\Users\pperv\code\unnamed_rpg\vendor\json\include\nlohmann/detail/iterators/primitive_iterator.hpp(54,5): warning: noexcept specifications are incompatible with C++98 [-Wc++98-compat]
[build]    54 |     {
[build]       |     ^
[build] C:\Users\pperv\code\unnamed_rpg\vendor\json\include\nlohmann/detail/iterators/primitive_iterator.hpp(59,5): warning: 'constexpr' specifier is incompatible with C++98 [-Wc++98-compat]
[build]    59 |     constexpr bool is_begin() const noexcept
[build]       |     ^
[build] C:\Users\pperv\code\unnamed_rpg\vendor\json\include\nlohmann/detail/iterators/primitive_iterator.hpp(60,5): warning: noexcept specifications are incompatible with C++98 [-Wc++98-compat]
[build]    60 |     {
[build]       |     ^
[build] C:\Users\pperv\code\unnamed_rpg\vendor\json\include\nlohmann/detail/iterators/primitive_iterator.hpp(65,5): warning: 'constexpr' specifier is incompatible with C++98 [-Wc++98-compat]
[build]    65 |     constexpr bool is_end() const noexcept
[build]       |     ^
[build] C:\Users\pperv\code\unnamed_rpg\vendor\json\include\nlohmann/detail/iterators/primitive_iterator.hpp(66,5): warning: noexcept specifications are incompatible with C++98 [-Wc++98-compat]
[build]    66 |     {
[build]       |     ^
[build] C:\Users\pperv\code\unnamed_rpg\vendor\json\include\nlohmann/detail/iterators/primitive_iterator.hpp(70,12): warning: 'constexpr' specifier is incompatible with C++98 [-Wc++98-compat]
[build]    70 |     friend constexpr bool operator==(primitive_iterator_t lhs, primitive_iterator_t rhs) noexcept
[build]       |            ^
[build] C:\Users\pperv\code\unnamed_rpg\vendor\json\include\nlohmann/detail/iterators/primitive_iterator.hpp(71,5): warning: noexcept specifications are incompatible with C++98 [-Wc++98-compat]
[build]    71 |     {
[build]       |     ^
[build] C:\Users\pperv\code\unnamed_rpg\vendor\json\include\nlohmann/detail/iterators/primitive_iterator.hpp(75,12): warning: 'constexpr' specifier is incompatible with C++98 [-Wc++98-compat]
[build]    75 |     friend constexpr bool operator<(primitive_iterator_t lhs, primitive_iterator_t rhs) noexcept
[build]       |            ^
[build] C:\Users\pperv\code\unnamed_rpg\vendor\json\include\nlohmann/detail/iterators/primitive_iterator.hpp(76,5): warning: noexcept specifications are incompatible with C++98 [-Wc++98-compat]
[build]    76 |     {
[build]       |     ^
[build] C:\Users\pperv\code\unnamed_rpg\vendor\json\include\nlohmann/detail/iterators/primitive_iterator.hpp(81,5): warning: noexcept specifications are incompatible with C++98 [-Wc++98-compat]
[build]    81 |     {
[build]       |     ^
[build] C:\Users\pperv\code\unnamed_rpg\vendor\json\include\nlohmann/detail/iterators/primitive_iterator.hpp(87,12): warning: 'constexpr' specifier is incompatible with C++98 [-Wc++98-compat]
[build]    87 |     friend constexpr difference_type operator-(primitive_iterator_t lhs, primitive_iterator_t rhs) noexcept
[build]       |            ^
[build] C:\Users\pperv\code\unnamed_rpg\vendor\json\include\nlohmann/detail/iterators/primitive_iterator.hpp(88,5): warning: noexcept specifications are incompatible with C++98 [-Wc++98-compat]
[build]    88 |     {
[build]       |     ^
[build] C:\Users\pperv\code\unnamed_rpg\vendor\json\include\nlohmann/detail/iterators/primitive_iterator.hpp(93,5): warning: noexcept specifications are incompatible with C++98 [-Wc++98-compat]
[build]    93 |     {
[build]       |     ^
[build] C:\Users\pperv\code\unnamed_rpg\vendor\json\include\nlohmann/detail/iterators/primitive_iterator.hpp(98,41): warning: reference qualifiers on functions are incompatible with C++98 [-Wc++98-compat]
[build]    98 |     primitive_iterator_t operator++(int)& noexcept // NOLINT(cert-dcl21-cpp)
[build]       |                                         ^
[build] C:\Users\pperv\code\unnamed_rpg\vendor\json\include\nlohmann/detail/iterators/primitive_iterator.hpp(99,5): warning: noexcept specifications are incompatible with C++98 [-Wc++98-compat]
[build]    99 |     {
[build]       |     ^
[build] C:\Users\pperv\code\unnamed_rpg\vendor\json\include\nlohmann/detail/iterators/primitive_iterator.hpp(106,5): warning: noexcept specifications are incompatible with C++98 [-Wc++98-compat]
[build]   106 |     {
[build]       |     ^
[build] C:\Users\pperv\code\unnamed_rpg\vendor\json\include\nlohmann/detail/iterators/primitive_iterator.hpp(111,41): warning: reference qualifiers on functions are incompatible with C++98 [-Wc++98-compat]
[build]   111 |     primitive_iterator_t operator--(int)& noexcept // NOLINT(cert-dcl21-cpp)
[build]       |                                         ^
[build] C:\Users\pperv\code\unnamed_rpg\vendor\json\include\nlohmann/detail/iterators/primitive_iterator.hpp(112,5): warning: noexcept specifications are incompatible with C++98 [-Wc++98-compat]
[build]   112 |     {
[build]       |     ^
[build] C:\Users\pperv\code\unnamed_rpg\vendor\json\include\nlohmann/detail/iterators/primitive_iterator.hpp(119,5): warning: noexcept specifications are incompatible with C++98 [-Wc++98-compat]
[build]   119 |     {
[build]       |     ^
[build] C:\Users\pperv\code\unnamed_rpg\vendor\json\include\nlohmann/detail/iterators/primitive_iterator.hpp(125,5): warning: noexcept specifications are incompatible with C++98 [-Wc++98-compat]
[build]   125 |     {
[build]       |     ^
[build] C:\Users\pperv\code\unnamed_rpg\vendor\json\include\nlohmann/detail/iterators/primitive_iterator.hpp(82,9): warning: 'auto' type specifier is incompatible with C++98 [-Wc++98-compat]
[build]    82 |         auto result = *this;
[build]       |         ^~~~
[build] C:\Users\pperv\code\unnamed_rpg\vendor\json\include\nlohmann/detail/iterators/primitive_iterator.hpp(100,9): warning: 'auto' type specifier is incompatible with C++98 [-Wc++98-compat]
[build]   100 |         auto result = *this;
[build]       |         ^~~~
[build] C:\Users\pperv\code\unnamed_rpg\vendor\json\include\nlohmann/detail/iterators/primitive_iterator.hpp(113,9): warning: 'auto' type specifier is incompatible with C++98 [-Wc++98-compat]
[build]   113 |         auto result = *this;
[build]       |         ^~~~
[build] In file included from C:\Users\pperv\code\unnamed_rpg\vendor\json-schema-validator\src\json-validator.cpp:9:
[build] In file included from C:\Users\pperv\code\unnamed_rpg\vendor\json-schema-validator\src\nlohmann/json-schema.hpp:24:
[build] In file included from C:\Users\pperv\code\unnamed_rpg\vendor\json\include\nlohmann/json.hpp:54:
[build] C:\Users\pperv\code\unnamed_rpg\vendor\json\include\nlohmann/detail/iterators/internal_iterator.hpp(14,1): warning: empty macro arguments are incompatible with C++98 [-Wc++98-compat-pedantic]
[build]    14 | NLOHMANN_JSON_NAMESPACE_BEGIN
[build]       | ^
[build] C:\Users\pperv\code\unnamed_rpg\vendor\json\include\nlohmann/detail/abi_macros.hpp(102,17): note: expanded from macro 'NLOHMANN_JSON_NAMESPACE_BEGIN'
[build]   102 |                 NLOHMANN_JSON_ABI_TAGS,              \
[build]       |                 ^
[build] C:\Users\pperv\code\unnamed_rpg\vendor\json\include\nlohmann/detail/abi_macros.hpp(65,5): note: expanded from macro 'NLOHMANN_JSON_ABI_TAGS'
[build]    65 |     NLOHMANN_JSON_ABI_TAGS_CONCAT(                                   \
[build]       |     ^
[build] C:\Users\pperv\code\unnamed_rpg\vendor\json\include\nlohmann/detail/abi_macros.hpp(62,39): note: expanded from macro 'NLOHMANN_JSON_ABI_TAGS_CONCAT'
[build]    62 |     NLOHMANN_JSON_ABI_TAGS_CONCAT_EX(a, b, c)
[build]       |                                       ^
[build] In file included from C:\Users\pperv\code\unnamed_rpg\vendor\json-schema-validator\src\json-validator.cpp:9:
[build] In file included from C:\Users\pperv\code\unnamed_rpg\vendor\json-schema-validator\src\nlohmann/json-schema.hpp:24:
[build] In file included from C:\Users\pperv\code\unnamed_rpg\vendor\json\include\nlohmann/json.hpp:54:
[build] C:\Users\pperv\code\unnamed_rpg\vendor\json\include\nlohmann/detail/iterators/internal_iterator.hpp(14,1): warning: empty macro arguments are incompatible with C++98 [-Wc++98-compat-pedantic]
[build] C:\Users\pperv\code\unnamed_rpg\vendor\json\include\nlohmann/detail/abi_macros.hpp(102,17): note: expanded from macro 'NLOHMANN_JSON_NAMESPACE_BEGIN'
[build]   102 |                 NLOHMANN_JSON_ABI_TAGS,              \
[build]       |                 ^
[build] C:\Users\pperv\code\unnamed_rpg\vendor\json\include\nlohmann/detail/abi_macros.hpp(65,5): note: expanded from macro 'NLOHMANN_JSON_ABI_TAGS'
[build]    65 |     NLOHMANN_JSON_ABI_TAGS_CONCAT(                                   \
[build]       |     ^
[build] C:\Users\pperv\code\unnamed_rpg\vendor\json\include\nlohmann/detail/abi_macros.hpp(62,42): note: expanded from macro 'NLOHMANN_JSON_ABI_TAGS_CONCAT'
[build]    62 |     NLOHMANN_JSON_ABI_TAGS_CONCAT_EX(a, b, c)
[build]       |                                          ^
[build] In file included from C:\Users\pperv\code\unnamed_rpg\vendor\json-schema-validator\src\json-validator.cpp:9:
[build] In file included from C:\Users\pperv\code\unnamed_rpg\vendor\json-schema-validator\src\nlohmann/json-schema.hpp:24:
[build] In file included from C:\Users\pperv\code\unnamed_rpg\vendor\json\include\nlohmann/json.hpp:54:
[build] C:\Users\pperv\code\unnamed_rpg\vendor\json\include\nlohmann/detail/iterators/internal_iterator.hpp(14,1): warning: empty macro arguments are incompatible with C++98 [-Wc++98-compat-pedantic]
[build] C:\Users\pperv\code\unnamed_rpg\vendor\json\include\nlohmann/detail/abi_macros.hpp(102,17): note: expanded from macro 'NLOHMANN_JSON_NAMESPACE_BEGIN'
[build]   102 |                 NLOHMANN_JSON_ABI_TAGS,              \
[build]       |                 ^
[build] C:\Users\pperv\code\unnamed_rpg\vendor\json\include\nlohmann/detail/abi_macros.hpp(65,5): note: expanded from macro 'NLOHMANN_JSON_ABI_TAGS'
[build]    65 |     NLOHMANN_JSON_ABI_TAGS_CONCAT(                                   \
[build]       |     ^
[build] C:\Users\pperv\code\unnamed_rpg\vendor\json\include\nlohmann/detail/abi_macros.hpp(62,45): note: expanded from macro 'NLOHMANN_JSON_ABI_TAGS_CONCAT'
[build]    62 |     NLOHMANN_JSON_ABI_TAGS_CONCAT_EX(a, b, c)
[build]       |                                             ^
[build] In file included from C:\Users\pperv\code\unnamed_rpg\vendor\json-schema-validator\src\json-validator.cpp:9:
[build] In file included from C:\Users\pperv\code\unnamed_rpg\vendor\json-schema-validator\src\nlohmann/json-schema.hpp:24:
[build] In file included from C:\Users\pperv\code\unnamed_rpg\vendor\json\include\nlohmann/json.hpp:54:
[build] C:\Users\pperv\code\unnamed_rpg\vendor\json\include\nlohmann/detail/iterators/internal_iterator.hpp(14,1): warning: inline namespaces are incompatible with C++98 [-Wc++98-compat]
[build] C:\Users\pperv\code\unnamed_rpg\vendor\json\include\nlohmann/detail/abi_macros.hpp(101,5): note: expanded from macro 'NLOHMANN_JSON_NAMESPACE_BEGIN'
[build]   101 |     inline namespace NLOHMANN_JSON_NAMESPACE_CONCAT( \
[build]       |     ^
[build] In file included from C:\Users\pperv\code\unnamed_rpg\vendor\json-schema-validator\src\json-validator.cpp:9:
[build] In file included from C:\Users\pperv\code\unnamed_rpg\vendor\json-schema-validator\src\nlohmann/json-schema.hpp:24:
[build] In file included from C:\Users\pperv\code\unnamed_rpg\vendor\json\include\nlohmann/json.hpp:54:
[build] C:\Users\pperv\code\unnamed_rpg\vendor\json\include\nlohmann/detail/iterators/internal_iterator.hpp(27,64): warning: default member initializer for non-static data members is incompatible with C++98 [-Wc++98-compat]
[build]    27 |     typename BasicJsonType::object_t::iterator object_iterator {};
[build]       |                                                                ^
[build] C:\Users\pperv\code\unnamed_rpg\vendor\json\include\nlohmann/detail/iterators/internal_iterator.hpp(29,62): warning: default member initializer for non-static data members is incompatible with C++98 [-Wc++98-compat]
[build]    29 |     typename BasicJsonType::array_t::iterator array_iterator {};
[build]       |                                                              ^
[build] C:\Users\pperv\code\unnamed_rpg\vendor\json\include\nlohmann/detail/iterators/internal_iterator.hpp(31,45): warning: default member initializer for non-static data members is incompatible with C++98 [-Wc++98-compat]
[build]    31 |     primitive_iterator_t primitive_iterator {};
[build]       |                                             ^
[build] C:\Users\pperv\code\unnamed_rpg\vendor\json\include\nlohmann/detail/iterators/internal_iterator.hpp(31,45): warning: constructor call from initializer list is incompatible with C++98 [-Wc++98-compat]
[build]    31 |     primitive_iterator_t primitive_iterator {};
[build]       |                                             ^~
[build] In file included from C:\Users\pperv\code\unnamed_rpg\vendor\json-schema-validator\src\json-validator.cpp:9:
[build] In file included from C:\Users\pperv\code\unnamed_rpg\vendor\json-schema-validator\src\nlohmann/json-schema.hpp:24:
[build] In file included from C:\Users\pperv\code\unnamed_rpg\vendor\json\include\nlohmann/json.hpp:55:
[build] C:\Users\pperv\code\unnamed_rpg\vendor\json\include\nlohmann/detail/iterators/iter_impl.hpp(22,1): warning: empty macro arguments are incompatible with C++98 [-Wc++98-compat-pedantic]
[build]    22 | NLOHMANN_JSON_NAMESPACE_BEGIN
[build]       | ^
[build] C:\Users\pperv\code\unnamed_rpg\vendor\json\include\nlohmann/detail/abi_macros.hpp(102,17): note: expanded from macro 'NLOHMANN_JSON_NAMESPACE_BEGIN'
[build]   102 |                 NLOHMANN_JSON_ABI_TAGS,              \
[build]       |                 ^
[build] C:\Users\pperv\code\unnamed_rpg\vendor\json\include\nlohmann/detail/abi_macros.hpp(65,5): note: expanded from macro 'NLOHMANN_JSON_ABI_TAGS'
[build]    65 |     NLOHMANN_JSON_ABI_TAGS_CONCAT(                                   \
[build]       |     ^
[build] C:\Users\pperv\code\unnamed_rpg\vendor\json\include\nlohmann/detail/abi_macros.hpp(62,39): note: expanded from macro 'NLOHMANN_JSON_ABI_TAGS_CONCAT'
[build]    62 |     NLOHMANN_JSON_ABI_TAGS_CONCAT_EX(a, b, c)
[build]       |                                       ^
[build] In file included from C:\Users\pperv\code\unnamed_rpg\vendor\json-schema-validator\src\json-validator.cpp:9:
[build] In file included from C:\Users\pperv\code\unnamed_rpg\vendor\json-schema-validator\src\nlohmann/json-schema.hpp:24:
[build] In file included from C:\Users\pperv\code\unnamed_rpg\vendor\json\include\nlohmann/json.hpp:55:
[build] C:\Users\pperv\code\unnamed_rpg\vendor\json\include\nlohmann/detail/iterators/iter_impl.hpp(22,1): warning: empty macro arguments are incompatible with C++98 [-Wc++98-compat-pedantic]
[build] C:\Users\pperv\code\unnamed_rpg\vendor\json\include\nlohmann/detail/abi_macros.hpp(102,17): note: expanded from macro 'NLOHMANN_JSON_NAMESPACE_BEGIN'
[build]   102 |                 NLOHMANN_JSON_ABI_TAGS,              \
[build]       |                 ^
[build] C:\Users\pperv\code\unnamed_rpg\vendor\json\include\nlohmann/detail/abi_macros.hpp(65,5): note: expanded from macro 'NLOHMANN_JSON_ABI_TAGS'
[build]    65 |     NLOHMANN_JSON_ABI_TAGS_CONCAT(                                   \
[build]       |     ^
[build] C:\Users\pperv\code\unnamed_rpg\vendor\json\include\nlohmann/detail/abi_macros.hpp(62,42): note: expanded from macro 'NLOHMANN_JSON_ABI_TAGS_CONCAT'
[build]    62 |     NLOHMANN_JSON_ABI_TAGS_CONCAT_EX(a, b, c)
[build]       |                                          ^
[build] In file included from C:\Users\pperv\code\unnamed_rpg\vendor\json-schema-validator\src\json-validator.cpp:9:
[build] In file included from C:\Users\pperv\code\unnamed_rpg\vendor\json-schema-validator\src\nlohmann/json-schema.hpp:24:
[build] In file included from C:\Users\pperv\code\unnamed_rpg\vendor\json\include\nlohmann/json.hpp:55:
[build] C:\Users\pperv\code\unnamed_rpg\vendor\json\include\nlohmann/detail/iterators/iter_impl.hpp(22,1): warning: empty macro arguments are incompatible with C++98 [-Wc++98-compat-pedantic]
[build] C:\Users\pperv\code\unnamed_rpg\vendor\json\include\nlohmann/detail/abi_macros.hpp(102,17): note: expanded from macro 'NLOHMANN_JSON_NAMESPACE_BEGIN'
[build]   102 |                 NLOHMANN_JSON_ABI_TAGS,              \
[build]       |                 ^
[build] C:\Users\pperv\code\unnamed_rpg\vendor\json\include\nlohmann/detail/abi_macros.hpp(65,5): note: expanded from macro 'NLOHMANN_JSON_ABI_TAGS'
[build]    65 |     NLOHMANN_JSON_ABI_TAGS_CONCAT(                                   \
[build]       |     ^
[build] C:\Users\pperv\code\unnamed_rpg\vendor\json\include\nlohmann/detail/abi_macros.hpp(62,45): note: expanded from macro 'NLOHMANN_JSON_ABI_TAGS_CONCAT'
[build]    62 |     NLOHMANN_JSON_ABI_TAGS_CONCAT_EX(a, b, c)
[build]       |                                             ^
[build] In file included from C:\Users\pperv\code\unnamed_rpg\vendor\json-schema-validator\src\json-validator.cpp:9:
[build] In file included from C:\Users\pperv\code\unnamed_rpg\vendor\json-schema-validator\src\nlohmann/json-schema.hpp:24:
[build] In file included from C:\Users\pperv\code\unnamed_rpg\vendor\json\include\nlohmann/json.hpp:55:
[build] C:\Users\pperv\code\unnamed_rpg\vendor\json\include\nlohmann/detail/iterators/iter_impl.hpp(22,1): warning: inline namespaces are incompatible with C++98 [-Wc++98-compat]
[build] C:\Users\pperv\code\unnamed_rpg\vendor\json\include\nlohmann/detail/abi_macros.hpp(101,5): note: expanded from macro 'NLOHMANN_JSON_NAMESPACE_BEGIN'
[build]   101 |     inline namespace NLOHMANN_JSON_NAMESPACE_CONCAT( \
[build]       |     ^
[build] In file included from C:\Users\pperv\code\unnamed_rpg\vendor\json-schema-validator\src\json-validator.cpp:9:
[build] In file included from C:\Users\pperv\code\unnamed_rpg\vendor\json-schema-validator\src\nlohmann/json-schema.hpp:24:
[build] In file included from C:\Users\pperv\code\unnamed_rpg\vendor\json\include\nlohmann/json.hpp:55:
[build] C:\Users\pperv\code\unnamed_rpg\vendor\json\include\nlohmann/detail/iterators/iter_impl.hpp(50,29): warning: alias declarations are incompatible with C++98 [-Wc++98-compat]
[build]    50 |     using other_iter_impl = iter_impl<typename std::conditional<std::is_const<BasicJsonType>::value, typename std::remove_const<BasicJsonType>::type, const BasicJsonType>::type>;
[build]       |                             ^
[build] C:\Users\pperv\code\unnamed_rpg\vendor\json\include\nlohmann/detail/iterators/iter_impl.hpp(52,5): warning: non-class friend type 'other_iter_impl' (aka 'iter_impl<typename std::conditional<std::is_const<BasicJsonType>::value, typename std::remove_const<BasicJsonType>::type, const BasicJsonType>::type>') is incompatible with C++98 [-Wc++98-compat]
[build]    52 |     friend other_iter_impl;
[build]       |     ^~~~~~~~~~~~~~~~~~~~~~
[build] C:\Users\pperv\code\unnamed_rpg\vendor\json\include\nlohmann/detail/iterators/iter_impl.hpp(53,5): warning: non-class friend type 'BasicJsonType' is incompatible with C++98 [-Wc++98-compat]
[build]    53 |     friend BasicJsonType;
[build]       |     ^~~~~~~~~~~~~~~~~~~~
[build] C:\Users\pperv\code\unnamed_rpg\vendor\json\include\nlohmann/detail/iterators/iter_impl.hpp(54,5): warning: non-class friend type 'iteration_proxy<iter_impl<BasicJsonType>>' is incompatible with C++98 [-Wc++98-compat]
[build]    54 |     friend iteration_proxy<iter_impl>;
[build]       |     ^~~~~~~~~~~~~~~~~~~~~~~~~~~~~~~~~
[build] C:\Users\pperv\code\unnamed_rpg\vendor\json\include\nlohmann/detail/iterators/iter_impl.hpp(55,5): warning: non-class friend type 'iteration_proxy_value<iter_impl<BasicJsonType>>' is incompatible with C++98 [-Wc++98-compat]
[build]    55 |     friend iteration_proxy_value<iter_impl>;
[build]       |     ^~~~~~~~~~~~~~~~~~~~~~~~~~~~~~~~~~~~~~~
[build] C:\Users\pperv\code\unnamed_rpg\vendor\json\include\nlohmann/detail/iterators/iter_impl.hpp(57,22): warning: alias declarations are incompatible with C++98 [-Wc++98-compat]
[build]    57 |     using object_t = typename BasicJsonType::object_t;
[build]       |                      ^
[build] C:\Users\pperv\code\unnamed_rpg\vendor\json\include\nlohmann/detail/iterators/iter_impl.hpp(58,21): warning: alias declarations are incompatible with C++98 [-Wc++98-compat]
[build]    58 |     using array_t = typename BasicJsonType::array_t;
[build]       |                     ^
[build] C:\Users\pperv\code\unnamed_rpg\vendor\json\include\nlohmann/detail/iterators/iter_impl.hpp(60,5): warning: 'static_assert' declarations are incompatible with C++98 [-Wc++98-compat]
[build]    60 |     static_assert(is_basic_json<typename std::remove_const<BasicJsonType>::type>::value,
[build]       |     ^
[build] C:\Users\pperv\code\unnamed_rpg\vendor\json\include\nlohmann/detail/iterators/iter_impl.hpp(63,5): warning: 'static_assert' declarations are incompatible with C++98 [-Wc++98-compat]
[build]    63 |     static_assert(std::is_base_of<std::bidirectional_iterator_tag, std::bidirectional_iterator_tag>::value
[build]       |     ^
[build] C:\Users\pperv\code\unnamed_rpg\vendor\json\include\nlohmann/detail/iterators/iter_impl.hpp(73,31): warning: alias declarations are incompatible with C++98 [-Wc++98-compat]
[build]    73 |     using iterator_category = std::bidirectional_iterator_tag;
[build]       |                               ^
[build] C:\Users\pperv\code\unnamed_rpg\vendor\json\include\nlohmann/detail/iterators/iter_impl.hpp(76,24): warning: alias declarations are incompatible with C++98 [-Wc++98-compat]
[build]    76 |     using value_type = typename BasicJsonType::value_type;
[build]       |                        ^
[build] C:\Users\pperv\code\unnamed_rpg\vendor\json\include\nlohmann/detail/iterators/iter_impl.hpp(78,29): warning: alias declarations are incompatible with C++98 [-Wc++98-compat]
[build]    78 |     using difference_type = typename BasicJsonType::difference_type;
[build]       |                             ^
[build] C:\Users\pperv\code\unnamed_rpg\vendor\json\include\nlohmann/detail/iterators/iter_impl.hpp(80,21): warning: alias declarations are incompatible with C++98 [-Wc++98-compat]
[build]    80 |     using pointer = typename std::conditional<std::is_const<BasicJsonType>::value,
[build]       |                     ^
[build] C:\Users\pperv\code\unnamed_rpg\vendor\json\include\nlohmann/detail/iterators/iter_impl.hpp(85,9): warning: alias declarations are incompatible with C++98 [-Wc++98-compat]
[build]    85 |         typename std::conditional<std::is_const<BasicJsonType>::value,
[build]       |         ^
[build] C:\Users\pperv\code\unnamed_rpg\vendor\json\include\nlohmann/detail/iterators/iter_impl.hpp(89,19): warning: defaulted function definitions are incompatible with C++98 [-Wc++98-compat]
[build]    89 |     iter_impl() = default;
[build]       |                   ^
[build] C:\Users\pperv\code\unnamed_rpg\vendor\json\include\nlohmann/detail/iterators/iter_impl.hpp(90,20): warning: defaulted function definitions are incompatible with C++98 [-Wc++98-compat]
[build]    90 |     ~iter_impl() = default;
[build]       |                    ^
[build] C:\Users\pperv\code\unnamed_rpg\vendor\json\include\nlohmann/detail/iterators/iter_impl.hpp(91,24): warning: rvalue references are incompatible with C++98 [-Wc++98-compat]
[build]    91 |     iter_impl(iter_impl&&) noexcept = default;
[build]       |                        ^
[build] C:\Users\pperv\code\unnamed_rpg\vendor\json\include\nlohmann/detail/iterators/iter_impl.hpp(91,37): warning: noexcept specifications are incompatible with C++98 [-Wc++98-compat]
[build]    91 |     iter_impl(iter_impl&&) noexcept = default;
[build]       |                                     ^
[build] C:\Users\pperv\code\unnamed_rpg\vendor\json\include\nlohmann/detail/iterators/iter_impl.hpp(91,39): warning: defaulted function definitions are incompatible with C++98 [-Wc++98-compat]
[build]    91 |     iter_impl(iter_impl&&) noexcept = default;
[build]       |                                       ^
[build] C:\Users\pperv\code\unnamed_rpg\vendor\json\include\nlohmann/detail/iterators/iter_impl.hpp(92,35): warning: rvalue references are incompatible with C++98 [-Wc++98-compat]
[build]    92 |     iter_impl& operator=(iter_impl&&) noexcept = default;
[build]       |                                   ^
[build] C:\Users\pperv\code\unnamed_rpg\vendor\json\include\nlohmann/detail/iterators/iter_impl.hpp(92,48): warning: noexcept specifications are incompatible with C++98 [-Wc++98-compat]
[build]    92 |     iter_impl& operator=(iter_impl&&) noexcept = default;
[build]       |                                                ^
[build] C:\Users\pperv\code\unnamed_rpg\vendor\json\include\nlohmann/detail/iterators/iter_impl.hpp(92,50): warning: defaulted function definitions are incompatible with C++98 [-Wc++98-compat]
[build]    92 |     iter_impl& operator=(iter_impl&&) noexcept = default;
[build]       |                                                  ^
[build] C:\Users\pperv\code\unnamed_rpg\vendor\json\include\nlohmann/detail/iterators/iter_impl.hpp(100,49): warning: noexcept specifications are incompatible with C++98 [-Wc++98-compat]
[build]   100 |     explicit iter_impl(pointer object) noexcept : m_object(object)
[build]       |                                                 ^
[build] C:\Users\pperv\code\unnamed_rpg\vendor\json\include\nlohmann/detail/iterators/iter_impl.hpp(151,9): warning: noexcept specifications are incompatible with C++98 [-Wc++98-compat]
[build]   151 |         : m_object(other.m_object), m_it(other.m_it)
[build]       |         ^
[build] C:\Users\pperv\code\unnamed_rpg\vendor\json\include\nlohmann/detail/iterators/iter_impl.hpp(161,5): warning: noexcept specifications are incompatible with C++98 [-Wc++98-compat]
[build]   161 |     {
[build]       |     ^
[build] C:\Users\pperv\code\unnamed_rpg\vendor\json\include\nlohmann/detail/iterators/iter_impl.hpp(176,9): warning: noexcept specifications are incompatible with C++98 [-Wc++98-compat]
[build]   176 |         : m_object(other.m_object), m_it(other.m_it)
[build]       |         ^
[build] C:\Users\pperv\code\unnamed_rpg\vendor\json\include\nlohmann/detail/iterators/iter_impl.hpp(186,5): warning: noexcept specifications are incompatible with C++98 [-Wc++98-compat]
[build]   186 |     {
[build]       |     ^
[build] C:\Users\pperv\code\unnamed_rpg\vendor\json\include\nlohmann/detail/iterators/iter_impl.hpp(198,5): warning: noexcept specifications are incompatible with C++98 [-Wc++98-compat]
[build]   198 |     {
[build]       |     ^
[build] C:\Users\pperv\code\unnamed_rpg\vendor\json\include\nlohmann/detail/iterators/iter_impl.hpp(242,5): warning: noexcept specifications are incompatible with C++98 [-Wc++98-compat]
[build]   242 |     {
[build]       |     ^
[build] C:\Users\pperv\code\unnamed_rpg\vendor\json\include\nlohmann/detail/iterators/iter_impl.hpp(366,30): warning: reference qualifiers on functions are incompatible with C++98 [-Wc++98-compat]
[build]   366 |     iter_impl operator++(int)& // NOLINT(cert-dcl21-cpp)
[build]       |                              ^
[build] C:\Users\pperv\code\unnamed_rpg\vendor\json\include\nlohmann/detail/iterators/iter_impl.hpp(417,30): warning: reference qualifiers on functions are incompatible with C++98 [-Wc++98-compat]
[build]   417 |     iter_impl operator--(int)& // NOLINT(cert-dcl21-cpp)
[build]       |                              ^
[build] C:\Users\pperv\code\unnamed_rpg\vendor\json\include\nlohmann/detail/iterators/iter_impl.hpp(468,170): warning: 'nullptr' is incompatible with C++98 [-Wc++98-compat]
[build]   468 |     template < typename IterImpl, detail::enable_if_t < (std::is_same<IterImpl, iter_impl>::value || std::is_same<IterImpl, other_iter_impl>::value), std::nullptr_t > = nullptr >
[build]       |                                                                                                                                                                          ^
[build] C:\Users\pperv\code\unnamed_rpg\vendor\json\include\nlohmann/detail/iterators/iter_impl.hpp(468,168): warning: default template arguments for a function template are incompatible with C++98 [-Wc++98-compat]
[build]   468 |     template < typename IterImpl, detail::enable_if_t < (std::is_same<IterImpl, iter_impl>::value || std::is_same<IterImpl, other_iter_impl>::value), std::nullptr_t > = nullptr >
[build]       |                                                                                                                                                                        ^ ~~~~~~~
[build] C:\Users\pperv\code\unnamed_rpg\vendor\json\include\nlohmann/detail/iterators/iter_impl.hpp(508,170): warning: 'nullptr' is incompatible with C++98 [-Wc++98-compat]
[build]   508 |     template < typename IterImpl, detail::enable_if_t < (std::is_same<IterImpl, iter_impl>::value || std::is_same<IterImpl, other_iter_impl>::value), std::nullptr_t > = nullptr >
[build]       |                                                                                                                                                                          ^
[build] C:\Users\pperv\code\unnamed_rpg\vendor\json\include\nlohmann/detail/iterators/iter_impl.hpp(508,168): warning: default template arguments for a function template are incompatible with C++98 [-Wc++98-compat]
[build]   508 |     template < typename IterImpl, detail::enable_if_t < (std::is_same<IterImpl, iter_impl>::value || std::is_same<IterImpl, other_iter_impl>::value), std::nullptr_t > = nullptr >
[build]       |                                                                                                                                                                        ^ ~~~~~~~
[build] C:\Users\pperv\code\unnamed_rpg\vendor\json\include\nlohmann/detail/iterators/iter_impl.hpp(754,22): warning: default member initializer for non-static data members is incompatible with C++98 [-Wc++98-compat]
[build]   754 |     pointer m_object = nullptr;
[build]       |                      ^
[build] C:\Users\pperv\code\unnamed_rpg\vendor\json\include\nlohmann/detail/iterators/iter_impl.hpp(756,77): warning: default member initializer for non-static data members is incompatible with C++98 [-Wc++98-compat]
[build]   756 |     internal_iterator<typename std::remove_const<BasicJsonType>::type> m_it {};
[build]       |                                                                             ^
[build] C:\Users\pperv\code\unnamed_rpg\vendor\json\include\nlohmann/detail/iterators/iter_impl.hpp(754,24): warning: 'nullptr' is incompatible with C++98 [-Wc++98-compat]
[build]   754 |     pointer m_object = nullptr;
[build]       |                        ^
[build] In file included from C:\Users\pperv\code\unnamed_rpg\vendor\json-schema-validator\src\json-validator.cpp:9:
[build] In file included from C:\Users\pperv\code\unnamed_rpg\vendor\json-schema-validator\src\nlohmann/json-schema.hpp:24:
[build] In file included from C:\Users\pperv\code\unnamed_rpg\vendor\json\include\nlohmann/json.hpp:57:
[build] C:\Users\pperv\code\unnamed_rpg\vendor\json\include\nlohmann/detail/iterators/json_reverse_iterator.hpp(17,1): warning: empty macro arguments are incompatible with C++98 [-Wc++98-compat-pedantic]
[build]    17 | NLOHMANN_JSON_NAMESPACE_BEGIN
[build]       | ^
[build] C:\Users\pperv\code\unnamed_rpg\vendor\json\include\nlohmann/detail/abi_macros.hpp(102,17): note: expanded from macro 'NLOHMANN_JSON_NAMESPACE_BEGIN'
[build]   102 |                 NLOHMANN_JSON_ABI_TAGS,              \
[build]       |                 ^
[build] C:\Users\pperv\code\unnamed_rpg\vendor\json\include\nlohmann/detail/abi_macros.hpp(65,5): note: expanded from macro 'NLOHMANN_JSON_ABI_TAGS'
[build]    65 |     NLOHMANN_JSON_ABI_TAGS_CONCAT(                                   \
[build]       |     ^
[build] C:\Users\pperv\code\unnamed_rpg\vendor\json\include\nlohmann/detail/abi_macros.hpp(62,39): note: expanded from macro 'NLOHMANN_JSON_ABI_TAGS_CONCAT'
[build]    62 |     NLOHMANN_JSON_ABI_TAGS_CONCAT_EX(a, b, c)
[build]       |                                       ^
[build] In file included from C:\Users\pperv\code\unnamed_rpg\vendor\json-schema-validator\src\json-validator.cpp:9:
[build] In file included from C:\Users\pperv\code\unnamed_rpg\vendor\json-schema-validator\src\nlohmann/json-schema.hpp:24:
[build] In file included from C:\Users\pperv\code\unnamed_rpg\vendor\json\include\nlohmann/json.hpp:57:
[build] C:\Users\pperv\code\unnamed_rpg\vendor\json\include\nlohmann/detail/iterators/json_reverse_iterator.hpp(17,1): warning: empty macro arguments are incompatible with C++98 [-Wc++98-compat-pedantic]
[build] C:\Users\pperv\code\unnamed_rpg\vendor\json\include\nlohmann/detail/abi_macros.hpp(102,17): note: expanded from macro 'NLOHMANN_JSON_NAMESPACE_BEGIN'
[build]   102 |                 NLOHMANN_JSON_ABI_TAGS,              \
[build]       |                 ^
[build] C:\Users\pperv\code\unnamed_rpg\vendor\json\include\nlohmann/detail/abi_macros.hpp(65,5): note: expanded from macro 'NLOHMANN_JSON_ABI_TAGS'
[build]    65 |     NLOHMANN_JSON_ABI_TAGS_CONCAT(                                   \
[build]       |     ^
[build] C:\Users\pperv\code\unnamed_rpg\vendor\json\include\nlohmann/detail/abi_macros.hpp(62,42): note: expanded from macro 'NLOHMANN_JSON_ABI_TAGS_CONCAT'
[build]    62 |     NLOHMANN_JSON_ABI_TAGS_CONCAT_EX(a, b, c)
[build]       |                                          ^
[build] In file included from C:\Users\pperv\code\unnamed_rpg\vendor\json-schema-validator\src\json-validator.cpp:9:
[build] In file included from C:\Users\pperv\code\unnamed_rpg\vendor\json-schema-validator\src\nlohmann/json-schema.hpp:24:
[build] In file included from C:\Users\pperv\code\unnamed_rpg\vendor\json\include\nlohmann/json.hpp:57:
[build] C:\Users\pperv\code\unnamed_rpg\vendor\json\include\nlohmann/detail/iterators/json_reverse_iterator.hpp(17,1): warning: empty macro arguments are incompatible with C++98 [-Wc++98-compat-pedantic]
[build] C:\Users\pperv\code\unnamed_rpg\vendor\json\include\nlohmann/detail/abi_macros.hpp(102,17): note: expanded from macro 'NLOHMANN_JSON_NAMESPACE_BEGIN'
[build]   102 |                 NLOHMANN_JSON_ABI_TAGS,              \
[build]       |                 ^
[build] C:\Users\pperv\code\unnamed_rpg\vendor\json\include\nlohmann/detail/abi_macros.hpp(65,5): note: expanded from macro 'NLOHMANN_JSON_ABI_TAGS'
[build]    65 |     NLOHMANN_JSON_ABI_TAGS_CONCAT(                                   \
[build]       |     ^
[build] C:\Users\pperv\code\unnamed_rpg\vendor\json\include\nlohmann/detail/abi_macros.hpp(62,45): note: expanded from macro 'NLOHMANN_JSON_ABI_TAGS_CONCAT'
[build]    62 |     NLOHMANN_JSON_ABI_TAGS_CONCAT_EX(a, b, c)
[build]       |                                             ^
[build] In file included from C:\Users\pperv\code\unnamed_rpg\vendor\json-schema-validator\src\json-validator.cpp:9:
[build] In file included from C:\Users\pperv\code\unnamed_rpg\vendor\json-schema-validator\src\nlohmann/json-schema.hpp:24:
[build] In file included from C:\Users\pperv\code\unnamed_rpg\vendor\json\include\nlohmann/json.hpp:57:
[build] C:\Users\pperv\code\unnamed_rpg\vendor\json\include\nlohmann/detail/iterators/json_reverse_iterator.hpp(17,1): warning: inline namespaces are incompatible with C++98 [-Wc++98-compat]
[build] C:\Users\pperv\code\unnamed_rpg\vendor\json\include\nlohmann/detail/abi_macros.hpp(101,5): note: expanded from macro 'NLOHMANN_JSON_NAMESPACE_BEGIN'
[build]   101 |     inline namespace NLOHMANN_JSON_NAMESPACE_CONCAT( \
[build]       |     ^
[build] In file included from C:\Users\pperv\code\unnamed_rpg\vendor\json-schema-validator\src\json-validator.cpp:9:
[build] In file included from C:\Users\pperv\code\unnamed_rpg\vendor\json-schema-validator\src\nlohmann/json-schema.hpp:24:
[build] In file included from C:\Users\pperv\code\unnamed_rpg\vendor\json\include\nlohmann/json.hpp:57:
[build] C:\Users\pperv\code\unnamed_rpg\vendor\json\include\nlohmann/detail/iterators/json_reverse_iterator.hpp(47,29): warning: alias declarations are incompatible with C++98 [-Wc++98-compat]
[build]    47 |     using difference_type = std::ptrdiff_t;
[build]       |                             ^
[build] C:\Users\pperv\code\unnamed_rpg\vendor\json\include\nlohmann/detail/iterators/json_reverse_iterator.hpp(49,27): warning: alias declarations are incompatible with C++98 [-Wc++98-compat]
[build]    49 |     using base_iterator = std::reverse_iterator<Base>;
[build]       |                           ^
[build] C:\Users\pperv\code\unnamed_rpg\vendor\json\include\nlohmann/detail/iterators/json_reverse_iterator.hpp(51,23): warning: alias declarations are incompatible with C++98 [-Wc++98-compat]
[build]    51 |     using reference = typename Base::reference;
[build]       |                       ^
[build] C:\Users\pperv\code\unnamed_rpg\vendor\json\include\nlohmann/detail/iterators/json_reverse_iterator.hpp(55,9): warning: noexcept specifications are incompatible with C++98 [-Wc++98-compat]
[build]    55 |         : base_iterator(it) {}
[build]       |         ^
[build] C:\Users\pperv\code\unnamed_rpg\vendor\json\include\nlohmann/detail/iterators/json_reverse_iterator.hpp(58,70): warning: noexcept specifications are incompatible with C++98 [-Wc++98-compat]
[build]    58 |     explicit json_reverse_iterator(const base_iterator& it) noexcept : base_iterator(it) {}
[build]       |                                                                      ^
[build] C:\Users\pperv\code\unnamed_rpg\vendor\json\include\nlohmann/detail/iterators/json_reverse_iterator.hpp(61,42): warning: reference qualifiers on functions are incompatible with C++98 [-Wc++98-compat]
[build]    61 |     json_reverse_iterator operator++(int)& // NOLINT(cert-dcl21-cpp)
[build]       |                                          ^
[build] C:\Users\pperv\code\unnamed_rpg\vendor\json\include\nlohmann/detail/iterators/json_reverse_iterator.hpp(73,42): warning: reference qualifiers on functions are incompatible with C++98 [-Wc++98-compat]
[build]    73 |     json_reverse_iterator operator--(int)& // NOLINT(cert-dcl21-cpp)
[build]       |                                          ^
[build] C:\Users\pperv\code\unnamed_rpg\vendor\json\include\nlohmann/detail/iterators/json_reverse_iterator.hpp(115,22): warning: trailing return types are incompatible with C++98 [-Wc++98-compat]
[build]   115 |     auto key() const -> decltype(std::declval<Base>().key())
[build]       |                      ^
[build] C:\Users\pperv\code\unnamed_rpg\vendor\json\include\nlohmann/detail/iterators/json_reverse_iterator.hpp(115,25): warning: 'decltype' type specifier is incompatible with C++98 [-Wc++98-compat]
[build]   115 |     auto key() const -> decltype(std::declval<Base>().key())
[build]       |                         ^
[build] In file included from C:\Users\pperv\code\unnamed_rpg\vendor\json-schema-validator\src\json-validator.cpp:9:
[build] In file included from C:\Users\pperv\code\unnamed_rpg\vendor\json-schema-validator\src\nlohmann/json-schema.hpp:24:
[build] In file included from C:\Users\pperv\code\unnamed_rpg\vendor\json\include\nlohmann/json.hpp:59:
[build] C:\Users\pperv\code\unnamed_rpg\vendor\json\include\nlohmann/detail/json_custom_base_class.hpp(15,1): warning: empty macro arguments are incompatible with C++98 [-Wc++98-compat-pedantic]
[build]    15 | NLOHMANN_JSON_NAMESPACE_BEGIN
[build]       | ^
[build] C:\Users\pperv\code\unnamed_rpg\vendor\json\include\nlohmann/detail/abi_macros.hpp(102,17): note: expanded from macro 'NLOHMANN_JSON_NAMESPACE_BEGIN'
[build]   102 |                 NLOHMANN_JSON_ABI_TAGS,              \
[build]       |                 ^
[build] C:\Users\pperv\code\unnamed_rpg\vendor\json\include\nlohmann/detail/abi_macros.hpp(65,5): note: expanded from macro 'NLOHMANN_JSON_ABI_TAGS'
[build]    65 |     NLOHMANN_JSON_ABI_TAGS_CONCAT(                                   \
[build]       |     ^
[build] C:\Users\pperv\code\unnamed_rpg\vendor\json\include\nlohmann/detail/abi_macros.hpp(62,39): note: expanded from macro 'NLOHMANN_JSON_ABI_TAGS_CONCAT'
[build]    62 |     NLOHMANN_JSON_ABI_TAGS_CONCAT_EX(a, b, c)
[build]       |                                       ^
[build] In file included from C:\Users\pperv\code\unnamed_rpg\vendor\json-schema-validator\src\json-validator.cpp:9:
[build] In file included from C:\Users\pperv\code\unnamed_rpg\vendor\json-schema-validator\src\nlohmann/json-schema.hpp:24:
[build] In file included from C:\Users\pperv\code\unnamed_rpg\vendor\json\include\nlohmann/json.hpp:59:
[build] C:\Users\pperv\code\unnamed_rpg\vendor\json\include\nlohmann/detail/json_custom_base_class.hpp(15,1): warning: empty macro arguments are incompatible with C++98 [-Wc++98-compat-pedantic]
[build] C:\Users\pperv\code\unnamed_rpg\vendor\json\include\nlohmann/detail/abi_macros.hpp(102,17): note: expanded from macro 'NLOHMANN_JSON_NAMESPACE_BEGIN'
[build]   102 |                 NLOHMANN_JSON_ABI_TAGS,              \
[build]       |                 ^
[build] C:\Users\pperv\code\unnamed_rpg\vendor\json\include\nlohmann/detail/abi_macros.hpp(65,5): note: expanded from macro 'NLOHMANN_JSON_ABI_TAGS'
[build]    65 |     NLOHMANN_JSON_ABI_TAGS_CONCAT(                                   \
[build]       |     ^
[build] C:\Users\pperv\code\unnamed_rpg\vendor\json\include\nlohmann/detail/abi_macros.hpp(62,42): note: expanded from macro 'NLOHMANN_JSON_ABI_TAGS_CONCAT'
[build]    62 |     NLOHMANN_JSON_ABI_TAGS_CONCAT_EX(a, b, c)
[build]       |                                          ^
[build] In file included from C:\Users\pperv\code\unnamed_rpg\vendor\json-schema-validator\src\json-validator.cpp:9:
[build] In file included from C:\Users\pperv\code\unnamed_rpg\vendor\json-schema-validator\src\nlohmann/json-schema.hpp:24:
[build] In file included from C:\Users\pperv\code\unnamed_rpg\vendor\json\include\nlohmann/json.hpp:59:
[build] C:\Users\pperv\code\unnamed_rpg\vendor\json\include\nlohmann/detail/json_custom_base_class.hpp(15,1): warning: empty macro arguments are incompatible with C++98 [-Wc++98-compat-pedantic]
[build] C:\Users\pperv\code\unnamed_rpg\vendor\json\include\nlohmann/detail/abi_macros.hpp(102,17): note: expanded from macro 'NLOHMANN_JSON_NAMESPACE_BEGIN'
[build]   102 |                 NLOHMANN_JSON_ABI_TAGS,              \
[build]       |                 ^
[build] C:\Users\pperv\code\unnamed_rpg\vendor\json\include\nlohmann/detail/abi_macros.hpp(65,5): note: expanded from macro 'NLOHMANN_JSON_ABI_TAGS'
[build]    65 |     NLOHMANN_JSON_ABI_TAGS_CONCAT(                                   \
[build]       |     ^
[build] C:\Users\pperv\code\unnamed_rpg\vendor\json\include\nlohmann/detail/abi_macros.hpp(62,45): note: expanded from macro 'NLOHMANN_JSON_ABI_TAGS_CONCAT'
[build]    62 |     NLOHMANN_JSON_ABI_TAGS_CONCAT_EX(a, b, c)
[build]       |                                             ^
[build] In file included from C:\Users\pperv\code\unnamed_rpg\vendor\json-schema-validator\src\json-validator.cpp:9:
[build] In file included from C:\Users\pperv\code\unnamed_rpg\vendor\json-schema-validator\src\nlohmann/json-schema.hpp:24:
[build] In file included from C:\Users\pperv\code\unnamed_rpg\vendor\json\include\nlohmann/json.hpp:59:
[build] C:\Users\pperv\code\unnamed_rpg\vendor\json\include\nlohmann/detail/json_custom_base_class.hpp(15,1): warning: inline namespaces are incompatible with C++98 [-Wc++98-compat]
[build] C:\Users\pperv\code\unnamed_rpg\vendor\json\include\nlohmann/detail/abi_macros.hpp(101,5): note: expanded from macro 'NLOHMANN_JSON_NAMESPACE_BEGIN'
[build]   101 |     inline namespace NLOHMANN_JSON_NAMESPACE_CONCAT( \
[build]       |     ^
[build] In file included from C:\Users\pperv\code\unnamed_rpg\vendor\json-schema-validator\src\json-validator.cpp:9:
[build] In file included from C:\Users\pperv\code\unnamed_rpg\vendor\json-schema-validator\src\nlohmann/json-schema.hpp:24:
[build] In file included from C:\Users\pperv\code\unnamed_rpg\vendor\json\include\nlohmann/json.hpp:59:
[build] C:\Users\pperv\code\unnamed_rpg\vendor\json\include\nlohmann/detail/json_custom_base_class.hpp(44,25): warning: alias declarations are incompatible with C++98 [-Wc++98-compat]
[build]    44 | using json_base_class = typename std::conditional <
[build]       |                         ^
[build] In file included from C:\Users\pperv\code\unnamed_rpg\vendor\json-schema-validator\src\json-validator.cpp:9:
[build] In file included from C:\Users\pperv\code\unnamed_rpg\vendor\json-schema-validator\src\nlohmann/json-schema.hpp:24:
[build] In file included from C:\Users\pperv\code\unnamed_rpg\vendor\json\include\nlohmann/json.hpp:60:
[build] C:\Users\pperv\code\unnamed_rpg\vendor\json\include\nlohmann/detail/json_pointer.hpp(30,1): warning: empty macro arguments are incompatible with C++98 [-Wc++98-compat-pedantic]
[build]    30 | NLOHMANN_JSON_NAMESPACE_BEGIN
[build]       | ^
[build] C:\Users\pperv\code\unnamed_rpg\vendor\json\include\nlohmann/detail/abi_macros.hpp(102,17): note: expanded from macro 'NLOHMANN_JSON_NAMESPACE_BEGIN'
[build]   102 |                 NLOHMANN_JSON_ABI_TAGS,              \
[build]       |                 ^
[build] C:\Users\pperv\code\unnamed_rpg\vendor\json\include\nlohmann/detail/abi_macros.hpp(65,5): note: expanded from macro 'NLOHMANN_JSON_ABI_TAGS'
[build]    65 |     NLOHMANN_JSON_ABI_TAGS_CONCAT(                                   \
[build]       |     ^
[build] C:\Users\pperv\code\unnamed_rpg\vendor\json\include\nlohmann/detail/abi_macros.hpp(62,39): note: expanded from macro 'NLOHMANN_JSON_ABI_TAGS_CONCAT'
[build]    62 |     NLOHMANN_JSON_ABI_TAGS_CONCAT_EX(a, b, c)
[build]       |                                       ^
[build] In file included from C:\Users\pperv\code\unnamed_rpg\vendor\json-schema-validator\src\json-validator.cpp:9:
[build] In file included from C:\Users\pperv\code\unnamed_rpg\vendor\json-schema-validator\src\nlohmann/json-schema.hpp:24:
[build] In file included from C:\Users\pperv\code\unnamed_rpg\vendor\json\include\nlohmann/json.hpp:60:
[build] C:\Users\pperv\code\unnamed_rpg\vendor\json\include\nlohmann/detail/json_pointer.hpp(30,1): warning: empty macro arguments are incompatible with C++98 [-Wc++98-compat-pedantic]
[build] C:\Users\pperv\code\unnamed_rpg\vendor\json\include\nlohmann/detail/abi_macros.hpp(102,17): note: expanded from macro 'NLOHMANN_JSON_NAMESPACE_BEGIN'
[build]   102 |                 NLOHMANN_JSON_ABI_TAGS,              \
[build]       |                 ^
[build] C:\Users\pperv\code\unnamed_rpg\vendor\json\include\nlohmann/detail/abi_macros.hpp(65,5): note: expanded from macro 'NLOHMANN_JSON_ABI_TAGS'
[build]    65 |     NLOHMANN_JSON_ABI_TAGS_CONCAT(                                   \
[build]       |     ^
[build] C:\Users\pperv\code\unnamed_rpg\vendor\json\include\nlohmann/detail/abi_macros.hpp(62,42): note: expanded from macro 'NLOHMANN_JSON_ABI_TAGS_CONCAT'
[build]    62 |     NLOHMANN_JSON_ABI_TAGS_CONCAT_EX(a, b, c)
[build]       |                                          ^
[build] In file included from C:\Users\pperv\code\unnamed_rpg\vendor\json-schema-validator\src\json-validator.cpp:9:
[build] In file included from C:\Users\pperv\code\unnamed_rpg\vendor\json-schema-validator\src\nlohmann/json-schema.hpp:24:
[build] In file included from C:\Users\pperv\code\unnamed_rpg\vendor\json\include\nlohmann/json.hpp:60:
[build] C:\Users\pperv\code\unnamed_rpg\vendor\json\include\nlohmann/detail/json_pointer.hpp(30,1): warning: empty macro arguments are incompatible with C++98 [-Wc++98-compat-pedantic]
[build] C:\Users\pperv\code\unnamed_rpg\vendor\json\include\nlohmann/detail/abi_macros.hpp(102,17): note: expanded from macro 'NLOHMANN_JSON_NAMESPACE_BEGIN'
[build]   102 |                 NLOHMANN_JSON_ABI_TAGS,              \
[build]       |                 ^
[build] C:\Users\pperv\code\unnamed_rpg\vendor\json\include\nlohmann/detail/abi_macros.hpp(65,5): note: expanded from macro 'NLOHMANN_JSON_ABI_TAGS'
[build]    65 |     NLOHMANN_JSON_ABI_TAGS_CONCAT(                                   \
[build]       |     ^
[build] C:\Users\pperv\code\unnamed_rpg\vendor\json\include\nlohmann/detail/abi_macros.hpp(62,45): note: expanded from macro 'NLOHMANN_JSON_ABI_TAGS_CONCAT'
[build]    62 |     NLOHMANN_JSON_ABI_TAGS_CONCAT_EX(a, b, c)
[build]       |                                             ^
[build] In file included from C:\Users\pperv\code\unnamed_rpg\vendor\json-schema-validator\src\json-validator.cpp:9:
[build] In file included from C:\Users\pperv\code\unnamed_rpg\vendor\json-schema-validator\src\nlohmann/json-schema.hpp:24:
[build] In file included from C:\Users\pperv\code\unnamed_rpg\vendor\json\include\nlohmann/json.hpp:60:
[build] C:\Users\pperv\code\unnamed_rpg\vendor\json\include\nlohmann/detail/json_pointer.hpp(30,1): warning: inline namespaces are incompatible with C++98 [-Wc++98-compat]
[build] C:\Users\pperv\code\unnamed_rpg\vendor\json\include\nlohmann/detail/abi_macros.hpp(101,5): note: expanded from macro 'NLOHMANN_JSON_NAMESPACE_BEGIN'
[build]   101 |     inline namespace NLOHMANN_JSON_NAMESPACE_CONCAT( \
[build]       |     ^
[build] In file included from C:\Users\pperv\code\unnamed_rpg\vendor\json-schema-validator\src\json-validator.cpp:9:
[build] In file included from C:\Users\pperv\code\unnamed_rpg\vendor\json-schema-validator\src\nlohmann/json-schema.hpp:24:
[build] In file included from C:\Users\pperv\code\unnamed_rpg\vendor\json\include\nlohmann/json.hpp:60:
[build] C:\Users\pperv\code\unnamed_rpg\vendor\json\include\nlohmann/detail/json_pointer.hpp(38,5): warning: variadic templates are incompatible with C++98 [-Wc++98-compat]
[build]    38 |     NLOHMANN_BASIC_JSON_TPL_DECLARATION
[build]       |     ^
[build] C:\Users\pperv\code\unnamed_rpg\vendor\json\include\nlohmann/detail/macro_scope.hpp(337,51): note: expanded from macro 'NLOHMANN_BASIC_JSON_TPL_DECLARATION'
[build]   337 |     template<template<typename, typename, typename...> class ObjectType,   \
[build]       |                                                   ^
[build] In file included from C:\Users\pperv\code\unnamed_rpg\vendor\json-schema-validator\src\json-validator.cpp:9:
[build] In file included from C:\Users\pperv\code\unnamed_rpg\vendor\json-schema-validator\src\nlohmann/json-schema.hpp:24:
[build] In file included from C:\Users\pperv\code\unnamed_rpg\vendor\json\include\nlohmann/json.hpp:60:
[build] C:\Users\pperv\code\unnamed_rpg\vendor\json\include\nlohmann/detail/json_pointer.hpp(38,5): warning: variadic templates are incompatible with C++98 [-Wc++98-compat]
[build] C:\Users\pperv\code\unnamed_rpg\vendor\json\include\nlohmann/detail/macro_scope.hpp(338,41): note: expanded from macro 'NLOHMANN_BASIC_JSON_TPL_DECLARATION'
[build]   338 |              template<typename, typename...> class ArrayType,              \
[build]       |                                         ^
[build] In file included from C:\Users\pperv\code\unnamed_rpg\vendor\json-schema-validator\src\json-validator.cpp:9:
[build] In file included from C:\Users\pperv\code\unnamed_rpg\vendor\json-schema-validator\src\nlohmann/json-schema.hpp:24:
[build] In file included from C:\Users\pperv\code\unnamed_rpg\vendor\json\include\nlohmann/json.hpp:60:
[build] C:\Users\pperv\code\unnamed_rpg\vendor\json\include\nlohmann/detail/json_pointer.hpp(47,22): warning: alias declarations are incompatible with C++98 [-Wc++98-compat]
[build]    47 |         using type = T;
[build]       |                      ^
[build] C:\Users\pperv\code\unnamed_rpg\vendor\json\include\nlohmann/detail/json_pointer.hpp(50,5): warning: variadic templates are incompatible with C++98 [-Wc++98-compat]
[build]    50 |     NLOHMANN_BASIC_JSON_TPL_DECLARATION
[build]       |     ^
[build] C:\Users\pperv\code\unnamed_rpg\vendor\json\include\nlohmann/detail/macro_scope.hpp(337,51): note: expanded from macro 'NLOHMANN_BASIC_JSON_TPL_DECLARATION'
[build]   337 |     template<template<typename, typename, typename...> class ObjectType,   \
[build]       |                                                   ^
[build] In file included from C:\Users\pperv\code\unnamed_rpg\vendor\json-schema-validator\src\json-validator.cpp:9:
[build] In file included from C:\Users\pperv\code\unnamed_rpg\vendor\json-schema-validator\src\nlohmann/json-schema.hpp:24:
[build] In file included from C:\Users\pperv\code\unnamed_rpg\vendor\json\include\nlohmann/json.hpp:60:
[build] C:\Users\pperv\code\unnamed_rpg\vendor\json\include\nlohmann/detail/json_pointer.hpp(50,5): warning: variadic templates are incompatible with C++98 [-Wc++98-compat]
[build] C:\Users\pperv\code\unnamed_rpg\vendor\json\include\nlohmann/detail/macro_scope.hpp(338,41): note: expanded from macro 'NLOHMANN_BASIC_JSON_TPL_DECLARATION'
[build]   338 |              template<typename, typename...> class ArrayType,              \
[build]       |                                         ^
[build] In file included from C:\Users\pperv\code\unnamed_rpg\vendor\json-schema-validator\src\json-validator.cpp:9:
[build] In file included from C:\Users\pperv\code\unnamed_rpg\vendor\json-schema-validator\src\nlohmann/json-schema.hpp:24:
[build] In file included from C:\Users\pperv\code\unnamed_rpg\vendor\json\include\nlohmann/json.hpp:60:
[build] C:\Users\pperv\code\unnamed_rpg\vendor\json\include\nlohmann/detail/json_pointer.hpp(53,22): warning: alias declarations are incompatible with C++98 [-Wc++98-compat]
[build]    53 |         using type = StringType;
[build]       |                      ^
[build] C:\Users\pperv\code\unnamed_rpg\vendor\json\include\nlohmann/detail/json_pointer.hpp(58,22): warning: alias declarations are incompatible with C++98 [-Wc++98-compat]
[build]    58 |     using string_t = typename string_t_helper<RefStringType>::type;
[build]       |                      ^
[build] C:\Users\pperv\code\unnamed_rpg\vendor\json\include\nlohmann/detail/json_pointer.hpp(190,29): warning: rvalue references are incompatible with C++98 [-Wc++98-compat]
[build]   190 |     void push_front(string_t&& token)
[build]       |                             ^
[build] C:\Users\pperv\code\unnamed_rpg\vendor\json\include\nlohmann/detail/json_pointer.hpp(228,28): warning: rvalue references are incompatible with C++98 [-Wc++98-compat]
[build]   228 |     void push_back(string_t&& token)
[build]       |                            ^
[build] C:\Users\pperv\code\unnamed_rpg\vendor\json\include\nlohmann/detail/json_pointer.hpp(236,5): warning: noexcept specifications are incompatible with C++98 [-Wc++98-compat]
[build]   236 |     {
[build]       |     ^
[build] C:\Users\pperv\code\unnamed_rpg\vendor\json\include\nlohmann/detail/json_pointer.hpp(961,43): warning: reference qualifiers on functions are incompatible with C++98 [-Wc++98-compat]
[build]   961 |     json_pointer<string_t> convert() const&
[build]       |                                           ^
[build] C:\Users\pperv\code\unnamed_rpg\vendor\json\include\nlohmann/detail/json_pointer.hpp(968,37): warning: reference qualifiers on functions are incompatible with C++98 [-Wc++98-compat]
[build]   968 |     json_pointer<string_t> convert()&&
[build]       |                                     ^
[build] C:\Users\pperv\code\unnamed_rpg\vendor\json\include\nlohmann/detail/json_pointer.hpp(1005,79): warning: noexcept specifications are incompatible with C++98 [-Wc++98-compat]
[build]  1005 |                            const json_pointer<RefStringTypeRhs>& rhs) noexcept;
[build]       |                                                                               ^
[build] C:\Users\pperv\code\unnamed_rpg\vendor\json\include\nlohmann/detail/json_pointer.hpp(1026,79): warning: noexcept specifications are incompatible with C++98 [-Wc++98-compat]
[build]  1026 |                            const json_pointer<RefStringTypeRhs>& rhs) noexcept;
[build]       |                                                                               ^
[build] C:\Users\pperv\code\unnamed_rpg\vendor\json\include\nlohmann/detail/json_pointer.hpp(1046,78): warning: noexcept specifications are incompatible with C++98 [-Wc++98-compat]
[build]  1046 |                           const json_pointer<RefStringTypeRhs>& rhs) noexcept;
[build]       |                                                                              ^
[build] C:\Users\pperv\code\unnamed_rpg\vendor\json\include\nlohmann/detail/json_pointer.hpp(1058,67): warning: noexcept specifications are incompatible with C++98 [-Wc++98-compat]
[build]  1058 |                        const json_pointer<RefStringTypeRhs>& rhs) noexcept
[build]       |                                                                   ^
[build] C:\Users\pperv\code\unnamed_rpg\vendor\json\include\nlohmann/detail/json_pointer.hpp(1064,19): warning: default template arguments for a function template are incompatible with C++98 [-Wc++98-compat]
[build]  1064 |          typename StringType = typename json_pointer<RefStringTypeLhs>::string_t>
[build]       |                   ^            ~~~~~~~~~~~~~~~~~~~~~~~~~~~~~~~~~~~~~~~~~~~~~~~~~
[build] C:\Users\pperv\code\unnamed_rpg\vendor\json\include\nlohmann/detail/json_pointer.hpp(1073,19): warning: default template arguments for a function template are incompatible with C++98 [-Wc++98-compat]
[build]  1073 |          typename StringType = typename json_pointer<RefStringTypeRhs>::string_t>
[build]       |                   ^            ~~~~~~~~~~~~~~~~~~~~~~~~~~~~~~~~~~~~~~~~~~~~~~~~~
[build] C:\Users\pperv\code\unnamed_rpg\vendor\json\include\nlohmann/detail/json_pointer.hpp(1083,67): warning: noexcept specifications are incompatible with C++98 [-Wc++98-compat]
[build]  1083 |                        const json_pointer<RefStringTypeRhs>& rhs) noexcept
[build]       |                                                                   ^
[build] C:\Users\pperv\code\unnamed_rpg\vendor\json\include\nlohmann/detail/json_pointer.hpp(1089,19): warning: default template arguments for a function template are incompatible with C++98 [-Wc++98-compat]
[build]  1089 |          typename StringType = typename json_pointer<RefStringTypeLhs>::string_t>
[build]       |                   ^            ~~~~~~~~~~~~~~~~~~~~~~~~~~~~~~~~~~~~~~~~~~~~~~~~~
[build] C:\Users\pperv\code\unnamed_rpg\vendor\json\include\nlohmann/detail/json_pointer.hpp(1098,19): warning: default template arguments for a function template are incompatible with C++98 [-Wc++98-compat]
[build]  1098 |          typename StringType = typename json_pointer<RefStringTypeRhs>::string_t>
[build]       |                   ^            ~~~~~~~~~~~~~~~~~~~~~~~~~~~~~~~~~~~~~~~~~~~~~~~~~
[build] C:\Users\pperv\code\unnamed_rpg\vendor\json\include\nlohmann/detail/json_pointer.hpp(1108,66): warning: noexcept specifications are incompatible with C++98 [-Wc++98-compat]
[build]  1108 |                       const json_pointer<RefStringTypeRhs>& rhs) noexcept
[build]       |                                                                  ^
[build] In file included from C:\Users\pperv\code\unnamed_rpg\vendor\json-schema-validator\src\json-validator.cpp:9:
[build] In file included from C:\Users\pperv\code\unnamed_rpg\vendor\json-schema-validator\src\nlohmann/json-schema.hpp:24:
[build] In file included from C:\Users\pperv\code\unnamed_rpg\vendor\json\include\nlohmann/json.hpp:61:
[build] C:\Users\pperv\code\unnamed_rpg\vendor\json\include\nlohmann/detail/json_ref.hpp(17,1): warning: empty macro arguments are incompatible with C++98 [-Wc++98-compat-pedantic]
[build]    17 | NLOHMANN_JSON_NAMESPACE_BEGIN
[build]       | ^
[build] C:\Users\pperv\code\unnamed_rpg\vendor\json\include\nlohmann/detail/abi_macros.hpp(102,17): note: expanded from macro 'NLOHMANN_JSON_NAMESPACE_BEGIN'
[build]   102 |                 NLOHMANN_JSON_ABI_TAGS,              \
[build]       |                 ^
[build] C:\Users\pperv\code\unnamed_rpg\vendor\json\include\nlohmann/detail/abi_macros.hpp(65,5): note: expanded from macro 'NLOHMANN_JSON_ABI_TAGS'
[build]    65 |     NLOHMANN_JSON_ABI_TAGS_CONCAT(                                   \
[build]       |     ^
[build] C:\Users\pperv\code\unnamed_rpg\vendor\json\include\nlohmann/detail/abi_macros.hpp(62,39): note: expanded from macro 'NLOHMANN_JSON_ABI_TAGS_CONCAT'
[build]    62 |     NLOHMANN_JSON_ABI_TAGS_CONCAT_EX(a, b, c)
[build]       |                                       ^
[build] In file included from C:\Users\pperv\code\unnamed_rpg\vendor\json-schema-validator\src\json-validator.cpp:9:
[build] In file included from C:\Users\pperv\code\unnamed_rpg\vendor\json-schema-validator\src\nlohmann/json-schema.hpp:24:
[build] In file included from C:\Users\pperv\code\unnamed_rpg\vendor\json\include\nlohmann/json.hpp:61:
[build] C:\Users\pperv\code\unnamed_rpg\vendor\json\include\nlohmann/detail/json_ref.hpp(17,1): warning: empty macro arguments are incompatible with C++98 [-Wc++98-compat-pedantic]
[build] C:\Users\pperv\code\unnamed_rpg\vendor\json\include\nlohmann/detail/abi_macros.hpp(102,17): note: expanded from macro 'NLOHMANN_JSON_NAMESPACE_BEGIN'
[build]   102 |                 NLOHMANN_JSON_ABI_TAGS,              \
[build]       |                 ^
[build] C:\Users\pperv\code\unnamed_rpg\vendor\json\include\nlohmann/detail/abi_macros.hpp(65,5): note: expanded from macro 'NLOHMANN_JSON_ABI_TAGS'
[build]    65 |     NLOHMANN_JSON_ABI_TAGS_CONCAT(                                   \
[build]       |     ^
[build] C:\Users\pperv\code\unnamed_rpg\vendor\json\include\nlohmann/detail/abi_macros.hpp(62,42): note: expanded from macro 'NLOHMANN_JSON_ABI_TAGS_CONCAT'
[build]    62 |     NLOHMANN_JSON_ABI_TAGS_CONCAT_EX(a, b, c)
[build]       |                                          ^
[build] In file included from C:\Users\pperv\code\unnamed_rpg\vendor\json-schema-validator\src\json-validator.cpp:9:
[build] In file included from C:\Users\pperv\code\unnamed_rpg\vendor\json-schema-validator\src\nlohmann/json-schema.hpp:24:
[build] In file included from C:\Users\pperv\code\unnamed_rpg\vendor\json\include\nlohmann/json.hpp:61:
[build] C:\Users\pperv\code\unnamed_rpg\vendor\json\include\nlohmann/detail/json_ref.hpp(17,1): warning: empty macro arguments are incompatible with C++98 [-Wc++98-compat-pedantic]
[build] C:\Users\pperv\code\unnamed_rpg\vendor\json\include\nlohmann/detail/abi_macros.hpp(102,17): note: expanded from macro 'NLOHMANN_JSON_NAMESPACE_BEGIN'
[build]   102 |                 NLOHMANN_JSON_ABI_TAGS,              \
[build]       |                 ^
[build] C:\Users\pperv\code\unnamed_rpg\vendor\json\include\nlohmann/detail/abi_macros.hpp(65,5): note: expanded from macro 'NLOHMANN_JSON_ABI_TAGS'
[build]    65 |     NLOHMANN_JSON_ABI_TAGS_CONCAT(                                   \
[build]       |     ^
[build] C:\Users\pperv\code\unnamed_rpg\vendor\json\include\nlohmann/detail/abi_macros.hpp(62,45): note: expanded from macro 'NLOHMANN_JSON_ABI_TAGS_CONCAT'
[build]    62 |     NLOHMANN_JSON_ABI_TAGS_CONCAT_EX(a, b, c)
[build]       |                                             ^
[build] In file included from C:\Users\pperv\code\unnamed_rpg\vendor\json-schema-validator\src\json-validator.cpp:9:
[build] In file included from C:\Users\pperv\code\unnamed_rpg\vendor\json-schema-validator\src\nlohmann/json-schema.hpp:24:
[build] In file included from C:\Users\pperv\code\unnamed_rpg\vendor\json\include\nlohmann/json.hpp:61:
[build] C:\Users\pperv\code\unnamed_rpg\vendor\json\include\nlohmann/detail/json_ref.hpp(17,1): warning: inline namespaces are incompatible with C++98 [-Wc++98-compat]
[build] C:\Users\pperv\code\unnamed_rpg\vendor\json\include\nlohmann/detail/abi_macros.hpp(101,5): note: expanded from macro 'NLOHMANN_JSON_NAMESPACE_BEGIN'
[build]   101 |     inline namespace NLOHMANN_JSON_NAMESPACE_CONCAT( \
[build]       |     ^
[build] In file included from C:\Users\pperv\code\unnamed_rpg\vendor\json-schema-validator\src\json-validator.cpp:9:
[build] In file included from C:\Users\pperv\code\unnamed_rpg\vendor\json-schema-validator\src\nlohmann/json-schema.hpp:24:
[build] In file included from C:\Users\pperv\code\unnamed_rpg\vendor\json\include\nlohmann/json.hpp:61:
[build] C:\Users\pperv\code\unnamed_rpg\vendor\json\include\nlohmann/detail/json_ref.hpp(25,24): warning: alias declarations are incompatible with C++98 [-Wc++98-compat]
[build]    25 |     using value_type = BasicJsonType;
[build]       |                        ^
[build] C:\Users\pperv\code\unnamed_rpg\vendor\json\include\nlohmann/detail/json_ref.hpp(27,24): warning: rvalue references are incompatible with C++98 [-Wc++98-compat]
[build]    27 |     json_ref(value_type&& value)
[build]       |                        ^
[build] C:\Users\pperv\code\unnamed_rpg\vendor\json\include\nlohmann/detail/json_ref.hpp(40,14): warning: variadic templates are incompatible with C++98 [-Wc++98-compat]
[build]    40 |         class... Args,
[build]       |              ^
[build] C:\Users\pperv\code\unnamed_rpg\vendor\json\include\nlohmann/detail/json_ref.hpp(42,19): warning: rvalue references are incompatible with C++98 [-Wc++98-compat]
[build]    42 |     json_ref(Args && ... args)
[build]       |                   ^
[build] C:\Users\pperv\code\unnamed_rpg\vendor\json\include\nlohmann/detail/json_ref.hpp(41,77): warning: default template arguments for a function template are incompatible with C++98 [-Wc++98-compat]
[build]    41 |         enable_if_t<std::is_constructible<value_type, Args...>::value, int> = 0 >
[build]       |                                                                             ^ ~
[build] C:\Users\pperv\code\unnamed_rpg\vendor\json\include\nlohmann/detail/json_ref.hpp(47,22): warning: rvalue references are incompatible with C++98 [-Wc++98-compat]
[build]    47 |     json_ref(json_ref&&) noexcept = default;
[build]       |                      ^
[build] C:\Users\pperv\code\unnamed_rpg\vendor\json\include\nlohmann/detail/json_ref.hpp(47,35): warning: noexcept specifications are incompatible with C++98 [-Wc++98-compat]
[build]    47 |     json_ref(json_ref&&) noexcept = default;
[build]       |                                   ^
[build] C:\Users\pperv\code\unnamed_rpg\vendor\json\include\nlohmann/detail/json_ref.hpp(47,37): warning: defaulted function definitions are incompatible with C++98 [-Wc++98-compat]
[build]    47 |     json_ref(json_ref&&) noexcept = default;
[build]       |                                     ^
[build] C:\Users\pperv\code\unnamed_rpg\vendor\json\include\nlohmann/detail/json_ref.hpp(48,33): warning: deleted function definitions are incompatible with C++98 [-Wc++98-compat]
[build]    48 |     json_ref(const json_ref&) = delete;
[build]       |                                 ^
[build] C:\Users\pperv\code\unnamed_rpg\vendor\json\include\nlohmann/detail/json_ref.hpp(49,44): warning: deleted function definitions are incompatible with C++98 [-Wc++98-compat]
[build]    49 |     json_ref& operator=(const json_ref&) = delete;
[build]       |                                            ^
[build] C:\Users\pperv\code\unnamed_rpg\vendor\json\include\nlohmann/detail/json_ref.hpp(50,33): warning: rvalue references are incompatible with C++98 [-Wc++98-compat]
[build]    50 |     json_ref& operator=(json_ref&&) = delete;
[build]       |                                 ^
[build] C:\Users\pperv\code\unnamed_rpg\vendor\json\include\nlohmann/detail/json_ref.hpp(50,39): warning: deleted function definitions are incompatible with C++98 [-Wc++98-compat]
[build]    50 |     json_ref& operator=(json_ref&&) = delete;
[build]       |                                       ^
[build] C:\Users\pperv\code\unnamed_rpg\vendor\json\include\nlohmann/detail/json_ref.hpp(51,19): warning: defaulted function definitions are incompatible with C++98 [-Wc++98-compat]
[build]    51 |     ~json_ref() = default;
[build]       |                   ^
[build] C:\Users\pperv\code\unnamed_rpg\vendor\json\include\nlohmann/detail/json_ref.hpp(73,36): warning: default member initializer for non-static data members is incompatible with C++98 [-Wc++98-compat]
[build]    73 |     mutable value_type owned_value = nullptr;
[build]       |                                    ^
[build] C:\Users\pperv\code\unnamed_rpg\vendor\json\include\nlohmann/detail/json_ref.hpp(74,33): warning: default member initializer for non-static data members is incompatible with C++98 [-Wc++98-compat]
[build]    74 |     value_type const* value_ref = nullptr;
[build]       |                                 ^
[build] C:\Users\pperv\code\unnamed_rpg\vendor\json\include\nlohmann/detail/json_ref.hpp(73,38): warning: 'nullptr' is incompatible with C++98 [-Wc++98-compat]
[build]    73 |     mutable value_type owned_value = nullptr;
[build]       |                                      ^
[build] C:\Users\pperv\code\unnamed_rpg\vendor\json\include\nlohmann/detail/json_ref.hpp(74,35): warning: 'nullptr' is incompatible with C++98 [-Wc++98-compat]
[build]    74 |     value_type const* value_ref = nullptr;
[build]       |                                   ^
[build] In file included from C:\Users\pperv\code\unnamed_rpg\vendor\json-schema-validator\src\json-validator.cpp:9:
[build] In file included from C:\Users\pperv\code\unnamed_rpg\vendor\json-schema-validator\src\nlohmann/json-schema.hpp:24:
[build] In file included from C:\Users\pperv\code\unnamed_rpg\vendor\json\include\nlohmann/json.hpp:68:
[build] In file included from C:\Users\pperv\code\unnamed_rpg\vendor\json\include\nlohmann/detail/output/binary_writer.hpp:24:
[build] C:\Users\pperv\code\unnamed_rpg\vendor\json\include\nlohmann/detail/output/output_adapters.hpp(25,1): warning: empty macro arguments are incompatible with C++98 [-Wc++98-compat-pedantic]
[build]    25 | NLOHMANN_JSON_NAMESPACE_BEGIN
[build]       | ^
[build] C:\Users\pperv\code\unnamed_rpg\vendor\json\include\nlohmann/detail/abi_macros.hpp(102,17): note: expanded from macro 'NLOHMANN_JSON_NAMESPACE_BEGIN'
[build]   102 |                 NLOHMANN_JSON_ABI_TAGS,              \
[build]       |                 ^
[build] C:\Users\pperv\code\unnamed_rpg\vendor\json\include\nlohmann/detail/abi_macros.hpp(65,5): note: expanded from macro 'NLOHMANN_JSON_ABI_TAGS'
[build]    65 |     NLOHMANN_JSON_ABI_TAGS_CONCAT(                                   \
[build]       |     ^
[build] C:\Users\pperv\code\unnamed_rpg\vendor\json\include\nlohmann/detail/abi_macros.hpp(62,39): note: expanded from macro 'NLOHMANN_JSON_ABI_TAGS_CONCAT'
[build]    62 |     NLOHMANN_JSON_ABI_TAGS_CONCAT_EX(a, b, c)
[build]       |                                       ^
[build] In file included from C:\Users\pperv\code\unnamed_rpg\vendor\json-schema-validator\src\json-validator.cpp:9:
[build] In file included from C:\Users\pperv\code\unnamed_rpg\vendor\json-schema-validator\src\nlohmann/json-schema.hpp:24:
[build] In file included from C:\Users\pperv\code\unnamed_rpg\vendor\json\include\nlohmann/json.hpp:68:
[build] In file included from C:\Users\pperv\code\unnamed_rpg\vendor\json\include\nlohmann/detail/output/binary_writer.hpp:24:
[build] C:\Users\pperv\code\unnamed_rpg\vendor\json\include\nlohmann/detail/output/output_adapters.hpp(25,1): warning: empty macro arguments are incompatible with C++98 [-Wc++98-compat-pedantic]
[build] C:\Users\pperv\code\unnamed_rpg\vendor\json\include\nlohmann/detail/abi_macros.hpp(102,17): note: expanded from macro 'NLOHMANN_JSON_NAMESPACE_BEGIN'
[build]   102 |                 NLOHMANN_JSON_ABI_TAGS,              \
[build]       |                 ^
[build] C:\Users\pperv\code\unnamed_rpg\vendor\json\include\nlohmann/detail/abi_macros.hpp(65,5): note: expanded from macro 'NLOHMANN_JSON_ABI_TAGS'
[build]    65 |     NLOHMANN_JSON_ABI_TAGS_CONCAT(                                   \
[build]       |     ^
[build] C:\Users\pperv\code\unnamed_rpg\vendor\json\include\nlohmann/detail/abi_macros.hpp(62,42): note: expanded from macro 'NLOHMANN_JSON_ABI_TAGS_CONCAT'
[build]    62 |     NLOHMANN_JSON_ABI_TAGS_CONCAT_EX(a, b, c)
[build]       |                                          ^
[build] In file included from C:\Users\pperv\code\unnamed_rpg\vendor\json-schema-validator\src\json-validator.cpp:9:
[build] In file included from C:\Users\pperv\code\unnamed_rpg\vendor\json-schema-validator\src\nlohmann/json-schema.hpp:24:
[build] In file included from C:\Users\pperv\code\unnamed_rpg\vendor\json\include\nlohmann/json.hpp:68:
[build] In file included from C:\Users\pperv\code\unnamed_rpg\vendor\json\include\nlohmann/detail/output/binary_writer.hpp:24:
[build] C:\Users\pperv\code\unnamed_rpg\vendor\json\include\nlohmann/detail/output/output_adapters.hpp(25,1): warning: empty macro arguments are incompatible with C++98 [-Wc++98-compat-pedantic]
[build] C:\Users\pperv\code\unnamed_rpg\vendor\json\include\nlohmann/detail/abi_macros.hpp(102,17): note: expanded from macro 'NLOHMANN_JSON_NAMESPACE_BEGIN'
[build]   102 |                 NLOHMANN_JSON_ABI_TAGS,              \
[build]       |                 ^
[build] C:\Users\pperv\code\unnamed_rpg\vendor\json\include\nlohmann/detail/abi_macros.hpp(65,5): note: expanded from macro 'NLOHMANN_JSON_ABI_TAGS'
[build]    65 |     NLOHMANN_JSON_ABI_TAGS_CONCAT(                                   \
[build]       |     ^
[build] C:\Users\pperv\code\unnamed_rpg\vendor\json\include\nlohmann/detail/abi_macros.hpp(62,45): note: expanded from macro 'NLOHMANN_JSON_ABI_TAGS_CONCAT'
[build]    62 |     NLOHMANN_JSON_ABI_TAGS_CONCAT_EX(a, b, c)
[build]       |                                             ^
[build] In file included from C:\Users\pperv\code\unnamed_rpg\vendor\json-schema-validator\src\json-validator.cpp:9:
[build] In file included from C:\Users\pperv\code\unnamed_rpg\vendor\json-schema-validator\src\nlohmann/json-schema.hpp:24:
[build] In file included from C:\Users\pperv\code\unnamed_rpg\vendor\json\include\nlohmann/json.hpp:68:
[build] In file included from C:\Users\pperv\code\unnamed_rpg\vendor\json\include\nlohmann/detail/output/binary_writer.hpp:24:
[build] C:\Users\pperv\code\unnamed_rpg\vendor\json\include\nlohmann/detail/output/output_adapters.hpp(25,1): warning: inline namespaces are incompatible with C++98 [-Wc++98-compat]
[build] C:\Users\pperv\code\unnamed_rpg\vendor\json\include\nlohmann/detail/abi_macros.hpp(101,5): note: expanded from macro 'NLOHMANN_JSON_NAMESPACE_BEGIN'
[build]   101 |     inline namespace NLOHMANN_JSON_NAMESPACE_CONCAT( \
[build]       |     ^
[build] In file included from C:\Users\pperv\code\unnamed_rpg\vendor\json-schema-validator\src\json-validator.cpp:9:
[build] In file included from C:\Users\pperv\code\unnamed_rpg\vendor\json-schema-validator\src\nlohmann/json-schema.hpp:24:
[build] In file included from C:\Users\pperv\code\unnamed_rpg\vendor\json\include\nlohmann/json.hpp:68:
[build] In file included from C:\Users\pperv\code\unnamed_rpg\vendor\json\include\nlohmann/detail/output/binary_writer.hpp:24:
[build] C:\Users\pperv\code\unnamed_rpg\vendor\json\include\nlohmann/detail/output/output_adapters.hpp(34,42): warning: defaulted function definitions are incompatible with C++98 [-Wc++98-compat]
[build]    34 |     virtual ~output_adapter_protocol() = default;
[build]       |                                          ^
[build] C:\Users\pperv\code\unnamed_rpg\vendor\json\include\nlohmann/detail/output/output_adapters.hpp(36,33): warning: defaulted function definitions are incompatible with C++98 [-Wc++98-compat]
[build]    36 |     output_adapter_protocol() = default;
[build]       |                                 ^
[build] C:\Users\pperv\code\unnamed_rpg\vendor\json\include\nlohmann/detail/output/output_adapters.hpp(37,63): warning: defaulted function definitions are incompatible with C++98 [-Wc++98-compat]
[build]    37 |     output_adapter_protocol(const output_adapter_protocol&) = default;
[build]       |                                                               ^
[build] C:\Users\pperv\code\unnamed_rpg\vendor\json\include\nlohmann/detail/output/output_adapters.hpp(38,52): warning: rvalue references are incompatible with C++98 [-Wc++98-compat]
[build]    38 |     output_adapter_protocol(output_adapter_protocol&&) noexcept = default;
[build]       |                                                    ^
[build] C:\Users\pperv\code\unnamed_rpg\vendor\json\include\nlohmann/detail/output/output_adapters.hpp(38,65): warning: noexcept specifications are incompatible with C++98 [-Wc++98-compat]
[build]    38 |     output_adapter_protocol(output_adapter_protocol&&) noexcept = default;
[build]       |                                                                 ^
[build] C:\Users\pperv\code\unnamed_rpg\vendor\json\include\nlohmann/detail/output/output_adapters.hpp(38,67): warning: defaulted function definitions are incompatible with C++98 [-Wc++98-compat]
[build]    38 |     output_adapter_protocol(output_adapter_protocol&&) noexcept = default;
[build]       |                                                                   ^
[build] C:\Users\pperv\code\unnamed_rpg\vendor\json\include\nlohmann/detail/output/output_adapters.hpp(39,74): warning: defaulted function definitions are incompatible with C++98 [-Wc++98-compat]
[build]    39 |     output_adapter_protocol& operator=(const output_adapter_protocol&) = default;
[build]       |                                                                          ^
[build] C:\Users\pperv\code\unnamed_rpg\vendor\json\include\nlohmann/detail/output/output_adapters.hpp(40,63): warning: rvalue references are incompatible with C++98 [-Wc++98-compat]
[build]    40 |     output_adapter_protocol& operator=(output_adapter_protocol&&) noexcept = default;
[build]       |                                                               ^
[build] C:\Users\pperv\code\unnamed_rpg\vendor\json\include\nlohmann/detail/output/output_adapters.hpp(40,76): warning: noexcept specifications are incompatible with C++98 [-Wc++98-compat]
[build]    40 |     output_adapter_protocol& operator=(output_adapter_protocol&&) noexcept = default;
[build]       |                                                                            ^
[build] C:\Users\pperv\code\unnamed_rpg\vendor\json\include\nlohmann/detail/output/output_adapters.hpp(40,78): warning: defaulted function definitions are incompatible with C++98 [-Wc++98-compat]
[build]    40 |     output_adapter_protocol& operator=(output_adapter_protocol&&) noexcept = default;
[build]       |                                                                              ^
[build] C:\Users\pperv\code\unnamed_rpg\vendor\json\include\nlohmann/detail/output/output_adapters.hpp(45,26): warning: alias declarations are incompatible with C++98 [-Wc++98-compat]
[build]    45 | using output_adapter_t = std::shared_ptr<output_adapter_protocol<CharType>>;
[build]       |                          ^
[build] C:\Users\pperv\code\unnamed_rpg\vendor\json\include\nlohmann/detail/output/output_adapters.hpp(45,74): warning: consecutive right angle brackets are incompatible with C++98 (use '> >') [-Wc++98-compat]
[build]    45 | using output_adapter_t = std::shared_ptr<output_adapter_protocol<CharType>>;
[build]       |                                                                          ^~
[build]       |                                                                          > >
[build] C:\Users\pperv\code\unnamed_rpg\vendor\json\include\nlohmann/detail/output/output_adapters.hpp(48,77): warning: consecutive right angle brackets are incompatible with C++98 (use '> >') [-Wc++98-compat]
[build]    48 | template<typename CharType, typename AllocatorType = std::allocator<CharType>>
[build]       |                                                                             ^~
[build]       |                                                                             > >
[build] C:\Users\pperv\code\unnamed_rpg\vendor\json\include\nlohmann/detail/output/output_adapters.hpp(53,9): warning: noexcept specifications are incompatible with C++98 [-Wc++98-compat]
[build]    53 |         : v(vec)
[build]       |         ^
[build] C:\Users\pperv\code\unnamed_rpg\vendor\json\include\nlohmann/detail/output/output_adapters.hpp(56,38): warning: 'override' keyword is incompatible with C++98 [-Wc++98-compat]
[build]    56 |     void write_character(CharType c) override
[build]       |                                      ^
[build] C:\Users\pperv\code\unnamed_rpg\vendor\json\include\nlohmann/detail/output/output_adapters.hpp(62,66): warning: 'override' keyword is incompatible with C++98 [-Wc++98-compat]
[build]    62 |     void write_characters(const CharType* s, std::size_t length) override
[build]       |                                                                  ^
[build] C:\Users\pperv\code\unnamed_rpg\vendor\json\include\nlohmann/detail/output/output_adapters.hpp(78,9): warning: noexcept specifications are incompatible with C++98 [-Wc++98-compat]
[build]    78 |         : stream(s)
[build]       |         ^
[build] C:\Users\pperv\code\unnamed_rpg\vendor\json\include\nlohmann/detail/output/output_adapters.hpp(81,38): warning: 'override' keyword is incompatible with C++98 [-Wc++98-compat]
[build]    81 |     void write_character(CharType c) override
[build]       |                                      ^
[build] C:\Users\pperv\code\unnamed_rpg\vendor\json\include\nlohmann/detail/output/output_adapters.hpp(87,66): warning: 'override' keyword is incompatible with C++98 [-Wc++98-compat]
[build]    87 |     void write_characters(const CharType* s, std::size_t length) override
[build]       |                                                                  ^
[build] C:\Users\pperv\code\unnamed_rpg\vendor\json\include\nlohmann/detail/output/output_adapters.hpp(98,77): warning: consecutive right angle brackets are incompatible with C++98 (use '> >') [-Wc++98-compat]
[build]    98 | template<typename CharType, typename StringType = std::basic_string<CharType>>
[build]       |                                                                             ^~
[build]       |                                                                             > >
[build] C:\Users\pperv\code\unnamed_rpg\vendor\json\include\nlohmann/detail/output/output_adapters.hpp(103,9): warning: noexcept specifications are incompatible with C++98 [-Wc++98-compat]
[build]   103 |         : str(s)
[build]       |         ^
[build] C:\Users\pperv\code\unnamed_rpg\vendor\json\include\nlohmann/detail/output/output_adapters.hpp(106,38): warning: 'override' keyword is incompatible with C++98 [-Wc++98-compat]
[build]   106 |     void write_character(CharType c) override
[build]       |                                      ^
[build] C:\Users\pperv\code\unnamed_rpg\vendor\json\include\nlohmann/detail/output/output_adapters.hpp(112,66): warning: 'override' keyword is incompatible with C++98 [-Wc++98-compat]
[build]   112 |     void write_characters(const CharType* s, std::size_t length) override
[build]       |                                                                  ^
[build] C:\Users\pperv\code\unnamed_rpg\vendor\json\include\nlohmann/detail/output/output_adapters.hpp(121,77): warning: consecutive right angle brackets are incompatible with C++98 (use '> >') [-Wc++98-compat]
[build]   121 | template<typename CharType, typename StringType = std::basic_string<CharType>>
[build]       |                                                                             ^~
[build]       |                                                                             > >
[build] C:\Users\pperv\code\unnamed_rpg\vendor\json\include\nlohmann/detail/output/output_adapters.hpp(125,62): warning: consecutive right angle brackets are incompatible with C++98 (use '> >') [-Wc++98-compat]
[build]   125 |     template<typename AllocatorType = std::allocator<CharType>>
[build]       |                                                              ^~
[build]       |                                                              > >
[build] C:\Users\pperv\code\unnamed_rpg\vendor\json\include\nlohmann/detail/output/output_adapters.hpp(125,23): warning: default template arguments for a function template are incompatible with C++98 [-Wc++98-compat]
[build]   125 |     template<typename AllocatorType = std::allocator<CharType>>
[build]       |                       ^               ~~~~~~~~~~~~~~~~~~~~~~~~
[build] C:\Users\pperv\code\unnamed_rpg\vendor\json\include\nlohmann/detail/output/output_adapters.hpp(143,35): warning: default member initializer for non-static data members is incompatible with C++98 [-Wc++98-compat]
[build]   143 |     output_adapter_t<CharType> oa = nullptr;
[build]       |                                   ^
[build] C:\Users\pperv\code\unnamed_rpg\vendor\json\include\nlohmann/detail/output/output_adapters.hpp(143,37): warning: 'nullptr' is incompatible with C++98 [-Wc++98-compat]
[build]   143 |     output_adapter_t<CharType> oa = nullptr;
[build]       |                                     ^
[build] In file included from C:\Users\pperv\code\unnamed_rpg\vendor\json-schema-validator\src\json-validator.cpp:9:
[build] In file included from C:\Users\pperv\code\unnamed_rpg\vendor\json-schema-validator\src\nlohmann/json-schema.hpp:24:
[build] In file included from C:\Users\pperv\code\unnamed_rpg\vendor\json\include\nlohmann/json.hpp:68:
[build] C:\Users\pperv\code\unnamed_rpg\vendor\json\include\nlohmann/detail/output/binary_writer.hpp(27,1): warning: empty macro arguments are incompatible with C++98 [-Wc++98-compat-pedantic]
[build]    27 | NLOHMANN_JSON_NAMESPACE_BEGIN
[build]       | ^
[build] C:\Users\pperv\code\unnamed_rpg\vendor\json\include\nlohmann/detail/abi_macros.hpp(102,17): note: expanded from macro 'NLOHMANN_JSON_NAMESPACE_BEGIN'
[build]   102 |                 NLOHMANN_JSON_ABI_TAGS,              \
[build]       |                 ^
[build] C:\Users\pperv\code\unnamed_rpg\vendor\json\include\nlohmann/detail/abi_macros.hpp(65,5): note: expanded from macro 'NLOHMANN_JSON_ABI_TAGS'
[build]    65 |     NLOHMANN_JSON_ABI_TAGS_CONCAT(                                   \
[build]       |     ^
[build] C:\Users\pperv\code\unnamed_rpg\vendor\json\include\nlohmann/detail/abi_macros.hpp(62,39): note: expanded from macro 'NLOHMANN_JSON_ABI_TAGS_CONCAT'
[build]    62 |     NLOHMANN_JSON_ABI_TAGS_CONCAT_EX(a, b, c)
[build]       |                                       ^
[build] In file included from C:\Users\pperv\code\unnamed_rpg\vendor\json-schema-validator\src\json-validator.cpp:9:
[build] In file included from C:\Users\pperv\code\unnamed_rpg\vendor\json-schema-validator\src\nlohmann/json-schema.hpp:24:
[build] In file included from C:\Users\pperv\code\unnamed_rpg\vendor\json\include\nlohmann/json.hpp:68:
[build] C:\Users\pperv\code\unnamed_rpg\vendor\json\include\nlohmann/detail/output/binary_writer.hpp(27,1): warning: empty macro arguments are incompatible with C++98 [-Wc++98-compat-pedantic]
[build] C:\Users\pperv\code\unnamed_rpg\vendor\json\include\nlohmann/detail/abi_macros.hpp(102,17): note: expanded from macro 'NLOHMANN_JSON_NAMESPACE_BEGIN'
[build]   102 |                 NLOHMANN_JSON_ABI_TAGS,              \
[build]       |                 ^
[build] C:\Users\pperv\code\unnamed_rpg\vendor\json\include\nlohmann/detail/abi_macros.hpp(65,5): note: expanded from macro 'NLOHMANN_JSON_ABI_TAGS'
[build]    65 |     NLOHMANN_JSON_ABI_TAGS_CONCAT(                                   \
[build]       |     ^
[build] C:\Users\pperv\code\unnamed_rpg\vendor\json\include\nlohmann/detail/abi_macros.hpp(62,42): note: expanded from macro 'NLOHMANN_JSON_ABI_TAGS_CONCAT'
[build]    62 |     NLOHMANN_JSON_ABI_TAGS_CONCAT_EX(a, b, c)
[build]       |                                          ^
[build] In file included from C:\Users\pperv\code\unnamed_rpg\vendor\json-schema-validator\src\json-validator.cpp:9:
[build] In file included from C:\Users\pperv\code\unnamed_rpg\vendor\json-schema-validator\src\nlohmann/json-schema.hpp:24:
[build] In file included from C:\Users\pperv\code\unnamed_rpg\vendor\json\include\nlohmann/json.hpp:68:
[build] C:\Users\pperv\code\unnamed_rpg\vendor\json\include\nlohmann/detail/output/binary_writer.hpp(27,1): warning: empty macro arguments are incompatible with C++98 [-Wc++98-compat-pedantic]
[build] C:\Users\pperv\code\unnamed_rpg\vendor\json\include\nlohmann/detail/abi_macros.hpp(102,17): note: expanded from macro 'NLOHMANN_JSON_NAMESPACE_BEGIN'
[build]   102 |                 NLOHMANN_JSON_ABI_TAGS,              \
[build]       |                 ^
[build] C:\Users\pperv\code\unnamed_rpg\vendor\json\include\nlohmann/detail/abi_macros.hpp(65,5): note: expanded from macro 'NLOHMANN_JSON_ABI_TAGS'
[build]    65 |     NLOHMANN_JSON_ABI_TAGS_CONCAT(                                   \
[build]       |     ^
[build] C:\Users\pperv\code\unnamed_rpg\vendor\json\include\nlohmann/detail/abi_macros.hpp(62,45): note: expanded from macro 'NLOHMANN_JSON_ABI_TAGS_CONCAT'
[build]    62 |     NLOHMANN_JSON_ABI_TAGS_CONCAT_EX(a, b, c)
[build]       |                                             ^
[build] In file included from C:\Users\pperv\code\unnamed_rpg\vendor\json-schema-validator\src\json-validator.cpp:9:
[build] In file included from C:\Users\pperv\code\unnamed_rpg\vendor\json-schema-validator\src\nlohmann/json-schema.hpp:24:
[build] In file included from C:\Users\pperv\code\unnamed_rpg\vendor\json\include\nlohmann/json.hpp:68:
[build] C:\Users\pperv\code\unnamed_rpg\vendor\json\include\nlohmann/detail/output/binary_writer.hpp(27,1): warning: inline namespaces are incompatible with C++98 [-Wc++98-compat]
[build] C:\Users\pperv\code\unnamed_rpg\vendor\json\include\nlohmann/detail/abi_macros.hpp(101,5): note: expanded from macro 'NLOHMANN_JSON_NAMESPACE_BEGIN'
[build]   101 |     inline namespace NLOHMANN_JSON_NAMESPACE_CONCAT( \
[build]       |     ^
[build] In file included from C:\Users\pperv\code\unnamed_rpg\vendor\json-schema-validator\src\json-validator.cpp:9:
[build] In file included from C:\Users\pperv\code\unnamed_rpg\vendor\json-schema-validator\src\nlohmann/json-schema.hpp:24:
[build] In file included from C:\Users\pperv\code\unnamed_rpg\vendor\json\include\nlohmann/json.hpp:68:
[build] C:\Users\pperv\code\unnamed_rpg\vendor\json\include\nlohmann/detail/output/binary_writer.hpp(32,6): warning: scoped enumerations are incompatible with C++98 [-Wc++98-compat]
[build]    32 | enum class bjdata_version_t
[build]       |      ^
[build] C:\Users\pperv\code\unnamed_rpg\vendor\json\include\nlohmann/detail/output/binary_writer.hpp(35,11): warning: commas at the end of enumerator lists are incompatible with C++98 [-Wc++98-compat-pedantic]
[build]    35 |     draft3,
[build]       |           ^
[build] C:\Users\pperv\code\unnamed_rpg\vendor\json\include\nlohmann/detail/output/binary_writer.hpp(48,22): warning: alias declarations are incompatible with C++98 [-Wc++98-compat]
[build]    48 |     using string_t = typename BasicJsonType::string_t;
[build]       |                      ^
[build] C:\Users\pperv\code\unnamed_rpg\vendor\json\include\nlohmann/detail/output/binary_writer.hpp(49,22): warning: alias declarations are incompatible with C++98 [-Wc++98-compat]
[build]    49 |     using binary_t = typename BasicJsonType::binary_t;
[build]       |                      ^
[build] C:\Users\pperv\code\unnamed_rpg\vendor\json\include\nlohmann/detail/output/binary_writer.hpp(50,28): warning: alias declarations are incompatible with C++98 [-Wc++98-compat]
[build]    50 |     using number_float_t = typename BasicJsonType::number_float_t;
[build]       |                            ^
[build] C:\Users\pperv\code\unnamed_rpg\vendor\json\include\nlohmann/detail/output/binary_writer.hpp(1099,12): warning: 'constexpr' specifier is incompatible with C++98 [-Wc++98-compat]
[build]  1099 |     static constexpr std::size_t calc_bson_unsigned_size(const std::uint64_t value) noexcept
[build]       |            ^
[build] C:\Users\pperv\code\unnamed_rpg\vendor\json\include\nlohmann/detail/output/binary_writer.hpp(1100,5): warning: noexcept specifications are incompatible with C++98 [-Wc++98-compat]
[build]  1100 |     {
[build]       |     ^
[build] C:\Users\pperv\code\unnamed_rpg\vendor\json\include\nlohmann/detail/output/binary_writer.hpp(1325,12): warning: 'constexpr' specifier is incompatible with C++98 [-Wc++98-compat]
[build]  1325 |     static constexpr CharType get_cbor_float_prefix(float /*unused*/)
[build]       |            ^
[build] C:\Users\pperv\code\unnamed_rpg\vendor\json\include\nlohmann/detail/output/binary_writer.hpp(1330,12): warning: 'constexpr' specifier is incompatible with C++98 [-Wc++98-compat]
[build]  1330 |     static constexpr CharType get_cbor_float_prefix(double /*unused*/)
[build]       |            ^
[build] C:\Users\pperv\code\unnamed_rpg\vendor\json\include\nlohmann/detail/output/binary_writer.hpp(1339,12): warning: 'constexpr' specifier is incompatible with C++98 [-Wc++98-compat]
[build]  1339 |     static constexpr CharType get_msgpack_float_prefix(float /*unused*/)
[build]       |            ^
[build] C:\Users\pperv\code\unnamed_rpg\vendor\json\include\nlohmann/detail/output/binary_writer.hpp(1344,12): warning: 'constexpr' specifier is incompatible with C++98 [-Wc++98-compat]
[build]  1344 |     static constexpr CharType get_msgpack_float_prefix(double /*unused*/)
[build]       |            ^
[build] C:\Users\pperv\code\unnamed_rpg\vendor\json\include\nlohmann/detail/output/binary_writer.hpp(1355,72): warning: default template arguments for a function template are incompatible with C++98 [-Wc++98-compat]
[build]  1355 |                  std::is_floating_point<NumberType>::value, int>::type = 0>
[build]       |                                                                        ^ ~
[build] C:\Users\pperv\code\unnamed_rpg\vendor\json\include\nlohmann/detail/output/binary_writer.hpp(1369,66): warning: default template arguments for a function template are incompatible with C++98 [-Wc++98-compat]
[build]  1369 |                  std::is_unsigned<NumberType>::value, int>::type = 0>
[build]       |                                                                  ^ ~
[build] C:\Users\pperv\code\unnamed_rpg\vendor\json\include\nlohmann/detail/output/binary_writer.hpp(1457,76): warning: default template arguments for a function template are incompatible with C++98 [-Wc++98-compat]
[build]  1457 |                    !std::is_floating_point<NumberType>::value, int >::type = 0 >
[build]       |                                                                            ^ ~
[build] C:\Users\pperv\code\unnamed_rpg\vendor\json\include\nlohmann/detail/output/binary_writer.hpp(1540,5): warning: noexcept specifications are incompatible with C++98 [-Wc++98-compat]
[build]  1540 |     {
[build]       |     ^
[build] C:\Users\pperv\code\unnamed_rpg\vendor\json\include\nlohmann/detail/output/binary_writer.hpp(1640,12): warning: 'constexpr' specifier is incompatible with C++98 [-Wc++98-compat]
[build]  1640 |     static constexpr CharType get_ubjson_float_prefix(float /*unused*/)
[build]       |            ^
[build] C:\Users\pperv\code\unnamed_rpg\vendor\json\include\nlohmann/detail/output/binary_writer.hpp(1645,12): warning: 'constexpr' specifier is incompatible with C++98 [-Wc++98-compat]
[build]  1645 |     static constexpr CharType get_ubjson_float_prefix(double /*unused*/)
[build]       |            ^
[build] C:\Users\pperv\code\unnamed_rpg\vendor\json\include\nlohmann/detail/output/binary_writer.hpp(1874,92): warning: 'nullptr' is incompatible with C++98 [-Wc++98-compat]
[build]  1874 |                enable_if_t < std::is_signed<C>::value && std::is_signed<char>::value > * = nullptr >
[build]       |                                                                                            ^
[build] C:\Users\pperv\code\unnamed_rpg\vendor\json\include\nlohmann/detail/output/binary_writer.hpp(1875,12): warning: 'constexpr' specifier is incompatible with C++98 [-Wc++98-compat]
[build]  1875 |     static constexpr CharType to_char_type(std::uint8_t x) noexcept
[build]       |            ^
[build] C:\Users\pperv\code\unnamed_rpg\vendor\json\include\nlohmann/detail/output/binary_writer.hpp(1876,5): warning: noexcept specifications are incompatible with C++98 [-Wc++98-compat]
[build]  1876 |     {
[build]       |     ^
[build] C:\Users\pperv\code\unnamed_rpg\vendor\json\include\nlohmann/detail/output/binary_writer.hpp(1873,25): warning: default template arguments for a function template are incompatible with C++98 [-Wc++98-compat]
[build]  1873 |     template < typename C = CharType,
[build]       |                         ^   ~~~~~~~~
[build] C:\Users\pperv\code\unnamed_rpg\vendor\json\include\nlohmann/detail/output/binary_writer.hpp(1874,90): warning: default template arguments for a function template are incompatible with C++98 [-Wc++98-compat]
[build]  1874 |                enable_if_t < std::is_signed<C>::value && std::is_signed<char>::value > * = nullptr >
[build]       |                                                                                          ^ ~~~~~~~
[build] C:\Users\pperv\code\unnamed_rpg\vendor\json\include\nlohmann/detail/output/binary_writer.hpp(1881,94): warning: 'nullptr' is incompatible with C++98 [-Wc++98-compat]
[build]  1881 |                enable_if_t < std::is_signed<C>::value && std::is_unsigned<char>::value > * = nullptr >
[build]       |                                                                                              ^
[build] C:\Users\pperv\code\unnamed_rpg\vendor\json\include\nlohmann/detail/output/binary_writer.hpp(1883,5): warning: noexcept specifications are incompatible with C++98 [-Wc++98-compat]
[build]  1883 |     {
[build]       |     ^
[build] C:\Users\pperv\code\unnamed_rpg\vendor\json\include\nlohmann/detail/output/binary_writer.hpp(1880,25): warning: default template arguments for a function template are incompatible with C++98 [-Wc++98-compat]
[build]  1880 |     template < typename C = CharType,
[build]       |                         ^   ~~~~~~~~
[build] C:\Users\pperv\code\unnamed_rpg\vendor\json\include\nlohmann/detail/output/binary_writer.hpp(1881,92): warning: default template arguments for a function template are incompatible with C++98 [-Wc++98-compat]
[build]  1881 |                enable_if_t < std::is_signed<C>::value && std::is_unsigned<char>::value > * = nullptr >
[build]       |                                                                                            ^ ~~~~~~~
[build] C:\Users\pperv\code\unnamed_rpg\vendor\json\include\nlohmann/detail/output/binary_writer.hpp(1905,57): warning: 'nullptr' is incompatible with C++98 [-Wc++98-compat]
[build]  1905 |              enable_if_t<std::is_unsigned<C>::value>* = nullptr>
[build]       |                                                         ^
[build] C:\Users\pperv\code\unnamed_rpg\vendor\json\include\nlohmann/detail/output/binary_writer.hpp(1906,12): warning: 'constexpr' specifier is incompatible with C++98 [-Wc++98-compat]
[build]  1906 |     static constexpr CharType to_char_type(std::uint8_t x) noexcept
[build]       |            ^
[build] C:\Users\pperv\code\unnamed_rpg\vendor\json\include\nlohmann/detail/output/binary_writer.hpp(1907,5): warning: noexcept specifications are incompatible with C++98 [-Wc++98-compat]
[build]  1907 |     {
[build]       |     ^
[build] C:\Users\pperv\code\unnamed_rpg\vendor\json\include\nlohmann/detail/output/binary_writer.hpp(1904,23): warning: default template arguments for a function template are incompatible with C++98 [-Wc++98-compat]
[build]  1904 |     template<typename C = CharType,
[build]       |                       ^   ~~~~~~~~
[build] C:\Users\pperv\code\unnamed_rpg\vendor\json\include\nlohmann/detail/output/binary_writer.hpp(1905,55): warning: default template arguments for a function template are incompatible with C++98 [-Wc++98-compat]
[build]  1905 |              enable_if_t<std::is_unsigned<C>::value>* = nullptr>
[build]       |                                                       ^ ~~~~~~~
[build] C:\Users\pperv\code\unnamed_rpg\vendor\json\include\nlohmann/detail/output/binary_writer.hpp(1916,26): warning: 'nullptr' is incompatible with C++98 [-Wc++98-compat]
[build]  1916 |                    > * = nullptr >
[build]       |                          ^
[build] C:\Users\pperv\code\unnamed_rpg\vendor\json\include\nlohmann/detail/output/binary_writer.hpp(1917,12): warning: 'constexpr' specifier is incompatible with C++98 [-Wc++98-compat]
[build]  1917 |     static constexpr CharType to_char_type(InputCharType x) noexcept
[build]       |            ^
[build] C:\Users\pperv\code\unnamed_rpg\vendor\json\include\nlohmann/detail/output/binary_writer.hpp(1918,5): warning: noexcept specifications are incompatible with C++98 [-Wc++98-compat]
[build]  1918 |     {
[build]       |     ^
[build] C:\Users\pperv\code\unnamed_rpg\vendor\json\include\nlohmann/detail/output/binary_writer.hpp(1911,49): warning: default template arguments for a function template are incompatible with C++98 [-Wc++98-compat]
[build]  1911 |     template < typename InputCharType, typename C = CharType,
[build]       |                                                 ^   ~~~~~~~~
[build] C:\Users\pperv\code\unnamed_rpg\vendor\json\include\nlohmann/detail/output/binary_writer.hpp(1916,24): warning: default template arguments for a function template are incompatible with C++98 [-Wc++98-compat]
[build]  1916 |                    > * = nullptr >
[build]       |                        ^ ~~~~~~~
[build] C:\Users\pperv\code\unnamed_rpg\vendor\json\include\nlohmann/detail/output/binary_writer.hpp(1924,33): warning: default member initializer for non-static data members is incompatible with C++98 [-Wc++98-compat]
[build]  1924 |     const bool is_little_endian = little_endianness();
[build]       |                                 ^
[build] C:\Users\pperv\code\unnamed_rpg\vendor\json\include\nlohmann/detail/output/binary_writer.hpp(1927,35): warning: default member initializer for non-static data members is incompatible with C++98 [-Wc++98-compat]
[build]  1927 |     output_adapter_t<CharType> oa = nullptr;
[build]       |                                   ^
[build] C:\Users\pperv\code\unnamed_rpg\vendor\json\include\nlohmann/detail/output/binary_writer.hpp(749,94): warning: enumeration type in nested name specifier is incompatible with C++98 [-Wc++98-compat]
[build]   749 |                       const bool use_bjdata = false, const bjdata_version_t bjdata_version = bjdata_version_t::draft2)
[build]       |                                                                                              ^
[build] C:\Users\pperv\code\unnamed_rpg\vendor\json\include\nlohmann/detail/output/binary_writer.hpp(1927,37): warning: 'nullptr' is incompatible with C++98 [-Wc++98-compat]
[build]  1927 |     output_adapter_t<CharType> oa = nullptr;
[build]       |                                     ^
[build] In file included from C:\Users\pperv\code\unnamed_rpg\vendor\json-schema-validator\src\json-validator.cpp:9:
[build] In file included from C:\Users\pperv\code\unnamed_rpg\vendor\json-schema-validator\src\nlohmann/json-schema.hpp:24:
[build] In file included from C:\Users\pperv\code\unnamed_rpg\vendor\json\include\nlohmann/json.hpp:70:
[build] In file included from C:\Users\pperv\code\unnamed_rpg\vendor\json\include\nlohmann/detail/output/serializer.hpp:25:
[build] C:\Users\pperv\code\unnamed_rpg\vendor\json\include\nlohmann/detail/conversions/to_chars.hpp(21,1): warning: empty macro arguments are incompatible with C++98 [-Wc++98-compat-pedantic]
[build]    21 | NLOHMANN_JSON_NAMESPACE_BEGIN
[build]       | ^
[build] C:\Users\pperv\code\unnamed_rpg\vendor\json\include\nlohmann/detail/abi_macros.hpp(102,17): note: expanded from macro 'NLOHMANN_JSON_NAMESPACE_BEGIN'
[build]   102 |                 NLOHMANN_JSON_ABI_TAGS,              \
[build]       |                 ^
[build] C:\Users\pperv\code\unnamed_rpg\vendor\json\include\nlohmann/detail/abi_macros.hpp(65,5): note: expanded from macro 'NLOHMANN_JSON_ABI_TAGS'
[build]    65 |     NLOHMANN_JSON_ABI_TAGS_CONCAT(                                   \
[build]       |     ^
[build] C:\Users\pperv\code\unnamed_rpg\vendor\json\include\nlohmann/detail/abi_macros.hpp(62,39): note: expanded from macro 'NLOHMANN_JSON_ABI_TAGS_CONCAT'
[build]    62 |     NLOHMANN_JSON_ABI_TAGS_CONCAT_EX(a, b, c)
[build]       |                                       ^
[build] In file included from C:\Users\pperv\code\unnamed_rpg\vendor\json-schema-validator\src\json-validator.cpp:9:
[build] In file included from C:\Users\pperv\code\unnamed_rpg\vendor\json-schema-validator\src\nlohmann/json-schema.hpp:24:
[build] In file included from C:\Users\pperv\code\unnamed_rpg\vendor\json\include\nlohmann/json.hpp:70:
[build] In file included from C:\Users\pperv\code\unnamed_rpg\vendor\json\include\nlohmann/detail/output/serializer.hpp:25:
[build] C:\Users\pperv\code\unnamed_rpg\vendor\json\include\nlohmann/detail/conversions/to_chars.hpp(21,1): warning: empty macro arguments are incompatible with C++98 [-Wc++98-compat-pedantic]
[build] C:\Users\pperv\code\unnamed_rpg\vendor\json\include\nlohmann/detail/abi_macros.hpp(102,17): note: expanded from macro 'NLOHMANN_JSON_NAMESPACE_BEGIN'
[build]   102 |                 NLOHMANN_JSON_ABI_TAGS,              \
[build]       |                 ^
[build] C:\Users\pperv\code\unnamed_rpg\vendor\json\include\nlohmann/detail/abi_macros.hpp(65,5): note: expanded from macro 'NLOHMANN_JSON_ABI_TAGS'
[build]    65 |     NLOHMANN_JSON_ABI_TAGS_CONCAT(                                   \
[build]       |     ^
[build] C:\Users\pperv\code\unnamed_rpg\vendor\json\include\nlohmann/detail/abi_macros.hpp(62,42): note: expanded from macro 'NLOHMANN_JSON_ABI_TAGS_CONCAT'
[build]    62 |     NLOHMANN_JSON_ABI_TAGS_CONCAT_EX(a, b, c)
[build]       |                                          ^
[build] In file included from C:\Users\pperv\code\unnamed_rpg\vendor\json-schema-validator\src\json-validator.cpp:9:
[build] In file included from C:\Users\pperv\code\unnamed_rpg\vendor\json-schema-validator\src\nlohmann/json-schema.hpp:24:
[build] In file included from C:\Users\pperv\code\unnamed_rpg\vendor\json\include\nlohmann/json.hpp:70:
[build] In file included from C:\Users\pperv\code\unnamed_rpg\vendor\json\include\nlohmann/detail/output/serializer.hpp:25:
[build] C:\Users\pperv\code\unnamed_rpg\vendor\json\include\nlohmann/detail/conversions/to_chars.hpp(21,1): warning: empty macro arguments are incompatible with C++98 [-Wc++98-compat-pedantic]
[build] C:\Users\pperv\code\unnamed_rpg\vendor\json\include\nlohmann/detail/abi_macros.hpp(102,17): note: expanded from macro 'NLOHMANN_JSON_NAMESPACE_BEGIN'
[build]   102 |                 NLOHMANN_JSON_ABI_TAGS,              \
[build]       |                 ^
[build] C:\Users\pperv\code\unnamed_rpg\vendor\json\include\nlohmann/detail/abi_macros.hpp(65,5): note: expanded from macro 'NLOHMANN_JSON_ABI_TAGS'
[build]    65 |     NLOHMANN_JSON_ABI_TAGS_CONCAT(                                   \
[build]       |     ^
[build] C:\Users\pperv\code\unnamed_rpg\vendor\json\include\nlohmann/detail/abi_macros.hpp(62,45): note: expanded from macro 'NLOHMANN_JSON_ABI_TAGS_CONCAT'
[build]    62 |     NLOHMANN_JSON_ABI_TAGS_CONCAT_EX(a, b, c)
[build]       |                                             ^
[build] In file included from C:\Users\pperv\code\unnamed_rpg\vendor\json-schema-validator\src\json-validator.cpp:9:
[build] In file included from C:\Users\pperv\code\unnamed_rpg\vendor\json-schema-validator\src\nlohmann/json-schema.hpp:24:
[build] In file included from C:\Users\pperv\code\unnamed_rpg\vendor\json\include\nlohmann/json.hpp:70:
[build] In file included from C:\Users\pperv\code\unnamed_rpg\vendor\json\include\nlohmann/detail/output/serializer.hpp:25:
[build] C:\Users\pperv\code\unnamed_rpg\vendor\json\include\nlohmann/detail/conversions/to_chars.hpp(21,1): warning: inline namespaces are incompatible with C++98 [-Wc++98-compat]
[build] C:\Users\pperv\code\unnamed_rpg\vendor\json\include\nlohmann/detail/abi_macros.hpp(101,5): note: expanded from macro 'NLOHMANN_JSON_NAMESPACE_BEGIN'
[build]   101 |     inline namespace NLOHMANN_JSON_NAMESPACE_CONCAT( \
[build]       |     ^
[build] In file included from C:\Users\pperv\code\unnamed_rpg\vendor\json-schema-validator\src\json-validator.cpp:9:
[build] In file included from C:\Users\pperv\code\unnamed_rpg\vendor\json-schema-validator\src\nlohmann/json-schema.hpp:24:
[build] In file included from C:\Users\pperv\code\unnamed_rpg\vendor\json\include\nlohmann/json.hpp:70:
[build] In file included from C:\Users\pperv\code\unnamed_rpg\vendor\json\include\nlohmann/detail/output/serializer.hpp:25:
[build] C:\Users\pperv\code\unnamed_rpg\vendor\json\include\nlohmann/detail/conversions/to_chars.hpp(59,12): warning: 'constexpr' specifier is incompatible with C++98 [-Wc++98-compat]
[build]    59 |     static constexpr int kPrecision = 64; // = q
[build]       |            ^
[build] C:\Users\pperv\code\unnamed_rpg\vendor\json\include\nlohmann/detail/conversions/to_chars.hpp(61,21): warning: default member initializer for non-static data members is incompatible with C++98 [-Wc++98-compat]
[build]    61 |     std::uint64_t f = 0;
[build]       |                     ^
[build] C:\Users\pperv\code\unnamed_rpg\vendor\json\include\nlohmann/detail/conversions/to_chars.hpp(62,11): warning: default member initializer for non-static data members is incompatible with C++98 [-Wc++98-compat]
[build]    62 |     int e = 0;
[build]       |           ^
[build] C:\Users\pperv\code\unnamed_rpg\vendor\json\include\nlohmann/detail/conversions/to_chars.hpp(64,5): warning: 'constexpr' specifier is incompatible with C++98 [-Wc++98-compat]
[build]    64 |     constexpr diyfp(std::uint64_t f_, int e_) noexcept : f(f_), e(e_) {}
[build]       |     ^
[build] C:\Users\pperv\code\unnamed_rpg\vendor\json\include\nlohmann/detail/conversions/to_chars.hpp(64,56): warning: noexcept specifications are incompatible with C++98 [-Wc++98-compat]
[build]    64 |     constexpr diyfp(std::uint64_t f_, int e_) noexcept : f(f_), e(e_) {}
[build]       |                                                        ^
[build] C:\Users\pperv\code\unnamed_rpg\vendor\json\include\nlohmann/detail/conversions/to_chars.hpp(71,5): warning: noexcept specifications are incompatible with C++98 [-Wc++98-compat]
[build]    71 |     {
[build]       |     ^
[build] C:\Users\pperv\code\unnamed_rpg\vendor\json\include\nlohmann/detail/conversions/to_chars.hpp(83,5): warning: noexcept specifications are incompatible with C++98 [-Wc++98-compat]
[build]    83 |     {
[build]       |     ^
[build] C:\Users\pperv\code\unnamed_rpg\vendor\json\include\nlohmann/detail/conversions/to_chars.hpp(148,5): warning: noexcept specifications are incompatible with C++98 [-Wc++98-compat]
[build]   148 |     {
[build]       |     ^
[build] C:\Users\pperv\code\unnamed_rpg\vendor\json\include\nlohmann/detail/conversions/to_chars.hpp(165,5): warning: noexcept specifications are incompatible with C++98 [-Wc++98-compat]
[build]   165 |     {
[build]       |     ^
[build] C:\Users\pperv\code\unnamed_rpg\vendor\json\include\nlohmann/detail/conversions/to_chars.hpp(57,8): warning: padding size of 'nlohmann::detail::dtoa_impl::diyfp' with 4 bytes to alignment boundary [-Wpadded]
[build]    57 | struct diyfp // f * 2^e
[build]       |        ^
[build] C:\Users\pperv\code\unnamed_rpg\vendor\json\include\nlohmann/detail/conversions/to_chars.hpp(75,16): warning: generalized initializer lists are incompatible with C++98 [-Wc++98-compat]
[build]    75 |         return {x.f - y.f, x.e};
[build]       |                ^~~~~~~~~~~~~~~~
[build] C:\Users\pperv\code\unnamed_rpg\vendor\json\include\nlohmann/detail/conversions/to_chars.hpp(75,16): warning: constructor call from initializer list is incompatible with C++98 [-Wc++98-compat]
[build]    75 |         return {x.f - y.f, x.e};
[build]       |                ^~~~~~~~~~~~~~~~
[build] C:\Users\pperv\code\unnamed_rpg\vendor\json\include\nlohmann/detail/conversions/to_chars.hpp(84,9): warning: 'static_assert' declarations are incompatible with C++98 [-Wc++98-compat]
[build]    84 |         static_assert(kPrecision == 64, "internal error");
[build]       |         ^
[build] C:\Users\pperv\code\unnamed_rpg\vendor\json\include\nlohmann/detail/conversions/to_chars.hpp(136,27): warning: generalized initializer lists are incompatible with C++98 [-Wc++98-compat]
[build]   136 |         Q += std::uint64_t{1} << (64u - 32u - 1u); // round, ties up
[build]       |                           ^
[build] C:\Users\pperv\code\unnamed_rpg\vendor\json\include\nlohmann/detail/conversions/to_chars.hpp(140,16): warning: generalized initializer lists are incompatible with C++98 [-Wc++98-compat]
[build]   140 |         return {h, x.e + y.e + 64};
[build]       |                ^~~~~~~~~~~~~~~~~~~
[build] C:\Users\pperv\code\unnamed_rpg\vendor\json\include\nlohmann/detail/conversions/to_chars.hpp(140,16): warning: constructor call from initializer list is incompatible with C++98 [-Wc++98-compat]
[build]   140 |         return {h, x.e + y.e + 64};
[build]       |                ^~~~~~~~~~~~~~~~~~~
[build] C:\Users\pperv\code\unnamed_rpg\vendor\json\include\nlohmann/detail/conversions/to_chars.hpp(171,16): warning: generalized initializer lists are incompatible with C++98 [-Wc++98-compat]
[build]   171 |         return {x.f << delta, target_exponent};
[build]       |                ^~~~~~~~~~~~~~~~~~~~~~~~~~~~~~~
[build] C:\Users\pperv\code\unnamed_rpg\vendor\json\include\nlohmann/detail/conversions/to_chars.hpp(171,16): warning: constructor call from initializer list is incompatible with C++98 [-Wc++98-compat]
[build]   171 |         return {x.f << delta, target_exponent};
[build]       |                ^~~~~~~~~~~~~~~~~~~~~~~~~~~~~~~
[build] C:\Users\pperv\code\unnamed_rpg\vendor\json\include\nlohmann/detail/conversions/to_chars.hpp(311,1): warning: 'constexpr' specifier is incompatible with C++98 [-Wc++98-compat]
[build]   311 | constexpr int kAlpha = -60;
[build]       | ^
[build] C:\Users\pperv\code\unnamed_rpg\vendor\json\include\nlohmann/detail/conversions/to_chars.hpp(312,1): warning: 'constexpr' specifier is incompatible with C++98 [-Wc++98-compat]
[build]   312 | constexpr int kGamma = -32;
[build]       | ^
[build] C:\Users\pperv\code\unnamed_rpg\vendor\json\include\nlohmann/detail/conversions/to_chars.hpp(380,5): warning: 'constexpr' specifier is incompatible with C++98 [-Wc++98-compat]
[build]   380 |     constexpr int kCachedPowersMinDecExp = -300;
[build]       |     ^
[build] C:\Users\pperv\code\unnamed_rpg\vendor\json\include\nlohmann/detail/conversions/to_chars.hpp(381,5): warning: 'constexpr' specifier is incompatible with C++98 [-Wc++98-compat]
[build]   381 |     constexpr int kCachedPowersDecStep = 8;
[build]       |     ^
[build] C:\Users\pperv\code\unnamed_rpg\vendor\json\include\nlohmann/detail/conversions/to_chars.hpp(383,12): warning: 'constexpr' specifier is incompatible with C++98 [-Wc++98-compat]
[build]   383 |     static constexpr std::array<cached_power, 79> kCachedPowers =
[build]       |            ^
[build] C:\Users\pperv\code\unnamed_rpg\vendor\json\include\nlohmann/detail/conversions/to_chars.hpp(386,15): warning: 'long long' is incompatible with C++98 [-Wc++98-compat-pedantic]
[build]   386 |             { 0xAB70FE17C79AC6CA, -1060, -300 },
[build]       |               ^
[build] C:\Users\pperv\code\unnamed_rpg\vendor\json\include\nlohmann/detail/conversions/to_chars.hpp(387,15): warning: 'long long' is incompatible with C++98 [-Wc++98-compat-pedantic]
[build]   387 |             { 0xFF77B1FCBEBCDC4F, -1034, -292 },
[build]       |               ^
[build] C:\Users\pperv\code\unnamed_rpg\vendor\json\include\nlohmann/detail/conversions/to_chars.hpp(388,15): warning: 'long long' is incompatible with C++98 [-Wc++98-compat-pedantic]
[build]   388 |             { 0xBE5691EF416BD60C, -1007, -284 },
[build]       |               ^
[build] C:\Users\pperv\code\unnamed_rpg\vendor\json\include\nlohmann/detail/conversions/to_chars.hpp(389,15): warning: 'long long' is incompatible with C++98 [-Wc++98-compat-pedantic]
[build]   389 |             { 0x8DD01FAD907FFC3C,  -980, -276 },
[build]       |               ^
[build] C:\Users\pperv\code\unnamed_rpg\vendor\json\include\nlohmann/detail/conversions/to_chars.hpp(390,15): warning: 'long long' is incompatible with C++98 [-Wc++98-compat-pedantic]
[build]   390 |             { 0xD3515C2831559A83,  -954, -268 },
[build]       |               ^
[build] C:\Users\pperv\code\unnamed_rpg\vendor\json\include\nlohmann/detail/conversions/to_chars.hpp(391,15): warning: 'long long' is incompatible with C++98 [-Wc++98-compat-pedantic]
[build]   391 |             { 0x9D71AC8FADA6C9B5,  -927, -260 },
[build]       |               ^
[build] C:\Users\pperv\code\unnamed_rpg\vendor\json\include\nlohmann/detail/conversions/to_chars.hpp(392,15): warning: 'long long' is incompatible with C++98 [-Wc++98-compat-pedantic]
[build]   392 |             { 0xEA9C227723EE8BCB,  -901, -252 },
[build]       |               ^
[build] C:\Users\pperv\code\unnamed_rpg\vendor\json\include\nlohmann/detail/conversions/to_chars.hpp(393,15): warning: 'long long' is incompatible with C++98 [-Wc++98-compat-pedantic]
[build]   393 |             { 0xAECC49914078536D,  -874, -244 },
[build]       |               ^
[build] C:\Users\pperv\code\unnamed_rpg\vendor\json\include\nlohmann/detail/conversions/to_chars.hpp(394,15): warning: 'long long' is incompatible with C++98 [-Wc++98-compat-pedantic]
[build]   394 |             { 0x823C12795DB6CE57,  -847, -236 },
[build]       |               ^
[build] C:\Users\pperv\code\unnamed_rpg\vendor\json\include\nlohmann/detail/conversions/to_chars.hpp(395,15): warning: 'long long' is incompatible with C++98 [-Wc++98-compat-pedantic]
[build]   395 |             { 0xC21094364DFB5637,  -821, -228 },
[build]       |               ^
[build] C:\Users\pperv\code\unnamed_rpg\vendor\json\include\nlohmann/detail/conversions/to_chars.hpp(396,15): warning: 'long long' is incompatible with C++98 [-Wc++98-compat-pedantic]
[build]   396 |             { 0x9096EA6F3848984F,  -794, -220 },
[build]       |               ^
[build] C:\Users\pperv\code\unnamed_rpg\vendor\json\include\nlohmann/detail/conversions/to_chars.hpp(397,15): warning: 'long long' is incompatible with C++98 [-Wc++98-compat-pedantic]
[build]   397 |             { 0xD77485CB25823AC7,  -768, -212 },
[build]       |               ^
[build] C:\Users\pperv\code\unnamed_rpg\vendor\json\include\nlohmann/detail/conversions/to_chars.hpp(398,15): warning: 'long long' is incompatible with C++98 [-Wc++98-compat-pedantic]
[build]   398 |             { 0xA086CFCD97BF97F4,  -741, -204 },
[build]       |               ^
[build] C:\Users\pperv\code\unnamed_rpg\vendor\json\include\nlohmann/detail/conversions/to_chars.hpp(399,15): warning: 'long long' is incompatible with C++98 [-Wc++98-compat-pedantic]
[build]   399 |             { 0xEF340A98172AACE5,  -715, -196 },
[build]       |               ^
[build] C:\Users\pperv\code\unnamed_rpg\vendor\json\include\nlohmann/detail/conversions/to_chars.hpp(400,15): warning: 'long long' is incompatible with C++98 [-Wc++98-compat-pedantic]
[build]   400 |             { 0xB23867FB2A35B28E,  -688, -188 },
[build]       |               ^
[build] C:\Users\pperv\code\unnamed_rpg\vendor\json\include\nlohmann/detail/conversions/to_chars.hpp(401,15): warning: 'long long' is incompatible with C++98 [-Wc++98-compat-pedantic]
[build]   401 |             { 0x84C8D4DFD2C63F3B,  -661, -180 },
[build]       |               ^
[build] C:\Users\pperv\code\unnamed_rpg\vendor\json\include\nlohmann/detail/conversions/to_chars.hpp(402,15): warning: 'long long' is incompatible with C++98 [-Wc++98-compat-pedantic]
[build]   402 |             { 0xC5DD44271AD3CDBA,  -635, -172 },
[build]       |               ^
[build] C:\Users\pperv\code\unnamed_rpg\vendor\json\include\nlohmann/detail/conversions/to_chars.hpp(403,15): warning: 'long long' is incompatible with C++98 [-Wc++98-compat-pedantic]
[build]   403 |             { 0x936B9FCEBB25C996,  -608, -164 },
[build]       |               ^
[build] C:\Users\pperv\code\unnamed_rpg\vendor\json\include\nlohmann/detail/conversions/to_chars.hpp(404,15): warning: 'long long' is incompatible with C++98 [-Wc++98-compat-pedantic]
[build]   404 |             { 0xDBAC6C247D62A584,  -582, -156 },
[build]       |               ^
[build] C:\Users\pperv\code\unnamed_rpg\vendor\json\include\nlohmann/detail/conversions/to_chars.hpp(405,15): warning: 'long long' is incompatible with C++98 [-Wc++98-compat-pedantic]
[build]   405 |             { 0xA3AB66580D5FDAF6,  -555, -148 },
[build]       |               ^
[build] C:\Users\pperv\code\unnamed_rpg\vendor\json\include\nlohmann/detail/conversions/to_chars.hpp(406,15): warning: 'long long' is incompatible with C++98 [-Wc++98-compat-pedantic]
[build]   406 |             { 0xF3E2F893DEC3F126,  -529, -140 },
[build]       |               ^
[build] C:\Users\pperv\code\unnamed_rpg\vendor\json\include\nlohmann/detail/conversions/to_chars.hpp(407,15): warning: 'long long' is incompatible with C++98 [-Wc++98-compat-pedantic]
[build]   407 |             { 0xB5B5ADA8AAFF80B8,  -502, -132 },
[build]       |               ^
[build] C:\Users\pperv\code\unnamed_rpg\vendor\json\include\nlohmann/detail/conversions/to_chars.hpp(408,15): warning: 'long long' is incompatible with C++98 [-Wc++98-compat-pedantic]
[build]   408 |             { 0x87625F056C7C4A8B,  -475, -124 },
[build]       |               ^
[build] C:\Users\pperv\code\unnamed_rpg\vendor\json\include\nlohmann/detail/conversions/to_chars.hpp(409,15): warning: 'long long' is incompatible with C++98 [-Wc++98-compat-pedantic]
[build]   409 |             { 0xC9BCFF6034C13053,  -449, -116 },
[build]       |               ^
[build] C:\Users\pperv\code\unnamed_rpg\vendor\json\include\nlohmann/detail/conversions/to_chars.hpp(410,15): warning: 'long long' is incompatible with C++98 [-Wc++98-compat-pedantic]
[build]   410 |             { 0x964E858C91BA2655,  -422, -108 },
[build]       |               ^
[build] C:\Users\pperv\code\unnamed_rpg\vendor\json\include\nlohmann/detail/conversions/to_chars.hpp(411,15): warning: 'long long' is incompatible with C++98 [-Wc++98-compat-pedantic]
[build]   411 |             { 0xDFF9772470297EBD,  -396, -100 },
[build]       |               ^
[build] C:\Users\pperv\code\unnamed_rpg\vendor\json\include\nlohmann/detail/conversions/to_chars.hpp(412,15): warning: 'long long' is incompatible with C++98 [-Wc++98-compat-pedantic]
[build]   412 |             { 0xA6DFBD9FB8E5B88F,  -369,  -92 },
[build]       |               ^
[build] C:\Users\pperv\code\unnamed_rpg\vendor\json\include\nlohmann/detail/conversions/to_chars.hpp(413,15): warning: 'long long' is incompatible with C++98 [-Wc++98-compat-pedantic]
[build]   413 |             { 0xF8A95FCF88747D94,  -343,  -84 },
[build]       |               ^
[build] C:\Users\pperv\code\unnamed_rpg\vendor\json\include\nlohmann/detail/conversions/to_chars.hpp(414,15): warning: 'long long' is incompatible with C++98 [-Wc++98-compat-pedantic]
[build]   414 |             { 0xB94470938FA89BCF,  -316,  -76 },
[build]       |               ^
[build] C:\Users\pperv\code\unnamed_rpg\vendor\json\include\nlohmann/detail/conversions/to_chars.hpp(415,15): warning: 'long long' is incompatible with C++98 [-Wc++98-compat-pedantic]
[build]   415 |             { 0x8A08F0F8BF0F156B,  -289,  -68 },
[build]       |               ^
[build] C:\Users\pperv\code\unnamed_rpg\vendor\json\include\nlohmann/detail/conversions/to_chars.hpp(416,15): warning: 'long long' is incompatible with C++98 [-Wc++98-compat-pedantic]
[build]   416 |             { 0xCDB02555653131B6,  -263,  -60 },
[build]       |               ^
[build] C:\Users\pperv\code\unnamed_rpg\vendor\json\include\nlohmann/detail/conversions/to_chars.hpp(417,15): warning: 'long long' is incompatible with C++98 [-Wc++98-compat-pedantic]
[build]   417 |             { 0x993FE2C6D07B7FAC,  -236,  -52 },
[build]       |               ^
[build] C:\Users\pperv\code\unnamed_rpg\vendor\json\include\nlohmann/detail/conversions/to_chars.hpp(418,15): warning: 'long long' is incompatible with C++98 [-Wc++98-compat-pedantic]
[build]   418 |             { 0xE45C10C42A2B3B06,  -210,  -44 },
[build]       |               ^
[build] C:\Users\pperv\code\unnamed_rpg\vendor\json\include\nlohmann/detail/conversions/to_chars.hpp(419,15): warning: 'long long' is incompatible with C++98 [-Wc++98-compat-pedantic]
[build]   419 |             { 0xAA242499697392D3,  -183,  -36 },
[build]       |               ^
[build] C:\Users\pperv\code\unnamed_rpg\vendor\json\include\nlohmann/detail/conversions/to_chars.hpp(420,15): warning: 'long long' is incompatible with C++98 [-Wc++98-compat-pedantic]
[build]   420 |             { 0xFD87B5F28300CA0E,  -157,  -28 },
[build]       |               ^
[build] C:\Users\pperv\code\unnamed_rpg\vendor\json\include\nlohmann/detail/conversions/to_chars.hpp(421,15): warning: 'long long' is incompatible with C++98 [-Wc++98-compat-pedantic]
[build]   421 |             { 0xBCE5086492111AEB,  -130,  -20 },
[build]       |               ^
[build] C:\Users\pperv\code\unnamed_rpg\vendor\json\include\nlohmann/detail/conversions/to_chars.hpp(422,15): warning: 'long long' is incompatible with C++98 [-Wc++98-compat-pedantic]
[build]   422 |             { 0x8CBCCC096F5088CC,  -103,  -12 },
[build]       |               ^
[build] C:\Users\pperv\code\unnamed_rpg\vendor\json\include\nlohmann/detail/conversions/to_chars.hpp(423,15): warning: 'long long' is incompatible with C++98 [-Wc++98-compat-pedantic]
[build]   423 |             { 0xD1B71758E219652C,   -77,   -4 },
[build]       |               ^
[build] C:\Users\pperv\code\unnamed_rpg\vendor\json\include\nlohmann/detail/conversions/to_chars.hpp(424,15): warning: 'long long' is incompatible with C++98 [-Wc++98-compat-pedantic]
[build]   424 |             { 0x9C40000000000000,   -50,    4 },
[build]       |               ^
[build] C:\Users\pperv\code\unnamed_rpg\vendor\json\include\nlohmann/detail/conversions/to_chars.hpp(425,15): warning: 'long long' is incompatible with C++98 [-Wc++98-compat-pedantic]
[build]   425 |             { 0xE8D4A51000000000,   -24,   12 },
[build]       |               ^
[build] C:\Users\pperv\code\unnamed_rpg\vendor\json\include\nlohmann/detail/conversions/to_chars.hpp(426,15): warning: 'long long' is incompatible with C++98 [-Wc++98-compat-pedantic]
[build]   426 |             { 0xAD78EBC5AC620000,     3,   20 },
[build]       |               ^
[build] C:\Users\pperv\code\unnamed_rpg\vendor\json\include\nlohmann/detail/conversions/to_chars.hpp(427,15): warning: 'long long' is incompatible with C++98 [-Wc++98-compat-pedantic]
[build]   427 |             { 0x813F3978F8940984,    30,   28 },
[build]       |               ^
[build] C:\Users\pperv\code\unnamed_rpg\vendor\json\include\nlohmann/detail/conversions/to_chars.hpp(428,15): warning: 'long long' is incompatible with C++98 [-Wc++98-compat-pedantic]
[build]   428 |             { 0xC097CE7BC90715B3,    56,   36 },
[build]       |               ^
[build] C:\Users\pperv\code\unnamed_rpg\vendor\json\include\nlohmann/detail/conversions/to_chars.hpp(429,15): warning: 'long long' is incompatible with C++98 [-Wc++98-compat-pedantic]
[build]   429 |             { 0x8F7E32CE7BEA5C70,    83,   44 },
[build]       |               ^
[build] C:\Users\pperv\code\unnamed_rpg\vendor\json\include\nlohmann/detail/conversions/to_chars.hpp(430,15): warning: 'long long' is incompatible with C++98 [-Wc++98-compat-pedantic]
[build]   430 |             { 0xD5D238A4ABE98068,   109,   52 },
[build]       |               ^
[build] C:\Users\pperv\code\unnamed_rpg\vendor\json\include\nlohmann/detail/conversions/to_chars.hpp(431,15): warning: 'long long' is incompatible with C++98 [-Wc++98-compat-pedantic]
[build]   431 |             { 0x9F4F2726179A2245,   136,   60 },
[build]       |               ^
[build] C:\Users\pperv\code\unnamed_rpg\vendor\json\include\nlohmann/detail/conversions/to_chars.hpp(432,15): warning: 'long long' is incompatible with C++98 [-Wc++98-compat-pedantic]
[build]   432 |             { 0xED63A231D4C4FB27,   162,   68 },
[build]       |               ^
[build] C:\Users\pperv\code\unnamed_rpg\vendor\json\include\nlohmann/detail/conversions/to_chars.hpp(433,15): warning: 'long long' is incompatible with C++98 [-Wc++98-compat-pedantic]
[build]   433 |             { 0xB0DE65388CC8ADA8,   189,   76 },
[build]       |               ^
[build] C:\Users\pperv\code\unnamed_rpg\vendor\json\include\nlohmann/detail/conversions/to_chars.hpp(434,15): warning: 'long long' is incompatible with C++98 [-Wc++98-compat-pedantic]
[build]   434 |             { 0x83C7088E1AAB65DB,   216,   84 },
[build]       |               ^
[build] C:\Users\pperv\code\unnamed_rpg\vendor\json\include\nlohmann/detail/conversions/to_chars.hpp(435,15): warning: 'long long' is incompatible with C++98 [-Wc++98-compat-pedantic]
[build]   435 |             { 0xC45D1DF942711D9A,   242,   92 },
[build]       |               ^
[build] C:\Users\pperv\code\unnamed_rpg\vendor\json\include\nlohmann/detail/conversions/to_chars.hpp(436,15): warning: 'long long' is incompatible with C++98 [-Wc++98-compat-pedantic]
[build]   436 |             { 0x924D692CA61BE758,   269,  100 },
[build]       |               ^
[build] C:\Users\pperv\code\unnamed_rpg\vendor\json\include\nlohmann/detail/conversions/to_chars.hpp(437,15): warning: 'long long' is incompatible with C++98 [-Wc++98-compat-pedantic]
[build]   437 |             { 0xDA01EE641A708DEA,   295,  108 },
[build]       |               ^
[build] C:\Users\pperv\code\unnamed_rpg\vendor\json\include\nlohmann/detail/conversions/to_chars.hpp(438,15): warning: 'long long' is incompatible with C++98 [-Wc++98-compat-pedantic]
[build]   438 |             { 0xA26DA3999AEF774A,   322,  116 },
[build]       |               ^
[build] C:\Users\pperv\code\unnamed_rpg\vendor\json\include\nlohmann/detail/conversions/to_chars.hpp(439,15): warning: 'long long' is incompatible with C++98 [-Wc++98-compat-pedantic]
[build]   439 |             { 0xF209787BB47D6B85,   348,  124 },
[build]       |               ^
[build] C:\Users\pperv\code\unnamed_rpg\vendor\json\include\nlohmann/detail/conversions/to_chars.hpp(440,15): warning: 'long long' is incompatible with C++98 [-Wc++98-compat-pedantic]
[build]   440 |             { 0xB454E4A179DD1877,   375,  132 },
[build]       |               ^
[build] C:\Users\pperv\code\unnamed_rpg\vendor\json\include\nlohmann/detail/conversions/to_chars.hpp(441,15): warning: 'long long' is incompatible with C++98 [-Wc++98-compat-pedantic]
[build]   441 |             { 0x865B86925B9BC5C2,   402,  140 },
[build]       |               ^
[build] C:\Users\pperv\code\unnamed_rpg\vendor\json\include\nlohmann/detail/conversions/to_chars.hpp(442,15): warning: 'long long' is incompatible with C++98 [-Wc++98-compat-pedantic]
[build]   442 |             { 0xC83553C5C8965D3D,   428,  148 },
[build]       |               ^
[build] C:\Users\pperv\code\unnamed_rpg\vendor\json\include\nlohmann/detail/conversions/to_chars.hpp(443,15): warning: 'long long' is incompatible with C++98 [-Wc++98-compat-pedantic]
[build]   443 |             { 0x952AB45CFA97A0B3,   455,  156 },
[build]       |               ^
[build] C:\Users\pperv\code\unnamed_rpg\vendor\json\include\nlohmann/detail/conversions/to_chars.hpp(444,15): warning: 'long long' is incompatible with C++98 [-Wc++98-compat-pedantic]
[build]   444 |             { 0xDE469FBD99A05FE3,   481,  164 },
[build]       |               ^
[build] C:\Users\pperv\code\unnamed_rpg\vendor\json\include\nlohmann/detail/conversions/to_chars.hpp(445,15): warning: 'long long' is incompatible with C++98 [-Wc++98-compat-pedantic]
[build]   445 |             { 0xA59BC234DB398C25,   508,  172 },
[build]       |               ^
[build] C:\Users\pperv\code\unnamed_rpg\vendor\json\include\nlohmann/detail/conversions/to_chars.hpp(446,15): warning: 'long long' is incompatible with C++98 [-Wc++98-compat-pedantic]
[build]   446 |             { 0xF6C69A72A3989F5C,   534,  180 },
[build]       |               ^
[build] C:\Users\pperv\code\unnamed_rpg\vendor\json\include\nlohmann/detail/conversions/to_chars.hpp(447,15): warning: 'long long' is incompatible with C++98 [-Wc++98-compat-pedantic]
[build]   447 |             { 0xB7DCBF5354E9BECE,   561,  188 },
[build]       |               ^
[build] C:\Users\pperv\code\unnamed_rpg\vendor\json\include\nlohmann/detail/conversions/to_chars.hpp(448,15): warning: 'long long' is incompatible with C++98 [-Wc++98-compat-pedantic]
[build]   448 |             { 0x88FCF317F22241E2,   588,  196 },
[build]       |               ^
[build] C:\Users\pperv\code\unnamed_rpg\vendor\json\include\nlohmann/detail/conversions/to_chars.hpp(449,15): warning: 'long long' is incompatible with C++98 [-Wc++98-compat-pedantic]
[build]   449 |             { 0xCC20CE9BD35C78A5,   614,  204 },
[build]       |               ^
[build] C:\Users\pperv\code\unnamed_rpg\vendor\json\include\nlohmann/detail/conversions/to_chars.hpp(450,15): warning: 'long long' is incompatible with C++98 [-Wc++98-compat-pedantic]
[build]   450 |             { 0x98165AF37B2153DF,   641,  212 },
[build]       |               ^
[build] C:\Users\pperv\code\unnamed_rpg\vendor\json\include\nlohmann/detail/conversions/to_chars.hpp(451,15): warning: 'long long' is incompatible with C++98 [-Wc++98-compat-pedantic]
[build]   451 |             { 0xE2A0B5DC971F303A,   667,  220 },
[build]       |               ^
[build] C:\Users\pperv\code\unnamed_rpg\vendor\json\include\nlohmann/detail/conversions/to_chars.hpp(452,15): warning: 'long long' is incompatible with C++98 [-Wc++98-compat-pedantic]
[build]   452 |             { 0xA8D9D1535CE3B396,   694,  228 },
[build]       |               ^
[build] C:\Users\pperv\code\unnamed_rpg\vendor\json\include\nlohmann/detail/conversions/to_chars.hpp(453,15): warning: 'long long' is incompatible with C++98 [-Wc++98-compat-pedantic]
[build]   453 |             { 0xFB9B7CD9A4A7443C,   720,  236 },
[build]       |               ^
[build] C:\Users\pperv\code\unnamed_rpg\vendor\json\include\nlohmann/detail/conversions/to_chars.hpp(454,15): warning: 'long long' is incompatible with C++98 [-Wc++98-compat-pedantic]
[build]   454 |             { 0xBB764C4CA7A44410,   747,  244 },
[build]       |               ^
[build] C:\Users\pperv\code\unnamed_rpg\vendor\json\include\nlohmann/detail/conversions/to_chars.hpp(455,15): warning: 'long long' is incompatible with C++98 [-Wc++98-compat-pedantic]
[build]   455 |             { 0x8BAB8EEFB6409C1A,   774,  252 },
[build]       |               ^
[build] C:\Users\pperv\code\unnamed_rpg\vendor\json\include\nlohmann/detail/conversions/to_chars.hpp(456,15): warning: 'long long' is incompatible with C++98 [-Wc++98-compat-pedantic]
[build]   456 |             { 0xD01FEF10A657842C,   800,  260 },
[build]       |               ^
[build] C:\Users\pperv\code\unnamed_rpg\vendor\json\include\nlohmann/detail/conversions/to_chars.hpp(457,15): warning: 'long long' is incompatible with C++98 [-Wc++98-compat-pedantic]
[build]   457 |             { 0x9B10A4E5E9913129,   827,  268 },
[build]       |               ^
[build] C:\Users\pperv\code\unnamed_rpg\vendor\json\include\nlohmann/detail/conversions/to_chars.hpp(458,15): warning: 'long long' is incompatible with C++98 [-Wc++98-compat-pedantic]
[build]   458 |             { 0xE7109BFBA19C0C9D,   853,  276 },
[build]       |               ^
[build] C:\Users\pperv\code\unnamed_rpg\vendor\json\include\nlohmann/detail/conversions/to_chars.hpp(459,15): warning: 'long long' is incompatible with C++98 [-Wc++98-compat-pedantic]
[build]   459 |             { 0xAC2820D9623BF429,   880,  284 },
[build]       |               ^
[build] C:\Users\pperv\code\unnamed_rpg\vendor\json\include\nlohmann/detail/conversions/to_chars.hpp(460,15): warning: 'long long' is incompatible with C++98 [-Wc++98-compat-pedantic]
[build]   460 |             { 0x80444B5E7AA7CF85,   907,  292 },
[build]       |               ^
[build] C:\Users\pperv\code\unnamed_rpg\vendor\json\include\nlohmann/detail/conversions/to_chars.hpp(461,15): warning: 'long long' is incompatible with C++98 [-Wc++98-compat-pedantic]
[build]   461 |             { 0xBF21E44003ACDD2D,   933,  300 },
[build]       |               ^
[build] C:\Users\pperv\code\unnamed_rpg\vendor\json\include\nlohmann/detail/conversions/to_chars.hpp(462,15): warning: 'long long' is incompatible with C++98 [-Wc++98-compat-pedantic]
[build]   462 |             { 0x8E679C2F5E44FF8F,   960,  308 },
[build]       |               ^
[build] C:\Users\pperv\code\unnamed_rpg\vendor\json\include\nlohmann/detail/conversions/to_chars.hpp(463,15): warning: 'long long' is incompatible with C++98 [-Wc++98-compat-pedantic]
[build]   463 |             { 0xD433179D9C8CB841,   986,  316 },
[build]       |               ^
[build] C:\Users\pperv\code\unnamed_rpg\vendor\json\include\nlohmann/detail/conversions/to_chars.hpp(464,15): warning: 'long long' is incompatible with C++98 [-Wc++98-compat-pedantic]
[build]   464 |             { 0x9E19DB92B4E31BA9,  1013,  324 },
[build]       |               ^
[build] C:\Users\pperv\code\unnamed_rpg\vendor\json\include\nlohmann/detail/conversions/to_chars.hpp(590,5): warning: 'static_assert' declarations are incompatible with C++98 [-Wc++98-compat]
[build]   590 |     static_assert(kAlpha >= -60, "internal error");
[build]       |     ^
[build] C:\Users\pperv\code\unnamed_rpg\vendor\json\include\nlohmann/detail/conversions/to_chars.hpp(591,5): warning: 'static_assert' declarations are incompatible with C++98 [-Wc++98-compat]
[build]   591 |     static_assert(kGamma <= -32, "internal error");
[build]       |     ^
[build] C:\Users\pperv\code\unnamed_rpg\vendor\json\include\nlohmann/detail/conversions/to_chars.hpp(618,34): warning: generalized initializer lists are incompatible with C++98 [-Wc++98-compat]
[build]   618 |     const diyfp one(std::uint64_t{1} << -M_plus.e, M_plus.e);
[build]       |                                  ^
[build] C:\Users\pperv\code\unnamed_rpg\vendor\json\include\nlohmann/detail/conversions/to_chars.hpp(620,5): warning: 'auto' type specifier is incompatible with C++98 [-Wc++98-compat]
[build]   620 |     auto p1 = static_cast<std::uint32_t>(M_plus.f >> -one.e); // p1 = f div 2^-e (Since -e >= 32, p1 fits into a 32-bit int.)
[build]       |     ^~~~
[build] C:\Users\pperv\code\unnamed_rpg\vendor\json\include\nlohmann/detail/conversions/to_chars.hpp(629,24): warning: generalized initializer lists are incompatible with C++98 [-Wc++98-compat]
[build]   629 |     std::uint32_t pow10{};
[build]       |                        ^
[build] C:\Users\pperv\code\unnamed_rpg\vendor\json\include\nlohmann/detail/conversions/to_chars.hpp(629,24): warning: scalar initialized from empty initializer list is incompatible with C++98 [-Wc++98-compat]
[build]   629 |     std::uint32_t pow10{};
[build]       |                        ^~
[build] C:\Users\pperv\code\unnamed_rpg\vendor\json\include\nlohmann/detail/conversions/to_chars.hpp(683,50): warning: generalized initializer lists are incompatible with C++98 [-Wc++98-compat]
[build]   683 |         const std::uint64_t rest = (std::uint64_t{p1} << -one.e) + p2;
[build]       |                                                  ^
[build] C:\Users\pperv\code\unnamed_rpg\vendor\json\include\nlohmann/detail/conversions/to_chars.hpp(699,54): warning: generalized initializer lists are incompatible with C++98 [-Wc++98-compat]
[build]   699 |             const std::uint64_t ten_n = std::uint64_t{pow10} << -one.e;
[build]       |                                                      ^
[build] C:\Users\pperv\code\unnamed_rpg\vendor\json\include\nlohmann/detail/conversions/to_chars.hpp(943,5): warning: 'auto' type specifier is incompatible with C++98 [-Wc++98-compat]
[build]   943 |     auto k = static_cast<std::uint32_t>(e);
[build]       |     ^~~~
[build] In file included from C:\Users\pperv\code\unnamed_rpg\vendor\json-schema-validator\src\json-validator.cpp:9:
[build] In file included from C:\Users\pperv\code\unnamed_rpg\vendor\json-schema-validator\src\nlohmann/json-schema.hpp:24:
[build] In file included from C:\Users\pperv\code\unnamed_rpg\vendor\json\include\nlohmann/json.hpp:70:
[build] C:\Users\pperv\code\unnamed_rpg\vendor\json\include\nlohmann/detail/output/serializer.hpp(34,1): warning: empty macro arguments are incompatible with C++98 [-Wc++98-compat-pedantic]
[build]    34 | NLOHMANN_JSON_NAMESPACE_BEGIN
[build]       | ^
[build] C:\Users\pperv\code\unnamed_rpg\vendor\json\include\nlohmann/detail/abi_macros.hpp(102,17): note: expanded from macro 'NLOHMANN_JSON_NAMESPACE_BEGIN'
[build]   102 |                 NLOHMANN_JSON_ABI_TAGS,              \
[build]       |                 ^
[build] C:\Users\pperv\code\unnamed_rpg\vendor\json\include\nlohmann/detail/abi_macros.hpp(65,5): note: expanded from macro 'NLOHMANN_JSON_ABI_TAGS'
[build]    65 |     NLOHMANN_JSON_ABI_TAGS_CONCAT(                                   \
[build]       |     ^
[build] C:\Users\pperv\code\unnamed_rpg\vendor\json\include\nlohmann/detail/abi_macros.hpp(62,39): note: expanded from macro 'NLOHMANN_JSON_ABI_TAGS_CONCAT'
[build]    62 |     NLOHMANN_JSON_ABI_TAGS_CONCAT_EX(a, b, c)
[build]       |                                       ^
[build] In file included from C:\Users\pperv\code\unnamed_rpg\vendor\json-schema-validator\src\json-validator.cpp:9:
[build] In file included from C:\Users\pperv\code\unnamed_rpg\vendor\json-schema-validator\src\nlohmann/json-schema.hpp:24:
[build] In file included from C:\Users\pperv\code\unnamed_rpg\vendor\json\include\nlohmann/json.hpp:70:
[build] C:\Users\pperv\code\unnamed_rpg\vendor\json\include\nlohmann/detail/output/serializer.hpp(34,1): warning: empty macro arguments are incompatible with C++98 [-Wc++98-compat-pedantic]
[build] C:\Users\pperv\code\unnamed_rpg\vendor\json\include\nlohmann/detail/abi_macros.hpp(102,17): note: expanded from macro 'NLOHMANN_JSON_NAMESPACE_BEGIN'
[build]   102 |                 NLOHMANN_JSON_ABI_TAGS,              \
[build]       |                 ^
[build] C:\Users\pperv\code\unnamed_rpg\vendor\json\include\nlohmann/detail/abi_macros.hpp(65,5): note: expanded from macro 'NLOHMANN_JSON_ABI_TAGS'
[build]    65 |     NLOHMANN_JSON_ABI_TAGS_CONCAT(                                   \
[build]       |     ^
[build] C:\Users\pperv\code\unnamed_rpg\vendor\json\include\nlohmann/detail/abi_macros.hpp(62,42): note: expanded from macro 'NLOHMANN_JSON_ABI_TAGS_CONCAT'
[build]    62 |     NLOHMANN_JSON_ABI_TAGS_CONCAT_EX(a, b, c)
[build]       |                                          ^
[build] In file included from C:\Users\pperv\code\unnamed_rpg\vendor\json-schema-validator\src\json-validator.cpp:9:
[build] In file included from C:\Users\pperv\code\unnamed_rpg\vendor\json-schema-validator\src\nlohmann/json-schema.hpp:24:
[build] In file included from C:\Users\pperv\code\unnamed_rpg\vendor\json\include\nlohmann/json.hpp:70:
[build] C:\Users\pperv\code\unnamed_rpg\vendor\json\include\nlohmann/detail/output/serializer.hpp(34,1): warning: empty macro arguments are incompatible with C++98 [-Wc++98-compat-pedantic]
[build] C:\Users\pperv\code\unnamed_rpg\vendor\json\include\nlohmann/detail/abi_macros.hpp(102,17): note: expanded from macro 'NLOHMANN_JSON_NAMESPACE_BEGIN'
[build]   102 |                 NLOHMANN_JSON_ABI_TAGS,              \
[build]       |                 ^
[build] C:\Users\pperv\code\unnamed_rpg\vendor\json\include\nlohmann/detail/abi_macros.hpp(65,5): note: expanded from macro 'NLOHMANN_JSON_ABI_TAGS'
[build]    65 |     NLOHMANN_JSON_ABI_TAGS_CONCAT(                                   \
[build]       |     ^
[build] C:\Users\pperv\code\unnamed_rpg\vendor\json\include\nlohmann/detail/abi_macros.hpp(62,45): note: expanded from macro 'NLOHMANN_JSON_ABI_TAGS_CONCAT'
[build]    62 |     NLOHMANN_JSON_ABI_TAGS_CONCAT_EX(a, b, c)
[build]       |                                             ^
[build] In file included from C:\Users\pperv\code\unnamed_rpg\vendor\json-schema-validator\src\json-validator.cpp:9:
[build] In file included from C:\Users\pperv\code\unnamed_rpg\vendor\json-schema-validator\src\nlohmann/json-schema.hpp:24:
[build] In file included from C:\Users\pperv\code\unnamed_rpg\vendor\json\include\nlohmann/json.hpp:70:
[build] C:\Users\pperv\code\unnamed_rpg\vendor\json\include\nlohmann/detail/output/serializer.hpp(34,1): warning: inline namespaces are incompatible with C++98 [-Wc++98-compat]
[build] C:\Users\pperv\code\unnamed_rpg\vendor\json\include\nlohmann/detail/abi_macros.hpp(101,5): note: expanded from macro 'NLOHMANN_JSON_NAMESPACE_BEGIN'
[build]   101 |     inline namespace NLOHMANN_JSON_NAMESPACE_CONCAT( \
[build]       |     ^
[build] In file included from C:\Users\pperv\code\unnamed_rpg\vendor\json-schema-validator\src\json-validator.cpp:9:
[build] In file included from C:\Users\pperv\code\unnamed_rpg\vendor\json-schema-validator\src\nlohmann/json-schema.hpp:24:
[build] In file included from C:\Users\pperv\code\unnamed_rpg\vendor\json\include\nlohmann/json.hpp:70:
[build] C:\Users\pperv\code\unnamed_rpg\vendor\json\include\nlohmann/detail/output/serializer.hpp(43,6): warning: scoped enumerations are incompatible with C++98 [-Wc++98-compat]
[build]    43 | enum class error_handler_t
[build]       |      ^
[build] C:\Users\pperv\code\unnamed_rpg\vendor\json\include\nlohmann/detail/output/serializer.hpp(53,22): warning: alias declarations are incompatible with C++98 [-Wc++98-compat]
[build]    53 |     using string_t = typename BasicJsonType::string_t;
[build]       |                      ^
[build] C:\Users\pperv\code\unnamed_rpg\vendor\json\include\nlohmann/detail/output/serializer.hpp(54,28): warning: alias declarations are incompatible with C++98 [-Wc++98-compat]
[build]    54 |     using number_float_t = typename BasicJsonType::number_float_t;
[build]       |                            ^
[build] C:\Users\pperv\code\unnamed_rpg\vendor\json\include\nlohmann/detail/output/serializer.hpp(55,30): warning: alias declarations are incompatible with C++98 [-Wc++98-compat]
[build]    55 |     using number_integer_t = typename BasicJsonType::number_integer_t;
[build]       |                              ^
[build] C:\Users\pperv\code\unnamed_rpg\vendor\json\include\nlohmann/detail/output/serializer.hpp(56,31): warning: alias declarations are incompatible with C++98 [-Wc++98-compat]
[build]    56 |     using number_unsigned_t = typename BasicJsonType::number_unsigned_t;
[build]       |                               ^
[build] C:\Users\pperv\code\unnamed_rpg\vendor\json\include\nlohmann/detail/output/serializer.hpp(57,27): warning: alias declarations are incompatible with C++98 [-Wc++98-compat]
[build]    57 |     using binary_char_t = typename BasicJsonType::binary_t::value_type;
[build]       |                           ^
[build] C:\Users\pperv\code\unnamed_rpg\vendor\json\include\nlohmann/detail/output/serializer.hpp(58,12): warning: 'constexpr' specifier is incompatible with C++98 [-Wc++98-compat]
[build]    58 |     static constexpr std::uint8_t UTF8_ACCEPT = 0;
[build]       |            ^
[build] C:\Users\pperv\code\unnamed_rpg\vendor\json\include\nlohmann/detail/output/serializer.hpp(59,12): warning: 'constexpr' specifier is incompatible with C++98 [-Wc++98-compat]
[build]    59 |     static constexpr std::uint8_t UTF8_REJECT = 1;
[build]       |            ^
[build] C:\Users\pperv\code\unnamed_rpg\vendor\json\include\nlohmann/detail/output/serializer.hpp(79,37): warning: deleted function definitions are incompatible with C++98 [-Wc++98-compat]
[build]    79 |     serializer(const serializer&) = delete;
[build]       |                                     ^
[build] C:\Users\pperv\code\unnamed_rpg\vendor\json\include\nlohmann/detail/output/serializer.hpp(80,48): warning: deleted function definitions are incompatible with C++98 [-Wc++98-compat]
[build]    80 |     serializer& operator=(const serializer&) = delete;
[build]       |                                                ^
[build] C:\Users\pperv\code\unnamed_rpg\vendor\json\include\nlohmann/detail/output/serializer.hpp(81,26): warning: rvalue references are incompatible with C++98 [-Wc++98-compat]
[build]    81 |     serializer(serializer&&) = delete;
[build]       |                          ^
[build] C:\Users\pperv\code\unnamed_rpg\vendor\json\include\nlohmann/detail/output/serializer.hpp(81,32): warning: deleted function definitions are incompatible with C++98 [-Wc++98-compat]
[build]    81 |     serializer(serializer&&) = delete;
[build]       |                                ^
[build] C:\Users\pperv\code\unnamed_rpg\vendor\json\include\nlohmann/detail/output/serializer.hpp(82,37): warning: rvalue references are incompatible with C++98 [-Wc++98-compat]
[build]    82 |     serializer& operator=(serializer&&) = delete;
[build]       |                                     ^
[build] C:\Users\pperv\code\unnamed_rpg\vendor\json\include\nlohmann/detail/output/serializer.hpp(82,43): warning: deleted function definitions are incompatible with C++98 [-Wc++98-compat]
[build]    82 |     serializer& operator=(serializer&&) = delete;
[build]       |                                           ^
[build] C:\Users\pperv\code\unnamed_rpg\vendor\json\include\nlohmann/detail/output/serializer.hpp(83,21): warning: defaulted function definitions are incompatible with C++98 [-Wc++98-compat]
[build]    83 |     ~serializer() = default;
[build]       |                     ^
[build] C:\Users\pperv\code\unnamed_rpg\vendor\json\include\nlohmann/detail/output/serializer.hpp(641,5): warning: noexcept specifications are incompatible with C++98 [-Wc++98-compat]
[build]   641 |     {
[build]       |     ^
[build] C:\Users\pperv\code\unnamed_rpg\vendor\json\include\nlohmann/detail/output/serializer.hpp(694,5): warning: noexcept specifications are incompatible with C++98 [-Wc++98-compat]
[build]   694 |     {
[build]       |     ^
[build] C:\Users\pperv\code\unnamed_rpg\vendor\json\include\nlohmann/detail/output/serializer.hpp(707,88): warning: default template arguments for a function template are incompatible with C++98 [-Wc++98-compat]
[build]   707 |     template <typename NumberType, enable_if_t<std::is_signed<NumberType>::value, int> = 0>
[build]       |                                                                                        ^ ~
[build] C:\Users\pperv\code\unnamed_rpg\vendor\json\include\nlohmann/detail/output/serializer.hpp(713,93): warning: default template arguments for a function template are incompatible with C++98 [-Wc++98-compat]
[build]   713 |     template < typename NumberType, enable_if_t <std::is_unsigned<NumberType>::value, int > = 0 >
[build]       |                                                                                             ^ ~
[build] C:\Users\pperv\code\unnamed_rpg\vendor\json\include\nlohmann/detail/output/serializer.hpp(733,26): warning: default template arguments for a function template are incompatible with C++98 [-Wc++98-compat]
[build]   733 |                    int > = 0 >
[build]       |                          ^ ~
[build] C:\Users\pperv\code\unnamed_rpg\vendor\json\include\nlohmann/detail/output/serializer.hpp(934,5): warning: noexcept specifications are incompatible with C++98 [-Wc++98-compat]
[build]   934 |     {
[build]       |     ^
[build] C:\Users\pperv\code\unnamed_rpg\vendor\json\include\nlohmann/detail/output/serializer.hpp(989,5): warning: noexcept specifications are incompatible with C++98 [-Wc++98-compat]
[build]   989 |     {
[build]       |     ^
[build] C:\Users\pperv\code\unnamed_rpg\vendor\json\include\nlohmann/detail/output/serializer.hpp(996,30): warning: default member initializer for non-static data members is incompatible with C++98 [-Wc++98-compat]
[build]   996 |     output_adapter_t<char> o = nullptr;
[build]       |                              ^
[build] C:\Users\pperv\code\unnamed_rpg\vendor\json\include\nlohmann/detail/output/serializer.hpp(999,39): warning: default member initializer for non-static data members is incompatible with C++98 [-Wc++98-compat]
[build]   999 |     std::array<char, 64> number_buffer{{}};
[build]       |                                       ^
[build] C:\Users\pperv\code\unnamed_rpg\vendor\json\include\nlohmann/detail/output/serializer.hpp(1002,27): warning: default member initializer for non-static data members is incompatible with C++98 [-Wc++98-compat]
[build]  1002 |     const std::lconv* loc = nullptr;
[build]       |                           ^
[build] C:\Users\pperv\code\unnamed_rpg\vendor\json\include\nlohmann/detail/output/serializer.hpp(1004,30): warning: default member initializer for non-static data members is incompatible with C++98 [-Wc++98-compat]
[build]  1004 |     const char thousands_sep = '\0';
[build]       |                              ^
[build] C:\Users\pperv\code\unnamed_rpg\vendor\json\include\nlohmann/detail/output/serializer.hpp(1006,30): warning: default member initializer for non-static data members is incompatible with C++98 [-Wc++98-compat]
[build]  1006 |     const char decimal_point = '\0';
[build]       |                              ^
[build] C:\Users\pperv\code\unnamed_rpg\vendor\json\include\nlohmann/detail/output/serializer.hpp(1009,40): warning: default member initializer for non-static data members is incompatible with C++98 [-Wc++98-compat]
[build]  1009 |     std::array<char, 512> string_buffer{{}};
[build]       |                                        ^
[build] C:\Users\pperv\code\unnamed_rpg\vendor\json\include\nlohmann/detail/output/serializer.hpp(68,49): warning: enumeration type in nested name specifier is incompatible with C++98 [-Wc++98-compat]
[build]    68 |                error_handler_t error_handler_ = error_handler_t::strict)
[build]       |                                                 ^
[build] C:\Users\pperv\code\unnamed_rpg\vendor\json\include\nlohmann/detail/output/serializer.hpp(996,32): warning: 'nullptr' is incompatible with C++98 [-Wc++98-compat]
[build]   996 |     output_adapter_t<char> o = nullptr;
[build]       |                                ^
[build] C:\Users\pperv\code\unnamed_rpg\vendor\json\include\nlohmann/detail/output/serializer.hpp(1002,29): warning: 'nullptr' is incompatible with C++98 [-Wc++98-compat]
[build]  1002 |     const std::lconv* loc = nullptr;
[build]       |                             ^
[build] In file included from C:\Users\pperv\code\unnamed_rpg\vendor\json-schema-validator\src\json-validator.cpp:9:
[build] In file included from C:\Users\pperv\code\unnamed_rpg\vendor\json-schema-validator\src\nlohmann/json-schema.hpp:24:
[build] In file included from C:\Users\pperv\code\unnamed_rpg\vendor\json\include\nlohmann/json.hpp:73:
[build] C:\Users\pperv\code\unnamed_rpg\vendor\json\include\nlohmann/ordered_map.hpp(23,1): warning: empty macro arguments are incompatible with C++98 [-Wc++98-compat-pedantic]
[build]    23 | NLOHMANN_JSON_NAMESPACE_BEGIN
[build]       | ^
[build] C:\Users\pperv\code\unnamed_rpg\vendor\json\include\nlohmann/detail/abi_macros.hpp(102,17): note: expanded from macro 'NLOHMANN_JSON_NAMESPACE_BEGIN'
[build]   102 |                 NLOHMANN_JSON_ABI_TAGS,              \
[build]       |                 ^
[build] C:\Users\pperv\code\unnamed_rpg\vendor\json\include\nlohmann/detail/abi_macros.hpp(65,5): note: expanded from macro 'NLOHMANN_JSON_ABI_TAGS'
[build]    65 |     NLOHMANN_JSON_ABI_TAGS_CONCAT(                                   \
[build]       |     ^
[build] C:\Users\pperv\code\unnamed_rpg\vendor\json\include\nlohmann/detail/abi_macros.hpp(62,39): note: expanded from macro 'NLOHMANN_JSON_ABI_TAGS_CONCAT'
[build]    62 |     NLOHMANN_JSON_ABI_TAGS_CONCAT_EX(a, b, c)
[build]       |                                       ^
[build] In file included from C:\Users\pperv\code\unnamed_rpg\vendor\json-schema-validator\src\json-validator.cpp:9:
[build] In file included from C:\Users\pperv\code\unnamed_rpg\vendor\json-schema-validator\src\nlohmann/json-schema.hpp:24:
[build] In file included from C:\Users\pperv\code\unnamed_rpg\vendor\json\include\nlohmann/json.hpp:73:
[build] C:\Users\pperv\code\unnamed_rpg\vendor\json\include\nlohmann/ordered_map.hpp(23,1): warning: empty macro arguments are incompatible with C++98 [-Wc++98-compat-pedantic]
[build] C:\Users\pperv\code\unnamed_rpg\vendor\json\include\nlohmann/detail/abi_macros.hpp(102,17): note: expanded from macro 'NLOHMANN_JSON_NAMESPACE_BEGIN'
[build]   102 |                 NLOHMANN_JSON_ABI_TAGS,              \
[build]       |                 ^
[build] C:\Users\pperv\code\unnamed_rpg\vendor\json\include\nlohmann/detail/abi_macros.hpp(65,5): note: expanded from macro 'NLOHMANN_JSON_ABI_TAGS'
[build]    65 |     NLOHMANN_JSON_ABI_TAGS_CONCAT(                                   \
[build]       |     ^
[build] C:\Users\pperv\code\unnamed_rpg\vendor\json\include\nlohmann/detail/abi_macros.hpp(62,42): note: expanded from macro 'NLOHMANN_JSON_ABI_TAGS_CONCAT'
[build]    62 |     NLOHMANN_JSON_ABI_TAGS_CONCAT_EX(a, b, c)
[build]       |                                          ^
[build] In file included from C:\Users\pperv\code\unnamed_rpg\vendor\json-schema-validator\src\json-validator.cpp:9:
[build] In file included from C:\Users\pperv\code\unnamed_rpg\vendor\json-schema-validator\src\nlohmann/json-schema.hpp:24:
[build] In file included from C:\Users\pperv\code\unnamed_rpg\vendor\json\include\nlohmann/json.hpp:73:
[build] C:\Users\pperv\code\unnamed_rpg\vendor\json\include\nlohmann/ordered_map.hpp(23,1): warning: empty macro arguments are incompatible with C++98 [-Wc++98-compat-pedantic]
[build] C:\Users\pperv\code\unnamed_rpg\vendor\json\include\nlohmann/detail/abi_macros.hpp(102,17): note: expanded from macro 'NLOHMANN_JSON_NAMESPACE_BEGIN'
[build]   102 |                 NLOHMANN_JSON_ABI_TAGS,              \
[build]       |                 ^
[build] C:\Users\pperv\code\unnamed_rpg\vendor\json\include\nlohmann/detail/abi_macros.hpp(65,5): note: expanded from macro 'NLOHMANN_JSON_ABI_TAGS'
[build]    65 |     NLOHMANN_JSON_ABI_TAGS_CONCAT(                                   \
[build]       |     ^
[build] C:\Users\pperv\code\unnamed_rpg\vendor\json\include\nlohmann/detail/abi_macros.hpp(62,45): note: expanded from macro 'NLOHMANN_JSON_ABI_TAGS_CONCAT'
[build]    62 |     NLOHMANN_JSON_ABI_TAGS_CONCAT_EX(a, b, c)
[build]       |                                             ^
[build] In file included from C:\Users\pperv\code\unnamed_rpg\vendor\json-schema-validator\src\json-validator.cpp:9:
[build] In file included from C:\Users\pperv\code\unnamed_rpg\vendor\json-schema-validator\src\nlohmann/json-schema.hpp:24:
[build] In file included from C:\Users\pperv\code\unnamed_rpg\vendor\json\include\nlohmann/json.hpp:73:
[build] C:\Users\pperv\code\unnamed_rpg\vendor\json\include\nlohmann/ordered_map.hpp(23,1): warning: inline namespaces are incompatible with C++98 [-Wc++98-compat]
[build] C:\Users\pperv\code\unnamed_rpg\vendor\json\include\nlohmann/detail/abi_macros.hpp(101,5): note: expanded from macro 'NLOHMANN_JSON_NAMESPACE_BEGIN'
[build]   101 |     inline namespace NLOHMANN_JSON_NAMESPACE_CONCAT( \
[build]       |     ^
[build] In file included from C:\Users\pperv\code\unnamed_rpg\vendor\json-schema-validator\src\json-validator.cpp:9:
[build] In file included from C:\Users\pperv\code\unnamed_rpg\vendor\json-schema-validator\src\nlohmann/json-schema.hpp:24:
[build] In file included from C:\Users\pperv\code\unnamed_rpg\vendor\json\include\nlohmann/json.hpp:73:
[build] C:\Users\pperv\code\unnamed_rpg\vendor\json\include\nlohmann/ordered_map.hpp(28,66): warning: consecutive right angle brackets are incompatible with C++98 (use '> >') [-Wc++98-compat]
[build]    28 |           class Allocator = std::allocator<std::pair<const Key, T>>>
[build]       |                                                                  ^~
[build]       |                                                                  > > 
[build] C:\Users\pperv\code\unnamed_rpg\vendor\json\include\nlohmann/ordered_map.hpp(31,22): warning: alias declarations are incompatible with C++98 [-Wc++98-compat]
[build]    31 |     using key_type = Key;
[build]       |                      ^
[build] C:\Users\pperv\code\unnamed_rpg\vendor\json\include\nlohmann/ordered_map.hpp(32,25): warning: alias declarations are incompatible with C++98 [-Wc++98-compat]
[build]    32 |     using mapped_type = T;
[build]       |                         ^
[build] C:\Users\pperv\code\unnamed_rpg\vendor\json\include\nlohmann/ordered_map.hpp(33,23): warning: alias declarations are incompatible with C++98 [-Wc++98-compat]
[build]    33 |     using Container = std::vector<std::pair<const Key, T>, Allocator>;
[build]       |                       ^
[build] C:\Users\pperv\code\unnamed_rpg\vendor\json\include\nlohmann/ordered_map.hpp(34,22): warning: alias declarations are incompatible with C++98 [-Wc++98-compat]
[build]    34 |     using iterator = typename Container::iterator;
[build]       |                      ^
[build] C:\Users\pperv\code\unnamed_rpg\vendor\json\include\nlohmann/ordered_map.hpp(35,28): warning: alias declarations are incompatible with C++98 [-Wc++98-compat]
[build]    35 |     using const_iterator = typename Container::const_iterator;
[build]       |                            ^
[build] C:\Users\pperv\code\unnamed_rpg\vendor\json\include\nlohmann/ordered_map.hpp(36,23): warning: alias declarations are incompatible with C++98 [-Wc++98-compat]
[build]    36 |     using size_type = typename Container::size_type;
[build]       |                       ^
[build] C:\Users\pperv\code\unnamed_rpg\vendor\json\include\nlohmann/ordered_map.hpp(37,24): warning: alias declarations are incompatible with C++98 [-Wc++98-compat]
[build]    37 |     using value_type = typename Container::value_type;
[build]       |                        ^
[build] C:\Users\pperv\code\unnamed_rpg\vendor\json\include\nlohmann/ordered_map.hpp(39,25): warning: alias declarations are incompatible with C++98 [-Wc++98-compat]
[build]    39 |     using key_compare = std::equal_to<>;
[build]       |                         ^
[build] C:\Users\pperv\code\unnamed_rpg\vendor\json\include\nlohmann/ordered_map.hpp(53,39): warning: defaulted function definitions are incompatible with C++98 [-Wc++98-compat]
[build]    53 |     ordered_map(const ordered_map&) = default;
[build]       |                                       ^
[build] C:\Users\pperv\code\unnamed_rpg\vendor\json\include\nlohmann/ordered_map.hpp(54,28): warning: rvalue references are incompatible with C++98 [-Wc++98-compat]
[build]    54 |     ordered_map(ordered_map&&) noexcept(std::is_nothrow_move_constructible<Container>::value) = default;
[build]       |                            ^
[build] C:\Users\pperv\code\unnamed_rpg\vendor\json\include\nlohmann/ordered_map.hpp(54,97): warning: defaulted function definitions are incompatible with C++98 [-Wc++98-compat]
[build]    54 |     ordered_map(ordered_map&&) noexcept(std::is_nothrow_move_constructible<Container>::value) = default;
[build]       |                                                                                                 ^
[build] C:\Users\pperv\code\unnamed_rpg\vendor\json\include\nlohmann/ordered_map.hpp(55,22): warning: defaulted function definitions are incompatible with C++98 [-Wc++98-compat]
[build]    55 |     ~ordered_map() = default;
[build]       |                      ^
[build] C:\Users\pperv\code\unnamed_rpg\vendor\json\include\nlohmann/ordered_map.hpp(67,39): warning: rvalue references are incompatible with C++98 [-Wc++98-compat]
[build]    67 |     ordered_map& operator=(ordered_map&& other) noexcept(std::is_nothrow_move_assignable<Container>::value)
[build]       |                                       ^
[build] C:\Users\pperv\code\unnamed_rpg\vendor\json\include\nlohmann/ordered_map.hpp(73,61): warning: rvalue references are incompatible with C++98 [-Wc++98-compat]
[build]    73 |     std::pair<iterator, bool> emplace(const key_type& key, T&& t)
[build]       |                                                             ^
[build] C:\Users\pperv\code\unnamed_rpg\vendor\json\include\nlohmann/ordered_map.hpp(88,47): warning: rvalue references are incompatible with C++98 [-Wc++98-compat]
[build]    88 |     std::pair<iterator, bool> emplace(KeyType && key, T && t)
[build]       |                                               ^
[build] C:\Users\pperv\code\unnamed_rpg\vendor\json\include\nlohmann/ordered_map.hpp(88,57): warning: rvalue references are incompatible with C++98 [-Wc++98-compat]
[build]    88 |     std::pair<iterator, bool> emplace(KeyType && key, T && t)
[build]       |                                                         ^
[build] C:\Users\pperv\code\unnamed_rpg\vendor\json\include\nlohmann/ordered_map.hpp(87,93): warning: default template arguments for a function template are incompatible with C++98 [-Wc++98-compat]
[build]    87 |                  detail::is_usable_as_key_type<key_compare, key_type, KeyType>::value, int> = 0>
[build]       |                                                                                             ^ ~
[build] C:\Users\pperv\code\unnamed_rpg\vendor\json\include\nlohmann/ordered_map.hpp(108,28): warning: rvalue references are incompatible with C++98 [-Wc++98-compat]
[build]   108 |     T & operator[](KeyType && key)
[build]       |                            ^
[build] C:\Users\pperv\code\unnamed_rpg\vendor\json\include\nlohmann/ordered_map.hpp(107,93): warning: default template arguments for a function template are incompatible with C++98 [-Wc++98-compat]
[build]   107 |                  detail::is_usable_as_key_type<key_compare, key_type, KeyType>::value, int> = 0>
[build]       |                                                                                             ^ ~
[build] C:\Users\pperv\code\unnamed_rpg\vendor\json\include\nlohmann/ordered_map.hpp(120,34): warning: rvalue references are incompatible with C++98 [-Wc++98-compat]
[build]   120 |     const T & operator[](KeyType && key) const
[build]       |                                  ^
[build] C:\Users\pperv\code\unnamed_rpg\vendor\json\include\nlohmann/ordered_map.hpp(119,93): warning: default template arguments for a function template are incompatible with C++98 [-Wc++98-compat]
[build]   119 |                  detail::is_usable_as_key_type<key_compare, key_type, KeyType>::value, int> = 0>
[build]       |                                                                                             ^ ~
[build] C:\Users\pperv\code\unnamed_rpg\vendor\json\include\nlohmann/ordered_map.hpp(140,20): warning: rvalue references are incompatible with C++98 [-Wc++98-compat]
[build]   140 |     T & at(KeyType && key) // NOLINT(cppcoreguidelines-missing-std-forward)
[build]       |                    ^
[build] C:\Users\pperv\code\unnamed_rpg\vendor\json\include\nlohmann/ordered_map.hpp(139,93): warning: default template arguments for a function template are incompatible with C++98 [-Wc++98-compat]
[build]   139 |                  detail::is_usable_as_key_type<key_compare, key_type, KeyType>::value, int> = 0>
[build]       |                                                                                             ^ ~
[build] C:\Users\pperv\code\unnamed_rpg\vendor\json\include\nlohmann/ordered_map.hpp(168,26): warning: rvalue references are incompatible with C++98 [-Wc++98-compat]
[build]   168 |     const T & at(KeyType && key) const // NOLINT(cppcoreguidelines-missing-std-forward)
[build]       |                          ^
[build] C:\Users\pperv\code\unnamed_rpg\vendor\json\include\nlohmann/ordered_map.hpp(167,93): warning: default template arguments for a function template are incompatible with C++98 [-Wc++98-compat]
[build]   167 |                  detail::is_usable_as_key_type<key_compare, key_type, KeyType>::value, int> = 0>
[build]       |                                                                                             ^ ~
[build] C:\Users\pperv\code\unnamed_rpg\vendor\json\include\nlohmann/ordered_map.hpp(202,29): warning: rvalue references are incompatible with C++98 [-Wc++98-compat]
[build]   202 |     size_type erase(KeyType && key) // NOLINT(cppcoreguidelines-missing-std-forward)
[build]       |                             ^
[build] C:\Users\pperv\code\unnamed_rpg\vendor\json\include\nlohmann/ordered_map.hpp(201,93): warning: default template arguments for a function template are incompatible with C++98 [-Wc++98-compat]
[build]   201 |                  detail::is_usable_as_key_type<key_compare, key_type, KeyType>::value, int> = 0>
[build]       |                                                                                             ^ ~
[build] C:\Users\pperv\code\unnamed_rpg\vendor\json\include\nlohmann/ordered_map.hpp(293,29): warning: rvalue references are incompatible with C++98 [-Wc++98-compat]
[build]   293 |     size_type count(KeyType && key) const // NOLINT(cppcoreguidelines-missing-std-forward)
[build]       |                             ^
[build] C:\Users\pperv\code\unnamed_rpg\vendor\json\include\nlohmann/ordered_map.hpp(292,93): warning: default template arguments for a function template are incompatible with C++98 [-Wc++98-compat]
[build]   292 |                  detail::is_usable_as_key_type<key_compare, key_type, KeyType>::value, int> = 0>
[build]       |                                                                                             ^ ~
[build] C:\Users\pperv\code\unnamed_rpg\vendor\json\include\nlohmann/ordered_map.hpp(319,27): warning: rvalue references are incompatible with C++98 [-Wc++98-compat]
[build]   319 |     iterator find(KeyType && key) // NOLINT(cppcoreguidelines-missing-std-forward)
[build]       |                           ^
[build] C:\Users\pperv\code\unnamed_rpg\vendor\json\include\nlohmann/ordered_map.hpp(318,93): warning: default template arguments for a function template are incompatible with C++98 [-Wc++98-compat]
[build]   318 |                  detail::is_usable_as_key_type<key_compare, key_type, KeyType>::value, int> = 0>
[build]       |                                                                                             ^ ~
[build] C:\Users\pperv\code\unnamed_rpg\vendor\json\include\nlohmann/ordered_map.hpp(345,33): warning: rvalue references are incompatible with C++98 [-Wc++98-compat]
[build]   345 |     const_iterator find(KeyType && key) const // NOLINT(cppcoreguidelines-missing-std-forward)
[build]       |                                 ^
[build] C:\Users\pperv\code\unnamed_rpg\vendor\json\include\nlohmann/ordered_map.hpp(344,93): warning: default template arguments for a function template are incompatible with C++98 [-Wc++98-compat]
[build]   344 |                  detail::is_usable_as_key_type<key_compare, key_type, KeyType>::value, int> = 0>
[build]       |                                                                                             ^ ~
[build] C:\Users\pperv\code\unnamed_rpg\vendor\json\include\nlohmann/ordered_map.hpp(357,49): warning: rvalue references are incompatible with C++98 [-Wc++98-compat]
[build]   357 |     std::pair<iterator, bool> insert( value_type&& value )
[build]       |                                                 ^
[build] C:\Users\pperv\code\unnamed_rpg\vendor\json\include\nlohmann/ordered_map.hpp(376,32): warning: alias declarations are incompatible with C++98 [-Wc++98-compat]
[build]   376 |     using require_input_iter = typename std::enable_if<std::is_convertible<typename std::iterator_traits<InputIt>::iterator_category,
[build]       |                                ^
[build] C:\Users\pperv\code\unnamed_rpg\vendor\json\include\nlohmann/ordered_map.hpp(379,69): warning: consecutive right angle brackets are incompatible with C++98 (use '> >') [-Wc++98-compat]
[build]   379 |     template<typename InputIt, typename = require_input_iter<InputIt>>
[build]       |                                                                     ^~
[build]       |                                                                     > >
[build] C:\Users\pperv\code\unnamed_rpg\vendor\json\include\nlohmann/ordered_map.hpp(379,41): warning: default template arguments for a function template are incompatible with C++98 [-Wc++98-compat]
[build]   379 |     template<typename InputIt, typename = require_input_iter<InputIt>>
[build]       |                                         ^ ~~~~~~~~~~~~~~~~~~~~~~~~~~~
[build] C:\Users\pperv\code\unnamed_rpg\vendor\json\include\nlohmann/ordered_map.hpp(389,50): warning: default member initializer for non-static data members is incompatible with C++98 [-Wc++98-compat]
[build]   389 |     JSON_NO_UNIQUE_ADDRESS key_compare m_compare = key_compare();
[build]       |                                                  ^
[build] C:\Users\pperv\code\unnamed_rpg\vendor\json\include\nlohmann/ordered_map.hpp(46,19): warning: noexcept specifications are incompatible with C++98 [-Wc++98-compat]
[build]    46 |     ordered_map() noexcept(noexcept(Container())) : Container{} {}
[build]       |                   ^
[build] C:\Users\pperv\code\unnamed_rpg\vendor\json\include\nlohmann/ordered_map.hpp(46,28): warning: noexcept expressions are incompatible with C++98 [-Wc++98-compat]
[build]    46 |     ordered_map() noexcept(noexcept(Container())) : Container{} {}
[build]       |                            ^
[build] C:\Users\pperv\code\unnamed_rpg\vendor\json\include\nlohmann/ordered_map.hpp(47,50): warning: noexcept specifications are incompatible with C++98 [-Wc++98-compat]
[build]    47 |     explicit ordered_map(const Allocator& alloc) noexcept(noexcept(Container(alloc))) : Container{alloc} {}
[build]       |                                                  ^
[build] C:\Users\pperv\code\unnamed_rpg\vendor\json\include\nlohmann/ordered_map.hpp(47,59): warning: noexcept expressions are incompatible with C++98 [-Wc++98-compat]
[build]    47 |     explicit ordered_map(const Allocator& alloc) noexcept(noexcept(Container(alloc))) : Container{alloc} {}
[build]       |                                                           ^
[build] C:\Users\pperv\code\unnamed_rpg\vendor\json\include\nlohmann/ordered_map.hpp(54,32): warning: noexcept specifications are incompatible with C++98 [-Wc++98-compat]
[build]    54 |     ordered_map(ordered_map&&) noexcept(std::is_nothrow_move_constructible<Container>::value) = default;
[build]       |                                ^
[build] C:\Users\pperv\code\unnamed_rpg\vendor\json\include\nlohmann/ordered_map.hpp(67,49): warning: noexcept specifications are incompatible with C++98 [-Wc++98-compat]
[build]    67 |     ordered_map& operator=(ordered_map&& other) noexcept(std::is_nothrow_move_assignable<Container>::value)
[build]       |                                                 ^
[build] In file included from C:\Users\pperv\code\unnamed_rpg\vendor\json-schema-validator\src\json-validator.cpp:9:
[build] In file included from C:\Users\pperv\code\unnamed_rpg\vendor\json-schema-validator\src\nlohmann/json-schema.hpp:24:
[build] C:\Users\pperv\code\unnamed_rpg\vendor\json\include\nlohmann/json.hpp(91,1): warning: empty macro arguments are incompatible with C++98 [-Wc++98-compat-pedantic]
[build]    91 | NLOHMANN_JSON_NAMESPACE_BEGIN
[build]       | ^
[build] C:\Users\pperv\code\unnamed_rpg\vendor\json\include\nlohmann/detail/abi_macros.hpp(102,17): note: expanded from macro 'NLOHMANN_JSON_NAMESPACE_BEGIN'
[build]   102 |                 NLOHMANN_JSON_ABI_TAGS,              \
[build]       |                 ^
[build] C:\Users\pperv\code\unnamed_rpg\vendor\json\include\nlohmann/detail/abi_macros.hpp(65,5): note: expanded from macro 'NLOHMANN_JSON_ABI_TAGS'
[build]    65 |     NLOHMANN_JSON_ABI_TAGS_CONCAT(                                   \
[build]       |     ^
[build] C:\Users\pperv\code\unnamed_rpg\vendor\json\include\nlohmann/detail/abi_macros.hpp(62,39): note: expanded from macro 'NLOHMANN_JSON_ABI_TAGS_CONCAT'
[build]    62 |     NLOHMANN_JSON_ABI_TAGS_CONCAT_EX(a, b, c)
[build]       |                                       ^
[build] In file included from C:\Users\pperv\code\unnamed_rpg\vendor\json-schema-validator\src\json-validator.cpp:9:
[build] In file included from C:\Users\pperv\code\unnamed_rpg\vendor\json-schema-validator\src\nlohmann/json-schema.hpp:24:
[build] C:\Users\pperv\code\unnamed_rpg\vendor\json\include\nlohmann/json.hpp(91,1): warning: empty macro arguments are incompatible with C++98 [-Wc++98-compat-pedantic]
[build] C:\Users\pperv\code\unnamed_rpg\vendor\json\include\nlohmann/detail/abi_macros.hpp(102,17): note: expanded from macro 'NLOHMANN_JSON_NAMESPACE_BEGIN'
[build]   102 |                 NLOHMANN_JSON_ABI_TAGS,              \
[build]       |                 ^
[build] C:\Users\pperv\code\unnamed_rpg\vendor\json\include\nlohmann/detail/abi_macros.hpp(65,5): note: expanded from macro 'NLOHMANN_JSON_ABI_TAGS'
[build]    65 |     NLOHMANN_JSON_ABI_TAGS_CONCAT(                                   \
[build]       |     ^
[build] C:\Users\pperv\code\unnamed_rpg\vendor\json\include\nlohmann/detail/abi_macros.hpp(62,42): note: expanded from macro 'NLOHMANN_JSON_ABI_TAGS_CONCAT'
[build]    62 |     NLOHMANN_JSON_ABI_TAGS_CONCAT_EX(a, b, c)
[build]       |                                          ^
[build] In file included from C:\Users\pperv\code\unnamed_rpg\vendor\json-schema-validator\src\json-validator.cpp:9:
[build] In file included from C:\Users\pperv\code\unnamed_rpg\vendor\json-schema-validator\src\nlohmann/json-schema.hpp:24:
[build] C:\Users\pperv\code\unnamed_rpg\vendor\json\include\nlohmann/json.hpp(91,1): warning: empty macro arguments are incompatible with C++98 [-Wc++98-compat-pedantic]
[build] C:\Users\pperv\code\unnamed_rpg\vendor\json\include\nlohmann/detail/abi_macros.hpp(102,17): note: expanded from macro 'NLOHMANN_JSON_NAMESPACE_BEGIN'
[build]   102 |                 NLOHMANN_JSON_ABI_TAGS,              \
[build]       |                 ^
[build] C:\Users\pperv\code\unnamed_rpg\vendor\json\include\nlohmann/detail/abi_macros.hpp(65,5): note: expanded from macro 'NLOHMANN_JSON_ABI_TAGS'
[build]    65 |     NLOHMANN_JSON_ABI_TAGS_CONCAT(                                   \
[build]       |     ^
[build] C:\Users\pperv\code\unnamed_rpg\vendor\json\include\nlohmann/detail/abi_macros.hpp(62,45): note: expanded from macro 'NLOHMANN_JSON_ABI_TAGS_CONCAT'
[build]    62 |     NLOHMANN_JSON_ABI_TAGS_CONCAT_EX(a, b, c)
[build]       |                                             ^
[build] In file included from C:\Users\pperv\code\unnamed_rpg\vendor\json-schema-validator\src\json-validator.cpp:9:
[build] In file included from C:\Users\pperv\code\unnamed_rpg\vendor\json-schema-validator\src\nlohmann/json-schema.hpp:24:
[build] C:\Users\pperv\code\unnamed_rpg\vendor\json\include\nlohmann/json.hpp(91,1): warning: inline namespaces are incompatible with C++98 [-Wc++98-compat]
[build] C:\Users\pperv\code\unnamed_rpg\vendor\json\include\nlohmann/detail/abi_macros.hpp(101,5): note: expanded from macro 'NLOHMANN_JSON_NAMESPACE_BEGIN'
[build]   101 |     inline namespace NLOHMANN_JSON_NAMESPACE_CONCAT( \
[build]       |     ^
[build] In file included from C:\Users\pperv\code\unnamed_rpg\vendor\json-schema-validator\src\json-validator.cpp:9:
[build] In file included from C:\Users\pperv\code\unnamed_rpg\vendor\json-schema-validator\src\nlohmann/json-schema.hpp:24:
[build] C:\Users\pperv\code\unnamed_rpg\vendor\json\include\nlohmann/json.hpp(126,1): warning: variadic templates are incompatible with C++98 [-Wc++98-compat]
[build]   126 | NLOHMANN_BASIC_JSON_TPL_DECLARATION
[build]       | ^
[build] C:\Users\pperv\code\unnamed_rpg\vendor\json\include\nlohmann/detail/macro_scope.hpp(337,51): note: expanded from macro 'NLOHMANN_BASIC_JSON_TPL_DECLARATION'
[build]   337 |     template<template<typename, typename, typename...> class ObjectType,   \
[build]       |                                                   ^
[build] In file included from C:\Users\pperv\code\unnamed_rpg\vendor\json-schema-validator\src\json-validator.cpp:9:
[build] In file included from C:\Users\pperv\code\unnamed_rpg\vendor\json-schema-validator\src\nlohmann/json-schema.hpp:24:
[build] C:\Users\pperv\code\unnamed_rpg\vendor\json\include\nlohmann/json.hpp(126,1): warning: variadic templates are incompatible with C++98 [-Wc++98-compat]
[build] C:\Users\pperv\code\unnamed_rpg\vendor\json\include\nlohmann/detail/macro_scope.hpp(338,41): note: expanded from macro 'NLOHMANN_BASIC_JSON_TPL_DECLARATION'
[build]   338 |              template<typename, typename...> class ArrayType,              \
[build]       |                                         ^
[build] In file included from C:\Users\pperv\code\unnamed_rpg\vendor\json-schema-validator\src\json-validator.cpp:9:
[build] In file included from C:\Users\pperv\code\unnamed_rpg\vendor\json-schema-validator\src\nlohmann/json-schema.hpp:24:
[build] C:\Users\pperv\code\unnamed_rpg\vendor\json\include\nlohmann/json.hpp(140,5): warning: non-class friend type '::nlohmann::detail::serializer<basic_json<ObjectType, ArrayType, StringType, BooleanType, NumberIntegerType, NumberUnsignedType, NumberFloatType, AllocatorType, JSONSerializer, BinaryType, CustomBaseClass>>' is incompatible with C++98 [-Wc++98-compat]
[build]   140 |     friend ::nlohmann::detail::serializer<basic_json>;
[build]       |     ^~~~~~~~~~~~~~~~~~~~~~~~~~~~~~~~~~~~~~~~~~~~~~~~~
[build] C:\Users\pperv\code\unnamed_rpg\vendor\json\include\nlohmann/json.hpp(154,26): warning: alias declarations are incompatible with C++98 [-Wc++98-compat]
[build]   154 |     using basic_json_t = NLOHMANN_BASIC_JSON_TPL;
[build]       |                          ^
[build] C:\Users\pperv\code\unnamed_rpg\vendor\json\include\nlohmann/detail/macro_scope.hpp(347,5): note: expanded from macro 'NLOHMANN_BASIC_JSON_TPL'
[build]   347 |     basic_json<ObjectType, ArrayType, StringType, BooleanType,             \
[build]       |     ^
[build] In file included from C:\Users\pperv\code\unnamed_rpg\vendor\json-schema-validator\src\json-validator.cpp:9:
[build] In file included from C:\Users\pperv\code\unnamed_rpg\vendor\json-schema-validator\src\nlohmann/json-schema.hpp:24:
[build] C:\Users\pperv\code\unnamed_rpg\vendor\json\include\nlohmann/json.hpp(155,31): warning: alias declarations are incompatible with C++98 [-Wc++98-compat]
[build]   155 |     using json_base_class_t = ::nlohmann::detail::json_base_class<CustomBaseClass>;
[build]       |                               ^
[build] C:\Users\pperv\code\unnamed_rpg\vendor\json\include\nlohmann/json.hpp(159,19): warning: alias declarations are incompatible with C++98 [-Wc++98-compat]
[build]   159 |     using lexer = ::nlohmann::detail::lexer_base<basic_json>;
[build]       |                   ^
[build] C:\Users\pperv\code\unnamed_rpg\vendor\json\include\nlohmann/json.hpp(175,34): warning: alias declarations are incompatible with C++98 [-Wc++98-compat]
[build]   175 |     using primitive_iterator_t = ::nlohmann::detail::primitive_iterator_t;
[build]       |                                  ^
[build] C:\Users\pperv\code\unnamed_rpg\vendor\json\include\nlohmann/json.hpp(177,31): warning: alias declarations are incompatible with C++98 [-Wc++98-compat]
[build]   177 |     using internal_iterator = ::nlohmann::detail::internal_iterator<BasicJsonType>;
[build]       |                               ^
[build] C:\Users\pperv\code\unnamed_rpg\vendor\json\include\nlohmann/json.hpp(179,23): warning: alias declarations are incompatible with C++98 [-Wc++98-compat]
[build]   179 |     using iter_impl = ::nlohmann::detail::iter_impl<BasicJsonType>;
[build]       |                       ^
[build] C:\Users\pperv\code\unnamed_rpg\vendor\json\include\nlohmann/json.hpp(181,29): warning: alias declarations are incompatible with C++98 [-Wc++98-compat]
[build]   181 |     using iteration_proxy = ::nlohmann::detail::iteration_proxy<Iterator>;
[build]       |                             ^
[build] C:\Users\pperv\code\unnamed_rpg\vendor\json\include\nlohmann/json.hpp(182,59): warning: alias declarations are incompatible with C++98 [-Wc++98-compat]
[build]   182 |     template<typename Base> using json_reverse_iterator = ::nlohmann::detail::json_reverse_iterator<Base>;
[build]       |                                                           ^
[build] C:\Users\pperv\code\unnamed_rpg\vendor\json\include\nlohmann/json.hpp(185,30): warning: alias declarations are incompatible with C++98 [-Wc++98-compat]
[build]   185 |     using output_adapter_t = ::nlohmann::detail::output_adapter_t<CharType>;
[build]       |                              ^
[build] C:\Users\pperv\code\unnamed_rpg\vendor\json\include\nlohmann/json.hpp(188,27): warning: alias declarations are incompatible with C++98 [-Wc++98-compat]
[build]   188 |     using binary_reader = ::nlohmann::detail::binary_reader<basic_json, InputType>;
[build]       |                           ^
[build] C:\Users\pperv\code\unnamed_rpg\vendor\json\include\nlohmann/json.hpp(189,55): warning: alias declarations are incompatible with C++98 [-Wc++98-compat]
[build]   189 |     template<typename CharType> using binary_writer = ::nlohmann::detail::binary_writer<basic_json, CharType>;
[build]       |                                                       ^
[build] C:\Users\pperv\code\unnamed_rpg\vendor\json\include\nlohmann/json.hpp(192,24): warning: alias declarations are incompatible with C++98 [-Wc++98-compat]
[build]   192 |     using serializer = ::nlohmann::detail::serializer<basic_json>;
[build]       |                        ^
[build] C:\Users\pperv\code\unnamed_rpg\vendor\json\include\nlohmann/json.hpp(195,21): warning: alias declarations are incompatible with C++98 [-Wc++98-compat]
[build]   195 |     using value_t = detail::value_t;
[build]       |                     ^
[build] C:\Users\pperv\code\unnamed_rpg\vendor\json\include\nlohmann/json.hpp(197,26): warning: alias declarations are incompatible with C++98 [-Wc++98-compat]
[build]   197 |     using json_pointer = ::nlohmann::json_pointer<StringType>;
[build]       |                          ^
[build] C:\Users\pperv\code\unnamed_rpg\vendor\json\include\nlohmann/json.hpp(199,29): warning: alias declarations are incompatible with C++98 [-Wc++98-compat]
[build]   199 |     using json_serializer = JSONSerializer<T, SFINAE>;
[build]       |                             ^
[build] C:\Users\pperv\code\unnamed_rpg\vendor\json\include\nlohmann/json.hpp(201,29): warning: alias declarations are incompatible with C++98 [-Wc++98-compat]
[build]   201 |     using error_handler_t = detail::error_handler_t;
[build]       |                             ^
[build] C:\Users\pperv\code\unnamed_rpg\vendor\json\include\nlohmann/json.hpp(203,32): warning: alias declarations are incompatible with C++98 [-Wc++98-compat]
[build]   203 |     using cbor_tag_handler_t = detail::cbor_tag_handler_t;
[build]       |                                ^
[build] C:\Users\pperv\code\unnamed_rpg\vendor\json\include\nlohmann/json.hpp(205,30): warning: alias declarations are incompatible with C++98 [-Wc++98-compat]
[build]   205 |     using bjdata_version_t = detail::bjdata_version_t;
[build]       |                              ^
[build] C:\Users\pperv\code\unnamed_rpg\vendor\json\include\nlohmann/json.hpp(207,32): warning: alias declarations are incompatible with C++98 [-Wc++98-compat]
[build]   207 |     using initializer_list_t = std::initializer_list<detail::json_ref<basic_json>>;
[build]       |                                ^
[build] C:\Users\pperv\code\unnamed_rpg\vendor\json\include\nlohmann/json.hpp(207,81): warning: consecutive right angle brackets are incompatible with C++98 (use '> >') [-Wc++98-compat]
[build]   207 |     using initializer_list_t = std::initializer_list<detail::json_ref<basic_json>>;
[build]       |                                                                                 ^~
[build]       |                                                                                 > >
[build] C:\Users\pperv\code\unnamed_rpg\vendor\json\include\nlohmann/json.hpp(209,28): warning: alias declarations are incompatible with C++98 [-Wc++98-compat]
[build]   209 |     using input_format_t = detail::input_format_t;
[build]       |                            ^
[build] C:\Users\pperv\code\unnamed_rpg\vendor\json\include\nlohmann/json.hpp(211,24): warning: alias declarations are incompatible with C++98 [-Wc++98-compat]
[build]   211 |     using json_sax_t = json_sax<basic_json>;
[build]       |                        ^
[build] C:\Users\pperv\code\unnamed_rpg\vendor\json\include\nlohmann/json.hpp(221,23): warning: alias declarations are incompatible with C++98 [-Wc++98-compat]
[build]   221 |     using exception = detail::exception;
[build]       |                       ^
[build] C:\Users\pperv\code\unnamed_rpg\vendor\json\include\nlohmann/json.hpp(222,25): warning: alias declarations are incompatible with C++98 [-Wc++98-compat]
[build]   222 |     using parse_error = detail::parse_error;
[build]       |                         ^
[build] C:\Users\pperv\code\unnamed_rpg\vendor\json\include\nlohmann/json.hpp(223,30): warning: alias declarations are incompatible with C++98 [-Wc++98-compat]
[build]   223 |     using invalid_iterator = detail::invalid_iterator;
[build]       |                              ^
[build] C:\Users\pperv\code\unnamed_rpg\vendor\json\include\nlohmann/json.hpp(224,24): warning: alias declarations are incompatible with C++98 [-Wc++98-compat]
[build]   224 |     using type_error = detail::type_error;
[build]       |                        ^
[build] C:\Users\pperv\code\unnamed_rpg\vendor\json\include\nlohmann/json.hpp(225,26): warning: alias declarations are incompatible with C++98 [-Wc++98-compat]
[build]   225 |     using out_of_range = detail::out_of_range;
[build]       |                          ^
[build] C:\Users\pperv\code\unnamed_rpg\vendor\json\include\nlohmann/json.hpp(226,25): warning: alias declarations are incompatible with C++98 [-Wc++98-compat]
[build]   226 |     using other_error = detail::other_error;
[build]       |                         ^
[build] C:\Users\pperv\code\unnamed_rpg\vendor\json\include\nlohmann/json.hpp(240,24): warning: alias declarations are incompatible with C++98 [-Wc++98-compat]
[build]   240 |     using value_type = basic_json;
[build]       |                        ^
[build] C:\Users\pperv\code\unnamed_rpg\vendor\json\include\nlohmann/json.hpp(243,23): warning: alias declarations are incompatible with C++98 [-Wc++98-compat]
[build]   243 |     using reference = value_type&;
[build]       |                       ^
[build] C:\Users\pperv\code\unnamed_rpg\vendor\json\include\nlohmann/json.hpp(245,29): warning: alias declarations are incompatible with C++98 [-Wc++98-compat]
[build]   245 |     using const_reference = const value_type&;
[build]       |                             ^
[build] C:\Users\pperv\code\unnamed_rpg\vendor\json\include\nlohmann/json.hpp(248,29): warning: alias declarations are incompatible with C++98 [-Wc++98-compat]
[build]   248 |     using difference_type = std::ptrdiff_t;
[build]       |                             ^
[build] C:\Users\pperv\code\unnamed_rpg\vendor\json\include\nlohmann/json.hpp(250,23): warning: alias declarations are incompatible with C++98 [-Wc++98-compat]
[build]   250 |     using size_type = std::size_t;
[build]       |                       ^
[build] C:\Users\pperv\code\unnamed_rpg\vendor\json\include\nlohmann/json.hpp(253,28): warning: alias declarations are incompatible with C++98 [-Wc++98-compat]
[build]   253 |     using allocator_type = AllocatorType<basic_json>;
[build]       |                            ^
[build] C:\Users\pperv\code\unnamed_rpg\vendor\json\include\nlohmann/json.hpp(256,21): warning: alias declarations are incompatible with C++98 [-Wc++98-compat]
[build]   256 |     using pointer = typename std::allocator_traits<allocator_type>::pointer;
[build]       |                     ^
[build] C:\Users\pperv\code\unnamed_rpg\vendor\json\include\nlohmann/json.hpp(258,27): warning: alias declarations are incompatible with C++98 [-Wc++98-compat]
[build]   258 |     using const_pointer = typename std::allocator_traits<allocator_type>::const_pointer;
[build]       |                           ^
[build] C:\Users\pperv\code\unnamed_rpg\vendor\json\include\nlohmann/json.hpp(261,22): warning: alias declarations are incompatible with C++98 [-Wc++98-compat]
[build]   261 |     using iterator = iter_impl<basic_json>;
[build]       |                      ^
[build] C:\Users\pperv\code\unnamed_rpg\vendor\json\include\nlohmann/json.hpp(263,28): warning: alias declarations are incompatible with C++98 [-Wc++98-compat]
[build]   263 |     using const_iterator = iter_impl<const basic_json>;
[build]       |                            ^
[build] C:\Users\pperv\code\unnamed_rpg\vendor\json\include\nlohmann/json.hpp(265,30): warning: alias declarations are incompatible with C++98 [-Wc++98-compat]
[build]   265 |     using reverse_iterator = json_reverse_iterator<typename basic_json::iterator>;
[build]       |                              ^
[build] C:\Users\pperv\code\unnamed_rpg\vendor\json\include\nlohmann/json.hpp(267,36): warning: alias declarations are incompatible with C++98 [-Wc++98-compat]
[build]   267 |     using const_reverse_iterator = json_reverse_iterator<typename basic_json::const_iterator>;
[build]       |                                    ^
[build] C:\Users\pperv\code\unnamed_rpg\vendor\json\include\nlohmann/json.hpp(359,41): warning: alias declarations are incompatible with C++98 [-Wc++98-compat]
[build]   359 |     using default_object_comparator_t = std::less<>;
[build]       |                                         ^
[build] C:\Users\pperv\code\unnamed_rpg\vendor\json\include\nlohmann/json.hpp(366,22): warning: alias declarations are incompatible with C++98 [-Wc++98-compat]
[build]   366 |     using object_t = ObjectType<StringType,
[build]       |                      ^
[build] C:\Users\pperv\code\unnamed_rpg\vendor\json\include\nlohmann/json.hpp(370,21): warning: consecutive right angle brackets are incompatible with C++98 (use '> >') [-Wc++98-compat]
[build]   370 |           basic_json>>>;
[build]       |                     ^~
[build]       |                     > > 
[build] C:\Users\pperv\code\unnamed_rpg\vendor\json\include\nlohmann/json.hpp(374,21): warning: alias declarations are incompatible with C++98 [-Wc++98-compat]
[build]   374 |     using array_t = ArrayType<basic_json, AllocatorType<basic_json>>;
[build]       |                     ^
[build] C:\Users\pperv\code\unnamed_rpg\vendor\json\include\nlohmann/json.hpp(374,67): warning: consecutive right angle brackets are incompatible with C++98 (use '> >') [-Wc++98-compat]
[build]   374 |     using array_t = ArrayType<basic_json, AllocatorType<basic_json>>;
[build]       |                                                                   ^~
[build]       |                                                                   > >
[build] C:\Users\pperv\code\unnamed_rpg\vendor\json\include\nlohmann/json.hpp(378,22): warning: alias declarations are incompatible with C++98 [-Wc++98-compat]
[build]   378 |     using string_t = StringType;
[build]       |                      ^
[build] C:\Users\pperv\code\unnamed_rpg\vendor\json\include\nlohmann/json.hpp(382,23): warning: alias declarations are incompatible with C++98 [-Wc++98-compat]
[build]   382 |     using boolean_t = BooleanType;
[build]       |                       ^
[build] C:\Users\pperv\code\unnamed_rpg\vendor\json\include\nlohmann/json.hpp(386,30): warning: alias declarations are incompatible with C++98 [-Wc++98-compat]
[build]   386 |     using number_integer_t = NumberIntegerType;
[build]       |                              ^
[build] C:\Users\pperv\code\unnamed_rpg\vendor\json\include\nlohmann/json.hpp(390,31): warning: alias declarations are incompatible with C++98 [-Wc++98-compat]
[build]   390 |     using number_unsigned_t = NumberUnsignedType;
[build]       |                               ^
[build] C:\Users\pperv\code\unnamed_rpg\vendor\json\include\nlohmann/json.hpp(394,28): warning: alias declarations are incompatible with C++98 [-Wc++98-compat]
[build]   394 |     using number_float_t = NumberFloatType;
[build]       |                            ^
[build] C:\Users\pperv\code\unnamed_rpg\vendor\json\include\nlohmann/json.hpp(398,22): warning: alias declarations are incompatible with C++98 [-Wc++98-compat]
[build]   398 |     using binary_t = nlohmann::byte_container_with_subtype<BinaryType>;
[build]       |                      ^
[build] C:\Users\pperv\code\unnamed_rpg\vendor\json\include\nlohmann/json.hpp(402,33): warning: alias declarations are incompatible with C++98 [-Wc++98-compat]
[build]   402 |     using object_comparator_t = detail::actual_object_comparator_t<basic_json>;
[build]       |                                 ^
[build] C:\Users\pperv\code\unnamed_rpg\vendor\json\include\nlohmann/json.hpp(409,34): warning: variadic templates are incompatible with C++98 [-Wc++98-compat]
[build]   409 |     template<typename T, typename... Args>
[build]       |                                  ^
[build] C:\Users\pperv\code\unnamed_rpg\vendor\json\include\nlohmann/json.hpp(411,26): warning: rvalue references are incompatible with C++98 [-Wc++98-compat]
[build]   411 |     static T* create(Args&& ... args)
[build]       |                          ^
[build] C:\Users\pperv\code\unnamed_rpg\vendor\json\include\nlohmann/json.hpp(476,24): warning: defaulted function definitions are incompatible with C++98 [-Wc++98-compat]
[build]   476 |         json_value() = default;
[build]       |                        ^
[build] C:\Users\pperv\code\unnamed_rpg\vendor\json\include\nlohmann/json.hpp(478,42): warning: noexcept specifications are incompatible with C++98 [-Wc++98-compat]
[build]   478 |         json_value(boolean_t v) noexcept : boolean(v) {}
[build]       |                                          ^
[build] C:\Users\pperv\code\unnamed_rpg\vendor\json\include\nlohmann/json.hpp(480,49): warning: noexcept specifications are incompatible with C++98 [-Wc++98-compat]
[build]   480 |         json_value(number_integer_t v) noexcept : number_integer(v) {}
[build]       |                                                 ^
[build] C:\Users\pperv\code\unnamed_rpg\vendor\json\include\nlohmann/json.hpp(482,50): warning: noexcept specifications are incompatible with C++98 [-Wc++98-compat]
[build]   482 |         json_value(number_unsigned_t v) noexcept : number_unsigned(v) {}
[build]       |                                                  ^
[build] C:\Users\pperv\code\unnamed_rpg\vendor\json\include\nlohmann/json.hpp(484,47): warning: noexcept specifications are incompatible with C++98 [-Wc++98-compat]
[build]   484 |         json_value(number_float_t v) noexcept : number_float(v) {}
[build]       |                                               ^
[build] C:\Users\pperv\code\unnamed_rpg\vendor\json\include\nlohmann/json.hpp(561,28): warning: rvalue references are incompatible with C++98 [-Wc++98-compat]
[build]   561 |         json_value(string_t&& value) : string(create<string_t>(std::move(value))) {}
[build]       |                            ^
[build] C:\Users\pperv\code\unnamed_rpg\vendor\json\include\nlohmann/json.hpp(567,28): warning: rvalue references are incompatible with C++98 [-Wc++98-compat]
[build]   567 |         json_value(object_t&& value) : object(create<object_t>(std::move(value))) {}
[build]       |                            ^
[build] C:\Users\pperv\code\unnamed_rpg\vendor\json\include\nlohmann/json.hpp(573,27): warning: rvalue references are incompatible with C++98 [-Wc++98-compat]
[build]   573 |         json_value(array_t&& value) : array(create<array_t>(std::move(value))) {}
[build]       |                           ^
[build] C:\Users\pperv\code\unnamed_rpg\vendor\json\include\nlohmann/json.hpp(579,53): warning: rvalue references are incompatible with C++98 [-Wc++98-compat]
[build]   579 |         json_value(typename binary_t::container_type&& value) : binary(create<binary_t>(std::move(value))) {}
[build]       |                                                     ^
[build] C:\Users\pperv\code\unnamed_rpg\vendor\json\include\nlohmann/json.hpp(585,28): warning: rvalue references are incompatible with C++98 [-Wc++98-compat]
[build]   585 |         json_value(binary_t&& value) : binary(create<binary_t>(std::move(value))) {}
[build]       |                            ^
[build] C:\Users\pperv\code\unnamed_rpg\vendor\json\include\nlohmann/json.hpp(716,5): warning: noexcept specifications are incompatible with C++98 [-Wc++98-compat]
[build]   716 |     {
[build]       |     ^
[build] C:\Users\pperv\code\unnamed_rpg\vendor\json\include\nlohmann/json.hpp(831,27): warning: alias declarations are incompatible with C++98 [-Wc++98-compat]
[build]   831 |     using parse_event_t = detail::parse_event_t;
[build]       |                           ^
[build] C:\Users\pperv\code\unnamed_rpg\vendor\json\include\nlohmann/json.hpp(835,31): warning: alias declarations are incompatible with C++98 [-Wc++98-compat]
[build]   835 |     using parser_callback_t = detail::parser_callback_t<basic_json>;
[build]       |                               ^
[build] C:\Users\pperv\code\unnamed_rpg\vendor\json\include\nlohmann/json.hpp(857,9): warning: noexcept specifications are incompatible with C++98 [-Wc++98-compat]
[build]   857 |         : basic_json(value_t::null)
[build]       |         ^
[build] C:\Users\pperv\code\unnamed_rpg\vendor\json\include\nlohmann/json.hpp(868,31): warning: rvalue references are incompatible with C++98 [-Wc++98-compat]
[build]   868 |     basic_json(CompatibleType && val) noexcept(noexcept( // NOLINT(bugprone-forwarding-reference-overload,bugprone-exception-escape)
[build]       |                               ^
[build] C:\Users\pperv\code\unnamed_rpg\vendor\json\include\nlohmann/json.hpp(865,25): warning: default template arguments for a function template are incompatible with C++98 [-Wc++98-compat]
[build]   865 |                typename U = detail::uncvref_t<CompatibleType>,
[build]       |                         ^   ~~~~~~~~~~~~~~~~~~~~~~~~~~~~~~~~~
[build] C:\Users\pperv\code\unnamed_rpg\vendor\json\include\nlohmann/json.hpp(867,114): warning: default template arguments for a function template are incompatible with C++98 [-Wc++98-compat]
[build]   867 |                    !detail::is_basic_json<U>::value && detail::is_compatible_type<basic_json_t, U>::value, int > = 0 >
[build]       |                                                                                                                  ^ ~
[build] C:\Users\pperv\code\unnamed_rpg\vendor\json\include\nlohmann/json.hpp(881,121): warning: default template arguments for a function template are incompatible with C++98 [-Wc++98-compat]
[build]   881 |                    detail::is_basic_json<BasicJsonType>::value&& !std::is_same<basic_json, BasicJsonType>::value, int > = 0 >
[build]       |                                                                                                                         ^ ~
[build] C:\Users\pperv\code\unnamed_rpg\vendor\json\include\nlohmann/json.hpp(1030,63): warning: rvalue references are incompatible with C++98 [-Wc++98-compat]
[build]  1030 |     static basic_json binary(typename binary_t::container_type&& init)
[build]       |                                                               ^
[build] C:\Users\pperv\code\unnamed_rpg\vendor\json\include\nlohmann/json.hpp(1041,63): warning: rvalue references are incompatible with C++98 [-Wc++98-compat]
[build]  1041 |     static basic_json binary(typename binary_t::container_type&& init, typename binary_t::subtype_type subtype)
[build]       |                                                               ^
[build] C:\Users\pperv\code\unnamed_rpg\vendor\json\include\nlohmann/json.hpp(1078,101): warning: default template arguments for a function template are incompatible with C++98 [-Wc++98-compat]
[build]  1078 |                    std::is_same<InputIT, typename basic_json_t::const_iterator>::value, int >::type = 0 >
[build]       |                                                                                                     ^ ~
[build] C:\Users\pperv\code\unnamed_rpg\vendor\json\include\nlohmann/json.hpp(1187,87): warning: consecutive right angle brackets are incompatible with C++98 (use '> >') [-Wc++98-compat]
[build]  1187 |                                  std::is_same<typename JsonRef::value_type, basic_json>>::value, int> = 0 >
[build]       |                                                                                       ^~
[build]       |                                                                                       > >
[build] C:\Users\pperv\code\unnamed_rpg\vendor\json\include\nlohmann/json.hpp(1187,103): warning: default template arguments for a function template are incompatible with C++98 [-Wc++98-compat]
[build]  1187 |                                  std::is_same<typename JsonRef::value_type, basic_json>>::value, int> = 0 >
[build]       |                                                                                                       ^ ~
[build] C:\Users\pperv\code\unnamed_rpg\vendor\json\include\nlohmann/json.hpp(1265,26): warning: rvalue references are incompatible with C++98 [-Wc++98-compat]
[build]  1265 |     basic_json(basic_json&& other) noexcept
[build]       |                          ^
[build] C:\Users\pperv\code\unnamed_rpg\vendor\json\include\nlohmann/json.hpp(1266,9): warning: noexcept specifications are incompatible with C++98 [-Wc++98-compat]
[build]  1266 |         : json_base_class_t(std::forward<json_base_class_t>(other)),
[build]       |         ^
[build] C:\Users\pperv\code\unnamed_rpg\vendor\json\include\nlohmann/json.hpp(1321,5): warning: noexcept specifications are incompatible with C++98 [-Wc++98-compat]
[build]  1321 |     {
[build]       |     ^
[build] C:\Users\pperv\code\unnamed_rpg\vendor\json\include\nlohmann/json.hpp(1360,5): warning: 'constexpr' specifier is incompatible with C++98 [-Wc++98-compat]
[build]  1360 |     constexpr value_t type() const noexcept
[build]       |     ^
[build] C:\Users\pperv\code\unnamed_rpg\vendor\json\include\nlohmann/json.hpp(1361,5): warning: noexcept specifications are incompatible with C++98 [-Wc++98-compat]
[build]  1361 |     {
[build]       |     ^
[build] C:\Users\pperv\code\unnamed_rpg\vendor\json\include\nlohmann/json.hpp(1367,5): warning: 'constexpr' specifier is incompatible with C++98 [-Wc++98-compat]
[build]  1367 |     constexpr bool is_primitive() const noexcept
[build]       |     ^
[build] C:\Users\pperv\code\unnamed_rpg\vendor\json\include\nlohmann/json.hpp(1368,5): warning: noexcept specifications are incompatible with C++98 [-Wc++98-compat]
[build]  1368 |     {
[build]       |     ^
[build] C:\Users\pperv\code\unnamed_rpg\vendor\json\include\nlohmann/json.hpp(1374,5): warning: 'constexpr' specifier is incompatible with C++98 [-Wc++98-compat]
[build]  1374 |     constexpr bool is_structured() const noexcept
[build]       |     ^
[build] C:\Users\pperv\code\unnamed_rpg\vendor\json\include\nlohmann/json.hpp(1375,5): warning: noexcept specifications are incompatible with C++98 [-Wc++98-compat]
[build]  1375 |     {
[build]       |     ^
[build] C:\Users\pperv\code\unnamed_rpg\vendor\json\include\nlohmann/json.hpp(1381,5): warning: 'constexpr' specifier is incompatible with C++98 [-Wc++98-compat]
[build]  1381 |     constexpr bool is_null() const noexcept
[build]       |     ^
[build] C:\Users\pperv\code\unnamed_rpg\vendor\json\include\nlohmann/json.hpp(1382,5): warning: noexcept specifications are incompatible with C++98 [-Wc++98-compat]
[build]  1382 |     {
[build]       |     ^
[build] C:\Users\pperv\code\unnamed_rpg\vendor\json\include\nlohmann/json.hpp(1388,5): warning: 'constexpr' specifier is incompatible with C++98 [-Wc++98-compat]
[build]  1388 |     constexpr bool is_boolean() const noexcept
[build]       |     ^
[build] C:\Users\pperv\code\unnamed_rpg\vendor\json\include\nlohmann/json.hpp(1389,5): warning: noexcept specifications are incompatible with C++98 [-Wc++98-compat]
[build]  1389 |     {
[build]       |     ^
[build] C:\Users\pperv\code\unnamed_rpg\vendor\json\include\nlohmann/json.hpp(1395,5): warning: 'constexpr' specifier is incompatible with C++98 [-Wc++98-compat]
[build]  1395 |     constexpr bool is_number() const noexcept
[build]       |     ^
[build] C:\Users\pperv\code\unnamed_rpg\vendor\json\include\nlohmann/json.hpp(1396,5): warning: noexcept specifications are incompatible with C++98 [-Wc++98-compat]
[build]  1396 |     {
[build]       |     ^
[build] C:\Users\pperv\code\unnamed_rpg\vendor\json\include\nlohmann/json.hpp(1402,5): warning: 'constexpr' specifier is incompatible with C++98 [-Wc++98-compat]
[build]  1402 |     constexpr bool is_number_integer() const noexcept
[build]       |     ^
[build] C:\Users\pperv\code\unnamed_rpg\vendor\json\include\nlohmann/json.hpp(1403,5): warning: noexcept specifications are incompatible with C++98 [-Wc++98-compat]
[build]  1403 |     {
[build]       |     ^
[build] C:\Users\pperv\code\unnamed_rpg\vendor\json\include\nlohmann/json.hpp(1409,5): warning: 'constexpr' specifier is incompatible with C++98 [-Wc++98-compat]
[build]  1409 |     constexpr bool is_number_unsigned() const noexcept
[build]       |     ^
[build] C:\Users\pperv\code\unnamed_rpg\vendor\json\include\nlohmann/json.hpp(1410,5): warning: noexcept specifications are incompatible with C++98 [-Wc++98-compat]
[build]  1410 |     {
[build]       |     ^
[build] C:\Users\pperv\code\unnamed_rpg\vendor\json\include\nlohmann/json.hpp(1416,5): warning: 'constexpr' specifier is incompatible with C++98 [-Wc++98-compat]
[build]  1416 |     constexpr bool is_number_float() const noexcept
[build]       |     ^
[build] C:\Users\pperv\code\unnamed_rpg\vendor\json\include\nlohmann/json.hpp(1417,5): warning: noexcept specifications are incompatible with C++98 [-Wc++98-compat]
[build]  1417 |     {
[build]       |     ^
[build] C:\Users\pperv\code\unnamed_rpg\vendor\json\include\nlohmann/json.hpp(1423,5): warning: 'constexpr' specifier is incompatible with C++98 [-Wc++98-compat]
[build]  1423 |     constexpr bool is_object() const noexcept
[build]       |     ^
[build] C:\Users\pperv\code\unnamed_rpg\vendor\json\include\nlohmann/json.hpp(1424,5): warning: noexcept specifications are incompatible with C++98 [-Wc++98-compat]
[build]  1424 |     {
[build]       |     ^
[build] C:\Users\pperv\code\unnamed_rpg\vendor\json\include\nlohmann/json.hpp(1430,5): warning: 'constexpr' specifier is incompatible with C++98 [-Wc++98-compat]
[build]  1430 |     constexpr bool is_array() const noexcept
[build]       |     ^
[build] C:\Users\pperv\code\unnamed_rpg\vendor\json\include\nlohmann/json.hpp(1431,5): warning: noexcept specifications are incompatible with C++98 [-Wc++98-compat]
[build]  1431 |     {
[build]       |     ^
[build] C:\Users\pperv\code\unnamed_rpg\vendor\json\include\nlohmann/json.hpp(1437,5): warning: 'constexpr' specifier is incompatible with C++98 [-Wc++98-compat]
[build]  1437 |     constexpr bool is_string() const noexcept
[build]       |     ^
[build] C:\Users\pperv\code\unnamed_rpg\vendor\json\include\nlohmann/json.hpp(1438,5): warning: noexcept specifications are incompatible with C++98 [-Wc++98-compat]
[build]  1438 |     {
[build]       |     ^
[build] C:\Users\pperv\code\unnamed_rpg\vendor\json\include\nlohmann/json.hpp(1444,5): warning: 'constexpr' specifier is incompatible with C++98 [-Wc++98-compat]
[build]  1444 |     constexpr bool is_binary() const noexcept
[build]       |     ^
[build] C:\Users\pperv\code\unnamed_rpg\vendor\json\include\nlohmann/json.hpp(1445,5): warning: noexcept specifications are incompatible with C++98 [-Wc++98-compat]
[build]  1445 |     {
[build]       |     ^
[build] C:\Users\pperv\code\unnamed_rpg\vendor\json\include\nlohmann/json.hpp(1451,5): warning: 'constexpr' specifier is incompatible with C++98 [-Wc++98-compat]
[build]  1451 |     constexpr bool is_discarded() const noexcept
[build]       |     ^
[build] C:\Users\pperv\code\unnamed_rpg\vendor\json\include\nlohmann/json.hpp(1452,5): warning: noexcept specifications are incompatible with C++98 [-Wc++98-compat]
[build]  1452 |     {
[build]       |     ^
[build] C:\Users\pperv\code\unnamed_rpg\vendor\json\include\nlohmann/json.hpp(1458,5): warning: 'constexpr' specifier is incompatible with C++98 [-Wc++98-compat]
[build]  1458 |     constexpr operator value_t() const noexcept
[build]       |     ^
[build] C:\Users\pperv\code\unnamed_rpg\vendor\json\include\nlohmann/json.hpp(1459,5): warning: noexcept specifications are incompatible with C++98 [-Wc++98-compat]
[build]  1459 |     {
[build]       |     ^
[build] C:\Users\pperv\code\unnamed_rpg\vendor\json\include\nlohmann/json.hpp(1483,5): warning: noexcept specifications are incompatible with C++98 [-Wc++98-compat]
[build]  1483 |     {
[build]       |     ^
[build] C:\Users\pperv\code\unnamed_rpg\vendor\json\include\nlohmann/json.hpp(1488,5): warning: 'constexpr' specifier is incompatible with C++98 [-Wc++98-compat]
[build]  1488 |     constexpr const object_t* get_impl_ptr(const object_t* /*unused*/) const noexcept
[build]       |     ^
[build] C:\Users\pperv\code\unnamed_rpg\vendor\json\include\nlohmann/json.hpp(1489,5): warning: noexcept specifications are incompatible with C++98 [-Wc++98-compat]
[build]  1489 |     {
[build]       |     ^
[build] C:\Users\pperv\code\unnamed_rpg\vendor\json\include\nlohmann/json.hpp(1495,5): warning: noexcept specifications are incompatible with C++98 [-Wc++98-compat]
[build]  1495 |     {
[build]       |     ^
[build] C:\Users\pperv\code\unnamed_rpg\vendor\json\include\nlohmann/json.hpp(1500,5): warning: 'constexpr' specifier is incompatible with C++98 [-Wc++98-compat]
[build]  1500 |     constexpr const array_t* get_impl_ptr(const array_t* /*unused*/) const noexcept
[build]       |     ^
[build] C:\Users\pperv\code\unnamed_rpg\vendor\json\include\nlohmann/json.hpp(1501,5): warning: noexcept specifications are incompatible with C++98 [-Wc++98-compat]
[build]  1501 |     {
[build]       |     ^
[build] C:\Users\pperv\code\unnamed_rpg\vendor\json\include\nlohmann/json.hpp(1507,5): warning: noexcept specifications are incompatible with C++98 [-Wc++98-compat]
[build]  1507 |     {
[build]       |     ^
[build] C:\Users\pperv\code\unnamed_rpg\vendor\json\include\nlohmann/json.hpp(1512,5): warning: 'constexpr' specifier is incompatible with C++98 [-Wc++98-compat]
[build]  1512 |     constexpr const string_t* get_impl_ptr(const string_t* /*unused*/) const noexcept
[build]       |     ^
[build] C:\Users\pperv\code\unnamed_rpg\vendor\json\include\nlohmann/json.hpp(1513,5): warning: noexcept specifications are incompatible with C++98 [-Wc++98-compat]
[build]  1513 |     {
[build]       |     ^
[build] C:\Users\pperv\code\unnamed_rpg\vendor\json\include\nlohmann/json.hpp(1519,5): warning: noexcept specifications are incompatible with C++98 [-Wc++98-compat]
[build]  1519 |     {
[build]       |     ^
[build] C:\Users\pperv\code\unnamed_rpg\vendor\json\include\nlohmann/json.hpp(1524,5): warning: 'constexpr' specifier is incompatible with C++98 [-Wc++98-compat]
[build]  1524 |     constexpr const boolean_t* get_impl_ptr(const boolean_t* /*unused*/) const noexcept
[build]       |     ^
[build] C:\Users\pperv\code\unnamed_rpg\vendor\json\include\nlohmann/json.hpp(1525,5): warning: noexcept specifications are incompatible with C++98 [-Wc++98-compat]
[build]  1525 |     {
[build]       |     ^
[build] C:\Users\pperv\code\unnamed_rpg\vendor\json\include\nlohmann/json.hpp(1531,5): warning: noexcept specifications are incompatible with C++98 [-Wc++98-compat]
[build]  1531 |     {
[build]       |     ^
[build] C:\Users\pperv\code\unnamed_rpg\vendor\json\include\nlohmann/json.hpp(1536,5): warning: 'constexpr' specifier is incompatible with C++98 [-Wc++98-compat]
[build]  1536 |     constexpr const number_integer_t* get_impl_ptr(const number_integer_t* /*unused*/) const noexcept
[build]       |     ^
[build] C:\Users\pperv\code\unnamed_rpg\vendor\json\include\nlohmann/json.hpp(1537,5): warning: noexcept specifications are incompatible with C++98 [-Wc++98-compat]
[build]  1537 |     {
[build]       |     ^
[build] C:\Users\pperv\code\unnamed_rpg\vendor\json\include\nlohmann/json.hpp(1543,5): warning: noexcept specifications are incompatible with C++98 [-Wc++98-compat]
[build]  1543 |     {
[build]       |     ^
[build] C:\Users\pperv\code\unnamed_rpg\vendor\json\include\nlohmann/json.hpp(1548,5): warning: 'constexpr' specifier is incompatible with C++98 [-Wc++98-compat]
[build]  1548 |     constexpr const number_unsigned_t* get_impl_ptr(const number_unsigned_t* /*unused*/) const noexcept
[build]       |     ^
[build] C:\Users\pperv\code\unnamed_rpg\vendor\json\include\nlohmann/json.hpp(1549,5): warning: noexcept specifications are incompatible with C++98 [-Wc++98-compat]
[build]  1549 |     {
[build]       |     ^
[build] C:\Users\pperv\code\unnamed_rpg\vendor\json\include\nlohmann/json.hpp(1555,5): warning: noexcept specifications are incompatible with C++98 [-Wc++98-compat]
[build]  1555 |     {
[build]       |     ^
[build] C:\Users\pperv\code\unnamed_rpg\vendor\json\include\nlohmann/json.hpp(1560,5): warning: 'constexpr' specifier is incompatible with C++98 [-Wc++98-compat]
[build]  1560 |     constexpr const number_float_t* get_impl_ptr(const number_float_t* /*unused*/) const noexcept
[build]       |     ^
[build] C:\Users\pperv\code\unnamed_rpg\vendor\json\include\nlohmann/json.hpp(1561,5): warning: noexcept specifications are incompatible with C++98 [-Wc++98-compat]
[build]  1561 |     {
[build]       |     ^
[build] C:\Users\pperv\code\unnamed_rpg\vendor\json\include\nlohmann/json.hpp(1567,5): warning: noexcept specifications are incompatible with C++98 [-Wc++98-compat]
[build]  1567 |     {
[build]       |     ^
[build] C:\Users\pperv\code\unnamed_rpg\vendor\json\include\nlohmann/json.hpp(1572,5): warning: 'constexpr' specifier is incompatible with C++98 [-Wc++98-compat]
[build]  1572 |     constexpr const binary_t* get_impl_ptr(const binary_t* /*unused*/) const noexcept
[build]       |     ^
[build] C:\Users\pperv\code\unnamed_rpg\vendor\json\include\nlohmann/json.hpp(1573,5): warning: noexcept specifications are incompatible with C++98 [-Wc++98-compat]
[build]  1573 |     {
[build]       |     ^
[build] C:\Users\pperv\code\unnamed_rpg\vendor\json\include\nlohmann/json.hpp(1611,29): warning: noexcept specifications are incompatible with C++98 [-Wc++98-compat]
[build]  1611 |     auto get_ptr() noexcept -> decltype(std::declval<basic_json_t&>().get_impl_ptr(std::declval<PointerType>()))
[build]       |                             ^
[build] C:\Users\pperv\code\unnamed_rpg\vendor\json\include\nlohmann/json.hpp(1611,29): warning: trailing return types are incompatible with C++98 [-Wc++98-compat]
[build] C:\Users\pperv\code\unnamed_rpg\vendor\json\include\nlohmann/json.hpp(1611,32): warning: 'decltype' type specifier is incompatible with C++98 [-Wc++98-compat]
[build]  1611 |     auto get_ptr() noexcept -> decltype(std::declval<basic_json_t&>().get_impl_ptr(std::declval<PointerType>()))
[build]       |                                ^
[build] C:\Users\pperv\code\unnamed_rpg\vendor\json\include\nlohmann/json.hpp(1610,66): warning: default template arguments for a function template are incompatible with C++98 [-Wc++98-compat]
[build]  1610 |                  std::is_pointer<PointerType>::value, int>::type = 0>
[build]       |                                                                  ^ ~
[build] C:\Users\pperv\code\unnamed_rpg\vendor\json\include\nlohmann/json.hpp(1622,5): warning: 'constexpr' specifier is incompatible with C++98 [-Wc++98-compat]
[build]  1622 |     constexpr auto get_ptr() const noexcept -> decltype(std::declval<const basic_json_t&>().get_impl_ptr(std::declval<PointerType>()))
[build]       |     ^
[build] C:\Users\pperv\code\unnamed_rpg\vendor\json\include\nlohmann/json.hpp(1622,45): warning: noexcept specifications are incompatible with C++98 [-Wc++98-compat]
[build]  1622 |     constexpr auto get_ptr() const noexcept -> decltype(std::declval<const basic_json_t&>().get_impl_ptr(std::declval<PointerType>()))
[build]       |                                             ^
[build] C:\Users\pperv\code\unnamed_rpg\vendor\json\include\nlohmann/json.hpp(1622,45): warning: trailing return types are incompatible with C++98 [-Wc++98-compat]
[build] C:\Users\pperv\code\unnamed_rpg\vendor\json\include\nlohmann/json.hpp(1622,48): warning: 'decltype' type specifier is incompatible with C++98 [-Wc++98-compat]
[build]  1622 |     constexpr auto get_ptr() const noexcept -> decltype(std::declval<const basic_json_t&>().get_impl_ptr(std::declval<PointerType>()))
[build]       |                                                ^
[build] C:\Users\pperv\code\unnamed_rpg\vendor\json\include\nlohmann/json.hpp(1621,103): warning: default template arguments for a function template are incompatible with C++98 [-Wc++98-compat]
[build]  1621 |                    std::is_const<typename std::remove_pointer<PointerType>::type>::value, int >::type = 0 >
[build]       |                                                                                                       ^ ~
[build] C:\Users\pperv\code\unnamed_rpg\vendor\json\include\nlohmann/json.hpp(1671,26): warning: default template arguments for a function template are incompatible with C++98 [-Wc++98-compat]
[build]  1671 |                    int > = 0 >
[build]       |                          ^ ~
[build] C:\Users\pperv\code\unnamed_rpg\vendor\json\include\nlohmann/json.hpp(1713,26): warning: default template arguments for a function template are incompatible with C++98 [-Wc++98-compat]
[build]  1713 |                    int > = 0 >
[build]       |                          ^ ~
[build] C:\Users\pperv\code\unnamed_rpg\vendor\json\include\nlohmann/json.hpp(1738,26): warning: default template arguments for a function template are incompatible with C++98 [-Wc++98-compat]
[build]  1738 |                    int > = 0 >
[build]       |                          ^ ~
[build] C:\Users\pperv\code\unnamed_rpg\vendor\json\include\nlohmann/json.hpp(1761,23): warning: default template arguments for a function template are incompatible with C++98 [-Wc++98-compat]
[build]  1761 |                  int> = 0>
[build]       |                       ^ ~
[build] C:\Users\pperv\code\unnamed_rpg\vendor\json\include\nlohmann/json.hpp(1775,5): warning: 'constexpr' specifier is incompatible with C++98 [-Wc++98-compat]
[build]  1775 |     constexpr auto get_impl(detail::priority_tag<4> /*unused*/) const noexcept
[build]       |     ^
[build] C:\Users\pperv\code\unnamed_rpg\vendor\json\include\nlohmann/json.hpp(1776,5): warning: noexcept specifications are incompatible with C++98 [-Wc++98-compat]
[build]  1776 |     -> decltype(std::declval<const basic_json_t&>().template get_ptr<PointerType>())
[build]       |     ^
[build] C:\Users\pperv\code\unnamed_rpg\vendor\json\include\nlohmann/json.hpp(1776,5): warning: trailing return types are incompatible with C++98 [-Wc++98-compat]
[build] C:\Users\pperv\code\unnamed_rpg\vendor\json\include\nlohmann/json.hpp(1776,8): warning: 'decltype' type specifier is incompatible with C++98 [-Wc++98-compat]
[build]  1776 |     -> decltype(std::declval<const basic_json_t&>().template get_ptr<PointerType>())
[build]       |        ^
[build] C:\Users\pperv\code\unnamed_rpg\vendor\json\include\nlohmann/json.hpp(1774,23): warning: default template arguments for a function template are incompatible with C++98 [-Wc++98-compat]
[build]  1774 |                  int> = 0>
[build]       |                       ^ ~
[build] C:\Users\pperv\code\unnamed_rpg\vendor\json\include\nlohmann/json.hpp(1806,88): warning: consecutive right angle brackets are incompatible with C++98 (use '> >') [-Wc++98-compat]
[build]  1806 |     template < typename ValueTypeCV, typename ValueType = detail::uncvref_t<ValueTypeCV>>
[build]       |                                                                                        ^~
[build]       |                                                                                        > >
[build] C:\Users\pperv\code\unnamed_rpg\vendor\json\include\nlohmann/json.hpp(1808,5): warning: 'constexpr' specifier is incompatible with C++98 [-Wc++98-compat]
[build]  1808 |     constexpr
[build]       |     ^
[build] C:\Users\pperv\code\unnamed_rpg\vendor\json\include\nlohmann/json.hpp(1812,5): warning: trailing return types are incompatible with C++98 [-Wc++98-compat]
[build]  1812 |     -> decltype(std::declval<const basic_json_t&>().template get_impl<ValueType>(detail::priority_tag<4> {}))
[build]       |     ^
[build] C:\Users\pperv\code\unnamed_rpg\vendor\json\include\nlohmann/json.hpp(1812,8): warning: 'decltype' type specifier is incompatible with C++98 [-Wc++98-compat]
[build]  1812 |     -> decltype(std::declval<const basic_json_t&>().template get_impl<ValueType>(detail::priority_tag<4> {}))
[build]       |        ^
[build] C:\Users\pperv\code\unnamed_rpg\vendor\json\include\nlohmann/json.hpp(1812,106): warning: generalized initializer lists are incompatible with C++98 [-Wc++98-compat]
[build]  1812 |     -> decltype(std::declval<const basic_json_t&>().template get_impl<ValueType>(detail::priority_tag<4> {}))
[build]       |                                                                                                          ^
[build] C:\Users\pperv\code\unnamed_rpg\vendor\json\include\nlohmann/json.hpp(1812,106): warning: constructor call from initializer list is incompatible with C++98 [-Wc++98-compat]
[build]  1812 |     -> decltype(std::declval<const basic_json_t&>().template get_impl<ValueType>(detail::priority_tag<4> {}))
[build]       |                                                                                                          ^~
[build] C:\Users\pperv\code\unnamed_rpg\vendor\json\include\nlohmann/json.hpp(1806,47): warning: default template arguments for a function template are incompatible with C++98 [-Wc++98-compat]
[build]  1806 |     template < typename ValueTypeCV, typename ValueType = detail::uncvref_t<ValueTypeCV>>
[build]       |                                               ^           ~~~~~~~~~~~~~~~~~~~~~~~~~~~~~~
[build] C:\Users\pperv\code\unnamed_rpg\vendor\json\include\nlohmann/json.hpp(1851,25): warning: noexcept specifications are incompatible with C++98 [-Wc++98-compat]
[build]  1851 |     auto get() noexcept -> decltype(std::declval<basic_json_t&>().template get_ptr<PointerType>())
[build]       |                         ^
[build] C:\Users\pperv\code\unnamed_rpg\vendor\json\include\nlohmann/json.hpp(1851,25): warning: trailing return types are incompatible with C++98 [-Wc++98-compat]
[build] C:\Users\pperv\code\unnamed_rpg\vendor\json\include\nlohmann/json.hpp(1851,28): warning: 'decltype' type specifier is incompatible with C++98 [-Wc++98-compat]
[build]  1851 |     auto get() noexcept -> decltype(std::declval<basic_json_t&>().template get_ptr<PointerType>())
[build]       |                            ^
[build] C:\Users\pperv\code\unnamed_rpg\vendor\json\include\nlohmann/json.hpp(1850,66): warning: default template arguments for a function template are incompatible with C++98 [-Wc++98-compat]
[build]  1850 |                  std::is_pointer<PointerType>::value, int>::type = 0>
[build]       |                                                                  ^ ~
[build] C:\Users\pperv\code\unnamed_rpg\vendor\json\include\nlohmann/json.hpp(1863,26): warning: default template arguments for a function template are incompatible with C++98 [-Wc++98-compat]
[build]  1863 |                    int > = 0 >
[build]       |                          ^ ~
[build] C:\Users\pperv\code\unnamed_rpg\vendor\json\include\nlohmann/json.hpp(1876,23): warning: default template arguments for a function template are incompatible with C++98 [-Wc++98-compat]
[build]  1876 |                  int> = 0>
[build]       |                       ^ ~
[build] C:\Users\pperv\code\unnamed_rpg\vendor\json\include\nlohmann/json.hpp(1885,18): warning: default template arguments for a function template are incompatible with C++98 [-Wc++98-compat]
[build]  1885 |         typename Array = T (&)[N], // NOLINT(cppcoreguidelines-avoid-c-arrays,hicpp-avoid-c-arrays,modernize-avoid-c-arrays)
[build]       |                  ^       ~~~~~~~~
[build] C:\Users\pperv\code\unnamed_rpg\vendor\json\include\nlohmann/json.hpp(1887,70): warning: default template arguments for a function template are incompatible with C++98 [-Wc++98-compat]
[build]  1887 |             detail::has_from_json<basic_json_t, Array>::value, int > = 0 >
[build]       |                                                                      ^ ~
[build] C:\Users\pperv\code\unnamed_rpg\vendor\json\include\nlohmann/json.hpp(1899,70): warning: default template arguments for a function template are incompatible with C++98 [-Wc++98-compat]
[build]  1899 |                  std::is_reference<ReferenceType>::value, int>::type = 0>
[build]       |                                                                      ^ ~
[build] C:\Users\pperv\code\unnamed_rpg\vendor\json\include\nlohmann/json.hpp(1910,107): warning: default template arguments for a function template are incompatible with C++98 [-Wc++98-compat]
[build]  1910 |                    std::is_const<typename std::remove_reference<ReferenceType>::type>::value, int >::type = 0 >
[build]       |                                                                                                           ^ ~
[build] C:\Users\pperv\code\unnamed_rpg\vendor\json\include\nlohmann/json.hpp(1948,66): warning: consecutive right angle brackets are incompatible with C++98 (use '> >') [-Wc++98-compat]
[build]  1948 |                        detail::negation<std::is_pointer<ValueType>>,
[build]       |                                                                  ^~
[build]       |                                                                  > >
[build] C:\Users\pperv\code\unnamed_rpg\vendor\json\include\nlohmann/json.hpp(1949,79): warning: consecutive right angle brackets are incompatible with C++98 (use '> >') [-Wc++98-compat]
[build]  1949 |                        detail::negation<std::is_same<ValueType, std::nullptr_t>>,
[build]       |                                                                               ^~
[build]       |                                                                               > >
[build] C:\Users\pperv\code\unnamed_rpg\vendor\json\include\nlohmann/json.hpp(1950,92): warning: consecutive right angle brackets are incompatible with C++98 (use '> >') [-Wc++98-compat]
[build]  1950 |                        detail::negation<std::is_same<ValueType, detail::json_ref<basic_json>>>,
[build]       |                                                                                            ^~
[build]       |                                                                                            > > 
[build] C:\Users\pperv\code\unnamed_rpg\vendor\json\include\nlohmann/json.hpp(1951,111): warning: consecutive right angle brackets are incompatible with C++98 (use '> >') [-Wc++98-compat]
[build]  1951 |                                         detail::negation<std::is_same<ValueType, typename string_t::value_type>>,
[build]       |                                                                                                               ^~
[build]       |                                                                                                               > >
[build] C:\Users\pperv\code\unnamed_rpg\vendor\json\include\nlohmann/json.hpp(1952,89): warning: consecutive right angle brackets are incompatible with C++98 (use '> >') [-Wc++98-compat]
[build]  1952 |                                         detail::negation<detail::is_basic_json<ValueType>>,
[build]       |                                                                                         ^~
[build]       |                                                                                         > >
[build] C:\Users\pperv\code\unnamed_rpg\vendor\json\include\nlohmann/json.hpp(1953,133): warning: consecutive right angle brackets are incompatible with C++98 (use '> >') [-Wc++98-compat]
[build]  1953 |                                         detail::negation<std::is_same<ValueType, std::initializer_list<typename string_t::value_type>>>,
[build]       |                                                                                                                                     ^~
[build]       |                                                                                                                                     > > 
[build] C:\Users\pperv\code\unnamed_rpg\vendor\json\include\nlohmann/json.hpp(1966,71): warning: default template arguments for a function template are incompatible with C++98 [-Wc++98-compat]
[build]  1966 |                                                 >::value, int >::type = 0 >
[build]       |                                                                       ^ ~
[build] C:\Users\pperv\code\unnamed_rpg\vendor\json\include\nlohmann/json.hpp(2075,26): warning: rvalue references are incompatible with C++98 [-Wc++98-compat]
[build]  2075 |     reference at(KeyType && key)
[build]       |                          ^
[build] C:\Users\pperv\code\unnamed_rpg\vendor\json\include\nlohmann/json.hpp(2074,95): warning: default template arguments for a function template are incompatible with C++98 [-Wc++98-compat]
[build]  2074 |                  detail::is_usable_as_basic_json_key_type<basic_json_t, KeyType>::value, int> = 0>
[build]       |                                                                                               ^ ~
[build] C:\Users\pperv\code\unnamed_rpg\vendor\json\include\nlohmann/json.hpp(2113,32): warning: rvalue references are incompatible with C++98 [-Wc++98-compat]
[build]  2113 |     const_reference at(KeyType && key) const
[build]       |                                ^
[build] C:\Users\pperv\code\unnamed_rpg\vendor\json\include\nlohmann/json.hpp(2112,95): warning: default template arguments for a function template are incompatible with C++98 [-Wc++98-compat]
[build]  2112 |                  detail::is_usable_as_basic_json_key_type<basic_json_t, KeyType>::value, int> = 0>
[build]       |                                                                                               ^ ~
[build] C:\Users\pperv\code\unnamed_rpg\vendor\json\include\nlohmann/json.hpp(2243,34): warning: rvalue references are incompatible with C++98 [-Wc++98-compat]
[build]  2243 |     reference operator[](KeyType && key)
[build]       |                                  ^
[build] C:\Users\pperv\code\unnamed_rpg\vendor\json\include\nlohmann/json.hpp(2242,96): warning: default template arguments for a function template are incompatible with C++98 [-Wc++98-compat]
[build]  2242 |                  detail::is_usable_as_basic_json_key_type<basic_json_t, KeyType>::value, int > = 0 >
[build]       |                                                                                                ^ ~
[build] C:\Users\pperv\code\unnamed_rpg\vendor\json\include\nlohmann/json.hpp(2267,40): warning: rvalue references are incompatible with C++98 [-Wc++98-compat]
[build]  2267 |     const_reference operator[](KeyType && key) const
[build]       |                                        ^
[build] C:\Users\pperv\code\unnamed_rpg\vendor\json\include\nlohmann/json.hpp(2266,96): warning: default template arguments for a function template are incompatible with C++98 [-Wc++98-compat]
[build]  2266 |                  detail::is_usable_as_basic_json_key_type<basic_json_t, KeyType>::value, int > = 0 >
[build]       |                                                                                                ^ ~
[build] C:\Users\pperv\code\unnamed_rpg\vendor\json\include\nlohmann/json.hpp(2282,43): warning: alias declarations are incompatible with C++98 [-Wc++98-compat]
[build]  2282 |     using is_comparable_with_object_key = detail::is_comparable <
[build]       |                                           ^
[build] C:\Users\pperv\code\unnamed_rpg\vendor\json\include\nlohmann/json.hpp(2286,31): warning: alias declarations are incompatible with C++98 [-Wc++98-compat]
[build]  2286 |     using value_return_type = std::conditional <
[build]       |                               ^
[build] C:\Users\pperv\code\unnamed_rpg\vendor\json\include\nlohmann/json.hpp(2296,73): warning: consecutive right angle brackets are incompatible with C++98 (use '> >') [-Wc++98-compat]
[build]  2296 |                    && !std::is_same<value_t, detail::uncvref_t<ValueType>>::value, int > = 0 >
[build]       |                                                                         ^~
[build]       |                                                                         > >
[build] C:\Users\pperv\code\unnamed_rpg\vendor\json\include\nlohmann/json.hpp(2296,90): warning: default template arguments for a function template are incompatible with C++98 [-Wc++98-compat]
[build]  2296 |                    && !std::is_same<value_t, detail::uncvref_t<ValueType>>::value, int > = 0 >
[build]       |                                                                                          ^ ~
[build] C:\Users\pperv\code\unnamed_rpg\vendor\json\include\nlohmann/json.hpp(2321,73): warning: consecutive right angle brackets are incompatible with C++98 (use '> >') [-Wc++98-compat]
[build]  2321 |                    && !std::is_same<value_t, detail::uncvref_t<ValueType>>::value, int > = 0 >
[build]       |                                                                         ^~
[build]       |                                                                         > >
[build] C:\Users\pperv\code\unnamed_rpg\vendor\json\include\nlohmann/json.hpp(2322,72): warning: rvalue references are incompatible with C++98 [-Wc++98-compat]
[build]  2322 |     ReturnType value(const typename object_t::key_type& key, ValueType && default_value) const
[build]       |                                                                        ^
[build] C:\Users\pperv\code\unnamed_rpg\vendor\json\include\nlohmann/json.hpp(2317,39): warning: default template arguments for a function template are incompatible with C++98 [-Wc++98-compat]
[build]  2317 |     template < class ValueType, class ReturnType = typename value_return_type<ValueType>::type,
[build]       |                                       ^            ~~~~~~~~~~~~~~~~~~~~~~~~~~~~~~~~~~~~~~~~~~~
[build] C:\Users\pperv\code\unnamed_rpg\vendor\json\include\nlohmann/json.hpp(2321,90): warning: default template arguments for a function template are incompatible with C++98 [-Wc++98-compat]
[build]  2321 |                    && !std::is_same<value_t, detail::uncvref_t<ValueType>>::value, int > = 0 >
[build]       |                                                                                          ^ ~
[build] C:\Users\pperv\code\unnamed_rpg\vendor\json\include\nlohmann/json.hpp(2347,73): warning: consecutive right angle brackets are incompatible with C++98 (use '> >') [-Wc++98-compat]
[build]  2347 |                    && !std::is_same<value_t, detail::uncvref_t<ValueType>>::value, int > = 0 >
[build]       |                                                                         ^~
[build]       |                                                                         > >
[build] C:\Users\pperv\code\unnamed_rpg\vendor\json\include\nlohmann/json.hpp(2348,29): warning: rvalue references are incompatible with C++98 [-Wc++98-compat]
[build]  2348 |     ValueType value(KeyType && key, const ValueType& default_value) const
[build]       |                             ^
[build] C:\Users\pperv\code\unnamed_rpg\vendor\json\include\nlohmann/json.hpp(2347,90): warning: default template arguments for a function template are incompatible with C++98 [-Wc++98-compat]
[build]  2347 |                    && !std::is_same<value_t, detail::uncvref_t<ValueType>>::value, int > = 0 >
[build]       |                                                                                          ^ ~
[build] C:\Users\pperv\code\unnamed_rpg\vendor\json\include\nlohmann/json.hpp(2374,73): warning: consecutive right angle brackets are incompatible with C++98 (use '> >') [-Wc++98-compat]
[build]  2374 |                    && !std::is_same<value_t, detail::uncvref_t<ValueType>>::value, int > = 0 >
[build]       |                                                                         ^~
[build]       |                                                                         > >
[build] C:\Users\pperv\code\unnamed_rpg\vendor\json\include\nlohmann/json.hpp(2375,30): warning: rvalue references are incompatible with C++98 [-Wc++98-compat]
[build]  2375 |     ReturnType value(KeyType && key, ValueType && default_value) const
[build]       |                              ^
[build] C:\Users\pperv\code\unnamed_rpg\vendor\json\include\nlohmann/json.hpp(2375,48): warning: rvalue references are incompatible with C++98 [-Wc++98-compat]
[build]  2375 |     ReturnType value(KeyType && key, ValueType && default_value) const
[build]       |                                                ^
[build] C:\Users\pperv\code\unnamed_rpg\vendor\json\include\nlohmann/json.hpp(2368,54): warning: default template arguments for a function template are incompatible with C++98 [-Wc++98-compat]
[build]  2368 |     template < class ValueType, class KeyType, class ReturnType = typename value_return_type<ValueType>::type,
[build]       |                                                      ^            ~~~~~~~~~~~~~~~~~~~~~~~~~~~~~~~~~~~~~~~~~~~
[build] C:\Users\pperv\code\unnamed_rpg\vendor\json\include\nlohmann/json.hpp(2374,90): warning: default template arguments for a function template are incompatible with C++98 [-Wc++98-compat]
[build]  2374 |                    && !std::is_same<value_t, detail::uncvref_t<ValueType>>::value, int > = 0 >
[build]       |                                                                                          ^ ~
[build] C:\Users\pperv\code\unnamed_rpg\vendor\json\include\nlohmann/json.hpp(2397,73): warning: consecutive right angle brackets are incompatible with C++98 (use '> >') [-Wc++98-compat]
[build]  2397 |                    && !std::is_same<value_t, detail::uncvref_t<ValueType>>::value, int > = 0 >
[build]       |                                                                         ^~
[build]       |                                                                         > >
[build] C:\Users\pperv\code\unnamed_rpg\vendor\json\include\nlohmann/json.hpp(2397,90): warning: default template arguments for a function template are incompatible with C++98 [-Wc++98-compat]
[build]  2397 |                    && !std::is_same<value_t, detail::uncvref_t<ValueType>>::value, int > = 0 >
[build]       |                                                                                          ^ ~
[build] C:\Users\pperv\code\unnamed_rpg\vendor\json\include\nlohmann/json.hpp(2422,73): warning: consecutive right angle brackets are incompatible with C++98 (use '> >') [-Wc++98-compat]
[build]  2422 |                    && !std::is_same<value_t, detail::uncvref_t<ValueType>>::value, int > = 0 >
[build]       |                                                                         ^~
[build]       |                                                                         > >
[build] C:\Users\pperv\code\unnamed_rpg\vendor\json\include\nlohmann/json.hpp(2423,57): warning: rvalue references are incompatible with C++98 [-Wc++98-compat]
[build]  2423 |     ReturnType value(const json_pointer& ptr, ValueType && default_value) const
[build]       |                                                         ^
[build] C:\Users\pperv\code\unnamed_rpg\vendor\json\include\nlohmann/json.hpp(2419,39): warning: default template arguments for a function template are incompatible with C++98 [-Wc++98-compat]
[build]  2419 |     template < class ValueType, class ReturnType = typename value_return_type<ValueType>::type,
[build]       |                                       ^            ~~~~~~~~~~~~~~~~~~~~~~~~~~~~~~~~~~~~~~~~~~~
[build] C:\Users\pperv\code\unnamed_rpg\vendor\json\include\nlohmann/json.hpp(2422,90): warning: default template arguments for a function template are incompatible with C++98 [-Wc++98-compat]
[build]  2422 |                    && !std::is_same<value_t, detail::uncvref_t<ValueType>>::value, int > = 0 >
[build]       |                                                                                          ^ ~
[build] C:\Users\pperv\code\unnamed_rpg\vendor\json\include\nlohmann/json.hpp(2445,73): warning: consecutive right angle brackets are incompatible with C++98 (use '> >') [-Wc++98-compat]
[build]  2445 |                    && !std::is_same<value_t, detail::uncvref_t<ValueType>>::value, int > = 0 >
[build]       |                                                                         ^~
[build]       |                                                                         > >
[build] C:\Users\pperv\code\unnamed_rpg\vendor\json\include\nlohmann/json.hpp(2445,90): warning: default template arguments for a function template are incompatible with C++98 [-Wc++98-compat]
[build]  2445 |                    && !std::is_same<value_t, detail::uncvref_t<ValueType>>::value, int > = 0 >
[build]       |                                                                                          ^ ~
[build] C:\Users\pperv\code\unnamed_rpg\vendor\json\include\nlohmann/json.hpp(2456,73): warning: consecutive right angle brackets are incompatible with C++98 (use '> >') [-Wc++98-compat]
[build]  2456 |                    && !std::is_same<value_t, detail::uncvref_t<ValueType>>::value, int > = 0 >
[build]       |                                                                         ^~
[build]       |                                                                         > >
[build] C:\Users\pperv\code\unnamed_rpg\vendor\json\include\nlohmann/json.hpp(2458,84): warning: rvalue references are incompatible with C++98 [-Wc++98-compat]
[build]  2458 |     ReturnType value(const ::nlohmann::json_pointer<BasicJsonType>& ptr, ValueType && default_value) const
[build]       |                                                                                    ^
[build] C:\Users\pperv\code\unnamed_rpg\vendor\json\include\nlohmann/json.hpp(2452,60): warning: default template arguments for a function template are incompatible with C++98 [-Wc++98-compat]
[build]  2452 |     template < class ValueType, class BasicJsonType, class ReturnType = typename value_return_type<ValueType>::type,
[build]       |                                                            ^            ~~~~~~~~~~~~~~~~~~~~~~~~~~~~~~~~~~~~~~~~~~~
[build] C:\Users\pperv\code\unnamed_rpg\vendor\json\include\nlohmann/json.hpp(2456,90): warning: default template arguments for a function template are incompatible with C++98 [-Wc++98-compat]
[build]  2456 |                    && !std::is_same<value_t, detail::uncvref_t<ValueType>>::value, int > = 0 >
[build]       |                                                                                          ^ ~
[build] C:\Users\pperv\code\unnamed_rpg\vendor\json\include\nlohmann/json.hpp(2499,100): warning: default template arguments for a function template are incompatible with C++98 [-Wc++98-compat]
[build]  2499 |                    std::is_same<IteratorType, typename basic_json_t::const_iterator>::value, int > = 0 >
[build]       |                                                                                                    ^ ~
[build] C:\Users\pperv\code\unnamed_rpg\vendor\json\include\nlohmann/json.hpp(2569,100): warning: default template arguments for a function template are incompatible with C++98 [-Wc++98-compat]
[build]  2569 |                    std::is_same<IteratorType, typename basic_json_t::const_iterator>::value, int > = 0 >
[build]       |                                                                                                    ^ ~
[build] C:\Users\pperv\code\unnamed_rpg\vendor\json\include\nlohmann/json.hpp(2641,38): warning: rvalue references are incompatible with C++98 [-Wc++98-compat]
[build]  2641 |     size_type erase_internal(KeyType && key)
[build]       |                                      ^
[build] C:\Users\pperv\code\unnamed_rpg\vendor\json\include\nlohmann/json.hpp(2640,89): warning: default template arguments for a function template are incompatible with C++98 [-Wc++98-compat]
[build]  2640 |                    detail::has_erase_with_key_type<basic_json_t, KeyType>::value, int > = 0 >
[build]       |                                                                                         ^ ~
[build] C:\Users\pperv\code\unnamed_rpg\vendor\json\include\nlohmann/json.hpp(2654,38): warning: rvalue references are incompatible with C++98 [-Wc++98-compat]
[build]  2654 |     size_type erase_internal(KeyType && key)
[build]       |                                      ^
[build] C:\Users\pperv\code\unnamed_rpg\vendor\json\include\nlohmann/json.hpp(2653,90): warning: default template arguments for a function template are incompatible with C++98 [-Wc++98-compat]
[build]  2653 |                    !detail::has_erase_with_key_type<basic_json_t, KeyType>::value, int > = 0 >
[build]       |                                                                                          ^ ~
[build] C:\Users\pperv\code\unnamed_rpg\vendor\json\include\nlohmann/json.hpp(2686,29): warning: rvalue references are incompatible with C++98 [-Wc++98-compat]
[build]  2686 |     size_type erase(KeyType && key)
[build]       |                             ^
[build] C:\Users\pperv\code\unnamed_rpg\vendor\json\include\nlohmann/json.hpp(2685,95): warning: default template arguments for a function template are incompatible with C++98 [-Wc++98-compat]
[build]  2685 |                  detail::is_usable_as_basic_json_key_type<basic_json_t, KeyType>::value, int> = 0>
[build]       |                                                                                               ^ ~
[build] C:\Users\pperv\code\unnamed_rpg\vendor\json\include\nlohmann/json.hpp(2752,27): warning: rvalue references are incompatible with C++98 [-Wc++98-compat]
[build]  2752 |     iterator find(KeyType && key)
[build]       |                           ^
[build] C:\Users\pperv\code\unnamed_rpg\vendor\json\include\nlohmann/json.hpp(2751,95): warning: default template arguments for a function template are incompatible with C++98 [-Wc++98-compat]
[build]  2751 |                  detail::is_usable_as_basic_json_key_type<basic_json_t, KeyType>::value, int> = 0>
[build]       |                                                                                               ^ ~
[build] C:\Users\pperv\code\unnamed_rpg\vendor\json\include\nlohmann/json.hpp(2768,33): warning: rvalue references are incompatible with C++98 [-Wc++98-compat]
[build]  2768 |     const_iterator find(KeyType && key) const
[build]       |                                 ^
[build] C:\Users\pperv\code\unnamed_rpg\vendor\json\include\nlohmann/json.hpp(2767,95): warning: default template arguments for a function template are incompatible with C++98 [-Wc++98-compat]
[build]  2767 |                  detail::is_usable_as_basic_json_key_type<basic_json_t, KeyType>::value, int> = 0>
[build]       |                                                                                               ^ ~
[build] C:\Users\pperv\code\unnamed_rpg\vendor\json\include\nlohmann/json.hpp(2792,29): warning: rvalue references are incompatible with C++98 [-Wc++98-compat]
[build]  2792 |     size_type count(KeyType && key) const
[build]       |                             ^
[build] C:\Users\pperv\code\unnamed_rpg\vendor\json\include\nlohmann/json.hpp(2791,95): warning: default template arguments for a function template are incompatible with C++98 [-Wc++98-compat]
[build]  2791 |                  detail::is_usable_as_basic_json_key_type<basic_json_t, KeyType>::value, int> = 0>
[build]       |                                                                                               ^ ~
[build] C:\Users\pperv\code\unnamed_rpg\vendor\json\include\nlohmann/json.hpp(2809,27): warning: rvalue references are incompatible with C++98 [-Wc++98-compat]
[build]  2809 |     bool contains(KeyType && key) const
[build]       |                           ^
[build] C:\Users\pperv\code\unnamed_rpg\vendor\json\include\nlohmann/json.hpp(2808,95): warning: default template arguments for a function template are incompatible with C++98 [-Wc++98-compat]
[build]  2808 |                  detail::is_usable_as_basic_json_key_type<basic_json_t, KeyType>::value, int> = 0>
[build]       |                                                                                               ^ ~
[build] C:\Users\pperv\code\unnamed_rpg\vendor\json\include\nlohmann/json.hpp(2821,108): warning: default template arguments for a function template are incompatible with C++98 [-Wc++98-compat]
[build]  2821 |     template<typename BasicJsonType, detail::enable_if_t<detail::is_basic_json<BasicJsonType>::value, int> = 0>
[build]       |                                                                                                            ^ ~
[build] C:\Users\pperv\code\unnamed_rpg\vendor\json\include\nlohmann/json.hpp(2840,5): warning: noexcept specifications are incompatible with C++98 [-Wc++98-compat]
[build]  2840 |     {
[build]       |     ^
[build] C:\Users\pperv\code\unnamed_rpg\vendor\json\include\nlohmann/json.hpp(2849,5): warning: noexcept specifications are incompatible with C++98 [-Wc++98-compat]
[build]  2849 |     {
[build]       |     ^
[build] C:\Users\pperv\code\unnamed_rpg\vendor\json\include\nlohmann/json.hpp(2856,5): warning: noexcept specifications are incompatible with C++98 [-Wc++98-compat]
[build]  2856 |     {
[build]       |     ^
[build] C:\Users\pperv\code\unnamed_rpg\vendor\json\include\nlohmann/json.hpp(2865,5): warning: noexcept specifications are incompatible with C++98 [-Wc++98-compat]
[build]  2865 |     {
[build]       |     ^
[build] C:\Users\pperv\code\unnamed_rpg\vendor\json\include\nlohmann/json.hpp(2874,5): warning: noexcept specifications are incompatible with C++98 [-Wc++98-compat]
[build]  2874 |     {
[build]       |     ^
[build] C:\Users\pperv\code\unnamed_rpg\vendor\json\include\nlohmann/json.hpp(2881,5): warning: noexcept specifications are incompatible with C++98 [-Wc++98-compat]
[build]  2881 |     {
[build]       |     ^
[build] C:\Users\pperv\code\unnamed_rpg\vendor\json\include\nlohmann/json.hpp(2890,5): warning: noexcept specifications are incompatible with C++98 [-Wc++98-compat]
[build]  2890 |     {
[build]       |     ^
[build] C:\Users\pperv\code\unnamed_rpg\vendor\json\include\nlohmann/json.hpp(2897,5): warning: noexcept specifications are incompatible with C++98 [-Wc++98-compat]
[build]  2897 |     {
[build]       |     ^
[build] C:\Users\pperv\code\unnamed_rpg\vendor\json\include\nlohmann/json.hpp(2904,5): warning: noexcept specifications are incompatible with C++98 [-Wc++98-compat]
[build]  2904 |     {
[build]       |     ^
[build] C:\Users\pperv\code\unnamed_rpg\vendor\json\include\nlohmann/json.hpp(2911,5): warning: noexcept specifications are incompatible with C++98 [-Wc++98-compat]
[build]  2911 |     {
[build]       |     ^
[build] C:\Users\pperv\code\unnamed_rpg\vendor\json\include\nlohmann/json.hpp(2918,5): warning: noexcept specifications are incompatible with C++98 [-Wc++98-compat]
[build]  2918 |     {
[build]       |     ^
[build] C:\Users\pperv\code\unnamed_rpg\vendor\json\include\nlohmann/json.hpp(2925,5): warning: noexcept specifications are incompatible with C++98 [-Wc++98-compat]
[build]  2925 |     {
[build]       |     ^
[build] C:\Users\pperv\code\unnamed_rpg\vendor\json\include\nlohmann/json.hpp(2937,5): warning: noexcept specifications are incompatible with C++98 [-Wc++98-compat]
[build]  2937 |     {
[build]       |     ^
[build] C:\Users\pperv\code\unnamed_rpg\vendor\json\include\nlohmann/json.hpp(2948,5): warning: noexcept specifications are incompatible with C++98 [-Wc++98-compat]
[build]  2948 |     {
[build]       |     ^
[build] C:\Users\pperv\code\unnamed_rpg\vendor\json\include\nlohmann/json.hpp(2955,5): warning: noexcept specifications are incompatible with C++98 [-Wc++98-compat]
[build]  2955 |     {
[build]       |     ^
[build] C:\Users\pperv\code\unnamed_rpg\vendor\json\include\nlohmann/json.hpp(2962,5): warning: noexcept specifications are incompatible with C++98 [-Wc++98-compat]
[build]  2962 |     {
[build]       |     ^
[build] C:\Users\pperv\code\unnamed_rpg\vendor\json\include\nlohmann/json.hpp(2978,5): warning: noexcept specifications are incompatible with C++98 [-Wc++98-compat]
[build]  2978 |     {
[build]       |     ^
[build] C:\Users\pperv\code\unnamed_rpg\vendor\json\include\nlohmann/json.hpp(3017,5): warning: noexcept specifications are incompatible with C++98 [-Wc++98-compat]
[build]  3017 |     {
[build]       |     ^
[build] C:\Users\pperv\code\unnamed_rpg\vendor\json\include\nlohmann/json.hpp(3056,5): warning: noexcept specifications are incompatible with C++98 [-Wc++98-compat]
[build]  3056 |     {
[build]       |     ^
[build] C:\Users\pperv\code\unnamed_rpg\vendor\json\include\nlohmann/json.hpp(3099,5): warning: noexcept specifications are incompatible with C++98 [-Wc++98-compat]
[build]  3099 |     {
[build]       |     ^
[build] C:\Users\pperv\code\unnamed_rpg\vendor\json\include\nlohmann/json.hpp(3159,30): warning: rvalue references are incompatible with C++98 [-Wc++98-compat]
[build]  3159 |     void push_back(basic_json&& val)
[build]       |                              ^
[build] C:\Users\pperv\code\unnamed_rpg\vendor\json\include\nlohmann/json.hpp(3184,36): warning: rvalue references are incompatible with C++98 [-Wc++98-compat]
[build]  3184 |     reference operator+=(basic_json&& val)
[build]       |                                    ^
[build] C:\Users\pperv\code\unnamed_rpg\vendor\json\include\nlohmann/json.hpp(3279,19): warning: variadic templates are incompatible with C++98 [-Wc++98-compat]
[build]  3279 |     template<class... Args>
[build]       |                   ^
[build] C:\Users\pperv\code\unnamed_rpg\vendor\json\include\nlohmann/json.hpp(3280,32): warning: rvalue references are incompatible with C++98 [-Wc++98-compat]
[build]  3280 |     reference emplace_back(Args&& ... args)
[build]       |                                ^
[build] C:\Users\pperv\code\unnamed_rpg\vendor\json\include\nlohmann/json.hpp(3304,19): warning: variadic templates are incompatible with C++98 [-Wc++98-compat]
[build]  3304 |     template<class... Args>
[build]       |                   ^
[build] C:\Users\pperv\code\unnamed_rpg\vendor\json\include\nlohmann/json.hpp(3305,43): warning: rvalue references are incompatible with C++98 [-Wc++98-compat]
[build]  3305 |     std::pair<iterator, bool> emplace(Args&& ... args)
[build]       |                                           ^
[build] C:\Users\pperv\code\unnamed_rpg\vendor\json\include\nlohmann/json.hpp(3336,22): warning: variadic templates are incompatible with C++98 [-Wc++98-compat]
[build]  3336 |     template<typename... Args>
[build]       |                      ^
[build] C:\Users\pperv\code\unnamed_rpg\vendor\json\include\nlohmann/json.hpp(3337,54): warning: rvalue references are incompatible with C++98 [-Wc++98-compat]
[build]  3337 |     iterator insert_iterator(const_iterator pos, Args&& ... args) // NOLINT(performance-unnecessary-value-param)
[build]       |                                                      ^
[build] C:\Users\pperv\code\unnamed_rpg\vendor\json\include\nlohmann/json.hpp(3376,51): warning: rvalue references are incompatible with C++98 [-Wc++98-compat]
[build]  3376 |     iterator insert(const_iterator pos, basic_json&& val) // NOLINT(performance-unnecessary-value-param)
[build]       |                                                   ^
[build] C:\Users\pperv\code\unnamed_rpg\vendor\json\include\nlohmann/json.hpp(3746,5): warning: noexcept specifications are incompatible with C++98 [-Wc++98-compat]
[build]  3746 |     {
[build]       |     ^
[build] C:\Users\pperv\code\unnamed_rpg\vendor\json\include\nlohmann/json.hpp(3762,5): warning: noexcept specifications are incompatible with C++98 [-Wc++98-compat]
[build]  3762 |     {
[build]       |     ^
[build] C:\Users\pperv\code\unnamed_rpg\vendor\json\include\nlohmann/json.hpp(3864,5): warning: noexcept specifications are incompatible with C++98 [-Wc++98-compat]
[build]  3864 |     {
[build]       |     ^
[build] C:\Users\pperv\code\unnamed_rpg\vendor\json\include\nlohmann/json.hpp(3880,5): warning: noexcept specifications are incompatible with C++98 [-Wc++98-compat]
[build]  3880 |     {
[build]       |     ^
[build] C:\Users\pperv\code\unnamed_rpg\vendor\json\include\nlohmann/json.hpp(3878,64): warning: default template arguments for a function template are incompatible with C++98 [-Wc++98-compat]
[build]  3878 |                  std::is_scalar<ScalarType>::value, int>::type = 0>
[build]       |                                                                ^ ~
[build] C:\Users\pperv\code\unnamed_rpg\vendor\json\include\nlohmann/json.hpp(3889,5): warning: noexcept specifications are incompatible with C++98 [-Wc++98-compat]
[build]  3889 |     {
[build]       |     ^
[build] C:\Users\pperv\code\unnamed_rpg\vendor\json\include\nlohmann/json.hpp(3887,64): warning: default template arguments for a function template are incompatible with C++98 [-Wc++98-compat]
[build]  3887 |                  std::is_scalar<ScalarType>::value, int>::type = 0>
[build]       |                                                                ^ ~
[build] C:\Users\pperv\code\unnamed_rpg\vendor\json\include\nlohmann/json.hpp(3896,5): warning: noexcept specifications are incompatible with C++98 [-Wc++98-compat]
[build]  3896 |     {
[build]       |     ^
[build] C:\Users\pperv\code\unnamed_rpg\vendor\json\include\nlohmann/json.hpp(3905,5): warning: noexcept specifications are incompatible with C++98 [-Wc++98-compat]
[build]  3905 |     {
[build]       |     ^
[build] C:\Users\pperv\code\unnamed_rpg\vendor\json\include\nlohmann/json.hpp(3903,64): warning: default template arguments for a function template are incompatible with C++98 [-Wc++98-compat]
[build]  3903 |                  std::is_scalar<ScalarType>::value, int>::type = 0>
[build]       |                                                                ^ ~
[build] C:\Users\pperv\code\unnamed_rpg\vendor\json\include\nlohmann/json.hpp(3914,5): warning: noexcept specifications are incompatible with C++98 [-Wc++98-compat]
[build]  3914 |     {
[build]       |     ^
[build] C:\Users\pperv\code\unnamed_rpg\vendor\json\include\nlohmann/json.hpp(3912,64): warning: default template arguments for a function template are incompatible with C++98 [-Wc++98-compat]
[build]  3912 |                  std::is_scalar<ScalarType>::value, int>::type = 0>
[build]       |                                                                ^ ~
[build] C:\Users\pperv\code\unnamed_rpg\vendor\json\include\nlohmann/json.hpp(3921,5): warning: noexcept specifications are incompatible with C++98 [-Wc++98-compat]
[build]  3921 |     {
[build]       |     ^
[build] C:\Users\pperv\code\unnamed_rpg\vendor\json\include\nlohmann/json.hpp(3933,5): warning: noexcept specifications are incompatible with C++98 [-Wc++98-compat]
[build]  3933 |     {
[build]       |     ^
[build] C:\Users\pperv\code\unnamed_rpg\vendor\json\include\nlohmann/json.hpp(3931,64): warning: default template arguments for a function template are incompatible with C++98 [-Wc++98-compat]
[build]  3931 |                  std::is_scalar<ScalarType>::value, int>::type = 0>
[build]       |                                                                ^ ~
[build] C:\Users\pperv\code\unnamed_rpg\vendor\json\include\nlohmann/json.hpp(3942,5): warning: noexcept specifications are incompatible with C++98 [-Wc++98-compat]
[build]  3942 |     {
[build]       |     ^
[build] C:\Users\pperv\code\unnamed_rpg\vendor\json\include\nlohmann/json.hpp(3940,64): warning: default template arguments for a function template are incompatible with C++98 [-Wc++98-compat]
[build]  3940 |                  std::is_scalar<ScalarType>::value, int>::type = 0>
[build]       |                                                                ^ ~
[build] C:\Users\pperv\code\unnamed_rpg\vendor\json\include\nlohmann/json.hpp(3949,5): warning: noexcept specifications are incompatible with C++98 [-Wc++98-compat]
[build]  3949 |     {
[build]       |     ^
[build] C:\Users\pperv\code\unnamed_rpg\vendor\json\include\nlohmann/json.hpp(3962,5): warning: noexcept specifications are incompatible with C++98 [-Wc++98-compat]
[build]  3962 |     {
[build]       |     ^
[build] C:\Users\pperv\code\unnamed_rpg\vendor\json\include\nlohmann/json.hpp(3960,64): warning: default template arguments for a function template are incompatible with C++98 [-Wc++98-compat]
[build]  3960 |                  std::is_scalar<ScalarType>::value, int>::type = 0>
[build]       |                                                                ^ ~
[build] C:\Users\pperv\code\unnamed_rpg\vendor\json\include\nlohmann/json.hpp(3971,5): warning: noexcept specifications are incompatible with C++98 [-Wc++98-compat]
[build]  3971 |     {
[build]       |     ^
[build] C:\Users\pperv\code\unnamed_rpg\vendor\json\include\nlohmann/json.hpp(3969,64): warning: default template arguments for a function template are incompatible with C++98 [-Wc++98-compat]
[build]  3969 |                  std::is_scalar<ScalarType>::value, int>::type = 0>
[build]       |                                                                ^ ~
[build] C:\Users\pperv\code\unnamed_rpg\vendor\json\include\nlohmann/json.hpp(3978,5): warning: noexcept specifications are incompatible with C++98 [-Wc++98-compat]
[build]  3978 |     {
[build]       |     ^
[build] C:\Users\pperv\code\unnamed_rpg\vendor\json\include\nlohmann/json.hpp(3992,5): warning: noexcept specifications are incompatible with C++98 [-Wc++98-compat]
[build]  3992 |     {
[build]       |     ^
[build] C:\Users\pperv\code\unnamed_rpg\vendor\json\include\nlohmann/json.hpp(3990,64): warning: default template arguments for a function template are incompatible with C++98 [-Wc++98-compat]
[build]  3990 |                  std::is_scalar<ScalarType>::value, int>::type = 0>
[build]       |                                                                ^ ~
[build] C:\Users\pperv\code\unnamed_rpg\vendor\json\include\nlohmann/json.hpp(4001,5): warning: noexcept specifications are incompatible with C++98 [-Wc++98-compat]
[build]  4001 |     {
[build]       |     ^
[build] C:\Users\pperv\code\unnamed_rpg\vendor\json\include\nlohmann/json.hpp(3999,64): warning: default template arguments for a function template are incompatible with C++98 [-Wc++98-compat]
[build]  3999 |                  std::is_scalar<ScalarType>::value, int>::type = 0>
[build]       |                                                                ^ ~
[build] C:\Users\pperv\code\unnamed_rpg\vendor\json\include\nlohmann/json.hpp(4008,5): warning: noexcept specifications are incompatible with C++98 [-Wc++98-compat]
[build]  4008 |     {
[build]       |     ^
[build] C:\Users\pperv\code\unnamed_rpg\vendor\json\include\nlohmann/json.hpp(4021,5): warning: noexcept specifications are incompatible with C++98 [-Wc++98-compat]
[build]  4021 |     {
[build]       |     ^
[build] C:\Users\pperv\code\unnamed_rpg\vendor\json\include\nlohmann/json.hpp(4019,64): warning: default template arguments for a function template are incompatible with C++98 [-Wc++98-compat]
[build]  4019 |                  std::is_scalar<ScalarType>::value, int>::type = 0>
[build]       |                                                                ^ ~
[build] C:\Users\pperv\code\unnamed_rpg\vendor\json\include\nlohmann/json.hpp(4030,5): warning: noexcept specifications are incompatible with C++98 [-Wc++98-compat]
[build]  4030 |     {
[build]       |     ^
[build] C:\Users\pperv\code\unnamed_rpg\vendor\json\include\nlohmann/json.hpp(4028,64): warning: default template arguments for a function template are incompatible with C++98 [-Wc++98-compat]
[build]  4028 |                  std::is_scalar<ScalarType>::value, int>::type = 0>
[build]       |                                                                ^ ~
[build] C:\Users\pperv\code\unnamed_rpg\vendor\json\include\nlohmann/json.hpp(4088,38): warning: rvalue references are incompatible with C++98 [-Wc++98-compat]
[build]  4088 |     static basic_json parse(InputType&& i,
[build]       |                                      ^
[build] C:\Users\pperv\code\unnamed_rpg\vendor\json\include\nlohmann/json.hpp(4101,46): warning: default template arguments for a function template are incompatible with C++98 [-Wc++98-compat]
[build]  4101 |     template<typename IteratorType, typename SentinelType = IteratorType,
[build]       |                                              ^              ~~~~~~~~~~~~
[build] C:\Users\pperv\code\unnamed_rpg\vendor\json\include\nlohmann/json.hpp(4102,98): warning: default template arguments for a function template are incompatible with C++98 [-Wc++98-compat]
[build]  4102 |              detail::enable_if_t<detail::can_compare_ne<IteratorType, SentinelType>::value, int> = 0>
[build]       |                                                                                                  ^ ~
[build] C:\Users\pperv\code\unnamed_rpg\vendor\json\include\nlohmann/json.hpp(4118,55): warning: rvalue references are incompatible with C++98 [-Wc++98-compat]
[build]  4118 |     static basic_json parse(detail::span_input_adapter&& i,
[build]       |                                                       ^
[build] C:\Users\pperv\code\unnamed_rpg\vendor\json\include\nlohmann/json.hpp(4132,33): warning: rvalue references are incompatible with C++98 [-Wc++98-compat]
[build]  4132 |     static bool accept(InputType&& i,
[build]       |                                 ^
[build] C:\Users\pperv\code\unnamed_rpg\vendor\json\include\nlohmann/json.hpp(4141,46): warning: default template arguments for a function template are incompatible with C++98 [-Wc++98-compat]
[build]  4141 |     template<typename IteratorType, typename SentinelType = IteratorType,
[build]       |                                              ^              ~~~~~~~~~~~~
[build] C:\Users\pperv\code\unnamed_rpg\vendor\json\include\nlohmann/json.hpp(4142,98): warning: default template arguments for a function template are incompatible with C++98 [-Wc++98-compat]
[build]  4142 |              detail::enable_if_t<detail::can_compare_ne<IteratorType, SentinelType>::value, int> = 0>
[build]       |                                                                                                  ^ ~
[build] C:\Users\pperv\code\unnamed_rpg\vendor\json\include\nlohmann/json.hpp(4152,50): warning: rvalue references are incompatible with C++98 [-Wc++98-compat]
[build]  4152 |     static bool accept(detail::span_input_adapter&& i,
[build]       |                                                  ^
[build] C:\Users\pperv\code\unnamed_rpg\vendor\json\include\nlohmann/json.hpp(4163,36): warning: rvalue references are incompatible with C++98 [-Wc++98-compat]
[build]  4163 |     static bool sax_parse(InputType&& i, SAX* sax,
[build]       |                                    ^
[build] C:\Users\pperv\code\unnamed_rpg\vendor\json\include\nlohmann/json.hpp(4177,51): warning: default template arguments for a function template are incompatible with C++98 [-Wc++98-compat]
[build]  4177 |     template<class IteratorType, class SAX, class SentinelType = IteratorType,
[build]       |                                                   ^              ~~~~~~~~~~~~
[build] C:\Users\pperv\code\unnamed_rpg\vendor\json\include\nlohmann/json.hpp(4178,98): warning: default template arguments for a function template are incompatible with C++98 [-Wc++98-compat]
[build]  4178 |              detail::enable_if_t<detail::can_compare_ne<IteratorType, SentinelType>::value, int> = 0>
[build]       |                                                                                                  ^ ~
[build] C:\Users\pperv\code\unnamed_rpg\vendor\json\include\nlohmann/json.hpp(4200,53): warning: rvalue references are incompatible with C++98 [-Wc++98-compat]
[build]  4200 |     static bool sax_parse(detail::span_input_adapter&& i, SAX* sax,
[build]       |                                                     ^
[build] C:\Users\pperv\code\unnamed_rpg\vendor\json\include\nlohmann/json.hpp(4244,5): warning: noexcept specifications are incompatible with C++98 [-Wc++98-compat]
[build]  4244 |     {
[build]       |     ^
[build] C:\Users\pperv\code\unnamed_rpg\vendor\json\include\nlohmann/json.hpp(4278,24): warning: default member initializer for non-static data members is incompatible with C++98 [-Wc++98-compat]
[build]  4278 |         value_t m_type = value_t::null;
[build]       |                        ^
[build] C:\Users\pperv\code\unnamed_rpg\vendor\json\include\nlohmann/json.hpp(4281,28): warning: default member initializer for non-static data members is incompatible with C++98 [-Wc++98-compat]
[build]  4281 |         json_value m_value = {};
[build]       |                            ^
[build] C:\Users\pperv\code\unnamed_rpg\vendor\json\include\nlohmann/json.hpp(4294,25): warning: noexcept specifications are incompatible with C++98 [-Wc++98-compat]
[build]  4294 |         data() noexcept = default;
[build]       |                         ^
[build] C:\Users\pperv\code\unnamed_rpg\vendor\json\include\nlohmann/json.hpp(4294,27): warning: defaulted function definitions are incompatible with C++98 [-Wc++98-compat]
[build]  4294 |         data() noexcept = default;
[build]       |                           ^
[build] C:\Users\pperv\code\unnamed_rpg\vendor\json\include\nlohmann/json.hpp(4295,18): warning: rvalue references are incompatible with C++98 [-Wc++98-compat]
[build]  4295 |         data(data&&) noexcept = default;
[build]       |                  ^
[build] C:\Users\pperv\code\unnamed_rpg\vendor\json\include\nlohmann/json.hpp(4295,31): warning: noexcept specifications are incompatible with C++98 [-Wc++98-compat]
[build]  4295 |         data(data&&) noexcept = default;
[build]       |                               ^
[build] C:\Users\pperv\code\unnamed_rpg\vendor\json\include\nlohmann/json.hpp(4295,33): warning: defaulted function definitions are incompatible with C++98 [-Wc++98-compat]
[build]  4295 |         data(data&&) noexcept = default;
[build]       |                                 ^
[build] C:\Users\pperv\code\unnamed_rpg\vendor\json\include\nlohmann/json.hpp(4296,36): warning: noexcept specifications are incompatible with C++98 [-Wc++98-compat]
[build]  4296 |         data(const data&) noexcept = delete;
[build]       |                                    ^
[build] C:\Users\pperv\code\unnamed_rpg\vendor\json\include\nlohmann/json.hpp(4296,38): warning: deleted function definitions are incompatible with C++98 [-Wc++98-compat]
[build]  4296 |         data(const data&) noexcept = delete;
[build]       |                                      ^
[build] C:\Users\pperv\code\unnamed_rpg\vendor\json\include\nlohmann/json.hpp(4297,29): warning: rvalue references are incompatible with C++98 [-Wc++98-compat]
[build]  4297 |         data& operator=(data&&) noexcept = delete;
[build]       |                             ^
[build] C:\Users\pperv\code\unnamed_rpg\vendor\json\include\nlohmann/json.hpp(4297,42): warning: noexcept specifications are incompatible with C++98 [-Wc++98-compat]
[build]  4297 |         data& operator=(data&&) noexcept = delete;
[build]       |                                          ^
[build] C:\Users\pperv\code\unnamed_rpg\vendor\json\include\nlohmann/json.hpp(4297,44): warning: deleted function definitions are incompatible with C++98 [-Wc++98-compat]
[build]  4297 |         data& operator=(data&&) noexcept = delete;
[build]       |                                            ^
[build] C:\Users\pperv\code\unnamed_rpg\vendor\json\include\nlohmann/json.hpp(4298,47): warning: noexcept specifications are incompatible with C++98 [-Wc++98-compat]
[build]  4298 |         data& operator=(const data&) noexcept = delete;
[build]       |                                               ^
[build] C:\Users\pperv\code\unnamed_rpg\vendor\json\include\nlohmann/json.hpp(4298,49): warning: deleted function definitions are incompatible with C++98 [-Wc++98-compat]
[build]  4298 |         data& operator=(const data&) noexcept = delete;
[build]       |                                                 ^
[build] C:\Users\pperv\code\unnamed_rpg\vendor\json\include\nlohmann/json.hpp(4301,9): warning: noexcept specifications are incompatible with C++98 [-Wc++98-compat]
[build]  4301 |         {
[build]       |         ^
[build] C:\Users\pperv\code\unnamed_rpg\vendor\json\include\nlohmann/json.hpp(4306,17): warning: default member initializer for non-static data members is incompatible with C++98 [-Wc++98-compat]
[build]  4306 |     data m_data = {}; // NOLINT(readability-redundant-member-init)
[build]       |                 ^
[build] C:\Users\pperv\code\unnamed_rpg\vendor\json\include\nlohmann/json.hpp(4468,42): warning: rvalue references are incompatible with C++98 [-Wc++98-compat]
[build]  4468 |     static basic_json from_cbor(InputType&& i,
[build]       |                                          ^
[build] C:\Users\pperv\code\unnamed_rpg\vendor\json\include\nlohmann/json.hpp(4482,46): warning: default template arguments for a function template are incompatible with C++98 [-Wc++98-compat]
[build]  4482 |     template<typename IteratorType, typename SentinelType = IteratorType,
[build]       |                                              ^              ~~~~~~~~~~~~
[build] C:\Users\pperv\code\unnamed_rpg\vendor\json\include\nlohmann/json.hpp(4483,98): warning: default template arguments for a function template are incompatible with C++98 [-Wc++98-compat]
[build]  4483 |              detail::enable_if_t<detail::can_compare_ne<IteratorType, SentinelType>::value, int> = 0>
[build]       |                                                                                                  ^ ~
[build] C:\Users\pperv\code\unnamed_rpg\vendor\json\include\nlohmann/json.hpp(4510,59): warning: rvalue references are incompatible with C++98 [-Wc++98-compat]
[build]  4510 |     static basic_json from_cbor(detail::span_input_adapter&& i,
[build]       |                                                           ^
[build] C:\Users\pperv\code\unnamed_rpg\vendor\json\include\nlohmann/json.hpp(4527,45): warning: rvalue references are incompatible with C++98 [-Wc++98-compat]
[build]  4527 |     static basic_json from_msgpack(InputType&& i,
[build]       |                                             ^
[build] C:\Users\pperv\code\unnamed_rpg\vendor\json\include\nlohmann/json.hpp(4540,46): warning: default template arguments for a function template are incompatible with C++98 [-Wc++98-compat]
[build]  4540 |     template<typename IteratorType, typename SentinelType = IteratorType,
[build]       |                                              ^              ~~~~~~~~~~~~
[build] C:\Users\pperv\code\unnamed_rpg\vendor\json\include\nlohmann/json.hpp(4541,98): warning: default template arguments for a function template are incompatible with C++98 [-Wc++98-compat]
[build]  4541 |              detail::enable_if_t<detail::can_compare_ne<IteratorType, SentinelType>::value, int> = 0>
[build]       |                                                                                                  ^ ~
[build] C:\Users\pperv\code\unnamed_rpg\vendor\json\include\nlohmann/json.hpp(4566,62): warning: rvalue references are incompatible with C++98 [-Wc++98-compat]
[build]  4566 |     static basic_json from_msgpack(detail::span_input_adapter&& i,
[build]       |                                                              ^
[build] C:\Users\pperv\code\unnamed_rpg\vendor\json\include\nlohmann/json.hpp(4582,44): warning: rvalue references are incompatible with C++98 [-Wc++98-compat]
[build]  4582 |     static basic_json from_ubjson(InputType&& i,
[build]       |                                            ^
[build] C:\Users\pperv\code\unnamed_rpg\vendor\json\include\nlohmann/json.hpp(4595,46): warning: default template arguments for a function template are incompatible with C++98 [-Wc++98-compat]
[build]  4595 |     template<typename IteratorType, typename SentinelType = IteratorType,
[build]       |                                              ^              ~~~~~~~~~~~~
[build] C:\Users\pperv\code\unnamed_rpg\vendor\json\include\nlohmann/json.hpp(4596,98): warning: default template arguments for a function template are incompatible with C++98 [-Wc++98-compat]
[build]  4596 |              detail::enable_if_t<detail::can_compare_ne<IteratorType, SentinelType>::value, int> = 0>
[build]       |                                                                                                  ^ ~
[build] C:\Users\pperv\code\unnamed_rpg\vendor\json\include\nlohmann/json.hpp(4621,61): warning: rvalue references are incompatible with C++98 [-Wc++98-compat]
[build]  4621 |     static basic_json from_ubjson(detail::span_input_adapter&& i,
[build]       |                                                             ^
[build] C:\Users\pperv\code\unnamed_rpg\vendor\json\include\nlohmann/json.hpp(4637,44): warning: rvalue references are incompatible with C++98 [-Wc++98-compat]
[build]  4637 |     static basic_json from_bjdata(InputType&& i,
[build]       |                                            ^
[build] C:\Users\pperv\code\unnamed_rpg\vendor\json\include\nlohmann/json.hpp(4650,46): warning: default template arguments for a function template are incompatible with C++98 [-Wc++98-compat]
[build]  4650 |     template<typename IteratorType, typename SentinelType = IteratorType,
[build]       |                                              ^              ~~~~~~~~~~~~
[build] C:\Users\pperv\code\unnamed_rpg\vendor\json\include\nlohmann/json.hpp(4651,98): warning: default template arguments for a function template are incompatible with C++98 [-Wc++98-compat]
[build]  4651 |              detail::enable_if_t<detail::can_compare_ne<IteratorType, SentinelType>::value, int> = 0>
[build]       |                                                                                                  ^ ~
[build] C:\Users\pperv\code\unnamed_rpg\vendor\json\include\nlohmann/json.hpp(4668,42): warning: rvalue references are incompatible with C++98 [-Wc++98-compat]
[build]  4668 |     static basic_json from_bson(InputType&& i,
[build]       |                                          ^
[build] C:\Users\pperv\code\unnamed_rpg\vendor\json\include\nlohmann/json.hpp(4681,46): warning: default template arguments for a function template are incompatible with C++98 [-Wc++98-compat]
[build]  4681 |     template<typename IteratorType, typename SentinelType = IteratorType,
[build]       |                                              ^              ~~~~~~~~~~~~
[build] C:\Users\pperv\code\unnamed_rpg\vendor\json\include\nlohmann/json.hpp(4682,98): warning: default template arguments for a function template are incompatible with C++98 [-Wc++98-compat]
[build]  4682 |              detail::enable_if_t<detail::can_compare_ne<IteratorType, SentinelType>::value, int> = 0>
[build]       |                                                                                                  ^ ~
[build] C:\Users\pperv\code\unnamed_rpg\vendor\json\include\nlohmann/json.hpp(4707,59): warning: rvalue references are incompatible with C++98 [-Wc++98-compat]
[build]  4707 |     static basic_json from_bson(detail::span_input_adapter&& i,
[build]       |                                                           ^
[build] C:\Users\pperv\code\unnamed_rpg\vendor\json\include\nlohmann/json.hpp(4734,108): warning: default template arguments for a function template are incompatible with C++98 [-Wc++98-compat]
[build]  4734 |     template<typename BasicJsonType, detail::enable_if_t<detail::is_basic_json<BasicJsonType>::value, int> = 0>
[build]       |                                                                                                            ^ ~
[build] C:\Users\pperv\code\unnamed_rpg\vendor\json\include\nlohmann/json.hpp(4748,108): warning: default template arguments for a function template are incompatible with C++98 [-Wc++98-compat]
[build]  4748 |     template<typename BasicJsonType, detail::enable_if_t<detail::is_basic_json<BasicJsonType>::value, int> = 0>
[build]       |                                                                                                            ^ ~
[build] C:\Users\pperv\code\unnamed_rpg\vendor\json\include\nlohmann/json.hpp(4762,108): warning: default template arguments for a function template are incompatible with C++98 [-Wc++98-compat]
[build]  4762 |     template<typename BasicJsonType, detail::enable_if_t<detail::is_basic_json<BasicJsonType>::value, int> = 0>
[build]       |                                                                                                            ^ ~
[build] C:\Users\pperv\code\unnamed_rpg\vendor\json\include\nlohmann/json.hpp(4776,108): warning: default template arguments for a function template are incompatible with C++98 [-Wc++98-compat]
[build]  4776 |     template<typename BasicJsonType, detail::enable_if_t<detail::is_basic_json<BasicJsonType>::value, int> = 0>
[build]       |                                                                                                            ^ ~
[build] C:\Users\pperv\code\unnamed_rpg\vendor\json\include\nlohmann/json.hpp(164,51): warning: 'nullptr' is incompatible with C++98 [-Wc++98-compat]
[build]   164 |         detail::parser_callback_t<basic_json>cb = nullptr,
[build]       |                                                   ^
[build] C:\Users\pperv\code\unnamed_rpg\vendor\json\include\nlohmann/json.hpp(856,33): warning: 'nullptr' is incompatible with C++98 [-Wc++98-compat]
[build]   856 |     basic_json(std::nullptr_t = nullptr) noexcept // NOLINT(bugprone-exception-escape)
[build]       |                                 ^
[build] C:\Users\pperv\code\unnamed_rpg\vendor\json\include\nlohmann/json.hpp(868,39): warning: noexcept specifications are incompatible with C++98 [-Wc++98-compat]
[build]   868 |     basic_json(CompatibleType && val) noexcept(noexcept( // NOLINT(bugprone-forwarding-reference-overload,bugprone-exception-escape)
[build]       |                                       ^
[build] C:\Users\pperv\code\unnamed_rpg\vendor\json\include\nlohmann/json.hpp(868,48): warning: noexcept expressions are incompatible with C++98 [-Wc++98-compat]
[build]   868 |     basic_json(CompatibleType && val) noexcept(noexcept( // NOLINT(bugprone-forwarding-reference-overload,bugprone-exception-escape)
[build]       |                                                ^
[build] C:\Users\pperv\code\unnamed_rpg\vendor\json\include\nlohmann/json.hpp(1052,55): warning: generalized initializer lists are incompatible with C++98 [-Wc++98-compat]
[build]  1052 |     static basic_json array(initializer_list_t init = {})
[build]       |                                                       ^
[build] C:\Users\pperv\code\unnamed_rpg\vendor\json\include\nlohmann/json.hpp(1060,56): warning: generalized initializer lists are incompatible with C++98 [-Wc++98-compat]
[build]  1060 |     static basic_json object(initializer_list_t init = {})
[build]       |                                                        ^
[build] C:\Users\pperv\code\unnamed_rpg\vendor\json\include\nlohmann/json.hpp(1291,45): warning: noexcept specifications are incompatible with C++98 [-Wc++98-compat]
[build]  1291 |     basic_json& operator=(basic_json other) noexcept ( // NOLINT(cppcoreguidelines-c-copy-assignment-signature,misc-unconventional-assign-operator)
[build]       |                                             ^
[build] C:\Users\pperv\code\unnamed_rpg\vendor\json\include\nlohmann/json.hpp(1672,66): warning: noexcept specifications are incompatible with C++98 [-Wc++98-compat]
[build]  1672 |     ValueType get_impl(detail::priority_tag<0> /*unused*/) const noexcept(noexcept(
[build]       |                                                                  ^
[build] C:\Users\pperv\code\unnamed_rpg\vendor\json\include\nlohmann/json.hpp(1672,75): warning: noexcept expressions are incompatible with C++98 [-Wc++98-compat]
[build]  1672 |     ValueType get_impl(detail::priority_tag<0> /*unused*/) const noexcept(noexcept(
[build]       |                                                                           ^
[build] C:\Users\pperv\code\unnamed_rpg\vendor\json\include\nlohmann/json.hpp(1714,66): warning: noexcept specifications are incompatible with C++98 [-Wc++98-compat]
[build]  1714 |     ValueType get_impl(detail::priority_tag<1> /*unused*/) const noexcept(noexcept(
[build]       |                                                                  ^
[build] C:\Users\pperv\code\unnamed_rpg\vendor\json\include\nlohmann/json.hpp(1714,75): warning: noexcept expressions are incompatible with C++98 [-Wc++98-compat]
[build]  1714 |     ValueType get_impl(detail::priority_tag<1> /*unused*/) const noexcept(noexcept(
[build]       |                                                                           ^
[build] C:\Users\pperv\code\unnamed_rpg\vendor\json\include\nlohmann/json.hpp(1810,22): warning: noexcept specifications are incompatible with C++98 [-Wc++98-compat]
[build]  1810 |     auto get() const noexcept(
[build]       |                      ^
[build] C:\Users\pperv\code\unnamed_rpg\vendor\json\include\nlohmann/json.hpp(1811,5): warning: noexcept expressions are incompatible with C++98 [-Wc++98-compat]
[build]  1811 |     noexcept(std::declval<const basic_json_t&>().template get_impl<ValueType>(detail::priority_tag<4> {})))
[build]       |     ^
[build] C:\Users\pperv\code\unnamed_rpg\vendor\json\include\nlohmann/json.hpp(1811,103): warning: generalized initializer lists are incompatible with C++98 [-Wc++98-compat]
[build]  1811 |     noexcept(std::declval<const basic_json_t&>().template get_impl<ValueType>(detail::priority_tag<4> {})))
[build]       |                                                                                                       ^
[build] C:\Users\pperv\code\unnamed_rpg\vendor\json\include\nlohmann/json.hpp(1811,103): warning: constructor call from initializer list is incompatible with C++98 [-Wc++98-compat]
[build]  1811 |     noexcept(std::declval<const basic_json_t&>().template get_impl<ValueType>(detail::priority_tag<4> {})))
[build]       |                                                                                                       ^~
[build] C:\Users\pperv\code\unnamed_rpg\vendor\json\include\nlohmann/json.hpp(1864,44): warning: noexcept specifications are incompatible with C++98 [-Wc++98-compat]
[build]  1864 |     ValueType & get_to(ValueType& v) const noexcept(noexcept(
[build]       |                                            ^
[build] C:\Users\pperv\code\unnamed_rpg\vendor\json\include\nlohmann/json.hpp(1864,53): warning: noexcept expressions are incompatible with C++98 [-Wc++98-compat]
[build]  1864 |     ValueType & get_to(ValueType& v) const noexcept(noexcept(
[build]       |                                                     ^
[build] C:\Users\pperv\code\unnamed_rpg\vendor\json\include\nlohmann/json.hpp(1889,5): warning: noexcept specifications are incompatible with C++98 [-Wc++98-compat]
[build]  1889 |     noexcept(noexcept(JSONSerializer<Array>::from_json(
[build]       |     ^
[build] C:\Users\pperv\code\unnamed_rpg\vendor\json\include\nlohmann/json.hpp(1889,14): warning: noexcept expressions are incompatible with C++98 [-Wc++98-compat]
[build]  1889 |     noexcept(noexcept(JSONSerializer<Array>::from_json(
[build]       |              ^
[build] C:\Users\pperv\code\unnamed_rpg\vendor\json\include\nlohmann/json.hpp(3540,32): warning: noexcept specifications are incompatible with C++98 [-Wc++98-compat]
[build]  3540 |     void swap(reference other) noexcept (
[build]       |                                ^
[build] C:\Users\pperv\code\unnamed_rpg\vendor\json\include\nlohmann/json.hpp(3557,55): warning: noexcept specifications are incompatible with C++98 [-Wc++98-compat]
[build]  3557 |     friend void swap(reference left, reference right) noexcept (
[build]       |                                                       ^
[build] C:\Users\pperv\code\unnamed_rpg\vendor\json\include\nlohmann/json.hpp(4089,52): warning: 'nullptr' is incompatible with C++98 [-Wc++98-compat]
[build]  4089 |                             parser_callback_t cb = nullptr,
[build]       |                                                    ^
[build] C:\Users\pperv\code\unnamed_rpg\vendor\json\include\nlohmann/json.hpp(4106,52): warning: 'nullptr' is incompatible with C++98 [-Wc++98-compat]
[build]  4106 |                             parser_callback_t cb = nullptr,
[build]       |                                                    ^
[build] C:\Users\pperv\code\unnamed_rpg\vendor\json\include\nlohmann/json.hpp(4119,52): warning: 'nullptr' is incompatible with C++98 [-Wc++98-compat]
[build]  4119 |                             parser_callback_t cb = nullptr,
[build]       |                                                    ^
[build] C:\Users\pperv\code\unnamed_rpg\vendor\json\include\nlohmann/json.hpp(1490,54): warning: 'nullptr' is incompatible with C++98 [-Wc++98-compat]
[build]  1490 |         return is_object() ? m_data.m_value.object : nullptr;
[build]       |                                                      ^
[build] C:\Users\pperv\code\unnamed_rpg\vendor\json\include\nlohmann/json.hpp(1502,52): warning: 'nullptr' is incompatible with C++98 [-Wc++98-compat]
[build]  1502 |         return is_array() ? m_data.m_value.array : nullptr;
[build]       |                                                    ^
[build] C:\Users\pperv\code\unnamed_rpg\vendor\json\include\nlohmann/json.hpp(1514,54): warning: 'nullptr' is incompatible with C++98 [-Wc++98-compat]
[build]  1514 |         return is_string() ? m_data.m_value.string : nullptr;
[build]       |                                                      ^
[build] C:\Users\pperv\code\unnamed_rpg\vendor\json\include\nlohmann/json.hpp(1526,57): warning: 'nullptr' is incompatible with C++98 [-Wc++98-compat]
[build]  1526 |         return is_boolean() ? &m_data.m_value.boolean : nullptr;
[build]       |                                                         ^
[build] C:\Users\pperv\code\unnamed_rpg\vendor\json\include\nlohmann/json.hpp(1538,92): warning: 'nullptr' is incompatible with C++98 [-Wc++98-compat]
[build]  1538 |         return m_data.m_type == value_t::number_integer ? &m_data.m_value.number_integer : nullptr;
[build]       |                                                                                            ^
[build] C:\Users\pperv\code\unnamed_rpg\vendor\json\include\nlohmann/json.hpp(1550,73): warning: 'nullptr' is incompatible with C++98 [-Wc++98-compat]
[build]  1550 |         return is_number_unsigned() ? &m_data.m_value.number_unsigned : nullptr;
[build]       |                                                                         ^
[build] C:\Users\pperv\code\unnamed_rpg\vendor\json\include\nlohmann/json.hpp(1562,67): warning: 'nullptr' is incompatible with C++98 [-Wc++98-compat]
[build]  1562 |         return is_number_float() ? &m_data.m_value.number_float : nullptr;
[build]       |                                                                   ^
[build] C:\Users\pperv\code\unnamed_rpg\vendor\json\include\nlohmann/json.hpp(1574,54): warning: 'nullptr' is incompatible with C++98 [-Wc++98-compat]
[build]  1574 |         return is_binary() ? m_data.m_value.binary : nullptr;
[build]       |                                                      ^
[build] C:\Users\pperv\code\unnamed_rpg\vendor\json\include\nlohmann/json.hpp(1625,54): warning: 'nullptr' is incompatible with C++98 [-Wc++98-compat]
[build]  1625 |         return get_impl_ptr(static_cast<PointerType>(nullptr));
[build]       |                                                      ^
[build] C:\Users\pperv\code\unnamed_rpg\vendor\json\include\nlohmann/json.hpp(1817,9): warning: 'static_assert' declarations are incompatible with C++98 [-Wc++98-compat]
[build]  1817 |         static_assert(!std::is_reference<ValueTypeCV>::value,
[build]       |         ^
[build] C:\Users\pperv\code\unnamed_rpg\vendor\json\include\nlohmann/json.hpp(1819,60): warning: generalized initializer lists are incompatible with C++98 [-Wc++98-compat]
[build]  1819 |         return get_impl<ValueType>(detail::priority_tag<4> {});
[build]       |                                                            ^
[build] C:\Users\pperv\code\unnamed_rpg\vendor\json\include\nlohmann/json.hpp(1819,60): warning: constructor call from initializer list is incompatible with C++98 [-Wc++98-compat]
[build]  1819 |         return get_impl<ValueType>(detail::priority_tag<4> {});
[build]       |                                                            ^~
[build] C:\Users\pperv\code\unnamed_rpg\vendor\json\include\nlohmann/json.hpp(5265,1): warning: variadic templates are incompatible with C++98 [-Wc++98-compat]
[build]  5265 | NLOHMANN_BASIC_JSON_TPL_DECLARATION
[build]       | ^
[build] C:\Users\pperv\code\unnamed_rpg\vendor\json\include\nlohmann/detail/macro_scope.hpp(337,51): note: expanded from macro 'NLOHMANN_BASIC_JSON_TPL_DECLARATION'
[build]   337 |     template<template<typename, typename, typename...> class ObjectType,   \
[build]       |                                                   ^
[build] In file included from C:\Users\pperv\code\unnamed_rpg\vendor\json-schema-validator\src\json-validator.cpp:9:
[build] In file included from C:\Users\pperv\code\unnamed_rpg\vendor\json-schema-validator\src\nlohmann/json-schema.hpp:24:
[build] C:\Users\pperv\code\unnamed_rpg\vendor\json\include\nlohmann/json.hpp(5265,1): warning: variadic templates are incompatible with C++98 [-Wc++98-compat]
[build] C:\Users\pperv\code\unnamed_rpg\vendor\json\include\nlohmann/detail/macro_scope.hpp(338,41): note: expanded from macro 'NLOHMANN_BASIC_JSON_TPL_DECLARATION'
[build]   338 |              template<typename, typename...> class ArrayType,              \
[build]       |                                         ^
[build] In file included from C:\Users\pperv\code\unnamed_rpg\vendor\json-schema-validator\src\json-validator.cpp:9:
[build] In file included from C:\Users\pperv\code\unnamed_rpg\vendor\json-schema-validator\src\nlohmann/json-schema.hpp:24:
[build] C:\Users\pperv\code\unnamed_rpg\vendor\json\include\nlohmann/json.hpp(5273,1): warning: variadic templates are incompatible with C++98 [-Wc++98-compat]
[build]  5273 | NLOHMANN_BASIC_JSON_TPL_DECLARATION
[build]       | ^
[build] C:\Users\pperv\code\unnamed_rpg\vendor\json\include\nlohmann/detail/macro_scope.hpp(337,51): note: expanded from macro 'NLOHMANN_BASIC_JSON_TPL_DECLARATION'
[build]   337 |     template<template<typename, typename, typename...> class ObjectType,   \
[build]       |                                                   ^
[build] In file included from C:\Users\pperv\code\unnamed_rpg\vendor\json-schema-validator\src\json-validator.cpp:9:
[build] In file included from C:\Users\pperv\code\unnamed_rpg\vendor\json-schema-validator\src\nlohmann/json-schema.hpp:24:
[build] C:\Users\pperv\code\unnamed_rpg\vendor\json\include\nlohmann/json.hpp(5273,1): warning: variadic templates are incompatible with C++98 [-Wc++98-compat]
[build] C:\Users\pperv\code\unnamed_rpg\vendor\json\include\nlohmann/detail/macro_scope.hpp(338,41): note: expanded from macro 'NLOHMANN_BASIC_JSON_TPL_DECLARATION'
[build]   338 |              template<typename, typename...> class ArrayType,              \
[build]       |                                         ^
[build] In file included from C:\Users\pperv\code\unnamed_rpg\vendor\json-schema-validator\src\json-validator.cpp:9:
[build] In file included from C:\Users\pperv\code\unnamed_rpg\vendor\json-schema-validator\src\nlohmann/json-schema.hpp:24:
[build] C:\Users\pperv\code\unnamed_rpg\vendor\json\include\nlohmann/json.hpp(5279,1): warning: inline namespaces are incompatible with C++98 [-Wc++98-compat]
[build]  5279 | inline namespace literals
[build]       | ^
[build] C:\Users\pperv\code\unnamed_rpg\vendor\json\include\nlohmann/json.hpp(5281,1): warning: inline namespaces are incompatible with C++98 [-Wc++98-compat]
[build]  5281 | inline namespace json_literals
[build]       | ^
[build] C:\Users\pperv\code\unnamed_rpg\vendor\json\include\nlohmann/json.hpp(5288,35): warning: literal operators are incompatible with C++98 [-Wc++98-compat]
[build]  5288 |     inline nlohmann::json operator""_json(const char* s, std::size_t n)
[build]       |                                   ^
[build] C:\Users\pperv\code\unnamed_rpg\vendor\json\include\nlohmann/json.hpp(4281,20): warning: padding struct 'nlohmann::basic_json<>::data' with 7 bytes to align 'm_value' [-Wpadded]
[build]  4281 |         json_value m_value = {};
[build]       |                    ^
[build] C:\Users\pperv\code\unnamed_rpg\vendor\json\include\nlohmann/json.hpp(5310,49): warning: literal operators are incompatible with C++98 [-Wc++98-compat]
[build]  5310 |     inline nlohmann::json::json_pointer operator""_json_pointer(const char* s, std::size_t n)
[build]       |                                                 ^
[build] C:\Users\pperv\code\unnamed_rpg\vendor\json\include\nlohmann/json.hpp(5339,1): warning: variadic templates are incompatible with C++98 [-Wc++98-compat]
[build]  5339 | NLOHMANN_BASIC_JSON_TPL_DECLARATION
[build]       | ^
[build] C:\Users\pperv\code\unnamed_rpg\vendor\json\include\nlohmann/detail/macro_scope.hpp(337,51): note: expanded from macro 'NLOHMANN_BASIC_JSON_TPL_DECLARATION'
[build]   337 |     template<template<typename, typename, typename...> class ObjectType,   \
[build]       |                                                   ^
[build] In file included from C:\Users\pperv\code\unnamed_rpg\vendor\json-schema-validator\src\json-validator.cpp:9:
[build] In file included from C:\Users\pperv\code\unnamed_rpg\vendor\json-schema-validator\src\nlohmann/json-schema.hpp:24:
[build] C:\Users\pperv\code\unnamed_rpg\vendor\json\include\nlohmann/json.hpp(5339,1): warning: variadic templates are incompatible with C++98 [-Wc++98-compat]
[build] C:\Users\pperv\code\unnamed_rpg\vendor\json\include\nlohmann/detail/macro_scope.hpp(338,41): note: expanded from macro 'NLOHMANN_BASIC_JSON_TPL_DECLARATION'
[build]   338 |              template<typename, typename...> class ArrayType,              \
[build]       |                                         ^
[build] In file included from C:\Users\pperv\code\unnamed_rpg\vendor\json-schema-validator\src\json-validator.cpp:9:
[build] In file included from C:\Users\pperv\code\unnamed_rpg\vendor\json-schema-validator\src\nlohmann/json-schema.hpp:24:
[build] C:\Users\pperv\code\unnamed_rpg\vendor\json\include\nlohmann/json.hpp(5358,5): warning: noexcept specifications are incompatible with C++98 [-Wc++98-compat]
[build]  5358 |     {
[build]       |     ^
[build] C:\Users\pperv\code\unnamed_rpg\vendor\json\include\nlohmann/json.hpp(5372,1): warning: variadic templates are incompatible with C++98 [-Wc++98-compat]
[build]  5372 | NLOHMANN_BASIC_JSON_TPL_DECLARATION
[build]       | ^
[build] C:\Users\pperv\code\unnamed_rpg\vendor\json\include\nlohmann/detail/macro_scope.hpp(337,51): note: expanded from macro 'NLOHMANN_BASIC_JSON_TPL_DECLARATION'
[build]   337 |     template<template<typename, typename, typename...> class ObjectType,   \
[build]       |                                                   ^
[build] In file included from C:\Users\pperv\code\unnamed_rpg\vendor\json-schema-validator\src\json-validator.cpp:9:
[build] In file included from C:\Users\pperv\code\unnamed_rpg\vendor\json-schema-validator\src\nlohmann/json-schema.hpp:24:
[build] C:\Users\pperv\code\unnamed_rpg\vendor\json\include\nlohmann/json.hpp(5372,1): warning: variadic templates are incompatible with C++98 [-Wc++98-compat]
[build] C:\Users\pperv\code\unnamed_rpg\vendor\json\include\nlohmann/detail/macro_scope.hpp(338,41): note: expanded from macro 'NLOHMANN_BASIC_JSON_TPL_DECLARATION'
[build]   338 |              template<typename, typename...> class ArrayType,              \
[build]       |                                         ^
[build] In file included from C:\Users\pperv\code\unnamed_rpg\vendor\json-schema-validator\src\json-validator.cpp:9:
[build] In file included from C:\Users\pperv\code\unnamed_rpg\vendor\json-schema-validator\src\nlohmann/json-schema.hpp:24:
[build] C:\Users\pperv\code\unnamed_rpg\vendor\json\include\nlohmann/json.hpp(5373,96): warning: noexcept specifications are incompatible with C++98 [-Wc++98-compat]
[build]  5373 | inline void swap(nlohmann::NLOHMANN_BASIC_JSON_TPL& j1, nlohmann::NLOHMANN_BASIC_JSON_TPL& j2) noexcept(  // NOLINT(readability-inconsistent-declaration-parameter-name, cert-dcl58-cpp)
[build]       |                                                                                                ^
[build] C:\Users\pperv\code\unnamed_rpg\vendor\json\include\nlohmann/json.hpp(5464,58): warning: literal operators are incompatible with C++98 [-Wc++98-compat]
[build]  5464 |         using nlohmann::literals::json_literals::operator""_json; // NOLINT(misc-unused-using-decls,google-global-names-in-headers)
[build]       |                                                          ^
[build] C:\Users\pperv\code\unnamed_rpg\vendor\json\include\nlohmann/json.hpp(5465,58): warning: literal operators are incompatible with C++98 [-Wc++98-compat]
[build]  5465 |         using nlohmann::literals::json_literals::operator""_json_pointer; //NOLINT(misc-unused-using-decls,google-global-names-in-headers)
[build]       |                                                          ^
[build] In file included from C:\Users\pperv\code\unnamed_rpg\vendor\json-schema-validator\src\json-validator.cpp:9:
[build] C:\Users\pperv\code\unnamed_rpg\vendor\json-schema-validator\src\nlohmann/json-schema.hpp(147,13): warning: default member initializer for non-static data members is incompatible with C++98 [-Wc++98-compat]
[build]   147 |         bool error_{false};
[build]       |                    ^
[build] C:\Users\pperv\code\unnamed_rpg\vendor\json-schema-validator\src\nlohmann/json-schema.hpp(150,109): warning: 'override' keyword is incompatible with C++98 [-Wc++98-compat]
[build]   150 |         void error(const json::json_pointer & /*ptr*/, const json & /*instance*/, const std::string & /*message*/) override
[build]       |                                                                                                                    ^
[build] C:\Users\pperv\code\unnamed_rpg\vendor\json-schema-validator\src\nlohmann/json-schema.hpp(174,22): warning: rvalue references are incompatible with C++98 [-Wc++98-compat]
[build]   174 |         json_validator(json &&, schema_loader = nullptr, format_checker = nullptr, content_checker = nullptr);
[build]       |                             ^
[build] C:\Users\pperv\code\unnamed_rpg\vendor\json-schema-validator\src\nlohmann/json-schema.hpp(176,32): warning: rvalue references are incompatible with C++98 [-Wc++98-compat]
[build]   176 |         json_validator(json_validator &&);
[build]       |                                       ^
[build] C:\Users\pperv\code\unnamed_rpg\vendor\json-schema-validator\src\nlohmann/json-schema.hpp(177,43): warning: rvalue references are incompatible with C++98 [-Wc++98-compat]
[build]   177 |         json_validator &operator=(json_validator &&);
[build]       |                                                  ^
[build] C:\Users\pperv\code\unnamed_rpg\vendor\json-schema-validator\src\nlohmann/json-schema.hpp(179,43): warning: deleted function definitions are incompatible with C++98 [-Wc++98-compat]
[build]   179 |         json_validator(json_validator const &) = delete;
[build]       |                                                  ^
[build] C:\Users\pperv\code\unnamed_rpg\vendor\json-schema-validator\src\nlohmann/json-schema.hpp(180,54): warning: deleted function definitions are incompatible with C++98 [-Wc++98-compat]
[build]   180 |         json_validator &operator=(json_validator const &) = delete;
[build]       |                                                             ^
[build] C:\Users\pperv\code\unnamed_rpg\vendor\json-schema-validator\src\nlohmann/json-schema.hpp(186,28): warning: rvalue references are incompatible with C++98 [-Wc++98-compat]
[build]   186 |         void set_root_schema(json &&);
[build]       |                                   ^
[build] C:\Users\pperv\code\unnamed_rpg\vendor\json-schema-validator\src\nlohmann/json-schema.hpp(171,33): warning: 'nullptr' is incompatible with C++98 [-Wc++98-compat]
[build]   171 |         json_validator(schema_loader = nullptr, format_checker = nullptr, content_checker = nullptr);
[build]       |                                        ^
[build] C:\Users\pperv\code\unnamed_rpg\vendor\json-schema-validator\src\nlohmann/json-schema.hpp(171,59): warning: 'nullptr' is incompatible with C++98 [-Wc++98-compat]
[build]   171 |         json_validator(schema_loader = nullptr, format_checker = nullptr, content_checker = nullptr);
[build]       |                                                                  ^
[build] C:\Users\pperv\code\unnamed_rpg\vendor\json-schema-validator\src\nlohmann/json-schema.hpp(171,86): warning: 'nullptr' is incompatible with C++98 [-Wc++98-compat]
[build]   171 |         json_validator(schema_loader = nullptr, format_checker = nullptr, content_checker = nullptr);
[build]       |                                                                                             ^
[build] C:\Users\pperv\code\unnamed_rpg\vendor\json-schema-validator\src\nlohmann/json-schema.hpp(173,47): warning: 'nullptr' is incompatible with C++98 [-Wc++98-compat]
[build]   173 |         json_validator(const json &, schema_loader = nullptr, format_checker = nullptr, content_checker = nullptr);
[build]       |                                                      ^
[build] C:\Users\pperv\code\unnamed_rpg\vendor\json-schema-validator\src\nlohmann/json-schema.hpp(173,73): warning: 'nullptr' is incompatible with C++98 [-Wc++98-compat]
[build]   173 |         json_validator(const json &, schema_loader = nullptr, format_checker = nullptr, content_checker = nullptr);
[build]       |                                                                                ^
[build] C:\Users\pperv\code\unnamed_rpg\vendor\json-schema-validator\src\nlohmann/json-schema.hpp(173,100): warning: 'nullptr' is incompatible with C++98 [-Wc++98-compat]
[build]   173 |         json_validator(const json &, schema_loader = nullptr, format_checker = nullptr, content_checker = nullptr);
[build]       |                                                                                                           ^
[build] C:\Users\pperv\code\unnamed_rpg\vendor\json-schema-validator\src\nlohmann/json-schema.hpp(174,42): warning: 'nullptr' is incompatible with C++98 [-Wc++98-compat]
[build]   174 |         json_validator(json &&, schema_loader = nullptr, format_checker = nullptr, content_checker = nullptr);
[build]       |                                                 ^
[build] C:\Users\pperv\code\unnamed_rpg\vendor\json-schema-validator\src\nlohmann/json-schema.hpp(174,68): warning: 'nullptr' is incompatible with C++98 [-Wc++98-compat]
[build]   174 |         json_validator(json &&, schema_loader = nullptr, format_checker = nullptr, content_checker = nullptr);
[build]       |                                                                           ^
[build] C:\Users\pperv\code\unnamed_rpg\vendor\json-schema-validator\src\nlohmann/json-schema.hpp(174,95): warning: 'nullptr' is incompatible with C++98 [-Wc++98-compat]
[build]   174 |         json_validator(json &&, schema_loader = nullptr, format_checker = nullptr, content_checker = nullptr);
[build]       |                                                                                                      ^
[build] In file included from C:\Users\pperv\code\unnamed_rpg\vendor\json-schema-validator\src\json-validator.cpp:11:
[build] C:\Users\pperv\code\unnamed_rpg\vendor\json-schema-validator\src\json-patch.hpp(14,43): warning: noexcept specifications are incompatible with C++98 [-Wc++98-compat]
[build]    14 |         inline const char *what() const noexcept override final { return ex_.c_str(); }
[build]       |                                                  ^
[build] C:\Users\pperv\code\unnamed_rpg\vendor\json-schema-validator\src\json-patch.hpp(14,43): warning: 'override' keyword is incompatible with C++98 [-Wc++98-compat]
[build] C:\Users\pperv\code\unnamed_rpg\vendor\json-schema-validator\src\json-patch.hpp(14,52): warning: 'final' keyword is incompatible with C++98 [-Wc++98-compat]
[build]    14 |         inline const char *what() const noexcept override final { return ex_.c_str(); }
[build]       |                                                           ^
[build] C:\Users\pperv\code\unnamed_rpg\vendor\json-schema-validator\src\json-patch.hpp(12,11): warning: generalized initializer lists are incompatible with C++98 [-Wc++98-compat]
[build]    12 |             : ex_{std::move(msg)} {}
[build]       |                  ^
[build] C:\Users\pperv\code\unnamed_rpg\vendor\json-schema-validator\src\json-patch.hpp(12,11): warning: constructor call from initializer list is incompatible with C++98 [-Wc++98-compat]
[build]    12 |             : ex_{std::move(msg)} {}
[build]       |                  ^~~~~~~~~~~~~~~~
[build] C:\Users\pperv\code\unnamed_rpg\vendor\json-schema-validator\src\json-patch.hpp(23,17): warning: defaulted function definitions are incompatible with C++98 [-Wc++98-compat]
[build]    23 |         json_patch() = default;
[build]       |                        ^
[build] C:\Users\pperv\code\unnamed_rpg\vendor\json-schema-validator\src\json-patch.hpp(24,18): warning: rvalue references are incompatible with C++98 [-Wc++98-compat]
[build]    24 |         json_patch(json &&patch);
[build]       |                         ^
[build] C:\Users\pperv\code\unnamed_rpg\vendor\json-schema-validator\src\json-patch.hpp(37,10): warning: default member initializer for non-static data members is incompatible with C++98 [-Wc++98-compat]
[build]    37 |         json j_ = nlohmann::json::array();
[build]       |                 ^
[build] In file included from C:\Users\pperv\code\unnamed_rpg\vendor\json-schema-validator\src\json-validator.cpp:9:
[build] In file included from C:\Users\pperv\code\unnamed_rpg\vendor\json-schema-validator\src\nlohmann/json-schema.hpp:24:
[build] C:\Users\pperv\code\unnamed_rpg\vendor\json\include\nlohmann/json.hpp(1052,55): warning: constructor call from initializer list is incompatible with C++98 [-Wc++98-compat]
[build]  1052 |     static basic_json array(initializer_list_t init = {})
[build]       |                                                       ^~
[build] C:\Users\pperv\code\unnamed_rpg\vendor\json-schema-validator\src\json-patch.hpp(37,12): note: in instantiation of default function argument expression for 'array<std::map, std::vector, std::basic_string<char>, bool, long long, unsigned long long, double, std::allocator, nlohmann::adl_serializer, std::vector<unsigned char>, void>' required here
[build]    37 |         json j_ = nlohmann::json::array();
[build]       |                   ^
[build] C:\Users\pperv\code\unnamed_rpg\vendor\json-schema-validator\src\json-validator.cpp(42,22): warning: default member initializer for non-static data members is incompatible with C++98 [-Wc++98-compat]
[build]    42 |         json default_value_ = nullptr;
[build]       |                             ^
[build] C:\Users\pperv\code\unnamed_rpg\vendor\json-schema-validator\src\json-validator.cpp(46,21): warning: '<::' is treated as digraph '<:' (aka '[') followed by ':' in C++98 [-Wc++98-compat]
[build]    46 |             std::shared_ptr<::schema> & /* sch */,
[build]       |                            ^
[build] C:\Users\pperv\code\unnamed_rpg\vendor\json-schema-validator\src\json-validator.cpp(52,3): warning: extra ';' after member function definition [-Wextra-semi]
[build]    52 |         };
[build]       |          ^
[build] C:\Users\pperv\code\unnamed_rpg\vendor\json-schema-validator\src\json-validator.cpp(55,22): warning: defaulted function definitions are incompatible with C++98 [-Wc++98-compat]
[build]    55 |         virtual ~schema() = default;
[build]       |                             ^
[build] C:\Users\pperv\code\unnamed_rpg\vendor\json-schema-validator\src\json-validator.cpp(42,24): warning: 'nullptr' is incompatible with C++98 [-Wc++98-compat]
[build]    42 |         json default_value_ = nullptr;
[build]       |                               ^
[build] C:\Users\pperv\code\unnamed_rpg\vendor\json-schema-validator\src\json-validator.cpp(51,10): warning: 'nullptr' is incompatible with C++98 [-Wc++98-compat]
[build]    51 |                 return nullptr;
[build]       |                        ^
[build] C:\Users\pperv\code\unnamed_rpg\vendor\json-schema-validator\src\json-validator.cpp(82,112): warning: 'final' keyword is incompatible with C++98 [-Wc++98-compat]
[build]    82 |         void validate(const json::json_pointer &ptr, const json &instance, json_patch &patch, error_handler &e) const final
[build]       |                                                                                                                       ^
[build] C:\Users\pperv\code\unnamed_rpg\vendor\json-schema-validator\src\json-validator.cpp(92,105): warning: 'override' keyword is incompatible with C++98 [-Wc++98-compat]
[build]    92 |         const json &default_value(const json::json_pointer &ptr, const json &instance, error_handler &e) const override final
[build]       |                                                                                                                ^
[build] C:\Users\pperv\code\unnamed_rpg\vendor\json-schema-validator\src\json-validator.cpp(92,114): warning: 'final' keyword is incompatible with C++98 [-Wc++98-compat]
[build]    92 |         const json &default_value(const json::json_pointer &ptr, const json &instance, error_handler &e) const override final
[build]       |                                                                                                                         ^
[build] C:\Users\pperv\code\unnamed_rpg\vendor\json-schema-validator\src\json-validator.cpp(108,21): warning: '<::' is treated as digraph '<:' (aka '[') followed by ':' in C++98 [-Wc++98-compat]
[build]   108 |             std::shared_ptr<::schema> &sch,
[build]       |                            ^
[build] C:\Users\pperv\code\unnamed_rpg\vendor\json-schema-validator\src\json-validator.cpp(111,43): warning: 'override' keyword is incompatible with C++98 [-Wc++98-compat]
[build]   111 |             nlohmann::json &default_value) const override
[build]       |                                                  ^
[build] C:\Users\pperv\code\unnamed_rpg\vendor\json-schema-validator\src\json-validator.cpp(119,3): warning: extra ';' after member function definition [-Wextra-semi]
[build]   119 |         };
[build]       |          ^
[build] C:\Users\pperv\code\unnamed_rpg\vendor\json-schema-validator\src\json-validator.cpp(84,3): warning: 'auto' type specifier is incompatible with C++98 [-Wc++98-compat]
[build]    84 |                 auto target = target_.lock();
[build]       |                 ^~~~
[build] C:\Users\pperv\code\unnamed_rpg\vendor\json-schema-validator\src\json-validator.cpp(38,7): warning: padding size of '(anonymous namespace)::schema' with 8 bytes to alignment boundary [-Wpadded]
[build]    38 | class schema
[build]       |       ^
[build] In file included from C:\Users\pperv\code\unnamed_rpg\vendor\json-schema-validator\src\json-validator.cpp:9:
[build] C:\Users\pperv\code\unnamed_rpg\vendor\json-schema-validator\src\nlohmann/json-schema.hpp(138,33): warning: padding size of 'nlohmann::json_schema::error_handler' with 8 bytes to alignment boundary [-Wpadded]
[build]   138 | class JSON_SCHEMA_VALIDATOR_API error_handler
[build]       |                                 ^
[build] In file included from C:\Users\pperv\code\unnamed_rpg\vendor\json-schema-validator\src\json-validator.cpp:9:
[build] In file included from C:\Users\pperv\code\unnamed_rpg\vendor\json-schema-validator\src\nlohmann/json-schema.hpp:24:
[build] C:\Users\pperv\code\unnamed_rpg\vendor\json\include\nlohmann/json.hpp(1383,33): warning: enumeration type in nested name specifier is incompatible with C++98 [-Wc++98-compat]
[build]  1383 |         return m_data.m_type == value_t::null;
[build]       |                                 ^
[build] C:\Users\pperv\code\unnamed_rpg\vendor\json-schema-validator\src\json-validator.cpp(94,23): note: in instantiation of member function 'nlohmann::basic_json<>::is_null' requested here
[build]    94 |                 if (!default_value_.is_null())
[build]       |                                     ^
[build] C:\Users\pperv\code\unnamed_rpg\vendor\json-schema-validator\src\json-validator.cpp(97,3): warning: 'auto' type specifier is incompatible with C++98 [-Wc++98-compat]
[build]    97 |                 auto target = target_.lock();
[build]       |                 ^~~~
[build] C:\Users\pperv\code\unnamed_rpg\vendor\json-schema-validator\src\json-validator.cpp(115,3): warning: 'auto' type specifier is incompatible with C++98 [-Wc++98-compat]
[build]   115 |                 auto result = std::make_shared<schema_ref>(uris[0].to_string(), root);
[build]       |                 ^~~~
[build] C:\Users\pperv\code\unnamed_rpg\vendor\json-schema-validator\src\json-validator.cpp(151,47): warning: consecutive right angle brackets are incompatible with C++98 (use '> >') [-Wc++98-compat]
[build]   151 |                 std::map<std::string, std::shared_ptr<schema>> schemas;
[build]       |                                                             ^~
[build]       |                                                             > >
[build] C:\Users\pperv\code\unnamed_rpg\vendor\json-schema-validator\src\json-validator.cpp(152,51): warning: consecutive right angle brackets are incompatible with C++98 (use '> >') [-Wc++98-compat]
[build]   152 |                 std::map<std::string, std::shared_ptr<schema_ref>> unresolved; // contains all unresolved references from any other file seen during parsing
[build]       |                                                                 ^~
[build]       |                                                                 > >
[build] C:\Users\pperv\code\unnamed_rpg\vendor\json-schema-validator\src\json-validator.cpp(169,28): warning: rvalue references are incompatible with C++98 [-Wc++98-compat]
[build]   169 |         root_schema(schema_loader &&loader,
[build]       |                                   ^
[build] C:\Users\pperv\code\unnamed_rpg\vendor\json-schema-validator\src\json-validator.cpp(170,29): warning: rvalue references are incompatible with C++98 [-Wc++98-compat]
[build]   170 |                     format_checker &&format,
[build]       |                                    ^
[build] C:\Users\pperv\code\unnamed_rpg\vendor\json-schema-validator\src\json-validator.cpp(171,30): warning: rvalue references are incompatible with C++98 [-Wc++98-compat]
[build]   171 |                     content_checker &&content)
[build]       |                                     ^
[build] C:\Users\pperv\code\unnamed_rpg\vendor\json-schema-validator\src\json-validator.cpp(161,3): warning: 'auto' type specifier is incompatible with C++98 [-Wc++98-compat]
[build]   161 |                 auto file = files_.lower_bound(loc);
[build]       |                 ^~~~
[build] C:\Users\pperv\code\unnamed_rpg\vendor\json-schema-validator\src\json-validator.cpp(165,31): warning: generalized initializer lists are incompatible with C++98 [-Wc++98-compat]
[build]   165 |                         return files_.insert(file, {loc, {}})->second;
[build]       |                                                    ^
[build] C:\Users\pperv\code\unnamed_rpg\vendor\json-schema-validator\src\json-validator.cpp(165,31): warning: constructor call from initializer list is incompatible with C++98 [-Wc++98-compat]
[build]   165 |                         return files_.insert(file, {loc, {}})->second;
[build]       |                                                    ^~~~~~~~~
[build] C:\Users\pperv\code\unnamed_rpg\vendor\json-schema-validator\src\json-validator.cpp(165,38): warning: constructor call from initializer list is incompatible with C++98 [-Wc++98-compat]
[build]   165 |                         return files_.insert(file, {loc, {}})->second;
[build]       |                                                           ^
[build] C:\Users\pperv\code\unnamed_rpg\vendor\json-schema-validator\src\json-validator.cpp(165,38): warning: constructor call from initializer list is incompatible with C++98 [-Wc++98-compat]
[build]   165 |                         return files_.insert(file, {loc, {}})->second;
[build]       |                                                           ^
[build] C:\Users\pperv\code\unnamed_rpg\vendor\json-schema-validator\src\json-validator.cpp(165,38): warning: constructor call from initializer list is incompatible with C++98 [-Wc++98-compat]
[build]   165 |                         return files_.insert(file, {loc, {}})->second;
[build]       |                                                           ^
[build] C:\Users\pperv\code\unnamed_rpg\vendor\json-schema-validator\src\json-validator.cpp(184,3): warning: 'auto' type specifier is incompatible with C++98 [-Wc++98-compat]
[build]   184 |                 auto &file = get_or_create_file(uri.location());
[build]       |                 ^~~~
[build] C:\Users\pperv\code\unnamed_rpg\vendor\json-schema-validator\src\json-validator.cpp(185,3): warning: 'auto' type specifier is incompatible with C++98 [-Wc++98-compat]
[build]   185 |                 auto sch = file.schemas.lower_bound(uri.fragment());
[build]       |                 ^~~~
[build] C:\Users\pperv\code\unnamed_rpg\vendor\json-schema-validator\src\json-validator.cpp(191,23): warning: generalized initializer lists are incompatible with C++98 [-Wc++98-compat]
[build]   191 |                 file.schemas.insert({uri.fragment(), s});
[build]       |                                     ^
[build] C:\Users\pperv\code\unnamed_rpg\vendor\json-schema-validator\src\json-validator.cpp(191,23): warning: constructor call from initializer list is incompatible with C++98 [-Wc++98-compat]
[build]   191 |                 file.schemas.insert({uri.fragment(), s});
[build]       |                                     ^~~~~~~~~~~~~~~~~~~
[build] C:\Users\pperv\code\unnamed_rpg\vendor\json-schema-validator\src\json-validator.cpp(194,3): warning: 'auto' type specifier is incompatible with C++98 [-Wc++98-compat]
[build]   194 |                 auto unresolved = file.unresolved.find(uri.fragment());
[build]       |                 ^~~~
[build] C:\Users\pperv\code\unnamed_rpg\vendor\json-schema-validator\src\json-validator.cpp(188,4): warning: 'return' will never be executed [-Wunreachable-code-return]
[build]   188 |                         return;
[build]       |                         ^~~~~~
[build] C:\Users\pperv\code\unnamed_rpg\vendor\json-schema-validator\src\json-validator.cpp(203,3): warning: 'auto' type specifier is incompatible with C++98 [-Wc++98-compat]
[build]   203 |                 auto &file = get_or_create_file(uri.location());
[build]       |                 ^~~~
[build] C:\Users\pperv\code\unnamed_rpg\vendor\json-schema-validator\src\json-validator.cpp(204,3): warning: 'auto' type specifier is incompatible with C++98 [-Wc++98-compat]
[build]   204 |                 auto new_uri = uri.append(key);
[build]       |                 ^~~~
[build] C:\Users\pperv\code\unnamed_rpg\vendor\json-schema-validator\src\json-validator.cpp(205,3): warning: 'auto' type specifier is incompatible with C++98 [-Wc++98-compat]
[build]   205 |                 auto fragment = new_uri.pointer();
[build]       |                 ^~~~
[build] C:\Users\pperv\code\unnamed_rpg\vendor\json-schema-validator\src\json-validator.cpp(208,3): warning: 'auto' type specifier is incompatible with C++98 [-Wc++98-compat]
[build]   208 |                 auto unresolved = file.unresolved.find(fragment.to_string());
[build]       |                 ^~~~
[build] C:\Users\pperv\code\unnamed_rpg\vendor\json-schema-validator\src\json-validator.cpp(210,30): warning: generalized initializer lists are incompatible with C++98 [-Wc++98-compat]
[build]   210 |                         schema::make(value, this, {}, {{new_uri}});
[build]       |                                                   ^
[build] C:\Users\pperv\code\unnamed_rpg\vendor\json-schema-validator\src\json-validator.cpp(210,34): warning: generalized initializer lists are incompatible with C++98 [-Wc++98-compat]
[build]   210 |                         schema::make(value, this, {}, {{new_uri}});
[build]       |                                                       ^
[build] C:\Users\pperv\code\unnamed_rpg\vendor\json-schema-validator\src\json-validator.cpp(210,30): warning: constructor call from initializer list is incompatible with C++98 [-Wc++98-compat]
[build]   210 |                         schema::make(value, this, {}, {{new_uri}});
[build]       |                                                   ^~
[build] C:\Users\pperv\code\unnamed_rpg\vendor\json-schema-validator\src\json-validator.cpp(210,35): warning: constructor call from initializer list is incompatible with C++98 [-Wc++98-compat]
[build]   210 |                         schema::make(value, this, {}, {{new_uri}});
[build]       |                                                        ^~~~~~~~~
[build] C:\Users\pperv\code\unnamed_rpg\vendor\json-schema-validator\src\json-validator.cpp(210,34): warning: initialization of initializer_list object is incompatible with C++98 [-Wc++98-compat]
[build]   210 |                         schema::make(value, this, {}, {{new_uri}});
[build]       |                                                       ^~~~~~~~~~~
[build] C:\Users\pperv\code\unnamed_rpg\vendor\json-schema-validator\src\json-validator.cpp(220,4): warning: 'auto' type specifier is incompatible with C++98 [-Wc++98-compat]
[build]   220 |                         auto uri_pointer = uri.pointer();
[build]       |                         ^~~~
[build] C:\Users\pperv\code\unnamed_rpg\vendor\json-schema-validator\src\json-validator.cpp(227,4): warning: 'auto' type specifier is incompatible with C++98 [-Wc++98-compat]
[build]   227 |                         auto unk_kw = &file.unknown_keywords;
[build]       |                         ^~~~
[build] C:\Users\pperv\code\unnamed_rpg\vendor\json-schema-validator\src\json-validator.cpp(228,9): warning: 'auto' type specifier is incompatible with C++98 [-Wc++98-compat]
[build]   228 |                         for (auto &rt : ref_tokens) {
[build]       |                              ^~~~
[build] C:\Users\pperv\code\unnamed_rpg\vendor\json-schema-validator\src\json-validator.cpp(228,18): warning: range-based for loop is incompatible with C++98 [-Wc++98-compat]
[build]   228 |                         for (auto &rt : ref_tokens) {
[build]       |                                       ^
[build] C:\Users\pperv\code\unnamed_rpg\vendor\json-schema-validator\src\json-validator.cpp(230,30): warning: generalized initializer lists are incompatible with C++98 [-Wc++98-compat]
[build]   230 |                                 json::json_pointer rt_ptr{"/" + rt};
[build]       |                                                          ^
[build] C:\Users\pperv\code\unnamed_rpg\vendor\json-schema-validator\src\json-validator.cpp(230,30): warning: constructor call from initializer list is incompatible with C++98 [-Wc++98-compat]
[build]   230 |                                 json::json_pointer rt_ptr{"/" + rt};
[build]       |                                                          ^~~~~~~~~~
[build] In file included from C:\Users\pperv\code\unnamed_rpg\vendor\json-schema-validator\src\json-validator.cpp:9:
[build] In file included from C:\Users\pperv\code\unnamed_rpg\vendor\json-schema-validator\src\nlohmann/json-schema.hpp:24:
[build] C:\Users\pperv\code\unnamed_rpg\vendor\json\include\nlohmann/json.hpp(1060,56): warning: constructor call from initializer list is incompatible with C++98 [-Wc++98-compat]
[build]  1060 |     static basic_json object(initializer_list_t init = {})
[build]       |                                                        ^~
[build] C:\Users\pperv\code\unnamed_rpg\vendor\json-schema-validator\src\json-validator.cpp(232,22): note: in instantiation of default function argument expression for 'object<std::map, std::vector, std::basic_string<char>, bool, long long, unsigned long long, double, std::allocator, nlohmann::adl_serializer, std::vector<unsigned char>, void>' required here
[build]   232 |                                         (*unk_kw)[rt] = json::object();
[build]       |                                                         ^
[build] C:\Users\pperv\code\unnamed_rpg\vendor\json-schema-validator\src\json-validator.cpp(240,9): warning: 'auto' type specifier is incompatible with C++98 [-Wc++98-compat]
[build]   240 |                         for (auto &subsch : value.items())
[build]       |                              ^~~~
[build] C:\Users\pperv\code\unnamed_rpg\vendor\json-schema-validator\src\json-validator.cpp(240,22): warning: range-based for loop is incompatible with C++98 [-Wc++98-compat]
[build]   240 |                         for (auto &subsch : value.items())
[build]       |                                           ^
[build] C:\Users\pperv\code\unnamed_rpg\vendor\json-schema-validator\src\json-validator.cpp(246,3): warning: 'auto' type specifier is incompatible with C++98 [-Wc++98-compat]
[build]   246 |                 auto &file = get_or_create_file(uri.location());
[build]       |                 ^~~~
[build] C:\Users\pperv\code\unnamed_rpg\vendor\json-schema-validator\src\json-validator.cpp(249,3): warning: 'auto' type specifier is incompatible with C++98 [-Wc++98-compat]
[build]   249 |                 auto sch = file.schemas.find(uri.fragment());
[build]       |                 ^~~~
[build] C:\Users\pperv\code\unnamed_rpg\vendor\json-schema-validator\src\json-validator.cpp(260,5): warning: 'auto' type specifier is incompatible with C++98 [-Wc++98-compat]
[build]   260 |                                 auto &subschema = file.unknown_keywords.at(uri.pointer());
[build]       |                                 ^~~~
[build] C:\Users\pperv\code\unnamed_rpg\vendor\json-schema-validator\src\json-validator.cpp(261,5): warning: 'auto' type specifier is incompatible with C++98 [-Wc++98-compat]
[build]   261 |                                 auto s = schema::make(subschema, this, {}, {{uri}});
[build]       |                                 ^~~~
[build] C:\Users\pperv\code\unnamed_rpg\vendor\json-schema-validator\src\json-validator.cpp(261,44): warning: generalized initializer lists are incompatible with C++98 [-Wc++98-compat]
[build]   261 |                                 auto s = schema::make(subschema, this, {}, {{uri}});
[build]       |                                                                        ^
[build] C:\Users\pperv\code\unnamed_rpg\vendor\json-schema-validator\src\json-validator.cpp(261,48): warning: generalized initializer lists are incompatible with C++98 [-Wc++98-compat]
[build]   261 |                                 auto s = schema::make(subschema, this, {}, {{uri}});
[build]       |                                                                            ^
[build] C:\Users\pperv\code\unnamed_rpg\vendor\json-schema-validator\src\json-validator.cpp(261,44): warning: constructor call from initializer list is incompatible with C++98 [-Wc++98-compat]
[build]   261 |                                 auto s = schema::make(subschema, this, {}, {{uri}});
[build]       |                                                                        ^~
[build] C:\Users\pperv\code\unnamed_rpg\vendor\json-schema-validator\src\json-validator.cpp(261,49): warning: constructor call from initializer list is incompatible with C++98 [-Wc++98-compat]
[build]   261 |                                 auto s = schema::make(subschema, this, {}, {{uri}});
[build]       |                                                                             ^~~~~
[build] C:\Users\pperv\code\unnamed_rpg\vendor\json-schema-validator\src\json-validator.cpp(261,48): warning: initialization of initializer_list object is incompatible with C++98 [-Wc++98-compat]
[build]   261 |                                 auto s = schema::make(subschema, this, {}, {{uri}});
[build]       |                                                                            ^~~~~~~
[build] C:\Users\pperv\code\unnamed_rpg\vendor\json-schema-validator\src\json-validator.cpp(270,3): warning: 'auto' type specifier is incompatible with C++98 [-Wc++98-compat]
[build]   270 |                 auto r = file.unresolved.lower_bound(uri.fragment());
[build]       |                 ^~~~
[build] C:\Users\pperv\code\unnamed_rpg\vendor\json-schema-validator\src\json-validator.cpp(275,34): warning: generalized initializer lists are incompatible with C++98 [-Wc++98-compat]
[build]   275 |                                                       {uri.fragment(), std::make_shared<schema_ref>(uri.to_string(), this)})
[build]       |                                                       ^
[build] C:\Users\pperv\code\unnamed_rpg\vendor\json-schema-validator\src\json-validator.cpp(275,34): warning: constructor call from initializer list is incompatible with C++98 [-Wc++98-compat]
[build]   275 |                                                       {uri.fragment(), std::make_shared<schema_ref>(uri.to_string(), this)})
[build]       |                                                       ^~~~~~~~~~~~~~~~~~~~~~~~~~~~~~~~~~~~~~~~~~~~~~~~~~~~~~~~~~~~~~~~~~~~~
[build] C:\Users\pperv\code\unnamed_rpg\vendor\json-schema-validator\src\json-validator.cpp(283,35): warning: generalized initializer lists are incompatible with C++98 [-Wc++98-compat]
[build]   283 |                 root_ = schema::make(sch, this, {}, {{"#"}});
[build]       |                                                 ^
[build] C:\Users\pperv\code\unnamed_rpg\vendor\json-schema-validator\src\json-validator.cpp(283,39): warning: generalized initializer lists are incompatible with C++98 [-Wc++98-compat]
[build]   283 |                 root_ = schema::make(sch, this, {}, {{"#"}});
[build]       |                                                     ^
[build] C:\Users\pperv\code\unnamed_rpg\vendor\json-schema-validator\src\json-validator.cpp(283,35): warning: constructor call from initializer list is incompatible with C++98 [-Wc++98-compat]
[build]   283 |                 root_ = schema::make(sch, this, {}, {{"#"}});
[build]       |                                                 ^~
[build] C:\Users\pperv\code\unnamed_rpg\vendor\json-schema-validator\src\json-validator.cpp(283,40): warning: constructor call from initializer list is incompatible with C++98 [-Wc++98-compat]
[build]   283 |                 root_ = schema::make(sch, this, {}, {{"#"}});
[build]       |                                                      ^~~~~
[build] C:\Users\pperv\code\unnamed_rpg\vendor\json-schema-validator\src\json-validator.cpp(283,39): warning: initialization of initializer_list object is incompatible with C++98 [-Wc++98-compat]
[build]   283 |                 root_ = schema::make(sch, this, {}, {{"#"}});
[build]       |                                                     ^~~~~~~
[build] C:\Users\pperv\code\unnamed_rpg\vendor\json-schema-validator\src\json-validator.cpp(291,9): warning: 'auto' type specifier is incompatible with C++98 [-Wc++98-compat]
[build]   291 |                         for (auto &file : files_)
[build]       |                              ^~~~
[build] C:\Users\pperv\code\unnamed_rpg\vendor\json-schema-validator\src\json-validator.cpp(291,20): warning: range-based for loop is incompatible with C++98 [-Wc++98-compat]
[build]   291 |                         for (auto &file : files_)
[build]       |                                         ^
[build] C:\Users\pperv\code\unnamed_rpg\vendor\json-schema-validator\src\json-validator.cpp(294,9): warning: 'auto' type specifier is incompatible with C++98 [-Wc++98-compat]
[build]   294 |                         for (auto &loc : locations) {
[build]       |                              ^~~~
[build] C:\Users\pperv\code\unnamed_rpg\vendor\json-schema-validator\src\json-validator.cpp(294,19): warning: range-based for loop is incompatible with C++98 [-Wc++98-compat]
[build]   294 |                         for (auto &loc : locations) {
[build]       |                                        ^
[build] C:\Users\pperv\code\unnamed_rpg\vendor\json-schema-validator\src\json-validator.cpp(301,41): warning: generalized initializer lists are incompatible with C++98 [-Wc++98-compat]
[build]   301 |                                                 schema::make(loaded_schema, this, {}, {{loc}});
[build]       |                                                                                   ^
[build] C:\Users\pperv\code\unnamed_rpg\vendor\json-schema-validator\src\json-validator.cpp(301,45): warning: generalized initializer lists are incompatible with C++98 [-Wc++98-compat]
[build]   301 |                                                 schema::make(loaded_schema, this, {}, {{loc}});
[build]       |                                                                                       ^
[build] C:\Users\pperv\code\unnamed_rpg\vendor\json-schema-validator\src\json-validator.cpp(301,41): warning: constructor call from initializer list is incompatible with C++98 [-Wc++98-compat]
[build]   301 |                                                 schema::make(loaded_schema, this, {}, {{loc}});
[build]       |                                                                                   ^~
[build] C:\Users\pperv\code\unnamed_rpg\vendor\json-schema-validator\src\json-validator.cpp(301,46): warning: constructor call from initializer list is incompatible with C++98 [-Wc++98-compat]
[build]   301 |                                                 schema::make(loaded_schema, this, {}, {{loc}});
[build]       |                                                                                        ^~~~~
[build] C:\Users\pperv\code\unnamed_rpg\vendor\json-schema-validator\src\json-validator.cpp(301,45): warning: initialization of initializer_list object is incompatible with C++98 [-Wc++98-compat]
[build]   301 |                                                 schema::make(loaded_schema, this, {}, {{loc}});
[build]       |                                                                                       ^~~~~~~
[build] C:\Users\pperv\code\unnamed_rpg\vendor\json-schema-validator\src\json-validator.cpp(313,14): warning: 'auto' type specifier is incompatible with C++98 [-Wc++98-compat]
[build]   313 |                 for (const auto &file : files_) {
[build]       |                            ^~~~
[build] C:\Users\pperv\code\unnamed_rpg\vendor\json-schema-validator\src\json-validator.cpp(313,25): warning: range-based for loop is incompatible with C++98 [-Wc++98-compat]
[build]   313 |                 for (const auto &file : files_) {
[build]       |                                       ^
[build] C:\Users\pperv\code\unnamed_rpg\vendor\json-schema-validator\src\json-validator.cpp(317,5): warning: 'auto' type specifier is incompatible with C++98 [-Wc++98-compat]
[build]   317 |                                 auto n_urefs = file.second.unresolved.size();
[build]       |                                 ^~~~
[build] C:\Users\pperv\code\unnamed_rpg\vendor\json-schema-validator\src\json-validator.cpp(320,5): warning: 'decltype' type specifier is incompatible with C++98 [-Wc++98-compat]
[build]   320 |                                 decltype(n_urefs) counter = 0;
[build]       |                                 ^
[build] C:\Users\pperv\code\unnamed_rpg\vendor\json-schema-validator\src\json-validator.cpp(321,16): warning: 'auto' type specifier is incompatible with C++98 [-Wc++98-compat]
[build]   321 |                                 for (const auto &p : file.second.unresolved) {
[build]       |                                            ^~~~
[build] C:\Users\pperv\code\unnamed_rpg\vendor\json-schema-validator\src\json-validator.cpp(321,24): warning: range-based for loop is incompatible with C++98 [-Wc++98-compat]
[build]   321 |                                 for (const auto &p : file.second.unresolved) {
[build]       |                                                    ^
[build] C:\Users\pperv\code\unnamed_rpg\vendor\json-schema-validator\src\json-validator.cpp(351,3): warning: 'auto' type specifier is incompatible with C++98 [-Wc++98-compat]
[build]   351 |                 auto file_entry = files_.find(initial.location());
[build]       |                 ^~~~
[build] C:\Users\pperv\code\unnamed_rpg\vendor\json-schema-validator\src\json-validator.cpp(357,3): warning: 'auto' type specifier is incompatible with C++98 [-Wc++98-compat]
[build]   357 |                 auto &file = file_entry->second;
[build]       |                 ^~~~
[build] C:\Users\pperv\code\unnamed_rpg\vendor\json-schema-validator\src\json-validator.cpp(358,3): warning: 'auto' type specifier is incompatible with C++98 [-Wc++98-compat]
[build]   358 |                 auto sch = file.schemas.find(initial.fragment());
[build]       |                 ^~~~
[build] C:\Users\pperv\code\unnamed_rpg\vendor\json-schema-validator\src\json-validator.cpp(377,13): warning: default member initializer for non-static data members is incompatible with C++98 [-Wc++98-compat]
[build]   377 |         bool error_{false};
[build]       |                    ^
[build] C:\Users\pperv\code\unnamed_rpg\vendor\json-schema-validator\src\json-validator.cpp(382,94): warning: 'override' keyword is incompatible with C++98 [-Wc++98-compat]
[build]   382 |         void error(const json::json_pointer &ptr, const json &instance, const std::string &message) override
[build]       |                                                                                                     ^
[build] C:\Users\pperv\code\unnamed_rpg\vendor\json-schema-validator\src\json-validator.cpp(378,21): warning: padding class '(anonymous namespace)::first_error_handler' with 7 bytes to align 'ptr_' [-Wpadded]
[build]   378 |         json::json_pointer ptr_;
[build]       |                            ^
[build] C:\Users\pperv\code\unnamed_rpg\vendor\json-schema-validator\src\json-validator.cpp(399,112): warning: 'final' keyword is incompatible with C++98 [-Wc++98-compat]
[build]   399 |         void validate(const json::json_pointer &ptr, const json &instance, json_patch &patch, error_handler &e) const final
[build]       |                                                                                                                       ^
[build] C:\Users\pperv\code\unnamed_rpg\vendor\json-schema-validator\src\json-validator.cpp(408,105): warning: 'override' keyword is incompatible with C++98 [-Wc++98-compat]
[build]   408 |         const json &default_value(const json::json_pointer &ptr, const json &instance, error_handler &e) const override
[build]       |                                                                                                                ^
[build] C:\Users\pperv\code\unnamed_rpg\vendor\json-schema-validator\src\json-validator.cpp(419,40): warning: generalized initializer lists are incompatible with C++98 [-Wc++98-compat]
[build]   419 |                 subschema_ = schema::make(sch, root, {"not"}, uris);
[build]       |                                                      ^
[build] C:\Users\pperv\code\unnamed_rpg\vendor\json-schema-validator\src\json-validator.cpp(419,40): warning: initialization of initializer_list object is incompatible with C++98 [-Wc++98-compat]
[build]   419 |                 subschema_ = schema::make(sch, root, {"not"}, uris);
[build]       |                                                      ^~~~~~~
[build] C:\Users\pperv\code\unnamed_rpg\vendor\json-schema-validator\src\json-validator.cpp(440,94): warning: 'override' keyword is incompatible with C++98 [-Wc++98-compat]
[build]   440 |         void error(const json::json_pointer &ptr, const json &instance, const std::string &message) override
[build]       |                                                                                                     ^
[build] C:\Users\pperv\code\unnamed_rpg\vendor\json-schema-validator\src\json-validator.cpp(442,42): warning: generalized initializer lists are incompatible with C++98 [-Wc++98-compat]
[build]   442 |                 error_entry_list_.push_back(error_entry{ptr, instance, message});
[build]       |                                                        ^
[build] C:\Users\pperv\code\unnamed_rpg\vendor\json-schema-validator\src\json-validator.cpp(447,33): warning: range-based for loop is incompatible with C++98 [-Wc++98-compat]
[build]   447 |                 for (const error_entry &entry : error_entry_list_)
[build]       |                                               ^
[build] C:\Users\pperv\code\unnamed_rpg\vendor\json-schema-validator\src\json-validator.cpp(457,36): warning: consecutive right angle brackets are incompatible with C++98 (use '> >') [-Wc++98-compat]
[build]   457 |         std::vector<std::shared_ptr<schema>> subschemata_;
[build]       |                                           ^~
[build]       |                                           > >
[build] C:\Users\pperv\code\unnamed_rpg\vendor\json-schema-validator\src\json-validator.cpp(459,112): warning: 'final' keyword is incompatible with C++98 [-Wc++98-compat]
[build]   459 |         void validate(const json::json_pointer &ptr, const json &instance, json_patch &patch, error_handler &e) const final
[build]       |                                                                                                                       ^
[build] C:\Users\pperv\code\unnamed_rpg\vendor\json-schema-validator\src\json-validator.cpp(506,47): warning: declaration requires an exit-time destructor [-Wexit-time-destructors]
[build]   506 | const std::string logical_combination<allOf>::key = "allOf";
[build]       |                                               ^
[build] C:\Users\pperv\code\unnamed_rpg\vendor\json-schema-validator\src\json-validator.cpp(506,47): warning: declaration requires a global destructor [-Wglobal-constructors]
[build] C:\Users\pperv\code\unnamed_rpg\vendor\json-schema-validator\src\json-validator.cpp(508,47): warning: declaration requires an exit-time destructor [-Wexit-time-destructors]
[build]   508 | const std::string logical_combination<anyOf>::key = "anyOf";
[build]       |                                               ^
[build] C:\Users\pperv\code\unnamed_rpg\vendor\json-schema-validator\src\json-validator.cpp(508,47): warning: declaration requires a global destructor [-Wglobal-constructors]
[build] C:\Users\pperv\code\unnamed_rpg\vendor\json-schema-validator\src\json-validator.cpp(510,47): warning: declaration requires an exit-time destructor [-Wexit-time-destructors]
[build]   510 | const std::string logical_combination<oneOf>::key = "oneOf";
[build]       |                                               ^
[build] C:\Users\pperv\code\unnamed_rpg\vendor\json-schema-validator\src\json-validator.cpp(510,47): warning: declaration requires a global destructor [-Wglobal-constructors]
[build] C:\Users\pperv\code\unnamed_rpg\vendor\json-schema-validator\src\json-validator.cpp(538,36): warning: consecutive right angle brackets are incompatible with C++98 (use '> >') [-Wc++98-compat]
[build]   538 |         std::vector<std::shared_ptr<schema>> type_;
[build]       |                                           ^~
[build]       |                                           > >
[build] C:\Users\pperv\code\unnamed_rpg\vendor\json-schema-validator\src\json-validator.cpp(540,36): warning: consecutive right angle brackets are incompatible with C++98 (use '> >') [-Wc++98-compat]
[build]   540 |         std::vector<std::shared_ptr<schema>> logic_;
[build]       |                                           ^~
[build]       |                                           > >
[build] C:\Users\pperv\code\unnamed_rpg\vendor\json-schema-validator\src\json-validator.cpp(550,112): warning: 'override' keyword is incompatible with C++98 [-Wc++98-compat]
[build]   550 |         void validate(const json::json_pointer &ptr, const json &instance, json_patch &patch, error_handler &e) const override final
[build]       |                                                                                                                       ^
[build] C:\Users\pperv\code\unnamed_rpg\vendor\json-schema-validator\src\json-validator.cpp(550,121): warning: 'final' keyword is incompatible with C++98 [-Wc++98-compat]
[build]   550 |         void validate(const json::json_pointer &ptr, const json &instance, json_patch &patch, error_handler &e) const override final
[build]       |                                                                                                                                ^
[build] C:\Users\pperv\code\unnamed_rpg\vendor\json-schema-validator\src\json-validator.cpp(598,21): warning: '<::' is treated as digraph '<:' (aka '[') followed by ':' in C++98 [-Wc++98-compat]
[build]   598 |             std::shared_ptr<::schema> & /* sch */,
[build]       |                            ^
[build] C:\Users\pperv\code\unnamed_rpg\vendor\json-schema-validator\src\json-validator.cpp(601,43): warning: 'override' keyword is incompatible with C++98 [-Wc++98-compat]
[build]   601 |             nlohmann::json &default_value) const override
[build]       |                                                  ^
[build] C:\Users\pperv\code\unnamed_rpg\vendor\json-schema-validator\src\json-validator.cpp(606,3): warning: extra ';' after member function definition [-Wextra-semi]
[build]   606 |         };
[build]       |          ^
[build] C:\Users\pperv\code\unnamed_rpg\vendor\json-schema-validator\src\json-validator.cpp(553,3): warning: 'auto' type specifier is incompatible with C++98 [-Wc++98-compat]
[build]   553 |                 auto type = type_[static_cast<uint8_t>(instance.type())];
[build]       |                 ^~~~
[build] C:\Users\pperv\code\unnamed_rpg\vendor\json-schema-validator\src\json-validator.cpp(562,9): warning: 'auto' type specifier is incompatible with C++98 [-Wc++98-compat]
[build]   562 |                         for (auto &v : enum_.second)
[build]       |                              ^~~~
[build] C:\Users\pperv\code\unnamed_rpg\vendor\json-schema-validator\src\json-validator.cpp(562,17): warning: range-based for loop is incompatible with C++98 [-Wc++98-compat]
[build]   562 |                         for (auto &v : enum_.second)
[build]       |                                      ^
[build] In file included from C:\Users\pperv\code\unnamed_rpg\vendor\json-schema-validator\src\json-validator.cpp:9:
[build] In file included from C:\Users\pperv\code\unnamed_rpg\vendor\json-schema-validator\src\nlohmann/json-schema.hpp:24:
[build] In file included from C:\Users\pperv\code\unnamed_rpg\vendor\json\include\nlohmann/json.hpp:55:
[build] C:\Users\pperv\code\unnamed_rpg\vendor\json\include\nlohmann/detail/iterators/iter_impl.hpp(508,170): warning: use of null pointer as non-type template argument is incompatible with C++98 [-Wc++98-compat]
[build]   508 |     template < typename IterImpl, detail::enable_if_t < (std::is_same<IterImpl, iter_impl>::value || std::is_same<IterImpl, other_iter_impl>::value), std::nullptr_t > = nullptr >
[build]       |                                                                                                                                                                          ^
[build] C:\Users\pperv\code\unnamed_rpg\vendor\json-schema-validator\src\json-validator.cpp(562,17): note: while substituting deduced template arguments into function template 'operator!=' [with IterImpl = const_iterator, $1 = (no value)]
[build]   562 |                         for (auto &v : enum_.second)
[build]       |                                      ^
[build] C:\Users\pperv\code\unnamed_rpg\vendor\json-schema-validator\src\json-validator.cpp(576,8): warning: 'auto' type specifier is incompatible with C++98 [-Wc++98-compat]
[build]   576 |                 for (auto l : logic_)
[build]       |                      ^~~~
[build] C:\Users\pperv\code\unnamed_rpg\vendor\json-schema-validator\src\json-validator.cpp(576,15): warning: range-based for loop is incompatible with C++98 [-Wc++98-compat]
[build]   576 |                 for (auto l : logic_)
[build]       |                             ^
[build] C:\Users\pperv\code\unnamed_rpg\vendor\json-schema-validator\src\json-validator.cpp(592,42): warning: generalized initializer lists are incompatible with C++98 [-Wc++98-compat]
[build]   592 |                         patch.add(nlohmann::json::json_pointer{}, default_value_);
[build]       |                                                               ^
[build] C:\Users\pperv\code\unnamed_rpg\vendor\json-schema-validator\src\json-validator.cpp(592,42): warning: constructor call from initializer list is incompatible with C++98 [-Wc++98-compat]
[build]   592 |                         patch.add(nlohmann::json::json_pointer{}, default_value_);
[build]       |                                                               ^~
[build] C:\Users\pperv\code\unnamed_rpg\vendor\json-schema-validator\src\json-validator.cpp(603,3): warning: 'auto' type specifier is incompatible with C++98 [-Wc++98-compat]
[build]   603 |                 auto result = std::make_shared<type_schema>(*this);
[build]       |                 ^~~~
[build] C:\Users\pperv\code\unnamed_rpg\vendor\json-schema-validator\src\json-validator.cpp(615,64): warning: consecutive right angle brackets are incompatible with C++98 (use '> >') [-Wc++98-compat]
[build]   615 |                 static const std::vector<std::pair<std::string, json::value_t>> schema_types = {
[build]       |                                                                              ^~
[build]       |                                                                              > >
[build] C:\Users\pperv\code\unnamed_rpg\vendor\json-schema-validator\src\json-validator.cpp(616,7): warning: constructor call from initializer list is incompatible with C++98 [-Wc++98-compat]
[build]   616 |                     {"null", json::value_t::null},
[build]       |                     ^~~~~~~~~~~~~~~~~~~~~~~~~~~~~
[build] C:\Users\pperv\code\unnamed_rpg\vendor\json-schema-validator\src\json-validator.cpp(617,7): warning: constructor call from initializer list is incompatible with C++98 [-Wc++98-compat]
[build]   617 |                     {"object", json::value_t::object},
[build]       |                     ^~~~~~~~~~~~~~~~~~~~~~~~~~~~~~~~~
[build] C:\Users\pperv\code\unnamed_rpg\vendor\json-schema-validator\src\json-validator.cpp(618,7): warning: constructor call from initializer list is incompatible with C++98 [-Wc++98-compat]
[build]   618 |                     {"array", json::value_t::array},
[build]       |                     ^~~~~~~~~~~~~~~~~~~~~~~~~~~~~~~
[build] C:\Users\pperv\code\unnamed_rpg\vendor\json-schema-validator\src\json-validator.cpp(619,7): warning: constructor call from initializer list is incompatible with C++98 [-Wc++98-compat]
[build]   619 |                     {"string", json::value_t::string},
[build]       |                     ^~~~~~~~~~~~~~~~~~~~~~~~~~~~~~~~~
[build] C:\Users\pperv\code\unnamed_rpg\vendor\json-schema-validator\src\json-validator.cpp(620,7): warning: constructor call from initializer list is incompatible with C++98 [-Wc++98-compat]
[build]   620 |                     {"boolean", json::value_t::boolean},
[build]       |                     ^~~~~~~~~~~~~~~~~~~~~~~~~~~~~~~~~~~
[build] C:\Users\pperv\code\unnamed_rpg\vendor\json-schema-validator\src\json-validator.cpp(621,7): warning: constructor call from initializer list is incompatible with C++98 [-Wc++98-compat]
[build]   621 |                     {"integer", json::value_t::number_integer},
[build]       |                     ^~~~~~~~~~~~~~~~~~~~~~~~~~~~~~~~~~~~~~~~~~
[build] C:\Users\pperv\code\unnamed_rpg\vendor\json-schema-validator\src\json-validator.cpp(622,7): warning: constructor call from initializer list is incompatible with C++98 [-Wc++98-compat]
[build]   622 |                     {"number", json::value_t::number_float},
[build]       |                     ^~~~~~~~~~~~~~~~~~~~~~~~~~~~~~~~~~~~~~~
[build] C:\Users\pperv\code\unnamed_rpg\vendor\json-schema-validator\src\json-validator.cpp(615,82): warning: initialization of initializer_list object is incompatible with C++98 [-Wc++98-compat]
[build]   615 |                 static const std::vector<std::pair<std::string, json::value_t>> schema_types = {
[build]       |                                                                                                ^
[build]   616 |                     {"null", json::value_t::null},
[build]       |                     ~~~~~~~~~~~~~~~~~~~~~~~~~~~~~~
[build]   617 |                     {"object", json::value_t::object},
[build]       |                     ~~~~~~~~~~~~~~~~~~~~~~~~~~~~~~~~~~
[build]   618 |                     {"array", json::value_t::array},
[build]       |                     ~~~~~~~~~~~~~~~~~~~~~~~~~~~~~~~~
[build]   619 |                     {"string", json::value_t::string},
[build]       |                     ~~~~~~~~~~~~~~~~~~~~~~~~~~~~~~~~~~
[build]   620 |                     {"boolean", json::value_t::boolean},
[build]       |                     ~~~~~~~~~~~~~~~~~~~~~~~~~~~~~~~~~~~~
[build]   621 |                     {"integer", json::value_t::number_integer},
[build]       |                     ~~~~~~~~~~~~~~~~~~~~~~~~~~~~~~~~~~~~~~~~~~~
[build]   622 |                     {"number", json::value_t::number_float},
[build]       |                     ~~~~~~~~~~~~~~~~~~~~~~~~~~~~~~~~~~~~~~~~
[build]   623 |                 };
[build]       |                 ~
[build] C:\Users\pperv\code\unnamed_rpg\vendor\json-schema-validator\src\json-validator.cpp(615,67): warning: declaration requires an exit-time destructor [-Wexit-time-destructors]
[build]   615 |                 static const std::vector<std::pair<std::string, json::value_t>> schema_types = {
[build]       |                                                                                 ^
[build] C:\Users\pperv\code\unnamed_rpg\vendor\json-schema-validator\src\json-validator.cpp(627,3): warning: 'auto' type specifier is incompatible with C++98 [-Wc++98-compat]
[build]   627 |                 auto attr = sch.find("type");
[build]       |                 ^~~~
[build] In file included from C:\Users\pperv\code\unnamed_rpg\vendor\json-schema-validator\src\json-validator.cpp:9:
[build] In file included from C:\Users\pperv\code\unnamed_rpg\vendor\json-schema-validator\src\nlohmann/json-schema.hpp:24:
[build] In file included from C:\Users\pperv\code\unnamed_rpg\vendor\json\include\nlohmann/json.hpp:55:
[build] C:\Users\pperv\code\unnamed_rpg\vendor\json\include\nlohmann/detail/iterators/iter_impl.hpp(468,170): warning: use of null pointer as non-type template argument is incompatible with C++98 [-Wc++98-compat]
[build]   468 |     template < typename IterImpl, detail::enable_if_t < (std::is_same<IterImpl, iter_impl>::value || std::is_same<IterImpl, other_iter_impl>::value), std::nullptr_t > = nullptr >
[build]       |                                                                                                                                                                          ^
[build] C:\Users\pperv\code\unnamed_rpg\vendor\json-schema-validator\src\json-validator.cpp(628,12): note: while substituting deduced template arguments into function template 'operator==' [with IterImpl = iterator, $1 = (no value)]
[build]   628 |                 if (attr == sch.end()) // no type field means all sub-types possible
[build]       |                          ^
[build] C:\Users\pperv\code\unnamed_rpg\vendor\json-schema-validator\src\json-validator.cpp(629,9): warning: 'auto' type specifier is incompatible with C++98 [-Wc++98-compat]
[build]   629 |                         for (auto &t : schema_types)
[build]       |                              ^~~~
[build] C:\Users\pperv\code\unnamed_rpg\vendor\json-schema-validator\src\json-validator.cpp(629,17): warning: range-based for loop is incompatible with C++98 [-Wc++98-compat]
[build]   629 |                         for (auto &t : schema_types)
[build]       |                                      ^
[build] C:\Users\pperv\code\unnamed_rpg\vendor\json-schema-validator\src\json-validator.cpp(635,5): warning: 'auto' type specifier is incompatible with C++98 [-Wc++98-compat]
[build]   635 |                                 auto schema_type = attr.value().get<std::string>();
[build]       |                                 ^~~~
[build] C:\Users\pperv\code\unnamed_rpg\vendor\json-schema-validator\src\json-validator.cpp(636,10): warning: 'auto' type specifier is incompatible with C++98 [-Wc++98-compat]
[build]   636 |                                 for (auto &t : schema_types)
[build]       |                                      ^~~~
[build] C:\Users\pperv\code\unnamed_rpg\vendor\json-schema-validator\src\json-validator.cpp(636,18): warning: range-based for loop is incompatible with C++98 [-Wc++98-compat]
[build]   636 |                                 for (auto &t : schema_types)
[build]       |                                              ^
[build] C:\Users\pperv\code\unnamed_rpg\vendor\json-schema-validator\src\json-validator.cpp(642,10): warning: 'auto' type specifier is incompatible with C++98 [-Wc++98-compat]
[build]   642 |                                 for (auto &array_value : attr.value()) {
[build]       |                                      ^~~~
[build] C:\Users\pperv\code\unnamed_rpg\vendor\json-schema-validator\src\json-validator.cpp(642,28): warning: range-based for loop is incompatible with C++98 [-Wc++98-compat]
[build]   642 |                                 for (auto &array_value : attr.value()) {
[build]       |                                                        ^
[build] In file included from C:\Users\pperv\code\unnamed_rpg\vendor\json-schema-validator\src\json-validator.cpp:9:
[build] In file included from C:\Users\pperv\code\unnamed_rpg\vendor\json-schema-validator\src\nlohmann/json-schema.hpp:24:
[build] In file included from C:\Users\pperv\code\unnamed_rpg\vendor\json\include\nlohmann/json.hpp:55:
[build] C:\Users\pperv\code\unnamed_rpg\vendor\json\include\nlohmann/detail/iterators/iter_impl.hpp(508,170): warning: use of null pointer as non-type template argument is incompatible with C++98 [-Wc++98-compat]
[build]   508 |     template < typename IterImpl, detail::enable_if_t < (std::is_same<IterImpl, iter_impl>::value || std::is_same<IterImpl, other_iter_impl>::value), std::nullptr_t > = nullptr >
[build]       |                                                                                                                                                                          ^
[build] C:\Users\pperv\code\unnamed_rpg\vendor\json-schema-validator\src\json-validator.cpp(642,28): note: while substituting deduced template arguments into function template 'operator!=' [with IterImpl = iterator, $1 = (no value)]
[build]   642 |                                 for (auto &array_value : attr.value()) {
[build]       |                                                        ^
[build] C:\Users\pperv\code\unnamed_rpg\vendor\json-schema-validator\src\json-validator.cpp(643,6): warning: 'auto' type specifier is incompatible with C++98 [-Wc++98-compat]
[build]   643 |                                         auto schema_type = array_value.get<std::string>();
[build]       |                                         ^~~~
[build] C:\Users\pperv\code\unnamed_rpg\vendor\json-schema-validator\src\json-validator.cpp(644,11): warning: 'auto' type specifier is incompatible with C++98 [-Wc++98-compat]
[build]   644 |                                         for (auto &t : schema_types)
[build]       |                                              ^~~~
[build] C:\Users\pperv\code\unnamed_rpg\vendor\json-schema-validator\src\json-validator.cpp(644,19): warning: range-based for loop is incompatible with C++98 [-Wc++98-compat]
[build]   644 |                                         for (auto &t : schema_types)
[build]       |                                                      ^
[build] C:\Users\pperv\code\unnamed_rpg\vendor\json-schema-validator\src\json-validator.cpp(632,25): warning: 8 enumeration values not explicitly handled in switch: 'null', 'object', 'boolean'... [-Wswitch-enum]
[build]   632 |                         switch (attr.value().type()) { // "type": "type"
[build]       |                                 ~~~~~~~~~~~~~^~~~~~
[build] C:\Users\pperv\code\unnamed_rpg\vendor\json-schema-validator\src\json-validator.cpp(663,8): warning: 'auto' type specifier is incompatible with C++98 [-Wc++98-compat]
[build]   663 |                 for (auto &key : known_keywords)
[build]       |                      ^~~~
[build] C:\Users\pperv\code\unnamed_rpg\vendor\json-schema-validator\src\json-validator.cpp(663,18): warning: range-based for loop is incompatible with C++98 [-Wc++98-compat]
[build]   663 |                 for (auto &key : known_keywords)
[build]       |                                ^
[build] C:\Users\pperv\code\unnamed_rpg\vendor\json-schema-validator\src\json-validator.cpp(682,10): warning: generalized initializer lists are incompatible with C++98 [-Wc++98-compat]
[build]   682 |                         enum_ = {true, attr.value()};
[build]       |                               ^ ~~~~~~~~~~~~~~~~~~~~
[build] C:\Users\pperv\code\unnamed_rpg\vendor\json-schema-validator\src\json-validator.cpp(682,12): warning: constructor call from initializer list is incompatible with C++98 [-Wc++98-compat]
[build]   682 |                         enum_ = {true, attr.value()};
[build]       |                                 ^~~~~~~~~~~~~~~~~~~~
[build] C:\Users\pperv\code\unnamed_rpg\vendor\json-schema-validator\src\json-validator.cpp(688,11): warning: generalized initializer lists are incompatible with C++98 [-Wc++98-compat]
[build]   688 |                         const_ = {true, attr.value()};
[build]       |                                ^ ~~~~~~~~~~~~~~~~~~~~
[build] C:\Users\pperv\code\unnamed_rpg\vendor\json-schema-validator\src\json-validator.cpp(688,13): warning: constructor call from initializer list is incompatible with C++98 [-Wc++98-compat]
[build]   688 |                         const_ = {true, attr.value()};
[build]       |                                  ^~~~~~~~~~~~~~~~~~~~
[build] C:\Users\pperv\code\unnamed_rpg\vendor\json-schema-validator\src\json-validator.cpp(700,63): warning: consecutive right angle brackets are incompatible with C++98 (use '> >') [-Wc++98-compat]
[build]   700 |                         logic_.push_back(std::make_shared<logical_combination<allOf>>(attr.value(), root, uris));
[build]       |                                                                                    ^~
[build]       |                                                                                    > >
[build] C:\Users\pperv\code\unnamed_rpg\vendor\json-schema-validator\src\json-validator.cpp(706,63): warning: consecutive right angle brackets are incompatible with C++98 (use '> >') [-Wc++98-compat]
[build]   706 |                         logic_.push_back(std::make_shared<logical_combination<anyOf>>(attr.value(), root, uris));
[build]       |                                                                                    ^~
[build]       |                                                                                    > >
[build] C:\Users\pperv\code\unnamed_rpg\vendor\json-schema-validator\src\json-validator.cpp(712,63): warning: consecutive right angle brackets are incompatible with C++98 (use '> >') [-Wc++98-compat]
[build]   712 |                         logic_.push_back(std::make_shared<logical_combination<oneOf>>(attr.value(), root, uris));
[build]       |                                                                                    ^~
[build]       |                                                                                    > >
[build] C:\Users\pperv\code\unnamed_rpg\vendor\json-schema-validator\src\json-validator.cpp(718,4): warning: 'auto' type specifier is incompatible with C++98 [-Wc++98-compat]
[build]   718 |                         auto attr_then = sch.find("then");
[build]       |                         ^~~~
[build] C:\Users\pperv\code\unnamed_rpg\vendor\json-schema-validator\src\json-validator.cpp(719,4): warning: 'auto' type specifier is incompatible with C++98 [-Wc++98-compat]
[build]   719 |                         auto attr_else = sch.find("else");
[build]       |                         ^~~~
[build] C:\Users\pperv\code\unnamed_rpg\vendor\json-schema-validator\src\json-validator.cpp(722,44): warning: generalized initializer lists are incompatible with C++98 [-Wc++98-compat]
[build]   722 |                                 if_ = schema::make(attr.value(), root, {"if"}, uris);
[build]       |                                                                        ^
[build] C:\Users\pperv\code\unnamed_rpg\vendor\json-schema-validator\src\json-validator.cpp(722,44): warning: initialization of initializer_list object is incompatible with C++98 [-Wc++98-compat]
[build]   722 |                                 if_ = schema::make(attr.value(), root, {"if"}, uris);
[build]       |                                                                        ^~~~~~
[build] C:\Users\pperv\code\unnamed_rpg\vendor\json-schema-validator\src\json-validator.cpp(725,52): warning: generalized initializer lists are incompatible with C++98 [-Wc++98-compat]
[build]   725 |                                         then_ = schema::make(attr_then.value(), root, {"then"}, uris);
[build]       |                                                                                       ^
[build] C:\Users\pperv\code\unnamed_rpg\vendor\json-schema-validator\src\json-validator.cpp(725,52): warning: initialization of initializer_list object is incompatible with C++98 [-Wc++98-compat]
[build]   725 |                                         then_ = schema::make(attr_then.value(), root, {"then"}, uris);
[build]       |                                                                                       ^~~~~~~~
[build] C:\Users\pperv\code\unnamed_rpg\vendor\json-schema-validator\src\json-validator.cpp(730,52): warning: generalized initializer lists are incompatible with C++98 [-Wc++98-compat]
[build]   730 |                                         else_ = schema::make(attr_else.value(), root, {"else"}, uris);
[build]       |                                                                                       ^
[build] C:\Users\pperv\code\unnamed_rpg\vendor\json-schema-validator\src\json-validator.cpp(730,52): warning: initialization of initializer_list object is incompatible with C++98 [-Wc++98-compat]
[build]   730 |                                         else_ = schema::make(attr_else.value(), root, {"else"}, uris);
[build]       |                                                                                       ^~~~~~~~
[build] C:\Users\pperv\code\unnamed_rpg\vendor\json-schema-validator\src\json-validator.cpp(741,36): warning: default member initializer for non-static data members is incompatible with C++98 [-Wc++98-compat]
[build]   741 |         std::pair<bool, size_t> maxLength_{false, 0};
[build]       |                                           ^
[build] C:\Users\pperv\code\unnamed_rpg\vendor\json-schema-validator\src\json-validator.cpp(742,36): warning: default member initializer for non-static data members is incompatible with C++98 [-Wc++98-compat]
[build]   742 |         std::pair<bool, size_t> minLength_{false, 0};
[build]       |                                           ^
[build] C:\Users\pperv\code\unnamed_rpg\vendor\json-schema-validator\src\json-validator.cpp(745,50): warning: default member initializer for non-static data members is incompatible with C++98 [-Wc++98-compat]
[build]   745 |         std::pair<bool, REGEX_NAMESPACE::regex> pattern_{false, REGEX_NAMESPACE::regex()};
[build]       |                                                         ^
[build] C:\Users\pperv\code\unnamed_rpg\vendor\json-schema-validator\src\json-validator.cpp(750,53): warning: default member initializer for non-static data members is incompatible with C++98 [-Wc++98-compat]
[build]   750 |         std::tuple<bool, std::string, std::string> content_{false, "", ""};
[build]       |                                                            ^
[build] C:\Users\pperv\code\unnamed_rpg\vendor\json-schema-validator\src\json-validator.cpp(761,107): warning: 'override' keyword is incompatible with C++98 [-Wc++98-compat]
[build]   761 |         void validate(const json::json_pointer &ptr, const json &instance, json_patch &, error_handler &e) const override
[build]       |                                                                                                                  ^
[build] C:\Users\pperv\code\unnamed_rpg\vendor\json-schema-validator\src\json-validator.cpp(741,36): warning: constructor call from initializer list is incompatible with C++98 [-Wc++98-compat]
[build]   741 |         std::pair<bool, size_t> maxLength_{false, 0};
[build]       |                                           ^~~~~~~~~~
[build] C:\Users\pperv\code\unnamed_rpg\vendor\json-schema-validator\src\json-validator.cpp(742,36): warning: constructor call from initializer list is incompatible with C++98 [-Wc++98-compat]
[build]   742 |         std::pair<bool, size_t> minLength_{false, 0};
[build]       |                                           ^~~~~~~~~~
[build] C:\Users\pperv\code\unnamed_rpg\vendor\json-schema-validator\src\json-validator.cpp(745,50): warning: constructor call from initializer list is incompatible with C++98 [-Wc++98-compat]
[build]   745 |         std::pair<bool, REGEX_NAMESPACE::regex> pattern_{false, REGEX_NAMESPACE::regex()};
[build]       |                                                         ^~~~~~~~~~~~~~~~~~~~~~~~~~~~~~~~~
[build] C:\Users\pperv\code\unnamed_rpg\vendor\json-schema-validator\src\json-validator.cpp(750,53): warning: constructor call from initializer list is incompatible with C++98 [-Wc++98-compat]
[build]   750 |         std::tuple<bool, std::string, std::string> content_{false, "", ""};
[build]       |                                                            ^~~~~~~~~~~~~~~
[build] C:\Users\pperv\code\unnamed_rpg\vendor\json-schema-validator\src\json-validator.cpp(755,8): warning: 'auto' type specifier is incompatible with C++98 [-Wc++98-compat]
[build]   755 |                 for (auto c : s)
[build]       |                      ^~~~
[build] C:\Users\pperv\code\unnamed_rpg\vendor\json-schema-validator\src\json-validator.cpp(755,15): warning: range-based for loop is incompatible with C++98 [-Wc++98-compat]
[build]   755 |                 for (auto c : s)
[build]       |                             ^
[build] C:\Users\pperv\code\unnamed_rpg\vendor\json-schema-validator\src\json-validator.cpp(780,34): warning: 'nullptr' is incompatible with C++98 [-Wc++98-compat]
[build]   780 |                         if (root_->content_check() == nullptr)
[build]       |                                                       ^
[build] C:\Users\pperv\code\unnamed_rpg\vendor\json-schema-validator\src\json-validator.cpp(804,33): warning: 'nullptr' is incompatible with C++98 [-Wc++98-compat]
[build]   804 |                         if (root_->format_check() == nullptr)
[build]       |                                                      ^
[build] C:\Users\pperv\code\unnamed_rpg\vendor\json-schema-validator\src\json-validator.cpp(820,3): warning: 'auto' type specifier is incompatible with C++98 [-Wc++98-compat]
[build]   820 |                 auto attr = sch.find("maxLength");
[build]       |                 ^~~~
[build] C:\Users\pperv\code\unnamed_rpg\vendor\json-schema-validator\src\json-validator.cpp(822,15): warning: generalized initializer lists are incompatible with C++98 [-Wc++98-compat]
[build]   822 |                         maxLength_ = {true, attr.value().get<size_t>()};
[build]       |                                    ^ ~~~~~~~~~~~~~~~~~~~~~~~~~~~~~~~~~~
[build] C:\Users\pperv\code\unnamed_rpg\vendor\json-schema-validator\src\json-validator.cpp(822,17): warning: constructor call from initializer list is incompatible with C++98 [-Wc++98-compat]
[build]   822 |                         maxLength_ = {true, attr.value().get<size_t>()};
[build]       |                                      ^~~~~~~~~~~~~~~~~~~~~~~~~~~~~~~~~~
[build] C:\Users\pperv\code\unnamed_rpg\vendor\json-schema-validator\src\json-validator.cpp(828,15): warning: generalized initializer lists are incompatible with C++98 [-Wc++98-compat]
[build]   828 |                         minLength_ = {true, attr.value().get<size_t>()};
[build]       |                                    ^ ~~~~~~~~~~~~~~~~~~~~~~~~~~~~~~~~~~
[build] C:\Users\pperv\code\unnamed_rpg\vendor\json-schema-validator\src\json-validator.cpp(828,17): warning: constructor call from initializer list is incompatible with C++98 [-Wc++98-compat]
[build]   828 |                         minLength_ = {true, attr.value().get<size_t>()};
[build]       |                                      ^~~~~~~~~~~~~~~~~~~~~~~~~~~~~~~~~~
[build] C:\Users\pperv\code\unnamed_rpg\vendor\json-schema-validator\src\json-validator.cpp(859,66): warning: 'nullptr' is incompatible with C++98 [-Wc++98-compat]
[build]   859 |                 if (std::get<0>(content_) == true && root_->content_check() == nullptr) {
[build]       |                                                                                ^
[build] C:\Users\pperv\code\unnamed_rpg\vendor\json-schema-validator\src\json-validator.cpp(860,31): warning: generalized initializer lists are incompatible with C++98 [-Wc++98-compat]
[build]   860 |                         throw std::invalid_argument{"schema contains contentEncoding/contentMediaType but content checker was not set"};
[build]       |                                                    ^
[build] C:\Users\pperv\code\unnamed_rpg\vendor\json-schema-validator\src\json-validator.cpp(860,31): warning: constructor call from initializer list is incompatible with C++98 [-Wc++98-compat]
[build]   860 |                         throw std::invalid_argument{"schema contains contentEncoding/contentMediaType but content checker was not set"};
[build]       |                                                    ^~~~~~~~~~~~~~~~~~~~~~~~~~~~~~~~~~~~~~~~~~~~~~~~~~~~~~~~~~~~~~~~~~~~~~~~~~~~~~~~~~~~
[build] C:\Users\pperv\code\unnamed_rpg\vendor\json-schema-validator\src\json-validator.cpp(867,13): warning: generalized initializer lists are incompatible with C++98 [-Wc++98-compat]
[build]   867 |                         pattern_ = {true, REGEX_NAMESPACE::regex(attr.value().get<std::string>(),
[build]       |                                  ^ ~~~~~~~~~~~~~~~~~~~~~~~~~~~~~~~~~~~~~~~~~~~~~~~~~~~~~~~~~~~~~~
[build]   868 |                                                                  REGEX_NAMESPACE::regex::ECMAScript)};
[build]       |                                                                  ~~~~~~~~~~~~~~~~~~~~~~~~~~~~~~~~~~~~
[build] C:\Users\pperv\code\unnamed_rpg\vendor\json-schema-validator\src\json-validator.cpp(867,15): warning: constructor call from initializer list is incompatible with C++98 [-Wc++98-compat]
[build]   867 |                         pattern_ = {true, REGEX_NAMESPACE::regex(attr.value().get<std::string>(),
[build]       |                                    ^~~~~~~~~~~~~~~~~~~~~~~~~~~~~~~~~~~~~~~~~~~~~~~~~~~~~~~~~~~~~~
[build]   868 |                                                                  REGEX_NAMESPACE::regex::ECMAScript)};
[build]       |                                                                  ~~~~~~~~~~~~~~~~~~~~~~~~~~~~~~~~~~~~
[build] C:\Users\pperv\code\unnamed_rpg\vendor\json-schema-validator\src\json-validator.cpp(875,33): warning: 'nullptr' is incompatible with C++98 [-Wc++98-compat]
[build]   875 |                         if (root_->format_check() == nullptr)
[build]       |                                                      ^
[build] C:\Users\pperv\code\unnamed_rpg\vendor\json-schema-validator\src\json-validator.cpp(876,32): warning: generalized initializer lists are incompatible with C++98 [-Wc++98-compat]
[build]   876 |                                 throw std::invalid_argument{"a format checker was not provided but a format keyword for this string is present: " + format_.second};
[build]       |                                                            ^
[build] C:\Users\pperv\code\unnamed_rpg\vendor\json-schema-validator\src\json-validator.cpp(876,32): warning: constructor call from initializer list is incompatible with C++98 [-Wc++98-compat]
[build]   876 |                                 throw std::invalid_argument{"a format checker was not provided but a format keyword for this string is present: " + format_.second};
[build]       |                                                            ^~~~~~~~~~~~~~~~~~~~~~~~~~~~~~~~~~~~~~~~~~~~~~~~~~~~~~~~~~~~~~~~~~~~~~~~~~~~~~~~~~~~~~~~~~~~~~~~~~~~~~~~
[build] C:\Users\pperv\code\unnamed_rpg\vendor\json-schema-validator\src\json-validator.cpp(878,12): warning: generalized initializer lists are incompatible with C++98 [-Wc++98-compat]
[build]   878 |                         format_ = {true, attr.value().get<std::string>()};
[build]       |                                 ^ ~~~~~~~~~~~~~~~~~~~~~~~~~~~~~~~~~~~~~~~
[build] C:\Users\pperv\code\unnamed_rpg\vendor\json-schema-validator\src\json-validator.cpp(878,14): warning: constructor call from initializer list is incompatible with C++98 [-Wc++98-compat]
[build]   878 |                         format_ = {true, attr.value().get<std::string>()};
[build]       |                                   ^~~~~~~~~~~~~~~~~~~~~~~~~~~~~~~~~~~~~~~
[build] C:\Users\pperv\code\unnamed_rpg\vendor\json-schema-validator\src\json-validator.cpp(887,29): warning: default member initializer for non-static data members is incompatible with C++98 [-Wc++98-compat]
[build]   887 |         std::pair<bool, T> maximum_{false, 0};
[build]       |                                    ^
[build] C:\Users\pperv\code\unnamed_rpg\vendor\json-schema-validator\src\json-validator.cpp(888,29): warning: default member initializer for non-static data members is incompatible with C++98 [-Wc++98-compat]
[build]   888 |         std::pair<bool, T> minimum_{false, 0};
[build]       |                                    ^
[build] C:\Users\pperv\code\unnamed_rpg\vendor\json-schema-validator\src\json-validator.cpp(890,25): warning: default member initializer for non-static data members is incompatible with C++98 [-Wc++98-compat]
[build]   890 |         bool exclusiveMaximum_ = false;
[build]       |                                ^
[build] C:\Users\pperv\code\unnamed_rpg\vendor\json-schema-validator\src\json-validator.cpp(891,25): warning: default member initializer for non-static data members is incompatible with C++98 [-Wc++98-compat]
[build]   891 |         bool exclusiveMinimum_ = false;
[build]       |                                ^
[build] C:\Users\pperv\code\unnamed_rpg\vendor\json-schema-validator\src\json-validator.cpp(893,51): warning: default member initializer for non-static data members is incompatible with C++98 [-Wc++98-compat]
[build]   893 |         std::pair<bool, json::number_float_t> multipleOf_{false, 0};
[build]       |                                                          ^
[build] C:\Users\pperv\code\unnamed_rpg\vendor\json-schema-validator\src\json-validator.cpp(908,107): warning: 'override' keyword is incompatible with C++98 [-Wc++98-compat]
[build]   908 |         void validate(const json::json_pointer &ptr, const json &instance, json_patch &, error_handler &e) const override
[build]       |                                                                                                                  ^
[build] C:\Users\pperv\code\unnamed_rpg\vendor\json-schema-validator\src\json-validator.cpp(893,51): warning: constructor call from initializer list is incompatible with C++98 [-Wc++98-compat]
[build]   893 |         std::pair<bool, json::number_float_t> multipleOf_{false, 0};
[build]       |                                                          ^~~~~~~~~~
[build] C:\Users\pperv\code\unnamed_rpg\vendor\json-schema-validator\src\json-validator.cpp(980,107): warning: 'override' keyword is incompatible with C++98 [-Wc++98-compat]
[build]   980 |         void validate(const json::json_pointer &ptr, const json &instance, json_patch &, error_handler &e) const override
[build]       |                                                                                                                  ^
[build] C:\Users\pperv\code\unnamed_rpg\vendor\json-schema-validator\src\json-validator.cpp(993,95): warning: 'override' keyword is incompatible with C++98 [-Wc++98-compat]
[build]   993 |         void validate(const json::json_pointer &, const json &, json_patch &, error_handler &) const override {}
[build]       |                                                                                                      ^
[build] C:\Users\pperv\code\unnamed_rpg\vendor\json-schema-validator\src\json-validator.cpp(1003,107): warning: 'override' keyword is incompatible with C++98 [-Wc++98-compat]
[build]  1003 |         void validate(const json::json_pointer &ptr, const json &instance, json_patch &, error_handler &e) const override
[build]       |                                                                                                                  ^
[build] C:\Users\pperv\code\unnamed_rpg\vendor\json-schema-validator\src\json-validator.cpp(1027,107): warning: 'override' keyword is incompatible with C++98 [-Wc++98-compat]
[build]  1027 |         void validate(const json::json_pointer &ptr, const json &instance, json_patch &, error_handler &e) const override final
[build]       |                                                                                                                  ^
[build] C:\Users\pperv\code\unnamed_rpg\vendor\json-schema-validator\src\json-validator.cpp(1027,116): warning: 'final' keyword is incompatible with C++98 [-Wc++98-compat]
[build]  1027 |         void validate(const json::json_pointer &ptr, const json &instance, json_patch &, error_handler &e) const override final
[build]       |                                                                                                                           ^
[build] C:\Users\pperv\code\unnamed_rpg\vendor\json-schema-validator\src\json-validator.cpp(1029,8): warning: 'auto' type specifier is incompatible with C++98 [-Wc++98-compat]
[build]  1029 |                 for (auto &r : required_)
[build]       |                      ^~~~
[build] C:\Users\pperv\code\unnamed_rpg\vendor\json-schema-validator\src\json-validator.cpp(1029,16): warning: range-based for loop is incompatible with C++98 [-Wc++98-compat]
[build]  1029 |                 for (auto &r : required_)
[build]       |                              ^
[build] In file included from C:\Users\pperv\code\unnamed_rpg\vendor\json-schema-validator\src\json-validator.cpp:9:
[build] In file included from C:\Users\pperv\code\unnamed_rpg\vendor\json-schema-validator\src\nlohmann/json-schema.hpp:24:
[build] In file included from C:\Users\pperv\code\unnamed_rpg\vendor\json\include\nlohmann/json.hpp:55:
[build] C:\Users\pperv\code\unnamed_rpg\vendor\json\include\nlohmann/detail/iterators/iter_impl.hpp(468,170): warning: use of null pointer as non-type template argument is incompatible with C++98 [-Wc++98-compat]
[build]   468 |     template < typename IterImpl, detail::enable_if_t < (std::is_same<IterImpl, iter_impl>::value || std::is_same<IterImpl, other_iter_impl>::value), std::nullptr_t > = nullptr >
[build]       |                                                                                                                                                                          ^
[build] C:\Users\pperv\code\unnamed_rpg\vendor\json-schema-validator\src\json-validator.cpp(1030,25): note: while substituting deduced template arguments into function template 'operator==' [with IterImpl = const_iterator, $1 = (no value)]
[build]  1030 |                         if (instance.find(r) == instance.end())
[build]       |                                              ^
[build] C:\Users\pperv\code\unnamed_rpg\vendor\json-schema-validator\src\json-validator.cpp(1041,40): warning: default member initializer for non-static data members is incompatible with C++98 [-Wc++98-compat]
[build]  1041 |         std::pair<bool, size_t> maxProperties_{false, 0};
[build]       |                                               ^
[build] C:\Users\pperv\code\unnamed_rpg\vendor\json-schema-validator\src\json-validator.cpp(1042,40): warning: default member initializer for non-static data members is incompatible with C++98 [-Wc++98-compat]
[build]  1042 |         std::pair<bool, size_t> minProperties_{false, 0};
[build]       |                                               ^
[build] C:\Users\pperv\code\unnamed_rpg\vendor\json-schema-validator\src\json-validator.cpp(1045,46): warning: consecutive right angle brackets are incompatible with C++98 (use '> >') [-Wc++98-compat]
[build]  1045 |         std::map<std::string, std::shared_ptr<schema>> properties_;
[build]       |                                                     ^~
[build]       |                                                     > >
[build] C:\Users\pperv\code\unnamed_rpg\vendor\json-schema-validator\src\json-validator.cpp(1047,70): warning: consecutive right angle brackets are incompatible with C++98 (use '> >') [-Wc++98-compat]
[build]  1047 |         std::vector<std::pair<REGEX_NAMESPACE::regex, std::shared_ptr<schema>>> patternProperties_;
[build]       |                                                                             ^~
[build]       |                                                                             > > 
[build] C:\Users\pperv\code\unnamed_rpg\vendor\json-schema-validator\src\json-validator.cpp(1051,46): warning: consecutive right angle brackets are incompatible with C++98 (use '> >') [-Wc++98-compat]
[build]  1051 |         std::map<std::string, std::shared_ptr<schema>> dependencies_;
[build]       |                                                     ^~
[build]       |                                                     > >
[build] C:\Users\pperv\code\unnamed_rpg\vendor\json-schema-validator\src\json-validator.cpp(1055,112): warning: 'override' keyword is incompatible with C++98 [-Wc++98-compat]
[build]  1055 |         void validate(const json::json_pointer &ptr, const json &instance, json_patch &patch, error_handler &e) const override
[build]       |                                                                                                                       ^
[build] C:\Users\pperv\code\unnamed_rpg\vendor\json-schema-validator\src\json-validator.cpp(1041,40): warning: constructor call from initializer list is incompatible with C++98 [-Wc++98-compat]
[build]  1041 |         std::pair<bool, size_t> maxProperties_{false, 0};
[build]       |                                               ^~~~~~~~~~
[build] C:\Users\pperv\code\unnamed_rpg\vendor\json-schema-validator\src\json-validator.cpp(1042,40): warning: constructor call from initializer list is incompatible with C++98 [-Wc++98-compat]
[build]  1042 |         std::pair<bool, size_t> minProperties_{false, 0};
[build]       |                                               ^~~~~~~~~~
[build] C:\Users\pperv\code\unnamed_rpg\vendor\json-schema-validator\src\json-validator.cpp(1063,8): warning: 'auto' type specifier is incompatible with C++98 [-Wc++98-compat]
[build]  1063 |                 for (auto &r : required_)
[build]       |                      ^~~~
[build] C:\Users\pperv\code\unnamed_rpg\vendor\json-schema-validator\src\json-validator.cpp(1063,16): warning: range-based for loop is incompatible with C++98 [-Wc++98-compat]
[build]  1063 |                 for (auto &r : required_)
[build]       |                              ^
[build] C:\Users\pperv\code\unnamed_rpg\vendor\json-schema-validator\src\json-validator.cpp(1068,8): warning: 'auto' type specifier is incompatible with C++98 [-Wc++98-compat]
[build]  1068 |                 for (auto &p : instance.items()) {
[build]       |                      ^~~~
[build] C:\Users\pperv\code\unnamed_rpg\vendor\json-schema-validator\src\json-validator.cpp(1068,16): warning: range-based for loop is incompatible with C++98 [-Wc++98-compat]
[build]  1068 |                 for (auto &p : instance.items()) {
[build]       |                              ^
[build] C:\Users\pperv\code\unnamed_rpg\vendor\json-schema-validator\src\json-validator.cpp(1073,4): warning: 'auto' type specifier is incompatible with C++98 [-Wc++98-compat]
[build]  1073 |                         auto schema_p = properties_.find(p.key());
[build]       |                         ^~~~
[build] C:\Users\pperv\code\unnamed_rpg\vendor\json-schema-validator\src\json-validator.cpp(1082,9): warning: 'auto' type specifier is incompatible with C++98 [-Wc++98-compat]
[build]  1082 |                         for (auto &schema_pp : patternProperties_)
[build]       |                              ^~~~
[build] C:\Users\pperv\code\unnamed_rpg\vendor\json-schema-validator\src\json-validator.cpp(1082,25): warning: range-based for loop is incompatible with C++98 [-Wc++98-compat]
[build]  1082 |                         for (auto &schema_pp : patternProperties_)
[build]       |                                              ^
[build] C:\Users\pperv\code\unnamed_rpg\vendor\json-schema-validator\src\json-validator.cpp(1099,8): warning: 'auto' type specifier is incompatible with C++98 [-Wc++98-compat]
[build]  1099 |                 for (auto const &prop : properties_) {
[build]       |                      ^~~~
[build] C:\Users\pperv\code\unnamed_rpg\vendor\json-schema-validator\src\json-validator.cpp(1099,25): warning: range-based for loop is incompatible with C++98 [-Wc++98-compat]
[build]  1099 |                 for (auto const &prop : properties_) {
[build]       |                                       ^
[build] C:\Users\pperv\code\unnamed_rpg\vendor\json-schema-validator\src\json-validator.cpp(1100,10): warning: 'auto' type specifier is incompatible with C++98 [-Wc++98-compat]
[build]  1100 |                         const auto finding = instance.find(prop.first);
[build]       |                               ^~~~
[build] C:\Users\pperv\code\unnamed_rpg\vendor\json-schema-validator\src\json-validator.cpp(1102,11): warning: 'auto' type specifier is incompatible with C++98 [-Wc++98-compat]
[build]  1102 |                                 const auto &default_value = prop.second->default_value(ptr, instance, e);
[build]       |                                       ^~~~
[build] C:\Users\pperv\code\unnamed_rpg\vendor\json-schema-validator\src\json-validator.cpp(1109,8): warning: 'auto' type specifier is incompatible with C++98 [-Wc++98-compat]
[build]  1109 |                 for (auto &dep : dependencies_) {
[build]       |                      ^~~~
[build] C:\Users\pperv\code\unnamed_rpg\vendor\json-schema-validator\src\json-validator.cpp(1109,18): warning: range-based for loop is incompatible with C++98 [-Wc++98-compat]
[build]  1109 |                 for (auto &dep : dependencies_) {
[build]       |                                ^
[build] C:\Users\pperv\code\unnamed_rpg\vendor\json-schema-validator\src\json-validator.cpp(1110,4): warning: 'auto' type specifier is incompatible with C++98 [-Wc++98-compat]
[build]  1110 |                         auto prop = instance.find(dep.first);
[build]       |                         ^~~~
[build] C:\Users\pperv\code\unnamed_rpg\vendor\json-schema-validator\src\json-validator.cpp(1122,3): warning: 'auto' type specifier is incompatible with C++98 [-Wc++98-compat]
[build]  1122 |                 auto attr = sch.find("maxProperties");
[build]       |                 ^~~~
[build] C:\Users\pperv\code\unnamed_rpg\vendor\json-schema-validator\src\json-validator.cpp(1124,19): warning: generalized initializer lists are incompatible with C++98 [-Wc++98-compat]
[build]  1124 |                         maxProperties_ = {true, attr.value().get<size_t>()};
[build]       |                                        ^ ~~~~~~~~~~~~~~~~~~~~~~~~~~~~~~~~~~
[build] C:\Users\pperv\code\unnamed_rpg\vendor\json-schema-validator\src\json-validator.cpp(1124,21): warning: constructor call from initializer list is incompatible with C++98 [-Wc++98-compat]
[build]  1124 |                         maxProperties_ = {true, attr.value().get<size_t>()};
[build]       |                                          ^~~~~~~~~~~~~~~~~~~~~~~~~~~~~~~~~~
[build] C:\Users\pperv\code\unnamed_rpg\vendor\json-schema-validator\src\json-validator.cpp(1130,19): warning: generalized initializer lists are incompatible with C++98 [-Wc++98-compat]
[build]  1130 |                         minProperties_ = {true, attr.value().get<size_t>()};
[build]       |                                        ^ ~~~~~~~~~~~~~~~~~~~~~~~~~~~~~~~~~~
[build] C:\Users\pperv\code\unnamed_rpg\vendor\json-schema-validator\src\json-validator.cpp(1130,21): warning: constructor call from initializer list is incompatible with C++98 [-Wc++98-compat]
[build]  1130 |                         minProperties_ = {true, attr.value().get<size_t>()};
[build]       |                                          ^~~~~~~~~~~~~~~~~~~~~~~~~~~~~~~~~~
[build] C:\Users\pperv\code\unnamed_rpg\vendor\json-schema-validator\src\json-validator.cpp(1136,56): warning: consecutive right angle brackets are incompatible with C++98 (use '> >') [-Wc++98-compat]
[build]  1136 |                         required_ = attr.value().get<std::vector<std::string>>();
[build]       |                                                                             ^~
[build]       |                                                                             > >
[build] C:\Users\pperv\code\unnamed_rpg\vendor\json-schema-validator\src\json-validator.cpp(1142,9): warning: 'auto' type specifier is incompatible with C++98 [-Wc++98-compat]
[build]  1142 |                         for (auto prop : attr.value().items())
[build]       |                              ^~~~
[build] C:\Users\pperv\code\unnamed_rpg\vendor\json-schema-validator\src\json-validator.cpp(1142,19): warning: range-based for loop is incompatible with C++98 [-Wc++98-compat]
[build]  1142 |                         for (auto prop : attr.value().items())
[build]       |                                        ^
[build] C:\Users\pperv\code\unnamed_rpg\vendor\json-schema-validator\src\json-validator.cpp(1146,46): warning: generalized initializer lists are incompatible with C++98 [-Wc++98-compat]
[build]  1146 |                                         schema::make(prop.value(), root, {"properties", prop.key()}, uris)));
[build]       |                                                                          ^
[build] C:\Users\pperv\code\unnamed_rpg\vendor\json-schema-validator\src\json-validator.cpp(1146,46): warning: initialization of initializer_list object is incompatible with C++98 [-Wc++98-compat]
[build]  1146 |                                         schema::make(prop.value(), root, {"properties", prop.key()}, uris)));
[build]       |                                                                          ^~~~~~~~~~~~~~~~~~~~~~~~~~
[build] C:\Users\pperv\code\unnamed_rpg\vendor\json-schema-validator\src\json-validator.cpp(1153,9): warning: 'auto' type specifier is incompatible with C++98 [-Wc++98-compat]
[build]  1153 |                         for (auto prop : attr.value().items())
[build]       |                              ^~~~
[build] C:\Users\pperv\code\unnamed_rpg\vendor\json-schema-validator\src\json-validator.cpp(1153,19): warning: range-based for loop is incompatible with C++98 [-Wc++98-compat]
[build]  1153 |                         for (auto prop : attr.value().items())
[build]       |                                        ^
[build] C:\Users\pperv\code\unnamed_rpg\vendor\json-schema-validator\src\json-validator.cpp(1157,46): warning: generalized initializer lists are incompatible with C++98 [-Wc++98-compat]
[build]  1157 |                                         schema::make(prop.value(), root, {prop.key()}, uris)));
[build]       |                                                                          ^
[build] C:\Users\pperv\code\unnamed_rpg\vendor\json-schema-validator\src\json-validator.cpp(1157,46): warning: initialization of initializer_list object is incompatible with C++98 [-Wc++98-compat]
[build]  1157 |                                         schema::make(prop.value(), root, {prop.key()}, uris)));
[build]       |                                                                          ^~~~~~~~~~~~
[build] C:\Users\pperv\code\unnamed_rpg\vendor\json-schema-validator\src\json-validator.cpp(1164,61): warning: generalized initializer lists are incompatible with C++98 [-Wc++98-compat]
[build]  1164 |                         additionalProperties_ = schema::make(attr.value(), root, {"additionalProperties"}, uris);
[build]       |                                                                                  ^
[build] C:\Users\pperv\code\unnamed_rpg\vendor\json-schema-validator\src\json-validator.cpp(1164,61): warning: initialization of initializer_list object is incompatible with C++98 [-Wc++98-compat]
[build]  1164 |                         additionalProperties_ = schema::make(attr.value(), root, {"additionalProperties"}, uris);
[build]       |                                                                                  ^~~~~~~~~~~~~~~~~~~~~~~~
[build] C:\Users\pperv\code\unnamed_rpg\vendor\json-schema-validator\src\json-validator.cpp(1170,9): warning: 'auto' type specifier is incompatible with C++98 [-Wc++98-compat]
[build]  1170 |                         for (auto &dep : attr.value().items())
[build]       |                              ^~~~
[build] C:\Users\pperv\code\unnamed_rpg\vendor\json-schema-validator\src\json-validator.cpp(1170,19): warning: range-based for loop is incompatible with C++98 [-Wc++98-compat]
[build]  1170 |                         for (auto &dep : attr.value().items())
[build]       |                                        ^
[build] C:\Users\pperv\code\unnamed_rpg\vendor\json-schema-validator\src\json-validator.cpp(1175,71): warning: consecutive right angle brackets are incompatible with C++98 (use '> >') [-Wc++98-compat]
[build]  1175 |                                                                   dep.value().get<std::vector<std::string>>(), root));
[build]       |                                                                                                          ^~
[build]       |                                                                                                          > >
[build] C:\Users\pperv\code\unnamed_rpg\vendor\json-schema-validator\src\json-validator.cpp(1180,60): warning: generalized initializer lists are incompatible with C++98 [-Wc++98-compat]
[build]  1180 |                                                               schema::make(dep.value(), root, {"dependencies", dep.key()}, uris));
[build]       |                                                                                               ^
[build] C:\Users\pperv\code\unnamed_rpg\vendor\json-schema-validator\src\json-validator.cpp(1180,60): warning: initialization of initializer_list object is incompatible with C++98 [-Wc++98-compat]
[build]  1180 |                                                               schema::make(dep.value(), root, {"dependencies", dep.key()}, uris));
[build]       |                                                                                               ^~~~~~~~~~~~~~~~~~~~~~~~~~~
[build] C:\Users\pperv\code\unnamed_rpg\vendor\json-schema-validator\src\json-validator.cpp(1171,25): warning: 9 enumeration values not explicitly handled in switch: 'null', 'object', 'string'... [-Wswitch-enum]
[build]  1171 |                                 switch (dep.value().type()) {
[build]       |                                         ~~~~~~~~~~~~^~~~~~
[build] C:\Users\pperv\code\unnamed_rpg\vendor\json-schema-validator\src\json-validator.cpp(1188,54): warning: generalized initializer lists are incompatible with C++98 [-Wc++98-compat]
[build]  1188 |                         propertyNames_ = schema::make(attr.value(), root, {"propertyNames"}, uris);
[build]       |                                                                           ^
[build] C:\Users\pperv\code\unnamed_rpg\vendor\json-schema-validator\src\json-validator.cpp(1188,54): warning: initialization of initializer_list object is incompatible with C++98 [-Wc++98-compat]
[build]  1188 |                         propertyNames_ = schema::make(attr.value(), root, {"propertyNames"}, uris);
[build]       |                                                                           ^~~~~~~~~~~~~~~~~
[build] C:\Users\pperv\code\unnamed_rpg\vendor\json-schema-validator\src\json-validator.cpp(1201,35): warning: default member initializer for non-static data members is incompatible with C++98 [-Wc++98-compat]
[build]  1201 |         std::pair<bool, size_t> maxItems_{false, 0};
[build]       |                                          ^
[build] C:\Users\pperv\code\unnamed_rpg\vendor\json-schema-validator\src\json-validator.cpp(1202,35): warning: default member initializer for non-static data members is incompatible with C++98 [-Wc++98-compat]
[build]  1202 |         std::pair<bool, size_t> minItems_{false, 0};
[build]       |                                          ^
[build] C:\Users\pperv\code\unnamed_rpg\vendor\json-schema-validator\src\json-validator.cpp(1203,20): warning: default member initializer for non-static data members is incompatible with C++98 [-Wc++98-compat]
[build]  1203 |         bool uniqueItems_ = false;
[build]       |                           ^
[build] C:\Users\pperv\code\unnamed_rpg\vendor\json-schema-validator\src\json-validator.cpp(1207,36): warning: consecutive right angle brackets are incompatible with C++98 (use '> >') [-Wc++98-compat]
[build]  1207 |         std::vector<std::shared_ptr<schema>> items_;
[build]       |                                           ^~
[build]       |                                           > >
[build] C:\Users\pperv\code\unnamed_rpg\vendor\json-schema-validator\src\json-validator.cpp(1212,112): warning: 'override' keyword is incompatible with C++98 [-Wc++98-compat]
[build]  1212 |         void validate(const json::json_pointer &ptr, const json &instance, json_patch &patch, error_handler &e) const override
[build]       |                                                                                                                       ^
[build] C:\Users\pperv\code\unnamed_rpg\vendor\json-schema-validator\src\json-validator.cpp(1201,35): warning: constructor call from initializer list is incompatible with C++98 [-Wc++98-compat]
[build]  1201 |         std::pair<bool, size_t> maxItems_{false, 0};
[build]       |                                          ^~~~~~~~~~
[build] C:\Users\pperv\code\unnamed_rpg\vendor\json-schema-validator\src\json-validator.cpp(1202,35): warning: constructor call from initializer list is incompatible with C++98 [-Wc++98-compat]
[build]  1202 |         std::pair<bool, size_t> minItems_{false, 0};
[build]       |                                          ^~~~~~~~~~
[build] C:\Users\pperv\code\unnamed_rpg\vendor\json-schema-validator\src\json-validator.cpp(1221,9): warning: 'auto' type specifier is incompatible with C++98 [-Wc++98-compat]
[build]  1221 |                         for (auto it = instance.cbegin(); it != instance.cend(); ++it) {
[build]       |                              ^~~~
[build] C:\Users\pperv\code\unnamed_rpg\vendor\json-schema-validator\src\json-validator.cpp(1222,5): warning: 'auto' type specifier is incompatible with C++98 [-Wc++98-compat]
[build]  1222 |                                 auto v = std::find(it + 1, instance.end(), *it);
[build]       |                                 ^~~~
[build] C:\Users\pperv\code\unnamed_rpg\vendor\json-schema-validator\src\json-validator.cpp(1230,9): warning: 'auto' type specifier is incompatible with C++98 [-Wc++98-compat]
[build]  1230 |                         for (auto &i : instance) {
[build]       |                              ^~~~
[build] C:\Users\pperv\code\unnamed_rpg\vendor\json-schema-validator\src\json-validator.cpp(1230,17): warning: range-based for loop is incompatible with C++98 [-Wc++98-compat]
[build]  1230 |                         for (auto &i : instance) {
[build]       |                                      ^
[build] C:\Users\pperv\code\unnamed_rpg\vendor\json-schema-validator\src\json-validator.cpp(1235,4): warning: 'auto' type specifier is incompatible with C++98 [-Wc++98-compat]
[build]  1235 |                         auto item = items_.cbegin();
[build]       |                         ^~~~
[build] C:\Users\pperv\code\unnamed_rpg\vendor\json-schema-validator\src\json-validator.cpp(1236,9): warning: 'auto' type specifier is incompatible with C++98 [-Wc++98-compat]
[build]  1236 |                         for (auto &i : instance) {
[build]       |                              ^~~~
[build] C:\Users\pperv\code\unnamed_rpg\vendor\json-schema-validator\src\json-validator.cpp(1236,17): warning: range-based for loop is incompatible with C++98 [-Wc++98-compat]
[build]  1236 |                         for (auto &i : instance) {
[build]       |                                      ^
[build] C:\Users\pperv\code\unnamed_rpg\vendor\json-schema-validator\src\json-validator.cpp(1254,9): warning: 'auto' type specifier is incompatible with C++98 [-Wc++98-compat]
[build]  1254 |                         for (auto &item : instance) {
[build]       |                              ^~~~
[build] C:\Users\pperv\code\unnamed_rpg\vendor\json-schema-validator\src\json-validator.cpp(1254,20): warning: range-based for loop is incompatible with C++98 [-Wc++98-compat]
[build]  1254 |                         for (auto &item : instance) {
[build]       |                                         ^
[build] C:\Users\pperv\code\unnamed_rpg\vendor\json-schema-validator\src\json-validator.cpp(1271,3): warning: 'auto' type specifier is incompatible with C++98 [-Wc++98-compat]
[build]  1271 |                 auto attr = sch.find("maxItems");
[build]       |                 ^~~~
[build] C:\Users\pperv\code\unnamed_rpg\vendor\json-schema-validator\src\json-validator.cpp(1273,14): warning: generalized initializer lists are incompatible with C++98 [-Wc++98-compat]
[build]  1273 |                         maxItems_ = {true, attr.value().get<size_t>()};
[build]       |                                   ^ ~~~~~~~~~~~~~~~~~~~~~~~~~~~~~~~~~~
[build] C:\Users\pperv\code\unnamed_rpg\vendor\json-schema-validator\src\json-validator.cpp(1273,16): warning: constructor call from initializer list is incompatible with C++98 [-Wc++98-compat]
[build]  1273 |                         maxItems_ = {true, attr.value().get<size_t>()};
[build]       |                                     ^~~~~~~~~~~~~~~~~~~~~~~~~~~~~~~~~~
[build] C:\Users\pperv\code\unnamed_rpg\vendor\json-schema-validator\src\json-validator.cpp(1279,14): warning: generalized initializer lists are incompatible with C++98 [-Wc++98-compat]
[build]  1279 |                         minItems_ = {true, attr.value().get<size_t>()};
[build]       |                                   ^ ~~~~~~~~~~~~~~~~~~~~~~~~~~~~~~~~~~
[build] C:\Users\pperv\code\unnamed_rpg\vendor\json-schema-validator\src\json-validator.cpp(1279,16): warning: constructor call from initializer list is incompatible with C++98 [-Wc++98-compat]
[build]  1279 |                         minItems_ = {true, attr.value().get<size_t>()};
[build]       |                                     ^~~~~~~~~~~~~~~~~~~~~~~~~~~~~~~~~~
[build] C:\Users\pperv\code\unnamed_rpg\vendor\json-schema-validator\src\json-validator.cpp(1294,10): warning: 'auto' type specifier is incompatible with C++98 [-Wc++98-compat]
[build]  1294 |                                 for (auto &subsch : attr.value())
[build]       |                                      ^~~~
[build] C:\Users\pperv\code\unnamed_rpg\vendor\json-schema-validator\src\json-validator.cpp(1294,23): warning: range-based for loop is incompatible with C++98 [-Wc++98-compat]
[build]  1294 |                                 for (auto &subsch : attr.value())
[build]       |                                                   ^
[build] C:\Users\pperv\code\unnamed_rpg\vendor\json-schema-validator\src\json-validator.cpp(1295,50): warning: generalized initializer lists are incompatible with C++98 [-Wc++98-compat]
[build]  1295 |                                         items_.push_back(schema::make(subsch, root, {"items", std::to_string(c++)}, uris));
[build]       |                                                                                     ^
[build] C:\Users\pperv\code\unnamed_rpg\vendor\json-schema-validator\src\json-validator.cpp(1295,50): warning: initialization of initializer_list object is incompatible with C++98 [-Wc++98-compat]
[build]  1295 |                                         items_.push_back(schema::make(subsch, root, {"items", std::to_string(c++)}, uris));
[build]       |                                                                                     ^~~~~~~~~~~~~~~~~~~~~~~~~~~~~~
[build] C:\Users\pperv\code\unnamed_rpg\vendor\json-schema-validator\src\json-validator.cpp(1297,5): warning: 'auto' type specifier is incompatible with C++98 [-Wc++98-compat]
[build]  1297 |                                 auto attr_add = sch.find("additionalItems");
[build]       |                                 ^~~~
[build] C:\Users\pperv\code\unnamed_rpg\vendor\json-schema-validator\src\json-validator.cpp(1299,62): warning: generalized initializer lists are incompatible with C++98 [-Wc++98-compat]
[build]  1299 |                                         additionalItems_ = schema::make(attr_add.value(), root, {"additionalItems"}, uris);
[build]       |                                                                                                 ^
[build] C:\Users\pperv\code\unnamed_rpg\vendor\json-schema-validator\src\json-validator.cpp(1299,62): warning: initialization of initializer_list object is incompatible with C++98 [-Wc++98-compat]
[build]  1299 |                                         additionalItems_ = schema::make(attr_add.value(), root, {"additionalItems"}, uris);
[build]       |                                                                                                 ^~~~~~~~~~~~~~~~~~~
[build] C:\Users\pperv\code\unnamed_rpg\vendor\json-schema-validator\src\json-validator.cpp(1305,54): warning: generalized initializer lists are incompatible with C++98 [-Wc++98-compat]
[build]  1305 |                                 items_schema_ = schema::make(attr.value(), root, {"items"}, uris);
[build]       |                                                                                  ^
[build] C:\Users\pperv\code\unnamed_rpg\vendor\json-schema-validator\src\json-validator.cpp(1305,54): warning: initialization of initializer_list object is incompatible with C++98 [-Wc++98-compat]
[build]  1305 |                                 items_schema_ = schema::make(attr.value(), root, {"items"}, uris);
[build]       |                                                                                  ^~~~~~~~~
[build] C:\Users\pperv\code\unnamed_rpg\vendor\json-schema-validator\src\json-validator.cpp(1312,49): warning: generalized initializer lists are incompatible with C++98 [-Wc++98-compat]
[build]  1312 |                         contains_ = schema::make(attr.value(), root, {"contains"}, uris);
[build]       |                                                                      ^
[build] C:\Users\pperv\code\unnamed_rpg\vendor\json-schema-validator\src\json-validator.cpp(1312,49): warning: initialization of initializer_list object is incompatible with C++98 [-Wc++98-compat]
[build]  1312 |                         contains_ = schema::make(attr.value(), root, {"contains"}, uris);
[build]       |                                                                      ^~~~~~~~~~~~
[build] C:\Users\pperv\code\unnamed_rpg\vendor\json-schema-validator\src\json-validator.cpp(1330,57): warning: consecutive right angle brackets are incompatible with C++98 (use '> >') [-Wc++98-compat]
[build]  1330 |                 return std::make_shared<numeric<json::number_integer_t>>(schema, root, kw);
[build]       |                                                                       ^~
[build]       |                                                                       > >
[build] C:\Users\pperv\code\unnamed_rpg\vendor\json-schema-validator\src\json-validator.cpp(1332,55): warning: consecutive right angle brackets are incompatible with C++98 (use '> >') [-Wc++98-compat]
[build]  1332 |                 return std::make_shared<numeric<json::number_float_t>>(schema, root, kw);
[build]       |                                                                     ^~
[build]       |                                                                     > >
[build] C:\Users\pperv\code\unnamed_rpg\vendor\json-schema-validator\src\json-validator.cpp(1324,2): warning: 'switch' missing 'default' label [-Wswitch-default]
[build]  1324 |         switch (type) {
[build]       |         ^
[build] C:\Users\pperv\code\unnamed_rpg\vendor\json-schema-validator\src\json-validator.cpp(1348,9): warning: 'nullptr' is incompatible with C++98 [-Wc++98-compat]
[build]  1348 |         return nullptr;
[build]       |                ^
[build] C:\Users\pperv\code\unnamed_rpg\vendor\json-schema-validator\src\json-validator.cpp(1361,7): warning: 'auto' type specifier is incompatible with C++98 [-Wc++98-compat]
[build]  1361 |         for (auto uri = uris.begin(); uri != uris.end();)
[build]       |              ^~~~
[build] C:\Users\pperv\code\unnamed_rpg\vendor\json-schema-validator\src\json-validator.cpp(1368,7): warning: 'auto' type specifier is incompatible with C++98 [-Wc++98-compat]
[build]  1368 |         for (auto &key : keys)
[build]       |              ^~~~
[build] C:\Users\pperv\code\unnamed_rpg\vendor\json-schema-validator\src\json-validator.cpp(1368,17): warning: range-based for loop is incompatible with C++98 [-Wc++98-compat]
[build]  1368 |         for (auto &key : keys)
[build]       |                        ^
[build] C:\Users\pperv\code\unnamed_rpg\vendor\json-schema-validator\src\json-validator.cpp(1369,8): warning: 'auto' type specifier is incompatible with C++98 [-Wc++98-compat]
[build]  1369 |                 for (auto &uri : uris)
[build]       |                      ^~~~
[build] C:\Users\pperv\code\unnamed_rpg\vendor\json-schema-validator\src\json-validator.cpp(1369,18): warning: range-based for loop is incompatible with C++98 [-Wc++98-compat]
[build]  1369 |                 for (auto &uri : uris)
[build]       |                                ^
[build] C:\Users\pperv\code\unnamed_rpg\vendor\json-schema-validator\src\json-validator.cpp(1372,17): warning: '<::' is treated as digraph '<:' (aka '[') followed by ':' in C++98 [-Wc++98-compat]
[build]  1372 |         std::shared_ptr<::schema> sch;
[build]       |                        ^
[build] C:\Users\pperv\code\unnamed_rpg\vendor\json-schema-validator\src\json-validator.cpp(1379,3): warning: 'auto' type specifier is incompatible with C++98 [-Wc++98-compat]
[build]  1379 |                 auto attr = schema.find("$id"); // if $id is present, this schema can be referenced by this ID
[build]       |                 ^~~~
[build] C:\Users\pperv\code\unnamed_rpg\vendor\json-schema-validator\src\json-validator.cpp(1389,3): warning: 'auto' type specifier is incompatible with C++98 [-Wc++98-compat]
[build]  1389 |                 auto findDefinitions = [&](const std::string &defs) -> bool {
[build]       |                 ^~~~
[build] C:\Users\pperv\code\unnamed_rpg\vendor\json-schema-validator\src\json-validator.cpp(1389,26): warning: lambda expressions are incompatible with C++98 [-Wc++98-compat]
[build]  1389 |                 auto findDefinitions = [&](const std::string &defs) -> bool {
[build]       |                                        ^
[build] C:\Users\pperv\code\unnamed_rpg\vendor\json-schema-validator\src\json-validator.cpp(1392,10): warning: 'auto' type specifier is incompatible with C++98 [-Wc++98-compat]
[build]  1392 |                                 for (auto &def : attr.value().items())
[build]       |                                      ^~~~
[build] C:\Users\pperv\code\unnamed_rpg\vendor\json-schema-validator\src\json-validator.cpp(1392,20): warning: range-based for loop is incompatible with C++98 [-Wc++98-compat]
[build]  1392 |                                 for (auto &def : attr.value().items())
[build]       |                                                ^
[build] C:\Users\pperv\code\unnamed_rpg\vendor\json-schema-validator\src\json-validator.cpp(1393,38): warning: generalized initializer lists are incompatible with C++98 [-Wc++98-compat]
[build]  1393 |                                         schema::make(def.value(), root, {defs, def.key()}, uris);
[build]       |                                                                         ^
[build] C:\Users\pperv\code\unnamed_rpg\vendor\json-schema-validator\src\json-validator.cpp(1393,38): warning: initialization of initializer_list object is incompatible with C++98 [-Wc++98-compat]
[build]  1393 |                                         schema::make(def.value(), root, {defs, def.key()}, uris);
[build]       |                                                                         ^~~~~~~~~~~~~~~~~
[build] C:\Users\pperv\code\unnamed_rpg\vendor\json-schema-validator\src\json-validator.cpp(1407,4): warning: 'auto' type specifier is incompatible with C++98 [-Wc++98-compat]
[build]  1407 |                         auto id = uris.back().derive(attr.value().get<std::string>());
[build]       |                         ^~~~
[build] C:\Users\pperv\code\unnamed_rpg\vendor\json-schema-validator\src\json-validator.cpp(1416,9): warning: 'auto' type specifier is incompatible with C++98 [-Wc++98-compat]
[build]  1416 |                                 if (auto new_sch = sch->make_for_default_(sch, root, uris, attr.value())) {
[build]       |                                     ^~~~
[build] C:\Users\pperv\code\unnamed_rpg\vendor\json-schema-validator\src\json-validator.cpp(1432,7): warning: 'auto' type specifier is incompatible with C++98 [-Wc++98-compat]
[build]  1432 |         for (auto &uri : uris) { // for all URIs this schema is referenced by
[build]       |              ^~~~
[build] C:\Users\pperv\code\unnamed_rpg\vendor\json-schema-validator\src\json-validator.cpp(1432,17): warning: range-based for loop is incompatible with C++98 [-Wc++98-compat]
[build]  1432 |         for (auto &uri : uris) { // for all URIs this schema is referenced by
[build]       |                        ^
[build] C:\Users\pperv\code\unnamed_rpg\vendor\json-schema-validator\src\json-validator.cpp(1436,9): warning: 'auto' type specifier is incompatible with C++98 [-Wc++98-compat]
[build]  1436 |                         for (auto &u : schema.items())
[build]       |                              ^~~~
[build] C:\Users\pperv\code\unnamed_rpg\vendor\json-schema-validator\src\json-validator.cpp(1436,17): warning: range-based for loop is incompatible with C++98 [-Wc++98-compat]
[build]  1436 |                         for (auto &u : schema.items())
[build]       |                                      ^
[build] C:\Users\pperv\code\unnamed_rpg\vendor\json-schema-validator\src\json-validator.cpp(1444,94): warning: 'override' keyword is incompatible with C++98 [-Wc++98-compat]
[build]  1444 |         void error(const json::json_pointer &ptr, const json &instance, const std::string &message) override
[build]       |                                                                                                     ^
[build] In file included from C:\Users\pperv\code\unnamed_rpg\vendor\json-schema-validator\src\json-validator.cpp:9:
[build] In file included from C:\Users\pperv\code\unnamed_rpg\vendor\json-schema-validator\src\nlohmann/json-schema.hpp:24:
[build] C:\Users\pperv\code\unnamed_rpg\vendor\json\include\nlohmann/json.hpp(1341,57): warning: enumeration type in nested name specifier is incompatible with C++98 [-Wc++98-compat]
[build]  1341 |                   const error_handler_t error_handler = error_handler_t::strict) const
[build]       |                                                         ^
[build] C:\Users\pperv\code\unnamed_rpg\vendor\json-schema-validator\src\json-validator.cpp(1446,88): note: in instantiation of default function argument expression for 'dump<std::map, std::vector, std::basic_string<char>, bool, long long, unsigned long long, double, std::allocator, nlohmann::adl_serializer, std::vector<unsigned char>, void>' required here
[build]  1446 |                 throw std::invalid_argument(std::string("At ") + ptr.to_string() + " of " + instance.dump() + " - " + message + "\n");
[build]       |                                                                                                      ^
[build] C:\Users\pperv\code\unnamed_rpg\vendor\json-schema-validator\src\json-validator.cpp(1470,7): warning: delegating constructors are incompatible with C++98 [-Wc++98-compat]
[build]  1470 |     : json_validator(std::move(loader),
[build]       |       ^
[build] C:\Users\pperv\code\unnamed_rpg\vendor\json-schema-validator\src\json-validator.cpp(1477,37): warning: rvalue references are incompatible with C++98 [-Wc++98-compat]
[build]  1477 | json_validator::json_validator(json &&schema,
[build]       |                                     ^
[build] C:\Users\pperv\code\unnamed_rpg\vendor\json-schema-validator\src\json-validator.cpp(1482,7): warning: delegating constructors are incompatible with C++98 [-Wc++98-compat]
[build]  1482 |     : json_validator(std::move(loader),
[build]       |       ^
[build] C:\Users\pperv\code\unnamed_rpg\vendor\json-schema-validator\src\json-validator.cpp(1491,47): warning: rvalue references are incompatible with C++98 [-Wc++98-compat]
[build]  1491 | json_validator::json_validator(json_validator &&) = default;
[build]       |                                               ^
[build] C:\Users\pperv\code\unnamed_rpg\vendor\json-schema-validator\src\json-validator.cpp(1491,53): warning: defaulted function definitions are incompatible with C++98 [-Wc++98-compat]
[build]  1491 | json_validator::json_validator(json_validator &&) = default;
[build]       |                                                     ^
[build] C:\Users\pperv\code\unnamed_rpg\vendor\json-schema-validator\src\json-validator.cpp(1492,37): warning: defaulted function definitions are incompatible with C++98 [-Wc++98-compat]
[build]  1492 | json_validator::~json_validator() = default;
[build]       |                                     ^
[build] C:\Users\pperv\code\unnamed_rpg\vendor\json-schema-validator\src\json-validator.cpp(1493,58): warning: rvalue references are incompatible with C++98 [-Wc++98-compat]
[build]  1493 | json_validator &json_validator::operator=(json_validator &&) = default;
[build]       |                                                          ^
[build] C:\Users\pperv\code\unnamed_rpg\vendor\json-schema-validator\src\json-validator.cpp(1493,64): warning: defaulted function definitions are incompatible with C++98 [-Wc++98-compat]
[build]  1493 | json_validator &json_validator::operator=(json_validator &&) = default;
[build]       |                                                                ^
[build] C:\Users\pperv\code\unnamed_rpg\vendor\json-schema-validator\src\json-validator.cpp(1500,43): warning: rvalue references are incompatible with C++98 [-Wc++98-compat]
[build]  1500 | void json_validator::set_root_schema(json &&schema)
[build]       |                                           ^
[build] In file included from C:\Users\pperv\code\unnamed_rpg\vendor\json-schema-validator\src\json-validator.cpp:9:
[build] In file included from C:\Users\pperv\code\unnamed_rpg\vendor\json-schema-validator\src\nlohmann/json-schema.hpp:24:
[build] In file included from C:\Users\pperv\code\unnamed_rpg\vendor\json\include\nlohmann/json.hpp:44:
[build] In file included from C:\Users\pperv\code\unnamed_rpg\vendor\json\include\nlohmann/adl_serializer.hpp:14:
[build] In file included from C:\Users\pperv\code\unnamed_rpg\vendor\json\include\nlohmann/detail/conversions/from_json.hpp:24:
[build] C:\Users\pperv\code\unnamed_rpg\vendor\json\include\nlohmann/detail/exceptions.hpp(192,16): warning: generalized initializer lists are incompatible with C++98 [-Wc++98-compat]
[build]   192 |         return {id_, byte_, w.c_str()};
[build]       |                ^~~~~~~~~~~~~~~~~~~~~~~
[build] C:\Users\pperv\code\unnamed_rpg\vendor\json\include\nlohmann/detail/exceptions.hpp(192,16): warning: constructor call from initializer list is incompatible with C++98 [-Wc++98-compat]
[build]   192 |         return {id_, byte_, w.c_str()};
[build]       |                ^~~~~~~~~~~~~~~~~~~~~~~
[build] C:\Users\pperv\code\unnamed_rpg\vendor\json\include\nlohmann/detail/exceptions.hpp(192,16): warning: constructor call from initializer list is incompatible with C++98 [-Wc++98-compat]
[build]   192 |         return {id_, byte_, w.c_str()};
[build]       |                ^~~~~~~~~~~~~~~~~~~~~~~
[build] C:\Users\pperv\code\unnamed_rpg\vendor\json\include\nlohmann/detail/input/input_adapters.hpp(615,33): note: in instantiation of function template specialization 'nlohmann::detail::parse_error::create<std::nullptr_t, 0>' requested here
[build]   615 |         JSON_THROW(parse_error::create(101, 0, "attempting to parse an empty input; check that your input string or stream contains the expected JSON", nullptr));
[build]       |                                 ^
[build] C:\Users\pperv\code\unnamed_rpg\vendor\json\include\nlohmann/detail/macro_scope.hpp(198,41): note: expanded from macro 'JSON_THROW'
[build]   198 |     #define JSON_THROW(exception) throw exception
[build]       |                                         ^
[build] In file included from C:\Users\pperv\code\unnamed_rpg\vendor\json-schema-validator\src\json-validator.cpp:9:
[build] In file included from C:\Users\pperv\code\unnamed_rpg\vendor\json-schema-validator\src\nlohmann/json-schema.hpp:24:
[build] In file included from C:\Users\pperv\code\unnamed_rpg\vendor\json\include\nlohmann/json.hpp:50:
[build] In file included from C:\Users\pperv\code\unnamed_rpg\vendor\json\include\nlohmann/detail/input/binary_reader.hpp:29:
[build] In file included from C:\Users\pperv\code\unnamed_rpg\vendor\json\include\nlohmann/detail/input/json_sax.hpp:18:
[build] C:\Users\pperv\code\unnamed_rpg\vendor\json\include\nlohmann/detail/input/lexer.hpp(1720,19): warning: padding class 'nlohmann::detail::lexer<nlohmann::basic_json<>, nlohmann::detail::iterator_input_adapter<const char *>>' with 3 bytes to align 'current' [-Wpadded]
[build]  1720 |     char_int_type current = char_traits<char_type>::eof();
[build]       |                   ^
[build] C:\Users\pperv\code\unnamed_rpg\vendor\json\include\nlohmann/detail/input/lexer.hpp(1726,16): warning: padding class 'nlohmann::detail::lexer<nlohmann::basic_json<>, nlohmann::detail::iterator_input_adapter<const char *>>' with 7 bytes to align 'position' [-Wpadded]
[build]  1726 |     position_t position {};
[build]       |                ^
[build] C:\Users\pperv\code\unnamed_rpg\vendor\json\include\nlohmann/detail/input/lexer.hpp(1756,17): warning: padding class 'nlohmann::detail::lexer<nlohmann::basic_json<>, nlohmann::detail::iterator_input_adapter<const char *>>' with 4 bytes to align 'decimal_point_position' [-Wpadded]
[build]  1756 |     std::size_t decimal_point_position = std::string::npos;
[build]       |                 ^
[build] In file included from C:\Users\pperv\code\unnamed_rpg\vendor\json-schema-validator\src\json-validator.cpp:9:
[build] In file included from C:\Users\pperv\code\unnamed_rpg\vendor\json-schema-validator\src\nlohmann/json-schema.hpp:24:
[build] In file included from C:\Users\pperv\code\unnamed_rpg\vendor\json\include\nlohmann/json.hpp:53:
[build] C:\Users\pperv\code\unnamed_rpg\vendor\json\include\nlohmann/detail/input/parser.hpp(528,13): warning: padding class 'nlohmann::detail::parser<nlohmann::basic_json<>, nlohmann::detail::iterator_input_adapter<const char *>>' with 4 bytes to align 'm_lexer' [-Wpadded]
[build]   528 |     lexer_t m_lexer;
[build]       |             ^
[build] C:\Users\pperv\code\unnamed_rpg\vendor\json\include\nlohmann/detail/input/parser.hpp(60,7): warning: padding size of 'nlohmann::detail::parser<nlohmann::basic_json<>, nlohmann::detail::iterator_input_adapter<const char *>>' with 6 bytes to alignment boundary [-Wpadded]
[build]    60 | class parser
[build]       |       ^
[build] In file included from C:\Users\pperv\code\unnamed_rpg\vendor\json-schema-validator\src\json-validator.cpp:9:
[build] In file included from C:\Users\pperv\code\unnamed_rpg\vendor\json-schema-validator\src\nlohmann/json-schema.hpp:24:
[build] In file included from C:\Users\pperv\code\unnamed_rpg\vendor\json\include\nlohmann/json.hpp:50:
[build] In file included from C:\Users\pperv\code\unnamed_rpg\vendor\json\include\nlohmann/detail/input/binary_reader.hpp:28:
[build] C:\Users\pperv\code\unnamed_rpg\vendor\json\include\nlohmann/detail/input/input_adapters.hpp(569,26): warning: alias declarations are incompatible with C++98 [-Wc++98-compat]
[build]   569 |     using factory_type = iterator_input_adapter_factory<IteratorType, SentinelType>;
[build]       |                          ^
[build] In file included from C:\Users\pperv\code\unnamed_rpg\vendor\json-schema-validator\src\json-validator.cpp:9:
[build] In file included from C:\Users\pperv\code\unnamed_rpg\vendor\json-schema-validator\src\nlohmann/json-schema.hpp:24:
[build] In file included from C:\Users\pperv\code\unnamed_rpg\vendor\json\include\nlohmann/json.hpp:53:
[build] C:\Users\pperv\code\unnamed_rpg\vendor\json\include\nlohmann/detail/input/parser.hpp(526,29): warning: enumeration type in nested name specifier is incompatible with C++98 [-Wc++98-compat]
[build]   526 |     token_type last_token = token_type::uninitialized;
[build]       |                             ^
[build] C:\Users\pperv\code\unnamed_rpg\vendor\json\include\nlohmann/detail/input/parser.hpp(71,14): note: in instantiation of default member initializer 'nlohmann::detail::parser<nlohmann::basic_json<>, nlohmann::detail::iterator_input_adapter<const char *>>::last_token' requested here
[build]    71 |     explicit parser(InputAdapterType&& adapter,
[build]       |              ^
[build] C:\Users\pperv\code\unnamed_rpg\vendor\json\include\nlohmann/json.hpp(170,16): note: in instantiation of member function 'nlohmann::detail::parser<nlohmann::basic_json<>, nlohmann::detail::iterator_input_adapter<const char *>>::parser' requested here
[build]   170 |         return ::nlohmann::detail::parser<basic_json, InputAdapterType>(std::move(adapter),
[build]       |                ^
[build] C:\Users\pperv\code\unnamed_rpg\vendor\json\include\nlohmann/json.hpp(4112,9): note: in instantiation of function template specialization 'nlohmann::basic_json<>::parser<nlohmann::detail::iterator_input_adapter<const char *>>' requested here
[build]  4112 |         parser(detail::input_adapter(std::move(first), std::move(last)), std::move(cb), allow_exceptions, ignore_comments, ignore_trailing_commas).parse(true, result); // cppcheck-suppress[accessMoved]
[build]       |         ^
[build] C:\Users\pperv\code\unnamed_rpg\vendor\json\include\nlohmann/json.hpp(5294,28): note: in instantiation of function template specialization 'nlohmann::basic_json<>::parse<const char *, const char *, 0>' requested here
[build]  5294 |     return nlohmann::json::parse(s, s + n);
[build]       |                            ^
[build] In file included from C:\Users\pperv\code\unnamed_rpg\vendor\json-schema-validator\src\json-validator.cpp:9:
[build] In file included from C:\Users\pperv\code\unnamed_rpg\vendor\json-schema-validator\src\nlohmann/json-schema.hpp:24:
[build] In file included from C:\Users\pperv\code\unnamed_rpg\vendor\json\include\nlohmann/json.hpp:50:
[build] In file included from C:\Users\pperv\code\unnamed_rpg\vendor\json\include\nlohmann/detail/input/binary_reader.hpp:29:
[build] In file included from C:\Users\pperv\code\unnamed_rpg\vendor\json\include\nlohmann/detail/input/json_sax.hpp:18:
[build] C:\Users\pperv\code\unnamed_rpg\vendor\json\include\nlohmann/detail/input/lexer.hpp(1730,41): warning: constructor call from initializer list is incompatible with C++98 [-Wc++98-compat]
[build]  1730 |     std::vector<char_type> token_string {};
[build]       |                                         ^~
[build] C:\Users\pperv\code\unnamed_rpg\vendor\json\include\nlohmann/detail/input/lexer.hpp(152,14): note: in instantiation of default member initializer 'nlohmann::detail::lexer<nlohmann::basic_json<>, nlohmann::detail::iterator_input_adapter<const char *>>::token_string' requested here
[build]   152 |     explicit lexer(InputAdapterType&& adapter, bool ignore_comments_ = false) noexcept
[build]       |              ^
[build] C:\Users\pperv\code\unnamed_rpg\vendor\json\include\nlohmann/detail/input/parser.hpp(77,11): note: in instantiation of member function 'nlohmann::detail::lexer<nlohmann::basic_json<>, nlohmann::detail::iterator_input_adapter<const char *>>::lexer' requested here
[build]    77 |         , m_lexer(std::move(adapter), ignore_comments)
[build]       |           ^
[build] C:\Users\pperv\code\unnamed_rpg\vendor\json\include\nlohmann/json.hpp(170,16): note: in instantiation of member function 'nlohmann::detail::parser<nlohmann::basic_json<>, nlohmann::detail::iterator_input_adapter<const char *>>::parser' requested here
[build]   170 |         return ::nlohmann::detail::parser<basic_json, InputAdapterType>(std::move(adapter),
[build]       |                ^
[build] C:\Users\pperv\code\unnamed_rpg\vendor\json\include\nlohmann/json.hpp(4112,9): note: in instantiation of function template specialization 'nlohmann::basic_json<>::parser<nlohmann::detail::iterator_input_adapter<const char *>>' requested here
[build]  4112 |         parser(detail::input_adapter(std::move(first), std::move(last)), std::move(cb), allow_exceptions, ignore_comments, ignore_trailing_commas).parse(true, result); // cppcheck-suppress[accessMoved]
[build]       |         ^
[build] C:\Users\pperv\code\unnamed_rpg\vendor\json\include\nlohmann/json.hpp(5294,28): note: in instantiation of function template specialization 'nlohmann::basic_json<>::parse<const char *, const char *, 0>' requested here
[build]  5294 |     return nlohmann::json::parse(s, s + n);
[build]       |                            ^
[build] In file included from C:\Users\pperv\code\unnamed_rpg\vendor\json-schema-validator\src\json-validator.cpp:9:
[build] In file included from C:\Users\pperv\code\unnamed_rpg\vendor\json-schema-validator\src\nlohmann/json-schema.hpp:24:
[build] In file included from C:\Users\pperv\code\unnamed_rpg\vendor\json\include\nlohmann/json.hpp:50:
[build] In file included from C:\Users\pperv\code\unnamed_rpg\vendor\json\include\nlohmann/detail/input/binary_reader.hpp:29:
[build] In file included from C:\Users\pperv\code\unnamed_rpg\vendor\json\include\nlohmann/detail/input/json_sax.hpp:18:
[build] C:\Users\pperv\code\unnamed_rpg\vendor\json\include\nlohmann/detail/input/lexer.hpp(1743,27): warning: constructor call from initializer list is incompatible with C++98 [-Wc++98-compat]
[build]  1743 |     string_t token_buffer {};
[build]       |                           ^~
[build] C:\Users\pperv\code\unnamed_rpg\vendor\json\include\nlohmann/detail/input/lexer.hpp(152,14): note: in instantiation of default member initializer 'nlohmann::detail::lexer<nlohmann::basic_json<>, nlohmann::detail::iterator_input_adapter<const char *>>::token_buffer' requested here
[build]   152 |     explicit lexer(InputAdapterType&& adapter, bool ignore_comments_ = false) noexcept
[build]       |              ^
[build] C:\Users\pperv\code\unnamed_rpg\vendor\json\include\nlohmann/detail/input/parser.hpp(77,11): note: in instantiation of member function 'nlohmann::detail::lexer<nlohmann::basic_json<>, nlohmann::detail::iterator_input_adapter<const char *>>::lexer' requested here
[build]    77 |         , m_lexer(std::move(adapter), ignore_comments)
[build]       |           ^
[build] C:\Users\pperv\code\unnamed_rpg\vendor\json\include\nlohmann/json.hpp(170,16): note: in instantiation of member function 'nlohmann::detail::parser<nlohmann::basic_json<>, nlohmann::detail::iterator_input_adapter<const char *>>::parser' requested here
[build]   170 |         return ::nlohmann::detail::parser<basic_json, InputAdapterType>(std::move(adapter),
[build]       |                ^
[build] C:\Users\pperv\code\unnamed_rpg\vendor\json\include\nlohmann/json.hpp(4112,9): note: in instantiation of function template specialization 'nlohmann::basic_json<>::parser<nlohmann::detail::iterator_input_adapter<const char *>>' requested here
[build]  4112 |         parser(detail::input_adapter(std::move(first), std::move(last)), std::move(cb), allow_exceptions, ignore_comments, ignore_trailing_commas).parse(true, result); // cppcheck-suppress[accessMoved]
[build]       |         ^
[build] C:\Users\pperv\code\unnamed_rpg\vendor\json\include\nlohmann/json.hpp(5294,28): note: in instantiation of function template specialization 'nlohmann::basic_json<>::parse<const char *, const char *, 0>' requested here
[build]  5294 |     return nlohmann::json::parse(s, s + n);
[build]       |                            ^
[build] In file included from C:\Users\pperv\code\unnamed_rpg\vendor\json-schema-validator\src\json-validator.cpp:9:
[build] In file included from C:\Users\pperv\code\unnamed_rpg\vendor\json-schema-validator\src\nlohmann/json-schema.hpp:24:
[build] In file included from C:\Users\pperv\code\unnamed_rpg\vendor\json\include\nlohmann/json.hpp:50:
[build] In file included from C:\Users\pperv\code\unnamed_rpg\vendor\json\include\nlohmann/detail/input/binary_reader.hpp:29:
[build] In file included from C:\Users\pperv\code\unnamed_rpg\vendor\json\include\nlohmann/detail/input/json_sax.hpp:18:
[build] C:\Users\pperv\code\unnamed_rpg\vendor\json\include\nlohmann/detail/input/lexer.hpp(174,15): warning: 'auto' type specifier is incompatible with C++98 [-Wc++98-compat]
[build]   174 |         const auto* loc = localeconv();
[build]       |               ^~~~
[build] C:\Users\pperv\code\unnamed_rpg\vendor\json\include\nlohmann/detail/input/parser.hpp(77,11): note: in instantiation of member function 'nlohmann::detail::lexer<nlohmann::basic_json<>, nlohmann::detail::iterator_input_adapter<const char *>>::lexer' requested here
[build]    77 |         , m_lexer(std::move(adapter), ignore_comments)
[build]       |           ^
[build] C:\Users\pperv\code\unnamed_rpg\vendor\json\include\nlohmann/json.hpp(170,16): note: in instantiation of member function 'nlohmann::detail::parser<nlohmann::basic_json<>, nlohmann::detail::iterator_input_adapter<const char *>>::parser' requested here
[build]   170 |         return ::nlohmann::detail::parser<basic_json, InputAdapterType>(std::move(adapter),
[build]       |                ^
[build] C:\Users\pperv\code\unnamed_rpg\vendor\json\include\nlohmann/json.hpp(4112,9): note: in instantiation of function template specialization 'nlohmann::basic_json<>::parser<nlohmann::detail::iterator_input_adapter<const char *>>' requested here
[build]  4112 |         parser(detail::input_adapter(std::move(first), std::move(last)), std::move(cb), allow_exceptions, ignore_comments, ignore_trailing_commas).parse(true, result); // cppcheck-suppress[accessMoved]
[build]       |         ^
[build] C:\Users\pperv\code\unnamed_rpg\vendor\json\include\nlohmann/json.hpp(5294,28): note: in instantiation of function template specialization 'nlohmann::basic_json<>::parse<const char *, const char *, 0>' requested here
[build]  5294 |     return nlohmann::json::parse(s, s + n);
[build]       |                            ^
[build] In file included from C:\Users\pperv\code\unnamed_rpg\vendor\json-schema-validator\src\json-validator.cpp:9:
[build] In file included from C:\Users\pperv\code\unnamed_rpg\vendor\json-schema-validator\src\nlohmann/json-schema.hpp:24:
[build] In file included from C:\Users\pperv\code\unnamed_rpg\vendor\json\include\nlohmann/json.hpp:50:
[build] In file included from C:\Users\pperv\code\unnamed_rpg\vendor\json\include\nlohmann/detail/input/binary_reader.hpp:29:
[build] In file included from C:\Users\pperv\code\unnamed_rpg\vendor\json\include\nlohmann/detail/input/json_sax.hpp:18:
[build] C:\Users\pperv\code\unnamed_rpg\vendor\json\include\nlohmann/detail/input/lexer.hpp(175,28): warning: 'nullptr' is incompatible with C++98 [-Wc++98-compat]
[build]   175 |         JSON_ASSERT(loc != nullptr);
[build]       |                            ^
[build] C:\Users\pperv\code\unnamed_rpg\vendor\json\include\nlohmann/detail/input/lexer.hpp(176,39): warning: 'nullptr' is incompatible with C++98 [-Wc++98-compat]
[build]   176 |         return (loc->decimal_point == nullptr) ? '.' : *(loc->decimal_point);
[build]       |                                       ^
[build] C:\Users\pperv\code\unnamed_rpg\vendor\json\include\nlohmann/detail/input/lexer.hpp(1630,20): warning: enumeration type in nested name specifier is incompatible with C++98 [-Wc++98-compat]
[build]  1630 |             return token_type::parse_error;
[build]       |                    ^
[build] C:\Users\pperv\code\unnamed_rpg\vendor\json\include\nlohmann/detail/input/parser.hpp(490,37): note: in instantiation of member function 'nlohmann::detail::lexer<nlohmann::basic_json<>, nlohmann::detail::iterator_input_adapter<const char *>>::scan' requested here
[build]   490 |         return last_token = m_lexer.scan();
[build]       |                                     ^
[build] C:\Users\pperv\code\unnamed_rpg\vendor\json\include\nlohmann/detail/input/parser.hpp(82,9): note: in instantiation of member function 'nlohmann::detail::parser<nlohmann::basic_json<>, nlohmann::detail::iterator_input_adapter<const char *>>::get_token' requested here
[build]    82 |         get_token();
[build]       |         ^
[build] C:\Users\pperv\code\unnamed_rpg\vendor\json\include\nlohmann/json.hpp(170,16): note: in instantiation of member function 'nlohmann::detail::parser<nlohmann::basic_json<>, nlohmann::detail::iterator_input_adapter<const char *>>::parser' requested here
[build]   170 |         return ::nlohmann::detail::parser<basic_json, InputAdapterType>(std::move(adapter),
[build]       |                ^
[build] C:\Users\pperv\code\unnamed_rpg\vendor\json\include\nlohmann/json.hpp(4112,9): note: in instantiation of function template specialization 'nlohmann::basic_json<>::parser<nlohmann::detail::iterator_input_adapter<const char *>>' requested here
[build]  4112 |         parser(detail::input_adapter(std::move(first), std::move(last)), std::move(cb), allow_exceptions, ignore_comments, ignore_trailing_commas).parse(true, result); // cppcheck-suppress[accessMoved]
[build]       |         ^
[build] C:\Users\pperv\code\unnamed_rpg\vendor\json\include\nlohmann/json.hpp(5294,28): note: in instantiation of function template specialization 'nlohmann::basic_json<>::parse<const char *, const char *, 0>' requested here
[build]  5294 |     return nlohmann::json::parse(s, s + n);
[build]       |                            ^
[build] In file included from C:\Users\pperv\code\unnamed_rpg\vendor\json-schema-validator\src\json-validator.cpp:9:
[build] In file included from C:\Users\pperv\code\unnamed_rpg\vendor\json-schema-validator\src\nlohmann/json-schema.hpp:24:
[build] In file included from C:\Users\pperv\code\unnamed_rpg\vendor\json\include\nlohmann/json.hpp:50:
[build] In file included from C:\Users\pperv\code\unnamed_rpg\vendor\json\include\nlohmann/detail/input/binary_reader.hpp:29:
[build] In file included from C:\Users\pperv\code\unnamed_rpg\vendor\json\include\nlohmann/detail/input/json_sax.hpp:18:
[build] C:\Users\pperv\code\unnamed_rpg\vendor\json\include\nlohmann/detail/input/lexer.hpp(1641,24): warning: enumeration type in nested name specifier is incompatible with C++98 [-Wc++98-compat]
[build]  1641 |                 return token_type::parse_error;
[build]       |                        ^
[build] C:\Users\pperv\code\unnamed_rpg\vendor\json\include\nlohmann/detail/input/lexer.hpp(1652,24): warning: enumeration type in nested name specifier is incompatible with C++98 [-Wc++98-compat]
[build]  1652 |                 return token_type::begin_array;
[build]       |                        ^
[build] C:\Users\pperv\code\unnamed_rpg\vendor\json\include\nlohmann/detail/input/lexer.hpp(1654,24): warning: enumeration type in nested name specifier is incompatible with C++98 [-Wc++98-compat]
[build]  1654 |                 return token_type::end_array;
[build]       |                        ^
[build] C:\Users\pperv\code\unnamed_rpg\vendor\json\include\nlohmann/detail/input/lexer.hpp(1656,24): warning: enumeration type in nested name specifier is incompatible with C++98 [-Wc++98-compat]
[build]  1656 |                 return token_type::begin_object;
[build]       |                        ^
[build] C:\Users\pperv\code\unnamed_rpg\vendor\json\include\nlohmann/detail/input/lexer.hpp(1658,24): warning: enumeration type in nested name specifier is incompatible with C++98 [-Wc++98-compat]
[build]  1658 |                 return token_type::end_object;
[build]       |                        ^
[build] C:\Users\pperv\code\unnamed_rpg\vendor\json\include\nlohmann/detail/input/lexer.hpp(1660,24): warning: enumeration type in nested name specifier is incompatible with C++98 [-Wc++98-compat]
[build]  1660 |                 return token_type::name_separator;
[build]       |                        ^
[build] C:\Users\pperv\code\unnamed_rpg\vendor\json\include\nlohmann/detail/input/lexer.hpp(1662,24): warning: enumeration type in nested name specifier is incompatible with C++98 [-Wc++98-compat]
[build]  1662 |                 return token_type::value_separator;
[build]       |                        ^
[build] C:\Users\pperv\code\unnamed_rpg\vendor\json\include\nlohmann/detail/input/lexer.hpp(1668,79): warning: enumeration type in nested name specifier is incompatible with C++98 [-Wc++98-compat]
[build]  1668 |                 return scan_literal(true_literal.data(), true_literal.size(), token_type::literal_true);
[build]       |                                                                               ^
[build] C:\Users\pperv\code\unnamed_rpg\vendor\json\include\nlohmann/detail/input/lexer.hpp(1673,81): warning: enumeration type in nested name specifier is incompatible with C++98 [-Wc++98-compat]
[build]  1673 |                 return scan_literal(false_literal.data(), false_literal.size(), token_type::literal_false);
[build]       |                                                                                 ^
[build] C:\Users\pperv\code\unnamed_rpg\vendor\json\include\nlohmann/detail/input/lexer.hpp(1678,79): warning: enumeration type in nested name specifier is incompatible with C++98 [-Wc++98-compat]
[build]  1678 |                 return scan_literal(null_literal.data(), null_literal.size(), token_type::literal_null);
[build]       |                                                                               ^
[build] C:\Users\pperv\code\unnamed_rpg\vendor\json\include\nlohmann/detail/input/lexer.hpp(1703,24): warning: enumeration type in nested name specifier is incompatible with C++98 [-Wc++98-compat]
[build]  1703 |                 return token_type::end_of_input;
[build]       |                        ^
[build] C:\Users\pperv\code\unnamed_rpg\vendor\json\include\nlohmann/detail/input/lexer.hpp(1708,24): warning: enumeration type in nested name specifier is incompatible with C++98 [-Wc++98-compat]
[build]  1708 |                 return token_type::parse_error;
[build]       |                        ^
[build] C:\Users\pperv\code\unnamed_rpg\vendor\json\include\nlohmann/detail/input/lexer.hpp(1411,70): warning: generalized initializer lists are incompatible with C++98 [-Wc++98-compat]
[build]  1411 |         capture_char(std::integral_constant<bool, lazy_token_string> {});
[build]       |                                                                      ^
[build] In file included from C:\Users\pperv\code\unnamed_rpg\vendor\json-schema-validator\src\json-validator.cpp:9:
[build] In file included from C:\Users\pperv\code\unnamed_rpg\vendor\json-schema-validator\src\nlohmann/json-schema.hpp:24:
[build] In file included from C:\Users\pperv\code\unnamed_rpg\vendor\json\include\nlohmann/json.hpp:50:
[build] In file included from C:\Users\pperv\code\unnamed_rpg\vendor\json\include\nlohmann/detail/input/binary_reader.hpp:28:
[build] C:\Users\pperv\code\unnamed_rpg\vendor\json\include\nlohmann/detail/input/input_adapters.hpp(185,13): warning: 'auto' type specifier is incompatible with C++98 [-Wc++98-compat]
[build]   185 |             auto result = char_traits<char_type>::to_int_type(*current);
[build]       |             ^~~~
[build] C:\Users\pperv\code\unnamed_rpg\vendor\json\include\nlohmann/detail/input/lexer.hpp(1603,13): note: in instantiation of member function 'nlohmann::detail::lexer<nlohmann::basic_json<>, nlohmann::detail::iterator_input_adapter<const char *>>::get' requested here
[build]  1603 |         if (get() == 0xEF)
[build]       |             ^
[build] C:\Users\pperv\code\unnamed_rpg\vendor\json\include\nlohmann/detail/input/lexer.hpp(1627,48): note: in instantiation of member function 'nlohmann::detail::lexer<nlohmann::basic_json<>, nlohmann::detail::iterator_input_adapter<const char *>>::skip_bom' requested here
[build]  1627 |         if (position.chars_read_total == 0 && !skip_bom())
[build]       |                                                ^
[build] C:\Users\pperv\code\unnamed_rpg\vendor\json\include\nlohmann/detail/input/parser.hpp(490,37): note: in instantiation of member function 'nlohmann::detail::lexer<nlohmann::basic_json<>, nlohmann::detail::iterator_input_adapter<const char *>>::scan' requested here
[build]   490 |         return last_token = m_lexer.scan();
[build]       |                                     ^
[build] C:\Users\pperv\code\unnamed_rpg\vendor\json\include\nlohmann/detail/input/parser.hpp(82,9): note: in instantiation of member function 'nlohmann::detail::parser<nlohmann::basic_json<>, nlohmann::detail::iterator_input_adapter<const char *>>::get_token' requested here
[build]    82 |         get_token();
[build]       |         ^
[build] C:\Users\pperv\code\unnamed_rpg\vendor\json\include\nlohmann/json.hpp(170,16): note: in instantiation of member function 'nlohmann::detail::parser<nlohmann::basic_json<>, nlohmann::detail::iterator_input_adapter<const char *>>::parser' requested here
[build]   170 |         return ::nlohmann::detail::parser<basic_json, InputAdapterType>(std::move(adapter),
[build]       |                ^
[build] C:\Users\pperv\code\unnamed_rpg\vendor\json\include\nlohmann/json.hpp(4112,9): note: in instantiation of function template specialization 'nlohmann::basic_json<>::parser<nlohmann::detail::iterator_input_adapter<const char *>>' requested here
[build]  4112 |         parser(detail::input_adapter(std::move(first), std::move(last)), std::move(cb), allow_exceptions, ignore_comments, ignore_trailing_commas).parse(true, result); // cppcheck-suppress[accessMoved]
[build]       |         ^
[build] C:\Users\pperv\code\unnamed_rpg\vendor\json\include\nlohmann/json.hpp(5294,28): note: in instantiation of function template specialization 'nlohmann::basic_json<>::parse<const char *, const char *, 0>' requested here
[build]  5294 |     return nlohmann::json::parse(s, s + n);
[build]       |                            ^
[build] In file included from C:\Users\pperv\code\unnamed_rpg\vendor\json-schema-validator\src\json-validator.cpp:9:
[build] In file included from C:\Users\pperv\code\unnamed_rpg\vendor\json-schema-validator\src\nlohmann/json-schema.hpp:24:
[build] In file included from C:\Users\pperv\code\unnamed_rpg\vendor\json\include\nlohmann/json.hpp:50:
[build] In file included from C:\Users\pperv\code\unnamed_rpg\vendor\json\include\nlohmann/detail/input/binary_reader.hpp:29:
[build] In file included from C:\Users\pperv\code\unnamed_rpg\vendor\json\include\nlohmann/detail/input/json_sax.hpp:18:
[build] C:\Users\pperv\code\unnamed_rpg\vendor\json\include\nlohmann/detail/input/lexer.hpp(1461,72): warning: generalized initializer lists are incompatible with C++98 [-Wc++98-compat]
[build]  1461 |         uncapture_char(std::integral_constant<bool, lazy_token_string> {});
[build]       |                                                                        ^
[build] C:\Users\pperv\code\unnamed_rpg\vendor\json\include\nlohmann/detail/input/lexer.hpp(1344,24): warning: enumeration type in nested name specifier is incompatible with C++98 [-Wc++98-compat]
[build]  1344 |                 return token_type::parse_error;
[build]       |                        ^
[build] C:\Users\pperv\code\unnamed_rpg\vendor\json\include\nlohmann/detail/input/lexer.hpp(1668,24): note: in instantiation of member function 'nlohmann::detail::lexer<nlohmann::basic_json<>, nlohmann::detail::iterator_input_adapter<const char *>>::scan_literal' requested here
[build]  1668 |                 return scan_literal(true_literal.data(), true_literal.size(), token_type::literal_true);
[build]       |                        ^
[build] C:\Users\pperv\code\unnamed_rpg\vendor\json\include\nlohmann/detail/input/parser.hpp(490,37): note: in instantiation of member function 'nlohmann::detail::lexer<nlohmann::basic_json<>, nlohmann::detail::iterator_input_adapter<const char *>>::scan' requested here
[build]   490 |         return last_token = m_lexer.scan();
[build]       |                                     ^
[build] C:\Users\pperv\code\unnamed_rpg\vendor\json\include\nlohmann/detail/input/parser.hpp(82,9): note: in instantiation of member function 'nlohmann::detail::parser<nlohmann::basic_json<>, nlohmann::detail::iterator_input_adapter<const char *>>::get_token' requested here
[build]    82 |         get_token();
[build]       |         ^
[build] C:\Users\pperv\code\unnamed_rpg\vendor\json\include\nlohmann/json.hpp(170,16): note: in instantiation of member function 'nlohmann::detail::parser<nlohmann::basic_json<>, nlohmann::detail::iterator_input_adapter<const char *>>::parser' requested here
[build]   170 |         return ::nlohmann::detail::parser<basic_json, InputAdapterType>(std::move(adapter),
[build]       |                ^
[build] C:\Users\pperv\code\unnamed_rpg\vendor\json\include\nlohmann/json.hpp(4112,9): note: in instantiation of function template specialization 'nlohmann::basic_json<>::parser<nlohmann::detail::iterator_input_adapter<const char *>>' requested here
[build]  4112 |         parser(detail::input_adapter(std::move(first), std::move(last)), std::move(cb), allow_exceptions, ignore_comments, ignore_trailing_commas).parse(true, result); // cppcheck-suppress[accessMoved]
[build]       |         ^
[build] C:\Users\pperv\code\unnamed_rpg\vendor\json\include\nlohmann/json.hpp(5294,28): note: in instantiation of function template specialization 'nlohmann::basic_json<>::parse<const char *, const char *, 0>' requested here
[build]  5294 |     return nlohmann::json::parse(s, s + n);
[build]       |                            ^
[build] In file included from C:\Users\pperv\code\unnamed_rpg\vendor\json-schema-validator\src\json-validator.cpp:9:
[build] In file included from C:\Users\pperv\code\unnamed_rpg\vendor\json-schema-validator\src\nlohmann/json-schema.hpp:24:
[build] In file included from C:\Users\pperv\code\unnamed_rpg\vendor\json\include\nlohmann/json.hpp:50:
[build] In file included from C:\Users\pperv\code\unnamed_rpg\vendor\json\include\nlohmann/detail/input/binary_reader.hpp:29:
[build] In file included from C:\Users\pperv\code\unnamed_rpg\vendor\json\include\nlohmann/detail/input/json_sax.hpp:18:
[build] C:\Users\pperv\code\unnamed_rpg\vendor\json\include\nlohmann/detail/input/lexer.hpp(776,66): warning: generalized initializer lists are incompatible with C++98 [-Wc++98-compat]
[build]   776 |                     if (JSON_HEDLEY_UNLIKELY(!next_byte_in_range({0x80, 0xBF})))
[build]       |                                                                  ^
[build] C:\Users\pperv\code\unnamed_rpg\vendor\json\include\nlohmann/detail/input/lexer.hpp(786,67): warning: generalized initializer lists are incompatible with C++98 [-Wc++98-compat]
[build]   786 |                     if (JSON_HEDLEY_UNLIKELY(!(next_byte_in_range({0xA0, 0xBF, 0x80, 0xBF}))))
[build]       |                                                                   ^
[build] C:\Users\pperv\code\unnamed_rpg\vendor\json\include\nlohmann/detail/input/lexer.hpp(810,67): warning: generalized initializer lists are incompatible with C++98 [-Wc++98-compat]
[build]   810 |                     if (JSON_HEDLEY_UNLIKELY(!(next_byte_in_range({0x80, 0xBF, 0x80, 0xBF}))))
[build]       |                                                                   ^
[build] C:\Users\pperv\code\unnamed_rpg\vendor\json\include\nlohmann/detail/input/lexer.hpp(820,67): warning: generalized initializer lists are incompatible with C++98 [-Wc++98-compat]
[build]   820 |                     if (JSON_HEDLEY_UNLIKELY(!(next_byte_in_range({0x80, 0x9F, 0x80, 0xBF}))))
[build]       |                                                                   ^
[build] C:\Users\pperv\code\unnamed_rpg\vendor\json\include\nlohmann/detail/input/lexer.hpp(830,67): warning: generalized initializer lists are incompatible with C++98 [-Wc++98-compat]
[build]   830 |                     if (JSON_HEDLEY_UNLIKELY(!(next_byte_in_range({0x90, 0xBF, 0x80, 0xBF, 0x80, 0xBF}))))
[build]       |                                                                   ^
[build] C:\Users\pperv\code\unnamed_rpg\vendor\json\include\nlohmann/detail/input/lexer.hpp(842,67): warning: generalized initializer lists are incompatible with C++98 [-Wc++98-compat]
[build]   842 |                     if (JSON_HEDLEY_UNLIKELY(!(next_byte_in_range({0x80, 0xBF, 0x80, 0xBF, 0x80, 0xBF}))))
[build]       |                                                                   ^
[build] C:\Users\pperv\code\unnamed_rpg\vendor\json\include\nlohmann/detail/input/lexer.hpp(852,67): warning: generalized initializer lists are incompatible with C++98 [-Wc++98-compat]
[build]   852 |                     if (JSON_HEDLEY_UNLIKELY(!(next_byte_in_range({0x80, 0x8F, 0x80, 0xBF, 0x80, 0xBF}))))
[build]       |                                                                   ^
[build] C:\Users\pperv\code\unnamed_rpg\vendor\json\include\nlohmann/detail/input/lexer.hpp(300,28): warning: enumeration type in nested name specifier is incompatible with C++98 [-Wc++98-compat]
[build]   300 |                     return token_type::parse_error;
[build]       |                            ^
[build] C:\Users\pperv\code\unnamed_rpg\vendor\json\include\nlohmann/detail/input/lexer.hpp(1683,24): note: in instantiation of member function 'nlohmann::detail::lexer<nlohmann::basic_json<>, nlohmann::detail::iterator_input_adapter<const char *>>::scan_string' requested here
[build]  1683 |                 return scan_string();
[build]       |                        ^
[build] C:\Users\pperv\code\unnamed_rpg\vendor\json\include\nlohmann/detail/input/parser.hpp(490,37): note: in instantiation of member function 'nlohmann::detail::lexer<nlohmann::basic_json<>, nlohmann::detail::iterator_input_adapter<const char *>>::scan' requested here
[build]   490 |         return last_token = m_lexer.scan();
[build]       |                                     ^
[build] C:\Users\pperv\code\unnamed_rpg\vendor\json\include\nlohmann/detail/input/parser.hpp(82,9): note: in instantiation of member function 'nlohmann::detail::parser<nlohmann::basic_json<>, nlohmann::detail::iterator_input_adapter<const char *>>::get_token' requested here
[build]    82 |         get_token();
[build]       |         ^
[build] C:\Users\pperv\code\unnamed_rpg\vendor\json\include\nlohmann/json.hpp(170,16): note: in instantiation of member function 'nlohmann::detail::parser<nlohmann::basic_json<>, nlohmann::detail::iterator_input_adapter<const char *>>::parser' requested here
[build]   170 |         return ::nlohmann::detail::parser<basic_json, InputAdapterType>(std::move(adapter),
[build]       |                ^
[build] C:\Users\pperv\code\unnamed_rpg\vendor\json\include\nlohmann/json.hpp(4112,9): note: in instantiation of function template specialization 'nlohmann::basic_json<>::parser<nlohmann::detail::iterator_input_adapter<const char *>>' requested here
[build]  4112 |         parser(detail::input_adapter(std::move(first), std::move(last)), std::move(cb), allow_exceptions, ignore_comments, ignore_trailing_commas).parse(true, result); // cppcheck-suppress[accessMoved]
[build]       |         ^
[build] C:\Users\pperv\code\unnamed_rpg\vendor\json\include\nlohmann/json.hpp(5294,28): note: in instantiation of function template specialization 'nlohmann::basic_json<>::parse<const char *, const char *, 0>' requested here
[build]  5294 |     return nlohmann::json::parse(s, s + n);
[build]       |                            ^
[build] In file included from C:\Users\pperv\code\unnamed_rpg\vendor\json-schema-validator\src\json-validator.cpp:9:
[build] In file included from C:\Users\pperv\code\unnamed_rpg\vendor\json-schema-validator\src\nlohmann/json-schema.hpp:24:
[build] In file included from C:\Users\pperv\code\unnamed_rpg\vendor\json\include\nlohmann/json.hpp:50:
[build] In file included from C:\Users\pperv\code\unnamed_rpg\vendor\json\include\nlohmann/detail/input/binary_reader.hpp:29:
[build] In file included from C:\Users\pperv\code\unnamed_rpg\vendor\json\include\nlohmann/detail/input/json_sax.hpp:18:
[build] C:\Users\pperv\code\unnamed_rpg\vendor\json\include\nlohmann/detail/input/lexer.hpp(306,28): warning: enumeration type in nested name specifier is incompatible with C++98 [-Wc++98-compat]
[build]   306 |                     return token_type::value_string;
[build]       |                            ^
[build] C:\Users\pperv\code\unnamed_rpg\vendor\json\include\nlohmann/detail/input/lexer.hpp(356,40): warning: enumeration type in nested name specifier is incompatible with C++98 [-Wc++98-compat]
[build]   356 |                                 return token_type::parse_error;
[build]       |                                        ^
[build] C:\Users\pperv\code\unnamed_rpg\vendor\json\include\nlohmann/detail/input/lexer.hpp(370,48): warning: enumeration type in nested name specifier is incompatible with C++98 [-Wc++98-compat]
[build]   370 |                                         return token_type::parse_error;
[build]       |                                                ^
[build] C:\Users\pperv\code\unnamed_rpg\vendor\json\include\nlohmann/detail/input/lexer.hpp(390,48): warning: enumeration type in nested name specifier is incompatible with C++98 [-Wc++98-compat]
[build]   390 |                                         return token_type::parse_error;
[build]       |                                                ^
[build] C:\Users\pperv\code\unnamed_rpg\vendor\json\include\nlohmann/detail/input/lexer.hpp(396,44): warning: enumeration type in nested name specifier is incompatible with C++98 [-Wc++98-compat]
[build]   396 |                                     return token_type::parse_error;
[build]       |                                            ^
[build] C:\Users\pperv\code\unnamed_rpg\vendor\json\include\nlohmann/detail/input/lexer.hpp(404,44): warning: enumeration type in nested name specifier is incompatible with C++98 [-Wc++98-compat]
[build]   404 |                                     return token_type::parse_error;
[build]       |                                            ^
[build] C:\Users\pperv\code\unnamed_rpg\vendor\json\include\nlohmann/detail/input/lexer.hpp(445,36): warning: enumeration type in nested name specifier is incompatible with C++98 [-Wc++98-compat]
[build]   445 |                             return token_type::parse_error;
[build]       |                                    ^
[build] C:\Users\pperv\code\unnamed_rpg\vendor\json\include\nlohmann/detail/input/lexer.hpp(455,28): warning: enumeration type in nested name specifier is incompatible with C++98 [-Wc++98-compat]
[build]   455 |                     return token_type::parse_error;
[build]       |                            ^
[build] C:\Users\pperv\code\unnamed_rpg\vendor\json\include\nlohmann/detail/input/lexer.hpp(461,28): warning: enumeration type in nested name specifier is incompatible with C++98 [-Wc++98-compat]
[build]   461 |                     return token_type::parse_error;
[build]       |                            ^
[build] C:\Users\pperv\code\unnamed_rpg\vendor\json\include\nlohmann/detail/input/lexer.hpp(467,28): warning: enumeration type in nested name specifier is incompatible with C++98 [-Wc++98-compat]
[build]   467 |                     return token_type::parse_error;
[build]       |                            ^
[build] C:\Users\pperv\code\unnamed_rpg\vendor\json\include\nlohmann/detail/input/lexer.hpp(473,28): warning: enumeration type in nested name specifier is incompatible with C++98 [-Wc++98-compat]
[build]   473 |                     return token_type::parse_error;
[build]       |                            ^
[build] C:\Users\pperv\code\unnamed_rpg\vendor\json\include\nlohmann/detail/input/lexer.hpp(479,28): warning: enumeration type in nested name specifier is incompatible with C++98 [-Wc++98-compat]
[build]   479 |                     return token_type::parse_error;
[build]       |                            ^
[build] C:\Users\pperv\code\unnamed_rpg\vendor\json\include\nlohmann/detail/input/lexer.hpp(485,28): warning: enumeration type in nested name specifier is incompatible with C++98 [-Wc++98-compat]
[build]   485 |                     return token_type::parse_error;
[build]       |                            ^
[build] C:\Users\pperv\code\unnamed_rpg\vendor\json\include\nlohmann/detail/input/lexer.hpp(491,28): warning: enumeration type in nested name specifier is incompatible with C++98 [-Wc++98-compat]
[build]   491 |                     return token_type::parse_error;
[build]       |                            ^
[build] C:\Users\pperv\code\unnamed_rpg\vendor\json\include\nlohmann/detail/input/lexer.hpp(497,28): warning: enumeration type in nested name specifier is incompatible with C++98 [-Wc++98-compat]
[build]   497 |                     return token_type::parse_error;
[build]       |                            ^
[build] C:\Users\pperv\code\unnamed_rpg\vendor\json\include\nlohmann/detail/input/lexer.hpp(503,28): warning: enumeration type in nested name specifier is incompatible with C++98 [-Wc++98-compat]
[build]   503 |                     return token_type::parse_error;
[build]       |                            ^
[build] C:\Users\pperv\code\unnamed_rpg\vendor\json\include\nlohmann/detail/input/lexer.hpp(509,28): warning: enumeration type in nested name specifier is incompatible with C++98 [-Wc++98-compat]
[build]   509 |                     return token_type::parse_error;
[build]       |                            ^
[build] C:\Users\pperv\code\unnamed_rpg\vendor\json\include\nlohmann/detail/input/lexer.hpp(515,28): warning: enumeration type in nested name specifier is incompatible with C++98 [-Wc++98-compat]
[build]   515 |                     return token_type::parse_error;
[build]       |                            ^
[build] C:\Users\pperv\code\unnamed_rpg\vendor\json\include\nlohmann/detail/input/lexer.hpp(521,28): warning: enumeration type in nested name specifier is incompatible with C++98 [-Wc++98-compat]
[build]   521 |                     return token_type::parse_error;
[build]       |                            ^
[build] C:\Users\pperv\code\unnamed_rpg\vendor\json\include\nlohmann/detail/input/lexer.hpp(527,28): warning: enumeration type in nested name specifier is incompatible with C++98 [-Wc++98-compat]
[build]   527 |                     return token_type::parse_error;
[build]       |                            ^
[build] C:\Users\pperv\code\unnamed_rpg\vendor\json\include\nlohmann/detail/input/lexer.hpp(533,28): warning: enumeration type in nested name specifier is incompatible with C++98 [-Wc++98-compat]
[build]   533 |                     return token_type::parse_error;
[build]       |                            ^
[build] C:\Users\pperv\code\unnamed_rpg\vendor\json\include\nlohmann/detail/input/lexer.hpp(539,28): warning: enumeration type in nested name specifier is incompatible with C++98 [-Wc++98-compat]
[build]   539 |                     return token_type::parse_error;
[build]       |                            ^
[build] C:\Users\pperv\code\unnamed_rpg\vendor\json\include\nlohmann/detail/input/lexer.hpp(545,28): warning: enumeration type in nested name specifier is incompatible with C++98 [-Wc++98-compat]
[build]   545 |                     return token_type::parse_error;
[build]       |                            ^
[build] C:\Users\pperv\code\unnamed_rpg\vendor\json\include\nlohmann/detail/input/lexer.hpp(551,28): warning: enumeration type in nested name specifier is incompatible with C++98 [-Wc++98-compat]
[build]   551 |                     return token_type::parse_error;
[build]       |                            ^
[build] C:\Users\pperv\code\unnamed_rpg\vendor\json\include\nlohmann/detail/input/lexer.hpp(557,28): warning: enumeration type in nested name specifier is incompatible with C++98 [-Wc++98-compat]
[build]   557 |                     return token_type::parse_error;
[build]       |                            ^
[build] C:\Users\pperv\code\unnamed_rpg\vendor\json\include\nlohmann/detail/input/lexer.hpp(563,28): warning: enumeration type in nested name specifier is incompatible with C++98 [-Wc++98-compat]
[build]   563 |                     return token_type::parse_error;
[build]       |                            ^
[build] C:\Users\pperv\code\unnamed_rpg\vendor\json\include\nlohmann/detail/input/lexer.hpp(569,28): warning: enumeration type in nested name specifier is incompatible with C++98 [-Wc++98-compat]
[build]   569 |                     return token_type::parse_error;
[build]       |                            ^
[build] C:\Users\pperv\code\unnamed_rpg\vendor\json\include\nlohmann/detail/input/lexer.hpp(575,28): warning: enumeration type in nested name specifier is incompatible with C++98 [-Wc++98-compat]
[build]   575 |                     return token_type::parse_error;
[build]       |                            ^
[build] C:\Users\pperv\code\unnamed_rpg\vendor\json\include\nlohmann/detail/input/lexer.hpp(581,28): warning: enumeration type in nested name specifier is incompatible with C++98 [-Wc++98-compat]
[build]   581 |                     return token_type::parse_error;
[build]       |                            ^
[build] C:\Users\pperv\code\unnamed_rpg\vendor\json\include\nlohmann/detail/input/lexer.hpp(587,28): warning: enumeration type in nested name specifier is incompatible with C++98 [-Wc++98-compat]
[build]   587 |                     return token_type::parse_error;
[build]       |                            ^
[build] C:\Users\pperv\code\unnamed_rpg\vendor\json\include\nlohmann/detail/input/lexer.hpp(593,28): warning: enumeration type in nested name specifier is incompatible with C++98 [-Wc++98-compat]
[build]   593 |                     return token_type::parse_error;
[build]       |                            ^
[build] C:\Users\pperv\code\unnamed_rpg\vendor\json\include\nlohmann/detail/input/lexer.hpp(599,28): warning: enumeration type in nested name specifier is incompatible with C++98 [-Wc++98-compat]
[build]   599 |                     return token_type::parse_error;
[build]       |                            ^
[build] C:\Users\pperv\code\unnamed_rpg\vendor\json\include\nlohmann/detail/input/lexer.hpp(605,28): warning: enumeration type in nested name specifier is incompatible with C++98 [-Wc++98-compat]
[build]   605 |                     return token_type::parse_error;
[build]       |                            ^
[build] C:\Users\pperv\code\unnamed_rpg\vendor\json\include\nlohmann/detail/input/lexer.hpp(611,28): warning: enumeration type in nested name specifier is incompatible with C++98 [-Wc++98-compat]
[build]   611 |                     return token_type::parse_error;
[build]       |                            ^
[build] C:\Users\pperv\code\unnamed_rpg\vendor\json\include\nlohmann/detail/input/lexer.hpp(617,28): warning: enumeration type in nested name specifier is incompatible with C++98 [-Wc++98-compat]
[build]   617 |                     return token_type::parse_error;
[build]       |                            ^
[build] C:\Users\pperv\code\unnamed_rpg\vendor\json\include\nlohmann/detail/input/lexer.hpp(623,28): warning: enumeration type in nested name specifier is incompatible with C++98 [-Wc++98-compat]
[build]   623 |                     return token_type::parse_error;
[build]       |                            ^
[build] C:\Users\pperv\code\unnamed_rpg\vendor\json\include\nlohmann/detail/input/lexer.hpp(629,28): warning: enumeration type in nested name specifier is incompatible with C++98 [-Wc++98-compat]
[build]   629 |                     return token_type::parse_error;
[build]       |                            ^
[build] C:\Users\pperv\code\unnamed_rpg\vendor\json\include\nlohmann/detail/input/lexer.hpp(635,28): warning: enumeration type in nested name specifier is incompatible with C++98 [-Wc++98-compat]
[build]   635 |                     return token_type::parse_error;
[build]       |                            ^
[build] C:\Users\pperv\code\unnamed_rpg\vendor\json\include\nlohmann/detail/input/lexer.hpp(641,28): warning: enumeration type in nested name specifier is incompatible with C++98 [-Wc++98-compat]
[build]   641 |                     return token_type::parse_error;
[build]       |                            ^
[build] C:\Users\pperv\code\unnamed_rpg\vendor\json\include\nlohmann/detail/input/lexer.hpp(776,66): warning: initialization of initializer_list object is incompatible with C++98 [-Wc++98-compat]
[build]   776 |                     if (JSON_HEDLEY_UNLIKELY(!next_byte_in_range({0x80, 0xBF})))
[build]       |                                                                  ^~~~~~~~~~~~
[build] C:\Users\pperv\code\unnamed_rpg\vendor\json\include\nlohmann/thirdparty/hedley/hedley.hpp(1360,94): note: expanded from macro 'JSON_HEDLEY_UNLIKELY'
[build]  1360 | #  define JSON_HEDLEY_UNLIKELY(expr)                    __builtin_expect                 (!!(expr),    0                  )
[build]       |                                                                                              ^~~~
[build] In file included from C:\Users\pperv\code\unnamed_rpg\vendor\json-schema-validator\src\json-validator.cpp:9:
[build] In file included from C:\Users\pperv\code\unnamed_rpg\vendor\json-schema-validator\src\nlohmann/json-schema.hpp:24:
[build] In file included from C:\Users\pperv\code\unnamed_rpg\vendor\json\include\nlohmann/json.hpp:50:
[build] In file included from C:\Users\pperv\code\unnamed_rpg\vendor\json\include\nlohmann/detail/input/binary_reader.hpp:29:
[build] In file included from C:\Users\pperv\code\unnamed_rpg\vendor\json\include\nlohmann/detail/input/json_sax.hpp:18:
[build] C:\Users\pperv\code\unnamed_rpg\vendor\json\include\nlohmann/detail/input/lexer.hpp(778,32): warning: enumeration type in nested name specifier is incompatible with C++98 [-Wc++98-compat]
[build]   778 |                         return token_type::parse_error;
[build]       |                                ^
[build] C:\Users\pperv\code\unnamed_rpg\vendor\json\include\nlohmann/detail/input/lexer.hpp(786,67): warning: initialization of initializer_list object is incompatible with C++98 [-Wc++98-compat]
[build]   786 |                     if (JSON_HEDLEY_UNLIKELY(!(next_byte_in_range({0xA0, 0xBF, 0x80, 0xBF}))))
[build]       |                                                                   ^~~~~~~~~~~~~~~~~~~~~~~~
[build] C:\Users\pperv\code\unnamed_rpg\vendor\json\include\nlohmann/thirdparty/hedley/hedley.hpp(1360,94): note: expanded from macro 'JSON_HEDLEY_UNLIKELY'
[build]  1360 | #  define JSON_HEDLEY_UNLIKELY(expr)                    __builtin_expect                 (!!(expr),    0                  )
[build]       |                                                                                              ^~~~
[build] In file included from C:\Users\pperv\code\unnamed_rpg\vendor\json-schema-validator\src\json-validator.cpp:9:
[build] In file included from C:\Users\pperv\code\unnamed_rpg\vendor\json-schema-validator\src\nlohmann/json-schema.hpp:24:
[build] In file included from C:\Users\pperv\code\unnamed_rpg\vendor\json\include\nlohmann/json.hpp:50:
[build] In file included from C:\Users\pperv\code\unnamed_rpg\vendor\json\include\nlohmann/detail/input/binary_reader.hpp:29:
[build] In file included from C:\Users\pperv\code\unnamed_rpg\vendor\json\include\nlohmann/detail/input/json_sax.hpp:18:
[build] C:\Users\pperv\code\unnamed_rpg\vendor\json\include\nlohmann/detail/input/lexer.hpp(788,32): warning: enumeration type in nested name specifier is incompatible with C++98 [-Wc++98-compat]
[build]   788 |                         return token_type::parse_error;
[build]       |                                ^
[build] C:\Users\pperv\code\unnamed_rpg\vendor\json\include\nlohmann/detail/input/lexer.hpp(810,67): warning: initialization of initializer_list object is incompatible with C++98 [-Wc++98-compat]
[build]   810 |                     if (JSON_HEDLEY_UNLIKELY(!(next_byte_in_range({0x80, 0xBF, 0x80, 0xBF}))))
[build]       |                                                                   ^~~~~~~~~~~~~~~~~~~~~~~~
[build] C:\Users\pperv\code\unnamed_rpg\vendor\json\include\nlohmann/thirdparty/hedley/hedley.hpp(1360,94): note: expanded from macro 'JSON_HEDLEY_UNLIKELY'
[build]  1360 | #  define JSON_HEDLEY_UNLIKELY(expr)                    __builtin_expect                 (!!(expr),    0                  )
[build]       |                                                                                              ^~~~
[build] In file included from C:\Users\pperv\code\unnamed_rpg\vendor\json-schema-validator\src\json-validator.cpp:9:
[build] In file included from C:\Users\pperv\code\unnamed_rpg\vendor\json-schema-validator\src\nlohmann/json-schema.hpp:24:
[build] In file included from C:\Users\pperv\code\unnamed_rpg\vendor\json\include\nlohmann/json.hpp:50:
[build] In file included from C:\Users\pperv\code\unnamed_rpg\vendor\json\include\nlohmann/detail/input/binary_reader.hpp:29:
[build] In file included from C:\Users\pperv\code\unnamed_rpg\vendor\json\include\nlohmann/detail/input/json_sax.hpp:18:
[build] C:\Users\pperv\code\unnamed_rpg\vendor\json\include\nlohmann/detail/input/lexer.hpp(812,32): warning: enumeration type in nested name specifier is incompatible with C++98 [-Wc++98-compat]
[build]   812 |                         return token_type::parse_error;
[build]       |                                ^
[build] C:\Users\pperv\code\unnamed_rpg\vendor\json\include\nlohmann/detail/input/lexer.hpp(820,67): warning: initialization of initializer_list object is incompatible with C++98 [-Wc++98-compat]
[build]   820 |                     if (JSON_HEDLEY_UNLIKELY(!(next_byte_in_range({0x80, 0x9F, 0x80, 0xBF}))))
[build]       |                                                                   ^~~~~~~~~~~~~~~~~~~~~~~~
[build] C:\Users\pperv\code\unnamed_rpg\vendor\json\include\nlohmann/thirdparty/hedley/hedley.hpp(1360,94): note: expanded from macro 'JSON_HEDLEY_UNLIKELY'
[build]  1360 | #  define JSON_HEDLEY_UNLIKELY(expr)                    __builtin_expect                 (!!(expr),    0                  )
[build]       |                                                                                              ^~~~
[build] In file included from C:\Users\pperv\code\unnamed_rpg\vendor\json-schema-validator\src\json-validator.cpp:9:
[build] In file included from C:\Users\pperv\code\unnamed_rpg\vendor\json-schema-validator\src\nlohmann/json-schema.hpp:24:
[build] In file included from C:\Users\pperv\code\unnamed_rpg\vendor\json\include\nlohmann/json.hpp:50:
[build] In file included from C:\Users\pperv\code\unnamed_rpg\vendor\json\include\nlohmann/detail/input/binary_reader.hpp:29:
[build] In file included from C:\Users\pperv\code\unnamed_rpg\vendor\json\include\nlohmann/detail/input/json_sax.hpp:18:
[build] C:\Users\pperv\code\unnamed_rpg\vendor\json\include\nlohmann/detail/input/lexer.hpp(822,32): warning: enumeration type in nested name specifier is incompatible with C++98 [-Wc++98-compat]
[build]   822 |                         return token_type::parse_error;
[build]       |                                ^
[build] C:\Users\pperv\code\unnamed_rpg\vendor\json\include\nlohmann/detail/input/lexer.hpp(830,67): warning: initialization of initializer_list object is incompatible with C++98 [-Wc++98-compat]
[build]   830 |                     if (JSON_HEDLEY_UNLIKELY(!(next_byte_in_range({0x90, 0xBF, 0x80, 0xBF, 0x80, 0xBF}))))
[build]       |                                                                   ^~~~~~~~~~~~~~~~~~~~~~~~~~~~~~~~~~~~
[build] C:\Users\pperv\code\unnamed_rpg\vendor\json\include\nlohmann/thirdparty/hedley/hedley.hpp(1360,94): note: expanded from macro 'JSON_HEDLEY_UNLIKELY'
[build]  1360 | #  define JSON_HEDLEY_UNLIKELY(expr)                    __builtin_expect                 (!!(expr),    0                  )
[build]       |                                                                                              ^~~~
[build] In file included from C:\Users\pperv\code\unnamed_rpg\vendor\json-schema-validator\src\json-validator.cpp:9:
[build] In file included from C:\Users\pperv\code\unnamed_rpg\vendor\json-schema-validator\src\nlohmann/json-schema.hpp:24:
[build] In file included from C:\Users\pperv\code\unnamed_rpg\vendor\json\include\nlohmann/json.hpp:50:
[build] In file included from C:\Users\pperv\code\unnamed_rpg\vendor\json\include\nlohmann/detail/input/binary_reader.hpp:29:
[build] In file included from C:\Users\pperv\code\unnamed_rpg\vendor\json\include\nlohmann/detail/input/json_sax.hpp:18:
[build] C:\Users\pperv\code\unnamed_rpg\vendor\json\include\nlohmann/detail/input/lexer.hpp(832,32): warning: enumeration type in nested name specifier is incompatible with C++98 [-Wc++98-compat]
[build]   832 |                         return token_type::parse_error;
[build]       |                                ^
[build] C:\Users\pperv\code\unnamed_rpg\vendor\json\include\nlohmann/detail/input/lexer.hpp(842,67): warning: initialization of initializer_list object is incompatible with C++98 [-Wc++98-compat]
[build]   842 |                     if (JSON_HEDLEY_UNLIKELY(!(next_byte_in_range({0x80, 0xBF, 0x80, 0xBF, 0x80, 0xBF}))))
[build]       |                                                                   ^~~~~~~~~~~~~~~~~~~~~~~~~~~~~~~~~~~~
[build] C:\Users\pperv\code\unnamed_rpg\vendor\json\include\nlohmann/thirdparty/hedley/hedley.hpp(1360,94): note: expanded from macro 'JSON_HEDLEY_UNLIKELY'
[build]  1360 | #  define JSON_HEDLEY_UNLIKELY(expr)                    __builtin_expect                 (!!(expr),    0                  )
[build]       |                                                                                              ^~~~
[build] In file included from C:\Users\pperv\code\unnamed_rpg\vendor\json-schema-validator\src\json-validator.cpp:9:
[build] In file included from C:\Users\pperv\code\unnamed_rpg\vendor\json-schema-validator\src\nlohmann/json-schema.hpp:24:
[build] In file included from C:\Users\pperv\code\unnamed_rpg\vendor\json\include\nlohmann/json.hpp:50:
[build] In file included from C:\Users\pperv\code\unnamed_rpg\vendor\json\include\nlohmann/detail/input/binary_reader.hpp:29:
[build] In file included from C:\Users\pperv\code\unnamed_rpg\vendor\json\include\nlohmann/detail/input/json_sax.hpp:18:
[build] C:\Users\pperv\code\unnamed_rpg\vendor\json\include\nlohmann/detail/input/lexer.hpp(844,32): warning: enumeration type in nested name specifier is incompatible with C++98 [-Wc++98-compat]
[build]   844 |                         return token_type::parse_error;
[build]       |                                ^
[build] C:\Users\pperv\code\unnamed_rpg\vendor\json\include\nlohmann/detail/input/lexer.hpp(852,67): warning: initialization of initializer_list object is incompatible with C++98 [-Wc++98-compat]
[build]   852 |                     if (JSON_HEDLEY_UNLIKELY(!(next_byte_in_range({0x80, 0x8F, 0x80, 0xBF, 0x80, 0xBF}))))
[build]       |                                                                   ^~~~~~~~~~~~~~~~~~~~~~~~~~~~~~~~~~~~
[build] C:\Users\pperv\code\unnamed_rpg\vendor\json\include\nlohmann/thirdparty/hedley/hedley.hpp(1360,94): note: expanded from macro 'JSON_HEDLEY_UNLIKELY'
[build]  1360 | #  define JSON_HEDLEY_UNLIKELY(expr)                    __builtin_expect                 (!!(expr),    0                  )
[build]       |                                                                                              ^~~~
[build] In file included from C:\Users\pperv\code\unnamed_rpg\vendor\json-schema-validator\src\json-validator.cpp:9:
[build] In file included from C:\Users\pperv\code\unnamed_rpg\vendor\json-schema-validator\src\nlohmann/json-schema.hpp:24:
[build] In file included from C:\Users\pperv\code\unnamed_rpg\vendor\json\include\nlohmann/json.hpp:50:
[build] In file included from C:\Users\pperv\code\unnamed_rpg\vendor\json\include\nlohmann/detail/input/binary_reader.hpp:29:
[build] In file included from C:\Users\pperv\code\unnamed_rpg\vendor\json\include\nlohmann/detail/input/json_sax.hpp:18:
[build] C:\Users\pperv\code\unnamed_rpg\vendor\json\include\nlohmann/detail/input/lexer.hpp(854,32): warning: enumeration type in nested name specifier is incompatible with C++98 [-Wc++98-compat]
[build]   854 |                         return token_type::parse_error;
[build]       |                                ^
[build] C:\Users\pperv\code\unnamed_rpg\vendor\json\include\nlohmann/detail/input/lexer.hpp(863,28): warning: enumeration type in nested name specifier is incompatible with C++98 [-Wc++98-compat]
[build]   863 |                     return token_type::parse_error;
[build]       |                            ^
[build] C:\Users\pperv\code\unnamed_rpg\vendor\json\include\nlohmann/detail/input/lexer.hpp(1365,74): warning: generalized initializer lists are incompatible with C++98 [-Wc++98-compat]
[build]  1365 |         note_token_start(std::integral_constant<bool, lazy_token_string> {});
[build]       |                                                                          ^
[build] C:\Users\pperv\code\unnamed_rpg\vendor\json\include\nlohmann/detail/input/lexer.hpp(204,15): warning: 'auto' type specifier is incompatible with C++98 [-Wc++98-compat]
[build]   204 |         const auto factors = { 12u, 8u, 4u, 0u };
[build]       |               ^~~~
[build] C:\Users\pperv\code\unnamed_rpg\vendor\json\include\nlohmann/detail/input/lexer.hpp(204,30): warning: initialization of initializer_list object is incompatible with C++98 [-Wc++98-compat]
[build]   204 |         const auto factors = { 12u, 8u, 4u, 0u };
[build]       |                              ^~~~~~~~~~~~~~~~~~~
[build] C:\Users\pperv\code\unnamed_rpg\vendor\json\include\nlohmann/detail/input/lexer.hpp(205,20): warning: 'auto' type specifier is incompatible with C++98 [-Wc++98-compat]
[build]   205 |         for (const auto factor : factors)
[build]       |                    ^~~~
[build] C:\Users\pperv\code\unnamed_rpg\vendor\json\include\nlohmann/detail/input/lexer.hpp(205,32): warning: range-based for loop is incompatible with C++98 [-Wc++98-compat]
[build]   205 |         for (const auto factor : factors)
[build]       |                                ^
[build] C:\Users\pperv\code\unnamed_rpg\vendor\json\include\nlohmann/detail/input/lexer.hpp(204,30): warning: initialization of initializer_list object is incompatible with C++98 [-Wc++98-compat]
[build]   204 |         const auto factors = { 12u, 8u, 4u, 0u };
[build]       |                              ^~~~~~~~~~~~~~~~~~~
[build] C:\Users\pperv\code\unnamed_rpg\vendor\json\include\nlohmann/detail/input/lexer.hpp(350,52): note: in instantiation of member function 'nlohmann::detail::lexer<nlohmann::basic_json<>, nlohmann::detail::iterator_input_adapter<const char *>>::get_codepoint' requested here
[build]   350 |                             const int codepoint1 = get_codepoint();
[build]       |                                                    ^
[build] C:\Users\pperv\code\unnamed_rpg\vendor\json\include\nlohmann/detail/input/lexer.hpp(1683,24): note: in instantiation of member function 'nlohmann::detail::lexer<nlohmann::basic_json<>, nlohmann::detail::iterator_input_adapter<const char *>>::scan_string' requested here
[build]  1683 |                 return scan_string();
[build]       |                        ^
[build] C:\Users\pperv\code\unnamed_rpg\vendor\json\include\nlohmann/detail/input/parser.hpp(490,37): note: in instantiation of member function 'nlohmann::detail::lexer<nlohmann::basic_json<>, nlohmann::detail::iterator_input_adapter<const char *>>::scan' requested here
[build]   490 |         return last_token = m_lexer.scan();
[build]       |                                     ^
[build] C:\Users\pperv\code\unnamed_rpg\vendor\json\include\nlohmann/detail/input/parser.hpp(82,9): note: in instantiation of member function 'nlohmann::detail::parser<nlohmann::basic_json<>, nlohmann::detail::iterator_input_adapter<const char *>>::get_token' requested here
[build]    82 |         get_token();
[build]       |         ^
[build] C:\Users\pperv\code\unnamed_rpg\vendor\json\include\nlohmann/json.hpp(170,16): note: in instantiation of member function 'nlohmann::detail::parser<nlohmann::basic_json<>, nlohmann::detail::iterator_input_adapter<const char *>>::parser' requested here
[build]   170 |         return ::nlohmann::detail::parser<basic_json, InputAdapterType>(std::move(adapter),
[build]       |                ^
[build] C:\Users\pperv\code\unnamed_rpg\vendor\json\include\nlohmann/json.hpp(4112,9): note: in instantiation of function template specialization 'nlohmann::basic_json<>::parser<nlohmann::detail::iterator_input_adapter<const char *>>' requested here
[build]  4112 |         parser(detail::input_adapter(std::move(first), std::move(last)), std::move(cb), allow_exceptions, ignore_comments, ignore_trailing_commas).parse(true, result); // cppcheck-suppress[accessMoved]
[build]       |         ^
[build] C:\Users\pperv\code\unnamed_rpg\vendor\json\include\nlohmann/json.hpp(5294,28): note: in instantiation of function template specialization 'nlohmann::basic_json<>::parse<const char *, const char *, 0>' requested here
[build]  5294 |     return nlohmann::json::parse(s, s + n);
[build]       |                            ^
[build] In file included from C:\Users\pperv\code\unnamed_rpg\vendor\json-schema-validator\src\json-validator.cpp:9:
[build] In file included from C:\Users\pperv\code\unnamed_rpg\vendor\json-schema-validator\src\nlohmann/json-schema.hpp:24:
[build] In file included from C:\Users\pperv\code\unnamed_rpg\vendor\json\include\nlohmann/json.hpp:50:
[build] In file included from C:\Users\pperv\code\unnamed_rpg\vendor\json\include\nlohmann/detail/input/binary_reader.hpp:29:
[build] In file included from C:\Users\pperv\code\unnamed_rpg\vendor\json\include\nlohmann/detail/input/json_sax.hpp:18:
[build] C:\Users\pperv\code\unnamed_rpg\vendor\json\include\nlohmann/detail/input/lexer.hpp(251,14): warning: 'auto' type specifier is incompatible with C++98 [-Wc++98-compat]
[build]   251 |         for (auto range = ranges.begin(); range != ranges.end(); ++range)
[build]       |              ^~~~
[build] C:\Users\pperv\code\unnamed_rpg\vendor\json\include\nlohmann/detail/input/lexer.hpp(1683,24): note: in instantiation of member function 'nlohmann::detail::lexer<nlohmann::basic_json<>, nlohmann::detail::iterator_input_adapter<const char *>>::scan_string' requested here
[build]  1683 |                 return scan_string();
[build]       |                        ^
[build] C:\Users\pperv\code\unnamed_rpg\vendor\json\include\nlohmann/detail/input/parser.hpp(490,37): note: in instantiation of member function 'nlohmann::detail::lexer<nlohmann::basic_json<>, nlohmann::detail::iterator_input_adapter<const char *>>::scan' requested here
[build]   490 |         return last_token = m_lexer.scan();
[build]       |                                     ^
[build] C:\Users\pperv\code\unnamed_rpg\vendor\json\include\nlohmann/detail/input/parser.hpp(82,9): note: in instantiation of member function 'nlohmann::detail::parser<nlohmann::basic_json<>, nlohmann::detail::iterator_input_adapter<const char *>>::get_token' requested here
[build]    82 |         get_token();
[build]       |         ^
[build] C:\Users\pperv\code\unnamed_rpg\vendor\json\include\nlohmann/json.hpp(170,16): note: in instantiation of member function 'nlohmann::detail::parser<nlohmann::basic_json<>, nlohmann::detail::iterator_input_adapter<const char *>>::parser' requested here
[build]   170 |         return ::nlohmann::detail::parser<basic_json, InputAdapterType>(std::move(adapter),
[build]       |                ^
[build] C:\Users\pperv\code\unnamed_rpg\vendor\json\include\nlohmann/json.hpp(4112,9): note: in instantiation of function template specialization 'nlohmann::basic_json<>::parser<nlohmann::detail::iterator_input_adapter<const char *>>' requested here
[build]  4112 |         parser(detail::input_adapter(std::move(first), std::move(last)), std::move(cb), allow_exceptions, ignore_comments, ignore_trailing_commas).parse(true, result); // cppcheck-suppress[accessMoved]
[build]       |         ^
[build] C:\Users\pperv\code\unnamed_rpg\vendor\json\include\nlohmann/json.hpp(5294,28): note: in instantiation of function template specialization 'nlohmann::basic_json<>::parse<const char *, const char *, 0>' requested here
[build]  5294 |     return nlohmann::json::parse(s, s + n);
[build]       |                            ^
[build] In file included from C:\Users\pperv\code\unnamed_rpg\vendor\json-schema-validator\src\json-validator.cpp:9:
[build] In file included from C:\Users\pperv\code\unnamed_rpg\vendor\json-schema-validator\src\nlohmann/json-schema.hpp:24:
[build] In file included from C:\Users\pperv\code\unnamed_rpg\vendor\json\include\nlohmann/json.hpp:50:
[build] In file included from C:\Users\pperv\code\unnamed_rpg\vendor\json\include\nlohmann/detail/input/binary_reader.hpp:29:
[build] In file included from C:\Users\pperv\code\unnamed_rpg\vendor\json\include\nlohmann/detail/input/json_sax.hpp:18:
[build] C:\Users\pperv\code\unnamed_rpg\vendor\json\include\nlohmann/detail/input/lexer.hpp(1282,24): warning: 'nullptr' is incompatible with C++98 [-Wc++98-compat]
[build]  1282 |         char* endptr = nullptr; // NOLINT(misc-const-correctness,cppcoreguidelines-pro-type-vararg,hicpp-vararg)
[build]       |                        ^
[build] C:\Users\pperv\code\unnamed_rpg\vendor\json\include\nlohmann/detail/input/lexer.hpp(1288,19): warning: 'auto' type specifier is incompatible with C++98 [-Wc++98-compat]
[build]  1288 |             const auto x = std::strtoull(token_buffer.data(), &endptr, 10);
[build]       |                   ^~~~
[build] C:\Users\pperv\code\unnamed_rpg\vendor\json\include\nlohmann/detail/input/parser.hpp(490,37): note: in instantiation of member function 'nlohmann::detail::lexer<nlohmann::basic_json<>, nlohmann::detail::iterator_input_adapter<const char *>>::scan' requested here
[build]   490 |         return last_token = m_lexer.scan();
[build]       |                                     ^
[build] C:\Users\pperv\code\unnamed_rpg\vendor\json\include\nlohmann/detail/input/parser.hpp(82,9): note: in instantiation of member function 'nlohmann::detail::parser<nlohmann::basic_json<>, nlohmann::detail::iterator_input_adapter<const char *>>::get_token' requested here
[build]    82 |         get_token();
[build]       |         ^
[build] C:\Users\pperv\code\unnamed_rpg\vendor\json\include\nlohmann/json.hpp(170,16): note: in instantiation of member function 'nlohmann::detail::parser<nlohmann::basic_json<>, nlohmann::detail::iterator_input_adapter<const char *>>::parser' requested here
[build]   170 |         return ::nlohmann::detail::parser<basic_json, InputAdapterType>(std::move(adapter),
[build]       |                ^
[build] C:\Users\pperv\code\unnamed_rpg\vendor\json\include\nlohmann/json.hpp(4112,9): note: in instantiation of function template specialization 'nlohmann::basic_json<>::parser<nlohmann::detail::iterator_input_adapter<const char *>>' requested here
[build]  4112 |         parser(detail::input_adapter(std::move(first), std::move(last)), std::move(cb), allow_exceptions, ignore_comments, ignore_trailing_commas).parse(true, result); // cppcheck-suppress[accessMoved]
[build]       |         ^
[build] C:\Users\pperv\code\unnamed_rpg\vendor\json\include\nlohmann/json.hpp(5294,28): note: in instantiation of function template specialization 'nlohmann::basic_json<>::parse<const char *, const char *, 0>' requested here
[build]  5294 |     return nlohmann::json::parse(s, s + n);
[build]       |                            ^
[build] In file included from C:\Users\pperv\code\unnamed_rpg\vendor\json-schema-validator\src\json-validator.cpp:9:
[build] In file included from C:\Users\pperv\code\unnamed_rpg\vendor\json-schema-validator\src\nlohmann/json-schema.hpp:24:
[build] In file included from C:\Users\pperv\code\unnamed_rpg\vendor\json\include\nlohmann/json.hpp:50:
[build] In file included from C:\Users\pperv\code\unnamed_rpg\vendor\json\include\nlohmann/detail/input/binary_reader.hpp:29:
[build] In file included from C:\Users\pperv\code\unnamed_rpg\vendor\json\include\nlohmann/detail/input/json_sax.hpp:18:
[build] C:\Users\pperv\code\unnamed_rpg\vendor\json\include\nlohmann/detail/input/lexer.hpp(1304,19): warning: 'auto' type specifier is incompatible with C++98 [-Wc++98-compat]
[build]  1304 |             const auto x = std::strtoll(token_buffer.data(), &endptr, 10);
[build]       |                   ^~~~
[build] C:\Users\pperv\code\unnamed_rpg\vendor\json\include\nlohmann/detail/input/lexer.hpp(1009,34): warning: enumeration type in nested name specifier is incompatible with C++98 [-Wc++98-compat]
[build]  1009 |         token_type number_type = token_type::value_unsigned;
[build]       |                                  ^
[build] C:\Users\pperv\code\unnamed_rpg\vendor\json\include\nlohmann/detail/input/lexer.hpp(1697,24): note: in instantiation of member function 'nlohmann::detail::lexer<nlohmann::basic_json<>, nlohmann::detail::iterator_input_adapter<const char *>>::scan_number' requested here
[build]  1697 |                 return scan_number();
[build]       |                        ^
[build] C:\Users\pperv\code\unnamed_rpg\vendor\json\include\nlohmann/detail/input/parser.hpp(490,37): note: in instantiation of member function 'nlohmann::detail::lexer<nlohmann::basic_json<>, nlohmann::detail::iterator_input_adapter<const char *>>::scan' requested here
[build]   490 |         return last_token = m_lexer.scan();
[build]       |                                     ^
[build] C:\Users\pperv\code\unnamed_rpg\vendor\json\include\nlohmann/detail/input/parser.hpp(82,9): note: in instantiation of member function 'nlohmann::detail::parser<nlohmann::basic_json<>, nlohmann::detail::iterator_input_adapter<const char *>>::get_token' requested here
[build]    82 |         get_token();
[build]       |         ^
[build] C:\Users\pperv\code\unnamed_rpg\vendor\json\include\nlohmann/json.hpp(170,16): note: in instantiation of member function 'nlohmann::detail::parser<nlohmann::basic_json<>, nlohmann::detail::iterator_input_adapter<const char *>>::parser' requested here
[build]   170 |         return ::nlohmann::detail::parser<basic_json, InputAdapterType>(std::move(adapter),
[build]       |                ^
[build] C:\Users\pperv\code\unnamed_rpg\vendor\json\include\nlohmann/json.hpp(4112,9): note: in instantiation of function template specialization 'nlohmann::basic_json<>::parser<nlohmann::detail::iterator_input_adapter<const char *>>' requested here
[build]  4112 |         parser(detail::input_adapter(std::move(first), std::move(last)), std::move(cb), allow_exceptions, ignore_comments, ignore_trailing_commas).parse(true, result); // cppcheck-suppress[accessMoved]
[build]       |         ^
[build] C:\Users\pperv\code\unnamed_rpg\vendor\json\include\nlohmann/json.hpp(5294,28): note: in instantiation of function template specialization 'nlohmann::basic_json<>::parse<const char *, const char *, 0>' requested here
[build]  5294 |     return nlohmann::json::parse(s, s + n);
[build]       |                            ^
[build] In file included from C:\Users\pperv\code\unnamed_rpg\vendor\json-schema-validator\src\json-validator.cpp:9:
[build] In file included from C:\Users\pperv\code\unnamed_rpg\vendor\json-schema-validator\src\nlohmann/json-schema.hpp:24:
[build] In file included from C:\Users\pperv\code\unnamed_rpg\vendor\json\include\nlohmann/json.hpp:50:
[build] In file included from C:\Users\pperv\code\unnamed_rpg\vendor\json\include\nlohmann/detail/input/binary_reader.hpp:29:
[build] In file included from C:\Users\pperv\code\unnamed_rpg\vendor\json\include\nlohmann/detail/input/json_sax.hpp:18:
[build] C:\Users\pperv\code\unnamed_rpg\vendor\json\include\nlohmann/detail/input/lexer.hpp(1047,23): warning: enumeration type in nested name specifier is incompatible with C++98 [-Wc++98-compat]
[build]  1047 |         number_type = token_type::value_integer;
[build]       |                       ^
[build] C:\Users\pperv\code\unnamed_rpg\vendor\json\include\nlohmann/detail/input/lexer.hpp(1073,24): warning: enumeration type in nested name specifier is incompatible with C++98 [-Wc++98-compat]
[build]  1073 |                 return token_type::parse_error;
[build]       |                        ^
[build] C:\Users\pperv\code\unnamed_rpg\vendor\json\include\nlohmann/detail/input/lexer.hpp(1138,23): warning: enumeration type in nested name specifier is incompatible with C++98 [-Wc++98-compat]
[build]  1138 |         number_type = token_type::value_float;
[build]       |                       ^
[build] C:\Users\pperv\code\unnamed_rpg\vendor\json\include\nlohmann/detail/input/lexer.hpp(1159,24): warning: enumeration type in nested name specifier is incompatible with C++98 [-Wc++98-compat]
[build]  1159 |                 return token_type::parse_error;
[build]       |                        ^
[build] C:\Users\pperv\code\unnamed_rpg\vendor\json\include\nlohmann/detail/input/lexer.hpp(1195,23): warning: enumeration type in nested name specifier is incompatible with C++98 [-Wc++98-compat]
[build]  1195 |         number_type = token_type::value_float;
[build]       |                       ^
[build] C:\Users\pperv\code\unnamed_rpg\vendor\json\include\nlohmann/detail/input/lexer.hpp(1224,24): warning: enumeration type in nested name specifier is incompatible with C++98 [-Wc++98-compat]
[build]  1224 |                 return token_type::parse_error;
[build]       |                        ^
[build] C:\Users\pperv\code\unnamed_rpg\vendor\json\include\nlohmann/detail/input/lexer.hpp(1250,24): warning: enumeration type in nested name specifier is incompatible with C++98 [-Wc++98-compat]
[build]  1250 |                 return token_type::parse_error;
[build]       |                        ^
[build] C:\Users\pperv\code\unnamed_rpg\vendor\json\include\nlohmann/detail/input/lexer.hpp(1286,28): warning: enumeration type in nested name specifier is incompatible with C++98 [-Wc++98-compat]
[build]  1286 |         if (number_type == token_type::value_unsigned)
[build]       |                            ^
[build] C:\Users\pperv\code\unnamed_rpg\vendor\json\include\nlohmann/detail/input/lexer.hpp(1298,28): warning: enumeration type in nested name specifier is incompatible with C++98 [-Wc++98-compat]
[build]  1298 |                     return token_type::value_unsigned;
[build]       |                            ^
[build] C:\Users\pperv\code\unnamed_rpg\vendor\json\include\nlohmann/detail/input/lexer.hpp(1302,33): warning: enumeration type in nested name specifier is incompatible with C++98 [-Wc++98-compat]
[build]  1302 |         else if (number_type == token_type::value_integer)
[build]       |                                 ^
[build] C:\Users\pperv\code\unnamed_rpg\vendor\json\include\nlohmann/detail/input/lexer.hpp(1314,28): warning: enumeration type in nested name specifier is incompatible with C++98 [-Wc++98-compat]
[build]  1314 |                     return token_type::value_integer;
[build]       |                            ^
[build] C:\Users\pperv\code\unnamed_rpg\vendor\json\include\nlohmann/detail/input/lexer.hpp(1326,16): warning: enumeration type in nested name specifier is incompatible with C++98 [-Wc++98-compat]
[build]  1326 |         return token_type::value_float;
[build]       |                ^
[build] In file included from C:\Users\pperv\code\unnamed_rpg\vendor\json-schema-validator\src\json-validator.cpp:9:
[build] In file included from C:\Users\pperv\code\unnamed_rpg\vendor\json-schema-validator\src\nlohmann/json-schema.hpp:24:
[build] In file included from C:\Users\pperv\code\unnamed_rpg\vendor\json\include\nlohmann/json.hpp:53:
[build] C:\Users\pperv\code\unnamed_rpg\vendor\json\include\nlohmann/detail/input/parser.hpp(108,107): warning: 'nullptr' is incompatible with C++98 [-Wc++98-compat]
[build]   108 |                                                     exception_message(token_type::end_of_input, "value"), nullptr));
[build]       |                                                                                                           ^
[build] C:\Users\pperv\code\unnamed_rpg\vendor\json\include\nlohmann/detail/input/parser.hpp(114,26): warning: enumeration type in nested name specifier is incompatible with C++98 [-Wc++98-compat]
[build]   114 |                 result = value_t::discarded;
[build]       |                          ^
[build] C:\Users\pperv\code\unnamed_rpg\vendor\json\include\nlohmann/json.hpp(5294,28): note: in instantiation of function template specialization 'nlohmann::basic_json<>::parse<const char *, const char *, 0>' requested here
[build]  5294 |     return nlohmann::json::parse(s, s + n);
[build]       |                            ^
[build] In file included from C:\Users\pperv\code\unnamed_rpg\vendor\json-schema-validator\src\json-validator.cpp:9:
[build] In file included from C:\Users\pperv\code\unnamed_rpg\vendor\json-schema-validator\src\nlohmann/json-schema.hpp:24:
[build] In file included from C:\Users\pperv\code\unnamed_rpg\vendor\json\include\nlohmann/json.hpp:53:
[build] C:\Users\pperv\code\unnamed_rpg\vendor\json\include\nlohmann/detail/input/parser.hpp(122,26): warning: 'nullptr' is incompatible with C++98 [-Wc++98-compat]
[build]   122 |                 result = nullptr;
[build]       |                          ^
[build] C:\Users\pperv\code\unnamed_rpg\vendor\json\include\nlohmann/detail/input/parser.hpp(135,136): warning: 'nullptr' is incompatible with C++98 [-Wc++98-compat]
[build]   135 |                                 parse_error::create(101, m_lexer.get_position(), exception_message(token_type::end_of_input, "value"), nullptr));
[build]       |                                                                                                                                        ^
[build] C:\Users\pperv\code\unnamed_rpg\vendor\json\include\nlohmann/detail/input/parser.hpp(141,26): warning: enumeration type in nested name specifier is incompatible with C++98 [-Wc++98-compat]
[build]   141 |                 result = value_t::discarded;
[build]       |                          ^
[build] In file included from C:\Users\pperv\code\unnamed_rpg\vendor\json-schema-validator\src\json-validator.cpp:9:
[build] In file included from C:\Users\pperv\code\unnamed_rpg\vendor\json-schema-validator\src\nlohmann/json-schema.hpp:24:
[build] In file included from C:\Users\pperv\code\unnamed_rpg\vendor\json\include\nlohmann/json.hpp:50:
[build] In file included from C:\Users\pperv\code\unnamed_rpg\vendor\json\include\nlohmann/detail/input/binary_reader.hpp:29:
[build] C:\Users\pperv\code\unnamed_rpg\vendor\json\include\nlohmann/detail/input/json_sax.hpp(933,29): warning: padding class 'nlohmann::detail::json_sax_dom_callback_parser<nlohmann::basic_json<>, nlohmann::detail::iterator_input_adapter<const char *>>' with 7 bytes to align 'callback' [-Wpadded]
[build]   933 |     const parser_callback_t callback = nullptr;
[build]       |                             ^
[build] C:\Users\pperv\code\unnamed_rpg\vendor\json\include\nlohmann/detail/input/json_sax.hpp(937,19): warning: padding class 'nlohmann::detail::json_sax_dom_callback_parser<nlohmann::basic_json<>, nlohmann::detail::iterator_input_adapter<const char *>>' with 7 bytes to align 'discarded' [-Wpadded]
[build]   937 |     BasicJsonType discarded = BasicJsonType::value_t::discarded;
[build]       |                   ^
[build] In file included from C:\Users\pperv\code\unnamed_rpg\vendor\json-schema-validator\src\json-validator.cpp:9:
[build] In file included from C:\Users\pperv\code\unnamed_rpg\vendor\json-schema-validator\src\nlohmann/json-schema.hpp:24:
[build] In file included from C:\Users\pperv\code\unnamed_rpg\vendor\json\include\nlohmann/json.hpp:53:
[build] C:\Users\pperv\code\unnamed_rpg\vendor\json\include\nlohmann/detail/input/parser.hpp(103,43): warning: enumeration type in nested name specifier is incompatible with C++98 [-Wc++98-compat]
[build]   103 |             if (strict && (get_token() != token_type::end_of_input))
[build]       |                                           ^
[build] C:\Users\pperv\code\unnamed_rpg\vendor\json\include\nlohmann/json.hpp(4112,148): note: in instantiation of member function 'nlohmann::detail::parser<nlohmann::basic_json<>, nlohmann::detail::iterator_input_adapter<const char *>>::parse' requested here
[build]  4112 |         parser(detail::input_adapter(std::move(first), std::move(last)), std::move(cb), allow_exceptions, ignore_comments, ignore_trailing_commas).parse(true, result); // cppcheck-suppress[accessMoved]
[build]       |                                                                                                                                                    ^
[build] C:\Users\pperv\code\unnamed_rpg\vendor\json\include\nlohmann/json.hpp(5294,28): note: in instantiation of function template specialization 'nlohmann::basic_json<>::parse<const char *, const char *, 0>' requested here
[build]  5294 |     return nlohmann::json::parse(s, s + n);
[build]       |                            ^
[build] In file included from C:\Users\pperv\code\unnamed_rpg\vendor\json-schema-validator\src\json-validator.cpp:9:
[build] In file included from C:\Users\pperv\code\unnamed_rpg\vendor\json-schema-validator\src\nlohmann/json-schema.hpp:24:
[build] In file included from C:\Users\pperv\code\unnamed_rpg\vendor\json\include\nlohmann/json.hpp:53:
[build] C:\Users\pperv\code\unnamed_rpg\vendor\json\include\nlohmann/detail/input/parser.hpp(108,71): warning: enumeration type in nested name specifier is incompatible with C++98 [-Wc++98-compat]
[build]   108 |                                                     exception_message(token_type::end_of_input, "value"), nullptr));
[build]       |                                                                       ^
[build] C:\Users\pperv\code\unnamed_rpg\vendor\json\include\nlohmann/detail/input/parser.hpp(114,26): warning: enumeration type in nested name specifier is incompatible with C++98 [-Wc++98-compat]
[build]   114 |                 result = value_t::discarded;
[build]       |                          ^
[build] In file included from C:\Users\pperv\code\unnamed_rpg\vendor\json-schema-validator\src\json-validator.cpp:9:
[build] In file included from C:\Users\pperv\code\unnamed_rpg\vendor\json-schema-validator\src\nlohmann/json-schema.hpp:24:
[build] C:\Users\pperv\code\unnamed_rpg\vendor\json\include\nlohmann/json.hpp(1453,33): warning: enumeration type in nested name specifier is incompatible with C++98 [-Wc++98-compat]
[build]  1453 |         return m_data.m_type == value_t::discarded;
[build]       |                                 ^
[build] C:\Users\pperv\code\unnamed_rpg\vendor\json\include\nlohmann/detail/input/parser.hpp(120,24): note: in instantiation of member function 'nlohmann::basic_json<>::is_discarded' requested here
[build]   120 |             if (result.is_discarded())
[build]       |                        ^
[build] C:\Users\pperv\code\unnamed_rpg\vendor\json\include\nlohmann/json.hpp(4112,148): note: in instantiation of member function 'nlohmann::detail::parser<nlohmann::basic_json<>, nlohmann::detail::iterator_input_adapter<const char *>>::parse' requested here
[build]  4112 |         parser(detail::input_adapter(std::move(first), std::move(last)), std::move(cb), allow_exceptions, ignore_comments, ignore_trailing_commas).parse(true, result); // cppcheck-suppress[accessMoved]
[build]       |                                                                                                                                                    ^
[build] C:\Users\pperv\code\unnamed_rpg\vendor\json\include\nlohmann/json.hpp(5294,28): note: in instantiation of function template specialization 'nlohmann::basic_json<>::parse<const char *, const char *, 0>' requested here
[build]  5294 |     return nlohmann::json::parse(s, s + n);
[build]       |                            ^
[build] In file included from C:\Users\pperv\code\unnamed_rpg\vendor\json-schema-validator\src\json-validator.cpp:9:
[build] In file included from C:\Users\pperv\code\unnamed_rpg\vendor\json-schema-validator\src\nlohmann/json-schema.hpp:24:
[build] In file included from C:\Users\pperv\code\unnamed_rpg\vendor\json\include\nlohmann/json.hpp:50:
[build] In file included from C:\Users\pperv\code\unnamed_rpg\vendor\json\include\nlohmann/detail/input/binary_reader.hpp:29:
[build] C:\Users\pperv\code\unnamed_rpg\vendor\json\include\nlohmann/detail/input/json_sax.hpp(471,14): warning: padding class 'nlohmann::detail::json_sax_dom_parser<nlohmann::basic_json<>, nlohmann::detail::iterator_input_adapter<const char *>>' with 6 bytes to align 'm_lexer_ref' [-Wpadded]
[build]   471 |     lexer_t* m_lexer_ref = nullptr;
[build]       |              ^
[build] In file included from C:\Users\pperv\code\unnamed_rpg\vendor\json-schema-validator\src\json-validator.cpp:9:
[build] In file included from C:\Users\pperv\code\unnamed_rpg\vendor\json-schema-validator\src\nlohmann/json-schema.hpp:24:
[build] In file included from C:\Users\pperv\code\unnamed_rpg\vendor\json\include\nlohmann/json.hpp:53:
[build] C:\Users\pperv\code\unnamed_rpg\vendor\json\include\nlohmann/detail/input/parser.hpp(131,43): warning: enumeration type in nested name specifier is incompatible with C++98 [-Wc++98-compat]
[build]   131 |             if (strict && (get_token() != token_type::end_of_input))
[build]       |                                           ^
[build] C:\Users\pperv\code\unnamed_rpg\vendor\json\include\nlohmann/json.hpp(4112,148): note: in instantiation of member function 'nlohmann::detail::parser<nlohmann::basic_json<>, nlohmann::detail::iterator_input_adapter<const char *>>::parse' requested here
[build]  4112 |         parser(detail::input_adapter(std::move(first), std::move(last)), std::move(cb), allow_exceptions, ignore_comments, ignore_trailing_commas).parse(true, result); // cppcheck-suppress[accessMoved]
[build]       |                                                                                                                                                    ^
[build] C:\Users\pperv\code\unnamed_rpg\vendor\json\include\nlohmann/json.hpp(5294,28): note: in instantiation of function template specialization 'nlohmann::basic_json<>::parse<const char *, const char *, 0>' requested here
[build]  5294 |     return nlohmann::json::parse(s, s + n);
[build]       |                            ^
[build] In file included from C:\Users\pperv\code\unnamed_rpg\vendor\json-schema-validator\src\json-validator.cpp:9:
[build] In file included from C:\Users\pperv\code\unnamed_rpg\vendor\json-schema-validator\src\nlohmann/json-schema.hpp:24:
[build] In file included from C:\Users\pperv\code\unnamed_rpg\vendor\json\include\nlohmann/json.hpp:53:
[build] C:\Users\pperv\code\unnamed_rpg\vendor\json\include\nlohmann/detail/input/parser.hpp(135,100): warning: enumeration type in nested name specifier is incompatible with C++98 [-Wc++98-compat]
[build]   135 |                                 parse_error::create(101, m_lexer.get_position(), exception_message(token_type::end_of_input, "value"), nullptr));
[build]       |                                                                                                    ^
[build] C:\Users\pperv\code\unnamed_rpg\vendor\json\include\nlohmann/detail/input/parser.hpp(141,26): warning: enumeration type in nested name specifier is incompatible with C++98 [-Wc++98-compat]
[build]   141 |                 result = value_t::discarded;
[build]       |                          ^
[build] In file included from C:\Users\pperv\code\unnamed_rpg\vendor\json-schema-validator\src\json-validator.cpp:9:
[build] In file included from C:\Users\pperv\code\unnamed_rpg\vendor\json-schema-validator\src\nlohmann/json-schema.hpp:24:
[build] In file included from C:\Users\pperv\code\unnamed_rpg\vendor\json\include\nlohmann/json.hpp:50:
[build] In file included from C:\Users\pperv\code\unnamed_rpg\vendor\json\include\nlohmann/detail/input/binary_reader.hpp:29:
[build] C:\Users\pperv\code\unnamed_rpg\vendor\json\include\nlohmann/detail/input/json_sax.hpp(923,43): warning: constructor call from initializer list is incompatible with C++98 [-Wc++98-compat]
[build]   923 |     std::vector<BasicJsonType*> ref_stack {};
[build]       |                                           ^~
[build] C:\Users\pperv\code\unnamed_rpg\vendor\json\include\nlohmann/detail/input/json_sax.hpp(487,5): note: in instantiation of default member initializer 'nlohmann::detail::json_sax_dom_callback_parser<nlohmann::basic_json<>, nlohmann::detail::iterator_input_adapter<const char *>>::ref_stack' requested here
[build]   487 |     json_sax_dom_callback_parser(BasicJsonType& r,
[build]       |     ^
[build] C:\Users\pperv\code\unnamed_rpg\vendor\json\include\nlohmann/detail/input/parser.hpp(99,75): note: in instantiation of member function 'nlohmann::detail::json_sax_dom_callback_parser<nlohmann::basic_json<>, nlohmann::detail::iterator_input_adapter<const char *>>::json_sax_dom_callback_parser' requested here
[build]    99 |             json_sax_dom_callback_parser<BasicJsonType, InputAdapterType> sdp(result, callback, allow_exceptions, &m_lexer);
[build]       |                                                                           ^
[build] C:\Users\pperv\code\unnamed_rpg\vendor\json\include\nlohmann/json.hpp(4112,148): note: in instantiation of member function 'nlohmann::detail::parser<nlohmann::basic_json<>, nlohmann::detail::iterator_input_adapter<const char *>>::parse' requested here
[build]  4112 |         parser(detail::input_adapter(std::move(first), std::move(last)), std::move(cb), allow_exceptions, ignore_comments, ignore_trailing_commas).parse(true, result); // cppcheck-suppress[accessMoved]
[build]       |                                                                                                                                                    ^
[build] C:\Users\pperv\code\unnamed_rpg\vendor\json\include\nlohmann/json.hpp(5294,28): note: in instantiation of function template specialization 'nlohmann::basic_json<>::parse<const char *, const char *, 0>' requested here
[build]  5294 |     return nlohmann::json::parse(s, s + n);
[build]       |                            ^
[build] In file included from C:\Users\pperv\code\unnamed_rpg\vendor\json-schema-validator\src\json-validator.cpp:9:
[build] In file included from C:\Users\pperv\code\unnamed_rpg\vendor\json-schema-validator\src\nlohmann/json-schema.hpp:24:
[build] In file included from C:\Users\pperv\code\unnamed_rpg\vendor\json\include\nlohmann/json.hpp:50:
[build] In file included from C:\Users\pperv\code\unnamed_rpg\vendor\json\include\nlohmann/detail/input/binary_reader.hpp:29:
[build] C:\Users\pperv\code\unnamed_rpg\vendor\json\include\nlohmann/detail/input/json_sax.hpp(925,34): warning: constructor call from initializer list is incompatible with C++98 [-Wc++98-compat]
[build]   925 |     std::vector<bool> keep_stack {}; // NOLINT(readability-redundant-member-init)
[build]       |                                  ^~
[build] C:\Users\pperv\code\unnamed_rpg\vendor\json\include\nlohmann/detail/input/json_sax.hpp(487,5): note: in instantiation of default member initializer 'nlohmann::detail::json_sax_dom_callback_parser<nlohmann::basic_json<>, nlohmann::detail::iterator_input_adapter<const char *>>::keep_stack' requested here
[build]   487 |     json_sax_dom_callback_parser(BasicJsonType& r,
[build]       |     ^
[build] C:\Users\pperv\code\unnamed_rpg\vendor\json\include\nlohmann/detail/input/parser.hpp(99,75): note: in instantiation of member function 'nlohmann::detail::json_sax_dom_callback_parser<nlohmann::basic_json<>, nlohmann::detail::iterator_input_adapter<const char *>>::json_sax_dom_callback_parser' requested here
[build]    99 |             json_sax_dom_callback_parser<BasicJsonType, InputAdapterType> sdp(result, callback, allow_exceptions, &m_lexer);
[build]       |                                                                           ^
[build] C:\Users\pperv\code\unnamed_rpg\vendor\json\include\nlohmann/json.hpp(4112,148): note: in instantiation of member function 'nlohmann::detail::parser<nlohmann::basic_json<>, nlohmann::detail::iterator_input_adapter<const char *>>::parse' requested here
[build]  4112 |         parser(detail::input_adapter(std::move(first), std::move(last)), std::move(cb), allow_exceptions, ignore_comments, ignore_trailing_commas).parse(true, result); // cppcheck-suppress[accessMoved]
[build]       |                                                                                                                                                    ^
[build] C:\Users\pperv\code\unnamed_rpg\vendor\json\include\nlohmann/json.hpp(5294,28): note: in instantiation of function template specialization 'nlohmann::basic_json<>::parse<const char *, const char *, 0>' requested here
[build]  5294 |     return nlohmann::json::parse(s, s + n);
[build]       |                            ^
[build] In file included from C:\Users\pperv\code\unnamed_rpg\vendor\json-schema-validator\src\json-validator.cpp:9:
[build] In file included from C:\Users\pperv\code\unnamed_rpg\vendor\json-schema-validator\src\nlohmann/json-schema.hpp:24:
[build] In file included from C:\Users\pperv\code\unnamed_rpg\vendor\json\include\nlohmann/json.hpp:50:
[build] In file included from C:\Users\pperv\code\unnamed_rpg\vendor\json\include\nlohmann/detail/input/binary_reader.hpp:29:
[build] C:\Users\pperv\code\unnamed_rpg\vendor\json\include\nlohmann/detail/input/json_sax.hpp(927,38): warning: constructor call from initializer list is incompatible with C++98 [-Wc++98-compat]
[build]   927 |     std::vector<bool> key_keep_stack {}; // NOLINT(readability-redundant-member-init)
[build]       |                                      ^~
[build] C:\Users\pperv\code\unnamed_rpg\vendor\json\include\nlohmann/detail/input/json_sax.hpp(487,5): note: in instantiation of default member initializer 'nlohmann::detail::json_sax_dom_callback_parser<nlohmann::basic_json<>, nlohmann::detail::iterator_input_adapter<const char *>>::key_keep_stack' requested here
[build]   487 |     json_sax_dom_callback_parser(BasicJsonType& r,
[build]       |     ^
[build] C:\Users\pperv\code\unnamed_rpg\vendor\json\include\nlohmann/detail/input/parser.hpp(99,75): note: in instantiation of member function 'nlohmann::detail::json_sax_dom_callback_parser<nlohmann::basic_json<>, nlohmann::detail::iterator_input_adapter<const char *>>::json_sax_dom_callback_parser' requested here
[build]    99 |             json_sax_dom_callback_parser<BasicJsonType, InputAdapterType> sdp(result, callback, allow_exceptions, &m_lexer);
[build]       |                                                                           ^
[build] C:\Users\pperv\code\unnamed_rpg\vendor\json\include\nlohmann/json.hpp(4112,148): note: in instantiation of member function 'nlohmann::detail::parser<nlohmann::basic_json<>, nlohmann::detail::iterator_input_adapter<const char *>>::parse' requested here
[build]  4112 |         parser(detail::input_adapter(std::move(first), std::move(last)), std::move(cb), allow_exceptions, ignore_comments, ignore_trailing_commas).parse(true, result); // cppcheck-suppress[accessMoved]
[build]       |                                                                                                                                                    ^
[build] C:\Users\pperv\code\unnamed_rpg\vendor\json\include\nlohmann/json.hpp(5294,28): note: in instantiation of function template specialization 'nlohmann::basic_json<>::parse<const char *, const char *, 0>' requested here
[build]  5294 |     return nlohmann::json::parse(s, s + n);
[build]       |                            ^
[build] In file included from C:\Users\pperv\code\unnamed_rpg\vendor\json-schema-validator\src\json-validator.cpp:9:
[build] In file included from C:\Users\pperv\code\unnamed_rpg\vendor\json-schema-validator\src\nlohmann/json-schema.hpp:24:
[build] In file included from C:\Users\pperv\code\unnamed_rpg\vendor\json\include\nlohmann/json.hpp:53:
[build] C:\Users\pperv\code\unnamed_rpg\vendor\json\include\nlohmann/detail/input/parser.hpp(219,161): warning: 'nullptr' is incompatible with C++98 [-Wc++98-compat]
[build]   219 |                                                     parse_error::create(101, m_lexer.get_position(), exception_message(token_type::value_string, "object key"), nullptr));
[build]       |                                                                                                                                                                 ^
[build] C:\Users\pperv\code\unnamed_rpg\vendor\json\include\nlohmann/detail/input/parser.hpp(231,169): warning: 'nullptr' is incompatible with C++98 [-Wc++98-compat]
[build]   231 |                                                     parse_error::create(101, m_lexer.get_position(), exception_message(token_type::name_separator, "object separator"), nullptr));
[build]       |                                                                                                                                                                         ^
[build] C:\Users\pperv\code\unnamed_rpg\vendor\json\include\nlohmann/detail/input/parser.hpp(268,31): warning: 'auto' type specifier is incompatible with C++98 [-Wc++98-compat]
[build]   268 |                         const auto res = m_lexer.get_number_float();
[build]       |                               ^~~~
[build] C:\Users\pperv\code\unnamed_rpg\vendor\json\include\nlohmann/json.hpp(4112,148): note: in instantiation of member function 'nlohmann::detail::parser<nlohmann::basic_json<>, nlohmann::detail::iterator_input_adapter<const char *>>::parse' requested here
[build]  4112 |         parser(detail::input_adapter(std::move(first), std::move(last)), std::move(cb), allow_exceptions, ignore_comments, ignore_trailing_commas).parse(true, result); // cppcheck-suppress[accessMoved]
[build]       |                                                                                                                                                    ^
[build] C:\Users\pperv\code\unnamed_rpg\vendor\json\include\nlohmann/json.hpp(5294,28): note: in instantiation of function template specialization 'nlohmann::basic_json<>::parse<const char *, const char *, 0>' requested here
[build]  5294 |     return nlohmann::json::parse(s, s + n);
[build]       |                            ^
[build] In file included from C:\Users\pperv\code\unnamed_rpg\vendor\json-schema-validator\src\json-validator.cpp:9:
[build] In file included from C:\Users\pperv\code\unnamed_rpg\vendor\json-schema-validator\src\nlohmann/json-schema.hpp:24:
[build] In file included from C:\Users\pperv\code\unnamed_rpg\vendor\json\include\nlohmann/json.hpp:53:
[build] C:\Users\pperv\code\unnamed_rpg\vendor\json\include\nlohmann/detail/input/parser.hpp(274,150): warning: 'nullptr' is incompatible with C++98 [-Wc++98-compat]
[build]   274 |                                                     out_of_range::create(406, concat("number overflow parsing '", m_lexer.get_token_string(), '\''), nullptr));
[build]       |                                                                                                                                                      ^
[build] C:\Users\pperv\code\unnamed_rpg\vendor\json\include\nlohmann/detail/input/parser.hpp(344,153): warning: 'nullptr' is incompatible with C++98 [-Wc++98-compat]
[build]   344 |                                                 parse_error::create(101, m_lexer.get_position(), exception_message(token_type::uninitialized, "value"), nullptr));
[build]       |                                                                                                                                                         ^
[build] C:\Users\pperv\code\unnamed_rpg\vendor\json\include\nlohmann/detail/input/parser.hpp(353,166): warning: 'nullptr' is incompatible with C++98 [-Wc++98-compat]
[build]   353 |                                                             "attempting to parse an empty input; check that your input string or stream contains the expected JSON", nullptr));
[build]       |                                                                                                                                                                      ^
[build] C:\Users\pperv\code\unnamed_rpg\vendor\json\include\nlohmann/detail/input/parser.hpp(358,156): warning: 'nullptr' is incompatible with C++98 [-Wc++98-compat]
[build]   358 |                                                 parse_error::create(101, m_lexer.get_position(), exception_message(token_type::literal_or_value, "value"), nullptr));
[build]       |                                                                                                                                                            ^
[build] C:\Users\pperv\code\unnamed_rpg\vendor\json\include\nlohmann/detail/input/parser.hpp(370,156): warning: 'nullptr' is incompatible with C++98 [-Wc++98-compat]
[build]   370 |                                                 parse_error::create(101, m_lexer.get_position(), exception_message(token_type::literal_or_value, "value"), nullptr));
[build]       |                                                                                                                                                            ^
[build] C:\Users\pperv\code\unnamed_rpg\vendor\json\include\nlohmann/detail/input/parser.hpp(422,141): warning: 'nullptr' is incompatible with C++98 [-Wc++98-compat]
[build]   422 |                                         parse_error::create(101, m_lexer.get_position(), exception_message(token_type::end_array, "array"), nullptr));
[build]       |                                                                                                                                             ^
[build] C:\Users\pperv\code\unnamed_rpg\vendor\json\include\nlohmann/detail/input/parser.hpp(441,157): warning: 'nullptr' is incompatible with C++98 [-Wc++98-compat]
[build]   441 |                                                 parse_error::create(101, m_lexer.get_position(), exception_message(token_type::value_string, "object key"), nullptr));
[build]       |                                                                                                                                                             ^
[build] C:\Users\pperv\code\unnamed_rpg\vendor\json\include\nlohmann/detail/input/parser.hpp(454,165): warning: 'nullptr' is incompatible with C++98 [-Wc++98-compat]
[build]   454 |                                                 parse_error::create(101, m_lexer.get_position(), exception_message(token_type::name_separator, "object separator"), nullptr));
[build]       |                                                                                                                                                                     ^
[build] C:\Users\pperv\code\unnamed_rpg\vendor\json\include\nlohmann/detail/input/parser.hpp(483,139): warning: 'nullptr' is incompatible with C++98 [-Wc++98-compat]
[build]   483 |                                     parse_error::create(101, m_lexer.get_position(), exception_message(token_type::end_object, "object"), nullptr));
[build]       |                                                                                                                                           ^
[build] C:\Users\pperv\code\unnamed_rpg\vendor\json\include\nlohmann/detail/input/parser.hpp(197,26): warning: enumeration type in nested name specifier is incompatible with C++98 [-Wc++98-compat]
[build]   197 |                     case token_type::begin_object:
[build]       |                          ^
[build] C:\Users\pperv\code\unnamed_rpg\vendor\json\include\nlohmann/detail/input/parser.hpp(100,13): note: in instantiation of function template specialization 'nlohmann::detail::parser<nlohmann::basic_json<>, nlohmann::detail::iterator_input_adapter<const char *>>::sax_parse_internal<nlohmann::detail::json_sax_dom_callback_parser<nlohmann::basic_json<>, nlohmann::detail::iterator_input_adapter<const char *>>>' requested here
[build]   100 |             sax_parse_internal(&sdp);
[build]       |             ^
[build] C:\Users\pperv\code\unnamed_rpg\vendor\json\include\nlohmann/json.hpp(4112,148): note: in instantiation of member function 'nlohmann::detail::parser<nlohmann::basic_json<>, nlohmann::detail::iterator_input_adapter<const char *>>::parse' requested here
[build]  4112 |         parser(detail::input_adapter(std::move(first), std::move(last)), std::move(cb), allow_exceptions, ignore_comments, ignore_trailing_commas).parse(true, result); // cppcheck-suppress[accessMoved]
[build]       |                                                                                                                                                    ^
[build] C:\Users\pperv\code\unnamed_rpg\vendor\json\include\nlohmann/json.hpp(5294,28): note: in instantiation of function template specialization 'nlohmann::basic_json<>::parse<const char *, const char *, 0>' requested here
[build]  5294 |     return nlohmann::json::parse(s, s + n);
[build]       |                            ^
[build] In file included from C:\Users\pperv\code\unnamed_rpg\vendor\json-schema-validator\src\json-validator.cpp:9:
[build] In file included from C:\Users\pperv\code\unnamed_rpg\vendor\json-schema-validator\src\nlohmann/json-schema.hpp:24:
[build] In file included from C:\Users\pperv\code\unnamed_rpg\vendor\json\include\nlohmann/json.hpp:53:
[build] C:\Users\pperv\code\unnamed_rpg\vendor\json\include\nlohmann/detail/input/parser.hpp(205,44): warning: enumeration type in nested name specifier is incompatible with C++98 [-Wc++98-compat]
[build]   205 |                         if (get_token() == token_type::end_object)
[build]       |                                            ^
[build] C:\Users\pperv\code\unnamed_rpg\vendor\json\include\nlohmann/detail/input/parser.hpp(215,64): warning: enumeration type in nested name specifier is incompatible with C++98 [-Wc++98-compat]
[build]   215 |                         if (JSON_HEDLEY_UNLIKELY(last_token != token_type::value_string))
[build]       |                                                                ^
[build] C:\Users\pperv\code\unnamed_rpg\vendor\json\include\nlohmann/detail/input/parser.hpp(219,120): warning: enumeration type in nested name specifier is incompatible with C++98 [-Wc++98-compat]
[build]   219 |                                                     parse_error::create(101, m_lexer.get_position(), exception_message(token_type::value_string, "object key"), nullptr));
[build]       |                                                                                                                        ^
[build] C:\Users\pperv\code\unnamed_rpg\vendor\json\include\nlohmann/detail/input/parser.hpp(227,65): warning: enumeration type in nested name specifier is incompatible with C++98 [-Wc++98-compat]
[build]   227 |                         if (JSON_HEDLEY_UNLIKELY(get_token() != token_type::name_separator))
[build]       |                                                                 ^
[build] C:\Users\pperv\code\unnamed_rpg\vendor\json\include\nlohmann/detail/input/parser.hpp(231,120): warning: enumeration type in nested name specifier is incompatible with C++98 [-Wc++98-compat]
[build]   231 |                                                     parse_error::create(101, m_lexer.get_position(), exception_message(token_type::name_separator, "object separator"), nullptr));
[build]       |                                                                                                                        ^
[build] C:\Users\pperv\code\unnamed_rpg\vendor\json\include\nlohmann/detail/input/parser.hpp(242,26): warning: enumeration type in nested name specifier is incompatible with C++98 [-Wc++98-compat]
[build]   242 |                     case token_type::begin_array:
[build]       |                          ^
[build] C:\Users\pperv\code\unnamed_rpg\vendor\json\include\nlohmann/detail/input/parser.hpp(250,44): warning: enumeration type in nested name specifier is incompatible with C++98 [-Wc++98-compat]
[build]   250 |                         if (get_token() == token_type::end_array)
[build]       |                                            ^
[build] C:\Users\pperv\code\unnamed_rpg\vendor\json\include\nlohmann/detail/input/parser.hpp(266,26): warning: enumeration type in nested name specifier is incompatible with C++98 [-Wc++98-compat]
[build]   266 |                     case token_type::value_float:
[build]       |                          ^
[build] C:\Users\pperv\code\unnamed_rpg\vendor\json\include\nlohmann/detail/input/parser.hpp(285,26): warning: enumeration type in nested name specifier is incompatible with C++98 [-Wc++98-compat]
[build]   285 |                     case token_type::literal_false:
[build]       |                          ^
[build] C:\Users\pperv\code\unnamed_rpg\vendor\json\include\nlohmann/detail/input/parser.hpp(294,26): warning: enumeration type in nested name specifier is incompatible with C++98 [-Wc++98-compat]
[build]   294 |                     case token_type::literal_null:
[build]       |                          ^
[build] C:\Users\pperv\code\unnamed_rpg\vendor\json\include\nlohmann/detail/input/parser.hpp(303,26): warning: enumeration type in nested name specifier is incompatible with C++98 [-Wc++98-compat]
[build]   303 |                     case token_type::literal_true:
[build]       |                          ^
[build] C:\Users\pperv\code\unnamed_rpg\vendor\json\include\nlohmann/detail/input/parser.hpp(312,26): warning: enumeration type in nested name specifier is incompatible with C++98 [-Wc++98-compat]
[build]   312 |                     case token_type::value_integer:
[build]       |                          ^
[build] C:\Users\pperv\code\unnamed_rpg\vendor\json\include\nlohmann/detail/input/parser.hpp(321,26): warning: enumeration type in nested name specifier is incompatible with C++98 [-Wc++98-compat]
[build]   321 |                     case token_type::value_string:
[build]       |                          ^
[build] C:\Users\pperv\code\unnamed_rpg\vendor\json\include\nlohmann/detail/input/parser.hpp(330,26): warning: enumeration type in nested name specifier is incompatible with C++98 [-Wc++98-compat]
[build]   330 |                     case token_type::value_unsigned:
[build]       |                          ^
[build] C:\Users\pperv\code\unnamed_rpg\vendor\json\include\nlohmann/detail/input/parser.hpp(339,26): warning: enumeration type in nested name specifier is incompatible with C++98 [-Wc++98-compat]
[build]   339 |                     case token_type::parse_error:
[build]       |                          ^
[build] C:\Users\pperv\code\unnamed_rpg\vendor\json\include\nlohmann/detail/input/parser.hpp(344,116): warning: enumeration type in nested name specifier is incompatible with C++98 [-Wc++98-compat]
[build]   344 |                                                 parse_error::create(101, m_lexer.get_position(), exception_message(token_type::uninitialized, "value"), nullptr));
[build]       |                                                                                                                    ^
[build] C:\Users\pperv\code\unnamed_rpg\vendor\json\include\nlohmann/detail/input/parser.hpp(346,26): warning: enumeration type in nested name specifier is incompatible with C++98 [-Wc++98-compat]
[build]   346 |                     case token_type::end_of_input:
[build]       |                          ^
[build] C:\Users\pperv\code\unnamed_rpg\vendor\json\include\nlohmann/detail/input/parser.hpp(358,116): warning: enumeration type in nested name specifier is incompatible with C++98 [-Wc++98-compat]
[build]   358 |                                                 parse_error::create(101, m_lexer.get_position(), exception_message(token_type::literal_or_value, "value"), nullptr));
[build]       |                                                                                                                    ^
[build] C:\Users\pperv\code\unnamed_rpg\vendor\json\include\nlohmann/detail/input/parser.hpp(360,26): warning: enumeration type in nested name specifier is incompatible with C++98 [-Wc++98-compat]
[build]   360 |                     case token_type::uninitialized:
[build]       |                          ^
[build] C:\Users\pperv\code\unnamed_rpg\vendor\json\include\nlohmann/detail/input/parser.hpp(361,26): warning: enumeration type in nested name specifier is incompatible with C++98 [-Wc++98-compat]
[build]   361 |                     case token_type::end_array:
[build]       |                          ^
[build] C:\Users\pperv\code\unnamed_rpg\vendor\json\include\nlohmann/detail/input/parser.hpp(362,26): warning: enumeration type in nested name specifier is incompatible with C++98 [-Wc++98-compat]
[build]   362 |                     case token_type::end_object:
[build]       |                          ^
[build] C:\Users\pperv\code\unnamed_rpg\vendor\json\include\nlohmann/detail/input/parser.hpp(363,26): warning: enumeration type in nested name specifier is incompatible with C++98 [-Wc++98-compat]
[build]   363 |                     case token_type::name_separator:
[build]       |                          ^
[build] C:\Users\pperv\code\unnamed_rpg\vendor\json\include\nlohmann/detail/input/parser.hpp(364,26): warning: enumeration type in nested name specifier is incompatible with C++98 [-Wc++98-compat]
[build]   364 |                     case token_type::value_separator:
[build]       |                          ^
[build] C:\Users\pperv\code\unnamed_rpg\vendor\json\include\nlohmann/detail/input/parser.hpp(365,26): warning: enumeration type in nested name specifier is incompatible with C++98 [-Wc++98-compat]
[build]   365 |                     case token_type::literal_or_value:
[build]       |                          ^
[build] C:\Users\pperv\code\unnamed_rpg\vendor\json\include\nlohmann/detail/input/parser.hpp(370,116): warning: enumeration type in nested name specifier is incompatible with C++98 [-Wc++98-compat]
[build]   370 |                                                 parse_error::create(101, m_lexer.get_position(), exception_message(token_type::literal_or_value, "value"), nullptr));
[build]       |                                                                                                                    ^
[build] C:\Users\pperv\code\unnamed_rpg\vendor\json\include\nlohmann/detail/input/parser.hpp(366,21): warning: default label in switch which covers all enumeration values [-Wcovered-switch-default]
[build]   366 |                     default: // the last token was unexpected
[build]       |                     ^
[build] C:\Users\pperv\code\unnamed_rpg\vendor\json\include\nlohmann/detail/input/parser.hpp(390,36): warning: enumeration type in nested name specifier is incompatible with C++98 [-Wc++98-compat]
[build]   390 |                 if (get_token() == token_type::value_separator)
[build]       |                                    ^
[build] C:\Users\pperv\code\unnamed_rpg\vendor\json\include\nlohmann/detail/input/parser.hpp(396,67): warning: enumeration type in nested name specifier is incompatible with C++98 [-Wc++98-compat]
[build]   396 |                     if (!(ignore_trailing_commas && last_token == token_type::end_array))
[build]       |                                                                   ^
[build] C:\Users\pperv\code\unnamed_rpg\vendor\json\include\nlohmann/detail/input/parser.hpp(403,54): warning: enumeration type in nested name specifier is incompatible with C++98 [-Wc++98-compat]
[build]   403 |                 if (JSON_HEDLEY_LIKELY(last_token == token_type::end_array))
[build]       |                                                      ^
[build] C:\Users\pperv\code\unnamed_rpg\vendor\json\include\nlohmann/detail/input/parser.hpp(422,108): warning: enumeration type in nested name specifier is incompatible with C++98 [-Wc++98-compat]
[build]   422 |                                         parse_error::create(101, m_lexer.get_position(), exception_message(token_type::end_array, "array"), nullptr));
[build]       |                                                                                                            ^
[build] C:\Users\pperv\code\unnamed_rpg\vendor\json\include\nlohmann/detail/input/parser.hpp(429,32): warning: enumeration type in nested name specifier is incompatible with C++98 [-Wc++98-compat]
[build]   429 |             if (get_token() == token_type::value_separator)
[build]       |                                ^
[build] C:\Users\pperv\code\unnamed_rpg\vendor\json\include\nlohmann/detail/input/parser.hpp(434,63): warning: enumeration type in nested name specifier is incompatible with C++98 [-Wc++98-compat]
[build]   434 |                 if (!(ignore_trailing_commas && last_token == token_type::end_object))
[build]       |                                                               ^
[build] C:\Users\pperv\code\unnamed_rpg\vendor\json\include\nlohmann/detail/input/parser.hpp(437,60): warning: enumeration type in nested name specifier is incompatible with C++98 [-Wc++98-compat]
[build]   437 |                     if (JSON_HEDLEY_UNLIKELY(last_token != token_type::value_string))
[build]       |                                                            ^
[build] C:\Users\pperv\code\unnamed_rpg\vendor\json\include\nlohmann/detail/input/parser.hpp(441,116): warning: enumeration type in nested name specifier is incompatible with C++98 [-Wc++98-compat]
[build]   441 |                                                 parse_error::create(101, m_lexer.get_position(), exception_message(token_type::value_string, "object key"), nullptr));
[build]       |                                                                                                                    ^
[build] C:\Users\pperv\code\unnamed_rpg\vendor\json\include\nlohmann/detail/input/parser.hpp(450,61): warning: enumeration type in nested name specifier is incompatible with C++98 [-Wc++98-compat]
[build]   450 |                     if (JSON_HEDLEY_UNLIKELY(get_token() != token_type::name_separator))
[build]       |                                                             ^
[build] C:\Users\pperv\code\unnamed_rpg\vendor\json\include\nlohmann/detail/input/parser.hpp(454,116): warning: enumeration type in nested name specifier is incompatible with C++98 [-Wc++98-compat]
[build]   454 |                                                 parse_error::create(101, m_lexer.get_position(), exception_message(token_type::name_separator, "object separator"), nullptr));
[build]       |                                                                                                                    ^
[build] C:\Users\pperv\code\unnamed_rpg\vendor\json\include\nlohmann/detail/input/parser.hpp(464,50): warning: enumeration type in nested name specifier is incompatible with C++98 [-Wc++98-compat]
[build]   464 |             if (JSON_HEDLEY_LIKELY(last_token == token_type::end_object))
[build]       |                                                  ^
[build] C:\Users\pperv\code\unnamed_rpg\vendor\json\include\nlohmann/detail/input/parser.hpp(483,104): warning: enumeration type in nested name specifier is incompatible with C++98 [-Wc++98-compat]
[build]   483 |                                     parse_error::create(101, m_lexer.get_position(), exception_message(token_type::end_object, "object"), nullptr));
[build]       |                                                                                                        ^
[build] In file included from C:\Users\pperv\code\unnamed_rpg\vendor\json-schema-validator\src\json-validator.cpp:9:
[build] In file included from C:\Users\pperv\code\unnamed_rpg\vendor\json-schema-validator\src\nlohmann/json-schema.hpp:24:
[build] In file included from C:\Users\pperv\code\unnamed_rpg\vendor\json\include\nlohmann/json.hpp:50:
[build] In file included from C:\Users\pperv\code\unnamed_rpg\vendor\json\include\nlohmann/detail/input/binary_reader.hpp:29:
[build] C:\Users\pperv\code\unnamed_rpg\vendor\json\include\nlohmann/detail/input/json_sax.hpp(551,9): warning: 'auto' type specifier is incompatible with C++98 [-Wc++98-compat]
[build]   551 |         auto val = handle_value(BasicJsonType::value_t::object, true);
[build]       |         ^~~~
[build] C:\Users\pperv\code\unnamed_rpg\vendor\json\include\nlohmann/detail/input/json_sax.hpp(548,72): warning: enumeration type in nested name specifier is incompatible with C++98 [-Wc++98-compat]
[build]   548 |         const bool keep = callback(static_cast<int>(ref_stack.size()), parse_event_t::object_start, discarded);
[build]       |                                                                        ^
[build] C:\Users\pperv\code\unnamed_rpg\vendor\json\include\nlohmann/detail/input/parser.hpp(199,56): note: in instantiation of member function 'nlohmann::detail::json_sax_dom_callback_parser<nlohmann::basic_json<>, nlohmann::detail::iterator_input_adapter<const char *>>::start_object' requested here
[build]   199 |                         if (JSON_HEDLEY_UNLIKELY(!sax->start_object(detail::unknown_size())))
[build]       |                                                        ^
[build] C:\Users\pperv\code\unnamed_rpg\vendor\json\include\nlohmann/thirdparty/hedley/hedley.hpp(1360,94): note: expanded from macro 'JSON_HEDLEY_UNLIKELY'
[build]  1360 | #  define JSON_HEDLEY_UNLIKELY(expr)                    __builtin_expect                 (!!(expr),    0                  )
[build]       |                                                                                              ^
[build] C:\Users\pperv\code\unnamed_rpg\vendor\json\include\nlohmann/detail/input/parser.hpp(100,13): note: in instantiation of function template specialization 'nlohmann::detail::parser<nlohmann::basic_json<>, nlohmann::detail::iterator_input_adapter<const char *>>::sax_parse_internal<nlohmann::detail::json_sax_dom_callback_parser<nlohmann::basic_json<>, nlohmann::detail::iterator_input_adapter<const char *>>>' requested here
[build]   100 |             sax_parse_internal(&sdp);
[build]       |             ^
[build] C:\Users\pperv\code\unnamed_rpg\vendor\json\include\nlohmann/json.hpp(4112,148): note: in instantiation of member function 'nlohmann::detail::parser<nlohmann::basic_json<>, nlohmann::detail::iterator_input_adapter<const char *>>::parse' requested here
[build]  4112 |         parser(detail::input_adapter(std::move(first), std::move(last)), std::move(cb), allow_exceptions, ignore_comments, ignore_trailing_commas).parse(true, result); // cppcheck-suppress[accessMoved]
[build]       |                                                                                                                                                    ^
[build] C:\Users\pperv\code\unnamed_rpg\vendor\json\include\nlohmann/json.hpp(5294,28): note: in instantiation of function template specialization 'nlohmann::basic_json<>::parse<const char *, const char *, 0>' requested here
[build]  5294 |     return nlohmann::json::parse(s, s + n);
[build]       |                            ^
[build] In file included from C:\Users\pperv\code\unnamed_rpg\vendor\json-schema-validator\src\json-validator.cpp:9:
[build] In file included from C:\Users\pperv\code\unnamed_rpg\vendor\json-schema-validator\src\nlohmann/json-schema.hpp:24:
[build] In file included from C:\Users\pperv\code\unnamed_rpg\vendor\json\include\nlohmann/json.hpp:50:
[build] In file included from C:\Users\pperv\code\unnamed_rpg\vendor\json\include\nlohmann/detail/input/binary_reader.hpp:29:
[build] C:\Users\pperv\code\unnamed_rpg\vendor\json\include\nlohmann/detail/input/json_sax.hpp(849,28): warning: 'nullptr' is incompatible with C++98 [-Wc++98-compat]
[build]   849 |             return {false, nullptr};
[build]       |                            ^
[build] C:\Users\pperv\code\unnamed_rpg\vendor\json\include\nlohmann/detail/input/json_sax.hpp(849,20): warning: generalized initializer lists are incompatible with C++98 [-Wc++98-compat]
[build]   849 |             return {false, nullptr};
[build]       |                    ^~~~~~~~~~~~~~~~
[build] C:\Users\pperv\code\unnamed_rpg\vendor\json\include\nlohmann/detail/input/json_sax.hpp(853,9): warning: 'auto' type specifier is incompatible with C++98 [-Wc++98-compat]
[build]   853 |         auto value = BasicJsonType(std::forward<Value>(v));
[build]       |         ^~~~
[build] C:\Users\pperv\code\unnamed_rpg\vendor\json\include\nlohmann/detail/input/json_sax.hpp(877,28): warning: 'nullptr' is incompatible with C++98 [-Wc++98-compat]
[build]   877 |             return {false, nullptr};
[build]       |                            ^
[build] C:\Users\pperv\code\unnamed_rpg\vendor\json\include\nlohmann/detail/input/json_sax.hpp(877,20): warning: generalized initializer lists are incompatible with C++98 [-Wc++98-compat]
[build]   877 |             return {false, nullptr};
[build]       |                    ^~~~~~~~~~~~~~~~
[build] C:\Users\pperv\code\unnamed_rpg\vendor\json\include\nlohmann/detail/input/json_sax.hpp(883,20): warning: generalized initializer lists are incompatible with C++98 [-Wc++98-compat]
[build]   883 |             return {true, & root};
[build]       |                    ^~~~~~~~~~~~~~
[build] C:\Users\pperv\code\unnamed_rpg\vendor\json\include\nlohmann/detail/input/json_sax.hpp(890,28): warning: 'nullptr' is incompatible with C++98 [-Wc++98-compat]
[build]   890 |             return {false, nullptr};
[build]       |                            ^
[build] C:\Users\pperv\code\unnamed_rpg\vendor\json\include\nlohmann/detail/input/json_sax.hpp(890,20): warning: generalized initializer lists are incompatible with C++98 [-Wc++98-compat]
[build]   890 |             return {false, nullptr};
[build]       |                    ^~~~~~~~~~~~~~~~
[build] C:\Users\pperv\code\unnamed_rpg\vendor\json\include\nlohmann/detail/input/json_sax.hpp(900,20): warning: generalized initializer lists are incompatible with C++98 [-Wc++98-compat]
[build]   900 |             return {true, & (ref_stack.back()->m_data.m_value.array->back())};
[build]       |                    ^~~~~~~~~~~~~~~~~~~~~~~~~~~~~~~~~~~~~~~~~~~~~~~~~~~~~~~~~~
[build] C:\Users\pperv\code\unnamed_rpg\vendor\json\include\nlohmann/detail/input/json_sax.hpp(912,28): warning: 'nullptr' is incompatible with C++98 [-Wc++98-compat]
[build]   912 |             return {false, nullptr};
[build]       |                            ^
[build] C:\Users\pperv\code\unnamed_rpg\vendor\json\include\nlohmann/detail/input/json_sax.hpp(912,20): warning: generalized initializer lists are incompatible with C++98 [-Wc++98-compat]
[build]   912 |             return {false, nullptr};
[build]       |                    ^~~~~~~~~~~~~~~~
[build] C:\Users\pperv\code\unnamed_rpg\vendor\json\include\nlohmann/detail/input/json_sax.hpp(917,16): warning: generalized initializer lists are incompatible with C++98 [-Wc++98-compat]
[build]   917 |         return {true, object_element};
[build]       |                ^~~~~~~~~~~~~~~~~~~~~~
[build] C:\Users\pperv\code\unnamed_rpg\vendor\json\include\nlohmann/detail/input/json_sax.hpp(849,20): warning: constructor call from initializer list is incompatible with C++98 [-Wc++98-compat]
[build]   849 |             return {false, nullptr};
[build]       |                    ^~~~~~~~~~~~~~~~
[build] C:\Users\pperv\code\unnamed_rpg\vendor\json\include\nlohmann/detail/input/json_sax.hpp(551,20): note: in instantiation of function template specialization 'nlohmann::detail::json_sax_dom_callback_parser<nlohmann::basic_json<>, nlohmann::detail::iterator_input_adapter<const char *>>::handle_value<nlohmann::detail::value_t>' requested here
[build]   551 |         auto val = handle_value(BasicJsonType::value_t::object, true);
[build]       |                    ^
[build] C:\Users\pperv\code\unnamed_rpg\vendor\json\include\nlohmann/detail/input/parser.hpp(199,56): note: in instantiation of member function 'nlohmann::detail::json_sax_dom_callback_parser<nlohmann::basic_json<>, nlohmann::detail::iterator_input_adapter<const char *>>::start_object' requested here
[build]   199 |                         if (JSON_HEDLEY_UNLIKELY(!sax->start_object(detail::unknown_size())))
[build]       |                                                        ^
[build] C:\Users\pperv\code\unnamed_rpg\vendor\json\include\nlohmann/thirdparty/hedley/hedley.hpp(1360,94): note: expanded from macro 'JSON_HEDLEY_UNLIKELY'
[build]  1360 | #  define JSON_HEDLEY_UNLIKELY(expr)                    __builtin_expect                 (!!(expr),    0                  )
[build]       |                                                                                              ^
[build] C:\Users\pperv\code\unnamed_rpg\vendor\json\include\nlohmann/detail/input/parser.hpp(100,13): note: in instantiation of function template specialization 'nlohmann::detail::parser<nlohmann::basic_json<>, nlohmann::detail::iterator_input_adapter<const char *>>::sax_parse_internal<nlohmann::detail::json_sax_dom_callback_parser<nlohmann::basic_json<>, nlohmann::detail::iterator_input_adapter<const char *>>>' requested here
[build]   100 |             sax_parse_internal(&sdp);
[build]       |             ^
[build] C:\Users\pperv\code\unnamed_rpg\vendor\json\include\nlohmann/json.hpp(4112,148): note: in instantiation of member function 'nlohmann::detail::parser<nlohmann::basic_json<>, nlohmann::detail::iterator_input_adapter<const char *>>::parse' requested here
[build]  4112 |         parser(detail::input_adapter(std::move(first), std::move(last)), std::move(cb), allow_exceptions, ignore_comments, ignore_trailing_commas).parse(true, result); // cppcheck-suppress[accessMoved]
[build]       |                                                                                                                                                    ^
[build] C:\Users\pperv\code\unnamed_rpg\vendor\json\include\nlohmann/json.hpp(5294,28): note: in instantiation of function template specialization 'nlohmann::basic_json<>::parse<const char *, const char *, 0>' requested here
[build]  5294 |     return nlohmann::json::parse(s, s + n);
[build]       |                            ^
[build] In file included from C:\Users\pperv\code\unnamed_rpg\vendor\json-schema-validator\src\json-validator.cpp:9:
[build] In file included from C:\Users\pperv\code\unnamed_rpg\vendor\json-schema-validator\src\nlohmann/json-schema.hpp:24:
[build] In file included from C:\Users\pperv\code\unnamed_rpg\vendor\json\include\nlohmann/json.hpp:50:
[build] In file included from C:\Users\pperv\code\unnamed_rpg\vendor\json\include\nlohmann/detail/input/binary_reader.hpp:29:
[build] C:\Users\pperv\code\unnamed_rpg\vendor\json\include\nlohmann/detail/input/json_sax.hpp(860,89): warning: enumeration type in nested name specifier is incompatible with C++98 [-Wc++98-compat]
[build]   860 |         const bool keep = skip_callback || callback(static_cast<int>(ref_stack.size()), parse_event_t::value, value);
[build]       |                                                                                         ^
[build] C:\Users\pperv\code\unnamed_rpg\vendor\json\include\nlohmann/detail/input/json_sax.hpp(551,20): note: in instantiation of function template specialization 'nlohmann::detail::json_sax_dom_callback_parser<nlohmann::basic_json<>, nlohmann::detail::iterator_input_adapter<const char *>>::handle_value<nlohmann::detail::value_t>' requested here
[build]   551 |         auto val = handle_value(BasicJsonType::value_t::object, true);
[build]       |                    ^
[build] C:\Users\pperv\code\unnamed_rpg\vendor\json\include\nlohmann/detail/input/parser.hpp(199,56): note: in instantiation of member function 'nlohmann::detail::json_sax_dom_callback_parser<nlohmann::basic_json<>, nlohmann::detail::iterator_input_adapter<const char *>>::start_object' requested here
[build]   199 |                         if (JSON_HEDLEY_UNLIKELY(!sax->start_object(detail::unknown_size())))
[build]       |                                                        ^
[build] C:\Users\pperv\code\unnamed_rpg\vendor\json\include\nlohmann/thirdparty/hedley/hedley.hpp(1360,94): note: expanded from macro 'JSON_HEDLEY_UNLIKELY'
[build]  1360 | #  define JSON_HEDLEY_UNLIKELY(expr)                    __builtin_expect                 (!!(expr),    0                  )
[build]       |                                                                                              ^
[build] C:\Users\pperv\code\unnamed_rpg\vendor\json\include\nlohmann/detail/input/parser.hpp(100,13): note: in instantiation of function template specialization 'nlohmann::detail::parser<nlohmann::basic_json<>, nlohmann::detail::iterator_input_adapter<const char *>>::sax_parse_internal<nlohmann::detail::json_sax_dom_callback_parser<nlohmann::basic_json<>, nlohmann::detail::iterator_input_adapter<const char *>>>' requested here
[build]   100 |             sax_parse_internal(&sdp);
[build]       |             ^
[build] C:\Users\pperv\code\unnamed_rpg\vendor\json\include\nlohmann/json.hpp(4112,148): note: in instantiation of member function 'nlohmann::detail::parser<nlohmann::basic_json<>, nlohmann::detail::iterator_input_adapter<const char *>>::parse' requested here
[build]  4112 |         parser(detail::input_adapter(std::move(first), std::move(last)), std::move(cb), allow_exceptions, ignore_comments, ignore_trailing_commas).parse(true, result); // cppcheck-suppress[accessMoved]
[build]       |                                                                                                                                                    ^
[build] C:\Users\pperv\code\unnamed_rpg\vendor\json\include\nlohmann/json.hpp(5294,28): note: in instantiation of function template specialization 'nlohmann::basic_json<>::parse<const char *, const char *, 0>' requested here
[build]  5294 |     return nlohmann::json::parse(s, s + n);
[build]       |                            ^
[build] C:\Users\pperv\code\unnamed_rpg\vendor\json\include\nlohmann/json.hpp(1425,33): warning: enumeration type in nested name specifier is incompatible with C++98 [-Wc++98-compat]
[build]  1425 |         return m_data.m_type == value_t::object;
[build]       |                                 ^
[build] C:\Users\pperv\code\unnamed_rpg\vendor\json\include\nlohmann/detail/input/json_sax.hpp(867,77): note: in instantiation of member function 'nlohmann::basic_json<>::is_object' requested here
[build]   867 |             if (!ref_stack.empty() && ref_stack.back() && ref_stack.back()->is_object())
[build]       |                                                                             ^
[build] C:\Users\pperv\code\unnamed_rpg\vendor\json\include\nlohmann/detail/input/json_sax.hpp(551,20): note: in instantiation of function template specialization 'nlohmann::detail::json_sax_dom_callback_parser<nlohmann::basic_json<>, nlohmann::detail::iterator_input_adapter<const char *>>::handle_value<nlohmann::detail::value_t>' requested here
[build]   551 |         auto val = handle_value(BasicJsonType::value_t::object, true);
[build]       |                    ^
[build] C:\Users\pperv\code\unnamed_rpg\vendor\json\include\nlohmann/detail/input/parser.hpp(199,56): note: in instantiation of member function 'nlohmann::detail::json_sax_dom_callback_parser<nlohmann::basic_json<>, nlohmann::detail::iterator_input_adapter<const char *>>::start_object' requested here
[build]   199 |                         if (JSON_HEDLEY_UNLIKELY(!sax->start_object(detail::unknown_size())))
[build]       |                                                        ^
[build] C:\Users\pperv\code\unnamed_rpg\vendor\json\include\nlohmann/thirdparty/hedley/hedley.hpp(1360,94): note: expanded from macro 'JSON_HEDLEY_UNLIKELY'
[build]  1360 | #  define JSON_HEDLEY_UNLIKELY(expr)                    __builtin_expect                 (!!(expr),    0                  )
[build]       |                                                                                              ^
[build] C:\Users\pperv\code\unnamed_rpg\vendor\json\include\nlohmann/detail/input/parser.hpp(100,13): note: in instantiation of function template specialization 'nlohmann::detail::parser<nlohmann::basic_json<>, nlohmann::detail::iterator_input_adapter<const char *>>::sax_parse_internal<nlohmann::detail::json_sax_dom_callback_parser<nlohmann::basic_json<>, nlohmann::detail::iterator_input_adapter<const char *>>>' requested here
[build]   100 |             sax_parse_internal(&sdp);
[build]       |             ^
[build] C:\Users\pperv\code\unnamed_rpg\vendor\json\include\nlohmann/json.hpp(4112,148): note: in instantiation of member function 'nlohmann::detail::parser<nlohmann::basic_json<>, nlohmann::detail::iterator_input_adapter<const char *>>::parse' requested here
[build]  4112 |         parser(detail::input_adapter(std::move(first), std::move(last)), std::move(cb), allow_exceptions, ignore_comments, ignore_trailing_commas).parse(true, result); // cppcheck-suppress[accessMoved]
[build]       |                                                                                                                                                    ^
[build] C:\Users\pperv\code\unnamed_rpg\vendor\json\include\nlohmann/json.hpp(5294,28): note: in instantiation of function template specialization 'nlohmann::basic_json<>::parse<const char *, const char *, 0>' requested here
[build]  5294 |     return nlohmann::json::parse(s, s + n);
[build]       |                            ^
[build] In file included from C:\Users\pperv\code\unnamed_rpg\vendor\json-schema-validator\src\json-validator.cpp:9:
[build] In file included from C:\Users\pperv\code\unnamed_rpg\vendor\json-schema-validator\src\nlohmann/json-schema.hpp:24:
[build] In file included from C:\Users\pperv\code\unnamed_rpg\vendor\json\include\nlohmann/json.hpp:50:
[build] In file included from C:\Users\pperv\code\unnamed_rpg\vendor\json\include\nlohmann/detail/input/binary_reader.hpp:29:
[build] C:\Users\pperv\code\unnamed_rpg\vendor\json\include\nlohmann/detail/input/json_sax.hpp(877,20): warning: constructor call from initializer list is incompatible with C++98 [-Wc++98-compat]
[build]   877 |             return {false, nullptr};
[build]       |                    ^~~~~~~~~~~~~~~~
[build] C:\Users\pperv\code\unnamed_rpg\vendor\json\include\nlohmann/detail/input/json_sax.hpp(551,20): note: in instantiation of function template specialization 'nlohmann::detail::json_sax_dom_callback_parser<nlohmann::basic_json<>, nlohmann::detail::iterator_input_adapter<const char *>>::handle_value<nlohmann::detail::value_t>' requested here
[build]   551 |         auto val = handle_value(BasicJsonType::value_t::object, true);
[build]       |                    ^
[build] C:\Users\pperv\code\unnamed_rpg\vendor\json\include\nlohmann/detail/input/parser.hpp(199,56): note: in instantiation of member function 'nlohmann::detail::json_sax_dom_callback_parser<nlohmann::basic_json<>, nlohmann::detail::iterator_input_adapter<const char *>>::start_object' requested here
[build]   199 |                         if (JSON_HEDLEY_UNLIKELY(!sax->start_object(detail::unknown_size())))
[build]       |                                                        ^
[build] C:\Users\pperv\code\unnamed_rpg\vendor\json\include\nlohmann/thirdparty/hedley/hedley.hpp(1360,94): note: expanded from macro 'JSON_HEDLEY_UNLIKELY'
[build]  1360 | #  define JSON_HEDLEY_UNLIKELY(expr)                    __builtin_expect                 (!!(expr),    0                  )
[build]       |                                                                                              ^
[build] C:\Users\pperv\code\unnamed_rpg\vendor\json\include\nlohmann/detail/input/parser.hpp(100,13): note: in instantiation of function template specialization 'nlohmann::detail::parser<nlohmann::basic_json<>, nlohmann::detail::iterator_input_adapter<const char *>>::sax_parse_internal<nlohmann::detail::json_sax_dom_callback_parser<nlohmann::basic_json<>, nlohmann::detail::iterator_input_adapter<const char *>>>' requested here
[build]   100 |             sax_parse_internal(&sdp);
[build]       |             ^
[build] C:\Users\pperv\code\unnamed_rpg\vendor\json\include\nlohmann/json.hpp(4112,148): note: in instantiation of member function 'nlohmann::detail::parser<nlohmann::basic_json<>, nlohmann::detail::iterator_input_adapter<const char *>>::parse' requested here
[build]  4112 |         parser(detail::input_adapter(std::move(first), std::move(last)), std::move(cb), allow_exceptions, ignore_comments, ignore_trailing_commas).parse(true, result); // cppcheck-suppress[accessMoved]
[build]       |                                                                                                                                                    ^
[build] C:\Users\pperv\code\unnamed_rpg\vendor\json\include\nlohmann/json.hpp(5294,28): note: in instantiation of function template specialization 'nlohmann::basic_json<>::parse<const char *, const char *, 0>' requested here
[build]  5294 |     return nlohmann::json::parse(s, s + n);
[build]       |                            ^
[build] In file included from C:\Users\pperv\code\unnamed_rpg\vendor\json-schema-validator\src\json-validator.cpp:9:
[build] In file included from C:\Users\pperv\code\unnamed_rpg\vendor\json-schema-validator\src\nlohmann/json-schema.hpp:24:
[build] In file included from C:\Users\pperv\code\unnamed_rpg\vendor\json\include\nlohmann/json.hpp:50:
[build] In file included from C:\Users\pperv\code\unnamed_rpg\vendor\json\include\nlohmann/detail/input/binary_reader.hpp:29:
[build] C:\Users\pperv\code\unnamed_rpg\vendor\json\include\nlohmann/detail/input/json_sax.hpp(883,20): warning: constructor call from initializer list is incompatible with C++98 [-Wc++98-compat]
[build]   883 |             return {true, & root};
[build]       |                    ^~~~~~~~~~~~~~
[build] C:\Users\pperv\code\unnamed_rpg\vendor\json\include\nlohmann/detail/input/json_sax.hpp(890,20): warning: constructor call from initializer list is incompatible with C++98 [-Wc++98-compat]
[build]   890 |             return {false, nullptr};
[build]       |                    ^~~~~~~~~~~~~~~~
[build] In file included from C:\Users\pperv\code\unnamed_rpg\vendor\json-schema-validator\src\json-validator.cpp:9:
[build] In file included from C:\Users\pperv\code\unnamed_rpg\vendor\json-schema-validator\src\nlohmann/json-schema.hpp:24:
[build] C:\Users\pperv\code\unnamed_rpg\vendor\json\include\nlohmann/json.hpp(1432,33): warning: enumeration type in nested name specifier is incompatible with C++98 [-Wc++98-compat]
[build]  1432 |         return m_data.m_type == value_t::array;
[build]       |                                 ^
[build] C:\Users\pperv\code\unnamed_rpg\vendor\json\include\nlohmann/detail/input/json_sax.hpp(894,39): note: in instantiation of member function 'nlohmann::basic_json<>::is_array' requested here
[build]   894 |         JSON_ASSERT(ref_stack.back()->is_array() || ref_stack.back()->is_object());
[build]       |                                       ^
[build] C:\Users\pperv\code\unnamed_rpg\vendor\json\include\nlohmann/detail/macro_scope.hpp(233,35): note: expanded from macro 'JSON_ASSERT'
[build]   233 |     #define JSON_ASSERT(x) assert(x)
[build]       |                                   ^
[build] C:\Program Files (x86)\Windows Kits\10\include\10.0.26100.0\ucrt\assert.h(40,17): note: expanded from macro 'assert'
[build]    40 |             (!!(expression)) ||                                                               \
[build]       |                 ^
[build] C:\Users\pperv\code\unnamed_rpg\vendor\json\include\nlohmann/detail/input/json_sax.hpp(551,20): note: in instantiation of function template specialization 'nlohmann::detail::json_sax_dom_callback_parser<nlohmann::basic_json<>, nlohmann::detail::iterator_input_adapter<const char *>>::handle_value<nlohmann::detail::value_t>' requested here
[build]   551 |         auto val = handle_value(BasicJsonType::value_t::object, true);
[build]       |                    ^
[build] C:\Users\pperv\code\unnamed_rpg\vendor\json\include\nlohmann/detail/input/parser.hpp(199,56): note: in instantiation of member function 'nlohmann::detail::json_sax_dom_callback_parser<nlohmann::basic_json<>, nlohmann::detail::iterator_input_adapter<const char *>>::start_object' requested here
[build]   199 |                         if (JSON_HEDLEY_UNLIKELY(!sax->start_object(detail::unknown_size())))
[build]       |                                                        ^
[build] C:\Users\pperv\code\unnamed_rpg\vendor\json\include\nlohmann/thirdparty/hedley/hedley.hpp(1360,94): note: expanded from macro 'JSON_HEDLEY_UNLIKELY'
[build]  1360 | #  define JSON_HEDLEY_UNLIKELY(expr)                    __builtin_expect                 (!!(expr),    0                  )
[build]       |                                                                                              ^
[build] C:\Users\pperv\code\unnamed_rpg\vendor\json\include\nlohmann/detail/input/parser.hpp(100,13): note: in instantiation of function template specialization 'nlohmann::detail::parser<nlohmann::basic_json<>, nlohmann::detail::iterator_input_adapter<const char *>>::sax_parse_internal<nlohmann::detail::json_sax_dom_callback_parser<nlohmann::basic_json<>, nlohmann::detail::iterator_input_adapter<const char *>>>' requested here
[build]   100 |             sax_parse_internal(&sdp);
[build]       |             ^
[build] C:\Users\pperv\code\unnamed_rpg\vendor\json\include\nlohmann/json.hpp(4112,148): note: in instantiation of member function 'nlohmann::detail::parser<nlohmann::basic_json<>, nlohmann::detail::iterator_input_adapter<const char *>>::parse' requested here
[build]  4112 |         parser(detail::input_adapter(std::move(first), std::move(last)), std::move(cb), allow_exceptions, ignore_comments, ignore_trailing_commas).parse(true, result); // cppcheck-suppress[accessMoved]
[build]       |                                                                                                                                                    ^
[build] C:\Users\pperv\code\unnamed_rpg\vendor\json\include\nlohmann/json.hpp(5294,28): note: in instantiation of function template specialization 'nlohmann::basic_json<>::parse<const char *, const char *, 0>' requested here
[build]  5294 |     return nlohmann::json::parse(s, s + n);
[build]       |                            ^
[build] In file included from C:\Users\pperv\code\unnamed_rpg\vendor\json-schema-validator\src\json-validator.cpp:9:
[build] In file included from C:\Users\pperv\code\unnamed_rpg\vendor\json-schema-validator\src\nlohmann/json-schema.hpp:24:
[build] In file included from C:\Users\pperv\code\unnamed_rpg\vendor\json\include\nlohmann/json.hpp:50:
[build] In file included from C:\Users\pperv\code\unnamed_rpg\vendor\json\include\nlohmann/detail/input/binary_reader.hpp:29:
[build] C:\Users\pperv\code\unnamed_rpg\vendor\json\include\nlohmann/detail/input/json_sax.hpp(900,20): warning: constructor call from initializer list is incompatible with C++98 [-Wc++98-compat]
[build]   900 |             return {true, & (ref_stack.back()->m_data.m_value.array->back())};
[build]       |                    ^~~~~~~~~~~~~~~~~~~~~~~~~~~~~~~~~~~~~~~~~~~~~~~~~~~~~~~~~~
[build] C:\Users\pperv\code\unnamed_rpg\vendor\json\include\nlohmann/detail/input/json_sax.hpp(551,20): note: in instantiation of function template specialization 'nlohmann::detail::json_sax_dom_callback_parser<nlohmann::basic_json<>, nlohmann::detail::iterator_input_adapter<const char *>>::handle_value<nlohmann::detail::value_t>' requested here
[build]   551 |         auto val = handle_value(BasicJsonType::value_t::object, true);
[build]       |                    ^
[build] C:\Users\pperv\code\unnamed_rpg\vendor\json\include\nlohmann/detail/input/parser.hpp(199,56): note: in instantiation of member function 'nlohmann::detail::json_sax_dom_callback_parser<nlohmann::basic_json<>, nlohmann::detail::iterator_input_adapter<const char *>>::start_object' requested here
[build]   199 |                         if (JSON_HEDLEY_UNLIKELY(!sax->start_object(detail::unknown_size())))
[build]       |                                                        ^
[build] C:\Users\pperv\code\unnamed_rpg\vendor\json\include\nlohmann/thirdparty/hedley/hedley.hpp(1360,94): note: expanded from macro 'JSON_HEDLEY_UNLIKELY'
[build]  1360 | #  define JSON_HEDLEY_UNLIKELY(expr)                    __builtin_expect                 (!!(expr),    0                  )
[build]       |                                                                                              ^
[build] C:\Users\pperv\code\unnamed_rpg\vendor\json\include\nlohmann/detail/input/parser.hpp(100,13): note: in instantiation of function template specialization 'nlohmann::detail::parser<nlohmann::basic_json<>, nlohmann::detail::iterator_input_adapter<const char *>>::sax_parse_internal<nlohmann::detail::json_sax_dom_callback_parser<nlohmann::basic_json<>, nlohmann::detail::iterator_input_adapter<const char *>>>' requested here
[build]   100 |             sax_parse_internal(&sdp);
[build]       |             ^
[build] C:\Users\pperv\code\unnamed_rpg\vendor\json\include\nlohmann/json.hpp(4112,148): note: in instantiation of member function 'nlohmann::detail::parser<nlohmann::basic_json<>, nlohmann::detail::iterator_input_adapter<const char *>>::parse' requested here
[build]  4112 |         parser(detail::input_adapter(std::move(first), std::move(last)), std::move(cb), allow_exceptions, ignore_comments, ignore_trailing_commas).parse(true, result); // cppcheck-suppress[accessMoved]
[build]       |                                                                                                                                                    ^
[build] C:\Users\pperv\code\unnamed_rpg\vendor\json\include\nlohmann/json.hpp(5294,28): note: in instantiation of function template specialization 'nlohmann::basic_json<>::parse<const char *, const char *, 0>' requested here
[build]  5294 |     return nlohmann::json::parse(s, s + n);
[build]       |                            ^
[build] In file included from C:\Users\pperv\code\unnamed_rpg\vendor\json-schema-validator\src\json-validator.cpp:9:
[build] In file included from C:\Users\pperv\code\unnamed_rpg\vendor\json-schema-validator\src\nlohmann/json-schema.hpp:24:
[build] In file included from C:\Users\pperv\code\unnamed_rpg\vendor\json\include\nlohmann/json.hpp:50:
[build] In file included from C:\Users\pperv\code\unnamed_rpg\vendor\json\include\nlohmann/detail/input/binary_reader.hpp:29:
[build] C:\Users\pperv\code\unnamed_rpg\vendor\json\include\nlohmann/detail/input/json_sax.hpp(912,20): warning: constructor call from initializer list is incompatible with C++98 [-Wc++98-compat]
[build]   912 |             return {false, nullptr};
[build]       |                    ^~~~~~~~~~~~~~~~
[build] C:\Users\pperv\code\unnamed_rpg\vendor\json\include\nlohmann/detail/input/json_sax.hpp(917,16): warning: constructor call from initializer list is incompatible with C++98 [-Wc++98-compat]
[build]   917 |         return {true, object_element};
[build]       |                ^~~~~~~~~~~~~~~~~~~~~~
[build] C:\Users\pperv\code\unnamed_rpg\vendor\json\include\nlohmann/detail/input/json_sax.hpp(815,14): warning: 'auto' type specifier is incompatible with C++98 [-Wc++98-compat]
[build]   815 |         for (auto it = parent.begin(); it != parent.end(); ++it)
[build]       |              ^~~~
[build] In file included from C:\Users\pperv\code\unnamed_rpg\vendor\json-schema-validator\src\json-validator.cpp:9:
[build] In file included from C:\Users\pperv\code\unnamed_rpg\vendor\json-schema-validator\src\nlohmann/json-schema.hpp:24:
[build] In file included from C:\Users\pperv\code\unnamed_rpg\vendor\json\include\nlohmann/json.hpp:55:
[build] C:\Users\pperv\code\unnamed_rpg\vendor\json\include\nlohmann/detail/iterators/iter_impl.hpp(326,33): warning: 'nullptr' is incompatible with C++98 [-Wc++98-compat]
[build]   326 |         JSON_ASSERT(m_object != nullptr);
[build]       |                                 ^
[build] C:\Users\pperv\code\unnamed_rpg\vendor\json\include\nlohmann/detail/iterators/iter_impl.hpp(330,18): warning: enumeration type in nested name specifier is incompatible with C++98 [-Wc++98-compat]
[build]   330 |             case value_t::object:
[build]       |                  ^
[build] C:\Users\pperv\code\unnamed_rpg\vendor\json\include\nlohmann/detail/input/json_sax.hpp(874,21): note: in instantiation of member function 'nlohmann::detail::json_sax_dom_callback_parser<nlohmann::basic_json<>, nlohmann::detail::iterator_input_adapter<const char *>>::remove_discarded_value' requested here
[build]   874 |                     remove_discarded_value(*ref_stack.back());
[build]       |                     ^
[build] C:\Users\pperv\code\unnamed_rpg\vendor\json\include\nlohmann/detail/input/json_sax.hpp(551,20): note: in instantiation of function template specialization 'nlohmann::detail::json_sax_dom_callback_parser<nlohmann::basic_json<>, nlohmann::detail::iterator_input_adapter<const char *>>::handle_value<nlohmann::detail::value_t>' requested here
[build]   551 |         auto val = handle_value(BasicJsonType::value_t::object, true);
[build]       |                    ^
[build] C:\Users\pperv\code\unnamed_rpg\vendor\json\include\nlohmann/detail/input/parser.hpp(199,56): note: in instantiation of member function 'nlohmann::detail::json_sax_dom_callback_parser<nlohmann::basic_json<>, nlohmann::detail::iterator_input_adapter<const char *>>::start_object' requested here
[build]   199 |                         if (JSON_HEDLEY_UNLIKELY(!sax->start_object(detail::unknown_size())))
[build]       |                                                        ^
[build] C:\Users\pperv\code\unnamed_rpg\vendor\json\include\nlohmann/thirdparty/hedley/hedley.hpp(1360,94): note: expanded from macro 'JSON_HEDLEY_UNLIKELY'
[build]  1360 | #  define JSON_HEDLEY_UNLIKELY(expr)                    __builtin_expect                 (!!(expr),    0                  )
[build]       |                                                                                              ^
[build] C:\Users\pperv\code\unnamed_rpg\vendor\json\include\nlohmann/detail/input/parser.hpp(100,13): note: in instantiation of function template specialization 'nlohmann::detail::parser<nlohmann::basic_json<>, nlohmann::detail::iterator_input_adapter<const char *>>::sax_parse_internal<nlohmann::detail::json_sax_dom_callback_parser<nlohmann::basic_json<>, nlohmann::detail::iterator_input_adapter<const char *>>>' requested here
[build]   100 |             sax_parse_internal(&sdp);
[build]       |             ^
[build] C:\Users\pperv\code\unnamed_rpg\vendor\json\include\nlohmann/json.hpp(4112,148): note: in instantiation of member function 'nlohmann::detail::parser<nlohmann::basic_json<>, nlohmann::detail::iterator_input_adapter<const char *>>::parse' requested here
[build]  4112 |         parser(detail::input_adapter(std::move(first), std::move(last)), std::move(cb), allow_exceptions, ignore_comments, ignore_trailing_commas).parse(true, result); // cppcheck-suppress[accessMoved]
[build]       |                                                                                                                                                    ^
[build] C:\Users\pperv\code\unnamed_rpg\vendor\json\include\nlohmann/json.hpp(5294,28): note: in instantiation of function template specialization 'nlohmann::basic_json<>::parse<const char *, const char *, 0>' requested here
[build]  5294 |     return nlohmann::json::parse(s, s + n);
[build]       |                            ^
[build] In file included from C:\Users\pperv\code\unnamed_rpg\vendor\json-schema-validator\src\json-validator.cpp:9:
[build] In file included from C:\Users\pperv\code\unnamed_rpg\vendor\json-schema-validator\src\nlohmann/json-schema.hpp:24:
[build] In file included from C:\Users\pperv\code\unnamed_rpg\vendor\json\include\nlohmann/json.hpp:55:
[build] C:\Users\pperv\code\unnamed_rpg\vendor\json\include\nlohmann/detail/iterators/iter_impl.hpp(336,18): warning: enumeration type in nested name specifier is incompatible with C++98 [-Wc++98-compat]
[build]   336 |             case value_t::array:
[build]       |                  ^
[build] C:\Users\pperv\code\unnamed_rpg\vendor\json\include\nlohmann/detail/iterators/iter_impl.hpp(342,18): warning: enumeration type in nested name specifier is incompatible with C++98 [-Wc++98-compat]
[build]   342 |             case value_t::null:
[build]       |                  ^
[build] C:\Users\pperv\code\unnamed_rpg\vendor\json\include\nlohmann/detail/iterators/iter_impl.hpp(343,18): warning: enumeration type in nested name specifier is incompatible with C++98 [-Wc++98-compat]
[build]   343 |             case value_t::string:
[build]       |                  ^
[build] C:\Users\pperv\code\unnamed_rpg\vendor\json\include\nlohmann/detail/iterators/iter_impl.hpp(344,18): warning: enumeration type in nested name specifier is incompatible with C++98 [-Wc++98-compat]
[build]   344 |             case value_t::boolean:
[build]       |                  ^
[build] C:\Users\pperv\code\unnamed_rpg\vendor\json\include\nlohmann/detail/iterators/iter_impl.hpp(345,18): warning: enumeration type in nested name specifier is incompatible with C++98 [-Wc++98-compat]
[build]   345 |             case value_t::number_integer:
[build]       |                  ^
[build] C:\Users\pperv\code\unnamed_rpg\vendor\json\include\nlohmann/detail/iterators/iter_impl.hpp(346,18): warning: enumeration type in nested name specifier is incompatible with C++98 [-Wc++98-compat]
[build]   346 |             case value_t::number_unsigned:
[build]       |                  ^
[build] C:\Users\pperv\code\unnamed_rpg\vendor\json\include\nlohmann/detail/iterators/iter_impl.hpp(347,18): warning: enumeration type in nested name specifier is incompatible with C++98 [-Wc++98-compat]
[build]   347 |             case value_t::number_float:
[build]       |                  ^
[build] C:\Users\pperv\code\unnamed_rpg\vendor\json\include\nlohmann/detail/iterators/iter_impl.hpp(348,18): warning: enumeration type in nested name specifier is incompatible with C++98 [-Wc++98-compat]
[build]   348 |             case value_t::binary:
[build]       |                  ^
[build] C:\Users\pperv\code\unnamed_rpg\vendor\json\include\nlohmann/detail/iterators/iter_impl.hpp(349,18): warning: enumeration type in nested name specifier is incompatible with C++98 [-Wc++98-compat]
[build]   349 |             case value_t::discarded:
[build]       |                  ^
[build] C:\Users\pperv\code\unnamed_rpg\vendor\json\include\nlohmann/detail/iterators/iter_impl.hpp(330,18): warning: enumeration type in nested name specifier is incompatible with C++98 [-Wc++98-compat]
[build]   330 |             case value_t::object:
[build]       |                  ^
[build] C:\Users\pperv\code\unnamed_rpg\vendor\json\include\nlohmann/detail/input/json_sax.hpp(817,19): note: in instantiation of member function 'nlohmann::detail::iter_impl<nlohmann::basic_json<>>::operator->' requested here
[build]   817 |             if (it->is_discarded())
[build]       |                   ^
[build] C:\Users\pperv\code\unnamed_rpg\vendor\json\include\nlohmann/detail/input/json_sax.hpp(874,21): note: in instantiation of member function 'nlohmann::detail::json_sax_dom_callback_parser<nlohmann::basic_json<>, nlohmann::detail::iterator_input_adapter<const char *>>::remove_discarded_value' requested here
[build]   874 |                     remove_discarded_value(*ref_stack.back());
[build]       |                     ^
[build] C:\Users\pperv\code\unnamed_rpg\vendor\json\include\nlohmann/detail/input/json_sax.hpp(551,20): note: in instantiation of function template specialization 'nlohmann::detail::json_sax_dom_callback_parser<nlohmann::basic_json<>, nlohmann::detail::iterator_input_adapter<const char *>>::handle_value<nlohmann::detail::value_t>' requested here
[build]   551 |         auto val = handle_value(BasicJsonType::value_t::object, true);
[build]       |                    ^
[build] C:\Users\pperv\code\unnamed_rpg\vendor\json\include\nlohmann/detail/input/parser.hpp(199,56): note: in instantiation of member function 'nlohmann::detail::json_sax_dom_callback_parser<nlohmann::basic_json<>, nlohmann::detail::iterator_input_adapter<const char *>>::start_object' requested here
[build]   199 |                         if (JSON_HEDLEY_UNLIKELY(!sax->start_object(detail::unknown_size())))
[build]       |                                                        ^
[build] C:\Users\pperv\code\unnamed_rpg\vendor\json\include\nlohmann/thirdparty/hedley/hedley.hpp(1360,94): note: expanded from macro 'JSON_HEDLEY_UNLIKELY'
[build]  1360 | #  define JSON_HEDLEY_UNLIKELY(expr)                    __builtin_expect                 (!!(expr),    0                  )
[build]       |                                                                                              ^
[build] C:\Users\pperv\code\unnamed_rpg\vendor\json\include\nlohmann/detail/input/parser.hpp(100,13): note: in instantiation of function template specialization 'nlohmann::detail::parser<nlohmann::basic_json<>, nlohmann::detail::iterator_input_adapter<const char *>>::sax_parse_internal<nlohmann::detail::json_sax_dom_callback_parser<nlohmann::basic_json<>, nlohmann::detail::iterator_input_adapter<const char *>>>' requested here
[build]   100 |             sax_parse_internal(&sdp);
[build]       |             ^
[build] C:\Users\pperv\code\unnamed_rpg\vendor\json\include\nlohmann/json.hpp(4112,148): note: in instantiation of member function 'nlohmann::detail::parser<nlohmann::basic_json<>, nlohmann::detail::iterator_input_adapter<const char *>>::parse' requested here
[build]  4112 |         parser(detail::input_adapter(std::move(first), std::move(last)), std::move(cb), allow_exceptions, ignore_comments, ignore_trailing_commas).parse(true, result); // cppcheck-suppress[accessMoved]
[build]       |                                                                                                                                                    ^
[build] C:\Users\pperv\code\unnamed_rpg\vendor\json\include\nlohmann/json.hpp(5294,28): note: in instantiation of function template specialization 'nlohmann::basic_json<>::parse<const char *, const char *, 0>' requested here
[build]  5294 |     return nlohmann::json::parse(s, s + n);
[build]       |                            ^
[build] In file included from C:\Users\pperv\code\unnamed_rpg\vendor\json-schema-validator\src\json-validator.cpp:9:
[build] In file included from C:\Users\pperv\code\unnamed_rpg\vendor\json-schema-validator\src\nlohmann/json-schema.hpp:24:
[build] In file included from C:\Users\pperv\code\unnamed_rpg\vendor\json\include\nlohmann/json.hpp:55:
[build] C:\Users\pperv\code\unnamed_rpg\vendor\json\include\nlohmann/detail/iterators/iter_impl.hpp(336,18): warning: enumeration type in nested name specifier is incompatible with C++98 [-Wc++98-compat]
[build]   336 |             case value_t::array:
[build]       |                  ^
[build] C:\Users\pperv\code\unnamed_rpg\vendor\json\include\nlohmann/detail/iterators/iter_impl.hpp(342,18): warning: enumeration type in nested name specifier is incompatible with C++98 [-Wc++98-compat]
[build]   342 |             case value_t::null:
[build]       |                  ^
[build] C:\Users\pperv\code\unnamed_rpg\vendor\json\include\nlohmann/detail/iterators/iter_impl.hpp(343,18): warning: enumeration type in nested name specifier is incompatible with C++98 [-Wc++98-compat]
[build]   343 |             case value_t::string:
[build]       |                  ^
[build] C:\Users\pperv\code\unnamed_rpg\vendor\json\include\nlohmann/detail/iterators/iter_impl.hpp(344,18): warning: enumeration type in nested name specifier is incompatible with C++98 [-Wc++98-compat]
[build]   344 |             case value_t::boolean:
[build]       |                  ^
[build] C:\Users\pperv\code\unnamed_rpg\vendor\json\include\nlohmann/detail/iterators/iter_impl.hpp(345,18): warning: enumeration type in nested name specifier is incompatible with C++98 [-Wc++98-compat]
[build]   345 |             case value_t::number_integer:
[build]       |                  ^
[build] C:\Users\pperv\code\unnamed_rpg\vendor\json\include\nlohmann/detail/iterators/iter_impl.hpp(346,18): warning: enumeration type in nested name specifier is incompatible with C++98 [-Wc++98-compat]
[build]   346 |             case value_t::number_unsigned:
[build]       |                  ^
[build] C:\Users\pperv\code\unnamed_rpg\vendor\json\include\nlohmann/detail/iterators/iter_impl.hpp(347,18): warning: enumeration type in nested name specifier is incompatible with C++98 [-Wc++98-compat]
[build]   347 |             case value_t::number_float:
[build]       |                  ^
[build] C:\Users\pperv\code\unnamed_rpg\vendor\json\include\nlohmann/detail/iterators/iter_impl.hpp(348,18): warning: enumeration type in nested name specifier is incompatible with C++98 [-Wc++98-compat]
[build]   348 |             case value_t::binary:
[build]       |                  ^
[build] C:\Users\pperv\code\unnamed_rpg\vendor\json\include\nlohmann/detail/iterators/iter_impl.hpp(349,18): warning: enumeration type in nested name specifier is incompatible with C++98 [-Wc++98-compat]
[build]   349 |             case value_t::discarded:
[build]       |                  ^
[build] C:\Users\pperv\code\unnamed_rpg\vendor\json\include\nlohmann/detail/iterators/iter_impl.hpp(350,13): warning: default label in switch which covers all enumeration values [-Wcovered-switch-default]
[build]   350 |             default:
[build]       |             ^
[build] In file included from C:\Users\pperv\code\unnamed_rpg\vendor\json-schema-validator\src\json-validator.cpp:9:
[build] In file included from C:\Users\pperv\code\unnamed_rpg\vendor\json-schema-validator\src\nlohmann/json-schema.hpp:24:
[build] In file included from C:\Users\pperv\code\unnamed_rpg\vendor\json\include\nlohmann/json.hpp:44:
[build] In file included from C:\Users\pperv\code\unnamed_rpg\vendor\json\include\nlohmann/adl_serializer.hpp:14:
[build] In file included from C:\Users\pperv\code\unnamed_rpg\vendor\json\include\nlohmann/detail/conversions/from_json.hpp:24:
[build] C:\Users\pperv\code\unnamed_rpg\vendor\json\include\nlohmann/detail/exceptions.hpp(226,16): warning: generalized initializer lists are incompatible with C++98 [-Wc++98-compat]
[build]   226 |         return {id_, w.c_str()};
[build]       |                ^~~~~~~~~~~~~~~~
[build] C:\Users\pperv\code\unnamed_rpg\vendor\json\include\nlohmann/detail/exceptions.hpp(226,16): warning: constructor call from initializer list is incompatible with C++98 [-Wc++98-compat]
[build]   226 |         return {id_, w.c_str()};
[build]       |                ^~~~~~~~~~~~~~~~
[build] C:\Users\pperv\code\unnamed_rpg\vendor\json\include\nlohmann/detail/exceptions.hpp(226,16): warning: constructor call from initializer list is incompatible with C++98 [-Wc++98-compat]
[build]   226 |         return {id_, w.c_str()};
[build]       |                ^~~~~~~~~~~~~~~~
[build] C:\Users\pperv\code\unnamed_rpg\vendor\json\include\nlohmann/detail/iterators/iter_impl.hpp(357,46): note: in instantiation of function template specialization 'nlohmann::detail::invalid_iterator::create<nlohmann::basic_json<> *, 0>' requested here
[build]   357 |                 JSON_THROW(invalid_iterator::create(214, "cannot get value", m_object));
[build]       |                                              ^
[build] C:\Users\pperv\code\unnamed_rpg\vendor\json\include\nlohmann/detail/macro_scope.hpp(198,41): note: expanded from macro 'JSON_THROW'
[build]   198 |     #define JSON_THROW(exception) throw exception
[build]       |                                         ^
[build] C:\Users\pperv\code\unnamed_rpg\vendor\json\include\nlohmann/detail/input/json_sax.hpp(817,19): note: in instantiation of member function 'nlohmann::detail::iter_impl<nlohmann::basic_json<>>::operator->' requested here
[build]   817 |             if (it->is_discarded())
[build]       |                   ^
[build] C:\Users\pperv\code\unnamed_rpg\vendor\json\include\nlohmann/detail/input/json_sax.hpp(874,21): note: in instantiation of member function 'nlohmann::detail::json_sax_dom_callback_parser<nlohmann::basic_json<>, nlohmann::detail::iterator_input_adapter<const char *>>::remove_discarded_value' requested here
[build]   874 |                     remove_discarded_value(*ref_stack.back());
[build]       |                     ^
[build] C:\Users\pperv\code\unnamed_rpg\vendor\json\include\nlohmann/detail/input/json_sax.hpp(551,20): note: in instantiation of function template specialization 'nlohmann::detail::json_sax_dom_callback_parser<nlohmann::basic_json<>, nlohmann::detail::iterator_input_adapter<const char *>>::handle_value<nlohmann::detail::value_t>' requested here
[build]   551 |         auto val = handle_value(BasicJsonType::value_t::object, true);
[build]       |                    ^
[build] C:\Users\pperv\code\unnamed_rpg\vendor\json\include\nlohmann/detail/input/parser.hpp(199,56): note: in instantiation of member function 'nlohmann::detail::json_sax_dom_callback_parser<nlohmann::basic_json<>, nlohmann::detail::iterator_input_adapter<const char *>>::start_object' requested here
[build]   199 |                         if (JSON_HEDLEY_UNLIKELY(!sax->start_object(detail::unknown_size())))
[build]       |                                                        ^
[build] C:\Users\pperv\code\unnamed_rpg\vendor\json\include\nlohmann/thirdparty/hedley/hedley.hpp(1360,94): note: expanded from macro 'JSON_HEDLEY_UNLIKELY'
[build]  1360 | #  define JSON_HEDLEY_UNLIKELY(expr)                    __builtin_expect                 (!!(expr),    0                  )
[build]       |                                                                                              ^
[build] C:\Users\pperv\code\unnamed_rpg\vendor\json\include\nlohmann/detail/input/parser.hpp(100,13): note: in instantiation of function template specialization 'nlohmann::detail::parser<nlohmann::basic_json<>, nlohmann::detail::iterator_input_adapter<const char *>>::sax_parse_internal<nlohmann::detail::json_sax_dom_callback_parser<nlohmann::basic_json<>, nlohmann::detail::iterator_input_adapter<const char *>>>' requested here
[build]   100 |             sax_parse_internal(&sdp);
[build]       |             ^
[build] C:\Users\pperv\code\unnamed_rpg\vendor\json\include\nlohmann/json.hpp(4112,148): note: in instantiation of member function 'nlohmann::detail::parser<nlohmann::basic_json<>, nlohmann::detail::iterator_input_adapter<const char *>>::parse' requested here
[build]  4112 |         parser(detail::input_adapter(std::move(first), std::move(last)), std::move(cb), allow_exceptions, ignore_comments, ignore_trailing_commas).parse(true, result); // cppcheck-suppress[accessMoved]
[build]       |                                                                                                                                                    ^
[build] C:\Users\pperv\code\unnamed_rpg\vendor\json\include\nlohmann/json.hpp(5294,28): note: in instantiation of function template specialization 'nlohmann::basic_json<>::parse<const char *, const char *, 0>' requested here
[build]  5294 |     return nlohmann::json::parse(s, s + n);
[build]       |                            ^
[build] C:\Users\pperv\code\unnamed_rpg\vendor\json\include\nlohmann/json.hpp(3059,18): warning: enumeration type in nested name specifier is incompatible with C++98 [-Wc++98-compat]
[build]  3059 |             case value_t::array:
[build]       |                  ^
[build] C:\Users\pperv\code\unnamed_rpg\vendor\json\include\nlohmann/detail/input/json_sax.hpp(569,95): note: in instantiation of member function 'nlohmann::basic_json<>::max_size' requested here
[build]   569 |             if (JSON_HEDLEY_UNLIKELY(len != detail::unknown_size() && len > ref_stack.back()->max_size()))
[build]       |                                                                                               ^
[build] C:\Users\pperv\code\unnamed_rpg\vendor\json\include\nlohmann/thirdparty/hedley/hedley.hpp(1360,94): note: expanded from macro 'JSON_HEDLEY_UNLIKELY'
[build]  1360 | #  define JSON_HEDLEY_UNLIKELY(expr)                    __builtin_expect                 (!!(expr),    0                  )
[build]       |                                                                                              ^
[build] C:\Users\pperv\code\unnamed_rpg\vendor\json\include\nlohmann/detail/input/parser.hpp(199,56): note: in instantiation of member function 'nlohmann::detail::json_sax_dom_callback_parser<nlohmann::basic_json<>, nlohmann::detail::iterator_input_adapter<const char *>>::start_object' requested here
[build]   199 |                         if (JSON_HEDLEY_UNLIKELY(!sax->start_object(detail::unknown_size())))
[build]       |                                                        ^
[build] C:\Users\pperv\code\unnamed_rpg\vendor\json\include\nlohmann/thirdparty/hedley/hedley.hpp(1360,94): note: expanded from macro 'JSON_HEDLEY_UNLIKELY'
[build]  1360 | #  define JSON_HEDLEY_UNLIKELY(expr)                    __builtin_expect                 (!!(expr),    0                  )
[build]       |                                                                                              ^
[build] C:\Users\pperv\code\unnamed_rpg\vendor\json\include\nlohmann/detail/input/parser.hpp(100,13): note: in instantiation of function template specialization 'nlohmann::detail::parser<nlohmann::basic_json<>, nlohmann::detail::iterator_input_adapter<const char *>>::sax_parse_internal<nlohmann::detail::json_sax_dom_callback_parser<nlohmann::basic_json<>, nlohmann::detail::iterator_input_adapter<const char *>>>' requested here
[build]   100 |             sax_parse_internal(&sdp);
[build]       |             ^
[build] C:\Users\pperv\code\unnamed_rpg\vendor\json\include\nlohmann/json.hpp(4112,148): note: in instantiation of member function 'nlohmann::detail::parser<nlohmann::basic_json<>, nlohmann::detail::iterator_input_adapter<const char *>>::parse' requested here
[build]  4112 |         parser(detail::input_adapter(std::move(first), std::move(last)), std::move(cb), allow_exceptions, ignore_comments, ignore_trailing_commas).parse(true, result); // cppcheck-suppress[accessMoved]
[build]       |                                                                                                                                                    ^
[build] C:\Users\pperv\code\unnamed_rpg\vendor\json\include\nlohmann/json.hpp(5294,28): note: in instantiation of function template specialization 'nlohmann::basic_json<>::parse<const char *, const char *, 0>' requested here
[build]  5294 |     return nlohmann::json::parse(s, s + n);
[build]       |                            ^
[build] C:\Users\pperv\code\unnamed_rpg\vendor\json\include\nlohmann/json.hpp(3065,18): warning: enumeration type in nested name specifier is incompatible with C++98 [-Wc++98-compat]
[build]  3065 |             case value_t::object:
[build]       |                  ^
[build] C:\Users\pperv\code\unnamed_rpg\vendor\json\include\nlohmann/json.hpp(3071,18): warning: enumeration type in nested name specifier is incompatible with C++98 [-Wc++98-compat]
[build]  3071 |             case value_t::null:
[build]       |                  ^
[build] C:\Users\pperv\code\unnamed_rpg\vendor\json\include\nlohmann/json.hpp(3072,18): warning: enumeration type in nested name specifier is incompatible with C++98 [-Wc++98-compat]
[build]  3072 |             case value_t::string:
[build]       |                  ^
[build] C:\Users\pperv\code\unnamed_rpg\vendor\json\include\nlohmann/json.hpp(3073,18): warning: enumeration type in nested name specifier is incompatible with C++98 [-Wc++98-compat]
[build]  3073 |             case value_t::boolean:
[build]       |                  ^
[build] C:\Users\pperv\code\unnamed_rpg\vendor\json\include\nlohmann/json.hpp(3074,18): warning: enumeration type in nested name specifier is incompatible with C++98 [-Wc++98-compat]
[build]  3074 |             case value_t::number_integer:
[build]       |                  ^
[build] C:\Users\pperv\code\unnamed_rpg\vendor\json\include\nlohmann/json.hpp(3075,18): warning: enumeration type in nested name specifier is incompatible with C++98 [-Wc++98-compat]
[build]  3075 |             case value_t::number_unsigned:
[build]       |                  ^
[build] C:\Users\pperv\code\unnamed_rpg\vendor\json\include\nlohmann/json.hpp(3076,18): warning: enumeration type in nested name specifier is incompatible with C++98 [-Wc++98-compat]
[build]  3076 |             case value_t::number_float:
[build]       |                  ^
[build] C:\Users\pperv\code\unnamed_rpg\vendor\json\include\nlohmann/json.hpp(3077,18): warning: enumeration type in nested name specifier is incompatible with C++98 [-Wc++98-compat]
[build]  3077 |             case value_t::binary:
[build]       |                  ^
[build] C:\Users\pperv\code\unnamed_rpg\vendor\json\include\nlohmann/json.hpp(3078,18): warning: enumeration type in nested name specifier is incompatible with C++98 [-Wc++98-compat]
[build]  3078 |             case value_t::discarded:
[build]       |                  ^
[build] C:\Users\pperv\code\unnamed_rpg\vendor\json\include\nlohmann/json.hpp(3079,13): warning: default label in switch which covers all enumeration values [-Wcovered-switch-default]
[build]  3079 |             default:
[build]       |             ^
[build] In file included from C:\Users\pperv\code\unnamed_rpg\vendor\json-schema-validator\src\json-validator.cpp:9:
[build] In file included from C:\Users\pperv\code\unnamed_rpg\vendor\json-schema-validator\src\nlohmann/json-schema.hpp:24:
[build] In file included from C:\Users\pperv\code\unnamed_rpg\vendor\json\include\nlohmann/json.hpp:44:
[build] In file included from C:\Users\pperv\code\unnamed_rpg\vendor\json\include\nlohmann/adl_serializer.hpp:14:
[build] In file included from C:\Users\pperv\code\unnamed_rpg\vendor\json\include\nlohmann/detail/conversions/from_json.hpp:24:
[build] C:\Users\pperv\code\unnamed_rpg\vendor\json\include\nlohmann/detail/exceptions.hpp(261,16): warning: generalized initializer lists are incompatible with C++98 [-Wc++98-compat]
[build]   261 |         return {id_, w.c_str()};
[build]       |                ^~~~~~~~~~~~~~~~
[build] C:\Users\pperv\code\unnamed_rpg\vendor\json\include\nlohmann/detail/exceptions.hpp(261,16): warning: constructor call from initializer list is incompatible with C++98 [-Wc++98-compat]
[build]   261 |         return {id_, w.c_str()};
[build]       |                ^~~~~~~~~~~~~~~~
[build] C:\Users\pperv\code\unnamed_rpg\vendor\json\include\nlohmann/detail/input/parser.hpp(199,56): note: in instantiation of member function 'nlohmann::detail::json_sax_dom_callback_parser<nlohmann::basic_json<>, nlohmann::detail::iterator_input_adapter<const char *>>::start_object' requested here
[build]   199 |                         if (JSON_HEDLEY_UNLIKELY(!sax->start_object(detail::unknown_size())))
[build]       |                                                        ^
[build] C:\Users\pperv\code\unnamed_rpg\vendor\json\include\nlohmann/thirdparty/hedley/hedley.hpp(1360,94): note: expanded from macro 'JSON_HEDLEY_UNLIKELY'
[build]  1360 | #  define JSON_HEDLEY_UNLIKELY(expr)                    __builtin_expect                 (!!(expr),    0                  )
[build]       |                                                                                              ^
[build] C:\Users\pperv\code\unnamed_rpg\vendor\json\include\nlohmann/detail/input/parser.hpp(100,13): note: in instantiation of function template specialization 'nlohmann::detail::parser<nlohmann::basic_json<>, nlohmann::detail::iterator_input_adapter<const char *>>::sax_parse_internal<nlohmann::detail::json_sax_dom_callback_parser<nlohmann::basic_json<>, nlohmann::detail::iterator_input_adapter<const char *>>>' requested here
[build]   100 |             sax_parse_internal(&sdp);
[build]       |             ^
[build] C:\Users\pperv\code\unnamed_rpg\vendor\json\include\nlohmann/json.hpp(4112,148): note: in instantiation of member function 'nlohmann::detail::parser<nlohmann::basic_json<>, nlohmann::detail::iterator_input_adapter<const char *>>::parse' requested here
[build]  4112 |         parser(detail::input_adapter(std::move(first), std::move(last)), std::move(cb), allow_exceptions, ignore_comments, ignore_trailing_commas).parse(true, result); // cppcheck-suppress[accessMoved]
[build]       |                                                                                                                                                    ^
[build] C:\Users\pperv\code\unnamed_rpg\vendor\json\include\nlohmann/json.hpp(5294,28): note: in instantiation of function template specialization 'nlohmann::basic_json<>::parse<const char *, const char *, 0>' requested here
[build]  5294 |     return nlohmann::json::parse(s, s + n);
[build]       |                            ^
[build] In file included from C:\Users\pperv\code\unnamed_rpg\vendor\json-schema-validator\src\json-validator.cpp:9:
[build] In file included from C:\Users\pperv\code\unnamed_rpg\vendor\json-schema-validator\src\nlohmann/json-schema.hpp:24:
[build] In file included from C:\Users\pperv\code\unnamed_rpg\vendor\json\include\nlohmann/json.hpp:44:
[build] In file included from C:\Users\pperv\code\unnamed_rpg\vendor\json\include\nlohmann/adl_serializer.hpp:14:
[build] In file included from C:\Users\pperv\code\unnamed_rpg\vendor\json\include\nlohmann/detail/conversions/from_json.hpp:24:
[build] C:\Users\pperv\code\unnamed_rpg\vendor\json\include\nlohmann/detail/exceptions.hpp(261,16): warning: constructor call from initializer list is incompatible with C++98 [-Wc++98-compat]
[build]   261 |         return {id_, w.c_str()};
[build]       |                ^~~~~~~~~~~~~~~~
[build] C:\Users\pperv\code\unnamed_rpg\vendor\json\include\nlohmann/detail/input/json_sax.hpp(571,42): note: in instantiation of function template specialization 'nlohmann::detail::out_of_range::create<nlohmann::basic_json<> *, 0>' requested here
[build]   571 |                 JSON_THROW(out_of_range::create(408, concat("excessive object size: ", std::to_string(len)), ref_stack.back()));
[build]       |                                          ^
[build] C:\Users\pperv\code\unnamed_rpg\vendor\json\include\nlohmann/detail/macro_scope.hpp(198,41): note: expanded from macro 'JSON_THROW'
[build]   198 |     #define JSON_THROW(exception) throw exception
[build]       |                                         ^
[build] C:\Users\pperv\code\unnamed_rpg\vendor\json\include\nlohmann/detail/input/parser.hpp(199,56): note: in instantiation of member function 'nlohmann::detail::json_sax_dom_callback_parser<nlohmann::basic_json<>, nlohmann::detail::iterator_input_adapter<const char *>>::start_object' requested here
[build]   199 |                         if (JSON_HEDLEY_UNLIKELY(!sax->start_object(detail::unknown_size())))
[build]       |                                                        ^
[build] C:\Users\pperv\code\unnamed_rpg\vendor\json\include\nlohmann/thirdparty/hedley/hedley.hpp(1360,94): note: expanded from macro 'JSON_HEDLEY_UNLIKELY'
[build]  1360 | #  define JSON_HEDLEY_UNLIKELY(expr)                    __builtin_expect                 (!!(expr),    0                  )
[build]       |                                                                                              ^
[build] C:\Users\pperv\code\unnamed_rpg\vendor\json\include\nlohmann/detail/input/parser.hpp(100,13): note: in instantiation of function template specialization 'nlohmann::detail::parser<nlohmann::basic_json<>, nlohmann::detail::iterator_input_adapter<const char *>>::sax_parse_internal<nlohmann::detail::json_sax_dom_callback_parser<nlohmann::basic_json<>, nlohmann::detail::iterator_input_adapter<const char *>>>' requested here
[build]   100 |             sax_parse_internal(&sdp);
[build]       |             ^
[build] C:\Users\pperv\code\unnamed_rpg\vendor\json\include\nlohmann/json.hpp(4112,148): note: in instantiation of member function 'nlohmann::detail::parser<nlohmann::basic_json<>, nlohmann::detail::iterator_input_adapter<const char *>>::parse' requested here
[build]  4112 |         parser(detail::input_adapter(std::move(first), std::move(last)), std::move(cb), allow_exceptions, ignore_comments, ignore_trailing_commas).parse(true, result); // cppcheck-suppress[accessMoved]
[build]       |                                                                                                                                                    ^
[build] C:\Users\pperv\code\unnamed_rpg\vendor\json\include\nlohmann/json.hpp(5294,28): note: in instantiation of function template specialization 'nlohmann::basic_json<>::parse<const char *, const char *, 0>' requested here
[build]  5294 |     return nlohmann::json::parse(s, s + n);
[build]       |                            ^
[build] In file included from C:\Users\pperv\code\unnamed_rpg\vendor\json-schema-validator\src\json-validator.cpp:9:
[build] In file included from C:\Users\pperv\code\unnamed_rpg\vendor\json-schema-validator\src\nlohmann/json-schema.hpp:24:
[build] In file included from C:\Users\pperv\code\unnamed_rpg\vendor\json\include\nlohmann/json.hpp:50:
[build] In file included from C:\Users\pperv\code\unnamed_rpg\vendor\json\include\nlohmann/detail/input/binary_reader.hpp:29:
[build] C:\Users\pperv\code\unnamed_rpg\vendor\json\include\nlohmann/detail/input/json_sax.hpp(598,67): warning: enumeration type in nested name specifier is incompatible with C++98 [-Wc++98-compat]
[build]   598 |             if (!callback(static_cast<int>(ref_stack.size()) - 1, parse_event_t::object_end, *ref_stack.back()))
[build]       |                                                                   ^
[build] C:\Users\pperv\code\unnamed_rpg\vendor\json\include\nlohmann/detail/input/parser.hpp(207,60): note: in instantiation of member function 'nlohmann::detail::json_sax_dom_callback_parser<nlohmann::basic_json<>, nlohmann::detail::iterator_input_adapter<const char *>>::end_object' requested here
[build]   207 |                             if (JSON_HEDLEY_UNLIKELY(!sax->end_object()))
[build]       |                                                            ^
[build] C:\Users\pperv\code\unnamed_rpg\vendor\json\include\nlohmann/thirdparty/hedley/hedley.hpp(1360,94): note: expanded from macro 'JSON_HEDLEY_UNLIKELY'
[build]  1360 | #  define JSON_HEDLEY_UNLIKELY(expr)                    __builtin_expect                 (!!(expr),    0                  )
[build]       |                                                                                              ^
[build] C:\Users\pperv\code\unnamed_rpg\vendor\json\include\nlohmann/detail/input/parser.hpp(100,13): note: in instantiation of function template specialization 'nlohmann::detail::parser<nlohmann::basic_json<>, nlohmann::detail::iterator_input_adapter<const char *>>::sax_parse_internal<nlohmann::detail::json_sax_dom_callback_parser<nlohmann::basic_json<>, nlohmann::detail::iterator_input_adapter<const char *>>>' requested here
[build]   100 |             sax_parse_internal(&sdp);
[build]       |             ^
[build] C:\Users\pperv\code\unnamed_rpg\vendor\json\include\nlohmann/json.hpp(4112,148): note: in instantiation of member function 'nlohmann::detail::parser<nlohmann::basic_json<>, nlohmann::detail::iterator_input_adapter<const char *>>::parse' requested here
[build]  4112 |         parser(detail::input_adapter(std::move(first), std::move(last)), std::move(cb), allow_exceptions, ignore_comments, ignore_trailing_commas).parse(true, result); // cppcheck-suppress[accessMoved]
[build]       |                                                                                                                                                    ^
[build] C:\Users\pperv\code\unnamed_rpg\vendor\json\include\nlohmann/json.hpp(5294,28): note: in instantiation of function template specialization 'nlohmann::basic_json<>::parse<const char *, const char *, 0>' requested here
[build]  5294 |     return nlohmann::json::parse(s, s + n);
[build]       |                            ^
[build] In file included from C:\Users\pperv\code\unnamed_rpg\vendor\json-schema-validator\src\json-validator.cpp:9:
[build] In file included from C:\Users\pperv\code\unnamed_rpg\vendor\json-schema-validator\src\nlohmann/json-schema.hpp:24:
[build] In file included from C:\Users\pperv\code\unnamed_rpg\vendor\json\include\nlohmann/json.hpp:50:
[build] In file included from C:\Users\pperv\code\unnamed_rpg\vendor\json\include\nlohmann/detail/input/binary_reader.hpp:29:
[build] C:\Users\pperv\code\unnamed_rpg\vendor\json\include\nlohmann/detail/input/json_sax.hpp(582,72): warning: enumeration type in nested name specifier is incompatible with C++98 [-Wc++98-compat]
[build]   582 |         const bool keep = callback(static_cast<int>(ref_stack.size()), parse_event_t::key, k);
[build]       |                                                                        ^
[build] C:\Users\pperv\code\unnamed_rpg\vendor\json\include\nlohmann/detail/input/parser.hpp(221,56): note: in instantiation of member function 'nlohmann::detail::json_sax_dom_callback_parser<nlohmann::basic_json<>, nlohmann::detail::iterator_input_adapter<const char *>>::key' requested here
[build]   221 |                         if (JSON_HEDLEY_UNLIKELY(!sax->key(m_lexer.get_string())))
[build]       |                                                        ^
[build] C:\Users\pperv\code\unnamed_rpg\vendor\json\include\nlohmann/thirdparty/hedley/hedley.hpp(1360,94): note: expanded from macro 'JSON_HEDLEY_UNLIKELY'
[build]  1360 | #  define JSON_HEDLEY_UNLIKELY(expr)                    __builtin_expect                 (!!(expr),    0                  )
[build]       |                                                                                              ^
[build] C:\Users\pperv\code\unnamed_rpg\vendor\json\include\nlohmann/detail/input/parser.hpp(100,13): note: in instantiation of function template specialization 'nlohmann::detail::parser<nlohmann::basic_json<>, nlohmann::detail::iterator_input_adapter<const char *>>::sax_parse_internal<nlohmann::detail::json_sax_dom_callback_parser<nlohmann::basic_json<>, nlohmann::detail::iterator_input_adapter<const char *>>>' requested here
[build]   100 |             sax_parse_internal(&sdp);
[build]       |             ^
[build] C:\Users\pperv\code\unnamed_rpg\vendor\json\include\nlohmann/json.hpp(4112,148): note: in instantiation of member function 'nlohmann::detail::parser<nlohmann::basic_json<>, nlohmann::detail::iterator_input_adapter<const char *>>::parse' requested here
[build]  4112 |         parser(detail::input_adapter(std::move(first), std::move(last)), std::move(cb), allow_exceptions, ignore_comments, ignore_trailing_commas).parse(true, result); // cppcheck-suppress[accessMoved]
[build]       |                                                                                                                                                    ^
[build] C:\Users\pperv\code\unnamed_rpg\vendor\json\include\nlohmann/json.hpp(5294,28): note: in instantiation of function template specialization 'nlohmann::basic_json<>::parse<const char *, const char *, 0>' requested here
[build]  5294 |     return nlohmann::json::parse(s, s + n);
[build]       |                            ^
[build] C:\Users\pperv\code\unnamed_rpg\vendor\json\include\nlohmann/json.hpp(4306,19): warning: constructor call from initializer list is incompatible with C++98 [-Wc++98-compat]
[build]  4306 |     data m_data = {}; // NOLINT(readability-redundant-member-init)
[build]       |                   ^~
[build] C:\Users\pperv\code\unnamed_rpg\vendor\json\include\nlohmann/json.hpp(868,5): note: in instantiation of default member initializer 'nlohmann::basic_json<>::m_data' requested here
[build]   868 |     basic_json(CompatibleType && val) noexcept(noexcept( // NOLINT(bugprone-forwarding-reference-overload,bugprone-exception-escape)
[build]       |     ^
[build] C:\Users\pperv\code\unnamed_rpg\vendor\json\include\nlohmann/detail/input/json_sax.hpp(579,27): note: in instantiation of function template specialization 'nlohmann::basic_json<>::basic_json<std::basic_string<char> &, std::basic_string<char>, 0>' requested here
[build]   579 |         BasicJsonType k = BasicJsonType(val);
[build]       |                           ^
[build] C:\Users\pperv\code\unnamed_rpg\vendor\json\include\nlohmann/detail/input/parser.hpp(221,56): note: in instantiation of member function 'nlohmann::detail::json_sax_dom_callback_parser<nlohmann::basic_json<>, nlohmann::detail::iterator_input_adapter<const char *>>::key' requested here
[build]   221 |                         if (JSON_HEDLEY_UNLIKELY(!sax->key(m_lexer.get_string())))
[build]       |                                                        ^
[build] C:\Users\pperv\code\unnamed_rpg\vendor\json\include\nlohmann/thirdparty/hedley/hedley.hpp(1360,94): note: expanded from macro 'JSON_HEDLEY_UNLIKELY'
[build]  1360 | #  define JSON_HEDLEY_UNLIKELY(expr)                    __builtin_expect                 (!!(expr),    0                  )
[build]       |                                                                                              ^
[build] C:\Users\pperv\code\unnamed_rpg\vendor\json\include\nlohmann/detail/input/parser.hpp(100,13): note: in instantiation of function template specialization 'nlohmann::detail::parser<nlohmann::basic_json<>, nlohmann::detail::iterator_input_adapter<const char *>>::sax_parse_internal<nlohmann::detail::json_sax_dom_callback_parser<nlohmann::basic_json<>, nlohmann::detail::iterator_input_adapter<const char *>>>' requested here
[build]   100 |             sax_parse_internal(&sdp);
[build]       |             ^
[build] C:\Users\pperv\code\unnamed_rpg\vendor\json\include\nlohmann/json.hpp(4112,148): note: in instantiation of member function 'nlohmann::detail::parser<nlohmann::basic_json<>, nlohmann::detail::iterator_input_adapter<const char *>>::parse' requested here
[build]  4112 |         parser(detail::input_adapter(std::move(first), std::move(last)), std::move(cb), allow_exceptions, ignore_comments, ignore_trailing_commas).parse(true, result); // cppcheck-suppress[accessMoved]
[build]       |                                                                                                                                                    ^
[build] C:\Users\pperv\code\unnamed_rpg\vendor\json\include\nlohmann/json.hpp(5294,28): note: in instantiation of function template specialization 'nlohmann::basic_json<>::parse<const char *, const char *, 0>' requested here
[build]  5294 |     return nlohmann::json::parse(s, s + n);
[build]       |                            ^
[build] C:\Users\pperv\code\unnamed_rpg\vendor\json\include\nlohmann/json.hpp(4278,26): warning: enumeration type in nested name specifier is incompatible with C++98 [-Wc++98-compat]
[build]  4278 |         value_t m_type = value_t::null;
[build]       |                          ^
[build] C:\Users\pperv\code\unnamed_rpg\vendor\json\include\nlohmann/json.hpp(4294,9): note: in instantiation of default member initializer 'nlohmann::basic_json<>::data::m_type' requested here
[build]  4294 |         data() noexcept = default;
[build]       |         ^
[build] C:\Users\pperv\code\unnamed_rpg\vendor\json\include\nlohmann/json.hpp(4306,19): note: in defaulted default constructor for 'nlohmann::basic_json<>::data' first required here
[build]  4306 |     data m_data = {}; // NOLINT(readability-redundant-member-init)
[build]       |                   ^
[build] C:\Users\pperv\code\unnamed_rpg\vendor\json\include\nlohmann/json.hpp(868,5): note: in instantiation of default member initializer 'nlohmann::basic_json<>::m_data' requested here
[build]   868 |     basic_json(CompatibleType && val) noexcept(noexcept( // NOLINT(bugprone-forwarding-reference-overload,bugprone-exception-escape)
[build]       |     ^
[build] C:\Users\pperv\code\unnamed_rpg\vendor\json\include\nlohmann/detail/input/json_sax.hpp(579,27): note: in instantiation of function template specialization 'nlohmann::basic_json<>::basic_json<std::basic_string<char> &, std::basic_string<char>, 0>' requested here
[build]   579 |         BasicJsonType k = BasicJsonType(val);
[build]       |                           ^
[build] C:\Users\pperv\code\unnamed_rpg\vendor\json\include\nlohmann/detail/input/parser.hpp(221,56): note: in instantiation of member function 'nlohmann::detail::json_sax_dom_callback_parser<nlohmann::basic_json<>, nlohmann::detail::iterator_input_adapter<const char *>>::key' requested here
[build]   221 |                         if (JSON_HEDLEY_UNLIKELY(!sax->key(m_lexer.get_string())))
[build]       |                                                        ^
[build] C:\Users\pperv\code\unnamed_rpg\vendor\json\include\nlohmann/thirdparty/hedley/hedley.hpp(1360,94): note: expanded from macro 'JSON_HEDLEY_UNLIKELY'
[build]  1360 | #  define JSON_HEDLEY_UNLIKELY(expr)                    __builtin_expect                 (!!(expr),    0                  )
[build]       |                                                                                              ^
[build] C:\Users\pperv\code\unnamed_rpg\vendor\json\include\nlohmann/detail/input/parser.hpp(100,13): note: in instantiation of function template specialization 'nlohmann::detail::parser<nlohmann::basic_json<>, nlohmann::detail::iterator_input_adapter<const char *>>::sax_parse_internal<nlohmann::detail::json_sax_dom_callback_parser<nlohmann::basic_json<>, nlohmann::detail::iterator_input_adapter<const char *>>>' requested here
[build]   100 |             sax_parse_internal(&sdp);
[build]       |             ^
[build] C:\Users\pperv\code\unnamed_rpg\vendor\json\include\nlohmann/json.hpp(4112,148): note: in instantiation of member function 'nlohmann::detail::parser<nlohmann::basic_json<>, nlohmann::detail::iterator_input_adapter<const char *>>::parse' requested here
[build]  4112 |         parser(detail::input_adapter(std::move(first), std::move(last)), std::move(cb), allow_exceptions, ignore_comments, ignore_trailing_commas).parse(true, result); // cppcheck-suppress[accessMoved]
[build]       |                                                                                                                                                    ^
[build] C:\Users\pperv\code\unnamed_rpg\vendor\json\include\nlohmann/json.hpp(5294,28): note: in instantiation of function template specialization 'nlohmann::basic_json<>::parse<const char *, const char *, 0>' requested here
[build]  5294 |     return nlohmann::json::parse(s, s + n);
[build]       |                            ^
[build] C:\Users\pperv\code\unnamed_rpg\vendor\json\include\nlohmann/json.hpp(4281,30): warning: constructor call from initializer list is incompatible with C++98 [-Wc++98-compat]
[build]  4281 |         json_value m_value = {};
[build]       |                              ^~
[build] C:\Users\pperv\code\unnamed_rpg\vendor\json\include\nlohmann/json.hpp(4294,9): note: in instantiation of default member initializer 'nlohmann::basic_json<>::data::m_value' requested here
[build]  4294 |         data() noexcept = default;
[build]       |         ^
[build] C:\Users\pperv\code\unnamed_rpg\vendor\json\include\nlohmann/json.hpp(4306,19): note: in defaulted default constructor for 'nlohmann::basic_json<>::data' first required here
[build]  4306 |     data m_data = {}; // NOLINT(readability-redundant-member-init)
[build]       |                   ^
[build] C:\Users\pperv\code\unnamed_rpg\vendor\json\include\nlohmann/json.hpp(868,5): note: in instantiation of default member initializer 'nlohmann::basic_json<>::m_data' requested here
[build]   868 |     basic_json(CompatibleType && val) noexcept(noexcept( // NOLINT(bugprone-forwarding-reference-overload,bugprone-exception-escape)
[build]       |     ^
[build] C:\Users\pperv\code\unnamed_rpg\vendor\json\include\nlohmann/detail/input/json_sax.hpp(579,27): note: in instantiation of function template specialization 'nlohmann::basic_json<>::basic_json<std::basic_string<char> &, std::basic_string<char>, 0>' requested here
[build]   579 |         BasicJsonType k = BasicJsonType(val);
[build]       |                           ^
[build] C:\Users\pperv\code\unnamed_rpg\vendor\json\include\nlohmann/detail/input/parser.hpp(221,56): note: in instantiation of member function 'nlohmann::detail::json_sax_dom_callback_parser<nlohmann::basic_json<>, nlohmann::detail::iterator_input_adapter<const char *>>::key' requested here
[build]   221 |                         if (JSON_HEDLEY_UNLIKELY(!sax->key(m_lexer.get_string())))
[build]       |                                                        ^
[build] C:\Users\pperv\code\unnamed_rpg\vendor\json\include\nlohmann/thirdparty/hedley/hedley.hpp(1360,94): note: expanded from macro 'JSON_HEDLEY_UNLIKELY'
[build]  1360 | #  define JSON_HEDLEY_UNLIKELY(expr)                    __builtin_expect                 (!!(expr),    0                  )
[build]       |                                                                                              ^
[build] C:\Users\pperv\code\unnamed_rpg\vendor\json\include\nlohmann/detail/input/parser.hpp(100,13): note: in instantiation of function template specialization 'nlohmann::detail::parser<nlohmann::basic_json<>, nlohmann::detail::iterator_input_adapter<const char *>>::sax_parse_internal<nlohmann::detail::json_sax_dom_callback_parser<nlohmann::basic_json<>, nlohmann::detail::iterator_input_adapter<const char *>>>' requested here
[build]   100 |             sax_parse_internal(&sdp);
[build]       |             ^
[build] C:\Users\pperv\code\unnamed_rpg\vendor\json\include\nlohmann/json.hpp(4112,148): note: in instantiation of member function 'nlohmann::detail::parser<nlohmann::basic_json<>, nlohmann::detail::iterator_input_adapter<const char *>>::parse' requested here
[build]  4112 |         parser(detail::input_adapter(std::move(first), std::move(last)), std::move(cb), allow_exceptions, ignore_comments, ignore_trailing_commas).parse(true, result); // cppcheck-suppress[accessMoved]
[build]       |                                                                                                                                                    ^
[build] C:\Users\pperv\code\unnamed_rpg\vendor\json\include\nlohmann/json.hpp(5294,28): note: in instantiation of function template specialization 'nlohmann::basic_json<>::parse<const char *, const char *, 0>' requested here
[build]  5294 |     return nlohmann::json::parse(s, s + n);
[build]       |                            ^
[build] C:\Users\pperv\code\unnamed_rpg\vendor\json\include\nlohmann/json.hpp(590,52): warning: 'nullptr' is incompatible with C++98 [-Wc++98-compat]
[build]   590 |                 (t == value_t::object && object == nullptr) ||
[build]       |                                                    ^
[build] C:\Users\pperv\code\unnamed_rpg\vendor\json\include\nlohmann/json.hpp(591,50): warning: 'nullptr' is incompatible with C++98 [-Wc++98-compat]
[build]   591 |                 (t == value_t::array && array == nullptr) ||
[build]       |                                                  ^
[build] C:\Users\pperv\code\unnamed_rpg\vendor\json\include\nlohmann/json.hpp(592,52): warning: 'nullptr' is incompatible with C++98 [-Wc++98-compat]
[build]   592 |                 (t == value_t::string && string == nullptr) ||
[build]       |                                                    ^
[build] C:\Users\pperv\code\unnamed_rpg\vendor\json\include\nlohmann/json.hpp(593,52): warning: 'nullptr' is incompatible with C++98 [-Wc++98-compat]
[build]   593 |                 (t == value_t::binary && binary == nullptr)
[build]       |                                                    ^
[build] C:\Users\pperv\code\unnamed_rpg\vendor\json\include\nlohmann/json.hpp(613,30): warning: rvalue references are incompatible with C++98 [-Wc++98-compat]
[build]   613 |                     for (auto&& it : *object)
[build]       |                              ^
[build] C:\Users\pperv\code\unnamed_rpg\vendor\json\include\nlohmann/json.hpp(613,26): warning: 'auto' type specifier is incompatible with C++98 [-Wc++98-compat]
[build]   613 |                     for (auto&& it : *object)
[build]       |                          ^~~~
[build] C:\Users\pperv\code\unnamed_rpg\vendor\json\include\nlohmann/json.hpp(868,5): note: in instantiation of member function 'nlohmann::basic_json<>::data::~data' requested here
[build]   868 |     basic_json(CompatibleType && val) noexcept(noexcept( // NOLINT(bugprone-forwarding-reference-overload,bugprone-exception-escape)
[build]       |     ^
[build] C:\Users\pperv\code\unnamed_rpg\vendor\json\include\nlohmann/detail/input/json_sax.hpp(579,27): note: in instantiation of function template specialization 'nlohmann::basic_json<>::basic_json<std::basic_string<char> &, std::basic_string<char>, 0>' requested here
[build]   579 |         BasicJsonType k = BasicJsonType(val);
[build]       |                           ^
[build] C:\Users\pperv\code\unnamed_rpg\vendor\json\include\nlohmann/detail/input/parser.hpp(221,56): note: in instantiation of member function 'nlohmann::detail::json_sax_dom_callback_parser<nlohmann::basic_json<>, nlohmann::detail::iterator_input_adapter<const char *>>::key' requested here
[build]   221 |                         if (JSON_HEDLEY_UNLIKELY(!sax->key(m_lexer.get_string())))
[build]       |                                                        ^
[build] C:\Users\pperv\code\unnamed_rpg\vendor\json\include\nlohmann/thirdparty/hedley/hedley.hpp(1360,94): note: expanded from macro 'JSON_HEDLEY_UNLIKELY'
[build]  1360 | #  define JSON_HEDLEY_UNLIKELY(expr)                    __builtin_expect                 (!!(expr),    0                  )
[build]       |                                                                                              ^
[build] C:\Users\pperv\code\unnamed_rpg\vendor\json\include\nlohmann/detail/input/parser.hpp(100,13): note: in instantiation of function template specialization 'nlohmann::detail::parser<nlohmann::basic_json<>, nlohmann::detail::iterator_input_adapter<const char *>>::sax_parse_internal<nlohmann::detail::json_sax_dom_callback_parser<nlohmann::basic_json<>, nlohmann::detail::iterator_input_adapter<const char *>>>' requested here
[build]   100 |             sax_parse_internal(&sdp);
[build]       |             ^
[build] C:\Users\pperv\code\unnamed_rpg\vendor\json\include\nlohmann/json.hpp(4112,148): note: in instantiation of member function 'nlohmann::detail::parser<nlohmann::basic_json<>, nlohmann::detail::iterator_input_adapter<const char *>>::parse' requested here
[build]  4112 |         parser(detail::input_adapter(std::move(first), std::move(last)), std::move(cb), allow_exceptions, ignore_comments, ignore_trailing_commas).parse(true, result); // cppcheck-suppress[accessMoved]
[build]       |                                                                                                                                                    ^
[build] C:\Users\pperv\code\unnamed_rpg\vendor\json\include\nlohmann/json.hpp(5294,28): note: in instantiation of function template specialization 'nlohmann::basic_json<>::parse<const char *, const char *, 0>' requested here
[build]  5294 |     return nlohmann::json::parse(s, s + n);
[build]       |                            ^
[build] C:\Users\pperv\code\unnamed_rpg\vendor\json\include\nlohmann/json.hpp(613,36): warning: range-based for loop is incompatible with C++98 [-Wc++98-compat]
[build]   613 |                     for (auto&& it : *object)
[build]       |                                    ^
[build] C:\Users\pperv\code\unnamed_rpg\vendor\json\include\nlohmann/json.hpp(635,34): warning: rvalue references are incompatible with C++98 [-Wc++98-compat]
[build]   635 |                         for (auto&& it : *current_item.m_data.m_value.object)
[build]       |                                  ^
[build] C:\Users\pperv\code\unnamed_rpg\vendor\json\include\nlohmann/json.hpp(635,30): warning: 'auto' type specifier is incompatible with C++98 [-Wc++98-compat]
[build]   635 |                         for (auto&& it : *current_item.m_data.m_value.object)
[build]       |                              ^~~~
[build] C:\Users\pperv\code\unnamed_rpg\vendor\json\include\nlohmann/json.hpp(635,40): warning: range-based for loop is incompatible with C++98 [-Wc++98-compat]
[build]   635 |                         for (auto&& it : *current_item.m_data.m_value.object)
[build]       |                                        ^
[build] C:\Users\pperv\code\unnamed_rpg\vendor\json\include\nlohmann/json.hpp(653,43): warning: 'decltype' type specifier is incompatible with C++98 [-Wc++98-compat]
[build]   653 |                     std::allocator_traits<decltype(alloc)>::destroy(alloc, object);
[build]       |                                           ^
[build] C:\Users\pperv\code\unnamed_rpg\vendor\json\include\nlohmann/json.hpp(654,43): warning: 'decltype' type specifier is incompatible with C++98 [-Wc++98-compat]
[build]   654 |                     std::allocator_traits<decltype(alloc)>::deallocate(alloc, object, 1);
[build]       |                                           ^
[build] C:\Users\pperv\code\unnamed_rpg\vendor\json\include\nlohmann/json.hpp(661,43): warning: 'decltype' type specifier is incompatible with C++98 [-Wc++98-compat]
[build]   661 |                     std::allocator_traits<decltype(alloc)>::destroy(alloc, array);
[build]       |                                           ^
[build] C:\Users\pperv\code\unnamed_rpg\vendor\json\include\nlohmann/json.hpp(662,43): warning: 'decltype' type specifier is incompatible with C++98 [-Wc++98-compat]
[build]   662 |                     std::allocator_traits<decltype(alloc)>::deallocate(alloc, array, 1);
[build]       |                                           ^
[build] C:\Users\pperv\code\unnamed_rpg\vendor\json\include\nlohmann/json.hpp(669,43): warning: 'decltype' type specifier is incompatible with C++98 [-Wc++98-compat]
[build]   669 |                     std::allocator_traits<decltype(alloc)>::destroy(alloc, string);
[build]       |                                           ^
[build] C:\Users\pperv\code\unnamed_rpg\vendor\json\include\nlohmann/json.hpp(670,43): warning: 'decltype' type specifier is incompatible with C++98 [-Wc++98-compat]
[build]   670 |                     std::allocator_traits<decltype(alloc)>::deallocate(alloc, string, 1);
[build]       |                                           ^
[build] C:\Users\pperv\code\unnamed_rpg\vendor\json\include\nlohmann/json.hpp(677,43): warning: 'decltype' type specifier is incompatible with C++98 [-Wc++98-compat]
[build]   677 |                     std::allocator_traits<decltype(alloc)>::destroy(alloc, binary);
[build]       |                                           ^
[build] C:\Users\pperv\code\unnamed_rpg\vendor\json\include\nlohmann/json.hpp(678,43): warning: 'decltype' type specifier is incompatible with C++98 [-Wc++98-compat]
[build]   678 |                     std::allocator_traits<decltype(alloc)>::deallocate(alloc, binary, 1);
[build]       |                                           ^
[build] C:\Users\pperv\code\unnamed_rpg\vendor\json\include\nlohmann/json.hpp(688,17): warning: default label in switch which covers all enumeration values [-Wcovered-switch-default]
[build]   688 |                 default:
[build]       |                 ^
[build] C:\Users\pperv\code\unnamed_rpg\vendor\json\include\nlohmann/json.hpp(590,23): warning: enumeration type in nested name specifier is incompatible with C++98 [-Wc++98-compat]
[build]   590 |                 (t == value_t::object && object == nullptr) ||
[build]       |                       ^
[build] C:\Users\pperv\code\unnamed_rpg\vendor\json\include\nlohmann/json.hpp(4302,21): note: in instantiation of member function 'nlohmann::basic_json<>::json_value::destroy' requested here
[build]  4302 |             m_value.destroy(m_type);
[build]       |                     ^
[build] C:\Users\pperv\code\unnamed_rpg\vendor\json\include\nlohmann/json.hpp(868,5): note: in instantiation of member function 'nlohmann::basic_json<>::data::~data' requested here
[build]   868 |     basic_json(CompatibleType && val) noexcept(noexcept( // NOLINT(bugprone-forwarding-reference-overload,bugprone-exception-escape)
[build]       |     ^
[build] C:\Users\pperv\code\unnamed_rpg\vendor\json\include\nlohmann/detail/input/json_sax.hpp(579,27): note: in instantiation of function template specialization 'nlohmann::basic_json<>::basic_json<std::basic_string<char> &, std::basic_string<char>, 0>' requested here
[build]   579 |         BasicJsonType k = BasicJsonType(val);
[build]       |                           ^
[build] C:\Users\pperv\code\unnamed_rpg\vendor\json\include\nlohmann/detail/input/parser.hpp(221,56): note: in instantiation of member function 'nlohmann::detail::json_sax_dom_callback_parser<nlohmann::basic_json<>, nlohmann::detail::iterator_input_adapter<const char *>>::key' requested here
[build]   221 |                         if (JSON_HEDLEY_UNLIKELY(!sax->key(m_lexer.get_string())))
[build]       |                                                        ^
[build] C:\Users\pperv\code\unnamed_rpg\vendor\json\include\nlohmann/thirdparty/hedley/hedley.hpp(1360,94): note: expanded from macro 'JSON_HEDLEY_UNLIKELY'
[build]  1360 | #  define JSON_HEDLEY_UNLIKELY(expr)                    __builtin_expect                 (!!(expr),    0                  )
[build]       |                                                                                              ^
[build] C:\Users\pperv\code\unnamed_rpg\vendor\json\include\nlohmann/detail/input/parser.hpp(100,13): note: in instantiation of function template specialization 'nlohmann::detail::parser<nlohmann::basic_json<>, nlohmann::detail::iterator_input_adapter<const char *>>::sax_parse_internal<nlohmann::detail::json_sax_dom_callback_parser<nlohmann::basic_json<>, nlohmann::detail::iterator_input_adapter<const char *>>>' requested here
[build]   100 |             sax_parse_internal(&sdp);
[build]       |             ^
[build] C:\Users\pperv\code\unnamed_rpg\vendor\json\include\nlohmann/json.hpp(4112,148): note: in instantiation of member function 'nlohmann::detail::parser<nlohmann::basic_json<>, nlohmann::detail::iterator_input_adapter<const char *>>::parse' requested here
[build]  4112 |         parser(detail::input_adapter(std::move(first), std::move(last)), std::move(cb), allow_exceptions, ignore_comments, ignore_trailing_commas).parse(true, result); // cppcheck-suppress[accessMoved]
[build]       |                                                                                                                                                    ^
[build] C:\Users\pperv\code\unnamed_rpg\vendor\json\include\nlohmann/json.hpp(5294,28): note: in instantiation of function template specialization 'nlohmann::basic_json<>::parse<const char *, const char *, 0>' requested here
[build]  5294 |     return nlohmann::json::parse(s, s + n);
[build]       |                            ^
[build] C:\Users\pperv\code\unnamed_rpg\vendor\json\include\nlohmann/json.hpp(591,23): warning: enumeration type in nested name specifier is incompatible with C++98 [-Wc++98-compat]
[build]   591 |                 (t == value_t::array && array == nullptr) ||
[build]       |                       ^
[build] C:\Users\pperv\code\unnamed_rpg\vendor\json\include\nlohmann/json.hpp(592,23): warning: enumeration type in nested name specifier is incompatible with C++98 [-Wc++98-compat]
[build]   592 |                 (t == value_t::string && string == nullptr) ||
[build]       |                       ^
[build] C:\Users\pperv\code\unnamed_rpg\vendor\json\include\nlohmann/json.hpp(593,23): warning: enumeration type in nested name specifier is incompatible with C++98 [-Wc++98-compat]
[build]   593 |                 (t == value_t::binary && binary == nullptr)
[build]       |                       ^
[build] C:\Users\pperv\code\unnamed_rpg\vendor\json\include\nlohmann/json.hpp(599,22): warning: enumeration type in nested name specifier is incompatible with C++98 [-Wc++98-compat]
[build]   599 |             if (t == value_t::array || t == value_t::object)
[build]       |                      ^
[build] C:\Users\pperv\code\unnamed_rpg\vendor\json\include\nlohmann/json.hpp(599,45): warning: enumeration type in nested name specifier is incompatible with C++98 [-Wc++98-compat]
[build]   599 |             if (t == value_t::array || t == value_t::object)
[build]       |                                             ^
[build] C:\Users\pperv\code\unnamed_rpg\vendor\json\include\nlohmann/json.hpp(605,26): warning: enumeration type in nested name specifier is incompatible with C++98 [-Wc++98-compat]
[build]   605 |                 if (t == value_t::array)
[build]       |                          ^
[build] C:\Users\pperv\code\unnamed_rpg\vendor\json\include\nlohmann/json.hpp(650,22): warning: enumeration type in nested name specifier is incompatible with C++98 [-Wc++98-compat]
[build]   650 |                 case value_t::object:
[build]       |                      ^
[build] C:\Users\pperv\code\unnamed_rpg\vendor\json\include\nlohmann/json.hpp(658,22): warning: enumeration type in nested name specifier is incompatible with C++98 [-Wc++98-compat]
[build]   658 |                 case value_t::array:
[build]       |                      ^
[build] C:\Users\pperv\code\unnamed_rpg\vendor\json\include\nlohmann/json.hpp(666,22): warning: enumeration type in nested name specifier is incompatible with C++98 [-Wc++98-compat]
[build]   666 |                 case value_t::string:
[build]       |                      ^
[build] C:\Users\pperv\code\unnamed_rpg\vendor\json\include\nlohmann/json.hpp(674,22): warning: enumeration type in nested name specifier is incompatible with C++98 [-Wc++98-compat]
[build]   674 |                 case value_t::binary:
[build]       |                      ^
[build] In file included from C:\Users\pperv\code\unnamed_rpg\vendor\json-schema-validator\src\json-validator.cpp:9:
[build] In file included from C:\Users\pperv\code\unnamed_rpg\vendor\json-schema-validator\src\nlohmann/json-schema.hpp:24:
[build] In file included from C:\Users\pperv\code\unnamed_rpg\vendor\json\include\nlohmann/json.hpp:45:
[build] C:\Users\pperv\code\unnamed_rpg\vendor\json\include\nlohmann/byte_container_with_subtype.hpp(22,7): warning: padding size of 'nlohmann::byte_container_with_subtype<std::vector<unsigned char>>' with 7 bytes to alignment boundary [-Wpadded]
[build]    22 | class byte_container_with_subtype : public BinaryType
[build]       |       ^
[build] In file included from C:\Users\pperv\code\unnamed_rpg\vendor\json-schema-validator\src\json-validator.cpp:9:
[build] In file included from C:\Users\pperv\code\unnamed_rpg\vendor\json-schema-validator\src\nlohmann/json-schema.hpp:24:
[build] C:\Users\pperv\code\unnamed_rpg\vendor\json\include\nlohmann/json.hpp(682,22): warning: enumeration type in nested name specifier is incompatible with C++98 [-Wc++98-compat]
[build]   682 |                 case value_t::null:
[build]       |                      ^
[build] C:\Users\pperv\code\unnamed_rpg\vendor\json\include\nlohmann/json.hpp(683,22): warning: enumeration type in nested name specifier is incompatible with C++98 [-Wc++98-compat]
[build]   683 |                 case value_t::boolean:
[build]       |                      ^
[build] C:\Users\pperv\code\unnamed_rpg\vendor\json\include\nlohmann/json.hpp(684,22): warning: enumeration type in nested name specifier is incompatible with C++98 [-Wc++98-compat]
[build]   684 |                 case value_t::number_integer:
[build]       |                      ^
[build] C:\Users\pperv\code\unnamed_rpg\vendor\json\include\nlohmann/json.hpp(685,22): warning: enumeration type in nested name specifier is incompatible with C++98 [-Wc++98-compat]
[build]   685 |                 case value_t::number_unsigned:
[build]       |                      ^
[build] C:\Users\pperv\code\unnamed_rpg\vendor\json\include\nlohmann/json.hpp(686,22): warning: enumeration type in nested name specifier is incompatible with C++98 [-Wc++98-compat]
[build]   686 |                 case value_t::number_float:
[build]       |                      ^
[build] C:\Users\pperv\code\unnamed_rpg\vendor\json\include\nlohmann/json.hpp(687,22): warning: enumeration type in nested name specifier is incompatible with C++98 [-Wc++98-compat]
[build]   687 |                 case value_t::discarded:
[build]       |                      ^
[build] C:\Users\pperv\code\unnamed_rpg\vendor\json\include\nlohmann/json.hpp(688,17): warning: default label in switch which covers all enumeration values [-Wcovered-switch-default]
[build]   688 |                 default:
[build]       |                 ^
[build] In file included from C:\Users\pperv\code\unnamed_rpg\vendor\json-schema-validator\src\json-validator.cpp:9:
[build] In file included from C:\Users\pperv\code\unnamed_rpg\vendor\json-schema-validator\src\nlohmann/json-schema.hpp:24:
[build] In file included from C:\Users\pperv\code\unnamed_rpg\vendor\json\include\nlohmann/json.hpp:44:
[build] In file included from C:\Users\pperv\code\unnamed_rpg\vendor\json\include\nlohmann/adl_serializer.hpp:15:
[build] C:\Users\pperv\code\unnamed_rpg\vendor\json\include\nlohmann/detail/conversions/to_json.hpp(327,26): warning: enumeration type in nested name specifier is incompatible with C++98 [-Wc++98-compat]
[build]   327 |     external_constructor<value_t::string>::construct(j, s);
[build]       |                          ^
[build] C:\Users\pperv\code\unnamed_rpg\vendor\json\include\nlohmann/adl_serializer.hpp(51,9): note: in instantiation of function template specialization 'nlohmann::detail::to_json_fn::operator()<nlohmann::basic_json<>, std::basic_string<char> &>' requested here
[build]    51 |         ::nlohmann::to_json(j, std::forward<TargetType>(val));
[build]       |         ^
[build] C:\Users\pperv\code\unnamed_rpg\vendor\json\include\nlohmann/json.hpp(872,28): note: in instantiation of function template specialization 'nlohmann::adl_serializer<std::basic_string<char>>::to_json<nlohmann::basic_json<>, std::basic_string<char> &>' requested here
[build]   872 |         JSONSerializer<U>::to_json(*this, std::forward<CompatibleType>(val));
[build]       |                            ^
[build] C:\Users\pperv\code\unnamed_rpg\vendor\json\include\nlohmann/detail/input/json_sax.hpp(579,27): note: in instantiation of function template specialization 'nlohmann::basic_json<>::basic_json<std::basic_string<char> &, std::basic_string<char>, 0>' requested here
[build]   579 |         BasicJsonType k = BasicJsonType(val);
[build]       |                           ^
[build] C:\Users\pperv\code\unnamed_rpg\vendor\json\include\nlohmann/detail/input/parser.hpp(221,56): note: in instantiation of member function 'nlohmann::detail::json_sax_dom_callback_parser<nlohmann::basic_json<>, nlohmann::detail::iterator_input_adapter<const char *>>::key' requested here
[build]   221 |                         if (JSON_HEDLEY_UNLIKELY(!sax->key(m_lexer.get_string())))
[build]       |                                                        ^
[build] C:\Users\pperv\code\unnamed_rpg\vendor\json\include\nlohmann/thirdparty/hedley/hedley.hpp(1360,94): note: expanded from macro 'JSON_HEDLEY_UNLIKELY'
[build]  1360 | #  define JSON_HEDLEY_UNLIKELY(expr)                    __builtin_expect                 (!!(expr),    0                  )
[build]       |                                                                                              ^
[build] C:\Users\pperv\code\unnamed_rpg\vendor\json\include\nlohmann/detail/input/parser.hpp(100,13): note: in instantiation of function template specialization 'nlohmann::detail::parser<nlohmann::basic_json<>, nlohmann::detail::iterator_input_adapter<const char *>>::sax_parse_internal<nlohmann::detail::json_sax_dom_callback_parser<nlohmann::basic_json<>, nlohmann::detail::iterator_input_adapter<const char *>>>' requested here
[build]   100 |             sax_parse_internal(&sdp);
[build]       |             ^
[build] C:\Users\pperv\code\unnamed_rpg\vendor\json\include\nlohmann/json.hpp(4112,148): note: in instantiation of member function 'nlohmann::detail::parser<nlohmann::basic_json<>, nlohmann::detail::iterator_input_adapter<const char *>>::parse' requested here
[build]  4112 |         parser(detail::input_adapter(std::move(first), std::move(last)), std::move(cb), allow_exceptions, ignore_comments, ignore_trailing_commas).parse(true, result); // cppcheck-suppress[accessMoved]
[build]       |                                                                                                                                                    ^
[build] C:\Users\pperv\code\unnamed_rpg\vendor\json\include\nlohmann/json.hpp(5294,28): note: in instantiation of function template specialization 'nlohmann::basic_json<>::parse<const char *, const char *, 0>' requested here
[build]  5294 |     return nlohmann::json::parse(s, s + n);
[build]       |                            ^
[build] In file included from C:\Users\pperv\code\unnamed_rpg\vendor\json-schema-validator\src\json-validator.cpp:9:
[build] In file included from C:\Users\pperv\code\unnamed_rpg\vendor\json-schema-validator\src\nlohmann/json-schema.hpp:24:
[build] In file included from C:\Users\pperv\code\unnamed_rpg\vendor\json\include\nlohmann/json.hpp:44:
[build] In file included from C:\Users\pperv\code\unnamed_rpg\vendor\json\include\nlohmann/adl_serializer.hpp:15:
[build] C:\Users\pperv\code\unnamed_rpg\vendor\json\include\nlohmann/detail/conversions/to_json.hpp(69,27): warning: enumeration type in nested name specifier is incompatible with C++98 [-Wc++98-compat]
[build]    69 |         j.m_data.m_type = value_t::string;
[build]       |                           ^
[build] C:\Users\pperv\code\unnamed_rpg\vendor\json\include\nlohmann/detail/conversions/to_json.hpp(516,16): note: in instantiation of function template specialization 'nlohmann::detail::to_json<nlohmann::basic_json<>, std::basic_string<char>, 0>' requested here
[build]   516 |         return to_json(j, std::forward<T>(val));
[build]       |                ^
[build] C:\Users\pperv\code\unnamed_rpg\vendor\json\include\nlohmann/adl_serializer.hpp(51,9): note: in instantiation of function template specialization 'nlohmann::detail::to_json_fn::operator()<nlohmann::basic_json<>, std::basic_string<char> &>' requested here
[build]    51 |         ::nlohmann::to_json(j, std::forward<TargetType>(val));
[build]       |         ^
[build] C:\Users\pperv\code\unnamed_rpg\vendor\json\include\nlohmann/json.hpp(872,28): note: in instantiation of function template specialization 'nlohmann::adl_serializer<std::basic_string<char>>::to_json<nlohmann::basic_json<>, std::basic_string<char> &>' requested here
[build]   872 |         JSONSerializer<U>::to_json(*this, std::forward<CompatibleType>(val));
[build]       |                            ^
[build] C:\Users\pperv\code\unnamed_rpg\vendor\json\include\nlohmann/detail/input/json_sax.hpp(579,27): note: in instantiation of function template specialization 'nlohmann::basic_json<>::basic_json<std::basic_string<char> &, std::basic_string<char>, 0>' requested here
[build]   579 |         BasicJsonType k = BasicJsonType(val);
[build]       |                           ^
[build] C:\Users\pperv\code\unnamed_rpg\vendor\json\include\nlohmann/detail/input/parser.hpp(221,56): note: in instantiation of member function 'nlohmann::detail::json_sax_dom_callback_parser<nlohmann::basic_json<>, nlohmann::detail::iterator_input_adapter<const char *>>::key' requested here
[build]   221 |                         if (JSON_HEDLEY_UNLIKELY(!sax->key(m_lexer.get_string())))
[build]       |                                                        ^
[build] C:\Users\pperv\code\unnamed_rpg\vendor\json\include\nlohmann/thirdparty/hedley/hedley.hpp(1360,94): note: expanded from macro 'JSON_HEDLEY_UNLIKELY'
[build]  1360 | #  define JSON_HEDLEY_UNLIKELY(expr)                    __builtin_expect                 (!!(expr),    0                  )
[build]       |                                                                                              ^
[build] C:\Users\pperv\code\unnamed_rpg\vendor\json\include\nlohmann/detail/input/parser.hpp(100,13): note: in instantiation of function template specialization 'nlohmann::detail::parser<nlohmann::basic_json<>, nlohmann::detail::iterator_input_adapter<const char *>>::sax_parse_internal<nlohmann::detail::json_sax_dom_callback_parser<nlohmann::basic_json<>, nlohmann::detail::iterator_input_adapter<const char *>>>' requested here
[build]   100 |             sax_parse_internal(&sdp);
[build]       |             ^
[build] C:\Users\pperv\code\unnamed_rpg\vendor\json\include\nlohmann/json.hpp(4112,148): note: in instantiation of member function 'nlohmann::detail::parser<nlohmann::basic_json<>, nlohmann::detail::iterator_input_adapter<const char *>>::parse' requested here
[build]  4112 |         parser(detail::input_adapter(std::move(first), std::move(last)), std::move(cb), allow_exceptions, ignore_comments, ignore_trailing_commas).parse(true, result); // cppcheck-suppress[accessMoved]
[build]       |                                                                                                                                                    ^
[build] C:\Users\pperv\code\unnamed_rpg\vendor\json\include\nlohmann/json.hpp(5294,28): note: in instantiation of function template specialization 'nlohmann::basic_json<>::parse<const char *, const char *, 0>' requested here
[build]  5294 |     return nlohmann::json::parse(s, s + n);
[build]       |                            ^
[build] In file included from C:\Users\pperv\code\unnamed_rpg\vendor\json-schema-validator\src\json-validator.cpp:9:
[build] In file included from C:\Users\pperv\code\unnamed_rpg\vendor\json-schema-validator\src\nlohmann/json-schema.hpp:24:
[build] In file included from C:\Users\pperv\code\unnamed_rpg\vendor\json\include\nlohmann/json.hpp:44:
[build] In file included from C:\Users\pperv\code\unnamed_rpg\vendor\json\include\nlohmann/adl_serializer.hpp:15:
[build] C:\Users\pperv\code\unnamed_rpg\vendor\json\include\nlohmann/detail/conversions/to_json.hpp(69,27): warning: enumeration type in nested name specifier is incompatible with C++98 [-Wc++98-compat]
[build]    69 |         j.m_data.m_type = value_t::string;
[build]       |                           ^
[build] C:\Users\pperv\code\unnamed_rpg\vendor\json\include\nlohmann/detail/conversions/to_json.hpp(327,44): note: in instantiation of function template specialization 'nlohmann::detail::external_constructor<nlohmann::detail::value_t::string>::construct<nlohmann::basic_json<>>' requested here
[build]   327 |     external_constructor<value_t::string>::construct(j, s);
[build]       |                                            ^
[build] C:\Users\pperv\code\unnamed_rpg\vendor\json\include\nlohmann/detail/conversions/to_json.hpp(516,16): note: in instantiation of function template specialization 'nlohmann::detail::to_json<nlohmann::basic_json<>, std::basic_string<char>, 0>' requested here
[build]   516 |         return to_json(j, std::forward<T>(val));
[build]       |                ^
[build] C:\Users\pperv\code\unnamed_rpg\vendor\json\include\nlohmann/adl_serializer.hpp(51,9): note: in instantiation of function template specialization 'nlohmann::detail::to_json_fn::operator()<nlohmann::basic_json<>, std::basic_string<char> &>' requested here
[build]    51 |         ::nlohmann::to_json(j, std::forward<TargetType>(val));
[build]       |         ^
[build] C:\Users\pperv\code\unnamed_rpg\vendor\json\include\nlohmann/json.hpp(872,28): note: in instantiation of function template specialization 'nlohmann::adl_serializer<std::basic_string<char>>::to_json<nlohmann::basic_json<>, std::basic_string<char> &>' requested here
[build]   872 |         JSONSerializer<U>::to_json(*this, std::forward<CompatibleType>(val));
[build]       |                            ^
[build] C:\Users\pperv\code\unnamed_rpg\vendor\json\include\nlohmann/detail/input/json_sax.hpp(579,27): note: in instantiation of function template specialization 'nlohmann::basic_json<>::basic_json<std::basic_string<char> &, std::basic_string<char>, 0>' requested here
[build]   579 |         BasicJsonType k = BasicJsonType(val);
[build]       |                           ^
[build] C:\Users\pperv\code\unnamed_rpg\vendor\json\include\nlohmann/detail/input/parser.hpp(221,56): note: in instantiation of member function 'nlohmann::detail::json_sax_dom_callback_parser<nlohmann::basic_json<>, nlohmann::detail::iterator_input_adapter<const char *>>::key' requested here
[build]   221 |                         if (JSON_HEDLEY_UNLIKELY(!sax->key(m_lexer.get_string())))
[build]       |                                                        ^
[build] C:\Users\pperv\code\unnamed_rpg\vendor\json\include\nlohmann/thirdparty/hedley/hedley.hpp(1360,94): note: expanded from macro 'JSON_HEDLEY_UNLIKELY'
[build]  1360 | #  define JSON_HEDLEY_UNLIKELY(expr)                    __builtin_expect                 (!!(expr),    0                  )
[build]       |                                                                                              ^
[build] C:\Users\pperv\code\unnamed_rpg\vendor\json\include\nlohmann/detail/input/parser.hpp(100,13): note: in instantiation of function template specialization 'nlohmann::detail::parser<nlohmann::basic_json<>, nlohmann::detail::iterator_input_adapter<const char *>>::sax_parse_internal<nlohmann::detail::json_sax_dom_callback_parser<nlohmann::basic_json<>, nlohmann::detail::iterator_input_adapter<const char *>>>' requested here
[build]   100 |             sax_parse_internal(&sdp);
[build]       |             ^
[build] C:\Users\pperv\code\unnamed_rpg\vendor\json\include\nlohmann/json.hpp(4112,148): note: in instantiation of member function 'nlohmann::detail::parser<nlohmann::basic_json<>, nlohmann::detail::iterator_input_adapter<const char *>>::parse' requested here
[build]  4112 |         parser(detail::input_adapter(std::move(first), std::move(last)), std::move(cb), allow_exceptions, ignore_comments, ignore_trailing_commas).parse(true, result); // cppcheck-suppress[accessMoved]
[build]       |                                                                                                                                                    ^
[build] C:\Users\pperv\code\unnamed_rpg\vendor\json\include\nlohmann/json.hpp(5294,28): note: in instantiation of function template specialization 'nlohmann::basic_json<>::parse<const char *, const char *, 0>' requested here
[build]  5294 |     return nlohmann::json::parse(s, s + n);
[build]       |                            ^
[build] C:\Users\pperv\code\unnamed_rpg\vendor\json\include\nlohmann/json.hpp(414,33): warning: alias declarations are incompatible with C++98 [-Wc++98-compat]
[build]   414 |         using AllocatorTraits = std::allocator_traits<AllocatorType<T>>;
[build]       |                                 ^
[build] C:\Users\pperv\code\unnamed_rpg\vendor\json\include\nlohmann/json.hpp(414,70): warning: consecutive right angle brackets are incompatible with C++98 (use '> >') [-Wc++98-compat]
[build]   414 |         using AllocatorTraits = std::allocator_traits<AllocatorType<T>>;
[build]       |                                                                      ^~
[build]       |                                                                      > >
[build] C:\Users\pperv\code\unnamed_rpg\vendor\json\include\nlohmann/json.hpp(416,9): warning: 'auto' type specifier is incompatible with C++98 [-Wc++98-compat]
[build]   416 |         auto deleter = [&](T * obj)
[build]       |         ^~~~
[build] C:\Users\pperv\code\unnamed_rpg\vendor\json\include\nlohmann/detail/conversions/to_json.hpp(70,28): note: in instantiation of member function 'nlohmann::basic_json<>::json_value::json_value' requested here
[build]    70 |         j.m_data.m_value = s;
[build]       |                            ^
[build] C:\Users\pperv\code\unnamed_rpg\vendor\json\include\nlohmann/detail/conversions/to_json.hpp(327,44): note: in instantiation of function template specialization 'nlohmann::detail::external_constructor<nlohmann::detail::value_t::string>::construct<nlohmann::basic_json<>>' requested here
[build]   327 |     external_constructor<value_t::string>::construct(j, s);
[build]       |                                            ^
[build] C:\Users\pperv\code\unnamed_rpg\vendor\json\include\nlohmann/detail/conversions/to_json.hpp(516,16): note: in instantiation of function template specialization 'nlohmann::detail::to_json<nlohmann::basic_json<>, std::basic_string<char>, 0>' requested here
[build]   516 |         return to_json(j, std::forward<T>(val));
[build]       |                ^
[build] C:\Users\pperv\code\unnamed_rpg\vendor\json\include\nlohmann/adl_serializer.hpp(51,9): note: in instantiation of function template specialization 'nlohmann::detail::to_json_fn::operator()<nlohmann::basic_json<>, std::basic_string<char> &>' requested here
[build]    51 |         ::nlohmann::to_json(j, std::forward<TargetType>(val));
[build]       |         ^
[build] C:\Users\pperv\code\unnamed_rpg\vendor\json\include\nlohmann/json.hpp(872,28): note: in instantiation of function template specialization 'nlohmann::adl_serializer<std::basic_string<char>>::to_json<nlohmann::basic_json<>, std::basic_string<char> &>' requested here
[build]   872 |         JSONSerializer<U>::to_json(*this, std::forward<CompatibleType>(val));
[build]       |                            ^
[build] C:\Users\pperv\code\unnamed_rpg\vendor\json\include\nlohmann/detail/input/json_sax.hpp(579,27): note: in instantiation of function template specialization 'nlohmann::basic_json<>::basic_json<std::basic_string<char> &, std::basic_string<char>, 0>' requested here
[build]   579 |         BasicJsonType k = BasicJsonType(val);
[build]       |                           ^
[build] C:\Users\pperv\code\unnamed_rpg\vendor\json\include\nlohmann/detail/input/parser.hpp(221,56): note: in instantiation of member function 'nlohmann::detail::json_sax_dom_callback_parser<nlohmann::basic_json<>, nlohmann::detail::iterator_input_adapter<const char *>>::key' requested here
[build]   221 |                         if (JSON_HEDLEY_UNLIKELY(!sax->key(m_lexer.get_string())))
[build]       |                                                        ^
[build] C:\Users\pperv\code\unnamed_rpg\vendor\json\include\nlohmann/thirdparty/hedley/hedley.hpp(1360,94): note: expanded from macro 'JSON_HEDLEY_UNLIKELY'
[build]  1360 | #  define JSON_HEDLEY_UNLIKELY(expr)                    __builtin_expect                 (!!(expr),    0                  )
[build]       |                                                                                              ^
[build] C:\Users\pperv\code\unnamed_rpg\vendor\json\include\nlohmann/detail/input/parser.hpp(100,13): note: in instantiation of function template specialization 'nlohmann::detail::parser<nlohmann::basic_json<>, nlohmann::detail::iterator_input_adapter<const char *>>::sax_parse_internal<nlohmann::detail::json_sax_dom_callback_parser<nlohmann::basic_json<>, nlohmann::detail::iterator_input_adapter<const char *>>>' requested here
[build]   100 |             sax_parse_internal(&sdp);
[build]       |             ^
[build] C:\Users\pperv\code\unnamed_rpg\vendor\json\include\nlohmann/json.hpp(4112,148): note: in instantiation of member function 'nlohmann::detail::parser<nlohmann::basic_json<>, nlohmann::detail::iterator_input_adapter<const char *>>::parse' requested here
[build]  4112 |         parser(detail::input_adapter(std::move(first), std::move(last)), std::move(cb), allow_exceptions, ignore_comments, ignore_trailing_commas).parse(true, result); // cppcheck-suppress[accessMoved]
[build]       |                                                                                                                                                    ^
[build] C:\Users\pperv\code\unnamed_rpg\vendor\json\include\nlohmann/json.hpp(5294,28): note: in instantiation of function template specialization 'nlohmann::basic_json<>::parse<const char *, const char *, 0>' requested here
[build]  5294 |     return nlohmann::json::parse(s, s + n);
[build]       |                            ^
[build] C:\Users\pperv\code\unnamed_rpg\vendor\json\include\nlohmann/json.hpp(416,24): warning: lambda expressions are incompatible with C++98 [-Wc++98-compat]
[build]   416 |         auto deleter = [&](T * obj)
[build]       |                        ^
[build] C:\Users\pperv\code\unnamed_rpg\vendor\json\include\nlohmann/json.hpp(420,28): warning: 'decltype' type specifier is incompatible with C++98 [-Wc++98-compat]
[build]   420 |         std::unique_ptr<T, decltype(deleter)> obj(AllocatorTraits::allocate(alloc, 1), deleter);
[build]       |                            ^
[build] C:\Users\pperv\code\unnamed_rpg\vendor\json\include\nlohmann/json.hpp(420,28): warning: local type '(lambda at C:\Users\pperv\code\unnamed_rpg\vendor\json\include\nlohmann\json.hpp:416:24)' as template argument is incompatible with C++98 [-Wc++98-compat-local-type-template-args]
[build]   420 |         std::unique_ptr<T, decltype(deleter)> obj(AllocatorTraits::allocate(alloc, 1), deleter);
[build]       |                            ^~~~~~~~~~~~~~~~~
[build] C:\Users\pperv\code\unnamed_rpg\vendor\json\include\nlohmann/json.hpp(558,52): note: in instantiation of function template specialization 'nlohmann::basic_json<>::create<std::basic_string<char>, const std::basic_string<char> &>' requested here
[build]   558 |         json_value(const string_t& value) : string(create<string_t>(value)) {}
[build]       |                                                    ^
[build] C:\Users\pperv\code\unnamed_rpg\vendor\json\include\nlohmann/detail/conversions/to_json.hpp(70,28): note: in instantiation of member function 'nlohmann::basic_json<>::json_value::json_value' requested here
[build]    70 |         j.m_data.m_value = s;
[build]       |                            ^
[build] C:\Users\pperv\code\unnamed_rpg\vendor\json\include\nlohmann/detail/conversions/to_json.hpp(327,44): note: in instantiation of function template specialization 'nlohmann::detail::external_constructor<nlohmann::detail::value_t::string>::construct<nlohmann::basic_json<>>' requested here
[build]   327 |     external_constructor<value_t::string>::construct(j, s);
[build]       |                                            ^
[build] C:\Users\pperv\code\unnamed_rpg\vendor\json\include\nlohmann/detail/conversions/to_json.hpp(516,16): note: in instantiation of function template specialization 'nlohmann::detail::to_json<nlohmann::basic_json<>, std::basic_string<char>, 0>' requested here
[build]   516 |         return to_json(j, std::forward<T>(val));
[build]       |                ^
[build] C:\Users\pperv\code\unnamed_rpg\vendor\json\include\nlohmann/adl_serializer.hpp(51,9): note: in instantiation of function template specialization 'nlohmann::detail::to_json_fn::operator()<nlohmann::basic_json<>, std::basic_string<char> &>' requested here
[build]    51 |         ::nlohmann::to_json(j, std::forward<TargetType>(val));
[build]       |         ^
[build] C:\Users\pperv\code\unnamed_rpg\vendor\json\include\nlohmann/json.hpp(872,28): note: (skipping 1 context in backtrace; use -ftemplate-backtrace-limit=0 to see all)
[build]   872 |         JSONSerializer<U>::to_json(*this, std::forward<CompatibleType>(val));
[build]       |                            ^
[build] C:\Users\pperv\code\unnamed_rpg\vendor\json\include\nlohmann/detail/input/json_sax.hpp(579,27): note: in instantiation of function template specialization 'nlohmann::basic_json<>::basic_json<std::basic_string<char> &, std::basic_string<char>, 0>' requested here
[build]   579 |         BasicJsonType k = BasicJsonType(val);
[build]       |                           ^
[build] C:\Users\pperv\code\unnamed_rpg\vendor\json\include\nlohmann/detail/input/parser.hpp(221,56): note: in instantiation of member function 'nlohmann::detail::json_sax_dom_callback_parser<nlohmann::basic_json<>, nlohmann::detail::iterator_input_adapter<const char *>>::key' requested here
[build]   221 |                         if (JSON_HEDLEY_UNLIKELY(!sax->key(m_lexer.get_string())))
[build]       |                                                        ^
[build] C:\Users\pperv\code\unnamed_rpg\vendor\json\include\nlohmann/thirdparty/hedley/hedley.hpp(1360,94): note: expanded from macro 'JSON_HEDLEY_UNLIKELY'
[build]  1360 | #  define JSON_HEDLEY_UNLIKELY(expr)                    __builtin_expect                 (!!(expr),    0                  )
[build]       |                                                                                              ^
[build] C:\Users\pperv\code\unnamed_rpg\vendor\json\include\nlohmann/detail/input/parser.hpp(100,13): note: in instantiation of function template specialization 'nlohmann::detail::parser<nlohmann::basic_json<>, nlohmann::detail::iterator_input_adapter<const char *>>::sax_parse_internal<nlohmann::detail::json_sax_dom_callback_parser<nlohmann::basic_json<>, nlohmann::detail::iterator_input_adapter<const char *>>>' requested here
[build]   100 |             sax_parse_internal(&sdp);
[build]       |             ^
[build] C:\Users\pperv\code\unnamed_rpg\vendor\json\include\nlohmann/json.hpp(4112,148): note: in instantiation of member function 'nlohmann::detail::parser<nlohmann::basic_json<>, nlohmann::detail::iterator_input_adapter<const char *>>::parse' requested here
[build]  4112 |         parser(detail::input_adapter(std::move(first), std::move(last)), std::move(cb), allow_exceptions, ignore_comments, ignore_trailing_commas).parse(true, result); // cppcheck-suppress[accessMoved]
[build]       |                                                                                                                                                    ^
[build] C:\Users\pperv\code\unnamed_rpg\vendor\json\include\nlohmann/json.hpp(5294,28): note: in instantiation of function template specialization 'nlohmann::basic_json<>::parse<const char *, const char *, 0>' requested here
[build]  5294 |     return nlohmann::json::parse(s, s + n);
[build]       |                            ^
[build] In file included from C:\Users\pperv\code\unnamed_rpg\vendor\json-schema-validator\src\json-validator.cpp:9:
[build] In file included from C:\Users\pperv\code\unnamed_rpg\vendor\json-schema-validator\src\nlohmann/json-schema.hpp:24:
[build] In file included from C:\Users\pperv\code\unnamed_rpg\vendor\json\include\nlohmann/json.hpp:50:
[build] In file included from C:\Users\pperv\code\unnamed_rpg\vendor\json\include\nlohmann/detail/input/binary_reader.hpp:29:
[build] C:\Users\pperv\code\unnamed_rpg\vendor\json\include\nlohmann/detail/input/json_sax.hpp(642,9): warning: 'auto' type specifier is incompatible with C++98 [-Wc++98-compat]
[build]   642 |         auto val = handle_value(BasicJsonType::value_t::array, true);
[build]       |         ^~~~
[build] C:\Users\pperv\code\unnamed_rpg\vendor\json\include\nlohmann/detail/input/parser.hpp(100,13): note: in instantiation of function template specialization 'nlohmann::detail::parser<nlohmann::basic_json<>, nlohmann::detail::iterator_input_adapter<const char *>>::sax_parse_internal<nlohmann::detail::json_sax_dom_callback_parser<nlohmann::basic_json<>, nlohmann::detail::iterator_input_adapter<const char *>>>' requested here
[build]   100 |             sax_parse_internal(&sdp);
[build]       |             ^
[build] C:\Users\pperv\code\unnamed_rpg\vendor\json\include\nlohmann/json.hpp(4112,148): note: in instantiation of member function 'nlohmann::detail::parser<nlohmann::basic_json<>, nlohmann::detail::iterator_input_adapter<const char *>>::parse' requested here
[build]  4112 |         parser(detail::input_adapter(std::move(first), std::move(last)), std::move(cb), allow_exceptions, ignore_comments, ignore_trailing_commas).parse(true, result); // cppcheck-suppress[accessMoved]
[build]       |                                                                                                                                                    ^
[build] C:\Users\pperv\code\unnamed_rpg\vendor\json\include\nlohmann/json.hpp(5294,28): note: in instantiation of function template specialization 'nlohmann::basic_json<>::parse<const char *, const char *, 0>' requested here
[build]  5294 |     return nlohmann::json::parse(s, s + n);
[build]       |                            ^
[build] In file included from C:\Users\pperv\code\unnamed_rpg\vendor\json-schema-validator\src\json-validator.cpp:9:
[build] In file included from C:\Users\pperv\code\unnamed_rpg\vendor\json-schema-validator\src\nlohmann/json-schema.hpp:24:
[build] In file included from C:\Users\pperv\code\unnamed_rpg\vendor\json\include\nlohmann/json.hpp:50:
[build] In file included from C:\Users\pperv\code\unnamed_rpg\vendor\json\include\nlohmann/detail/input/binary_reader.hpp:29:
[build] C:\Users\pperv\code\unnamed_rpg\vendor\json\include\nlohmann/detail/input/json_sax.hpp(639,72): warning: enumeration type in nested name specifier is incompatible with C++98 [-Wc++98-compat]
[build]   639 |         const bool keep = callback(static_cast<int>(ref_stack.size()), parse_event_t::array_start, discarded);
[build]       |                                                                        ^
[build] C:\Users\pperv\code\unnamed_rpg\vendor\json\include\nlohmann/detail/input/parser.hpp(244,56): note: in instantiation of member function 'nlohmann::detail::json_sax_dom_callback_parser<nlohmann::basic_json<>, nlohmann::detail::iterator_input_adapter<const char *>>::start_array' requested here
[build]   244 |                         if (JSON_HEDLEY_UNLIKELY(!sax->start_array(detail::unknown_size())))
[build]       |                                                        ^
[build] C:\Users\pperv\code\unnamed_rpg\vendor\json\include\nlohmann/thirdparty/hedley/hedley.hpp(1360,94): note: expanded from macro 'JSON_HEDLEY_UNLIKELY'
[build]  1360 | #  define JSON_HEDLEY_UNLIKELY(expr)                    __builtin_expect                 (!!(expr),    0                  )
[build]       |                                                                                              ^
[build] C:\Users\pperv\code\unnamed_rpg\vendor\json\include\nlohmann/detail/input/parser.hpp(100,13): note: in instantiation of function template specialization 'nlohmann::detail::parser<nlohmann::basic_json<>, nlohmann::detail::iterator_input_adapter<const char *>>::sax_parse_internal<nlohmann::detail::json_sax_dom_callback_parser<nlohmann::basic_json<>, nlohmann::detail::iterator_input_adapter<const char *>>>' requested here
[build]   100 |             sax_parse_internal(&sdp);
[build]       |             ^
[build] C:\Users\pperv\code\unnamed_rpg\vendor\json\include\nlohmann/json.hpp(4112,148): note: in instantiation of member function 'nlohmann::detail::parser<nlohmann::basic_json<>, nlohmann::detail::iterator_input_adapter<const char *>>::parse' requested here
[build]  4112 |         parser(detail::input_adapter(std::move(first), std::move(last)), std::move(cb), allow_exceptions, ignore_comments, ignore_trailing_commas).parse(true, result); // cppcheck-suppress[accessMoved]
[build]       |                                                                                                                                                    ^
[build] C:\Users\pperv\code\unnamed_rpg\vendor\json\include\nlohmann/json.hpp(5294,28): note: in instantiation of function template specialization 'nlohmann::basic_json<>::parse<const char *, const char *, 0>' requested here
[build]  5294 |     return nlohmann::json::parse(s, s + n);
[build]       |                            ^
[build] In file included from C:\Users\pperv\code\unnamed_rpg\vendor\json-schema-validator\src\json-validator.cpp:9:
[build] In file included from C:\Users\pperv\code\unnamed_rpg\vendor\json-schema-validator\src\nlohmann/json-schema.hpp:24:
[build] In file included from C:\Users\pperv\code\unnamed_rpg\vendor\json\include\nlohmann/json.hpp:50:
[build] In file included from C:\Users\pperv\code\unnamed_rpg\vendor\json\include\nlohmann/detail/input/binary_reader.hpp:29:
[build] C:\Users\pperv\code\unnamed_rpg\vendor\json\include\nlohmann/detail/input/json_sax.hpp(672,49): warning: 'nullptr' is incompatible with C++98 [-Wc++98-compat]
[build]   672 |         const bool stored = ref_stack.back() != nullptr;
[build]       |                                                 ^
[build] C:\Users\pperv\code\unnamed_rpg\vendor\json\include\nlohmann/detail/input/json_sax.hpp(676,69): warning: enumeration type in nested name specifier is incompatible with C++98 [-Wc++98-compat]
[build]   676 |             keep = callback(static_cast<int>(ref_stack.size()) - 1, parse_event_t::array_end, *ref_stack.back());
[build]       |                                                                     ^
[build] C:\Users\pperv\code\unnamed_rpg\vendor\json\include\nlohmann/detail/input/parser.hpp(252,60): note: in instantiation of member function 'nlohmann::detail::json_sax_dom_callback_parser<nlohmann::basic_json<>, nlohmann::detail::iterator_input_adapter<const char *>>::end_array' requested here
[build]   252 |                             if (JSON_HEDLEY_UNLIKELY(!sax->end_array()))
[build]       |                                                            ^
[build] C:\Users\pperv\code\unnamed_rpg\vendor\json\include\nlohmann/thirdparty/hedley/hedley.hpp(1360,94): note: expanded from macro 'JSON_HEDLEY_UNLIKELY'
[build]  1360 | #  define JSON_HEDLEY_UNLIKELY(expr)                    __builtin_expect                 (!!(expr),    0                  )
[build]       |                                                                                              ^
[build] C:\Users\pperv\code\unnamed_rpg\vendor\json\include\nlohmann/detail/input/parser.hpp(100,13): note: in instantiation of function template specialization 'nlohmann::detail::parser<nlohmann::basic_json<>, nlohmann::detail::iterator_input_adapter<const char *>>::sax_parse_internal<nlohmann::detail::json_sax_dom_callback_parser<nlohmann::basic_json<>, nlohmann::detail::iterator_input_adapter<const char *>>>' requested here
[build]   100 |             sax_parse_internal(&sdp);
[build]       |             ^
[build] C:\Users\pperv\code\unnamed_rpg\vendor\json\include\nlohmann/json.hpp(4112,148): note: in instantiation of member function 'nlohmann::detail::parser<nlohmann::basic_json<>, nlohmann::detail::iterator_input_adapter<const char *>>::parse' requested here
[build]  4112 |         parser(detail::input_adapter(std::move(first), std::move(last)), std::move(cb), allow_exceptions, ignore_comments, ignore_trailing_commas).parse(true, result); // cppcheck-suppress[accessMoved]
[build]       |                                                                                                                                                    ^
[build] C:\Users\pperv\code\unnamed_rpg\vendor\json\include\nlohmann/json.hpp(5294,28): note: in instantiation of function template specialization 'nlohmann::basic_json<>::parse<const char *, const char *, 0>' requested here
[build]  5294 |     return nlohmann::json::parse(s, s + n);
[build]       |                            ^
[build] In file included from C:\Users\pperv\code\unnamed_rpg\vendor\json-schema-validator\src\json-validator.cpp:9:
[build] In file included from C:\Users\pperv\code\unnamed_rpg\vendor\json-schema-validator\src\nlohmann/json-schema.hpp:24:
[build] In file included from C:\Users\pperv\code\unnamed_rpg\vendor\json\include\nlohmann/json.hpp:44:
[build] In file included from C:\Users\pperv\code\unnamed_rpg\vendor\json\include\nlohmann/adl_serializer.hpp:14:
[build] In file included from C:\Users\pperv\code\unnamed_rpg\vendor\json\include\nlohmann/detail/conversions/from_json.hpp:24:
[build] C:\Users\pperv\code\unnamed_rpg\vendor\json\include\nlohmann/detail/exceptions.hpp(261,16): warning: constructor call from initializer list is incompatible with C++98 [-Wc++98-compat]
[build]   261 |         return {id_, w.c_str()};
[build]       |                ^~~~~~~~~~~~~~~~
[build] C:\Users\pperv\code\unnamed_rpg\vendor\json\include\nlohmann/detail/input/parser.hpp(274,67): note: in instantiation of function template specialization 'nlohmann::detail::out_of_range::create<std::nullptr_t, 0>' requested here
[build]   274 |                                                     out_of_range::create(406, concat("number overflow parsing '", m_lexer.get_token_string(), '\''), nullptr));
[build]       |                                                                   ^
[build] C:\Users\pperv\code\unnamed_rpg\vendor\json\include\nlohmann/detail/input/parser.hpp(100,13): note: in instantiation of function template specialization 'nlohmann::detail::parser<nlohmann::basic_json<>, nlohmann::detail::iterator_input_adapter<const char *>>::sax_parse_internal<nlohmann::detail::json_sax_dom_callback_parser<nlohmann::basic_json<>, nlohmann::detail::iterator_input_adapter<const char *>>>' requested here
[build]   100 |             sax_parse_internal(&sdp);
[build]       |             ^
[build] C:\Users\pperv\code\unnamed_rpg\vendor\json\include\nlohmann/json.hpp(4112,148): note: in instantiation of member function 'nlohmann::detail::parser<nlohmann::basic_json<>, nlohmann::detail::iterator_input_adapter<const char *>>::parse' requested here
[build]  4112 |         parser(detail::input_adapter(std::move(first), std::move(last)), std::move(cb), allow_exceptions, ignore_comments, ignore_trailing_commas).parse(true, result); // cppcheck-suppress[accessMoved]
[build]       |                                                                                                                                                    ^
[build] C:\Users\pperv\code\unnamed_rpg\vendor\json\include\nlohmann/json.hpp(5294,28): note: in instantiation of function template specialization 'nlohmann::basic_json<>::parse<const char *, const char *, 0>' requested here
[build]  5294 |     return nlohmann::json::parse(s, s + n);
[build]       |                            ^
[build] In file included from C:\Users\pperv\code\unnamed_rpg\vendor\json-schema-validator\src\json-validator.cpp:9:
[build] In file included from C:\Users\pperv\code\unnamed_rpg\vendor\json-schema-validator\src\nlohmann/json-schema.hpp:24:
[build] In file included from C:\Users\pperv\code\unnamed_rpg\vendor\json\include\nlohmann/json.hpp:50:
[build] In file included from C:\Users\pperv\code\unnamed_rpg\vendor\json\include\nlohmann/detail/input/binary_reader.hpp:29:
[build] C:\Users\pperv\code\unnamed_rpg\vendor\json\include\nlohmann/detail/input/json_sax.hpp(849,20): warning: constructor call from initializer list is incompatible with C++98 [-Wc++98-compat]
[build]   849 |             return {false, nullptr};
[build]       |                    ^~~~~~~~~~~~~~~~
[build] C:\Users\pperv\code\unnamed_rpg\vendor\json\include\nlohmann/detail/input/json_sax.hpp(529,9): note: in instantiation of function template specialization 'nlohmann::detail::json_sax_dom_callback_parser<nlohmann::basic_json<>, nlohmann::detail::iterator_input_adapter<const char *>>::handle_value<double &>' requested here
[build]   529 |         handle_value(val);
[build]       |         ^
[build] C:\Users\pperv\code\unnamed_rpg\vendor\json\include\nlohmann/detail/input/parser.hpp(277,56): note: in instantiation of member function 'nlohmann::detail::json_sax_dom_callback_parser<nlohmann::basic_json<>, nlohmann::detail::iterator_input_adapter<const char *>>::number_float' requested here
[build]   277 |                         if (JSON_HEDLEY_UNLIKELY(!sax->number_float(res, m_lexer.get_string())))
[build]       |                                                        ^
[build] C:\Users\pperv\code\unnamed_rpg\vendor\json\include\nlohmann/thirdparty/hedley/hedley.hpp(1360,94): note: expanded from macro 'JSON_HEDLEY_UNLIKELY'
[build]  1360 | #  define JSON_HEDLEY_UNLIKELY(expr)                    __builtin_expect                 (!!(expr),    0                  )
[build]       |                                                                                              ^
[build] C:\Users\pperv\code\unnamed_rpg\vendor\json\include\nlohmann/detail/input/parser.hpp(100,13): note: in instantiation of function template specialization 'nlohmann::detail::parser<nlohmann::basic_json<>, nlohmann::detail::iterator_input_adapter<const char *>>::sax_parse_internal<nlohmann::detail::json_sax_dom_callback_parser<nlohmann::basic_json<>, nlohmann::detail::iterator_input_adapter<const char *>>>' requested here
[build]   100 |             sax_parse_internal(&sdp);
[build]       |             ^
[build] C:\Users\pperv\code\unnamed_rpg\vendor\json\include\nlohmann/json.hpp(4112,148): note: in instantiation of member function 'nlohmann::detail::parser<nlohmann::basic_json<>, nlohmann::detail::iterator_input_adapter<const char *>>::parse' requested here
[build]  4112 |         parser(detail::input_adapter(std::move(first), std::move(last)), std::move(cb), allow_exceptions, ignore_comments, ignore_trailing_commas).parse(true, result); // cppcheck-suppress[accessMoved]
[build]       |                                                                                                                                                    ^
[build] C:\Users\pperv\code\unnamed_rpg\vendor\json\include\nlohmann/json.hpp(5294,28): note: in instantiation of function template specialization 'nlohmann::basic_json<>::parse<const char *, const char *, 0>' requested here
[build]  5294 |     return nlohmann::json::parse(s, s + n);
[build]       |                            ^
[build] In file included from C:\Users\pperv\code\unnamed_rpg\vendor\json-schema-validator\src\json-validator.cpp:9:
[build] In file included from C:\Users\pperv\code\unnamed_rpg\vendor\json-schema-validator\src\nlohmann/json-schema.hpp:24:
[build] In file included from C:\Users\pperv\code\unnamed_rpg\vendor\json\include\nlohmann/json.hpp:50:
[build] In file included from C:\Users\pperv\code\unnamed_rpg\vendor\json\include\nlohmann/detail/input/binary_reader.hpp:29:
[build] C:\Users\pperv\code\unnamed_rpg\vendor\json\include\nlohmann/detail/input/json_sax.hpp(860,89): warning: enumeration type in nested name specifier is incompatible with C++98 [-Wc++98-compat]
[build]   860 |         const bool keep = skip_callback || callback(static_cast<int>(ref_stack.size()), parse_event_t::value, value);
[build]       |                                                                                         ^
[build] C:\Users\pperv\code\unnamed_rpg\vendor\json\include\nlohmann/detail/input/json_sax.hpp(877,20): warning: constructor call from initializer list is incompatible with C++98 [-Wc++98-compat]
[build]   877 |             return {false, nullptr};
[build]       |                    ^~~~~~~~~~~~~~~~
[build] C:\Users\pperv\code\unnamed_rpg\vendor\json\include\nlohmann/detail/input/json_sax.hpp(883,20): warning: constructor call from initializer list is incompatible with C++98 [-Wc++98-compat]
[build]   883 |             return {true, & root};
[build]       |                    ^~~~~~~~~~~~~~
[build] C:\Users\pperv\code\unnamed_rpg\vendor\json\include\nlohmann/detail/input/json_sax.hpp(890,20): warning: constructor call from initializer list is incompatible with C++98 [-Wc++98-compat]
[build]   890 |             return {false, nullptr};
[build]       |                    ^~~~~~~~~~~~~~~~
[build] C:\Users\pperv\code\unnamed_rpg\vendor\json\include\nlohmann/detail/input/json_sax.hpp(900,20): warning: constructor call from initializer list is incompatible with C++98 [-Wc++98-compat]
[build]   900 |             return {true, & (ref_stack.back()->m_data.m_value.array->back())};
[build]       |                    ^~~~~~~~~~~~~~~~~~~~~~~~~~~~~~~~~~~~~~~~~~~~~~~~~~~~~~~~~~
[build] C:\Users\pperv\code\unnamed_rpg\vendor\json\include\nlohmann/detail/input/json_sax.hpp(912,20): warning: constructor call from initializer list is incompatible with C++98 [-Wc++98-compat]
[build]   912 |             return {false, nullptr};
[build]       |                    ^~~~~~~~~~~~~~~~
[build] C:\Users\pperv\code\unnamed_rpg\vendor\json\include\nlohmann/detail/input/json_sax.hpp(917,16): warning: constructor call from initializer list is incompatible with C++98 [-Wc++98-compat]
[build]   917 |         return {true, object_element};
[build]       |                ^~~~~~~~~~~~~~~~~~~~~~
[build] In file included from C:\Users\pperv\code\unnamed_rpg\vendor\json-schema-validator\src\json-validator.cpp:9:
[build] In file included from C:\Users\pperv\code\unnamed_rpg\vendor\json-schema-validator\src\nlohmann/json-schema.hpp:24:
[build] In file included from C:\Users\pperv\code\unnamed_rpg\vendor\json\include\nlohmann/json.hpp:44:
[build] In file included from C:\Users\pperv\code\unnamed_rpg\vendor\json\include\nlohmann/adl_serializer.hpp:15:
[build] C:\Users\pperv\code\unnamed_rpg\vendor\json\include\nlohmann/detail/conversions/to_json.hpp(340,26): warning: enumeration type in nested name specifier is incompatible with C++98 [-Wc++98-compat]
[build]   340 |     external_constructor<value_t::number_float>::construct(j, static_cast<typename BasicJsonType::number_float_t>(val));
[build]       |                          ^
[build] C:\Users\pperv\code\unnamed_rpg\vendor\json\include\nlohmann/adl_serializer.hpp(51,9): note: in instantiation of function template specialization 'nlohmann::detail::to_json_fn::operator()<nlohmann::basic_json<>, double &>' requested here
[build]    51 |         ::nlohmann::to_json(j, std::forward<TargetType>(val));
[build]       |         ^
[build] C:\Users\pperv\code\unnamed_rpg\vendor\json\include\nlohmann/json.hpp(872,28): note: in instantiation of function template specialization 'nlohmann::adl_serializer<double>::to_json<nlohmann::basic_json<>, double &>' requested here
[build]   872 |         JSONSerializer<U>::to_json(*this, std::forward<CompatibleType>(val));
[build]       |                            ^
[build] C:\Users\pperv\code\unnamed_rpg\vendor\json\include\nlohmann/detail/input/json_sax.hpp(853,22): note: in instantiation of function template specialization 'nlohmann::basic_json<>::basic_json<double &, double, 0>' requested here
[build]   853 |         auto value = BasicJsonType(std::forward<Value>(v));
[build]       |                      ^
[build] C:\Users\pperv\code\unnamed_rpg\vendor\json\include\nlohmann/detail/input/json_sax.hpp(529,9): note: in instantiation of function template specialization 'nlohmann::detail::json_sax_dom_callback_parser<nlohmann::basic_json<>, nlohmann::detail::iterator_input_adapter<const char *>>::handle_value<double &>' requested here
[build]   529 |         handle_value(val);
[build]       |         ^
[build] C:\Users\pperv\code\unnamed_rpg\vendor\json\include\nlohmann/detail/input/parser.hpp(277,56): note: in instantiation of member function 'nlohmann::detail::json_sax_dom_callback_parser<nlohmann::basic_json<>, nlohmann::detail::iterator_input_adapter<const char *>>::number_float' requested here
[build]   277 |                         if (JSON_HEDLEY_UNLIKELY(!sax->number_float(res, m_lexer.get_string())))
[build]       |                                                        ^
[build] C:\Users\pperv\code\unnamed_rpg\vendor\json\include\nlohmann/thirdparty/hedley/hedley.hpp(1360,94): note: expanded from macro 'JSON_HEDLEY_UNLIKELY'
[build]  1360 | #  define JSON_HEDLEY_UNLIKELY(expr)                    __builtin_expect                 (!!(expr),    0                  )
[build]       |                                                                                              ^
[build] C:\Users\pperv\code\unnamed_rpg\vendor\json\include\nlohmann/detail/input/parser.hpp(100,13): note: in instantiation of function template specialization 'nlohmann::detail::parser<nlohmann::basic_json<>, nlohmann::detail::iterator_input_adapter<const char *>>::sax_parse_internal<nlohmann::detail::json_sax_dom_callback_parser<nlohmann::basic_json<>, nlohmann::detail::iterator_input_adapter<const char *>>>' requested here
[build]   100 |             sax_parse_internal(&sdp);
[build]       |             ^
[build] C:\Users\pperv\code\unnamed_rpg\vendor\json\include\nlohmann/json.hpp(4112,148): note: in instantiation of member function 'nlohmann::detail::parser<nlohmann::basic_json<>, nlohmann::detail::iterator_input_adapter<const char *>>::parse' requested here
[build]  4112 |         parser(detail::input_adapter(std::move(first), std::move(last)), std::move(cb), allow_exceptions, ignore_comments, ignore_trailing_commas).parse(true, result); // cppcheck-suppress[accessMoved]
[build]       |                                                                                                                                                    ^
[build] C:\Users\pperv\code\unnamed_rpg\vendor\json\include\nlohmann/json.hpp(5294,28): note: in instantiation of function template specialization 'nlohmann::basic_json<>::parse<const char *, const char *, 0>' requested here
[build]  5294 |     return nlohmann::json::parse(s, s + n);
[build]       |                            ^
[build] In file included from C:\Users\pperv\code\unnamed_rpg\vendor\json-schema-validator\src\json-validator.cpp:9:
[build] In file included from C:\Users\pperv\code\unnamed_rpg\vendor\json-schema-validator\src\nlohmann/json-schema.hpp:24:
[build] In file included from C:\Users\pperv\code\unnamed_rpg\vendor\json\include\nlohmann/json.hpp:44:
[build] In file included from C:\Users\pperv\code\unnamed_rpg\vendor\json\include\nlohmann/adl_serializer.hpp:15:
[build] C:\Users\pperv\code\unnamed_rpg\vendor\json\include\nlohmann/detail/conversions/to_json.hpp(124,27): warning: enumeration type in nested name specifier is incompatible with C++98 [-Wc++98-compat]
[build]   124 |         j.m_data.m_type = value_t::number_float;
[build]       |                           ^
[build] C:\Users\pperv\code\unnamed_rpg\vendor\json\include\nlohmann/detail/conversions/to_json.hpp(516,16): note: in instantiation of function template specialization 'nlohmann::detail::to_json<nlohmann::basic_json<>, double, 0>' requested here
[build]   516 |         return to_json(j, std::forward<T>(val));
[build]       |                ^
[build] C:\Users\pperv\code\unnamed_rpg\vendor\json\include\nlohmann/adl_serializer.hpp(51,9): note: in instantiation of function template specialization 'nlohmann::detail::to_json_fn::operator()<nlohmann::basic_json<>, double &>' requested here
[build]    51 |         ::nlohmann::to_json(j, std::forward<TargetType>(val));
[build]       |         ^
[build] C:\Users\pperv\code\unnamed_rpg\vendor\json\include\nlohmann/json.hpp(872,28): note: in instantiation of function template specialization 'nlohmann::adl_serializer<double>::to_json<nlohmann::basic_json<>, double &>' requested here
[build]   872 |         JSONSerializer<U>::to_json(*this, std::forward<CompatibleType>(val));
[build]       |                            ^
[build] C:\Users\pperv\code\unnamed_rpg\vendor\json\include\nlohmann/detail/input/json_sax.hpp(853,22): note: in instantiation of function template specialization 'nlohmann::basic_json<>::basic_json<double &, double, 0>' requested here
[build]   853 |         auto value = BasicJsonType(std::forward<Value>(v));
[build]       |                      ^
[build] C:\Users\pperv\code\unnamed_rpg\vendor\json\include\nlohmann/detail/input/json_sax.hpp(529,9): note: in instantiation of function template specialization 'nlohmann::detail::json_sax_dom_callback_parser<nlohmann::basic_json<>, nlohmann::detail::iterator_input_adapter<const char *>>::handle_value<double &>' requested here
[build]   529 |         handle_value(val);
[build]       |         ^
[build] C:\Users\pperv\code\unnamed_rpg\vendor\json\include\nlohmann/detail/input/parser.hpp(277,56): note: in instantiation of member function 'nlohmann::detail::json_sax_dom_callback_parser<nlohmann::basic_json<>, nlohmann::detail::iterator_input_adapter<const char *>>::number_float' requested here
[build]   277 |                         if (JSON_HEDLEY_UNLIKELY(!sax->number_float(res, m_lexer.get_string())))
[build]       |                                                        ^
[build] C:\Users\pperv\code\unnamed_rpg\vendor\json\include\nlohmann/thirdparty/hedley/hedley.hpp(1360,94): note: expanded from macro 'JSON_HEDLEY_UNLIKELY'
[build]  1360 | #  define JSON_HEDLEY_UNLIKELY(expr)                    __builtin_expect                 (!!(expr),    0                  )
[build]       |                                                                                              ^
[build] C:\Users\pperv\code\unnamed_rpg\vendor\json\include\nlohmann/detail/input/parser.hpp(100,13): note: in instantiation of function template specialization 'nlohmann::detail::parser<nlohmann::basic_json<>, nlohmann::detail::iterator_input_adapter<const char *>>::sax_parse_internal<nlohmann::detail::json_sax_dom_callback_parser<nlohmann::basic_json<>, nlohmann::detail::iterator_input_adapter<const char *>>>' requested here
[build]   100 |             sax_parse_internal(&sdp);
[build]       |             ^
[build] C:\Users\pperv\code\unnamed_rpg\vendor\json\include\nlohmann/json.hpp(4112,148): note: in instantiation of member function 'nlohmann::detail::parser<nlohmann::basic_json<>, nlohmann::detail::iterator_input_adapter<const char *>>::parse' requested here
[build]  4112 |         parser(detail::input_adapter(std::move(first), std::move(last)), std::move(cb), allow_exceptions, ignore_comments, ignore_trailing_commas).parse(true, result); // cppcheck-suppress[accessMoved]
[build]       |                                                                                                                                                    ^
[build] C:\Users\pperv\code\unnamed_rpg\vendor\json\include\nlohmann/json.hpp(5294,28): note: in instantiation of function template specialization 'nlohmann::basic_json<>::parse<const char *, const char *, 0>' requested here
[build]  5294 |     return nlohmann::json::parse(s, s + n);
[build]       |                            ^
[build] In file included from C:\Users\pperv\code\unnamed_rpg\vendor\json-schema-validator\src\json-validator.cpp:9:
[build] In file included from C:\Users\pperv\code\unnamed_rpg\vendor\json-schema-validator\src\nlohmann/json-schema.hpp:24:
[build] In file included from C:\Users\pperv\code\unnamed_rpg\vendor\json\include\nlohmann/json.hpp:44:
[build] In file included from C:\Users\pperv\code\unnamed_rpg\vendor\json\include\nlohmann/adl_serializer.hpp:15:
[build] C:\Users\pperv\code\unnamed_rpg\vendor\json\include\nlohmann/detail/conversions/to_json.hpp(124,27): warning: enumeration type in nested name specifier is incompatible with C++98 [-Wc++98-compat]
[build]   124 |         j.m_data.m_type = value_t::number_float;
[build]       |                           ^
[build] C:\Users\pperv\code\unnamed_rpg\vendor\json\include\nlohmann/detail/conversions/to_json.hpp(340,50): note: in instantiation of function template specialization 'nlohmann::detail::external_constructor<nlohmann::detail::value_t::number_float>::construct<nlohmann::basic_json<>>' requested here
[build]   340 |     external_constructor<value_t::number_float>::construct(j, static_cast<typename BasicJsonType::number_float_t>(val));
[build]       |                                                  ^
[build] C:\Users\pperv\code\unnamed_rpg\vendor\json\include\nlohmann/detail/conversions/to_json.hpp(516,16): note: in instantiation of function template specialization 'nlohmann::detail::to_json<nlohmann::basic_json<>, double, 0>' requested here
[build]   516 |         return to_json(j, std::forward<T>(val));
[build]       |                ^
[build] C:\Users\pperv\code\unnamed_rpg\vendor\json\include\nlohmann/adl_serializer.hpp(51,9): note: in instantiation of function template specialization 'nlohmann::detail::to_json_fn::operator()<nlohmann::basic_json<>, double &>' requested here
[build]    51 |         ::nlohmann::to_json(j, std::forward<TargetType>(val));
[build]       |         ^
[build] C:\Users\pperv\code\unnamed_rpg\vendor\json\include\nlohmann/json.hpp(872,28): note: in instantiation of function template specialization 'nlohmann::adl_serializer<double>::to_json<nlohmann::basic_json<>, double &>' requested here
[build]   872 |         JSONSerializer<U>::to_json(*this, std::forward<CompatibleType>(val));
[build]       |                            ^
[build] C:\Users\pperv\code\unnamed_rpg\vendor\json\include\nlohmann/detail/input/json_sax.hpp(853,22): note: in instantiation of function template specialization 'nlohmann::basic_json<>::basic_json<double &, double, 0>' requested here
[build]   853 |         auto value = BasicJsonType(std::forward<Value>(v));
[build]       |                      ^
[build] C:\Users\pperv\code\unnamed_rpg\vendor\json\include\nlohmann/detail/input/json_sax.hpp(529,9): note: in instantiation of function template specialization 'nlohmann::detail::json_sax_dom_callback_parser<nlohmann::basic_json<>, nlohmann::detail::iterator_input_adapter<const char *>>::handle_value<double &>' requested here
[build]   529 |         handle_value(val);
[build]       |         ^
[build] C:\Users\pperv\code\unnamed_rpg\vendor\json\include\nlohmann/detail/input/parser.hpp(277,56): note: in instantiation of member function 'nlohmann::detail::json_sax_dom_callback_parser<nlohmann::basic_json<>, nlohmann::detail::iterator_input_adapter<const char *>>::number_float' requested here
[build]   277 |                         if (JSON_HEDLEY_UNLIKELY(!sax->number_float(res, m_lexer.get_string())))
[build]       |                                                        ^
[build] C:\Users\pperv\code\unnamed_rpg\vendor\json\include\nlohmann/thirdparty/hedley/hedley.hpp(1360,94): note: expanded from macro 'JSON_HEDLEY_UNLIKELY'
[build]  1360 | #  define JSON_HEDLEY_UNLIKELY(expr)                    __builtin_expect                 (!!(expr),    0                  )
[build]       |                                                                                              ^
[build] C:\Users\pperv\code\unnamed_rpg\vendor\json\include\nlohmann/detail/input/parser.hpp(100,13): note: in instantiation of function template specialization 'nlohmann::detail::parser<nlohmann::basic_json<>, nlohmann::detail::iterator_input_adapter<const char *>>::sax_parse_internal<nlohmann::detail::json_sax_dom_callback_parser<nlohmann::basic_json<>, nlohmann::detail::iterator_input_adapter<const char *>>>' requested here
[build]   100 |             sax_parse_internal(&sdp);
[build]       |             ^
[build] C:\Users\pperv\code\unnamed_rpg\vendor\json\include\nlohmann/json.hpp(4112,148): note: in instantiation of member function 'nlohmann::detail::parser<nlohmann::basic_json<>, nlohmann::detail::iterator_input_adapter<const char *>>::parse' requested here
[build]  4112 |         parser(detail::input_adapter(std::move(first), std::move(last)), std::move(cb), allow_exceptions, ignore_comments, ignore_trailing_commas).parse(true, result); // cppcheck-suppress[accessMoved]
[build]       |                                                                                                                                                    ^
[build] C:\Users\pperv\code\unnamed_rpg\vendor\json\include\nlohmann/json.hpp(5294,28): note: in instantiation of function template specialization 'nlohmann::basic_json<>::parse<const char *, const char *, 0>' requested here
[build]  5294 |     return nlohmann::json::parse(s, s + n);
[build]       |                            ^
[build] In file included from C:\Users\pperv\code\unnamed_rpg\vendor\json-schema-validator\src\json-validator.cpp:9:
[build] In file included from C:\Users\pperv\code\unnamed_rpg\vendor\json-schema-validator\src\nlohmann/json-schema.hpp:24:
[build] In file included from C:\Users\pperv\code\unnamed_rpg\vendor\json\include\nlohmann/json.hpp:50:
[build] In file included from C:\Users\pperv\code\unnamed_rpg\vendor\json\include\nlohmann/detail/input/binary_reader.hpp:29:
[build] C:\Users\pperv\code\unnamed_rpg\vendor\json\include\nlohmann/detail/input/json_sax.hpp(849,20): warning: constructor call from initializer list is incompatible with C++98 [-Wc++98-compat]
[build]   849 |             return {false, nullptr};
[build]       |                    ^~~~~~~~~~~~~~~~
[build] C:\Users\pperv\code\unnamed_rpg\vendor\json\include\nlohmann/detail/input/json_sax.hpp(511,9): note: in instantiation of function template specialization 'nlohmann::detail::json_sax_dom_callback_parser<nlohmann::basic_json<>, nlohmann::detail::iterator_input_adapter<const char *>>::handle_value<bool &>' requested here
[build]   511 |         handle_value(val);
[build]       |         ^
[build] C:\Users\pperv\code\unnamed_rpg\vendor\json\include\nlohmann/detail/input/parser.hpp(287,56): note: in instantiation of member function 'nlohmann::detail::json_sax_dom_callback_parser<nlohmann::basic_json<>, nlohmann::detail::iterator_input_adapter<const char *>>::boolean' requested here
[build]   287 |                         if (JSON_HEDLEY_UNLIKELY(!sax->boolean(false)))
[build]       |                                                        ^
[build] C:\Users\pperv\code\unnamed_rpg\vendor\json\include\nlohmann/thirdparty/hedley/hedley.hpp(1360,94): note: expanded from macro 'JSON_HEDLEY_UNLIKELY'
[build]  1360 | #  define JSON_HEDLEY_UNLIKELY(expr)                    __builtin_expect                 (!!(expr),    0                  )
[build]       |                                                                                              ^
[build] C:\Users\pperv\code\unnamed_rpg\vendor\json\include\nlohmann/detail/input/parser.hpp(100,13): note: in instantiation of function template specialization 'nlohmann::detail::parser<nlohmann::basic_json<>, nlohmann::detail::iterator_input_adapter<const char *>>::sax_parse_internal<nlohmann::detail::json_sax_dom_callback_parser<nlohmann::basic_json<>, nlohmann::detail::iterator_input_adapter<const char *>>>' requested here
[build]   100 |             sax_parse_internal(&sdp);
[build]       |             ^
[build] C:\Users\pperv\code\unnamed_rpg\vendor\json\include\nlohmann/json.hpp(4112,148): note: in instantiation of member function 'nlohmann::detail::parser<nlohmann::basic_json<>, nlohmann::detail::iterator_input_adapter<const char *>>::parse' requested here
[build]  4112 |         parser(detail::input_adapter(std::move(first), std::move(last)), std::move(cb), allow_exceptions, ignore_comments, ignore_trailing_commas).parse(true, result); // cppcheck-suppress[accessMoved]
[build]       |                                                                                                                                                    ^
[build] C:\Users\pperv\code\unnamed_rpg\vendor\json\include\nlohmann/json.hpp(5294,28): note: in instantiation of function template specialization 'nlohmann::basic_json<>::parse<const char *, const char *, 0>' requested here
[build]  5294 |     return nlohmann::json::parse(s, s + n);
[build]       |                            ^
[build] In file included from C:\Users\pperv\code\unnamed_rpg\vendor\json-schema-validator\src\json-validator.cpp:9:
[build] In file included from C:\Users\pperv\code\unnamed_rpg\vendor\json-schema-validator\src\nlohmann/json-schema.hpp:24:
[build] In file included from C:\Users\pperv\code\unnamed_rpg\vendor\json\include\nlohmann/json.hpp:50:
[build] In file included from C:\Users\pperv\code\unnamed_rpg\vendor\json\include\nlohmann/detail/input/binary_reader.hpp:29:
[build] C:\Users\pperv\code\unnamed_rpg\vendor\json\include\nlohmann/detail/input/json_sax.hpp(860,89): warning: enumeration type in nested name specifier is incompatible with C++98 [-Wc++98-compat]
[build]   860 |         const bool keep = skip_callback || callback(static_cast<int>(ref_stack.size()), parse_event_t::value, value);
[build]       |                                                                                         ^
[build] C:\Users\pperv\code\unnamed_rpg\vendor\json\include\nlohmann/detail/input/json_sax.hpp(877,20): warning: constructor call from initializer list is incompatible with C++98 [-Wc++98-compat]
[build]   877 |             return {false, nullptr};
[build]       |                    ^~~~~~~~~~~~~~~~
[build] C:\Users\pperv\code\unnamed_rpg\vendor\json\include\nlohmann/detail/input/json_sax.hpp(883,20): warning: constructor call from initializer list is incompatible with C++98 [-Wc++98-compat]
[build]   883 |             return {true, & root};
[build]       |                    ^~~~~~~~~~~~~~
[build] C:\Users\pperv\code\unnamed_rpg\vendor\json\include\nlohmann/detail/input/json_sax.hpp(890,20): warning: constructor call from initializer list is incompatible with C++98 [-Wc++98-compat]
[build]   890 |             return {false, nullptr};
[build]       |                    ^~~~~~~~~~~~~~~~
[build] C:\Users\pperv\code\unnamed_rpg\vendor\json\include\nlohmann/detail/input/json_sax.hpp(900,20): warning: constructor call from initializer list is incompatible with C++98 [-Wc++98-compat]
[build]   900 |             return {true, & (ref_stack.back()->m_data.m_value.array->back())};
[build]       |                    ^~~~~~~~~~~~~~~~~~~~~~~~~~~~~~~~~~~~~~~~~~~~~~~~~~~~~~~~~~
[build] C:\Users\pperv\code\unnamed_rpg\vendor\json\include\nlohmann/detail/input/json_sax.hpp(912,20): warning: constructor call from initializer list is incompatible with C++98 [-Wc++98-compat]
[build]   912 |             return {false, nullptr};
[build]       |                    ^~~~~~~~~~~~~~~~
[build] C:\Users\pperv\code\unnamed_rpg\vendor\json\include\nlohmann/detail/input/json_sax.hpp(917,16): warning: constructor call from initializer list is incompatible with C++98 [-Wc++98-compat]
[build]   917 |         return {true, object_element};
[build]       |                ^~~~~~~~~~~~~~~~~~~~~~
[build] In file included from C:\Users\pperv\code\unnamed_rpg\vendor\json-schema-validator\src\json-validator.cpp:9:
[build] In file included from C:\Users\pperv\code\unnamed_rpg\vendor\json-schema-validator\src\nlohmann/json-schema.hpp:24:
[build] In file included from C:\Users\pperv\code\unnamed_rpg\vendor\json\include\nlohmann/json.hpp:44:
[build] In file included from C:\Users\pperv\code\unnamed_rpg\vendor\json\include\nlohmann/adl_serializer.hpp:15:
[build] C:\Users\pperv\code\unnamed_rpg\vendor\json\include\nlohmann/detail/conversions/to_json.hpp(307,26): warning: enumeration type in nested name specifier is incompatible with C++98 [-Wc++98-compat]
[build]   307 |     external_constructor<value_t::boolean>::construct(j, b);
[build]       |                          ^
[build] C:\Users\pperv\code\unnamed_rpg\vendor\json\include\nlohmann/adl_serializer.hpp(51,9): note: in instantiation of function template specialization 'nlohmann::detail::to_json_fn::operator()<nlohmann::basic_json<>, bool &>' requested here
[build]    51 |         ::nlohmann::to_json(j, std::forward<TargetType>(val));
[build]       |         ^
[build] C:\Users\pperv\code\unnamed_rpg\vendor\json\include\nlohmann/json.hpp(872,28): note: in instantiation of function template specialization 'nlohmann::adl_serializer<bool>::to_json<nlohmann::basic_json<>, bool &>' requested here
[build]   872 |         JSONSerializer<U>::to_json(*this, std::forward<CompatibleType>(val));
[build]       |                            ^
[build] C:\Users\pperv\code\unnamed_rpg\vendor\json\include\nlohmann/detail/input/json_sax.hpp(853,22): note: in instantiation of function template specialization 'nlohmann::basic_json<>::basic_json<bool &, bool, 0>' requested here
[build]   853 |         auto value = BasicJsonType(std::forward<Value>(v));
[build]       |                      ^
[build] C:\Users\pperv\code\unnamed_rpg\vendor\json\include\nlohmann/detail/input/json_sax.hpp(511,9): note: in instantiation of function template specialization 'nlohmann::detail::json_sax_dom_callback_parser<nlohmann::basic_json<>, nlohmann::detail::iterator_input_adapter<const char *>>::handle_value<bool &>' requested here
[build]   511 |         handle_value(val);
[build]       |         ^
[build] C:\Users\pperv\code\unnamed_rpg\vendor\json\include\nlohmann/detail/input/parser.hpp(287,56): note: in instantiation of member function 'nlohmann::detail::json_sax_dom_callback_parser<nlohmann::basic_json<>, nlohmann::detail::iterator_input_adapter<const char *>>::boolean' requested here
[build]   287 |                         if (JSON_HEDLEY_UNLIKELY(!sax->boolean(false)))
[build]       |                                                        ^
[build] C:\Users\pperv\code\unnamed_rpg\vendor\json\include\nlohmann/thirdparty/hedley/hedley.hpp(1360,94): note: expanded from macro 'JSON_HEDLEY_UNLIKELY'
[build]  1360 | #  define JSON_HEDLEY_UNLIKELY(expr)                    __builtin_expect                 (!!(expr),    0                  )
[build]       |                                                                                              ^
[build] C:\Users\pperv\code\unnamed_rpg\vendor\json\include\nlohmann/detail/input/parser.hpp(100,13): note: in instantiation of function template specialization 'nlohmann::detail::parser<nlohmann::basic_json<>, nlohmann::detail::iterator_input_adapter<const char *>>::sax_parse_internal<nlohmann::detail::json_sax_dom_callback_parser<nlohmann::basic_json<>, nlohmann::detail::iterator_input_adapter<const char *>>>' requested here
[build]   100 |             sax_parse_internal(&sdp);
[build]       |             ^
[build] C:\Users\pperv\code\unnamed_rpg\vendor\json\include\nlohmann/json.hpp(4112,148): note: in instantiation of member function 'nlohmann::detail::parser<nlohmann::basic_json<>, nlohmann::detail::iterator_input_adapter<const char *>>::parse' requested here
[build]  4112 |         parser(detail::input_adapter(std::move(first), std::move(last)), std::move(cb), allow_exceptions, ignore_comments, ignore_trailing_commas).parse(true, result); // cppcheck-suppress[accessMoved]
[build]       |                                                                                                                                                    ^
[build] C:\Users\pperv\code\unnamed_rpg\vendor\json\include\nlohmann/json.hpp(5294,28): note: in instantiation of function template specialization 'nlohmann::basic_json<>::parse<const char *, const char *, 0>' requested here
[build]  5294 |     return nlohmann::json::parse(s, s + n);
[build]       |                            ^
[build] In file included from C:\Users\pperv\code\unnamed_rpg\vendor\json-schema-validator\src\json-validator.cpp:9:
[build] In file included from C:\Users\pperv\code\unnamed_rpg\vendor\json-schema-validator\src\nlohmann/json-schema.hpp:24:
[build] In file included from C:\Users\pperv\code\unnamed_rpg\vendor\json\include\nlohmann/json.hpp:44:
[build] In file included from C:\Users\pperv\code\unnamed_rpg\vendor\json\include\nlohmann/adl_serializer.hpp:15:
[build] C:\Users\pperv\code\unnamed_rpg\vendor\json\include\nlohmann/detail/conversions/to_json.hpp(56,27): warning: enumeration type in nested name specifier is incompatible with C++98 [-Wc++98-compat]
[build]    56 |         j.m_data.m_type = value_t::boolean;
[build]       |                           ^
[build] C:\Users\pperv\code\unnamed_rpg\vendor\json\include\nlohmann/detail/conversions/to_json.hpp(516,16): note: in instantiation of function template specialization 'nlohmann::detail::to_json<nlohmann::basic_json<>, bool, 0>' requested here
[build]   516 |         return to_json(j, std::forward<T>(val));
[build]       |                ^
[build] C:\Users\pperv\code\unnamed_rpg\vendor\json\include\nlohmann/adl_serializer.hpp(51,9): note: in instantiation of function template specialization 'nlohmann::detail::to_json_fn::operator()<nlohmann::basic_json<>, bool &>' requested here
[build]    51 |         ::nlohmann::to_json(j, std::forward<TargetType>(val));
[build]       |         ^
[build] C:\Users\pperv\code\unnamed_rpg\vendor\json\include\nlohmann/json.hpp(872,28): note: in instantiation of function template specialization 'nlohmann::adl_serializer<bool>::to_json<nlohmann::basic_json<>, bool &>' requested here
[build]   872 |         JSONSerializer<U>::to_json(*this, std::forward<CompatibleType>(val));
[build]       |                            ^
[build] C:\Users\pperv\code\unnamed_rpg\vendor\json\include\nlohmann/detail/input/json_sax.hpp(853,22): note: in instantiation of function template specialization 'nlohmann::basic_json<>::basic_json<bool &, bool, 0>' requested here
[build]   853 |         auto value = BasicJsonType(std::forward<Value>(v));
[build]       |                      ^
[build] C:\Users\pperv\code\unnamed_rpg\vendor\json\include\nlohmann/detail/input/json_sax.hpp(511,9): note: in instantiation of function template specialization 'nlohmann::detail::json_sax_dom_callback_parser<nlohmann::basic_json<>, nlohmann::detail::iterator_input_adapter<const char *>>::handle_value<bool &>' requested here
[build]   511 |         handle_value(val);
[build]       |         ^
[build] C:\Users\pperv\code\unnamed_rpg\vendor\json\include\nlohmann/detail/input/parser.hpp(287,56): note: in instantiation of member function 'nlohmann::detail::json_sax_dom_callback_parser<nlohmann::basic_json<>, nlohmann::detail::iterator_input_adapter<const char *>>::boolean' requested here
[build]   287 |                         if (JSON_HEDLEY_UNLIKELY(!sax->boolean(false)))
[build]       |                                                        ^
[build] C:\Users\pperv\code\unnamed_rpg\vendor\json\include\nlohmann/thirdparty/hedley/hedley.hpp(1360,94): note: expanded from macro 'JSON_HEDLEY_UNLIKELY'
[build]  1360 | #  define JSON_HEDLEY_UNLIKELY(expr)                    __builtin_expect                 (!!(expr),    0                  )
[build]       |                                                                                              ^
[build] C:\Users\pperv\code\unnamed_rpg\vendor\json\include\nlohmann/detail/input/parser.hpp(100,13): note: in instantiation of function template specialization 'nlohmann::detail::parser<nlohmann::basic_json<>, nlohmann::detail::iterator_input_adapter<const char *>>::sax_parse_internal<nlohmann::detail::json_sax_dom_callback_parser<nlohmann::basic_json<>, nlohmann::detail::iterator_input_adapter<const char *>>>' requested here
[build]   100 |             sax_parse_internal(&sdp);
[build]       |             ^
[build] C:\Users\pperv\code\unnamed_rpg\vendor\json\include\nlohmann/json.hpp(4112,148): note: in instantiation of member function 'nlohmann::detail::parser<nlohmann::basic_json<>, nlohmann::detail::iterator_input_adapter<const char *>>::parse' requested here
[build]  4112 |         parser(detail::input_adapter(std::move(first), std::move(last)), std::move(cb), allow_exceptions, ignore_comments, ignore_trailing_commas).parse(true, result); // cppcheck-suppress[accessMoved]
[build]       |                                                                                                                                                    ^
[build] C:\Users\pperv\code\unnamed_rpg\vendor\json\include\nlohmann/json.hpp(5294,28): note: in instantiation of function template specialization 'nlohmann::basic_json<>::parse<const char *, const char *, 0>' requested here
[build]  5294 |     return nlohmann::json::parse(s, s + n);
[build]       |                            ^
[build] In file included from C:\Users\pperv\code\unnamed_rpg\vendor\json-schema-validator\src\json-validator.cpp:9:
[build] In file included from C:\Users\pperv\code\unnamed_rpg\vendor\json-schema-validator\src\nlohmann/json-schema.hpp:24:
[build] In file included from C:\Users\pperv\code\unnamed_rpg\vendor\json\include\nlohmann/json.hpp:44:
[build] In file included from C:\Users\pperv\code\unnamed_rpg\vendor\json\include\nlohmann/adl_serializer.hpp:15:
[build] C:\Users\pperv\code\unnamed_rpg\vendor\json\include\nlohmann/detail/conversions/to_json.hpp(56,27): warning: enumeration type in nested name specifier is incompatible with C++98 [-Wc++98-compat]
[build]    56 |         j.m_data.m_type = value_t::boolean;
[build]       |                           ^
[build] C:\Users\pperv\code\unnamed_rpg\vendor\json\include\nlohmann/detail/conversions/to_json.hpp(307,45): note: in instantiation of function template specialization 'nlohmann::detail::external_constructor<nlohmann::detail::value_t::boolean>::construct<nlohmann::basic_json<>>' requested here
[build]   307 |     external_constructor<value_t::boolean>::construct(j, b);
[build]       |                                             ^
[build] C:\Users\pperv\code\unnamed_rpg\vendor\json\include\nlohmann/detail/conversions/to_json.hpp(516,16): note: in instantiation of function template specialization 'nlohmann::detail::to_json<nlohmann::basic_json<>, bool, 0>' requested here
[build]   516 |         return to_json(j, std::forward<T>(val));
[build]       |                ^
[build] C:\Users\pperv\code\unnamed_rpg\vendor\json\include\nlohmann/adl_serializer.hpp(51,9): note: in instantiation of function template specialization 'nlohmann::detail::to_json_fn::operator()<nlohmann::basic_json<>, bool &>' requested here
[build]    51 |         ::nlohmann::to_json(j, std::forward<TargetType>(val));
[build]       |         ^
[build] C:\Users\pperv\code\unnamed_rpg\vendor\json\include\nlohmann/json.hpp(872,28): note: in instantiation of function template specialization 'nlohmann::adl_serializer<bool>::to_json<nlohmann::basic_json<>, bool &>' requested here
[build]   872 |         JSONSerializer<U>::to_json(*this, std::forward<CompatibleType>(val));
[build]       |                            ^
[build] C:\Users\pperv\code\unnamed_rpg\vendor\json\include\nlohmann/detail/input/json_sax.hpp(853,22): note: in instantiation of function template specialization 'nlohmann::basic_json<>::basic_json<bool &, bool, 0>' requested here
[build]   853 |         auto value = BasicJsonType(std::forward<Value>(v));
[build]       |                      ^
[build] C:\Users\pperv\code\unnamed_rpg\vendor\json\include\nlohmann/detail/input/json_sax.hpp(511,9): note: in instantiation of function template specialization 'nlohmann::detail::json_sax_dom_callback_parser<nlohmann::basic_json<>, nlohmann::detail::iterator_input_adapter<const char *>>::handle_value<bool &>' requested here
[build]   511 |         handle_value(val);
[build]       |         ^
[build] C:\Users\pperv\code\unnamed_rpg\vendor\json\include\nlohmann/detail/input/parser.hpp(287,56): note: in instantiation of member function 'nlohmann::detail::json_sax_dom_callback_parser<nlohmann::basic_json<>, nlohmann::detail::iterator_input_adapter<const char *>>::boolean' requested here
[build]   287 |                         if (JSON_HEDLEY_UNLIKELY(!sax->boolean(false)))
[build]       |                                                        ^
[build] C:\Users\pperv\code\unnamed_rpg\vendor\json\include\nlohmann/thirdparty/hedley/hedley.hpp(1360,94): note: expanded from macro 'JSON_HEDLEY_UNLIKELY'
[build]  1360 | #  define JSON_HEDLEY_UNLIKELY(expr)                    __builtin_expect                 (!!(expr),    0                  )
[build]       |                                                                                              ^
[build] C:\Users\pperv\code\unnamed_rpg\vendor\json\include\nlohmann/detail/input/parser.hpp(100,13): note: in instantiation of function template specialization 'nlohmann::detail::parser<nlohmann::basic_json<>, nlohmann::detail::iterator_input_adapter<const char *>>::sax_parse_internal<nlohmann::detail::json_sax_dom_callback_parser<nlohmann::basic_json<>, nlohmann::detail::iterator_input_adapter<const char *>>>' requested here
[build]   100 |             sax_parse_internal(&sdp);
[build]       |             ^
[build] C:\Users\pperv\code\unnamed_rpg\vendor\json\include\nlohmann/json.hpp(4112,148): note: in instantiation of member function 'nlohmann::detail::parser<nlohmann::basic_json<>, nlohmann::detail::iterator_input_adapter<const char *>>::parse' requested here
[build]  4112 |         parser(detail::input_adapter(std::move(first), std::move(last)), std::move(cb), allow_exceptions, ignore_comments, ignore_trailing_commas).parse(true, result); // cppcheck-suppress[accessMoved]
[build]       |                                                                                                                                                    ^
[build] C:\Users\pperv\code\unnamed_rpg\vendor\json\include\nlohmann/json.hpp(5294,28): note: in instantiation of function template specialization 'nlohmann::basic_json<>::parse<const char *, const char *, 0>' requested here
[build]  5294 |     return nlohmann::json::parse(s, s + n);
[build]       |                            ^
[build] In file included from C:\Users\pperv\code\unnamed_rpg\vendor\json-schema-validator\src\json-validator.cpp:9:
[build] In file included from C:\Users\pperv\code\unnamed_rpg\vendor\json-schema-validator\src\nlohmann/json-schema.hpp:24:
[build] In file included from C:\Users\pperv\code\unnamed_rpg\vendor\json\include\nlohmann/json.hpp:50:
[build] In file included from C:\Users\pperv\code\unnamed_rpg\vendor\json\include\nlohmann/detail/input/binary_reader.hpp:29:
[build] C:\Users\pperv\code\unnamed_rpg\vendor\json\include\nlohmann/detail/input/json_sax.hpp(505,22): warning: 'nullptr' is incompatible with C++98 [-Wc++98-compat]
[build]   505 |         handle_value(nullptr);
[build]       |                      ^
[build] C:\Users\pperv\code\unnamed_rpg\vendor\json\include\nlohmann/detail/input/json_sax.hpp(849,20): warning: constructor call from initializer list is incompatible with C++98 [-Wc++98-compat]
[build]   849 |             return {false, nullptr};
[build]       |                    ^~~~~~~~~~~~~~~~
[build] C:\Users\pperv\code\unnamed_rpg\vendor\json\include\nlohmann/detail/input/json_sax.hpp(505,9): note: in instantiation of function template specialization 'nlohmann::detail::json_sax_dom_callback_parser<nlohmann::basic_json<>, nlohmann::detail::iterator_input_adapter<const char *>>::handle_value<std::nullptr_t>' requested here
[build]   505 |         handle_value(nullptr);
[build]       |         ^
[build] C:\Users\pperv\code\unnamed_rpg\vendor\json\include\nlohmann/detail/input/parser.hpp(296,56): note: in instantiation of member function 'nlohmann::detail::json_sax_dom_callback_parser<nlohmann::basic_json<>, nlohmann::detail::iterator_input_adapter<const char *>>::null' requested here
[build]   296 |                         if (JSON_HEDLEY_UNLIKELY(!sax->null()))
[build]       |                                                        ^
[build] C:\Users\pperv\code\unnamed_rpg\vendor\json\include\nlohmann/thirdparty/hedley/hedley.hpp(1360,94): note: expanded from macro 'JSON_HEDLEY_UNLIKELY'
[build]  1360 | #  define JSON_HEDLEY_UNLIKELY(expr)                    __builtin_expect                 (!!(expr),    0                  )
[build]       |                                                                                              ^
[build] C:\Users\pperv\code\unnamed_rpg\vendor\json\include\nlohmann/detail/input/parser.hpp(100,13): note: in instantiation of function template specialization 'nlohmann::detail::parser<nlohmann::basic_json<>, nlohmann::detail::iterator_input_adapter<const char *>>::sax_parse_internal<nlohmann::detail::json_sax_dom_callback_parser<nlohmann::basic_json<>, nlohmann::detail::iterator_input_adapter<const char *>>>' requested here
[build]   100 |             sax_parse_internal(&sdp);
[build]       |             ^
[build] C:\Users\pperv\code\unnamed_rpg\vendor\json\include\nlohmann/json.hpp(4112,148): note: in instantiation of member function 'nlohmann::detail::parser<nlohmann::basic_json<>, nlohmann::detail::iterator_input_adapter<const char *>>::parse' requested here
[build]  4112 |         parser(detail::input_adapter(std::move(first), std::move(last)), std::move(cb), allow_exceptions, ignore_comments, ignore_trailing_commas).parse(true, result); // cppcheck-suppress[accessMoved]
[build]       |                                                                                                                                                    ^
[build] C:\Users\pperv\code\unnamed_rpg\vendor\json\include\nlohmann/json.hpp(5294,28): note: in instantiation of function template specialization 'nlohmann::basic_json<>::parse<const char *, const char *, 0>' requested here
[build]  5294 |     return nlohmann::json::parse(s, s + n);
[build]       |                            ^
[build] In file included from C:\Users\pperv\code\unnamed_rpg\vendor\json-schema-validator\src\json-validator.cpp:9:
[build] In file included from C:\Users\pperv\code\unnamed_rpg\vendor\json-schema-validator\src\nlohmann/json-schema.hpp:24:
[build] In file included from C:\Users\pperv\code\unnamed_rpg\vendor\json\include\nlohmann/json.hpp:50:
[build] In file included from C:\Users\pperv\code\unnamed_rpg\vendor\json\include\nlohmann/detail/input/binary_reader.hpp:29:
[build] C:\Users\pperv\code\unnamed_rpg\vendor\json\include\nlohmann/detail/input/json_sax.hpp(860,89): warning: enumeration type in nested name specifier is incompatible with C++98 [-Wc++98-compat]
[build]   860 |         const bool keep = skip_callback || callback(static_cast<int>(ref_stack.size()), parse_event_t::value, value);
[build]       |                                                                                         ^
[build] C:\Users\pperv\code\unnamed_rpg\vendor\json\include\nlohmann/detail/input/json_sax.hpp(877,20): warning: constructor call from initializer list is incompatible with C++98 [-Wc++98-compat]
[build]   877 |             return {false, nullptr};
[build]       |                    ^~~~~~~~~~~~~~~~
[build] C:\Users\pperv\code\unnamed_rpg\vendor\json\include\nlohmann/detail/input/json_sax.hpp(883,20): warning: constructor call from initializer list is incompatible with C++98 [-Wc++98-compat]
[build]   883 |             return {true, & root};
[build]       |                    ^~~~~~~~~~~~~~
[build] C:\Users\pperv\code\unnamed_rpg\vendor\json\include\nlohmann/detail/input/json_sax.hpp(890,20): warning: constructor call from initializer list is incompatible with C++98 [-Wc++98-compat]
[build]   890 |             return {false, nullptr};
[build]       |                    ^~~~~~~~~~~~~~~~
[build] C:\Users\pperv\code\unnamed_rpg\vendor\json\include\nlohmann/detail/input/json_sax.hpp(900,20): warning: constructor call from initializer list is incompatible with C++98 [-Wc++98-compat]
[build]   900 |             return {true, & (ref_stack.back()->m_data.m_value.array->back())};
[build]       |                    ^~~~~~~~~~~~~~~~~~~~~~~~~~~~~~~~~~~~~~~~~~~~~~~~~~~~~~~~~~
[build] C:\Users\pperv\code\unnamed_rpg\vendor\json\include\nlohmann/detail/input/json_sax.hpp(912,20): warning: constructor call from initializer list is incompatible with C++98 [-Wc++98-compat]
[build]   912 |             return {false, nullptr};
[build]       |                    ^~~~~~~~~~~~~~~~
[build] C:\Users\pperv\code\unnamed_rpg\vendor\json\include\nlohmann/detail/input/json_sax.hpp(917,16): warning: constructor call from initializer list is incompatible with C++98 [-Wc++98-compat]
[build]   917 |         return {true, object_element};
[build]       |                ^~~~~~~~~~~~~~~~~~~~~~
[build] C:\Users\pperv\code\unnamed_rpg\vendor\json\include\nlohmann/detail/input/json_sax.hpp(849,20): warning: constructor call from initializer list is incompatible with C++98 [-Wc++98-compat]
[build]   849 |             return {false, nullptr};
[build]       |                    ^~~~~~~~~~~~~~~~
[build] C:\Users\pperv\code\unnamed_rpg\vendor\json\include\nlohmann/detail/input/json_sax.hpp(517,9): note: in instantiation of function template specialization 'nlohmann::detail::json_sax_dom_callback_parser<nlohmann::basic_json<>, nlohmann::detail::iterator_input_adapter<const char *>>::handle_value<long long &>' requested here
[build]   517 |         handle_value(val);
[build]       |         ^
[build] C:\Users\pperv\code\unnamed_rpg\vendor\json\include\nlohmann/detail/input/parser.hpp(314,56): note: in instantiation of member function 'nlohmann::detail::json_sax_dom_callback_parser<nlohmann::basic_json<>, nlohmann::detail::iterator_input_adapter<const char *>>::number_integer' requested here
[build]   314 |                         if (JSON_HEDLEY_UNLIKELY(!sax->number_integer(m_lexer.get_number_integer())))
[build]       |                                                        ^
[build] C:\Users\pperv\code\unnamed_rpg\vendor\json\include\nlohmann/thirdparty/hedley/hedley.hpp(1360,94): note: expanded from macro 'JSON_HEDLEY_UNLIKELY'
[build]  1360 | #  define JSON_HEDLEY_UNLIKELY(expr)                    __builtin_expect                 (!!(expr),    0                  )
[build]       |                                                                                              ^
[build] C:\Users\pperv\code\unnamed_rpg\vendor\json\include\nlohmann/detail/input/parser.hpp(100,13): note: in instantiation of function template specialization 'nlohmann::detail::parser<nlohmann::basic_json<>, nlohmann::detail::iterator_input_adapter<const char *>>::sax_parse_internal<nlohmann::detail::json_sax_dom_callback_parser<nlohmann::basic_json<>, nlohmann::detail::iterator_input_adapter<const char *>>>' requested here
[build]   100 |             sax_parse_internal(&sdp);
[build]       |             ^
[build] C:\Users\pperv\code\unnamed_rpg\vendor\json\include\nlohmann/json.hpp(4112,148): note: in instantiation of member function 'nlohmann::detail::parser<nlohmann::basic_json<>, nlohmann::detail::iterator_input_adapter<const char *>>::parse' requested here
[build]  4112 |         parser(detail::input_adapter(std::move(first), std::move(last)), std::move(cb), allow_exceptions, ignore_comments, ignore_trailing_commas).parse(true, result); // cppcheck-suppress[accessMoved]
[build]       |                                                                                                                                                    ^
[build] C:\Users\pperv\code\unnamed_rpg\vendor\json\include\nlohmann/json.hpp(5294,28): note: in instantiation of function template specialization 'nlohmann::basic_json<>::parse<const char *, const char *, 0>' requested here
[build]  5294 |     return nlohmann::json::parse(s, s + n);
[build]       |                            ^
[build] In file included from C:\Users\pperv\code\unnamed_rpg\vendor\json-schema-validator\src\json-validator.cpp:9:
[build] In file included from C:\Users\pperv\code\unnamed_rpg\vendor\json-schema-validator\src\nlohmann/json-schema.hpp:24:
[build] In file included from C:\Users\pperv\code\unnamed_rpg\vendor\json\include\nlohmann/json.hpp:50:
[build] In file included from C:\Users\pperv\code\unnamed_rpg\vendor\json\include\nlohmann/detail/input/binary_reader.hpp:29:
[build] C:\Users\pperv\code\unnamed_rpg\vendor\json\include\nlohmann/detail/input/json_sax.hpp(860,89): warning: enumeration type in nested name specifier is incompatible with C++98 [-Wc++98-compat]
[build]   860 |         const bool keep = skip_callback || callback(static_cast<int>(ref_stack.size()), parse_event_t::value, value);
[build]       |                                                                                         ^
[build] C:\Users\pperv\code\unnamed_rpg\vendor\json\include\nlohmann/detail/input/json_sax.hpp(877,20): warning: constructor call from initializer list is incompatible with C++98 [-Wc++98-compat]
[build]   877 |             return {false, nullptr};
[build]       |                    ^~~~~~~~~~~~~~~~
[build] C:\Users\pperv\code\unnamed_rpg\vendor\json\include\nlohmann/detail/input/json_sax.hpp(883,20): warning: constructor call from initializer list is incompatible with C++98 [-Wc++98-compat]
[build]   883 |             return {true, & root};
[build]       |                    ^~~~~~~~~~~~~~
[build] C:\Users\pperv\code\unnamed_rpg\vendor\json\include\nlohmann/detail/input/json_sax.hpp(890,20): warning: constructor call from initializer list is incompatible with C++98 [-Wc++98-compat]
[build]   890 |             return {false, nullptr};
[build]       |                    ^~~~~~~~~~~~~~~~
[build] C:\Users\pperv\code\unnamed_rpg\vendor\json\include\nlohmann/detail/input/json_sax.hpp(900,20): warning: constructor call from initializer list is incompatible with C++98 [-Wc++98-compat]
[build]   900 |             return {true, & (ref_stack.back()->m_data.m_value.array->back())};
[build]       |                    ^~~~~~~~~~~~~~~~~~~~~~~~~~~~~~~~~~~~~~~~~~~~~~~~~~~~~~~~~~
[build] C:\Users\pperv\code\unnamed_rpg\vendor\json\include\nlohmann/detail/input/json_sax.hpp(912,20): warning: constructor call from initializer list is incompatible with C++98 [-Wc++98-compat]
[build]   912 |             return {false, nullptr};
[build]       |                    ^~~~~~~~~~~~~~~~
[build] C:\Users\pperv\code\unnamed_rpg\vendor\json\include\nlohmann/detail/input/json_sax.hpp(917,16): warning: constructor call from initializer list is incompatible with C++98 [-Wc++98-compat]
[build]   917 |         return {true, object_element};
[build]       |                ^~~~~~~~~~~~~~~~~~~~~~
[build] In file included from C:\Users\pperv\code\unnamed_rpg\vendor\json-schema-validator\src\json-validator.cpp:9:
[build] In file included from C:\Users\pperv\code\unnamed_rpg\vendor\json-schema-validator\src\nlohmann/json-schema.hpp:24:
[build] In file included from C:\Users\pperv\code\unnamed_rpg\vendor\json\include\nlohmann/json.hpp:44:
[build] In file included from C:\Users\pperv\code\unnamed_rpg\vendor\json\include\nlohmann/adl_serializer.hpp:15:
[build] C:\Users\pperv\code\unnamed_rpg\vendor\json\include\nlohmann/detail/conversions/to_json.hpp(354,26): warning: enumeration type in nested name specifier is incompatible with C++98 [-Wc++98-compat]
[build]   354 |     external_constructor<value_t::number_integer>::construct(j, static_cast<typename BasicJsonType::number_integer_t>(val));
[build]       |                          ^
[build] C:\Users\pperv\code\unnamed_rpg\vendor\json\include\nlohmann/adl_serializer.hpp(51,9): note: in instantiation of function template specialization 'nlohmann::detail::to_json_fn::operator()<nlohmann::basic_json<>, long long &>' requested here
[build]    51 |         ::nlohmann::to_json(j, std::forward<TargetType>(val));
[build]       |         ^
[build] C:\Users\pperv\code\unnamed_rpg\vendor\json\include\nlohmann/json.hpp(872,28): note: in instantiation of function template specialization 'nlohmann::adl_serializer<long long>::to_json<nlohmann::basic_json<>, long long &>' requested here
[build]   872 |         JSONSerializer<U>::to_json(*this, std::forward<CompatibleType>(val));
[build]       |                            ^
[build] C:\Users\pperv\code\unnamed_rpg\vendor\json\include\nlohmann/detail/input/json_sax.hpp(853,22): note: in instantiation of function template specialization 'nlohmann::basic_json<>::basic_json<long long &, long long, 0>' requested here
[build]   853 |         auto value = BasicJsonType(std::forward<Value>(v));
[build]       |                      ^
[build] C:\Users\pperv\code\unnamed_rpg\vendor\json\include\nlohmann/detail/input/json_sax.hpp(517,9): note: in instantiation of function template specialization 'nlohmann::detail::json_sax_dom_callback_parser<nlohmann::basic_json<>, nlohmann::detail::iterator_input_adapter<const char *>>::handle_value<long long &>' requested here
[build]   517 |         handle_value(val);
[build]       |         ^
[build] C:\Users\pperv\code\unnamed_rpg\vendor\json\include\nlohmann/detail/input/parser.hpp(314,56): note: in instantiation of member function 'nlohmann::detail::json_sax_dom_callback_parser<nlohmann::basic_json<>, nlohmann::detail::iterator_input_adapter<const char *>>::number_integer' requested here
[build]   314 |                         if (JSON_HEDLEY_UNLIKELY(!sax->number_integer(m_lexer.get_number_integer())))
[build]       |                                                        ^
[build] C:\Users\pperv\code\unnamed_rpg\vendor\json\include\nlohmann/thirdparty/hedley/hedley.hpp(1360,94): note: expanded from macro 'JSON_HEDLEY_UNLIKELY'
[build]  1360 | #  define JSON_HEDLEY_UNLIKELY(expr)                    __builtin_expect                 (!!(expr),    0                  )
[build]       |                                                                                              ^
[build] C:\Users\pperv\code\unnamed_rpg\vendor\json\include\nlohmann/detail/input/parser.hpp(100,13): note: in instantiation of function template specialization 'nlohmann::detail::parser<nlohmann::basic_json<>, nlohmann::detail::iterator_input_adapter<const char *>>::sax_parse_internal<nlohmann::detail::json_sax_dom_callback_parser<nlohmann::basic_json<>, nlohmann::detail::iterator_input_adapter<const char *>>>' requested here
[build]   100 |             sax_parse_internal(&sdp);
[build]       |             ^
[build] C:\Users\pperv\code\unnamed_rpg\vendor\json\include\nlohmann/json.hpp(4112,148): note: in instantiation of member function 'nlohmann::detail::parser<nlohmann::basic_json<>, nlohmann::detail::iterator_input_adapter<const char *>>::parse' requested here
[build]  4112 |         parser(detail::input_adapter(std::move(first), std::move(last)), std::move(cb), allow_exceptions, ignore_comments, ignore_trailing_commas).parse(true, result); // cppcheck-suppress[accessMoved]
[build]       |                                                                                                                                                    ^
[build] C:\Users\pperv\code\unnamed_rpg\vendor\json\include\nlohmann/json.hpp(5294,28): note: in instantiation of function template specialization 'nlohmann::basic_json<>::parse<const char *, const char *, 0>' requested here
[build]  5294 |     return nlohmann::json::parse(s, s + n);
[build]       |                            ^
[build] In file included from C:\Users\pperv\code\unnamed_rpg\vendor\json-schema-validator\src\json-validator.cpp:9:
[build] In file included from C:\Users\pperv\code\unnamed_rpg\vendor\json-schema-validator\src\nlohmann/json-schema.hpp:24:
[build] In file included from C:\Users\pperv\code\unnamed_rpg\vendor\json\include\nlohmann/json.hpp:44:
[build] In file included from C:\Users\pperv\code\unnamed_rpg\vendor\json\include\nlohmann/adl_serializer.hpp:15:
[build] C:\Users\pperv\code\unnamed_rpg\vendor\json\include\nlohmann/detail/conversions/to_json.hpp(150,27): warning: enumeration type in nested name specifier is incompatible with C++98 [-Wc++98-compat]
[build]   150 |         j.m_data.m_type = value_t::number_integer;
[build]       |                           ^
[build] C:\Users\pperv\code\unnamed_rpg\vendor\json\include\nlohmann/detail/conversions/to_json.hpp(516,16): note: in instantiation of function template specialization 'nlohmann::detail::to_json<nlohmann::basic_json<>, long long, 0>' requested here
[build]   516 |         return to_json(j, std::forward<T>(val));
[build]       |                ^
[build] C:\Users\pperv\code\unnamed_rpg\vendor\json\include\nlohmann/adl_serializer.hpp(51,9): note: in instantiation of function template specialization 'nlohmann::detail::to_json_fn::operator()<nlohmann::basic_json<>, long long &>' requested here
[build]    51 |         ::nlohmann::to_json(j, std::forward<TargetType>(val));
[build]       |         ^
[build] C:\Users\pperv\code\unnamed_rpg\vendor\json\include\nlohmann/json.hpp(872,28): note: in instantiation of function template specialization 'nlohmann::adl_serializer<long long>::to_json<nlohmann::basic_json<>, long long &>' requested here
[build]   872 |         JSONSerializer<U>::to_json(*this, std::forward<CompatibleType>(val));
[build]       |                            ^
[build] C:\Users\pperv\code\unnamed_rpg\vendor\json\include\nlohmann/detail/input/json_sax.hpp(853,22): note: in instantiation of function template specialization 'nlohmann::basic_json<>::basic_json<long long &, long long, 0>' requested here
[build]   853 |         auto value = BasicJsonType(std::forward<Value>(v));
[build]       |                      ^
[build] C:\Users\pperv\code\unnamed_rpg\vendor\json\include\nlohmann/detail/input/json_sax.hpp(517,9): note: in instantiation of function template specialization 'nlohmann::detail::json_sax_dom_callback_parser<nlohmann::basic_json<>, nlohmann::detail::iterator_input_adapter<const char *>>::handle_value<long long &>' requested here
[build]   517 |         handle_value(val);
[build]       |         ^
[build] C:\Users\pperv\code\unnamed_rpg\vendor\json\include\nlohmann/detail/input/parser.hpp(314,56): note: in instantiation of member function 'nlohmann::detail::json_sax_dom_callback_parser<nlohmann::basic_json<>, nlohmann::detail::iterator_input_adapter<const char *>>::number_integer' requested here
[build]   314 |                         if (JSON_HEDLEY_UNLIKELY(!sax->number_integer(m_lexer.get_number_integer())))
[build]       |                                                        ^
[build] C:\Users\pperv\code\unnamed_rpg\vendor\json\include\nlohmann/thirdparty/hedley/hedley.hpp(1360,94): note: expanded from macro 'JSON_HEDLEY_UNLIKELY'
[build]  1360 | #  define JSON_HEDLEY_UNLIKELY(expr)                    __builtin_expect                 (!!(expr),    0                  )
[build]       |                                                                                              ^
[build] C:\Users\pperv\code\unnamed_rpg\vendor\json\include\nlohmann/detail/input/parser.hpp(100,13): note: in instantiation of function template specialization 'nlohmann::detail::parser<nlohmann::basic_json<>, nlohmann::detail::iterator_input_adapter<const char *>>::sax_parse_internal<nlohmann::detail::json_sax_dom_callback_parser<nlohmann::basic_json<>, nlohmann::detail::iterator_input_adapter<const char *>>>' requested here
[build]   100 |             sax_parse_internal(&sdp);
[build]       |             ^
[build] C:\Users\pperv\code\unnamed_rpg\vendor\json\include\nlohmann/json.hpp(4112,148): note: in instantiation of member function 'nlohmann::detail::parser<nlohmann::basic_json<>, nlohmann::detail::iterator_input_adapter<const char *>>::parse' requested here
[build]  4112 |         parser(detail::input_adapter(std::move(first), std::move(last)), std::move(cb), allow_exceptions, ignore_comments, ignore_trailing_commas).parse(true, result); // cppcheck-suppress[accessMoved]
[build]       |                                                                                                                                                    ^
[build] C:\Users\pperv\code\unnamed_rpg\vendor\json\include\nlohmann/json.hpp(5294,28): note: in instantiation of function template specialization 'nlohmann::basic_json<>::parse<const char *, const char *, 0>' requested here
[build]  5294 |     return nlohmann::json::parse(s, s + n);
[build]       |                            ^
[build] In file included from C:\Users\pperv\code\unnamed_rpg\vendor\json-schema-validator\src\json-validator.cpp:9:
[build] In file included from C:\Users\pperv\code\unnamed_rpg\vendor\json-schema-validator\src\nlohmann/json-schema.hpp:24:
[build] In file included from C:\Users\pperv\code\unnamed_rpg\vendor\json\include\nlohmann/json.hpp:44:
[build] In file included from C:\Users\pperv\code\unnamed_rpg\vendor\json\include\nlohmann/adl_serializer.hpp:15:
[build] C:\Users\pperv\code\unnamed_rpg\vendor\json\include\nlohmann/detail/conversions/to_json.hpp(150,27): warning: enumeration type in nested name specifier is incompatible with C++98 [-Wc++98-compat]
[build]   150 |         j.m_data.m_type = value_t::number_integer;
[build]       |                           ^
[build] C:\Users\pperv\code\unnamed_rpg\vendor\json\include\nlohmann/detail/conversions/to_json.hpp(354,52): note: in instantiation of function template specialization 'nlohmann::detail::external_constructor<nlohmann::detail::value_t::number_integer>::construct<nlohmann::basic_json<>>' requested here
[build]   354 |     external_constructor<value_t::number_integer>::construct(j, static_cast<typename BasicJsonType::number_integer_t>(val));
[build]       |                                                    ^
[build] C:\Users\pperv\code\unnamed_rpg\vendor\json\include\nlohmann/detail/conversions/to_json.hpp(516,16): note: in instantiation of function template specialization 'nlohmann::detail::to_json<nlohmann::basic_json<>, long long, 0>' requested here
[build]   516 |         return to_json(j, std::forward<T>(val));
[build]       |                ^
[build] C:\Users\pperv\code\unnamed_rpg\vendor\json\include\nlohmann/adl_serializer.hpp(51,9): note: in instantiation of function template specialization 'nlohmann::detail::to_json_fn::operator()<nlohmann::basic_json<>, long long &>' requested here
[build]    51 |         ::nlohmann::to_json(j, std::forward<TargetType>(val));
[build]       |         ^
[build] C:\Users\pperv\code\unnamed_rpg\vendor\json\include\nlohmann/json.hpp(872,28): note: in instantiation of function template specialization 'nlohmann::adl_serializer<long long>::to_json<nlohmann::basic_json<>, long long &>' requested here
[build]   872 |         JSONSerializer<U>::to_json(*this, std::forward<CompatibleType>(val));
[build]       |                            ^
[build] C:\Users\pperv\code\unnamed_rpg\vendor\json\include\nlohmann/detail/input/json_sax.hpp(853,22): note: in instantiation of function template specialization 'nlohmann::basic_json<>::basic_json<long long &, long long, 0>' requested here
[build]   853 |         auto value = BasicJsonType(std::forward<Value>(v));
[build]       |                      ^
[build] C:\Users\pperv\code\unnamed_rpg\vendor\json\include\nlohmann/detail/input/json_sax.hpp(517,9): note: in instantiation of function template specialization 'nlohmann::detail::json_sax_dom_callback_parser<nlohmann::basic_json<>, nlohmann::detail::iterator_input_adapter<const char *>>::handle_value<long long &>' requested here
[build]   517 |         handle_value(val);
[build]       |         ^
[build] C:\Users\pperv\code\unnamed_rpg\vendor\json\include\nlohmann/detail/input/parser.hpp(314,56): note: in instantiation of member function 'nlohmann::detail::json_sax_dom_callback_parser<nlohmann::basic_json<>, nlohmann::detail::iterator_input_adapter<const char *>>::number_integer' requested here
[build]   314 |                         if (JSON_HEDLEY_UNLIKELY(!sax->number_integer(m_lexer.get_number_integer())))
[build]       |                                                        ^
[build] C:\Users\pperv\code\unnamed_rpg\vendor\json\include\nlohmann/thirdparty/hedley/hedley.hpp(1360,94): note: expanded from macro 'JSON_HEDLEY_UNLIKELY'
[build]  1360 | #  define JSON_HEDLEY_UNLIKELY(expr)                    __builtin_expect                 (!!(expr),    0                  )
[build]       |                                                                                              ^
[build] C:\Users\pperv\code\unnamed_rpg\vendor\json\include\nlohmann/detail/input/parser.hpp(100,13): note: in instantiation of function template specialization 'nlohmann::detail::parser<nlohmann::basic_json<>, nlohmann::detail::iterator_input_adapter<const char *>>::sax_parse_internal<nlohmann::detail::json_sax_dom_callback_parser<nlohmann::basic_json<>, nlohmann::detail::iterator_input_adapter<const char *>>>' requested here
[build]   100 |             sax_parse_internal(&sdp);
[build]       |             ^
[build] C:\Users\pperv\code\unnamed_rpg\vendor\json\include\nlohmann/json.hpp(4112,148): note: in instantiation of member function 'nlohmann::detail::parser<nlohmann::basic_json<>, nlohmann::detail::iterator_input_adapter<const char *>>::parse' requested here
[build]  4112 |         parser(detail::input_adapter(std::move(first), std::move(last)), std::move(cb), allow_exceptions, ignore_comments, ignore_trailing_commas).parse(true, result); // cppcheck-suppress[accessMoved]
[build]       |                                                                                                                                                    ^
[build] C:\Users\pperv\code\unnamed_rpg\vendor\json\include\nlohmann/json.hpp(5294,28): note: in instantiation of function template specialization 'nlohmann::basic_json<>::parse<const char *, const char *, 0>' requested here
[build]  5294 |     return nlohmann::json::parse(s, s + n);
[build]       |                            ^
[build] In file included from C:\Users\pperv\code\unnamed_rpg\vendor\json-schema-validator\src\json-validator.cpp:9:
[build] In file included from C:\Users\pperv\code\unnamed_rpg\vendor\json-schema-validator\src\nlohmann/json-schema.hpp:24:
[build] In file included from C:\Users\pperv\code\unnamed_rpg\vendor\json\include\nlohmann/json.hpp:50:
[build] In file included from C:\Users\pperv\code\unnamed_rpg\vendor\json\include\nlohmann/detail/input/binary_reader.hpp:29:
[build] C:\Users\pperv\code\unnamed_rpg\vendor\json\include\nlohmann/detail/input/json_sax.hpp(849,20): warning: constructor call from initializer list is incompatible with C++98 [-Wc++98-compat]
[build]   849 |             return {false, nullptr};
[build]       |                    ^~~~~~~~~~~~~~~~
[build] C:\Users\pperv\code\unnamed_rpg\vendor\json\include\nlohmann/detail/input/json_sax.hpp(535,9): note: in instantiation of function template specialization 'nlohmann::detail::json_sax_dom_callback_parser<nlohmann::basic_json<>, nlohmann::detail::iterator_input_adapter<const char *>>::handle_value<std::basic_string<char> &>' requested here
[build]   535 |         handle_value(val);
[build]       |         ^
[build] C:\Users\pperv\code\unnamed_rpg\vendor\json\include\nlohmann/detail/input/parser.hpp(323,56): note: in instantiation of member function 'nlohmann::detail::json_sax_dom_callback_parser<nlohmann::basic_json<>, nlohmann::detail::iterator_input_adapter<const char *>>::string' requested here
[build]   323 |                         if (JSON_HEDLEY_UNLIKELY(!sax->string(m_lexer.get_string())))
[build]       |                                                        ^
[build] C:\Users\pperv\code\unnamed_rpg\vendor\json\include\nlohmann/thirdparty/hedley/hedley.hpp(1360,94): note: expanded from macro 'JSON_HEDLEY_UNLIKELY'
[build]  1360 | #  define JSON_HEDLEY_UNLIKELY(expr)                    __builtin_expect                 (!!(expr),    0                  )
[build]       |                                                                                              ^
[build] C:\Users\pperv\code\unnamed_rpg\vendor\json\include\nlohmann/detail/input/parser.hpp(100,13): note: in instantiation of function template specialization 'nlohmann::detail::parser<nlohmann::basic_json<>, nlohmann::detail::iterator_input_adapter<const char *>>::sax_parse_internal<nlohmann::detail::json_sax_dom_callback_parser<nlohmann::basic_json<>, nlohmann::detail::iterator_input_adapter<const char *>>>' requested here
[build]   100 |             sax_parse_internal(&sdp);
[build]       |             ^
[build] C:\Users\pperv\code\unnamed_rpg\vendor\json\include\nlohmann/json.hpp(4112,148): note: in instantiation of member function 'nlohmann::detail::parser<nlohmann::basic_json<>, nlohmann::detail::iterator_input_adapter<const char *>>::parse' requested here
[build]  4112 |         parser(detail::input_adapter(std::move(first), std::move(last)), std::move(cb), allow_exceptions, ignore_comments, ignore_trailing_commas).parse(true, result); // cppcheck-suppress[accessMoved]
[build]       |                                                                                                                                                    ^
[build] C:\Users\pperv\code\unnamed_rpg\vendor\json\include\nlohmann/json.hpp(5294,28): note: in instantiation of function template specialization 'nlohmann::basic_json<>::parse<const char *, const char *, 0>' requested here
[build]  5294 |     return nlohmann::json::parse(s, s + n);
[build]       |                            ^
[build] In file included from C:\Users\pperv\code\unnamed_rpg\vendor\json-schema-validator\src\json-validator.cpp:9:
[build] In file included from C:\Users\pperv\code\unnamed_rpg\vendor\json-schema-validator\src\nlohmann/json-schema.hpp:24:
[build] In file included from C:\Users\pperv\code\unnamed_rpg\vendor\json\include\nlohmann/json.hpp:50:
[build] In file included from C:\Users\pperv\code\unnamed_rpg\vendor\json\include\nlohmann/detail/input/binary_reader.hpp:29:
[build] C:\Users\pperv\code\unnamed_rpg\vendor\json\include\nlohmann/detail/input/json_sax.hpp(860,89): warning: enumeration type in nested name specifier is incompatible with C++98 [-Wc++98-compat]
[build]   860 |         const bool keep = skip_callback || callback(static_cast<int>(ref_stack.size()), parse_event_t::value, value);
[build]       |                                                                                         ^
[build] C:\Users\pperv\code\unnamed_rpg\vendor\json\include\nlohmann/detail/input/json_sax.hpp(877,20): warning: constructor call from initializer list is incompatible with C++98 [-Wc++98-compat]
[build]   877 |             return {false, nullptr};
[build]       |                    ^~~~~~~~~~~~~~~~
[build] C:\Users\pperv\code\unnamed_rpg\vendor\json\include\nlohmann/detail/input/json_sax.hpp(883,20): warning: constructor call from initializer list is incompatible with C++98 [-Wc++98-compat]
[build]   883 |             return {true, & root};
[build]       |                    ^~~~~~~~~~~~~~
[build] C:\Users\pperv\code\unnamed_rpg\vendor\json\include\nlohmann/detail/input/json_sax.hpp(890,20): warning: constructor call from initializer list is incompatible with C++98 [-Wc++98-compat]
[build]   890 |             return {false, nullptr};
[build]       |                    ^~~~~~~~~~~~~~~~
[build] C:\Users\pperv\code\unnamed_rpg\vendor\json\include\nlohmann/detail/input/json_sax.hpp(900,20): warning: constructor call from initializer list is incompatible with C++98 [-Wc++98-compat]
[build]   900 |             return {true, & (ref_stack.back()->m_data.m_value.array->back())};
[build]       |                    ^~~~~~~~~~~~~~~~~~~~~~~~~~~~~~~~~~~~~~~~~~~~~~~~~~~~~~~~~~
[build] C:\Users\pperv\code\unnamed_rpg\vendor\json\include\nlohmann/detail/input/json_sax.hpp(912,20): warning: constructor call from initializer list is incompatible with C++98 [-Wc++98-compat]
[build]   912 |             return {false, nullptr};
[build]       |                    ^~~~~~~~~~~~~~~~
[build] C:\Users\pperv\code\unnamed_rpg\vendor\json\include\nlohmann/detail/input/json_sax.hpp(917,16): warning: constructor call from initializer list is incompatible with C++98 [-Wc++98-compat]
[build]   917 |         return {true, object_element};
[build]       |                ^~~~~~~~~~~~~~~~~~~~~~
[build] C:\Users\pperv\code\unnamed_rpg\vendor\json\include\nlohmann/detail/input/json_sax.hpp(849,20): warning: constructor call from initializer list is incompatible with C++98 [-Wc++98-compat]
[build]   849 |             return {false, nullptr};
[build]       |                    ^~~~~~~~~~~~~~~~
[build] C:\Users\pperv\code\unnamed_rpg\vendor\json\include\nlohmann/detail/input/json_sax.hpp(523,9): note: in instantiation of function template specialization 'nlohmann::detail::json_sax_dom_callback_parser<nlohmann::basic_json<>, nlohmann::detail::iterator_input_adapter<const char *>>::handle_value<unsigned long long &>' requested here
[build]   523 |         handle_value(val);
[build]       |         ^
[build] C:\Users\pperv\code\unnamed_rpg\vendor\json\include\nlohmann/detail/input/parser.hpp(332,56): note: in instantiation of member function 'nlohmann::detail::json_sax_dom_callback_parser<nlohmann::basic_json<>, nlohmann::detail::iterator_input_adapter<const char *>>::number_unsigned' requested here
[build]   332 |                         if (JSON_HEDLEY_UNLIKELY(!sax->number_unsigned(m_lexer.get_number_unsigned())))
[build]       |                                                        ^
[build] C:\Users\pperv\code\unnamed_rpg\vendor\json\include\nlohmann/thirdparty/hedley/hedley.hpp(1360,94): note: expanded from macro 'JSON_HEDLEY_UNLIKELY'
[build]  1360 | #  define JSON_HEDLEY_UNLIKELY(expr)                    __builtin_expect                 (!!(expr),    0                  )
[build]       |                                                                                              ^
[build] C:\Users\pperv\code\unnamed_rpg\vendor\json\include\nlohmann/detail/input/parser.hpp(100,13): note: in instantiation of function template specialization 'nlohmann::detail::parser<nlohmann::basic_json<>, nlohmann::detail::iterator_input_adapter<const char *>>::sax_parse_internal<nlohmann::detail::json_sax_dom_callback_parser<nlohmann::basic_json<>, nlohmann::detail::iterator_input_adapter<const char *>>>' requested here
[build]   100 |             sax_parse_internal(&sdp);
[build]       |             ^
[build] C:\Users\pperv\code\unnamed_rpg\vendor\json\include\nlohmann/json.hpp(4112,148): note: in instantiation of member function 'nlohmann::detail::parser<nlohmann::basic_json<>, nlohmann::detail::iterator_input_adapter<const char *>>::parse' requested here
[build]  4112 |         parser(detail::input_adapter(std::move(first), std::move(last)), std::move(cb), allow_exceptions, ignore_comments, ignore_trailing_commas).parse(true, result); // cppcheck-suppress[accessMoved]
[build]       |                                                                                                                                                    ^
[build] C:\Users\pperv\code\unnamed_rpg\vendor\json\include\nlohmann/json.hpp(5294,28): note: in instantiation of function template specialization 'nlohmann::basic_json<>::parse<const char *, const char *, 0>' requested here
[build]  5294 |     return nlohmann::json::parse(s, s + n);
[build]       |                            ^
[build] In file included from C:\Users\pperv\code\unnamed_rpg\vendor\json-schema-validator\src\json-validator.cpp:9:
[build] In file included from C:\Users\pperv\code\unnamed_rpg\vendor\json-schema-validator\src\nlohmann/json-schema.hpp:24:
[build] In file included from C:\Users\pperv\code\unnamed_rpg\vendor\json\include\nlohmann/json.hpp:50:
[build] In file included from C:\Users\pperv\code\unnamed_rpg\vendor\json\include\nlohmann/detail/input/binary_reader.hpp:29:
[build] C:\Users\pperv\code\unnamed_rpg\vendor\json\include\nlohmann/detail/input/json_sax.hpp(860,89): warning: enumeration type in nested name specifier is incompatible with C++98 [-Wc++98-compat]
[build]   860 |         const bool keep = skip_callback || callback(static_cast<int>(ref_stack.size()), parse_event_t::value, value);
[build]       |                                                                                         ^
[build] C:\Users\pperv\code\unnamed_rpg\vendor\json\include\nlohmann/detail/input/json_sax.hpp(877,20): warning: constructor call from initializer list is incompatible with C++98 [-Wc++98-compat]
[build]   877 |             return {false, nullptr};
[build]       |                    ^~~~~~~~~~~~~~~~
[build] C:\Users\pperv\code\unnamed_rpg\vendor\json\include\nlohmann/detail/input/json_sax.hpp(883,20): warning: constructor call from initializer list is incompatible with C++98 [-Wc++98-compat]
[build]   883 |             return {true, & root};
[build]       |                    ^~~~~~~~~~~~~~
[build] C:\Users\pperv\code\unnamed_rpg\vendor\json\include\nlohmann/detail/input/json_sax.hpp(890,20): warning: constructor call from initializer list is incompatible with C++98 [-Wc++98-compat]
[build]   890 |             return {false, nullptr};
[build]       |                    ^~~~~~~~~~~~~~~~
[build] C:\Users\pperv\code\unnamed_rpg\vendor\json\include\nlohmann/detail/input/json_sax.hpp(900,20): warning: constructor call from initializer list is incompatible with C++98 [-Wc++98-compat]
[build]   900 |             return {true, & (ref_stack.back()->m_data.m_value.array->back())};
[build]       |                    ^~~~~~~~~~~~~~~~~~~~~~~~~~~~~~~~~~~~~~~~~~~~~~~~~~~~~~~~~~
[build] C:\Users\pperv\code\unnamed_rpg\vendor\json\include\nlohmann/detail/input/json_sax.hpp(912,20): warning: constructor call from initializer list is incompatible with C++98 [-Wc++98-compat]
[build]   912 |             return {false, nullptr};
[build]       |                    ^~~~~~~~~~~~~~~~
[build] C:\Users\pperv\code\unnamed_rpg\vendor\json\include\nlohmann/detail/input/json_sax.hpp(917,16): warning: constructor call from initializer list is incompatible with C++98 [-Wc++98-compat]
[build]   917 |         return {true, object_element};
[build]       |                ^~~~~~~~~~~~~~~~~~~~~~
[build] In file included from C:\Users\pperv\code\unnamed_rpg\vendor\json-schema-validator\src\json-validator.cpp:9:
[build] In file included from C:\Users\pperv\code\unnamed_rpg\vendor\json-schema-validator\src\nlohmann/json-schema.hpp:24:
[build] In file included from C:\Users\pperv\code\unnamed_rpg\vendor\json\include\nlohmann/json.hpp:44:
[build] In file included from C:\Users\pperv\code\unnamed_rpg\vendor\json\include\nlohmann/adl_serializer.hpp:15:
[build] C:\Users\pperv\code\unnamed_rpg\vendor\json\include\nlohmann/detail/conversions/to_json.hpp(347,26): warning: enumeration type in nested name specifier is incompatible with C++98 [-Wc++98-compat]
[build]   347 |     external_constructor<value_t::number_unsigned>::construct(j, static_cast<typename BasicJsonType::number_unsigned_t>(val));
[build]       |                          ^
[build] C:\Users\pperv\code\unnamed_rpg\vendor\json\include\nlohmann/adl_serializer.hpp(51,9): note: in instantiation of function template specialization 'nlohmann::detail::to_json_fn::operator()<nlohmann::basic_json<>, unsigned long long &>' requested here
[build]    51 |         ::nlohmann::to_json(j, std::forward<TargetType>(val));
[build]       |         ^
[build] C:\Users\pperv\code\unnamed_rpg\vendor\json\include\nlohmann/json.hpp(872,28): note: in instantiation of function template specialization 'nlohmann::adl_serializer<unsigned long long>::to_json<nlohmann::basic_json<>, unsigned long long &>' requested here
[build]   872 |         JSONSerializer<U>::to_json(*this, std::forward<CompatibleType>(val));
[build]       |                            ^
[build] C:\Users\pperv\code\unnamed_rpg\vendor\json\include\nlohmann/detail/input/json_sax.hpp(853,22): note: in instantiation of function template specialization 'nlohmann::basic_json<>::basic_json<unsigned long long &, unsigned long long, 0>' requested here
[build]   853 |         auto value = BasicJsonType(std::forward<Value>(v));
[build]       |                      ^
[build] C:\Users\pperv\code\unnamed_rpg\vendor\json\include\nlohmann/detail/input/json_sax.hpp(523,9): note: in instantiation of function template specialization 'nlohmann::detail::json_sax_dom_callback_parser<nlohmann::basic_json<>, nlohmann::detail::iterator_input_adapter<const char *>>::handle_value<unsigned long long &>' requested here
[build]   523 |         handle_value(val);
[build]       |         ^
[build] C:\Users\pperv\code\unnamed_rpg\vendor\json\include\nlohmann/detail/input/parser.hpp(332,56): note: in instantiation of member function 'nlohmann::detail::json_sax_dom_callback_parser<nlohmann::basic_json<>, nlohmann::detail::iterator_input_adapter<const char *>>::number_unsigned' requested here
[build]   332 |                         if (JSON_HEDLEY_UNLIKELY(!sax->number_unsigned(m_lexer.get_number_unsigned())))
[build]       |                                                        ^
[build] C:\Users\pperv\code\unnamed_rpg\vendor\json\include\nlohmann/thirdparty/hedley/hedley.hpp(1360,94): note: expanded from macro 'JSON_HEDLEY_UNLIKELY'
[build]  1360 | #  define JSON_HEDLEY_UNLIKELY(expr)                    __builtin_expect                 (!!(expr),    0                  )
[build]       |                                                                                              ^
[build] C:\Users\pperv\code\unnamed_rpg\vendor\json\include\nlohmann/detail/input/parser.hpp(100,13): note: in instantiation of function template specialization 'nlohmann::detail::parser<nlohmann::basic_json<>, nlohmann::detail::iterator_input_adapter<const char *>>::sax_parse_internal<nlohmann::detail::json_sax_dom_callback_parser<nlohmann::basic_json<>, nlohmann::detail::iterator_input_adapter<const char *>>>' requested here
[build]   100 |             sax_parse_internal(&sdp);
[build]       |             ^
[build] C:\Users\pperv\code\unnamed_rpg\vendor\json\include\nlohmann/json.hpp(4112,148): note: in instantiation of member function 'nlohmann::detail::parser<nlohmann::basic_json<>, nlohmann::detail::iterator_input_adapter<const char *>>::parse' requested here
[build]  4112 |         parser(detail::input_adapter(std::move(first), std::move(last)), std::move(cb), allow_exceptions, ignore_comments, ignore_trailing_commas).parse(true, result); // cppcheck-suppress[accessMoved]
[build]       |                                                                                                                                                    ^
[build] C:\Users\pperv\code\unnamed_rpg\vendor\json\include\nlohmann/json.hpp(5294,28): note: in instantiation of function template specialization 'nlohmann::basic_json<>::parse<const char *, const char *, 0>' requested here
[build]  5294 |     return nlohmann::json::parse(s, s + n);
[build]       |                            ^
[build] In file included from C:\Users\pperv\code\unnamed_rpg\vendor\json-schema-validator\src\json-validator.cpp:9:
[build] In file included from C:\Users\pperv\code\unnamed_rpg\vendor\json-schema-validator\src\nlohmann/json-schema.hpp:24:
[build] In file included from C:\Users\pperv\code\unnamed_rpg\vendor\json\include\nlohmann/json.hpp:44:
[build] In file included from C:\Users\pperv\code\unnamed_rpg\vendor\json\include\nlohmann/adl_serializer.hpp:15:
[build] C:\Users\pperv\code\unnamed_rpg\vendor\json\include\nlohmann/detail/conversions/to_json.hpp(137,27): warning: enumeration type in nested name specifier is incompatible with C++98 [-Wc++98-compat]
[build]   137 |         j.m_data.m_type = value_t::number_unsigned;
[build]       |                           ^
[build] C:\Users\pperv\code\unnamed_rpg\vendor\json\include\nlohmann/detail/conversions/to_json.hpp(516,16): note: in instantiation of function template specialization 'nlohmann::detail::to_json<nlohmann::basic_json<>, unsigned long long, 0>' requested here
[build]   516 |         return to_json(j, std::forward<T>(val));
[build]       |                ^
[build] C:\Users\pperv\code\unnamed_rpg\vendor\json\include\nlohmann/adl_serializer.hpp(51,9): note: in instantiation of function template specialization 'nlohmann::detail::to_json_fn::operator()<nlohmann::basic_json<>, unsigned long long &>' requested here
[build]    51 |         ::nlohmann::to_json(j, std::forward<TargetType>(val));
[build]       |         ^
[build] C:\Users\pperv\code\unnamed_rpg\vendor\json\include\nlohmann/json.hpp(872,28): note: in instantiation of function template specialization 'nlohmann::adl_serializer<unsigned long long>::to_json<nlohmann::basic_json<>, unsigned long long &>' requested here
[build]   872 |         JSONSerializer<U>::to_json(*this, std::forward<CompatibleType>(val));
[build]       |                            ^
[build] C:\Users\pperv\code\unnamed_rpg\vendor\json\include\nlohmann/detail/input/json_sax.hpp(853,22): note: in instantiation of function template specialization 'nlohmann::basic_json<>::basic_json<unsigned long long &, unsigned long long, 0>' requested here
[build]   853 |         auto value = BasicJsonType(std::forward<Value>(v));
[build]       |                      ^
[build] C:\Users\pperv\code\unnamed_rpg\vendor\json\include\nlohmann/detail/input/json_sax.hpp(523,9): note: in instantiation of function template specialization 'nlohmann::detail::json_sax_dom_callback_parser<nlohmann::basic_json<>, nlohmann::detail::iterator_input_adapter<const char *>>::handle_value<unsigned long long &>' requested here
[build]   523 |         handle_value(val);
[build]       |         ^
[build] C:\Users\pperv\code\unnamed_rpg\vendor\json\include\nlohmann/detail/input/parser.hpp(332,56): note: in instantiation of member function 'nlohmann::detail::json_sax_dom_callback_parser<nlohmann::basic_json<>, nlohmann::detail::iterator_input_adapter<const char *>>::number_unsigned' requested here
[build]   332 |                         if (JSON_HEDLEY_UNLIKELY(!sax->number_unsigned(m_lexer.get_number_unsigned())))
[build]       |                                                        ^
[build] C:\Users\pperv\code\unnamed_rpg\vendor\json\include\nlohmann/thirdparty/hedley/hedley.hpp(1360,94): note: expanded from macro 'JSON_HEDLEY_UNLIKELY'
[build]  1360 | #  define JSON_HEDLEY_UNLIKELY(expr)                    __builtin_expect                 (!!(expr),    0                  )
[build]       |                                                                                              ^
[build] C:\Users\pperv\code\unnamed_rpg\vendor\json\include\nlohmann/detail/input/parser.hpp(100,13): note: in instantiation of function template specialization 'nlohmann::detail::parser<nlohmann::basic_json<>, nlohmann::detail::iterator_input_adapter<const char *>>::sax_parse_internal<nlohmann::detail::json_sax_dom_callback_parser<nlohmann::basic_json<>, nlohmann::detail::iterator_input_adapter<const char *>>>' requested here
[build]   100 |             sax_parse_internal(&sdp);
[build]       |             ^
[build] C:\Users\pperv\code\unnamed_rpg\vendor\json\include\nlohmann/json.hpp(4112,148): note: in instantiation of member function 'nlohmann::detail::parser<nlohmann::basic_json<>, nlohmann::detail::iterator_input_adapter<const char *>>::parse' requested here
[build]  4112 |         parser(detail::input_adapter(std::move(first), std::move(last)), std::move(cb), allow_exceptions, ignore_comments, ignore_trailing_commas).parse(true, result); // cppcheck-suppress[accessMoved]
[build]       |                                                                                                                                                    ^
[build] C:\Users\pperv\code\unnamed_rpg\vendor\json\include\nlohmann/json.hpp(5294,28): note: in instantiation of function template specialization 'nlohmann::basic_json<>::parse<const char *, const char *, 0>' requested here
[build]  5294 |     return nlohmann::json::parse(s, s + n);
[build]       |                            ^
[build] In file included from C:\Users\pperv\code\unnamed_rpg\vendor\json-schema-validator\src\json-validator.cpp:9:
[build] In file included from C:\Users\pperv\code\unnamed_rpg\vendor\json-schema-validator\src\nlohmann/json-schema.hpp:24:
[build] In file included from C:\Users\pperv\code\unnamed_rpg\vendor\json\include\nlohmann/json.hpp:44:
[build] In file included from C:\Users\pperv\code\unnamed_rpg\vendor\json\include\nlohmann/adl_serializer.hpp:15:
[build] C:\Users\pperv\code\unnamed_rpg\vendor\json\include\nlohmann/detail/conversions/to_json.hpp(137,27): warning: enumeration type in nested name specifier is incompatible with C++98 [-Wc++98-compat]
[build]   137 |         j.m_data.m_type = value_t::number_unsigned;
[build]       |                           ^
[build] C:\Users\pperv\code\unnamed_rpg\vendor\json\include\nlohmann/detail/conversions/to_json.hpp(347,53): note: in instantiation of function template specialization 'nlohmann::detail::external_constructor<nlohmann::detail::value_t::number_unsigned>::construct<nlohmann::basic_json<>>' requested here
[build]   347 |     external_constructor<value_t::number_unsigned>::construct(j, static_cast<typename BasicJsonType::number_unsigned_t>(val));
[build]       |                                                     ^
[build] C:\Users\pperv\code\unnamed_rpg\vendor\json\include\nlohmann/detail/conversions/to_json.hpp(516,16): note: in instantiation of function template specialization 'nlohmann::detail::to_json<nlohmann::basic_json<>, unsigned long long, 0>' requested here
[build]   516 |         return to_json(j, std::forward<T>(val));
[build]       |                ^
[build] C:\Users\pperv\code\unnamed_rpg\vendor\json\include\nlohmann/adl_serializer.hpp(51,9): note: in instantiation of function template specialization 'nlohmann::detail::to_json_fn::operator()<nlohmann::basic_json<>, unsigned long long &>' requested here
[build]    51 |         ::nlohmann::to_json(j, std::forward<TargetType>(val));
[build]       |         ^
[build] C:\Users\pperv\code\unnamed_rpg\vendor\json\include\nlohmann/json.hpp(872,28): note: in instantiation of function template specialization 'nlohmann::adl_serializer<unsigned long long>::to_json<nlohmann::basic_json<>, unsigned long long &>' requested here
[build]   872 |         JSONSerializer<U>::to_json(*this, std::forward<CompatibleType>(val));
[build]       |                            ^
[build] C:\Users\pperv\code\unnamed_rpg\vendor\json\include\nlohmann/detail/input/json_sax.hpp(853,22): note: in instantiation of function template specialization 'nlohmann::basic_json<>::basic_json<unsigned long long &, unsigned long long, 0>' requested here
[build]   853 |         auto value = BasicJsonType(std::forward<Value>(v));
[build]       |                      ^
[build] C:\Users\pperv\code\unnamed_rpg\vendor\json\include\nlohmann/detail/input/json_sax.hpp(523,9): note: in instantiation of function template specialization 'nlohmann::detail::json_sax_dom_callback_parser<nlohmann::basic_json<>, nlohmann::detail::iterator_input_adapter<const char *>>::handle_value<unsigned long long &>' requested here
[build]   523 |         handle_value(val);
[build]       |         ^
[build] C:\Users\pperv\code\unnamed_rpg\vendor\json\include\nlohmann/detail/input/parser.hpp(332,56): note: in instantiation of member function 'nlohmann::detail::json_sax_dom_callback_parser<nlohmann::basic_json<>, nlohmann::detail::iterator_input_adapter<const char *>>::number_unsigned' requested here
[build]   332 |                         if (JSON_HEDLEY_UNLIKELY(!sax->number_unsigned(m_lexer.get_number_unsigned())))
[build]       |                                                        ^
[build] C:\Users\pperv\code\unnamed_rpg\vendor\json\include\nlohmann/thirdparty/hedley/hedley.hpp(1360,94): note: expanded from macro 'JSON_HEDLEY_UNLIKELY'
[build]  1360 | #  define JSON_HEDLEY_UNLIKELY(expr)                    __builtin_expect                 (!!(expr),    0                  )
[build]       |                                                                                              ^
[build] C:\Users\pperv\code\unnamed_rpg\vendor\json\include\nlohmann/detail/input/parser.hpp(100,13): note: in instantiation of function template specialization 'nlohmann::detail::parser<nlohmann::basic_json<>, nlohmann::detail::iterator_input_adapter<const char *>>::sax_parse_internal<nlohmann::detail::json_sax_dom_callback_parser<nlohmann::basic_json<>, nlohmann::detail::iterator_input_adapter<const char *>>>' requested here
[build]   100 |             sax_parse_internal(&sdp);
[build]       |             ^
[build] C:\Users\pperv\code\unnamed_rpg\vendor\json\include\nlohmann/json.hpp(4112,148): note: in instantiation of member function 'nlohmann::detail::parser<nlohmann::basic_json<>, nlohmann::detail::iterator_input_adapter<const char *>>::parse' requested here
[build]  4112 |         parser(detail::input_adapter(std::move(first), std::move(last)), std::move(cb), allow_exceptions, ignore_comments, ignore_trailing_commas).parse(true, result); // cppcheck-suppress[accessMoved]
[build]       |                                                                                                                                                    ^
[build] C:\Users\pperv\code\unnamed_rpg\vendor\json\include\nlohmann/json.hpp(5294,28): note: in instantiation of function template specialization 'nlohmann::basic_json<>::parse<const char *, const char *, 0>' requested here
[build]  5294 |     return nlohmann::json::parse(s, s + n);
[build]       |                            ^
[build] In file included from C:\Users\pperv\code\unnamed_rpg\vendor\json-schema-validator\src\json-validator.cpp:9:
[build] In file included from C:\Users\pperv\code\unnamed_rpg\vendor\json-schema-validator\src\nlohmann/json-schema.hpp:24:
[build] In file included from C:\Users\pperv\code\unnamed_rpg\vendor\json\include\nlohmann/json.hpp:50:
[build] In file included from C:\Users\pperv\code\unnamed_rpg\vendor\json\include\nlohmann/detail/input/binary_reader.hpp:29:
[build] In file included from C:\Users\pperv\code\unnamed_rpg\vendor\json\include\nlohmann/detail/input/json_sax.hpp:18:
[build] C:\Users\pperv\code\unnamed_rpg\vendor\json\include\nlohmann/detail/input/lexer.hpp(1563,130): warning: generalized initializer lists are incompatible with C++98 [-Wc++98-compat]
[build]  1563 |         const std::vector<char_type>& chars = collect_token_chars(reconstructed, std::integral_constant<bool, lazy_token_string> {});
[build]       |                                                                                                                                  ^
[build] C:\Users\pperv\code\unnamed_rpg\vendor\json\include\nlohmann/detail/input/lexer.hpp(1567,20): warning: 'auto' type specifier is incompatible with C++98 [-Wc++98-compat]
[build]  1567 |         for (const auto c : chars)
[build]       |                    ^~~~
[build] C:\Users\pperv\code\unnamed_rpg\vendor\json\include\nlohmann/json.hpp(4112,148): note: in instantiation of member function 'nlohmann::detail::parser<nlohmann::basic_json<>, nlohmann::detail::iterator_input_adapter<const char *>>::parse' requested here
[build]  4112 |         parser(detail::input_adapter(std::move(first), std::move(last)), std::move(cb), allow_exceptions, ignore_comments, ignore_trailing_commas).parse(true, result); // cppcheck-suppress[accessMoved]
[build]       |                                                                                                                                                    ^
[build] C:\Users\pperv\code\unnamed_rpg\vendor\json\include\nlohmann/json.hpp(5294,28): note: in instantiation of function template specialization 'nlohmann::basic_json<>::parse<const char *, const char *, 0>' requested here
[build]  5294 |     return nlohmann::json::parse(s, s + n);
[build]       |                            ^
[build] In file included from C:\Users\pperv\code\unnamed_rpg\vendor\json-schema-validator\src\json-validator.cpp:9:
[build] In file included from C:\Users\pperv\code\unnamed_rpg\vendor\json-schema-validator\src\nlohmann/json-schema.hpp:24:
[build] In file included from C:\Users\pperv\code\unnamed_rpg\vendor\json\include\nlohmann/json.hpp:50:
[build] In file included from C:\Users\pperv\code\unnamed_rpg\vendor\json\include\nlohmann/detail/input/binary_reader.hpp:29:
[build] In file included from C:\Users\pperv\code\unnamed_rpg\vendor\json\include\nlohmann/detail/input/json_sax.hpp:18:
[build] C:\Users\pperv\code\unnamed_rpg\vendor\json\include\nlohmann/detail/input/lexer.hpp(1567,27): warning: range-based for loop is incompatible with C++98 [-Wc++98-compat]
[build]  1567 |         for (const auto c : chars)
[build]       |                           ^
[build] C:\Users\pperv\code\unnamed_rpg\vendor\json\include\nlohmann/detail/input/lexer.hpp(1572,39): warning: generalized initializer lists are incompatible with C++98 [-Wc++98-compat]
[build]  1572 |                 std::array<char, 9> cs{{}};
[build]       |                                       ^
[build] In file included from C:\Users\pperv\code\unnamed_rpg\vendor\json-schema-validator\src\json-validator.cpp:9:
[build] In file included from C:\Users\pperv\code\unnamed_rpg\vendor\json-schema-validator\src\nlohmann/json-schema.hpp:24:
[build] In file included from C:\Users\pperv\code\unnamed_rpg\vendor\json\include\nlohmann/json.hpp:50:
[build] In file included from C:\Users\pperv\code\unnamed_rpg\vendor\json\include\nlohmann/detail/input/binary_reader.hpp:28:
[build] C:\Users\pperv\code\unnamed_rpg\vendor\json\include\nlohmann/detail/input/input_adapters.hpp(204,15): warning: 'auto' type specifier is incompatible with C++98 [-Wc++98-compat]
[build]   204 |         const auto from = std::next(begin, static_cast<typename std::iterator_traits<IteratorType>::difference_type>(first_index));
[build]       |               ^~~~
[build] C:\Users\pperv\code\unnamed_rpg\vendor\json\include\nlohmann/detail/input/lexer.hpp(1563,47): note: in instantiation of member function 'nlohmann::detail::lexer<nlohmann::basic_json<>, nlohmann::detail::iterator_input_adapter<const char *>>::collect_token_chars' requested here
[build]  1563 |         const std::vector<char_type>& chars = collect_token_chars(reconstructed, std::integral_constant<bool, lazy_token_string> {});
[build]       |                                               ^
[build] C:\Users\pperv\code\unnamed_rpg\vendor\json\include\nlohmann/detail/input/parser.hpp(106,41): note: in instantiation of member function 'nlohmann::detail::lexer<nlohmann::basic_json<>, nlohmann::detail::iterator_input_adapter<const char *>>::get_token_string' requested here
[build]   106 |                                 m_lexer.get_token_string(),
[build]       |                                         ^
[build] C:\Users\pperv\code\unnamed_rpg\vendor\json\include\nlohmann/json.hpp(4112,148): note: in instantiation of member function 'nlohmann::detail::parser<nlohmann::basic_json<>, nlohmann::detail::iterator_input_adapter<const char *>>::parse' requested here
[build]  4112 |         parser(detail::input_adapter(std::move(first), std::move(last)), std::move(cb), allow_exceptions, ignore_comments, ignore_trailing_commas).parse(true, result); // cppcheck-suppress[accessMoved]
[build]       |                                                                                                                                                    ^
[build] C:\Users\pperv\code\unnamed_rpg\vendor\json\include\nlohmann/json.hpp(5294,28): note: in instantiation of function template specialization 'nlohmann::basic_json<>::parse<const char *, const char *, 0>' requested here
[build]  5294 |     return nlohmann::json::parse(s, s + n);
[build]       |                            ^
[build] In file included from C:\Users\pperv\code\unnamed_rpg\vendor\json-schema-validator\src\json-validator.cpp:9:
[build] In file included from C:\Users\pperv\code\unnamed_rpg\vendor\json-schema-validator\src\nlohmann/json-schema.hpp:24:
[build] In file included from C:\Users\pperv\code\unnamed_rpg\vendor\json\include\nlohmann/json.hpp:50:
[build] In file included from C:\Users\pperv\code\unnamed_rpg\vendor\json\include\nlohmann/detail/input/binary_reader.hpp:28:
[build] C:\Users\pperv\code\unnamed_rpg\vendor\json\include\nlohmann/detail/input/input_adapters.hpp(205,15): warning: 'auto' type specifier is incompatible with C++98 [-Wc++98-compat]
[build]   205 |         const auto to = std::next(begin, static_cast<typename std::iterator_traits<IteratorType>::difference_type>(last_index));
[build]       |               ^~~~
[build] In file included from C:\Users\pperv\code\unnamed_rpg\vendor\json-schema-validator\src\json-validator.cpp:9:
[build] In file included from C:\Users\pperv\code\unnamed_rpg\vendor\json-schema-validator\src\nlohmann/json-schema.hpp:24:
[build] In file included from C:\Users\pperv\code\unnamed_rpg\vendor\json\include\nlohmann/json.hpp:53:
[build] C:\Users\pperv\code\unnamed_rpg\vendor\json\include\nlohmann/detail/input/parser.hpp(504,27): warning: enumeration type in nested name specifier is incompatible with C++98 [-Wc++98-compat]
[build]   504 |         if (last_token == token_type::parse_error)
[build]       |                           ^
[build] C:\Users\pperv\code\unnamed_rpg\vendor\json\include\nlohmann/detail/input/parser.hpp(108,53): note: in instantiation of member function 'nlohmann::detail::parser<nlohmann::basic_json<>, nlohmann::detail::iterator_input_adapter<const char *>>::exception_message' requested here
[build]   108 |                                                     exception_message(token_type::end_of_input, "value"), nullptr));
[build]       |                                                     ^
[build] C:\Users\pperv\code\unnamed_rpg\vendor\json\include\nlohmann/json.hpp(4112,148): note: in instantiation of member function 'nlohmann::detail::parser<nlohmann::basic_json<>, nlohmann::detail::iterator_input_adapter<const char *>>::parse' requested here
[build]  4112 |         parser(detail::input_adapter(std::move(first), std::move(last)), std::move(cb), allow_exceptions, ignore_comments, ignore_trailing_commas).parse(true, result); // cppcheck-suppress[accessMoved]
[build]       |                                                                                                                                                    ^
[build] C:\Users\pperv\code\unnamed_rpg\vendor\json\include\nlohmann/json.hpp(5294,28): note: in instantiation of function template specialization 'nlohmann::basic_json<>::parse<const char *, const char *, 0>' requested here
[build]  5294 |     return nlohmann::json::parse(s, s + n);
[build]       |                            ^
[build] In file included from C:\Users\pperv\code\unnamed_rpg\vendor\json-schema-validator\src\json-validator.cpp:9:
[build] In file included from C:\Users\pperv\code\unnamed_rpg\vendor\json-schema-validator\src\nlohmann/json-schema.hpp:24:
[build] In file included from C:\Users\pperv\code\unnamed_rpg\vendor\json\include\nlohmann/json.hpp:53:
[build] C:\Users\pperv\code\unnamed_rpg\vendor\json\include\nlohmann/detail/input/parser.hpp(514,25): warning: enumeration type in nested name specifier is incompatible with C++98 [-Wc++98-compat]
[build]   514 |         if (expected != token_type::uninitialized)
[build]       |                         ^
[build] In file included from C:\Users\pperv\code\unnamed_rpg\vendor\json-schema-validator\src\json-validator.cpp:9:
[build] In file included from C:\Users\pperv\code\unnamed_rpg\vendor\json-schema-validator\src\nlohmann/json-schema.hpp:24:
[build] In file included from C:\Users\pperv\code\unnamed_rpg\vendor\json\include\nlohmann/json.hpp:50:
[build] In file included from C:\Users\pperv\code\unnamed_rpg\vendor\json\include\nlohmann/detail/input/binary_reader.hpp:29:
[build] In file included from C:\Users\pperv\code\unnamed_rpg\vendor\json\include\nlohmann/detail/input/json_sax.hpp:18:
[build] C:\Users\pperv\code\unnamed_rpg\vendor\json\include\nlohmann/detail/input/lexer.hpp(67,18): warning: enumeration type in nested name specifier is incompatible with C++98 [-Wc++98-compat]
[build]    67 |             case token_type::uninitialized:
[build]       |                  ^
[build] C:\Users\pperv\code\unnamed_rpg\vendor\json\include\nlohmann/detail/input/lexer.hpp(69,18): warning: enumeration type in nested name specifier is incompatible with C++98 [-Wc++98-compat]
[build]    69 |             case token_type::literal_true:
[build]       |                  ^
[build] C:\Users\pperv\code\unnamed_rpg\vendor\json\include\nlohmann/detail/input/lexer.hpp(71,18): warning: enumeration type in nested name specifier is incompatible with C++98 [-Wc++98-compat]
[build]    71 |             case token_type::literal_false:
[build]       |                  ^
[build] C:\Users\pperv\code\unnamed_rpg\vendor\json\include\nlohmann/detail/input/lexer.hpp(73,18): warning: enumeration type in nested name specifier is incompatible with C++98 [-Wc++98-compat]
[build]    73 |             case token_type::literal_null:
[build]       |                  ^
[build] C:\Users\pperv\code\unnamed_rpg\vendor\json\include\nlohmann/detail/input/lexer.hpp(75,18): warning: enumeration type in nested name specifier is incompatible with C++98 [-Wc++98-compat]
[build]    75 |             case token_type::value_string:
[build]       |                  ^
[build] C:\Users\pperv\code\unnamed_rpg\vendor\json\include\nlohmann/detail/input/lexer.hpp(77,18): warning: enumeration type in nested name specifier is incompatible with C++98 [-Wc++98-compat]
[build]    77 |             case token_type::value_unsigned:
[build]       |                  ^
[build] C:\Users\pperv\code\unnamed_rpg\vendor\json\include\nlohmann/detail/input/lexer.hpp(78,18): warning: enumeration type in nested name specifier is incompatible with C++98 [-Wc++98-compat]
[build]    78 |             case token_type::value_integer:
[build]       |                  ^
[build] C:\Users\pperv\code\unnamed_rpg\vendor\json\include\nlohmann/detail/input/lexer.hpp(79,18): warning: enumeration type in nested name specifier is incompatible with C++98 [-Wc++98-compat]
[build]    79 |             case token_type::value_float:
[build]       |                  ^
[build] C:\Users\pperv\code\unnamed_rpg\vendor\json\include\nlohmann/detail/input/lexer.hpp(81,18): warning: enumeration type in nested name specifier is incompatible with C++98 [-Wc++98-compat]
[build]    81 |             case token_type::begin_array:
[build]       |                  ^
[build] C:\Users\pperv\code\unnamed_rpg\vendor\json\include\nlohmann/detail/input/lexer.hpp(83,18): warning: enumeration type in nested name specifier is incompatible with C++98 [-Wc++98-compat]
[build]    83 |             case token_type::begin_object:
[build]       |                  ^
[build] C:\Users\pperv\code\unnamed_rpg\vendor\json\include\nlohmann/detail/input/lexer.hpp(85,18): warning: enumeration type in nested name specifier is incompatible with C++98 [-Wc++98-compat]
[build]    85 |             case token_type::end_array:
[build]       |                  ^
[build] C:\Users\pperv\code\unnamed_rpg\vendor\json\include\nlohmann/detail/input/lexer.hpp(87,18): warning: enumeration type in nested name specifier is incompatible with C++98 [-Wc++98-compat]
[build]    87 |             case token_type::end_object:
[build]       |                  ^
[build] C:\Users\pperv\code\unnamed_rpg\vendor\json\include\nlohmann/detail/input/lexer.hpp(89,18): warning: enumeration type in nested name specifier is incompatible with C++98 [-Wc++98-compat]
[build]    89 |             case token_type::name_separator:
[build]       |                  ^
[build] C:\Users\pperv\code\unnamed_rpg\vendor\json\include\nlohmann/detail/input/lexer.hpp(91,18): warning: enumeration type in nested name specifier is incompatible with C++98 [-Wc++98-compat]
[build]    91 |             case token_type::value_separator:
[build]       |                  ^
[build] C:\Users\pperv\code\unnamed_rpg\vendor\json\include\nlohmann/detail/input/lexer.hpp(93,18): warning: enumeration type in nested name specifier is incompatible with C++98 [-Wc++98-compat]
[build]    93 |             case token_type::parse_error:
[build]       |                  ^
[build] C:\Users\pperv\code\unnamed_rpg\vendor\json\include\nlohmann/detail/input/lexer.hpp(95,18): warning: enumeration type in nested name specifier is incompatible with C++98 [-Wc++98-compat]
[build]    95 |             case token_type::end_of_input:
[build]       |                  ^
[build] C:\Users\pperv\code\unnamed_rpg\vendor\json\include\nlohmann/detail/input/lexer.hpp(97,18): warning: enumeration type in nested name specifier is incompatible with C++98 [-Wc++98-compat]
[build]    97 |             case token_type::literal_or_value:
[build]       |                  ^
[build] C:\Users\pperv\code\unnamed_rpg\vendor\json\include\nlohmann/detail/input/lexer.hpp(67,18): warning: enumeration type in nested name specifier is incompatible with C++98 [-Wc++98-compat]
[build]    67 |             case token_type::uninitialized:
[build]       |                  ^
[build] C:\Users\pperv\code\unnamed_rpg\vendor\json\include\nlohmann/detail/input/parser.hpp(511,57): note: in instantiation of member function 'nlohmann::detail::lexer_base<nlohmann::basic_json<>>::token_type_name' requested here
[build]   511 |             error_msg += concat("unexpected ", lexer_t::token_type_name(last_token));
[build]       |                                                         ^
[build] C:\Users\pperv\code\unnamed_rpg\vendor\json\include\nlohmann/detail/input/parser.hpp(108,53): note: in instantiation of member function 'nlohmann::detail::parser<nlohmann::basic_json<>, nlohmann::detail::iterator_input_adapter<const char *>>::exception_message' requested here
[build]   108 |                                                     exception_message(token_type::end_of_input, "value"), nullptr));
[build]       |                                                     ^
[build] C:\Users\pperv\code\unnamed_rpg\vendor\json\include\nlohmann/json.hpp(4112,148): note: in instantiation of member function 'nlohmann::detail::parser<nlohmann::basic_json<>, nlohmann::detail::iterator_input_adapter<const char *>>::parse' requested here
[build]  4112 |         parser(detail::input_adapter(std::move(first), std::move(last)), std::move(cb), allow_exceptions, ignore_comments, ignore_trailing_commas).parse(true, result); // cppcheck-suppress[accessMoved]
[build]       |                                                                                                                                                    ^
[build] C:\Users\pperv\code\unnamed_rpg\vendor\json\include\nlohmann/json.hpp(5294,28): note: in instantiation of function template specialization 'nlohmann::basic_json<>::parse<const char *, const char *, 0>' requested here
[build]  5294 |     return nlohmann::json::parse(s, s + n);
[build]       |                            ^
[build] In file included from C:\Users\pperv\code\unnamed_rpg\vendor\json-schema-validator\src\json-validator.cpp:9:
[build] In file included from C:\Users\pperv\code\unnamed_rpg\vendor\json-schema-validator\src\nlohmann/json-schema.hpp:24:
[build] In file included from C:\Users\pperv\code\unnamed_rpg\vendor\json\include\nlohmann/json.hpp:50:
[build] In file included from C:\Users\pperv\code\unnamed_rpg\vendor\json\include\nlohmann/detail/input/binary_reader.hpp:29:
[build] In file included from C:\Users\pperv\code\unnamed_rpg\vendor\json\include\nlohmann/detail/input/json_sax.hpp:18:
[build] C:\Users\pperv\code\unnamed_rpg\vendor\json\include\nlohmann/detail/input/lexer.hpp(69,18): warning: enumeration type in nested name specifier is incompatible with C++98 [-Wc++98-compat]
[build]    69 |             case token_type::literal_true:
[build]       |                  ^
[build] C:\Users\pperv\code\unnamed_rpg\vendor\json\include\nlohmann/detail/input/lexer.hpp(71,18): warning: enumeration type in nested name specifier is incompatible with C++98 [-Wc++98-compat]
[build]    71 |             case token_type::literal_false:
[build]       |                  ^
[build] C:\Users\pperv\code\unnamed_rpg\vendor\json\include\nlohmann/detail/input/lexer.hpp(73,18): warning: enumeration type in nested name specifier is incompatible with C++98 [-Wc++98-compat]
[build]    73 |             case token_type::literal_null:
[build]       |                  ^
[build] C:\Users\pperv\code\unnamed_rpg\vendor\json\include\nlohmann/detail/input/lexer.hpp(75,18): warning: enumeration type in nested name specifier is incompatible with C++98 [-Wc++98-compat]
[build]    75 |             case token_type::value_string:
[build]       |                  ^
[build] C:\Users\pperv\code\unnamed_rpg\vendor\json\include\nlohmann/detail/input/lexer.hpp(77,18): warning: enumeration type in nested name specifier is incompatible with C++98 [-Wc++98-compat]
[build]    77 |             case token_type::value_unsigned:
[build]       |                  ^
[build] C:\Users\pperv\code\unnamed_rpg\vendor\json\include\nlohmann/detail/input/lexer.hpp(78,18): warning: enumeration type in nested name specifier is incompatible with C++98 [-Wc++98-compat]
[build]    78 |             case token_type::value_integer:
[build]       |                  ^
[build] C:\Users\pperv\code\unnamed_rpg\vendor\json\include\nlohmann/detail/input/lexer.hpp(79,18): warning: enumeration type in nested name specifier is incompatible with C++98 [-Wc++98-compat]
[build]    79 |             case token_type::value_float:
[build]       |                  ^
[build] C:\Users\pperv\code\unnamed_rpg\vendor\json\include\nlohmann/detail/input/lexer.hpp(81,18): warning: enumeration type in nested name specifier is incompatible with C++98 [-Wc++98-compat]
[build]    81 |             case token_type::begin_array:
[build]       |                  ^
[build] C:\Users\pperv\code\unnamed_rpg\vendor\json\include\nlohmann/detail/input/lexer.hpp(83,18): warning: enumeration type in nested name specifier is incompatible with C++98 [-Wc++98-compat]
[build]    83 |             case token_type::begin_object:
[build]       |                  ^
[build] C:\Users\pperv\code\unnamed_rpg\vendor\json\include\nlohmann/detail/input/lexer.hpp(85,18): warning: enumeration type in nested name specifier is incompatible with C++98 [-Wc++98-compat]
[build]    85 |             case token_type::end_array:
[build]       |                  ^
[build] C:\Users\pperv\code\unnamed_rpg\vendor\json\include\nlohmann/detail/input/lexer.hpp(87,18): warning: enumeration type in nested name specifier is incompatible with C++98 [-Wc++98-compat]
[build]    87 |             case token_type::end_object:
[build]       |                  ^
[build] C:\Users\pperv\code\unnamed_rpg\vendor\json\include\nlohmann/detail/input/lexer.hpp(89,18): warning: enumeration type in nested name specifier is incompatible with C++98 [-Wc++98-compat]
[build]    89 |             case token_type::name_separator:
[build]       |                  ^
[build] C:\Users\pperv\code\unnamed_rpg\vendor\json\include\nlohmann/detail/input/lexer.hpp(91,18): warning: enumeration type in nested name specifier is incompatible with C++98 [-Wc++98-compat]
[build]    91 |             case token_type::value_separator:
[build]       |                  ^
[build] C:\Users\pperv\code\unnamed_rpg\vendor\json\include\nlohmann/detail/input/lexer.hpp(93,18): warning: enumeration type in nested name specifier is incompatible with C++98 [-Wc++98-compat]
[build]    93 |             case token_type::parse_error:
[build]       |                  ^
[build] C:\Users\pperv\code\unnamed_rpg\vendor\json\include\nlohmann/detail/input/lexer.hpp(95,18): warning: enumeration type in nested name specifier is incompatible with C++98 [-Wc++98-compat]
[build]    95 |             case token_type::end_of_input:
[build]       |                  ^
[build] C:\Users\pperv\code\unnamed_rpg\vendor\json\include\nlohmann/detail/input/lexer.hpp(97,18): warning: enumeration type in nested name specifier is incompatible with C++98 [-Wc++98-compat]
[build]    97 |             case token_type::literal_or_value:
[build]       |                  ^
[build] C:\Users\pperv\code\unnamed_rpg\vendor\json\include\nlohmann/detail/input/lexer.hpp(100,13): warning: default label in switch which covers all enumeration values [-Wcovered-switch-default]
[build]   100 |             default: // catch non-enum values
[build]       |             ^
[build] In file included from C:\Users\pperv\code\unnamed_rpg\vendor\json-schema-validator\src\json-validator.cpp:9:
[build] In file included from C:\Users\pperv\code\unnamed_rpg\vendor\json-schema-validator\src\nlohmann/json-schema.hpp:24:
[build] In file included from C:\Users\pperv\code\unnamed_rpg\vendor\json\include\nlohmann/json.hpp:44:
[build] In file included from C:\Users\pperv\code\unnamed_rpg\vendor\json\include\nlohmann/adl_serializer.hpp:14:
[build] In file included from C:\Users\pperv\code\unnamed_rpg\vendor\json\include\nlohmann/detail/conversions/from_json.hpp:24:
[build] C:\Users\pperv\code\unnamed_rpg\vendor\json\include\nlohmann/detail/exceptions.hpp(183,16): warning: generalized initializer lists are incompatible with C++98 [-Wc++98-compat]
[build]   183 |         return {id_, pos.chars_read_total, w.c_str()};
[build]       |                ^~~~~~~~~~~~~~~~~~~~~~~~~~~~~~~~~~~~~~
[build] C:\Users\pperv\code\unnamed_rpg\vendor\json\include\nlohmann/detail/exceptions.hpp(183,16): warning: constructor call from initializer list is incompatible with C++98 [-Wc++98-compat]
[build]   183 |         return {id_, pos.chars_read_total, w.c_str()};
[build]       |                ^~~~~~~~~~~~~~~~~~~~~~~~~~~~~~~~~~~~~~
[build] C:\Users\pperv\code\unnamed_rpg\vendor\json\include\nlohmann/json.hpp(4112,148): note: in instantiation of member function 'nlohmann::detail::parser<nlohmann::basic_json<>, nlohmann::detail::iterator_input_adapter<const char *>>::parse' requested here
[build]  4112 |         parser(detail::input_adapter(std::move(first), std::move(last)), std::move(cb), allow_exceptions, ignore_comments, ignore_trailing_commas).parse(true, result); // cppcheck-suppress[accessMoved]
[build]       |                                                                                                                                                    ^
[build] C:\Users\pperv\code\unnamed_rpg\vendor\json\include\nlohmann/json.hpp(5294,28): note: in instantiation of function template specialization 'nlohmann::basic_json<>::parse<const char *, const char *, 0>' requested here
[build]  5294 |     return nlohmann::json::parse(s, s + n);
[build]       |                            ^
[build] In file included from C:\Users\pperv\code\unnamed_rpg\vendor\json-schema-validator\src\json-validator.cpp:9:
[build] In file included from C:\Users\pperv\code\unnamed_rpg\vendor\json-schema-validator\src\nlohmann/json-schema.hpp:24:
[build] In file included from C:\Users\pperv\code\unnamed_rpg\vendor\json\include\nlohmann/json.hpp:44:
[build] In file included from C:\Users\pperv\code\unnamed_rpg\vendor\json\include\nlohmann/adl_serializer.hpp:14:
[build] In file included from C:\Users\pperv\code\unnamed_rpg\vendor\json\include\nlohmann/detail/conversions/from_json.hpp:24:
[build] C:\Users\pperv\code\unnamed_rpg\vendor\json\include\nlohmann/detail/exceptions.hpp(183,16): warning: constructor call from initializer list is incompatible with C++98 [-Wc++98-compat]
[build]   183 |         return {id_, pos.chars_read_total, w.c_str()};
[build]       |                ^~~~~~~~~~~~~~~~~~~~~~~~~~~~~~~~~~~~~~
[build] C:\Users\pperv\code\unnamed_rpg\vendor\json\include\nlohmann/detail/input/parser.hpp(107,46): note: in instantiation of function template specialization 'nlohmann::detail::parse_error::create<std::nullptr_t, 0>' requested here
[build]   107 |                                 parse_error::create(101, m_lexer.get_position(),
[build]       |                                              ^
[build] C:\Users\pperv\code\unnamed_rpg\vendor\json\include\nlohmann/json.hpp(4112,148): note: in instantiation of member function 'nlohmann::detail::parser<nlohmann::basic_json<>, nlohmann::detail::iterator_input_adapter<const char *>>::parse' requested here
[build]  4112 |         parser(detail::input_adapter(std::move(first), std::move(last)), std::move(cb), allow_exceptions, ignore_comments, ignore_trailing_commas).parse(true, result); // cppcheck-suppress[accessMoved]
[build]       |                                                                                                                                                    ^
[build] C:\Users\pperv\code\unnamed_rpg\vendor\json\include\nlohmann/json.hpp(5294,28): note: in instantiation of function template specialization 'nlohmann::basic_json<>::parse<const char *, const char *, 0>' requested here
[build]  5294 |     return nlohmann::json::parse(s, s + n);
[build]       |                            ^
[build] C:\Users\pperv\code\unnamed_rpg\vendor\json\include\nlohmann/json.hpp(540,30): warning: 'nullptr' is incompatible with C++98 [-Wc++98-compat]
[build]   540 |                     object = nullptr;  // silence warning, see #821
[build]       |                              ^
[build] C:\Users\pperv\code\unnamed_rpg\vendor\json\include\nlohmann/json.hpp(547,30): warning: 'nullptr' is incompatible with C++98 [-Wc++98-compat]
[build]   547 |                     object = nullptr;  // silence warning, see #821
[build]       |                              ^
[build] C:\Users\pperv\code\unnamed_rpg\vendor\json\include\nlohmann/json.hpp(550,112): warning: 'nullptr' is incompatible with C++98 [-Wc++98-compat]
[build]   550 |                         JSON_THROW(other_error::create(500, "961c151d2e87f2686a955a9be24d316f1362bf21 3.12.0", nullptr)); // LCOV_EXCL_LINE
[build]       |                                                                                                                ^
[build] C:\Users\pperv\code\unnamed_rpg\vendor\json\include\nlohmann/json.hpp(545,17): warning: default label in switch which covers all enumeration values [-Wcovered-switch-default]
[build]   545 |                 default:
[build]       |                 ^
[build] C:\Users\pperv\code\unnamed_rpg\vendor\json\include\nlohmann/json.hpp(849,11): note: in instantiation of member function 'nlohmann::basic_json<>::data::data' requested here
[build]   849 |         : m_data(v)
[build]       |           ^
[build] C:\Users\pperv\code\unnamed_rpg\vendor\json\include\nlohmann/detail/input/parser.hpp(114,26): note: in instantiation of member function 'nlohmann::basic_json<>::basic_json' requested here
[build]   114 |                 result = value_t::discarded;
[build]       |                          ^
[build] C:\Users\pperv\code\unnamed_rpg\vendor\json\include\nlohmann/json.hpp(4112,148): note: in instantiation of member function 'nlohmann::detail::parser<nlohmann::basic_json<>, nlohmann::detail::iterator_input_adapter<const char *>>::parse' requested here
[build]  4112 |         parser(detail::input_adapter(std::move(first), std::move(last)), std::move(cb), allow_exceptions, ignore_comments, ignore_trailing_commas).parse(true, result); // cppcheck-suppress[accessMoved]
[build]       |                                                                                                                                                    ^
[build] C:\Users\pperv\code\unnamed_rpg\vendor\json\include\nlohmann/json.hpp(5294,28): note: in instantiation of function template specialization 'nlohmann::basic_json<>::parse<const char *, const char *, 0>' requested here
[build]  5294 |     return nlohmann::json::parse(s, s + n);
[build]       |                            ^
[build] C:\Users\pperv\code\unnamed_rpg\vendor\json\include\nlohmann/json.hpp(490,22): warning: enumeration type in nested name specifier is incompatible with C++98 [-Wc++98-compat]
[build]   490 |                 case value_t::object:
[build]       |                      ^
[build] C:\Users\pperv\code\unnamed_rpg\vendor\json\include\nlohmann/json.hpp(4284,26): note: in instantiation of member function 'nlohmann::basic_json<>::json_value::json_value' requested here
[build]  4284 |             : m_type(v), m_value(v)
[build]       |                          ^
[build] C:\Users\pperv\code\unnamed_rpg\vendor\json\include\nlohmann/json.hpp(849,11): note: in instantiation of member function 'nlohmann::basic_json<>::data::data' requested here
[build]   849 |         : m_data(v)
[build]       |           ^
[build] C:\Users\pperv\code\unnamed_rpg\vendor\json\include\nlohmann/detail/input/parser.hpp(114,26): note: in instantiation of member function 'nlohmann::basic_json<>::basic_json' requested here
[build]   114 |                 result = value_t::discarded;
[build]       |                          ^
[build] C:\Users\pperv\code\unnamed_rpg\vendor\json\include\nlohmann/json.hpp(4112,148): note: in instantiation of member function 'nlohmann::detail::parser<nlohmann::basic_json<>, nlohmann::detail::iterator_input_adapter<const char *>>::parse' requested here
[build]  4112 |         parser(detail::input_adapter(std::move(first), std::move(last)), std::move(cb), allow_exceptions, ignore_comments, ignore_trailing_commas).parse(true, result); // cppcheck-suppress[accessMoved]
[build]       |                                                                                                                                                    ^
[build] C:\Users\pperv\code\unnamed_rpg\vendor\json\include\nlohmann/json.hpp(5294,28): note: in instantiation of function template specialization 'nlohmann::basic_json<>::parse<const char *, const char *, 0>' requested here
[build]  5294 |     return nlohmann::json::parse(s, s + n);
[build]       |                            ^
[build] C:\Users\pperv\code\unnamed_rpg\vendor\json\include\nlohmann/json.hpp(496,22): warning: enumeration type in nested name specifier is incompatible with C++98 [-Wc++98-compat]
[build]   496 |                 case value_t::array:
[build]       |                      ^
[build] C:\Users\pperv\code\unnamed_rpg\vendor\json\include\nlohmann/json.hpp(502,22): warning: enumeration type in nested name specifier is incompatible with C++98 [-Wc++98-compat]
[build]   502 |                 case value_t::string:
[build]       |                      ^
[build] C:\Users\pperv\code\unnamed_rpg\vendor\json\include\nlohmann/json.hpp(508,22): warning: enumeration type in nested name specifier is incompatible with C++98 [-Wc++98-compat]
[build]   508 |                 case value_t::binary:
[build]       |                      ^
[build] C:\Users\pperv\code\unnamed_rpg\vendor\json\include\nlohmann/json.hpp(514,22): warning: enumeration type in nested name specifier is incompatible with C++98 [-Wc++98-compat]
[build]   514 |                 case value_t::boolean:
[build]       |                      ^
[build] C:\Users\pperv\code\unnamed_rpg\vendor\json\include\nlohmann/json.hpp(520,22): warning: enumeration type in nested name specifier is incompatible with C++98 [-Wc++98-compat]
[build]   520 |                 case value_t::number_integer:
[build]       |                      ^
[build] C:\Users\pperv\code\unnamed_rpg\vendor\json\include\nlohmann/json.hpp(526,22): warning: enumeration type in nested name specifier is incompatible with C++98 [-Wc++98-compat]
[build]   526 |                 case value_t::number_unsigned:
[build]       |                      ^
[build] C:\Users\pperv\code\unnamed_rpg\vendor\json\include\nlohmann/json.hpp(532,22): warning: enumeration type in nested name specifier is incompatible with C++98 [-Wc++98-compat]
[build]   532 |                 case value_t::number_float:
[build]       |                      ^
[build] C:\Users\pperv\code\unnamed_rpg\vendor\json\include\nlohmann/json.hpp(538,22): warning: enumeration type in nested name specifier is incompatible with C++98 [-Wc++98-compat]
[build]   538 |                 case value_t::null:
[build]       |                      ^
[build] C:\Users\pperv\code\unnamed_rpg\vendor\json\include\nlohmann/json.hpp(544,22): warning: enumeration type in nested name specifier is incompatible with C++98 [-Wc++98-compat]
[build]   544 |                 case value_t::discarded:
[build]       |                      ^
[build] C:\Users\pperv\code\unnamed_rpg\vendor\json\include\nlohmann/json.hpp(548,51): warning: enumeration type in nested name specifier is incompatible with C++98 [-Wc++98-compat]
[build]   548 |                     if (JSON_HEDLEY_UNLIKELY(t == value_t::null))
[build]       |                                                   ^
[build] C:\Users\pperv\code\unnamed_rpg\vendor\json\include\nlohmann/json.hpp(545,17): warning: default label in switch which covers all enumeration values [-Wcovered-switch-default]
[build]   545 |                 default:
[build]       |                 ^
[build] C:\Users\pperv\code\unnamed_rpg\vendor\json\include\nlohmann/json.hpp(420,28): warning: local type '(lambda at C:\Users\pperv\code\unnamed_rpg\vendor\json\include\nlohmann\json.hpp:416:24)' as template argument is incompatible with C++98 [-Wc++98-compat-local-type-template-args]
[build]   420 |         std::unique_ptr<T, decltype(deleter)> obj(AllocatorTraits::allocate(alloc, 1), deleter);
[build]       |                            ^~~~~~~~~~~~~~~~~
[build] C:\Users\pperv\code\unnamed_rpg\vendor\json\include\nlohmann/json.hpp(492,30): note: in instantiation of function template specialization 'nlohmann::basic_json<>::create<std::map<std::basic_string<char>, nlohmann::basic_json<>, std::less<void>>>' requested here
[build]   492 |                     object = create<object_t>();
[build]       |                              ^
[build] C:\Users\pperv\code\unnamed_rpg\vendor\json\include\nlohmann/json.hpp(4284,26): note: in instantiation of member function 'nlohmann::basic_json<>::json_value::json_value' requested here
[build]  4284 |             : m_type(v), m_value(v)
[build]       |                          ^
[build] C:\Users\pperv\code\unnamed_rpg\vendor\json\include\nlohmann/json.hpp(849,11): note: in instantiation of member function 'nlohmann::basic_json<>::data::data' requested here
[build]   849 |         : m_data(v)
[build]       |           ^
[build] C:\Users\pperv\code\unnamed_rpg\vendor\json\include\nlohmann/detail/input/parser.hpp(114,26): note: in instantiation of member function 'nlohmann::basic_json<>::basic_json' requested here
[build]   114 |                 result = value_t::discarded;
[build]       |                          ^
[build] C:\Users\pperv\code\unnamed_rpg\vendor\json\include\nlohmann/json.hpp(4112,148): note: in instantiation of member function 'nlohmann::detail::parser<nlohmann::basic_json<>, nlohmann::detail::iterator_input_adapter<const char *>>::parse' requested here
[build]  4112 |         parser(detail::input_adapter(std::move(first), std::move(last)), std::move(cb), allow_exceptions, ignore_comments, ignore_trailing_commas).parse(true, result); // cppcheck-suppress[accessMoved]
[build]       |                                                                                                                                                    ^
[build] C:\Users\pperv\code\unnamed_rpg\vendor\json\include\nlohmann/json.hpp(5294,28): note: in instantiation of function template specialization 'nlohmann::basic_json<>::parse<const char *, const char *, 0>' requested here
[build]  5294 |     return nlohmann::json::parse(s, s + n);
[build]       |                            ^
[build] C:\Users\pperv\code\unnamed_rpg\vendor\json\include\nlohmann/json.hpp(420,28): warning: local type '(lambda at C:\Users\pperv\code\unnamed_rpg\vendor\json\include\nlohmann\json.hpp:416:24)' as template argument is incompatible with C++98 [-Wc++98-compat-local-type-template-args]
[build]   420 |         std::unique_ptr<T, decltype(deleter)> obj(AllocatorTraits::allocate(alloc, 1), deleter);
[build]       |                            ^~~~~~~~~~~~~~~~~
[build] C:\Users\pperv\code\unnamed_rpg\vendor\json\include\nlohmann/json.hpp(498,29): note: in instantiation of function template specialization 'nlohmann::basic_json<>::create<std::vector<nlohmann::basic_json<>>>' requested here
[build]   498 |                     array = create<array_t>();
[build]       |                             ^
[build] C:\Users\pperv\code\unnamed_rpg\vendor\json\include\nlohmann/json.hpp(4284,26): note: in instantiation of member function 'nlohmann::basic_json<>::json_value::json_value' requested here
[build]  4284 |             : m_type(v), m_value(v)
[build]       |                          ^
[build] C:\Users\pperv\code\unnamed_rpg\vendor\json\include\nlohmann/json.hpp(849,11): note: in instantiation of member function 'nlohmann::basic_json<>::data::data' requested here
[build]   849 |         : m_data(v)
[build]       |           ^
[build] C:\Users\pperv\code\unnamed_rpg\vendor\json\include\nlohmann/detail/input/parser.hpp(114,26): note: in instantiation of member function 'nlohmann::basic_json<>::basic_json' requested here
[build]   114 |                 result = value_t::discarded;
[build]       |                          ^
[build] C:\Users\pperv\code\unnamed_rpg\vendor\json\include\nlohmann/json.hpp(4112,148): note: in instantiation of member function 'nlohmann::detail::parser<nlohmann::basic_json<>, nlohmann::detail::iterator_input_adapter<const char *>>::parse' requested here
[build]  4112 |         parser(detail::input_adapter(std::move(first), std::move(last)), std::move(cb), allow_exceptions, ignore_comments, ignore_trailing_commas).parse(true, result); // cppcheck-suppress[accessMoved]
[build]       |                                                                                                                                                    ^
[build] C:\Users\pperv\code\unnamed_rpg\vendor\json\include\nlohmann/json.hpp(5294,28): note: in instantiation of function template specialization 'nlohmann::basic_json<>::parse<const char *, const char *, 0>' requested here
[build]  5294 |     return nlohmann::json::parse(s, s + n);
[build]       |                            ^
[build] C:\Users\pperv\code\unnamed_rpg\vendor\json\include\nlohmann/json.hpp(420,28): warning: local type '(lambda at C:\Users\pperv\code\unnamed_rpg\vendor\json\include\nlohmann\json.hpp:416:24)' as template argument is incompatible with C++98 [-Wc++98-compat-local-type-template-args]
[build]   420 |         std::unique_ptr<T, decltype(deleter)> obj(AllocatorTraits::allocate(alloc, 1), deleter);
[build]       |                            ^~~~~~~~~~~~~~~~~
[build] C:\Users\pperv\code\unnamed_rpg\vendor\json\include\nlohmann/json.hpp(504,30): note: in instantiation of function template specialization 'nlohmann::basic_json<>::create<std::basic_string<char>, const char (&)[1]>' requested here
[build]   504 |                     string = create<string_t>("");
[build]       |                              ^
[build] C:\Users\pperv\code\unnamed_rpg\vendor\json\include\nlohmann/json.hpp(4284,26): note: in instantiation of member function 'nlohmann::basic_json<>::json_value::json_value' requested here
[build]  4284 |             : m_type(v), m_value(v)
[build]       |                          ^
[build] C:\Users\pperv\code\unnamed_rpg\vendor\json\include\nlohmann/json.hpp(849,11): note: in instantiation of member function 'nlohmann::basic_json<>::data::data' requested here
[build]   849 |         : m_data(v)
[build]       |           ^
[build] C:\Users\pperv\code\unnamed_rpg\vendor\json\include\nlohmann/detail/input/parser.hpp(114,26): note: in instantiation of member function 'nlohmann::basic_json<>::basic_json' requested here
[build]   114 |                 result = value_t::discarded;
[build]       |                          ^
[build] C:\Users\pperv\code\unnamed_rpg\vendor\json\include\nlohmann/json.hpp(4112,148): note: in instantiation of member function 'nlohmann::detail::parser<nlohmann::basic_json<>, nlohmann::detail::iterator_input_adapter<const char *>>::parse' requested here
[build]  4112 |         parser(detail::input_adapter(std::move(first), std::move(last)), std::move(cb), allow_exceptions, ignore_comments, ignore_trailing_commas).parse(true, result); // cppcheck-suppress[accessMoved]
[build]       |                                                                                                                                                    ^
[build] C:\Users\pperv\code\unnamed_rpg\vendor\json\include\nlohmann/json.hpp(5294,28): note: in instantiation of function template specialization 'nlohmann::basic_json<>::parse<const char *, const char *, 0>' requested here
[build]  5294 |     return nlohmann::json::parse(s, s + n);
[build]       |                            ^
[build] C:\Users\pperv\code\unnamed_rpg\vendor\json\include\nlohmann/json.hpp(420,28): warning: local type '(lambda at C:\Users\pperv\code\unnamed_rpg\vendor\json\include\nlohmann\json.hpp:416:24)' as template argument is incompatible with C++98 [-Wc++98-compat-local-type-template-args]
[build]   420 |         std::unique_ptr<T, decltype(deleter)> obj(AllocatorTraits::allocate(alloc, 1), deleter);
[build]       |                            ^~~~~~~~~~~~~~~~~
[build] C:\Users\pperv\code\unnamed_rpg\vendor\json\include\nlohmann/json.hpp(510,30): note: in instantiation of function template specialization 'nlohmann::basic_json<>::create<nlohmann::byte_container_with_subtype<std::vector<unsigned char>>>' requested here
[build]   510 |                     binary = create<binary_t>();
[build]       |                              ^
[build] C:\Users\pperv\code\unnamed_rpg\vendor\json\include\nlohmann/json.hpp(4284,26): note: in instantiation of member function 'nlohmann::basic_json<>::json_value::json_value' requested here
[build]  4284 |             : m_type(v), m_value(v)
[build]       |                          ^
[build] C:\Users\pperv\code\unnamed_rpg\vendor\json\include\nlohmann/json.hpp(849,11): note: in instantiation of member function 'nlohmann::basic_json<>::data::data' requested here
[build]   849 |         : m_data(v)
[build]       |           ^
[build] C:\Users\pperv\code\unnamed_rpg\vendor\json\include\nlohmann/detail/input/parser.hpp(114,26): note: in instantiation of member function 'nlohmann::basic_json<>::basic_json' requested here
[build]   114 |                 result = value_t::discarded;
[build]       |                          ^
[build] C:\Users\pperv\code\unnamed_rpg\vendor\json\include\nlohmann/json.hpp(4112,148): note: in instantiation of member function 'nlohmann::detail::parser<nlohmann::basic_json<>, nlohmann::detail::iterator_input_adapter<const char *>>::parse' requested here
[build]  4112 |         parser(detail::input_adapter(std::move(first), std::move(last)), std::move(cb), allow_exceptions, ignore_comments, ignore_trailing_commas).parse(true, result); // cppcheck-suppress[accessMoved]
[build]       |                                                                                                                                                    ^
[build] C:\Users\pperv\code\unnamed_rpg\vendor\json\include\nlohmann/json.hpp(5294,28): note: in instantiation of function template specialization 'nlohmann::basic_json<>::parse<const char *, const char *, 0>' requested here
[build]  5294 |     return nlohmann::json::parse(s, s + n);
[build]       |                            ^
[build] In file included from C:\Users\pperv\code\unnamed_rpg\vendor\json-schema-validator\src\json-validator.cpp:9:
[build] In file included from C:\Users\pperv\code\unnamed_rpg\vendor\json-schema-validator\src\nlohmann/json-schema.hpp:24:
[build] In file included from C:\Users\pperv\code\unnamed_rpg\vendor\json\include\nlohmann/json.hpp:44:
[build] In file included from C:\Users\pperv\code\unnamed_rpg\vendor\json\include\nlohmann/adl_serializer.hpp:14:
[build] In file included from C:\Users\pperv\code\unnamed_rpg\vendor\json\include\nlohmann/detail/conversions/from_json.hpp:24:
[build] C:\Users\pperv\code\unnamed_rpg\vendor\json\include\nlohmann/detail/exceptions.hpp(278,16): warning: generalized initializer lists are incompatible with C++98 [-Wc++98-compat]
[build]   278 |         return {id_, w.c_str()};
[build]       |                ^~~~~~~~~~~~~~~~
[build] C:\Users\pperv\code\unnamed_rpg\vendor\json\include\nlohmann/detail/exceptions.hpp(278,16): warning: constructor call from initializer list is incompatible with C++98 [-Wc++98-compat]
[build]   278 |         return {id_, w.c_str()};
[build]       |                ^~~~~~~~~~~~~~~~
[build] C:\Users\pperv\code\unnamed_rpg\vendor\json\include\nlohmann/json.hpp(4284,26): note: in instantiation of member function 'nlohmann::basic_json<>::json_value::json_value' requested here
[build]  4284 |             : m_type(v), m_value(v)
[build]       |                          ^
[build] C:\Users\pperv\code\unnamed_rpg\vendor\json\include\nlohmann/json.hpp(849,11): note: in instantiation of member function 'nlohmann::basic_json<>::data::data' requested here
[build]   849 |         : m_data(v)
[build]       |           ^
[build] C:\Users\pperv\code\unnamed_rpg\vendor\json\include\nlohmann/detail/input/parser.hpp(114,26): note: in instantiation of member function 'nlohmann::basic_json<>::basic_json' requested here
[build]   114 |                 result = value_t::discarded;
[build]       |                          ^
[build] C:\Users\pperv\code\unnamed_rpg\vendor\json\include\nlohmann/json.hpp(4112,148): note: in instantiation of member function 'nlohmann::detail::parser<nlohmann::basic_json<>, nlohmann::detail::iterator_input_adapter<const char *>>::parse' requested here
[build]  4112 |         parser(detail::input_adapter(std::move(first), std::move(last)), std::move(cb), allow_exceptions, ignore_comments, ignore_trailing_commas).parse(true, result); // cppcheck-suppress[accessMoved]
[build]       |                                                                                                                                                    ^
[build] C:\Users\pperv\code\unnamed_rpg\vendor\json\include\nlohmann/json.hpp(5294,28): note: in instantiation of function template specialization 'nlohmann::basic_json<>::parse<const char *, const char *, 0>' requested here
[build]  5294 |     return nlohmann::json::parse(s, s + n);
[build]       |                            ^
[build] In file included from C:\Users\pperv\code\unnamed_rpg\vendor\json-schema-validator\src\json-validator.cpp:9:
[build] In file included from C:\Users\pperv\code\unnamed_rpg\vendor\json-schema-validator\src\nlohmann/json-schema.hpp:24:
[build] In file included from C:\Users\pperv\code\unnamed_rpg\vendor\json\include\nlohmann/json.hpp:44:
[build] In file included from C:\Users\pperv\code\unnamed_rpg\vendor\json\include\nlohmann/adl_serializer.hpp:14:
[build] In file included from C:\Users\pperv\code\unnamed_rpg\vendor\json\include\nlohmann/detail/conversions/from_json.hpp:24:
[build] C:\Users\pperv\code\unnamed_rpg\vendor\json\include\nlohmann/detail/exceptions.hpp(278,16): warning: constructor call from initializer list is incompatible with C++98 [-Wc++98-compat]
[build]   278 |         return {id_, w.c_str()};
[build]       |                ^~~~~~~~~~~~~~~~
[build] C:\Users\pperv\code\unnamed_rpg\vendor\json\include\nlohmann/json.hpp(550,49): note: in instantiation of function template specialization 'nlohmann::detail::other_error::create<std::nullptr_t, 0>' requested here
[build]   550 |                         JSON_THROW(other_error::create(500, "961c151d2e87f2686a955a9be24d316f1362bf21 3.12.0", nullptr)); // LCOV_EXCL_LINE
[build]       |                                                 ^
[build] C:\Users\pperv\code\unnamed_rpg\vendor\json\include\nlohmann/detail/macro_scope.hpp(198,41): note: expanded from macro 'JSON_THROW'
[build]   198 |     #define JSON_THROW(exception) throw exception
[build]       |                                         ^
[build] C:\Users\pperv\code\unnamed_rpg\vendor\json\include\nlohmann/json.hpp(4284,26): note: in instantiation of member function 'nlohmann::basic_json<>::json_value::json_value' requested here
[build]  4284 |             : m_type(v), m_value(v)
[build]       |                          ^
[build] C:\Users\pperv\code\unnamed_rpg\vendor\json\include\nlohmann/json.hpp(849,11): note: in instantiation of member function 'nlohmann::basic_json<>::data::data' requested here
[build]   849 |         : m_data(v)
[build]       |           ^
[build] C:\Users\pperv\code\unnamed_rpg\vendor\json\include\nlohmann/detail/input/parser.hpp(114,26): note: in instantiation of member function 'nlohmann::basic_json<>::basic_json' requested here
[build]   114 |                 result = value_t::discarded;
[build]       |                          ^
[build] C:\Users\pperv\code\unnamed_rpg\vendor\json\include\nlohmann/json.hpp(4112,148): note: in instantiation of member function 'nlohmann::detail::parser<nlohmann::basic_json<>, nlohmann::detail::iterator_input_adapter<const char *>>::parse' requested here
[build]  4112 |         parser(detail::input_adapter(std::move(first), std::move(last)), std::move(cb), allow_exceptions, ignore_comments, ignore_trailing_commas).parse(true, result); // cppcheck-suppress[accessMoved]
[build]       |                                                                                                                                                    ^
[build] C:\Users\pperv\code\unnamed_rpg\vendor\json\include\nlohmann/json.hpp(5294,28): note: in instantiation of function template specialization 'nlohmann::basic_json<>::parse<const char *, const char *, 0>' requested here
[build]  5294 |     return nlohmann::json::parse(s, s + n);
[build]       |                            ^
[build] In file included from C:\Users\pperv\code\unnamed_rpg\vendor\json-schema-validator\src\json-validator.cpp:9:
[build] In file included from C:\Users\pperv\code\unnamed_rpg\vendor\json-schema-validator\src\nlohmann/json-schema.hpp:24:
[build] In file included from C:\Users\pperv\code\unnamed_rpg\vendor\json\include\nlohmann/json.hpp:50:
[build] In file included from C:\Users\pperv\code\unnamed_rpg\vendor\json\include\nlohmann/detail/input/binary_reader.hpp:29:
[build] C:\Users\pperv\code\unnamed_rpg\vendor\json\include\nlohmann/detail/input/json_sax.hpp(463,43): warning: constructor call from initializer list is incompatible with C++98 [-Wc++98-compat]
[build]   463 |     std::vector<BasicJsonType*> ref_stack {};
[build]       |                                           ^~
[build] C:\Users\pperv\code\unnamed_rpg\vendor\json\include\nlohmann/detail/input/json_sax.hpp(182,14): note: in instantiation of default member initializer 'nlohmann::detail::json_sax_dom_parser<nlohmann::basic_json<>, nlohmann::detail::iterator_input_adapter<const char *>>::ref_stack' requested here
[build]   182 |     explicit json_sax_dom_parser(BasicJsonType& r, const bool allow_exceptions_ = true, lexer_t* lexer_ = nullptr)
[build]       |              ^
[build] C:\Users\pperv\code\unnamed_rpg\vendor\json\include\nlohmann/detail/input/parser.hpp(127,66): note: in instantiation of member function 'nlohmann::detail::json_sax_dom_parser<nlohmann::basic_json<>, nlohmann::detail::iterator_input_adapter<const char *>>::json_sax_dom_parser' requested here
[build]   127 |             json_sax_dom_parser<BasicJsonType, InputAdapterType> sdp(result, allow_exceptions, &m_lexer);
[build]       |                                                                  ^
[build] C:\Users\pperv\code\unnamed_rpg\vendor\json\include\nlohmann/json.hpp(4112,148): note: in instantiation of member function 'nlohmann::detail::parser<nlohmann::basic_json<>, nlohmann::detail::iterator_input_adapter<const char *>>::parse' requested here
[build]  4112 |         parser(detail::input_adapter(std::move(first), std::move(last)), std::move(cb), allow_exceptions, ignore_comments, ignore_trailing_commas).parse(true, result); // cppcheck-suppress[accessMoved]
[build]       |                                                                                                                                                    ^
[build] C:\Users\pperv\code\unnamed_rpg\vendor\json\include\nlohmann/json.hpp(5294,28): note: in instantiation of function template specialization 'nlohmann::basic_json<>::parse<const char *, const char *, 0>' requested here
[build]  5294 |     return nlohmann::json::parse(s, s + n);
[build]       |                            ^
[build] In file included from C:\Users\pperv\code\unnamed_rpg\vendor\json-schema-validator\src\json-validator.cpp:9:
[build] In file included from C:\Users\pperv\code\unnamed_rpg\vendor\json-schema-validator\src\nlohmann/json-schema.hpp:24:
[build] In file included from C:\Users\pperv\code\unnamed_rpg\vendor\json\include\nlohmann/json.hpp:53:
[build] C:\Users\pperv\code\unnamed_rpg\vendor\json\include\nlohmann/detail/input/parser.hpp(197,26): warning: enumeration type in nested name specifier is incompatible with C++98 [-Wc++98-compat]
[build]   197 |                     case token_type::begin_object:
[build]       |                          ^
[build] C:\Users\pperv\code\unnamed_rpg\vendor\json\include\nlohmann/detail/input/parser.hpp(128,13): note: in instantiation of function template specialization 'nlohmann::detail::parser<nlohmann::basic_json<>, nlohmann::detail::iterator_input_adapter<const char *>>::sax_parse_internal<nlohmann::detail::json_sax_dom_parser<nlohmann::basic_json<>, nlohmann::detail::iterator_input_adapter<const char *>>>' requested here
[build]   128 |             sax_parse_internal(&sdp);
[build]       |             ^
[build] C:\Users\pperv\code\unnamed_rpg\vendor\json\include\nlohmann/json.hpp(4112,148): note: in instantiation of member function 'nlohmann::detail::parser<nlohmann::basic_json<>, nlohmann::detail::iterator_input_adapter<const char *>>::parse' requested here
[build]  4112 |         parser(detail::input_adapter(std::move(first), std::move(last)), std::move(cb), allow_exceptions, ignore_comments, ignore_trailing_commas).parse(true, result); // cppcheck-suppress[accessMoved]
[build]       |                                                                                                                                                    ^
[build] C:\Users\pperv\code\unnamed_rpg\vendor\json\include\nlohmann/json.hpp(5294,28): note: in instantiation of function template specialization 'nlohmann::basic_json<>::parse<const char *, const char *, 0>' requested here
[build]  5294 |     return nlohmann::json::parse(s, s + n);
[build]       |                            ^
[build] In file included from C:\Users\pperv\code\unnamed_rpg\vendor\json-schema-validator\src\json-validator.cpp:9:
[build] In file included from C:\Users\pperv\code\unnamed_rpg\vendor\json-schema-validator\src\nlohmann/json-schema.hpp:24:
[build] In file included from C:\Users\pperv\code\unnamed_rpg\vendor\json\include\nlohmann/json.hpp:53:
[build] C:\Users\pperv\code\unnamed_rpg\vendor\json\include\nlohmann/detail/input/parser.hpp(205,44): warning: enumeration type in nested name specifier is incompatible with C++98 [-Wc++98-compat]
[build]   205 |                         if (get_token() == token_type::end_object)
[build]       |                                            ^
[build] C:\Users\pperv\code\unnamed_rpg\vendor\json\include\nlohmann/detail/input/parser.hpp(215,64): warning: enumeration type in nested name specifier is incompatible with C++98 [-Wc++98-compat]
[build]   215 |                         if (JSON_HEDLEY_UNLIKELY(last_token != token_type::value_string))
[build]       |                                                                ^
[build] C:\Users\pperv\code\unnamed_rpg\vendor\json\include\nlohmann/detail/input/parser.hpp(219,120): warning: enumeration type in nested name specifier is incompatible with C++98 [-Wc++98-compat]
[build]   219 |                                                     parse_error::create(101, m_lexer.get_position(), exception_message(token_type::value_string, "object key"), nullptr));
[build]       |                                                                                                                        ^
[build] C:\Users\pperv\code\unnamed_rpg\vendor\json\include\nlohmann/detail/input/parser.hpp(227,65): warning: enumeration type in nested name specifier is incompatible with C++98 [-Wc++98-compat]
[build]   227 |                         if (JSON_HEDLEY_UNLIKELY(get_token() != token_type::name_separator))
[build]       |                                                                 ^
[build] C:\Users\pperv\code\unnamed_rpg\vendor\json\include\nlohmann/detail/input/parser.hpp(231,120): warning: enumeration type in nested name specifier is incompatible with C++98 [-Wc++98-compat]
[build]   231 |                                                     parse_error::create(101, m_lexer.get_position(), exception_message(token_type::name_separator, "object separator"), nullptr));
[build]       |                                                                                                                        ^
[build] C:\Users\pperv\code\unnamed_rpg\vendor\json\include\nlohmann/detail/input/parser.hpp(242,26): warning: enumeration type in nested name specifier is incompatible with C++98 [-Wc++98-compat]
[build]   242 |                     case token_type::begin_array:
[build]       |                          ^
[build] C:\Users\pperv\code\unnamed_rpg\vendor\json\include\nlohmann/detail/input/parser.hpp(250,44): warning: enumeration type in nested name specifier is incompatible with C++98 [-Wc++98-compat]
[build]   250 |                         if (get_token() == token_type::end_array)
[build]       |                                            ^
[build] C:\Users\pperv\code\unnamed_rpg\vendor\json\include\nlohmann/detail/input/parser.hpp(266,26): warning: enumeration type in nested name specifier is incompatible with C++98 [-Wc++98-compat]
[build]   266 |                     case token_type::value_float:
[build]       |                          ^
[build] C:\Users\pperv\code\unnamed_rpg\vendor\json\include\nlohmann/detail/input/parser.hpp(285,26): warning: enumeration type in nested name specifier is incompatible with C++98 [-Wc++98-compat]
[build]   285 |                     case token_type::literal_false:
[build]       |                          ^
[build] C:\Users\pperv\code\unnamed_rpg\vendor\json\include\nlohmann/detail/input/parser.hpp(294,26): warning: enumeration type in nested name specifier is incompatible with C++98 [-Wc++98-compat]
[build]   294 |                     case token_type::literal_null:
[build]       |                          ^
[build] C:\Users\pperv\code\unnamed_rpg\vendor\json\include\nlohmann/detail/input/parser.hpp(303,26): warning: enumeration type in nested name specifier is incompatible with C++98 [-Wc++98-compat]
[build]   303 |                     case token_type::literal_true:
[build]       |                          ^
[build] C:\Users\pperv\code\unnamed_rpg\vendor\json\include\nlohmann/detail/input/parser.hpp(312,26): warning: enumeration type in nested name specifier is incompatible with C++98 [-Wc++98-compat]
[build]   312 |                     case token_type::value_integer:
[build]       |                          ^
[build] C:\Users\pperv\code\unnamed_rpg\vendor\json\include\nlohmann/detail/input/parser.hpp(321,26): warning: enumeration type in nested name specifier is incompatible with C++98 [-Wc++98-compat]
[build]   321 |                     case token_type::value_string:
[build]       |                          ^
[build] C:\Users\pperv\code\unnamed_rpg\vendor\json\include\nlohmann/detail/input/parser.hpp(330,26): warning: enumeration type in nested name specifier is incompatible with C++98 [-Wc++98-compat]
[build]   330 |                     case token_type::value_unsigned:
[build]       |                          ^
[build] C:\Users\pperv\code\unnamed_rpg\vendor\json\include\nlohmann/detail/input/parser.hpp(339,26): warning: enumeration type in nested name specifier is incompatible with C++98 [-Wc++98-compat]
[build]   339 |                     case token_type::parse_error:
[build]       |                          ^
[build] C:\Users\pperv\code\unnamed_rpg\vendor\json\include\nlohmann/detail/input/parser.hpp(344,116): warning: enumeration type in nested name specifier is incompatible with C++98 [-Wc++98-compat]
[build]   344 |                                                 parse_error::create(101, m_lexer.get_position(), exception_message(token_type::uninitialized, "value"), nullptr));
[build]       |                                                                                                                    ^
[build] C:\Users\pperv\code\unnamed_rpg\vendor\json\include\nlohmann/detail/input/parser.hpp(346,26): warning: enumeration type in nested name specifier is incompatible with C++98 [-Wc++98-compat]
[build]   346 |                     case token_type::end_of_input:
[build]       |                          ^
[build] C:\Users\pperv\code\unnamed_rpg\vendor\json\include\nlohmann/detail/input/parser.hpp(358,116): warning: enumeration type in nested name specifier is incompatible with C++98 [-Wc++98-compat]
[build]   358 |                                                 parse_error::create(101, m_lexer.get_position(), exception_message(token_type::literal_or_value, "value"), nullptr));
[build]       |                                                                                                                    ^
[build] C:\Users\pperv\code\unnamed_rpg\vendor\json\include\nlohmann/detail/input/parser.hpp(360,26): warning: enumeration type in nested name specifier is incompatible with C++98 [-Wc++98-compat]
[build]   360 |                     case token_type::uninitialized:
[build]       |                          ^
[build] C:\Users\pperv\code\unnamed_rpg\vendor\json\include\nlohmann/detail/input/parser.hpp(361,26): warning: enumeration type in nested name specifier is incompatible with C++98 [-Wc++98-compat]
[build]   361 |                     case token_type::end_array:
[build]       |                          ^
[build] C:\Users\pperv\code\unnamed_rpg\vendor\json\include\nlohmann/detail/input/parser.hpp(362,26): warning: enumeration type in nested name specifier is incompatible with C++98 [-Wc++98-compat]
[build]   362 |                     case token_type::end_object:
[build]       |                          ^
[build] C:\Users\pperv\code\unnamed_rpg\vendor\json\include\nlohmann/detail/input/parser.hpp(363,26): warning: enumeration type in nested name specifier is incompatible with C++98 [-Wc++98-compat]
[build]   363 |                     case token_type::name_separator:
[build]       |                          ^
[build] C:\Users\pperv\code\unnamed_rpg\vendor\json\include\nlohmann/detail/input/parser.hpp(364,26): warning: enumeration type in nested name specifier is incompatible with C++98 [-Wc++98-compat]
[build]   364 |                     case token_type::value_separator:
[build]       |                          ^
[build] C:\Users\pperv\code\unnamed_rpg\vendor\json\include\nlohmann/detail/input/parser.hpp(365,26): warning: enumeration type in nested name specifier is incompatible with C++98 [-Wc++98-compat]
[build]   365 |                     case token_type::literal_or_value:
[build]       |                          ^
[build] C:\Users\pperv\code\unnamed_rpg\vendor\json\include\nlohmann/detail/input/parser.hpp(370,116): warning: enumeration type in nested name specifier is incompatible with C++98 [-Wc++98-compat]
[build]   370 |                                                 parse_error::create(101, m_lexer.get_position(), exception_message(token_type::literal_or_value, "value"), nullptr));
[build]       |                                                                                                                    ^
[build] C:\Users\pperv\code\unnamed_rpg\vendor\json\include\nlohmann/detail/input/parser.hpp(366,21): warning: default label in switch which covers all enumeration values [-Wcovered-switch-default]
[build]   366 |                     default: // the last token was unexpected
[build]       |                     ^
[build] C:\Users\pperv\code\unnamed_rpg\vendor\json\include\nlohmann/detail/input/parser.hpp(390,36): warning: enumeration type in nested name specifier is incompatible with C++98 [-Wc++98-compat]
[build]   390 |                 if (get_token() == token_type::value_separator)
[build]       |                                    ^
[build] C:\Users\pperv\code\unnamed_rpg\vendor\json\include\nlohmann/detail/input/parser.hpp(396,67): warning: enumeration type in nested name specifier is incompatible with C++98 [-Wc++98-compat]
[build]   396 |                     if (!(ignore_trailing_commas && last_token == token_type::end_array))
[build]       |                                                                   ^
[build] C:\Users\pperv\code\unnamed_rpg\vendor\json\include\nlohmann/detail/input/parser.hpp(403,54): warning: enumeration type in nested name specifier is incompatible with C++98 [-Wc++98-compat]
[build]   403 |                 if (JSON_HEDLEY_LIKELY(last_token == token_type::end_array))
[build]       |                                                      ^
[build] C:\Users\pperv\code\unnamed_rpg\vendor\json\include\nlohmann/detail/input/parser.hpp(422,108): warning: enumeration type in nested name specifier is incompatible with C++98 [-Wc++98-compat]
[build]   422 |                                         parse_error::create(101, m_lexer.get_position(), exception_message(token_type::end_array, "array"), nullptr));
[build]       |                                                                                                            ^
[build] C:\Users\pperv\code\unnamed_rpg\vendor\json\include\nlohmann/detail/input/parser.hpp(429,32): warning: enumeration type in nested name specifier is incompatible with C++98 [-Wc++98-compat]
[build]   429 |             if (get_token() == token_type::value_separator)
[build]       |                                ^
[build] C:\Users\pperv\code\unnamed_rpg\vendor\json\include\nlohmann/detail/input/parser.hpp(434,63): warning: enumeration type in nested name specifier is incompatible with C++98 [-Wc++98-compat]
[build]   434 |                 if (!(ignore_trailing_commas && last_token == token_type::end_object))
[build]       |                                                               ^
[build] C:\Users\pperv\code\unnamed_rpg\vendor\json\include\nlohmann/detail/input/parser.hpp(437,60): warning: enumeration type in nested name specifier is incompatible with C++98 [-Wc++98-compat]
[build]   437 |                     if (JSON_HEDLEY_UNLIKELY(last_token != token_type::value_string))
[build]       |                                                            ^
[build] C:\Users\pperv\code\unnamed_rpg\vendor\json\include\nlohmann/detail/input/parser.hpp(441,116): warning: enumeration type in nested name specifier is incompatible with C++98 [-Wc++98-compat]
[build]   441 |                                                 parse_error::create(101, m_lexer.get_position(), exception_message(token_type::value_string, "object key"), nullptr));
[build]       |                                                                                                                    ^
[build] C:\Users\pperv\code\unnamed_rpg\vendor\json\include\nlohmann/detail/input/parser.hpp(450,61): warning: enumeration type in nested name specifier is incompatible with C++98 [-Wc++98-compat]
[build]   450 |                     if (JSON_HEDLEY_UNLIKELY(get_token() != token_type::name_separator))
[build]       |                                                             ^
[build] C:\Users\pperv\code\unnamed_rpg\vendor\json\include\nlohmann/detail/input/parser.hpp(454,116): warning: enumeration type in nested name specifier is incompatible with C++98 [-Wc++98-compat]
[build]   454 |                                                 parse_error::create(101, m_lexer.get_position(), exception_message(token_type::name_separator, "object separator"), nullptr));
[build]       |                                                                                                                    ^
[build] C:\Users\pperv\code\unnamed_rpg\vendor\json\include\nlohmann/detail/input/parser.hpp(464,50): warning: enumeration type in nested name specifier is incompatible with C++98 [-Wc++98-compat]
[build]   464 |             if (JSON_HEDLEY_LIKELY(last_token == token_type::end_object))
[build]       |                                                  ^
[build] C:\Users\pperv\code\unnamed_rpg\vendor\json\include\nlohmann/detail/input/parser.hpp(483,104): warning: enumeration type in nested name specifier is incompatible with C++98 [-Wc++98-compat]
[build]   483 |                                     parse_error::create(101, m_lexer.get_position(), exception_message(token_type::end_object, "object"), nullptr));
[build]       |                                                                                                        ^
[build] In file included from C:\Users\pperv\code\unnamed_rpg\vendor\json-schema-validator\src\json-validator.cpp:9:
[build] In file included from C:\Users\pperv\code\unnamed_rpg\vendor\json-schema-validator\src\nlohmann/json-schema.hpp:24:
[build] In file included from C:\Users\pperv\code\unnamed_rpg\vendor\json\include\nlohmann/json.hpp:50:
[build] In file included from C:\Users\pperv\code\unnamed_rpg\vendor\json\include\nlohmann/detail/input/binary_reader.hpp:29:
[build] C:\Users\pperv\code\unnamed_rpg\vendor\json\include\nlohmann/detail/input/json_sax.hpp(195,22): warning: 'nullptr' is incompatible with C++98 [-Wc++98-compat]
[build]   195 |         handle_value(nullptr);
[build]       |                      ^
[build] In file included from C:\Users\pperv\code\unnamed_rpg\vendor\json-schema-validator\src\json-validator.cpp:9:
[build] In file included from C:\Users\pperv\code\unnamed_rpg\vendor\json-schema-validator\src\nlohmann/json-schema.hpp:24:
[build] C:\Users\pperv\code\unnamed_rpg\vendor\json\include\nlohmann/json.hpp(717,82): warning: 'nullptr' is incompatible with C++98 [-Wc++98-compat]
[build]   717 |         JSON_ASSERT(m_data.m_type != value_t::object || m_data.m_value.object != nullptr);
[build]       |                                                                                  ^
[build] C:\Users\pperv\code\unnamed_rpg\vendor\json\include\nlohmann/json.hpp(718,80): warning: 'nullptr' is incompatible with C++98 [-Wc++98-compat]
[build]   718 |         JSON_ASSERT(m_data.m_type != value_t::array || m_data.m_value.array != nullptr);
[build]       |                                                                                ^
[build] C:\Users\pperv\code\unnamed_rpg\vendor\json\include\nlohmann/json.hpp(719,82): warning: 'nullptr' is incompatible with C++98 [-Wc++98-compat]
[build]   719 |         JSON_ASSERT(m_data.m_type != value_t::string || m_data.m_value.string != nullptr);
[build]       |                                                                                  ^
[build] C:\Users\pperv\code\unnamed_rpg\vendor\json\include\nlohmann/json.hpp(720,82): warning: 'nullptr' is incompatible with C++98 [-Wc++98-compat]
[build]   720 |         JSON_ASSERT(m_data.m_type != value_t::binary || m_data.m_value.binary != nullptr);
[build]       |                                                                                  ^
[build] C:\Users\pperv\code\unnamed_rpg\vendor\json\include\nlohmann/json.hpp(717,38): warning: enumeration type in nested name specifier is incompatible with C++98 [-Wc++98-compat]
[build]   717 |         JSON_ASSERT(m_data.m_type != value_t::object || m_data.m_value.object != nullptr);
[build]       |                                      ^
[build] C:\Users\pperv\code\unnamed_rpg\vendor\json\include\nlohmann/detail/input/parser.hpp(146,16): note: in instantiation of member function 'nlohmann::basic_json<>::assert_invariant' requested here
[build]   146 |         result.assert_invariant();
[build]       |                ^
[build] C:\Users\pperv\code\unnamed_rpg\vendor\json\include\nlohmann/json.hpp(4112,148): note: in instantiation of member function 'nlohmann::detail::parser<nlohmann::basic_json<>, nlohmann::detail::iterator_input_adapter<const char *>>::parse' requested here
[build]  4112 |         parser(detail::input_adapter(std::move(first), std::move(last)), std::move(cb), allow_exceptions, ignore_comments, ignore_trailing_commas).parse(true, result); // cppcheck-suppress[accessMoved]
[build]       |                                                                                                                                                    ^
[build] C:\Users\pperv\code\unnamed_rpg\vendor\json\include\nlohmann/json.hpp(5294,28): note: in instantiation of function template specialization 'nlohmann::basic_json<>::parse<const char *, const char *, 0>' requested here
[build]  5294 |     return nlohmann::json::parse(s, s + n);
[build]       |                            ^
[build] C:\Users\pperv\code\unnamed_rpg\vendor\json\include\nlohmann/json.hpp(718,38): warning: enumeration type in nested name specifier is incompatible with C++98 [-Wc++98-compat]
[build]   718 |         JSON_ASSERT(m_data.m_type != value_t::array || m_data.m_value.array != nullptr);
[build]       |                                      ^
[build] C:\Users\pperv\code\unnamed_rpg\vendor\json\include\nlohmann/json.hpp(719,38): warning: enumeration type in nested name specifier is incompatible with C++98 [-Wc++98-compat]
[build]   719 |         JSON_ASSERT(m_data.m_type != value_t::string || m_data.m_value.string != nullptr);
[build]       |                                      ^
[build] C:\Users\pperv\code\unnamed_rpg\vendor\json\include\nlohmann/json.hpp(720,38): warning: enumeration type in nested name specifier is incompatible with C++98 [-Wc++98-compat]
[build]   720 |         JSON_ASSERT(m_data.m_type != value_t::binary || m_data.m_value.binary != nullptr);
[build]       |                                      ^
[build] C:\Users\pperv\code\unnamed_rpg\vendor\json\include\nlohmann/json.hpp(1278,30): warning: generalized initializer lists are incompatible with C++98 [-Wc++98-compat]
[build]  1278 |         other.m_data.m_value = {};
[build]       |                              ^ ~~
[build] C:\Users\pperv\code\unnamed_rpg\vendor\json\include\nlohmann/json.hpp(1277,31): warning: enumeration type in nested name specifier is incompatible with C++98 [-Wc++98-compat]
[build]  1277 |         other.m_data.m_type = value_t::null;
[build]       |                               ^
[build] C:\Users\pperv\code\unnamed_rpg\vendor\json\include\nlohmann/json.hpp(5294,12): note: in instantiation of member function 'nlohmann::basic_json<>::basic_json' requested here
[build]  5294 |     return nlohmann::json::parse(s, s + n);
[build]       |            ^
[build] C:\Users\pperv\code\unnamed_rpg\vendor\json\include\nlohmann/json.hpp(1278,32): warning: constructor call from initializer list is incompatible with C++98 [-Wc++98-compat]
[build]  1278 |         other.m_data.m_value = {};
[build]       |                                ^~
[build] In file included from C:\Users\pperv\code\unnamed_rpg\vendor\json-schema-validator\src\json-validator.cpp:9:
[build] In file included from C:\Users\pperv\code\unnamed_rpg\vendor\json-schema-validator\src\nlohmann/json-schema.hpp:24:
[build] In file included from C:\Users\pperv\code\unnamed_rpg\vendor\json\include\nlohmann/json.hpp:60:
[build] C:\Users\pperv\code\unnamed_rpg\vendor\json\include\nlohmann/detail/json_pointer.hpp(805,156): warning: 'nullptr' is incompatible with C++98 [-Wc++98-compat]
[build]   805 |             JSON_THROW(detail::parse_error::create(107, 1, detail::concat("JSON pointer must be empty or begin with '/' - was: '", reference_string, "'"), nullptr));
[build]       |                                                                                                                                                            ^
[build] C:\Users\pperv\code\unnamed_rpg\vendor\json\include\nlohmann/detail/json_pointer.hpp(826,13): warning: 'auto' type specifier is incompatible with C++98 [-Wc++98-compat]
[build]   826 |             auto reference_token = reference_string.substr(start, slash - start);
[build]       |             ^~~~
[build] C:\Users\pperv\code\unnamed_rpg\vendor\json\include\nlohmann/json.hpp(5316,12): note: in instantiation of member function 'nlohmann::json_pointer<std::basic_string<char>>::json_pointer' requested here
[build]  5316 |     return nlohmann::json::json_pointer(std::string(s, n));
[build]       |            ^
[build] In file included from C:\Users\pperv\code\unnamed_rpg\vendor\json-schema-validator\src\json-validator.cpp:9:
[build] In file included from C:\Users\pperv\code\unnamed_rpg\vendor\json-schema-validator\src\nlohmann/json-schema.hpp:24:
[build] In file included from C:\Users\pperv\code\unnamed_rpg\vendor\json\include\nlohmann/json.hpp:60:
[build] C:\Users\pperv\code\unnamed_rpg\vendor\json\include\nlohmann/detail/json_pointer.hpp(840,125): warning: 'nullptr' is incompatible with C++98 [-Wc++98-compat]
[build]   840 |                     JSON_THROW(detail::parse_error::create(108, 0, "escape character '~' must be followed with '0' or '1'", nullptr));
[build]       |                                                                                                                             ^
[build] In file included from C:\Users\pperv\code\unnamed_rpg\vendor\json-schema-validator\src\json-validator.cpp:9:
[build] In file included from C:\Users\pperv\code\unnamed_rpg\vendor\json-schema-validator\src\nlohmann/json-schema.hpp:24:
[build] In file included from C:\Users\pperv\code\unnamed_rpg\vendor\json\include\nlohmann/json.hpp:44:
[build] In file included from C:\Users\pperv\code\unnamed_rpg\vendor\json\include\nlohmann/adl_serializer.hpp:14:
[build] In file included from C:\Users\pperv\code\unnamed_rpg\vendor\json\include\nlohmann/detail/conversions/from_json.hpp:24:
[build] In file included from C:\Users\pperv\code\unnamed_rpg\vendor\json\include\nlohmann/detail/exceptions.hpp:21:
[build] C:\Users\pperv\code\unnamed_rpg\vendor\json\include\nlohmann/detail/string_escape.hpp(67,36): warning: generalized initializer lists are incompatible with C++98 [-Wc++98-compat]
[build]    67 |     replace_substring(s, StringType{"~1"}, StringType{"/"});
[build]       |                                    ^
[build] C:\Users\pperv\code\unnamed_rpg\vendor\json\include\nlohmann/detail/string_escape.hpp(67,54): warning: generalized initializer lists are incompatible with C++98 [-Wc++98-compat]
[build]    67 |     replace_substring(s, StringType{"~1"}, StringType{"/"});
[build]       |                                                      ^
[build] C:\Users\pperv\code\unnamed_rpg\vendor\json\include\nlohmann/detail/string_escape.hpp(68,36): warning: generalized initializer lists are incompatible with C++98 [-Wc++98-compat]
[build]    68 |     replace_substring(s, StringType{"~0"}, StringType{"~"});
[build]       |                                    ^
[build] C:\Users\pperv\code\unnamed_rpg\vendor\json\include\nlohmann/detail/string_escape.hpp(68,54): warning: generalized initializer lists are incompatible with C++98 [-Wc++98-compat]
[build]    68 |     replace_substring(s, StringType{"~0"}, StringType{"~"});
[build]       |                                                      ^
[build] C:\Users\pperv\code\unnamed_rpg\vendor\json\include\nlohmann/detail/string_escape.hpp(67,36): warning: constructor call from initializer list is incompatible with C++98 [-Wc++98-compat]
[build]    67 |     replace_substring(s, StringType{"~1"}, StringType{"/"});
[build]       |                                    ^~~~~~
[build] C:\Users\pperv\code\unnamed_rpg\vendor\json\include\nlohmann/detail/json_pointer.hpp(845,21): note: in instantiation of function template specialization 'nlohmann::detail::unescape<std::basic_string<char>>' requested here
[build]   845 |             detail::unescape(reference_token);
[build]       |                     ^
[build] C:\Users\pperv\code\unnamed_rpg\vendor\json\include\nlohmann/detail/json_pointer.hpp(63,28): note: in instantiation of member function 'nlohmann::json_pointer<std::basic_string<char>>::split' requested here
[build]    63 |         : reference_tokens(split(s))
[build]       |                            ^
[build] C:\Users\pperv\code\unnamed_rpg\vendor\json\include\nlohmann/json.hpp(5316,12): note: in instantiation of member function 'nlohmann::json_pointer<std::basic_string<char>>::json_pointer' requested here
[build]  5316 |     return nlohmann::json::json_pointer(std::string(s, n));
[build]       |            ^
[build] In file included from C:\Users\pperv\code\unnamed_rpg\vendor\json-schema-validator\src\json-validator.cpp:9:
[build] In file included from C:\Users\pperv\code\unnamed_rpg\vendor\json-schema-validator\src\nlohmann/json-schema.hpp:24:
[build] In file included from C:\Users\pperv\code\unnamed_rpg\vendor\json\include\nlohmann/json.hpp:44:
[build] In file included from C:\Users\pperv\code\unnamed_rpg\vendor\json\include\nlohmann/adl_serializer.hpp:14:
[build] In file included from C:\Users\pperv\code\unnamed_rpg\vendor\json\include\nlohmann/detail/conversions/from_json.hpp:24:
[build] In file included from C:\Users\pperv\code\unnamed_rpg\vendor\json\include\nlohmann/detail/exceptions.hpp:21:
[build] C:\Users\pperv\code\unnamed_rpg\vendor\json\include\nlohmann/detail/string_escape.hpp(67,54): warning: constructor call from initializer list is incompatible with C++98 [-Wc++98-compat]
[build]    67 |     replace_substring(s, StringType{"~1"}, StringType{"/"});
[build]       |                                                      ^~~~~
[build] C:\Users\pperv\code\unnamed_rpg\vendor\json\include\nlohmann/detail/string_escape.hpp(68,36): warning: constructor call from initializer list is incompatible with C++98 [-Wc++98-compat]
[build]    68 |     replace_substring(s, StringType{"~0"}, StringType{"~"});
[build]       |                                    ^~~~~~
[build] C:\Users\pperv\code\unnamed_rpg\vendor\json\include\nlohmann/detail/string_escape.hpp(68,54): warning: constructor call from initializer list is incompatible with C++98 [-Wc++98-compat]
[build]    68 |     replace_substring(s, StringType{"~0"}, StringType{"~"});
[build]       |                                                      ^~~~~
[build] C:\Users\pperv\code\unnamed_rpg\vendor\json\include\nlohmann/detail/string_escape.hpp(35,10): warning: 'auto' type specifier is incompatible with C++98 [-Wc++98-compat]
[build]    35 |     for (auto pos = s.find(f);                // find the first occurrence of f
[build]       |          ^~~~
[build] In file included from C:\Users\pperv\code\unnamed_rpg\vendor\json-schema-validator\src\json-validator.cpp:9:
[build] In file included from C:\Users\pperv\code\unnamed_rpg\vendor\json-schema-validator\src\nlohmann/json-schema.hpp:24:
[build] In file included from C:\Users\pperv\code\unnamed_rpg\vendor\json\include\nlohmann/json.hpp:60:
[build] C:\Users\pperv\code\unnamed_rpg\vendor\json\include\nlohmann/detail/json_pointer.hpp(71,40): warning: generalized initializer lists are incompatible with C++98 [-Wc++98-compat]
[build]    71 |                                string_t{},
[build]       |                                        ^
[build] C:\Users\pperv\code\unnamed_rpg\vendor\json\include\nlohmann/detail/json_pointer.hpp(72,32): warning: lambda expressions are incompatible with C++98 [-Wc++98-compat]
[build]    72 |                                [](const string_t& a, const string_t& b)
[build]       |                                ^
[build] C:\Users\pperv\code\unnamed_rpg\vendor\json\include\nlohmann/detail/json_pointer.hpp(71,40): warning: constructor call from initializer list is incompatible with C++98 [-Wc++98-compat]
[build]    71 |                                string_t{},
[build]       |                                        ^~
[build] C:\Users\pperv\code\unnamed_rpg\vendor\json-schema-validator\src\nlohmann/json-schema.hpp(64,103): note: in instantiation of member function 'nlohmann::json_pointer<std::basic_string<char>>::to_string' requested here
[build]    64 |                 return std::make_tuple(urn_, scheme_, authority_, path_, identifier_ != "" ? identifier_ : pointer_.to_string());
[build]       |                                                                                                                     ^
[build] In file included from C:\Users\pperv\code\unnamed_rpg\vendor\json-schema-validator\src\json-validator.cpp:9:
[build] In file included from C:\Users\pperv\code\unnamed_rpg\vendor\json-schema-validator\src\nlohmann/json-schema.hpp:24:
[build] In file included from C:\Users\pperv\code\unnamed_rpg\vendor\json\include\nlohmann/json.hpp:60:
[build] C:\Users\pperv\code\unnamed_rpg\vendor\json\include\nlohmann/detail/json_pointer.hpp(70,16): warning: local type '(lambda at C:\Users\pperv\code\unnamed_rpg\vendor\json\include\nlohmann\detail\json_pointer.hpp:72:32)' as template argument is incompatible with C++98 [-Wc++98-compat-local-type-template-args]
[build]    70 |         return std::accumulate(reference_tokens.begin(), reference_tokens.end(),
[build]       |                ^~~
[build] C:\Users\pperv\code\unnamed_rpg\vendor\json\include\nlohmann/detail/json_pointer.hpp(70,16): note: while substituting deduced template arguments into function template 'accumulate' [with _InIt = const_iterator, _Ty = string_t, _Fn = (lambda at C:\Users\pperv\code\unnamed_rpg\vendor\json\include\nlohmann\detail\json_pointer.hpp:72:32)]
[build] C:\Users\pperv\code\unnamed_rpg\vendor\json-schema-validator\src\nlohmann/json-schema.hpp(64,103): note: in instantiation of member function 'nlohmann::json_pointer<std::basic_string<char>>::to_string' requested here
[build]    64 |                 return std::make_tuple(urn_, scheme_, authority_, path_, identifier_ != "" ? identifier_ : pointer_.to_string());
[build]       |                                                                                                                     ^
[build] In file included from C:\Users\pperv\code\unnamed_rpg\vendor\json-schema-validator\src\json-validator.cpp:9:
[build] In file included from C:\Users\pperv\code\unnamed_rpg\vendor\json-schema-validator\src\nlohmann/json-schema.hpp:24:
[build] In file included from C:\Users\pperv\code\unnamed_rpg\vendor\json\include\nlohmann/json.hpp:44:
[build] In file included from C:\Users\pperv\code\unnamed_rpg\vendor\json\include\nlohmann/adl_serializer.hpp:14:
[build] In file included from C:\Users\pperv\code\unnamed_rpg\vendor\json\include\nlohmann/detail/conversions/from_json.hpp:24:
[build] In file included from C:\Users\pperv\code\unnamed_rpg\vendor\json\include\nlohmann/detail/exceptions.hpp:21:
[build] C:\Users\pperv\code\unnamed_rpg\vendor\json\include\nlohmann/detail/string_escape.hpp(52,36): warning: generalized initializer lists are incompatible with C++98 [-Wc++98-compat]
[build]    52 |     replace_substring(s, StringType{"~"}, StringType{"~0"});
[build]       |                                    ^
[build] C:\Users\pperv\code\unnamed_rpg\vendor\json\include\nlohmann/detail/string_escape.hpp(52,53): warning: generalized initializer lists are incompatible with C++98 [-Wc++98-compat]
[build]    52 |     replace_substring(s, StringType{"~"}, StringType{"~0"});
[build]       |                                                     ^
[build] C:\Users\pperv\code\unnamed_rpg\vendor\json\include\nlohmann/detail/string_escape.hpp(53,36): warning: generalized initializer lists are incompatible with C++98 [-Wc++98-compat]
[build]    53 |     replace_substring(s, StringType{"/"}, StringType{"~1"});
[build]       |                                    ^
[build] C:\Users\pperv\code\unnamed_rpg\vendor\json\include\nlohmann/detail/string_escape.hpp(53,53): warning: generalized initializer lists are incompatible with C++98 [-Wc++98-compat]
[build]    53 |     replace_substring(s, StringType{"/"}, StringType{"~1"});
[build]       |                                                     ^
[build] C:\Users\pperv\code\unnamed_rpg\vendor\json\include\nlohmann/detail/string_escape.hpp(52,36): warning: constructor call from initializer list is incompatible with C++98 [-Wc++98-compat]
[build]    52 |     replace_substring(s, StringType{"~"}, StringType{"~0"});
[build]       |                                    ^~~~~
[build] C:\Users\pperv\code\unnamed_rpg\vendor\json\include\nlohmann/detail/json_pointer.hpp(74,51): note: in instantiation of function template specialization 'nlohmann::detail::escape<std::basic_string<char>>' requested here
[build]    74 |             return detail::concat(a, '/', detail::escape(b));
[build]       |                                                   ^
[build] C:\Users\pperv\code\unnamed_rpg\vendor\json-schema-validator\src\nlohmann/json-schema.hpp(64,103): note: in instantiation of member function 'nlohmann::json_pointer<std::basic_string<char>>::to_string' requested here
[build]    64 |                 return std::make_tuple(urn_, scheme_, authority_, path_, identifier_ != "" ? identifier_ : pointer_.to_string());
[build]       |                                                                                                                     ^
[build] In file included from C:\Users\pperv\code\unnamed_rpg\vendor\json-schema-validator\src\json-validator.cpp:9:
[build] In file included from C:\Users\pperv\code\unnamed_rpg\vendor\json-schema-validator\src\nlohmann/json-schema.hpp:24:
[build] In file included from C:\Users\pperv\code\unnamed_rpg\vendor\json\include\nlohmann/json.hpp:44:
[build] In file included from C:\Users\pperv\code\unnamed_rpg\vendor\json\include\nlohmann/adl_serializer.hpp:14:
[build] In file included from C:\Users\pperv\code\unnamed_rpg\vendor\json\include\nlohmann/detail/conversions/from_json.hpp:24:
[build] In file included from C:\Users\pperv\code\unnamed_rpg\vendor\json\include\nlohmann/detail/exceptions.hpp:21:
[build] C:\Users\pperv\code\unnamed_rpg\vendor\json\include\nlohmann/detail/string_escape.hpp(52,53): warning: constructor call from initializer list is incompatible with C++98 [-Wc++98-compat]
[build]    52 |     replace_substring(s, StringType{"~"}, StringType{"~0"});
[build]       |                                                     ^~~~~~
[build] C:\Users\pperv\code\unnamed_rpg\vendor\json\include\nlohmann/detail/string_escape.hpp(53,36): warning: constructor call from initializer list is incompatible with C++98 [-Wc++98-compat]
[build]    53 |     replace_substring(s, StringType{"/"}, StringType{"~1"});
[build]       |                                    ^~~~~
[build] C:\Users\pperv\code\unnamed_rpg\vendor\json\include\nlohmann/detail/string_escape.hpp(53,53): warning: constructor call from initializer list is incompatible with C++98 [-Wc++98-compat]
[build]    53 |     replace_substring(s, StringType{"/"}, StringType{"~1"});
[build]       |                                                     ^~~~~~
[build] In file included from C:\Users\pperv\code\unnamed_rpg\vendor\json-schema-validator\src\json-validator.cpp:9:
[build] In file included from C:\Users\pperv\code\unnamed_rpg\vendor\json-schema-validator\src\nlohmann/json-schema.hpp:24:
[build] C:\Users\pperv\code\unnamed_rpg\vendor\json\include\nlohmann/json.hpp(1205,18): warning: enumeration type in nested name specifier is incompatible with C++98 [-Wc++98-compat]
[build]  1205 |             case value_t::object:
[build]       |                  ^
[build] C:\Users\pperv\code\unnamed_rpg\vendor\json-schema-validator\src\json-patch.hpp(34,33): note: in instantiation of member function 'nlohmann::basic_json<>::basic_json' requested here
[build]    34 |         operator json() const { return j_; }
[build]       |                                        ^
[build] In file included from C:\Users\pperv\code\unnamed_rpg\vendor\json-schema-validator\src\json-validator.cpp:9:
[build] In file included from C:\Users\pperv\code\unnamed_rpg\vendor\json-schema-validator\src\nlohmann/json-schema.hpp:24:
[build] C:\Users\pperv\code\unnamed_rpg\vendor\json\include\nlohmann/json.hpp(1211,18): warning: enumeration type in nested name specifier is incompatible with C++98 [-Wc++98-compat]
[build]  1211 |             case value_t::array:
[build]       |                  ^
[build] C:\Users\pperv\code\unnamed_rpg\vendor\json\include\nlohmann/json.hpp(1217,18): warning: enumeration type in nested name specifier is incompatible with C++98 [-Wc++98-compat]
[build]  1217 |             case value_t::string:
[build]       |                  ^
[build] C:\Users\pperv\code\unnamed_rpg\vendor\json\include\nlohmann/json.hpp(1223,18): warning: enumeration type in nested name specifier is incompatible with C++98 [-Wc++98-compat]
[build]  1223 |             case value_t::boolean:
[build]       |                  ^
[build] C:\Users\pperv\code\unnamed_rpg\vendor\json\include\nlohmann/json.hpp(1229,18): warning: enumeration type in nested name specifier is incompatible with C++98 [-Wc++98-compat]
[build]  1229 |             case value_t::number_integer:
[build]       |                  ^
[build] C:\Users\pperv\code\unnamed_rpg\vendor\json\include\nlohmann/json.hpp(1235,18): warning: enumeration type in nested name specifier is incompatible with C++98 [-Wc++98-compat]
[build]  1235 |             case value_t::number_unsigned:
[build]       |                  ^
[build] C:\Users\pperv\code\unnamed_rpg\vendor\json\include\nlohmann/json.hpp(1241,18): warning: enumeration type in nested name specifier is incompatible with C++98 [-Wc++98-compat]
[build]  1241 |             case value_t::number_float:
[build]       |                  ^
[build] C:\Users\pperv\code\unnamed_rpg\vendor\json\include\nlohmann/json.hpp(1247,18): warning: enumeration type in nested name specifier is incompatible with C++98 [-Wc++98-compat]
[build]  1247 |             case value_t::binary:
[build]       |                  ^
[build] C:\Users\pperv\code\unnamed_rpg\vendor\json\include\nlohmann/json.hpp(1253,18): warning: enumeration type in nested name specifier is incompatible with C++98 [-Wc++98-compat]
[build]  1253 |             case value_t::null:
[build]       |                  ^
[build] C:\Users\pperv\code\unnamed_rpg\vendor\json\include\nlohmann/json.hpp(1254,18): warning: enumeration type in nested name specifier is incompatible with C++98 [-Wc++98-compat]
[build]  1254 |             case value_t::discarded:
[build]       |                  ^
[build] C:\Users\pperv\code\unnamed_rpg\vendor\json\include\nlohmann/json.hpp(1255,13): warning: default label in switch which covers all enumeration values [-Wcovered-switch-default]
[build]  1255 |             default:
[build]       |             ^
[build] C:\Users\pperv\code\unnamed_rpg\vendor\json\include\nlohmann/json.hpp(420,28): warning: local type '(lambda at C:\Users\pperv\code\unnamed_rpg\vendor\json\include\nlohmann\json.hpp:416:24)' as template argument is incompatible with C++98 [-Wc++98-compat-local-type-template-args]
[build]   420 |         std::unique_ptr<T, decltype(deleter)> obj(AllocatorTraits::allocate(alloc, 1), deleter);
[build]       |                            ^~~~~~~~~~~~~~~~~
[build] C:\Users\pperv\code\unnamed_rpg\vendor\json\include\nlohmann/json.hpp(564,52): note: in instantiation of function template specialization 'nlohmann::basic_json<>::create<std::map<std::basic_string<char>, nlohmann::basic_json<>, std::less<void>>, const std::map<std::basic_string<char>, nlohmann::basic_json<>, std::less<void>> &>' requested here
[build]   564 |         json_value(const object_t& value) : object(create<object_t>(value)) {}
[build]       |                                                    ^
[build] C:\Users\pperv\code\unnamed_rpg\vendor\json\include\nlohmann/json.hpp(1207,34): note: in instantiation of member function 'nlohmann::basic_json<>::json_value::json_value' requested here
[build]  1207 |                 m_data.m_value = *other.m_data.m_value.object;
[build]       |                                  ^
[build] C:\Users\pperv\code\unnamed_rpg\vendor\json-schema-validator\src\json-patch.hpp(34,33): note: in instantiation of member function 'nlohmann::basic_json<>::basic_json' requested here
[build]    34 |         operator json() const { return j_; }
[build]       |                                        ^
[build] In file included from C:\Users\pperv\code\unnamed_rpg\vendor\json-schema-validator\src\json-validator.cpp:9:
[build] In file included from C:\Users\pperv\code\unnamed_rpg\vendor\json-schema-validator\src\nlohmann/json-schema.hpp:24:
[build] C:\Users\pperv\code\unnamed_rpg\vendor\json\include\nlohmann/json.hpp(420,28): warning: local type '(lambda at C:\Users\pperv\code\unnamed_rpg\vendor\json\include\nlohmann\json.hpp:416:24)' as template argument is incompatible with C++98 [-Wc++98-compat-local-type-template-args]
[build]   420 |         std::unique_ptr<T, decltype(deleter)> obj(AllocatorTraits::allocate(alloc, 1), deleter);
[build]       |                            ^~~~~~~~~~~~~~~~~
[build] C:\Users\pperv\code\unnamed_rpg\vendor\json\include\nlohmann/json.hpp(570,50): note: in instantiation of function template specialization 'nlohmann::basic_json<>::create<std::vector<nlohmann::basic_json<>>, const std::vector<nlohmann::basic_json<>> &>' requested here
[build]   570 |         json_value(const array_t& value) : array(create<array_t>(value)) {}
[build]       |                                                  ^
[build] C:\Users\pperv\code\unnamed_rpg\vendor\json\include\nlohmann/json.hpp(1213,34): note: in instantiation of member function 'nlohmann::basic_json<>::json_value::json_value' requested here
[build]  1213 |                 m_data.m_value = *other.m_data.m_value.array;
[build]       |                                  ^
[build] C:\Users\pperv\code\unnamed_rpg\vendor\json-schema-validator\src\json-patch.hpp(34,33): note: in instantiation of member function 'nlohmann::basic_json<>::basic_json' requested here
[build]    34 |         operator json() const { return j_; }
[build]       |                                        ^
[build] In file included from C:\Users\pperv\code\unnamed_rpg\vendor\json-schema-validator\src\json-validator.cpp:9:
[build] In file included from C:\Users\pperv\code\unnamed_rpg\vendor\json-schema-validator\src\nlohmann/json-schema.hpp:24:
[build] C:\Users\pperv\code\unnamed_rpg\vendor\json\include\nlohmann/json.hpp(420,28): warning: local type '(lambda at C:\Users\pperv\code\unnamed_rpg\vendor\json\include\nlohmann\json.hpp:416:24)' as template argument is incompatible with C++98 [-Wc++98-compat-local-type-template-args]
[build]   420 |         std::unique_ptr<T, decltype(deleter)> obj(AllocatorTraits::allocate(alloc, 1), deleter);
[build]       |                            ^~~~~~~~~~~~~~~~~
[build] C:\Users\pperv\code\unnamed_rpg\vendor\json\include\nlohmann/json.hpp(582,52): note: in instantiation of function template specialization 'nlohmann::basic_json<>::create<nlohmann::byte_container_with_subtype<std::vector<unsigned char>>, const nlohmann::byte_container_with_subtype<std::vector<unsigned char>> &>' requested here
[build]   582 |         json_value(const binary_t& value) : binary(create<binary_t>(value)) {}
[build]       |                                                    ^
[build] C:\Users\pperv\code\unnamed_rpg\vendor\json\include\nlohmann/json.hpp(1249,34): note: in instantiation of member function 'nlohmann::basic_json<>::json_value::json_value' requested here
[build]  1249 |                 m_data.m_value = *other.m_data.m_value.binary;
[build]       |                                  ^
[build] C:\Users\pperv\code\unnamed_rpg\vendor\json-schema-validator\src\json-patch.hpp(34,33): note: in instantiation of member function 'nlohmann::basic_json<>::basic_json' requested here
[build]    34 |         operator json() const { return j_; }
[build]       |                                        ^
[build] In file included from C:\Users\pperv\code\unnamed_rpg\vendor\json-schema-validator\src\json-validator.cpp:9:
[build] In file included from C:\Users\pperv\code\unnamed_rpg\vendor\json-schema-validator\src\nlohmann/json-schema.hpp:24:
[build] C:\Users\pperv\code\unnamed_rpg\vendor\json\include\nlohmann/json.hpp(857,22): warning: enumeration type in nested name specifier is incompatible with C++98 [-Wc++98-compat]
[build]   857 |         : basic_json(value_t::null)
[build]       |                      ^
[build] C:\Users\pperv\code\unnamed_rpg\vendor\json-schema-validator\src\json-validator.cpp(42,24): note: in instantiation of member function 'nlohmann::basic_json<>::basic_json' requested here
[build]    42 |         json default_value_ = nullptr;
[build]       |                               ^
[build] In file included from C:\Users\pperv\code\unnamed_rpg\vendor\json-schema-validator\src\json-validator.cpp:9:
[build] In file included from C:\Users\pperv\code\unnamed_rpg\vendor\json-schema-validator\src\nlohmann/json-schema.hpp:24:
[build] C:\Users\pperv\code\unnamed_rpg\vendor\json\include\nlohmann/json.hpp(857,11): warning: delegating constructors are incompatible with C++98 [-Wc++98-compat]
[build]   857 |         : basic_json(value_t::null)
[build]       |           ^
[build] In file included from C:\Users\pperv\code\unnamed_rpg\vendor\json-schema-validator\src\json-validator.cpp:9:
[build] In file included from C:\Users\pperv\code\unnamed_rpg\vendor\json-schema-validator\src\nlohmann/json-schema.hpp:24:
[build] In file included from C:\Users\pperv\code\unnamed_rpg\vendor\json\include\nlohmann/json.hpp:60:
[build] C:\Users\pperv\code\unnamed_rpg\vendor\json\include\nlohmann/detail/json_pointer.hpp(213,88): warning: 'nullptr' is incompatible with C++98 [-Wc++98-compat]
[build]   213 |             JSON_THROW(detail::out_of_range::create(405, "JSON pointer has no parent", nullptr));
[build]       |                                                                                        ^
[build] C:\Users\pperv\code\unnamed_rpg\vendor\json\include\nlohmann/detail/json_pointer.hpp(201,88): warning: 'nullptr' is incompatible with C++98 [-Wc++98-compat]
[build]   201 |             JSON_THROW(detail::out_of_range::create(405, "JSON pointer has no parent", nullptr));
[build]       |                                                                                        ^
[build] C:\Users\pperv\code\unnamed_rpg\vendor\json\include\nlohmann/detail/json_pointer.hpp(706,20): warning: 'auto' type specifier is incompatible with C++98 [-Wc++98-compat]
[build]   706 |         for (const auto& reference_token : reference_tokens)
[build]       |                    ^~~~
[build] C:\Users\pperv\code\unnamed_rpg\vendor\json-schema-validator\src\json-validator.cpp(231,17): note: in instantiation of member function 'nlohmann::basic_json<>::contains' requested here
[build]   231 |                                 if (unk_kw->contains(rt_ptr) == false)
[build]       |                                             ^
[build] In file included from C:\Users\pperv\code\unnamed_rpg\vendor\json-schema-validator\src\json-validator.cpp:9:
[build] In file included from C:\Users\pperv\code\unnamed_rpg\vendor\json-schema-validator\src\nlohmann/json-schema.hpp:24:
[build] In file included from C:\Users\pperv\code\unnamed_rpg\vendor\json\include\nlohmann/json.hpp:60:
[build] C:\Users\pperv\code\unnamed_rpg\vendor\json\include\nlohmann/detail/json_pointer.hpp(706,42): warning: range-based for loop is incompatible with C++98 [-Wc++98-compat]
[build]   706 |         for (const auto& reference_token : reference_tokens)
[build]       |                                          ^
[build] C:\Users\pperv\code\unnamed_rpg\vendor\json\include\nlohmann/detail/json_pointer.hpp(710,30): warning: enumeration type in nested name specifier is incompatible with C++98 [-Wc++98-compat]
[build]   710 |                 case detail::value_t::object:
[build]       |                              ^
[build] C:\Users\pperv\code\unnamed_rpg\vendor\json\include\nlohmann/detail/json_pointer.hpp(722,30): warning: enumeration type in nested name specifier is incompatible with C++98 [-Wc++98-compat]
[build]   722 |                 case detail::value_t::array:
[build]       |                              ^
[build] C:\Users\pperv\code\unnamed_rpg\vendor\json\include\nlohmann/detail/json_pointer.hpp(751,27): warning: 'auto' type specifier is incompatible with C++98 [-Wc++98-compat]
[build]   751 |                     const auto idx = array_index<BasicJsonType>(reference_token);
[build]       |                           ^~~~
[build] C:\Users\pperv\code\unnamed_rpg\vendor\json\include\nlohmann/detail/json_pointer.hpp(762,30): warning: enumeration type in nested name specifier is incompatible with C++98 [-Wc++98-compat]
[build]   762 |                 case detail::value_t::null:
[build]       |                              ^
[build] C:\Users\pperv\code\unnamed_rpg\vendor\json\include\nlohmann/detail/json_pointer.hpp(763,30): warning: enumeration type in nested name specifier is incompatible with C++98 [-Wc++98-compat]
[build]   763 |                 case detail::value_t::string:
[build]       |                              ^
[build] C:\Users\pperv\code\unnamed_rpg\vendor\json\include\nlohmann/detail/json_pointer.hpp(764,30): warning: enumeration type in nested name specifier is incompatible with C++98 [-Wc++98-compat]
[build]   764 |                 case detail::value_t::boolean:
[build]       |                              ^
[build] C:\Users\pperv\code\unnamed_rpg\vendor\json\include\nlohmann/detail/json_pointer.hpp(765,30): warning: enumeration type in nested name specifier is incompatible with C++98 [-Wc++98-compat]
[build]   765 |                 case detail::value_t::number_integer:
[build]       |                              ^
[build] C:\Users\pperv\code\unnamed_rpg\vendor\json\include\nlohmann/detail/json_pointer.hpp(766,30): warning: enumeration type in nested name specifier is incompatible with C++98 [-Wc++98-compat]
[build]   766 |                 case detail::value_t::number_unsigned:
[build]       |                              ^
[build] C:\Users\pperv\code\unnamed_rpg\vendor\json\include\nlohmann/detail/json_pointer.hpp(767,30): warning: enumeration type in nested name specifier is incompatible with C++98 [-Wc++98-compat]
[build]   767 |                 case detail::value_t::number_float:
[build]       |                              ^
[build] C:\Users\pperv\code\unnamed_rpg\vendor\json\include\nlohmann/detail/json_pointer.hpp(768,30): warning: enumeration type in nested name specifier is incompatible with C++98 [-Wc++98-compat]
[build]   768 |                 case detail::value_t::binary:
[build]       |                              ^
[build] C:\Users\pperv\code\unnamed_rpg\vendor\json\include\nlohmann/detail/json_pointer.hpp(769,30): warning: enumeration type in nested name specifier is incompatible with C++98 [-Wc++98-compat]
[build]   769 |                 case detail::value_t::discarded:
[build]       |                              ^
[build] C:\Users\pperv\code\unnamed_rpg\vendor\json\include\nlohmann/detail/json_pointer.hpp(710,22): warning: enumeration type in nested name specifier is incompatible with C++98 [-Wc++98-compat]
[build]   710 |                 case detail::value_t::object:
[build]       |                      ^
[build] C:\Users\pperv\code\unnamed_rpg\vendor\json\include\nlohmann/json.hpp(2818,20): note: in instantiation of function template specialization 'nlohmann::json_pointer<std::basic_string<char>>::contains<nlohmann::basic_json<>>' requested here
[build]  2818 |         return ptr.contains(this);
[build]       |                    ^
[build] C:\Users\pperv\code\unnamed_rpg\vendor\json-schema-validator\src\json-validator.cpp(231,17): note: in instantiation of member function 'nlohmann::basic_json<>::contains' requested here
[build]   231 |                                 if (unk_kw->contains(rt_ptr) == false)
[build]       |                                             ^
[build] In file included from C:\Users\pperv\code\unnamed_rpg\vendor\json-schema-validator\src\json-validator.cpp:9:
[build] In file included from C:\Users\pperv\code\unnamed_rpg\vendor\json-schema-validator\src\nlohmann/json-schema.hpp:24:
[build] In file included from C:\Users\pperv\code\unnamed_rpg\vendor\json\include\nlohmann/json.hpp:60:
[build] C:\Users\pperv\code\unnamed_rpg\vendor\json\include\nlohmann/detail/json_pointer.hpp(722,22): warning: enumeration type in nested name specifier is incompatible with C++98 [-Wc++98-compat]
[build]   722 |                 case detail::value_t::array:
[build]       |                      ^
[build] C:\Users\pperv\code\unnamed_rpg\vendor\json\include\nlohmann/detail/json_pointer.hpp(762,22): warning: enumeration type in nested name specifier is incompatible with C++98 [-Wc++98-compat]
[build]   762 |                 case detail::value_t::null:
[build]       |                      ^
[build] C:\Users\pperv\code\unnamed_rpg\vendor\json\include\nlohmann/detail/json_pointer.hpp(763,22): warning: enumeration type in nested name specifier is incompatible with C++98 [-Wc++98-compat]
[build]   763 |                 case detail::value_t::string:
[build]       |                      ^
[build] C:\Users\pperv\code\unnamed_rpg\vendor\json\include\nlohmann/detail/json_pointer.hpp(764,22): warning: enumeration type in nested name specifier is incompatible with C++98 [-Wc++98-compat]
[build]   764 |                 case detail::value_t::boolean:
[build]       |                      ^
[build] C:\Users\pperv\code\unnamed_rpg\vendor\json\include\nlohmann/detail/json_pointer.hpp(765,22): warning: enumeration type in nested name specifier is incompatible with C++98 [-Wc++98-compat]
[build]   765 |                 case detail::value_t::number_integer:
[build]       |                      ^
[build] C:\Users\pperv\code\unnamed_rpg\vendor\json\include\nlohmann/detail/json_pointer.hpp(766,22): warning: enumeration type in nested name specifier is incompatible with C++98 [-Wc++98-compat]
[build]   766 |                 case detail::value_t::number_unsigned:
[build]       |                      ^
[build] C:\Users\pperv\code\unnamed_rpg\vendor\json\include\nlohmann/detail/json_pointer.hpp(767,22): warning: enumeration type in nested name specifier is incompatible with C++98 [-Wc++98-compat]
[build]   767 |                 case detail::value_t::number_float:
[build]       |                      ^
[build] C:\Users\pperv\code\unnamed_rpg\vendor\json\include\nlohmann/detail/json_pointer.hpp(768,22): warning: enumeration type in nested name specifier is incompatible with C++98 [-Wc++98-compat]
[build]   768 |                 case detail::value_t::binary:
[build]       |                      ^
[build] C:\Users\pperv\code\unnamed_rpg\vendor\json\include\nlohmann/detail/json_pointer.hpp(769,22): warning: enumeration type in nested name specifier is incompatible with C++98 [-Wc++98-compat]
[build]   769 |                 case detail::value_t::discarded:
[build]       |                      ^
[build] C:\Users\pperv\code\unnamed_rpg\vendor\json\include\nlohmann/detail/json_pointer.hpp(770,17): warning: default label in switch which covers all enumeration values [-Wcovered-switch-default]
[build]   770 |                 default:
[build]       |                 ^
[build] In file included from C:\Users\pperv\code\unnamed_rpg\vendor\json-schema-validator\src\json-validator.cpp:9:
[build] In file included from C:\Users\pperv\code\unnamed_rpg\vendor\json-schema-validator\src\nlohmann/json-schema.hpp:24:
[build] C:\Users\pperv\code\unnamed_rpg\vendor\json\include\nlohmann/json.hpp(2217,13): warning: 'auto' type specifier is incompatible with C++98 [-Wc++98-compat]
[build]  2217 |             auto it = m_data.m_value.object->find(key);
[build]       |             ^~~~
[build] C:\Users\pperv\code\unnamed_rpg\vendor\json\include\nlohmann/json.hpp(4247,18): warning: enumeration type in nested name specifier is incompatible with C++98 [-Wc++98-compat]
[build]  4247 |             case value_t::null:
[build]       |                  ^
[build] C:\Users\pperv\code\unnamed_rpg\vendor\json\include\nlohmann/json.hpp(2222,113): note: in instantiation of member function 'nlohmann::basic_json<>::type_name' requested here
[build]  2222 |         JSON_THROW(type_error::create(305, detail::concat("cannot use operator[] with a string argument with ", type_name()), this));
[build]       |                                                                                                                 ^
[build] C:\Users\pperv\code\unnamed_rpg\vendor\json\include\nlohmann/detail/macro_scope.hpp(198,41): note: expanded from macro 'JSON_THROW'
[build]   198 |     #define JSON_THROW(exception) throw exception
[build]       |                                         ^
[build] C:\Users\pperv\code\unnamed_rpg\vendor\json\include\nlohmann/detail/json_pointer.hpp(718,33): note: in instantiation of member function 'nlohmann::basic_json<>::operator[]' requested here
[build]   718 |                     ptr = &ptr->operator[](reference_token);
[build]       |                                 ^
[build] C:\Users\pperv\code\unnamed_rpg\vendor\json\include\nlohmann/json.hpp(2818,20): note: in instantiation of function template specialization 'nlohmann::json_pointer<std::basic_string<char>>::contains<nlohmann::basic_json<>>' requested here
[build]  2818 |         return ptr.contains(this);
[build]       |                    ^
[build] C:\Users\pperv\code\unnamed_rpg\vendor\json-schema-validator\src\json-validator.cpp(231,17): note: in instantiation of member function 'nlohmann::basic_json<>::contains' requested here
[build]   231 |                                 if (unk_kw->contains(rt_ptr) == false)
[build]       |                                             ^
[build] In file included from C:\Users\pperv\code\unnamed_rpg\vendor\json-schema-validator\src\json-validator.cpp:9:
[build] In file included from C:\Users\pperv\code\unnamed_rpg\vendor\json-schema-validator\src\nlohmann/json-schema.hpp:24:
[build] C:\Users\pperv\code\unnamed_rpg\vendor\json\include\nlohmann/json.hpp(4249,18): warning: enumeration type in nested name specifier is incompatible with C++98 [-Wc++98-compat]
[build]  4249 |             case value_t::object:
[build]       |                  ^
[build] C:\Users\pperv\code\unnamed_rpg\vendor\json\include\nlohmann/json.hpp(4251,18): warning: enumeration type in nested name specifier is incompatible with C++98 [-Wc++98-compat]
[build]  4251 |             case value_t::array:
[build]       |                  ^
[build] C:\Users\pperv\code\unnamed_rpg\vendor\json\include\nlohmann/json.hpp(4253,18): warning: enumeration type in nested name specifier is incompatible with C++98 [-Wc++98-compat]
[build]  4253 |             case value_t::string:
[build]       |                  ^
[build] C:\Users\pperv\code\unnamed_rpg\vendor\json\include\nlohmann/json.hpp(4255,18): warning: enumeration type in nested name specifier is incompatible with C++98 [-Wc++98-compat]
[build]  4255 |             case value_t::boolean:
[build]       |                  ^
[build] C:\Users\pperv\code\unnamed_rpg\vendor\json\include\nlohmann/json.hpp(4257,18): warning: enumeration type in nested name specifier is incompatible with C++98 [-Wc++98-compat]
[build]  4257 |             case value_t::binary:
[build]       |                  ^
[build] C:\Users\pperv\code\unnamed_rpg\vendor\json\include\nlohmann/json.hpp(4259,18): warning: enumeration type in nested name specifier is incompatible with C++98 [-Wc++98-compat]
[build]  4259 |             case value_t::discarded:
[build]       |                  ^
[build] C:\Users\pperv\code\unnamed_rpg\vendor\json\include\nlohmann/json.hpp(4261,18): warning: enumeration type in nested name specifier is incompatible with C++98 [-Wc++98-compat]
[build]  4261 |             case value_t::number_integer:
[build]       |                  ^
[build] C:\Users\pperv\code\unnamed_rpg\vendor\json\include\nlohmann/json.hpp(4262,18): warning: enumeration type in nested name specifier is incompatible with C++98 [-Wc++98-compat]
[build]  4262 |             case value_t::number_unsigned:
[build]       |                  ^
[build] C:\Users\pperv\code\unnamed_rpg\vendor\json\include\nlohmann/json.hpp(4263,18): warning: enumeration type in nested name specifier is incompatible with C++98 [-Wc++98-compat]
[build]  4263 |             case value_t::number_float:
[build]       |                  ^
[build] C:\Users\pperv\code\unnamed_rpg\vendor\json\include\nlohmann/json.hpp(4265,13): warning: default label in switch which covers all enumeration values [-Wcovered-switch-default]
[build]  4265 |             default:
[build]       |             ^
[build] In file included from C:\Users\pperv\code\unnamed_rpg\vendor\json-schema-validator\src\json-validator.cpp:9:
[build] In file included from C:\Users\pperv\code\unnamed_rpg\vendor\json-schema-validator\src\nlohmann/json-schema.hpp:24:
[build] In file included from C:\Users\pperv\code\unnamed_rpg\vendor\json\include\nlohmann/json.hpp:44:
[build] In file included from C:\Users\pperv\code\unnamed_rpg\vendor\json\include\nlohmann/adl_serializer.hpp:14:
[build] In file included from C:\Users\pperv\code\unnamed_rpg\vendor\json\include\nlohmann/detail/conversions/from_json.hpp:24:
[build] C:\Users\pperv\code\unnamed_rpg\vendor\json\include\nlohmann/detail/exceptions.hpp(244,16): warning: generalized initializer lists are incompatible with C++98 [-Wc++98-compat]
[build]   244 |         return {id_, w.c_str()};
[build]       |                ^~~~~~~~~~~~~~~~
[build] C:\Users\pperv\code\unnamed_rpg\vendor\json\include\nlohmann/detail/exceptions.hpp(244,16): warning: constructor call from initializer list is incompatible with C++98 [-Wc++98-compat]
[build]   244 |         return {id_, w.c_str()};
[build]       |                ^~~~~~~~~~~~~~~~
[build] C:\Users\pperv\code\unnamed_rpg\vendor\json\include\nlohmann/detail/json_pointer.hpp(718,33): note: in instantiation of member function 'nlohmann::basic_json<>::operator[]' requested here
[build]   718 |                     ptr = &ptr->operator[](reference_token);
[build]       |                                 ^
[build] C:\Users\pperv\code\unnamed_rpg\vendor\json\include\nlohmann/json.hpp(2818,20): note: in instantiation of function template specialization 'nlohmann::json_pointer<std::basic_string<char>>::contains<nlohmann::basic_json<>>' requested here
[build]  2818 |         return ptr.contains(this);
[build]       |                    ^
[build] C:\Users\pperv\code\unnamed_rpg\vendor\json-schema-validator\src\json-validator.cpp(231,17): note: in instantiation of member function 'nlohmann::basic_json<>::contains' requested here
[build]   231 |                                 if (unk_kw->contains(rt_ptr) == false)
[build]       |                                             ^
[build] In file included from C:\Users\pperv\code\unnamed_rpg\vendor\json-schema-validator\src\json-validator.cpp:9:
[build] In file included from C:\Users\pperv\code\unnamed_rpg\vendor\json-schema-validator\src\nlohmann/json-schema.hpp:24:
[build] In file included from C:\Users\pperv\code\unnamed_rpg\vendor\json\include\nlohmann/json.hpp:44:
[build] In file included from C:\Users\pperv\code\unnamed_rpg\vendor\json\include\nlohmann/adl_serializer.hpp:14:
[build] In file included from C:\Users\pperv\code\unnamed_rpg\vendor\json\include\nlohmann/detail/conversions/from_json.hpp:24:
[build] C:\Users\pperv\code\unnamed_rpg\vendor\json\include\nlohmann/detail/exceptions.hpp(244,16): warning: constructor call from initializer list is incompatible with C++98 [-Wc++98-compat]
[build]   244 |         return {id_, w.c_str()};
[build]       |                ^~~~~~~~~~~~~~~~
[build] C:\Users\pperv\code\unnamed_rpg\vendor\json\include\nlohmann/json.hpp(2222,32): note: in instantiation of function template specialization 'nlohmann::detail::type_error::create<const nlohmann::basic_json<> *, 0>' requested here
[build]  2222 |         JSON_THROW(type_error::create(305, detail::concat("cannot use operator[] with a string argument with ", type_name()), this));
[build]       |                                ^
[build] C:\Users\pperv\code\unnamed_rpg\vendor\json\include\nlohmann/detail/macro_scope.hpp(198,41): note: expanded from macro 'JSON_THROW'
[build]   198 |     #define JSON_THROW(exception) throw exception
[build]       |                                         ^
[build] C:\Users\pperv\code\unnamed_rpg\vendor\json\include\nlohmann/detail/json_pointer.hpp(718,33): note: in instantiation of member function 'nlohmann::basic_json<>::operator[]' requested here
[build]   718 |                     ptr = &ptr->operator[](reference_token);
[build]       |                                 ^
[build] C:\Users\pperv\code\unnamed_rpg\vendor\json\include\nlohmann/json.hpp(2818,20): note: in instantiation of function template specialization 'nlohmann::json_pointer<std::basic_string<char>>::contains<nlohmann::basic_json<>>' requested here
[build]  2818 |         return ptr.contains(this);
[build]       |                    ^
[build] C:\Users\pperv\code\unnamed_rpg\vendor\json-schema-validator\src\json-validator.cpp(231,17): note: in instantiation of member function 'nlohmann::basic_json<>::contains' requested here
[build]   231 |                                 if (unk_kw->contains(rt_ptr) == false)
[build]       |                                             ^
[build] In file included from C:\Users\pperv\code\unnamed_rpg\vendor\json-schema-validator\src\json-validator.cpp:9:
[build] In file included from C:\Users\pperv\code\unnamed_rpg\vendor\json-schema-validator\src\nlohmann/json-schema.hpp:24:
[build] In file included from C:\Users\pperv\code\unnamed_rpg\vendor\json\include\nlohmann/json.hpp:60:
[build] C:\Users\pperv\code\unnamed_rpg\vendor\json\include\nlohmann/detail/json_pointer.hpp(254,27): warning: alias declarations are incompatible with C++98 [-Wc++98-compat]
[build]   254 |         using size_type = typename BasicJsonType::size_type;
[build]       |                           ^
[build] C:\Users\pperv\code\unnamed_rpg\vendor\json\include\nlohmann/detail/json_pointer.hpp(259,125): warning: 'nullptr' is incompatible with C++98 [-Wc++98-compat]
[build]   259 |             JSON_THROW(detail::parse_error::create(106, 0, detail::concat("array index '", s, "' must not begin with '0'"), nullptr));
[build]       |                                                                                                                             ^
[build] C:\Users\pperv\code\unnamed_rpg\vendor\json\include\nlohmann/detail/json_pointer.hpp(265,117): warning: 'nullptr' is incompatible with C++98 [-Wc++98-compat]
[build]   265 |             JSON_THROW(detail::parse_error::create(109, 0, detail::concat("array index '", s, "' is not a number"), nullptr));
[build]       |                                                                                                                     ^
[build] C:\Users\pperv\code\unnamed_rpg\vendor\json\include\nlohmann/detail/json_pointer.hpp(269,23): warning: 'nullptr' is incompatible with C++98 [-Wc++98-compat]
[build]   269 |         char* p_end = nullptr; // NOLINT(misc-const-correctness)
[build]       |                       ^
[build] C:\Users\pperv\code\unnamed_rpg\vendor\json\include\nlohmann/detail/json_pointer.hpp(271,24): warning: 'long long' is incompatible with C++98 [-Wc++98-compat-pedantic]
[build]   271 |         const unsigned long long res = std::strtoull(p, &p_end, 10); // NOLINT(runtime/int)
[build]       |                        ^
[build] C:\Users\pperv\code\unnamed_rpg\vendor\json\include\nlohmann/json.hpp(2818,20): note: in instantiation of function template specialization 'nlohmann::json_pointer<std::basic_string<char>>::contains<nlohmann::basic_json<>>' requested here
[build]  2818 |         return ptr.contains(this);
[build]       |                    ^
[build] C:\Users\pperv\code\unnamed_rpg\vendor\json-schema-validator\src\json-validator.cpp(231,17): note: in instantiation of member function 'nlohmann::basic_json<>::contains' requested here
[build]   231 |                                 if (unk_kw->contains(rt_ptr) == false)
[build]       |                                             ^
[build] In file included from C:\Users\pperv\code\unnamed_rpg\vendor\json-schema-validator\src\json-validator.cpp:9:
[build] In file included from C:\Users\pperv\code\unnamed_rpg\vendor\json-schema-validator\src\nlohmann/json-schema.hpp:24:
[build] In file included from C:\Users\pperv\code\unnamed_rpg\vendor\json\include\nlohmann/json.hpp:60:
[build] C:\Users\pperv\code\unnamed_rpg\vendor\json\include\nlohmann/detail/json_pointer.hpp(276,114): warning: 'nullptr' is incompatible with C++98 [-Wc++98-compat]
[build]   276 |             JSON_THROW(detail::out_of_range::create(404, detail::concat("unresolved reference token '", s, "'"), nullptr));
[build]       |                                                                                                                  ^
[build] C:\Users\pperv\code\unnamed_rpg\vendor\json\include\nlohmann/detail/json_pointer.hpp(281,41): warning: 'long long' is incompatible with C++98 [-Wc++98-compat-pedantic]
[build]   281 |         if (res >= static_cast<unsigned long long>((std::numeric_limits<size_type>::max)()))  // NOLINT(runtime/int)
[build]       |                                         ^
[build] C:\Users\pperv\code\unnamed_rpg\vendor\json\include\nlohmann/detail/json_pointer.hpp(283,115): warning: 'nullptr' is incompatible with C++98 [-Wc++98-compat]
[build]   283 |             JSON_THROW(detail::out_of_range::create(410, detail::concat("array index ", s, " exceeds size_type"), nullptr));   // LCOV_EXCL_LINE
[build]       |                                                                                                                   ^
[build] In file included from C:\Users\pperv\code\unnamed_rpg\vendor\json-schema-validator\src\json-validator.cpp:9:
[build] In file included from C:\Users\pperv\code\unnamed_rpg\vendor\json-schema-validator\src\nlohmann/json-schema.hpp:24:
[build] C:\Users\pperv\code\unnamed_rpg\vendor\json\include\nlohmann/json.hpp(2203,13): warning: 'auto' type specifier is incompatible with C++98 [-Wc++98-compat]
[build]  2203 |             auto result = m_data.m_value.object->emplace(std::move(key), nullptr);
[build]       |             ^~~~
[build] C:\Users\pperv\code\unnamed_rpg\vendor\json\include\nlohmann/json.hpp(2203,74): warning: 'nullptr' is incompatible with C++98 [-Wc++98-compat]
[build]  2203 |             auto result = m_data.m_value.object->emplace(std::move(key), nullptr);
[build]       |                                                                          ^
[build] C:\Users\pperv\code\unnamed_rpg\vendor\json\include\nlohmann/json.hpp(2195,29): warning: enumeration type in nested name specifier is incompatible with C++98 [-Wc++98-compat]
[build]  2195 |             m_data.m_type = value_t::object;
[build]       |                             ^
[build] C:\Users\pperv\code\unnamed_rpg\vendor\json-schema-validator\src\json-validator.cpp(232,15): note: in instantiation of member function 'nlohmann::basic_json<>::operator[]' requested here
[build]   232 |                                         (*unk_kw)[rt] = json::object();
[build]       |                                                  ^
[build] In file included from C:\Users\pperv\code\unnamed_rpg\vendor\json-schema-validator\src\json-validator.cpp:9:
[build] In file included from C:\Users\pperv\code\unnamed_rpg\vendor\json-schema-validator\src\nlohmann/json-schema.hpp:24:
[build] In file included from C:\Users\pperv\code\unnamed_rpg\vendor\json\include\nlohmann/json.hpp:44:
[build] In file included from C:\Users\pperv\code\unnamed_rpg\vendor\json\include\nlohmann/adl_serializer.hpp:14:
[build] In file included from C:\Users\pperv\code\unnamed_rpg\vendor\json\include\nlohmann/detail/conversions/from_json.hpp:24:
[build] C:\Users\pperv\code\unnamed_rpg\vendor\json\include\nlohmann/detail/exceptions.hpp(244,16): warning: constructor call from initializer list is incompatible with C++98 [-Wc++98-compat]
[build]   244 |         return {id_, w.c_str()};
[build]       |                ^~~~~~~~~~~~~~~~
[build] C:\Users\pperv\code\unnamed_rpg\vendor\json\include\nlohmann/json.hpp(2207,32): note: in instantiation of function template specialization 'nlohmann::detail::type_error::create<nlohmann::basic_json<> *, 0>' requested here
[build]  2207 |         JSON_THROW(type_error::create(305, detail::concat("cannot use operator[] with a string argument with ", type_name()), this));
[build]       |                                ^
[build] C:\Users\pperv\code\unnamed_rpg\vendor\json\include\nlohmann/detail/macro_scope.hpp(198,41): note: expanded from macro 'JSON_THROW'
[build]   198 |     #define JSON_THROW(exception) throw exception
[build]       |                                         ^
[build] C:\Users\pperv\code\unnamed_rpg\vendor\json-schema-validator\src\json-validator.cpp(232,15): note: in instantiation of member function 'nlohmann::basic_json<>::operator[]' requested here
[build]   232 |                                         (*unk_kw)[rt] = json::object();
[build]       |                                                  ^
[build] In file included from C:\Users\pperv\code\unnamed_rpg\vendor\json-schema-validator\src\json-validator.cpp:9:
[build] In file included from C:\Users\pperv\code\unnamed_rpg\vendor\json-schema-validator\src\nlohmann/json-schema.hpp:24:
[build] C:\Users\pperv\code\unnamed_rpg\vendor\json\include\nlohmann/json.hpp(1062,40): warning: enumeration type in nested name specifier is incompatible with C++98 [-Wc++98-compat]
[build]  1062 |         return basic_json(init, false, value_t::object);
[build]       |                                        ^
[build] C:\Users\pperv\code\unnamed_rpg\vendor\json-schema-validator\src\json-validator.cpp(232,28): note: in instantiation of member function 'nlohmann::basic_json<>::object' requested here
[build]   232 |                                         (*unk_kw)[rt] = json::object();
[build]       |                                                               ^
[build] In file included from C:\Users\pperv\code\unnamed_rpg\vendor\json-schema-validator\src\json-validator.cpp:9:
[build] In file included from C:\Users\pperv\code\unnamed_rpg\vendor\json-schema-validator\src\nlohmann/json-schema.hpp:24:
[build] C:\Users\pperv\code\unnamed_rpg\vendor\json\include\nlohmann/json.hpp(947,41): warning: lambda expressions are incompatible with C++98 [-Wc++98-compat]
[build]   947 |                                         [](const detail::json_ref<basic_json>& element_ref)
[build]       |                                         ^
[build] C:\Users\pperv\code\unnamed_rpg\vendor\json\include\nlohmann/json.hpp(967,98): warning: 'nullptr' is incompatible with C++98 [-Wc++98-compat]
[build]   967 |                 JSON_THROW(type_error::create(301, "cannot create object from initializer list", nullptr));
[build]       |                                                                                                  ^
[build] C:\Users\pperv\code\unnamed_rpg\vendor\json\include\nlohmann/json.hpp(977,18): warning: 'auto' type specifier is incompatible with C++98 [-Wc++98-compat]
[build]   977 |             for (auto& element_ref : init)
[build]       |                  ^~~~
[build] C:\Users\pperv\code\unnamed_rpg\vendor\json\include\nlohmann/json.hpp(977,36): warning: range-based for loop is incompatible with C++98 [-Wc++98-compat]
[build]   977 |             for (auto& element_ref : init)
[build]       |                                    ^
[build] C:\Users\pperv\code\unnamed_rpg\vendor\json\include\nlohmann/json.hpp(979,17): warning: 'auto' type specifier is incompatible with C++98 [-Wc++98-compat]
[build]   979 |                 auto element = element_ref.moved_or_copied();
[build]       |                 ^~~~
[build] C:\Users\pperv\code\unnamed_rpg\vendor\json\include\nlohmann/json.hpp(1439,33): warning: enumeration type in nested name specifier is incompatible with C++98 [-Wc++98-compat]
[build]  1439 |         return m_data.m_type == value_t::string;
[build]       |                                 ^
[build] C:\Users\pperv\code\unnamed_rpg\vendor\json\include\nlohmann/json.hpp(952,117): note: in instantiation of member function 'nlohmann::basic_json<>::is_string' requested here
[build]   952 |             return element_ref->is_array() && element_ref->size() == 2 && (*element_ref)[static_cast<size_type>(0)].is_string();
[build]       |                                                                                                                     ^
[build] C:\Users\pperv\code\unnamed_rpg\vendor\json\include\nlohmann/json.hpp(948,9): note: while substituting into a lambda expression here
[build]   948 |         {
[build]       |         ^
[build] C:\Users\pperv\code\unnamed_rpg\vendor\json\include\nlohmann/json.hpp(1062,16): note: in instantiation of member function 'nlohmann::basic_json<>::basic_json' requested here
[build]  1062 |         return basic_json(init, false, value_t::object);
[build]       |                ^
[build] C:\Users\pperv\code\unnamed_rpg\vendor\json-schema-validator\src\json-validator.cpp(232,28): note: in instantiation of member function 'nlohmann::basic_json<>::object' requested here
[build]   232 |                                         (*unk_kw)[rt] = json::object();
[build]       |                                                               ^
[build] In file included from C:\Users\pperv\code\unnamed_rpg\vendor\json-schema-validator\src\json-validator.cpp:9:
[build] In file included from C:\Users\pperv\code\unnamed_rpg\vendor\json-schema-validator\src\nlohmann/json-schema.hpp:24:
[build] C:\Users\pperv\code\unnamed_rpg\vendor\json\include\nlohmann/json.hpp(946,29): warning: local type '(lambda at C:\Users\pperv\code\unnamed_rpg\vendor\json\include\nlohmann\json.hpp:947:41)' as template argument is incompatible with C++98 [-Wc++98-compat-local-type-template-args]
[build]   946 |         bool is_an_object = std::all_of(init.begin(), init.end(),
[build]       |                             ^~~
[build] C:\Users\pperv\code\unnamed_rpg\vendor\json\include\nlohmann/json.hpp(946,29): note: while substituting deduced template arguments into function template 'all_of' [with _InIt = const nlohmann::detail::json_ref<nlohmann::basic_json<>> *, _Pr = (lambda at C:\Users\pperv\code\unnamed_rpg\vendor\json\include\nlohmann\json.hpp:947:41)]
[build] C:\Users\pperv\code\unnamed_rpg\vendor\json\include\nlohmann/json.hpp(1062,16): note: in instantiation of member function 'nlohmann::basic_json<>::basic_json' requested here
[build]  1062 |         return basic_json(init, false, value_t::object);
[build]       |                ^
[build] C:\Users\pperv\code\unnamed_rpg\vendor\json-schema-validator\src\json-validator.cpp(232,28): note: in instantiation of member function 'nlohmann::basic_json<>::object' requested here
[build]   232 |                                         (*unk_kw)[rt] = json::object();
[build]       |                                                               ^
[build] In file included from C:\Users\pperv\code\unnamed_rpg\vendor\json-schema-validator\src\json-validator.cpp:9:
[build] In file included from C:\Users\pperv\code\unnamed_rpg\vendor\json-schema-validator\src\nlohmann/json-schema.hpp:24:
[build] C:\Users\pperv\code\unnamed_rpg\vendor\json\include\nlohmann/json.hpp(959,32): warning: enumeration type in nested name specifier is incompatible with C++98 [-Wc++98-compat]
[build]   959 |             if (manual_type == value_t::array)
[build]       |                                ^
[build] C:\Users\pperv\code\unnamed_rpg\vendor\json\include\nlohmann/json.hpp(1062,16): note: in instantiation of member function 'nlohmann::basic_json<>::basic_json' requested here
[build]  1062 |         return basic_json(init, false, value_t::object);
[build]       |                ^
[build] C:\Users\pperv\code\unnamed_rpg\vendor\json-schema-validator\src\json-validator.cpp(232,28): note: in instantiation of member function 'nlohmann::basic_json<>::object' requested here
[build]   232 |                                         (*unk_kw)[rt] = json::object();
[build]       |                                                               ^
[build] In file included from C:\Users\pperv\code\unnamed_rpg\vendor\json-schema-validator\src\json-validator.cpp:9:
[build] In file included from C:\Users\pperv\code\unnamed_rpg\vendor\json-schema-validator\src\nlohmann/json-schema.hpp:24:
[build] C:\Users\pperv\code\unnamed_rpg\vendor\json\include\nlohmann/json.hpp(965,53): warning: enumeration type in nested name specifier is incompatible with C++98 [-Wc++98-compat]
[build]   965 |             if (JSON_HEDLEY_UNLIKELY(manual_type == value_t::object && !is_an_object))
[build]       |                                                     ^
[build] C:\Users\pperv\code\unnamed_rpg\vendor\json\include\nlohmann/json.hpp(974,29): warning: enumeration type in nested name specifier is incompatible with C++98 [-Wc++98-compat]
[build]   974 |             m_data.m_type = value_t::object;
[build]       |                             ^
[build] C:\Users\pperv\code\unnamed_rpg\vendor\json\include\nlohmann/json.hpp(975,30): warning: enumeration type in nested name specifier is incompatible with C++98 [-Wc++98-compat]
[build]   975 |             m_data.m_value = value_t::object;
[build]       |                              ^
[build] C:\Users\pperv\code\unnamed_rpg\vendor\json\include\nlohmann/json.hpp(997,29): warning: enumeration type in nested name specifier is incompatible with C++98 [-Wc++98-compat]
[build]   997 |             m_data.m_type = value_t::array;
[build]       |                             ^
[build] In file included from C:\Users\pperv\code\unnamed_rpg\vendor\json-schema-validator\src\json-validator.cpp:9:
[build] In file included from C:\Users\pperv\code\unnamed_rpg\vendor\json-schema-validator\src\nlohmann/json-schema.hpp:24:
[build] In file included from C:\Users\pperv\code\unnamed_rpg\vendor\json\include\nlohmann/json.hpp:44:
[build] In file included from C:\Users\pperv\code\unnamed_rpg\vendor\json\include\nlohmann/adl_serializer.hpp:14:
[build] In file included from C:\Users\pperv\code\unnamed_rpg\vendor\json\include\nlohmann/detail/conversions/from_json.hpp:24:
[build] C:\Users\pperv\code\unnamed_rpg\vendor\json\include\nlohmann/detail/exceptions.hpp(244,16): warning: constructor call from initializer list is incompatible with C++98 [-Wc++98-compat]
[build]   244 |         return {id_, w.c_str()};
[build]       |                ^~~~~~~~~~~~~~~~
[build] C:\Users\pperv\code\unnamed_rpg\vendor\json\include\nlohmann/json.hpp(967,40): note: in instantiation of function template specialization 'nlohmann::detail::type_error::create<std::nullptr_t, 0>' requested here
[build]   967 |                 JSON_THROW(type_error::create(301, "cannot create object from initializer list", nullptr));
[build]       |                                        ^
[build] C:\Users\pperv\code\unnamed_rpg\vendor\json\include\nlohmann/detail/macro_scope.hpp(198,41): note: expanded from macro 'JSON_THROW'
[build]   198 |     #define JSON_THROW(exception) throw exception
[build]       |                                         ^
[build] C:\Users\pperv\code\unnamed_rpg\vendor\json\include\nlohmann/json.hpp(1062,16): note: in instantiation of member function 'nlohmann::basic_json<>::basic_json' requested here
[build]  1062 |         return basic_json(init, false, value_t::object);
[build]       |                ^
[build] C:\Users\pperv\code\unnamed_rpg\vendor\json-schema-validator\src\json-validator.cpp(232,28): note: in instantiation of member function 'nlohmann::basic_json<>::object' requested here
[build]   232 |                                         (*unk_kw)[rt] = json::object();
[build]       |                                                               ^
[build] In file included from C:\Users\pperv\code\unnamed_rpg\vendor\json-schema-validator\src\json-validator.cpp:9:
[build] In file included from C:\Users\pperv\code\unnamed_rpg\vendor\json-schema-validator\src\nlohmann/json-schema.hpp:24:
[build] In file included from C:\Users\pperv\code\unnamed_rpg\vendor\json\include\nlohmann/json.hpp:61:
[build] C:\Users\pperv\code\unnamed_rpg\vendor\json\include\nlohmann/detail/json_ref.hpp(55,26): warning: 'nullptr' is incompatible with C++98 [-Wc++98-compat]
[build]    55 |         if (value_ref == nullptr)
[build]       |                          ^
[build] In file included from C:\Users\pperv\code\unnamed_rpg\vendor\json-schema-validator\src\json-validator.cpp:9:
[build] In file included from C:\Users\pperv\code\unnamed_rpg\vendor\json-schema-validator\src\nlohmann/json-schema.hpp:24:
[build] C:\Users\pperv\code\unnamed_rpg\vendor\json\include\nlohmann/json.hpp(420,28): warning: local type '(lambda at C:\Users\pperv\code\unnamed_rpg\vendor\json\include\nlohmann\json.hpp:416:24)' as template argument is incompatible with C++98 [-Wc++98-compat-local-type-template-args]
[build]   420 |         std::unique_ptr<T, decltype(deleter)> obj(AllocatorTraits::allocate(alloc, 1), deleter);
[build]       |                            ^~~~~~~~~~~~~~~~~
[build] C:\Users\pperv\code\unnamed_rpg\vendor\json\include\nlohmann/json.hpp(998,36): note: in instantiation of function template specialization 'nlohmann::basic_json<>::create<std::vector<nlohmann::basic_json<>>, const nlohmann::detail::json_ref<nlohmann::basic_json<>> *, const nlohmann::detail::json_ref<nlohmann::basic_json<>> *>' requested here
[build]   998 |             m_data.m_value.array = create<array_t>(init.begin(), init.end());
[build]       |                                    ^
[build] C:\Users\pperv\code\unnamed_rpg\vendor\json\include\nlohmann/json.hpp(1062,16): note: in instantiation of member function 'nlohmann::basic_json<>::basic_json' requested here
[build]  1062 |         return basic_json(init, false, value_t::object);
[build]       |                ^
[build] C:\Users\pperv\code\unnamed_rpg\vendor\json-schema-validator\src\json-validator.cpp(232,28): note: in instantiation of member function 'nlohmann::basic_json<>::object' requested here
[build]   232 |                                         (*unk_kw)[rt] = json::object();
[build]       |                                                               ^
[build] In file included from C:\Users\pperv\code\unnamed_rpg\vendor\json-schema-validator\src\json-validator.cpp:9:
[build] In file included from C:\Users\pperv\code\unnamed_rpg\vendor\json-schema-validator\src\nlohmann/json-schema.hpp:24:
[build] C:\Users\pperv\code\unnamed_rpg\vendor\json\include\nlohmann/json.hpp(1188,38): warning: delegating constructors are incompatible with C++98 [-Wc++98-compat]
[build]  1188 |     basic_json(const JsonRef& ref) : basic_json(ref.moved_or_copied()) {}
[build]       |                                      ^
[build] C:\Program Files\Microsoft Visual Studio\18\Community\VC\Tools\MSVC\14.51.36231\include\xmemory(732,76): note: in instantiation of function template specialization 'nlohmann::basic_json<>::basic_json<nlohmann::detail::json_ref<nlohmann::basic_json<>>, 0>' requested here
[build]   732 |         ::new (const_cast<void*>(static_cast<const volatile void*>(_Ptr))) _Objty(_STD forward<_Types>(_Args)...);
[build]       |                                                                            ^
[build] C:\Program Files\Microsoft Visual Studio\18\Community\VC\Tools\MSVC\14.51.36231\include\xmemory(1868,35): note: in instantiation of function template specialization 'std::_Default_allocator_traits<std::allocator<nlohmann::basic_json<>>>::construct<nlohmann::basic_json<>, const nlohmann::detail::json_ref<nlohmann::basic_json<>> &>' requested here
[build]  1868 |         allocator_traits<_Alloc>::construct(_Al, _STD _Unfancy(_Last), _STD forward<_Types>(_Vals)...);
[build]       |                                   ^
[build] C:\Program Files\Microsoft Visual Studio\18\Community\VC\Tools\MSVC\14.51.36231\include\xmemory(1926,18): note: in instantiation of function template specialization 'std::_Uninitialized_backout_al<std::allocator<nlohmann::basic_json<>>>::_Emplace_back<const nlohmann::detail::json_ref<nlohmann::basic_json<>> &>' requested here
[build]  1926 |         _Backout._Emplace_back(*_UFirst);
[build]       |                  ^
[build] C:\Program Files\Microsoft Visual Studio\18\Community\VC\Tools\MSVC\14.51.36231\include\vector(2128,41): note: in instantiation of function template specialization 'std::_Uninitialized_copy<const nlohmann::detail::json_ref<nlohmann::basic_json<>> *, const nlohmann::detail::json_ref<nlohmann::basic_json<>> *, std::allocator<nlohmann::basic_json<>>>' requested here
[build]  2128 |                 _My_data._Mylast = _STD _Uninitialized_copy(_STD forward<_Valty>(_Val)..., _My_data._Myfirst, _Al);
[build]       |                                         ^
[build] C:\Program Files\Microsoft Visual Studio\18\Community\VC\Tools\MSVC\14.51.36231\include\vector(702,13): note: in instantiation of function template specialization 'std::vector<nlohmann::basic_json<>>::_Construct_n<const nlohmann::detail::json_ref<nlohmann::basic_json<>> *, const nlohmann::detail::json_ref<nlohmann::basic_json<>> *>' requested here
[build]   702 |             _Construct_n(_Count, _STD move(_UFirst), _STD move(_ULast));
[build]       |             ^
[build] C:\Program Files\Microsoft Visual Studio\18\Community\VC\Tools\MSVC\14.51.36231\include\xmemory(732,76): note: in instantiation of function template specialization 'std::vector<nlohmann::basic_json<>>::vector<const nlohmann::detail::json_ref<nlohmann::basic_json<>> *, 0>' requested here
[build]   732 |         ::new (const_cast<void*>(static_cast<const volatile void*>(_Ptr))) _Objty(_STD forward<_Types>(_Args)...);
[build]       |                                                                            ^
[build] C:\Users\pperv\code\unnamed_rpg\vendor\json\include\nlohmann/json.hpp(421,26): note: in instantiation of function template specialization 'std::_Default_allocator_traits<std::allocator<std::vector<nlohmann::basic_json<>>>>::construct<std::vector<nlohmann::basic_json<>>, const nlohmann::detail::json_ref<nlohmann::basic_json<>> *, const nlohmann::detail::json_ref<nlohmann::basic_json<>> *>' requested here
[build]   421 |         AllocatorTraits::construct(alloc, obj.get(), std::forward<Args>(args)...);
[build]       |                          ^
[build] C:\Users\pperv\code\unnamed_rpg\vendor\json\include\nlohmann/json.hpp(998,36): note: in instantiation of function template specialization 'nlohmann::basic_json<>::create<std::vector<nlohmann::basic_json<>>, const nlohmann::detail::json_ref<nlohmann::basic_json<>> *, const nlohmann::detail::json_ref<nlohmann::basic_json<>> *>' requested here
[build]   998 |             m_data.m_value.array = create<array_t>(init.begin(), init.end());
[build]       |                                    ^
[build] C:\Users\pperv\code\unnamed_rpg\vendor\json\include\nlohmann/json.hpp(1062,16): note: in instantiation of member function 'nlohmann::basic_json<>::basic_json' requested here
[build]  1062 |         return basic_json(init, false, value_t::object);
[build]       |                ^
[build] C:\Users\pperv\code\unnamed_rpg\vendor\json-schema-validator\src\json-validator.cpp(232,28): note: in instantiation of member function 'nlohmann::basic_json<>::object' requested here
[build]   232 |                                         (*unk_kw)[rt] = json::object();
[build]       |                                                               ^
[build] In file included from C:\Users\pperv\code\unnamed_rpg\vendor\json-schema-validator\src\json-validator.cpp:9:
[build] In file included from C:\Users\pperv\code\unnamed_rpg\vendor\json-schema-validator\src\nlohmann/json-schema.hpp:24:
[build] In file included from C:\Users\pperv\code\unnamed_rpg\vendor\json\include\nlohmann/json.hpp:60:
[build] C:\Users\pperv\code\unnamed_rpg\vendor\json\include\nlohmann/detail/json_pointer.hpp(394,20): warning: 'auto' type specifier is incompatible with C++98 [-Wc++98-compat]
[build]   394 |         for (const auto& reference_token : reference_tokens)
[build]       |                    ^~~~
[build] C:\Users\pperv\code\unnamed_rpg\vendor\json-schema-validator\src\json-validator.cpp(233,24): note: in instantiation of member function 'nlohmann::basic_json<>::operator[]' requested here
[build]   233 |                                 unk_kw = &(*unk_kw)[rt_ptr];
[build]       |                                                    ^
[build] In file included from C:\Users\pperv\code\unnamed_rpg\vendor\json-schema-validator\src\json-validator.cpp:9:
[build] In file included from C:\Users\pperv\code\unnamed_rpg\vendor\json-schema-validator\src\nlohmann/json-schema.hpp:24:
[build] In file included from C:\Users\pperv\code\unnamed_rpg\vendor\json\include\nlohmann/json.hpp:60:
[build] C:\Users\pperv\code\unnamed_rpg\vendor\json\include\nlohmann/detail/json_pointer.hpp(394,42): warning: range-based for loop is incompatible with C++98 [-Wc++98-compat]
[build]   394 |         for (const auto& reference_token : reference_tokens)
[build]       |                                          ^
[build] C:\Users\pperv\code\unnamed_rpg\vendor\json\include\nlohmann/detail/json_pointer.hpp(402,33): warning: lambda expressions are incompatible with C++98 [-Wc++98-compat]
[build]   402 |                                 [](const unsigned char x)
[build]       |                                 ^
[build] C:\Users\pperv\code\unnamed_rpg\vendor\json\include\nlohmann/detail/json_pointer.hpp(409,34): warning: enumeration type in nested name specifier is incompatible with C++98 [-Wc++98-compat]
[build]   409 |                        ? detail::value_t::array
[build]       |                                  ^
[build] C:\Users\pperv\code\unnamed_rpg\vendor\json\include\nlohmann/detail/json_pointer.hpp(410,34): warning: enumeration type in nested name specifier is incompatible with C++98 [-Wc++98-compat]
[build]   410 |                        : detail::value_t::object;
[build]       |                                  ^
[build] C:\Users\pperv\code\unnamed_rpg\vendor\json\include\nlohmann/detail/json_pointer.hpp(415,30): warning: enumeration type in nested name specifier is incompatible with C++98 [-Wc++98-compat]
[build]   415 |                 case detail::value_t::object:
[build]       |                              ^
[build] C:\Users\pperv\code\unnamed_rpg\vendor\json\include\nlohmann/detail/json_pointer.hpp(422,30): warning: enumeration type in nested name specifier is incompatible with C++98 [-Wc++98-compat]
[build]   422 |                 case detail::value_t::array:
[build]       |                              ^
[build] C:\Users\pperv\code\unnamed_rpg\vendor\json\include\nlohmann/detail/json_pointer.hpp(437,30): warning: enumeration type in nested name specifier is incompatible with C++98 [-Wc++98-compat]
[build]   437 |                 case detail::value_t::null:
[build]       |                              ^
[build] C:\Users\pperv\code\unnamed_rpg\vendor\json\include\nlohmann/detail/json_pointer.hpp(438,30): warning: enumeration type in nested name specifier is incompatible with C++98 [-Wc++98-compat]
[build]   438 |                 case detail::value_t::string:
[build]       |                              ^
[build] C:\Users\pperv\code\unnamed_rpg\vendor\json\include\nlohmann/detail/json_pointer.hpp(439,30): warning: enumeration type in nested name specifier is incompatible with C++98 [-Wc++98-compat]
[build]   439 |                 case detail::value_t::boolean:
[build]       |                              ^
[build] C:\Users\pperv\code\unnamed_rpg\vendor\json\include\nlohmann/detail/json_pointer.hpp(440,30): warning: enumeration type in nested name specifier is incompatible with C++98 [-Wc++98-compat]
[build]   440 |                 case detail::value_t::number_integer:
[build]       |                              ^
[build] C:\Users\pperv\code\unnamed_rpg\vendor\json\include\nlohmann/detail/json_pointer.hpp(441,30): warning: enumeration type in nested name specifier is incompatible with C++98 [-Wc++98-compat]
[build]   441 |                 case detail::value_t::number_unsigned:
[build]       |                              ^
[build] C:\Users\pperv\code\unnamed_rpg\vendor\json\include\nlohmann/detail/json_pointer.hpp(442,30): warning: enumeration type in nested name specifier is incompatible with C++98 [-Wc++98-compat]
[build]   442 |                 case detail::value_t::number_float:
[build]       |                              ^
[build] C:\Users\pperv\code\unnamed_rpg\vendor\json\include\nlohmann/detail/json_pointer.hpp(443,30): warning: enumeration type in nested name specifier is incompatible with C++98 [-Wc++98-compat]
[build]   443 |                 case detail::value_t::binary:
[build]       |                              ^
[build] C:\Users\pperv\code\unnamed_rpg\vendor\json\include\nlohmann/detail/json_pointer.hpp(444,30): warning: enumeration type in nested name specifier is incompatible with C++98 [-Wc++98-compat]
[build]   444 |                 case detail::value_t::discarded:
[build]       |                              ^
[build] C:\Users\pperv\code\unnamed_rpg\vendor\json\include\nlohmann/detail/json_pointer.hpp(401,21): warning: local type '(lambda at C:\Users\pperv\code\unnamed_rpg\vendor\json\include\nlohmann\detail\json_pointer.hpp:402:33)' as template argument is incompatible with C++98 [-Wc++98-compat-local-type-template-args]
[build]   401 |                     std::all_of(reference_token.begin(), reference_token.end(),
[build]       |                     ^~~
[build] C:\Users\pperv\code\unnamed_rpg\vendor\json\include\nlohmann/detail/json_pointer.hpp(401,21): note: while substituting deduced template arguments into function template 'all_of' [with _InIt = const_iterator, _Pr = (lambda at C:\Users\pperv\code\unnamed_rpg\vendor\json\include\nlohmann\detail\json_pointer.hpp:402:33)]
[build] C:\Users\pperv\code\unnamed_rpg\vendor\json\include\nlohmann/json.hpp(4731,20): note: in instantiation of function template specialization 'nlohmann::json_pointer<std::basic_string<char>>::get_unchecked<nlohmann::basic_json<>>' requested here
[build]  4731 |         return ptr.get_unchecked(this);
[build]       |                    ^
[build] C:\Users\pperv\code\unnamed_rpg\vendor\json-schema-validator\src\json-validator.cpp(233,24): note: in instantiation of member function 'nlohmann::basic_json<>::operator[]' requested here
[build]   233 |                                 unk_kw = &(*unk_kw)[rt_ptr];
[build]       |                                                    ^
[build] In file included from C:\Users\pperv\code\unnamed_rpg\vendor\json-schema-validator\src\json-validator.cpp:9:
[build] In file included from C:\Users\pperv\code\unnamed_rpg\vendor\json-schema-validator\src\nlohmann/json-schema.hpp:24:
[build] In file included from C:\Users\pperv\code\unnamed_rpg\vendor\json\include\nlohmann/json.hpp:60:
[build] C:\Users\pperv\code\unnamed_rpg\vendor\json\include\nlohmann/detail/json_pointer.hpp(409,26): warning: enumeration type in nested name specifier is incompatible with C++98 [-Wc++98-compat]
[build]   409 |                        ? detail::value_t::array
[build]       |                          ^
[build] C:\Users\pperv\code\unnamed_rpg\vendor\json\include\nlohmann/json.hpp(4731,20): note: in instantiation of function template specialization 'nlohmann::json_pointer<std::basic_string<char>>::get_unchecked<nlohmann::basic_json<>>' requested here
[build]  4731 |         return ptr.get_unchecked(this);
[build]       |                    ^
[build] C:\Users\pperv\code\unnamed_rpg\vendor\json-schema-validator\src\json-validator.cpp(233,24): note: in instantiation of member function 'nlohmann::basic_json<>::operator[]' requested here
[build]   233 |                                 unk_kw = &(*unk_kw)[rt_ptr];
[build]       |                                                    ^
[build] In file included from C:\Users\pperv\code\unnamed_rpg\vendor\json-schema-validator\src\json-validator.cpp:9:
[build] In file included from C:\Users\pperv\code\unnamed_rpg\vendor\json-schema-validator\src\nlohmann/json-schema.hpp:24:
[build] In file included from C:\Users\pperv\code\unnamed_rpg\vendor\json\include\nlohmann/json.hpp:60:
[build] C:\Users\pperv\code\unnamed_rpg\vendor\json\include\nlohmann/detail/json_pointer.hpp(410,26): warning: enumeration type in nested name specifier is incompatible with C++98 [-Wc++98-compat]
[build]   410 |                        : detail::value_t::object;
[build]       |                          ^
[build] C:\Users\pperv\code\unnamed_rpg\vendor\json\include\nlohmann/detail/json_pointer.hpp(415,22): warning: enumeration type in nested name specifier is incompatible with C++98 [-Wc++98-compat]
[build]   415 |                 case detail::value_t::object:
[build]       |                      ^
[build] C:\Users\pperv\code\unnamed_rpg\vendor\json\include\nlohmann/json.hpp(4731,20): note: in instantiation of function template specialization 'nlohmann::json_pointer<std::basic_string<char>>::get_unchecked<nlohmann::basic_json<>>' requested here
[build]  4731 |         return ptr.get_unchecked(this);
[build]       |                    ^
[build] C:\Users\pperv\code\unnamed_rpg\vendor\json-schema-validator\src\json-validator.cpp(233,24): note: in instantiation of member function 'nlohmann::basic_json<>::operator[]' requested here
[build]   233 |                                 unk_kw = &(*unk_kw)[rt_ptr];
[build]       |                                                    ^
[build] In file included from C:\Users\pperv\code\unnamed_rpg\vendor\json-schema-validator\src\json-validator.cpp:9:
[build] In file included from C:\Users\pperv\code\unnamed_rpg\vendor\json-schema-validator\src\nlohmann/json-schema.hpp:24:
[build] In file included from C:\Users\pperv\code\unnamed_rpg\vendor\json\include\nlohmann/json.hpp:60:
[build] C:\Users\pperv\code\unnamed_rpg\vendor\json\include\nlohmann/detail/json_pointer.hpp(422,22): warning: enumeration type in nested name specifier is incompatible with C++98 [-Wc++98-compat]
[build]   422 |                 case detail::value_t::array:
[build]       |                      ^
[build] C:\Users\pperv\code\unnamed_rpg\vendor\json\include\nlohmann/detail/json_pointer.hpp(437,22): warning: enumeration type in nested name specifier is incompatible with C++98 [-Wc++98-compat]
[build]   437 |                 case detail::value_t::null:
[build]       |                      ^
[build] C:\Users\pperv\code\unnamed_rpg\vendor\json\include\nlohmann/detail/json_pointer.hpp(438,22): warning: enumeration type in nested name specifier is incompatible with C++98 [-Wc++98-compat]
[build]   438 |                 case detail::value_t::string:
[build]       |                      ^
[build] C:\Users\pperv\code\unnamed_rpg\vendor\json\include\nlohmann/detail/json_pointer.hpp(439,22): warning: enumeration type in nested name specifier is incompatible with C++98 [-Wc++98-compat]
[build]   439 |                 case detail::value_t::boolean:
[build]       |                      ^
[build] C:\Users\pperv\code\unnamed_rpg\vendor\json\include\nlohmann/detail/json_pointer.hpp(440,22): warning: enumeration type in nested name specifier is incompatible with C++98 [-Wc++98-compat]
[build]   440 |                 case detail::value_t::number_integer:
[build]       |                      ^
[build] C:\Users\pperv\code\unnamed_rpg\vendor\json\include\nlohmann/detail/json_pointer.hpp(441,22): warning: enumeration type in nested name specifier is incompatible with C++98 [-Wc++98-compat]
[build]   441 |                 case detail::value_t::number_unsigned:
[build]       |                      ^
[build] C:\Users\pperv\code\unnamed_rpg\vendor\json\include\nlohmann/detail/json_pointer.hpp(442,22): warning: enumeration type in nested name specifier is incompatible with C++98 [-Wc++98-compat]
[build]   442 |                 case detail::value_t::number_float:
[build]       |                      ^
[build] C:\Users\pperv\code\unnamed_rpg\vendor\json\include\nlohmann/detail/json_pointer.hpp(443,22): warning: enumeration type in nested name specifier is incompatible with C++98 [-Wc++98-compat]
[build]   443 |                 case detail::value_t::binary:
[build]       |                      ^
[build] C:\Users\pperv\code\unnamed_rpg\vendor\json\include\nlohmann/detail/json_pointer.hpp(444,22): warning: enumeration type in nested name specifier is incompatible with C++98 [-Wc++98-compat]
[build]   444 |                 case detail::value_t::discarded:
[build]       |                      ^
[build] C:\Users\pperv\code\unnamed_rpg\vendor\json\include\nlohmann/detail/json_pointer.hpp(445,17): warning: default label in switch which covers all enumeration values [-Wcovered-switch-default]
[build]   445 |                 default:
[build]       |                 ^
[build] In file included from C:\Users\pperv\code\unnamed_rpg\vendor\json-schema-validator\src\json-validator.cpp:9:
[build] In file included from C:\Users\pperv\code\unnamed_rpg\vendor\json-schema-validator\src\nlohmann/json-schema.hpp:24:
[build] C:\Users\pperv\code\unnamed_rpg\vendor\json\include\nlohmann/json.hpp(2136,29): warning: enumeration type in nested name specifier is incompatible with C++98 [-Wc++98-compat]
[build]  2136 |             m_data.m_type = value_t::array;
[build]       |                             ^
[build] C:\Users\pperv\code\unnamed_rpg\vendor\json\include\nlohmann/detail/json_pointer.hpp(427,37): note: in instantiation of member function 'nlohmann::basic_json<>::operator[]' requested here
[build]   427 |                         ptr = &ptr->operator[](ptr->m_data.m_value.array->size());
[build]       |                                     ^
[build] C:\Users\pperv\code\unnamed_rpg\vendor\json\include\nlohmann/json.hpp(4731,20): note: in instantiation of function template specialization 'nlohmann::json_pointer<std::basic_string<char>>::get_unchecked<nlohmann::basic_json<>>' requested here
[build]  4731 |         return ptr.get_unchecked(this);
[build]       |                    ^
[build] C:\Users\pperv\code\unnamed_rpg\vendor\json-schema-validator\src\json-validator.cpp(233,24): note: in instantiation of member function 'nlohmann::basic_json<>::operator[]' requested here
[build]   233 |                                 unk_kw = &(*unk_kw)[rt_ptr];
[build]       |                                                    ^
[build] In file included from C:\Users\pperv\code\unnamed_rpg\vendor\json-schema-validator\src\json-validator.cpp:9:
[build] In file included from C:\Users\pperv\code\unnamed_rpg\vendor\json-schema-validator\src\nlohmann/json-schema.hpp:24:
[build] In file included from C:\Users\pperv\code\unnamed_rpg\vendor\json\include\nlohmann/json.hpp:44:
[build] In file included from C:\Users\pperv\code\unnamed_rpg\vendor\json\include\nlohmann/adl_serializer.hpp:15:
[build] In file included from C:\Users\pperv\code\unnamed_rpg\vendor\json\include\nlohmann/detail/conversions/to_json.hpp:26:
[build] C:\Users\pperv\code\unnamed_rpg\vendor\json\include\nlohmann/detail/iterators/iteration_proxy.hpp(41,24): warning: constructor call from initializer list is incompatible with C++98 [-Wc++98-compat]
[build]    41 |     IteratorType anchor{};
[build]       |                        ^~
[build] C:\Users\pperv\code\unnamed_rpg\vendor\json\include\nlohmann/detail/iterators/iteration_proxy.hpp(52,14): note: in instantiation of default member initializer 'nlohmann::detail::iteration_proxy_value<nlohmann::detail::iter_impl<nlohmann::basic_json<>>>::anchor' requested here
[build]    52 |     explicit iteration_proxy_value() = default;
[build]       |              ^
[build] C:\Program Files\Microsoft Visual Studio\18\Community\VC\Tools\MSVC\14.51.36231\include\type_traits(832,84): note: in evaluation of exception specification for 'nlohmann::detail::iteration_proxy_value<nlohmann::detail::iter_impl<nlohmann::basic_json<>>>::iteration_proxy_value' needed here
[build]   832 | struct _NO_SPECIALIZATIONS_OF_TYPE_TRAITS is_default_constructible : bool_constant<__is_constructible(_Ty)> {
[build]       |                                                                                    ^
[build] C:\Users\pperv\code\unnamed_rpg\vendor\json\include\nlohmann/detail/meta/type_traits.hpp(292,35): note: in instantiation of template class 'std::is_default_constructible<nlohmann::detail::iteration_proxy_value<nlohmann::detail::iter_impl<nlohmann::basic_json<>>>>' requested here
[build]   292 | struct is_default_constructible : std::is_default_constructible<T> {};
[build]       |                                   ^
[build] C:\Users\pperv\code\unnamed_rpg\vendor\json\include\nlohmann/detail/meta/type_traits.hpp(567,5): note: in instantiation of template class 'nlohmann::detail::is_default_constructible<nlohmann::detail::iteration_proxy_value<nlohmann::detail::iter_impl<nlohmann::basic_json<>>>>' requested here
[build]   567 |     is_default_constructible<ConstructibleArrayType>::value&&
[build]       |     ^
[build] C:\Users\pperv\code\unnamed_rpg\vendor\json\include\nlohmann/detail/meta/type_traits.hpp(593,7): note: during template argument deduction for class template partial specialization 'is_constructible_array_type_impl<BasicJsonType, ConstructibleArrayType, enable_if_t<!std::is_same<ConstructibleArrayType, typename BasicJsonType::value_type>::value && !is_compatible_string_type<BasicJsonType, ConstructibleArrayType>::value && is_default_constructible<ConstructibleArrayType>::value && (std::is_move_assignable<ConstructibleArrayType>::value || std::is_copy_assignable<ConstructibleArrayType>::value) && is_detected<iterator_t, ConstructibleArrayType>::value && is_iterator_traits<iterator_traits<detected_t<iterator_t, ConstructibleArrayType>>>::value && is_detected<range_value_t, ConstructibleArrayType>::value && !std::is_same<ConstructibleArrayType, detected_t<range_value_t, ConstructibleArrayType>>::value && is_complete_type<detected_t<range_value_t, ConstructibleArrayType>>::value>>' [with BasicJsonType = nlohmann::basic_json<>, ConstructibleArrayType = nlohmann::detail::iteration_proxy_value<nlohmann::detail::iter_impl<nlohmann::basic_json<>>>]
[build]   593 |     : is_constructible_array_type_impl<BasicJsonType, ConstructibleArrayType> {};
[build]       |       ^
[build] C:\Users\pperv\code\unnamed_rpg\vendor\json\include\nlohmann/detail/meta/type_traits.hpp(593,7): note: (skipping 36 contexts in backtrace; use -ftemplate-backtrace-limit=0 to see all)
[build] C:\Users\pperv\code\unnamed_rpg\vendor\json\include\nlohmann/detail/meta/type_traits.hpp(283,3): note: in instantiation of template class 'nlohmann::detail::conjunction<nlohmann::detail::negation<std::is_same<nlohmann::detail::iteration_proxy<nlohmann::detail::iter_impl<nlohmann::basic_json<>>>, std::nullptr_t>>, nlohmann::detail::negation<std::is_same<nlohmann::detail::iteration_proxy<nlohmann::detail::iter_impl<nlohmann::basic_json<>>>, nlohmann::detail::json_ref<nlohmann::basic_json<>>>>, nlohmann::detail::negation<std::is_same<nlohmann::detail::iteration_proxy<nlohmann::detail::iter_impl<nlohmann::basic_json<>>>, char>>, nlohmann::detail::negation<nlohmann::detail::is_basic_json<nlohmann::detail::iteration_proxy<nlohmann::detail::iter_impl<nlohmann::basic_json<>>>>>, nlohmann::detail::negation<std::is_same<nlohmann::detail::iteration_proxy<nlohmann::detail::iter_impl<nlohmann::basic_json<>>>, std::initializer_list<char>>>, nlohmann::detail::is_detected_lazy<nlohmann::detail::get_template_function, const nlohmann::basic_json<> &, nlohmann::detail::iteration_proxy<nlohmann::detail::iter_impl<nlohmann::basic_json<>>>>>' requested here
[build]   283 | : std::conditional<static_cast<bool>(B::value), conjunction<Bn...>, B>::type {};
[build]       |   ^
[build] C:\Users\pperv\code\unnamed_rpg\vendor\json\include\nlohmann/json.hpp(1947,20): note: in instantiation of template class 'nlohmann::detail::conjunction<nlohmann::detail::negation<std::is_pointer<nlohmann::detail::iteration_proxy<nlohmann::detail::iter_impl<nlohmann::basic_json<>>>>>, nlohmann::detail::negation<std::is_same<nlohmann::detail::iteration_proxy<nlohmann::detail::iter_impl<nlohmann::basic_json<>>>, std::nullptr_t>>, nlohmann::detail::negation<std::is_same<nlohmann::detail::iteration_proxy<nlohmann::detail::iter_impl<nlohmann::basic_json<>>>, nlohmann::detail::json_ref<nlohmann::basic_json<>>>>, nlohmann::detail::negation<std::is_same<nlohmann::detail::iteration_proxy<nlohmann::detail::iter_impl<nlohmann::basic_json<>>>, char>>, nlohmann::detail::negation<nlohmann::detail::is_basic_json<nlohmann::detail::iteration_proxy<nlohmann::detail::iter_impl<nlohmann::basic_json<>>>>>, nlohmann::detail::negation<std::is_same<nlohmann::detail::iteration_proxy<nlohmann::detail::iter_impl<nlohmann::basic_json<>>>, std::initializer_list<char>>>, nlohmann::detail::is_detected_lazy<nlohmann::detail::get_template_function, const nlohmann::basic_json<> &, nlohmann::detail::iteration_proxy<nlohmann::detail::iter_impl<nlohmann::basic_json<>>>>>' requested here
[build]  1947 |                    detail::conjunction <
[build]       |                    ^
[build] C:\Users\pperv\code\unnamed_rpg\vendor\json\include\nlohmann/json.hpp(1967,55): note: while substituting prior template arguments into non-type template parameter [with ValueType = iteration_proxy<nlohmann::detail::iter_impl<nlohmann::basic_json<>>>]
[build]  1967 |                                         JSON_EXPLICIT operator ValueType() const
[build]       |                                                       ^~~~~~~~~~~~~~~~~~~~~~~~~~
[build] C:\Users\pperv\code\unnamed_rpg\vendor\json\include\nlohmann/json.hpp(2956,42): note: while substituting deduced template arguments into function template 'operator type-parameter-0-0' [with ValueType = iteration_proxy<nlohmann::detail::iter_impl<nlohmann::basic_json<>>>, $1 = (no value)]
[build]  2956 |         return iteration_proxy<iterator>(*this);
[build]       |                                          ^
[build] C:\Users\pperv\code\unnamed_rpg\vendor\json-schema-validator\src\json-validator.cpp(240,30): note: in instantiation of member function 'nlohmann::basic_json<>::items' requested here
[build]   240 |                         for (auto &subsch : value.items())
[build]       |                                                   ^
[build] In file included from C:\Users\pperv\code\unnamed_rpg\vendor\json-schema-validator\src\json-validator.cpp:9:
[build] In file included from C:\Users\pperv\code\unnamed_rpg\vendor\json-schema-validator\src\nlohmann/json-schema.hpp:24:
[build] In file included from C:\Users\pperv\code\unnamed_rpg\vendor\json\include\nlohmann/json.hpp:54:
[build] C:\Users\pperv\code\unnamed_rpg\vendor\json\include\nlohmann/detail/iterators/internal_iterator.hpp(27,64): warning: constructor call from initializer list is incompatible with C++98 [-Wc++98-compat]
[build]    27 |     typename BasicJsonType::object_t::iterator object_iterator {};
[build]       |                                                                ^~
[build] C:\Users\pperv\code\unnamed_rpg\vendor\json\include\nlohmann/detail/iterators/iter_impl.hpp(756,78): note: in instantiation of default member initializer 'nlohmann::detail::internal_iterator<nlohmann::basic_json<>>::object_iterator' requested here
[build]   756 |     internal_iterator<typename std::remove_const<BasicJsonType>::type> m_it {};
[build]       |                                                                              ^
[build] C:\Users\pperv\code\unnamed_rpg\vendor\json\include\nlohmann/detail/iterators/iter_impl.hpp(89,5): note: in instantiation of default member initializer 'nlohmann::detail::iter_impl<nlohmann::basic_json<>>::m_it' requested here
[build]    89 |     iter_impl() = default;
[build]       |     ^
[build] C:\Users\pperv\code\unnamed_rpg\vendor\json\include\nlohmann/detail/iterators/iteration_proxy.hpp(41,24): note: in evaluation of exception specification for 'nlohmann::detail::iter_impl<nlohmann::basic_json<>>::iter_impl' needed here
[build]    41 |     IteratorType anchor{};
[build]       |                        ^
[build] C:\Users\pperv\code\unnamed_rpg\vendor\json\include\nlohmann/detail/iterators/iteration_proxy.hpp(52,14): note: in instantiation of default member initializer 'nlohmann::detail::iteration_proxy_value<nlohmann::detail::iter_impl<nlohmann::basic_json<>>>::anchor' requested here
[build]    52 |     explicit iteration_proxy_value() = default;
[build]       |              ^
[build] C:\Program Files\Microsoft Visual Studio\18\Community\VC\Tools\MSVC\14.51.36231\include\type_traits(832,84): note: in evaluation of exception specification for 'nlohmann::detail::iteration_proxy_value<nlohmann::detail::iter_impl<nlohmann::basic_json<>>>::iteration_proxy_value' needed here
[build]   832 | struct _NO_SPECIALIZATIONS_OF_TYPE_TRAITS is_default_constructible : bool_constant<__is_constructible(_Ty)> {
[build]       |                                                                                    ^
[build] C:\Users\pperv\code\unnamed_rpg\vendor\json\include\nlohmann/detail/meta/type_traits.hpp(292,35): note: (skipping 39 contexts in backtrace; use -ftemplate-backtrace-limit=0 to see all)
[build]   292 | struct is_default_constructible : std::is_default_constructible<T> {};
[build]       |                                   ^
[build] C:\Users\pperv\code\unnamed_rpg\vendor\json\include\nlohmann/detail/meta/type_traits.hpp(283,3): note: in instantiation of template class 'nlohmann::detail::conjunction<nlohmann::detail::negation<std::is_same<nlohmann::detail::iteration_proxy<nlohmann::detail::iter_impl<nlohmann::basic_json<>>>, std::nullptr_t>>, nlohmann::detail::negation<std::is_same<nlohmann::detail::iteration_proxy<nlohmann::detail::iter_impl<nlohmann::basic_json<>>>, nlohmann::detail::json_ref<nlohmann::basic_json<>>>>, nlohmann::detail::negation<std::is_same<nlohmann::detail::iteration_proxy<nlohmann::detail::iter_impl<nlohmann::basic_json<>>>, char>>, nlohmann::detail::negation<nlohmann::detail::is_basic_json<nlohmann::detail::iteration_proxy<nlohmann::detail::iter_impl<nlohmann::basic_json<>>>>>, nlohmann::detail::negation<std::is_same<nlohmann::detail::iteration_proxy<nlohmann::detail::iter_impl<nlohmann::basic_json<>>>, std::initializer_list<char>>>, nlohmann::detail::is_detected_lazy<nlohmann::detail::get_template_function, const nlohmann::basic_json<> &, nlohmann::detail::iteration_proxy<nlohmann::detail::iter_impl<nlohmann::basic_json<>>>>>' requested here
[build]   283 | : std::conditional<static_cast<bool>(B::value), conjunction<Bn...>, B>::type {};
[build]       |   ^
[build] C:\Users\pperv\code\unnamed_rpg\vendor\json\include\nlohmann/json.hpp(1947,20): note: in instantiation of template class 'nlohmann::detail::conjunction<nlohmann::detail::negation<std::is_pointer<nlohmann::detail::iteration_proxy<nlohmann::detail::iter_impl<nlohmann::basic_json<>>>>>, nlohmann::detail::negation<std::is_same<nlohmann::detail::iteration_proxy<nlohmann::detail::iter_impl<nlohmann::basic_json<>>>, std::nullptr_t>>, nlohmann::detail::negation<std::is_same<nlohmann::detail::iteration_proxy<nlohmann::detail::iter_impl<nlohmann::basic_json<>>>, nlohmann::detail::json_ref<nlohmann::basic_json<>>>>, nlohmann::detail::negation<std::is_same<nlohmann::detail::iteration_proxy<nlohmann::detail::iter_impl<nlohmann::basic_json<>>>, char>>, nlohmann::detail::negation<nlohmann::detail::is_basic_json<nlohmann::detail::iteration_proxy<nlohmann::detail::iter_impl<nlohmann::basic_json<>>>>>, nlohmann::detail::negation<std::is_same<nlohmann::detail::iteration_proxy<nlohmann::detail::iter_impl<nlohmann::basic_json<>>>, std::initializer_list<char>>>, nlohmann::detail::is_detected_lazy<nlohmann::detail::get_template_function, const nlohmann::basic_json<> &, nlohmann::detail::iteration_proxy<nlohmann::detail::iter_impl<nlohmann::basic_json<>>>>>' requested here
[build]  1947 |                    detail::conjunction <
[build]       |                    ^
[build] C:\Users\pperv\code\unnamed_rpg\vendor\json\include\nlohmann/json.hpp(1967,55): note: while substituting prior template arguments into non-type template parameter [with ValueType = iteration_proxy<nlohmann::detail::iter_impl<nlohmann::basic_json<>>>]
[build]  1967 |                                         JSON_EXPLICIT operator ValueType() const
[build]       |                                                       ^~~~~~~~~~~~~~~~~~~~~~~~~~
[build] C:\Users\pperv\code\unnamed_rpg\vendor\json\include\nlohmann/json.hpp(2956,42): note: while substituting deduced template arguments into function template 'operator type-parameter-0-0' [with ValueType = iteration_proxy<nlohmann::detail::iter_impl<nlohmann::basic_json<>>>, $1 = (no value)]
[build]  2956 |         return iteration_proxy<iterator>(*this);
[build]       |                                          ^
[build] C:\Users\pperv\code\unnamed_rpg\vendor\json-schema-validator\src\json-validator.cpp(240,30): note: in instantiation of member function 'nlohmann::basic_json<>::items' requested here
[build]   240 |                         for (auto &subsch : value.items())
[build]       |                                                   ^
[build] In file included from C:\Users\pperv\code\unnamed_rpg\vendor\json-schema-validator\src\json-validator.cpp:9:
[build] In file included from C:\Users\pperv\code\unnamed_rpg\vendor\json-schema-validator\src\nlohmann/json-schema.hpp:24:
[build] In file included from C:\Users\pperv\code\unnamed_rpg\vendor\json\include\nlohmann/json.hpp:54:
[build] C:\Users\pperv\code\unnamed_rpg\vendor\json\include\nlohmann/detail/iterators/internal_iterator.hpp(29,62): warning: constructor call from initializer list is incompatible with C++98 [-Wc++98-compat]
[build]    29 |     typename BasicJsonType::array_t::iterator array_iterator {};
[build]       |                                                              ^~
[build] C:\Users\pperv\code\unnamed_rpg\vendor\json\include\nlohmann/detail/iterators/iter_impl.hpp(756,78): note: in instantiation of default member initializer 'nlohmann::detail::internal_iterator<nlohmann::basic_json<>>::array_iterator' requested here
[build]   756 |     internal_iterator<typename std::remove_const<BasicJsonType>::type> m_it {};
[build]       |                                                                              ^
[build] C:\Users\pperv\code\unnamed_rpg\vendor\json\include\nlohmann/detail/iterators/iter_impl.hpp(89,5): note: in instantiation of default member initializer 'nlohmann::detail::iter_impl<nlohmann::basic_json<>>::m_it' requested here
[build]    89 |     iter_impl() = default;
[build]       |     ^
[build] C:\Users\pperv\code\unnamed_rpg\vendor\json\include\nlohmann/detail/iterators/iteration_proxy.hpp(41,24): note: in evaluation of exception specification for 'nlohmann::detail::iter_impl<nlohmann::basic_json<>>::iter_impl' needed here
[build]    41 |     IteratorType anchor{};
[build]       |                        ^
[build] C:\Users\pperv\code\unnamed_rpg\vendor\json\include\nlohmann/detail/iterators/iteration_proxy.hpp(52,14): note: in instantiation of default member initializer 'nlohmann::detail::iteration_proxy_value<nlohmann::detail::iter_impl<nlohmann::basic_json<>>>::anchor' requested here
[build]    52 |     explicit iteration_proxy_value() = default;
[build]       |              ^
[build] C:\Program Files\Microsoft Visual Studio\18\Community\VC\Tools\MSVC\14.51.36231\include\type_traits(832,84): note: in evaluation of exception specification for 'nlohmann::detail::iteration_proxy_value<nlohmann::detail::iter_impl<nlohmann::basic_json<>>>::iteration_proxy_value' needed here
[build]   832 | struct _NO_SPECIALIZATIONS_OF_TYPE_TRAITS is_default_constructible : bool_constant<__is_constructible(_Ty)> {
[build]       |                                                                                    ^
[build] C:\Users\pperv\code\unnamed_rpg\vendor\json\include\nlohmann/detail/meta/type_traits.hpp(292,35): note: (skipping 39 contexts in backtrace; use -ftemplate-backtrace-limit=0 to see all)
[build]   292 | struct is_default_constructible : std::is_default_constructible<T> {};
[build]       |                                   ^
[build] C:\Users\pperv\code\unnamed_rpg\vendor\json\include\nlohmann/detail/meta/type_traits.hpp(283,3): note: in instantiation of template class 'nlohmann::detail::conjunction<nlohmann::detail::negation<std::is_same<nlohmann::detail::iteration_proxy<nlohmann::detail::iter_impl<nlohmann::basic_json<>>>, std::nullptr_t>>, nlohmann::detail::negation<std::is_same<nlohmann::detail::iteration_proxy<nlohmann::detail::iter_impl<nlohmann::basic_json<>>>, nlohmann::detail::json_ref<nlohmann::basic_json<>>>>, nlohmann::detail::negation<std::is_same<nlohmann::detail::iteration_proxy<nlohmann::detail::iter_impl<nlohmann::basic_json<>>>, char>>, nlohmann::detail::negation<nlohmann::detail::is_basic_json<nlohmann::detail::iteration_proxy<nlohmann::detail::iter_impl<nlohmann::basic_json<>>>>>, nlohmann::detail::negation<std::is_same<nlohmann::detail::iteration_proxy<nlohmann::detail::iter_impl<nlohmann::basic_json<>>>, std::initializer_list<char>>>, nlohmann::detail::is_detected_lazy<nlohmann::detail::get_template_function, const nlohmann::basic_json<> &, nlohmann::detail::iteration_proxy<nlohmann::detail::iter_impl<nlohmann::basic_json<>>>>>' requested here
[build]   283 | : std::conditional<static_cast<bool>(B::value), conjunction<Bn...>, B>::type {};
[build]       |   ^
[build] C:\Users\pperv\code\unnamed_rpg\vendor\json\include\nlohmann/json.hpp(1947,20): note: in instantiation of template class 'nlohmann::detail::conjunction<nlohmann::detail::negation<std::is_pointer<nlohmann::detail::iteration_proxy<nlohmann::detail::iter_impl<nlohmann::basic_json<>>>>>, nlohmann::detail::negation<std::is_same<nlohmann::detail::iteration_proxy<nlohmann::detail::iter_impl<nlohmann::basic_json<>>>, std::nullptr_t>>, nlohmann::detail::negation<std::is_same<nlohmann::detail::iteration_proxy<nlohmann::detail::iter_impl<nlohmann::basic_json<>>>, nlohmann::detail::json_ref<nlohmann::basic_json<>>>>, nlohmann::detail::negation<std::is_same<nlohmann::detail::iteration_proxy<nlohmann::detail::iter_impl<nlohmann::basic_json<>>>, char>>, nlohmann::detail::negation<nlohmann::detail::is_basic_json<nlohmann::detail::iteration_proxy<nlohmann::detail::iter_impl<nlohmann::basic_json<>>>>>, nlohmann::detail::negation<std::is_same<nlohmann::detail::iteration_proxy<nlohmann::detail::iter_impl<nlohmann::basic_json<>>>, std::initializer_list<char>>>, nlohmann::detail::is_detected_lazy<nlohmann::detail::get_template_function, const nlohmann::basic_json<> &, nlohmann::detail::iteration_proxy<nlohmann::detail::iter_impl<nlohmann::basic_json<>>>>>' requested here
[build]  1947 |                    detail::conjunction <
[build]       |                    ^
[build] C:\Users\pperv\code\unnamed_rpg\vendor\json\include\nlohmann/json.hpp(1967,55): note: while substituting prior template arguments into non-type template parameter [with ValueType = iteration_proxy<nlohmann::detail::iter_impl<nlohmann::basic_json<>>>]
[build]  1967 |                                         JSON_EXPLICIT operator ValueType() const
[build]       |                                                       ^~~~~~~~~~~~~~~~~~~~~~~~~~
[build] C:\Users\pperv\code\unnamed_rpg\vendor\json\include\nlohmann/json.hpp(2956,42): note: while substituting deduced template arguments into function template 'operator type-parameter-0-0' [with ValueType = iteration_proxy<nlohmann::detail::iter_impl<nlohmann::basic_json<>>>, $1 = (no value)]
[build]  2956 |         return iteration_proxy<iterator>(*this);
[build]       |                                          ^
[build] C:\Users\pperv\code\unnamed_rpg\vendor\json-schema-validator\src\json-validator.cpp(240,30): note: in instantiation of member function 'nlohmann::basic_json<>::items' requested here
[build]   240 |                         for (auto &subsch : value.items())
[build]       |                                                   ^
[build] In file included from C:\Users\pperv\code\unnamed_rpg\vendor\json-schema-validator\src\json-validator.cpp:9:
[build] In file included from C:\Users\pperv\code\unnamed_rpg\vendor\json-schema-validator\src\nlohmann/json-schema.hpp:24:
[build] In file included from C:\Users\pperv\code\unnamed_rpg\vendor\json\include\nlohmann/json.hpp:54:
[build] C:\Users\pperv\code\unnamed_rpg\vendor\json\include\nlohmann/detail/iterators/internal_iterator.hpp(31,45): warning: constructor call from initializer list is incompatible with C++98 [-Wc++98-compat]
[build]    31 |     primitive_iterator_t primitive_iterator {};
[build]       |                                             ^~
[build] C:\Users\pperv\code\unnamed_rpg\vendor\json\include\nlohmann/detail/iterators/iter_impl.hpp(756,78): note: in instantiation of default member initializer 'nlohmann::detail::internal_iterator<nlohmann::basic_json<>>::primitive_iterator' requested here
[build]   756 |     internal_iterator<typename std::remove_const<BasicJsonType>::type> m_it {};
[build]       |                                                                              ^
[build] C:\Users\pperv\code\unnamed_rpg\vendor\json\include\nlohmann/detail/iterators/iter_impl.hpp(89,5): note: in instantiation of default member initializer 'nlohmann::detail::iter_impl<nlohmann::basic_json<>>::m_it' requested here
[build]    89 |     iter_impl() = default;
[build]       |     ^
[build] C:\Users\pperv\code\unnamed_rpg\vendor\json\include\nlohmann/detail/iterators/iteration_proxy.hpp(41,24): note: in evaluation of exception specification for 'nlohmann::detail::iter_impl<nlohmann::basic_json<>>::iter_impl' needed here
[build]    41 |     IteratorType anchor{};
[build]       |                        ^
[build] C:\Users\pperv\code\unnamed_rpg\vendor\json\include\nlohmann/detail/iterators/iteration_proxy.hpp(52,14): note: in instantiation of default member initializer 'nlohmann::detail::iteration_proxy_value<nlohmann::detail::iter_impl<nlohmann::basic_json<>>>::anchor' requested here
[build]    52 |     explicit iteration_proxy_value() = default;
[build]       |              ^
[build] C:\Program Files\Microsoft Visual Studio\18\Community\VC\Tools\MSVC\14.51.36231\include\type_traits(832,84): note: in evaluation of exception specification for 'nlohmann::detail::iteration_proxy_value<nlohmann::detail::iter_impl<nlohmann::basic_json<>>>::iteration_proxy_value' needed here
[build]   832 | struct _NO_SPECIALIZATIONS_OF_TYPE_TRAITS is_default_constructible : bool_constant<__is_constructible(_Ty)> {
[build]       |                                                                                    ^
[build] C:\Users\pperv\code\unnamed_rpg\vendor\json\include\nlohmann/detail/meta/type_traits.hpp(292,35): note: (skipping 39 contexts in backtrace; use -ftemplate-backtrace-limit=0 to see all)
[build]   292 | struct is_default_constructible : std::is_default_constructible<T> {};
[build]       |                                   ^
[build] C:\Users\pperv\code\unnamed_rpg\vendor\json\include\nlohmann/detail/meta/type_traits.hpp(283,3): note: in instantiation of template class 'nlohmann::detail::conjunction<nlohmann::detail::negation<std::is_same<nlohmann::detail::iteration_proxy<nlohmann::detail::iter_impl<nlohmann::basic_json<>>>, std::nullptr_t>>, nlohmann::detail::negation<std::is_same<nlohmann::detail::iteration_proxy<nlohmann::detail::iter_impl<nlohmann::basic_json<>>>, nlohmann::detail::json_ref<nlohmann::basic_json<>>>>, nlohmann::detail::negation<std::is_same<nlohmann::detail::iteration_proxy<nlohmann::detail::iter_impl<nlohmann::basic_json<>>>, char>>, nlohmann::detail::negation<nlohmann::detail::is_basic_json<nlohmann::detail::iteration_proxy<nlohmann::detail::iter_impl<nlohmann::basic_json<>>>>>, nlohmann::detail::negation<std::is_same<nlohmann::detail::iteration_proxy<nlohmann::detail::iter_impl<nlohmann::basic_json<>>>, std::initializer_list<char>>>, nlohmann::detail::is_detected_lazy<nlohmann::detail::get_template_function, const nlohmann::basic_json<> &, nlohmann::detail::iteration_proxy<nlohmann::detail::iter_impl<nlohmann::basic_json<>>>>>' requested here
[build]   283 | : std::conditional<static_cast<bool>(B::value), conjunction<Bn...>, B>::type {};
[build]       |   ^
[build] C:\Users\pperv\code\unnamed_rpg\vendor\json\include\nlohmann/json.hpp(1947,20): note: in instantiation of template class 'nlohmann::detail::conjunction<nlohmann::detail::negation<std::is_pointer<nlohmann::detail::iteration_proxy<nlohmann::detail::iter_impl<nlohmann::basic_json<>>>>>, nlohmann::detail::negation<std::is_same<nlohmann::detail::iteration_proxy<nlohmann::detail::iter_impl<nlohmann::basic_json<>>>, std::nullptr_t>>, nlohmann::detail::negation<std::is_same<nlohmann::detail::iteration_proxy<nlohmann::detail::iter_impl<nlohmann::basic_json<>>>, nlohmann::detail::json_ref<nlohmann::basic_json<>>>>, nlohmann::detail::negation<std::is_same<nlohmann::detail::iteration_proxy<nlohmann::detail::iter_impl<nlohmann::basic_json<>>>, char>>, nlohmann::detail::negation<nlohmann::detail::is_basic_json<nlohmann::detail::iteration_proxy<nlohmann::detail::iter_impl<nlohmann::basic_json<>>>>>, nlohmann::detail::negation<std::is_same<nlohmann::detail::iteration_proxy<nlohmann::detail::iter_impl<nlohmann::basic_json<>>>, std::initializer_list<char>>>, nlohmann::detail::is_detected_lazy<nlohmann::detail::get_template_function, const nlohmann::basic_json<> &, nlohmann::detail::iteration_proxy<nlohmann::detail::iter_impl<nlohmann::basic_json<>>>>>' requested here
[build]  1947 |                    detail::conjunction <
[build]       |                    ^
[build] C:\Users\pperv\code\unnamed_rpg\vendor\json\include\nlohmann/json.hpp(1967,55): note: while substituting prior template arguments into non-type template parameter [with ValueType = iteration_proxy<nlohmann::detail::iter_impl<nlohmann::basic_json<>>>]
[build]  1967 |                                         JSON_EXPLICIT operator ValueType() const
[build]       |                                                       ^~~~~~~~~~~~~~~~~~~~~~~~~~
[build] C:\Users\pperv\code\unnamed_rpg\vendor\json\include\nlohmann/json.hpp(2956,42): note: while substituting deduced template arguments into function template 'operator type-parameter-0-0' [with ValueType = iteration_proxy<nlohmann::detail::iter_impl<nlohmann::basic_json<>>>, $1 = (no value)]
[build]  2956 |         return iteration_proxy<iterator>(*this);
[build]       |                                          ^
[build] C:\Users\pperv\code\unnamed_rpg\vendor\json-schema-validator\src\json-validator.cpp(240,30): note: in instantiation of member function 'nlohmann::basic_json<>::items' requested here
[build]   240 |                         for (auto &subsch : value.items())
[build]       |                                                   ^
[build] In file included from C:\Users\pperv\code\unnamed_rpg\vendor\json-schema-validator\src\json-validator.cpp:9:
[build] In file included from C:\Users\pperv\code\unnamed_rpg\vendor\json-schema-validator\src\nlohmann/json-schema.hpp:24:
[build] In file included from C:\Users\pperv\code\unnamed_rpg\vendor\json\include\nlohmann/json.hpp:44:
[build] In file included from C:\Users\pperv\code\unnamed_rpg\vendor\json\include\nlohmann/adl_serializer.hpp:15:
[build] In file included from C:\Users\pperv\code\unnamed_rpg\vendor\json\include\nlohmann/detail/conversions/to_json.hpp:26:
[build] C:\Users\pperv\code\unnamed_rpg\vendor\json\include\nlohmann/detail/iterators/iteration_proxy.hpp(49,26): warning: constructor call from initializer list is incompatible with C++98 [-Wc++98-compat]
[build]    49 |     string_type empty_str{};
[build]       |                          ^~
[build] C:\Users\pperv\code\unnamed_rpg\vendor\json\include\nlohmann/detail/iterators/iteration_proxy.hpp(52,14): note: in instantiation of default member initializer 'nlohmann::detail::iteration_proxy_value<nlohmann::detail::iter_impl<nlohmann::basic_json<>>>::empty_str' requested here
[build]    52 |     explicit iteration_proxy_value() = default;
[build]       |              ^
[build] C:\Program Files\Microsoft Visual Studio\18\Community\VC\Tools\MSVC\14.51.36231\include\type_traits(832,84): note: in evaluation of exception specification for 'nlohmann::detail::iteration_proxy_value<nlohmann::detail::iter_impl<nlohmann::basic_json<>>>::iteration_proxy_value' needed here
[build]   832 | struct _NO_SPECIALIZATIONS_OF_TYPE_TRAITS is_default_constructible : bool_constant<__is_constructible(_Ty)> {
[build]       |                                                                                    ^
[build] C:\Users\pperv\code\unnamed_rpg\vendor\json\include\nlohmann/detail/meta/type_traits.hpp(292,35): note: in instantiation of template class 'std::is_default_constructible<nlohmann::detail::iteration_proxy_value<nlohmann::detail::iter_impl<nlohmann::basic_json<>>>>' requested here
[build]   292 | struct is_default_constructible : std::is_default_constructible<T> {};
[build]       |                                   ^
[build] C:\Users\pperv\code\unnamed_rpg\vendor\json\include\nlohmann/detail/meta/type_traits.hpp(567,5): note: in instantiation of template class 'nlohmann::detail::is_default_constructible<nlohmann::detail::iteration_proxy_value<nlohmann::detail::iter_impl<nlohmann::basic_json<>>>>' requested here
[build]   567 |     is_default_constructible<ConstructibleArrayType>::value&&
[build]       |     ^
[build] C:\Users\pperv\code\unnamed_rpg\vendor\json\include\nlohmann/detail/meta/type_traits.hpp(593,7): note: during template argument deduction for class template partial specialization 'is_constructible_array_type_impl<BasicJsonType, ConstructibleArrayType, enable_if_t<!std::is_same<ConstructibleArrayType, typename BasicJsonType::value_type>::value && !is_compatible_string_type<BasicJsonType, ConstructibleArrayType>::value && is_default_constructible<ConstructibleArrayType>::value && (std::is_move_assignable<ConstructibleArrayType>::value || std::is_copy_assignable<ConstructibleArrayType>::value) && is_detected<iterator_t, ConstructibleArrayType>::value && is_iterator_traits<iterator_traits<detected_t<iterator_t, ConstructibleArrayType>>>::value && is_detected<range_value_t, ConstructibleArrayType>::value && !std::is_same<ConstructibleArrayType, detected_t<range_value_t, ConstructibleArrayType>>::value && is_complete_type<detected_t<range_value_t, ConstructibleArrayType>>::value>>' [with BasicJsonType = nlohmann::basic_json<>, ConstructibleArrayType = nlohmann::detail::iteration_proxy_value<nlohmann::detail::iter_impl<nlohmann::basic_json<>>>]
[build]   593 |     : is_constructible_array_type_impl<BasicJsonType, ConstructibleArrayType> {};
[build]       |       ^
[build] C:\Users\pperv\code\unnamed_rpg\vendor\json\include\nlohmann/detail/meta/type_traits.hpp(593,7): note: (skipping 36 contexts in backtrace; use -ftemplate-backtrace-limit=0 to see all)
[build] C:\Users\pperv\code\unnamed_rpg\vendor\json\include\nlohmann/detail/meta/type_traits.hpp(283,3): note: in instantiation of template class 'nlohmann::detail::conjunction<nlohmann::detail::negation<std::is_same<nlohmann::detail::iteration_proxy<nlohmann::detail::iter_impl<nlohmann::basic_json<>>>, std::nullptr_t>>, nlohmann::detail::negation<std::is_same<nlohmann::detail::iteration_proxy<nlohmann::detail::iter_impl<nlohmann::basic_json<>>>, nlohmann::detail::json_ref<nlohmann::basic_json<>>>>, nlohmann::detail::negation<std::is_same<nlohmann::detail::iteration_proxy<nlohmann::detail::iter_impl<nlohmann::basic_json<>>>, char>>, nlohmann::detail::negation<nlohmann::detail::is_basic_json<nlohmann::detail::iteration_proxy<nlohmann::detail::iter_impl<nlohmann::basic_json<>>>>>, nlohmann::detail::negation<std::is_same<nlohmann::detail::iteration_proxy<nlohmann::detail::iter_impl<nlohmann::basic_json<>>>, std::initializer_list<char>>>, nlohmann::detail::is_detected_lazy<nlohmann::detail::get_template_function, const nlohmann::basic_json<> &, nlohmann::detail::iteration_proxy<nlohmann::detail::iter_impl<nlohmann::basic_json<>>>>>' requested here
[build]   283 | : std::conditional<static_cast<bool>(B::value), conjunction<Bn...>, B>::type {};
[build]       |   ^
[build] C:\Users\pperv\code\unnamed_rpg\vendor\json\include\nlohmann/json.hpp(1947,20): note: in instantiation of template class 'nlohmann::detail::conjunction<nlohmann::detail::negation<std::is_pointer<nlohmann::detail::iteration_proxy<nlohmann::detail::iter_impl<nlohmann::basic_json<>>>>>, nlohmann::detail::negation<std::is_same<nlohmann::detail::iteration_proxy<nlohmann::detail::iter_impl<nlohmann::basic_json<>>>, std::nullptr_t>>, nlohmann::detail::negation<std::is_same<nlohmann::detail::iteration_proxy<nlohmann::detail::iter_impl<nlohmann::basic_json<>>>, nlohmann::detail::json_ref<nlohmann::basic_json<>>>>, nlohmann::detail::negation<std::is_same<nlohmann::detail::iteration_proxy<nlohmann::detail::iter_impl<nlohmann::basic_json<>>>, char>>, nlohmann::detail::negation<nlohmann::detail::is_basic_json<nlohmann::detail::iteration_proxy<nlohmann::detail::iter_impl<nlohmann::basic_json<>>>>>, nlohmann::detail::negation<std::is_same<nlohmann::detail::iteration_proxy<nlohmann::detail::iter_impl<nlohmann::basic_json<>>>, std::initializer_list<char>>>, nlohmann::detail::is_detected_lazy<nlohmann::detail::get_template_function, const nlohmann::basic_json<> &, nlohmann::detail::iteration_proxy<nlohmann::detail::iter_impl<nlohmann::basic_json<>>>>>' requested here
[build]  1947 |                    detail::conjunction <
[build]       |                    ^
[build] C:\Users\pperv\code\unnamed_rpg\vendor\json\include\nlohmann/json.hpp(1967,55): note: while substituting prior template arguments into non-type template parameter [with ValueType = iteration_proxy<nlohmann::detail::iter_impl<nlohmann::basic_json<>>>]
[build]  1967 |                                         JSON_EXPLICIT operator ValueType() const
[build]       |                                                       ^~~~~~~~~~~~~~~~~~~~~~~~~~
[build] C:\Users\pperv\code\unnamed_rpg\vendor\json\include\nlohmann/json.hpp(2956,42): note: while substituting deduced template arguments into function template 'operator type-parameter-0-0' [with ValueType = iteration_proxy<nlohmann::detail::iter_impl<nlohmann::basic_json<>>>, $1 = (no value)]
[build]  2956 |         return iteration_proxy<iterator>(*this);
[build]       |                                          ^
[build] C:\Users\pperv\code\unnamed_rpg\vendor\json-schema-validator\src\json-validator.cpp(240,30): note: in instantiation of member function 'nlohmann::basic_json<>::items' requested here
[build]   240 |                         for (auto &subsch : value.items())
[build]       |                                                   ^
[build] In file included from C:\Users\pperv\code\unnamed_rpg\vendor\json-schema-validator\src\json-validator.cpp:9:
[build] In file included from C:\Users\pperv\code\unnamed_rpg\vendor\json-schema-validator\src\nlohmann/json-schema.hpp:24:
[build] In file included from C:\Users\pperv\code\unnamed_rpg\vendor\json\include\nlohmann/json.hpp:44:
[build] In file included from C:\Users\pperv\code\unnamed_rpg\vendor\json\include\nlohmann/adl_serializer.hpp:15:
[build] In file included from C:\Users\pperv\code\unnamed_rpg\vendor\json\include\nlohmann/detail/conversions/to_json.hpp:26:
[build] C:\Users\pperv\code\unnamed_rpg\vendor\json\include\nlohmann/detail/iterators/iteration_proxy.hpp(109,40): warning: 'nullptr' is incompatible with C++98 [-Wc++98-compat]
[build]   109 |         JSON_ASSERT(anchor.m_object != nullptr);
[build]       |                                        ^
[build] C:\Users\pperv\code\unnamed_rpg\vendor\json\include\nlohmann/detail/iterators/iteration_proxy.hpp(114,18): warning: enumeration type in nested name specifier is incompatible with C++98 [-Wc++98-compat]
[build]   114 |             case value_t::array:
[build]       |                  ^
[build] C:\Users\pperv\code\unnamed_rpg\vendor\json\include\nlohmann/detail/iterators/iteration_proxy.hpp(125,18): warning: enumeration type in nested name specifier is incompatible with C++98 [-Wc++98-compat]
[build]   125 |             case value_t::object:
[build]       |                  ^
[build] C:\Users\pperv\code\unnamed_rpg\vendor\json\include\nlohmann/detail/iterators/iteration_proxy.hpp(129,18): warning: enumeration type in nested name specifier is incompatible with C++98 [-Wc++98-compat]
[build]   129 |             case value_t::null:
[build]       |                  ^
[build] C:\Users\pperv\code\unnamed_rpg\vendor\json\include\nlohmann/detail/iterators/iteration_proxy.hpp(130,18): warning: enumeration type in nested name specifier is incompatible with C++98 [-Wc++98-compat]
[build]   130 |             case value_t::string:
[build]       |                  ^
[build] C:\Users\pperv\code\unnamed_rpg\vendor\json\include\nlohmann/detail/iterators/iteration_proxy.hpp(131,18): warning: enumeration type in nested name specifier is incompatible with C++98 [-Wc++98-compat]
[build]   131 |             case value_t::boolean:
[build]       |                  ^
[build] C:\Users\pperv\code\unnamed_rpg\vendor\json\include\nlohmann/detail/iterators/iteration_proxy.hpp(132,18): warning: enumeration type in nested name specifier is incompatible with C++98 [-Wc++98-compat]
[build]   132 |             case value_t::number_integer:
[build]       |                  ^
[build] C:\Users\pperv\code\unnamed_rpg\vendor\json\include\nlohmann/detail/iterators/iteration_proxy.hpp(133,18): warning: enumeration type in nested name specifier is incompatible with C++98 [-Wc++98-compat]
[build]   133 |             case value_t::number_unsigned:
[build]       |                  ^
[build] C:\Users\pperv\code\unnamed_rpg\vendor\json\include\nlohmann/detail/iterators/iteration_proxy.hpp(134,18): warning: enumeration type in nested name specifier is incompatible with C++98 [-Wc++98-compat]
[build]   134 |             case value_t::number_float:
[build]       |                  ^
[build] C:\Users\pperv\code\unnamed_rpg\vendor\json\include\nlohmann/detail/iterators/iteration_proxy.hpp(135,18): warning: enumeration type in nested name specifier is incompatible with C++98 [-Wc++98-compat]
[build]   135 |             case value_t::binary:
[build]       |                  ^
[build] C:\Users\pperv\code\unnamed_rpg\vendor\json\include\nlohmann/detail/iterators/iteration_proxy.hpp(136,18): warning: enumeration type in nested name specifier is incompatible with C++98 [-Wc++98-compat]
[build]   136 |             case value_t::discarded:
[build]       |                  ^
[build] C:\Users\pperv\code\unnamed_rpg\vendor\json\include\nlohmann/detail/iterators/iteration_proxy.hpp(114,18): warning: enumeration type in nested name specifier is incompatible with C++98 [-Wc++98-compat]
[build]   114 |             case value_t::array:
[build]       |                  ^
[build] C:\Users\pperv\code\unnamed_rpg\vendor\json-schema-validator\src\json-validator.cpp(241,44): note: in instantiation of member function 'nlohmann::detail::iteration_proxy_value<nlohmann::detail::iter_impl<nlohmann::basic_json<>>>::key' requested here
[build]   241 |                                 insert_unknown_keyword(new_uri, subsch.key(), subsch.value());
[build]       |                                                                        ^
[build] In file included from C:\Users\pperv\code\unnamed_rpg\vendor\json-schema-validator\src\json-validator.cpp:9:
[build] In file included from C:\Users\pperv\code\unnamed_rpg\vendor\json-schema-validator\src\nlohmann/json-schema.hpp:24:
[build] In file included from C:\Users\pperv\code\unnamed_rpg\vendor\json\include\nlohmann/json.hpp:44:
[build] In file included from C:\Users\pperv\code\unnamed_rpg\vendor\json\include\nlohmann/adl_serializer.hpp:15:
[build] In file included from C:\Users\pperv\code\unnamed_rpg\vendor\json\include\nlohmann/detail/conversions/to_json.hpp:26:
[build] C:\Users\pperv\code\unnamed_rpg\vendor\json\include\nlohmann/detail/iterators/iteration_proxy.hpp(125,18): warning: enumeration type in nested name specifier is incompatible with C++98 [-Wc++98-compat]
[build]   125 |             case value_t::object:
[build]       |                  ^
[build] C:\Users\pperv\code\unnamed_rpg\vendor\json\include\nlohmann/detail/iterators/iteration_proxy.hpp(129,18): warning: enumeration type in nested name specifier is incompatible with C++98 [-Wc++98-compat]
[build]   129 |             case value_t::null:
[build]       |                  ^
[build] C:\Users\pperv\code\unnamed_rpg\vendor\json\include\nlohmann/detail/iterators/iteration_proxy.hpp(130,18): warning: enumeration type in nested name specifier is incompatible with C++98 [-Wc++98-compat]
[build]   130 |             case value_t::string:
[build]       |                  ^
[build] C:\Users\pperv\code\unnamed_rpg\vendor\json\include\nlohmann/detail/iterators/iteration_proxy.hpp(131,18): warning: enumeration type in nested name specifier is incompatible with C++98 [-Wc++98-compat]
[build]   131 |             case value_t::boolean:
[build]       |                  ^
[build] C:\Users\pperv\code\unnamed_rpg\vendor\json\include\nlohmann/detail/iterators/iteration_proxy.hpp(132,18): warning: enumeration type in nested name specifier is incompatible with C++98 [-Wc++98-compat]
[build]   132 |             case value_t::number_integer:
[build]       |                  ^
[build] C:\Users\pperv\code\unnamed_rpg\vendor\json\include\nlohmann/detail/iterators/iteration_proxy.hpp(133,18): warning: enumeration type in nested name specifier is incompatible with C++98 [-Wc++98-compat]
[build]   133 |             case value_t::number_unsigned:
[build]       |                  ^
[build] C:\Users\pperv\code\unnamed_rpg\vendor\json\include\nlohmann/detail/iterators/iteration_proxy.hpp(134,18): warning: enumeration type in nested name specifier is incompatible with C++98 [-Wc++98-compat]
[build]   134 |             case value_t::number_float:
[build]       |                  ^
[build] C:\Users\pperv\code\unnamed_rpg\vendor\json\include\nlohmann/detail/iterators/iteration_proxy.hpp(135,18): warning: enumeration type in nested name specifier is incompatible with C++98 [-Wc++98-compat]
[build]   135 |             case value_t::binary:
[build]       |                  ^
[build] C:\Users\pperv\code\unnamed_rpg\vendor\json\include\nlohmann/detail/iterators/iteration_proxy.hpp(136,18): warning: enumeration type in nested name specifier is incompatible with C++98 [-Wc++98-compat]
[build]   136 |             case value_t::discarded:
[build]       |                  ^
[build] C:\Users\pperv\code\unnamed_rpg\vendor\json\include\nlohmann/detail/iterators/iteration_proxy.hpp(137,13): warning: default label in switch which covers all enumeration values [-Wcovered-switch-default]
[build]   137 |             default:
[build]       |             ^
[build] In file included from C:\Users\pperv\code\unnamed_rpg\vendor\json-schema-validator\src\json-validator.cpp:9:
[build] In file included from C:\Users\pperv\code\unnamed_rpg\vendor\json-schema-validator\src\nlohmann/json-schema.hpp:24:
[build] In file included from C:\Users\pperv\code\unnamed_rpg\vendor\json\include\nlohmann/json.hpp:55:
[build] C:\Users\pperv\code\unnamed_rpg\vendor\json\include\nlohmann/detail/iterators/iter_impl.hpp(733,33): warning: 'nullptr' is incompatible with C++98 [-Wc++98-compat]
[build]   733 |         JSON_ASSERT(m_object != nullptr);
[build]       |                                 ^
[build] In file included from C:\Users\pperv\code\unnamed_rpg\vendor\json-schema-validator\src\json-validator.cpp:9:
[build] In file included from C:\Users\pperv\code\unnamed_rpg\vendor\json-schema-validator\src\nlohmann/json-schema.hpp:24:
[build] In file included from C:\Users\pperv\code\unnamed_rpg\vendor\json\include\nlohmann/json.hpp:60:
[build] C:\Users\pperv\code\unnamed_rpg\vendor\json\include\nlohmann/detail/json_pointer.hpp(462,20): warning: 'auto' type specifier is incompatible with C++98 [-Wc++98-compat]
[build]   462 |         for (const auto& reference_token : reference_tokens)
[build]       |                    ^~~~
[build] C:\Users\pperv\code\unnamed_rpg\vendor\json-schema-validator\src\json-validator.cpp(260,45): note: in instantiation of member function 'nlohmann::basic_json<>::at' requested here
[build]   260 |                                 auto &subschema = file.unknown_keywords.at(uri.pointer());
[build]       |                                                                         ^
[build] In file included from C:\Users\pperv\code\unnamed_rpg\vendor\json-schema-validator\src\json-validator.cpp:9:
[build] In file included from C:\Users\pperv\code\unnamed_rpg\vendor\json-schema-validator\src\nlohmann/json-schema.hpp:24:
[build] In file included from C:\Users\pperv\code\unnamed_rpg\vendor\json\include\nlohmann/json.hpp:60:
[build] C:\Users\pperv\code\unnamed_rpg\vendor\json\include\nlohmann/detail/json_pointer.hpp(462,42): warning: range-based for loop is incompatible with C++98 [-Wc++98-compat]
[build]   462 |         for (const auto& reference_token : reference_tokens)
[build]       |                                          ^
[build] C:\Users\pperv\code\unnamed_rpg\vendor\json\include\nlohmann/detail/json_pointer.hpp(466,30): warning: enumeration type in nested name specifier is incompatible with C++98 [-Wc++98-compat]
[build]   466 |                 case detail::value_t::object:
[build]       |                              ^
[build] C:\Users\pperv\code\unnamed_rpg\vendor\json\include\nlohmann/detail/json_pointer.hpp(473,30): warning: enumeration type in nested name specifier is incompatible with C++98 [-Wc++98-compat]
[build]   473 |                 case detail::value_t::array:
[build]       |                              ^
[build] C:\Users\pperv\code\unnamed_rpg\vendor\json\include\nlohmann/detail/json_pointer.hpp(483,27): warning: 'auto' type specifier is incompatible with C++98 [-Wc++98-compat]
[build]   483 |                     const auto idx = array_index<BasicJsonType>(reference_token);
[build]       |                           ^~~~
[build] C:\Users\pperv\code\unnamed_rpg\vendor\json\include\nlohmann/detail/json_pointer.hpp(494,30): warning: enumeration type in nested name specifier is incompatible with C++98 [-Wc++98-compat]
[build]   494 |                 case detail::value_t::null:
[build]       |                              ^
[build] C:\Users\pperv\code\unnamed_rpg\vendor\json\include\nlohmann/detail/json_pointer.hpp(495,30): warning: enumeration type in nested name specifier is incompatible with C++98 [-Wc++98-compat]
[build]   495 |                 case detail::value_t::string:
[build]       |                              ^
[build] C:\Users\pperv\code\unnamed_rpg\vendor\json\include\nlohmann/detail/json_pointer.hpp(496,30): warning: enumeration type in nested name specifier is incompatible with C++98 [-Wc++98-compat]
[build]   496 |                 case detail::value_t::boolean:
[build]       |                              ^
[build] C:\Users\pperv\code\unnamed_rpg\vendor\json\include\nlohmann/detail/json_pointer.hpp(497,30): warning: enumeration type in nested name specifier is incompatible with C++98 [-Wc++98-compat]
[build]   497 |                 case detail::value_t::number_integer:
[build]       |                              ^
[build] C:\Users\pperv\code\unnamed_rpg\vendor\json\include\nlohmann/detail/json_pointer.hpp(498,30): warning: enumeration type in nested name specifier is incompatible with C++98 [-Wc++98-compat]
[build]   498 |                 case detail::value_t::number_unsigned:
[build]       |                              ^
[build] C:\Users\pperv\code\unnamed_rpg\vendor\json\include\nlohmann/detail/json_pointer.hpp(499,30): warning: enumeration type in nested name specifier is incompatible with C++98 [-Wc++98-compat]
[build]   499 |                 case detail::value_t::number_float:
[build]       |                              ^
[build] C:\Users\pperv\code\unnamed_rpg\vendor\json\include\nlohmann/detail/json_pointer.hpp(500,30): warning: enumeration type in nested name specifier is incompatible with C++98 [-Wc++98-compat]
[build]   500 |                 case detail::value_t::binary:
[build]       |                              ^
[build] C:\Users\pperv\code\unnamed_rpg\vendor\json\include\nlohmann/detail/json_pointer.hpp(501,30): warning: enumeration type in nested name specifier is incompatible with C++98 [-Wc++98-compat]
[build]   501 |                 case detail::value_t::discarded:
[build]       |                              ^
[build] C:\Users\pperv\code\unnamed_rpg\vendor\json\include\nlohmann/detail/json_pointer.hpp(466,22): warning: enumeration type in nested name specifier is incompatible with C++98 [-Wc++98-compat]
[build]   466 |                 case detail::value_t::object:
[build]       |                      ^
[build] C:\Users\pperv\code\unnamed_rpg\vendor\json\include\nlohmann/json.hpp(4759,20): note: in instantiation of function template specialization 'nlohmann::json_pointer<std::basic_string<char>>::get_checked<nlohmann::basic_json<>>' requested here
[build]  4759 |         return ptr.get_checked(this);
[build]       |                    ^
[build] C:\Users\pperv\code\unnamed_rpg\vendor\json-schema-validator\src\json-validator.cpp(260,45): note: in instantiation of member function 'nlohmann::basic_json<>::at' requested here
[build]   260 |                                 auto &subschema = file.unknown_keywords.at(uri.pointer());
[build]       |                                                                         ^
[build] In file included from C:\Users\pperv\code\unnamed_rpg\vendor\json-schema-validator\src\json-validator.cpp:9:
[build] In file included from C:\Users\pperv\code\unnamed_rpg\vendor\json-schema-validator\src\nlohmann/json-schema.hpp:24:
[build] In file included from C:\Users\pperv\code\unnamed_rpg\vendor\json\include\nlohmann/json.hpp:60:
[build] C:\Users\pperv\code\unnamed_rpg\vendor\json\include\nlohmann/detail/json_pointer.hpp(473,22): warning: enumeration type in nested name specifier is incompatible with C++98 [-Wc++98-compat]
[build]   473 |                 case detail::value_t::array:
[build]       |                      ^
[build] C:\Users\pperv\code\unnamed_rpg\vendor\json\include\nlohmann/detail/json_pointer.hpp(494,22): warning: enumeration type in nested name specifier is incompatible with C++98 [-Wc++98-compat]
[build]   494 |                 case detail::value_t::null:
[build]       |                      ^
[build] C:\Users\pperv\code\unnamed_rpg\vendor\json\include\nlohmann/detail/json_pointer.hpp(495,22): warning: enumeration type in nested name specifier is incompatible with C++98 [-Wc++98-compat]
[build]   495 |                 case detail::value_t::string:
[build]       |                      ^
[build] C:\Users\pperv\code\unnamed_rpg\vendor\json\include\nlohmann/detail/json_pointer.hpp(496,22): warning: enumeration type in nested name specifier is incompatible with C++98 [-Wc++98-compat]
[build]   496 |                 case detail::value_t::boolean:
[build]       |                      ^
[build] C:\Users\pperv\code\unnamed_rpg\vendor\json\include\nlohmann/detail/json_pointer.hpp(497,22): warning: enumeration type in nested name specifier is incompatible with C++98 [-Wc++98-compat]
[build]   497 |                 case detail::value_t::number_integer:
[build]       |                      ^
[build] C:\Users\pperv\code\unnamed_rpg\vendor\json\include\nlohmann/detail/json_pointer.hpp(498,22): warning: enumeration type in nested name specifier is incompatible with C++98 [-Wc++98-compat]
[build]   498 |                 case detail::value_t::number_unsigned:
[build]       |                      ^
[build] C:\Users\pperv\code\unnamed_rpg\vendor\json\include\nlohmann/detail/json_pointer.hpp(499,22): warning: enumeration type in nested name specifier is incompatible with C++98 [-Wc++98-compat]
[build]   499 |                 case detail::value_t::number_float:
[build]       |                      ^
[build] C:\Users\pperv\code\unnamed_rpg\vendor\json\include\nlohmann/detail/json_pointer.hpp(500,22): warning: enumeration type in nested name specifier is incompatible with C++98 [-Wc++98-compat]
[build]   500 |                 case detail::value_t::binary:
[build]       |                      ^
[build] C:\Users\pperv\code\unnamed_rpg\vendor\json\include\nlohmann/detail/json_pointer.hpp(501,22): warning: enumeration type in nested name specifier is incompatible with C++98 [-Wc++98-compat]
[build]   501 |                 case detail::value_t::discarded:
[build]       |                      ^
[build] C:\Users\pperv\code\unnamed_rpg\vendor\json\include\nlohmann/detail/json_pointer.hpp(502,17): warning: default label in switch which covers all enumeration values [-Wcovered-switch-default]
[build]   502 |                 default:
[build]       |                 ^
[build] In file included from C:\Users\pperv\code\unnamed_rpg\vendor\json-schema-validator\src\json-validator.cpp:9:
[build] In file included from C:\Users\pperv\code\unnamed_rpg\vendor\json-schema-validator\src\nlohmann/json-schema.hpp:24:
[build] C:\Users\pperv\code\unnamed_rpg\vendor\json\include\nlohmann/json.hpp(2063,9): warning: 'auto' type specifier is incompatible with C++98 [-Wc++98-compat]
[build]  2063 |         auto it = m_data.m_value.object->find(key);
[build]       |         ^~~~
[build] In file included from C:\Users\pperv\code\unnamed_rpg\vendor\json-schema-validator\src\json-validator.cpp:9:
[build] In file included from C:\Users\pperv\code\unnamed_rpg\vendor\json-schema-validator\src\nlohmann/json-schema.hpp:24:
[build] In file included from C:\Users\pperv\code\unnamed_rpg\vendor\json\include\nlohmann/json.hpp:44:
[build] In file included from C:\Users\pperv\code\unnamed_rpg\vendor\json\include\nlohmann/adl_serializer.hpp:15:
[build] C:\Users\pperv\code\unnamed_rpg\vendor\json\include\nlohmann/detail/conversions/to_json.hpp(89,27): warning: enumeration type in nested name specifier is incompatible with C++98 [-Wc++98-compat]
[build]    89 |         j.m_data.m_type = value_t::string;
[build]       |                           ^
[build] C:\Users\pperv\code\unnamed_rpg\vendor\json\include\nlohmann/detail/conversions/to_json.hpp(516,16): note: in instantiation of function template specialization 'nlohmann::detail::to_json<nlohmann::basic_json<>, char[1], 0>' requested here
[build]   516 |         return to_json(j, std::forward<T>(val));
[build]       |                ^
[build] C:\Users\pperv\code\unnamed_rpg\vendor\json\include\nlohmann/adl_serializer.hpp(51,9): note: in instantiation of function template specialization 'nlohmann::detail::to_json_fn::operator()<nlohmann::basic_json<>, const char (&)[1]>' requested here
[build]    51 |         ::nlohmann::to_json(j, std::forward<TargetType>(val));
[build]       |         ^
[build] C:\Users\pperv\code\unnamed_rpg\vendor\json\include\nlohmann/json.hpp(872,28): note: in instantiation of function template specialization 'nlohmann::adl_serializer<char[1]>::to_json<nlohmann::basic_json<>, const char (&)[1]>' requested here
[build]   872 |         JSONSerializer<U>::to_json(*this, std::forward<CompatibleType>(val));
[build]       |                            ^
[build] C:\Users\pperv\code\unnamed_rpg\vendor\json-schema-validator\src\json-validator.cpp(347,17): note: in instantiation of function template specialization 'nlohmann::basic_json<>::basic_json<const char (&)[1], char[1], 0>' requested here
[build]   347 |                         e.error(ptr, "", "no root schema has yet been set for validating an instance");
[build]       |                                      ^
[build] In file included from C:\Users\pperv\code\unnamed_rpg\vendor\json-schema-validator\src\json-validator.cpp:9:
[build] In file included from C:\Users\pperv\code\unnamed_rpg\vendor\json-schema-validator\src\nlohmann/json-schema.hpp:24:
[build] In file included from C:\Users\pperv\code\unnamed_rpg\vendor\json\include\nlohmann/json.hpp:44:
[build] In file included from C:\Users\pperv\code\unnamed_rpg\vendor\json\include\nlohmann/adl_serializer.hpp:15:
[build] C:\Users\pperv\code\unnamed_rpg\vendor\json\include\nlohmann/detail/conversions/to_json.hpp(89,27): warning: enumeration type in nested name specifier is incompatible with C++98 [-Wc++98-compat]
[build]    89 |         j.m_data.m_type = value_t::string;
[build]       |                           ^
[build] C:\Users\pperv\code\unnamed_rpg\vendor\json\include\nlohmann/detail/conversions/to_json.hpp(327,44): note: in instantiation of function template specialization 'nlohmann::detail::external_constructor<nlohmann::detail::value_t::string>::construct<nlohmann::basic_json<>, char[1], 0>' requested here
[build]   327 |     external_constructor<value_t::string>::construct(j, s);
[build]       |                                            ^
[build] C:\Users\pperv\code\unnamed_rpg\vendor\json\include\nlohmann/detail/conversions/to_json.hpp(516,16): note: in instantiation of function template specialization 'nlohmann::detail::to_json<nlohmann::basic_json<>, char[1], 0>' requested here
[build]   516 |         return to_json(j, std::forward<T>(val));
[build]       |                ^
[build] C:\Users\pperv\code\unnamed_rpg\vendor\json\include\nlohmann/adl_serializer.hpp(51,9): note: in instantiation of function template specialization 'nlohmann::detail::to_json_fn::operator()<nlohmann::basic_json<>, const char (&)[1]>' requested here
[build]    51 |         ::nlohmann::to_json(j, std::forward<TargetType>(val));
[build]       |         ^
[build] C:\Users\pperv\code\unnamed_rpg\vendor\json\include\nlohmann/json.hpp(872,28): note: in instantiation of function template specialization 'nlohmann::adl_serializer<char[1]>::to_json<nlohmann::basic_json<>, const char (&)[1]>' requested here
[build]   872 |         JSONSerializer<U>::to_json(*this, std::forward<CompatibleType>(val));
[build]       |                            ^
[build] C:\Users\pperv\code\unnamed_rpg\vendor\json-schema-validator\src\json-validator.cpp(347,17): note: in instantiation of function template specialization 'nlohmann::basic_json<>::basic_json<const char (&)[1], char[1], 0>' requested here
[build]   347 |                         e.error(ptr, "", "no root schema has yet been set for validating an instance");
[build]       |                                      ^
[build] In file included from C:\Users\pperv\code\unnamed_rpg\vendor\json-schema-validator\src\json-validator.cpp:9:
[build] In file included from C:\Users\pperv\code\unnamed_rpg\vendor\json-schema-validator\src\nlohmann/json-schema.hpp:24:
[build] In file included from C:\Users\pperv\code\unnamed_rpg\vendor\json\include\nlohmann/json.hpp:55:
[build] C:\Users\pperv\code\unnamed_rpg\vendor\json\include\nlohmann/detail/iterators/iter_impl.hpp(379,33): warning: 'nullptr' is incompatible with C++98 [-Wc++98-compat]
[build]   379 |         JSON_ASSERT(m_object != nullptr);
[build]       |                                 ^
[build] C:\Users\pperv\code\unnamed_rpg\vendor\json\include\nlohmann/detail/iterators/iter_impl.hpp(383,18): warning: enumeration type in nested name specifier is incompatible with C++98 [-Wc++98-compat]
[build]   383 |             case value_t::object:
[build]       |                  ^
[build] C:\Users\pperv\code\unnamed_rpg\vendor\json\include\nlohmann/detail/iterators/iter_impl.hpp(389,18): warning: enumeration type in nested name specifier is incompatible with C++98 [-Wc++98-compat]
[build]   389 |             case value_t::array:
[build]       |                  ^
[build] C:\Users\pperv\code\unnamed_rpg\vendor\json\include\nlohmann/detail/iterators/iter_impl.hpp(395,18): warning: enumeration type in nested name specifier is incompatible with C++98 [-Wc++98-compat]
[build]   395 |             case value_t::null:
[build]       |                  ^
[build] C:\Users\pperv\code\unnamed_rpg\vendor\json\include\nlohmann/detail/iterators/iter_impl.hpp(396,18): warning: enumeration type in nested name specifier is incompatible with C++98 [-Wc++98-compat]
[build]   396 |             case value_t::string:
[build]       |                  ^
[build] C:\Users\pperv\code\unnamed_rpg\vendor\json\include\nlohmann/detail/iterators/iter_impl.hpp(397,18): warning: enumeration type in nested name specifier is incompatible with C++98 [-Wc++98-compat]
[build]   397 |             case value_t::boolean:
[build]       |                  ^
[build] C:\Users\pperv\code\unnamed_rpg\vendor\json\include\nlohmann/detail/iterators/iter_impl.hpp(398,18): warning: enumeration type in nested name specifier is incompatible with C++98 [-Wc++98-compat]
[build]   398 |             case value_t::number_integer:
[build]       |                  ^
[build] C:\Users\pperv\code\unnamed_rpg\vendor\json\include\nlohmann/detail/iterators/iter_impl.hpp(399,18): warning: enumeration type in nested name specifier is incompatible with C++98 [-Wc++98-compat]
[build]   399 |             case value_t::number_unsigned:
[build]       |                  ^
[build] C:\Users\pperv\code\unnamed_rpg\vendor\json\include\nlohmann/detail/iterators/iter_impl.hpp(400,18): warning: enumeration type in nested name specifier is incompatible with C++98 [-Wc++98-compat]
[build]   400 |             case value_t::number_float:
[build]       |                  ^
[build] C:\Users\pperv\code\unnamed_rpg\vendor\json\include\nlohmann/detail/iterators/iter_impl.hpp(401,18): warning: enumeration type in nested name specifier is incompatible with C++98 [-Wc++98-compat]
[build]   401 |             case value_t::binary:
[build]       |                  ^
[build] C:\Users\pperv\code\unnamed_rpg\vendor\json\include\nlohmann/detail/iterators/iter_impl.hpp(402,18): warning: enumeration type in nested name specifier is incompatible with C++98 [-Wc++98-compat]
[build]   402 |             case value_t::discarded:
[build]       |                  ^
[build] C:\Users\pperv\code\unnamed_rpg\vendor\json\include\nlohmann/detail/iterators/iter_impl.hpp(383,18): warning: enumeration type in nested name specifier is incompatible with C++98 [-Wc++98-compat]
[build]   383 |             case value_t::object:
[build]       |                  ^
[build] C:\Users\pperv\code\unnamed_rpg\vendor\json-schema-validator\src\json-validator.cpp(562,17): note: in instantiation of member function 'nlohmann::detail::iter_impl<const nlohmann::basic_json<>>::operator++' requested here
[build]   562 |                         for (auto &v : enum_.second)
[build]       |                                      ^
[build] In file included from C:\Users\pperv\code\unnamed_rpg\vendor\json-schema-validator\src\json-validator.cpp:9:
[build] In file included from C:\Users\pperv\code\unnamed_rpg\vendor\json-schema-validator\src\nlohmann/json-schema.hpp:24:
[build] In file included from C:\Users\pperv\code\unnamed_rpg\vendor\json\include\nlohmann/json.hpp:55:
[build] C:\Users\pperv\code\unnamed_rpg\vendor\json\include\nlohmann/detail/iterators/iter_impl.hpp(389,18): warning: enumeration type in nested name specifier is incompatible with C++98 [-Wc++98-compat]
[build]   389 |             case value_t::array:
[build]       |                  ^
[build] C:\Users\pperv\code\unnamed_rpg\vendor\json\include\nlohmann/detail/iterators/iter_impl.hpp(395,18): warning: enumeration type in nested name specifier is incompatible with C++98 [-Wc++98-compat]
[build]   395 |             case value_t::null:
[build]       |                  ^
[build] C:\Users\pperv\code\unnamed_rpg\vendor\json\include\nlohmann/detail/iterators/iter_impl.hpp(396,18): warning: enumeration type in nested name specifier is incompatible with C++98 [-Wc++98-compat]
[build]   396 |             case value_t::string:
[build]       |                  ^
[build] C:\Users\pperv\code\unnamed_rpg\vendor\json\include\nlohmann/detail/iterators/iter_impl.hpp(397,18): warning: enumeration type in nested name specifier is incompatible with C++98 [-Wc++98-compat]
[build]   397 |             case value_t::boolean:
[build]       |                  ^
[build] C:\Users\pperv\code\unnamed_rpg\vendor\json\include\nlohmann/detail/iterators/iter_impl.hpp(398,18): warning: enumeration type in nested name specifier is incompatible with C++98 [-Wc++98-compat]
[build]   398 |             case value_t::number_integer:
[build]       |                  ^
[build] C:\Users\pperv\code\unnamed_rpg\vendor\json\include\nlohmann/detail/iterators/iter_impl.hpp(399,18): warning: enumeration type in nested name specifier is incompatible with C++98 [-Wc++98-compat]
[build]   399 |             case value_t::number_unsigned:
[build]       |                  ^
[build] C:\Users\pperv\code\unnamed_rpg\vendor\json\include\nlohmann/detail/iterators/iter_impl.hpp(400,18): warning: enumeration type in nested name specifier is incompatible with C++98 [-Wc++98-compat]
[build]   400 |             case value_t::number_float:
[build]       |                  ^
[build] C:\Users\pperv\code\unnamed_rpg\vendor\json\include\nlohmann/detail/iterators/iter_impl.hpp(401,18): warning: enumeration type in nested name specifier is incompatible with C++98 [-Wc++98-compat]
[build]   401 |             case value_t::binary:
[build]       |                  ^
[build] C:\Users\pperv\code\unnamed_rpg\vendor\json\include\nlohmann/detail/iterators/iter_impl.hpp(402,18): warning: enumeration type in nested name specifier is incompatible with C++98 [-Wc++98-compat]
[build]   402 |             case value_t::discarded:
[build]       |                  ^
[build] C:\Users\pperv\code\unnamed_rpg\vendor\json\include\nlohmann/detail/iterators/iter_impl.hpp(403,13): warning: default label in switch which covers all enumeration values [-Wcovered-switch-default]
[build]   403 |             default:
[build]       |             ^
[build] C:\Users\pperv\code\unnamed_rpg\vendor\json\include\nlohmann/detail/iterators/iter_impl.hpp(282,33): warning: 'nullptr' is incompatible with C++98 [-Wc++98-compat]
[build]   282 |         JSON_ASSERT(m_object != nullptr);
[build]       |                                 ^
[build] C:\Users\pperv\code\unnamed_rpg\vendor\json\include\nlohmann/detail/iterators/iter_impl.hpp(286,18): warning: enumeration type in nested name specifier is incompatible with C++98 [-Wc++98-compat]
[build]   286 |             case value_t::object:
[build]       |                  ^
[build] C:\Users\pperv\code\unnamed_rpg\vendor\json\include\nlohmann/detail/iterators/iter_impl.hpp(292,18): warning: enumeration type in nested name specifier is incompatible with C++98 [-Wc++98-compat]
[build]   292 |             case value_t::array:
[build]       |                  ^
[build] C:\Users\pperv\code\unnamed_rpg\vendor\json\include\nlohmann/detail/iterators/iter_impl.hpp(298,18): warning: enumeration type in nested name specifier is incompatible with C++98 [-Wc++98-compat]
[build]   298 |             case value_t::null:
[build]       |                  ^
[build] C:\Users\pperv\code\unnamed_rpg\vendor\json\include\nlohmann/detail/iterators/iter_impl.hpp(301,18): warning: enumeration type in nested name specifier is incompatible with C++98 [-Wc++98-compat]
[build]   301 |             case value_t::string:
[build]       |                  ^
[build] C:\Users\pperv\code\unnamed_rpg\vendor\json\include\nlohmann/detail/iterators/iter_impl.hpp(302,18): warning: enumeration type in nested name specifier is incompatible with C++98 [-Wc++98-compat]
[build]   302 |             case value_t::boolean:
[build]       |                  ^
[build] C:\Users\pperv\code\unnamed_rpg\vendor\json\include\nlohmann/detail/iterators/iter_impl.hpp(303,18): warning: enumeration type in nested name specifier is incompatible with C++98 [-Wc++98-compat]
[build]   303 |             case value_t::number_integer:
[build]       |                  ^
[build] C:\Users\pperv\code\unnamed_rpg\vendor\json\include\nlohmann/detail/iterators/iter_impl.hpp(304,18): warning: enumeration type in nested name specifier is incompatible with C++98 [-Wc++98-compat]
[build]   304 |             case value_t::number_unsigned:
[build]       |                  ^
[build] C:\Users\pperv\code\unnamed_rpg\vendor\json\include\nlohmann/detail/iterators/iter_impl.hpp(305,18): warning: enumeration type in nested name specifier is incompatible with C++98 [-Wc++98-compat]
[build]   305 |             case value_t::number_float:
[build]       |                  ^
[build] C:\Users\pperv\code\unnamed_rpg\vendor\json\include\nlohmann/detail/iterators/iter_impl.hpp(306,18): warning: enumeration type in nested name specifier is incompatible with C++98 [-Wc++98-compat]
[build]   306 |             case value_t::binary:
[build]       |                  ^
[build] C:\Users\pperv\code\unnamed_rpg\vendor\json\include\nlohmann/detail/iterators/iter_impl.hpp(307,18): warning: enumeration type in nested name specifier is incompatible with C++98 [-Wc++98-compat]
[build]   307 |             case value_t::discarded:
[build]       |                  ^
[build] C:\Users\pperv\code\unnamed_rpg\vendor\json\include\nlohmann/detail/iterators/iter_impl.hpp(286,18): warning: enumeration type in nested name specifier is incompatible with C++98 [-Wc++98-compat]
[build]   286 |             case value_t::object:
[build]       |                  ^
[build] C:\Users\pperv\code\unnamed_rpg\vendor\json-schema-validator\src\json-validator.cpp(562,17): note: in instantiation of member function 'nlohmann::detail::iter_impl<const nlohmann::basic_json<>>::operator*' requested here
[build]   562 |                         for (auto &v : enum_.second)
[build]       |                                      ^
[build] In file included from C:\Users\pperv\code\unnamed_rpg\vendor\json-schema-validator\src\json-validator.cpp:9:
[build] In file included from C:\Users\pperv\code\unnamed_rpg\vendor\json-schema-validator\src\nlohmann/json-schema.hpp:24:
[build] In file included from C:\Users\pperv\code\unnamed_rpg\vendor\json\include\nlohmann/json.hpp:55:
[build] C:\Users\pperv\code\unnamed_rpg\vendor\json\include\nlohmann/detail/iterators/iter_impl.hpp(292,18): warning: enumeration type in nested name specifier is incompatible with C++98 [-Wc++98-compat]
[build]   292 |             case value_t::array:
[build]       |                  ^
[build] C:\Users\pperv\code\unnamed_rpg\vendor\json\include\nlohmann/detail/iterators/iter_impl.hpp(298,18): warning: enumeration type in nested name specifier is incompatible with C++98 [-Wc++98-compat]
[build]   298 |             case value_t::null:
[build]       |                  ^
[build] C:\Users\pperv\code\unnamed_rpg\vendor\json\include\nlohmann/detail/iterators/iter_impl.hpp(301,18): warning: enumeration type in nested name specifier is incompatible with C++98 [-Wc++98-compat]
[build]   301 |             case value_t::string:
[build]       |                  ^
[build] C:\Users\pperv\code\unnamed_rpg\vendor\json\include\nlohmann/detail/iterators/iter_impl.hpp(302,18): warning: enumeration type in nested name specifier is incompatible with C++98 [-Wc++98-compat]
[build]   302 |             case value_t::boolean:
[build]       |                  ^
[build] C:\Users\pperv\code\unnamed_rpg\vendor\json\include\nlohmann/detail/iterators/iter_impl.hpp(303,18): warning: enumeration type in nested name specifier is incompatible with C++98 [-Wc++98-compat]
[build]   303 |             case value_t::number_integer:
[build]       |                  ^
[build] C:\Users\pperv\code\unnamed_rpg\vendor\json\include\nlohmann/detail/iterators/iter_impl.hpp(304,18): warning: enumeration type in nested name specifier is incompatible with C++98 [-Wc++98-compat]
[build]   304 |             case value_t::number_unsigned:
[build]       |                  ^
[build] C:\Users\pperv\code\unnamed_rpg\vendor\json\include\nlohmann/detail/iterators/iter_impl.hpp(305,18): warning: enumeration type in nested name specifier is incompatible with C++98 [-Wc++98-compat]
[build]   305 |             case value_t::number_float:
[build]       |                  ^
[build] C:\Users\pperv\code\unnamed_rpg\vendor\json\include\nlohmann/detail/iterators/iter_impl.hpp(306,18): warning: enumeration type in nested name specifier is incompatible with C++98 [-Wc++98-compat]
[build]   306 |             case value_t::binary:
[build]       |                  ^
[build] C:\Users\pperv\code\unnamed_rpg\vendor\json\include\nlohmann/detail/iterators/iter_impl.hpp(307,18): warning: enumeration type in nested name specifier is incompatible with C++98 [-Wc++98-compat]
[build]   307 |             case value_t::discarded:
[build]       |                  ^
[build] C:\Users\pperv\code\unnamed_rpg\vendor\json\include\nlohmann/detail/iterators/iter_impl.hpp(308,13): warning: default label in switch which covers all enumeration values [-Wcovered-switch-default]
[build]   308 |             default:
[build]       |             ^
[build] In file included from C:\Users\pperv\code\unnamed_rpg\vendor\json-schema-validator\src\json-validator.cpp:9:
[build] In file included from C:\Users\pperv\code\unnamed_rpg\vendor\json-schema-validator\src\nlohmann/json-schema.hpp:24:
[build] In file included from C:\Users\pperv\code\unnamed_rpg\vendor\json\include\nlohmann/json.hpp:44:
[build] In file included from C:\Users\pperv\code\unnamed_rpg\vendor\json\include\nlohmann/adl_serializer.hpp:14:
[build] In file included from C:\Users\pperv\code\unnamed_rpg\vendor\json\include\nlohmann/detail/conversions/from_json.hpp:24:
[build] C:\Users\pperv\code\unnamed_rpg\vendor\json\include\nlohmann/detail/exceptions.hpp(226,16): warning: constructor call from initializer list is incompatible with C++98 [-Wc++98-compat]
[build]   226 |         return {id_, w.c_str()};
[build]       |                ^~~~~~~~~~~~~~~~
[build] C:\Users\pperv\code\unnamed_rpg\vendor\json\include\nlohmann/detail/iterators/iter_impl.hpp(299,46): note: in instantiation of function template specialization 'nlohmann::detail::invalid_iterator::create<const nlohmann::basic_json<> *, 0>' requested here
[build]   299 |                 JSON_THROW(invalid_iterator::create(214, "cannot get value", m_object));
[build]       |                                              ^
[build] C:\Users\pperv\code\unnamed_rpg\vendor\json\include\nlohmann/detail/macro_scope.hpp(198,41): note: expanded from macro 'JSON_THROW'
[build]   198 |     #define JSON_THROW(exception) throw exception
[build]       |                                         ^
[build] C:\Users\pperv\code\unnamed_rpg\vendor\json-schema-validator\src\json-validator.cpp(562,17): note: in instantiation of member function 'nlohmann::detail::iter_impl<const nlohmann::basic_json<>>::operator*' requested here
[build]   562 |                         for (auto &v : enum_.second)
[build]       |                                      ^
[build] In file included from C:\Users\pperv\code\unnamed_rpg\vendor\json-schema-validator\src\json-validator.cpp:9:
[build] In file included from C:\Users\pperv\code\unnamed_rpg\vendor\json-schema-validator\src\nlohmann/json-schema.hpp:24:
[build] C:\Users\pperv\code\unnamed_rpg\vendor\json\include\nlohmann/json.hpp(3869,9): warning: 'auto' type specifier is incompatible with C++98 [-Wc++98-compat]
[build]  3869 |         JSON_IMPLEMENT_OPERATOR( ==, true, false, false)
[build]       |         ^~~~~~~~~~~~~~~~~~~~~~~~~~~~~~~~~~~~~~~~~~~~~~~~
[build] C:\Users\pperv\code\unnamed_rpg\vendor\json\include\nlohmann/json.hpp(3665,11): note: expanded from macro 'JSON_IMPLEMENT_OPERATOR'
[build]  3665 |     const auto lhs_type = lhs.type();                                                                    \
[build]       |           ^~~~
[build] C:\Users\pperv\code\unnamed_rpg\vendor\json\include\nlohmann/json.hpp(3869,9): warning: 'auto' type specifier is incompatible with C++98 [-Wc++98-compat]
[build]  3869 |         JSON_IMPLEMENT_OPERATOR( ==, true, false, false)
[build]       |         ^~~~~~~~~~~~~~~~~~~~~~~~~~~~~~~~~~~~~~~~~~~~~~~~
[build] C:\Users\pperv\code\unnamed_rpg\vendor\json\include\nlohmann/json.hpp(3666,11): note: expanded from macro 'JSON_IMPLEMENT_OPERATOR'
[build]  3666 |     const auto rhs_type = rhs.type();                                                                    \
[build]       |           ^~~~
[build] C:\Users\pperv\code\unnamed_rpg\vendor\json\include\nlohmann/json.hpp(3869,9): warning: enumeration type in nested name specifier is incompatible with C++98 [-Wc++98-compat]
[build] C:\Users\pperv\code\unnamed_rpg\vendor\json\include\nlohmann/json.hpp(3672,18): note: expanded from macro 'JSON_IMPLEMENT_OPERATOR'
[build]  3672 |             case value_t::array:                                                                         \
[build]       |                  ^
[build] C:\Users\pperv\code\unnamed_rpg\vendor\json-schema-validator\src\json-validator.cpp(563,18): note: in instantiation of member function 'nlohmann::json_abi_v3_12_0::operator==' requested here
[build]   563 |                                 if (instance == v) {
[build]       |                                              ^
[build] In file included from C:\Users\pperv\code\unnamed_rpg\vendor\json-schema-validator\src\json-validator.cpp:9:
[build] In file included from C:\Users\pperv\code\unnamed_rpg\vendor\json-schema-validator\src\nlohmann/json-schema.hpp:24:
[build] C:\Users\pperv\code\unnamed_rpg\vendor\json\include\nlohmann/json.hpp(3869,9): warning: enumeration type in nested name specifier is incompatible with C++98 [-Wc++98-compat]
[build]  3869 |         JSON_IMPLEMENT_OPERATOR( ==, true, false, false)
[build]       |         ^
[build] C:\Users\pperv\code\unnamed_rpg\vendor\json\include\nlohmann/json.hpp(3675,18): note: expanded from macro 'JSON_IMPLEMENT_OPERATOR'
[build]  3675 |             case value_t::object:                                                                        \
[build]       |                  ^
[build] C:\Users\pperv\code\unnamed_rpg\vendor\json\include\nlohmann/json.hpp(3869,9): warning: enumeration type in nested name specifier is incompatible with C++98 [-Wc++98-compat]
[build] C:\Users\pperv\code\unnamed_rpg\vendor\json\include\nlohmann/json.hpp(3678,18): note: expanded from macro 'JSON_IMPLEMENT_OPERATOR'
[build]  3678 |             case value_t::null:                                                                          \
[build]       |                  ^
[build] C:\Users\pperv\code\unnamed_rpg\vendor\json\include\nlohmann/json.hpp(3869,9): warning: enumeration type in nested name specifier is incompatible with C++98 [-Wc++98-compat]
[build] C:\Users\pperv\code\unnamed_rpg\vendor\json\include\nlohmann/json.hpp(3681,18): note: expanded from macro 'JSON_IMPLEMENT_OPERATOR'
[build]  3681 |             case value_t::string:                                                                        \
[build]       |                  ^
[build] C:\Users\pperv\code\unnamed_rpg\vendor\json\include\nlohmann/json.hpp(3869,9): warning: enumeration type in nested name specifier is incompatible with C++98 [-Wc++98-compat]
[build] C:\Users\pperv\code\unnamed_rpg\vendor\json\include\nlohmann/json.hpp(3684,18): note: expanded from macro 'JSON_IMPLEMENT_OPERATOR'
[build]  3684 |             case value_t::boolean:                                                                       \
[build]       |                  ^
[build] C:\Users\pperv\code\unnamed_rpg\vendor\json\include\nlohmann/json.hpp(3869,9): warning: enumeration type in nested name specifier is incompatible with C++98 [-Wc++98-compat]
[build] C:\Users\pperv\code\unnamed_rpg\vendor\json\include\nlohmann/json.hpp(3687,18): note: expanded from macro 'JSON_IMPLEMENT_OPERATOR'
[build]  3687 |             case value_t::number_integer:                                                                \
[build]       |                  ^
[build] C:\Users\pperv\code\unnamed_rpg\vendor\json\include\nlohmann/json.hpp(3869,9): warning: enumeration type in nested name specifier is incompatible with C++98 [-Wc++98-compat]
[build] C:\Users\pperv\code\unnamed_rpg\vendor\json\include\nlohmann/json.hpp(3690,18): note: expanded from macro 'JSON_IMPLEMENT_OPERATOR'
[build]  3690 |             case value_t::number_unsigned:                                                               \
[build]       |                  ^
[build] C:\Users\pperv\code\unnamed_rpg\vendor\json\include\nlohmann/json.hpp(3869,9): warning: enumeration type in nested name specifier is incompatible with C++98 [-Wc++98-compat]
[build] C:\Users\pperv\code\unnamed_rpg\vendor\json\include\nlohmann/json.hpp(3693,18): note: expanded from macro 'JSON_IMPLEMENT_OPERATOR'
[build]  3693 |             case value_t::number_float:                                                                  \
[build]       |                  ^
[build] C:\Users\pperv\code\unnamed_rpg\vendor\json\include\nlohmann/json.hpp(3869,34): warning: comparing floating point with == or != is unsafe [-Wfloat-equal]
[build]  3869 |         JSON_IMPLEMENT_OPERATOR( ==, true, false, false)
[build]       |         ~~~~~~~~~~~~~~~~~~~~~~~~~^~~~~~~~~~~~~~~~~~~~~~~
[build] C:\Users\pperv\code\unnamed_rpg\vendor\json\include\nlohmann/json.hpp(3694,58): note: expanded from macro 'JSON_IMPLEMENT_OPERATOR'
[build]  3694 |                 return (lhs.m_data.m_value.number_float) op (rhs.m_data.m_value.number_float);                         \
[build]       |                        ~~~~~~~~~~~~~~~~~~~~~~~~~~~~~~~~~ ^  ~~~~~~~~~~~~~~~~~~~~~~~~~~~~~~~~~
[build] C:\Users\pperv\code\unnamed_rpg\vendor\json\include\nlohmann/json.hpp(3869,9): warning: enumeration type in nested name specifier is incompatible with C++98 [-Wc++98-compat]
[build]  3869 |         JSON_IMPLEMENT_OPERATOR( ==, true, false, false)
[build]       |         ^
[build] C:\Users\pperv\code\unnamed_rpg\vendor\json\include\nlohmann/json.hpp(3696,18): note: expanded from macro 'JSON_IMPLEMENT_OPERATOR'
[build]  3696 |             case value_t::binary:                                                                        \
[build]       |                  ^
[build] C:\Users\pperv\code\unnamed_rpg\vendor\json\include\nlohmann/json.hpp(3869,9): warning: enumeration type in nested name specifier is incompatible with C++98 [-Wc++98-compat]
[build] C:\Users\pperv\code\unnamed_rpg\vendor\json\include\nlohmann/json.hpp(3699,18): note: expanded from macro 'JSON_IMPLEMENT_OPERATOR'
[build]  3699 |             case value_t::discarded:                                                                     \
[build]       |                  ^
[build] C:\Users\pperv\code\unnamed_rpg\vendor\json\include\nlohmann/json.hpp(3869,9): warning: default label in switch which covers all enumeration values [-Wcovered-switch-default]
[build] C:\Users\pperv\code\unnamed_rpg\vendor\json\include\nlohmann/json.hpp(3700,13): note: expanded from macro 'JSON_IMPLEMENT_OPERATOR'
[build]  3700 |             default:                                                                                     \
[build]       |             ^
[build] C:\Users\pperv\code\unnamed_rpg\vendor\json\include\nlohmann/json.hpp(3869,9): warning: enumeration type in nested name specifier is incompatible with C++98 [-Wc++98-compat]
[build] C:\Users\pperv\code\unnamed_rpg\vendor\json\include\nlohmann/json.hpp(3704,26): note: expanded from macro 'JSON_IMPLEMENT_OPERATOR'
[build]  3704 |     else if (lhs_type == value_t::number_integer && rhs_type == value_t::number_float)                   \
[build]       |                          ^
[build] C:\Users\pperv\code\unnamed_rpg\vendor\json\include\nlohmann/json.hpp(3869,9): warning: enumeration type in nested name specifier is incompatible with C++98 [-Wc++98-compat]
[build] C:\Users\pperv\code\unnamed_rpg\vendor\json\include\nlohmann/json.hpp(3704,65): note: expanded from macro 'JSON_IMPLEMENT_OPERATOR'
[build]  3704 |     else if (lhs_type == value_t::number_integer && rhs_type == value_t::number_float)                   \
[build]       |                                                                 ^
[build] C:\Users\pperv\code\unnamed_rpg\vendor\json\include\nlohmann/json.hpp(3869,34): warning: comparing floating point with == or != is unsafe [-Wfloat-equal]
[build]  3869 |         JSON_IMPLEMENT_OPERATOR( ==, true, false, false)
[build]       |         ~~~~~~~~~~~~~~~~~~~~~~~~~^~~~~~~~~~~~~~~~~~~~~~~
[build] C:\Users\pperv\code\unnamed_rpg\vendor\json\include\nlohmann/json.hpp(3706,79): note: expanded from macro 'JSON_IMPLEMENT_OPERATOR'
[build]  3706 |         return static_cast<number_float_t>(lhs.m_data.m_value.number_integer) op rhs.m_data.m_value.number_float;      \
[build]       |                ~~~~~~~~~~~~~~~~~~~~~~~~~~~~~~~~~~~~~~~~~~~~~~~~~~~~~~~~~~~~~~ ^  ~~~~~~~~~~~~~~~~~~~~~~~~~~~~~~~
[build] C:\Users\pperv\code\unnamed_rpg\vendor\json\include\nlohmann/json.hpp(3869,9): warning: enumeration type in nested name specifier is incompatible with C++98 [-Wc++98-compat]
[build]  3869 |         JSON_IMPLEMENT_OPERATOR( ==, true, false, false)
[build]       |         ^
[build] C:\Users\pperv\code\unnamed_rpg\vendor\json\include\nlohmann/json.hpp(3708,26): note: expanded from macro 'JSON_IMPLEMENT_OPERATOR'
[build]  3708 |     else if (lhs_type == value_t::number_float && rhs_type == value_t::number_integer)                   \
[build]       |                          ^
[build] C:\Users\pperv\code\unnamed_rpg\vendor\json\include\nlohmann/json.hpp(3869,9): warning: enumeration type in nested name specifier is incompatible with C++98 [-Wc++98-compat]
[build] C:\Users\pperv\code\unnamed_rpg\vendor\json\include\nlohmann/json.hpp(3708,63): note: expanded from macro 'JSON_IMPLEMENT_OPERATOR'
[build]  3708 |     else if (lhs_type == value_t::number_float && rhs_type == value_t::number_integer)                   \
[build]       |                                                               ^
[build] C:\Users\pperv\code\unnamed_rpg\vendor\json\include\nlohmann/json.hpp(3869,34): warning: comparing floating point with == or != is unsafe [-Wfloat-equal]
[build]  3869 |         JSON_IMPLEMENT_OPERATOR( ==, true, false, false)
[build]       |         ~~~~~~~~~~~~~~~~~~~~~~~~~^~~~~~~~~~~~~~~~~~~~~~~
[build] C:\Users\pperv\code\unnamed_rpg\vendor\json\include\nlohmann/json.hpp(3710,48): note: expanded from macro 'JSON_IMPLEMENT_OPERATOR'
[build]  3710 |         return lhs.m_data.m_value.number_float op static_cast<number_float_t>(rhs.m_data.m_value.number_integer);      \
[build]       |                ~~~~~~~~~~~~~~~~~~~~~~~~~~~~~~~ ^  ~~~~~~~~~~~~~~~~~~~~~~~~~~~~~~~~~~~~~~~~~~~~~~~~~~~~~~~~~~~~~~
[build] C:\Users\pperv\code\unnamed_rpg\vendor\json\include\nlohmann/json.hpp(3869,9): warning: enumeration type in nested name specifier is incompatible with C++98 [-Wc++98-compat]
[build]  3869 |         JSON_IMPLEMENT_OPERATOR( ==, true, false, false)
[build]       |         ^
[build] C:\Users\pperv\code\unnamed_rpg\vendor\json\include\nlohmann/json.hpp(3712,26): note: expanded from macro 'JSON_IMPLEMENT_OPERATOR'
[build]  3712 |     else if (lhs_type == value_t::number_unsigned && rhs_type == value_t::number_float)                  \
[build]       |                          ^
[build] C:\Users\pperv\code\unnamed_rpg\vendor\json\include\nlohmann/json.hpp(3869,9): warning: enumeration type in nested name specifier is incompatible with C++98 [-Wc++98-compat]
[build] C:\Users\pperv\code\unnamed_rpg\vendor\json\include\nlohmann/json.hpp(3712,66): note: expanded from macro 'JSON_IMPLEMENT_OPERATOR'
[build]  3712 |     else if (lhs_type == value_t::number_unsigned && rhs_type == value_t::number_float)                  \
[build]       |                                                                  ^
[build] C:\Users\pperv\code\unnamed_rpg\vendor\json\include\nlohmann/json.hpp(3869,34): warning: comparing floating point with == or != is unsafe [-Wfloat-equal]
[build]  3869 |         JSON_IMPLEMENT_OPERATOR( ==, true, false, false)
[build]       |         ~~~~~~~~~~~~~~~~~~~~~~~~~^~~~~~~~~~~~~~~~~~~~~~~
[build] C:\Users\pperv\code\unnamed_rpg\vendor\json\include\nlohmann/json.hpp(3714,80): note: expanded from macro 'JSON_IMPLEMENT_OPERATOR'
[build]  3714 |         return static_cast<number_float_t>(lhs.m_data.m_value.number_unsigned) op rhs.m_data.m_value.number_float;     \
[build]       |                ~~~~~~~~~~~~~~~~~~~~~~~~~~~~~~~~~~~~~~~~~~~~~~~~~~~~~~~~~~~~~~~ ^  ~~~~~~~~~~~~~~~~~~~~~~~~~~~~~~~
[build] C:\Users\pperv\code\unnamed_rpg\vendor\json\include\nlohmann/json.hpp(3869,9): warning: enumeration type in nested name specifier is incompatible with C++98 [-Wc++98-compat]
[build]  3869 |         JSON_IMPLEMENT_OPERATOR( ==, true, false, false)
[build]       |         ^
[build] C:\Users\pperv\code\unnamed_rpg\vendor\json\include\nlohmann/json.hpp(3716,26): note: expanded from macro 'JSON_IMPLEMENT_OPERATOR'
[build]  3716 |     else if (lhs_type == value_t::number_float && rhs_type == value_t::number_unsigned)                  \
[build]       |                          ^
[build] C:\Users\pperv\code\unnamed_rpg\vendor\json\include\nlohmann/json.hpp(3869,9): warning: enumeration type in nested name specifier is incompatible with C++98 [-Wc++98-compat]
[build] C:\Users\pperv\code\unnamed_rpg\vendor\json\include\nlohmann/json.hpp(3716,63): note: expanded from macro 'JSON_IMPLEMENT_OPERATOR'
[build]  3716 |     else if (lhs_type == value_t::number_float && rhs_type == value_t::number_unsigned)                  \
[build]       |                                                               ^
[build] C:\Users\pperv\code\unnamed_rpg\vendor\json\include\nlohmann/json.hpp(3869,34): warning: comparing floating point with == or != is unsafe [-Wfloat-equal]
[build]  3869 |         JSON_IMPLEMENT_OPERATOR( ==, true, false, false)
[build]       |         ~~~~~~~~~~~~~~~~~~~~~~~~~^~~~~~~~~~~~~~~~~~~~~~~
[build] C:\Users\pperv\code\unnamed_rpg\vendor\json\include\nlohmann/json.hpp(3718,48): note: expanded from macro 'JSON_IMPLEMENT_OPERATOR'
[build]  3718 |         return lhs.m_data.m_value.number_float op static_cast<number_float_t>(rhs.m_data.m_value.number_unsigned);     \
[build]       |                ~~~~~~~~~~~~~~~~~~~~~~~~~~~~~~~ ^  ~~~~~~~~~~~~~~~~~~~~~~~~~~~~~~~~~~~~~~~~~~~~~~~~~~~~~~~~~~~~~~~
[build] C:\Users\pperv\code\unnamed_rpg\vendor\json\include\nlohmann/json.hpp(3869,9): warning: enumeration type in nested name specifier is incompatible with C++98 [-Wc++98-compat]
[build]  3869 |         JSON_IMPLEMENT_OPERATOR( ==, true, false, false)
[build]       |         ^
[build] C:\Users\pperv\code\unnamed_rpg\vendor\json\include\nlohmann/json.hpp(3720,26): note: expanded from macro 'JSON_IMPLEMENT_OPERATOR'
[build]  3720 |     else if (lhs_type == value_t::number_unsigned && rhs_type == value_t::number_integer)                \
[build]       |                          ^
[build] C:\Users\pperv\code\unnamed_rpg\vendor\json\include\nlohmann/json.hpp(3869,9): warning: enumeration type in nested name specifier is incompatible with C++98 [-Wc++98-compat]
[build] C:\Users\pperv\code\unnamed_rpg\vendor\json\include\nlohmann/json.hpp(3720,66): note: expanded from macro 'JSON_IMPLEMENT_OPERATOR'
[build]  3720 |     else if (lhs_type == value_t::number_unsigned && rhs_type == value_t::number_integer)                \
[build]       |                                                                  ^
[build] C:\Users\pperv\code\unnamed_rpg\vendor\json\include\nlohmann/json.hpp(3869,9): warning: enumeration type in nested name specifier is incompatible with C++98 [-Wc++98-compat]
[build] C:\Users\pperv\code\unnamed_rpg\vendor\json\include\nlohmann/json.hpp(3726,26): note: expanded from macro 'JSON_IMPLEMENT_OPERATOR'
[build]  3726 |     else if (lhs_type == value_t::number_integer && rhs_type == value_t::number_unsigned)                \
[build]       |                          ^
[build] C:\Users\pperv\code\unnamed_rpg\vendor\json\include\nlohmann/json.hpp(3869,9): warning: enumeration type in nested name specifier is incompatible with C++98 [-Wc++98-compat]
[build] C:\Users\pperv\code\unnamed_rpg\vendor\json\include\nlohmann/json.hpp(3726,65): note: expanded from macro 'JSON_IMPLEMENT_OPERATOR'
[build]  3726 |     else if (lhs_type == value_t::number_integer && rhs_type == value_t::number_unsigned)                \
[build]       |                                                                 ^
[build] C:\Users\pperv\code\unnamed_rpg\vendor\json\include\nlohmann/json.hpp(1418,33): warning: enumeration type in nested name specifier is incompatible with C++98 [-Wc++98-compat]
[build]  1418 |         return m_data.m_type == value_t::number_float;
[build]       |                                 ^
[build] C:\Users\pperv\code\unnamed_rpg\vendor\json\include\nlohmann/json.hpp(3747,18): note: in instantiation of member function 'nlohmann::basic_json<>::is_number_float' requested here
[build]  3747 |         if ((lhs.is_number_float() && std::isnan(lhs.m_data.m_value.number_float) && rhs.is_number())
[build]       |                  ^
[build] C:\Users\pperv\code\unnamed_rpg\vendor\json\include\nlohmann/json.hpp(3869,9): note: in instantiation of member function 'nlohmann::basic_json<>::compares_unordered' requested here
[build]  3869 |         JSON_IMPLEMENT_OPERATOR( ==, true, false, false)
[build]       |         ^
[build] C:\Users\pperv\code\unnamed_rpg\vendor\json\include\nlohmann/json.hpp(3732,13): note: expanded from macro 'JSON_IMPLEMENT_OPERATOR'
[build]  3732 |     else if(compares_unordered(lhs, rhs))\
[build]       |             ^
[build] C:\Users\pperv\code\unnamed_rpg\vendor\json-schema-validator\src\json-validator.cpp(563,18): note: in instantiation of member function 'nlohmann::json_abi_v3_12_0::operator==' requested here
[build]   563 |                                 if (instance == v) {
[build]       |                                              ^
[build] In file included from C:\Users\pperv\code\unnamed_rpg\vendor\json-schema-validator\src\json-validator.cpp:9:
[build] In file included from C:\Users\pperv\code\unnamed_rpg\vendor\json-schema-validator\src\nlohmann/json-schema.hpp:24:
[build] C:\Users\pperv\code\unnamed_rpg\vendor\json\include\nlohmann/json.hpp(1404,33): warning: enumeration type in nested name specifier is incompatible with C++98 [-Wc++98-compat]
[build]  1404 |         return m_data.m_type == value_t::number_integer || m_data.m_type == value_t::number_unsigned;
[build]       |                                 ^
[build] C:\Users\pperv\code\unnamed_rpg\vendor\json\include\nlohmann/json.hpp(1397,16): note: in instantiation of member function 'nlohmann::basic_json<>::is_number_integer' requested here
[build]  1397 |         return is_number_integer() || is_number_float();
[build]       |                ^
[build] C:\Users\pperv\code\unnamed_rpg\vendor\json\include\nlohmann/json.hpp(3747,90): note: in instantiation of member function 'nlohmann::basic_json<>::is_number' requested here
[build]  3747 |         if ((lhs.is_number_float() && std::isnan(lhs.m_data.m_value.number_float) && rhs.is_number())
[build]       |                                                                                          ^
[build] C:\Users\pperv\code\unnamed_rpg\vendor\json\include\nlohmann/json.hpp(3869,9): note: in instantiation of member function 'nlohmann::basic_json<>::compares_unordered' requested here
[build]  3869 |         JSON_IMPLEMENT_OPERATOR( ==, true, false, false)
[build]       |         ^
[build] C:\Users\pperv\code\unnamed_rpg\vendor\json\include\nlohmann/json.hpp(3732,13): note: expanded from macro 'JSON_IMPLEMENT_OPERATOR'
[build]  3732 |     else if(compares_unordered(lhs, rhs))\
[build]       |             ^
[build] C:\Users\pperv\code\unnamed_rpg\vendor\json-schema-validator\src\json-validator.cpp(563,18): note: in instantiation of member function 'nlohmann::json_abi_v3_12_0::operator==' requested here
[build]   563 |                                 if (instance == v) {
[build]       |                                              ^
[build] In file included from C:\Users\pperv\code\unnamed_rpg\vendor\json-schema-validator\src\json-validator.cpp:9:
[build] In file included from C:\Users\pperv\code\unnamed_rpg\vendor\json-schema-validator\src\nlohmann/json-schema.hpp:24:
[build] C:\Users\pperv\code\unnamed_rpg\vendor\json\include\nlohmann/json.hpp(1404,77): warning: enumeration type in nested name specifier is incompatible with C++98 [-Wc++98-compat]
[build]  1404 |         return m_data.m_type == value_t::number_integer || m_data.m_type == value_t::number_unsigned;
[build]       |                                                                             ^
[build] C:\Users\pperv\code\unnamed_rpg\vendor\json-schema-validator\src\json-validator.cpp(55,10): warning: definition of implicit copy constructor for 'schema' is deprecated because it has a user-declared destructor [-Wdeprecated-copy-with-dtor]
[build]    55 |         virtual ~schema() = default;
[build]       |                 ^
[build] C:\Users\pperv\code\unnamed_rpg\vendor\json-schema-validator\src\json-validator.cpp(536,7): note: in implicit copy constructor for '(anonymous namespace)::schema' first required here
[build]   536 | class type_schema : public schema
[build]       |       ^
[build] C:\Program Files\Microsoft Visual Studio\18\Community\VC\Tools\MSVC\14.51.36231\include\xutility(661,58): note: in implicit copy constructor for '(anonymous namespace)::type_schema' first required here
[build]   661 |         ::new (static_cast<void*>(_STD addressof(_Obj))) _Ty(_STD forward<_Types>(_Args)...);
[build]       |                                                          ^
[build] C:\Program Files\Microsoft Visual Studio\18\Community\VC\Tools\MSVC\14.51.36231\include\memory(2131,18): note: in instantiation of function template specialization 'std::_Construct_in_place<(anonymous namespace)::type_schema, const (anonymous namespace)::type_schema &>' requested here
[build]  2131 |             _STD _Construct_in_place(_Storage._Value, _STD forward<_Types>(_Args)...);
[build]       |                  ^
[build] C:\Program Files\Microsoft Visual Studio\18\Community\VC\Tools\MSVC\14.51.36231\include\memory(2944,26): note: in instantiation of function template specialization 'std::_Ref_count_obj2<(anonymous namespace)::type_schema>::_Ref_count_obj2<const (anonymous namespace)::type_schema &>' requested here
[build]  2944 |     const auto _Rx = new _Ref_count_obj2<_Ty>(_STD forward<_Types>(_Args)...);
[build]       |                          ^
[build] C:\Users\pperv\code\unnamed_rpg\vendor\json-schema-validator\src\json-validator.cpp(603,22): note: in instantiation of function template specialization 'std::make_shared<(anonymous namespace)::type_schema, const (anonymous namespace)::type_schema &>' requested here
[build]   603 |                 auto result = std::make_shared<type_schema>(*this);
[build]       |                                    ^
[build] In file included from C:\Users\pperv\code\unnamed_rpg\vendor\json-schema-validator\src\json-validator.cpp:9:
[build] In file included from C:\Users\pperv\code\unnamed_rpg\vendor\json-schema-validator\src\nlohmann/json-schema.hpp:24:
[build] C:\Users\pperv\code\unnamed_rpg\vendor\json\include\nlohmann/json.hpp(2754,9): warning: 'auto' type specifier is incompatible with C++98 [-Wc++98-compat]
[build]  2754 |         auto result = end();
[build]       |         ^~~~
[build] In file included from C:\Users\pperv\code\unnamed_rpg\vendor\json-schema-validator\src\json-validator.cpp:9:
[build] In file included from C:\Users\pperv\code\unnamed_rpg\vendor\json-schema-validator\src\nlohmann/json-schema.hpp:24:
[build] In file included from C:\Users\pperv\code\unnamed_rpg\vendor\json\include\nlohmann/json.hpp:55:
[build] C:\Users\pperv\code\unnamed_rpg\vendor\json\include\nlohmann/detail/iterators/iter_impl.hpp(102,33): warning: 'nullptr' is incompatible with C++98 [-Wc++98-compat]
[build]   102 |         JSON_ASSERT(m_object != nullptr);
[build]       |                                 ^
[build] C:\Users\pperv\code\unnamed_rpg\vendor\json\include\nlohmann/detail/iterators/iter_impl.hpp(106,18): warning: enumeration type in nested name specifier is incompatible with C++98 [-Wc++98-compat]
[build]   106 |             case value_t::object:
[build]       |                  ^
[build] C:\Users\pperv\code\unnamed_rpg\vendor\json-schema-validator\src\json-validator.cpp(628,19): note: in instantiation of member function 'nlohmann::basic_json<>::end' requested here
[build]   628 |                 if (attr == sch.end()) // no type field means all sub-types possible
[build]       |                                 ^
[build] In file included from C:\Users\pperv\code\unnamed_rpg\vendor\json-schema-validator\src\json-validator.cpp:9:
[build] In file included from C:\Users\pperv\code\unnamed_rpg\vendor\json-schema-validator\src\nlohmann/json-schema.hpp:24:
[build] In file included from C:\Users\pperv\code\unnamed_rpg\vendor\json\include\nlohmann/json.hpp:55:
[build] C:\Users\pperv\code\unnamed_rpg\vendor\json\include\nlohmann/detail/iterators/iter_impl.hpp(112,18): warning: enumeration type in nested name specifier is incompatible with C++98 [-Wc++98-compat]
[build]   112 |             case value_t::array:
[build]       |                  ^
[build] C:\Users\pperv\code\unnamed_rpg\vendor\json\include\nlohmann/detail/iterators/iter_impl.hpp(118,18): warning: enumeration type in nested name specifier is incompatible with C++98 [-Wc++98-compat]
[build]   118 |             case value_t::null:
[build]       |                  ^
[build] C:\Users\pperv\code\unnamed_rpg\vendor\json\include\nlohmann/detail/iterators/iter_impl.hpp(119,18): warning: enumeration type in nested name specifier is incompatible with C++98 [-Wc++98-compat]
[build]   119 |             case value_t::string:
[build]       |                  ^
[build] C:\Users\pperv\code\unnamed_rpg\vendor\json\include\nlohmann/detail/iterators/iter_impl.hpp(120,18): warning: enumeration type in nested name specifier is incompatible with C++98 [-Wc++98-compat]
[build]   120 |             case value_t::boolean:
[build]       |                  ^
[build] C:\Users\pperv\code\unnamed_rpg\vendor\json\include\nlohmann/detail/iterators/iter_impl.hpp(121,18): warning: enumeration type in nested name specifier is incompatible with C++98 [-Wc++98-compat]
[build]   121 |             case value_t::number_integer:
[build]       |                  ^
[build] C:\Users\pperv\code\unnamed_rpg\vendor\json\include\nlohmann/detail/iterators/iter_impl.hpp(122,18): warning: enumeration type in nested name specifier is incompatible with C++98 [-Wc++98-compat]
[build]   122 |             case value_t::number_unsigned:
[build]       |                  ^
[build] C:\Users\pperv\code\unnamed_rpg\vendor\json\include\nlohmann/detail/iterators/iter_impl.hpp(123,18): warning: enumeration type in nested name specifier is incompatible with C++98 [-Wc++98-compat]
[build]   123 |             case value_t::number_float:
[build]       |                  ^
[build] C:\Users\pperv\code\unnamed_rpg\vendor\json\include\nlohmann/detail/iterators/iter_impl.hpp(124,18): warning: enumeration type in nested name specifier is incompatible with C++98 [-Wc++98-compat]
[build]   124 |             case value_t::binary:
[build]       |                  ^
[build] C:\Users\pperv\code\unnamed_rpg\vendor\json\include\nlohmann/detail/iterators/iter_impl.hpp(125,18): warning: enumeration type in nested name specifier is incompatible with C++98 [-Wc++98-compat]
[build]   125 |             case value_t::discarded:
[build]       |                  ^
[build] C:\Users\pperv\code\unnamed_rpg\vendor\json\include\nlohmann/detail/iterators/iter_impl.hpp(106,18): warning: enumeration type in nested name specifier is incompatible with C++98 [-Wc++98-compat]
[build]   106 |             case value_t::object:
[build]       |                  ^
[build] C:\Users\pperv\code\unnamed_rpg\vendor\json\include\nlohmann/json.hpp(2866,18): note: in instantiation of member function 'nlohmann::detail::iter_impl<nlohmann::basic_json<>>::iter_impl' requested here
[build]  2866 |         iterator result(this);
[build]       |                  ^
[build] C:\Users\pperv\code\unnamed_rpg\vendor\json-schema-validator\src\json-validator.cpp(628,19): note: in instantiation of member function 'nlohmann::basic_json<>::end' requested here
[build]   628 |                 if (attr == sch.end()) // no type field means all sub-types possible
[build]       |                                 ^
[build] In file included from C:\Users\pperv\code\unnamed_rpg\vendor\json-schema-validator\src\json-validator.cpp:9:
[build] In file included from C:\Users\pperv\code\unnamed_rpg\vendor\json-schema-validator\src\nlohmann/json-schema.hpp:24:
[build] In file included from C:\Users\pperv\code\unnamed_rpg\vendor\json\include\nlohmann/json.hpp:55:
[build] C:\Users\pperv\code\unnamed_rpg\vendor\json\include\nlohmann/detail/iterators/iter_impl.hpp(112,18): warning: enumeration type in nested name specifier is incompatible with C++98 [-Wc++98-compat]
[build]   112 |             case value_t::array:
[build]       |                  ^
[build] C:\Users\pperv\code\unnamed_rpg\vendor\json\include\nlohmann/detail/iterators/iter_impl.hpp(118,18): warning: enumeration type in nested name specifier is incompatible with C++98 [-Wc++98-compat]
[build]   118 |             case value_t::null:
[build]       |                  ^
[build] C:\Users\pperv\code\unnamed_rpg\vendor\json\include\nlohmann/detail/iterators/iter_impl.hpp(119,18): warning: enumeration type in nested name specifier is incompatible with C++98 [-Wc++98-compat]
[build]   119 |             case value_t::string:
[build]       |                  ^
[build] C:\Users\pperv\code\unnamed_rpg\vendor\json\include\nlohmann/detail/iterators/iter_impl.hpp(120,18): warning: enumeration type in nested name specifier is incompatible with C++98 [-Wc++98-compat]
[build]   120 |             case value_t::boolean:
[build]       |                  ^
[build] C:\Users\pperv\code\unnamed_rpg\vendor\json\include\nlohmann/detail/iterators/iter_impl.hpp(121,18): warning: enumeration type in nested name specifier is incompatible with C++98 [-Wc++98-compat]
[build]   121 |             case value_t::number_integer:
[build]       |                  ^
[build] C:\Users\pperv\code\unnamed_rpg\vendor\json\include\nlohmann/detail/iterators/iter_impl.hpp(122,18): warning: enumeration type in nested name specifier is incompatible with C++98 [-Wc++98-compat]
[build]   122 |             case value_t::number_unsigned:
[build]       |                  ^
[build] C:\Users\pperv\code\unnamed_rpg\vendor\json\include\nlohmann/detail/iterators/iter_impl.hpp(123,18): warning: enumeration type in nested name specifier is incompatible with C++98 [-Wc++98-compat]
[build]   123 |             case value_t::number_float:
[build]       |                  ^
[build] C:\Users\pperv\code\unnamed_rpg\vendor\json\include\nlohmann/detail/iterators/iter_impl.hpp(124,18): warning: enumeration type in nested name specifier is incompatible with C++98 [-Wc++98-compat]
[build]   124 |             case value_t::binary:
[build]       |                  ^
[build] C:\Users\pperv\code\unnamed_rpg\vendor\json\include\nlohmann/detail/iterators/iter_impl.hpp(125,18): warning: enumeration type in nested name specifier is incompatible with C++98 [-Wc++98-compat]
[build]   125 |             case value_t::discarded:
[build]       |                  ^
[build] C:\Users\pperv\code\unnamed_rpg\vendor\json\include\nlohmann/detail/iterators/iter_impl.hpp(126,13): warning: default label in switch which covers all enumeration values [-Wcovered-switch-default]
[build]   126 |             default:
[build]       |             ^
[build] C:\Users\pperv\code\unnamed_rpg\vendor\json\include\nlohmann/detail/iterators/iter_impl.hpp(243,33): warning: 'nullptr' is incompatible with C++98 [-Wc++98-compat]
[build]   243 |         JSON_ASSERT(m_object != nullptr);
[build]       |                                 ^
[build] C:\Users\pperv\code\unnamed_rpg\vendor\json\include\nlohmann/detail/iterators/iter_impl.hpp(247,18): warning: enumeration type in nested name specifier is incompatible with C++98 [-Wc++98-compat]
[build]   247 |             case value_t::object:
[build]       |                  ^
[build] C:\Users\pperv\code\unnamed_rpg\vendor\json-schema-validator\src\json-validator.cpp(628,19): note: in instantiation of member function 'nlohmann::basic_json<>::end' requested here
[build]   628 |                 if (attr == sch.end()) // no type field means all sub-types possible
[build]       |                                 ^
[build] In file included from C:\Users\pperv\code\unnamed_rpg\vendor\json-schema-validator\src\json-validator.cpp:9:
[build] In file included from C:\Users\pperv\code\unnamed_rpg\vendor\json-schema-validator\src\nlohmann/json-schema.hpp:24:
[build] In file included from C:\Users\pperv\code\unnamed_rpg\vendor\json\include\nlohmann/json.hpp:55:
[build] C:\Users\pperv\code\unnamed_rpg\vendor\json\include\nlohmann/detail/iterators/iter_impl.hpp(253,18): warning: enumeration type in nested name specifier is incompatible with C++98 [-Wc++98-compat]
[build]   253 |             case value_t::array:
[build]       |                  ^
[build] C:\Users\pperv\code\unnamed_rpg\vendor\json\include\nlohmann/detail/iterators/iter_impl.hpp(259,18): warning: enumeration type in nested name specifier is incompatible with C++98 [-Wc++98-compat]
[build]   259 |             case value_t::null:
[build]       |                  ^
[build] C:\Users\pperv\code\unnamed_rpg\vendor\json\include\nlohmann/detail/iterators/iter_impl.hpp(260,18): warning: enumeration type in nested name specifier is incompatible with C++98 [-Wc++98-compat]
[build]   260 |             case value_t::string:
[build]       |                  ^
[build] C:\Users\pperv\code\unnamed_rpg\vendor\json\include\nlohmann/detail/iterators/iter_impl.hpp(261,18): warning: enumeration type in nested name specifier is incompatible with C++98 [-Wc++98-compat]
[build]   261 |             case value_t::boolean:
[build]       |                  ^
[build] C:\Users\pperv\code\unnamed_rpg\vendor\json\include\nlohmann/detail/iterators/iter_impl.hpp(262,18): warning: enumeration type in nested name specifier is incompatible with C++98 [-Wc++98-compat]
[build]   262 |             case value_t::number_integer:
[build]       |                  ^
[build] C:\Users\pperv\code\unnamed_rpg\vendor\json\include\nlohmann/detail/iterators/iter_impl.hpp(263,18): warning: enumeration type in nested name specifier is incompatible with C++98 [-Wc++98-compat]
[build]   263 |             case value_t::number_unsigned:
[build]       |                  ^
[build] C:\Users\pperv\code\unnamed_rpg\vendor\json\include\nlohmann/detail/iterators/iter_impl.hpp(264,18): warning: enumeration type in nested name specifier is incompatible with C++98 [-Wc++98-compat]
[build]   264 |             case value_t::number_float:
[build]       |                  ^
[build] C:\Users\pperv\code\unnamed_rpg\vendor\json\include\nlohmann/detail/iterators/iter_impl.hpp(265,18): warning: enumeration type in nested name specifier is incompatible with C++98 [-Wc++98-compat]
[build]   265 |             case value_t::binary:
[build]       |                  ^
[build] C:\Users\pperv\code\unnamed_rpg\vendor\json\include\nlohmann/detail/iterators/iter_impl.hpp(266,18): warning: enumeration type in nested name specifier is incompatible with C++98 [-Wc++98-compat]
[build]   266 |             case value_t::discarded:
[build]       |                  ^
[build] C:\Users\pperv\code\unnamed_rpg\vendor\json\include\nlohmann/detail/iterators/iter_impl.hpp(247,18): warning: enumeration type in nested name specifier is incompatible with C++98 [-Wc++98-compat]
[build]   247 |             case value_t::object:
[build]       |                  ^
[build] C:\Users\pperv\code\unnamed_rpg\vendor\json\include\nlohmann/json.hpp(2867,16): note: in instantiation of member function 'nlohmann::detail::iter_impl<nlohmann::basic_json<>>::set_end' requested here
[build]  2867 |         result.set_end();
[build]       |                ^
[build] C:\Users\pperv\code\unnamed_rpg\vendor\json-schema-validator\src\json-validator.cpp(628,19): note: in instantiation of member function 'nlohmann::basic_json<>::end' requested here
[build]   628 |                 if (attr == sch.end()) // no type field means all sub-types possible
[build]       |                                 ^
[build] In file included from C:\Users\pperv\code\unnamed_rpg\vendor\json-schema-validator\src\json-validator.cpp:9:
[build] In file included from C:\Users\pperv\code\unnamed_rpg\vendor\json-schema-validator\src\nlohmann/json-schema.hpp:24:
[build] In file included from C:\Users\pperv\code\unnamed_rpg\vendor\json\include\nlohmann/json.hpp:55:
[build] C:\Users\pperv\code\unnamed_rpg\vendor\json\include\nlohmann/detail/iterators/iter_impl.hpp(253,18): warning: enumeration type in nested name specifier is incompatible with C++98 [-Wc++98-compat]
[build]   253 |             case value_t::array:
[build]       |                  ^
[build] C:\Users\pperv\code\unnamed_rpg\vendor\json\include\nlohmann/detail/iterators/iter_impl.hpp(259,18): warning: enumeration type in nested name specifier is incompatible with C++98 [-Wc++98-compat]
[build]   259 |             case value_t::null:
[build]       |                  ^
[build] C:\Users\pperv\code\unnamed_rpg\vendor\json\include\nlohmann/detail/iterators/iter_impl.hpp(260,18): warning: enumeration type in nested name specifier is incompatible with C++98 [-Wc++98-compat]
[build]   260 |             case value_t::string:
[build]       |                  ^
[build] C:\Users\pperv\code\unnamed_rpg\vendor\json\include\nlohmann/detail/iterators/iter_impl.hpp(261,18): warning: enumeration type in nested name specifier is incompatible with C++98 [-Wc++98-compat]
[build]   261 |             case value_t::boolean:
[build]       |                  ^
[build] C:\Users\pperv\code\unnamed_rpg\vendor\json\include\nlohmann/detail/iterators/iter_impl.hpp(262,18): warning: enumeration type in nested name specifier is incompatible with C++98 [-Wc++98-compat]
[build]   262 |             case value_t::number_integer:
[build]       |                  ^
[build] C:\Users\pperv\code\unnamed_rpg\vendor\json\include\nlohmann/detail/iterators/iter_impl.hpp(263,18): warning: enumeration type in nested name specifier is incompatible with C++98 [-Wc++98-compat]
[build]   263 |             case value_t::number_unsigned:
[build]       |                  ^
[build] C:\Users\pperv\code\unnamed_rpg\vendor\json\include\nlohmann/detail/iterators/iter_impl.hpp(264,18): warning: enumeration type in nested name specifier is incompatible with C++98 [-Wc++98-compat]
[build]   264 |             case value_t::number_float:
[build]       |                  ^
[build] C:\Users\pperv\code\unnamed_rpg\vendor\json\include\nlohmann/detail/iterators/iter_impl.hpp(265,18): warning: enumeration type in nested name specifier is incompatible with C++98 [-Wc++98-compat]
[build]   265 |             case value_t::binary:
[build]       |                  ^
[build] C:\Users\pperv\code\unnamed_rpg\vendor\json\include\nlohmann/detail/iterators/iter_impl.hpp(266,18): warning: enumeration type in nested name specifier is incompatible with C++98 [-Wc++98-compat]
[build]   266 |             case value_t::discarded:
[build]       |                  ^
[build] C:\Users\pperv\code\unnamed_rpg\vendor\json\include\nlohmann/detail/iterators/iter_impl.hpp(267,13): warning: default label in switch which covers all enumeration values [-Wcovered-switch-default]
[build]   267 |             default:
[build]       |             ^
[build] C:\Users\pperv\code\unnamed_rpg\vendor\json\include\nlohmann/detail/iterators/iter_impl.hpp(478,25): warning: 'nullptr' is incompatible with C++98 [-Wc++98-compat]
[build]   478 |         if (m_object == nullptr)
[build]       |                         ^
[build] C:\Users\pperv\code\unnamed_rpg\vendor\json\include\nlohmann/detail/iterators/iter_impl.hpp(485,18): warning: enumeration type in nested name specifier is incompatible with C++98 [-Wc++98-compat]
[build]   485 |             case value_t::object:
[build]       |                  ^
[build] C:\Users\pperv\code\unnamed_rpg\vendor\json\include\nlohmann/detail/iterators/iter_impl.hpp(488,18): warning: enumeration type in nested name specifier is incompatible with C++98 [-Wc++98-compat]
[build]   488 |             case value_t::array:
[build]       |                  ^
[build] C:\Users\pperv\code\unnamed_rpg\vendor\json\include\nlohmann/detail/iterators/iter_impl.hpp(491,18): warning: enumeration type in nested name specifier is incompatible with C++98 [-Wc++98-compat]
[build]   491 |             case value_t::null:
[build]       |                  ^
[build] C:\Users\pperv\code\unnamed_rpg\vendor\json\include\nlohmann/detail/iterators/iter_impl.hpp(492,18): warning: enumeration type in nested name specifier is incompatible with C++98 [-Wc++98-compat]
[build]   492 |             case value_t::string:
[build]       |                  ^
[build] C:\Users\pperv\code\unnamed_rpg\vendor\json\include\nlohmann/detail/iterators/iter_impl.hpp(493,18): warning: enumeration type in nested name specifier is incompatible with C++98 [-Wc++98-compat]
[build]   493 |             case value_t::boolean:
[build]       |                  ^
[build] C:\Users\pperv\code\unnamed_rpg\vendor\json\include\nlohmann/detail/iterators/iter_impl.hpp(494,18): warning: enumeration type in nested name specifier is incompatible with C++98 [-Wc++98-compat]
[build]   494 |             case value_t::number_integer:
[build]       |                  ^
[build] C:\Users\pperv\code\unnamed_rpg\vendor\json\include\nlohmann/detail/iterators/iter_impl.hpp(495,18): warning: enumeration type in nested name specifier is incompatible with C++98 [-Wc++98-compat]
[build]   495 |             case value_t::number_unsigned:
[build]       |                  ^
[build] C:\Users\pperv\code\unnamed_rpg\vendor\json\include\nlohmann/detail/iterators/iter_impl.hpp(496,18): warning: enumeration type in nested name specifier is incompatible with C++98 [-Wc++98-compat]
[build]   496 |             case value_t::number_float:
[build]       |                  ^
[build] C:\Users\pperv\code\unnamed_rpg\vendor\json\include\nlohmann/detail/iterators/iter_impl.hpp(497,18): warning: enumeration type in nested name specifier is incompatible with C++98 [-Wc++98-compat]
[build]   497 |             case value_t::binary:
[build]       |                  ^
[build] C:\Users\pperv\code\unnamed_rpg\vendor\json\include\nlohmann/detail/iterators/iter_impl.hpp(498,18): warning: enumeration type in nested name specifier is incompatible with C++98 [-Wc++98-compat]
[build]   498 |             case value_t::discarded:
[build]       |                  ^
[build] C:\Users\pperv\code\unnamed_rpg\vendor\json\include\nlohmann/detail/iterators/iter_impl.hpp(485,18): warning: enumeration type in nested name specifier is incompatible with C++98 [-Wc++98-compat]
[build]   485 |             case value_t::object:
[build]       |                  ^
[build] C:\Users\pperv\code\unnamed_rpg\vendor\json-schema-validator\src\json-validator.cpp(628,12): note: in instantiation of function template specialization 'nlohmann::detail::iter_impl<nlohmann::basic_json<>>::operator==<nlohmann::detail::iter_impl<nlohmann::basic_json<>>, nullptr>' requested here
[build]   628 |                 if (attr == sch.end()) // no type field means all sub-types possible
[build]       |                          ^
[build] In file included from C:\Users\pperv\code\unnamed_rpg\vendor\json-schema-validator\src\json-validator.cpp:9:
[build] In file included from C:\Users\pperv\code\unnamed_rpg\vendor\json-schema-validator\src\nlohmann/json-schema.hpp:24:
[build] In file included from C:\Users\pperv\code\unnamed_rpg\vendor\json\include\nlohmann/json.hpp:55:
[build] C:\Users\pperv\code\unnamed_rpg\vendor\json\include\nlohmann/detail/iterators/iter_impl.hpp(488,18): warning: enumeration type in nested name specifier is incompatible with C++98 [-Wc++98-compat]
[build]   488 |             case value_t::array:
[build]       |                  ^
[build] C:\Users\pperv\code\unnamed_rpg\vendor\json\include\nlohmann/detail/iterators/iter_impl.hpp(491,18): warning: enumeration type in nested name specifier is incompatible with C++98 [-Wc++98-compat]
[build]   491 |             case value_t::null:
[build]       |                  ^
[build] C:\Users\pperv\code\unnamed_rpg\vendor\json\include\nlohmann/detail/iterators/iter_impl.hpp(492,18): warning: enumeration type in nested name specifier is incompatible with C++98 [-Wc++98-compat]
[build]   492 |             case value_t::string:
[build]       |                  ^
[build] C:\Users\pperv\code\unnamed_rpg\vendor\json\include\nlohmann/detail/iterators/iter_impl.hpp(493,18): warning: enumeration type in nested name specifier is incompatible with C++98 [-Wc++98-compat]
[build]   493 |             case value_t::boolean:
[build]       |                  ^
[build] C:\Users\pperv\code\unnamed_rpg\vendor\json\include\nlohmann/detail/iterators/iter_impl.hpp(494,18): warning: enumeration type in nested name specifier is incompatible with C++98 [-Wc++98-compat]
[build]   494 |             case value_t::number_integer:
[build]       |                  ^
[build] C:\Users\pperv\code\unnamed_rpg\vendor\json\include\nlohmann/detail/iterators/iter_impl.hpp(495,18): warning: enumeration type in nested name specifier is incompatible with C++98 [-Wc++98-compat]
[build]   495 |             case value_t::number_unsigned:
[build]       |                  ^
[build] C:\Users\pperv\code\unnamed_rpg\vendor\json\include\nlohmann/detail/iterators/iter_impl.hpp(496,18): warning: enumeration type in nested name specifier is incompatible with C++98 [-Wc++98-compat]
[build]   496 |             case value_t::number_float:
[build]       |                  ^
[build] C:\Users\pperv\code\unnamed_rpg\vendor\json\include\nlohmann/detail/iterators/iter_impl.hpp(497,18): warning: enumeration type in nested name specifier is incompatible with C++98 [-Wc++98-compat]
[build]   497 |             case value_t::binary:
[build]       |                  ^
[build] C:\Users\pperv\code\unnamed_rpg\vendor\json\include\nlohmann/detail/iterators/iter_impl.hpp(498,18): warning: enumeration type in nested name specifier is incompatible with C++98 [-Wc++98-compat]
[build]   498 |             case value_t::discarded:
[build]       |                  ^
[build] C:\Users\pperv\code\unnamed_rpg\vendor\json\include\nlohmann/detail/iterators/iter_impl.hpp(499,13): warning: default label in switch which covers all enumeration values [-Wcovered-switch-default]
[build]   499 |             default:
[build]       |             ^
[build] In file included from C:\Users\pperv\code\unnamed_rpg\vendor\json-schema-validator\src\json-validator.cpp:9:
[build] In file included from C:\Users\pperv\code\unnamed_rpg\vendor\json-schema-validator\src\nlohmann/json-schema.hpp:24:
[build] C:\Users\pperv\code\unnamed_rpg\vendor\json\include\nlohmann/json.hpp(1675,9): warning: 'auto' type specifier is incompatible with C++98 [-Wc++98-compat]
[build]  1675 |         auto ret = ValueType();
[build]       |         ^~~~
[build] In file included from C:\Users\pperv\code\unnamed_rpg\vendor\json-schema-validator\src\json-validator.cpp:9:
[build] In file included from C:\Users\pperv\code\unnamed_rpg\vendor\json-schema-validator\src\nlohmann/json-schema.hpp:24:
[build] In file included from C:\Users\pperv\code\unnamed_rpg\vendor\json\include\nlohmann/json.hpp:55:
[build] C:\Users\pperv\code\unnamed_rpg\vendor\json\include\nlohmann/detail/iterators/iter_impl.hpp(199,33): warning: 'nullptr' is incompatible with C++98 [-Wc++98-compat]
[build]   199 |         JSON_ASSERT(m_object != nullptr);
[build]       |                                 ^
[build] C:\Users\pperv\code\unnamed_rpg\vendor\json\include\nlohmann/detail/iterators/iter_impl.hpp(203,18): warning: enumeration type in nested name specifier is incompatible with C++98 [-Wc++98-compat]
[build]   203 |             case value_t::object:
[build]       |                  ^
[build] C:\Users\pperv\code\unnamed_rpg\vendor\json-schema-validator\src\json-validator.cpp(642,28): note: in instantiation of member function 'nlohmann::basic_json<>::begin' requested here
[build]   642 |                                 for (auto &array_value : attr.value()) {
[build]       |                                                        ^
[build] In file included from C:\Users\pperv\code\unnamed_rpg\vendor\json-schema-validator\src\json-validator.cpp:9:
[build] In file included from C:\Users\pperv\code\unnamed_rpg\vendor\json-schema-validator\src\nlohmann/json-schema.hpp:24:
[build] In file included from C:\Users\pperv\code\unnamed_rpg\vendor\json\include\nlohmann/json.hpp:55:
[build] C:\Users\pperv\code\unnamed_rpg\vendor\json\include\nlohmann/detail/iterators/iter_impl.hpp(209,18): warning: enumeration type in nested name specifier is incompatible with C++98 [-Wc++98-compat]
[build]   209 |             case value_t::array:
[build]       |                  ^
[build] C:\Users\pperv\code\unnamed_rpg\vendor\json\include\nlohmann/detail/iterators/iter_impl.hpp(215,18): warning: enumeration type in nested name specifier is incompatible with C++98 [-Wc++98-compat]
[build]   215 |             case value_t::null:
[build]       |                  ^
[build] C:\Users\pperv\code\unnamed_rpg\vendor\json\include\nlohmann/detail/iterators/iter_impl.hpp(222,18): warning: enumeration type in nested name specifier is incompatible with C++98 [-Wc++98-compat]
[build]   222 |             case value_t::string:
[build]       |                  ^
[build] C:\Users\pperv\code\unnamed_rpg\vendor\json\include\nlohmann/detail/iterators/iter_impl.hpp(223,18): warning: enumeration type in nested name specifier is incompatible with C++98 [-Wc++98-compat]
[build]   223 |             case value_t::boolean:
[build]       |                  ^
[build] C:\Users\pperv\code\unnamed_rpg\vendor\json\include\nlohmann/detail/iterators/iter_impl.hpp(224,18): warning: enumeration type in nested name specifier is incompatible with C++98 [-Wc++98-compat]
[build]   224 |             case value_t::number_integer:
[build]       |                  ^
[build] C:\Users\pperv\code\unnamed_rpg\vendor\json\include\nlohmann/detail/iterators/iter_impl.hpp(225,18): warning: enumeration type in nested name specifier is incompatible with C++98 [-Wc++98-compat]
[build]   225 |             case value_t::number_unsigned:
[build]       |                  ^
[build] C:\Users\pperv\code\unnamed_rpg\vendor\json\include\nlohmann/detail/iterators/iter_impl.hpp(226,18): warning: enumeration type in nested name specifier is incompatible with C++98 [-Wc++98-compat]
[build]   226 |             case value_t::number_float:
[build]       |                  ^
[build] C:\Users\pperv\code\unnamed_rpg\vendor\json\include\nlohmann/detail/iterators/iter_impl.hpp(227,18): warning: enumeration type in nested name specifier is incompatible with C++98 [-Wc++98-compat]
[build]   227 |             case value_t::binary:
[build]       |                  ^
[build] C:\Users\pperv\code\unnamed_rpg\vendor\json\include\nlohmann/detail/iterators/iter_impl.hpp(228,18): warning: enumeration type in nested name specifier is incompatible with C++98 [-Wc++98-compat]
[build]   228 |             case value_t::discarded:
[build]       |                  ^
[build] C:\Users\pperv\code\unnamed_rpg\vendor\json\include\nlohmann/detail/iterators/iter_impl.hpp(203,18): warning: enumeration type in nested name specifier is incompatible with C++98 [-Wc++98-compat]
[build]   203 |             case value_t::object:
[build]       |                  ^
[build] C:\Users\pperv\code\unnamed_rpg\vendor\json\include\nlohmann/json.hpp(2842,16): note: in instantiation of member function 'nlohmann::detail::iter_impl<nlohmann::basic_json<>>::set_begin' requested here
[build]  2842 |         result.set_begin();
[build]       |                ^
[build] C:\Users\pperv\code\unnamed_rpg\vendor\json-schema-validator\src\json-validator.cpp(642,28): note: in instantiation of member function 'nlohmann::basic_json<>::begin' requested here
[build]   642 |                                 for (auto &array_value : attr.value()) {
[build]       |                                                        ^
[build] In file included from C:\Users\pperv\code\unnamed_rpg\vendor\json-schema-validator\src\json-validator.cpp:9:
[build] In file included from C:\Users\pperv\code\unnamed_rpg\vendor\json-schema-validator\src\nlohmann/json-schema.hpp:24:
[build] In file included from C:\Users\pperv\code\unnamed_rpg\vendor\json\include\nlohmann/json.hpp:55:
[build] C:\Users\pperv\code\unnamed_rpg\vendor\json\include\nlohmann/detail/iterators/iter_impl.hpp(209,18): warning: enumeration type in nested name specifier is incompatible with C++98 [-Wc++98-compat]
[build]   209 |             case value_t::array:
[build]       |                  ^
[build] C:\Users\pperv\code\unnamed_rpg\vendor\json\include\nlohmann/detail/iterators/iter_impl.hpp(215,18): warning: enumeration type in nested name specifier is incompatible with C++98 [-Wc++98-compat]
[build]   215 |             case value_t::null:
[build]       |                  ^
[build] C:\Users\pperv\code\unnamed_rpg\vendor\json\include\nlohmann/detail/iterators/iter_impl.hpp(222,18): warning: enumeration type in nested name specifier is incompatible with C++98 [-Wc++98-compat]
[build]   222 |             case value_t::string:
[build]       |                  ^
[build] C:\Users\pperv\code\unnamed_rpg\vendor\json\include\nlohmann/detail/iterators/iter_impl.hpp(223,18): warning: enumeration type in nested name specifier is incompatible with C++98 [-Wc++98-compat]
[build]   223 |             case value_t::boolean:
[build]       |                  ^
[build] C:\Users\pperv\code\unnamed_rpg\vendor\json\include\nlohmann/detail/iterators/iter_impl.hpp(224,18): warning: enumeration type in nested name specifier is incompatible with C++98 [-Wc++98-compat]
[build]   224 |             case value_t::number_integer:
[build]       |                  ^
[build] C:\Users\pperv\code\unnamed_rpg\vendor\json\include\nlohmann/detail/iterators/iter_impl.hpp(225,18): warning: enumeration type in nested name specifier is incompatible with C++98 [-Wc++98-compat]
[build]   225 |             case value_t::number_unsigned:
[build]       |                  ^
[build] C:\Users\pperv\code\unnamed_rpg\vendor\json\include\nlohmann/detail/iterators/iter_impl.hpp(226,18): warning: enumeration type in nested name specifier is incompatible with C++98 [-Wc++98-compat]
[build]   226 |             case value_t::number_float:
[build]       |                  ^
[build] C:\Users\pperv\code\unnamed_rpg\vendor\json\include\nlohmann/detail/iterators/iter_impl.hpp(227,18): warning: enumeration type in nested name specifier is incompatible with C++98 [-Wc++98-compat]
[build]   227 |             case value_t::binary:
[build]       |                  ^
[build] C:\Users\pperv\code\unnamed_rpg\vendor\json\include\nlohmann/detail/iterators/iter_impl.hpp(228,18): warning: enumeration type in nested name specifier is incompatible with C++98 [-Wc++98-compat]
[build]   228 |             case value_t::discarded:
[build]       |                  ^
[build] C:\Users\pperv\code\unnamed_rpg\vendor\json\include\nlohmann/detail/iterators/iter_impl.hpp(229,13): warning: default label in switch which covers all enumeration values [-Wcovered-switch-default]
[build]   229 |             default:
[build]       |             ^
[build] C:\Users\pperv\code\unnamed_rpg\vendor\json\include\nlohmann/detail/iterators/iter_impl.hpp(383,18): warning: enumeration type in nested name specifier is incompatible with C++98 [-Wc++98-compat]
[build]   383 |             case value_t::object:
[build]       |                  ^
[build] C:\Users\pperv\code\unnamed_rpg\vendor\json-schema-validator\src\json-validator.cpp(642,28): note: in instantiation of member function 'nlohmann::detail::iter_impl<nlohmann::basic_json<>>::operator++' requested here
[build]   642 |                                 for (auto &array_value : attr.value()) {
[build]       |                                                        ^
[build] In file included from C:\Users\pperv\code\unnamed_rpg\vendor\json-schema-validator\src\json-validator.cpp:9:
[build] In file included from C:\Users\pperv\code\unnamed_rpg\vendor\json-schema-validator\src\nlohmann/json-schema.hpp:24:
[build] In file included from C:\Users\pperv\code\unnamed_rpg\vendor\json\include\nlohmann/json.hpp:55:
[build] C:\Users\pperv\code\unnamed_rpg\vendor\json\include\nlohmann/detail/iterators/iter_impl.hpp(389,18): warning: enumeration type in nested name specifier is incompatible with C++98 [-Wc++98-compat]
[build]   389 |             case value_t::array:
[build]       |                  ^
[build] C:\Users\pperv\code\unnamed_rpg\vendor\json\include\nlohmann/detail/iterators/iter_impl.hpp(395,18): warning: enumeration type in nested name specifier is incompatible with C++98 [-Wc++98-compat]
[build]   395 |             case value_t::null:
[build]       |                  ^
[build] C:\Users\pperv\code\unnamed_rpg\vendor\json\include\nlohmann/detail/iterators/iter_impl.hpp(396,18): warning: enumeration type in nested name specifier is incompatible with C++98 [-Wc++98-compat]
[build]   396 |             case value_t::string:
[build]       |                  ^
[build] C:\Users\pperv\code\unnamed_rpg\vendor\json\include\nlohmann/detail/iterators/iter_impl.hpp(397,18): warning: enumeration type in nested name specifier is incompatible with C++98 [-Wc++98-compat]
[build]   397 |             case value_t::boolean:
[build]       |                  ^
[build] C:\Users\pperv\code\unnamed_rpg\vendor\json\include\nlohmann/detail/iterators/iter_impl.hpp(398,18): warning: enumeration type in nested name specifier is incompatible with C++98 [-Wc++98-compat]
[build]   398 |             case value_t::number_integer:
[build]       |                  ^
[build] C:\Users\pperv\code\unnamed_rpg\vendor\json\include\nlohmann/detail/iterators/iter_impl.hpp(399,18): warning: enumeration type in nested name specifier is incompatible with C++98 [-Wc++98-compat]
[build]   399 |             case value_t::number_unsigned:
[build]       |                  ^
[build] C:\Users\pperv\code\unnamed_rpg\vendor\json\include\nlohmann/detail/iterators/iter_impl.hpp(400,18): warning: enumeration type in nested name specifier is incompatible with C++98 [-Wc++98-compat]
[build]   400 |             case value_t::number_float:
[build]       |                  ^
[build] C:\Users\pperv\code\unnamed_rpg\vendor\json\include\nlohmann/detail/iterators/iter_impl.hpp(401,18): warning: enumeration type in nested name specifier is incompatible with C++98 [-Wc++98-compat]
[build]   401 |             case value_t::binary:
[build]       |                  ^
[build] C:\Users\pperv\code\unnamed_rpg\vendor\json\include\nlohmann/detail/iterators/iter_impl.hpp(402,18): warning: enumeration type in nested name specifier is incompatible with C++98 [-Wc++98-compat]
[build]   402 |             case value_t::discarded:
[build]       |                  ^
[build] C:\Users\pperv\code\unnamed_rpg\vendor\json\include\nlohmann/detail/iterators/iter_impl.hpp(403,13): warning: default label in switch which covers all enumeration values [-Wcovered-switch-default]
[build]   403 |             default:
[build]       |             ^
[build] C:\Users\pperv\code\unnamed_rpg\vendor\json\include\nlohmann/detail/iterators/iter_impl.hpp(286,18): warning: enumeration type in nested name specifier is incompatible with C++98 [-Wc++98-compat]
[build]   286 |             case value_t::object:
[build]       |                  ^
[build] C:\Users\pperv\code\unnamed_rpg\vendor\json-schema-validator\src\json-validator.cpp(642,28): note: in instantiation of member function 'nlohmann::detail::iter_impl<nlohmann::basic_json<>>::operator*' requested here
[build]   642 |                                 for (auto &array_value : attr.value()) {
[build]       |                                                        ^
[build] In file included from C:\Users\pperv\code\unnamed_rpg\vendor\json-schema-validator\src\json-validator.cpp:9:
[build] In file included from C:\Users\pperv\code\unnamed_rpg\vendor\json-schema-validator\src\nlohmann/json-schema.hpp:24:
[build] In file included from C:\Users\pperv\code\unnamed_rpg\vendor\json\include\nlohmann/json.hpp:55:
[build] C:\Users\pperv\code\unnamed_rpg\vendor\json\include\nlohmann/detail/iterators/iter_impl.hpp(292,18): warning: enumeration type in nested name specifier is incompatible with C++98 [-Wc++98-compat]
[build]   292 |             case value_t::array:
[build]       |                  ^
[build] C:\Users\pperv\code\unnamed_rpg\vendor\json\include\nlohmann/detail/iterators/iter_impl.hpp(298,18): warning: enumeration type in nested name specifier is incompatible with C++98 [-Wc++98-compat]
[build]   298 |             case value_t::null:
[build]       |                  ^
[build] C:\Users\pperv\code\unnamed_rpg\vendor\json\include\nlohmann/detail/iterators/iter_impl.hpp(301,18): warning: enumeration type in nested name specifier is incompatible with C++98 [-Wc++98-compat]
[build]   301 |             case value_t::string:
[build]       |                  ^
[build] C:\Users\pperv\code\unnamed_rpg\vendor\json\include\nlohmann/detail/iterators/iter_impl.hpp(302,18): warning: enumeration type in nested name specifier is incompatible with C++98 [-Wc++98-compat]
[build]   302 |             case value_t::boolean:
[build]       |                  ^
[build] C:\Users\pperv\code\unnamed_rpg\vendor\json\include\nlohmann/detail/iterators/iter_impl.hpp(303,18): warning: enumeration type in nested name specifier is incompatible with C++98 [-Wc++98-compat]
[build]   303 |             case value_t::number_integer:
[build]       |                  ^
[build] C:\Users\pperv\code\unnamed_rpg\vendor\json\include\nlohmann/detail/iterators/iter_impl.hpp(304,18): warning: enumeration type in nested name specifier is incompatible with C++98 [-Wc++98-compat]
[build]   304 |             case value_t::number_unsigned:
[build]       |                  ^
[build] C:\Users\pperv\code\unnamed_rpg\vendor\json\include\nlohmann/detail/iterators/iter_impl.hpp(305,18): warning: enumeration type in nested name specifier is incompatible with C++98 [-Wc++98-compat]
[build]   305 |             case value_t::number_float:
[build]       |                  ^
[build] C:\Users\pperv\code\unnamed_rpg\vendor\json\include\nlohmann/detail/iterators/iter_impl.hpp(306,18): warning: enumeration type in nested name specifier is incompatible with C++98 [-Wc++98-compat]
[build]   306 |             case value_t::binary:
[build]       |                  ^
[build] C:\Users\pperv\code\unnamed_rpg\vendor\json\include\nlohmann/detail/iterators/iter_impl.hpp(307,18): warning: enumeration type in nested name specifier is incompatible with C++98 [-Wc++98-compat]
[build]   307 |             case value_t::discarded:
[build]       |                  ^
[build] C:\Users\pperv\code\unnamed_rpg\vendor\json\include\nlohmann/detail/iterators/iter_impl.hpp(308,13): warning: default label in switch which covers all enumeration values [-Wcovered-switch-default]
[build]   308 |             default:
[build]       |             ^
[build] In file included from C:\Users\pperv\code\unnamed_rpg\vendor\json-schema-validator\src\json-validator.cpp:9:
[build] In file included from C:\Users\pperv\code\unnamed_rpg\vendor\json-schema-validator\src\nlohmann/json-schema.hpp:24:
[build] C:\Users\pperv\code\unnamed_rpg\vendor\json\include\nlohmann/json.hpp(2527,43): warning: 'decltype' type specifier is incompatible with C++98 [-Wc++98-compat]
[build]  2527 |                     std::allocator_traits<decltype(alloc)>::destroy(alloc, m_data.m_value.string);
[build]       |                                           ^
[build] C:\Users\pperv\code\unnamed_rpg\vendor\json\include\nlohmann/json.hpp(2528,43): warning: 'decltype' type specifier is incompatible with C++98 [-Wc++98-compat]
[build]  2528 |                     std::allocator_traits<decltype(alloc)>::deallocate(alloc, m_data.m_value.string, 1);
[build]       |                                           ^
[build] C:\Users\pperv\code\unnamed_rpg\vendor\json\include\nlohmann/json.hpp(2529,45): warning: 'nullptr' is incompatible with C++98 [-Wc++98-compat]
[build]  2529 |                     m_data.m_value.string = nullptr;
[build]       |                                             ^
[build] C:\Users\pperv\code\unnamed_rpg\vendor\json\include\nlohmann/json.hpp(2534,43): warning: 'decltype' type specifier is incompatible with C++98 [-Wc++98-compat]
[build]  2534 |                     std::allocator_traits<decltype(alloc)>::destroy(alloc, m_data.m_value.binary);
[build]       |                                           ^
[build] C:\Users\pperv\code\unnamed_rpg\vendor\json\include\nlohmann/json.hpp(2535,43): warning: 'decltype' type specifier is incompatible with C++98 [-Wc++98-compat]
[build]  2535 |                     std::allocator_traits<decltype(alloc)>::deallocate(alloc, m_data.m_value.binary, 1);
[build]       |                                           ^
[build] C:\Users\pperv\code\unnamed_rpg\vendor\json\include\nlohmann/json.hpp(2536,45): warning: 'nullptr' is incompatible with C++98 [-Wc++98-compat]
[build]  2536 |                     m_data.m_value.binary = nullptr;
[build]       |                                             ^
[build] C:\Users\pperv\code\unnamed_rpg\vendor\json\include\nlohmann/json.hpp(2512,18): warning: enumeration type in nested name specifier is incompatible with C++98 [-Wc++98-compat]
[build]  2512 |             case value_t::boolean:
[build]       |                  ^
[build] C:\Users\pperv\code\unnamed_rpg\vendor\json-schema-validator\src\json-validator.cpp(654,8): note: in instantiation of function template specialization 'nlohmann::basic_json<>::erase<nlohmann::detail::iter_impl<nlohmann::basic_json<>>, 0>' requested here
[build]   654 |                         sch.erase(attr);
[build]       |                             ^
[build] In file included from C:\Users\pperv\code\unnamed_rpg\vendor\json-schema-validator\src\json-validator.cpp:9:
[build] In file included from C:\Users\pperv\code\unnamed_rpg\vendor\json-schema-validator\src\nlohmann/json-schema.hpp:24:
[build] C:\Users\pperv\code\unnamed_rpg\vendor\json\include\nlohmann/json.hpp(2513,18): warning: enumeration type in nested name specifier is incompatible with C++98 [-Wc++98-compat]
[build]  2513 |             case value_t::number_float:
[build]       |                  ^
[build] C:\Users\pperv\code\unnamed_rpg\vendor\json\include\nlohmann/json.hpp(2514,18): warning: enumeration type in nested name specifier is incompatible with C++98 [-Wc++98-compat]
[build]  2514 |             case value_t::number_integer:
[build]       |                  ^
[build] C:\Users\pperv\code\unnamed_rpg\vendor\json\include\nlohmann/json.hpp(2515,18): warning: enumeration type in nested name specifier is incompatible with C++98 [-Wc++98-compat]
[build]  2515 |             case value_t::number_unsigned:
[build]       |                  ^
[build] C:\Users\pperv\code\unnamed_rpg\vendor\json\include\nlohmann/json.hpp(2516,18): warning: enumeration type in nested name specifier is incompatible with C++98 [-Wc++98-compat]
[build]  2516 |             case value_t::string:
[build]       |                  ^
[build] C:\Users\pperv\code\unnamed_rpg\vendor\json\include\nlohmann/json.hpp(2517,18): warning: enumeration type in nested name specifier is incompatible with C++98 [-Wc++98-compat]
[build]  2517 |             case value_t::binary:
[build]       |                  ^
[build] C:\Users\pperv\code\unnamed_rpg\vendor\json\include\nlohmann/json.hpp(1446,33): warning: enumeration type in nested name specifier is incompatible with C++98 [-Wc++98-compat]
[build]  1446 |         return m_data.m_type == value_t::binary;
[build]       |                                 ^
[build] C:\Users\pperv\code\unnamed_rpg\vendor\json\include\nlohmann/json.hpp(2531,26): note: in instantiation of member function 'nlohmann::basic_json<>::is_binary' requested here
[build]  2531 |                 else if (is_binary())
[build]       |                          ^
[build] C:\Users\pperv\code\unnamed_rpg\vendor\json-schema-validator\src\json-validator.cpp(654,8): note: in instantiation of function template specialization 'nlohmann::basic_json<>::erase<nlohmann::detail::iter_impl<nlohmann::basic_json<>>, 0>' requested here
[build]   654 |                         sch.erase(attr);
[build]       |                             ^
[build] In file included from C:\Users\pperv\code\unnamed_rpg\vendor\json-schema-validator\src\json-validator.cpp:9:
[build] In file included from C:\Users\pperv\code\unnamed_rpg\vendor\json-schema-validator\src\nlohmann/json-schema.hpp:24:
[build] C:\Users\pperv\code\unnamed_rpg\vendor\json\include\nlohmann/json.hpp(2539,33): warning: enumeration type in nested name specifier is incompatible with C++98 [-Wc++98-compat]
[build]  2539 |                 m_data.m_type = value_t::null;
[build]       |                                 ^
[build] C:\Users\pperv\code\unnamed_rpg\vendor\json-schema-validator\src\json-validator.cpp(654,8): note: in instantiation of function template specialization 'nlohmann::basic_json<>::erase<nlohmann::detail::iter_impl<nlohmann::basic_json<>>, 0>' requested here
[build]   654 |                         sch.erase(attr);
[build]       |                             ^
[build] In file included from C:\Users\pperv\code\unnamed_rpg\vendor\json-schema-validator\src\json-validator.cpp:9:
[build] In file included from C:\Users\pperv\code\unnamed_rpg\vendor\json-schema-validator\src\nlohmann/json-schema.hpp:24:
[build] C:\Users\pperv\code\unnamed_rpg\vendor\json\include\nlohmann/json.hpp(2544,18): warning: enumeration type in nested name specifier is incompatible with C++98 [-Wc++98-compat]
[build]  2544 |             case value_t::object:
[build]       |                  ^
[build] C:\Users\pperv\code\unnamed_rpg\vendor\json\include\nlohmann/json.hpp(2550,18): warning: enumeration type in nested name specifier is incompatible with C++98 [-Wc++98-compat]
[build]  2550 |             case value_t::array:
[build]       |                  ^
[build] C:\Users\pperv\code\unnamed_rpg\vendor\json\include\nlohmann/json.hpp(2556,18): warning: enumeration type in nested name specifier is incompatible with C++98 [-Wc++98-compat]
[build]  2556 |             case value_t::null:
[build]       |                  ^
[build] C:\Users\pperv\code\unnamed_rpg\vendor\json\include\nlohmann/json.hpp(2557,18): warning: enumeration type in nested name specifier is incompatible with C++98 [-Wc++98-compat]
[build]  2557 |             case value_t::discarded:
[build]       |                  ^
[build] C:\Users\pperv\code\unnamed_rpg\vendor\json\include\nlohmann/json.hpp(2558,13): warning: default label in switch which covers all enumeration values [-Wcovered-switch-default]
[build]  2558 |             default:
[build]       |             ^
[build] C:\Users\pperv\code\unnamed_rpg\vendor\json-schema-validator\src\json-validator.cpp(497,8): warning: 'auto' type specifier is incompatible with C++98 [-Wc++98-compat]
[build]   497 |                 for (auto &subschema : sch)
[build]       |                      ^~~~
[build] C:\Program Files\Microsoft Visual Studio\18\Community\VC\Tools\MSVC\14.51.36231\include\memory(2131,18): note: in instantiation of function template specialization 'std::_Construct_in_place<(anonymous namespace)::logical_combination<(anonymous namespace)::allOf>, nlohmann::basic_json<> &, nlohmann::json_schema::root_schema *&, const std::vector<nlohmann::json_uri> &>' requested here
[build]  2131 |             _STD _Construct_in_place(_Storage._Value, _STD forward<_Types>(_Args)...);
[build]       |                  ^
[build] C:\Program Files\Microsoft Visual Studio\18\Community\VC\Tools\MSVC\14.51.36231\include\memory(2944,26): note: in instantiation of function template specialization 'std::_Ref_count_obj2<(anonymous namespace)::logical_combination<(anonymous namespace)::allOf>>::_Ref_count_obj2<nlohmann::basic_json<> &, nlohmann::json_schema::root_schema *&, const std::vector<nlohmann::json_uri> &>' requested here
[build]  2944 |     const auto _Rx = new _Ref_count_obj2<_Ty>(_STD forward<_Types>(_Args)...);
[build]       |                          ^
[build] C:\Users\pperv\code\unnamed_rpg\vendor\json-schema-validator\src\json-validator.cpp(700,26): note: in instantiation of function template specialization 'std::make_shared<(anonymous namespace)::logical_combination<(anonymous namespace)::allOf>, nlohmann::basic_json<> &, nlohmann::json_schema::root_schema *&, const std::vector<nlohmann::json_uri> &>' requested here
[build]   700 |                         logic_.push_back(std::make_shared<logical_combination<allOf>>(attr.value(), root, uris));
[build]       |                                               ^
[build] C:\Users\pperv\code\unnamed_rpg\vendor\json-schema-validator\src\json-validator.cpp(497,24): warning: range-based for loop is incompatible with C++98 [-Wc++98-compat]
[build]   497 |                 for (auto &subschema : sch)
[build]       |                                      ^
[build] C:\Users\pperv\code\unnamed_rpg\vendor\json-schema-validator\src\json-validator.cpp(498,57): warning: generalized initializer lists are incompatible with C++98 [-Wc++98-compat]
[build]   498 |                         subschemata_.push_back(schema::make(subschema, root, {key, std::to_string(c++)}, uris));
[build]       |                                                                              ^
[build] C:\Users\pperv\code\unnamed_rpg\vendor\json-schema-validator\src\json-validator.cpp(498,57): warning: initialization of initializer_list object is incompatible with C++98 [-Wc++98-compat]
[build]   498 |                         subschemata_.push_back(schema::make(subschema, root, {key, std::to_string(c++)}, uris));
[build]       |                                                                              ^~~~~~~~~~~~~~~~~~~~~~~~~~
[build] C:\Program Files\Microsoft Visual Studio\18\Community\VC\Tools\MSVC\14.51.36231\include\memory(2131,18): note: in instantiation of function template specialization 'std::_Construct_in_place<(anonymous namespace)::logical_combination<(anonymous namespace)::allOf>, nlohmann::basic_json<> &, nlohmann::json_schema::root_schema *&, const std::vector<nlohmann::json_uri> &>' requested here
[build]  2131 |             _STD _Construct_in_place(_Storage._Value, _STD forward<_Types>(_Args)...);
[build]       |                  ^
[build] C:\Program Files\Microsoft Visual Studio\18\Community\VC\Tools\MSVC\14.51.36231\include\memory(2944,26): note: in instantiation of function template specialization 'std::_Ref_count_obj2<(anonymous namespace)::logical_combination<(anonymous namespace)::allOf>>::_Ref_count_obj2<nlohmann::basic_json<> &, nlohmann::json_schema::root_schema *&, const std::vector<nlohmann::json_uri> &>' requested here
[build]  2944 |     const auto _Rx = new _Ref_count_obj2<_Ty>(_STD forward<_Types>(_Args)...);
[build]       |                          ^
[build] C:\Users\pperv\code\unnamed_rpg\vendor\json-schema-validator\src\json-validator.cpp(700,26): note: in instantiation of function template specialization 'std::make_shared<(anonymous namespace)::logical_combination<(anonymous namespace)::allOf>, nlohmann::basic_json<> &, nlohmann::json_schema::root_schema *&, const std::vector<nlohmann::json_uri> &>' requested here
[build]   700 |                         logic_.push_back(std::make_shared<logical_combination<allOf>>(attr.value(), root, uris));
[build]       |                                               ^
[build] C:\Users\pperv\code\unnamed_rpg\vendor\json-schema-validator\src\json-validator.cpp(498,57): warning: initialization of initializer_list object is incompatible with C++98 [-Wc++98-compat]
[build]   498 |                         subschemata_.push_back(schema::make(subschema, root, {key, std::to_string(c++)}, uris));
[build]       |                                                                              ^~~~~~~~~~~~~~~~~~~~~~~~~~
[build] C:\Program Files\Microsoft Visual Studio\18\Community\VC\Tools\MSVC\14.51.36231\include\xutility(661,58): note: in instantiation of member function '(anonymous namespace)::logical_combination<(anonymous namespace)::allOf>::logical_combination' requested here
[build]   661 |         ::new (static_cast<void*>(_STD addressof(_Obj))) _Ty(_STD forward<_Types>(_Args)...);
[build]       |                                                          ^
[build] C:\Program Files\Microsoft Visual Studio\18\Community\VC\Tools\MSVC\14.51.36231\include\memory(2131,18): note: in instantiation of function template specialization 'std::_Construct_in_place<(anonymous namespace)::logical_combination<(anonymous namespace)::allOf>, nlohmann::basic_json<> &, nlohmann::json_schema::root_schema *&, const std::vector<nlohmann::json_uri> &>' requested here
[build]  2131 |             _STD _Construct_in_place(_Storage._Value, _STD forward<_Types>(_Args)...);
[build]       |                  ^
[build] C:\Program Files\Microsoft Visual Studio\18\Community\VC\Tools\MSVC\14.51.36231\include\memory(2944,26): note: in instantiation of function template specialization 'std::_Ref_count_obj2<(anonymous namespace)::logical_combination<(anonymous namespace)::allOf>>::_Ref_count_obj2<nlohmann::basic_json<> &, nlohmann::json_schema::root_schema *&, const std::vector<nlohmann::json_uri> &>' requested here
[build]  2944 |     const auto _Rx = new _Ref_count_obj2<_Ty>(_STD forward<_Types>(_Args)...);
[build]       |                          ^
[build] C:\Users\pperv\code\unnamed_rpg\vendor\json-schema-validator\src\json-validator.cpp(700,26): note: in instantiation of function template specialization 'std::make_shared<(anonymous namespace)::logical_combination<(anonymous namespace)::allOf>, nlohmann::basic_json<> &, nlohmann::json_schema::root_schema *&, const std::vector<nlohmann::json_uri> &>' requested here
[build]   700 |                         logic_.push_back(std::make_shared<logical_combination<allOf>>(attr.value(), root, uris));
[build]       |                                               ^
[build] C:\Users\pperv\code\unnamed_rpg\vendor\json-schema-validator\src\json-validator.cpp(467,4): warning: 'auto' type specifier is incompatible with C++98 [-Wc++98-compat]
[build]   467 |                         auto oldPatchSize = patch.get_json().size();
[build]       |                         ^~~~
[build] In file included from C:\Users\pperv\code\unnamed_rpg\vendor\json-schema-validator\src\json-validator.cpp:9:
[build] In file included from C:\Users\pperv\code\unnamed_rpg\vendor\json-schema-validator\src\nlohmann/json-schema.hpp:24:
[build] C:\Users\pperv\code\unnamed_rpg\vendor\json\include\nlohmann/json.hpp(1592,9): warning: 'auto' type specifier is incompatible with C++98 [-Wc++98-compat]
[build]  1592 |         auto* ptr = obj.template get_ptr<typename std::add_pointer<ReferenceType>::type>();
[build]       |         ^~~~
[build] C:\Users\pperv\code\unnamed_rpg\vendor\json-schema-validator\src\json-validator.cpp(472,22): note: in instantiation of function template specialization 'nlohmann::basic_json<>::get_ref<std::vector<nlohmann::basic_json<>> &, 0>' requested here
[build]   472 |                                 patch.get_json().get_ref<nlohmann::json::array_t &>().resize(oldPatchSize);
[build]       |                                                  ^
[build] C:\Users\pperv\code\unnamed_rpg\vendor\json-schema-validator\src\json-validator.cpp(491,2): note: in instantiation of member function '(anonymous namespace)::logical_combination<(anonymous namespace)::allOf>::validate' requested here
[build]   491 |         logical_combination(json &sch,
[build]       |         ^
[build] C:\Program Files\Microsoft Visual Studio\18\Community\VC\Tools\MSVC\14.51.36231\include\xutility(661,58): note: in instantiation of member function '(anonymous namespace)::logical_combination<(anonymous namespace)::allOf>::logical_combination' requested here
[build]   661 |         ::new (static_cast<void*>(_STD addressof(_Obj))) _Ty(_STD forward<_Types>(_Args)...);
[build]       |                                                          ^
[build] C:\Program Files\Microsoft Visual Studio\18\Community\VC\Tools\MSVC\14.51.36231\include\memory(2131,18): note: in instantiation of function template specialization 'std::_Construct_in_place<(anonymous namespace)::logical_combination<(anonymous namespace)::allOf>, nlohmann::basic_json<> &, nlohmann::json_schema::root_schema *&, const std::vector<nlohmann::json_uri> &>' requested here
[build]  2131 |             _STD _Construct_in_place(_Storage._Value, _STD forward<_Types>(_Args)...);
[build]       |                  ^
[build] C:\Program Files\Microsoft Visual Studio\18\Community\VC\Tools\MSVC\14.51.36231\include\memory(2944,26): note: in instantiation of function template specialization 'std::_Ref_count_obj2<(anonymous namespace)::logical_combination<(anonymous namespace)::allOf>>::_Ref_count_obj2<nlohmann::basic_json<> &, nlohmann::json_schema::root_schema *&, const std::vector<nlohmann::json_uri> &>' requested here
[build]  2944 |     const auto _Rx = new _Ref_count_obj2<_Ty>(_STD forward<_Types>(_Args)...);
[build]       |                          ^
[build] C:\Users\pperv\code\unnamed_rpg\vendor\json-schema-validator\src\json-validator.cpp(700,26): note: in instantiation of function template specialization 'std::make_shared<(anonymous namespace)::logical_combination<(anonymous namespace)::allOf>, nlohmann::basic_json<> &, nlohmann::json_schema::root_schema *&, const std::vector<nlohmann::json_uri> &>' requested here
[build]   700 |                         logic_.push_back(std::make_shared<logical_combination<allOf>>(attr.value(), root, uris));
[build]       |                                               ^
[build] In file included from C:\Users\pperv\code\unnamed_rpg\vendor\json-schema-validator\src\json-validator.cpp:9:
[build] In file included from C:\Users\pperv\code\unnamed_rpg\vendor\json-schema-validator\src\nlohmann/json-schema.hpp:24:
[build] C:\Users\pperv\code\unnamed_rpg\vendor\json\include\nlohmann/json.hpp(1594,39): warning: 'nullptr' is incompatible with C++98 [-Wc++98-compat]
[build]  1594 |         if (JSON_HEDLEY_LIKELY(ptr != nullptr))
[build]       |                                       ^
[build] C:\Users\pperv\code\unnamed_rpg\vendor\json\include\nlohmann/json.hpp(1614,54): warning: 'nullptr' is incompatible with C++98 [-Wc++98-compat]
[build]  1614 |         return get_impl_ptr(static_cast<PointerType>(nullptr));
[build]       |                                                      ^
[build] C:\Users\pperv\code\unnamed_rpg\vendor\json\include\nlohmann/json.hpp(1496,52): warning: 'nullptr' is incompatible with C++98 [-Wc++98-compat]
[build]  1496 |         return is_array() ? m_data.m_value.array : nullptr;
[build]       |                                                    ^
[build] C:\Users\pperv\code\unnamed_rpg\vendor\json-schema-validator\src\json-validator.cpp(498,57): warning: initialization of initializer_list object is incompatible with C++98 [-Wc++98-compat]
[build]   498 |                         subschemata_.push_back(schema::make(subschema, root, {key, std::to_string(c++)}, uris));
[build]       |                                                                              ^~~~~~~~~~~~~~~~~~~~~~~~~~
[build] C:\Program Files\Microsoft Visual Studio\18\Community\VC\Tools\MSVC\14.51.36231\include\xutility(661,58): note: in instantiation of member function '(anonymous namespace)::logical_combination<(anonymous namespace)::anyOf>::logical_combination' requested here
[build]   661 |         ::new (static_cast<void*>(_STD addressof(_Obj))) _Ty(_STD forward<_Types>(_Args)...);
[build]       |                                                          ^
[build] C:\Program Files\Microsoft Visual Studio\18\Community\VC\Tools\MSVC\14.51.36231\include\memory(2131,18): note: in instantiation of function template specialization 'std::_Construct_in_place<(anonymous namespace)::logical_combination<(anonymous namespace)::anyOf>, nlohmann::basic_json<> &, nlohmann::json_schema::root_schema *&, const std::vector<nlohmann::json_uri> &>' requested here
[build]  2131 |             _STD _Construct_in_place(_Storage._Value, _STD forward<_Types>(_Args)...);
[build]       |                  ^
[build] C:\Program Files\Microsoft Visual Studio\18\Community\VC\Tools\MSVC\14.51.36231\include\memory(2944,26): note: in instantiation of function template specialization 'std::_Ref_count_obj2<(anonymous namespace)::logical_combination<(anonymous namespace)::anyOf>>::_Ref_count_obj2<nlohmann::basic_json<> &, nlohmann::json_schema::root_schema *&, const std::vector<nlohmann::json_uri> &>' requested here
[build]  2944 |     const auto _Rx = new _Ref_count_obj2<_Ty>(_STD forward<_Types>(_Args)...);
[build]       |                          ^
[build] C:\Users\pperv\code\unnamed_rpg\vendor\json-schema-validator\src\json-validator.cpp(706,26): note: in instantiation of function template specialization 'std::make_shared<(anonymous namespace)::logical_combination<(anonymous namespace)::anyOf>, nlohmann::basic_json<> &, nlohmann::json_schema::root_schema *&, const std::vector<nlohmann::json_uri> &>' requested here
[build]   706 |                         logic_.push_back(std::make_shared<logical_combination<anyOf>>(attr.value(), root, uris));
[build]       |                                               ^
[build] C:\Users\pperv\code\unnamed_rpg\vendor\json-schema-validator\src\json-validator.cpp(498,57): warning: initialization of initializer_list object is incompatible with C++98 [-Wc++98-compat]
[build]   498 |                         subschemata_.push_back(schema::make(subschema, root, {key, std::to_string(c++)}, uris));
[build]       |                                                                              ^~~~~~~~~~~~~~~~~~~~~~~~~~
[build] C:\Program Files\Microsoft Visual Studio\18\Community\VC\Tools\MSVC\14.51.36231\include\xutility(661,58): note: in instantiation of member function '(anonymous namespace)::logical_combination<(anonymous namespace)::oneOf>::logical_combination' requested here
[build]   661 |         ::new (static_cast<void*>(_STD addressof(_Obj))) _Ty(_STD forward<_Types>(_Args)...);
[build]       |                                                          ^
[build] C:\Program Files\Microsoft Visual Studio\18\Community\VC\Tools\MSVC\14.51.36231\include\memory(2131,18): note: in instantiation of function template specialization 'std::_Construct_in_place<(anonymous namespace)::logical_combination<(anonymous namespace)::oneOf>, nlohmann::basic_json<> &, nlohmann::json_schema::root_schema *&, const std::vector<nlohmann::json_uri> &>' requested here
[build]  2131 |             _STD _Construct_in_place(_Storage._Value, _STD forward<_Types>(_Args)...);
[build]       |                  ^
[build] C:\Program Files\Microsoft Visual Studio\18\Community\VC\Tools\MSVC\14.51.36231\include\memory(2944,26): note: in instantiation of function template specialization 'std::_Ref_count_obj2<(anonymous namespace)::logical_combination<(anonymous namespace)::oneOf>>::_Ref_count_obj2<nlohmann::basic_json<> &, nlohmann::json_schema::root_schema *&, const std::vector<nlohmann::json_uri> &>' requested here
[build]  2944 |     const auto _Rx = new _Ref_count_obj2<_Ty>(_STD forward<_Types>(_Args)...);
[build]       |                          ^
[build] C:\Users\pperv\code\unnamed_rpg\vendor\json-schema-validator\src\json-validator.cpp(712,26): note: in instantiation of function template specialization 'std::make_shared<(anonymous namespace)::logical_combination<(anonymous namespace)::oneOf>, nlohmann::basic_json<> &, nlohmann::json_schema::root_schema *&, const std::vector<nlohmann::json_uri> &>' requested here
[build]   712 |                         logic_.push_back(std::make_shared<logical_combination<oneOf>>(attr.value(), root, uris));
[build]       |                                               ^
[build] In file included from C:\Users\pperv\code\unnamed_rpg\vendor\json-schema-validator\src\json-validator.cpp:9:
[build] In file included from C:\Users\pperv\code\unnamed_rpg\vendor\json-schema-validator\src\nlohmann/json-schema.hpp:24:
[build] In file included from C:\Users\pperv\code\unnamed_rpg\vendor\json\include\nlohmann/json.hpp:44:
[build] In file included from C:\Users\pperv\code\unnamed_rpg\vendor\json\include\nlohmann/adl_serializer.hpp:14:
[build] C:\Users\pperv\code\unnamed_rpg\vendor\json\include\nlohmann/detail/conversions/from_json.hpp(82,14): warning: enumeration type in nested name specifier is incompatible with C++98 [-Wc++98-compat]
[build]    82 |         case value_t::number_unsigned:
[build]       |              ^
[build] C:\Users\pperv\code\unnamed_rpg\vendor\json\include\nlohmann/detail/conversions/from_json.hpp(613,16): note: in instantiation of function template specialization 'nlohmann::detail::from_json<nlohmann::basic_json<>>' requested here
[build]   613 |         return from_json(j, std::forward<T>(val));
[build]       |                ^
[build] C:\Users\pperv\code\unnamed_rpg\vendor\json\include\nlohmann/adl_serializer.hpp(31,9): note: in instantiation of function template specialization 'nlohmann::detail::from_json_fn::operator()<nlohmann::basic_json<>, unsigned long long &>' requested here
[build]    31 |         ::nlohmann::from_json(std::forward<BasicJsonType>(j), val);
[build]       |         ^
[build] C:\Users\pperv\code\unnamed_rpg\vendor\json\include\nlohmann/json.hpp(1676,36): note: in instantiation of function template specialization 'nlohmann::adl_serializer<unsigned long long>::from_json<const nlohmann::basic_json<> &, unsigned long long>' requested here
[build]  1676 |         JSONSerializer<ValueType>::from_json(*this, ret);
[build]       |                                    ^
[build] C:\Users\pperv\code\unnamed_rpg\vendor\json\include\nlohmann/json.hpp(1819,16): note: in instantiation of function template specialization 'nlohmann::basic_json<>::get_impl<unsigned long long, 0>' requested here
[build]  1819 |         return get_impl<ValueType>(detail::priority_tag<4> {});
[build]       |                ^
[build] In file included from C:\Users\pperv\code\unnamed_rpg\vendor\json-schema-validator\src\json-validator.cpp:9:
[build] In file included from C:\Users\pperv\code\unnamed_rpg\vendor\json-schema-validator\src\nlohmann/json-schema.hpp:24:
[build] In file included from C:\Users\pperv\code\unnamed_rpg\vendor\json\include\nlohmann/json.hpp:44:
[build] In file included from C:\Users\pperv\code\unnamed_rpg\vendor\json\include\nlohmann/adl_serializer.hpp:14:
[build] C:\Users\pperv\code\unnamed_rpg\vendor\json\include\nlohmann/detail/conversions/from_json.hpp(87,14): warning: enumeration type in nested name specifier is incompatible with C++98 [-Wc++98-compat]
[build]    87 |         case value_t::number_integer:
[build]       |              ^
[build] C:\Users\pperv\code\unnamed_rpg\vendor\json\include\nlohmann/detail/conversions/from_json.hpp(92,14): warning: enumeration type in nested name specifier is incompatible with C++98 [-Wc++98-compat]
[build]    92 |         case value_t::number_float:
[build]       |              ^
[build] C:\Users\pperv\code\unnamed_rpg\vendor\json\include\nlohmann/detail/conversions/from_json.hpp(98,14): warning: enumeration type in nested name specifier is incompatible with C++98 [-Wc++98-compat]
[build]    98 |         case value_t::null:
[build]       |              ^
[build] C:\Users\pperv\code\unnamed_rpg\vendor\json\include\nlohmann/detail/conversions/from_json.hpp(99,14): warning: enumeration type in nested name specifier is incompatible with C++98 [-Wc++98-compat]
[build]    99 |         case value_t::object:
[build]       |              ^
[build] C:\Users\pperv\code\unnamed_rpg\vendor\json\include\nlohmann/detail/conversions/from_json.hpp(100,14): warning: enumeration type in nested name specifier is incompatible with C++98 [-Wc++98-compat]
[build]   100 |         case value_t::array:
[build]       |              ^
[build] C:\Users\pperv\code\unnamed_rpg\vendor\json\include\nlohmann/detail/conversions/from_json.hpp(101,14): warning: enumeration type in nested name specifier is incompatible with C++98 [-Wc++98-compat]
[build]   101 |         case value_t::string:
[build]       |              ^
[build] C:\Users\pperv\code\unnamed_rpg\vendor\json\include\nlohmann/detail/conversions/from_json.hpp(102,14): warning: enumeration type in nested name specifier is incompatible with C++98 [-Wc++98-compat]
[build]   102 |         case value_t::boolean:
[build]       |              ^
[build] C:\Users\pperv\code\unnamed_rpg\vendor\json\include\nlohmann/detail/conversions/from_json.hpp(103,14): warning: enumeration type in nested name specifier is incompatible with C++98 [-Wc++98-compat]
[build]   103 |         case value_t::binary:
[build]       |              ^
[build] C:\Users\pperv\code\unnamed_rpg\vendor\json\include\nlohmann/detail/conversions/from_json.hpp(104,14): warning: enumeration type in nested name specifier is incompatible with C++98 [-Wc++98-compat]
[build]   104 |         case value_t::discarded:
[build]       |              ^
[build] C:\Users\pperv\code\unnamed_rpg\vendor\json\include\nlohmann/detail/conversions/from_json.hpp(82,14): warning: enumeration type in nested name specifier is incompatible with C++98 [-Wc++98-compat]
[build]    82 |         case value_t::number_unsigned:
[build]       |              ^
[build] C:\Users\pperv\code\unnamed_rpg\vendor\json\include\nlohmann/detail/conversions/from_json.hpp(156,5): note: in instantiation of function template specialization 'nlohmann::detail::get_arithmetic_value<nlohmann::basic_json<>, unsigned long long, 0>' requested here
[build]   156 |     get_arithmetic_value(j, val);
[build]       |     ^
[build] C:\Users\pperv\code\unnamed_rpg\vendor\json\include\nlohmann/detail/conversions/from_json.hpp(613,16): note: in instantiation of function template specialization 'nlohmann::detail::from_json<nlohmann::basic_json<>>' requested here
[build]   613 |         return from_json(j, std::forward<T>(val));
[build]       |                ^
[build] C:\Users\pperv\code\unnamed_rpg\vendor\json\include\nlohmann/adl_serializer.hpp(31,9): note: in instantiation of function template specialization 'nlohmann::detail::from_json_fn::operator()<nlohmann::basic_json<>, unsigned long long &>' requested here
[build]    31 |         ::nlohmann::from_json(std::forward<BasicJsonType>(j), val);
[build]       |         ^
[build] C:\Users\pperv\code\unnamed_rpg\vendor\json\include\nlohmann/json.hpp(1676,36): note: in instantiation of function template specialization 'nlohmann::adl_serializer<unsigned long long>::from_json<const nlohmann::basic_json<> &, unsigned long long>' requested here
[build]  1676 |         JSONSerializer<ValueType>::from_json(*this, ret);
[build]       |                                    ^
[build] C:\Users\pperv\code\unnamed_rpg\vendor\json\include\nlohmann/json.hpp(1819,16): note: in instantiation of function template specialization 'nlohmann::basic_json<>::get_impl<unsigned long long, 0>' requested here
[build]  1819 |         return get_impl<ValueType>(detail::priority_tag<4> {});
[build]       |                ^
[build] C:\Users\pperv\code\unnamed_rpg\vendor\json\include\nlohmann/json.hpp(1411,33): warning: enumeration type in nested name specifier is incompatible with C++98 [-Wc++98-compat]
[build]  1411 |         return m_data.m_type == value_t::number_unsigned;
[build]       |                                 ^
[build] C:\Users\pperv\code\unnamed_rpg\vendor\json\include\nlohmann/json.hpp(1550,16): note: in instantiation of member function 'nlohmann::basic_json<>::is_number_unsigned' requested here
[build]  1550 |         return is_number_unsigned() ? &m_data.m_value.number_unsigned : nullptr;
[build]       |                ^
[build] C:\Users\pperv\code\unnamed_rpg\vendor\json\include\nlohmann/json.hpp(1625,16): note: in instantiation of member function 'nlohmann::basic_json<>::get_impl_ptr' requested here
[build]  1625 |         return get_impl_ptr(static_cast<PointerType>(nullptr));
[build]       |                ^
[build] C:\Users\pperv\code\unnamed_rpg\vendor\json\include\nlohmann/detail/conversions/from_json.hpp(84,59): note: in instantiation of function template specialization 'nlohmann::basic_json<>::get_ptr<const unsigned long long *, 0>' requested here
[build]    84 |             val = static_cast<ArithmeticType>(*j.template get_ptr<const typename BasicJsonType::number_unsigned_t*>());
[build]       |                                                           ^
[build] C:\Users\pperv\code\unnamed_rpg\vendor\json\include\nlohmann/detail/conversions/from_json.hpp(156,5): note: in instantiation of function template specialization 'nlohmann::detail::get_arithmetic_value<nlohmann::basic_json<>, unsigned long long, 0>' requested here
[build]   156 |     get_arithmetic_value(j, val);
[build]       |     ^
[build] C:\Users\pperv\code\unnamed_rpg\vendor\json\include\nlohmann/detail/conversions/from_json.hpp(613,16): note: in instantiation of function template specialization 'nlohmann::detail::from_json<nlohmann::basic_json<>>' requested here
[build]   613 |         return from_json(j, std::forward<T>(val));
[build]       |                ^
[build] C:\Users\pperv\code\unnamed_rpg\vendor\json\include\nlohmann/adl_serializer.hpp(31,9): note: in instantiation of function template specialization 'nlohmann::detail::from_json_fn::operator()<nlohmann::basic_json<>, unsigned long long &>' requested here
[build]    31 |         ::nlohmann::from_json(std::forward<BasicJsonType>(j), val);
[build]       |         ^
[build] C:\Users\pperv\code\unnamed_rpg\vendor\json\include\nlohmann/json.hpp(1676,36): note: in instantiation of function template specialization 'nlohmann::adl_serializer<unsigned long long>::from_json<const nlohmann::basic_json<> &, unsigned long long>' requested here
[build]  1676 |         JSONSerializer<ValueType>::from_json(*this, ret);
[build]       |                                    ^
[build] C:\Users\pperv\code\unnamed_rpg\vendor\json\include\nlohmann/json.hpp(1819,16): note: in instantiation of function template specialization 'nlohmann::basic_json<>::get_impl<unsigned long long, 0>' requested here
[build]  1819 |         return get_impl<ValueType>(detail::priority_tag<4> {});
[build]       |                ^
[build] In file included from C:\Users\pperv\code\unnamed_rpg\vendor\json-schema-validator\src\json-validator.cpp:9:
[build] In file included from C:\Users\pperv\code\unnamed_rpg\vendor\json-schema-validator\src\nlohmann/json-schema.hpp:24:
[build] In file included from C:\Users\pperv\code\unnamed_rpg\vendor\json\include\nlohmann/json.hpp:44:
[build] In file included from C:\Users\pperv\code\unnamed_rpg\vendor\json\include\nlohmann/adl_serializer.hpp:14:
[build] C:\Users\pperv\code\unnamed_rpg\vendor\json\include\nlohmann/detail/conversions/from_json.hpp(87,14): warning: enumeration type in nested name specifier is incompatible with C++98 [-Wc++98-compat]
[build]    87 |         case value_t::number_integer:
[build]       |              ^
[build] C:\Users\pperv\code\unnamed_rpg\vendor\json\include\nlohmann/detail/conversions/from_json.hpp(156,5): note: in instantiation of function template specialization 'nlohmann::detail::get_arithmetic_value<nlohmann::basic_json<>, unsigned long long, 0>' requested here
[build]   156 |     get_arithmetic_value(j, val);
[build]       |     ^
[build] C:\Users\pperv\code\unnamed_rpg\vendor\json\include\nlohmann/detail/conversions/from_json.hpp(613,16): note: in instantiation of function template specialization 'nlohmann::detail::from_json<nlohmann::basic_json<>>' requested here
[build]   613 |         return from_json(j, std::forward<T>(val));
[build]       |                ^
[build] C:\Users\pperv\code\unnamed_rpg\vendor\json\include\nlohmann/adl_serializer.hpp(31,9): note: in instantiation of function template specialization 'nlohmann::detail::from_json_fn::operator()<nlohmann::basic_json<>, unsigned long long &>' requested here
[build]    31 |         ::nlohmann::from_json(std::forward<BasicJsonType>(j), val);
[build]       |         ^
[build] C:\Users\pperv\code\unnamed_rpg\vendor\json\include\nlohmann/json.hpp(1676,36): note: in instantiation of function template specialization 'nlohmann::adl_serializer<unsigned long long>::from_json<const nlohmann::basic_json<> &, unsigned long long>' requested here
[build]  1676 |         JSONSerializer<ValueType>::from_json(*this, ret);
[build]       |                                    ^
[build] C:\Users\pperv\code\unnamed_rpg\vendor\json\include\nlohmann/json.hpp(1819,16): note: in instantiation of function template specialization 'nlohmann::basic_json<>::get_impl<unsigned long long, 0>' requested here
[build]  1819 |         return get_impl<ValueType>(detail::priority_tag<4> {});
[build]       |                ^
[build] C:\Users\pperv\code\unnamed_rpg\vendor\json\include\nlohmann/json.hpp(1538,33): warning: enumeration type in nested name specifier is incompatible with C++98 [-Wc++98-compat]
[build]  1538 |         return m_data.m_type == value_t::number_integer ? &m_data.m_value.number_integer : nullptr;
[build]       |                                 ^
[build] C:\Users\pperv\code\unnamed_rpg\vendor\json\include\nlohmann/json.hpp(1625,16): note: in instantiation of member function 'nlohmann::basic_json<>::get_impl_ptr' requested here
[build]  1625 |         return get_impl_ptr(static_cast<PointerType>(nullptr));
[build]       |                ^
[build] C:\Users\pperv\code\unnamed_rpg\vendor\json\include\nlohmann/detail/conversions/from_json.hpp(89,59): note: in instantiation of function template specialization 'nlohmann::basic_json<>::get_ptr<const long long *, 0>' requested here
[build]    89 |             val = static_cast<ArithmeticType>(*j.template get_ptr<const typename BasicJsonType::number_integer_t*>());
[build]       |                                                           ^
[build] C:\Users\pperv\code\unnamed_rpg\vendor\json\include\nlohmann/detail/conversions/from_json.hpp(156,5): note: in instantiation of function template specialization 'nlohmann::detail::get_arithmetic_value<nlohmann::basic_json<>, unsigned long long, 0>' requested here
[build]   156 |     get_arithmetic_value(j, val);
[build]       |     ^
[build] C:\Users\pperv\code\unnamed_rpg\vendor\json\include\nlohmann/detail/conversions/from_json.hpp(613,16): note: in instantiation of function template specialization 'nlohmann::detail::from_json<nlohmann::basic_json<>>' requested here
[build]   613 |         return from_json(j, std::forward<T>(val));
[build]       |                ^
[build] C:\Users\pperv\code\unnamed_rpg\vendor\json\include\nlohmann/adl_serializer.hpp(31,9): note: in instantiation of function template specialization 'nlohmann::detail::from_json_fn::operator()<nlohmann::basic_json<>, unsigned long long &>' requested here
[build]    31 |         ::nlohmann::from_json(std::forward<BasicJsonType>(j), val);
[build]       |         ^
[build] C:\Users\pperv\code\unnamed_rpg\vendor\json\include\nlohmann/json.hpp(1676,36): note: in instantiation of function template specialization 'nlohmann::adl_serializer<unsigned long long>::from_json<const nlohmann::basic_json<> &, unsigned long long>' requested here
[build]  1676 |         JSONSerializer<ValueType>::from_json(*this, ret);
[build]       |                                    ^
[build] C:\Users\pperv\code\unnamed_rpg\vendor\json\include\nlohmann/json.hpp(1819,16): note: in instantiation of function template specialization 'nlohmann::basic_json<>::get_impl<unsigned long long, 0>' requested here
[build]  1819 |         return get_impl<ValueType>(detail::priority_tag<4> {});
[build]       |                ^
[build] In file included from C:\Users\pperv\code\unnamed_rpg\vendor\json-schema-validator\src\json-validator.cpp:9:
[build] In file included from C:\Users\pperv\code\unnamed_rpg\vendor\json-schema-validator\src\nlohmann/json-schema.hpp:24:
[build] In file included from C:\Users\pperv\code\unnamed_rpg\vendor\json\include\nlohmann/json.hpp:44:
[build] In file included from C:\Users\pperv\code\unnamed_rpg\vendor\json\include\nlohmann/adl_serializer.hpp:14:
[build] C:\Users\pperv\code\unnamed_rpg\vendor\json\include\nlohmann/detail/conversions/from_json.hpp(92,14): warning: enumeration type in nested name specifier is incompatible with C++98 [-Wc++98-compat]
[build]    92 |         case value_t::number_float:
[build]       |              ^
[build] C:\Users\pperv\code\unnamed_rpg\vendor\json\include\nlohmann/detail/conversions/from_json.hpp(156,5): note: in instantiation of function template specialization 'nlohmann::detail::get_arithmetic_value<nlohmann::basic_json<>, unsigned long long, 0>' requested here
[build]   156 |     get_arithmetic_value(j, val);
[build]       |     ^
[build] C:\Users\pperv\code\unnamed_rpg\vendor\json\include\nlohmann/detail/conversions/from_json.hpp(613,16): note: in instantiation of function template specialization 'nlohmann::detail::from_json<nlohmann::basic_json<>>' requested here
[build]   613 |         return from_json(j, std::forward<T>(val));
[build]       |                ^
[build] C:\Users\pperv\code\unnamed_rpg\vendor\json\include\nlohmann/adl_serializer.hpp(31,9): note: in instantiation of function template specialization 'nlohmann::detail::from_json_fn::operator()<nlohmann::basic_json<>, unsigned long long &>' requested here
[build]    31 |         ::nlohmann::from_json(std::forward<BasicJsonType>(j), val);
[build]       |         ^
[build] C:\Users\pperv\code\unnamed_rpg\vendor\json\include\nlohmann/json.hpp(1676,36): note: in instantiation of function template specialization 'nlohmann::adl_serializer<unsigned long long>::from_json<const nlohmann::basic_json<> &, unsigned long long>' requested here
[build]  1676 |         JSONSerializer<ValueType>::from_json(*this, ret);
[build]       |                                    ^
[build] C:\Users\pperv\code\unnamed_rpg\vendor\json\include\nlohmann/json.hpp(1819,16): note: in instantiation of function template specialization 'nlohmann::basic_json<>::get_impl<unsigned long long, 0>' requested here
[build]  1819 |         return get_impl<ValueType>(detail::priority_tag<4> {});
[build]       |                ^
[build] In file included from C:\Users\pperv\code\unnamed_rpg\vendor\json-schema-validator\src\json-validator.cpp:9:
[build] In file included from C:\Users\pperv\code\unnamed_rpg\vendor\json-schema-validator\src\nlohmann/json-schema.hpp:24:
[build] In file included from C:\Users\pperv\code\unnamed_rpg\vendor\json\include\nlohmann/json.hpp:44:
[build] In file included from C:\Users\pperv\code\unnamed_rpg\vendor\json\include\nlohmann/adl_serializer.hpp:14:
[build] C:\Users\pperv\code\unnamed_rpg\vendor\json\include\nlohmann/detail/conversions/from_json.hpp(98,14): warning: enumeration type in nested name specifier is incompatible with C++98 [-Wc++98-compat]
[build]    98 |         case value_t::null:
[build]       |              ^
[build] C:\Users\pperv\code\unnamed_rpg\vendor\json\include\nlohmann/detail/conversions/from_json.hpp(99,14): warning: enumeration type in nested name specifier is incompatible with C++98 [-Wc++98-compat]
[build]    99 |         case value_t::object:
[build]       |              ^
[build] C:\Users\pperv\code\unnamed_rpg\vendor\json\include\nlohmann/detail/conversions/from_json.hpp(100,14): warning: enumeration type in nested name specifier is incompatible with C++98 [-Wc++98-compat]
[build]   100 |         case value_t::array:
[build]       |              ^
[build] C:\Users\pperv\code\unnamed_rpg\vendor\json\include\nlohmann/detail/conversions/from_json.hpp(101,14): warning: enumeration type in nested name specifier is incompatible with C++98 [-Wc++98-compat]
[build]   101 |         case value_t::string:
[build]       |              ^
[build] C:\Users\pperv\code\unnamed_rpg\vendor\json\include\nlohmann/detail/conversions/from_json.hpp(102,14): warning: enumeration type in nested name specifier is incompatible with C++98 [-Wc++98-compat]
[build]   102 |         case value_t::boolean:
[build]       |              ^
[build] C:\Users\pperv\code\unnamed_rpg\vendor\json\include\nlohmann/detail/conversions/from_json.hpp(103,14): warning: enumeration type in nested name specifier is incompatible with C++98 [-Wc++98-compat]
[build]   103 |         case value_t::binary:
[build]       |              ^
[build] C:\Users\pperv\code\unnamed_rpg\vendor\json\include\nlohmann/detail/conversions/from_json.hpp(104,14): warning: enumeration type in nested name specifier is incompatible with C++98 [-Wc++98-compat]
[build]   104 |         case value_t::discarded:
[build]       |              ^
[build] C:\Users\pperv\code\unnamed_rpg\vendor\json\include\nlohmann/detail/conversions/from_json.hpp(105,9): warning: default label in switch which covers all enumeration values [-Wcovered-switch-default]
[build]   105 |         default:
[build]       |         ^
[build] In file included from C:\Users\pperv\code\unnamed_rpg\vendor\json-schema-validator\src\json-validator.cpp:9:
[build] In file included from C:\Users\pperv\code\unnamed_rpg\vendor\json-schema-validator\src\nlohmann/json-schema.hpp:24:
[build] C:\Users\pperv\code\unnamed_rpg\vendor\json\include\nlohmann/json.hpp(2738,9): warning: 'auto' type specifier is incompatible with C++98 [-Wc++98-compat]
[build]  2738 |         auto result = cend();
[build]       |         ^~~~
[build] In file included from C:\Users\pperv\code\unnamed_rpg\vendor\json-schema-validator\src\json-validator.cpp:9:
[build] In file included from C:\Users\pperv\code\unnamed_rpg\vendor\json-schema-validator\src\nlohmann/json-schema.hpp:24:
[build] In file included from C:\Users\pperv\code\unnamed_rpg\vendor\json\include\nlohmann/json.hpp:55:
[build] C:\Users\pperv\code\unnamed_rpg\vendor\json\include\nlohmann/detail/iterators/iter_impl.hpp(485,18): warning: enumeration type in nested name specifier is incompatible with C++98 [-Wc++98-compat]
[build]   485 |             case value_t::object:
[build]       |                  ^
[build] C:\Users\pperv\code\unnamed_rpg\vendor\json-schema-validator\src\json-validator.cpp(1030,25): note: in instantiation of function template specialization 'nlohmann::detail::iter_impl<const nlohmann::basic_json<>>::operator==<nlohmann::detail::iter_impl<const nlohmann::basic_json<>>, nullptr>' requested here
[build]  1030 |                         if (instance.find(r) == instance.end())
[build]       |                                              ^
[build] In file included from C:\Users\pperv\code\unnamed_rpg\vendor\json-schema-validator\src\json-validator.cpp:9:
[build] In file included from C:\Users\pperv\code\unnamed_rpg\vendor\json-schema-validator\src\nlohmann/json-schema.hpp:24:
[build] In file included from C:\Users\pperv\code\unnamed_rpg\vendor\json\include\nlohmann/json.hpp:55:
[build] C:\Users\pperv\code\unnamed_rpg\vendor\json\include\nlohmann/detail/iterators/iter_impl.hpp(488,18): warning: enumeration type in nested name specifier is incompatible with C++98 [-Wc++98-compat]
[build]   488 |             case value_t::array:
[build]       |                  ^
[build] C:\Users\pperv\code\unnamed_rpg\vendor\json\include\nlohmann/detail/iterators/iter_impl.hpp(491,18): warning: enumeration type in nested name specifier is incompatible with C++98 [-Wc++98-compat]
[build]   491 |             case value_t::null:
[build]       |                  ^
[build] C:\Users\pperv\code\unnamed_rpg\vendor\json\include\nlohmann/detail/iterators/iter_impl.hpp(492,18): warning: enumeration type in nested name specifier is incompatible with C++98 [-Wc++98-compat]
[build]   492 |             case value_t::string:
[build]       |                  ^
[build] C:\Users\pperv\code\unnamed_rpg\vendor\json\include\nlohmann/detail/iterators/iter_impl.hpp(493,18): warning: enumeration type in nested name specifier is incompatible with C++98 [-Wc++98-compat]
[build]   493 |             case value_t::boolean:
[build]       |                  ^
[build] C:\Users\pperv\code\unnamed_rpg\vendor\json\include\nlohmann/detail/iterators/iter_impl.hpp(494,18): warning: enumeration type in nested name specifier is incompatible with C++98 [-Wc++98-compat]
[build]   494 |             case value_t::number_integer:
[build]       |                  ^
[build] C:\Users\pperv\code\unnamed_rpg\vendor\json\include\nlohmann/detail/iterators/iter_impl.hpp(495,18): warning: enumeration type in nested name specifier is incompatible with C++98 [-Wc++98-compat]
[build]   495 |             case value_t::number_unsigned:
[build]       |                  ^
[build] C:\Users\pperv\code\unnamed_rpg\vendor\json\include\nlohmann/detail/iterators/iter_impl.hpp(496,18): warning: enumeration type in nested name specifier is incompatible with C++98 [-Wc++98-compat]
[build]   496 |             case value_t::number_float:
[build]       |                  ^
[build] C:\Users\pperv\code\unnamed_rpg\vendor\json\include\nlohmann/detail/iterators/iter_impl.hpp(497,18): warning: enumeration type in nested name specifier is incompatible with C++98 [-Wc++98-compat]
[build]   497 |             case value_t::binary:
[build]       |                  ^
[build] C:\Users\pperv\code\unnamed_rpg\vendor\json\include\nlohmann/detail/iterators/iter_impl.hpp(498,18): warning: enumeration type in nested name specifier is incompatible with C++98 [-Wc++98-compat]
[build]   498 |             case value_t::discarded:
[build]       |                  ^
[build] C:\Users\pperv\code\unnamed_rpg\vendor\json\include\nlohmann/detail/iterators/iter_impl.hpp(499,13): warning: default label in switch which covers all enumeration values [-Wcovered-switch-default]
[build]   499 |             default:
[build]       |             ^
[build] In file included from C:\Users\pperv\code\unnamed_rpg\vendor\json-schema-validator\src\json-validator.cpp:9:
[build] In file included from C:\Users\pperv\code\unnamed_rpg\vendor\json-schema-validator\src\nlohmann/json-schema.hpp:24:
[build] C:\Users\pperv\code\unnamed_rpg\vendor\json\include\nlohmann/json.hpp(3020,18): warning: enumeration type in nested name specifier is incompatible with C++98 [-Wc++98-compat]
[build]  3020 |             case value_t::null:
[build]       |                  ^
[build] C:\Users\pperv\code\unnamed_rpg\vendor\json-schema-validator\src\json-validator.cpp(1057,40): note: in instantiation of member function 'nlohmann::basic_json<>::size' requested here
[build]  1057 |                 if (maxProperties_.first && instance.size() > maxProperties_.second)
[build]       |                                                      ^
[build] In file included from C:\Users\pperv\code\unnamed_rpg\vendor\json-schema-validator\src\json-validator.cpp:9:
[build] In file included from C:\Users\pperv\code\unnamed_rpg\vendor\json-schema-validator\src\nlohmann/json-schema.hpp:24:
[build] C:\Users\pperv\code\unnamed_rpg\vendor\json\include\nlohmann/json.hpp(3026,18): warning: enumeration type in nested name specifier is incompatible with C++98 [-Wc++98-compat]
[build]  3026 |             case value_t::array:
[build]       |                  ^
[build] C:\Users\pperv\code\unnamed_rpg\vendor\json\include\nlohmann/json.hpp(3032,18): warning: enumeration type in nested name specifier is incompatible with C++98 [-Wc++98-compat]
[build]  3032 |             case value_t::object:
[build]       |                  ^
[build] C:\Users\pperv\code\unnamed_rpg\vendor\json\include\nlohmann/json.hpp(3038,18): warning: enumeration type in nested name specifier is incompatible with C++98 [-Wc++98-compat]
[build]  3038 |             case value_t::string:
[build]       |                  ^
[build] C:\Users\pperv\code\unnamed_rpg\vendor\json\include\nlohmann/json.hpp(3039,18): warning: enumeration type in nested name specifier is incompatible with C++98 [-Wc++98-compat]
[build]  3039 |             case value_t::boolean:
[build]       |                  ^
[build] C:\Users\pperv\code\unnamed_rpg\vendor\json\include\nlohmann/json.hpp(3040,18): warning: enumeration type in nested name specifier is incompatible with C++98 [-Wc++98-compat]
[build]  3040 |             case value_t::number_integer:
[build]       |                  ^
[build] C:\Users\pperv\code\unnamed_rpg\vendor\json\include\nlohmann/json.hpp(3041,18): warning: enumeration type in nested name specifier is incompatible with C++98 [-Wc++98-compat]
[build]  3041 |             case value_t::number_unsigned:
[build]       |                  ^
[build] C:\Users\pperv\code\unnamed_rpg\vendor\json\include\nlohmann/json.hpp(3042,18): warning: enumeration type in nested name specifier is incompatible with C++98 [-Wc++98-compat]
[build]  3042 |             case value_t::number_float:
[build]       |                  ^
[build] C:\Users\pperv\code\unnamed_rpg\vendor\json\include\nlohmann/json.hpp(3043,18): warning: enumeration type in nested name specifier is incompatible with C++98 [-Wc++98-compat]
[build]  3043 |             case value_t::binary:
[build]       |                  ^
[build] C:\Users\pperv\code\unnamed_rpg\vendor\json\include\nlohmann/json.hpp(3044,18): warning: enumeration type in nested name specifier is incompatible with C++98 [-Wc++98-compat]
[build]  3044 |             case value_t::discarded:
[build]       |                  ^
[build] C:\Users\pperv\code\unnamed_rpg\vendor\json\include\nlohmann/json.hpp(3045,13): warning: default label in switch which covers all enumeration values [-Wcovered-switch-default]
[build]  3045 |             default:
[build]       |             ^
[build] In file included from C:\Users\pperv\code\unnamed_rpg\vendor\json-schema-validator\src\json-validator.cpp:9:
[build] In file included from C:\Users\pperv\code\unnamed_rpg\vendor\json-schema-validator\src\nlohmann/json-schema.hpp:24:
[build] In file included from C:\Users\pperv\code\unnamed_rpg\vendor\json\include\nlohmann/json.hpp:44:
[build] In file included from C:\Users\pperv\code\unnamed_rpg\vendor\json\include\nlohmann/adl_serializer.hpp:15:
[build] In file included from C:\Users\pperv\code\unnamed_rpg\vendor\json\include\nlohmann/detail/conversions/to_json.hpp:26:
[build] C:\Users\pperv\code\unnamed_rpg\vendor\json\include\nlohmann/detail/iterators/iteration_proxy.hpp(41,24): warning: constructor call from initializer list is incompatible with C++98 [-Wc++98-compat]
[build]    41 |     IteratorType anchor{};
[build]       |                        ^~
[build] C:\Users\pperv\code\unnamed_rpg\vendor\json\include\nlohmann/detail/iterators/iteration_proxy.hpp(52,14): note: in instantiation of default member initializer 'nlohmann::detail::iteration_proxy_value<nlohmann::detail::iter_impl<const nlohmann::basic_json<>>>::anchor' requested here
[build]    52 |     explicit iteration_proxy_value() = default;
[build]       |              ^
[build] C:\Program Files\Microsoft Visual Studio\18\Community\VC\Tools\MSVC\14.51.36231\include\type_traits(832,84): note: in evaluation of exception specification for 'nlohmann::detail::iteration_proxy_value<nlohmann::detail::iter_impl<const nlohmann::basic_json<>>>::iteration_proxy_value' needed here
[build]   832 | struct _NO_SPECIALIZATIONS_OF_TYPE_TRAITS is_default_constructible : bool_constant<__is_constructible(_Ty)> {
[build]       |                                                                                    ^
[build] C:\Users\pperv\code\unnamed_rpg\vendor\json\include\nlohmann/detail/meta/type_traits.hpp(292,35): note: in instantiation of template class 'std::is_default_constructible<nlohmann::detail::iteration_proxy_value<nlohmann::detail::iter_impl<const nlohmann::basic_json<>>>>' requested here
[build]   292 | struct is_default_constructible : std::is_default_constructible<T> {};
[build]       |                                   ^
[build] C:\Users\pperv\code\unnamed_rpg\vendor\json\include\nlohmann/detail/meta/type_traits.hpp(567,5): note: in instantiation of template class 'nlohmann::detail::is_default_constructible<nlohmann::detail::iteration_proxy_value<nlohmann::detail::iter_impl<const nlohmann::basic_json<>>>>' requested here
[build]   567 |     is_default_constructible<ConstructibleArrayType>::value&&
[build]       |     ^
[build] C:\Users\pperv\code\unnamed_rpg\vendor\json\include\nlohmann/detail/meta/type_traits.hpp(593,7): note: during template argument deduction for class template partial specialization 'is_constructible_array_type_impl<BasicJsonType, ConstructibleArrayType, enable_if_t<!std::is_same<ConstructibleArrayType, typename BasicJsonType::value_type>::value && !is_compatible_string_type<BasicJsonType, ConstructibleArrayType>::value && is_default_constructible<ConstructibleArrayType>::value && (std::is_move_assignable<ConstructibleArrayType>::value || std::is_copy_assignable<ConstructibleArrayType>::value) && is_detected<iterator_t, ConstructibleArrayType>::value && is_iterator_traits<iterator_traits<detected_t<iterator_t, ConstructibleArrayType>>>::value && is_detected<range_value_t, ConstructibleArrayType>::value && !std::is_same<ConstructibleArrayType, detected_t<range_value_t, ConstructibleArrayType>>::value && is_complete_type<detected_t<range_value_t, ConstructibleArrayType>>::value>>' [with BasicJsonType = nlohmann::basic_json<>, ConstructibleArrayType = nlohmann::detail::iteration_proxy_value<nlohmann::detail::iter_impl<const nlohmann::basic_json<>>>]
[build]   593 |     : is_constructible_array_type_impl<BasicJsonType, ConstructibleArrayType> {};
[build]       |       ^
[build] C:\Users\pperv\code\unnamed_rpg\vendor\json\include\nlohmann/detail/meta/type_traits.hpp(593,7): note: (skipping 36 contexts in backtrace; use -ftemplate-backtrace-limit=0 to see all)
[build] C:\Users\pperv\code\unnamed_rpg\vendor\json\include\nlohmann/detail/meta/type_traits.hpp(283,3): note: in instantiation of template class 'nlohmann::detail::conjunction<nlohmann::detail::negation<std::is_same<nlohmann::detail::iteration_proxy<nlohmann::detail::iter_impl<const nlohmann::basic_json<>>>, std::nullptr_t>>, nlohmann::detail::negation<std::is_same<nlohmann::detail::iteration_proxy<nlohmann::detail::iter_impl<const nlohmann::basic_json<>>>, nlohmann::detail::json_ref<nlohmann::basic_json<>>>>, nlohmann::detail::negation<std::is_same<nlohmann::detail::iteration_proxy<nlohmann::detail::iter_impl<const nlohmann::basic_json<>>>, char>>, nlohmann::detail::negation<nlohmann::detail::is_basic_json<nlohmann::detail::iteration_proxy<nlohmann::detail::iter_impl<const nlohmann::basic_json<>>>>>, nlohmann::detail::negation<std::is_same<nlohmann::detail::iteration_proxy<nlohmann::detail::iter_impl<const nlohmann::basic_json<>>>, std::initializer_list<char>>>, nlohmann::detail::is_detected_lazy<nlohmann::detail::get_template_function, const nlohmann::basic_json<> &, nlohmann::detail::iteration_proxy<nlohmann::detail::iter_impl<const nlohmann::basic_json<>>>>>' requested here
[build]   283 | : std::conditional<static_cast<bool>(B::value), conjunction<Bn...>, B>::type {};
[build]       |   ^
[build] C:\Users\pperv\code\unnamed_rpg\vendor\json\include\nlohmann/json.hpp(1947,20): note: in instantiation of template class 'nlohmann::detail::conjunction<nlohmann::detail::negation<std::is_pointer<nlohmann::detail::iteration_proxy<nlohmann::detail::iter_impl<const nlohmann::basic_json<>>>>>, nlohmann::detail::negation<std::is_same<nlohmann::detail::iteration_proxy<nlohmann::detail::iter_impl<const nlohmann::basic_json<>>>, std::nullptr_t>>, nlohmann::detail::negation<std::is_same<nlohmann::detail::iteration_proxy<nlohmann::detail::iter_impl<const nlohmann::basic_json<>>>, nlohmann::detail::json_ref<nlohmann::basic_json<>>>>, nlohmann::detail::negation<std::is_same<nlohmann::detail::iteration_proxy<nlohmann::detail::iter_impl<const nlohmann::basic_json<>>>, char>>, nlohmann::detail::negation<nlohmann::detail::is_basic_json<nlohmann::detail::iteration_proxy<nlohmann::detail::iter_impl<const nlohmann::basic_json<>>>>>, nlohmann::detail::negation<std::is_same<nlohmann::detail::iteration_proxy<nlohmann::detail::iter_impl<const nlohmann::basic_json<>>>, std::initializer_list<char>>>, nlohmann::detail::is_detected_lazy<nlohmann::detail::get_template_function, const nlohmann::basic_json<> &, nlohmann::detail::iteration_proxy<nlohmann::detail::iter_impl<const nlohmann::basic_json<>>>>>' requested here
[build]  1947 |                    detail::conjunction <
[build]       |                    ^
[build] C:\Users\pperv\code\unnamed_rpg\vendor\json\include\nlohmann/json.hpp(1967,55): note: while substituting prior template arguments into non-type template parameter [with ValueType = iteration_proxy<nlohmann::detail::iter_impl<const nlohmann::basic_json<>>>]
[build]  1967 |                                         JSON_EXPLICIT operator ValueType() const
[build]       |                                                       ^~~~~~~~~~~~~~~~~~~~~~~~~~
[build] C:\Users\pperv\code\unnamed_rpg\vendor\json\include\nlohmann/json.hpp(2963,48): note: while substituting deduced template arguments into function template 'operator type-parameter-0-0' [with ValueType = iteration_proxy<nlohmann::detail::iter_impl<const nlohmann::basic_json<>>>, $1 = (no value)]
[build]  2963 |         return iteration_proxy<const_iterator>(*this);
[build]       |                                                ^
[build] C:\Users\pperv\code\unnamed_rpg\vendor\json-schema-validator\src\json-validator.cpp(1068,27): note: in instantiation of member function 'nlohmann::basic_json<>::items' requested here
[build]  1068 |                 for (auto &p : instance.items()) {
[build]       |                                         ^
[build] In file included from C:\Users\pperv\code\unnamed_rpg\vendor\json-schema-validator\src\json-validator.cpp:9:
[build] In file included from C:\Users\pperv\code\unnamed_rpg\vendor\json-schema-validator\src\nlohmann/json-schema.hpp:24:
[build] In file included from C:\Users\pperv\code\unnamed_rpg\vendor\json\include\nlohmann/json.hpp:44:
[build] In file included from C:\Users\pperv\code\unnamed_rpg\vendor\json\include\nlohmann/adl_serializer.hpp:15:
[build] In file included from C:\Users\pperv\code\unnamed_rpg\vendor\json\include\nlohmann/detail/conversions/to_json.hpp:26:
[build] C:\Users\pperv\code\unnamed_rpg\vendor\json\include\nlohmann/detail/iterators/iteration_proxy.hpp(49,26): warning: constructor call from initializer list is incompatible with C++98 [-Wc++98-compat]
[build]    49 |     string_type empty_str{};
[build]       |                          ^~
[build] C:\Users\pperv\code\unnamed_rpg\vendor\json\include\nlohmann/detail/iterators/iteration_proxy.hpp(52,14): note: in instantiation of default member initializer 'nlohmann::detail::iteration_proxy_value<nlohmann::detail::iter_impl<const nlohmann::basic_json<>>>::empty_str' requested here
[build]    52 |     explicit iteration_proxy_value() = default;
[build]       |              ^
[build] C:\Program Files\Microsoft Visual Studio\18\Community\VC\Tools\MSVC\14.51.36231\include\type_traits(832,84): note: in evaluation of exception specification for 'nlohmann::detail::iteration_proxy_value<nlohmann::detail::iter_impl<const nlohmann::basic_json<>>>::iteration_proxy_value' needed here
[build]   832 | struct _NO_SPECIALIZATIONS_OF_TYPE_TRAITS is_default_constructible : bool_constant<__is_constructible(_Ty)> {
[build]       |                                                                                    ^
[build] C:\Users\pperv\code\unnamed_rpg\vendor\json\include\nlohmann/detail/meta/type_traits.hpp(292,35): note: in instantiation of template class 'std::is_default_constructible<nlohmann::detail::iteration_proxy_value<nlohmann::detail::iter_impl<const nlohmann::basic_json<>>>>' requested here
[build]   292 | struct is_default_constructible : std::is_default_constructible<T> {};
[build]       |                                   ^
[build] C:\Users\pperv\code\unnamed_rpg\vendor\json\include\nlohmann/detail/meta/type_traits.hpp(567,5): note: in instantiation of template class 'nlohmann::detail::is_default_constructible<nlohmann::detail::iteration_proxy_value<nlohmann::detail::iter_impl<const nlohmann::basic_json<>>>>' requested here
[build]   567 |     is_default_constructible<ConstructibleArrayType>::value&&
[build]       |     ^
[build] C:\Users\pperv\code\unnamed_rpg\vendor\json\include\nlohmann/detail/meta/type_traits.hpp(593,7): note: during template argument deduction for class template partial specialization 'is_constructible_array_type_impl<BasicJsonType, ConstructibleArrayType, enable_if_t<!std::is_same<ConstructibleArrayType, typename BasicJsonType::value_type>::value && !is_compatible_string_type<BasicJsonType, ConstructibleArrayType>::value && is_default_constructible<ConstructibleArrayType>::value && (std::is_move_assignable<ConstructibleArrayType>::value || std::is_copy_assignable<ConstructibleArrayType>::value) && is_detected<iterator_t, ConstructibleArrayType>::value && is_iterator_traits<iterator_traits<detected_t<iterator_t, ConstructibleArrayType>>>::value && is_detected<range_value_t, ConstructibleArrayType>::value && !std::is_same<ConstructibleArrayType, detected_t<range_value_t, ConstructibleArrayType>>::value && is_complete_type<detected_t<range_value_t, ConstructibleArrayType>>::value>>' [with BasicJsonType = nlohmann::basic_json<>, ConstructibleArrayType = nlohmann::detail::iteration_proxy_value<nlohmann::detail::iter_impl<const nlohmann::basic_json<>>>]
[build]   593 |     : is_constructible_array_type_impl<BasicJsonType, ConstructibleArrayType> {};
[build]       |       ^
[build] C:\Users\pperv\code\unnamed_rpg\vendor\json\include\nlohmann/detail/meta/type_traits.hpp(593,7): note: (skipping 36 contexts in backtrace; use -ftemplate-backtrace-limit=0 to see all)
[build] C:\Users\pperv\code\unnamed_rpg\vendor\json\include\nlohmann/detail/meta/type_traits.hpp(283,3): note: in instantiation of template class 'nlohmann::detail::conjunction<nlohmann::detail::negation<std::is_same<nlohmann::detail::iteration_proxy<nlohmann::detail::iter_impl<const nlohmann::basic_json<>>>, std::nullptr_t>>, nlohmann::detail::negation<std::is_same<nlohmann::detail::iteration_proxy<nlohmann::detail::iter_impl<const nlohmann::basic_json<>>>, nlohmann::detail::json_ref<nlohmann::basic_json<>>>>, nlohmann::detail::negation<std::is_same<nlohmann::detail::iteration_proxy<nlohmann::detail::iter_impl<const nlohmann::basic_json<>>>, char>>, nlohmann::detail::negation<nlohmann::detail::is_basic_json<nlohmann::detail::iteration_proxy<nlohmann::detail::iter_impl<const nlohmann::basic_json<>>>>>, nlohmann::detail::negation<std::is_same<nlohmann::detail::iteration_proxy<nlohmann::detail::iter_impl<const nlohmann::basic_json<>>>, std::initializer_list<char>>>, nlohmann::detail::is_detected_lazy<nlohmann::detail::get_template_function, const nlohmann::basic_json<> &, nlohmann::detail::iteration_proxy<nlohmann::detail::iter_impl<const nlohmann::basic_json<>>>>>' requested here
[build]   283 | : std::conditional<static_cast<bool>(B::value), conjunction<Bn...>, B>::type {};
[build]       |   ^
[build] C:\Users\pperv\code\unnamed_rpg\vendor\json\include\nlohmann/json.hpp(1947,20): note: in instantiation of template class 'nlohmann::detail::conjunction<nlohmann::detail::negation<std::is_pointer<nlohmann::detail::iteration_proxy<nlohmann::detail::iter_impl<const nlohmann::basic_json<>>>>>, nlohmann::detail::negation<std::is_same<nlohmann::detail::iteration_proxy<nlohmann::detail::iter_impl<const nlohmann::basic_json<>>>, std::nullptr_t>>, nlohmann::detail::negation<std::is_same<nlohmann::detail::iteration_proxy<nlohmann::detail::iter_impl<const nlohmann::basic_json<>>>, nlohmann::detail::json_ref<nlohmann::basic_json<>>>>, nlohmann::detail::negation<std::is_same<nlohmann::detail::iteration_proxy<nlohmann::detail::iter_impl<const nlohmann::basic_json<>>>, char>>, nlohmann::detail::negation<nlohmann::detail::is_basic_json<nlohmann::detail::iteration_proxy<nlohmann::detail::iter_impl<const nlohmann::basic_json<>>>>>, nlohmann::detail::negation<std::is_same<nlohmann::detail::iteration_proxy<nlohmann::detail::iter_impl<const nlohmann::basic_json<>>>, std::initializer_list<char>>>, nlohmann::detail::is_detected_lazy<nlohmann::detail::get_template_function, const nlohmann::basic_json<> &, nlohmann::detail::iteration_proxy<nlohmann::detail::iter_impl<const nlohmann::basic_json<>>>>>' requested here
[build]  1947 |                    detail::conjunction <
[build]       |                    ^
[build] C:\Users\pperv\code\unnamed_rpg\vendor\json\include\nlohmann/json.hpp(1967,55): note: while substituting prior template arguments into non-type template parameter [with ValueType = iteration_proxy<nlohmann::detail::iter_impl<const nlohmann::basic_json<>>>]
[build]  1967 |                                         JSON_EXPLICIT operator ValueType() const
[build]       |                                                       ^~~~~~~~~~~~~~~~~~~~~~~~~~
[build] C:\Users\pperv\code\unnamed_rpg\vendor\json\include\nlohmann/json.hpp(2963,48): note: while substituting deduced template arguments into function template 'operator type-parameter-0-0' [with ValueType = iteration_proxy<nlohmann::detail::iter_impl<const nlohmann::basic_json<>>>, $1 = (no value)]
[build]  2963 |         return iteration_proxy<const_iterator>(*this);
[build]       |                                                ^
[build] C:\Users\pperv\code\unnamed_rpg\vendor\json-schema-validator\src\json-validator.cpp(1068,27): note: in instantiation of member function 'nlohmann::basic_json<>::items' requested here
[build]  1068 |                 for (auto &p : instance.items()) {
[build]       |                                         ^
[build] In file included from C:\Users\pperv\code\unnamed_rpg\vendor\json-schema-validator\src\json-validator.cpp:9:
[build] In file included from C:\Users\pperv\code\unnamed_rpg\vendor\json-schema-validator\src\nlohmann/json-schema.hpp:24:
[build] In file included from C:\Users\pperv\code\unnamed_rpg\vendor\json\include\nlohmann/json.hpp:44:
[build] In file included from C:\Users\pperv\code\unnamed_rpg\vendor\json\include\nlohmann/adl_serializer.hpp:15:
[build] In file included from C:\Users\pperv\code\unnamed_rpg\vendor\json\include\nlohmann/detail/conversions/to_json.hpp:26:
[build] C:\Users\pperv\code\unnamed_rpg\vendor\json\include\nlohmann/detail/iterators/iteration_proxy.hpp(114,18): warning: enumeration type in nested name specifier is incompatible with C++98 [-Wc++98-compat]
[build]   114 |             case value_t::array:
[build]       |                  ^
[build] C:\Users\pperv\code\unnamed_rpg\vendor\json-schema-validator\src\json-validator.cpp(1070,37): note: in instantiation of member function 'nlohmann::detail::iteration_proxy_value<nlohmann::detail::iter_impl<const nlohmann::basic_json<>>>::key' requested here
[build]  1070 |                                 propertyNames_->validate(ptr, p.key(), patch, e);
[build]       |                                                                 ^
[build] In file included from C:\Users\pperv\code\unnamed_rpg\vendor\json-schema-validator\src\json-validator.cpp:9:
[build] In file included from C:\Users\pperv\code\unnamed_rpg\vendor\json-schema-validator\src\nlohmann/json-schema.hpp:24:
[build] In file included from C:\Users\pperv\code\unnamed_rpg\vendor\json\include\nlohmann/json.hpp:44:
[build] In file included from C:\Users\pperv\code\unnamed_rpg\vendor\json\include\nlohmann/adl_serializer.hpp:15:
[build] In file included from C:\Users\pperv\code\unnamed_rpg\vendor\json\include\nlohmann/detail/conversions/to_json.hpp:26:
[build] C:\Users\pperv\code\unnamed_rpg\vendor\json\include\nlohmann/detail/iterators/iteration_proxy.hpp(125,18): warning: enumeration type in nested name specifier is incompatible with C++98 [-Wc++98-compat]
[build]   125 |             case value_t::object:
[build]       |                  ^
[build] C:\Users\pperv\code\unnamed_rpg\vendor\json\include\nlohmann/detail/iterators/iteration_proxy.hpp(129,18): warning: enumeration type in nested name specifier is incompatible with C++98 [-Wc++98-compat]
[build]   129 |             case value_t::null:
[build]       |                  ^
[build] C:\Users\pperv\code\unnamed_rpg\vendor\json\include\nlohmann/detail/iterators/iteration_proxy.hpp(130,18): warning: enumeration type in nested name specifier is incompatible with C++98 [-Wc++98-compat]
[build]   130 |             case value_t::string:
[build]       |                  ^
[build] C:\Users\pperv\code\unnamed_rpg\vendor\json\include\nlohmann/detail/iterators/iteration_proxy.hpp(131,18): warning: enumeration type in nested name specifier is incompatible with C++98 [-Wc++98-compat]
[build]   131 |             case value_t::boolean:
[build]       |                  ^
[build] C:\Users\pperv\code\unnamed_rpg\vendor\json\include\nlohmann/detail/iterators/iteration_proxy.hpp(132,18): warning: enumeration type in nested name specifier is incompatible with C++98 [-Wc++98-compat]
[build]   132 |             case value_t::number_integer:
[build]       |                  ^
[build] C:\Users\pperv\code\unnamed_rpg\vendor\json\include\nlohmann/detail/iterators/iteration_proxy.hpp(133,18): warning: enumeration type in nested name specifier is incompatible with C++98 [-Wc++98-compat]
[build]   133 |             case value_t::number_unsigned:
[build]       |                  ^
[build] C:\Users\pperv\code\unnamed_rpg\vendor\json\include\nlohmann/detail/iterators/iteration_proxy.hpp(134,18): warning: enumeration type in nested name specifier is incompatible with C++98 [-Wc++98-compat]
[build]   134 |             case value_t::number_float:
[build]       |                  ^
[build] C:\Users\pperv\code\unnamed_rpg\vendor\json\include\nlohmann/detail/iterators/iteration_proxy.hpp(135,18): warning: enumeration type in nested name specifier is incompatible with C++98 [-Wc++98-compat]
[build]   135 |             case value_t::binary:
[build]       |                  ^
[build] C:\Users\pperv\code\unnamed_rpg\vendor\json\include\nlohmann/detail/iterators/iteration_proxy.hpp(136,18): warning: enumeration type in nested name specifier is incompatible with C++98 [-Wc++98-compat]
[build]   136 |             case value_t::discarded:
[build]       |                  ^
[build] C:\Users\pperv\code\unnamed_rpg\vendor\json\include\nlohmann/detail/iterators/iteration_proxy.hpp(137,13): warning: default label in switch which covers all enumeration values [-Wcovered-switch-default]
[build]   137 |             default:
[build]       |             ^
[build] In file included from C:\Users\pperv\code\unnamed_rpg\vendor\json-schema-validator\src\json-validator.cpp:9:
[build] In file included from C:\Users\pperv\code\unnamed_rpg\vendor\json-schema-validator\src\nlohmann/json-schema.hpp:24:
[build] In file included from C:\Users\pperv\code\unnamed_rpg\vendor\json\include\nlohmann/json.hpp:44:
[build] In file included from C:\Users\pperv\code\unnamed_rpg\vendor\json\include\nlohmann/adl_serializer.hpp:14:
[build] C:\Users\pperv\code\unnamed_rpg\vendor\json\include\nlohmann/detail/conversions/from_json.hpp(349,50): warning: generalized initializer lists are incompatible with C++98 [-Wc++98-compat]
[build]   349 |     from_json_array_impl(j, arr, priority_tag<3> {});
[build]       |                                                  ^
[build] C:\Users\pperv\code\unnamed_rpg\vendor\json\include\nlohmann/detail/conversions/from_json.hpp(349,50): warning: constructor call from initializer list is incompatible with C++98 [-Wc++98-compat]
[build]   349 |     from_json_array_impl(j, arr, priority_tag<3> {});
[build]       |                                                  ^~
[build] C:\Users\pperv\code\unnamed_rpg\vendor\json\include\nlohmann/adl_serializer.hpp(31,9): note: in instantiation of function template specialization 'nlohmann::detail::from_json_fn::operator()<nlohmann::basic_json<>, std::vector<std::basic_string<char>> &>' requested here
[build]    31 |         ::nlohmann::from_json(std::forward<BasicJsonType>(j), val);
[build]       |         ^
[build] C:\Users\pperv\code\unnamed_rpg\vendor\json\include\nlohmann/json.hpp(1676,36): note: in instantiation of function template specialization 'nlohmann::adl_serializer<std::vector<std::basic_string<char>>>::from_json<const nlohmann::basic_json<> &, std::vector<std::basic_string<char>>>' requested here
[build]  1676 |         JSONSerializer<ValueType>::from_json(*this, ret);
[build]       |                                    ^
[build] C:\Users\pperv\code\unnamed_rpg\vendor\json\include\nlohmann/json.hpp(1819,16): note: in instantiation of function template specialization 'nlohmann::basic_json<>::get_impl<std::vector<std::basic_string<char>>, 0>' requested here
[build]  1819 |         return get_impl<ValueType>(detail::priority_tag<4> {});
[build]       |                ^
[build] In file included from C:\Users\pperv\code\unnamed_rpg\vendor\json-schema-validator\src\json-validator.cpp:9:
[build] In file included from C:\Users\pperv\code\unnamed_rpg\vendor\json-schema-validator\src\nlohmann/json-schema.hpp:24:
[build] In file included from C:\Users\pperv\code\unnamed_rpg\vendor\json\include\nlohmann/json.hpp:44:
[build] In file included from C:\Users\pperv\code\unnamed_rpg\vendor\json\include\nlohmann/adl_serializer.hpp:14:
[build] C:\Users\pperv\code\unnamed_rpg\vendor\json\include\nlohmann/detail/conversions/from_json.hpp(300,50): warning: lambda expressions are incompatible with C++98 [-Wc++98-compat]
[build]   300 |                    std::inserter(ret, end(ret)), [](const BasicJsonType & i)
[build]       |                                                  ^
[build] C:\Users\pperv\code\unnamed_rpg\vendor\json\include\nlohmann/detail/conversions/from_json.hpp(299,5): warning: local type '(lambda at C:\Users\pperv\code\unnamed_rpg\vendor\json\include\nlohmann\detail\conversions\from_json.hpp:300:50)' as template argument is incompatible with C++98 [-Wc++98-compat-local-type-template-args]
[build]   299 |     std::transform(j.begin(), j.end(),
[build]       |     ^~~
[build] C:\Users\pperv\code\unnamed_rpg\vendor\json\include\nlohmann/detail/conversions/from_json.hpp(299,5): note: while substituting deduced template arguments into function template 'transform' [with _InIt = const_iterator, _OutIt = insert_iterator<std::vector<std::basic_string<char, std::char_traits<char>, std::allocator<char>>, std::allocator<std::basic_string<char, std::char_traits<char>, std::allocator<char>>>>>, _Fn = (lambda at C:\Users\pperv\code\unnamed_rpg\vendor\json\include\nlohmann\detail\conversions\from_json.hpp:300:50)]
[build] C:\Users\pperv\code\unnamed_rpg\vendor\json\include\nlohmann/detail/conversions/from_json.hpp(349,5): note: in instantiation of function template specialization 'nlohmann::detail::from_json_array_impl<nlohmann::basic_json<>, std::vector<std::basic_string<char>>, 0>' requested here
[build]   349 |     from_json_array_impl(j, arr, priority_tag<3> {});
[build]       |     ^
[build] C:\Users\pperv\code\unnamed_rpg\vendor\json\include\nlohmann/detail/conversions/from_json.hpp(613,16): note: in instantiation of function template specialization 'nlohmann::detail::from_json<nlohmann::basic_json<>, std::vector<std::basic_string<char>>, 0>' requested here
[build]   613 |         return from_json(j, std::forward<T>(val));
[build]       |                ^
[build] C:\Users\pperv\code\unnamed_rpg\vendor\json\include\nlohmann/adl_serializer.hpp(31,9): note: in instantiation of function template specialization 'nlohmann::detail::from_json_fn::operator()<nlohmann::basic_json<>, std::vector<std::basic_string<char>> &>' requested here
[build]    31 |         ::nlohmann::from_json(std::forward<BasicJsonType>(j), val);
[build]       |         ^
[build] C:\Users\pperv\code\unnamed_rpg\vendor\json\include\nlohmann/json.hpp(1676,36): note: in instantiation of function template specialization 'nlohmann::adl_serializer<std::vector<std::basic_string<char>>>::from_json<const nlohmann::basic_json<> &, std::vector<std::basic_string<char>>>' requested here
[build]  1676 |         JSONSerializer<ValueType>::from_json(*this, ret);
[build]       |                                    ^
[build] C:\Users\pperv\code\unnamed_rpg\vendor\json\include\nlohmann/json.hpp(1819,16): note: in instantiation of function template specialization 'nlohmann::basic_json<>::get_impl<std::vector<std::basic_string<char>>, 0>' requested here
[build]  1819 |         return get_impl<ValueType>(detail::priority_tag<4> {});
[build]       |                ^
[build] In file included from C:\Users\pperv\code\unnamed_rpg\vendor\json-schema-validator\src\json-validator.cpp:9:
[build] In file included from C:\Users\pperv\code\unnamed_rpg\vendor\json-schema-validator\src\nlohmann/json-schema.hpp:24:
[build] In file included from C:\Users\pperv\code\unnamed_rpg\vendor\json\include\nlohmann/json.hpp:55:
[build] C:\Users\pperv\code\unnamed_rpg\vendor\json\include\nlohmann/detail/iterators/iter_impl.hpp(106,18): warning: enumeration type in nested name specifier is incompatible with C++98 [-Wc++98-compat]
[build]   106 |             case value_t::object:
[build]       |                  ^
[build] C:\Users\pperv\code\unnamed_rpg\vendor\json\include\nlohmann/json.hpp(2857,24): note: in instantiation of member function 'nlohmann::detail::iter_impl<const nlohmann::basic_json<>>::iter_impl' requested here
[build]  2857 |         const_iterator result(this);
[build]       |                        ^
[build] C:\Users\pperv\code\unnamed_rpg\vendor\json-schema-validator\src\json-validator.cpp(1221,28): note: in instantiation of member function 'nlohmann::basic_json<>::cbegin' requested here
[build]  1221 |                         for (auto it = instance.cbegin(); it != instance.cend(); ++it) {
[build]       |                                                 ^
[build] In file included from C:\Users\pperv\code\unnamed_rpg\vendor\json-schema-validator\src\json-validator.cpp:9:
[build] In file included from C:\Users\pperv\code\unnamed_rpg\vendor\json-schema-validator\src\nlohmann/json-schema.hpp:24:
[build] In file included from C:\Users\pperv\code\unnamed_rpg\vendor\json\include\nlohmann/json.hpp:55:
[build] C:\Users\pperv\code\unnamed_rpg\vendor\json\include\nlohmann/detail/iterators/iter_impl.hpp(112,18): warning: enumeration type in nested name specifier is incompatible with C++98 [-Wc++98-compat]
[build]   112 |             case value_t::array:
[build]       |                  ^
[build] C:\Users\pperv\code\unnamed_rpg\vendor\json\include\nlohmann/detail/iterators/iter_impl.hpp(118,18): warning: enumeration type in nested name specifier is incompatible with C++98 [-Wc++98-compat]
[build]   118 |             case value_t::null:
[build]       |                  ^
[build] C:\Users\pperv\code\unnamed_rpg\vendor\json\include\nlohmann/detail/iterators/iter_impl.hpp(119,18): warning: enumeration type in nested name specifier is incompatible with C++98 [-Wc++98-compat]
[build]   119 |             case value_t::string:
[build]       |                  ^
[build] C:\Users\pperv\code\unnamed_rpg\vendor\json\include\nlohmann/detail/iterators/iter_impl.hpp(120,18): warning: enumeration type in nested name specifier is incompatible with C++98 [-Wc++98-compat]
[build]   120 |             case value_t::boolean:
[build]       |                  ^
[build] C:\Users\pperv\code\unnamed_rpg\vendor\json\include\nlohmann/detail/iterators/iter_impl.hpp(121,18): warning: enumeration type in nested name specifier is incompatible with C++98 [-Wc++98-compat]
[build]   121 |             case value_t::number_integer:
[build]       |                  ^
[build] C:\Users\pperv\code\unnamed_rpg\vendor\json\include\nlohmann/detail/iterators/iter_impl.hpp(122,18): warning: enumeration type in nested name specifier is incompatible with C++98 [-Wc++98-compat]
[build]   122 |             case value_t::number_unsigned:
[build]       |                  ^
[build] C:\Users\pperv\code\unnamed_rpg\vendor\json\include\nlohmann/detail/iterators/iter_impl.hpp(123,18): warning: enumeration type in nested name specifier is incompatible with C++98 [-Wc++98-compat]
[build]   123 |             case value_t::number_float:
[build]       |                  ^
[build] C:\Users\pperv\code\unnamed_rpg\vendor\json\include\nlohmann/detail/iterators/iter_impl.hpp(124,18): warning: enumeration type in nested name specifier is incompatible with C++98 [-Wc++98-compat]
[build]   124 |             case value_t::binary:
[build]       |                  ^
[build] C:\Users\pperv\code\unnamed_rpg\vendor\json\include\nlohmann/detail/iterators/iter_impl.hpp(125,18): warning: enumeration type in nested name specifier is incompatible with C++98 [-Wc++98-compat]
[build]   125 |             case value_t::discarded:
[build]       |                  ^
[build] C:\Users\pperv\code\unnamed_rpg\vendor\json\include\nlohmann/detail/iterators/iter_impl.hpp(126,13): warning: default label in switch which covers all enumeration values [-Wcovered-switch-default]
[build]   126 |             default:
[build]       |             ^
[build] C:\Users\pperv\code\unnamed_rpg\vendor\json\include\nlohmann/detail/iterators/iter_impl.hpp(203,18): warning: enumeration type in nested name specifier is incompatible with C++98 [-Wc++98-compat]
[build]   203 |             case value_t::object:
[build]       |                  ^
[build] C:\Users\pperv\code\unnamed_rpg\vendor\json\include\nlohmann/json.hpp(2858,16): note: in instantiation of member function 'nlohmann::detail::iter_impl<const nlohmann::basic_json<>>::set_begin' requested here
[build]  2858 |         result.set_begin();
[build]       |                ^
[build] C:\Users\pperv\code\unnamed_rpg\vendor\json-schema-validator\src\json-validator.cpp(1221,28): note: in instantiation of member function 'nlohmann::basic_json<>::cbegin' requested here
[build]  1221 |                         for (auto it = instance.cbegin(); it != instance.cend(); ++it) {
[build]       |                                                 ^
[build] In file included from C:\Users\pperv\code\unnamed_rpg\vendor\json-schema-validator\src\json-validator.cpp:9:
[build] In file included from C:\Users\pperv\code\unnamed_rpg\vendor\json-schema-validator\src\nlohmann/json-schema.hpp:24:
[build] In file included from C:\Users\pperv\code\unnamed_rpg\vendor\json\include\nlohmann/json.hpp:55:
[build] C:\Users\pperv\code\unnamed_rpg\vendor\json\include\nlohmann/detail/iterators/iter_impl.hpp(209,18): warning: enumeration type in nested name specifier is incompatible with C++98 [-Wc++98-compat]
[build]   209 |             case value_t::array:
[build]       |                  ^
[build] C:\Users\pperv\code\unnamed_rpg\vendor\json\include\nlohmann/detail/iterators/iter_impl.hpp(215,18): warning: enumeration type in nested name specifier is incompatible with C++98 [-Wc++98-compat]
[build]   215 |             case value_t::null:
[build]       |                  ^
[build] C:\Users\pperv\code\unnamed_rpg\vendor\json\include\nlohmann/detail/iterators/iter_impl.hpp(222,18): warning: enumeration type in nested name specifier is incompatible with C++98 [-Wc++98-compat]
[build]   222 |             case value_t::string:
[build]       |                  ^
[build] C:\Users\pperv\code\unnamed_rpg\vendor\json\include\nlohmann/detail/iterators/iter_impl.hpp(223,18): warning: enumeration type in nested name specifier is incompatible with C++98 [-Wc++98-compat]
[build]   223 |             case value_t::boolean:
[build]       |                  ^
[build] C:\Users\pperv\code\unnamed_rpg\vendor\json\include\nlohmann/detail/iterators/iter_impl.hpp(224,18): warning: enumeration type in nested name specifier is incompatible with C++98 [-Wc++98-compat]
[build]   224 |             case value_t::number_integer:
[build]       |                  ^
[build] C:\Users\pperv\code\unnamed_rpg\vendor\json\include\nlohmann/detail/iterators/iter_impl.hpp(225,18): warning: enumeration type in nested name specifier is incompatible with C++98 [-Wc++98-compat]
[build]   225 |             case value_t::number_unsigned:
[build]       |                  ^
[build] C:\Users\pperv\code\unnamed_rpg\vendor\json\include\nlohmann/detail/iterators/iter_impl.hpp(226,18): warning: enumeration type in nested name specifier is incompatible with C++98 [-Wc++98-compat]
[build]   226 |             case value_t::number_float:
[build]       |                  ^
[build] C:\Users\pperv\code\unnamed_rpg\vendor\json\include\nlohmann/detail/iterators/iter_impl.hpp(227,18): warning: enumeration type in nested name specifier is incompatible with C++98 [-Wc++98-compat]
[build]   227 |             case value_t::binary:
[build]       |                  ^
[build] C:\Users\pperv\code\unnamed_rpg\vendor\json\include\nlohmann/detail/iterators/iter_impl.hpp(228,18): warning: enumeration type in nested name specifier is incompatible with C++98 [-Wc++98-compat]
[build]   228 |             case value_t::discarded:
[build]       |                  ^
[build] C:\Users\pperv\code\unnamed_rpg\vendor\json\include\nlohmann/detail/iterators/iter_impl.hpp(229,13): warning: default label in switch which covers all enumeration values [-Wcovered-switch-default]
[build]   229 |             default:
[build]       |             ^
[build] C:\Users\pperv\code\unnamed_rpg\vendor\json\include\nlohmann/detail/iterators/iter_impl.hpp(247,18): warning: enumeration type in nested name specifier is incompatible with C++98 [-Wc++98-compat]
[build]   247 |             case value_t::object:
[build]       |                  ^
[build] C:\Users\pperv\code\unnamed_rpg\vendor\json\include\nlohmann/json.hpp(2883,16): note: in instantiation of member function 'nlohmann::detail::iter_impl<const nlohmann::basic_json<>>::set_end' requested here
[build]  2883 |         result.set_end();
[build]       |                ^
[build] C:\Users\pperv\code\unnamed_rpg\vendor\json-schema-validator\src\json-validator.cpp(1221,53): note: in instantiation of member function 'nlohmann::basic_json<>::cend' requested here
[build]  1221 |                         for (auto it = instance.cbegin(); it != instance.cend(); ++it) {
[build]       |                                                                          ^
[build] In file included from C:\Users\pperv\code\unnamed_rpg\vendor\json-schema-validator\src\json-validator.cpp:9:
[build] In file included from C:\Users\pperv\code\unnamed_rpg\vendor\json-schema-validator\src\nlohmann/json-schema.hpp:24:
[build] In file included from C:\Users\pperv\code\unnamed_rpg\vendor\json\include\nlohmann/json.hpp:55:
[build] C:\Users\pperv\code\unnamed_rpg\vendor\json\include\nlohmann/detail/iterators/iter_impl.hpp(253,18): warning: enumeration type in nested name specifier is incompatible with C++98 [-Wc++98-compat]
[build]   253 |             case value_t::array:
[build]       |                  ^
[build] C:\Users\pperv\code\unnamed_rpg\vendor\json\include\nlohmann/detail/iterators/iter_impl.hpp(259,18): warning: enumeration type in nested name specifier is incompatible with C++98 [-Wc++98-compat]
[build]   259 |             case value_t::null:
[build]       |                  ^
[build] C:\Users\pperv\code\unnamed_rpg\vendor\json\include\nlohmann/detail/iterators/iter_impl.hpp(260,18): warning: enumeration type in nested name specifier is incompatible with C++98 [-Wc++98-compat]
[build]   260 |             case value_t::string:
[build]       |                  ^
[build] C:\Users\pperv\code\unnamed_rpg\vendor\json\include\nlohmann/detail/iterators/iter_impl.hpp(261,18): warning: enumeration type in nested name specifier is incompatible with C++98 [-Wc++98-compat]
[build]   261 |             case value_t::boolean:
[build]       |                  ^
[build] C:\Users\pperv\code\unnamed_rpg\vendor\json\include\nlohmann/detail/iterators/iter_impl.hpp(262,18): warning: enumeration type in nested name specifier is incompatible with C++98 [-Wc++98-compat]
[build]   262 |             case value_t::number_integer:
[build]       |                  ^
[build] C:\Users\pperv\code\unnamed_rpg\vendor\json\include\nlohmann/detail/iterators/iter_impl.hpp(263,18): warning: enumeration type in nested name specifier is incompatible with C++98 [-Wc++98-compat]
[build]   263 |             case value_t::number_unsigned:
[build]       |                  ^
[build] C:\Users\pperv\code\unnamed_rpg\vendor\json\include\nlohmann/detail/iterators/iter_impl.hpp(264,18): warning: enumeration type in nested name specifier is incompatible with C++98 [-Wc++98-compat]
[build]   264 |             case value_t::number_float:
[build]       |                  ^
[build] C:\Users\pperv\code\unnamed_rpg\vendor\json\include\nlohmann/detail/iterators/iter_impl.hpp(265,18): warning: enumeration type in nested name specifier is incompatible with C++98 [-Wc++98-compat]
[build]   265 |             case value_t::binary:
[build]       |                  ^
[build] C:\Users\pperv\code\unnamed_rpg\vendor\json\include\nlohmann/detail/iterators/iter_impl.hpp(266,18): warning: enumeration type in nested name specifier is incompatible with C++98 [-Wc++98-compat]
[build]   266 |             case value_t::discarded:
[build]       |                  ^
[build] C:\Users\pperv\code\unnamed_rpg\vendor\json\include\nlohmann/detail/iterators/iter_impl.hpp(267,13): warning: default label in switch which covers all enumeration values [-Wcovered-switch-default]
[build]   267 |             default:
[build]       |             ^
[build] C:\Users\pperv\code\unnamed_rpg\vendor\json\include\nlohmann/detail/iterators/iter_impl.hpp(633,9): warning: 'auto' type specifier is incompatible with C++98 [-Wc++98-compat]
[build]   633 |         auto result = *this;
[build]       |         ^~~~
[build] C:\Users\pperv\code\unnamed_rpg\vendor\json\include\nlohmann/detail/iterators/iter_impl.hpp(587,33): warning: 'nullptr' is incompatible with C++98 [-Wc++98-compat]
[build]   587 |         JSON_ASSERT(m_object != nullptr);
[build]       |                                 ^
[build] C:\Users\pperv\code\unnamed_rpg\vendor\json\include\nlohmann/detail/iterators/iter_impl.hpp(591,18): warning: enumeration type in nested name specifier is incompatible with C++98 [-Wc++98-compat]
[build]   591 |             case value_t::object:
[build]       |                  ^
[build] C:\Users\pperv\code\unnamed_rpg\vendor\json-schema-validator\src\json-validator.cpp(1222,27): note: in instantiation of member function 'nlohmann::detail::iter_impl<const nlohmann::basic_json<>>::operator+' requested here
[build]  1222 |                                 auto v = std::find(it + 1, instance.end(), *it);
[build]       |                                                       ^
[build] In file included from C:\Users\pperv\code\unnamed_rpg\vendor\json-schema-validator\src\json-validator.cpp:9:
[build] In file included from C:\Users\pperv\code\unnamed_rpg\vendor\json-schema-validator\src\nlohmann/json-schema.hpp:24:
[build] In file included from C:\Users\pperv\code\unnamed_rpg\vendor\json\include\nlohmann/json.hpp:55:
[build] C:\Users\pperv\code\unnamed_rpg\vendor\json\include\nlohmann/detail/iterators/iter_impl.hpp(594,18): warning: enumeration type in nested name specifier is incompatible with C++98 [-Wc++98-compat]
[build]   594 |             case value_t::array:
[build]       |                  ^
[build] C:\Users\pperv\code\unnamed_rpg\vendor\json\include\nlohmann/detail/iterators/iter_impl.hpp(600,18): warning: enumeration type in nested name specifier is incompatible with C++98 [-Wc++98-compat]
[build]   600 |             case value_t::null:
[build]       |                  ^
[build] C:\Users\pperv\code\unnamed_rpg\vendor\json\include\nlohmann/detail/iterators/iter_impl.hpp(601,18): warning: enumeration type in nested name specifier is incompatible with C++98 [-Wc++98-compat]
[build]   601 |             case value_t::string:
[build]       |                  ^
[build] C:\Users\pperv\code\unnamed_rpg\vendor\json\include\nlohmann/detail/iterators/iter_impl.hpp(602,18): warning: enumeration type in nested name specifier is incompatible with C++98 [-Wc++98-compat]
[build]   602 |             case value_t::boolean:
[build]       |                  ^
[build] C:\Users\pperv\code\unnamed_rpg\vendor\json\include\nlohmann/detail/iterators/iter_impl.hpp(603,18): warning: enumeration type in nested name specifier is incompatible with C++98 [-Wc++98-compat]
[build]   603 |             case value_t::number_integer:
[build]       |                  ^
[build] C:\Users\pperv\code\unnamed_rpg\vendor\json\include\nlohmann/detail/iterators/iter_impl.hpp(604,18): warning: enumeration type in nested name specifier is incompatible with C++98 [-Wc++98-compat]
[build]   604 |             case value_t::number_unsigned:
[build]       |                  ^
[build] C:\Users\pperv\code\unnamed_rpg\vendor\json\include\nlohmann/detail/iterators/iter_impl.hpp(605,18): warning: enumeration type in nested name specifier is incompatible with C++98 [-Wc++98-compat]
[build]   605 |             case value_t::number_float:
[build]       |                  ^
[build] C:\Users\pperv\code\unnamed_rpg\vendor\json\include\nlohmann/detail/iterators/iter_impl.hpp(606,18): warning: enumeration type in nested name specifier is incompatible with C++98 [-Wc++98-compat]
[build]   606 |             case value_t::binary:
[build]       |                  ^
[build] C:\Users\pperv\code\unnamed_rpg\vendor\json\include\nlohmann/detail/iterators/iter_impl.hpp(607,18): warning: enumeration type in nested name specifier is incompatible with C++98 [-Wc++98-compat]
[build]   607 |             case value_t::discarded:
[build]       |                  ^
[build] C:\Users\pperv\code\unnamed_rpg\vendor\json\include\nlohmann/detail/iterators/iter_impl.hpp(591,18): warning: enumeration type in nested name specifier is incompatible with C++98 [-Wc++98-compat]
[build]   591 |             case value_t::object:
[build]       |                  ^
[build] C:\Users\pperv\code\unnamed_rpg\vendor\json\include\nlohmann/detail/iterators/iter_impl.hpp(634,16): note: in instantiation of member function 'nlohmann::detail::iter_impl<const nlohmann::basic_json<>>::operator+=' requested here
[build]   634 |         result += i;
[build]       |                ^
[build] C:\Users\pperv\code\unnamed_rpg\vendor\json-schema-validator\src\json-validator.cpp(1222,27): note: in instantiation of member function 'nlohmann::detail::iter_impl<const nlohmann::basic_json<>>::operator+' requested here
[build]  1222 |                                 auto v = std::find(it + 1, instance.end(), *it);
[build]       |                                                       ^
[build] In file included from C:\Users\pperv\code\unnamed_rpg\vendor\json-schema-validator\src\json-validator.cpp:9:
[build] In file included from C:\Users\pperv\code\unnamed_rpg\vendor\json-schema-validator\src\nlohmann/json-schema.hpp:24:
[build] In file included from C:\Users\pperv\code\unnamed_rpg\vendor\json\include\nlohmann/json.hpp:55:
[build] C:\Users\pperv\code\unnamed_rpg\vendor\json\include\nlohmann/detail/iterators/iter_impl.hpp(594,18): warning: enumeration type in nested name specifier is incompatible with C++98 [-Wc++98-compat]
[build]   594 |             case value_t::array:
[build]       |                  ^
[build] C:\Users\pperv\code\unnamed_rpg\vendor\json\include\nlohmann/detail/iterators/iter_impl.hpp(600,18): warning: enumeration type in nested name specifier is incompatible with C++98 [-Wc++98-compat]
[build]   600 |             case value_t::null:
[build]       |                  ^
[build] C:\Users\pperv\code\unnamed_rpg\vendor\json\include\nlohmann/detail/iterators/iter_impl.hpp(601,18): warning: enumeration type in nested name specifier is incompatible with C++98 [-Wc++98-compat]
[build]   601 |             case value_t::string:
[build]       |                  ^
[build] C:\Users\pperv\code\unnamed_rpg\vendor\json\include\nlohmann/detail/iterators/iter_impl.hpp(602,18): warning: enumeration type in nested name specifier is incompatible with C++98 [-Wc++98-compat]
[build]   602 |             case value_t::boolean:
[build]       |                  ^
[build] C:\Users\pperv\code\unnamed_rpg\vendor\json\include\nlohmann/detail/iterators/iter_impl.hpp(603,18): warning: enumeration type in nested name specifier is incompatible with C++98 [-Wc++98-compat]
[build]   603 |             case value_t::number_integer:
[build]       |                  ^
[build] C:\Users\pperv\code\unnamed_rpg\vendor\json\include\nlohmann/detail/iterators/iter_impl.hpp(604,18): warning: enumeration type in nested name specifier is incompatible with C++98 [-Wc++98-compat]
[build]   604 |             case value_t::number_unsigned:
[build]       |                  ^
[build] C:\Users\pperv\code\unnamed_rpg\vendor\json\include\nlohmann/detail/iterators/iter_impl.hpp(605,18): warning: enumeration type in nested name specifier is incompatible with C++98 [-Wc++98-compat]
[build]   605 |             case value_t::number_float:
[build]       |                  ^
[build] C:\Users\pperv\code\unnamed_rpg\vendor\json\include\nlohmann/detail/iterators/iter_impl.hpp(606,18): warning: enumeration type in nested name specifier is incompatible with C++98 [-Wc++98-compat]
[build]   606 |             case value_t::binary:
[build]       |                  ^
[build] C:\Users\pperv\code\unnamed_rpg\vendor\json\include\nlohmann/detail/iterators/iter_impl.hpp(607,18): warning: enumeration type in nested name specifier is incompatible with C++98 [-Wc++98-compat]
[build]   607 |             case value_t::discarded:
[build]       |                  ^
[build] C:\Users\pperv\code\unnamed_rpg\vendor\json\include\nlohmann/detail/iterators/iter_impl.hpp(608,13): warning: default label in switch which covers all enumeration values [-Wcovered-switch-default]
[build]   608 |             default:
[build]       |             ^
[build] In file included from C:\Users\pperv\code\unnamed_rpg\vendor\json-schema-validator\src\json-validator.cpp:9:
[build] In file included from C:\Users\pperv\code\unnamed_rpg\vendor\json-schema-validator\src\nlohmann/json-schema.hpp:24:
[build] C:\Users\pperv\code\unnamed_rpg\vendor\json\include\nlohmann/json.hpp(1390,33): warning: enumeration type in nested name specifier is incompatible with C++98 [-Wc++98-compat]
[build]  1390 |         return m_data.m_type == value_t::boolean;
[build]       |                                 ^
[build] C:\Users\pperv\code\unnamed_rpg\vendor\json\include\nlohmann/detail/conversions/from_json.hpp(113,33): note: in instantiation of member function 'nlohmann::basic_json<>::is_boolean' requested here
[build]   113 |     if (JSON_HEDLEY_UNLIKELY(!j.is_boolean()))
[build]       |                                 ^
[build] C:\Users\pperv\code\unnamed_rpg\vendor\json\include\nlohmann/thirdparty/hedley/hedley.hpp(1360,94): note: expanded from macro 'JSON_HEDLEY_UNLIKELY'
[build]  1360 | #  define JSON_HEDLEY_UNLIKELY(expr)                    __builtin_expect                 (!!(expr),    0                  )
[build]       |                                                                                              ^
[build] C:\Users\pperv\code\unnamed_rpg\vendor\json\include\nlohmann/detail/conversions/from_json.hpp(613,16): note: in instantiation of function template specialization 'nlohmann::detail::from_json<nlohmann::basic_json<>>' requested here
[build]   613 |         return from_json(j, std::forward<T>(val));
[build]       |                ^
[build] C:\Users\pperv\code\unnamed_rpg\vendor\json\include\nlohmann/adl_serializer.hpp(31,9): note: in instantiation of function template specialization 'nlohmann::detail::from_json_fn::operator()<nlohmann::basic_json<>, bool &>' requested here
[build]    31 |         ::nlohmann::from_json(std::forward<BasicJsonType>(j), val);
[build]       |         ^
[build] C:\Users\pperv\code\unnamed_rpg\vendor\json\include\nlohmann/json.hpp(1676,36): note: in instantiation of function template specialization 'nlohmann::adl_serializer<bool>::from_json<const nlohmann::basic_json<> &, bool>' requested here
[build]  1676 |         JSONSerializer<ValueType>::from_json(*this, ret);
[build]       |                                    ^
[build] C:\Users\pperv\code\unnamed_rpg\vendor\json\include\nlohmann/json.hpp(1819,16): note: in instantiation of function template specialization 'nlohmann::basic_json<>::get_impl<bool, 0>' requested here
[build]  1819 |         return get_impl<ValueType>(detail::priority_tag<4> {});
[build]       |                ^
[build] C:\Users\pperv\code\unnamed_rpg\vendor\json-schema-validator\src\json-validator.cpp(893,40): warning: padding class '(anonymous namespace)::numeric<long long>' with 6 bytes to align 'multipleOf_' [-Wpadded]
[build]   893 |         std::pair<bool, json::number_float_t> multipleOf_{false, 0};
[build]       |                                               ^
[build] C:\Users\pperv\code\unnamed_rpg\vendor\json-schema-validator\src\json-validator.cpp(944,3): warning: 'auto' type specifier is incompatible with C++98 [-Wc++98-compat]
[build]   944 |                 auto attr = sch.find("maximum");
[build]       |                 ^~~~
[build] C:\Program Files\Microsoft Visual Studio\18\Community\VC\Tools\MSVC\14.51.36231\include\memory(2131,18): note: in instantiation of function template specialization 'std::_Construct_in_place<(anonymous namespace)::numeric<long long>, nlohmann::basic_json<> &, nlohmann::json_schema::root_schema *&, std::set<std::basic_string<char>> &>' requested here
[build]  2131 |             _STD _Construct_in_place(_Storage._Value, _STD forward<_Types>(_Args)...);
[build]       |                  ^
[build] C:\Program Files\Microsoft Visual Studio\18\Community\VC\Tools\MSVC\14.51.36231\include\memory(2944,26): note: in instantiation of function template specialization 'std::_Ref_count_obj2<(anonymous namespace)::numeric<long long>>::_Ref_count_obj2<nlohmann::basic_json<> &, nlohmann::json_schema::root_schema *&, std::set<std::basic_string<char>> &>' requested here
[build]  2944 |     const auto _Rx = new _Ref_count_obj2<_Ty>(_STD forward<_Types>(_Args)...);
[build]       |                          ^
[build] C:\Users\pperv\code\unnamed_rpg\vendor\json-schema-validator\src\json-validator.cpp(1330,15): note: in instantiation of function template specialization 'std::make_shared<(anonymous namespace)::numeric<long long>, nlohmann::basic_json<> &, nlohmann::json_schema::root_schema *&, std::set<std::basic_string<char>> &>' requested here
[build]  1330 |                 return std::make_shared<numeric<json::number_integer_t>>(schema, root, kw);
[build]       |                             ^
[build] C:\Users\pperv\code\unnamed_rpg\vendor\json-schema-validator\src\json-validator.cpp(946,13): warning: generalized initializer lists are incompatible with C++98 [-Wc++98-compat]
[build]   946 |                         maximum_ = {true, attr.value().get<T>()};
[build]       |                                  ^ ~~~~~~~~~~~~~~~~~~~~~~~~~~~~~
[build] C:\Users\pperv\code\unnamed_rpg\vendor\json-schema-validator\src\json-validator.cpp(952,13): warning: generalized initializer lists are incompatible with C++98 [-Wc++98-compat]
[build]   952 |                         minimum_ = {true, attr.value().get<T>()};
[build]       |                                  ^ ~~~~~~~~~~~~~~~~~~~~~~~~~~~~~
[build] C:\Users\pperv\code\unnamed_rpg\vendor\json-schema-validator\src\json-validator.cpp(959,13): warning: generalized initializer lists are incompatible with C++98 [-Wc++98-compat]
[build]   959 |                         maximum_ = {true, attr.value().get<T>()};
[build]       |                                  ^ ~~~~~~~~~~~~~~~~~~~~~~~~~~~~~
[build] C:\Users\pperv\code\unnamed_rpg\vendor\json-schema-validator\src\json-validator.cpp(966,13): warning: generalized initializer lists are incompatible with C++98 [-Wc++98-compat]
[build]   966 |                         minimum_ = {true, attr.value().get<T>()};
[build]       |                                  ^ ~~~~~~~~~~~~~~~~~~~~~~~~~~~~~
[build] C:\Users\pperv\code\unnamed_rpg\vendor\json-schema-validator\src\json-validator.cpp(972,16): warning: generalized initializer lists are incompatible with C++98 [-Wc++98-compat]
[build]   972 |                         multipleOf_ = {true, attr.value().get<json::number_float_t>()};
[build]       |                                     ^ ~~~~~~~~~~~~~~~~~~~~~~~~~~~~~~~~~~~~~~~~~~~~~~~~
[build] C:\Users\pperv\code\unnamed_rpg\vendor\json-schema-validator\src\json-validator.cpp(972,18): warning: constructor call from initializer list is incompatible with C++98 [-Wc++98-compat]
[build]   972 |                         multipleOf_ = {true, attr.value().get<json::number_float_t>()};
[build]       |                                       ^~~~~~~~~~~~~~~~~~~~~~~~~~~~~~~~~~~~~~~~~~~~~~~~
[build] C:\Program Files\Microsoft Visual Studio\18\Community\VC\Tools\MSVC\14.51.36231\include\memory(2131,18): note: in instantiation of function template specialization 'std::_Construct_in_place<(anonymous namespace)::numeric<long long>, nlohmann::basic_json<> &, nlohmann::json_schema::root_schema *&, std::set<std::basic_string<char>> &>' requested here
[build]  2131 |             _STD _Construct_in_place(_Storage._Value, _STD forward<_Types>(_Args)...);
[build]       |                  ^
[build] C:\Program Files\Microsoft Visual Studio\18\Community\VC\Tools\MSVC\14.51.36231\include\memory(2944,26): note: in instantiation of function template specialization 'std::_Ref_count_obj2<(anonymous namespace)::numeric<long long>>::_Ref_count_obj2<nlohmann::basic_json<> &, nlohmann::json_schema::root_schema *&, std::set<std::basic_string<char>> &>' requested here
[build]  2944 |     const auto _Rx = new _Ref_count_obj2<_Ty>(_STD forward<_Types>(_Args)...);
[build]       |                          ^
[build] C:\Users\pperv\code\unnamed_rpg\vendor\json-schema-validator\src\json-validator.cpp(1330,15): note: in instantiation of function template specialization 'std::make_shared<(anonymous namespace)::numeric<long long>, nlohmann::basic_json<> &, nlohmann::json_schema::root_schema *&, std::set<std::basic_string<char>> &>' requested here
[build]  1330 |                 return std::make_shared<numeric<json::number_integer_t>>(schema, root, kw);
[build]       |                             ^
[build] C:\Users\pperv\code\unnamed_rpg\vendor\json-schema-validator\src\json-validator.cpp(887,29): warning: constructor call from initializer list is incompatible with C++98 [-Wc++98-compat]
[build]   887 |         std::pair<bool, T> maximum_{false, 0};
[build]       |                                    ^~~~~~~~~~
[build] C:\Users\pperv\code\unnamed_rpg\vendor\json-schema-validator\src\json-validator.cpp(941,2): note: in instantiation of default member initializer '(anonymous namespace)::numeric<long long>::maximum_' requested here
[build]   941 |         numeric(const json &sch, root_schema *root, std::set<std::string> &kw)
[build]       |         ^
[build] C:\Program Files\Microsoft Visual Studio\18\Community\VC\Tools\MSVC\14.51.36231\include\xutility(661,58): note: in instantiation of member function '(anonymous namespace)::numeric<long long>::numeric' requested here
[build]   661 |         ::new (static_cast<void*>(_STD addressof(_Obj))) _Ty(_STD forward<_Types>(_Args)...);
[build]       |                                                          ^
[build] C:\Program Files\Microsoft Visual Studio\18\Community\VC\Tools\MSVC\14.51.36231\include\memory(2131,18): note: in instantiation of function template specialization 'std::_Construct_in_place<(anonymous namespace)::numeric<long long>, nlohmann::basic_json<> &, nlohmann::json_schema::root_schema *&, std::set<std::basic_string<char>> &>' requested here
[build]  2131 |             _STD _Construct_in_place(_Storage._Value, _STD forward<_Types>(_Args)...);
[build]       |                  ^
[build] C:\Program Files\Microsoft Visual Studio\18\Community\VC\Tools\MSVC\14.51.36231\include\memory(2944,26): note: in instantiation of function template specialization 'std::_Ref_count_obj2<(anonymous namespace)::numeric<long long>>::_Ref_count_obj2<nlohmann::basic_json<> &, nlohmann::json_schema::root_schema *&, std::set<std::basic_string<char>> &>' requested here
[build]  2944 |     const auto _Rx = new _Ref_count_obj2<_Ty>(_STD forward<_Types>(_Args)...);
[build]       |                          ^
[build] C:\Users\pperv\code\unnamed_rpg\vendor\json-schema-validator\src\json-validator.cpp(1330,15): note: in instantiation of function template specialization 'std::make_shared<(anonymous namespace)::numeric<long long>, nlohmann::basic_json<> &, nlohmann::json_schema::root_schema *&, std::set<std::basic_string<char>> &>' requested here
[build]  1330 |                 return std::make_shared<numeric<json::number_integer_t>>(schema, root, kw);
[build]       |                             ^
[build] C:\Users\pperv\code\unnamed_rpg\vendor\json-schema-validator\src\json-validator.cpp(888,29): warning: constructor call from initializer list is incompatible with C++98 [-Wc++98-compat]
[build]   888 |         std::pair<bool, T> minimum_{false, 0};
[build]       |                                    ^~~~~~~~~~
[build] C:\Users\pperv\code\unnamed_rpg\vendor\json-schema-validator\src\json-validator.cpp(941,2): note: in instantiation of default member initializer '(anonymous namespace)::numeric<long long>::minimum_' requested here
[build]   941 |         numeric(const json &sch, root_schema *root, std::set<std::string> &kw)
[build]       |         ^
[build] C:\Program Files\Microsoft Visual Studio\18\Community\VC\Tools\MSVC\14.51.36231\include\xutility(661,58): note: in instantiation of member function '(anonymous namespace)::numeric<long long>::numeric' requested here
[build]   661 |         ::new (static_cast<void*>(_STD addressof(_Obj))) _Ty(_STD forward<_Types>(_Args)...);
[build]       |                                                          ^
[build] C:\Program Files\Microsoft Visual Studio\18\Community\VC\Tools\MSVC\14.51.36231\include\memory(2131,18): note: in instantiation of function template specialization 'std::_Construct_in_place<(anonymous namespace)::numeric<long long>, nlohmann::basic_json<> &, nlohmann::json_schema::root_schema *&, std::set<std::basic_string<char>> &>' requested here
[build]  2131 |             _STD _Construct_in_place(_Storage._Value, _STD forward<_Types>(_Args)...);
[build]       |                  ^
[build] C:\Program Files\Microsoft Visual Studio\18\Community\VC\Tools\MSVC\14.51.36231\include\memory(2944,26): note: in instantiation of function template specialization 'std::_Ref_count_obj2<(anonymous namespace)::numeric<long long>>::_Ref_count_obj2<nlohmann::basic_json<> &, nlohmann::json_schema::root_schema *&, std::set<std::basic_string<char>> &>' requested here
[build]  2944 |     const auto _Rx = new _Ref_count_obj2<_Ty>(_STD forward<_Types>(_Args)...);
[build]       |                          ^
[build] C:\Users\pperv\code\unnamed_rpg\vendor\json-schema-validator\src\json-validator.cpp(1330,15): note: in instantiation of function template specialization 'std::make_shared<(anonymous namespace)::numeric<long long>, nlohmann::basic_json<> &, nlohmann::json_schema::root_schema *&, std::set<std::basic_string<char>> &>' requested here
[build]  1330 |                 return std::make_shared<numeric<json::number_integer_t>>(schema, root, kw);
[build]       |                             ^
[build] C:\Users\pperv\code\unnamed_rpg\vendor\json-schema-validator\src\json-validator.cpp(893,51): warning: constructor call from initializer list is incompatible with C++98 [-Wc++98-compat]
[build]   893 |         std::pair<bool, json::number_float_t> multipleOf_{false, 0};
[build]       |                                                          ^~~~~~~~~~
[build] C:\Users\pperv\code\unnamed_rpg\vendor\json-schema-validator\src\json-validator.cpp(941,2): note: in instantiation of default member initializer '(anonymous namespace)::numeric<long long>::multipleOf_' requested here
[build]   941 |         numeric(const json &sch, root_schema *root, std::set<std::string> &kw)
[build]       |         ^
[build] C:\Program Files\Microsoft Visual Studio\18\Community\VC\Tools\MSVC\14.51.36231\include\xutility(661,58): note: in instantiation of member function '(anonymous namespace)::numeric<long long>::numeric' requested here
[build]   661 |         ::new (static_cast<void*>(_STD addressof(_Obj))) _Ty(_STD forward<_Types>(_Args)...);
[build]       |                                                          ^
[build] C:\Program Files\Microsoft Visual Studio\18\Community\VC\Tools\MSVC\14.51.36231\include\memory(2131,18): note: in instantiation of function template specialization 'std::_Construct_in_place<(anonymous namespace)::numeric<long long>, nlohmann::basic_json<> &, nlohmann::json_schema::root_schema *&, std::set<std::basic_string<char>> &>' requested here
[build]  2131 |             _STD _Construct_in_place(_Storage._Value, _STD forward<_Types>(_Args)...);
[build]       |                  ^
[build] C:\Program Files\Microsoft Visual Studio\18\Community\VC\Tools\MSVC\14.51.36231\include\memory(2944,26): note: in instantiation of function template specialization 'std::_Ref_count_obj2<(anonymous namespace)::numeric<long long>>::_Ref_count_obj2<nlohmann::basic_json<> &, nlohmann::json_schema::root_schema *&, std::set<std::basic_string<char>> &>' requested here
[build]  2944 |     const auto _Rx = new _Ref_count_obj2<_Ty>(_STD forward<_Types>(_Args)...);
[build]       |                          ^
[build] C:\Users\pperv\code\unnamed_rpg\vendor\json-schema-validator\src\json-validator.cpp(1330,15): note: in instantiation of function template specialization 'std::make_shared<(anonymous namespace)::numeric<long long>, nlohmann::basic_json<> &, nlohmann::json_schema::root_schema *&, std::set<std::basic_string<char>> &>' requested here
[build]  1330 |                 return std::make_shared<numeric<json::number_integer_t>>(schema, root, kw);
[build]       |                             ^
[build] C:\Users\pperv\code\unnamed_rpg\vendor\json-schema-validator\src\json-validator.cpp(946,15): warning: constructor call from initializer list is incompatible with C++98 [-Wc++98-compat]
[build]   946 |                         maximum_ = {true, attr.value().get<T>()};
[build]       |                                    ^~~~~~~~~~~~~~~~~~~~~~~~~~~~~
[build] C:\Program Files\Microsoft Visual Studio\18\Community\VC\Tools\MSVC\14.51.36231\include\xutility(661,58): note: in instantiation of member function '(anonymous namespace)::numeric<long long>::numeric' requested here
[build]   661 |         ::new (static_cast<void*>(_STD addressof(_Obj))) _Ty(_STD forward<_Types>(_Args)...);
[build]       |                                                          ^
[build] C:\Program Files\Microsoft Visual Studio\18\Community\VC\Tools\MSVC\14.51.36231\include\memory(2131,18): note: in instantiation of function template specialization 'std::_Construct_in_place<(anonymous namespace)::numeric<long long>, nlohmann::basic_json<> &, nlohmann::json_schema::root_schema *&, std::set<std::basic_string<char>> &>' requested here
[build]  2131 |             _STD _Construct_in_place(_Storage._Value, _STD forward<_Types>(_Args)...);
[build]       |                  ^
[build] C:\Program Files\Microsoft Visual Studio\18\Community\VC\Tools\MSVC\14.51.36231\include\memory(2944,26): note: in instantiation of function template specialization 'std::_Ref_count_obj2<(anonymous namespace)::numeric<long long>>::_Ref_count_obj2<nlohmann::basic_json<> &, nlohmann::json_schema::root_schema *&, std::set<std::basic_string<char>> &>' requested here
[build]  2944 |     const auto _Rx = new _Ref_count_obj2<_Ty>(_STD forward<_Types>(_Args)...);
[build]       |                          ^
[build] C:\Users\pperv\code\unnamed_rpg\vendor\json-schema-validator\src\json-validator.cpp(1330,15): note: in instantiation of function template specialization 'std::make_shared<(anonymous namespace)::numeric<long long>, nlohmann::basic_json<> &, nlohmann::json_schema::root_schema *&, std::set<std::basic_string<char>> &>' requested here
[build]  1330 |                 return std::make_shared<numeric<json::number_integer_t>>(schema, root, kw);
[build]       |                             ^
[build] C:\Users\pperv\code\unnamed_rpg\vendor\json-schema-validator\src\json-validator.cpp(952,15): warning: constructor call from initializer list is incompatible with C++98 [-Wc++98-compat]
[build]   952 |                         minimum_ = {true, attr.value().get<T>()};
[build]       |                                    ^~~~~~~~~~~~~~~~~~~~~~~~~~~~~
[build] C:\Program Files\Microsoft Visual Studio\18\Community\VC\Tools\MSVC\14.51.36231\include\xutility(661,58): note: in instantiation of member function '(anonymous namespace)::numeric<long long>::numeric' requested here
[build]   661 |         ::new (static_cast<void*>(_STD addressof(_Obj))) _Ty(_STD forward<_Types>(_Args)...);
[build]       |                                                          ^
[build] C:\Program Files\Microsoft Visual Studio\18\Community\VC\Tools\MSVC\14.51.36231\include\memory(2131,18): note: in instantiation of function template specialization 'std::_Construct_in_place<(anonymous namespace)::numeric<long long>, nlohmann::basic_json<> &, nlohmann::json_schema::root_schema *&, std::set<std::basic_string<char>> &>' requested here
[build]  2131 |             _STD _Construct_in_place(_Storage._Value, _STD forward<_Types>(_Args)...);
[build]       |                  ^
[build] C:\Program Files\Microsoft Visual Studio\18\Community\VC\Tools\MSVC\14.51.36231\include\memory(2944,26): note: in instantiation of function template specialization 'std::_Ref_count_obj2<(anonymous namespace)::numeric<long long>>::_Ref_count_obj2<nlohmann::basic_json<> &, nlohmann::json_schema::root_schema *&, std::set<std::basic_string<char>> &>' requested here
[build]  2944 |     const auto _Rx = new _Ref_count_obj2<_Ty>(_STD forward<_Types>(_Args)...);
[build]       |                          ^
[build] C:\Users\pperv\code\unnamed_rpg\vendor\json-schema-validator\src\json-validator.cpp(1330,15): note: in instantiation of function template specialization 'std::make_shared<(anonymous namespace)::numeric<long long>, nlohmann::basic_json<> &, nlohmann::json_schema::root_schema *&, std::set<std::basic_string<char>> &>' requested here
[build]  1330 |                 return std::make_shared<numeric<json::number_integer_t>>(schema, root, kw);
[build]       |                             ^
[build] C:\Users\pperv\code\unnamed_rpg\vendor\json-schema-validator\src\json-validator.cpp(959,15): warning: constructor call from initializer list is incompatible with C++98 [-Wc++98-compat]
[build]   959 |                         maximum_ = {true, attr.value().get<T>()};
[build]       |                                    ^~~~~~~~~~~~~~~~~~~~~~~~~~~~~
[build] C:\Program Files\Microsoft Visual Studio\18\Community\VC\Tools\MSVC\14.51.36231\include\xutility(661,58): note: in instantiation of member function '(anonymous namespace)::numeric<long long>::numeric' requested here
[build]   661 |         ::new (static_cast<void*>(_STD addressof(_Obj))) _Ty(_STD forward<_Types>(_Args)...);
[build]       |                                                          ^
[build] C:\Program Files\Microsoft Visual Studio\18\Community\VC\Tools\MSVC\14.51.36231\include\memory(2131,18): note: in instantiation of function template specialization 'std::_Construct_in_place<(anonymous namespace)::numeric<long long>, nlohmann::basic_json<> &, nlohmann::json_schema::root_schema *&, std::set<std::basic_string<char>> &>' requested here
[build]  2131 |             _STD _Construct_in_place(_Storage._Value, _STD forward<_Types>(_Args)...);
[build]       |                  ^
[build] C:\Program Files\Microsoft Visual Studio\18\Community\VC\Tools\MSVC\14.51.36231\include\memory(2944,26): note: in instantiation of function template specialization 'std::_Ref_count_obj2<(anonymous namespace)::numeric<long long>>::_Ref_count_obj2<nlohmann::basic_json<> &, nlohmann::json_schema::root_schema *&, std::set<std::basic_string<char>> &>' requested here
[build]  2944 |     const auto _Rx = new _Ref_count_obj2<_Ty>(_STD forward<_Types>(_Args)...);
[build]       |                          ^
[build] C:\Users\pperv\code\unnamed_rpg\vendor\json-schema-validator\src\json-validator.cpp(1330,15): note: in instantiation of function template specialization 'std::make_shared<(anonymous namespace)::numeric<long long>, nlohmann::basic_json<> &, nlohmann::json_schema::root_schema *&, std::set<std::basic_string<char>> &>' requested here
[build]  1330 |                 return std::make_shared<numeric<json::number_integer_t>>(schema, root, kw);
[build]       |                             ^
[build] C:\Users\pperv\code\unnamed_rpg\vendor\json-schema-validator\src\json-validator.cpp(966,15): warning: constructor call from initializer list is incompatible with C++98 [-Wc++98-compat]
[build]   966 |                         minimum_ = {true, attr.value().get<T>()};
[build]       |                                    ^~~~~~~~~~~~~~~~~~~~~~~~~~~~~
[build] C:\Program Files\Microsoft Visual Studio\18\Community\VC\Tools\MSVC\14.51.36231\include\xutility(661,58): note: in instantiation of member function '(anonymous namespace)::numeric<long long>::numeric' requested here
[build]   661 |         ::new (static_cast<void*>(_STD addressof(_Obj))) _Ty(_STD forward<_Types>(_Args)...);
[build]       |                                                          ^
[build] C:\Program Files\Microsoft Visual Studio\18\Community\VC\Tools\MSVC\14.51.36231\include\memory(2131,18): note: in instantiation of function template specialization 'std::_Construct_in_place<(anonymous namespace)::numeric<long long>, nlohmann::basic_json<> &, nlohmann::json_schema::root_schema *&, std::set<std::basic_string<char>> &>' requested here
[build]  2131 |             _STD _Construct_in_place(_Storage._Value, _STD forward<_Types>(_Args)...);
[build]       |                  ^
[build] C:\Program Files\Microsoft Visual Studio\18\Community\VC\Tools\MSVC\14.51.36231\include\memory(2944,26): note: in instantiation of function template specialization 'std::_Ref_count_obj2<(anonymous namespace)::numeric<long long>>::_Ref_count_obj2<nlohmann::basic_json<> &, nlohmann::json_schema::root_schema *&, std::set<std::basic_string<char>> &>' requested here
[build]  2944 |     const auto _Rx = new _Ref_count_obj2<_Ty>(_STD forward<_Types>(_Args)...);
[build]       |                          ^
[build] C:\Users\pperv\code\unnamed_rpg\vendor\json-schema-validator\src\json-validator.cpp(1330,15): note: in instantiation of function template specialization 'std::make_shared<(anonymous namespace)::numeric<long long>, nlohmann::basic_json<> &, nlohmann::json_schema::root_schema *&, std::set<std::basic_string<char>> &>' requested here
[build]  1330 |                 return std::make_shared<numeric<json::number_integer_t>>(schema, root, kw);
[build]       |                             ^
[build] C:\Users\pperv\code\unnamed_rpg\vendor\json-schema-validator\src\json-validator.cpp(972,18): warning: constructor call from initializer list is incompatible with C++98 [-Wc++98-compat]
[build]   972 |                         multipleOf_ = {true, attr.value().get<json::number_float_t>()};
[build]       |                                       ^~~~~~~~~~~~~~~~~~~~~~~~~~~~~~~~~~~~~~~~~~~~~~~~
[build] C:\Program Files\Microsoft Visual Studio\18\Community\VC\Tools\MSVC\14.51.36231\include\xutility(661,58): note: in instantiation of member function '(anonymous namespace)::numeric<long long>::numeric' requested here
[build]   661 |         ::new (static_cast<void*>(_STD addressof(_Obj))) _Ty(_STD forward<_Types>(_Args)...);
[build]       |                                                          ^
[build] C:\Program Files\Microsoft Visual Studio\18\Community\VC\Tools\MSVC\14.51.36231\include\memory(2131,18): note: in instantiation of function template specialization 'std::_Construct_in_place<(anonymous namespace)::numeric<long long>, nlohmann::basic_json<> &, nlohmann::json_schema::root_schema *&, std::set<std::basic_string<char>> &>' requested here
[build]  2131 |             _STD _Construct_in_place(_Storage._Value, _STD forward<_Types>(_Args)...);
[build]       |                  ^
[build] C:\Program Files\Microsoft Visual Studio\18\Community\VC\Tools\MSVC\14.51.36231\include\memory(2944,26): note: in instantiation of function template specialization 'std::_Ref_count_obj2<(anonymous namespace)::numeric<long long>>::_Ref_count_obj2<nlohmann::basic_json<> &, nlohmann::json_schema::root_schema *&, std::set<std::basic_string<char>> &>' requested here
[build]  2944 |     const auto _Rx = new _Ref_count_obj2<_Ty>(_STD forward<_Types>(_Args)...);
[build]       |                          ^
[build] C:\Users\pperv\code\unnamed_rpg\vendor\json-schema-validator\src\json-validator.cpp(1330,15): note: in instantiation of function template specialization 'std::make_shared<(anonymous namespace)::numeric<long long>, nlohmann::basic_json<> &, nlohmann::json_schema::root_schema *&, std::set<std::basic_string<char>> &>' requested here
[build]  1330 |                 return std::make_shared<numeric<json::number_integer_t>>(schema, root, kw);
[build]       |                             ^
[build] In file included from C:\Users\pperv\code\unnamed_rpg\vendor\json-schema-validator\src\json-validator.cpp:9:
[build] In file included from C:\Users\pperv\code\unnamed_rpg\vendor\json-schema-validator\src\nlohmann/json-schema.hpp:24:
[build] In file included from C:\Users\pperv\code\unnamed_rpg\vendor\json\include\nlohmann/json.hpp:44:
[build] In file included from C:\Users\pperv\code\unnamed_rpg\vendor\json\include\nlohmann/adl_serializer.hpp:14:
[build] C:\Users\pperv\code\unnamed_rpg\vendor\json\include\nlohmann/detail/conversions/from_json.hpp(82,14): warning: enumeration type in nested name specifier is incompatible with C++98 [-Wc++98-compat]
[build]    82 |         case value_t::number_unsigned:
[build]       |              ^
[build] C:\Users\pperv\code\unnamed_rpg\vendor\json\include\nlohmann/detail/conversions/from_json.hpp(150,5): note: in instantiation of function template specialization 'nlohmann::detail::get_arithmetic_value<nlohmann::basic_json<>, double, 0>' requested here
[build]   150 |     get_arithmetic_value(j, val);
[build]       |     ^
[build] C:\Users\pperv\code\unnamed_rpg\vendor\json\include\nlohmann/detail/conversions/from_json.hpp(613,16): note: in instantiation of function template specialization 'nlohmann::detail::from_json<nlohmann::basic_json<>>' requested here
[build]   613 |         return from_json(j, std::forward<T>(val));
[build]       |                ^
[build] C:\Users\pperv\code\unnamed_rpg\vendor\json\include\nlohmann/adl_serializer.hpp(31,9): note: in instantiation of function template specialization 'nlohmann::detail::from_json_fn::operator()<nlohmann::basic_json<>, double &>' requested here
[build]    31 |         ::nlohmann::from_json(std::forward<BasicJsonType>(j), val);
[build]       |         ^
[build] C:\Users\pperv\code\unnamed_rpg\vendor\json\include\nlohmann/json.hpp(1676,36): note: in instantiation of function template specialization 'nlohmann::adl_serializer<double>::from_json<const nlohmann::basic_json<> &, double>' requested here
[build]  1676 |         JSONSerializer<ValueType>::from_json(*this, ret);
[build]       |                                    ^
[build] C:\Users\pperv\code\unnamed_rpg\vendor\json\include\nlohmann/json.hpp(1819,16): note: in instantiation of function template specialization 'nlohmann::basic_json<>::get_impl<double, 0>' requested here
[build]  1819 |         return get_impl<ValueType>(detail::priority_tag<4> {});
[build]       |                ^
[build] C:\Program Files\Microsoft Visual Studio\18\Community\VC\Tools\MSVC\14.51.36231\include\xutility(661,58): note: in instantiation of member function '(anonymous namespace)::numeric<long long>::numeric' requested here
[build]   661 |         ::new (static_cast<void*>(_STD addressof(_Obj))) _Ty(_STD forward<_Types>(_Args)...);
[build]       |                                                          ^
[build] C:\Program Files\Microsoft Visual Studio\18\Community\VC\Tools\MSVC\14.51.36231\include\memory(2131,18): note: in instantiation of function template specialization 'std::_Construct_in_place<(anonymous namespace)::numeric<long long>, nlohmann::basic_json<> &, nlohmann::json_schema::root_schema *&, std::set<std::basic_string<char>> &>' requested here
[build]  2131 |             _STD _Construct_in_place(_Storage._Value, _STD forward<_Types>(_Args)...);
[build]       |                  ^
[build] C:\Program Files\Microsoft Visual Studio\18\Community\VC\Tools\MSVC\14.51.36231\include\memory(2944,26): note: in instantiation of function template specialization 'std::_Ref_count_obj2<(anonymous namespace)::numeric<long long>>::_Ref_count_obj2<nlohmann::basic_json<> &, nlohmann::json_schema::root_schema *&, std::set<std::basic_string<char>> &>' requested here
[build]  2944 |     const auto _Rx = new _Ref_count_obj2<_Ty>(_STD forward<_Types>(_Args)...);
[build]       |                          ^
[build] C:\Users\pperv\code\unnamed_rpg\vendor\json-schema-validator\src\json-validator.cpp(1330,15): note: in instantiation of function template specialization 'std::make_shared<(anonymous namespace)::numeric<long long>, nlohmann::basic_json<> &, nlohmann::json_schema::root_schema *&, std::set<std::basic_string<char>> &>' requested here
[build]  1330 |                 return std::make_shared<numeric<json::number_integer_t>>(schema, root, kw);
[build]       |                             ^
[build] In file included from C:\Users\pperv\code\unnamed_rpg\vendor\json-schema-validator\src\json-validator.cpp:9:
[build] In file included from C:\Users\pperv\code\unnamed_rpg\vendor\json-schema-validator\src\nlohmann/json-schema.hpp:24:
[build] In file included from C:\Users\pperv\code\unnamed_rpg\vendor\json\include\nlohmann/json.hpp:44:
[build] In file included from C:\Users\pperv\code\unnamed_rpg\vendor\json\include\nlohmann/adl_serializer.hpp:14:
[build] C:\Users\pperv\code\unnamed_rpg\vendor\json\include\nlohmann/detail/conversions/from_json.hpp(87,14): warning: enumeration type in nested name specifier is incompatible with C++98 [-Wc++98-compat]
[build]    87 |         case value_t::number_integer:
[build]       |              ^
[build] C:\Users\pperv\code\unnamed_rpg\vendor\json\include\nlohmann/detail/conversions/from_json.hpp(92,14): warning: enumeration type in nested name specifier is incompatible with C++98 [-Wc++98-compat]
[build]    92 |         case value_t::number_float:
[build]       |              ^
[build] C:\Users\pperv\code\unnamed_rpg\vendor\json\include\nlohmann/detail/conversions/from_json.hpp(98,14): warning: enumeration type in nested name specifier is incompatible with C++98 [-Wc++98-compat]
[build]    98 |         case value_t::null:
[build]       |              ^
[build] C:\Users\pperv\code\unnamed_rpg\vendor\json\include\nlohmann/detail/conversions/from_json.hpp(99,14): warning: enumeration type in nested name specifier is incompatible with C++98 [-Wc++98-compat]
[build]    99 |         case value_t::object:
[build]       |              ^
[build] C:\Users\pperv\code\unnamed_rpg\vendor\json\include\nlohmann/detail/conversions/from_json.hpp(100,14): warning: enumeration type in nested name specifier is incompatible with C++98 [-Wc++98-compat]
[build]   100 |         case value_t::array:
[build]       |              ^
[build] C:\Users\pperv\code\unnamed_rpg\vendor\json\include\nlohmann/detail/conversions/from_json.hpp(101,14): warning: enumeration type in nested name specifier is incompatible with C++98 [-Wc++98-compat]
[build]   101 |         case value_t::string:
[build]       |              ^
[build] C:\Users\pperv\code\unnamed_rpg\vendor\json\include\nlohmann/detail/conversions/from_json.hpp(102,14): warning: enumeration type in nested name specifier is incompatible with C++98 [-Wc++98-compat]
[build]   102 |         case value_t::boolean:
[build]       |              ^
[build] C:\Users\pperv\code\unnamed_rpg\vendor\json\include\nlohmann/detail/conversions/from_json.hpp(103,14): warning: enumeration type in nested name specifier is incompatible with C++98 [-Wc++98-compat]
[build]   103 |         case value_t::binary:
[build]       |              ^
[build] C:\Users\pperv\code\unnamed_rpg\vendor\json\include\nlohmann/detail/conversions/from_json.hpp(104,14): warning: enumeration type in nested name specifier is incompatible with C++98 [-Wc++98-compat]
[build]   104 |         case value_t::discarded:
[build]       |              ^
[build] C:\Users\pperv\code\unnamed_rpg\vendor\json\include\nlohmann/detail/conversions/from_json.hpp(105,9): warning: default label in switch which covers all enumeration values [-Wcovered-switch-default]
[build]   105 |         default:
[build]       |         ^
[build] In file included from C:\Users\pperv\code\unnamed_rpg\vendor\json-schema-validator\src\json-validator.cpp:9:
[build] In file included from C:\Users\pperv\code\unnamed_rpg\vendor\json-schema-validator\src\nlohmann/json-schema.hpp:24:
[build] C:\Users\pperv\code\unnamed_rpg\vendor\json\include\nlohmann/json.hpp(2770,9): warning: 'auto' type specifier is incompatible with C++98 [-Wc++98-compat]
[build]  2770 |         auto result = cend();
[build]       |         ^~~~
[build] C:\Program Files\Microsoft Visual Studio\18\Community\VC\Tools\MSVC\14.51.36231\include\xutility(661,58): note: in instantiation of member function '(anonymous namespace)::numeric<long long>::numeric' requested here
[build]   661 |         ::new (static_cast<void*>(_STD addressof(_Obj))) _Ty(_STD forward<_Types>(_Args)...);
[build]       |                                                          ^
[build] C:\Program Files\Microsoft Visual Studio\18\Community\VC\Tools\MSVC\14.51.36231\include\memory(2131,18): note: in instantiation of function template specialization 'std::_Construct_in_place<(anonymous namespace)::numeric<long long>, nlohmann::basic_json<> &, nlohmann::json_schema::root_schema *&, std::set<std::basic_string<char>> &>' requested here
[build]  2131 |             _STD _Construct_in_place(_Storage._Value, _STD forward<_Types>(_Args)...);
[build]       |                  ^
[build] C:\Program Files\Microsoft Visual Studio\18\Community\VC\Tools\MSVC\14.51.36231\include\memory(2944,26): note: in instantiation of function template specialization 'std::_Ref_count_obj2<(anonymous namespace)::numeric<long long>>::_Ref_count_obj2<nlohmann::basic_json<> &, nlohmann::json_schema::root_schema *&, std::set<std::basic_string<char>> &>' requested here
[build]  2944 |     const auto _Rx = new _Ref_count_obj2<_Ty>(_STD forward<_Types>(_Args)...);
[build]       |                          ^
[build] C:\Users\pperv\code\unnamed_rpg\vendor\json-schema-validator\src\json-validator.cpp(1330,15): note: in instantiation of function template specialization 'std::make_shared<(anonymous namespace)::numeric<long long>, nlohmann::basic_json<> &, nlohmann::json_schema::root_schema *&, std::set<std::basic_string<char>> &>' requested here
[build]  1330 |                 return std::make_shared<numeric<json::number_integer_t>>(schema, root, kw);
[build]       |                             ^
[build] In file included from C:\Users\pperv\code\unnamed_rpg\vendor\json-schema-validator\src\json-validator.cpp:9:
[build] In file included from C:\Users\pperv\code\unnamed_rpg\vendor\json-schema-validator\src\nlohmann/json-schema.hpp:24:
[build] In file included from C:\Users\pperv\code\unnamed_rpg\vendor\json\include\nlohmann/json.hpp:44:
[build] In file included from C:\Users\pperv\code\unnamed_rpg\vendor\json\include\nlohmann/adl_serializer.hpp:14:
[build] C:\Users\pperv\code\unnamed_rpg\vendor\json\include\nlohmann/detail/conversions/from_json.hpp(82,14): warning: enumeration type in nested name specifier is incompatible with C++98 [-Wc++98-compat]
[build]    82 |         case value_t::number_unsigned:
[build]       |              ^
[build] C:\Users\pperv\code\unnamed_rpg\vendor\json\include\nlohmann/detail/conversions/from_json.hpp(162,5): note: in instantiation of function template specialization 'nlohmann::detail::get_arithmetic_value<nlohmann::basic_json<>, long long, 0>' requested here
[build]   162 |     get_arithmetic_value(j, val);
[build]       |     ^
[build] C:\Users\pperv\code\unnamed_rpg\vendor\json\include\nlohmann/detail/conversions/from_json.hpp(613,16): note: in instantiation of function template specialization 'nlohmann::detail::from_json<nlohmann::basic_json<>>' requested here
[build]   613 |         return from_json(j, std::forward<T>(val));
[build]       |                ^
[build] C:\Users\pperv\code\unnamed_rpg\vendor\json\include\nlohmann/adl_serializer.hpp(31,9): note: in instantiation of function template specialization 'nlohmann::detail::from_json_fn::operator()<nlohmann::basic_json<>, long long &>' requested here
[build]    31 |         ::nlohmann::from_json(std::forward<BasicJsonType>(j), val);
[build]       |         ^
[build] C:\Users\pperv\code\unnamed_rpg\vendor\json\include\nlohmann/json.hpp(1676,36): note: in instantiation of function template specialization 'nlohmann::adl_serializer<long long>::from_json<const nlohmann::basic_json<> &, long long>' requested here
[build]  1676 |         JSONSerializer<ValueType>::from_json(*this, ret);
[build]       |                                    ^
[build] C:\Users\pperv\code\unnamed_rpg\vendor\json\include\nlohmann/json.hpp(1819,16): note: in instantiation of function template specialization 'nlohmann::basic_json<>::get_impl<long long, 0>' requested here
[build]  1819 |         return get_impl<ValueType>(detail::priority_tag<4> {});
[build]       |                ^
[build] C:\Program Files\Microsoft Visual Studio\18\Community\VC\Tools\MSVC\14.51.36231\include\xutility(661,58): note: in instantiation of member function '(anonymous namespace)::numeric<long long>::numeric' requested here
[build]   661 |         ::new (static_cast<void*>(_STD addressof(_Obj))) _Ty(_STD forward<_Types>(_Args)...);
[build]       |                                                          ^
[build] C:\Program Files\Microsoft Visual Studio\18\Community\VC\Tools\MSVC\14.51.36231\include\memory(2131,18): note: in instantiation of function template specialization 'std::_Construct_in_place<(anonymous namespace)::numeric<long long>, nlohmann::basic_json<> &, nlohmann::json_schema::root_schema *&, std::set<std::basic_string<char>> &>' requested here
[build]  2131 |             _STD _Construct_in_place(_Storage._Value, _STD forward<_Types>(_Args)...);
[build]       |                  ^
[build] C:\Program Files\Microsoft Visual Studio\18\Community\VC\Tools\MSVC\14.51.36231\include\memory(2944,26): note: in instantiation of function template specialization 'std::_Ref_count_obj2<(anonymous namespace)::numeric<long long>>::_Ref_count_obj2<nlohmann::basic_json<> &, nlohmann::json_schema::root_schema *&, std::set<std::basic_string<char>> &>' requested here
[build]  2944 |     const auto _Rx = new _Ref_count_obj2<_Ty>(_STD forward<_Types>(_Args)...);
[build]       |                          ^
[build] C:\Users\pperv\code\unnamed_rpg\vendor\json-schema-validator\src\json-validator.cpp(1330,15): note: in instantiation of function template specialization 'std::make_shared<(anonymous namespace)::numeric<long long>, nlohmann::basic_json<> &, nlohmann::json_schema::root_schema *&, std::set<std::basic_string<char>> &>' requested here
[build]  1330 |                 return std::make_shared<numeric<json::number_integer_t>>(schema, root, kw);
[build]       |                             ^
[build] In file included from C:\Users\pperv\code\unnamed_rpg\vendor\json-schema-validator\src\json-validator.cpp:9:
[build] In file included from C:\Users\pperv\code\unnamed_rpg\vendor\json-schema-validator\src\nlohmann/json-schema.hpp:24:
[build] In file included from C:\Users\pperv\code\unnamed_rpg\vendor\json\include\nlohmann/json.hpp:44:
[build] In file included from C:\Users\pperv\code\unnamed_rpg\vendor\json\include\nlohmann/adl_serializer.hpp:14:
[build] C:\Users\pperv\code\unnamed_rpg\vendor\json\include\nlohmann/detail/conversions/from_json.hpp(87,14): warning: enumeration type in nested name specifier is incompatible with C++98 [-Wc++98-compat]
[build]    87 |         case value_t::number_integer:
[build]       |              ^
[build] C:\Users\pperv\code\unnamed_rpg\vendor\json\include\nlohmann/detail/conversions/from_json.hpp(92,14): warning: enumeration type in nested name specifier is incompatible with C++98 [-Wc++98-compat]
[build]    92 |         case value_t::number_float:
[build]       |              ^
[build] C:\Users\pperv\code\unnamed_rpg\vendor\json\include\nlohmann/detail/conversions/from_json.hpp(98,14): warning: enumeration type in nested name specifier is incompatible with C++98 [-Wc++98-compat]
[build]    98 |         case value_t::null:
[build]       |              ^
[build] C:\Users\pperv\code\unnamed_rpg\vendor\json\include\nlohmann/detail/conversions/from_json.hpp(99,14): warning: enumeration type in nested name specifier is incompatible with C++98 [-Wc++98-compat]
[build]    99 |         case value_t::object:
[build]       |              ^
[build] C:\Users\pperv\code\unnamed_rpg\vendor\json\include\nlohmann/detail/conversions/from_json.hpp(100,14): warning: enumeration type in nested name specifier is incompatible with C++98 [-Wc++98-compat]
[build]   100 |         case value_t::array:
[build]       |              ^
[build] C:\Users\pperv\code\unnamed_rpg\vendor\json\include\nlohmann/detail/conversions/from_json.hpp(101,14): warning: enumeration type in nested name specifier is incompatible with C++98 [-Wc++98-compat]
[build]   101 |         case value_t::string:
[build]       |              ^
[build] C:\Users\pperv\code\unnamed_rpg\vendor\json\include\nlohmann/detail/conversions/from_json.hpp(102,14): warning: enumeration type in nested name specifier is incompatible with C++98 [-Wc++98-compat]
[build]   102 |         case value_t::boolean:
[build]       |              ^
[build] C:\Users\pperv\code\unnamed_rpg\vendor\json\include\nlohmann/detail/conversions/from_json.hpp(103,14): warning: enumeration type in nested name specifier is incompatible with C++98 [-Wc++98-compat]
[build]   103 |         case value_t::binary:
[build]       |              ^
[build] C:\Users\pperv\code\unnamed_rpg\vendor\json\include\nlohmann/detail/conversions/from_json.hpp(104,14): warning: enumeration type in nested name specifier is incompatible with C++98 [-Wc++98-compat]
[build]   104 |         case value_t::discarded:
[build]       |              ^
[build] C:\Users\pperv\code\unnamed_rpg\vendor\json\include\nlohmann/detail/conversions/from_json.hpp(105,9): warning: default label in switch which covers all enumeration values [-Wcovered-switch-default]
[build]   105 |         default:
[build]       |         ^
[build] C:\Users\pperv\code\unnamed_rpg\vendor\json-schema-validator\src\json-validator.cpp(933,3): warning: 'auto' type specifier is incompatible with C++98 [-Wc++98-compat]
[build]   933 |                 auto size = oss.tellp();
[build]       |                 ^~~~
[build] C:\Program Files\Microsoft Visual Studio\18\Community\VC\Tools\MSVC\14.51.36231\include\xutility(661,58): note: in instantiation of member function '(anonymous namespace)::numeric<long long>::numeric' requested here
[build]   661 |         ::new (static_cast<void*>(_STD addressof(_Obj))) _Ty(_STD forward<_Types>(_Args)...);
[build]       |                                                          ^
[build] C:\Program Files\Microsoft Visual Studio\18\Community\VC\Tools\MSVC\14.51.36231\include\memory(2131,18): note: in instantiation of function template specialization 'std::_Construct_in_place<(anonymous namespace)::numeric<long long>, nlohmann::basic_json<> &, nlohmann::json_schema::root_schema *&, std::set<std::basic_string<char>> &>' requested here
[build]  2131 |             _STD _Construct_in_place(_Storage._Value, _STD forward<_Types>(_Args)...);
[build]       |                  ^
[build] C:\Program Files\Microsoft Visual Studio\18\Community\VC\Tools\MSVC\14.51.36231\include\memory(2944,26): note: in instantiation of function template specialization 'std::_Ref_count_obj2<(anonymous namespace)::numeric<long long>>::_Ref_count_obj2<nlohmann::basic_json<> &, nlohmann::json_schema::root_schema *&, std::set<std::basic_string<char>> &>' requested here
[build]  2944 |     const auto _Rx = new _Ref_count_obj2<_Ty>(_STD forward<_Types>(_Args)...);
[build]       |                          ^
[build] C:\Users\pperv\code\unnamed_rpg\vendor\json-schema-validator\src\json-validator.cpp(1330,15): note: in instantiation of function template specialization 'std::make_shared<(anonymous namespace)::numeric<long long>, nlohmann::basic_json<> &, nlohmann::json_schema::root_schema *&, std::set<std::basic_string<char>> &>' requested here
[build]  1330 |                 return std::make_shared<numeric<json::number_integer_t>>(schema, root, kw);
[build]       |                             ^
[build] C:\Users\pperv\code\unnamed_rpg\vendor\json-schema-validator\src\json-validator.cpp(899,31): warning: implicit conversion from 'long long' to 'double' may lose precision [-Wimplicit-int-float-conversion]
[build]   899 |                 double multiple = std::fabs(x / multipleOf_.second);
[build]       |                                             ^ ~
[build] C:\Users\pperv\code\unnamed_rpg\vendor\json-schema-validator\src\json-validator.cpp(915,8): note: in instantiation of member function '(anonymous namespace)::numeric<long long>::violates_multiple_of' requested here
[build]   915 |                         if (violates_multiple_of(value))
[build]       |                             ^
[build] C:\Users\pperv\code\unnamed_rpg\vendor\json-schema-validator\src\json-validator.cpp(941,2): note: in instantiation of member function '(anonymous namespace)::numeric<long long>::validate' requested here
[build]   941 |         numeric(const json &sch, root_schema *root, std::set<std::string> &kw)
[build]       |         ^
[build] C:\Program Files\Microsoft Visual Studio\18\Community\VC\Tools\MSVC\14.51.36231\include\xutility(661,58): note: in instantiation of member function '(anonymous namespace)::numeric<long long>::numeric' requested here
[build]   661 |         ::new (static_cast<void*>(_STD addressof(_Obj))) _Ty(_STD forward<_Types>(_Args)...);
[build]       |                                                          ^
[build] C:\Program Files\Microsoft Visual Studio\18\Community\VC\Tools\MSVC\14.51.36231\include\memory(2131,18): note: in instantiation of function template specialization 'std::_Construct_in_place<(anonymous namespace)::numeric<long long>, nlohmann::basic_json<> &, nlohmann::json_schema::root_schema *&, std::set<std::basic_string<char>> &>' requested here
[build]  2131 |             _STD _Construct_in_place(_Storage._Value, _STD forward<_Types>(_Args)...);
[build]       |                  ^
[build] C:\Program Files\Microsoft Visual Studio\18\Community\VC\Tools\MSVC\14.51.36231\include\memory(2944,26): note: in instantiation of function template specialization 'std::_Ref_count_obj2<(anonymous namespace)::numeric<long long>>::_Ref_count_obj2<nlohmann::basic_json<> &, nlohmann::json_schema::root_schema *&, std::set<std::basic_string<char>> &>' requested here
[build]  2944 |     const auto _Rx = new _Ref_count_obj2<_Ty>(_STD forward<_Types>(_Args)...);
[build]       |                          ^
[build] C:\Users\pperv\code\unnamed_rpg\vendor\json-schema-validator\src\json-validator.cpp(1330,15): note: in instantiation of function template specialization 'std::make_shared<(anonymous namespace)::numeric<long long>, nlohmann::basic_json<> &, nlohmann::json_schema::root_schema *&, std::set<std::basic_string<char>> &>' requested here
[build]  1330 |                 return std::make_shared<numeric<json::number_integer_t>>(schema, root, kw);
[build]       |                             ^
[build] In file included from C:\Users\pperv\code\unnamed_rpg\vendor\json-schema-validator\src\json-validator.cpp:9:
[build] In file included from C:\Users\pperv\code\unnamed_rpg\vendor\json-schema-validator\src\nlohmann/json-schema.hpp:24:
[build] C:\Users\pperv\code\unnamed_rpg\vendor\json\include\nlohmann/json.hpp(4052,15): warning: 'auto' type specifier is incompatible with C++98 [-Wc++98-compat]
[build]  4052 |         const auto indentation = pretty_print ? o.width() : 0;
[build]       |               ^~~~
[build] C:\Users\pperv\code\unnamed_rpg\vendor\json-schema-validator\src\json-validator.cpp(941,2): note: in instantiation of member function '(anonymous namespace)::numeric<long long>::validate' requested here
[build]   941 |         numeric(const json &sch, root_schema *root, std::set<std::string> &kw)
[build]       |         ^
[build] C:\Program Files\Microsoft Visual Studio\18\Community\VC\Tools\MSVC\14.51.36231\include\xutility(661,58): note: in instantiation of member function '(anonymous namespace)::numeric<long long>::numeric' requested here
[build]   661 |         ::new (static_cast<void*>(_STD addressof(_Obj))) _Ty(_STD forward<_Types>(_Args)...);
[build]       |                                                          ^
[build] C:\Program Files\Microsoft Visual Studio\18\Community\VC\Tools\MSVC\14.51.36231\include\memory(2131,18): note: in instantiation of function template specialization 'std::_Construct_in_place<(anonymous namespace)::numeric<long long>, nlohmann::basic_json<> &, nlohmann::json_schema::root_schema *&, std::set<std::basic_string<char>> &>' requested here
[build]  2131 |             _STD _Construct_in_place(_Storage._Value, _STD forward<_Types>(_Args)...);
[build]       |                  ^
[build] C:\Program Files\Microsoft Visual Studio\18\Community\VC\Tools\MSVC\14.51.36231\include\memory(2944,26): note: in instantiation of function template specialization 'std::_Ref_count_obj2<(anonymous namespace)::numeric<long long>>::_Ref_count_obj2<nlohmann::basic_json<> &, nlohmann::json_schema::root_schema *&, std::set<std::basic_string<char>> &>' requested here
[build]  2944 |     const auto _Rx = new _Ref_count_obj2<_Ty>(_STD forward<_Types>(_Args)...);
[build]       |                          ^
[build] C:\Users\pperv\code\unnamed_rpg\vendor\json-schema-validator\src\json-validator.cpp(1330,15): note: in instantiation of function template specialization 'std::make_shared<(anonymous namespace)::numeric<long long>, nlohmann::basic_json<> &, nlohmann::json_schema::root_schema *&, std::set<std::basic_string<char>> &>' requested here
[build]  1330 |                 return std::make_shared<numeric<json::number_integer_t>>(schema, root, kw);
[build]       |                             ^
[build] In file included from C:\Users\pperv\code\unnamed_rpg\vendor\json-schema-validator\src\json-validator.cpp:9:
[build] In file included from C:\Users\pperv\code\unnamed_rpg\vendor\json-schema-validator\src\nlohmann/json-schema.hpp:24:
[build] In file included from C:\Users\pperv\code\unnamed_rpg\vendor\json\include\nlohmann/json.hpp:70:
[build] C:\Users\pperv\code\unnamed_rpg\vendor\json\include\nlohmann/detail/output/serializer.hpp(68,49): warning: enumeration type in nested name specifier is incompatible with C++98 [-Wc++98-compat]
[build]    68 |                error_handler_t error_handler_ = error_handler_t::strict)
[build]       |                                                 ^
[build] C:\Users\pperv\code\unnamed_rpg\vendor\json\include\nlohmann/json.hpp(4058,20): note: in instantiation of default function argument expression for 'serializer<nlohmann::basic_json<>>' required here
[build]  4058 |         serializer s(detail::output_adapter<char>(o), o.fill());
[build]       |                    ^
[build] C:\Users\pperv\code\unnamed_rpg\vendor\json-schema-validator\src\json-validator.cpp(916,45): note: in instantiation of member function 'nlohmann::json_abi_v3_12_0::operator<<' requested here
[build]   916 |                                 oss << "instance is not a multiple of " << json(multipleOf_.second);
[build]       |                                                                         ^
[build] C:\Users\pperv\code\unnamed_rpg\vendor\json-schema-validator\src\json-validator.cpp(941,2): note: in instantiation of member function '(anonymous namespace)::numeric<long long>::validate' requested here
[build]   941 |         numeric(const json &sch, root_schema *root, std::set<std::string> &kw)
[build]       |         ^
[build] C:\Program Files\Microsoft Visual Studio\18\Community\VC\Tools\MSVC\14.51.36231\include\xutility(661,58): note: in instantiation of member function '(anonymous namespace)::numeric<long long>::numeric' requested here
[build]   661 |         ::new (static_cast<void*>(_STD addressof(_Obj))) _Ty(_STD forward<_Types>(_Args)...);
[build]       |                                                          ^
[build] C:\Program Files\Microsoft Visual Studio\18\Community\VC\Tools\MSVC\14.51.36231\include\memory(2131,18): note: in instantiation of function template specialization 'std::_Construct_in_place<(anonymous namespace)::numeric<long long>, nlohmann::basic_json<> &, nlohmann::json_schema::root_schema *&, std::set<std::basic_string<char>> &>' requested here
[build]  2131 |             _STD _Construct_in_place(_Storage._Value, _STD forward<_Types>(_Args)...);
[build]       |                  ^
[build] C:\Program Files\Microsoft Visual Studio\18\Community\VC\Tools\MSVC\14.51.36231\include\memory(2944,26): note: in instantiation of function template specialization 'std::_Ref_count_obj2<(anonymous namespace)::numeric<long long>>::_Ref_count_obj2<nlohmann::basic_json<> &, nlohmann::json_schema::root_schema *&, std::set<std::basic_string<char>> &>' requested here
[build]  2944 |     const auto _Rx = new _Ref_count_obj2<_Ty>(_STD forward<_Types>(_Args)...);
[build]       |                          ^
[build] C:\Users\pperv\code\unnamed_rpg\vendor\json-schema-validator\src\json-validator.cpp(1330,15): note: in instantiation of function template specialization 'std::make_shared<(anonymous namespace)::numeric<long long>, nlohmann::basic_json<> &, nlohmann::json_schema::root_schema *&, std::set<std::basic_string<char>> &>' requested here
[build]  1330 |                 return std::make_shared<numeric<json::number_integer_t>>(schema, root, kw);
[build]       |                             ^
[build] In file included from C:\Users\pperv\code\unnamed_rpg\vendor\json-schema-validator\src\json-validator.cpp:9:
[build] In file included from C:\Users\pperv\code\unnamed_rpg\vendor\json-schema-validator\src\nlohmann/json-schema.hpp:24:
[build] In file included from C:\Users\pperv\code\unnamed_rpg\vendor\json\include\nlohmann/json.hpp:70:
[build] C:\Users\pperv\code\unnamed_rpg\vendor\json\include\nlohmann/detail/output/serializer.hpp(1014,14): warning: padding class 'nlohmann::detail::serializer<nlohmann::basic_json<>>' with 5 bytes to align 'indent_string' [-Wpadded]
[build]  1014 |     string_t indent_string;
[build]       |              ^
[build] C:\Users\pperv\code\unnamed_rpg\vendor\json\include\nlohmann/detail/output/serializer.hpp(51,7): warning: padding size of 'nlohmann::detail::serializer<nlohmann::basic_json<>>' with 4 bytes to alignment boundary [-Wpadded]
[build]    51 | class serializer
[build]       |       ^
[build] In file included from C:\Users\pperv\code\unnamed_rpg\vendor\json-schema-validator\src\json-validator.cpp:9:
[build] In file included from C:\Users\pperv\code\unnamed_rpg\vendor\json-schema-validator\src\nlohmann/json-schema.hpp:24:
[build] In file included from C:\Users\pperv\code\unnamed_rpg\vendor\json\include\nlohmann/json.hpp:68:
[build] In file included from C:\Users\pperv\code\unnamed_rpg\vendor\json\include\nlohmann/detail/output/binary_writer.hpp:24:
[build] C:\Users\pperv\code\unnamed_rpg\vendor\json\include\nlohmann/detail/output/output_adapters.hpp(131,61): warning: consecutive right angle brackets are incompatible with C++98 (use '> >') [-Wc++98-compat]
[build]   131 |         : oa(std::make_shared<output_stream_adapter<CharType>>(s)) {}
[build]       |                                                             ^~
[build]       |                                                             > >
[build] C:\Users\pperv\code\unnamed_rpg\vendor\json\include\nlohmann/detail/output/output_adapters.hpp(30,36): warning: padding size of 'nlohmann::detail::output_adapter_protocol<char>' with 8 bytes to alignment boundary [-Wpadded]
[build]    30 | template<typename CharType> struct output_adapter_protocol
[build]       |                                    ^
[build] In file included from C:\Users\pperv\code\unnamed_rpg\vendor\json-schema-validator\src\json-validator.cpp:9:
[build] In file included from C:\Users\pperv\code\unnamed_rpg\vendor\json-schema-validator\src\nlohmann/json-schema.hpp:24:
[build] In file included from C:\Users\pperv\code\unnamed_rpg\vendor\json\include\nlohmann/json.hpp:70:
[build] C:\Users\pperv\code\unnamed_rpg\vendor\json\include\nlohmann/detail/output/serializer.hpp(71,47): warning: 'nullptr' is incompatible with C++98 [-Wc++98-compat]
[build]    71 |         , thousands_sep(loc->thousands_sep == nullptr ? '\0' : std::char_traits<char>::to_char_type(* (loc->thousands_sep)))
[build]       |                                               ^
[build] C:\Users\pperv\code\unnamed_rpg\vendor\json\include\nlohmann/detail/output/serializer.hpp(72,47): warning: 'nullptr' is incompatible with C++98 [-Wc++98-compat]
[build]    72 |         , decimal_point(loc->decimal_point == nullptr ? '\0' : std::char_traits<char>::to_char_type(* (loc->decimal_point)))
[build]       |                                               ^
[build] C:\Users\pperv\code\unnamed_rpg\vendor\json\include\nlohmann/detail/output/serializer.hpp(115,18): warning: enumeration type in nested name specifier is incompatible with C++98 [-Wc++98-compat]
[build]   115 |             case value_t::object:
[build]       |                  ^
[build] C:\Users\pperv\code\unnamed_rpg\vendor\json-schema-validator\src\json-validator.cpp(916,45): note: in instantiation of member function 'nlohmann::json_abi_v3_12_0::operator<<' requested here
[build]   916 |                                 oss << "instance is not a multiple of " << json(multipleOf_.second);
[build]       |                                                                         ^
[build] C:\Users\pperv\code\unnamed_rpg\vendor\json-schema-validator\src\json-validator.cpp(941,2): note: in instantiation of member function '(anonymous namespace)::numeric<long long>::validate' requested here
[build]   941 |         numeric(const json &sch, root_schema *root, std::set<std::string> &kw)
[build]       |         ^
[build] C:\Program Files\Microsoft Visual Studio\18\Community\VC\Tools\MSVC\14.51.36231\include\xutility(661,58): note: in instantiation of member function '(anonymous namespace)::numeric<long long>::numeric' requested here
[build]   661 |         ::new (static_cast<void*>(_STD addressof(_Obj))) _Ty(_STD forward<_Types>(_Args)...);
[build]       |                                                          ^
[build] C:\Program Files\Microsoft Visual Studio\18\Community\VC\Tools\MSVC\14.51.36231\include\memory(2131,18): note: in instantiation of function template specialization 'std::_Construct_in_place<(anonymous namespace)::numeric<long long>, nlohmann::basic_json<> &, nlohmann::json_schema::root_schema *&, std::set<std::basic_string<char>> &>' requested here
[build]  2131 |             _STD _Construct_in_place(_Storage._Value, _STD forward<_Types>(_Args)...);
[build]       |                  ^
[build] C:\Program Files\Microsoft Visual Studio\18\Community\VC\Tools\MSVC\14.51.36231\include\memory(2944,26): note: in instantiation of function template specialization 'std::_Ref_count_obj2<(anonymous namespace)::numeric<long long>>::_Ref_count_obj2<nlohmann::basic_json<> &, nlohmann::json_schema::root_schema *&, std::set<std::basic_string<char>> &>' requested here
[build]  2944 |     const auto _Rx = new _Ref_count_obj2<_Ty>(_STD forward<_Types>(_Args)...);
[build]       |                          ^
[build] C:\Users\pperv\code\unnamed_rpg\vendor\json-schema-validator\src\json-validator.cpp(1330,15): note: in instantiation of function template specialization 'std::make_shared<(anonymous namespace)::numeric<long long>, nlohmann::basic_json<> &, nlohmann::json_schema::root_schema *&, std::set<std::basic_string<char>> &>' requested here
[build]  1330 |                 return std::make_shared<numeric<json::number_integer_t>>(schema, root, kw);
[build]       |                             ^
[build] In file included from C:\Users\pperv\code\unnamed_rpg\vendor\json-schema-validator\src\json-validator.cpp:9:
[build] In file included from C:\Users\pperv\code\unnamed_rpg\vendor\json-schema-validator\src\nlohmann/json-schema.hpp:24:
[build] In file included from C:\Users\pperv\code\unnamed_rpg\vendor\json\include\nlohmann/json.hpp:70:
[build] C:\Users\pperv\code\unnamed_rpg\vendor\json\include\nlohmann/detail/output/serializer.hpp(128,27): warning: 'auto' type specifier is incompatible with C++98 [-Wc++98-compat]
[build]   128 |                     const auto new_indent = current_indent + indent_step;
[build]       |                           ^~~~
[build] C:\Users\pperv\code\unnamed_rpg\vendor\json\include\nlohmann/detail/output/serializer.hpp(135,21): warning: 'auto' type specifier is incompatible with C++98 [-Wc++98-compat]
[build]   135 |                     auto i = val.m_data.m_value.object->cbegin();
[build]       |                     ^~~~
[build] C:\Users\pperv\code\unnamed_rpg\vendor\json\include\nlohmann/detail/output/serializer.hpp(164,21): warning: 'auto' type specifier is incompatible with C++98 [-Wc++98-compat]
[build]   164 |                     auto i = val.m_data.m_value.object->cbegin();
[build]       |                     ^~~~
[build] C:\Users\pperv\code\unnamed_rpg\vendor\json\include\nlohmann/detail/output/serializer.hpp(188,18): warning: enumeration type in nested name specifier is incompatible with C++98 [-Wc++98-compat]
[build]   188 |             case value_t::array:
[build]       |                  ^
[build] C:\Users\pperv\code\unnamed_rpg\vendor\json\include\nlohmann/detail/output/serializer.hpp(201,27): warning: 'auto' type specifier is incompatible with C++98 [-Wc++98-compat]
[build]   201 |                     const auto new_indent = current_indent + indent_step;
[build]       |                           ^~~~
[build] C:\Users\pperv\code\unnamed_rpg\vendor\json\include\nlohmann/detail/output/serializer.hpp(208,26): warning: 'auto' type specifier is incompatible with C++98 [-Wc++98-compat]
[build]   208 |                     for (auto i = val.m_data.m_value.array->cbegin();
[build]       |                          ^~~~
[build] C:\Users\pperv\code\unnamed_rpg\vendor\json\include\nlohmann/detail/output/serializer.hpp(230,26): warning: 'auto' type specifier is incompatible with C++98 [-Wc++98-compat]
[build]   230 |                     for (auto i = val.m_data.m_value.array->cbegin();
[build]       |                          ^~~~
[build] C:\Users\pperv\code\unnamed_rpg\vendor\json\include\nlohmann/detail/output/serializer.hpp(247,18): warning: enumeration type in nested name specifier is incompatible with C++98 [-Wc++98-compat]
[build]   247 |             case value_t::string:
[build]       |                  ^
[build] C:\Users\pperv\code\unnamed_rpg\vendor\json\include\nlohmann/detail/output/serializer.hpp(255,18): warning: enumeration type in nested name specifier is incompatible with C++98 [-Wc++98-compat]
[build]   255 |             case value_t::binary:
[build]       |                  ^
[build] C:\Users\pperv\code\unnamed_rpg\vendor\json\include\nlohmann/detail/output/serializer.hpp(262,27): warning: 'auto' type specifier is incompatible with C++98 [-Wc++98-compat]
[build]   262 |                     const auto new_indent = current_indent + indent_step;
[build]       |                           ^~~~
[build] C:\Users\pperv\code\unnamed_rpg\vendor\json\include\nlohmann/detail/output/serializer.hpp(274,30): warning: 'auto' type specifier is incompatible with C++98 [-Wc++98-compat]
[build]   274 |                         for (auto i = val.m_data.m_value.binary->cbegin();
[build]       |                              ^~~~
[build] C:\Users\pperv\code\unnamed_rpg\vendor\json\include\nlohmann/detail/output/serializer.hpp(305,30): warning: 'auto' type specifier is incompatible with C++98 [-Wc++98-compat]
[build]   305 |                         for (auto i = val.m_data.m_value.binary->cbegin();
[build]       |                              ^~~~
[build] C:\Users\pperv\code\unnamed_rpg\vendor\json\include\nlohmann/detail/output/serializer.hpp(328,18): warning: enumeration type in nested name specifier is incompatible with C++98 [-Wc++98-compat]
[build]   328 |             case value_t::boolean:
[build]       |                  ^
[build] C:\Users\pperv\code\unnamed_rpg\vendor\json\include\nlohmann/detail/output/serializer.hpp(341,18): warning: enumeration type in nested name specifier is incompatible with C++98 [-Wc++98-compat]
[build]   341 |             case value_t::number_integer:
[build]       |                  ^
[build] C:\Users\pperv\code\unnamed_rpg\vendor\json\include\nlohmann/detail/output/serializer.hpp(347,18): warning: enumeration type in nested name specifier is incompatible with C++98 [-Wc++98-compat]
[build]   347 |             case value_t::number_unsigned:
[build]       |                  ^
[build] C:\Users\pperv\code\unnamed_rpg\vendor\json\include\nlohmann/detail/output/serializer.hpp(353,18): warning: enumeration type in nested name specifier is incompatible with C++98 [-Wc++98-compat]
[build]   353 |             case value_t::number_float:
[build]       |                  ^
[build] C:\Users\pperv\code\unnamed_rpg\vendor\json\include\nlohmann/detail/output/serializer.hpp(359,18): warning: enumeration type in nested name specifier is incompatible with C++98 [-Wc++98-compat]
[build]   359 |             case value_t::discarded:
[build]       |                  ^
[build] C:\Users\pperv\code\unnamed_rpg\vendor\json\include\nlohmann/detail/output/serializer.hpp(365,18): warning: enumeration type in nested name specifier is incompatible with C++98 [-Wc++98-compat]
[build]   365 |             case value_t::null:
[build]       |                  ^
[build] C:\Users\pperv\code\unnamed_rpg\vendor\json\include\nlohmann/detail/output/serializer.hpp(115,18): warning: enumeration type in nested name specifier is incompatible with C++98 [-Wc++98-compat]
[build]   115 |             case value_t::object:
[build]       |                  ^
[build] C:\Users\pperv\code\unnamed_rpg\vendor\json\include\nlohmann/json.hpp(4059,11): note: in instantiation of member function 'nlohmann::detail::serializer<nlohmann::basic_json<>>::dump' requested here
[build]  4059 |         s.dump(j, pretty_print, false, static_cast<unsigned int>(indentation));
[build]       |           ^
[build] C:\Users\pperv\code\unnamed_rpg\vendor\json-schema-validator\src\json-validator.cpp(916,45): note: in instantiation of member function 'nlohmann::json_abi_v3_12_0::operator<<' requested here
[build]   916 |                                 oss << "instance is not a multiple of " << json(multipleOf_.second);
[build]       |                                                                         ^
[build] C:\Users\pperv\code\unnamed_rpg\vendor\json-schema-validator\src\json-validator.cpp(941,2): note: in instantiation of member function '(anonymous namespace)::numeric<long long>::validate' requested here
[build]   941 |         numeric(const json &sch, root_schema *root, std::set<std::string> &kw)
[build]       |         ^
[build] C:\Program Files\Microsoft Visual Studio\18\Community\VC\Tools\MSVC\14.51.36231\include\xutility(661,58): note: in instantiation of member function '(anonymous namespace)::numeric<long long>::numeric' requested here
[build]   661 |         ::new (static_cast<void*>(_STD addressof(_Obj))) _Ty(_STD forward<_Types>(_Args)...);
[build]       |                                                          ^
[build] C:\Program Files\Microsoft Visual Studio\18\Community\VC\Tools\MSVC\14.51.36231\include\memory(2131,18): note: in instantiation of function template specialization 'std::_Construct_in_place<(anonymous namespace)::numeric<long long>, nlohmann::basic_json<> &, nlohmann::json_schema::root_schema *&, std::set<std::basic_string<char>> &>' requested here
[build]  2131 |             _STD _Construct_in_place(_Storage._Value, _STD forward<_Types>(_Args)...);
[build]       |                  ^
[build] C:\Program Files\Microsoft Visual Studio\18\Community\VC\Tools\MSVC\14.51.36231\include\memory(2944,26): note: in instantiation of function template specialization 'std::_Ref_count_obj2<(anonymous namespace)::numeric<long long>>::_Ref_count_obj2<nlohmann::basic_json<> &, nlohmann::json_schema::root_schema *&, std::set<std::basic_string<char>> &>' requested here
[build]  2944 |     const auto _Rx = new _Ref_count_obj2<_Ty>(_STD forward<_Types>(_Args)...);
[build]       |                          ^
[build] C:\Users\pperv\code\unnamed_rpg\vendor\json-schema-validator\src\json-validator.cpp(1330,15): note: in instantiation of function template specialization 'std::make_shared<(anonymous namespace)::numeric<long long>, nlohmann::basic_json<> &, nlohmann::json_schema::root_schema *&, std::set<std::basic_string<char>> &>' requested here
[build]  1330 |                 return std::make_shared<numeric<json::number_integer_t>>(schema, root, kw);
[build]       |                             ^
[build] In file included from C:\Users\pperv\code\unnamed_rpg\vendor\json-schema-validator\src\json-validator.cpp:9:
[build] In file included from C:\Users\pperv\code\unnamed_rpg\vendor\json-schema-validator\src\nlohmann/json-schema.hpp:24:
[build] In file included from C:\Users\pperv\code\unnamed_rpg\vendor\json\include\nlohmann/json.hpp:70:
[build] C:\Users\pperv\code\unnamed_rpg\vendor\json\include\nlohmann/detail/output/serializer.hpp(188,18): warning: enumeration type in nested name specifier is incompatible with C++98 [-Wc++98-compat]
[build]   188 |             case value_t::array:
[build]       |                  ^
[build] C:\Users\pperv\code\unnamed_rpg\vendor\json\include\nlohmann/detail/output/serializer.hpp(247,18): warning: enumeration type in nested name specifier is incompatible with C++98 [-Wc++98-compat]
[build]   247 |             case value_t::string:
[build]       |                  ^
[build] C:\Users\pperv\code\unnamed_rpg\vendor\json\include\nlohmann/detail/output/serializer.hpp(255,18): warning: enumeration type in nested name specifier is incompatible with C++98 [-Wc++98-compat]
[build]   255 |             case value_t::binary:
[build]       |                  ^
[build] C:\Users\pperv\code\unnamed_rpg\vendor\json\include\nlohmann/detail/output/serializer.hpp(328,18): warning: enumeration type in nested name specifier is incompatible with C++98 [-Wc++98-compat]
[build]   328 |             case value_t::boolean:
[build]       |                  ^
[build] C:\Users\pperv\code\unnamed_rpg\vendor\json\include\nlohmann/detail/output/serializer.hpp(341,18): warning: enumeration type in nested name specifier is incompatible with C++98 [-Wc++98-compat]
[build]   341 |             case value_t::number_integer:
[build]       |                  ^
[build] C:\Users\pperv\code\unnamed_rpg\vendor\json\include\nlohmann/detail/output/serializer.hpp(347,18): warning: enumeration type in nested name specifier is incompatible with C++98 [-Wc++98-compat]
[build]   347 |             case value_t::number_unsigned:
[build]       |                  ^
[build] C:\Users\pperv\code\unnamed_rpg\vendor\json\include\nlohmann/detail/output/serializer.hpp(353,18): warning: enumeration type in nested name specifier is incompatible with C++98 [-Wc++98-compat]
[build]   353 |             case value_t::number_float:
[build]       |                  ^
[build] C:\Users\pperv\code\unnamed_rpg\vendor\json\include\nlohmann/detail/output/serializer.hpp(359,18): warning: enumeration type in nested name specifier is incompatible with C++98 [-Wc++98-compat]
[build]   359 |             case value_t::discarded:
[build]       |                  ^
[build] C:\Users\pperv\code\unnamed_rpg\vendor\json\include\nlohmann/detail/output/serializer.hpp(365,18): warning: enumeration type in nested name specifier is incompatible with C++98 [-Wc++98-compat]
[build]   365 |             case value_t::null:
[build]       |                  ^
[build] C:\Users\pperv\code\unnamed_rpg\vendor\json\include\nlohmann/detail/output/serializer.hpp(371,13): warning: default label in switch which covers all enumeration values [-Wcovered-switch-default]
[build]   371 |             default:            // LCOV_EXCL_LINE
[build]       |             ^
[build] C:\Users\pperv\code\unnamed_rpg\vendor\json\include\nlohmann/detail/output/serializer.hpp(393,32): warning: generalized initializer lists are incompatible with C++98 [-Wc++98-compat]
[build]   393 |         std::uint32_t codepoint{};
[build]       |                                ^
[build] C:\Users\pperv\code\unnamed_rpg\vendor\json\include\nlohmann/detail/output/serializer.hpp(393,32): warning: scalar initialized from empty initializer list is incompatible with C++98 [-Wc++98-compat]
[build]   393 |         std::uint32_t codepoint{};
[build]       |                                ^~
[build] C:\Users\pperv\code\unnamed_rpg\vendor\json\include\nlohmann/detail/output/serializer.hpp(403,19): warning: 'auto' type specifier is incompatible with C++98 [-Wc++98-compat]
[build]   403 |             const auto byte = static_cast<std::uint8_t>(s[i]);
[build]       |                   ^~~~
[build] C:\Users\pperv\code\unnamed_rpg\vendor\json\include\nlohmann/detail/output/serializer.hpp(505,30): warning: enumeration type in nested name specifier is incompatible with C++98 [-Wc++98-compat]
[build]   505 |                         case error_handler_t::strict:
[build]       |                              ^
[build] C:\Users\pperv\code\unnamed_rpg\vendor\json\include\nlohmann/detail/output/serializer.hpp(507,152): warning: 'nullptr' is incompatible with C++98 [-Wc++98-compat]
[build]   507 |                             JSON_THROW(type_error::create(316, concat("invalid UTF-8 byte at index ", std::to_string(i), ": 0x", hex_bytes(byte | 0)), nullptr));
[build]       |                                                                                                                                                        ^
[build] C:\Users\pperv\code\unnamed_rpg\vendor\json\include\nlohmann/detail/output/serializer.hpp(510,30): warning: enumeration type in nested name specifier is incompatible with C++98 [-Wc++98-compat]
[build]   510 |                         case error_handler_t::ignore:
[build]       |                              ^
[build] C:\Users\pperv\code\unnamed_rpg\vendor\json\include\nlohmann/detail/output/serializer.hpp(511,30): warning: enumeration type in nested name specifier is incompatible with C++98 [-Wc++98-compat]
[build]   511 |                         case error_handler_t::replace:
[build]       |                              ^
[build] C:\Users\pperv\code\unnamed_rpg\vendor\json\include\nlohmann/detail/output/serializer.hpp(526,50): warning: enumeration type in nested name specifier is incompatible with C++98 [-Wc++98-compat]
[build]   526 |                             if (error_handler == error_handler_t::replace)
[build]       |                                                  ^
[build] C:\Users\pperv\code\unnamed_rpg\vendor\json\include\nlohmann/detail/output/serializer.hpp(597,22): warning: enumeration type in nested name specifier is incompatible with C++98 [-Wc++98-compat]
[build]   597 |                 case error_handler_t::strict:
[build]       |                      ^
[build] C:\Users\pperv\code\unnamed_rpg\vendor\json\include\nlohmann/detail/output/serializer.hpp(599,158): warning: 'nullptr' is incompatible with C++98 [-Wc++98-compat]
[build]   599 |                     JSON_THROW(type_error::create(316, concat("incomplete UTF-8 string; last byte: 0x", hex_bytes(static_cast<std::uint8_t>(s.back() | 0))), nullptr));
[build]       |                                                                                                                                                              ^
[build] C:\Users\pperv\code\unnamed_rpg\vendor\json\include\nlohmann/detail/output/serializer.hpp(602,22): warning: enumeration type in nested name specifier is incompatible with C++98 [-Wc++98-compat]
[build]   602 |                 case error_handler_t::ignore:
[build]       |                      ^
[build] C:\Users\pperv\code\unnamed_rpg\vendor\json\include\nlohmann/detail/output/serializer.hpp(609,22): warning: enumeration type in nested name specifier is incompatible with C++98 [-Wc++98-compat]
[build]   609 |                 case error_handler_t::replace:
[build]       |                      ^
[build] C:\Users\pperv\code\unnamed_rpg\vendor\json\include\nlohmann/detail/output/serializer.hpp(393,32): warning: scalar initialized from empty initializer list is incompatible with C++98 [-Wc++98-compat]
[build]   393 |         std::uint32_t codepoint{};
[build]       |                                ^~
[build] C:\Users\pperv\code\unnamed_rpg\vendor\json\include\nlohmann/detail/output/serializer.hpp(140,25): note: in instantiation of member function 'nlohmann::detail::serializer<nlohmann::basic_json<>>::dump_escaped' requested here
[build]   140 |                         dump_escaped(i->first, ensure_ascii);
[build]       |                         ^
[build] C:\Users\pperv\code\unnamed_rpg\vendor\json\include\nlohmann/json.hpp(4059,11): note: in instantiation of member function 'nlohmann::detail::serializer<nlohmann::basic_json<>>::dump' requested here
[build]  4059 |         s.dump(j, pretty_print, false, static_cast<unsigned int>(indentation));
[build]       |           ^
[build] C:\Users\pperv\code\unnamed_rpg\vendor\json-schema-validator\src\json-validator.cpp(916,45): note: in instantiation of member function 'nlohmann::json_abi_v3_12_0::operator<<' requested here
[build]   916 |                                 oss << "instance is not a multiple of " << json(multipleOf_.second);
[build]       |                                                                         ^
[build] C:\Users\pperv\code\unnamed_rpg\vendor\json-schema-validator\src\json-validator.cpp(941,2): note: in instantiation of member function '(anonymous namespace)::numeric<long long>::validate' requested here
[build]   941 |         numeric(const json &sch, root_schema *root, std::set<std::string> &kw)
[build]       |         ^
[build] C:\Program Files\Microsoft Visual Studio\18\Community\VC\Tools\MSVC\14.51.36231\include\xutility(661,58): note: in instantiation of member function '(anonymous namespace)::numeric<long long>::numeric' requested here
[build]   661 |         ::new (static_cast<void*>(_STD addressof(_Obj))) _Ty(_STD forward<_Types>(_Args)...);
[build]       |                                                          ^
[build] C:\Program Files\Microsoft Visual Studio\18\Community\VC\Tools\MSVC\14.51.36231\include\memory(2131,18): note: in instantiation of function template specialization 'std::_Construct_in_place<(anonymous namespace)::numeric<long long>, nlohmann::basic_json<> &, nlohmann::json_schema::root_schema *&, std::set<std::basic_string<char>> &>' requested here
[build]  2131 |             _STD _Construct_in_place(_Storage._Value, _STD forward<_Types>(_Args)...);
[build]       |                  ^
[build] C:\Program Files\Microsoft Visual Studio\18\Community\VC\Tools\MSVC\14.51.36231\include\memory(2944,26): note: in instantiation of function template specialization 'std::_Ref_count_obj2<(anonymous namespace)::numeric<long long>>::_Ref_count_obj2<nlohmann::basic_json<> &, nlohmann::json_schema::root_schema *&, std::set<std::basic_string<char>> &>' requested here
[build]  2944 |     const auto _Rx = new _Ref_count_obj2<_Ty>(_STD forward<_Types>(_Args)...);
[build]       |                          ^
[build] C:\Users\pperv\code\unnamed_rpg\vendor\json-schema-validator\src\json-validator.cpp(1330,15): note: in instantiation of function template specialization 'std::make_shared<(anonymous namespace)::numeric<long long>, nlohmann::basic_json<> &, nlohmann::json_schema::root_schema *&, std::set<std::basic_string<char>> &>' requested here
[build]  1330 |                 return std::make_shared<numeric<json::number_integer_t>>(schema, root, kw);
[build]       |                             ^
[build] In file included from C:\Users\pperv\code\unnamed_rpg\vendor\json-schema-validator\src\json-validator.cpp:9:
[build] In file included from C:\Users\pperv\code\unnamed_rpg\vendor\json-schema-validator\src\nlohmann/json-schema.hpp:24:
[build] In file included from C:\Users\pperv\code\unnamed_rpg\vendor\json\include\nlohmann/json.hpp:70:
[build] C:\Users\pperv\code\unnamed_rpg\vendor\json\include\nlohmann/detail/output/serializer.hpp(505,30): warning: enumeration type in nested name specifier is incompatible with C++98 [-Wc++98-compat]
[build]   505 |                         case error_handler_t::strict:
[build]       |                              ^
[build] C:\Users\pperv\code\unnamed_rpg\vendor\json\include\nlohmann/detail/output/serializer.hpp(510,30): warning: enumeration type in nested name specifier is incompatible with C++98 [-Wc++98-compat]
[build]   510 |                         case error_handler_t::ignore:
[build]       |                              ^
[build] C:\Users\pperv\code\unnamed_rpg\vendor\json\include\nlohmann/detail/output/serializer.hpp(511,30): warning: enumeration type in nested name specifier is incompatible with C++98 [-Wc++98-compat]
[build]   511 |                         case error_handler_t::replace:
[build]       |                              ^
[build] C:\Users\pperv\code\unnamed_rpg\vendor\json\include\nlohmann/detail/output/serializer.hpp(526,50): warning: enumeration type in nested name specifier is incompatible with C++98 [-Wc++98-compat]
[build]   526 |                             if (error_handler == error_handler_t::replace)
[build]       |                                                  ^
[build] In file included from C:\Users\pperv\code\unnamed_rpg\vendor\json-schema-validator\src\json-validator.cpp:9:
[build] In file included from C:\Users\pperv\code\unnamed_rpg\vendor\json-schema-validator\src\nlohmann/json-schema.hpp:24:
[build] In file included from C:\Users\pperv\code\unnamed_rpg\vendor\json\include\nlohmann/json.hpp:68:
[build] C:\Users\pperv\code\unnamed_rpg\vendor\json\include\nlohmann/detail/output/binary_writer.hpp(1916,26): warning: use of null pointer as non-type template argument is incompatible with C++98 [-Wc++98-compat]
[build]  1916 |                    > * = nullptr >
[build]       |                          ^
[build] C:\Users\pperv\code\unnamed_rpg\vendor\json\include\nlohmann/detail/output/serializer.hpp(540,62): note: while substituting deduced template arguments into function template 'to_char_type' [with InputCharType = char, C = (no value), $2 = (no value)]
[build]   540 |                                     string_buffer[bytes++] = detail::binary_writer<BasicJsonType, char>::to_char_type('\xEF');
[build]       |                                                              ^
[build] C:\Users\pperv\code\unnamed_rpg\vendor\json\include\nlohmann/detail/output/serializer.hpp(140,25): note: in instantiation of member function 'nlohmann::detail::serializer<nlohmann::basic_json<>>::dump_escaped' requested here
[build]   140 |                         dump_escaped(i->first, ensure_ascii);
[build]       |                         ^
[build] C:\Users\pperv\code\unnamed_rpg\vendor\json\include\nlohmann/json.hpp(4059,11): note: in instantiation of member function 'nlohmann::detail::serializer<nlohmann::basic_json<>>::dump' requested here
[build]  4059 |         s.dump(j, pretty_print, false, static_cast<unsigned int>(indentation));
[build]       |           ^
[build] C:\Users\pperv\code\unnamed_rpg\vendor\json-schema-validator\src\json-validator.cpp(916,45): note: in instantiation of member function 'nlohmann::json_abi_v3_12_0::operator<<' requested here
[build]   916 |                                 oss << "instance is not a multiple of " << json(multipleOf_.second);
[build]       |                                                                         ^
[build] C:\Users\pperv\code\unnamed_rpg\vendor\json-schema-validator\src\json-validator.cpp(941,2): note: in instantiation of member function '(anonymous namespace)::numeric<long long>::validate' requested here
[build]   941 |         numeric(const json &sch, root_schema *root, std::set<std::string> &kw)
[build]       |         ^
[build] C:\Program Files\Microsoft Visual Studio\18\Community\VC\Tools\MSVC\14.51.36231\include\xutility(661,58): note: in instantiation of member function '(anonymous namespace)::numeric<long long>::numeric' requested here
[build]   661 |         ::new (static_cast<void*>(_STD addressof(_Obj))) _Ty(_STD forward<_Types>(_Args)...);
[build]       |                                                          ^
[build] C:\Program Files\Microsoft Visual Studio\18\Community\VC\Tools\MSVC\14.51.36231\include\memory(2131,18): note: in instantiation of function template specialization 'std::_Construct_in_place<(anonymous namespace)::numeric<long long>, nlohmann::basic_json<> &, nlohmann::json_schema::root_schema *&, std::set<std::basic_string<char>> &>' requested here
[build]  2131 |             _STD _Construct_in_place(_Storage._Value, _STD forward<_Types>(_Args)...);
[build]       |                  ^
[build] C:\Program Files\Microsoft Visual Studio\18\Community\VC\Tools\MSVC\14.51.36231\include\memory(2944,26): note: in instantiation of function template specialization 'std::_Ref_count_obj2<(anonymous namespace)::numeric<long long>>::_Ref_count_obj2<nlohmann::basic_json<> &, nlohmann::json_schema::root_schema *&, std::set<std::basic_string<char>> &>' requested here
[build]  2944 |     const auto _Rx = new _Ref_count_obj2<_Ty>(_STD forward<_Types>(_Args)...);
[build]       |                          ^
[build] C:\Users\pperv\code\unnamed_rpg\vendor\json-schema-validator\src\json-validator.cpp(1330,15): note: in instantiation of function template specialization 'std::make_shared<(anonymous namespace)::numeric<long long>, nlohmann::basic_json<> &, nlohmann::json_schema::root_schema *&, std::set<std::basic_string<char>> &>' requested here
[build]  1330 |                 return std::make_shared<numeric<json::number_integer_t>>(schema, root, kw);
[build]       |                             ^
[build] In file included from C:\Users\pperv\code\unnamed_rpg\vendor\json-schema-validator\src\json-validator.cpp:9:
[build] In file included from C:\Users\pperv\code\unnamed_rpg\vendor\json-schema-validator\src\nlohmann/json-schema.hpp:24:
[build] In file included from C:\Users\pperv\code\unnamed_rpg\vendor\json\include\nlohmann/json.hpp:70:
[build] C:\Users\pperv\code\unnamed_rpg\vendor\json\include\nlohmann/detail/output/serializer.hpp(564,25): warning: default label in switch which covers all enumeration values [-Wcovered-switch-default]
[build]   564 |                         default:            // LCOV_EXCL_LINE
[build]       |                         ^
[build] C:\Users\pperv\code\unnamed_rpg\vendor\json\include\nlohmann/detail/output/serializer.hpp(140,25): note: in instantiation of member function 'nlohmann::detail::serializer<nlohmann::basic_json<>>::dump_escaped' requested here
[build]   140 |                         dump_escaped(i->first, ensure_ascii);
[build]       |                         ^
[build] C:\Users\pperv\code\unnamed_rpg\vendor\json\include\nlohmann/json.hpp(4059,11): note: in instantiation of member function 'nlohmann::detail::serializer<nlohmann::basic_json<>>::dump' requested here
[build]  4059 |         s.dump(j, pretty_print, false, static_cast<unsigned int>(indentation));
[build]       |           ^
[build] C:\Users\pperv\code\unnamed_rpg\vendor\json-schema-validator\src\json-validator.cpp(916,45): note: in instantiation of member function 'nlohmann::json_abi_v3_12_0::operator<<' requested here
[build]   916 |                                 oss << "instance is not a multiple of " << json(multipleOf_.second);
[build]       |                                                                         ^
[build] C:\Users\pperv\code\unnamed_rpg\vendor\json-schema-validator\src\json-validator.cpp(941,2): note: in instantiation of member function '(anonymous namespace)::numeric<long long>::validate' requested here
[build]   941 |         numeric(const json &sch, root_schema *root, std::set<std::string> &kw)
[build]       |         ^
[build] C:\Program Files\Microsoft Visual Studio\18\Community\VC\Tools\MSVC\14.51.36231\include\xutility(661,58): note: in instantiation of member function '(anonymous namespace)::numeric<long long>::numeric' requested here
[build]   661 |         ::new (static_cast<void*>(_STD addressof(_Obj))) _Ty(_STD forward<_Types>(_Args)...);
[build]       |                                                          ^
[build] C:\Program Files\Microsoft Visual Studio\18\Community\VC\Tools\MSVC\14.51.36231\include\memory(2131,18): note: in instantiation of function template specialization 'std::_Construct_in_place<(anonymous namespace)::numeric<long long>, nlohmann::basic_json<> &, nlohmann::json_schema::root_schema *&, std::set<std::basic_string<char>> &>' requested here
[build]  2131 |             _STD _Construct_in_place(_Storage._Value, _STD forward<_Types>(_Args)...);
[build]       |                  ^
[build] C:\Program Files\Microsoft Visual Studio\18\Community\VC\Tools\MSVC\14.51.36231\include\memory(2944,26): note: in instantiation of function template specialization 'std::_Ref_count_obj2<(anonymous namespace)::numeric<long long>>::_Ref_count_obj2<nlohmann::basic_json<> &, nlohmann::json_schema::root_schema *&, std::set<std::basic_string<char>> &>' requested here
[build]  2944 |     const auto _Rx = new _Ref_count_obj2<_Ty>(_STD forward<_Types>(_Args)...);
[build]       |                          ^
[build] C:\Users\pperv\code\unnamed_rpg\vendor\json-schema-validator\src\json-validator.cpp(1330,15): note: in instantiation of function template specialization 'std::make_shared<(anonymous namespace)::numeric<long long>, nlohmann::basic_json<> &, nlohmann::json_schema::root_schema *&, std::set<std::basic_string<char>> &>' requested here
[build]  1330 |                 return std::make_shared<numeric<json::number_integer_t>>(schema, root, kw);
[build]       |                             ^
[build] In file included from C:\Users\pperv\code\unnamed_rpg\vendor\json-schema-validator\src\json-validator.cpp:9:
[build] In file included from C:\Users\pperv\code\unnamed_rpg\vendor\json-schema-validator\src\nlohmann/json-schema.hpp:24:
[build] In file included from C:\Users\pperv\code\unnamed_rpg\vendor\json\include\nlohmann/json.hpp:70:
[build] C:\Users\pperv\code\unnamed_rpg\vendor\json\include\nlohmann/detail/output/serializer.hpp(597,22): warning: enumeration type in nested name specifier is incompatible with C++98 [-Wc++98-compat]
[build]   597 |                 case error_handler_t::strict:
[build]       |                      ^
[build] C:\Users\pperv\code\unnamed_rpg\vendor\json\include\nlohmann/detail/output/serializer.hpp(602,22): warning: enumeration type in nested name specifier is incompatible with C++98 [-Wc++98-compat]
[build]   602 |                 case error_handler_t::ignore:
[build]       |                      ^
[build] C:\Users\pperv\code\unnamed_rpg\vendor\json\include\nlohmann/detail/output/serializer.hpp(609,22): warning: enumeration type in nested name specifier is incompatible with C++98 [-Wc++98-compat]
[build]   609 |                 case error_handler_t::replace:
[build]       |                      ^
[build] C:\Users\pperv\code\unnamed_rpg\vendor\json\include\nlohmann/detail/output/serializer.hpp(625,17): warning: default label in switch which covers all enumeration values [-Wcovered-switch-default]
[build]   625 |                 default:            // LCOV_EXCL_LINE
[build]       |                 ^
[build] C:\Users\pperv\code\unnamed_rpg\vendor\json\include\nlohmann/detail/output/serializer.hpp(696,9): warning: 'constexpr' specifier is incompatible with C++98 [-Wc++98-compat]
[build]   696 |         constexpr const char* nibble_to_hex = "0123456789abcdef";
[build]       |         ^
[build] C:\Users\pperv\code\unnamed_rpg\vendor\json\include\nlohmann/detail/output/serializer.hpp(674,9): warning: 'constexpr' specifier is incompatible with C++98 [-Wc++98-compat]
[build]   674 |         constexpr const char* nibble_to_hex = "0123456789ABCDEF";
[build]       |         ^
[build] C:\Users\pperv\code\unnamed_rpg\vendor\json\include\nlohmann/detail/output/serializer.hpp(736,16): warning: 'constexpr' specifier is incompatible with C++98 [-Wc++98-compat]
[build]   736 |         static constexpr std::array<std::array<char, 2>, 100> digits_to_99
[build]       |                ^
[build] C:\Users\pperv\code\unnamed_rpg\vendor\json\include\nlohmann/json.hpp(4059,11): note: in instantiation of member function 'nlohmann::detail::serializer<nlohmann::basic_json<>>::dump' requested here
[build]  4059 |         s.dump(j, pretty_print, false, static_cast<unsigned int>(indentation));
[build]       |           ^
[build] C:\Users\pperv\code\unnamed_rpg\vendor\json-schema-validator\src\json-validator.cpp(916,45): note: in instantiation of member function 'nlohmann::json_abi_v3_12_0::operator<<' requested here
[build]   916 |                                 oss << "instance is not a multiple of " << json(multipleOf_.second);
[build]       |                                                                         ^
[build] C:\Users\pperv\code\unnamed_rpg\vendor\json-schema-validator\src\json-validator.cpp(941,2): note: in instantiation of member function '(anonymous namespace)::numeric<long long>::validate' requested here
[build]   941 |         numeric(const json &sch, root_schema *root, std::set<std::string> &kw)
[build]       |         ^
[build] C:\Program Files\Microsoft Visual Studio\18\Community\VC\Tools\MSVC\14.51.36231\include\xutility(661,58): note: in instantiation of member function '(anonymous namespace)::numeric<long long>::numeric' requested here
[build]   661 |         ::new (static_cast<void*>(_STD addressof(_Obj))) _Ty(_STD forward<_Types>(_Args)...);
[build]       |                                                          ^
[build] C:\Program Files\Microsoft Visual Studio\18\Community\VC\Tools\MSVC\14.51.36231\include\memory(2131,18): note: in instantiation of function template specialization 'std::_Construct_in_place<(anonymous namespace)::numeric<long long>, nlohmann::basic_json<> &, nlohmann::json_schema::root_schema *&, std::set<std::basic_string<char>> &>' requested here
[build]  2131 |             _STD _Construct_in_place(_Storage._Value, _STD forward<_Types>(_Args)...);
[build]       |                  ^
[build] C:\Program Files\Microsoft Visual Studio\18\Community\VC\Tools\MSVC\14.51.36231\include\memory(2944,26): note: in instantiation of function template specialization 'std::_Ref_count_obj2<(anonymous namespace)::numeric<long long>>::_Ref_count_obj2<nlohmann::basic_json<> &, nlohmann::json_schema::root_schema *&, std::set<std::basic_string<char>> &>' requested here
[build]  2944 |     const auto _Rx = new _Ref_count_obj2<_Ty>(_STD forward<_Types>(_Args)...);
[build]       |                          ^
[build] C:\Users\pperv\code\unnamed_rpg\vendor\json-schema-validator\src\json-validator.cpp(1330,15): note: in instantiation of function template specialization 'std::make_shared<(anonymous namespace)::numeric<long long>, nlohmann::basic_json<> &, nlohmann::json_schema::root_schema *&, std::set<std::basic_string<char>> &>' requested here
[build]  1330 |                 return std::make_shared<numeric<json::number_integer_t>>(schema, root, kw);
[build]       |                             ^
[build] In file included from C:\Users\pperv\code\unnamed_rpg\vendor\json-schema-validator\src\json-validator.cpp:9:
[build] In file included from C:\Users\pperv\code\unnamed_rpg\vendor\json-schema-validator\src\nlohmann/json-schema.hpp:24:
[build] In file included from C:\Users\pperv\code\unnamed_rpg\vendor\json\include\nlohmann/json.hpp:70:
[build] C:\Users\pperv\code\unnamed_rpg\vendor\json\include\nlohmann/detail/output/serializer.hpp(737,9): warning: generalized initializer lists are incompatible with C++98 [-Wc++98-compat]
[build]   737 |         {
[build]       |         ^
[build] C:\Users\pperv\code\unnamed_rpg\vendor\json\include\nlohmann/detail/output/serializer.hpp(760,9): warning: 'auto' type specifier is incompatible with C++98 [-Wc++98-compat]
[build]   760 |         auto buffer_ptr = number_buffer.begin(); // NOLINT(llvm-qualified-auto,readability-qualified-auto,cppcoreguidelines-pro-type-vararg,hicpp-vararg)
[build]       |         ^~~~
[build] C:\Users\pperv\code\unnamed_rpg\vendor\json\include\nlohmann/detail/output/serializer.hpp(764,29): warning: generalized initializer lists are incompatible with C++98 [-Wc++98-compat]
[build]   764 |         unsigned int n_chars{};
[build]       |                             ^
[build] C:\Users\pperv\code\unnamed_rpg\vendor\json\include\nlohmann/detail/output/serializer.hpp(764,29): warning: scalar initialized from empty initializer list is incompatible with C++98 [-Wc++98-compat]
[build]   764 |         unsigned int n_chars{};
[build]       |                             ^~
[build] C:\Users\pperv\code\unnamed_rpg\vendor\json\include\nlohmann/detail/output/serializer.hpp(785,44): warning: 'decltype' type specifier is incompatible with C++98 [-Wc++98-compat]
[build]   785 |         buffer_ptr += static_cast<typename decltype(number_buffer)::difference_type>(n_chars);
[build]       |                                            ^
[build] C:\Users\pperv\code\unnamed_rpg\vendor\json\include\nlohmann/detail/output/serializer.hpp(791,19): warning: 'auto' type specifier is incompatible with C++98 [-Wc++98-compat]
[build]   791 |             const auto digits_index = static_cast<unsigned>((abs_value % 100));
[build]       |                   ^~~~
[build] C:\Users\pperv\code\unnamed_rpg\vendor\json\include\nlohmann/detail/output/serializer.hpp(799,19): warning: 'auto' type specifier is incompatible with C++98 [-Wc++98-compat]
[build]   799 |             const auto digits_index = static_cast<unsigned>(abs_value);
[build]       |                   ^~~~
[build] C:\Users\pperv\code\unnamed_rpg\vendor\json\include\nlohmann/detail/output/serializer.hpp(764,29): warning: scalar initialized from empty initializer list is incompatible with C++98 [-Wc++98-compat]
[build]   764 |         unsigned int n_chars{};
[build]       |                             ^~
[build] C:\Users\pperv\code\unnamed_rpg\vendor\json\include\nlohmann/detail/output/serializer.hpp(277,29): note: in instantiation of function template specialization 'nlohmann::detail::serializer<nlohmann::basic_json<>>::dump_integer<unsigned char, 0>' requested here
[build]   277 |                             dump_integer(*i);
[build]       |                             ^
[build] C:\Users\pperv\code\unnamed_rpg\vendor\json\include\nlohmann/json.hpp(4059,11): note: in instantiation of member function 'nlohmann::detail::serializer<nlohmann::basic_json<>>::dump' requested here
[build]  4059 |         s.dump(j, pretty_print, false, static_cast<unsigned int>(indentation));
[build]       |           ^
[build] C:\Users\pperv\code\unnamed_rpg\vendor\json-schema-validator\src\json-validator.cpp(916,45): note: in instantiation of member function 'nlohmann::json_abi_v3_12_0::operator<<' requested here
[build]   916 |                                 oss << "instance is not a multiple of " << json(multipleOf_.second);
[build]       |                                                                         ^
[build] C:\Users\pperv\code\unnamed_rpg\vendor\json-schema-validator\src\json-validator.cpp(941,2): note: in instantiation of member function '(anonymous namespace)::numeric<long long>::validate' requested here
[build]   941 |         numeric(const json &sch, root_schema *root, std::set<std::string> &kw)
[build]       |         ^
[build] C:\Program Files\Microsoft Visual Studio\18\Community\VC\Tools\MSVC\14.51.36231\include\xutility(661,58): note: in instantiation of member function '(anonymous namespace)::numeric<long long>::numeric' requested here
[build]   661 |         ::new (static_cast<void*>(_STD addressof(_Obj))) _Ty(_STD forward<_Types>(_Args)...);
[build]       |                                                          ^
[build] C:\Program Files\Microsoft Visual Studio\18\Community\VC\Tools\MSVC\14.51.36231\include\memory(2131,18): note: in instantiation of function template specialization 'std::_Construct_in_place<(anonymous namespace)::numeric<long long>, nlohmann::basic_json<> &, nlohmann::json_schema::root_schema *&, std::set<std::basic_string<char>> &>' requested here
[build]  2131 |             _STD _Construct_in_place(_Storage._Value, _STD forward<_Types>(_Args)...);
[build]       |                  ^
[build] C:\Program Files\Microsoft Visual Studio\18\Community\VC\Tools\MSVC\14.51.36231\include\memory(2944,26): note: in instantiation of function template specialization 'std::_Ref_count_obj2<(anonymous namespace)::numeric<long long>>::_Ref_count_obj2<nlohmann::basic_json<> &, nlohmann::json_schema::root_schema *&, std::set<std::basic_string<char>> &>' requested here
[build]  2944 |     const auto _Rx = new _Ref_count_obj2<_Ty>(_STD forward<_Types>(_Args)...);
[build]       |                          ^
[build] C:\Users\pperv\code\unnamed_rpg\vendor\json-schema-validator\src\json-validator.cpp(1330,15): note: in instantiation of function template specialization 'std::make_shared<(anonymous namespace)::numeric<long long>, nlohmann::basic_json<> &, nlohmann::json_schema::root_schema *&, std::set<std::basic_string<char>> &>' requested here
[build]  1330 |                 return std::make_shared<numeric<json::number_integer_t>>(schema, root, kw);
[build]       |                             ^
[build] In file included from C:\Users\pperv\code\unnamed_rpg\vendor\json-schema-validator\src\json-validator.cpp:9:
[build] In file included from C:\Users\pperv\code\unnamed_rpg\vendor\json-schema-validator\src\nlohmann/json-schema.hpp:24:
[build] In file included from C:\Users\pperv\code\unnamed_rpg\vendor\json\include\nlohmann/json.hpp:70:
[build] C:\Users\pperv\code\unnamed_rpg\vendor\json\include\nlohmann/detail/output/serializer.hpp(764,29): warning: scalar initialized from empty initializer list is incompatible with C++98 [-Wc++98-compat]
[build]   764 |         unsigned int n_chars{};
[build]       |                             ^~
[build] C:\Users\pperv\code\unnamed_rpg\vendor\json\include\nlohmann/detail/output/serializer.hpp(289,25): note: in instantiation of function template specialization 'nlohmann::detail::serializer<nlohmann::basic_json<>>::dump_integer<unsigned long long, 0>' requested here
[build]   289 |                         dump_integer(val.m_data.m_value.binary->subtype());
[build]       |                         ^
[build] C:\Users\pperv\code\unnamed_rpg\vendor\json\include\nlohmann/json.hpp(4059,11): note: in instantiation of member function 'nlohmann::detail::serializer<nlohmann::basic_json<>>::dump' requested here
[build]  4059 |         s.dump(j, pretty_print, false, static_cast<unsigned int>(indentation));
[build]       |           ^
[build] C:\Users\pperv\code\unnamed_rpg\vendor\json-schema-validator\src\json-validator.cpp(916,45): note: in instantiation of member function 'nlohmann::json_abi_v3_12_0::operator<<' requested here
[build]   916 |                                 oss << "instance is not a multiple of " << json(multipleOf_.second);
[build]       |                                                                         ^
[build] C:\Users\pperv\code\unnamed_rpg\vendor\json-schema-validator\src\json-validator.cpp(941,2): note: in instantiation of member function '(anonymous namespace)::numeric<long long>::validate' requested here
[build]   941 |         numeric(const json &sch, root_schema *root, std::set<std::string> &kw)
[build]       |         ^
[build] C:\Program Files\Microsoft Visual Studio\18\Community\VC\Tools\MSVC\14.51.36231\include\xutility(661,58): note: in instantiation of member function '(anonymous namespace)::numeric<long long>::numeric' requested here
[build]   661 |         ::new (static_cast<void*>(_STD addressof(_Obj))) _Ty(_STD forward<_Types>(_Args)...);
[build]       |                                                          ^
[build] C:\Program Files\Microsoft Visual Studio\18\Community\VC\Tools\MSVC\14.51.36231\include\memory(2131,18): note: in instantiation of function template specialization 'std::_Construct_in_place<(anonymous namespace)::numeric<long long>, nlohmann::basic_json<> &, nlohmann::json_schema::root_schema *&, std::set<std::basic_string<char>> &>' requested here
[build]  2131 |             _STD _Construct_in_place(_Storage._Value, _STD forward<_Types>(_Args)...);
[build]       |                  ^
[build] C:\Program Files\Microsoft Visual Studio\18\Community\VC\Tools\MSVC\14.51.36231\include\memory(2944,26): note: in instantiation of function template specialization 'std::_Ref_count_obj2<(anonymous namespace)::numeric<long long>>::_Ref_count_obj2<nlohmann::basic_json<> &, nlohmann::json_schema::root_schema *&, std::set<std::basic_string<char>> &>' requested here
[build]  2944 |     const auto _Rx = new _Ref_count_obj2<_Ty>(_STD forward<_Types>(_Args)...);
[build]       |                          ^
[build] C:\Users\pperv\code\unnamed_rpg\vendor\json-schema-validator\src\json-validator.cpp(1330,15): note: in instantiation of function template specialization 'std::make_shared<(anonymous namespace)::numeric<long long>, nlohmann::basic_json<> &, nlohmann::json_schema::root_schema *&, std::set<std::basic_string<char>> &>' requested here
[build]  1330 |                 return std::make_shared<numeric<json::number_integer_t>>(schema, root, kw);
[build]       |                             ^
[build] In file included from C:\Users\pperv\code\unnamed_rpg\vendor\json-schema-validator\src\json-validator.cpp:9:
[build] In file included from C:\Users\pperv\code\unnamed_rpg\vendor\json-schema-validator\src\nlohmann/json-schema.hpp:24:
[build] In file included from C:\Users\pperv\code\unnamed_rpg\vendor\json\include\nlohmann/json.hpp:70:
[build] C:\Users\pperv\code\unnamed_rpg\vendor\json\include\nlohmann/detail/output/serializer.hpp(764,29): warning: scalar initialized from empty initializer list is incompatible with C++98 [-Wc++98-compat]
[build]   764 |         unsigned int n_chars{};
[build]       |                             ^~
[build] C:\Users\pperv\code\unnamed_rpg\vendor\json\include\nlohmann/detail/output/serializer.hpp(343,17): note: in instantiation of function template specialization 'nlohmann::detail::serializer<nlohmann::basic_json<>>::dump_integer<long long, 0>' requested here
[build]   343 |                 dump_integer(val.m_data.m_value.number_integer);
[build]       |                 ^
[build] C:\Users\pperv\code\unnamed_rpg\vendor\json\include\nlohmann/json.hpp(4059,11): note: in instantiation of member function 'nlohmann::detail::serializer<nlohmann::basic_json<>>::dump' requested here
[build]  4059 |         s.dump(j, pretty_print, false, static_cast<unsigned int>(indentation));
[build]       |           ^
[build] C:\Users\pperv\code\unnamed_rpg\vendor\json-schema-validator\src\json-validator.cpp(916,45): note: in instantiation of member function 'nlohmann::json_abi_v3_12_0::operator<<' requested here
[build]   916 |                                 oss << "instance is not a multiple of " << json(multipleOf_.second);
[build]       |                                                                         ^
[build] C:\Users\pperv\code\unnamed_rpg\vendor\json-schema-validator\src\json-validator.cpp(941,2): note: in instantiation of member function '(anonymous namespace)::numeric<long long>::validate' requested here
[build]   941 |         numeric(const json &sch, root_schema *root, std::set<std::string> &kw)
[build]       |         ^
[build] C:\Program Files\Microsoft Visual Studio\18\Community\VC\Tools\MSVC\14.51.36231\include\xutility(661,58): note: in instantiation of member function '(anonymous namespace)::numeric<long long>::numeric' requested here
[build]   661 |         ::new (static_cast<void*>(_STD addressof(_Obj))) _Ty(_STD forward<_Types>(_Args)...);
[build]       |                                                          ^
[build] C:\Program Files\Microsoft Visual Studio\18\Community\VC\Tools\MSVC\14.51.36231\include\memory(2131,18): note: in instantiation of function template specialization 'std::_Construct_in_place<(anonymous namespace)::numeric<long long>, nlohmann::basic_json<> &, nlohmann::json_schema::root_schema *&, std::set<std::basic_string<char>> &>' requested here
[build]  2131 |             _STD _Construct_in_place(_Storage._Value, _STD forward<_Types>(_Args)...);
[build]       |                  ^
[build] C:\Program Files\Microsoft Visual Studio\18\Community\VC\Tools\MSVC\14.51.36231\include\memory(2944,26): note: in instantiation of function template specialization 'std::_Ref_count_obj2<(anonymous namespace)::numeric<long long>>::_Ref_count_obj2<nlohmann::basic_json<> &, nlohmann::json_schema::root_schema *&, std::set<std::basic_string<char>> &>' requested here
[build]  2944 |     const auto _Rx = new _Ref_count_obj2<_Ty>(_STD forward<_Types>(_Args)...);
[build]       |                          ^
[build] C:\Users\pperv\code\unnamed_rpg\vendor\json-schema-validator\src\json-validator.cpp(1330,15): note: in instantiation of function template specialization 'std::make_shared<(anonymous namespace)::numeric<long long>, nlohmann::basic_json<> &, nlohmann::json_schema::root_schema *&, std::set<std::basic_string<char>> &>' requested here
[build]  1330 |                 return std::make_shared<numeric<json::number_integer_t>>(schema, root, kw);
[build]       |                             ^
[build] In file included from C:\Users\pperv\code\unnamed_rpg\vendor\json-schema-validator\src\json-validator.cpp:9:
[build] In file included from C:\Users\pperv\code\unnamed_rpg\vendor\json-schema-validator\src\nlohmann/json-schema.hpp:24:
[build] In file included from C:\Users\pperv\code\unnamed_rpg\vendor\json\include\nlohmann/json.hpp:70:
[build] C:\Users\pperv\code\unnamed_rpg\vendor\json\include\nlohmann/detail/output/serializer.hpp(833,16): warning: 'constexpr' specifier is incompatible with C++98 [-Wc++98-compat]
[build]   833 |         static constexpr bool is_ieee_single_or_double
[build]       |                ^
[build] C:\Users\pperv\code\unnamed_rpg\vendor\json\include\nlohmann/json.hpp(4059,11): note: in instantiation of member function 'nlohmann::detail::serializer<nlohmann::basic_json<>>::dump' requested here
[build]  4059 |         s.dump(j, pretty_print, false, static_cast<unsigned int>(indentation));
[build]       |           ^
[build] C:\Users\pperv\code\unnamed_rpg\vendor\json-schema-validator\src\json-validator.cpp(916,45): note: in instantiation of member function 'nlohmann::json_abi_v3_12_0::operator<<' requested here
[build]   916 |                                 oss << "instance is not a multiple of " << json(multipleOf_.second);
[build]       |                                                                         ^
[build] C:\Users\pperv\code\unnamed_rpg\vendor\json-schema-validator\src\json-validator.cpp(941,2): note: in instantiation of member function '(anonymous namespace)::numeric<long long>::validate' requested here
[build]   941 |         numeric(const json &sch, root_schema *root, std::set<std::string> &kw)
[build]       |         ^
[build] C:\Program Files\Microsoft Visual Studio\18\Community\VC\Tools\MSVC\14.51.36231\include\xutility(661,58): note: in instantiation of member function '(anonymous namespace)::numeric<long long>::numeric' requested here
[build]   661 |         ::new (static_cast<void*>(_STD addressof(_Obj))) _Ty(_STD forward<_Types>(_Args)...);
[build]       |                                                          ^
[build] C:\Program Files\Microsoft Visual Studio\18\Community\VC\Tools\MSVC\14.51.36231\include\memory(2131,18): note: in instantiation of function template specialization 'std::_Construct_in_place<(anonymous namespace)::numeric<long long>, nlohmann::basic_json<> &, nlohmann::json_schema::root_schema *&, std::set<std::basic_string<char>> &>' requested here
[build]  2131 |             _STD _Construct_in_place(_Storage._Value, _STD forward<_Types>(_Args)...);
[build]       |                  ^
[build] C:\Program Files\Microsoft Visual Studio\18\Community\VC\Tools\MSVC\14.51.36231\include\memory(2944,26): note: in instantiation of function template specialization 'std::_Ref_count_obj2<(anonymous namespace)::numeric<long long>>::_Ref_count_obj2<nlohmann::basic_json<> &, nlohmann::json_schema::root_schema *&, std::set<std::basic_string<char>> &>' requested here
[build]  2944 |     const auto _Rx = new _Ref_count_obj2<_Ty>(_STD forward<_Types>(_Args)...);
[build]       |                          ^
[build] C:\Users\pperv\code\unnamed_rpg\vendor\json-schema-validator\src\json-validator.cpp(1330,15): note: in instantiation of function template specialization 'std::make_shared<(anonymous namespace)::numeric<long long>, nlohmann::basic_json<> &, nlohmann::json_schema::root_schema *&, std::set<std::basic_string<char>> &>' requested here
[build]  1330 |                 return std::make_shared<numeric<json::number_integer_t>>(schema, root, kw);
[build]       |                             ^
[build] In file included from C:\Users\pperv\code\unnamed_rpg\vendor\json-schema-validator\src\json-validator.cpp:9:
[build] In file included from C:\Users\pperv\code\unnamed_rpg\vendor\json-schema-validator\src\nlohmann/json-schema.hpp:24:
[build] In file included from C:\Users\pperv\code\unnamed_rpg\vendor\json\include\nlohmann/json.hpp:70:
[build] C:\Users\pperv\code\unnamed_rpg\vendor\json\include\nlohmann/detail/output/serializer.hpp(842,9): warning: 'auto' type specifier is incompatible with C++98 [-Wc++98-compat]
[build]   842 |         auto* begin = number_buffer.data();
[build]       |         ^~~~
[build] C:\Users\pperv\code\unnamed_rpg\vendor\json\include\nlohmann/detail/output/serializer.hpp(355,17): note: in instantiation of member function 'nlohmann::detail::serializer<nlohmann::basic_json<>>::dump_float' requested here
[build]   355 |                 dump_float(val.m_data.m_value.number_float);
[build]       |                 ^
[build] C:\Users\pperv\code\unnamed_rpg\vendor\json\include\nlohmann/json.hpp(4059,11): note: in instantiation of member function 'nlohmann::detail::serializer<nlohmann::basic_json<>>::dump' requested here
[build]  4059 |         s.dump(j, pretty_print, false, static_cast<unsigned int>(indentation));
[build]       |           ^
[build] C:\Users\pperv\code\unnamed_rpg\vendor\json-schema-validator\src\json-validator.cpp(916,45): note: in instantiation of member function 'nlohmann::json_abi_v3_12_0::operator<<' requested here
[build]   916 |                                 oss << "instance is not a multiple of " << json(multipleOf_.second);
[build]       |                                                                         ^
[build] C:\Users\pperv\code\unnamed_rpg\vendor\json-schema-validator\src\json-validator.cpp(941,2): note: in instantiation of member function '(anonymous namespace)::numeric<long long>::validate' requested here
[build]   941 |         numeric(const json &sch, root_schema *root, std::set<std::string> &kw)
[build]       |         ^
[build] C:\Program Files\Microsoft Visual Studio\18\Community\VC\Tools\MSVC\14.51.36231\include\xutility(661,58): note: in instantiation of member function '(anonymous namespace)::numeric<long long>::numeric' requested here
[build]   661 |         ::new (static_cast<void*>(_STD addressof(_Obj))) _Ty(_STD forward<_Types>(_Args)...);
[build]       |                                                          ^
[build] C:\Program Files\Microsoft Visual Studio\18\Community\VC\Tools\MSVC\14.51.36231\include\memory(2131,18): note: in instantiation of function template specialization 'std::_Construct_in_place<(anonymous namespace)::numeric<long long>, nlohmann::basic_json<> &, nlohmann::json_schema::root_schema *&, std::set<std::basic_string<char>> &>' requested here
[build]  2131 |             _STD _Construct_in_place(_Storage._Value, _STD forward<_Types>(_Args)...);
[build]       |                  ^
[build] C:\Program Files\Microsoft Visual Studio\18\Community\VC\Tools\MSVC\14.51.36231\include\memory(2944,26): note: in instantiation of function template specialization 'std::_Ref_count_obj2<(anonymous namespace)::numeric<long long>>::_Ref_count_obj2<nlohmann::basic_json<> &, nlohmann::json_schema::root_schema *&, std::set<std::basic_string<char>> &>' requested here
[build]  2944 |     const auto _Rx = new _Ref_count_obj2<_Ty>(_STD forward<_Types>(_Args)...);
[build]       |                          ^
[build] C:\Users\pperv\code\unnamed_rpg\vendor\json-schema-validator\src\json-validator.cpp(1330,15): note: in instantiation of function template specialization 'std::make_shared<(anonymous namespace)::numeric<long long>, nlohmann::basic_json<> &, nlohmann::json_schema::root_schema *&, std::set<std::basic_string<char>> &>' requested here
[build]  1330 |                 return std::make_shared<numeric<json::number_integer_t>>(schema, root, kw);
[build]       |                             ^
[build] In file included from C:\Users\pperv\code\unnamed_rpg\vendor\json-schema-validator\src\json-validator.cpp:9:
[build] In file included from C:\Users\pperv\code\unnamed_rpg\vendor\json-schema-validator\src\nlohmann/json-schema.hpp:24:
[build] In file included from C:\Users\pperv\code\unnamed_rpg\vendor\json\include\nlohmann/json.hpp:70:
[build] C:\Users\pperv\code\unnamed_rpg\vendor\json\include\nlohmann/detail/output/serializer.hpp(843,9): warning: 'auto' type specifier is incompatible with C++98 [-Wc++98-compat]
[build]   843 |         auto* end = ::nlohmann::detail::to_chars(begin, begin + number_buffer.size(), x);
[build]       |         ^~~~
[build] In file included from C:\Users\pperv\code\unnamed_rpg\vendor\json-schema-validator\src\json-validator.cpp:9:
[build] In file included from C:\Users\pperv\code\unnamed_rpg\vendor\json-schema-validator\src\nlohmann/json-schema.hpp:24:
[build] In file included from C:\Users\pperv\code\unnamed_rpg\vendor\json\include\nlohmann/json.hpp:70:
[build] In file included from C:\Users\pperv\code\unnamed_rpg\vendor\json\include\nlohmann/detail/output/serializer.hpp:25:
[build] C:\Users\pperv\code\unnamed_rpg\vendor\json\include\nlohmann/detail/conversions/to_chars.hpp(1106,5): warning: 'constexpr' specifier is incompatible with C++98 [-Wc++98-compat]
[build]  1106 |     constexpr int kMinExp = -4;
[build]       |     ^
[build] C:\Users\pperv\code\unnamed_rpg\vendor\json\include\nlohmann/detail/output/serializer.hpp(837,9): note: in instantiation of member function 'nlohmann::detail::serializer<nlohmann::basic_json<>>::dump_float' requested here
[build]   837 |         dump_float(x, std::integral_constant<bool, is_ieee_single_or_double>());
[build]       |         ^
[build] C:\Users\pperv\code\unnamed_rpg\vendor\json\include\nlohmann/detail/output/serializer.hpp(355,17): note: in instantiation of member function 'nlohmann::detail::serializer<nlohmann::basic_json<>>::dump_float' requested here
[build]   355 |                 dump_float(val.m_data.m_value.number_float);
[build]       |                 ^
[build] C:\Users\pperv\code\unnamed_rpg\vendor\json\include\nlohmann/json.hpp(4059,11): note: in instantiation of member function 'nlohmann::detail::serializer<nlohmann::basic_json<>>::dump' requested here
[build]  4059 |         s.dump(j, pretty_print, false, static_cast<unsigned int>(indentation));
[build]       |           ^
[build] C:\Users\pperv\code\unnamed_rpg\vendor\json-schema-validator\src\json-validator.cpp(916,45): note: in instantiation of member function 'nlohmann::json_abi_v3_12_0::operator<<' requested here
[build]   916 |                                 oss << "instance is not a multiple of " << json(multipleOf_.second);
[build]       |                                                                         ^
[build] C:\Users\pperv\code\unnamed_rpg\vendor\json-schema-validator\src\json-validator.cpp(941,2): note: in instantiation of member function '(anonymous namespace)::numeric<long long>::validate' requested here
[build]   941 |         numeric(const json &sch, root_schema *root, std::set<std::string> &kw)
[build]       |         ^
[build] C:\Program Files\Microsoft Visual Studio\18\Community\VC\Tools\MSVC\14.51.36231\include\xutility(661,58): note: in instantiation of member function '(anonymous namespace)::numeric<long long>::numeric' requested here
[build]   661 |         ::new (static_cast<void*>(_STD addressof(_Obj))) _Ty(_STD forward<_Types>(_Args)...);
[build]       |                                                          ^
[build] C:\Program Files\Microsoft Visual Studio\18\Community\VC\Tools\MSVC\14.51.36231\include\memory(2131,18): note: in instantiation of function template specialization 'std::_Construct_in_place<(anonymous namespace)::numeric<long long>, nlohmann::basic_json<> &, nlohmann::json_schema::root_schema *&, std::set<std::basic_string<char>> &>' requested here
[build]  2131 |             _STD _Construct_in_place(_Storage._Value, _STD forward<_Types>(_Args)...);
[build]       |                  ^
[build] C:\Program Files\Microsoft Visual Studio\18\Community\VC\Tools\MSVC\14.51.36231\include\memory(2944,26): note: in instantiation of function template specialization 'std::_Ref_count_obj2<(anonymous namespace)::numeric<long long>>::_Ref_count_obj2<nlohmann::basic_json<> &, nlohmann::json_schema::root_schema *&, std::set<std::basic_string<char>> &>' requested here
[build]  2944 |     const auto _Rx = new _Ref_count_obj2<_Ty>(_STD forward<_Types>(_Args)...);
[build]       |                          ^
[build] C:\Users\pperv\code\unnamed_rpg\vendor\json-schema-validator\src\json-validator.cpp(1330,15): note: in instantiation of function template specialization 'std::make_shared<(anonymous namespace)::numeric<long long>, nlohmann::basic_json<> &, nlohmann::json_schema::root_schema *&, std::set<std::basic_string<char>> &>' requested here
[build]  1330 |                 return std::make_shared<numeric<json::number_integer_t>>(schema, root, kw);
[build]       |                             ^
[build] In file included from C:\Users\pperv\code\unnamed_rpg\vendor\json-schema-validator\src\json-validator.cpp:9:
[build] In file included from C:\Users\pperv\code\unnamed_rpg\vendor\json-schema-validator\src\nlohmann/json-schema.hpp:24:
[build] In file included from C:\Users\pperv\code\unnamed_rpg\vendor\json\include\nlohmann/json.hpp:70:
[build] In file included from C:\Users\pperv\code\unnamed_rpg\vendor\json\include\nlohmann/detail/output/serializer.hpp:25:
[build] C:\Users\pperv\code\unnamed_rpg\vendor\json\include\nlohmann/detail/conversions/to_chars.hpp(1108,5): warning: 'constexpr' specifier is incompatible with C++98 [-Wc++98-compat]
[build]  1108 |     constexpr int kMaxExp = std::numeric_limits<FloatType>::digits10;
[build]       |     ^
[build] C:\Users\pperv\code\unnamed_rpg\vendor\json\include\nlohmann/detail/conversions/to_chars.hpp(1081,15): warning: comparing floating point with == or != is unsafe [-Wfloat-equal]
[build]  1081 |     if (value == 0) // +-0
[build]       |         ~~~~~ ^  ~
[build] C:\Users\pperv\code\unnamed_rpg\vendor\json\include\nlohmann/detail/output/serializer.hpp(843,41): note: in instantiation of function template specialization 'nlohmann::detail::to_chars<double>' requested here
[build]   843 |         auto* end = ::nlohmann::detail::to_chars(begin, begin + number_buffer.size(), x);
[build]       |                                         ^
[build] C:\Users\pperv\code\unnamed_rpg\vendor\json\include\nlohmann/detail/output/serializer.hpp(837,9): note: in instantiation of member function 'nlohmann::detail::serializer<nlohmann::basic_json<>>::dump_float' requested here
[build]   837 |         dump_float(x, std::integral_constant<bool, is_ieee_single_or_double>());
[build]       |         ^
[build] C:\Users\pperv\code\unnamed_rpg\vendor\json\include\nlohmann/detail/output/serializer.hpp(355,17): note: in instantiation of member function 'nlohmann::detail::serializer<nlohmann::basic_json<>>::dump_float' requested here
[build]   355 |                 dump_float(val.m_data.m_value.number_float);
[build]       |                 ^
[build] C:\Users\pperv\code\unnamed_rpg\vendor\json\include\nlohmann/json.hpp(4059,11): note: in instantiation of member function 'nlohmann::detail::serializer<nlohmann::basic_json<>>::dump' requested here
[build]  4059 |         s.dump(j, pretty_print, false, static_cast<unsigned int>(indentation));
[build]       |           ^
[build] C:\Users\pperv\code\unnamed_rpg\vendor\json-schema-validator\src\json-validator.cpp(916,45): note: in instantiation of member function 'nlohmann::json_abi_v3_12_0::operator<<' requested here
[build]   916 |                                 oss << "instance is not a multiple of " << json(multipleOf_.second);
[build]       |                                                                         ^
[build] C:\Users\pperv\code\unnamed_rpg\vendor\json-schema-validator\src\json-validator.cpp(941,2): note: in instantiation of member function '(anonymous namespace)::numeric<long long>::validate' requested here
[build]   941 |         numeric(const json &sch, root_schema *root, std::set<std::string> &kw)
[build]       |         ^
[build] C:\Program Files\Microsoft Visual Studio\18\Community\VC\Tools\MSVC\14.51.36231\include\xutility(661,58): note: in instantiation of member function '(anonymous namespace)::numeric<long long>::numeric' requested here
[build]   661 |         ::new (static_cast<void*>(_STD addressof(_Obj))) _Ty(_STD forward<_Types>(_Args)...);
[build]       |                                                          ^
[build] C:\Program Files\Microsoft Visual Studio\18\Community\VC\Tools\MSVC\14.51.36231\include\memory(2131,18): note: in instantiation of function template specialization 'std::_Construct_in_place<(anonymous namespace)::numeric<long long>, nlohmann::basic_json<> &, nlohmann::json_schema::root_schema *&, std::set<std::basic_string<char>> &>' requested here
[build]  2131 |             _STD _Construct_in_place(_Storage._Value, _STD forward<_Types>(_Args)...);
[build]       |                  ^
[build] C:\Program Files\Microsoft Visual Studio\18\Community\VC\Tools\MSVC\14.51.36231\include\memory(2944,26): note: in instantiation of function template specialization 'std::_Ref_count_obj2<(anonymous namespace)::numeric<long long>>::_Ref_count_obj2<nlohmann::basic_json<> &, nlohmann::json_schema::root_schema *&, std::set<std::basic_string<char>> &>' requested here
[build]  2944 |     const auto _Rx = new _Ref_count_obj2<_Ty>(_STD forward<_Types>(_Args)...);
[build]       |                          ^
[build] C:\Users\pperv\code\unnamed_rpg\vendor\json-schema-validator\src\json-validator.cpp(1330,15): note: in instantiation of function template specialization 'std::make_shared<(anonymous namespace)::numeric<long long>, nlohmann::basic_json<> &, nlohmann::json_schema::root_schema *&, std::set<std::basic_string<char>> &>' requested here
[build]  1330 |                 return std::make_shared<numeric<json::number_integer_t>>(schema, root, kw);
[build]       |                             ^
[build] In file included from C:\Users\pperv\code\unnamed_rpg\vendor\json-schema-validator\src\json-validator.cpp:9:
[build] In file included from C:\Users\pperv\code\unnamed_rpg\vendor\json-schema-validator\src\nlohmann/json-schema.hpp:24:
[build] In file included from C:\Users\pperv\code\unnamed_rpg\vendor\json\include\nlohmann/json.hpp:70:
[build] In file included from C:\Users\pperv\code\unnamed_rpg\vendor\json\include\nlohmann/detail/output/serializer.hpp:25:
[build] C:\Users\pperv\code\unnamed_rpg\vendor\json\include\nlohmann/detail/conversions/to_chars.hpp(890,5): warning: 'static_assert' declarations are incompatible with C++98 [-Wc++98-compat]
[build]   890 |     static_assert(diyfp::kPrecision >= std::numeric_limits<FloatType>::digits + 3,
[build]       |     ^
[build] C:\Users\pperv\code\unnamed_rpg\vendor\json\include\nlohmann/detail/conversions/to_chars.hpp(201,5): warning: 'static_assert' declarations are incompatible with C++98 [-Wc++98-compat]
[build]   201 |     static_assert(std::numeric_limits<FloatType>::is_iec559,
[build]       |     ^
[build] C:\Users\pperv\code\unnamed_rpg\vendor\json\include\nlohmann/detail/conversions/to_chars.hpp(204,5): warning: 'constexpr' specifier is incompatible with C++98 [-Wc++98-compat]
[build]   204 |     constexpr int      kPrecision = std::numeric_limits<FloatType>::digits; // = p (includes the hidden bit)
[build]       |     ^
[build] C:\Users\pperv\code\unnamed_rpg\vendor\json\include\nlohmann/detail/conversions/to_chars.hpp(1101,16): note: in instantiation of function template specialization 'nlohmann::detail::dtoa_impl::grisu2<double>' requested here
[build]  1101 |     dtoa_impl::grisu2(first, len, decimal_exponent, value);
[build]       |                ^
[build] C:\Users\pperv\code\unnamed_rpg\vendor\json\include\nlohmann/detail/output/serializer.hpp(843,41): note: in instantiation of function template specialization 'nlohmann::detail::to_chars<double>' requested here
[build]   843 |         auto* end = ::nlohmann::detail::to_chars(begin, begin + number_buffer.size(), x);
[build]       |                                         ^
[build] C:\Users\pperv\code\unnamed_rpg\vendor\json\include\nlohmann/detail/output/serializer.hpp(837,9): note: in instantiation of member function 'nlohmann::detail::serializer<nlohmann::basic_json<>>::dump_float' requested here
[build]   837 |         dump_float(x, std::integral_constant<bool, is_ieee_single_or_double>());
[build]       |         ^
[build] C:\Users\pperv\code\unnamed_rpg\vendor\json\include\nlohmann/detail/output/serializer.hpp(355,17): note: in instantiation of member function 'nlohmann::detail::serializer<nlohmann::basic_json<>>::dump_float' requested here
[build]   355 |                 dump_float(val.m_data.m_value.number_float);
[build]       |                 ^
[build] C:\Users\pperv\code\unnamed_rpg\vendor\json\include\nlohmann/json.hpp(4059,11): note: in instantiation of member function 'nlohmann::detail::serializer<nlohmann::basic_json<>>::dump' requested here
[build]  4059 |         s.dump(j, pretty_print, false, static_cast<unsigned int>(indentation));
[build]       |           ^
[build] C:\Users\pperv\code\unnamed_rpg\vendor\json-schema-validator\src\json-validator.cpp(916,45): note: (skipping 1 context in backtrace; use -ftemplate-backtrace-limit=0 to see all)
[build]   916 |                                 oss << "instance is not a multiple of " << json(multipleOf_.second);
[build]       |                                                                         ^
[build] C:\Users\pperv\code\unnamed_rpg\vendor\json-schema-validator\src\json-validator.cpp(941,2): note: in instantiation of member function '(anonymous namespace)::numeric<long long>::validate' requested here
[build]   941 |         numeric(const json &sch, root_schema *root, std::set<std::string> &kw)
[build]       |         ^
[build] C:\Program Files\Microsoft Visual Studio\18\Community\VC\Tools\MSVC\14.51.36231\include\xutility(661,58): note: in instantiation of member function '(anonymous namespace)::numeric<long long>::numeric' requested here
[build]   661 |         ::new (static_cast<void*>(_STD addressof(_Obj))) _Ty(_STD forward<_Types>(_Args)...);
[build]       |                                                          ^
[build] C:\Program Files\Microsoft Visual Studio\18\Community\VC\Tools\MSVC\14.51.36231\include\memory(2131,18): note: in instantiation of function template specialization 'std::_Construct_in_place<(anonymous namespace)::numeric<long long>, nlohmann::basic_json<> &, nlohmann::json_schema::root_schema *&, std::set<std::basic_string<char>> &>' requested here
[build]  2131 |             _STD _Construct_in_place(_Storage._Value, _STD forward<_Types>(_Args)...);
[build]       |                  ^
[build] C:\Program Files\Microsoft Visual Studio\18\Community\VC\Tools\MSVC\14.51.36231\include\memory(2944,26): note: in instantiation of function template specialization 'std::_Ref_count_obj2<(anonymous namespace)::numeric<long long>>::_Ref_count_obj2<nlohmann::basic_json<> &, nlohmann::json_schema::root_schema *&, std::set<std::basic_string<char>> &>' requested here
[build]  2944 |     const auto _Rx = new _Ref_count_obj2<_Ty>(_STD forward<_Types>(_Args)...);
[build]       |                          ^
[build] C:\Users\pperv\code\unnamed_rpg\vendor\json-schema-validator\src\json-validator.cpp(1330,15): note: in instantiation of function template specialization 'std::make_shared<(anonymous namespace)::numeric<long long>, nlohmann::basic_json<> &, nlohmann::json_schema::root_schema *&, std::set<std::basic_string<char>> &>' requested here
[build]  1330 |                 return std::make_shared<numeric<json::number_integer_t>>(schema, root, kw);
[build]       |                             ^
[build] In file included from C:\Users\pperv\code\unnamed_rpg\vendor\json-schema-validator\src\json-validator.cpp:9:
[build] In file included from C:\Users\pperv\code\unnamed_rpg\vendor\json-schema-validator\src\nlohmann/json-schema.hpp:24:
[build] In file included from C:\Users\pperv\code\unnamed_rpg\vendor\json\include\nlohmann/json.hpp:70:
[build] In file included from C:\Users\pperv\code\unnamed_rpg\vendor\json\include\nlohmann/detail/output/serializer.hpp:25:
[build] C:\Users\pperv\code\unnamed_rpg\vendor\json\include\nlohmann/detail/conversions/to_chars.hpp(205,5): warning: 'constexpr' specifier is incompatible with C++98 [-Wc++98-compat]
[build]   205 |     constexpr int      kBias      = std::numeric_limits<FloatType>::max_exponent - 1 + (kPrecision - 1);
[build]       |     ^
[build] C:\Users\pperv\code\unnamed_rpg\vendor\json\include\nlohmann/detail/conversions/to_chars.hpp(206,5): warning: 'constexpr' specifier is incompatible with C++98 [-Wc++98-compat]
[build]   206 |     constexpr int      kMinExp    = 1 - kBias;
[build]       |     ^
[build] C:\Users\pperv\code\unnamed_rpg\vendor\json\include\nlohmann/detail/conversions/to_chars.hpp(207,5): warning: 'constexpr' specifier is incompatible with C++98 [-Wc++98-compat]
[build]   207 |     constexpr std::uint64_t kHiddenBit = std::uint64_t{1} << (kPrecision - 1); // = 2^(p-1)
[build]       |     ^
[build] C:\Users\pperv\code\unnamed_rpg\vendor\json\include\nlohmann/detail/conversions/to_chars.hpp(207,55): warning: generalized initializer lists are incompatible with C++98 [-Wc++98-compat]
[build]   207 |     constexpr std::uint64_t kHiddenBit = std::uint64_t{1} << (kPrecision - 1); // = 2^(p-1)
[build]       |                                                       ^
[build] C:\Users\pperv\code\unnamed_rpg\vendor\json\include\nlohmann/detail/conversions/to_chars.hpp(209,23): warning: alias declarations are incompatible with C++98 [-Wc++98-compat]
[build]   209 |     using bits_type = typename std::conditional<kPrecision == 24, std::uint32_t, std::uint64_t >::type;
[build]       |                       ^
[build] C:\Users\pperv\code\unnamed_rpg\vendor\json\include\nlohmann/detail/conversions/to_chars.hpp(211,11): warning: 'auto' type specifier is incompatible with C++98 [-Wc++98-compat]
[build]   211 |     const auto bits = static_cast<std::uint64_t>(reinterpret_bits<bits_type>(value));
[build]       |           ^~~~
[build] C:\Users\pperv\code\unnamed_rpg\vendor\json\include\nlohmann/detail/conversions/to_chars.hpp(253,12): warning: generalized initializer lists are incompatible with C++98 [-Wc++98-compat]
[build]   253 |     return {diyfp::normalize(v), w_minus, w_plus};
[build]       |            ^~~~~~~~~~~~~~~~~~~~~~~~~~~~~~~~~~~~~~
[build] C:\Users\pperv\code\unnamed_rpg\vendor\json\include\nlohmann/detail/conversions/to_chars.hpp(50,5): warning: 'static_assert' declarations are incompatible with C++98 [-Wc++98-compat]
[build]    50 |     static_assert(sizeof(Target) == sizeof(Source), "size mismatch");
[build]       |     ^
[build] C:\Users\pperv\code\unnamed_rpg\vendor\json-schema-validator\src\json-validator.cpp(893,40): warning: padding class '(anonymous namespace)::numeric<double>' with 6 bytes to align 'multipleOf_' [-Wpadded]
[build]   893 |         std::pair<bool, json::number_float_t> multipleOf_{false, 0};
[build]       |                                               ^
[build] C:\Users\pperv\code\unnamed_rpg\vendor\json-schema-validator\src\json-validator.cpp(887,29): warning: constructor call from initializer list is incompatible with C++98 [-Wc++98-compat]
[build]   887 |         std::pair<bool, T> maximum_{false, 0};
[build]       |                                    ^~~~~~~~~~
[build] C:\Users\pperv\code\unnamed_rpg\vendor\json-schema-validator\src\json-validator.cpp(941,2): note: in instantiation of default member initializer '(anonymous namespace)::numeric<double>::maximum_' requested here
[build]   941 |         numeric(const json &sch, root_schema *root, std::set<std::string> &kw)
[build]       |         ^
[build] C:\Program Files\Microsoft Visual Studio\18\Community\VC\Tools\MSVC\14.51.36231\include\xutility(661,58): note: in instantiation of member function '(anonymous namespace)::numeric<double>::numeric' requested here
[build]   661 |         ::new (static_cast<void*>(_STD addressof(_Obj))) _Ty(_STD forward<_Types>(_Args)...);
[build]       |                                                          ^
[build] C:\Program Files\Microsoft Visual Studio\18\Community\VC\Tools\MSVC\14.51.36231\include\memory(2131,18): note: in instantiation of function template specialization 'std::_Construct_in_place<(anonymous namespace)::numeric<double>, nlohmann::basic_json<> &, nlohmann::json_schema::root_schema *&, std::set<std::basic_string<char>> &>' requested here
[build]  2131 |             _STD _Construct_in_place(_Storage._Value, _STD forward<_Types>(_Args)...);
[build]       |                  ^
[build] C:\Program Files\Microsoft Visual Studio\18\Community\VC\Tools\MSVC\14.51.36231\include\memory(2944,26): note: in instantiation of function template specialization 'std::_Ref_count_obj2<(anonymous namespace)::numeric<double>>::_Ref_count_obj2<nlohmann::basic_json<> &, nlohmann::json_schema::root_schema *&, std::set<std::basic_string<char>> &>' requested here
[build]  2944 |     const auto _Rx = new _Ref_count_obj2<_Ty>(_STD forward<_Types>(_Args)...);
[build]       |                          ^
[build] C:\Users\pperv\code\unnamed_rpg\vendor\json-schema-validator\src\json-validator.cpp(1332,15): note: in instantiation of function template specialization 'std::make_shared<(anonymous namespace)::numeric<double>, nlohmann::basic_json<> &, nlohmann::json_schema::root_schema *&, std::set<std::basic_string<char>> &>' requested here
[build]  1332 |                 return std::make_shared<numeric<json::number_float_t>>(schema, root, kw);
[build]       |                             ^
[build] C:\Users\pperv\code\unnamed_rpg\vendor\json-schema-validator\src\json-validator.cpp(888,29): warning: constructor call from initializer list is incompatible with C++98 [-Wc++98-compat]
[build]   888 |         std::pair<bool, T> minimum_{false, 0};
[build]       |                                    ^~~~~~~~~~
[build] C:\Users\pperv\code\unnamed_rpg\vendor\json-schema-validator\src\json-validator.cpp(941,2): note: in instantiation of default member initializer '(anonymous namespace)::numeric<double>::minimum_' requested here
[build]   941 |         numeric(const json &sch, root_schema *root, std::set<std::string> &kw)
[build]       |         ^
[build] C:\Program Files\Microsoft Visual Studio\18\Community\VC\Tools\MSVC\14.51.36231\include\xutility(661,58): note: in instantiation of member function '(anonymous namespace)::numeric<double>::numeric' requested here
[build]   661 |         ::new (static_cast<void*>(_STD addressof(_Obj))) _Ty(_STD forward<_Types>(_Args)...);
[build]       |                                                          ^
[build] C:\Program Files\Microsoft Visual Studio\18\Community\VC\Tools\MSVC\14.51.36231\include\memory(2131,18): note: in instantiation of function template specialization 'std::_Construct_in_place<(anonymous namespace)::numeric<double>, nlohmann::basic_json<> &, nlohmann::json_schema::root_schema *&, std::set<std::basic_string<char>> &>' requested here
[build]  2131 |             _STD _Construct_in_place(_Storage._Value, _STD forward<_Types>(_Args)...);
[build]       |                  ^
[build] C:\Program Files\Microsoft Visual Studio\18\Community\VC\Tools\MSVC\14.51.36231\include\memory(2944,26): note: in instantiation of function template specialization 'std::_Ref_count_obj2<(anonymous namespace)::numeric<double>>::_Ref_count_obj2<nlohmann::basic_json<> &, nlohmann::json_schema::root_schema *&, std::set<std::basic_string<char>> &>' requested here
[build]  2944 |     const auto _Rx = new _Ref_count_obj2<_Ty>(_STD forward<_Types>(_Args)...);
[build]       |                          ^
[build] C:\Users\pperv\code\unnamed_rpg\vendor\json-schema-validator\src\json-validator.cpp(1332,15): note: in instantiation of function template specialization 'std::make_shared<(anonymous namespace)::numeric<double>, nlohmann::basic_json<> &, nlohmann::json_schema::root_schema *&, std::set<std::basic_string<char>> &>' requested here
[build]  1332 |                 return std::make_shared<numeric<json::number_float_t>>(schema, root, kw);
[build]       |                             ^
[build] C:\Users\pperv\code\unnamed_rpg\vendor\json-schema-validator\src\json-validator.cpp(893,51): warning: constructor call from initializer list is incompatible with C++98 [-Wc++98-compat]
[build]   893 |         std::pair<bool, json::number_float_t> multipleOf_{false, 0};
[build]       |                                                          ^~~~~~~~~~
[build] C:\Users\pperv\code\unnamed_rpg\vendor\json-schema-validator\src\json-validator.cpp(941,2): note: in instantiation of default member initializer '(anonymous namespace)::numeric<double>::multipleOf_' requested here
[build]   941 |         numeric(const json &sch, root_schema *root, std::set<std::string> &kw)
[build]       |         ^
[build] C:\Program Files\Microsoft Visual Studio\18\Community\VC\Tools\MSVC\14.51.36231\include\xutility(661,58): note: in instantiation of member function '(anonymous namespace)::numeric<double>::numeric' requested here
[build]   661 |         ::new (static_cast<void*>(_STD addressof(_Obj))) _Ty(_STD forward<_Types>(_Args)...);
[build]       |                                                          ^
[build] C:\Program Files\Microsoft Visual Studio\18\Community\VC\Tools\MSVC\14.51.36231\include\memory(2131,18): note: in instantiation of function template specialization 'std::_Construct_in_place<(anonymous namespace)::numeric<double>, nlohmann::basic_json<> &, nlohmann::json_schema::root_schema *&, std::set<std::basic_string<char>> &>' requested here
[build]  2131 |             _STD _Construct_in_place(_Storage._Value, _STD forward<_Types>(_Args)...);
[build]       |                  ^
[build] C:\Program Files\Microsoft Visual Studio\18\Community\VC\Tools\MSVC\14.51.36231\include\memory(2944,26): note: in instantiation of function template specialization 'std::_Ref_count_obj2<(anonymous namespace)::numeric<double>>::_Ref_count_obj2<nlohmann::basic_json<> &, nlohmann::json_schema::root_schema *&, std::set<std::basic_string<char>> &>' requested here
[build]  2944 |     const auto _Rx = new _Ref_count_obj2<_Ty>(_STD forward<_Types>(_Args)...);
[build]       |                          ^
[build] C:\Users\pperv\code\unnamed_rpg\vendor\json-schema-validator\src\json-validator.cpp(1332,15): note: in instantiation of function template specialization 'std::make_shared<(anonymous namespace)::numeric<double>, nlohmann::basic_json<> &, nlohmann::json_schema::root_schema *&, std::set<std::basic_string<char>> &>' requested here
[build]  1332 |                 return std::make_shared<numeric<json::number_float_t>>(schema, root, kw);
[build]       |                             ^
[build] C:\Users\pperv\code\unnamed_rpg\vendor\json-schema-validator\src\json-validator.cpp(946,15): warning: constructor call from initializer list is incompatible with C++98 [-Wc++98-compat]
[build]   946 |                         maximum_ = {true, attr.value().get<T>()};
[build]       |                                    ^~~~~~~~~~~~~~~~~~~~~~~~~~~~~
[build] C:\Program Files\Microsoft Visual Studio\18\Community\VC\Tools\MSVC\14.51.36231\include\xutility(661,58): note: in instantiation of member function '(anonymous namespace)::numeric<double>::numeric' requested here
[build]   661 |         ::new (static_cast<void*>(_STD addressof(_Obj))) _Ty(_STD forward<_Types>(_Args)...);
[build]       |                                                          ^
[build] C:\Program Files\Microsoft Visual Studio\18\Community\VC\Tools\MSVC\14.51.36231\include\memory(2131,18): note: in instantiation of function template specialization 'std::_Construct_in_place<(anonymous namespace)::numeric<double>, nlohmann::basic_json<> &, nlohmann::json_schema::root_schema *&, std::set<std::basic_string<char>> &>' requested here
[build]  2131 |             _STD _Construct_in_place(_Storage._Value, _STD forward<_Types>(_Args)...);
[build]       |                  ^
[build] C:\Program Files\Microsoft Visual Studio\18\Community\VC\Tools\MSVC\14.51.36231\include\memory(2944,26): note: in instantiation of function template specialization 'std::_Ref_count_obj2<(anonymous namespace)::numeric<double>>::_Ref_count_obj2<nlohmann::basic_json<> &, nlohmann::json_schema::root_schema *&, std::set<std::basic_string<char>> &>' requested here
[build]  2944 |     const auto _Rx = new _Ref_count_obj2<_Ty>(_STD forward<_Types>(_Args)...);
[build]       |                          ^
[build] C:\Users\pperv\code\unnamed_rpg\vendor\json-schema-validator\src\json-validator.cpp(1332,15): note: in instantiation of function template specialization 'std::make_shared<(anonymous namespace)::numeric<double>, nlohmann::basic_json<> &, nlohmann::json_schema::root_schema *&, std::set<std::basic_string<char>> &>' requested here
[build]  1332 |                 return std::make_shared<numeric<json::number_float_t>>(schema, root, kw);
[build]       |                             ^
[build] C:\Users\pperv\code\unnamed_rpg\vendor\json-schema-validator\src\json-validator.cpp(952,15): warning: constructor call from initializer list is incompatible with C++98 [-Wc++98-compat]
[build]   952 |                         minimum_ = {true, attr.value().get<T>()};
[build]       |                                    ^~~~~~~~~~~~~~~~~~~~~~~~~~~~~
[build] C:\Program Files\Microsoft Visual Studio\18\Community\VC\Tools\MSVC\14.51.36231\include\xutility(661,58): note: in instantiation of member function '(anonymous namespace)::numeric<double>::numeric' requested here
[build]   661 |         ::new (static_cast<void*>(_STD addressof(_Obj))) _Ty(_STD forward<_Types>(_Args)...);
[build]       |                                                          ^
[build] C:\Program Files\Microsoft Visual Studio\18\Community\VC\Tools\MSVC\14.51.36231\include\memory(2131,18): note: in instantiation of function template specialization 'std::_Construct_in_place<(anonymous namespace)::numeric<double>, nlohmann::basic_json<> &, nlohmann::json_schema::root_schema *&, std::set<std::basic_string<char>> &>' requested here
[build]  2131 |             _STD _Construct_in_place(_Storage._Value, _STD forward<_Types>(_Args)...);
[build]       |                  ^
[build] C:\Program Files\Microsoft Visual Studio\18\Community\VC\Tools\MSVC\14.51.36231\include\memory(2944,26): note: in instantiation of function template specialization 'std::_Ref_count_obj2<(anonymous namespace)::numeric<double>>::_Ref_count_obj2<nlohmann::basic_json<> &, nlohmann::json_schema::root_schema *&, std::set<std::basic_string<char>> &>' requested here
[build]  2944 |     const auto _Rx = new _Ref_count_obj2<_Ty>(_STD forward<_Types>(_Args)...);
[build]       |                          ^
[build] C:\Users\pperv\code\unnamed_rpg\vendor\json-schema-validator\src\json-validator.cpp(1332,15): note: in instantiation of function template specialization 'std::make_shared<(anonymous namespace)::numeric<double>, nlohmann::basic_json<> &, nlohmann::json_schema::root_schema *&, std::set<std::basic_string<char>> &>' requested here
[build]  1332 |                 return std::make_shared<numeric<json::number_float_t>>(schema, root, kw);
[build]       |                             ^
[build] C:\Users\pperv\code\unnamed_rpg\vendor\json-schema-validator\src\json-validator.cpp(959,15): warning: constructor call from initializer list is incompatible with C++98 [-Wc++98-compat]
[build]   959 |                         maximum_ = {true, attr.value().get<T>()};
[build]       |                                    ^~~~~~~~~~~~~~~~~~~~~~~~~~~~~
[build] C:\Program Files\Microsoft Visual Studio\18\Community\VC\Tools\MSVC\14.51.36231\include\xutility(661,58): note: in instantiation of member function '(anonymous namespace)::numeric<double>::numeric' requested here
[build]   661 |         ::new (static_cast<void*>(_STD addressof(_Obj))) _Ty(_STD forward<_Types>(_Args)...);
[build]       |                                                          ^
[build] C:\Program Files\Microsoft Visual Studio\18\Community\VC\Tools\MSVC\14.51.36231\include\memory(2131,18): note: in instantiation of function template specialization 'std::_Construct_in_place<(anonymous namespace)::numeric<double>, nlohmann::basic_json<> &, nlohmann::json_schema::root_schema *&, std::set<std::basic_string<char>> &>' requested here
[build]  2131 |             _STD _Construct_in_place(_Storage._Value, _STD forward<_Types>(_Args)...);
[build]       |                  ^
[build] C:\Program Files\Microsoft Visual Studio\18\Community\VC\Tools\MSVC\14.51.36231\include\memory(2944,26): note: in instantiation of function template specialization 'std::_Ref_count_obj2<(anonymous namespace)::numeric<double>>::_Ref_count_obj2<nlohmann::basic_json<> &, nlohmann::json_schema::root_schema *&, std::set<std::basic_string<char>> &>' requested here
[build]  2944 |     const auto _Rx = new _Ref_count_obj2<_Ty>(_STD forward<_Types>(_Args)...);
[build]       |                          ^
[build] C:\Users\pperv\code\unnamed_rpg\vendor\json-schema-validator\src\json-validator.cpp(1332,15): note: in instantiation of function template specialization 'std::make_shared<(anonymous namespace)::numeric<double>, nlohmann::basic_json<> &, nlohmann::json_schema::root_schema *&, std::set<std::basic_string<char>> &>' requested here
[build]  1332 |                 return std::make_shared<numeric<json::number_float_t>>(schema, root, kw);
[build]       |                             ^
[build] C:\Users\pperv\code\unnamed_rpg\vendor\json-schema-validator\src\json-validator.cpp(966,15): warning: constructor call from initializer list is incompatible with C++98 [-Wc++98-compat]
[build]   966 |                         minimum_ = {true, attr.value().get<T>()};
[build]       |                                    ^~~~~~~~~~~~~~~~~~~~~~~~~~~~~
[build] C:\Program Files\Microsoft Visual Studio\18\Community\VC\Tools\MSVC\14.51.36231\include\xutility(661,58): note: in instantiation of member function '(anonymous namespace)::numeric<double>::numeric' requested here
[build]   661 |         ::new (static_cast<void*>(_STD addressof(_Obj))) _Ty(_STD forward<_Types>(_Args)...);
[build]       |                                                          ^
[build] C:\Program Files\Microsoft Visual Studio\18\Community\VC\Tools\MSVC\14.51.36231\include\memory(2131,18): note: in instantiation of function template specialization 'std::_Construct_in_place<(anonymous namespace)::numeric<double>, nlohmann::basic_json<> &, nlohmann::json_schema::root_schema *&, std::set<std::basic_string<char>> &>' requested here
[build]  2131 |             _STD _Construct_in_place(_Storage._Value, _STD forward<_Types>(_Args)...);
[build]       |                  ^
[build] C:\Program Files\Microsoft Visual Studio\18\Community\VC\Tools\MSVC\14.51.36231\include\memory(2944,26): note: in instantiation of function template specialization 'std::_Ref_count_obj2<(anonymous namespace)::numeric<double>>::_Ref_count_obj2<nlohmann::basic_json<> &, nlohmann::json_schema::root_schema *&, std::set<std::basic_string<char>> &>' requested here
[build]  2944 |     const auto _Rx = new _Ref_count_obj2<_Ty>(_STD forward<_Types>(_Args)...);
[build]       |                          ^
[build] C:\Users\pperv\code\unnamed_rpg\vendor\json-schema-validator\src\json-validator.cpp(1332,15): note: in instantiation of function template specialization 'std::make_shared<(anonymous namespace)::numeric<double>, nlohmann::basic_json<> &, nlohmann::json_schema::root_schema *&, std::set<std::basic_string<char>> &>' requested here
[build]  1332 |                 return std::make_shared<numeric<json::number_float_t>>(schema, root, kw);
[build]       |                             ^
[build] C:\Users\pperv\code\unnamed_rpg\vendor\json-schema-validator\src\json-validator.cpp(972,18): warning: constructor call from initializer list is incompatible with C++98 [-Wc++98-compat]
[build]   972 |                         multipleOf_ = {true, attr.value().get<json::number_float_t>()};
[build]       |                                       ^~~~~~~~~~~~~~~~~~~~~~~~~~~~~~~~~~~~~~~~~~~~~~~~
[build] C:\Program Files\Microsoft Visual Studio\18\Community\VC\Tools\MSVC\14.51.36231\include\xutility(661,58): note: in instantiation of member function '(anonymous namespace)::numeric<double>::numeric' requested here
[build]   661 |         ::new (static_cast<void*>(_STD addressof(_Obj))) _Ty(_STD forward<_Types>(_Args)...);
[build]       |                                                          ^
[build] C:\Program Files\Microsoft Visual Studio\18\Community\VC\Tools\MSVC\14.51.36231\include\memory(2131,18): note: in instantiation of function template specialization 'std::_Construct_in_place<(anonymous namespace)::numeric<double>, nlohmann::basic_json<> &, nlohmann::json_schema::root_schema *&, std::set<std::basic_string<char>> &>' requested here
[build]  2131 |             _STD _Construct_in_place(_Storage._Value, _STD forward<_Types>(_Args)...);
[build]       |                  ^
[build] C:\Program Files\Microsoft Visual Studio\18\Community\VC\Tools\MSVC\14.51.36231\include\memory(2944,26): note: in instantiation of function template specialization 'std::_Ref_count_obj2<(anonymous namespace)::numeric<double>>::_Ref_count_obj2<nlohmann::basic_json<> &, nlohmann::json_schema::root_schema *&, std::set<std::basic_string<char>> &>' requested here
[build]  2944 |     const auto _Rx = new _Ref_count_obj2<_Ty>(_STD forward<_Types>(_Args)...);
[build]       |                          ^
[build] C:\Users\pperv\code\unnamed_rpg\vendor\json-schema-validator\src\json-validator.cpp(1332,15): note: in instantiation of function template specialization 'std::make_shared<(anonymous namespace)::numeric<double>, nlohmann::basic_json<> &, nlohmann::json_schema::root_schema *&, std::set<std::basic_string<char>> &>' requested here
[build]  1332 |                 return std::make_shared<numeric<json::number_float_t>>(schema, root, kw);
[build]       |                             ^
[build] C:\Users\pperv\code\unnamed_rpg\vendor\json-schema-validator\src\json-validator.cpp(914,34): warning: comparing floating point with == or != is unsafe [-Wfloat-equal]
[build]   914 |                 if (multipleOf_.first && value != 0) // zero is multiple of everything
[build]       |                                          ~~~~~ ^  ~
[build] C:\Users\pperv\code\unnamed_rpg\vendor\json-schema-validator\src\json-validator.cpp(941,2): note: in instantiation of member function '(anonymous namespace)::numeric<double>::validate' requested here
[build]   941 |         numeric(const json &sch, root_schema *root, std::set<std::string> &kw)
[build]       |         ^
[build] C:\Program Files\Microsoft Visual Studio\18\Community\VC\Tools\MSVC\14.51.36231\include\xutility(661,58): note: in instantiation of member function '(anonymous namespace)::numeric<double>::numeric' requested here
[build]   661 |         ::new (static_cast<void*>(_STD addressof(_Obj))) _Ty(_STD forward<_Types>(_Args)...);
[build]       |                                                          ^
[build] C:\Program Files\Microsoft Visual Studio\18\Community\VC\Tools\MSVC\14.51.36231\include\memory(2131,18): note: in instantiation of function template specialization 'std::_Construct_in_place<(anonymous namespace)::numeric<double>, nlohmann::basic_json<> &, nlohmann::json_schema::root_schema *&, std::set<std::basic_string<char>> &>' requested here
[build]  2131 |             _STD _Construct_in_place(_Storage._Value, _STD forward<_Types>(_Args)...);
[build]       |                  ^
[build] C:\Program Files\Microsoft Visual Studio\18\Community\VC\Tools\MSVC\14.51.36231\include\memory(2944,26): note: in instantiation of function template specialization 'std::_Ref_count_obj2<(anonymous namespace)::numeric<double>>::_Ref_count_obj2<nlohmann::basic_json<> &, nlohmann::json_schema::root_schema *&, std::set<std::basic_string<char>> &>' requested here
[build]  2944 |     const auto _Rx = new _Ref_count_obj2<_Ty>(_STD forward<_Types>(_Args)...);
[build]       |                          ^
[build] C:\Users\pperv\code\unnamed_rpg\vendor\json-schema-validator\src\json-validator.cpp(1332,15): note: in instantiation of function template specialization 'std::make_shared<(anonymous namespace)::numeric<double>, nlohmann::basic_json<> &, nlohmann::json_schema::root_schema *&, std::set<std::basic_string<char>> &>' requested here
[build]  1332 |                 return std::make_shared<numeric<json::number_float_t>>(schema, root, kw);
[build]       |                             ^
[build] C:\Users\pperv\code\unnamed_rpg\vendor\json-schema-validator\src\json-validator.cpp(1205,26): warning: padding class '(anonymous namespace)::array' with 7 bytes to align 'items_schema_' [-Wpadded]
[build]  1205 |         std::shared_ptr<schema> items_schema_;
[build]       |                                 ^
[build] C:\Users\pperv\code\unnamed_rpg\vendor\json-schema-validator\src\json-validator.cpp(1000,7): warning: padding size of '(anonymous namespace)::boolean' with 7 bytes to alignment boundary [-Wpadded]
[build]  1000 | class boolean : public schema
[build]       |       ^
[build] In file included from C:\Users\pperv\code\unnamed_rpg\vendor\json-schema-validator\src\json-validator.cpp:9:
[build] In file included from C:\Users\pperv\code\unnamed_rpg\vendor\json-schema-validator\src\nlohmann/json-schema.hpp:24:
[build] C:\Users\pperv\code\unnamed_rpg\vendor\json\include\nlohmann/json.hpp(2724,9): warning: 'auto' type specifier is incompatible with C++98 [-Wc++98-compat]
[build]  2724 |         auto result = end();
[build]       |         ^~~~
[build] In file included from C:\Users\pperv\code\unnamed_rpg\vendor\json-schema-validator\src\json-validator.cpp:9:
[build] In file included from C:\Users\pperv\code\unnamed_rpg\vendor\json-schema-validator\src\nlohmann/json-schema.hpp:24:
[build] In file included from C:\Users\pperv\code\unnamed_rpg\vendor\json\include\nlohmann/json.hpp:68:
[build] In file included from C:\Users\pperv\code\unnamed_rpg\vendor\json\include\nlohmann/detail/output/binary_writer.hpp:24:
[build] C:\Users\pperv\code\unnamed_rpg\vendor\json\include\nlohmann/detail/output/output_adapters.hpp(135,73): warning: consecutive right angle brackets are incompatible with C++98 (use '> >') [-Wc++98-compat]
[build]   135 |         : oa(std::make_shared<output_string_adapter<CharType, StringType>>(s)) {}
[build]       |                                                                         ^~
[build]       |                                                                         > >
[build] In file included from C:\Users\pperv\code\unnamed_rpg\vendor\json-schema-validator\src\json-validator.cpp:9:
[build] In file included from C:\Users\pperv\code\unnamed_rpg\vendor\json-schema-validator\src\nlohmann/json-schema.hpp:24:
[build] C:\Users\pperv\code\unnamed_rpg\vendor\json\include\nlohmann/json.hpp(1054,40): warning: enumeration type in nested name specifier is incompatible with C++98 [-Wc++98-compat]
[build]  1054 |         return basic_json(init, false, value_t::array);
[build]       |                                        ^
[build] C:\Users\pperv\code\unnamed_rpg\vendor\json-schema-validator\src\json-patch.hpp(37,28): note: in instantiation of member function 'nlohmann::basic_json<>::array' requested here
[build]    37 |         json j_ = nlohmann::json::array();
[build]       |                                   ^
[build] C:\Users\pperv\code\unnamed_rpg\vendor\json-schema-validator\src\json-validator.cpp(125,21): warning: unused member function 'id' [-Wunused-member-function]
[build]   125 |         const std::string &id() const { return id_; }
[build]       |                            ^~
[build] In file included from C:\Users\pperv\code\unnamed_rpg\vendor\json-schema-validator\src\json-validator.cpp:9:
[build] In file included from C:\Users\pperv\code\unnamed_rpg\vendor\json-schema-validator\src\nlohmann/json-schema.hpp:24:
[build] In file included from C:\Users\pperv\code\unnamed_rpg\vendor\json\include\nlohmann/json.hpp:60:
[build] C:\Users\pperv\code\unnamed_rpg\vendor\json\include\nlohmann/detail/json_pointer.hpp(271,40): warning: function 'strtoull' is unsafe [-Wunsafe-buffer-usage-in-libc-call]
[build]   271 |         const unsigned long long res = std::strtoull(p, &p_end, 10); // NOLINT(runtime/int)
[build]       |                                        ^~~~~~~~~~~~~~~~~~~~~~~~~~~~
[build] In file included from C:\Users\pperv\code\unnamed_rpg\vendor\json-schema-validator\src\json-validator.cpp:9:
[build] In file included from C:\Users\pperv\code\unnamed_rpg\vendor\json-schema-validator\src\nlohmann/json-schema.hpp:24:
[build] In file included from C:\Users\pperv\code\unnamed_rpg\vendor\json\include\nlohmann/json.hpp:44:
[build] In file included from C:\Users\pperv\code\unnamed_rpg\vendor\json\include\nlohmann/adl_serializer.hpp:14:
[build] In file included from C:\Users\pperv\code\unnamed_rpg\vendor\json\include\nlohmann/detail/conversions/from_json.hpp:24:
[build] In file included from C:\Users\pperv\code\unnamed_rpg\vendor\json\include\nlohmann/detail/exceptions.hpp:26:
[build] C:\Users\pperv\code\unnamed_rpg\vendor\json\include\nlohmann/detail/string_concat.hpp(43,12): warning: function 'strlen' is unsafe [-Wunsafe-buffer-usage-in-libc-call]
[build]    43 |     return ::strlen(cstr) + concat_length(rest...);
[build]       |            ^~~~~~~~~~~~~~
[build] C:\Users\pperv\code\unnamed_rpg\vendor\json\include\nlohmann/detail/string_concat.hpp(43,12): warning: function 'strlen' is unsafe [-Wunsafe-buffer-usage-in-libc-call]
[build]    43 |     return ::strlen(cstr) + concat_length(rest...);
[build]       |            ^~~~~~~~~~~~~~
[build] C:\Users\pperv\code\unnamed_rpg\vendor\json\include\nlohmann/detail/string_concat.hpp(43,12): warning: function 'strlen' is unsafe [-Wunsafe-buffer-usage-in-libc-call]
[build]    43 |     return ::strlen(cstr) + concat_length(rest...);
[build]       |            ^~~~~~~~~~~~~~
[build] C:\Users\pperv\code\unnamed_rpg\vendor\json\include\nlohmann/detail/string_concat.hpp(43,12): warning: function 'strlen' is unsafe [-Wunsafe-buffer-usage-in-libc-call]
[build]    43 |     return ::strlen(cstr) + concat_length(rest...);
[build]       |            ^~~~~~~~~~~~~~
[build] C:\Users\pperv\code\unnamed_rpg\vendor\json\include\nlohmann/detail/string_concat.hpp(43,12): warning: function 'strlen' is unsafe [-Wunsafe-buffer-usage-in-libc-call]
[build]    43 |     return ::strlen(cstr) + concat_length(rest...);
[build]       |            ^~~~~~~~~~~~~~
[build] C:\Users\pperv\code\unnamed_rpg\vendor\json\include\nlohmann/detail/string_concat.hpp(43,12): warning: function 'strlen' is unsafe [-Wunsafe-buffer-usage-in-libc-call]
[build]    43 |     return ::strlen(cstr) + concat_length(rest...);
[build]       |            ^~~~~~~~~~~~~~
[build] C:\Users\pperv\code\unnamed_rpg\vendor\json\include\nlohmann/detail/string_concat.hpp(43,12): warning: function 'strlen' is unsafe [-Wunsafe-buffer-usage-in-libc-call]
[build]    43 |     return ::strlen(cstr) + concat_length(rest...);
[build]       |            ^~~~~~~~~~~~~~
[build] C:\Users\pperv\code\unnamed_rpg\vendor\json\include\nlohmann/detail/string_concat.hpp(43,12): warning: function 'strlen' is unsafe [-Wunsafe-buffer-usage-in-libc-call]
[build]    43 |     return ::strlen(cstr) + concat_length(rest...);
[build]       |            ^~~~~~~~~~~~~~
[build] C:\Users\pperv\code\unnamed_rpg\vendor\json\include\nlohmann/detail/string_concat.hpp(43,12): warning: function 'strlen' is unsafe [-Wunsafe-buffer-usage-in-libc-call]
[build]    43 |     return ::strlen(cstr) + concat_length(rest...);
[build]       |            ^~~~~~~~~~~~~~
[build] C:\Users\pperv\code\unnamed_rpg\vendor\json\include\nlohmann/detail/string_concat.hpp(43,12): warning: function 'strlen' is unsafe [-Wunsafe-buffer-usage-in-libc-call]
[build]    43 |     return ::strlen(cstr) + concat_length(rest...);
[build]       |            ^~~~~~~~~~~~~~
[build] C:\Users\pperv\code\unnamed_rpg\vendor\json\include\nlohmann/detail/string_concat.hpp(43,12): warning: function 'strlen' is unsafe [-Wunsafe-buffer-usage-in-libc-call]
[build]    43 |     return ::strlen(cstr) + concat_length(rest...);
[build]       |            ^~~~~~~~~~~~~~
[build] C:\Users\pperv\code\unnamed_rpg\vendor\json\include\nlohmann/detail/string_concat.hpp(43,12): warning: function 'strlen' is unsafe [-Wunsafe-buffer-usage-in-libc-call]
[build]    43 |     return ::strlen(cstr) + concat_length(rest...);
[build]       |            ^~~~~~~~~~~~~~
[build] C:\Users\pperv\code\unnamed_rpg\vendor\json\include\nlohmann/detail/string_concat.hpp(43,12): warning: function 'strlen' is unsafe [-Wunsafe-buffer-usage-in-libc-call]
[build]    43 |     return ::strlen(cstr) + concat_length(rest...);
[build]       |            ^~~~~~~~~~~~~~
[build] C:\Users\pperv\code\unnamed_rpg\vendor\json\include\nlohmann/detail/string_concat.hpp(43,12): warning: function 'strlen' is unsafe [-Wunsafe-buffer-usage-in-libc-call]
[build]    43 |     return ::strlen(cstr) + concat_length(rest...);
[build]       |            ^~~~~~~~~~~~~~
[build] C:\Users\pperv\code\unnamed_rpg\vendor\json\include\nlohmann/detail/string_concat.hpp(43,12): warning: function 'strlen' is unsafe [-Wunsafe-buffer-usage-in-libc-call]
[build]    43 |     return ::strlen(cstr) + concat_length(rest...);
[build]       |            ^~~~~~~~~~~~~~
[build] C:\Users\pperv\code\unnamed_rpg\vendor\json\include\nlohmann/detail/string_concat.hpp(43,12): warning: function 'strlen' is unsafe [-Wunsafe-buffer-usage-in-libc-call]
[build]    43 |     return ::strlen(cstr) + concat_length(rest...);
[build]       |            ^~~~~~~~~~~~~~
[build] In file included from C:\Users\pperv\code\unnamed_rpg\vendor\json-schema-validator\src\json-validator.cpp:9:
[build] In file included from C:\Users\pperv\code\unnamed_rpg\vendor\json-schema-validator\src\nlohmann/json-schema.hpp:24:
[build] In file included from C:\Users\pperv\code\unnamed_rpg\vendor\json\include\nlohmann/json.hpp:50:
[build] In file included from C:\Users\pperv\code\unnamed_rpg\vendor\json\include\nlohmann/detail/input/binary_reader.hpp:29:
[build] In file included from C:\Users\pperv\code\unnamed_rpg\vendor\json\include\nlohmann/detail/input/json_sax.hpp:18:
[build] C:\Users\pperv\code\unnamed_rpg\vendor\json\include\nlohmann/detail/input/lexer.hpp(251,68): warning: unsafe pointer arithmetic [-Wunsafe-buffer-usage]
[build]   251 |         for (auto range = ranges.begin(); range != ranges.end(); ++range)
[build]       |                                                                    ^~~~~
[build] C:\Users\pperv\code\unnamed_rpg\vendor\json\include\nlohmann/detail/input/lexer.hpp(254,72): warning: unsafe pointer arithmetic [-Wunsafe-buffer-usage]
[build]   254 |             if (JSON_HEDLEY_LIKELY(*range <= current && current <= *(++range))) // NOLINT(bugprone-inc-dec-in-conditions)
[build]       |                                                                        ^~~~~
[build] C:\Users\pperv\code\unnamed_rpg\vendor\json\include\nlohmann/detail/input/lexer.hpp(953,13): warning: function 'strtod' is unsafe [-Wunsafe-buffer-usage-in-libc-call]
[build]   953 |         f = std::strtod(str, endptr);
[build]       |             ^~~~~~~~~~~~~~~~~~~~~~~~
[build] C:\Users\pperv\code\unnamed_rpg\vendor\json\include\nlohmann/detail/input/lexer.hpp(1288,28): warning: function 'strtoull' is unsafe [-Wunsafe-buffer-usage-in-libc-call]
[build]  1288 |             const auto x = std::strtoull(token_buffer.data(), &endptr, 10);
[build]       |                            ^~~~~~~~~~~~~~~~~~~~~~~~~~~~~~~~~~~~~~~~~~~~~~~
[build] C:\Users\pperv\code\unnamed_rpg\vendor\json\include\nlohmann/detail/input/lexer.hpp(1291,48): warning: unsafe pointer arithmetic [-Wunsafe-buffer-usage]
[build]  1291 |             JSON_ASSERT(endptr == token_buffer.data() + token_buffer.size());
[build]       |                                   ~~~~~~~~~~~~~^~~~~~
[build] C:\Users\pperv\code\unnamed_rpg\vendor\json\include\nlohmann/detail/macro_scope.hpp(233,35): note: expanded from macro 'JSON_ASSERT'
[build]   233 |     #define JSON_ASSERT(x) assert(x)
[build]       |                                   ^
[build] C:\Program Files (x86)\Windows Kits\10\include\10.0.26100.0\ucrt\assert.h(40,17): note: expanded from macro 'assert'
[build]    40 |             (!!(expression)) ||                                                               \
[build]       |                 ^~~~~~~~~~
[build] In file included from C:\Users\pperv\code\unnamed_rpg\vendor\json-schema-validator\src\json-validator.cpp:9:
[build] In file included from C:\Users\pperv\code\unnamed_rpg\vendor\json-schema-validator\src\nlohmann/json-schema.hpp:24:
[build] In file included from C:\Users\pperv\code\unnamed_rpg\vendor\json\include\nlohmann/json.hpp:50:
[build] In file included from C:\Users\pperv\code\unnamed_rpg\vendor\json\include\nlohmann/detail/input/binary_reader.hpp:29:
[build] In file included from C:\Users\pperv\code\unnamed_rpg\vendor\json\include\nlohmann/detail/input/json_sax.hpp:18:
[build] C:\Users\pperv\code\unnamed_rpg\vendor\json\include\nlohmann/detail/input/lexer.hpp(1304,28): warning: function 'strtoll' is unsafe [-Wunsafe-buffer-usage-in-libc-call]
[build]  1304 |             const auto x = std::strtoll(token_buffer.data(), &endptr, 10);
[build]       |                            ^~~~~~~~~~~~~~~~~~~~~~~~~~~~~~~~~~~~~~~~~~~~~~
[build] C:\Users\pperv\code\unnamed_rpg\vendor\json\include\nlohmann/detail/input/lexer.hpp(1307,48): warning: unsafe pointer arithmetic [-Wunsafe-buffer-usage]
[build]  1307 |             JSON_ASSERT(endptr == token_buffer.data() + token_buffer.size());
[build]       |                                   ~~~~~~~~~~~~~^~~~~~
[build] C:\Users\pperv\code\unnamed_rpg\vendor\json\include\nlohmann/detail/macro_scope.hpp(233,35): note: expanded from macro 'JSON_ASSERT'
[build]   233 |     #define JSON_ASSERT(x) assert(x)
[build]       |                                   ^
[build] C:\Program Files (x86)\Windows Kits\10\include\10.0.26100.0\ucrt\assert.h(40,17): note: expanded from macro 'assert'
[build]    40 |             (!!(expression)) ||                                                               \
[build]       |                 ^~~~~~~~~~
[build] In file included from C:\Users\pperv\code\unnamed_rpg\vendor\json-schema-validator\src\json-validator.cpp:9:
[build] In file included from C:\Users\pperv\code\unnamed_rpg\vendor\json-schema-validator\src\nlohmann/json-schema.hpp:24:
[build] In file included from C:\Users\pperv\code\unnamed_rpg\vendor\json\include\nlohmann/json.hpp:50:
[build] In file included from C:\Users\pperv\code\unnamed_rpg\vendor\json\include\nlohmann/detail/input/binary_reader.hpp:29:
[build] In file included from C:\Users\pperv\code\unnamed_rpg\vendor\json\include\nlohmann/detail/input/json_sax.hpp:18:
[build] C:\Users\pperv\code\unnamed_rpg\vendor\json\include\nlohmann/detail/input/lexer.hpp(1324,44): warning: unsafe pointer arithmetic [-Wunsafe-buffer-usage]
[build]  1324 |         JSON_ASSERT(endptr == token_buffer.data() + token_buffer.size());
[build]       |                               ~~~~~~~~~~~~~^~~~~~
[build] C:\Users\pperv\code\unnamed_rpg\vendor\json\include\nlohmann/detail/macro_scope.hpp(233,35): note: expanded from macro 'JSON_ASSERT'
[build]   233 |     #define JSON_ASSERT(x) assert(x)
[build]       |                                   ^
[build] C:\Program Files (x86)\Windows Kits\10\include\10.0.26100.0\ucrt\assert.h(40,17): note: expanded from macro 'assert'
[build]    40 |             (!!(expression)) ||                                                               \
[build]       |                 ^~~~~~~~~~
[build] In file included from C:\Users\pperv\code\unnamed_rpg\vendor\json-schema-validator\src\json-validator.cpp:9:
[build] In file included from C:\Users\pperv\code\unnamed_rpg\vendor\json-schema-validator\src\nlohmann/json-schema.hpp:24:
[build] In file included from C:\Users\pperv\code\unnamed_rpg\vendor\json\include\nlohmann/json.hpp:50:
[build] In file included from C:\Users\pperv\code\unnamed_rpg\vendor\json\include\nlohmann/detail/input/binary_reader.hpp:29:
[build] In file included from C:\Users\pperv\code\unnamed_rpg\vendor\json\include\nlohmann/detail/input/json_sax.hpp:18:
[build] C:\Users\pperv\code\unnamed_rpg\vendor\json\include\nlohmann/detail/input/lexer.hpp(1341,85): warning: unsafe buffer access [-Wunsafe-buffer-usage]
[build]  1341 |             if (JSON_HEDLEY_UNLIKELY(char_traits<char_type>::to_char_type(get()) != literal_text[i]))
[build]       |                                                                                     ^~~~~~~~~~~~
[build] In file included from C:\Users\pperv\code\unnamed_rpg\vendor\json-schema-validator\src\json-validator.cpp:9:
[build] In file included from C:\Users\pperv\code\unnamed_rpg\vendor\json-schema-validator\src\nlohmann/json-schema.hpp:24:
[build] In file included from C:\Users\pperv\code\unnamed_rpg\vendor\json\include\nlohmann/json.hpp:70:
[build] In file included from C:\Users\pperv\code\unnamed_rpg\vendor\json\include\nlohmann/detail/output/serializer.hpp:25:
[build] C:\Users\pperv\code\unnamed_rpg\vendor\json\include\nlohmann/detail/conversions/to_chars.hpp(53,5): warning: function 'memcpy' is unsafe [-Wunsafe-buffer-usage-in-libc-call]
[build]    53 |     std::memcpy(&target, &source, sizeof(Source));
[build]       |     ^~~~~~~~~~~~~~~~~~~~~~~~~~~~~~~~~~~~~~~~~~~~~
[build] C:\Users\pperv\code\unnamed_rpg\vendor\json\include\nlohmann/detail/conversions/to_chars.hpp(577,21): warning: unsafe buffer access [-Wunsafe-buffer-usage]
[build]   577 |         JSON_ASSERT(buf[len - 1] != '0');
[build]       |                     ^~~
[build] C:\Users\pperv\code\unnamed_rpg\vendor\json\include\nlohmann/detail/conversions/to_chars.hpp(578,9): warning: unsafe buffer access [-Wunsafe-buffer-usage]
[build]   578 |         buf[len - 1]--;
[build]       |         ^~~
[build] C:\Users\pperv\code\unnamed_rpg\vendor\json\include\nlohmann/detail/conversions/to_chars.hpp(664,9): warning: unsafe buffer access [-Wunsafe-buffer-usage]
[build]   664 |         buffer[length++] = static_cast<char>('0' + d); // buffer := buffer * 10 + d
[build]       |         ^~~~~~
[build] C:\Users\pperv\code\unnamed_rpg\vendor\json\include\nlohmann/detail/conversions/to_chars.hpp(771,9): warning: unsafe buffer access [-Wunsafe-buffer-usage]
[build]   771 |         buffer[length++] = static_cast<char>('0' + d); // buffer := buffer * 10 + d
[build]       |         ^~~~~~
[build] C:\Users\pperv\code\unnamed_rpg\vendor\json\include\nlohmann/detail/conversions/to_chars.hpp(936,10): warning: unsafe pointer arithmetic [-Wunsafe-buffer-usage]
[build]   936 |         *buf++ = '-';
[build]       |          ^~~
[build] C:\Users\pperv\code\unnamed_rpg\vendor\json\include\nlohmann/detail/conversions/to_chars.hpp(940,10): warning: unsafe pointer arithmetic [-Wunsafe-buffer-usage]
[build]   940 |         *buf++ = '+';
[build]       |          ^~~
[build] C:\Users\pperv\code\unnamed_rpg\vendor\json\include\nlohmann/detail/conversions/to_chars.hpp(948,10): warning: unsafe pointer arithmetic [-Wunsafe-buffer-usage]
[build]   948 |         *buf++ = '0';
[build]       |          ^~~
[build] C:\Users\pperv\code\unnamed_rpg\vendor\json\include\nlohmann/detail/conversions/to_chars.hpp(949,10): warning: unsafe pointer arithmetic [-Wunsafe-buffer-usage]
[build]   949 |         *buf++ = static_cast<char>('0' + k);
[build]       |          ^~~
[build] C:\Users\pperv\code\unnamed_rpg\vendor\json\include\nlohmann/detail/conversions/to_chars.hpp(953,10): warning: unsafe pointer arithmetic [-Wunsafe-buffer-usage]
[build]   953 |         *buf++ = static_cast<char>('0' + (k / 10));
[build]       |          ^~~
[build] C:\Users\pperv\code\unnamed_rpg\vendor\json\include\nlohmann/detail/conversions/to_chars.hpp(955,10): warning: unsafe pointer arithmetic [-Wunsafe-buffer-usage]
[build]   955 |         *buf++ = static_cast<char>('0' + k);
[build]       |          ^~~
[build] C:\Users\pperv\code\unnamed_rpg\vendor\json\include\nlohmann/detail/conversions/to_chars.hpp(959,10): warning: unsafe pointer arithmetic [-Wunsafe-buffer-usage]
[build]   959 |         *buf++ = static_cast<char>('0' + (k / 100));
[build]       |          ^~~
[build] C:\Users\pperv\code\unnamed_rpg\vendor\json\include\nlohmann/detail/conversions/to_chars.hpp(961,10): warning: unsafe pointer arithmetic [-Wunsafe-buffer-usage]
[build]   961 |         *buf++ = static_cast<char>('0' + (k / 10));
[build]       |          ^~~
[build] C:\Users\pperv\code\unnamed_rpg\vendor\json\include\nlohmann/detail/conversions/to_chars.hpp(963,10): warning: unsafe pointer arithmetic [-Wunsafe-buffer-usage]
[build]   963 |         *buf++ = static_cast<char>('0' + k);
[build]       |          ^~~
[build] C:\Users\pperv\code\unnamed_rpg\vendor\json\include\nlohmann/detail/conversions/to_chars.hpp(998,9): warning: function 'memset' is unsafe [-Wunsafe-buffer-usage-in-libc-call]
[build]   998 |         std::memset(buf + k, '0', static_cast<size_t>(n) - static_cast<size_t>(k));
[build]       |         ^~~~~~~~~~~~~~~~~~~~~~~~~~~~~~~~~~~~~~~~~~~~~~~~~~~~~~~~~~~~~~~~~~~~~~~~~~
[build] C:\Users\pperv\code\unnamed_rpg\vendor\json\include\nlohmann/detail/conversions/to_chars.hpp(998,21): warning: unsafe pointer arithmetic [-Wunsafe-buffer-usage]
[build]   998 |         std::memset(buf + k, '0', static_cast<size_t>(n) - static_cast<size_t>(k));
[build]       |                     ^~~
[build] C:\Users\pperv\code\unnamed_rpg\vendor\json\include\nlohmann/detail/conversions/to_chars.hpp(1000,9): warning: unsafe buffer access [-Wunsafe-buffer-usage]
[build]  1000 |         buf[n + 0] = '.';
[build]       |         ^~~
[build] C:\Users\pperv\code\unnamed_rpg\vendor\json\include\nlohmann/detail/conversions/to_chars.hpp(1001,9): warning: unsafe buffer access [-Wunsafe-buffer-usage]
[build]  1001 |         buf[n + 1] = '0';
[build]       |         ^~~
[build] C:\Users\pperv\code\unnamed_rpg\vendor\json\include\nlohmann/detail/conversions/to_chars.hpp(1002,16): warning: unsafe pointer arithmetic [-Wunsafe-buffer-usage]
[build]  1002 |         return buf + (static_cast<size_t>(n) + 2);
[build]       |                ^~~
[build] C:\Users\pperv\code\unnamed_rpg\vendor\json\include\nlohmann/detail/conversions/to_chars.hpp(1012,9): warning: function 'memmove' is unsafe [-Wunsafe-buffer-usage-in-libc-call]
[build]  1012 |         std::memmove(buf + (static_cast<size_t>(n) + 1), buf + n, static_cast<size_t>(k) - static_cast<size_t>(n));
[build]       |         ^~~~~~~~~~~~~~~~~~~~~~~~~~~~~~~~~~~~~~~~~~~~~~~~~~~~~~~~~~~~~~~~~~~~~~~~~~~~~~~~~~~~~~~~~~~~~~~~~~~~~~~~~~
[build] C:\Users\pperv\code\unnamed_rpg\vendor\json\include\nlohmann/detail/conversions/to_chars.hpp(1012,22): warning: unsafe pointer arithmetic [-Wunsafe-buffer-usage]
[build]  1012 |         std::memmove(buf + (static_cast<size_t>(n) + 1), buf + n, static_cast<size_t>(k) - static_cast<size_t>(n));
[build]       |                      ^~~
[build] C:\Users\pperv\code\unnamed_rpg\vendor\json\include\nlohmann/detail/conversions/to_chars.hpp(1012,58): warning: unsafe pointer arithmetic [-Wunsafe-buffer-usage]
[build]  1012 |         std::memmove(buf + (static_cast<size_t>(n) + 1), buf + n, static_cast<size_t>(k) - static_cast<size_t>(n));
[build]       |                                                          ^~~
[build] C:\Users\pperv\code\unnamed_rpg\vendor\json\include\nlohmann/detail/conversions/to_chars.hpp(1013,9): warning: unsafe buffer access [-Wunsafe-buffer-usage]
[build]  1013 |         buf[n] = '.';
[build]       |         ^~~
[build] C:\Users\pperv\code\unnamed_rpg\vendor\json\include\nlohmann/detail/conversions/to_chars.hpp(1014,16): warning: unsafe pointer arithmetic [-Wunsafe-buffer-usage]
[build]  1014 |         return buf + (static_cast<size_t>(k) + 1U);
[build]       |                ^~~
[build] C:\Users\pperv\code\unnamed_rpg\vendor\json\include\nlohmann/detail/conversions/to_chars.hpp(1022,9): warning: function 'memmove' is unsafe [-Wunsafe-buffer-usage-in-libc-call]
[build]  1022 |         std::memmove(buf + (2 + static_cast<size_t>(-n)), buf, static_cast<size_t>(k));
[build]       |         ^~~~~~~~~~~~~~~~~~~~~~~~~~~~~~~~~~~~~~~~~~~~~~~~~~~~~~~~~~~~~~~~~~~~~~~~~~~~~~
[build] C:\Users\pperv\code\unnamed_rpg\vendor\json\include\nlohmann/detail/conversions/to_chars.hpp(1022,22): warning: unsafe pointer arithmetic [-Wunsafe-buffer-usage]
[build]  1022 |         std::memmove(buf + (2 + static_cast<size_t>(-n)), buf, static_cast<size_t>(k));
[build]       |                      ^~~
[build] C:\Users\pperv\code\unnamed_rpg\vendor\json\include\nlohmann/detail/conversions/to_chars.hpp(1024,9): warning: unsafe buffer access [-Wunsafe-buffer-usage]
[build]  1024 |         buf[1] = '.';
[build]       |         ^~~
[build] C:\Users\pperv\code\unnamed_rpg\vendor\json\include\nlohmann/detail/conversions/to_chars.hpp(1025,9): warning: function 'memset' is unsafe [-Wunsafe-buffer-usage-in-libc-call]
[build]  1025 |         std::memset(buf + 2, '0', static_cast<size_t>(-n));
[build]       |         ^~~~~~~~~~~~~~~~~~~~~~~~~~~~~~~~~~~~~~~~~~~~~~~~~~
[build] C:\Users\pperv\code\unnamed_rpg\vendor\json\include\nlohmann/detail/conversions/to_chars.hpp(1025,21): warning: unsafe pointer arithmetic [-Wunsafe-buffer-usage]
[build]  1025 |         std::memset(buf + 2, '0', static_cast<size_t>(-n));
[build]       |                     ^~~
[build] C:\Users\pperv\code\unnamed_rpg\vendor\json\include\nlohmann/detail/conversions/to_chars.hpp(1026,16): warning: unsafe pointer arithmetic [-Wunsafe-buffer-usage]
[build]  1026 |         return buf + (2U + static_cast<size_t>(-n) + static_cast<size_t>(k));
[build]       |                ^~~
[build] C:\Users\pperv\code\unnamed_rpg\vendor\json\include\nlohmann/detail/conversions/to_chars.hpp(1034,9): warning: unsafe pointer arithmetic [-Wunsafe-buffer-usage]
[build]  1034 |         buf += 1;
[build]       |         ^~~
[build] C:\Users\pperv\code\unnamed_rpg\vendor\json\include\nlohmann/detail/conversions/to_chars.hpp(1041,9): warning: function 'memmove' is unsafe [-Wunsafe-buffer-usage-in-libc-call]
[build]  1041 |         std::memmove(buf + 2, buf + 1, static_cast<size_t>(k) - 1);
[build]       |         ^~~~~~~~~~~~~~~~~~~~~~~~~~~~~~~~~~~~~~~~~~~~~~~~~~~~~~~~~~
[build] C:\Users\pperv\code\unnamed_rpg\vendor\json\include\nlohmann/detail/conversions/to_chars.hpp(1041,22): warning: unsafe pointer arithmetic [-Wunsafe-buffer-usage]
[build]  1041 |         std::memmove(buf + 2, buf + 1, static_cast<size_t>(k) - 1);
[build]       |                      ^~~
[build] C:\Users\pperv\code\unnamed_rpg\vendor\json\include\nlohmann/detail/conversions/to_chars.hpp(1041,31): warning: unsafe pointer arithmetic [-Wunsafe-buffer-usage]
[build]  1041 |         std::memmove(buf + 2, buf + 1, static_cast<size_t>(k) - 1);
[build]       |                               ^~~
[build] C:\Users\pperv\code\unnamed_rpg\vendor\json\include\nlohmann/detail/conversions/to_chars.hpp(1042,9): warning: unsafe buffer access [-Wunsafe-buffer-usage]
[build]  1042 |         buf[1] = '.';
[build]       |         ^~~
[build] C:\Users\pperv\code\unnamed_rpg\vendor\json\include\nlohmann/detail/conversions/to_chars.hpp(1043,9): warning: unsafe pointer arithmetic [-Wunsafe-buffer-usage]
[build]  1043 |         buf += 1 + static_cast<size_t>(k);
[build]       |         ^~~
[build] C:\Users\pperv\code\unnamed_rpg\vendor\json\include\nlohmann/detail/conversions/to_chars.hpp(1046,6): warning: unsafe pointer arithmetic [-Wunsafe-buffer-usage]
[build]  1046 |     *buf++ = 'e';
[build]       |      ^~~
[build] C:\Users\pperv\code\unnamed_rpg\vendor\json\include\nlohmann/detail/conversions/to_chars.hpp(1074,10): warning: unsafe pointer arithmetic [-Wunsafe-buffer-usage]
[build]  1074 |         *first++ = '-';
[build]       |          ^~~~~
[build] C:\Users\pperv\code\unnamed_rpg\vendor\json\include\nlohmann/detail/conversions/to_chars.hpp(1083,10): warning: unsafe pointer arithmetic [-Wunsafe-buffer-usage]
[build]  1083 |         *first++ = '0';
[build]       |          ^~~~~
[build] C:\Users\pperv\code\unnamed_rpg\vendor\json\include\nlohmann/detail/conversions/to_chars.hpp(1085,10): warning: unsafe pointer arithmetic [-Wunsafe-buffer-usage]
[build]  1085 |         *first++ = '.';
[build]       |          ^~~~~
[build] C:\Users\pperv\code\unnamed_rpg\vendor\json\include\nlohmann/detail/conversions/to_chars.hpp(1086,10): warning: unsafe pointer arithmetic [-Wunsafe-buffer-usage]
[build]  1086 |         *first++ = '0';
[build]       |          ^~~~~
[build] In file included from C:\Users\pperv\code\unnamed_rpg\vendor\json-schema-validator\src\json-validator.cpp:9:
[build] In file included from C:\Users\pperv\code\unnamed_rpg\vendor\json-schema-validator\src\nlohmann/json-schema.hpp:24:
[build] In file included from C:\Users\pperv\code\unnamed_rpg\vendor\json\include\nlohmann/json.hpp:70:
[build] C:\Users\pperv\code\unnamed_rpg\vendor\json\include\nlohmann/detail/output/serializer.hpp(675,21): warning: unsafe buffer access [-Wunsafe-buffer-usage]
[build]   675 |         result[0] = nibble_to_hex[byte / 16];
[build]       |                     ^~~~~~~~~~~~~
[build] C:\Users\pperv\code\unnamed_rpg\vendor\json\include\nlohmann/detail/output/serializer.hpp(676,21): warning: unsafe buffer access [-Wunsafe-buffer-usage]
[build]   676 |         result[1] = nibble_to_hex[byte % 16];
[build]       |                     ^~~~~~~~~~~~~
[build] C:\Users\pperv\code\unnamed_rpg\vendor\json\include\nlohmann/detail/output/serializer.hpp(699,34): warning: unsafe buffer access [-Wunsafe-buffer-usage]
[build]   699 |         string_buffer[pos + 2] = nibble_to_hex[(codeunit >> 12u) & 0x0Fu];
[build]       |                                  ^~~~~~~~~~~~~
[build] C:\Users\pperv\code\unnamed_rpg\vendor\json\include\nlohmann/detail/output/serializer.hpp(700,34): warning: unsafe buffer access [-Wunsafe-buffer-usage]
[build]   700 |         string_buffer[pos + 3] = nibble_to_hex[(codeunit >> 8u) & 0x0Fu];
[build]       |                                  ^~~~~~~~~~~~~
[build] C:\Users\pperv\code\unnamed_rpg\vendor\json\include\nlohmann/detail/output/serializer.hpp(701,34): warning: unsafe buffer access [-Wunsafe-buffer-usage]
[build]   701 |         string_buffer[pos + 4] = nibble_to_hex[(codeunit >> 4u) & 0x0Fu];
[build]       |                                  ^~~~~~~~~~~~~
[build] C:\Users\pperv\code\unnamed_rpg\vendor\json\include\nlohmann/detail/output/serializer.hpp(702,34): warning: unsafe buffer access [-Wunsafe-buffer-usage]
[build]   702 |         string_buffer[pos + 5] = nibble_to_hex[codeunit & 0x0Fu];
[build]       |                                  ^~~~~~~~~~~~~
[build] C:\Users\pperv\code\unnamed_rpg\vendor\json\include\nlohmann/detail/output/serializer.hpp(843,57): warning: unsafe pointer arithmetic [-Wunsafe-buffer-usage]
[build]   843 |         auto* end = ::nlohmann::detail::to_chars(begin, begin + number_buffer.size(), x);
[build]       |                                                         ^~~~~
[build] In file included from C:\Users\pperv\code\unnamed_rpg\vendor\json-schema-validator\src\json-validator.cpp:9:
[build] In file included from C:\Users\pperv\code\unnamed_rpg\vendor\json-schema-validator\src\nlohmann/json-schema.hpp:24:
[build] C:\Users\pperv\code\unnamed_rpg\vendor\json\include\nlohmann/json.hpp(5294,37): warning: unsafe pointer arithmetic [-Wunsafe-buffer-usage]
[build]  5294 |     return nlohmann::json::parse(s, s + n);
[build]       |                                     ^
[build] In file included from C:\Users\pperv\code\unnamed_rpg\vendor\json-schema-validator\src\json-validator.cpp:9:
[build] In file included from C:\Users\pperv\code\unnamed_rpg\vendor\json-schema-validator\src\nlohmann/json-schema.hpp:24:
[build] In file included from C:\Users\pperv\code\unnamed_rpg\vendor\json\include\nlohmann/json.hpp:68:
[build] C:\Users\pperv\code\unnamed_rpg\vendor\json\include\nlohmann/detail/output/binary_writer.hpp(1927,32): warning: padding class 'nlohmann::detail::binary_writer<nlohmann::basic_json<>, char>' with 7 bytes to align 'oa' [-Wpadded]
[build]  1927 |     output_adapter_t<CharType> oa = nullptr;
[build]       |                                ^
[build] 3462 warnings generated.
[build] [19/19 100% :: 29.901] Linking CXX shared library bin\nlohmann_json_schema_validator.dll
[driver] Build completed: 00:00:30.295
[build] Build finished with exit code 0
[main] Configuring project: unnamed_rpg 
[proc] Executing command: "C:\Program Files\CMake\bin\cmake.EXE" -DCMAKE_BUILD_TYPE:STRING=Debug -DCMAKE_EXPORT_COMPILE_COMMANDS:BOOL=TRUE "-DCMAKE_C_COMPILER:FILEPATH=C:\Program Files\Microsoft Visual Studio\18\Community\VC\Tools\Llvm\x64\bin\clang-cl.exe" "-DCMAKE_CXX_COMPILER:FILEPATH=C:\Program Files\Microsoft Visual Studio\18\Community\VC\Tools\Llvm\x64\bin\clang-cl.exe" --no-warn-unused-cli -S C:/Users/pperv/code/unnamed_rpg -B c:/Users/pperv/code/unnamed_rpg/build -G Ninja
[cmake] Not searching for unused variables given on the command line.
[cmake] -- Warning: ccache not found - consider installing it for faster compilation or disable this warning with GGML_CCACHE=OFF
[cmake] -- CMAKE_SYSTEM_PROCESSOR: AMD64
[cmake] -- CMAKE_GENERATOR_PLATFORM: 
[cmake] -- GGML_SYSTEM_ARCH: x86
[cmake] -- Including CPU backend
[cmake] -- x86 detected
[cmake] -- Adding CPU backend variant ggml-cpu: /arch:AVX512 GGML_AVX512
[cmake] -- CUDA Toolkit found
[cmake] -- Using CMAKE_CUDA_ARCHITECTURES=86-real CMAKE_CUDA_ARCHITECTURES_NATIVE=86-real
[cmake] -- Could NOT find NCCL (missing: NCCL_LIBRARY NCCL_INCLUDE_DIR) 
[cmake] -- Warning: NCCL not found, performance for multiple CUDA GPUs will be suboptimal
[cmake] -- Including CUDA backend
[cmake] -- ggml version: 0.22.0
[cmake] -- ggml commit:  d4716378
[cmake] -- Using the multi-header code from C:/Users/pperv/code/unnamed_rpg/vendor/json/include/
[cmake] -- JsonValidator: Configured for Debug
[cmake] -- JsonValidator: nlohmann_json_VERSION is not set. Possible value: v3.12.0
[cmake] -- llama.cpp version: 0.3.0-dev
[cmake] CMAKE_BUILD_TYPE=Debug
[cmake] -- Could NOT find OpenSSL, try to set the path to OpenSSL root folder in the system variable OPENSSL_ROOT_DIR (missing: OPENSSL_CRYPTO_LIBRARY) (found version "4.0.2")
[cmake] CMake Warning at vendor/llama.cpp/vendor/cpp-httplib/CMakeLists.txt:154 (message):
[cmake]   OpenSSL not found, HTTPS support disabled
[cmake] 
[cmake] 
[cmake] -- Using c++ standard c++11
[cmake] -- CMake version: 3.24.0-rc3
[cmake] -- Project version: 3.3.3
[cmake] -- CMAKE_CXX_COMPILER 'C:/Program Files/Microsoft Visual Studio/18/Community/VC/Tools/Llvm/x64/bin/clang-cl.exe' 'Clang' '22.1.3'
[cmake] -- CMAKE_CXX_FLAGS                '/DWIN32 /D_WINDOWS /EHsc'
[cmake] -- CMAKE_CXX_FLAGS_DEBUG          '/Zi /Ob0 /Od /RTC1'
[cmake] -- CMAKE_CXX_FLAGS_RELEASE        '/O2 /Ob2 /DNDEBUG'
[cmake] -- CMAKE_CXX_FLAGS_RELWITHDEBINFO '/Zi /O2 /Ob1 /DNDEBUG'
[cmake] -- CMAKE_CXX_FLAGS_MINSIZEREL     '/O1 /Ob1 /DNDEBUG'
[cmake] -- Build shared libraries (DLLs).
[cmake] -- Compile sqlite3 from source in subdirectory
[cmake] -- Could NOT find cppcheck
[cmake] -- SQLITECPP_RUN_DOXYGEN OFF
[cmake] -- SQLITECPP_BUILD_EXAMPLES OFF
[cmake] -- SQLITECPP_BUILD_TESTS OFF
[cmake] -- Looking for sqrt in m
[cmake] -- Looking for sqrt in m - not found
[cmake] -- Configuring done
[cmake] -- Generating done
[cmake] -- Build files have been written to: C:/Users/pperv/code/unnamed_rpg/build
[main] Configuring project: unnamed_rpg 
[driver] Removing c:/Users/pperv/code/unnamed_rpg/build/CMakeCache.txt
[driver] Removing c:%5CUsers%5Cpperv%5Ccode%5Cunnamed_rpg%5Cbuild%5CCMakeFiles
[proc] Executing command: "C:\Program Files\CMake\bin\cmake.EXE" -DCMAKE_BUILD_TYPE:STRING=Debug -DCMAKE_EXPORT_COMPILE_COMMANDS:BOOL=TRUE "-DCMAKE_C_COMPILER:FILEPATH=C:\Program Files\Microsoft Visual Studio\18\Community\VC\Tools\Llvm\x64\bin\clang-cl.exe" "-DCMAKE_CXX_COMPILER:FILEPATH=C:\Program Files\Microsoft Visual Studio\18\Community\VC\Tools\Llvm\x64\bin\clang-cl.exe" --no-warn-unused-cli -S C:/Users/pperv/code/unnamed_rpg -B c:/Users/pperv/code/unnamed_rpg/build -G Ninja
[cmake] Not searching for unused variables given on the command line.
[cmake] -- Found assembler: C:/Program Files/Microsoft Visual Studio/18/Community/VC/Tools/Llvm/x64/bin/clang-cl.exe
[cmake] -- Performing Test CMAKE_HAVE_LIBC_PTHREAD
[cmake] -- Performing Test CMAKE_HAVE_LIBC_PTHREAD - Failed
[cmake] -- Check if compiler accepts -pthread
[cmake] -- Check if compiler accepts -pthread - no
[cmake] -- Looking for pthread_create in pthreads
[cmake] -- Looking for pthread_create in pthreads - not found
[cmake] -- Looking for pthread_create in pthread
[cmake] -- Looking for pthread_create in pthread - not found
[cmake] -- Found Threads: TRUE  
[cmake] -- Warning: ccache not found - consider installing it for faster compilation or disable this warning with GGML_CCACHE=OFF
[cmake] -- CMAKE_SYSTEM_PROCESSOR: AMD64
[cmake] -- CMAKE_GENERATOR_PLATFORM: 
[cmake] -- GGML_SYSTEM_ARCH: x86
[cmake] -- Found OpenMP_C: -Xclang -fopenmp  
[cmake] -- Found OpenMP_CXX: -Xclang -fopenmp  
[cmake] -- Found OpenMP: TRUE   
[cmake] -- Including CPU backend
[cmake] -- x86 detected
[cmake] -- Performing Test HAS_AVX_1
[cmake] -- Performing Test HAS_AVX_1 - Failed
[cmake] -- Performing Test HAS_AVX_2
[cmake] -- Performing Test HAS_AVX_2 - Success
[cmake] -- Performing Test HAS_AVX2_1
[cmake] -- Performing Test HAS_AVX2_1 - Failed
[cmake] -- Performing Test HAS_AVX2_2
[cmake] -- Performing Test HAS_AVX2_2 - Success
[cmake] -- Performing Test HAS_FMA_1
[cmake] -- Performing Test HAS_FMA_1 - Failed
[cmake] -- Performing Test HAS_FMA_2
[cmake] -- Performing Test HAS_FMA_2 - Success
[cmake] -- Performing Test HAS_AVX512_1
[cmake] -- Performing Test HAS_AVX512_1 - Failed
[cmake] -- Performing Test HAS_AVX512_2
[cmake] -- Performing Test HAS_AVX512_2 - Success
[cmake] -- Adding CPU backend variant ggml-cpu: /arch:AVX512 GGML_AVX512
[cmake] -- Found CUDAToolkit: C:/Program Files/NVIDIA GPU Computing Toolkit/CUDA/v13.3/include (found version "13.3.73") 
[cmake] -- CUDA Toolkit found
[cmake] -- Using CMAKE_CUDA_ARCHITECTURES=86-real CMAKE_CUDA_ARCHITECTURES_NATIVE=86-real
[cmake] -- Could NOT find NCCL (missing: NCCL_LIBRARY NCCL_INCLUDE_DIR) 
[cmake] -- Warning: NCCL not found, performance for multiple CUDA GPUs will be suboptimal
[cmake] -- Including CUDA backend
[cmake] -- ggml version: 0.22.0
[cmake] -- ggml commit:  d4716378
[cmake] -- Using the multi-header code from C:/Users/pperv/code/unnamed_rpg/vendor/json/include/
[cmake] -- JsonValidator: Configured for Debug
[cmake] -- JsonValidator: nlohmann_json_VERSION is not set. Possible value: v3.12.0
[cmake] -- llama.cpp version: 0.3.0-dev
[cmake] CMAKE_BUILD_TYPE=Debug
[cmake] -- Found Git: C:/Program Files/Git/cmd/git.exe (found version "2.37.1.windows.1") 
[cmake] -- Could NOT find OpenSSL, try to set the path to OpenSSL root folder in the system variable OPENSSL_ROOT_DIR (missing: OPENSSL_CRYPTO_LIBRARY) (found version "4.0.2")
[cmake] CMake Warning at vendor/llama.cpp/vendor/cpp-httplib/CMakeLists.txt:154 (message):
[cmake]   OpenSSL not found, HTTPS support disabled
[cmake] 
[cmake] 
[cmake] -- Using c++ standard c++11
[cmake] -- CMake version: 3.24.0-rc3
[cmake] -- Project version: 3.3.3
[cmake] -- CMAKE_CXX_COMPILER 'C:/Program Files/Microsoft Visual Studio/18/Community/VC/Tools/Llvm/x64/bin/clang-cl.exe' 'Clang' '22.1.3'
[cmake] -- CMAKE_CXX_FLAGS                '/DWIN32 /D_WINDOWS /EHsc'
[cmake] -- CMAKE_CXX_FLAGS_DEBUG          '/Zi /Ob0 /Od /RTC1'
[cmake] -- CMAKE_CXX_FLAGS_RELEASE        '/O2 /Ob2 /DNDEBUG'
[cmake] -- CMAKE_CXX_FLAGS_RELWITHDEBINFO '/Zi /O2 /Ob1 /DNDEBUG'
[cmake] -- CMAKE_CXX_FLAGS_MINSIZEREL     '/O1 /Ob1 /DNDEBUG'
[cmake] -- Build shared libraries (DLLs).
[cmake] -- Compile sqlite3 from source in subdirectory
[cmake] -- Found Python: C:/Users/pperv/AppData/Local/Programs/Python/Python310/python.exe (found version "3.10.6") found components: Interpreter 
[cmake] -- Could NOT find cppcheck
[cmake] -- SQLITECPP_RUN_DOXYGEN OFF
[cmake] -- SQLITECPP_BUILD_EXAMPLES OFF
[cmake] -- SQLITECPP_BUILD_TESTS OFF
[cmake] -- Looking for sqrt in m
[cmake] -- Looking for sqrt in m - not found
[cmake] -- Configuring done
[cmake] -- Generating done
[cmake] -- Build files have been written to: C:/Users/pperv/code/unnamed_rpg/build
[main] Building folder: c:/Users/pperv/code/unnamed_rpg/build 
[build] Starting build
[proc] Executing command: "C:\Program Files\CMake\bin\cmake.EXE" --build c:/Users/pperv/code/unnamed_rpg/build --config Debug --target all --
[build] [1/2  50% :: 0.284] Building C object vendor\CMakeFiles\sqlite_vec.dir\sqlite-vec\sqlite-vec.c.obj
[build] FAILED: vendor/CMakeFiles/sqlite_vec.dir/sqlite-vec/sqlite-vec.c.obj 
[build] C:\PROGRA~1\MICROS~2\18\COMMUN~1\VC\Tools\Llvm\x64\bin\clang-cl.exe  /nologo -DSQLITE_CORE -DSQLITE_ENABLE_COLUMN_METADATA -DSQLITE_VEC_ENABLE_AVX -DSQLITE_VEC_STATIC -IC:\Users\pperv\code\unnamed_rpg\build\vendor\sqlite-vec -IC:\Users\pperv\code\unnamed_rpg\vendor\sqlite-vec -IC:\Users\pperv\code\unnamed_rpg\vendor\SQLiteCpp\sqlite3 /DWIN32 /D_WINDOWS /Zi /Ob0 /Od /RTC1 -MDd /arch:AVX2 /showIncludes /Fovendor\CMakeFiles\sqlite_vec.dir\sqlite-vec\sqlite-vec.c.obj /Fdvendor\CMakeFiles\sqlite_vec.dir\sqlite_vec.pdb -c -- C:\Users\pperv\code\unnamed_rpg\vendor\sqlite-vec\sqlite-vec.c
[build] C:\Users\pperv\code\unnamed_rpg\vendor\sqlite-vec\sqlite-vec.c(70,9): warning: 'min' macro redefined [-Wmacro-redefined]
[build]    70 | #define min(a, b) (((a) <= (b)) ? (a) : (b))
[build]       |         ^
[build] C:\Program Files (x86)\Windows Kits\10\include\10.0.26100.0\ucrt\stdlib.h(1283,17): note: previous definition is here
[build]  1283 |         #define min(a,b) (((a) < (b)) ? (a) : (b))
[build]       |                 ^
[build] C:\Users\pperv\code\unnamed_rpg\vendor\sqlite-vec\sqlite-vec.c(5465,31): error: use of undeclared identifier '$'
[build]  5465 |     sqlite3_bind_int(stmt, 4, SQLITE_VEC_VERSION_MAJOR);
[build]       |                               ^~~~~~~~~~~~~~~~~~~~~~~~
[build] C:\Users\pperv\code\unnamed_rpg\build\vendor\sqlite-vec\sqlite-vec.h(26,34): note: expanded from macro 'SQLITE_VEC_VERSION_MAJOR'
[build]    26 | #define SQLITE_VEC_VERSION_MAJOR ${VERSION_MAJOR}
[build]       |                                  ^
[build] C:\Users\pperv\code\unnamed_rpg\vendor\sqlite-vec\sqlite-vec.c(5467,31): error: use of undeclared identifier '$'
[build]  5467 |     sqlite3_bind_int(stmt, 6, SQLITE_VEC_VERSION_MINOR);
[build]       |                               ^~~~~~~~~~~~~~~~~~~~~~~~
[build] C:\Users\pperv\code\unnamed_rpg\build\vendor\sqlite-vec\sqlite-vec.h(27,34): note: expanded from macro 'SQLITE_VEC_VERSION_MINOR'
[build]    27 | #define SQLITE_VEC_VERSION_MINOR ${VERSION_MINOR}
[build]       |                                  ^
[build] C:\Users\pperv\code\unnamed_rpg\vendor\sqlite-vec\sqlite-vec.c(5469,31): error: use of undeclared identifier '$'
[build]  5469 |     sqlite3_bind_int(stmt, 8, SQLITE_VEC_VERSION_PATCH);
[build]       |                               ^~~~~~~~~~~~~~~~~~~~~~~~
[build] C:\Users\pperv\code\unnamed_rpg\build\vendor\sqlite-vec\sqlite-vec.h(28,34): note: expanded from macro 'SQLITE_VEC_VERSION_PATCH'
[build]    28 | #define SQLITE_VEC_VERSION_PATCH ${VERSION_PATCH}
[build]       |                                  ^
[build] 1 warning and 3 errors generated.
[build] ninja: build stopped: subcommand failed.
[proc] The command: "C:\Program Files\CMake\bin\cmake.EXE" --build c:/Users/pperv/code/unnamed_rpg/build --config Debug --target all -- exited with code: 1
[driver] Build completed: 00:00:00.331
[build] Build finished with exit code 1
